c198-061:3616:3674 [0] NCCL INFO MSCCL: Parsing algorithm /home1/09168/ldai1/ccl-build/msccl_tools_lyd/examples/xml/xml_lyd/binary_tree/allreduce_binary_tree_2ch_2tree_1chunk_16node_64gpu.xml
c198-051:12969:13024 [0] NCCL INFO Connected all trees
c198-051:12969:13024 [0] NCCL INFO MSCCL_XML_FILES set by environment to /home1/09168/ldai1/ccl-build/msccl_tools_lyd/examples/xml/xml_lyd/binary_tree/allreduce_binary_tree_2ch_2tree_1chunk_16node_64gpu.xml
c198-051:12969:13024 [0] NCCL INFO MSCCL: Parsing algorithm /home1/09168/ldai1/ccl-build/msccl_tools_lyd/examples/xml/xml_lyd/binary_tree/allreduce_binary_tree_2ch_2tree_1chunk_16node_64gpu.xml
c198-042:2297:2354 [0] NCCL INFO Parsed MSCCL Algorithm /home1/09168/ldai1/ccl-build/msccl_tools_lyd/examples/xml/xml_lyd/binary_tree/allreduce_binary_tree_2ch_2tree_1chunk_16node_64gpu.xml successfully.
c198-061:3617:3675 [1] NCCL INFO Connected all trees
c198-061:3617:3675 [1] NCCL INFO MSCCL_XML_FILES set by environment to /home1/09168/ldai1/ccl-build/msccl_tools_lyd/examples/xml/xml_lyd/binary_tree/allreduce_binary_tree_2ch_2tree_1chunk_16node_64gpu.xml
c198-061:3617:3675 [1] NCCL INFO MSCCL: Parsing algorithm /home1/09168/ldai1/ccl-build/msccl_tools_lyd/examples/xml/xml_lyd/binary_tree/allreduce_binary_tree_2ch_2tree_1chunk_16node_64gpu.xml
c198-042:2297:2354 [0] NCCL INFO Channel 02 : 28[2000] -> 29[3000] via direct shared memory
c198-042:2298:2356 [1] NCCL INFO Parsed MSCCL Algorithm /home1/09168/ldai1/ccl-build/msccl_tools_lyd/examples/xml/xml_lyd/binary_tree/allreduce_binary_tree_2ch_2tree_1chunk_16node_64gpu.xml successfully.
c198-042:2297:2354 [0] NCCL INFO Channel 03 : 28[2000] -> 29[3000] via direct shared memory
c198-052:11086:11139 [1] NCCL INFO Channel 00 : 37[3000] -> 36[2000] via direct shared memory
c198-052:11086:11139 [1] NCCL INFO Channel 01 : 37[3000] -> 36[2000] via direct shared memory
c198-051:12970:13028 [1] NCCL INFO Connected all trees
c198-051:12970:13028 [1] NCCL INFO MSCCL_XML_FILES set by environment to /home1/09168/ldai1/ccl-build/msccl_tools_lyd/examples/xml/xml_lyd/binary_tree/allreduce_binary_tree_2ch_2tree_1chunk_16node_64gpu.xml
c198-051:12970:13028 [1] NCCL INFO MSCCL: Parsing algorithm /home1/09168/ldai1/ccl-build/msccl_tools_lyd/examples/xml/xml_lyd/binary_tree/allreduce_binary_tree_2ch_2tree_1chunk_16node_64gpu.xml
c198-052:11085:11140 [0] NCCL INFO Connected all trees
c198-052:11085:11140 [0] NCCL INFO MSCCL_XML_FILES set by environment to /home1/09168/ldai1/ccl-build/msccl_tools_lyd/examples/xml/xml_lyd/binary_tree/allreduce_binary_tree_2ch_2tree_1chunk_16node_64gpu.xml
c198-052:11085:11140 [0] NCCL INFO MSCCL: Parsing algorithm /home1/09168/ldai1/ccl-build/msccl_tools_lyd/examples/xml/xml_lyd/binary_tree/allreduce_binary_tree_2ch_2tree_1chunk_16node_64gpu.xml
c198-061:3616:3674 [0] NCCL INFO Parsed MSCCL Algorithm /home1/09168/ldai1/ccl-build/msccl_tools_lyd/examples/xml/xml_lyd/binary_tree/allreduce_binary_tree_2ch_2tree_1chunk_16node_64gpu.xml successfully.
c198-052:11086:11139 [1] NCCL INFO Connected all trees
c198-052:11086:11139 [1] NCCL INFO MSCCL_XML_FILES set by environment to /home1/09168/ldai1/ccl-build/msccl_tools_lyd/examples/xml/xml_lyd/binary_tree/allreduce_binary_tree_2ch_2tree_1chunk_16node_64gpu.xml
c198-052:11086:11139 [1] NCCL INFO MSCCL: Parsing algorithm /home1/09168/ldai1/ccl-build/msccl_tools_lyd/examples/xml/xml_lyd/binary_tree/allreduce_binary_tree_2ch_2tree_1chunk_16node_64gpu.xml
c198-052:11087:11144 [2] NCCL INFO Connected all trees
c198-052:11087:11144 [2] NCCL INFO MSCCL_XML_FILES set by environment to /home1/09168/ldai1/ccl-build/msccl_tools_lyd/examples/xml/xml_lyd/binary_tree/allreduce_binary_tree_2ch_2tree_1chunk_16node_64gpu.xml
c198-052:11087:11144 [2] NCCL INFO MSCCL: Parsing algorithm /home1/09168/ldai1/ccl-build/msccl_tools_lyd/examples/xml/xml_lyd/binary_tree/allreduce_binary_tree_2ch_2tree_1chunk_16node_64gpu.xml
c198-051:12969:13024 [0] NCCL INFO Parsed MSCCL Algorithm /home1/09168/ldai1/ccl-build/msccl_tools_lyd/examples/xml/xml_lyd/binary_tree/allreduce_binary_tree_2ch_2tree_1chunk_16node_64gpu.xml successfully.
c198-061:3616:3674 [0] NCCL INFO Channel 02 : 40[2000] -> 41[3000] via direct shared memory
c198-061:3616:3674 [0] NCCL INFO Channel 03 : 40[2000] -> 41[3000] via direct shared memory
c198-031:19055:19113 [1] NCCL INFO Channel 02 : 17[3000] -> 16[2000] via direct shared memory
c198-031:19055:19113 [1] NCCL INFO Channel 03 : 17[3000] -> 16[2000] via direct shared memory
c198-051:12969:13024 [0] NCCL INFO Channel 02 : 32[2000] -> 33[3000] via direct shared memory
c198-051:12969:13024 [0] NCCL INFO Channel 03 : 32[2000] -> 33[3000] via direct shared memory
c198-061:3617:3675 [1] NCCL INFO Parsed MSCCL Algorithm /home1/09168/ldai1/ccl-build/msccl_tools_lyd/examples/xml/xml_lyd/binary_tree/allreduce_binary_tree_2ch_2tree_1chunk_16node_64gpu.xml successfully.
c198-052:11085:11140 [0] NCCL INFO Parsed MSCCL Algorithm /home1/09168/ldai1/ccl-build/msccl_tools_lyd/examples/xml/xml_lyd/binary_tree/allreduce_binary_tree_2ch_2tree_1chunk_16node_64gpu.xml successfully.
c198-052:11085:11140 [0] NCCL INFO Channel 02 : 36[2000] -> 37[3000] via direct shared memory
c198-052:11085:11140 [0] NCCL INFO Channel 03 : 36[2000] -> 37[3000] via direct shared memory
c198-051:12970:13028 [1] NCCL INFO Parsed MSCCL Algorithm /home1/09168/ldai1/ccl-build/msccl_tools_lyd/examples/xml/xml_lyd/binary_tree/allreduce_binary_tree_2ch_2tree_1chunk_16node_64gpu.xml successfully.
c198-052:11086:11139 [1] NCCL INFO Parsed MSCCL Algorithm /home1/09168/ldai1/ccl-build/msccl_tools_lyd/examples/xml/xml_lyd/binary_tree/allreduce_binary_tree_2ch_2tree_1chunk_16node_64gpu.xml successfully.
c198-052:11087:11144 [2] NCCL INFO Parsed MSCCL Algorithm /home1/09168/ldai1/ccl-build/msccl_tools_lyd/examples/xml/xml_lyd/binary_tree/allreduce_binary_tree_2ch_2tree_1chunk_16node_64gpu.xml successfully.
c198-022:9115:9174 [0] NCCL INFO Channel 00/0 : 12[2000] -> 8[2000] [send] via NET/IB/0
c198-042:2298:2356 [1] NCCL INFO Channel 02 : 29[3000] -> 30[82000] via direct shared memory
c198-042:2298:2356 [1] NCCL INFO Channel 03 : 29[3000] -> 30[82000] via direct shared memory
c198-041:32426:32486 [0] NCCL INFO Channel 01/0 : 24[2000] -> 21[3000] [send] via NET/IB/0
c198-071:13771:13832 [0] NCCL INFO Channel 01/0 : 52[2000] -> 48[2000] [receive] via NET/IB/0
c198-012:6816:6869 [0] NCCL INFO Channel 00/0 : 9[3000] -> 4[2000] [receive] via NET/IB/0
c198-042:2297:2354 [0] NCCL INFO Channel 02/0 : 12[2000] -> 28[2000] [receive] via NET/IB/0
c198-042:2298:2356 [1] NCCL INFO Channel 02/0 : 29[3000] -> 44[2000] [send] via NET/IB/0
c199-071:27269:27322 [0] NCCL INFO Channel 00/0 : 60[2000] -> 56[2000] [receive] via NET/IB/0
c198-042:2299:2352 [2] NCCL INFO Channel 03/0 : 30[82000] -> 47[83000] [send] via NET/IB/0
c198-061:3617:3675 [1] NCCL INFO Channel 02 : 41[3000] -> 42[82000] via direct shared memory
c198-061:3619:3671 [3] NCCL INFO Channel 03/0 : 38[82000] -> 43[83000] [receive] via NET/IB/0
c198-061:3617:3675 [1] NCCL INFO Channel 03 : 41[3000] -> 42[82000] via direct shared memory
c198-062:22224:22276 [3] NCCL INFO Channel 03/0 : 39[83000] -> 47[83000] [receive] via NET/IB/0
c198-052:11086:11139 [1] NCCL INFO Channel 02 : 37[3000] -> 38[82000] via direct shared memory
c198-061:3616:3674 [0] NCCL INFO Channel 02/0 : 37[3000] -> 40[2000] [receive] via NET/IB/0
c198-052:11086:11139 [1] NCCL INFO Channel 03 : 37[3000] -> 38[82000] via direct shared memory
c198-051:12970:13028 [1] NCCL INFO Channel 02 : 33[3000] -> 34[82000] via direct shared memory
c198-051:12970:13028 [1] NCCL INFO Channel 03 : 33[3000] -> 34[82000] via direct shared memory
c198-052:11085:11140 [0] NCCL INFO Channel 02/0 : 32[2000] -> 36[2000] [receive] via NET/IB/0
c198-052:11087:11144 [2] NCCL INFO Channel 02 : 38[82000] -> 39[83000] via direct shared memory
c198-052:11087:11144 [2] NCCL INFO Channel 03 : 38[82000] -> 39[83000] via direct shared memory
c198-051:12969:13024 [0] NCCL INFO Channel 02/0 : 32[2000] -> 36[2000] [send] via NET/IB/0
c198-061:3618:3670 [2] NCCL INFO Channel 01/0 : 39[83000] -> 42[82000] [receive] via NET/IB/0
c198-052:11088:11143 [3] NCCL INFO Channel 01/0 : 39[83000] -> 42[82000] [send] via NET/IB/0
c198-052:11086:11139 [1] NCCL INFO Channel 02/0 : 37[3000] -> 40[2000] [send] via NET/IB/0
c198-051:12971:13022 [2] NCCL INFO Channel 01/0 : 19[83000] -> 34[82000] [receive] via NET/IB/0
c198-022:9115:9174 [0] NCCL INFO Connected all trees
c198-022:9115:9174 [0] NCCL INFO MSCCL_XML_FILES set by environment to /home1/09168/ldai1/ccl-build/msccl_tools_lyd/examples/xml/xml_lyd/binary_tree/allreduce_binary_tree_2ch_2tree_1chunk_16node_64gpu.xml
c198-022:9115:9174 [0] NCCL INFO MSCCL: Parsing algorithm /home1/09168/ldai1/ccl-build/msccl_tools_lyd/examples/xml/xml_lyd/binary_tree/allreduce_binary_tree_2ch_2tree_1chunk_16node_64gpu.xml
c198-052:11087:11144 [2] NCCL INFO Channel 03/0 : 38[82000] -> 43[83000] [send] via NET/IB/0
c198-022:9116:9171 [1] NCCL INFO Connected all trees
c198-022:9116:9171 [1] NCCL INFO MSCCL_XML_FILES set by environment to /home1/09168/ldai1/ccl-build/msccl_tools_lyd/examples/xml/xml_lyd/binary_tree/allreduce_binary_tree_2ch_2tree_1chunk_16node_64gpu.xml
c198-022:9116:9171 [1] NCCL INFO MSCCL: Parsing algorithm /home1/09168/ldai1/ccl-build/msccl_tools_lyd/examples/xml/xml_lyd/binary_tree/allreduce_binary_tree_2ch_2tree_1chunk_16node_64gpu.xml
c198-071:13771:13832 [0] NCCL INFO Connected all trees
c198-071:13771:13832 [0] NCCL INFO MSCCL_XML_FILES set by environment to /home1/09168/ldai1/ccl-build/msccl_tools_lyd/examples/xml/xml_lyd/binary_tree/allreduce_binary_tree_2ch_2tree_1chunk_16node_64gpu.xml
c198-071:13771:13832 [0] NCCL INFO MSCCL: Parsing algorithm /home1/09168/ldai1/ccl-build/msccl_tools_lyd/examples/xml/xml_lyd/binary_tree/allreduce_binary_tree_2ch_2tree_1chunk_16node_64gpu.xml
c198-032:12914:12972 [1] NCCL INFO Channel 00 : 21[3000] -> 20[2000] via direct shared memory
c198-032:12914:12972 [1] NCCL INFO Channel 01 : 21[3000] -> 20[2000] via direct shared memory
c198-032:12913:12970 [0] NCCL INFO Connected all trees
c198-032:12913:12970 [0] NCCL INFO MSCCL_XML_FILES set by environment to /home1/09168/ldai1/ccl-build/msccl_tools_lyd/examples/xml/xml_lyd/binary_tree/allreduce_binary_tree_2ch_2tree_1chunk_16node_64gpu.xml
c198-021:18689:18745 [1] NCCL INFO Channel 00 : 9[3000] -> 8[2000] via direct shared memory
c198-032:12913:12970 [0] NCCL INFO MSCCL: Parsing algorithm /home1/09168/ldai1/ccl-build/msccl_tools_lyd/examples/xml/xml_lyd/binary_tree/allreduce_binary_tree_2ch_2tree_1chunk_16node_64gpu.xml
c198-021:18689:18745 [1] NCCL INFO Channel 01 : 9[3000] -> 8[2000] via direct shared memory
c198-061:3617:3675 [1] NCCL INFO Channel 02 : 41[3000] -> 40[2000] via direct shared memory
c198-061:3617:3675 [1] NCCL INFO Channel 03 : 41[3000] -> 40[2000] via direct shared memory
c198-041:32426:32486 [0] NCCL INFO Connected all trees
c198-041:32426:32486 [0] NCCL INFO MSCCL_XML_FILES set by environment to /home1/09168/ldai1/ccl-build/msccl_tools_lyd/examples/xml/xml_lyd/binary_tree/allreduce_binary_tree_2ch_2tree_1chunk_16node_64gpu.xml
c198-041:32426:32486 [0] NCCL INFO MSCCL: Parsing algorithm /home1/09168/ldai1/ccl-build/msccl_tools_lyd/examples/xml/xml_lyd/binary_tree/allreduce_binary_tree_2ch_2tree_1chunk_16node_64gpu.xml
c198-022:9115:9174 [0] NCCL INFO Parsed MSCCL Algorithm /home1/09168/ldai1/ccl-build/msccl_tools_lyd/examples/xml/xml_lyd/binary_tree/allreduce_binary_tree_2ch_2tree_1chunk_16node_64gpu.xml successfully.
c198-071:13772:13831 [1] NCCL INFO Connected all trees
c198-071:13772:13831 [1] NCCL INFO MSCCL_XML_FILES set by environment to /home1/09168/ldai1/ccl-build/msccl_tools_lyd/examples/xml/xml_lyd/binary_tree/allreduce_binary_tree_2ch_2tree_1chunk_16node_64gpu.xml
c198-071:13772:13831 [1] NCCL INFO MSCCL: Parsing algorithm /home1/09168/ldai1/ccl-build/msccl_tools_lyd/examples/xml/xml_lyd/binary_tree/allreduce_binary_tree_2ch_2tree_1chunk_16node_64gpu.xml
c198-032:12914:12972 [1] NCCL INFO Connected all trees
c198-032:12914:12972 [1] NCCL INFO MSCCL_XML_FILES set by environment to /home1/09168/ldai1/ccl-build/msccl_tools_lyd/examples/xml/xml_lyd/binary_tree/allreduce_binary_tree_2ch_2tree_1chunk_16node_64gpu.xml
c198-032:12914:12972 [1] NCCL INFO MSCCL: Parsing algorithm /home1/09168/ldai1/ccl-build/msccl_tools_lyd/examples/xml/xml_lyd/binary_tree/allreduce_binary_tree_2ch_2tree_1chunk_16node_64gpu.xml
c198-032:12915:12968 [2] NCCL INFO Connected all trees
c198-032:12915:12968 [2] NCCL INFO MSCCL_XML_FILES set by environment to /home1/09168/ldai1/ccl-build/msccl_tools_lyd/examples/xml/xml_lyd/binary_tree/allreduce_binary_tree_2ch_2tree_1chunk_16node_64gpu.xml
c198-032:12915:12968 [2] NCCL INFO MSCCL: Parsing algorithm /home1/09168/ldai1/ccl-build/msccl_tools_lyd/examples/xml/xml_lyd/binary_tree/allreduce_binary_tree_2ch_2tree_1chunk_16node_64gpu.xml
c198-021:18690:18742 [2] NCCL INFO Connected all trees
c198-021:18690:18742 [2] NCCL INFO MSCCL_XML_FILES set by environment to /home1/09168/ldai1/ccl-build/msccl_tools_lyd/examples/xml/xml_lyd/binary_tree/allreduce_binary_tree_2ch_2tree_1chunk_16node_64gpu.xml
c198-021:18690:18742 [2] NCCL INFO MSCCL: Parsing algorithm /home1/09168/ldai1/ccl-build/msccl_tools_lyd/examples/xml/xml_lyd/binary_tree/allreduce_binary_tree_2ch_2tree_1chunk_16node_64gpu.xml
c199-072:5852:5907 [0] NCCL INFO Connected all trees
c199-072:5852:5907 [0] NCCL INFO MSCCL_XML_FILES set by environment to /home1/09168/ldai1/ccl-build/msccl_tools_lyd/examples/xml/xml_lyd/binary_tree/allreduce_binary_tree_2ch_2tree_1chunk_16node_64gpu.xml
c199-072:5852:5907 [0] NCCL INFO MSCCL: Parsing algorithm /home1/09168/ldai1/ccl-build/msccl_tools_lyd/examples/xml/xml_lyd/binary_tree/allreduce_binary_tree_2ch_2tree_1chunk_16node_64gpu.xml
c198-022:9115:9174 [0] NCCL INFO Channel 02 : 12[2000] -> 13[3000] via direct shared memory
c198-022:9115:9174 [0] NCCL INFO Channel 03 : 12[2000] -> 13[3000] via direct shared memory
c198-041:32427:32480 [1] NCCL INFO Connected all trees
c198-022:9116:9171 [1] NCCL INFO Parsed MSCCL Algorithm /home1/09168/ldai1/ccl-build/msccl_tools_lyd/examples/xml/xml_lyd/binary_tree/allreduce_binary_tree_2ch_2tree_1chunk_16node_64gpu.xml successfully.
c198-051:12970:13028 [1] NCCL INFO Channel 02 : 33[3000] -> 32[2000] via direct shared memory
c198-041:32427:32480 [1] NCCL INFO MSCCL_XML_FILES set by environment to /home1/09168/ldai1/ccl-build/msccl_tools_lyd/examples/xml/xml_lyd/binary_tree/allreduce_binary_tree_2ch_2tree_1chunk_16node_64gpu.xml
c198-041:32427:32480 [1] NCCL INFO MSCCL: Parsing algorithm /home1/09168/ldai1/ccl-build/msccl_tools_lyd/examples/xml/xml_lyd/binary_tree/allreduce_binary_tree_2ch_2tree_1chunk_16node_64gpu.xml
c198-051:12970:13028 [1] NCCL INFO Channel 03 : 33[3000] -> 32[2000] via direct shared memory
c199-072:5853:5913 [1] NCCL INFO Connected all trees
c199-072:5853:5913 [1] NCCL INFO MSCCL_XML_FILES set by environment to /home1/09168/ldai1/ccl-build/msccl_tools_lyd/examples/xml/xml_lyd/binary_tree/allreduce_binary_tree_2ch_2tree_1chunk_16node_64gpu.xml
c199-072:5853:5913 [1] NCCL INFO MSCCL: Parsing algorithm /home1/09168/ldai1/ccl-build/msccl_tools_lyd/examples/xml/xml_lyd/binary_tree/allreduce_binary_tree_2ch_2tree_1chunk_16node_64gpu.xml
c198-071:13771:13832 [0] NCCL INFO Parsed MSCCL Algorithm /home1/09168/ldai1/ccl-build/msccl_tools_lyd/examples/xml/xml_lyd/binary_tree/allreduce_binary_tree_2ch_2tree_1chunk_16node_64gpu.xml successfully.
c198-071:13771:13832 [0] NCCL INFO Channel 02 : 48[2000] -> 49[3000] via direct shared memory
c198-071:13771:13832 [0] NCCL INFO Channel 03 : 48[2000] -> 49[3000] via direct shared memory
c198-032:12913:12970 [0] NCCL INFO Parsed MSCCL Algorithm /home1/09168/ldai1/ccl-build/msccl_tools_lyd/examples/xml/xml_lyd/binary_tree/allreduce_binary_tree_2ch_2tree_1chunk_16node_64gpu.xml successfully.
c198-071:13772:13831 [1] NCCL INFO Parsed MSCCL Algorithm /home1/09168/ldai1/ccl-build/msccl_tools_lyd/examples/xml/xml_lyd/binary_tree/allreduce_binary_tree_2ch_2tree_1chunk_16node_64gpu.xml successfully.
c198-032:12914:12972 [1] NCCL INFO Parsed MSCCL Algorithm /home1/09168/ldai1/ccl-build/msccl_tools_lyd/examples/xml/xml_lyd/binary_tree/allreduce_binary_tree_2ch_2tree_1chunk_16node_64gpu.xml successfully.
c198-041:32426:32486 [0] NCCL INFO Parsed MSCCL Algorithm /home1/09168/ldai1/ccl-build/msccl_tools_lyd/examples/xml/xml_lyd/binary_tree/allreduce_binary_tree_2ch_2tree_1chunk_16node_64gpu.xml successfully.
c198-032:12913:12970 [0] NCCL INFO Channel 02 : 20[2000] -> 21[3000] via direct shared memory
c198-032:12913:12970 [0] NCCL INFO Channel 03 : 20[2000] -> 21[3000] via direct shared memory
c198-032:12915:12968 [2] NCCL INFO Parsed MSCCL Algorithm /home1/09168/ldai1/ccl-build/msccl_tools_lyd/examples/xml/xml_lyd/binary_tree/allreduce_binary_tree_2ch_2tree_1chunk_16node_64gpu.xml successfully.
c199-072:5852:5907 [0] NCCL INFO Parsed MSCCL Algorithm /home1/09168/ldai1/ccl-build/msccl_tools_lyd/examples/xml/xml_lyd/binary_tree/allreduce_binary_tree_2ch_2tree_1chunk_16node_64gpu.xml successfully.
c198-021:18690:18742 [2] NCCL INFO Parsed MSCCL Algorithm /home1/09168/ldai1/ccl-build/msccl_tools_lyd/examples/xml/xml_lyd/binary_tree/allreduce_binary_tree_2ch_2tree_1chunk_16node_64gpu.xml successfully.
c198-041:32426:32486 [0] NCCL INFO Channel 02 : 24[2000] -> 25[3000] via direct shared memory
c198-041:32426:32486 [0] NCCL INFO Channel 03 : 24[2000] -> 25[3000] via direct shared memory
c198-041:32427:32480 [1] NCCL INFO Parsed MSCCL Algorithm /home1/09168/ldai1/ccl-build/msccl_tools_lyd/examples/xml/xml_lyd/binary_tree/allreduce_binary_tree_2ch_2tree_1chunk_16node_64gpu.xml successfully.
c199-072:5852:5907 [0] NCCL INFO Channel 02 : 60[2000] -> 61[3000] via direct shared memory
c199-072:5852:5907 [0] NCCL INFO Channel 03 : 60[2000] -> 61[3000] via direct shared memory
c199-072:5853:5913 [1] NCCL INFO Parsed MSCCL Algorithm /home1/09168/ldai1/ccl-build/msccl_tools_lyd/examples/xml/xml_lyd/binary_tree/allreduce_binary_tree_2ch_2tree_1chunk_16node_64gpu.xml successfully.
c198-022:9116:9171 [1] NCCL INFO Channel 02 : 13[3000] -> 14[82000] via direct shared memory
c198-022:9116:9171 [1] NCCL INFO Channel 03 : 13[3000] -> 14[82000] via direct shared memory
c198-022:9115:9174 [0] NCCL INFO Channel 02/0 : 4[2000] -> 12[2000] [receive] via NET/IB/0
c198-022:9116:9171 [1] NCCL INFO Channel 02/0 : 13[3000] -> 20[2000] [send] via NET/IB/0
c198-012:6816:6869 [0] NCCL INFO Channel 01/0 : 4[2000] -> 0[2000] [send] via NET/IB/0
c198-032:12914:12972 [1] NCCL INFO Channel 02 : 21[3000] -> 22[82000] via direct shared memory
c198-032:12914:12972 [1] NCCL INFO Channel 03 : 21[3000] -> 22[82000] via direct shared memory
c198-032:12915:12968 [2] NCCL INFO Channel 02 : 22[82000] -> 23[83000] via direct shared memory
c198-032:12915:12968 [2] NCCL INFO Channel 03 : 22[82000] -> 23[83000] via direct shared memory
c198-021:18690:18742 [2] NCCL INFO Channel 02 : 10[82000] -> 11[83000] via direct shared memory
c198-071:13772:13831 [1] NCCL INFO Channel 02 : 49[3000] -> 50[82000] via direct shared memory
c198-021:18690:18742 [2] NCCL INFO Channel 03 : 10[82000] -> 11[83000] via direct shared memory
c198-071:13772:13831 [1] NCCL INFO Channel 03 : 49[3000] -> 50[82000] via direct shared memory
c198-032:12916:12967 [3] NCCL INFO Channel 01/0 : 23[83000] -> 26[82000] [send] via NET/IB/0
c198-021:18691:18744 [3] NCCL INFO Channel 01/0 : 11[83000] -> 15[83000] [send] via NET/IB/0
c198-021:18688:18747 [0] NCCL INFO Channel 01/0 : 8[2000] -> 5[3000] [send] via NET/IB/0
c198-022:9117:9172 [2] NCCL INFO Channel 03/0 : 14[82000] -> 23[83000] [send] via NET/IB/0
c198-032:12913:12970 [0] NCCL INFO Channel 02/0 : 16[2000] -> 20[2000] [receive] via NET/IB/0
c198-071:13771:13832 [0] NCCL INFO Channel 02/0 : 48[2000] -> 52[2000] [send] via NET/IB/0
c198-032:12914:12972 [1] NCCL INFO Channel 02/0 : 21[3000] -> 24[2000] [send] via NET/IB/0
c198-041:32427:32480 [1] NCCL INFO Channel 02 : 25[3000] -> 26[82000] via direct shared memory
c198-041:32427:32480 [1] NCCL INFO Channel 03 : 25[3000] -> 26[82000] via direct shared memory
c199-071:27269:27322 [0] NCCL INFO Channel 01/0 : 56[2000] -> 53[3000] [send] via NET/IB/0
c198-032:12915:12968 [2] NCCL INFO Channel 03/0 : 22[82000] -> 27[83000] [send] via NET/IB/0
c199-072:5853:5913 [1] NCCL INFO Channel 02 : 61[3000] -> 62[82000] via direct shared memory
c199-072:5853:5913 [1] NCCL INFO Channel 03 : 61[3000] -> 62[82000] via direct shared memory
c198-071:13773:13828 [2] NCCL INFO Channel 01/0 : 43[83000] -> 50[82000] [receive] via NET/IB/0
c198-041:32426:32486 [0] NCCL INFO Channel 02/0 : 21[3000] -> 24[2000] [receive] via NET/IB/0
c199-072:5852:5907 [0] NCCL INFO Channel 02/0 : 28[2000] -> 60[2000] [receive] via NET/IB/0
c198-051:12969:13024 [0] NCCL INFO Channel 02/0 : 36[2000] -> 32[2000] [receive] via NET/IB/0
c198-041:32428:32484 [2] NCCL INFO Channel 01/0 : 23[83000] -> 26[82000] [receive] via NET/IB/0
c198-052:11088:11143 [3] NCCL INFO Channel 03/0 : 35[83000] -> 39[83000] [receive] via NET/IB/0
c198-061:3618:3670 [2] NCCL INFO Channel 01/0 : 42[82000] -> 39[83000] [send] via NET/IB/0
c198-052:11085:11140 [0] NCCL INFO Channel 02/0 : 36[2000] -> 44[2000] [send] via NET/IB/0
c198-052:11086:11139 [1] NCCL INFO Channel 02/0 : 40[2000] -> 37[3000] [receive] via NET/IB/0
c198-061:3616:3674 [0] NCCL INFO Channel 02/0 : 40[2000] -> 37[3000] [send] via NET/IB/0
c198-052:11087:11144 [2] NCCL INFO Channel 03/0 : 43[83000] -> 38[82000] [receive] via NET/IB/0
c198-071:13772:13831 [1] NCCL INFO Channel 02 : 49[3000] -> 48[2000] via direct shared memory
c198-071:13772:13831 [1] NCCL INFO Channel 03 : 49[3000] -> 48[2000] via direct shared memory
c198-061:3619:3671 [3] NCCL INFO Channel 01/0 : 43[83000] -> 50[82000] [send] via NET/IB/0
c198-041:32427:32480 [1] NCCL INFO Channel 02 : 25[3000] -> 24[2000] via direct shared memory
c198-041:32427:32480 [1] NCCL INFO Channel 03 : 25[3000] -> 24[2000] via direct shared memory
c198-011:9537:9588 [0] NCCL INFO Connected all trees
c198-011:9537:9588 [0] NCCL INFO MSCCL_XML_FILES set by environment to /home1/09168/ldai1/ccl-build/msccl_tools_lyd/examples/xml/xml_lyd/binary_tree/allreduce_binary_tree_2ch_2tree_1chunk_16node_64gpu.xml
c198-011:9537:9588 [0] NCCL INFO MSCCL: Parsing algorithm /home1/09168/ldai1/ccl-build/msccl_tools_lyd/examples/xml/xml_lyd/binary_tree/allreduce_binary_tree_2ch_2tree_1chunk_16node_64gpu.xml
c198-021:18688:18747 [0] NCCL INFO Connected all trees
c198-021:18688:18747 [0] NCCL INFO MSCCL_XML_FILES set by environment to /home1/09168/ldai1/ccl-build/msccl_tools_lyd/examples/xml/xml_lyd/binary_tree/allreduce_binary_tree_2ch_2tree_1chunk_16node_64gpu.xml
c198-021:18688:18747 [0] NCCL INFO MSCCL: Parsing algorithm /home1/09168/ldai1/ccl-build/msccl_tools_lyd/examples/xml/xml_lyd/binary_tree/allreduce_binary_tree_2ch_2tree_1chunk_16node_64gpu.xml
c199-072:5853:5913 [1] NCCL INFO Channel 02 : 61[3000] -> 60[2000] via direct shared memory
c198-011:9538:9597 [1] NCCL INFO Connected all trees
c198-011:9538:9597 [1] NCCL INFO MSCCL_XML_FILES set by environment to /home1/09168/ldai1/ccl-build/msccl_tools_lyd/examples/xml/xml_lyd/binary_tree/allreduce_binary_tree_2ch_2tree_1chunk_16node_64gpu.xml
c198-011:9538:9597 [1] NCCL INFO MSCCL: Parsing algorithm /home1/09168/ldai1/ccl-build/msccl_tools_lyd/examples/xml/xml_lyd/binary_tree/allreduce_binary_tree_2ch_2tree_1chunk_16node_64gpu.xml
c198-021:18689:18745 [1] NCCL INFO Connected all trees
c198-021:18689:18745 [1] NCCL INFO MSCCL_XML_FILES set by environment to /home1/09168/ldai1/ccl-build/msccl_tools_lyd/examples/xml/xml_lyd/binary_tree/allreduce_binary_tree_2ch_2tree_1chunk_16node_64gpu.xml
c198-021:18689:18745 [1] NCCL INFO MSCCL: Parsing algorithm /home1/09168/ldai1/ccl-build/msccl_tools_lyd/examples/xml/xml_lyd/binary_tree/allreduce_binary_tree_2ch_2tree_1chunk_16node_64gpu.xml
c199-072:5853:5913 [1] NCCL INFO Channel 03 : 61[3000] -> 60[2000] via direct shared memory
c199-072:5854:5911 [2] NCCL INFO Channel 02 : 62[82000] -> 61[3000] via direct shared memory
c199-072:5854:5911 [2] NCCL INFO Channel 03 : 62[82000] -> 61[3000] via direct shared memory
c198-012:6817:6871 [1] NCCL INFO Channel 00 : 5[3000] -> 4[2000] via direct shared memory
c198-012:6817:6871 [1] NCCL INFO Channel 01 : 5[3000] -> 4[2000] via direct shared memory
c198-072:7390:7449 [1] NCCL INFO Channel 00 : 53[3000] -> 52[2000] via direct shared memory
c198-072:7390:7449 [1] NCCL INFO Channel 01 : 53[3000] -> 52[2000] via direct shared memory
c198-012:6816:6869 [0] NCCL INFO Connected all trees
c198-012:6816:6869 [0] NCCL INFO MSCCL_XML_FILES set by environment to /home1/09168/ldai1/ccl-build/msccl_tools_lyd/examples/xml/xml_lyd/binary_tree/allreduce_binary_tree_2ch_2tree_1chunk_16node_64gpu.xml
c198-012:6816:6869 [0] NCCL INFO MSCCL: Parsing algorithm /home1/09168/ldai1/ccl-build/msccl_tools_lyd/examples/xml/xml_lyd/binary_tree/allreduce_binary_tree_2ch_2tree_1chunk_16node_64gpu.xml
c198-072:7389:7450 [0] NCCL INFO Connected all trees
c198-072:7389:7450 [0] NCCL INFO MSCCL_XML_FILES set by environment to /home1/09168/ldai1/ccl-build/msccl_tools_lyd/examples/xml/xml_lyd/binary_tree/allreduce_binary_tree_2ch_2tree_1chunk_16node_64gpu.xml
c198-072:7389:7450 [0] NCCL INFO MSCCL: Parsing algorithm /home1/09168/ldai1/ccl-build/msccl_tools_lyd/examples/xml/xml_lyd/binary_tree/allreduce_binary_tree_2ch_2tree_1chunk_16node_64gpu.xml
c198-011:9537:9588 [0] NCCL INFO Parsed MSCCL Algorithm /home1/09168/ldai1/ccl-build/msccl_tools_lyd/examples/xml/xml_lyd/binary_tree/allreduce_binary_tree_2ch_2tree_1chunk_16node_64gpu.xml successfully.
c198-021:18688:18747 [0] NCCL INFO Parsed MSCCL Algorithm /home1/09168/ldai1/ccl-build/msccl_tools_lyd/examples/xml/xml_lyd/binary_tree/allreduce_binary_tree_2ch_2tree_1chunk_16node_64gpu.xml successfully.
c199-071:27269:27322 [0] NCCL INFO Connected all trees
c199-071:27269:27322 [0] NCCL INFO MSCCL_XML_FILES set by environment to /home1/09168/ldai1/ccl-build/msccl_tools_lyd/examples/xml/xml_lyd/binary_tree/allreduce_binary_tree_2ch_2tree_1chunk_16node_64gpu.xml
c199-071:27269:27322 [0] NCCL INFO MSCCL: Parsing algorithm /home1/09168/ldai1/ccl-build/msccl_tools_lyd/examples/xml/xml_lyd/binary_tree/allreduce_binary_tree_2ch_2tree_1chunk_16node_64gpu.xml
c198-072:7390:7449 [1] NCCL INFO Connected all trees
c198-072:7390:7449 [1] NCCL INFO MSCCL_XML_FILES set by environment to /home1/09168/ldai1/ccl-build/msccl_tools_lyd/examples/xml/xml_lyd/binary_tree/allreduce_binary_tree_2ch_2tree_1chunk_16node_64gpu.xml
c198-012:6817:6871 [1] NCCL INFO Connected all trees
c198-012:6817:6871 [1] NCCL INFO MSCCL_XML_FILES set by environment to /home1/09168/ldai1/ccl-build/msccl_tools_lyd/examples/xml/xml_lyd/binary_tree/allreduce_binary_tree_2ch_2tree_1chunk_16node_64gpu.xml
c198-012:6817:6871 [1] NCCL INFO MSCCL: Parsing algorithm /home1/09168/ldai1/ccl-build/msccl_tools_lyd/examples/xml/xml_lyd/binary_tree/allreduce_binary_tree_2ch_2tree_1chunk_16node_64gpu.xml
c198-072:7390:7449 [1] NCCL INFO MSCCL: Parsing algorithm /home1/09168/ldai1/ccl-build/msccl_tools_lyd/examples/xml/xml_lyd/binary_tree/allreduce_binary_tree_2ch_2tree_1chunk_16node_64gpu.xml
c198-012:6818:6873 [2] NCCL INFO Connected all trees
c198-012:6818:6873 [2] NCCL INFO MSCCL_XML_FILES set by environment to /home1/09168/ldai1/ccl-build/msccl_tools_lyd/examples/xml/xml_lyd/binary_tree/allreduce_binary_tree_2ch_2tree_1chunk_16node_64gpu.xml
c198-012:6818:6873 [2] NCCL INFO MSCCL: Parsing algorithm /home1/09168/ldai1/ccl-build/msccl_tools_lyd/examples/xml/xml_lyd/binary_tree/allreduce_binary_tree_2ch_2tree_1chunk_16node_64gpu.xml
c198-072:7391:7444 [2] NCCL INFO Connected all trees
c198-072:7391:7444 [2] NCCL INFO MSCCL_XML_FILES set by environment to /home1/09168/ldai1/ccl-build/msccl_tools_lyd/examples/xml/xml_lyd/binary_tree/allreduce_binary_tree_2ch_2tree_1chunk_16node_64gpu.xml
c198-072:7391:7444 [2] NCCL INFO MSCCL: Parsing algorithm /home1/09168/ldai1/ccl-build/msccl_tools_lyd/examples/xml/xml_lyd/binary_tree/allreduce_binary_tree_2ch_2tree_1chunk_16node_64gpu.xml
c198-021:18688:18747 [0] NCCL INFO Channel 02 : 8[2000] -> 9[3000] via direct shared memory
c198-011:9537:9588 [0] NCCL INFO Channel 02 : 0[2000] -> 1[3000] via direct shared memory
c198-021:18688:18747 [0] NCCL INFO Channel 03 : 8[2000] -> 9[3000] via direct shared memory
c198-011:9537:9588 [0] NCCL INFO Channel 03 : 0[2000] -> 1[3000] via direct shared memory
c199-071:27270:27324 [1] NCCL INFO Connected all trees
c199-071:27270:27324 [1] NCCL INFO MSCCL_XML_FILES set by environment to /home1/09168/ldai1/ccl-build/msccl_tools_lyd/examples/xml/xml_lyd/binary_tree/allreduce_binary_tree_2ch_2tree_1chunk_16node_64gpu.xml
c199-071:27270:27324 [1] NCCL INFO MSCCL: Parsing algorithm /home1/09168/ldai1/ccl-build/msccl_tools_lyd/examples/xml/xml_lyd/binary_tree/allreduce_binary_tree_2ch_2tree_1chunk_16node_64gpu.xml
c198-011:9538:9597 [1] NCCL INFO Parsed MSCCL Algorithm /home1/09168/ldai1/ccl-build/msccl_tools_lyd/examples/xml/xml_lyd/binary_tree/allreduce_binary_tree_2ch_2tree_1chunk_16node_64gpu.xml successfully.
c198-021:18689:18745 [1] NCCL INFO Parsed MSCCL Algorithm /home1/09168/ldai1/ccl-build/msccl_tools_lyd/examples/xml/xml_lyd/binary_tree/allreduce_binary_tree_2ch_2tree_1chunk_16node_64gpu.xml successfully.
c198-012:6816:6869 [0] NCCL INFO Parsed MSCCL Algorithm /home1/09168/ldai1/ccl-build/msccl_tools_lyd/examples/xml/xml_lyd/binary_tree/allreduce_binary_tree_2ch_2tree_1chunk_16node_64gpu.xml successfully.
c198-072:7389:7450 [0] NCCL INFO Parsed MSCCL Algorithm /home1/09168/ldai1/ccl-build/msccl_tools_lyd/examples/xml/xml_lyd/binary_tree/allreduce_binary_tree_2ch_2tree_1chunk_16node_64gpu.xml successfully.
c198-012:6816:6869 [0] NCCL INFO Channel 02 : 4[2000] -> 5[3000] via direct shared memory
c198-061:3616:3674 [0] NCCL INFO Connected 1 MSCCL algorithms
c198-061:3616:3674 [0] NCCL INFO NCCL_PROTO set by environment to Simple
c198-061:3616:3674 [0] NCCL INFO NCCL_ALGO set by environment to MSCCL,TREE,RING
c198-061:3616:3674 [0] NCCL INFO threadThresholds 8/8/64 | 512/8/64 | 8/8/64 | 8/8/512
c198-061:3616:3674 [0] NCCL INFO 4 coll channels, 2 p2p channels, 2 p2p channels per peer
c198-012:6816:6869 [0] NCCL INFO Channel 03 : 4[2000] -> 5[3000] via direct shared memory
c198-052:11086:11139 [1] NCCL INFO Channel 02 : 37[3000] -> 36[2000] via direct shared memory
c198-052:11086:11139 [1] NCCL INFO Channel 03 : 37[3000] -> 36[2000] via direct shared memory
c199-071:27269:27322 [0] NCCL INFO Parsed MSCCL Algorithm /home1/09168/ldai1/ccl-build/msccl_tools_lyd/examples/xml/xml_lyd/binary_tree/allreduce_binary_tree_2ch_2tree_1chunk_16node_64gpu.xml successfully.
c198-072:7390:7449 [1] NCCL INFO Parsed MSCCL Algorithm /home1/09168/ldai1/ccl-build/msccl_tools_lyd/examples/xml/xml_lyd/binary_tree/allreduce_binary_tree_2ch_2tree_1chunk_16node_64gpu.xml successfully.
c198-072:7389:7450 [0] NCCL INFO Channel 02 : 52[2000] -> 53[3000] via direct shared memory
c198-072:7389:7450 [0] NCCL INFO Channel 03 : 52[2000] -> 53[3000] via direct shared memory
c198-012:6818:6873 [2] NCCL INFO Parsed MSCCL Algorithm /home1/09168/ldai1/ccl-build/msccl_tools_lyd/examples/xml/xml_lyd/binary_tree/allreduce_binary_tree_2ch_2tree_1chunk_16node_64gpu.xml successfully.
c198-012:6817:6871 [1] NCCL INFO Parsed MSCCL Algorithm /home1/09168/ldai1/ccl-build/msccl_tools_lyd/examples/xml/xml_lyd/binary_tree/allreduce_binary_tree_2ch_2tree_1chunk_16node_64gpu.xml successfully.
c199-071:27269:27322 [0] NCCL INFO Channel 02 : 56[2000] -> 57[3000] via direct shared memory
c199-071:27269:27322 [0] NCCL INFO Channel 03 : 56[2000] -> 57[3000] via direct shared memory
c198-072:7391:7444 [2] NCCL INFO Parsed MSCCL Algorithm /home1/09168/ldai1/ccl-build/msccl_tools_lyd/examples/xml/xml_lyd/binary_tree/allreduce_binary_tree_2ch_2tree_1chunk_16node_64gpu.xml successfully.
c199-071:27270:27324 [1] NCCL INFO Parsed MSCCL Algorithm /home1/09168/ldai1/ccl-build/msccl_tools_lyd/examples/xml/xml_lyd/binary_tree/allreduce_binary_tree_2ch_2tree_1chunk_16node_64gpu.xml successfully.
c198-021:18691:18744 [3] NCCL INFO Channel 03/0 : 6[82000] -> 11[83000] [receive] via NET/IB/0
c198-022:9118:9176 [3] NCCL INFO Channel 03/0 : 7[83000] -> 15[83000] [receive] via NET/IB/0
c199-072:5852:5907 [0] NCCL INFO Channel 02/0 : 60[2000] -> 28[2000] [send] via NET/IB/0
c198-011:9538:9597 [1] NCCL INFO Channel 02 : 1[3000] -> 2[82000] via direct shared memory
c198-011:9538:9597 [1] NCCL INFO Channel 03 : 1[3000] -> 2[82000] via direct shared memory
c198-032:12913:12970 [0] NCCL INFO Channel 02/0 : 13[3000] -> 20[2000] [receive] via NET/IB/0
c198-021:18689:18745 [1] NCCL INFO Channel 02 : 9[3000] -> 10[82000] via direct shared memory
c198-021:18689:18745 [1] NCCL INFO Channel 03 : 9[3000] -> 10[82000] via direct shared memory
c198-031:19054:19111 [0] NCCL INFO Channel 02/0 : 20[2000] -> 16[2000] [receive] via NET/IB/0
c198-032:12914:12972 [1] NCCL INFO Channel 02/0 : 24[2000] -> 21[3000] [receive] via NET/IB/0
c198-032:12915:12968 [2] NCCL INFO Channel 03/0 : 27[83000] -> 22[82000] [receive] via NET/IB/0
c198-072:7390:7449 [1] NCCL INFO Channel 02 : 53[3000] -> 54[82000] via direct shared memory
c198-072:7390:7449 [1] NCCL INFO Channel 03 : 53[3000] -> 54[82000] via direct shared memory
c198-021:18688:18747 [0] NCCL INFO Channel 02/0 : 5[3000] -> 8[2000] [receive] via NET/IB/0
c198-041:32429:32483 [3] NCCL INFO Channel 01/0 : 19[83000] -> 27[83000] [receive] via NET/IB/0
c198-012:6818:6873 [2] NCCL INFO Channel 02 : 6[82000] -> 7[83000] via direct shared memory
c198-012:6818:6873 [2] NCCL INFO Channel 03 : 6[82000] -> 7[83000] via direct shared memory
c198-072:7391:7444 [2] NCCL INFO Channel 02 : 54[82000] -> 55[83000] via direct shared memory
c198-012:6817:6871 [1] NCCL INFO Channel 02 : 5[3000] -> 6[82000] via direct shared memory
c198-072:7391:7444 [2] NCCL INFO Channel 03 : 54[82000] -> 55[83000] via direct shared memory
c198-012:6817:6871 [1] NCCL INFO Channel 03 : 5[3000] -> 6[82000] via direct shared memory
c198-012:6819:6875 [3] NCCL INFO Channel 01/0 : 7[83000] -> 10[82000] [send] via NET/IB/0
c198-072:7392:7446 [3] NCCL INFO Channel 01/0 : 55[83000] -> 58[82000] [send] via NET/IB/0
c198-072:7389:7450 [0] NCCL INFO Channel 02/0 : 48[2000] -> 52[2000] [receive] via NET/IB/0
c198-032:12916:12967 [3] NCCL INFO Channel 03/0 : 19[83000] -> 23[83000] [receive] via NET/IB/0
c198-051:12972:13026 [3] NCCL INFO Channel 01/0 : 35[83000] -> 51[83000] [send] via NET/IB/0
c199-071:27270:27324 [1] NCCL INFO Channel 02 : 57[3000] -> 58[82000] via direct shared memory
c199-071:27270:27324 [1] NCCL INFO Channel 03 : 57[3000] -> 58[82000] via direct shared memory
c198-021:18690:18742 [2] NCCL INFO Channel 01/0 : 7[83000] -> 10[82000] [receive] via NET/IB/0
c198-041:32428:32484 [2] NCCL INFO Channel 01/0 : 26[82000] -> 23[83000] [send] via NET/IB/0
c198-041:32426:32486 [0] NCCL INFO Channel 02/0 : 24[2000] -> 21[3000] [send] via NET/IB/0
c198-052:11088:11143 [3] NCCL INFO Channel 03/0 : 39[83000] -> 47[83000] [send] via NET/IB/0
c198-052:11085:11140 [0] NCCL INFO Channel 02/0 : 44[2000] -> 36[2000] [receive] via NET/IB/0
c198-072:7390:7449 [1] NCCL INFO Channel 02/0 : 53[3000] -> 56[2000] [send] via NET/IB/0
c198-012:6816:6869 [0] NCCL INFO Channel 02/0 : 0[2000] -> 4[2000] [receive] via NET/IB/0
c198-012:6817:6871 [1] NCCL INFO Channel 02/0 : 5[3000] -> 8[2000] [send] via NET/IB/0
c199-071:27269:27322 [0] NCCL INFO Channel 02/0 : 53[3000] -> 56[2000] [receive] via NET/IB/0
c198-072:7391:7444 [2] NCCL INFO Channel 03/0 : 54[82000] -> 59[83000] [send] via NET/IB/0
c198-012:6818:6873 [2] NCCL INFO Channel 03/0 : 6[82000] -> 11[83000] [send] via NET/IB/0
c198-061:3619:3671 [3] NCCL INFO Channel 01/0 : 50[82000] -> 43[83000] [receive] via NET/IB/0
c198-062:22221:22278 [0] NCCL INFO Channel 02/0 : 29[3000] -> 44[2000] [receive] via NET/IB/0
c198-071:13773:13828 [2] NCCL INFO Channel 01/0 : 50[82000] -> 43[83000] [send] via NET/IB/0
c199-071:27271:27327 [2] NCCL INFO Channel 01/0 : 55[83000] -> 58[82000] [receive] via NET/IB/0
c198-011:9538:9597 [1] NCCL INFO Channel 02 : 1[3000] -> 0[2000] via direct shared memory
c198-011:9538:9597 [1] NCCL INFO Channel 03 : 1[3000] -> 0[2000] via direct shared memory
c198-011:9539:9593 [2] NCCL INFO Channel 02 : 2[82000] -> 1[3000] via direct shared memory
c198-021:18689:18745 [1] NCCL INFO Channel 02 : 9[3000] -> 8[2000] via direct shared memory
c198-011:9539:9593 [2] NCCL INFO Channel 03 : 2[82000] -> 1[3000] via direct shared memory
c198-021:18689:18745 [1] NCCL INFO Channel 03 : 9[3000] -> 8[2000] via direct shared memory
c199-071:27270:27324 [1] NCCL INFO Channel 02 : 57[3000] -> 56[2000] via direct shared memory
c199-071:27270:27324 [1] NCCL INFO Channel 03 : 57[3000] -> 56[2000] via direct shared memory
c198-041:32426:32486 [0] NCCL INFO Connected 1 MSCCL algorithms
c198-041:32426:32486 [0] NCCL INFO NCCL_PROTO set by environment to Simple
c198-041:32426:32486 [0] NCCL INFO NCCL_ALGO set by environment to MSCCL,TREE,RING
c198-041:32426:32486 [0] NCCL INFO threadThresholds 8/8/64 | 512/8/64 | 8/8/64 | 8/8/512
c198-041:32426:32486 [0] NCCL INFO 4 coll channels, 2 p2p channels, 2 p2p channels per peer
c198-032:12914:12972 [1] NCCL INFO Channel 02 : 21[3000] -> 20[2000] via direct shared memory
c198-032:12914:12972 [1] NCCL INFO Channel 03 : 21[3000] -> 20[2000] via direct shared memory
c198-071:13773:13828 [2] NCCL INFO Channel 02 : 50[82000] -> 49[3000] via direct shared memory
c198-071:13773:13828 [2] NCCL INFO Channel 03 : 50[82000] -> 49[3000] via direct shared memory
c198-011:9537:9588 [0] NCCL INFO Channel 02/0 : 0[2000] -> 4[2000] [send] via NET/IB/0
c198-032:12913:12970 [0] NCCL INFO Channel 02/0 : 20[2000] -> 13[3000] [send] via NET/IB/0
c198-022:9116:9171 [1] NCCL INFO Channel 02/0 : 20[2000] -> 13[3000] [receive] via NET/IB/0
c198-031:19057:19109 [3] NCCL INFO Channel 01/0 : 19[83000] -> 27[83000] [send] via NET/IB/0
c198-071:13771:13832 [0] NCCL INFO Channel 02/0 : 52[2000] -> 48[2000] [receive] via NET/IB/0
c198-012:6819:6875 [3] NCCL INFO Channel 03/0 : 3[83000] -> 7[83000] [receive] via NET/IB/0
c198-032:12916:12967 [3] NCCL INFO Channel 03/0 : 14[82000] -> 23[83000] [receive] via NET/IB/0
c198-021:18690:18742 [2] NCCL INFO Channel 01/0 : 10[82000] -> 7[83000] [send] via NET/IB/0
c198-052:11088:11143 [3] NCCL INFO Channel 03/0 : 47[83000] -> 39[83000] [receive] via NET/IB/0
c198-062:22224:22276 [3] NCCL INFO Channel 03/0 : 30[82000] -> 47[83000] [receive] via NET/IB/0
c198-072:7389:7450 [0] NCCL INFO Channel 02/0 : 45[3000] -> 52[2000] [receive] via NET/IB/0
c198-021:18688:18747 [0] NCCL INFO Channel 02/0 : 8[2000] -> 5[3000] [send] via NET/IB/0
c198-072:7391:7444 [2] NCCL INFO Channel 03/0 : 59[83000] -> 54[82000] [receive] via NET/IB/0
c198-012:6818:6873 [2] NCCL INFO Channel 03/0 : 11[83000] -> 6[82000] [receive] via NET/IB/0
c199-071:27272:27328 [3] NCCL INFO Channel 01/0 : 51[83000] -> 59[83000] [receive] via NET/IB/0
c198-012:6817:6871 [1] NCCL INFO Channel 02/0 : 8[2000] -> 5[3000] [receive] via NET/IB/0
c198-021:18691:18744 [3] NCCL INFO Channel 01/0 : 11[83000] -> 18[82000] [send] via NET/IB/0
c198-072:7392:7446 [3] NCCL INFO Channel 03/0 : 51[83000] -> 55[83000] [receive] via NET/IB/0
c198-072:7390:7449 [1] NCCL INFO Channel 02/0 : 56[2000] -> 53[3000] [receive] via NET/IB/0
c198-042:2298:2356 [1] NCCL INFO Channel 02/0 : 44[2000] -> 29[3000] [receive] via NET/IB/0
c198-061:3619:3671 [3] NCCL INFO Channel 03/0 : 43[83000] -> 38[82000] [send] via NET/IB/0
c199-071:27269:27322 [0] NCCL INFO Channel 02/0 : 56[2000] -> 53[3000] [send] via NET/IB/0
c199-071:27271:27327 [2] NCCL INFO Channel 01/0 : 58[82000] -> 55[83000] [send] via NET/IB/0
c198-062:22221:22278 [0] NCCL INFO Channel 02/0 : 44[2000] -> 29[3000] [send] via NET/IB/0
c198-022:9116:9171 [1] NCCL INFO Channel 02 : 13[3000] -> 12[2000] via direct shared memory
c198-022:9116:9171 [1] NCCL INFO Channel 03 : 13[3000] -> 12[2000] via direct shared memory
c198-021:18688:18747 [0] NCCL INFO Connected 1 MSCCL algorithms
c198-021:18688:18747 [0] NCCL INFO NCCL_PROTO set by environment to Simple
c198-021:18688:18747 [0] NCCL INFO NCCL_ALGO set by environment to MSCCL,TREE,RING
c198-021:18688:18747 [0] NCCL INFO threadThresholds 8/8/64 | 512/8/64 | 8/8/64 | 8/8/512
c198-021:18688:18747 [0] NCCL INFO 4 coll channels, 2 p2p channels, 2 p2p channels per peer
c198-052:11087:11144 [2] NCCL INFO Channel 02 : 38[82000] -> 37[3000] via direct shared memory
c198-052:11087:11144 [2] NCCL INFO Channel 03 : 38[82000] -> 37[3000] via direct shared memory
c198-012:6817:6871 [1] NCCL INFO Channel 02 : 5[3000] -> 4[2000] via direct shared memory
c198-012:6817:6871 [1] NCCL INFO Channel 03 : 5[3000] -> 4[2000] via direct shared memory
c198-011:9537:9588 [0] NCCL INFO Channel 02/0 : 4[2000] -> 0[2000] [receive] via NET/IB/0
c198-072:7390:7449 [1] NCCL INFO Channel 02 : 53[3000] -> 52[2000] via direct shared memory
c198-072:7390:7449 [1] NCCL INFO Channel 03 : 53[3000] -> 52[2000] via direct shared memory
c198-012:6816:6869 [0] NCCL INFO Channel 02/0 : 4[2000] -> 12[2000] [send] via NET/IB/0
c199-071:27269:27322 [0] NCCL INFO Connected 1 MSCCL algorithms
c199-071:27269:27322 [0] NCCL INFO NCCL_PROTO set by environment to Simple
c199-071:27269:27322 [0] NCCL INFO NCCL_ALGO set by environment to MSCCL,TREE,RING
c199-071:27269:27322 [0] NCCL INFO threadThresholds 8/8/64 | 512/8/64 | 8/8/64 | 8/8/512
c199-071:27269:27322 [0] NCCL INFO 4 coll channels, 2 p2p channels, 2 p2p channels per peer
c198-042:2298:2356 [1] NCCL INFO Channel 02 : 29[3000] -> 28[2000] via direct shared memory
c198-042:2298:2356 [1] NCCL INFO Channel 03 : 29[3000] -> 28[2000] via direct shared memory
c198-032:12913:12970 [0] NCCL INFO Channel 02/0 : 20[2000] -> 16[2000] [send] via NET/IB/0
c198-031:19057:19109 [3] NCCL INFO Channel 01/0 : 19[83000] -> 34[82000] [send] via NET/IB/0
c198-041:32429:32483 [3] NCCL INFO Channel 01/0 : 27[83000] -> 19[83000] [send] via NET/IB/0
c198-012:6819:6875 [3] NCCL INFO Channel 03/0 : 7[83000] -> 15[83000] [send] via NET/IB/0
c198-032:12916:12967 [3] NCCL INFO Channel 03/0 : 23[83000] -> 14[82000] [send] via NET/IB/0
c198-022:9117:9172 [2] NCCL INFO Channel 03/0 : 23[83000] -> 14[82000] [receive] via NET/IB/0
c198-042:2299:2352 [2] NCCL INFO Channel 03/0 : 47[83000] -> 30[82000] [receive] via NET/IB/0
c198-062:22224:22276 [3] NCCL INFO Channel 03/0 : 47[83000] -> 30[82000] [send] via NET/IB/0
c198-062:22222:22280 [1] NCCL INFO Channel 02/0 : 52[2000] -> 45[3000] [receive] via NET/IB/0
c198-011:9540:9595 [3] NCCL INFO Channel 01/0 : 35[83000] -> 3[83000] [receive] via NET/IB/0
c198-072:7389:7450 [0] NCCL INFO Channel 02/0 : 52[2000] -> 45[3000] [send] via NET/IB/0
c198-071:13774:13826 [3] NCCL INFO Channel 01/0 : 51[83000] -> 59[83000] [send] via NET/IB/0
c198-021:18691:18744 [3] NCCL INFO Channel 01/0 : 18[82000] -> 11[83000] [receive] via NET/IB/0
c198-061:3619:3671 [3] NCCL INFO Channel 01/0 : 47[83000] -> 43[83000] [receive] via NET/IB/0
c198-031:19056:19108 [2] NCCL INFO Channel 01/0 : 18[82000] -> 11[83000] [send] via NET/IB/0
c198-072:7392:7446 [3] NCCL INFO Channel 03/0 : 46[82000] -> 55[83000] [receive] via NET/IB/0
c198-062:22221:22278 [0] NCCL INFO Channel 02/0 : 44[2000] -> 36[2000] [send] via NET/IB/0
c198-032:12913:12970 [0] NCCL INFO Connected 1 MSCCL algorithms
c198-032:12913:12970 [0] NCCL INFO NCCL_PROTO set by environment to Simple
c198-032:12913:12970 [0] NCCL INFO NCCL_ALGO set by environment to MSCCL,TREE,RING
c198-032:12913:12970 [0] NCCL INFO threadThresholds 8/8/64 | 512/8/64 | 8/8/64 | 8/8/512
c198-032:12913:12970 [0] NCCL INFO 4 coll channels, 2 p2p channels, 2 p2p channels per peer
c198-031:19054:19111 [0] NCCL INFO Connected 1 MSCCL algorithms
c198-031:19054:19111 [0] NCCL INFO NCCL_PROTO set by environment to Simple
c198-031:19054:19111 [0] NCCL INFO NCCL_ALGO set by environment to MSCCL,TREE,RING
c198-031:19054:19111 [0] NCCL INFO threadThresholds 8/8/64 | 512/8/64 | 8/8/64 | 8/8/512
c198-031:19054:19111 [0] NCCL INFO 4 coll channels, 2 p2p channels, 2 p2p channels per peer
c198-022:9117:9172 [2] NCCL INFO Channel 02 : 14[82000] -> 13[3000] via direct shared memory
c198-022:9117:9172 [2] NCCL INFO Channel 03 : 14[82000] -> 13[3000] via direct shared memory
c198-042:2299:2352 [2] NCCL INFO Channel 02 : 30[82000] -> 29[3000] via direct shared memory
c198-042:2299:2352 [2] NCCL INFO Channel 03 : 30[82000] -> 29[3000] via direct shared memory
c198-031:19056:19108 [2] NCCL INFO Channel 02 : 18[82000] -> 17[3000] via direct shared memory
c198-062:22222:22280 [1] NCCL INFO Channel 02 : 45[3000] -> 44[2000] via direct shared memory
c198-031:19056:19108 [2] NCCL INFO Channel 03 : 18[82000] -> 17[3000] via direct shared memory
c198-062:22222:22280 [1] NCCL INFO Channel 03 : 45[3000] -> 44[2000] via direct shared memory
c198-031:19055:19113 [1] NCCL INFO Connected 1 MSCCL algorithms
c198-031:19055:19113 [1] NCCL INFO NCCL_PROTO set by environment to Simple
c198-031:19055:19113 [1] NCCL INFO NCCL_ALGO set by environment to MSCCL,TREE,RING
c198-031:19055:19113 [1] NCCL INFO threadThresholds 8/8/64 | 512/8/64 | 8/8/64 | 8/8/512
c198-031:19055:19113 [1] NCCL INFO 4 coll channels, 2 p2p channels, 2 p2p channels per peer
c198-012:6816:6869 [0] NCCL INFO Channel 02/0 : 12[2000] -> 4[2000] [receive] via NET/IB/0
c198-022:9115:9174 [0] NCCL INFO Channel 02/0 : 12[2000] -> 28[2000] [send] via NET/IB/0
c198-062:22221:22278 [0] NCCL INFO Connected 1 MSCCL algorithms
c198-062:22221:22278 [0] NCCL INFO NCCL_PROTO set by environment to Simple
c198-062:22221:22278 [0] NCCL INFO NCCL_ALGO set by environment to MSCCL,TREE,RING
c198-062:22221:22278 [0] NCCL INFO threadThresholds 8/8/64 | 512/8/64 | 8/8/64 | 8/8/512
c198-062:22221:22278 [0] NCCL INFO 4 coll channels, 2 p2p channels, 2 p2p channels per peer
c198-031:19057:19109 [3] NCCL INFO Channel 01/0 : 34[82000] -> 19[83000] [receive] via NET/IB/0
c198-011:9540:9595 [3] NCCL INFO Channel 01/0 : 3[83000] -> 35[83000] [send] via NET/IB/0
c198-051:12971:13022 [2] NCCL INFO Channel 01/0 : 34[82000] -> 19[83000] [send] via NET/IB/0
c198-012:6819:6875 [3] NCCL INFO Channel 03/0 : 15[83000] -> 7[83000] [receive] via NET/IB/0
c198-032:12916:12967 [3] NCCL INFO Channel 03/0 : 23[83000] -> 19[83000] [send] via NET/IB/0
c198-022:9118:9176 [3] NCCL INFO Channel 03/0 : 15[83000] -> 31[83000] [send] via NET/IB/0
c198-062:22224:22276 [3] NCCL INFO Channel 03/0 : 47[83000] -> 39[83000] [send] via NET/IB/0
c198-072:7389:7450 [0] NCCL INFO Channel 02/0 : 52[2000] -> 48[2000] [send] via NET/IB/0
c198-071:13774:13826 [3] NCCL INFO Channel 01/0 : 35[83000] -> 51[83000] [receive] via NET/IB/0
c199-071:27272:27328 [3] NCCL INFO Channel 01/0 : 59[83000] -> 51[83000] [send] via NET/IB/0
c198-021:18691:18744 [3] NCCL INFO Channel 03/0 : 11[83000] -> 6[82000] [send] via NET/IB/0
c198-062:22223:22274 [2] NCCL INFO Channel 03/0 : 55[83000] -> 46[82000] [receive] via NET/IB/0
c198-072:7392:7446 [3] NCCL INFO Channel 03/0 : 55[83000] -> 46[82000] [send] via NET/IB/0
c198-052:11085:11140 [0] NCCL INFO Channel 02/0 : 36[2000] -> 32[2000] [send] via NET/IB/0
c198-051:12971:13022 [2] NCCL INFO Channel 02 : 34[82000] -> 33[3000] via direct shared memory
c198-051:12971:13022 [2] NCCL INFO Channel 03 : 34[82000] -> 33[3000] via direct shared memory
c198-072:7389:7450 [0] NCCL INFO Connected 1 MSCCL algorithms
c198-072:7389:7450 [0] NCCL INFO NCCL_PROTO set by environment to Simple
c198-072:7389:7450 [0] NCCL INFO NCCL_ALGO set by environment to MSCCL,TREE,RING
c198-072:7389:7450 [0] NCCL INFO threadThresholds 8/8/64 | 512/8/64 | 8/8/64 | 8/8/512
c198-072:7389:7450 [0] NCCL INFO 4 coll channels, 2 p2p channels, 2 p2p channels per peer
c198-071:13771:13832 [0] NCCL INFO Connected 1 MSCCL algorithms
c198-071:13771:13832 [0] NCCL INFO NCCL_PROTO set by environment to Simple
c198-071:13771:13832 [0] NCCL INFO NCCL_ALGO set by environment to MSCCL,TREE,RING
c198-071:13771:13832 [0] NCCL INFO threadThresholds 8/8/64 | 512/8/64 | 8/8/64 | 8/8/512
c198-071:13771:13832 [0] NCCL INFO 4 coll channels, 2 p2p channels, 2 p2p channels per peer
c198-012:6818:6873 [2] NCCL INFO Channel 02 : 6[82000] -> 5[3000] via direct shared memory
c198-012:6818:6873 [2] NCCL INFO Channel 03 : 6[82000] -> 5[3000] via direct shared memory
c198-062:22223:22274 [2] NCCL INFO Channel 02 : 46[82000] -> 45[3000] via direct shared memory
c198-062:22223:22274 [2] NCCL INFO Channel 03 : 46[82000] -> 45[3000] via direct shared memory
c198-071:13772:13831 [1] NCCL INFO Connected 1 MSCCL algorithms
c198-071:13772:13831 [1] NCCL INFO NCCL_PROTO set by environment to Simple
c198-071:13772:13831 [1] NCCL INFO NCCL_ALGO set by environment to MSCCL,TREE,RING
c198-071:13772:13831 [1] NCCL INFO threadThresholds 8/8/64 | 512/8/64 | 8/8/64 | 8/8/512
c198-071:13772:13831 [1] NCCL INFO 4 coll channels, 2 p2p channels, 2 p2p channels per peer
c198-022:9115:9174 [0] NCCL INFO Channel 02/0 : 28[2000] -> 12[2000] [receive] via NET/IB/0
c198-062:22222:22280 [1] NCCL INFO Connected 1 MSCCL algorithms
c198-062:22222:22280 [1] NCCL INFO NCCL_PROTO set by environment to Simple
c198-062:22222:22280 [1] NCCL INFO NCCL_ALGO set by environment to MSCCL,TREE,RING
c198-062:22222:22280 [1] NCCL INFO threadThresholds 8/8/64 | 512/8/64 | 8/8/64 | 8/8/512
c198-062:22222:22280 [1] NCCL INFO 4 coll channels, 2 p2p channels, 2 p2p channels per peer
c198-052:11085:11140 [0] NCCL INFO Connected 1 MSCCL algorithms
c198-052:11085:11140 [0] NCCL INFO NCCL_PROTO set by environment to Simple
c198-052:11085:11140 [0] NCCL INFO NCCL_ALGO set by environment to MSCCL,TREE,RING
c198-052:11085:11140 [0] NCCL INFO threadThresholds 8/8/64 | 512/8/64 | 8/8/64 | 8/8/512
c198-052:11085:11140 [0] NCCL INFO 4 coll channels, 2 p2p channels, 2 p2p channels per peer
c198-042:2297:2354 [0] NCCL INFO Channel 02/0 : 60[2000] -> 28[2000] [receive] via NET/IB/0
c198-052:11086:11139 [1] NCCL INFO Connected 1 MSCCL algorithms
