TACC:  Starting up job 6212486 
TACC:  Starting parallel tasks... 
# nThread 1 nGpus 1 minBytes 65536 maxBytes 268435456 step: 2(factor) warmup iters: 5 iters: 60 agg iters: 1 validation: 1 graph: 0
#
# Using devices
#  Rank  0 Group  0 Pid  32431 on   c197-081 device  0 [0x02] Quadro RTX 5000
#  Rank  1 Group  0 Pid  32432 on   c197-081 device  1 [0x03] Quadro RTX 5000
#  Rank  2 Group  0 Pid  32433 on   c197-081 device  2 [0x82] Quadro RTX 5000
#  Rank  3 Group  0 Pid  32434 on   c197-081 device  3 [0x83] Quadro RTX 5000
#  Rank  4 Group  0 Pid   7144 on   c197-082 device  0 [0x02] Quadro RTX 5000
#  Rank  5 Group  0 Pid   7145 on   c197-082 device  1 [0x03] Quadro RTX 5000
#  Rank  6 Group  0 Pid   7146 on   c197-082 device  2 [0x82] Quadro RTX 5000
#  Rank  7 Group  0 Pid   7147 on   c197-082 device  3 [0x83] Quadro RTX 5000
#  Rank  8 Group  0 Pid  26686 on   c197-091 device  0 [0x02] Quadro RTX 5000
#  Rank  9 Group  0 Pid  26687 on   c197-091 device  1 [0x03] Quadro RTX 5000
#  Rank 10 Group  0 Pid  26688 on   c197-091 device  2 [0x82] Quadro RTX 5000
#  Rank 11 Group  0 Pid  26689 on   c197-091 device  3 [0x83] Quadro RTX 5000
#  Rank 12 Group  0 Pid   5499 on   c197-092 device  0 [0x02] Quadro RTX 5000
#  Rank 13 Group  0 Pid   5500 on   c197-092 device  1 [0x03] Quadro RTX 5000
#  Rank 14 Group  0 Pid   5501 on   c197-092 device  2 [0x82] Quadro RTX 5000
#  Rank 15 Group  0 Pid   5502 on   c197-092 device  3 [0x83] Quadro RTX 5000
#  Rank 16 Group  0 Pid  10625 on   c197-101 device  0 [0x02] Quadro RTX 5000
#  Rank 17 Group  0 Pid  10626 on   c197-101 device  1 [0x03] Quadro RTX 5000
#  Rank 18 Group  0 Pid  10627 on   c197-101 device  2 [0x82] Quadro RTX 5000
#  Rank 19 Group  0 Pid  10628 on   c197-101 device  3 [0x83] Quadro RTX 5000
#  Rank 20 Group  0 Pid  20723 on   c197-102 device  0 [0x02] Quadro RTX 5000
#  Rank 21 Group  0 Pid  20724 on   c197-102 device  1 [0x03] Quadro RTX 5000
#  Rank 22 Group  0 Pid  20725 on   c197-102 device  2 [0x82] Quadro RTX 5000
#  Rank 23 Group  0 Pid  20726 on   c197-102 device  3 [0x83] Quadro RTX 5000
#  Rank 24 Group  0 Pid  32007 on   c197-111 device  0 [0x02] Quadro RTX 5000
#  Rank 25 Group  0 Pid  32008 on   c197-111 device  1 [0x03] Quadro RTX 5000
#  Rank 26 Group  0 Pid  32009 on   c197-111 device  2 [0x82] Quadro RTX 5000
#  Rank 27 Group  0 Pid  32010 on   c197-111 device  3 [0x83] Quadro RTX 5000
#  Rank 28 Group  0 Pid  10800 on   c197-112 device  0 [0x02] Quadro RTX 5000
#  Rank 29 Group  0 Pid  10801 on   c197-112 device  1 [0x03] Quadro RTX 5000
#  Rank 30 Group  0 Pid  10802 on   c197-112 device  2 [0x82] Quadro RTX 5000
#  Rank 31 Group  0 Pid  10803 on   c197-112 device  3 [0x83] Quadro RTX 5000
The MSCCL XML file exists: /home1/09168/ldai1/ccl-build/msccl_tools_lyd/examples/xml/xml_lyd/binary_tree/allreduce_binary_tree_2ch_2tree_4chunk_8node_32gpu.xml
c197-081:32431:32431 [0] NCCL INFO Bootstrap : Using ib0:192.168.44.137<0>
c197-081:32431:32431 [0] NCCL INFO NET/Plugin : No plugin found (libnccl-net.so), using internal implementation
c197-081:32431:32431 [0] NCCL INFO NET/IB : Using [0]mlx4_0:1/IB [RO]; OOB ib0:192.168.44.137<0>
c197-081:32431:32431 [0] NCCL INFO Using network IB
NCCL version 2.12.12.MSCCL.0.7.4+cuda11.3
c197-081:32433:32433 [2] NCCL INFO Bootstrap : Using ib0:192.168.44.137<0>
c197-081:32433:32433 [2] NCCL INFO NET/Plugin : No plugin found (libnccl-net.so), using internal implementation
c197-081:32433:32433 [2] NCCL INFO NET/IB : Using [0]mlx4_0:1/IB [RO]; OOB ib0:192.168.44.137<0>
c197-081:32433:32433 [2] NCCL INFO Using network IB
c197-081:32432:32432 [1] NCCL INFO Bootstrap : Using ib0:192.168.44.137<0>
c197-081:32432:32432 [1] NCCL INFO NET/Plugin : No plugin found (libnccl-net.so), using internal implementation
c197-081:32434:32434 [3] NCCL INFO Bootstrap : Using ib0:192.168.44.137<0>
c197-081:32434:32434 [3] NCCL INFO NET/Plugin : No plugin found (libnccl-net.so), using internal implementation
c197-081:32434:32434 [3] NCCL INFO NET/IB : Using [0]mlx4_0:1/IB [RO]; OOB ib0:192.168.44.137<0>
c197-081:32434:32434 [3] NCCL INFO Using network IB
c197-081:32432:32432 [1] NCCL INFO NET/IB : Using [0]mlx4_0:1/IB [RO]; OOB ib0:192.168.44.137<0>
c197-081:32432:32432 [1] NCCL INFO Using network IB
c197-101:10626:10626 [1] NCCL INFO Bootstrap : Using ib0:192.168.44.141<0>
c197-101:10626:10626 [1] NCCL INFO NET/Plugin : No plugin found (libnccl-net.so), using internal implementation
c197-101:10626:10626 [1] NCCL INFO NET/IB : Using [0]mlx4_0:1/IB [RO]; OOB ib0:192.168.44.141<0>
c197-101:10626:10626 [1] NCCL INFO Using network IB
c197-092:5501:5501 [2] NCCL INFO Bootstrap : Using ib0:192.168.44.140<0>
c197-092:5501:5501 [2] NCCL INFO NET/Plugin : No plugin found (libnccl-net.so), using internal implementation
c197-092:5501:5501 [2] NCCL INFO NET/IB : Using [0]mlx4_0:1/IB [RO]; OOB ib0:192.168.44.140<0>
c197-092:5501:5501 [2] NCCL INFO Using network IB
c197-082:7145:7145 [1] NCCL INFO Bootstrap : Using ib0:192.168.44.138<0>
c197-082:7146:7146 [2] NCCL INFO Bootstrap : Using ib0:192.168.44.138<0>
c197-082:7147:7147 [3] NCCL INFO Bootstrap : Using ib0:192.168.44.138<0>
c197-082:7145:7145 [1] NCCL INFO NET/Plugin : No plugin found (libnccl-net.so), using internal implementation
c197-082:7146:7146 [2] NCCL INFO NET/Plugin : No plugin found (libnccl-net.so), using internal implementation
c197-082:7147:7147 [3] NCCL INFO NET/Plugin : No plugin found (libnccl-net.so), using internal implementation
c197-092:5499:5499 [0] NCCL INFO Bootstrap : Using ib0:192.168.44.140<0>
c197-092:5500:5500 [1] NCCL INFO Bootstrap : Using ib0:192.168.44.140<0>
c197-092:5499:5499 [0] NCCL INFO NET/Plugin : No plugin found (libnccl-net.so), using internal implementation
c197-092:5500:5500 [1] NCCL INFO NET/Plugin : No plugin found (libnccl-net.so), using internal implementation
c197-092:5500:5500 [1] NCCL INFO NET/IB : Using [0]mlx4_0:1/IB [RO]; OOB ib0:192.168.44.140<0>
c197-092:5500:5500 [1] NCCL INFO Using network IB
c197-092:5499:5499 [0] NCCL INFO NET/IB : Using [0]mlx4_0:1/IB [RO]; OOB ib0:192.168.44.140<0>
c197-092:5499:5499 [0] NCCL INFO Using network IB
c197-082:7144:7144 [0] NCCL INFO Bootstrap : Using ib0:192.168.44.138<0>
c197-082:7144:7144 [0] NCCL INFO NET/Plugin : No plugin found (libnccl-net.so), using internal implementation
c197-082:7146:7146 [2] NCCL INFO NET/IB : Using [0]mlx4_0:1/IB [RO]; OOB ib0:192.168.44.138<0>
c197-082:7146:7146 [2] NCCL INFO Using network IB
c197-082:7145:7145 [1] NCCL INFO NET/IB : Using [0]mlx4_0:1/IB [RO]; OOB ib0:192.168.44.138<0>
c197-082:7145:7145 [1] NCCL INFO Using network IB
c197-082:7147:7147 [3] NCCL INFO NET/IB : Using [0]mlx4_0:1/IB [RO]; OOB ib0:192.168.44.138<0>
c197-082:7147:7147 [3] NCCL INFO Using network IB
c197-082:7144:7144 [0] NCCL INFO NET/IB : Using [0]mlx4_0:1/IB [RO]; OOB ib0:192.168.44.138<0>
c197-082:7144:7144 [0] NCCL INFO Using network IB
c197-092:5502:5502 [3] NCCL INFO Bootstrap : Using ib0:192.168.44.140<0>
c197-092:5502:5502 [3] NCCL INFO NET/Plugin : No plugin found (libnccl-net.so), using internal implementation
c197-091:26687:26687 [1] NCCL INFO Bootstrap : Using ib0:192.168.44.139<0>
c197-091:26687:26687 [1] NCCL INFO NET/Plugin : No plugin found (libnccl-net.so), using internal implementation
c197-092:5502:5502 [3] NCCL INFO NET/IB : Using [0]mlx4_0:1/IB [RO]; OOB ib0:192.168.44.140<0>
c197-092:5502:5502 [3] NCCL INFO Using network IB
c197-091:26688:26688 [2] NCCL INFO Bootstrap : Using ib0:192.168.44.139<0>
c197-091:26688:26688 [2] NCCL INFO NET/Plugin : No plugin found (libnccl-net.so), using internal implementation
c197-091:26687:26687 [1] NCCL INFO NET/IB : Using [0]mlx4_0:1/IB [RO]; OOB ib0:192.168.44.139<0>
c197-091:26687:26687 [1] NCCL INFO Using network IB
c197-091:26688:26688 [2] NCCL INFO NET/IB : Using [0]mlx4_0:1/IB [RO]; OOB ib0:192.168.44.139<0>
c197-091:26688:26688 [2] NCCL INFO Using network IB
c197-102:20725:20725 [2] NCCL INFO Bootstrap : Using ib0:192.168.44.142<0>
c197-102:20725:20725 [2] NCCL INFO NET/Plugin : No plugin found (libnccl-net.so), using internal implementation
c197-102:20725:20725 [2] NCCL INFO NET/IB : Using [0]mlx4_0:1/IB [RO]; OOB ib0:192.168.44.142<0>
c197-102:20725:20725 [2] NCCL INFO Using network IB
c197-102:20724:20724 [1] NCCL INFO Bootstrap : Using ib0:192.168.44.142<0>
c197-102:20724:20724 [1] NCCL INFO NET/Plugin : No plugin found (libnccl-net.so), using internal implementation
c197-112:10802:10802 [2] NCCL INFO Bootstrap : Using ib0:192.168.44.144<0>
c197-112:10802:10802 [2] NCCL INFO NET/Plugin : No plugin found (libnccl-net.so), using internal implementation
c197-091:26686:26686 [0] NCCL INFO Bootstrap : Using ib0:192.168.44.139<0>
c197-091:26689:26689 [3] NCCL INFO Bootstrap : Using ib0:192.168.44.139<0>
c197-091:26689:26689 [3] NCCL INFO NET/Plugin : No plugin found (libnccl-net.so), using internal implementation
c197-091:26686:26686 [0] NCCL INFO NET/Plugin : No plugin found (libnccl-net.so), using internal implementation
c197-101:10627:10627 [2] NCCL INFO Bootstrap : Using ib0:192.168.44.141<0>
c197-101:10628:10628 [3] NCCL INFO Bootstrap : Using ib0:192.168.44.141<0>
c197-101:10627:10627 [2] NCCL INFO NET/Plugin : No plugin found (libnccl-net.so), using internal implementation
c197-101:10628:10628 [3] NCCL INFO NET/Plugin : No plugin found (libnccl-net.so), using internal implementation
c197-112:10802:10802 [2] NCCL INFO NET/IB : Using [0]mlx4_0:1/IB [RO]; OOB ib0:192.168.44.144<0>
c197-112:10802:10802 [2] NCCL INFO Using network IB
c197-091:26689:26689 [3] NCCL INFO NET/IB : Using [0]mlx4_0:1/IB [RO]; OOB ib0:192.168.44.139<0>
c197-091:26689:26689 [3] NCCL INFO Using network IB
c197-091:26686:26686 [0] NCCL INFO NET/IB : Using [0]mlx4_0:1/IB [RO]; OOB ib0:192.168.44.139<0>
c197-091:26686:26686 [0] NCCL INFO Using network IB
c197-102:20723:20723 [0] NCCL INFO Bootstrap : Using ib0:192.168.44.142<0>
c197-102:20726:20726 [3] NCCL INFO Bootstrap : Using ib0:192.168.44.142<0>
c197-102:20723:20723 [0] NCCL INFO NET/Plugin : No plugin found (libnccl-net.so), using internal implementation
c197-102:20726:20726 [3] NCCL INFO NET/Plugin : No plugin found (libnccl-net.so), using internal implementation
c197-111:32009:32009 [2] NCCL INFO Bootstrap : Using ib0:192.168.44.143<0>
c197-102:20724:20724 [1] NCCL INFO NET/IB : Using [0]mlx4_0:1/IB [RO]; OOB ib0:192.168.44.142<0>
c197-102:20724:20724 [1] NCCL INFO Using network IB
c197-101:10627:10627 [2] NCCL INFO NET/IB : Using [0]mlx4_0:1/IB [RO]; OOB ib0:192.168.44.141<0>
c197-101:10627:10627 [2] NCCL INFO Using network IB
c197-111:32009:32009 [2] NCCL INFO NET/Plugin : No plugin found (libnccl-net.so), using internal implementation
c197-101:10628:10628 [3] NCCL INFO NET/IB : Using [0]mlx4_0:1/IB [RO]; OOB ib0:192.168.44.141<0>
c197-101:10628:10628 [3] NCCL INFO Using network IB
c197-102:20723:20723 [0] NCCL INFO NET/IB : Using [0]mlx4_0:1/IB [RO]; OOB ib0:192.168.44.142<0>
c197-102:20723:20723 [0] NCCL INFO Using network IB
c197-102:20726:20726 [3] NCCL INFO NET/IB : Using [0]mlx4_0:1/IB [RO]; OOB ib0:192.168.44.142<0>
c197-102:20726:20726 [3] NCCL INFO Using network IB
c197-111:32010:32010 [3] NCCL INFO Bootstrap : Using ib0:192.168.44.143<0>
c197-111:32010:32010 [3] NCCL INFO NET/Plugin : No plugin found (libnccl-net.so), using internal implementation
c197-111:32009:32009 [2] NCCL INFO NET/IB : Using [0]mlx4_0:1/IB [RO]; OOB ib0:192.168.44.143<0>
c197-111:32009:32009 [2] NCCL INFO Using network IB
c197-111:32008:32008 [1] NCCL INFO Bootstrap : Using ib0:192.168.44.143<0>
c197-111:32008:32008 [1] NCCL INFO NET/Plugin : No plugin found (libnccl-net.so), using internal implementation
c197-111:32010:32010 [3] NCCL INFO NET/IB : Using [0]mlx4_0:1/IB [RO]; OOB ib0:192.168.44.143<0>
c197-111:32010:32010 [3] NCCL INFO Using network IB
c197-111:32008:32008 [1] NCCL INFO NET/IB : Using [0]mlx4_0:1/IB [RO]; OOB ib0:192.168.44.143<0>
c197-111:32008:32008 [1] NCCL INFO Using network IB
c197-101:10625:10625 [0] NCCL INFO Bootstrap : Using ib0:192.168.44.141<0>
c197-112:10801:10801 [1] NCCL INFO Bootstrap : Using ib0:192.168.44.144<0>
c197-101:10625:10625 [0] NCCL INFO NET/Plugin : No plugin found (libnccl-net.so), using internal implementation
c197-112:10803:10803 [3] NCCL INFO Bootstrap : Using ib0:192.168.44.144<0>
c197-112:10800:10800 [0] NCCL INFO Bootstrap : Using ib0:192.168.44.144<0>
c197-112:10803:10803 [3] NCCL INFO NET/Plugin : No plugin found (libnccl-net.so), using internal implementation
c197-112:10800:10800 [0] NCCL INFO NET/Plugin : No plugin found (libnccl-net.so), using internal implementation
c197-112:10801:10801 [1] NCCL INFO NET/Plugin : No plugin found (libnccl-net.so), using internal implementation
c197-101:10625:10625 [0] NCCL INFO NET/IB : Using [0]mlx4_0:1/IB [RO]; OOB ib0:192.168.44.141<0>
c197-101:10625:10625 [0] NCCL INFO Using network IB
c197-112:10803:10803 [3] NCCL INFO NET/IB : Using [0]mlx4_0:1/IB [RO]; OOB ib0:192.168.44.144<0>
c197-112:10803:10803 [3] NCCL INFO Using network IB
c197-112:10801:10801 [1] NCCL INFO NET/IB : Using [0]mlx4_0:1/IB [RO]; OOB ib0:192.168.44.144<0>
c197-112:10801:10801 [1] NCCL INFO Using network IB
c197-112:10800:10800 [0] NCCL INFO NET/IB : Using [0]mlx4_0:1/IB [RO]; OOB ib0:192.168.44.144<0>
c197-112:10800:10800 [0] NCCL INFO Using network IB
c197-111:32007:32007 [0] NCCL INFO Bootstrap : Using ib0:192.168.44.143<0>
c197-111:32007:32007 [0] NCCL INFO NET/Plugin : No plugin found (libnccl-net.so), using internal implementation
c197-111:32007:32007 [0] NCCL INFO NET/IB : Using [0]mlx4_0:1/IB [RO]; OOB ib0:192.168.44.143<0>
c197-111:32007:32007 [0] NCCL INFO Using network IB
c197-081:32431:32482 [0] NCCL INFO Setting affinity for GPU 0 to 0f000f
c197-091:26689:26744 [3] NCCL INFO Setting affinity for GPU 3 to f000f000
c197-082:7147:7201 [3] NCCL INFO Setting affinity for GPU 3 to f000f000
c197-092:5502:5558 [3] NCCL INFO Setting affinity for GPU 3 to f000f000
c197-101:10628:10682 [3] NCCL INFO Setting affinity for GPU 3 to f000f000
c197-102:20726:20782 [3] NCCL INFO Setting affinity for GPU 3 to f000f000
c197-112:10803:10856 [3] NCCL INFO Setting affinity for GPU 3 to f000f000
c197-111:32010:32064 [3] NCCL INFO Setting affinity for GPU 3 to f000f000
c197-081:32434:32489 [3] NCCL INFO Setting affinity for GPU 3 to f000f000
c197-081:32433:32487 [2] NCCL INFO Setting affinity for GPU 2 to 0f000f00
c197-081:32432:32491 [1] NCCL INFO Setting affinity for GPU 1 to f000f0
c197-091:26687:26739 [1] NCCL INFO Setting affinity for GPU 1 to f000f0
c197-082:7146:7198 [2] NCCL INFO Setting affinity for GPU 2 to 0f000f00
c197-111:32007:32068 [0] NCCL INFO Setting affinity for GPU 0 to 0f000f
c197-111:32008:32066 [1] NCCL INFO Setting affinity for GPU 1 to f000f0
c197-101:10626:10678 [1] NCCL INFO Setting affinity for GPU 1 to f000f0
c197-101:10627:10681 [2] NCCL INFO Setting affinity for GPU 2 to 0f000f00
c197-111:32009:32062 [2] NCCL INFO Setting affinity for GPU 2 to 0f000f00
c197-102:20724:20778 [1] NCCL INFO Setting affinity for GPU 1 to f000f0
c197-102:20725:20776 [2] NCCL INFO Setting affinity for GPU 2 to 0f000f00
c197-102:20723:20781 [0] NCCL INFO Setting affinity for GPU 0 to 0f000f
c197-091:26686:26745 [0] NCCL INFO Setting affinity for GPU 0 to 0f000f
c197-101:10625:10684 [0] NCCL INFO Setting affinity for GPU 0 to 0f000f
c197-091:26688:26741 [2] NCCL INFO Setting affinity for GPU 2 to 0f000f00
c197-092:5500:5555 [1] NCCL INFO Setting affinity for GPU 1 to f000f0
c197-092:5501:5552 [2] NCCL INFO Setting affinity for GPU 2 to 0f000f00
c197-092:5499:5556 [0] NCCL INFO Setting affinity for GPU 0 to 0f000f
c197-082:7144:7203 [0] NCCL INFO Setting affinity for GPU 0 to 0f000f
c197-082:7145:7200 [1] NCCL INFO Setting affinity for GPU 1 to f000f0
c197-112:10800:10859 [0] NCCL INFO Setting affinity for GPU 0 to 0f000f
c197-112:10801:10858 [1] NCCL INFO Setting affinity for GPU 1 to f000f0
c197-112:10802:10853 [2] NCCL INFO Setting affinity for GPU 2 to 0f000f00
c197-112:10802:10853 [2] NCCL INFO Trees [0] 31/-1/-1->30->29 [1] 31/-1/-1->30->29
c197-081:32431:32482 [0] NCCL INFO Channel 00/02 :    0   1   2   3   4   5   6   7   8   9  10  11  12  13  14  15  16  17  18  19
c197-112:10803:10856 [3] NCCL INFO Trees [0] -1/-1/-1->31->30 [1] -1/-1/-1->31->30
c197-081:32431:32482 [0] NCCL INFO Channel 01/02 :    0   1   2   3   4   5   6   7   8   9  10  11  12  13  14  15  16  17  18  19
c197-102:20725:20776 [2] NCCL INFO Trees [0] 23/-1/-1->22->21 [1] 23/-1/-1->22->21
c197-111:32007:32068 [0] NCCL INFO Trees [0] 25/28/-1->24->16 [1] 25/-1/-1->24->21
c197-112:10800:10859 [0] NCCL INFO Trees [0] 29/-1/-1->28->24 [1] 29/12/-1->28->-1
c197-081:32431:32482 [0] NCCL INFO Trees [0] 1/16/-1->0->-1 [1] 1/-1/-1->0->4
c197-101:10627:10681 [2] NCCL INFO Trees [0] 19/-1/-1->18->17 [1] 19/-1/-1->18->17
c197-092:5499:5556 [0] NCCL INFO Trees [0] 13/-1/-1->12->8 [1] 13/4/-1->12->28
c197-102:20726:20782 [3] NCCL INFO Trees [0] -1/-1/-1->23->22 [1] -1/-1/-1->23->22
c197-111:32008:32066 [1] NCCL INFO Trees [0] 26/20/-1->25->24 [1] 26/-1/-1->25->24
c197-112:10801:10858 [1] NCCL INFO Trees [0] 30/-1/-1->29->28 [1] 30/-1/-1->29->28
c197-091:26689:26744 [3] NCCL INFO Trees [0] -1/-1/-1->11->10 [1] -1/-1/-1->11->10
c197-081:32432:32491 [1] NCCL INFO Trees [0] 2/-1/-1->1->0 [1] 2/-1/-1->1->0
c197-101:10628:10682 [3] NCCL INFO Trees [0] -1/-1/-1->19->18 [1] -1/-1/-1->19->18
c197-092:5500:5555 [1] NCCL INFO Trees [0] 14/-1/-1->13->12 [1] 14/20/-1->13->12
c197-102:20724:20778 [1] NCCL INFO Trees [0] 22/-1/-1->21->20 [1] 22/24/-1->21->20
c197-111:32009:32062 [2] NCCL INFO Trees [0] 27/-1/-1->26->25 [1] 27/-1/-1->26->25
c197-082:7144:7203 [0] NCCL INFO Trees [0] 5/-1/-1->4->9 [1] 5/0/-1->4->12
c197-091:26686:26745 [0] NCCL INFO Trees [0] 9/12/-1->8->17 [1] 9/-1/-1->8->5
c197-081:32433:32487 [2] NCCL INFO Trees [0] 3/-1/-1->2->1 [1] 3/-1/-1->2->1
c197-101:10625:10684 [0] NCCL INFO Trees [0] 17/24/-1->16->0 [1] 17/-1/-1->16->20
c197-092:5501:5552 [2] NCCL INFO Trees [0] 15/-1/-1->14->13 [1] 15/-1/-1->14->13
c197-102:20723:20781 [0] NCCL INFO Trees [0] 21/-1/-1->20->25 [1] 21/16/-1->20->13
c197-111:32010:32064 [3] NCCL INFO Trees [0] -1/-1/-1->27->26 [1] -1/-1/-1->27->26
c197-082:7145:7200 [1] NCCL INFO Trees [0] 6/-1/-1->5->4 [1] 6/8/-1->5->4
c197-091:26688:26741 [2] NCCL INFO Trees [0] 11/-1/-1->10->9 [1] 11/-1/-1->10->9
c197-081:32434:32489 [3] NCCL INFO Trees [0] -1/-1/-1->3->2 [1] -1/-1/-1->3->2
c197-101:10626:10678 [1] NCCL INFO Trees [0] 18/8/-1->17->16 [1] 18/-1/-1->17->16
c197-092:5502:5558 [3] NCCL INFO Trees [0] -1/-1/-1->15->14 [1] -1/-1/-1->15->14
c197-082:7146:7198 [2] NCCL INFO Trees [0] 7/-1/-1->6->5 [1] 7/-1/-1->6->5
c197-091:26687:26739 [1] NCCL INFO Trees [0] 10/4/-1->9->8 [1] 10/-1/-1->9->8
c197-082:7147:7201 [3] NCCL INFO Trees [0] -1/-1/-1->7->6 [1] -1/-1/-1->7->6
c197-092:5499:5556 [0] NCCL INFO Channel 00/0 : 11[83000] -> 12[2000] [receive] via NET/IB/0
c197-112:10800:10859 [0] NCCL INFO Channel 00/0 : 27[83000] -> 28[2000] [receive] via NET/IB/0
c197-091:26686:26745 [0] NCCL INFO Channel 00/0 : 7[83000] -> 8[2000] [receive] via NET/IB/0
c197-101:10625:10684 [0] NCCL INFO Channel 00/0 : 15[83000] -> 16[2000] [receive] via NET/IB/0
c197-102:20723:20781 [0] NCCL INFO Channel 00/0 : 19[83000] -> 20[2000] [receive] via NET/IB/0
c197-081:32431:32482 [0] NCCL INFO Channel 00/0 : 31[83000] -> 0[2000] [receive] via NET/IB/0
c197-082:7144:7203 [0] NCCL INFO Channel 00/0 : 3[83000] -> 4[2000] [receive] via NET/IB/0
c197-111:32007:32068 [0] NCCL INFO Channel 00/0 : 23[83000] -> 24[2000] [receive] via NET/IB/0
c197-102:20725:20776 [2] NCCL INFO Channel 00 : 22[82000] -> 23[83000] via direct shared memory
c197-101:10627:10681 [2] NCCL INFO Channel 00 : 18[82000] -> 19[83000] via direct shared memory
c197-111:32009:32062 [2] NCCL INFO Channel 00 : 26[82000] -> 27[83000] via direct shared memory
c197-102:20725:20776 [2] NCCL INFO Channel 01 : 22[82000] -> 23[83000] via direct shared memory
c197-111:32009:32062 [2] NCCL INFO Channel 01 : 26[82000] -> 27[83000] via direct shared memory
c197-101:10627:10681 [2] NCCL INFO Channel 01 : 18[82000] -> 19[83000] via direct shared memory
c197-102:20724:20778 [1] NCCL INFO Channel 00 : 21[3000] -> 22[82000] via direct shared memory
c197-091:26688:26741 [2] NCCL INFO Channel 00 : 10[82000] -> 11[83000] via direct shared memory
c197-111:32008:32066 [1] NCCL INFO Channel 00 : 25[3000] -> 26[82000] via direct shared memory
c197-081:32433:32487 [2] NCCL INFO Channel 00 : 2[82000] -> 3[83000] via direct shared memory
c197-102:20724:20778 [1] NCCL INFO Channel 01 : 21[3000] -> 22[82000] via direct shared memory
c197-101:10626:10678 [1] NCCL INFO Channel 00 : 17[3000] -> 18[82000] via direct shared memory
c197-111:32008:32066 [1] NCCL INFO Channel 01 : 25[3000] -> 26[82000] via direct shared memory
c197-112:10802:10853 [2] NCCL INFO Channel 00 : 30[82000] -> 31[83000] via direct shared memory
c197-082:7146:7198 [2] NCCL INFO Channel 00 : 6[82000] -> 7[83000] via direct shared memory
c197-091:26688:26741 [2] NCCL INFO Channel 01 : 10[82000] -> 11[83000] via direct shared memory
c197-101:10626:10678 [1] NCCL INFO Channel 01 : 17[3000] -> 18[82000] via direct shared memory
c197-112:10801:10858 [1] NCCL INFO Channel 00 : 29[3000] -> 30[82000] via direct shared memory
c197-112:10802:10853 [2] NCCL INFO Channel 01 : 30[82000] -> 31[83000] via direct shared memory
c197-082:7146:7198 [2] NCCL INFO Channel 01 : 6[82000] -> 7[83000] via direct shared memory
c197-081:32433:32487 [2] NCCL INFO Channel 01 : 2[82000] -> 3[83000] via direct shared memory
c197-092:5501:5552 [2] NCCL INFO Channel 00 : 14[82000] -> 15[83000] via direct shared memory
c197-112:10801:10858 [1] NCCL INFO Channel 01 : 29[3000] -> 30[82000] via direct shared memory
c197-081:32432:32491 [1] NCCL INFO Channel 00 : 1[3000] -> 2[82000] via direct shared memory
c197-092:5500:5555 [1] NCCL INFO Channel 00 : 13[3000] -> 14[82000] via direct shared memory
c197-092:5501:5552 [2] NCCL INFO Channel 01 : 14[82000] -> 15[83000] via direct shared memory
c197-091:26687:26739 [1] NCCL INFO Channel 00 : 9[3000] -> 10[82000] via direct shared memory
c197-082:7145:7200 [1] NCCL INFO Channel 00 : 5[3000] -> 6[82000] via direct shared memory
c197-092:5500:5555 [1] NCCL INFO Channel 01 : 13[3000] -> 14[82000] via direct shared memory
c197-081:32432:32491 [1] NCCL INFO Channel 01 : 1[3000] -> 2[82000] via direct shared memory
c197-082:7145:7200 [1] NCCL INFO Channel 01 : 5[3000] -> 6[82000] via direct shared memory
c197-091:26687:26739 [1] NCCL INFO Channel 01 : 9[3000] -> 10[82000] via direct shared memory
c197-101:10628:10682 [3] NCCL INFO Channel 00/0 : 19[83000] -> 20[2000] [send] via NET/IB/0
c197-102:20726:20782 [3] NCCL INFO Channel 00/0 : 23[83000] -> 24[2000] [send] via NET/IB/0
c197-111:32010:32064 [3] NCCL INFO Channel 00/0 : 27[83000] -> 28[2000] [send] via NET/IB/0
c197-082:7147:7201 [3] NCCL INFO Channel 00/0 : 7[83000] -> 8[2000] [send] via NET/IB/0
c197-112:10803:10856 [3] NCCL INFO Channel 00/0 : 31[83000] -> 0[2000] [send] via NET/IB/0
c197-091:26689:26744 [3] NCCL INFO Channel 00/0 : 11[83000] -> 12[2000] [send] via NET/IB/0
c197-081:32434:32489 [3] NCCL INFO Channel 00/0 : 3[83000] -> 4[2000] [send] via NET/IB/0
c197-092:5502:5558 [3] NCCL INFO Channel 00/0 : 15[83000] -> 16[2000] [send] via NET/IB/0
c197-102:20723:20781 [0] NCCL INFO Channel 01/0 : 19[83000] -> 20[2000] [receive] via NET/IB/0
c197-112:10800:10859 [0] NCCL INFO Channel 01/0 : 27[83000] -> 28[2000] [receive] via NET/IB/0
c197-112:10800:10859 [0] NCCL INFO Channel 00 : 28[2000] -> 29[3000] via direct shared memory
c197-102:20723:20781 [0] NCCL INFO Channel 00 : 20[2000] -> 21[3000] via direct shared memory
c197-081:32431:32482 [0] NCCL INFO Channel 01/0 : 31[83000] -> 0[2000] [receive] via NET/IB/0
c197-101:10625:10684 [0] NCCL INFO Channel 01/0 : 15[83000] -> 16[2000] [receive] via NET/IB/0
c197-112:10800:10859 [0] NCCL INFO Channel 01 : 28[2000] -> 29[3000] via direct shared memory
c197-102:20723:20781 [0] NCCL INFO Channel 01 : 20[2000] -> 21[3000] via direct shared memory
c197-091:26686:26745 [0] NCCL INFO Channel 01/0 : 7[83000] -> 8[2000] [receive] via NET/IB/0
c197-101:10625:10684 [0] NCCL INFO Channel 00 : 16[2000] -> 17[3000] via direct shared memory
c197-092:5499:5556 [0] NCCL INFO Channel 01/0 : 11[83000] -> 12[2000] [receive] via NET/IB/0
c197-081:32431:32482 [0] NCCL INFO Channel 00 : 0[2000] -> 1[3000] via direct shared memory
c197-101:10625:10684 [0] NCCL INFO Channel 01 : 16[2000] -> 17[3000] via direct shared memory
c197-091:26686:26745 [0] NCCL INFO Channel 00 : 8[2000] -> 9[3000] via direct shared memory
c197-081:32431:32482 [0] NCCL INFO Channel 01 : 0[2000] -> 1[3000] via direct shared memory
c197-092:5499:5556 [0] NCCL INFO Channel 00 : 12[2000] -> 13[3000] via direct shared memory
c197-091:26686:26745 [0] NCCL INFO Channel 01 : 8[2000] -> 9[3000] via direct shared memory
c197-092:5499:5556 [0] NCCL INFO Channel 01 : 12[2000] -> 13[3000] via direct shared memory
c197-082:7144:7203 [0] NCCL INFO Channel 01/0 : 3[83000] -> 4[2000] [receive] via NET/IB/0
c197-082:7144:7203 [0] NCCL INFO Channel 00 : 4[2000] -> 5[3000] via direct shared memory
c197-111:32007:32068 [0] NCCL INFO Channel 01/0 : 23[83000] -> 24[2000] [receive] via NET/IB/0
c197-082:7144:7203 [0] NCCL INFO Channel 01 : 4[2000] -> 5[3000] via direct shared memory
c197-111:32007:32068 [0] NCCL INFO Channel 00 : 24[2000] -> 25[3000] via direct shared memory
c197-111:32007:32068 [0] NCCL INFO Channel 01 : 24[2000] -> 25[3000] via direct shared memory
c197-102:20724:20778 [1] NCCL INFO Connected all rings
c197-112:10801:10858 [1] NCCL INFO Connected all rings
c197-092:5500:5555 [1] NCCL INFO Connected all rings
c197-101:10626:10678 [1] NCCL INFO Connected all rings
c197-081:32432:32491 [1] NCCL INFO Connected all rings
c197-091:26687:26739 [1] NCCL INFO Connected all rings
c197-111:32008:32066 [1] NCCL INFO Connected all rings
c197-082:7145:7200 [1] NCCL INFO Connected all rings
c197-102:20724:20778 [1] NCCL INFO Channel 01/0 : 21[3000] -> 24[2000] [send] via NET/IB/0
c197-092:5500:5555 [1] NCCL INFO Channel 01/0 : 13[3000] -> 20[2000] [send] via NET/IB/0
c197-101:10626:10678 [1] NCCL INFO Channel 00/0 : 8[2000] -> 17[3000] [receive] via NET/IB/0
c197-091:26687:26739 [1] NCCL INFO Channel 00/0 : 4[2000] -> 9[3000] [receive] via NET/IB/0
c197-111:32008:32066 [1] NCCL INFO Channel 00/0 : 20[2000] -> 25[3000] [receive] via NET/IB/0
c197-082:7145:7200 [1] NCCL INFO Channel 01/0 : 5[3000] -> 8[2000] [send] via NET/IB/0
c197-101:10628:10682 [3] NCCL INFO Channel 01/0 : 19[83000] -> 20[2000] [send] via NET/IB/0
c197-082:7147:7201 [3] NCCL INFO Channel 01/0 : 7[83000] -> 8[2000] [send] via NET/IB/0
c197-102:20726:20782 [3] NCCL INFO Channel 01/0 : 23[83000] -> 24[2000] [send] via NET/IB/0
c197-112:10803:10856 [3] NCCL INFO Channel 01/0 : 31[83000] -> 0[2000] [send] via NET/IB/0
c197-111:32010:32064 [3] NCCL INFO Channel 01/0 : 27[83000] -> 28[2000] [send] via NET/IB/0
c197-081:32434:32489 [3] NCCL INFO Channel 01/0 : 3[83000] -> 4[2000] [send] via NET/IB/0
c197-091:26689:26744 [3] NCCL INFO Channel 01/0 : 11[83000] -> 12[2000] [send] via NET/IB/0
c197-092:5502:5558 [3] NCCL INFO Channel 01/0 : 15[83000] -> 16[2000] [send] via NET/IB/0
c197-101:10627:10681 [2] NCCL INFO Connected all rings
c197-082:7146:7198 [2] NCCL INFO Connected all rings
c197-112:10802:10853 [2] NCCL INFO Connected all rings
c197-081:32433:32487 [2] NCCL INFO Connected all rings
c197-102:20725:20776 [2] NCCL INFO Connected all rings
c197-111:32009:32062 [2] NCCL INFO Connected all rings
c197-091:26688:26741 [2] NCCL INFO Connected all rings
c197-092:5501:5552 [2] NCCL INFO Connected all rings
c197-112:10801:10858 [1] NCCL INFO Channel 00 : 29[3000] -> 28[2000] via direct shared memory
c197-112:10801:10858 [1] NCCL INFO Channel 01 : 29[3000] -> 28[2000] via direct shared memory
c197-081:32432:32491 [1] NCCL INFO Channel 00 : 1[3000] -> 0[2000] via direct shared memory
c197-081:32432:32491 [1] NCCL INFO Channel 01 : 1[3000] -> 0[2000] via direct shared memory
c197-101:10628:10682 [3] NCCL INFO Connected all rings
c197-101:10628:10682 [3] NCCL INFO Channel 00 : 19[83000] -> 18[82000] via direct shared memory
c197-101:10628:10682 [3] NCCL INFO Channel 01 : 19[83000] -> 18[82000] via direct shared memory
c197-102:20726:20782 [3] NCCL INFO Connected all rings
c197-082:7147:7201 [3] NCCL INFO Connected all rings
c197-102:20726:20782 [3] NCCL INFO Channel 00 : 23[83000] -> 22[82000] via direct shared memory
c197-082:7147:7201 [3] NCCL INFO Channel 00 : 7[83000] -> 6[82000] via direct shared memory
c197-102:20726:20782 [3] NCCL INFO Channel 01 : 23[83000] -> 22[82000] via direct shared memory
c197-082:7147:7201 [3] NCCL INFO Channel 01 : 7[83000] -> 6[82000] via direct shared memory
c197-111:32010:32064 [3] NCCL INFO Connected all rings
c197-112:10803:10856 [3] NCCL INFO Connected all rings
c197-111:32010:32064 [3] NCCL INFO Channel 00 : 27[83000] -> 26[82000] via direct shared memory
c197-112:10803:10856 [3] NCCL INFO Channel 00 : 31[83000] -> 30[82000] via direct shared memory
c197-091:26689:26744 [3] NCCL INFO Connected all rings
c197-091:26689:26744 [3] NCCL INFO Channel 00 : 11[83000] -> 10[82000] via direct shared memory
c197-111:32010:32064 [3] NCCL INFO Channel 01 : 27[83000] -> 26[82000] via direct shared memory
c197-112:10803:10856 [3] NCCL INFO Channel 01 : 31[83000] -> 30[82000] via direct shared memory
c197-091:26689:26744 [3] NCCL INFO Channel 01 : 11[83000] -> 10[82000] via direct shared memory
c197-081:32434:32489 [3] NCCL INFO Connected all rings
c197-092:5502:5558 [3] NCCL INFO Connected all rings
c197-081:32434:32489 [3] NCCL INFO Channel 00 : 3[83000] -> 2[82000] via direct shared memory
c197-092:5502:5558 [3] NCCL INFO Channel 00 : 15[83000] -> 14[82000] via direct shared memory
c197-081:32434:32489 [3] NCCL INFO Channel 01 : 3[83000] -> 2[82000] via direct shared memory
c197-092:5502:5558 [3] NCCL INFO Channel 01 : 15[83000] -> 14[82000] via direct shared memory
c197-091:26686:26745 [0] NCCL INFO Connected all rings
c197-102:20723:20781 [0] NCCL INFO Connected all rings
c197-082:7144:7203 [0] NCCL INFO Connected all rings
c197-092:5499:5556 [0] NCCL INFO Connected all rings
c197-112:10800:10859 [0] NCCL INFO Connected all rings
c197-102:20725:20776 [2] NCCL INFO Channel 00 : 22[82000] -> 21[3000] via direct shared memory
c197-101:10625:10684 [0] NCCL INFO Connected all rings
c197-102:20725:20776 [2] NCCL INFO Channel 01 : 22[82000] -> 21[3000] via direct shared memory
c197-111:32007:32068 [0] NCCL INFO Connected all rings
c197-081:32431:32482 [0] NCCL INFO Connected all rings
c197-101:10627:10681 [2] NCCL INFO Channel 00 : 18[82000] -> 17[3000] via direct shared memory
c197-091:26688:26741 [2] NCCL INFO Channel 00 : 10[82000] -> 9[3000] via direct shared memory
c197-091:26688:26741 [2] NCCL INFO Channel 01 : 10[82000] -> 9[3000] via direct shared memory
c197-101:10627:10681 [2] NCCL INFO Channel 01 : 18[82000] -> 17[3000] via direct shared memory
c197-111:32009:32062 [2] NCCL INFO Channel 00 : 26[82000] -> 25[3000] via direct shared memory
c197-112:10802:10853 [2] NCCL INFO Channel 00 : 30[82000] -> 29[3000] via direct shared memory
c197-111:32009:32062 [2] NCCL INFO Channel 01 : 26[82000] -> 25[3000] via direct shared memory
c197-092:5501:5552 [2] NCCL INFO Channel 00 : 14[82000] -> 13[3000] via direct shared memory
c197-082:7146:7198 [2] NCCL INFO Channel 00 : 6[82000] -> 5[3000] via direct shared memory
c197-092:5501:5552 [2] NCCL INFO Channel 01 : 14[82000] -> 13[3000] via direct shared memory
c197-112:10802:10853 [2] NCCL INFO Channel 01 : 30[82000] -> 29[3000] via direct shared memory
c197-082:7146:7198 [2] NCCL INFO Channel 01 : 6[82000] -> 5[3000] via direct shared memory
c197-081:32433:32487 [2] NCCL INFO Channel 00 : 2[82000] -> 1[3000] via direct shared memory
c197-081:32433:32487 [2] NCCL INFO Channel 01 : 2[82000] -> 1[3000] via direct shared memory
c197-102:20726:20782 [3] NCCL INFO Connected all trees
c197-102:20726:20782 [3] NCCL INFO MSCCL_XML_FILES set by environment to /home1/09168/ldai1/ccl-build/msccl_tools_lyd/examples/xml/xml_lyd/binary_tree/allreduce_binary_tree_2ch_2tree_4chunk_8node_32gpu.xml
c197-102:20726:20782 [3] NCCL INFO MSCCL: Parsing algorithm /home1/09168/ldai1/ccl-build/msccl_tools_lyd/examples/xml/xml_lyd/binary_tree/allreduce_binary_tree_2ch_2tree_4chunk_8node_32gpu.xml
c197-101:10628:10682 [3] NCCL INFO Connected all trees
c197-101:10628:10682 [3] NCCL INFO MSCCL_XML_FILES set by environment to /home1/09168/ldai1/ccl-build/msccl_tools_lyd/examples/xml/xml_lyd/binary_tree/allreduce_binary_tree_2ch_2tree_4chunk_8node_32gpu.xml
c197-091:26689:26744 [3] NCCL INFO Connected all trees
c197-091:26689:26744 [3] NCCL INFO MSCCL_XML_FILES set by environment to /home1/09168/ldai1/ccl-build/msccl_tools_lyd/examples/xml/xml_lyd/binary_tree/allreduce_binary_tree_2ch_2tree_4chunk_8node_32gpu.xml
c197-091:26689:26744 [3] NCCL INFO MSCCL: Parsing algorithm /home1/09168/ldai1/ccl-build/msccl_tools_lyd/examples/xml/xml_lyd/binary_tree/allreduce_binary_tree_2ch_2tree_4chunk_8node_32gpu.xml
c197-101:10628:10682 [3] NCCL INFO MSCCL: Parsing algorithm /home1/09168/ldai1/ccl-build/msccl_tools_lyd/examples/xml/xml_lyd/binary_tree/allreduce_binary_tree_2ch_2tree_4chunk_8node_32gpu.xml
c197-111:32010:32064 [3] NCCL INFO Connected all trees
c197-111:32010:32064 [3] NCCL INFO MSCCL_XML_FILES set by environment to /home1/09168/ldai1/ccl-build/msccl_tools_lyd/examples/xml/xml_lyd/binary_tree/allreduce_binary_tree_2ch_2tree_4chunk_8node_32gpu.xml
c197-092:5502:5558 [3] NCCL INFO Connected all trees
c197-111:32010:32064 [3] NCCL INFO MSCCL: Parsing algorithm /home1/09168/ldai1/ccl-build/msccl_tools_lyd/examples/xml/xml_lyd/binary_tree/allreduce_binary_tree_2ch_2tree_4chunk_8node_32gpu.xml
c197-112:10803:10856 [3] NCCL INFO Connected all trees
c197-112:10803:10856 [3] NCCL INFO MSCCL_XML_FILES set by environment to /home1/09168/ldai1/ccl-build/msccl_tools_lyd/examples/xml/xml_lyd/binary_tree/allreduce_binary_tree_2ch_2tree_4chunk_8node_32gpu.xml
c197-082:7147:7201 [3] NCCL INFO Connected all trees
c197-082:7147:7201 [3] NCCL INFO MSCCL_XML_FILES set by environment to /home1/09168/ldai1/ccl-build/msccl_tools_lyd/examples/xml/xml_lyd/binary_tree/allreduce_binary_tree_2ch_2tree_4chunk_8node_32gpu.xml
c197-092:5502:5558 [3] NCCL INFO MSCCL_XML_FILES set by environment to /home1/09168/ldai1/ccl-build/msccl_tools_lyd/examples/xml/xml_lyd/binary_tree/allreduce_binary_tree_2ch_2tree_4chunk_8node_32gpu.xml
c197-112:10803:10856 [3] NCCL INFO MSCCL: Parsing algorithm /home1/09168/ldai1/ccl-build/msccl_tools_lyd/examples/xml/xml_lyd/binary_tree/allreduce_binary_tree_2ch_2tree_4chunk_8node_32gpu.xml
c197-082:7147:7201 [3] NCCL INFO MSCCL: Parsing algorithm /home1/09168/ldai1/ccl-build/msccl_tools_lyd/examples/xml/xml_lyd/binary_tree/allreduce_binary_tree_2ch_2tree_4chunk_8node_32gpu.xml
c197-092:5502:5558 [3] NCCL INFO MSCCL: Parsing algorithm /home1/09168/ldai1/ccl-build/msccl_tools_lyd/examples/xml/xml_lyd/binary_tree/allreduce_binary_tree_2ch_2tree_4chunk_8node_32gpu.xml
c197-112:10802:10853 [2] NCCL INFO Connected all trees
c197-112:10802:10853 [2] NCCL INFO MSCCL_XML_FILES set by environment to /home1/09168/ldai1/ccl-build/msccl_tools_lyd/examples/xml/xml_lyd/binary_tree/allreduce_binary_tree_2ch_2tree_4chunk_8node_32gpu.xml
c197-112:10802:10853 [2] NCCL INFO MSCCL: Parsing algorithm /home1/09168/ldai1/ccl-build/msccl_tools_lyd/examples/xml/xml_lyd/binary_tree/allreduce_binary_tree_2ch_2tree_4chunk_8node_32gpu.xml
c197-081:32434:32489 [3] NCCL INFO Connected all trees
c197-081:32434:32489 [3] NCCL INFO MSCCL_XML_FILES set by environment to /home1/09168/ldai1/ccl-build/msccl_tools_lyd/examples/xml/xml_lyd/binary_tree/allreduce_binary_tree_2ch_2tree_4chunk_8node_32gpu.xml
c197-081:32434:32489 [3] NCCL INFO MSCCL: Parsing algorithm /home1/09168/ldai1/ccl-build/msccl_tools_lyd/examples/xml/xml_lyd/binary_tree/allreduce_binary_tree_2ch_2tree_4chunk_8node_32gpu.xml
c197-081:32433:32487 [2] NCCL INFO Connected all trees
c197-081:32433:32487 [2] NCCL INFO MSCCL_XML_FILES set by environment to /home1/09168/ldai1/ccl-build/msccl_tools_lyd/examples/xml/xml_lyd/binary_tree/allreduce_binary_tree_2ch_2tree_4chunk_8node_32gpu.xml
c197-081:32433:32487 [2] NCCL INFO MSCCL: Parsing algorithm /home1/09168/ldai1/ccl-build/msccl_tools_lyd/examples/xml/xml_lyd/binary_tree/allreduce_binary_tree_2ch_2tree_4chunk_8node_32gpu.xml
c197-091:26686:26745 [0] NCCL INFO Channel 01/0 : 5[3000] -> 8[2000] [receive] via NET/IB/0
c197-082:7144:7203 [0] NCCL INFO Channel 01/0 : 0[2000] -> 4[2000] [receive] via NET/IB/0
c197-102:20723:20781 [0] NCCL INFO Channel 01/0 : 16[2000] -> 20[2000] [receive] via NET/IB/0
c197-092:5499:5556 [0] NCCL INFO Channel 00/0 : 8[2000] -> 12[2000] [receive] via NET/IB/0
c197-112:10800:10859 [0] NCCL INFO Channel 00/0 : 24[2000] -> 28[2000] [receive] via NET/IB/0
c197-111:32007:32068 [0] NCCL INFO Channel 01/0 : 21[3000] -> 24[2000] [receive] via NET/IB/0
c197-081:32431:32482 [0] NCCL INFO Channel 01/0 : 0[2000] -> 4[2000] [send] via NET/IB/0
c197-101:10625:10684 [0] NCCL INFO Channel 01/0 : 16[2000] -> 20[2000] [send] via NET/IB/0
c197-112:10803:10856 [3] NCCL INFO Parsed MSCCL Algorithm /home1/09168/ldai1/ccl-build/msccl_tools_lyd/examples/xml/xml_lyd/binary_tree/allreduce_binary_tree_2ch_2tree_4chunk_8node_32gpu.xml successfully.
c197-111:32010:32064 [3] NCCL INFO Parsed MSCCL Algorithm /home1/09168/ldai1/ccl-build/msccl_tools_lyd/examples/xml/xml_lyd/binary_tree/allreduce_binary_tree_2ch_2tree_4chunk_8node_32gpu.xml successfully.
c197-081:32434:32489 [3] NCCL INFO Parsed MSCCL Algorithm /home1/09168/ldai1/ccl-build/msccl_tools_lyd/examples/xml/xml_lyd/binary_tree/allreduce_binary_tree_2ch_2tree_4chunk_8node_32gpu.xml successfully.
c197-102:20726:20782 [3] NCCL INFO Parsed MSCCL Algorithm /home1/09168/ldai1/ccl-build/msccl_tools_lyd/examples/xml/xml_lyd/binary_tree/allreduce_binary_tree_2ch_2tree_4chunk_8node_32gpu.xml successfully.
c197-101:10628:10682 [3] NCCL INFO Parsed MSCCL Algorithm /home1/09168/ldai1/ccl-build/msccl_tools_lyd/examples/xml/xml_lyd/binary_tree/allreduce_binary_tree_2ch_2tree_4chunk_8node_32gpu.xml successfully.
c197-092:5502:5558 [3] NCCL INFO Parsed MSCCL Algorithm /home1/09168/ldai1/ccl-build/msccl_tools_lyd/examples/xml/xml_lyd/binary_tree/allreduce_binary_tree_2ch_2tree_4chunk_8node_32gpu.xml successfully.
c197-091:26689:26744 [3] NCCL INFO Parsed MSCCL Algorithm /home1/09168/ldai1/ccl-build/msccl_tools_lyd/examples/xml/xml_lyd/binary_tree/allreduce_binary_tree_2ch_2tree_4chunk_8node_32gpu.xml successfully.
c197-112:10802:10853 [2] NCCL INFO Parsed MSCCL Algorithm /home1/09168/ldai1/ccl-build/msccl_tools_lyd/examples/xml/xml_lyd/binary_tree/allreduce_binary_tree_2ch_2tree_4chunk_8node_32gpu.xml successfully.
c197-081:32433:32487 [2] NCCL INFO Parsed MSCCL Algorithm /home1/09168/ldai1/ccl-build/msccl_tools_lyd/examples/xml/xml_lyd/binary_tree/allreduce_binary_tree_2ch_2tree_4chunk_8node_32gpu.xml successfully.
c197-082:7147:7201 [3] NCCL INFO Parsed MSCCL Algorithm /home1/09168/ldai1/ccl-build/msccl_tools_lyd/examples/xml/xml_lyd/binary_tree/allreduce_binary_tree_2ch_2tree_4chunk_8node_32gpu.xml successfully.
c197-112:10802:10853 [2] NCCL INFO Channel 02 : 30[82000] -> 31[83000] via direct shared memory
c197-112:10802:10853 [2] NCCL INFO Channel 03 : 30[82000] -> 31[83000] via direct shared memory
c197-081:32433:32487 [2] NCCL INFO Channel 02 : 2[82000] -> 3[83000] via direct shared memory
c197-081:32433:32487 [2] NCCL INFO Channel 03 : 2[82000] -> 3[83000] via direct shared memory
c197-112:10803:10856 [3] NCCL INFO Channel 01/0 : 27[83000] -> 31[83000] [receive] via NET/IB/0
c197-081:32434:32489 [3] NCCL INFO Channel 03/0 : 3[83000] -> 7[83000] [send] via NET/IB/0
c197-091:26686:26745 [0] NCCL INFO Channel 00/0 : 8[2000] -> 12[2000] [send] via NET/IB/0
c197-082:7145:7200 [1] NCCL INFO Channel 01/0 : 8[2000] -> 5[3000] [receive] via NET/IB/0
c197-101:10625:10684 [0] NCCL INFO Channel 00/0 : 16[2000] -> 24[2000] [send] via NET/IB/0
c197-081:32431:32482 [0] NCCL INFO Channel 00/0 : 16[2000] -> 0[2000] [receive] via NET/IB/0
c197-082:7144:7203 [0] NCCL INFO Channel 00/0 : 4[2000] -> 9[3000] [send] via NET/IB/0
c197-102:20723:20781 [0] NCCL INFO Channel 00/0 : 20[2000] -> 25[3000] [send] via NET/IB/0
c197-102:20724:20778 [1] NCCL INFO Channel 01/0 : 24[2000] -> 21[3000] [receive] via NET/IB/0
c197-111:32007:32068 [0] NCCL INFO Channel 00/0 : 24[2000] -> 28[2000] [send] via NET/IB/0
c197-081:32431:32482 [0] NCCL INFO Channel 00/0 : 0[2000] -> 16[2000] [send] via NET/IB/0
c197-092:5499:5556 [0] NCCL INFO Channel 01/0 : 4[2000] -> 12[2000] [receive] via NET/IB/0
c197-082:7144:7203 [0] NCCL INFO Channel 01/0 : 4[2000] -> 12[2000] [send] via NET/IB/0
c197-102:20723:20781 [0] NCCL INFO Channel 01/0 : 13[3000] -> 20[2000] [receive] via NET/IB/0
c197-111:32007:32068 [0] NCCL INFO Channel 00/0 : 16[2000] -> 24[2000] [receive] via NET/IB/0
c197-112:10800:10859 [0] NCCL INFO Channel 01/0 : 12[2000] -> 28[2000] [receive] via NET/IB/0
c197-111:32008:32066 [1] NCCL INFO Channel 00/0 : 25[3000] -> 20[2000] [send] via NET/IB/0
c197-091:26687:26739 [1] NCCL INFO Channel 00/0 : 9[3000] -> 4[2000] [send] via NET/IB/0
c197-091:26686:26745 [0] NCCL INFO Channel 00/0 : 8[2000] -> 17[3000] [send] via NET/IB/0
c197-112:10800:10859 [0] NCCL INFO Channel 01/0 : 28[2000] -> 12[2000] [send] via NET/IB/0
c197-101:10625:10684 [0] NCCL INFO Channel 00/0 : 0[2000] -> 16[2000] [receive] via NET/IB/0
c197-102:20723:20781 [0] NCCL INFO Channel 01/0 : 20[2000] -> 13[3000] [send] via NET/IB/0
c197-111:32007:32068 [0] NCCL INFO Channel 00/0 : 24[2000] -> 16[2000] [send] via NET/IB/0
c197-092:5499:5556 [0] NCCL INFO Channel 01/0 : 28[2000] -> 12[2000] [receive] via NET/IB/0
c197-092:5500:5555 [1] NCCL INFO Channel 01/0 : 20[2000] -> 13[3000] [receive] via NET/IB/0
c197-082:7144:7203 [0] NCCL INFO Channel 01/0 : 12[2000] -> 4[2000] [receive] via NET/IB/0
c197-101:10626:10678 [1] NCCL INFO Channel 00/0 : 17[3000] -> 8[2000] [send] via NET/IB/0
c197-091:26686:26745 [0] NCCL INFO Channel 00/0 : 17[3000] -> 8[2000] [receive] via NET/IB/0
c197-092:5500:5555 [1] NCCL INFO Channel 00 : 13[3000] -> 12[2000] via direct shared memory
c197-092:5500:5555 [1] NCCL INFO Channel 01 : 13[3000] -> 12[2000] via direct shared memory
c197-092:5501:5552 [2] NCCL INFO Connected all trees
c197-092:5501:5552 [2] NCCL INFO MSCCL_XML_FILES set by environment to /home1/09168/ldai1/ccl-build/msccl_tools_lyd/examples/xml/xml_lyd/binary_tree/allreduce_binary_tree_2ch_2tree_4chunk_8node_32gpu.xml
c197-092:5501:5552 [2] NCCL INFO MSCCL: Parsing algorithm /home1/09168/ldai1/ccl-build/msccl_tools_lyd/examples/xml/xml_lyd/binary_tree/allreduce_binary_tree_2ch_2tree_4chunk_8node_32gpu.xml
c197-092:5501:5552 [2] NCCL INFO Parsed MSCCL Algorithm /home1/09168/ldai1/ccl-build/msccl_tools_lyd/examples/xml/xml_lyd/binary_tree/allreduce_binary_tree_2ch_2tree_4chunk_8node_32gpu.xml successfully.
c197-101:10626:10678 [1] NCCL INFO Channel 00 : 17[3000] -> 16[2000] via direct shared memory
c197-101:10626:10678 [1] NCCL INFO Channel 01 : 17[3000] -> 16[2000] via direct shared memory
c197-101:10625:10684 [0] NCCL INFO Channel 00/0 : 16[2000] -> 0[2000] [send] via NET/IB/0
c197-092:5499:5556 [0] NCCL INFO Channel 01/0 : 12[2000] -> 28[2000] [send] via NET/IB/0
c197-101:10627:10681 [2] NCCL INFO Connected all trees
c197-101:10627:10681 [2] NCCL INFO MSCCL_XML_FILES set by environment to /home1/09168/ldai1/ccl-build/msccl_tools_lyd/examples/xml/xml_lyd/binary_tree/allreduce_binary_tree_2ch_2tree_4chunk_8node_32gpu.xml
c197-101:10627:10681 [2] NCCL INFO MSCCL: Parsing algorithm /home1/09168/ldai1/ccl-build/msccl_tools_lyd/examples/xml/xml_lyd/binary_tree/allreduce_binary_tree_2ch_2tree_4chunk_8node_32gpu.xml
c197-102:20723:20781 [0] NCCL INFO Channel 00/0 : 25[3000] -> 20[2000] [receive] via NET/IB/0
c197-092:5501:5552 [2] NCCL INFO Channel 02 : 14[82000] -> 15[83000] via direct shared memory
c197-092:5501:5552 [2] NCCL INFO Channel 03 : 14[82000] -> 15[83000] via direct shared memory
c197-092:5502:5558 [3] NCCL INFO Channel 01/0 : 11[83000] -> 15[83000] [receive] via NET/IB/0
c197-101:10627:10681 [2] NCCL INFO Parsed MSCCL Algorithm /home1/09168/ldai1/ccl-build/msccl_tools_lyd/examples/xml/xml_lyd/binary_tree/allreduce_binary_tree_2ch_2tree_4chunk_8node_32gpu.xml successfully.
c197-091:26686:26745 [0] NCCL INFO Channel 00/0 : 12[2000] -> 8[2000] [receive] via NET/IB/0
c197-101:10627:10681 [2] NCCL INFO Channel 02 : 18[82000] -> 19[83000] via direct shared memory
c197-101:10627:10681 [2] NCCL INFO Channel 03 : 18[82000] -> 19[83000] via direct shared memory
c197-101:10628:10682 [3] NCCL INFO Channel 03/0 : 19[83000] -> 23[83000] [send] via NET/IB/0
c197-111:32008:32066 [1] NCCL INFO Channel 00 : 25[3000] -> 24[2000] via direct shared memory
c197-111:32008:32066 [1] NCCL INFO Channel 01 : 25[3000] -> 24[2000] via direct shared memory
c197-111:32009:32062 [2] NCCL INFO Connected all trees
c197-111:32009:32062 [2] NCCL INFO MSCCL_XML_FILES set by environment to /home1/09168/ldai1/ccl-build/msccl_tools_lyd/examples/xml/xml_lyd/binary_tree/allreduce_binary_tree_2ch_2tree_4chunk_8node_32gpu.xml
c197-111:32009:32062 [2] NCCL INFO MSCCL: Parsing algorithm /home1/09168/ldai1/ccl-build/msccl_tools_lyd/examples/xml/xml_lyd/binary_tree/allreduce_binary_tree_2ch_2tree_4chunk_8node_32gpu.xml
c197-111:32009:32062 [2] NCCL INFO Parsed MSCCL Algorithm /home1/09168/ldai1/ccl-build/msccl_tools_lyd/examples/xml/xml_lyd/binary_tree/allreduce_binary_tree_2ch_2tree_4chunk_8node_32gpu.xml successfully.
c197-081:32431:32482 [0] NCCL INFO Channel 01/0 : 4[2000] -> 0[2000] [receive] via NET/IB/0
c197-101:10625:10684 [0] NCCL INFO Channel 00/0 : 24[2000] -> 16[2000] [receive] via NET/IB/0
c197-102:20723:20781 [0] NCCL INFO Channel 01/0 : 20[2000] -> 16[2000] [send] via NET/IB/0
c197-112:10800:10859 [0] NCCL INFO Channel 00/0 : 28[2000] -> 24[2000] [send] via NET/IB/0
c197-092:5499:5556 [0] NCCL INFO Channel 01/0 : 12[2000] -> 4[2000] [send] via NET/IB/0
c197-111:32009:32062 [2] NCCL INFO Channel 02 : 26[82000] -> 27[83000] via direct shared memory
c197-111:32009:32062 [2] NCCL INFO Channel 03 : 26[82000] -> 27[83000] via direct shared memory
c197-111:32010:32064 [3] NCCL INFO Channel 01/0 : 27[83000] -> 31[83000] [send] via NET/IB/0
c197-111:32007:32068 [0] NCCL INFO Channel 00/0 : 28[2000] -> 24[2000] [receive] via NET/IB/0
c197-101:10625:10684 [0] NCCL INFO Channel 01/0 : 20[2000] -> 16[2000] [receive] via NET/IB/0
c197-111:32010:32064 [3] NCCL INFO Channel 03/0 : 22[82000] -> 27[83000] [receive] via NET/IB/0
c197-092:5499:5556 [0] NCCL INFO Channel 00/0 : 12[2000] -> 8[2000] [send] via NET/IB/0
c197-112:10803:10856 [3] NCCL INFO Channel 03/0 : 15[83000] -> 31[83000] [receive] via NET/IB/0
c197-082:7144:7203 [0] NCCL INFO Channel 00/0 : 9[3000] -> 4[2000] [receive] via NET/IB/0
c197-112:10800:10859 [0] NCCL INFO Connected all trees
c197-112:10800:10859 [0] NCCL INFO MSCCL_XML_FILES set by environment to /home1/09168/ldai1/ccl-build/msccl_tools_lyd/examples/xml/xml_lyd/binary_tree/allreduce_binary_tree_2ch_2tree_4chunk_8node_32gpu.xml
c197-112:10800:10859 [0] NCCL INFO MSCCL: Parsing algorithm /home1/09168/ldai1/ccl-build/msccl_tools_lyd/examples/xml/xml_lyd/binary_tree/allreduce_binary_tree_2ch_2tree_4chunk_8node_32gpu.xml
c197-101:10625:10684 [0] NCCL INFO Connected all trees
c197-101:10625:10684 [0] NCCL INFO MSCCL_XML_FILES set by environment to /home1/09168/ldai1/ccl-build/msccl_tools_lyd/examples/xml/xml_lyd/binary_tree/allreduce_binary_tree_2ch_2tree_4chunk_8node_32gpu.xml
c197-101:10625:10684 [0] NCCL INFO MSCCL: Parsing algorithm /home1/09168/ldai1/ccl-build/msccl_tools_lyd/examples/xml/xml_lyd/binary_tree/allreduce_binary_tree_2ch_2tree_4chunk_8node_32gpu.xml
c197-112:10801:10858 [1] NCCL INFO Connected all trees
c197-112:10801:10858 [1] NCCL INFO MSCCL_XML_FILES set by environment to /home1/09168/ldai1/ccl-build/msccl_tools_lyd/examples/xml/xml_lyd/binary_tree/allreduce_binary_tree_2ch_2tree_4chunk_8node_32gpu.xml
c197-112:10801:10858 [1] NCCL INFO MSCCL: Parsing algorithm /home1/09168/ldai1/ccl-build/msccl_tools_lyd/examples/xml/xml_lyd/binary_tree/allreduce_binary_tree_2ch_2tree_4chunk_8node_32gpu.xml
c197-101:10626:10678 [1] NCCL INFO Connected all trees
c197-101:10626:10678 [1] NCCL INFO MSCCL_XML_FILES set by environment to /home1/09168/ldai1/ccl-build/msccl_tools_lyd/examples/xml/xml_lyd/binary_tree/allreduce_binary_tree_2ch_2tree_4chunk_8node_32gpu.xml
c197-101:10626:10678 [1] NCCL INFO MSCCL: Parsing algorithm /home1/09168/ldai1/ccl-build/msccl_tools_lyd/examples/xml/xml_lyd/binary_tree/allreduce_binary_tree_2ch_2tree_4chunk_8node_32gpu.xml
c197-092:5499:5556 [0] NCCL INFO Connected all trees
c197-092:5499:5556 [0] NCCL INFO MSCCL_XML_FILES set by environment to /home1/09168/ldai1/ccl-build/msccl_tools_lyd/examples/xml/xml_lyd/binary_tree/allreduce_binary_tree_2ch_2tree_4chunk_8node_32gpu.xml
c197-092:5499:5556 [0] NCCL INFO MSCCL: Parsing algorithm /home1/09168/ldai1/ccl-build/msccl_tools_lyd/examples/xml/xml_lyd/binary_tree/allreduce_binary_tree_2ch_2tree_4chunk_8node_32gpu.xml
c197-112:10800:10859 [0] NCCL INFO Parsed MSCCL Algorithm /home1/09168/ldai1/ccl-build/msccl_tools_lyd/examples/xml/xml_lyd/binary_tree/allreduce_binary_tree_2ch_2tree_4chunk_8node_32gpu.xml successfully.
c197-101:10625:10684 [0] NCCL INFO Parsed MSCCL Algorithm /home1/09168/ldai1/ccl-build/msccl_tools_lyd/examples/xml/xml_lyd/binary_tree/allreduce_binary_tree_2ch_2tree_4chunk_8node_32gpu.xml successfully.
c197-112:10800:10859 [0] NCCL INFO Channel 02 : 28[2000] -> 29[3000] via direct shared memory
c197-112:10800:10859 [0] NCCL INFO Channel 03 : 28[2000] -> 29[3000] via direct shared memory
c197-091:26687:26739 [1] NCCL INFO Channel 00 : 9[3000] -> 8[2000] via direct shared memory
c197-091:26687:26739 [1] NCCL INFO Channel 01 : 9[3000] -> 8[2000] via direct shared memory
