TACC:  Starting up job 6212487 
TACC:  Starting parallel tasks... 
# nThread 1 nGpus 1 minBytes 65536 maxBytes 268435456 step: 2(factor) warmup iters: 5 iters: 60 agg iters: 1 validation: 1 graph: 0
#
# Using devices
#  Rank  0 Group  0 Pid  11130 on   c198-011 device  0 [0x02] Quadro RTX 5000
#  Rank  1 Group  0 Pid  11131 on   c198-011 device  1 [0x03] Quadro RTX 5000
#  Rank  2 Group  0 Pid  11132 on   c198-011 device  2 [0x82] Quadro RTX 5000
#  Rank  3 Group  0 Pid  11133 on   c198-011 device  3 [0x83] Quadro RTX 5000
#  Rank  4 Group  0 Pid   8268 on   c198-012 device  0 [0x02] Quadro RTX 5000
#  Rank  5 Group  0 Pid   8269 on   c198-012 device  1 [0x03] Quadro RTX 5000
#  Rank  6 Group  0 Pid   8270 on   c198-012 device  2 [0x82] Quadro RTX 5000
#  Rank  7 Group  0 Pid   8271 on   c198-012 device  3 [0x83] Quadro RTX 5000
#  Rank  8 Group  0 Pid  20139 on   c198-021 device  0 [0x02] Quadro RTX 5000
#  Rank  9 Group  0 Pid  20140 on   c198-021 device  1 [0x03] Quadro RTX 5000
#  Rank 10 Group  0 Pid  20141 on   c198-021 device  2 [0x82] Quadro RTX 5000
#  Rank 11 Group  0 Pid  20142 on   c198-021 device  3 [0x83] Quadro RTX 5000
#  Rank 12 Group  0 Pid  10932 on   c198-022 device  0 [0x02] Quadro RTX 5000
#  Rank 13 Group  0 Pid  10933 on   c198-022 device  1 [0x03] Quadro RTX 5000
#  Rank 14 Group  0 Pid  10934 on   c198-022 device  2 [0x82] Quadro RTX 5000
#  Rank 15 Group  0 Pid  10936 on   c198-022 device  3 [0x83] Quadro RTX 5000
#  Rank 16 Group  0 Pid  20504 on   c198-031 device  0 [0x02] Quadro RTX 5000
#  Rank 17 Group  0 Pid  20505 on   c198-031 device  1 [0x03] Quadro RTX 5000
#  Rank 18 Group  0 Pid  20506 on   c198-031 device  2 [0x82] Quadro RTX 5000
#  Rank 19 Group  0 Pid  20507 on   c198-031 device  3 [0x83] Quadro RTX 5000
#  Rank 20 Group  0 Pid  14372 on   c198-032 device  0 [0x02] Quadro RTX 5000
#  Rank 21 Group  0 Pid  14373 on   c198-032 device  1 [0x03] Quadro RTX 5000
#  Rank 22 Group  0 Pid  14374 on   c198-032 device  2 [0x82] Quadro RTX 5000
#  Rank 23 Group  0 Pid  14375 on   c198-032 device  3 [0x83] Quadro RTX 5000
#  Rank 24 Group  0 Pid   1527 on   c198-041 device  0 [0x02] Quadro RTX 5000
#  Rank 25 Group  0 Pid   1528 on   c198-041 device  1 [0x03] Quadro RTX 5000
#  Rank 26 Group  0 Pid   1529 on   c198-041 device  2 [0x82] Quadro RTX 5000
#  Rank 27 Group  0 Pid   1530 on   c198-041 device  3 [0x83] Quadro RTX 5000
#  Rank 28 Group  0 Pid   3765 on   c198-042 device  0 [0x02] Quadro RTX 5000
#  Rank 29 Group  0 Pid   3766 on   c198-042 device  1 [0x03] Quadro RTX 5000
#  Rank 30 Group  0 Pid   3767 on   c198-042 device  2 [0x82] Quadro RTX 5000
#  Rank 31 Group  0 Pid   3768 on   c198-042 device  3 [0x83] Quadro RTX 5000
#  Rank 32 Group  0 Pid  14502 on   c198-051 device  0 [0x02] Quadro RTX 5000
#  Rank 33 Group  0 Pid  14503 on   c198-051 device  1 [0x03] Quadro RTX 5000
#  Rank 34 Group  0 Pid  14504 on   c198-051 device  2 [0x82] Quadro RTX 5000
#  Rank 35 Group  0 Pid  14505 on   c198-051 device  3 [0x83] Quadro RTX 5000
#  Rank 36 Group  0 Pid  12540 on   c198-052 device  0 [0x02] Quadro RTX 5000
#  Rank 37 Group  0 Pid  12541 on   c198-052 device  1 [0x03] Quadro RTX 5000
#  Rank 38 Group  0 Pid  12542 on   c198-052 device  2 [0x82] Quadro RTX 5000
#  Rank 39 Group  0 Pid  12543 on   c198-052 device  3 [0x83] Quadro RTX 5000
#  Rank 40 Group  0 Pid   5070 on   c198-061 device  0 [0x02] Quadro RTX 5000
#  Rank 41 Group  0 Pid   5071 on   c198-061 device  1 [0x03] Quadro RTX 5000
#  Rank 42 Group  0 Pid   5072 on   c198-061 device  2 [0x82] Quadro RTX 5000
#  Rank 43 Group  0 Pid   5073 on   c198-061 device  3 [0x83] Quadro RTX 5000
#  Rank 44 Group  0 Pid  23746 on   c198-062 device  0 [0x02] Quadro RTX 5000
#  Rank 45 Group  0 Pid  23747 on   c198-062 device  1 [0x03] Quadro RTX 5000
#  Rank 46 Group  0 Pid  23748 on   c198-062 device  2 [0x82] Quadro RTX 5000
#  Rank 47 Group  0 Pid  23749 on   c198-062 device  3 [0x83] Quadro RTX 5000
#  Rank 48 Group  0 Pid  15597 on   c198-071 device  0 [0x02] Quadro RTX 5000
#  Rank 49 Group  0 Pid  15598 on   c198-071 device  1 [0x03] Quadro RTX 5000
#  Rank 50 Group  0 Pid  15599 on   c198-071 device  2 [0x82] Quadro RTX 5000
#  Rank 51 Group  0 Pid  15600 on   c198-071 device  3 [0x83] Quadro RTX 5000
#  Rank 52 Group  0 Pid   9209 on   c198-072 device  0 [0x02] Quadro RTX 5000
#  Rank 53 Group  0 Pid   9210 on   c198-072 device  1 [0x03] Quadro RTX 5000
#  Rank 54 Group  0 Pid   9211 on   c198-072 device  2 [0x82] Quadro RTX 5000
#  Rank 55 Group  0 Pid   9212 on   c198-072 device  3 [0x83] Quadro RTX 5000
#  Rank 56 Group  0 Pid  28720 on   c199-071 device  0 [0x02] Quadro RTX 5000
#  Rank 57 Group  0 Pid  28721 on   c199-071 device  1 [0x03] Quadro RTX 5000
#  Rank 58 Group  0 Pid  28722 on   c199-071 device  2 [0x82] Quadro RTX 5000
#  Rank 59 Group  0 Pid  28723 on   c199-071 device  3 [0x83] Quadro RTX 5000
#  Rank 60 Group  0 Pid   7305 on   c199-072 device  0 [0x02] Quadro RTX 5000
#  Rank 61 Group  0 Pid   7306 on   c199-072 device  1 [0x03] Quadro RTX 5000
#  Rank 62 Group  0 Pid   7307 on   c199-072 device  2 [0x82] Quadro RTX 5000
#  Rank 63 Group  0 Pid   7308 on   c199-072 device  3 [0x83] Quadro RTX 5000
The MSCCL XML file exists: /home1/09168/ldai1/ccl-build/msccl_tools_lyd/examples/xml/xml_lyd/binary_tree/allreduce_binary_tree_4ch_2tree_256chunk_16node_64gpu.xml
c198-011:11130:11130 [0] NCCL INFO Bootstrap : Using ib0:192.168.44.145<0>
c198-011:11130:11130 [0] NCCL INFO NET/Plugin : No plugin found (libnccl-net.so), using internal implementation
c198-011:11130:11130 [0] NCCL INFO NET/IB : Using [0]mlx4_0:1/IB [RO]; OOB ib0:192.168.44.145<0>
c198-011:11130:11130 [0] NCCL INFO Using network IB
NCCL version 2.12.12.MSCCL.0.7.4+cuda11.3
c198-011:11132:11132 [2] NCCL INFO Bootstrap : Using ib0:192.168.44.145<0>
c198-011:11132:11132 [2] NCCL INFO NET/Plugin : No plugin found (libnccl-net.so), using internal implementation
c198-011:11132:11132 [2] NCCL INFO NET/IB : Using [0]mlx4_0:1/IB [RO]; OOB ib0:192.168.44.145<0>
c198-011:11132:11132 [2] NCCL INFO Using network IB
c198-011:11133:11133 [3] NCCL INFO Bootstrap : Using ib0:192.168.44.145<0>
c198-011:11133:11133 [3] NCCL INFO NET/Plugin : No plugin found (libnccl-net.so), using internal implementation
c198-011:11133:11133 [3] NCCL INFO NET/IB : Using [0]mlx4_0:1/IB [RO]; OOB ib0:192.168.44.145<0>
c198-011:11133:11133 [3] NCCL INFO Using network IB
c198-011:11131:11131 [1] NCCL INFO Bootstrap : Using ib0:192.168.44.145<0>
c198-011:11131:11131 [1] NCCL INFO NET/Plugin : No plugin found (libnccl-net.so), using internal implementation
c198-011:11131:11131 [1] NCCL INFO NET/IB : Using [0]mlx4_0:1/IB [RO]; OOB ib0:192.168.44.145<0>
c198-011:11131:11131 [1] NCCL INFO Using network IB
c199-071:28722:28722 [2] NCCL INFO Bootstrap : Using ib0:192.168.44.179<0>
c199-071:28722:28722 [2] NCCL INFO NET/Plugin : No plugin found (libnccl-net.so), using internal implementation
c199-072:7305:7305 [0] NCCL INFO Bootstrap : Using ib0:192.168.44.180<0>
c199-072:7305:7305 [0] NCCL INFO NET/Plugin : No plugin found (libnccl-net.so), using internal implementation
c199-071:28722:28722 [2] NCCL INFO NET/IB : Using [0]mlx4_0:1/IB [RO]; OOB ib0:192.168.44.179<0>
c199-071:28722:28722 [2] NCCL INFO Using network IB
c199-072:7305:7305 [0] NCCL INFO NET/IB : Using [0]mlx4_0:1/IB [RO]; OOB ib0:192.168.44.180<0>
c199-072:7305:7305 [0] NCCL INFO Using network IB
c199-071:28721:28721 [1] NCCL INFO Bootstrap : Using ib0:192.168.44.179<0>
c199-071:28721:28721 [1] NCCL INFO NET/Plugin : No plugin found (libnccl-net.so), using internal implementation
c198-072:9211:9211 [2] NCCL INFO Bootstrap : Using ib0:192.168.44.158<0>
c198-072:9212:9212 [3] NCCL INFO Bootstrap : Using ib0:192.168.44.158<0>
c198-072:9211:9211 [2] NCCL INFO NET/Plugin : No plugin found (libnccl-net.so), using internal implementation
c198-072:9212:9212 [3] NCCL INFO NET/Plugin : No plugin found (libnccl-net.so), using internal implementation
c198-042:3768:3768 [3] NCCL INFO Bootstrap : Using ib0:192.168.44.152<0>
c199-071:28721:28721 [1] NCCL INFO NET/IB : Using [0]mlx4_0:1/IB [RO]; OOB ib0:192.168.44.179<0>
c199-071:28721:28721 [1] NCCL INFO Using network IB
c198-042:3768:3768 [3] NCCL INFO NET/Plugin : No plugin found (libnccl-net.so), using internal implementation
c199-071:28720:28720 [0] NCCL INFO Bootstrap : Using ib0:192.168.44.179<0>
c199-071:28723:28723 [3] NCCL INFO Bootstrap : Using ib0:192.168.44.179<0>
c199-071:28720:28720 [0] NCCL INFO NET/Plugin : No plugin found (libnccl-net.so), using internal implementation
c199-071:28723:28723 [3] NCCL INFO NET/Plugin : No plugin found (libnccl-net.so), using internal implementation
c198-072:9211:9211 [2] NCCL INFO NET/IB : Using [0]mlx4_0:1/IB [RO]; OOB ib0:192.168.44.158<0>
c198-072:9211:9211 [2] NCCL INFO Using network IB
c198-042:3768:3768 [3] NCCL INFO NET/IB : Using [0]mlx4_0:1/IB [RO]; OOB ib0:192.168.44.152<0>
c198-042:3768:3768 [3] NCCL INFO Using network IB
c198-042:3767:3767 [2] NCCL INFO Bootstrap : Using ib0:192.168.44.152<0>
c198-042:3767:3767 [2] NCCL INFO NET/Plugin : No plugin found (libnccl-net.so), using internal implementation
c198-072:9212:9212 [3] NCCL INFO NET/IB : Using [0]mlx4_0:1/IB [RO]; OOB ib0:192.168.44.158<0>
c198-072:9212:9212 [3] NCCL INFO Using network IB
c198-062:23748:23748 [2] NCCL INFO Bootstrap : Using ib0:192.168.44.156<0>
c198-062:23748:23748 [2] NCCL INFO NET/Plugin : No plugin found (libnccl-net.so), using internal implementation
c198-042:3767:3767 [2] NCCL INFO NET/IB : Using [0]mlx4_0:1/IB [RO]; OOB ib0:192.168.44.152<0>
c198-042:3767:3767 [2] NCCL INFO Using network IB
c198-062:23748:23748 [2] NCCL INFO NET/IB : Using [0]mlx4_0:1/IB [RO]; OOB ib0:192.168.44.156<0>
c198-062:23748:23748 [2] NCCL INFO Using network IB
c199-071:28720:28720 [0] NCCL INFO NET/IB : Using [0]mlx4_0:1/IB [RO]; OOB ib0:192.168.44.179<0>
c199-071:28720:28720 [0] NCCL INFO Using network IB
c199-071:28723:28723 [3] NCCL INFO NET/IB : Using [0]mlx4_0:1/IB [RO]; OOB ib0:192.168.44.179<0>
c199-071:28723:28723 [3] NCCL INFO Using network IB
c199-072:7306:7306 [1] NCCL INFO Bootstrap : Using ib0:192.168.44.180<0>
c199-072:7308:7308 [3] NCCL INFO Bootstrap : Using ib0:192.168.44.180<0>
c199-072:7306:7306 [1] NCCL INFO NET/Plugin : No plugin found (libnccl-net.so), using internal implementation
c198-072:9210:9210 [1] NCCL INFO Bootstrap : Using ib0:192.168.44.158<0>
c199-072:7308:7308 [3] NCCL INFO NET/Plugin : No plugin found (libnccl-net.so), using internal implementation
c198-072:9210:9210 [1] NCCL INFO NET/Plugin : No plugin found (libnccl-net.so), using internal implementation
c199-072:7306:7306 [1] NCCL INFO NET/IB : Using [0]mlx4_0:1/IB [RO]; OOB ib0:192.168.44.180<0>
c199-072:7306:7306 [1] NCCL INFO Using network IB
c199-072:7308:7308 [3] NCCL INFO NET/IB : Using [0]mlx4_0:1/IB [RO]; OOB ib0:192.168.44.180<0>
c199-072:7308:7308 [3] NCCL INFO Using network IB
c198-012:8270:8270 [2] NCCL INFO Bootstrap : Using ib0:192.168.44.146<0>
c198-012:8271:8271 [3] NCCL INFO Bootstrap : Using ib0:192.168.44.146<0>
c198-012:8270:8270 [2] NCCL INFO NET/Plugin : No plugin found (libnccl-net.so), using internal implementation
c198-012:8271:8271 [3] NCCL INFO NET/Plugin : No plugin found (libnccl-net.so), using internal implementation
c198-072:9210:9210 [1] NCCL INFO NET/IB : Using [0]mlx4_0:1/IB [RO]; OOB ib0:192.168.44.158<0>
c198-072:9210:9210 [1] NCCL INFO Using network IB
c198-061:5072:5072 [2] NCCL INFO Bootstrap : Using ib0:192.168.44.155<0>
c198-061:5073:5073 [3] NCCL INFO Bootstrap : Using ib0:192.168.44.155<0>
c198-061:5072:5072 [2] NCCL INFO NET/Plugin : No plugin found (libnccl-net.so), using internal implementation
c198-061:5073:5073 [3] NCCL INFO NET/Plugin : No plugin found (libnccl-net.so), using internal implementation
c198-042:3765:3765 [0] NCCL INFO Bootstrap : Using ib0:192.168.44.152<0>
c198-042:3766:3766 [1] NCCL INFO Bootstrap : Using ib0:192.168.44.152<0>
c198-042:3765:3765 [0] NCCL INFO NET/Plugin : No plugin found (libnccl-net.so), using internal implementation
c198-042:3766:3766 [1] NCCL INFO NET/Plugin : No plugin found (libnccl-net.so), using internal implementation
c198-012:8271:8271 [3] NCCL INFO NET/IB : Using [0]mlx4_0:1/IB [RO]; OOB ib0:192.168.44.146<0>
c198-012:8271:8271 [3] NCCL INFO Using network IB
c198-072:9209:9209 [0] NCCL INFO Bootstrap : Using ib0:192.168.44.158<0>
c198-012:8270:8270 [2] NCCL INFO NET/IB : Using [0]mlx4_0:1/IB [RO]; OOB ib0:192.168.44.146<0>
c198-012:8270:8270 [2] NCCL INFO Using network IB
c198-072:9209:9209 [0] NCCL INFO NET/Plugin : No plugin found (libnccl-net.so), using internal implementation
c198-012:8269:8269 [1] NCCL INFO Bootstrap : Using ib0:192.168.44.146<0>
c198-012:8269:8269 [1] NCCL INFO NET/Plugin : No plugin found (libnccl-net.so), using internal implementation
c198-072:9209:9209 [0] NCCL INFO NET/IB : Using [0]mlx4_0:1/IB [RO]; OOB ib0:192.168.44.158<0>
c198-072:9209:9209 [0] NCCL INFO Using network IB
c198-031:20506:20506 [2] NCCL INFO Bootstrap : Using ib0:192.168.44.149<0>
c198-012:8269:8269 [1] NCCL INFO NET/IB : Using [0]mlx4_0:1/IB [RO]; OOB ib0:192.168.44.146<0>
c198-012:8269:8269 [1] NCCL INFO Using network IB
c198-031:20506:20506 [2] NCCL INFO NET/Plugin : No plugin found (libnccl-net.so), using internal implementation
c198-061:5072:5072 [2] NCCL INFO NET/IB : Using [0]mlx4_0:1/IB [RO]; OOB ib0:192.168.44.155<0>
c198-061:5072:5072 [2] NCCL INFO Using network IB
c199-072:7307:7307 [2] NCCL INFO Bootstrap : Using ib0:192.168.44.180<0>
c199-072:7307:7307 [2] NCCL INFO NET/Plugin : No plugin found (libnccl-net.so), using internal implementation
c198-042:3765:3765 [0] NCCL INFO NET/IB : Using [0]mlx4_0:1/IB [RO]; OOB ib0:192.168.44.152<0>
c198-042:3765:3765 [0] NCCL INFO Using network IB
c198-061:5073:5073 [3] NCCL INFO NET/IB : Using [0]mlx4_0:1/IB [RO]; OOB ib0:192.168.44.155<0>
c198-061:5073:5073 [3] NCCL INFO Using network IB
c198-042:3766:3766 [1] NCCL INFO NET/IB : Using [0]mlx4_0:1/IB [RO]; OOB ib0:192.168.44.152<0>
c198-042:3766:3766 [1] NCCL INFO Using network IB
c198-041:1528:1528 [1] NCCL INFO Bootstrap : Using ib0:192.168.44.151<0>
c198-041:1529:1529 [2] NCCL INFO Bootstrap : Using ib0:192.168.44.151<0>
c198-041:1527:1527 [0] NCCL INFO Bootstrap : Using ib0:192.168.44.151<0>
c198-041:1530:1530 [3] NCCL INFO Bootstrap : Using ib0:192.168.44.151<0>
c198-041:1527:1527 [0] NCCL INFO NET/Plugin : No plugin found (libnccl-net.so), using internal implementation
c198-041:1528:1528 [1] NCCL INFO NET/Plugin : No plugin found (libnccl-net.so), using internal implementation
c198-041:1530:1530 [3] NCCL INFO NET/Plugin : No plugin found (libnccl-net.so), using internal implementation
c198-041:1529:1529 [2] NCCL INFO NET/Plugin : No plugin found (libnccl-net.so), using internal implementation
c198-031:20506:20506 [2] NCCL INFO NET/IB : Using [0]mlx4_0:1/IB [RO]; OOB ib0:192.168.44.149<0>
c198-031:20506:20506 [2] NCCL INFO Using network IB
c199-072:7307:7307 [2] NCCL INFO NET/IB : Using [0]mlx4_0:1/IB [RO]; OOB ib0:192.168.44.180<0>
c199-072:7307:7307 [2] NCCL INFO Using network IB
c198-031:20507:20507 [3] NCCL INFO Bootstrap : Using ib0:192.168.44.149<0>
c198-031:20507:20507 [3] NCCL INFO NET/Plugin : No plugin found (libnccl-net.so), using internal implementation
c198-021:20139:20139 [0] NCCL INFO Bootstrap : Using ib0:192.168.44.147<0>
c198-021:20141:20141 [2] NCCL INFO Bootstrap : Using ib0:192.168.44.147<0>
c198-021:20142:20142 [3] NCCL INFO Bootstrap : Using ib0:192.168.44.147<0>
c198-021:20140:20140 [1] NCCL INFO Bootstrap : Using ib0:192.168.44.147<0>
c198-071:15599:15599 [2] NCCL INFO Bootstrap : Using ib0:192.168.44.157<0>
c198-021:20141:20141 [2] NCCL INFO NET/Plugin : No plugin found (libnccl-net.so), using internal implementation
c198-052:12542:12542 [2] NCCL INFO Bootstrap : Using ib0:192.168.44.154<0>
c198-021:20142:20142 [3] NCCL INFO NET/Plugin : No plugin found (libnccl-net.so), using internal implementation
c198-052:12543:12543 [3] NCCL INFO Bootstrap : Using ib0:192.168.44.154<0>
c198-012:8268:8268 [0] NCCL INFO Bootstrap : Using ib0:192.168.44.146<0>
c198-071:15599:15599 [2] NCCL INFO NET/Plugin : No plugin found (libnccl-net.so), using internal implementation
c198-021:20139:20139 [0] NCCL INFO NET/Plugin : No plugin found (libnccl-net.so), using internal implementation
c198-052:12542:12542 [2] NCCL INFO NET/Plugin : No plugin found (libnccl-net.so), using internal implementation
c198-012:8268:8268 [0] NCCL INFO NET/Plugin : No plugin found (libnccl-net.so), using internal implementation
c198-021:20140:20140 [1] NCCL INFO NET/Plugin : No plugin found (libnccl-net.so), using internal implementation
c198-052:12543:12543 [3] NCCL INFO NET/Plugin : No plugin found (libnccl-net.so), using internal implementation
c198-061:5070:5070 [0] NCCL INFO Bootstrap : Using ib0:192.168.44.155<0>
c198-061:5071:5071 [1] NCCL INFO Bootstrap : Using ib0:192.168.44.155<0>
c198-061:5070:5070 [0] NCCL INFO NET/Plugin : No plugin found (libnccl-net.so), using internal implementation
c198-061:5071:5071 [1] NCCL INFO NET/Plugin : No plugin found (libnccl-net.so), using internal implementation
c198-062:23749:23749 [3] NCCL INFO Bootstrap : Using ib0:192.168.44.156<0>
c198-062:23746:23746 [0] NCCL INFO Bootstrap : Using ib0:192.168.44.156<0>
c198-062:23747:23747 [1] NCCL INFO Bootstrap : Using ib0:192.168.44.156<0>
c198-062:23749:23749 [3] NCCL INFO NET/Plugin : No plugin found (libnccl-net.so), using internal implementation
c198-062:23746:23746 [0] NCCL INFO NET/Plugin : No plugin found (libnccl-net.so), using internal implementation
c198-062:23747:23747 [1] NCCL INFO NET/Plugin : No plugin found (libnccl-net.so), using internal implementation
c198-012:8268:8268 [0] NCCL INFO NET/IB : Using [0]mlx4_0:1/IB [RO]; OOB ib0:192.168.44.146<0>
c198-012:8268:8268 [0] NCCL INFO Using network IB
c198-031:20507:20507 [3] NCCL INFO NET/IB : Using [0]mlx4_0:1/IB [RO]; OOB ib0:192.168.44.149<0>
c198-031:20507:20507 [3] NCCL INFO Using network IB
c198-062:23749:23749 [3] NCCL INFO NET/IB : Using [0]mlx4_0:1/IB [RO]; OOB ib0:192.168.44.156<0>
c198-062:23749:23749 [3] NCCL INFO Using network IB
c198-022:10933:10933 [1] NCCL INFO Bootstrap : Using ib0:192.168.44.148<0>
c198-022:10934:10934 [2] NCCL INFO Bootstrap : Using ib0:192.168.44.148<0>
c198-022:10936:10936 [3] NCCL INFO Bootstrap : Using ib0:192.168.44.148<0>
c198-022:10932:10932 [0] NCCL INFO Bootstrap : Using ib0:192.168.44.148<0>
c198-022:10936:10936 [3] NCCL INFO NET/Plugin : No plugin found (libnccl-net.so), using internal implementation
c198-022:10932:10932 [0] NCCL INFO NET/Plugin : No plugin found (libnccl-net.so), using internal implementation
c198-022:10933:10933 [1] NCCL INFO NET/Plugin : No plugin found (libnccl-net.so), using internal implementation
c198-022:10934:10934 [2] NCCL INFO NET/Plugin : No plugin found (libnccl-net.so), using internal implementation
c198-051:14504:14504 [2] NCCL INFO Bootstrap : Using ib0:192.168.44.153<0>
c198-051:14505:14505 [3] NCCL INFO Bootstrap : Using ib0:192.168.44.153<0>
c198-051:14504:14504 [2] NCCL INFO NET/Plugin : No plugin found (libnccl-net.so), using internal implementation
c198-051:14505:14505 [3] NCCL INFO NET/Plugin : No plugin found (libnccl-net.so), using internal implementation
c198-041:1530:1530 [3] NCCL INFO NET/IB : Using [0]mlx4_0:1/IB [RO]; OOB ib0:192.168.44.151<0>
c198-041:1530:1530 [3] NCCL INFO Using network IB
c198-061:5070:5070 [0] NCCL INFO NET/IB : Using [0]mlx4_0:1/IB [RO]; OOB ib0:192.168.44.155<0>
c198-061:5070:5070 [0] NCCL INFO Using network IB
c198-061:5071:5071 [1] NCCL INFO NET/IB : Using [0]mlx4_0:1/IB [RO]; OOB ib0:192.168.44.155<0>
c198-061:5071:5071 [1] NCCL INFO Using network IB
c198-041:1527:1527 [0] NCCL INFO NET/IB : Using [0]mlx4_0:1/IB [RO]; OOB ib0:192.168.44.151<0>
c198-041:1527:1527 [0] NCCL INFO Using network IB
c198-041:1529:1529 [2] NCCL INFO NET/IB : Using [0]mlx4_0:1/IB [RO]; OOB ib0:192.168.44.151<0>
c198-041:1529:1529 [2] NCCL INFO Using network IB
c198-041:1528:1528 [1] NCCL INFO NET/IB : Using [0]mlx4_0:1/IB [RO]; OOB ib0:192.168.44.151<0>
c198-041:1528:1528 [1] NCCL INFO Using network IB
c198-062:23746:23746 [0] NCCL INFO NET/IB : Using [0]mlx4_0:1/IB [RO]; OOB ib0:192.168.44.156<0>
c198-062:23746:23746 [0] NCCL INFO Using network IB
c198-062:23747:23747 [1] NCCL INFO NET/IB : Using [0]mlx4_0:1/IB [RO]; OOB ib0:192.168.44.156<0>
c198-062:23747:23747 [1] NCCL INFO Using network IB
c198-052:12540:12540 [0] NCCL INFO Bootstrap : Using ib0:192.168.44.154<0>
c198-052:12541:12541 [1] NCCL INFO Bootstrap : Using ib0:192.168.44.154<0>
c198-052:12540:12540 [0] NCCL INFO NET/Plugin : No plugin found (libnccl-net.so), using internal implementation
c198-052:12541:12541 [1] NCCL INFO NET/Plugin : No plugin found (libnccl-net.so), using internal implementation
c198-071:15600:15600 [3] NCCL INFO Bootstrap : Using ib0:192.168.44.157<0>
c198-071:15597:15597 [0] NCCL INFO Bootstrap : Using ib0:192.168.44.157<0>
c198-021:20141:20141 [2] NCCL INFO NET/IB : Using [0]mlx4_0:1/IB [RO]; OOB ib0:192.168.44.147<0>
c198-021:20141:20141 [2] NCCL INFO Using network IB
c198-071:15598:15598 [1] NCCL INFO Bootstrap : Using ib0:192.168.44.157<0>
c198-021:20142:20142 [3] NCCL INFO NET/IB : Using [0]mlx4_0:1/IB [RO]; OOB ib0:192.168.44.147<0>
c198-071:15600:15600 [3] NCCL INFO NET/Plugin : No plugin found (libnccl-net.so), using internal implementation
c198-021:20142:20142 [3] NCCL INFO Using network IB
c198-071:15597:15597 [0] NCCL INFO NET/Plugin : No plugin found (libnccl-net.so), using internal implementation
c198-052:12543:12543 [3] NCCL INFO NET/IB : Using [0]mlx4_0:1/IB [RO]; OOB ib0:192.168.44.154<0>
c198-052:12543:12543 [3] NCCL INFO Using network IB
c198-051:14505:14505 [3] NCCL INFO NET/IB : Using [0]mlx4_0:1/IB [RO]; OOB ib0:192.168.44.153<0>
c198-051:14505:14505 [3] NCCL INFO Using network IB
c198-071:15598:15598 [1] NCCL INFO NET/Plugin : No plugin found (libnccl-net.so), using internal implementation
c198-021:20140:20140 [1] NCCL INFO NET/IB : Using [0]mlx4_0:1/IB [RO]; OOB ib0:192.168.44.147<0>
c198-021:20140:20140 [1] NCCL INFO Using network IB
c198-052:12542:12542 [2] NCCL INFO NET/IB : Using [0]mlx4_0:1/IB [RO]; OOB ib0:192.168.44.154<0>
c198-021:20139:20139 [0] NCCL INFO NET/IB : Using [0]mlx4_0:1/IB [RO]; OOB ib0:192.168.44.147<0>
c198-021:20139:20139 [0] NCCL INFO Using network IB
c198-052:12542:12542 [2] NCCL INFO Using network IB
c198-051:14504:14504 [2] NCCL INFO NET/IB : Using [0]mlx4_0:1/IB [RO]; OOB ib0:192.168.44.153<0>
c198-051:14504:14504 [2] NCCL INFO Using network IB
c198-071:15599:15599 [2] NCCL INFO NET/IB : Using [0]mlx4_0:1/IB [RO]; OOB ib0:192.168.44.157<0>
c198-071:15599:15599 [2] NCCL INFO Using network IB
c198-052:12541:12541 [1] NCCL INFO NET/IB : Using [0]mlx4_0:1/IB [RO]; OOB ib0:192.168.44.154<0>
c198-052:12541:12541 [1] NCCL INFO Using network IB
c198-052:12540:12540 [0] NCCL INFO NET/IB : Using [0]mlx4_0:1/IB [RO]; OOB ib0:192.168.44.154<0>
c198-052:12540:12540 [0] NCCL INFO Using network IB
c198-031:20505:20505 [1] NCCL INFO Bootstrap : Using ib0:192.168.44.149<0>
c198-031:20505:20505 [1] NCCL INFO NET/Plugin : No plugin found (libnccl-net.so), using internal implementation
c198-031:20504:20504 [0] NCCL INFO Bootstrap : Using ib0:192.168.44.149<0>
c198-031:20504:20504 [0] NCCL INFO NET/Plugin : No plugin found (libnccl-net.so), using internal implementation
c198-031:20505:20505 [1] NCCL INFO NET/IB : Using [0]mlx4_0:1/IB [RO]; OOB ib0:192.168.44.149<0>
c198-031:20505:20505 [1] NCCL INFO Using network IB
c198-032:14374:14374 [2] NCCL INFO Bootstrap : Using ib0:192.168.44.150<0>
c198-071:15600:15600 [3] NCCL INFO NET/IB : Using [0]mlx4_0:1/IB [RO]; OOB ib0:192.168.44.157<0>
c198-071:15600:15600 [3] NCCL INFO Using network IB
c198-032:14374:14374 [2] NCCL INFO NET/Plugin : No plugin found (libnccl-net.so), using internal implementation
c198-071:15597:15597 [0] NCCL INFO NET/IB : Using [0]mlx4_0:1/IB [RO]; OOB ib0:192.168.44.157<0>
c198-071:15597:15597 [0] NCCL INFO Using network IB
c198-071:15598:15598 [1] NCCL INFO NET/IB : Using [0]mlx4_0:1/IB [RO]; OOB ib0:192.168.44.157<0>
c198-071:15598:15598 [1] NCCL INFO Using network IB
c198-031:20504:20504 [0] NCCL INFO NET/IB : Using [0]mlx4_0:1/IB [RO]; OOB ib0:192.168.44.149<0>
c198-031:20504:20504 [0] NCCL INFO Using network IB
c198-022:10933:10933 [1] NCCL INFO NET/IB : Using [0]mlx4_0:1/IB [RO]; OOB ib0:192.168.44.148<0>
c198-022:10933:10933 [1] NCCL INFO Using network IB
c198-022:10932:10932 [0] NCCL INFO NET/IB : Using [0]mlx4_0:1/IB [RO]; OOB ib0:192.168.44.148<0>
c198-022:10932:10932 [0] NCCL INFO Using network IB
c198-022:10934:10934 [2] NCCL INFO NET/IB : Using [0]mlx4_0:1/IB [RO]; OOB ib0:192.168.44.148<0>
c198-022:10934:10934 [2] NCCL INFO Using network IB
c198-032:14374:14374 [2] NCCL INFO NET/IB : Using [0]mlx4_0:1/IB [RO]; OOB ib0:192.168.44.150<0>
c198-032:14374:14374 [2] NCCL INFO Using network IB
c198-022:10936:10936 [3] NCCL INFO NET/IB : Using [0]mlx4_0:1/IB [RO]; OOB ib0:192.168.44.148<0>
c198-022:10936:10936 [3] NCCL INFO Using network IB
c198-032:14375:14375 [3] NCCL INFO Bootstrap : Using ib0:192.168.44.150<0>
c198-032:14375:14375 [3] NCCL INFO NET/Plugin : No plugin found (libnccl-net.so), using internal implementation
c198-032:14375:14375 [3] NCCL INFO NET/IB : Using [0]mlx4_0:1/IB [RO]; OOB ib0:192.168.44.150<0>
c198-032:14375:14375 [3] NCCL INFO Using network IB
c198-032:14372:14372 [0] NCCL INFO Bootstrap : Using ib0:192.168.44.150<0>
c198-032:14373:14373 [1] NCCL INFO Bootstrap : Using ib0:192.168.44.150<0>
c198-032:14372:14372 [0] NCCL INFO NET/Plugin : No plugin found (libnccl-net.so), using internal implementation
c198-032:14373:14373 [1] NCCL INFO NET/Plugin : No plugin found (libnccl-net.so), using internal implementation
c198-032:14373:14373 [1] NCCL INFO NET/IB : Using [0]mlx4_0:1/IB [RO]; OOB ib0:192.168.44.150<0>
c198-032:14373:14373 [1] NCCL INFO Using network IB
c198-032:14372:14372 [0] NCCL INFO NET/IB : Using [0]mlx4_0:1/IB [RO]; OOB ib0:192.168.44.150<0>
c198-032:14372:14372 [0] NCCL INFO Using network IB
c198-051:14502:14502 [0] NCCL INFO Bootstrap : Using ib0:192.168.44.153<0>
c198-051:14503:14503 [1] NCCL INFO Bootstrap : Using ib0:192.168.44.153<0>
c198-051:14502:14502 [0] NCCL INFO NET/Plugin : No plugin found (libnccl-net.so), using internal implementation
c198-051:14503:14503 [1] NCCL INFO NET/Plugin : No plugin found (libnccl-net.so), using internal implementation
c198-051:14503:14503 [1] NCCL INFO NET/IB : Using [0]mlx4_0:1/IB [RO]; OOB ib0:192.168.44.153<0>
c198-051:14503:14503 [1] NCCL INFO Using network IB
c198-051:14502:14502 [0] NCCL INFO NET/IB : Using [0]mlx4_0:1/IB [RO]; OOB ib0:192.168.44.153<0>
c198-051:14502:14502 [0] NCCL INFO Using network IB
c198-011:11130:11181 [0] NCCL INFO Setting affinity for GPU 0 to 0f000f
c198-041:1530:1581 [3] NCCL INFO Setting affinity for GPU 3 to f000f000
c198-021:20142:20194 [3] NCCL INFO Setting affinity for GPU 3 to f000f000
c198-022:10936:10996 [3] NCCL INFO Setting affinity for GPU 3 to f000f000
c198-042:3768:3818 [3] NCCL INFO Setting affinity for GPU 3 to f000f000
c198-032:14375:14427 [3] NCCL INFO Setting affinity for GPU 3 to f000f000
c198-012:8271:8322 [3] NCCL INFO Setting affinity for GPU 3 to f000f000
c199-071:28723:28779 [3] NCCL INFO Setting affinity for GPU 3 to f000f000
c198-071:15600:15655 [3] NCCL INFO Setting affinity for GPU 3 to f000f000
c198-061:5073:5125 [3] NCCL INFO Setting affinity for GPU 3 to f000f000
c198-051:14505:14556 [3] NCCL INFO Setting affinity for GPU 3 to f000f000
c198-031:20507:20559 [3] NCCL INFO Setting affinity for GPU 3 to f000f000
c198-062:23749:23801 [3] NCCL INFO Setting affinity for GPU 3 to f000f000
c199-072:7308:7362 [3] NCCL INFO Setting affinity for GPU 3 to f000f000
c198-072:9212:9265 [3] NCCL INFO Setting affinity for GPU 3 to f000f000
c198-052:12543:12594 [3] NCCL INFO Setting affinity for GPU 3 to f000f000
c198-011:11132:11186 [2] NCCL INFO Setting affinity for GPU 2 to 0f000f00
c198-011:11133:11188 [3] NCCL INFO Setting affinity for GPU 3 to f000f000
c198-022:10934:10995 [2] NCCL INFO Setting affinity for GPU 2 to 0f000f00
c198-011:11131:11190 [1] NCCL INFO Setting affinity for GPU 1 to f000f0
c198-032:14374:14425 [2] NCCL INFO Setting affinity for GPU 2 to 0f000f00
c198-021:20139:20198 [0] NCCL INFO Setting affinity for GPU 0 to 0f000f
c198-061:5070:5128 [0] NCCL INFO Setting affinity for GPU 0 to 0f000f
c199-072:7306:7360 [1] NCCL INFO Setting affinity for GPU 1 to f000f0
c198-032:14373:14430 [1] NCCL INFO Setting affinity for GPU 1 to f000f0
c199-072:7307:7364 [2] NCCL INFO Setting affinity for GPU 2 to 0f000f00
c198-022:10933:10990 [1] NCCL INFO Setting affinity for GPU 1 to f000f0
c198-021:20140:20197 [1] NCCL INFO Setting affinity for GPU 1 to f000f0
c199-071:28721:28776 [1] NCCL INFO Setting affinity for GPU 1 to f000f0
c198-022:10932:10991 [0] NCCL INFO Setting affinity for GPU 0 to 0f000f
c198-012:8268:8327 [0] NCCL INFO Setting affinity for GPU 0 to 0f000f
c198-021:20141:20192 [2] NCCL INFO Setting affinity for GPU 2 to 0f000f00
c198-041:1527:1584 [0] NCCL INFO Setting affinity for GPU 0 to 0f000f
c198-041:1529:1585 [2] NCCL INFO Setting affinity for GPU 2 to 0f000f00
c198-052:12540:12599 [0] NCCL INFO Setting affinity for GPU 0 to 0f000f
c198-032:14372:14431 [0] NCCL INFO Setting affinity for GPU 0 to 0f000f
c199-072:7305:7358 [0] NCCL INFO Setting affinity for GPU 0 to 0f000f
c198-052:12541:12598 [1] NCCL INFO Setting affinity for GPU 1 to f000f0
c198-012:8269:8325 [1] NCCL INFO Setting affinity for GPU 1 to f000f0
c198-061:5071:5129 [1] NCCL INFO Setting affinity for GPU 1 to f000f0
c198-052:12542:12595 [2] NCCL INFO Setting affinity for GPU 2 to 0f000f00
c198-012:8270:8323 [2] NCCL INFO Setting affinity for GPU 2 to 0f000f00
c198-061:5072:5123 [2] NCCL INFO Setting affinity for GPU 2 to 0f000f00
c198-051:14503:14560 [1] NCCL INFO Setting affinity for GPU 1 to f000f0
c198-051:14502:14561 [0] NCCL INFO Setting affinity for GPU 0 to 0f000f
c198-051:14504:14557 [2] NCCL INFO Setting affinity for GPU 2 to 0f000f00
c199-071:28720:28780 [0] NCCL INFO Setting affinity for GPU 0 to 0f000f
c198-041:1528:1587 [1] NCCL INFO Setting affinity for GPU 1 to f000f0
c198-042:3765:3823 [0] NCCL INFO Setting affinity for GPU 0 to 0f000f
c199-071:28722:28774 [2] NCCL INFO Setting affinity for GPU 2 to 0f000f00
c198-042:3766:3824 [1] NCCL INFO Setting affinity for GPU 1 to f000f0
c198-062:23747:23805 [1] NCCL INFO Setting affinity for GPU 1 to f000f0
c198-042:3767:3820 [2] NCCL INFO Setting affinity for GPU 2 to 0f000f00
c198-031:20504:20563 [0] NCCL INFO Setting affinity for GPU 0 to 0f000f
c198-031:20506:20557 [2] NCCL INFO Setting affinity for GPU 2 to 0f000f00
c198-031:20505:20561 [1] NCCL INFO Setting affinity for GPU 1 to f000f0
c198-072:9209:9269 [0] NCCL INFO Setting affinity for GPU 0 to 0f000f
c198-072:9210:9267 [1] NCCL INFO Setting affinity for GPU 1 to f000f0
c198-062:23748:23799 [2] NCCL INFO Setting affinity for GPU 2 to 0f000f00
c198-062:23746:23803 [0] NCCL INFO Setting affinity for GPU 0 to 0f000f
c198-072:9211:9263 [2] NCCL INFO Setting affinity for GPU 2 to 0f000f00
c198-071:15597:15657 [0] NCCL INFO Setting affinity for GPU 0 to 0f000f
c198-071:15599:15652 [2] NCCL INFO Setting affinity for GPU 2 to 0f000f00
c198-071:15598:15658 [1] NCCL INFO Setting affinity for GPU 1 to f000f0
c198-071:15599:15652 [2] NCCL INFO Trees [0] 51/-1/-1->50->49 [1] 51/-1/-1->50->49
c198-071:15600:15655 [3] NCCL INFO Trees [0] -1/-1/-1->51->50 [1] -1/-1/-1->51->50
c198-071:15597:15657 [0] NCCL INFO Trees [0] 49/56/-1->48->32 [1] 49/-1/-1->48->52
c198-062:23749:23801 [3] NCCL INFO Trees [0] -1/-1/-1->47->46 [1] -1/-1/-1->47->46
c198-071:15598:15658 [1] NCCL INFO Trees [0] 50/40/-1->49->48 [1] 50/-1/-1->49->48
c198-062:23748:23799 [2] NCCL INFO Trees [0] 47/-1/-1->46->45 [1] 47/-1/-1->46->45
c198-061:5072:5123 [2] NCCL INFO Trees [0] 43/-1/-1->42->41 [1] 43/-1/-1->42->41
c198-062:23747:23805 [1] NCCL INFO Trees [0] 46/-1/-1->45->44 [1] 46/52/-1->45->44
c199-071:28722:28774 [2] NCCL INFO Trees [0] 59/-1/-1->58->57 [1] 59/-1/-1->58->57
c198-052:12543:12594 [3] NCCL INFO Trees [0] -1/-1/-1->39->38 [1] -1/-1/-1->39->38
c198-061:5073:5125 [3] NCCL INFO Trees [0] -1/-1/-1->43->42 [1] -1/-1/-1->43->42
c198-062:23746:23803 [0] NCCL INFO Trees [0] 45/-1/-1->44->40 [1] 45/36/-1->44->29
c198-011:11130:11181 [0] NCCL INFO Channel 00/02 :    0   1   2   3   4   5   6   7   8   9  10  11  12  13  14  15  16  17  18  19
c198-011:11130:11181 [0] NCCL INFO Channel 01/02 :    0   1   2   3   4   5   6   7   8   9  10  11  12  13  14  15  16  17  18  19
c199-071:28723:28779 [3] NCCL INFO Trees [0] -1/-1/-1->59->58 [1] -1/-1/-1->59->58
c198-072:9209:9269 [0] NCCL INFO Trees [0] 53/-1/-1->52->57 [1] 53/48/-1->52->45
c198-052:12542:12595 [2] NCCL INFO Trees [0] 39/-1/-1->38->37 [1] 39/-1/-1->38->37
c198-061:5071:5129 [1] NCCL INFO Trees [0] 42/36/-1->41->40 [1] 42/-1/-1->41->40
c198-042:3768:3818 [3] NCCL INFO Trees [0] -1/-1/-1->31->30 [1] -1/-1/-1->31->30
c198-011:11130:11181 [0] NCCL INFO Trees [0] 1/32/-1->0->-1 [1] 1/-1/-1->0->4
c199-071:28721:28776 [1] NCCL INFO Trees [0] 58/52/-1->57->56 [1] 58/-1/-1->57->56
c198-072:9210:9267 [1] NCCL INFO Trees [0] 54/-1/-1->53->52 [1] 54/56/-1->53->52
c198-051:14503:14560 [1] NCCL INFO Trees [0] 34/16/-1->33->32 [1] 34/-1/-1->33->32
c198-052:12541:12598 [1] NCCL INFO Trees [0] 38/-1/-1->37->36 [1] 38/40/-1->37->36
c198-061:5070:5128 [0] NCCL INFO Trees [0] 41/44/-1->40->49 [1] 41/-1/-1->40->37
c199-072:7305:7358 [0] NCCL INFO Trees [0] 61/-1/-1->60->56 [1] 61/28/-1->60->-1
c198-041:1530:1581 [3] NCCL INFO Trees [0] -1/-1/-1->27->26 [1] -1/-1/-1->27->26
c198-042:3767:3820 [2] NCCL INFO Trees [0] 31/-1/-1->30->29 [1] 31/-1/-1->30->29
c198-011:11131:11190 [1] NCCL INFO Trees [0] 2/-1/-1->1->0 [1] 2/-1/-1->1->0
c199-071:28720:28780 [0] NCCL INFO Trees [0] 57/60/-1->56->48 [1] 57/-1/-1->56->53
c198-072:9212:9265 [3] NCCL INFO Trees [0] -1/-1/-1->55->54 [1] -1/-1/-1->55->54
c198-051:14504:14557 [2] NCCL INFO Trees [0] 35/-1/-1->34->33 [1] 35/-1/-1->34->33
c198-052:12540:12599 [0] NCCL INFO Trees [0] 37/-1/-1->36->41 [1] 37/32/-1->36->44
c199-072:7306:7360 [1] NCCL INFO Trees [0] 62/-1/-1->61->60 [1] 62/-1/-1->61->60
c198-041:1529:1585 [2] NCCL INFO Trees [0] 27/-1/-1->26->25 [1] 27/-1/-1->26->25
c198-042:3766:3824 [1] NCCL INFO Trees [0] 30/-1/-1->29->28 [1] 30/44/-1->29->28
c198-012:8268:8327 [0] NCCL INFO Trees [0] 5/-1/-1->4->9 [1] 5/0/-1->4->12
c198-011:11132:11186 [2] NCCL INFO Trees [0] 3/-1/-1->2->1 [1] 3/-1/-1->2->1
c198-072:9211:9263 [2] NCCL INFO Trees [0] 55/-1/-1->54->53 [1] 55/-1/-1->54->53
c198-051:14505:14556 [3] NCCL INFO Trees [0] -1/-1/-1->35->34 [1] -1/-1/-1->35->34
c198-032:14374:14425 [2] NCCL INFO Trees [0] 23/-1/-1->22->21 [1] 23/-1/-1->22->21
c199-072:7307:7364 [2] NCCL INFO Trees [0] 63/-1/-1->62->61 [1] 63/-1/-1->62->61
c198-042:3765:3823 [0] NCCL INFO Trees [0] 29/-1/-1->28->24 [1] 29/12/-1->28->60
c198-012:8270:8323 [2] NCCL INFO Trees [0] 7/-1/-1->6->5 [1] 7/-1/-1->6->5
c198-011:11133:11188 [3] NCCL INFO Trees [0] -1/-1/-1->3->2 [1] -1/-1/-1->3->2
c198-051:14502:14561 [0] NCCL INFO Trees [0] 33/48/-1->32->0 [1] 33/-1/-1->32->36
c198-032:14375:14427 [3] NCCL INFO Trees [0] -1/-1/-1->23->22 [1] -1/-1/-1->23->22
c199-072:7308:7362 [3] NCCL INFO Trees [0] -1/-1/-1->63->62 [1] -1/-1/-1->63->62
c198-041:1528:1587 [1] NCCL INFO Trees [0] 26/20/-1->25->24 [1] 26/-1/-1->25->24
c198-012:8269:8325 [1] NCCL INFO Trees [0] 6/-1/-1->5->4 [1] 6/8/-1->5->4
c198-031:20507:20559 [3] NCCL INFO Trees [0] -1/-1/-1->19->18 [1] -1/-1/-1->19->18
c198-032:14373:14430 [1] NCCL INFO Trees [0] 22/-1/-1->21->20 [1] 22/24/-1->21->20
c198-041:1527:1584 [0] NCCL INFO Trees [0] 25/28/-1->24->16 [1] 25/-1/-1->24->21
c198-012:8271:8322 [3] NCCL INFO Trees [0] -1/-1/-1->7->6 [1] -1/-1/-1->7->6
c198-031:20504:20563 [0] NCCL INFO Trees [0] 17/24/-1->16->33 [1] 17/-1/-1->16->20
c198-021:20139:20198 [0] NCCL INFO Trees [0] 9/12/-1->8->17 [1] 9/-1/-1->8->5
c198-032:14372:14431 [0] NCCL INFO Trees [0] 21/-1/-1->20->25 [1] 21/16/-1->20->13
c198-031:20505:20561 [1] NCCL INFO Trees [0] 18/8/-1->17->16 [1] 18/-1/-1->17->16
c198-021:20142:20194 [3] NCCL INFO Trees [0] -1/-1/-1->11->10 [1] -1/-1/-1->11->10
c198-022:10933:10990 [1] NCCL INFO Trees [0] 14/-1/-1->13->12 [1] 14/20/-1->13->12
c198-031:20506:20557 [2] NCCL INFO Trees [0] 19/-1/-1->18->17 [1] 19/-1/-1->18->17
c198-022:10934:10995 [2] NCCL INFO Trees [0] 15/-1/-1->14->13 [1] 15/-1/-1->14->13
c198-022:10936:10996 [3] NCCL INFO Trees [0] -1/-1/-1->15->14 [1] -1/-1/-1->15->14
c198-021:20140:20197 [1] NCCL INFO Trees [0] 10/4/-1->9->8 [1] 10/-1/-1->9->8
c198-021:20141:20192 [2] NCCL INFO Trees [0] 11/-1/-1->10->9 [1] 11/-1/-1->10->9
c198-022:10932:10991 [0] NCCL INFO Trees [0] 13/-1/-1->12->8 [1] 13/4/-1->12->28
c198-071:15597:15657 [0] NCCL INFO Channel 00/0 : 47[83000] -> 48[2000] [receive] via NET/IB/0
c198-062:23746:23803 [0] NCCL INFO Channel 00/0 : 43[83000] -> 44[2000] [receive] via NET/IB/0
c199-071:28720:28780 [0] NCCL INFO Channel 00/0 : 55[83000] -> 56[2000] [receive] via NET/IB/0
c198-052:12540:12599 [0] NCCL INFO Channel 00/0 : 35[83000] -> 36[2000] [receive] via NET/IB/0
c198-061:5070:5128 [0] NCCL INFO Channel 00/0 : 39[83000] -> 40[2000] [receive] via NET/IB/0
c198-041:1527:1584 [0] NCCL INFO Channel 00/0 : 23[83000] -> 24[2000] [receive] via NET/IB/0
c198-012:8268:8327 [0] NCCL INFO Channel 00/0 : 3[83000] -> 4[2000] [receive] via NET/IB/0
c198-072:9209:9269 [0] NCCL INFO Channel 00/0 : 51[83000] -> 52[2000] [receive] via NET/IB/0
c198-051:14502:14561 [0] NCCL INFO Channel 00/0 : 31[83000] -> 32[2000] [receive] via NET/IB/0
c198-011:11130:11181 [0] NCCL INFO Channel 00/0 : 63[83000] -> 0[2000] [receive] via NET/IB/0
c198-021:20139:20198 [0] NCCL INFO Channel 00/0 : 7[83000] -> 8[2000] [receive] via NET/IB/0
c199-072:7305:7358 [0] NCCL INFO Channel 00/0 : 59[83000] -> 60[2000] [receive] via NET/IB/0
c198-042:3765:3823 [0] NCCL INFO Channel 00/0 : 27[83000] -> 28[2000] [receive] via NET/IB/0
c198-022:10932:10991 [0] NCCL INFO Channel 00/0 : 11[83000] -> 12[2000] [receive] via NET/IB/0
c198-032:14372:14431 [0] NCCL INFO Channel 00/0 : 19[83000] -> 20[2000] [receive] via NET/IB/0
c198-031:20504:20563 [0] NCCL INFO Channel 00/0 : 15[83000] -> 16[2000] [receive] via NET/IB/0
c198-071:15599:15652 [2] NCCL INFO Channel 00 : 50[82000] -> 51[83000] via direct shared memory
c198-071:15599:15652 [2] NCCL INFO Channel 01 : 50[82000] -> 51[83000] via direct shared memory
c198-071:15598:15658 [1] NCCL INFO Channel 00 : 49[3000] -> 50[82000] via direct shared memory
c198-071:15598:15658 [1] NCCL INFO Channel 01 : 49[3000] -> 50[82000] via direct shared memory
c198-051:14504:14557 [2] NCCL INFO Channel 00 : 34[82000] -> 35[83000] via direct shared memory
c199-071:28722:28774 [2] NCCL INFO Channel 00 : 58[82000] -> 59[83000] via direct shared memory
c198-041:1529:1585 [2] NCCL INFO Channel 00 : 26[82000] -> 27[83000] via direct shared memory
c198-051:14504:14557 [2] NCCL INFO Channel 01 : 34[82000] -> 35[83000] via direct shared memory
c199-071:28721:28776 [1] NCCL INFO Channel 00 : 57[3000] -> 58[82000] via direct shared memory
c198-031:20506:20557 [2] NCCL INFO Channel 00 : 18[82000] -> 19[83000] via direct shared memory
c199-071:28722:28774 [2] NCCL INFO Channel 01 : 58[82000] -> 59[83000] via direct shared memory
c198-072:9211:9263 [2] NCCL INFO Channel 00 : 54[82000] -> 55[83000] via direct shared memory
c198-031:20506:20557 [2] NCCL INFO Channel 01 : 18[82000] -> 19[83000] via direct shared memory
c198-042:3767:3820 [2] NCCL INFO Channel 00 : 30[82000] -> 31[83000] via direct shared memory
c199-071:28721:28776 [1] NCCL INFO Channel 01 : 57[3000] -> 58[82000] via direct shared memory
c198-061:5072:5123 [2] NCCL INFO Channel 00 : 42[82000] -> 43[83000] via direct shared memory
c198-072:9211:9263 [2] NCCL INFO Channel 01 : 54[82000] -> 55[83000] via direct shared memory
c198-041:1529:1585 [2] NCCL INFO Channel 01 : 26[82000] -> 27[83000] via direct shared memory
c198-061:5071:5129 [1] NCCL INFO Channel 00 : 41[3000] -> 42[82000] via direct shared memory
c198-072:9210:9267 [1] NCCL INFO Channel 00 : 53[3000] -> 54[82000] via direct shared memory
c198-061:5072:5123 [2] NCCL INFO Channel 01 : 42[82000] -> 43[83000] via direct shared memory
c198-022:10934:10995 [2] NCCL INFO Channel 00 : 14[82000] -> 15[83000] via direct shared memory
c198-032:14373:14430 [1] NCCL INFO Channel 00 : 21[3000] -> 22[82000] via direct shared memory
c198-072:9210:9267 [1] NCCL INFO Channel 01 : 53[3000] -> 54[82000] via direct shared memory
c198-052:12542:12595 [2] NCCL INFO Channel 00 : 38[82000] -> 39[83000] via direct shared memory
c198-032:14374:14425 [2] NCCL INFO Channel 00 : 22[82000] -> 23[83000] via direct shared memory
c198-061:5071:5129 [1] NCCL INFO Channel 01 : 41[3000] -> 42[82000] via direct shared memory
c198-022:10933:10990 [1] NCCL INFO Channel 00 : 13[3000] -> 14[82000] via direct shared memory
c198-041:1528:1587 [1] NCCL INFO Channel 00 : 25[3000] -> 26[82000] via direct shared memory
c198-051:14503:14560 [1] NCCL INFO Channel 00 : 33[3000] -> 34[82000] via direct shared memory
c198-021:20141:20192 [2] NCCL INFO Channel 00 : 10[82000] -> 11[83000] via direct shared memory
c198-052:12541:12598 [1] NCCL INFO Channel 00 : 37[3000] -> 38[82000] via direct shared memory
c198-032:14373:14430 [1] NCCL INFO Channel 01 : 21[3000] -> 22[82000] via direct shared memory
c199-072:7307:7364 [2] NCCL INFO Channel 00 : 62[82000] -> 63[83000] via direct shared memory
c198-062:23747:23805 [1] NCCL INFO Channel 00 : 45[3000] -> 46[82000] via direct shared memory
c198-022:10934:10995 [2] NCCL INFO Channel 01 : 14[82000] -> 15[83000] via direct shared memory
c198-041:1528:1587 [1] NCCL INFO Channel 01 : 25[3000] -> 26[82000] via direct shared memory
c198-042:3767:3820 [2] NCCL INFO Channel 01 : 30[82000] -> 31[83000] via direct shared memory
c198-012:8270:8323 [2] NCCL INFO Channel 00 : 6[82000] -> 7[83000] via direct shared memory
c198-051:14503:14560 [1] NCCL INFO Channel 01 : 33[3000] -> 34[82000] via direct shared memory
c198-021:20140:20197 [1] NCCL INFO Channel 00 : 9[3000] -> 10[82000] via direct shared memory
c198-052:12542:12595 [2] NCCL INFO Channel 01 : 38[82000] -> 39[83000] via direct shared memory
c198-032:14374:14425 [2] NCCL INFO Channel 01 : 22[82000] -> 23[83000] via direct shared memory
c199-072:7306:7360 [1] NCCL INFO Channel 00 : 61[3000] -> 62[82000] via direct shared memory
c198-062:23748:23799 [2] NCCL INFO Channel 00 : 46[82000] -> 47[83000] via direct shared memory
c198-022:10933:10990 [1] NCCL INFO Channel 01 : 13[3000] -> 14[82000] via direct shared memory
c198-042:3766:3824 [1] NCCL INFO Channel 00 : 29[3000] -> 30[82000] via direct shared memory
c198-012:8269:8325 [1] NCCL INFO Channel 00 : 5[3000] -> 6[82000] via direct shared memory
c198-021:20141:20192 [2] NCCL INFO Channel 01 : 10[82000] -> 11[83000] via direct shared memory
c198-052:12541:12598 [1] NCCL INFO Channel 01 : 37[3000] -> 38[82000] via direct shared memory
c199-072:7307:7364 [2] NCCL INFO Channel 01 : 62[82000] -> 63[83000] via direct shared memory
c198-062:23747:23805 [1] NCCL INFO Channel 01 : 45[3000] -> 46[82000] via direct shared memory
c198-012:8270:8323 [2] NCCL INFO Channel 01 : 6[82000] -> 7[83000] via direct shared memory
c199-072:7306:7360 [1] NCCL INFO Channel 01 : 61[3000] -> 62[82000] via direct shared memory
c198-062:23748:23799 [2] NCCL INFO Channel 01 : 46[82000] -> 47[83000] via direct shared memory
c198-042:3766:3824 [1] NCCL INFO Channel 01 : 29[3000] -> 30[82000] via direct shared memory
c198-012:8269:8325 [1] NCCL INFO Channel 01 : 5[3000] -> 6[82000] via direct shared memory
c198-021:20140:20197 [1] NCCL INFO Channel 01 : 9[3000] -> 10[82000] via direct shared memory
c198-011:11132:11186 [2] NCCL INFO Channel 00 : 2[82000] -> 3[83000] via direct shared memory
c198-031:20505:20561 [1] NCCL INFO Channel 00 : 17[3000] -> 18[82000] via direct shared memory
c198-011:11131:11190 [1] NCCL INFO Channel 00 : 1[3000] -> 2[82000] via direct shared memory
c198-011:11132:11186 [2] NCCL INFO Channel 01 : 2[82000] -> 3[83000] via direct shared memory
c198-031:20505:20561 [1] NCCL INFO Channel 01 : 17[3000] -> 18[82000] via direct shared memory
c198-011:11131:11190 [1] NCCL INFO Channel 01 : 1[3000] -> 2[82000] via direct shared memory
c198-071:15600:15655 [3] NCCL INFO Channel 00/0 : 51[83000] -> 52[2000] [send] via NET/IB/0
c199-071:28723:28779 [3] NCCL INFO Channel 00/0 : 59[83000] -> 60[2000] [send] via NET/IB/0
c198-072:9212:9265 [3] NCCL INFO Channel 00/0 : 55[83000] -> 56[2000] [send] via NET/IB/0
c198-041:1530:1581 [3] NCCL INFO Channel 00/0 : 27[83000] -> 28[2000] [send] via NET/IB/0
c198-022:10936:10996 [3] NCCL INFO Channel 00/0 : 15[83000] -> 16[2000] [send] via NET/IB/0
c198-051:14505:14556 [3] NCCL INFO Channel 00/0 : 35[83000] -> 36[2000] [send] via NET/IB/0
c198-061:5073:5125 [3] NCCL INFO Channel 00/0 : 43[83000] -> 44[2000] [send] via NET/IB/0
c198-031:20507:20559 [3] NCCL INFO Channel 00/0 : 19[83000] -> 20[2000] [send] via NET/IB/0
c198-042:3768:3818 [3] NCCL INFO Channel 00/0 : 31[83000] -> 32[2000] [send] via NET/IB/0
c198-052:12543:12594 [3] NCCL INFO Channel 00/0 : 39[83000] -> 40[2000] [send] via NET/IB/0
c198-032:14375:14427 [3] NCCL INFO Channel 00/0 : 23[83000] -> 24[2000] [send] via NET/IB/0
c198-012:8271:8322 [3] NCCL INFO Channel 00/0 : 7[83000] -> 8[2000] [send] via NET/IB/0
c198-021:20142:20194 [3] NCCL INFO Channel 00/0 : 11[83000] -> 12[2000] [send] via NET/IB/0
c199-072:7308:7362 [3] NCCL INFO Channel 00/0 : 63[83000] -> 0[2000] [send] via NET/IB/0
c198-062:23749:23801 [3] NCCL INFO Channel 00/0 : 47[83000] -> 48[2000] [send] via NET/IB/0
c198-011:11133:11188 [3] NCCL INFO Channel 00/0 : 3[83000] -> 4[2000] [send] via NET/IB/0
c198-071:15597:15657 [0] NCCL INFO Channel 01/0 : 47[83000] -> 48[2000] [receive] via NET/IB/0
c198-061:5070:5128 [0] NCCL INFO Channel 01/0 : 39[83000] -> 40[2000] [receive] via NET/IB/0
c198-071:15597:15657 [0] NCCL INFO Channel 00 : 48[2000] -> 49[3000] via direct shared memory
c198-061:5070:5128 [0] NCCL INFO Channel 00 : 40[2000] -> 41[3000] via direct shared memory
c198-071:15597:15657 [0] NCCL INFO Channel 01 : 48[2000] -> 49[3000] via direct shared memory
c198-061:5070:5128 [0] NCCL INFO Channel 01 : 40[2000] -> 41[3000] via direct shared memory
c198-062:23746:23803 [0] NCCL INFO Channel 01/0 : 43[83000] -> 44[2000] [receive] via NET/IB/0
c198-052:12540:12599 [0] NCCL INFO Channel 01/0 : 35[83000] -> 36[2000] [receive] via NET/IB/0
c198-022:10932:10991 [0] NCCL INFO Channel 01/0 : 11[83000] -> 12[2000] [receive] via NET/IB/0
c198-041:1527:1584 [0] NCCL INFO Channel 01/0 : 23[83000] -> 24[2000] [receive] via NET/IB/0
c198-062:23746:23803 [0] NCCL INFO Channel 00 : 44[2000] -> 45[3000] via direct shared memory
c198-041:1527:1584 [0] NCCL INFO Channel 00 : 24[2000] -> 25[3000] via direct shared memory
c198-022:10932:10991 [0] NCCL INFO Channel 00 : 12[2000] -> 13[3000] via direct shared memory
c198-042:3765:3823 [0] NCCL INFO Channel 01/0 : 27[83000] -> 28[2000] [receive] via NET/IB/0
c198-072:9209:9269 [0] NCCL INFO Channel 01/0 : 51[83000] -> 52[2000] [receive] via NET/IB/0
c198-052:12540:12599 [0] NCCL INFO Channel 00 : 36[2000] -> 37[3000] via direct shared memory
c198-062:23746:23803 [0] NCCL INFO Channel 01 : 44[2000] -> 45[3000] via direct shared memory
c198-022:10932:10991 [0] NCCL INFO Channel 01 : 12[2000] -> 13[3000] via direct shared memory
c198-041:1527:1584 [0] NCCL INFO Channel 01 : 24[2000] -> 25[3000] via direct shared memory
c198-012:8268:8327 [0] NCCL INFO Channel 01/0 : 3[83000] -> 4[2000] [receive] via NET/IB/0
c199-072:7305:7358 [0] NCCL INFO Channel 01/0 : 59[83000] -> 60[2000] [receive] via NET/IB/0
c198-042:3765:3823 [0] NCCL INFO Channel 00 : 28[2000] -> 29[3000] via direct shared memory
c198-052:12540:12599 [0] NCCL INFO Channel 01 : 36[2000] -> 37[3000] via direct shared memory
c198-011:11130:11181 [0] NCCL INFO Channel 01/0 : 63[83000] -> 0[2000] [receive] via NET/IB/0
c199-071:28720:28780 [0] NCCL INFO Channel 01/0 : 55[83000] -> 56[2000] [receive] via NET/IB/0
c198-072:9209:9269 [0] NCCL INFO Channel 00 : 52[2000] -> 53[3000] via direct shared memory
c198-031:20504:20563 [0] NCCL INFO Channel 01/0 : 15[83000] -> 16[2000] [receive] via NET/IB/0
c198-042:3765:3823 [0] NCCL INFO Channel 01 : 28[2000] -> 29[3000] via direct shared memory
c198-012:8268:8327 [0] NCCL INFO Channel 00 : 4[2000] -> 5[3000] via direct shared memory
c198-032:14372:14431 [0] NCCL INFO Channel 01/0 : 19[83000] -> 20[2000] [receive] via NET/IB/0
c199-072:7305:7358 [0] NCCL INFO Channel 00 : 60[2000] -> 61[3000] via direct shared memory
c198-072:9209:9269 [0] NCCL INFO Channel 01 : 52[2000] -> 53[3000] via direct shared memory
c199-071:28720:28780 [0] NCCL INFO Channel 00 : 56[2000] -> 57[3000] via direct shared memory
c198-031:20504:20563 [0] NCCL INFO Channel 00 : 16[2000] -> 17[3000] via direct shared memory
c198-012:8268:8327 [0] NCCL INFO Channel 01 : 4[2000] -> 5[3000] via direct shared memory
c198-011:11130:11181 [0] NCCL INFO Channel 00 : 0[2000] -> 1[3000] via direct shared memory
c198-021:20139:20198 [0] NCCL INFO Channel 01/0 : 7[83000] -> 8[2000] [receive] via NET/IB/0
c199-072:7305:7358 [0] NCCL INFO Channel 01 : 60[2000] -> 61[3000] via direct shared memory
c199-071:28720:28780 [0] NCCL INFO Channel 01 : 56[2000] -> 57[3000] via direct shared memory
c198-051:14502:14561 [0] NCCL INFO Channel 01/0 : 31[83000] -> 32[2000] [receive] via NET/IB/0
c198-031:20504:20563 [0] NCCL INFO Channel 01 : 16[2000] -> 17[3000] via direct shared memory
c198-032:14372:14431 [0] NCCL INFO Channel 00 : 20[2000] -> 21[3000] via direct shared memory
c198-011:11130:11181 [0] NCCL INFO Channel 01 : 0[2000] -> 1[3000] via direct shared memory
c198-032:14372:14431 [0] NCCL INFO Channel 01 : 20[2000] -> 21[3000] via direct shared memory
