c196-042:19505:19561 [3] NCCL INFO Parsed MSCCL Algorithm /home1/09168/ldai1/ccl-build/msccl_tools_lyd/examples/xml/xml_lyd/binary_tree/allreduce_binary_tree_2ch_2tree_256chunk_8node_32gpu.xml successfully.
c198-051:18274:18333 [0] NCCL INFO Connected all trees
c198-051:18274:18333 [0] NCCL INFO MSCCL_XML_FILES set by environment to /home1/09168/ldai1/ccl-build/msccl_tools_lyd/examples/xml/xml_lyd/binary_tree/allreduce_binary_tree_2ch_2tree_256chunk_8node_32gpu.xml
c198-051:18274:18333 [0] NCCL INFO MSCCL: Parsing algorithm /home1/09168/ldai1/ccl-build/msccl_tools_lyd/examples/xml/xml_lyd/binary_tree/allreduce_binary_tree_2ch_2tree_256chunk_8node_32gpu.xml
c196-051:4494:4554 [1] NCCL INFO Channel 00 : 5[3000] -> 4[2000] via direct shared memory
c196-051:4494:4554 [1] NCCL INFO Channel 01 : 5[3000] -> 4[2000] via direct shared memory
c196-051:4493:4552 [0] NCCL INFO Connected all trees
c196-051:4493:4552 [0] NCCL INFO MSCCL_XML_FILES set by environment to /home1/09168/ldai1/ccl-build/msccl_tools_lyd/examples/xml/xml_lyd/binary_tree/allreduce_binary_tree_2ch_2tree_256chunk_8node_32gpu.xml
c196-051:4493:4552 [0] NCCL INFO MSCCL: Parsing algorithm /home1/09168/ldai1/ccl-build/msccl_tools_lyd/examples/xml/xml_lyd/binary_tree/allreduce_binary_tree_2ch_2tree_256chunk_8node_32gpu.xml
c198-051:18275:18332 [1] NCCL INFO Connected all trees
c198-051:18275:18332 [1] NCCL INFO MSCCL_XML_FILES set by environment to /home1/09168/ldai1/ccl-build/msccl_tools_lyd/examples/xml/xml_lyd/binary_tree/allreduce_binary_tree_2ch_2tree_256chunk_8node_32gpu.xml
c198-051:18275:18332 [1] NCCL INFO MSCCL: Parsing algorithm /home1/09168/ldai1/ccl-build/msccl_tools_lyd/examples/xml/xml_lyd/binary_tree/allreduce_binary_tree_2ch_2tree_256chunk_8node_32gpu.xml
c196-051:4494:4554 [1] NCCL INFO Connected all trees
c196-051:4494:4554 [1] NCCL INFO MSCCL_XML_FILES set by environment to /home1/09168/ldai1/ccl-build/msccl_tools_lyd/examples/xml/xml_lyd/binary_tree/allreduce_binary_tree_2ch_2tree_256chunk_8node_32gpu.xml
c196-051:4494:4554 [1] NCCL INFO MSCCL: Parsing algorithm /home1/09168/ldai1/ccl-build/msccl_tools_lyd/examples/xml/xml_lyd/binary_tree/allreduce_binary_tree_2ch_2tree_256chunk_8node_32gpu.xml
c196-042:19504:19559 [2] NCCL INFO Channel 02 : 2[82000] -> 3[83000] via direct shared memory
c196-051:4495:4548 [2] NCCL INFO Connected all trees
c196-051:4495:4548 [2] NCCL INFO MSCCL_XML_FILES set by environment to /home1/09168/ldai1/ccl-build/msccl_tools_lyd/examples/xml/xml_lyd/binary_tree/allreduce_binary_tree_2ch_2tree_256chunk_8node_32gpu.xml
c196-051:4495:4548 [2] NCCL INFO MSCCL: Parsing algorithm /home1/09168/ldai1/ccl-build/msccl_tools_lyd/examples/xml/xml_lyd/binary_tree/allreduce_binary_tree_2ch_2tree_256chunk_8node_32gpu.xml
c196-042:19504:19559 [2] NCCL INFO Channel 03 : 2[82000] -> 3[83000] via direct shared memory
c196-042:19505:19561 [3] NCCL INFO Channel 03/0 : 3[83000] -> 7[83000] [send] via NET/IB/0
c198-061:8934:8985 [2] NCCL INFO Parsed MSCCL Algorithm /home1/09168/ldai1/ccl-build/msccl_tools_lyd/examples/xml/xml_lyd/binary_tree/allreduce_binary_tree_2ch_2tree_256chunk_8node_32gpu.xml successfully.
c198-052:16304:16360 [2] NCCL INFO Parsed MSCCL Algorithm /home1/09168/ldai1/ccl-build/msccl_tools_lyd/examples/xml/xml_lyd/binary_tree/allreduce_binary_tree_2ch_2tree_256chunk_8node_32gpu.xml successfully.
c198-061:8935:8987 [3] NCCL INFO Parsed MSCCL Algorithm /home1/09168/ldai1/ccl-build/msccl_tools_lyd/examples/xml/xml_lyd/binary_tree/allreduce_binary_tree_2ch_2tree_256chunk_8node_32gpu.xml successfully.
c198-052:16305:16361 [3] NCCL INFO Parsed MSCCL Algorithm /home1/09168/ldai1/ccl-build/msccl_tools_lyd/examples/xml/xml_lyd/binary_tree/allreduce_binary_tree_2ch_2tree_256chunk_8node_32gpu.xml successfully.
c198-061:8934:8985 [2] NCCL INFO Channel 02 : 18[82000] -> 19[83000] via direct shared memory
c198-061:8934:8985 [2] NCCL INFO Channel 03 : 18[82000] -> 19[83000] via direct shared memory
c198-052:16304:16360 [2] NCCL INFO Channel 02 : 14[82000] -> 15[83000] via direct shared memory
c198-052:16304:16360 [2] NCCL INFO Channel 03 : 14[82000] -> 15[83000] via direct shared memory
c198-061:8935:8987 [3] NCCL INFO Channel 03/0 : 19[83000] -> 23[83000] [send] via NET/IB/0
c198-052:16305:16361 [3] NCCL INFO Channel 01/0 : 11[83000] -> 15[83000] [receive] via NET/IB/0
c198-071:23116:23173 [2] NCCL INFO Parsed MSCCL Algorithm /home1/09168/ldai1/ccl-build/msccl_tools_lyd/examples/xml/xml_lyd/binary_tree/allreduce_binary_tree_2ch_2tree_256chunk_8node_32gpu.xml successfully.
c198-071:23117:23175 [3] NCCL INFO Parsed MSCCL Algorithm /home1/09168/ldai1/ccl-build/msccl_tools_lyd/examples/xml/xml_lyd/binary_tree/allreduce_binary_tree_2ch_2tree_256chunk_8node_32gpu.xml successfully.
c198-071:23116:23173 [2] NCCL INFO Channel 02 : 26[82000] -> 27[83000] via direct shared memory
c198-071:23116:23173 [2] NCCL INFO Channel 03 : 26[82000] -> 27[83000] via direct shared memory
c198-071:23117:23175 [3] NCCL INFO Channel 01/0 : 27[83000] -> 31[83000] [send] via NET/IB/0
c198-072:16703:16758 [2] NCCL INFO Parsed MSCCL Algorithm /home1/09168/ldai1/ccl-build/msccl_tools_lyd/examples/xml/xml_lyd/binary_tree/allreduce_binary_tree_2ch_2tree_256chunk_8node_32gpu.xml successfully.
c198-072:16704:16760 [3] NCCL INFO Parsed MSCCL Algorithm /home1/09168/ldai1/ccl-build/msccl_tools_lyd/examples/xml/xml_lyd/binary_tree/allreduce_binary_tree_2ch_2tree_256chunk_8node_32gpu.xml successfully.
c196-051:4496:4550 [3] NCCL INFO Parsed MSCCL Algorithm /home1/09168/ldai1/ccl-build/msccl_tools_lyd/examples/xml/xml_lyd/binary_tree/allreduce_binary_tree_2ch_2tree_256chunk_8node_32gpu.xml successfully.
c198-072:16703:16758 [2] NCCL INFO Channel 02 : 30[82000] -> 31[83000] via direct shared memory
c198-072:16703:16758 [2] NCCL INFO Channel 03 : 30[82000] -> 31[83000] via direct shared memory
c198-062:27524:27576 [3] NCCL INFO Parsed MSCCL Algorithm /home1/09168/ldai1/ccl-build/msccl_tools_lyd/examples/xml/xml_lyd/binary_tree/allreduce_binary_tree_2ch_2tree_256chunk_8node_32gpu.xml successfully.
c198-051:18277:18329 [3] NCCL INFO Parsed MSCCL Algorithm /home1/09168/ldai1/ccl-build/msccl_tools_lyd/examples/xml/xml_lyd/binary_tree/allreduce_binary_tree_2ch_2tree_256chunk_8node_32gpu.xml successfully.
c198-072:16704:16760 [3] NCCL INFO Channel 01/0 : 27[83000] -> 31[83000] [receive] via NET/IB/0
c198-051:18276:18328 [2] NCCL INFO Parsed MSCCL Algorithm /home1/09168/ldai1/ccl-build/msccl_tools_lyd/examples/xml/xml_lyd/binary_tree/allreduce_binary_tree_2ch_2tree_256chunk_8node_32gpu.xml successfully.
c198-052:16302:16357 [0] NCCL INFO Parsed MSCCL Algorithm /home1/09168/ldai1/ccl-build/msccl_tools_lyd/examples/xml/xml_lyd/binary_tree/allreduce_binary_tree_2ch_2tree_256chunk_8node_32gpu.xml successfully.
c198-052:16302:16357 [0] NCCL INFO Channel 02 : 12[2000] -> 13[3000] via direct shared memory
c198-052:16302:16357 [0] NCCL INFO Channel 03 : 12[2000] -> 13[3000] via direct shared memory
c198-052:16303:16355 [1] NCCL INFO Parsed MSCCL Algorithm /home1/09168/ldai1/ccl-build/msccl_tools_lyd/examples/xml/xml_lyd/binary_tree/allreduce_binary_tree_2ch_2tree_256chunk_8node_32gpu.xml successfully.
c198-071:23117:23175 [3] NCCL INFO Channel 03/0 : 22[82000] -> 27[83000] [receive] via NET/IB/0
c198-051:18276:18328 [2] NCCL INFO Channel 02 : 10[82000] -> 11[83000] via direct shared memory
c198-051:18276:18328 [2] NCCL INFO Channel 03 : 10[82000] -> 11[83000] via direct shared memory
c198-072:16704:16760 [3] NCCL INFO Channel 03/0 : 15[83000] -> 31[83000] [receive] via NET/IB/0
c198-051:18277:18329 [3] NCCL INFO Channel 01/0 : 11[83000] -> 15[83000] [send] via NET/IB/0
c198-052:16303:16355 [1] NCCL INFO Channel 02 : 13[3000] -> 14[82000] via direct shared memory
c198-052:16303:16355 [1] NCCL INFO Channel 03 : 13[3000] -> 14[82000] via direct shared memory
c198-072:16701:16762 [0] NCCL INFO Parsed MSCCL Algorithm /home1/09168/ldai1/ccl-build/msccl_tools_lyd/examples/xml/xml_lyd/binary_tree/allreduce_binary_tree_2ch_2tree_256chunk_8node_32gpu.xml successfully.
c198-072:16702:16756 [1] NCCL INFO Parsed MSCCL Algorithm /home1/09168/ldai1/ccl-build/msccl_tools_lyd/examples/xml/xml_lyd/binary_tree/allreduce_binary_tree_2ch_2tree_256chunk_8node_32gpu.xml successfully.
c198-072:16701:16762 [0] NCCL INFO Channel 02 : 28[2000] -> 29[3000] via direct shared memory
c198-072:16701:16762 [0] NCCL INFO Channel 03 : 28[2000] -> 29[3000] via direct shared memory
c198-052:16302:16357 [0] NCCL INFO Channel 02/0 : 4[2000] -> 12[2000] [receive] via NET/IB/0
c198-052:16303:16355 [1] NCCL INFO Channel 02/0 : 13[3000] -> 20[2000] [send] via NET/IB/0
c198-052:16304:16360 [2] NCCL INFO Channel 03/0 : 14[82000] -> 23[83000] [send] via NET/IB/0
c198-072:16702:16756 [1] NCCL INFO Channel 02 : 29[3000] -> 30[82000] via direct shared memory
c198-072:16702:16756 [1] NCCL INFO Channel 03 : 29[3000] -> 30[82000] via direct shared memory
c198-061:8932:8991 [0] NCCL INFO Parsed MSCCL Algorithm /home1/09168/ldai1/ccl-build/msccl_tools_lyd/examples/xml/xml_lyd/binary_tree/allreduce_binary_tree_2ch_2tree_256chunk_8node_32gpu.xml successfully.
c198-061:8932:8991 [0] NCCL INFO Channel 02 : 16[2000] -> 17[3000] via direct shared memory
c198-072:16701:16762 [0] NCCL INFO Channel 02/0 : 12[2000] -> 28[2000] [receive] via NET/IB/0
c198-061:8932:8991 [0] NCCL INFO Channel 03 : 16[2000] -> 17[3000] via direct shared memory
c198-061:8933:8990 [1] NCCL INFO Parsed MSCCL Algorithm /home1/09168/ldai1/ccl-build/msccl_tools_lyd/examples/xml/xml_lyd/binary_tree/allreduce_binary_tree_2ch_2tree_256chunk_8node_32gpu.xml successfully.
c198-071:23114:23170 [0] NCCL INFO Parsed MSCCL Algorithm /home1/09168/ldai1/ccl-build/msccl_tools_lyd/examples/xml/xml_lyd/binary_tree/allreduce_binary_tree_2ch_2tree_256chunk_8node_32gpu.xml successfully.
c198-071:23114:23170 [0] NCCL INFO Channel 02 : 24[2000] -> 25[3000] via direct shared memory
c198-071:23115:23171 [1] NCCL INFO Parsed MSCCL Algorithm /home1/09168/ldai1/ccl-build/msccl_tools_lyd/examples/xml/xml_lyd/binary_tree/allreduce_binary_tree_2ch_2tree_256chunk_8node_32gpu.xml successfully.
c198-071:23114:23170 [0] NCCL INFO Channel 03 : 24[2000] -> 25[3000] via direct shared memory
c198-072:16702:16756 [1] NCCL INFO Channel 02 : 29[3000] -> 28[2000] via direct shared memory
c198-062:27523:27574 [2] NCCL INFO Parsed MSCCL Algorithm /home1/09168/ldai1/ccl-build/msccl_tools_lyd/examples/xml/xml_lyd/binary_tree/allreduce_binary_tree_2ch_2tree_256chunk_8node_32gpu.xml successfully.
c198-072:16703:16758 [2] NCCL INFO Channel 02 : 30[82000] -> 29[3000] via direct shared memory
c198-072:16702:16756 [1] NCCL INFO Channel 03 : 29[3000] -> 28[2000] via direct shared memory
c198-072:16703:16758 [2] NCCL INFO Channel 03 : 30[82000] -> 29[3000] via direct shared memory
c198-072:16704:16760 [3] NCCL INFO Channel 03/0 : 31[83000] -> 15[83000] [send] via NET/IB/0
c198-061:8933:8990 [1] NCCL INFO Channel 02 : 17[3000] -> 18[82000] via direct shared memory
c198-061:8933:8990 [1] NCCL INFO Channel 03 : 17[3000] -> 18[82000] via direct shared memory
c198-071:23115:23171 [1] NCCL INFO Channel 02 : 25[3000] -> 26[82000] via direct shared memory
c198-071:23115:23171 [1] NCCL INFO Channel 03 : 25[3000] -> 26[82000] via direct shared memory
c198-061:8932:8991 [0] NCCL INFO Channel 02/0 : 16[2000] -> 20[2000] [send] via NET/IB/0
c198-051:18274:18333 [0] NCCL INFO Parsed MSCCL Algorithm /home1/09168/ldai1/ccl-build/msccl_tools_lyd/examples/xml/xml_lyd/binary_tree/allreduce_binary_tree_2ch_2tree_256chunk_8node_32gpu.xml successfully.
c196-051:4495:4548 [2] NCCL INFO Parsed MSCCL Algorithm /home1/09168/ldai1/ccl-build/msccl_tools_lyd/examples/xml/xml_lyd/binary_tree/allreduce_binary_tree_2ch_2tree_256chunk_8node_32gpu.xml successfully.
c198-051:18274:18333 [0] NCCL INFO Channel 02 : 8[2000] -> 9[3000] via direct shared memory
c198-071:23114:23170 [0] NCCL INFO Channel 02/0 : 21[3000] -> 24[2000] [receive] via NET/IB/0
c198-051:18274:18333 [0] NCCL INFO Channel 03 : 8[2000] -> 9[3000] via direct shared memory
c198-062:27521:27578 [0] NCCL INFO Parsed MSCCL Algorithm /home1/09168/ldai1/ccl-build/msccl_tools_lyd/examples/xml/xml_lyd/binary_tree/allreduce_binary_tree_2ch_2tree_256chunk_8node_32gpu.xml successfully.
c198-062:27522:27580 [1] NCCL INFO Parsed MSCCL Algorithm /home1/09168/ldai1/ccl-build/msccl_tools_lyd/examples/xml/xml_lyd/binary_tree/allreduce_binary_tree_2ch_2tree_256chunk_8node_32gpu.xml successfully.
c198-051:18277:18329 [3] NCCL INFO Channel 03/0 : 6[82000] -> 11[83000] [receive] via NET/IB/0
c198-051:18275:18332 [1] NCCL INFO Parsed MSCCL Algorithm /home1/09168/ldai1/ccl-build/msccl_tools_lyd/examples/xml/xml_lyd/binary_tree/allreduce_binary_tree_2ch_2tree_256chunk_8node_32gpu.xml successfully.
c198-061:8934:8985 [2] NCCL INFO Channel 01/0 : 11[83000] -> 18[82000] [receive] via NET/IB/0
c196-051:4493:4552 [0] NCCL INFO Parsed MSCCL Algorithm /home1/09168/ldai1/ccl-build/msccl_tools_lyd/examples/xml/xml_lyd/binary_tree/allreduce_binary_tree_2ch_2tree_256chunk_8node_32gpu.xml successfully.
c198-062:27521:27578 [0] NCCL INFO Channel 02 : 20[2000] -> 21[3000] via direct shared memory
c198-062:27521:27578 [0] NCCL INFO Channel 03 : 20[2000] -> 21[3000] via direct shared memory
c198-052:16305:16361 [3] NCCL INFO Channel 03/0 : 7[83000] -> 15[83000] [receive] via NET/IB/0
c198-071:23116:23173 [2] NCCL INFO Channel 01/0 : 23[83000] -> 26[82000] [receive] via NET/IB/0
c196-042:19503:19563 [1] NCCL INFO Parsed MSCCL Algorithm /home1/09168/ldai1/ccl-build/msccl_tools_lyd/examples/xml/xml_lyd/binary_tree/allreduce_binary_tree_2ch_2tree_256chunk_8node_32gpu.xml successfully.
c196-051:4493:4552 [0] NCCL INFO Channel 02 : 4[2000] -> 5[3000] via direct shared memory
c196-051:4493:4552 [0] NCCL INFO Channel 03 : 4[2000] -> 5[3000] via direct shared memory
c196-042:19502:19554 [0] NCCL INFO Parsed MSCCL Algorithm /home1/09168/ldai1/ccl-build/msccl_tools_lyd/examples/xml/xml_lyd/binary_tree/allreduce_binary_tree_2ch_2tree_256chunk_8node_32gpu.xml successfully.
c196-042:19502:19554 [0] NCCL INFO Channel 02 : 0[2000] -> 1[3000] via direct shared memory
c196-042:19502:19554 [0] NCCL INFO Channel 03 : 0[2000] -> 1[3000] via direct shared memory
c196-051:4494:4554 [1] NCCL INFO Parsed MSCCL Algorithm /home1/09168/ldai1/ccl-build/msccl_tools_lyd/examples/xml/xml_lyd/binary_tree/allreduce_binary_tree_2ch_2tree_256chunk_8node_32gpu.xml successfully.
c198-062:27523:27574 [2] NCCL INFO Channel 02 : 22[82000] -> 23[83000] via direct shared memory
c198-062:27523:27574 [2] NCCL INFO Channel 03 : 22[82000] -> 23[83000] via direct shared memory
c198-062:27524:27576 [3] NCCL INFO Channel 01/0 : 23[83000] -> 26[82000] [send] via NET/IB/0
c198-061:8933:8990 [1] NCCL INFO Channel 02 : 17[3000] -> 16[2000] via direct shared memory
c198-061:8933:8990 [1] NCCL INFO Channel 03 : 17[3000] -> 16[2000] via direct shared memory
c198-071:23115:23171 [1] NCCL INFO Channel 02 : 25[3000] -> 24[2000] via direct shared memory
c198-071:23115:23171 [1] NCCL INFO Channel 03 : 25[3000] -> 24[2000] via direct shared memory
c196-051:4495:4548 [2] NCCL INFO Channel 02 : 6[82000] -> 7[83000] via direct shared memory
c196-051:4495:4548 [2] NCCL INFO Channel 03 : 6[82000] -> 7[83000] via direct shared memory
c196-051:4496:4550 [3] NCCL INFO Channel 01/0 : 7[83000] -> 10[82000] [send] via NET/IB/0
c198-062:27522:27580 [1] NCCL INFO Channel 02 : 21[3000] -> 22[82000] via direct shared memory
c198-062:27522:27580 [1] NCCL INFO Channel 03 : 21[3000] -> 22[82000] via direct shared memory
c198-072:16701:16762 [0] NCCL INFO Channel 02/0 : 28[2000] -> 12[2000] [send] via NET/IB/0
c198-051:18275:18332 [1] NCCL INFO Channel 02 : 9[3000] -> 10[82000] via direct shared memory
c198-051:18275:18332 [1] NCCL INFO Channel 03 : 9[3000] -> 10[82000] via direct shared memory
c196-042:19503:19563 [1] NCCL INFO Channel 02 : 1[3000] -> 2[82000] via direct shared memory
c196-042:19503:19563 [1] NCCL INFO Channel 03 : 1[3000] -> 2[82000] via direct shared memory
c198-062:27521:27578 [0] NCCL INFO Channel 02/0 : 16[2000] -> 20[2000] [receive] via NET/IB/0
c198-062:27522:27580 [1] NCCL INFO Channel 02/0 : 21[3000] -> 24[2000] [send] via NET/IB/0
c198-051:18274:18333 [0] NCCL INFO Channel 02/0 : 5[3000] -> 8[2000] [receive] via NET/IB/0
c196-051:4494:4554 [1] NCCL INFO Channel 02 : 5[3000] -> 6[82000] via direct shared memory
c196-051:4494:4554 [1] NCCL INFO Channel 03 : 5[3000] -> 6[82000] via direct shared memory
c196-042:19502:19554 [0] NCCL INFO Channel 02/0 : 0[2000] -> 4[2000] [send] via NET/IB/0
c198-062:27523:27574 [2] NCCL INFO Channel 03/0 : 22[82000] -> 27[83000] [send] via NET/IB/0
c198-051:18276:18328 [2] NCCL INFO Channel 01/0 : 7[83000] -> 10[82000] [receive] via NET/IB/0
c196-051:4493:4552 [0] NCCL INFO Channel 02/0 : 0[2000] -> 4[2000] [receive] via NET/IB/0
c196-051:4494:4554 [1] NCCL INFO Channel 02/0 : 5[3000] -> 8[2000] [send] via NET/IB/0
c196-051:4495:4548 [2] NCCL INFO Channel 03/0 : 6[82000] -> 11[83000] [send] via NET/IB/0
c198-051:18275:18332 [1] NCCL INFO Channel 02 : 9[3000] -> 8[2000] via direct shared memory
c198-051:18275:18332 [1] NCCL INFO Channel 03 : 9[3000] -> 8[2000] via direct shared memory
c196-042:19504:19559 [2] NCCL INFO Channel 02 : 2[82000] -> 1[3000] via direct shared memory
c196-042:19504:19559 [2] NCCL INFO Channel 03 : 2[82000] -> 1[3000] via direct shared memory
c196-042:19503:19563 [1] NCCL INFO Channel 02 : 1[3000] -> 0[2000] via direct shared memory
c196-042:19503:19563 [1] NCCL INFO Channel 03 : 1[3000] -> 0[2000] via direct shared memory
c198-062:27524:27576 [3] NCCL INFO Channel 03/0 : 19[83000] -> 23[83000] [receive] via NET/IB/0
c198-071:23116:23173 [2] NCCL INFO Channel 01/0 : 26[82000] -> 23[83000] [send] via NET/IB/0
c198-061:8932:8991 [0] NCCL INFO Channel 02/0 : 20[2000] -> 16[2000] [receive] via NET/IB/0
c198-062:27522:27580 [1] NCCL INFO Channel 02/0 : 24[2000] -> 21[3000] [receive] via NET/IB/0
c198-071:23114:23170 [0] NCCL INFO Channel 02/0 : 24[2000] -> 21[3000] [send] via NET/IB/0
c198-062:27523:27574 [2] NCCL INFO Channel 03/0 : 27[83000] -> 22[82000] [receive] via NET/IB/0
c198-071:23117:23175 [3] NCCL INFO Channel 01/0 : 19[83000] -> 27[83000] [receive] via NET/IB/0
c198-062:27521:27578 [0] NCCL INFO Channel 02/0 : 13[3000] -> 20[2000] [receive] via NET/IB/0
c196-051:4496:4550 [3] NCCL INFO Channel 03/0 : 3[83000] -> 7[83000] [receive] via NET/IB/0
c198-051:18276:18328 [2] NCCL INFO Channel 01/0 : 10[82000] -> 7[83000] [send] via NET/IB/0
c196-042:19502:19554 [0] NCCL INFO Channel 02/0 : 4[2000] -> 0[2000] [receive] via NET/IB/0
c196-051:4493:4552 [0] NCCL INFO Channel 02/0 : 4[2000] -> 12[2000] [send] via NET/IB/0
c196-051:4494:4554 [1] NCCL INFO Channel 02/0 : 8[2000] -> 5[3000] [receive] via NET/IB/0
c196-051:4495:4548 [2] NCCL INFO Channel 03/0 : 11[83000] -> 6[82000] [receive] via NET/IB/0
c198-051:18277:18329 [3] NCCL INFO Channel 01/0 : 11[83000] -> 18[82000] [send] via NET/IB/0
c198-051:18274:18333 [0] NCCL INFO Channel 02/0 : 8[2000] -> 5[3000] [send] via NET/IB/0
c198-071:23114:23170 [0] NCCL INFO Connected 1 MSCCL algorithms
c198-071:23114:23170 [0] NCCL INFO NCCL_PROTO set by environment to Simple
c198-071:23114:23170 [0] NCCL INFO NCCL_ALGO set by environment to MSCCL,TREE,RING
c198-071:23114:23170 [0] NCCL INFO threadThresholds 8/8/64 | 256/8/64 | 8/8/64 | 8/8/512
c198-071:23114:23170 [0] NCCL INFO 4 coll channels, 2 p2p channels, 2 p2p channels per peer
c198-062:27522:27580 [1] NCCL INFO Channel 02 : 21[3000] -> 20[2000] via direct shared memory
c198-062:27522:27580 [1] NCCL INFO Channel 03 : 21[3000] -> 20[2000] via direct shared memory
c198-061:8935:8987 [3] NCCL INFO Channel 01/0 : 19[83000] -> 27[83000] [send] via NET/IB/0
c198-051:18274:18333 [0] NCCL INFO Connected 1 MSCCL algorithms
c198-051:18274:18333 [0] NCCL INFO NCCL_PROTO set by environment to Simple
c198-051:18274:18333 [0] NCCL INFO NCCL_ALGO set by environment to MSCCL,TREE,RING
c198-051:18274:18333 [0] NCCL INFO threadThresholds 8/8/64 | 256/8/64 | 8/8/64 | 8/8/512
c198-051:18274:18333 [0] NCCL INFO 4 coll channels, 2 p2p channels, 2 p2p channels per peer
c198-062:27524:27576 [3] NCCL INFO Channel 03/0 : 14[82000] -> 23[83000] [receive] via NET/IB/0
c196-051:4494:4554 [1] NCCL INFO Channel 02 : 5[3000] -> 4[2000] via direct shared memory
c196-051:4494:4554 [1] NCCL INFO Channel 03 : 5[3000] -> 4[2000] via direct shared memory
c198-052:16303:16355 [1] NCCL INFO Channel 02/0 : 20[2000] -> 13[3000] [receive] via NET/IB/0
c196-042:19505:19561 [3] NCCL INFO Channel 01/0 : 19[83000] -> 3[83000] [receive] via NET/IB/0
c196-051:4496:4550 [3] NCCL INFO Channel 03/0 : 7[83000] -> 15[83000] [send] via NET/IB/0
c196-051:4493:4552 [0] NCCL INFO Channel 02/0 : 12[2000] -> 4[2000] [receive] via NET/IB/0
c198-062:27521:27578 [0] NCCL INFO Channel 02/0 : 20[2000] -> 13[3000] [send] via NET/IB/0
c198-051:18277:18329 [3] NCCL INFO Channel 01/0 : 18[82000] -> 11[83000] [receive] via NET/IB/0
c198-052:16302:16357 [0] NCCL INFO Channel 02/0 : 28[2000] -> 12[2000] [receive] via NET/IB/0
c198-061:8934:8985 [2] NCCL INFO Channel 01/0 : 18[82000] -> 11[83000] [send] via NET/IB/0
c198-052:16303:16355 [1] NCCL INFO Channel 02 : 13[3000] -> 12[2000] via direct shared memory
c198-052:16303:16355 [1] NCCL INFO Channel 03 : 13[3000] -> 12[2000] via direct shared memory
c198-061:8935:8987 [3] NCCL INFO Channel 01/0 : 3[83000] -> 19[83000] [receive] via NET/IB/0
c198-061:8934:8985 [2] NCCL INFO Channel 02 : 18[82000] -> 17[3000] via direct shared memory
c198-061:8934:8985 [2] NCCL INFO Channel 03 : 18[82000] -> 17[3000] via direct shared memory
c198-071:23117:23175 [3] NCCL INFO Channel 01/0 : 27[83000] -> 19[83000] [send] via NET/IB/0
c198-052:16304:16360 [2] NCCL INFO Channel 03/0 : 23[83000] -> 14[82000] [receive] via NET/IB/0
c198-062:27524:27576 [3] NCCL INFO Channel 03/0 : 23[83000] -> 14[82000] [send] via NET/IB/0
c196-042:19505:19561 [3] NCCL INFO Channel 01/0 : 3[83000] -> 19[83000] [send] via NET/IB/0
c198-052:16302:16357 [0] NCCL INFO Channel 02/0 : 12[2000] -> 28[2000] [send] via NET/IB/0
c196-051:4496:4550 [3] NCCL INFO Channel 03/0 : 15[83000] -> 7[83000] [receive] via NET/IB/0
c198-052:16305:16361 [3] NCCL INFO Channel 03/0 : 31[83000] -> 15[83000] [receive] via NET/IB/0
c198-062:27521:27578 [0] NCCL INFO Channel 02/0 : 20[2000] -> 16[2000] [send] via NET/IB/0
c198-052:16304:16360 [2] NCCL INFO Channel 02 : 14[82000] -> 13[3000] via direct shared memory
c198-052:16304:16360 [2] NCCL INFO Channel 03 : 14[82000] -> 13[3000] via direct shared memory
c198-051:18277:18329 [3] NCCL INFO Channel 03/0 : 11[83000] -> 6[82000] [send] via NET/IB/0
c198-061:8935:8987 [3] NCCL INFO Channel 01/0 : 19[83000] -> 3[83000] [send] via NET/IB/0
c198-062:27521:27578 [0] NCCL INFO Connected 1 MSCCL algorithms
c198-062:27521:27578 [0] NCCL INFO NCCL_PROTO set by environment to Simple
c198-062:27521:27578 [0] NCCL INFO NCCL_ALGO set by environment to MSCCL,TREE,RING
c198-062:27521:27578 [0] NCCL INFO threadThresholds 8/8/64 | 256/8/64 | 8/8/64 | 8/8/512
c198-062:27521:27578 [0] NCCL INFO 4 coll channels, 2 p2p channels, 2 p2p channels per peer
c198-061:8932:8991 [0] NCCL INFO Connected 1 MSCCL algorithms
c198-061:8932:8991 [0] NCCL INFO NCCL_PROTO set by environment to Simple
c198-061:8932:8991 [0] NCCL INFO NCCL_ALGO set by environment to MSCCL,TREE,RING
c198-061:8932:8991 [0] NCCL INFO threadThresholds 8/8/64 | 256/8/64 | 8/8/64 | 8/8/512
c198-061:8932:8991 [0] NCCL INFO 4 coll channels, 2 p2p channels, 2 p2p channels per peer
c198-062:27524:27576 [3] NCCL INFO Channel 03/0 : 23[83000] -> 19[83000] [send] via NET/IB/0
c198-061:8933:8990 [1] NCCL INFO Connected 1 MSCCL algorithms
c198-061:8933:8990 [1] NCCL INFO NCCL_PROTO set by environment to Simple
c198-061:8933:8990 [1] NCCL INFO NCCL_ALGO set by environment to MSCCL,TREE,RING
c198-061:8933:8990 [1] NCCL INFO threadThresholds 8/8/64 | 256/8/64 | 8/8/64 | 8/8/512
c198-061:8933:8990 [1] NCCL INFO 4 coll channels, 2 p2p channels, 2 p2p channels per peer
c196-051:4495:4548 [2] NCCL INFO Channel 02 : 6[82000] -> 5[3000] via direct shared memory
c196-051:4495:4548 [2] NCCL INFO Channel 03 : 6[82000] -> 5[3000] via direct shared memory
c198-072:16701:16762 [0] NCCL INFO Connected 1 MSCCL algorithms
c198-072:16701:16762 [0] NCCL INFO NCCL_PROTO set by environment to Simple
c198-072:16701:16762 [0] NCCL INFO NCCL_ALGO set by environment to MSCCL,TREE,RING
c198-072:16701:16762 [0] NCCL INFO threadThresholds 8/8/64 | 256/8/64 | 8/8/64 | 8/8/512
c198-072:16701:16762 [0] NCCL INFO 4 coll channels, 2 p2p channels, 2 p2p channels per peer
c198-072:16702:16756 [1] NCCL INFO Connected 1 MSCCL algorithms
c198-072:16702:16756 [1] NCCL INFO NCCL_PROTO set by environment to Simple
c198-072:16702:16756 [1] NCCL INFO NCCL_ALGO set by environment to MSCCL,TREE,RING
c198-072:16702:16756 [1] NCCL INFO threadThresholds 8/8/64 | 256/8/64 | 8/8/64 | 8/8/512
c198-072:16702:16756 [1] NCCL INFO 4 coll channels, 2 p2p channels, 2 p2p channels per peer
c198-052:16305:16361 [3] NCCL INFO Channel 03/0 : 15[83000] -> 31[83000] [send] via NET/IB/0
c198-051:18277:18329 [3] NCCL INFO Channel 01/0 : 15[83000] -> 11[83000] [receive] via NET/IB/0
c198-052:16302:16357 [0] NCCL INFO Channel 02/0 : 12[2000] -> 4[2000] [send] via NET/IB/0
c196-042:19505:19561 [3] NCCL INFO Channel 03/0 : 7[83000] -> 3[83000] [receive] via NET/IB/0
c198-061:8935:8987 [3] NCCL INFO Channel 01/0 : 27[83000] -> 19[83000] [receive] via NET/IB/0
c198-052:16302:16357 [0] NCCL INFO Connected 1 MSCCL algorithms
c198-052:16302:16357 [0] NCCL INFO NCCL_PROTO set by environment to Simple
c198-052:16302:16357 [0] NCCL INFO NCCL_ALGO set by environment to MSCCL,TREE,RING
c198-052:16302:16357 [0] NCCL INFO threadThresholds 8/8/64 | 256/8/64 | 8/8/64 | 8/8/512
c198-052:16302:16357 [0] NCCL INFO 4 coll channels, 2 p2p channels, 2 p2p channels per peer
c198-052:16303:16355 [1] NCCL INFO Connected 1 MSCCL algorithms
c198-052:16303:16355 [1] NCCL INFO NCCL_PROTO set by environment to Simple
c198-052:16303:16355 [1] NCCL INFO NCCL_ALGO set by environment to MSCCL,TREE,RING
c198-052:16303:16355 [1] NCCL INFO threadThresholds 8/8/64 | 256/8/64 | 8/8/64 | 8/8/512
c198-052:16303:16355 [1] NCCL INFO 4 coll channels, 2 p2p channels, 2 p2p channels per peer
c198-072:16704:16760 [3] NCCL INFO Channel 01/0 : 31[83000] -> 27[83000] [send] via NET/IB/0
c198-052:16305:16361 [3] NCCL INFO Channel 03/0 : 15[83000] -> 7[83000] [send] via NET/IB/0
c196-051:4493:4552 [0] NCCL INFO Channel 02/0 : 4[2000] -> 0[2000] [send] via NET/IB/0
c198-071:23117:23175 [3] NCCL INFO Channel 03/0 : 27[83000] -> 22[82000] [send] via NET/IB/0
c198-061:8935:8987 [3] NCCL INFO Channel 03/0 : 23[83000] -> 19[83000] [receive] via NET/IB/0
c196-051:4493:4552 [0] NCCL INFO Connected 1 MSCCL algorithms
c196-051:4493:4552 [0] NCCL INFO NCCL_PROTO set by environment to Simple
c196-051:4493:4552 [0] NCCL INFO NCCL_ALGO set by environment to MSCCL,TREE,RING
c196-051:4493:4552 [0] NCCL INFO threadThresholds 8/8/64 | 256/8/64 | 8/8/64 | 8/8/512
c196-051:4493:4552 [0] NCCL INFO 4 coll channels, 2 p2p channels, 2 p2p channels per peer
c196-042:19502:19554 [0] NCCL INFO Connected 1 MSCCL algorithms
c196-042:19502:19554 [0] NCCL INFO NCCL_PROTO set by environment to Simple
c196-042:19502:19554 [0] NCCL INFO NCCL_ALGO set by environment to MSCCL,TREE,RING
c196-042:19502:19554 [0] NCCL INFO threadThresholds 8/8/64 | 256/8/64 | 8/8/64 | 8/8/512
c196-042:19502:19554 [0] NCCL INFO 4 coll channels, 2 p2p channels, 2 p2p channels per peer
c196-051:4494:4554 [1] NCCL INFO Connected 1 MSCCL algorithms
c196-051:4494:4554 [1] NCCL INFO NCCL_PROTO set by environment to Simple
c196-051:4494:4554 [1] NCCL INFO NCCL_ALGO set by environment to MSCCL,TREE,RING
c196-051:4494:4554 [1] NCCL INFO threadThresholds 8/8/64 | 256/8/64 | 8/8/64 | 8/8/512
c196-051:4494:4554 [1] NCCL INFO 4 coll channels, 2 p2p channels, 2 p2p channels per peer
c196-042:19503:19563 [1] NCCL INFO Connected 1 MSCCL algorithms
c196-042:19503:19563 [1] NCCL INFO NCCL_PROTO set by environment to Simple
c196-042:19503:19563 [1] NCCL INFO NCCL_ALGO set by environment to MSCCL,TREE,RING
c196-042:19503:19563 [1] NCCL INFO threadThresholds 8/8/64 | 256/8/64 | 8/8/64 | 8/8/512
c196-042:19503:19563 [1] NCCL INFO 4 coll channels, 2 p2p channels, 2 p2p channels per peer
c198-061:8935:8987 [3] NCCL INFO Channel 02 : 19[83000] -> 18[82000] via direct shared memory
c198-061:8935:8987 [3] NCCL INFO Channel 03 : 19[83000] -> 18[82000] via direct shared memory
c198-061:8935:8987 [3] NCCL INFO Connected 1 MSCCL algorithms
c198-061:8935:8987 [3] NCCL INFO NCCL_PROTO set by environment to Simple
c198-061:8935:8987 [3] NCCL INFO NCCL_ALGO set by environment to MSCCL,TREE,RING
c198-061:8935:8987 [3] NCCL INFO threadThresholds 8/8/64 | 256/8/64 | 8/8/64 | 8/8/512
c198-061:8935:8987 [3] NCCL INFO 4 coll channels, 2 p2p channels, 2 p2p channels per peer
c198-061:8934:8985 [2] NCCL INFO Connected 1 MSCCL algorithms
c198-061:8934:8985 [2] NCCL INFO NCCL_PROTO set by environment to Simple
c198-061:8934:8985 [2] NCCL INFO NCCL_ALGO set by environment to MSCCL,TREE,RING
c198-061:8934:8985 [2] NCCL INFO threadThresholds 8/8/64 | 256/8/64 | 8/8/64 | 8/8/512
c198-061:8934:8985 [2] NCCL INFO 4 coll channels, 2 p2p channels, 2 p2p channels per peer
c198-052:16305:16361 [3] NCCL INFO Channel 01/0 : 15[83000] -> 11[83000] [send] via NET/IB/0
c196-051:4496:4550 [3] NCCL INFO Channel 03/0 : 7[83000] -> 3[83000] [send] via NET/IB/0
c198-062:27523:27574 [2] NCCL INFO Channel 02 : 22[82000] -> 21[3000] via direct shared memory
c198-062:27523:27574 [2] NCCL INFO Channel 03 : 22[82000] -> 21[3000] via direct shared memory
c198-062:27522:27580 [1] NCCL INFO Connected 1 MSCCL algorithms
c198-062:27522:27580 [1] NCCL INFO NCCL_PROTO set by environment to Simple
c198-062:27522:27580 [1] NCCL INFO NCCL_ALGO set by environment to MSCCL,TREE,RING
c198-062:27522:27580 [1] NCCL INFO threadThresholds 8/8/64 | 256/8/64 | 8/8/64 | 8/8/512
c198-062:27522:27580 [1] NCCL INFO 4 coll channels, 2 p2p channels, 2 p2p channels per peer
c198-052:16305:16361 [3] NCCL INFO Channel 02 : 15[83000] -> 14[82000] via direct shared memory
c198-052:16305:16361 [3] NCCL INFO Channel 03 : 15[83000] -> 14[82000] via direct shared memory
c196-042:19505:19561 [3] NCCL INFO Channel 02 : 3[83000] -> 2[82000] via direct shared memory
c196-042:19505:19561 [3] NCCL INFO Channel 03 : 3[83000] -> 2[82000] via direct shared memory
c198-051:18277:18329 [3] NCCL INFO Channel 02 : 11[83000] -> 10[82000] via direct shared memory
c198-051:18277:18329 [3] NCCL INFO Channel 03 : 11[83000] -> 10[82000] via direct shared memory
c198-052:16305:16361 [3] NCCL INFO Connected 1 MSCCL algorithms
c198-052:16305:16361 [3] NCCL INFO NCCL_PROTO set by environment to Simple
c198-052:16305:16361 [3] NCCL INFO NCCL_ALGO set by environment to MSCCL,TREE,RING
c198-052:16305:16361 [3] NCCL INFO threadThresholds 8/8/64 | 256/8/64 | 8/8/64 | 8/8/512
c198-052:16305:16361 [3] NCCL INFO 4 coll channels, 2 p2p channels, 2 p2p channels per peer
c198-052:16304:16360 [2] NCCL INFO Connected 1 MSCCL algorithms
c198-052:16304:16360 [2] NCCL INFO NCCL_PROTO set by environment to Simple
c198-052:16304:16360 [2] NCCL INFO NCCL_ALGO set by environment to MSCCL,TREE,RING
c198-052:16304:16360 [2] NCCL INFO threadThresholds 8/8/64 | 256/8/64 | 8/8/64 | 8/8/512
c198-052:16304:16360 [2] NCCL INFO 4 coll channels, 2 p2p channels, 2 p2p channels per peer
c196-042:19505:19561 [3] NCCL INFO Connected 1 MSCCL algorithms
c196-042:19505:19561 [3] NCCL INFO NCCL_PROTO set by environment to Simple
c196-042:19505:19561 [3] NCCL INFO NCCL_ALGO set by environment to MSCCL,TREE,RING
c196-042:19505:19561 [3] NCCL INFO threadThresholds 8/8/64 | 256/8/64 | 8/8/64 | 8/8/512
c196-042:19505:19561 [3] NCCL INFO 4 coll channels, 2 p2p channels, 2 p2p channels per peer
c196-042:19504:19559 [2] NCCL INFO Connected 1 MSCCL algorithms
c196-042:19504:19559 [2] NCCL INFO NCCL_PROTO set by environment to Simple
c196-042:19504:19559 [2] NCCL INFO NCCL_ALGO set by environment to MSCCL,TREE,RING
c196-042:19504:19559 [2] NCCL INFO threadThresholds 8/8/64 | 256/8/64 | 8/8/64 | 8/8/512
c196-042:19504:19559 [2] NCCL INFO 4 coll channels, 2 p2p channels, 2 p2p channels per peer
c198-071:23117:23175 [3] NCCL INFO Channel 01/0 : 31[83000] -> 27[83000] [receive] via NET/IB/0
c198-062:27524:27576 [3] NCCL INFO Channel 01/0 : 26[82000] -> 23[83000] [receive] via NET/IB/0
c198-072:16704:16760 [3] NCCL INFO Channel 02 : 31[83000] -> 30[82000] via direct shared memory
c198-072:16704:16760 [3] NCCL INFO Channel 03 : 31[83000] -> 30[82000] via direct shared memory
c198-071:23117:23175 [3] NCCL INFO Channel 02 : 27[83000] -> 26[82000] via direct shared memory
c198-071:23117:23175 [3] NCCL INFO Channel 03 : 27[83000] -> 26[82000] via direct shared memory
c198-072:16704:16760 [3] NCCL INFO Connected 1 MSCCL algorithms
c198-072:16704:16760 [3] NCCL INFO NCCL_PROTO set by environment to Simple
c198-072:16704:16760 [3] NCCL INFO NCCL_ALGO set by environment to MSCCL,TREE,RING
c198-072:16704:16760 [3] NCCL INFO threadThresholds 8/8/64 | 256/8/64 | 8/8/64 | 8/8/512
c198-072:16704:16760 [3] NCCL INFO 4 coll channels, 2 p2p channels, 2 p2p channels per peer
c198-072:16703:16758 [2] NCCL INFO Connected 1 MSCCL algorithms
c198-072:16703:16758 [2] NCCL INFO NCCL_PROTO set by environment to Simple
c198-072:16703:16758 [2] NCCL INFO NCCL_ALGO set by environment to MSCCL,TREE,RING
c198-072:16703:16758 [2] NCCL INFO threadThresholds 8/8/64 | 256/8/64 | 8/8/64 | 8/8/512
c198-072:16703:16758 [2] NCCL INFO 4 coll channels, 2 p2p channels, 2 p2p channels per peer
c198-062:27524:27576 [3] NCCL INFO Channel 02 : 23[83000] -> 22[82000] via direct shared memory
c198-062:27524:27576 [3] NCCL INFO Channel 03 : 23[83000] -> 22[82000] via direct shared memory
c198-061:8935:8987 [3] NCCL INFO comm 0x2ac72e000010 rank 19 nranks 32 cudaDev 3 busId 83000 - Init COMPLETE
c198-061:8933:8990 [1] NCCL INFO comm 0x2b3db2000010 rank 17 nranks 32 cudaDev 1 busId 3000 - Init COMPLETE
c198-061:8934:8985 [2] NCCL INFO comm 0x2b492e000010 rank 18 nranks 32 cudaDev 2 busId 82000 - Init COMPLETE
c198-061:8932:8991 [0] NCCL INFO comm 0x2b63117af010 rank 16 nranks 32 cudaDev 0 busId 2000 - Init COMPLETE
c198-062:27524:27576 [3] NCCL INFO Connected 1 MSCCL algorithms
c198-062:27524:27576 [3] NCCL INFO NCCL_PROTO set by environment to Simple
c198-062:27524:27576 [3] NCCL INFO NCCL_ALGO set by environment to MSCCL,TREE,RING
c198-062:27524:27576 [3] NCCL INFO threadThresholds 8/8/64 | 256/8/64 | 8/8/64 | 8/8/512
c198-062:27524:27576 [3] NCCL INFO 4 coll channels, 2 p2p channels, 2 p2p channels per peer
c198-062:27523:27574 [2] NCCL INFO Connected 1 MSCCL algorithms
c198-062:27523:27574 [2] NCCL INFO NCCL_PROTO set by environment to Simple
c198-062:27523:27574 [2] NCCL INFO NCCL_ALGO set by environment to MSCCL,TREE,RING
c198-062:27523:27574 [2] NCCL INFO threadThresholds 8/8/64 | 256/8/64 | 8/8/64 | 8/8/512
c198-062:27523:27574 [2] NCCL INFO 4 coll channels, 2 p2p channels, 2 p2p channels per peer
c198-071:23116:23173 [2] NCCL INFO Channel 02 : 26[82000] -> 25[3000] via direct shared memory
c198-071:23116:23173 [2] NCCL INFO Channel 03 : 26[82000] -> 25[3000] via direct shared memory
c196-051:4496:4550 [3] NCCL INFO Channel 01/0 : 10[82000] -> 7[83000] [receive] via NET/IB/0
c198-071:23117:23175 [3] NCCL INFO Connected 1 MSCCL algorithms
c198-071:23117:23175 [3] NCCL INFO NCCL_PROTO set by environment to Simple
c198-071:23117:23175 [3] NCCL INFO NCCL_ALGO set by environment to MSCCL,TREE,RING
c198-071:23117:23175 [3] NCCL INFO threadThresholds 8/8/64 | 256/8/64 | 8/8/64 | 8/8/512
c198-071:23117:23175 [3] NCCL INFO 4 coll channels, 2 p2p channels, 2 p2p channels per peer
c198-071:23115:23171 [1] NCCL INFO Connected 1 MSCCL algorithms
c198-071:23115:23171 [1] NCCL INFO NCCL_PROTO set by environment to Simple
c198-071:23115:23171 [1] NCCL INFO NCCL_ALGO set by environment to MSCCL,TREE,RING
c198-071:23115:23171 [1] NCCL INFO threadThresholds 8/8/64 | 256/8/64 | 8/8/64 | 8/8/512
c198-071:23116:23173 [2] NCCL INFO Connected 1 MSCCL algorithms
c198-071:23115:23171 [1] NCCL INFO 4 coll channels, 2 p2p channels, 2 p2p channels per peer
c198-071:23116:23173 [2] NCCL INFO NCCL_PROTO set by environment to Simple
c198-071:23116:23173 [2] NCCL INFO NCCL_ALGO set by environment to MSCCL,TREE,RING
c198-071:23116:23173 [2] NCCL INFO threadThresholds 8/8/64 | 256/8/64 | 8/8/64 | 8/8/512
c198-071:23116:23173 [2] NCCL INFO 4 coll channels, 2 p2p channels, 2 p2p channels per peer
c198-052:16303:16355 [1] NCCL INFO comm 0x2b2a94000010 rank 13 nranks 32 cudaDev 1 busId 3000 - Init COMPLETE
c198-052:16302:16357 [0] NCCL INFO comm 0x2b4ab2000010 rank 12 nranks 32 cudaDev 0 busId 2000 - Init COMPLETE
c196-051:4496:4550 [3] NCCL INFO Channel 02 : 7[83000] -> 6[82000] via direct shared memory
c198-052:16304:16360 [2] NCCL INFO comm 0x2b4dbe000010 rank 14 nranks 32 cudaDev 2 busId 82000 - Init COMPLETE
c198-052:16305:16361 [3] NCCL INFO comm 0x2ac492000010 rank 15 nranks 32 cudaDev 3 busId 83000 - Init COMPLETE
c196-051:4496:4550 [3] NCCL INFO Channel 03 : 7[83000] -> 6[82000] via direct shared memory
c196-042:19502:19554 [0] NCCL INFO comm 0x2ad56e000010 rank 0 nranks 32 cudaDev 0 busId 2000 - Init COMPLETE
#
#                                                              out-of-place                       in-place          
#       size         count      type   redop    root     time   algbw   busbw #wrong     time   algbw   busbw #wrong
#        (B)    (elements)                               (us)  (GB/s)  (GB/s)            (us)  (GB/s)  (GB/s)       
c196-042:19505:19561 [3] NCCL INFO comm 0x2abafe3f1010 rank 3 nranks 32 cudaDev 3 busId 83000 - Init COMPLETE
c196-042:19503:19563 [1] NCCL INFO comm 0x2b029e000010 rank 1 nranks 32 cudaDev 1 busId 3000 - Init COMPLETE
c196-051:4496:4550 [3] NCCL INFO Connected 1 MSCCL algorithms
c196-051:4496:4550 [3] NCCL INFO NCCL_PROTO set by environment to Simple
c196-051:4496:4550 [3] NCCL INFO NCCL_ALGO set by environment to MSCCL,TREE,RING
c196-051:4496:4550 [3] NCCL INFO threadThresholds 8/8/64 | 256/8/64 | 8/8/64 | 8/8/512
c196-051:4496:4550 [3] NCCL INFO 4 coll channels, 2 p2p channels, 2 p2p channels per peer
c196-042:19504:19559 [2] NCCL INFO comm 0x2b1a94000010 rank 2 nranks 32 cudaDev 2 busId 82000 - Init COMPLETE
c196-051:4495:4548 [2] NCCL INFO Connected 1 MSCCL algorithms
c196-051:4495:4548 [2] NCCL INFO NCCL_PROTO set by environment to Simple
c196-051:4495:4548 [2] NCCL INFO NCCL_ALGO set by environment to MSCCL,TREE,RING
c196-051:4495:4548 [2] NCCL INFO threadThresholds 8/8/64 | 256/8/64 | 8/8/64 | 8/8/512
c196-051:4495:4548 [2] NCCL INFO 4 coll channels, 2 p2p channels, 2 p2p channels per peer
c198-051:18276:18328 [2] NCCL INFO Channel 02 : 10[82000] -> 9[3000] via direct shared memory
c198-051:18276:18328 [2] NCCL INFO Channel 03 : 10[82000] -> 9[3000] via direct shared memory
c198-051:18277:18329 [3] NCCL INFO Connected 1 MSCCL algorithms
c198-051:18277:18329 [3] NCCL INFO NCCL_PROTO set by environment to Simple
c198-051:18277:18329 [3] NCCL INFO NCCL_ALGO set by environment to MSCCL,TREE,RING
c198-051:18277:18329 [3] NCCL INFO threadThresholds 8/8/64 | 256/8/64 | 8/8/64 | 8/8/512
c198-051:18277:18329 [3] NCCL INFO 4 coll channels, 2 p2p channels, 2 p2p channels per peer
c198-051:18276:18328 [2] NCCL INFO Connected 1 MSCCL algorithms
c198-051:18276:18328 [2] NCCL INFO NCCL_PROTO set by environment to Simple
c198-051:18276:18328 [2] NCCL INFO NCCL_ALGO set by environment to MSCCL,TREE,RING
c198-051:18276:18328 [2] NCCL INFO threadThresholds 8/8/64 | 256/8/64 | 8/8/64 | 8/8/512
c198-051:18276:18328 [2] NCCL INFO 4 coll channels, 2 p2p channels, 2 p2p channels per peer
c198-051:18275:18332 [1] NCCL INFO Connected 1 MSCCL algorithms
c198-051:18275:18332 [1] NCCL INFO NCCL_PROTO set by environment to Simple
c198-051:18275:18332 [1] NCCL INFO NCCL_ALGO set by environment to MSCCL,TREE,RING
c198-051:18275:18332 [1] NCCL INFO threadThresholds 8/8/64 | 256/8/64 | 8/8/64 | 8/8/512
c198-051:18275:18332 [1] NCCL INFO 4 coll channels, 2 p2p channels, 2 p2p channels per peer
c198-072:16701:16762 [0] NCCL INFO comm 0x2aea3e000010 rank 28 nranks 32 cudaDev 0 busId 2000 - Init COMPLETE
c198-072:16704:16760 [3] NCCL INFO comm 0x2b19a63b0010 rank 31 nranks 32 cudaDev 3 busId 83000 - Init COMPLETE
c198-072:16703:16758 [2] NCCL INFO comm 0x2adcfe000010 rank 30 nranks 32 cudaDev 2 busId 82000 - Init COMPLETE
c198-072:16702:16756 [1] NCCL INFO comm 0x2adbfe402010 rank 29 nranks 32 cudaDev 1 busId 3000 - Init COMPLETE
c198-062:27524:27576 [3] NCCL INFO comm 0x2ae4de000010 rank 23 nranks 32 cudaDev 3 busId 83000 - Init COMPLETE
c198-062:27521:27578 [0] NCCL INFO comm 0x2b6c25cf1010 rank 20 nranks 32 cudaDev 0 busId 2000 - Init COMPLETE
c198-062:27523:27574 [2] NCCL INFO comm 0x2b78ae000010 rank 22 nranks 32 cudaDev 2 busId 82000 - Init COMPLETE
c198-062:27522:27580 [1] NCCL INFO comm 0x2b14c2000010 rank 21 nranks 32 cudaDev 1 busId 3000 - Init COMPLETE
c198-071:23116:23173 [2] NCCL INFO comm 0x2ac5a0000010 rank 26 nranks 32 cudaDev 2 busId 82000 - Init COMPLETE
c198-071:23117:23175 [3] NCCL INFO comm 0x2b587cf37010 rank 27 nranks 32 cudaDev 3 busId 83000 - Init COMPLETE
c198-071:23115:23171 [1] NCCL INFO comm 0x2af99e000010 rank 25 nranks 32 cudaDev 1 busId 3000 - Init COMPLETE
c198-071:23114:23170 [0] NCCL INFO comm 0x2afdbd84f010 rank 24 nranks 32 cudaDev 0 busId 2000 - Init COMPLETE
c196-051:4496:4550 [3] NCCL INFO comm 0x2ae5f1fda010 rank 7 nranks 32 cudaDev 3 busId 83000 - Init COMPLETE
c196-051:4495:4548 [2] NCCL INFO comm 0x2ac215259010 rank 6 nranks 32 cudaDev 2 busId 82000 - Init COMPLETE
c196-051:4493:4552 [0] NCCL INFO comm 0x2ae21e000010 rank 4 nranks 32 cudaDev 0 busId 2000 - Init COMPLETE
c196-051:4494:4554 [1] NCCL INFO comm 0x2b290e402010 rank 5 nranks 32 cudaDev 1 busId 3000 - Init COMPLETE
c198-051:18276:18328 [2] NCCL INFO comm 0x2b8ba1cf1010 rank 10 nranks 32 cudaDev 2 busId 82000 - Init COMPLETE
c198-051:18277:18329 [3] NCCL INFO comm 0x2b88ac000010 rank 11 nranks 32 cudaDev 3 busId 83000 - Init COMPLETE
c198-051:18275:18332 [1] NCCL INFO comm 0x2b1d4e000010 rank 9 nranks 32 cudaDev 1 busId 3000 - Init COMPLETE
c198-051:18274:18333 [0] NCCL INFO comm 0x2b82557f0010 rank 8 nranks 32 cudaDev 0 busId 2000 - Init COMPLETE
c196-042:19502:19502 [0] NCCL INFO Launch mode Parallel
       65536         16384     float     sum      -1    16684    0.00    0.01      0    16685    0.00    0.01      0
      131072         32768     float     sum      -1    16659    0.01    0.02      0    16679    0.01    0.02      0
      262144         65536     float     sum      -1    16721    0.02    0.03      0    16716    0.02    0.03      0
      524288        131072     float     sum      -1    16692    0.03    0.06      0    16688    0.03    0.06      0
     1048576        262144     float     sum      -1    16508    0.06    0.12      0    16426    0.06    0.12      0
     2097152        524288     float     sum      -1    16435    0.13    0.25      0    16442    0.13    0.25      0
     4194304       1048576     float     sum      -1    16461    0.25    0.49      0    16469    0.25    0.49      0
     8388608       2097152     float     sum      -1    16535    0.51    0.98      0    16461    0.51    0.99      0
    16777216       4194304     float     sum      -1    16485    1.02    1.97      0    16465    1.02    1.97      0
    33554432       8388608     float     sum      -1    17397    1.93    3.74      0    17214    1.95    3.78      0
    67108864      16777216     float     sum      -1    38429    1.75    3.38      0    38461    1.74    3.38      0
   134217728      33554432     float     sum      -1    69062    1.94    3.77      0    69192    1.94    3.76      0
   268435456      67108864     float     sum      -1   147859    1.82    3.52      0   147978    1.81    3.51      0
c198-072:16703:16703 [2] NCCL INFO comm 0x2adcfe000010 rank 30 nranks 32 cudaDev 2 busId 82000 - Destroy COMPLETE
c198-071:23117:23117 [3] NCCL INFO comm 0x2b587cf37010 rank 27 nranks 32 cudaDev 3 busId 83000 - Destroy COMPLETE
c198-072:16701:16701 [0] NCCL INFO comm 0x2aea3e000010 rank 28 nranks 32 cudaDev 0 busId 2000 - Destroy COMPLETE
c198-072:16704:16704 [3] NCCL INFO comm 0x2b19a63b0010 rank 31 nranks 32 cudaDev 3 busId 83000 - Destroy COMPLETE
c198-061:8935:8935 [3] NCCL INFO comm 0x2ac72e000010 rank 19 nranks 32 cudaDev 3 busId 83000 - Destroy COMPLETE
c196-042:19505:19505 [3] NCCL INFO comm 0x2abafe3f1010 rank 3 nranks 32 cudaDev 3 busId 83000 - Destroy COMPLETE
c196-042:19503:19503 [1] NCCL INFO comm 0x2b029e000010 rank 1 nranks 32 cudaDev 1 busId 3000 - Destroy COMPLETE
c198-071:23114:23114 [0] NCCL INFO comm 0x2afdbd84f010 rank 24 nranks 32 cudaDev 0 busId 2000 - Destroy COMPLETE
c198-051:18277:18277 [3] NCCL INFO comm 0x2b88ac000010 rank 11 nranks 32 cudaDev 3 busId 83000 - Destroy COMPLETE
c198-062:27524:27524 [3] NCCL INFO comm 0x2ae4de000010 rank 23 nranks 32 cudaDev 3 busId 83000 - Destroy COMPLETE
c198-061:8934:8934 [2] NCCL INFO comm 0x2b492e000010 rank 18 nranks 32 cudaDev 2 busId 82000 - Destroy COMPLETE
c196-042:19502:19502 [0] NCCL INFO comm 0x2ad56e000010 rank 0 nranks 32 cudaDev 0 busId 2000 - Destroy COMPLETE
c198-072:16702:16702 [1] NCCL INFO comm 0x2adbfe402010 rank 29 nranks 32 cudaDev 1 busId 3000 - Destroy COMPLETE
c198-061:8932:8932 [0] NCCL INFO comm 0x2b63117af010 rank 16 nranks 32 cudaDev 0 busId 2000 - Destroy COMPLETE
c198-051:18274:18274 [0] NCCL INFO comm 0x2b82557f0010 rank 8 nranks 32 cudaDev 0 busId 2000 - Destroy COMPLETE
c196-051:4495:4495 [2] NCCL INFO comm 0x2ac215259010 rank 6 nranks 32 cudaDev 2 busId 82000 - Destroy COMPLETE
c198-052:16305:16305 [3] NCCL INFO comm 0x2ac492000010 rank 15 nranks 32 cudaDev 3 busId 83000 - Destroy COMPLETE
c198-052:16303:16303 [1] NCCL INFO comm 0x2b2a94000010 rank 13 nranks 32 cudaDev 1 busId 3000 - Destroy COMPLETE
c196-042:19504:19504 [2] NCCL INFO comm 0x2b1a94000010 rank 2 nranks 32 cudaDev 2 busId 82000 - Destroy COMPLETE
c198-071:23115:23115 [1] NCCL INFO comm 0x2af99e000010 rank 25 nranks 32 cudaDev 1 busId 3000 - Destroy COMPLETE
c198-071:23116:23116 [2] NCCL INFO comm 0x2ac5a0000010 rank 26 nranks 32 cudaDev 2 busId 82000 - Destroy COMPLETE
c198-051:18276:18276 [2] NCCL INFO comm 0x2b8ba1cf1010 rank 10 nranks 32 cudaDev 2 busId 82000 - Destroy COMPLETE
c196-051:4496:4496 [3] NCCL INFO comm 0x2ae5f1fda010 rank 7 nranks 32 cudaDev 3 busId 83000 - Destroy COMPLETE
c198-062:27521:27521 [0] NCCL INFO comm 0x2b6c25cf1010 rank 20 nranks 32 cudaDev 0 busId 2000 - Destroy COMPLETE
c198-061:8933:8933 [1] NCCL INFO comm 0x2b3db2000010 rank 17 nranks 32 cudaDev 1 busId 3000 - Destroy COMPLETE
c198-052:16302:16302 [0] NCCL INFO comm 0x2b4ab2000010 rank 12 nranks 32 cudaDev 0 busId 2000 - Destroy COMPLETE
c196-051:4493:4493 [0] NCCL INFO comm 0x2ae21e000010 rank 4 nranks 32 cudaDev 0 busId 2000 - Destroy COMPLETE
# Out of bounds values : 0 OK
# Avg bus bandwidth    : 1.41178 
#
c198-052:16304:16304 [2] NCCL INFO comm 0x2b4dbe000010 rank 14 nranks 32 cudaDev 2 busId 82000 - Destroy COMPLETE
c198-062:27523:27523 [2] NCCL INFO comm 0x2b78ae000010 rank 22 nranks 32 cudaDev 2 busId 82000 - Destroy COMPLETE
c198-051:18275:18275 [1] NCCL INFO comm 0x2b1d4e000010 rank 9 nranks 32 cudaDev 1 busId 3000 - Destroy COMPLETE
c196-051:4494:4494 [1] NCCL INFO comm 0x2b290e402010 rank 5 nranks 32 cudaDev 1 busId 3000 - Destroy COMPLETE
c198-062:27522:27522 [1] NCCL INFO comm 0x2b14c2000010 rank 21 nranks 32 cudaDev 1 busId 3000 - Destroy COMPLETE

TACC:  Shutdown complete. Exiting. 
