c197-112:14921:14979 [0] NCCL INFO Channel 00 : 28[2000] -> 29[3000] via direct shared memory
c198-022:17283:17343 [0] NCCL INFO Channel 01 : 44[2000] -> 45[3000] via direct shared memory
c197-112:14921:14979 [0] NCCL INFO Channel 01 : 28[2000] -> 29[3000] via direct shared memory
c197-092:10226:10283 [0] NCCL INFO Channel 00 : 12[2000] -> 13[3000] via direct shared memory
c197-092:10226:10283 [0] NCCL INFO Channel 01 : 12[2000] -> 13[3000] via direct shared memory
c198-042:6622:6678 [1] NCCL INFO Connected all rings
c198-041:4400:4452 [1] NCCL INFO Connected all rings
c197-081:5114:5173 [1] NCCL INFO Connected all rings
c197-101:14735:14793 [1] NCCL INFO Connected all rings
c197-091:31382:31439 [1] NCCL INFO Connected all rings
c198-031:23391:23447 [1] NCCL INFO Connected all rings
c198-012:11092:11150 [1] NCCL INFO Connected all rings
c198-021:23030:23086 [1] NCCL INFO Connected all rings
c197-082:11840:11893 [1] NCCL INFO Connected all rings
c198-011:14003:14057 [1] NCCL INFO Connected all rings
c198-032:17219:17277 [1] NCCL INFO Connected all rings
c197-111:3869:3926 [1] NCCL INFO Connected all rings
c198-022:17284:17344 [1] NCCL INFO Connected all rings
c197-112:14922:14980 [1] NCCL INFO Connected all rings
c197-102:24918:24976 [1] NCCL INFO Connected all rings
c197-092:10227:10285 [1] NCCL INFO Connected all rings
c198-041:4400:4452 [1] NCCL INFO Channel 00/0 : 52[2000] -> 57[3000] [receive] via NET/IB/0
c197-091:31382:31439 [1] NCCL INFO Channel 00/0 : 4[2000] -> 9[3000] [receive] via NET/IB/0
c197-101:14735:14793 [1] NCCL INFO Channel 00/0 : 8[2000] -> 17[3000] [receive] via NET/IB/0
c198-012:11092:11150 [1] NCCL INFO Channel 01/0 : 37[3000] -> 40[2000] [send] via NET/IB/0
c198-031:23391:23447 [1] NCCL INFO Channel 00/0 : 40[2000] -> 49[3000] [receive] via NET/IB/0
c197-082:11840:11893 [1] NCCL INFO Channel 01/0 : 5[3000] -> 8[2000] [send] via NET/IB/0
c198-021:23030:23086 [1] NCCL INFO Channel 00/0 : 36[2000] -> 41[3000] [receive] via NET/IB/0
c198-011:14003:14057 [1] NCCL INFO Channel 00/0 : 16[2000] -> 33[3000] [receive] via NET/IB/0
c198-032:17219:17277 [1] NCCL INFO Channel 01/0 : 53[3000] -> 56[2000] [send] via NET/IB/0
c197-111:3869:3926 [1] NCCL INFO Channel 00/0 : 20[2000] -> 25[3000] [receive] via NET/IB/0
c198-022:17284:17344 [1] NCCL INFO Channel 01/0 : 45[3000] -> 52[2000] [send] via NET/IB/0
c197-112:14922:14980 [1] NCCL INFO Channel 01/0 : 29[3000] -> 44[2000] [send] via NET/IB/0
c197-102:24918:24976 [1] NCCL INFO Channel 01/0 : 21[3000] -> 24[2000] [send] via NET/IB/0
c197-092:10227:10285 [1] NCCL INFO Channel 01/0 : 13[3000] -> 20[2000] [send] via NET/IB/0
c198-031:23393:23444 [3] NCCL INFO Channel 01/0 : 51[83000] -> 52[2000] [send] via NET/IB/0
c198-042:6624:6676 [3] NCCL INFO Channel 01/0 : 63[83000] -> 0[2000] [send] via NET/IB/0
c198-041:4402:4455 [3] NCCL INFO Channel 01/0 : 59[83000] -> 60[2000] [send] via NET/IB/0
c198-022:17286:17339 [3] NCCL INFO Channel 01/0 : 47[83000] -> 48[2000] [send] via NET/IB/0
c198-032:17221:17273 [3] NCCL INFO Channel 01/0 : 55[83000] -> 56[2000] [send] via NET/IB/0
c197-112:14924:14976 [3] NCCL INFO Channel 01/0 : 31[83000] -> 32[2000] [send] via NET/IB/0
c197-101:14737:14787 [3] NCCL INFO Channel 01/0 : 19[83000] -> 20[2000] [send] via NET/IB/0
c197-092:10229:10281 [3] NCCL INFO Channel 01/0 : 15[83000] -> 16[2000] [send] via NET/IB/0
c198-012:11094:11146 [3] NCCL INFO Channel 01/0 : 39[83000] -> 40[2000] [send] via NET/IB/0
c197-111:3871:3921 [3] NCCL INFO Channel 01/0 : 27[83000] -> 28[2000] [send] via NET/IB/0
c197-082:11842:11899 [3] NCCL INFO Channel 01/0 : 7[83000] -> 8[2000] [send] via NET/IB/0
c197-102:24920:24970 [3] NCCL INFO Channel 01/0 : 23[83000] -> 24[2000] [send] via NET/IB/0
c197-091:31384:31436 [3] NCCL INFO Channel 01/0 : 11[83000] -> 12[2000] [send] via NET/IB/0
c198-021:23032:23083 [3] NCCL INFO Channel 01/0 : 43[83000] -> 44[2000] [send] via NET/IB/0
c198-011:14005:14059 [3] NCCL INFO Channel 01/0 : 35[83000] -> 36[2000] [send] via NET/IB/0
c197-081:5116:5169 [3] NCCL INFO Channel 01/0 : 3[83000] -> 4[2000] [send] via NET/IB/0
c198-031:23392:23445 [2] NCCL INFO Connected all rings
c198-022:17285:17340 [2] NCCL INFO Connected all rings
c198-041:4401:4459 [2] NCCL INFO Connected all rings
c197-112:14923:14974 [2] NCCL INFO Connected all rings
c198-032:17220:17272 [2] NCCL INFO Connected all rings
c198-012:11093:11149 [2] NCCL INFO Connected all rings
c198-042:6623:6674 [2] NCCL INFO Connected all rings
c197-082:11841:11895 [2] NCCL INFO Connected all rings
c197-092:10228:10279 [2] NCCL INFO Connected all rings
c197-101:14736:14789 [2] NCCL INFO Connected all rings
c198-021:23031:23084 [2] NCCL INFO Connected all rings
c197-081:5114:5173 [1] NCCL INFO Channel 00 : 1[3000] -> 0[2000] via direct shared memory
c198-042:6622:6678 [1] NCCL INFO Channel 00 : 61[3000] -> 60[2000] via direct shared memory
c198-042:6622:6678 [1] NCCL INFO Channel 01 : 61[3000] -> 60[2000] via direct shared memory
c197-091:31383:31434 [2] NCCL INFO Connected all rings
c197-081:5114:5173 [1] NCCL INFO Channel 01 : 1[3000] -> 0[2000] via direct shared memory
c197-102:24919:24972 [2] NCCL INFO Connected all rings
c198-011:14004:14061 [2] NCCL INFO Connected all rings
c197-111:3870:3927 [2] NCCL INFO Connected all rings
c197-081:5115:5171 [2] NCCL INFO Connected all rings
c198-031:23393:23444 [3] NCCL INFO Connected all rings
c198-031:23393:23444 [3] NCCL INFO Channel 00 : 51[83000] -> 50[82000] via direct shared memory
c198-041:4402:4455 [3] NCCL INFO Connected all rings
c198-031:23393:23444 [3] NCCL INFO Channel 01 : 51[83000] -> 50[82000] via direct shared memory
c198-041:4402:4455 [3] NCCL INFO Channel 00 : 59[83000] -> 58[82000] via direct shared memory
c198-041:4402:4455 [3] NCCL INFO Channel 01 : 59[83000] -> 58[82000] via direct shared memory
c198-042:6624:6676 [3] NCCL INFO Connected all rings
c198-042:6624:6676 [3] NCCL INFO Channel 00 : 63[83000] -> 62[82000] via direct shared memory
c197-101:14737:14787 [3] NCCL INFO Connected all rings
c198-042:6624:6676 [3] NCCL INFO Channel 01 : 63[83000] -> 62[82000] via direct shared memory
c197-102:24920:24970 [3] NCCL INFO Connected all rings
c197-101:14737:14787 [3] NCCL INFO Channel 00 : 19[83000] -> 18[82000] via direct shared memory
c197-102:24920:24970 [3] NCCL INFO Channel 00 : 23[83000] -> 22[82000] via direct shared memory
c198-022:17286:17339 [3] NCCL INFO Connected all rings
c197-101:14737:14787 [3] NCCL INFO Channel 01 : 19[83000] -> 18[82000] via direct shared memory
c197-102:24920:24970 [3] NCCL INFO Channel 01 : 23[83000] -> 22[82000] via direct shared memory
c197-092:10229:10281 [3] NCCL INFO Connected all rings
c198-022:17286:17339 [3] NCCL INFO Channel 00 : 47[83000] -> 46[82000] via direct shared memory
c197-091:31384:31436 [3] NCCL INFO Connected all rings
c197-092:10229:10281 [3] NCCL INFO Channel 00 : 15[83000] -> 14[82000] via direct shared memory
c198-022:17286:17339 [3] NCCL INFO Channel 01 : 47[83000] -> 46[82000] via direct shared memory
c197-091:31384:31436 [3] NCCL INFO Channel 00 : 11[83000] -> 10[82000] via direct shared memory
c197-111:3871:3921 [3] NCCL INFO Connected all rings
c198-021:23032:23083 [3] NCCL INFO Connected all rings
c197-092:10229:10281 [3] NCCL INFO Channel 01 : 15[83000] -> 14[82000] via direct shared memory
c197-112:14924:14976 [3] NCCL INFO Connected all rings
c197-091:31384:31436 [3] NCCL INFO Channel 01 : 11[83000] -> 10[82000] via direct shared memory
c197-111:3871:3921 [3] NCCL INFO Channel 00 : 27[83000] -> 26[82000] via direct shared memory
c197-112:14924:14976 [3] NCCL INFO Channel 00 : 31[83000] -> 30[82000] via direct shared memory
c198-021:23032:23083 [3] NCCL INFO Channel 00 : 43[83000] -> 42[82000] via direct shared memory
c197-111:3871:3921 [3] NCCL INFO Channel 01 : 27[83000] -> 26[82000] via direct shared memory
c198-021:23032:23083 [3] NCCL INFO Channel 01 : 43[83000] -> 42[82000] via direct shared memory
c197-112:14924:14976 [3] NCCL INFO Channel 01 : 31[83000] -> 30[82000] via direct shared memory
c198-032:17221:17273 [3] NCCL INFO Connected all rings
c197-082:11842:11899 [3] NCCL INFO Connected all rings
c198-032:17221:17273 [3] NCCL INFO Channel 00 : 55[83000] -> 54[82000] via direct shared memory
c197-082:11842:11899 [3] NCCL INFO Channel 00 : 7[83000] -> 6[82000] via direct shared memory
c198-012:11094:11146 [3] NCCL INFO Connected all rings
c198-032:17221:17273 [3] NCCL INFO Channel 01 : 55[83000] -> 54[82000] via direct shared memory
c198-012:11094:11146 [3] NCCL INFO Channel 00 : 39[83000] -> 38[82000] via direct shared memory
c197-082:11842:11899 [3] NCCL INFO Channel 01 : 7[83000] -> 6[82000] via direct shared memory
c198-011:14005:14059 [3] NCCL INFO Connected all rings
c198-011:14005:14059 [3] NCCL INFO Channel 00 : 35[83000] -> 34[82000] via direct shared memory
c198-012:11094:11146 [3] NCCL INFO Channel 01 : 39[83000] -> 38[82000] via direct shared memory
c198-011:14005:14059 [3] NCCL INFO Channel 01 : 35[83000] -> 34[82000] via direct shared memory
c198-032:17218:17276 [0] NCCL INFO Connected all rings
c198-031:23392:23445 [2] NCCL INFO Channel 00 : 50[82000] -> 49[3000] via direct shared memory
c198-031:23392:23445 [2] NCCL INFO Channel 01 : 50[82000] -> 49[3000] via direct shared memory
c197-091:31381:31440 [0] NCCL INFO Connected all rings
c197-081:5116:5169 [3] NCCL INFO Connected all rings
c198-012:11091:11144 [0] NCCL INFO Connected all rings
c197-081:5113:5164 [0] NCCL INFO Connected all rings
c197-112:14923:14974 [2] NCCL INFO Channel 00 : 30[82000] -> 29[3000] via direct shared memory
c197-081:5116:5169 [3] NCCL INFO Channel 00 : 3[83000] -> 2[82000] via direct shared memory
c197-112:14923:14974 [2] NCCL INFO Channel 01 : 30[82000] -> 29[3000] via direct shared memory
c197-081:5116:5169 [3] NCCL INFO Channel 01 : 3[83000] -> 2[82000] via direct shared memory
c198-012:11093:11149 [2] NCCL INFO Channel 00 : 38[82000] -> 37[3000] via direct shared memory
c197-101:14736:14789 [2] NCCL INFO Channel 00 : 18[82000] -> 17[3000] via direct shared memory
c198-031:23390:23449 [0] NCCL INFO Connected all rings
c198-021:23029:23088 [0] NCCL INFO Connected all rings
c197-112:14921:14979 [0] NCCL INFO Connected all rings
c197-101:14736:14789 [2] NCCL INFO Channel 01 : 18[82000] -> 17[3000] via direct shared memory
c198-012:11093:11149 [2] NCCL INFO Channel 01 : 38[82000] -> 37[3000] via direct shared memory
c197-092:10228:10279 [2] NCCL INFO Channel 00 : 14[82000] -> 13[3000] via direct shared memory
c198-042:6621:6680 [0] NCCL INFO Connected all rings
c197-092:10228:10279 [2] NCCL INFO Channel 01 : 14[82000] -> 13[3000] via direct shared memory
c198-041:4399:4457 [0] NCCL INFO Connected all rings
c197-101:14734:14792 [0] NCCL INFO Connected all rings
c198-011:14002:14055 [0] NCCL INFO Connected all rings
c198-041:4401:4459 [2] NCCL INFO Channel 00 : 58[82000] -> 57[3000] via direct shared memory
c198-041:4401:4459 [2] NCCL INFO Channel 01 : 58[82000] -> 57[3000] via direct shared memory
c198-032:17220:17272 [2] NCCL INFO Channel 00 : 54[82000] -> 53[3000] via direct shared memory
c197-082:11839:11897 [0] NCCL INFO Connected all rings
c198-022:17283:17343 [0] NCCL INFO Connected all rings
c197-092:10226:10283 [0] NCCL INFO Connected all rings
c198-032:17220:17272 [2] NCCL INFO Channel 01 : 54[82000] -> 53[3000] via direct shared memory
c198-022:17285:17340 [2] NCCL INFO Channel 00 : 46[82000] -> 45[3000] via direct shared memory
c197-082:11841:11895 [2] NCCL INFO Channel 00 : 6[82000] -> 5[3000] via direct shared memory
c198-022:17285:17340 [2] NCCL INFO Channel 01 : 46[82000] -> 45[3000] via direct shared memory
c197-082:11841:11895 [2] NCCL INFO Channel 01 : 6[82000] -> 5[3000] via direct shared memory
c197-102:24919:24972 [2] NCCL INFO Channel 00 : 22[82000] -> 21[3000] via direct shared memory
c197-102:24917:24975 [0] NCCL INFO Connected all rings
c198-021:23031:23084 [2] NCCL INFO Channel 00 : 42[82000] -> 41[3000] via direct shared memory
c197-102:24919:24972 [2] NCCL INFO Channel 01 : 22[82000] -> 21[3000] via direct shared memory
c197-091:31383:31434 [2] NCCL INFO Channel 00 : 10[82000] -> 9[3000] via direct shared memory
c197-111:3870:3927 [2] NCCL INFO Channel 00 : 26[82000] -> 25[3000] via direct shared memory
c198-021:23031:23084 [2] NCCL INFO Channel 01 : 42[82000] -> 41[3000] via direct shared memory
c197-091:31383:31434 [2] NCCL INFO Channel 01 : 10[82000] -> 9[3000] via direct shared memory
c197-111:3868:3923 [0] NCCL INFO Connected all rings
c197-111:3870:3927 [2] NCCL INFO Channel 01 : 26[82000] -> 25[3000] via direct shared memory
c198-042:6623:6674 [2] NCCL INFO Channel 00 : 62[82000] -> 61[3000] via direct shared memory
c198-042:6623:6674 [2] NCCL INFO Channel 01 : 62[82000] -> 61[3000] via direct shared memory
c198-011:14004:14061 [2] NCCL INFO Channel 00 : 34[82000] -> 33[3000] via direct shared memory
c198-011:14004:14061 [2] NCCL INFO Channel 01 : 34[82000] -> 33[3000] via direct shared memory
c198-031:23393:23444 [3] NCCL INFO Connected all trees
c198-031:23393:23444 [3] NCCL INFO MSCCL_XML_FILES set by environment to /home1/09168/ldai1/ccl-build/msccl_tools_lyd/examples/xml/xml_lyd/binary_tree/allreduce_binary_tree_1ch_2tree_64chunk_16node_64gpu.xml
c198-031:23393:23444 [3] NCCL INFO MSCCL: Parsing algorithm /home1/09168/ldai1/ccl-build/msccl_tools_lyd/examples/xml/xml_lyd/binary_tree/allreduce_binary_tree_1ch_2tree_64chunk_16node_64gpu.xml
c197-112:14924:14976 [3] NCCL INFO Connected all trees
c197-112:14924:14976 [3] NCCL INFO MSCCL_XML_FILES set by environment to /home1/09168/ldai1/ccl-build/msccl_tools_lyd/examples/xml/xml_lyd/binary_tree/allreduce_binary_tree_1ch_2tree_64chunk_16node_64gpu.xml
c197-112:14924:14976 [3] NCCL INFO MSCCL: Parsing algorithm /home1/09168/ldai1/ccl-build/msccl_tools_lyd/examples/xml/xml_lyd/binary_tree/allreduce_binary_tree_1ch_2tree_64chunk_16node_64gpu.xml
c197-101:14737:14787 [3] NCCL INFO Connected all trees
c197-101:14737:14787 [3] NCCL INFO MSCCL_XML_FILES set by environment to /home1/09168/ldai1/ccl-build/msccl_tools_lyd/examples/xml/xml_lyd/binary_tree/allreduce_binary_tree_1ch_2tree_64chunk_16node_64gpu.xml
c197-101:14737:14787 [3] NCCL INFO MSCCL: Parsing algorithm /home1/09168/ldai1/ccl-build/msccl_tools_lyd/examples/xml/xml_lyd/binary_tree/allreduce_binary_tree_1ch_2tree_64chunk_16node_64gpu.xml
c198-012:11094:11146 [3] NCCL INFO Connected all trees
c198-012:11094:11146 [3] NCCL INFO MSCCL_XML_FILES set by environment to /home1/09168/ldai1/ccl-build/msccl_tools_lyd/examples/xml/xml_lyd/binary_tree/allreduce_binary_tree_1ch_2tree_64chunk_16node_64gpu.xml
c198-012:11094:11146 [3] NCCL INFO MSCCL: Parsing algorithm /home1/09168/ldai1/ccl-build/msccl_tools_lyd/examples/xml/xml_lyd/binary_tree/allreduce_binary_tree_1ch_2tree_64chunk_16node_64gpu.xml
c197-092:10229:10281 [3] NCCL INFO Connected all trees
c197-092:10229:10281 [3] NCCL INFO MSCCL_XML_FILES set by environment to /home1/09168/ldai1/ccl-build/msccl_tools_lyd/examples/xml/xml_lyd/binary_tree/allreduce_binary_tree_1ch_2tree_64chunk_16node_64gpu.xml
c197-092:10229:10281 [3] NCCL INFO MSCCL: Parsing algorithm /home1/09168/ldai1/ccl-build/msccl_tools_lyd/examples/xml/xml_lyd/binary_tree/allreduce_binary_tree_1ch_2tree_64chunk_16node_64gpu.xml
c198-041:4402:4455 [3] NCCL INFO Connected all trees
c198-041:4402:4455 [3] NCCL INFO MSCCL_XML_FILES set by environment to /home1/09168/ldai1/ccl-build/msccl_tools_lyd/examples/xml/xml_lyd/binary_tree/allreduce_binary_tree_1ch_2tree_64chunk_16node_64gpu.xml
c198-041:4402:4455 [3] NCCL INFO MSCCL: Parsing algorithm /home1/09168/ldai1/ccl-build/msccl_tools_lyd/examples/xml/xml_lyd/binary_tree/allreduce_binary_tree_1ch_2tree_64chunk_16node_64gpu.xml
c197-081:5115:5171 [2] NCCL INFO Channel 00 : 2[82000] -> 1[3000] via direct shared memory
c198-032:17221:17273 [3] NCCL INFO Connected all trees
c198-032:17221:17273 [3] NCCL INFO MSCCL_XML_FILES set by environment to /home1/09168/ldai1/ccl-build/msccl_tools_lyd/examples/xml/xml_lyd/binary_tree/allreduce_binary_tree_1ch_2tree_64chunk_16node_64gpu.xml
c198-032:17221:17273 [3] NCCL INFO MSCCL: Parsing algorithm /home1/09168/ldai1/ccl-build/msccl_tools_lyd/examples/xml/xml_lyd/binary_tree/allreduce_binary_tree_1ch_2tree_64chunk_16node_64gpu.xml
c197-081:5115:5171 [2] NCCL INFO Channel 01 : 2[82000] -> 1[3000] via direct shared memory
c197-082:11842:11899 [3] NCCL INFO Connected all trees
c197-082:11842:11899 [3] NCCL INFO MSCCL_XML_FILES set by environment to /home1/09168/ldai1/ccl-build/msccl_tools_lyd/examples/xml/xml_lyd/binary_tree/allreduce_binary_tree_1ch_2tree_64chunk_16node_64gpu.xml
c197-082:11842:11899 [3] NCCL INFO MSCCL: Parsing algorithm /home1/09168/ldai1/ccl-build/msccl_tools_lyd/examples/xml/xml_lyd/binary_tree/allreduce_binary_tree_1ch_2tree_64chunk_16node_64gpu.xml
c197-102:24920:24970 [3] NCCL INFO Connected all trees
c197-102:24920:24970 [3] NCCL INFO MSCCL_XML_FILES set by environment to /home1/09168/ldai1/ccl-build/msccl_tools_lyd/examples/xml/xml_lyd/binary_tree/allreduce_binary_tree_1ch_2tree_64chunk_16node_64gpu.xml
c198-022:17286:17339 [3] NCCL INFO Connected all trees
c197-102:24920:24970 [3] NCCL INFO MSCCL: Parsing algorithm /home1/09168/ldai1/ccl-build/msccl_tools_lyd/examples/xml/xml_lyd/binary_tree/allreduce_binary_tree_1ch_2tree_64chunk_16node_64gpu.xml
c198-022:17286:17339 [3] NCCL INFO MSCCL_XML_FILES set by environment to /home1/09168/ldai1/ccl-build/msccl_tools_lyd/examples/xml/xml_lyd/binary_tree/allreduce_binary_tree_1ch_2tree_64chunk_16node_64gpu.xml
c198-022:17286:17339 [3] NCCL INFO MSCCL: Parsing algorithm /home1/09168/ldai1/ccl-build/msccl_tools_lyd/examples/xml/xml_lyd/binary_tree/allreduce_binary_tree_1ch_2tree_64chunk_16node_64gpu.xml
c197-091:31384:31436 [3] NCCL INFO Connected all trees
c197-091:31384:31436 [3] NCCL INFO MSCCL_XML_FILES set by environment to /home1/09168/ldai1/ccl-build/msccl_tools_lyd/examples/xml/xml_lyd/binary_tree/allreduce_binary_tree_1ch_2tree_64chunk_16node_64gpu.xml
c197-091:31384:31436 [3] NCCL INFO MSCCL: Parsing algorithm /home1/09168/ldai1/ccl-build/msccl_tools_lyd/examples/xml/xml_lyd/binary_tree/allreduce_binary_tree_1ch_2tree_64chunk_16node_64gpu.xml
c197-111:3871:3921 [3] NCCL INFO Connected all trees
c198-021:23032:23083 [3] NCCL INFO Connected all trees
c198-042:6624:6676 [3] NCCL INFO Connected all trees
c198-042:6624:6676 [3] NCCL INFO MSCCL_XML_FILES set by environment to /home1/09168/ldai1/ccl-build/msccl_tools_lyd/examples/xml/xml_lyd/binary_tree/allreduce_binary_tree_1ch_2tree_64chunk_16node_64gpu.xml
c197-111:3871:3921 [3] NCCL INFO MSCCL_XML_FILES set by environment to /home1/09168/ldai1/ccl-build/msccl_tools_lyd/examples/xml/xml_lyd/binary_tree/allreduce_binary_tree_1ch_2tree_64chunk_16node_64gpu.xml
c198-021:23032:23083 [3] NCCL INFO MSCCL_XML_FILES set by environment to /home1/09168/ldai1/ccl-build/msccl_tools_lyd/examples/xml/xml_lyd/binary_tree/allreduce_binary_tree_1ch_2tree_64chunk_16node_64gpu.xml
c198-042:6624:6676 [3] NCCL INFO MSCCL: Parsing algorithm /home1/09168/ldai1/ccl-build/msccl_tools_lyd/examples/xml/xml_lyd/binary_tree/allreduce_binary_tree_1ch_2tree_64chunk_16node_64gpu.xml
c197-111:3871:3921 [3] NCCL INFO MSCCL: Parsing algorithm /home1/09168/ldai1/ccl-build/msccl_tools_lyd/examples/xml/xml_lyd/binary_tree/allreduce_binary_tree_1ch_2tree_64chunk_16node_64gpu.xml
c198-021:23032:23083 [3] NCCL INFO MSCCL: Parsing algorithm /home1/09168/ldai1/ccl-build/msccl_tools_lyd/examples/xml/xml_lyd/binary_tree/allreduce_binary_tree_1ch_2tree_64chunk_16node_64gpu.xml
c198-011:14005:14059 [3] NCCL INFO Connected all trees
c198-011:14005:14059 [3] NCCL INFO MSCCL_XML_FILES set by environment to /home1/09168/ldai1/ccl-build/msccl_tools_lyd/examples/xml/xml_lyd/binary_tree/allreduce_binary_tree_1ch_2tree_64chunk_16node_64gpu.xml
c198-011:14005:14059 [3] NCCL INFO MSCCL: Parsing algorithm /home1/09168/ldai1/ccl-build/msccl_tools_lyd/examples/xml/xml_lyd/binary_tree/allreduce_binary_tree_1ch_2tree_64chunk_16node_64gpu.xml
c198-042:6623:6674 [2] NCCL INFO Connected all trees
c198-042:6623:6674 [2] NCCL INFO MSCCL_XML_FILES set by environment to /home1/09168/ldai1/ccl-build/msccl_tools_lyd/examples/xml/xml_lyd/binary_tree/allreduce_binary_tree_1ch_2tree_64chunk_16node_64gpu.xml
c198-042:6623:6674 [2] NCCL INFO MSCCL: Parsing algorithm /home1/09168/ldai1/ccl-build/msccl_tools_lyd/examples/xml/xml_lyd/binary_tree/allreduce_binary_tree_1ch_2tree_64chunk_16node_64gpu.xml
c197-081:5116:5169 [3] NCCL INFO Connected all trees
c197-081:5116:5169 [3] NCCL INFO MSCCL_XML_FILES set by environment to /home1/09168/ldai1/ccl-build/msccl_tools_lyd/examples/xml/xml_lyd/binary_tree/allreduce_binary_tree_1ch_2tree_64chunk_16node_64gpu.xml
c197-081:5116:5169 [3] NCCL INFO MSCCL: Parsing algorithm /home1/09168/ldai1/ccl-build/msccl_tools_lyd/examples/xml/xml_lyd/binary_tree/allreduce_binary_tree_1ch_2tree_64chunk_16node_64gpu.xml
c197-081:5115:5171 [2] NCCL INFO Connected all trees
c197-081:5115:5171 [2] NCCL INFO MSCCL_XML_FILES set by environment to /home1/09168/ldai1/ccl-build/msccl_tools_lyd/examples/xml/xml_lyd/binary_tree/allreduce_binary_tree_1ch_2tree_64chunk_16node_64gpu.xml
c197-081:5115:5171 [2] NCCL INFO MSCCL: Parsing algorithm /home1/09168/ldai1/ccl-build/msccl_tools_lyd/examples/xml/xml_lyd/binary_tree/allreduce_binary_tree_1ch_2tree_64chunk_16node_64gpu.xml
c198-032:17218:17276 [0] NCCL INFO Channel 01/0 : 48[2000] -> 52[2000] [receive] via NET/IB/0
c198-012:11091:11144 [0] NCCL INFO Channel 01/0 : 32[2000] -> 36[2000] [receive] via NET/IB/0
c198-031:23390:23449 [0] NCCL INFO Channel 01/0 : 48[2000] -> 52[2000] [send] via NET/IB/0
c197-091:31381:31440 [0] NCCL INFO Channel 01/0 : 5[3000] -> 8[2000] [receive] via NET/IB/0
c197-081:5113:5164 [0] NCCL INFO Channel 01/0 : 0[2000] -> 4[2000] [send] via NET/IB/0
c198-021:23029:23088 [0] NCCL INFO Channel 01/0 : 37[3000] -> 40[2000] [receive] via NET/IB/0
c198-011:14002:14055 [0] NCCL INFO Channel 01/0 : 32[2000] -> 36[2000] [send] via NET/IB/0
c198-042:6621:6680 [0] NCCL INFO Channel 00/0 : 56[2000] -> 60[2000] [receive] via NET/IB/0
c198-041:4399:4457 [0] NCCL INFO Channel 01/0 : 53[3000] -> 56[2000] [receive] via NET/IB/0
c197-112:14921:14979 [0] NCCL INFO Channel 00/0 : 24[2000] -> 28[2000] [receive] via NET/IB/0
c197-101:14734:14792 [0] NCCL INFO Channel 01/0 : 16[2000] -> 20[2000] [send] via NET/IB/0
c197-092:10226:10283 [0] NCCL INFO Channel 00/0 : 8[2000] -> 12[2000] [receive] via NET/IB/0
c197-082:11839:11897 [0] NCCL INFO Channel 01/0 : 0[2000] -> 4[2000] [receive] via NET/IB/0
c197-102:24917:24975 [0] NCCL INFO Channel 01/0 : 16[2000] -> 20[2000] [receive] via NET/IB/0
c198-022:17283:17343 [0] NCCL INFO Channel 00/0 : 40[2000] -> 44[2000] [receive] via NET/IB/0
c197-111:3868:3923 [0] NCCL INFO Channel 01/0 : 21[3000] -> 24[2000] [receive] via NET/IB/0
c198-031:23390:23449 [0] NCCL INFO Channel 00/0 : 48[2000] -> 56[2000] [send] via NET/IB/0
c198-011:14002:14055 [0] NCCL INFO Channel 00/0 : 32[2000] -> 48[2000] [send] via NET/IB/0
c198-032:17219:17277 [1] NCCL INFO Channel 01/0 : 56[2000] -> 53[3000] [receive] via NET/IB/0
c197-101:14734:14792 [0] NCCL INFO Channel 00/0 : 16[2000] -> 24[2000] [send] via NET/IB/0
c198-012:11092:11150 [1] NCCL INFO Channel 01/0 : 40[2000] -> 37[3000] [receive] via NET/IB/0
c197-082:11840:11893 [1] NCCL INFO Channel 01/0 : 8[2000] -> 5[3000] [receive] via NET/IB/0
c197-081:5113:5164 [0] NCCL INFO Channel 00/0 : 32[2000] -> 0[2000] [receive] via NET/IB/0
c198-021:23029:23088 [0] NCCL INFO Channel 00/0 : 40[2000] -> 44[2000] [send] via NET/IB/0
c198-041:4399:4457 [0] NCCL INFO Channel 00/0 : 56[2000] -> 60[2000] [send] via NET/IB/0
c198-032:17218:17276 [0] NCCL INFO Channel 00/0 : 52[2000] -> 57[3000] [send] via NET/IB/0
c198-012:11091:11144 [0] NCCL INFO Channel 00/0 : 36[2000] -> 41[3000] [send] via NET/IB/0
c197-082:11839:11897 [0] NCCL INFO Channel 00/0 : 4[2000] -> 9[3000] [send] via NET/IB/0
c197-091:31381:31440 [0] NCCL INFO Channel 00/0 : 8[2000] -> 12[2000] [send] via NET/IB/0
c197-111:3868:3923 [0] NCCL INFO Channel 00/0 : 24[2000] -> 28[2000] [send] via NET/IB/0
c197-102:24917:24975 [0] NCCL INFO Channel 00/0 : 20[2000] -> 25[3000] [send] via NET/IB/0
c197-102:24918:24976 [1] NCCL INFO Channel 01/0 : 24[2000] -> 21[3000] [receive] via NET/IB/0
c197-081:5113:5164 [0] NCCL INFO Channel 00/0 : 0[2000] -> 32[2000] [send] via NET/IB/0
c198-042:6623:6674 [2] NCCL INFO Parsed MSCCL Algorithm /home1/09168/ldai1/ccl-build/msccl_tools_lyd/examples/xml/xml_lyd/binary_tree/allreduce_binary_tree_1ch_2tree_64chunk_16node_64gpu.xml successfully.
c198-042:6623:6674 [2] NCCL INFO Connected 1 MSCCL algorithms
c198-042:6624:6676 [3] NCCL INFO Parsed MSCCL Algorithm /home1/09168/ldai1/ccl-build/msccl_tools_lyd/examples/xml/xml_lyd/binary_tree/allreduce_binary_tree_1ch_2tree_64chunk_16node_64gpu.xml successfully.
c198-042:6623:6674 [2] NCCL INFO NCCL_PROTO set by environment to Simple
c198-042:6623:6674 [2] NCCL INFO NCCL_ALGO set by environment to MSCCL,TREE,RING
c198-042:6623:6674 [2] NCCL INFO threadThresholds 8/8/64 | 512/8/64 | 8/8/64 | 8/8/512
c198-042:6623:6674 [2] NCCL INFO 2 coll channels, 2 p2p channels, 2 p2p channels per peer
c198-042:6624:6676 [3] NCCL INFO Connected 1 MSCCL algorithms
c198-042:6624:6676 [3] NCCL INFO NCCL_PROTO set by environment to Simple
c198-042:6624:6676 [3] NCCL INFO NCCL_ALGO set by environment to MSCCL,TREE,RING
c198-042:6624:6676 [3] NCCL INFO threadThresholds 8/8/64 | 512/8/64 | 8/8/64 | 8/8/512
c198-042:6624:6676 [3] NCCL INFO 2 coll channels, 2 p2p channels, 2 p2p channels per peer
c197-081:5115:5171 [2] NCCL INFO Parsed MSCCL Algorithm /home1/09168/ldai1/ccl-build/msccl_tools_lyd/examples/xml/xml_lyd/binary_tree/allreduce_binary_tree_1ch_2tree_64chunk_16node_64gpu.xml successfully.
c197-081:5116:5169 [3] NCCL INFO Parsed MSCCL Algorithm /home1/09168/ldai1/ccl-build/msccl_tools_lyd/examples/xml/xml_lyd/binary_tree/allreduce_binary_tree_1ch_2tree_64chunk_16node_64gpu.xml successfully.
c197-081:5115:5171 [2] NCCL INFO Connected 1 MSCCL algorithms
c197-081:5116:5169 [3] NCCL INFO Connected 1 MSCCL algorithms
c197-081:5115:5171 [2] NCCL INFO NCCL_PROTO set by environment to Simple
c197-081:5115:5171 [2] NCCL INFO NCCL_ALGO set by environment to MSCCL,TREE,RING
c197-081:5115:5171 [2] NCCL INFO threadThresholds 8/8/64 | 512/8/64 | 8/8/64 | 8/8/512
c197-081:5115:5171 [2] NCCL INFO 2 coll channels, 2 p2p channels, 2 p2p channels per peer
c197-081:5116:5169 [3] NCCL INFO NCCL_PROTO set by environment to Simple
c197-081:5116:5169 [3] NCCL INFO NCCL_ALGO set by environment to MSCCL,TREE,RING
c197-081:5116:5169 [3] NCCL INFO threadThresholds 8/8/64 | 512/8/64 | 8/8/64 | 8/8/512
c197-081:5116:5169 [3] NCCL INFO 2 coll channels, 2 p2p channels, 2 p2p channels per peer
c197-082:11839:11897 [0] NCCL INFO Channel 01/0 : 4[2000] -> 12[2000] [send] via NET/IB/0
c198-021:23029:23088 [0] NCCL INFO Channel 00/0 : 40[2000] -> 49[3000] [send] via NET/IB/0
c198-041:4399:4457 [0] NCCL INFO Channel 00/0 : 48[2000] -> 56[2000] [receive] via NET/IB/0
c198-032:17218:17276 [0] NCCL INFO Channel 01/0 : 45[3000] -> 52[2000] [receive] via NET/IB/0
c198-012:11091:11144 [0] NCCL INFO Channel 01/0 : 36[2000] -> 44[2000] [send] via NET/IB/0
c198-042:6621:6680 [0] NCCL INFO Channel 01/0 : 28[2000] -> 60[2000] [receive] via NET/IB/0
c198-022:17283:17343 [0] NCCL INFO Channel 01/0 : 36[2000] -> 44[2000] [receive] via NET/IB/0
c197-111:3868:3923 [0] NCCL INFO Channel 00/0 : 16[2000] -> 24[2000] [receive] via NET/IB/0
c197-092:10226:10283 [0] NCCL INFO Channel 01/0 : 4[2000] -> 12[2000] [receive] via NET/IB/0
c197-102:24917:24975 [0] NCCL INFO Channel 01/0 : 13[3000] -> 20[2000] [receive] via NET/IB/0
c197-091:31381:31440 [0] NCCL INFO Channel 00/0 : 8[2000] -> 17[3000] [send] via NET/IB/0
c198-021:23030:23086 [1] NCCL INFO Channel 00/0 : 41[3000] -> 36[2000] [send] via NET/IB/0
c198-041:4400:4452 [1] NCCL INFO Channel 00/0 : 57[3000] -> 52[2000] [send] via NET/IB/0
c197-112:14921:14979 [0] NCCL INFO Channel 01/0 : 12[2000] -> 28[2000] [receive] via NET/IB/0
c197-111:3869:3926 [1] NCCL INFO Channel 00/0 : 25[3000] -> 20[2000] [send] via NET/IB/0
c197-091:31382:31439 [1] NCCL INFO Channel 00/0 : 9[3000] -> 4[2000] [send] via NET/IB/0
c198-031:23393:23444 [3] NCCL INFO Parsed MSCCL Algorithm /home1/09168/ldai1/ccl-build/msccl_tools_lyd/examples/xml/xml_lyd/binary_tree/allreduce_binary_tree_1ch_2tree_64chunk_16node_64gpu.xml successfully.
c198-031:23393:23444 [3] NCCL INFO Connected 1 MSCCL algorithms
c198-031:23393:23444 [3] NCCL INFO NCCL_PROTO set by environment to Simple
c198-031:23393:23444 [3] NCCL INFO NCCL_ALGO set by environment to MSCCL,TREE,RING
c198-031:23393:23444 [3] NCCL INFO threadThresholds 8/8/64 | 512/8/64 | 8/8/64 | 8/8/512
c198-031:23393:23444 [3] NCCL INFO 2 coll channels, 2 p2p channels, 2 p2p channels per peer
c197-112:14924:14976 [3] NCCL INFO Parsed MSCCL Algorithm /home1/09168/ldai1/ccl-build/msccl_tools_lyd/examples/xml/xml_lyd/binary_tree/allreduce_binary_tree_1ch_2tree_64chunk_16node_64gpu.xml successfully.
c197-112:14924:14976 [3] NCCL INFO Connected 1 MSCCL algorithms
c197-112:14924:14976 [3] NCCL INFO NCCL_PROTO set by environment to Simple
c197-112:14924:14976 [3] NCCL INFO NCCL_ALGO set by environment to MSCCL,TREE,RING
c197-112:14924:14976 [3] NCCL INFO threadThresholds 8/8/64 | 512/8/64 | 8/8/64 | 8/8/512
c197-112:14924:14976 [3] NCCL INFO 2 coll channels, 2 p2p channels, 2 p2p channels per peer
c197-092:10229:10281 [3] NCCL INFO Parsed MSCCL Algorithm /home1/09168/ldai1/ccl-build/msccl_tools_lyd/examples/xml/xml_lyd/binary_tree/allreduce_binary_tree_1ch_2tree_64chunk_16node_64gpu.xml successfully.
c197-092:10229:10281 [3] NCCL INFO Connected 1 MSCCL algorithms
c198-012:11094:11146 [3] NCCL INFO Parsed MSCCL Algorithm /home1/09168/ldai1/ccl-build/msccl_tools_lyd/examples/xml/xml_lyd/binary_tree/allreduce_binary_tree_1ch_2tree_64chunk_16node_64gpu.xml successfully.
c197-092:10229:10281 [3] NCCL INFO NCCL_PROTO set by environment to Simple
c197-111:3871:3921 [3] NCCL INFO Parsed MSCCL Algorithm /home1/09168/ldai1/ccl-build/msccl_tools_lyd/examples/xml/xml_lyd/binary_tree/allreduce_binary_tree_1ch_2tree_64chunk_16node_64gpu.xml successfully.
c198-012:11094:11146 [3] NCCL INFO Connected 1 MSCCL algorithms
c197-092:10229:10281 [3] NCCL INFO NCCL_ALGO set by environment to MSCCL,TREE,RING
c197-111:3871:3921 [3] NCCL INFO Connected 1 MSCCL algorithms
c198-012:11094:11146 [3] NCCL INFO NCCL_PROTO set by environment to Simple
c198-012:11094:11146 [3] NCCL INFO NCCL_ALGO set by environment to MSCCL,TREE,RING
c197-092:10229:10281 [3] NCCL INFO threadThresholds 8/8/64 | 512/8/64 | 8/8/64 | 8/8/512
c197-111:3871:3921 [3] NCCL INFO NCCL_PROTO set by environment to Simple
c197-111:3871:3921 [3] NCCL INFO NCCL_ALGO set by environment to MSCCL,TREE,RING
c198-012:11094:11146 [3] NCCL INFO threadThresholds 8/8/64 | 512/8/64 | 8/8/64 | 8/8/512
c197-092:10229:10281 [3] NCCL INFO 2 coll channels, 2 p2p channels, 2 p2p channels per peer
c197-111:3871:3921 [3] NCCL INFO threadThresholds 8/8/64 | 512/8/64 | 8/8/64 | 8/8/512
c198-012:11094:11146 [3] NCCL INFO 2 coll channels, 2 p2p channels, 2 p2p channels per peer
c197-111:3871:3921 [3] NCCL INFO 2 coll channels, 2 p2p channels, 2 p2p channels per peer
c198-021:23032:23083 [3] NCCL INFO Parsed MSCCL Algorithm /home1/09168/ldai1/ccl-build/msccl_tools_lyd/examples/xml/xml_lyd/binary_tree/allreduce_binary_tree_1ch_2tree_64chunk_16node_64gpu.xml successfully.
c198-021:23032:23083 [3] NCCL INFO Connected 1 MSCCL algorithms
c198-021:23032:23083 [3] NCCL INFO NCCL_PROTO set by environment to Simple
c198-021:23032:23083 [3] NCCL INFO NCCL_ALGO set by environment to MSCCL,TREE,RING
c198-021:23032:23083 [3] NCCL INFO threadThresholds 8/8/64 | 512/8/64 | 8/8/64 | 8/8/512
c198-021:23032:23083 [3] NCCL INFO 2 coll channels, 2 p2p channels, 2 p2p channels per peer
c198-032:17221:17273 [3] NCCL INFO Parsed MSCCL Algorithm /home1/09168/ldai1/ccl-build/msccl_tools_lyd/examples/xml/xml_lyd/binary_tree/allreduce_binary_tree_1ch_2tree_64chunk_16node_64gpu.xml successfully.
c198-032:17221:17273 [3] NCCL INFO Connected 1 MSCCL algorithms
c198-032:17221:17273 [3] NCCL INFO NCCL_PROTO set by environment to Simple
c198-032:17221:17273 [3] NCCL INFO NCCL_ALGO set by environment to MSCCL,TREE,RING
c198-032:17221:17273 [3] NCCL INFO threadThresholds 8/8/64 | 512/8/64 | 8/8/64 | 8/8/512
c198-032:17221:17273 [3] NCCL INFO 2 coll channels, 2 p2p channels, 2 p2p channels per peer
c198-041:4402:4455 [3] NCCL INFO Parsed MSCCL Algorithm /home1/09168/ldai1/ccl-build/msccl_tools_lyd/examples/xml/xml_lyd/binary_tree/allreduce_binary_tree_1ch_2tree_64chunk_16node_64gpu.xml successfully.
c197-102:24920:24970 [3] NCCL INFO Parsed MSCCL Algorithm /home1/09168/ldai1/ccl-build/msccl_tools_lyd/examples/xml/xml_lyd/binary_tree/allreduce_binary_tree_1ch_2tree_64chunk_16node_64gpu.xml successfully.
c198-041:4402:4455 [3] NCCL INFO Connected 1 MSCCL algorithms
c197-102:24920:24970 [3] NCCL INFO Connected 1 MSCCL algorithms
c197-102:24920:24970 [3] NCCL INFO NCCL_PROTO set by environment to Simple
c197-102:24920:24970 [3] NCCL INFO NCCL_ALGO set by environment to MSCCL,TREE,RING
c197-102:24920:24970 [3] NCCL INFO threadThresholds 8/8/64 | 512/8/64 | 8/8/64 | 8/8/512
c198-041:4402:4455 [3] NCCL INFO NCCL_PROTO set by environment to Simple
c198-041:4402:4455 [3] NCCL INFO NCCL_ALGO set by environment to MSCCL,TREE,RING
c197-102:24920:24970 [3] NCCL INFO 2 coll channels, 2 p2p channels, 2 p2p channels per peer
c198-041:4402:4455 [3] NCCL INFO threadThresholds 8/8/64 | 512/8/64 | 8/8/64 | 8/8/512
c198-041:4402:4455 [3] NCCL INFO 2 coll channels, 2 p2p channels, 2 p2p channels per peer
c197-091:31384:31436 [3] NCCL INFO Parsed MSCCL Algorithm /home1/09168/ldai1/ccl-build/msccl_tools_lyd/examples/xml/xml_lyd/binary_tree/allreduce_binary_tree_1ch_2tree_64chunk_16node_64gpu.xml successfully.
c197-091:31384:31436 [3] NCCL INFO Connected 1 MSCCL algorithms
c197-091:31384:31436 [3] NCCL INFO NCCL_PROTO set by environment to Simple
c197-091:31384:31436 [3] NCCL INFO NCCL_ALGO set by environment to MSCCL,TREE,RING
c197-091:31384:31436 [3] NCCL INFO threadThresholds 8/8/64 | 512/8/64 | 8/8/64 | 8/8/512
c197-091:31384:31436 [3] NCCL INFO 2 coll channels, 2 p2p channels, 2 p2p channels per peer
c197-082:11842:11899 [3] NCCL INFO Parsed MSCCL Algorithm /home1/09168/ldai1/ccl-build/msccl_tools_lyd/examples/xml/xml_lyd/binary_tree/allreduce_binary_tree_1ch_2tree_64chunk_16node_64gpu.xml successfully.
c198-022:17286:17339 [3] NCCL INFO Parsed MSCCL Algorithm /home1/09168/ldai1/ccl-build/msccl_tools_lyd/examples/xml/xml_lyd/binary_tree/allreduce_binary_tree_1ch_2tree_64chunk_16node_64gpu.xml successfully.
c197-082:11842:11899 [3] NCCL INFO Connected 1 MSCCL algorithms
c197-082:11842:11899 [3] NCCL INFO NCCL_PROTO set by environment to Simple
c197-082:11842:11899 [3] NCCL INFO NCCL_ALGO set by environment to MSCCL,TREE,RING
c198-022:17286:17339 [3] NCCL INFO Connected 1 MSCCL algorithms
c197-082:11842:11899 [3] NCCL INFO threadThresholds 8/8/64 | 512/8/64 | 8/8/64 | 8/8/512
c198-022:17286:17339 [3] NCCL INFO NCCL_PROTO set by environment to Simple
c198-022:17286:17339 [3] NCCL INFO NCCL_ALGO set by environment to MSCCL,TREE,RING
c197-082:11842:11899 [3] NCCL INFO 2 coll channels, 2 p2p channels, 2 p2p channels per peer
c198-022:17286:17339 [3] NCCL INFO threadThresholds 8/8/64 | 512/8/64 | 8/8/64 | 8/8/512
c198-022:17286:17339 [3] NCCL INFO 2 coll channels, 2 p2p channels, 2 p2p channels per peer
c198-011:14005:14059 [3] NCCL INFO Parsed MSCCL Algorithm /home1/09168/ldai1/ccl-build/msccl_tools_lyd/examples/xml/xml_lyd/binary_tree/allreduce_binary_tree_1ch_2tree_64chunk_16node_64gpu.xml successfully.
c198-011:14005:14059 [3] NCCL INFO Connected 1 MSCCL algorithms
c198-011:14005:14059 [3] NCCL INFO NCCL_PROTO set by environment to Simple
c198-011:14005:14059 [3] NCCL INFO NCCL_ALGO set by environment to MSCCL,TREE,RING
c198-011:14005:14059 [3] NCCL INFO threadThresholds 8/8/64 | 512/8/64 | 8/8/64 | 8/8/512
c198-011:14005:14059 [3] NCCL INFO 2 coll channels, 2 p2p channels, 2 p2p channels per peer
c197-101:14737:14787 [3] NCCL INFO Parsed MSCCL Algorithm /home1/09168/ldai1/ccl-build/msccl_tools_lyd/examples/xml/xml_lyd/binary_tree/allreduce_binary_tree_1ch_2tree_64chunk_16node_64gpu.xml successfully.
c197-101:14737:14787 [3] NCCL INFO Connected 1 MSCCL algorithms
c197-101:14737:14787 [3] NCCL INFO NCCL_PROTO set by environment to Simple
c197-101:14737:14787 [3] NCCL INFO NCCL_ALGO set by environment to MSCCL,TREE,RING
c197-101:14737:14787 [3] NCCL INFO threadThresholds 8/8/64 | 512/8/64 | 8/8/64 | 8/8/512
c197-101:14737:14787 [3] NCCL INFO 2 coll channels, 2 p2p channels, 2 p2p channels per peer
c198-042:6621:6680 [0] NCCL INFO Channel 01/0 : 60[2000] -> 28[2000] [send] via NET/IB/0
c198-021:23029:23088 [0] NCCL INFO Channel 00/0 : 49[3000] -> 40[2000] [receive] via NET/IB/0
c198-022:17284:17344 [1] NCCL INFO Channel 01/0 : 52[2000] -> 45[3000] [receive] via NET/IB/0
c198-012:11091:11144 [0] NCCL INFO Channel 01/0 : 44[2000] -> 36[2000] [receive] via NET/IB/0
c198-031:23390:23449 [0] NCCL INFO Channel 00/0 : 32[2000] -> 48[2000] [receive] via NET/IB/0
c198-041:4399:4457 [0] NCCL INFO Channel 00/0 : 56[2000] -> 48[2000] [send] via NET/IB/0
c198-032:17218:17276 [0] NCCL INFO Channel 01/0 : 52[2000] -> 45[3000] [send] via NET/IB/0
c197-101:14734:14792 [0] NCCL INFO Channel 00/0 : 16[2000] -> 33[3000] [send] via NET/IB/0
c197-082:11839:11897 [0] NCCL INFO Channel 01/0 : 12[2000] -> 4[2000] [receive] via NET/IB/0
c198-031:23391:23447 [1] NCCL INFO Channel 00/0 : 49[3000] -> 40[2000] [send] via NET/IB/0
c197-091:31381:31440 [0] NCCL INFO Channel 00/0 : 17[3000] -> 8[2000] [receive] via NET/IB/0
c198-022:17283:17343 [0] NCCL INFO Channel 01/0 : 29[3000] -> 44[2000] [receive] via NET/IB/0
c197-111:3868:3923 [0] NCCL INFO Channel 00/0 : 24[2000] -> 16[2000] [send] via NET/IB/0
c197-092:10227:10285 [1] NCCL INFO Channel 01/0 : 20[2000] -> 13[3000] [receive] via NET/IB/0
c197-102:24917:24975 [0] NCCL INFO Channel 01/0 : 20[2000] -> 13[3000] [send] via NET/IB/0
c197-101:14735:14793 [1] NCCL INFO Channel 00/0 : 17[3000] -> 8[2000] [send] via NET/IB/0
c197-092:10226:10283 [0] NCCL INFO Channel 01/0 : 12[2000] -> 28[2000] [send] via NET/IB/0
c198-031:23391:23447 [1] NCCL INFO Channel 00 : 49[3000] -> 48[2000] via direct shared memory
c198-031:23391:23447 [1] NCCL INFO Channel 01 : 49[3000] -> 48[2000] via direct shared memory
c198-022:17284:17344 [1] NCCL INFO Channel 00 : 45[3000] -> 44[2000] via direct shared memory
c198-022:17284:17344 [1] NCCL INFO Channel 01 : 45[3000] -> 44[2000] via direct shared memory
c197-092:10227:10285 [1] NCCL INFO Channel 00 : 13[3000] -> 12[2000] via direct shared memory
c197-092:10227:10285 [1] NCCL INFO Channel 01 : 13[3000] -> 12[2000] via direct shared memory
c198-031:23392:23445 [2] NCCL INFO Connected all trees
c198-031:23392:23445 [2] NCCL INFO MSCCL_XML_FILES set by environment to /home1/09168/ldai1/ccl-build/msccl_tools_lyd/examples/xml/xml_lyd/binary_tree/allreduce_binary_tree_1ch_2tree_64chunk_16node_64gpu.xml
c198-031:23392:23445 [2] NCCL INFO MSCCL: Parsing algorithm /home1/09168/ldai1/ccl-build/msccl_tools_lyd/examples/xml/xml_lyd/binary_tree/allreduce_binary_tree_1ch_2tree_64chunk_16node_64gpu.xml
c198-022:17285:17340 [2] NCCL INFO Connected all trees
c198-022:17285:17340 [2] NCCL INFO MSCCL_XML_FILES set by environment to /home1/09168/ldai1/ccl-build/msccl_tools_lyd/examples/xml/xml_lyd/binary_tree/allreduce_binary_tree_1ch_2tree_64chunk_16node_64gpu.xml
c198-022:17285:17340 [2] NCCL INFO MSCCL: Parsing algorithm /home1/09168/ldai1/ccl-build/msccl_tools_lyd/examples/xml/xml_lyd/binary_tree/allreduce_binary_tree_1ch_2tree_64chunk_16node_64gpu.xml
c197-101:14735:14793 [1] NCCL INFO Channel 00 : 17[3000] -> 16[2000] via direct shared memory
c197-101:14735:14793 [1] NCCL INFO Channel 01 : 17[3000] -> 16[2000] via direct shared memory
c197-092:10228:10279 [2] NCCL INFO Connected all trees
c197-092:10228:10279 [2] NCCL INFO MSCCL_XML_FILES set by environment to /home1/09168/ldai1/ccl-build/msccl_tools_lyd/examples/xml/xml_lyd/binary_tree/allreduce_binary_tree_1ch_2tree_64chunk_16node_64gpu.xml
c197-092:10228:10279 [2] NCCL INFO MSCCL: Parsing algorithm /home1/09168/ldai1/ccl-build/msccl_tools_lyd/examples/xml/xml_lyd/binary_tree/allreduce_binary_tree_1ch_2tree_64chunk_16node_64gpu.xml
c197-101:14736:14789 [2] NCCL INFO Connected all trees
c197-101:14736:14789 [2] NCCL INFO MSCCL_XML_FILES set by environment to /home1/09168/ldai1/ccl-build/msccl_tools_lyd/examples/xml/xml_lyd/binary_tree/allreduce_binary_tree_1ch_2tree_64chunk_16node_64gpu.xml
c197-101:14736:14789 [2] NCCL INFO MSCCL: Parsing algorithm /home1/09168/ldai1/ccl-build/msccl_tools_lyd/examples/xml/xml_lyd/binary_tree/allreduce_binary_tree_1ch_2tree_64chunk_16node_64gpu.xml
c198-011:14002:14055 [0] NCCL INFO Channel 00/0 : 0[2000] -> 32[2000] [receive] via NET/IB/0
c198-032:17218:17276 [0] NCCL INFO Channel 00/0 : 57[3000] -> 52[2000] [receive] via NET/IB/0
c197-112:14922:14980 [1] NCCL INFO Channel 01/0 : 44[2000] -> 29[3000] [receive] via NET/IB/0
c198-031:23390:23449 [0] NCCL INFO Channel 00/0 : 48[2000] -> 32[2000] [send] via NET/IB/0
c198-021:23029:23088 [0] NCCL INFO Channel 00/0 : 44[2000] -> 40[2000] [receive] via NET/IB/0
c198-022:17283:17343 [0] NCCL INFO Channel 01/0 : 44[2000] -> 29[3000] [send] via NET/IB/0
c197-101:14734:14792 [0] NCCL INFO Channel 00/0 : 33[3000] -> 16[2000] [receive] via NET/IB/0
c197-112:14921:14979 [0] NCCL INFO Channel 01/0 : 60[2000] -> 28[2000] [receive] via NET/IB/0
c197-092:10226:10283 [0] NCCL INFO Channel 01/0 : 28[2000] -> 12[2000] [receive] via NET/IB/0
c197-091:31381:31440 [0] NCCL INFO Channel 00/0 : 12[2000] -> 8[2000] [receive] via NET/IB/0
c197-102:24917:24975 [0] NCCL INFO Channel 00/0 : 25[3000] -> 20[2000] [receive] via NET/IB/0
c198-011:14003:14057 [1] NCCL INFO Channel 00/0 : 33[3000] -> 16[2000] [send] via NET/IB/0
c198-041:4400:4452 [1] NCCL INFO Channel 00 : 57[3000] -> 56[2000] via direct shared memory
c198-041:4400:4452 [1] NCCL INFO Channel 01 : 57[3000] -> 56[2000] via direct shared memory
c197-112:14922:14980 [1] NCCL INFO Channel 00 : 29[3000] -> 28[2000] via direct shared memory
c197-112:14922:14980 [1] NCCL INFO Channel 01 : 29[3000] -> 28[2000] via direct shared memory
c198-041:4401:4459 [2] NCCL INFO Connected all trees
c198-041:4401:4459 [2] NCCL INFO MSCCL_XML_FILES set by environment to /home1/09168/ldai1/ccl-build/msccl_tools_lyd/examples/xml/xml_lyd/binary_tree/allreduce_binary_tree_1ch_2tree_64chunk_16node_64gpu.xml
c198-041:4401:4459 [2] NCCL INFO MSCCL: Parsing algorithm /home1/09168/ldai1/ccl-build/msccl_tools_lyd/examples/xml/xml_lyd/binary_tree/allreduce_binary_tree_1ch_2tree_64chunk_16node_64gpu.xml
c197-111:3869:3926 [1] NCCL INFO Channel 00 : 25[3000] -> 24[2000] via direct shared memory
c197-111:3869:3926 [1] NCCL INFO Channel 01 : 25[3000] -> 24[2000] via direct shared memory
c197-112:14923:14974 [2] NCCL INFO Connected all trees
c197-112:14923:14974 [2] NCCL INFO MSCCL_XML_FILES set by environment to /home1/09168/ldai1/ccl-build/msccl_tools_lyd/examples/xml/xml_lyd/binary_tree/allreduce_binary_tree_1ch_2tree_64chunk_16node_64gpu.xml
c197-112:14923:14974 [2] NCCL INFO MSCCL: Parsing algorithm /home1/09168/ldai1/ccl-build/msccl_tools_lyd/examples/xml/xml_lyd/binary_tree/allreduce_binary_tree_1ch_2tree_64chunk_16node_64gpu.xml
c197-111:3870:3927 [2] NCCL INFO Connected all trees
c197-111:3870:3927 [2] NCCL INFO MSCCL_XML_FILES set by environment to /home1/09168/ldai1/ccl-build/msccl_tools_lyd/examples/xml/xml_lyd/binary_tree/allreduce_binary_tree_1ch_2tree_64chunk_16node_64gpu.xml
c197-111:3870:3927 [2] NCCL INFO MSCCL: Parsing algorithm /home1/09168/ldai1/ccl-build/msccl_tools_lyd/examples/xml/xml_lyd/binary_tree/allreduce_binary_tree_1ch_2tree_64chunk_16node_64gpu.xml
c198-011:14003:14057 [1] NCCL INFO Channel 00 : 33[3000] -> 32[2000] via direct shared memory
c198-011:14003:14057 [1] NCCL INFO Channel 01 : 33[3000] -> 32[2000] via direct shared memory
c198-011:14004:14061 [2] NCCL INFO Connected all trees
c198-011:14004:14061 [2] NCCL INFO MSCCL_XML_FILES set by environment to /home1/09168/ldai1/ccl-build/msccl_tools_lyd/examples/xml/xml_lyd/binary_tree/allreduce_binary_tree_1ch_2tree_64chunk_16node_64gpu.xml
c198-011:14004:14061 [2] NCCL INFO MSCCL: Parsing algorithm /home1/09168/ldai1/ccl-build/msccl_tools_lyd/examples/xml/xml_lyd/binary_tree/allreduce_binary_tree_1ch_2tree_64chunk_16node_64gpu.xml
c198-011:14002:14055 [0] NCCL INFO Channel 00/0 : 32[2000] -> 0[2000] [send] via NET/IB/0
c197-112:14921:14979 [0] NCCL INFO Channel 01/0 : 28[2000] -> 60[2000] [send] via NET/IB/0
c198-032:17218:17276 [0] NCCL INFO Channel 01/0 : 52[2000] -> 48[2000] [send] via NET/IB/0
c198-022:17283:17343 [0] NCCL INFO Channel 01/0 : 44[2000] -> 36[2000] [send] via NET/IB/0
c197-101:14734:14792 [0] NCCL INFO Channel 00/0 : 24[2000] -> 16[2000] [receive] via NET/IB/0
c197-102:24917:24975 [0] NCCL INFO Channel 01/0 : 20[2000] -> 16[2000] [send] via NET/IB/0
c198-031:23392:23445 [2] NCCL INFO Parsed MSCCL Algorithm /home1/09168/ldai1/ccl-build/msccl_tools_lyd/examples/xml/xml_lyd/binary_tree/allreduce_binary_tree_1ch_2tree_64chunk_16node_64gpu.xml successfully.
c198-031:23392:23445 [2] NCCL INFO Connected 1 MSCCL algorithms
c198-031:23392:23445 [2] NCCL INFO NCCL_PROTO set by environment to Simple
c198-031:23392:23445 [2] NCCL INFO NCCL_ALGO set by environment to MSCCL,TREE,RING
c198-031:23392:23445 [2] NCCL INFO threadThresholds 8/8/64 | 512/8/64 | 8/8/64 | 8/8/512
c198-031:23392:23445 [2] NCCL INFO 2 coll channels, 2 p2p channels, 2 p2p channels per peer
c198-022:17285:17340 [2] NCCL INFO Parsed MSCCL Algorithm /home1/09168/ldai1/ccl-build/msccl_tools_lyd/examples/xml/xml_lyd/binary_tree/allreduce_binary_tree_1ch_2tree_64chunk_16node_64gpu.xml successfully.
c198-022:17285:17340 [2] NCCL INFO Connected 1 MSCCL algorithms
c198-022:17285:17340 [2] NCCL INFO NCCL_PROTO set by environment to Simple
c198-022:17285:17340 [2] NCCL INFO NCCL_ALGO set by environment to MSCCL,TREE,RING
c198-022:17285:17340 [2] NCCL INFO threadThresholds 8/8/64 | 512/8/64 | 8/8/64 | 8/8/512
c198-022:17285:17340 [2] NCCL INFO 2 coll channels, 2 p2p channels, 2 p2p channels per peer
c197-092:10228:10279 [2] NCCL INFO Parsed MSCCL Algorithm /home1/09168/ldai1/ccl-build/msccl_tools_lyd/examples/xml/xml_lyd/binary_tree/allreduce_binary_tree_1ch_2tree_64chunk_16node_64gpu.xml successfully.
c197-092:10228:10279 [2] NCCL INFO Connected 1 MSCCL algorithms
c197-092:10228:10279 [2] NCCL INFO NCCL_PROTO set by environment to Simple
c197-092:10228:10279 [2] NCCL INFO NCCL_ALGO set by environment to MSCCL,TREE,RING
c197-092:10228:10279 [2] NCCL INFO threadThresholds 8/8/64 | 512/8/64 | 8/8/64 | 8/8/512
c197-092:10228:10279 [2] NCCL INFO 2 coll channels, 2 p2p channels, 2 p2p channels per peer
c197-101:14736:14789 [2] NCCL INFO Parsed MSCCL Algorithm /home1/09168/ldai1/ccl-build/msccl_tools_lyd/examples/xml/xml_lyd/binary_tree/allreduce_binary_tree_1ch_2tree_64chunk_16node_64gpu.xml successfully.
c197-101:14736:14789 [2] NCCL INFO Connected 1 MSCCL algorithms
c197-101:14736:14789 [2] NCCL INFO NCCL_PROTO set by environment to Simple
c197-101:14736:14789 [2] NCCL INFO NCCL_ALGO set by environment to MSCCL,TREE,RING
c197-101:14736:14789 [2] NCCL INFO threadThresholds 8/8/64 | 512/8/64 | 8/8/64 | 8/8/512
c197-101:14736:14789 [2] NCCL INFO 2 coll channels, 2 p2p channels, 2 p2p channels per peer
c197-081:5113:5164 [0] NCCL INFO Channel 01/0 : 4[2000] -> 0[2000] [receive] via NET/IB/0
c198-011:14002:14055 [0] NCCL INFO Channel 00/0 : 48[2000] -> 32[2000] [receive] via NET/IB/0
c198-022:17283:17343 [0] NCCL INFO Channel 00/0 : 44[2000] -> 40[2000] [send] via NET/IB/0
c197-112:14921:14979 [0] NCCL INFO Channel 01/0 : 28[2000] -> 12[2000] [send] via NET/IB/0
c198-012:11091:11144 [0] NCCL INFO Channel 00/0 : 41[3000] -> 36[2000] [receive] via NET/IB/0
c198-042:6621:6680 [0] NCCL INFO Channel 00/0 : 60[2000] -> 56[2000] [send] via NET/IB/0
c197-111:3868:3923 [0] NCCL INFO Channel 00/0 : 28[2000] -> 24[2000] [receive] via NET/IB/0
c197-101:14734:14792 [0] NCCL INFO Channel 01/0 : 20[2000] -> 16[2000] [receive] via NET/IB/0
c197-112:14923:14974 [2] NCCL INFO Parsed MSCCL Algorithm /home1/09168/ldai1/ccl-build/msccl_tools_lyd/examples/xml/xml_lyd/binary_tree/allreduce_binary_tree_1ch_2tree_64chunk_16node_64gpu.xml successfully.
c197-112:14923:14974 [2] NCCL INFO Connected 1 MSCCL algorithms
c197-112:14923:14974 [2] NCCL INFO NCCL_PROTO set by environment to Simple
c197-112:14923:14974 [2] NCCL INFO NCCL_ALGO set by environment to MSCCL,TREE,RING
c197-112:14923:14974 [2] NCCL INFO threadThresholds 8/8/64 | 512/8/64 | 8/8/64 | 8/8/512
c197-112:14923:14974 [2] NCCL INFO 2 coll channels, 2 p2p channels, 2 p2p channels per peer
c198-041:4401:4459 [2] NCCL INFO Parsed MSCCL Algorithm /home1/09168/ldai1/ccl-build/msccl_tools_lyd/examples/xml/xml_lyd/binary_tree/allreduce_binary_tree_1ch_2tree_64chunk_16node_64gpu.xml successfully.
c198-041:4401:4459 [2] NCCL INFO Connected 1 MSCCL algorithms
c198-041:4401:4459 [2] NCCL INFO NCCL_PROTO set by environment to Simple
c198-041:4401:4459 [2] NCCL INFO NCCL_ALGO set by environment to MSCCL,TREE,RING
c198-041:4401:4459 [2] NCCL INFO threadThresholds 8/8/64 | 512/8/64 | 8/8/64 | 8/8/512
c198-041:4401:4459 [2] NCCL INFO 2 coll channels, 2 p2p channels, 2 p2p channels per peer
c197-111:3870:3927 [2] NCCL INFO Parsed MSCCL Algorithm /home1/09168/ldai1/ccl-build/msccl_tools_lyd/examples/xml/xml_lyd/binary_tree/allreduce_binary_tree_1ch_2tree_64chunk_16node_64gpu.xml successfully.
c197-111:3870:3927 [2] NCCL INFO Connected 1 MSCCL algorithms
c197-111:3870:3927 [2] NCCL INFO NCCL_PROTO set by environment to Simple
c197-111:3870:3927 [2] NCCL INFO NCCL_ALGO set by environment to MSCCL,TREE,RING
c197-111:3870:3927 [2] NCCL INFO threadThresholds 8/8/64 | 512/8/64 | 8/8/64 | 8/8/512
