TACC:  Starting up job 6212487 
TACC:  Starting parallel tasks... 
# nThread 1 nGpus 1 minBytes 65536 maxBytes 268435456 step: 2(factor) warmup iters: 5 iters: 60 agg iters: 1 validation: 1 graph: 0
#
# Using devices
#  Rank  0 Group  0 Pid   8659 on   c198-011 device  0 [0x02] Quadro RTX 5000
#  Rank  1 Group  0 Pid   8660 on   c198-011 device  1 [0x03] Quadro RTX 5000
#  Rank  2 Group  0 Pid   8661 on   c198-011 device  2 [0x82] Quadro RTX 5000
#  Rank  3 Group  0 Pid   8662 on   c198-011 device  3 [0x83] Quadro RTX 5000
#  Rank  4 Group  0 Pid   6023 on   c198-012 device  0 [0x02] Quadro RTX 5000
#  Rank  5 Group  0 Pid   6024 on   c198-012 device  1 [0x03] Quadro RTX 5000
#  Rank  6 Group  0 Pid   6025 on   c198-012 device  2 [0x82] Quadro RTX 5000
#  Rank  7 Group  0 Pid   6026 on   c198-012 device  3 [0x83] Quadro RTX 5000
#  Rank  8 Group  0 Pid  17896 on   c198-021 device  0 [0x02] Quadro RTX 5000
#  Rank  9 Group  0 Pid  17897 on   c198-021 device  1 [0x03] Quadro RTX 5000
#  Rank 10 Group  0 Pid  17898 on   c198-021 device  2 [0x82] Quadro RTX 5000
#  Rank 11 Group  0 Pid  17899 on   c198-021 device  3 [0x83] Quadro RTX 5000
#  Rank 12 Group  0 Pid   8142 on   c198-022 device  0 [0x02] Quadro RTX 5000
#  Rank 13 Group  0 Pid   8143 on   c198-022 device  1 [0x03] Quadro RTX 5000
#  Rank 14 Group  0 Pid   8144 on   c198-022 device  2 [0x82] Quadro RTX 5000
#  Rank 15 Group  0 Pid   8145 on   c198-022 device  3 [0x83] Quadro RTX 5000
#  Rank 16 Group  0 Pid  18265 on   c198-031 device  0 [0x02] Quadro RTX 5000
#  Rank 17 Group  0 Pid  18266 on   c198-031 device  1 [0x03] Quadro RTX 5000
#  Rank 18 Group  0 Pid  18267 on   c198-031 device  2 [0x82] Quadro RTX 5000
#  Rank 19 Group  0 Pid  18268 on   c198-031 device  3 [0x83] Quadro RTX 5000
#  Rank 20 Group  0 Pid  12126 on   c198-032 device  0 [0x02] Quadro RTX 5000
#  Rank 21 Group  0 Pid  12127 on   c198-032 device  1 [0x03] Quadro RTX 5000
#  Rank 22 Group  0 Pid  12128 on   c198-032 device  2 [0x82] Quadro RTX 5000
#  Rank 23 Group  0 Pid  12129 on   c198-032 device  3 [0x83] Quadro RTX 5000
#  Rank 24 Group  0 Pid  31633 on   c198-041 device  0 [0x02] Quadro RTX 5000
#  Rank 25 Group  0 Pid  31634 on   c198-041 device  1 [0x03] Quadro RTX 5000
#  Rank 26 Group  0 Pid  31635 on   c198-041 device  2 [0x82] Quadro RTX 5000
#  Rank 27 Group  0 Pid  31636 on   c198-041 device  3 [0x83] Quadro RTX 5000
#  Rank 28 Group  0 Pid   1473 on   c198-042 device  0 [0x02] Quadro RTX 5000
#  Rank 29 Group  0 Pid   1474 on   c198-042 device  1 [0x03] Quadro RTX 5000
#  Rank 30 Group  0 Pid   1475 on   c198-042 device  2 [0x82] Quadro RTX 5000
#  Rank 31 Group  0 Pid   1476 on   c198-042 device  3 [0x83] Quadro RTX 5000
#  Rank 32 Group  0 Pid  12181 on   c198-051 device  0 [0x02] Quadro RTX 5000
#  Rank 33 Group  0 Pid  12182 on   c198-051 device  1 [0x03] Quadro RTX 5000
#  Rank 34 Group  0 Pid  12183 on   c198-051 device  2 [0x82] Quadro RTX 5000
#  Rank 35 Group  0 Pid  12184 on   c198-051 device  3 [0x83] Quadro RTX 5000
#  Rank 36 Group  0 Pid  10294 on   c198-052 device  0 [0x02] Quadro RTX 5000
#  Rank 37 Group  0 Pid  10295 on   c198-052 device  1 [0x03] Quadro RTX 5000
#  Rank 38 Group  0 Pid  10296 on   c198-052 device  2 [0x82] Quadro RTX 5000
#  Rank 39 Group  0 Pid  10297 on   c198-052 device  3 [0x83] Quadro RTX 5000
#  Rank 40 Group  0 Pid   2820 on   c198-061 device  0 [0x02] Quadro RTX 5000
#  Rank 41 Group  0 Pid   2821 on   c198-061 device  1 [0x03] Quadro RTX 5000
#  Rank 42 Group  0 Pid   2822 on   c198-061 device  2 [0x82] Quadro RTX 5000
#  Rank 43 Group  0 Pid   2823 on   c198-061 device  3 [0x83] Quadro RTX 5000
#  Rank 44 Group  0 Pid  21428 on   c198-062 device  0 [0x02] Quadro RTX 5000
#  Rank 45 Group  0 Pid  21429 on   c198-062 device  1 [0x03] Quadro RTX 5000
#  Rank 46 Group  0 Pid  21430 on   c198-062 device  2 [0x82] Quadro RTX 5000
#  Rank 47 Group  0 Pid  21431 on   c198-062 device  3 [0x83] Quadro RTX 5000
#  Rank 48 Group  0 Pid  12796 on   c198-071 device  0 [0x02] Quadro RTX 5000
#  Rank 49 Group  0 Pid  12797 on   c198-071 device  1 [0x03] Quadro RTX 5000
#  Rank 50 Group  0 Pid  12798 on   c198-071 device  2 [0x82] Quadro RTX 5000
#  Rank 51 Group  0 Pid  12799 on   c198-071 device  3 [0x83] Quadro RTX 5000
#  Rank 52 Group  0 Pid   6415 on   c198-072 device  0 [0x02] Quadro RTX 5000
#  Rank 53 Group  0 Pid   6416 on   c198-072 device  1 [0x03] Quadro RTX 5000
#  Rank 54 Group  0 Pid   6417 on   c198-072 device  2 [0x82] Quadro RTX 5000
#  Rank 55 Group  0 Pid   6418 on   c198-072 device  3 [0x83] Quadro RTX 5000
#  Rank 56 Group  0 Pid  26476 on   c199-071 device  0 [0x02] Quadro RTX 5000
#  Rank 57 Group  0 Pid  26477 on   c199-071 device  1 [0x03] Quadro RTX 5000
#  Rank 58 Group  0 Pid  26478 on   c199-071 device  2 [0x82] Quadro RTX 5000
#  Rank 59 Group  0 Pid  26479 on   c199-071 device  3 [0x83] Quadro RTX 5000
#  Rank 60 Group  0 Pid   4981 on   c199-072 device  0 [0x02] Quadro RTX 5000
#  Rank 61 Group  0 Pid   4982 on   c199-072 device  1 [0x03] Quadro RTX 5000
#  Rank 62 Group  0 Pid   4983 on   c199-072 device  2 [0x82] Quadro RTX 5000
#  Rank 63 Group  0 Pid   4984 on   c199-072 device  3 [0x83] Quadro RTX 5000
The MSCCL XML file exists: /home1/09168/ldai1/ccl-build/msccl_tools_lyd/examples/xml/xml_lyd/binary_tree/allreduce_binary_tree_1ch_2tree_1chunk_16node_64gpu.xml
c198-011:8659:8659 [0] NCCL INFO Bootstrap : Using ib0:192.168.44.145<0>
c198-011:8659:8659 [0] NCCL INFO NET/Plugin : No plugin found (libnccl-net.so), using internal implementation
c198-011:8659:8659 [0] NCCL INFO NET/IB : Using [0]mlx4_0:1/IB [RO]; OOB ib0:192.168.44.145<0>
c198-011:8659:8659 [0] NCCL INFO Using network IB
NCCL version 2.12.12.MSCCL.0.7.4+cuda11.3
c198-011:8661:8661 [2] NCCL INFO Bootstrap : Using ib0:192.168.44.145<0>
c198-011:8661:8661 [2] NCCL INFO NET/Plugin : No plugin found (libnccl-net.so), using internal implementation
c198-011:8662:8662 [3] NCCL INFO Bootstrap : Using ib0:192.168.44.145<0>
c198-011:8660:8660 [1] NCCL INFO Bootstrap : Using ib0:192.168.44.145<0>
c198-011:8662:8662 [3] NCCL INFO NET/Plugin : No plugin found (libnccl-net.so), using internal implementation
c198-011:8660:8660 [1] NCCL INFO NET/Plugin : No plugin found (libnccl-net.so), using internal implementation
c198-011:8662:8662 [3] NCCL INFO NET/IB : Using [0]mlx4_0:1/IB [RO]; OOB ib0:192.168.44.145<0>
c198-011:8662:8662 [3] NCCL INFO Using network IB
c198-011:8661:8661 [2] NCCL INFO NET/IB : Using [0]mlx4_0:1/IB [RO]; OOB ib0:192.168.44.145<0>
c198-011:8661:8661 [2] NCCL INFO Using network IB
c198-011:8660:8660 [1] NCCL INFO NET/IB : Using [0]mlx4_0:1/IB [RO]; OOB ib0:192.168.44.145<0>
c198-011:8660:8660 [1] NCCL INFO Using network IB
c198-052:10296:10296 [2] NCCL INFO Bootstrap : Using ib0:192.168.44.154<0>
c198-052:10297:10297 [3] NCCL INFO Bootstrap : Using ib0:192.168.44.154<0>
c198-052:10296:10296 [2] NCCL INFO NET/Plugin : No plugin found (libnccl-net.so), using internal implementation
c198-052:10297:10297 [3] NCCL INFO NET/Plugin : No plugin found (libnccl-net.so), using internal implementation
c198-052:10295:10295 [1] NCCL INFO Bootstrap : Using ib0:192.168.44.154<0>
c198-052:10294:10294 [0] NCCL INFO Bootstrap : Using ib0:192.168.44.154<0>
c198-052:10294:10294 [0] NCCL INFO NET/Plugin : No plugin found (libnccl-net.so), using internal implementation
c198-052:10295:10295 [1] NCCL INFO NET/Plugin : No plugin found (libnccl-net.so), using internal implementation
c198-052:10297:10297 [3] NCCL INFO NET/IB : Using [0]mlx4_0:1/IB [RO]; OOB ib0:192.168.44.154<0>
c198-052:10297:10297 [3] NCCL INFO Using network IB
c198-061:2822:2822 [2] NCCL INFO Bootstrap : Using ib0:192.168.44.155<0>
c198-061:2823:2823 [3] NCCL INFO Bootstrap : Using ib0:192.168.44.155<0>
c198-052:10296:10296 [2] NCCL INFO NET/IB : Using [0]mlx4_0:1/IB [RO]; OOB ib0:192.168.44.154<0>
c198-052:10296:10296 [2] NCCL INFO Using network IB
c198-061:2822:2822 [2] NCCL INFO NET/Plugin : No plugin found (libnccl-net.so), using internal implementation
c198-061:2823:2823 [3] NCCL INFO NET/Plugin : No plugin found (libnccl-net.so), using internal implementation
c198-062:21430:21430 [2] NCCL INFO Bootstrap : Using ib0:192.168.44.156<0>
c198-062:21431:21431 [3] NCCL INFO Bootstrap : Using ib0:192.168.44.156<0>
c198-062:21430:21430 [2] NCCL INFO NET/Plugin : No plugin found (libnccl-net.so), using internal implementation
c198-062:21431:21431 [3] NCCL INFO NET/Plugin : No plugin found (libnccl-net.so), using internal implementation
c198-052:10294:10294 [0] NCCL INFO NET/IB : Using [0]mlx4_0:1/IB [RO]; OOB ib0:192.168.44.154<0>
c198-052:10294:10294 [0] NCCL INFO Using network IB
c198-052:10295:10295 [1] NCCL INFO NET/IB : Using [0]mlx4_0:1/IB [RO]; OOB ib0:192.168.44.154<0>
c198-052:10295:10295 [1] NCCL INFO Using network IB
c198-061:2823:2823 [3] NCCL INFO NET/IB : Using [0]mlx4_0:1/IB [RO]; OOB ib0:192.168.44.155<0>
c198-061:2823:2823 [3] NCCL INFO Using network IB
c198-061:2822:2822 [2] NCCL INFO NET/IB : Using [0]mlx4_0:1/IB [RO]; OOB ib0:192.168.44.155<0>
c198-061:2822:2822 [2] NCCL INFO Using network IB
c198-041:31635:31635 [2] NCCL INFO Bootstrap : Using ib0:192.168.44.151<0>
c198-041:31635:31635 [2] NCCL INFO NET/Plugin : No plugin found (libnccl-net.so), using internal implementation
c198-062:21429:21429 [1] NCCL INFO Bootstrap : Using ib0:192.168.44.156<0>
c198-062:21428:21428 [0] NCCL INFO Bootstrap : Using ib0:192.168.44.156<0>
c198-062:21428:21428 [0] NCCL INFO NET/Plugin : No plugin found (libnccl-net.so), using internal implementation
c198-062:21429:21429 [1] NCCL INFO NET/Plugin : No plugin found (libnccl-net.so), using internal implementation
c198-012:6023:6023 [0] NCCL INFO Bootstrap : Using ib0:192.168.44.146<0>
c198-012:6025:6025 [2] NCCL INFO Bootstrap : Using ib0:192.168.44.146<0>
c198-012:6026:6026 [3] NCCL INFO Bootstrap : Using ib0:192.168.44.146<0>
c198-062:21430:21430 [2] NCCL INFO NET/IB : Using [0]mlx4_0:1/IB [RO]; OOB ib0:192.168.44.156<0>
c198-062:21430:21430 [2] NCCL INFO Using network IB
c198-062:21431:21431 [3] NCCL INFO NET/IB : Using [0]mlx4_0:1/IB [RO]; OOB ib0:192.168.44.156<0>
c198-062:21431:21431 [3] NCCL INFO Using network IB
c198-012:6025:6025 [2] NCCL INFO NET/Plugin : No plugin found (libnccl-net.so), using internal implementation
c198-012:6026:6026 [3] NCCL INFO NET/Plugin : No plugin found (libnccl-net.so), using internal implementation
c198-012:6023:6023 [0] NCCL INFO NET/Plugin : No plugin found (libnccl-net.so), using internal implementation
c198-041:31635:31635 [2] NCCL INFO NET/IB : Using [0]mlx4_0:1/IB [RO]; OOB ib0:192.168.44.151<0>
c198-041:31635:31635 [2] NCCL INFO Using network IB
c198-061:2820:2820 [0] NCCL INFO Bootstrap : Using ib0:192.168.44.155<0>
c198-061:2821:2821 [1] NCCL INFO Bootstrap : Using ib0:192.168.44.155<0>
c198-061:2820:2820 [0] NCCL INFO NET/Plugin : No plugin found (libnccl-net.so), using internal implementation
c198-061:2821:2821 [1] NCCL INFO NET/Plugin : No plugin found (libnccl-net.so), using internal implementation
c198-062:21429:21429 [1] NCCL INFO NET/IB : Using [0]mlx4_0:1/IB [RO]; OOB ib0:192.168.44.156<0>
c198-062:21429:21429 [1] NCCL INFO Using network IB
c198-062:21428:21428 [0] NCCL INFO NET/IB : Using [0]mlx4_0:1/IB [RO]; OOB ib0:192.168.44.156<0>
c198-062:21428:21428 [0] NCCL INFO Using network IB
c198-041:31636:31636 [3] NCCL INFO Bootstrap : Using ib0:192.168.44.151<0>
c198-041:31636:31636 [3] NCCL INFO NET/Plugin : No plugin found (libnccl-net.so), using internal implementation
c198-021:17898:17898 [2] NCCL INFO Bootstrap : Using ib0:192.168.44.147<0>
c198-021:17897:17897 [1] NCCL INFO Bootstrap : Using ib0:192.168.44.147<0>
c198-021:17899:17899 [3] NCCL INFO Bootstrap : Using ib0:192.168.44.147<0>
c198-021:17897:17897 [1] NCCL INFO NET/Plugin : No plugin found (libnccl-net.so), using internal implementation
c198-021:17898:17898 [2] NCCL INFO NET/Plugin : No plugin found (libnccl-net.so), using internal implementation
c198-021:17899:17899 [3] NCCL INFO NET/Plugin : No plugin found (libnccl-net.so), using internal implementation
c198-061:2821:2821 [1] NCCL INFO NET/IB : Using [0]mlx4_0:1/IB [RO]; OOB ib0:192.168.44.155<0>
c198-061:2821:2821 [1] NCCL INFO Using network IB
c198-061:2820:2820 [0] NCCL INFO NET/IB : Using [0]mlx4_0:1/IB [RO]; OOB ib0:192.168.44.155<0>
c198-061:2820:2820 [0] NCCL INFO Using network IB
c198-041:31634:31634 [1] NCCL INFO Bootstrap : Using ib0:192.168.44.151<0>
c198-041:31634:31634 [1] NCCL INFO NET/Plugin : No plugin found (libnccl-net.so), using internal implementation
c198-041:31636:31636 [3] NCCL INFO NET/IB : Using [0]mlx4_0:1/IB [RO]; OOB ib0:192.168.44.151<0>
c198-041:31636:31636 [3] NCCL INFO Using network IB
c198-041:31634:31634 [1] NCCL INFO NET/IB : Using [0]mlx4_0:1/IB [RO]; OOB ib0:192.168.44.151<0>
c198-041:31634:31634 [1] NCCL INFO Using network IB
c198-012:6024:6024 [1] NCCL INFO Bootstrap : Using ib0:192.168.44.146<0>
c198-012:6024:6024 [1] NCCL INFO NET/Plugin : No plugin found (libnccl-net.so), using internal implementation
c198-012:6023:6023 [0] NCCL INFO NET/IB : Using [0]mlx4_0:1/IB [RO]; OOB ib0:192.168.44.146<0>
c198-012:6025:6025 [2] NCCL INFO NET/IB : Using [0]mlx4_0:1/IB [RO]; OOB ib0:192.168.44.146<0>
c198-012:6023:6023 [0] NCCL INFO Using network IB
c198-012:6025:6025 [2] NCCL INFO Using network IB
c198-012:6026:6026 [3] NCCL INFO NET/IB : Using [0]mlx4_0:1/IB [RO]; OOB ib0:192.168.44.146<0>
c198-012:6026:6026 [3] NCCL INFO Using network IB
c198-012:6024:6024 [1] NCCL INFO NET/IB : Using [0]mlx4_0:1/IB [RO]; OOB ib0:192.168.44.146<0>
c198-012:6024:6024 [1] NCCL INFO Using network IB
c198-041:31633:31633 [0] NCCL INFO Bootstrap : Using ib0:192.168.44.151<0>
c199-071:26478:26478 [2] NCCL INFO Bootstrap : Using ib0:192.168.44.179<0>
c198-041:31633:31633 [0] NCCL INFO NET/Plugin : No plugin found (libnccl-net.so), using internal implementation
c198-022:8144:8144 [2] NCCL INFO Bootstrap : Using ib0:192.168.44.148<0>
c199-071:26479:26479 [3] NCCL INFO Bootstrap : Using ib0:192.168.44.179<0>
c198-022:8145:8145 [3] NCCL INFO Bootstrap : Using ib0:192.168.44.148<0>
c199-071:26478:26478 [2] NCCL INFO NET/Plugin : No plugin found (libnccl-net.so), using internal implementation
c199-071:26479:26479 [3] NCCL INFO NET/Plugin : No plugin found (libnccl-net.so), using internal implementation
c198-072:6417:6417 [2] NCCL INFO Bootstrap : Using ib0:192.168.44.158<0>
c198-022:8144:8144 [2] NCCL INFO NET/Plugin : No plugin found (libnccl-net.so), using internal implementation
c198-072:6418:6418 [3] NCCL INFO Bootstrap : Using ib0:192.168.44.158<0>
c198-022:8145:8145 [3] NCCL INFO NET/Plugin : No plugin found (libnccl-net.so), using internal implementation
c198-072:6417:6417 [2] NCCL INFO NET/Plugin : No plugin found (libnccl-net.so), using internal implementation
c198-072:6418:6418 [3] NCCL INFO NET/Plugin : No plugin found (libnccl-net.so), using internal implementation
c198-021:17896:17896 [0] NCCL INFO Bootstrap : Using ib0:192.168.44.147<0>
c198-021:17896:17896 [0] NCCL INFO NET/Plugin : No plugin found (libnccl-net.so), using internal implementation
c198-041:31633:31633 [0] NCCL INFO NET/IB : Using [0]mlx4_0:1/IB [RO]; OOB ib0:192.168.44.151<0>
c198-041:31633:31633 [0] NCCL INFO Using network IB
c198-021:17898:17898 [2] NCCL INFO NET/IB : Using [0]mlx4_0:1/IB [RO]; OOB ib0:192.168.44.147<0>
c198-021:17898:17898 [2] NCCL INFO Using network IB
c198-021:17899:17899 [3] NCCL INFO NET/IB : Using [0]mlx4_0:1/IB [RO]; OOB ib0:192.168.44.147<0>
c198-021:17899:17899 [3] NCCL INFO Using network IB
c198-021:17897:17897 [1] NCCL INFO NET/IB : Using [0]mlx4_0:1/IB [RO]; OOB ib0:192.168.44.147<0>
c198-021:17897:17897 [1] NCCL INFO Using network IB
c198-031:18267:18267 [2] NCCL INFO Bootstrap : Using ib0:192.168.44.149<0>
c198-031:18268:18268 [3] NCCL INFO Bootstrap : Using ib0:192.168.44.149<0>
c199-072:4983:4983 [2] NCCL INFO Bootstrap : Using ib0:192.168.44.180<0>
c199-072:4984:4984 [3] NCCL INFO Bootstrap : Using ib0:192.168.44.180<0>
c198-021:17896:17896 [0] NCCL INFO NET/IB : Using [0]mlx4_0:1/IB [RO]; OOB ib0:192.168.44.147<0>
c198-021:17896:17896 [0] NCCL INFO Using network IB
c198-031:18267:18267 [2] NCCL INFO NET/Plugin : No plugin found (libnccl-net.so), using internal implementation
c198-031:18268:18268 [3] NCCL INFO NET/Plugin : No plugin found (libnccl-net.so), using internal implementation
c198-051:12181:12181 [0] NCCL INFO Bootstrap : Using ib0:192.168.44.153<0>
c198-051:12182:12182 [1] NCCL INFO Bootstrap : Using ib0:192.168.44.153<0>
c199-072:4983:4983 [2] NCCL INFO NET/Plugin : No plugin found (libnccl-net.so), using internal implementation
c198-051:12183:12183 [2] NCCL INFO Bootstrap : Using ib0:192.168.44.153<0>
c199-072:4984:4984 [3] NCCL INFO NET/Plugin : No plugin found (libnccl-net.so), using internal implementation
c198-051:12184:12184 [3] NCCL INFO Bootstrap : Using ib0:192.168.44.153<0>
c198-051:12181:12181 [0] NCCL INFO NET/Plugin : No plugin found (libnccl-net.so), using internal implementation
c198-051:12182:12182 [1] NCCL INFO NET/Plugin : No plugin found (libnccl-net.so), using internal implementation
c198-051:12183:12183 [2] NCCL INFO NET/Plugin : No plugin found (libnccl-net.so), using internal implementation
c198-051:12184:12184 [3] NCCL INFO NET/Plugin : No plugin found (libnccl-net.so), using internal implementation
c198-071:12798:12798 [2] NCCL INFO Bootstrap : Using ib0:192.168.44.157<0>
c198-071:12799:12799 [3] NCCL INFO Bootstrap : Using ib0:192.168.44.157<0>
c199-071:26479:26479 [3] NCCL INFO NET/IB : Using [0]mlx4_0:1/IB [RO]; OOB ib0:192.168.44.179<0>
c199-071:26479:26479 [3] NCCL INFO Using network IB
c198-071:12798:12798 [2] NCCL INFO NET/Plugin : No plugin found (libnccl-net.so), using internal implementation
c198-071:12799:12799 [3] NCCL INFO NET/Plugin : No plugin found (libnccl-net.so), using internal implementation
c199-071:26478:26478 [2] NCCL INFO NET/IB : Using [0]mlx4_0:1/IB [RO]; OOB ib0:192.168.44.179<0>
c199-071:26478:26478 [2] NCCL INFO Using network IB
c198-022:8142:8142 [0] NCCL INFO Bootstrap : Using ib0:192.168.44.148<0>
c198-022:8143:8143 [1] NCCL INFO Bootstrap : Using ib0:192.168.44.148<0>
c198-022:8142:8142 [0] NCCL INFO NET/Plugin : No plugin found (libnccl-net.so), using internal implementation
c198-022:8143:8143 [1] NCCL INFO NET/Plugin : No plugin found (libnccl-net.so), using internal implementation
c198-031:18267:18267 [2] NCCL INFO NET/IB : Using [0]mlx4_0:1/IB [RO]; OOB ib0:192.168.44.149<0>
c198-031:18267:18267 [2] NCCL INFO Using network IB
c198-072:6416:6416 [1] NCCL INFO Bootstrap : Using ib0:192.168.44.158<0>
c198-031:18268:18268 [3] NCCL INFO NET/IB : Using [0]mlx4_0:1/IB [RO]; OOB ib0:192.168.44.149<0>
c198-031:18268:18268 [3] NCCL INFO Using network IB
c198-072:6415:6415 [0] NCCL INFO Bootstrap : Using ib0:192.168.44.158<0>
c198-072:6415:6415 [0] NCCL INFO NET/Plugin : No plugin found (libnccl-net.so), using internal implementation
c198-072:6416:6416 [1] NCCL INFO NET/Plugin : No plugin found (libnccl-net.so), using internal implementation
c198-022:8145:8145 [3] NCCL INFO NET/IB : Using [0]mlx4_0:1/IB [RO]; OOB ib0:192.168.44.148<0>
c198-022:8145:8145 [3] NCCL INFO Using network IB
c198-022:8144:8144 [2] NCCL INFO NET/IB : Using [0]mlx4_0:1/IB [RO]; OOB ib0:192.168.44.148<0>
c198-022:8144:8144 [2] NCCL INFO Using network IB
c198-042:1474:1474 [1] NCCL INFO Bootstrap : Using ib0:192.168.44.152<0>
c198-072:6418:6418 [3] NCCL INFO NET/IB : Using [0]mlx4_0:1/IB [RO]; OOB ib0:192.168.44.158<0>
c198-072:6418:6418 [3] NCCL INFO Using network IB
c198-042:1475:1475 [2] NCCL INFO Bootstrap : Using ib0:192.168.44.152<0>
c198-072:6417:6417 [2] NCCL INFO NET/IB : Using [0]mlx4_0:1/IB [RO]; OOB ib0:192.168.44.158<0>
c198-042:1476:1476 [3] NCCL INFO Bootstrap : Using ib0:192.168.44.152<0>
c198-072:6417:6417 [2] NCCL INFO Using network IB
c198-042:1473:1473 [0] NCCL INFO Bootstrap : Using ib0:192.168.44.152<0>
c198-042:1475:1475 [2] NCCL INFO NET/Plugin : No plugin found (libnccl-net.so), using internal implementation
c198-042:1476:1476 [3] NCCL INFO NET/Plugin : No plugin found (libnccl-net.so), using internal implementation
c198-042:1473:1473 [0] NCCL INFO NET/Plugin : No plugin found (libnccl-net.so), using internal implementation
c198-042:1474:1474 [1] NCCL INFO NET/Plugin : No plugin found (libnccl-net.so), using internal implementation
c198-071:12798:12798 [2] NCCL INFO NET/IB : Using [0]mlx4_0:1/IB [RO]; OOB ib0:192.168.44.157<0>
c198-071:12798:12798 [2] NCCL INFO Using network IB
c198-071:12799:12799 [3] NCCL INFO NET/IB : Using [0]mlx4_0:1/IB [RO]; OOB ib0:192.168.44.157<0>
c199-072:4983:4983 [2] NCCL INFO NET/IB : Using [0]mlx4_0:1/IB [RO]; OOB ib0:192.168.44.180<0>
c199-072:4983:4983 [2] NCCL INFO Using network IB
c198-071:12799:12799 [3] NCCL INFO Using network IB
c199-072:4982:4982 [1] NCCL INFO Bootstrap : Using ib0:192.168.44.180<0>
c199-072:4981:4981 [0] NCCL INFO Bootstrap : Using ib0:192.168.44.180<0>
c199-072:4981:4981 [0] NCCL INFO NET/Plugin : No plugin found (libnccl-net.so), using internal implementation
c199-072:4982:4982 [1] NCCL INFO NET/Plugin : No plugin found (libnccl-net.so), using internal implementation
c198-072:6416:6416 [1] NCCL INFO NET/IB : Using [0]mlx4_0:1/IB [RO]; OOB ib0:192.168.44.158<0>
c198-072:6416:6416 [1] NCCL INFO Using network IB
c198-072:6415:6415 [0] NCCL INFO NET/IB : Using [0]mlx4_0:1/IB [RO]; OOB ib0:192.168.44.158<0>
c198-072:6415:6415 [0] NCCL INFO Using network IB
c199-072:4984:4984 [3] NCCL INFO NET/IB : Using [0]mlx4_0:1/IB [RO]; OOB ib0:192.168.44.180<0>
c199-072:4984:4984 [3] NCCL INFO Using network IB
c198-022:8143:8143 [1] NCCL INFO NET/IB : Using [0]mlx4_0:1/IB [RO]; OOB ib0:192.168.44.148<0>
c198-022:8143:8143 [1] NCCL INFO Using network IB
c198-022:8142:8142 [0] NCCL INFO NET/IB : Using [0]mlx4_0:1/IB [RO]; OOB ib0:192.168.44.148<0>
c198-022:8142:8142 [0] NCCL INFO Using network IB
c199-072:4981:4981 [0] NCCL INFO NET/IB : Using [0]mlx4_0:1/IB [RO]; OOB ib0:192.168.44.180<0>
c199-072:4981:4981 [0] NCCL INFO Using network IB
c199-072:4982:4982 [1] NCCL INFO NET/IB : Using [0]mlx4_0:1/IB [RO]; OOB ib0:192.168.44.180<0>
c199-072:4982:4982 [1] NCCL INFO Using network IB
c198-051:12182:12182 [1] NCCL INFO NET/IB : Using [0]mlx4_0:1/IB [RO]; OOB ib0:192.168.44.153<0>
c198-051:12182:12182 [1] NCCL INFO Using network IB
c198-051:12183:12183 [2] NCCL INFO NET/IB : Using [0]mlx4_0:1/IB [RO]; OOB ib0:192.168.44.153<0>
c198-051:12183:12183 [2] NCCL INFO Using network IB
c198-051:12184:12184 [3] NCCL INFO NET/IB : Using [0]mlx4_0:1/IB [RO]; OOB ib0:192.168.44.153<0>
c198-051:12184:12184 [3] NCCL INFO Using network IB
c198-051:12181:12181 [0] NCCL INFO NET/IB : Using [0]mlx4_0:1/IB [RO]; OOB ib0:192.168.44.153<0>
c198-051:12181:12181 [0] NCCL INFO Using network IB
c198-032:12128:12128 [2] NCCL INFO Bootstrap : Using ib0:192.168.44.150<0>
c198-032:12129:12129 [3] NCCL INFO Bootstrap : Using ib0:192.168.44.150<0>
c198-032:12128:12128 [2] NCCL INFO NET/Plugin : No plugin found (libnccl-net.so), using internal implementation
c198-032:12129:12129 [3] NCCL INFO NET/Plugin : No plugin found (libnccl-net.so), using internal implementation
c198-031:18266:18266 [1] NCCL INFO Bootstrap : Using ib0:192.168.44.149<0>
c198-031:18265:18265 [0] NCCL INFO Bootstrap : Using ib0:192.168.44.149<0>
c198-031:18265:18265 [0] NCCL INFO NET/Plugin : No plugin found (libnccl-net.so), using internal implementation
c198-031:18266:18266 [1] NCCL INFO NET/Plugin : No plugin found (libnccl-net.so), using internal implementation
c198-042:1474:1474 [1] NCCL INFO NET/IB : Using [0]mlx4_0:1/IB [RO]; OOB ib0:192.168.44.152<0>
c198-042:1474:1474 [1] NCCL INFO Using network IB
c198-042:1473:1473 [0] NCCL INFO NET/IB : Using [0]mlx4_0:1/IB [RO]; OOB ib0:192.168.44.152<0>
c198-042:1473:1473 [0] NCCL INFO Using network IB
c198-031:18266:18266 [1] NCCL INFO NET/IB : Using [0]mlx4_0:1/IB [RO]; OOB ib0:192.168.44.149<0>
c198-031:18266:18266 [1] NCCL INFO Using network IB
c198-042:1476:1476 [3] NCCL INFO NET/IB : Using [0]mlx4_0:1/IB [RO]; OOB ib0:192.168.44.152<0>
c198-042:1476:1476 [3] NCCL INFO Using network IB
c198-042:1475:1475 [2] NCCL INFO NET/IB : Using [0]mlx4_0:1/IB [RO]; OOB ib0:192.168.44.152<0>
c198-042:1475:1475 [2] NCCL INFO Using network IB
c198-031:18265:18265 [0] NCCL INFO NET/IB : Using [0]mlx4_0:1/IB [RO]; OOB ib0:192.168.44.149<0>
c198-031:18265:18265 [0] NCCL INFO Using network IB
c199-071:26476:26476 [0] NCCL INFO Bootstrap : Using ib0:192.168.44.179<0>
c199-071:26477:26477 [1] NCCL INFO Bootstrap : Using ib0:192.168.44.179<0>
c199-071:26476:26476 [0] NCCL INFO NET/Plugin : No plugin found (libnccl-net.so), using internal implementation
c199-071:26477:26477 [1] NCCL INFO NET/Plugin : No plugin found (libnccl-net.so), using internal implementation
c198-032:12126:12126 [0] NCCL INFO Bootstrap : Using ib0:192.168.44.150<0>
c198-032:12127:12127 [1] NCCL INFO Bootstrap : Using ib0:192.168.44.150<0>
c198-032:12126:12126 [0] NCCL INFO NET/Plugin : No plugin found (libnccl-net.so), using internal implementation
c198-032:12127:12127 [1] NCCL INFO NET/Plugin : No plugin found (libnccl-net.so), using internal implementation
c198-032:12128:12128 [2] NCCL INFO NET/IB : Using [0]mlx4_0:1/IB [RO]; OOB ib0:192.168.44.150<0>
c198-032:12128:12128 [2] NCCL INFO Using network IB
c198-032:12129:12129 [3] NCCL INFO NET/IB : Using [0]mlx4_0:1/IB [RO]; OOB ib0:192.168.44.150<0>
c198-032:12129:12129 [3] NCCL INFO Using network IB
c199-071:26477:26477 [1] NCCL INFO NET/IB : Using [0]mlx4_0:1/IB [RO]; OOB ib0:192.168.44.179<0>
c199-071:26477:26477 [1] NCCL INFO Using network IB
c198-032:12127:12127 [1] NCCL INFO NET/IB : Using [0]mlx4_0:1/IB [RO]; OOB ib0:192.168.44.150<0>
c198-032:12127:12127 [1] NCCL INFO Using network IB
c199-071:26476:26476 [0] NCCL INFO NET/IB : Using [0]mlx4_0:1/IB [RO]; OOB ib0:192.168.44.179<0>
c199-071:26476:26476 [0] NCCL INFO Using network IB
c198-032:12126:12126 [0] NCCL INFO NET/IB : Using [0]mlx4_0:1/IB [RO]; OOB ib0:192.168.44.150<0>
c198-032:12126:12126 [0] NCCL INFO Using network IB
c198-071:12797:12797 [1] NCCL INFO Bootstrap : Using ib0:192.168.44.157<0>
c198-071:12796:12796 [0] NCCL INFO Bootstrap : Using ib0:192.168.44.157<0>
c198-071:12796:12796 [0] NCCL INFO NET/Plugin : No plugin found (libnccl-net.so), using internal implementation
c198-071:12797:12797 [1] NCCL INFO NET/Plugin : No plugin found (libnccl-net.so), using internal implementation
c198-071:12796:12796 [0] NCCL INFO NET/IB : Using [0]mlx4_0:1/IB [RO]; OOB ib0:192.168.44.157<0>
c198-071:12796:12796 [0] NCCL INFO Using network IB
c198-071:12797:12797 [1] NCCL INFO NET/IB : Using [0]mlx4_0:1/IB [RO]; OOB ib0:192.168.44.157<0>
c198-071:12797:12797 [1] NCCL INFO Using network IB
c198-011:8659:8710 [0] NCCL INFO Setting affinity for GPU 0 to 0f000f
c198-011:8660:8719 [1] NCCL INFO Setting affinity for GPU 1 to f000f0
c198-011:8661:8717 [2] NCCL INFO Setting affinity for GPU 2 to 0f000f00
c198-011:8662:8715 [3] NCCL INFO Setting affinity for GPU 3 to f000f000
c198-062:21431:21483 [3] NCCL INFO Setting affinity for GPU 3 to f000f000
c198-012:6026:6081 [3] NCCL INFO Setting affinity for GPU 3 to f000f000
c198-061:2823:2877 [3] NCCL INFO Setting affinity for GPU 3 to f000f000
c198-052:10297:10348 [3] NCCL INFO Setting affinity for GPU 3 to f000f000
c198-032:12129:12181 [3] NCCL INFO Setting affinity for GPU 3 to f000f000
c198-031:18268:18320 [3] NCCL INFO Setting affinity for GPU 3 to f000f000
c198-072:6418:6471 [3] NCCL INFO Setting affinity for GPU 3 to f000f000
c199-071:26479:26530 [3] NCCL INFO Setting affinity for GPU 3 to f000f000
c198-042:1476:1535 [3] NCCL INFO Setting affinity for GPU 3 to f000f000
c199-072:4984:5036 [3] NCCL INFO Setting affinity for GPU 3 to f000f000
c198-051:12184:12239 [3] NCCL INFO Setting affinity for GPU 3 to f000f000
c198-022:8145:8198 [3] NCCL INFO Setting affinity for GPU 3 to f000f000
c198-021:17899:17952 [3] NCCL INFO Setting affinity for GPU 3 to f000f000
c198-071:12799:12853 [3] NCCL INFO Setting affinity for GPU 3 to f000f000
c198-041:31636:31688 [3] NCCL INFO Setting affinity for GPU 3 to f000f000
c198-061:2822:2876 [2] NCCL INFO Setting affinity for GPU 2 to 0f000f00
c198-051:12181:12240 [0] NCCL INFO Setting affinity for GPU 0 to 0f000f
c198-071:12797:12857 [1] NCCL INFO Setting affinity for GPU 1 to f000f0
c198-072:6416:6475 [1] NCCL INFO Setting affinity for GPU 1 to f000f0
c199-071:26478:26531 [2] NCCL INFO Setting affinity for GPU 2 to 0f000f00
c198-051:12183:12236 [2] NCCL INFO Setting affinity for GPU 2 to 0f000f00
c198-072:6417:6472 [2] NCCL INFO Setting affinity for GPU 2 to 0f000f00
c198-032:12126:12185 [0] NCCL INFO Setting affinity for GPU 0 to 0f000f
c198-041:31633:31692 [0] NCCL INFO Setting affinity for GPU 0 to 0f000f
c198-072:6415:6476 [0] NCCL INFO Setting affinity for GPU 0 to 0f000f
c198-051:12182:12235 [1] NCCL INFO Setting affinity for GPU 1 to f000f0
c198-061:2821:2880 [1] NCCL INFO Setting affinity for GPU 1 to f000f0
c198-032:12127:12184 [1] NCCL INFO Setting affinity for GPU 1 to f000f0
c198-032:12128:12180 [2] NCCL INFO Setting affinity for GPU 2 to 0f000f00
c198-031:18267:18319 [2] NCCL INFO Setting affinity for GPU 2 to 0f000f00
c198-061:2820:2881 [0] NCCL INFO Setting affinity for GPU 0 to 0f000f
c198-052:10294:10352 [0] NCCL INFO Setting affinity for GPU 0 to 0f000f
c198-062:21430:21482 [2] NCCL INFO Setting affinity for GPU 2 to 0f000f00
c198-071:12796:12856 [0] NCCL INFO Setting affinity for GPU 0 to 0f000f
c198-071:12798:12852 [2] NCCL INFO Setting affinity for GPU 2 to 0f000f00
c198-052:10296:10349 [2] NCCL INFO Setting affinity for GPU 2 to 0f000f00
c199-071:26476:26535 [0] NCCL INFO Setting affinity for GPU 0 to 0f000f
c198-042:1473:1533 [0] NCCL INFO Setting affinity for GPU 0 to 0f000f
c198-041:31634:31690 [1] NCCL INFO Setting affinity for GPU 1 to f000f0
c198-042:1474:1530 [1] NCCL INFO Setting affinity for GPU 1 to f000f0
c198-042:1475:1536 [2] NCCL INFO Setting affinity for GPU 2 to 0f000f00
c198-041:31635:31686 [2] NCCL INFO Setting affinity for GPU 2 to 0f000f00
c198-022:8142:8203 [0] NCCL INFO Setting affinity for GPU 0 to 0f000f
c198-031:18265:18324 [0] NCCL INFO Setting affinity for GPU 0 to 0f000f
c198-031:18266:18323 [1] NCCL INFO Setting affinity for GPU 1 to f000f0
c199-072:4981:5039 [0] NCCL INFO Setting affinity for GPU 0 to 0f000f
c199-071:26477:26534 [1] NCCL INFO Setting affinity for GPU 1 to f000f0
c198-062:21428:21487 [0] NCCL INFO Setting affinity for GPU 0 to 0f000f
c198-021:17896:17955 [0] NCCL INFO Setting affinity for GPU 0 to 0f000f
c198-062:21429:21486 [1] NCCL INFO Setting affinity for GPU 1 to f000f0
c198-021:17898:17950 [2] NCCL INFO Setting affinity for GPU 2 to 0f000f00
c199-072:4983:5034 [2] NCCL INFO Setting affinity for GPU 2 to 0f000f00
c198-021:17897:17953 [1] NCCL INFO Setting affinity for GPU 1 to f000f0
c198-012:6023:6078 [0] NCCL INFO Setting affinity for GPU 0 to 0f000f
c198-012:6024:6083 [1] NCCL INFO Setting affinity for GPU 1 to f000f0
c198-022:8143:8202 [1] NCCL INFO Setting affinity for GPU 1 to f000f0
c198-022:8144:8199 [2] NCCL INFO Setting affinity for GPU 2 to 0f000f00
c198-052:10295:10353 [1] NCCL INFO Setting affinity for GPU 1 to f000f0
c199-072:4982:5040 [1] NCCL INFO Setting affinity for GPU 1 to f000f0
c198-012:6025:6080 [2] NCCL INFO Setting affinity for GPU 2 to 0f000f00
c198-061:2822:2876 [2] NCCL INFO Trees [0] 43/-1/-1->42->41 [1] 43/-1/-1->42->41
c198-062:21428:21487 [0] NCCL INFO Trees [0] 45/-1/-1->44->40 [1] 45/36/-1->44->29
c198-011:8659:8710 [0] NCCL INFO Channel 00/02 :    0   1   2   3   4   5   6   7   8   9  10  11  12  13  14  15  16  17  18  19
c198-011:8659:8710 [0] NCCL INFO Channel 01/02 :    0   1   2   3   4   5   6   7   8   9  10  11  12  13  14  15  16  17  18  19
c198-012:6023:6078 [0] NCCL INFO Trees [0] 5/-1/-1->4->9 [1] 5/0/-1->4->12
c198-021:17897:17953 [1] NCCL INFO Trees [0] 10/4/-1->9->8 [1] 10/-1/-1->9->8
c198-031:18267:18319 [2] NCCL INFO Trees [0] 19/-1/-1->18->17 [1] 19/-1/-1->18->17
c198-061:2823:2877 [3] NCCL INFO Trees [0] -1/-1/-1->43->42 [1] -1/-1/-1->43->42
c198-032:12128:12180 [2] NCCL INFO Trees [0] 23/-1/-1->22->21 [1] 23/-1/-1->22->21
c199-071:26478:26531 [2] NCCL INFO Trees [0] 59/-1/-1->58->57 [1] 59/-1/-1->58->57
c198-042:1476:1535 [3] NCCL INFO Trees [0] -1/-1/-1->31->30 [1] -1/-1/-1->31->30
c198-052:10297:10348 [3] NCCL INFO Trees [0] -1/-1/-1->39->38 [1] -1/-1/-1->39->38
c199-072:4981:5039 [0] NCCL INFO Trees [0] 61/-1/-1->60->56 [1] 61/28/-1->60->-1
c198-011:8660:8719 [1] NCCL INFO Trees [0] 2/-1/-1->1->0 [1] 2/-1/-1->1->0
c198-012:6024:6083 [1] NCCL INFO Trees [0] 6/-1/-1->5->4 [1] 6/8/-1->5->4
c198-021:17898:17950 [2] NCCL INFO Trees [0] 11/-1/-1->10->9 [1] 11/-1/-1->10->9
c198-031:18268:18320 [3] NCCL INFO Trees [0] -1/-1/-1->19->18 [1] -1/-1/-1->19->18
c198-061:2821:2880 [1] NCCL INFO Trees [0] 42/36/-1->41->40 [1] 42/-1/-1->41->40
c198-051:12181:12240 [0] NCCL INFO Trees [0] 33/48/-1->32->0 [1] 33/-1/-1->32->36
c198-041:31633:31692 [0] NCCL INFO Trees [0] 25/28/-1->24->16 [1] 25/-1/-1->24->21
c198-022:8144:8199 [2] NCCL INFO Trees [0] 15/-1/-1->14->13 [1] 15/-1/-1->14->13
c198-072:6417:6472 [2] NCCL INFO Trees [0] 55/-1/-1->54->53 [1] 55/-1/-1->54->53
c198-032:12129:12181 [3] NCCL INFO Trees [0] -1/-1/-1->23->22 [1] -1/-1/-1->23->22
c199-071:26479:26530 [3] NCCL INFO Trees [0] -1/-1/-1->59->58 [1] -1/-1/-1->59->58
c198-042:1475:1536 [2] NCCL INFO Trees [0] 31/-1/-1->30->29 [1] 31/-1/-1->30->29
c198-052:10296:10349 [2] NCCL INFO Trees [0] 39/-1/-1->38->37 [1] 39/-1/-1->38->37
c199-072:4984:5036 [3] NCCL INFO Trees [0] -1/-1/-1->63->62 [1] -1/-1/-1->63->62
c198-011:8662:8715 [3] NCCL INFO Trees [0] -1/-1/-1->3->2 [1] -1/-1/-1->3->2
c198-012:6025:6080 [2] NCCL INFO Trees [0] 7/-1/-1->6->5 [1] 7/-1/-1->6->5
c198-021:17899:17952 [3] NCCL INFO Trees [0] -1/-1/-1->11->10 [1] -1/-1/-1->11->10
c198-031:18265:18324 [0] NCCL INFO Trees [0] 17/24/-1->16->33 [1] 17/-1/-1->16->20
c198-061:2820:2881 [0] NCCL INFO Trees [0] 41/44/-1->40->49 [1] 41/-1/-1->40->37
c198-051:12182:12235 [1] NCCL INFO Trees [0] 34/16/-1->33->32 [1] 34/-1/-1->33->32
c198-071:12798:12852 [2] NCCL INFO Trees [0] 51/-1/-1->50->49 [1] 51/-1/-1->50->49
c198-041:31636:31688 [3] NCCL INFO Trees [0] -1/-1/-1->27->26 [1] -1/-1/-1->27->26
c198-022:8143:8202 [1] NCCL INFO Trees [0] 14/-1/-1->13->12 [1] 14/20/-1->13->12
c198-072:6418:6471 [3] NCCL INFO Trees [0] -1/-1/-1->55->54 [1] -1/-1/-1->55->54
c198-032:12126:12185 [0] NCCL INFO Trees [0] 21/-1/-1->20->25 [1] 21/16/-1->20->13
c199-071:26476:26535 [0] NCCL INFO Trees [0] 57/60/-1->56->48 [1] 57/-1/-1->56->53
c198-042:1474:1530 [1] NCCL INFO Trees [0] 30/-1/-1->29->28 [1] 30/44/-1->29->28
c198-052:10295:10353 [1] NCCL INFO Trees [0] 38/-1/-1->37->36 [1] 38/40/-1->37->36
c198-062:21431:21483 [3] NCCL INFO Trees [0] -1/-1/-1->47->46 [1] -1/-1/-1->47->46
c199-072:4983:5034 [2] NCCL INFO Trees [0] 63/-1/-1->62->61 [1] 63/-1/-1->62->61
c198-011:8659:8710 [0] NCCL INFO Trees [0] 1/32/-1->0->-1 [1] 1/-1/-1->0->4
c198-012:6026:6081 [3] NCCL INFO Trees [0] -1/-1/-1->7->6 [1] -1/-1/-1->7->6
c198-021:17896:17955 [0] NCCL INFO Trees [0] 9/12/-1->8->17 [1] 9/-1/-1->8->5
c198-031:18266:18323 [1] NCCL INFO Trees [0] 18/8/-1->17->16 [1] 18/-1/-1->17->16
c198-051:12183:12236 [2] NCCL INFO Trees [0] 35/-1/-1->34->33 [1] 35/-1/-1->34->33
c198-071:12799:12853 [3] NCCL INFO Trees [0] -1/-1/-1->51->50 [1] -1/-1/-1->51->50
c198-041:31635:31686 [2] NCCL INFO Trees [0] 27/-1/-1->26->25 [1] 27/-1/-1->26->25
c198-022:8145:8198 [3] NCCL INFO Trees [0] -1/-1/-1->15->14 [1] -1/-1/-1->15->14
c198-072:6416:6475 [1] NCCL INFO Trees [0] 54/-1/-1->53->52 [1] 54/56/-1->53->52
c198-032:12127:12184 [1] NCCL INFO Trees [0] 22/-1/-1->21->20 [1] 22/24/-1->21->20
c199-071:26477:26534 [1] NCCL INFO Trees [0] 58/52/-1->57->56 [1] 58/-1/-1->57->56
c198-042:1473:1533 [0] NCCL INFO Trees [0] 29/-1/-1->28->24 [1] 29/12/-1->28->60
c198-052:10294:10352 [0] NCCL INFO Trees [0] 37/-1/-1->36->41 [1] 37/32/-1->36->44
c198-062:21430:21482 [2] NCCL INFO Trees [0] 47/-1/-1->46->45 [1] 47/-1/-1->46->45
c199-072:4982:5040 [1] NCCL INFO Trees [0] 62/-1/-1->61->60 [1] 62/-1/-1->61->60
c198-011:8661:8717 [2] NCCL INFO Trees [0] 3/-1/-1->2->1 [1] 3/-1/-1->2->1
c198-051:12184:12239 [3] NCCL INFO Trees [0] -1/-1/-1->35->34 [1] -1/-1/-1->35->34
c198-071:12797:12857 [1] NCCL INFO Trees [0] 50/40/-1->49->48 [1] 50/-1/-1->49->48
c198-041:31634:31690 [1] NCCL INFO Trees [0] 26/20/-1->25->24 [1] 26/-1/-1->25->24
c198-022:8142:8203 [0] NCCL INFO Trees [0] 13/-1/-1->12->8 [1] 13/4/-1->12->28
c198-072:6415:6476 [0] NCCL INFO Trees [0] 53/-1/-1->52->57 [1] 53/48/-1->52->45
c198-062:21429:21486 [1] NCCL INFO Trees [0] 46/-1/-1->45->44 [1] 46/52/-1->45->44
c198-071:12796:12856 [0] NCCL INFO Trees [0] 49/56/-1->48->32 [1] 49/-1/-1->48->52
c198-062:21428:21487 [0] NCCL INFO Channel 00/0 : 43[83000] -> 44[2000] [receive] via NET/IB/0
c198-051:12181:12240 [0] NCCL INFO Channel 00/0 : 31[83000] -> 32[2000] [receive] via NET/IB/0
c198-031:18265:18324 [0] NCCL INFO Channel 00/0 : 15[83000] -> 16[2000] [receive] via NET/IB/0
c198-072:6415:6476 [0] NCCL INFO Channel 00/0 : 51[83000] -> 52[2000] [receive] via NET/IB/0
c198-021:17896:17955 [0] NCCL INFO Channel 00/0 : 7[83000] -> 8[2000] [receive] via NET/IB/0
c198-061:2820:2881 [0] NCCL INFO Channel 00/0 : 39[83000] -> 40[2000] [receive] via NET/IB/0
c198-071:12796:12856 [0] NCCL INFO Channel 00/0 : 47[83000] -> 48[2000] [receive] via NET/IB/0
c198-042:1473:1533 [0] NCCL INFO Channel 00/0 : 27[83000] -> 28[2000] [receive] via NET/IB/0
c198-052:10294:10352 [0] NCCL INFO Channel 00/0 : 35[83000] -> 36[2000] [receive] via NET/IB/0
c199-071:26476:26535 [0] NCCL INFO Channel 00/0 : 55[83000] -> 56[2000] [receive] via NET/IB/0
c198-041:31633:31692 [0] NCCL INFO Channel 00/0 : 23[83000] -> 24[2000] [receive] via NET/IB/0
c199-072:4981:5039 [0] NCCL INFO Channel 00/0 : 59[83000] -> 60[2000] [receive] via NET/IB/0
c198-032:12126:12185 [0] NCCL INFO Channel 00/0 : 19[83000] -> 20[2000] [receive] via NET/IB/0
c198-011:8659:8710 [0] NCCL INFO Channel 00/0 : 63[83000] -> 0[2000] [receive] via NET/IB/0
c198-022:8142:8203 [0] NCCL INFO Channel 00/0 : 11[83000] -> 12[2000] [receive] via NET/IB/0
c198-012:6023:6078 [0] NCCL INFO Channel 00/0 : 3[83000] -> 4[2000] [receive] via NET/IB/0
c198-071:12798:12852 [2] NCCL INFO Channel 00 : 50[82000] -> 51[83000] via direct shared memory
c198-071:12798:12852 [2] NCCL INFO Channel 01 : 50[82000] -> 51[83000] via direct shared memory
c198-011:8661:8717 [2] NCCL INFO Channel 00 : 2[82000] -> 3[83000] via direct shared memory
c198-021:17898:17950 [2] NCCL INFO Channel 00 : 10[82000] -> 11[83000] via direct shared memory
c198-022:8144:8199 [2] NCCL INFO Channel 00 : 14[82000] -> 15[83000] via direct shared memory
c198-031:18267:18319 [2] NCCL INFO Channel 00 : 18[82000] -> 19[83000] via direct shared memory
c198-022:8144:8199 [2] NCCL INFO Channel 01 : 14[82000] -> 15[83000] via direct shared memory
c198-062:21430:21482 [2] NCCL INFO Channel 00 : 46[82000] -> 47[83000] via direct shared memory
c198-011:8661:8717 [2] NCCL INFO Channel 01 : 2[82000] -> 3[83000] via direct shared memory
c198-031:18267:18319 [2] NCCL INFO Channel 01 : 18[82000] -> 19[83000] via direct shared memory
c198-072:6417:6472 [2] NCCL INFO Channel 00 : 54[82000] -> 55[83000] via direct shared memory
c198-032:12128:12180 [2] NCCL INFO Channel 00 : 22[82000] -> 23[83000] via direct shared memory
c198-032:12127:12184 [1] NCCL INFO Channel 00 : 21[3000] -> 22[82000] via direct shared memory
c199-071:26478:26531 [2] NCCL INFO Channel 00 : 58[82000] -> 59[83000] via direct shared memory
c198-062:21430:21482 [2] NCCL INFO Channel 01 : 46[82000] -> 47[83000] via direct shared memory
c198-021:17898:17950 [2] NCCL INFO Channel 01 : 10[82000] -> 11[83000] via direct shared memory
c198-072:6416:6475 [1] NCCL INFO Channel 00 : 53[3000] -> 54[82000] via direct shared memory
c198-032:12128:12180 [2] NCCL INFO Channel 01 : 22[82000] -> 23[83000] via direct shared memory
c198-061:2822:2876 [2] NCCL INFO Channel 00 : 42[82000] -> 43[83000] via direct shared memory
c198-072:6417:6472 [2] NCCL INFO Channel 01 : 54[82000] -> 55[83000] via direct shared memory
c199-071:26478:26531 [2] NCCL INFO Channel 01 : 58[82000] -> 59[83000] via direct shared memory
c199-072:4983:5034 [2] NCCL INFO Channel 00 : 62[82000] -> 63[83000] via direct shared memory
c198-012:6025:6080 [2] NCCL INFO Channel 00 : 6[82000] -> 7[83000] via direct shared memory
c198-051:12183:12236 [2] NCCL INFO Channel 00 : 34[82000] -> 35[83000] via direct shared memory
c198-071:12797:12857 [1] NCCL INFO Channel 00 : 49[3000] -> 50[82000] via direct shared memory
c198-041:31635:31686 [2] NCCL INFO Channel 00 : 26[82000] -> 27[83000] via direct shared memory
c198-032:12127:12184 [1] NCCL INFO Channel 01 : 21[3000] -> 22[82000] via direct shared memory
c198-052:10296:10349 [2] NCCL INFO Channel 00 : 38[82000] -> 39[83000] via direct shared memory
c198-012:6025:6080 [2] NCCL INFO Channel 01 : 6[82000] -> 7[83000] via direct shared memory
c198-061:2821:2880 [1] NCCL INFO Channel 00 : 41[3000] -> 42[82000] via direct shared memory
c198-051:12183:12236 [2] NCCL INFO Channel 01 : 34[82000] -> 35[83000] via direct shared memory
c198-071:12797:12857 [1] NCCL INFO Channel 01 : 49[3000] -> 50[82000] via direct shared memory
c198-041:31635:31686 [2] NCCL INFO Channel 01 : 26[82000] -> 27[83000] via direct shared memory
c198-072:6416:6475 [1] NCCL INFO Channel 01 : 53[3000] -> 54[82000] via direct shared memory
c198-052:10295:10353 [1] NCCL INFO Channel 00 : 37[3000] -> 38[82000] via direct shared memory
c199-072:4983:5034 [2] NCCL INFO Channel 01 : 62[82000] -> 63[83000] via direct shared memory
c198-012:6024:6083 [1] NCCL INFO Channel 00 : 5[3000] -> 6[82000] via direct shared memory
c198-021:17897:17953 [1] NCCL INFO Channel 00 : 9[3000] -> 10[82000] via direct shared memory
c198-061:2822:2876 [2] NCCL INFO Channel 01 : 42[82000] -> 43[83000] via direct shared memory
c198-042:1475:1536 [2] NCCL INFO Channel 00 : 30[82000] -> 31[83000] via direct shared memory
c198-052:10296:10349 [2] NCCL INFO Channel 01 : 38[82000] -> 39[83000] via direct shared memory
c198-012:6024:6083 [1] NCCL INFO Channel 01 : 5[3000] -> 6[82000] via direct shared memory
c198-021:17897:17953 [1] NCCL INFO Channel 01 : 9[3000] -> 10[82000] via direct shared memory
c198-061:2821:2880 [1] NCCL INFO Channel 01 : 41[3000] -> 42[82000] via direct shared memory
c198-042:1474:1530 [1] NCCL INFO Channel 00 : 29[3000] -> 30[82000] via direct shared memory
c198-052:10295:10353 [1] NCCL INFO Channel 01 : 37[3000] -> 38[82000] via direct shared memory
c198-042:1475:1536 [2] NCCL INFO Channel 01 : 30[82000] -> 31[83000] via direct shared memory
c198-011:8660:8719 [1] NCCL INFO Channel 00 : 1[3000] -> 2[82000] via direct shared memory
c198-042:1474:1530 [1] NCCL INFO Channel 01 : 29[3000] -> 30[82000] via direct shared memory
c198-011:8660:8719 [1] NCCL INFO Channel 01 : 1[3000] -> 2[82000] via direct shared memory
c198-071:12799:12853 [3] NCCL INFO Channel 00/0 : 51[83000] -> 52[2000] [send] via NET/IB/0
c198-021:17899:17952 [3] NCCL INFO Channel 00/0 : 11[83000] -> 12[2000] [send] via NET/IB/0
c198-031:18268:18320 [3] NCCL INFO Channel 00/0 : 19[83000] -> 20[2000] [send] via NET/IB/0
c198-072:6418:6471 [3] NCCL INFO Channel 00/0 : 55[83000] -> 56[2000] [send] via NET/IB/0
c198-022:8145:8198 [3] NCCL INFO Channel 00/0 : 15[83000] -> 16[2000] [send] via NET/IB/0
c198-032:12129:12181 [3] NCCL INFO Channel 00/0 : 23[83000] -> 24[2000] [send] via NET/IB/0
c198-012:6026:6081 [3] NCCL INFO Channel 00/0 : 7[83000] -> 8[2000] [send] via NET/IB/0
c198-062:21431:21483 [3] NCCL INFO Channel 00/0 : 47[83000] -> 48[2000] [send] via NET/IB/0
c198-011:8662:8715 [3] NCCL INFO Channel 00/0 : 3[83000] -> 4[2000] [send] via NET/IB/0
c198-061:2823:2877 [3] NCCL INFO Channel 00/0 : 43[83000] -> 44[2000] [send] via NET/IB/0
c198-041:31636:31688 [3] NCCL INFO Channel 00/0 : 27[83000] -> 28[2000] [send] via NET/IB/0
c199-071:26479:26530 [3] NCCL INFO Channel 00/0 : 59[83000] -> 60[2000] [send] via NET/IB/0
c198-051:12184:12239 [3] NCCL INFO Channel 00/0 : 35[83000] -> 36[2000] [send] via NET/IB/0
c199-072:4984:5036 [3] NCCL INFO Channel 00/0 : 63[83000] -> 0[2000] [send] via NET/IB/0
c198-042:1476:1535 [3] NCCL INFO Channel 00/0 : 31[83000] -> 32[2000] [send] via NET/IB/0
c198-052:10297:10348 [3] NCCL INFO Channel 00/0 : 39[83000] -> 40[2000] [send] via NET/IB/0
c198-051:12182:12235 [1] NCCL INFO Channel 00 : 33[3000] -> 34[82000] via direct shared memory
c198-051:12182:12235 [1] NCCL INFO Channel 01 : 33[3000] -> 34[82000] via direct shared memory
c198-031:18266:18323 [1] NCCL INFO Channel 00 : 17[3000] -> 18[82000] via direct shared memory
c198-031:18266:18323 [1] NCCL INFO Channel 01 : 17[3000] -> 18[82000] via direct shared memory
c199-071:26477:26534 [1] NCCL INFO Channel 00 : 57[3000] -> 58[82000] via direct shared memory
c198-062:21429:21486 [1] NCCL INFO Channel 00 : 45[3000] -> 46[82000] via direct shared memory
c198-062:21429:21486 [1] NCCL INFO Channel 01 : 45[3000] -> 46[82000] via direct shared memory
c199-071:26477:26534 [1] NCCL INFO Channel 01 : 57[3000] -> 58[82000] via direct shared memory
c198-022:8143:8202 [1] NCCL INFO Channel 00 : 13[3000] -> 14[82000] via direct shared memory
c198-022:8143:8202 [1] NCCL INFO Channel 01 : 13[3000] -> 14[82000] via direct shared memory
c198-041:31634:31690 [1] NCCL INFO Channel 00 : 25[3000] -> 26[82000] via direct shared memory
c199-072:4982:5040 [1] NCCL INFO Channel 00 : 61[3000] -> 62[82000] via direct shared memory
c198-041:31634:31690 [1] NCCL INFO Channel 01 : 25[3000] -> 26[82000] via direct shared memory
c199-072:4982:5040 [1] NCCL INFO Channel 01 : 61[3000] -> 62[82000] via direct shared memory
c198-051:12181:12240 [0] NCCL INFO Channel 01/0 : 31[83000] -> 32[2000] [receive] via NET/IB/0
c198-062:21428:21487 [0] NCCL INFO Channel 01/0 : 43[83000] -> 44[2000] [receive] via NET/IB/0
c198-051:12181:12240 [0] NCCL INFO Channel 00 : 32[2000] -> 33[3000] via direct shared memory
c198-072:6415:6476 [0] NCCL INFO Channel 01/0 : 51[83000] -> 52[2000] [receive] via NET/IB/0
c198-051:12181:12240 [0] NCCL INFO Channel 01 : 32[2000] -> 33[3000] via direct shared memory
c198-042:1473:1533 [0] NCCL INFO Channel 01/0 : 27[83000] -> 28[2000] [receive] via NET/IB/0
c198-052:10294:10352 [0] NCCL INFO Channel 01/0 : 35[83000] -> 36[2000] [receive] via NET/IB/0
c198-062:21428:21487 [0] NCCL INFO Channel 00 : 44[2000] -> 45[3000] via direct shared memory
c198-071:12796:12856 [0] NCCL INFO Channel 01/0 : 47[83000] -> 48[2000] [receive] via NET/IB/0
c198-072:6415:6476 [0] NCCL INFO Channel 00 : 52[2000] -> 53[3000] via direct shared memory
c198-031:18265:18324 [0] NCCL INFO Channel 01/0 : 15[83000] -> 16[2000] [receive] via NET/IB/0
c198-062:21428:21487 [0] NCCL INFO Channel 01 : 44[2000] -> 45[3000] via direct shared memory
c198-052:10294:10352 [0] NCCL INFO Channel 00 : 36[2000] -> 37[3000] via direct shared memory
c199-072:4981:5039 [0] NCCL INFO Channel 01/0 : 59[83000] -> 60[2000] [receive] via NET/IB/0
c198-042:1473:1533 [0] NCCL INFO Channel 00 : 28[2000] -> 29[3000] via direct shared memory
c198-011:8659:8710 [0] NCCL INFO Channel 01/0 : 63[83000] -> 0[2000] [receive] via NET/IB/0
c198-071:12796:12856 [0] NCCL INFO Channel 00 : 48[2000] -> 49[3000] via direct shared memory
c198-072:6415:6476 [0] NCCL INFO Channel 01 : 52[2000] -> 53[3000] via direct shared memory
c198-052:10294:10352 [0] NCCL INFO Channel 01 : 36[2000] -> 37[3000] via direct shared memory
c198-031:18265:18324 [0] NCCL INFO Channel 00 : 16[2000] -> 17[3000] via direct shared memory
c198-061:2820:2881 [0] NCCL INFO Channel 01/0 : 39[83000] -> 40[2000] [receive] via NET/IB/0
c198-071:12796:12856 [0] NCCL INFO Channel 01 : 48[2000] -> 49[3000] via direct shared memory
c198-042:1473:1533 [0] NCCL INFO Channel 01 : 28[2000] -> 29[3000] via direct shared memory
c199-071:26476:26535 [0] NCCL INFO Channel 01/0 : 55[83000] -> 56[2000] [receive] via NET/IB/0
c199-072:4981:5039 [0] NCCL INFO Channel 00 : 60[2000] -> 61[3000] via direct shared memory
c198-032:12126:12185 [0] NCCL INFO Channel 01/0 : 19[83000] -> 20[2000] [receive] via NET/IB/0
c198-031:18265:18324 [0] NCCL INFO Channel 01 : 16[2000] -> 17[3000] via direct shared memory
c198-021:17896:17955 [0] NCCL INFO Channel 01/0 : 7[83000] -> 8[2000] [receive] via NET/IB/0
c198-011:8659:8710 [0] NCCL INFO Channel 00 : 0[2000] -> 1[3000] via direct shared memory
c198-061:2820:2881 [0] NCCL INFO Channel 00 : 40[2000] -> 41[3000] via direct shared memory
c199-071:26476:26535 [0] NCCL INFO Channel 00 : 56[2000] -> 57[3000] via direct shared memory
c199-072:4981:5039 [0] NCCL INFO Channel 01 : 60[2000] -> 61[3000] via direct shared memory
c198-032:12126:12185 [0] NCCL INFO Channel 00 : 20[2000] -> 21[3000] via direct shared memory
c198-011:8659:8710 [0] NCCL INFO Channel 01 : 0[2000] -> 1[3000] via direct shared memory
c198-061:2820:2881 [0] NCCL INFO Channel 01 : 40[2000] -> 41[3000] via direct shared memory
c198-021:17896:17955 [0] NCCL INFO Channel 00 : 8[2000] -> 9[3000] via direct shared memory
c198-032:12126:12185 [0] NCCL INFO Channel 01 : 20[2000] -> 21[3000] via direct shared memory
c199-071:26476:26535 [0] NCCL INFO Channel 01 : 56[2000] -> 57[3000] via direct shared memory
c198-041:31633:31692 [0] NCCL INFO Channel 01/0 : 23[83000] -> 24[2000] [receive] via NET/IB/0
c198-022:8142:8203 [0] NCCL INFO Channel 01/0 : 11[83000] -> 12[2000] [receive] via NET/IB/0
c198-021:17896:17955 [0] NCCL INFO Channel 01 : 8[2000] -> 9[3000] via direct shared memory
c198-041:31633:31692 [0] NCCL INFO Channel 00 : 24[2000] -> 25[3000] via direct shared memory
c198-022:8142:8203 [0] NCCL INFO Channel 00 : 12[2000] -> 13[3000] via direct shared memory
c198-041:31633:31692 [0] NCCL INFO Channel 01 : 24[2000] -> 25[3000] via direct shared memory
c198-022:8142:8203 [0] NCCL INFO Channel 01 : 12[2000] -> 13[3000] via direct shared memory
