TACC:  Starting up job 6212624 
TACC:  Starting parallel tasks... 
# nThread 1 nGpus 1 minBytes 65536 maxBytes 268435456 step: 2(factor) warmup iters: 5 iters: 60 agg iters: 1 validation: 1 graph: 0
#
# Using devices
#  Rank  0 Group  0 Pid  20496 on   c196-042 device  0 [0x02] Quadro RTX 5000
#  Rank  1 Group  0 Pid  20497 on   c196-042 device  1 [0x03] Quadro RTX 5000
#  Rank  2 Group  0 Pid  20498 on   c196-042 device  2 [0x82] Quadro RTX 5000
#  Rank  3 Group  0 Pid  20499 on   c196-042 device  3 [0x83] Quadro RTX 5000
#  Rank  4 Group  0 Pid   5499 on   c196-051 device  0 [0x02] Quadro RTX 5000
#  Rank  5 Group  0 Pid   5500 on   c196-051 device  1 [0x03] Quadro RTX 5000
#  Rank  6 Group  0 Pid   5501 on   c196-051 device  2 [0x82] Quadro RTX 5000
#  Rank  7 Group  0 Pid   5502 on   c196-051 device  3 [0x83] Quadro RTX 5000
#  Rank  8 Group  0 Pid  19062 on   c198-051 device  0 [0x02] Quadro RTX 5000
#  Rank  9 Group  0 Pid  19063 on   c198-051 device  1 [0x03] Quadro RTX 5000
#  Rank 10 Group  0 Pid  19064 on   c198-051 device  2 [0x82] Quadro RTX 5000
#  Rank 11 Group  0 Pid  19065 on   c198-051 device  3 [0x83] Quadro RTX 5000
#  Rank 12 Group  0 Pid  17091 on   c198-052 device  0 [0x02] Quadro RTX 5000
#  Rank 13 Group  0 Pid  17092 on   c198-052 device  1 [0x03] Quadro RTX 5000
#  Rank 14 Group  0 Pid  17093 on   c198-052 device  2 [0x82] Quadro RTX 5000
#  Rank 15 Group  0 Pid  17094 on   c198-052 device  3 [0x83] Quadro RTX 5000
#  Rank 16 Group  0 Pid   9722 on   c198-061 device  0 [0x02] Quadro RTX 5000
#  Rank 17 Group  0 Pid   9723 on   c198-061 device  1 [0x03] Quadro RTX 5000
#  Rank 18 Group  0 Pid   9724 on   c198-061 device  2 [0x82] Quadro RTX 5000
#  Rank 19 Group  0 Pid   9725 on   c198-061 device  3 [0x83] Quadro RTX 5000
#  Rank 20 Group  0 Pid  28311 on   c198-062 device  0 [0x02] Quadro RTX 5000
#  Rank 21 Group  0 Pid  28312 on   c198-062 device  1 [0x03] Quadro RTX 5000
#  Rank 22 Group  0 Pid  28313 on   c198-062 device  2 [0x82] Quadro RTX 5000
#  Rank 23 Group  0 Pid  28314 on   c198-062 device  3 [0x83] Quadro RTX 5000
#  Rank 24 Group  0 Pid  24113 on   c198-071 device  0 [0x02] Quadro RTX 5000
#  Rank 25 Group  0 Pid  24114 on   c198-071 device  1 [0x03] Quadro RTX 5000
#  Rank 26 Group  0 Pid  24115 on   c198-071 device  2 [0x82] Quadro RTX 5000
#  Rank 27 Group  0 Pid  24116 on   c198-071 device  3 [0x83] Quadro RTX 5000
#  Rank 28 Group  0 Pid  17695 on   c198-072 device  0 [0x02] Quadro RTX 5000
#  Rank 29 Group  0 Pid  17696 on   c198-072 device  1 [0x03] Quadro RTX 5000
#  Rank 30 Group  0 Pid  17697 on   c198-072 device  2 [0x82] Quadro RTX 5000
#  Rank 31 Group  0 Pid  17698 on   c198-072 device  3 [0x83] Quadro RTX 5000
The MSCCL XML file exists: /home1/09168/ldai1/ccl-build/msccl_tools_lyd/examples/xml/xml_lyd/binary_tree/allreduce_binary_tree_4ch_2tree_256chunk_8node_32gpu.xml
c196-042:20496:20496 [0] NCCL INFO Bootstrap : Using ib0:192.168.44.108<0>
c196-042:20496:20496 [0] NCCL INFO NET/Plugin : No plugin found (libnccl-net.so), using internal implementation
c196-042:20496:20496 [0] NCCL INFO NET/IB : Using [0]mlx4_0:1/IB [RO]; OOB ib0:192.168.44.108<0>
c196-042:20496:20496 [0] NCCL INFO Using network IB
NCCL version 2.12.12.MSCCL.0.7.4+cuda11.3
c196-042:20498:20498 [2] NCCL INFO Bootstrap : Using ib0:192.168.44.108<0>
c196-042:20498:20498 [2] NCCL INFO NET/Plugin : No plugin found (libnccl-net.so), using internal implementation
c196-042:20498:20498 [2] NCCL INFO NET/IB : Using [0]mlx4_0:1/IB [RO]; OOB ib0:192.168.44.108<0>
c196-042:20498:20498 [2] NCCL INFO Using network IB
c196-042:20497:20497 [1] NCCL INFO Bootstrap : Using ib0:192.168.44.108<0>
c196-042:20497:20497 [1] NCCL INFO NET/Plugin : No plugin found (libnccl-net.so), using internal implementation
c196-042:20499:20499 [3] NCCL INFO Bootstrap : Using ib0:192.168.44.108<0>
c196-042:20499:20499 [3] NCCL INFO NET/Plugin : No plugin found (libnccl-net.so), using internal implementation
c196-042:20499:20499 [3] NCCL INFO NET/IB : Using [0]mlx4_0:1/IB [RO]; OOB ib0:192.168.44.108<0>
c196-042:20499:20499 [3] NCCL INFO Using network IB
c196-042:20497:20497 [1] NCCL INFO NET/IB : Using [0]mlx4_0:1/IB [RO]; OOB ib0:192.168.44.108<0>
c196-042:20497:20497 [1] NCCL INFO Using network IB
c198-072:17697:17697 [2] NCCL INFO Bootstrap : Using ib0:192.168.44.158<0>
c198-072:17697:17697 [2] NCCL INFO NET/Plugin : No plugin found (libnccl-net.so), using internal implementation
c198-072:17697:17697 [2] NCCL INFO NET/IB : Using [0]mlx4_0:1/IB [RO]; OOB ib0:192.168.44.158<0>
c198-072:17697:17697 [2] NCCL INFO Using network IB
c198-072:17696:17696 [1] NCCL INFO Bootstrap : Using ib0:192.168.44.158<0>
c198-072:17696:17696 [1] NCCL INFO NET/Plugin : No plugin found (libnccl-net.so), using internal implementation
c198-072:17696:17696 [1] NCCL INFO NET/IB : Using [0]mlx4_0:1/IB [RO]; OOB ib0:192.168.44.158<0>
c198-072:17696:17696 [1] NCCL INFO Using network IB
c198-051:19063:19063 [1] NCCL INFO Bootstrap : Using ib0:192.168.44.153<0>
c198-051:19064:19064 [2] NCCL INFO Bootstrap : Using ib0:192.168.44.153<0>
c198-051:19065:19065 [3] NCCL INFO Bootstrap : Using ib0:192.168.44.153<0>
c198-051:19062:19062 [0] NCCL INFO Bootstrap : Using ib0:192.168.44.153<0>
c198-051:19062:19062 [0] NCCL INFO NET/Plugin : No plugin found (libnccl-net.so), using internal implementation
c198-051:19063:19063 [1] NCCL INFO NET/Plugin : No plugin found (libnccl-net.so), using internal implementation
c198-051:19064:19064 [2] NCCL INFO NET/Plugin : No plugin found (libnccl-net.so), using internal implementation
c198-051:19065:19065 [3] NCCL INFO NET/Plugin : No plugin found (libnccl-net.so), using internal implementation
c196-051:5499:5499 [0] NCCL INFO Bootstrap : Using ib0:192.168.44.109<0>
c196-051:5501:5501 [2] NCCL INFO Bootstrap : Using ib0:192.168.44.109<0>
c196-051:5502:5502 [3] NCCL INFO Bootstrap : Using ib0:192.168.44.109<0>
c196-051:5501:5501 [2] NCCL INFO NET/Plugin : No plugin found (libnccl-net.so), using internal implementation
c196-051:5502:5502 [3] NCCL INFO NET/Plugin : No plugin found (libnccl-net.so), using internal implementation
c196-051:5499:5499 [0] NCCL INFO NET/Plugin : No plugin found (libnccl-net.so), using internal implementation
c198-061:9724:9724 [2] NCCL INFO Bootstrap : Using ib0:192.168.44.155<0>
c198-051:19063:19063 [1] NCCL INFO NET/IB : Using [0]mlx4_0:1/IB [RO]; OOB ib0:192.168.44.153<0>
c198-051:19063:19063 [1] NCCL INFO Using network IB
c198-061:9725:9725 [3] NCCL INFO Bootstrap : Using ib0:192.168.44.155<0>
c198-061:9724:9724 [2] NCCL INFO NET/Plugin : No plugin found (libnccl-net.so), using internal implementation
c198-051:19062:19062 [0] NCCL INFO NET/IB : Using [0]mlx4_0:1/IB [RO]; OOB ib0:192.168.44.153<0>
c198-051:19062:19062 [0] NCCL INFO Using network IB
c198-061:9725:9725 [3] NCCL INFO NET/Plugin : No plugin found (libnccl-net.so), using internal implementation
c198-051:19064:19064 [2] NCCL INFO NET/IB : Using [0]mlx4_0:1/IB [RO]; OOB ib0:192.168.44.153<0>
c198-051:19064:19064 [2] NCCL INFO Using network IB
c198-051:19065:19065 [3] NCCL INFO NET/IB : Using [0]mlx4_0:1/IB [RO]; OOB ib0:192.168.44.153<0>
c198-051:19065:19065 [3] NCCL INFO Using network IB
c198-072:17695:17695 [0] NCCL INFO Bootstrap : Using ib0:192.168.44.158<0>
c198-072:17695:17695 [0] NCCL INFO NET/Plugin : No plugin found (libnccl-net.so), using internal implementation
c198-052:17093:17093 [2] NCCL INFO Bootstrap : Using ib0:192.168.44.154<0>
c198-052:17094:17094 [3] NCCL INFO Bootstrap : Using ib0:192.168.44.154<0>
c198-052:17093:17093 [2] NCCL INFO NET/Plugin : No plugin found (libnccl-net.so), using internal implementation
c198-052:17094:17094 [3] NCCL INFO NET/Plugin : No plugin found (libnccl-net.so), using internal implementation
c198-072:17695:17695 [0] NCCL INFO NET/IB : Using [0]mlx4_0:1/IB [RO]; OOB ib0:192.168.44.158<0>
c198-072:17695:17695 [0] NCCL INFO Using network IB
c196-051:5500:5500 [1] NCCL INFO Bootstrap : Using ib0:192.168.44.109<0>
c196-051:5500:5500 [1] NCCL INFO NET/Plugin : No plugin found (libnccl-net.so), using internal implementation
c198-061:9725:9725 [3] NCCL INFO NET/IB : Using [0]mlx4_0:1/IB [RO]; OOB ib0:192.168.44.155<0>
c198-061:9725:9725 [3] NCCL INFO Using network IB
c196-051:5499:5499 [0] NCCL INFO NET/IB : Using [0]mlx4_0:1/IB [RO]; OOB ib0:192.168.44.109<0>
c196-051:5499:5499 [0] NCCL INFO Using network IB
c198-061:9724:9724 [2] NCCL INFO NET/IB : Using [0]mlx4_0:1/IB [RO]; OOB ib0:192.168.44.155<0>
c198-061:9724:9724 [2] NCCL INFO Using network IB
c196-051:5502:5502 [3] NCCL INFO NET/IB : Using [0]mlx4_0:1/IB [RO]; OOB ib0:192.168.44.109<0>
c196-051:5502:5502 [3] NCCL INFO Using network IB
c196-051:5501:5501 [2] NCCL INFO NET/IB : Using [0]mlx4_0:1/IB [RO]; OOB ib0:192.168.44.109<0>
c196-051:5501:5501 [2] NCCL INFO Using network IB
c196-051:5500:5500 [1] NCCL INFO NET/IB : Using [0]mlx4_0:1/IB [RO]; OOB ib0:192.168.44.109<0>
c196-051:5500:5500 [1] NCCL INFO Using network IB
c198-071:24115:24115 [2] NCCL INFO Bootstrap : Using ib0:192.168.44.157<0>
c198-071:24115:24115 [2] NCCL INFO NET/Plugin : No plugin found (libnccl-net.so), using internal implementation
c198-061:9723:9723 [1] NCCL INFO Bootstrap : Using ib0:192.168.44.155<0>
c198-061:9723:9723 [1] NCCL INFO NET/Plugin : No plugin found (libnccl-net.so), using internal implementation
c198-052:17092:17092 [1] NCCL INFO Bootstrap : Using ib0:192.168.44.154<0>
c198-052:17092:17092 [1] NCCL INFO NET/Plugin : No plugin found (libnccl-net.so), using internal implementation
c198-071:24115:24115 [2] NCCL INFO NET/IB : Using [0]mlx4_0:1/IB [RO]; OOB ib0:192.168.44.157<0>
c198-071:24115:24115 [2] NCCL INFO Using network IB
c198-052:17094:17094 [3] NCCL INFO NET/IB : Using [0]mlx4_0:1/IB [RO]; OOB ib0:192.168.44.154<0>
c198-052:17094:17094 [3] NCCL INFO Using network IB
c198-071:24116:24116 [3] NCCL INFO Bootstrap : Using ib0:192.168.44.157<0>
c198-052:17093:17093 [2] NCCL INFO NET/IB : Using [0]mlx4_0:1/IB [RO]; OOB ib0:192.168.44.154<0>
c198-052:17093:17093 [2] NCCL INFO Using network IB
c198-071:24116:24116 [3] NCCL INFO NET/Plugin : No plugin found (libnccl-net.so), using internal implementation
c198-052:17092:17092 [1] NCCL INFO NET/IB : Using [0]mlx4_0:1/IB [RO]; OOB ib0:192.168.44.154<0>
c198-052:17092:17092 [1] NCCL INFO Using network IB
c198-052:17091:17091 [0] NCCL INFO Bootstrap : Using ib0:192.168.44.154<0>
c198-052:17091:17091 [0] NCCL INFO NET/Plugin : No plugin found (libnccl-net.so), using internal implementation
c198-061:9722:9722 [0] NCCL INFO Bootstrap : Using ib0:192.168.44.155<0>
c198-071:24116:24116 [3] NCCL INFO NET/IB : Using [0]mlx4_0:1/IB [RO]; OOB ib0:192.168.44.157<0>
c198-071:24116:24116 [3] NCCL INFO Using network IB
c198-061:9722:9722 [0] NCCL INFO NET/Plugin : No plugin found (libnccl-net.so), using internal implementation
c198-061:9723:9723 [1] NCCL INFO NET/IB : Using [0]mlx4_0:1/IB [RO]; OOB ib0:192.168.44.155<0>
c198-061:9723:9723 [1] NCCL INFO Using network IB
c198-061:9722:9722 [0] NCCL INFO NET/IB : Using [0]mlx4_0:1/IB [RO]; OOB ib0:192.168.44.155<0>
c198-061:9722:9722 [0] NCCL INFO Using network IB
c198-052:17091:17091 [0] NCCL INFO NET/IB : Using [0]mlx4_0:1/IB [RO]; OOB ib0:192.168.44.154<0>
c198-052:17091:17091 [0] NCCL INFO Using network IB
c198-072:17698:17698 [3] NCCL INFO Bootstrap : Using ib0:192.168.44.158<0>
c198-072:17698:17698 [3] NCCL INFO NET/Plugin : No plugin found (libnccl-net.so), using internal implementation
c198-072:17698:17698 [3] NCCL INFO NET/IB : Using [0]mlx4_0:1/IB [RO]; OOB ib0:192.168.44.158<0>
c198-072:17698:17698 [3] NCCL INFO Using network IB
c198-071:24113:24113 [0] NCCL INFO Bootstrap : Using ib0:192.168.44.157<0>
c198-071:24114:24114 [1] NCCL INFO Bootstrap : Using ib0:192.168.44.157<0>
c198-071:24113:24113 [0] NCCL INFO NET/Plugin : No plugin found (libnccl-net.so), using internal implementation
c198-071:24114:24114 [1] NCCL INFO NET/Plugin : No plugin found (libnccl-net.so), using internal implementation
c198-071:24113:24113 [0] NCCL INFO NET/IB : Using [0]mlx4_0:1/IB [RO]; OOB ib0:192.168.44.157<0>
c198-071:24113:24113 [0] NCCL INFO Using network IB
c198-071:24114:24114 [1] NCCL INFO NET/IB : Using [0]mlx4_0:1/IB [RO]; OOB ib0:192.168.44.157<0>
c198-071:24114:24114 [1] NCCL INFO Using network IB
c198-062:28314:28314 [3] NCCL INFO Bootstrap : Using ib0:192.168.44.156<0>
c198-062:28314:28314 [3] NCCL INFO NET/Plugin : No plugin found (libnccl-net.so), using internal implementation
c198-062:28314:28314 [3] NCCL INFO NET/IB : Using [0]mlx4_0:1/IB [RO]; OOB ib0:192.168.44.156<0>
c198-062:28314:28314 [3] NCCL INFO Using network IB
c198-062:28313:28313 [2] NCCL INFO Bootstrap : Using ib0:192.168.44.156<0>
c198-062:28313:28313 [2] NCCL INFO NET/Plugin : No plugin found (libnccl-net.so), using internal implementation
c198-062:28313:28313 [2] NCCL INFO NET/IB : Using [0]mlx4_0:1/IB [RO]; OOB ib0:192.168.44.156<0>
c198-062:28313:28313 [2] NCCL INFO Using network IB
c198-062:28311:28311 [0] NCCL INFO Bootstrap : Using ib0:192.168.44.156<0>
c198-062:28312:28312 [1] NCCL INFO Bootstrap : Using ib0:192.168.44.156<0>
c198-062:28311:28311 [0] NCCL INFO NET/Plugin : No plugin found (libnccl-net.so), using internal implementation
c198-062:28312:28312 [1] NCCL INFO NET/Plugin : No plugin found (libnccl-net.so), using internal implementation
c198-062:28312:28312 [1] NCCL INFO NET/IB : Using [0]mlx4_0:1/IB [RO]; OOB ib0:192.168.44.156<0>
c198-062:28312:28312 [1] NCCL INFO Using network IB
c198-062:28311:28311 [0] NCCL INFO NET/IB : Using [0]mlx4_0:1/IB [RO]; OOB ib0:192.168.44.156<0>
c198-062:28311:28311 [0] NCCL INFO Using network IB
c196-042:20496:20548 [0] NCCL INFO Setting affinity for GPU 0 to 0f000f
c198-051:19065:19121 [3] NCCL INFO Setting affinity for GPU 3 to f000f000
c198-061:9725:9776 [3] NCCL INFO Setting affinity for GPU 3 to f000f000
c198-072:17698:17756 [3] NCCL INFO Setting affinity for GPU 3 to f000f000
c196-051:5502:5556 [3] NCCL INFO Setting affinity for GPU 3 to f000f000
c198-071:24116:24170 [3] NCCL INFO Setting affinity for GPU 3 to f000f000
c198-062:28314:28364 [3] NCCL INFO Setting affinity for GPU 3 to f000f000
c198-052:17094:17145 [3] NCCL INFO Setting affinity for GPU 3 to f000f000
c196-042:20499:20556 [3] NCCL INFO Setting affinity for GPU 3 to f000f000
c196-042:20498:20554 [2] NCCL INFO Setting affinity for GPU 2 to 0f000f00
c196-042:20497:20558 [1] NCCL INFO Setting affinity for GPU 1 to f000f0
c198-051:19064:19119 [2] NCCL INFO Setting affinity for GPU 2 to 0f000f00
c196-051:5499:5554 [0] NCCL INFO Setting affinity for GPU 0 to 0f000f
c196-051:5500:5560 [1] NCCL INFO Setting affinity for GPU 1 to f000f0
c198-052:17091:17150 [0] NCCL INFO Setting affinity for GPU 0 to 0f000f
c196-051:5501:5558 [2] NCCL INFO Setting affinity for GPU 2 to 0f000f00
c198-061:9723:9779 [1] NCCL INFO Setting affinity for GPU 1 to f000f0
c198-062:28311:28370 [0] NCCL INFO Setting affinity for GPU 0 to 0f000f
c198-061:9724:9777 [2] NCCL INFO Setting affinity for GPU 2 to 0f000f00
c198-052:17093:17146 [2] NCCL INFO Setting affinity for GPU 2 to 0f000f00
c198-052:17092:17148 [1] NCCL INFO Setting affinity for GPU 1 to f000f0
c198-072:17696:17752 [1] NCCL INFO Setting affinity for GPU 1 to f000f0
c198-051:19062:19117 [0] NCCL INFO Setting affinity for GPU 0 to 0f000f
c198-062:28312:28369 [1] NCCL INFO Setting affinity for GPU 1 to f000f0
c198-062:28313:28366 [2] NCCL INFO Setting affinity for GPU 2 to 0f000f00
c198-072:17697:17750 [2] NCCL INFO Setting affinity for GPU 2 to 0f000f00
c198-051:19063:19115 [1] NCCL INFO Setting affinity for GPU 1 to f000f0
c198-061:9722:9781 [0] NCCL INFO Setting affinity for GPU 0 to 0f000f
c198-071:24113:24173 [0] NCCL INFO Setting affinity for GPU 0 to 0f000f
c198-072:17695:17754 [0] NCCL INFO Setting affinity for GPU 0 to 0f000f
c198-071:24114:24174 [1] NCCL INFO Setting affinity for GPU 1 to f000f0
c198-071:24115:24168 [2] NCCL INFO Setting affinity for GPU 2 to 0f000f00
c198-071:24115:24168 [2] NCCL INFO Trees [0] 27/-1/-1->26->25 [1] 27/-1/-1->26->25
c198-071:24116:24170 [3] NCCL INFO Trees [0] -1/-1/-1->27->26 [1] -1/-1/-1->27->26
c198-071:24113:24173 [0] NCCL INFO Trees [0] 25/28/-1->24->16 [1] 25/-1/-1->24->21
c198-062:28313:28366 [2] NCCL INFO Trees [0] 23/-1/-1->22->21 [1] 23/-1/-1->22->21
c196-042:20497:20558 [1] NCCL INFO Trees [0] 2/-1/-1->1->0 [1] 2/-1/-1->1->0
c198-062:28314:28364 [3] NCCL INFO Trees [0] -1/-1/-1->23->22 [1] -1/-1/-1->23->22
c196-051:5501:5558 [2] NCCL INFO Trees [0] 7/-1/-1->6->5 [1] 7/-1/-1->6->5
c198-051:19064:19119 [2] NCCL INFO Trees [0] 11/-1/-1->10->9 [1] 11/-1/-1->10->9
c198-072:17695:17754 [0] NCCL INFO Trees [0] 29/-1/-1->28->24 [1] 29/12/-1->28->-1
c198-061:9723:9779 [1] NCCL INFO Trees [0] 18/8/-1->17->16 [1] 18/-1/-1->17->16
c196-042:20498:20554 [2] NCCL INFO Trees [0] 3/-1/-1->2->1 [1] 3/-1/-1->2->1
c198-071:24114:24174 [1] NCCL INFO Trees [0] 26/20/-1->25->24 [1] 26/-1/-1->25->24
c198-062:28311:28370 [0] NCCL INFO Trees [0] 21/-1/-1->20->25 [1] 21/16/-1->20->13
c196-051:5502:5556 [3] NCCL INFO Trees [0] -1/-1/-1->7->6 [1] -1/-1/-1->7->6
c198-051:19065:19121 [3] NCCL INFO Trees [0] -1/-1/-1->11->10 [1] -1/-1/-1->11->10
c198-072:17696:17752 [1] NCCL INFO Trees [0] 30/-1/-1->29->28 [1] 30/-1/-1->29->28
c198-061:9724:9777 [2] NCCL INFO Trees [0] 19/-1/-1->18->17 [1] 19/-1/-1->18->17
c198-052:17091:17150 [0] NCCL INFO Trees [0] 13/-1/-1->12->8 [1] 13/4/-1->12->28
c196-042:20496:20548 [0] NCCL INFO Channel 00/02 :    0   1   2   3   4   5   6   7   8   9  10  11  12  13  14  15  16  17  18  19
c198-062:28312:28369 [1] NCCL INFO Trees [0] 22/-1/-1->21->20 [1] 22/24/-1->21->20
c196-051:5499:5554 [0] NCCL INFO Trees [0] 5/-1/-1->4->9 [1] 5/0/-1->4->12
c198-051:19062:19117 [0] NCCL INFO Trees [0] 9/12/-1->8->17 [1] 9/-1/-1->8->5
c198-072:17697:17750 [2] NCCL INFO Trees [0] 31/-1/-1->30->29 [1] 31/-1/-1->30->29
c198-061:9725:9776 [3] NCCL INFO Trees [0] -1/-1/-1->19->18 [1] -1/-1/-1->19->18
c198-052:17092:17148 [1] NCCL INFO Trees [0] 14/-1/-1->13->12 [1] 14/20/-1->13->12
c196-042:20496:20548 [0] NCCL INFO Channel 01/02 :    0   1   2   3   4   5   6   7   8   9  10  11  12  13  14  15  16  17  18  19
c196-051:5500:5560 [1] NCCL INFO Trees [0] 6/-1/-1->5->4 [1] 6/8/-1->5->4
c198-051:19063:19115 [1] NCCL INFO Trees [0] 10/4/-1->9->8 [1] 10/-1/-1->9->8
c198-072:17698:17756 [3] NCCL INFO Trees [0] -1/-1/-1->31->30 [1] -1/-1/-1->31->30
c198-061:9722:9781 [0] NCCL INFO Trees [0] 17/24/-1->16->0 [1] 17/-1/-1->16->20
c198-052:17093:17146 [2] NCCL INFO Trees [0] 15/-1/-1->14->13 [1] 15/-1/-1->14->13
c196-042:20496:20548 [0] NCCL INFO Trees [0] 1/16/-1->0->-1 [1] 1/-1/-1->0->4
c198-052:17094:17145 [3] NCCL INFO Trees [0] -1/-1/-1->15->14 [1] -1/-1/-1->15->14
c196-042:20499:20556 [3] NCCL INFO Trees [0] -1/-1/-1->3->2 [1] -1/-1/-1->3->2
c198-071:24113:24173 [0] NCCL INFO Channel 00/0 : 23[83000] -> 24[2000] [receive] via NET/IB/0
c198-072:17695:17754 [0] NCCL INFO Channel 00/0 : 27[83000] -> 28[2000] [receive] via NET/IB/0
c198-062:28311:28370 [0] NCCL INFO Channel 00/0 : 19[83000] -> 20[2000] [receive] via NET/IB/0
c196-051:5499:5554 [0] NCCL INFO Channel 00/0 : 3[83000] -> 4[2000] [receive] via NET/IB/0
c198-052:17091:17150 [0] NCCL INFO Channel 00/0 : 11[83000] -> 12[2000] [receive] via NET/IB/0
c196-042:20496:20548 [0] NCCL INFO Channel 00/0 : 31[83000] -> 0[2000] [receive] via NET/IB/0
c198-051:19062:19117 [0] NCCL INFO Channel 00/0 : 7[83000] -> 8[2000] [receive] via NET/IB/0
c198-061:9722:9781 [0] NCCL INFO Channel 00/0 : 15[83000] -> 16[2000] [receive] via NET/IB/0
c196-042:20498:20554 [2] NCCL INFO Channel 00 : 2[82000] -> 3[83000] via direct shared memory
c198-062:28313:28366 [2] NCCL INFO Channel 00 : 22[82000] -> 23[83000] via direct shared memory
c196-051:5501:5558 [2] NCCL INFO Channel 00 : 6[82000] -> 7[83000] via direct shared memory
c198-071:24115:24168 [2] NCCL INFO Channel 00 : 26[82000] -> 27[83000] via direct shared memory
c198-062:28313:28366 [2] NCCL INFO Channel 01 : 22[82000] -> 23[83000] via direct shared memory
c196-051:5501:5558 [2] NCCL INFO Channel 01 : 6[82000] -> 7[83000] via direct shared memory
c196-042:20498:20554 [2] NCCL INFO Channel 01 : 2[82000] -> 3[83000] via direct shared memory
c198-071:24114:24174 [1] NCCL INFO Channel 00 : 25[3000] -> 26[82000] via direct shared memory
c198-071:24115:24168 [2] NCCL INFO Channel 01 : 26[82000] -> 27[83000] via direct shared memory
c198-061:9724:9777 [2] NCCL INFO Channel 00 : 18[82000] -> 19[83000] via direct shared memory
c198-071:24114:24174 [1] NCCL INFO Channel 01 : 25[3000] -> 26[82000] via direct shared memory
c198-061:9724:9777 [2] NCCL INFO Channel 01 : 18[82000] -> 19[83000] via direct shared memory
c198-072:17697:17750 [2] NCCL INFO Channel 00 : 30[82000] -> 31[83000] via direct shared memory
c198-072:17696:17752 [1] NCCL INFO Channel 00 : 29[3000] -> 30[82000] via direct shared memory
c198-072:17697:17750 [2] NCCL INFO Channel 01 : 30[82000] -> 31[83000] via direct shared memory
c196-042:20497:20558 [1] NCCL INFO Channel 00 : 1[3000] -> 2[82000] via direct shared memory
c196-051:5500:5560 [1] NCCL INFO Channel 00 : 5[3000] -> 6[82000] via direct shared memory
c198-062:28312:28369 [1] NCCL INFO Channel 00 : 21[3000] -> 22[82000] via direct shared memory
c198-051:19064:19119 [2] NCCL INFO Channel 00 : 10[82000] -> 11[83000] via direct shared memory
c198-072:17696:17752 [1] NCCL INFO Channel 01 : 29[3000] -> 30[82000] via direct shared memory
c198-052:17093:17146 [2] NCCL INFO Channel 00 : 14[82000] -> 15[83000] via direct shared memory
c196-042:20497:20558 [1] NCCL INFO Channel 01 : 1[3000] -> 2[82000] via direct shared memory
c198-062:28312:28369 [1] NCCL INFO Channel 01 : 21[3000] -> 22[82000] via direct shared memory
c196-051:5500:5560 [1] NCCL INFO Channel 01 : 5[3000] -> 6[82000] via direct shared memory
c198-051:19063:19115 [1] NCCL INFO Channel 00 : 9[3000] -> 10[82000] via direct shared memory
c198-052:17092:17148 [1] NCCL INFO Channel 00 : 13[3000] -> 14[82000] via direct shared memory
c198-052:17093:17146 [2] NCCL INFO Channel 01 : 14[82000] -> 15[83000] via direct shared memory
c198-051:19064:19119 [2] NCCL INFO Channel 01 : 10[82000] -> 11[83000] via direct shared memory
c198-051:19063:19115 [1] NCCL INFO Channel 01 : 9[3000] -> 10[82000] via direct shared memory
c198-061:9723:9779 [1] NCCL INFO Channel 00 : 17[3000] -> 18[82000] via direct shared memory
c198-052:17092:17148 [1] NCCL INFO Channel 01 : 13[3000] -> 14[82000] via direct shared memory
c198-061:9723:9779 [1] NCCL INFO Channel 01 : 17[3000] -> 18[82000] via direct shared memory
c198-071:24116:24170 [3] NCCL INFO Channel 00/0 : 27[83000] -> 28[2000] [send] via NET/IB/0
c198-062:28314:28364 [3] NCCL INFO Channel 00/0 : 23[83000] -> 24[2000] [send] via NET/IB/0
c196-051:5502:5556 [3] NCCL INFO Channel 00/0 : 7[83000] -> 8[2000] [send] via NET/IB/0
c196-042:20499:20556 [3] NCCL INFO Channel 00/0 : 3[83000] -> 4[2000] [send] via NET/IB/0
c198-061:9725:9776 [3] NCCL INFO Channel 00/0 : 19[83000] -> 20[2000] [send] via NET/IB/0
c198-072:17698:17756 [3] NCCL INFO Channel 00/0 : 31[83000] -> 0[2000] [send] via NET/IB/0
c198-052:17094:17145 [3] NCCL INFO Channel 00/0 : 15[83000] -> 16[2000] [send] via NET/IB/0
c198-051:19065:19121 [3] NCCL INFO Channel 00/0 : 11[83000] -> 12[2000] [send] via NET/IB/0
c198-071:24113:24173 [0] NCCL INFO Channel 01/0 : 23[83000] -> 24[2000] [receive] via NET/IB/0
c198-071:24113:24173 [0] NCCL INFO Channel 00 : 24[2000] -> 25[3000] via direct shared memory
c198-071:24113:24173 [0] NCCL INFO Channel 01 : 24[2000] -> 25[3000] via direct shared memory
c196-051:5499:5554 [0] NCCL INFO Channel 01/0 : 3[83000] -> 4[2000] [receive] via NET/IB/0
c198-072:17695:17754 [0] NCCL INFO Channel 01/0 : 27[83000] -> 28[2000] [receive] via NET/IB/0
c198-051:19062:19117 [0] NCCL INFO Channel 01/0 : 7[83000] -> 8[2000] [receive] via NET/IB/0
c196-051:5499:5554 [0] NCCL INFO Channel 00 : 4[2000] -> 5[3000] via direct shared memory
c198-061:9722:9781 [0] NCCL INFO Channel 01/0 : 15[83000] -> 16[2000] [receive] via NET/IB/0
c196-051:5499:5554 [0] NCCL INFO Channel 01 : 4[2000] -> 5[3000] via direct shared memory
c198-051:19062:19117 [0] NCCL INFO Channel 00 : 8[2000] -> 9[3000] via direct shared memory
c198-072:17695:17754 [0] NCCL INFO Channel 00 : 28[2000] -> 29[3000] via direct shared memory
c198-061:9722:9781 [0] NCCL INFO Channel 00 : 16[2000] -> 17[3000] via direct shared memory
c198-072:17695:17754 [0] NCCL INFO Channel 01 : 28[2000] -> 29[3000] via direct shared memory
c198-051:19062:19117 [0] NCCL INFO Channel 01 : 8[2000] -> 9[3000] via direct shared memory
c196-042:20496:20548 [0] NCCL INFO Channel 01/0 : 31[83000] -> 0[2000] [receive] via NET/IB/0
c198-062:28311:28370 [0] NCCL INFO Channel 01/0 : 19[83000] -> 20[2000] [receive] via NET/IB/0
c198-061:9722:9781 [0] NCCL INFO Channel 01 : 16[2000] -> 17[3000] via direct shared memory
c198-052:17091:17150 [0] NCCL INFO Channel 01/0 : 11[83000] -> 12[2000] [receive] via NET/IB/0
c198-062:28311:28370 [0] NCCL INFO Channel 00 : 20[2000] -> 21[3000] via direct shared memory
c196-042:20496:20548 [0] NCCL INFO Channel 00 : 0[2000] -> 1[3000] via direct shared memory
c198-052:17091:17150 [0] NCCL INFO Channel 00 : 12[2000] -> 13[3000] via direct shared memory
c196-042:20496:20548 [0] NCCL INFO Channel 01 : 0[2000] -> 1[3000] via direct shared memory
c198-062:28311:28370 [0] NCCL INFO Channel 01 : 20[2000] -> 21[3000] via direct shared memory
c198-052:17091:17150 [0] NCCL INFO Channel 01 : 12[2000] -> 13[3000] via direct shared memory
c198-071:24114:24174 [1] NCCL INFO Connected all rings
c198-051:19063:19115 [1] NCCL INFO Connected all rings
c198-072:17696:17752 [1] NCCL INFO Connected all rings
c198-061:9723:9779 [1] NCCL INFO Connected all rings
c198-062:28312:28369 [1] NCCL INFO Connected all rings
c196-051:5500:5560 [1] NCCL INFO Connected all rings
c198-052:17092:17148 [1] NCCL INFO Connected all rings
c196-042:20497:20558 [1] NCCL INFO Connected all rings
c198-071:24114:24174 [1] NCCL INFO Channel 00/0 : 20[2000] -> 25[3000] [receive] via NET/IB/0
c198-051:19063:19115 [1] NCCL INFO Channel 00/0 : 4[2000] -> 9[3000] [receive] via NET/IB/0
c198-052:17092:17148 [1] NCCL INFO Channel 01/0 : 13[3000] -> 20[2000] [send] via NET/IB/0
c198-062:28312:28369 [1] NCCL INFO Channel 01/0 : 21[3000] -> 24[2000] [send] via NET/IB/0
c198-061:9723:9779 [1] NCCL INFO Channel 00/0 : 8[2000] -> 17[3000] [receive] via NET/IB/0
c196-051:5500:5560 [1] NCCL INFO Channel 01/0 : 5[3000] -> 8[2000] [send] via NET/IB/0
c198-062:28314:28364 [3] NCCL INFO Channel 01/0 : 23[83000] -> 24[2000] [send] via NET/IB/0
c198-071:24116:24170 [3] NCCL INFO Channel 01/0 : 27[83000] -> 28[2000] [send] via NET/IB/0
c196-051:5502:5556 [3] NCCL INFO Channel 01/0 : 7[83000] -> 8[2000] [send] via NET/IB/0
c198-051:19065:19121 [3] NCCL INFO Channel 01/0 : 11[83000] -> 12[2000] [send] via NET/IB/0
c198-072:17698:17756 [3] NCCL INFO Channel 01/0 : 31[83000] -> 0[2000] [send] via NET/IB/0
c198-061:9725:9776 [3] NCCL INFO Channel 01/0 : 19[83000] -> 20[2000] [send] via NET/IB/0
c196-042:20499:20556 [3] NCCL INFO Channel 01/0 : 3[83000] -> 4[2000] [send] via NET/IB/0
c198-052:17094:17145 [3] NCCL INFO Channel 01/0 : 15[83000] -> 16[2000] [send] via NET/IB/0
c198-062:28313:28366 [2] NCCL INFO Connected all rings
c198-071:24115:24168 [2] NCCL INFO Connected all rings
c198-061:9724:9777 [2] NCCL INFO Connected all rings
c196-051:5501:5558 [2] NCCL INFO Connected all rings
c198-072:17697:17750 [2] NCCL INFO Connected all rings
c198-051:19064:19119 [2] NCCL INFO Connected all rings
c196-042:20498:20554 [2] NCCL INFO Connected all rings
c198-052:17093:17146 [2] NCCL INFO Connected all rings
c198-072:17696:17752 [1] NCCL INFO Channel 00 : 29[3000] -> 28[2000] via direct shared memory
c198-072:17696:17752 [1] NCCL INFO Channel 01 : 29[3000] -> 28[2000] via direct shared memory
c196-042:20497:20558 [1] NCCL INFO Channel 00 : 1[3000] -> 0[2000] via direct shared memory
c196-042:20497:20558 [1] NCCL INFO Channel 01 : 1[3000] -> 0[2000] via direct shared memory
c198-071:24116:24170 [3] NCCL INFO Connected all rings
c198-071:24116:24170 [3] NCCL INFO Channel 00 : 27[83000] -> 26[82000] via direct shared memory
c198-071:24116:24170 [3] NCCL INFO Channel 01 : 27[83000] -> 26[82000] via direct shared memory
c198-062:28314:28364 [3] NCCL INFO Connected all rings
c198-062:28314:28364 [3] NCCL INFO Channel 00 : 23[83000] -> 22[82000] via direct shared memory
c198-062:28314:28364 [3] NCCL INFO Channel 01 : 23[83000] -> 22[82000] via direct shared memory
c198-072:17698:17756 [3] NCCL INFO Connected all rings
c198-072:17698:17756 [3] NCCL INFO Channel 00 : 31[83000] -> 30[82000] via direct shared memory
c196-051:5502:5556 [3] NCCL INFO Connected all rings
c196-051:5502:5556 [3] NCCL INFO Channel 00 : 7[83000] -> 6[82000] via direct shared memory
c198-051:19065:19121 [3] NCCL INFO Connected all rings
c198-072:17698:17756 [3] NCCL INFO Channel 01 : 31[83000] -> 30[82000] via direct shared memory
c196-051:5502:5556 [3] NCCL INFO Channel 01 : 7[83000] -> 6[82000] via direct shared memory
c198-051:19065:19121 [3] NCCL INFO Channel 00 : 11[83000] -> 10[82000] via direct shared memory
c198-061:9725:9776 [3] NCCL INFO Connected all rings
c198-061:9725:9776 [3] NCCL INFO Channel 00 : 19[83000] -> 18[82000] via direct shared memory
c196-042:20499:20556 [3] NCCL INFO Connected all rings
c198-051:19065:19121 [3] NCCL INFO Channel 01 : 11[83000] -> 10[82000] via direct shared memory
c198-061:9725:9776 [3] NCCL INFO Channel 01 : 19[83000] -> 18[82000] via direct shared memory
c196-042:20499:20556 [3] NCCL INFO Channel 00 : 3[83000] -> 2[82000] via direct shared memory
c196-042:20499:20556 [3] NCCL INFO Channel 01 : 3[83000] -> 2[82000] via direct shared memory
c198-052:17094:17145 [3] NCCL INFO Connected all rings
c198-052:17094:17145 [3] NCCL INFO Channel 00 : 15[83000] -> 14[82000] via direct shared memory
c198-052:17094:17145 [3] NCCL INFO Channel 01 : 15[83000] -> 14[82000] via direct shared memory
c198-072:17695:17754 [0] NCCL INFO Connected all rings
c198-071:24113:24173 [0] NCCL INFO Connected all rings
c198-052:17091:17150 [0] NCCL INFO Connected all rings
c198-062:28311:28370 [0] NCCL INFO Connected all rings
c198-051:19062:19117 [0] NCCL INFO Connected all rings
c198-061:9722:9781 [0] NCCL INFO Connected all rings
c198-072:17697:17750 [2] NCCL INFO Channel 00 : 30[82000] -> 29[3000] via direct shared memory
c198-072:17697:17750 [2] NCCL INFO Channel 01 : 30[82000] -> 29[3000] via direct shared memory
c198-062:28313:28366 [2] NCCL INFO Channel 00 : 22[82000] -> 21[3000] via direct shared memory
c198-071:24115:24168 [2] NCCL INFO Channel 00 : 26[82000] -> 25[3000] via direct shared memory
c196-051:5501:5558 [2] NCCL INFO Channel 00 : 6[82000] -> 5[3000] via direct shared memory
c196-042:20496:20548 [0] NCCL INFO Connected all rings
c198-071:24115:24168 [2] NCCL INFO Channel 01 : 26[82000] -> 25[3000] via direct shared memory
c198-062:28313:28366 [2] NCCL INFO Channel 01 : 22[82000] -> 21[3000] via direct shared memory
c196-051:5501:5558 [2] NCCL INFO Channel 01 : 6[82000] -> 5[3000] via direct shared memory
c196-051:5499:5554 [0] NCCL INFO Connected all rings
c198-051:19064:19119 [2] NCCL INFO Channel 00 : 10[82000] -> 9[3000] via direct shared memory
c198-051:19064:19119 [2] NCCL INFO Channel 01 : 10[82000] -> 9[3000] via direct shared memory
c196-042:20498:20554 [2] NCCL INFO Channel 00 : 2[82000] -> 1[3000] via direct shared memory
c196-042:20498:20554 [2] NCCL INFO Channel 01 : 2[82000] -> 1[3000] via direct shared memory
c198-061:9724:9777 [2] NCCL INFO Channel 00 : 18[82000] -> 17[3000] via direct shared memory
c198-061:9724:9777 [2] NCCL INFO Channel 01 : 18[82000] -> 17[3000] via direct shared memory
c198-052:17093:17146 [2] NCCL INFO Channel 00 : 14[82000] -> 13[3000] via direct shared memory
c198-052:17093:17146 [2] NCCL INFO Channel 01 : 14[82000] -> 13[3000] via direct shared memory
c198-071:24116:24170 [3] NCCL INFO Connected all trees
c198-071:24116:24170 [3] NCCL INFO MSCCL_XML_FILES set by environment to /home1/09168/ldai1/ccl-build/msccl_tools_lyd/examples/xml/xml_lyd/binary_tree/allreduce_binary_tree_4ch_2tree_256chunk_8node_32gpu.xml
c198-071:24116:24170 [3] NCCL INFO MSCCL: Parsing algorithm /home1/09168/ldai1/ccl-build/msccl_tools_lyd/examples/xml/xml_lyd/binary_tree/allreduce_binary_tree_4ch_2tree_256chunk_8node_32gpu.xml
c198-072:17698:17756 [3] NCCL INFO Connected all trees
c198-072:17698:17756 [3] NCCL INFO MSCCL_XML_FILES set by environment to /home1/09168/ldai1/ccl-build/msccl_tools_lyd/examples/xml/xml_lyd/binary_tree/allreduce_binary_tree_4ch_2tree_256chunk_8node_32gpu.xml
c198-072:17698:17756 [3] NCCL INFO MSCCL: Parsing algorithm /home1/09168/ldai1/ccl-build/msccl_tools_lyd/examples/xml/xml_lyd/binary_tree/allreduce_binary_tree_4ch_2tree_256chunk_8node_32gpu.xml
c196-051:5502:5556 [3] NCCL INFO Connected all trees
c196-051:5502:5556 [3] NCCL INFO MSCCL_XML_FILES set by environment to /home1/09168/ldai1/ccl-build/msccl_tools_lyd/examples/xml/xml_lyd/binary_tree/allreduce_binary_tree_4ch_2tree_256chunk_8node_32gpu.xml
c196-051:5502:5556 [3] NCCL INFO MSCCL: Parsing algorithm /home1/09168/ldai1/ccl-build/msccl_tools_lyd/examples/xml/xml_lyd/binary_tree/allreduce_binary_tree_4ch_2tree_256chunk_8node_32gpu.xml
c198-062:28314:28364 [3] NCCL INFO Connected all trees
c198-062:28314:28364 [3] NCCL INFO MSCCL_XML_FILES set by environment to /home1/09168/ldai1/ccl-build/msccl_tools_lyd/examples/xml/xml_lyd/binary_tree/allreduce_binary_tree_4ch_2tree_256chunk_8node_32gpu.xml
c198-062:28314:28364 [3] NCCL INFO MSCCL: Parsing algorithm /home1/09168/ldai1/ccl-build/msccl_tools_lyd/examples/xml/xml_lyd/binary_tree/allreduce_binary_tree_4ch_2tree_256chunk_8node_32gpu.xml
c198-072:17697:17750 [2] NCCL INFO Connected all trees
c198-072:17697:17750 [2] NCCL INFO MSCCL_XML_FILES set by environment to /home1/09168/ldai1/ccl-build/msccl_tools_lyd/examples/xml/xml_lyd/binary_tree/allreduce_binary_tree_4ch_2tree_256chunk_8node_32gpu.xml
c198-072:17697:17750 [2] NCCL INFO MSCCL: Parsing algorithm /home1/09168/ldai1/ccl-build/msccl_tools_lyd/examples/xml/xml_lyd/binary_tree/allreduce_binary_tree_4ch_2tree_256chunk_8node_32gpu.xml
c198-051:19065:19121 [3] NCCL INFO Connected all trees
c198-051:19065:19121 [3] NCCL INFO MSCCL_XML_FILES set by environment to /home1/09168/ldai1/ccl-build/msccl_tools_lyd/examples/xml/xml_lyd/binary_tree/allreduce_binary_tree_4ch_2tree_256chunk_8node_32gpu.xml
c198-051:19065:19121 [3] NCCL INFO MSCCL: Parsing algorithm /home1/09168/ldai1/ccl-build/msccl_tools_lyd/examples/xml/xml_lyd/binary_tree/allreduce_binary_tree_4ch_2tree_256chunk_8node_32gpu.xml
c198-061:9725:9776 [3] NCCL INFO Connected all trees
c198-061:9725:9776 [3] NCCL INFO MSCCL_XML_FILES set by environment to /home1/09168/ldai1/ccl-build/msccl_tools_lyd/examples/xml/xml_lyd/binary_tree/allreduce_binary_tree_4ch_2tree_256chunk_8node_32gpu.xml
c198-061:9725:9776 [3] NCCL INFO MSCCL: Parsing algorithm /home1/09168/ldai1/ccl-build/msccl_tools_lyd/examples/xml/xml_lyd/binary_tree/allreduce_binary_tree_4ch_2tree_256chunk_8node_32gpu.xml
c196-042:20499:20556 [3] NCCL INFO Connected all trees
c196-042:20499:20556 [3] NCCL INFO MSCCL_XML_FILES set by environment to /home1/09168/ldai1/ccl-build/msccl_tools_lyd/examples/xml/xml_lyd/binary_tree/allreduce_binary_tree_4ch_2tree_256chunk_8node_32gpu.xml
c196-042:20499:20556 [3] NCCL INFO MSCCL: Parsing algorithm /home1/09168/ldai1/ccl-build/msccl_tools_lyd/examples/xml/xml_lyd/binary_tree/allreduce_binary_tree_4ch_2tree_256chunk_8node_32gpu.xml
c198-052:17094:17145 [3] NCCL INFO Connected all trees
c198-052:17094:17145 [3] NCCL INFO MSCCL_XML_FILES set by environment to /home1/09168/ldai1/ccl-build/msccl_tools_lyd/examples/xml/xml_lyd/binary_tree/allreduce_binary_tree_4ch_2tree_256chunk_8node_32gpu.xml
c198-052:17094:17145 [3] NCCL INFO MSCCL: Parsing algorithm /home1/09168/ldai1/ccl-build/msccl_tools_lyd/examples/xml/xml_lyd/binary_tree/allreduce_binary_tree_4ch_2tree_256chunk_8node_32gpu.xml
c196-042:20498:20554 [2] NCCL INFO Connected all trees
c196-042:20498:20554 [2] NCCL INFO MSCCL_XML_FILES set by environment to /home1/09168/ldai1/ccl-build/msccl_tools_lyd/examples/xml/xml_lyd/binary_tree/allreduce_binary_tree_4ch_2tree_256chunk_8node_32gpu.xml
c196-042:20498:20554 [2] NCCL INFO MSCCL: Parsing algorithm /home1/09168/ldai1/ccl-build/msccl_tools_lyd/examples/xml/xml_lyd/binary_tree/allreduce_binary_tree_4ch_2tree_256chunk_8node_32gpu.xml
c198-072:17695:17754 [0] NCCL INFO Channel 00/0 : 24[2000] -> 28[2000] [receive] via NET/IB/0
c198-071:24113:24173 [0] NCCL INFO Channel 01/0 : 21[3000] -> 24[2000] [receive] via NET/IB/0
c198-052:17091:17150 [0] NCCL INFO Channel 00/0 : 8[2000] -> 12[2000] [receive] via NET/IB/0
c198-051:19062:19117 [0] NCCL INFO Channel 01/0 : 5[3000] -> 8[2000] [receive] via NET/IB/0
c198-061:9722:9781 [0] NCCL INFO Channel 01/0 : 16[2000] -> 20[2000] [send] via NET/IB/0
c196-042:20496:20548 [0] NCCL INFO Channel 01/0 : 0[2000] -> 4[2000] [send] via NET/IB/0
c198-062:28311:28370 [0] NCCL INFO Channel 01/0 : 16[2000] -> 20[2000] [receive] via NET/IB/0
c196-051:5499:5554 [0] NCCL INFO Channel 01/0 : 0[2000] -> 4[2000] [receive] via NET/IB/0
c198-071:24113:24173 [0] NCCL INFO Channel 00/0 : 24[2000] -> 28[2000] [send] via NET/IB/0
c198-062:28312:28369 [1] NCCL INFO Channel 01/0 : 24[2000] -> 21[3000] [receive] via NET/IB/0
c196-051:5500:5560 [1] NCCL INFO Channel 01/0 : 8[2000] -> 5[3000] [receive] via NET/IB/0
c198-061:9722:9781 [0] NCCL INFO Channel 00/0 : 16[2000] -> 24[2000] [send] via NET/IB/0
c198-062:28311:28370 [0] NCCL INFO Channel 00/0 : 20[2000] -> 25[3000] [send] via NET/IB/0
c196-051:5499:5554 [0] NCCL INFO Channel 00/0 : 4[2000] -> 9[3000] [send] via NET/IB/0
c198-051:19062:19117 [0] NCCL INFO Channel 00/0 : 8[2000] -> 12[2000] [send] via NET/IB/0
c196-042:20496:20548 [0] NCCL INFO Channel 00/0 : 16[2000] -> 0[2000] [receive] via NET/IB/0
c196-042:20496:20548 [0] NCCL INFO Channel 00/0 : 0[2000] -> 16[2000] [send] via NET/IB/0
c198-071:24113:24173 [0] NCCL INFO Channel 00/0 : 16[2000] -> 24[2000] [receive] via NET/IB/0
c196-051:5499:5554 [0] NCCL INFO Channel 01/0 : 4[2000] -> 12[2000] [send] via NET/IB/0
c198-062:28311:28370 [0] NCCL INFO Channel 01/0 : 13[3000] -> 20[2000] [receive] via NET/IB/0
c198-072:17695:17754 [0] NCCL INFO Channel 01/0 : 12[2000] -> 28[2000] [receive] via NET/IB/0
c198-071:24114:24174 [1] NCCL INFO Channel 00/0 : 25[3000] -> 20[2000] [send] via NET/IB/0
c198-051:19062:19117 [0] NCCL INFO Channel 00/0 : 8[2000] -> 17[3000] [send] via NET/IB/0
c198-051:19063:19115 [1] NCCL INFO Channel 00/0 : 9[3000] -> 4[2000] [send] via NET/IB/0
c198-052:17091:17150 [0] NCCL INFO Channel 01/0 : 4[2000] -> 12[2000] [receive] via NET/IB/0
c198-072:17695:17754 [0] NCCL INFO Channel 01/0 : 28[2000] -> 12[2000] [send] via NET/IB/0
c198-061:9722:9781 [0] NCCL INFO Channel 00/0 : 0[2000] -> 16[2000] [receive] via NET/IB/0
c198-052:17092:17148 [1] NCCL INFO Channel 01/0 : 20[2000] -> 13[3000] [receive] via NET/IB/0
c198-071:24113:24173 [0] NCCL INFO Channel 00/0 : 24[2000] -> 16[2000] [send] via NET/IB/0
c198-051:19062:19117 [0] NCCL INFO Channel 00/0 : 17[3000] -> 8[2000] [receive] via NET/IB/0
c198-062:28311:28370 [0] NCCL INFO Channel 01/0 : 20[2000] -> 13[3000] [send] via NET/IB/0
c196-051:5499:5554 [0] NCCL INFO Channel 01/0 : 12[2000] -> 4[2000] [receive] via NET/IB/0
c198-061:9723:9779 [1] NCCL INFO Channel 00/0 : 17[3000] -> 8[2000] [send] via NET/IB/0
c198-052:17091:17150 [0] NCCL INFO Channel 01/0 : 28[2000] -> 12[2000] [receive] via NET/IB/0
c198-052:17092:17148 [1] NCCL INFO Channel 00 : 13[3000] -> 12[2000] via direct shared memory
c198-052:17092:17148 [1] NCCL INFO Channel 01 : 13[3000] -> 12[2000] via direct shared memory
c198-061:9723:9779 [1] NCCL INFO Channel 00 : 17[3000] -> 16[2000] via direct shared memory
c198-061:9723:9779 [1] NCCL INFO Channel 01 : 17[3000] -> 16[2000] via direct shared memory
c198-052:17093:17146 [2] NCCL INFO Connected all trees
c198-052:17093:17146 [2] NCCL INFO MSCCL_XML_FILES set by environment to /home1/09168/ldai1/ccl-build/msccl_tools_lyd/examples/xml/xml_lyd/binary_tree/allreduce_binary_tree_4ch_2tree_256chunk_8node_32gpu.xml
c198-052:17093:17146 [2] NCCL INFO MSCCL: Parsing algorithm /home1/09168/ldai1/ccl-build/msccl_tools_lyd/examples/xml/xml_lyd/binary_tree/allreduce_binary_tree_4ch_2tree_256chunk_8node_32gpu.xml
c198-061:9724:9777 [2] NCCL INFO Connected all trees
c198-061:9724:9777 [2] NCCL INFO MSCCL_XML_FILES set by environment to /home1/09168/ldai1/ccl-build/msccl_tools_lyd/examples/xml/xml_lyd/binary_tree/allreduce_binary_tree_4ch_2tree_256chunk_8node_32gpu.xml
c198-061:9724:9777 [2] NCCL INFO MSCCL: Parsing algorithm /home1/09168/ldai1/ccl-build/msccl_tools_lyd/examples/xml/xml_lyd/binary_tree/allreduce_binary_tree_4ch_2tree_256chunk_8node_32gpu.xml
c198-061:9722:9781 [0] NCCL INFO Channel 00/0 : 16[2000] -> 0[2000] [send] via NET/IB/0
c198-052:17091:17150 [0] NCCL INFO Channel 01/0 : 12[2000] -> 28[2000] [send] via NET/IB/0
c198-062:28311:28370 [0] NCCL INFO Channel 00/0 : 25[3000] -> 20[2000] [receive] via NET/IB/0
c198-051:19062:19117 [0] NCCL INFO Channel 00/0 : 12[2000] -> 8[2000] [receive] via NET/IB/0
c198-071:24114:24174 [1] NCCL INFO Channel 00 : 25[3000] -> 24[2000] via direct shared memory
c198-071:24114:24174 [1] NCCL INFO Channel 01 : 25[3000] -> 24[2000] via direct shared memory
c198-071:24115:24168 [2] NCCL INFO Connected all trees
c198-071:24115:24168 [2] NCCL INFO MSCCL_XML_FILES set by environment to /home1/09168/ldai1/ccl-build/msccl_tools_lyd/examples/xml/xml_lyd/binary_tree/allreduce_binary_tree_4ch_2tree_256chunk_8node_32gpu.xml
c198-071:24115:24168 [2] NCCL INFO MSCCL: Parsing algorithm /home1/09168/ldai1/ccl-build/msccl_tools_lyd/examples/xml/xml_lyd/binary_tree/allreduce_binary_tree_4ch_2tree_256chunk_8node_32gpu.xml
c198-061:9722:9781 [0] NCCL INFO Channel 00/0 : 24[2000] -> 16[2000] [receive] via NET/IB/0
c198-062:28311:28370 [0] NCCL INFO Channel 01/0 : 20[2000] -> 16[2000] [send] via NET/IB/0
c198-072:17695:17754 [0] NCCL INFO Channel 00/0 : 28[2000] -> 24[2000] [send] via NET/IB/0
c196-042:20496:20548 [0] NCCL INFO Channel 01/0 : 4[2000] -> 0[2000] [receive] via NET/IB/0
c198-052:17091:17150 [0] NCCL INFO Channel 01/0 : 12[2000] -> 4[2000] [send] via NET/IB/0
c198-071:24113:24173 [0] NCCL INFO Channel 00/0 : 28[2000] -> 24[2000] [receive] via NET/IB/0
c198-061:9722:9781 [0] NCCL INFO Channel 01/0 : 20[2000] -> 16[2000] [receive] via NET/IB/0
c198-052:17091:17150 [0] NCCL INFO Channel 00/0 : 12[2000] -> 8[2000] [send] via NET/IB/0
c196-051:5499:5554 [0] NCCL INFO Channel 00/0 : 9[3000] -> 4[2000] [receive] via NET/IB/0
c198-072:17695:17754 [0] NCCL INFO Connected all trees
c198-072:17695:17754 [0] NCCL INFO MSCCL_XML_FILES set by environment to /home1/09168/ldai1/ccl-build/msccl_tools_lyd/examples/xml/xml_lyd/binary_tree/allreduce_binary_tree_4ch_2tree_256chunk_8node_32gpu.xml
c198-072:17695:17754 [0] NCCL INFO MSCCL: Parsing algorithm /home1/09168/ldai1/ccl-build/msccl_tools_lyd/examples/xml/xml_lyd/binary_tree/allreduce_binary_tree_4ch_2tree_256chunk_8node_32gpu.xml
c198-072:17696:17752 [1] NCCL INFO Connected all trees
c198-072:17696:17752 [1] NCCL INFO MSCCL_XML_FILES set by environment to /home1/09168/ldai1/ccl-build/msccl_tools_lyd/examples/xml/xml_lyd/binary_tree/allreduce_binary_tree_4ch_2tree_256chunk_8node_32gpu.xml
c198-072:17696:17752 [1] NCCL INFO MSCCL: Parsing algorithm /home1/09168/ldai1/ccl-build/msccl_tools_lyd/examples/xml/xml_lyd/binary_tree/allreduce_binary_tree_4ch_2tree_256chunk_8node_32gpu.xml
c198-061:9722:9781 [0] NCCL INFO Connected all trees
c198-061:9722:9781 [0] NCCL INFO MSCCL_XML_FILES set by environment to /home1/09168/ldai1/ccl-build/msccl_tools_lyd/examples/xml/xml_lyd/binary_tree/allreduce_binary_tree_4ch_2tree_256chunk_8node_32gpu.xml
c198-061:9722:9781 [0] NCCL INFO MSCCL: Parsing algorithm /home1/09168/ldai1/ccl-build/msccl_tools_lyd/examples/xml/xml_lyd/binary_tree/allreduce_binary_tree_4ch_2tree_256chunk_8node_32gpu.xml
c198-052:17091:17150 [0] NCCL INFO Connected all trees
c198-052:17091:17150 [0] NCCL INFO MSCCL_XML_FILES set by environment to /home1/09168/ldai1/ccl-build/msccl_tools_lyd/examples/xml/xml_lyd/binary_tree/allreduce_binary_tree_4ch_2tree_256chunk_8node_32gpu.xml
c198-052:17091:17150 [0] NCCL INFO MSCCL: Parsing algorithm /home1/09168/ldai1/ccl-build/msccl_tools_lyd/examples/xml/xml_lyd/binary_tree/allreduce_binary_tree_4ch_2tree_256chunk_8node_32gpu.xml
c198-061:9723:9779 [1] NCCL INFO Connected all trees
c198-061:9723:9779 [1] NCCL INFO MSCCL_XML_FILES set by environment to /home1/09168/ldai1/ccl-build/msccl_tools_lyd/examples/xml/xml_lyd/binary_tree/allreduce_binary_tree_4ch_2tree_256chunk_8node_32gpu.xml
c198-061:9723:9779 [1] NCCL INFO MSCCL: Parsing algorithm /home1/09168/ldai1/ccl-build/msccl_tools_lyd/examples/xml/xml_lyd/binary_tree/allreduce_binary_tree_4ch_2tree_256chunk_8node_32gpu.xml
c198-052:17092:17148 [1] NCCL INFO Connected all trees
c198-052:17092:17148 [1] NCCL INFO MSCCL_XML_FILES set by environment to /home1/09168/ldai1/ccl-build/msccl_tools_lyd/examples/xml/xml_lyd/binary_tree/allreduce_binary_tree_4ch_2tree_256chunk_8node_32gpu.xml
c198-052:17092:17148 [1] NCCL INFO MSCCL: Parsing algorithm /home1/09168/ldai1/ccl-build/msccl_tools_lyd/examples/xml/xml_lyd/binary_tree/allreduce_binary_tree_4ch_2tree_256chunk_8node_32gpu.xml
c198-051:19063:19115 [1] NCCL INFO Channel 00 : 9[3000] -> 8[2000] via direct shared memory
c198-051:19063:19115 [1] NCCL INFO Channel 01 : 9[3000] -> 8[2000] via direct shared memory
c198-051:19064:19119 [2] NCCL INFO Connected all trees
c198-051:19064:19119 [2] NCCL INFO MSCCL_XML_FILES set by environment to /home1/09168/ldai1/ccl-build/msccl_tools_lyd/examples/xml/xml_lyd/binary_tree/allreduce_binary_tree_4ch_2tree_256chunk_8node_32gpu.xml
c198-051:19064:19119 [2] NCCL INFO MSCCL: Parsing algorithm /home1/09168/ldai1/ccl-build/msccl_tools_lyd/examples/xml/xml_lyd/binary_tree/allreduce_binary_tree_4ch_2tree_256chunk_8node_32gpu.xml
c198-071:24113:24173 [0] NCCL INFO Channel 01/0 : 24[2000] -> 21[3000] [send] via NET/IB/0
c198-051:19062:19117 [0] NCCL INFO Channel 01/0 : 8[2000] -> 5[3000] [send] via NET/IB/0
c196-051:5499:5554 [0] NCCL INFO Channel 01/0 : 4[2000] -> 0[2000] [send] via NET/IB/0
c196-042:20498:20554 [2] NCCL INFO Parsed MSCCL Algorithm /home1/09168/ldai1/ccl-build/msccl_tools_lyd/examples/xml/xml_lyd/binary_tree/allreduce_binary_tree_4ch_2tree_256chunk_8node_32gpu.xml successfully.
c196-042:20499:20556 [3] NCCL INFO Parsed MSCCL Algorithm /home1/09168/ldai1/ccl-build/msccl_tools_lyd/examples/xml/xml_lyd/binary_tree/allreduce_binary_tree_4ch_2tree_256chunk_8node_32gpu.xml successfully.
c198-071:24113:24173 [0] NCCL INFO Connected all trees
c198-071:24113:24173 [0] NCCL INFO MSCCL_XML_FILES set by environment to /home1/09168/ldai1/ccl-build/msccl_tools_lyd/examples/xml/xml_lyd/binary_tree/allreduce_binary_tree_4ch_2tree_256chunk_8node_32gpu.xml
c198-071:24113:24173 [0] NCCL INFO MSCCL: Parsing algorithm /home1/09168/ldai1/ccl-build/msccl_tools_lyd/examples/xml/xml_lyd/binary_tree/allreduce_binary_tree_4ch_2tree_256chunk_8node_32gpu.xml
c198-071:24114:24174 [1] NCCL INFO Connected all trees
c198-071:24114:24174 [1] NCCL INFO MSCCL_XML_FILES set by environment to /home1/09168/ldai1/ccl-build/msccl_tools_lyd/examples/xml/xml_lyd/binary_tree/allreduce_binary_tree_4ch_2tree_256chunk_8node_32gpu.xml
c198-071:24114:24174 [1] NCCL INFO MSCCL: Parsing algorithm /home1/09168/ldai1/ccl-build/msccl_tools_lyd/examples/xml/xml_lyd/binary_tree/allreduce_binary_tree_4ch_2tree_256chunk_8node_32gpu.xml
c198-062:28312:28369 [1] NCCL INFO Channel 00 : 21[3000] -> 20[2000] via direct shared memory
c198-062:28312:28369 [1] NCCL INFO Channel 01 : 21[3000] -> 20[2000] via direct shared memory
c198-062:28311:28370 [0] NCCL INFO Connected all trees
c198-062:28311:28370 [0] NCCL INFO MSCCL_XML_FILES set by environment to /home1/09168/ldai1/ccl-build/msccl_tools_lyd/examples/xml/xml_lyd/binary_tree/allreduce_binary_tree_4ch_2tree_256chunk_8node_32gpu.xml
c198-062:28311:28370 [0] NCCL INFO MSCCL: Parsing algorithm /home1/09168/ldai1/ccl-build/msccl_tools_lyd/examples/xml/xml_lyd/binary_tree/allreduce_binary_tree_4ch_2tree_256chunk_8node_32gpu.xml
c198-051:19062:19117 [0] NCCL INFO Connected all trees
c198-051:19062:19117 [0] NCCL INFO MSCCL_XML_FILES set by environment to /home1/09168/ldai1/ccl-build/msccl_tools_lyd/examples/xml/xml_lyd/binary_tree/allreduce_binary_tree_4ch_2tree_256chunk_8node_32gpu.xml
c198-051:19062:19117 [0] NCCL INFO MSCCL: Parsing algorithm /home1/09168/ldai1/ccl-build/msccl_tools_lyd/examples/xml/xml_lyd/binary_tree/allreduce_binary_tree_4ch_2tree_256chunk_8node_32gpu.xml
c198-062:28312:28369 [1] NCCL INFO Connected all trees
c198-062:28312:28369 [1] NCCL INFO MSCCL_XML_FILES set by environment to /home1/09168/ldai1/ccl-build/msccl_tools_lyd/examples/xml/xml_lyd/binary_tree/allreduce_binary_tree_4ch_2tree_256chunk_8node_32gpu.xml
c198-062:28312:28369 [1] NCCL INFO MSCCL: Parsing algorithm /home1/09168/ldai1/ccl-build/msccl_tools_lyd/examples/xml/xml_lyd/binary_tree/allreduce_binary_tree_4ch_2tree_256chunk_8node_32gpu.xml
c198-062:28313:28366 [2] NCCL INFO Connected all trees
c198-062:28313:28366 [2] NCCL INFO MSCCL_XML_FILES set by environment to /home1/09168/ldai1/ccl-build/msccl_tools_lyd/examples/xml/xml_lyd/binary_tree/allreduce_binary_tree_4ch_2tree_256chunk_8node_32gpu.xml
c198-062:28313:28366 [2] NCCL INFO MSCCL: Parsing algorithm /home1/09168/ldai1/ccl-build/msccl_tools_lyd/examples/xml/xml_lyd/binary_tree/allreduce_binary_tree_4ch_2tree_256chunk_8node_32gpu.xml
c198-051:19063:19115 [1] NCCL INFO Connected all trees
c198-051:19063:19115 [1] NCCL INFO MSCCL_XML_FILES set by environment to /home1/09168/ldai1/ccl-build/msccl_tools_lyd/examples/xml/xml_lyd/binary_tree/allreduce_binary_tree_4ch_2tree_256chunk_8node_32gpu.xml
