TACC:  Starting up job 6212428 
TACC:  Starting parallel tasks... 
# nThread 1 nGpus 1 minBytes 65536 maxBytes 268435456 step: 2(factor) warmup iters: 5 iters: 60 agg iters: 1 validation: 1 graph: 0
#
# Using devices
#  Rank  0 Group  0 Pid   7589 on   c196-042 device  0 [0x02] Quadro RTX 5000
#  Rank  1 Group  0 Pid   7590 on   c196-042 device  1 [0x03] Quadro RTX 5000
#  Rank  2 Group  0 Pid   7591 on   c196-042 device  2 [0x82] Quadro RTX 5000
#  Rank  3 Group  0 Pid   7592 on   c196-042 device  3 [0x83] Quadro RTX 5000
#  Rank  4 Group  0 Pid  24949 on   c196-051 device  0 [0x02] Quadro RTX 5000
#  Rank  5 Group  0 Pid  24950 on   c196-051 device  1 [0x03] Quadro RTX 5000
#  Rank  6 Group  0 Pid  24951 on   c196-051 device  2 [0x82] Quadro RTX 5000
#  Rank  7 Group  0 Pid  24952 on   c196-051 device  3 [0x83] Quadro RTX 5000
#  Rank  8 Group  0 Pid   3366 on   c198-011 device  0 [0x02] Quadro RTX 5000
#  Rank  9 Group  0 Pid   3367 on   c198-011 device  1 [0x03] Quadro RTX 5000
#  Rank 10 Group  0 Pid   3368 on   c198-011 device  2 [0x82] Quadro RTX 5000
#  Rank 11 Group  0 Pid   3369 on   c198-011 device  3 [0x83] Quadro RTX 5000
#  Rank 12 Group  0 Pid    740 on   c198-012 device  0 [0x02] Quadro RTX 5000
#  Rank 13 Group  0 Pid    741 on   c198-012 device  1 [0x03] Quadro RTX 5000
#  Rank 14 Group  0 Pid    742 on   c198-012 device  2 [0x82] Quadro RTX 5000
#  Rank 15 Group  0 Pid    743 on   c198-012 device  3 [0x83] Quadro RTX 5000
#  Rank 16 Group  0 Pid  12795 on   c198-021 device  0 [0x02] Quadro RTX 5000
#  Rank 17 Group  0 Pid  12796 on   c198-021 device  1 [0x03] Quadro RTX 5000
#  Rank 18 Group  0 Pid  12797 on   c198-021 device  2 [0x82] Quadro RTX 5000
#  Rank 19 Group  0 Pid  12798 on   c198-021 device  3 [0x83] Quadro RTX 5000
#  Rank 20 Group  0 Pid  32465 on   c198-022 device  0 [0x02] Quadro RTX 5000
#  Rank 21 Group  0 Pid  32466 on   c198-022 device  1 [0x03] Quadro RTX 5000
#  Rank 22 Group  0 Pid  32467 on   c198-022 device  2 [0x82] Quadro RTX 5000
#  Rank 23 Group  0 Pid  32468 on   c198-022 device  3 [0x83] Quadro RTX 5000
#  Rank 24 Group  0 Pid  13167 on   c198-031 device  0 [0x02] Quadro RTX 5000
#  Rank 25 Group  0 Pid  13168 on   c198-031 device  1 [0x03] Quadro RTX 5000
#  Rank 26 Group  0 Pid  13169 on   c198-031 device  2 [0x82] Quadro RTX 5000
#  Rank 27 Group  0 Pid  13170 on   c198-031 device  3 [0x83] Quadro RTX 5000
#  Rank 28 Group  0 Pid   7012 on   c198-032 device  0 [0x02] Quadro RTX 5000
#  Rank 29 Group  0 Pid   7013 on   c198-032 device  1 [0x03] Quadro RTX 5000
#  Rank 30 Group  0 Pid   7014 on   c198-032 device  2 [0x82] Quadro RTX 5000
#  Rank 31 Group  0 Pid   7015 on   c198-032 device  3 [0x83] Quadro RTX 5000
#  Rank 32 Group  0 Pid  26522 on   c198-041 device  0 [0x02] Quadro RTX 5000
#  Rank 33 Group  0 Pid  26523 on   c198-041 device  1 [0x03] Quadro RTX 5000
#  Rank 34 Group  0 Pid  26524 on   c198-041 device  2 [0x82] Quadro RTX 5000
#  Rank 35 Group  0 Pid  26525 on   c198-041 device  3 [0x83] Quadro RTX 5000
#  Rank 36 Group  0 Pid  28720 on   c198-042 device  0 [0x02] Quadro RTX 5000
#  Rank 37 Group  0 Pid  28721 on   c198-042 device  1 [0x03] Quadro RTX 5000
#  Rank 38 Group  0 Pid  28722 on   c198-042 device  2 [0x82] Quadro RTX 5000
#  Rank 39 Group  0 Pid  28723 on   c198-042 device  3 [0x83] Quadro RTX 5000
#  Rank 40 Group  0 Pid   7078 on   c198-051 device  0 [0x02] Quadro RTX 5000
#  Rank 41 Group  0 Pid   7079 on   c198-051 device  1 [0x03] Quadro RTX 5000
#  Rank 42 Group  0 Pid   7080 on   c198-051 device  2 [0x82] Quadro RTX 5000
#  Rank 43 Group  0 Pid   7081 on   c198-051 device  3 [0x83] Quadro RTX 5000
#  Rank 44 Group  0 Pid   5209 on   c198-052 device  0 [0x02] Quadro RTX 5000
#  Rank 45 Group  0 Pid   5210 on   c198-052 device  1 [0x03] Quadro RTX 5000
#  Rank 46 Group  0 Pid   5211 on   c198-052 device  2 [0x82] Quadro RTX 5000
#  Rank 47 Group  0 Pid   5212 on   c198-052 device  3 [0x83] Quadro RTX 5000
#  Rank 48 Group  0 Pid  30023 on   c198-061 device  0 [0x02] Quadro RTX 5000
#  Rank 49 Group  0 Pid  30024 on   c198-061 device  1 [0x03] Quadro RTX 5000
#  Rank 50 Group  0 Pid  30025 on   c198-061 device  2 [0x82] Quadro RTX 5000
#  Rank 51 Group  0 Pid  30026 on   c198-061 device  3 [0x83] Quadro RTX 5000
#  Rank 52 Group  0 Pid  16316 on   c198-062 device  0 [0x02] Quadro RTX 5000
#  Rank 53 Group  0 Pid  16317 on   c198-062 device  1 [0x03] Quadro RTX 5000
#  Rank 54 Group  0 Pid  16318 on   c198-062 device  2 [0x82] Quadro RTX 5000
#  Rank 55 Group  0 Pid  16319 on   c198-062 device  3 [0x83] Quadro RTX 5000
#  Rank 56 Group  0 Pid   4900 on   c198-071 device  0 [0x02] Quadro RTX 5000
#  Rank 57 Group  0 Pid   4901 on   c198-071 device  1 [0x03] Quadro RTX 5000
#  Rank 58 Group  0 Pid   4902 on   c198-071 device  2 [0x82] Quadro RTX 5000
#  Rank 59 Group  0 Pid   4903 on   c198-071 device  3 [0x83] Quadro RTX 5000
#  Rank 60 Group  0 Pid  30741 on   c198-072 device  0 [0x02] Quadro RTX 5000
#  Rank 61 Group  0 Pid  30742 on   c198-072 device  1 [0x03] Quadro RTX 5000
#  Rank 62 Group  0 Pid  30743 on   c198-072 device  2 [0x82] Quadro RTX 5000
#  Rank 63 Group  0 Pid  30744 on   c198-072 device  3 [0x83] Quadro RTX 5000
The MSCCL XML file exists: /home1/09168/ldai1/ccl-build/msccl_tools_lyd/examples/xml/xml_lyd/ring/allreduce_ring_node16_gpu64_mcl2_mck2_gan0.xml
c196-042:7589:7589 [0] NCCL INFO Bootstrap : Using ib0:192.168.44.108<0>
c196-042:7589:7589 [0] NCCL INFO NET/Plugin : No plugin found (libnccl-net.so), using internal implementation
c196-042:7589:7589 [0] NCCL INFO NET/IB : Using [0]mlx4_0:1/IB [RO]; OOB ib0:192.168.44.108<0>
c196-042:7589:7589 [0] NCCL INFO Using network IB
NCCL version 2.12.12.MSCCL.0.7.4+cuda11.3
c196-042:7591:7591 [2] NCCL INFO Bootstrap : Using ib0:192.168.44.108<0>
c196-042:7591:7591 [2] NCCL INFO NET/Plugin : No plugin found (libnccl-net.so), using internal implementation
c196-042:7591:7591 [2] NCCL INFO NET/IB : Using [0]mlx4_0:1/IB [RO]; OOB ib0:192.168.44.108<0>
c196-042:7591:7591 [2] NCCL INFO Using network IB
c196-042:7592:7592 [3] NCCL INFO Bootstrap : Using ib0:192.168.44.108<0>
c196-042:7592:7592 [3] NCCL INFO NET/Plugin : No plugin found (libnccl-net.so), using internal implementation
c196-042:7592:7592 [3] NCCL INFO NET/IB : Using [0]mlx4_0:1/IB [RO]; OOB ib0:192.168.44.108<0>
c196-042:7592:7592 [3] NCCL INFO Using network IB
c196-042:7590:7590 [1] NCCL INFO Bootstrap : Using ib0:192.168.44.108<0>
c196-042:7590:7590 [1] NCCL INFO NET/Plugin : No plugin found (libnccl-net.so), using internal implementation
c196-042:7590:7590 [1] NCCL INFO NET/IB : Using [0]mlx4_0:1/IB [RO]; OOB ib0:192.168.44.108<0>
c196-042:7590:7590 [1] NCCL INFO Using network IB
c198-051:7078:7078 [0] NCCL INFO Bootstrap : Using ib0:192.168.44.153<0>
c198-051:7078:7078 [0] NCCL INFO NET/Plugin : No plugin found (libnccl-net.so), using internal implementation
c198-062:16319:16319 [3] NCCL INFO Bootstrap : Using ib0:192.168.44.156<0>
c198-062:16319:16319 [3] NCCL INFO NET/Plugin : No plugin found (libnccl-net.so), using internal implementation
c198-031:13167:13167 [0] NCCL INFO Bootstrap : Using ib0:192.168.44.149<0>
c198-031:13167:13167 [0] NCCL INFO NET/Plugin : No plugin found (libnccl-net.so), using internal implementation
c198-071:4902:4902 [2] NCCL INFO Bootstrap : Using ib0:192.168.44.157<0>
c198-071:4902:4902 [2] NCCL INFO NET/Plugin : No plugin found (libnccl-net.so), using internal implementation
c198-051:7078:7078 [0] NCCL INFO NET/IB : Using [0]mlx4_0:1/IB [RO]; OOB ib0:192.168.44.153<0>
c198-051:7078:7078 [0] NCCL INFO Using network IB
c198-062:16319:16319 [3] NCCL INFO NET/IB : Using [0]mlx4_0:1/IB [RO]; OOB ib0:192.168.44.156<0>
c198-062:16319:16319 [3] NCCL INFO Using network IB
c198-031:13167:13167 [0] NCCL INFO NET/IB : Using [0]mlx4_0:1/IB [RO]; OOB ib0:192.168.44.149<0>
c198-031:13167:13167 [0] NCCL INFO Using network IB
c198-071:4902:4902 [2] NCCL INFO NET/IB : Using [0]mlx4_0:1/IB [RO]; OOB ib0:192.168.44.157<0>
c198-071:4902:4902 [2] NCCL INFO Using network IB
c196-051:24951:24951 [2] NCCL INFO Bootstrap : Using ib0:192.168.44.109<0>
c196-051:24952:24952 [3] NCCL INFO Bootstrap : Using ib0:192.168.44.109<0>
c196-051:24951:24951 [2] NCCL INFO NET/Plugin : No plugin found (libnccl-net.so), using internal implementation
c196-051:24952:24952 [3] NCCL INFO NET/Plugin : No plugin found (libnccl-net.so), using internal implementation
c198-051:7080:7080 [2] NCCL INFO Bootstrap : Using ib0:192.168.44.153<0>
c198-051:7080:7080 [2] NCCL INFO NET/Plugin : No plugin found (libnccl-net.so), using internal implementation
c198-061:30025:30025 [2] NCCL INFO Bootstrap : Using ib0:192.168.44.155<0>
c198-061:30026:30026 [3] NCCL INFO Bootstrap : Using ib0:192.168.44.155<0>
c198-061:30025:30025 [2] NCCL INFO NET/Plugin : No plugin found (libnccl-net.so), using internal implementation
c198-061:30026:30026 [3] NCCL INFO NET/Plugin : No plugin found (libnccl-net.so), using internal implementation
c198-051:7080:7080 [2] NCCL INFO NET/IB : Using [0]mlx4_0:1/IB [RO]; OOB ib0:192.168.44.153<0>
c198-051:7080:7080 [2] NCCL INFO Using network IB
c198-051:7081:7081 [3] NCCL INFO Bootstrap : Using ib0:192.168.44.153<0>
c198-051:7081:7081 [3] NCCL INFO NET/Plugin : No plugin found (libnccl-net.so), using internal implementation
c198-061:30026:30026 [3] NCCL INFO NET/IB : Using [0]mlx4_0:1/IB [RO]; OOB ib0:192.168.44.155<0>
c198-061:30026:30026 [3] NCCL INFO Using network IB
c198-061:30025:30025 [2] NCCL INFO NET/IB : Using [0]mlx4_0:1/IB [RO]; OOB ib0:192.168.44.155<0>
c198-061:30025:30025 [2] NCCL INFO Using network IB
c198-011:3369:3369 [3] NCCL INFO Bootstrap : Using ib0:192.168.44.145<0>
c198-011:3369:3369 [3] NCCL INFO NET/Plugin : No plugin found (libnccl-net.so), using internal implementation
c196-051:24949:24949 [0] NCCL INFO Bootstrap : Using ib0:192.168.44.109<0>
c196-051:24950:24950 [1] NCCL INFO Bootstrap : Using ib0:192.168.44.109<0>
c198-051:7081:7081 [3] NCCL INFO NET/IB : Using [0]mlx4_0:1/IB [RO]; OOB ib0:192.168.44.153<0>
c198-051:7081:7081 [3] NCCL INFO Using network IB
c196-051:24949:24949 [0] NCCL INFO NET/Plugin : No plugin found (libnccl-net.so), using internal implementation
c196-051:24950:24950 [1] NCCL INFO NET/Plugin : No plugin found (libnccl-net.so), using internal implementation
c198-051:7079:7079 [1] NCCL INFO Bootstrap : Using ib0:192.168.44.153<0>
c198-051:7079:7079 [1] NCCL INFO NET/Plugin : No plugin found (libnccl-net.so), using internal implementation
c196-051:24951:24951 [2] NCCL INFO NET/IB : Using [0]mlx4_0:1/IB [RO]; OOB ib0:192.168.44.109<0>
c196-051:24951:24951 [2] NCCL INFO Using network IB
c196-051:24952:24952 [3] NCCL INFO NET/IB : Using [0]mlx4_0:1/IB [RO]; OOB ib0:192.168.44.109<0>
c196-051:24952:24952 [3] NCCL INFO Using network IB
c198-011:3369:3369 [3] NCCL INFO NET/IB : Using [0]mlx4_0:1/IB [RO]; OOB ib0:192.168.44.145<0>
c198-011:3369:3369 [3] NCCL INFO Using network IB
c198-062:16318:16318 [2] NCCL INFO Bootstrap : Using ib0:192.168.44.156<0>
c198-062:16318:16318 [2] NCCL INFO NET/Plugin : No plugin found (libnccl-net.so), using internal implementation
c198-071:4903:4903 [3] NCCL INFO Bootstrap : Using ib0:192.168.44.157<0>
c198-071:4903:4903 [3] NCCL INFO NET/Plugin : No plugin found (libnccl-net.so), using internal implementation
c198-051:7079:7079 [1] NCCL INFO NET/IB : Using [0]mlx4_0:1/IB [RO]; OOB ib0:192.168.44.153<0>
c198-051:7079:7079 [1] NCCL INFO Using network IB
c198-012:742:742 [2] NCCL INFO Bootstrap : Using ib0:192.168.44.146<0>
c198-012:743:743 [3] NCCL INFO Bootstrap : Using ib0:192.168.44.146<0>
c198-012:742:742 [2] NCCL INFO NET/Plugin : No plugin found (libnccl-net.so), using internal implementation
c198-012:743:743 [3] NCCL INFO NET/Plugin : No plugin found (libnccl-net.so), using internal implementation
c198-011:3368:3368 [2] NCCL INFO Bootstrap : Using ib0:192.168.44.145<0>
c198-011:3368:3368 [2] NCCL INFO NET/Plugin : No plugin found (libnccl-net.so), using internal implementation
c198-062:16318:16318 [2] NCCL INFO NET/IB : Using [0]mlx4_0:1/IB [RO]; OOB ib0:192.168.44.156<0>
c198-062:16318:16318 [2] NCCL INFO Using network IB
c196-051:24950:24950 [1] NCCL INFO NET/IB : Using [0]mlx4_0:1/IB [RO]; OOB ib0:192.168.44.109<0>
c196-051:24950:24950 [1] NCCL INFO Using network IB
c196-051:24949:24949 [0] NCCL INFO NET/IB : Using [0]mlx4_0:1/IB [RO]; OOB ib0:192.168.44.109<0>
c196-051:24949:24949 [0] NCCL INFO Using network IB
c198-071:4903:4903 [3] NCCL INFO NET/IB : Using [0]mlx4_0:1/IB [RO]; OOB ib0:192.168.44.157<0>
c198-071:4903:4903 [3] NCCL INFO Using network IB
c198-021:12797:12797 [2] NCCL INFO Bootstrap : Using ib0:192.168.44.147<0>
c198-061:30023:30023 [0] NCCL INFO Bootstrap : Using ib0:192.168.44.155<0>
c198-021:12797:12797 [2] NCCL INFO NET/Plugin : No plugin found (libnccl-net.so), using internal implementation
c198-061:30023:30023 [0] NCCL INFO NET/Plugin : No plugin found (libnccl-net.so), using internal implementation
c198-061:30024:30024 [1] NCCL INFO Bootstrap : Using ib0:192.168.44.155<0>
c198-061:30024:30024 [1] NCCL INFO NET/Plugin : No plugin found (libnccl-net.so), using internal implementation
c198-021:12797:12797 [2] NCCL INFO NET/IB : Using [0]mlx4_0:1/IB [RO]; OOB ib0:192.168.44.147<0>
c198-021:12797:12797 [2] NCCL INFO Using network IB
c198-021:12798:12798 [3] NCCL INFO Bootstrap : Using ib0:192.168.44.147<0>
c198-021:12798:12798 [3] NCCL INFO NET/Plugin : No plugin found (libnccl-net.so), using internal implementation
c198-061:30023:30023 [0] NCCL INFO NET/IB : Using [0]mlx4_0:1/IB [RO]; OOB ib0:192.168.44.155<0>
c198-061:30023:30023 [0] NCCL INFO Using network IB
c198-011:3366:3366 [0] NCCL INFO Bootstrap : Using ib0:192.168.44.145<0>
c198-011:3367:3367 [1] NCCL INFO Bootstrap : Using ib0:192.168.44.145<0>
c198-011:3366:3366 [0] NCCL INFO NET/Plugin : No plugin found (libnccl-net.so), using internal implementation
c198-011:3367:3367 [1] NCCL INFO NET/Plugin : No plugin found (libnccl-net.so), using internal implementation
c198-061:30024:30024 [1] NCCL INFO NET/IB : Using [0]mlx4_0:1/IB [RO]; OOB ib0:192.168.44.155<0>
c198-061:30024:30024 [1] NCCL INFO Using network IB
c198-011:3368:3368 [2] NCCL INFO NET/IB : Using [0]mlx4_0:1/IB [RO]; OOB ib0:192.168.44.145<0>
c198-011:3368:3368 [2] NCCL INFO Using network IB
c198-021:12798:12798 [3] NCCL INFO NET/IB : Using [0]mlx4_0:1/IB [RO]; OOB ib0:192.168.44.147<0>
c198-021:12798:12798 [3] NCCL INFO Using network IB
c198-022:32466:32466 [1] NCCL INFO Bootstrap : Using ib0:192.168.44.148<0>
c198-022:32467:32467 [2] NCCL INFO Bootstrap : Using ib0:192.168.44.148<0>
c198-022:32468:32468 [3] NCCL INFO Bootstrap : Using ib0:192.168.44.148<0>
c198-022:32465:32465 [0] NCCL INFO Bootstrap : Using ib0:192.168.44.148<0>
c198-022:32465:32465 [0] NCCL INFO NET/Plugin : No plugin found (libnccl-net.so), using internal implementation
c198-022:32466:32466 [1] NCCL INFO NET/Plugin : No plugin found (libnccl-net.so), using internal implementation
c198-022:32467:32467 [2] NCCL INFO NET/Plugin : No plugin found (libnccl-net.so), using internal implementation
c198-022:32468:32468 [3] NCCL INFO NET/Plugin : No plugin found (libnccl-net.so), using internal implementation
c198-031:13169:13169 [2] NCCL INFO Bootstrap : Using ib0:192.168.44.149<0>
c198-031:13170:13170 [3] NCCL INFO Bootstrap : Using ib0:192.168.44.149<0>
c198-031:13169:13169 [2] NCCL INFO NET/Plugin : No plugin found (libnccl-net.so), using internal implementation
c198-031:13170:13170 [3] NCCL INFO NET/Plugin : No plugin found (libnccl-net.so), using internal implementation
c198-012:740:740 [0] NCCL INFO Bootstrap : Using ib0:192.168.44.146<0>
c198-012:741:741 [1] NCCL INFO Bootstrap : Using ib0:192.168.44.146<0>
c198-012:740:740 [0] NCCL INFO NET/Plugin : No plugin found (libnccl-net.so), using internal implementation
c198-012:741:741 [1] NCCL INFO NET/Plugin : No plugin found (libnccl-net.so), using internal implementation
c198-071:4900:4900 [0] NCCL INFO Bootstrap : Using ib0:192.168.44.157<0>
c198-012:742:742 [2] NCCL INFO NET/IB : Using [0]mlx4_0:1/IB [RO]; OOB ib0:192.168.44.146<0>
c198-012:742:742 [2] NCCL INFO Using network IB
c198-011:3366:3366 [0] NCCL INFO NET/IB : Using [0]mlx4_0:1/IB [RO]; OOB ib0:192.168.44.145<0>
c198-011:3366:3366 [0] NCCL INFO Using network IB
c198-071:4900:4900 [0] NCCL INFO NET/Plugin : No plugin found (libnccl-net.so), using internal implementation
c198-011:3367:3367 [1] NCCL INFO NET/IB : Using [0]mlx4_0:1/IB [RO]; OOB ib0:192.168.44.145<0>
c198-011:3367:3367 [1] NCCL INFO Using network IB
c198-012:743:743 [3] NCCL INFO NET/IB : Using [0]mlx4_0:1/IB [RO]; OOB ib0:192.168.44.146<0>
c198-012:743:743 [3] NCCL INFO Using network IB
c198-032:7014:7014 [2] NCCL INFO Bootstrap : Using ib0:192.168.44.150<0>
c198-072:30741:30741 [0] NCCL INFO Bootstrap : Using ib0:192.168.44.158<0>
c198-032:7014:7014 [2] NCCL INFO NET/Plugin : No plugin found (libnccl-net.so), using internal implementation
c198-072:30744:30744 [3] NCCL INFO Bootstrap : Using ib0:192.168.44.158<0>
c198-072:30742:30742 [1] NCCL INFO Bootstrap : Using ib0:192.168.44.158<0>
c198-072:30743:30743 [2] NCCL INFO Bootstrap : Using ib0:192.168.44.158<0>
c198-072:30741:30741 [0] NCCL INFO NET/Plugin : No plugin found (libnccl-net.so), using internal implementation
c198-072:30742:30742 [1] NCCL INFO NET/Plugin : No plugin found (libnccl-net.so), using internal implementation
c198-072:30743:30743 [2] NCCL INFO NET/Plugin : No plugin found (libnccl-net.so), using internal implementation
c198-072:30744:30744 [3] NCCL INFO NET/Plugin : No plugin found (libnccl-net.so), using internal implementation
c198-012:740:740 [0] NCCL INFO NET/IB : Using [0]mlx4_0:1/IB [RO]; OOB ib0:192.168.44.146<0>
c198-012:740:740 [0] NCCL INFO Using network IB
c198-012:741:741 [1] NCCL INFO NET/IB : Using [0]mlx4_0:1/IB [RO]; OOB ib0:192.168.44.146<0>
c198-012:741:741 [1] NCCL INFO Using network IB
c198-071:4900:4900 [0] NCCL INFO NET/IB : Using [0]mlx4_0:1/IB [RO]; OOB ib0:192.168.44.157<0>
c198-071:4900:4900 [0] NCCL INFO Using network IB
c198-032:7014:7014 [2] NCCL INFO NET/IB : Using [0]mlx4_0:1/IB [RO]; OOB ib0:192.168.44.150<0>
c198-032:7014:7014 [2] NCCL INFO Using network IB
c198-032:7015:7015 [3] NCCL INFO Bootstrap : Using ib0:192.168.44.150<0>
c198-032:7015:7015 [3] NCCL INFO NET/Plugin : No plugin found (libnccl-net.so), using internal implementation
c198-062:16316:16316 [0] NCCL INFO Bootstrap : Using ib0:192.168.44.156<0>
c198-062:16316:16316 [0] NCCL INFO NET/Plugin : No plugin found (libnccl-net.so), using internal implementation
c198-032:7015:7015 [3] NCCL INFO NET/IB : Using [0]mlx4_0:1/IB [RO]; OOB ib0:192.168.44.150<0>
c198-032:7015:7015 [3] NCCL INFO Using network IB
c198-031:13168:13168 [1] NCCL INFO Bootstrap : Using ib0:192.168.44.149<0>
c198-031:13168:13168 [1] NCCL INFO NET/Plugin : No plugin found (libnccl-net.so), using internal implementation
c198-031:13170:13170 [3] NCCL INFO NET/IB : Using [0]mlx4_0:1/IB [RO]; OOB ib0:192.168.44.149<0>
c198-031:13170:13170 [3] NCCL INFO Using network IB
c198-031:13169:13169 [2] NCCL INFO NET/IB : Using [0]mlx4_0:1/IB [RO]; OOB ib0:192.168.44.149<0>
c198-031:13169:13169 [2] NCCL INFO Using network IB
c198-062:16316:16316 [0] NCCL INFO NET/IB : Using [0]mlx4_0:1/IB [RO]; OOB ib0:192.168.44.156<0>
c198-062:16316:16316 [0] NCCL INFO Using network IB
c198-071:4901:4901 [1] NCCL INFO Bootstrap : Using ib0:192.168.44.157<0>
c198-071:4901:4901 [1] NCCL INFO NET/Plugin : No plugin found (libnccl-net.so), using internal implementation
c198-031:13168:13168 [1] NCCL INFO NET/IB : Using [0]mlx4_0:1/IB [RO]; OOB ib0:192.168.44.149<0>
c198-031:13168:13168 [1] NCCL INFO Using network IB
c198-022:32466:32466 [1] NCCL INFO NET/IB : Using [0]mlx4_0:1/IB [RO]; OOB ib0:192.168.44.148<0>
c198-022:32466:32466 [1] NCCL INFO Using network IB
c198-071:4901:4901 [1] NCCL INFO NET/IB : Using [0]mlx4_0:1/IB [RO]; OOB ib0:192.168.44.157<0>
c198-071:4901:4901 [1] NCCL INFO Using network IB
c198-022:32467:32467 [2] NCCL INFO NET/IB : Using [0]mlx4_0:1/IB [RO]; OOB ib0:192.168.44.148<0>
c198-022:32467:32467 [2] NCCL INFO Using network IB
c198-022:32465:32465 [0] NCCL INFO NET/IB : Using [0]mlx4_0:1/IB [RO]; OOB ib0:192.168.44.148<0>
c198-022:32465:32465 [0] NCCL INFO Using network IB
c198-052:5209:5209 [0] NCCL INFO Bootstrap : Using ib0:192.168.44.154<0>
c198-052:5211:5211 [2] NCCL INFO Bootstrap : Using ib0:192.168.44.154<0>
c198-052:5212:5212 [3] NCCL INFO Bootstrap : Using ib0:192.168.44.154<0>
c198-022:32468:32468 [3] NCCL INFO NET/IB : Using [0]mlx4_0:1/IB [RO]; OOB ib0:192.168.44.148<0>
c198-052:5209:5209 [0] NCCL INFO NET/Plugin : No plugin found (libnccl-net.so), using internal implementation
c198-022:32468:32468 [3] NCCL INFO Using network IB
c198-052:5211:5211 [2] NCCL INFO NET/Plugin : No plugin found (libnccl-net.so), using internal implementation
c198-052:5212:5212 [3] NCCL INFO NET/Plugin : No plugin found (libnccl-net.so), using internal implementation
c198-062:16317:16317 [1] NCCL INFO Bootstrap : Using ib0:192.168.44.156<0>
c198-062:16317:16317 [1] NCCL INFO NET/Plugin : No plugin found (libnccl-net.so), using internal implementation
c198-072:30744:30744 [3] NCCL INFO NET/IB : Using [0]mlx4_0:1/IB [RO]; OOB ib0:192.168.44.158<0>
c198-072:30744:30744 [3] NCCL INFO Using network IB
c198-072:30742:30742 [1] NCCL INFO NET/IB : Using [0]mlx4_0:1/IB [RO]; OOB ib0:192.168.44.158<0>
c198-072:30742:30742 [1] NCCL INFO Using network IB
c198-072:30741:30741 [0] NCCL INFO NET/IB : Using [0]mlx4_0:1/IB [RO]; OOB ib0:192.168.44.158<0>
c198-072:30741:30741 [0] NCCL INFO Using network IB
c198-072:30743:30743 [2] NCCL INFO NET/IB : Using [0]mlx4_0:1/IB [RO]; OOB ib0:192.168.44.158<0>
c198-072:30743:30743 [2] NCCL INFO Using network IB
c198-062:16317:16317 [1] NCCL INFO NET/IB : Using [0]mlx4_0:1/IB [RO]; OOB ib0:192.168.44.156<0>
c198-062:16317:16317 [1] NCCL INFO Using network IB
c198-041:26524:26524 [2] NCCL INFO Bootstrap : Using ib0:192.168.44.151<0>
c198-032:7013:7013 [1] NCCL INFO Bootstrap : Using ib0:192.168.44.150<0>
c198-032:7013:7013 [1] NCCL INFO NET/Plugin : No plugin found (libnccl-net.so), using internal implementation
c198-041:26524:26524 [2] NCCL INFO NET/Plugin : No plugin found (libnccl-net.so), using internal implementation
c198-021:12796:12796 [1] NCCL INFO Bootstrap : Using ib0:192.168.44.147<0>
c198-021:12796:12796 [1] NCCL INFO NET/Plugin : No plugin found (libnccl-net.so), using internal implementation
c198-042:28722:28722 [2] NCCL INFO Bootstrap : Using ib0:192.168.44.152<0>
c198-052:5210:5210 [1] NCCL INFO Bootstrap : Using ib0:192.168.44.154<0>
c198-042:28723:28723 [3] NCCL INFO Bootstrap : Using ib0:192.168.44.152<0>
c198-052:5210:5210 [1] NCCL INFO NET/Plugin : No plugin found (libnccl-net.so), using internal implementation
c198-042:28722:28722 [2] NCCL INFO NET/Plugin : No plugin found (libnccl-net.so), using internal implementation
c198-042:28723:28723 [3] NCCL INFO NET/Plugin : No plugin found (libnccl-net.so), using internal implementation
c198-032:7013:7013 [1] NCCL INFO NET/IB : Using [0]mlx4_0:1/IB [RO]; OOB ib0:192.168.44.150<0>
c198-032:7013:7013 [1] NCCL INFO Using network IB
c198-052:5212:5212 [3] NCCL INFO NET/IB : Using [0]mlx4_0:1/IB [RO]; OOB ib0:192.168.44.154<0>
c198-052:5212:5212 [3] NCCL INFO Using network IB
c198-052:5211:5211 [2] NCCL INFO NET/IB : Using [0]mlx4_0:1/IB [RO]; OOB ib0:192.168.44.154<0>
c198-052:5211:5211 [2] NCCL INFO Using network IB
c198-041:26524:26524 [2] NCCL INFO NET/IB : Using [0]mlx4_0:1/IB [RO]; OOB ib0:192.168.44.151<0>
c198-041:26524:26524 [2] NCCL INFO Using network IB
c198-052:5209:5209 [0] NCCL INFO NET/IB : Using [0]mlx4_0:1/IB [RO]; OOB ib0:192.168.44.154<0>
c198-052:5209:5209 [0] NCCL INFO Using network IB
c198-052:5210:5210 [1] NCCL INFO NET/IB : Using [0]mlx4_0:1/IB [RO]; OOB ib0:192.168.44.154<0>
c198-052:5210:5210 [1] NCCL INFO Using network IB
c198-021:12796:12796 [1] NCCL INFO NET/IB : Using [0]mlx4_0:1/IB [RO]; OOB ib0:192.168.44.147<0>
c198-021:12796:12796 [1] NCCL INFO Using network IB
c198-032:7012:7012 [0] NCCL INFO Bootstrap : Using ib0:192.168.44.150<0>
c198-032:7012:7012 [0] NCCL INFO NET/Plugin : No plugin found (libnccl-net.so), using internal implementation
c198-042:28722:28722 [2] NCCL INFO NET/IB : Using [0]mlx4_0:1/IB [RO]; OOB ib0:192.168.44.152<0>
c198-042:28722:28722 [2] NCCL INFO Using network IB
c198-042:28723:28723 [3] NCCL INFO NET/IB : Using [0]mlx4_0:1/IB [RO]; OOB ib0:192.168.44.152<0>
c198-042:28723:28723 [3] NCCL INFO Using network IB
c198-021:12795:12795 [0] NCCL INFO Bootstrap : Using ib0:192.168.44.147<0>
c198-021:12795:12795 [0] NCCL INFO NET/Plugin : No plugin found (libnccl-net.so), using internal implementation
c198-032:7012:7012 [0] NCCL INFO NET/IB : Using [0]mlx4_0:1/IB [RO]; OOB ib0:192.168.44.150<0>
c198-032:7012:7012 [0] NCCL INFO Using network IB
c198-021:12795:12795 [0] NCCL INFO NET/IB : Using [0]mlx4_0:1/IB [RO]; OOB ib0:192.168.44.147<0>
c198-021:12795:12795 [0] NCCL INFO Using network IB
c198-041:26525:26525 [3] NCCL INFO Bootstrap : Using ib0:192.168.44.151<0>
c198-041:26522:26522 [0] NCCL INFO Bootstrap : Using ib0:192.168.44.151<0>
c198-041:26523:26523 [1] NCCL INFO Bootstrap : Using ib0:192.168.44.151<0>
c198-041:26525:26525 [3] NCCL INFO NET/Plugin : No plugin found (libnccl-net.so), using internal implementation
c198-041:26522:26522 [0] NCCL INFO NET/Plugin : No plugin found (libnccl-net.so), using internal implementation
c198-041:26523:26523 [1] NCCL INFO NET/Plugin : No plugin found (libnccl-net.so), using internal implementation
c198-041:26525:26525 [3] NCCL INFO NET/IB : Using [0]mlx4_0:1/IB [RO]; OOB ib0:192.168.44.151<0>
c198-041:26525:26525 [3] NCCL INFO Using network IB
c198-041:26523:26523 [1] NCCL INFO NET/IB : Using [0]mlx4_0:1/IB [RO]; OOB ib0:192.168.44.151<0>
c198-041:26523:26523 [1] NCCL INFO Using network IB
c198-041:26522:26522 [0] NCCL INFO NET/IB : Using [0]mlx4_0:1/IB [RO]; OOB ib0:192.168.44.151<0>
c198-041:26522:26522 [0] NCCL INFO Using network IB
c198-042:28720:28720 [0] NCCL INFO Bootstrap : Using ib0:192.168.44.152<0>
c198-042:28721:28721 [1] NCCL INFO Bootstrap : Using ib0:192.168.44.152<0>
c198-042:28720:28720 [0] NCCL INFO NET/Plugin : No plugin found (libnccl-net.so), using internal implementation
c198-042:28721:28721 [1] NCCL INFO NET/Plugin : No plugin found (libnccl-net.so), using internal implementation
c198-042:28720:28720 [0] NCCL INFO NET/IB : Using [0]mlx4_0:1/IB [RO]; OOB ib0:192.168.44.152<0>
c198-042:28720:28720 [0] NCCL INFO Using network IB
c198-042:28721:28721 [1] NCCL INFO NET/IB : Using [0]mlx4_0:1/IB [RO]; OOB ib0:192.168.44.152<0>
c198-042:28721:28721 [1] NCCL INFO Using network IB
c196-042:7589:7641 [0] NCCL INFO Setting affinity for GPU 0 to 0f000f
c198-031:13170:13223 [3] NCCL INFO Setting affinity for GPU 3 to f000f000
c198-061:30026:30079 [3] NCCL INFO Setting affinity for GPU 3 to f000f000
c198-032:7015:7067 [3] NCCL INFO Setting affinity for GPU 3 to f000f000
c198-052:5212:5263 [3] NCCL INFO Setting affinity for GPU 3 to f000f000
c198-041:26525:26578 [3] NCCL INFO Setting affinity for GPU 3 to f000f000
c198-042:28723:28775 [3] NCCL INFO Setting affinity for GPU 3 to f000f000
c198-071:4903:4957 [3] NCCL INFO Setting affinity for GPU 3 to f000f000
c198-021:12798:12850 [3] NCCL INFO Setting affinity for GPU 3 to f000f000
c198-051:7081:7135 [3] NCCL INFO Setting affinity for GPU 3 to f000f000
c198-012:743:797 [3] NCCL INFO Setting affinity for GPU 3 to f000f000
c198-072:30744:30797 [3] NCCL INFO Setting affinity for GPU 3 to f000f000
c196-051:24952:25006 [3] NCCL INFO Setting affinity for GPU 3 to f000f000
c198-022:32468:32526 [3] NCCL INFO Setting affinity for GPU 3 to f000f000
c198-062:16319:16369 [3] NCCL INFO Setting affinity for GPU 3 to f000f000
c198-011:3369:3420 [3] NCCL INFO Setting affinity for GPU 3 to f000f000
c196-042:7592:7648 [3] NCCL INFO Setting affinity for GPU 3 to f000f000
c196-042:7591:7646 [2] NCCL INFO Setting affinity for GPU 2 to 0f000f00
c196-042:7590:7650 [1] NCCL INFO Setting affinity for GPU 1 to f000f0
c198-072:30743:30802 [2] NCCL INFO Setting affinity for GPU 2 to 0f000f00
c198-052:5210:5267 [1] NCCL INFO Setting affinity for GPU 1 to f000f0
c198-022:32466:32520 [1] NCCL INFO Setting affinity for GPU 1 to f000f0
c198-061:30025:30081 [2] NCCL INFO Setting affinity for GPU 2 to 0f000f00
c198-051:7080:7133 [2] NCCL INFO Setting affinity for GPU 2 to 0f000f00
c196-051:24951:25005 [2] NCCL INFO Setting affinity for GPU 2 to 0f000f00
c198-011:3366:3425 [0] NCCL INFO Setting affinity for GPU 0 to 0f000f
c198-011:3368:3422 [2] NCCL INFO Setting affinity for GPU 2 to 0f000f00
c198-012:742:796 [2] NCCL INFO Setting affinity for GPU 2 to 0f000f00
c198-072:30742:30799 [1] NCCL INFO Setting affinity for GPU 1 to f000f0
c198-021:12795:12854 [0] NCCL INFO Setting affinity for GPU 0 to 0f000f
c198-051:7078:7131 [0] NCCL INFO Setting affinity for GPU 0 to 0f000f
c198-051:7079:7137 [1] NCCL INFO Setting affinity for GPU 1 to f000f0
c198-042:28721:28779 [1] NCCL INFO Setting affinity for GPU 1 to f000f0
c198-052:5211:5264 [2] NCCL INFO Setting affinity for GPU 2 to 0f000f00
c198-072:30741:30800 [0] NCCL INFO Setting affinity for GPU 0 to 0f000f
c198-042:28722:28774 [2] NCCL INFO Setting affinity for GPU 2 to 0f000f00
c196-051:24949:25010 [0] NCCL INFO Setting affinity for GPU 0 to 0f000f
c198-052:5209:5268 [0] NCCL INFO Setting affinity for GPU 0 to 0f000f
c196-051:24950:25009 [1] NCCL INFO Setting affinity for GPU 1 to f000f0
c198-022:32465:32524 [0] NCCL INFO Setting affinity for GPU 0 to 0f000f
c198-071:4901:4961 [1] NCCL INFO Setting affinity for GPU 1 to f000f0
c198-012:740:800 [0] NCCL INFO Setting affinity for GPU 0 to 0f000f
c198-012:741:801 [1] NCCL INFO Setting affinity for GPU 1 to f000f0
c198-022:32467:32523 [2] NCCL INFO Setting affinity for GPU 2 to 0f000f00
c198-041:26523:26580 [1] NCCL INFO Setting affinity for GPU 1 to f000f0
c198-061:30023:30083 [0] NCCL INFO Setting affinity for GPU 0 to 0f000f
c198-071:4902:4955 [2] NCCL INFO Setting affinity for GPU 2 to 0f000f00
c198-061:30024:30085 [1] NCCL INFO Setting affinity for GPU 1 to f000f0
c198-041:26524:26575 [2] NCCL INFO Setting affinity for GPU 2 to 0f000f00
c198-042:28720:28778 [0] NCCL INFO Setting affinity for GPU 0 to 0f000f
c198-021:12797:12848 [2] NCCL INFO Setting affinity for GPU 2 to 0f000f00
c198-032:7012:7071 [0] NCCL INFO Setting affinity for GPU 0 to 0f000f
c198-032:7013:7069 [1] NCCL INFO Setting affinity for GPU 1 to f000f0
c198-031:13167:13220 [0] NCCL INFO Setting affinity for GPU 0 to 0f000f
c198-032:7014:7065 [2] NCCL INFO Setting affinity for GPU 2 to 0f000f00
c198-011:3367:3426 [1] NCCL INFO Setting affinity for GPU 1 to f000f0
c198-021:12796:12852 [1] NCCL INFO Setting affinity for GPU 1 to f000f0
c198-031:13168:13226 [1] NCCL INFO Setting affinity for GPU 1 to f000f0
c198-031:13169:13224 [2] NCCL INFO Setting affinity for GPU 2 to 0f000f00
c198-062:16316:16373 [0] NCCL INFO Setting affinity for GPU 0 to 0f000f
c198-071:4900:4959 [0] NCCL INFO Setting affinity for GPU 0 to 0f000f
c198-062:16318:16371 [2] NCCL INFO Setting affinity for GPU 2 to 0f000f00
c198-041:26522:26581 [0] NCCL INFO Setting affinity for GPU 0 to 0f000f
c198-062:16317:16375 [1] NCCL INFO Setting affinity for GPU 1 to f000f0
c198-062:16316:16373 [0] NCCL INFO Trees [0] 53/-1/-1->52->57 [1] 53/48/-1->52->45
c198-061:30026:30079 [3] NCCL INFO Trees [0] -1/-1/-1->51->50 [1] -1/-1/-1->51->50
c198-052:5211:5264 [2] NCCL INFO Trees [0] 47/-1/-1->46->45 [1] 47/-1/-1->46->45
c198-061:30024:30085 [1] NCCL INFO Trees [0] 50/40/-1->49->48 [1] 50/-1/-1->49->48
c198-052:5212:5263 [3] NCCL INFO Trees [0] -1/-1/-1->47->46 [1] -1/-1/-1->47->46
c198-061:30025:30081 [2] NCCL INFO Trees [0] 51/-1/-1->50->49 [1] 51/-1/-1->50->49
c198-061:30023:30083 [0] NCCL INFO Trees [0] 49/56/-1->48->32 [1] 49/-1/-1->48->52
c198-051:7080:7133 [2] NCCL INFO Trees [0] 43/-1/-1->42->41 [1] 43/-1/-1->42->41
c198-052:5210:5267 [1] NCCL INFO Trees [0] 46/-1/-1->45->44 [1] 46/52/-1->45->44
c198-051:7081:7135 [3] NCCL INFO Trees [0] -1/-1/-1->43->42 [1] -1/-1/-1->43->42
c198-052:5209:5268 [0] NCCL INFO Trees [0] 45/-1/-1->44->40 [1] 45/36/-1->44->29
c198-051:7079:7137 [1] NCCL INFO Trees [0] 42/36/-1->41->40 [1] 42/-1/-1->41->40
c198-042:28721:28779 [1] NCCL INFO Trees [0] 38/-1/-1->37->36 [1] 38/40/-1->37->36
c198-041:26523:26580 [1] NCCL INFO Trees [0] 34/16/-1->33->32 [1] 34/-1/-1->33->32
c198-051:7078:7131 [0] NCCL INFO Trees [0] 41/44/-1->40->49 [1] 41/-1/-1->40->37
c198-042:28722:28774 [2] NCCL INFO Trees [0] 39/-1/-1->38->37 [1] 39/-1/-1->38->37
c198-041:26524:26575 [2] NCCL INFO Trees [0] 35/-1/-1->34->33 [1] 35/-1/-1->34->33
c198-032:7013:7069 [1] NCCL INFO Trees [0] 30/-1/-1->29->28 [1] 30/44/-1->29->28
c198-042:28723:28775 [3] NCCL INFO Trees [0] -1/-1/-1->39->38 [1] -1/-1/-1->39->38
c198-031:13169:13224 [2] NCCL INFO Trees [0] 27/-1/-1->26->25 [1] 27/-1/-1->26->25
c198-041:26525:26578 [3] NCCL INFO Trees [0] -1/-1/-1->35->34 [1] -1/-1/-1->35->34
c198-032:7014:7065 [2] NCCL INFO Trees [0] 31/-1/-1->30->29 [1] 31/-1/-1->30->29
c198-021:12796:12852 [1] NCCL INFO Trees [0] 18/8/-1->17->16 [1] 18/-1/-1->17->16
c198-042:28720:28778 [0] NCCL INFO Trees [0] 37/-1/-1->36->41 [1] 37/32/-1->36->44
c198-022:32467:32523 [2] NCCL INFO Trees [0] 23/-1/-1->22->21 [1] 23/-1/-1->22->21
c198-031:13170:13223 [3] NCCL INFO Trees [0] -1/-1/-1->27->26 [1] -1/-1/-1->27->26
c198-041:26522:26581 [0] NCCL INFO Trees [0] 33/48/-1->32->0 [1] 33/-1/-1->32->36
c198-012:742:796 [2] NCCL INFO Trees [0] 15/-1/-1->14->13 [1] 15/-1/-1->14->13
c198-032:7015:7067 [3] NCCL INFO Trees [0] -1/-1/-1->31->30 [1] -1/-1/-1->31->30
c198-021:12797:12848 [2] NCCL INFO Trees [0] 19/-1/-1->18->17 [1] 19/-1/-1->18->17
c198-022:32468:32526 [3] NCCL INFO Trees [0] -1/-1/-1->23->22 [1] -1/-1/-1->23->22
c198-031:13168:13226 [1] NCCL INFO Trees [0] 26/20/-1->25->24 [1] 26/-1/-1->25->24
c198-012:743:797 [3] NCCL INFO Trees [0] -1/-1/-1->15->14 [1] -1/-1/-1->15->14
c198-032:7012:7071 [0] NCCL INFO Trees [0] 29/-1/-1->28->24 [1] 29/12/-1->28->60
c198-021:12798:12850 [3] NCCL INFO Trees [0] -1/-1/-1->19->18 [1] -1/-1/-1->19->18
c198-022:32466:32520 [1] NCCL INFO Trees [0] 22/-1/-1->21->20 [1] 22/24/-1->21->20
c198-031:13167:13220 [0] NCCL INFO Trees [0] 25/28/-1->24->16 [1] 25/-1/-1->24->21
c198-012:741:801 [1] NCCL INFO Trees [0] 14/-1/-1->13->12 [1] 14/20/-1->13->12
c198-021:12795:12854 [0] NCCL INFO Trees [0] 17/24/-1->16->33 [1] 17/-1/-1->16->20
c198-022:32465:32524 [0] NCCL INFO Trees [0] 21/-1/-1->20->25 [1] 21/16/-1->20->13
c198-012:740:800 [0] NCCL INFO Trees [0] 13/-1/-1->12->8 [1] 13/4/-1->12->28
c198-011:3369:3420 [3] NCCL INFO Trees [0] -1/-1/-1->11->10 [1] -1/-1/-1->11->10
c196-042:7589:7641 [0] NCCL INFO Channel 00/02 :    0   1   2   3   4   5   6   7   8   9  10  11  12  13  14  15  16  17  18  19
c196-042:7589:7641 [0] NCCL INFO Channel 01/02 :    0   1   2   3   4   5   6   7   8   9  10  11  12  13  14  15  16  17  18  19
c196-042:7589:7641 [0] NCCL INFO Trees [0] 1/32/-1->0->-1 [1] 1/-1/-1->0->4
c198-072:30743:30802 [2] NCCL INFO Trees [0] 63/-1/-1->62->61 [1] 63/-1/-1->62->61
c196-042:7590:7650 [1] NCCL INFO Trees [0] 2/-1/-1->1->0 [1] 2/-1/-1->1->0
c198-011:3368:3422 [2] NCCL INFO Trees [0] 11/-1/-1->10->9 [1] 11/-1/-1->10->9
c198-071:4902:4955 [2] NCCL INFO Trees [0] 59/-1/-1->58->57 [1] 59/-1/-1->58->57
c196-051:24950:25009 [1] NCCL INFO Trees [0] 6/-1/-1->5->4 [1] 6/8/-1->5->4
c198-062:16318:16371 [2] NCCL INFO Trees [0] 55/-1/-1->54->53 [1] 55/-1/-1->54->53
c198-072:30744:30797 [3] NCCL INFO Trees [0] -1/-1/-1->63->62 [1] -1/-1/-1->63->62
c196-042:7591:7646 [2] NCCL INFO Trees [0] 3/-1/-1->2->1 [1] 3/-1/-1->2->1
c198-011:3366:3425 [0] NCCL INFO Trees [0] 9/12/-1->8->17 [1] 9/-1/-1->8->5
c198-071:4903:4957 [3] NCCL INFO Trees [0] -1/-1/-1->59->58 [1] -1/-1/-1->59->58
c196-051:24951:25005 [2] NCCL INFO Trees [0] 7/-1/-1->6->5 [1] 7/-1/-1->6->5
c198-062:16319:16369 [3] NCCL INFO Trees [0] -1/-1/-1->55->54 [1] -1/-1/-1->55->54
c198-072:30741:30800 [0] NCCL INFO Trees [0] 61/-1/-1->60->56 [1] 61/28/-1->60->-1
c196-042:7592:7648 [3] NCCL INFO Trees [0] -1/-1/-1->3->2 [1] -1/-1/-1->3->2
c198-011:3367:3426 [1] NCCL INFO Trees [0] 10/4/-1->9->8 [1] 10/-1/-1->9->8
c198-071:4900:4959 [0] NCCL INFO Trees [0] 57/60/-1->56->48 [1] 57/-1/-1->56->53
c196-051:24952:25006 [3] NCCL INFO Trees [0] -1/-1/-1->7->6 [1] -1/-1/-1->7->6
c198-062:16317:16375 [1] NCCL INFO Trees [0] 54/-1/-1->53->52 [1] 54/56/-1->53->52
c198-072:30742:30799 [1] NCCL INFO Trees [0] 62/-1/-1->61->60 [1] 62/-1/-1->61->60
c198-071:4901:4961 [1] NCCL INFO Trees [0] 58/52/-1->57->56 [1] 58/-1/-1->57->56
c196-051:24949:25010 [0] NCCL INFO Trees [0] 5/-1/-1->4->9 [1] 5/0/-1->4->12
c198-062:16316:16373 [0] NCCL INFO Channel 00/0 : 51[83000] -> 52[2000] [receive] via NET/IB/0
c198-061:30023:30083 [0] NCCL INFO Channel 00/0 : 47[83000] -> 48[2000] [receive] via NET/IB/0
c198-052:5209:5268 [0] NCCL INFO Channel 00/0 : 43[83000] -> 44[2000] [receive] via NET/IB/0
c198-051:7078:7131 [0] NCCL INFO Channel 00/0 : 39[83000] -> 40[2000] [receive] via NET/IB/0
c198-042:28720:28778 [0] NCCL INFO Channel 00/0 : 35[83000] -> 36[2000] [receive] via NET/IB/0
c198-041:26522:26581 [0] NCCL INFO Channel 00/0 : 31[83000] -> 32[2000] [receive] via NET/IB/0
c198-032:7012:7071 [0] NCCL INFO Channel 00/0 : 27[83000] -> 28[2000] [receive] via NET/IB/0
c198-031:13167:13220 [0] NCCL INFO Channel 00/0 : 23[83000] -> 24[2000] [receive] via NET/IB/0
c198-012:740:800 [0] NCCL INFO Channel 00/0 : 11[83000] -> 12[2000] [receive] via NET/IB/0
c198-021:12795:12854 [0] NCCL INFO Channel 00/0 : 15[83000] -> 16[2000] [receive] via NET/IB/0
c198-022:32465:32524 [0] NCCL INFO Channel 00/0 : 19[83000] -> 20[2000] [receive] via NET/IB/0
c198-072:30741:30800 [0] NCCL INFO Channel 00/0 : 59[83000] -> 60[2000] [receive] via NET/IB/0
c198-011:3366:3425 [0] NCCL INFO Channel 00/0 : 7[83000] -> 8[2000] [receive] via NET/IB/0
c196-051:24949:25010 [0] NCCL INFO Channel 00/0 : 3[83000] -> 4[2000] [receive] via NET/IB/0
c196-042:7589:7641 [0] NCCL INFO Channel 00/0 : 63[83000] -> 0[2000] [receive] via NET/IB/0
c198-071:4900:4959 [0] NCCL INFO Channel 00/0 : 55[83000] -> 56[2000] [receive] via NET/IB/0
c198-052:5211:5264 [2] NCCL INFO Channel 00 : 46[82000] -> 47[83000] via direct shared memory
c198-052:5211:5264 [2] NCCL INFO Channel 01 : 46[82000] -> 47[83000] via direct shared memory
c198-042:28722:28774 [2] NCCL INFO Channel 00 : 38[82000] -> 39[83000] via direct shared memory
c198-052:5210:5267 [1] NCCL INFO Channel 00 : 45[3000] -> 46[82000] via direct shared memory
c198-032:7014:7065 [2] NCCL INFO Channel 00 : 30[82000] -> 31[83000] via direct shared memory
c198-031:13169:13224 [2] NCCL INFO Channel 00 : 26[82000] -> 27[83000] via direct shared memory
c198-012:742:796 [2] NCCL INFO Channel 00 : 14[82000] -> 15[83000] via direct shared memory
c198-052:5210:5267 [1] NCCL INFO Channel 01 : 45[3000] -> 46[82000] via direct shared memory
c198-021:12797:12848 [2] NCCL INFO Channel 00 : 18[82000] -> 19[83000] via direct shared memory
c198-042:28722:28774 [2] NCCL INFO Channel 01 : 38[82000] -> 39[83000] via direct shared memory
c198-031:13169:13224 [2] NCCL INFO Channel 01 : 26[82000] -> 27[83000] via direct shared memory
c198-012:742:796 [2] NCCL INFO Channel 01 : 14[82000] -> 15[83000] via direct shared memory
c198-061:30024:30085 [1] NCCL INFO Channel 00 : 49[3000] -> 50[82000] via direct shared memory
c198-061:30025:30081 [2] NCCL INFO Channel 00 : 50[82000] -> 51[83000] via direct shared memory
c198-042:28721:28779 [1] NCCL INFO Channel 00 : 37[3000] -> 38[82000] via direct shared memory
c198-021:12797:12848 [2] NCCL INFO Channel 01 : 18[82000] -> 19[83000] via direct shared memory
c198-061:30024:30085 [1] NCCL INFO Channel 01 : 49[3000] -> 50[82000] via direct shared memory
c198-022:32467:32523 [2] NCCL INFO Channel 00 : 22[82000] -> 23[83000] via direct shared memory
c198-032:7014:7065 [2] NCCL INFO Channel 01 : 30[82000] -> 31[83000] via direct shared memory
c198-051:7080:7133 [2] NCCL INFO Channel 00 : 42[82000] -> 43[83000] via direct shared memory
c198-061:30025:30081 [2] NCCL INFO Channel 01 : 50[82000] -> 51[83000] via direct shared memory
c198-041:26524:26575 [2] NCCL INFO Channel 00 : 34[82000] -> 35[83000] via direct shared memory
c198-021:12796:12852 [1] NCCL INFO Channel 00 : 17[3000] -> 18[82000] via direct shared memory
c198-042:28721:28779 [1] NCCL INFO Channel 01 : 37[3000] -> 38[82000] via direct shared memory
c198-071:4902:4955 [2] NCCL INFO Channel 00 : 58[82000] -> 59[83000] via direct shared memory
c198-032:7013:7069 [1] NCCL INFO Channel 00 : 29[3000] -> 30[82000] via direct shared memory
c198-051:7079:7137 [1] NCCL INFO Channel 00 : 41[3000] -> 42[82000] via direct shared memory
c198-021:12796:12852 [1] NCCL INFO Channel 01 : 17[3000] -> 18[82000] via direct shared memory
c198-062:16318:16371 [2] NCCL INFO Channel 00 : 54[82000] -> 55[83000] via direct shared memory
c198-071:4902:4955 [2] NCCL INFO Channel 01 : 58[82000] -> 59[83000] via direct shared memory
c198-041:26523:26580 [1] NCCL INFO Channel 00 : 33[3000] -> 34[82000] via direct shared memory
c198-051:7080:7133 [2] NCCL INFO Channel 01 : 42[82000] -> 43[83000] via direct shared memory
c198-072:30743:30802 [2] NCCL INFO Channel 00 : 62[82000] -> 63[83000] via direct shared memory
c198-041:26524:26575 [2] NCCL INFO Channel 01 : 34[82000] -> 35[83000] via direct shared memory
c198-032:7013:7069 [1] NCCL INFO Channel 01 : 29[3000] -> 30[82000] via direct shared memory
c198-051:7079:7137 [1] NCCL INFO Channel 01 : 41[3000] -> 42[82000] via direct shared memory
c198-062:16318:16371 [2] NCCL INFO Channel 01 : 54[82000] -> 55[83000] via direct shared memory
c198-072:30742:30799 [1] NCCL INFO Channel 00 : 61[3000] -> 62[82000] via direct shared memory
c198-022:32467:32523 [2] NCCL INFO Channel 01 : 22[82000] -> 23[83000] via direct shared memory
c198-011:3368:3422 [2] NCCL INFO Channel 00 : 10[82000] -> 11[83000] via direct shared memory
c198-041:26523:26580 [1] NCCL INFO Channel 01 : 33[3000] -> 34[82000] via direct shared memory
c198-012:741:801 [1] NCCL INFO Channel 00 : 13[3000] -> 14[82000] via direct shared memory
c198-022:32466:32520 [1] NCCL INFO Channel 00 : 21[3000] -> 22[82000] via direct shared memory
c198-031:13168:13226 [1] NCCL INFO Channel 00 : 25[3000] -> 26[82000] via direct shared memory
c196-051:24951:25005 [2] NCCL INFO Channel 00 : 6[82000] -> 7[83000] via direct shared memory
c198-072:30743:30802 [2] NCCL INFO Channel 01 : 62[82000] -> 63[83000] via direct shared memory
c198-022:32466:32520 [1] NCCL INFO Channel 01 : 21[3000] -> 22[82000] via direct shared memory
c198-031:13168:13226 [1] NCCL INFO Channel 01 : 25[3000] -> 26[82000] via direct shared memory
c198-012:741:801 [1] NCCL INFO Channel 01 : 13[3000] -> 14[82000] via direct shared memory
c196-051:24950:25009 [1] NCCL INFO Channel 00 : 5[3000] -> 6[82000] via direct shared memory
c198-072:30742:30799 [1] NCCL INFO Channel 01 : 61[3000] -> 62[82000] via direct shared memory
c198-011:3368:3422 [2] NCCL INFO Channel 01 : 10[82000] -> 11[83000] via direct shared memory
c196-051:24951:25005 [2] NCCL INFO Channel 01 : 6[82000] -> 7[83000] via direct shared memory
c196-051:24950:25009 [1] NCCL INFO Channel 01 : 5[3000] -> 6[82000] via direct shared memory
c198-011:3367:3426 [1] NCCL INFO Channel 00 : 9[3000] -> 10[82000] via direct shared memory
c198-071:4901:4961 [1] NCCL INFO Channel 00 : 57[3000] -> 58[82000] via direct shared memory
c198-071:4901:4961 [1] NCCL INFO Channel 01 : 57[3000] -> 58[82000] via direct shared memory
c198-011:3367:3426 [1] NCCL INFO Channel 01 : 9[3000] -> 10[82000] via direct shared memory
c196-042:7591:7646 [2] NCCL INFO Channel 00 : 2[82000] -> 3[83000] via direct shared memory
c196-042:7590:7650 [1] NCCL INFO Channel 00 : 1[3000] -> 2[82000] via direct shared memory
c196-042:7591:7646 [2] NCCL INFO Channel 01 : 2[82000] -> 3[83000] via direct shared memory
c196-042:7590:7650 [1] NCCL INFO Channel 01 : 1[3000] -> 2[82000] via direct shared memory
c198-052:5212:5263 [3] NCCL INFO Channel 00/0 : 47[83000] -> 48[2000] [send] via NET/IB/0
c198-042:28723:28775 [3] NCCL INFO Channel 00/0 : 39[83000] -> 40[2000] [send] via NET/IB/0
c198-061:30026:30079 [3] NCCL INFO Channel 00/0 : 51[83000] -> 52[2000] [send] via NET/IB/0
c198-021:12798:12850 [3] NCCL INFO Channel 00/0 : 19[83000] -> 20[2000] [send] via NET/IB/0
c198-041:26525:26578 [3] NCCL INFO Channel 00/0 : 35[83000] -> 36[2000] [send] via NET/IB/0
c198-031:13170:13223 [3] NCCL INFO Channel 00/0 : 27[83000] -> 28[2000] [send] via NET/IB/0
c198-022:32468:32526 [3] NCCL INFO Channel 00/0 : 23[83000] -> 24[2000] [send] via NET/IB/0
c198-032:7015:7067 [3] NCCL INFO Channel 00/0 : 31[83000] -> 32[2000] [send] via NET/IB/0
c198-051:7081:7135 [3] NCCL INFO Channel 00/0 : 43[83000] -> 44[2000] [send] via NET/IB/0
c198-072:30744:30797 [3] NCCL INFO Channel 00/0 : 63[83000] -> 0[2000] [send] via NET/IB/0
c198-071:4903:4957 [3] NCCL INFO Channel 00/0 : 59[83000] -> 60[2000] [send] via NET/IB/0
c198-012:743:797 [3] NCCL INFO Channel 00/0 : 15[83000] -> 16[2000] [send] via NET/IB/0
c198-062:16319:16369 [3] NCCL INFO Channel 00/0 : 55[83000] -> 56[2000] [send] via NET/IB/0
c196-051:24952:25006 [3] NCCL INFO Channel 00/0 : 7[83000] -> 8[2000] [send] via NET/IB/0
c198-011:3369:3420 [3] NCCL INFO Channel 00/0 : 11[83000] -> 12[2000] [send] via NET/IB/0
c196-042:7592:7648 [3] NCCL INFO Channel 00/0 : 3[83000] -> 4[2000] [send] via NET/IB/0
c198-062:16317:16375 [1] NCCL INFO Channel 00 : 53[3000] -> 54[82000] via direct shared memory
c198-062:16317:16375 [1] NCCL INFO Channel 01 : 53[3000] -> 54[82000] via direct shared memory
c198-062:16316:16373 [0] NCCL INFO Channel 01/0 : 51[83000] -> 52[2000] [receive] via NET/IB/0
c198-052:5209:5268 [0] NCCL INFO Channel 01/0 : 43[83000] -> 44[2000] [receive] via NET/IB/0
c198-042:28720:28778 [0] NCCL INFO Channel 01/0 : 35[83000] -> 36[2000] [receive] via NET/IB/0
c198-062:16316:16373 [0] NCCL INFO Channel 00 : 52[2000] -> 53[3000] via direct shared memory
c198-061:30023:30083 [0] NCCL INFO Channel 01/0 : 47[83000] -> 48[2000] [receive] via NET/IB/0
c198-052:5209:5268 [0] NCCL INFO Channel 00 : 44[2000] -> 45[3000] via direct shared memory
c198-042:28720:28778 [0] NCCL INFO Channel 00 : 36[2000] -> 37[3000] via direct shared memory
c198-012:740:800 [0] NCCL INFO Channel 01/0 : 11[83000] -> 12[2000] [receive] via NET/IB/0
c198-062:16316:16373 [0] NCCL INFO Channel 01 : 52[2000] -> 53[3000] via direct shared memory
c198-052:5209:5268 [0] NCCL INFO Channel 01 : 44[2000] -> 45[3000] via direct shared memory
c198-021:12795:12854 [0] NCCL INFO Channel 01/0 : 15[83000] -> 16[2000] [receive] via NET/IB/0
c198-042:28720:28778 [0] NCCL INFO Channel 01 : 36[2000] -> 37[3000] via direct shared memory
c198-061:30023:30083 [0] NCCL INFO Channel 00 : 48[2000] -> 49[3000] via direct shared memory
c198-012:740:800 [0] NCCL INFO Channel 00 : 12[2000] -> 13[3000] via direct shared memory
c198-051:7078:7131 [0] NCCL INFO Channel 01/0 : 39[83000] -> 40[2000] [receive] via NET/IB/0
c198-021:12795:12854 [0] NCCL INFO Channel 00 : 16[2000] -> 17[3000] via direct shared memory
c198-012:740:800 [0] NCCL INFO Channel 01 : 12[2000] -> 13[3000] via direct shared memory
c198-061:30023:30083 [0] NCCL INFO Channel 01 : 48[2000] -> 49[3000] via direct shared memory
c198-041:26522:26581 [0] NCCL INFO Channel 01/0 : 31[83000] -> 32[2000] [receive] via NET/IB/0
c198-021:12795:12854 [0] NCCL INFO Channel 01 : 16[2000] -> 17[3000] via direct shared memory
c198-051:7078:7131 [0] NCCL INFO Channel 00 : 40[2000] -> 41[3000] via direct shared memory
c198-041:26522:26581 [0] NCCL INFO Channel 00 : 32[2000] -> 33[3000] via direct shared memory
c198-051:7078:7131 [0] NCCL INFO Channel 01 : 40[2000] -> 41[3000] via direct shared memory
c198-071:4900:4959 [0] NCCL INFO Channel 01/0 : 55[83000] -> 56[2000] [receive] via NET/IB/0
c198-032:7012:7071 [0] NCCL INFO Channel 01/0 : 27[83000] -> 28[2000] [receive] via NET/IB/0
c198-022:32465:32524 [0] NCCL INFO Channel 01/0 : 19[83000] -> 20[2000] [receive] via NET/IB/0
c198-011:3366:3425 [0] NCCL INFO Channel 01/0 : 7[83000] -> 8[2000] [receive] via NET/IB/0
c198-031:13167:13220 [0] NCCL INFO Channel 01/0 : 23[83000] -> 24[2000] [receive] via NET/IB/0
c198-041:26522:26581 [0] NCCL INFO Channel 01 : 32[2000] -> 33[3000] via direct shared memory
c198-072:30741:30800 [0] NCCL INFO Channel 01/0 : 59[83000] -> 60[2000] [receive] via NET/IB/0
c196-042:7589:7641 [0] NCCL INFO Channel 01/0 : 63[83000] -> 0[2000] [receive] via NET/IB/0
c198-022:32465:32524 [0] NCCL INFO Channel 00 : 20[2000] -> 21[3000] via direct shared memory
c198-071:4900:4959 [0] NCCL INFO Channel 00 : 56[2000] -> 57[3000] via direct shared memory
c198-031:13167:13220 [0] NCCL INFO Channel 00 : 24[2000] -> 25[3000] via direct shared memory
c198-032:7012:7071 [0] NCCL INFO Channel 00 : 28[2000] -> 29[3000] via direct shared memory
c198-011:3366:3425 [0] NCCL INFO Channel 00 : 8[2000] -> 9[3000] via direct shared memory
c198-071:4900:4959 [0] NCCL INFO Channel 01 : 56[2000] -> 57[3000] via direct shared memory
c198-032:7012:7071 [0] NCCL INFO Channel 01 : 28[2000] -> 29[3000] via direct shared memory
c198-072:30741:30800 [0] NCCL INFO Channel 00 : 60[2000] -> 61[3000] via direct shared memory
c198-022:32465:32524 [0] NCCL INFO Channel 01 : 20[2000] -> 21[3000] via direct shared memory
c196-042:7589:7641 [0] NCCL INFO Channel 00 : 0[2000] -> 1[3000] via direct shared memory
c198-011:3366:3425 [0] NCCL INFO Channel 01 : 8[2000] -> 9[3000] via direct shared memory
c198-031:13167:13220 [0] NCCL INFO Channel 01 : 24[2000] -> 25[3000] via direct shared memory
c198-072:30741:30800 [0] NCCL INFO Channel 01 : 60[2000] -> 61[3000] via direct shared memory
c196-042:7589:7641 [0] NCCL INFO Channel 01 : 0[2000] -> 1[3000] via direct shared memory
c196-051:24949:25010 [0] NCCL INFO Channel 01/0 : 3[83000] -> 4[2000] [receive] via NET/IB/0
