TACC:  Starting up job 6212683 
TACC:  Starting parallel tasks... 
# nThread 1 nGpus 1 minBytes 65536 maxBytes 268435456 step: 2(factor) warmup iters: 5 iters: 60 agg iters: 1 validation: 1 graph: 0
#
# Using devices
#  Rank  0 Group  0 Pid  24099 on   c196-111 device  0 [0x02] Quadro RTX 5000
#  Rank  1 Group  0 Pid  24100 on   c196-111 device  1 [0x03] Quadro RTX 5000
#  Rank  2 Group  0 Pid  24101 on   c196-111 device  2 [0x82] Quadro RTX 5000
#  Rank  3 Group  0 Pid  24102 on   c196-111 device  3 [0x83] Quadro RTX 5000
#  Rank  4 Group  0 Pid  10844 on   c196-112 device  0 [0x02] Quadro RTX 5000
#  Rank  5 Group  0 Pid  10845 on   c196-112 device  1 [0x03] Quadro RTX 5000
#  Rank  6 Group  0 Pid  10846 on   c196-112 device  2 [0x82] Quadro RTX 5000
#  Rank  7 Group  0 Pid  10847 on   c196-112 device  3 [0x83] Quadro RTX 5000
#  Rank  8 Group  0 Pid   8409 on   c197-011 device  0 [0x02] Quadro RTX 5000
#  Rank  9 Group  0 Pid   8410 on   c197-011 device  1 [0x03] Quadro RTX 5000
#  Rank 10 Group  0 Pid   8411 on   c197-011 device  2 [0x82] Quadro RTX 5000
#  Rank 11 Group  0 Pid   8412 on   c197-011 device  3 [0x83] Quadro RTX 5000
#  Rank 12 Group  0 Pid   4292 on   c197-012 device  0 [0x02] Quadro RTX 5000
#  Rank 13 Group  0 Pid   4293 on   c197-012 device  1 [0x03] Quadro RTX 5000
#  Rank 14 Group  0 Pid   4294 on   c197-012 device  2 [0x82] Quadro RTX 5000
#  Rank 15 Group  0 Pid   4295 on   c197-012 device  3 [0x83] Quadro RTX 5000
The MSCCL XML file exists: /home1/09168/ldai1/ccl-build/msccl_tools_lyd/examples/xml/xml_lyd/ring/allreduce_ring_node4_gpu16_mcl4_mck2_gan0.xml
c196-111:24099:24099 [0] NCCL INFO Bootstrap : Using ib0:192.168.44.121<0>
c196-111:24099:24099 [0] NCCL INFO NET/Plugin : No plugin found (libnccl-net.so), using internal implementation
c196-111:24099:24099 [0] NCCL INFO NET/IB : Using [0]mlx4_0:1/IB [RO]; OOB ib0:192.168.44.121<0>
c196-111:24099:24099 [0] NCCL INFO Using network IB
NCCL version 2.12.12.MSCCL.0.7.4+cuda11.3
c196-111:24101:24101 [2] NCCL INFO Bootstrap : Using ib0:192.168.44.121<0>
c196-111:24101:24101 [2] NCCL INFO NET/Plugin : No plugin found (libnccl-net.so), using internal implementation
c196-111:24100:24100 [1] NCCL INFO Bootstrap : Using ib0:192.168.44.121<0>
c196-111:24100:24100 [1] NCCL INFO NET/Plugin : No plugin found (libnccl-net.so), using internal implementation
c196-111:24102:24102 [3] NCCL INFO Bootstrap : Using ib0:192.168.44.121<0>
c196-111:24102:24102 [3] NCCL INFO NET/Plugin : No plugin found (libnccl-net.so), using internal implementation
c196-111:24101:24101 [2] NCCL INFO NET/IB : Using [0]mlx4_0:1/IB [RO]; OOB ib0:192.168.44.121<0>
c196-111:24101:24101 [2] NCCL INFO Using network IB
c196-111:24102:24102 [3] NCCL INFO NET/IB : Using [0]mlx4_0:1/IB [RO]; OOB ib0:192.168.44.121<0>
c196-111:24102:24102 [3] NCCL INFO Using network IB
c196-111:24100:24100 [1] NCCL INFO NET/IB : Using [0]mlx4_0:1/IB [RO]; OOB ib0:192.168.44.121<0>
c196-111:24100:24100 [1] NCCL INFO Using network IB
c197-012:4294:4294 [2] NCCL INFO Bootstrap : Using ib0:192.168.44.124<0>
c197-012:4294:4294 [2] NCCL INFO NET/Plugin : No plugin found (libnccl-net.so), using internal implementation
c197-012:4294:4294 [2] NCCL INFO NET/IB : Using [0]mlx4_0:1/IB [RO]; OOB ib0:192.168.44.124<0>
c197-012:4294:4294 [2] NCCL INFO Using network IB
c197-012:4295:4295 [3] NCCL INFO Bootstrap : Using ib0:192.168.44.124<0>
c197-012:4295:4295 [3] NCCL INFO NET/Plugin : No plugin found (libnccl-net.so), using internal implementation
c197-012:4295:4295 [3] NCCL INFO NET/IB : Using [0]mlx4_0:1/IB [RO]; OOB ib0:192.168.44.124<0>
c197-012:4295:4295 [3] NCCL INFO Using network IB
c197-012:4293:4293 [1] NCCL INFO Bootstrap : Using ib0:192.168.44.124<0>
c197-012:4293:4293 [1] NCCL INFO NET/Plugin : No plugin found (libnccl-net.so), using internal implementation
c197-012:4292:4292 [0] NCCL INFO Bootstrap : Using ib0:192.168.44.124<0>
c197-012:4292:4292 [0] NCCL INFO NET/Plugin : No plugin found (libnccl-net.so), using internal implementation
c197-012:4293:4293 [1] NCCL INFO NET/IB : Using [0]mlx4_0:1/IB [RO]; OOB ib0:192.168.44.124<0>
c197-012:4293:4293 [1] NCCL INFO Using network IB
c197-012:4292:4292 [0] NCCL INFO NET/IB : Using [0]mlx4_0:1/IB [RO]; OOB ib0:192.168.44.124<0>
c197-012:4292:4292 [0] NCCL INFO Using network IB
c196-112:10846:10846 [2] NCCL INFO Bootstrap : Using ib0:192.168.44.122<0>
c196-112:10846:10846 [2] NCCL INFO NET/Plugin : No plugin found (libnccl-net.so), using internal implementation
c196-112:10847:10847 [3] NCCL INFO Bootstrap : Using ib0:192.168.44.122<0>
c196-112:10847:10847 [3] NCCL INFO NET/Plugin : No plugin found (libnccl-net.so), using internal implementation
c196-112:10846:10846 [2] NCCL INFO NET/IB : Using [0]mlx4_0:1/IB [RO]; OOB ib0:192.168.44.122<0>
c196-112:10846:10846 [2] NCCL INFO Using network IB
c196-112:10847:10847 [3] NCCL INFO NET/IB : Using [0]mlx4_0:1/IB [RO]; OOB ib0:192.168.44.122<0>
c196-112:10847:10847 [3] NCCL INFO Using network IB
c197-011:8409:8409 [0] NCCL INFO Bootstrap : Using ib0:192.168.44.123<0>
c197-011:8412:8412 [3] NCCL INFO Bootstrap : Using ib0:192.168.44.123<0>
c197-011:8410:8410 [1] NCCL INFO Bootstrap : Using ib0:192.168.44.123<0>
c197-011:8411:8411 [2] NCCL INFO Bootstrap : Using ib0:192.168.44.123<0>
c197-011:8409:8409 [0] NCCL INFO NET/Plugin : No plugin found (libnccl-net.so), using internal implementation
c197-011:8410:8410 [1] NCCL INFO NET/Plugin : No plugin found (libnccl-net.so), using internal implementation
c197-011:8411:8411 [2] NCCL INFO NET/Plugin : No plugin found (libnccl-net.so), using internal implementation
c197-011:8412:8412 [3] NCCL INFO NET/Plugin : No plugin found (libnccl-net.so), using internal implementation
c196-112:10845:10845 [1] NCCL INFO Bootstrap : Using ib0:192.168.44.122<0>
c196-112:10845:10845 [1] NCCL INFO NET/Plugin : No plugin found (libnccl-net.so), using internal implementation
c196-112:10845:10845 [1] NCCL INFO NET/IB : Using [0]mlx4_0:1/IB [RO]; OOB ib0:192.168.44.122<0>
c196-112:10845:10845 [1] NCCL INFO Using network IB
c196-112:10844:10844 [0] NCCL INFO Bootstrap : Using ib0:192.168.44.122<0>
c196-112:10844:10844 [0] NCCL INFO NET/Plugin : No plugin found (libnccl-net.so), using internal implementation
c196-112:10844:10844 [0] NCCL INFO NET/IB : Using [0]mlx4_0:1/IB [RO]; OOB ib0:192.168.44.122<0>
c196-112:10844:10844 [0] NCCL INFO Using network IB
c197-011:8409:8409 [0] NCCL INFO NET/IB : Using [0]mlx4_0:1/IB [RO]; OOB ib0:192.168.44.123<0>
c197-011:8409:8409 [0] NCCL INFO Using network IB
c197-011:8410:8410 [1] NCCL INFO NET/IB : Using [0]mlx4_0:1/IB [RO]; OOB ib0:192.168.44.123<0>
c197-011:8410:8410 [1] NCCL INFO Using network IB
c197-011:8411:8411 [2] NCCL INFO NET/IB : Using [0]mlx4_0:1/IB [RO]; OOB ib0:192.168.44.123<0>
c197-011:8411:8411 [2] NCCL INFO Using network IB
c197-011:8412:8412 [3] NCCL INFO NET/IB : Using [0]mlx4_0:1/IB [RO]; OOB ib0:192.168.44.123<0>
c197-011:8412:8412 [3] NCCL INFO Using network IB
c196-111:24099:24150 [0] NCCL INFO Setting affinity for GPU 0 to 0f000f
c197-012:4295:4347 [3] NCCL INFO Setting affinity for GPU 3 to f000f000
c197-011:8412:8467 [3] NCCL INFO Setting affinity for GPU 3 to f000f000
c196-112:10847:10899 [3] NCCL INFO Setting affinity for GPU 3 to f000f000
c196-111:24102:24157 [3] NCCL INFO Setting affinity for GPU 3 to f000f000
c196-111:24101:24155 [2] NCCL INFO Setting affinity for GPU 2 to 0f000f00
c196-111:24100:24159 [1] NCCL INFO Setting affinity for GPU 1 to f000f0
c196-112:10845:10901 [1] NCCL INFO Setting affinity for GPU 1 to f000f0
c197-012:4292:4351 [0] NCCL INFO Setting affinity for GPU 0 to 0f000f
c196-112:10846:10897 [2] NCCL INFO Setting affinity for GPU 2 to 0f000f00
c196-112:10844:10903 [0] NCCL INFO Setting affinity for GPU 0 to 0f000f
c197-011:8410:8468 [1] NCCL INFO Setting affinity for GPU 1 to f000f0
c197-012:4293:4349 [1] NCCL INFO Setting affinity for GPU 1 to f000f0
c197-012:4294:4345 [2] NCCL INFO Setting affinity for GPU 2 to 0f000f00
c197-011:8411:8466 [2] NCCL INFO Setting affinity for GPU 2 to 0f000f00
c197-011:8409:8463 [0] NCCL INFO Setting affinity for GPU 0 to 0f000f
c196-111:24101:24155 [2] NCCL INFO Trees [0] 3/-1/-1->2->1 [1] 3/-1/-1->2->1
c196-112:10847:10899 [3] NCCL INFO Trees [0] -1/-1/-1->7->6 [1] -1/-1/-1->7->6
c197-011:8409:8463 [0] NCCL INFO Trees [0] 9/12/-1->8->0 [1] 9/-1/-1->8->5
c196-111:24102:24157 [3] NCCL INFO Trees [0] -1/-1/-1->3->2 [1] -1/-1/-1->3->2
c196-112:10846:10897 [2] NCCL INFO Trees [0] 7/-1/-1->6->5 [1] 7/-1/-1->6->5
c197-011:8410:8468 [1] NCCL INFO Trees [0] 10/4/-1->9->8 [1] 10/-1/-1->9->8
c197-012:4292:4351 [0] NCCL INFO Trees [0] 13/-1/-1->12->8 [1] 13/4/-1->12->-1
c196-111:24100:24159 [1] NCCL INFO Trees [0] 2/-1/-1->1->0 [1] 2/-1/-1->1->0
c196-112:10845:10901 [1] NCCL INFO Trees [0] 6/-1/-1->5->4 [1] 6/8/-1->5->4
c197-011:8412:8467 [3] NCCL INFO Trees [0] -1/-1/-1->11->10 [1] -1/-1/-1->11->10
c197-012:4293:4349 [1] NCCL INFO Trees [0] 14/-1/-1->13->12 [1] 14/-1/-1->13->12
c196-111:24099:24150 [0] NCCL INFO Channel 00/02 :    0   1   2   3   4   5   6   7   8   9  10  11  12  13  14  15
c196-112:10844:10903 [0] NCCL INFO Trees [0] 5/-1/-1->4->9 [1] 5/0/-1->4->12
c197-011:8411:8466 [2] NCCL INFO Trees [0] 11/-1/-1->10->9 [1] 11/-1/-1->10->9
c197-012:4295:4347 [3] NCCL INFO Trees [0] -1/-1/-1->15->14 [1] -1/-1/-1->15->14
c196-111:24099:24150 [0] NCCL INFO Channel 01/02 :    0   1   2   3   4   5   6   7   8   9  10  11  12  13  14  15
c197-012:4294:4345 [2] NCCL INFO Trees [0] 15/-1/-1->14->13 [1] 15/-1/-1->14->13
c196-111:24099:24150 [0] NCCL INFO Trees [0] 1/8/-1->0->-1 [1] 1/-1/-1->0->4
c197-012:4292:4351 [0] NCCL INFO Channel 00/0 : 11[83000] -> 12[2000] [receive] via NET/IB/0
c196-112:10844:10903 [0] NCCL INFO Channel 00/0 : 3[83000] -> 4[2000] [receive] via NET/IB/0
c196-111:24099:24150 [0] NCCL INFO Channel 00/0 : 15[83000] -> 0[2000] [receive] via NET/IB/0
c197-011:8409:8463 [0] NCCL INFO Channel 00/0 : 7[83000] -> 8[2000] [receive] via NET/IB/0
c197-012:4293:4349 [1] NCCL INFO Channel 00 : 13[3000] -> 14[82000] via direct shared memory
c197-012:4294:4345 [2] NCCL INFO Channel 00 : 14[82000] -> 15[83000] via direct shared memory
c197-012:4294:4345 [2] NCCL INFO Channel 01 : 14[82000] -> 15[83000] via direct shared memory
c197-012:4293:4349 [1] NCCL INFO Channel 01 : 13[3000] -> 14[82000] via direct shared memory
c196-111:24101:24155 [2] NCCL INFO Channel 00 : 2[82000] -> 3[83000] via direct shared memory
c196-111:24101:24155 [2] NCCL INFO Channel 01 : 2[82000] -> 3[83000] via direct shared memory
c197-011:8411:8466 [2] NCCL INFO Channel 00 : 10[82000] -> 11[83000] via direct shared memory
c197-011:8410:8468 [1] NCCL INFO Channel 00 : 9[3000] -> 10[82000] via direct shared memory
c197-011:8411:8466 [2] NCCL INFO Channel 01 : 10[82000] -> 11[83000] via direct shared memory
c197-011:8410:8468 [1] NCCL INFO Channel 01 : 9[3000] -> 10[82000] via direct shared memory
c196-111:24100:24159 [1] NCCL INFO Channel 00 : 1[3000] -> 2[82000] via direct shared memory
c196-112:10846:10897 [2] NCCL INFO Channel 00 : 6[82000] -> 7[83000] via direct shared memory
c196-112:10845:10901 [1] NCCL INFO Channel 00 : 5[3000] -> 6[82000] via direct shared memory
c196-112:10846:10897 [2] NCCL INFO Channel 01 : 6[82000] -> 7[83000] via direct shared memory
c196-111:24100:24159 [1] NCCL INFO Channel 01 : 1[3000] -> 2[82000] via direct shared memory
c196-112:10845:10901 [1] NCCL INFO Channel 01 : 5[3000] -> 6[82000] via direct shared memory
c197-012:4295:4347 [3] NCCL INFO Channel 00/0 : 15[83000] -> 0[2000] [send] via NET/IB/0
c197-011:8412:8467 [3] NCCL INFO Channel 00/0 : 11[83000] -> 12[2000] [send] via NET/IB/0
c196-111:24102:24157 [3] NCCL INFO Channel 00/0 : 3[83000] -> 4[2000] [send] via NET/IB/0
c196-112:10847:10899 [3] NCCL INFO Channel 00/0 : 7[83000] -> 8[2000] [send] via NET/IB/0
c196-112:10844:10903 [0] NCCL INFO Channel 01/0 : 3[83000] -> 4[2000] [receive] via NET/IB/0
c197-012:4292:4351 [0] NCCL INFO Channel 01/0 : 11[83000] -> 12[2000] [receive] via NET/IB/0
c197-012:4292:4351 [0] NCCL INFO Channel 00 : 12[2000] -> 13[3000] via direct shared memory
c197-012:4292:4351 [0] NCCL INFO Channel 01 : 12[2000] -> 13[3000] via direct shared memory
c197-011:8409:8463 [0] NCCL INFO Channel 01/0 : 7[83000] -> 8[2000] [receive] via NET/IB/0
c196-111:24099:24150 [0] NCCL INFO Channel 01/0 : 15[83000] -> 0[2000] [receive] via NET/IB/0
c197-011:8409:8463 [0] NCCL INFO Channel 00 : 8[2000] -> 9[3000] via direct shared memory
c196-111:24099:24150 [0] NCCL INFO Channel 00 : 0[2000] -> 1[3000] via direct shared memory
c197-011:8409:8463 [0] NCCL INFO Channel 01 : 8[2000] -> 9[3000] via direct shared memory
c196-111:24099:24150 [0] NCCL INFO Channel 01 : 0[2000] -> 1[3000] via direct shared memory
c196-111:24100:24159 [1] NCCL INFO Connected all rings
c197-011:8410:8468 [1] NCCL INFO Connected all rings
c197-012:4293:4349 [1] NCCL INFO Connected all rings
c197-011:8410:8468 [1] NCCL INFO Channel 00/0 : 4[2000] -> 9[3000] [receive] via NET/IB/0
c196-112:10844:10903 [0] NCCL INFO Channel 00 : 4[2000] -> 5[3000] via direct shared memory
c196-112:10844:10903 [0] NCCL INFO Channel 01 : 4[2000] -> 5[3000] via direct shared memory
c197-012:4295:4347 [3] NCCL INFO Channel 01/0 : 15[83000] -> 0[2000] [send] via NET/IB/0
c196-112:10845:10901 [1] NCCL INFO Connected all rings
c197-011:8412:8467 [3] NCCL INFO Channel 01/0 : 11[83000] -> 12[2000] [send] via NET/IB/0
c196-111:24102:24157 [3] NCCL INFO Channel 01/0 : 3[83000] -> 4[2000] [send] via NET/IB/0
c196-112:10847:10899 [3] NCCL INFO Channel 01/0 : 7[83000] -> 8[2000] [send] via NET/IB/0
c196-112:10845:10901 [1] NCCL INFO Channel 01/0 : 5[3000] -> 8[2000] [send] via NET/IB/0
c197-012:4294:4345 [2] NCCL INFO Connected all rings
c197-012:4293:4349 [1] NCCL INFO Channel 00 : 13[3000] -> 12[2000] via direct shared memory
c197-011:8411:8466 [2] NCCL INFO Connected all rings
c197-012:4293:4349 [1] NCCL INFO Channel 01 : 13[3000] -> 12[2000] via direct shared memory
c196-112:10846:10897 [2] NCCL INFO Connected all rings
c196-111:24101:24155 [2] NCCL INFO Connected all rings
c196-111:24100:24159 [1] NCCL INFO Channel 00 : 1[3000] -> 0[2000] via direct shared memory
c196-111:24100:24159 [1] NCCL INFO Channel 01 : 1[3000] -> 0[2000] via direct shared memory
c197-012:4295:4347 [3] NCCL INFO Connected all rings
c197-012:4295:4347 [3] NCCL INFO Channel 00 : 15[83000] -> 14[82000] via direct shared memory
c197-012:4295:4347 [3] NCCL INFO Channel 01 : 15[83000] -> 14[82000] via direct shared memory
c196-112:10847:10899 [3] NCCL INFO Connected all rings
c196-111:24102:24157 [3] NCCL INFO Connected all rings
c197-011:8412:8467 [3] NCCL INFO Connected all rings
c196-112:10847:10899 [3] NCCL INFO Channel 00 : 7[83000] -> 6[82000] via direct shared memory
c197-011:8412:8467 [3] NCCL INFO Channel 00 : 11[83000] -> 10[82000] via direct shared memory
c196-111:24102:24157 [3] NCCL INFO Channel 00 : 3[83000] -> 2[82000] via direct shared memory
c196-112:10847:10899 [3] NCCL INFO Channel 01 : 7[83000] -> 6[82000] via direct shared memory
c197-011:8412:8467 [3] NCCL INFO Channel 01 : 11[83000] -> 10[82000] via direct shared memory
c196-111:24102:24157 [3] NCCL INFO Channel 01 : 3[83000] -> 2[82000] via direct shared memory
c196-111:24099:24150 [0] NCCL INFO Connected all rings
c197-012:4294:4345 [2] NCCL INFO Channel 00 : 14[82000] -> 13[3000] via direct shared memory
c197-012:4294:4345 [2] NCCL INFO Channel 01 : 14[82000] -> 13[3000] via direct shared memory
c197-011:8409:8463 [0] NCCL INFO Connected all rings
c197-012:4292:4351 [0] NCCL INFO Connected all rings
c196-112:10844:10903 [0] NCCL INFO Connected all rings
c197-011:8411:8466 [2] NCCL INFO Channel 00 : 10[82000] -> 9[3000] via direct shared memory
c197-011:8411:8466 [2] NCCL INFO Channel 01 : 10[82000] -> 9[3000] via direct shared memory
c197-012:4295:4347 [3] NCCL INFO Connected all trees
c197-012:4295:4347 [3] NCCL INFO MSCCL_XML_FILES set by environment to /home1/09168/ldai1/ccl-build/msccl_tools_lyd/examples/xml/xml_lyd/ring/allreduce_ring_node4_gpu16_mcl4_mck2_gan0.xml
c196-111:24101:24155 [2] NCCL INFO Channel 00 : 2[82000] -> 1[3000] via direct shared memory
c197-012:4295:4347 [3] NCCL INFO MSCCL: Parsing algorithm /home1/09168/ldai1/ccl-build/msccl_tools_lyd/examples/xml/xml_lyd/ring/allreduce_ring_node4_gpu16_mcl4_mck2_gan0.xml
c196-111:24101:24155 [2] NCCL INFO Channel 01 : 2[82000] -> 1[3000] via direct shared memory
c196-112:10846:10897 [2] NCCL INFO Channel 00 : 6[82000] -> 5[3000] via direct shared memory
c196-112:10846:10897 [2] NCCL INFO Channel 01 : 6[82000] -> 5[3000] via direct shared memory
c197-012:4294:4345 [2] NCCL INFO Connected all trees
c197-012:4294:4345 [2] NCCL INFO MSCCL_XML_FILES set by environment to /home1/09168/ldai1/ccl-build/msccl_tools_lyd/examples/xml/xml_lyd/ring/allreduce_ring_node4_gpu16_mcl4_mck2_gan0.xml
c197-012:4294:4345 [2] NCCL INFO MSCCL: Parsing algorithm /home1/09168/ldai1/ccl-build/msccl_tools_lyd/examples/xml/xml_lyd/ring/allreduce_ring_node4_gpu16_mcl4_mck2_gan0.xml
c197-011:8412:8467 [3] NCCL INFO Connected all trees
c197-011:8412:8467 [3] NCCL INFO MSCCL_XML_FILES set by environment to /home1/09168/ldai1/ccl-build/msccl_tools_lyd/examples/xml/xml_lyd/ring/allreduce_ring_node4_gpu16_mcl4_mck2_gan0.xml
c197-011:8412:8467 [3] NCCL INFO MSCCL: Parsing algorithm /home1/09168/ldai1/ccl-build/msccl_tools_lyd/examples/xml/xml_lyd/ring/allreduce_ring_node4_gpu16_mcl4_mck2_gan0.xml
c196-111:24102:24157 [3] NCCL INFO Connected all trees
c196-111:24102:24157 [3] NCCL INFO MSCCL_XML_FILES set by environment to /home1/09168/ldai1/ccl-build/msccl_tools_lyd/examples/xml/xml_lyd/ring/allreduce_ring_node4_gpu16_mcl4_mck2_gan0.xml
c196-111:24102:24157 [3] NCCL INFO MSCCL: Parsing algorithm /home1/09168/ldai1/ccl-build/msccl_tools_lyd/examples/xml/xml_lyd/ring/allreduce_ring_node4_gpu16_mcl4_mck2_gan0.xml
c196-112:10847:10899 [3] NCCL INFO Connected all trees
c196-112:10847:10899 [3] NCCL INFO MSCCL_XML_FILES set by environment to /home1/09168/ldai1/ccl-build/msccl_tools_lyd/examples/xml/xml_lyd/ring/allreduce_ring_node4_gpu16_mcl4_mck2_gan0.xml
c196-112:10847:10899 [3] NCCL INFO MSCCL: Parsing algorithm /home1/09168/ldai1/ccl-build/msccl_tools_lyd/examples/xml/xml_lyd/ring/allreduce_ring_node4_gpu16_mcl4_mck2_gan0.xml
c196-111:24101:24155 [2] NCCL INFO Connected all trees
c196-111:24101:24155 [2] NCCL INFO MSCCL_XML_FILES set by environment to /home1/09168/ldai1/ccl-build/msccl_tools_lyd/examples/xml/xml_lyd/ring/allreduce_ring_node4_gpu16_mcl4_mck2_gan0.xml
c196-111:24101:24155 [2] NCCL INFO MSCCL: Parsing algorithm /home1/09168/ldai1/ccl-build/msccl_tools_lyd/examples/xml/xml_lyd/ring/allreduce_ring_node4_gpu16_mcl4_mck2_gan0.xml
c196-111:24099:24150 [0] NCCL INFO Channel 01/0 : 0[2000] -> 4[2000] [send] via NET/IB/0
c197-011:8409:8463 [0] NCCL INFO Channel 01/0 : 5[3000] -> 8[2000] [receive] via NET/IB/0
c197-012:4292:4351 [0] NCCL INFO Channel 00/0 : 8[2000] -> 12[2000] [receive] via NET/IB/0
c196-112:10844:10903 [0] NCCL INFO Channel 01/0 : 0[2000] -> 4[2000] [receive] via NET/IB/0
c197-012:4295:4347 [3] NCCL INFO Parsed MSCCL Algorithm /home1/09168/ldai1/ccl-build/msccl_tools_lyd/examples/xml/xml_lyd/ring/allreduce_ring_node4_gpu16_mcl4_mck2_gan0.xml successfully.
c196-111:24101:24155 [2] NCCL INFO Parsed MSCCL Algorithm /home1/09168/ldai1/ccl-build/msccl_tools_lyd/examples/xml/xml_lyd/ring/allreduce_ring_node4_gpu16_mcl4_mck2_gan0.xml successfully.
c197-012:4294:4345 [2] NCCL INFO Parsed MSCCL Algorithm /home1/09168/ldai1/ccl-build/msccl_tools_lyd/examples/xml/xml_lyd/ring/allreduce_ring_node4_gpu16_mcl4_mck2_gan0.xml successfully.
c196-112:10847:10899 [3] NCCL INFO Parsed MSCCL Algorithm /home1/09168/ldai1/ccl-build/msccl_tools_lyd/examples/xml/xml_lyd/ring/allreduce_ring_node4_gpu16_mcl4_mck2_gan0.xml successfully.
c196-111:24102:24157 [3] NCCL INFO Parsed MSCCL Algorithm /home1/09168/ldai1/ccl-build/msccl_tools_lyd/examples/xml/xml_lyd/ring/allreduce_ring_node4_gpu16_mcl4_mck2_gan0.xml successfully.
c197-011:8412:8467 [3] NCCL INFO Parsed MSCCL Algorithm /home1/09168/ldai1/ccl-build/msccl_tools_lyd/examples/xml/xml_lyd/ring/allreduce_ring_node4_gpu16_mcl4_mck2_gan0.xml successfully.
c197-012:4294:4345 [2] NCCL INFO Channel 02 : 14[82000] -> 15[83000] via direct shared memory
c197-012:4294:4345 [2] NCCL INFO Channel 03 : 14[82000] -> 15[83000] via direct shared memory
c196-111:24101:24155 [2] NCCL INFO Channel 02 : 2[82000] -> 3[83000] via direct shared memory
c196-111:24101:24155 [2] NCCL INFO Channel 03 : 2[82000] -> 3[83000] via direct shared memory
c197-012:4295:4347 [3] NCCL INFO Channel 02/0 : 15[83000] -> 0[2000] [send] via NET/IB/0
c196-112:10847:10899 [3] NCCL INFO Channel 02/0 : 7[83000] -> 8[2000] [send] via NET/IB/0
c197-011:8412:8467 [3] NCCL INFO Channel 02/0 : 11[83000] -> 12[2000] [send] via NET/IB/0
c196-111:24102:24157 [3] NCCL INFO Channel 02/0 : 3[83000] -> 4[2000] [send] via NET/IB/0
c196-112:10845:10901 [1] NCCL INFO Channel 01/0 : 8[2000] -> 5[3000] [receive] via NET/IB/0
c197-011:8409:8463 [0] NCCL INFO Channel 00/0 : 8[2000] -> 12[2000] [send] via NET/IB/0
c196-111:24099:24150 [0] NCCL INFO Channel 00/0 : 8[2000] -> 0[2000] [receive] via NET/IB/0
c196-112:10844:10903 [0] NCCL INFO Channel 00/0 : 4[2000] -> 9[3000] [send] via NET/IB/0
c196-111:24099:24150 [0] NCCL INFO Channel 00/0 : 0[2000] -> 8[2000] [send] via NET/IB/0
c196-112:10844:10903 [0] NCCL INFO Channel 01/0 : 12[2000] -> 4[2000] [receive] via NET/IB/0
c197-011:8410:8468 [1] NCCL INFO Channel 00/0 : 9[3000] -> 4[2000] [send] via NET/IB/0
c197-012:4292:4351 [0] NCCL INFO Channel 01/0 : 4[2000] -> 12[2000] [receive] via NET/IB/0
c197-011:8409:8463 [0] NCCL INFO Channel 00/0 : 0[2000] -> 8[2000] [receive] via NET/IB/0
c196-112:10844:10903 [0] NCCL INFO Channel 01/0 : 4[2000] -> 12[2000] [send] via NET/IB/0
c197-012:4292:4351 [0] NCCL INFO Channel 01/0 : 12[2000] -> 4[2000] [send] via NET/IB/0
c197-011:8409:8463 [0] NCCL INFO Channel 00/0 : 8[2000] -> 0[2000] [send] via NET/IB/0
c196-112:10844:10903 [0] NCCL INFO Channel 00/0 : 9[3000] -> 4[2000] [receive] via NET/IB/0
c196-111:24099:24150 [0] NCCL INFO Channel 01/0 : 4[2000] -> 0[2000] [receive] via NET/IB/0
c197-011:8409:8463 [0] NCCL INFO Channel 00/0 : 12[2000] -> 8[2000] [receive] via NET/IB/0
c197-012:4292:4351 [0] NCCL INFO Channel 00/0 : 12[2000] -> 8[2000] [send] via NET/IB/0
c197-011:8410:8468 [1] NCCL INFO Channel 00 : 9[3000] -> 8[2000] via direct shared memory
c197-011:8410:8468 [1] NCCL INFO Channel 01 : 9[3000] -> 8[2000] via direct shared memory
c197-012:4292:4351 [0] NCCL INFO Connected all trees
c197-012:4292:4351 [0] NCCL INFO MSCCL_XML_FILES set by environment to /home1/09168/ldai1/ccl-build/msccl_tools_lyd/examples/xml/xml_lyd/ring/allreduce_ring_node4_gpu16_mcl4_mck2_gan0.xml
c197-012:4292:4351 [0] NCCL INFO MSCCL: Parsing algorithm /home1/09168/ldai1/ccl-build/msccl_tools_lyd/examples/xml/xml_lyd/ring/allreduce_ring_node4_gpu16_mcl4_mck2_gan0.xml
c197-011:8411:8466 [2] NCCL INFO Connected all trees
c197-011:8411:8466 [2] NCCL INFO MSCCL_XML_FILES set by environment to /home1/09168/ldai1/ccl-build/msccl_tools_lyd/examples/xml/xml_lyd/ring/allreduce_ring_node4_gpu16_mcl4_mck2_gan0.xml
c197-011:8411:8466 [2] NCCL INFO MSCCL: Parsing algorithm /home1/09168/ldai1/ccl-build/msccl_tools_lyd/examples/xml/xml_lyd/ring/allreduce_ring_node4_gpu16_mcl4_mck2_gan0.xml
c197-012:4293:4349 [1] NCCL INFO Connected all trees
c197-012:4293:4349 [1] NCCL INFO MSCCL_XML_FILES set by environment to /home1/09168/ldai1/ccl-build/msccl_tools_lyd/examples/xml/xml_lyd/ring/allreduce_ring_node4_gpu16_mcl4_mck2_gan0.xml
c197-012:4293:4349 [1] NCCL INFO MSCCL: Parsing algorithm /home1/09168/ldai1/ccl-build/msccl_tools_lyd/examples/xml/xml_lyd/ring/allreduce_ring_node4_gpu16_mcl4_mck2_gan0.xml
c196-112:10844:10903 [0] NCCL INFO Channel 01/0 : 4[2000] -> 0[2000] [send] via NET/IB/0
c197-012:4292:4351 [0] NCCL INFO Parsed MSCCL Algorithm /home1/09168/ldai1/ccl-build/msccl_tools_lyd/examples/xml/xml_lyd/ring/allreduce_ring_node4_gpu16_mcl4_mck2_gan0.xml successfully.
c197-011:8411:8466 [2] NCCL INFO Parsed MSCCL Algorithm /home1/09168/ldai1/ccl-build/msccl_tools_lyd/examples/xml/xml_lyd/ring/allreduce_ring_node4_gpu16_mcl4_mck2_gan0.xml successfully.
c197-011:8409:8463 [0] NCCL INFO Channel 01/0 : 8[2000] -> 5[3000] [send] via NET/IB/0
c197-012:4293:4349 [1] NCCL INFO Parsed MSCCL Algorithm /home1/09168/ldai1/ccl-build/msccl_tools_lyd/examples/xml/xml_lyd/ring/allreduce_ring_node4_gpu16_mcl4_mck2_gan0.xml successfully.
c197-011:8411:8466 [2] NCCL INFO Channel 02 : 10[82000] -> 11[83000] via direct shared memory
c197-011:8411:8466 [2] NCCL INFO Channel 03 : 10[82000] -> 11[83000] via direct shared memory
c197-012:4293:4349 [1] NCCL INFO Channel 02 : 13[3000] -> 14[82000] via direct shared memory
c196-111:24099:24150 [0] NCCL INFO Connected all trees
c196-111:24099:24150 [0] NCCL INFO MSCCL_XML_FILES set by environment to /home1/09168/ldai1/ccl-build/msccl_tools_lyd/examples/xml/xml_lyd/ring/allreduce_ring_node4_gpu16_mcl4_mck2_gan0.xml
c196-111:24099:24150 [0] NCCL INFO MSCCL: Parsing algorithm /home1/09168/ldai1/ccl-build/msccl_tools_lyd/examples/xml/xml_lyd/ring/allreduce_ring_node4_gpu16_mcl4_mck2_gan0.xml
c196-111:24100:24159 [1] NCCL INFO Connected all trees
c196-111:24100:24159 [1] NCCL INFO MSCCL_XML_FILES set by environment to /home1/09168/ldai1/ccl-build/msccl_tools_lyd/examples/xml/xml_lyd/ring/allreduce_ring_node4_gpu16_mcl4_mck2_gan0.xml
c196-111:24100:24159 [1] NCCL INFO MSCCL: Parsing algorithm /home1/09168/ldai1/ccl-build/msccl_tools_lyd/examples/xml/xml_lyd/ring/allreduce_ring_node4_gpu16_mcl4_mck2_gan0.xml
c197-011:8409:8463 [0] NCCL INFO Connected all trees
c197-011:8409:8463 [0] NCCL INFO MSCCL_XML_FILES set by environment to /home1/09168/ldai1/ccl-build/msccl_tools_lyd/examples/xml/xml_lyd/ring/allreduce_ring_node4_gpu16_mcl4_mck2_gan0.xml
c197-011:8409:8463 [0] NCCL INFO MSCCL: Parsing algorithm /home1/09168/ldai1/ccl-build/msccl_tools_lyd/examples/xml/xml_lyd/ring/allreduce_ring_node4_gpu16_mcl4_mck2_gan0.xml
c197-012:4294:4345 [2] NCCL INFO Channel 01/0 : 14[82000] -> 1[3000] [send] via NET/IB/0
c196-112:10845:10901 [1] NCCL INFO Channel 00 : 5[3000] -> 4[2000] via direct shared memory
c196-112:10845:10901 [1] NCCL INFO Channel 01 : 5[3000] -> 4[2000] via direct shared memory
c196-112:10844:10903 [0] NCCL INFO Connected all trees
c197-011:8410:8468 [1] NCCL INFO Connected all trees
c197-011:8410:8468 [1] NCCL INFO MSCCL_XML_FILES set by environment to /home1/09168/ldai1/ccl-build/msccl_tools_lyd/examples/xml/xml_lyd/ring/allreduce_ring_node4_gpu16_mcl4_mck2_gan0.xml
c197-011:8410:8468 [1] NCCL INFO MSCCL: Parsing algorithm /home1/09168/ldai1/ccl-build/msccl_tools_lyd/examples/xml/xml_lyd/ring/allreduce_ring_node4_gpu16_mcl4_mck2_gan0.xml
c196-112:10844:10903 [0] NCCL INFO MSCCL_XML_FILES set by environment to /home1/09168/ldai1/ccl-build/msccl_tools_lyd/examples/xml/xml_lyd/ring/allreduce_ring_node4_gpu16_mcl4_mck2_gan0.xml
c196-112:10844:10903 [0] NCCL INFO MSCCL: Parsing algorithm /home1/09168/ldai1/ccl-build/msccl_tools_lyd/examples/xml/xml_lyd/ring/allreduce_ring_node4_gpu16_mcl4_mck2_gan0.xml
c196-112:10845:10901 [1] NCCL INFO Connected all trees
c196-112:10845:10901 [1] NCCL INFO MSCCL_XML_FILES set by environment to /home1/09168/ldai1/ccl-build/msccl_tools_lyd/examples/xml/xml_lyd/ring/allreduce_ring_node4_gpu16_mcl4_mck2_gan0.xml
c196-112:10845:10901 [1] NCCL INFO MSCCL: Parsing algorithm /home1/09168/ldai1/ccl-build/msccl_tools_lyd/examples/xml/xml_lyd/ring/allreduce_ring_node4_gpu16_mcl4_mck2_gan0.xml
c196-112:10846:10897 [2] NCCL INFO Connected all trees
c196-112:10846:10897 [2] NCCL INFO MSCCL_XML_FILES set by environment to /home1/09168/ldai1/ccl-build/msccl_tools_lyd/examples/xml/xml_lyd/ring/allreduce_ring_node4_gpu16_mcl4_mck2_gan0.xml
c196-112:10846:10897 [2] NCCL INFO MSCCL: Parsing algorithm /home1/09168/ldai1/ccl-build/msccl_tools_lyd/examples/xml/xml_lyd/ring/allreduce_ring_node4_gpu16_mcl4_mck2_gan0.xml
c197-012:4292:4351 [0] NCCL INFO Channel 02/0 : 11[83000] -> 12[2000] [receive] via NET/IB/0
c197-012:4292:4351 [0] NCCL INFO Channel 02 : 12[2000] -> 13[3000] via direct shared memory
c197-012:4292:4351 [0] NCCL INFO Channel 03 : 12[2000] -> 13[3000] via direct shared memory
c196-111:24099:24150 [0] NCCL INFO Parsed MSCCL Algorithm /home1/09168/ldai1/ccl-build/msccl_tools_lyd/examples/xml/xml_lyd/ring/allreduce_ring_node4_gpu16_mcl4_mck2_gan0.xml successfully.
c197-011:8409:8463 [0] NCCL INFO Parsed MSCCL Algorithm /home1/09168/ldai1/ccl-build/msccl_tools_lyd/examples/xml/xml_lyd/ring/allreduce_ring_node4_gpu16_mcl4_mck2_gan0.xml successfully.
c197-012:4293:4349 [1] NCCL INFO Channel 01/0 : 10[82000] -> 13[3000] [receive] via NET/IB/0
c196-111:24100:24159 [1] NCCL INFO Parsed MSCCL Algorithm /home1/09168/ldai1/ccl-build/msccl_tools_lyd/examples/xml/xml_lyd/ring/allreduce_ring_node4_gpu16_mcl4_mck2_gan0.xml successfully.
c196-112:10844:10903 [0] NCCL INFO Parsed MSCCL Algorithm /home1/09168/ldai1/ccl-build/msccl_tools_lyd/examples/xml/xml_lyd/ring/allreduce_ring_node4_gpu16_mcl4_mck2_gan0.xml successfully.
c197-011:8410:8468 [1] NCCL INFO Parsed MSCCL Algorithm /home1/09168/ldai1/ccl-build/msccl_tools_lyd/examples/xml/xml_lyd/ring/allreduce_ring_node4_gpu16_mcl4_mck2_gan0.xml successfully.
c196-112:10844:10903 [0] NCCL INFO Channel 02/0 : 3[83000] -> 4[2000] [receive] via NET/IB/0
c196-112:10844:10903 [0] NCCL INFO Channel 02 : 4[2000] -> 5[3000] via direct shared memory
c196-112:10844:10903 [0] NCCL INFO Channel 03 : 4[2000] -> 5[3000] via direct shared memory
c196-112:10845:10901 [1] NCCL INFO Parsed MSCCL Algorithm /home1/09168/ldai1/ccl-build/msccl_tools_lyd/examples/xml/xml_lyd/ring/allreduce_ring_node4_gpu16_mcl4_mck2_gan0.xml successfully.
c197-012:4292:4351 [0] NCCL INFO Channel 01 : 12[2000] -> 15[83000] via direct shared memory
c196-112:10846:10897 [2] NCCL INFO Parsed MSCCL Algorithm /home1/09168/ldai1/ccl-build/msccl_tools_lyd/examples/xml/xml_lyd/ring/allreduce_ring_node4_gpu16_mcl4_mck2_gan0.xml successfully.
c196-111:24100:24159 [1] NCCL INFO Channel 02 : 1[3000] -> 2[82000] via direct shared memory
c196-112:10846:10897 [2] NCCL INFO Channel 02 : 6[82000] -> 7[83000] via direct shared memory
c196-112:10846:10897 [2] NCCL INFO Channel 03 : 6[82000] -> 7[83000] via direct shared memory
c197-011:8410:8468 [1] NCCL INFO Channel 02 : 9[3000] -> 10[82000] via direct shared memory
c196-111:24101:24155 [2] NCCL INFO Channel 01/0 : 2[82000] -> 5[3000] [send] via NET/IB/0
c196-112:10845:10901 [1] NCCL INFO Channel 02 : 5[3000] -> 6[82000] via direct shared memory
c196-112:10845:10901 [1] NCCL INFO Channel 01/0 : 2[82000] -> 5[3000] [receive] via NET/IB/0
c197-011:8411:8466 [2] NCCL INFO Channel 01/0 : 10[82000] -> 13[3000] [send] via NET/IB/0
c196-112:10846:10897 [2] NCCL INFO Channel 01/0 : 6[82000] -> 9[3000] [send] via NET/IB/0
c196-112:10844:10903 [0] NCCL INFO Channel 01 : 4[2000] -> 7[83000] via direct shared memory
c196-111:24099:24150 [0] NCCL INFO Channel 02/0 : 15[83000] -> 0[2000] [receive] via NET/IB/0
c196-111:24099:24150 [0] NCCL INFO Channel 02 : 0[2000] -> 1[3000] via direct shared memory
c196-111:24099:24150 [0] NCCL INFO Channel 03 : 0[2000] -> 1[3000] via direct shared memory
c197-011:8409:8463 [0] NCCL INFO Channel 02/0 : 7[83000] -> 8[2000] [receive] via NET/IB/0
c197-011:8409:8463 [0] NCCL INFO Channel 02 : 8[2000] -> 9[3000] via direct shared memory
c197-011:8409:8463 [0] NCCL INFO Channel 03 : 8[2000] -> 9[3000] via direct shared memory
c197-011:8410:8468 [1] NCCL INFO Channel 01/0 : 6[82000] -> 9[3000] [receive] via NET/IB/0
c196-111:24100:24159 [1] NCCL INFO Channel 01/0 : 14[82000] -> 1[3000] [receive] via NET/IB/0
c196-111:24099:24150 [0] NCCL INFO Channel 01 : 0[2000] -> 3[83000] via direct shared memory
c197-011:8409:8463 [0] NCCL INFO Channel 01 : 8[2000] -> 11[83000] via direct shared memory
c197-011:8412:8467 [3] NCCL INFO Channel 00/0 : 4[2000] -> 11[83000] [receive] via NET/IB/0
c197-012:4292:4351 [0] NCCL INFO Channel 00/0 : 12[2000] -> 3[83000] [send] via NET/IB/0
c196-111:24101:24155 [2] NCCL INFO Channel 03/0 : 13[3000] -> 2[82000] [receive] via NET/IB/0
c197-011:8411:8466 [2] NCCL INFO Channel 03/0 : 5[3000] -> 10[82000] [receive] via NET/IB/0
c196-112:10845:10901 [1] NCCL INFO Channel 03/0 : 5[3000] -> 10[82000] [send] via NET/IB/0
c197-012:4293:4349 [1] NCCL INFO Channel 03/0 : 13[3000] -> 2[82000] [send] via NET/IB/0
c197-012:4293:4349 [1] NCCL INFO Connected 1 MSCCL algorithms
c197-012:4293:4349 [1] NCCL INFO NCCL_PROTO set by environment to Simple
c197-012:4293:4349 [1] NCCL INFO NCCL_ALGO set by environment to MSCCL,TREE,RING
c197-012:4293:4349 [1] NCCL INFO threadThresholds 8/8/64 | 128/8/64 | 8/8/64 | 8/8/512
c197-012:4293:4349 [1] NCCL INFO 4 coll channels, 2 p2p channels, 2 p2p channels per peer
c197-011:8411:8466 [2] NCCL INFO Connected 1 MSCCL algorithms
c197-011:8411:8466 [2] NCCL INFO NCCL_PROTO set by environment to Simple
c197-011:8411:8466 [2] NCCL INFO NCCL_ALGO set by environment to MSCCL,TREE,RING
c197-011:8411:8466 [2] NCCL INFO threadThresholds 8/8/64 | 128/8/64 | 8/8/64 | 8/8/512
c197-011:8411:8466 [2] NCCL INFO 4 coll channels, 2 p2p channels, 2 p2p channels per peer
c196-111:24101:24155 [2] NCCL INFO Connected 1 MSCCL algorithms
c196-111:24101:24155 [2] NCCL INFO NCCL_PROTO set by environment to Simple
c196-111:24101:24155 [2] NCCL INFO NCCL_ALGO set by environment to MSCCL,TREE,RING
c196-111:24101:24155 [2] NCCL INFO threadThresholds 8/8/64 | 128/8/64 | 8/8/64 | 8/8/512
c196-111:24101:24155 [2] NCCL INFO 4 coll channels, 2 p2p channels, 2 p2p channels per peer
c196-112:10845:10901 [1] NCCL INFO Connected 1 MSCCL algorithms
c196-112:10845:10901 [1] NCCL INFO NCCL_PROTO set by environment to Simple
c196-112:10845:10901 [1] NCCL INFO NCCL_ALGO set by environment to MSCCL,TREE,RING
c196-112:10845:10901 [1] NCCL INFO threadThresholds 8/8/64 | 128/8/64 | 8/8/64 | 8/8/512
c196-112:10845:10901 [1] NCCL INFO 4 coll channels, 2 p2p channels, 2 p2p channels per peer
c196-111:24102:24157 [3] NCCL INFO Channel 00/0 : 12[2000] -> 3[83000] [receive] via NET/IB/0
c196-111:24099:24150 [0] NCCL INFO Channel 00/0 : 0[2000] -> 7[83000] [send] via NET/IB/0
c197-012:4294:4345 [2] NCCL INFO Channel 03/0 : 9[3000] -> 14[82000] [receive] via NET/IB/0
c196-111:24100:24159 [1] NCCL INFO Channel 03/0 : 1[3000] -> 6[82000] [send] via NET/IB/0
c196-112:10846:10897 [2] NCCL INFO Channel 03/0 : 1[3000] -> 6[82000] [receive] via NET/IB/0
c197-011:8409:8463 [0] NCCL INFO Channel 00/0 : 8[2000] -> 15[83000] [send] via NET/IB/0
c197-012:4295:4347 [3] NCCL INFO Channel 00/0 : 8[2000] -> 15[83000] [receive] via NET/IB/0
c197-011:8410:8468 [1] NCCL INFO Channel 03/0 : 9[3000] -> 14[82000] [send] via NET/IB/0
c196-111:24102:24157 [3] NCCL INFO Channel 03 : 3[83000] -> 0[2000] via direct shared memory
c196-112:10847:10899 [3] NCCL INFO Channel 00/0 : 0[2000] -> 7[83000] [receive] via NET/IB/0
c196-111:24100:24159 [1] NCCL INFO Connected 1 MSCCL algorithms
c196-111:24100:24159 [1] NCCL INFO NCCL_PROTO set by environment to Simple
c196-112:10844:10903 [0] NCCL INFO Channel 00/0 : 4[2000] -> 11[83000] [send] via NET/IB/0
c196-111:24100:24159 [1] NCCL INFO NCCL_ALGO set by environment to MSCCL,TREE,RING
c196-111:24100:24159 [1] NCCL INFO threadThresholds 8/8/64 | 128/8/64 | 8/8/64 | 8/8/512
c196-111:24100:24159 [1] NCCL INFO 4 coll channels, 2 p2p channels, 2 p2p channels per peer
c196-112:10846:10897 [2] NCCL INFO Connected 1 MSCCL algorithms
c196-112:10846:10897 [2] NCCL INFO NCCL_PROTO set by environment to Simple
c196-112:10846:10897 [2] NCCL INFO NCCL_ALGO set by environment to MSCCL,TREE,RING
c196-112:10846:10897 [2] NCCL INFO threadThresholds 8/8/64 | 128/8/64 | 8/8/64 | 8/8/512
c196-112:10846:10897 [2] NCCL INFO 4 coll channels, 2 p2p channels, 2 p2p channels per peer
c197-012:4295:4347 [3] NCCL INFO Channel 03 : 15[83000] -> 12[2000] via direct shared memory
c197-011:8410:8468 [1] NCCL INFO Connected 1 MSCCL algorithms
c197-011:8410:8468 [1] NCCL INFO NCCL_PROTO set by environment to Simple
c197-011:8410:8468 [1] NCCL INFO NCCL_ALGO set by environment to MSCCL,TREE,RING
c197-011:8410:8468 [1] NCCL INFO threadThresholds 8/8/64 | 128/8/64 | 8/8/64 | 8/8/512
c197-011:8410:8468 [1] NCCL INFO 4 coll channels, 2 p2p channels, 2 p2p channels per peer
c197-012:4292:4351 [0] NCCL INFO Connected 1 MSCCL algorithms
c197-012:4292:4351 [0] NCCL INFO NCCL_PROTO set by environment to Simple
c197-012:4292:4351 [0] NCCL INFO NCCL_ALGO set by environment to MSCCL,TREE,RING
c197-012:4292:4351 [0] NCCL INFO threadThresholds 8/8/64 | 128/8/64 | 8/8/64 | 8/8/512
c197-012:4292:4351 [0] NCCL INFO 4 coll channels, 2 p2p channels, 2 p2p channels per peer
c197-012:4294:4345 [2] NCCL INFO Connected 1 MSCCL algorithms
c197-012:4294:4345 [2] NCCL INFO NCCL_PROTO set by environment to Simple
c197-012:4294:4345 [2] NCCL INFO NCCL_ALGO set by environment to MSCCL,TREE,RING
c197-012:4294:4345 [2] NCCL INFO threadThresholds 8/8/64 | 128/8/64 | 8/8/64 | 8/8/512
c197-012:4294:4345 [2] NCCL INFO 4 coll channels, 2 p2p channels, 2 p2p channels per peer
c197-012:4295:4347 [3] NCCL INFO Connected 1 MSCCL algorithms
c197-012:4295:4347 [3] NCCL INFO NCCL_PROTO set by environment to Simple
c197-012:4295:4347 [3] NCCL INFO NCCL_ALGO set by environment to MSCCL,TREE,RING
c197-012:4295:4347 [3] NCCL INFO threadThresholds 8/8/64 | 128/8/64 | 8/8/64 | 8/8/512
c197-012:4295:4347 [3] NCCL INFO 4 coll channels, 2 p2p channels, 2 p2p channels per peer
c196-112:10847:10899 [3] NCCL INFO Channel 03 : 7[83000] -> 4[2000] via direct shared memory
c197-011:8412:8467 [3] NCCL INFO Channel 03 : 11[83000] -> 8[2000] via direct shared memory
c197-011:8409:8463 [0] NCCL INFO Connected 1 MSCCL algorithms
c197-011:8409:8463 [0] NCCL INFO NCCL_PROTO set by environment to Simple
c197-011:8409:8463 [0] NCCL INFO NCCL_ALGO set by environment to MSCCL,TREE,RING
c197-011:8409:8463 [0] NCCL INFO threadThresholds 8/8/64 | 128/8/64 | 8/8/64 | 8/8/512
c197-011:8409:8463 [0] NCCL INFO 4 coll channels, 2 p2p channels, 2 p2p channels per peer
c197-011:8412:8467 [3] NCCL INFO Connected 1 MSCCL algorithms
c197-011:8412:8467 [3] NCCL INFO NCCL_PROTO set by environment to Simple
c197-011:8412:8467 [3] NCCL INFO NCCL_ALGO set by environment to MSCCL,TREE,RING
c197-011:8412:8467 [3] NCCL INFO threadThresholds 8/8/64 | 128/8/64 | 8/8/64 | 8/8/512
c197-011:8412:8467 [3] NCCL INFO 4 coll channels, 2 p2p channels, 2 p2p channels per peer
c196-112:10844:10903 [0] NCCL INFO Connected 1 MSCCL algorithms
c196-112:10844:10903 [0] NCCL INFO NCCL_PROTO set by environment to Simple
c196-112:10844:10903 [0] NCCL INFO NCCL_ALGO set by environment to MSCCL,TREE,RING
c196-112:10844:10903 [0] NCCL INFO threadThresholds 8/8/64 | 128/8/64 | 8/8/64 | 8/8/512
c196-112:10844:10903 [0] NCCL INFO 4 coll channels, 2 p2p channels, 2 p2p channels per peer
c196-112:10847:10899 [3] NCCL INFO Connected 1 MSCCL algorithms
c196-112:10847:10899 [3] NCCL INFO NCCL_PROTO set by environment to Simple
c196-112:10847:10899 [3] NCCL INFO NCCL_ALGO set by environment to MSCCL,TREE,RING
c196-112:10847:10899 [3] NCCL INFO threadThresholds 8/8/64 | 128/8/64 | 8/8/64 | 8/8/512
c196-112:10847:10899 [3] NCCL INFO 4 coll channels, 2 p2p channels, 2 p2p channels per peer
c196-111:24099:24150 [0] NCCL INFO Connected 1 MSCCL algorithms
c196-111:24099:24150 [0] NCCL INFO NCCL_PROTO set by environment to Simple
c196-111:24099:24150 [0] NCCL INFO NCCL_ALGO set by environment to MSCCL,TREE,RING
c196-111:24099:24150 [0] NCCL INFO threadThresholds 8/8/64 | 128/8/64 | 8/8/64 | 8/8/512
c196-111:24099:24150 [0] NCCL INFO 4 coll channels, 2 p2p channels, 2 p2p channels per peer
c196-111:24102:24157 [3] NCCL INFO Connected 1 MSCCL algorithms
c196-111:24102:24157 [3] NCCL INFO NCCL_PROTO set by environment to Simple
c196-111:24102:24157 [3] NCCL INFO NCCL_ALGO set by environment to MSCCL,TREE,RING
c196-111:24102:24157 [3] NCCL INFO threadThresholds 8/8/64 | 128/8/64 | 8/8/64 | 8/8/512
c196-111:24102:24157 [3] NCCL INFO 4 coll channels, 2 p2p channels, 2 p2p channels per peer
c197-012:4295:4347 [3] NCCL INFO comm 0x2b8e42000010 rank 15 nranks 16 cudaDev 3 busId 83000 - Init COMPLETE
c197-012:4294:4345 [2] NCCL INFO comm 0x2af860000010 rank 14 nranks 16 cudaDev 2 busId 82000 - Init COMPLETE
c197-012:4292:4351 [0] NCCL INFO comm 0x2b1c8e000010 rank 12 nranks 16 cudaDev 0 busId 2000 - Init COMPLETE
c197-012:4293:4349 [1] NCCL INFO comm 0x2b3a1622d010 rank 13 nranks 16 cudaDev 1 busId 3000 - Init COMPLETE
c197-011:8411:8466 [2] NCCL INFO comm 0x2acbe2000010 rank 10 nranks 16 cudaDev 2 busId 82000 - Init COMPLETE
c197-011:8409:8463 [0] NCCL INFO comm 0x2b643e000010 rank 8 nranks 16 cudaDev 0 busId 2000 - Init COMPLETE
c197-011:8412:8467 [3] NCCL INFO comm 0x2b5c3e000010 rank 11 nranks 16 cudaDev 3 busId 83000 - Init COMPLETE
c197-011:8410:8468 [1] NCCL INFO comm 0x2b49be201010 rank 9 nranks 16 cudaDev 1 busId 3000 - Init COMPLETE
c196-112:10844:10903 [0] NCCL INFO comm 0x2ba9ce000010 rank 4 nranks 16 cudaDev 0 busId 2000 - Init COMPLETE
c196-112:10847:10899 [3] NCCL INFO comm 0x2b53ae000010 rank 7 nranks 16 cudaDev 3 busId 83000 - Init COMPLETE
c196-112:10846:10897 [2] NCCL INFO comm 0x2b30ee000010 rank 6 nranks 16 cudaDev 2 busId 82000 - Init COMPLETE
c196-112:10845:10901 [1] NCCL INFO comm 0x2ae5a5bbc010 rank 5 nranks 16 cudaDev 1 busId 3000 - Init COMPLETE
c196-111:24101:24155 [2] NCCL INFO comm 0x2ad0c5890010 rank 2 nranks 16 cudaDev 2 busId 82000 - Init COMPLETE
c196-111:24099:24150 [0] NCCL INFO comm 0x2b1c12000010 rank 0 nranks 16 cudaDev 0 busId 2000 - Init COMPLETE
c196-111:24100:24159 [1] NCCL INFO comm 0x2b3dac000010 rank 1 nranks 16 cudaDev 1 busId 3000 - Init COMPLETE
#
#                                                              out-of-place                       in-place          
#       size         count      type   redop    root     time   algbw   busbw #wrong     time   algbw   busbw #wrong
#        (B)    (elements)                               (us)  (GB/s)  (GB/s)            (us)  (GB/s)  (GB/s)       
c196-111:24102:24157 [3] NCCL INFO comm 0x2ac72e402010 rank 3 nranks 16 cudaDev 3 busId 83000 - Init COMPLETE
c196-111:24099:24099 [0] NCCL INFO Launch mode Parallel
       65536         16384     float     sum      -1    876.3    0.07    0.14      0    874.4    0.07    0.14      0
      131072         32768     float     sum      -1    838.8    0.16    0.29      0    840.0    0.16    0.29      0
      262144         65536     float     sum      -1    753.6    0.35    0.65      0    754.2    0.35    0.65      0
      524288        131072     float     sum      -1    735.2    0.71    1.34      0    731.0    0.72    1.34      0
     1048576        262144     float     sum      -1    738.8    1.42    2.66      0    735.1    1.43    2.67      0
     2097152        524288     float     sum      -1   1115.5    1.88    3.53      0   1121.5    1.87    3.51      0
     4194304       1048576     float     sum      -1   1965.3    2.13    4.00      0   1970.4    2.13    3.99      0
     8388608       2097152     float     sum      -1   3530.5    2.38    4.46      0   3528.1    2.38    4.46      0
    16777216       4194304     float     sum      -1   7126.0    2.35    4.41      0   7073.2    2.37    4.45      0
    33554432       8388608     float     sum      -1    14143    2.37    4.45      0    14123    2.38    4.45      0
    67108864      16777216     float     sum      -1    28323    2.37    4.44      0    28298    2.37    4.45      0
   134217728      33554432     float     sum      -1    57045    2.35    4.41      0    58587    2.29    4.30      0
   268435456      67108864     float     sum      -1   115813    2.32    4.35      0   115611    2.32    4.35      0
c196-112:10847:10847 [3] NCCL INFO comm 0x2b53ae000010 rank 7 nranks 16 cudaDev 3 busId 83000 - Destroy COMPLETE
c196-111:24101:24101 [2] NCCL INFO comm 0x2ad0c5890010 rank 2 nranks 16 cudaDev 2 busId 82000 - Destroy COMPLETE
c197-012:4295:4295 [3] NCCL INFO comm 0x2b8e42000010 rank 15 nranks 16 cudaDev 3 busId 83000 - Destroy COMPLETE
c197-011:8412:8412 [3] NCCL INFO comm 0x2b5c3e000010 rank 11 nranks 16 cudaDev 3 busId 83000 - Destroy COMPLETE
c196-111:24102:24102 [3] NCCL INFO comm 0x2ac72e402010 rank 3 nranks 16 cudaDev 3 busId 83000 - Destroy COMPLETE
c197-011:8410:8410 [1] NCCL INFO comm 0x2b49be201010 rank 9 nranks 16 cudaDev 1 busId 3000 - Destroy COMPLETE
c197-012:4294:4294 [2] NCCL INFO comm 0x2af860000010 rank 14 nranks 16 cudaDev 2 busId 82000 - Destroy COMPLETE
c196-112:10845:10845 [1] NCCL INFO comm 0x2ae5a5bbc010 rank 5 nranks 16 cudaDev 1 busId 3000 - Destroy COMPLETE
c196-112:10846:10846 [2] NCCL INFO comm 0x2b30ee000010 rank 6 nranks 16 cudaDev 2 busId 82000 - Destroy COMPLETE
c197-012:4292:4292 [0] NCCL INFO comm 0x2b1c8e000010 rank 12 nranks 16 cudaDev 0 busId 2000 - Destroy COMPLETE
c196-111:24099:24099 [0] NCCL INFO comm 0x2b1c12000010 rank 0 nranks 16 cudaDev 0 busId 2000 - Destroy COMPLETE
c196-111:24100:24100 [1] NCCL INFO comm 0x2b3dac000010 rank 1 nranks 16 cudaDev 1 busId 3000 - Destroy COMPLETE
c197-011:8411:8411 [2] NCCL INFO comm 0x2acbe2000010 rank 10 nranks 16 cudaDev 2 busId 82000 - Destroy COMPLETE
c197-012:4293:4293 [1] NCCL INFO comm 0x2b3a1622d010 rank 13 nranks 16 cudaDev 1 busId 3000 - Destroy COMPLETE
c197-011:8409:8409 [0] NCCL INFO comm 0x2b643e000010 rank 8 nranks 16 cudaDev 0 busId 2000 - Destroy COMPLETE
c196-112:10844:10844 [0] NCCL INFO comm 0x2ba9ce000010 rank 4 nranks 16 cudaDev 0 busId 2000 - Destroy COMPLETE
# Out of bounds values : 0 OK
# Avg bus bandwidth    : 3.00717 
#

TACC:  Shutdown complete. Exiting. 
