c198-041:14647:14705 [0] NCCL INFO MSCCL_XML_FILES set by environment to /home1/09168/ldai1/ccl-build/msccl_tools_lyd/examples/xml/xml_lyd/ring/allreduce_ring_node16_gpu64_mcl4_mck2_gan0.xml
c198-041:14647:14705 [0] NCCL INFO MSCCL: Parsing algorithm /home1/09168/ldai1/ccl-build/msccl_tools_lyd/examples/xml/xml_lyd/ring/allreduce_ring_node16_gpu64_mcl4_mck2_gan0.xml
c198-031:1312:1365 [2] NCCL INFO Channel 02 : 50[82000] -> 51[83000] via direct shared memory
c198-031:1312:1365 [2] NCCL INFO Channel 03 : 50[82000] -> 51[83000] via direct shared memory
c198-022:31273:31330 [2] NCCL INFO Channel 02 : 46[82000] -> 47[83000] via direct shared memory
c198-022:31273:31330 [2] NCCL INFO Channel 03 : 46[82000] -> 47[83000] via direct shared memory
c197-101:25054:25106 [2] NCCL INFO Channel 02 : 18[82000] -> 19[83000] via direct shared memory
c197-101:25054:25106 [2] NCCL INFO Channel 03 : 18[82000] -> 19[83000] via direct shared memory
c198-032:27460:27518 [1] NCCL INFO Channel 00 : 53[3000] -> 52[2000] via direct shared memory
c198-032:27460:27518 [1] NCCL INFO Channel 01 : 53[3000] -> 52[2000] via direct shared memory
c197-111:14146:14201 [3] NCCL INFO Parsed MSCCL Algorithm /home1/09168/ldai1/ccl-build/msccl_tools_lyd/examples/xml/xml_lyd/ring/allreduce_ring_node16_gpu64_mcl4_mck2_gan0.xml successfully.
c198-032:27459:27512 [0] NCCL INFO Connected all trees
c198-032:27459:27512 [0] NCCL INFO MSCCL_XML_FILES set by environment to /home1/09168/ldai1/ccl-build/msccl_tools_lyd/examples/xml/xml_lyd/ring/allreduce_ring_node16_gpu64_mcl4_mck2_gan0.xml
c198-032:27459:27512 [0] NCCL INFO MSCCL: Parsing algorithm /home1/09168/ldai1/ccl-build/msccl_tools_lyd/examples/xml/xml_lyd/ring/allreduce_ring_node16_gpu64_mcl4_mck2_gan0.xml
c198-041:14648:14706 [1] NCCL INFO Connected all trees
c198-041:14648:14706 [1] NCCL INFO MSCCL_XML_FILES set by environment to /home1/09168/ldai1/ccl-build/msccl_tools_lyd/examples/xml/xml_lyd/ring/allreduce_ring_node16_gpu64_mcl4_mck2_gan0.xml
c198-041:14648:14706 [1] NCCL INFO MSCCL: Parsing algorithm /home1/09168/ldai1/ccl-build/msccl_tools_lyd/examples/xml/xml_lyd/ring/allreduce_ring_node16_gpu64_mcl4_mck2_gan0.xml
c197-112:25249:25304 [3] NCCL INFO Parsed MSCCL Algorithm /home1/09168/ldai1/ccl-build/msccl_tools_lyd/examples/xml/xml_lyd/ring/allreduce_ring_node16_gpu64_mcl4_mck2_gan0.xml successfully.
c197-092:20462:20517 [2] NCCL INFO Channel 02 : 14[82000] -> 15[83000] via direct shared memory
c197-092:20462:20517 [2] NCCL INFO Channel 03 : 14[82000] -> 15[83000] via direct shared memory
c198-032:27460:27518 [1] NCCL INFO Connected all trees
c198-032:27460:27518 [1] NCCL INFO MSCCL_XML_FILES set by environment to /home1/09168/ldai1/ccl-build/msccl_tools_lyd/examples/xml/xml_lyd/ring/allreduce_ring_node16_gpu64_mcl4_mck2_gan0.xml
c198-032:27460:27518 [1] NCCL INFO MSCCL: Parsing algorithm /home1/09168/ldai1/ccl-build/msccl_tools_lyd/examples/xml/xml_lyd/ring/allreduce_ring_node16_gpu64_mcl4_mck2_gan0.xml
c198-032:27461:27515 [2] NCCL INFO Connected all trees
c198-032:27461:27515 [2] NCCL INFO MSCCL_XML_FILES set by environment to /home1/09168/ldai1/ccl-build/msccl_tools_lyd/examples/xml/xml_lyd/ring/allreduce_ring_node16_gpu64_mcl4_mck2_gan0.xml
c198-032:27461:27515 [2] NCCL INFO MSCCL: Parsing algorithm /home1/09168/ldai1/ccl-build/msccl_tools_lyd/examples/xml/xml_lyd/ring/allreduce_ring_node16_gpu64_mcl4_mck2_gan0.xml
c198-021:843:896 [3] NCCL INFO Parsed MSCCL Algorithm /home1/09168/ldai1/ccl-build/msccl_tools_lyd/examples/xml/xml_lyd/ring/allreduce_ring_node16_gpu64_mcl4_mck2_gan0.xml successfully.
c198-022:31274:31329 [3] NCCL INFO Channel 02/0 : 47[83000] -> 48[2000] [send] via NET/IB/0
c197-091:9391:9442 [3] NCCL INFO Parsed MSCCL Algorithm /home1/09168/ldai1/ccl-build/msccl_tools_lyd/examples/xml/xml_lyd/ring/allreduce_ring_node16_gpu64_mcl4_mck2_gan0.xml successfully.
c197-101:25055:25108 [3] NCCL INFO Channel 02/0 : 19[83000] -> 20[2000] [send] via NET/IB/0
c198-032:27462:27516 [3] NCCL INFO Channel 02/0 : 55[83000] -> 56[2000] [send] via NET/IB/0
c197-102:2867:2920 [3] NCCL INFO Parsed MSCCL Algorithm /home1/09168/ldai1/ccl-build/msccl_tools_lyd/examples/xml/xml_lyd/ring/allreduce_ring_node16_gpu64_mcl4_mck2_gan0.xml successfully.
c198-011:24276:24328 [3] NCCL INFO Parsed MSCCL Algorithm /home1/09168/ldai1/ccl-build/msccl_tools_lyd/examples/xml/xml_lyd/ring/allreduce_ring_node16_gpu64_mcl4_mck2_gan0.xml successfully.
c198-031:1313:1364 [3] NCCL INFO Channel 02/0 : 51[83000] -> 52[2000] [send] via NET/IB/0
c197-092:20463:20514 [3] NCCL INFO Channel 02/0 : 15[83000] -> 16[2000] [send] via NET/IB/0
c198-012:21330:21386 [3] NCCL INFO Parsed MSCCL Algorithm /home1/09168/ldai1/ccl-build/msccl_tools_lyd/examples/xml/xml_lyd/ring/allreduce_ring_node16_gpu64_mcl4_mck2_gan0.xml successfully.
c197-082:22146:22197 [3] NCCL INFO Parsed MSCCL Algorithm /home1/09168/ldai1/ccl-build/msccl_tools_lyd/examples/xml/xml_lyd/ring/allreduce_ring_node16_gpu64_mcl4_mck2_gan0.xml successfully.
c198-041:14650:14702 [3] NCCL INFO Parsed MSCCL Algorithm /home1/09168/ldai1/ccl-build/msccl_tools_lyd/examples/xml/xml_lyd/ring/allreduce_ring_node16_gpu64_mcl4_mck2_gan0.xml successfully.
c197-111:14146:14201 [3] NCCL INFO Channel 02/0 : 27[83000] -> 28[2000] [send] via NET/IB/0
c197-112:25249:25304 [3] NCCL INFO Channel 02/0 : 31[83000] -> 32[2000] [send] via NET/IB/0
c197-081:16072:16123 [0] NCCL INFO Connected all trees
c197-081:16072:16123 [0] NCCL INFO MSCCL_XML_FILES set by environment to /home1/09168/ldai1/ccl-build/msccl_tools_lyd/examples/xml/xml_lyd/ring/allreduce_ring_node16_gpu64_mcl4_mck2_gan0.xml
c197-081:16072:16123 [0] NCCL INFO MSCCL: Parsing algorithm /home1/09168/ldai1/ccl-build/msccl_tools_lyd/examples/xml/xml_lyd/ring/allreduce_ring_node16_gpu64_mcl4_mck2_gan0.xml
c198-021:843:896 [3] NCCL INFO Channel 02/0 : 43[83000] -> 44[2000] [send] via NET/IB/0
c197-081:16073:16132 [1] NCCL INFO Connected all trees
c197-081:16073:16132 [1] NCCL INFO MSCCL_XML_FILES set by environment to /home1/09168/ldai1/ccl-build/msccl_tools_lyd/examples/xml/xml_lyd/ring/allreduce_ring_node16_gpu64_mcl4_mck2_gan0.xml
c197-081:16073:16132 [1] NCCL INFO MSCCL: Parsing algorithm /home1/09168/ldai1/ccl-build/msccl_tools_lyd/examples/xml/xml_lyd/ring/allreduce_ring_node16_gpu64_mcl4_mck2_gan0.xml
c197-091:9388:9446 [0] NCCL INFO Connected all trees
c197-091:9388:9446 [0] NCCL INFO MSCCL_XML_FILES set by environment to /home1/09168/ldai1/ccl-build/msccl_tools_lyd/examples/xml/xml_lyd/ring/allreduce_ring_node16_gpu64_mcl4_mck2_gan0.xml
c197-091:9388:9446 [0] NCCL INFO MSCCL: Parsing algorithm /home1/09168/ldai1/ccl-build/msccl_tools_lyd/examples/xml/xml_lyd/ring/allreduce_ring_node16_gpu64_mcl4_mck2_gan0.xml
c197-091:9391:9442 [3] NCCL INFO Channel 02/0 : 11[83000] -> 12[2000] [send] via NET/IB/0
c197-102:2867:2920 [3] NCCL INFO Channel 02/0 : 23[83000] -> 24[2000] [send] via NET/IB/0
c197-082:22144:22201 [1] NCCL INFO Channel 00 : 5[3000] -> 4[2000] via direct shared memory
c197-082:22144:22201 [1] NCCL INFO Channel 01 : 5[3000] -> 4[2000] via direct shared memory
c198-011:24276:24328 [3] NCCL INFO Channel 02/0 : 35[83000] -> 36[2000] [send] via NET/IB/0
c197-082:22143:22202 [0] NCCL INFO Connected all trees
c197-082:22143:22202 [0] NCCL INFO MSCCL_XML_FILES set by environment to /home1/09168/ldai1/ccl-build/msccl_tools_lyd/examples/xml/xml_lyd/ring/allreduce_ring_node16_gpu64_mcl4_mck2_gan0.xml
c197-082:22143:22202 [0] NCCL INFO MSCCL: Parsing algorithm /home1/09168/ldai1/ccl-build/msccl_tools_lyd/examples/xml/xml_lyd/ring/allreduce_ring_node16_gpu64_mcl4_mck2_gan0.xml
c197-091:9389:9447 [1] NCCL INFO Connected all trees
c197-091:9389:9447 [1] NCCL INFO MSCCL_XML_FILES set by environment to /home1/09168/ldai1/ccl-build/msccl_tools_lyd/examples/xml/xml_lyd/ring/allreduce_ring_node16_gpu64_mcl4_mck2_gan0.xml
c197-091:9389:9447 [1] NCCL INFO MSCCL: Parsing algorithm /home1/09168/ldai1/ccl-build/msccl_tools_lyd/examples/xml/xml_lyd/ring/allreduce_ring_node16_gpu64_mcl4_mck2_gan0.xml
c198-012:21330:21386 [3] NCCL INFO Channel 02/0 : 39[83000] -> 40[2000] [send] via NET/IB/0
c197-082:22146:22197 [3] NCCL INFO Channel 02/0 : 7[83000] -> 8[2000] [send] via NET/IB/0
c197-082:22144:22201 [1] NCCL INFO Connected all trees
c197-082:22144:22201 [1] NCCL INFO MSCCL_XML_FILES set by environment to /home1/09168/ldai1/ccl-build/msccl_tools_lyd/examples/xml/xml_lyd/ring/allreduce_ring_node16_gpu64_mcl4_mck2_gan0.xml
c197-082:22144:22201 [1] NCCL INFO MSCCL: Parsing algorithm /home1/09168/ldai1/ccl-build/msccl_tools_lyd/examples/xml/xml_lyd/ring/allreduce_ring_node16_gpu64_mcl4_mck2_gan0.xml
c197-082:22145:22198 [2] NCCL INFO Connected all trees
c197-082:22145:22198 [2] NCCL INFO MSCCL_XML_FILES set by environment to /home1/09168/ldai1/ccl-build/msccl_tools_lyd/examples/xml/xml_lyd/ring/allreduce_ring_node16_gpu64_mcl4_mck2_gan0.xml
c197-082:22145:22198 [2] NCCL INFO MSCCL: Parsing algorithm /home1/09168/ldai1/ccl-build/msccl_tools_lyd/examples/xml/xml_lyd/ring/allreduce_ring_node16_gpu64_mcl4_mck2_gan0.xml
c198-041:14650:14702 [3] NCCL INFO Channel 02/0 : 59[83000] -> 60[2000] [send] via NET/IB/0
c198-041:14649:14701 [2] NCCL INFO Parsed MSCCL Algorithm /home1/09168/ldai1/ccl-build/msccl_tools_lyd/examples/xml/xml_lyd/ring/allreduce_ring_node16_gpu64_mcl4_mck2_gan0.xml successfully.
c198-011:24275:24327 [2] NCCL INFO Parsed MSCCL Algorithm /home1/09168/ldai1/ccl-build/msccl_tools_lyd/examples/xml/xml_lyd/ring/allreduce_ring_node16_gpu64_mcl4_mck2_gan0.xml successfully.
c197-111:14145:14197 [2] NCCL INFO Parsed MSCCL Algorithm /home1/09168/ldai1/ccl-build/msccl_tools_lyd/examples/xml/xml_lyd/ring/allreduce_ring_node16_gpu64_mcl4_mck2_gan0.xml successfully.
c197-112:25248:25305 [2] NCCL INFO Parsed MSCCL Algorithm /home1/09168/ldai1/ccl-build/msccl_tools_lyd/examples/xml/xml_lyd/ring/allreduce_ring_node16_gpu64_mcl4_mck2_gan0.xml successfully.
c198-041:14649:14701 [2] NCCL INFO Channel 02 : 58[82000] -> 59[83000] via direct shared memory
c198-041:14649:14701 [2] NCCL INFO Channel 03 : 58[82000] -> 59[83000] via direct shared memory
c198-011:24275:24327 [2] NCCL INFO Channel 02 : 34[82000] -> 35[83000] via direct shared memory
c198-011:24275:24327 [2] NCCL INFO Channel 03 : 34[82000] -> 35[83000] via direct shared memory
c197-111:14145:14197 [2] NCCL INFO Channel 02 : 26[82000] -> 27[83000] via direct shared memory
c197-111:14145:14197 [2] NCCL INFO Channel 03 : 26[82000] -> 27[83000] via direct shared memory
c197-112:25248:25305 [2] NCCL INFO Channel 02 : 30[82000] -> 31[83000] via direct shared memory
c197-112:25248:25305 [2] NCCL INFO Channel 03 : 30[82000] -> 31[83000] via direct shared memory
c198-021:842:900 [2] NCCL INFO Parsed MSCCL Algorithm /home1/09168/ldai1/ccl-build/msccl_tools_lyd/examples/xml/xml_lyd/ring/allreduce_ring_node16_gpu64_mcl4_mck2_gan0.xml successfully.
c198-022:31271:31326 [0] NCCL INFO Parsed MSCCL Algorithm /home1/09168/ldai1/ccl-build/msccl_tools_lyd/examples/xml/xml_lyd/ring/allreduce_ring_node16_gpu64_mcl4_mck2_gan0.xml successfully.
c198-022:31271:31326 [0] NCCL INFO Channel 02/0 : 43[83000] -> 44[2000] [receive] via NET/IB/0
c198-022:31271:31326 [0] NCCL INFO Channel 02 : 44[2000] -> 45[3000] via direct shared memory
c197-101:25052:25111 [0] NCCL INFO Parsed MSCCL Algorithm /home1/09168/ldai1/ccl-build/msccl_tools_lyd/examples/xml/xml_lyd/ring/allreduce_ring_node16_gpu64_mcl4_mck2_gan0.xml successfully.
c198-022:31271:31326 [0] NCCL INFO Channel 03 : 44[2000] -> 45[3000] via direct shared memory
c198-021:842:900 [2] NCCL INFO Channel 02 : 42[82000] -> 43[83000] via direct shared memory
c198-021:842:900 [2] NCCL INFO Channel 03 : 42[82000] -> 43[83000] via direct shared memory
c197-101:25052:25111 [0] NCCL INFO Channel 02/0 : 15[83000] -> 16[2000] [receive] via NET/IB/0
c197-101:25053:25109 [1] NCCL INFO Parsed MSCCL Algorithm /home1/09168/ldai1/ccl-build/msccl_tools_lyd/examples/xml/xml_lyd/ring/allreduce_ring_node16_gpu64_mcl4_mck2_gan0.xml successfully.
c197-101:25052:25111 [0] NCCL INFO Channel 02 : 16[2000] -> 17[3000] via direct shared memory
c197-101:25052:25111 [0] NCCL INFO Channel 03 : 16[2000] -> 17[3000] via direct shared memory
c198-022:31272:31332 [1] NCCL INFO Parsed MSCCL Algorithm /home1/09168/ldai1/ccl-build/msccl_tools_lyd/examples/xml/xml_lyd/ring/allreduce_ring_node16_gpu64_mcl4_mck2_gan0.xml successfully.
c197-101:25053:25109 [1] NCCL INFO Channel 02 : 17[3000] -> 18[82000] via direct shared memory
c198-022:31272:31332 [1] NCCL INFO Channel 02 : 45[3000] -> 46[82000] via direct shared memory
c197-101:25053:25109 [1] NCCL INFO Channel 01/0 : 14[82000] -> 17[3000] [receive] via NET/IB/0
c198-022:31272:31332 [1] NCCL INFO Channel 01/0 : 42[82000] -> 45[3000] [receive] via NET/IB/0
c197-101:25054:25106 [2] NCCL INFO Channel 01/0 : 18[82000] -> 21[3000] [send] via NET/IB/0
c198-022:31273:31330 [2] NCCL INFO Channel 01/0 : 46[82000] -> 49[3000] [send] via NET/IB/0
c197-101:25052:25111 [0] NCCL INFO Channel 01 : 16[2000] -> 19[83000] via direct shared memory
c198-022:31271:31326 [0] NCCL INFO Channel 01 : 44[2000] -> 47[83000] via direct shared memory
c198-012:21329:21380 [2] NCCL INFO Parsed MSCCL Algorithm /home1/09168/ldai1/ccl-build/msccl_tools_lyd/examples/xml/xml_lyd/ring/allreduce_ring_node16_gpu64_mcl4_mck2_gan0.xml successfully.
c198-021:841:898 [1] NCCL INFO Parsed MSCCL Algorithm /home1/09168/ldai1/ccl-build/msccl_tools_lyd/examples/xml/xml_lyd/ring/allreduce_ring_node16_gpu64_mcl4_mck2_gan0.xml successfully.
c197-112:25246:25301 [0] NCCL INFO Parsed MSCCL Algorithm /home1/09168/ldai1/ccl-build/msccl_tools_lyd/examples/xml/xml_lyd/ring/allreduce_ring_node16_gpu64_mcl4_mck2_gan0.xml successfully.
c197-112:25246:25301 [0] NCCL INFO Channel 02/0 : 27[83000] -> 28[2000] [receive] via NET/IB/0
c197-112:25246:25301 [0] NCCL INFO Channel 02 : 28[2000] -> 29[3000] via direct shared memory
c197-112:25246:25301 [0] NCCL INFO Channel 03 : 28[2000] -> 29[3000] via direct shared memory
c198-021:840:901 [0] NCCL INFO Parsed MSCCL Algorithm /home1/09168/ldai1/ccl-build/msccl_tools_lyd/examples/xml/xml_lyd/ring/allreduce_ring_node16_gpu64_mcl4_mck2_gan0.xml successfully.
c197-112:25247:25300 [1] NCCL INFO Parsed MSCCL Algorithm /home1/09168/ldai1/ccl-build/msccl_tools_lyd/examples/xml/xml_lyd/ring/allreduce_ring_node16_gpu64_mcl4_mck2_gan0.xml successfully.
c198-021:840:901 [0] NCCL INFO Channel 02/0 : 39[83000] -> 40[2000] [receive] via NET/IB/0
c198-021:840:901 [0] NCCL INFO Channel 02 : 40[2000] -> 41[3000] via direct shared memory
c198-021:840:901 [0] NCCL INFO Channel 03 : 40[2000] -> 41[3000] via direct shared memory
c198-012:21329:21380 [2] NCCL INFO Channel 02 : 38[82000] -> 39[83000] via direct shared memory
c198-012:21329:21380 [2] NCCL INFO Channel 03 : 38[82000] -> 39[83000] via direct shared memory
c198-011:24273:24330 [0] NCCL INFO Parsed MSCCL Algorithm /home1/09168/ldai1/ccl-build/msccl_tools_lyd/examples/xml/xml_lyd/ring/allreduce_ring_node16_gpu64_mcl4_mck2_gan0.xml successfully.
c198-012:21327:21382 [0] NCCL INFO Parsed MSCCL Algorithm /home1/09168/ldai1/ccl-build/msccl_tools_lyd/examples/xml/xml_lyd/ring/allreduce_ring_node16_gpu64_mcl4_mck2_gan0.xml successfully.
c198-011:24273:24330 [0] NCCL INFO Channel 02/0 : 31[83000] -> 32[2000] [receive] via NET/IB/0
c198-011:24273:24330 [0] NCCL INFO Channel 02 : 32[2000] -> 33[3000] via direct shared memory
c198-011:24273:24330 [0] NCCL INFO Channel 03 : 32[2000] -> 33[3000] via direct shared memory
c198-011:24274:24332 [1] NCCL INFO Parsed MSCCL Algorithm /home1/09168/ldai1/ccl-build/msccl_tools_lyd/examples/xml/xml_lyd/ring/allreduce_ring_node16_gpu64_mcl4_mck2_gan0.xml successfully.
c198-012:21327:21382 [0] NCCL INFO Channel 02/0 : 35[83000] -> 36[2000] [receive] via NET/IB/0
c198-012:21327:21382 [0] NCCL INFO Channel 02 : 36[2000] -> 37[3000] via direct shared memory
c198-012:21327:21382 [0] NCCL INFO Channel 03 : 36[2000] -> 37[3000] via direct shared memory
c198-012:21328:21385 [1] NCCL INFO Parsed MSCCL Algorithm /home1/09168/ldai1/ccl-build/msccl_tools_lyd/examples/xml/xml_lyd/ring/allreduce_ring_node16_gpu64_mcl4_mck2_gan0.xml successfully.
c198-021:841:898 [1] NCCL INFO Channel 02 : 41[3000] -> 42[82000] via direct shared memory
c198-021:841:898 [1] NCCL INFO Channel 01/0 : 38[82000] -> 41[3000] [receive] via NET/IB/0
c197-112:25247:25300 [1] NCCL INFO Channel 02 : 29[3000] -> 30[82000] via direct shared memory
c197-112:25247:25300 [1] NCCL INFO Channel 01/0 : 26[82000] -> 29[3000] [receive] via NET/IB/0
c198-021:842:900 [2] NCCL INFO Channel 01/0 : 42[82000] -> 45[3000] [send] via NET/IB/0
c198-021:840:901 [0] NCCL INFO Channel 01 : 40[2000] -> 43[83000] via direct shared memory
c198-021:843:896 [3] NCCL INFO Channel 00/0 : 36[2000] -> 43[83000] [receive] via NET/IB/0
c197-112:25248:25305 [2] NCCL INFO Channel 01/0 : 30[82000] -> 33[3000] [send] via NET/IB/0
c197-112:25246:25301 [0] NCCL INFO Channel 01 : 28[2000] -> 31[83000] via direct shared memory
c198-011:24274:24332 [1] NCCL INFO Channel 02 : 33[3000] -> 34[82000] via direct shared memory
c198-012:21328:21385 [1] NCCL INFO Channel 02 : 37[3000] -> 38[82000] via direct shared memory
c198-011:24274:24332 [1] NCCL INFO Channel 01/0 : 30[82000] -> 33[3000] [receive] via NET/IB/0
c198-012:21328:21385 [1] NCCL INFO Channel 01/0 : 34[82000] -> 37[3000] [receive] via NET/IB/0
c198-011:24275:24327 [2] NCCL INFO Channel 01/0 : 34[82000] -> 37[3000] [send] via NET/IB/0
c198-012:21329:21380 [2] NCCL INFO Channel 01/0 : 38[82000] -> 41[3000] [send] via NET/IB/0
c198-042:16850:16909 [0] NCCL INFO Parsed MSCCL Algorithm /home1/09168/ldai1/ccl-build/msccl_tools_lyd/examples/xml/xml_lyd/ring/allreduce_ring_node16_gpu64_mcl4_mck2_gan0.xml successfully.
c198-012:21327:21382 [0] NCCL INFO Channel 01 : 36[2000] -> 39[83000] via direct shared memory
c198-011:24273:24330 [0] NCCL INFO Channel 01 : 32[2000] -> 35[83000] via direct shared memory
c198-042:16850:16909 [0] NCCL INFO Channel 02/0 : 59[83000] -> 60[2000] [receive] via NET/IB/0
c198-042:16850:16909 [0] NCCL INFO Channel 02 : 60[2000] -> 61[3000] via direct shared memory
c198-042:16850:16909 [0] NCCL INFO Channel 03 : 60[2000] -> 61[3000] via direct shared memory
c198-042:16851:16908 [1] NCCL INFO Parsed MSCCL Algorithm /home1/09168/ldai1/ccl-build/msccl_tools_lyd/examples/xml/xml_lyd/ring/allreduce_ring_node16_gpu64_mcl4_mck2_gan0.xml successfully.
c198-031:1310:1368 [0] NCCL INFO Parsed MSCCL Algorithm /home1/09168/ldai1/ccl-build/msccl_tools_lyd/examples/xml/xml_lyd/ring/allreduce_ring_node16_gpu64_mcl4_mck2_gan0.xml successfully.
c198-031:1310:1368 [0] NCCL INFO Channel 02/0 : 47[83000] -> 48[2000] [receive] via NET/IB/0
c198-031:1310:1368 [0] NCCL INFO Channel 02 : 48[2000] -> 49[3000] via direct shared memory
c198-031:1310:1368 [0] NCCL INFO Channel 03 : 48[2000] -> 49[3000] via direct shared memory
c198-031:1311:1369 [1] NCCL INFO Parsed MSCCL Algorithm /home1/09168/ldai1/ccl-build/msccl_tools_lyd/examples/xml/xml_lyd/ring/allreduce_ring_node16_gpu64_mcl4_mck2_gan0.xml successfully.
c197-102:2866:2918 [2] NCCL INFO Parsed MSCCL Algorithm /home1/09168/ldai1/ccl-build/msccl_tools_lyd/examples/xml/xml_lyd/ring/allreduce_ring_node16_gpu64_mcl4_mck2_gan0.xml successfully.
c197-091:9390:9443 [2] NCCL INFO Parsed MSCCL Algorithm /home1/09168/ldai1/ccl-build/msccl_tools_lyd/examples/xml/xml_lyd/ring/allreduce_ring_node16_gpu64_mcl4_mck2_gan0.xml successfully.
c198-042:16851:16908 [1] NCCL INFO Channel 02 : 61[3000] -> 62[82000] via direct shared memory
c197-102:2864:2924 [0] NCCL INFO Parsed MSCCL Algorithm /home1/09168/ldai1/ccl-build/msccl_tools_lyd/examples/xml/xml_lyd/ring/allreduce_ring_node16_gpu64_mcl4_mck2_gan0.xml successfully.
c197-102:2866:2918 [2] NCCL INFO Channel 02 : 22[82000] -> 23[83000] via direct shared memory
c197-102:2866:2918 [2] NCCL INFO Channel 03 : 22[82000] -> 23[83000] via direct shared memory
c197-102:2865:2922 [1] NCCL INFO Parsed MSCCL Algorithm /home1/09168/ldai1/ccl-build/msccl_tools_lyd/examples/xml/xml_lyd/ring/allreduce_ring_node16_gpu64_mcl4_mck2_gan0.xml successfully.
c197-102:2864:2924 [0] NCCL INFO Channel 02/0 : 19[83000] -> 20[2000] [receive] via NET/IB/0
c197-102:2864:2924 [0] NCCL INFO Channel 02 : 20[2000] -> 21[3000] via direct shared memory
c197-102:2864:2924 [0] NCCL INFO Channel 03 : 20[2000] -> 21[3000] via direct shared memory
c197-091:9390:9443 [2] NCCL INFO Channel 02 : 10[82000] -> 11[83000] via direct shared memory
c197-091:9390:9443 [2] NCCL INFO Channel 03 : 10[82000] -> 11[83000] via direct shared memory
c198-031:1311:1369 [1] NCCL INFO Channel 02 : 49[3000] -> 50[82000] via direct shared memory
c198-042:16851:16908 [1] NCCL INFO Channel 01/0 : 58[82000] -> 61[3000] [receive] via NET/IB/0
c198-042:16852:16903 [2] NCCL INFO Channel 01/0 : 62[82000] -> 1[3000] [send] via NET/IB/0
c198-022:31271:31326 [0] NCCL INFO Channel 00/0 : 44[2000] -> 51[83000] [send] via NET/IB/0
c198-031:1311:1369 [1] NCCL INFO Channel 01/0 : 46[82000] -> 49[3000] [receive] via NET/IB/0
c198-021:840:901 [0] NCCL INFO Channel 00/0 : 40[2000] -> 47[83000] [send] via NET/IB/0
c197-111:14143:14203 [0] NCCL INFO Parsed MSCCL Algorithm /home1/09168/ldai1/ccl-build/msccl_tools_lyd/examples/xml/xml_lyd/ring/allreduce_ring_node16_gpu64_mcl4_mck2_gan0.xml successfully.
c198-042:16850:16909 [0] NCCL INFO Channel 01 : 60[2000] -> 63[83000] via direct shared memory
c198-021:842:900 [2] NCCL INFO Channel 03/0 : 37[3000] -> 42[82000] [receive] via NET/IB/0
c197-111:14143:14203 [0] NCCL INFO Channel 02/0 : 23[83000] -> 24[2000] [receive] via NET/IB/0
c197-111:14143:14203 [0] NCCL INFO Channel 02 : 24[2000] -> 25[3000] via direct shared memory
c197-111:14143:14203 [0] NCCL INFO Channel 03 : 24[2000] -> 25[3000] via direct shared memory
c198-031:1312:1365 [2] NCCL INFO Channel 01/0 : 50[82000] -> 53[3000] [send] via NET/IB/0
c197-112:25249:25304 [3] NCCL INFO Channel 00/0 : 24[2000] -> 31[83000] [receive] via NET/IB/0
c198-022:31272:31332 [1] NCCL INFO Channel 03/0 : 45[3000] -> 50[82000] [send] via NET/IB/0
c197-111:14144:14199 [1] NCCL INFO Parsed MSCCL Algorithm /home1/09168/ldai1/ccl-build/msccl_tools_lyd/examples/xml/xml_lyd/ring/allreduce_ring_node16_gpu64_mcl4_mck2_gan0.xml successfully.
c197-112:25246:25301 [0] NCCL INFO Channel 00/0 : 28[2000] -> 35[83000] [send] via NET/IB/0
c197-092:20460:20518 [0] NCCL INFO Parsed MSCCL Algorithm /home1/09168/ldai1/ccl-build/msccl_tools_lyd/examples/xml/xml_lyd/ring/allreduce_ring_node16_gpu64_mcl4_mck2_gan0.xml successfully.
c198-031:1310:1368 [0] NCCL INFO Channel 01 : 48[2000] -> 51[83000] via direct shared memory
c197-102:2865:2922 [1] NCCL INFO Channel 02 : 21[3000] -> 22[82000] via direct shared memory
c197-092:20460:20518 [0] NCCL INFO Channel 02/0 : 11[83000] -> 12[2000] [receive] via NET/IB/0
c197-092:20460:20518 [0] NCCL INFO Channel 02 : 12[2000] -> 13[3000] via direct shared memory
c197-092:20460:20518 [0] NCCL INFO Channel 03 : 12[2000] -> 13[3000] via direct shared memory
c197-092:20461:20519 [1] NCCL INFO Parsed MSCCL Algorithm /home1/09168/ldai1/ccl-build/msccl_tools_lyd/examples/xml/xml_lyd/ring/allreduce_ring_node16_gpu64_mcl4_mck2_gan0.xml successfully.
c197-102:2865:2922 [1] NCCL INFO Channel 01/0 : 18[82000] -> 21[3000] [receive] via NET/IB/0
c197-101:25052:25111 [0] NCCL INFO Channel 00/0 : 16[2000] -> 23[83000] [send] via NET/IB/0
c197-112:25248:25305 [2] NCCL INFO Channel 03/0 : 25[3000] -> 30[82000] [receive] via NET/IB/0
c198-011:24274:24332 [1] NCCL INFO Channel 03/0 : 33[3000] -> 38[82000] [send] via NET/IB/0
c198-011:24276:24328 [3] NCCL INFO Channel 00/0 : 28[2000] -> 35[83000] [receive] via NET/IB/0
c198-012:21330:21386 [3] NCCL INFO Channel 00/0 : 32[2000] -> 39[83000] [receive] via NET/IB/0
c197-102:2866:2918 [2] NCCL INFO Channel 01/0 : 22[82000] -> 25[3000] [send] via NET/IB/0
c198-011:24273:24330 [0] NCCL INFO Channel 00/0 : 32[2000] -> 39[83000] [send] via NET/IB/0
c198-012:21327:21382 [0] NCCL INFO Channel 00/0 : 36[2000] -> 43[83000] [send] via NET/IB/0
c198-012:21329:21380 [2] NCCL INFO Channel 03/0 : 33[3000] -> 38[82000] [receive] via NET/IB/0
c198-012:21328:21385 [1] NCCL INFO Channel 03/0 : 37[3000] -> 42[82000] [send] via NET/IB/0
c197-111:14144:14199 [1] NCCL INFO Channel 02 : 25[3000] -> 26[82000] via direct shared memory
c198-021:841:898 [1] NCCL INFO Channel 03/0 : 41[3000] -> 46[82000] [send] via NET/IB/0
c197-102:2864:2924 [0] NCCL INFO Channel 01 : 20[2000] -> 23[83000] via direct shared memory
c198-011:24275:24327 [2] NCCL INFO Channel 03/0 : 29[3000] -> 34[82000] [receive] via NET/IB/0
c197-111:14144:14199 [1] NCCL INFO Channel 01/0 : 22[82000] -> 25[3000] [receive] via NET/IB/0
c198-011:24276:24328 [3] NCCL INFO Channel 03 : 35[83000] -> 32[2000] via direct shared memory
c198-032:27461:27515 [2] NCCL INFO Parsed MSCCL Algorithm /home1/09168/ldai1/ccl-build/msccl_tools_lyd/examples/xml/xml_lyd/ring/allreduce_ring_node16_gpu64_mcl4_mck2_gan0.xml successfully.
c197-092:20461:20519 [1] NCCL INFO Channel 02 : 13[3000] -> 14[82000] via direct shared memory
c197-111:14145:14197 [2] NCCL INFO Channel 01/0 : 26[82000] -> 29[3000] [send] via NET/IB/0
c198-012:21328:21385 [1] NCCL INFO Connected 1 MSCCL algorithms
c198-012:21328:21385 [1] NCCL INFO NCCL_PROTO set by environment to Simple
c198-012:21328:21385 [1] NCCL INFO NCCL_ALGO set by environment to MSCCL,TREE,RING
c198-012:21328:21385 [1] NCCL INFO threadThresholds 8/8/64 | 512/8/64 | 8/8/64 | 8/8/512
c198-012:21328:21385 [1] NCCL INFO 4 coll channels, 2 p2p channels, 2 p2p channels per peer
c198-012:21329:21380 [2] NCCL INFO Connected 1 MSCCL algorithms
c198-012:21329:21380 [2] NCCL INFO NCCL_PROTO set by environment to Simple
c198-012:21329:21380 [2] NCCL INFO NCCL_ALGO set by environment to MSCCL,TREE,RING
c198-012:21329:21380 [2] NCCL INFO threadThresholds 8/8/64 | 512/8/64 | 8/8/64 | 8/8/512
c198-012:21329:21380 [2] NCCL INFO 4 coll channels, 2 p2p channels, 2 p2p channels per peer
c198-011:24274:24332 [1] NCCL INFO Connected 1 MSCCL algorithms
c197-092:20461:20519 [1] NCCL INFO Channel 01/0 : 10[82000] -> 13[3000] [receive] via NET/IB/0
c198-032:27459:27512 [0] NCCL INFO Parsed MSCCL Algorithm /home1/09168/ldai1/ccl-build/msccl_tools_lyd/examples/xml/xml_lyd/ring/allreduce_ring_node16_gpu64_mcl4_mck2_gan0.xml successfully.
c198-011:24274:24332 [1] NCCL INFO NCCL_PROTO set by environment to Simple
c198-011:24274:24332 [1] NCCL INFO NCCL_ALGO set by environment to MSCCL,TREE,RING
c198-011:24274:24332 [1] NCCL INFO threadThresholds 8/8/64 | 512/8/64 | 8/8/64 | 8/8/512
c198-012:21330:21386 [3] NCCL INFO Channel 03 : 39[83000] -> 36[2000] via direct shared memory
c198-011:24274:24332 [1] NCCL INFO 4 coll channels, 2 p2p channels, 2 p2p channels per peer
c198-021:842:900 [2] NCCL INFO Connected 1 MSCCL algorithms
c198-021:842:900 [2] NCCL INFO NCCL_PROTO set by environment to Simple
c198-021:842:900 [2] NCCL INFO NCCL_ALGO set by environment to MSCCL,TREE,RING
c198-021:842:900 [2] NCCL INFO threadThresholds 8/8/64 | 512/8/64 | 8/8/64 | 8/8/512
c198-021:842:900 [2] NCCL INFO 4 coll channels, 2 p2p channels, 2 p2p channels per peer
c198-032:27459:27512 [0] NCCL INFO Channel 02/0 : 51[83000] -> 52[2000] [receive] via NET/IB/0
c198-032:27459:27512 [0] NCCL INFO Channel 02 : 52[2000] -> 53[3000] via direct shared memory
c197-111:14143:14203 [0] NCCL INFO Channel 01 : 24[2000] -> 27[83000] via direct shared memory
c198-032:27459:27512 [0] NCCL INFO Channel 03 : 52[2000] -> 53[3000] via direct shared memory
c198-032:27460:27518 [1] NCCL INFO Parsed MSCCL Algorithm /home1/09168/ldai1/ccl-build/msccl_tools_lyd/examples/xml/xml_lyd/ring/allreduce_ring_node16_gpu64_mcl4_mck2_gan0.xml successfully.
c197-111:14146:14201 [3] NCCL INFO Channel 00/0 : 20[2000] -> 27[83000] [receive] via NET/IB/0
c198-021:843:896 [3] NCCL INFO Channel 03 : 43[83000] -> 40[2000] via direct shared memory
c197-092:20462:20517 [2] NCCL INFO Channel 01/0 : 14[82000] -> 17[3000] [send] via NET/IB/0
c198-012:21327:21382 [0] NCCL INFO Connected 1 MSCCL algorithms
c198-012:21327:21382 [0] NCCL INFO NCCL_PROTO set by environment to Simple
c198-012:21327:21382 [0] NCCL INFO NCCL_ALGO set by environment to MSCCL,TREE,RING
c198-012:21327:21382 [0] NCCL INFO threadThresholds 8/8/64 | 512/8/64 | 8/8/64 | 8/8/512
c198-012:21327:21382 [0] NCCL INFO 4 coll channels, 2 p2p channels, 2 p2p channels per peer
c198-032:27461:27515 [2] NCCL INFO Channel 02 : 54[82000] -> 55[83000] via direct shared memory
c198-032:27461:27515 [2] NCCL INFO Channel 03 : 54[82000] -> 55[83000] via direct shared memory
c198-012:21330:21386 [3] NCCL INFO Connected 1 MSCCL algorithms
c198-012:21330:21386 [3] NCCL INFO NCCL_PROTO set by environment to Simple
c198-012:21330:21386 [3] NCCL INFO NCCL_ALGO set by environment to MSCCL,TREE,RING
c198-012:21330:21386 [3] NCCL INFO threadThresholds 8/8/64 | 512/8/64 | 8/8/64 | 8/8/512
c198-012:21330:21386 [3] NCCL INFO 4 coll channels, 2 p2p channels, 2 p2p channels per peer
c198-011:24273:24330 [0] NCCL INFO Connected 1 MSCCL algorithms
c198-011:24273:24330 [0] NCCL INFO NCCL_PROTO set by environment to Simple
c198-011:24273:24330 [0] NCCL INFO NCCL_ALGO set by environment to MSCCL,TREE,RING
c198-011:24273:24330 [0] NCCL INFO threadThresholds 8/8/64 | 512/8/64 | 8/8/64 | 8/8/512
c198-011:24273:24330 [0] NCCL INFO 4 coll channels, 2 p2p channels, 2 p2p channels per peer
c198-011:24276:24328 [3] NCCL INFO Connected 1 MSCCL algorithms
c198-011:24276:24328 [3] NCCL INFO NCCL_PROTO set by environment to Simple
c198-011:24276:24328 [3] NCCL INFO NCCL_ALGO set by environment to MSCCL,TREE,RING
c198-041:14647:14705 [0] NCCL INFO Parsed MSCCL Algorithm /home1/09168/ldai1/ccl-build/msccl_tools_lyd/examples/xml/xml_lyd/ring/allreduce_ring_node16_gpu64_mcl4_mck2_gan0.xml successfully.
c198-011:24276:24328 [3] NCCL INFO threadThresholds 8/8/64 | 512/8/64 | 8/8/64 | 8/8/512
c198-011:24276:24328 [3] NCCL INFO 4 coll channels, 2 p2p channels, 2 p2p channels per peer
c198-022:31274:31329 [3] NCCL INFO Channel 00/0 : 40[2000] -> 47[83000] [receive] via NET/IB/0
c198-041:14647:14705 [0] NCCL INFO Channel 02/0 : 55[83000] -> 56[2000] [receive] via NET/IB/0
c198-041:14647:14705 [0] NCCL INFO Channel 02 : 56[2000] -> 57[3000] via direct shared memory
c198-041:14647:14705 [0] NCCL INFO Channel 03 : 56[2000] -> 57[3000] via direct shared memory
c197-092:20460:20518 [0] NCCL INFO Channel 01 : 12[2000] -> 15[83000] via direct shared memory
c198-041:14648:14706 [1] NCCL INFO Parsed MSCCL Algorithm /home1/09168/ldai1/ccl-build/msccl_tools_lyd/examples/xml/xml_lyd/ring/allreduce_ring_node16_gpu64_mcl4_mck2_gan0.xml successfully.
c197-092:20463:20514 [3] NCCL INFO Channel 00/0 : 8[2000] -> 15[83000] [receive] via NET/IB/0
c198-032:27460:27518 [1] NCCL INFO Channel 02 : 53[3000] -> 54[82000] via direct shared memory
c198-022:31273:31330 [2] NCCL INFO Channel 03/0 : 41[3000] -> 46[82000] [receive] via NET/IB/0
c198-022:31274:31329 [3] NCCL INFO Channel 03 : 47[83000] -> 44[2000] via direct shared memory
c198-031:1310:1368 [0] NCCL INFO Channel 00/0 : 48[2000] -> 55[83000] [send] via NET/IB/0
c198-031:1311:1369 [1] NCCL INFO Channel 03/0 : 49[3000] -> 54[82000] [send] via NET/IB/0
c197-082:22145:22198 [2] NCCL INFO Parsed MSCCL Algorithm /home1/09168/ldai1/ccl-build/msccl_tools_lyd/examples/xml/xml_lyd/ring/allreduce_ring_node16_gpu64_mcl4_mck2_gan0.xml successfully.
c198-032:27460:27518 [1] NCCL INFO Channel 01/0 : 50[82000] -> 53[3000] [receive] via NET/IB/0
c197-081:16072:16123 [0] NCCL INFO Parsed MSCCL Algorithm /home1/09168/ldai1/ccl-build/msccl_tools_lyd/examples/xml/xml_lyd/ring/allreduce_ring_node16_gpu64_mcl4_mck2_gan0.xml successfully.
c197-101:25055:25108 [3] NCCL INFO Channel 00/0 : 12[2000] -> 19[83000] [receive] via NET/IB/0
c197-081:16072:16123 [0] NCCL INFO Channel 02/0 : 63[83000] -> 0[2000] [receive] via NET/IB/0
c197-081:16072:16123 [0] NCCL INFO Channel 02 : 0[2000] -> 1[3000] via direct shared memory
c197-081:16072:16123 [0] NCCL INFO Channel 03 : 0[2000] -> 1[3000] via direct shared memory
c198-021:840:901 [0] NCCL INFO Connected 1 MSCCL algorithms
c198-021:840:901 [0] NCCL INFO NCCL_PROTO set by environment to Simple
c198-021:840:901 [0] NCCL INFO NCCL_ALGO set by environment to MSCCL,TREE,RING
c198-021:840:901 [0] NCCL INFO threadThresholds 8/8/64 | 512/8/64 | 8/8/64 | 8/8/512
c198-021:840:901 [0] NCCL INFO 4 coll channels, 2 p2p channels, 2 p2p channels per peer
c198-032:27461:27515 [2] NCCL INFO Channel 01/0 : 54[82000] -> 57[3000] [send] via NET/IB/0
c197-081:16073:16132 [1] NCCL INFO Parsed MSCCL Algorithm /home1/09168/ldai1/ccl-build/msccl_tools_lyd/examples/xml/xml_lyd/ring/allreduce_ring_node16_gpu64_mcl4_mck2_gan0.xml successfully.
c198-021:843:896 [3] NCCL INFO Connected 1 MSCCL algorithms
c198-021:843:896 [3] NCCL INFO NCCL_PROTO set by environment to Simple
c198-021:843:896 [3] NCCL INFO NCCL_ALGO set by environment to MSCCL,TREE,RING
c198-021:843:896 [3] NCCL INFO threadThresholds 8/8/64 | 512/8/64 | 8/8/64 | 8/8/512
c198-021:843:896 [3] NCCL INFO 4 coll channels, 2 p2p channels, 2 p2p channels per peer
c198-021:841:898 [1] NCCL INFO Connected 1 MSCCL algorithms
c198-021:841:898 [1] NCCL INFO NCCL_PROTO set by environment to Simple
c198-021:841:898 [1] NCCL INFO NCCL_ALGO set by environment to MSCCL,TREE,RING
c198-021:841:898 [1] NCCL INFO threadThresholds 8/8/64 | 512/8/64 | 8/8/64 | 8/8/512
c198-021:841:898 [1] NCCL INFO 4 coll channels, 2 p2p channels, 2 p2p channels per peer
c198-022:31273:31330 [2] NCCL INFO Connected 1 MSCCL algorithms
c198-022:31273:31330 [2] NCCL INFO NCCL_PROTO set by environment to Simple
c198-022:31273:31330 [2] NCCL INFO NCCL_ALGO set by environment to MSCCL,TREE,RING
c198-022:31273:31330 [2] NCCL INFO threadThresholds 8/8/64 | 512/8/64 | 8/8/64 | 8/8/512
c198-022:31273:31330 [2] NCCL INFO 4 coll channels, 2 p2p channels, 2 p2p channels per peer
c198-041:14648:14706 [1] NCCL INFO Channel 02 : 57[3000] -> 58[82000] via direct shared memory
c197-082:22145:22198 [2] NCCL INFO Channel 02 : 6[82000] -> 7[83000] via direct shared memory
c197-082:22145:22198 [2] NCCL INFO Channel 03 : 6[82000] -> 7[83000] via direct shared memory
c198-032:27459:27512 [0] NCCL INFO Channel 01 : 52[2000] -> 55[83000] via direct shared memory
c197-101:25054:25106 [2] NCCL INFO Channel 03/0 : 13[3000] -> 18[82000] [receive] via NET/IB/0
c197-091:9388:9446 [0] NCCL INFO Parsed MSCCL Algorithm /home1/09168/ldai1/ccl-build/msccl_tools_lyd/examples/xml/xml_lyd/ring/allreduce_ring_node16_gpu64_mcl4_mck2_gan0.xml successfully.
c198-041:14648:14706 [1] NCCL INFO Channel 01/0 : 54[82000] -> 57[3000] [receive] via NET/IB/0
c197-102:2865:2922 [1] NCCL INFO Channel 03/0 : 21[3000] -> 26[82000] [send] via NET/IB/0
c197-091:9388:9446 [0] NCCL INFO Channel 02/0 : 7[83000] -> 8[2000] [receive] via NET/IB/0
c197-102:2867:2920 [3] NCCL INFO Channel 00/0 : 16[2000] -> 23[83000] [receive] via NET/IB/0
c197-091:9388:9446 [0] NCCL INFO Channel 02 : 8[2000] -> 9[3000] via direct shared memory
c197-091:9388:9446 [0] NCCL INFO Channel 03 : 8[2000] -> 9[3000] via direct shared memory
c197-102:2864:2924 [0] NCCL INFO Channel 00/0 : 20[2000] -> 27[83000] [send] via NET/IB/0
c197-082:22143:22202 [0] NCCL INFO Parsed MSCCL Algorithm /home1/09168/ldai1/ccl-build/msccl_tools_lyd/examples/xml/xml_lyd/ring/allreduce_ring_node16_gpu64_mcl4_mck2_gan0.xml successfully.
c197-091:9389:9447 [1] NCCL INFO Parsed MSCCL Algorithm /home1/09168/ldai1/ccl-build/msccl_tools_lyd/examples/xml/xml_lyd/ring/allreduce_ring_node16_gpu64_mcl4_mck2_gan0.xml successfully.
c198-041:14649:14701 [2] NCCL INFO Channel 01/0 : 58[82000] -> 61[3000] [send] via NET/IB/0
c197-082:22144:22201 [1] NCCL INFO Parsed MSCCL Algorithm /home1/09168/ldai1/ccl-build/msccl_tools_lyd/examples/xml/xml_lyd/ring/allreduce_ring_node16_gpu64_mcl4_mck2_gan0.xml successfully.
c197-082:22143:22202 [0] NCCL INFO Channel 02/0 : 3[83000] -> 4[2000] [receive] via NET/IB/0
c197-082:22143:22202 [0] NCCL INFO Channel 02 : 4[2000] -> 5[3000] via direct shared memory
c197-082:22143:22202 [0] NCCL INFO Channel 03 : 4[2000] -> 5[3000] via direct shared memory
c198-041:14647:14705 [0] NCCL INFO Channel 01 : 56[2000] -> 59[83000] via direct shared memory
c198-041:14650:14702 [3] NCCL INFO Channel 00/0 : 52[2000] -> 59[83000] [receive] via NET/IB/0
c198-042:16850:16909 [0] NCCL INFO Channel 00/0 : 60[2000] -> 3[83000] [send] via NET/IB/0
c197-102:2866:2918 [2] NCCL INFO Channel 03/0 : 17[3000] -> 22[82000] [receive] via NET/IB/0
c197-081:16073:16132 [1] NCCL INFO Channel 02 : 1[3000] -> 2[82000] via direct shared memory
c197-102:2867:2920 [3] NCCL INFO Channel 03 : 23[83000] -> 20[2000] via direct shared memory
c197-111:14146:14201 [3] NCCL INFO Channel 03 : 27[83000] -> 24[2000] via direct shared memory
c197-111:14144:14199 [1] NCCL INFO Channel 03/0 : 25[3000] -> 30[82000] [send] via NET/IB/0
c197-111:14143:14203 [0] NCCL INFO Channel 00/0 : 24[2000] -> 31[83000] [send] via NET/IB/0
c197-112:25247:25300 [1] NCCL INFO Channel 03/0 : 29[3000] -> 34[82000] [send] via NET/IB/0
c197-111:14145:14197 [2] NCCL INFO Channel 03/0 : 21[3000] -> 26[82000] [receive] via NET/IB/0
c197-081:16073:16132 [1] NCCL INFO Channel 01/0 : 62[82000] -> 1[3000] [receive] via NET/IB/0
c197-081:16074:16130 [2] NCCL INFO Channel 01/0 : 2[82000] -> 5[3000] [send] via NET/IB/0
c197-102:2864:2924 [0] NCCL INFO Connected 1 MSCCL algorithms
c197-102:2864:2924 [0] NCCL INFO NCCL_PROTO set by environment to Simple
c197-102:2864:2924 [0] NCCL INFO NCCL_ALGO set by environment to MSCCL,TREE,RING
c197-102:2864:2924 [0] NCCL INFO threadThresholds 8/8/64 | 512/8/64 | 8/8/64 | 8/8/512
c197-102:2864:2924 [0] NCCL INFO 4 coll channels, 2 p2p channels, 2 p2p channels per peer
c197-091:9389:9447 [1] NCCL INFO Channel 02 : 9[3000] -> 10[82000] via direct shared memory
c197-102:2867:2920 [3] NCCL INFO Connected 1 MSCCL algorithms
c197-102:2867:2920 [3] NCCL INFO NCCL_PROTO set by environment to Simple
c197-102:2867:2920 [3] NCCL INFO NCCL_ALGO set by environment to MSCCL,TREE,RING
c197-102:2867:2920 [3] NCCL INFO threadThresholds 8/8/64 | 512/8/64 | 8/8/64 | 8/8/512
c197-102:2867:2920 [3] NCCL INFO 4 coll channels, 2 p2p channels, 2 p2p channels per peer
c197-111:14144:14199 [1] NCCL INFO Connected 1 MSCCL algorithms
c197-111:14144:14199 [1] NCCL INFO NCCL_PROTO set by environment to Simple
c197-111:14144:14199 [1] NCCL INFO NCCL_ALGO set by environment to MSCCL,TREE,RING
c197-111:14144:14199 [1] NCCL INFO threadThresholds 8/8/64 | 512/8/64 | 8/8/64 | 8/8/512
c197-111:14144:14199 [1] NCCL INFO 4 coll channels, 2 p2p channels, 2 p2p channels per peer
c198-012:21327:21382 [0] NCCL INFO comm 0x2ab760000010 rank 36 nranks 64 cudaDev 0 busId 2000 - Init COMPLETE
c197-082:22144:22201 [1] NCCL INFO Channel 02 : 5[3000] -> 6[82000] via direct shared memory
c198-012:21328:21385 [1] NCCL INFO comm 0x2ae19ce6b010 rank 37 nranks 64 cudaDev 1 busId 3000 - Init COMPLETE
c197-091:9389:9447 [1] NCCL INFO Channel 01/0 : 6[82000] -> 9[3000] [receive] via NET/IB/0
c197-112:25248:25305 [2] NCCL INFO Connected 1 MSCCL algorithms
c197-112:25248:25305 [2] NCCL INFO NCCL_PROTO set by environment to Simple
c197-112:25248:25305 [2] NCCL INFO NCCL_ALGO set by environment to MSCCL,TREE,RING
c197-112:25248:25305 [2] NCCL INFO threadThresholds 8/8/64 | 512/8/64 | 8/8/64 | 8/8/512
c197-112:25248:25305 [2] NCCL INFO 4 coll channels, 2 p2p channels, 2 p2p channels per peer
c197-081:16072:16123 [0] NCCL INFO Channel 01 : 0[2000] -> 3[83000] via direct shared memory
c198-012:21330:21386 [3] NCCL INFO comm 0x2b9b2e000010 rank 39 nranks 64 cudaDev 3 busId 83000 - Init COMPLETE
c198-012:21329:21380 [2] NCCL INFO comm 0x2ae80e000010 rank 38 nranks 64 cudaDev 2 busId 82000 - Init COMPLETE
c197-092:20462:20517 [2] NCCL INFO Channel 03/0 : 9[3000] -> 14[82000] [receive] via NET/IB/0
c197-101:25053:25109 [1] NCCL INFO Channel 03/0 : 17[3000] -> 22[82000] [send] via NET/IB/0
c197-112:25247:25300 [1] NCCL INFO Connected 1 MSCCL algorithms
c197-112:25247:25300 [1] NCCL INFO NCCL_PROTO set by environment to Simple
c197-112:25247:25300 [1] NCCL INFO NCCL_ALGO set by environment to MSCCL,TREE,RING
c197-112:25247:25300 [1] NCCL INFO threadThresholds 8/8/64 | 512/8/64 | 8/8/64 | 8/8/512
c197-112:25247:25300 [1] NCCL INFO 4 coll channels, 2 p2p channels, 2 p2p channels per peer
c197-112:25249:25304 [3] NCCL INFO Channel 03 : 31[83000] -> 28[2000] via direct shared memory
c197-092:20460:20518 [0] NCCL INFO Channel 00/0 : 12[2000] -> 19[83000] [send] via NET/IB/0
c197-082:22144:22201 [1] NCCL INFO Channel 01/0 : 2[82000] -> 5[3000] [receive] via NET/IB/0
c197-102:2865:2922 [1] NCCL INFO Connected 1 MSCCL algorithms
c197-102:2865:2922 [1] NCCL INFO NCCL_PROTO set by environment to Simple
c197-102:2865:2922 [1] NCCL INFO NCCL_ALGO set by environment to MSCCL,TREE,RING
c197-102:2865:2922 [1] NCCL INFO threadThresholds 8/8/64 | 512/8/64 | 8/8/64 | 8/8/512
c197-112:25246:25301 [0] NCCL INFO Connected 1 MSCCL algorithms
c197-102:2865:2922 [1] NCCL INFO 4 coll channels, 2 p2p channels, 2 p2p channels per peer
c197-112:25246:25301 [0] NCCL INFO NCCL_PROTO set by environment to Simple
c197-112:25246:25301 [0] NCCL INFO NCCL_ALGO set by environment to MSCCL,TREE,RING
c197-112:25246:25301 [0] NCCL INFO threadThresholds 8/8/64 | 512/8/64 | 8/8/64 | 8/8/512
c197-112:25246:25301 [0] NCCL INFO 4 coll channels, 2 p2p channels, 2 p2p channels per peer
c197-111:14145:14197 [2] NCCL INFO Connected 1 MSCCL algorithms
c197-111:14145:14197 [2] NCCL INFO NCCL_PROTO set by environment to Simple
c197-111:14145:14197 [2] NCCL INFO NCCL_ALGO set by environment to MSCCL,TREE,RING
c197-111:14145:14197 [2] NCCL INFO threadThresholds 8/8/64 | 512/8/64 | 8/8/64 | 8/8/512
c197-111:14145:14197 [2] NCCL INFO 4 coll channels, 2 p2p channels, 2 p2p channels per peer
c197-091:9390:9443 [2] NCCL INFO Channel 01/0 : 10[82000] -> 13[3000] [send] via NET/IB/0
c197-112:25249:25304 [3] NCCL INFO Connected 1 MSCCL algorithms
c197-112:25249:25304 [3] NCCL INFO NCCL_PROTO set by environment to Simple
c197-112:25249:25304 [3] NCCL INFO NCCL_ALGO set by environment to MSCCL,TREE,RING
c197-112:25249:25304 [3] NCCL INFO threadThresholds 8/8/64 | 512/8/64 | 8/8/64 | 8/8/512
c197-112:25249:25304 [3] NCCL INFO 4 coll channels, 2 p2p channels, 2 p2p channels per peer
c198-031:1313:1364 [3] NCCL INFO Channel 00/0 : 44[2000] -> 51[83000] [receive] via NET/IB/0
c198-011:24275:24327 [2] NCCL INFO Connected 1 MSCCL algorithms
c198-011:24275:24327 [2] NCCL INFO NCCL_PROTO set by environment to Simple
c198-011:24275:24327 [2] NCCL INFO NCCL_ALGO set by environment to MSCCL,TREE,RING
c198-011:24275:24327 [2] NCCL INFO threadThresholds 8/8/64 | 512/8/64 | 8/8/64 | 8/8/512
c198-011:24275:24327 [2] NCCL INFO 4 coll channels, 2 p2p channels, 2 p2p channels per peer
c197-082:22145:22198 [2] NCCL INFO Channel 01/0 : 6[82000] -> 9[3000] [send] via NET/IB/0
c197-111:14143:14203 [0] NCCL INFO Connected 1 MSCCL algorithms
c197-111:14143:14203 [0] NCCL INFO NCCL_PROTO set by environment to Simple
c197-111:14143:14203 [0] NCCL INFO NCCL_ALGO set by environment to MSCCL,TREE,RING
c197-111:14143:14203 [0] NCCL INFO threadThresholds 8/8/64 | 512/8/64 | 8/8/64 | 8/8/512
c197-101:25053:25109 [1] NCCL INFO Connected 1 MSCCL algorithms
c197-111:14143:14203 [0] NCCL INFO 4 coll channels, 2 p2p channels, 2 p2p channels per peer
c197-101:25053:25109 [1] NCCL INFO NCCL_PROTO set by environment to Simple
c197-101:25053:25109 [1] NCCL INFO NCCL_ALGO set by environment to MSCCL,TREE,RING
c197-101:25053:25109 [1] NCCL INFO threadThresholds 8/8/64 | 512/8/64 | 8/8/64 | 8/8/512
c197-101:25053:25109 [1] NCCL INFO 4 coll channels, 2 p2p channels, 2 p2p channels per peer
c197-111:14146:14201 [3] NCCL INFO Connected 1 MSCCL algorithms
c197-111:14146:14201 [3] NCCL INFO NCCL_PROTO set by environment to Simple
c197-111:14146:14201 [3] NCCL INFO NCCL_ALGO set by environment to MSCCL,TREE,RING
c197-111:14146:14201 [3] NCCL INFO threadThresholds 8/8/64 | 512/8/64 | 8/8/64 | 8/8/512
c197-111:14146:14201 [3] NCCL INFO 4 coll channels, 2 p2p channels, 2 p2p channels per peer
c197-102:2866:2918 [2] NCCL INFO Connected 1 MSCCL algorithms
c197-102:2866:2918 [2] NCCL INFO NCCL_PROTO set by environment to Simple
c197-102:2866:2918 [2] NCCL INFO NCCL_ALGO set by environment to MSCCL,TREE,RING
c197-091:9388:9446 [0] NCCL INFO Channel 01 : 8[2000] -> 11[83000] via direct shared memory
c197-102:2866:2918 [2] NCCL INFO threadThresholds 8/8/64 | 512/8/64 | 8/8/64 | 8/8/512
c197-102:2866:2918 [2] NCCL INFO 4 coll channels, 2 p2p channels, 2 p2p channels per peer
c197-091:9391:9442 [3] NCCL INFO Channel 00/0 : 4[2000] -> 11[83000] [receive] via NET/IB/0
c197-101:25055:25108 [3] NCCL INFO Channel 03 : 19[83000] -> 16[2000] via direct shared memory
c197-101:25052:25111 [0] NCCL INFO Connected 1 MSCCL algorithms
c197-101:25052:25111 [0] NCCL INFO NCCL_PROTO set by environment to Simple
c197-101:25052:25111 [0] NCCL INFO NCCL_ALGO set by environment to MSCCL,TREE,RING
c197-101:25052:25111 [0] NCCL INFO threadThresholds 8/8/64 | 512/8/64 | 8/8/64 | 8/8/512
c197-101:25052:25111 [0] NCCL INFO 4 coll channels, 2 p2p channels, 2 p2p channels per peer
c197-082:22143:22202 [0] NCCL INFO Channel 01 : 4[2000] -> 7[83000] via direct shared memory
c197-101:25055:25108 [3] NCCL INFO Connected 1 MSCCL algorithms
c197-101:25055:25108 [3] NCCL INFO NCCL_PROTO set by environment to Simple
c197-101:25055:25108 [3] NCCL INFO NCCL_ALGO set by environment to MSCCL,TREE,RING
c197-101:25055:25108 [3] NCCL INFO threadThresholds 8/8/64 | 512/8/64 | 8/8/64 | 8/8/512
c197-101:25055:25108 [3] NCCL INFO 4 coll channels, 2 p2p channels, 2 p2p channels per peer
c198-031:1312:1365 [2] NCCL INFO Channel 03/0 : 45[3000] -> 50[82000] [receive] via NET/IB/0
c198-031:1313:1364 [3] NCCL INFO Channel 03 : 51[83000] -> 48[2000] via direct shared memory
c198-032:27460:27518 [1] NCCL INFO Channel 03/0 : 53[3000] -> 58[82000] [send] via NET/IB/0
c198-032:27462:27516 [3] NCCL INFO Channel 00/0 : 48[2000] -> 55[83000] [receive] via NET/IB/0
c198-032:27459:27512 [0] NCCL INFO Channel 00/0 : 52[2000] -> 59[83000] [send] via NET/IB/0
c198-021:841:898 [1] NCCL INFO comm 0x2add1e000010 rank 41 nranks 64 cudaDev 1 busId 3000 - Init COMPLETE
c198-021:843:896 [3] NCCL INFO comm 0x2b4a9c000010 rank 43 nranks 64 cudaDev 3 busId 83000 - Init COMPLETE
c198-021:842:900 [2] NCCL INFO comm 0x2b2bde000010 rank 42 nranks 64 cudaDev 2 busId 82000 - Init COMPLETE
c198-021:840:901 [0] NCCL INFO comm 0x2ab6ae000010 rank 40 nranks 64 cudaDev 0 busId 2000 - Init COMPLETE
c198-022:31271:31326 [0] NCCL INFO Connected 1 MSCCL algorithms
c198-022:31271:31326 [0] NCCL INFO NCCL_PROTO set by environment to Simple
c198-022:31271:31326 [0] NCCL INFO NCCL_ALGO set by environment to MSCCL,TREE,RING
c198-022:31271:31326 [0] NCCL INFO threadThresholds 8/8/64 | 512/8/64 | 8/8/64 | 8/8/512
c198-022:31271:31326 [0] NCCL INFO 4 coll channels, 2 p2p channels, 2 p2p channels per peer
c198-022:31272:31332 [1] NCCL INFO Connected 1 MSCCL algorithms
c198-022:31272:31332 [1] NCCL INFO NCCL_PROTO set by environment to Simple
c198-022:31272:31332 [1] NCCL INFO NCCL_ALGO set by environment to MSCCL,TREE,RING
c198-022:31272:31332 [1] NCCL INFO threadThresholds 8/8/64 | 512/8/64 | 8/8/64 | 8/8/512
c198-022:31272:31332 [1] NCCL INFO 4 coll channels, 2 p2p channels, 2 p2p channels per peer
c198-031:1312:1365 [2] NCCL INFO Connected 1 MSCCL algorithms
c198-022:31274:31329 [3] NCCL INFO Connected 1 MSCCL algorithms
c198-022:31274:31329 [3] NCCL INFO NCCL_PROTO set by environment to Simple
c198-022:31274:31329 [3] NCCL INFO NCCL_ALGO set by environment to MSCCL,TREE,RING
c198-022:31274:31329 [3] NCCL INFO threadThresholds 8/8/64 | 512/8/64 | 8/8/64 | 8/8/512
c198-022:31274:31329 [3] NCCL INFO 4 coll channels, 2 p2p channels, 2 p2p channels per peer
c198-031:1312:1365 [2] NCCL INFO NCCL_PROTO set by environment to Simple
c198-031:1312:1365 [2] NCCL INFO NCCL_ALGO set by environment to MSCCL,TREE,RING
c198-031:1312:1365 [2] NCCL INFO threadThresholds 8/8/64 | 512/8/64 | 8/8/64 | 8/8/512
c198-031:1312:1365 [2] NCCL INFO 4 coll channels, 2 p2p channels, 2 p2p channels per peer
c198-032:27461:27515 [2] NCCL INFO Channel 03/0 : 49[3000] -> 54[82000] [receive] via NET/IB/0
c198-042:16853:16905 [3] NCCL INFO Channel 00/0 : 56[2000] -> 63[83000] [receive] via NET/IB/0
c198-032:27462:27516 [3] NCCL INFO Channel 03 : 55[83000] -> 52[2000] via direct shared memory
c198-041:14650:14702 [3] NCCL INFO Channel 03 : 59[83000] -> 56[2000] via direct shared memory
c198-041:14648:14706 [1] NCCL INFO Channel 03/0 : 57[3000] -> 62[82000] [send] via NET/IB/0
c198-041:14647:14705 [0] NCCL INFO Channel 00/0 : 56[2000] -> 63[83000] [send] via NET/IB/0
c198-042:16851:16908 [1] NCCL INFO Channel 03/0 : 61[3000] -> 2[82000] [send] via NET/IB/0
c198-041:14649:14701 [2] NCCL INFO Channel 03/0 : 53[3000] -> 58[82000] [receive] via NET/IB/0
c198-031:1311:1369 [1] NCCL INFO Connected 1 MSCCL algorithms
c198-031:1311:1369 [1] NCCL INFO NCCL_PROTO set by environment to Simple
c198-031:1311:1369 [1] NCCL INFO NCCL_ALGO set by environment to MSCCL,TREE,RING
c198-031:1311:1369 [1] NCCL INFO threadThresholds 8/8/64 | 512/8/64 | 8/8/64 | 8/8/512
c198-031:1311:1369 [1] NCCL INFO 4 coll channels, 2 p2p channels, 2 p2p channels per peer
c198-031:1310:1368 [0] NCCL INFO Connected 1 MSCCL algorithms
c198-031:1310:1368 [0] NCCL INFO NCCL_PROTO set by environment to Simple
c198-031:1310:1368 [0] NCCL INFO NCCL_ALGO set by environment to MSCCL,TREE,RING
c198-031:1310:1368 [0] NCCL INFO threadThresholds 8/8/64 | 512/8/64 | 8/8/64 | 8/8/512
c198-031:1310:1368 [0] NCCL INFO 4 coll channels, 2 p2p channels, 2 p2p channels per peer
c198-032:27461:27515 [2] NCCL INFO Connected 1 MSCCL algorithms
c198-032:27461:27515 [2] NCCL INFO NCCL_PROTO set by environment to Simple
c198-032:27461:27515 [2] NCCL INFO NCCL_ALGO set by environment to MSCCL,TREE,RING
c198-032:27461:27515 [2] NCCL INFO threadThresholds 8/8/64 | 512/8/64 | 8/8/64 | 8/8/512
