TACC:  Starting up job 6212723 
TACC:  Starting parallel tasks... 
# nThread 1 nGpus 1 minBytes 65536 maxBytes 268435456 step: 2(factor) warmup iters: 5 iters: 60 agg iters: 1 validation: 1 graph: 0
#
# Using devices
#  Rank  0 Group  0 Pid  26340 on   c196-111 device  0 [0x02] Quadro RTX 5000
#  Rank  1 Group  0 Pid  26341 on   c196-111 device  1 [0x03] Quadro RTX 5000
#  Rank  2 Group  0 Pid  26342 on   c196-111 device  2 [0x82] Quadro RTX 5000
#  Rank  3 Group  0 Pid  26343 on   c196-111 device  3 [0x83] Quadro RTX 5000
#  Rank  4 Group  0 Pid  12947 on   c196-112 device  0 [0x02] Quadro RTX 5000
#  Rank  5 Group  0 Pid  12948 on   c196-112 device  1 [0x03] Quadro RTX 5000
#  Rank  6 Group  0 Pid  12949 on   c196-112 device  2 [0x82] Quadro RTX 5000
#  Rank  7 Group  0 Pid  12950 on   c196-112 device  3 [0x83] Quadro RTX 5000
#  Rank  8 Group  0 Pid  10506 on   c197-011 device  0 [0x02] Quadro RTX 5000
#  Rank  9 Group  0 Pid  10507 on   c197-011 device  1 [0x03] Quadro RTX 5000
#  Rank 10 Group  0 Pid  10508 on   c197-011 device  2 [0x82] Quadro RTX 5000
#  Rank 11 Group  0 Pid  10509 on   c197-011 device  3 [0x83] Quadro RTX 5000
#  Rank 12 Group  0 Pid   6390 on   c197-012 device  0 [0x02] Quadro RTX 5000
#  Rank 13 Group  0 Pid   6391 on   c197-012 device  1 [0x03] Quadro RTX 5000
#  Rank 14 Group  0 Pid   6392 on   c197-012 device  2 [0x82] Quadro RTX 5000
#  Rank 15 Group  0 Pid   6393 on   c197-012 device  3 [0x83] Quadro RTX 5000
The MSCCL XML file exists: /home1/09168/ldai1/ccl-build/msccl_tools_lyd/examples/xml/xml_lyd/basic_msccl/allreduce_basic_binary_tree_16gpus_2tree.xml
c196-111:26340:26340 [0] NCCL INFO Bootstrap : Using ib0:192.168.44.121<0>
c196-111:26340:26340 [0] NCCL INFO NET/Plugin : No plugin found (libnccl-net.so), using internal implementation
c196-111:26340:26340 [0] NCCL INFO NET/IB : Using [0]mlx4_0:1/IB [RO]; OOB ib0:192.168.44.121<0>
c196-111:26340:26340 [0] NCCL INFO Using network IB
NCCL version 2.12.12.MSCCL.0.7.4+cuda11.3
c196-111:26342:26342 [2] NCCL INFO Bootstrap : Using ib0:192.168.44.121<0>
c196-111:26342:26342 [2] NCCL INFO NET/Plugin : No plugin found (libnccl-net.so), using internal implementation
c196-111:26343:26343 [3] NCCL INFO Bootstrap : Using ib0:192.168.44.121<0>
c196-111:26343:26343 [3] NCCL INFO NET/Plugin : No plugin found (libnccl-net.so), using internal implementation
c196-111:26343:26343 [3] NCCL INFO NET/IB : Using [0]mlx4_0:1/IB [RO]; OOB ib0:192.168.44.121<0>
c196-111:26343:26343 [3] NCCL INFO Using network IB
c196-111:26342:26342 [2] NCCL INFO NET/IB : Using [0]mlx4_0:1/IB [RO]; OOB ib0:192.168.44.121<0>
c196-111:26342:26342 [2] NCCL INFO Using network IB
c196-111:26341:26341 [1] NCCL INFO Bootstrap : Using ib0:192.168.44.121<0>
c196-111:26341:26341 [1] NCCL INFO NET/Plugin : No plugin found (libnccl-net.so), using internal implementation
c196-111:26341:26341 [1] NCCL INFO NET/IB : Using [0]mlx4_0:1/IB [RO]; OOB ib0:192.168.44.121<0>
c196-111:26341:26341 [1] NCCL INFO Using network IB
c197-012:6392:6392 [2] NCCL INFO Bootstrap : Using ib0:192.168.44.124<0>
c197-012:6392:6392 [2] NCCL INFO NET/Plugin : No plugin found (libnccl-net.so), using internal implementation
c197-011:10508:10508 [2] NCCL INFO Bootstrap : Using ib0:192.168.44.123<0>
c197-011:10508:10508 [2] NCCL INFO NET/Plugin : No plugin found (libnccl-net.so), using internal implementation
c197-012:6392:6392 [2] NCCL INFO NET/IB : Using [0]mlx4_0:1/IB [RO]; OOB ib0:192.168.44.124<0>
c197-012:6392:6392 [2] NCCL INFO Using network IB
c197-011:10509:10509 [3] NCCL INFO Bootstrap : Using ib0:192.168.44.123<0>
c197-011:10507:10507 [1] NCCL INFO Bootstrap : Using ib0:192.168.44.123<0>
c197-011:10509:10509 [3] NCCL INFO NET/Plugin : No plugin found (libnccl-net.so), using internal implementation
c197-011:10507:10507 [1] NCCL INFO NET/Plugin : No plugin found (libnccl-net.so), using internal implementation
c197-011:10508:10508 [2] NCCL INFO NET/IB : Using [0]mlx4_0:1/IB [RO]; OOB ib0:192.168.44.123<0>
c197-011:10508:10508 [2] NCCL INFO Using network IB
c197-011:10509:10509 [3] NCCL INFO NET/IB : Using [0]mlx4_0:1/IB [RO]; OOB ib0:192.168.44.123<0>
c197-011:10509:10509 [3] NCCL INFO Using network IB
c197-012:6390:6390 [0] NCCL INFO Bootstrap : Using ib0:192.168.44.124<0>
c197-012:6393:6393 [3] NCCL INFO Bootstrap : Using ib0:192.168.44.124<0>
c197-012:6391:6391 [1] NCCL INFO Bootstrap : Using ib0:192.168.44.124<0>
c197-012:6393:6393 [3] NCCL INFO NET/Plugin : No plugin found (libnccl-net.so), using internal implementation
c197-012:6390:6390 [0] NCCL INFO NET/Plugin : No plugin found (libnccl-net.so), using internal implementation
c197-012:6391:6391 [1] NCCL INFO NET/Plugin : No plugin found (libnccl-net.so), using internal implementation
c197-011:10507:10507 [1] NCCL INFO NET/IB : Using [0]mlx4_0:1/IB [RO]; OOB ib0:192.168.44.123<0>
c197-011:10507:10507 [1] NCCL INFO Using network IB
c196-112:12950:12950 [3] NCCL INFO Bootstrap : Using ib0:192.168.44.122<0>
c196-112:12950:12950 [3] NCCL INFO NET/Plugin : No plugin found (libnccl-net.so), using internal implementation
c197-011:10506:10506 [0] NCCL INFO Bootstrap : Using ib0:192.168.44.123<0>
c197-011:10506:10506 [0] NCCL INFO NET/Plugin : No plugin found (libnccl-net.so), using internal implementation
c196-112:12950:12950 [3] NCCL INFO NET/IB : Using [0]mlx4_0:1/IB [RO]; OOB ib0:192.168.44.122<0>
c196-112:12950:12950 [3] NCCL INFO Using network IB
c197-012:6393:6393 [3] NCCL INFO NET/IB : Using [0]mlx4_0:1/IB [RO]; OOB ib0:192.168.44.124<0>
c197-012:6393:6393 [3] NCCL INFO Using network IB
c197-012:6391:6391 [1] NCCL INFO NET/IB : Using [0]mlx4_0:1/IB [RO]; OOB ib0:192.168.44.124<0>
c197-012:6391:6391 [1] NCCL INFO Using network IB
c197-011:10506:10506 [0] NCCL INFO NET/IB : Using [0]mlx4_0:1/IB [RO]; OOB ib0:192.168.44.123<0>
c197-011:10506:10506 [0] NCCL INFO Using network IB
c197-012:6390:6390 [0] NCCL INFO NET/IB : Using [0]mlx4_0:1/IB [RO]; OOB ib0:192.168.44.124<0>
c197-012:6390:6390 [0] NCCL INFO Using network IB
c196-112:12949:12949 [2] NCCL INFO Bootstrap : Using ib0:192.168.44.122<0>
c196-112:12949:12949 [2] NCCL INFO NET/Plugin : No plugin found (libnccl-net.so), using internal implementation
c196-112:12949:12949 [2] NCCL INFO NET/IB : Using [0]mlx4_0:1/IB [RO]; OOB ib0:192.168.44.122<0>
c196-112:12949:12949 [2] NCCL INFO Using network IB
c196-112:12948:12948 [1] NCCL INFO Bootstrap : Using ib0:192.168.44.122<0>
c196-112:12948:12948 [1] NCCL INFO NET/Plugin : No plugin found (libnccl-net.so), using internal implementation
c196-112:12947:12947 [0] NCCL INFO Bootstrap : Using ib0:192.168.44.122<0>
c196-112:12947:12947 [0] NCCL INFO NET/Plugin : No plugin found (libnccl-net.so), using internal implementation
c196-112:12948:12948 [1] NCCL INFO NET/IB : Using [0]mlx4_0:1/IB [RO]; OOB ib0:192.168.44.122<0>
c196-112:12948:12948 [1] NCCL INFO Using network IB
c196-112:12947:12947 [0] NCCL INFO NET/IB : Using [0]mlx4_0:1/IB [RO]; OOB ib0:192.168.44.122<0>
c196-112:12947:12947 [0] NCCL INFO Using network IB
c196-111:26340:26391 [0] NCCL INFO Setting affinity for GPU 0 to 0f000f
c197-012:6393:6446 [3] NCCL INFO Setting affinity for GPU 3 to f000f000
c196-112:12950:13000 [3] NCCL INFO Setting affinity for GPU 3 to f000f000
c197-011:10509:10561 [3] NCCL INFO Setting affinity for GPU 3 to f000f000
c196-111:26342:26398 [2] NCCL INFO Setting affinity for GPU 2 to 0f000f00
c196-111:26343:26396 [3] NCCL INFO Setting affinity for GPU 3 to f000f000
c196-111:26341:26400 [1] NCCL INFO Setting affinity for GPU 1 to f000f0
c196-112:12949:13002 [2] NCCL INFO Setting affinity for GPU 2 to 0f000f00
c197-012:6392:6443 [2] NCCL INFO Setting affinity for GPU 2 to 0f000f00
c197-011:10506:10565 [0] NCCL INFO Setting affinity for GPU 0 to 0f000f
c197-011:10508:10559 [2] NCCL INFO Setting affinity for GPU 2 to 0f000f00
c197-011:10507:10563 [1] NCCL INFO Setting affinity for GPU 1 to f000f0
c196-112:12947:13006 [0] NCCL INFO Setting affinity for GPU 0 to 0f000f
c196-112:12948:13004 [1] NCCL INFO Setting affinity for GPU 1 to f000f0
c197-012:6390:6449 [0] NCCL INFO Setting affinity for GPU 0 to 0f000f
c197-012:6391:6447 [1] NCCL INFO Setting affinity for GPU 1 to f000f0
c196-111:26340:26391 [0] NCCL INFO Channel 00/02 :    0   1   2   3   4   5   6   7   8   9  10  11  12  13  14  15
c196-111:26340:26391 [0] NCCL INFO Channel 01/02 :    0   1   2   3   4   5   6   7   8   9  10  11  12  13  14  15
c196-111:26343:26396 [3] NCCL INFO Trees [0] -1/-1/-1->3->2 [1] -1/-1/-1->3->2
c197-012:6391:6447 [1] NCCL INFO Trees [0] 14/-1/-1->13->12 [1] 14/-1/-1->13->12
c197-011:10506:10565 [0] NCCL INFO Trees [0] 9/12/-1->8->0 [1] 9/-1/-1->8->5
c196-112:12947:13006 [0] NCCL INFO Trees [0] 5/-1/-1->4->9 [1] 5/0/-1->4->12
c196-111:26340:26391 [0] NCCL INFO Trees [0] 1/8/-1->0->-1 [1] 1/-1/-1->0->4
c197-012:6392:6443 [2] NCCL INFO Trees [0] 15/-1/-1->14->13 [1] 15/-1/-1->14->13
c197-011:10509:10561 [3] NCCL INFO Trees [0] -1/-1/-1->11->10 [1] -1/-1/-1->11->10
c196-112:12948:13004 [1] NCCL INFO Trees [0] 6/-1/-1->5->4 [1] 6/8/-1->5->4
c196-111:26341:26400 [1] NCCL INFO Trees [0] 2/-1/-1->1->0 [1] 2/-1/-1->1->0
c197-012:6393:6446 [3] NCCL INFO Trees [0] -1/-1/-1->15->14 [1] -1/-1/-1->15->14
c197-011:10507:10563 [1] NCCL INFO Trees [0] 10/4/-1->9->8 [1] 10/-1/-1->9->8
c196-112:12949:13002 [2] NCCL INFO Trees [0] 7/-1/-1->6->5 [1] 7/-1/-1->6->5
c196-111:26342:26398 [2] NCCL INFO Trees [0] 3/-1/-1->2->1 [1] 3/-1/-1->2->1
c197-012:6390:6449 [0] NCCL INFO Trees [0] 13/-1/-1->12->8 [1] 13/4/-1->12->-1
c197-011:10508:10559 [2] NCCL INFO Trees [0] 11/-1/-1->10->9 [1] 11/-1/-1->10->9
c196-112:12950:13000 [3] NCCL INFO Trees [0] -1/-1/-1->7->6 [1] -1/-1/-1->7->6
c197-012:6390:6449 [0] NCCL INFO Channel 00/0 : 11[83000] -> 12[2000] [receive] via NET/IB/0
c197-011:10506:10565 [0] NCCL INFO Channel 00/0 : 7[83000] -> 8[2000] [receive] via NET/IB/0
c196-112:12947:13006 [0] NCCL INFO Channel 00/0 : 3[83000] -> 4[2000] [receive] via NET/IB/0
c196-111:26340:26391 [0] NCCL INFO Channel 00/0 : 15[83000] -> 0[2000] [receive] via NET/IB/0
c196-111:26342:26398 [2] NCCL INFO Channel 00 : 2[82000] -> 3[83000] via direct shared memory
c197-012:6391:6447 [1] NCCL INFO Channel 00 : 13[3000] -> 14[82000] via direct shared memory
c197-012:6391:6447 [1] NCCL INFO Channel 01 : 13[3000] -> 14[82000] via direct shared memory
c197-012:6392:6443 [2] NCCL INFO Channel 00 : 14[82000] -> 15[83000] via direct shared memory
c197-011:10508:10559 [2] NCCL INFO Channel 00 : 10[82000] -> 11[83000] via direct shared memory
c197-012:6392:6443 [2] NCCL INFO Channel 01 : 14[82000] -> 15[83000] via direct shared memory
c196-111:26342:26398 [2] NCCL INFO Channel 01 : 2[82000] -> 3[83000] via direct shared memory
c197-011:10508:10559 [2] NCCL INFO Channel 01 : 10[82000] -> 11[83000] via direct shared memory
c196-111:26341:26400 [1] NCCL INFO Channel 00 : 1[3000] -> 2[82000] via direct shared memory
c196-111:26341:26400 [1] NCCL INFO Channel 01 : 1[3000] -> 2[82000] via direct shared memory
c197-011:10507:10563 [1] NCCL INFO Channel 00 : 9[3000] -> 10[82000] via direct shared memory
c197-011:10507:10563 [1] NCCL INFO Channel 01 : 9[3000] -> 10[82000] via direct shared memory
c196-112:12949:13002 [2] NCCL INFO Channel 00 : 6[82000] -> 7[83000] via direct shared memory
c196-112:12948:13004 [1] NCCL INFO Channel 00 : 5[3000] -> 6[82000] via direct shared memory
c196-112:12949:13002 [2] NCCL INFO Channel 01 : 6[82000] -> 7[83000] via direct shared memory
c196-112:12948:13004 [1] NCCL INFO Channel 01 : 5[3000] -> 6[82000] via direct shared memory
c197-012:6393:6446 [3] NCCL INFO Channel 00/0 : 15[83000] -> 0[2000] [send] via NET/IB/0
c196-111:26343:26396 [3] NCCL INFO Channel 00/0 : 3[83000] -> 4[2000] [send] via NET/IB/0
c197-011:10509:10561 [3] NCCL INFO Channel 00/0 : 11[83000] -> 12[2000] [send] via NET/IB/0
c196-112:12950:13000 [3] NCCL INFO Channel 00/0 : 7[83000] -> 8[2000] [send] via NET/IB/0
c197-012:6390:6449 [0] NCCL INFO Channel 01/0 : 11[83000] -> 12[2000] [receive] via NET/IB/0
c197-012:6390:6449 [0] NCCL INFO Channel 00 : 12[2000] -> 13[3000] via direct shared memory
c196-112:12947:13006 [0] NCCL INFO Channel 01/0 : 3[83000] -> 4[2000] [receive] via NET/IB/0
c197-012:6390:6449 [0] NCCL INFO Channel 01 : 12[2000] -> 13[3000] via direct shared memory
c197-011:10506:10565 [0] NCCL INFO Channel 01/0 : 7[83000] -> 8[2000] [receive] via NET/IB/0
c196-112:12947:13006 [0] NCCL INFO Channel 00 : 4[2000] -> 5[3000] via direct shared memory
c196-112:12947:13006 [0] NCCL INFO Channel 01 : 4[2000] -> 5[3000] via direct shared memory
c197-011:10506:10565 [0] NCCL INFO Channel 00 : 8[2000] -> 9[3000] via direct shared memory
c197-011:10506:10565 [0] NCCL INFO Channel 01 : 8[2000] -> 9[3000] via direct shared memory
c196-111:26340:26391 [0] NCCL INFO Channel 01/0 : 15[83000] -> 0[2000] [receive] via NET/IB/0
c196-111:26340:26391 [0] NCCL INFO Channel 00 : 0[2000] -> 1[3000] via direct shared memory
c196-111:26340:26391 [0] NCCL INFO Channel 01 : 0[2000] -> 1[3000] via direct shared memory
c197-012:6391:6447 [1] NCCL INFO Connected all rings
c197-011:10507:10563 [1] NCCL INFO Connected all rings
c196-112:12948:13004 [1] NCCL INFO Connected all rings
c196-111:26341:26400 [1] NCCL INFO Connected all rings
c196-112:12948:13004 [1] NCCL INFO Channel 01/0 : 5[3000] -> 8[2000] [send] via NET/IB/0
c197-011:10507:10563 [1] NCCL INFO Channel 00/0 : 4[2000] -> 9[3000] [receive] via NET/IB/0
c196-111:26343:26396 [3] NCCL INFO Channel 01/0 : 3[83000] -> 4[2000] [send] via NET/IB/0
c197-012:6393:6446 [3] NCCL INFO Channel 01/0 : 15[83000] -> 0[2000] [send] via NET/IB/0
c197-011:10509:10561 [3] NCCL INFO Channel 01/0 : 11[83000] -> 12[2000] [send] via NET/IB/0
c196-112:12950:13000 [3] NCCL INFO Channel 01/0 : 7[83000] -> 8[2000] [send] via NET/IB/0
c197-011:10508:10559 [2] NCCL INFO Connected all rings
c197-012:6391:6447 [1] NCCL INFO Channel 00 : 13[3000] -> 12[2000] via direct shared memory
c197-012:6391:6447 [1] NCCL INFO Channel 01 : 13[3000] -> 12[2000] via direct shared memory
c196-111:26342:26398 [2] NCCL INFO Connected all rings
c197-012:6392:6443 [2] NCCL INFO Connected all rings
c196-112:12949:13002 [2] NCCL INFO Connected all rings
c196-111:26341:26400 [1] NCCL INFO Channel 00 : 1[3000] -> 0[2000] via direct shared memory
c196-111:26341:26400 [1] NCCL INFO Channel 01 : 1[3000] -> 0[2000] via direct shared memory
c196-111:26343:26396 [3] NCCL INFO Connected all rings
c196-111:26343:26396 [3] NCCL INFO Channel 00 : 3[83000] -> 2[82000] via direct shared memory
c197-011:10509:10561 [3] NCCL INFO Connected all rings
c196-111:26343:26396 [3] NCCL INFO Channel 01 : 3[83000] -> 2[82000] via direct shared memory
c197-011:10509:10561 [3] NCCL INFO Channel 00 : 11[83000] -> 10[82000] via direct shared memory
c197-011:10509:10561 [3] NCCL INFO Channel 01 : 11[83000] -> 10[82000] via direct shared memory
c197-012:6393:6446 [3] NCCL INFO Connected all rings
c197-012:6393:6446 [3] NCCL INFO Channel 00 : 15[83000] -> 14[82000] via direct shared memory
c197-012:6393:6446 [3] NCCL INFO Channel 01 : 15[83000] -> 14[82000] via direct shared memory
c196-112:12950:13000 [3] NCCL INFO Connected all rings
c196-112:12950:13000 [3] NCCL INFO Channel 00 : 7[83000] -> 6[82000] via direct shared memory
c196-112:12950:13000 [3] NCCL INFO Channel 01 : 7[83000] -> 6[82000] via direct shared memory
c196-112:12947:13006 [0] NCCL INFO Connected all rings
c197-012:6390:6449 [0] NCCL INFO Connected all rings
c196-111:26340:26391 [0] NCCL INFO Connected all rings
c197-012:6392:6443 [2] NCCL INFO Channel 00 : 14[82000] -> 13[3000] via direct shared memory
c197-012:6392:6443 [2] NCCL INFO Channel 01 : 14[82000] -> 13[3000] via direct shared memory
c197-011:10508:10559 [2] NCCL INFO Channel 00 : 10[82000] -> 9[3000] via direct shared memory
c197-011:10506:10565 [0] NCCL INFO Connected all rings
c197-011:10508:10559 [2] NCCL INFO Channel 01 : 10[82000] -> 9[3000] via direct shared memory
c196-111:26342:26398 [2] NCCL INFO Channel 00 : 2[82000] -> 1[3000] via direct shared memory
c196-111:26342:26398 [2] NCCL INFO Channel 01 : 2[82000] -> 1[3000] via direct shared memory
c196-112:12949:13002 [2] NCCL INFO Channel 00 : 6[82000] -> 5[3000] via direct shared memory
c197-012:6393:6446 [3] NCCL INFO Connected all trees
c197-012:6393:6446 [3] NCCL INFO MSCCL_XML_FILES set by environment to /home1/09168/ldai1/ccl-build/msccl_tools_lyd/examples/xml/xml_lyd/basic_msccl/allreduce_basic_binary_tree_16gpus_2tree.xml
c197-012:6393:6446 [3] NCCL INFO MSCCL: Parsing algorithm /home1/09168/ldai1/ccl-build/msccl_tools_lyd/examples/xml/xml_lyd/basic_msccl/allreduce_basic_binary_tree_16gpus_2tree.xml
c197-011:10509:10561 [3] NCCL INFO Connected all trees
c197-011:10509:10561 [3] NCCL INFO MSCCL_XML_FILES set by environment to /home1/09168/ldai1/ccl-build/msccl_tools_lyd/examples/xml/xml_lyd/basic_msccl/allreduce_basic_binary_tree_16gpus_2tree.xml
c196-112:12949:13002 [2] NCCL INFO Channel 01 : 6[82000] -> 5[3000] via direct shared memory
c197-011:10509:10561 [3] NCCL INFO MSCCL: Parsing algorithm /home1/09168/ldai1/ccl-build/msccl_tools_lyd/examples/xml/xml_lyd/basic_msccl/allreduce_basic_binary_tree_16gpus_2tree.xml
c196-111:26343:26396 [3] NCCL INFO Connected all trees
c196-111:26343:26396 [3] NCCL INFO MSCCL_XML_FILES set by environment to /home1/09168/ldai1/ccl-build/msccl_tools_lyd/examples/xml/xml_lyd/basic_msccl/allreduce_basic_binary_tree_16gpus_2tree.xml
c196-111:26343:26396 [3] NCCL INFO MSCCL: Parsing algorithm /home1/09168/ldai1/ccl-build/msccl_tools_lyd/examples/xml/xml_lyd/basic_msccl/allreduce_basic_binary_tree_16gpus_2tree.xml
c196-111:26342:26398 [2] NCCL INFO Connected all trees
c196-111:26342:26398 [2] NCCL INFO MSCCL_XML_FILES set by environment to /home1/09168/ldai1/ccl-build/msccl_tools_lyd/examples/xml/xml_lyd/basic_msccl/allreduce_basic_binary_tree_16gpus_2tree.xml
c196-111:26342:26398 [2] NCCL INFO MSCCL: Parsing algorithm /home1/09168/ldai1/ccl-build/msccl_tools_lyd/examples/xml/xml_lyd/basic_msccl/allreduce_basic_binary_tree_16gpus_2tree.xml
c196-112:12950:13000 [3] NCCL INFO Connected all trees
c196-112:12950:13000 [3] NCCL INFO MSCCL_XML_FILES set by environment to /home1/09168/ldai1/ccl-build/msccl_tools_lyd/examples/xml/xml_lyd/basic_msccl/allreduce_basic_binary_tree_16gpus_2tree.xml
c197-012:6392:6443 [2] NCCL INFO Connected all trees
c197-012:6392:6443 [2] NCCL INFO MSCCL_XML_FILES set by environment to /home1/09168/ldai1/ccl-build/msccl_tools_lyd/examples/xml/xml_lyd/basic_msccl/allreduce_basic_binary_tree_16gpus_2tree.xml
c196-112:12950:13000 [3] NCCL INFO MSCCL: Parsing algorithm /home1/09168/ldai1/ccl-build/msccl_tools_lyd/examples/xml/xml_lyd/basic_msccl/allreduce_basic_binary_tree_16gpus_2tree.xml
c197-012:6392:6443 [2] NCCL INFO MSCCL: Parsing algorithm /home1/09168/ldai1/ccl-build/msccl_tools_lyd/examples/xml/xml_lyd/basic_msccl/allreduce_basic_binary_tree_16gpus_2tree.xml
c197-012:6393:6446 [3] NCCL INFO Parsed MSCCL Algorithm /home1/09168/ldai1/ccl-build/msccl_tools_lyd/examples/xml/xml_lyd/basic_msccl/allreduce_basic_binary_tree_16gpus_2tree.xml successfully.
c197-011:10509:10561 [3] NCCL INFO Parsed MSCCL Algorithm /home1/09168/ldai1/ccl-build/msccl_tools_lyd/examples/xml/xml_lyd/basic_msccl/allreduce_basic_binary_tree_16gpus_2tree.xml successfully.
c196-111:26343:26396 [3] NCCL INFO Parsed MSCCL Algorithm /home1/09168/ldai1/ccl-build/msccl_tools_lyd/examples/xml/xml_lyd/basic_msccl/allreduce_basic_binary_tree_16gpus_2tree.xml successfully.
c196-111:26342:26398 [2] NCCL INFO Parsed MSCCL Algorithm /home1/09168/ldai1/ccl-build/msccl_tools_lyd/examples/xml/xml_lyd/basic_msccl/allreduce_basic_binary_tree_16gpus_2tree.xml successfully.
c196-112:12950:13000 [3] NCCL INFO Parsed MSCCL Algorithm /home1/09168/ldai1/ccl-build/msccl_tools_lyd/examples/xml/xml_lyd/basic_msccl/allreduce_basic_binary_tree_16gpus_2tree.xml successfully.
c197-012:6392:6443 [2] NCCL INFO Parsed MSCCL Algorithm /home1/09168/ldai1/ccl-build/msccl_tools_lyd/examples/xml/xml_lyd/basic_msccl/allreduce_basic_binary_tree_16gpus_2tree.xml successfully.
c196-111:26342:26398 [2] NCCL INFO Channel 00/0 : 2[82000] -> 4[2000] [send] via NET/IB/0
c197-011:10509:10561 [3] NCCL INFO Channel 00/0 : 11[83000] -> 13[3000] [send] via NET/IB/0
c196-111:26343:26396 [3] NCCL INFO Channel 00/0 : 3[83000] -> 5[3000] [send] via NET/IB/0
c196-112:12947:13006 [0] NCCL INFO Channel 01/0 : 0[2000] -> 4[2000] [receive] via NET/IB/0
c196-111:26340:26391 [0] NCCL INFO Channel 01/0 : 0[2000] -> 4[2000] [send] via NET/IB/0
c197-012:6390:6449 [0] NCCL INFO Channel 00/0 : 8[2000] -> 12[2000] [receive] via NET/IB/0
c197-011:10506:10565 [0] NCCL INFO Channel 01/0 : 5[3000] -> 8[2000] [receive] via NET/IB/0
c197-012:6393:6446 [3] NCCL INFO Channel 00/0 : 7[83000] -> 15[83000] [receive] via NET/IB/0
c196-112:12950:13000 [3] NCCL INFO Channel 00/0 : 3[83000] -> 7[83000] [receive] via NET/IB/0
c196-111:26340:26391 [0] NCCL INFO Channel 00/0 : 8[2000] -> 0[2000] [receive] via NET/IB/0
c196-112:12947:13006 [0] NCCL INFO Channel 00/0 : 4[2000] -> 9[3000] [send] via NET/IB/0
c197-011:10506:10565 [0] NCCL INFO Channel 00/0 : 8[2000] -> 12[2000] [send] via NET/IB/0
c196-112:12948:13004 [1] NCCL INFO Channel 01/0 : 8[2000] -> 5[3000] [receive] via NET/IB/0
c197-012:6393:6446 [3] NCCL INFO Channel 00/0 : 15[83000] -> 7[83000] [send] via NET/IB/0
c196-112:12950:13000 [3] NCCL INFO Channel 00/0 : 7[83000] -> 11[83000] [send] via NET/IB/0
c196-111:26340:26391 [0] NCCL INFO Channel 00/0 : 0[2000] -> 8[2000] [send] via NET/IB/0
c196-112:12947:13006 [0] NCCL INFO Channel 01/0 : 12[2000] -> 4[2000] [receive] via NET/IB/0
c197-011:10506:10565 [0] NCCL INFO Channel 00/0 : 0[2000] -> 8[2000] [receive] via NET/IB/0
c197-012:6390:6449 [0] NCCL INFO Channel 01/0 : 4[2000] -> 12[2000] [receive] via NET/IB/0
c197-011:10507:10563 [1] NCCL INFO Channel 00/0 : 9[3000] -> 4[2000] [send] via NET/IB/0
c196-112:12947:13006 [0] NCCL INFO Channel 01/0 : 4[2000] -> 12[2000] [send] via NET/IB/0
c197-011:10506:10565 [0] NCCL INFO Channel 00/0 : 8[2000] -> 0[2000] [send] via NET/IB/0
c197-012:6390:6449 [0] NCCL INFO Channel 01/0 : 12[2000] -> 4[2000] [send] via NET/IB/0
c197-011:10506:10565 [0] NCCL INFO Channel 00/0 : 12[2000] -> 8[2000] [receive] via NET/IB/0
c196-112:12947:13006 [0] NCCL INFO Channel 00/0 : 9[3000] -> 4[2000] [receive] via NET/IB/0
c196-111:26340:26391 [0] NCCL INFO Channel 01/0 : 4[2000] -> 0[2000] [receive] via NET/IB/0
c197-012:6390:6449 [0] NCCL INFO Channel 00/0 : 12[2000] -> 8[2000] [send] via NET/IB/0
c197-012:6390:6449 [0] NCCL INFO Connected all trees
c197-012:6390:6449 [0] NCCL INFO MSCCL_XML_FILES set by environment to /home1/09168/ldai1/ccl-build/msccl_tools_lyd/examples/xml/xml_lyd/basic_msccl/allreduce_basic_binary_tree_16gpus_2tree.xml
c197-012:6390:6449 [0] NCCL INFO MSCCL: Parsing algorithm /home1/09168/ldai1/ccl-build/msccl_tools_lyd/examples/xml/xml_lyd/basic_msccl/allreduce_basic_binary_tree_16gpus_2tree.xml
c197-011:10507:10563 [1] NCCL INFO Channel 00 : 9[3000] -> 8[2000] via direct shared memory
c197-011:10507:10563 [1] NCCL INFO Channel 01 : 9[3000] -> 8[2000] via direct shared memory
c197-012:6391:6447 [1] NCCL INFO Connected all trees
c197-012:6391:6447 [1] NCCL INFO MSCCL_XML_FILES set by environment to /home1/09168/ldai1/ccl-build/msccl_tools_lyd/examples/xml/xml_lyd/basic_msccl/allreduce_basic_binary_tree_16gpus_2tree.xml
c197-012:6391:6447 [1] NCCL INFO MSCCL: Parsing algorithm /home1/09168/ldai1/ccl-build/msccl_tools_lyd/examples/xml/xml_lyd/basic_msccl/allreduce_basic_binary_tree_16gpus_2tree.xml
c197-012:6390:6449 [0] NCCL INFO Parsed MSCCL Algorithm /home1/09168/ldai1/ccl-build/msccl_tools_lyd/examples/xml/xml_lyd/basic_msccl/allreduce_basic_binary_tree_16gpus_2tree.xml successfully.
c197-011:10508:10559 [2] NCCL INFO Connected all trees
c197-011:10508:10559 [2] NCCL INFO MSCCL_XML_FILES set by environment to /home1/09168/ldai1/ccl-build/msccl_tools_lyd/examples/xml/xml_lyd/basic_msccl/allreduce_basic_binary_tree_16gpus_2tree.xml
c197-011:10508:10559 [2] NCCL INFO MSCCL: Parsing algorithm /home1/09168/ldai1/ccl-build/msccl_tools_lyd/examples/xml/xml_lyd/basic_msccl/allreduce_basic_binary_tree_16gpus_2tree.xml
c197-012:6391:6447 [1] NCCL INFO Parsed MSCCL Algorithm /home1/09168/ldai1/ccl-build/msccl_tools_lyd/examples/xml/xml_lyd/basic_msccl/allreduce_basic_binary_tree_16gpus_2tree.xml successfully.
c197-011:10508:10559 [2] NCCL INFO Parsed MSCCL Algorithm /home1/09168/ldai1/ccl-build/msccl_tools_lyd/examples/xml/xml_lyd/basic_msccl/allreduce_basic_binary_tree_16gpus_2tree.xml successfully.
c197-012:6391:6447 [1] NCCL INFO Channel 00/0 : 11[83000] -> 13[3000] [receive] via NET/IB/0
c197-011:10508:10559 [2] NCCL INFO Channel 00/0 : 10[82000] -> 12[2000] [send] via NET/IB/0
c196-112:12947:13006 [0] NCCL INFO Channel 01/0 : 4[2000] -> 0[2000] [send] via NET/IB/0
c197-011:10506:10565 [0] NCCL INFO Channel 01/0 : 8[2000] -> 5[3000] [send] via NET/IB/0
c197-012:6390:6449 [0] NCCL INFO Channel 00/0 : 10[82000] -> 12[2000] [receive] via NET/IB/0
c197-012:6390:6449 [0] NCCL INFO Channel 00 : 12[2000] -> 14[82000] via direct shared memory
c197-012:6392:6443 [2] NCCL INFO Channel 00 : 14[82000] -> 12[2000] via direct shared memory
c196-111:26340:26391 [0] NCCL INFO Connected all trees
c196-111:26340:26391 [0] NCCL INFO MSCCL_XML_FILES set by environment to /home1/09168/ldai1/ccl-build/msccl_tools_lyd/examples/xml/xml_lyd/basic_msccl/allreduce_basic_binary_tree_16gpus_2tree.xml
c196-111:26340:26391 [0] NCCL INFO MSCCL: Parsing algorithm /home1/09168/ldai1/ccl-build/msccl_tools_lyd/examples/xml/xml_lyd/basic_msccl/allreduce_basic_binary_tree_16gpus_2tree.xml
c197-011:10506:10565 [0] NCCL INFO Connected all trees
c197-011:10506:10565 [0] NCCL INFO MSCCL_XML_FILES set by environment to /home1/09168/ldai1/ccl-build/msccl_tools_lyd/examples/xml/xml_lyd/basic_msccl/allreduce_basic_binary_tree_16gpus_2tree.xml
c197-011:10506:10565 [0] NCCL INFO MSCCL: Parsing algorithm /home1/09168/ldai1/ccl-build/msccl_tools_lyd/examples/xml/xml_lyd/basic_msccl/allreduce_basic_binary_tree_16gpus_2tree.xml
c196-111:26341:26400 [1] NCCL INFO Connected all trees
c196-111:26341:26400 [1] NCCL INFO MSCCL_XML_FILES set by environment to /home1/09168/ldai1/ccl-build/msccl_tools_lyd/examples/xml/xml_lyd/basic_msccl/allreduce_basic_binary_tree_16gpus_2tree.xml
c196-111:26341:26400 [1] NCCL INFO MSCCL: Parsing algorithm /home1/09168/ldai1/ccl-build/msccl_tools_lyd/examples/xml/xml_lyd/basic_msccl/allreduce_basic_binary_tree_16gpus_2tree.xml
c196-111:26340:26391 [0] NCCL INFO Parsed MSCCL Algorithm /home1/09168/ldai1/ccl-build/msccl_tools_lyd/examples/xml/xml_lyd/basic_msccl/allreduce_basic_binary_tree_16gpus_2tree.xml successfully.
c196-111:26340:26391 [0] NCCL INFO Connected 1 MSCCL algorithms
c197-011:10507:10563 [1] NCCL INFO Connected all trees
c197-011:10507:10563 [1] NCCL INFO MSCCL_XML_FILES set by environment to /home1/09168/ldai1/ccl-build/msccl_tools_lyd/examples/xml/xml_lyd/basic_msccl/allreduce_basic_binary_tree_16gpus_2tree.xml
c197-011:10507:10563 [1] NCCL INFO MSCCL: Parsing algorithm /home1/09168/ldai1/ccl-build/msccl_tools_lyd/examples/xml/xml_lyd/basic_msccl/allreduce_basic_binary_tree_16gpus_2tree.xml
c196-111:26340:26391 [0] NCCL INFO NCCL_PROTO set by environment to Simple
c196-111:26340:26391 [0] NCCL INFO NCCL_ALGO set by environment to MSCCL,TREE,RING
c196-111:26340:26391 [0] NCCL INFO threadThresholds 8/8/64 | 128/8/64 | 8/8/64 | 8/8/512
c196-111:26340:26391 [0] NCCL INFO 2 coll channels, 2 p2p channels, 2 p2p channels per peer
c197-011:10506:10565 [0] NCCL INFO Parsed MSCCL Algorithm /home1/09168/ldai1/ccl-build/msccl_tools_lyd/examples/xml/xml_lyd/basic_msccl/allreduce_basic_binary_tree_16gpus_2tree.xml successfully.
c196-112:12948:13004 [1] NCCL INFO Channel 00 : 5[3000] -> 4[2000] via direct shared memory
c196-112:12948:13004 [1] NCCL INFO Channel 01 : 5[3000] -> 4[2000] via direct shared memory
c196-112:12947:13006 [0] NCCL INFO Connected all trees
c196-112:12947:13006 [0] NCCL INFO MSCCL_XML_FILES set by environment to /home1/09168/ldai1/ccl-build/msccl_tools_lyd/examples/xml/xml_lyd/basic_msccl/allreduce_basic_binary_tree_16gpus_2tree.xml
c196-112:12947:13006 [0] NCCL INFO MSCCL: Parsing algorithm /home1/09168/ldai1/ccl-build/msccl_tools_lyd/examples/xml/xml_lyd/basic_msccl/allreduce_basic_binary_tree_16gpus_2tree.xml
c196-111:26341:26400 [1] NCCL INFO Parsed MSCCL Algorithm /home1/09168/ldai1/ccl-build/msccl_tools_lyd/examples/xml/xml_lyd/basic_msccl/allreduce_basic_binary_tree_16gpus_2tree.xml successfully.
c197-011:10507:10563 [1] NCCL INFO Parsed MSCCL Algorithm /home1/09168/ldai1/ccl-build/msccl_tools_lyd/examples/xml/xml_lyd/basic_msccl/allreduce_basic_binary_tree_16gpus_2tree.xml successfully.
c196-111:26341:26400 [1] NCCL INFO Channel 00 : 1[3000] -> 3[83000] via direct shared memory
c197-011:10507:10563 [1] NCCL INFO Channel 00 : 9[3000] -> 11[83000] via direct shared memory
c196-112:12948:13004 [1] NCCL INFO Connected all trees
c196-112:12948:13004 [1] NCCL INFO MSCCL_XML_FILES set by environment to /home1/09168/ldai1/ccl-build/msccl_tools_lyd/examples/xml/xml_lyd/basic_msccl/allreduce_basic_binary_tree_16gpus_2tree.xml
c196-112:12948:13004 [1] NCCL INFO MSCCL: Parsing algorithm /home1/09168/ldai1/ccl-build/msccl_tools_lyd/examples/xml/xml_lyd/basic_msccl/allreduce_basic_binary_tree_16gpus_2tree.xml
c196-112:12947:13006 [0] NCCL INFO Parsed MSCCL Algorithm /home1/09168/ldai1/ccl-build/msccl_tools_lyd/examples/xml/xml_lyd/basic_msccl/allreduce_basic_binary_tree_16gpus_2tree.xml successfully.
c196-112:12949:13002 [2] NCCL INFO Connected all trees
c196-112:12949:13002 [2] NCCL INFO MSCCL_XML_FILES set by environment to /home1/09168/ldai1/ccl-build/msccl_tools_lyd/examples/xml/xml_lyd/basic_msccl/allreduce_basic_binary_tree_16gpus_2tree.xml
c196-112:12949:13002 [2] NCCL INFO MSCCL: Parsing algorithm /home1/09168/ldai1/ccl-build/msccl_tools_lyd/examples/xml/xml_lyd/basic_msccl/allreduce_basic_binary_tree_16gpus_2tree.xml
c196-112:12948:13004 [1] NCCL INFO Parsed MSCCL Algorithm /home1/09168/ldai1/ccl-build/msccl_tools_lyd/examples/xml/xml_lyd/basic_msccl/allreduce_basic_binary_tree_16gpus_2tree.xml successfully.
c196-112:12949:13002 [2] NCCL INFO Parsed MSCCL Algorithm /home1/09168/ldai1/ccl-build/msccl_tools_lyd/examples/xml/xml_lyd/basic_msccl/allreduce_basic_binary_tree_16gpus_2tree.xml successfully.
c197-011:10508:10559 [2] NCCL INFO Channel 00/0 : 12[2000] -> 10[82000] [receive] via NET/IB/0
c197-011:10506:10565 [0] NCCL INFO Channel 00/0 : 4[2000] -> 8[2000] [receive] via NET/IB/0
c196-112:12947:13006 [0] NCCL INFO Channel 00/0 : 2[82000] -> 4[2000] [receive] via NET/IB/0
c197-012:6390:6449 [0] NCCL INFO Channel 00/0 : 12[2000] -> 10[82000] [send] via NET/IB/0
c197-012:6392:6443 [2] NCCL INFO Connected 1 MSCCL algorithms
c197-012:6392:6443 [2] NCCL INFO NCCL_PROTO set by environment to Simple
c197-012:6392:6443 [2] NCCL INFO NCCL_ALGO set by environment to MSCCL,TREE,RING
c197-012:6392:6443 [2] NCCL INFO threadThresholds 8/8/64 | 128/8/64 | 8/8/64 | 8/8/512
c197-012:6392:6443 [2] NCCL INFO 2 coll channels, 2 p2p channels, 2 p2p channels per peer
c197-011:10509:10561 [3] NCCL INFO Channel 00/0 : 7[83000] -> 11[83000] [receive] via NET/IB/0
c197-012:6391:6447 [1] NCCL INFO Channel 00/0 : 13[3000] -> 11[83000] [send] via NET/IB/0
c196-112:12948:13004 [1] NCCL INFO Channel 00/0 : 3[83000] -> 5[3000] [receive] via NET/IB/0
c196-112:12947:13006 [0] NCCL INFO Channel 00 : 4[2000] -> 6[82000] via direct shared memory
c197-012:6390:6449 [0] NCCL INFO Connected 1 MSCCL algorithms
c197-012:6390:6449 [0] NCCL INFO NCCL_PROTO set by environment to Simple
c197-012:6390:6449 [0] NCCL INFO NCCL_ALGO set by environment to MSCCL,TREE,RING
c197-012:6390:6449 [0] NCCL INFO threadThresholds 8/8/64 | 128/8/64 | 8/8/64 | 8/8/512
c197-012:6390:6449 [0] NCCL INFO 2 coll channels, 2 p2p channels, 2 p2p channels per peer
c196-112:12949:13002 [2] NCCL INFO Channel 00 : 6[82000] -> 4[2000] via direct shared memory
c197-011:10508:10559 [2] NCCL INFO Connected 1 MSCCL algorithms
c197-011:10508:10559 [2] NCCL INFO NCCL_PROTO set by environment to Simple
c197-011:10508:10559 [2] NCCL INFO NCCL_ALGO set by environment to MSCCL,TREE,RING
c197-011:10508:10559 [2] NCCL INFO threadThresholds 8/8/64 | 128/8/64 | 8/8/64 | 8/8/512
c197-011:10508:10559 [2] NCCL INFO 2 coll channels, 2 p2p channels, 2 p2p channels per peer
c196-111:26343:26396 [3] NCCL INFO Channel 00/0 : 3[83000] -> 7[83000] [send] via NET/IB/0
c196-111:26342:26398 [2] NCCL INFO Channel 00/0 : 4[2000] -> 2[82000] [receive] via NET/IB/0
c196-112:12947:13006 [0] NCCL INFO Channel 00/0 : 4[2000] -> 8[2000] [send] via NET/IB/0
c196-112:12948:13004 [1] NCCL INFO Channel 00/0 : 5[3000] -> 3[83000] [send] via NET/IB/0
c196-111:26343:26396 [3] NCCL INFO Channel 00/0 : 7[83000] -> 3[83000] [receive] via NET/IB/0
c197-011:10509:10561 [3] NCCL INFO Channel 00/0 : 11[83000] -> 7[83000] [send] via NET/IB/0
c197-011:10506:10565 [0] NCCL INFO Channel 00/0 : 8[2000] -> 4[2000] [send] via NET/IB/0
c196-112:12947:13006 [0] NCCL INFO Channel 00/0 : 8[2000] -> 4[2000] [receive] via NET/IB/0
c196-112:12950:13000 [3] NCCL INFO Channel 00/0 : 15[83000] -> 7[83000] [receive] via NET/IB/0
c197-011:10506:10565 [0] NCCL INFO Connected 1 MSCCL algorithms
c197-011:10506:10565 [0] NCCL INFO NCCL_PROTO set by environment to Simple
c197-011:10506:10565 [0] NCCL INFO NCCL_ALGO set by environment to MSCCL,TREE,RING
c197-011:10506:10565 [0] NCCL INFO threadThresholds 8/8/64 | 128/8/64 | 8/8/64 | 8/8/512
c197-011:10506:10565 [0] NCCL INFO 2 coll channels, 2 p2p channels, 2 p2p channels per peer
c196-112:12950:13000 [3] NCCL INFO Channel 00/0 : 7[83000] -> 15[83000] [send] via NET/IB/0
c197-012:6393:6446 [3] NCCL INFO Connected 1 MSCCL algorithms
c197-012:6393:6446 [3] NCCL INFO NCCL_PROTO set by environment to Simple
c197-012:6393:6446 [3] NCCL INFO NCCL_ALGO set by environment to MSCCL,TREE,RING
c197-012:6393:6446 [3] NCCL INFO threadThresholds 8/8/64 | 128/8/64 | 8/8/64 | 8/8/512
c197-012:6393:6446 [3] NCCL INFO 2 coll channels, 2 p2p channels, 2 p2p channels per peer
c196-112:12947:13006 [0] NCCL INFO Channel 00/0 : 4[2000] -> 2[82000] [send] via NET/IB/0
c196-112:12949:13002 [2] NCCL INFO Connected 1 MSCCL algorithms
c196-112:12949:13002 [2] NCCL INFO NCCL_PROTO set by environment to Simple
c196-112:12949:13002 [2] NCCL INFO NCCL_ALGO set by environment to MSCCL,TREE,RING
c196-112:12949:13002 [2] NCCL INFO threadThresholds 8/8/64 | 128/8/64 | 8/8/64 | 8/8/512
c196-112:12949:13002 [2] NCCL INFO 2 coll channels, 2 p2p channels, 2 p2p channels per peer
c196-112:12947:13006 [0] NCCL INFO Connected 1 MSCCL algorithms
c196-112:12947:13006 [0] NCCL INFO NCCL_PROTO set by environment to Simple
c196-112:12947:13006 [0] NCCL INFO NCCL_ALGO set by environment to MSCCL,TREE,RING
c196-112:12947:13006 [0] NCCL INFO threadThresholds 8/8/64 | 128/8/64 | 8/8/64 | 8/8/512
c196-112:12947:13006 [0] NCCL INFO 2 coll channels, 2 p2p channels, 2 p2p channels per peer
c196-111:26342:26398 [2] NCCL INFO Connected 1 MSCCL algorithms
c196-111:26342:26398 [2] NCCL INFO NCCL_PROTO set by environment to Simple
c196-111:26342:26398 [2] NCCL INFO NCCL_ALGO set by environment to MSCCL,TREE,RING
c196-111:26342:26398 [2] NCCL INFO threadThresholds 8/8/64 | 128/8/64 | 8/8/64 | 8/8/512
c196-111:26342:26398 [2] NCCL INFO 2 coll channels, 2 p2p channels, 2 p2p channels per peer
c196-112:12950:13000 [3] NCCL INFO Channel 00/0 : 11[83000] -> 7[83000] [receive] via NET/IB/0
c196-112:12950:13000 [3] NCCL INFO Channel 00/0 : 7[83000] -> 3[83000] [send] via NET/IB/0
c196-112:12950:13000 [3] NCCL INFO Connected 1 MSCCL algorithms
c196-112:12950:13000 [3] NCCL INFO NCCL_PROTO set by environment to Simple
c196-112:12950:13000 [3] NCCL INFO NCCL_ALGO set by environment to MSCCL,TREE,RING
c196-112:12950:13000 [3] NCCL INFO threadThresholds 8/8/64 | 128/8/64 | 8/8/64 | 8/8/512
c196-112:12950:13000 [3] NCCL INFO 2 coll channels, 2 p2p channels, 2 p2p channels per peer
c197-011:10509:10561 [3] NCCL INFO Channel 00/0 : 13[3000] -> 11[83000] [receive] via NET/IB/0
c197-011:10509:10561 [3] NCCL INFO Channel 00 : 11[83000] -> 9[3000] via direct shared memory
c197-011:10507:10563 [1] NCCL INFO Connected 1 MSCCL algorithms
c197-011:10507:10563 [1] NCCL INFO NCCL_PROTO set by environment to Simple
c197-011:10507:10563 [1] NCCL INFO NCCL_ALGO set by environment to MSCCL,TREE,RING
c197-011:10507:10563 [1] NCCL INFO threadThresholds 8/8/64 | 128/8/64 | 8/8/64 | 8/8/512
c197-011:10507:10563 [1] NCCL INFO 2 coll channels, 2 p2p channels, 2 p2p channels per peer
c196-111:26343:26396 [3] NCCL INFO Channel 00/0 : 5[3000] -> 3[83000] [receive] via NET/IB/0
c196-111:26343:26396 [3] NCCL INFO Channel 00 : 3[83000] -> 1[3000] via direct shared memory
c196-111:26341:26400 [1] NCCL INFO Connected 1 MSCCL algorithms
c196-111:26341:26400 [1] NCCL INFO NCCL_PROTO set by environment to Simple
c196-111:26341:26400 [1] NCCL INFO NCCL_ALGO set by environment to MSCCL,TREE,RING
c196-111:26341:26400 [1] NCCL INFO threadThresholds 8/8/64 | 128/8/64 | 8/8/64 | 8/8/512
c196-111:26341:26400 [1] NCCL INFO 2 coll channels, 2 p2p channels, 2 p2p channels per peer
c196-111:26343:26396 [3] NCCL INFO Connected 1 MSCCL algorithms
c196-111:26343:26396 [3] NCCL INFO NCCL_PROTO set by environment to Simple
c196-111:26343:26396 [3] NCCL INFO NCCL_ALGO set by environment to MSCCL,TREE,RING
c196-111:26343:26396 [3] NCCL INFO threadThresholds 8/8/64 | 128/8/64 | 8/8/64 | 8/8/512
c196-111:26343:26396 [3] NCCL INFO 2 coll channels, 2 p2p channels, 2 p2p channels per peer
c197-012:6391:6447 [1] NCCL INFO Connected 1 MSCCL algorithms
c197-012:6391:6447 [1] NCCL INFO NCCL_PROTO set by environment to Simple
c197-012:6391:6447 [1] NCCL INFO NCCL_ALGO set by environment to MSCCL,TREE,RING
c197-012:6391:6447 [1] NCCL INFO threadThresholds 8/8/64 | 128/8/64 | 8/8/64 | 8/8/512
c197-012:6391:6447 [1] NCCL INFO 2 coll channels, 2 p2p channels, 2 p2p channels per peer
c197-011:10509:10561 [3] NCCL INFO Connected 1 MSCCL algorithms
c197-011:10509:10561 [3] NCCL INFO NCCL_PROTO set by environment to Simple
c197-011:10509:10561 [3] NCCL INFO NCCL_ALGO set by environment to MSCCL,TREE,RING
c197-011:10509:10561 [3] NCCL INFO threadThresholds 8/8/64 | 128/8/64 | 8/8/64 | 8/8/512
c197-011:10509:10561 [3] NCCL INFO 2 coll channels, 2 p2p channels, 2 p2p channels per peer
c196-112:12948:13004 [1] NCCL INFO Connected 1 MSCCL algorithms
c196-112:12948:13004 [1] NCCL INFO NCCL_PROTO set by environment to Simple
c196-112:12948:13004 [1] NCCL INFO NCCL_ALGO set by environment to MSCCL,TREE,RING
c196-112:12948:13004 [1] NCCL INFO threadThresholds 8/8/64 | 128/8/64 | 8/8/64 | 8/8/512
c196-112:12948:13004 [1] NCCL INFO 2 coll channels, 2 p2p channels, 2 p2p channels per peer
c196-111:26340:26391 [0] NCCL INFO comm 0x2b267e000010 rank 0 nranks 16 cudaDev 0 busId 2000 - Init COMPLETE
#
#                                                              out-of-place                       in-place          
#       size         count      type   redop    root     time   algbw   busbw #wrong     time   algbw   busbw #wrong
#        (B)    (elements)                               (us)  (GB/s)  (GB/s)            (us)  (GB/s)  (GB/s)       
c196-111:26343:26396 [3] NCCL INFO comm 0x2af77d30d010 rank 3 nranks 16 cudaDev 3 busId 83000 - Init COMPLETE
c196-111:26342:26398 [2] NCCL INFO comm 0x2b3b51dc0010 rank 2 nranks 16 cudaDev 2 busId 82000 - Init COMPLETE
c196-111:26341:26400 [1] NCCL INFO comm 0x2b8b6599c010 rank 1 nranks 16 cudaDev 1 busId 3000 - Init COMPLETE
c197-012:6391:6447 [1] NCCL INFO comm 0x2adb96000010 rank 13 nranks 16 cudaDev 1 busId 3000 - Init COMPLETE
c197-012:6390:6449 [0] NCCL INFO comm 0x2ade82402010 rank 12 nranks 16 cudaDev 0 busId 2000 - Init COMPLETE
c197-011:10508:10559 [2] NCCL INFO comm 0x2b6b84000010 rank 10 nranks 16 cudaDev 2 busId 82000 - Init COMPLETE
c197-012:6392:6443 [2] NCCL INFO comm 0x2b6301cf1010 rank 14 nranks 16 cudaDev 2 busId 82000 - Init COMPLETE
c197-011:10509:10561 [3] NCCL INFO comm 0x2afbde000010 rank 11 nranks 16 cudaDev 3 busId 83000 - Init COMPLETE
c197-011:10506:10565 [0] NCCL INFO comm 0x2b506e000010 rank 8 nranks 16 cudaDev 0 busId 2000 - Init COMPLETE
c197-011:10507:10563 [1] NCCL INFO comm 0x2af260000010 rank 9 nranks 16 cudaDev 1 busId 3000 - Init COMPLETE
c197-012:6393:6446 [3] NCCL INFO comm 0x2b5724000010 rank 15 nranks 16 cudaDev 3 busId 83000 - Init COMPLETE
c196-112:12948:13004 [1] NCCL INFO comm 0x2b5340000010 rank 5 nranks 16 cudaDev 1 busId 3000 - Init COMPLETE
c196-112:12949:13002 [2] NCCL INFO comm 0x2ab7e0000010 rank 6 nranks 16 cudaDev 2 busId 82000 - Init COMPLETE
c196-112:12950:13000 [3] NCCL INFO comm 0x2b3a6c9b6010 rank 7 nranks 16 cudaDev 3 busId 83000 - Init COMPLETE
c196-112:12947:13006 [0] NCCL INFO comm 0x2afd3e000010 rank 4 nranks 16 cudaDev 0 busId 2000 - Init COMPLETE
c196-111:26340:26340 [0] NCCL INFO Launch mode Parallel
       65536         16384     float     sum      -1    193.2    0.34    0.64      0    199.7    0.33    0.62      0
      131072         32768     float     sum      -1    272.9    0.48    0.90      0    276.5    0.47    0.89      0
      262144         65536     float     sum      -1    461.8    0.57    1.06      0    419.3    0.63    1.17      0
      524288        131072     float     sum      -1    712.0    0.74    1.38      0    717.1    0.73    1.37      0
     1048576        262144     float     sum      -1   1297.2    0.81    1.52      0   1281.6    0.82    1.53      0
     2097152        524288     float     sum      -1   2437.8    0.86    1.61      0   2415.6    0.87    1.63      0
     4194304       1048576     float     sum      -1   4710.7    0.89    1.67      0   4699.0    0.89    1.67      0
     8388608       2097152     float     sum      -1   9914.2    0.85    1.59      0   9819.7    0.85    1.60      0
    16777216       4194304     float     sum      -1    20021    0.84    1.57      0    19943    0.84    1.58      0
    33554432       8388608     float     sum      -1    39839    0.84    1.58      0    39757    0.84    1.58      0
    67108864      16777216     float     sum      -1    79355    0.85    1.59      0    79269    0.85    1.59      0
   134217728      33554432     float     sum      -1   158762    0.85    1.59      0   158709    0.85    1.59      0
   268435456      67108864     float     sum      -1   316393    0.85    1.59      0   316682    0.85    1.59      0
c197-012:6393:6393 [3] NCCL INFO comm 0x2b5724000010 rank 15 nranks 16 cudaDev 3 busId 83000 - Destroy COMPLETE
c197-012:6392:6392 [2] NCCL INFO comm 0x2b6301cf1010 rank 14 nranks 16 cudaDev 2 busId 82000 - Destroy COMPLETE
c196-111:26340:26340 [0] NCCL INFO comm 0x2b267e000010 rank 0 nranks 16 cudaDev 0 busId 2000 - Destroy COMPLETE
c196-112:12949:12949 [2] NCCL INFO comm 0x2ab7e0000010 rank 6 nranks 16 cudaDev 2 busId 82000 - Destroy COMPLETE
c197-011:10508:10508 [2] NCCL INFO comm 0x2b6b84000010 rank 10 nranks 16 cudaDev 2 busId 82000 - Destroy COMPLETE
c196-111:26341:26341 [1] NCCL INFO comm 0x2b8b6599c010 rank 1 nranks 16 cudaDev 1 busId 3000 - Destroy COMPLETE
c196-111:26342:26342 [2] NCCL INFO comm 0x2b3b51dc0010 rank 2 nranks 16 cudaDev 2 busId 82000 - Destroy COMPLETE
c197-012:6391:6391 [1] NCCL INFO comm 0x2adb96000010 rank 13 nranks 16 cudaDev 1 busId 3000 - Destroy COMPLETE
c196-112:12950:12950 [3] NCCL INFO comm 0x2b3a6c9b6010 rank 7 nranks 16 cudaDev 3 busId 83000 - Destroy COMPLETE
c197-012:6390:6390 [0] NCCL INFO comm 0x2ade82402010 rank 12 nranks 16 cudaDev 0 busId 2000 - Destroy COMPLETE
c196-111:26343:26343 [3] NCCL INFO comm 0x2af77d30d010 rank 3 nranks 16 cudaDev 3 busId 83000 - Destroy COMPLETE
# Out of bounds values : 0 OK
# Avg bus bandwidth    : 1.41096 
#
c197-011:10507:10507 [1] NCCL INFO comm 0x2af260000010 rank 9 nranks 16 cudaDev 1 busId 3000 - Destroy COMPLETE
c197-011:10509:10509 [3] NCCL INFO comm 0x2afbde000010 rank 11 nranks 16 cudaDev 3 busId 83000 - Destroy COMPLETE
c196-112:12948:12948 [1] NCCL INFO comm 0x2b5340000010 rank 5 nranks 16 cudaDev 1 busId 3000 - Destroy COMPLETE
c197-011:10506:10506 [0] NCCL INFO comm 0x2b506e000010 rank 8 nranks 16 cudaDev 0 busId 2000 - Destroy COMPLETE
c196-112:12947:12947 [0] NCCL INFO comm 0x2afd3e000010 rank 4 nranks 16 cudaDev 0 busId 2000 - Destroy COMPLETE

TACC:  Shutdown complete. Exiting. 
