c198-052:27596:27649 [0] NCCL INFO Channel 01/0 : 43[83000] -> 44[2000] [receive] via NET/IB/0
c198-052:27596:27649 [0] NCCL INFO Channel 00 : 44[2000] -> 45[3000] via direct shared memory
c198-052:27596:27649 [0] NCCL INFO Channel 01 : 44[2000] -> 45[3000] via direct shared memory
c198-062:6472:6528 [1] NCCL INFO Connected all rings
c198-011:26212:26270 [1] NCCL INFO Connected all rings
c196-051:22562:22623 [1] NCCL INFO Connected all rings
c198-012:23270:23327 [1] NCCL INFO Connected all rings
c198-072:2315:2377 [1] NCCL INFO Connected all rings
c198-071:8804:8864 [1] NCCL INFO Connected all rings
c198-061:20177:20234 [1] NCCL INFO Connected all rings
c198-051:29722:29780 [1] NCCL INFO Connected all rings
c198-042:18787:18843 [1] NCCL INFO Connected all rings
c196-042:5904:5967 [1] NCCL INFO Connected all rings
c198-032:29492:29545 [1] NCCL INFO Connected all rings
c198-031:3291:3347 [1] NCCL INFO Connected all rings
c198-052:27597:27651 [1] NCCL INFO Connected all rings
c198-022:4155:4214 [1] NCCL INFO Connected all rings
c198-021:2877:2936 [1] NCCL INFO Connected all rings
c198-062:6472:6528 [1] NCCL INFO Channel 01/0 : 53[3000] -> 56[2000] [send] via NET/IB/0
c198-041:16675:16733 [1] NCCL INFO Connected all rings
c198-011:26212:26270 [1] NCCL INFO Channel 00/0 : 4[2000] -> 9[3000] [receive] via NET/IB/0
c196-051:22562:22623 [1] NCCL INFO Channel 01/0 : 5[3000] -> 8[2000] [send] via NET/IB/0
c198-012:23270:23327 [1] NCCL INFO Channel 01/0 : 13[3000] -> 20[2000] [send] via NET/IB/0
c198-071:8804:8864 [1] NCCL INFO Channel 00/0 : 52[2000] -> 57[3000] [receive] via NET/IB/0
c198-051:29722:29780 [1] NCCL INFO Channel 00/0 : 36[2000] -> 41[3000] [receive] via NET/IB/0
c198-042:18787:18843 [1] NCCL INFO Channel 01/0 : 37[3000] -> 40[2000] [send] via NET/IB/0
c198-061:20177:20234 [1] NCCL INFO Channel 00/0 : 40[2000] -> 49[3000] [receive] via NET/IB/0
c198-032:29492:29545 [1] NCCL INFO Channel 01/0 : 29[3000] -> 44[2000] [send] via NET/IB/0
c198-031:3291:3347 [1] NCCL INFO Channel 00/0 : 20[2000] -> 25[3000] [receive] via NET/IB/0
c198-052:27597:27651 [1] NCCL INFO Channel 01/0 : 45[3000] -> 52[2000] [send] via NET/IB/0
c198-022:4155:4214 [1] NCCL INFO Channel 01/0 : 21[3000] -> 24[2000] [send] via NET/IB/0
c198-021:2877:2936 [1] NCCL INFO Channel 00/0 : 8[2000] -> 17[3000] [receive] via NET/IB/0
c198-041:16675:16733 [1] NCCL INFO Channel 00/0 : 16[2000] -> 33[3000] [receive] via NET/IB/0
c198-021:2879:2933 [3] NCCL INFO Channel 01/0 : 19[83000] -> 20[2000] [send] via NET/IB/0
c198-051:29724:29774 [3] NCCL INFO Channel 01/0 : 43[83000] -> 44[2000] [send] via NET/IB/0
c198-031:3293:3344 [3] NCCL INFO Channel 01/0 : 27[83000] -> 28[2000] [send] via NET/IB/0
c198-062:6474:6525 [3] NCCL INFO Channel 01/0 : 55[83000] -> 56[2000] [send] via NET/IB/0
c198-071:8806:8860 [3] NCCL INFO Channel 01/0 : 59[83000] -> 60[2000] [send] via NET/IB/0
c198-072:2317:2374 [3] NCCL INFO Channel 01/0 : 63[83000] -> 0[2000] [send] via NET/IB/0
c198-022:4157:4211 [3] NCCL INFO Channel 01/0 : 23[83000] -> 24[2000] [send] via NET/IB/0
c198-011:26214:26265 [3] NCCL INFO Channel 01/0 : 11[83000] -> 12[2000] [send] via NET/IB/0
c198-012:23272:23323 [3] NCCL INFO Channel 01/0 : 15[83000] -> 16[2000] [send] via NET/IB/0
c198-032:29494:29548 [3] NCCL INFO Channel 01/0 : 31[83000] -> 32[2000] [send] via NET/IB/0
c198-052:27599:27655 [3] NCCL INFO Channel 01/0 : 47[83000] -> 48[2000] [send] via NET/IB/0
c198-042:18789:18840 [3] NCCL INFO Channel 01/0 : 39[83000] -> 40[2000] [send] via NET/IB/0
c196-051:22564:22618 [3] NCCL INFO Channel 01/0 : 7[83000] -> 8[2000] [send] via NET/IB/0
c198-041:16677:16729 [3] NCCL INFO Channel 01/0 : 35[83000] -> 36[2000] [send] via NET/IB/0
c198-061:20179:20231 [3] NCCL INFO Channel 01/0 : 51[83000] -> 52[2000] [send] via NET/IB/0
c196-042:5906:5965 [3] NCCL INFO Channel 01/0 : 3[83000] -> 4[2000] [send] via NET/IB/0
c198-051:29723:29776 [2] NCCL INFO Connected all rings
c198-021:2878:2934 [2] NCCL INFO Connected all rings
c198-062:6473:6526 [2] NCCL INFO Connected all rings
c198-022:4156:4209 [2] NCCL INFO Connected all rings
c198-071:8805:8858 [2] NCCL INFO Connected all rings
c198-072:2316:2370 [2] NCCL INFO Connected all rings
c198-052:27598:27654 [2] NCCL INFO Connected all rings
c198-032:29493:29547 [2] NCCL INFO Connected all rings
c198-031:3292:3345 [2] NCCL INFO Connected all rings
c198-042:18788:18841 [2] NCCL INFO Connected all rings
c196-051:22563:22619 [2] NCCL INFO Connected all rings
c198-012:23271:23324 [2] NCCL INFO Connected all rings
c198-041:16676:16728 [2] NCCL INFO Connected all rings
c198-061:20178:20230 [2] NCCL INFO Connected all rings
c198-011:26213:26266 [2] NCCL INFO Connected all rings
c198-072:2315:2377 [1] NCCL INFO Channel 00 : 61[3000] -> 60[2000] via direct shared memory
c198-072:2315:2377 [1] NCCL INFO Channel 01 : 61[3000] -> 60[2000] via direct shared memory
c196-042:5905:5963 [2] NCCL INFO Connected all rings
c196-042:5904:5967 [1] NCCL INFO Channel 00 : 1[3000] -> 0[2000] via direct shared memory
c196-042:5904:5967 [1] NCCL INFO Channel 01 : 1[3000] -> 0[2000] via direct shared memory
c198-071:8806:8860 [3] NCCL INFO Connected all rings
c198-071:8806:8860 [3] NCCL INFO Channel 00 : 59[83000] -> 58[82000] via direct shared memory
c198-071:8806:8860 [3] NCCL INFO Channel 01 : 59[83000] -> 58[82000] via direct shared memory
c198-051:29724:29774 [3] NCCL INFO Connected all rings
c198-051:29724:29774 [3] NCCL INFO Channel 00 : 43[83000] -> 42[82000] via direct shared memory
c198-051:29724:29774 [3] NCCL INFO Channel 01 : 43[83000] -> 42[82000] via direct shared memory
c198-072:2317:2374 [3] NCCL INFO Connected all rings
c198-072:2317:2374 [3] NCCL INFO Channel 00 : 63[83000] -> 62[82000] via direct shared memory
c198-021:2879:2933 [3] NCCL INFO Connected all rings
c198-021:2879:2933 [3] NCCL INFO Channel 00 : 19[83000] -> 18[82000] via direct shared memory
c198-062:6474:6525 [3] NCCL INFO Connected all rings
c198-031:3293:3344 [3] NCCL INFO Connected all rings
c198-072:2317:2374 [3] NCCL INFO Channel 01 : 63[83000] -> 62[82000] via direct shared memory
c198-022:4157:4211 [3] NCCL INFO Connected all rings
c198-011:26214:26265 [3] NCCL INFO Connected all rings
c198-062:6474:6525 [3] NCCL INFO Channel 00 : 55[83000] -> 54[82000] via direct shared memory
c198-031:3293:3344 [3] NCCL INFO Channel 00 : 27[83000] -> 26[82000] via direct shared memory
c198-021:2879:2933 [3] NCCL INFO Channel 01 : 19[83000] -> 18[82000] via direct shared memory
c198-011:26214:26265 [3] NCCL INFO Channel 00 : 11[83000] -> 10[82000] via direct shared memory
c198-022:4157:4211 [3] NCCL INFO Channel 00 : 23[83000] -> 22[82000] via direct shared memory
c198-062:6474:6525 [3] NCCL INFO Channel 01 : 55[83000] -> 54[82000] via direct shared memory
c198-031:3293:3344 [3] NCCL INFO Channel 01 : 27[83000] -> 26[82000] via direct shared memory
c198-011:26214:26265 [3] NCCL INFO Channel 01 : 11[83000] -> 10[82000] via direct shared memory
c198-022:4157:4211 [3] NCCL INFO Channel 01 : 23[83000] -> 22[82000] via direct shared memory
c198-032:29494:29548 [3] NCCL INFO Connected all rings
c198-061:20179:20231 [3] NCCL INFO Connected all rings
c198-032:29494:29548 [3] NCCL INFO Channel 00 : 31[83000] -> 30[82000] via direct shared memory
c198-061:20179:20231 [3] NCCL INFO Channel 00 : 51[83000] -> 50[82000] via direct shared memory
c198-032:29494:29548 [3] NCCL INFO Channel 01 : 31[83000] -> 30[82000] via direct shared memory
c198-061:20179:20231 [3] NCCL INFO Channel 01 : 51[83000] -> 50[82000] via direct shared memory
c198-041:16677:16729 [3] NCCL INFO Connected all rings
c198-052:27599:27655 [3] NCCL INFO Connected all rings
c198-012:23272:23323 [3] NCCL INFO Connected all rings
c198-041:16677:16729 [3] NCCL INFO Channel 00 : 35[83000] -> 34[82000] via direct shared memory
c198-012:23272:23323 [3] NCCL INFO Channel 00 : 15[83000] -> 14[82000] via direct shared memory
c198-052:27599:27655 [3] NCCL INFO Channel 00 : 47[83000] -> 46[82000] via direct shared memory
c198-041:16677:16729 [3] NCCL INFO Channel 01 : 35[83000] -> 34[82000] via direct shared memory
c198-052:27599:27655 [3] NCCL INFO Channel 01 : 47[83000] -> 46[82000] via direct shared memory
c198-012:23272:23323 [3] NCCL INFO Channel 01 : 15[83000] -> 14[82000] via direct shared memory
c196-051:22564:22618 [3] NCCL INFO Connected all rings
c196-051:22564:22618 [3] NCCL INFO Channel 00 : 7[83000] -> 6[82000] via direct shared memory
c198-042:18789:18840 [3] NCCL INFO Connected all rings
c196-051:22564:22618 [3] NCCL INFO Channel 01 : 7[83000] -> 6[82000] via direct shared memory
c198-042:18789:18840 [3] NCCL INFO Channel 00 : 39[83000] -> 38[82000] via direct shared memory
c198-042:18789:18840 [3] NCCL INFO Channel 01 : 39[83000] -> 38[82000] via direct shared memory
c198-052:27596:27649 [0] NCCL INFO Connected all rings
c196-042:5906:5965 [3] NCCL INFO Connected all rings
c196-042:5906:5965 [3] NCCL INFO Channel 00 : 3[83000] -> 2[82000] via direct shared memory
c198-041:16674:16732 [0] NCCL INFO Connected all rings
c196-042:5906:5965 [3] NCCL INFO Channel 01 : 3[83000] -> 2[82000] via direct shared memory
c198-051:29723:29776 [2] NCCL INFO Channel 00 : 42[82000] -> 41[3000] via direct shared memory
c198-051:29723:29776 [2] NCCL INFO Channel 01 : 42[82000] -> 41[3000] via direct shared memory
c198-042:18786:18845 [0] NCCL INFO Connected all rings
c198-062:6473:6526 [2] NCCL INFO Channel 00 : 54[82000] -> 53[3000] via direct shared memory
c198-072:2316:2370 [2] NCCL INFO Channel 00 : 62[82000] -> 61[3000] via direct shared memory
c198-062:6473:6526 [2] NCCL INFO Channel 01 : 54[82000] -> 53[3000] via direct shared memory
c198-072:2316:2370 [2] NCCL INFO Channel 01 : 62[82000] -> 61[3000] via direct shared memory
c198-061:20176:20235 [0] NCCL INFO Connected all rings
c198-021:2878:2934 [2] NCCL INFO Channel 00 : 18[82000] -> 17[3000] via direct shared memory
c198-052:27598:27654 [2] NCCL INFO Channel 00 : 46[82000] -> 45[3000] via direct shared memory
c198-012:23269:23328 [0] NCCL INFO Connected all rings
c198-021:2878:2934 [2] NCCL INFO Channel 01 : 18[82000] -> 17[3000] via direct shared memory
c196-042:5903:5958 [0] NCCL INFO Connected all rings
c198-072:2314:2376 [0] NCCL INFO Connected all rings
c198-052:27598:27654 [2] NCCL INFO Channel 01 : 46[82000] -> 45[3000] via direct shared memory
c198-051:29721:29779 [0] NCCL INFO Connected all rings
c196-051:22561:22622 [0] NCCL INFO Connected all rings
c198-022:4154:4215 [0] NCCL INFO Connected all rings
c198-042:18788:18841 [2] NCCL INFO Channel 00 : 38[82000] -> 37[3000] via direct shared memory
c198-062:6471:6530 [0] NCCL INFO Connected all rings
c198-022:4156:4209 [2] NCCL INFO Channel 00 : 22[82000] -> 21[3000] via direct shared memory
c198-071:8805:8858 [2] NCCL INFO Channel 00 : 58[82000] -> 57[3000] via direct shared memory
c198-042:18788:18841 [2] NCCL INFO Channel 01 : 38[82000] -> 37[3000] via direct shared memory
c198-021:2876:2935 [0] NCCL INFO Connected all rings
c198-022:4156:4209 [2] NCCL INFO Channel 01 : 22[82000] -> 21[3000] via direct shared memory
c198-011:26213:26266 [2] NCCL INFO Channel 00 : 10[82000] -> 9[3000] via direct shared memory
c198-032:29491:29550 [0] NCCL INFO Connected all rings
c198-012:23271:23324 [2] NCCL INFO Channel 00 : 14[82000] -> 13[3000] via direct shared memory
c198-071:8805:8858 [2] NCCL INFO Channel 01 : 58[82000] -> 57[3000] via direct shared memory
c198-032:29493:29547 [2] NCCL INFO Channel 00 : 30[82000] -> 29[3000] via direct shared memory
c198-011:26213:26266 [2] NCCL INFO Channel 01 : 10[82000] -> 9[3000] via direct shared memory
c198-012:23271:23324 [2] NCCL INFO Channel 01 : 14[82000] -> 13[3000] via direct shared memory
c198-031:3290:3349 [0] NCCL INFO Connected all rings
c198-032:29493:29547 [2] NCCL INFO Channel 01 : 30[82000] -> 29[3000] via direct shared memory
c198-061:20178:20230 [2] NCCL INFO Channel 00 : 50[82000] -> 49[3000] via direct shared memory
c198-061:20178:20230 [2] NCCL INFO Channel 01 : 50[82000] -> 49[3000] via direct shared memory
c198-011:26211:26268 [0] NCCL INFO Connected all rings
c198-031:3292:3345 [2] NCCL INFO Channel 00 : 26[82000] -> 25[3000] via direct shared memory
c198-031:3292:3345 [2] NCCL INFO Channel 01 : 26[82000] -> 25[3000] via direct shared memory
c198-041:16676:16728 [2] NCCL INFO Channel 00 : 34[82000] -> 33[3000] via direct shared memory
c198-041:16676:16728 [2] NCCL INFO Channel 01 : 34[82000] -> 33[3000] via direct shared memory
c196-051:22563:22619 [2] NCCL INFO Channel 00 : 6[82000] -> 5[3000] via direct shared memory
c198-071:8803:8862 [0] NCCL INFO Connected all rings
c196-042:5905:5963 [2] NCCL INFO Channel 00 : 2[82000] -> 1[3000] via direct shared memory
c196-051:22563:22619 [2] NCCL INFO Channel 01 : 6[82000] -> 5[3000] via direct shared memory
c196-042:5905:5963 [2] NCCL INFO Channel 01 : 2[82000] -> 1[3000] via direct shared memory
c198-051:29724:29774 [3] NCCL INFO Connected all trees
c198-051:29724:29774 [3] NCCL INFO MSCCL_XML_FILES set by environment to /home1/09168/ldai1/ccl-build/msccl_tools_lyd/examples/xml/xml_lyd/basic_msccl/allreduce_basic_binary_tree_64gpus_1tree.xml
c198-051:29724:29774 [3] NCCL INFO MSCCL: Parsing algorithm /home1/09168/ldai1/ccl-build/msccl_tools_lyd/examples/xml/xml_lyd/basic_msccl/allreduce_basic_binary_tree_64gpus_1tree.xml
c198-062:6474:6525 [3] NCCL INFO Connected all trees
c198-062:6474:6525 [3] NCCL INFO MSCCL_XML_FILES set by environment to /home1/09168/ldai1/ccl-build/msccl_tools_lyd/examples/xml/xml_lyd/basic_msccl/allreduce_basic_binary_tree_64gpus_1tree.xml
c198-062:6474:6525 [3] NCCL INFO MSCCL: Parsing algorithm /home1/09168/ldai1/ccl-build/msccl_tools_lyd/examples/xml/xml_lyd/basic_msccl/allreduce_basic_binary_tree_64gpus_1tree.xml
c198-052:27599:27655 [3] NCCL INFO Connected all trees
c198-052:27599:27655 [3] NCCL INFO MSCCL_XML_FILES set by environment to /home1/09168/ldai1/ccl-build/msccl_tools_lyd/examples/xml/xml_lyd/basic_msccl/allreduce_basic_binary_tree_64gpus_1tree.xml
c198-052:27599:27655 [3] NCCL INFO MSCCL: Parsing algorithm /home1/09168/ldai1/ccl-build/msccl_tools_lyd/examples/xml/xml_lyd/basic_msccl/allreduce_basic_binary_tree_64gpus_1tree.xml
c198-021:2879:2933 [3] NCCL INFO Connected all trees
c198-021:2879:2933 [3] NCCL INFO MSCCL_XML_FILES set by environment to /home1/09168/ldai1/ccl-build/msccl_tools_lyd/examples/xml/xml_lyd/basic_msccl/allreduce_basic_binary_tree_64gpus_1tree.xml
c198-021:2879:2933 [3] NCCL INFO MSCCL: Parsing algorithm /home1/09168/ldai1/ccl-build/msccl_tools_lyd/examples/xml/xml_lyd/basic_msccl/allreduce_basic_binary_tree_64gpus_1tree.xml
c198-072:2317:2374 [3] NCCL INFO Connected all trees
c198-072:2317:2374 [3] NCCL INFO MSCCL_XML_FILES set by environment to /home1/09168/ldai1/ccl-build/msccl_tools_lyd/examples/xml/xml_lyd/basic_msccl/allreduce_basic_binary_tree_64gpus_1tree.xml
c198-072:2317:2374 [3] NCCL INFO MSCCL: Parsing algorithm /home1/09168/ldai1/ccl-build/msccl_tools_lyd/examples/xml/xml_lyd/basic_msccl/allreduce_basic_binary_tree_64gpus_1tree.xml
c198-072:2316:2370 [2] NCCL INFO Connected all trees
c198-072:2316:2370 [2] NCCL INFO MSCCL_XML_FILES set by environment to /home1/09168/ldai1/ccl-build/msccl_tools_lyd/examples/xml/xml_lyd/basic_msccl/allreduce_basic_binary_tree_64gpus_1tree.xml
c198-022:4157:4211 [3] NCCL INFO Connected all trees
c198-071:8806:8860 [3] NCCL INFO Connected all trees
c198-072:2316:2370 [2] NCCL INFO MSCCL: Parsing algorithm /home1/09168/ldai1/ccl-build/msccl_tools_lyd/examples/xml/xml_lyd/basic_msccl/allreduce_basic_binary_tree_64gpus_1tree.xml
c198-022:4157:4211 [3] NCCL INFO MSCCL_XML_FILES set by environment to /home1/09168/ldai1/ccl-build/msccl_tools_lyd/examples/xml/xml_lyd/basic_msccl/allreduce_basic_binary_tree_64gpus_1tree.xml
c198-071:8806:8860 [3] NCCL INFO MSCCL_XML_FILES set by environment to /home1/09168/ldai1/ccl-build/msccl_tools_lyd/examples/xml/xml_lyd/basic_msccl/allreduce_basic_binary_tree_64gpus_1tree.xml
c198-022:4157:4211 [3] NCCL INFO MSCCL: Parsing algorithm /home1/09168/ldai1/ccl-build/msccl_tools_lyd/examples/xml/xml_lyd/basic_msccl/allreduce_basic_binary_tree_64gpus_1tree.xml
c198-042:18789:18840 [3] NCCL INFO Connected all trees
c198-042:18789:18840 [3] NCCL INFO MSCCL_XML_FILES set by environment to /home1/09168/ldai1/ccl-build/msccl_tools_lyd/examples/xml/xml_lyd/basic_msccl/allreduce_basic_binary_tree_64gpus_1tree.xml
c198-012:23272:23323 [3] NCCL INFO Connected all trees
c198-071:8806:8860 [3] NCCL INFO MSCCL: Parsing algorithm /home1/09168/ldai1/ccl-build/msccl_tools_lyd/examples/xml/xml_lyd/basic_msccl/allreduce_basic_binary_tree_64gpus_1tree.xml
c198-042:18789:18840 [3] NCCL INFO MSCCL: Parsing algorithm /home1/09168/ldai1/ccl-build/msccl_tools_lyd/examples/xml/xml_lyd/basic_msccl/allreduce_basic_binary_tree_64gpus_1tree.xml
c198-012:23272:23323 [3] NCCL INFO MSCCL_XML_FILES set by environment to /home1/09168/ldai1/ccl-build/msccl_tools_lyd/examples/xml/xml_lyd/basic_msccl/allreduce_basic_binary_tree_64gpus_1tree.xml
c198-012:23272:23323 [3] NCCL INFO MSCCL: Parsing algorithm /home1/09168/ldai1/ccl-build/msccl_tools_lyd/examples/xml/xml_lyd/basic_msccl/allreduce_basic_binary_tree_64gpus_1tree.xml
c198-032:29494:29548 [3] NCCL INFO Connected all trees
c198-032:29494:29548 [3] NCCL INFO MSCCL_XML_FILES set by environment to /home1/09168/ldai1/ccl-build/msccl_tools_lyd/examples/xml/xml_lyd/basic_msccl/allreduce_basic_binary_tree_64gpus_1tree.xml
c198-011:26214:26265 [3] NCCL INFO Connected all trees
c198-032:29494:29548 [3] NCCL INFO MSCCL: Parsing algorithm /home1/09168/ldai1/ccl-build/msccl_tools_lyd/examples/xml/xml_lyd/basic_msccl/allreduce_basic_binary_tree_64gpus_1tree.xml
c198-011:26214:26265 [3] NCCL INFO MSCCL_XML_FILES set by environment to /home1/09168/ldai1/ccl-build/msccl_tools_lyd/examples/xml/xml_lyd/basic_msccl/allreduce_basic_binary_tree_64gpus_1tree.xml
c198-011:26214:26265 [3] NCCL INFO MSCCL: Parsing algorithm /home1/09168/ldai1/ccl-build/msccl_tools_lyd/examples/xml/xml_lyd/basic_msccl/allreduce_basic_binary_tree_64gpus_1tree.xml
c198-061:20179:20231 [3] NCCL INFO Connected all trees
c198-061:20179:20231 [3] NCCL INFO MSCCL_XML_FILES set by environment to /home1/09168/ldai1/ccl-build/msccl_tools_lyd/examples/xml/xml_lyd/basic_msccl/allreduce_basic_binary_tree_64gpus_1tree.xml
c198-061:20179:20231 [3] NCCL INFO MSCCL: Parsing algorithm /home1/09168/ldai1/ccl-build/msccl_tools_lyd/examples/xml/xml_lyd/basic_msccl/allreduce_basic_binary_tree_64gpus_1tree.xml
c198-031:3293:3344 [3] NCCL INFO Connected all trees
c198-031:3293:3344 [3] NCCL INFO MSCCL_XML_FILES set by environment to /home1/09168/ldai1/ccl-build/msccl_tools_lyd/examples/xml/xml_lyd/basic_msccl/allreduce_basic_binary_tree_64gpus_1tree.xml
c198-031:3293:3344 [3] NCCL INFO MSCCL: Parsing algorithm /home1/09168/ldai1/ccl-build/msccl_tools_lyd/examples/xml/xml_lyd/basic_msccl/allreduce_basic_binary_tree_64gpus_1tree.xml
c198-041:16677:16729 [3] NCCL INFO Connected all trees
c198-041:16677:16729 [3] NCCL INFO MSCCL_XML_FILES set by environment to /home1/09168/ldai1/ccl-build/msccl_tools_lyd/examples/xml/xml_lyd/basic_msccl/allreduce_basic_binary_tree_64gpus_1tree.xml
c198-041:16677:16729 [3] NCCL INFO MSCCL: Parsing algorithm /home1/09168/ldai1/ccl-build/msccl_tools_lyd/examples/xml/xml_lyd/basic_msccl/allreduce_basic_binary_tree_64gpus_1tree.xml
c196-051:22564:22618 [3] NCCL INFO Connected all trees
c196-051:22564:22618 [3] NCCL INFO MSCCL_XML_FILES set by environment to /home1/09168/ldai1/ccl-build/msccl_tools_lyd/examples/xml/xml_lyd/basic_msccl/allreduce_basic_binary_tree_64gpus_1tree.xml
c196-051:22564:22618 [3] NCCL INFO MSCCL: Parsing algorithm /home1/09168/ldai1/ccl-build/msccl_tools_lyd/examples/xml/xml_lyd/basic_msccl/allreduce_basic_binary_tree_64gpus_1tree.xml
c196-042:5906:5965 [3] NCCL INFO Connected all trees
c196-042:5906:5965 [3] NCCL INFO MSCCL_XML_FILES set by environment to /home1/09168/ldai1/ccl-build/msccl_tools_lyd/examples/xml/xml_lyd/basic_msccl/allreduce_basic_binary_tree_64gpus_1tree.xml
c196-042:5906:5965 [3] NCCL INFO MSCCL: Parsing algorithm /home1/09168/ldai1/ccl-build/msccl_tools_lyd/examples/xml/xml_lyd/basic_msccl/allreduce_basic_binary_tree_64gpus_1tree.xml
c196-042:5905:5963 [2] NCCL INFO Connected all trees
c196-042:5905:5963 [2] NCCL INFO MSCCL_XML_FILES set by environment to /home1/09168/ldai1/ccl-build/msccl_tools_lyd/examples/xml/xml_lyd/basic_msccl/allreduce_basic_binary_tree_64gpus_1tree.xml
c196-042:5905:5963 [2] NCCL INFO MSCCL: Parsing algorithm /home1/09168/ldai1/ccl-build/msccl_tools_lyd/examples/xml/xml_lyd/basic_msccl/allreduce_basic_binary_tree_64gpus_1tree.xml
c198-011:26214:26265 [3] NCCL INFO Parsed MSCCL Algorithm /home1/09168/ldai1/ccl-build/msccl_tools_lyd/examples/xml/xml_lyd/basic_msccl/allreduce_basic_binary_tree_64gpus_1tree.xml successfully.
c198-051:29724:29774 [3] NCCL INFO Parsed MSCCL Algorithm /home1/09168/ldai1/ccl-build/msccl_tools_lyd/examples/xml/xml_lyd/basic_msccl/allreduce_basic_binary_tree_64gpus_1tree.xml successfully.
c198-011:26214:26265 [3] NCCL INFO Connected 1 MSCCL algorithms
c198-062:6474:6525 [3] NCCL INFO Parsed MSCCL Algorithm /home1/09168/ldai1/ccl-build/msccl_tools_lyd/examples/xml/xml_lyd/basic_msccl/allreduce_basic_binary_tree_64gpus_1tree.xml successfully.
c198-012:23272:23323 [3] NCCL INFO Parsed MSCCL Algorithm /home1/09168/ldai1/ccl-build/msccl_tools_lyd/examples/xml/xml_lyd/basic_msccl/allreduce_basic_binary_tree_64gpus_1tree.xml successfully.
c198-071:8806:8860 [3] NCCL INFO Parsed MSCCL Algorithm /home1/09168/ldai1/ccl-build/msccl_tools_lyd/examples/xml/xml_lyd/basic_msccl/allreduce_basic_binary_tree_64gpus_1tree.xml successfully.
c198-011:26214:26265 [3] NCCL INFO NCCL_PROTO set by environment to Simple
c198-051:29724:29774 [3] NCCL INFO Connected 1 MSCCL algorithms
c198-012:23272:23323 [3] NCCL INFO Connected 1 MSCCL algorithms
c198-071:8806:8860 [3] NCCL INFO Connected 1 MSCCL algorithms
c198-011:26214:26265 [3] NCCL INFO NCCL_ALGO set by environment to MSCCL,TREE,RING
c198-011:26214:26265 [3] NCCL INFO threadThresholds 8/8/64 | 512/8/64 | 8/8/64 | 8/8/512
c198-051:29724:29774 [3] NCCL INFO NCCL_PROTO set by environment to Simple
c198-051:29724:29774 [3] NCCL INFO NCCL_ALGO set by environment to MSCCL,TREE,RING
c198-062:6474:6525 [3] NCCL INFO Connected 1 MSCCL algorithms
c198-052:27599:27655 [3] NCCL INFO Parsed MSCCL Algorithm /home1/09168/ldai1/ccl-build/msccl_tools_lyd/examples/xml/xml_lyd/basic_msccl/allreduce_basic_binary_tree_64gpus_1tree.xml successfully.
c198-012:23272:23323 [3] NCCL INFO NCCL_PROTO set by environment to Simple
c198-012:23272:23323 [3] NCCL INFO NCCL_ALGO set by environment to MSCCL,TREE,RING
c198-071:8806:8860 [3] NCCL INFO NCCL_PROTO set by environment to Simple
c198-071:8806:8860 [3] NCCL INFO NCCL_ALGO set by environment to MSCCL,TREE,RING
c198-071:8806:8860 [3] NCCL INFO threadThresholds 8/8/64 | 512/8/64 | 8/8/64 | 8/8/512
c198-011:26214:26265 [3] NCCL INFO 2 coll channels, 2 p2p channels, 2 p2p channels per peer
c198-051:29724:29774 [3] NCCL INFO threadThresholds 8/8/64 | 512/8/64 | 8/8/64 | 8/8/512
c198-062:6474:6525 [3] NCCL INFO NCCL_PROTO set by environment to Simple
c198-062:6474:6525 [3] NCCL INFO NCCL_ALGO set by environment to MSCCL,TREE,RING
c198-052:27599:27655 [3] NCCL INFO Connected 1 MSCCL algorithms
c198-022:4157:4211 [3] NCCL INFO Parsed MSCCL Algorithm /home1/09168/ldai1/ccl-build/msccl_tools_lyd/examples/xml/xml_lyd/basic_msccl/allreduce_basic_binary_tree_64gpus_1tree.xml successfully.
c198-012:23272:23323 [3] NCCL INFO threadThresholds 8/8/64 | 512/8/64 | 8/8/64 | 8/8/512
c198-071:8806:8860 [3] NCCL INFO 2 coll channels, 2 p2p channels, 2 p2p channels per peer
c198-051:29724:29774 [3] NCCL INFO 2 coll channels, 2 p2p channels, 2 p2p channels per peer
c198-062:6474:6525 [3] NCCL INFO threadThresholds 8/8/64 | 512/8/64 | 8/8/64 | 8/8/512
c198-052:27599:27655 [3] NCCL INFO NCCL_PROTO set by environment to Simple
c198-022:4157:4211 [3] NCCL INFO Connected 1 MSCCL algorithms
c198-012:23272:23323 [3] NCCL INFO 2 coll channels, 2 p2p channels, 2 p2p channels per peer
c198-062:6474:6525 [3] NCCL INFO 2 coll channels, 2 p2p channels, 2 p2p channels per peer
c196-051:22564:22618 [3] NCCL INFO Parsed MSCCL Algorithm /home1/09168/ldai1/ccl-build/msccl_tools_lyd/examples/xml/xml_lyd/basic_msccl/allreduce_basic_binary_tree_64gpus_1tree.xml successfully.
c198-052:27599:27655 [3] NCCL INFO NCCL_ALGO set by environment to MSCCL,TREE,RING
c198-052:27599:27655 [3] NCCL INFO threadThresholds 8/8/64 | 512/8/64 | 8/8/64 | 8/8/512
c198-022:4157:4211 [3] NCCL INFO NCCL_PROTO set by environment to Simple
c196-051:22564:22618 [3] NCCL INFO Connected 1 MSCCL algorithms
c198-052:27599:27655 [3] NCCL INFO 2 coll channels, 2 p2p channels, 2 p2p channels per peer
c198-022:4157:4211 [3] NCCL INFO NCCL_ALGO set by environment to MSCCL,TREE,RING
c198-022:4157:4211 [3] NCCL INFO threadThresholds 8/8/64 | 512/8/64 | 8/8/64 | 8/8/512
c196-051:22564:22618 [3] NCCL INFO NCCL_PROTO set by environment to Simple
c198-022:4157:4211 [3] NCCL INFO 2 coll channels, 2 p2p channels, 2 p2p channels per peer
c198-061:20179:20231 [3] NCCL INFO Parsed MSCCL Algorithm /home1/09168/ldai1/ccl-build/msccl_tools_lyd/examples/xml/xml_lyd/basic_msccl/allreduce_basic_binary_tree_64gpus_1tree.xml successfully.
c198-032:29494:29548 [3] NCCL INFO Parsed MSCCL Algorithm /home1/09168/ldai1/ccl-build/msccl_tools_lyd/examples/xml/xml_lyd/basic_msccl/allreduce_basic_binary_tree_64gpus_1tree.xml successfully.
c198-072:2317:2374 [3] NCCL INFO Parsed MSCCL Algorithm /home1/09168/ldai1/ccl-build/msccl_tools_lyd/examples/xml/xml_lyd/basic_msccl/allreduce_basic_binary_tree_64gpus_1tree.xml successfully.
c196-051:22564:22618 [3] NCCL INFO NCCL_ALGO set by environment to MSCCL,TREE,RING
c196-051:22564:22618 [3] NCCL INFO threadThresholds 8/8/64 | 512/8/64 | 8/8/64 | 8/8/512
c198-042:18789:18840 [3] NCCL INFO Parsed MSCCL Algorithm /home1/09168/ldai1/ccl-build/msccl_tools_lyd/examples/xml/xml_lyd/basic_msccl/allreduce_basic_binary_tree_64gpus_1tree.xml successfully.
c198-061:20179:20231 [3] NCCL INFO Connected 1 MSCCL algorithms
c198-072:2316:2370 [2] NCCL INFO Parsed MSCCL Algorithm /home1/09168/ldai1/ccl-build/msccl_tools_lyd/examples/xml/xml_lyd/basic_msccl/allreduce_basic_binary_tree_64gpus_1tree.xml successfully.
c196-051:22564:22618 [3] NCCL INFO 2 coll channels, 2 p2p channels, 2 p2p channels per peer
c198-042:18789:18840 [3] NCCL INFO Connected 1 MSCCL algorithms
c198-061:20179:20231 [3] NCCL INFO NCCL_PROTO set by environment to Simple
c198-061:20179:20231 [3] NCCL INFO NCCL_ALGO set by environment to MSCCL,TREE,RING
c198-032:29494:29548 [3] NCCL INFO Connected 1 MSCCL algorithms
c198-072:2317:2374 [3] NCCL INFO Connected 1 MSCCL algorithms
c198-042:18789:18840 [3] NCCL INFO NCCL_PROTO set by environment to Simple
c198-042:18789:18840 [3] NCCL INFO NCCL_ALGO set by environment to MSCCL,TREE,RING
c198-061:20179:20231 [3] NCCL INFO threadThresholds 8/8/64 | 512/8/64 | 8/8/64 | 8/8/512
c198-031:3293:3344 [3] NCCL INFO Parsed MSCCL Algorithm /home1/09168/ldai1/ccl-build/msccl_tools_lyd/examples/xml/xml_lyd/basic_msccl/allreduce_basic_binary_tree_64gpus_1tree.xml successfully.
c198-032:29494:29548 [3] NCCL INFO NCCL_PROTO set by environment to Simple
c198-032:29494:29548 [3] NCCL INFO NCCL_ALGO set by environment to MSCCL,TREE,RING
c198-072:2317:2374 [3] NCCL INFO NCCL_PROTO set by environment to Simple
c198-072:2317:2374 [3] NCCL INFO NCCL_ALGO set by environment to MSCCL,TREE,RING
c198-042:18789:18840 [3] NCCL INFO threadThresholds 8/8/64 | 512/8/64 | 8/8/64 | 8/8/512
c198-061:20179:20231 [3] NCCL INFO 2 coll channels, 2 p2p channels, 2 p2p channels per peer
c198-032:29494:29548 [3] NCCL INFO threadThresholds 8/8/64 | 512/8/64 | 8/8/64 | 8/8/512
c198-072:2317:2374 [3] NCCL INFO threadThresholds 8/8/64 | 512/8/64 | 8/8/64 | 8/8/512
c198-042:18789:18840 [3] NCCL INFO 2 coll channels, 2 p2p channels, 2 p2p channels per peer
c196-042:5905:5963 [2] NCCL INFO Parsed MSCCL Algorithm /home1/09168/ldai1/ccl-build/msccl_tools_lyd/examples/xml/xml_lyd/basic_msccl/allreduce_basic_binary_tree_64gpus_1tree.xml successfully.
c198-032:29494:29548 [3] NCCL INFO 2 coll channels, 2 p2p channels, 2 p2p channels per peer
c198-072:2317:2374 [3] NCCL INFO 2 coll channels, 2 p2p channels, 2 p2p channels per peer
c198-021:2879:2933 [3] NCCL INFO Parsed MSCCL Algorithm /home1/09168/ldai1/ccl-build/msccl_tools_lyd/examples/xml/xml_lyd/basic_msccl/allreduce_basic_binary_tree_64gpus_1tree.xml successfully.
c198-031:3293:3344 [3] NCCL INFO Connected 1 MSCCL algorithms
c198-021:2879:2933 [3] NCCL INFO Connected 1 MSCCL algorithms
c198-031:3293:3344 [3] NCCL INFO NCCL_PROTO set by environment to Simple
c198-031:3293:3344 [3] NCCL INFO NCCL_ALGO set by environment to MSCCL,TREE,RING
c198-021:2879:2933 [3] NCCL INFO NCCL_PROTO set by environment to Simple
c198-021:2879:2933 [3] NCCL INFO NCCL_ALGO set by environment to MSCCL,TREE,RING
c198-031:3293:3344 [3] NCCL INFO threadThresholds 8/8/64 | 512/8/64 | 8/8/64 | 8/8/512
c198-021:2879:2933 [3] NCCL INFO threadThresholds 8/8/64 | 512/8/64 | 8/8/64 | 8/8/512
c198-031:3293:3344 [3] NCCL INFO 2 coll channels, 2 p2p channels, 2 p2p channels per peer
c198-021:2879:2933 [3] NCCL INFO 2 coll channels, 2 p2p channels, 2 p2p channels per peer
c196-042:5906:5965 [3] NCCL INFO Parsed MSCCL Algorithm /home1/09168/ldai1/ccl-build/msccl_tools_lyd/examples/xml/xml_lyd/basic_msccl/allreduce_basic_binary_tree_64gpus_1tree.xml successfully.
c198-041:16677:16729 [3] NCCL INFO Parsed MSCCL Algorithm /home1/09168/ldai1/ccl-build/msccl_tools_lyd/examples/xml/xml_lyd/basic_msccl/allreduce_basic_binary_tree_64gpus_1tree.xml successfully.
c198-041:16677:16729 [3] NCCL INFO Connected 1 MSCCL algorithms
c196-042:5906:5965 [3] NCCL INFO Connected 1 MSCCL algorithms
c196-042:5906:5965 [3] NCCL INFO NCCL_PROTO set by environment to Simple
c196-042:5906:5965 [3] NCCL INFO NCCL_ALGO set by environment to MSCCL,TREE,RING
c196-042:5906:5965 [3] NCCL INFO threadThresholds 8/8/64 | 512/8/64 | 8/8/64 | 8/8/512
c198-041:16677:16729 [3] NCCL INFO NCCL_PROTO set by environment to Simple
c198-041:16677:16729 [3] NCCL INFO NCCL_ALGO set by environment to MSCCL,TREE,RING
c196-042:5906:5965 [3] NCCL INFO 2 coll channels, 2 p2p channels, 2 p2p channels per peer
c198-041:16677:16729 [3] NCCL INFO threadThresholds 8/8/64 | 512/8/64 | 8/8/64 | 8/8/512
c198-041:16677:16729 [3] NCCL INFO 2 coll channels, 2 p2p channels, 2 p2p channels per peer
c196-042:5905:5963 [2] NCCL INFO Channel 00/0 : 2[82000] -> 4[2000] [send] via NET/IB/0
c198-052:27596:27649 [0] NCCL INFO Channel 00/0 : 40[2000] -> 44[2000] [receive] via NET/IB/0
c198-041:16674:16732 [0] NCCL INFO Channel 01/0 : 32[2000] -> 36[2000] [send] via NET/IB/0
c198-042:18786:18845 [0] NCCL INFO Channel 01/0 : 32[2000] -> 36[2000] [receive] via NET/IB/0
c196-051:22561:22622 [0] NCCL INFO Channel 01/0 : 0[2000] -> 4[2000] [receive] via NET/IB/0
c198-051:29721:29779 [0] NCCL INFO Channel 01/0 : 37[3000] -> 40[2000] [receive] via NET/IB/0
c198-062:6471:6530 [0] NCCL INFO Channel 01/0 : 48[2000] -> 52[2000] [receive] via NET/IB/0
c198-061:20176:20235 [0] NCCL INFO Channel 01/0 : 48[2000] -> 52[2000] [send] via NET/IB/0
c198-072:2314:2376 [0] NCCL INFO Channel 00/0 : 56[2000] -> 60[2000] [receive] via NET/IB/0
c198-022:4154:4215 [0] NCCL INFO Channel 01/0 : 16[2000] -> 20[2000] [receive] via NET/IB/0
c196-042:5903:5958 [0] NCCL INFO Channel 01/0 : 0[2000] -> 4[2000] [send] via NET/IB/0
c198-012:23269:23328 [0] NCCL INFO Channel 00/0 : 8[2000] -> 12[2000] [receive] via NET/IB/0
c198-032:29491:29550 [0] NCCL INFO Channel 00/0 : 24[2000] -> 28[2000] [receive] via NET/IB/0
c198-021:2876:2935 [0] NCCL INFO Channel 01/0 : 16[2000] -> 20[2000] [send] via NET/IB/0
c198-031:3290:3349 [0] NCCL INFO Channel 01/0 : 21[3000] -> 24[2000] [receive] via NET/IB/0
c198-011:26211:26268 [0] NCCL INFO Channel 01/0 : 5[3000] -> 8[2000] [receive] via NET/IB/0
c198-071:8803:8862 [0] NCCL INFO Channel 01/0 : 53[3000] -> 56[2000] [receive] via NET/IB/0
c198-061:20176:20235 [0] NCCL INFO Channel 00/0 : 48[2000] -> 56[2000] [send] via NET/IB/0
c198-042:18786:18845 [0] NCCL INFO Channel 00/0 : 36[2000] -> 41[3000] [send] via NET/IB/0
c198-042:18787:18843 [1] NCCL INFO Channel 01/0 : 40[2000] -> 37[3000] [receive] via NET/IB/0
c198-021:2876:2935 [0] NCCL INFO Channel 00/0 : 16[2000] -> 24[2000] [send] via NET/IB/0
c198-041:16674:16732 [0] NCCL INFO Channel 00/0 : 32[2000] -> 48[2000] [send] via NET/IB/0
c198-051:29721:29779 [0] NCCL INFO Channel 00/0 : 40[2000] -> 44[2000] [send] via NET/IB/0
c198-022:4155:4214 [1] NCCL INFO Channel 01/0 : 24[2000] -> 21[3000] [receive] via NET/IB/0
c196-051:22561:22622 [0] NCCL INFO Channel 00/0 : 4[2000] -> 9[3000] [send] via NET/IB/0
c196-051:22562:22623 [1] NCCL INFO Channel 01/0 : 8[2000] -> 5[3000] [receive] via NET/IB/0
c198-031:3290:3349 [0] NCCL INFO Channel 00/0 : 24[2000] -> 28[2000] [send] via NET/IB/0
c198-062:6471:6530 [0] NCCL INFO Channel 00/0 : 52[2000] -> 57[3000] [send] via NET/IB/0
c198-071:8803:8862 [0] NCCL INFO Channel 00/0 : 56[2000] -> 60[2000] [send] via NET/IB/0
c198-011:26211:26268 [0] NCCL INFO Channel 00/0 : 8[2000] -> 12[2000] [send] via NET/IB/0
c198-062:6472:6528 [1] NCCL INFO Channel 01/0 : 56[2000] -> 53[3000] [receive] via NET/IB/0
c198-022:4154:4215 [0] NCCL INFO Channel 00/0 : 20[2000] -> 25[3000] [send] via NET/IB/0
c196-042:5903:5958 [0] NCCL INFO Channel 00/0 : 32[2000] -> 0[2000] [receive] via NET/IB/0
c196-042:5903:5958 [0] NCCL INFO Channel 00/0 : 0[2000] -> 32[2000] [send] via NET/IB/0
c198-042:18786:18845 [0] NCCL INFO Channel 01/0 : 36[2000] -> 44[2000] [send] via NET/IB/0
c198-051:29721:29779 [0] NCCL INFO Channel 00/0 : 40[2000] -> 49[3000] [send] via NET/IB/0
c198-051:29722:29780 [1] NCCL INFO Channel 00/0 : 41[3000] -> 36[2000] [send] via NET/IB/0
c196-051:22561:22622 [0] NCCL INFO Channel 01/0 : 4[2000] -> 12[2000] [send] via NET/IB/0
c198-031:3290:3349 [0] NCCL INFO Channel 00/0 : 16[2000] -> 24[2000] [receive] via NET/IB/0
c198-062:6471:6530 [0] NCCL INFO Channel 01/0 : 45[3000] -> 52[2000] [receive] via NET/IB/0
c198-071:8803:8862 [0] NCCL INFO Channel 00/0 : 48[2000] -> 56[2000] [receive] via NET/IB/0
c198-011:26211:26268 [0] NCCL INFO Channel 00/0 : 8[2000] -> 17[3000] [send] via NET/IB/0
c198-071:8804:8864 [1] NCCL INFO Channel 00/0 : 57[3000] -> 52[2000] [send] via NET/IB/0
c198-072:2314:2376 [0] NCCL INFO Channel 01/0 : 28[2000] -> 60[2000] [receive] via NET/IB/0
c198-011:26212:26270 [1] NCCL INFO Channel 00/0 : 9[3000] -> 4[2000] [send] via NET/IB/0
c198-012:23269:23328 [0] NCCL INFO Channel 01/0 : 4[2000] -> 12[2000] [receive] via NET/IB/0
c198-032:29491:29550 [0] NCCL INFO Channel 01/0 : 12[2000] -> 28[2000] [receive] via NET/IB/0
c198-031:3291:3347 [1] NCCL INFO Channel 00/0 : 25[3000] -> 20[2000] [send] via NET/IB/0
c198-022:4154:4215 [0] NCCL INFO Channel 01/0 : 13[3000] -> 20[2000] [receive] via NET/IB/0
c198-052:27596:27649 [0] NCCL INFO Channel 01/0 : 36[2000] -> 44[2000] [receive] via NET/IB/0
c198-072:2314:2376 [0] NCCL INFO Channel 01/0 : 60[2000] -> 28[2000] [send] via NET/IB/0
c198-051:29721:29779 [0] NCCL INFO Channel 00/0 : 49[3000] -> 40[2000] [receive] via NET/IB/0
c198-061:20177:20234 [1] NCCL INFO Channel 00/0 : 49[3000] -> 40[2000] [send] via NET/IB/0
c198-011:26211:26268 [0] NCCL INFO Channel 00/0 : 17[3000] -> 8[2000] [receive] via NET/IB/0
c198-021:2876:2935 [0] NCCL INFO Channel 00/0 : 16[2000] -> 33[3000] [send] via NET/IB/0
c198-062:6471:6530 [0] NCCL INFO Channel 01/0 : 52[2000] -> 45[3000] [send] via NET/IB/0
c198-031:3290:3349 [0] NCCL INFO Channel 00/0 : 24[2000] -> 16[2000] [send] via NET/IB/0
c198-071:8803:8862 [0] NCCL INFO Channel 00/0 : 56[2000] -> 48[2000] [send] via NET/IB/0
c198-021:2877:2936 [1] NCCL INFO Channel 00/0 : 17[3000] -> 8[2000] [send] via NET/IB/0
c198-061:20176:20235 [0] NCCL INFO Channel 00/0 : 32[2000] -> 48[2000] [receive] via NET/IB/0
c198-012:23269:23328 [0] NCCL INFO Channel 01/0 : 12[2000] -> 28[2000] [send] via NET/IB/0
c198-012:23270:23327 [1] NCCL INFO Channel 01/0 : 20[2000] -> 13[3000] [receive] via NET/IB/0
c198-042:18786:18845 [0] NCCL INFO Channel 01/0 : 44[2000] -> 36[2000] [receive] via NET/IB/0
c196-051:22561:22622 [0] NCCL INFO Channel 01/0 : 12[2000] -> 4[2000] [receive] via NET/IB/0
c198-052:27597:27651 [1] NCCL INFO Channel 01/0 : 52[2000] -> 45[3000] [receive] via NET/IB/0
c198-022:4154:4215 [0] NCCL INFO Channel 01/0 : 20[2000] -> 13[3000] [send] via NET/IB/0
c198-052:27596:27649 [0] NCCL INFO Channel 01/0 : 29[3000] -> 44[2000] [receive] via NET/IB/0
c198-061:20177:20234 [1] NCCL INFO Channel 00 : 49[3000] -> 48[2000] via direct shared memory
c198-061:20177:20234 [1] NCCL INFO Channel 01 : 49[3000] -> 48[2000] via direct shared memory
c198-021:2877:2936 [1] NCCL INFO Channel 00 : 17[3000] -> 16[2000] via direct shared memory
c198-021:2877:2936 [1] NCCL INFO Channel 01 : 17[3000] -> 16[2000] via direct shared memory
c198-061:20178:20230 [2] NCCL INFO Connected all trees
c198-061:20178:20230 [2] NCCL INFO MSCCL_XML_FILES set by environment to /home1/09168/ldai1/ccl-build/msccl_tools_lyd/examples/xml/xml_lyd/basic_msccl/allreduce_basic_binary_tree_64gpus_1tree.xml
c198-061:20178:20230 [2] NCCL INFO MSCCL: Parsing algorithm /home1/09168/ldai1/ccl-build/msccl_tools_lyd/examples/xml/xml_lyd/basic_msccl/allreduce_basic_binary_tree_64gpus_1tree.xml
c198-021:2878:2934 [2] NCCL INFO Connected all trees
c198-021:2878:2934 [2] NCCL INFO MSCCL_XML_FILES set by environment to /home1/09168/ldai1/ccl-build/msccl_tools_lyd/examples/xml/xml_lyd/basic_msccl/allreduce_basic_binary_tree_64gpus_1tree.xml
c198-021:2878:2934 [2] NCCL INFO MSCCL: Parsing algorithm /home1/09168/ldai1/ccl-build/msccl_tools_lyd/examples/xml/xml_lyd/basic_msccl/allreduce_basic_binary_tree_64gpus_1tree.xml
c198-012:23270:23327 [1] NCCL INFO Channel 00 : 13[3000] -> 12[2000] via direct shared memory
c198-012:23270:23327 [1] NCCL INFO Channel 01 : 13[3000] -> 12[2000] via direct shared memory
c198-061:20178:20230 [2] NCCL INFO Parsed MSCCL Algorithm /home1/09168/ldai1/ccl-build/msccl_tools_lyd/examples/xml/xml_lyd/basic_msccl/allreduce_basic_binary_tree_64gpus_1tree.xml successfully.
c198-052:27597:27651 [1] NCCL INFO Channel 00 : 45[3000] -> 44[2000] via direct shared memory
c198-052:27597:27651 [1] NCCL INFO Channel 01 : 45[3000] -> 44[2000] via direct shared memory
c198-012:23271:23324 [2] NCCL INFO Connected all trees
c198-012:23271:23324 [2] NCCL INFO MSCCL_XML_FILES set by environment to /home1/09168/ldai1/ccl-build/msccl_tools_lyd/examples/xml/xml_lyd/basic_msccl/allreduce_basic_binary_tree_64gpus_1tree.xml
c198-012:23271:23324 [2] NCCL INFO MSCCL: Parsing algorithm /home1/09168/ldai1/ccl-build/msccl_tools_lyd/examples/xml/xml_lyd/basic_msccl/allreduce_basic_binary_tree_64gpus_1tree.xml
c198-021:2878:2934 [2] NCCL INFO Parsed MSCCL Algorithm /home1/09168/ldai1/ccl-build/msccl_tools_lyd/examples/xml/xml_lyd/basic_msccl/allreduce_basic_binary_tree_64gpus_1tree.xml successfully.
c198-061:20178:20230 [2] NCCL INFO Channel 00/0 : 50[82000] -> 52[2000] [send] via NET/IB/0
c198-052:27598:27654 [2] NCCL INFO Connected all trees
c198-052:27598:27654 [2] NCCL INFO MSCCL_XML_FILES set by environment to /home1/09168/ldai1/ccl-build/msccl_tools_lyd/examples/xml/xml_lyd/basic_msccl/allreduce_basic_binary_tree_64gpus_1tree.xml
c198-052:27598:27654 [2] NCCL INFO MSCCL: Parsing algorithm /home1/09168/ldai1/ccl-build/msccl_tools_lyd/examples/xml/xml_lyd/basic_msccl/allreduce_basic_binary_tree_64gpus_1tree.xml
c198-021:2878:2934 [2] NCCL INFO Channel 00/0 : 18[82000] -> 20[2000] [send] via NET/IB/0
c198-012:23271:23324 [2] NCCL INFO Parsed MSCCL Algorithm /home1/09168/ldai1/ccl-build/msccl_tools_lyd/examples/xml/xml_lyd/basic_msccl/allreduce_basic_binary_tree_64gpus_1tree.xml successfully.
c198-052:27598:27654 [2] NCCL INFO Parsed MSCCL Algorithm /home1/09168/ldai1/ccl-build/msccl_tools_lyd/examples/xml/xml_lyd/basic_msccl/allreduce_basic_binary_tree_64gpus_1tree.xml successfully.
c198-051:29721:29779 [0] NCCL INFO Channel 00/0 : 44[2000] -> 40[2000] [receive] via NET/IB/0
c198-011:26211:26268 [0] NCCL INFO Channel 00/0 : 12[2000] -> 8[2000] [receive] via NET/IB/0
c198-012:23269:23328 [0] NCCL INFO Channel 01/0 : 28[2000] -> 12[2000] [receive] via NET/IB/0
c198-041:16675:16733 [1] NCCL INFO Channel 00/0 : 33[3000] -> 16[2000] [send] via NET/IB/0
c198-062:6471:6530 [0] NCCL INFO Channel 00/0 : 57[3000] -> 52[2000] [receive] via NET/IB/0
c198-061:20176:20235 [0] NCCL INFO Channel 00/0 : 48[2000] -> 32[2000] [send] via NET/IB/0
c198-032:29491:29550 [0] NCCL INFO Channel 01/0 : 60[2000] -> 28[2000] [receive] via NET/IB/0
c198-041:16674:16732 [0] NCCL INFO Channel 00/0 : 0[2000] -> 32[2000] [receive] via NET/IB/0
c198-021:2876:2935 [0] NCCL INFO Channel 00/0 : 33[3000] -> 16[2000] [receive] via NET/IB/0
c198-022:4154:4215 [0] NCCL INFO Channel 00/0 : 25[3000] -> 20[2000] [receive] via NET/IB/0
c198-032:29492:29545 [1] NCCL INFO Channel 01/0 : 44[2000] -> 29[3000] [receive] via NET/IB/0
c198-052:27596:27649 [0] NCCL INFO Channel 01/0 : 44[2000] -> 29[3000] [send] via NET/IB/0
c198-071:8804:8864 [1] NCCL INFO Channel 00 : 57[3000] -> 56[2000] via direct shared memory
c198-071:8804:8864 [1] NCCL INFO Channel 01 : 57[3000] -> 56[2000] via direct shared memory
c198-041:16675:16733 [1] NCCL INFO Channel 00 : 33[3000] -> 32[2000] via direct shared memory
c198-041:16675:16733 [1] NCCL INFO Channel 01 : 33[3000] -> 32[2000] via direct shared memory
c198-071:8805:8858 [2] NCCL INFO Connected all trees
c198-071:8805:8858 [2] NCCL INFO MSCCL_XML_FILES set by environment to /home1/09168/ldai1/ccl-build/msccl_tools_lyd/examples/xml/xml_lyd/basic_msccl/allreduce_basic_binary_tree_64gpus_1tree.xml
c198-071:8805:8858 [2] NCCL INFO MSCCL: Parsing algorithm /home1/09168/ldai1/ccl-build/msccl_tools_lyd/examples/xml/xml_lyd/basic_msccl/allreduce_basic_binary_tree_64gpus_1tree.xml
c198-041:16676:16728 [2] NCCL INFO Connected all trees
c198-041:16676:16728 [2] NCCL INFO MSCCL_XML_FILES set by environment to /home1/09168/ldai1/ccl-build/msccl_tools_lyd/examples/xml/xml_lyd/basic_msccl/allreduce_basic_binary_tree_64gpus_1tree.xml
c198-041:16676:16728 [2] NCCL INFO MSCCL: Parsing algorithm /home1/09168/ldai1/ccl-build/msccl_tools_lyd/examples/xml/xml_lyd/basic_msccl/allreduce_basic_binary_tree_64gpus_1tree.xml
c198-031:3291:3347 [1] NCCL INFO Channel 00 : 25[3000] -> 24[2000] via direct shared memory
c198-031:3291:3347 [1] NCCL INFO Channel 01 : 25[3000] -> 24[2000] via direct shared memory
c198-031:3292:3345 [2] NCCL INFO Connected all trees
c198-031:3292:3345 [2] NCCL INFO MSCCL_XML_FILES set by environment to /home1/09168/ldai1/ccl-build/msccl_tools_lyd/examples/xml/xml_lyd/basic_msccl/allreduce_basic_binary_tree_64gpus_1tree.xml
c198-031:3292:3345 [2] NCCL INFO MSCCL: Parsing algorithm /home1/09168/ldai1/ccl-build/msccl_tools_lyd/examples/xml/xml_lyd/basic_msccl/allreduce_basic_binary_tree_64gpus_1tree.xml
c198-071:8805:8858 [2] NCCL INFO Parsed MSCCL Algorithm /home1/09168/ldai1/ccl-build/msccl_tools_lyd/examples/xml/xml_lyd/basic_msccl/allreduce_basic_binary_tree_64gpus_1tree.xml successfully.
c198-041:16676:16728 [2] NCCL INFO Parsed MSCCL Algorithm /home1/09168/ldai1/ccl-build/msccl_tools_lyd/examples/xml/xml_lyd/basic_msccl/allreduce_basic_binary_tree_64gpus_1tree.xml successfully.
c198-071:8805:8858 [2] NCCL INFO Channel 00/0 : 58[82000] -> 60[2000] [send] via NET/IB/0
c198-032:29492:29545 [1] NCCL INFO Channel 00 : 29[3000] -> 28[2000] via direct shared memory
c198-032:29492:29545 [1] NCCL INFO Channel 01 : 29[3000] -> 28[2000] via direct shared memory
c198-041:16676:16728 [2] NCCL INFO Channel 00/0 : 34[82000] -> 36[2000] [send] via NET/IB/0
c198-031:3292:3345 [2] NCCL INFO Parsed MSCCL Algorithm /home1/09168/ldai1/ccl-build/msccl_tools_lyd/examples/xml/xml_lyd/basic_msccl/allreduce_basic_binary_tree_64gpus_1tree.xml successfully.
c198-032:29493:29547 [2] NCCL INFO Connected all trees
c198-032:29493:29547 [2] NCCL INFO MSCCL_XML_FILES set by environment to /home1/09168/ldai1/ccl-build/msccl_tools_lyd/examples/xml/xml_lyd/basic_msccl/allreduce_basic_binary_tree_64gpus_1tree.xml
c198-032:29493:29547 [2] NCCL INFO MSCCL: Parsing algorithm /home1/09168/ldai1/ccl-build/msccl_tools_lyd/examples/xml/xml_lyd/basic_msccl/allreduce_basic_binary_tree_64gpus_1tree.xml
c198-031:3292:3345 [2] NCCL INFO Channel 00/0 : 26[82000] -> 28[2000] [send] via NET/IB/0
c198-032:29491:29550 [0] NCCL INFO Channel 01/0 : 28[2000] -> 60[2000] [send] via NET/IB/0
c198-041:16674:16732 [0] NCCL INFO Channel 00/0 : 32[2000] -> 0[2000] [send] via NET/IB/0
c198-032:29493:29547 [2] NCCL INFO Parsed MSCCL Algorithm /home1/09168/ldai1/ccl-build/msccl_tools_lyd/examples/xml/xml_lyd/basic_msccl/allreduce_basic_binary_tree_64gpus_1tree.xml successfully.
c198-062:6471:6530 [0] NCCL INFO Channel 01/0 : 52[2000] -> 48[2000] [send] via NET/IB/0
c198-021:2876:2935 [0] NCCL INFO Channel 00/0 : 24[2000] -> 16[2000] [receive] via NET/IB/0
c198-022:4154:4215 [0] NCCL INFO Channel 01/0 : 20[2000] -> 16[2000] [send] via NET/IB/0
c198-052:27596:27649 [0] NCCL INFO Channel 01/0 : 44[2000] -> 36[2000] [send] via NET/IB/0
c198-072:2314:2376 [0] NCCL INFO Channel 00/0 : 60[2000] -> 56[2000] [send] via NET/IB/0
c198-032:29491:29550 [0] NCCL INFO Channel 01/0 : 28[2000] -> 12[2000] [send] via NET/IB/0
c196-042:5903:5958 [0] NCCL INFO Channel 01/0 : 4[2000] -> 0[2000] [receive] via NET/IB/0
c198-041:16674:16732 [0] NCCL INFO Channel 00/0 : 48[2000] -> 32[2000] [receive] via NET/IB/0
c198-031:3290:3349 [0] NCCL INFO Channel 00/0 : 28[2000] -> 24[2000] [receive] via NET/IB/0
c198-021:2876:2935 [0] NCCL INFO Channel 01/0 : 20[2000] -> 16[2000] [receive] via NET/IB/0
c198-052:27596:27649 [0] NCCL INFO Channel 00/0 : 44[2000] -> 40[2000] [send] via NET/IB/0
c198-042:18786:18845 [0] NCCL INFO Channel 00/0 : 41[3000] -> 36[2000] [receive] via NET/IB/0
c198-052:27596:27649 [0] NCCL INFO Connected all trees
c198-052:27596:27649 [0] NCCL INFO MSCCL_XML_FILES set by environment to /home1/09168/ldai1/ccl-build/msccl_tools_lyd/examples/xml/xml_lyd/basic_msccl/allreduce_basic_binary_tree_64gpus_1tree.xml
c198-052:27596:27649 [0] NCCL INFO MSCCL: Parsing algorithm /home1/09168/ldai1/ccl-build/msccl_tools_lyd/examples/xml/xml_lyd/basic_msccl/allreduce_basic_binary_tree_64gpus_1tree.xml
c198-021:2876:2935 [0] NCCL INFO Connected all trees
c198-021:2876:2935 [0] NCCL INFO MSCCL_XML_FILES set by environment to /home1/09168/ldai1/ccl-build/msccl_tools_lyd/examples/xml/xml_lyd/basic_msccl/allreduce_basic_binary_tree_64gpus_1tree.xml
c198-021:2876:2935 [0] NCCL INFO MSCCL: Parsing algorithm /home1/09168/ldai1/ccl-build/msccl_tools_lyd/examples/xml/xml_lyd/basic_msccl/allreduce_basic_binary_tree_64gpus_1tree.xml
c198-052:27597:27651 [1] NCCL INFO Connected all trees
c198-052:27597:27651 [1] NCCL INFO MSCCL_XML_FILES set by environment to /home1/09168/ldai1/ccl-build/msccl_tools_lyd/examples/xml/xml_lyd/basic_msccl/allreduce_basic_binary_tree_64gpus_1tree.xml
c198-052:27597:27651 [1] NCCL INFO MSCCL: Parsing algorithm /home1/09168/ldai1/ccl-build/msccl_tools_lyd/examples/xml/xml_lyd/basic_msccl/allreduce_basic_binary_tree_64gpus_1tree.xml
c198-051:29722:29780 [1] NCCL INFO Channel 00 : 41[3000] -> 40[2000] via direct shared memory
c198-051:29722:29780 [1] NCCL INFO Channel 01 : 41[3000] -> 40[2000] via direct shared memory
c198-052:27596:27649 [0] NCCL INFO Parsed MSCCL Algorithm /home1/09168/ldai1/ccl-build/msccl_tools_lyd/examples/xml/xml_lyd/basic_msccl/allreduce_basic_binary_tree_64gpus_1tree.xml successfully.
c198-021:2877:2936 [1] NCCL INFO Connected all trees
c198-021:2877:2936 [1] NCCL INFO MSCCL_XML_FILES set by environment to /home1/09168/ldai1/ccl-build/msccl_tools_lyd/examples/xml/xml_lyd/basic_msccl/allreduce_basic_binary_tree_64gpus_1tree.xml
c198-021:2877:2936 [1] NCCL INFO MSCCL: Parsing algorithm /home1/09168/ldai1/ccl-build/msccl_tools_lyd/examples/xml/xml_lyd/basic_msccl/allreduce_basic_binary_tree_64gpus_1tree.xml
c198-051:29723:29776 [2] NCCL INFO Connected all trees
c198-051:29723:29776 [2] NCCL INFO MSCCL_XML_FILES set by environment to /home1/09168/ldai1/ccl-build/msccl_tools_lyd/examples/xml/xml_lyd/basic_msccl/allreduce_basic_binary_tree_64gpus_1tree.xml
c198-051:29723:29776 [2] NCCL INFO MSCCL: Parsing algorithm /home1/09168/ldai1/ccl-build/msccl_tools_lyd/examples/xml/xml_lyd/basic_msccl/allreduce_basic_binary_tree_64gpus_1tree.xml
c198-021:2876:2935 [0] NCCL INFO Parsed MSCCL Algorithm /home1/09168/ldai1/ccl-build/msccl_tools_lyd/examples/xml/xml_lyd/basic_msccl/allreduce_basic_binary_tree_64gpus_1tree.xml successfully.
c198-052:27597:27651 [1] NCCL INFO Parsed MSCCL Algorithm /home1/09168/ldai1/ccl-build/msccl_tools_lyd/examples/xml/xml_lyd/basic_msccl/allreduce_basic_binary_tree_64gpus_1tree.xml successfully.
c198-052:27597:27651 [1] NCCL INFO Connected 1 MSCCL algorithms
c198-052:27597:27651 [1] NCCL INFO NCCL_PROTO set by environment to Simple
c198-052:27597:27651 [1] NCCL INFO NCCL_ALGO set by environment to MSCCL,TREE,RING
c198-052:27597:27651 [1] NCCL INFO threadThresholds 8/8/64 | 512/8/64 | 8/8/64 | 8/8/512
c198-052:27597:27651 [1] NCCL INFO 2 coll channels, 2 p2p channels, 2 p2p channels per peer
c198-012:23269:23328 [0] NCCL INFO Channel 01/0 : 12[2000] -> 4[2000] [send] via NET/IB/0
c198-021:2877:2936 [1] NCCL INFO Parsed MSCCL Algorithm /home1/09168/ldai1/ccl-build/msccl_tools_lyd/examples/xml/xml_lyd/basic_msccl/allreduce_basic_binary_tree_64gpus_1tree.xml successfully.
c198-021:2877:2936 [1] NCCL INFO Connected 1 MSCCL algorithms
c198-021:2877:2936 [1] NCCL INFO NCCL_PROTO set by environment to Simple
c198-021:2877:2936 [1] NCCL INFO NCCL_ALGO set by environment to MSCCL,TREE,RING
c198-021:2877:2936 [1] NCCL INFO threadThresholds 8/8/64 | 512/8/64 | 8/8/64 | 8/8/512
c198-021:2877:2936 [1] NCCL INFO 2 coll channels, 2 p2p channels, 2 p2p channels per peer
