TACC:  Starting up job 6212725 
TACC:  Starting parallel tasks... 
# nThread 1 nGpus 1 minBytes 65536 maxBytes 268435456 step: 2(factor) warmup iters: 5 iters: 60 agg iters: 1 validation: 1 graph: 0
#
# Using devices
#  Rank  0 Group  0 Pid   6428 on   c196-042 device  0 [0x02] Quadro RTX 5000
#  Rank  1 Group  0 Pid   6429 on   c196-042 device  1 [0x03] Quadro RTX 5000
#  Rank  2 Group  0 Pid   6430 on   c196-042 device  2 [0x82] Quadro RTX 5000
#  Rank  3 Group  0 Pid   6431 on   c196-042 device  3 [0x83] Quadro RTX 5000
#  Rank  4 Group  0 Pid  23049 on   c196-051 device  0 [0x02] Quadro RTX 5000
#  Rank  5 Group  0 Pid  23050 on   c196-051 device  1 [0x03] Quadro RTX 5000
#  Rank  6 Group  0 Pid  23051 on   c196-051 device  2 [0x82] Quadro RTX 5000
#  Rank  7 Group  0 Pid  23052 on   c196-051 device  3 [0x83] Quadro RTX 5000
#  Rank  8 Group  0 Pid  26535 on   c198-011 device  0 [0x02] Quadro RTX 5000
#  Rank  9 Group  0 Pid  26536 on   c198-011 device  1 [0x03] Quadro RTX 5000
#  Rank 10 Group  0 Pid  26537 on   c198-011 device  2 [0x82] Quadro RTX 5000
#  Rank 11 Group  0 Pid  26538 on   c198-011 device  3 [0x83] Quadro RTX 5000
#  Rank 12 Group  0 Pid  23592 on   c198-012 device  0 [0x02] Quadro RTX 5000
#  Rank 13 Group  0 Pid  23593 on   c198-012 device  1 [0x03] Quadro RTX 5000
#  Rank 14 Group  0 Pid  23594 on   c198-012 device  2 [0x82] Quadro RTX 5000
#  Rank 15 Group  0 Pid  23595 on   c198-012 device  3 [0x83] Quadro RTX 5000
#  Rank 16 Group  0 Pid   3205 on   c198-021 device  0 [0x02] Quadro RTX 5000
#  Rank 17 Group  0 Pid   3206 on   c198-021 device  1 [0x03] Quadro RTX 5000
#  Rank 18 Group  0 Pid   3207 on   c198-021 device  2 [0x82] Quadro RTX 5000
#  Rank 19 Group  0 Pid   3208 on   c198-021 device  3 [0x83] Quadro RTX 5000
#  Rank 20 Group  0 Pid   4643 on   c198-022 device  0 [0x02] Quadro RTX 5000
#  Rank 21 Group  0 Pid   4644 on   c198-022 device  1 [0x03] Quadro RTX 5000
#  Rank 22 Group  0 Pid   4645 on   c198-022 device  2 [0x82] Quadro RTX 5000
#  Rank 23 Group  0 Pid   4646 on   c198-022 device  3 [0x83] Quadro RTX 5000
#  Rank 24 Group  0 Pid   3614 on   c198-031 device  0 [0x02] Quadro RTX 5000
#  Rank 25 Group  0 Pid   3615 on   c198-031 device  1 [0x03] Quadro RTX 5000
#  Rank 26 Group  0 Pid   3616 on   c198-031 device  2 [0x82] Quadro RTX 5000
#  Rank 27 Group  0 Pid   3617 on   c198-031 device  3 [0x83] Quadro RTX 5000
#  Rank 28 Group  0 Pid  29815 on   c198-032 device  0 [0x02] Quadro RTX 5000
#  Rank 29 Group  0 Pid  29816 on   c198-032 device  1 [0x03] Quadro RTX 5000
#  Rank 30 Group  0 Pid  29817 on   c198-032 device  2 [0x82] Quadro RTX 5000
#  Rank 31 Group  0 Pid  29818 on   c198-032 device  3 [0x83] Quadro RTX 5000
#  Rank 32 Group  0 Pid  17000 on   c198-041 device  0 [0x02] Quadro RTX 5000
#  Rank 33 Group  0 Pid  17001 on   c198-041 device  1 [0x03] Quadro RTX 5000
#  Rank 34 Group  0 Pid  17002 on   c198-041 device  2 [0x82] Quadro RTX 5000
#  Rank 35 Group  0 Pid  17003 on   c198-041 device  3 [0x83] Quadro RTX 5000
#  Rank 36 Group  0 Pid  19112 on   c198-042 device  0 [0x02] Quadro RTX 5000
#  Rank 37 Group  0 Pid  19113 on   c198-042 device  1 [0x03] Quadro RTX 5000
#  Rank 38 Group  0 Pid  19114 on   c198-042 device  2 [0x82] Quadro RTX 5000
#  Rank 39 Group  0 Pid  19115 on   c198-042 device  3 [0x83] Quadro RTX 5000
#  Rank 40 Group  0 Pid  30045 on   c198-051 device  0 [0x02] Quadro RTX 5000
#  Rank 41 Group  0 Pid  30046 on   c198-051 device  1 [0x03] Quadro RTX 5000
#  Rank 42 Group  0 Pid  30047 on   c198-051 device  2 [0x82] Quadro RTX 5000
#  Rank 43 Group  0 Pid  30048 on   c198-051 device  3 [0x83] Quadro RTX 5000
#  Rank 44 Group  0 Pid  27918 on   c198-052 device  0 [0x02] Quadro RTX 5000
#  Rank 45 Group  0 Pid  27919 on   c198-052 device  1 [0x03] Quadro RTX 5000
#  Rank 46 Group  0 Pid  27920 on   c198-052 device  2 [0x82] Quadro RTX 5000
#  Rank 47 Group  0 Pid  27921 on   c198-052 device  3 [0x83] Quadro RTX 5000
#  Rank 48 Group  0 Pid  20498 on   c198-061 device  0 [0x02] Quadro RTX 5000
#  Rank 49 Group  0 Pid  20499 on   c198-061 device  1 [0x03] Quadro RTX 5000
#  Rank 50 Group  0 Pid  20500 on   c198-061 device  2 [0x82] Quadro RTX 5000
#  Rank 51 Group  0 Pid  20501 on   c198-061 device  3 [0x83] Quadro RTX 5000
#  Rank 52 Group  0 Pid   6797 on   c198-062 device  0 [0x02] Quadro RTX 5000
#  Rank 53 Group  0 Pid   6798 on   c198-062 device  1 [0x03] Quadro RTX 5000
#  Rank 54 Group  0 Pid   6799 on   c198-062 device  2 [0x82] Quadro RTX 5000
#  Rank 55 Group  0 Pid   6800 on   c198-062 device  3 [0x83] Quadro RTX 5000
#  Rank 56 Group  0 Pid   9294 on   c198-071 device  0 [0x02] Quadro RTX 5000
#  Rank 57 Group  0 Pid   9295 on   c198-071 device  1 [0x03] Quadro RTX 5000
#  Rank 58 Group  0 Pid   9296 on   c198-071 device  2 [0x82] Quadro RTX 5000
#  Rank 59 Group  0 Pid   9297 on   c198-071 device  3 [0x83] Quadro RTX 5000
#  Rank 60 Group  0 Pid   2809 on   c198-072 device  0 [0x02] Quadro RTX 5000
#  Rank 61 Group  0 Pid   2810 on   c198-072 device  1 [0x03] Quadro RTX 5000
#  Rank 62 Group  0 Pid   2811 on   c198-072 device  2 [0x82] Quadro RTX 5000
#  Rank 63 Group  0 Pid   2812 on   c198-072 device  3 [0x83] Quadro RTX 5000
The MSCCL XML file exists: /home1/09168/ldai1/ccl-build/msccl_tools_lyd/examples/xml/xml_lyd/basic_msccl/allreduce_basic_ring_64gpus.xml
c196-042:6428:6428 [0] NCCL INFO Bootstrap : Using ib0:192.168.44.108<0>
c196-042:6428:6428 [0] NCCL INFO NET/Plugin : No plugin found (libnccl-net.so), using internal implementation
c196-042:6428:6428 [0] NCCL INFO NET/IB : Using [0]mlx4_0:1/IB [RO]; OOB ib0:192.168.44.108<0>
c196-042:6428:6428 [0] NCCL INFO Using network IB
NCCL version 2.12.12.MSCCL.0.7.4+cuda11.3
c196-042:6430:6430 [2] NCCL INFO Bootstrap : Using ib0:192.168.44.108<0>
c196-042:6430:6430 [2] NCCL INFO NET/Plugin : No plugin found (libnccl-net.so), using internal implementation
c196-042:6431:6431 [3] NCCL INFO Bootstrap : Using ib0:192.168.44.108<0>
c196-042:6431:6431 [3] NCCL INFO NET/Plugin : No plugin found (libnccl-net.so), using internal implementation
c196-042:6431:6431 [3] NCCL INFO NET/IB : Using [0]mlx4_0:1/IB [RO]; OOB ib0:192.168.44.108<0>
c196-042:6431:6431 [3] NCCL INFO Using network IB
c196-042:6430:6430 [2] NCCL INFO NET/IB : Using [0]mlx4_0:1/IB [RO]; OOB ib0:192.168.44.108<0>
c196-042:6430:6430 [2] NCCL INFO Using network IB
c196-042:6429:6429 [1] NCCL INFO Bootstrap : Using ib0:192.168.44.108<0>
c196-042:6429:6429 [1] NCCL INFO NET/Plugin : No plugin found (libnccl-net.so), using internal implementation
c196-042:6429:6429 [1] NCCL INFO NET/IB : Using [0]mlx4_0:1/IB [RO]; OOB ib0:192.168.44.108<0>
c196-042:6429:6429 [1] NCCL INFO Using network IB
c198-042:19113:19113 [1] NCCL INFO Bootstrap : Using ib0:192.168.44.152<0>
c198-042:19113:19113 [1] NCCL INFO NET/Plugin : No plugin found (libnccl-net.so), using internal implementation
c198-042:19113:19113 [1] NCCL INFO NET/IB : Using [0]mlx4_0:1/IB [RO]; OOB ib0:192.168.44.152<0>
c198-042:19113:19113 [1] NCCL INFO Using network IB
c198-042:19112:19112 [0] NCCL INFO Bootstrap : Using ib0:192.168.44.152<0>
c198-042:19112:19112 [0] NCCL INFO NET/Plugin : No plugin found (libnccl-net.so), using internal implementation
c198-042:19112:19112 [0] NCCL INFO NET/IB : Using [0]mlx4_0:1/IB [RO]; OOB ib0:192.168.44.152<0>
c198-042:19112:19112 [0] NCCL INFO Using network IB
c198-022:4646:4646 [3] NCCL INFO Bootstrap : Using ib0:192.168.44.148<0>
c198-022:4646:4646 [3] NCCL INFO NET/Plugin : No plugin found (libnccl-net.so), using internal implementation
c198-022:4646:4646 [3] NCCL INFO NET/IB : Using [0]mlx4_0:1/IB [RO]; OOB ib0:192.168.44.148<0>
c198-022:4646:4646 [3] NCCL INFO Using network IB
c198-042:19114:19114 [2] NCCL INFO Bootstrap : Using ib0:192.168.44.152<0>
c198-042:19114:19114 [2] NCCL INFO NET/Plugin : No plugin found (libnccl-net.so), using internal implementation
c198-042:19114:19114 [2] NCCL INFO NET/IB : Using [0]mlx4_0:1/IB [RO]; OOB ib0:192.168.44.152<0>
c198-042:19114:19114 [2] NCCL INFO Using network IB
c198-021:3205:3205 [0] NCCL INFO Bootstrap : Using ib0:192.168.44.147<0>
c198-021:3206:3206 [1] NCCL INFO Bootstrap : Using ib0:192.168.44.147<0>
c198-021:3207:3207 [2] NCCL INFO Bootstrap : Using ib0:192.168.44.147<0>
c198-021:3208:3208 [3] NCCL INFO Bootstrap : Using ib0:192.168.44.147<0>
c198-021:3205:3205 [0] NCCL INFO NET/Plugin : No plugin found (libnccl-net.so), using internal implementation
c198-021:3206:3206 [1] NCCL INFO NET/Plugin : No plugin found (libnccl-net.so), using internal implementation
c198-021:3207:3207 [2] NCCL INFO NET/Plugin : No plugin found (libnccl-net.so), using internal implementation
c198-021:3208:3208 [3] NCCL INFO NET/Plugin : No plugin found (libnccl-net.so), using internal implementation
c198-042:19115:19115 [3] NCCL INFO Bootstrap : Using ib0:192.168.44.152<0>
c198-042:19115:19115 [3] NCCL INFO NET/Plugin : No plugin found (libnccl-net.so), using internal implementation
c196-051:23051:23051 [2] NCCL INFO Bootstrap : Using ib0:192.168.44.109<0>
c196-051:23052:23052 [3] NCCL INFO Bootstrap : Using ib0:192.168.44.109<0>
c196-051:23051:23051 [2] NCCL INFO NET/Plugin : No plugin found (libnccl-net.so), using internal implementation
c196-051:23052:23052 [3] NCCL INFO NET/Plugin : No plugin found (libnccl-net.so), using internal implementation
c198-071:9296:9296 [2] NCCL INFO Bootstrap : Using ib0:192.168.44.157<0>
c198-052:27920:27920 [2] NCCL INFO Bootstrap : Using ib0:192.168.44.154<0>
c198-052:27921:27921 [3] NCCL INFO Bootstrap : Using ib0:192.168.44.154<0>
c198-071:9296:9296 [2] NCCL INFO NET/Plugin : No plugin found (libnccl-net.so), using internal implementation
c198-052:27920:27920 [2] NCCL INFO NET/Plugin : No plugin found (libnccl-net.so), using internal implementation
c198-052:27921:27921 [3] NCCL INFO NET/Plugin : No plugin found (libnccl-net.so), using internal implementation
c198-042:19115:19115 [3] NCCL INFO NET/IB : Using [0]mlx4_0:1/IB [RO]; OOB ib0:192.168.44.152<0>
c198-042:19115:19115 [3] NCCL INFO Using network IB
c198-041:17002:17002 [2] NCCL INFO Bootstrap : Using ib0:192.168.44.151<0>
c198-041:17003:17003 [3] NCCL INFO Bootstrap : Using ib0:192.168.44.151<0>
c198-041:17002:17002 [2] NCCL INFO NET/Plugin : No plugin found (libnccl-net.so), using internal implementation
c198-041:17003:17003 [3] NCCL INFO NET/Plugin : No plugin found (libnccl-net.so), using internal implementation
c196-051:23051:23051 [2] NCCL INFO NET/IB : Using [0]mlx4_0:1/IB [RO]; OOB ib0:192.168.44.109<0>
c196-051:23051:23051 [2] NCCL INFO Using network IB
c196-051:23052:23052 [3] NCCL INFO NET/IB : Using [0]mlx4_0:1/IB [RO]; OOB ib0:192.168.44.109<0>
c196-051:23052:23052 [3] NCCL INFO Using network IB
c198-071:9296:9296 [2] NCCL INFO NET/IB : Using [0]mlx4_0:1/IB [RO]; OOB ib0:192.168.44.157<0>
c198-071:9296:9296 [2] NCCL INFO Using network IB
c198-071:9297:9297 [3] NCCL INFO Bootstrap : Using ib0:192.168.44.157<0>
c198-021:3205:3205 [0] NCCL INFO NET/IB : Using [0]mlx4_0:1/IB [RO]; OOB ib0:192.168.44.147<0>
c198-021:3205:3205 [0] NCCL INFO Using network IB
c198-071:9297:9297 [3] NCCL INFO NET/Plugin : No plugin found (libnccl-net.so), using internal implementation
c198-021:3206:3206 [1] NCCL INFO NET/IB : Using [0]mlx4_0:1/IB [RO]; OOB ib0:192.168.44.147<0>
c198-021:3206:3206 [1] NCCL INFO Using network IB
c198-021:3207:3207 [2] NCCL INFO NET/IB : Using [0]mlx4_0:1/IB [RO]; OOB ib0:192.168.44.147<0>
c198-021:3207:3207 [2] NCCL INFO Using network IB
c198-021:3208:3208 [3] NCCL INFO NET/IB : Using [0]mlx4_0:1/IB [RO]; OOB ib0:192.168.44.147<0>
c198-021:3208:3208 [3] NCCL INFO Using network IB
c198-051:30046:30046 [1] NCCL INFO Bootstrap : Using ib0:192.168.44.153<0>
c198-051:30047:30047 [2] NCCL INFO Bootstrap : Using ib0:192.168.44.153<0>
c198-051:30048:30048 [3] NCCL INFO Bootstrap : Using ib0:192.168.44.153<0>
c198-051:30046:30046 [1] NCCL INFO NET/Plugin : No plugin found (libnccl-net.so), using internal implementation
c198-051:30047:30047 [2] NCCL INFO NET/Plugin : No plugin found (libnccl-net.so), using internal implementation
c198-051:30048:30048 [3] NCCL INFO NET/Plugin : No plugin found (libnccl-net.so), using internal implementation
c198-041:17002:17002 [2] NCCL INFO NET/IB : Using [0]mlx4_0:1/IB [RO]; OOB ib0:192.168.44.151<0>
c198-041:17002:17002 [2] NCCL INFO Using network IB
c198-041:17003:17003 [3] NCCL INFO NET/IB : Using [0]mlx4_0:1/IB [RO]; OOB ib0:192.168.44.151<0>
c198-041:17003:17003 [3] NCCL INFO Using network IB
c198-072:2810:2810 [1] NCCL INFO Bootstrap : Using ib0:192.168.44.158<0>
c196-051:23050:23050 [1] NCCL INFO Bootstrap : Using ib0:192.168.44.109<0>
c198-052:27918:27918 [0] NCCL INFO Bootstrap : Using ib0:192.168.44.154<0>
c198-071:9295:9295 [1] NCCL INFO Bootstrap : Using ib0:192.168.44.157<0>
c198-072:2811:2811 [2] NCCL INFO Bootstrap : Using ib0:192.168.44.158<0>
c198-052:27919:27919 [1] NCCL INFO Bootstrap : Using ib0:192.168.44.154<0>
c198-072:2812:2812 [3] NCCL INFO Bootstrap : Using ib0:192.168.44.158<0>
c198-052:27918:27918 [0] NCCL INFO NET/Plugin : No plugin found (libnccl-net.so), using internal implementation
c198-072:2810:2810 [1] NCCL INFO NET/Plugin : No plugin found (libnccl-net.so), using internal implementation
c198-052:27919:27919 [1] NCCL INFO NET/Plugin : No plugin found (libnccl-net.so), using internal implementation
c198-072:2811:2811 [2] NCCL INFO NET/Plugin : No plugin found (libnccl-net.so), using internal implementation
c196-051:23050:23050 [1] NCCL INFO NET/Plugin : No plugin found (libnccl-net.so), using internal implementation
c198-071:9295:9295 [1] NCCL INFO NET/Plugin : No plugin found (libnccl-net.so), using internal implementation
c198-072:2812:2812 [3] NCCL INFO NET/Plugin : No plugin found (libnccl-net.so), using internal implementation
c198-071:9297:9297 [3] NCCL INFO NET/IB : Using [0]mlx4_0:1/IB [RO]; OOB ib0:192.168.44.157<0>
c198-071:9297:9297 [3] NCCL INFO Using network IB
c198-052:27920:27920 [2] NCCL INFO NET/IB : Using [0]mlx4_0:1/IB [RO]; OOB ib0:192.168.44.154<0>
c198-052:27920:27920 [2] NCCL INFO Using network IB
c198-052:27921:27921 [3] NCCL INFO NET/IB : Using [0]mlx4_0:1/IB [RO]; OOB ib0:192.168.44.154<0>
c198-052:27921:27921 [3] NCCL INFO Using network IB
c198-061:20500:20500 [2] NCCL INFO Bootstrap : Using ib0:192.168.44.155<0>
c198-071:9294:9294 [0] NCCL INFO Bootstrap : Using ib0:192.168.44.157<0>
c198-061:20501:20501 [3] NCCL INFO Bootstrap : Using ib0:192.168.44.155<0>
c198-071:9294:9294 [0] NCCL INFO NET/Plugin : No plugin found (libnccl-net.so), using internal implementation
c198-061:20500:20500 [2] NCCL INFO NET/Plugin : No plugin found (libnccl-net.so), using internal implementation
c198-061:20501:20501 [3] NCCL INFO NET/Plugin : No plugin found (libnccl-net.so), using internal implementation
c198-052:27919:27919 [1] NCCL INFO NET/IB : Using [0]mlx4_0:1/IB [RO]; OOB ib0:192.168.44.154<0>
c198-052:27919:27919 [1] NCCL INFO Using network IB
c198-052:27918:27918 [0] NCCL INFO NET/IB : Using [0]mlx4_0:1/IB [RO]; OOB ib0:192.168.44.154<0>
c198-052:27918:27918 [0] NCCL INFO Using network IB
c198-071:9295:9295 [1] NCCL INFO NET/IB : Using [0]mlx4_0:1/IB [RO]; OOB ib0:192.168.44.157<0>
c198-071:9295:9295 [1] NCCL INFO Using network IB
c198-071:9294:9294 [0] NCCL INFO NET/IB : Using [0]mlx4_0:1/IB [RO]; OOB ib0:192.168.44.157<0>
c198-071:9294:9294 [0] NCCL INFO Using network IB
c196-051:23049:23049 [0] NCCL INFO Bootstrap : Using ib0:192.168.44.109<0>
c196-051:23049:23049 [0] NCCL INFO NET/Plugin : No plugin found (libnccl-net.so), using internal implementation
c198-041:17000:17000 [0] NCCL INFO Bootstrap : Using ib0:192.168.44.151<0>
c198-041:17000:17000 [0] NCCL INFO NET/Plugin : No plugin found (libnccl-net.so), using internal implementation
c196-051:23050:23050 [1] NCCL INFO NET/IB : Using [0]mlx4_0:1/IB [RO]; OOB ib0:192.168.44.109<0>
c196-051:23050:23050 [1] NCCL INFO Using network IB
c198-031:3615:3615 [1] NCCL INFO Bootstrap : Using ib0:192.168.44.149<0>
c198-031:3616:3616 [2] NCCL INFO Bootstrap : Using ib0:192.168.44.149<0>
c198-031:3617:3617 [3] NCCL INFO Bootstrap : Using ib0:192.168.44.149<0>
c198-031:3614:3614 [0] NCCL INFO Bootstrap : Using ib0:192.168.44.149<0>
c198-031:3614:3614 [0] NCCL INFO NET/Plugin : No plugin found (libnccl-net.so), using internal implementation
c198-031:3615:3615 [1] NCCL INFO NET/Plugin : No plugin found (libnccl-net.so), using internal implementation
c198-031:3616:3616 [2] NCCL INFO NET/Plugin : No plugin found (libnccl-net.so), using internal implementation
c198-031:3617:3617 [3] NCCL INFO NET/Plugin : No plugin found (libnccl-net.so), using internal implementation
c196-051:23049:23049 [0] NCCL INFO NET/IB : Using [0]mlx4_0:1/IB [RO]; OOB ib0:192.168.44.109<0>
c196-051:23049:23049 [0] NCCL INFO Using network IB
c198-032:29818:29818 [3] NCCL INFO Bootstrap : Using ib0:192.168.44.150<0>
c198-032:29817:29817 [2] NCCL INFO Bootstrap : Using ib0:192.168.44.150<0>
c198-072:2809:2809 [0] NCCL INFO Bootstrap : Using ib0:192.168.44.158<0>
c198-032:29817:29817 [2] NCCL INFO NET/Plugin : No plugin found (libnccl-net.so), using internal implementation
c198-051:30045:30045 [0] NCCL INFO Bootstrap : Using ib0:192.168.44.153<0>
c198-032:29818:29818 [3] NCCL INFO NET/Plugin : No plugin found (libnccl-net.so), using internal implementation
c198-072:2809:2809 [0] NCCL INFO NET/Plugin : No plugin found (libnccl-net.so), using internal implementation
c198-051:30045:30045 [0] NCCL INFO NET/Plugin : No plugin found (libnccl-net.so), using internal implementation
c198-041:17000:17000 [0] NCCL INFO NET/IB : Using [0]mlx4_0:1/IB [RO]; OOB ib0:192.168.44.151<0>
c198-041:17000:17000 [0] NCCL INFO Using network IB
c198-072:2810:2810 [1] NCCL INFO NET/IB : Using [0]mlx4_0:1/IB [RO]; OOB ib0:192.168.44.158<0>
c198-072:2810:2810 [1] NCCL INFO Using network IB
c198-072:2811:2811 [2] NCCL INFO NET/IB : Using [0]mlx4_0:1/IB [RO]; OOB ib0:192.168.44.158<0>
c198-072:2811:2811 [2] NCCL INFO Using network IB
c198-072:2812:2812 [3] NCCL INFO NET/IB : Using [0]mlx4_0:1/IB [RO]; OOB ib0:192.168.44.158<0>
c198-072:2812:2812 [3] NCCL INFO Using network IB
c198-051:30048:30048 [3] NCCL INFO NET/IB : Using [0]mlx4_0:1/IB [RO]; OOB ib0:192.168.44.153<0>
c198-051:30048:30048 [3] NCCL INFO Using network IB
c198-051:30046:30046 [1] NCCL INFO NET/IB : Using [0]mlx4_0:1/IB [RO]; OOB ib0:192.168.44.153<0>
c198-051:30047:30047 [2] NCCL INFO NET/IB : Using [0]mlx4_0:1/IB [RO]; OOB ib0:192.168.44.153<0>
c198-051:30047:30047 [2] NCCL INFO Using network IB
c198-051:30046:30046 [1] NCCL INFO Using network IB
c198-051:30045:30045 [0] NCCL INFO NET/IB : Using [0]mlx4_0:1/IB [RO]; OOB ib0:192.168.44.153<0>
c198-051:30045:30045 [0] NCCL INFO Using network IB
c198-072:2809:2809 [0] NCCL INFO NET/IB : Using [0]mlx4_0:1/IB [RO]; OOB ib0:192.168.44.158<0>
c198-072:2809:2809 [0] NCCL INFO Using network IB
c198-061:20501:20501 [3] NCCL INFO NET/IB : Using [0]mlx4_0:1/IB [RO]; OOB ib0:192.168.44.155<0>
c198-061:20501:20501 [3] NCCL INFO Using network IB
c198-061:20500:20500 [2] NCCL INFO NET/IB : Using [0]mlx4_0:1/IB [RO]; OOB ib0:192.168.44.155<0>
c198-061:20500:20500 [2] NCCL INFO Using network IB
c198-061:20498:20498 [0] NCCL INFO Bootstrap : Using ib0:192.168.44.155<0>
c198-061:20499:20499 [1] NCCL INFO Bootstrap : Using ib0:192.168.44.155<0>
c198-061:20498:20498 [0] NCCL INFO NET/Plugin : No plugin found (libnccl-net.so), using internal implementation
c198-061:20499:20499 [1] NCCL INFO NET/Plugin : No plugin found (libnccl-net.so), using internal implementation
c198-012:23592:23592 [0] NCCL INFO Bootstrap : Using ib0:192.168.44.146<0>
c198-041:17001:17001 [1] NCCL INFO Bootstrap : Using ib0:192.168.44.151<0>
c198-012:23595:23595 [3] NCCL INFO Bootstrap : Using ib0:192.168.44.146<0>
c198-041:17001:17001 [1] NCCL INFO NET/Plugin : No plugin found (libnccl-net.so), using internal implementation
c198-012:23593:23593 [1] NCCL INFO Bootstrap : Using ib0:192.168.44.146<0>
c198-012:23594:23594 [2] NCCL INFO Bootstrap : Using ib0:192.168.44.146<0>
c198-012:23594:23594 [2] NCCL INFO NET/Plugin : No plugin found (libnccl-net.so), using internal implementation
c198-012:23595:23595 [3] NCCL INFO NET/Plugin : No plugin found (libnccl-net.so), using internal implementation
c198-012:23592:23592 [0] NCCL INFO NET/Plugin : No plugin found (libnccl-net.so), using internal implementation
c198-032:29817:29817 [2] NCCL INFO NET/IB : Using [0]mlx4_0:1/IB [RO]; OOB ib0:192.168.44.150<0>
c198-032:29817:29817 [2] NCCL INFO Using network IB
c198-012:23593:23593 [1] NCCL INFO NET/Plugin : No plugin found (libnccl-net.so), using internal implementation
c198-032:29818:29818 [3] NCCL INFO NET/IB : Using [0]mlx4_0:1/IB [RO]; OOB ib0:192.168.44.150<0>
c198-032:29818:29818 [3] NCCL INFO Using network IB
c198-032:29815:29815 [0] NCCL INFO Bootstrap : Using ib0:192.168.44.150<0>
c198-032:29815:29815 [0] NCCL INFO NET/Plugin : No plugin found (libnccl-net.so), using internal implementation
c198-041:17001:17001 [1] NCCL INFO NET/IB : Using [0]mlx4_0:1/IB [RO]; OOB ib0:192.168.44.151<0>
c198-041:17001:17001 [1] NCCL INFO Using network IB
c198-032:29815:29815 [0] NCCL INFO NET/IB : Using [0]mlx4_0:1/IB [RO]; OOB ib0:192.168.44.150<0>
c198-032:29815:29815 [0] NCCL INFO Using network IB
c198-022:4645:4645 [2] NCCL INFO Bootstrap : Using ib0:192.168.44.148<0>
c198-022:4644:4644 [1] NCCL INFO Bootstrap : Using ib0:192.168.44.148<0>
c198-022:4645:4645 [2] NCCL INFO NET/Plugin : No plugin found (libnccl-net.so), using internal implementation
c198-022:4644:4644 [1] NCCL INFO NET/Plugin : No plugin found (libnccl-net.so), using internal implementation
c198-031:3616:3616 [2] NCCL INFO NET/IB : Using [0]mlx4_0:1/IB [RO]; OOB ib0:192.168.44.149<0>
c198-031:3616:3616 [2] NCCL INFO Using network IB
c198-031:3617:3617 [3] NCCL INFO NET/IB : Using [0]mlx4_0:1/IB [RO]; OOB ib0:192.168.44.149<0>
c198-031:3617:3617 [3] NCCL INFO Using network IB
c198-061:20498:20498 [0] NCCL INFO NET/IB : Using [0]mlx4_0:1/IB [RO]; OOB ib0:192.168.44.155<0>
c198-061:20498:20498 [0] NCCL INFO Using network IB
c198-061:20499:20499 [1] NCCL INFO NET/IB : Using [0]mlx4_0:1/IB [RO]; OOB ib0:192.168.44.155<0>
c198-061:20499:20499 [1] NCCL INFO Using network IB
c198-031:3614:3614 [0] NCCL INFO NET/IB : Using [0]mlx4_0:1/IB [RO]; OOB ib0:192.168.44.149<0>
c198-031:3614:3614 [0] NCCL INFO Using network IB
c198-031:3615:3615 [1] NCCL INFO NET/IB : Using [0]mlx4_0:1/IB [RO]; OOB ib0:192.168.44.149<0>
c198-031:3615:3615 [1] NCCL INFO Using network IB
c198-022:4644:4644 [1] NCCL INFO NET/IB : Using [0]mlx4_0:1/IB [RO]; OOB ib0:192.168.44.148<0>
c198-022:4644:4644 [1] NCCL INFO Using network IB
c198-022:4645:4645 [2] NCCL INFO NET/IB : Using [0]mlx4_0:1/IB [RO]; OOB ib0:192.168.44.148<0>
c198-022:4645:4645 [2] NCCL INFO Using network IB
c198-062:6799:6799 [2] NCCL INFO Bootstrap : Using ib0:192.168.44.156<0>
c198-062:6800:6800 [3] NCCL INFO Bootstrap : Using ib0:192.168.44.156<0>
c198-062:6799:6799 [2] NCCL INFO NET/Plugin : No plugin found (libnccl-net.so), using internal implementation
c198-062:6800:6800 [3] NCCL INFO NET/Plugin : No plugin found (libnccl-net.so), using internal implementation
c198-012:23594:23594 [2] NCCL INFO NET/IB : Using [0]mlx4_0:1/IB [RO]; OOB ib0:192.168.44.146<0>
c198-012:23594:23594 [2] NCCL INFO Using network IB
c198-012:23595:23595 [3] NCCL INFO NET/IB : Using [0]mlx4_0:1/IB [RO]; OOB ib0:192.168.44.146<0>
c198-012:23595:23595 [3] NCCL INFO Using network IB
c198-012:23593:23593 [1] NCCL INFO NET/IB : Using [0]mlx4_0:1/IB [RO]; OOB ib0:192.168.44.146<0>
c198-012:23593:23593 [1] NCCL INFO Using network IB
c198-012:23592:23592 [0] NCCL INFO NET/IB : Using [0]mlx4_0:1/IB [RO]; OOB ib0:192.168.44.146<0>
c198-012:23592:23592 [0] NCCL INFO Using network IB
c198-032:29816:29816 [1] NCCL INFO Bootstrap : Using ib0:192.168.44.150<0>
c198-032:29816:29816 [1] NCCL INFO NET/Plugin : No plugin found (libnccl-net.so), using internal implementation
c198-032:29816:29816 [1] NCCL INFO NET/IB : Using [0]mlx4_0:1/IB [RO]; OOB ib0:192.168.44.150<0>
c198-032:29816:29816 [1] NCCL INFO Using network IB
c198-062:6799:6799 [2] NCCL INFO NET/IB : Using [0]mlx4_0:1/IB [RO]; OOB ib0:192.168.44.156<0>
c198-062:6799:6799 [2] NCCL INFO Using network IB
c198-062:6798:6798 [1] NCCL INFO Bootstrap : Using ib0:192.168.44.156<0>
c198-062:6797:6797 [0] NCCL INFO Bootstrap : Using ib0:192.168.44.156<0>
c198-062:6797:6797 [0] NCCL INFO NET/Plugin : No plugin found (libnccl-net.so), using internal implementation
c198-062:6798:6798 [1] NCCL INFO NET/Plugin : No plugin found (libnccl-net.so), using internal implementation
c198-062:6800:6800 [3] NCCL INFO NET/IB : Using [0]mlx4_0:1/IB [RO]; OOB ib0:192.168.44.156<0>
c198-062:6800:6800 [3] NCCL INFO Using network IB
c198-062:6797:6797 [0] NCCL INFO NET/IB : Using [0]mlx4_0:1/IB [RO]; OOB ib0:192.168.44.156<0>
c198-062:6797:6797 [0] NCCL INFO Using network IB
c198-062:6798:6798 [1] NCCL INFO NET/IB : Using [0]mlx4_0:1/IB [RO]; OOB ib0:192.168.44.156<0>
c198-062:6798:6798 [1] NCCL INFO Using network IB
c198-022:4643:4643 [0] NCCL INFO Bootstrap : Using ib0:192.168.44.148<0>
c198-022:4643:4643 [0] NCCL INFO NET/Plugin : No plugin found (libnccl-net.so), using internal implementation
c198-022:4643:4643 [0] NCCL INFO NET/IB : Using [0]mlx4_0:1/IB [RO]; OOB ib0:192.168.44.148<0>
c198-022:4643:4643 [0] NCCL INFO Using network IB
c198-011:26538:26538 [3] NCCL INFO Bootstrap : Using ib0:192.168.44.145<0>
c198-011:26538:26538 [3] NCCL INFO NET/Plugin : No plugin found (libnccl-net.so), using internal implementation
c198-011:26537:26537 [2] NCCL INFO Bootstrap : Using ib0:192.168.44.145<0>
c198-011:26537:26537 [2] NCCL INFO NET/Plugin : No plugin found (libnccl-net.so), using internal implementation
c198-011:26536:26536 [1] NCCL INFO Bootstrap : Using ib0:192.168.44.145<0>
c198-011:26536:26536 [1] NCCL INFO NET/Plugin : No plugin found (libnccl-net.so), using internal implementation
c198-011:26538:26538 [3] NCCL INFO NET/IB : Using [0]mlx4_0:1/IB [RO]; OOB ib0:192.168.44.145<0>
c198-011:26538:26538 [3] NCCL INFO Using network IB
c198-011:26537:26537 [2] NCCL INFO NET/IB : Using [0]mlx4_0:1/IB [RO]; OOB ib0:192.168.44.145<0>
c198-011:26537:26537 [2] NCCL INFO Using network IB
c198-011:26536:26536 [1] NCCL INFO NET/IB : Using [0]mlx4_0:1/IB [RO]; OOB ib0:192.168.44.145<0>
c198-011:26536:26536 [1] NCCL INFO Using network IB
c198-011:26535:26535 [0] NCCL INFO Bootstrap : Using ib0:192.168.44.145<0>
c198-011:26535:26535 [0] NCCL INFO NET/Plugin : No plugin found (libnccl-net.so), using internal implementation
c198-011:26535:26535 [0] NCCL INFO NET/IB : Using [0]mlx4_0:1/IB [RO]; OOB ib0:192.168.44.145<0>
c198-011:26535:26535 [0] NCCL INFO Using network IB
c196-042:6428:6480 [0] NCCL INFO Setting affinity for GPU 0 to 0f000f
c198-071:9297:9352 [3] NCCL INFO Setting affinity for GPU 3 to f000f000
c198-021:3208:3263 [3] NCCL INFO Setting affinity for GPU 3 to f000f000
c198-012:23595:23648 [3] NCCL INFO Setting affinity for GPU 3 to f000f000
c198-032:29818:29870 [3] NCCL INFO Setting affinity for GPU 3 to f000f000
c198-061:20501:20552 [3] NCCL INFO Setting affinity for GPU 3 to f000f000
c198-041:17003:17055 [3] NCCL INFO Setting affinity for GPU 3 to f000f000
c198-051:30048:30100 [3] NCCL INFO Setting affinity for GPU 3 to f000f000
c198-022:4646:4698 [3] NCCL INFO Setting affinity for GPU 3 to f000f000
c198-031:3617:3670 [3] NCCL INFO Setting affinity for GPU 3 to f000f000
c198-052:27921:27973 [3] NCCL INFO Setting affinity for GPU 3 to f000f000
c198-062:6800:6852 [3] NCCL INFO Setting affinity for GPU 3 to f000f000
c196-051:23052:23106 [3] NCCL INFO Setting affinity for GPU 3 to f000f000
c198-042:19115:19171 [3] NCCL INFO Setting affinity for GPU 3 to f000f000
c198-072:2812:2870 [3] NCCL INFO Setting affinity for GPU 3 to f000f000
c198-011:26538:26589 [3] NCCL INFO Setting affinity for GPU 3 to f000f000
c196-042:6431:6485 [3] NCCL INFO Setting affinity for GPU 3 to f000f000
c196-042:6430:6487 [2] NCCL INFO Setting affinity for GPU 2 to 0f000f00
c196-042:6429:6489 [1] NCCL INFO Setting affinity for GPU 1 to f000f0
c198-062:6799:6850 [2] NCCL INFO Setting affinity for GPU 2 to 0f000f00
c198-041:17002:17054 [2] NCCL INFO Setting affinity for GPU 2 to 0f000f00
c198-031:3615:3673 [1] NCCL INFO Setting affinity for GPU 1 to f000f0
c198-052:27920:27971 [2] NCCL INFO Setting affinity for GPU 2 to 0f000f00
c198-011:26535:26594 [0] NCCL INFO Setting affinity for GPU 0 to 0f000f
c198-052:27919:27976 [1] NCCL INFO Setting affinity for GPU 1 to f000f0
c198-072:2811:2869 [2] NCCL INFO Setting affinity for GPU 2 to 0f000f00
c198-072:2810:2867 [1] NCCL INFO Setting affinity for GPU 1 to f000f0
c198-062:6798:6856 [1] NCCL INFO Setting affinity for GPU 1 to f000f0
c198-062:6797:6855 [0] NCCL INFO Setting affinity for GPU 0 to 0f000f
c198-011:26537:26590 [2] NCCL INFO Setting affinity for GPU 2 to 0f000f00
c198-011:26536:26592 [1] NCCL INFO Setting affinity for GPU 1 to f000f0
c198-041:17000:17057 [0] NCCL INFO Setting affinity for GPU 0 to 0f000f
c196-051:23049:23110 [0] NCCL INFO Setting affinity for GPU 0 to 0f000f
c198-052:27918:27977 [0] NCCL INFO Setting affinity for GPU 0 to 0f000f
c198-022:4644:4700 [1] NCCL INFO Setting affinity for GPU 1 to f000f0
c198-041:17001:17059 [1] NCCL INFO Setting affinity for GPU 1 to f000f0
c196-051:23050:23108 [1] NCCL INFO Setting affinity for GPU 1 to f000f0
c198-061:20499:20557 [1] NCCL INFO Setting affinity for GPU 1 to f000f0
c198-031:3614:3672 [0] NCCL INFO Setting affinity for GPU 0 to 0f000f
c198-031:3616:3667 [2] NCCL INFO Setting affinity for GPU 2 to 0f000f00
c198-032:29816:29874 [1] NCCL INFO Setting affinity for GPU 1 to f000f0
c198-051:30045:30104 [0] NCCL INFO Setting affinity for GPU 0 to 0f000f
c198-061:20498:20556 [0] NCCL INFO Setting affinity for GPU 0 to 0f000f
c198-061:20500:20553 [2] NCCL INFO Setting affinity for GPU 2 to 0f000f00
c198-022:4645:4702 [2] NCCL INFO Setting affinity for GPU 2 to 0f000f00
c198-042:19112:19167 [0] NCCL INFO Setting affinity for GPU 0 to 0f000f
c198-022:4643:4704 [0] NCCL INFO Setting affinity for GPU 0 to 0f000f
c198-032:29815:29872 [0] NCCL INFO Setting affinity for GPU 0 to 0f000f
c198-051:30046:30102 [1] NCCL INFO Setting affinity for GPU 1 to f000f0
c198-071:9294:9356 [0] NCCL INFO Setting affinity for GPU 0 to 0f000f
c198-032:29817:29869 [2] NCCL INFO Setting affinity for GPU 2 to 0f000f00
c198-042:19113:19165 [1] NCCL INFO Setting affinity for GPU 1 to f000f0
c198-072:2809:2872 [0] NCCL INFO Setting affinity for GPU 0 to 0f000f
c198-042:19114:19169 [2] NCCL INFO Setting affinity for GPU 2 to 0f000f00
c198-021:3206:3260 [1] NCCL INFO Setting affinity for GPU 1 to f000f0
c198-021:3205:3259 [0] NCCL INFO Setting affinity for GPU 0 to 0f000f
c198-021:3207:3264 [2] NCCL INFO Setting affinity for GPU 2 to 0f000f00
c198-071:9296:9350 [2] NCCL INFO Setting affinity for GPU 2 to 0f000f00
c196-051:23051:23105 [2] NCCL INFO Setting affinity for GPU 2 to 0f000f00
c198-051:30047:30101 [2] NCCL INFO Setting affinity for GPU 2 to 0f000f00
c198-071:9295:9354 [1] NCCL INFO Setting affinity for GPU 1 to f000f0
c198-012:23594:23646 [2] NCCL INFO Setting affinity for GPU 2 to 0f000f00
c198-012:23593:23650 [1] NCCL INFO Setting affinity for GPU 1 to f000f0
c198-012:23592:23651 [0] NCCL INFO Setting affinity for GPU 0 to 0f000f
c198-012:23592:23651 [0] NCCL INFO Trees [0] 13/-1/-1->12->8 [1] 13/4/-1->12->28
c198-011:26537:26590 [2] NCCL INFO Trees [0] 11/-1/-1->10->9 [1] 11/-1/-1->10->9
c198-011:26538:26589 [3] NCCL INFO Trees [0] -1/-1/-1->11->10 [1] -1/-1/-1->11->10
c198-012:23593:23650 [1] NCCL INFO Trees [0] 14/-1/-1->13->12 [1] 14/20/-1->13->12
c198-011:26536:26592 [1] NCCL INFO Trees [0] 10/4/-1->9->8 [1] 10/-1/-1->9->8
c198-012:23594:23646 [2] NCCL INFO Trees [0] 15/-1/-1->14->13 [1] 15/-1/-1->14->13
c198-012:23595:23648 [3] NCCL INFO Trees [0] -1/-1/-1->15->14 [1] -1/-1/-1->15->14
c198-011:26535:26594 [0] NCCL INFO Trees [0] 9/12/-1->8->17 [1] 9/-1/-1->8->5
c196-051:23050:23108 [1] NCCL INFO Trees [0] 6/-1/-1->5->4 [1] 6/8/-1->5->4
c196-042:6429:6489 [1] NCCL INFO Trees [0] 2/-1/-1->1->0 [1] 2/-1/-1->1->0
c196-051:23051:23105 [2] NCCL INFO Trees [0] 7/-1/-1->6->5 [1] 7/-1/-1->6->5
c196-042:6430:6487 [2] NCCL INFO Trees [0] 3/-1/-1->2->1 [1] 3/-1/-1->2->1
c196-051:23052:23106 [3] NCCL INFO Trees [0] -1/-1/-1->7->6 [1] -1/-1/-1->7->6
c198-062:6797:6855 [0] NCCL INFO Trees [0] 53/-1/-1->52->57 [1] 53/48/-1->52->45
c196-042:6431:6485 [3] NCCL INFO Trees [0] -1/-1/-1->3->2 [1] -1/-1/-1->3->2
c196-051:23049:23110 [0] NCCL INFO Trees [0] 5/-1/-1->4->9 [1] 5/0/-1->4->12
c198-061:20500:20553 [2] NCCL INFO Trees [0] 51/-1/-1->50->49 [1] 51/-1/-1->50->49
c198-062:6798:6856 [1] NCCL INFO Trees [0] 54/-1/-1->53->52 [1] 54/56/-1->53->52
c198-071:9294:9356 [0] NCCL INFO Trees [0] 57/60/-1->56->48 [1] 57/-1/-1->56->53
c198-072:2811:2869 [2] NCCL INFO Trees [0] 63/-1/-1->62->61 [1] 63/-1/-1->62->61
c196-042:6428:6480 [0] NCCL INFO Channel 00/02 :    0   1   2   3   4   5   6   7   8   9  10  11  12  13  14  15  16  17  18  19
c196-042:6428:6480 [0] NCCL INFO Channel 01/02 :    0   1   2   3   4   5   6   7   8   9  10  11  12  13  14  15  16  17  18  19
c196-042:6428:6480 [0] NCCL INFO Trees [0] 1/32/-1->0->-1 [1] 1/-1/-1->0->4
c198-061:20501:20552 [3] NCCL INFO Trees [0] -1/-1/-1->51->50 [1] -1/-1/-1->51->50
c198-062:6799:6850 [2] NCCL INFO Trees [0] 55/-1/-1->54->53 [1] 55/-1/-1->54->53
c198-052:27921:27973 [3] NCCL INFO Trees [0] -1/-1/-1->47->46 [1] -1/-1/-1->47->46
c198-071:9295:9354 [1] NCCL INFO Trees [0] 58/52/-1->57->56 [1] 58/-1/-1->57->56
c198-032:29815:29872 [0] NCCL INFO Trees [0] 29/-1/-1->28->24 [1] 29/12/-1->28->60
c198-021:3207:3264 [2] NCCL INFO Trees [0] 19/-1/-1->18->17 [1] 19/-1/-1->18->17
c198-041:17000:17057 [0] NCCL INFO Trees [0] 33/48/-1->32->0 [1] 33/-1/-1->32->36
c198-072:2812:2870 [3] NCCL INFO Trees [0] -1/-1/-1->63->62 [1] -1/-1/-1->63->62
c198-042:19114:19169 [2] NCCL INFO Trees [0] 39/-1/-1->38->37 [1] 39/-1/-1->38->37
c198-022:4646:4698 [3] NCCL INFO Trees [0] -1/-1/-1->23->22 [1] -1/-1/-1->23->22
c198-051:30045:30104 [0] NCCL INFO Trees [0] 41/44/-1->40->49 [1] 41/-1/-1->40->37
c198-031:3616:3667 [2] NCCL INFO Trees [0] 27/-1/-1->26->25 [1] 27/-1/-1->26->25
c198-061:20499:20557 [1] NCCL INFO Trees [0] 50/40/-1->49->48 [1] 50/-1/-1->49->48
c198-062:6800:6852 [3] NCCL INFO Trees [0] -1/-1/-1->55->54 [1] -1/-1/-1->55->54
c198-052:27919:27976 [1] NCCL INFO Trees [0] 46/-1/-1->45->44 [1] 46/52/-1->45->44
c198-071:9296:9350 [2] NCCL INFO Trees [0] 59/-1/-1->58->57 [1] 59/-1/-1->58->57
c198-032:29817:29869 [2] NCCL INFO Trees [0] 31/-1/-1->30->29 [1] 31/-1/-1->30->29
c198-021:3208:3263 [3] NCCL INFO Trees [0] -1/-1/-1->19->18 [1] -1/-1/-1->19->18
c198-041:17001:17059 [1] NCCL INFO Trees [0] 34/16/-1->33->32 [1] 34/-1/-1->33->32
c198-072:2809:2872 [0] NCCL INFO Trees [0] 61/-1/-1->60->56 [1] 61/28/-1->60->-1
c198-042:19115:19171 [3] NCCL INFO Trees [0] -1/-1/-1->39->38 [1] -1/-1/-1->39->38
c198-022:4644:4700 [1] NCCL INFO Trees [0] 22/-1/-1->21->20 [1] 22/24/-1->21->20
c198-051:30046:30102 [1] NCCL INFO Trees [0] 42/36/-1->41->40 [1] 42/-1/-1->41->40
c198-031:3617:3670 [3] NCCL INFO Trees [0] -1/-1/-1->27->26 [1] -1/-1/-1->27->26
c198-061:20498:20556 [0] NCCL INFO Trees [0] 49/56/-1->48->32 [1] 49/-1/-1->48->52
c198-052:27920:27971 [2] NCCL INFO Trees [0] 47/-1/-1->46->45 [1] 47/-1/-1->46->45
c198-071:9297:9352 [3] NCCL INFO Trees [0] -1/-1/-1->59->58 [1] -1/-1/-1->59->58
c198-032:29816:29874 [1] NCCL INFO Trees [0] 30/-1/-1->29->28 [1] 30/44/-1->29->28
c198-021:3205:3259 [0] NCCL INFO Trees [0] 17/24/-1->16->33 [1] 17/-1/-1->16->20
c198-041:17002:17054 [2] NCCL INFO Trees [0] 35/-1/-1->34->33 [1] 35/-1/-1->34->33
c198-072:2810:2867 [1] NCCL INFO Trees [0] 62/-1/-1->61->60 [1] 62/-1/-1->61->60
c198-042:19112:19167 [0] NCCL INFO Trees [0] 37/-1/-1->36->41 [1] 37/32/-1->36->44
c198-022:4645:4702 [2] NCCL INFO Trees [0] 23/-1/-1->22->21 [1] 23/-1/-1->22->21
c198-051:30047:30101 [2] NCCL INFO Trees [0] 43/-1/-1->42->41 [1] 43/-1/-1->42->41
c198-031:3614:3672 [0] NCCL INFO Trees [0] 25/28/-1->24->16 [1] 25/-1/-1->24->21
c198-052:27918:27977 [0] NCCL INFO Trees [0] 45/-1/-1->44->40 [1] 45/36/-1->44->29
c198-032:29818:29870 [3] NCCL INFO Trees [0] -1/-1/-1->31->30 [1] -1/-1/-1->31->30
c198-021:3206:3260 [1] NCCL INFO Trees [0] 18/8/-1->17->16 [1] 18/-1/-1->17->16
c198-041:17003:17055 [3] NCCL INFO Trees [0] -1/-1/-1->35->34 [1] -1/-1/-1->35->34
c198-042:19113:19165 [1] NCCL INFO Trees [0] 38/-1/-1->37->36 [1] 38/40/-1->37->36
c198-022:4643:4704 [0] NCCL INFO Trees [0] 21/-1/-1->20->25 [1] 21/16/-1->20->13
c198-051:30048:30100 [3] NCCL INFO Trees [0] -1/-1/-1->43->42 [1] -1/-1/-1->43->42
c198-031:3615:3673 [1] NCCL INFO Trees [0] 26/20/-1->25->24 [1] 26/-1/-1->25->24
c198-012:23592:23651 [0] NCCL INFO Channel 00/0 : 11[83000] -> 12[2000] [receive] via NET/IB/0
c198-011:26535:26594 [0] NCCL INFO Channel 00/0 : 7[83000] -> 8[2000] [receive] via NET/IB/0
c196-051:23049:23110 [0] NCCL INFO Channel 00/0 : 3[83000] -> 4[2000] [receive] via NET/IB/0
c198-061:20498:20556 [0] NCCL INFO Channel 00/0 : 47[83000] -> 48[2000] [receive] via NET/IB/0
c198-062:6797:6855 [0] NCCL INFO Channel 00/0 : 51[83000] -> 52[2000] [receive] via NET/IB/0
c198-041:17000:17057 [0] NCCL INFO Channel 00/0 : 31[83000] -> 32[2000] [receive] via NET/IB/0
c198-071:9294:9356 [0] NCCL INFO Channel 00/0 : 55[83000] -> 56[2000] [receive] via NET/IB/0
c198-032:29815:29872 [0] NCCL INFO Channel 00/0 : 27[83000] -> 28[2000] [receive] via NET/IB/0
c198-021:3205:3259 [0] NCCL INFO Channel 00/0 : 15[83000] -> 16[2000] [receive] via NET/IB/0
c198-022:4643:4704 [0] NCCL INFO Channel 00/0 : 19[83000] -> 20[2000] [receive] via NET/IB/0
c196-042:6428:6480 [0] NCCL INFO Channel 00/0 : 63[83000] -> 0[2000] [receive] via NET/IB/0
c198-051:30045:30104 [0] NCCL INFO Channel 00/0 : 39[83000] -> 40[2000] [receive] via NET/IB/0
c198-031:3614:3672 [0] NCCL INFO Channel 00/0 : 23[83000] -> 24[2000] [receive] via NET/IB/0
c198-042:19112:19167 [0] NCCL INFO Channel 00/0 : 35[83000] -> 36[2000] [receive] via NET/IB/0
c198-052:27918:27977 [0] NCCL INFO Channel 00/0 : 43[83000] -> 44[2000] [receive] via NET/IB/0
c198-072:2809:2872 [0] NCCL INFO Channel 00/0 : 59[83000] -> 60[2000] [receive] via NET/IB/0
c198-061:20500:20553 [2] NCCL INFO Channel 00 : 50[82000] -> 51[83000] via direct shared memory
c198-072:2811:2869 [2] NCCL INFO Channel 00 : 62[82000] -> 63[83000] via direct shared memory
c198-061:20500:20553 [2] NCCL INFO Channel 01 : 50[82000] -> 51[83000] via direct shared memory
c198-072:2811:2869 [2] NCCL INFO Channel 01 : 62[82000] -> 63[83000] via direct shared memory
c198-012:23594:23646 [2] NCCL INFO Channel 00 : 14[82000] -> 15[83000] via direct shared memory
c198-071:9296:9350 [2] NCCL INFO Channel 00 : 58[82000] -> 59[83000] via direct shared memory
c198-022:4645:4702 [2] NCCL INFO Channel 00 : 22[82000] -> 23[83000] via direct shared memory
c198-021:3207:3264 [2] NCCL INFO Channel 00 : 18[82000] -> 19[83000] via direct shared memory
c198-022:4645:4702 [2] NCCL INFO Channel 01 : 22[82000] -> 23[83000] via direct shared memory
c198-012:23594:23646 [2] NCCL INFO Channel 01 : 14[82000] -> 15[83000] via direct shared memory
c198-071:9296:9350 [2] NCCL INFO Channel 01 : 58[82000] -> 59[83000] via direct shared memory
c198-021:3207:3264 [2] NCCL INFO Channel 01 : 18[82000] -> 19[83000] via direct shared memory
c198-032:29817:29869 [2] NCCL INFO Channel 00 : 30[82000] -> 31[83000] via direct shared memory
c198-031:3616:3667 [2] NCCL INFO Channel 00 : 26[82000] -> 27[83000] via direct shared memory
c198-032:29817:29869 [2] NCCL INFO Channel 01 : 30[82000] -> 31[83000] via direct shared memory
c198-072:2810:2867 [1] NCCL INFO Channel 00 : 61[3000] -> 62[82000] via direct shared memory
c198-052:27920:27971 [2] NCCL INFO Channel 00 : 46[82000] -> 47[83000] via direct shared memory
c198-071:9295:9354 [1] NCCL INFO Channel 00 : 57[3000] -> 58[82000] via direct shared memory
c198-072:2810:2867 [1] NCCL INFO Channel 01 : 61[3000] -> 62[82000] via direct shared memory
c198-031:3616:3667 [2] NCCL INFO Channel 01 : 26[82000] -> 27[83000] via direct shared memory
c198-012:23593:23650 [1] NCCL INFO Channel 00 : 13[3000] -> 14[82000] via direct shared memory
c198-061:20499:20557 [1] NCCL INFO Channel 00 : 49[3000] -> 50[82000] via direct shared memory
c198-052:27920:27971 [2] NCCL INFO Channel 01 : 46[82000] -> 47[83000] via direct shared memory
c198-071:9295:9354 [1] NCCL INFO Channel 01 : 57[3000] -> 58[82000] via direct shared memory
c198-012:23593:23650 [1] NCCL INFO Channel 01 : 13[3000] -> 14[82000] via direct shared memory
c198-061:20499:20557 [1] NCCL INFO Channel 01 : 49[3000] -> 50[82000] via direct shared memory
c198-021:3206:3260 [1] NCCL INFO Channel 00 : 17[3000] -> 18[82000] via direct shared memory
c198-032:29816:29874 [1] NCCL INFO Channel 00 : 29[3000] -> 30[82000] via direct shared memory
c198-042:19114:19169 [2] NCCL INFO Channel 00 : 38[82000] -> 39[83000] via direct shared memory
c196-051:23050:23108 [1] NCCL INFO Channel 00 : 5[3000] -> 6[82000] via direct shared memory
c198-011:26536:26592 [1] NCCL INFO Channel 00 : 9[3000] -> 10[82000] via direct shared memory
c198-062:6799:6850 [2] NCCL INFO Channel 00 : 54[82000] -> 55[83000] via direct shared memory
c198-032:29816:29874 [1] NCCL INFO Channel 01 : 29[3000] -> 30[82000] via direct shared memory
c198-021:3206:3260 [1] NCCL INFO Channel 01 : 17[3000] -> 18[82000] via direct shared memory
c198-041:17002:17054 [2] NCCL INFO Channel 00 : 34[82000] -> 35[83000] via direct shared memory
c198-042:19113:19165 [1] NCCL INFO Channel 00 : 37[3000] -> 38[82000] via direct shared memory
c198-022:4644:4700 [1] NCCL INFO Channel 00 : 21[3000] -> 22[82000] via direct shared memory
c198-051:30047:30101 [2] NCCL INFO Channel 00 : 42[82000] -> 43[83000] via direct shared memory
c198-031:3615:3673 [1] NCCL INFO Channel 00 : 25[3000] -> 26[82000] via direct shared memory
c196-051:23051:23105 [2] NCCL INFO Channel 00 : 6[82000] -> 7[83000] via direct shared memory
c198-011:26537:26590 [2] NCCL INFO Channel 00 : 10[82000] -> 11[83000] via direct shared memory
c198-062:6798:6856 [1] NCCL INFO Channel 00 : 53[3000] -> 54[82000] via direct shared memory
c198-052:27919:27976 [1] NCCL INFO Channel 00 : 45[3000] -> 46[82000] via direct shared memory
c198-041:17001:17059 [1] NCCL INFO Channel 00 : 33[3000] -> 34[82000] via direct shared memory
c198-042:19114:19169 [2] NCCL INFO Channel 01 : 38[82000] -> 39[83000] via direct shared memory
c198-022:4644:4700 [1] NCCL INFO Channel 01 : 21[3000] -> 22[82000] via direct shared memory
c198-051:30046:30102 [1] NCCL INFO Channel 00 : 41[3000] -> 42[82000] via direct shared memory
c198-031:3615:3673 [1] NCCL INFO Channel 01 : 25[3000] -> 26[82000] via direct shared memory
c196-051:23051:23105 [2] NCCL INFO Channel 01 : 6[82000] -> 7[83000] via direct shared memory
c198-011:26536:26592 [1] NCCL INFO Channel 01 : 9[3000] -> 10[82000] via direct shared memory
c198-062:6799:6850 [2] NCCL INFO Channel 01 : 54[82000] -> 55[83000] via direct shared memory
c198-041:17002:17054 [2] NCCL INFO Channel 01 : 34[82000] -> 35[83000] via direct shared memory
c198-042:19113:19165 [1] NCCL INFO Channel 01 : 37[3000] -> 38[82000] via direct shared memory
c198-051:30047:30101 [2] NCCL INFO Channel 01 : 42[82000] -> 43[83000] via direct shared memory
c196-051:23050:23108 [1] NCCL INFO Channel 01 : 5[3000] -> 6[82000] via direct shared memory
c198-011:26537:26590 [2] NCCL INFO Channel 01 : 10[82000] -> 11[83000] via direct shared memory
c198-062:6798:6856 [1] NCCL INFO Channel 01 : 53[3000] -> 54[82000] via direct shared memory
c198-052:27919:27976 [1] NCCL INFO Channel 01 : 45[3000] -> 46[82000] via direct shared memory
c198-041:17001:17059 [1] NCCL INFO Channel 01 : 33[3000] -> 34[82000] via direct shared memory
c198-051:30046:30102 [1] NCCL INFO Channel 01 : 41[3000] -> 42[82000] via direct shared memory
c196-042:6430:6487 [2] NCCL INFO Channel 00 : 2[82000] -> 3[83000] via direct shared memory
c196-042:6429:6489 [1] NCCL INFO Channel 00 : 1[3000] -> 2[82000] via direct shared memory
c196-042:6430:6487 [2] NCCL INFO Channel 01 : 2[82000] -> 3[83000] via direct shared memory
c196-042:6429:6489 [1] NCCL INFO Channel 01 : 1[3000] -> 2[82000] via direct shared memory
c198-061:20501:20552 [3] NCCL INFO Channel 00/0 : 51[83000] -> 52[2000] [send] via NET/IB/0
c198-072:2812:2870 [3] NCCL INFO Channel 00/0 : 63[83000] -> 0[2000] [send] via NET/IB/0
c198-012:23595:23648 [3] NCCL INFO Channel 00/0 : 15[83000] -> 16[2000] [send] via NET/IB/0
c198-071:9297:9352 [3] NCCL INFO Channel 00/0 : 59[83000] -> 60[2000] [send] via NET/IB/0
c198-021:3208:3263 [3] NCCL INFO Channel 00/0 : 19[83000] -> 20[2000] [send] via NET/IB/0
c198-022:4646:4698 [3] NCCL INFO Channel 00/0 : 23[83000] -> 24[2000] [send] via NET/IB/0
c198-032:29818:29870 [3] NCCL INFO Channel 00/0 : 31[83000] -> 32[2000] [send] via NET/IB/0
c198-031:3617:3670 [3] NCCL INFO Channel 00/0 : 27[83000] -> 28[2000] [send] via NET/IB/0
c198-042:19115:19171 [3] NCCL INFO Channel 00/0 : 39[83000] -> 40[2000] [send] via NET/IB/0
c198-052:27921:27973 [3] NCCL INFO Channel 00/0 : 47[83000] -> 48[2000] [send] via NET/IB/0
c198-051:30048:30100 [3] NCCL INFO Channel 00/0 : 43[83000] -> 44[2000] [send] via NET/IB/0
c196-051:23052:23106 [3] NCCL INFO Channel 00/0 : 7[83000] -> 8[2000] [send] via NET/IB/0
c198-011:26538:26589 [3] NCCL INFO Channel 00/0 : 11[83000] -> 12[2000] [send] via NET/IB/0
c198-062:6800:6852 [3] NCCL INFO Channel 00/0 : 55[83000] -> 56[2000] [send] via NET/IB/0
c198-041:17003:17055 [3] NCCL INFO Channel 00/0 : 35[83000] -> 36[2000] [send] via NET/IB/0
c196-042:6431:6485 [3] NCCL INFO Channel 00/0 : 3[83000] -> 4[2000] [send] via NET/IB/0
c198-011:26535:26594 [0] NCCL INFO Channel 01/0 : 7[83000] -> 8[2000] [receive] via NET/IB/0
c198-012:23592:23651 [0] NCCL INFO Channel 01/0 : 11[83000] -> 12[2000] [receive] via NET/IB/0
c198-011:26535:26594 [0] NCCL INFO Channel 00 : 8[2000] -> 9[3000] via direct shared memory
c198-012:23592:23651 [0] NCCL INFO Channel 00 : 12[2000] -> 13[3000] via direct shared memory
c198-032:29815:29872 [0] NCCL INFO Channel 01/0 : 27[83000] -> 28[2000] [receive] via NET/IB/0
c198-042:19112:19167 [0] NCCL INFO Channel 01/0 : 35[83000] -> 36[2000] [receive] via NET/IB/0
c198-012:23592:23651 [0] NCCL INFO Channel 01 : 12[2000] -> 13[3000] via direct shared memory
c198-011:26535:26594 [0] NCCL INFO Channel 01 : 8[2000] -> 9[3000] via direct shared memory
c198-032:29815:29872 [0] NCCL INFO Channel 00 : 28[2000] -> 29[3000] via direct shared memory
c198-021:3205:3259 [0] NCCL INFO Channel 01/0 : 15[83000] -> 16[2000] [receive] via NET/IB/0
c198-042:19112:19167 [0] NCCL INFO Channel 00 : 36[2000] -> 37[3000] via direct shared memory
c196-051:23049:23110 [0] NCCL INFO Channel 01/0 : 3[83000] -> 4[2000] [receive] via NET/IB/0
c198-032:29815:29872 [0] NCCL INFO Channel 01 : 28[2000] -> 29[3000] via direct shared memory
c198-041:17000:17057 [0] NCCL INFO Channel 01/0 : 31[83000] -> 32[2000] [receive] via NET/IB/0
c198-042:19112:19167 [0] NCCL INFO Channel 01 : 36[2000] -> 37[3000] via direct shared memory
c198-021:3205:3259 [0] NCCL INFO Channel 00 : 16[2000] -> 17[3000] via direct shared memory
c198-051:30045:30104 [0] NCCL INFO Channel 01/0 : 39[83000] -> 40[2000] [receive] via NET/IB/0
c196-051:23049:23110 [0] NCCL INFO Channel 00 : 4[2000] -> 5[3000] via direct shared memory
c198-041:17000:17057 [0] NCCL INFO Channel 00 : 32[2000] -> 33[3000] via direct shared memory
c198-061:20498:20556 [0] NCCL INFO Channel 01/0 : 47[83000] -> 48[2000] [receive] via NET/IB/0
c198-062:6797:6855 [0] NCCL INFO Channel 01/0 : 51[83000] -> 52[2000] [receive] via NET/IB/0
c198-021:3205:3259 [0] NCCL INFO Channel 01 : 16[2000] -> 17[3000] via direct shared memory
c198-022:4643:4704 [0] NCCL INFO Channel 01/0 : 19[83000] -> 20[2000] [receive] via NET/IB/0
c198-031:3614:3672 [0] NCCL INFO Channel 01/0 : 23[83000] -> 24[2000] [receive] via NET/IB/0
c196-051:23049:23110 [0] NCCL INFO Channel 01 : 4[2000] -> 5[3000] via direct shared memory
c198-072:2809:2872 [0] NCCL INFO Channel 01/0 : 59[83000] -> 60[2000] [receive] via NET/IB/0
c198-051:30045:30104 [0] NCCL INFO Channel 00 : 40[2000] -> 41[3000] via direct shared memory
c198-071:9294:9356 [0] NCCL INFO Channel 01/0 : 55[83000] -> 56[2000] [receive] via NET/IB/0
c198-041:17000:17057 [0] NCCL INFO Channel 01 : 32[2000] -> 33[3000] via direct shared memory
c198-062:6797:6855 [0] NCCL INFO Channel 00 : 52[2000] -> 53[3000] via direct shared memory
c198-051:30045:30104 [0] NCCL INFO Channel 01 : 40[2000] -> 41[3000] via direct shared memory
c196-042:6428:6480 [0] NCCL INFO Channel 01/0 : 63[83000] -> 0[2000] [receive] via NET/IB/0
c198-061:20498:20556 [0] NCCL INFO Channel 00 : 48[2000] -> 49[3000] via direct shared memory
c198-031:3614:3672 [0] NCCL INFO Channel 00 : 24[2000] -> 25[3000] via direct shared memory
c198-071:9294:9356 [0] NCCL INFO Channel 00 : 56[2000] -> 57[3000] via direct shared memory
c198-072:2809:2872 [0] NCCL INFO Channel 00 : 60[2000] -> 61[3000] via direct shared memory
c198-022:4643:4704 [0] NCCL INFO Channel 00 : 20[2000] -> 21[3000] via direct shared memory
c198-061:20498:20556 [0] NCCL INFO Channel 01 : 48[2000] -> 49[3000] via direct shared memory
c198-062:6797:6855 [0] NCCL INFO Channel 01 : 52[2000] -> 53[3000] via direct shared memory
c198-072:2809:2872 [0] NCCL INFO Channel 01 : 60[2000] -> 61[3000] via direct shared memory
c198-031:3614:3672 [0] NCCL INFO Channel 01 : 24[2000] -> 25[3000] via direct shared memory
c198-052:27918:27977 [0] NCCL INFO Channel 01/0 : 43[83000] -> 44[2000] [receive] via NET/IB/0
c198-022:4643:4704 [0] NCCL INFO Channel 01 : 20[2000] -> 21[3000] via direct shared memory
c198-071:9294:9356 [0] NCCL INFO Channel 01 : 56[2000] -> 57[3000] via direct shared memory
c196-042:6428:6480 [0] NCCL INFO Channel 00 : 0[2000] -> 1[3000] via direct shared memory
