c198-091:26983:26983 [0] NCCL INFO comm 0x2ac89e000010 rank 40 nranks 64 cudaDev 0 busId 2000 - Destroy COMPLETE
c197-022:28486:28486 [1] NCCL INFO comm 0x2ba55e402010 rank 5 nranks 64 cudaDev 1 busId 3000 - Destroy COMPLETE
c197-092:19471:19471 [1] NCCL INFO comm 0x2b23be000010 rank 33 nranks 64 cudaDev 1 busId 3000 - Destroy COMPLETE
# Out of bounds values : 1216 FAILED
# Avg bus bandwidth    : 0.884697 
#
c198-101:16601:16601 [2] NCCL INFO comm 0x2b635e000010 rank 46 nranks 64 cudaDev 2 busId 82000 - Destroy COMPLETE
c197-092:19470:19470 [0] NCCL INFO comm 0x2b92c2347010 rank 32 nranks 64 cudaDev 0 busId 2000 - Destroy COMPLETE
c197-042:6795:6795 [0] NCCL INFO comm 0x2ab912000010 rank 20 nranks 64 cudaDev 0 busId 2000 - Destroy COMPLETE
c197-022:28485:28485 [0] NCCL INFO comm 0x2aca3cbb6010 rank 4 nranks 64 cudaDev 0 busId 2000 - Destroy COMPLETE
c198-102:18172:18172 [0] NCCL INFO comm 0x2b009e38a010 rank 48 nranks 64 cudaDev 0 busId 2000 - Destroy COMPLETE
c197-032:6686:6686 [1] NCCL INFO comm 0x2afbf5259010 rank 13 nranks 64 cudaDev 1 busId 3000 - Destroy COMPLETE
c197-101:18004:18004 [1] NCCL INFO comm 0x2aecf2000010 rank 37 nranks 64 cudaDev 1 busId 3000 - Destroy COMPLETE
c197-061:31976:31976 [0] NCCL INFO comm 0x2b9e10000010 rank 24 nranks 64 cudaDev 0 busId 2000 - Destroy COMPLETE
c198-111:15965:15965 [1] NCCL INFO comm 0x2af10e201010 rank 53 nranks 64 cudaDev 1 busId 3000 - Destroy COMPLETE
c197-061:31977:31977 [1] NCCL INFO comm 0x2b7962000010 rank 25 nranks 64 cudaDev 1 busId 3000 - Destroy COMPLETE
c197-101:18003:18003 [0] NCCL INFO comm 0x2ac5fe000010 rank 36 nranks 64 cudaDev 0 busId 2000 - Destroy COMPLETE
c197-071:5392:5392 [1] NCCL INFO comm 0x2b8b1599c010 rank 29 nranks 64 cudaDev 1 busId 3000 - Destroy COMPLETE
c197-041:11479:11479 [1] NCCL INFO comm 0x2b2c6d48d010 rank 17 nranks 64 cudaDev 1 busId 3000 - Destroy COMPLETE
c197-041:11478:11478 [0] NCCL INFO comm 0x2b37c2254010 rank 16 nranks 64 cudaDev 0 busId 2000 - Destroy COMPLETE
c197-032:6685:6685 [0] NCCL INFO comm 0x2b97d158f010 rank 12 nranks 64 cudaDev 0 busId 2000 - Destroy COMPLETE
c198-111:15964:15964 [0] NCCL INFO comm 0x2b902e000010 rank 52 nranks 64 cudaDev 0 busId 2000 - Destroy COMPLETE
c197-071:5391:5391 [0] NCCL INFO comm 0x2ad09e000010 rank 28 nranks 64 cudaDev 0 busId 2000 - Destroy COMPLETE
c198-101:16600:16600 [1] NCCL INFO comm 0x2b436d058010 rank 45 nranks 64 cudaDev 1 busId 3000 - Destroy COMPLETE
c198-101:16599:16599 [0] NCCL INFO comm 0x2add95e82010 rank 44 nranks 64 cudaDev 0 busId 2000 - Destroy COMPLETE

# nThread 1 nGpus 1 minBytes 1024 maxBytes 268435456 step: 2(factor) warmup iters: 5 iters: 20 agg iters: 1 validation: 1 graph: 0
#
# Using devices
#  Rank  0 Group  0 Pid   5025 on   c196-062 device  0 [0x02] Quadro RTX 5000
#  Rank  1 Group  0 Pid   5026 on   c196-062 device  1 [0x03] Quadro RTX 5000
#  Rank  2 Group  0 Pid   5027 on   c196-062 device  2 [0x82] Quadro RTX 5000
#  Rank  3 Group  0 Pid   5028 on   c196-062 device  3 [0x83] Quadro RTX 5000
#  Rank  4 Group  0 Pid  28590 on   c197-022 device  0 [0x02] Quadro RTX 5000
#  Rank  5 Group  0 Pid  28591 on   c197-022 device  1 [0x03] Quadro RTX 5000
#  Rank  6 Group  0 Pid  28592 on   c197-022 device  2 [0x82] Quadro RTX 5000
#  Rank  7 Group  0 Pid  28593 on   c197-022 device  3 [0x83] Quadro RTX 5000
#  Rank  8 Group  0 Pid  30077 on   c197-031 device  0 [0x02] Quadro RTX 5000
#  Rank  9 Group  0 Pid  30078 on   c197-031 device  1 [0x03] Quadro RTX 5000
#  Rank 10 Group  0 Pid  30079 on   c197-031 device  2 [0x82] Quadro RTX 5000
#  Rank 11 Group  0 Pid  30080 on   c197-031 device  3 [0x83] Quadro RTX 5000
#  Rank 12 Group  0 Pid   6777 on   c197-032 device  0 [0x02] Quadro RTX 5000
#  Rank 13 Group  0 Pid   6778 on   c197-032 device  1 [0x03] Quadro RTX 5000
#  Rank 14 Group  0 Pid   6779 on   c197-032 device  2 [0x82] Quadro RTX 5000
#  Rank 15 Group  0 Pid   6780 on   c197-032 device  3 [0x83] Quadro RTX 5000
#  Rank 16 Group  0 Pid  11569 on   c197-041 device  0 [0x02] Quadro RTX 5000
#  Rank 17 Group  0 Pid  11570 on   c197-041 device  1 [0x03] Quadro RTX 5000
#  Rank 18 Group  0 Pid  11571 on   c197-041 device  2 [0x82] Quadro RTX 5000
#  Rank 19 Group  0 Pid  11572 on   c197-041 device  3 [0x83] Quadro RTX 5000
#  Rank 20 Group  0 Pid   6888 on   c197-042 device  0 [0x02] Quadro RTX 5000
#  Rank 21 Group  0 Pid   6889 on   c197-042 device  1 [0x03] Quadro RTX 5000
#  Rank 22 Group  0 Pid   6890 on   c197-042 device  2 [0x82] Quadro RTX 5000
#  Rank 23 Group  0 Pid   6891 on   c197-042 device  3 [0x83] Quadro RTX 5000
#  Rank 24 Group  0 Pid  32068 on   c197-061 device  0 [0x02] Quadro RTX 5000
#  Rank 25 Group  0 Pid  32069 on   c197-061 device  1 [0x03] Quadro RTX 5000
#  Rank 26 Group  0 Pid  32070 on   c197-061 device  2 [0x82] Quadro RTX 5000
#  Rank 27 Group  0 Pid  32071 on   c197-061 device  3 [0x83] Quadro RTX 5000
#  Rank 28 Group  0 Pid   5485 on   c197-071 device  0 [0x02] Quadro RTX 5000
#  Rank 29 Group  0 Pid   5486 on   c197-071 device  1 [0x03] Quadro RTX 5000
#  Rank 30 Group  0 Pid   5487 on   c197-071 device  2 [0x82] Quadro RTX 5000
#  Rank 31 Group  0 Pid   5488 on   c197-071 device  3 [0x83] Quadro RTX 5000
#  Rank 32 Group  0 Pid  19561 on   c197-092 device  0 [0x02] Quadro RTX 5000
#  Rank 33 Group  0 Pid  19562 on   c197-092 device  1 [0x03] Quadro RTX 5000
#  Rank 34 Group  0 Pid  19563 on   c197-092 device  2 [0x82] Quadro RTX 5000
#  Rank 35 Group  0 Pid  19564 on   c197-092 device  3 [0x83] Quadro RTX 5000
#  Rank 36 Group  0 Pid  18107 on   c197-101 device  0 [0x02] Quadro RTX 5000
#  Rank 37 Group  0 Pid  18108 on   c197-101 device  1 [0x03] Quadro RTX 5000
#  Rank 38 Group  0 Pid  18109 on   c197-101 device  2 [0x82] Quadro RTX 5000
#  Rank 39 Group  0 Pid  18110 on   c197-101 device  3 [0x83] Quadro RTX 5000
#  Rank 40 Group  0 Pid  27074 on   c198-091 device  0 [0x02] Quadro RTX 5000
#  Rank 41 Group  0 Pid  27075 on   c198-091 device  1 [0x03] Quadro RTX 5000
#  Rank 42 Group  0 Pid  27076 on   c198-091 device  2 [0x82] Quadro RTX 5000
#  Rank 43 Group  0 Pid  27077 on   c198-091 device  3 [0x83] Quadro RTX 5000
#  Rank 44 Group  0 Pid  16694 on   c198-101 device  0 [0x02] Quadro RTX 5000
#  Rank 45 Group  0 Pid  16695 on   c198-101 device  1 [0x03] Quadro RTX 5000
#  Rank 46 Group  0 Pid  16696 on   c198-101 device  2 [0x82] Quadro RTX 5000
#  Rank 47 Group  0 Pid  16697 on   c198-101 device  3 [0x83] Quadro RTX 5000
#  Rank 48 Group  0 Pid  18266 on   c198-102 device  0 [0x02] Quadro RTX 5000
#  Rank 49 Group  0 Pid  18267 on   c198-102 device  1 [0x03] Quadro RTX 5000
#  Rank 50 Group  0 Pid  18268 on   c198-102 device  2 [0x82] Quadro RTX 5000
#  Rank 51 Group  0 Pid  18269 on   c198-102 device  3 [0x83] Quadro RTX 5000
#  Rank 52 Group  0 Pid  16055 on   c198-111 device  0 [0x02] Quadro RTX 5000
#  Rank 53 Group  0 Pid  16056 on   c198-111 device  1 [0x03] Quadro RTX 5000
#  Rank 54 Group  0 Pid  16057 on   c198-111 device  2 [0x82] Quadro RTX 5000
#  Rank 55 Group  0 Pid  16058 on   c198-111 device  3 [0x83] Quadro RTX 5000
#  Rank 56 Group  0 Pid  17442 on   c199-011 device  0 [0x02] Quadro RTX 5000
#  Rank 57 Group  0 Pid  17443 on   c199-011 device  1 [0x03] Quadro RTX 5000
#  Rank 58 Group  0 Pid  17444 on   c199-011 device  2 [0x82] Quadro RTX 5000
#  Rank 59 Group  0 Pid  17445 on   c199-011 device  3 [0x83] Quadro RTX 5000
#  Rank 60 Group  0 Pid  23677 on   c199-012 device  0 [0x02] Quadro RTX 5000
#  Rank 61 Group  0 Pid  23678 on   c199-012 device  1 [0x03] Quadro RTX 5000
#  Rank 62 Group  0 Pid  23679 on   c199-012 device  2 [0x82] Quadro RTX 5000
#  Rank 63 Group  0 Pid  23680 on   c199-012 device  3 [0x83] Quadro RTX 5000
c196-062:5025:5025 [0] NCCL INFO Bootstrap : Using ib0:192.168.44.112<0>
c196-062:5025:5025 [0] NCCL INFO NET/Plugin : No plugin found (libnccl-net.so), using internal implementation
c196-062:5025:5025 [0] NCCL INFO NET/IB : Using [0]mlx4_0:1/IB [RO]; OOB ib0:192.168.44.112<0>
c196-062:5025:5025 [0] NCCL INFO Using network IB
NCCL version 2.12.12.MSCCL.0.7.4+cuda11.3
c196-062:5027:5027 [2] NCCL INFO Bootstrap : Using ib0:192.168.44.112<0>
c196-062:5027:5027 [2] NCCL INFO NET/Plugin : No plugin found (libnccl-net.so), using internal implementation
c197-092:19561:19561 [0] NCCL INFO Bootstrap : Using ib0:192.168.44.140<0>
c196-062:5027:5027 [2] NCCL INFO NET/IB : Using [0]mlx4_0:1/IB [RO]; OOB ib0:192.168.44.112<0>
c196-062:5027:5027 [2] NCCL INFO Using network IB
c197-092:19561:19561 [0] NCCL INFO NET/Plugin : No plugin found (libnccl-net.so), using internal implementation
c197-092:19561:19561 [0] NCCL INFO NET/IB : Using [0]mlx4_0:1/IB [RO]; OOB ib0:192.168.44.140<0>
c197-092:19561:19561 [0] NCCL INFO Using network IB
c196-062:5028:5028 [3] NCCL INFO Bootstrap : Using ib0:192.168.44.112<0>
c196-062:5028:5028 [3] NCCL INFO NET/Plugin : No plugin found (libnccl-net.so), using internal implementation
c196-062:5028:5028 [3] NCCL INFO NET/IB : Using [0]mlx4_0:1/IB [RO]; OOB ib0:192.168.44.112<0>
c196-062:5028:5028 [3] NCCL INFO Using network IB
c198-111:16058:16058 [3] NCCL INFO Bootstrap : Using ib0:192.168.44.165<0>
c196-062:5026:5026 [1] NCCL INFO Bootstrap : Using ib0:192.168.44.112<0>
c198-111:16058:16058 [3] NCCL INFO NET/Plugin : No plugin found (libnccl-net.so), using internal implementation
c196-062:5026:5026 [1] NCCL INFO NET/Plugin : No plugin found (libnccl-net.so), using internal implementation
c198-111:16058:16058 [3] NCCL INFO NET/IB : Using [0]mlx4_0:1/IB [RO]; OOB ib0:192.168.44.165<0>
c198-111:16058:16058 [3] NCCL INFO Using network IB
c196-062:5026:5026 [1] NCCL INFO NET/IB : Using [0]mlx4_0:1/IB [RO]; OOB ib0:192.168.44.112<0>
c196-062:5026:5026 [1] NCCL INFO Using network IB
c199-012:23678:23678 [1] NCCL INFO Bootstrap : Using ib0:192.168.44.168<0>
c199-011:17445:17445 [3] NCCL INFO Bootstrap : Using ib0:192.168.44.167<0>
c199-012:23678:23678 [1] NCCL INFO NET/Plugin : No plugin found (libnccl-net.so), using internal implementation
c199-011:17445:17445 [3] NCCL INFO NET/Plugin : No plugin found (libnccl-net.so), using internal implementation
c199-011:17444:17444 [2] NCCL INFO Bootstrap : Using ib0:192.168.44.167<0>
c199-011:17444:17444 [2] NCCL INFO NET/Plugin : No plugin found (libnccl-net.so), using internal implementation
c199-012:23678:23678 [1] NCCL INFO NET/IB : Using [0]mlx4_0:1/IB [RO]; OOB ib0:192.168.44.168<0>
c199-012:23678:23678 [1] NCCL INFO Using network IB
c199-011:17445:17445 [3] NCCL INFO NET/IB : Using [0]mlx4_0:1/IB [RO]; OOB ib0:192.168.44.167<0>
c199-011:17445:17445 [3] NCCL INFO Using network IB
c199-011:17444:17444 [2] NCCL INFO NET/IB : Using [0]mlx4_0:1/IB [RO]; OOB ib0:192.168.44.167<0>
c199-011:17444:17444 [2] NCCL INFO Using network IB
c197-042:6891:6891 [3] NCCL INFO Bootstrap : Using ib0:192.168.44.130<0>
c197-042:6891:6891 [3] NCCL INFO NET/Plugin : No plugin found (libnccl-net.so), using internal implementation
c197-032:6778:6778 [1] NCCL INFO Bootstrap : Using ib0:192.168.44.128<0>
c197-032:6778:6778 [1] NCCL INFO NET/Plugin : No plugin found (libnccl-net.so), using internal implementation
c197-042:6891:6891 [3] NCCL INFO NET/IB : Using [0]mlx4_0:1/IB [RO]; OOB ib0:192.168.44.130<0>
c197-042:6891:6891 [3] NCCL INFO Using network IB
c199-012:23680:23680 [3] NCCL INFO Bootstrap : Using ib0:192.168.44.168<0>
c199-012:23679:23679 [2] NCCL INFO Bootstrap : Using ib0:192.168.44.168<0>
c197-032:6778:6778 [1] NCCL INFO NET/IB : Using [0]mlx4_0:1/IB [RO]; OOB ib0:192.168.44.128<0>
c197-032:6778:6778 [1] NCCL INFO Using network IB
c199-012:23679:23679 [2] NCCL INFO NET/Plugin : No plugin found (libnccl-net.so), using internal implementation
c199-012:23680:23680 [3] NCCL INFO NET/Plugin : No plugin found (libnccl-net.so), using internal implementation
c199-011:17442:17442 [0] NCCL INFO Bootstrap : Using ib0:192.168.44.167<0>
c199-011:17442:17442 [0] NCCL INFO NET/Plugin : No plugin found (libnccl-net.so), using internal implementation
c197-061:32071:32071 [3] NCCL INFO Bootstrap : Using ib0:192.168.44.133<0>
c199-011:17442:17442 [0] NCCL INFO NET/IB : Using [0]mlx4_0:1/IB [RO]; OOB ib0:192.168.44.167<0>
c199-011:17442:17442 [0] NCCL INFO Using network IB
c197-061:32070:32070 [2] NCCL INFO Bootstrap : Using ib0:192.168.44.133<0>
c197-061:32070:32070 [2] NCCL INFO NET/Plugin : No plugin found (libnccl-net.so), using internal implementation
c197-061:32071:32071 [3] NCCL INFO NET/Plugin : No plugin found (libnccl-net.so), using internal implementation
c199-012:23680:23680 [3] NCCL INFO NET/IB : Using [0]mlx4_0:1/IB [RO]; OOB ib0:192.168.44.168<0>
c199-012:23680:23680 [3] NCCL INFO Using network IB
c199-012:23679:23679 [2] NCCL INFO NET/IB : Using [0]mlx4_0:1/IB [RO]; OOB ib0:192.168.44.168<0>
c199-012:23679:23679 [2] NCCL INFO Using network IB
c197-061:32070:32070 [2] NCCL INFO NET/IB : Using [0]mlx4_0:1/IB [RO]; OOB ib0:192.168.44.133<0>
c197-061:32070:32070 [2] NCCL INFO Using network IB
c197-061:32071:32071 [3] NCCL INFO NET/IB : Using [0]mlx4_0:1/IB [RO]; OOB ib0:192.168.44.133<0>
c197-061:32071:32071 [3] NCCL INFO Using network IB
c199-011:17443:17443 [1] NCCL INFO Bootstrap : Using ib0:192.168.44.167<0>
c199-011:17443:17443 [1] NCCL INFO NET/Plugin : No plugin found (libnccl-net.so), using internal implementation
c199-012:23677:23677 [0] NCCL INFO Bootstrap : Using ib0:192.168.44.168<0>
c199-012:23677:23677 [0] NCCL INFO NET/Plugin : No plugin found (libnccl-net.so), using internal implementation
c197-022:28591:28591 [1] NCCL INFO Bootstrap : Using ib0:192.168.44.126<0>
c199-011:17443:17443 [1] NCCL INFO NET/IB : Using [0]mlx4_0:1/IB [RO]; OOB ib0:192.168.44.167<0>
c199-011:17443:17443 [1] NCCL INFO Using network IB
c197-022:28590:28590 [0] NCCL INFO Bootstrap : Using ib0:192.168.44.126<0>
c197-022:28590:28590 [0] NCCL INFO NET/Plugin : No plugin found (libnccl-net.so), using internal implementation
c197-022:28591:28591 [1] NCCL INFO NET/Plugin : No plugin found (libnccl-net.so), using internal implementation
c199-012:23677:23677 [0] NCCL INFO NET/IB : Using [0]mlx4_0:1/IB [RO]; OOB ib0:192.168.44.168<0>
c199-012:23677:23677 [0] NCCL INFO Using network IB
c197-101:18110:18110 [3] NCCL INFO Bootstrap : Using ib0:192.168.44.141<0>
c197-101:18109:18109 [2] NCCL INFO Bootstrap : Using ib0:192.168.44.141<0>
c197-101:18109:18109 [2] NCCL INFO NET/Plugin : No plugin found (libnccl-net.so), using internal implementation
c197-101:18110:18110 [3] NCCL INFO NET/Plugin : No plugin found (libnccl-net.so), using internal implementation
c198-111:16057:16057 [2] NCCL INFO Bootstrap : Using ib0:192.168.44.165<0>
c197-042:6888:6888 [0] NCCL INFO Bootstrap : Using ib0:192.168.44.130<0>
c198-111:16057:16057 [2] NCCL INFO NET/Plugin : No plugin found (libnccl-net.so), using internal implementation
c197-042:6890:6890 [2] NCCL INFO Bootstrap : Using ib0:192.168.44.130<0>
c197-042:6889:6889 [1] NCCL INFO Bootstrap : Using ib0:192.168.44.130<0>
c197-042:6890:6890 [2] NCCL INFO NET/Plugin : No plugin found (libnccl-net.so), using internal implementation
c197-042:6888:6888 [0] NCCL INFO NET/Plugin : No plugin found (libnccl-net.so), using internal implementation
c197-042:6889:6889 [1] NCCL INFO NET/Plugin : No plugin found (libnccl-net.so), using internal implementation
c198-102:18268:18268 [2] NCCL INFO Bootstrap : Using ib0:192.168.44.164<0>
c198-102:18269:18269 [3] NCCL INFO Bootstrap : Using ib0:192.168.44.164<0>
c198-102:18268:18268 [2] NCCL INFO NET/Plugin : No plugin found (libnccl-net.so), using internal implementation
c198-102:18269:18269 [3] NCCL INFO NET/Plugin : No plugin found (libnccl-net.so), using internal implementation
c198-111:16057:16057 [2] NCCL INFO NET/IB : Using [0]mlx4_0:1/IB [RO]; OOB ib0:192.168.44.165<0>
c198-111:16057:16057 [2] NCCL INFO Using network IB
c198-101:16696:16696 [2] NCCL INFO Bootstrap : Using ib0:192.168.44.163<0>
c198-101:16696:16696 [2] NCCL INFO NET/Plugin : No plugin found (libnccl-net.so), using internal implementation
c197-061:32068:32068 [0] NCCL INFO Bootstrap : Using ib0:192.168.44.133<0>
c197-061:32069:32069 [1] NCCL INFO Bootstrap : Using ib0:192.168.44.133<0>
c197-101:18110:18110 [3] NCCL INFO NET/IB : Using [0]mlx4_0:1/IB [RO]; OOB ib0:192.168.44.141<0>
c197-101:18110:18110 [3] NCCL INFO Using network IB
c197-101:18109:18109 [2] NCCL INFO NET/IB : Using [0]mlx4_0:1/IB [RO]; OOB ib0:192.168.44.141<0>
c197-101:18109:18109 [2] NCCL INFO Using network IB
c197-032:6780:6780 [3] NCCL INFO Bootstrap : Using ib0:192.168.44.128<0>
c197-061:32068:32068 [0] NCCL INFO NET/Plugin : No plugin found (libnccl-net.so), using internal implementation
c197-061:32069:32069 [1] NCCL INFO NET/Plugin : No plugin found (libnccl-net.so), using internal implementation
c198-101:16696:16696 [2] NCCL INFO NET/IB : Using [0]mlx4_0:1/IB [RO]; OOB ib0:192.168.44.163<0>
c198-101:16696:16696 [2] NCCL INFO Using network IB
c197-041:11571:11571 [2] NCCL INFO Bootstrap : Using ib0:192.168.44.129<0>
c197-032:6780:6780 [3] NCCL INFO NET/Plugin : No plugin found (libnccl-net.so), using internal implementation
c197-092:19564:19564 [3] NCCL INFO Bootstrap : Using ib0:192.168.44.140<0>
c197-041:11571:11571 [2] NCCL INFO NET/Plugin : No plugin found (libnccl-net.so), using internal implementation
c197-092:19564:19564 [3] NCCL INFO NET/Plugin : No plugin found (libnccl-net.so), using internal implementation
c197-022:28592:28592 [2] NCCL INFO Bootstrap : Using ib0:192.168.44.126<0>
c197-022:28593:28593 [3] NCCL INFO Bootstrap : Using ib0:192.168.44.126<0>
c198-102:18269:18269 [3] NCCL INFO NET/IB : Using [0]mlx4_0:1/IB [RO]; OOB ib0:192.168.44.164<0>
c198-102:18269:18269 [3] NCCL INFO Using network IB
c197-022:28592:28592 [2] NCCL INFO NET/Plugin : No plugin found (libnccl-net.so), using internal implementation
c198-102:18268:18268 [2] NCCL INFO NET/IB : Using [0]mlx4_0:1/IB [RO]; OOB ib0:192.168.44.164<0>
c198-102:18268:18268 [2] NCCL INFO Using network IB
c197-022:28593:28593 [3] NCCL INFO NET/Plugin : No plugin found (libnccl-net.so), using internal implementation
c197-032:6780:6780 [3] NCCL INFO NET/IB : Using [0]mlx4_0:1/IB [RO]; OOB ib0:192.168.44.128<0>
c197-032:6780:6780 [3] NCCL INFO Using network IB
c197-041:11571:11571 [2] NCCL INFO NET/IB : Using [0]mlx4_0:1/IB [RO]; OOB ib0:192.168.44.129<0>
c197-041:11571:11571 [2] NCCL INFO Using network IB
c197-022:28591:28591 [1] NCCL INFO NET/IB : Using [0]mlx4_0:1/IB [RO]; OOB ib0:192.168.44.126<0>
c197-022:28591:28591 [1] NCCL INFO Using network IB
c197-022:28590:28590 [0] NCCL INFO NET/IB : Using [0]mlx4_0:1/IB [RO]; OOB ib0:192.168.44.126<0>
c197-041:11572:11572 [3] NCCL INFO Bootstrap : Using ib0:192.168.44.129<0>
c197-092:19564:19564 [3] NCCL INFO NET/IB : Using [0]mlx4_0:1/IB [RO]; OOB ib0:192.168.44.140<0>
c197-092:19564:19564 [3] NCCL INFO Using network IB
c197-022:28590:28590 [0] NCCL INFO Using network IB
c197-031:30079:30079 [2] NCCL INFO Bootstrap : Using ib0:192.168.44.127<0>
c197-041:11572:11572 [3] NCCL INFO NET/Plugin : No plugin found (libnccl-net.so), using internal implementation
c197-031:30080:30080 [3] NCCL INFO Bootstrap : Using ib0:192.168.44.127<0>
c197-031:30079:30079 [2] NCCL INFO NET/Plugin : No plugin found (libnccl-net.so), using internal implementation
c197-042:6890:6890 [2] NCCL INFO NET/IB : Using [0]mlx4_0:1/IB [RO]; OOB ib0:192.168.44.130<0>
c197-042:6890:6890 [2] NCCL INFO Using network IB
c197-031:30080:30080 [3] NCCL INFO NET/Plugin : No plugin found (libnccl-net.so), using internal implementation
c197-042:6889:6889 [1] NCCL INFO NET/IB : Using [0]mlx4_0:1/IB [RO]; OOB ib0:192.168.44.130<0>
c197-042:6889:6889 [1] NCCL INFO Using network IB
c197-042:6888:6888 [0] NCCL INFO NET/IB : Using [0]mlx4_0:1/IB [RO]; OOB ib0:192.168.44.130<0>
c197-042:6888:6888 [0] NCCL INFO Using network IB
c197-061:32068:32068 [0] NCCL INFO NET/IB : Using [0]mlx4_0:1/IB [RO]; OOB ib0:192.168.44.133<0>
c197-061:32068:32068 [0] NCCL INFO Using network IB
c197-022:28592:28592 [2] NCCL INFO NET/IB : Using [0]mlx4_0:1/IB [RO]; OOB ib0:192.168.44.126<0>
c197-022:28592:28592 [2] NCCL INFO Using network IB
c197-061:32069:32069 [1] NCCL INFO NET/IB : Using [0]mlx4_0:1/IB [RO]; OOB ib0:192.168.44.133<0>
c197-061:32069:32069 [1] NCCL INFO Using network IB
c197-041:11572:11572 [3] NCCL INFO NET/IB : Using [0]mlx4_0:1/IB [RO]; OOB ib0:192.168.44.129<0>
c197-041:11572:11572 [3] NCCL INFO Using network IB
c197-022:28593:28593 [3] NCCL INFO NET/IB : Using [0]mlx4_0:1/IB [RO]; OOB ib0:192.168.44.126<0>
c197-022:28593:28593 [3] NCCL INFO Using network IB
c197-101:18108:18108 [1] NCCL INFO Bootstrap : Using ib0:192.168.44.141<0>
c197-101:18108:18108 [1] NCCL INFO NET/Plugin : No plugin found (libnccl-net.so), using internal implementation
c197-071:5488:5488 [3] NCCL INFO Bootstrap : Using ib0:192.168.44.135<0>
c197-101:18108:18108 [1] NCCL INFO NET/IB : Using [0]mlx4_0:1/IB [RO]; OOB ib0:192.168.44.141<0>
c197-101:18108:18108 [1] NCCL INFO Using network IB
c197-071:5488:5488 [3] NCCL INFO NET/Plugin : No plugin found (libnccl-net.so), using internal implementation
c198-111:16056:16056 [1] NCCL INFO Bootstrap : Using ib0:192.168.44.165<0>
c198-101:16697:16697 [3] NCCL INFO Bootstrap : Using ib0:192.168.44.163<0>
c197-031:30079:30079 [2] NCCL INFO NET/IB : Using [0]mlx4_0:1/IB [RO]; OOB ib0:192.168.44.127<0>
c197-031:30079:30079 [2] NCCL INFO Using network IB
c197-031:30080:30080 [3] NCCL INFO NET/IB : Using [0]mlx4_0:1/IB [RO]; OOB ib0:192.168.44.127<0>
c198-101:16697:16697 [3] NCCL INFO NET/Plugin : No plugin found (libnccl-net.so), using internal implementation
c198-111:16056:16056 [1] NCCL INFO NET/Plugin : No plugin found (libnccl-net.so), using internal implementation
c197-031:30080:30080 [3] NCCL INFO Using network IB
c197-071:5487:5487 [2] NCCL INFO Bootstrap : Using ib0:192.168.44.135<0>
c197-032:6777:6777 [0] NCCL INFO Bootstrap : Using ib0:192.168.44.128<0>
c197-032:6779:6779 [2] NCCL INFO Bootstrap : Using ib0:192.168.44.128<0>
c197-071:5487:5487 [2] NCCL INFO NET/Plugin : No plugin found (libnccl-net.so), using internal implementation
c197-032:6779:6779 [2] NCCL INFO NET/Plugin : No plugin found (libnccl-net.so), using internal implementation
c198-101:16697:16697 [3] NCCL INFO NET/IB : Using [0]mlx4_0:1/IB [RO]; OOB ib0:192.168.44.163<0>
c198-101:16697:16697 [3] NCCL INFO Using network IB
c197-032:6777:6777 [0] NCCL INFO NET/Plugin : No plugin found (libnccl-net.so), using internal implementation
c197-071:5488:5488 [3] NCCL INFO NET/IB : Using [0]mlx4_0:1/IB [RO]; OOB ib0:192.168.44.135<0>
c197-071:5488:5488 [3] NCCL INFO Using network IB
c198-102:18266:18266 [0] NCCL INFO Bootstrap : Using ib0:192.168.44.164<0>
c198-102:18267:18267 [1] NCCL INFO Bootstrap : Using ib0:192.168.44.164<0>
c198-102:18266:18266 [0] NCCL INFO NET/Plugin : No plugin found (libnccl-net.so), using internal implementation
c198-102:18267:18267 [1] NCCL INFO NET/Plugin : No plugin found (libnccl-net.so), using internal implementation
c198-111:16056:16056 [1] NCCL INFO NET/IB : Using [0]mlx4_0:1/IB [RO]; OOB ib0:192.168.44.165<0>
c198-111:16056:16056 [1] NCCL INFO Using network IB
c197-071:5487:5487 [2] NCCL INFO NET/IB : Using [0]mlx4_0:1/IB [RO]; OOB ib0:192.168.44.135<0>
c197-071:5487:5487 [2] NCCL INFO Using network IB
c198-111:16055:16055 [0] NCCL INFO Bootstrap : Using ib0:192.168.44.165<0>
c198-111:16055:16055 [0] NCCL INFO NET/Plugin : No plugin found (libnccl-net.so), using internal implementation
c197-092:19563:19563 [2] NCCL INFO Bootstrap : Using ib0:192.168.44.140<0>
c197-092:19562:19562 [1] NCCL INFO Bootstrap : Using ib0:192.168.44.140<0>
c198-111:16055:16055 [0] NCCL INFO NET/IB : Using [0]mlx4_0:1/IB [RO]; OOB ib0:192.168.44.165<0>
c198-111:16055:16055 [0] NCCL INFO Using network IB
c197-092:19563:19563 [2] NCCL INFO NET/Plugin : No plugin found (libnccl-net.so), using internal implementation
c197-092:19562:19562 [1] NCCL INFO NET/Plugin : No plugin found (libnccl-net.so), using internal implementation
c197-032:6779:6779 [2] NCCL INFO NET/IB : Using [0]mlx4_0:1/IB [RO]; OOB ib0:192.168.44.128<0>
c197-032:6779:6779 [2] NCCL INFO Using network IB
c197-032:6777:6777 [0] NCCL INFO NET/IB : Using [0]mlx4_0:1/IB [RO]; OOB ib0:192.168.44.128<0>
c197-032:6777:6777 [0] NCCL INFO Using network IB
c197-092:19563:19563 [2] NCCL INFO NET/IB : Using [0]mlx4_0:1/IB [RO]; OOB ib0:192.168.44.140<0>
c197-092:19563:19563 [2] NCCL INFO Using network IB
c198-102:18266:18266 [0] NCCL INFO NET/IB : Using [0]mlx4_0:1/IB [RO]; OOB ib0:192.168.44.164<0>
c198-102:18266:18266 [0] NCCL INFO Using network IB
c197-092:19562:19562 [1] NCCL INFO NET/IB : Using [0]mlx4_0:1/IB [RO]; OOB ib0:192.168.44.140<0>
c197-092:19562:19562 [1] NCCL INFO Using network IB
c198-102:18267:18267 [1] NCCL INFO NET/IB : Using [0]mlx4_0:1/IB [RO]; OOB ib0:192.168.44.164<0>
c198-102:18267:18267 [1] NCCL INFO Using network IB
c197-041:11569:11569 [0] NCCL INFO Bootstrap : Using ib0:192.168.44.129<0>
c197-041:11570:11570 [1] NCCL INFO Bootstrap : Using ib0:192.168.44.129<0>
c197-041:11569:11569 [0] NCCL INFO NET/Plugin : No plugin found (libnccl-net.so), using internal implementation
c197-041:11570:11570 [1] NCCL INFO NET/Plugin : No plugin found (libnccl-net.so), using internal implementation
c197-101:18107:18107 [0] NCCL INFO Bootstrap : Using ib0:192.168.44.141<0>
c197-101:18107:18107 [0] NCCL INFO NET/Plugin : No plugin found (libnccl-net.so), using internal implementation
c197-071:5486:5486 [1] NCCL INFO Bootstrap : Using ib0:192.168.44.135<0>
c197-071:5485:5485 [0] NCCL INFO Bootstrap : Using ib0:192.168.44.135<0>
c197-071:5485:5485 [0] NCCL INFO NET/Plugin : No plugin found (libnccl-net.so), using internal implementation
c197-071:5486:5486 [1] NCCL INFO NET/Plugin : No plugin found (libnccl-net.so), using internal implementation
c197-101:18107:18107 [0] NCCL INFO NET/IB : Using [0]mlx4_0:1/IB [RO]; OOB ib0:192.168.44.141<0>
c197-101:18107:18107 [0] NCCL INFO Using network IB
c197-041:11569:11569 [0] NCCL INFO NET/IB : Using [0]mlx4_0:1/IB [RO]; OOB ib0:192.168.44.129<0>
c197-041:11569:11569 [0] NCCL INFO Using network IB
c197-041:11570:11570 [1] NCCL INFO NET/IB : Using [0]mlx4_0:1/IB [RO]; OOB ib0:192.168.44.129<0>
c197-041:11570:11570 [1] NCCL INFO Using network IB
c197-031:30077:30077 [0] NCCL INFO Bootstrap : Using ib0:192.168.44.127<0>
c197-031:30077:30077 [0] NCCL INFO NET/Plugin : No plugin found (libnccl-net.so), using internal implementation
c197-071:5486:5486 [1] NCCL INFO NET/IB : Using [0]mlx4_0:1/IB [RO]; OOB ib0:192.168.44.135<0>
c197-071:5486:5486 [1] NCCL INFO Using network IB
c197-071:5485:5485 [0] NCCL INFO NET/IB : Using [0]mlx4_0:1/IB [RO]; OOB ib0:192.168.44.135<0>
c197-071:5485:5485 [0] NCCL INFO Using network IB
c197-031:30077:30077 [0] NCCL INFO NET/IB : Using [0]mlx4_0:1/IB [RO]; OOB ib0:192.168.44.127<0>
c197-031:30077:30077 [0] NCCL INFO Using network IB
c198-101:16695:16695 [1] NCCL INFO Bootstrap : Using ib0:192.168.44.163<0>
c198-101:16694:16694 [0] NCCL INFO Bootstrap : Using ib0:192.168.44.163<0>
c198-101:16694:16694 [0] NCCL INFO NET/Plugin : No plugin found (libnccl-net.so), using internal implementation
c198-101:16695:16695 [1] NCCL INFO NET/Plugin : No plugin found (libnccl-net.so), using internal implementation
c198-091:27074:27074 [0] NCCL INFO Bootstrap : Using ib0:192.168.44.161<0>
c198-091:27076:27076 [2] NCCL INFO Bootstrap : Using ib0:192.168.44.161<0>
c198-091:27075:27075 [1] NCCL INFO Bootstrap : Using ib0:192.168.44.161<0>
c198-091:27077:27077 [3] NCCL INFO Bootstrap : Using ib0:192.168.44.161<0>
c198-091:27074:27074 [0] NCCL INFO NET/Plugin : No plugin found (libnccl-net.so), using internal implementation
c198-091:27075:27075 [1] NCCL INFO NET/Plugin : No plugin found (libnccl-net.so), using internal implementation
c198-091:27076:27076 [2] NCCL INFO NET/Plugin : No plugin found (libnccl-net.so), using internal implementation
c198-091:27077:27077 [3] NCCL INFO NET/Plugin : No plugin found (libnccl-net.so), using internal implementation
c198-101:16694:16694 [0] NCCL INFO NET/IB : Using [0]mlx4_0:1/IB [RO]; OOB ib0:192.168.44.163<0>
c198-101:16694:16694 [0] NCCL INFO Using network IB
c198-101:16695:16695 [1] NCCL INFO NET/IB : Using [0]mlx4_0:1/IB [RO]; OOB ib0:192.168.44.163<0>
c198-101:16695:16695 [1] NCCL INFO Using network IB
c197-031:30078:30078 [1] NCCL INFO Bootstrap : Using ib0:192.168.44.127<0>
c197-031:30078:30078 [1] NCCL INFO NET/Plugin : No plugin found (libnccl-net.so), using internal implementation
c197-031:30078:30078 [1] NCCL INFO NET/IB : Using [0]mlx4_0:1/IB [RO]; OOB ib0:192.168.44.127<0>
c197-031:30078:30078 [1] NCCL INFO Using network IB
c198-091:27074:27074 [0] NCCL INFO NET/IB : Using [0]mlx4_0:1/IB [RO]; OOB ib0:192.168.44.161<0>
c198-091:27074:27074 [0] NCCL INFO Using network IB
c198-091:27075:27075 [1] NCCL INFO NET/IB : Using [0]mlx4_0:1/IB [RO]; OOB ib0:192.168.44.161<0>
c198-091:27075:27075 [1] NCCL INFO Using network IB
c198-091:27077:27077 [3] NCCL INFO NET/IB : Using [0]mlx4_0:1/IB [RO]; OOB ib0:192.168.44.161<0>
c198-091:27077:27077 [3] NCCL INFO Using network IB
c198-091:27076:27076 [2] NCCL INFO NET/IB : Using [0]mlx4_0:1/IB [RO]; OOB ib0:192.168.44.161<0>
c198-091:27076:27076 [2] NCCL INFO Using network IB
c196-062:5025:5059 [0] NCCL INFO Setting affinity for GPU 0 to 0f000f
c196-062:5028:5066 [3] NCCL INFO Setting affinity for GPU 3 to f000f000
c198-111:16058:16090 [3] NCCL INFO Setting affinity for GPU 3 to f000f000
c199-011:17442:17480 [0] NCCL INFO Setting affinity for GPU 0 to 0f000f
c197-022:28593:28630 [3] NCCL INFO Setting affinity for GPU 3 to f000f000
c197-031:30080:30113 [3] NCCL INFO Setting affinity for GPU 3 to f000f000
c198-102:18269:18301 [3] NCCL INFO Setting affinity for GPU 3 to f000f000
c196-062:5027:5064 [2] NCCL INFO Setting affinity for GPU 2 to 0f000f00
c197-042:6888:6929 [0] NCCL INFO Setting affinity for GPU 0 to 0f000f
c197-092:19564:19597 [3] NCCL INFO Setting affinity for GPU 3 to f000f000
c199-011:17443:17482 [1] NCCL INFO Setting affinity for GPU 1 to f000f0
c197-031:30077:30115 [0] NCCL INFO Setting affinity for GPU 0 to 0f000f
c197-031:30079:30112 [2] NCCL INFO Setting affinity for GPU 2 to 0f000f00
c199-011:17445:17476 [3] NCCL INFO Setting affinity for GPU 3 to f000f000
c198-111:16055:16096 [0] NCCL INFO Setting affinity for GPU 0 to 0f000f
c197-092:19561:19595 [0] NCCL INFO Setting affinity for GPU 0 to 0f000f
c197-022:28590:28626 [0] NCCL INFO Setting affinity for GPU 0 to 0f000f
c199-011:17444:17478 [2] NCCL INFO Setting affinity for GPU 2 to 0f000f00
c197-022:28591:28625 [1] NCCL INFO Setting affinity for GPU 1 to f000f0
c198-111:16057:16092 [2] NCCL INFO Setting affinity for GPU 2 to 0f000f00
c198-102:18266:18305 [0] NCCL INFO Setting affinity for GPU 0 to 0f000f
c198-111:16056:16094 [1] NCCL INFO Setting affinity for GPU 1 to f000f0
c197-071:5488:5519 [3] NCCL INFO Setting affinity for GPU 3 to f000f000
c198-102:18267:18306 [1] NCCL INFO Setting affinity for GPU 1 to f000f0
c197-041:11572:11605 [3] NCCL INFO Setting affinity for GPU 3 to f000f000
c197-042:6889:6928 [1] NCCL INFO Setting affinity for GPU 1 to f000f0
c197-042:6891:6922 [3] NCCL INFO Setting affinity for GPU 3 to f000f000
c197-031:30078:30117 [1] NCCL INFO Setting affinity for GPU 1 to f000f0
c196-062:5026:5068 [1] NCCL INFO Setting affinity for GPU 1 to f000f0
c197-092:19563:19600 [2] NCCL INFO Setting affinity for GPU 2 to 0f000f00
c197-022:28592:28629 [2] NCCL INFO Setting affinity for GPU 2 to 0f000f00
c198-101:16697:16730 [3] NCCL INFO Setting affinity for GPU 3 to f000f000
c198-102:18268:18302 [2] NCCL INFO Setting affinity for GPU 2 to 0f000f00
c197-092:19562:19601 [1] NCCL INFO Setting affinity for GPU 1 to f000f0
c197-101:18110:18142 [3] NCCL INFO Setting affinity for GPU 3 to f000f000
c197-041:11569:11608 [0] NCCL INFO Setting affinity for GPU 0 to 0f000f
c199-012:23680:23714 [3] NCCL INFO Setting affinity for GPU 3 to f000f000
c197-071:5485:5525 [0] NCCL INFO Setting affinity for GPU 0 to 0f000f
c197-041:11571:11603 [2] NCCL INFO Setting affinity for GPU 2 to 0f000f00
c197-071:5486:5524 [1] NCCL INFO Setting affinity for GPU 1 to f000f0
c197-061:32071:32104 [3] NCCL INFO Setting affinity for GPU 3 to f000f000
c197-041:11570:11609 [1] NCCL INFO Setting affinity for GPU 1 to f000f0
c197-071:5487:5521 [2] NCCL INFO Setting affinity for GPU 2 to 0f000f00
c197-101:18107:18147 [0] NCCL INFO Setting affinity for GPU 0 to 0f000f
c198-101:16694:16733 [0] NCCL INFO Setting affinity for GPU 0 to 0f000f
c199-012:23679:23715 [2] NCCL INFO Setting affinity for GPU 2 to 0f000f00
c199-012:23677:23717 [0] NCCL INFO Setting affinity for GPU 0 to 0f000f
c198-101:16696:16728 [2] NCCL INFO Setting affinity for GPU 2 to 0f000f00
c197-101:18108:18145 [1] NCCL INFO Setting affinity for GPU 1 to f000f0
c197-032:6777:6817 [0] NCCL INFO Setting affinity for GPU 0 to 0f000f
c197-042:6890:6925 [2] NCCL INFO Setting affinity for GPU 2 to 0f000f00
c197-061:32068:32107 [0] NCCL INFO Setting affinity for GPU 0 to 0f000f
c197-101:18109:18143 [2] NCCL INFO Setting affinity for GPU 2 to 0f000f00
c198-101:16695:16734 [1] NCCL INFO Setting affinity for GPU 1 to f000f0
c197-061:32069:32108 [1] NCCL INFO Setting affinity for GPU 1 to f000f0
c197-061:32070:32103 [2] NCCL INFO Setting affinity for GPU 2 to 0f000f00
c197-032:6780:6813 [3] NCCL INFO Setting affinity for GPU 3 to f000f000
c197-032:6778:6811 [1] NCCL INFO Setting affinity for GPU 1 to f000f0
c197-032:6779:6815 [2] NCCL INFO Setting affinity for GPU 2 to 0f000f00
c199-012:23678:23711 [1] NCCL INFO Setting affinity for GPU 1 to f000f0
c198-091:27077:27113 [3] NCCL INFO Setting affinity for GPU 3 to f000f000
c198-091:27074:27108 [0] NCCL INFO Setting affinity for GPU 0 to 0f000f
c198-091:27075:27111 [1] NCCL INFO Setting affinity for GPU 1 to f000f0
c198-091:27076:27114 [2] NCCL INFO Setting affinity for GPU 2 to 0f000f00
c197-101:18110:18142 [3] NCCL INFO Trees [0] -1/-1/-1->39->38 [1] -1/-1/-1->39->38
c198-091:27075:27111 [1] NCCL INFO Trees [0] 42/36/-1->41->40 [1] 42/-1/-1->41->40
c197-061:32069:32108 [1] NCCL INFO Trees [0] 26/20/-1->25->24 [1] 26/-1/-1->25->24
c197-071:5487:5521 [2] NCCL INFO Trees [0] 31/-1/-1->30->29 [1] 31/-1/-1->30->29
c197-092:19563:19600 [2] NCCL INFO Trees [0] 35/-1/-1->34->33 [1] 35/-1/-1->34->33
c197-101:18109:18143 [2] NCCL INFO Trees [0] 39/-1/-1->38->37 [1] 39/-1/-1->38->37
c198-091:27076:27114 [2] NCCL INFO Trees [0] 43/-1/-1->42->41 [1] 43/-1/-1->42->41
c197-031:30080:30113 [3] NCCL INFO Trees [0] -1/-1/-1->11->10 [1] -1/-1/-1->11->10
c197-032:6780:6813 [3] NCCL INFO Trees [0] -1/-1/-1->15->14 [1] -1/-1/-1->15->14
c197-061:32070:32103 [2] NCCL INFO Trees [0] 27/-1/-1->26->25 [1] 27/-1/-1->26->25
c197-041:11571:11603 [2] NCCL INFO Trees [0] 19/-1/-1->18->17 [1] 19/-1/-1->18->17
c197-042:6891:6922 [3] NCCL INFO Trees [0] -1/-1/-1->23->22 [1] -1/-1/-1->23->22
c197-071:5488:5519 [3] NCCL INFO Trees [0] -1/-1/-1->31->30 [1] -1/-1/-1->31->30
c197-092:19564:19597 [3] NCCL INFO Trees [0] -1/-1/-1->35->34 [1] -1/-1/-1->35->34
c197-101:18108:18145 [1] NCCL INFO Trees [0] 38/-1/-1->37->36 [1] 38/40/-1->37->36
c198-091:27077:27113 [3] NCCL INFO Trees [0] -1/-1/-1->43->42 [1] -1/-1/-1->43->42
c196-062:5025:5059 [0] NCCL INFO Channel 00/02 :    0   1   2   3   4   5   6   7   8   9  10  11  12  13  14  15  16  17  18  19
c196-062:5025:5059 [0] NCCL INFO Channel 01/02 :    0   1   2   3   4   5   6   7   8   9  10  11  12  13  14  15  16  17  18  19
c197-022:28590:28626 [0] NCCL INFO Trees [0] 5/-1/-1->4->9 [1] 5/0/-1->4->12
c197-031:30078:30117 [1] NCCL INFO Trees [0] 10/4/-1->9->8 [1] 10/-1/-1->9->8
c197-032:6779:6815 [2] NCCL INFO Trees [0] 15/-1/-1->14->13 [1] 15/-1/-1->14->13
c197-061:32071:32104 [3] NCCL INFO Trees [0] -1/-1/-1->27->26 [1] -1/-1/-1->27->26
c197-041:11572:11605 [3] NCCL INFO Trees [0] -1/-1/-1->19->18 [1] -1/-1/-1->19->18
c197-042:6888:6929 [0] NCCL INFO Trees [0] 21/-1/-1->20->25 [1] 21/16/-1->20->13
c197-071:5485:5525 [0] NCCL INFO Trees [0] 29/-1/-1->28->24 [1] 29/12/-1->28->60
c197-092:19562:19601 [1] NCCL INFO Trees [0] 34/16/-1->33->32 [1] 34/-1/-1->33->32
c197-101:18107:18147 [0] NCCL INFO Trees [0] 37/-1/-1->36->41 [1] 37/32/-1->36->44
c198-101:16697:16730 [3] NCCL INFO Trees [0] -1/-1/-1->47->46 [1] -1/-1/-1->47->46
c199-011:17444:17478 [2] NCCL INFO Trees [0] 59/-1/-1->58->57 [1] 59/-1/-1->58->57
c198-091:27074:27108 [0] NCCL INFO Trees [0] 41/44/-1->40->49 [1] 41/-1/-1->40->37
c198-102:18267:18306 [1] NCCL INFO Trees [0] 50/40/-1->49->48 [1] 50/-1/-1->49->48
c198-111:16055:16096 [0] NCCL INFO Trees [0] 53/-1/-1->52->57 [1] 53/48/-1->52->45
c199-012:23677:23717 [0] NCCL INFO Trees [0] 61/-1/-1->60->56 [1] 61/28/-1->60->-1
c196-062:5026:5068 [1] NCCL INFO Trees [0] 2/-1/-1->1->0 [1] 2/-1/-1->1->0
c197-022:28592:28629 [2] NCCL INFO Trees [0] 7/-1/-1->6->5 [1] 7/-1/-1->6->5
c197-031:30079:30112 [2] NCCL INFO Trees [0] 11/-1/-1->10->9 [1] 11/-1/-1->10->9
c197-032:6778:6811 [1] NCCL INFO Trees [0] 14/-1/-1->13->12 [1] 14/20/-1->13->12
c197-061:32068:32107 [0] NCCL INFO Trees [0] 25/28/-1->24->16 [1] 25/-1/-1->24->21
c197-041:11569:11608 [0] NCCL INFO Trees [0] 17/24/-1->16->33 [1] 17/-1/-1->16->20
c197-042:6889:6928 [1] NCCL INFO Trees [0] 22/-1/-1->21->20 [1] 22/24/-1->21->20
c197-071:5486:5524 [1] NCCL INFO Trees [0] 30/-1/-1->29->28 [1] 30/44/-1->29->28
c197-092:19561:19595 [0] NCCL INFO Trees [0] 33/48/-1->32->0 [1] 33/-1/-1->32->36
c198-101:16694:16733 [0] NCCL INFO Trees [0] 45/-1/-1->44->40 [1] 45/36/-1->44->29
c199-011:17445:17476 [3] NCCL INFO Trees [0] -1/-1/-1->59->58 [1] -1/-1/-1->59->58
c198-102:18268:18302 [2] NCCL INFO Trees [0] 51/-1/-1->50->49 [1] 51/-1/-1->50->49
c198-111:16056:16094 [1] NCCL INFO Trees [0] 54/-1/-1->53->52 [1] 54/56/-1->53->52
c199-012:23678:23711 [1] NCCL INFO Trees [0] 62/-1/-1->61->60 [1] 62/-1/-1->61->60
c196-062:5028:5066 [3] NCCL INFO Trees [0] -1/-1/-1->3->2 [1] -1/-1/-1->3->2
c197-022:28593:28630 [3] NCCL INFO Trees [0] -1/-1/-1->7->6 [1] -1/-1/-1->7->6
c197-031:30077:30115 [0] NCCL INFO Trees [0] 9/12/-1->8->17 [1] 9/-1/-1->8->5
c197-032:6777:6817 [0] NCCL INFO Trees [0] 13/-1/-1->12->8 [1] 13/4/-1->12->28
c197-041:11570:11609 [1] NCCL INFO Trees [0] 18/8/-1->17->16 [1] 18/-1/-1->17->16
c197-042:6890:6925 [2] NCCL INFO Trees [0] 23/-1/-1->22->21 [1] 23/-1/-1->22->21
c198-101:16695:16734 [1] NCCL INFO Trees [0] 46/-1/-1->45->44 [1] 46/52/-1->45->44
c199-011:17442:17480 [0] NCCL INFO Trees [0] 57/60/-1->56->48 [1] 57/-1/-1->56->53
c198-102:18269:18301 [3] NCCL INFO Trees [0] -1/-1/-1->51->50 [1] -1/-1/-1->51->50
c198-111:16057:16092 [2] NCCL INFO Trees [0] 55/-1/-1->54->53 [1] 55/-1/-1->54->53
c199-012:23679:23715 [2] NCCL INFO Trees [0] 63/-1/-1->62->61 [1] 63/-1/-1->62->61
c196-062:5025:5059 [0] NCCL INFO Trees [0] 1/32/-1->0->-1 [1] 1/-1/-1->0->4
c197-022:28591:28625 [1] NCCL INFO Trees [0] 6/-1/-1->5->4 [1] 6/8/-1->5->4
c198-101:16696:16728 [2] NCCL INFO Trees [0] 47/-1/-1->46->45 [1] 47/-1/-1->46->45
c199-011:17443:17482 [1] NCCL INFO Trees [0] 58/52/-1->57->56 [1] 58/-1/-1->57->56
c198-102:18266:18305 [0] NCCL INFO Trees [0] 49/56/-1->48->32 [1] 49/-1/-1->48->52
c198-111:16058:16090 [3] NCCL INFO Trees [0] -1/-1/-1->55->54 [1] -1/-1/-1->55->54
c199-012:23680:23714 [3] NCCL INFO Trees [0] -1/-1/-1->63->62 [1] -1/-1/-1->63->62
c196-062:5027:5064 [2] NCCL INFO Trees [0] 3/-1/-1->2->1 [1] 3/-1/-1->2->1
c198-091:27074:27108 [0] NCCL INFO Channel 00/0 : 39[83000] -> 40[2000] [receive] via NET/IB/0
c197-042:6888:6929 [0] NCCL INFO Channel 00/0 : 19[83000] -> 20[2000] [receive] via NET/IB/0
c197-022:28590:28626 [0] NCCL INFO Channel 00/0 : 3[83000] -> 4[2000] [receive] via NET/IB/0
c197-041:11569:11608 [0] NCCL INFO Channel 00/0 : 15[83000] -> 16[2000] [receive] via NET/IB/0
c197-092:19561:19595 [0] NCCL INFO Channel 00/0 : 31[83000] -> 32[2000] [receive] via NET/IB/0
c197-101:18107:18147 [0] NCCL INFO Channel 00/0 : 35[83000] -> 36[2000] [receive] via NET/IB/0
c197-032:6777:6817 [0] NCCL INFO Channel 00/0 : 11[83000] -> 12[2000] [receive] via NET/IB/0
c199-011:17442:17480 [0] NCCL INFO Channel 00/0 : 55[83000] -> 56[2000] [receive] via NET/IB/0
c199-012:23677:23717 [0] NCCL INFO Channel 00/0 : 59[83000] -> 60[2000] [receive] via NET/IB/0
c197-031:30077:30115 [0] NCCL INFO Channel 00/0 : 7[83000] -> 8[2000] [receive] via NET/IB/0
c197-061:32068:32107 [0] NCCL INFO Channel 00/0 : 23[83000] -> 24[2000] [receive] via NET/IB/0
c198-111:16055:16096 [0] NCCL INFO Channel 00/0 : 51[83000] -> 52[2000] [receive] via NET/IB/0
c198-101:16694:16733 [0] NCCL INFO Channel 00/0 : 43[83000] -> 44[2000] [receive] via NET/IB/0
c198-102:18266:18305 [0] NCCL INFO Channel 00/0 : 47[83000] -> 48[2000] [receive] via NET/IB/0
c196-062:5025:5059 [0] NCCL INFO Channel 00/0 : 63[83000] -> 0[2000] [receive] via NET/IB/0
c197-071:5485:5525 [0] NCCL INFO Channel 00/0 : 27[83000] -> 28[2000] [receive] via NET/IB/0
c197-022:28592:28629 [2] NCCL INFO Channel 00 : 6[82000] -> 7[83000] via direct shared memory
c197-042:6890:6925 [2] NCCL INFO Channel 00 : 22[82000] -> 23[83000] via direct shared memory
c197-071:5487:5521 [2] NCCL INFO Channel 00 : 30[82000] -> 31[83000] via direct shared memory
c198-101:16696:16728 [2] NCCL INFO Channel 00 : 46[82000] -> 47[83000] via direct shared memory
c197-022:28592:28629 [2] NCCL INFO Channel 01 : 6[82000] -> 7[83000] via direct shared memory
c197-031:30079:30112 [2] NCCL INFO Channel 00 : 10[82000] -> 11[83000] via direct shared memory
c197-042:6889:6928 [1] NCCL INFO Channel 00 : 21[3000] -> 22[82000] via direct shared memory
c197-071:5487:5521 [2] NCCL INFO Channel 01 : 30[82000] -> 31[83000] via direct shared memory
c198-101:16696:16728 [2] NCCL INFO Channel 01 : 46[82000] -> 47[83000] via direct shared memory
c199-011:17444:17478 [2] NCCL INFO Channel 00 : 58[82000] -> 59[83000] via direct shared memory
c197-042:6890:6925 [2] NCCL INFO Channel 01 : 22[82000] -> 23[83000] via direct shared memory
c199-011:17443:17482 [1] NCCL INFO Channel 00 : 57[3000] -> 58[82000] via direct shared memory
c198-111:16057:16092 [2] NCCL INFO Channel 00 : 54[82000] -> 55[83000] via direct shared memory
c197-061:32070:32103 [2] NCCL INFO Channel 00 : 26[82000] -> 27[83000] via direct shared memory
c197-042:6889:6928 [1] NCCL INFO Channel 01 : 21[3000] -> 22[82000] via direct shared memory
c199-011:17444:17478 [2] NCCL INFO Channel 01 : 58[82000] -> 59[83000] via direct shared memory
c198-091:27076:27114 [2] NCCL INFO Channel 00 : 42[82000] -> 43[83000] via direct shared memory
c199-012:23679:23715 [2] NCCL INFO Channel 00 : 62[82000] -> 63[83000] via direct shared memory
c197-022:28591:28625 [1] NCCL INFO Channel 00 : 5[3000] -> 6[82000] via direct shared memory
c197-031:30079:30112 [2] NCCL INFO Channel 01 : 10[82000] -> 11[83000] via direct shared memory
c197-032:6779:6815 [2] NCCL INFO Channel 00 : 14[82000] -> 15[83000] via direct shared memory
c197-061:32070:32103 [2] NCCL INFO Channel 01 : 26[82000] -> 27[83000] via direct shared memory
c199-011:17443:17482 [1] NCCL INFO Channel 01 : 57[3000] -> 58[82000] via direct shared memory
c198-091:27075:27111 [1] NCCL INFO Channel 00 : 41[3000] -> 42[82000] via direct shared memory
c198-102:18268:18302 [2] NCCL INFO Channel 00 : 50[82000] -> 51[83000] via direct shared memory
c198-111:16057:16092 [2] NCCL INFO Channel 01 : 54[82000] -> 55[83000] via direct shared memory
c199-012:23679:23715 [2] NCCL INFO Channel 01 : 62[82000] -> 63[83000] via direct shared memory
c197-022:28591:28625 [1] NCCL INFO Channel 01 : 5[3000] -> 6[82000] via direct shared memory
c197-031:30078:30117 [1] NCCL INFO Channel 00 : 9[3000] -> 10[82000] via direct shared memory
c197-032:6778:6811 [1] NCCL INFO Channel 00 : 13[3000] -> 14[82000] via direct shared memory
c197-092:19563:19600 [2] NCCL INFO Channel 00 : 34[82000] -> 35[83000] via direct shared memory
c198-091:27076:27114 [2] NCCL INFO Channel 01 : 42[82000] -> 43[83000] via direct shared memory
c198-102:18268:18302 [2] NCCL INFO Channel 01 : 50[82000] -> 51[83000] via direct shared memory
c199-012:23678:23711 [1] NCCL INFO Channel 00 : 61[3000] -> 62[82000] via direct shared memory
c197-031:30078:30117 [1] NCCL INFO Channel 01 : 9[3000] -> 10[82000] via direct shared memory
c197-032:6779:6815 [2] NCCL INFO Channel 01 : 14[82000] -> 15[83000] via direct shared memory
c197-092:19562:19601 [1] NCCL INFO Channel 00 : 33[3000] -> 34[82000] via direct shared memory
c197-101:18109:18143 [2] NCCL INFO Channel 00 : 38[82000] -> 39[83000] via direct shared memory
c198-091:27075:27111 [1] NCCL INFO Channel 01 : 41[3000] -> 42[82000] via direct shared memory
c198-102:18267:18306 [1] NCCL INFO Channel 00 : 49[3000] -> 50[82000] via direct shared memory
c198-111:16056:16094 [1] NCCL INFO Channel 00 : 53[3000] -> 54[82000] via direct shared memory
c199-012:23678:23711 [1] NCCL INFO Channel 01 : 61[3000] -> 62[82000] via direct shared memory
c197-032:6778:6811 [1] NCCL INFO Channel 01 : 13[3000] -> 14[82000] via direct shared memory
c197-061:32069:32108 [1] NCCL INFO Channel 00 : 25[3000] -> 26[82000] via direct shared memory
c197-071:5486:5524 [1] NCCL INFO Channel 00 : 29[3000] -> 30[82000] via direct shared memory
c197-092:19563:19600 [2] NCCL INFO Channel 01 : 34[82000] -> 35[83000] via direct shared memory
c197-101:18108:18145 [1] NCCL INFO Channel 00 : 37[3000] -> 38[82000] via direct shared memory
c198-101:16695:16734 [1] NCCL INFO Channel 00 : 45[3000] -> 46[82000] via direct shared memory
c198-102:18267:18306 [1] NCCL INFO Channel 01 : 49[3000] -> 50[82000] via direct shared memory
c198-111:16056:16094 [1] NCCL INFO Channel 01 : 53[3000] -> 54[82000] via direct shared memory
c197-061:32069:32108 [1] NCCL INFO Channel 01 : 25[3000] -> 26[82000] via direct shared memory
c197-041:11571:11603 [2] NCCL INFO Channel 00 : 18[82000] -> 19[83000] via direct shared memory
c197-071:5486:5524 [1] NCCL INFO Channel 01 : 29[3000] -> 30[82000] via direct shared memory
c197-092:19562:19601 [1] NCCL INFO Channel 01 : 33[3000] -> 34[82000] via direct shared memory
c197-101:18109:18143 [2] NCCL INFO Channel 01 : 38[82000] -> 39[83000] via direct shared memory
c198-101:16695:16734 [1] NCCL INFO Channel 01 : 45[3000] -> 46[82000] via direct shared memory
c197-041:11570:11609 [1] NCCL INFO Channel 00 : 17[3000] -> 18[82000] via direct shared memory
c197-101:18108:18145 [1] NCCL INFO Channel 01 : 37[3000] -> 38[82000] via direct shared memory
c196-062:5027:5064 [2] NCCL INFO Channel 00 : 2[82000] -> 3[83000] via direct shared memory
c197-041:11571:11603 [2] NCCL INFO Channel 01 : 18[82000] -> 19[83000] via direct shared memory
c196-062:5026:5068 [1] NCCL INFO Channel 00 : 1[3000] -> 2[82000] via direct shared memory
c197-041:11570:11609 [1] NCCL INFO Channel 01 : 17[3000] -> 18[82000] via direct shared memory
c196-062:5027:5064 [2] NCCL INFO Channel 01 : 2[82000] -> 3[83000] via direct shared memory
c196-062:5026:5068 [1] NCCL INFO Channel 01 : 1[3000] -> 2[82000] via direct shared memory
c199-011:17445:17476 [3] NCCL INFO Channel 00/0 : 59[83000] -> 60[2000] [send] via NET/IB/0
c197-042:6891:6922 [3] NCCL INFO Channel 00/0 : 23[83000] -> 24[2000] [send] via NET/IB/0
c197-022:28593:28630 [3] NCCL INFO Channel 00/0 : 7[83000] -> 8[2000] [send] via NET/IB/0
c197-031:30080:30113 [3] NCCL INFO Channel 00/0 : 11[83000] -> 12[2000] [send] via NET/IB/0
c198-101:16697:16730 [3] NCCL INFO Channel 00/0 : 47[83000] -> 48[2000] [send] via NET/IB/0
c198-111:16058:16090 [3] NCCL INFO Channel 00/0 : 55[83000] -> 56[2000] [send] via NET/IB/0
c197-032:6780:6813 [3] NCCL INFO Channel 00/0 : 15[83000] -> 16[2000] [send] via NET/IB/0
c197-071:5488:5519 [3] NCCL INFO Channel 00/0 : 31[83000] -> 32[2000] [send] via NET/IB/0
c199-012:23680:23714 [3] NCCL INFO Channel 00/0 : 63[83000] -> 0[2000] [send] via NET/IB/0
c198-091:27077:27113 [3] NCCL INFO Channel 00/0 : 43[83000] -> 44[2000] [send] via NET/IB/0
c198-102:18269:18301 [3] NCCL INFO Channel 00/0 : 51[83000] -> 52[2000] [send] via NET/IB/0
c197-061:32071:32104 [3] NCCL INFO Channel 00/0 : 27[83000] -> 28[2000] [send] via NET/IB/0
c197-092:19564:19597 [3] NCCL INFO Channel 00/0 : 35[83000] -> 36[2000] [send] via NET/IB/0
c197-101:18110:18142 [3] NCCL INFO Channel 00/0 : 39[83000] -> 40[2000] [send] via NET/IB/0
c197-041:11572:11605 [3] NCCL INFO Channel 00/0 : 19[83000] -> 20[2000] [send] via NET/IB/0
c196-062:5028:5066 [3] NCCL INFO Channel 00/0 : 3[83000] -> 4[2000] [send] via NET/IB/0
c197-041:11569:11608 [0] NCCL INFO Channel 01/0 : 15[83000] -> 16[2000] [receive] via NET/IB/0
c197-101:18107:18147 [0] NCCL INFO Channel 01/0 : 35[83000] -> 36[2000] [receive] via NET/IB/0
c197-041:11569:11608 [0] NCCL INFO Channel 00 : 16[2000] -> 17[3000] via direct shared memory
c197-042:6888:6929 [0] NCCL INFO Channel 01/0 : 19[83000] -> 20[2000] [receive] via NET/IB/0
c198-091:27074:27108 [0] NCCL INFO Channel 01/0 : 39[83000] -> 40[2000] [receive] via NET/IB/0
c197-041:11569:11608 [0] NCCL INFO Channel 01 : 16[2000] -> 17[3000] via direct shared memory
c197-101:18107:18147 [0] NCCL INFO Channel 00 : 36[2000] -> 37[3000] via direct shared memory
c197-022:28590:28626 [0] NCCL INFO Channel 01/0 : 3[83000] -> 4[2000] [receive] via NET/IB/0
c197-042:6888:6929 [0] NCCL INFO Channel 00 : 20[2000] -> 21[3000] via direct shared memory
c197-101:18107:18147 [0] NCCL INFO Channel 01 : 36[2000] -> 37[3000] via direct shared memory
c198-091:27074:27108 [0] NCCL INFO Channel 00 : 40[2000] -> 41[3000] via direct shared memory
c197-031:30077:30115 [0] NCCL INFO Channel 01/0 : 7[83000] -> 8[2000] [receive] via NET/IB/0
c197-042:6888:6929 [0] NCCL INFO Channel 01 : 20[2000] -> 21[3000] via direct shared memory
c197-092:19561:19595 [0] NCCL INFO Channel 01/0 : 31[83000] -> 32[2000] [receive] via NET/IB/0
c199-011:17442:17480 [0] NCCL INFO Channel 01/0 : 55[83000] -> 56[2000] [receive] via NET/IB/0
c199-011:17442:17480 [0] NCCL INFO Channel 00 : 56[2000] -> 57[3000] via direct shared memory
c198-091:27074:27108 [0] NCCL INFO Channel 01 : 40[2000] -> 41[3000] via direct shared memory
c198-102:18266:18305 [0] NCCL INFO Channel 01/0 : 47[83000] -> 48[2000] [receive] via NET/IB/0
