c198-101:16599:16641 [0] NCCL INFO Channel 01/0 : 40[2000] -> 44[2000] [receive] via NET/IB/0
c198-091:26985:27022 [2] NCCL INFO Channel 03 : 42[82000] -> 43[83000] via direct shared memory
c198-091:26986:27019 [3] NCCL INFO Channel 02 : 43[83000] -> 42[82000] via direct shared memory
c198-091:26986:27019 [3] NCCL INFO Channel 03 : 43[83000] -> 42[82000] via direct shared memory
c198-101:16600:16640 [1] NCCL INFO Channel 02/0 : 45[3000] -> 52[2000] [send] via NET/IB/0
c197-071:5391:5431 [0] NCCL INFO Connected all trees
c197-071:5391:5431 [0] NCCL INFO MSCCL_XML_FILES set by environment to /home1/09168/ldai1/ccl-build/msccl_tools_lyd/examples/xml/xml_lyd/binary_h_gpu01_reverse_p/allreduce_binary_tree_p_gpu01_16nodes_channel4_chunk4.xml
c197-071:5391:5431 [0] NCCL INFO MSCCL: Parsing algorithm /home1/09168/ldai1/ccl-build/msccl_tools_lyd/examples/xml/xml_lyd/binary_h_gpu01_reverse_p/allreduce_binary_tree_p_gpu01_16nodes_channel4_chunk4.xml
c197-071:5392:5433 [1] NCCL INFO Connected all trees
c197-071:5392:5433 [1] NCCL INFO MSCCL_XML_FILES set by environment to /home1/09168/ldai1/ccl-build/msccl_tools_lyd/examples/xml/xml_lyd/binary_h_gpu01_reverse_p/allreduce_binary_tree_p_gpu01_16nodes_channel4_chunk4.xml
c197-071:5392:5433 [1] NCCL INFO MSCCL: Parsing algorithm /home1/09168/ldai1/ccl-build/msccl_tools_lyd/examples/xml/xml_lyd/binary_h_gpu01_reverse_p/allreduce_binary_tree_p_gpu01_16nodes_channel4_chunk4.xml
c198-101:16601:16635 [2] NCCL INFO Channel 02 : 46[82000] -> 45[3000] via direct shared memory
c198-101:16601:16635 [2] NCCL INFO Channel 03 : 46[82000] -> 45[3000] via direct shared memory
c197-041:11479:11518 [1] NCCL INFO Channel 02 : 17[3000] -> 18[82000] via direct shared memory
c197-041:11479:11518 [1] NCCL INFO Channel 03 : 17[3000] -> 18[82000] via direct shared memory
c197-071:5391:5431 [0] NCCL INFO Parsed MSCCL Algorithm /home1/09168/ldai1/ccl-build/msccl_tools_lyd/examples/xml/xml_lyd/binary_h_gpu01_reverse_p/allreduce_binary_tree_p_gpu01_16nodes_channel4_chunk4.xml successfully.
c198-101:16602:16637 [3] NCCL INFO Connected 1 MSCCL algorithms
c198-101:16602:16637 [3] NCCL INFO NCCL_NTHREADS set by environment to 64.
c198-101:16602:16637 [3] NCCL INFO NCCL_PROTO set by environment to Simple
c198-101:16602:16637 [3] NCCL INFO NCCL_ALGO set by environment to MSCCL,TREE,RING
c198-101:16602:16637 [3] NCCL INFO threadThresholds 8/8/64 | 512/8/64 | 8/8/64 | 8/8/512
c198-101:16602:16637 [3] NCCL INFO 4 coll channels, 2 p2p channels, 2 p2p channels per peer
c198-091:26983:27023 [0] NCCL INFO Connected all trees
c198-091:26983:27023 [0] NCCL INFO MSCCL_XML_FILES set by environment to /home1/09168/ldai1/ccl-build/msccl_tools_lyd/examples/xml/xml_lyd/binary_h_gpu01_reverse_p/allreduce_binary_tree_p_gpu01_16nodes_channel4_chunk4.xml
c198-091:26983:27023 [0] NCCL INFO MSCCL: Parsing algorithm /home1/09168/ldai1/ccl-build/msccl_tools_lyd/examples/xml/xml_lyd/binary_h_gpu01_reverse_p/allreduce_binary_tree_p_gpu01_16nodes_channel4_chunk4.xml
c197-092:19470:19508 [0] NCCL INFO Connected all trees
c197-092:19470:19508 [0] NCCL INFO MSCCL_XML_FILES set by environment to /home1/09168/ldai1/ccl-build/msccl_tools_lyd/examples/xml/xml_lyd/binary_h_gpu01_reverse_p/allreduce_binary_tree_p_gpu01_16nodes_channel4_chunk4.xml
c197-092:19470:19508 [0] NCCL INFO MSCCL: Parsing algorithm /home1/09168/ldai1/ccl-build/msccl_tools_lyd/examples/xml/xml_lyd/binary_h_gpu01_reverse_p/allreduce_binary_tree_p_gpu01_16nodes_channel4_chunk4.xml
c197-071:5391:5431 [0] NCCL INFO Channel 02 : 28[2000] -> 29[3000] via direct shared memory
c197-071:5391:5431 [0] NCCL INFO Channel 03 : 28[2000] -> 29[3000] via direct shared memory
c197-041:11478:11519 [0] NCCL INFO Channel 02/0 : 16[2000] -> 20[2000] [send] via NET/IB/0
c197-041:11479:11518 [1] NCCL INFO Channel 01/0 : 8[2000] -> 17[3000] [receive] via NET/IB/0
c198-091:26984:27024 [1] NCCL INFO Connected all trees
c198-091:26984:27024 [1] NCCL INFO MSCCL_XML_FILES set by environment to /home1/09168/ldai1/ccl-build/msccl_tools_lyd/examples/xml/xml_lyd/binary_h_gpu01_reverse_p/allreduce_binary_tree_p_gpu01_16nodes_channel4_chunk4.xml
c198-091:26984:27024 [1] NCCL INFO MSCCL: Parsing algorithm /home1/09168/ldai1/ccl-build/msccl_tools_lyd/examples/xml/xml_lyd/binary_h_gpu01_reverse_p/allreduce_binary_tree_p_gpu01_16nodes_channel4_chunk4.xml
c197-092:19471:19509 [1] NCCL INFO Connected all trees
c197-092:19471:19509 [1] NCCL INFO MSCCL_XML_FILES set by environment to /home1/09168/ldai1/ccl-build/msccl_tools_lyd/examples/xml/xml_lyd/binary_h_gpu01_reverse_p/allreduce_binary_tree_p_gpu01_16nodes_channel4_chunk4.xml
c197-092:19471:19509 [1] NCCL INFO MSCCL: Parsing algorithm /home1/09168/ldai1/ccl-build/msccl_tools_lyd/examples/xml/xml_lyd/binary_h_gpu01_reverse_p/allreduce_binary_tree_p_gpu01_16nodes_channel4_chunk4.xml
c197-071:5392:5433 [1] NCCL INFO Parsed MSCCL Algorithm /home1/09168/ldai1/ccl-build/msccl_tools_lyd/examples/xml/xml_lyd/binary_h_gpu01_reverse_p/allreduce_binary_tree_p_gpu01_16nodes_channel4_chunk4.xml successfully.
c197-101:18004:18043 [1] NCCL INFO Channel 00 : 37[3000] -> 36[2000] via direct shared memory
c197-101:18004:18043 [1] NCCL INFO Channel 01 : 37[3000] -> 36[2000] via direct shared memory
c197-101:18003:18044 [0] NCCL INFO Connected all trees
c197-101:18003:18044 [0] NCCL INFO MSCCL_XML_FILES set by environment to /home1/09168/ldai1/ccl-build/msccl_tools_lyd/examples/xml/xml_lyd/binary_h_gpu01_reverse_p/allreduce_binary_tree_p_gpu01_16nodes_channel4_chunk4.xml
c197-101:18003:18044 [0] NCCL INFO MSCCL: Parsing algorithm /home1/09168/ldai1/ccl-build/msccl_tools_lyd/examples/xml/xml_lyd/binary_h_gpu01_reverse_p/allreduce_binary_tree_p_gpu01_16nodes_channel4_chunk4.xml
c198-091:26983:27023 [0] NCCL INFO Parsed MSCCL Algorithm /home1/09168/ldai1/ccl-build/msccl_tools_lyd/examples/xml/xml_lyd/binary_h_gpu01_reverse_p/allreduce_binary_tree_p_gpu01_16nodes_channel4_chunk4.xml successfully.
c197-101:18004:18043 [1] NCCL INFO Connected all trees
c197-092:19470:19508 [0] NCCL INFO Parsed MSCCL Algorithm /home1/09168/ldai1/ccl-build/msccl_tools_lyd/examples/xml/xml_lyd/binary_h_gpu01_reverse_p/allreduce_binary_tree_p_gpu01_16nodes_channel4_chunk4.xml successfully.
c197-101:18004:18043 [1] NCCL INFO MSCCL_XML_FILES set by environment to /home1/09168/ldai1/ccl-build/msccl_tools_lyd/examples/xml/xml_lyd/binary_h_gpu01_reverse_p/allreduce_binary_tree_p_gpu01_16nodes_channel4_chunk4.xml
c197-101:18004:18043 [1] NCCL INFO MSCCL: Parsing algorithm /home1/09168/ldai1/ccl-build/msccl_tools_lyd/examples/xml/xml_lyd/binary_h_gpu01_reverse_p/allreduce_binary_tree_p_gpu01_16nodes_channel4_chunk4.xml
c197-101:18005:18040 [2] NCCL INFO Connected all trees
c197-101:18005:18040 [2] NCCL INFO MSCCL_XML_FILES set by environment to /home1/09168/ldai1/ccl-build/msccl_tools_lyd/examples/xml/xml_lyd/binary_h_gpu01_reverse_p/allreduce_binary_tree_p_gpu01_16nodes_channel4_chunk4.xml
c197-101:18005:18040 [2] NCCL INFO MSCCL: Parsing algorithm /home1/09168/ldai1/ccl-build/msccl_tools_lyd/examples/xml/xml_lyd/binary_h_gpu01_reverse_p/allreduce_binary_tree_p_gpu01_16nodes_channel4_chunk4.xml
c198-091:26983:27023 [0] NCCL INFO Channel 02 : 40[2000] -> 41[3000] via direct shared memory
c198-091:26983:27023 [0] NCCL INFO Channel 03 : 40[2000] -> 41[3000] via direct shared memory
c197-092:19470:19508 [0] NCCL INFO Channel 02 : 32[2000] -> 33[3000] via direct shared memory
c197-092:19470:19508 [0] NCCL INFO Channel 03 : 32[2000] -> 33[3000] via direct shared memory
c198-091:26984:27024 [1] NCCL INFO Parsed MSCCL Algorithm /home1/09168/ldai1/ccl-build/msccl_tools_lyd/examples/xml/xml_lyd/binary_h_gpu01_reverse_p/allreduce_binary_tree_p_gpu01_16nodes_channel4_chunk4.xml successfully.
c197-092:19471:19509 [1] NCCL INFO Parsed MSCCL Algorithm /home1/09168/ldai1/ccl-build/msccl_tools_lyd/examples/xml/xml_lyd/binary_h_gpu01_reverse_p/allreduce_binary_tree_p_gpu01_16nodes_channel4_chunk4.xml successfully.
c199-011:17350:17391 [0] NCCL INFO Channel 00/0 : 60[2000] -> 56[2000] [receive] via NET/IB/0
c197-101:18003:18044 [0] NCCL INFO Parsed MSCCL Algorithm /home1/09168/ldai1/ccl-build/msccl_tools_lyd/examples/xml/xml_lyd/binary_h_gpu01_reverse_p/allreduce_binary_tree_p_gpu01_16nodes_channel4_chunk4.xml successfully.
c198-102:18172:18214 [0] NCCL INFO Channel 01/0 : 52[2000] -> 48[2000] [receive] via NET/IB/0
c197-101:18003:18044 [0] NCCL INFO Channel 02 : 36[2000] -> 37[3000] via direct shared memory
c197-101:18003:18044 [0] NCCL INFO Channel 03 : 36[2000] -> 37[3000] via direct shared memory
c197-101:18004:18043 [1] NCCL INFO Parsed MSCCL Algorithm /home1/09168/ldai1/ccl-build/msccl_tools_lyd/examples/xml/xml_lyd/binary_h_gpu01_reverse_p/allreduce_binary_tree_p_gpu01_16nodes_channel4_chunk4.xml successfully.
c197-041:11480:11514 [2] NCCL INFO Channel 02 : 18[82000] -> 17[3000] via direct shared memory
c197-041:11480:11514 [2] NCCL INFO Channel 03 : 18[82000] -> 17[3000] via direct shared memory
c197-101:18005:18040 [2] NCCL INFO Parsed MSCCL Algorithm /home1/09168/ldai1/ccl-build/msccl_tools_lyd/examples/xml/xml_lyd/binary_h_gpu01_reverse_p/allreduce_binary_tree_p_gpu01_16nodes_channel4_chunk4.xml successfully.
c197-061:31976:32015 [0] NCCL INFO Channel 01/0 : 24[2000] -> 21[3000] [send] via NET/IB/0
c197-041:11481:11515 [3] NCCL INFO Connected 1 MSCCL algorithms
c197-071:5392:5433 [1] NCCL INFO Channel 02 : 29[3000] -> 30[82000] via direct shared memory
c197-041:11481:11515 [3] NCCL INFO NCCL_NTHREADS set by environment to 64.
c197-041:11481:11515 [3] NCCL INFO NCCL_PROTO set by environment to Simple
c197-041:11481:11515 [3] NCCL INFO NCCL_ALGO set by environment to MSCCL,TREE,RING
c197-041:11481:11515 [3] NCCL INFO threadThresholds 8/8/64 | 512/8/64 | 8/8/64 | 8/8/512
c197-071:5392:5433 [1] NCCL INFO Channel 03 : 29[3000] -> 30[82000] via direct shared memory
c197-041:11481:11515 [3] NCCL INFO 4 coll channels, 2 p2p channels, 2 p2p channels per peer
c197-071:5391:5431 [0] NCCL INFO Channel 01/0 : 24[2000] -> 28[2000] [receive] via NET/IB/0
c198-101:16600:16640 [1] NCCL INFO Channel 03/0 : 45[3000] -> 52[2000] [send] via NET/IB/0
c197-022:28485:28524 [0] NCCL INFO Channel 00/0 : 9[3000] -> 4[2000] [receive] via NET/IB/0
c197-071:5392:5433 [1] NCCL INFO Channel 02/0 : 29[3000] -> 44[2000] [send] via NET/IB/0
c198-091:26984:27024 [1] NCCL INFO Channel 02 : 41[3000] -> 42[82000] via direct shared memory
c198-091:26984:27024 [1] NCCL INFO Channel 03 : 41[3000] -> 42[82000] via direct shared memory
c197-032:6685:6721 [0] NCCL INFO Channel 00/0 : 12[2000] -> 8[2000] [send] via NET/IB/0
c197-092:19471:19509 [1] NCCL INFO Channel 02 : 33[3000] -> 34[82000] via direct shared memory
c197-092:19471:19509 [1] NCCL INFO Channel 03 : 33[3000] -> 34[82000] via direct shared memory
c198-091:26983:27023 [0] NCCL INFO Channel 02/0 : 37[3000] -> 40[2000] [receive] via NET/IB/0
c198-091:26984:27024 [1] NCCL INFO Channel 01/0 : 36[2000] -> 41[3000] [receive] via NET/IB/0
c197-092:19470:19508 [0] NCCL INFO Channel 02/0 : 32[2000] -> 36[2000] [send] via NET/IB/0
c197-101:18004:18043 [1] NCCL INFO Channel 02 : 37[3000] -> 38[82000] via direct shared memory
c197-101:18004:18043 [1] NCCL INFO Channel 03 : 37[3000] -> 38[82000] via direct shared memory
c197-101:18005:18040 [2] NCCL INFO Channel 02 : 38[82000] -> 39[83000] via direct shared memory
c197-092:19471:19509 [1] NCCL INFO Channel 01/0 : 16[2000] -> 33[3000] [receive] via NET/IB/0
c197-101:18005:18040 [2] NCCL INFO Channel 03 : 38[82000] -> 39[83000] via direct shared memory
c197-101:18006:18039 [3] NCCL INFO Channel 02 : 39[83000] -> 38[82000] via direct shared memory
c197-101:18006:18039 [3] NCCL INFO Channel 03 : 39[83000] -> 38[82000] via direct shared memory
c197-101:18003:18044 [0] NCCL INFO Channel 02/0 : 32[2000] -> 36[2000] [receive] via NET/IB/0
c199-012:23584:23625 [0] NCCL INFO Connected all trees
c199-012:23584:23625 [0] NCCL INFO MSCCL_XML_FILES set by environment to /home1/09168/ldai1/ccl-build/msccl_tools_lyd/examples/xml/xml_lyd/binary_h_gpu01_reverse_p/allreduce_binary_tree_p_gpu01_16nodes_channel4_chunk4.xml
c199-012:23584:23625 [0] NCCL INFO MSCCL: Parsing algorithm /home1/09168/ldai1/ccl-build/msccl_tools_lyd/examples/xml/xml_lyd/binary_h_gpu01_reverse_p/allreduce_binary_tree_p_gpu01_16nodes_channel4_chunk4.xml
c197-101:18004:18043 [1] NCCL INFO Channel 02/0 : 37[3000] -> 40[2000] [send] via NET/IB/0
c198-102:18172:18214 [0] NCCL INFO Connected all trees
c198-102:18172:18214 [0] NCCL INFO MSCCL_XML_FILES set by environment to /home1/09168/ldai1/ccl-build/msccl_tools_lyd/examples/xml/xml_lyd/binary_h_gpu01_reverse_p/allreduce_binary_tree_p_gpu01_16nodes_channel4_chunk4.xml
c198-102:18172:18214 [0] NCCL INFO MSCCL: Parsing algorithm /home1/09168/ldai1/ccl-build/msccl_tools_lyd/examples/xml/xml_lyd/binary_h_gpu01_reverse_p/allreduce_binary_tree_p_gpu01_16nodes_channel4_chunk4.xml
c199-012:23585:23624 [1] NCCL INFO Connected all trees
c199-012:23585:23624 [1] NCCL INFO MSCCL_XML_FILES set by environment to /home1/09168/ldai1/ccl-build/msccl_tools_lyd/examples/xml/xml_lyd/binary_h_gpu01_reverse_p/allreduce_binary_tree_p_gpu01_16nodes_channel4_chunk4.xml
c199-012:23585:23624 [1] NCCL INFO MSCCL: Parsing algorithm /home1/09168/ldai1/ccl-build/msccl_tools_lyd/examples/xml/xml_lyd/binary_h_gpu01_reverse_p/allreduce_binary_tree_p_gpu01_16nodes_channel4_chunk4.xml
c197-071:5393:5430 [2] NCCL INFO Channel 02 : 30[82000] -> 29[3000] via direct shared memory
c197-061:31976:32015 [0] NCCL INFO Connected all trees
c197-061:31976:32015 [0] NCCL INFO MSCCL_XML_FILES set by environment to /home1/09168/ldai1/ccl-build/msccl_tools_lyd/examples/xml/xml_lyd/binary_h_gpu01_reverse_p/allreduce_binary_tree_p_gpu01_16nodes_channel4_chunk4.xml
c197-071:5393:5430 [2] NCCL INFO Channel 03 : 30[82000] -> 29[3000] via direct shared memory
c197-061:31976:32015 [0] NCCL INFO MSCCL: Parsing algorithm /home1/09168/ldai1/ccl-build/msccl_tools_lyd/examples/xml/xml_lyd/binary_h_gpu01_reverse_p/allreduce_binary_tree_p_gpu01_16nodes_channel4_chunk4.xml
c197-041:11478:11519 [0] NCCL INFO Channel 03/0 : 16[2000] -> 20[2000] [send] via NET/IB/0
c197-042:6796:6837 [1] NCCL INFO Channel 00 : 21[3000] -> 20[2000] via direct shared memory
c197-042:6796:6837 [1] NCCL INFO Channel 01 : 21[3000] -> 20[2000] via direct shared memory
c197-042:6795:6836 [0] NCCL INFO Connected all trees
c197-042:6795:6836 [0] NCCL INFO MSCCL_XML_FILES set by environment to /home1/09168/ldai1/ccl-build/msccl_tools_lyd/examples/xml/xml_lyd/binary_h_gpu01_reverse_p/allreduce_binary_tree_p_gpu01_16nodes_channel4_chunk4.xml
c197-042:6795:6836 [0] NCCL INFO MSCCL: Parsing algorithm /home1/09168/ldai1/ccl-build/msccl_tools_lyd/examples/xml/xml_lyd/binary_h_gpu01_reverse_p/allreduce_binary_tree_p_gpu01_16nodes_channel4_chunk4.xml
c199-012:23584:23625 [0] NCCL INFO Parsed MSCCL Algorithm /home1/09168/ldai1/ccl-build/msccl_tools_lyd/examples/xml/xml_lyd/binary_h_gpu01_reverse_p/allreduce_binary_tree_p_gpu01_16nodes_channel4_chunk4.xml successfully.
c198-102:18173:18213 [1] NCCL INFO Connected all trees
c198-102:18173:18213 [1] NCCL INFO MSCCL_XML_FILES set by environment to /home1/09168/ldai1/ccl-build/msccl_tools_lyd/examples/xml/xml_lyd/binary_h_gpu01_reverse_p/allreduce_binary_tree_p_gpu01_16nodes_channel4_chunk4.xml
c198-102:18173:18213 [1] NCCL INFO MSCCL: Parsing algorithm /home1/09168/ldai1/ccl-build/msccl_tools_lyd/examples/xml/xml_lyd/binary_h_gpu01_reverse_p/allreduce_binary_tree_p_gpu01_16nodes_channel4_chunk4.xml
c197-071:5394:5428 [3] NCCL INFO Connected 1 MSCCL algorithms
c197-071:5394:5428 [3] NCCL INFO NCCL_NTHREADS set by environment to 64.
c197-071:5394:5428 [3] NCCL INFO NCCL_PROTO set by environment to Simple
c197-071:5394:5428 [3] NCCL INFO NCCL_ALGO set by environment to MSCCL,TREE,RING
c197-071:5394:5428 [3] NCCL INFO threadThresholds 8/8/64 | 512/8/64 | 8/8/64 | 8/8/512
c197-071:5394:5428 [3] NCCL INFO 4 coll channels, 2 p2p channels, 2 p2p channels per peer
c199-012:23584:23625 [0] NCCL INFO Channel 02 : 60[2000] -> 61[3000] via direct shared memory
c199-012:23584:23625 [0] NCCL INFO Channel 03 : 60[2000] -> 61[3000] via direct shared memory
c197-061:31977:32017 [1] NCCL INFO Connected all trees
c197-061:31977:32017 [1] NCCL INFO MSCCL_XML_FILES set by environment to /home1/09168/ldai1/ccl-build/msccl_tools_lyd/examples/xml/xml_lyd/binary_h_gpu01_reverse_p/allreduce_binary_tree_p_gpu01_16nodes_channel4_chunk4.xml
c197-061:31977:32017 [1] NCCL INFO MSCCL: Parsing algorithm /home1/09168/ldai1/ccl-build/msccl_tools_lyd/examples/xml/xml_lyd/binary_h_gpu01_reverse_p/allreduce_binary_tree_p_gpu01_16nodes_channel4_chunk4.xml
c198-102:18172:18214 [0] NCCL INFO Parsed MSCCL Algorithm /home1/09168/ldai1/ccl-build/msccl_tools_lyd/examples/xml/xml_lyd/binary_h_gpu01_reverse_p/allreduce_binary_tree_p_gpu01_16nodes_channel4_chunk4.xml successfully.
c197-042:6796:6837 [1] NCCL INFO Connected all trees
c197-042:6796:6837 [1] NCCL INFO MSCCL_XML_FILES set by environment to /home1/09168/ldai1/ccl-build/msccl_tools_lyd/examples/xml/xml_lyd/binary_h_gpu01_reverse_p/allreduce_binary_tree_p_gpu01_16nodes_channel4_chunk4.xml
c197-042:6796:6837 [1] NCCL INFO MSCCL: Parsing algorithm /home1/09168/ldai1/ccl-build/msccl_tools_lyd/examples/xml/xml_lyd/binary_h_gpu01_reverse_p/allreduce_binary_tree_p_gpu01_16nodes_channel4_chunk4.xml
c197-042:6797:6833 [2] NCCL INFO Connected all trees
c197-042:6797:6833 [2] NCCL INFO MSCCL_XML_FILES set by environment to /home1/09168/ldai1/ccl-build/msccl_tools_lyd/examples/xml/xml_lyd/binary_h_gpu01_reverse_p/allreduce_binary_tree_p_gpu01_16nodes_channel4_chunk4.xml
c197-042:6797:6833 [2] NCCL INFO MSCCL: Parsing algorithm /home1/09168/ldai1/ccl-build/msccl_tools_lyd/examples/xml/xml_lyd/binary_h_gpu01_reverse_p/allreduce_binary_tree_p_gpu01_16nodes_channel4_chunk4.xml
c198-091:26985:27022 [2] NCCL INFO Channel 02 : 42[82000] -> 41[3000] via direct shared memory
c198-091:26985:27022 [2] NCCL INFO Channel 03 : 42[82000] -> 41[3000] via direct shared memory
c198-102:18172:18214 [0] NCCL INFO Channel 02 : 48[2000] -> 49[3000] via direct shared memory
c198-102:18172:18214 [0] NCCL INFO Channel 03 : 48[2000] -> 49[3000] via direct shared memory
c197-092:19472:19507 [2] NCCL INFO Channel 02 : 34[82000] -> 33[3000] via direct shared memory
c197-092:19472:19507 [2] NCCL INFO Channel 03 : 34[82000] -> 33[3000] via direct shared memory
c199-012:23585:23624 [1] NCCL INFO Parsed MSCCL Algorithm /home1/09168/ldai1/ccl-build/msccl_tools_lyd/examples/xml/xml_lyd/binary_h_gpu01_reverse_p/allreduce_binary_tree_p_gpu01_16nodes_channel4_chunk4.xml successfully.
c197-061:31976:32015 [0] NCCL INFO Parsed MSCCL Algorithm /home1/09168/ldai1/ccl-build/msccl_tools_lyd/examples/xml/xml_lyd/binary_h_gpu01_reverse_p/allreduce_binary_tree_p_gpu01_16nodes_channel4_chunk4.xml successfully.
c198-091:26986:27019 [3] NCCL INFO Connected 1 MSCCL algorithms
c198-091:26986:27019 [3] NCCL INFO NCCL_NTHREADS set by environment to 64.
c198-091:26986:27019 [3] NCCL INFO NCCL_PROTO set by environment to Simple
c198-091:26986:27019 [3] NCCL INFO NCCL_ALGO set by environment to MSCCL,TREE,RING
c198-091:26986:27019 [3] NCCL INFO threadThresholds 8/8/64 | 512/8/64 | 8/8/64 | 8/8/512
c198-091:26986:27019 [3] NCCL INFO 4 coll channels, 2 p2p channels, 2 p2p channels per peer
c197-101:18005:18040 [2] NCCL INFO Channel 02 : 38[82000] -> 37[3000] via direct shared memory
c197-101:18005:18040 [2] NCCL INFO Channel 03 : 38[82000] -> 37[3000] via direct shared memory
c197-042:6795:6836 [0] NCCL INFO Parsed MSCCL Algorithm /home1/09168/ldai1/ccl-build/msccl_tools_lyd/examples/xml/xml_lyd/binary_h_gpu01_reverse_p/allreduce_binary_tree_p_gpu01_16nodes_channel4_chunk4.xml successfully.
c197-061:31976:32015 [0] NCCL INFO Channel 02 : 24[2000] -> 25[3000] via direct shared memory
c197-061:31976:32015 [0] NCCL INFO Channel 03 : 24[2000] -> 25[3000] via direct shared memory
c198-102:18173:18213 [1] NCCL INFO Parsed MSCCL Algorithm /home1/09168/ldai1/ccl-build/msccl_tools_lyd/examples/xml/xml_lyd/binary_h_gpu01_reverse_p/allreduce_binary_tree_p_gpu01_16nodes_channel4_chunk4.xml successfully.
c197-092:19473:19511 [3] NCCL INFO Connected 1 MSCCL algorithms
c197-092:19473:19511 [3] NCCL INFO NCCL_NTHREADS set by environment to 64.
c197-092:19473:19511 [3] NCCL INFO NCCL_PROTO set by environment to Simple
c197-092:19473:19511 [3] NCCL INFO NCCL_ALGO set by environment to MSCCL,TREE,RING
c197-092:19473:19511 [3] NCCL INFO threadThresholds 8/8/64 | 512/8/64 | 8/8/64 | 8/8/512
c197-092:19473:19511 [3] NCCL INFO 4 coll channels, 2 p2p channels, 2 p2p channels per peer
c197-031:29986:30026 [1] NCCL INFO Channel 00 : 9[3000] -> 8[2000] via direct shared memory
c197-031:29986:30026 [1] NCCL INFO Channel 01 : 9[3000] -> 8[2000] via direct shared memory
c197-042:6795:6836 [0] NCCL INFO Channel 02 : 20[2000] -> 21[3000] via direct shared memory
c197-042:6796:6837 [1] NCCL INFO Parsed MSCCL Algorithm /home1/09168/ldai1/ccl-build/msccl_tools_lyd/examples/xml/xml_lyd/binary_h_gpu01_reverse_p/allreduce_binary_tree_p_gpu01_16nodes_channel4_chunk4.xml successfully.
c197-042:6795:6836 [0] NCCL INFO Channel 03 : 20[2000] -> 21[3000] via direct shared memory
c197-032:6685:6721 [0] NCCL INFO Connected all trees
c197-032:6685:6721 [0] NCCL INFO MSCCL_XML_FILES set by environment to /home1/09168/ldai1/ccl-build/msccl_tools_lyd/examples/xml/xml_lyd/binary_h_gpu01_reverse_p/allreduce_binary_tree_p_gpu01_16nodes_channel4_chunk4.xml
c197-032:6685:6721 [0] NCCL INFO MSCCL: Parsing algorithm /home1/09168/ldai1/ccl-build/msccl_tools_lyd/examples/xml/xml_lyd/binary_h_gpu01_reverse_p/allreduce_binary_tree_p_gpu01_16nodes_channel4_chunk4.xml
c197-101:18006:18039 [3] NCCL INFO Connected 1 MSCCL algorithms
c197-101:18006:18039 [3] NCCL INFO NCCL_NTHREADS set by environment to 64.
c197-101:18006:18039 [3] NCCL INFO NCCL_PROTO set by environment to Simple
c197-101:18006:18039 [3] NCCL INFO NCCL_ALGO set by environment to MSCCL,TREE,RING
c197-061:31977:32017 [1] NCCL INFO Parsed MSCCL Algorithm /home1/09168/ldai1/ccl-build/msccl_tools_lyd/examples/xml/xml_lyd/binary_h_gpu01_reverse_p/allreduce_binary_tree_p_gpu01_16nodes_channel4_chunk4.xml successfully.
c197-101:18006:18039 [3] NCCL INFO threadThresholds 8/8/64 | 512/8/64 | 8/8/64 | 8/8/512
c197-042:6797:6833 [2] NCCL INFO Parsed MSCCL Algorithm /home1/09168/ldai1/ccl-build/msccl_tools_lyd/examples/xml/xml_lyd/binary_h_gpu01_reverse_p/allreduce_binary_tree_p_gpu01_16nodes_channel4_chunk4.xml successfully.
c197-101:18006:18039 [3] NCCL INFO 4 coll channels, 2 p2p channels, 2 p2p channels per peer
c197-032:6686:6723 [1] NCCL INFO Connected all trees
c197-032:6686:6723 [1] NCCL INFO MSCCL_XML_FILES set by environment to /home1/09168/ldai1/ccl-build/msccl_tools_lyd/examples/xml/xml_lyd/binary_h_gpu01_reverse_p/allreduce_binary_tree_p_gpu01_16nodes_channel4_chunk4.xml
c197-032:6686:6723 [1] NCCL INFO MSCCL: Parsing algorithm /home1/09168/ldai1/ccl-build/msccl_tools_lyd/examples/xml/xml_lyd/binary_h_gpu01_reverse_p/allreduce_binary_tree_p_gpu01_16nodes_channel4_chunk4.xml
c197-031:29987:30022 [2] NCCL INFO Connected all trees
c197-031:29987:30022 [2] NCCL INFO MSCCL_XML_FILES set by environment to /home1/09168/ldai1/ccl-build/msccl_tools_lyd/examples/xml/xml_lyd/binary_h_gpu01_reverse_p/allreduce_binary_tree_p_gpu01_16nodes_channel4_chunk4.xml
c197-031:29987:30022 [2] NCCL INFO MSCCL: Parsing algorithm /home1/09168/ldai1/ccl-build/msccl_tools_lyd/examples/xml/xml_lyd/binary_h_gpu01_reverse_p/allreduce_binary_tree_p_gpu01_16nodes_channel4_chunk4.xml
c199-011:17350:17391 [0] NCCL INFO Channel 01/0 : 56[2000] -> 53[3000] [send] via NET/IB/0
c197-032:6685:6721 [0] NCCL INFO Parsed MSCCL Algorithm /home1/09168/ldai1/ccl-build/msccl_tools_lyd/examples/xml/xml_lyd/binary_h_gpu01_reverse_p/allreduce_binary_tree_p_gpu01_16nodes_channel4_chunk4.xml successfully.
c197-032:6685:6721 [0] NCCL INFO Channel 02 : 12[2000] -> 13[3000] via direct shared memory
c197-032:6685:6721 [0] NCCL INFO Channel 03 : 12[2000] -> 13[3000] via direct shared memory
c199-012:23585:23624 [1] NCCL INFO Channel 02 : 61[3000] -> 62[82000] via direct shared memory
c199-012:23585:23624 [1] NCCL INFO Channel 03 : 61[3000] -> 62[82000] via direct shared memory
c197-071:5392:5433 [1] NCCL INFO Channel 03/0 : 29[3000] -> 44[2000] [send] via NET/IB/0
c197-032:6686:6723 [1] NCCL INFO Parsed MSCCL Algorithm /home1/09168/ldai1/ccl-build/msccl_tools_lyd/examples/xml/xml_lyd/binary_h_gpu01_reverse_p/allreduce_binary_tree_p_gpu01_16nodes_channel4_chunk4.xml successfully.
c197-031:29987:30022 [2] NCCL INFO Parsed MSCCL Algorithm /home1/09168/ldai1/ccl-build/msccl_tools_lyd/examples/xml/xml_lyd/binary_h_gpu01_reverse_p/allreduce_binary_tree_p_gpu01_16nodes_channel4_chunk4.xml successfully.
c199-012:23584:23625 [0] NCCL INFO Channel 01/0 : 56[2000] -> 60[2000] [receive] via NET/IB/0
c198-102:18173:18213 [1] NCCL INFO Channel 02 : 49[3000] -> 50[82000] via direct shared memory
c198-102:18173:18213 [1] NCCL INFO Channel 03 : 49[3000] -> 50[82000] via direct shared memory
c198-091:26983:27023 [0] NCCL INFO Channel 03/0 : 37[3000] -> 40[2000] [receive] via NET/IB/0
c197-042:6796:6837 [1] NCCL INFO Channel 02 : 21[3000] -> 22[82000] via direct shared memory
c197-042:6797:6833 [2] NCCL INFO Channel 02 : 22[82000] -> 23[83000] via direct shared memory
c197-042:6796:6837 [1] NCCL INFO Channel 03 : 21[3000] -> 22[82000] via direct shared memory
c197-042:6797:6833 [2] NCCL INFO Channel 03 : 22[82000] -> 23[83000] via direct shared memory
c197-042:6798:6832 [3] NCCL INFO Channel 02 : 23[83000] -> 22[82000] via direct shared memory
c197-042:6798:6832 [3] NCCL INFO Channel 03 : 23[83000] -> 22[82000] via direct shared memory
c197-061:31977:32017 [1] NCCL INFO Channel 02 : 25[3000] -> 26[82000] via direct shared memory
c197-061:31977:32017 [1] NCCL INFO Channel 03 : 25[3000] -> 26[82000] via direct shared memory
c198-102:18172:18214 [0] NCCL INFO Channel 02/0 : 48[2000] -> 52[2000] [send] via NET/IB/0
c197-092:19470:19508 [0] NCCL INFO Channel 03/0 : 32[2000] -> 36[2000] [send] via NET/IB/0
c197-042:6795:6836 [0] NCCL INFO Channel 02/0 : 16[2000] -> 20[2000] [receive] via NET/IB/0
c198-102:18173:18213 [1] NCCL INFO Channel 01/0 : 40[2000] -> 49[3000] [receive] via NET/IB/0
c197-042:6796:6837 [1] NCCL INFO Channel 02/0 : 21[3000] -> 24[2000] [send] via NET/IB/0
c197-061:31976:32015 [0] NCCL INFO Channel 02/0 : 21[3000] -> 24[2000] [receive] via NET/IB/0
c197-022:28485:28524 [0] NCCL INFO Channel 01/0 : 4[2000] -> 0[2000] [send] via NET/IB/0
c197-061:31977:32017 [1] NCCL INFO Channel 01/0 : 20[2000] -> 25[3000] [receive] via NET/IB/0
c197-101:18003:18044 [0] NCCL INFO Channel 03/0 : 32[2000] -> 36[2000] [receive] via NET/IB/0
c197-031:29985:30025 [0] NCCL INFO Channel 01/0 : 8[2000] -> 5[3000] [send] via NET/IB/0
c197-101:18004:18043 [1] NCCL INFO Channel 03/0 : 37[3000] -> 40[2000] [send] via NET/IB/0
c197-031:29987:30022 [2] NCCL INFO Channel 02 : 10[82000] -> 11[83000] via direct shared memory
c197-031:29987:30022 [2] NCCL INFO Channel 03 : 10[82000] -> 11[83000] via direct shared memory
c197-031:29988:30020 [3] NCCL INFO Channel 02 : 11[83000] -> 10[82000] via direct shared memory
c197-032:6686:6723 [1] NCCL INFO Channel 02 : 13[3000] -> 14[82000] via direct shared memory
c197-031:29988:30020 [3] NCCL INFO Channel 03 : 11[83000] -> 10[82000] via direct shared memory
c197-032:6686:6723 [1] NCCL INFO Channel 03 : 13[3000] -> 14[82000] via direct shared memory
c199-012:23586:23621 [2] NCCL INFO Channel 02 : 62[82000] -> 61[3000] via direct shared memory
c199-012:23586:23621 [2] NCCL INFO Channel 03 : 62[82000] -> 61[3000] via direct shared memory
c199-012:23585:23624 [1] NCCL INFO Channel 02 : 61[3000] -> 60[2000] via direct shared memory
c199-012:23585:23624 [1] NCCL INFO Channel 03 : 61[3000] -> 60[2000] via direct shared memory
c197-032:6685:6721 [0] NCCL INFO Channel 01/0 : 8[2000] -> 12[2000] [receive] via NET/IB/0
c197-042:6797:6833 [2] NCCL INFO Channel 02 : 22[82000] -> 21[3000] via direct shared memory
c197-042:6797:6833 [2] NCCL INFO Channel 03 : 22[82000] -> 21[3000] via direct shared memory
c197-032:6686:6723 [1] NCCL INFO Channel 02/0 : 13[3000] -> 20[2000] [send] via NET/IB/0
c199-011:17350:17391 [0] NCCL INFO Connected all trees
c199-011:17350:17391 [0] NCCL INFO MSCCL_XML_FILES set by environment to /home1/09168/ldai1/ccl-build/msccl_tools_lyd/examples/xml/xml_lyd/binary_h_gpu01_reverse_p/allreduce_binary_tree_p_gpu01_16nodes_channel4_chunk4.xml
c199-011:17350:17391 [0] NCCL INFO MSCCL: Parsing algorithm /home1/09168/ldai1/ccl-build/msccl_tools_lyd/examples/xml/xml_lyd/binary_h_gpu01_reverse_p/allreduce_binary_tree_p_gpu01_16nodes_channel4_chunk4.xml
c199-012:23587:23620 [3] NCCL INFO Connected 1 MSCCL algorithms
c198-111:15965:16005 [1] NCCL INFO Channel 00 : 53[3000] -> 52[2000] via direct shared memory
c199-012:23587:23620 [3] NCCL INFO NCCL_NTHREADS set by environment to 64.
c198-111:15965:16005 [1] NCCL INFO Channel 01 : 53[3000] -> 52[2000] via direct shared memory
c199-012:23587:23620 [3] NCCL INFO NCCL_PROTO set by environment to Simple
c199-012:23587:23620 [3] NCCL INFO NCCL_ALGO set by environment to MSCCL,TREE,RING
c199-012:23587:23620 [3] NCCL INFO threadThresholds 8/8/64 | 512/8/64 | 8/8/64 | 8/8/512
c199-012:23587:23620 [3] NCCL INFO 4 coll channels, 2 p2p channels, 2 p2p channels per peer
c198-102:18174:18210 [2] NCCL INFO Channel 02 : 50[82000] -> 49[3000] via direct shared memory
c198-102:18174:18210 [2] NCCL INFO Channel 03 : 50[82000] -> 49[3000] via direct shared memory
c199-012:23586:23621 [2] NCCL INFO Connected 1 MSCCL algorithms
c199-012:23586:23621 [2] NCCL INFO NCCL_NTHREADS set by environment to 64.
c199-012:23586:23621 [2] NCCL INFO NCCL_PROTO set by environment to Simple
c199-012:23586:23621 [2] NCCL INFO NCCL_ALGO set by environment to MSCCL,TREE,RING
c199-012:23586:23621 [2] NCCL INFO threadThresholds 8/8/64 | 512/8/64 | 8/8/64 | 8/8/512
c198-111:15964:16004 [0] NCCL INFO Connected all trees
c199-012:23586:23621 [2] NCCL INFO 4 coll channels, 2 p2p channels, 2 p2p channels per peer
c198-111:15964:16004 [0] NCCL INFO MSCCL_XML_FILES set by environment to /home1/09168/ldai1/ccl-build/msccl_tools_lyd/examples/xml/xml_lyd/binary_h_gpu01_reverse_p/allreduce_binary_tree_p_gpu01_16nodes_channel4_chunk4.xml
c198-111:15964:16004 [0] NCCL INFO MSCCL: Parsing algorithm /home1/09168/ldai1/ccl-build/msccl_tools_lyd/examples/xml/xml_lyd/binary_h_gpu01_reverse_p/allreduce_binary_tree_p_gpu01_16nodes_channel4_chunk4.xml
c197-042:6798:6832 [3] NCCL INFO Connected 1 MSCCL algorithms
c197-042:6798:6832 [3] NCCL INFO NCCL_NTHREADS set by environment to 64.
c197-042:6798:6832 [3] NCCL INFO NCCL_PROTO set by environment to Simple
c197-042:6798:6832 [3] NCCL INFO NCCL_ALGO set by environment to MSCCL,TREE,RING
c197-042:6798:6832 [3] NCCL INFO threadThresholds 8/8/64 | 512/8/64 | 8/8/64 | 8/8/512
c197-042:6798:6832 [3] NCCL INFO 4 coll channels, 2 p2p channels, 2 p2p channels per peer
c197-061:31978:32018 [2] NCCL INFO Channel 02 : 26[82000] -> 25[3000] via direct shared memory
c197-061:31978:32018 [2] NCCL INFO Channel 03 : 26[82000] -> 25[3000] via direct shared memory
c199-011:17351:17389 [1] NCCL INFO Connected all trees
c199-011:17351:17389 [1] NCCL INFO MSCCL_XML_FILES set by environment to /home1/09168/ldai1/ccl-build/msccl_tools_lyd/examples/xml/xml_lyd/binary_h_gpu01_reverse_p/allreduce_binary_tree_p_gpu01_16nodes_channel4_chunk4.xml
c199-011:17351:17389 [1] NCCL INFO MSCCL: Parsing algorithm /home1/09168/ldai1/ccl-build/msccl_tools_lyd/examples/xml/xml_lyd/binary_h_gpu01_reverse_p/allreduce_binary_tree_p_gpu01_16nodes_channel4_chunk4.xml
c198-111:15965:16005 [1] NCCL INFO Connected all trees
c198-111:15966:15999 [2] NCCL INFO Connected all trees
c198-111:15966:15999 [2] NCCL INFO MSCCL_XML_FILES set by environment to /home1/09168/ldai1/ccl-build/msccl_tools_lyd/examples/xml/xml_lyd/binary_h_gpu01_reverse_p/allreduce_binary_tree_p_gpu01_16nodes_channel4_chunk4.xml
c198-111:15965:16005 [1] NCCL INFO MSCCL_XML_FILES set by environment to /home1/09168/ldai1/ccl-build/msccl_tools_lyd/examples/xml/xml_lyd/binary_h_gpu01_reverse_p/allreduce_binary_tree_p_gpu01_16nodes_channel4_chunk4.xml
c198-111:15965:16005 [1] NCCL INFO MSCCL: Parsing algorithm /home1/09168/ldai1/ccl-build/msccl_tools_lyd/examples/xml/xml_lyd/binary_h_gpu01_reverse_p/allreduce_binary_tree_p_gpu01_16nodes_channel4_chunk4.xml
c198-111:15966:15999 [2] NCCL INFO MSCCL: Parsing algorithm /home1/09168/ldai1/ccl-build/msccl_tools_lyd/examples/xml/xml_lyd/binary_h_gpu01_reverse_p/allreduce_binary_tree_p_gpu01_16nodes_channel4_chunk4.xml
c198-102:18175:18209 [3] NCCL INFO Connected 1 MSCCL algorithms
c198-102:18175:18209 [3] NCCL INFO NCCL_NTHREADS set by environment to 64.
c198-102:18175:18209 [3] NCCL INFO NCCL_PROTO set by environment to Simple
c198-102:18175:18209 [3] NCCL INFO NCCL_ALGO set by environment to MSCCL,TREE,RING
c198-102:18175:18209 [3] NCCL INFO threadThresholds 8/8/64 | 512/8/64 | 8/8/64 | 8/8/512
c198-102:18175:18209 [3] NCCL INFO 4 coll channels, 2 p2p channels, 2 p2p channels per peer
c197-061:31979:32012 [3] NCCL INFO Connected 1 MSCCL algorithms
c197-061:31979:32012 [3] NCCL INFO NCCL_NTHREADS set by environment to 64.
c197-061:31979:32012 [3] NCCL INFO NCCL_PROTO set by environment to Simple
c197-061:31979:32012 [3] NCCL INFO NCCL_ALGO set by environment to MSCCL,TREE,RING
c197-061:31979:32012 [3] NCCL INFO threadThresholds 8/8/64 | 512/8/64 | 8/8/64 | 8/8/512
c197-061:31979:32012 [3] NCCL INFO 4 coll channels, 2 p2p channels, 2 p2p channels per peer
c199-011:17350:17391 [0] NCCL INFO Parsed MSCCL Algorithm /home1/09168/ldai1/ccl-build/msccl_tools_lyd/examples/xml/xml_lyd/binary_h_gpu01_reverse_p/allreduce_binary_tree_p_gpu01_16nodes_channel4_chunk4.xml successfully.
c198-111:15964:16004 [0] NCCL INFO Parsed MSCCL Algorithm /home1/09168/ldai1/ccl-build/msccl_tools_lyd/examples/xml/xml_lyd/binary_h_gpu01_reverse_p/allreduce_binary_tree_p_gpu01_16nodes_channel4_chunk4.xml successfully.
c199-011:17350:17391 [0] NCCL INFO Channel 02 : 56[2000] -> 57[3000] via direct shared memory
c199-011:17350:17391 [0] NCCL INFO Channel 03 : 56[2000] -> 57[3000] via direct shared memory
c198-111:15964:16004 [0] NCCL INFO Channel 02 : 52[2000] -> 53[3000] via direct shared memory
c198-111:15964:16004 [0] NCCL INFO Channel 03 : 52[2000] -> 53[3000] via direct shared memory
c199-011:17351:17389 [1] NCCL INFO Parsed MSCCL Algorithm /home1/09168/ldai1/ccl-build/msccl_tools_lyd/examples/xml/xml_lyd/binary_h_gpu01_reverse_p/allreduce_binary_tree_p_gpu01_16nodes_channel4_chunk4.xml successfully.
c198-111:15965:16005 [1] NCCL INFO Parsed MSCCL Algorithm /home1/09168/ldai1/ccl-build/msccl_tools_lyd/examples/xml/xml_lyd/binary_h_gpu01_reverse_p/allreduce_binary_tree_p_gpu01_16nodes_channel4_chunk4.xml successfully.
c198-111:15966:15999 [2] NCCL INFO Parsed MSCCL Algorithm /home1/09168/ldai1/ccl-build/msccl_tools_lyd/examples/xml/xml_lyd/binary_h_gpu01_reverse_p/allreduce_binary_tree_p_gpu01_16nodes_channel4_chunk4.xml successfully.
c196-062:4897:4930 [0] NCCL INFO Connected all trees
c196-062:4897:4930 [0] NCCL INFO MSCCL_XML_FILES set by environment to /home1/09168/ldai1/ccl-build/msccl_tools_lyd/examples/xml/xml_lyd/binary_h_gpu01_reverse_p/allreduce_binary_tree_p_gpu01_16nodes_channel4_chunk4.xml
c196-062:4897:4930 [0] NCCL INFO MSCCL: Parsing algorithm /home1/09168/ldai1/ccl-build/msccl_tools_lyd/examples/xml/xml_lyd/binary_h_gpu01_reverse_p/allreduce_binary_tree_p_gpu01_16nodes_channel4_chunk4.xml
c197-032:6687:6726 [2] NCCL INFO Channel 02 : 14[82000] -> 13[3000] via direct shared memory
c197-032:6687:6726 [2] NCCL INFO Channel 03 : 14[82000] -> 13[3000] via direct shared memory
c197-022:28486:28526 [1] NCCL INFO Channel 00 : 5[3000] -> 4[2000] via direct shared memory
c197-022:28486:28526 [1] NCCL INFO Channel 01 : 5[3000] -> 4[2000] via direct shared memory
c197-022:28485:28524 [0] NCCL INFO Connected all trees
c197-022:28485:28524 [0] NCCL INFO MSCCL_XML_FILES set by environment to /home1/09168/ldai1/ccl-build/msccl_tools_lyd/examples/xml/xml_lyd/binary_h_gpu01_reverse_p/allreduce_binary_tree_p_gpu01_16nodes_channel4_chunk4.xml
c197-022:28485:28524 [0] NCCL INFO MSCCL: Parsing algorithm /home1/09168/ldai1/ccl-build/msccl_tools_lyd/examples/xml/xml_lyd/binary_h_gpu01_reverse_p/allreduce_binary_tree_p_gpu01_16nodes_channel4_chunk4.xml
c197-031:29985:30025 [0] NCCL INFO Connected all trees
c197-031:29985:30025 [0] NCCL INFO MSCCL_XML_FILES set by environment to /home1/09168/ldai1/ccl-build/msccl_tools_lyd/examples/xml/xml_lyd/binary_h_gpu01_reverse_p/allreduce_binary_tree_p_gpu01_16nodes_channel4_chunk4.xml
c197-031:29985:30025 [0] NCCL INFO MSCCL: Parsing algorithm /home1/09168/ldai1/ccl-build/msccl_tools_lyd/examples/xml/xml_lyd/binary_h_gpu01_reverse_p/allreduce_binary_tree_p_gpu01_16nodes_channel4_chunk4.xml
c196-062:4898:4939 [1] NCCL INFO Connected all trees
c196-062:4898:4939 [1] NCCL INFO MSCCL_XML_FILES set by environment to /home1/09168/ldai1/ccl-build/msccl_tools_lyd/examples/xml/xml_lyd/binary_h_gpu01_reverse_p/allreduce_binary_tree_p_gpu01_16nodes_channel4_chunk4.xml
c196-062:4898:4939 [1] NCCL INFO MSCCL: Parsing algorithm /home1/09168/ldai1/ccl-build/msccl_tools_lyd/examples/xml/xml_lyd/binary_h_gpu01_reverse_p/allreduce_binary_tree_p_gpu01_16nodes_channel4_chunk4.xml
c197-032:6688:6725 [3] NCCL INFO Connected 1 MSCCL algorithms
c197-032:6688:6725 [3] NCCL INFO NCCL_NTHREADS set by environment to 64.
c197-032:6688:6725 [3] NCCL INFO NCCL_PROTO set by environment to Simple
c197-032:6688:6725 [3] NCCL INFO NCCL_ALGO set by environment to MSCCL,TREE,RING
c197-032:6688:6725 [3] NCCL INFO threadThresholds 8/8/64 | 512/8/64 | 8/8/64 | 8/8/512
c197-032:6688:6725 [3] NCCL INFO 4 coll channels, 2 p2p channels, 2 p2p channels per peer
c197-022:28486:28526 [1] NCCL INFO Connected all trees
c197-022:28486:28526 [1] NCCL INFO MSCCL_XML_FILES set by environment to /home1/09168/ldai1/ccl-build/msccl_tools_lyd/examples/xml/xml_lyd/binary_h_gpu01_reverse_p/allreduce_binary_tree_p_gpu01_16nodes_channel4_chunk4.xml
c197-022:28486:28526 [1] NCCL INFO MSCCL: Parsing algorithm /home1/09168/ldai1/ccl-build/msccl_tools_lyd/examples/xml/xml_lyd/binary_h_gpu01_reverse_p/allreduce_binary_tree_p_gpu01_16nodes_channel4_chunk4.xml
c197-022:28487:28521 [2] NCCL INFO Connected all trees
c197-022:28487:28521 [2] NCCL INFO MSCCL_XML_FILES set by environment to /home1/09168/ldai1/ccl-build/msccl_tools_lyd/examples/xml/xml_lyd/binary_h_gpu01_reverse_p/allreduce_binary_tree_p_gpu01_16nodes_channel4_chunk4.xml
c197-022:28487:28521 [2] NCCL INFO MSCCL: Parsing algorithm /home1/09168/ldai1/ccl-build/msccl_tools_lyd/examples/xml/xml_lyd/binary_h_gpu01_reverse_p/allreduce_binary_tree_p_gpu01_16nodes_channel4_chunk4.xml
c197-031:29986:30026 [1] NCCL INFO Connected all trees
c197-031:29986:30026 [1] NCCL INFO MSCCL_XML_FILES set by environment to /home1/09168/ldai1/ccl-build/msccl_tools_lyd/examples/xml/xml_lyd/binary_h_gpu01_reverse_p/allreduce_binary_tree_p_gpu01_16nodes_channel4_chunk4.xml
c197-031:29986:30026 [1] NCCL INFO MSCCL: Parsing algorithm /home1/09168/ldai1/ccl-build/msccl_tools_lyd/examples/xml/xml_lyd/binary_h_gpu01_reverse_p/allreduce_binary_tree_p_gpu01_16nodes_channel4_chunk4.xml
c196-062:4897:4930 [0] NCCL INFO Parsed MSCCL Algorithm /home1/09168/ldai1/ccl-build/msccl_tools_lyd/examples/xml/xml_lyd/binary_h_gpu01_reverse_p/allreduce_binary_tree_p_gpu01_16nodes_channel4_chunk4.xml successfully.
c196-062:4897:4930 [0] NCCL INFO Channel 02 : 0[2000] -> 1[3000] via direct shared memory
c196-062:4897:4930 [0] NCCL INFO Channel 03 : 0[2000] -> 1[3000] via direct shared memory
c198-102:18172:18214 [0] NCCL INFO Channel 03/0 : 48[2000] -> 52[2000] [send] via NET/IB/0
c197-022:28485:28524 [0] NCCL INFO Parsed MSCCL Algorithm /home1/09168/ldai1/ccl-build/msccl_tools_lyd/examples/xml/xml_lyd/binary_h_gpu01_reverse_p/allreduce_binary_tree_p_gpu01_16nodes_channel4_chunk4.xml successfully.
c197-031:29985:30025 [0] NCCL INFO Parsed MSCCL Algorithm /home1/09168/ldai1/ccl-build/msccl_tools_lyd/examples/xml/xml_lyd/binary_h_gpu01_reverse_p/allreduce_binary_tree_p_gpu01_16nodes_channel4_chunk4.xml successfully.
c197-042:6795:6836 [0] NCCL INFO Channel 03/0 : 16[2000] -> 20[2000] [receive] via NET/IB/0
c197-042:6796:6837 [1] NCCL INFO Channel 03/0 : 21[3000] -> 24[2000] [send] via NET/IB/0
c196-062:4898:4939 [1] NCCL INFO Parsed MSCCL Algorithm /home1/09168/ldai1/ccl-build/msccl_tools_lyd/examples/xml/xml_lyd/binary_h_gpu01_reverse_p/allreduce_binary_tree_p_gpu01_16nodes_channel4_chunk4.xml successfully.
c197-022:28485:28524 [0] NCCL INFO Channel 02 : 4[2000] -> 5[3000] via direct shared memory
c197-022:28485:28524 [0] NCCL INFO Channel 03 : 4[2000] -> 5[3000] via direct shared memory
c197-061:31976:32015 [0] NCCL INFO Channel 03/0 : 21[3000] -> 24[2000] [receive] via NET/IB/0
c197-031:29985:30025 [0] NCCL INFO Channel 02 : 8[2000] -> 9[3000] via direct shared memory
c197-031:29985:30025 [0] NCCL INFO Channel 03 : 8[2000] -> 9[3000] via direct shared memory
c199-011:17351:17389 [1] NCCL INFO Channel 02 : 57[3000] -> 58[82000] via direct shared memory
c199-011:17351:17389 [1] NCCL INFO Channel 03 : 57[3000] -> 58[82000] via direct shared memory
c198-111:15965:16005 [1] NCCL INFO Channel 02 : 53[3000] -> 54[82000] via direct shared memory
c198-111:15965:16005 [1] NCCL INFO Channel 03 : 53[3000] -> 54[82000] via direct shared memory
c197-022:28486:28526 [1] NCCL INFO Parsed MSCCL Algorithm /home1/09168/ldai1/ccl-build/msccl_tools_lyd/examples/xml/xml_lyd/binary_h_gpu01_reverse_p/allreduce_binary_tree_p_gpu01_16nodes_channel4_chunk4.xml successfully.
c197-022:28487:28521 [2] NCCL INFO Parsed MSCCL Algorithm /home1/09168/ldai1/ccl-build/msccl_tools_lyd/examples/xml/xml_lyd/binary_h_gpu01_reverse_p/allreduce_binary_tree_p_gpu01_16nodes_channel4_chunk4.xml successfully.
c198-111:15966:15999 [2] NCCL INFO Channel 02 : 54[82000] -> 55[83000] via direct shared memory
c198-111:15966:15999 [2] NCCL INFO Channel 03 : 54[82000] -> 55[83000] via direct shared memory
c198-111:15967:16001 [3] NCCL INFO Channel 02 : 55[83000] -> 54[82000] via direct shared memory
c198-111:15967:16001 [3] NCCL INFO Channel 03 : 55[83000] -> 54[82000] via direct shared memory
c197-031:29986:30026 [1] NCCL INFO Parsed MSCCL Algorithm /home1/09168/ldai1/ccl-build/msccl_tools_lyd/examples/xml/xml_lyd/binary_h_gpu01_reverse_p/allreduce_binary_tree_p_gpu01_16nodes_channel4_chunk4.xml successfully.
c199-011:17350:17391 [0] NCCL INFO Channel 02/0 : 53[3000] -> 56[2000] [receive] via NET/IB/0
c198-111:15964:16004 [0] NCCL INFO Channel 02/0 : 48[2000] -> 52[2000] [receive] via NET/IB/0
c199-011:17351:17389 [1] NCCL INFO Channel 01/0 : 52[2000] -> 57[3000] [receive] via NET/IB/0
c198-111:15965:16005 [1] NCCL INFO Channel 02/0 : 53[3000] -> 56[2000] [send] via NET/IB/0
c197-032:6686:6723 [1] NCCL INFO Channel 03/0 : 13[3000] -> 20[2000] [send] via NET/IB/0
c196-062:4898:4939 [1] NCCL INFO Channel 02 : 1[3000] -> 2[82000] via direct shared memory
c196-062:4898:4939 [1] NCCL INFO Channel 03 : 1[3000] -> 2[82000] via direct shared memory
c197-092:19470:19508 [0] NCCL INFO Channel 01/0 : 32[2000] -> 48[2000] [send] via NET/IB/0
c197-022:28486:28526 [1] NCCL INFO Channel 02 : 5[3000] -> 6[82000] via direct shared memory
c197-022:28486:28526 [1] NCCL INFO Channel 03 : 5[3000] -> 6[82000] via direct shared memory
c197-101:18003:18044 [0] NCCL INFO Channel 01/0 : 36[2000] -> 41[3000] [send] via NET/IB/0
c197-022:28487:28521 [2] NCCL INFO Channel 02 : 6[82000] -> 7[83000] via direct shared memory
c197-022:28487:28521 [2] NCCL INFO Channel 03 : 6[82000] -> 7[83000] via direct shared memory
c197-022:28488:28522 [3] NCCL INFO Channel 02 : 7[83000] -> 6[82000] via direct shared memory
c197-022:28488:28522 [3] NCCL INFO Channel 03 : 7[83000] -> 6[82000] via direct shared memory
c199-011:17352:17385 [2] NCCL INFO Channel 02 : 58[82000] -> 57[3000] via direct shared memory
c197-031:29986:30026 [1] NCCL INFO Channel 02 : 9[3000] -> 10[82000] via direct shared memory
c199-011:17352:17385 [2] NCCL INFO Channel 03 : 58[82000] -> 57[3000] via direct shared memory
c197-031:29986:30026 [1] NCCL INFO Channel 03 : 9[3000] -> 10[82000] via direct shared memory
c198-111:15966:15999 [2] NCCL INFO Channel 02 : 54[82000] -> 53[3000] via direct shared memory
c198-111:15966:15999 [2] NCCL INFO Channel 03 : 54[82000] -> 53[3000] via direct shared memory
c197-022:28485:28524 [0] NCCL INFO Channel 02/0 : 0[2000] -> 4[2000] [receive] via NET/IB/0
c197-022:28486:28526 [1] NCCL INFO Channel 02/0 : 5[3000] -> 8[2000] [send] via NET/IB/0
c199-011:17353:17387 [3] NCCL INFO Connected 1 MSCCL algorithms
c199-011:17353:17387 [3] NCCL INFO NCCL_NTHREADS set by environment to 64.
c197-031:29985:30025 [0] NCCL INFO Channel 02/0 : 5[3000] -> 8[2000] [receive] via NET/IB/0
c198-111:15967:16001 [3] NCCL INFO Connected 1 MSCCL algorithms
c198-111:15967:16001 [3] NCCL INFO NCCL_NTHREADS set by environment to 64.
c198-111:15967:16001 [3] NCCL INFO NCCL_PROTO set by environment to Simple
c198-111:15967:16001 [3] NCCL INFO NCCL_ALGO set by environment to MSCCL,TREE,RING
c198-111:15967:16001 [3] NCCL INFO threadThresholds 8/8/64 | 512/8/64 | 8/8/64 | 8/8/512
c198-111:15967:16001 [3] NCCL INFO 4 coll channels, 2 p2p channels, 2 p2p channels per peer
c199-011:17353:17387 [3] NCCL INFO NCCL_PROTO set by environment to Simple
c199-011:17353:17387 [3] NCCL INFO NCCL_ALGO set by environment to MSCCL,TREE,RING
c199-011:17353:17387 [3] NCCL INFO threadThresholds 8/8/64 | 512/8/64 | 8/8/64 | 8/8/512
c199-011:17353:17387 [3] NCCL INFO 4 coll channels, 2 p2p channels, 2 p2p channels per peer
c197-031:29986:30026 [1] NCCL INFO Channel 01/0 : 4[2000] -> 9[3000] [receive] via NET/IB/0
c197-101:18004:18043 [1] NCCL INFO Channel 02/0 : 40[2000] -> 37[3000] [receive] via NET/IB/0
c198-091:26983:27023 [0] NCCL INFO Channel 01/0 : 40[2000] -> 44[2000] [send] via NET/IB/0
c197-022:28487:28521 [2] NCCL INFO Channel 02 : 6[82000] -> 5[3000] via direct shared memory
c197-022:28487:28521 [2] NCCL INFO Channel 03 : 6[82000] -> 5[3000] via direct shared memory
c196-062:4898:4939 [1] NCCL INFO Channel 02 : 1[3000] -> 0[2000] via direct shared memory
c196-062:4899:4937 [2] NCCL INFO Channel 02 : 2[82000] -> 1[3000] via direct shared memory
c196-062:4898:4939 [1] NCCL INFO Channel 03 : 1[3000] -> 0[2000] via direct shared memory
c196-062:4899:4937 [2] NCCL INFO Channel 03 : 2[82000] -> 1[3000] via direct shared memory
c197-022:28488:28522 [3] NCCL INFO Connected 1 MSCCL algorithms
c197-031:29987:30022 [2] NCCL INFO Channel 02 : 10[82000] -> 9[3000] via direct shared memory
c197-031:29987:30022 [2] NCCL INFO Channel 03 : 10[82000] -> 9[3000] via direct shared memory
c197-022:28488:28522 [3] NCCL INFO NCCL_NTHREADS set by environment to 64.
c197-022:28488:28522 [3] NCCL INFO NCCL_PROTO set by environment to Simple
c197-022:28488:28522 [3] NCCL INFO NCCL_ALGO set by environment to MSCCL,TREE,RING
c197-022:28488:28522 [3] NCCL INFO threadThresholds 8/8/64 | 512/8/64 | 8/8/64 | 8/8/512
c197-022:28488:28522 [3] NCCL INFO 4 coll channels, 2 p2p channels, 2 p2p channels per peer
c196-062:4900:4935 [3] NCCL INFO Connected 1 MSCCL algorithms
c196-062:4900:4935 [3] NCCL INFO NCCL_NTHREADS set by environment to 64.
c196-062:4900:4935 [3] NCCL INFO NCCL_PROTO set by environment to Simple
c196-062:4900:4935 [3] NCCL INFO NCCL_ALGO set by environment to MSCCL,TREE,RING
c196-062:4900:4935 [3] NCCL INFO threadThresholds 8/8/64 | 512/8/64 | 8/8/64 | 8/8/512
c196-062:4900:4935 [3] NCCL INFO 4 coll channels, 2 p2p channels, 2 p2p channels per peer
c196-062:4899:4937 [2] NCCL INFO Connected 1 MSCCL algorithms
c196-062:4899:4937 [2] NCCL INFO NCCL_NTHREADS set by environment to 64.
c196-062:4899:4937 [2] NCCL INFO NCCL_PROTO set by environment to Simple
c196-062:4899:4937 [2] NCCL INFO NCCL_ALGO set by environment to MSCCL,TREE,RING
c196-062:4899:4937 [2] NCCL INFO threadThresholds 8/8/64 | 512/8/64 | 8/8/64 | 8/8/512
c196-062:4899:4937 [2] NCCL INFO 4 coll channels, 2 p2p channels, 2 p2p channels per peer
c197-031:29988:30020 [3] NCCL INFO Connected 1 MSCCL algorithms
c197-031:29988:30020 [3] NCCL INFO NCCL_NTHREADS set by environment to 64.
c197-031:29988:30020 [3] NCCL INFO NCCL_PROTO set by environment to Simple
c197-031:29988:30020 [3] NCCL INFO NCCL_ALGO set by environment to MSCCL,TREE,RING
c197-031:29988:30020 [3] NCCL INFO threadThresholds 8/8/64 | 512/8/64 | 8/8/64 | 8/8/512
c197-031:29988:30020 [3] NCCL INFO 4 coll channels, 2 p2p channels, 2 p2p channels per peer
c199-011:17350:17391 [0] NCCL INFO Channel 03/0 : 53[3000] -> 56[2000] [receive] via NET/IB/0
c198-111:15964:16004 [0] NCCL INFO Channel 03/0 : 48[2000] -> 52[2000] [receive] via NET/IB/0
c198-111:15965:16005 [1] NCCL INFO Channel 03/0 : 53[3000] -> 56[2000] [send] via NET/IB/0
c197-042:6796:6837 [1] NCCL INFO Channel 02/0 : 24[2000] -> 21[3000] [receive] via NET/IB/0
c197-061:31976:32015 [0] NCCL INFO Channel 01/0 : 24[2000] -> 28[2000] [send] via NET/IB/0
c197-042:6795:6836 [0] NCCL INFO Channel 01/0 : 20[2000] -> 25[3000] [send] via NET/IB/0
c196-062:4897:4930 [0] NCCL INFO Channel 02/0 : 0[2000] -> 4[2000] [send] via NET/IB/0
c197-022:28485:28524 [0] NCCL INFO Channel 03/0 : 0[2000] -> 4[2000] [receive] via NET/IB/0
c197-022:28486:28526 [1] NCCL INFO Channel 03/0 : 5[3000] -> 8[2000] [send] via NET/IB/0
c197-041:11478:11519 [0] NCCL INFO Channel 01/0 : 16[2000] -> 24[2000] [send] via NET/IB/0
c197-031:29985:30025 [0] NCCL INFO Channel 03/0 : 5[3000] -> 8[2000] [receive] via NET/IB/0
c197-101:18003:18044 [0] NCCL INFO Channel 02/0 : 36[2000] -> 44[2000] [send] via NET/IB/0
c197-101:18004:18043 [1] NCCL INFO Channel 03/0 : 40[2000] -> 37[3000] [receive] via NET/IB/0
c198-091:26984:27024 [1] NCCL INFO Channel 01/0 : 41[3000] -> 36[2000] [send] via NET/IB/0
c198-091:26983:27023 [0] NCCL INFO Channel 01/0 : 40[2000] -> 49[3000] [send] via NET/IB/0
