     1048576        262144     float     sum      -1    942.2    1.11    2.19      0    953.7    1.10    2.16      0
     2097152        524288     float     sum      -1   1368.0    1.53    3.02      0   1365.7    1.54    3.02      0
     4194304       1048576     float     sum      -1   2316.2    1.81    3.57      0   2327.5    1.80    3.55      0
     8388608       2097152     float     sum      -1   4586.3    1.83    3.60      0   4614.9    1.82    3.58      0
    16777216       4194304     float     sum      -1    12887    1.30    2.56      0    12925    1.30    2.56      0
    33554432       8388608     float     sum      -1    23148    1.45    2.85      0    23150    1.45    2.85      0
    67108864      16777216     float     sum      -1    44178    1.52    2.99      0    44163    1.52    2.99      0
   134217728      33554432     float     sum      -1    86645    1.55    3.05      0    86614    1.55    3.05      0
   268435456      67108864     float     sum      -1   170886    1.57    3.09      0   170803    1.57    3.09      0
c197-031:13426:13426 [3] NCCL INFO comm 0x2ae6ee000010 rank 59 nranks 64 cudaDev 3 busId 83000 - Destroy COMPLETE
c197-011:13705:13705 [3] NCCL INFO comm 0x2ada3e000010 rank 43 nranks 64 cudaDev 3 busId 83000 - Destroy COMPLETE
c196-082:9772:9772 [3] NCCL INFO comm 0x2b0af5f14010 rank 15 nranks 64 cudaDev 3 busId 83000 - Destroy COMPLETE
c197-022:11640:11640 [3] NCCL INFO comm 0x2aad5e000010 rank 55 nranks 64 cudaDev 3 busId 83000 - Destroy COMPLETE
c196-092:32740:32740 [3] NCCL INFO comm 0x2ae1ce000010 rank 23 nranks 64 cudaDev 3 busId 83000 - Destroy COMPLETE
c197-012:27547:27547 [2] NCCL INFO comm 0x2abfce000010 rank 46 nranks 64 cudaDev 2 busId 82000 - Destroy COMPLETE
c196-081:16668:16668 [3] NCCL INFO comm 0x2b6d3c000010 rank 11 nranks 64 cudaDev 3 busId 83000 - Destroy COMPLETE
c196-101:9425:9425 [2] NCCL INFO comm 0x2b693e000010 rank 26 nranks 64 cudaDev 2 busId 82000 - Destroy COMPLETE
c196-091:22629:22629 [2] NCCL INFO comm 0x2b59fe000010 rank 18 nranks 64 cudaDev 2 busId 82000 - Destroy COMPLETE
c196-111:4685:4685 [2] NCCL INFO comm 0x2b26a2000010 rank 34 nranks 64 cudaDev 2 busId 82000 - Destroy COMPLETE
c196-102:642:642 [3] NCCL INFO comm 0x2b1b85602010 rank 31 nranks 64 cudaDev 3 busId 83000 - Destroy COMPLETE
c197-031:13425:13425 [2] NCCL INFO comm 0x2b8aa56ad010 rank 58 nranks 64 cudaDev 2 busId 82000 - Destroy COMPLETE
c197-021:29118:29118 [3] NCCL INFO comm 0x2b65ce000010 rank 51 nranks 64 cudaDev 3 busId 83000 - Destroy COMPLETE
c197-032:22226:22226 [3] NCCL INFO comm 0x2b5366146010 rank 63 nranks 64 cudaDev 3 busId 83000 - Destroy COMPLETE
c196-112:10346:10346 [3] NCCL INFO comm 0x2b3984000010 rank 39 nranks 64 cudaDev 3 busId 83000 - Destroy COMPLETE
c197-022:11639:11639 [2] NCCL INFO comm 0x2b6abc000010 rank 54 nranks 64 cudaDev 2 busId 82000 - Destroy COMPLETE
c196-081:16667:16667 [2] NCCL INFO comm 0x2b25fcdb7010 rank 10 nranks 64 cudaDev 2 busId 82000 - Destroy COMPLETE
c196-082:9771:9771 [2] NCCL INFO comm 0x2b5b82000010 rank 14 nranks 64 cudaDev 2 busId 82000 - Destroy COMPLETE
c196-072:19428:19428 [3] NCCL INFO comm 0x2b62ae402010 rank 7 nranks 64 cudaDev 3 busId 83000 - Destroy COMPLETE
c196-072:19427:19427 [2] NCCL INFO comm 0x2b1ddd08b010 rank 6 nranks 64 cudaDev 2 busId 82000 - Destroy COMPLETE
c196-102:641:641 [2] NCCL INFO comm 0x2ac051a9e010 rank 30 nranks 64 cudaDev 2 busId 82000 - Destroy COMPLETE
c196-112:10345:10345 [2] NCCL INFO comm 0x2aaf3150e010 rank 38 nranks 64 cudaDev 2 busId 82000 - Destroy COMPLETE
c196-071:24206:24206 [3] NCCL INFO comm 0x2adf22000010 rank 3 nranks 64 cudaDev 3 busId 83000 - Destroy COMPLETE
c197-032:22224:22224 [1] NCCL INFO comm 0x2b5182000010 rank 61 nranks 64 cudaDev 1 busId 3000 - Destroy COMPLETE
c196-101:9426:9426 [3] NCCL INFO comm 0x2b5892000010 rank 27 nranks 64 cudaDev 3 busId 83000 - Destroy COMPLETE
c197-012:27548:27548 [3] NCCL INFO comm 0x2ab3a557b010 rank 47 nranks 64 cudaDev 3 busId 83000 - Destroy COMPLETE
c196-071:24204:24204 [1] NCCL INFO comm 0x2b7872000010 rank 1 nranks 64 cudaDev 1 busId 3000 - Destroy COMPLETE
c196-092:32739:32739 [2] NCCL INFO comm 0x2b0ea0000010 rank 22 nranks 64 cudaDev 2 busId 82000 - Destroy COMPLETE
c197-011:13704:13704 [2] NCCL INFO comm 0x2ba9d0000010 rank 42 nranks 64 cudaDev 2 busId 82000 - Destroy COMPLETE
c196-091:22630:22630 [3] NCCL INFO comm 0x2ab7ae275010 rank 19 nranks 64 cudaDev 3 busId 83000 - Destroy COMPLETE
c196-111:4686:4686 [3] NCCL INFO comm 0x2b4f4c000010 rank 35 nranks 64 cudaDev 3 busId 83000 - Destroy COMPLETE
c197-021:29117:29117 [2] NCCL INFO comm 0x2ac08d259010 rank 50 nranks 64 cudaDev 2 busId 82000 - Destroy COMPLETE
c196-072:19426:19426 [1] NCCL INFO comm 0x2b91de000010 rank 5 nranks 64 cudaDev 1 busId 3000 - Destroy COMPLETE
c196-091:22628:22628 [1] NCCL INFO comm 0x2af340000010 rank 17 nranks 64 cudaDev 1 busId 3000 - Destroy COMPLETE
c197-032:22225:22225 [2] NCCL INFO comm 0x2b4c1ce6b010 rank 62 nranks 64 cudaDev 2 busId 82000 - Destroy COMPLETE
c197-022:11638:11638 [1] NCCL INFO comm 0x2ac58e201010 rank 53 nranks 64 cudaDev 1 busId 3000 - Destroy COMPLETE
c197-012:27546:27546 [1] NCCL INFO comm 0x2b9f02000010 rank 45 nranks 64 cudaDev 1 busId 3000 - Destroy COMPLETE
c197-031:13424:13424 [1] NCCL INFO comm 0x2ad285f81010 rank 57 nranks 64 cudaDev 1 busId 3000 - Destroy COMPLETE
c196-071:24203:24203 [0] NCCL INFO comm 0x2b0c95fe7010 rank 0 nranks 64 cudaDev 0 busId 2000 - Destroy COMPLETE
c197-011:13703:13703 [1] NCCL INFO comm 0x2b9b7d058010 rank 41 nranks 64 cudaDev 1 busId 3000 - Destroy COMPLETE
c196-111:4684:4684 [1] NCCL INFO comm 0x2aefa548d010 rank 33 nranks 64 cudaDev 1 busId 3000 - Destroy COMPLETE
c196-082:9770:9770 [1] NCCL INFO comm 0x2b1ace201010 rank 13 nranks 64 cudaDev 1 busId 3000 - Destroy COMPLETE
c197-031:13423:13423 [0] NCCL INFO comm 0x2b980e347010 rank 56 nranks 64 cudaDev 0 busId 2000 - Destroy COMPLETE
c197-032:22223:22223 [0] NCCL INFO comm 0x2af3cd259010 rank 60 nranks 64 cudaDev 0 busId 2000 - Destroy COMPLETE
c196-081:16666:16666 [1] NCCL INFO comm 0x2b42c4000010 rank 9 nranks 64 cudaDev 1 busId 3000 - Destroy COMPLETE
c196-101:9423:9423 [0] NCCL INFO comm 0x2baa2e000010 rank 24 nranks 64 cudaDev 0 busId 2000 - Destroy COMPLETE
c196-101:9424:9424 [1] NCCL INFO comm 0x2af60e000010 rank 25 nranks 64 cudaDev 1 busId 3000 - Destroy COMPLETE
c197-022:11637:11637 [0] NCCL INFO comm 0x2b7e8e000010 rank 52 nranks 64 cudaDev 0 busId 2000 - Destroy COMPLETE
c196-081:16665:16665 [0] NCCL INFO comm 0x2ba28ce38010 rank 8 nranks 64 cudaDev 0 busId 2000 - Destroy COMPLETE
c196-112:10344:10344 [1] NCCL INFO comm 0x2ba97c9b6010 rank 37 nranks 64 cudaDev 1 busId 3000 - Destroy COMPLETE
c196-071:24205:24205 [2] NCCL INFO comm 0x2ae11e000010 rank 2 nranks 64 cudaDev 2 busId 82000 - Destroy COMPLETE
c197-012:27545:27545 [0] NCCL INFO comm 0x2baa12000010 rank 44 nranks 64 cudaDev 0 busId 2000 - Destroy COMPLETE
c196-111:4683:4683 [0] NCCL INFO comm 0x2aeaed0d9010 rank 32 nranks 64 cudaDev 0 busId 2000 - Destroy COMPLETE
c196-092:32738:32738 [1] NCCL INFO comm 0x2b8f90000010 rank 21 nranks 64 cudaDev 1 busId 3000 - Destroy COMPLETE
c196-082:9769:9769 [0] NCCL INFO comm 0x2b73be000010 rank 12 nranks 64 cudaDev 0 busId 2000 - Destroy COMPLETE
c196-102:638:638 [1] NCCL INFO comm 0x2b512e000010 rank 29 nranks 64 cudaDev 1 busId 3000 - Destroy COMPLETE
c197-011:13702:13702 [0] NCCL INFO comm 0x2b060df55010 rank 40 nranks 64 cudaDev 0 busId 2000 - Destroy COMPLETE
c196-092:32737:32737 [0] NCCL INFO comm 0x2b26c562c010 rank 20 nranks 64 cudaDev 0 busId 2000 - Destroy COMPLETE
c197-021:29116:29116 [1] NCCL INFO comm 0x2b522e201010 rank 49 nranks 64 cudaDev 1 busId 3000 - Destroy COMPLETE
c196-072:19425:19425 [0] NCCL INFO comm 0x2b355c000010 rank 4 nranks 64 cudaDev 0 busId 2000 - Destroy COMPLETE
c196-102:637:637 [0] NCCL INFO comm 0x2b06dce6b010 rank 28 nranks 64 cudaDev 0 busId 2000 - Destroy COMPLETE
c196-091:22627:22627 [0] NCCL INFO comm 0x2b6fecfb8010 rank 16 nranks 64 cudaDev 0 busId 2000 - Destroy COMPLETE
c196-112:10343:10343 [0] NCCL INFO comm 0x2aad52000010 rank 36 nranks 64 cudaDev 0 busId 2000 - Destroy COMPLETE
c197-021:29115:29115 [0] NCCL INFO comm 0x2b256e000010 rank 48 nranks 64 cudaDev 0 busId 2000 - Destroy COMPLETE
# Out of bounds values : 0 OK
# Avg bus bandwidth    : 1.65769 
#

# nThread 1 nGpus 1 minBytes 1024 maxBytes 268435456 step: 2(factor) warmup iters: 5 iters: 60 agg iters: 1 validation: 1 graph: 0
#
# Using devices
#  Rank  0 Group  0 Pid  24320 on   c196-071 device  0 [0x02] Quadro RTX 5000
#  Rank  1 Group  0 Pid  24321 on   c196-071 device  1 [0x03] Quadro RTX 5000
#  Rank  2 Group  0 Pid  24322 on   c196-071 device  2 [0x82] Quadro RTX 5000
#  Rank  3 Group  0 Pid  24323 on   c196-071 device  3 [0x83] Quadro RTX 5000
#  Rank  4 Group  0 Pid  19590 on   c196-072 device  0 [0x02] Quadro RTX 5000
#  Rank  5 Group  0 Pid  19591 on   c196-072 device  1 [0x03] Quadro RTX 5000
#  Rank  6 Group  0 Pid  19592 on   c196-072 device  2 [0x82] Quadro RTX 5000
#  Rank  7 Group  0 Pid  19593 on   c196-072 device  3 [0x83] Quadro RTX 5000
#  Rank  8 Group  0 Pid  16831 on   c196-081 device  0 [0x02] Quadro RTX 5000
#  Rank  9 Group  0 Pid  16832 on   c196-081 device  1 [0x03] Quadro RTX 5000
#  Rank 10 Group  0 Pid  16833 on   c196-081 device  2 [0x82] Quadro RTX 5000
#  Rank 11 Group  0 Pid  16834 on   c196-081 device  3 [0x83] Quadro RTX 5000
#  Rank 12 Group  0 Pid   9938 on   c196-082 device  0 [0x02] Quadro RTX 5000
#  Rank 13 Group  0 Pid   9939 on   c196-082 device  1 [0x03] Quadro RTX 5000
#  Rank 14 Group  0 Pid   9940 on   c196-082 device  2 [0x82] Quadro RTX 5000
#  Rank 15 Group  0 Pid   9941 on   c196-082 device  3 [0x83] Quadro RTX 5000
#  Rank 16 Group  0 Pid  22793 on   c196-091 device  0 [0x02] Quadro RTX 5000
#  Rank 17 Group  0 Pid  22794 on   c196-091 device  1 [0x03] Quadro RTX 5000
#  Rank 18 Group  0 Pid  22795 on   c196-091 device  2 [0x82] Quadro RTX 5000
#  Rank 19 Group  0 Pid  22796 on   c196-091 device  3 [0x83] Quadro RTX 5000
#  Rank 20 Group  0 Pid    436 on   c196-092 device  0 [0x02] Quadro RTX 5000
#  Rank 21 Group  0 Pid    437 on   c196-092 device  1 [0x03] Quadro RTX 5000
#  Rank 22 Group  0 Pid    438 on   c196-092 device  2 [0x82] Quadro RTX 5000
#  Rank 23 Group  0 Pid    439 on   c196-092 device  3 [0x83] Quadro RTX 5000
#  Rank 24 Group  0 Pid   9588 on   c196-101 device  0 [0x02] Quadro RTX 5000
#  Rank 25 Group  0 Pid   9589 on   c196-101 device  1 [0x03] Quadro RTX 5000
#  Rank 26 Group  0 Pid   9590 on   c196-101 device  2 [0x82] Quadro RTX 5000
#  Rank 27 Group  0 Pid   9591 on   c196-101 device  3 [0x83] Quadro RTX 5000
#  Rank 28 Group  0 Pid    820 on   c196-102 device  0 [0x02] Quadro RTX 5000
#  Rank 29 Group  0 Pid    821 on   c196-102 device  1 [0x03] Quadro RTX 5000
#  Rank 30 Group  0 Pid    822 on   c196-102 device  2 [0x82] Quadro RTX 5000
#  Rank 31 Group  0 Pid    823 on   c196-102 device  3 [0x83] Quadro RTX 5000
#  Rank 32 Group  0 Pid   4849 on   c196-111 device  0 [0x02] Quadro RTX 5000
#  Rank 33 Group  0 Pid   4850 on   c196-111 device  1 [0x03] Quadro RTX 5000
#  Rank 34 Group  0 Pid   4851 on   c196-111 device  2 [0x82] Quadro RTX 5000
#  Rank 35 Group  0 Pid   4852 on   c196-111 device  3 [0x83] Quadro RTX 5000
#  Rank 36 Group  0 Pid  10509 on   c196-112 device  0 [0x02] Quadro RTX 5000
#  Rank 37 Group  0 Pid  10510 on   c196-112 device  1 [0x03] Quadro RTX 5000
#  Rank 38 Group  0 Pid  10511 on   c196-112 device  2 [0x82] Quadro RTX 5000
#  Rank 39 Group  0 Pid  10512 on   c196-112 device  3 [0x83] Quadro RTX 5000
#  Rank 40 Group  0 Pid  13867 on   c197-011 device  0 [0x02] Quadro RTX 5000
#  Rank 41 Group  0 Pid  13868 on   c197-011 device  1 [0x03] Quadro RTX 5000
#  Rank 42 Group  0 Pid  13869 on   c197-011 device  2 [0x82] Quadro RTX 5000
#  Rank 43 Group  0 Pid  13870 on   c197-011 device  3 [0x83] Quadro RTX 5000
#  Rank 44 Group  0 Pid  27709 on   c197-012 device  0 [0x02] Quadro RTX 5000
#  Rank 45 Group  0 Pid  27710 on   c197-012 device  1 [0x03] Quadro RTX 5000
#  Rank 46 Group  0 Pid  27711 on   c197-012 device  2 [0x82] Quadro RTX 5000
#  Rank 47 Group  0 Pid  27712 on   c197-012 device  3 [0x83] Quadro RTX 5000
#  Rank 48 Group  0 Pid  29280 on   c197-021 device  0 [0x02] Quadro RTX 5000
#  Rank 49 Group  0 Pid  29281 on   c197-021 device  1 [0x03] Quadro RTX 5000
#  Rank 50 Group  0 Pid  29282 on   c197-021 device  2 [0x82] Quadro RTX 5000
#  Rank 51 Group  0 Pid  29283 on   c197-021 device  3 [0x83] Quadro RTX 5000
#  Rank 52 Group  0 Pid  11801 on   c197-022 device  0 [0x02] Quadro RTX 5000
#  Rank 53 Group  0 Pid  11802 on   c197-022 device  1 [0x03] Quadro RTX 5000
#  Rank 54 Group  0 Pid  11803 on   c197-022 device  2 [0x82] Quadro RTX 5000
#  Rank 55 Group  0 Pid  11804 on   c197-022 device  3 [0x83] Quadro RTX 5000
#  Rank 56 Group  0 Pid  13589 on   c197-031 device  0 [0x02] Quadro RTX 5000
#  Rank 57 Group  0 Pid  13590 on   c197-031 device  1 [0x03] Quadro RTX 5000
#  Rank 58 Group  0 Pid  13591 on   c197-031 device  2 [0x82] Quadro RTX 5000
#  Rank 59 Group  0 Pid  13592 on   c197-031 device  3 [0x83] Quadro RTX 5000
#  Rank 60 Group  0 Pid  22388 on   c197-032 device  0 [0x02] Quadro RTX 5000
#  Rank 61 Group  0 Pid  22389 on   c197-032 device  1 [0x03] Quadro RTX 5000
#  Rank 62 Group  0 Pid  22390 on   c197-032 device  2 [0x82] Quadro RTX 5000
#  Rank 63 Group  0 Pid  22391 on   c197-032 device  3 [0x83] Quadro RTX 5000
c196-071:24320:24320 [0] NCCL INFO Bootstrap : Using ib0:192.168.44.113<0>
c196-071:24320:24320 [0] NCCL INFO NET/Plugin : No plugin found (libnccl-net.so), using internal implementation
c196-071:24320:24320 [0] NCCL INFO NET/IB : Using [0]mlx4_0:1/IB [RO]; OOB ib0:192.168.44.113<0>
c196-071:24320:24320 [0] NCCL INFO Using network IB
NCCL version 2.12.12.MSCCL.0.7.4+cuda11.3
c196-071:24322:24322 [2] NCCL INFO Bootstrap : Using ib0:192.168.44.113<0>
c196-071:24322:24322 [2] NCCL INFO NET/Plugin : No plugin found (libnccl-net.so), using internal implementation
c196-071:24322:24322 [2] NCCL INFO NET/IB : Using [0]mlx4_0:1/IB [RO]; OOB ib0:192.168.44.113<0>
c196-071:24322:24322 [2] NCCL INFO Using network IB
c196-071:24323:24323 [3] NCCL INFO Bootstrap : Using ib0:192.168.44.113<0>
c196-071:24323:24323 [3] NCCL INFO NET/Plugin : No plugin found (libnccl-net.so), using internal implementation
c196-071:24323:24323 [3] NCCL INFO NET/IB : Using [0]mlx4_0:1/IB [RO]; OOB ib0:192.168.44.113<0>
c196-071:24323:24323 [3] NCCL INFO Using network IB
c196-111:4852:4852 [3] NCCL INFO Bootstrap : Using ib0:192.168.44.121<0>
c196-111:4852:4852 [3] NCCL INFO NET/Plugin : No plugin found (libnccl-net.so), using internal implementation
c196-071:24321:24321 [1] NCCL INFO Bootstrap : Using ib0:192.168.44.113<0>
c196-071:24321:24321 [1] NCCL INFO NET/Plugin : No plugin found (libnccl-net.so), using internal implementation
c196-111:4852:4852 [3] NCCL INFO NET/IB : Using [0]mlx4_0:1/IB [RO]; OOB ib0:192.168.44.121<0>
c196-111:4852:4852 [3] NCCL INFO Using network IB
c196-081:16832:16832 [1] NCCL INFO Bootstrap : Using ib0:192.168.44.115<0>
c196-081:16832:16832 [1] NCCL INFO NET/Plugin : No plugin found (libnccl-net.so), using internal implementation
c196-081:16832:16832 [1] NCCL INFO NET/IB : Using [0]mlx4_0:1/IB [RO]; OOB ib0:192.168.44.115<0>
c196-081:16832:16832 [1] NCCL INFO Using network IB
c196-102:822:822 [2] NCCL INFO Bootstrap : Using ib0:192.168.44.120<0>
c196-102:822:822 [2] NCCL INFO NET/Plugin : No plugin found (libnccl-net.so), using internal implementation
c196-102:822:822 [2] NCCL INFO NET/IB : Using [0]mlx4_0:1/IB [RO]; OOB ib0:192.168.44.120<0>
c196-102:822:822 [2] NCCL INFO Using network IB
c196-102:823:823 [3] NCCL INFO Bootstrap : Using ib0:192.168.44.120<0>
c196-102:823:823 [3] NCCL INFO NET/Plugin : No plugin found (libnccl-net.so), using internal implementation
c197-022:11802:11802 [1] NCCL INFO Bootstrap : Using ib0:192.168.44.126<0>
c197-022:11802:11802 [1] NCCL INFO NET/Plugin : No plugin found (libnccl-net.so), using internal implementation
c196-102:823:823 [3] NCCL INFO NET/IB : Using [0]mlx4_0:1/IB [RO]; OOB ib0:192.168.44.120<0>
c196-102:823:823 [3] NCCL INFO Using network IB
c196-111:4851:4851 [2] NCCL INFO Bootstrap : Using ib0:192.168.44.121<0>
c196-111:4851:4851 [2] NCCL INFO NET/Plugin : No plugin found (libnccl-net.so), using internal implementation
c196-111:4851:4851 [2] NCCL INFO NET/IB : Using [0]mlx4_0:1/IB [RO]; OOB ib0:192.168.44.121<0>
c196-111:4851:4851 [2] NCCL INFO Using network IB
c197-022:11801:11801 [0] NCCL INFO Bootstrap : Using ib0:192.168.44.126<0>
c197-022:11804:11804 [3] NCCL INFO Bootstrap : Using ib0:192.168.44.126<0>
c197-022:11801:11801 [0] NCCL INFO NET/Plugin : No plugin found (libnccl-net.so), using internal implementation
c197-022:11804:11804 [3] NCCL INFO NET/Plugin : No plugin found (libnccl-net.so), using internal implementation
c197-022:11802:11802 [1] NCCL INFO NET/IB : Using [0]mlx4_0:1/IB [RO]; OOB ib0:192.168.44.126<0>
c197-022:11802:11802 [1] NCCL INFO Using network IB
c196-071:24321:24321 [1] NCCL INFO NET/IB : Using [0]mlx4_0:1/IB [RO]; OOB ib0:192.168.44.113<0>
c196-071:24321:24321 [1] NCCL INFO Using network IB
c197-022:11801:11801 [0] NCCL INFO NET/IB : Using [0]mlx4_0:1/IB [RO]; OOB ib0:192.168.44.126<0>
c197-022:11801:11801 [0] NCCL INFO Using network IB
c197-022:11804:11804 [3] NCCL INFO NET/IB : Using [0]mlx4_0:1/IB [RO]; OOB ib0:192.168.44.126<0>
c197-022:11804:11804 [3] NCCL INFO Using network IB
c196-101:9591:9591 [3] NCCL INFO Bootstrap : Using ib0:192.168.44.119<0>
c196-101:9590:9590 [2] NCCL INFO Bootstrap : Using ib0:192.168.44.119<0>
c196-081:16833:16833 [2] NCCL INFO Bootstrap : Using ib0:192.168.44.115<0>
c196-101:9590:9590 [2] NCCL INFO NET/Plugin : No plugin found (libnccl-net.so), using internal implementation
c196-101:9591:9591 [3] NCCL INFO NET/Plugin : No plugin found (libnccl-net.so), using internal implementation
c196-081:16833:16833 [2] NCCL INFO NET/Plugin : No plugin found (libnccl-net.so), using internal implementation
c196-081:16833:16833 [2] NCCL INFO NET/IB : Using [0]mlx4_0:1/IB [RO]; OOB ib0:192.168.44.115<0>
c196-081:16833:16833 [2] NCCL INFO Using network IB
c196-072:19592:19592 [2] NCCL INFO Bootstrap : Using ib0:192.168.44.114<0>
c196-072:19593:19593 [3] NCCL INFO Bootstrap : Using ib0:192.168.44.114<0>
c196-081:16831:16831 [0] NCCL INFO Bootstrap : Using ib0:192.168.44.115<0>
c196-072:19592:19592 [2] NCCL INFO NET/Plugin : No plugin found (libnccl-net.so), using internal implementation
c196-081:16831:16831 [0] NCCL INFO NET/Plugin : No plugin found (libnccl-net.so), using internal implementation
c196-072:19593:19593 [3] NCCL INFO NET/Plugin : No plugin found (libnccl-net.so), using internal implementation
c196-102:821:821 [1] NCCL INFO Bootstrap : Using ib0:192.168.44.120<0>
c196-081:16831:16831 [0] NCCL INFO NET/IB : Using [0]mlx4_0:1/IB [RO]; OOB ib0:192.168.44.115<0>
c196-081:16831:16831 [0] NCCL INFO Using network IB
c196-102:821:821 [1] NCCL INFO NET/Plugin : No plugin found (libnccl-net.so), using internal implementation
c196-091:22796:22796 [3] NCCL INFO Bootstrap : Using ib0:192.168.44.117<0>
c197-022:11803:11803 [2] NCCL INFO Bootstrap : Using ib0:192.168.44.126<0>
c197-022:11803:11803 [2] NCCL INFO NET/Plugin : No plugin found (libnccl-net.so), using internal implementation
c196-091:22796:22796 [3] NCCL INFO NET/Plugin : No plugin found (libnccl-net.so), using internal implementation
c196-102:821:821 [1] NCCL INFO NET/IB : Using [0]mlx4_0:1/IB [RO]; OOB ib0:192.168.44.120<0>
c196-102:821:821 [1] NCCL INFO Using network IB
c196-101:9589:9589 [1] NCCL INFO Bootstrap : Using ib0:192.168.44.119<0>
c196-101:9589:9589 [1] NCCL INFO NET/Plugin : No plugin found (libnccl-net.so), using internal implementation
c196-091:22796:22796 [3] NCCL INFO NET/IB : Using [0]mlx4_0:1/IB [RO]; OOB ib0:192.168.44.117<0>
c196-091:22796:22796 [3] NCCL INFO Using network IB
c196-072:19592:19592 [2] NCCL INFO NET/IB : Using [0]mlx4_0:1/IB [RO]; OOB ib0:192.168.44.114<0>
c196-072:19592:19592 [2] NCCL INFO Using network IB
c197-022:11803:11803 [2] NCCL INFO NET/IB : Using [0]mlx4_0:1/IB [RO]; OOB ib0:192.168.44.126<0>
c197-022:11803:11803 [2] NCCL INFO Using network IB
c196-072:19593:19593 [3] NCCL INFO NET/IB : Using [0]mlx4_0:1/IB [RO]; OOB ib0:192.168.44.114<0>
c196-072:19593:19593 [3] NCCL INFO Using network IB
c196-101:9590:9590 [2] NCCL INFO NET/IB : Using [0]mlx4_0:1/IB [RO]; OOB ib0:192.168.44.119<0>
c196-101:9590:9590 [2] NCCL INFO Using network IB
c196-101:9591:9591 [3] NCCL INFO NET/IB : Using [0]mlx4_0:1/IB [RO]; OOB ib0:192.168.44.119<0>
c196-101:9591:9591 [3] NCCL INFO Using network IB
c196-082:9940:9940 [2] NCCL INFO Bootstrap : Using ib0:192.168.44.116<0>
c196-082:9940:9940 [2] NCCL INFO NET/Plugin : No plugin found (libnccl-net.so), using internal implementation
c196-101:9589:9589 [1] NCCL INFO NET/IB : Using [0]mlx4_0:1/IB [RO]; OOB ib0:192.168.44.119<0>
c196-101:9589:9589 [1] NCCL INFO Using network IB
c196-082:9940:9940 [2] NCCL INFO NET/IB : Using [0]mlx4_0:1/IB [RO]; OOB ib0:192.168.44.116<0>
c196-082:9940:9940 [2] NCCL INFO Using network IB
c197-021:29283:29283 [3] NCCL INFO Bootstrap : Using ib0:192.168.44.125<0>
c197-021:29282:29282 [2] NCCL INFO Bootstrap : Using ib0:192.168.44.125<0>
c197-032:22388:22388 [0] NCCL INFO Bootstrap : Using ib0:192.168.44.128<0>
c197-021:29282:29282 [2] NCCL INFO NET/Plugin : No plugin found (libnccl-net.so), using internal implementation
c196-081:16834:16834 [3] NCCL INFO Bootstrap : Using ib0:192.168.44.115<0>
c197-021:29283:29283 [3] NCCL INFO NET/Plugin : No plugin found (libnccl-net.so), using internal implementation
c197-032:22388:22388 [0] NCCL INFO NET/Plugin : No plugin found (libnccl-net.so), using internal implementation
c196-081:16834:16834 [3] NCCL INFO NET/Plugin : No plugin found (libnccl-net.so), using internal implementation
c196-081:16834:16834 [3] NCCL INFO NET/IB : Using [0]mlx4_0:1/IB [RO]; OOB ib0:192.168.44.115<0>
c196-081:16834:16834 [3] NCCL INFO Using network IB
c197-032:22388:22388 [0] NCCL INFO NET/IB : Using [0]mlx4_0:1/IB [RO]; OOB ib0:192.168.44.128<0>
c197-032:22388:22388 [0] NCCL INFO Using network IB
c197-021:29283:29283 [3] NCCL INFO NET/IB : Using [0]mlx4_0:1/IB [RO]; OOB ib0:192.168.44.125<0>
c197-021:29283:29283 [3] NCCL INFO Using network IB
c196-082:9941:9941 [3] NCCL INFO Bootstrap : Using ib0:192.168.44.116<0>
c196-102:820:820 [0] NCCL INFO Bootstrap : Using ib0:192.168.44.120<0>
c197-021:29282:29282 [2] NCCL INFO NET/IB : Using [0]mlx4_0:1/IB [RO]; OOB ib0:192.168.44.125<0>
c197-021:29282:29282 [2] NCCL INFO Using network IB
c196-102:820:820 [0] NCCL INFO NET/Plugin : No plugin found (libnccl-net.so), using internal implementation
c196-082:9941:9941 [3] NCCL INFO NET/Plugin : No plugin found (libnccl-net.so), using internal implementation
c196-072:19590:19590 [0] NCCL INFO Bootstrap : Using ib0:192.168.44.114<0>
c196-072:19591:19591 [1] NCCL INFO Bootstrap : Using ib0:192.168.44.114<0>
c196-101:9588:9588 [0] NCCL INFO Bootstrap : Using ib0:192.168.44.119<0>
c196-072:19590:19590 [0] NCCL INFO NET/Plugin : No plugin found (libnccl-net.so), using internal implementation
c196-101:9588:9588 [0] NCCL INFO NET/Plugin : No plugin found (libnccl-net.so), using internal implementation
c196-072:19591:19591 [1] NCCL INFO NET/Plugin : No plugin found (libnccl-net.so), using internal implementation
c196-102:820:820 [0] NCCL INFO NET/IB : Using [0]mlx4_0:1/IB [RO]; OOB ib0:192.168.44.120<0>
c196-102:820:820 [0] NCCL INFO Using network IB
c196-082:9941:9941 [3] NCCL INFO NET/IB : Using [0]mlx4_0:1/IB [RO]; OOB ib0:192.168.44.116<0>
c196-082:9941:9941 [3] NCCL INFO Using network IB
c196-101:9588:9588 [0] NCCL INFO NET/IB : Using [0]mlx4_0:1/IB [RO]; OOB ib0:192.168.44.119<0>
c196-101:9588:9588 [0] NCCL INFO Using network IB
c196-091:22795:22795 [2] NCCL INFO Bootstrap : Using ib0:192.168.44.117<0>
c196-091:22794:22794 [1] NCCL INFO Bootstrap : Using ib0:192.168.44.117<0>
c196-091:22795:22795 [2] NCCL INFO NET/Plugin : No plugin found (libnccl-net.so), using internal implementation
c196-091:22794:22794 [1] NCCL INFO NET/Plugin : No plugin found (libnccl-net.so), using internal implementation
c197-021:29280:29280 [0] NCCL INFO Bootstrap : Using ib0:192.168.44.125<0>
c197-021:29280:29280 [0] NCCL INFO NET/Plugin : No plugin found (libnccl-net.so), using internal implementation
c196-091:22795:22795 [2] NCCL INFO NET/IB : Using [0]mlx4_0:1/IB [RO]; OOB ib0:192.168.44.117<0>
c196-091:22795:22795 [2] NCCL INFO Using network IB
c197-021:29280:29280 [0] NCCL INFO NET/IB : Using [0]mlx4_0:1/IB [RO]; OOB ib0:192.168.44.125<0>
c197-021:29280:29280 [0] NCCL INFO Using network IB
c196-091:22794:22794 [1] NCCL INFO NET/IB : Using [0]mlx4_0:1/IB [RO]; OOB ib0:192.168.44.117<0>
c196-091:22794:22794 [1] NCCL INFO Using network IB
c197-012:27712:27712 [3] NCCL INFO Bootstrap : Using ib0:192.168.44.124<0>
c197-012:27711:27711 [2] NCCL INFO Bootstrap : Using ib0:192.168.44.124<0>
c196-072:19590:19590 [0] NCCL INFO NET/IB : Using [0]mlx4_0:1/IB [RO]; OOB ib0:192.168.44.114<0>
c196-072:19590:19590 [0] NCCL INFO Using network IB
c197-012:27711:27711 [2] NCCL INFO NET/Plugin : No plugin found (libnccl-net.so), using internal implementation
c196-072:19591:19591 [1] NCCL INFO NET/IB : Using [0]mlx4_0:1/IB [RO]; OOB ib0:192.168.44.114<0>
c196-072:19591:19591 [1] NCCL INFO Using network IB
c197-012:27712:27712 [3] NCCL INFO NET/Plugin : No plugin found (libnccl-net.so), using internal implementation
c196-111:4849:4849 [0] NCCL INFO Bootstrap : Using ib0:192.168.44.121<0>
c196-111:4849:4849 [0] NCCL INFO NET/Plugin : No plugin found (libnccl-net.so), using internal implementation
c196-091:22793:22793 [0] NCCL INFO Bootstrap : Using ib0:192.168.44.117<0>
c196-111:4849:4849 [0] NCCL INFO NET/IB : Using [0]mlx4_0:1/IB [RO]; OOB ib0:192.168.44.121<0>
c196-111:4849:4849 [0] NCCL INFO Using network IB
c196-091:22793:22793 [0] NCCL INFO NET/Plugin : No plugin found (libnccl-net.so), using internal implementation
c196-091:22793:22793 [0] NCCL INFO NET/IB : Using [0]mlx4_0:1/IB [RO]; OOB ib0:192.168.44.117<0>
c196-091:22793:22793 [0] NCCL INFO Using network IB
c197-012:27712:27712 [3] NCCL INFO NET/IB : Using [0]mlx4_0:1/IB [RO]; OOB ib0:192.168.44.124<0>
c197-012:27712:27712 [3] NCCL INFO Using network IB
c197-012:27711:27711 [2] NCCL INFO NET/IB : Using [0]mlx4_0:1/IB [RO]; OOB ib0:192.168.44.124<0>
c197-012:27711:27711 [2] NCCL INFO Using network IB
c197-032:22389:22389 [1] NCCL INFO Bootstrap : Using ib0:192.168.44.128<0>
c197-032:22390:22390 [2] NCCL INFO Bootstrap : Using ib0:192.168.44.128<0>
c197-032:22391:22391 [3] NCCL INFO Bootstrap : Using ib0:192.168.44.128<0>
c197-032:22389:22389 [1] NCCL INFO NET/Plugin : No plugin found (libnccl-net.so), using internal implementation
c197-031:13591:13591 [2] NCCL INFO Bootstrap : Using ib0:192.168.44.127<0>
c197-031:13592:13592 [3] NCCL INFO Bootstrap : Using ib0:192.168.44.127<0>
c197-032:22390:22390 [2] NCCL INFO NET/Plugin : No plugin found (libnccl-net.so), using internal implementation
c197-032:22391:22391 [3] NCCL INFO NET/Plugin : No plugin found (libnccl-net.so), using internal implementation
c197-031:13591:13591 [2] NCCL INFO NET/Plugin : No plugin found (libnccl-net.so), using internal implementation
c197-031:13592:13592 [3] NCCL INFO NET/Plugin : No plugin found (libnccl-net.so), using internal implementation
c196-082:9938:9938 [0] NCCL INFO Bootstrap : Using ib0:192.168.44.116<0>
c196-082:9939:9939 [1] NCCL INFO Bootstrap : Using ib0:192.168.44.116<0>
c196-092:436:436 [0] NCCL INFO Bootstrap : Using ib0:192.168.44.118<0>
c196-092:438:438 [2] NCCL INFO Bootstrap : Using ib0:192.168.44.118<0>
c196-092:439:439 [3] NCCL INFO Bootstrap : Using ib0:192.168.44.118<0>
c196-082:9938:9938 [0] NCCL INFO NET/Plugin : No plugin found (libnccl-net.so), using internal implementation
c196-082:9939:9939 [1] NCCL INFO NET/Plugin : No plugin found (libnccl-net.so), using internal implementation
c196-092:436:436 [0] NCCL INFO NET/Plugin : No plugin found (libnccl-net.so), using internal implementation
c196-092:438:438 [2] NCCL INFO NET/Plugin : No plugin found (libnccl-net.so), using internal implementation
c196-092:439:439 [3] NCCL INFO NET/Plugin : No plugin found (libnccl-net.so), using internal implementation
c197-021:29281:29281 [1] NCCL INFO Bootstrap : Using ib0:192.168.44.125<0>
c197-021:29281:29281 [1] NCCL INFO NET/Plugin : No plugin found (libnccl-net.so), using internal implementation
c196-112:10511:10511 [2] NCCL INFO Bootstrap : Using ib0:192.168.44.122<0>
c196-112:10512:10512 [3] NCCL INFO Bootstrap : Using ib0:192.168.44.122<0>
c196-112:10511:10511 [2] NCCL INFO NET/Plugin : No plugin found (libnccl-net.so), using internal implementation
c196-112:10512:10512 [3] NCCL INFO NET/Plugin : No plugin found (libnccl-net.so), using internal implementation
c197-021:29281:29281 [1] NCCL INFO NET/IB : Using [0]mlx4_0:1/IB [RO]; OOB ib0:192.168.44.125<0>
c197-021:29281:29281 [1] NCCL INFO Using network IB
c197-032:22389:22389 [1] NCCL INFO NET/IB : Using [0]mlx4_0:1/IB [RO]; OOB ib0:192.168.44.128<0>
c197-032:22389:22389 [1] NCCL INFO Using network IB
c196-111:4850:4850 [1] NCCL INFO Bootstrap : Using ib0:192.168.44.121<0>
c197-031:13590:13590 [1] NCCL INFO Bootstrap : Using ib0:192.168.44.127<0>
c197-032:22390:22390 [2] NCCL INFO NET/IB : Using [0]mlx4_0:1/IB [RO]; OOB ib0:192.168.44.128<0>
c197-032:22390:22390 [2] NCCL INFO Using network IB
c197-032:22391:22391 [3] NCCL INFO NET/IB : Using [0]mlx4_0:1/IB [RO]; OOB ib0:192.168.44.128<0>
c197-032:22391:22391 [3] NCCL INFO Using network IB
c196-111:4850:4850 [1] NCCL INFO NET/Plugin : No plugin found (libnccl-net.so), using internal implementation
c197-031:13590:13590 [1] NCCL INFO NET/Plugin : No plugin found (libnccl-net.so), using internal implementation
c196-082:9938:9938 [0] NCCL INFO NET/IB : Using [0]mlx4_0:1/IB [RO]; OOB ib0:192.168.44.116<0>
c196-082:9938:9938 [0] NCCL INFO Using network IB
c196-082:9939:9939 [1] NCCL INFO NET/IB : Using [0]mlx4_0:1/IB [RO]; OOB ib0:192.168.44.116<0>
c196-082:9939:9939 [1] NCCL INFO Using network IB
c197-031:13592:13592 [3] NCCL INFO NET/IB : Using [0]mlx4_0:1/IB [RO]; OOB ib0:192.168.44.127<0>
c197-031:13592:13592 [3] NCCL INFO Using network IB
c197-031:13591:13591 [2] NCCL INFO NET/IB : Using [0]mlx4_0:1/IB [RO]; OOB ib0:192.168.44.127<0>
c197-031:13591:13591 [2] NCCL INFO Using network IB
c197-031:13590:13590 [1] NCCL INFO NET/IB : Using [0]mlx4_0:1/IB [RO]; OOB ib0:192.168.44.127<0>
c197-031:13590:13590 [1] NCCL INFO Using network IB
c196-112:10511:10511 [2] NCCL INFO NET/IB : Using [0]mlx4_0:1/IB [RO]; OOB ib0:192.168.44.122<0>
c196-112:10511:10511 [2] NCCL INFO Using network IB
c196-112:10512:10512 [3] NCCL INFO NET/IB : Using [0]mlx4_0:1/IB [RO]; OOB ib0:192.168.44.122<0>
c196-112:10512:10512 [3] NCCL INFO Using network IB
c196-111:4850:4850 [1] NCCL INFO NET/IB : Using [0]mlx4_0:1/IB [RO]; OOB ib0:192.168.44.121<0>
c196-111:4850:4850 [1] NCCL INFO Using network IB
c196-092:439:439 [3] NCCL INFO NET/IB : Using [0]mlx4_0:1/IB [RO]; OOB ib0:192.168.44.118<0>
c196-092:439:439 [3] NCCL INFO Using network IB
c196-092:438:438 [2] NCCL INFO NET/IB : Using [0]mlx4_0:1/IB [RO]; OOB ib0:192.168.44.118<0>
c196-092:438:438 [2] NCCL INFO Using network IB
c196-092:436:436 [0] NCCL INFO NET/IB : Using [0]mlx4_0:1/IB [RO]; OOB ib0:192.168.44.118<0>
c196-092:436:436 [0] NCCL INFO Using network IB
c197-031:13589:13589 [0] NCCL INFO Bootstrap : Using ib0:192.168.44.127<0>
c197-031:13589:13589 [0] NCCL INFO NET/Plugin : No plugin found (libnccl-net.so), using internal implementation
c197-012:27709:27709 [0] NCCL INFO Bootstrap : Using ib0:192.168.44.124<0>
c197-012:27710:27710 [1] NCCL INFO Bootstrap : Using ib0:192.168.44.124<0>
c197-012:27709:27709 [0] NCCL INFO NET/Plugin : No plugin found (libnccl-net.so), using internal implementation
c197-012:27710:27710 [1] NCCL INFO NET/Plugin : No plugin found (libnccl-net.so), using internal implementation
c197-031:13589:13589 [0] NCCL INFO NET/IB : Using [0]mlx4_0:1/IB [RO]; OOB ib0:192.168.44.127<0>
c197-031:13589:13589 [0] NCCL INFO Using network IB
c196-092:437:437 [1] NCCL INFO Bootstrap : Using ib0:192.168.44.118<0>
c197-012:27710:27710 [1] NCCL INFO NET/IB : Using [0]mlx4_0:1/IB [RO]; OOB ib0:192.168.44.124<0>
c197-012:27710:27710 [1] NCCL INFO Using network IB
c197-012:27709:27709 [0] NCCL INFO NET/IB : Using [0]mlx4_0:1/IB [RO]; OOB ib0:192.168.44.124<0>
c197-012:27709:27709 [0] NCCL INFO Using network IB
c196-092:437:437 [1] NCCL INFO NET/Plugin : No plugin found (libnccl-net.so), using internal implementation
c196-092:437:437 [1] NCCL INFO NET/IB : Using [0]mlx4_0:1/IB [RO]; OOB ib0:192.168.44.118<0>
c196-092:437:437 [1] NCCL INFO Using network IB
c196-112:10510:10510 [1] NCCL INFO Bootstrap : Using ib0:192.168.44.122<0>
c196-112:10509:10509 [0] NCCL INFO Bootstrap : Using ib0:192.168.44.122<0>
c196-112:10509:10509 [0] NCCL INFO NET/Plugin : No plugin found (libnccl-net.so), using internal implementation
c196-112:10510:10510 [1] NCCL INFO NET/Plugin : No plugin found (libnccl-net.so), using internal implementation
c196-112:10510:10510 [1] NCCL INFO NET/IB : Using [0]mlx4_0:1/IB [RO]; OOB ib0:192.168.44.122<0>
c196-112:10510:10510 [1] NCCL INFO Using network IB
c196-112:10509:10509 [0] NCCL INFO NET/IB : Using [0]mlx4_0:1/IB [RO]; OOB ib0:192.168.44.122<0>
c196-112:10509:10509 [0] NCCL INFO Using network IB
c197-011:13868:13868 [1] NCCL INFO Bootstrap : Using ib0:192.168.44.123<0>
c197-011:13869:13869 [2] NCCL INFO Bootstrap : Using ib0:192.168.44.123<0>
c197-011:13870:13870 [3] NCCL INFO Bootstrap : Using ib0:192.168.44.123<0>
c197-011:13868:13868 [1] NCCL INFO NET/Plugin : No plugin found (libnccl-net.so), using internal implementation
c197-011:13869:13869 [2] NCCL INFO NET/Plugin : No plugin found (libnccl-net.so), using internal implementation
c197-011:13870:13870 [3] NCCL INFO NET/Plugin : No plugin found (libnccl-net.so), using internal implementation
c197-011:13868:13868 [1] NCCL INFO NET/IB : Using [0]mlx4_0:1/IB [RO]; OOB ib0:192.168.44.123<0>
c197-011:13868:13868 [1] NCCL INFO Using network IB
c197-011:13869:13869 [2] NCCL INFO NET/IB : Using [0]mlx4_0:1/IB [RO]; OOB ib0:192.168.44.123<0>
c197-011:13869:13869 [2] NCCL INFO Using network IB
c197-011:13870:13870 [3] NCCL INFO NET/IB : Using [0]mlx4_0:1/IB [RO]; OOB ib0:192.168.44.123<0>
c197-011:13870:13870 [3] NCCL INFO Using network IB
c197-011:13867:13867 [0] NCCL INFO Bootstrap : Using ib0:192.168.44.123<0>
c197-011:13867:13867 [0] NCCL INFO NET/Plugin : No plugin found (libnccl-net.so), using internal implementation
c197-011:13867:13867 [0] NCCL INFO NET/IB : Using [0]mlx4_0:1/IB [RO]; OOB ib0:192.168.44.123<0>
c197-011:13867:13867 [0] NCCL INFO Using network IB
c196-071:24320:24352 [0] NCCL INFO Setting affinity for GPU 0 to 0f000f
c196-071:24323:24359 [3] NCCL INFO Setting affinity for GPU 3 to f000f000
c196-101:9590:9623 [2] NCCL INFO Setting affinity for GPU 2 to 0f000f00
c196-071:24321:24361 [1] NCCL INFO Setting affinity for GPU 1 to f000f0
c197-031:13592:13624 [3] NCCL INFO Setting affinity for GPU 3 to f000f000
c196-071:24322:24357 [2] NCCL INFO Setting affinity for GPU 2 to 0f000f00
c197-022:11801:11837 [0] NCCL INFO Setting affinity for GPU 0 to 0f000f
c196-091:22793:22833 [0] NCCL INFO Setting affinity for GPU 0 to 0f000f
c196-111:4852:4883 [3] NCCL INFO Setting affinity for GPU 3 to f000f000
c197-021:29282:29317 [2] NCCL INFO Setting affinity for GPU 2 to 0f000f00
c196-112:10512:10547 [3] NCCL INFO Setting affinity for GPU 3 to f000f000
c197-032:22388:22422 [0] NCCL INFO Setting affinity for GPU 0 to 0f000f
c197-012:27710:27749 [1] NCCL INFO Setting affinity for GPU 1 to f000f0
c197-011:13867:13907 [0] NCCL INFO Setting affinity for GPU 0 to 0f000f
c196-112:10511:10546 [2] NCCL INFO Setting affinity for GPU 2 to 0f000f00
c196-102:820:860 [0] NCCL INFO Setting affinity for GPU 0 to 0f000f
c197-032:22391:22428 [3] NCCL INFO Setting affinity for GPU 3 to f000f000
c197-032:22390:22427 [2] NCCL INFO Setting affinity for GPU 2 to 0f000f00
c197-031:13589:13629 [0] NCCL INFO Setting affinity for GPU 0 to 0f000f
c196-102:821:858 [1] NCCL INFO Setting affinity for GPU 1 to f000f0
c197-031:13591:13625 [2] NCCL INFO Setting affinity for GPU 2 to 0f000f00
c196-081:16831:16869 [0] NCCL INFO Setting affinity for GPU 0 to 0f
c196-101:9589:9626 [1] NCCL INFO Setting affinity for GPU 1 to f000f0
c196-102:823:856 [3] NCCL INFO Setting affinity for GPU 3 to f000f000
c196-112:10510:10550 [1] NCCL INFO Setting affinity for GPU 1 to f000f0
c196-102:822:854 [2] NCCL INFO Setting affinity for GPU 2 to 0f000f00
c196-112:10509:10551 [0] NCCL INFO Setting affinity for GPU 0 to 0f000f
c197-032:22389:22424 [1] NCCL INFO Setting affinity for GPU 1 to f000f0
c197-031:13590:13627 [1] NCCL INFO Setting affinity for GPU 1 to f000f0
c196-101:9591:9624 [3] NCCL INFO Setting affinity for GPU 3 to f000f000
c197-022:11803:11841 [2] NCCL INFO Setting affinity for GPU 2 to 0f000f00
c196-101:9588:9628 [0] NCCL INFO Setting affinity for GPU 0 to 0f000f
c196-091:22794:22831 [1] NCCL INFO Setting affinity for GPU 1 to f000f0
c196-081:16832:16865 [1] NCCL INFO Setting affinity for GPU 1 to f0
c197-011:13868:13902 [1] NCCL INFO Setting affinity for GPU 1 to f000f0
c196-091:22796:22827 [3] NCCL INFO Setting affinity for GPU 3 to f000f000
c196-081:16834:16871 [3] NCCL INFO Setting affinity for GPU 3 to f000
c197-012:27711:27746 [2] NCCL INFO Setting affinity for GPU 2 to 0f000f00
c196-091:22795:22830 [2] NCCL INFO Setting affinity for GPU 2 to 0f000f00
c197-022:11804:11839 [3] NCCL INFO Setting affinity for GPU 3 to f000f000
c197-011:13869:13904 [2] NCCL INFO Setting affinity for GPU 2 to 0f000f00
c196-081:16833:16867 [2] NCCL INFO Setting affinity for GPU 2 to 0f00
c197-011:13870:13905 [3] NCCL INFO Setting affinity for GPU 3 to f000f000
c197-022:11802:11835 [1] NCCL INFO Setting affinity for GPU 1 to f000f0
c196-072:19590:19629 [0] NCCL INFO Setting affinity for GPU 0 to 0f000f
c197-021:29281:29321 [1] NCCL INFO Setting affinity for GPU 1 to f000f0
c196-082:9939:9978 [1] NCCL INFO Setting affinity for GPU 1 to f000f0
c197-021:29280:29319 [0] NCCL INFO Setting affinity for GPU 0 to 0f000f
c197-021:29283:29316 [3] NCCL INFO Setting affinity for GPU 3 to f000f000
c197-012:27712:27745 [3] NCCL INFO Setting affinity for GPU 3 to f000f000
c196-072:19591:19630 [1] NCCL INFO Setting affinity for GPU 1 to f000f0
c196-111:4850:4889 [1] NCCL INFO Setting affinity for GPU 1 to f000f0
c196-082:9940:9972 [2] NCCL INFO Setting affinity for GPU 2 to 0f000f00
c196-082:9941:9974 [3] NCCL INFO Setting affinity for GPU 3 to f000f000
c197-012:27709:27750 [0] NCCL INFO Setting affinity for GPU 0 to 0f000f
c196-072:19592:19625 [2] NCCL INFO Setting affinity for GPU 2 to 0f000f00
c196-072:19593:19626 [3] NCCL INFO Setting affinity for GPU 3 to f000f000
c196-111:4851:4885 [2] NCCL INFO Setting affinity for GPU 2 to 0f000f00
c196-092:437:476 [1] NCCL INFO Setting affinity for GPU 1 to f000f0
c196-111:4849:4887 [0] NCCL INFO Setting affinity for GPU 0 to 0f000f
c196-082:9938:9977 [0] NCCL INFO Setting affinity for GPU 0 to 0f000f
c196-092:439:471 [3] NCCL INFO Setting affinity for GPU 3 to f000f000
c196-092:438:473 [2] NCCL INFO Setting affinity for GPU 2 to 0f000f00
c196-092:436:474 [0] NCCL INFO Setting affinity for GPU 0 to 0f000f
c196-091:22796:22827 [3] NCCL INFO Trees [0] -1/-1/-1->19->18 [1] -1/-1/-1->19->18
c196-091:22795:22830 [2] NCCL INFO Trees [0] 19/-1/-1->18->17 [1] 19/-1/-1->18->17
c196-082:9940:9972 [2] NCCL INFO Trees [0] 15/-1/-1->14->13 [1] 15/-1/-1->14->13
c196-091:22794:22831 [1] NCCL INFO Trees [0] 18/8/-1->17->16 [1] 18/-1/-1->17->16
c196-071:24323:24359 [3] NCCL INFO Trees [0] -1/-1/-1->3->2 [1] -1/-1/-1->3->2
c196-081:16833:16867 [2] NCCL INFO Trees [0] 11/-1/-1->10->9 [1] 11/-1/-1->10->9
c196-072:19593:19626 [3] NCCL INFO Trees [0] -1/-1/-1->7->6 [1] -1/-1/-1->7->6
c196-082:9941:9974 [3] NCCL INFO Trees [0] -1/-1/-1->15->14 [1] -1/-1/-1->15->14
c196-091:22793:22833 [0] NCCL INFO Trees [0] 17/24/-1->16->33 [1] 17/-1/-1->16->20
c196-071:24321:24361 [1] NCCL INFO Trees [0] 2/-1/-1->1->0 [1] 2/-1/-1->1->0
c196-081:16834:16871 [3] NCCL INFO Trees [0] -1/-1/-1->11->10 [1] -1/-1/-1->11->10
c196-072:19592:19625 [2] NCCL INFO Trees [0] 7/-1/-1->6->5 [1] 7/-1/-1->6->5
c196-082:9938:9977 [0] NCCL INFO Trees [0] 13/-1/-1->12->8 [1] 13/4/-1->12->28
c196-092:436:474 [0] NCCL INFO Trees [0] 21/-1/-1->20->25 [1] 21/16/-1->20->13
c196-102:823:856 [3] NCCL INFO Trees [0] -1/-1/-1->31->30 [1] -1/-1/-1->31->30
c196-111:4851:4885 [2] NCCL INFO Trees [0] 35/-1/-1->34->33 [1] 35/-1/-1->34->33
c197-012:27710:27749 [1] NCCL INFO Trees [0] 46/-1/-1->45->44 [1] 46/52/-1->45->44
c196-112:10512:10547 [3] NCCL INFO Trees [0] -1/-1/-1->39->38 [1] -1/-1/-1->39->38
c197-011:13869:13904 [2] NCCL INFO Trees [0] 43/-1/-1->42->41 [1] 43/-1/-1->42->41
c197-022:11801:11837 [0] NCCL INFO Trees [0] 53/-1/-1->52->57 [1] 53/48/-1->52->45
c197-021:29280:29319 [0] NCCL INFO Trees [0] 49/56/-1->48->32 [1] 49/-1/-1->48->52
c197-031:13589:13629 [0] NCCL INFO Trees [0] 57/60/-1->56->48 [1] 57/-1/-1->56->53
c197-032:22388:22422 [0] NCCL INFO Trees [0] 61/-1/-1->60->56 [1] 61/28/-1->60->-1
c196-071:24322:24357 [2] NCCL INFO Trees [0] 3/-1/-1->2->1 [1] 3/-1/-1->2->1
c196-081:16832:16865 [1] NCCL INFO Trees [0] 10/4/-1->9->8 [1] 10/-1/-1->9->8
c196-072:19590:19629 [0] NCCL INFO Trees [0] 5/-1/-1->4->9 [1] 5/0/-1->4->12
c196-082:9939:9978 [1] NCCL INFO Trees [0] 14/-1/-1->13->12 [1] 14/20/-1->13->12
c196-092:439:471 [3] NCCL INFO Trees [0] -1/-1/-1->23->22 [1] -1/-1/-1->23->22
c196-101:9589:9626 [1] NCCL INFO Trees [0] 26/20/-1->25->24 [1] 26/-1/-1->25->24
c196-102:822:854 [2] NCCL INFO Trees [0] 31/-1/-1->30->29 [1] 31/-1/-1->30->29
c196-111:4852:4883 [3] NCCL INFO Trees [0] -1/-1/-1->35->34 [1] -1/-1/-1->35->34
c197-012:27711:27746 [2] NCCL INFO Trees [0] 47/-1/-1->46->45 [1] 47/-1/-1->46->45
c196-112:10510:10550 [1] NCCL INFO Trees [0] 38/-1/-1->37->36 [1] 38/40/-1->37->36
c197-011:13870:13905 [3] NCCL INFO Trees [0] -1/-1/-1->43->42 [1] -1/-1/-1->43->42
c197-022:11802:11835 [1] NCCL INFO Trees [0] 54/-1/-1->53->52 [1] 54/56/-1->53->52
c197-021:29281:29321 [1] NCCL INFO Trees [0] 50/40/-1->49->48 [1] 50/-1/-1->49->48
c197-031:13590:13627 [1] NCCL INFO Trees [0] 58/52/-1->57->56 [1] 58/-1/-1->57->56
c197-032:22390:22427 [2] NCCL INFO Trees [0] 63/-1/-1->62->61 [1] 63/-1/-1->62->61
c196-071:24320:24352 [0] NCCL INFO Channel 00/02 :    0   1   2   3   4   5   6   7   8   9  10  11  12  13  14  15  16  17  18  19
c196-081:16831:16869 [0] NCCL INFO Trees [0] 9/12/-1->8->17 [1] 9/-1/-1->8->5
c196-072:19591:19630 [1] NCCL INFO Trees [0] 6/-1/-1->5->4 [1] 6/8/-1->5->4
c196-092:437:476 [1] NCCL INFO Trees [0] 22/-1/-1->21->20 [1] 22/24/-1->21->20
c196-101:9590:9623 [2] NCCL INFO Trees [0] 27/-1/-1->26->25 [1] 27/-1/-1->26->25
c196-102:821:858 [1] NCCL INFO Trees [0] 30/-1/-1->29->28 [1] 30/44/-1->29->28
c196-111:4849:4887 [0] NCCL INFO Trees [0] 33/48/-1->32->0 [1] 33/-1/-1->32->36
c197-012:27712:27745 [3] NCCL INFO Trees [0] -1/-1/-1->47->46 [1] -1/-1/-1->47->46
c196-112:10511:10546 [2] NCCL INFO Trees [0] 39/-1/-1->38->37 [1] 39/-1/-1->38->37
c197-011:13867:13907 [0] NCCL INFO Trees [0] 41/44/-1->40->49 [1] 41/-1/-1->40->37
c197-022:11804:11839 [3] NCCL INFO Trees [0] -1/-1/-1->55->54 [1] -1/-1/-1->55->54
c197-021:29282:29317 [2] NCCL INFO Trees [0] 51/-1/-1->50->49 [1] 51/-1/-1->50->49
c197-031:13591:13625 [2] NCCL INFO Trees [0] 59/-1/-1->58->57 [1] 59/-1/-1->58->57
c197-032:22391:22428 [3] NCCL INFO Trees [0] -1/-1/-1->63->62 [1] -1/-1/-1->63->62
c196-071:24320:24352 [0] NCCL INFO Channel 01/02 :    0   1   2   3   4   5   6   7   8   9  10  11  12  13  14  15  16  17  18  19
c196-092:438:473 [2] NCCL INFO Trees [0] 23/-1/-1->22->21 [1] 23/-1/-1->22->21
c196-101:9591:9624 [3] NCCL INFO Trees [0] -1/-1/-1->27->26 [1] -1/-1/-1->27->26
c196-102:820:860 [0] NCCL INFO Trees [0] 29/-1/-1->28->24 [1] 29/12/-1->28->60
c196-111:4850:4889 [1] NCCL INFO Trees [0] 34/16/-1->33->32 [1] 34/-1/-1->33->32
c197-012:27709:27750 [0] NCCL INFO Trees [0] 45/-1/-1->44->40 [1] 45/36/-1->44->29
c196-112:10509:10551 [0] NCCL INFO Trees [0] 37/-1/-1->36->41 [1] 37/32/-1->36->44
c197-011:13868:13902 [1] NCCL INFO Trees [0] 42/36/-1->41->40 [1] 42/-1/-1->41->40
c197-022:11803:11841 [2] NCCL INFO Trees [0] 55/-1/-1->54->53 [1] 55/-1/-1->54->53
c197-021:29283:29316 [3] NCCL INFO Trees [0] -1/-1/-1->51->50 [1] -1/-1/-1->51->50
c197-031:13592:13624 [3] NCCL INFO Trees [0] -1/-1/-1->59->58 [1] -1/-1/-1->59->58
c197-032:22389:22424 [1] NCCL INFO Trees [0] 62/-1/-1->61->60 [1] 62/-1/-1->61->60
c196-071:24320:24352 [0] NCCL INFO Trees [0] 1/32/-1->0->-1 [1] 1/-1/-1->0->4
c196-101:9588:9628 [0] NCCL INFO Trees [0] 25/28/-1->24->16 [1] 25/-1/-1->24->21
c196-081:16831:16869 [0] NCCL INFO Channel 00/0 : 7[83000] -> 8[2000] [receive] via NET/IB/0
c196-091:22793:22833 [0] NCCL INFO Channel 00/0 : 15[83000] -> 16[2000] [receive] via NET/IB/0
c197-012:27709:27750 [0] NCCL INFO Channel 00/0 : 43[83000] -> 44[2000] [receive] via NET/IB/0
c197-022:11801:11837 [0] NCCL INFO Channel 00/0 : 51[83000] -> 52[2000] [receive] via NET/IB/0
c196-072:19590:19629 [0] NCCL INFO Channel 00/0 : 3[83000] -> 4[2000] [receive] via NET/IB/0
c196-071:24320:24352 [0] NCCL INFO Channel 00/0 : 63[83000] -> 0[2000] [receive] via NET/IB/0
c196-111:4849:4887 [0] NCCL INFO Channel 00/0 : 31[83000] -> 32[2000] [receive] via NET/IB/0
c197-031:13589:13629 [0] NCCL INFO Channel 00/0 : 55[83000] -> 56[2000] [receive] via NET/IB/0
c196-082:9938:9977 [0] NCCL INFO Channel 00/0 : 11[83000] -> 12[2000] [receive] via NET/IB/0
c196-092:436:474 [0] NCCL INFO Channel 00/0 : 19[83000] -> 20[2000] [receive] via NET/IB/0
c196-101:9588:9628 [0] NCCL INFO Channel 00/0 : 23[83000] -> 24[2000] [receive] via NET/IB/0
c196-102:820:860 [0] NCCL INFO Channel 00/0 : 27[83000] -> 28[2000] [receive] via NET/IB/0
c196-112:10509:10551 [0] NCCL INFO Channel 00/0 : 35[83000] -> 36[2000] [receive] via NET/IB/0
c197-011:13867:13907 [0] NCCL INFO Channel 00/0 : 39[83000] -> 40[2000] [receive] via NET/IB/0
c197-032:22388:22422 [0] NCCL INFO Channel 00/0 : 59[83000] -> 60[2000] [receive] via NET/IB/0
c197-021:29280:29319 [0] NCCL INFO Channel 00/0 : 47[83000] -> 48[2000] [receive] via NET/IB/0
c196-081:16833:16867 [2] NCCL INFO Channel 00 : 10[82000] -> 11[83000] via direct shared memory
c196-081:16833:16867 [2] NCCL INFO Channel 01 : 10[82000] -> 11[83000] via direct shared memory
c196-081:16832:16865 [1] NCCL INFO Channel 00 : 9[3000] -> 10[82000] via direct shared memory
c196-091:22795:22830 [2] NCCL INFO Channel 00 : 18[82000] -> 19[83000] via direct shared memory
c196-081:16832:16865 [1] NCCL INFO Channel 01 : 9[3000] -> 10[82000] via direct shared memory
c196-091:22795:22830 [2] NCCL INFO Channel 01 : 18[82000] -> 19[83000] via direct shared memory
c197-012:27711:27746 [2] NCCL INFO Channel 00 : 46[82000] -> 47[83000] via direct shared memory
c197-012:27710:27749 [1] NCCL INFO Channel 00 : 45[3000] -> 46[82000] via direct shared memory
c197-012:27711:27746 [2] NCCL INFO Channel 01 : 46[82000] -> 47[83000] via direct shared memory
c197-012:27710:27749 [1] NCCL INFO Channel 01 : 45[3000] -> 46[82000] via direct shared memory
c196-111:4851:4885 [2] NCCL INFO Channel 00 : 34[82000] -> 35[83000] via direct shared memory
c196-082:9940:9972 [2] NCCL INFO Channel 00 : 14[82000] -> 15[83000] via direct shared memory
c196-112:10511:10546 [2] NCCL INFO Channel 00 : 38[82000] -> 39[83000] via direct shared memory
c196-092:438:473 [2] NCCL INFO Channel 00 : 22[82000] -> 23[83000] via direct shared memory
c196-102:822:854 [2] NCCL INFO Channel 00 : 30[82000] -> 31[83000] via direct shared memory
c196-112:10511:10546 [2] NCCL INFO Channel 01 : 38[82000] -> 39[83000] via direct shared memory
c196-072:19592:19625 [2] NCCL INFO Channel 00 : 6[82000] -> 7[83000] via direct shared memory
c196-082:9940:9972 [2] NCCL INFO Channel 01 : 14[82000] -> 15[83000] via direct shared memory
c196-091:22794:22831 [1] NCCL INFO Channel 00 : 17[3000] -> 18[82000] via direct shared memory
c196-092:438:473 [2] NCCL INFO Channel 01 : 22[82000] -> 23[83000] via direct shared memory
c196-111:4851:4885 [2] NCCL INFO Channel 01 : 34[82000] -> 35[83000] via direct shared memory
c197-011:13869:13904 [2] NCCL INFO Channel 00 : 42[82000] -> 43[83000] via direct shared memory
c196-072:19592:19625 [2] NCCL INFO Channel 01 : 6[82000] -> 7[83000] via direct shared memory
c196-091:22794:22831 [1] NCCL INFO Channel 01 : 17[3000] -> 18[82000] via direct shared memory
c196-101:9590:9623 [2] NCCL INFO Channel 00 : 26[82000] -> 27[83000] via direct shared memory
c196-102:822:854 [2] NCCL INFO Channel 01 : 30[82000] -> 31[83000] via direct shared memory
c196-111:4850:4889 [1] NCCL INFO Channel 00 : 33[3000] -> 34[82000] via direct shared memory
c197-011:13869:13904 [2] NCCL INFO Channel 01 : 42[82000] -> 43[83000] via direct shared memory
c197-022:11802:11835 [1] NCCL INFO Channel 00 : 53[3000] -> 54[82000] via direct shared memory
c197-031:13591:13625 [2] NCCL INFO Channel 00 : 58[82000] -> 59[83000] via direct shared memory
c197-032:22390:22427 [2] NCCL INFO Channel 00 : 62[82000] -> 63[83000] via direct shared memory
c196-071:24321:24361 [1] NCCL INFO Channel 00 : 1[3000] -> 2[82000] via direct shared memory
c196-072:19591:19630 [1] NCCL INFO Channel 00 : 5[3000] -> 6[82000] via direct shared memory
c196-082:9939:9978 [1] NCCL INFO Channel 00 : 13[3000] -> 14[82000] via direct shared memory
c196-101:9589:9626 [1] NCCL INFO Channel 00 : 25[3000] -> 26[82000] via direct shared memory
c196-102:821:858 [1] NCCL INFO Channel 00 : 29[3000] -> 30[82000] via direct shared memory
c196-111:4850:4889 [1] NCCL INFO Channel 01 : 33[3000] -> 34[82000] via direct shared memory
c197-022:11803:11841 [2] NCCL INFO Channel 00 : 54[82000] -> 55[83000] via direct shared memory
