c197-021:28936:28974 [0] NCCL INFO Channel 00 : 48[2000] -> 49[3000] via direct shared memory
c197-021:28936:28974 [0] NCCL INFO Channel 01 : 48[2000] -> 49[3000] via direct shared memory
c197-012:27367:27401 [1] NCCL INFO Connected all rings
c196-091:22449:22487 [1] NCCL INFO Connected all rings
c196-071:24075:24115 [1] NCCL INFO Connected all rings
c197-022:11457:11496 [1] NCCL INFO Connected all rings
c197-031:13244:13281 [1] NCCL INFO Connected all rings
c196-092:32556:32593 [1] NCCL INFO Connected all rings
c196-111:4504:4543 [1] NCCL INFO Connected all rings
c196-102:422:460 [1] NCCL INFO Connected all rings
c196-112:10164:10202 [1] NCCL INFO Connected all rings
c196-101:9244:9277 [1] NCCL INFO Connected all rings
c197-032:22041:22079 [1] NCCL INFO Connected all rings
c196-081:16486:16524 [1] NCCL INFO Connected all rings
c196-082:9591:9630 [1] NCCL INFO Connected all rings
c197-021:28937:28976 [1] NCCL INFO Connected all rings
c197-011:13520:13554 [1] NCCL INFO Connected all rings
c196-072:19247:19286 [1] NCCL INFO Connected all rings
c197-012:27367:27401 [1] NCCL INFO Channel 01/0 : 45[3000] -> 52[2000] [send] via NET/IB/0
c196-091:22449:22487 [1] NCCL INFO Channel 00/0 : 8[2000] -> 17[3000] [receive] via NET/IB/0
c197-031:13244:13281 [1] NCCL INFO Channel 00/0 : 52[2000] -> 57[3000] [receive] via NET/IB/0
c197-022:11457:11496 [1] NCCL INFO Channel 01/0 : 53[3000] -> 56[2000] [send] via NET/IB/0
c196-092:32556:32593 [1] NCCL INFO Channel 01/0 : 21[3000] -> 24[2000] [send] via NET/IB/0
c196-081:16486:16524 [1] NCCL INFO Channel 00/0 : 4[2000] -> 9[3000] [receive] via NET/IB/0
c196-111:4504:4543 [1] NCCL INFO Channel 00/0 : 16[2000] -> 33[3000] [receive] via NET/IB/0
c196-102:422:460 [1] NCCL INFO Channel 01/0 : 29[3000] -> 44[2000] [send] via NET/IB/0
c196-101:9244:9277 [1] NCCL INFO Channel 00/0 : 20[2000] -> 25[3000] [receive] via NET/IB/0
c196-112:10164:10202 [1] NCCL INFO Channel 01/0 : 37[3000] -> 40[2000] [send] via NET/IB/0
c197-011:13520:13554 [1] NCCL INFO Channel 00/0 : 36[2000] -> 41[3000] [receive] via NET/IB/0
c196-082:9591:9630 [1] NCCL INFO Channel 01/0 : 13[3000] -> 20[2000] [send] via NET/IB/0
c197-021:28937:28976 [1] NCCL INFO Channel 00/0 : 40[2000] -> 49[3000] [receive] via NET/IB/0
c196-072:19247:19286 [1] NCCL INFO Channel 01/0 : 5[3000] -> 8[2000] [send] via NET/IB/0
c197-012:27369:27404 [3] NCCL INFO Channel 01/0 : 47[83000] -> 48[2000] [send] via NET/IB/0
c196-082:9593:9624 [3] NCCL INFO Channel 01/0 : 15[83000] -> 16[2000] [send] via NET/IB/0
c196-081:16488:16521 [3] NCCL INFO Channel 01/0 : 11[83000] -> 12[2000] [send] via NET/IB/0
c197-011:13522:13559 [3] NCCL INFO Channel 01/0 : 43[83000] -> 44[2000] [send] via NET/IB/0
c196-091:22451:22482 [3] NCCL INFO Channel 01/0 : 19[83000] -> 20[2000] [send] via NET/IB/0
c197-022:11459:11493 [3] NCCL INFO Channel 01/0 : 55[83000] -> 56[2000] [send] via NET/IB/0
c196-092:32558:32591 [3] NCCL INFO Channel 01/0 : 23[83000] -> 24[2000] [send] via NET/IB/0
c196-112:10166:10197 [3] NCCL INFO Channel 01/0 : 39[83000] -> 40[2000] [send] via NET/IB/0
c196-101:9246:9283 [3] NCCL INFO Channel 01/0 : 27[83000] -> 28[2000] [send] via NET/IB/0
c197-031:13246:13279 [3] NCCL INFO Channel 01/0 : 59[83000] -> 60[2000] [send] via NET/IB/0
c196-072:19249:19280 [3] NCCL INFO Channel 01/0 : 7[83000] -> 8[2000] [send] via NET/IB/0
c196-102:424:457 [3] NCCL INFO Channel 01/0 : 31[83000] -> 32[2000] [send] via NET/IB/0
c197-032:22043:22076 [3] NCCL INFO Channel 01/0 : 63[83000] -> 0[2000] [send] via NET/IB/0
c196-111:4506:4538 [3] NCCL INFO Channel 01/0 : 35[83000] -> 36[2000] [send] via NET/IB/0
c197-021:28939:28971 [3] NCCL INFO Channel 01/0 : 51[83000] -> 52[2000] [send] via NET/IB/0
c196-071:24077:24113 [3] NCCL INFO Channel 01/0 : 3[83000] -> 4[2000] [send] via NET/IB/0
c197-012:27368:27405 [2] NCCL INFO Connected all rings
c196-082:9592:9626 [2] NCCL INFO Connected all rings
c196-081:16487:16519 [2] NCCL INFO Connected all rings
c197-022:11458:11491 [2] NCCL INFO Connected all rings
c196-091:22450:22484 [2] NCCL INFO Connected all rings
c197-011:13521:13556 [2] NCCL INFO Connected all rings
c196-112:10165:10200 [2] NCCL INFO Connected all rings
c196-092:32557:32590 [2] NCCL INFO Connected all rings
c196-101:9245:9282 [2] NCCL INFO Connected all rings
c196-102:423:455 [2] NCCL INFO Connected all rings
c196-072:19248:19282 [2] NCCL INFO Connected all rings
c197-021:28938:28972 [2] NCCL INFO Connected all rings
c196-111:4505:4540 [2] NCCL INFO Connected all rings
c196-071:24075:24115 [1] NCCL INFO Channel 00 : 1[3000] -> 0[2000] via direct shared memory
c197-032:22042:22074 [2] NCCL INFO Connected all rings
c196-071:24075:24115 [1] NCCL INFO Channel 01 : 1[3000] -> 0[2000] via direct shared memory
c196-071:24076:24111 [2] NCCL INFO Connected all rings
c197-032:22041:22079 [1] NCCL INFO Channel 00 : 61[3000] -> 60[2000] via direct shared memory
c197-032:22041:22079 [1] NCCL INFO Channel 01 : 61[3000] -> 60[2000] via direct shared memory
c197-031:13245:13278 [2] NCCL INFO Connected all rings
c196-081:16488:16521 [3] NCCL INFO Connected all rings
c196-081:16488:16521 [3] NCCL INFO Channel 00 : 11[83000] -> 10[82000] via direct shared memory
c196-082:9593:9624 [3] NCCL INFO Connected all rings
c196-082:9593:9624 [3] NCCL INFO Channel 00 : 15[83000] -> 14[82000] via direct shared memory
c196-081:16488:16521 [3] NCCL INFO Channel 01 : 11[83000] -> 10[82000] via direct shared memory
c196-082:9593:9624 [3] NCCL INFO Channel 01 : 15[83000] -> 14[82000] via direct shared memory
c197-011:13522:13559 [3] NCCL INFO Connected all rings
c197-011:13522:13559 [3] NCCL INFO Channel 00 : 43[83000] -> 42[82000] via direct shared memory
c197-022:11459:11493 [3] NCCL INFO Connected all rings
c197-011:13522:13559 [3] NCCL INFO Channel 01 : 43[83000] -> 42[82000] via direct shared memory
c197-022:11459:11493 [3] NCCL INFO Channel 00 : 55[83000] -> 54[82000] via direct shared memory
c197-022:11459:11493 [3] NCCL INFO Channel 01 : 55[83000] -> 54[82000] via direct shared memory
c196-091:22451:22482 [3] NCCL INFO Connected all rings
c196-091:22451:22482 [3] NCCL INFO Channel 00 : 19[83000] -> 18[82000] via direct shared memory
c196-092:32558:32591 [3] NCCL INFO Connected all rings
c196-091:22451:22482 [3] NCCL INFO Channel 01 : 19[83000] -> 18[82000] via direct shared memory
c196-092:32558:32591 [3] NCCL INFO Channel 00 : 23[83000] -> 22[82000] via direct shared memory
c196-092:32558:32591 [3] NCCL INFO Channel 01 : 23[83000] -> 22[82000] via direct shared memory
c196-101:9246:9283 [3] NCCL INFO Connected all rings
c196-102:424:457 [3] NCCL INFO Connected all rings
c196-101:9246:9283 [3] NCCL INFO Channel 00 : 27[83000] -> 26[82000] via direct shared memory
c196-112:10166:10197 [3] NCCL INFO Connected all rings
c196-072:19249:19280 [3] NCCL INFO Connected all rings
c197-012:27369:27404 [3] NCCL INFO Connected all rings
c196-102:424:457 [3] NCCL INFO Channel 00 : 31[83000] -> 30[82000] via direct shared memory
c196-112:10166:10197 [3] NCCL INFO Channel 00 : 39[83000] -> 38[82000] via direct shared memory
c196-072:19249:19280 [3] NCCL INFO Channel 00 : 7[83000] -> 6[82000] via direct shared memory
c197-012:27369:27404 [3] NCCL INFO Channel 00 : 47[83000] -> 46[82000] via direct shared memory
c196-102:424:457 [3] NCCL INFO Channel 01 : 31[83000] -> 30[82000] via direct shared memory
c196-101:9246:9283 [3] NCCL INFO Channel 01 : 27[83000] -> 26[82000] via direct shared memory
c196-112:10166:10197 [3] NCCL INFO Channel 01 : 39[83000] -> 38[82000] via direct shared memory
c196-072:19249:19280 [3] NCCL INFO Channel 01 : 7[83000] -> 6[82000] via direct shared memory
c196-111:4506:4538 [3] NCCL INFO Connected all rings
c197-012:27369:27404 [3] NCCL INFO Channel 01 : 47[83000] -> 46[82000] via direct shared memory
c197-021:28939:28971 [3] NCCL INFO Connected all rings
c196-111:4506:4538 [3] NCCL INFO Channel 00 : 35[83000] -> 34[82000] via direct shared memory
c197-021:28939:28971 [3] NCCL INFO Channel 00 : 51[83000] -> 50[82000] via direct shared memory
c197-032:22043:22076 [3] NCCL INFO Connected all rings
c196-111:4506:4538 [3] NCCL INFO Channel 01 : 35[83000] -> 34[82000] via direct shared memory
c197-021:28939:28971 [3] NCCL INFO Channel 01 : 51[83000] -> 50[82000] via direct shared memory
c197-032:22043:22076 [3] NCCL INFO Channel 00 : 63[83000] -> 62[82000] via direct shared memory
c196-091:22448:22488 [0] NCCL INFO Connected all rings
c197-032:22043:22076 [3] NCCL INFO Channel 01 : 63[83000] -> 62[82000] via direct shared memory
c197-012:27366:27406 [0] NCCL INFO Connected all rings
c196-082:9590:9628 [0] NCCL INFO Connected all rings
c197-021:28936:28974 [0] NCCL INFO Connected all rings
c197-031:13246:13279 [3] NCCL INFO Connected all rings
c197-031:13246:13279 [3] NCCL INFO Channel 00 : 59[83000] -> 58[82000] via direct shared memory
c197-031:13246:13279 [3] NCCL INFO Channel 01 : 59[83000] -> 58[82000] via direct shared memory
c196-081:16487:16519 [2] NCCL INFO Channel 00 : 10[82000] -> 9[3000] via direct shared memory
c196-101:9243:9279 [0] NCCL INFO Connected all rings
c196-081:16487:16519 [2] NCCL INFO Channel 01 : 10[82000] -> 9[3000] via direct shared memory
c196-082:9592:9626 [2] NCCL INFO Channel 00 : 14[82000] -> 13[3000] via direct shared memory
c196-102:421:461 [0] NCCL INFO Connected all rings
c196-082:9592:9626 [2] NCCL INFO Channel 01 : 14[82000] -> 13[3000] via direct shared memory
c196-092:32555:32595 [0] NCCL INFO Connected all rings
c197-022:11456:11497 [0] NCCL INFO Connected all rings
c196-111:4503:4541 [0] NCCL INFO Connected all rings
c197-011:13519:13558 [0] NCCL INFO Connected all rings
c196-081:16485:16525 [0] NCCL INFO Connected all rings
c196-071:24077:24113 [3] NCCL INFO Connected all rings
c196-091:22450:22484 [2] NCCL INFO Channel 00 : 18[82000] -> 17[3000] via direct shared memory
c196-092:32557:32590 [2] NCCL INFO Channel 00 : 22[82000] -> 21[3000] via direct shared memory
c196-091:22450:22484 [2] NCCL INFO Channel 01 : 18[82000] -> 17[3000] via direct shared memory
c196-071:24077:24113 [3] NCCL INFO Channel 00 : 3[83000] -> 2[82000] via direct shared memory
c196-092:32557:32590 [2] NCCL INFO Channel 01 : 22[82000] -> 21[3000] via direct shared memory
c196-071:24077:24113 [3] NCCL INFO Channel 01 : 3[83000] -> 2[82000] via direct shared memory
c196-112:10163:10203 [0] NCCL INFO Connected all rings
c197-022:11458:11491 [2] NCCL INFO Channel 00 : 54[82000] -> 53[3000] via direct shared memory
c197-012:27368:27405 [2] NCCL INFO Channel 00 : 46[82000] -> 45[3000] via direct shared memory
c197-022:11458:11491 [2] NCCL INFO Channel 01 : 54[82000] -> 53[3000] via direct shared memory
c196-071:24074:24106 [0] NCCL INFO Connected all rings
c197-012:27368:27405 [2] NCCL INFO Channel 01 : 46[82000] -> 45[3000] via direct shared memory
c197-032:22040:22080 [0] NCCL INFO Connected all rings
c196-102:423:455 [2] NCCL INFO Channel 00 : 30[82000] -> 29[3000] via direct shared memory
c196-072:19248:19282 [2] NCCL INFO Channel 00 : 6[82000] -> 5[3000] via direct shared memory
c196-111:4505:4540 [2] NCCL INFO Channel 00 : 34[82000] -> 33[3000] via direct shared memory
c196-102:423:455 [2] NCCL INFO Channel 01 : 30[82000] -> 29[3000] via direct shared memory
c196-072:19246:19284 [0] NCCL INFO Connected all rings
c196-111:4505:4540 [2] NCCL INFO Channel 01 : 34[82000] -> 33[3000] via direct shared memory
c196-072:19248:19282 [2] NCCL INFO Channel 01 : 6[82000] -> 5[3000] via direct shared memory
c196-112:10165:10200 [2] NCCL INFO Channel 00 : 38[82000] -> 37[3000] via direct shared memory
c196-112:10165:10200 [2] NCCL INFO Channel 01 : 38[82000] -> 37[3000] via direct shared memory
c196-101:9245:9282 [2] NCCL INFO Channel 00 : 26[82000] -> 25[3000] via direct shared memory
c196-101:9245:9282 [2] NCCL INFO Channel 01 : 26[82000] -> 25[3000] via direct shared memory
c197-011:13521:13556 [2] NCCL INFO Channel 00 : 42[82000] -> 41[3000] via direct shared memory
c197-011:13521:13556 [2] NCCL INFO Channel 01 : 42[82000] -> 41[3000] via direct shared memory
c197-032:22042:22074 [2] NCCL INFO Channel 00 : 62[82000] -> 61[3000] via direct shared memory
c197-032:22042:22074 [2] NCCL INFO Channel 01 : 62[82000] -> 61[3000] via direct shared memory
c196-081:16488:16521 [3] NCCL INFO Connected all trees
c196-081:16488:16521 [3] NCCL INFO MSCCL_XML_FILES set by environment to /home1/09168/ldai1/ccl-build/msccl_tools_lyd/examples/xml/xml_lyd/ring/allreduce_basic_ring_16nodes_4gpus_64chunks_64channels_frontera.xml
c196-081:16488:16521 [3] NCCL INFO MSCCL: Parsing algorithm /home1/09168/ldai1/ccl-build/msccl_tools_lyd/examples/xml/xml_lyd/ring/allreduce_basic_ring_16nodes_4gpus_64chunks_64channels_frontera.xml
c196-082:9593:9624 [3] NCCL INFO Connected all trees
c196-082:9593:9624 [3] NCCL INFO MSCCL_XML_FILES set by environment to /home1/09168/ldai1/ccl-build/msccl_tools_lyd/examples/xml/xml_lyd/ring/allreduce_basic_ring_16nodes_4gpus_64chunks_64channels_frontera.xml
c196-082:9593:9624 [3] NCCL INFO MSCCL: Parsing algorithm /home1/09168/ldai1/ccl-build/msccl_tools_lyd/examples/xml/xml_lyd/ring/allreduce_basic_ring_16nodes_4gpus_64chunks_64channels_frontera.xml
c197-021:28938:28972 [2] NCCL INFO Channel 00 : 50[82000] -> 49[3000] via direct shared memory
c197-021:28938:28972 [2] NCCL INFO Channel 01 : 50[82000] -> 49[3000] via direct shared memory
c196-091:22451:22482 [3] NCCL INFO Connected all trees
c196-091:22451:22482 [3] NCCL INFO MSCCL_XML_FILES set by environment to /home1/09168/ldai1/ccl-build/msccl_tools_lyd/examples/xml/xml_lyd/ring/allreduce_basic_ring_16nodes_4gpus_64chunks_64channels_frontera.xml
c196-091:22451:22482 [3] NCCL INFO MSCCL: Parsing algorithm /home1/09168/ldai1/ccl-build/msccl_tools_lyd/examples/xml/xml_lyd/ring/allreduce_basic_ring_16nodes_4gpus_64chunks_64channels_frontera.xml
c196-092:32558:32591 [3] NCCL INFO Connected all trees
c196-092:32558:32591 [3] NCCL INFO MSCCL_XML_FILES set by environment to /home1/09168/ldai1/ccl-build/msccl_tools_lyd/examples/xml/xml_lyd/ring/allreduce_basic_ring_16nodes_4gpus_64chunks_64channels_frontera.xml
c196-092:32558:32591 [3] NCCL INFO MSCCL: Parsing algorithm /home1/09168/ldai1/ccl-build/msccl_tools_lyd/examples/xml/xml_lyd/ring/allreduce_basic_ring_16nodes_4gpus_64chunks_64channels_frontera.xml
c197-022:11459:11493 [3] NCCL INFO Connected all trees
c197-022:11459:11493 [3] NCCL INFO MSCCL_XML_FILES set by environment to /home1/09168/ldai1/ccl-build/msccl_tools_lyd/examples/xml/xml_lyd/ring/allreduce_basic_ring_16nodes_4gpus_64chunks_64channels_frontera.xml
c197-022:11459:11493 [3] NCCL INFO MSCCL: Parsing algorithm /home1/09168/ldai1/ccl-build/msccl_tools_lyd/examples/xml/xml_lyd/ring/allreduce_basic_ring_16nodes_4gpus_64chunks_64channels_frontera.xml
c197-012:27369:27404 [3] NCCL INFO Connected all trees
c197-012:27369:27404 [3] NCCL INFO MSCCL_XML_FILES set by environment to /home1/09168/ldai1/ccl-build/msccl_tools_lyd/examples/xml/xml_lyd/ring/allreduce_basic_ring_16nodes_4gpus_64chunks_64channels_frontera.xml
c197-012:27369:27404 [3] NCCL INFO MSCCL: Parsing algorithm /home1/09168/ldai1/ccl-build/msccl_tools_lyd/examples/xml/xml_lyd/ring/allreduce_basic_ring_16nodes_4gpus_64chunks_64channels_frontera.xml
c196-102:424:457 [3] NCCL INFO Connected all trees
c196-102:424:457 [3] NCCL INFO MSCCL_XML_FILES set by environment to /home1/09168/ldai1/ccl-build/msccl_tools_lyd/examples/xml/xml_lyd/ring/allreduce_basic_ring_16nodes_4gpus_64chunks_64channels_frontera.xml
c196-102:424:457 [3] NCCL INFO MSCCL: Parsing algorithm /home1/09168/ldai1/ccl-build/msccl_tools_lyd/examples/xml/xml_lyd/ring/allreduce_basic_ring_16nodes_4gpus_64chunks_64channels_frontera.xml
c196-111:4506:4538 [3] NCCL INFO Connected all trees
c196-111:4506:4538 [3] NCCL INFO MSCCL_XML_FILES set by environment to /home1/09168/ldai1/ccl-build/msccl_tools_lyd/examples/xml/xml_lyd/ring/allreduce_basic_ring_16nodes_4gpus_64chunks_64channels_frontera.xml
c196-072:19249:19280 [3] NCCL INFO Connected all trees
c196-072:19249:19280 [3] NCCL INFO MSCCL_XML_FILES set by environment to /home1/09168/ldai1/ccl-build/msccl_tools_lyd/examples/xml/xml_lyd/ring/allreduce_basic_ring_16nodes_4gpus_64chunks_64channels_frontera.xml
c196-111:4506:4538 [3] NCCL INFO MSCCL: Parsing algorithm /home1/09168/ldai1/ccl-build/msccl_tools_lyd/examples/xml/xml_lyd/ring/allreduce_basic_ring_16nodes_4gpus_64chunks_64channels_frontera.xml
c196-072:19249:19280 [3] NCCL INFO MSCCL: Parsing algorithm /home1/09168/ldai1/ccl-build/msccl_tools_lyd/examples/xml/xml_lyd/ring/allreduce_basic_ring_16nodes_4gpus_64chunks_64channels_frontera.xml
c196-112:10166:10197 [3] NCCL INFO Connected all trees
c196-112:10166:10197 [3] NCCL INFO MSCCL_XML_FILES set by environment to /home1/09168/ldai1/ccl-build/msccl_tools_lyd/examples/xml/xml_lyd/ring/allreduce_basic_ring_16nodes_4gpus_64chunks_64channels_frontera.xml
c196-112:10166:10197 [3] NCCL INFO MSCCL: Parsing algorithm /home1/09168/ldai1/ccl-build/msccl_tools_lyd/examples/xml/xml_lyd/ring/allreduce_basic_ring_16nodes_4gpus_64chunks_64channels_frontera.xml
c196-071:24076:24111 [2] NCCL INFO Channel 00 : 2[82000] -> 1[3000] via direct shared memory
c196-071:24076:24111 [2] NCCL INFO Channel 01 : 2[82000] -> 1[3000] via direct shared memory
c196-101:9246:9283 [3] NCCL INFO Connected all trees
c196-101:9246:9283 [3] NCCL INFO MSCCL_XML_FILES set by environment to /home1/09168/ldai1/ccl-build/msccl_tools_lyd/examples/xml/xml_lyd/ring/allreduce_basic_ring_16nodes_4gpus_64chunks_64channels_frontera.xml
c196-101:9246:9283 [3] NCCL INFO MSCCL: Parsing algorithm /home1/09168/ldai1/ccl-build/msccl_tools_lyd/examples/xml/xml_lyd/ring/allreduce_basic_ring_16nodes_4gpus_64chunks_64channels_frontera.xml
c197-011:13522:13559 [3] NCCL INFO Connected all trees
c197-011:13522:13559 [3] NCCL INFO MSCCL_XML_FILES set by environment to /home1/09168/ldai1/ccl-build/msccl_tools_lyd/examples/xml/xml_lyd/ring/allreduce_basic_ring_16nodes_4gpus_64chunks_64channels_frontera.xml
c197-011:13522:13559 [3] NCCL INFO MSCCL: Parsing algorithm /home1/09168/ldai1/ccl-build/msccl_tools_lyd/examples/xml/xml_lyd/ring/allreduce_basic_ring_16nodes_4gpus_64chunks_64channels_frontera.xml
c197-031:13243:13283 [0] NCCL INFO Connected all rings
c197-032:22043:22076 [3] NCCL INFO Connected all trees
c197-032:22043:22076 [3] NCCL INFO MSCCL_XML_FILES set by environment to /home1/09168/ldai1/ccl-build/msccl_tools_lyd/examples/xml/xml_lyd/ring/allreduce_basic_ring_16nodes_4gpus_64chunks_64channels_frontera.xml
c197-032:22043:22076 [3] NCCL INFO MSCCL: Parsing algorithm /home1/09168/ldai1/ccl-build/msccl_tools_lyd/examples/xml/xml_lyd/ring/allreduce_basic_ring_16nodes_4gpus_64chunks_64channels_frontera.xml
c197-021:28939:28971 [3] NCCL INFO Connected all trees
c197-021:28939:28971 [3] NCCL INFO MSCCL_XML_FILES set by environment to /home1/09168/ldai1/ccl-build/msccl_tools_lyd/examples/xml/xml_lyd/ring/allreduce_basic_ring_16nodes_4gpus_64chunks_64channels_frontera.xml
c197-021:28939:28971 [3] NCCL INFO MSCCL: Parsing algorithm /home1/09168/ldai1/ccl-build/msccl_tools_lyd/examples/xml/xml_lyd/ring/allreduce_basic_ring_16nodes_4gpus_64chunks_64channels_frontera.xml
c197-032:22042:22074 [2] NCCL INFO Connected all trees
c197-032:22042:22074 [2] NCCL INFO MSCCL_XML_FILES set by environment to /home1/09168/ldai1/ccl-build/msccl_tools_lyd/examples/xml/xml_lyd/ring/allreduce_basic_ring_16nodes_4gpus_64chunks_64channels_frontera.xml
c197-032:22042:22074 [2] NCCL INFO MSCCL: Parsing algorithm /home1/09168/ldai1/ccl-build/msccl_tools_lyd/examples/xml/xml_lyd/ring/allreduce_basic_ring_16nodes_4gpus_64chunks_64channels_frontera.xml
c197-031:13245:13278 [2] NCCL INFO Channel 00 : 58[82000] -> 57[3000] via direct shared memory
c197-031:13245:13278 [2] NCCL INFO Channel 01 : 58[82000] -> 57[3000] via direct shared memory
c196-071:24077:24113 [3] NCCL INFO Connected all trees
c196-071:24077:24113 [3] NCCL INFO MSCCL_XML_FILES set by environment to /home1/09168/ldai1/ccl-build/msccl_tools_lyd/examples/xml/xml_lyd/ring/allreduce_basic_ring_16nodes_4gpus_64chunks_64channels_frontera.xml
c196-071:24077:24113 [3] NCCL INFO MSCCL: Parsing algorithm /home1/09168/ldai1/ccl-build/msccl_tools_lyd/examples/xml/xml_lyd/ring/allreduce_basic_ring_16nodes_4gpus_64chunks_64channels_frontera.xml
c196-071:24076:24111 [2] NCCL INFO Connected all trees
c196-071:24076:24111 [2] NCCL INFO MSCCL_XML_FILES set by environment to /home1/09168/ldai1/ccl-build/msccl_tools_lyd/examples/xml/xml_lyd/ring/allreduce_basic_ring_16nodes_4gpus_64chunks_64channels_frontera.xml
c196-071:24076:24111 [2] NCCL INFO MSCCL: Parsing algorithm /home1/09168/ldai1/ccl-build/msccl_tools_lyd/examples/xml/xml_lyd/ring/allreduce_basic_ring_16nodes_4gpus_64chunks_64channels_frontera.xml
c197-031:13246:13279 [3] NCCL INFO Connected all trees
c197-031:13246:13279 [3] NCCL INFO MSCCL_XML_FILES set by environment to /home1/09168/ldai1/ccl-build/msccl_tools_lyd/examples/xml/xml_lyd/ring/allreduce_basic_ring_16nodes_4gpus_64chunks_64channels_frontera.xml
c197-031:13246:13279 [3] NCCL INFO MSCCL: Parsing algorithm /home1/09168/ldai1/ccl-build/msccl_tools_lyd/examples/xml/xml_lyd/ring/allreduce_basic_ring_16nodes_4gpus_64chunks_64channels_frontera.xml
c196-091:22448:22488 [0] NCCL INFO Channel 01/0 : 16[2000] -> 20[2000] [send] via NET/IB/0
c197-012:27366:27406 [0] NCCL INFO Channel 00/0 : 40[2000] -> 44[2000] [receive] via NET/IB/0
c196-082:9590:9628 [0] NCCL INFO Channel 00/0 : 8[2000] -> 12[2000] [receive] via NET/IB/0
c196-101:9243:9279 [0] NCCL INFO Channel 01/0 : 21[3000] -> 24[2000] [receive] via NET/IB/0
c196-102:421:461 [0] NCCL INFO Channel 00/0 : 24[2000] -> 28[2000] [receive] via NET/IB/0
c197-021:28936:28974 [0] NCCL INFO Channel 01/0 : 48[2000] -> 52[2000] [send] via NET/IB/0
c197-022:11456:11497 [0] NCCL INFO Channel 01/0 : 48[2000] -> 52[2000] [receive] via NET/IB/0
c196-092:32555:32595 [0] NCCL INFO Channel 01/0 : 16[2000] -> 20[2000] [receive] via NET/IB/0
c196-081:16485:16525 [0] NCCL INFO Channel 01/0 : 5[3000] -> 8[2000] [receive] via NET/IB/0
c197-011:13519:13558 [0] NCCL INFO Channel 01/0 : 37[3000] -> 40[2000] [receive] via NET/IB/0
c196-111:4503:4541 [0] NCCL INFO Channel 01/0 : 32[2000] -> 36[2000] [send] via NET/IB/0
c196-112:10163:10203 [0] NCCL INFO Channel 01/0 : 32[2000] -> 36[2000] [receive] via NET/IB/0
c196-072:19246:19284 [0] NCCL INFO Channel 01/0 : 0[2000] -> 4[2000] [receive] via NET/IB/0
c197-032:22040:22080 [0] NCCL INFO Channel 00/0 : 56[2000] -> 60[2000] [receive] via NET/IB/0
c196-071:24074:24106 [0] NCCL INFO Channel 01/0 : 0[2000] -> 4[2000] [send] via NET/IB/0
c197-031:13243:13283 [0] NCCL INFO Channel 01/0 : 53[3000] -> 56[2000] [receive] via NET/IB/0

c196-082:9593:9624 [3] graph/topo.cc:868 NCCL WARN MSCCL: number of desired channels (64) is more than possible ones (32)

c196-082:9593:9624 [3] graph/topo.cc:938 NCCL WARN MSCCL: threadblock 33 on GPU 15 has an invalid channel 33

c196-082:9593:9624 [3] graph/topo.cc:1212 NCCL WARN MSCCL: algorithm /home1/09168/ldai1/ccl-build/msccl_tools_lyd/examples/xml/xml_lyd/ring/allreduce_basic_ring_16nodes_4gpus_64chunks_64channels_frontera.xml failed to initialize. Will be ignored.
c196-082:9593:9624 [3] NCCL INFO NCCL_NTHREADS set by environment to 64.
c196-082:9593:9624 [3] NCCL INFO NCCL_PROTO set by environment to Simple
c196-082:9593:9624 [3] NCCL INFO NCCL_ALGO set by environment to MSCCL,TREE,RING
c196-082:9593:9624 [3] NCCL INFO threadThresholds 8/8/64 | 512/8/64 | 8/8/64 | 8/8/512
c196-082:9593:9624 [3] NCCL INFO 2 coll channels, 2 p2p channels, 2 p2p channels per peer

c196-081:16488:16521 [3] graph/topo.cc:868 NCCL WARN MSCCL: number of desired channels (64) is more than possible ones (32)

c196-081:16488:16521 [3] graph/topo.cc:938 NCCL WARN MSCCL: threadblock 33 on GPU 11 has an invalid channel 33

c196-081:16488:16521 [3] graph/topo.cc:1212 NCCL WARN MSCCL: algorithm /home1/09168/ldai1/ccl-build/msccl_tools_lyd/examples/xml/xml_lyd/ring/allreduce_basic_ring_16nodes_4gpus_64chunks_64channels_frontera.xml failed to initialize. Will be ignored.
c196-081:16488:16521 [3] NCCL INFO NCCL_NTHREADS set by environment to 64.
c196-081:16488:16521 [3] NCCL INFO NCCL_PROTO set by environment to Simple
c196-081:16488:16521 [3] NCCL INFO NCCL_ALGO set by environment to MSCCL,TREE,RING
c196-081:16488:16521 [3] NCCL INFO threadThresholds 8/8/64 | 512/8/64 | 8/8/64 | 8/8/512
c196-081:16488:16521 [3] NCCL INFO 2 coll channels, 2 p2p channels, 2 p2p channels per peer

c196-092:32558:32591 [3] graph/topo.cc:868 NCCL WARN MSCCL: number of desired channels (64) is more than possible ones (32)

c196-092:32558:32591 [3] graph/topo.cc:938 NCCL WARN MSCCL: threadblock 33 on GPU 23 has an invalid channel 33

c196-092:32558:32591 [3] graph/topo.cc:1212 NCCL WARN MSCCL: algorithm /home1/09168/ldai1/ccl-build/msccl_tools_lyd/examples/xml/xml_lyd/ring/allreduce_basic_ring_16nodes_4gpus_64chunks_64channels_frontera.xml failed to initialize. Will be ignored.
c196-092:32558:32591 [3] NCCL INFO NCCL_NTHREADS set by environment to 64.
c196-092:32558:32591 [3] NCCL INFO NCCL_PROTO set by environment to Simple
c196-092:32558:32591 [3] NCCL INFO NCCL_ALGO set by environment to MSCCL,TREE,RING
c196-092:32558:32591 [3] NCCL INFO threadThresholds 8/8/64 | 512/8/64 | 8/8/64 | 8/8/512
c196-092:32558:32591 [3] NCCL INFO 2 coll channels, 2 p2p channels, 2 p2p channels per peer

c197-012:27369:27404 [3] graph/topo.cc:868 NCCL WARN MSCCL: number of desired channels (64) is more than possible ones (32)

c196-091:22451:22482 [3] graph/topo.cc:868 NCCL WARN MSCCL: number of desired channels (64) is more than possible ones (32)

c196-102:424:457 [3] graph/topo.cc:868 NCCL WARN MSCCL: number of desired channels (64) is more than possible ones (32)

c196-091:22451:22482 [3] graph/topo.cc:938 NCCL WARN MSCCL: threadblock 33 on GPU 19 has an invalid channel 33

c196-091:22451:22482 [3] graph/topo.cc:1212 NCCL WARN MSCCL: algorithm /home1/09168/ldai1/ccl-build/msccl_tools_lyd/examples/xml/xml_lyd/ring/allreduce_basic_ring_16nodes_4gpus_64chunks_64channels_frontera.xml failed to initialize. Will be ignored.

c197-012:27369:27404 [3] graph/topo.cc:938 NCCL WARN MSCCL: threadblock 33 on GPU 47 has an invalid channel 33

c197-012:27369:27404 [3] graph/topo.cc:1212 NCCL WARN MSCCL: algorithm /home1/09168/ldai1/ccl-build/msccl_tools_lyd/examples/xml/xml_lyd/ring/allreduce_basic_ring_16nodes_4gpus_64chunks_64channels_frontera.xml failed to initialize. Will be ignored.

c196-102:424:457 [3] graph/topo.cc:938 NCCL WARN MSCCL: threadblock 33 on GPU 31 has an invalid channel 33

c196-102:424:457 [3] graph/topo.cc:1212 NCCL WARN MSCCL: algorithm /home1/09168/ldai1/ccl-build/msccl_tools_lyd/examples/xml/xml_lyd/ring/allreduce_basic_ring_16nodes_4gpus_64chunks_64channels_frontera.xml failed to initialize. Will be ignored.
c196-091:22451:22482 [3] NCCL INFO NCCL_NTHREADS set by environment to 64.
c196-091:22451:22482 [3] NCCL INFO NCCL_PROTO set by environment to Simple
c196-091:22451:22482 [3] NCCL INFO NCCL_ALGO set by environment to MSCCL,TREE,RING
c197-012:27369:27404 [3] NCCL INFO NCCL_NTHREADS set by environment to 64.
c197-012:27369:27404 [3] NCCL INFO NCCL_PROTO set by environment to Simple
c196-102:424:457 [3] NCCL INFO NCCL_NTHREADS set by environment to 64.
c196-091:22451:22482 [3] NCCL INFO threadThresholds 8/8/64 | 512/8/64 | 8/8/64 | 8/8/512
c197-012:27369:27404 [3] NCCL INFO NCCL_ALGO set by environment to MSCCL,TREE,RING
c197-012:27369:27404 [3] NCCL INFO threadThresholds 8/8/64 | 512/8/64 | 8/8/64 | 8/8/512
c196-102:424:457 [3] NCCL INFO NCCL_PROTO set by environment to Simple
c196-102:424:457 [3] NCCL INFO NCCL_ALGO set by environment to MSCCL,TREE,RING
c196-091:22451:22482 [3] NCCL INFO 2 coll channels, 2 p2p channels, 2 p2p channels per peer
c197-012:27369:27404 [3] NCCL INFO 2 coll channels, 2 p2p channels, 2 p2p channels per peer
c196-102:424:457 [3] NCCL INFO threadThresholds 8/8/64 | 512/8/64 | 8/8/64 | 8/8/512
c196-102:424:457 [3] NCCL INFO 2 coll channels, 2 p2p channels, 2 p2p channels per peer

c197-022:11459:11493 [3] graph/topo.cc:868 NCCL WARN MSCCL: number of desired channels (64) is more than possible ones (32)

c197-022:11459:11493 [3] graph/topo.cc:938 NCCL WARN MSCCL: threadblock 33 on GPU 55 has an invalid channel 33

c197-022:11459:11493 [3] graph/topo.cc:1212 NCCL WARN MSCCL: algorithm /home1/09168/ldai1/ccl-build/msccl_tools_lyd/examples/xml/xml_lyd/ring/allreduce_basic_ring_16nodes_4gpus_64chunks_64channels_frontera.xml failed to initialize. Will be ignored.
c197-022:11459:11493 [3] NCCL INFO NCCL_NTHREADS set by environment to 64.
c197-022:11459:11493 [3] NCCL INFO NCCL_PROTO set by environment to Simple
c197-022:11459:11493 [3] NCCL INFO NCCL_ALGO set by environment to MSCCL,TREE,RING
c197-022:11459:11493 [3] NCCL INFO threadThresholds 8/8/64 | 512/8/64 | 8/8/64 | 8/8/512
c197-022:11459:11493 [3] NCCL INFO 2 coll channels, 2 p2p channels, 2 p2p channels per peer

c197-011:13522:13559 [3] graph/topo.cc:868 NCCL WARN MSCCL: number of desired channels (64) is more than possible ones (32)

c197-011:13522:13559 [3] graph/topo.cc:938 NCCL WARN MSCCL: threadblock 33 on GPU 43 has an invalid channel 33

c197-011:13522:13559 [3] graph/topo.cc:1212 NCCL WARN MSCCL: algorithm /home1/09168/ldai1/ccl-build/msccl_tools_lyd/examples/xml/xml_lyd/ring/allreduce_basic_ring_16nodes_4gpus_64chunks_64channels_frontera.xml failed to initialize. Will be ignored.
c197-011:13522:13559 [3] NCCL INFO NCCL_NTHREADS set by environment to 64.
c197-011:13522:13559 [3] NCCL INFO NCCL_PROTO set by environment to Simple
c197-011:13522:13559 [3] NCCL INFO NCCL_ALGO set by environment to MSCCL,TREE,RING
c197-011:13522:13559 [3] NCCL INFO threadThresholds 8/8/64 | 512/8/64 | 8/8/64 | 8/8/512
c197-011:13522:13559 [3] NCCL INFO 2 coll channels, 2 p2p channels, 2 p2p channels per peer

c196-111:4506:4538 [3] graph/topo.cc:868 NCCL WARN MSCCL: number of desired channels (64) is more than possible ones (32)

c196-111:4506:4538 [3] graph/topo.cc:938 NCCL WARN MSCCL: threadblock 33 on GPU 35 has an invalid channel 33

c196-111:4506:4538 [3] graph/topo.cc:1212 NCCL WARN MSCCL: algorithm /home1/09168/ldai1/ccl-build/msccl_tools_lyd/examples/xml/xml_lyd/ring/allreduce_basic_ring_16nodes_4gpus_64chunks_64channels_frontera.xml failed to initialize. Will be ignored.
c196-111:4506:4538 [3] NCCL INFO NCCL_NTHREADS set by environment to 64.
c196-111:4506:4538 [3] NCCL INFO NCCL_PROTO set by environment to Simple
c196-111:4506:4538 [3] NCCL INFO NCCL_ALGO set by environment to MSCCL,TREE,RING
c196-111:4506:4538 [3] NCCL INFO threadThresholds 8/8/64 | 512/8/64 | 8/8/64 | 8/8/512
c196-111:4506:4538 [3] NCCL INFO 2 coll channels, 2 p2p channels, 2 p2p channels per peer

c196-072:19249:19280 [3] graph/topo.cc:868 NCCL WARN MSCCL: number of desired channels (64) is more than possible ones (32)

c196-072:19249:19280 [3] graph/topo.cc:938 NCCL WARN MSCCL: threadblock 33 on GPU 7 has an invalid channel 33

c196-072:19249:19280 [3] graph/topo.cc:1212 NCCL WARN MSCCL: algorithm /home1/09168/ldai1/ccl-build/msccl_tools_lyd/examples/xml/xml_lyd/ring/allreduce_basic_ring_16nodes_4gpus_64chunks_64channels_frontera.xml failed to initialize. Will be ignored.
c196-072:19249:19280 [3] NCCL INFO NCCL_NTHREADS set by environment to 64.

c196-112:10166:10197 [3] graph/topo.cc:868 NCCL WARN MSCCL: number of desired channels (64) is more than possible ones (32)
c196-072:19249:19280 [3] NCCL INFO NCCL_PROTO set by environment to Simple

c196-112:10166:10197 [3] graph/topo.cc:938 NCCL WARN MSCCL: threadblock 33 on GPU 39 has an invalid channel 33

c196-112:10166:10197 [3] graph/topo.cc:1212 NCCL WARN MSCCL: algorithm /home1/09168/ldai1/ccl-build/msccl_tools_lyd/examples/xml/xml_lyd/ring/allreduce_basic_ring_16nodes_4gpus_64chunks_64channels_frontera.xml failed to initialize. Will be ignored.
c196-072:19249:19280 [3] NCCL INFO NCCL_ALGO set by environment to MSCCL,TREE,RING
c196-112:10166:10197 [3] NCCL INFO NCCL_NTHREADS set by environment to 64.
c196-112:10166:10197 [3] NCCL INFO NCCL_PROTO set by environment to Simple
c196-072:19249:19280 [3] NCCL INFO threadThresholds 8/8/64 | 512/8/64 | 8/8/64 | 8/8/512

c196-101:9246:9283 [3] graph/topo.cc:868 NCCL WARN MSCCL: number of desired channels (64) is more than possible ones (32)
c196-112:10166:10197 [3] NCCL INFO NCCL_ALGO set by environment to MSCCL,TREE,RING

c197-021:28939:28971 [3] graph/topo.cc:868 NCCL WARN MSCCL: number of desired channels (64) is more than possible ones (32)
c196-072:19249:19280 [3] NCCL INFO 2 coll channels, 2 p2p channels, 2 p2p channels per peer

c196-101:9246:9283 [3] graph/topo.cc:938 NCCL WARN MSCCL: threadblock 33 on GPU 27 has an invalid channel 33

c196-101:9246:9283 [3] graph/topo.cc:1212 NCCL WARN MSCCL: algorithm /home1/09168/ldai1/ccl-build/msccl_tools_lyd/examples/xml/xml_lyd/ring/allreduce_basic_ring_16nodes_4gpus_64chunks_64channels_frontera.xml failed to initialize. Will be ignored.
c196-112:10166:10197 [3] NCCL INFO threadThresholds 8/8/64 | 512/8/64 | 8/8/64 | 8/8/512
c196-112:10166:10197 [3] NCCL INFO 2 coll channels, 2 p2p channels, 2 p2p channels per peer

c197-021:28939:28971 [3] graph/topo.cc:938 NCCL WARN MSCCL: threadblock 33 on GPU 51 has an invalid channel 33

c197-021:28939:28971 [3] graph/topo.cc:1212 NCCL WARN MSCCL: algorithm /home1/09168/ldai1/ccl-build/msccl_tools_lyd/examples/xml/xml_lyd/ring/allreduce_basic_ring_16nodes_4gpus_64chunks_64channels_frontera.xml failed to initialize. Will be ignored.
c196-101:9246:9283 [3] NCCL INFO NCCL_NTHREADS set by environment to 64.
c197-021:28939:28971 [3] NCCL INFO NCCL_NTHREADS set by environment to 64.
c196-101:9246:9283 [3] NCCL INFO NCCL_PROTO set by environment to Simple
c196-101:9246:9283 [3] NCCL INFO NCCL_ALGO set by environment to MSCCL,TREE,RING
c197-021:28939:28971 [3] NCCL INFO NCCL_PROTO set by environment to Simple
c196-101:9246:9283 [3] NCCL INFO threadThresholds 8/8/64 | 512/8/64 | 8/8/64 | 8/8/512
c197-021:28939:28971 [3] NCCL INFO NCCL_ALGO set by environment to MSCCL,TREE,RING
c196-101:9246:9283 [3] NCCL INFO 2 coll channels, 2 p2p channels, 2 p2p channels per peer
c197-021:28939:28971 [3] NCCL INFO threadThresholds 8/8/64 | 512/8/64 | 8/8/64 | 8/8/512
c197-021:28939:28971 [3] NCCL INFO 2 coll channels, 2 p2p channels, 2 p2p channels per peer

c196-071:24077:24113 [3] graph/topo.cc:868 NCCL WARN MSCCL: number of desired channels (64) is more than possible ones (32)

c196-071:24077:24113 [3] graph/topo.cc:938 NCCL WARN MSCCL: threadblock 33 on GPU 3 has an invalid channel 33

c196-071:24077:24113 [3] graph/topo.cc:1212 NCCL WARN MSCCL: algorithm /home1/09168/ldai1/ccl-build/msccl_tools_lyd/examples/xml/xml_lyd/ring/allreduce_basic_ring_16nodes_4gpus_64chunks_64channels_frontera.xml failed to initialize. Will be ignored.
c196-071:24077:24113 [3] NCCL INFO NCCL_NTHREADS set by environment to 64.
c196-071:24077:24113 [3] NCCL INFO NCCL_PROTO set by environment to Simple
c196-071:24077:24113 [3] NCCL INFO NCCL_ALGO set by environment to MSCCL,TREE,RING
c196-071:24077:24113 [3] NCCL INFO threadThresholds 8/8/64 | 512/8/64 | 8/8/64 | 8/8/512
c196-071:24077:24113 [3] NCCL INFO 2 coll channels, 2 p2p channels, 2 p2p channels per peer

c196-071:24076:24111 [2] graph/topo.cc:868 NCCL WARN MSCCL: number of desired channels (64) is more than possible ones (32)

c197-031:13246:13279 [3] graph/topo.cc:868 NCCL WARN MSCCL: number of desired channels (64) is more than possible ones (32)

c196-071:24076:24111 [2] graph/topo.cc:938 NCCL WARN MSCCL: threadblock 33 on GPU 2 has an invalid channel 33

c196-071:24076:24111 [2] graph/topo.cc:1212 NCCL WARN MSCCL: algorithm /home1/09168/ldai1/ccl-build/msccl_tools_lyd/examples/xml/xml_lyd/ring/allreduce_basic_ring_16nodes_4gpus_64chunks_64channels_frontera.xml failed to initialize. Will be ignored.

c197-031:13246:13279 [3] graph/topo.cc:938 NCCL WARN MSCCL: threadblock 33 on GPU 59 has an invalid channel 33

c197-031:13246:13279 [3] graph/topo.cc:1212 NCCL WARN MSCCL: algorithm /home1/09168/ldai1/ccl-build/msccl_tools_lyd/examples/xml/xml_lyd/ring/allreduce_basic_ring_16nodes_4gpus_64chunks_64channels_frontera.xml failed to initialize. Will be ignored.
c196-071:24076:24111 [2] NCCL INFO NCCL_NTHREADS set by environment to 64.
c196-071:24076:24111 [2] NCCL INFO NCCL_PROTO set by environment to Simple
c197-031:13246:13279 [3] NCCL INFO NCCL_NTHREADS set by environment to 64.
c196-071:24076:24111 [2] NCCL INFO NCCL_ALGO set by environment to MSCCL,TREE,RING
c197-031:13246:13279 [3] NCCL INFO NCCL_PROTO set by environment to Simple
c196-071:24076:24111 [2] NCCL INFO threadThresholds 8/8/64 | 512/8/64 | 8/8/64 | 8/8/512
c197-031:13246:13279 [3] NCCL INFO NCCL_ALGO set by environment to MSCCL,TREE,RING
c196-071:24076:24111 [2] NCCL INFO 2 coll channels, 2 p2p channels, 2 p2p channels per peer
c197-031:13246:13279 [3] NCCL INFO threadThresholds 8/8/64 | 512/8/64 | 8/8/64 | 8/8/512
c197-031:13246:13279 [3] NCCL INFO 2 coll channels, 2 p2p channels, 2 p2p channels per peer
c196-091:22448:22488 [0] NCCL INFO Channel 00/0 : 16[2000] -> 24[2000] [send] via NET/IB/0
c197-021:28936:28974 [0] NCCL INFO Channel 00/0 : 48[2000] -> 56[2000] [send] via NET/IB/0
c196-092:32556:32593 [1] NCCL INFO Channel 01/0 : 24[2000] -> 21[3000] [receive] via NET/IB/0
c196-101:9243:9279 [0] NCCL INFO Channel 00/0 : 24[2000] -> 28[2000] [send] via NET/IB/0
c197-022:11456:11497 [0] NCCL INFO Channel 00/0 : 52[2000] -> 57[3000] [send] via NET/IB/0
c196-092:32555:32595 [0] NCCL INFO Channel 00/0 : 20[2000] -> 25[3000] [send] via NET/IB/0
c197-011:13519:13558 [0] NCCL INFO Channel 00/0 : 40[2000] -> 44[2000] [send] via NET/IB/0
c196-081:16485:16525 [0] NCCL INFO Channel 00/0 : 8[2000] -> 12[2000] [send] via NET/IB/0
c196-112:10163:10203 [0] NCCL INFO Channel 00/0 : 36[2000] -> 41[3000] [send] via NET/IB/0
c196-072:19247:19286 [1] NCCL INFO Channel 01/0 : 8[2000] -> 5[3000] [receive] via NET/IB/0
c196-111:4503:4541 [0] NCCL INFO Channel 00/0 : 32[2000] -> 48[2000] [send] via NET/IB/0
c196-072:19246:19284 [0] NCCL INFO Channel 00/0 : 4[2000] -> 9[3000] [send] via NET/IB/0
c197-022:11457:11496 [1] NCCL INFO Channel 01/0 : 56[2000] -> 53[3000] [receive] via NET/IB/0

c197-032:22042:22074 [2] graph/topo.cc:868 NCCL WARN MSCCL: number of desired channels (64) is more than possible ones (32)

c197-032:22042:22074 [2] graph/topo.cc:938 NCCL WARN MSCCL: threadblock 33 on GPU 62 has an invalid channel 33

c197-032:22042:22074 [2] graph/topo.cc:1212 NCCL WARN MSCCL: algorithm /home1/09168/ldai1/ccl-build/msccl_tools_lyd/examples/xml/xml_lyd/ring/allreduce_basic_ring_16nodes_4gpus_64chunks_64channels_frontera.xml failed to initialize. Will be ignored.
c196-112:10164:10202 [1] NCCL INFO Channel 01/0 : 40[2000] -> 37[3000] [receive] via NET/IB/0
c197-032:22042:22074 [2] NCCL INFO NCCL_NTHREADS set by environment to 64.
c197-032:22042:22074 [2] NCCL INFO NCCL_PROTO set by environment to Simple
c197-032:22042:22074 [2] NCCL INFO NCCL_ALGO set by environment to MSCCL,TREE,RING
c197-032:22042:22074 [2] NCCL INFO threadThresholds 8/8/64 | 512/8/64 | 8/8/64 | 8/8/512
c197-032:22042:22074 [2] NCCL INFO 2 coll channels, 2 p2p channels, 2 p2p channels per peer

c197-032:22043:22076 [3] graph/topo.cc:868 NCCL WARN MSCCL: number of desired channels (64) is more than possible ones (32)

c197-032:22043:22076 [3] graph/topo.cc:938 NCCL WARN MSCCL: threadblock 33 on GPU 63 has an invalid channel 33

c197-032:22043:22076 [3] graph/topo.cc:1212 NCCL WARN MSCCL: algorithm /home1/09168/ldai1/ccl-build/msccl_tools_lyd/examples/xml/xml_lyd/ring/allreduce_basic_ring_16nodes_4gpus_64chunks_64channels_frontera.xml failed to initialize. Will be ignored.
c197-032:22043:22076 [3] NCCL INFO NCCL_NTHREADS set by environment to 64.
c197-032:22043:22076 [3] NCCL INFO NCCL_PROTO set by environment to Simple
c197-032:22043:22076 [3] NCCL INFO NCCL_ALGO set by environment to MSCCL,TREE,RING
c197-032:22043:22076 [3] NCCL INFO threadThresholds 8/8/64 | 512/8/64 | 8/8/64 | 8/8/512
c197-032:22043:22076 [3] NCCL INFO 2 coll channels, 2 p2p channels, 2 p2p channels per peer
c197-031:13243:13283 [0] NCCL INFO Channel 00/0 : 56[2000] -> 60[2000] [send] via NET/IB/0
c196-071:24074:24106 [0] NCCL INFO Channel 00/0 : 32[2000] -> 0[2000] [receive] via NET/IB/0
c197-022:11456:11497 [0] NCCL INFO Channel 01/0 : 45[3000] -> 52[2000] [receive] via NET/IB/0
c196-092:32555:32595 [0] NCCL INFO Channel 01/0 : 13[3000] -> 20[2000] [receive] via NET/IB/0
c197-011:13519:13558 [0] NCCL INFO Channel 00/0 : 40[2000] -> 49[3000] [send] via NET/IB/0
c196-102:421:461 [0] NCCL INFO Channel 01/0 : 12[2000] -> 28[2000] [receive] via NET/IB/0
c196-112:10163:10203 [0] NCCL INFO Channel 01/0 : 36[2000] -> 44[2000] [send] via NET/IB/0
c196-101:9244:9277 [1] NCCL INFO Channel 00/0 : 25[3000] -> 20[2000] [send] via NET/IB/0
c197-031:13244:13281 [1] NCCL INFO Channel 00/0 : 57[3000] -> 52[2000] [send] via NET/IB/0
c197-012:27366:27406 [0] NCCL INFO Channel 01/0 : 36[2000] -> 44[2000] [receive] via NET/IB/0
c196-081:16485:16525 [0] NCCL INFO Channel 00/0 : 8[2000] -> 17[3000] [send] via NET/IB/0
c197-011:13520:13554 [1] NCCL INFO Channel 00/0 : 41[3000] -> 36[2000] [send] via NET/IB/0
c196-072:19246:19284 [0] NCCL INFO Channel 01/0 : 4[2000] -> 12[2000] [send] via NET/IB/0
c196-082:9590:9628 [0] NCCL INFO Channel 01/0 : 4[2000] -> 12[2000] [receive] via NET/IB/0
c196-081:16486:16524 [1] NCCL INFO Channel 00/0 : 9[3000] -> 4[2000] [send] via NET/IB/0
c196-101:9243:9279 [0] NCCL INFO Channel 00/0 : 16[2000] -> 24[2000] [receive] via NET/IB/0
c197-031:13243:13283 [0] NCCL INFO Channel 00/0 : 48[2000] -> 56[2000] [receive] via NET/IB/0
c197-032:22040:22080 [0] NCCL INFO Channel 01/0 : 28[2000] -> 60[2000] [receive] via NET/IB/0
c196-071:24074:24106 [0] NCCL INFO Channel 00/0 : 0[2000] -> 32[2000] [send] via NET/IB/0
c197-032:22040:22080 [0] NCCL INFO Channel 01/0 : 60[2000] -> 28[2000] [send] via NET/IB/0
c196-082:9591:9630 [1] NCCL INFO Channel 01/0 : 20[2000] -> 13[3000] [receive] via NET/IB/0
c197-012:27367:27401 [1] NCCL INFO Channel 01/0 : 52[2000] -> 45[3000] [receive] via NET/IB/0
c197-022:11456:11497 [0] NCCL INFO Channel 01/0 : 52[2000] -> 45[3000] [send] via NET/IB/0
c196-092:32555:32595 [0] NCCL INFO Channel 01/0 : 20[2000] -> 13[3000] [send] via NET/IB/0
c196-112:10163:10203 [0] NCCL INFO Channel 01/0 : 44[2000] -> 36[2000] [receive] via NET/IB/0
c197-021:28937:28976 [1] NCCL INFO Channel 00/0 : 49[3000] -> 40[2000] [send] via NET/IB/0
c196-081:16485:16525 [0] NCCL INFO Channel 00/0 : 17[3000] -> 8[2000] [receive] via NET/IB/0
c196-072:19246:19284 [0] NCCL INFO Channel 01/0 : 12[2000] -> 4[2000] [receive] via NET/IB/0
c197-012:27366:27406 [0] NCCL INFO Channel 01/0 : 29[3000] -> 44[2000] [receive] via NET/IB/0
c196-091:22449:22487 [1] NCCL INFO Channel 00/0 : 17[3000] -> 8[2000] [send] via NET/IB/0
c196-091:22448:22488 [0] NCCL INFO Channel 00/0 : 16[2000] -> 33[3000] [send] via NET/IB/0
c197-011:13519:13558 [0] NCCL INFO Channel 00/0 : 49[3000] -> 40[2000] [receive] via NET/IB/0
c197-021:28936:28974 [0] NCCL INFO Channel 00/0 : 32[2000] -> 48[2000] [receive] via NET/IB/0
c197-031:13243:13283 [0] NCCL INFO Channel 00/0 : 56[2000] -> 48[2000] [send] via NET/IB/0
c196-082:9590:9628 [0] NCCL INFO Channel 01/0 : 12[2000] -> 28[2000] [send] via NET/IB/0
c196-101:9243:9279 [0] NCCL INFO Channel 00/0 : 24[2000] -> 16[2000] [send] via NET/IB/0
c197-012:27367:27401 [1] NCCL INFO Channel 00 : 45[3000] -> 44[2000] via direct shared memory
c197-012:27367:27401 [1] NCCL INFO Channel 01 : 45[3000] -> 44[2000] via direct shared memory
c196-082:9591:9630 [1] NCCL INFO Channel 00 : 13[3000] -> 12[2000] via direct shared memory
c196-082:9591:9630 [1] NCCL INFO Channel 01 : 13[3000] -> 12[2000] via direct shared memory
c196-091:22449:22487 [1] NCCL INFO Channel 00 : 17[3000] -> 16[2000] via direct shared memory
c196-091:22449:22487 [1] NCCL INFO Channel 01 : 17[3000] -> 16[2000] via direct shared memory
c197-012:27368:27405 [2] NCCL INFO Connected all trees
c197-012:27368:27405 [2] NCCL INFO MSCCL_XML_FILES set by environment to /home1/09168/ldai1/ccl-build/msccl_tools_lyd/examples/xml/xml_lyd/ring/allreduce_basic_ring_16nodes_4gpus_64chunks_64channels_frontera.xml
c197-012:27368:27405 [2] NCCL INFO MSCCL: Parsing algorithm /home1/09168/ldai1/ccl-build/msccl_tools_lyd/examples/xml/xml_lyd/ring/allreduce_basic_ring_16nodes_4gpus_64chunks_64channels_frontera.xml
c197-021:28937:28976 [1] NCCL INFO Channel 00 : 49[3000] -> 48[2000] via direct shared memory
c197-021:28937:28976 [1] NCCL INFO Channel 01 : 49[3000] -> 48[2000] via direct shared memory
c196-082:9592:9626 [2] NCCL INFO Connected all trees
c196-082:9592:9626 [2] NCCL INFO MSCCL_XML_FILES set by environment to /home1/09168/ldai1/ccl-build/msccl_tools_lyd/examples/xml/xml_lyd/ring/allreduce_basic_ring_16nodes_4gpus_64chunks_64channels_frontera.xml
c196-082:9592:9626 [2] NCCL INFO MSCCL: Parsing algorithm /home1/09168/ldai1/ccl-build/msccl_tools_lyd/examples/xml/xml_lyd/ring/allreduce_basic_ring_16nodes_4gpus_64chunks_64channels_frontera.xml
c196-091:22450:22484 [2] NCCL INFO Connected all trees
c196-091:22450:22484 [2] NCCL INFO MSCCL_XML_FILES set by environment to /home1/09168/ldai1/ccl-build/msccl_tools_lyd/examples/xml/xml_lyd/ring/allreduce_basic_ring_16nodes_4gpus_64chunks_64channels_frontera.xml
c196-091:22450:22484 [2] NCCL INFO MSCCL: Parsing algorithm /home1/09168/ldai1/ccl-build/msccl_tools_lyd/examples/xml/xml_lyd/ring/allreduce_basic_ring_16nodes_4gpus_64chunks_64channels_frontera.xml
c197-021:28938:28972 [2] NCCL INFO Connected all trees
c197-021:28938:28972 [2] NCCL INFO MSCCL_XML_FILES set by environment to /home1/09168/ldai1/ccl-build/msccl_tools_lyd/examples/xml/xml_lyd/ring/allreduce_basic_ring_16nodes_4gpus_64chunks_64channels_frontera.xml
c197-021:28938:28972 [2] NCCL INFO MSCCL: Parsing algorithm /home1/09168/ldai1/ccl-build/msccl_tools_lyd/examples/xml/xml_lyd/ring/allreduce_basic_ring_16nodes_4gpus_64chunks_64channels_frontera.xml
c197-022:11456:11497 [0] NCCL INFO Channel 00/0 : 57[3000] -> 52[2000] [receive] via NET/IB/0
c196-092:32555:32595 [0] NCCL INFO Channel 00/0 : 25[3000] -> 20[2000] [receive] via NET/IB/0
c196-102:422:460 [1] NCCL INFO Channel 01/0 : 44[2000] -> 29[3000] [receive] via NET/IB/0
c197-012:27366:27406 [0] NCCL INFO Channel 01/0 : 44[2000] -> 29[3000] [send] via NET/IB/0
c196-091:22448:22488 [0] NCCL INFO Channel 00/0 : 33[3000] -> 16[2000] [receive] via NET/IB/0
c196-081:16485:16525 [0] NCCL INFO Channel 00/0 : 12[2000] -> 8[2000] [receive] via NET/IB/0
c197-011:13519:13558 [0] NCCL INFO Channel 00/0 : 44[2000] -> 40[2000] [receive] via NET/IB/0
c196-111:4504:4543 [1] NCCL INFO Channel 00/0 : 33[3000] -> 16[2000] [send] via NET/IB/0
c197-021:28936:28974 [0] NCCL INFO Channel 00/0 : 48[2000] -> 32[2000] [send] via NET/IB/0
c196-102:421:461 [0] NCCL INFO Channel 01/0 : 60[2000] -> 28[2000] [receive] via NET/IB/0
c196-111:4503:4541 [0] NCCL INFO Channel 00/0 : 0[2000] -> 32[2000] [receive] via NET/IB/0
c196-082:9590:9628 [0] NCCL INFO Channel 01/0 : 28[2000] -> 12[2000] [receive] via NET/IB/0
c197-031:13244:13281 [1] NCCL INFO Channel 00 : 57[3000] -> 56[2000] via direct shared memory
c197-031:13244:13281 [1] NCCL INFO Channel 01 : 57[3000] -> 56[2000] via direct shared memory
c197-031:13245:13278 [2] NCCL INFO Connected all trees
c197-031:13245:13278 [2] NCCL INFO MSCCL_XML_FILES set by environment to /home1/09168/ldai1/ccl-build/msccl_tools_lyd/examples/xml/xml_lyd/ring/allreduce_basic_ring_16nodes_4gpus_64chunks_64channels_frontera.xml
c197-031:13245:13278 [2] NCCL INFO MSCCL: Parsing algorithm /home1/09168/ldai1/ccl-build/msccl_tools_lyd/examples/xml/xml_lyd/ring/allreduce_basic_ring_16nodes_4gpus_64chunks_64channels_frontera.xml
c196-101:9244:9277 [1] NCCL INFO Channel 00 : 25[3000] -> 24[2000] via direct shared memory
c196-101:9244:9277 [1] NCCL INFO Channel 01 : 25[3000] -> 24[2000] via direct shared memory
c196-102:422:460 [1] NCCL INFO Channel 00 : 29[3000] -> 28[2000] via direct shared memory
c196-102:422:460 [1] NCCL INFO Channel 01 : 29[3000] -> 28[2000] via direct shared memory
c196-111:4504:4543 [1] NCCL INFO Channel 00 : 33[3000] -> 32[2000] via direct shared memory
c196-111:4504:4543 [1] NCCL INFO Channel 01 : 33[3000] -> 32[2000] via direct shared memory

c197-012:27368:27405 [2] graph/topo.cc:868 NCCL WARN MSCCL: number of desired channels (64) is more than possible ones (32)

c196-082:9592:9626 [2] graph/topo.cc:868 NCCL WARN MSCCL: number of desired channels (64) is more than possible ones (32)

c197-012:27368:27405 [2] graph/topo.cc:938 NCCL WARN MSCCL: threadblock 33 on GPU 46 has an invalid channel 33

c197-012:27368:27405 [2] graph/topo.cc:1212 NCCL WARN MSCCL: algorithm /home1/09168/ldai1/ccl-build/msccl_tools_lyd/examples/xml/xml_lyd/ring/allreduce_basic_ring_16nodes_4gpus_64chunks_64channels_frontera.xml failed to initialize. Will be ignored.

c196-082:9592:9626 [2] graph/topo.cc:938 NCCL WARN MSCCL: threadblock 33 on GPU 14 has an invalid channel 33

c196-082:9592:9626 [2] graph/topo.cc:1212 NCCL WARN MSCCL: algorithm /home1/09168/ldai1/ccl-build/msccl_tools_lyd/examples/xml/xml_lyd/ring/allreduce_basic_ring_16nodes_4gpus_64chunks_64channels_frontera.xml failed to initialize. Will be ignored.
c197-012:27368:27405 [2] NCCL INFO NCCL_NTHREADS set by environment to 64.
c196-082:9592:9626 [2] NCCL INFO NCCL_NTHREADS set by environment to 64.
c196-082:9592:9626 [2] NCCL INFO NCCL_PROTO set by environment to Simple
c197-012:27368:27405 [2] NCCL INFO NCCL_PROTO set by environment to Simple
c196-082:9592:9626 [2] NCCL INFO NCCL_ALGO set by environment to MSCCL,TREE,RING
c197-012:27368:27405 [2] NCCL INFO NCCL_ALGO set by environment to MSCCL,TREE,RING
c196-082:9592:9626 [2] NCCL INFO threadThresholds 8/8/64 | 512/8/64 | 8/8/64 | 8/8/512
c197-012:27368:27405 [2] NCCL INFO threadThresholds 8/8/64 | 512/8/64 | 8/8/64 | 8/8/512
c196-082:9592:9626 [2] NCCL INFO 2 coll channels, 2 p2p channels, 2 p2p channels per peer
