c197-041:12433:12433 [1] NCCL INFO comm 0x2b924e000010 rank 29 nranks 64 cudaDev 1 busId 3000 - Destroy COMPLETE
c197-031:9657:9657 [1] NCCL INFO comm 0x2b692e336010 rank 21 nranks 64 cudaDev 1 busId 3000 - Destroy COMPLETE
c198-021:18762:18762 [1] NCCL INFO comm 0x2b9d3e000010 rank 41 nranks 64 cudaDev 1 busId 3000 - Destroy COMPLETE
c198-102:29510:29510 [1] NCCL INFO comm 0x2b0a6d30d010 rank 57 nranks 64 cudaDev 1 busId 3000 - Destroy COMPLETE
c197-032:18670:18670 [1] NCCL INFO comm 0x2b7c5e000010 rank 25 nranks 64 cudaDev 1 busId 3000 - Destroy COMPLETE
c197-031:9656:9656 [0] NCCL INFO comm 0x2b1ece000010 rank 20 nranks 64 cudaDev 0 busId 2000 - Destroy COMPLETE
c198-101:27824:27824 [0] NCCL INFO comm 0x2acf8c000010 rank 52 nranks 64 cudaDev 0 busId 2000 - Destroy COMPLETE
c198-022:18563:18563 [1] NCCL INFO comm 0x2b76cc9b6010 rank 45 nranks 64 cudaDev 1 busId 3000 - Destroy COMPLETE
c197-012:23629:23629 [1] NCCL INFO comm 0x2b4b6e000010 rank 9 nranks 64 cudaDev 1 busId 3000 - Destroy COMPLETE
c197-012:23628:23628 [0] NCCL INFO comm 0x2b4ba2000010 rank 8 nranks 64 cudaDev 0 busId 2000 - Destroy COMPLETE
c198-031:28775:28775 [3] NCCL INFO comm 0x2b1f54000010 rank 51 nranks 64 cudaDev 3 busId 83000 - Destroy COMPLETE
c197-032:18669:18669 [0] NCCL INFO comm 0x2b263e000010 rank 24 nranks 64 cudaDev 0 busId 2000 - Destroy COMPLETE
c198-021:18761:18761 [0] NCCL INFO comm 0x2b426e000010 rank 40 nranks 64 cudaDev 0 busId 2000 - Destroy COMPLETE
c196-062:16307:16307 [1] NCCL INFO comm 0x2afdd0000010 rank 5 nranks 64 cudaDev 1 busId 3000 - Destroy COMPLETE
c198-031:28772:28772 [0] NCCL INFO comm 0x2b36de000010 rank 48 nranks 64 cudaDev 0 busId 2000 - Destroy COMPLETE
c198-031:28773:28773 [1] NCCL INFO comm 0x2b295cbe9010 rank 49 nranks 64 cudaDev 1 busId 3000 - Destroy COMPLETE
c198-031:28774:28774 [2] NCCL INFO comm 0x2b1b9e000010 rank 50 nranks 64 cudaDev 2 busId 82000 - Destroy COMPLETE
c198-012:32500:32500 [1] NCCL INFO comm 0x2b108c9b6010 rank 37 nranks 64 cudaDev 1 busId 3000 - Destroy COMPLETE
c198-102:29509:29509 [0] NCCL INFO comm 0x2b9532000010 rank 56 nranks 64 cudaDev 0 busId 2000 - Destroy COMPLETE
c197-021:25326:25326 [1] NCCL INFO comm 0x2ac272201010 rank 13 nranks 64 cudaDev 1 busId 3000 - Destroy COMPLETE
c197-021:25325:25325 [0] NCCL INFO comm 0x2aebc554f010 rank 12 nranks 64 cudaDev 0 busId 2000 - Destroy COMPLETE
c196-062:16306:16306 [0] NCCL INFO comm 0x2b1ffe000010 rank 4 nranks 64 cudaDev 0 busId 2000 - Destroy COMPLETE
c197-041:12432:12432 [0] NCCL INFO comm 0x2b665e000010 rank 28 nranks 64 cudaDev 0 busId 2000 - Destroy COMPLETE
c198-012:32499:32499 [0] NCCL INFO comm 0x2b967d058010 rank 36 nranks 64 cudaDev 0 busId 2000 - Destroy COMPLETE
c198-022:18562:18562 [0] NCCL INFO comm 0x2b1bf184f010 rank 44 nranks 64 cudaDev 0 busId 2000 - Destroy COMPLETE

# nThread 1 nGpus 1 minBytes 1024 maxBytes 268435456 step: 2(factor) warmup iters: 5 iters: 20 agg iters: 1 validation: 1 graph: 0
#
# Using devices
#  Rank  0 Group  0 Pid   6175 on   c196-061 device  0 [0x02] Quadro RTX 5000
#  Rank  1 Group  0 Pid   6176 on   c196-061 device  1 [0x03] Quadro RTX 5000
#  Rank  2 Group  0 Pid   6177 on   c196-061 device  2 [0x82] Quadro RTX 5000
#  Rank  3 Group  0 Pid   6178 on   c196-061 device  3 [0x83] Quadro RTX 5000
#  Rank  4 Group  0 Pid  16414 on   c196-062 device  0 [0x02] Quadro RTX 5000
#  Rank  5 Group  0 Pid  16415 on   c196-062 device  1 [0x03] Quadro RTX 5000
#  Rank  6 Group  0 Pid  16416 on   c196-062 device  2 [0x82] Quadro RTX 5000
#  Rank  7 Group  0 Pid  16417 on   c196-062 device  3 [0x83] Quadro RTX 5000
#  Rank  8 Group  0 Pid  23718 on   c197-012 device  0 [0x02] Quadro RTX 5000
#  Rank  9 Group  0 Pid  23719 on   c197-012 device  1 [0x03] Quadro RTX 5000
#  Rank 10 Group  0 Pid  23720 on   c197-012 device  2 [0x82] Quadro RTX 5000
#  Rank 11 Group  0 Pid  23721 on   c197-012 device  3 [0x83] Quadro RTX 5000
#  Rank 12 Group  0 Pid  25417 on   c197-021 device  0 [0x02] Quadro RTX 5000
#  Rank 13 Group  0 Pid  25418 on   c197-021 device  1 [0x03] Quadro RTX 5000
#  Rank 14 Group  0 Pid  25419 on   c197-021 device  2 [0x82] Quadro RTX 5000
#  Rank 15 Group  0 Pid  25420 on   c197-021 device  3 [0x83] Quadro RTX 5000
#  Rank 16 Group  0 Pid   8342 on   c197-022 device  0 [0x02] Quadro RTX 5000
#  Rank 17 Group  0 Pid   8343 on   c197-022 device  1 [0x03] Quadro RTX 5000
#  Rank 18 Group  0 Pid   8344 on   c197-022 device  2 [0x82] Quadro RTX 5000
#  Rank 19 Group  0 Pid   8345 on   c197-022 device  3 [0x83] Quadro RTX 5000
#  Rank 20 Group  0 Pid   9748 on   c197-031 device  0 [0x02] Quadro RTX 5000
#  Rank 21 Group  0 Pid   9749 on   c197-031 device  1 [0x03] Quadro RTX 5000
#  Rank 22 Group  0 Pid   9750 on   c197-031 device  2 [0x82] Quadro RTX 5000
#  Rank 23 Group  0 Pid   9751 on   c197-031 device  3 [0x83] Quadro RTX 5000
#  Rank 24 Group  0 Pid  18760 on   c197-032 device  0 [0x02] Quadro RTX 5000
#  Rank 25 Group  0 Pid  18761 on   c197-032 device  1 [0x03] Quadro RTX 5000
#  Rank 26 Group  0 Pid  18762 on   c197-032 device  2 [0x82] Quadro RTX 5000
#  Rank 27 Group  0 Pid  18763 on   c197-032 device  3 [0x83] Quadro RTX 5000
#  Rank 28 Group  0 Pid  12523 on   c197-041 device  0 [0x02] Quadro RTX 5000
#  Rank 29 Group  0 Pid  12524 on   c197-041 device  1 [0x03] Quadro RTX 5000
#  Rank 30 Group  0 Pid  12525 on   c197-041 device  2 [0x82] Quadro RTX 5000
#  Rank 31 Group  0 Pid  12526 on   c197-041 device  3 [0x83] Quadro RTX 5000
#  Rank 32 Group  0 Pid  22542 on   c197-042 device  0 [0x02] Quadro RTX 5000
#  Rank 33 Group  0 Pid  22543 on   c197-042 device  1 [0x03] Quadro RTX 5000
#  Rank 34 Group  0 Pid  22544 on   c197-042 device  2 [0x82] Quadro RTX 5000
#  Rank 35 Group  0 Pid  22545 on   c197-042 device  3 [0x83] Quadro RTX 5000
#  Rank 36 Group  0 Pid  32600 on   c198-012 device  0 [0x02] Quadro RTX 5000
#  Rank 37 Group  0 Pid  32601 on   c198-012 device  1 [0x03] Quadro RTX 5000
#  Rank 38 Group  0 Pid  32602 on   c198-012 device  2 [0x82] Quadro RTX 5000
#  Rank 39 Group  0 Pid  32603 on   c198-012 device  3 [0x83] Quadro RTX 5000
#  Rank 40 Group  0 Pid  18852 on   c198-021 device  0 [0x02] Quadro RTX 5000
#  Rank 41 Group  0 Pid  18853 on   c198-021 device  1 [0x03] Quadro RTX 5000
#  Rank 42 Group  0 Pid  18854 on   c198-021 device  2 [0x82] Quadro RTX 5000
#  Rank 43 Group  0 Pid  18855 on   c198-021 device  3 [0x83] Quadro RTX 5000
#  Rank 44 Group  0 Pid  18654 on   c198-022 device  0 [0x02] Quadro RTX 5000
#  Rank 45 Group  0 Pid  18655 on   c198-022 device  1 [0x03] Quadro RTX 5000
#  Rank 46 Group  0 Pid  18656 on   c198-022 device  2 [0x82] Quadro RTX 5000
#  Rank 47 Group  0 Pid  18657 on   c198-022 device  3 [0x83] Quadro RTX 5000
#  Rank 48 Group  0 Pid  28862 on   c198-031 device  0 [0x02] Quadro RTX 5000
#  Rank 49 Group  0 Pid  28863 on   c198-031 device  1 [0x03] Quadro RTX 5000
#  Rank 50 Group  0 Pid  28864 on   c198-031 device  2 [0x82] Quadro RTX 5000
#  Rank 51 Group  0 Pid  28865 on   c198-031 device  3 [0x83] Quadro RTX 5000
#  Rank 52 Group  0 Pid  27914 on   c198-101 device  0 [0x02] Quadro RTX 5000
#  Rank 53 Group  0 Pid  27915 on   c198-101 device  1 [0x03] Quadro RTX 5000
#  Rank 54 Group  0 Pid  27916 on   c198-101 device  2 [0x82] Quadro RTX 5000
#  Rank 55 Group  0 Pid  27917 on   c198-101 device  3 [0x83] Quadro RTX 5000
#  Rank 56 Group  0 Pid  29601 on   c198-102 device  0 [0x02] Quadro RTX 5000
#  Rank 57 Group  0 Pid  29602 on   c198-102 device  1 [0x03] Quadro RTX 5000
#  Rank 58 Group  0 Pid  29603 on   c198-102 device  2 [0x82] Quadro RTX 5000
#  Rank 59 Group  0 Pid  29604 on   c198-102 device  3 [0x83] Quadro RTX 5000
#  Rank 60 Group  0 Pid  27302 on   c198-111 device  0 [0x02] Quadro RTX 5000
#  Rank 61 Group  0 Pid  27303 on   c198-111 device  1 [0x03] Quadro RTX 5000
#  Rank 62 Group  0 Pid  27304 on   c198-111 device  2 [0x82] Quadro RTX 5000
#  Rank 63 Group  0 Pid  27305 on   c198-111 device  3 [0x83] Quadro RTX 5000
c196-061:6175:6175 [0] NCCL INFO Bootstrap : Using ib0:192.168.44.111<0>
c196-061:6175:6175 [0] NCCL INFO NET/Plugin : No plugin found (libnccl-net.so), using internal implementation
c196-061:6175:6175 [0] NCCL INFO NET/IB : Using [0]mlx4_0:1/IB [RO]; OOB ib0:192.168.44.111<0>
c196-061:6175:6175 [0] NCCL INFO Using network IB
NCCL version 2.12.12.MSCCL.0.7.4+cuda11.3
c196-061:6178:6178 [3] NCCL INFO Bootstrap : Using ib0:192.168.44.111<0>
c196-061:6178:6178 [3] NCCL INFO NET/Plugin : No plugin found (libnccl-net.so), using internal implementation
c196-061:6178:6178 [3] NCCL INFO NET/IB : Using [0]mlx4_0:1/IB [RO]; OOB ib0:192.168.44.111<0>
c196-061:6178:6178 [3] NCCL INFO Using network IB
c196-061:6177:6177 [2] NCCL INFO Bootstrap : Using ib0:192.168.44.111<0>
c196-061:6177:6177 [2] NCCL INFO NET/Plugin : No plugin found (libnccl-net.so), using internal implementation
c196-061:6177:6177 [2] NCCL INFO NET/IB : Using [0]mlx4_0:1/IB [RO]; OOB ib0:192.168.44.111<0>
c196-061:6177:6177 [2] NCCL INFO Using network IB
c197-012:23718:23718 [0] NCCL INFO Bootstrap : Using ib0:192.168.44.124<0>
c197-012:23718:23718 [0] NCCL INFO NET/Plugin : No plugin found (libnccl-net.so), using internal implementation
c196-061:6176:6176 [1] NCCL INFO Bootstrap : Using ib0:192.168.44.111<0>
c196-061:6176:6176 [1] NCCL INFO NET/Plugin : No plugin found (libnccl-net.so), using internal implementation
c197-012:23718:23718 [0] NCCL INFO NET/IB : Using [0]mlx4_0:1/IB [RO]; OOB ib0:192.168.44.124<0>
c197-012:23718:23718 [0] NCCL INFO Using network IB
c196-061:6176:6176 [1] NCCL INFO NET/IB : Using [0]mlx4_0:1/IB [RO]; OOB ib0:192.168.44.111<0>
c196-061:6176:6176 [1] NCCL INFO Using network IB
c197-012:23719:23719 [1] NCCL INFO Bootstrap : Using ib0:192.168.44.124<0>
c197-012:23721:23721 [3] NCCL INFO Bootstrap : Using ib0:192.168.44.124<0>
c197-012:23719:23719 [1] NCCL INFO NET/Plugin : No plugin found (libnccl-net.so), using internal implementation
c197-012:23721:23721 [3] NCCL INFO NET/Plugin : No plugin found (libnccl-net.so), using internal implementation
c197-012:23720:23720 [2] NCCL INFO Bootstrap : Using ib0:192.168.44.124<0>
c197-012:23720:23720 [2] NCCL INFO NET/Plugin : No plugin found (libnccl-net.so), using internal implementation
c197-012:23719:23719 [1] NCCL INFO NET/IB : Using [0]mlx4_0:1/IB [RO]; OOB ib0:192.168.44.124<0>
c197-012:23719:23719 [1] NCCL INFO Using network IB
c197-012:23721:23721 [3] NCCL INFO NET/IB : Using [0]mlx4_0:1/IB [RO]; OOB ib0:192.168.44.124<0>
c197-012:23721:23721 [3] NCCL INFO Using network IB
c197-012:23720:23720 [2] NCCL INFO NET/IB : Using [0]mlx4_0:1/IB [RO]; OOB ib0:192.168.44.124<0>
c197-012:23720:23720 [2] NCCL INFO Using network IB
c197-042:22545:22545 [3] NCCL INFO Bootstrap : Using ib0:192.168.44.130<0>
c197-042:22544:22544 [2] NCCL INFO Bootstrap : Using ib0:192.168.44.130<0>
c198-101:27916:27916 [2] NCCL INFO Bootstrap : Using ib0:192.168.44.163<0>
c197-042:22544:22544 [2] NCCL INFO NET/Plugin : No plugin found (libnccl-net.so), using internal implementation
c197-042:22545:22545 [3] NCCL INFO NET/Plugin : No plugin found (libnccl-net.so), using internal implementation
c198-101:27916:27916 [2] NCCL INFO NET/Plugin : No plugin found (libnccl-net.so), using internal implementation
c198-101:27917:27917 [3] NCCL INFO Bootstrap : Using ib0:192.168.44.163<0>
c198-101:27917:27917 [3] NCCL INFO NET/Plugin : No plugin found (libnccl-net.so), using internal implementation
c198-101:27917:27917 [3] NCCL INFO NET/IB : Using [0]mlx4_0:1/IB [RO]; OOB ib0:192.168.44.163<0>
c198-101:27917:27917 [3] NCCL INFO Using network IB
c198-101:27916:27916 [2] NCCL INFO NET/IB : Using [0]mlx4_0:1/IB [RO]; OOB ib0:192.168.44.163<0>
c198-101:27916:27916 [2] NCCL INFO Using network IB
c198-031:28862:28862 [0] NCCL INFO Bootstrap : Using ib0:192.168.44.149<0>
c197-032:18763:18763 [3] NCCL INFO Bootstrap : Using ib0:192.168.44.128<0>
c198-031:28862:28862 [0] NCCL INFO NET/Plugin : No plugin found (libnccl-net.so), using internal implementation
c197-032:18763:18763 [3] NCCL INFO NET/Plugin : No plugin found (libnccl-net.so), using internal implementation
c197-042:22542:22542 [0] NCCL INFO Bootstrap : Using ib0:192.168.44.130<0>
c197-042:22543:22543 [1] NCCL INFO Bootstrap : Using ib0:192.168.44.130<0>
c197-042:22542:22542 [0] NCCL INFO NET/Plugin : No plugin found (libnccl-net.so), using internal implementation
c198-031:28862:28862 [0] NCCL INFO NET/IB : Using [0]mlx4_0:1/IB [RO]; OOB ib0:192.168.44.149<0>
c198-031:28862:28862 [0] NCCL INFO Using network IB
c197-042:22543:22543 [1] NCCL INFO NET/Plugin : No plugin found (libnccl-net.so), using internal implementation
c197-032:18763:18763 [3] NCCL INFO NET/IB : Using [0]mlx4_0:1/IB [RO]; OOB ib0:192.168.44.128<0>
c197-032:18763:18763 [3] NCCL INFO Using network IB
c197-042:22545:22545 [3] NCCL INFO NET/IB : Using [0]mlx4_0:1/IB [RO]; OOB ib0:192.168.44.130<0>
c197-042:22545:22545 [3] NCCL INFO Using network IB
c197-032:18762:18762 [2] NCCL INFO Bootstrap : Using ib0:192.168.44.128<0>
c197-031:9751:9751 [3] NCCL INFO Bootstrap : Using ib0:192.168.44.127<0>
c197-042:22544:22544 [2] NCCL INFO NET/IB : Using [0]mlx4_0:1/IB [RO]; OOB ib0:192.168.44.130<0>
c197-042:22544:22544 [2] NCCL INFO Using network IB
c197-032:18762:18762 [2] NCCL INFO NET/Plugin : No plugin found (libnccl-net.so), using internal implementation
c197-031:9751:9751 [3] NCCL INFO NET/Plugin : No plugin found (libnccl-net.so), using internal implementation
c197-022:8345:8345 [3] NCCL INFO Bootstrap : Using ib0:192.168.44.126<0>
c197-022:8345:8345 [3] NCCL INFO NET/Plugin : No plugin found (libnccl-net.so), using internal implementation
c197-032:18762:18762 [2] NCCL INFO NET/IB : Using [0]mlx4_0:1/IB [RO]; OOB ib0:192.168.44.128<0>
c197-032:18762:18762 [2] NCCL INFO Using network IB
c197-042:22543:22543 [1] NCCL INFO NET/IB : Using [0]mlx4_0:1/IB [RO]; OOB ib0:192.168.44.130<0>
c197-042:22543:22543 [1] NCCL INFO Using network IB
c197-042:22542:22542 [0] NCCL INFO NET/IB : Using [0]mlx4_0:1/IB [RO]; OOB ib0:192.168.44.130<0>
c197-042:22542:22542 [0] NCCL INFO Using network IB
c197-022:8345:8345 [3] NCCL INFO NET/IB : Using [0]mlx4_0:1/IB [RO]; OOB ib0:192.168.44.126<0>
c197-022:8345:8345 [3] NCCL INFO Using network IB
c197-022:8344:8344 [2] NCCL INFO Bootstrap : Using ib0:192.168.44.126<0>
c197-031:9751:9751 [3] NCCL INFO NET/IB : Using [0]mlx4_0:1/IB [RO]; OOB ib0:192.168.44.127<0>
c197-031:9751:9751 [3] NCCL INFO Using network IB
c197-022:8344:8344 [2] NCCL INFO NET/Plugin : No plugin found (libnccl-net.so), using internal implementation
c197-031:9750:9750 [2] NCCL INFO Bootstrap : Using ib0:192.168.44.127<0>
c197-031:9750:9750 [2] NCCL INFO NET/Plugin : No plugin found (libnccl-net.so), using internal implementation
c197-022:8344:8344 [2] NCCL INFO NET/IB : Using [0]mlx4_0:1/IB [RO]; OOB ib0:192.168.44.126<0>
c197-022:8344:8344 [2] NCCL INFO Using network IB
c198-101:27914:27914 [0] NCCL INFO Bootstrap : Using ib0:192.168.44.163<0>
c198-101:27915:27915 [1] NCCL INFO Bootstrap : Using ib0:192.168.44.163<0>
c197-031:9750:9750 [2] NCCL INFO NET/IB : Using [0]mlx4_0:1/IB [RO]; OOB ib0:192.168.44.127<0>
c197-031:9750:9750 [2] NCCL INFO Using network IB
c198-101:27914:27914 [0] NCCL INFO NET/Plugin : No plugin found (libnccl-net.so), using internal implementation
c198-101:27915:27915 [1] NCCL INFO NET/Plugin : No plugin found (libnccl-net.so), using internal implementation
c197-031:9748:9748 [0] NCCL INFO Bootstrap : Using ib0:192.168.44.127<0>
c197-031:9748:9748 [0] NCCL INFO NET/Plugin : No plugin found (libnccl-net.so), using internal implementation
c197-031:9748:9748 [0] NCCL INFO NET/IB : Using [0]mlx4_0:1/IB [RO]; OOB ib0:192.168.44.127<0>
c197-031:9748:9748 [0] NCCL INFO Using network IB
c197-032:18761:18761 [1] NCCL INFO Bootstrap : Using ib0:192.168.44.128<0>
c197-032:18760:18760 [0] NCCL INFO Bootstrap : Using ib0:192.168.44.128<0>
c197-041:12526:12526 [3] NCCL INFO Bootstrap : Using ib0:192.168.44.129<0>
c197-032:18760:18760 [0] NCCL INFO NET/Plugin : No plugin found (libnccl-net.so), using internal implementation
c198-012:32602:32602 [2] NCCL INFO Bootstrap : Using ib0:192.168.44.146<0>
c197-032:18761:18761 [1] NCCL INFO NET/Plugin : No plugin found (libnccl-net.so), using internal implementation
c197-041:12526:12526 [3] NCCL INFO NET/Plugin : No plugin found (libnccl-net.so), using internal implementation
c198-012:32603:32603 [3] NCCL INFO Bootstrap : Using ib0:192.168.44.146<0>
c198-101:27914:27914 [0] NCCL INFO NET/IB : Using [0]mlx4_0:1/IB [RO]; OOB ib0:192.168.44.163<0>
c198-101:27914:27914 [0] NCCL INFO Using network IB
c198-012:32602:32602 [2] NCCL INFO NET/Plugin : No plugin found (libnccl-net.so), using internal implementation
c198-101:27915:27915 [1] NCCL INFO NET/IB : Using [0]mlx4_0:1/IB [RO]; OOB ib0:192.168.44.163<0>
c198-101:27915:27915 [1] NCCL INFO Using network IB
c198-012:32603:32603 [3] NCCL INFO NET/Plugin : No plugin found (libnccl-net.so), using internal implementation
c197-031:9749:9749 [1] NCCL INFO Bootstrap : Using ib0:192.168.44.127<0>
c197-031:9749:9749 [1] NCCL INFO NET/Plugin : No plugin found (libnccl-net.so), using internal implementation
c197-041:12525:12525 [2] NCCL INFO Bootstrap : Using ib0:192.168.44.129<0>
c197-031:9749:9749 [1] NCCL INFO NET/IB : Using [0]mlx4_0:1/IB [RO]; OOB ib0:192.168.44.127<0>
c197-031:9749:9749 [1] NCCL INFO Using network IB
c197-041:12525:12525 [2] NCCL INFO NET/Plugin : No plugin found (libnccl-net.so), using internal implementation
c198-102:29603:29603 [2] NCCL INFO Bootstrap : Using ib0:192.168.44.164<0>
c198-102:29604:29604 [3] NCCL INFO Bootstrap : Using ib0:192.168.44.164<0>
c197-041:12526:12526 [3] NCCL INFO NET/IB : Using [0]mlx4_0:1/IB [RO]; OOB ib0:192.168.44.129<0>
c197-041:12526:12526 [3] NCCL INFO Using network IB
c197-032:18761:18761 [1] NCCL INFO NET/IB : Using [0]mlx4_0:1/IB [RO]; OOB ib0:192.168.44.128<0>
c197-032:18761:18761 [1] NCCL INFO Using network IB
c198-102:29603:29603 [2] NCCL INFO NET/Plugin : No plugin found (libnccl-net.so), using internal implementation
c198-102:29604:29604 [3] NCCL INFO NET/Plugin : No plugin found (libnccl-net.so), using internal implementation
c197-032:18760:18760 [0] NCCL INFO NET/IB : Using [0]mlx4_0:1/IB [RO]; OOB ib0:192.168.44.128<0>
c197-032:18760:18760 [0] NCCL INFO Using network IB
c197-041:12525:12525 [2] NCCL INFO NET/IB : Using [0]mlx4_0:1/IB [RO]; OOB ib0:192.168.44.129<0>
c197-041:12525:12525 [2] NCCL INFO Using network IB
c198-012:32600:32600 [0] NCCL INFO Bootstrap : Using ib0:192.168.44.146<0>
c198-111:27304:27304 [2] NCCL INFO Bootstrap : Using ib0:192.168.44.165<0>
c198-111:27305:27305 [3] NCCL INFO Bootstrap : Using ib0:192.168.44.165<0>
c198-012:32601:32601 [1] NCCL INFO Bootstrap : Using ib0:192.168.44.146<0>
c198-012:32600:32600 [0] NCCL INFO NET/Plugin : No plugin found (libnccl-net.so), using internal implementation
c198-111:27304:27304 [2] NCCL INFO NET/Plugin : No plugin found (libnccl-net.so), using internal implementation
c198-111:27305:27305 [3] NCCL INFO NET/Plugin : No plugin found (libnccl-net.so), using internal implementation
c198-012:32601:32601 [1] NCCL INFO NET/Plugin : No plugin found (libnccl-net.so), using internal implementation
c198-012:32602:32602 [2] NCCL INFO NET/IB : Using [0]mlx4_0:1/IB [RO]; OOB ib0:192.168.44.146<0>
c198-012:32602:32602 [2] NCCL INFO Using network IB
c198-012:32603:32603 [3] NCCL INFO NET/IB : Using [0]mlx4_0:1/IB [RO]; OOB ib0:192.168.44.146<0>
c198-012:32603:32603 [3] NCCL INFO Using network IB
c198-012:32601:32601 [1] NCCL INFO NET/IB : Using [0]mlx4_0:1/IB [RO]; OOB ib0:192.168.44.146<0>
c198-012:32601:32601 [1] NCCL INFO Using network IB
c198-012:32600:32600 [0] NCCL INFO NET/IB : Using [0]mlx4_0:1/IB [RO]; OOB ib0:192.168.44.146<0>
c198-012:32600:32600 [0] NCCL INFO Using network IB
c197-022:8342:8342 [0] NCCL INFO Bootstrap : Using ib0:192.168.44.126<0>
c197-022:8343:8343 [1] NCCL INFO Bootstrap : Using ib0:192.168.44.126<0>
c198-102:29603:29603 [2] NCCL INFO NET/IB : Using [0]mlx4_0:1/IB [RO]; OOB ib0:192.168.44.164<0>
c198-102:29603:29603 [2] NCCL INFO Using network IB
c198-102:29604:29604 [3] NCCL INFO NET/IB : Using [0]mlx4_0:1/IB [RO]; OOB ib0:192.168.44.164<0>
c198-102:29604:29604 [3] NCCL INFO Using network IB
c197-022:8342:8342 [0] NCCL INFO NET/Plugin : No plugin found (libnccl-net.so), using internal implementation
c197-022:8343:8343 [1] NCCL INFO NET/Plugin : No plugin found (libnccl-net.so), using internal implementation
c198-111:27305:27305 [3] NCCL INFO NET/IB : Using [0]mlx4_0:1/IB [RO]; OOB ib0:192.168.44.165<0>
c198-111:27305:27305 [3] NCCL INFO Using network IB
c198-111:27304:27304 [2] NCCL INFO NET/IB : Using [0]mlx4_0:1/IB [RO]; OOB ib0:192.168.44.165<0>
c198-111:27304:27304 [2] NCCL INFO Using network IB
c197-022:8343:8343 [1] NCCL INFO NET/IB : Using [0]mlx4_0:1/IB [RO]; OOB ib0:192.168.44.126<0>
c197-022:8343:8343 [1] NCCL INFO Using network IB
c197-022:8342:8342 [0] NCCL INFO NET/IB : Using [0]mlx4_0:1/IB [RO]; OOB ib0:192.168.44.126<0>
c197-022:8342:8342 [0] NCCL INFO Using network IB
c197-021:25419:25419 [2] NCCL INFO Bootstrap : Using ib0:192.168.44.125<0>
c197-021:25419:25419 [2] NCCL INFO NET/Plugin : No plugin found (libnccl-net.so), using internal implementation
c198-102:29602:29602 [1] NCCL INFO Bootstrap : Using ib0:192.168.44.164<0>
c197-021:25419:25419 [2] NCCL INFO NET/IB : Using [0]mlx4_0:1/IB [RO]; OOB ib0:192.168.44.125<0>
c197-021:25419:25419 [2] NCCL INFO Using network IB
c198-102:29602:29602 [1] NCCL INFO NET/Plugin : No plugin found (libnccl-net.so), using internal implementation
c198-022:18656:18656 [2] NCCL INFO Bootstrap : Using ib0:192.168.44.148<0>
c198-022:18657:18657 [3] NCCL INFO Bootstrap : Using ib0:192.168.44.148<0>
c198-022:18656:18656 [2] NCCL INFO NET/Plugin : No plugin found (libnccl-net.so), using internal implementation
c198-102:29602:29602 [1] NCCL INFO NET/IB : Using [0]mlx4_0:1/IB [RO]; OOB ib0:192.168.44.164<0>
c198-102:29602:29602 [1] NCCL INFO Using network IB
c198-022:18657:18657 [3] NCCL INFO NET/Plugin : No plugin found (libnccl-net.so), using internal implementation
c197-041:12523:12523 [0] NCCL INFO Bootstrap : Using ib0:192.168.44.129<0>
c197-041:12524:12524 [1] NCCL INFO Bootstrap : Using ib0:192.168.44.129<0>
c197-041:12523:12523 [0] NCCL INFO NET/Plugin : No plugin found (libnccl-net.so), using internal implementation
c197-041:12524:12524 [1] NCCL INFO NET/Plugin : No plugin found (libnccl-net.so), using internal implementation
c198-111:27303:27303 [1] NCCL INFO Bootstrap : Using ib0:192.168.44.165<0>
c198-111:27302:27302 [0] NCCL INFO Bootstrap : Using ib0:192.168.44.165<0>
c198-111:27302:27302 [0] NCCL INFO NET/Plugin : No plugin found (libnccl-net.so), using internal implementation
c198-111:27303:27303 [1] NCCL INFO NET/Plugin : No plugin found (libnccl-net.so), using internal implementation
c198-031:28864:28864 [2] NCCL INFO Bootstrap : Using ib0:192.168.44.149<0>
c198-031:28864:28864 [2] NCCL INFO NET/Plugin : No plugin found (libnccl-net.so), using internal implementation
c198-102:29601:29601 [0] NCCL INFO Bootstrap : Using ib0:192.168.44.164<0>
c198-102:29601:29601 [0] NCCL INFO NET/Plugin : No plugin found (libnccl-net.so), using internal implementation
c198-022:18656:18656 [2] NCCL INFO NET/IB : Using [0]mlx4_0:1/IB [RO]; OOB ib0:192.168.44.148<0>
c198-022:18656:18656 [2] NCCL INFO Using network IB
c198-022:18657:18657 [3] NCCL INFO NET/IB : Using [0]mlx4_0:1/IB [RO]; OOB ib0:192.168.44.148<0>
c198-022:18657:18657 [3] NCCL INFO Using network IB
c198-031:28864:28864 [2] NCCL INFO NET/IB : Using [0]mlx4_0:1/IB [RO]; OOB ib0:192.168.44.149<0>
c198-031:28864:28864 [2] NCCL INFO Using network IB
c198-102:29601:29601 [0] NCCL INFO NET/IB : Using [0]mlx4_0:1/IB [RO]; OOB ib0:192.168.44.164<0>
c198-102:29601:29601 [0] NCCL INFO Using network IB
c198-022:18655:18655 [1] NCCL INFO Bootstrap : Using ib0:192.168.44.148<0>
c197-021:25420:25420 [3] NCCL INFO Bootstrap : Using ib0:192.168.44.125<0>
c198-022:18655:18655 [1] NCCL INFO NET/Plugin : No plugin found (libnccl-net.so), using internal implementation
c197-021:25420:25420 [3] NCCL INFO NET/Plugin : No plugin found (libnccl-net.so), using internal implementation
c197-041:12524:12524 [1] NCCL INFO NET/IB : Using [0]mlx4_0:1/IB [RO]; OOB ib0:192.168.44.129<0>
c197-041:12524:12524 [1] NCCL INFO Using network IB
c197-041:12523:12523 [0] NCCL INFO NET/IB : Using [0]mlx4_0:1/IB [RO]; OOB ib0:192.168.44.129<0>
c197-041:12523:12523 [0] NCCL INFO Using network IB
c198-111:27303:27303 [1] NCCL INFO NET/IB : Using [0]mlx4_0:1/IB [RO]; OOB ib0:192.168.44.165<0>
c198-111:27303:27303 [1] NCCL INFO Using network IB
c198-111:27302:27302 [0] NCCL INFO NET/IB : Using [0]mlx4_0:1/IB [RO]; OOB ib0:192.168.44.165<0>
c198-111:27302:27302 [0] NCCL INFO Using network IB
c197-021:25420:25420 [3] NCCL INFO NET/IB : Using [0]mlx4_0:1/IB [RO]; OOB ib0:192.168.44.125<0>
c197-021:25420:25420 [3] NCCL INFO Using network IB
c198-022:18654:18654 [0] NCCL INFO Bootstrap : Using ib0:192.168.44.148<0>
c198-022:18654:18654 [0] NCCL INFO NET/Plugin : No plugin found (libnccl-net.so), using internal implementation
c198-022:18655:18655 [1] NCCL INFO NET/IB : Using [0]mlx4_0:1/IB [RO]; OOB ib0:192.168.44.148<0>
c198-022:18655:18655 [1] NCCL INFO Using network IB
c196-062:16417:16417 [3] NCCL INFO Bootstrap : Using ib0:192.168.44.112<0>
c198-031:28865:28865 [3] NCCL INFO Bootstrap : Using ib0:192.168.44.149<0>
c196-062:16417:16417 [3] NCCL INFO NET/Plugin : No plugin found (libnccl-net.so), using internal implementation
c198-022:18654:18654 [0] NCCL INFO NET/IB : Using [0]mlx4_0:1/IB [RO]; OOB ib0:192.168.44.148<0>
c198-022:18654:18654 [0] NCCL INFO Using network IB
c198-031:28865:28865 [3] NCCL INFO NET/Plugin : No plugin found (libnccl-net.so), using internal implementation
c197-021:25417:25417 [0] NCCL INFO Bootstrap : Using ib0:192.168.44.125<0>
c197-021:25418:25418 [1] NCCL INFO Bootstrap : Using ib0:192.168.44.125<0>
c197-021:25417:25417 [0] NCCL INFO NET/Plugin : No plugin found (libnccl-net.so), using internal implementation
c197-021:25418:25418 [1] NCCL INFO NET/Plugin : No plugin found (libnccl-net.so), using internal implementation
c198-021:18852:18852 [0] NCCL INFO Bootstrap : Using ib0:192.168.44.147<0>
c198-021:18853:18853 [1] NCCL INFO Bootstrap : Using ib0:192.168.44.147<0>
c198-021:18855:18855 [3] NCCL INFO Bootstrap : Using ib0:192.168.44.147<0>
c198-021:18854:18854 [2] NCCL INFO Bootstrap : Using ib0:192.168.44.147<0>
c198-021:18852:18852 [0] NCCL INFO NET/Plugin : No plugin found (libnccl-net.so), using internal implementation
c196-062:16417:16417 [3] NCCL INFO NET/IB : Using [0]mlx4_0:1/IB [RO]; OOB ib0:192.168.44.112<0>
c196-062:16417:16417 [3] NCCL INFO Using network IB
c198-021:18853:18853 [1] NCCL INFO NET/Plugin : No plugin found (libnccl-net.so), using internal implementation
c198-021:18854:18854 [2] NCCL INFO NET/Plugin : No plugin found (libnccl-net.so), using internal implementation
c198-021:18855:18855 [3] NCCL INFO NET/Plugin : No plugin found (libnccl-net.so), using internal implementation
c198-031:28863:28863 [1] NCCL INFO Bootstrap : Using ib0:192.168.44.149<0>
c198-031:28863:28863 [1] NCCL INFO NET/Plugin : No plugin found (libnccl-net.so), using internal implementation
c198-031:28865:28865 [3] NCCL INFO NET/IB : Using [0]mlx4_0:1/IB [RO]; OOB ib0:192.168.44.149<0>
c198-031:28865:28865 [3] NCCL INFO Using network IB
c197-021:25417:25417 [0] NCCL INFO NET/IB : Using [0]mlx4_0:1/IB [RO]; OOB ib0:192.168.44.125<0>
c197-021:25417:25417 [0] NCCL INFO Using network IB
c197-021:25418:25418 [1] NCCL INFO NET/IB : Using [0]mlx4_0:1/IB [RO]; OOB ib0:192.168.44.125<0>
c197-021:25418:25418 [1] NCCL INFO Using network IB
c198-031:28863:28863 [1] NCCL INFO NET/IB : Using [0]mlx4_0:1/IB [RO]; OOB ib0:192.168.44.149<0>
c198-031:28863:28863 [1] NCCL INFO Using network IB
c196-062:16416:16416 [2] NCCL INFO Bootstrap : Using ib0:192.168.44.112<0>
c196-062:16416:16416 [2] NCCL INFO NET/Plugin : No plugin found (libnccl-net.so), using internal implementation
c196-062:16416:16416 [2] NCCL INFO NET/IB : Using [0]mlx4_0:1/IB [RO]; OOB ib0:192.168.44.112<0>
c196-062:16416:16416 [2] NCCL INFO Using network IB
c198-021:18853:18853 [1] NCCL INFO NET/IB : Using [0]mlx4_0:1/IB [RO]; OOB ib0:192.168.44.147<0>
c198-021:18853:18853 [1] NCCL INFO Using network IB
c198-021:18855:18855 [3] NCCL INFO NET/IB : Using [0]mlx4_0:1/IB [RO]; OOB ib0:192.168.44.147<0>
c198-021:18855:18855 [3] NCCL INFO Using network IB
c198-021:18852:18852 [0] NCCL INFO NET/IB : Using [0]mlx4_0:1/IB [RO]; OOB ib0:192.168.44.147<0>
c198-021:18852:18852 [0] NCCL INFO Using network IB
c198-021:18854:18854 [2] NCCL INFO NET/IB : Using [0]mlx4_0:1/IB [RO]; OOB ib0:192.168.44.147<0>
c198-021:18854:18854 [2] NCCL INFO Using network IB
c196-062:16414:16414 [0] NCCL INFO Bootstrap : Using ib0:192.168.44.112<0>
c196-062:16415:16415 [1] NCCL INFO Bootstrap : Using ib0:192.168.44.112<0>
c196-062:16414:16414 [0] NCCL INFO NET/Plugin : No plugin found (libnccl-net.so), using internal implementation
c196-062:16415:16415 [1] NCCL INFO NET/Plugin : No plugin found (libnccl-net.so), using internal implementation
c196-062:16414:16414 [0] NCCL INFO NET/IB : Using [0]mlx4_0:1/IB [RO]; OOB ib0:192.168.44.112<0>
c196-062:16414:16414 [0] NCCL INFO Using network IB
c196-062:16415:16415 [1] NCCL INFO NET/IB : Using [0]mlx4_0:1/IB [RO]; OOB ib0:192.168.44.112<0>
c196-062:16415:16415 [1] NCCL INFO Using network IB
c196-061:6175:6208 [0] NCCL INFO Setting affinity for GPU 0 to 0f000f
c196-061:6178:6213 [3] NCCL INFO Setting affinity for GPU 3 to f000f000
c197-012:23721:23756 [3] NCCL INFO Setting affinity for GPU 3 to f000f000
c197-031:9748:9786 [0] NCCL INFO Setting affinity for GPU 0 to 0f000f
c197-031:9751:9782 [3] NCCL INFO Setting affinity for GPU 3 to f000f000
c197-041:12526:12558 [3] NCCL INFO Setting affinity for GPU 3 to f000f000
c196-061:6176:6217 [1] NCCL INFO Setting affinity for GPU 1 to f000f0
c197-012:23718:23752 [0] NCCL INFO Setting affinity for GPU 0 to 0f000f
c197-042:22545:22577 [3] NCCL INFO Setting affinity for GPU 3 to f000f000
c197-012:23719:23754 [1] NCCL INFO Setting affinity for GPU 1 to f000f0
c198-102:29604:29637 [3] NCCL INFO Setting affinity for GPU 3 to f000f000
c197-012:23720:23758 [2] NCCL INFO Setting affinity for GPU 2 to 0f000f00
c198-111:27305:27337 [3] NCCL INFO Setting affinity for GPU 3 to f000f000
c197-041:12523:12564 [0] NCCL INFO Setting affinity for GPU 0 to 0f000f
c197-021:25420:25453 [3] NCCL INFO Setting affinity for GPU 3 to f000f000
c197-032:18763:18794 [3] NCCL INFO Setting affinity for GPU 3 to f000f000
c196-061:6177:6215 [2] NCCL INFO Setting affinity for GPU 2 to 0f000f00
c197-042:22542:22582 [0] NCCL INFO Setting affinity for GPU 0 to 0f000f
c198-022:18657:18690 [3] NCCL INFO Setting affinity for GPU 3 to f000f000
c197-041:12525:12560 [2] NCCL INFO Setting affinity for GPU 2 to 0f000f00
c197-042:22544:22578 [2] NCCL INFO Setting affinity for GPU 2 to 0f000f00
c197-041:12524:12563 [1] NCCL INFO Setting affinity for GPU 1 to f000f0
c197-022:8345:8377 [3] NCCL INFO Setting affinity for GPU 3 to f000f000
c198-021:18855:18889 [3] NCCL INFO Setting affinity for GPU 3 to f000f000
c198-102:29601:29641 [0] NCCL INFO Setting affinity for GPU 0 to 0f000f
c197-042:22543:22581 [1] NCCL INFO Setting affinity for GPU 1 to f000f0
c197-021:25417:25456 [0] NCCL INFO Setting affinity for GPU 0 to 0f000f
c198-102:29602:29639 [1] NCCL INFO Setting affinity for GPU 1 to f000f0
c197-032:18760:18799 [0] NCCL INFO Setting affinity for GPU 0 to 0f000f
c197-031:9750:9784 [2] NCCL INFO Setting affinity for GPU 2 to 0f000f00
c198-102:29603:29636 [2] NCCL INFO Setting affinity for GPU 2 to 0f000f00
c198-022:18654:18694 [0] NCCL INFO Setting affinity for GPU 0 to 0f000f
c197-032:18761:18800 [1] NCCL INFO Setting affinity for GPU 1 to f000f0
c198-111:27302:27342 [0] NCCL INFO Setting affinity for GPU 0 to 0f000f
c197-021:25418:25457 [1] NCCL INFO Setting affinity for GPU 1 to f000f0
c198-022:18655:18692 [1] NCCL INFO Setting affinity for GPU 1 to f000f0
c197-021:25419:25451 [2] NCCL INFO Setting affinity for GPU 2 to 0f000f00
c197-032:18762:18796 [2] NCCL INFO Setting affinity for GPU 2 to 0f000f00
c198-022:18656:18689 [2] NCCL INFO Setting affinity for GPU 2 to 0f000f00
c198-111:27303:27341 [1] NCCL INFO Setting affinity for GPU 1 to f000f0
c198-111:27304:27338 [2] NCCL INFO Setting affinity for GPU 2 to 0f000f00
c197-031:9749:9788 [1] NCCL INFO Setting affinity for GPU 1 to f000f0
c197-022:8342:8383 [0] NCCL INFO Setting affinity for GPU 0 to 0f000f
c197-022:8343:8382 [1] NCCL INFO Setting affinity for GPU 1 to f000f0
c198-101:27917:27949 [3] NCCL INFO Setting affinity for GPU 3 to f000f000
c197-022:8344:8379 [2] NCCL INFO Setting affinity for GPU 2 to 0f000f00
c198-021:18852:18891 [0] NCCL INFO Setting affinity for GPU 0 to 0f000f
c198-031:28865:28900 [3] NCCL INFO Setting affinity for GPU 3 to f000f000
c198-021:18853:18886 [1] NCCL INFO Setting affinity for GPU 1 to f000f0
c196-062:16417:16448 [3] NCCL INFO Setting affinity for GPU 3 to f000f000
c198-021:18854:18892 [2] NCCL INFO Setting affinity for GPU 2 to 0f000f00
c198-101:27914:27954 [0] NCCL INFO Setting affinity for GPU 0 to 0f000f
c198-101:27916:27951 [2] NCCL INFO Setting affinity for GPU 2 to 0f000f00
c198-031:28862:28896 [0] NCCL INFO Setting affinity for GPU 0 to 0f000f
c198-012:32603:32636 [3] NCCL INFO Setting affinity for GPU 3 to f000f000
c198-031:28863:28902 [1] NCCL INFO Setting affinity for GPU 1 to f000f0
c198-101:27915:27955 [1] NCCL INFO Setting affinity for GPU 1 to f000f0
c198-031:28864:28898 [2] NCCL INFO Setting affinity for GPU 2 to 0f000f00
c196-062:16414:16453 [0] NCCL INFO Setting affinity for GPU 0 to 0f000f
c196-062:16415:16454 [1] NCCL INFO Setting affinity for GPU 1 to f000f0
c196-062:16416:16450 [2] NCCL INFO Setting affinity for GPU 2 to 0f000f00
c198-012:32600:32640 [0] NCCL INFO Setting affinity for GPU 0 to 0f000f
c198-012:32602:32635 [2] NCCL INFO Setting affinity for GPU 2 to 0f000f00
c198-012:32601:32639 [1] NCCL INFO Setting affinity for GPU 1 to f000f0
c198-012:32600:32640 [0] NCCL INFO Trees [0] 37/-1/-1->36->41 [1] 37/32/-1->36->44
c197-042:22545:22577 [3] NCCL INFO Trees [0] -1/-1/-1->35->34 [1] -1/-1/-1->35->34
c197-042:22544:22578 [2] NCCL INFO Trees [0] 35/-1/-1->34->33 [1] 35/-1/-1->34->33
c197-042:22542:22582 [0] NCCL INFO Trees [0] 33/48/-1->32->0 [1] 33/-1/-1->32->36
c197-032:18762:18796 [2] NCCL INFO Trees [0] 27/-1/-1->26->25 [1] 27/-1/-1->26->25
c197-041:12526:12558 [3] NCCL INFO Trees [0] -1/-1/-1->31->30 [1] -1/-1/-1->31->30
c197-031:9750:9784 [2] NCCL INFO Trees [0] 23/-1/-1->22->21 [1] 23/-1/-1->22->21
c197-042:22543:22581 [1] NCCL INFO Trees [0] 34/16/-1->33->32 [1] 34/-1/-1->33->32
c197-032:18763:18794 [3] NCCL INFO Trees [0] -1/-1/-1->27->26 [1] -1/-1/-1->27->26
c197-041:12524:12563 [1] NCCL INFO Trees [0] 30/-1/-1->29->28 [1] 30/44/-1->29->28
c197-021:25420:25453 [3] NCCL INFO Trees [0] -1/-1/-1->15->14 [1] -1/-1/-1->15->14
c197-031:9751:9782 [3] NCCL INFO Trees [0] -1/-1/-1->23->22 [1] -1/-1/-1->23->22
c197-022:8345:8377 [3] NCCL INFO Trees [0] -1/-1/-1->19->18 [1] -1/-1/-1->19->18
c197-032:18761:18800 [1] NCCL INFO Trees [0] 26/20/-1->25->24 [1] 26/-1/-1->25->24
c197-041:12525:12560 [2] NCCL INFO Trees [0] 31/-1/-1->30->29 [1] 31/-1/-1->30->29
c197-012:23720:23758 [2] NCCL INFO Trees [0] 11/-1/-1->10->9 [1] 11/-1/-1->10->9
c196-062:16415:16454 [1] NCCL INFO Trees [0] 6/-1/-1->5->4 [1] 6/8/-1->5->4
c197-021:25419:25451 [2] NCCL INFO Trees [0] 15/-1/-1->14->13 [1] 15/-1/-1->14->13
c197-031:9748:9786 [0] NCCL INFO Trees [0] 21/-1/-1->20->25 [1] 21/16/-1->20->13
c197-022:8344:8379 [2] NCCL INFO Trees [0] 19/-1/-1->18->17 [1] 19/-1/-1->18->17
c197-032:18760:18799 [0] NCCL INFO Trees [0] 25/28/-1->24->16 [1] 25/-1/-1->24->21
c197-041:12523:12564 [0] NCCL INFO Trees [0] 29/-1/-1->28->24 [1] 29/12/-1->28->60
c198-012:32603:32636 [3] NCCL INFO Trees [0] -1/-1/-1->39->38 [1] -1/-1/-1->39->38
c198-021:18853:18886 [1] NCCL INFO Trees [0] 42/36/-1->41->40 [1] 42/-1/-1->41->40
c198-101:27914:27954 [0] NCCL INFO Trees [0] 53/-1/-1->52->57 [1] 53/48/-1->52->45
c198-022:18654:18694 [0] NCCL INFO Trees [0] 45/-1/-1->44->40 [1] 45/36/-1->44->29
c196-061:6178:6213 [3] NCCL INFO Trees [0] -1/-1/-1->3->2 [1] -1/-1/-1->3->2
c198-031:28865:28900 [3] NCCL INFO Trees [0] -1/-1/-1->51->50 [1] -1/-1/-1->51->50
c197-012:23721:23756 [3] NCCL INFO Trees [0] -1/-1/-1->11->10 [1] -1/-1/-1->11->10
c196-062:16416:16450 [2] NCCL INFO Trees [0] 7/-1/-1->6->5 [1] 7/-1/-1->6->5
c197-021:25418:25457 [1] NCCL INFO Trees [0] 14/-1/-1->13->12 [1] 14/20/-1->13->12
c197-031:9749:9788 [1] NCCL INFO Trees [0] 22/-1/-1->21->20 [1] 22/24/-1->21->20
c197-022:8343:8382 [1] NCCL INFO Trees [0] 18/8/-1->17->16 [1] 18/-1/-1->17->16
c198-012:32602:32635 [2] NCCL INFO Trees [0] 39/-1/-1->38->37 [1] 39/-1/-1->38->37
c198-021:18854:18892 [2] NCCL INFO Trees [0] 43/-1/-1->42->41 [1] 43/-1/-1->42->41
c198-101:27915:27955 [1] NCCL INFO Trees [0] 54/-1/-1->53->52 [1] 54/56/-1->53->52
c198-022:18657:18690 [3] NCCL INFO Trees [0] -1/-1/-1->47->46 [1] -1/-1/-1->47->46
c196-061:6175:6208 [0] NCCL INFO Channel 00/02 :    0   1   2   3   4   5   6   7   8   9  10  11  12  13  14  15  16  17  18  19
c196-061:6175:6208 [0] NCCL INFO Channel 01/02 :    0   1   2   3   4   5   6   7   8   9  10  11  12  13  14  15  16  17  18  19
c196-061:6175:6208 [0] NCCL INFO Trees [0] 1/32/-1->0->-1 [1] 1/-1/-1->0->4
c198-102:29604:29637 [3] NCCL INFO Trees [0] -1/-1/-1->59->58 [1] -1/-1/-1->59->58
c198-111:27305:27337 [3] NCCL INFO Trees [0] -1/-1/-1->63->62 [1] -1/-1/-1->63->62
c198-031:28864:28898 [2] NCCL INFO Trees [0] 51/-1/-1->50->49 [1] 51/-1/-1->50->49
c197-012:23718:23752 [0] NCCL INFO Trees [0] 9/12/-1->8->17 [1] 9/-1/-1->8->5
c196-062:16417:16448 [3] NCCL INFO Trees [0] -1/-1/-1->7->6 [1] -1/-1/-1->7->6
c197-021:25417:25456 [0] NCCL INFO Trees [0] 13/-1/-1->12->8 [1] 13/4/-1->12->28
c197-022:8342:8383 [0] NCCL INFO Trees [0] 17/24/-1->16->33 [1] 17/-1/-1->16->20
c198-012:32601:32639 [1] NCCL INFO Trees [0] 38/-1/-1->37->36 [1] 38/40/-1->37->36
c198-021:18855:18889 [3] NCCL INFO Trees [0] -1/-1/-1->43->42 [1] -1/-1/-1->43->42
c198-101:27916:27951 [2] NCCL INFO Trees [0] 55/-1/-1->54->53 [1] 55/-1/-1->54->53
c198-022:18656:18689 [2] NCCL INFO Trees [0] 47/-1/-1->46->45 [1] 47/-1/-1->46->45
c196-061:6176:6217 [1] NCCL INFO Trees [0] 2/-1/-1->1->0 [1] 2/-1/-1->1->0
c198-102:29601:29641 [0] NCCL INFO Trees [0] 57/60/-1->56->48 [1] 57/-1/-1->56->53
c198-111:27302:27342 [0] NCCL INFO Trees [0] 61/-1/-1->60->56 [1] 61/28/-1->60->-1
c198-031:28863:28902 [1] NCCL INFO Trees [0] 50/40/-1->49->48 [1] 50/-1/-1->49->48
c197-012:23719:23754 [1] NCCL INFO Trees [0] 10/4/-1->9->8 [1] 10/-1/-1->9->8
c196-062:16414:16453 [0] NCCL INFO Trees [0] 5/-1/-1->4->9 [1] 5/0/-1->4->12
c198-021:18852:18891 [0] NCCL INFO Trees [0] 41/44/-1->40->49 [1] 41/-1/-1->40->37
c198-101:27917:27949 [3] NCCL INFO Trees [0] -1/-1/-1->55->54 [1] -1/-1/-1->55->54
c198-022:18655:18692 [1] NCCL INFO Trees [0] 46/-1/-1->45->44 [1] 46/52/-1->45->44
c196-061:6177:6215 [2] NCCL INFO Trees [0] 3/-1/-1->2->1 [1] 3/-1/-1->2->1
c198-102:29602:29639 [1] NCCL INFO Trees [0] 58/52/-1->57->56 [1] 58/-1/-1->57->56
c198-111:27303:27341 [1] NCCL INFO Trees [0] 62/-1/-1->61->60 [1] 62/-1/-1->61->60
c198-031:28862:28896 [0] NCCL INFO Trees [0] 49/56/-1->48->32 [1] 49/-1/-1->48->52
c198-102:29603:29636 [2] NCCL INFO Trees [0] 59/-1/-1->58->57 [1] 59/-1/-1->58->57
c198-111:27304:27338 [2] NCCL INFO Trees [0] 63/-1/-1->62->61 [1] 63/-1/-1->62->61
c198-012:32600:32640 [0] NCCL INFO Channel 00/0 : 35[83000] -> 36[2000] [receive] via NET/IB/0
c197-042:22542:22582 [0] NCCL INFO Channel 00/0 : 31[83000] -> 32[2000] [receive] via NET/IB/0
c197-032:18760:18799 [0] NCCL INFO Channel 00/0 : 23[83000] -> 24[2000] [receive] via NET/IB/0
c197-012:23718:23752 [0] NCCL INFO Channel 00/0 : 7[83000] -> 8[2000] [receive] via NET/IB/0
c197-041:12523:12564 [0] NCCL INFO Channel 00/0 : 27[83000] -> 28[2000] [receive] via NET/IB/0
c198-101:27914:27954 [0] NCCL INFO Channel 00/0 : 51[83000] -> 52[2000] [receive] via NET/IB/0
c197-021:25417:25456 [0] NCCL INFO Channel 00/0 : 11[83000] -> 12[2000] [receive] via NET/IB/0
c198-111:27302:27342 [0] NCCL INFO Channel 00/0 : 59[83000] -> 60[2000] [receive] via NET/IB/0
c196-062:16414:16453 [0] NCCL INFO Channel 00/0 : 3[83000] -> 4[2000] [receive] via NET/IB/0
c198-022:18654:18694 [0] NCCL INFO Channel 00/0 : 43[83000] -> 44[2000] [receive] via NET/IB/0
c198-102:29601:29641 [0] NCCL INFO Channel 00/0 : 55[83000] -> 56[2000] [receive] via NET/IB/0
c198-031:28862:28896 [0] NCCL INFO Channel 00/0 : 47[83000] -> 48[2000] [receive] via NET/IB/0
c198-021:18852:18891 [0] NCCL INFO Channel 00/0 : 39[83000] -> 40[2000] [receive] via NET/IB/0
c197-022:8342:8383 [0] NCCL INFO Channel 00/0 : 15[83000] -> 16[2000] [receive] via NET/IB/0
c197-031:9748:9786 [0] NCCL INFO Channel 00/0 : 19[83000] -> 20[2000] [receive] via NET/IB/0
c196-061:6175:6208 [0] NCCL INFO Channel 00/0 : 63[83000] -> 0[2000] [receive] via NET/IB/0
c197-012:23720:23758 [2] NCCL INFO Channel 00 : 10[82000] -> 11[83000] via direct shared memory
c197-012:23720:23758 [2] NCCL INFO Channel 01 : 10[82000] -> 11[83000] via direct shared memory
c197-031:9750:9784 [2] NCCL INFO Channel 00 : 22[82000] -> 23[83000] via direct shared memory
c197-012:23719:23754 [1] NCCL INFO Channel 00 : 9[3000] -> 10[82000] via direct shared memory
c197-031:9750:9784 [2] NCCL INFO Channel 01 : 22[82000] -> 23[83000] via direct shared memory
c197-042:22544:22578 [2] NCCL INFO Channel 00 : 34[82000] -> 35[83000] via direct shared memory
c196-061:6176:6217 [1] NCCL INFO Channel 00 : 1[3000] -> 2[82000] via direct shared memory
c197-012:23719:23754 [1] NCCL INFO Channel 01 : 9[3000] -> 10[82000] via direct shared memory
c197-042:22543:22581 [1] NCCL INFO Channel 00 : 33[3000] -> 34[82000] via direct shared memory
c197-032:18762:18796 [2] NCCL INFO Channel 00 : 26[82000] -> 27[83000] via direct shared memory
c198-012:32602:32635 [2] NCCL INFO Channel 00 : 38[82000] -> 39[83000] via direct shared memory
c196-061:6176:6217 [1] NCCL INFO Channel 01 : 1[3000] -> 2[82000] via direct shared memory
c197-042:22544:22578 [2] NCCL INFO Channel 01 : 34[82000] -> 35[83000] via direct shared memory
c197-032:18761:18800 [1] NCCL INFO Channel 00 : 25[3000] -> 26[82000] via direct shared memory
c198-012:32602:32635 [2] NCCL INFO Channel 01 : 38[82000] -> 39[83000] via direct shared memory
c197-042:22543:22581 [1] NCCL INFO Channel 01 : 33[3000] -> 34[82000] via direct shared memory
c197-032:18762:18796 [2] NCCL INFO Channel 01 : 26[82000] -> 27[83000] via direct shared memory
c197-041:12525:12560 [2] NCCL INFO Channel 00 : 30[82000] -> 31[83000] via direct shared memory
c197-031:9749:9788 [1] NCCL INFO Channel 00 : 21[3000] -> 22[82000] via direct shared memory
c197-032:18761:18800 [1] NCCL INFO Channel 01 : 25[3000] -> 26[82000] via direct shared memory
c198-102:29603:29636 [2] NCCL INFO Channel 00 : 58[82000] -> 59[83000] via direct shared memory
c197-031:9749:9788 [1] NCCL INFO Channel 01 : 21[3000] -> 22[82000] via direct shared memory
c197-041:12525:12560 [2] NCCL INFO Channel 01 : 30[82000] -> 31[83000] via direct shared memory
c198-021:18854:18892 [2] NCCL INFO Channel 00 : 42[82000] -> 43[83000] via direct shared memory
c198-031:28864:28898 [2] NCCL INFO Channel 00 : 50[82000] -> 51[83000] via direct shared memory
c196-062:16416:16450 [2] NCCL INFO Channel 00 : 6[82000] -> 7[83000] via direct shared memory
c197-022:8344:8379 [2] NCCL INFO Channel 00 : 18[82000] -> 19[83000] via direct shared memory
c198-012:32601:32639 [1] NCCL INFO Channel 00 : 37[3000] -> 38[82000] via direct shared memory
c198-021:18854:18892 [2] NCCL INFO Channel 01 : 42[82000] -> 43[83000] via direct shared memory
c198-022:18656:18689 [2] NCCL INFO Channel 00 : 46[82000] -> 47[83000] via direct shared memory
c198-102:29603:29636 [2] NCCL INFO Channel 01 : 58[82000] -> 59[83000] via direct shared memory
c196-062:16415:16454 [1] NCCL INFO Channel 00 : 5[3000] -> 6[82000] via direct shared memory
c197-022:8343:8382 [1] NCCL INFO Channel 00 : 17[3000] -> 18[82000] via direct shared memory
c198-012:32601:32639 [1] NCCL INFO Channel 01 : 37[3000] -> 38[82000] via direct shared memory
c198-111:27304:27338 [2] NCCL INFO Channel 00 : 62[82000] -> 63[83000] via direct shared memory
c198-031:28864:28898 [2] NCCL INFO Channel 01 : 50[82000] -> 51[83000] via direct shared memory
c196-062:16416:16450 [2] NCCL INFO Channel 01 : 6[82000] -> 7[83000] via direct shared memory
c197-022:8344:8379 [2] NCCL INFO Channel 01 : 18[82000] -> 19[83000] via direct shared memory
c197-041:12524:12563 [1] NCCL INFO Channel 00 : 29[3000] -> 30[82000] via direct shared memory
c198-022:18656:18689 [2] NCCL INFO Channel 01 : 46[82000] -> 47[83000] via direct shared memory
c198-111:27303:27341 [1] NCCL INFO Channel 00 : 61[3000] -> 62[82000] via direct shared memory
c196-062:16415:16454 [1] NCCL INFO Channel 01 : 5[3000] -> 6[82000] via direct shared memory
c197-022:8343:8382 [1] NCCL INFO Channel 01 : 17[3000] -> 18[82000] via direct shared memory
c198-101:27916:27951 [2] NCCL INFO Channel 00 : 54[82000] -> 55[83000] via direct shared memory
c198-111:27304:27338 [2] NCCL INFO Channel 01 : 62[82000] -> 63[83000] via direct shared memory
c197-041:12524:12563 [1] NCCL INFO Channel 01 : 29[3000] -> 30[82000] via direct shared memory
c198-101:27915:27955 [1] NCCL INFO Channel 00 : 53[3000] -> 54[82000] via direct shared memory
c198-102:29602:29639 [1] NCCL INFO Channel 00 : 57[3000] -> 58[82000] via direct shared memory
c198-111:27303:27341 [1] NCCL INFO Channel 01 : 61[3000] -> 62[82000] via direct shared memory
c198-101:27916:27951 [2] NCCL INFO Channel 01 : 54[82000] -> 55[83000] via direct shared memory
c198-022:18655:18692 [1] NCCL INFO Channel 00 : 45[3000] -> 46[82000] via direct shared memory
c198-031:28863:28902 [1] NCCL INFO Channel 00 : 49[3000] -> 50[82000] via direct shared memory
c198-022:18655:18692 [1] NCCL INFO Channel 01 : 45[3000] -> 46[82000] via direct shared memory
c198-102:29602:29639 [1] NCCL INFO Channel 01 : 57[3000] -> 58[82000] via direct shared memory
c198-031:28863:28902 [1] NCCL INFO Channel 01 : 49[3000] -> 50[82000] via direct shared memory
c197-021:25419:25451 [2] NCCL INFO Channel 00 : 14[82000] -> 15[83000] via direct shared memory
c198-101:27915:27955 [1] NCCL INFO Channel 01 : 53[3000] -> 54[82000] via direct shared memory
c197-021:25418:25457 [1] NCCL INFO Channel 00 : 13[3000] -> 14[82000] via direct shared memory
c198-021:18853:18886 [1] NCCL INFO Channel 00 : 41[3000] -> 42[82000] via direct shared memory
c196-061:6177:6215 [2] NCCL INFO Channel 00 : 2[82000] -> 3[83000] via direct shared memory
c197-021:25419:25451 [2] NCCL INFO Channel 01 : 14[82000] -> 15[83000] via direct shared memory
c198-021:18853:18886 [1] NCCL INFO Channel 01 : 41[3000] -> 42[82000] via direct shared memory
c197-021:25418:25457 [1] NCCL INFO Channel 01 : 13[3000] -> 14[82000] via direct shared memory
c196-061:6177:6215 [2] NCCL INFO Channel 01 : 2[82000] -> 3[83000] via direct shared memory
c197-012:23721:23756 [3] NCCL INFO Channel 00/0 : 11[83000] -> 12[2000] [send] via NET/IB/0
c197-032:18763:18794 [3] NCCL INFO Channel 00/0 : 27[83000] -> 28[2000] [send] via NET/IB/0
c197-031:9751:9782 [3] NCCL INFO Channel 00/0 : 23[83000] -> 24[2000] [send] via NET/IB/0
c197-042:22545:22577 [3] NCCL INFO Channel 00/0 : 35[83000] -> 36[2000] [send] via NET/IB/0
c197-041:12526:12558 [3] NCCL INFO Channel 00/0 : 31[83000] -> 32[2000] [send] via NET/IB/0
c197-022:8345:8377 [3] NCCL INFO Channel 00/0 : 19[83000] -> 20[2000] [send] via NET/IB/0
c198-012:32603:32636 [3] NCCL INFO Channel 00/0 : 39[83000] -> 40[2000] [send] via NET/IB/0
c198-102:29604:29637 [3] NCCL INFO Channel 00/0 : 59[83000] -> 60[2000] [send] via NET/IB/0
c198-022:18657:18690 [3] NCCL INFO Channel 00/0 : 47[83000] -> 48[2000] [send] via NET/IB/0
c196-062:16417:16448 [3] NCCL INFO Channel 00/0 : 7[83000] -> 8[2000] [send] via NET/IB/0
c198-031:28865:28900 [3] NCCL INFO Channel 00/0 : 51[83000] -> 52[2000] [send] via NET/IB/0
c198-021:18855:18889 [3] NCCL INFO Channel 00/0 : 43[83000] -> 44[2000] [send] via NET/IB/0
c198-101:27917:27949 [3] NCCL INFO Channel 00/0 : 55[83000] -> 56[2000] [send] via NET/IB/0
c198-111:27305:27337 [3] NCCL INFO Channel 00/0 : 63[83000] -> 0[2000] [send] via NET/IB/0
c197-021:25420:25453 [3] NCCL INFO Channel 00/0 : 15[83000] -> 16[2000] [send] via NET/IB/0
c196-061:6178:6213 [3] NCCL INFO Channel 00/0 : 3[83000] -> 4[2000] [send] via NET/IB/0
c197-042:22542:22582 [0] NCCL INFO Channel 01/0 : 31[83000] -> 32[2000] [receive] via NET/IB/0
c197-042:22542:22582 [0] NCCL INFO Channel 00 : 32[2000] -> 33[3000] via direct shared memory
c197-042:22542:22582 [0] NCCL INFO Channel 01 : 32[2000] -> 33[3000] via direct shared memory
c198-012:32600:32640 [0] NCCL INFO Channel 01/0 : 35[83000] -> 36[2000] [receive] via NET/IB/0
c197-032:18760:18799 [0] NCCL INFO Channel 01/0 : 23[83000] -> 24[2000] [receive] via NET/IB/0
c197-041:12523:12564 [0] NCCL INFO Channel 01/0 : 27[83000] -> 28[2000] [receive] via NET/IB/0
c198-012:32600:32640 [0] NCCL INFO Channel 00 : 36[2000] -> 37[3000] via direct shared memory
c197-032:18760:18799 [0] NCCL INFO Channel 00 : 24[2000] -> 25[3000] via direct shared memory
c198-012:32600:32640 [0] NCCL INFO Channel 01 : 36[2000] -> 37[3000] via direct shared memory
c197-032:18760:18799 [0] NCCL INFO Channel 01 : 24[2000] -> 25[3000] via direct shared memory
c197-041:12523:12564 [0] NCCL INFO Channel 00 : 28[2000] -> 29[3000] via direct shared memory
c198-031:28862:28896 [0] NCCL INFO Channel 01/0 : 47[83000] -> 48[2000] [receive] via NET/IB/0
c197-021:25417:25456 [0] NCCL INFO Channel 01/0 : 11[83000] -> 12[2000] [receive] via NET/IB/0
c197-041:12523:12564 [0] NCCL INFO Channel 01 : 28[2000] -> 29[3000] via direct shared memory
