##################################### MSCCL #####################################
# nThread 1 nGpus 1 minBytes 1024 maxBytes 268435456 step: 2(factor) warmup iters: 5 iters: 20 agg iters: 1 validation: 1 graph: 0
#
# Using devices
#  Rank  0 Group  0 Pid   4897 on   c196-062 device  0 [0x02] Quadro RTX 5000
#  Rank  1 Group  0 Pid   4898 on   c196-062 device  1 [0x03] Quadro RTX 5000
#  Rank  2 Group  0 Pid   4899 on   c196-062 device  2 [0x82] Quadro RTX 5000
#  Rank  3 Group  0 Pid   4900 on   c196-062 device  3 [0x83] Quadro RTX 5000
#  Rank  4 Group  0 Pid  28485 on   c197-022 device  0 [0x02] Quadro RTX 5000
#  Rank  5 Group  0 Pid  28486 on   c197-022 device  1 [0x03] Quadro RTX 5000
#  Rank  6 Group  0 Pid  28487 on   c197-022 device  2 [0x82] Quadro RTX 5000
#  Rank  7 Group  0 Pid  28488 on   c197-022 device  3 [0x83] Quadro RTX 5000
#  Rank  8 Group  0 Pid  29985 on   c197-031 device  0 [0x02] Quadro RTX 5000
#  Rank  9 Group  0 Pid  29986 on   c197-031 device  1 [0x03] Quadro RTX 5000
#  Rank 10 Group  0 Pid  29987 on   c197-031 device  2 [0x82] Quadro RTX 5000
#  Rank 11 Group  0 Pid  29988 on   c197-031 device  3 [0x83] Quadro RTX 5000
#  Rank 12 Group  0 Pid   6685 on   c197-032 device  0 [0x02] Quadro RTX 5000
#  Rank 13 Group  0 Pid   6686 on   c197-032 device  1 [0x03] Quadro RTX 5000
#  Rank 14 Group  0 Pid   6687 on   c197-032 device  2 [0x82] Quadro RTX 5000
#  Rank 15 Group  0 Pid   6688 on   c197-032 device  3 [0x83] Quadro RTX 5000
#  Rank 16 Group  0 Pid  11478 on   c197-041 device  0 [0x02] Quadro RTX 5000
#  Rank 17 Group  0 Pid  11479 on   c197-041 device  1 [0x03] Quadro RTX 5000
#  Rank 18 Group  0 Pid  11480 on   c197-041 device  2 [0x82] Quadro RTX 5000
#  Rank 19 Group  0 Pid  11481 on   c197-041 device  3 [0x83] Quadro RTX 5000
#  Rank 20 Group  0 Pid   6795 on   c197-042 device  0 [0x02] Quadro RTX 5000
#  Rank 21 Group  0 Pid   6796 on   c197-042 device  1 [0x03] Quadro RTX 5000
#  Rank 22 Group  0 Pid   6797 on   c197-042 device  2 [0x82] Quadro RTX 5000
#  Rank 23 Group  0 Pid   6798 on   c197-042 device  3 [0x83] Quadro RTX 5000
#  Rank 24 Group  0 Pid  31976 on   c197-061 device  0 [0x02] Quadro RTX 5000
#  Rank 25 Group  0 Pid  31977 on   c197-061 device  1 [0x03] Quadro RTX 5000
#  Rank 26 Group  0 Pid  31978 on   c197-061 device  2 [0x82] Quadro RTX 5000
#  Rank 27 Group  0 Pid  31979 on   c197-061 device  3 [0x83] Quadro RTX 5000
#  Rank 28 Group  0 Pid   5391 on   c197-071 device  0 [0x02] Quadro RTX 5000
#  Rank 29 Group  0 Pid   5392 on   c197-071 device  1 [0x03] Quadro RTX 5000
#  Rank 30 Group  0 Pid   5393 on   c197-071 device  2 [0x82] Quadro RTX 5000
#  Rank 31 Group  0 Pid   5394 on   c197-071 device  3 [0x83] Quadro RTX 5000
#  Rank 32 Group  0 Pid  19470 on   c197-092 device  0 [0x02] Quadro RTX 5000
#  Rank 33 Group  0 Pid  19471 on   c197-092 device  1 [0x03] Quadro RTX 5000
#  Rank 34 Group  0 Pid  19472 on   c197-092 device  2 [0x82] Quadro RTX 5000
#  Rank 35 Group  0 Pid  19473 on   c197-092 device  3 [0x83] Quadro RTX 5000
#  Rank 36 Group  0 Pid  18003 on   c197-101 device  0 [0x02] Quadro RTX 5000
#  Rank 37 Group  0 Pid  18004 on   c197-101 device  1 [0x03] Quadro RTX 5000
#  Rank 38 Group  0 Pid  18005 on   c197-101 device  2 [0x82] Quadro RTX 5000
#  Rank 39 Group  0 Pid  18006 on   c197-101 device  3 [0x83] Quadro RTX 5000
#  Rank 40 Group  0 Pid  26983 on   c198-091 device  0 [0x02] Quadro RTX 5000
#  Rank 41 Group  0 Pid  26984 on   c198-091 device  1 [0x03] Quadro RTX 5000
#  Rank 42 Group  0 Pid  26985 on   c198-091 device  2 [0x82] Quadro RTX 5000
#  Rank 43 Group  0 Pid  26986 on   c198-091 device  3 [0x83] Quadro RTX 5000
#  Rank 44 Group  0 Pid  16599 on   c198-101 device  0 [0x02] Quadro RTX 5000
#  Rank 45 Group  0 Pid  16600 on   c198-101 device  1 [0x03] Quadro RTX 5000
#  Rank 46 Group  0 Pid  16601 on   c198-101 device  2 [0x82] Quadro RTX 5000
#  Rank 47 Group  0 Pid  16602 on   c198-101 device  3 [0x83] Quadro RTX 5000
#  Rank 48 Group  0 Pid  18172 on   c198-102 device  0 [0x02] Quadro RTX 5000
#  Rank 49 Group  0 Pid  18173 on   c198-102 device  1 [0x03] Quadro RTX 5000
#  Rank 50 Group  0 Pid  18174 on   c198-102 device  2 [0x82] Quadro RTX 5000
#  Rank 51 Group  0 Pid  18175 on   c198-102 device  3 [0x83] Quadro RTX 5000
#  Rank 52 Group  0 Pid  15964 on   c198-111 device  0 [0x02] Quadro RTX 5000
#  Rank 53 Group  0 Pid  15965 on   c198-111 device  1 [0x03] Quadro RTX 5000
#  Rank 54 Group  0 Pid  15966 on   c198-111 device  2 [0x82] Quadro RTX 5000
#  Rank 55 Group  0 Pid  15967 on   c198-111 device  3 [0x83] Quadro RTX 5000
#  Rank 56 Group  0 Pid  17350 on   c199-011 device  0 [0x02] Quadro RTX 5000
#  Rank 57 Group  0 Pid  17351 on   c199-011 device  1 [0x03] Quadro RTX 5000
#  Rank 58 Group  0 Pid  17352 on   c199-011 device  2 [0x82] Quadro RTX 5000
#  Rank 59 Group  0 Pid  17353 on   c199-011 device  3 [0x83] Quadro RTX 5000
#  Rank 60 Group  0 Pid  23584 on   c199-012 device  0 [0x02] Quadro RTX 5000
#  Rank 61 Group  0 Pid  23585 on   c199-012 device  1 [0x03] Quadro RTX 5000
#  Rank 62 Group  0 Pid  23586 on   c199-012 device  2 [0x82] Quadro RTX 5000
#  Rank 63 Group  0 Pid  23587 on   c199-012 device  3 [0x83] Quadro RTX 5000
c196-062:4897:4897 [0] NCCL INFO Bootstrap : Using ib0:192.168.44.112<0>
c196-062:4897:4897 [0] NCCL INFO NET/Plugin : No plugin found (libnccl-net.so), using internal implementation
c196-062:4897:4897 [0] NCCL INFO NET/IB : Using [0]mlx4_0:1/IB [RO]; OOB ib0:192.168.44.112<0>
c196-062:4897:4897 [0] NCCL INFO Using network IB
NCCL version 2.12.12.MSCCL.0.7.4+cuda11.3
c196-062:4900:4900 [3] NCCL INFO Bootstrap : Using ib0:192.168.44.112<0>
c196-062:4900:4900 [3] NCCL INFO NET/Plugin : No plugin found (libnccl-net.so), using internal implementation
c196-062:4899:4899 [2] NCCL INFO Bootstrap : Using ib0:192.168.44.112<0>
c196-062:4899:4899 [2] NCCL INFO NET/Plugin : No plugin found (libnccl-net.so), using internal implementation
c196-062:4900:4900 [3] NCCL INFO NET/IB : Using [0]mlx4_0:1/IB [RO]; OOB ib0:192.168.44.112<0>
c196-062:4900:4900 [3] NCCL INFO Using network IB
c196-062:4899:4899 [2] NCCL INFO NET/IB : Using [0]mlx4_0:1/IB [RO]; OOB ib0:192.168.44.112<0>
c196-062:4899:4899 [2] NCCL INFO Using network IB
c196-062:4898:4898 [1] NCCL INFO Bootstrap : Using ib0:192.168.44.112<0>
c196-062:4898:4898 [1] NCCL INFO NET/Plugin : No plugin found (libnccl-net.so), using internal implementation
c196-062:4898:4898 [1] NCCL INFO NET/IB : Using [0]mlx4_0:1/IB [RO]; OOB ib0:192.168.44.112<0>
c196-062:4898:4898 [1] NCCL INFO Using network IB
c198-101:16601:16601 [2] NCCL INFO Bootstrap : Using ib0:192.168.44.163<0>
c199-011:17352:17352 [2] NCCL INFO Bootstrap : Using ib0:192.168.44.167<0>
c198-101:16601:16601 [2] NCCL INFO NET/Plugin : No plugin found (libnccl-net.so), using internal implementation
c199-011:17352:17352 [2] NCCL INFO NET/Plugin : No plugin found (libnccl-net.so), using internal implementation
c199-011:17352:17352 [2] NCCL INFO NET/IB : Using [0]mlx4_0:1/IB [RO]; OOB ib0:192.168.44.167<0>
c199-011:17352:17352 [2] NCCL INFO Using network IB
c198-101:16601:16601 [2] NCCL INFO NET/IB : Using [0]mlx4_0:1/IB [RO]; OOB ib0:192.168.44.163<0>
c198-101:16601:16601 [2] NCCL INFO Using network IB
c199-011:17353:17353 [3] NCCL INFO Bootstrap : Using ib0:192.168.44.167<0>
c199-011:17353:17353 [3] NCCL INFO NET/Plugin : No plugin found (libnccl-net.so), using internal implementation
c198-101:16602:16602 [3] NCCL INFO Bootstrap : Using ib0:192.168.44.163<0>
c198-101:16602:16602 [3] NCCL INFO NET/Plugin : No plugin found (libnccl-net.so), using internal implementation
c199-011:17353:17353 [3] NCCL INFO NET/IB : Using [0]mlx4_0:1/IB [RO]; OOB ib0:192.168.44.167<0>
c199-011:17353:17353 [3] NCCL INFO Using network IB
c198-101:16602:16602 [3] NCCL INFO NET/IB : Using [0]mlx4_0:1/IB [RO]; OOB ib0:192.168.44.163<0>
c198-101:16602:16602 [3] NCCL INFO Using network IB
c197-022:28487:28487 [2] NCCL INFO Bootstrap : Using ib0:192.168.44.126<0>
c197-022:28488:28488 [3] NCCL INFO Bootstrap : Using ib0:192.168.44.126<0>
c197-061:31978:31978 [2] NCCL INFO Bootstrap : Using ib0:192.168.44.133<0>
c197-061:31979:31979 [3] NCCL INFO Bootstrap : Using ib0:192.168.44.133<0>
c197-061:31976:31976 [0] NCCL INFO Bootstrap : Using ib0:192.168.44.133<0>
c197-022:28487:28487 [2] NCCL INFO NET/Plugin : No plugin found (libnccl-net.so), using internal implementation
c197-061:31977:31977 [1] NCCL INFO Bootstrap : Using ib0:192.168.44.133<0>
c197-022:28488:28488 [3] NCCL INFO NET/Plugin : No plugin found (libnccl-net.so), using internal implementation
c197-061:31976:31976 [0] NCCL INFO NET/Plugin : No plugin found (libnccl-net.so), using internal implementation
c197-061:31977:31977 [1] NCCL INFO NET/Plugin : No plugin found (libnccl-net.so), using internal implementation
c197-061:31978:31978 [2] NCCL INFO NET/Plugin : No plugin found (libnccl-net.so), using internal implementation
c197-061:31979:31979 [3] NCCL INFO NET/Plugin : No plugin found (libnccl-net.so), using internal implementation
c197-042:6797:6797 [2] NCCL INFO Bootstrap : Using ib0:192.168.44.130<0>
c197-042:6798:6798 [3] NCCL INFO Bootstrap : Using ib0:192.168.44.130<0>
c197-042:6797:6797 [2] NCCL INFO NET/Plugin : No plugin found (libnccl-net.so), using internal implementation
c197-042:6798:6798 [3] NCCL INFO NET/Plugin : No plugin found (libnccl-net.so), using internal implementation
c197-041:11480:11480 [2] NCCL INFO Bootstrap : Using ib0:192.168.44.129<0>
c197-041:11481:11481 [3] NCCL INFO Bootstrap : Using ib0:192.168.44.129<0>
c197-041:11480:11480 [2] NCCL INFO NET/Plugin : No plugin found (libnccl-net.so), using internal implementation
c197-041:11481:11481 [3] NCCL INFO NET/Plugin : No plugin found (libnccl-net.so), using internal implementation
c197-022:28487:28487 [2] NCCL INFO NET/IB : Using [0]mlx4_0:1/IB [RO]; OOB ib0:192.168.44.126<0>
c197-022:28487:28487 [2] NCCL INFO Using network IB
c197-022:28488:28488 [3] NCCL INFO NET/IB : Using [0]mlx4_0:1/IB [RO]; OOB ib0:192.168.44.126<0>
c197-022:28488:28488 [3] NCCL INFO Using network IB
c199-011:17351:17351 [1] NCCL INFO Bootstrap : Using ib0:192.168.44.167<0>
c199-011:17351:17351 [1] NCCL INFO NET/Plugin : No plugin found (libnccl-net.so), using internal implementation
c197-042:6798:6798 [3] NCCL INFO NET/IB : Using [0]mlx4_0:1/IB [RO]; OOB ib0:192.168.44.130<0>
c197-042:6798:6798 [3] NCCL INFO Using network IB
c198-102:18174:18174 [2] NCCL INFO Bootstrap : Using ib0:192.168.44.164<0>
c198-102:18175:18175 [3] NCCL INFO Bootstrap : Using ib0:192.168.44.164<0>
c197-042:6797:6797 [2] NCCL INFO NET/IB : Using [0]mlx4_0:1/IB [RO]; OOB ib0:192.168.44.130<0>
c197-042:6797:6797 [2] NCCL INFO Using network IB
c199-011:17351:17351 [1] NCCL INFO NET/IB : Using [0]mlx4_0:1/IB [RO]; OOB ib0:192.168.44.167<0>
c199-011:17351:17351 [1] NCCL INFO Using network IB
c198-102:18174:18174 [2] NCCL INFO NET/Plugin : No plugin found (libnccl-net.so), using internal implementation
c198-102:18175:18175 [3] NCCL INFO NET/Plugin : No plugin found (libnccl-net.so), using internal implementation
c197-041:11480:11480 [2] NCCL INFO NET/IB : Using [0]mlx4_0:1/IB [RO]; OOB ib0:192.168.44.129<0>
c197-041:11480:11480 [2] NCCL INFO Using network IB
c197-041:11481:11481 [3] NCCL INFO NET/IB : Using [0]mlx4_0:1/IB [RO]; OOB ib0:192.168.44.129<0>
c197-041:11481:11481 [3] NCCL INFO Using network IB
c198-091:26986:26986 [3] NCCL INFO Bootstrap : Using ib0:192.168.44.161<0>
c198-091:26983:26983 [0] NCCL INFO Bootstrap : Using ib0:192.168.44.161<0>
c198-091:26984:26984 [1] NCCL INFO Bootstrap : Using ib0:192.168.44.161<0>
c198-091:26985:26985 [2] NCCL INFO Bootstrap : Using ib0:192.168.44.161<0>
c198-091:26983:26983 [0] NCCL INFO NET/Plugin : No plugin found (libnccl-net.so), using internal implementation
c197-061:31979:31979 [3] NCCL INFO NET/IB : Using [0]mlx4_0:1/IB [RO]; OOB ib0:192.168.44.133<0>
c197-061:31979:31979 [3] NCCL INFO Using network IB
c198-091:26984:26984 [1] NCCL INFO NET/Plugin : No plugin found (libnccl-net.so), using internal implementation
c197-061:31976:31976 [0] NCCL INFO NET/IB : Using [0]mlx4_0:1/IB [RO]; OOB ib0:192.168.44.133<0>
c197-061:31976:31976 [0] NCCL INFO Using network IB
c198-091:26985:26985 [2] NCCL INFO NET/Plugin : No plugin found (libnccl-net.so), using internal implementation
c197-061:31977:31977 [1] NCCL INFO NET/IB : Using [0]mlx4_0:1/IB [RO]; OOB ib0:192.168.44.133<0>
c197-061:31977:31977 [1] NCCL INFO Using network IB
c198-091:26986:26986 [3] NCCL INFO NET/Plugin : No plugin found (libnccl-net.so), using internal implementation
c197-061:31978:31978 [2] NCCL INFO NET/IB : Using [0]mlx4_0:1/IB [RO]; OOB ib0:192.168.44.133<0>
c197-061:31978:31978 [2] NCCL INFO Using network IB
c199-011:17350:17350 [0] NCCL INFO Bootstrap : Using ib0:192.168.44.167<0>
c199-011:17350:17350 [0] NCCL INFO NET/Plugin : No plugin found (libnccl-net.so), using internal implementation
c197-022:28485:28485 [0] NCCL INFO Bootstrap : Using ib0:192.168.44.126<0>
c197-022:28486:28486 [1] NCCL INFO Bootstrap : Using ib0:192.168.44.126<0>
c197-022:28485:28485 [0] NCCL INFO NET/Plugin : No plugin found (libnccl-net.so), using internal implementation
c197-022:28486:28486 [1] NCCL INFO NET/Plugin : No plugin found (libnccl-net.so), using internal implementation
c199-011:17350:17350 [0] NCCL INFO NET/IB : Using [0]mlx4_0:1/IB [RO]; OOB ib0:192.168.44.167<0>
c199-011:17350:17350 [0] NCCL INFO Using network IB
c198-102:18174:18174 [2] NCCL INFO NET/IB : Using [0]mlx4_0:1/IB [RO]; OOB ib0:192.168.44.164<0>
c198-102:18174:18174 [2] NCCL INFO Using network IB
c198-102:18175:18175 [3] NCCL INFO NET/IB : Using [0]mlx4_0:1/IB [RO]; OOB ib0:192.168.44.164<0>
c198-102:18175:18175 [3] NCCL INFO Using network IB
c197-022:28485:28485 [0] NCCL INFO NET/IB : Using [0]mlx4_0:1/IB [RO]; OOB ib0:192.168.44.126<0>
c197-022:28485:28485 [0] NCCL INFO Using network IB
c197-022:28486:28486 [1] NCCL INFO NET/IB : Using [0]mlx4_0:1/IB [RO]; OOB ib0:192.168.44.126<0>
c197-022:28486:28486 [1] NCCL INFO Using network IB
c197-071:5393:5393 [2] NCCL INFO Bootstrap : Using ib0:192.168.44.135<0>
c197-071:5394:5394 [3] NCCL INFO Bootstrap : Using ib0:192.168.44.135<0>
c197-071:5392:5392 [1] NCCL INFO Bootstrap : Using ib0:192.168.44.135<0>
c197-071:5391:5391 [0] NCCL INFO Bootstrap : Using ib0:192.168.44.135<0>
c197-071:5391:5391 [0] NCCL INFO NET/Plugin : No plugin found (libnccl-net.so), using internal implementation
c197-071:5392:5392 [1] NCCL INFO NET/Plugin : No plugin found (libnccl-net.so), using internal implementation
c197-071:5393:5393 [2] NCCL INFO NET/Plugin : No plugin found (libnccl-net.so), using internal implementation
c197-071:5394:5394 [3] NCCL INFO NET/Plugin : No plugin found (libnccl-net.so), using internal implementation
c199-012:23586:23586 [2] NCCL INFO Bootstrap : Using ib0:192.168.44.168<0>
c199-012:23587:23587 [3] NCCL INFO Bootstrap : Using ib0:192.168.44.168<0>
c198-091:26986:26986 [3] NCCL INFO NET/IB : Using [0]mlx4_0:1/IB [RO]; OOB ib0:192.168.44.161<0>
c198-091:26986:26986 [3] NCCL INFO Using network IB
c198-091:26985:26985 [2] NCCL INFO NET/IB : Using [0]mlx4_0:1/IB [RO]; OOB ib0:192.168.44.161<0>
c198-091:26985:26985 [2] NCCL INFO Using network IB
c198-091:26983:26983 [0] NCCL INFO NET/IB : Using [0]mlx4_0:1/IB [RO]; OOB ib0:192.168.44.161<0>
c198-091:26983:26983 [0] NCCL INFO Using network IB
c198-091:26984:26984 [1] NCCL INFO NET/IB : Using [0]mlx4_0:1/IB [RO]; OOB ib0:192.168.44.161<0>
c198-091:26984:26984 [1] NCCL INFO Using network IB
c199-012:23586:23586 [2] NCCL INFO NET/Plugin : No plugin found (libnccl-net.so), using internal implementation
c199-012:23587:23587 [3] NCCL INFO NET/Plugin : No plugin found (libnccl-net.so), using internal implementation
c197-031:29988:29988 [3] NCCL INFO Bootstrap : Using ib0:192.168.44.127<0>
c197-042:6795:6795 [0] NCCL INFO Bootstrap : Using ib0:192.168.44.130<0>
c197-042:6796:6796 [1] NCCL INFO Bootstrap : Using ib0:192.168.44.130<0>
c197-042:6795:6795 [0] NCCL INFO NET/Plugin : No plugin found (libnccl-net.so), using internal implementation
c197-042:6796:6796 [1] NCCL INFO NET/Plugin : No plugin found (libnccl-net.so), using internal implementation
c197-031:29988:29988 [3] NCCL INFO NET/Plugin : No plugin found (libnccl-net.so), using internal implementation
c199-012:23587:23587 [3] NCCL INFO NET/IB : Using [0]mlx4_0:1/IB [RO]; OOB ib0:192.168.44.168<0>
c199-012:23587:23587 [3] NCCL INFO Using network IB
c197-071:5394:5394 [3] NCCL INFO NET/IB : Using [0]mlx4_0:1/IB [RO]; OOB ib0:192.168.44.135<0>
c197-071:5394:5394 [3] NCCL INFO Using network IB
c197-031:29988:29988 [3] NCCL INFO NET/IB : Using [0]mlx4_0:1/IB [RO]; OOB ib0:192.168.44.127<0>
c197-031:29988:29988 [3] NCCL INFO Using network IB
c199-012:23586:23586 [2] NCCL INFO NET/IB : Using [0]mlx4_0:1/IB [RO]; OOB ib0:192.168.44.168<0>
c199-012:23586:23586 [2] NCCL INFO Using network IB
c197-071:5393:5393 [2] NCCL INFO NET/IB : Using [0]mlx4_0:1/IB [RO]; OOB ib0:192.168.44.135<0>
c197-071:5393:5393 [2] NCCL INFO Using network IB
c197-071:5391:5391 [0] NCCL INFO NET/IB : Using [0]mlx4_0:1/IB [RO]; OOB ib0:192.168.44.135<0>
c197-071:5391:5391 [0] NCCL INFO Using network IB
c197-041:11478:11478 [0] NCCL INFO Bootstrap : Using ib0:192.168.44.129<0>
c197-041:11479:11479 [1] NCCL INFO Bootstrap : Using ib0:192.168.44.129<0>
c198-111:15966:15966 [2] NCCL INFO Bootstrap : Using ib0:192.168.44.165<0>
c197-041:11478:11478 [0] NCCL INFO NET/Plugin : No plugin found (libnccl-net.so), using internal implementation
c197-041:11479:11479 [1] NCCL INFO NET/Plugin : No plugin found (libnccl-net.so), using internal implementation
c197-071:5392:5392 [1] NCCL INFO NET/IB : Using [0]mlx4_0:1/IB [RO]; OOB ib0:192.168.44.135<0>
c197-071:5392:5392 [1] NCCL INFO Using network IB
c198-111:15966:15966 [2] NCCL INFO NET/Plugin : No plugin found (libnccl-net.so), using internal implementation
c198-101:16600:16600 [1] NCCL INFO Bootstrap : Using ib0:192.168.44.163<0>
c198-101:16599:16599 [0] NCCL INFO Bootstrap : Using ib0:192.168.44.163<0>
c198-101:16599:16599 [0] NCCL INFO NET/Plugin : No plugin found (libnccl-net.so), using internal implementation
c198-101:16600:16600 [1] NCCL INFO NET/Plugin : No plugin found (libnccl-net.so), using internal implementation
c197-042:6795:6795 [0] NCCL INFO NET/IB : Using [0]mlx4_0:1/IB [RO]; OOB ib0:192.168.44.130<0>
c197-042:6795:6795 [0] NCCL INFO Using network IB
c197-092:19471:19471 [1] NCCL INFO Bootstrap : Using ib0:192.168.44.140<0>
c197-092:19470:19470 [0] NCCL INFO Bootstrap : Using ib0:192.168.44.140<0>
c197-042:6796:6796 [1] NCCL INFO NET/IB : Using [0]mlx4_0:1/IB [RO]; OOB ib0:192.168.44.130<0>
c197-042:6796:6796 [1] NCCL INFO Using network IB
c197-092:19472:19472 [2] NCCL INFO Bootstrap : Using ib0:192.168.44.140<0>
c197-092:19473:19473 [3] NCCL INFO Bootstrap : Using ib0:192.168.44.140<0>
c197-032:6685:6685 [0] NCCL INFO Bootstrap : Using ib0:192.168.44.128<0>
c197-032:6686:6686 [1] NCCL INFO Bootstrap : Using ib0:192.168.44.128<0>
c197-032:6687:6687 [2] NCCL INFO Bootstrap : Using ib0:192.168.44.128<0>
c197-032:6688:6688 [3] NCCL INFO Bootstrap : Using ib0:192.168.44.128<0>
c197-092:19470:19470 [0] NCCL INFO NET/Plugin : No plugin found (libnccl-net.so), using internal implementation
c197-092:19471:19471 [1] NCCL INFO NET/Plugin : No plugin found (libnccl-net.so), using internal implementation
c197-031:29987:29987 [2] NCCL INFO Bootstrap : Using ib0:192.168.44.127<0>
c197-092:19472:19472 [2] NCCL INFO NET/Plugin : No plugin found (libnccl-net.so), using internal implementation
c197-092:19473:19473 [3] NCCL INFO NET/Plugin : No plugin found (libnccl-net.so), using internal implementation
c197-031:29987:29987 [2] NCCL INFO NET/Plugin : No plugin found (libnccl-net.so), using internal implementation
c198-111:15966:15966 [2] NCCL INFO NET/IB : Using [0]mlx4_0:1/IB [RO]; OOB ib0:192.168.44.165<0>
c198-111:15966:15966 [2] NCCL INFO Using network IB
c197-032:6685:6685 [0] NCCL INFO NET/Plugin : No plugin found (libnccl-net.so), using internal implementation
c197-032:6686:6686 [1] NCCL INFO NET/Plugin : No plugin found (libnccl-net.so), using internal implementation
c197-032:6687:6687 [2] NCCL INFO NET/Plugin : No plugin found (libnccl-net.so), using internal implementation
c197-032:6688:6688 [3] NCCL INFO NET/Plugin : No plugin found (libnccl-net.so), using internal implementation
c198-111:15967:15967 [3] NCCL INFO Bootstrap : Using ib0:192.168.44.165<0>
c198-101:16600:16600 [1] NCCL INFO NET/IB : Using [0]mlx4_0:1/IB [RO]; OOB ib0:192.168.44.163<0>
c198-101:16600:16600 [1] NCCL INFO Using network IB
c198-101:16599:16599 [0] NCCL INFO NET/IB : Using [0]mlx4_0:1/IB [RO]; OOB ib0:192.168.44.163<0>
c198-101:16599:16599 [0] NCCL INFO Using network IB
c198-111:15967:15967 [3] NCCL INFO NET/Plugin : No plugin found (libnccl-net.so), using internal implementation
c197-041:11479:11479 [1] NCCL INFO NET/IB : Using [0]mlx4_0:1/IB [RO]; OOB ib0:192.168.44.129<0>
c197-041:11479:11479 [1] NCCL INFO Using network IB
c197-041:11478:11478 [0] NCCL INFO NET/IB : Using [0]mlx4_0:1/IB [RO]; OOB ib0:192.168.44.129<0>
c197-041:11478:11478 [0] NCCL INFO Using network IB
c197-031:29987:29987 [2] NCCL INFO NET/IB : Using [0]mlx4_0:1/IB [RO]; OOB ib0:192.168.44.127<0>
c197-031:29987:29987 [2] NCCL INFO Using network IB
c198-111:15967:15967 [3] NCCL INFO NET/IB : Using [0]mlx4_0:1/IB [RO]; OOB ib0:192.168.44.165<0>
c198-111:15967:15967 [3] NCCL INFO Using network IB
c199-012:23584:23584 [0] NCCL INFO Bootstrap : Using ib0:192.168.44.168<0>
c199-012:23585:23585 [1] NCCL INFO Bootstrap : Using ib0:192.168.44.168<0>
c199-012:23584:23584 [0] NCCL INFO NET/Plugin : No plugin found (libnccl-net.so), using internal implementation
c199-012:23585:23585 [1] NCCL INFO NET/Plugin : No plugin found (libnccl-net.so), using internal implementation
c197-092:19472:19472 [2] NCCL INFO NET/IB : Using [0]mlx4_0:1/IB [RO]; OOB ib0:192.168.44.140<0>
c197-092:19472:19472 [2] NCCL INFO Using network IB
c197-092:19471:19471 [1] NCCL INFO NET/IB : Using [0]mlx4_0:1/IB [RO]; OOB ib0:192.168.44.140<0>
c197-092:19471:19471 [1] NCCL INFO Using network IB
c197-092:19470:19470 [0] NCCL INFO NET/IB : Using [0]mlx4_0:1/IB [RO]; OOB ib0:192.168.44.140<0>
c197-092:19470:19470 [0] NCCL INFO Using network IB
c197-092:19473:19473 [3] NCCL INFO NET/IB : Using [0]mlx4_0:1/IB [RO]; OOB ib0:192.168.44.140<0>
c197-092:19473:19473 [3] NCCL INFO Using network IB
c198-102:18173:18173 [1] NCCL INFO Bootstrap : Using ib0:192.168.44.164<0>
c198-102:18172:18172 [0] NCCL INFO Bootstrap : Using ib0:192.168.44.164<0>
c198-102:18172:18172 [0] NCCL INFO NET/Plugin : No plugin found (libnccl-net.so), using internal implementation
c198-102:18173:18173 [1] NCCL INFO NET/Plugin : No plugin found (libnccl-net.so), using internal implementation
c199-012:23585:23585 [1] NCCL INFO NET/IB : Using [0]mlx4_0:1/IB [RO]; OOB ib0:192.168.44.168<0>
c199-012:23585:23585 [1] NCCL INFO Using network IB
c199-012:23584:23584 [0] NCCL INFO NET/IB : Using [0]mlx4_0:1/IB [RO]; OOB ib0:192.168.44.168<0>
c199-012:23584:23584 [0] NCCL INFO Using network IB
c197-032:6685:6685 [0] NCCL INFO NET/IB : Using [0]mlx4_0:1/IB [RO]; OOB ib0:192.168.44.128<0>
c197-032:6685:6685 [0] NCCL INFO Using network IB
c197-032:6686:6686 [1] NCCL INFO NET/IB : Using [0]mlx4_0:1/IB [RO]; OOB ib0:192.168.44.128<0>
c197-032:6686:6686 [1] NCCL INFO Using network IB
c197-032:6688:6688 [3] NCCL INFO NET/IB : Using [0]mlx4_0:1/IB [RO]; OOB ib0:192.168.44.128<0>
c197-032:6688:6688 [3] NCCL INFO Using network IB
c197-032:6687:6687 [2] NCCL INFO NET/IB : Using [0]mlx4_0:1/IB [RO]; OOB ib0:192.168.44.128<0>
c197-032:6687:6687 [2] NCCL INFO Using network IB
c198-111:15964:15964 [0] NCCL INFO Bootstrap : Using ib0:192.168.44.165<0>
c198-111:15965:15965 [1] NCCL INFO Bootstrap : Using ib0:192.168.44.165<0>
c198-111:15964:15964 [0] NCCL INFO NET/Plugin : No plugin found (libnccl-net.so), using internal implementation
c198-111:15965:15965 [1] NCCL INFO NET/Plugin : No plugin found (libnccl-net.so), using internal implementation
c198-102:18173:18173 [1] NCCL INFO NET/IB : Using [0]mlx4_0:1/IB [RO]; OOB ib0:192.168.44.164<0>
c198-102:18173:18173 [1] NCCL INFO Using network IB
c198-102:18172:18172 [0] NCCL INFO NET/IB : Using [0]mlx4_0:1/IB [RO]; OOB ib0:192.168.44.164<0>
c198-102:18172:18172 [0] NCCL INFO Using network IB
c198-111:15964:15964 [0] NCCL INFO NET/IB : Using [0]mlx4_0:1/IB [RO]; OOB ib0:192.168.44.165<0>
c198-111:15964:15964 [0] NCCL INFO Using network IB
c198-111:15965:15965 [1] NCCL INFO NET/IB : Using [0]mlx4_0:1/IB [RO]; OOB ib0:192.168.44.165<0>
c198-111:15965:15965 [1] NCCL INFO Using network IB
c197-101:18005:18005 [2] NCCL INFO Bootstrap : Using ib0:192.168.44.141<0>
c197-101:18006:18006 [3] NCCL INFO Bootstrap : Using ib0:192.168.44.141<0>
c197-031:29985:29985 [0] NCCL INFO Bootstrap : Using ib0:192.168.44.127<0>
c197-031:29986:29986 [1] NCCL INFO Bootstrap : Using ib0:192.168.44.127<0>
c197-031:29985:29985 [0] NCCL INFO NET/Plugin : No plugin found (libnccl-net.so), using internal implementation
c197-031:29986:29986 [1] NCCL INFO NET/Plugin : No plugin found (libnccl-net.so), using internal implementation
c197-101:18005:18005 [2] NCCL INFO NET/Plugin : No plugin found (libnccl-net.so), using internal implementation
c197-101:18006:18006 [3] NCCL INFO NET/Plugin : No plugin found (libnccl-net.so), using internal implementation
c197-031:29985:29985 [0] NCCL INFO NET/IB : Using [0]mlx4_0:1/IB [RO]; OOB ib0:192.168.44.127<0>
c197-031:29985:29985 [0] NCCL INFO Using network IB
c197-031:29986:29986 [1] NCCL INFO NET/IB : Using [0]mlx4_0:1/IB [RO]; OOB ib0:192.168.44.127<0>
c197-031:29986:29986 [1] NCCL INFO Using network IB
c197-101:18006:18006 [3] NCCL INFO NET/IB : Using [0]mlx4_0:1/IB [RO]; OOB ib0:192.168.44.141<0>
c197-101:18006:18006 [3] NCCL INFO Using network IB
c197-101:18005:18005 [2] NCCL INFO NET/IB : Using [0]mlx4_0:1/IB [RO]; OOB ib0:192.168.44.141<0>
c197-101:18005:18005 [2] NCCL INFO Using network IB
c197-101:18003:18003 [0] NCCL INFO Bootstrap : Using ib0:192.168.44.141<0>
c197-101:18004:18004 [1] NCCL INFO Bootstrap : Using ib0:192.168.44.141<0>
c197-101:18003:18003 [0] NCCL INFO NET/Plugin : No plugin found (libnccl-net.so), using internal implementation
c197-101:18004:18004 [1] NCCL INFO NET/Plugin : No plugin found (libnccl-net.so), using internal implementation
c197-101:18004:18004 [1] NCCL INFO NET/IB : Using [0]mlx4_0:1/IB [RO]; OOB ib0:192.168.44.141<0>
c197-101:18004:18004 [1] NCCL INFO Using network IB
c197-101:18003:18003 [0] NCCL INFO NET/IB : Using [0]mlx4_0:1/IB [RO]; OOB ib0:192.168.44.141<0>
c197-101:18003:18003 [0] NCCL INFO Using network IB
c196-062:4897:4930 [0] NCCL INFO Setting affinity for GPU 0 to 0f000f
c196-062:4900:4935 [3] NCCL INFO Setting affinity for GPU 3 to f000f000
c199-011:17353:17387 [3] NCCL INFO Setting affinity for GPU 3 to f000f000
c196-062:4899:4937 [2] NCCL INFO Setting affinity for GPU 2 to 0f000f00
c199-011:17350:17391 [0] NCCL INFO Setting affinity for GPU 0 to 0f000f
c196-062:4898:4939 [1] NCCL INFO Setting affinity for GPU 1 to f000f0
c197-092:19473:19511 [3] NCCL INFO Setting affinity for GPU 3 to f000f000
c198-111:15967:16001 [3] NCCL INFO Setting affinity for GPU 3 to f000f000
c197-092:19470:19508 [0] NCCL INFO Setting affinity for GPU 0 to 0f000f
c199-011:17352:17385 [2] NCCL INFO Setting affinity for GPU 2 to 0f000f00
c197-092:19472:19507 [2] NCCL INFO Setting affinity for GPU 2 to 0f000f00
c198-091:26986:27019 [3] NCCL INFO Setting affinity for GPU 3 to f000f000
c197-042:6798:6832 [3] NCCL INFO Setting affinity for GPU 3 to f000f000
c198-111:15964:16004 [0] NCCL INFO Setting affinity for GPU 0 to 0f000f
c198-091:26983:27023 [0] NCCL INFO Setting affinity for GPU 0 to 0f000f
c197-071:5394:5428 [3] NCCL INFO Setting affinity for GPU 3 to f000f000
c198-111:15965:16005 [1] NCCL INFO Setting affinity for GPU 1 to f000f0
c197-042:6795:6836 [0] NCCL INFO Setting affinity for GPU 0 to 0f000f
c198-111:15966:15999 [2] NCCL INFO Setting affinity for GPU 2 to 0f000f00
c197-071:5391:5431 [0] NCCL INFO Setting affinity for GPU 0 to 0f000f
c198-091:26985:27022 [2] NCCL INFO Setting affinity for GPU 2 to 0f000f00
c197-061:31979:32012 [3] NCCL INFO Setting affinity for GPU 3 to f000f000
c197-022:28488:28522 [3] NCCL INFO Setting affinity for GPU 3 to f000f000
c197-031:29988:30020 [3] NCCL INFO Setting affinity for GPU 3 to f000f000
c197-101:18006:18039 [3] NCCL INFO Setting affinity for GPU 3 to f000f000
c197-042:6797:6833 [2] NCCL INFO Setting affinity for GPU 2 to 0f000f00
c197-101:18003:18044 [0] NCCL INFO Setting affinity for GPU 0 to 0f000f
c198-102:18175:18209 [3] NCCL INFO Setting affinity for GPU 3 to f000f000
c197-101:18005:18040 [2] NCCL INFO Setting affinity for GPU 2 to 0f000f00
c197-061:31977:32017 [1] NCCL INFO Setting affinity for GPU 1 to f000f0
c197-061:31976:32015 [0] NCCL INFO Setting affinity for GPU 0 to 0f000f
c199-012:23587:23620 [3] NCCL INFO Setting affinity for GPU 3 to f000f000
c199-011:17351:17389 [1] NCCL INFO Setting affinity for GPU 1 to f000f0
c197-061:31978:32018 [2] NCCL INFO Setting affinity for GPU 2 to 0f000f00
c197-022:28485:28524 [0] NCCL INFO Setting affinity for GPU 0 to 0f000f
c198-102:18174:18210 [2] NCCL INFO Setting affinity for GPU 2 to 0f000f00
c198-102:18172:18214 [0] NCCL INFO Setting affinity for GPU 0 to 0f000f
c197-022:28486:28526 [1] NCCL INFO Setting affinity for GPU 1 to f000f0
c197-022:28487:28521 [2] NCCL INFO Setting affinity for GPU 2 to 0f000f00
c199-012:23584:23625 [0] NCCL INFO Setting affinity for GPU 0 to 0f000f
c197-031:29985:30025 [0] NCCL INFO Setting affinity for GPU 0 to 0f000f
c197-031:29986:30026 [1] NCCL INFO Setting affinity for GPU 1 to f000f0
c199-012:23585:23624 [1] NCCL INFO Setting affinity for GPU 1 to f000f0
c199-012:23586:23621 [2] NCCL INFO Setting affinity for GPU 2 to 0f000f00
c198-091:26984:27024 [1] NCCL INFO Setting affinity for GPU 1 to f000f0
c197-071:5392:5433 [1] NCCL INFO Setting affinity for GPU 1 to f000f0
c197-031:29987:30022 [2] NCCL INFO Setting affinity for GPU 2 to 0f000f00
c197-071:5393:5430 [2] NCCL INFO Setting affinity for GPU 2 to 0f000f00
c197-042:6796:6837 [1] NCCL INFO Setting affinity for GPU 1 to f000f0
c198-101:16602:16637 [3] NCCL INFO Setting affinity for GPU 3 to f000f000
c197-032:6686:6723 [1] NCCL INFO Setting affinity for GPU 1 to f000f0
c197-041:11481:11515 [3] NCCL INFO Setting affinity for GPU 3 to f000f000
c198-101:16599:16641 [0] NCCL INFO Setting affinity for GPU 0 to 0f000f
c198-101:16600:16640 [1] NCCL INFO Setting affinity for GPU 1 to f000f0
c197-032:6688:6725 [3] NCCL INFO Setting affinity for GPU 3 to f000f000
c197-032:6685:6721 [0] NCCL INFO Setting affinity for GPU 0 to 0f000f
c198-101:16601:16635 [2] NCCL INFO Setting affinity for GPU 2 to 0f000f00
c197-041:11478:11519 [0] NCCL INFO Setting affinity for GPU 0 to 0f000f
c197-041:11480:11514 [2] NCCL INFO Setting affinity for GPU 2 to 0f000f00
c197-101:18004:18043 [1] NCCL INFO Setting affinity for GPU 1 to f000f0
c197-032:6687:6726 [2] NCCL INFO Setting affinity for GPU 2 to 0f000f00
c198-102:18173:18213 [1] NCCL INFO Setting affinity for GPU 1 to f000f0
c197-092:19471:19509 [1] NCCL INFO Setting affinity for GPU 1 to f000f0
c197-041:11479:11518 [1] NCCL INFO Setting affinity for GPU 1 to f000f0
c197-041:11478:11519 [0] NCCL INFO Trees [0] 17/24/-1->16->33 [1] 17/-1/-1->16->20
c197-031:29988:30020 [3] NCCL INFO Trees [0] -1/-1/-1->11->10 [1] -1/-1/-1->11->10
c197-032:6686:6723 [1] NCCL INFO Trees [0] 14/-1/-1->13->12 [1] 14/20/-1->13->12
c197-031:29986:30026 [1] NCCL INFO Trees [0] 10/4/-1->9->8 [1] 10/-1/-1->9->8
c197-032:6688:6725 [3] NCCL INFO Trees [0] -1/-1/-1->15->14 [1] -1/-1/-1->15->14
c197-022:28487:28521 [2] NCCL INFO Trees [0] 7/-1/-1->6->5 [1] 7/-1/-1->6->5
c196-062:4897:4930 [0] NCCL INFO Channel 00/02 :    0   1   2   3   4   5   6   7   8   9  10  11  12  13  14  15  16  17  18  19
c197-031:29987:30022 [2] NCCL INFO Trees [0] 11/-1/-1->10->9 [1] 11/-1/-1->10->9
c199-012:23587:23620 [3] NCCL INFO Trees [0] -1/-1/-1->63->62 [1] -1/-1/-1->63->62
c197-032:6685:6721 [0] NCCL INFO Trees [0] 13/-1/-1->12->8 [1] 13/4/-1->12->28
c197-022:28488:28522 [3] NCCL INFO Trees [0] -1/-1/-1->7->6 [1] -1/-1/-1->7->6
c196-062:4899:4937 [2] NCCL INFO Trees [0] 3/-1/-1->2->1 [1] 3/-1/-1->2->1
c197-031:29985:30025 [0] NCCL INFO Trees [0] 9/12/-1->8->17 [1] 9/-1/-1->8->5
c199-012:23585:23624 [1] NCCL INFO Trees [0] 62/-1/-1->61->60 [1] 62/-1/-1->61->60
c198-102:18174:18210 [2] NCCL INFO Trees [0] 51/-1/-1->50->49 [1] 51/-1/-1->50->49
c199-011:17352:17385 [2] NCCL INFO Trees [0] 59/-1/-1->58->57 [1] 59/-1/-1->58->57
c197-032:6687:6726 [2] NCCL INFO Trees [0] 15/-1/-1->14->13 [1] 15/-1/-1->14->13
c197-022:28486:28526 [1] NCCL INFO Trees [0] 6/-1/-1->5->4 [1] 6/8/-1->5->4
c198-111:15967:16001 [3] NCCL INFO Trees [0] -1/-1/-1->55->54 [1] -1/-1/-1->55->54
c196-062:4900:4935 [3] NCCL INFO Trees [0] -1/-1/-1->3->2 [1] -1/-1/-1->3->2
c198-091:26985:27022 [2] NCCL INFO Trees [0] 43/-1/-1->42->41 [1] 43/-1/-1->42->41
c198-101:16601:16635 [2] NCCL INFO Trees [0] 47/-1/-1->46->45 [1] 47/-1/-1->46->45
c197-101:18006:18039 [3] NCCL INFO Trees [0] -1/-1/-1->39->38 [1] -1/-1/-1->39->38
c199-012:23586:23621 [2] NCCL INFO Trees [0] 63/-1/-1->62->61 [1] 63/-1/-1->62->61
c198-102:18175:18209 [3] NCCL INFO Trees [0] -1/-1/-1->51->50 [1] -1/-1/-1->51->50
c199-011:17353:17387 [3] NCCL INFO Trees [0] -1/-1/-1->59->58 [1] -1/-1/-1->59->58
c197-022:28485:28524 [0] NCCL INFO Trees [0] 5/-1/-1->4->9 [1] 5/0/-1->4->12
c198-111:15966:15999 [2] NCCL INFO Trees [0] 55/-1/-1->54->53 [1] 55/-1/-1->54->53
c196-062:4897:4930 [0] NCCL INFO Channel 01/02 :    0   1   2   3   4   5   6   7   8   9  10  11  12  13  14  15  16  17  18  19
c196-062:4897:4930 [0] NCCL INFO Trees [0] 1/32/-1->0->-1 [1] 1/-1/-1->0->4
c198-091:26986:27019 [3] NCCL INFO Trees [0] -1/-1/-1->43->42 [1] -1/-1/-1->43->42
c198-101:16602:16637 [3] NCCL INFO Trees [0] -1/-1/-1->47->46 [1] -1/-1/-1->47->46
c197-101:18005:18040 [2] NCCL INFO Trees [0] 39/-1/-1->38->37 [1] 39/-1/-1->38->37
c197-092:19472:19507 [2] NCCL INFO Trees [0] 35/-1/-1->34->33 [1] 35/-1/-1->34->33
c197-061:31977:32017 [1] NCCL INFO Trees [0] 26/20/-1->25->24 [1] 26/-1/-1->25->24
c199-012:23584:23625 [0] NCCL INFO Trees [0] 61/-1/-1->60->56 [1] 61/28/-1->60->-1
c198-102:18172:18214 [0] NCCL INFO Trees [0] 49/56/-1->48->32 [1] 49/-1/-1->48->52
c197-042:6798:6832 [3] NCCL INFO Trees [0] -1/-1/-1->23->22 [1] -1/-1/-1->23->22
c199-011:17350:17391 [0] NCCL INFO Trees [0] 57/60/-1->56->48 [1] 57/-1/-1->56->53
c197-071:5394:5428 [3] NCCL INFO Trees [0] -1/-1/-1->31->30 [1] -1/-1/-1->31->30
c198-111:15965:16005 [1] NCCL INFO Trees [0] 54/-1/-1->53->52 [1] 54/56/-1->53->52
c196-062:4898:4939 [1] NCCL INFO Trees [0] 2/-1/-1->1->0 [1] 2/-1/-1->1->0
c198-091:26984:27024 [1] NCCL INFO Trees [0] 42/36/-1->41->40 [1] 42/-1/-1->41->40
c198-101:16599:16641 [0] NCCL INFO Trees [0] 45/-1/-1->44->40 [1] 45/36/-1->44->29
c197-101:18003:18044 [0] NCCL INFO Trees [0] 37/-1/-1->36->41 [1] 37/32/-1->36->44
c197-092:19473:19511 [3] NCCL INFO Trees [0] -1/-1/-1->35->34 [1] -1/-1/-1->35->34
c197-061:31978:32018 [2] NCCL INFO Trees [0] 27/-1/-1->26->25 [1] 27/-1/-1->26->25
c198-102:18173:18213 [1] NCCL INFO Trees [0] 50/40/-1->49->48 [1] 50/-1/-1->49->48
c197-042:6797:6833 [2] NCCL INFO Trees [0] 23/-1/-1->22->21 [1] 23/-1/-1->22->21
c199-011:17351:17389 [1] NCCL INFO Trees [0] 58/52/-1->57->56 [1] 58/-1/-1->57->56
c197-041:11480:11514 [2] NCCL INFO Trees [0] 19/-1/-1->18->17 [1] 19/-1/-1->18->17
c197-071:5392:5433 [1] NCCL INFO Trees [0] 30/-1/-1->29->28 [1] 30/44/-1->29->28
c198-111:15964:16004 [0] NCCL INFO Trees [0] 53/-1/-1->52->57 [1] 53/48/-1->52->45
c198-091:26983:27023 [0] NCCL INFO Trees [0] 41/44/-1->40->49 [1] 41/-1/-1->40->37
c198-101:16600:16640 [1] NCCL INFO Trees [0] 46/-1/-1->45->44 [1] 46/52/-1->45->44
c197-101:18004:18043 [1] NCCL INFO Trees [0] 38/-1/-1->37->36 [1] 38/40/-1->37->36
c197-092:19470:19508 [0] NCCL INFO Trees [0] 33/48/-1->32->0 [1] 33/-1/-1->32->36
c197-061:31979:32012 [3] NCCL INFO Trees [0] -1/-1/-1->27->26 [1] -1/-1/-1->27->26
c197-042:6795:6836 [0] NCCL INFO Trees [0] 21/-1/-1->20->25 [1] 21/16/-1->20->13
c197-041:11481:11515 [3] NCCL INFO Trees [0] -1/-1/-1->19->18 [1] -1/-1/-1->19->18
c197-071:5393:5430 [2] NCCL INFO Trees [0] 31/-1/-1->30->29 [1] 31/-1/-1->30->29
c197-092:19471:19509 [1] NCCL INFO Trees [0] 34/16/-1->33->32 [1] 34/-1/-1->33->32
c197-061:31976:32015 [0] NCCL INFO Trees [0] 25/28/-1->24->16 [1] 25/-1/-1->24->21
c197-042:6796:6837 [1] NCCL INFO Trees [0] 22/-1/-1->21->20 [1] 22/24/-1->21->20
c197-041:11479:11518 [1] NCCL INFO Trees [0] 18/8/-1->17->16 [1] 18/-1/-1->17->16
c197-071:5391:5431 [0] NCCL INFO Trees [0] 29/-1/-1->28->24 [1] 29/12/-1->28->60
c197-041:11478:11519 [0] NCCL INFO Channel 00/0 : 15[83000] -> 16[2000] [receive] via NET/IB/0
c197-032:6685:6721 [0] NCCL INFO Channel 00/0 : 11[83000] -> 12[2000] [receive] via NET/IB/0
c197-031:29985:30025 [0] NCCL INFO Channel 00/0 : 7[83000] -> 8[2000] [receive] via NET/IB/0
c197-022:28485:28524 [0] NCCL INFO Channel 00/0 : 3[83000] -> 4[2000] [receive] via NET/IB/0
c198-111:15964:16004 [0] NCCL INFO Channel 00/0 : 51[83000] -> 52[2000] [receive] via NET/IB/0
c199-012:23584:23625 [0] NCCL INFO Channel 00/0 : 59[83000] -> 60[2000] [receive] via NET/IB/0
c198-102:18172:18214 [0] NCCL INFO Channel 00/0 : 47[83000] -> 48[2000] [receive] via NET/IB/0
c198-091:26983:27023 [0] NCCL INFO Channel 00/0 : 39[83000] -> 40[2000] [receive] via NET/IB/0
c199-011:17350:17391 [0] NCCL INFO Channel 00/0 : 55[83000] -> 56[2000] [receive] via NET/IB/0
c197-092:19470:19508 [0] NCCL INFO Channel 00/0 : 31[83000] -> 32[2000] [receive] via NET/IB/0
c197-061:31976:32015 [0] NCCL INFO Channel 00/0 : 23[83000] -> 24[2000] [receive] via NET/IB/0
c196-062:4897:4930 [0] NCCL INFO Channel 00/0 : 63[83000] -> 0[2000] [receive] via NET/IB/0
c198-101:16599:16641 [0] NCCL INFO Channel 00/0 : 43[83000] -> 44[2000] [receive] via NET/IB/0
c197-042:6795:6836 [0] NCCL INFO Channel 00/0 : 19[83000] -> 20[2000] [receive] via NET/IB/0
c197-101:18003:18044 [0] NCCL INFO Channel 00/0 : 35[83000] -> 36[2000] [receive] via NET/IB/0
c197-071:5391:5431 [0] NCCL INFO Channel 00/0 : 27[83000] -> 28[2000] [receive] via NET/IB/0
c197-031:29987:30022 [2] NCCL INFO Channel 00 : 10[82000] -> 11[83000] via direct shared memory
c197-031:29987:30022 [2] NCCL INFO Channel 01 : 10[82000] -> 11[83000] via direct shared memory
c197-022:28487:28521 [2] NCCL INFO Channel 00 : 6[82000] -> 7[83000] via direct shared memory
c199-012:23586:23621 [2] NCCL INFO Channel 00 : 62[82000] -> 63[83000] via direct shared memory
c197-022:28487:28521 [2] NCCL INFO Channel 01 : 6[82000] -> 7[83000] via direct shared memory
c198-111:15966:15999 [2] NCCL INFO Channel 00 : 54[82000] -> 55[83000] via direct shared memory
c199-012:23586:23621 [2] NCCL INFO Channel 01 : 62[82000] -> 63[83000] via direct shared memory
c199-011:17352:17385 [2] NCCL INFO Channel 00 : 58[82000] -> 59[83000] via direct shared memory
c199-011:17352:17385 [2] NCCL INFO Channel 01 : 58[82000] -> 59[83000] via direct shared memory
c198-111:15966:15999 [2] NCCL INFO Channel 01 : 54[82000] -> 55[83000] via direct shared memory
c197-032:6687:6726 [2] NCCL INFO Channel 00 : 14[82000] -> 15[83000] via direct shared memory
c198-111:15965:16005 [1] NCCL INFO Channel 00 : 53[3000] -> 54[82000] via direct shared memory
c198-102:18174:18210 [2] NCCL INFO Channel 00 : 50[82000] -> 51[83000] via direct shared memory
c197-032:6686:6723 [1] NCCL INFO Channel 00 : 13[3000] -> 14[82000] via direct shared memory
c198-111:15965:16005 [1] NCCL INFO Channel 01 : 53[3000] -> 54[82000] via direct shared memory
c197-031:29986:30026 [1] NCCL INFO Channel 00 : 9[3000] -> 10[82000] via direct shared memory
c197-032:6687:6726 [2] NCCL INFO Channel 01 : 14[82000] -> 15[83000] via direct shared memory
c197-031:29986:30026 [1] NCCL INFO Channel 01 : 9[3000] -> 10[82000] via direct shared memory
c198-102:18174:18210 [2] NCCL INFO Channel 01 : 50[82000] -> 51[83000] via direct shared memory
c197-041:11480:11514 [2] NCCL INFO Channel 00 : 18[82000] -> 19[83000] via direct shared memory
c198-091:26985:27022 [2] NCCL INFO Channel 00 : 42[82000] -> 43[83000] via direct shared memory
c197-101:18005:18040 [2] NCCL INFO Channel 00 : 38[82000] -> 39[83000] via direct shared memory
c197-032:6686:6723 [1] NCCL INFO Channel 01 : 13[3000] -> 14[82000] via direct shared memory
c197-041:11480:11514 [2] NCCL INFO Channel 01 : 18[82000] -> 19[83000] via direct shared memory
c197-022:28486:28526 [1] NCCL INFO Channel 00 : 5[3000] -> 6[82000] via direct shared memory
c198-091:26985:27022 [2] NCCL INFO Channel 01 : 42[82000] -> 43[83000] via direct shared memory
c197-101:18005:18040 [2] NCCL INFO Channel 01 : 38[82000] -> 39[83000] via direct shared memory
c199-012:23585:23624 [1] NCCL INFO Channel 00 : 61[3000] -> 62[82000] via direct shared memory
c197-022:28486:28526 [1] NCCL INFO Channel 01 : 5[3000] -> 6[82000] via direct shared memory
c199-012:23585:23624 [1] NCCL INFO Channel 01 : 61[3000] -> 62[82000] via direct shared memory
c196-062:4899:4937 [2] NCCL INFO Channel 00 : 2[82000] -> 3[83000] via direct shared memory
c197-042:6797:6833 [2] NCCL INFO Channel 00 : 22[82000] -> 23[83000] via direct shared memory
c196-062:4899:4937 [2] NCCL INFO Channel 01 : 2[82000] -> 3[83000] via direct shared memory
c197-092:19472:19507 [2] NCCL INFO Channel 00 : 34[82000] -> 35[83000] via direct shared memory
c197-042:6797:6833 [2] NCCL INFO Channel 01 : 22[82000] -> 23[83000] via direct shared memory
c197-092:19472:19507 [2] NCCL INFO Channel 01 : 34[82000] -> 35[83000] via direct shared memory
c197-071:5393:5430 [2] NCCL INFO Channel 00 : 30[82000] -> 31[83000] via direct shared memory
c198-101:16601:16635 [2] NCCL INFO Channel 00 : 46[82000] -> 47[83000] via direct shared memory
c197-071:5392:5433 [1] NCCL INFO Channel 00 : 29[3000] -> 30[82000] via direct shared memory
c198-101:16600:16640 [1] NCCL INFO Channel 00 : 45[3000] -> 46[82000] via direct shared memory
c197-061:31977:32017 [1] NCCL INFO Channel 00 : 25[3000] -> 26[82000] via direct shared memory
c197-071:5393:5430 [2] NCCL INFO Channel 01 : 30[82000] -> 31[83000] via direct shared memory
c198-101:16601:16635 [2] NCCL INFO Channel 01 : 46[82000] -> 47[83000] via direct shared memory
c197-061:31977:32017 [1] NCCL INFO Channel 01 : 25[3000] -> 26[82000] via direct shared memory
c197-071:5392:5433 [1] NCCL INFO Channel 01 : 29[3000] -> 30[82000] via direct shared memory
c196-062:4898:4939 [1] NCCL INFO Channel 00 : 1[3000] -> 2[82000] via direct shared memory
c198-101:16600:16640 [1] NCCL INFO Channel 01 : 45[3000] -> 46[82000] via direct shared memory
c197-061:31978:32018 [2] NCCL INFO Channel 00 : 26[82000] -> 27[83000] via direct shared memory
c196-062:4898:4939 [1] NCCL INFO Channel 01 : 1[3000] -> 2[82000] via direct shared memory
c197-061:31978:32018 [2] NCCL INFO Channel 01 : 26[82000] -> 27[83000] via direct shared memory
c197-031:29988:30020 [3] NCCL INFO Channel 00/0 : 11[83000] -> 12[2000] [send] via NET/IB/0
c199-012:23587:23620 [3] NCCL INFO Channel 00/0 : 63[83000] -> 0[2000] [send] via NET/IB/0
c199-011:17353:17387 [3] NCCL INFO Channel 00/0 : 59[83000] -> 60[2000] [send] via NET/IB/0
c197-022:28488:28522 [3] NCCL INFO Channel 00/0 : 7[83000] -> 8[2000] [send] via NET/IB/0
c198-111:15967:16001 [3] NCCL INFO Channel 00/0 : 55[83000] -> 56[2000] [send] via NET/IB/0
c198-102:18175:18209 [3] NCCL INFO Channel 00/0 : 51[83000] -> 52[2000] [send] via NET/IB/0
c197-032:6688:6725 [3] NCCL INFO Channel 00/0 : 15[83000] -> 16[2000] [send] via NET/IB/0
c197-041:11481:11515 [3] NCCL INFO Channel 00/0 : 19[83000] -> 20[2000] [send] via NET/IB/0
c197-101:18006:18039 [3] NCCL INFO Channel 00/0 : 39[83000] -> 40[2000] [send] via NET/IB/0
c198-091:26986:27019 [3] NCCL INFO Channel 00/0 : 43[83000] -> 44[2000] [send] via NET/IB/0
c197-042:6798:6832 [3] NCCL INFO Channel 00/0 : 23[83000] -> 24[2000] [send] via NET/IB/0
c196-062:4900:4935 [3] NCCL INFO Channel 00/0 : 3[83000] -> 4[2000] [send] via NET/IB/0
c198-101:16602:16637 [3] NCCL INFO Channel 00/0 : 47[83000] -> 48[2000] [send] via NET/IB/0
c197-071:5394:5428 [3] NCCL INFO Channel 00/0 : 31[83000] -> 32[2000] [send] via NET/IB/0
c197-061:31979:32012 [3] NCCL INFO Channel 00/0 : 27[83000] -> 28[2000] [send] via NET/IB/0
c198-091:26984:27024 [1] NCCL INFO Channel 00 : 41[3000] -> 42[82000] via direct shared memory
c199-011:17351:17389 [1] NCCL INFO Channel 00 : 57[3000] -> 58[82000] via direct shared memory
c198-091:26984:27024 [1] NCCL INFO Channel 01 : 41[3000] -> 42[82000] via direct shared memory
c198-102:18173:18213 [1] NCCL INFO Channel 00 : 49[3000] -> 50[82000] via direct shared memory
c199-011:17351:17389 [1] NCCL INFO Channel 01 : 57[3000] -> 58[82000] via direct shared memory
c198-102:18173:18213 [1] NCCL INFO Channel 01 : 49[3000] -> 50[82000] via direct shared memory
c197-041:11479:11518 [1] NCCL INFO Channel 00 : 17[3000] -> 18[82000] via direct shared memory
c197-101:18004:18043 [1] NCCL INFO Channel 00 : 37[3000] -> 38[82000] via direct shared memory
c197-092:19471:19509 [1] NCCL INFO Channel 00 : 33[3000] -> 34[82000] via direct shared memory
c197-101:18004:18043 [1] NCCL INFO Channel 01 : 37[3000] -> 38[82000] via direct shared memory
c197-092:19473:19511 [3] NCCL INFO Channel 00/0 : 35[83000] -> 36[2000] [send] via NET/IB/0
c197-041:11479:11518 [1] NCCL INFO Channel 01 : 17[3000] -> 18[82000] via direct shared memory
c197-092:19471:19509 [1] NCCL INFO Channel 01 : 33[3000] -> 34[82000] via direct shared memory
c197-042:6796:6837 [1] NCCL INFO Channel 00 : 21[3000] -> 22[82000] via direct shared memory
c197-042:6796:6837 [1] NCCL INFO Channel 01 : 21[3000] -> 22[82000] via direct shared memory
c197-041:11478:11519 [0] NCCL INFO Channel 01/0 : 15[83000] -> 16[2000] [receive] via NET/IB/0
c197-041:11478:11519 [0] NCCL INFO Channel 00 : 16[2000] -> 17[3000] via direct shared memory
c197-041:11478:11519 [0] NCCL INFO Channel 01 : 16[2000] -> 17[3000] via direct shared memory
c199-012:23584:23625 [0] NCCL INFO Channel 01/0 : 59[83000] -> 60[2000] [receive] via NET/IB/0
c199-012:23584:23625 [0] NCCL INFO Channel 00 : 60[2000] -> 61[3000] via direct shared memory
c199-012:23584:23625 [0] NCCL INFO Channel 01 : 60[2000] -> 61[3000] via direct shared memory
c197-032:6685:6721 [0] NCCL INFO Channel 01/0 : 11[83000] -> 12[2000] [receive] via NET/IB/0
c198-091:26983:27023 [0] NCCL INFO Channel 01/0 : 39[83000] -> 40[2000] [receive] via NET/IB/0
c197-032:6685:6721 [0] NCCL INFO Channel 00 : 12[2000] -> 13[3000] via direct shared memory
c198-091:26983:27023 [0] NCCL INFO Channel 00 : 40[2000] -> 41[3000] via direct shared memory
c199-011:17350:17391 [0] NCCL INFO Channel 01/0 : 55[83000] -> 56[2000] [receive] via NET/IB/0
c197-022:28485:28524 [0] NCCL INFO Channel 01/0 : 3[83000] -> 4[2000] [receive] via NET/IB/0
c197-031:29985:30025 [0] NCCL INFO Channel 01/0 : 7[83000] -> 8[2000] [receive] via NET/IB/0
c197-032:6685:6721 [0] NCCL INFO Channel 01 : 12[2000] -> 13[3000] via direct shared memory
c198-091:26983:27023 [0] NCCL INFO Channel 01 : 40[2000] -> 41[3000] via direct shared memory
c197-092:19470:19508 [0] NCCL INFO Channel 01/0 : 31[83000] -> 32[2000] [receive] via NET/IB/0
c198-102:18172:18214 [0] NCCL INFO Channel 01/0 : 47[83000] -> 48[2000] [receive] via NET/IB/0
c199-011:17350:17391 [0] NCCL INFO Channel 00 : 56[2000] -> 57[3000] via direct shared memory
c197-022:28485:28524 [0] NCCL INFO Channel 00 : 4[2000] -> 5[3000] via direct shared memory
c198-111:15964:16004 [0] NCCL INFO Channel 01/0 : 51[83000] -> 52[2000] [receive] via NET/IB/0
c197-092:19470:19508 [0] NCCL INFO Channel 00 : 32[2000] -> 33[3000] via direct shared memory
c197-031:29985:30025 [0] NCCL INFO Channel 00 : 8[2000] -> 9[3000] via direct shared memory
c199-011:17350:17391 [0] NCCL INFO Channel 01 : 56[2000] -> 57[3000] via direct shared memory
c197-022:28485:28524 [0] NCCL INFO Channel 01 : 4[2000] -> 5[3000] via direct shared memory
c196-062:4897:4930 [0] NCCL INFO Channel 01/0 : 63[83000] -> 0[2000] [receive] via NET/IB/0
c197-092:19470:19508 [0] NCCL INFO Channel 01 : 32[2000] -> 33[3000] via direct shared memory
c197-031:29985:30025 [0] NCCL INFO Channel 01 : 8[2000] -> 9[3000] via direct shared memory
c198-102:18172:18214 [0] NCCL INFO Channel 00 : 48[2000] -> 49[3000] via direct shared memory
c198-111:15964:16004 [0] NCCL INFO Channel 00 : 52[2000] -> 53[3000] via direct shared memory
c197-061:31976:32015 [0] NCCL INFO Channel 01/0 : 23[83000] -> 24[2000] [receive] via NET/IB/0
c198-102:18172:18214 [0] NCCL INFO Channel 01 : 48[2000] -> 49[3000] via direct shared memory
c198-111:15964:16004 [0] NCCL INFO Channel 01 : 52[2000] -> 53[3000] via direct shared memory
c196-062:4897:4930 [0] NCCL INFO Channel 00 : 0[2000] -> 1[3000] via direct shared memory
c197-061:31976:32015 [0] NCCL INFO Channel 00 : 24[2000] -> 25[3000] via direct shared memory
c196-062:4897:4930 [0] NCCL INFO Channel 01 : 0[2000] -> 1[3000] via direct shared memory
c197-061:31976:32015 [0] NCCL INFO Channel 01 : 24[2000] -> 25[3000] via direct shared memory
c197-042:6795:6836 [0] NCCL INFO Channel 01/0 : 19[83000] -> 20[2000] [receive] via NET/IB/0
c197-042:6795:6836 [0] NCCL INFO Channel 00 : 20[2000] -> 21[3000] via direct shared memory
c197-042:6795:6836 [0] NCCL INFO Channel 01 : 20[2000] -> 21[3000] via direct shared memory
c198-101:16599:16641 [0] NCCL INFO Channel 01/0 : 43[83000] -> 44[2000] [receive] via NET/IB/0
c198-101:16599:16641 [0] NCCL INFO Channel 00 : 44[2000] -> 45[3000] via direct shared memory
c197-101:18003:18044 [0] NCCL INFO Channel 01/0 : 35[83000] -> 36[2000] [receive] via NET/IB/0
c198-101:16599:16641 [0] NCCL INFO Channel 01 : 44[2000] -> 45[3000] via direct shared memory
c197-071:5391:5431 [0] NCCL INFO Channel 01/0 : 27[83000] -> 28[2000] [receive] via NET/IB/0
c197-101:18003:18044 [0] NCCL INFO Channel 00 : 36[2000] -> 37[3000] via direct shared memory
