##################################### MSCCL #####################################
# nThread 1 nGpus 1 minBytes 1024 maxBytes 268435456 step: 2(factor) warmup iters: 5 iters: 20 agg iters: 1 validation: 1 graph: 0
#
# Using devices
#  Rank  0 Group  0 Pid  11006 on   c196-042 device  0 [0x02] Quadro RTX 5000
#  Rank  1 Group  0 Pid  11007 on   c196-042 device  1 [0x03] Quadro RTX 5000
#  Rank  2 Group  0 Pid  11008 on   c196-042 device  2 [0x82] Quadro RTX 5000
#  Rank  3 Group  0 Pid  11009 on   c196-042 device  3 [0x83] Quadro RTX 5000
#  Rank  4 Group  0 Pid   6530 on   c196-052 device  0 [0x02] Quadro RTX 5000
#  Rank  5 Group  0 Pid   6531 on   c196-052 device  1 [0x03] Quadro RTX 5000
#  Rank  6 Group  0 Pid   6532 on   c196-052 device  2 [0x82] Quadro RTX 5000
#  Rank  7 Group  0 Pid   6533 on   c196-052 device  3 [0x83] Quadro RTX 5000
#  Rank  8 Group  0 Pid  23771 on   c196-062 device  0 [0x02] Quadro RTX 5000
#  Rank  9 Group  0 Pid  23772 on   c196-062 device  1 [0x03] Quadro RTX 5000
#  Rank 10 Group  0 Pid  23773 on   c196-062 device  2 [0x82] Quadro RTX 5000
#  Rank 11 Group  0 Pid  23774 on   c196-062 device  3 [0x83] Quadro RTX 5000
#  Rank 12 Group  0 Pid  31117 on   c197-012 device  0 [0x02] Quadro RTX 5000
#  Rank 13 Group  0 Pid  31118 on   c197-012 device  1 [0x03] Quadro RTX 5000
#  Rank 14 Group  0 Pid  31119 on   c197-012 device  2 [0x82] Quadro RTX 5000
#  Rank 15 Group  0 Pid  31120 on   c197-012 device  3 [0x83] Quadro RTX 5000
#  Rank 16 Group  0 Pid    340 on   c197-021 device  0 [0x02] Quadro RTX 5000
#  Rank 17 Group  0 Pid    341 on   c197-021 device  1 [0x03] Quadro RTX 5000
#  Rank 18 Group  0 Pid    342 on   c197-021 device  2 [0x82] Quadro RTX 5000
#  Rank 19 Group  0 Pid    343 on   c197-021 device  3 [0x83] Quadro RTX 5000
#  Rank 20 Group  0 Pid  15646 on   c197-022 device  0 [0x02] Quadro RTX 5000
#  Rank 21 Group  0 Pid  15647 on   c197-022 device  1 [0x03] Quadro RTX 5000
#  Rank 22 Group  0 Pid  15648 on   c197-022 device  2 [0x82] Quadro RTX 5000
#  Rank 23 Group  0 Pid  15649 on   c197-022 device  3 [0x83] Quadro RTX 5000
#  Rank 24 Group  0 Pid  17064 on   c197-031 device  0 [0x02] Quadro RTX 5000
#  Rank 25 Group  0 Pid  17065 on   c197-031 device  1 [0x03] Quadro RTX 5000
#  Rank 26 Group  0 Pid  17066 on   c197-031 device  2 [0x82] Quadro RTX 5000
#  Rank 27 Group  0 Pid  17067 on   c197-031 device  3 [0x83] Quadro RTX 5000
#  Rank 28 Group  0 Pid  26085 on   c197-032 device  0 [0x02] Quadro RTX 5000
#  Rank 29 Group  0 Pid  26086 on   c197-032 device  1 [0x03] Quadro RTX 5000
#  Rank 30 Group  0 Pid  26087 on   c197-032 device  2 [0x82] Quadro RTX 5000
#  Rank 31 Group  0 Pid  26088 on   c197-032 device  3 [0x83] Quadro RTX 5000
#  Rank 32 Group  0 Pid  19864 on   c197-041 device  0 [0x02] Quadro RTX 5000
#  Rank 33 Group  0 Pid  19865 on   c197-041 device  1 [0x03] Quadro RTX 5000
#  Rank 34 Group  0 Pid  19866 on   c197-041 device  2 [0x82] Quadro RTX 5000
#  Rank 35 Group  0 Pid  19867 on   c197-041 device  3 [0x83] Quadro RTX 5000
#  Rank 36 Group  0 Pid  29905 on   c197-042 device  0 [0x02] Quadro RTX 5000
#  Rank 37 Group  0 Pid  29906 on   c197-042 device  1 [0x03] Quadro RTX 5000
#  Rank 38 Group  0 Pid  29907 on   c197-042 device  2 [0x82] Quadro RTX 5000
#  Rank 39 Group  0 Pid  29908 on   c197-042 device  3 [0x83] Quadro RTX 5000
#  Rank 40 Group  0 Pid  20597 on   c197-061 device  0 [0x02] Quadro RTX 5000
#  Rank 41 Group  0 Pid  20598 on   c197-061 device  1 [0x03] Quadro RTX 5000
#  Rank 42 Group  0 Pid  20599 on   c197-061 device  2 [0x82] Quadro RTX 5000
#  Rank 43 Group  0 Pid  20600 on   c197-061 device  3 [0x83] Quadro RTX 5000
#  Rank 44 Group  0 Pid  26440 on   c197-071 device  0 [0x02] Quadro RTX 5000
#  Rank 45 Group  0 Pid  26441 on   c197-071 device  1 [0x03] Quadro RTX 5000
#  Rank 46 Group  0 Pid  26442 on   c197-071 device  2 [0x82] Quadro RTX 5000
#  Rank 47 Group  0 Pid  26443 on   c197-071 device  3 [0x83] Quadro RTX 5000
#  Rank 48 Group  0 Pid   4421 on   c197-101 device  0 [0x02] Quadro RTX 5000
#  Rank 49 Group  0 Pid   4422 on   c197-101 device  1 [0x03] Quadro RTX 5000
#  Rank 50 Group  0 Pid   4423 on   c197-101 device  2 [0x82] Quadro RTX 5000
#  Rank 51 Group  0 Pid   4424 on   c197-101 device  3 [0x83] Quadro RTX 5000
#  Rank 52 Group  0 Pid  15119 on   c197-111 device  0 [0x02] Quadro RTX 5000
#  Rank 53 Group  0 Pid  15120 on   c197-111 device  1 [0x03] Quadro RTX 5000
#  Rank 54 Group  0 Pid  15121 on   c197-111 device  2 [0x82] Quadro RTX 5000
#  Rank 55 Group  0 Pid  15122 on   c197-111 device  3 [0x83] Quadro RTX 5000
#  Rank 56 Group  0 Pid   3391 on   c199-011 device  0 [0x02] Quadro RTX 5000
#  Rank 57 Group  0 Pid   3392 on   c199-011 device  1 [0x03] Quadro RTX 5000
#  Rank 58 Group  0 Pid   3393 on   c199-011 device  2 [0x82] Quadro RTX 5000
#  Rank 59 Group  0 Pid   3394 on   c199-011 device  3 [0x83] Quadro RTX 5000
#  Rank 60 Group  0 Pid  10965 on   c199-012 device  0 [0x02] Quadro RTX 5000
#  Rank 61 Group  0 Pid  10966 on   c199-012 device  1 [0x03] Quadro RTX 5000
#  Rank 62 Group  0 Pid  10967 on   c199-012 device  2 [0x82] Quadro RTX 5000
#  Rank 63 Group  0 Pid  10968 on   c199-012 device  3 [0x83] Quadro RTX 5000
c196-042:11006:11006 [0] NCCL INFO Bootstrap : Using ib0:192.168.44.108<0>
c196-042:11006:11006 [0] NCCL INFO NET/Plugin : No plugin found (libnccl-net.so), using internal implementation
c196-042:11006:11006 [0] NCCL INFO NET/IB : Using [0]mlx4_0:1/IB [RO]; OOB ib0:192.168.44.108<0>
c196-042:11006:11006 [0] NCCL INFO Using network IB
NCCL version 2.12.12.MSCCL.0.7.4+cuda11.3
c196-042:11009:11009 [3] NCCL INFO Bootstrap : Using ib0:192.168.44.108<0>
c196-042:11009:11009 [3] NCCL INFO NET/Plugin : No plugin found (libnccl-net.so), using internal implementation
c196-042:11008:11008 [2] NCCL INFO Bootstrap : Using ib0:192.168.44.108<0>
c196-042:11008:11008 [2] NCCL INFO NET/Plugin : No plugin found (libnccl-net.so), using internal implementation
c196-042:11009:11009 [3] NCCL INFO NET/IB : Using [0]mlx4_0:1/IB [RO]; OOB ib0:192.168.44.108<0>
c196-042:11009:11009 [3] NCCL INFO Using network IB
c196-042:11008:11008 [2] NCCL INFO NET/IB : Using [0]mlx4_0:1/IB [RO]; OOB ib0:192.168.44.108<0>
c196-042:11008:11008 [2] NCCL INFO Using network IB
c196-042:11007:11007 [1] NCCL INFO Bootstrap : Using ib0:192.168.44.108<0>
c196-042:11007:11007 [1] NCCL INFO NET/Plugin : No plugin found (libnccl-net.so), using internal implementation
c196-042:11007:11007 [1] NCCL INFO NET/IB : Using [0]mlx4_0:1/IB [RO]; OOB ib0:192.168.44.108<0>
c196-042:11007:11007 [1] NCCL INFO Using network IB
c197-032:26087:26087 [2] NCCL INFO Bootstrap : Using ib0:192.168.44.128<0>
c197-032:26088:26088 [3] NCCL INFO Bootstrap : Using ib0:192.168.44.128<0>
c197-032:26087:26087 [2] NCCL INFO NET/Plugin : No plugin found (libnccl-net.so), using internal implementation
c197-032:26088:26088 [3] NCCL INFO NET/Plugin : No plugin found (libnccl-net.so), using internal implementation
c197-032:26086:26086 [1] NCCL INFO Bootstrap : Using ib0:192.168.44.128<0>
c197-032:26086:26086 [1] NCCL INFO NET/Plugin : No plugin found (libnccl-net.so), using internal implementation
c197-032:26087:26087 [2] NCCL INFO NET/IB : Using [0]mlx4_0:1/IB [RO]; OOB ib0:192.168.44.128<0>
c197-032:26087:26087 [2] NCCL INFO Using network IB
c197-032:26088:26088 [3] NCCL INFO NET/IB : Using [0]mlx4_0:1/IB [RO]; OOB ib0:192.168.44.128<0>
c197-032:26088:26088 [3] NCCL INFO Using network IB
c197-032:26085:26085 [0] NCCL INFO Bootstrap : Using ib0:192.168.44.128<0>
c197-032:26086:26086 [1] NCCL INFO NET/IB : Using [0]mlx4_0:1/IB [RO]; OOB ib0:192.168.44.128<0>
c197-032:26086:26086 [1] NCCL INFO Using network IB
c197-032:26085:26085 [0] NCCL INFO NET/Plugin : No plugin found (libnccl-net.so), using internal implementation
c197-032:26085:26085 [0] NCCL INFO NET/IB : Using [0]mlx4_0:1/IB [RO]; OOB ib0:192.168.44.128<0>
c197-032:26085:26085 [0] NCCL INFO Using network IB
c197-111:15121:15121 [2] NCCL INFO Bootstrap : Using ib0:192.168.44.143<0>
c197-111:15121:15121 [2] NCCL INFO NET/Plugin : No plugin found (libnccl-net.so), using internal implementation
c197-101:4422:4422 [1] NCCL INFO Bootstrap : Using ib0:192.168.44.141<0>
c197-101:4424:4424 [3] NCCL INFO Bootstrap : Using ib0:192.168.44.141<0>
c197-101:4422:4422 [1] NCCL INFO NET/Plugin : No plugin found (libnccl-net.so), using internal implementation
c197-101:4424:4424 [3] NCCL INFO NET/Plugin : No plugin found (libnccl-net.so), using internal implementation
c197-012:31117:31117 [0] NCCL INFO Bootstrap : Using ib0:192.168.44.124<0>
c197-012:31118:31118 [1] NCCL INFO Bootstrap : Using ib0:192.168.44.124<0>
c197-012:31119:31119 [2] NCCL INFO Bootstrap : Using ib0:192.168.44.124<0>
c197-012:31120:31120 [3] NCCL INFO Bootstrap : Using ib0:192.168.44.124<0>
c197-101:4422:4422 [1] NCCL INFO NET/IB : Using [0]mlx4_0:1/IB [RO]; OOB ib0:192.168.44.141<0>
c197-101:4422:4422 [1] NCCL INFO Using network IB
c197-101:4424:4424 [3] NCCL INFO NET/IB : Using [0]mlx4_0:1/IB [RO]; OOB ib0:192.168.44.141<0>
c197-101:4424:4424 [3] NCCL INFO Using network IB
c197-111:15121:15121 [2] NCCL INFO NET/IB : Using [0]mlx4_0:1/IB [RO]; OOB ib0:192.168.44.143<0>
c197-111:15121:15121 [2] NCCL INFO Using network IB
c197-101:4423:4423 [2] NCCL INFO Bootstrap : Using ib0:192.168.44.141<0>
c197-101:4423:4423 [2] NCCL INFO NET/Plugin : No plugin found (libnccl-net.so), using internal implementation
c199-012:10968:10968 [3] NCCL INFO Bootstrap : Using ib0:192.168.44.168<0>
c197-012:31117:31117 [0] NCCL INFO NET/Plugin : No plugin found (libnccl-net.so), using internal implementation
c197-012:31118:31118 [1] NCCL INFO NET/Plugin : No plugin found (libnccl-net.so), using internal implementation
c197-012:31119:31119 [2] NCCL INFO NET/Plugin : No plugin found (libnccl-net.so), using internal implementation
c197-012:31120:31120 [3] NCCL INFO NET/Plugin : No plugin found (libnccl-net.so), using internal implementation
c199-012:10968:10968 [3] NCCL INFO NET/Plugin : No plugin found (libnccl-net.so), using internal implementation
c197-111:15122:15122 [3] NCCL INFO Bootstrap : Using ib0:192.168.44.143<0>
c197-101:4423:4423 [2] NCCL INFO NET/IB : Using [0]mlx4_0:1/IB [RO]; OOB ib0:192.168.44.141<0>
c197-101:4423:4423 [2] NCCL INFO Using network IB
c197-111:15122:15122 [3] NCCL INFO NET/Plugin : No plugin found (libnccl-net.so), using internal implementation
c197-111:15122:15122 [3] NCCL INFO NET/IB : Using [0]mlx4_0:1/IB [RO]; OOB ib0:192.168.44.143<0>
c197-111:15122:15122 [3] NCCL INFO Using network IB
c197-042:29907:29907 [2] NCCL INFO Bootstrap : Using ib0:192.168.44.130<0>
c197-042:29908:29908 [3] NCCL INFO Bootstrap : Using ib0:192.168.44.130<0>
c197-101:4421:4421 [0] NCCL INFO Bootstrap : Using ib0:192.168.44.141<0>
c197-042:29907:29907 [2] NCCL INFO NET/Plugin : No plugin found (libnccl-net.so), using internal implementation
c197-101:4421:4421 [0] NCCL INFO NET/Plugin : No plugin found (libnccl-net.so), using internal implementation
c197-061:20599:20599 [2] NCCL INFO Bootstrap : Using ib0:192.168.44.133<0>
c197-042:29908:29908 [3] NCCL INFO NET/Plugin : No plugin found (libnccl-net.so), using internal implementation
c199-012:10967:10967 [2] NCCL INFO Bootstrap : Using ib0:192.168.44.168<0>
c199-012:10967:10967 [2] NCCL INFO NET/Plugin : No plugin found (libnccl-net.so), using internal implementation
c197-061:20599:20599 [2] NCCL INFO NET/Plugin : No plugin found (libnccl-net.so), using internal implementation
c199-012:10968:10968 [3] NCCL INFO NET/IB : Using [0]mlx4_0:1/IB [RO]; OOB ib0:192.168.44.168<0>
c199-012:10968:10968 [3] NCCL INFO Using network IB
c197-101:4421:4421 [0] NCCL INFO NET/IB : Using [0]mlx4_0:1/IB [RO]; OOB ib0:192.168.44.141<0>
c197-101:4421:4421 [0] NCCL INFO Using network IB
c197-071:26442:26442 [2] NCCL INFO Bootstrap : Using ib0:192.168.44.135<0>
c199-012:10967:10967 [2] NCCL INFO NET/IB : Using [0]mlx4_0:1/IB [RO]; OOB ib0:192.168.44.168<0>
c199-012:10967:10967 [2] NCCL INFO Using network IB
c197-071:26443:26443 [3] NCCL INFO Bootstrap : Using ib0:192.168.44.135<0>
c197-061:20599:20599 [2] NCCL INFO NET/IB : Using [0]mlx4_0:1/IB [RO]; OOB ib0:192.168.44.133<0>
c197-061:20599:20599 [2] NCCL INFO Using network IB
c197-061:20598:20598 [1] NCCL INFO Bootstrap : Using ib0:192.168.44.133<0>
c197-071:26442:26442 [2] NCCL INFO NET/Plugin : No plugin found (libnccl-net.so), using internal implementation
c197-071:26443:26443 [3] NCCL INFO NET/Plugin : No plugin found (libnccl-net.so), using internal implementation
c197-061:20598:20598 [1] NCCL INFO NET/Plugin : No plugin found (libnccl-net.so), using internal implementation
c197-021:342:342 [2] NCCL INFO Bootstrap : Using ib0:192.168.44.125<0>
c197-021:342:342 [2] NCCL INFO NET/Plugin : No plugin found (libnccl-net.so), using internal implementation
c197-012:31119:31119 [2] NCCL INFO NET/IB : Using [0]mlx4_0:1/IB [RO]; OOB ib0:192.168.44.124<0>
c197-012:31119:31119 [2] NCCL INFO Using network IB
c197-012:31118:31118 [1] NCCL INFO NET/IB : Using [0]mlx4_0:1/IB [RO]; OOB ib0:192.168.44.124<0>
c197-012:31118:31118 [1] NCCL INFO Using network IB
c197-012:31120:31120 [3] NCCL INFO NET/IB : Using [0]mlx4_0:1/IB [RO]; OOB ib0:192.168.44.124<0>
c197-012:31120:31120 [3] NCCL INFO Using network IB
c197-061:20598:20598 [1] NCCL INFO NET/IB : Using [0]mlx4_0:1/IB [RO]; OOB ib0:192.168.44.133<0>
c197-061:20598:20598 [1] NCCL INFO Using network IB
c197-012:31117:31117 [0] NCCL INFO NET/IB : Using [0]mlx4_0:1/IB [RO]; OOB ib0:192.168.44.124<0>
c197-012:31117:31117 [0] NCCL INFO Using network IB
c197-061:20600:20600 [3] NCCL INFO Bootstrap : Using ib0:192.168.44.133<0>
c197-061:20600:20600 [3] NCCL INFO NET/Plugin : No plugin found (libnccl-net.so), using internal implementation
c199-011:3394:3394 [3] NCCL INFO Bootstrap : Using ib0:192.168.44.167<0>
c197-041:19866:19866 [2] NCCL INFO Bootstrap : Using ib0:192.168.44.129<0>
c197-061:20600:20600 [3] NCCL INFO NET/IB : Using [0]mlx4_0:1/IB [RO]; OOB ib0:192.168.44.133<0>
c197-061:20600:20600 [3] NCCL INFO Using network IB
c197-041:19867:19867 [3] NCCL INFO Bootstrap : Using ib0:192.168.44.129<0>
c197-022:15648:15648 [2] NCCL INFO Bootstrap : Using ib0:192.168.44.126<0>
c199-011:3394:3394 [3] NCCL INFO NET/Plugin : No plugin found (libnccl-net.so), using internal implementation
c197-041:19866:19866 [2] NCCL INFO NET/Plugin : No plugin found (libnccl-net.so), using internal implementation
c197-041:19867:19867 [3] NCCL INFO NET/Plugin : No plugin found (libnccl-net.so), using internal implementation
c197-071:26443:26443 [3] NCCL INFO NET/IB : Using [0]mlx4_0:1/IB [RO]; OOB ib0:192.168.44.135<0>
c197-071:26443:26443 [3] NCCL INFO Using network IB
c197-071:26442:26442 [2] NCCL INFO NET/IB : Using [0]mlx4_0:1/IB [RO]; OOB ib0:192.168.44.135<0>
c197-071:26442:26442 [2] NCCL INFO Using network IB
c197-022:15648:15648 [2] NCCL INFO NET/Plugin : No plugin found (libnccl-net.so), using internal implementation
c199-011:3394:3394 [3] NCCL INFO NET/IB : Using [0]mlx4_0:1/IB [RO]; OOB ib0:192.168.44.167<0>
c199-011:3394:3394 [3] NCCL INFO Using network IB
c197-042:29905:29905 [0] NCCL INFO Bootstrap : Using ib0:192.168.44.130<0>
c197-042:29906:29906 [1] NCCL INFO Bootstrap : Using ib0:192.168.44.130<0>
c197-042:29905:29905 [0] NCCL INFO NET/Plugin : No plugin found (libnccl-net.so), using internal implementation
c197-022:15649:15649 [3] NCCL INFO Bootstrap : Using ib0:192.168.44.126<0>
c197-042:29906:29906 [1] NCCL INFO NET/Plugin : No plugin found (libnccl-net.so), using internal implementation
c197-111:15119:15119 [0] NCCL INFO Bootstrap : Using ib0:192.168.44.143<0>
c197-022:15649:15649 [3] NCCL INFO NET/Plugin : No plugin found (libnccl-net.so), using internal implementation
c196-062:23773:23773 [2] NCCL INFO Bootstrap : Using ib0:192.168.44.112<0>
c197-042:29908:29908 [3] NCCL INFO NET/IB : Using [0]mlx4_0:1/IB [RO]; OOB ib0:192.168.44.130<0>
c197-042:29908:29908 [3] NCCL INFO Using network IB
c197-111:15120:15120 [1] NCCL INFO Bootstrap : Using ib0:192.168.44.143<0>
c197-022:15648:15648 [2] NCCL INFO NET/IB : Using [0]mlx4_0:1/IB [RO]; OOB ib0:192.168.44.126<0>
c197-022:15648:15648 [2] NCCL INFO Using network IB
c196-062:23774:23774 [3] NCCL INFO Bootstrap : Using ib0:192.168.44.112<0>
c197-042:29907:29907 [2] NCCL INFO NET/IB : Using [0]mlx4_0:1/IB [RO]; OOB ib0:192.168.44.130<0>
c197-042:29907:29907 [2] NCCL INFO Using network IB
c197-111:15119:15119 [0] NCCL INFO NET/Plugin : No plugin found (libnccl-net.so), using internal implementation
c197-111:15120:15120 [1] NCCL INFO NET/Plugin : No plugin found (libnccl-net.so), using internal implementation
c196-062:23773:23773 [2] NCCL INFO NET/Plugin : No plugin found (libnccl-net.so), using internal implementation
c196-062:23774:23774 [3] NCCL INFO NET/Plugin : No plugin found (libnccl-net.so), using internal implementation
c197-061:20597:20597 [0] NCCL INFO Bootstrap : Using ib0:192.168.44.133<0>
c197-061:20597:20597 [0] NCCL INFO NET/Plugin : No plugin found (libnccl-net.so), using internal implementation
c197-022:15649:15649 [3] NCCL INFO NET/IB : Using [0]mlx4_0:1/IB [RO]; OOB ib0:192.168.44.126<0>
c197-022:15649:15649 [3] NCCL INFO Using network IB
c197-042:29905:29905 [0] NCCL INFO NET/IB : Using [0]mlx4_0:1/IB [RO]; OOB ib0:192.168.44.130<0>
c197-042:29905:29905 [0] NCCL INFO Using network IB
c197-042:29906:29906 [1] NCCL INFO NET/IB : Using [0]mlx4_0:1/IB [RO]; OOB ib0:192.168.44.130<0>
c197-042:29906:29906 [1] NCCL INFO Using network IB
c197-041:19866:19866 [2] NCCL INFO NET/IB : Using [0]mlx4_0:1/IB [RO]; OOB ib0:192.168.44.129<0>
c197-041:19866:19866 [2] NCCL INFO Using network IB
c197-041:19867:19867 [3] NCCL INFO NET/IB : Using [0]mlx4_0:1/IB [RO]; OOB ib0:192.168.44.129<0>
c197-041:19867:19867 [3] NCCL INFO Using network IB
c197-021:340:340 [0] NCCL INFO Bootstrap : Using ib0:192.168.44.125<0>
c197-021:343:343 [3] NCCL INFO Bootstrap : Using ib0:192.168.44.125<0>
c199-011:3393:3393 [2] NCCL INFO Bootstrap : Using ib0:192.168.44.167<0>
c197-021:341:341 [1] NCCL INFO Bootstrap : Using ib0:192.168.44.125<0>
c197-021:343:343 [3] NCCL INFO NET/Plugin : No plugin found (libnccl-net.so), using internal implementation
c197-061:20597:20597 [0] NCCL INFO NET/IB : Using [0]mlx4_0:1/IB [RO]; OOB ib0:192.168.44.133<0>
c197-061:20597:20597 [0] NCCL INFO Using network IB
c199-011:3392:3392 [1] NCCL INFO Bootstrap : Using ib0:192.168.44.167<0>
c197-021:340:340 [0] NCCL INFO NET/Plugin : No plugin found (libnccl-net.so), using internal implementation
c199-011:3393:3393 [2] NCCL INFO NET/Plugin : No plugin found (libnccl-net.so), using internal implementation
c197-021:341:341 [1] NCCL INFO NET/Plugin : No plugin found (libnccl-net.so), using internal implementation
c199-011:3392:3392 [1] NCCL INFO NET/Plugin : No plugin found (libnccl-net.so), using internal implementation
c197-021:342:342 [2] NCCL INFO NET/IB : Using [0]mlx4_0:1/IB [RO]; OOB ib0:192.168.44.125<0>
c197-021:342:342 [2] NCCL INFO Using network IB
c197-031:17066:17066 [2] NCCL INFO Bootstrap : Using ib0:192.168.44.127<0>
c197-021:343:343 [3] NCCL INFO NET/IB : Using [0]mlx4_0:1/IB [RO]; OOB ib0:192.168.44.125<0>
c197-021:343:343 [3] NCCL INFO Using network IB
c199-011:3393:3393 [2] NCCL INFO NET/IB : Using [0]mlx4_0:1/IB [RO]; OOB ib0:192.168.44.167<0>
c199-011:3393:3393 [2] NCCL INFO Using network IB
c197-031:17066:17066 [2] NCCL INFO NET/Plugin : No plugin found (libnccl-net.so), using internal implementation
c199-011:3392:3392 [1] NCCL INFO NET/IB : Using [0]mlx4_0:1/IB [RO]; OOB ib0:192.168.44.167<0>
c199-011:3392:3392 [1] NCCL INFO Using network IB
c197-111:15119:15119 [0] NCCL INFO NET/IB : Using [0]mlx4_0:1/IB [RO]; OOB ib0:192.168.44.143<0>
c197-111:15119:15119 [0] NCCL INFO Using network IB
c197-111:15120:15120 [1] NCCL INFO NET/IB : Using [0]mlx4_0:1/IB [RO]; OOB ib0:192.168.44.143<0>
c197-111:15120:15120 [1] NCCL INFO Using network IB
c197-021:340:340 [0] NCCL INFO NET/IB : Using [0]mlx4_0:1/IB [RO]; OOB ib0:192.168.44.125<0>
c197-021:340:340 [0] NCCL INFO Using network IB
c197-021:341:341 [1] NCCL INFO NET/IB : Using [0]mlx4_0:1/IB [RO]; OOB ib0:192.168.44.125<0>
c197-021:341:341 [1] NCCL INFO Using network IB
c196-052:6530:6530 [0] NCCL INFO Bootstrap : Using ib0:192.168.44.110<0>
c196-052:6531:6531 [1] NCCL INFO Bootstrap : Using ib0:192.168.44.110<0>
c197-031:17066:17066 [2] NCCL INFO NET/IB : Using [0]mlx4_0:1/IB [RO]; OOB ib0:192.168.44.127<0>
c197-031:17066:17066 [2] NCCL INFO Using network IB
c196-062:23772:23772 [1] NCCL INFO Bootstrap : Using ib0:192.168.44.112<0>
c196-062:23772:23772 [1] NCCL INFO NET/Plugin : No plugin found (libnccl-net.so), using internal implementation
c196-052:6530:6530 [0] NCCL INFO NET/Plugin : No plugin found (libnccl-net.so), using internal implementation
c196-052:6531:6531 [1] NCCL INFO NET/Plugin : No plugin found (libnccl-net.so), using internal implementation
c199-012:10966:10966 [1] NCCL INFO Bootstrap : Using ib0:192.168.44.168<0>
c196-062:23773:23773 [2] NCCL INFO NET/IB : Using [0]mlx4_0:1/IB [RO]; OOB ib0:192.168.44.112<0>
c196-062:23773:23773 [2] NCCL INFO Using network IB
c196-062:23774:23774 [3] NCCL INFO NET/IB : Using [0]mlx4_0:1/IB [RO]; OOB ib0:192.168.44.112<0>
c196-062:23774:23774 [3] NCCL INFO Using network IB
c199-012:10966:10966 [1] NCCL INFO NET/Plugin : No plugin found (libnccl-net.so), using internal implementation
c197-041:19865:19865 [1] NCCL INFO Bootstrap : Using ib0:192.168.44.129<0>
c197-041:19865:19865 [1] NCCL INFO NET/Plugin : No plugin found (libnccl-net.so), using internal implementation
c196-062:23771:23771 [0] NCCL INFO Bootstrap : Using ib0:192.168.44.112<0>
c196-062:23771:23771 [0] NCCL INFO NET/Plugin : No plugin found (libnccl-net.so), using internal implementation
c196-062:23772:23772 [1] NCCL INFO NET/IB : Using [0]mlx4_0:1/IB [RO]; OOB ib0:192.168.44.112<0>
c196-062:23772:23772 [1] NCCL INFO Using network IB
c196-062:23771:23771 [0] NCCL INFO NET/IB : Using [0]mlx4_0:1/IB [RO]; OOB ib0:192.168.44.112<0>
c196-062:23771:23771 [0] NCCL INFO Using network IB
c199-011:3391:3391 [0] NCCL INFO Bootstrap : Using ib0:192.168.44.167<0>
c199-011:3391:3391 [0] NCCL INFO NET/Plugin : No plugin found (libnccl-net.so), using internal implementation
c197-041:19864:19864 [0] NCCL INFO Bootstrap : Using ib0:192.168.44.129<0>
c197-022:15646:15646 [0] NCCL INFO Bootstrap : Using ib0:192.168.44.126<0>
c199-012:10965:10965 [0] NCCL INFO Bootstrap : Using ib0:192.168.44.168<0>
c197-022:15647:15647 [1] NCCL INFO Bootstrap : Using ib0:192.168.44.126<0>
c197-041:19864:19864 [0] NCCL INFO NET/Plugin : No plugin found (libnccl-net.so), using internal implementation
c199-012:10965:10965 [0] NCCL INFO NET/Plugin : No plugin found (libnccl-net.so), using internal implementation
c197-031:17067:17067 [3] NCCL INFO Bootstrap : Using ib0:192.168.44.127<0>
c197-022:15646:15646 [0] NCCL INFO NET/Plugin : No plugin found (libnccl-net.so), using internal implementation
c197-031:17065:17065 [1] NCCL INFO Bootstrap : Using ib0:192.168.44.127<0>
c197-022:15647:15647 [1] NCCL INFO NET/Plugin : No plugin found (libnccl-net.so), using internal implementation
c197-031:17067:17067 [3] NCCL INFO NET/Plugin : No plugin found (libnccl-net.so), using internal implementation
c197-031:17065:17065 [1] NCCL INFO NET/Plugin : No plugin found (libnccl-net.so), using internal implementation
c199-011:3391:3391 [0] NCCL INFO NET/IB : Using [0]mlx4_0:1/IB [RO]; OOB ib0:192.168.44.167<0>
c199-011:3391:3391 [0] NCCL INFO Using network IB
c199-012:10966:10966 [1] NCCL INFO NET/IB : Using [0]mlx4_0:1/IB [RO]; OOB ib0:192.168.44.168<0>
c199-012:10966:10966 [1] NCCL INFO Using network IB
c197-041:19865:19865 [1] NCCL INFO NET/IB : Using [0]mlx4_0:1/IB [RO]; OOB ib0:192.168.44.129<0>
c197-041:19865:19865 [1] NCCL INFO Using network IB
c199-012:10965:10965 [0] NCCL INFO NET/IB : Using [0]mlx4_0:1/IB [RO]; OOB ib0:192.168.44.168<0>
c199-012:10965:10965 [0] NCCL INFO Using network IB
c197-041:19864:19864 [0] NCCL INFO NET/IB : Using [0]mlx4_0:1/IB [RO]; OOB ib0:192.168.44.129<0>
c197-041:19864:19864 [0] NCCL INFO Using network IB
c197-031:17067:17067 [3] NCCL INFO NET/IB : Using [0]mlx4_0:1/IB [RO]; OOB ib0:192.168.44.127<0>
c197-031:17067:17067 [3] NCCL INFO Using network IB
c197-031:17065:17065 [1] NCCL INFO NET/IB : Using [0]mlx4_0:1/IB [RO]; OOB ib0:192.168.44.127<0>
c197-031:17065:17065 [1] NCCL INFO Using network IB
c196-052:6533:6533 [3] NCCL INFO Bootstrap : Using ib0:192.168.44.110<0>
c196-052:6532:6532 [2] NCCL INFO Bootstrap : Using ib0:192.168.44.110<0>
c196-052:6532:6532 [2] NCCL INFO NET/Plugin : No plugin found (libnccl-net.so), using internal implementation
c196-052:6533:6533 [3] NCCL INFO NET/Plugin : No plugin found (libnccl-net.so), using internal implementation
c196-052:6531:6531 [1] NCCL INFO NET/IB : Using [0]mlx4_0:1/IB [RO]; OOB ib0:192.168.44.110<0>
c196-052:6531:6531 [1] NCCL INFO Using network IB
c196-052:6530:6530 [0] NCCL INFO NET/IB : Using [0]mlx4_0:1/IB [RO]; OOB ib0:192.168.44.110<0>
c196-052:6530:6530 [0] NCCL INFO Using network IB
c197-022:15646:15646 [0] NCCL INFO NET/IB : Using [0]mlx4_0:1/IB [RO]; OOB ib0:192.168.44.126<0>
c197-022:15646:15646 [0] NCCL INFO Using network IB
c197-022:15647:15647 [1] NCCL INFO NET/IB : Using [0]mlx4_0:1/IB [RO]; OOB ib0:192.168.44.126<0>
c197-022:15647:15647 [1] NCCL INFO Using network IB
c196-052:6533:6533 [3] NCCL INFO NET/IB : Using [0]mlx4_0:1/IB [RO]; OOB ib0:192.168.44.110<0>
c196-052:6533:6533 [3] NCCL INFO Using network IB
c196-052:6532:6532 [2] NCCL INFO NET/IB : Using [0]mlx4_0:1/IB [RO]; OOB ib0:192.168.44.110<0>
c196-052:6532:6532 [2] NCCL INFO Using network IB
c197-031:17064:17064 [0] NCCL INFO Bootstrap : Using ib0:192.168.44.127<0>
c197-031:17064:17064 [0] NCCL INFO NET/Plugin : No plugin found (libnccl-net.so), using internal implementation
c197-031:17064:17064 [0] NCCL INFO NET/IB : Using [0]mlx4_0:1/IB [RO]; OOB ib0:192.168.44.127<0>
c197-031:17064:17064 [0] NCCL INFO Using network IB
c197-071:26440:26440 [0] NCCL INFO Bootstrap : Using ib0:192.168.44.135<0>
c197-071:26441:26441 [1] NCCL INFO Bootstrap : Using ib0:192.168.44.135<0>
c197-071:26440:26440 [0] NCCL INFO NET/Plugin : No plugin found (libnccl-net.so), using internal implementation
c197-071:26441:26441 [1] NCCL INFO NET/Plugin : No plugin found (libnccl-net.so), using internal implementation
c197-071:26440:26440 [0] NCCL INFO NET/IB : Using [0]mlx4_0:1/IB [RO]; OOB ib0:192.168.44.135<0>
c197-071:26440:26440 [0] NCCL INFO Using network IB
c197-071:26441:26441 [1] NCCL INFO NET/IB : Using [0]mlx4_0:1/IB [RO]; OOB ib0:192.168.44.135<0>
c197-071:26441:26441 [1] NCCL INFO Using network IB
c196-042:11006:11040 [0] NCCL INFO Setting affinity for GPU 0 to 0f000f
c196-042:11009:11045 [3] NCCL INFO Setting affinity for GPU 3 to f000f000
c197-061:20600:20637 [3] NCCL INFO Setting affinity for GPU 3 to f000f000
c197-042:29905:29947 [0] NCCL INFO Setting affinity for GPU 0 to 0f000f
c197-031:17067:17102 [3] NCCL INFO Setting affinity for GPU 3 to f000f000
c197-061:20597:20639 [0] NCCL INFO Setting affinity for GPU 0 to 0f000f
c197-061:20599:20633 [2] NCCL INFO Setting affinity for GPU 2 to 0f000f00
c197-111:15122:15158 [3] NCCL INFO Setting affinity for GPU 3 to f000f000
c197-031:17064:17106 [0] NCCL INFO Setting affinity for GPU 0 to 0f000f
c196-042:11008:11047 [2] NCCL INFO Setting affinity for GPU 2 to 0f000f00
c197-042:29908:29943 [3] NCCL INFO Setting affinity for GPU 3 to f000f000
c197-111:15119:15161 [0] NCCL INFO Setting affinity for GPU 0 to 0f000f
c197-012:31117:31159 [0] NCCL INFO Setting affinity for GPU 0 to 0f000f
c196-052:6533:6572 [3] NCCL INFO Setting affinity for GPU 3 to f000f000
c199-012:10968:11002 [3] NCCL INFO Setting affinity for GPU 3 to f000f000
c197-042:29906:29948 [1] NCCL INFO Setting affinity for GPU 1 to f000f0
c197-111:15121:15156 [2] NCCL INFO Setting affinity for GPU 2 to 0f000f00
c197-042:29907:29944 [2] NCCL INFO Setting affinity for GPU 2 to 0f000f00
c199-011:3394:3428 [3] NCCL INFO Setting affinity for GPU 3 to f000f000
c196-042:11007:11049 [1] NCCL INFO Setting affinity for GPU 1 to f000f0
c197-041:19867:19901 [3] NCCL INFO Setting affinity for GPU 3 to f000f000
c199-012:10965:11008 [0] NCCL INFO Setting affinity for GPU 0 to 0f000f
c197-012:31120:31157 [3] NCCL INFO Setting affinity for GPU 3 to f000f000
c199-011:3391:3434 [0] NCCL INFO Setting affinity for GPU 0 to 0f000f
c196-062:23774:23809 [3] NCCL INFO Setting affinity for GPU 3 to f000f000
c199-011:3393:3430 [2] NCCL INFO Setting affinity for GPU 2 to 0f000f00
c197-101:4424:4459 [3] NCCL INFO Setting affinity for GPU 3 to f000f000
c197-071:26443:26477 [3] NCCL INFO Setting affinity for GPU 3 to f000f000
c197-041:19864:19905 [0] NCCL INFO Setting affinity for GPU 0 to 0f000f
c196-052:6530:6570 [0] NCCL INFO Setting affinity for GPU 0 to 0f000f
c197-012:31118:31156 [1] NCCL INFO Setting affinity for GPU 1 to f000f0
c197-012:31119:31154 [2] NCCL INFO Setting affinity for GPU 2 to 0f000f00
c197-041:19866:19900 [2] NCCL INFO Setting affinity for GPU 2 to 0f000f00
c197-021:343:378 [3] NCCL INFO Setting affinity for GPU 3 to f000f000
c199-012:10966:11006 [1] NCCL INFO Setting affinity for GPU 1 to f000f0
c197-101:4421:4463 [0] NCCL INFO Setting affinity for GPU 0 to 0f000f
c196-052:6532:6574 [2] NCCL INFO Setting affinity for GPU 2 to 0f000f00
c197-021:340:381 [0] NCCL INFO Setting affinity for GPU 0 to 0f000f
c199-012:10967:11004 [2] NCCL INFO Setting affinity for GPU 2 to 0f000f00
c197-101:4423:4461 [2] NCCL INFO Setting affinity for GPU 2 to 0f000f00
c196-052:6531:6569 [1] NCCL INFO Setting affinity for GPU 1 to f000f0
c197-031:17066:17100 [2] NCCL INFO Setting affinity for GPU 2 to 0f000f00
c197-071:26440:26481 [0] NCCL INFO Setting affinity for GPU 0 to 0f000f
c197-032:26088:26123 [3] NCCL INFO Setting affinity for GPU 3 to f000f000
c197-021:341:382 [1] NCCL INFO Setting affinity for GPU 1 to f000f0
c197-071:26441:26482 [1] NCCL INFO Setting affinity for GPU 1 to f000f0
c197-021:342:376 [2] NCCL INFO Setting affinity for GPU 2 to 0f000f00
c196-062:23771:23813 [0] NCCL INFO Setting affinity for GPU 0 to 0f000f
c196-062:23773:23808 [2] NCCL INFO Setting affinity for GPU 2 to 0f000f00
c197-071:26442:26478 [2] NCCL INFO Setting affinity for GPU 2 to 0f000f00
c197-061:20598:20635 [1] NCCL INFO Setting affinity for GPU 1 to f000f0
c196-062:23772:23811 [1] NCCL INFO Setting affinity for GPU 1 to f000f0
c197-032:26085:26127 [0] NCCL INFO Setting affinity for GPU 0 to 0f000f
c197-032:26087:26121 [2] NCCL INFO Setting affinity for GPU 2 to 0f000f00
c197-022:15649:15684 [3] NCCL INFO Setting affinity for GPU 3 to f000f000
c197-032:26086:26125 [1] NCCL INFO Setting affinity for GPU 1 to f000f0
c197-022:15646:15687 [0] NCCL INFO Setting affinity for GPU 0 to 0f000f
c199-011:3392:3432 [1] NCCL INFO Setting affinity for GPU 1 to f000f0
c197-041:19865:19903 [1] NCCL INFO Setting affinity for GPU 1 to f000f0
c197-022:15647:15688 [1] NCCL INFO Setting affinity for GPU 1 to f000f0
c197-022:15648:15682 [2] NCCL INFO Setting affinity for GPU 2 to 0f000f00
c197-111:15120:15162 [1] NCCL INFO Setting affinity for GPU 1 to f000f0
c197-101:4422:4458 [1] NCCL INFO Setting affinity for GPU 1 to f000f0
c197-031:17065:17104 [1] NCCL INFO Setting affinity for GPU 1 to f000f0
c197-022:15649:15684 [3] NCCL INFO Trees [0] -1/-1/-1->23->22 [1] -1/-1/-1->23->22
c197-031:17064:17106 [0] NCCL INFO Trees [0] 25/28/-1->24->16 [1] 25/-1/-1->24->21
c197-022:15648:15682 [2] NCCL INFO Trees [0] 23/-1/-1->22->21 [1] 23/-1/-1->22->21
c197-031:17066:17100 [2] NCCL INFO Trees [0] 27/-1/-1->26->25 [1] 27/-1/-1->26->25
c197-022:15647:15688 [1] NCCL INFO Trees [0] 22/-1/-1->21->20 [1] 22/24/-1->21->20
c197-031:17067:17102 [3] NCCL INFO Trees [0] -1/-1/-1->27->26 [1] -1/-1/-1->27->26
c197-021:343:378 [3] NCCL INFO Trees [0] -1/-1/-1->19->18 [1] -1/-1/-1->19->18
c197-012:31120:31157 [3] NCCL INFO Trees [0] -1/-1/-1->15->14 [1] -1/-1/-1->15->14
c197-022:15646:15687 [0] NCCL INFO Trees [0] 21/-1/-1->20->25 [1] 21/16/-1->20->13
c197-031:17065:17104 [1] NCCL INFO Trees [0] 26/20/-1->25->24 [1] 26/-1/-1->25->24
c197-021:342:376 [2] NCCL INFO Trees [0] 19/-1/-1->18->17 [1] 19/-1/-1->18->17
c197-012:31119:31154 [2] NCCL INFO Trees [0] 15/-1/-1->14->13 [1] 15/-1/-1->14->13
c197-032:26085:26127 [0] NCCL INFO Trees [0] 29/-1/-1->28->24 [1] 29/12/-1->28->60
c197-021:341:382 [1] NCCL INFO Trees [0] 18/8/-1->17->16 [1] 18/-1/-1->17->16
c197-012:31118:31156 [1] NCCL INFO Trees [0] 14/-1/-1->13->12 [1] 14/20/-1->13->12
c196-052:6533:6572 [3] NCCL INFO Trees [0] -1/-1/-1->7->6 [1] -1/-1/-1->7->6
c196-062:23774:23809 [3] NCCL INFO Trees [0] -1/-1/-1->11->10 [1] -1/-1/-1->11->10
c197-032:26086:26125 [1] NCCL INFO Trees [0] 30/-1/-1->29->28 [1] 30/44/-1->29->28
c197-041:19864:19905 [0] NCCL INFO Trees [0] 33/48/-1->32->0 [1] 33/-1/-1->32->36
c197-021:340:381 [0] NCCL INFO Trees [0] 17/24/-1->16->33 [1] 17/-1/-1->16->20
c197-012:31117:31159 [0] NCCL INFO Trees [0] 13/-1/-1->12->8 [1] 13/4/-1->12->28
c196-052:6532:6574 [2] NCCL INFO Trees [0] 7/-1/-1->6->5 [1] 7/-1/-1->6->5
c196-062:23773:23808 [2] NCCL INFO Trees [0] 11/-1/-1->10->9 [1] 11/-1/-1->10->9
c197-032:26087:26121 [2] NCCL INFO Trees [0] 31/-1/-1->30->29 [1] 31/-1/-1->30->29
c196-042:11009:11045 [3] NCCL INFO Trees [0] -1/-1/-1->3->2 [1] -1/-1/-1->3->2
c196-052:6531:6569 [1] NCCL INFO Trees [0] 6/-1/-1->5->4 [1] 6/8/-1->5->4
c196-062:23772:23811 [1] NCCL INFO Trees [0] 10/4/-1->9->8 [1] 10/-1/-1->9->8
c199-012:10968:11002 [3] NCCL INFO Trees [0] -1/-1/-1->63->62 [1] -1/-1/-1->63->62
c197-032:26088:26123 [3] NCCL INFO Trees [0] -1/-1/-1->31->30 [1] -1/-1/-1->31->30
c196-042:11008:11047 [2] NCCL INFO Trees [0] 3/-1/-1->2->1 [1] 3/-1/-1->2->1
c196-052:6530:6570 [0] NCCL INFO Trees [0] 5/-1/-1->4->9 [1] 5/0/-1->4->12
c196-062:23771:23813 [0] NCCL INFO Trees [0] 9/12/-1->8->17 [1] 9/-1/-1->8->5
c199-012:10967:11004 [2] NCCL INFO Trees [0] 63/-1/-1->62->61 [1] 63/-1/-1->62->61
c197-042:29905:29947 [0] NCCL INFO Trees [0] 37/-1/-1->36->41 [1] 37/32/-1->36->44
c197-041:19867:19901 [3] NCCL INFO Trees [0] -1/-1/-1->35->34 [1] -1/-1/-1->35->34
c197-101:4421:4463 [0] NCCL INFO Trees [0] 49/56/-1->48->32 [1] 49/-1/-1->48->52
c197-061:20597:20639 [0] NCCL INFO Trees [0] 41/44/-1->40->49 [1] 41/-1/-1->40->37
c197-071:26440:26481 [0] NCCL INFO Trees [0] 45/-1/-1->44->40 [1] 45/36/-1->44->29
c199-011:3394:3428 [3] NCCL INFO Trees [0] -1/-1/-1->59->58 [1] -1/-1/-1->59->58
c197-111:15119:15161 [0] NCCL INFO Trees [0] 53/-1/-1->52->57 [1] 53/48/-1->52->45
c196-042:11006:11040 [0] NCCL INFO Channel 00/02 :    0   1   2   3   4   5   6   7   8   9  10  11  12  13  14  15  16  17  18  19
c199-012:10966:11006 [1] NCCL INFO Trees [0] 62/-1/-1->61->60 [1] 62/-1/-1->61->60
c197-042:29907:29944 [2] NCCL INFO Trees [0] 39/-1/-1->38->37 [1] 39/-1/-1->38->37
c197-041:19866:19900 [2] NCCL INFO Trees [0] 35/-1/-1->34->33 [1] 35/-1/-1->34->33
c197-101:4422:4458 [1] NCCL INFO Trees [0] 50/40/-1->49->48 [1] 50/-1/-1->49->48
c197-061:20599:20633 [2] NCCL INFO Trees [0] 43/-1/-1->42->41 [1] 43/-1/-1->42->41
c197-071:26441:26482 [1] NCCL INFO Trees [0] 46/-1/-1->45->44 [1] 46/52/-1->45->44
c199-011:3393:3430 [2] NCCL INFO Trees [0] 59/-1/-1->58->57 [1] 59/-1/-1->58->57
c197-111:15120:15162 [1] NCCL INFO Trees [0] 54/-1/-1->53->52 [1] 54/56/-1->53->52
c196-042:11007:11049 [1] NCCL INFO Trees [0] 2/-1/-1->1->0 [1] 2/-1/-1->1->0
c199-012:10965:11008 [0] NCCL INFO Trees [0] 61/-1/-1->60->56 [1] 61/28/-1->60->-1
c197-042:29908:29943 [3] NCCL INFO Trees [0] -1/-1/-1->39->38 [1] -1/-1/-1->39->38
c197-041:19865:19903 [1] NCCL INFO Trees [0] 34/16/-1->33->32 [1] 34/-1/-1->33->32
c197-101:4423:4461 [2] NCCL INFO Trees [0] 51/-1/-1->50->49 [1] 51/-1/-1->50->49
c197-061:20600:20637 [3] NCCL INFO Trees [0] -1/-1/-1->43->42 [1] -1/-1/-1->43->42
c197-071:26442:26478 [2] NCCL INFO Trees [0] 47/-1/-1->46->45 [1] 47/-1/-1->46->45
c199-011:3392:3432 [1] NCCL INFO Trees [0] 58/52/-1->57->56 [1] 58/-1/-1->57->56
c197-111:15121:15156 [2] NCCL INFO Trees [0] 55/-1/-1->54->53 [1] 55/-1/-1->54->53
c196-042:11006:11040 [0] NCCL INFO Channel 01/02 :    0   1   2   3   4   5   6   7   8   9  10  11  12  13  14  15  16  17  18  19
c196-042:11006:11040 [0] NCCL INFO Trees [0] 1/32/-1->0->-1 [1] 1/-1/-1->0->4
c197-042:29906:29948 [1] NCCL INFO Trees [0] 38/-1/-1->37->36 [1] 38/40/-1->37->36
c197-101:4424:4459 [3] NCCL INFO Trees [0] -1/-1/-1->51->50 [1] -1/-1/-1->51->50
c197-061:20598:20635 [1] NCCL INFO Trees [0] 42/36/-1->41->40 [1] 42/-1/-1->41->40
c197-071:26443:26477 [3] NCCL INFO Trees [0] -1/-1/-1->47->46 [1] -1/-1/-1->47->46
c199-011:3391:3434 [0] NCCL INFO Trees [0] 57/60/-1->56->48 [1] 57/-1/-1->56->53
c197-111:15122:15158 [3] NCCL INFO Trees [0] -1/-1/-1->55->54 [1] -1/-1/-1->55->54
c197-041:19864:19905 [0] NCCL INFO Channel 00/0 : 31[83000] -> 32[2000] [receive] via NET/IB/0
c197-012:31117:31159 [0] NCCL INFO Channel 00/0 : 11[83000] -> 12[2000] [receive] via NET/IB/0
c197-031:17064:17106 [0] NCCL INFO Channel 00/0 : 23[83000] -> 24[2000] [receive] via NET/IB/0
c197-021:340:381 [0] NCCL INFO Channel 00/0 : 15[83000] -> 16[2000] [receive] via NET/IB/0
c197-111:15119:15161 [0] NCCL INFO Channel 00/0 : 51[83000] -> 52[2000] [receive] via NET/IB/0
c197-022:15646:15687 [0] NCCL INFO Channel 00/0 : 19[83000] -> 20[2000] [receive] via NET/IB/0
c197-042:29905:29947 [0] NCCL INFO Channel 00/0 : 35[83000] -> 36[2000] [receive] via NET/IB/0
c199-011:3391:3434 [0] NCCL INFO Channel 00/0 : 55[83000] -> 56[2000] [receive] via NET/IB/0
c196-052:6530:6570 [0] NCCL INFO Channel 00/0 : 3[83000] -> 4[2000] [receive] via NET/IB/0
c197-071:26440:26481 [0] NCCL INFO Channel 00/0 : 43[83000] -> 44[2000] [receive] via NET/IB/0
c199-012:10965:11008 [0] NCCL INFO Channel 00/0 : 59[83000] -> 60[2000] [receive] via NET/IB/0
c197-101:4421:4463 [0] NCCL INFO Channel 00/0 : 47[83000] -> 48[2000] [receive] via NET/IB/0
c197-061:20597:20639 [0] NCCL INFO Channel 00/0 : 39[83000] -> 40[2000] [receive] via NET/IB/0
c196-042:11006:11040 [0] NCCL INFO Channel 00/0 : 63[83000] -> 0[2000] [receive] via NET/IB/0
c197-032:26085:26127 [0] NCCL INFO Channel 00/0 : 27[83000] -> 28[2000] [receive] via NET/IB/0
c196-062:23771:23813 [0] NCCL INFO Channel 00/0 : 7[83000] -> 8[2000] [receive] via NET/IB/0
c197-012:31119:31154 [2] NCCL INFO Channel 00 : 14[82000] -> 15[83000] via direct shared memory
c197-012:31119:31154 [2] NCCL INFO Channel 01 : 14[82000] -> 15[83000] via direct shared memory
c197-012:31118:31156 [1] NCCL INFO Channel 00 : 13[3000] -> 14[82000] via direct shared memory
c197-031:17066:17100 [2] NCCL INFO Channel 00 : 26[82000] -> 27[83000] via direct shared memory
c197-031:17066:17100 [2] NCCL INFO Channel 01 : 26[82000] -> 27[83000] via direct shared memory
c197-012:31118:31156 [1] NCCL INFO Channel 01 : 13[3000] -> 14[82000] via direct shared memory
c196-052:6532:6574 [2] NCCL INFO Channel 00 : 6[82000] -> 7[83000] via direct shared memory
c196-052:6532:6574 [2] NCCL INFO Channel 01 : 6[82000] -> 7[83000] via direct shared memory
c197-042:29907:29944 [2] NCCL INFO Channel 00 : 38[82000] -> 39[83000] via direct shared memory
c197-032:26087:26121 [2] NCCL INFO Channel 00 : 30[82000] -> 31[83000] via direct shared memory
c199-011:3393:3430 [2] NCCL INFO Channel 00 : 58[82000] -> 59[83000] via direct shared memory
c197-042:29907:29944 [2] NCCL INFO Channel 01 : 38[82000] -> 39[83000] via direct shared memory
c197-041:19866:19900 [2] NCCL INFO Channel 00 : 34[82000] -> 35[83000] via direct shared memory
c199-011:3393:3430 [2] NCCL INFO Channel 01 : 58[82000] -> 59[83000] via direct shared memory
c197-022:15648:15682 [2] NCCL INFO Channel 00 : 22[82000] -> 23[83000] via direct shared memory
c197-032:26087:26121 [2] NCCL INFO Channel 01 : 30[82000] -> 31[83000] via direct shared memory
c197-041:19866:19900 [2] NCCL INFO Channel 01 : 34[82000] -> 35[83000] via direct shared memory
c197-022:15647:15688 [1] NCCL INFO Channel 00 : 21[3000] -> 22[82000] via direct shared memory
c197-042:29906:29948 [1] NCCL INFO Channel 00 : 37[3000] -> 38[82000] via direct shared memory
c197-022:15648:15682 [2] NCCL INFO Channel 01 : 22[82000] -> 23[83000] via direct shared memory
c197-042:29906:29948 [1] NCCL INFO Channel 01 : 37[3000] -> 38[82000] via direct shared memory
c197-022:15647:15688 [1] NCCL INFO Channel 01 : 21[3000] -> 22[82000] via direct shared memory
c197-111:15121:15156 [2] NCCL INFO Channel 00 : 54[82000] -> 55[83000] via direct shared memory
c197-101:4423:4461 [2] NCCL INFO Channel 00 : 50[82000] -> 51[83000] via direct shared memory
c197-111:15121:15156 [2] NCCL INFO Channel 01 : 54[82000] -> 55[83000] via direct shared memory
c197-101:4423:4461 [2] NCCL INFO Channel 01 : 50[82000] -> 51[83000] via direct shared memory
c196-052:6531:6569 [1] NCCL INFO Channel 00 : 5[3000] -> 6[82000] via direct shared memory
c197-021:342:376 [2] NCCL INFO Channel 00 : 18[82000] -> 19[83000] via direct shared memory
c197-061:20599:20633 [2] NCCL INFO Channel 00 : 42[82000] -> 43[83000] via direct shared memory
c196-052:6531:6569 [1] NCCL INFO Channel 01 : 5[3000] -> 6[82000] via direct shared memory
c196-062:23773:23808 [2] NCCL INFO Channel 00 : 10[82000] -> 11[83000] via direct shared memory
c197-021:341:382 [1] NCCL INFO Channel 00 : 17[3000] -> 18[82000] via direct shared memory
c197-061:20599:20633 [2] NCCL INFO Channel 01 : 42[82000] -> 43[83000] via direct shared memory
c196-062:23773:23808 [2] NCCL INFO Channel 01 : 10[82000] -> 11[83000] via direct shared memory
c197-032:26086:26125 [1] NCCL INFO Channel 00 : 29[3000] -> 30[82000] via direct shared memory
c197-021:342:376 [2] NCCL INFO Channel 01 : 18[82000] -> 19[83000] via direct shared memory
c197-021:341:382 [1] NCCL INFO Channel 01 : 17[3000] -> 18[82000] via direct shared memory
c197-032:26086:26125 [1] NCCL INFO Channel 01 : 29[3000] -> 30[82000] via direct shared memory
c196-042:11008:11047 [2] NCCL INFO Channel 00 : 2[82000] -> 3[83000] via direct shared memory
c197-071:26442:26478 [2] NCCL INFO Channel 00 : 46[82000] -> 47[83000] via direct shared memory
c196-042:11007:11049 [1] NCCL INFO Channel 00 : 1[3000] -> 2[82000] via direct shared memory
c197-071:26441:26482 [1] NCCL INFO Channel 00 : 45[3000] -> 46[82000] via direct shared memory
c196-042:11008:11047 [2] NCCL INFO Channel 01 : 2[82000] -> 3[83000] via direct shared memory
c197-012:31120:31157 [3] NCCL INFO Channel 00/0 : 15[83000] -> 16[2000] [send] via NET/IB/0
c197-071:26442:26478 [2] NCCL INFO Channel 01 : 46[82000] -> 47[83000] via direct shared memory
c197-071:26441:26482 [1] NCCL INFO Channel 01 : 45[3000] -> 46[82000] via direct shared memory
c196-042:11007:11049 [1] NCCL INFO Channel 01 : 1[3000] -> 2[82000] via direct shared memory
c199-012:10967:11004 [2] NCCL INFO Channel 00 : 62[82000] -> 63[83000] via direct shared memory
c199-012:10966:11006 [1] NCCL INFO Channel 00 : 61[3000] -> 62[82000] via direct shared memory
c199-012:10967:11004 [2] NCCL INFO Channel 01 : 62[82000] -> 63[83000] via direct shared memory
c197-031:17067:17102 [3] NCCL INFO Channel 00/0 : 27[83000] -> 28[2000] [send] via NET/IB/0
c196-062:23772:23811 [1] NCCL INFO Channel 00 : 9[3000] -> 10[82000] via direct shared memory
c199-012:10966:11006 [1] NCCL INFO Channel 01 : 61[3000] -> 62[82000] via direct shared memory
c196-062:23772:23811 [1] NCCL INFO Channel 01 : 9[3000] -> 10[82000] via direct shared memory
c196-052:6533:6572 [3] NCCL INFO Channel 00/0 : 7[83000] -> 8[2000] [send] via NET/IB/0
c197-042:29908:29943 [3] NCCL INFO Channel 00/0 : 39[83000] -> 40[2000] [send] via NET/IB/0
c197-032:26088:26123 [3] NCCL INFO Channel 00/0 : 31[83000] -> 32[2000] [send] via NET/IB/0
c197-041:19867:19901 [3] NCCL INFO Channel 00/0 : 35[83000] -> 36[2000] [send] via NET/IB/0
c197-022:15649:15684 [3] NCCL INFO Channel 00/0 : 23[83000] -> 24[2000] [send] via NET/IB/0
c199-011:3394:3428 [3] NCCL INFO Channel 00/0 : 59[83000] -> 60[2000] [send] via NET/IB/0
c197-021:343:378 [3] NCCL INFO Channel 00/0 : 19[83000] -> 20[2000] [send] via NET/IB/0
c197-061:20600:20637 [3] NCCL INFO Channel 00/0 : 43[83000] -> 44[2000] [send] via NET/IB/0
c196-062:23774:23809 [3] NCCL INFO Channel 00/0 : 11[83000] -> 12[2000] [send] via NET/IB/0
c197-031:17065:17104 [1] NCCL INFO Channel 00 : 25[3000] -> 26[82000] via direct shared memory
c197-031:17065:17104 [1] NCCL INFO Channel 01 : 25[3000] -> 26[82000] via direct shared memory
c197-111:15120:15162 [1] NCCL INFO Channel 00 : 53[3000] -> 54[82000] via direct shared memory
c197-071:26443:26477 [3] NCCL INFO Channel 00/0 : 47[83000] -> 48[2000] [send] via NET/IB/0
c197-111:15122:15158 [3] NCCL INFO Channel 00/0 : 55[83000] -> 56[2000] [send] via NET/IB/0
c196-042:11009:11045 [3] NCCL INFO Channel 00/0 : 3[83000] -> 4[2000] [send] via NET/IB/0
c197-111:15120:15162 [1] NCCL INFO Channel 01 : 53[3000] -> 54[82000] via direct shared memory
c199-012:10968:11002 [3] NCCL INFO Channel 00/0 : 63[83000] -> 0[2000] [send] via NET/IB/0
c197-041:19865:19903 [1] NCCL INFO Channel 00 : 33[3000] -> 34[82000] via direct shared memory
c197-041:19865:19903 [1] NCCL INFO Channel 01 : 33[3000] -> 34[82000] via direct shared memory
c197-101:4422:4458 [1] NCCL INFO Channel 00 : 49[3000] -> 50[82000] via direct shared memory
c197-101:4422:4458 [1] NCCL INFO Channel 01 : 49[3000] -> 50[82000] via direct shared memory
c197-101:4424:4459 [3] NCCL INFO Channel 00/0 : 51[83000] -> 52[2000] [send] via NET/IB/0
c197-061:20598:20635 [1] NCCL INFO Channel 00 : 41[3000] -> 42[82000] via direct shared memory
c197-061:20598:20635 [1] NCCL INFO Channel 01 : 41[3000] -> 42[82000] via direct shared memory
c199-011:3392:3432 [1] NCCL INFO Channel 00 : 57[3000] -> 58[82000] via direct shared memory
c199-011:3392:3432 [1] NCCL INFO Channel 01 : 57[3000] -> 58[82000] via direct shared memory
c197-041:19864:19905 [0] NCCL INFO Channel 01/0 : 31[83000] -> 32[2000] [receive] via NET/IB/0
c197-041:19864:19905 [0] NCCL INFO Channel 00 : 32[2000] -> 33[3000] via direct shared memory
c197-031:17064:17106 [0] NCCL INFO Channel 01/0 : 23[83000] -> 24[2000] [receive] via NET/IB/0
c197-041:19864:19905 [0] NCCL INFO Channel 01 : 32[2000] -> 33[3000] via direct shared memory
c197-031:17064:17106 [0] NCCL INFO Channel 00 : 24[2000] -> 25[3000] via direct shared memory
c197-012:31117:31159 [0] NCCL INFO Channel 01/0 : 11[83000] -> 12[2000] [receive] via NET/IB/0
c197-031:17064:17106 [0] NCCL INFO Channel 01 : 24[2000] -> 25[3000] via direct shared memory
c197-012:31117:31159 [0] NCCL INFO Channel 00 : 12[2000] -> 13[3000] via direct shared memory
c197-021:340:381 [0] NCCL INFO Channel 01/0 : 15[83000] -> 16[2000] [receive] via NET/IB/0
c197-012:31117:31159 [0] NCCL INFO Channel 01 : 12[2000] -> 13[3000] via direct shared memory
c197-042:29905:29947 [0] NCCL INFO Channel 01/0 : 35[83000] -> 36[2000] [receive] via NET/IB/0
c197-021:340:381 [0] NCCL INFO Channel 00 : 16[2000] -> 17[3000] via direct shared memory
c197-021:340:381 [0] NCCL INFO Channel 01 : 16[2000] -> 17[3000] via direct shared memory
c197-042:29905:29947 [0] NCCL INFO Channel 00 : 36[2000] -> 37[3000] via direct shared memory
c196-052:6530:6570 [0] NCCL INFO Channel 01/0 : 3[83000] -> 4[2000] [receive] via NET/IB/0
c197-042:29905:29947 [0] NCCL INFO Channel 01 : 36[2000] -> 37[3000] via direct shared memory
c197-101:4421:4463 [0] NCCL INFO Channel 01/0 : 47[83000] -> 48[2000] [receive] via NET/IB/0
c197-071:26440:26481 [0] NCCL INFO Channel 01/0 : 43[83000] -> 44[2000] [receive] via NET/IB/0
c197-111:15119:15161 [0] NCCL INFO Channel 01/0 : 51[83000] -> 52[2000] [receive] via NET/IB/0
c196-052:6530:6570 [0] NCCL INFO Channel 00 : 4[2000] -> 5[3000] via direct shared memory
c197-022:15646:15687 [0] NCCL INFO Channel 01/0 : 19[83000] -> 20[2000] [receive] via NET/IB/0
c199-011:3391:3434 [0] NCCL INFO Channel 01/0 : 55[83000] -> 56[2000] [receive] via NET/IB/0
c197-111:15119:15161 [0] NCCL INFO Channel 00 : 52[2000] -> 53[3000] via direct shared memory
c196-052:6530:6570 [0] NCCL INFO Channel 01 : 4[2000] -> 5[3000] via direct shared memory
c197-101:4421:4463 [0] NCCL INFO Channel 00 : 48[2000] -> 49[3000] via direct shared memory
c197-071:26440:26481 [0] NCCL INFO Channel 00 : 44[2000] -> 45[3000] via direct shared memory
c197-022:15646:15687 [0] NCCL INFO Channel 00 : 20[2000] -> 21[3000] via direct shared memory
c197-071:26440:26481 [0] NCCL INFO Channel 01 : 44[2000] -> 45[3000] via direct shared memory
c199-011:3391:3434 [0] NCCL INFO Channel 00 : 56[2000] -> 57[3000] via direct shared memory
c197-111:15119:15161 [0] NCCL INFO Channel 01 : 52[2000] -> 53[3000] via direct shared memory
c197-022:15646:15687 [0] NCCL INFO Channel 01 : 20[2000] -> 21[3000] via direct shared memory
c197-101:4421:4463 [0] NCCL INFO Channel 01 : 48[2000] -> 49[3000] via direct shared memory
c199-012:10965:11008 [0] NCCL INFO Channel 01/0 : 59[83000] -> 60[2000] [receive] via NET/IB/0
c199-011:3391:3434 [0] NCCL INFO Channel 01 : 56[2000] -> 57[3000] via direct shared memory
c196-042:11006:11040 [0] NCCL INFO Channel 01/0 : 63[83000] -> 0[2000] [receive] via NET/IB/0
c197-061:20597:20639 [0] NCCL INFO Channel 01/0 : 39[83000] -> 40[2000] [receive] via NET/IB/0
c199-012:10965:11008 [0] NCCL INFO Channel 00 : 60[2000] -> 61[3000] via direct shared memory
c196-042:11006:11040 [0] NCCL INFO Channel 00 : 0[2000] -> 1[3000] via direct shared memory
c199-012:10965:11008 [0] NCCL INFO Channel 01 : 60[2000] -> 61[3000] via direct shared memory
c197-061:20597:20639 [0] NCCL INFO Channel 00 : 40[2000] -> 41[3000] via direct shared memory
c196-042:11006:11040 [0] NCCL INFO Channel 01 : 0[2000] -> 1[3000] via direct shared memory
c197-061:20597:20639 [0] NCCL INFO Channel 01 : 40[2000] -> 41[3000] via direct shared memory
c196-062:23771:23813 [0] NCCL INFO Channel 01/0 : 7[83000] -> 8[2000] [receive] via NET/IB/0
c197-032:26085:26127 [0] NCCL INFO Channel 01/0 : 27[83000] -> 28[2000] [receive] via NET/IB/0
c196-062:23771:23813 [0] NCCL INFO Channel 00 : 8[2000] -> 9[3000] via direct shared memory
