c197-031:13590:13627 [1] NCCL INFO Channel 00 : 57[3000] -> 58[82000] via direct shared memory
c197-032:22390:22427 [2] NCCL INFO Channel 01 : 62[82000] -> 63[83000] via direct shared memory
c196-071:24321:24361 [1] NCCL INFO Channel 01 : 1[3000] -> 2[82000] via direct shared memory
c196-072:19591:19630 [1] NCCL INFO Channel 01 : 5[3000] -> 6[82000] via direct shared memory
c196-082:9939:9978 [1] NCCL INFO Channel 01 : 13[3000] -> 14[82000] via direct shared memory
c196-092:437:476 [1] NCCL INFO Channel 00 : 21[3000] -> 22[82000] via direct shared memory
c196-101:9590:9623 [2] NCCL INFO Channel 01 : 26[82000] -> 27[83000] via direct shared memory
c196-102:821:858 [1] NCCL INFO Channel 01 : 29[3000] -> 30[82000] via direct shared memory
c196-112:10510:10550 [1] NCCL INFO Channel 00 : 37[3000] -> 38[82000] via direct shared memory
c197-011:13868:13902 [1] NCCL INFO Channel 00 : 41[3000] -> 42[82000] via direct shared memory
c197-022:11802:11835 [1] NCCL INFO Channel 01 : 53[3000] -> 54[82000] via direct shared memory
c197-031:13591:13625 [2] NCCL INFO Channel 01 : 58[82000] -> 59[83000] via direct shared memory
c197-032:22389:22424 [1] NCCL INFO Channel 00 : 61[3000] -> 62[82000] via direct shared memory
c196-071:24322:24357 [2] NCCL INFO Channel 00 : 2[82000] -> 3[83000] via direct shared memory
c196-092:437:476 [1] NCCL INFO Channel 01 : 21[3000] -> 22[82000] via direct shared memory
c196-101:9589:9626 [1] NCCL INFO Channel 01 : 25[3000] -> 26[82000] via direct shared memory
c196-112:10510:10550 [1] NCCL INFO Channel 01 : 37[3000] -> 38[82000] via direct shared memory
c197-011:13868:13902 [1] NCCL INFO Channel 01 : 41[3000] -> 42[82000] via direct shared memory
c197-022:11803:11841 [2] NCCL INFO Channel 01 : 54[82000] -> 55[83000] via direct shared memory
c197-021:29282:29317 [2] NCCL INFO Channel 00 : 50[82000] -> 51[83000] via direct shared memory
c197-031:13590:13627 [1] NCCL INFO Channel 01 : 57[3000] -> 58[82000] via direct shared memory
c197-032:22389:22424 [1] NCCL INFO Channel 01 : 61[3000] -> 62[82000] via direct shared memory
c196-071:24322:24357 [2] NCCL INFO Channel 01 : 2[82000] -> 3[83000] via direct shared memory
c196-081:16834:16871 [3] NCCL INFO Channel 00/0 : 11[83000] -> 12[2000] [send] via NET/IB/0
c197-021:29281:29321 [1] NCCL INFO Channel 00 : 49[3000] -> 50[82000] via direct shared memory
c197-021:29282:29317 [2] NCCL INFO Channel 01 : 50[82000] -> 51[83000] via direct shared memory
c197-021:29281:29321 [1] NCCL INFO Channel 01 : 49[3000] -> 50[82000] via direct shared memory
c197-012:27712:27745 [3] NCCL INFO Channel 00/0 : 47[83000] -> 48[2000] [send] via NET/IB/0
c196-091:22796:22827 [3] NCCL INFO Channel 00/0 : 19[83000] -> 20[2000] [send] via NET/IB/0
c196-111:4852:4883 [3] NCCL INFO Channel 00/0 : 35[83000] -> 36[2000] [send] via NET/IB/0
c196-072:19593:19626 [3] NCCL INFO Channel 00/0 : 7[83000] -> 8[2000] [send] via NET/IB/0
c196-082:9941:9974 [3] NCCL INFO Channel 00/0 : 15[83000] -> 16[2000] [send] via NET/IB/0
c196-092:439:471 [3] NCCL INFO Channel 00/0 : 23[83000] -> 24[2000] [send] via NET/IB/0
c196-101:9591:9624 [3] NCCL INFO Channel 00/0 : 27[83000] -> 28[2000] [send] via NET/IB/0
c196-112:10512:10547 [3] NCCL INFO Channel 00/0 : 39[83000] -> 40[2000] [send] via NET/IB/0
c196-102:823:856 [3] NCCL INFO Channel 00/0 : 31[83000] -> 32[2000] [send] via NET/IB/0
c197-031:13592:13624 [3] NCCL INFO Channel 00/0 : 59[83000] -> 60[2000] [send] via NET/IB/0
c197-011:13870:13905 [3] NCCL INFO Channel 00/0 : 43[83000] -> 44[2000] [send] via NET/IB/0
c197-022:11804:11839 [3] NCCL INFO Channel 00/0 : 55[83000] -> 56[2000] [send] via NET/IB/0
c197-032:22391:22428 [3] NCCL INFO Channel 00/0 : 63[83000] -> 0[2000] [send] via NET/IB/0
c196-071:24323:24359 [3] NCCL INFO Channel 00/0 : 3[83000] -> 4[2000] [send] via NET/IB/0
c197-021:29283:29316 [3] NCCL INFO Channel 00/0 : 51[83000] -> 52[2000] [send] via NET/IB/0
c196-081:16831:16869 [0] NCCL INFO Channel 01/0 : 7[83000] -> 8[2000] [receive] via NET/IB/0
c196-081:16831:16869 [0] NCCL INFO Channel 00 : 8[2000] -> 9[3000] via direct shared memory
c196-102:820:860 [0] NCCL INFO Channel 01/0 : 27[83000] -> 28[2000] [receive] via NET/IB/0
c197-011:13867:13907 [0] NCCL INFO Channel 01/0 : 39[83000] -> 40[2000] [receive] via NET/IB/0
c196-081:16831:16869 [0] NCCL INFO Channel 01 : 8[2000] -> 9[3000] via direct shared memory
c196-072:19590:19629 [0] NCCL INFO Channel 01/0 : 3[83000] -> 4[2000] [receive] via NET/IB/0
c196-091:22793:22833 [0] NCCL INFO Channel 01/0 : 15[83000] -> 16[2000] [receive] via NET/IB/0
c196-111:4849:4887 [0] NCCL INFO Channel 01/0 : 31[83000] -> 32[2000] [receive] via NET/IB/0
c197-012:27709:27750 [0] NCCL INFO Channel 01/0 : 43[83000] -> 44[2000] [receive] via NET/IB/0
c197-011:13867:13907 [0] NCCL INFO Channel 00 : 40[2000] -> 41[3000] via direct shared memory
c197-032:22388:22422 [0] NCCL INFO Channel 01/0 : 59[83000] -> 60[2000] [receive] via NET/IB/0
c196-071:24320:24352 [0] NCCL INFO Channel 01/0 : 63[83000] -> 0[2000] [receive] via NET/IB/0
c196-072:19590:19629 [0] NCCL INFO Channel 00 : 4[2000] -> 5[3000] via direct shared memory
c196-091:22793:22833 [0] NCCL INFO Channel 00 : 16[2000] -> 17[3000] via direct shared memory
c196-092:436:474 [0] NCCL INFO Channel 01/0 : 19[83000] -> 20[2000] [receive] via NET/IB/0
c196-102:820:860 [0] NCCL INFO Channel 00 : 28[2000] -> 29[3000] via direct shared memory
c196-111:4849:4887 [0] NCCL INFO Channel 00 : 32[2000] -> 33[3000] via direct shared memory
c197-012:27709:27750 [0] NCCL INFO Channel 00 : 44[2000] -> 45[3000] via direct shared memory
c197-011:13867:13907 [0] NCCL INFO Channel 01 : 40[2000] -> 41[3000] via direct shared memory
c197-022:11801:11837 [0] NCCL INFO Channel 01/0 : 51[83000] -> 52[2000] [receive] via NET/IB/0
c197-021:29280:29319 [0] NCCL INFO Channel 01/0 : 47[83000] -> 48[2000] [receive] via NET/IB/0
c197-032:22388:22422 [0] NCCL INFO Channel 00 : 60[2000] -> 61[3000] via direct shared memory
c196-071:24320:24352 [0] NCCL INFO Channel 00 : 0[2000] -> 1[3000] via direct shared memory
c196-072:19590:19629 [0] NCCL INFO Channel 01 : 4[2000] -> 5[3000] via direct shared memory
c196-082:9938:9977 [0] NCCL INFO Channel 01/0 : 11[83000] -> 12[2000] [receive] via NET/IB/0
c196-091:22793:22833 [0] NCCL INFO Channel 01 : 16[2000] -> 17[3000] via direct shared memory
c196-092:436:474 [0] NCCL INFO Channel 00 : 20[2000] -> 21[3000] via direct shared memory
c196-102:820:860 [0] NCCL INFO Channel 01 : 28[2000] -> 29[3000] via direct shared memory
c196-111:4849:4887 [0] NCCL INFO Channel 01 : 32[2000] -> 33[3000] via direct shared memory
c197-012:27709:27750 [0] NCCL INFO Channel 01 : 44[2000] -> 45[3000] via direct shared memory
c196-112:10509:10551 [0] NCCL INFO Channel 01/0 : 35[83000] -> 36[2000] [receive] via NET/IB/0
c197-022:11801:11837 [0] NCCL INFO Channel 00 : 52[2000] -> 53[3000] via direct shared memory
c197-021:29280:29319 [0] NCCL INFO Channel 00 : 48[2000] -> 49[3000] via direct shared memory
c197-032:22388:22422 [0] NCCL INFO Channel 01 : 60[2000] -> 61[3000] via direct shared memory
c196-071:24320:24352 [0] NCCL INFO Channel 01 : 0[2000] -> 1[3000] via direct shared memory
c196-082:9938:9977 [0] NCCL INFO Channel 00 : 12[2000] -> 13[3000] via direct shared memory
c196-092:436:474 [0] NCCL INFO Channel 01 : 20[2000] -> 21[3000] via direct shared memory
c196-101:9588:9628 [0] NCCL INFO Channel 01/0 : 23[83000] -> 24[2000] [receive] via NET/IB/0
c196-112:10509:10551 [0] NCCL INFO Channel 00 : 36[2000] -> 37[3000] via direct shared memory
c197-022:11801:11837 [0] NCCL INFO Channel 01 : 52[2000] -> 53[3000] via direct shared memory
c197-021:29280:29319 [0] NCCL INFO Channel 01 : 48[2000] -> 49[3000] via direct shared memory
c197-031:13589:13629 [0] NCCL INFO Channel 01/0 : 55[83000] -> 56[2000] [receive] via NET/IB/0
c196-082:9938:9977 [0] NCCL INFO Channel 01 : 12[2000] -> 13[3000] via direct shared memory
c196-101:9588:9628 [0] NCCL INFO Channel 00 : 24[2000] -> 25[3000] via direct shared memory
c196-112:10509:10551 [0] NCCL INFO Channel 01 : 36[2000] -> 37[3000] via direct shared memory
c197-031:13589:13629 [0] NCCL INFO Channel 00 : 56[2000] -> 57[3000] via direct shared memory
c196-101:9588:9628 [0] NCCL INFO Channel 01 : 24[2000] -> 25[3000] via direct shared memory
c197-031:13589:13629 [0] NCCL INFO Channel 01 : 56[2000] -> 57[3000] via direct shared memory
c196-081:16832:16865 [1] NCCL INFO Connected all rings
c197-022:11802:11835 [1] NCCL INFO Connected all rings
c196-111:4850:4889 [1] NCCL INFO Connected all rings
c196-072:19591:19630 [1] NCCL INFO Connected all rings
c197-032:22389:22424 [1] NCCL INFO Connected all rings
c196-102:821:858 [1] NCCL INFO Connected all rings
c196-071:24321:24361 [1] NCCL INFO Connected all rings
c197-012:27710:27749 [1] NCCL INFO Connected all rings
c196-091:22794:22831 [1] NCCL INFO Connected all rings
c196-112:10510:10550 [1] NCCL INFO Connected all rings
c197-011:13868:13902 [1] NCCL INFO Connected all rings
c197-031:13590:13627 [1] NCCL INFO Connected all rings
c196-082:9939:9978 [1] NCCL INFO Connected all rings
c196-101:9589:9626 [1] NCCL INFO Connected all rings
c197-021:29281:29321 [1] NCCL INFO Connected all rings
c196-092:437:476 [1] NCCL INFO Connected all rings
c196-081:16832:16865 [1] NCCL INFO Channel 00/0 : 4[2000] -> 9[3000] [receive] via NET/IB/0
c197-022:11802:11835 [1] NCCL INFO Channel 01/0 : 53[3000] -> 56[2000] [send] via NET/IB/0
c196-072:19591:19630 [1] NCCL INFO Channel 01/0 : 5[3000] -> 8[2000] [send] via NET/IB/0
c196-111:4850:4889 [1] NCCL INFO Channel 00/0 : 16[2000] -> 33[3000] [receive] via NET/IB/0
c197-012:27710:27749 [1] NCCL INFO Channel 01/0 : 45[3000] -> 52[2000] [send] via NET/IB/0
c196-102:821:858 [1] NCCL INFO Channel 01/0 : 29[3000] -> 44[2000] [send] via NET/IB/0
c196-112:10510:10550 [1] NCCL INFO Channel 01/0 : 37[3000] -> 40[2000] [send] via NET/IB/0
c197-011:13868:13902 [1] NCCL INFO Channel 00/0 : 36[2000] -> 41[3000] [receive] via NET/IB/0
c196-091:22794:22831 [1] NCCL INFO Channel 00/0 : 8[2000] -> 17[3000] [receive] via NET/IB/0
c197-031:13590:13627 [1] NCCL INFO Channel 00/0 : 52[2000] -> 57[3000] [receive] via NET/IB/0
c196-082:9939:9978 [1] NCCL INFO Channel 01/0 : 13[3000] -> 20[2000] [send] via NET/IB/0
c196-101:9589:9626 [1] NCCL INFO Channel 00/0 : 20[2000] -> 25[3000] [receive] via NET/IB/0
c197-021:29281:29321 [1] NCCL INFO Channel 00/0 : 40[2000] -> 49[3000] [receive] via NET/IB/0
c196-092:437:476 [1] NCCL INFO Channel 01/0 : 21[3000] -> 24[2000] [send] via NET/IB/0
c196-081:16834:16871 [3] NCCL INFO Channel 01/0 : 11[83000] -> 12[2000] [send] via NET/IB/0
c196-091:22796:22827 [3] NCCL INFO Channel 01/0 : 19[83000] -> 20[2000] [send] via NET/IB/0
c197-012:27712:27745 [3] NCCL INFO Channel 01/0 : 47[83000] -> 48[2000] [send] via NET/IB/0
c196-101:9591:9624 [3] NCCL INFO Channel 01/0 : 27[83000] -> 28[2000] [send] via NET/IB/0
c197-031:13592:13624 [3] NCCL INFO Channel 01/0 : 59[83000] -> 60[2000] [send] via NET/IB/0
c196-102:823:856 [3] NCCL INFO Channel 01/0 : 31[83000] -> 32[2000] [send] via NET/IB/0
c197-011:13870:13905 [3] NCCL INFO Channel 01/0 : 43[83000] -> 44[2000] [send] via NET/IB/0
c196-072:19593:19626 [3] NCCL INFO Channel 01/0 : 7[83000] -> 8[2000] [send] via NET/IB/0
c196-111:4852:4883 [3] NCCL INFO Channel 01/0 : 35[83000] -> 36[2000] [send] via NET/IB/0
c197-022:11804:11839 [3] NCCL INFO Channel 01/0 : 55[83000] -> 56[2000] [send] via NET/IB/0
c196-092:439:471 [3] NCCL INFO Channel 01/0 : 23[83000] -> 24[2000] [send] via NET/IB/0
c196-082:9941:9974 [3] NCCL INFO Channel 01/0 : 15[83000] -> 16[2000] [send] via NET/IB/0
c196-112:10512:10547 [3] NCCL INFO Channel 01/0 : 39[83000] -> 40[2000] [send] via NET/IB/0
c197-032:22391:22428 [3] NCCL INFO Channel 01/0 : 63[83000] -> 0[2000] [send] via NET/IB/0
c196-071:24323:24359 [3] NCCL INFO Channel 01/0 : 3[83000] -> 4[2000] [send] via NET/IB/0
c197-021:29283:29316 [3] NCCL INFO Channel 01/0 : 51[83000] -> 52[2000] [send] via NET/IB/0
c196-081:16833:16867 [2] NCCL INFO Connected all rings
c197-012:27711:27746 [2] NCCL INFO Connected all rings
c196-091:22795:22830 [2] NCCL INFO Connected all rings
c196-101:9590:9623 [2] NCCL INFO Connected all rings
c197-011:13869:13904 [2] NCCL INFO Connected all rings
c196-092:438:473 [2] NCCL INFO Connected all rings
c197-031:13591:13625 [2] NCCL INFO Connected all rings
c196-102:822:854 [2] NCCL INFO Connected all rings
c196-111:4851:4885 [2] NCCL INFO Connected all rings
c196-082:9940:9972 [2] NCCL INFO Connected all rings
c196-112:10511:10546 [2] NCCL INFO Connected all rings
c196-072:19592:19625 [2] NCCL INFO Connected all rings
c197-022:11803:11841 [2] NCCL INFO Connected all rings
c197-032:22390:22427 [2] NCCL INFO Connected all rings
c196-071:24321:24361 [1] NCCL INFO Channel 00 : 1[3000] -> 0[2000] via direct shared memory
c197-021:29282:29317 [2] NCCL INFO Connected all rings
c196-071:24322:24357 [2] NCCL INFO Connected all rings
c196-071:24321:24361 [1] NCCL INFO Channel 01 : 1[3000] -> 0[2000] via direct shared memory
c197-032:22389:22424 [1] NCCL INFO Channel 00 : 61[3000] -> 60[2000] via direct shared memory
c197-032:22389:22424 [1] NCCL INFO Channel 01 : 61[3000] -> 60[2000] via direct shared memory
c196-081:16834:16871 [3] NCCL INFO Connected all rings
c196-081:16834:16871 [3] NCCL INFO Channel 00 : 11[83000] -> 10[82000] via direct shared memory
c196-081:16834:16871 [3] NCCL INFO Channel 01 : 11[83000] -> 10[82000] via direct shared memory
c196-091:22796:22827 [3] NCCL INFO Connected all rings
c196-091:22796:22827 [3] NCCL INFO Channel 00 : 19[83000] -> 18[82000] via direct shared memory
c197-012:27712:27745 [3] NCCL INFO Connected all rings
c196-091:22796:22827 [3] NCCL INFO Channel 01 : 19[83000] -> 18[82000] via direct shared memory
c197-012:27712:27745 [3] NCCL INFO Channel 00 : 47[83000] -> 46[82000] via direct shared memory
c197-012:27712:27745 [3] NCCL INFO Channel 01 : 47[83000] -> 46[82000] via direct shared memory
c196-102:823:856 [3] NCCL INFO Connected all rings
c196-092:439:471 [3] NCCL INFO Connected all rings
c196-101:9591:9624 [3] NCCL INFO Connected all rings
c196-102:823:856 [3] NCCL INFO Channel 00 : 31[83000] -> 30[82000] via direct shared memory
c196-111:4852:4883 [3] NCCL INFO Connected all rings
c197-022:11804:11839 [3] NCCL INFO Connected all rings
c197-031:13592:13624 [3] NCCL INFO Connected all rings
c196-092:439:471 [3] NCCL INFO Channel 00 : 23[83000] -> 22[82000] via direct shared memory
c196-101:9591:9624 [3] NCCL INFO Channel 00 : 27[83000] -> 26[82000] via direct shared memory
c196-102:823:856 [3] NCCL INFO Channel 01 : 31[83000] -> 30[82000] via direct shared memory
c196-111:4852:4883 [3] NCCL INFO Channel 00 : 35[83000] -> 34[82000] via direct shared memory
c197-011:13870:13905 [3] NCCL INFO Connected all rings
c197-022:11804:11839 [3] NCCL INFO Channel 00 : 55[83000] -> 54[82000] via direct shared memory
c197-031:13592:13624 [3] NCCL INFO Channel 00 : 59[83000] -> 58[82000] via direct shared memory
c196-072:19593:19626 [3] NCCL INFO Connected all rings
c196-092:439:471 [3] NCCL INFO Channel 01 : 23[83000] -> 22[82000] via direct shared memory
c196-101:9591:9624 [3] NCCL INFO Channel 01 : 27[83000] -> 26[82000] via direct shared memory
c196-111:4852:4883 [3] NCCL INFO Channel 01 : 35[83000] -> 34[82000] via direct shared memory
c197-011:13870:13905 [3] NCCL INFO Channel 00 : 43[83000] -> 42[82000] via direct shared memory
c197-022:11804:11839 [3] NCCL INFO Channel 01 : 55[83000] -> 54[82000] via direct shared memory
c197-031:13592:13624 [3] NCCL INFO Channel 01 : 59[83000] -> 58[82000] via direct shared memory
c196-072:19593:19626 [3] NCCL INFO Channel 00 : 7[83000] -> 6[82000] via direct shared memory
c196-082:9941:9974 [3] NCCL INFO Connected all rings
c197-011:13870:13905 [3] NCCL INFO Channel 01 : 43[83000] -> 42[82000] via direct shared memory
c196-072:19593:19626 [3] NCCL INFO Channel 01 : 7[83000] -> 6[82000] via direct shared memory
c196-082:9941:9974 [3] NCCL INFO Channel 00 : 15[83000] -> 14[82000] via direct shared memory
c196-112:10512:10547 [3] NCCL INFO Connected all rings
c196-082:9941:9974 [3] NCCL INFO Channel 01 : 15[83000] -> 14[82000] via direct shared memory
c196-112:10512:10547 [3] NCCL INFO Channel 00 : 39[83000] -> 38[82000] via direct shared memory
c196-112:10512:10547 [3] NCCL INFO Channel 01 : 39[83000] -> 38[82000] via direct shared memory
c197-032:22391:22428 [3] NCCL INFO Connected all rings
c197-032:22391:22428 [3] NCCL INFO Channel 00 : 63[83000] -> 62[82000] via direct shared memory
c197-032:22391:22428 [3] NCCL INFO Channel 01 : 63[83000] -> 62[82000] via direct shared memory
c196-071:24323:24359 [3] NCCL INFO Connected all rings
c196-082:9938:9977 [0] NCCL INFO Connected all rings
c197-021:29283:29316 [3] NCCL INFO Connected all rings
c196-071:24323:24359 [3] NCCL INFO Channel 00 : 3[83000] -> 2[82000] via direct shared memory
c197-021:29283:29316 [3] NCCL INFO Channel 00 : 51[83000] -> 50[82000] via direct shared memory
c196-071:24323:24359 [3] NCCL INFO Channel 01 : 3[83000] -> 2[82000] via direct shared memory
c197-021:29283:29316 [3] NCCL INFO Channel 01 : 51[83000] -> 50[82000] via direct shared memory
c197-012:27711:27746 [2] NCCL INFO Channel 00 : 46[82000] -> 45[3000] via direct shared memory
c196-092:436:474 [0] NCCL INFO Connected all rings
c197-012:27711:27746 [2] NCCL INFO Channel 01 : 46[82000] -> 45[3000] via direct shared memory
c197-021:29280:29319 [0] NCCL INFO Connected all rings
c197-031:13589:13629 [0] NCCL INFO Connected all rings
c196-101:9588:9628 [0] NCCL INFO Connected all rings
c196-102:820:860 [0] NCCL INFO Connected all rings
c197-012:27709:27750 [0] NCCL INFO Connected all rings
c196-111:4849:4887 [0] NCCL INFO Connected all rings
c196-091:22793:22833 [0] NCCL INFO Connected all rings
c197-032:22388:22422 [0] NCCL INFO Connected all rings
c196-112:10509:10551 [0] NCCL INFO Connected all rings
c197-011:13869:13904 [2] NCCL INFO Channel 00 : 42[82000] -> 41[3000] via direct shared memory
c196-081:16833:16867 [2] NCCL INFO Channel 00 : 10[82000] -> 9[3000] via direct shared memory
c196-091:22795:22830 [2] NCCL INFO Channel 00 : 18[82000] -> 17[3000] via direct shared memory
c197-011:13869:13904 [2] NCCL INFO Channel 01 : 42[82000] -> 41[3000] via direct shared memory
c196-081:16833:16867 [2] NCCL INFO Channel 01 : 10[82000] -> 9[3000] via direct shared memory
c196-091:22795:22830 [2] NCCL INFO Channel 01 : 18[82000] -> 17[3000] via direct shared memory
c197-011:13867:13907 [0] NCCL INFO Connected all rings
c196-081:16831:16869 [0] NCCL INFO Connected all rings
c196-092:438:473 [2] NCCL INFO Channel 00 : 22[82000] -> 21[3000] via direct shared memory
c197-022:11801:11837 [0] NCCL INFO Connected all rings
c196-072:19590:19629 [0] NCCL INFO Connected all rings
c196-092:438:473 [2] NCCL INFO Channel 01 : 22[82000] -> 21[3000] via direct shared memory
c196-071:24320:24352 [0] NCCL INFO Connected all rings
c196-101:9590:9623 [2] NCCL INFO Channel 00 : 26[82000] -> 25[3000] via direct shared memory
c196-101:9590:9623 [2] NCCL INFO Channel 01 : 26[82000] -> 25[3000] via direct shared memory
c197-031:13591:13625 [2] NCCL INFO Channel 00 : 58[82000] -> 57[3000] via direct shared memory
c196-112:10511:10546 [2] NCCL INFO Channel 00 : 38[82000] -> 37[3000] via direct shared memory
c196-102:822:854 [2] NCCL INFO Channel 00 : 30[82000] -> 29[3000] via direct shared memory
c196-112:10511:10546 [2] NCCL INFO Channel 01 : 38[82000] -> 37[3000] via direct shared memory
c197-031:13591:13625 [2] NCCL INFO Channel 01 : 58[82000] -> 57[3000] via direct shared memory
c196-102:822:854 [2] NCCL INFO Channel 01 : 30[82000] -> 29[3000] via direct shared memory
c197-022:11803:11841 [2] NCCL INFO Channel 00 : 54[82000] -> 53[3000] via direct shared memory
c197-022:11803:11841 [2] NCCL INFO Channel 01 : 54[82000] -> 53[3000] via direct shared memory
c196-111:4851:4885 [2] NCCL INFO Channel 00 : 34[82000] -> 33[3000] via direct shared memory
c196-111:4851:4885 [2] NCCL INFO Channel 01 : 34[82000] -> 33[3000] via direct shared memory
c197-032:22390:22427 [2] NCCL INFO Channel 00 : 62[82000] -> 61[3000] via direct shared memory
c197-032:22390:22427 [2] NCCL INFO Channel 01 : 62[82000] -> 61[3000] via direct shared memory
c197-021:29282:29317 [2] NCCL INFO Channel 00 : 50[82000] -> 49[3000] via direct shared memory
c196-082:9940:9972 [2] NCCL INFO Channel 00 : 14[82000] -> 13[3000] via direct shared memory
c196-082:9940:9972 [2] NCCL INFO Channel 01 : 14[82000] -> 13[3000] via direct shared memory
c197-012:27712:27745 [3] NCCL INFO Connected all trees
c197-012:27712:27745 [3] NCCL INFO MSCCL_XML_FILES set by environment to /home1/09168/ldai1/ccl-build/msccl_tools_lyd/examples/xml/xml_lyd/ring/allreduce_basic_ring_16nodes_4gpus_64chunks_64channels_frontera.xml
c197-021:29282:29317 [2] NCCL INFO Channel 01 : 50[82000] -> 49[3000] via direct shared memory
c196-072:19592:19625 [2] NCCL INFO Channel 00 : 6[82000] -> 5[3000] via direct shared memory
c197-012:27712:27745 [3] NCCL INFO MSCCL: Parsing algorithm /home1/09168/ldai1/ccl-build/msccl_tools_lyd/examples/xml/xml_lyd/ring/allreduce_basic_ring_16nodes_4gpus_64chunks_64channels_frontera.xml
c196-072:19592:19625 [2] NCCL INFO Channel 01 : 6[82000] -> 5[3000] via direct shared memory
c196-081:16834:16871 [3] NCCL INFO Connected all trees
c196-081:16834:16871 [3] NCCL INFO MSCCL_XML_FILES set by environment to /home1/09168/ldai1/ccl-build/msccl_tools_lyd/examples/xml/xml_lyd/ring/allreduce_basic_ring_16nodes_4gpus_64chunks_64channels_frontera.xml
c196-081:16834:16871 [3] NCCL INFO MSCCL: Parsing algorithm /home1/09168/ldai1/ccl-build/msccl_tools_lyd/examples/xml/xml_lyd/ring/allreduce_basic_ring_16nodes_4gpus_64chunks_64channels_frontera.xml
c196-091:22796:22827 [3] NCCL INFO Connected all trees
c197-011:13870:13905 [3] NCCL INFO Connected all trees
c197-011:13870:13905 [3] NCCL INFO MSCCL_XML_FILES set by environment to /home1/09168/ldai1/ccl-build/msccl_tools_lyd/examples/xml/xml_lyd/ring/allreduce_basic_ring_16nodes_4gpus_64chunks_64channels_frontera.xml
c196-091:22796:22827 [3] NCCL INFO MSCCL_XML_FILES set by environment to /home1/09168/ldai1/ccl-build/msccl_tools_lyd/examples/xml/xml_lyd/ring/allreduce_basic_ring_16nodes_4gpus_64chunks_64channels_frontera.xml
c197-011:13870:13905 [3] NCCL INFO MSCCL: Parsing algorithm /home1/09168/ldai1/ccl-build/msccl_tools_lyd/examples/xml/xml_lyd/ring/allreduce_basic_ring_16nodes_4gpus_64chunks_64channels_frontera.xml
c196-091:22796:22827 [3] NCCL INFO MSCCL: Parsing algorithm /home1/09168/ldai1/ccl-build/msccl_tools_lyd/examples/xml/xml_lyd/ring/allreduce_basic_ring_16nodes_4gpus_64chunks_64channels_frontera.xml
c196-092:439:471 [3] NCCL INFO Connected all trees
c196-092:439:471 [3] NCCL INFO MSCCL_XML_FILES set by environment to /home1/09168/ldai1/ccl-build/msccl_tools_lyd/examples/xml/xml_lyd/ring/allreduce_basic_ring_16nodes_4gpus_64chunks_64channels_frontera.xml
c196-092:439:471 [3] NCCL INFO MSCCL: Parsing algorithm /home1/09168/ldai1/ccl-build/msccl_tools_lyd/examples/xml/xml_lyd/ring/allreduce_basic_ring_16nodes_4gpus_64chunks_64channels_frontera.xml
c196-101:9591:9624 [3] NCCL INFO Connected all trees
c196-101:9591:9624 [3] NCCL INFO MSCCL_XML_FILES set by environment to /home1/09168/ldai1/ccl-build/msccl_tools_lyd/examples/xml/xml_lyd/ring/allreduce_basic_ring_16nodes_4gpus_64chunks_64channels_frontera.xml
c196-101:9591:9624 [3] NCCL INFO MSCCL: Parsing algorithm /home1/09168/ldai1/ccl-build/msccl_tools_lyd/examples/xml/xml_lyd/ring/allreduce_basic_ring_16nodes_4gpus_64chunks_64channels_frontera.xml
c196-071:24322:24357 [2] NCCL INFO Channel 00 : 2[82000] -> 1[3000] via direct shared memory
c196-112:10512:10547 [3] NCCL INFO Connected all trees
c196-102:823:856 [3] NCCL INFO Connected all trees
c196-112:10512:10547 [3] NCCL INFO MSCCL_XML_FILES set by environment to /home1/09168/ldai1/ccl-build/msccl_tools_lyd/examples/xml/xml_lyd/ring/allreduce_basic_ring_16nodes_4gpus_64chunks_64channels_frontera.xml
c197-022:11804:11839 [3] NCCL INFO Connected all trees
c197-022:11804:11839 [3] NCCL INFO MSCCL_XML_FILES set by environment to /home1/09168/ldai1/ccl-build/msccl_tools_lyd/examples/xml/xml_lyd/ring/allreduce_basic_ring_16nodes_4gpus_64chunks_64channels_frontera.xml
c196-071:24322:24357 [2] NCCL INFO Channel 01 : 2[82000] -> 1[3000] via direct shared memory
c196-102:823:856 [3] NCCL INFO MSCCL_XML_FILES set by environment to /home1/09168/ldai1/ccl-build/msccl_tools_lyd/examples/xml/xml_lyd/ring/allreduce_basic_ring_16nodes_4gpus_64chunks_64channels_frontera.xml
c196-112:10512:10547 [3] NCCL INFO MSCCL: Parsing algorithm /home1/09168/ldai1/ccl-build/msccl_tools_lyd/examples/xml/xml_lyd/ring/allreduce_basic_ring_16nodes_4gpus_64chunks_64channels_frontera.xml
c197-022:11804:11839 [3] NCCL INFO MSCCL: Parsing algorithm /home1/09168/ldai1/ccl-build/msccl_tools_lyd/examples/xml/xml_lyd/ring/allreduce_basic_ring_16nodes_4gpus_64chunks_64channels_frontera.xml
c196-102:823:856 [3] NCCL INFO MSCCL: Parsing algorithm /home1/09168/ldai1/ccl-build/msccl_tools_lyd/examples/xml/xml_lyd/ring/allreduce_basic_ring_16nodes_4gpus_64chunks_64channels_frontera.xml
c197-031:13592:13624 [3] NCCL INFO Connected all trees
c197-031:13592:13624 [3] NCCL INFO MSCCL_XML_FILES set by environment to /home1/09168/ldai1/ccl-build/msccl_tools_lyd/examples/xml/xml_lyd/ring/allreduce_basic_ring_16nodes_4gpus_64chunks_64channels_frontera.xml
c197-031:13592:13624 [3] NCCL INFO MSCCL: Parsing algorithm /home1/09168/ldai1/ccl-build/msccl_tools_lyd/examples/xml/xml_lyd/ring/allreduce_basic_ring_16nodes_4gpus_64chunks_64channels_frontera.xml
c196-111:4852:4883 [3] NCCL INFO Connected all trees
c196-111:4852:4883 [3] NCCL INFO MSCCL_XML_FILES set by environment to /home1/09168/ldai1/ccl-build/msccl_tools_lyd/examples/xml/xml_lyd/ring/allreduce_basic_ring_16nodes_4gpus_64chunks_64channels_frontera.xml
c196-111:4852:4883 [3] NCCL INFO MSCCL: Parsing algorithm /home1/09168/ldai1/ccl-build/msccl_tools_lyd/examples/xml/xml_lyd/ring/allreduce_basic_ring_16nodes_4gpus_64chunks_64channels_frontera.xml
c197-032:22391:22428 [3] NCCL INFO Connected all trees
c197-032:22391:22428 [3] NCCL INFO MSCCL_XML_FILES set by environment to /home1/09168/ldai1/ccl-build/msccl_tools_lyd/examples/xml/xml_lyd/ring/allreduce_basic_ring_16nodes_4gpus_64chunks_64channels_frontera.xml
c197-032:22391:22428 [3] NCCL INFO MSCCL: Parsing algorithm /home1/09168/ldai1/ccl-build/msccl_tools_lyd/examples/xml/xml_lyd/ring/allreduce_basic_ring_16nodes_4gpus_64chunks_64channels_frontera.xml
c197-021:29283:29316 [3] NCCL INFO Connected all trees
c197-021:29283:29316 [3] NCCL INFO MSCCL_XML_FILES set by environment to /home1/09168/ldai1/ccl-build/msccl_tools_lyd/examples/xml/xml_lyd/ring/allreduce_basic_ring_16nodes_4gpus_64chunks_64channels_frontera.xml
c197-021:29283:29316 [3] NCCL INFO MSCCL: Parsing algorithm /home1/09168/ldai1/ccl-build/msccl_tools_lyd/examples/xml/xml_lyd/ring/allreduce_basic_ring_16nodes_4gpus_64chunks_64channels_frontera.xml
c196-082:9941:9974 [3] NCCL INFO Connected all trees
c196-082:9941:9974 [3] NCCL INFO MSCCL_XML_FILES set by environment to /home1/09168/ldai1/ccl-build/msccl_tools_lyd/examples/xml/xml_lyd/ring/allreduce_basic_ring_16nodes_4gpus_64chunks_64channels_frontera.xml
c196-082:9941:9974 [3] NCCL INFO MSCCL: Parsing algorithm /home1/09168/ldai1/ccl-build/msccl_tools_lyd/examples/xml/xml_lyd/ring/allreduce_basic_ring_16nodes_4gpus_64chunks_64channels_frontera.xml
c196-072:19593:19626 [3] NCCL INFO Connected all trees
c196-072:19593:19626 [3] NCCL INFO MSCCL_XML_FILES set by environment to /home1/09168/ldai1/ccl-build/msccl_tools_lyd/examples/xml/xml_lyd/ring/allreduce_basic_ring_16nodes_4gpus_64chunks_64channels_frontera.xml
c196-072:19593:19626 [3] NCCL INFO MSCCL: Parsing algorithm /home1/09168/ldai1/ccl-build/msccl_tools_lyd/examples/xml/xml_lyd/ring/allreduce_basic_ring_16nodes_4gpus_64chunks_64channels_frontera.xml
c197-032:22390:22427 [2] NCCL INFO Connected all trees
c197-032:22390:22427 [2] NCCL INFO MSCCL_XML_FILES set by environment to /home1/09168/ldai1/ccl-build/msccl_tools_lyd/examples/xml/xml_lyd/ring/allreduce_basic_ring_16nodes_4gpus_64chunks_64channels_frontera.xml
c197-032:22390:22427 [2] NCCL INFO MSCCL: Parsing algorithm /home1/09168/ldai1/ccl-build/msccl_tools_lyd/examples/xml/xml_lyd/ring/allreduce_basic_ring_16nodes_4gpus_64chunks_64channels_frontera.xml
c196-071:24323:24359 [3] NCCL INFO Connected all trees
c196-071:24323:24359 [3] NCCL INFO MSCCL_XML_FILES set by environment to /home1/09168/ldai1/ccl-build/msccl_tools_lyd/examples/xml/xml_lyd/ring/allreduce_basic_ring_16nodes_4gpus_64chunks_64channels_frontera.xml
c196-071:24323:24359 [3] NCCL INFO MSCCL: Parsing algorithm /home1/09168/ldai1/ccl-build/msccl_tools_lyd/examples/xml/xml_lyd/ring/allreduce_basic_ring_16nodes_4gpus_64chunks_64channels_frontera.xml
c196-071:24322:24357 [2] NCCL INFO Connected all trees
c196-071:24322:24357 [2] NCCL INFO MSCCL_XML_FILES set by environment to /home1/09168/ldai1/ccl-build/msccl_tools_lyd/examples/xml/xml_lyd/ring/allreduce_basic_ring_16nodes_4gpus_64chunks_64channels_frontera.xml
c196-071:24322:24357 [2] NCCL INFO MSCCL: Parsing algorithm /home1/09168/ldai1/ccl-build/msccl_tools_lyd/examples/xml/xml_lyd/ring/allreduce_basic_ring_16nodes_4gpus_64chunks_64channels_frontera.xml
c196-082:9938:9977 [0] NCCL INFO Channel 00/0 : 8[2000] -> 12[2000] [receive] via NET/IB/0
c197-021:29280:29319 [0] NCCL INFO Channel 01/0 : 48[2000] -> 52[2000] [send] via NET/IB/0
c196-092:436:474 [0] NCCL INFO Channel 01/0 : 16[2000] -> 20[2000] [receive] via NET/IB/0
c196-101:9588:9628 [0] NCCL INFO Channel 01/0 : 21[3000] -> 24[2000] [receive] via NET/IB/0
c197-031:13589:13629 [0] NCCL INFO Channel 01/0 : 53[3000] -> 56[2000] [receive] via NET/IB/0
c196-102:820:860 [0] NCCL INFO Channel 00/0 : 24[2000] -> 28[2000] [receive] via NET/IB/0
c196-091:22793:22833 [0] NCCL INFO Channel 01/0 : 16[2000] -> 20[2000] [send] via NET/IB/0
c196-111:4849:4887 [0] NCCL INFO Channel 01/0 : 32[2000] -> 36[2000] [send] via NET/IB/0
c197-032:22388:22422 [0] NCCL INFO Channel 00/0 : 56[2000] -> 60[2000] [receive] via NET/IB/0
c197-012:27709:27750 [0] NCCL INFO Channel 00/0 : 40[2000] -> 44[2000] [receive] via NET/IB/0
c196-081:16831:16869 [0] NCCL INFO Channel 01/0 : 5[3000] -> 8[2000] [receive] via NET/IB/0
c196-112:10509:10551 [0] NCCL INFO Channel 01/0 : 32[2000] -> 36[2000] [receive] via NET/IB/0
c197-011:13867:13907 [0] NCCL INFO Channel 01/0 : 37[3000] -> 40[2000] [receive] via NET/IB/0
c196-072:19590:19629 [0] NCCL INFO Channel 01/0 : 0[2000] -> 4[2000] [receive] via NET/IB/0
c196-071:24320:24352 [0] NCCL INFO Channel 01/0 : 0[2000] -> 4[2000] [send] via NET/IB/0
c197-022:11801:11837 [0] NCCL INFO Channel 01/0 : 48[2000] -> 52[2000] [receive] via NET/IB/0

c197-012:27712:27745 [3] graph/topo.cc:868 NCCL WARN MSCCL: number of desired channels (64) is more than possible ones (32)

c197-012:27712:27745 [3] graph/topo.cc:938 NCCL WARN MSCCL: threadblock 33 on GPU 47 has an invalid channel 33

c197-012:27712:27745 [3] graph/topo.cc:1212 NCCL WARN MSCCL: algorithm /home1/09168/ldai1/ccl-build/msccl_tools_lyd/examples/xml/xml_lyd/ring/allreduce_basic_ring_16nodes_4gpus_64chunks_64channels_frontera.xml failed to initialize. Will be ignored.
c197-012:27712:27745 [3] NCCL INFO NCCL_NTHREADS set by environment to 256.

c196-091:22796:22827 [3] graph/topo.cc:868 NCCL WARN MSCCL: number of desired channels (64) is more than possible ones (32)
c197-012:27712:27745 [3] NCCL INFO NCCL_PROTO set by environment to Simple
c197-012:27712:27745 [3] NCCL INFO NCCL_ALGO set by environment to MSCCL,TREE,RING

c196-091:22796:22827 [3] graph/topo.cc:938 NCCL WARN MSCCL: threadblock 33 on GPU 19 has an invalid channel 33

c196-091:22796:22827 [3] graph/topo.cc:1212 NCCL WARN MSCCL: algorithm /home1/09168/ldai1/ccl-build/msccl_tools_lyd/examples/xml/xml_lyd/ring/allreduce_basic_ring_16nodes_4gpus_64chunks_64channels_frontera.xml failed to initialize. Will be ignored.

c196-092:439:471 [3] graph/topo.cc:868 NCCL WARN MSCCL: number of desired channels (64) is more than possible ones (32)
c197-012:27712:27745 [3] NCCL INFO threadThresholds 8/8/64 | 512/8/64 | 8/8/64 | 8/8/512
c196-091:22796:22827 [3] NCCL INFO NCCL_NTHREADS set by environment to 256.
c196-091:22796:22827 [3] NCCL INFO NCCL_PROTO set by environment to Simple

c196-092:439:471 [3] graph/topo.cc:938 NCCL WARN MSCCL: threadblock 33 on GPU 23 has an invalid channel 33

c196-092:439:471 [3] graph/topo.cc:1212 NCCL WARN MSCCL: algorithm /home1/09168/ldai1/ccl-build/msccl_tools_lyd/examples/xml/xml_lyd/ring/allreduce_basic_ring_16nodes_4gpus_64chunks_64channels_frontera.xml failed to initialize. Will be ignored.
c197-012:27712:27745 [3] NCCL INFO 2 coll channels, 2 p2p channels, 2 p2p channels per peer
c196-091:22796:22827 [3] NCCL INFO NCCL_ALGO set by environment to MSCCL,TREE,RING
c196-091:22796:22827 [3] NCCL INFO threadThresholds 8/8/64 | 512/8/64 | 8/8/64 | 8/8/512
c196-092:439:471 [3] NCCL INFO NCCL_NTHREADS set by environment to 256.
c196-092:439:471 [3] NCCL INFO NCCL_PROTO set by environment to Simple
c196-091:22796:22827 [3] NCCL INFO 2 coll channels, 2 p2p channels, 2 p2p channels per peer
c196-092:439:471 [3] NCCL INFO NCCL_ALGO set by environment to MSCCL,TREE,RING
c196-092:439:471 [3] NCCL INFO threadThresholds 8/8/64 | 512/8/64 | 8/8/64 | 8/8/512
c196-092:439:471 [3] NCCL INFO 2 coll channels, 2 p2p channels, 2 p2p channels per peer

c196-081:16834:16871 [3] graph/topo.cc:868 NCCL WARN MSCCL: number of desired channels (64) is more than possible ones (32)

c196-081:16834:16871 [3] graph/topo.cc:938 NCCL WARN MSCCL: threadblock 33 on GPU 11 has an invalid channel 33

c196-081:16834:16871 [3] graph/topo.cc:1212 NCCL WARN MSCCL: algorithm /home1/09168/ldai1/ccl-build/msccl_tools_lyd/examples/xml/xml_lyd/ring/allreduce_basic_ring_16nodes_4gpus_64chunks_64channels_frontera.xml failed to initialize. Will be ignored.
c196-081:16834:16871 [3] NCCL INFO NCCL_NTHREADS set by environment to 256.

c196-112:10512:10547 [3] graph/topo.cc:868 NCCL WARN MSCCL: number of desired channels (64) is more than possible ones (32)
c196-081:16834:16871 [3] NCCL INFO NCCL_PROTO set by environment to Simple

c196-112:10512:10547 [3] graph/topo.cc:938 NCCL WARN MSCCL: threadblock 33 on GPU 39 has an invalid channel 33

c196-112:10512:10547 [3] graph/topo.cc:1212 NCCL WARN MSCCL: algorithm /home1/09168/ldai1/ccl-build/msccl_tools_lyd/examples/xml/xml_lyd/ring/allreduce_basic_ring_16nodes_4gpus_64chunks_64channels_frontera.xml failed to initialize. Will be ignored.
c196-081:16834:16871 [3] NCCL INFO NCCL_ALGO set by environment to MSCCL,TREE,RING

c196-101:9591:9624 [3] graph/topo.cc:868 NCCL WARN MSCCL: number of desired channels (64) is more than possible ones (32)
c196-112:10512:10547 [3] NCCL INFO NCCL_NTHREADS set by environment to 256.
c196-081:16834:16871 [3] NCCL INFO threadThresholds 8/8/64 | 512/8/64 | 8/8/64 | 8/8/512

c196-101:9591:9624 [3] graph/topo.cc:938 NCCL WARN MSCCL: threadblock 33 on GPU 27 has an invalid channel 33

c196-101:9591:9624 [3] graph/topo.cc:1212 NCCL WARN MSCCL: algorithm /home1/09168/ldai1/ccl-build/msccl_tools_lyd/examples/xml/xml_lyd/ring/allreduce_basic_ring_16nodes_4gpus_64chunks_64channels_frontera.xml failed to initialize. Will be ignored.
c196-112:10512:10547 [3] NCCL INFO NCCL_PROTO set by environment to Simple
c196-081:16834:16871 [3] NCCL INFO 2 coll channels, 2 p2p channels, 2 p2p channels per peer
c196-101:9591:9624 [3] NCCL INFO NCCL_NTHREADS set by environment to 256.
c196-112:10512:10547 [3] NCCL INFO NCCL_ALGO set by environment to MSCCL,TREE,RING
c196-101:9591:9624 [3] NCCL INFO NCCL_PROTO set by environment to Simple
c196-101:9591:9624 [3] NCCL INFO NCCL_ALGO set by environment to MSCCL,TREE,RING
c196-112:10512:10547 [3] NCCL INFO threadThresholds 8/8/64 | 512/8/64 | 8/8/64 | 8/8/512

c197-022:11804:11839 [3] graph/topo.cc:868 NCCL WARN MSCCL: number of desired channels (64) is more than possible ones (32)
c196-101:9591:9624 [3] NCCL INFO threadThresholds 8/8/64 | 512/8/64 | 8/8/64 | 8/8/512

c196-102:823:856 [3] graph/topo.cc:868 NCCL WARN MSCCL: number of desired channels (64) is more than possible ones (32)
c196-112:10512:10547 [3] NCCL INFO 2 coll channels, 2 p2p channels, 2 p2p channels per peer

c197-022:11804:11839 [3] graph/topo.cc:938 NCCL WARN MSCCL: threadblock 33 on GPU 55 has an invalid channel 33

c197-022:11804:11839 [3] graph/topo.cc:1212 NCCL WARN MSCCL: algorithm /home1/09168/ldai1/ccl-build/msccl_tools_lyd/examples/xml/xml_lyd/ring/allreduce_basic_ring_16nodes_4gpus_64chunks_64channels_frontera.xml failed to initialize. Will be ignored.
c196-101:9591:9624 [3] NCCL INFO 2 coll channels, 2 p2p channels, 2 p2p channels per peer

c196-102:823:856 [3] graph/topo.cc:938 NCCL WARN MSCCL: threadblock 33 on GPU 31 has an invalid channel 33

c196-102:823:856 [3] graph/topo.cc:1212 NCCL WARN MSCCL: algorithm /home1/09168/ldai1/ccl-build/msccl_tools_lyd/examples/xml/xml_lyd/ring/allreduce_basic_ring_16nodes_4gpus_64chunks_64channels_frontera.xml failed to initialize. Will be ignored.

c197-011:13870:13905 [3] graph/topo.cc:868 NCCL WARN MSCCL: number of desired channels (64) is more than possible ones (32)
c197-022:11804:11839 [3] NCCL INFO NCCL_NTHREADS set by environment to 256.
c196-102:823:856 [3] NCCL INFO NCCL_NTHREADS set by environment to 256.

c197-011:13870:13905 [3] graph/topo.cc:938 NCCL WARN MSCCL: threadblock 33 on GPU 43 has an invalid channel 33

c197-011:13870:13905 [3] graph/topo.cc:1212 NCCL WARN MSCCL: algorithm /home1/09168/ldai1/ccl-build/msccl_tools_lyd/examples/xml/xml_lyd/ring/allreduce_basic_ring_16nodes_4gpus_64chunks_64channels_frontera.xml failed to initialize. Will be ignored.
c197-022:11804:11839 [3] NCCL INFO NCCL_PROTO set by environment to Simple
c197-022:11804:11839 [3] NCCL INFO NCCL_ALGO set by environment to MSCCL,TREE,RING
c196-102:823:856 [3] NCCL INFO NCCL_PROTO set by environment to Simple
c196-102:823:856 [3] NCCL INFO NCCL_ALGO set by environment to MSCCL,TREE,RING
c197-011:13870:13905 [3] NCCL INFO NCCL_NTHREADS set by environment to 256.
c197-022:11804:11839 [3] NCCL INFO threadThresholds 8/8/64 | 512/8/64 | 8/8/64 | 8/8/512
c196-102:823:856 [3] NCCL INFO threadThresholds 8/8/64 | 512/8/64 | 8/8/64 | 8/8/512
c197-011:13870:13905 [3] NCCL INFO NCCL_PROTO set by environment to Simple
c197-022:11804:11839 [3] NCCL INFO 2 coll channels, 2 p2p channels, 2 p2p channels per peer
c196-102:823:856 [3] NCCL INFO 2 coll channels, 2 p2p channels, 2 p2p channels per peer
c197-011:13870:13905 [3] NCCL INFO NCCL_ALGO set by environment to MSCCL,TREE,RING
c197-011:13870:13905 [3] NCCL INFO threadThresholds 8/8/64 | 512/8/64 | 8/8/64 | 8/8/512
c197-011:13870:13905 [3] NCCL INFO 2 coll channels, 2 p2p channels, 2 p2p channels per peer

c196-082:9941:9974 [3] graph/topo.cc:868 NCCL WARN MSCCL: number of desired channels (64) is more than possible ones (32)

c196-082:9941:9974 [3] graph/topo.cc:938 NCCL WARN MSCCL: threadblock 33 on GPU 15 has an invalid channel 33

c196-082:9941:9974 [3] graph/topo.cc:1212 NCCL WARN MSCCL: algorithm /home1/09168/ldai1/ccl-build/msccl_tools_lyd/examples/xml/xml_lyd/ring/allreduce_basic_ring_16nodes_4gpus_64chunks_64channels_frontera.xml failed to initialize. Will be ignored.
c196-082:9941:9974 [3] NCCL INFO NCCL_NTHREADS set by environment to 256.
c196-082:9941:9974 [3] NCCL INFO NCCL_PROTO set by environment to Simple
c196-082:9941:9974 [3] NCCL INFO NCCL_ALGO set by environment to MSCCL,TREE,RING
c196-082:9941:9974 [3] NCCL INFO threadThresholds 8/8/64 | 512/8/64 | 8/8/64 | 8/8/512
c196-082:9941:9974 [3] NCCL INFO 2 coll channels, 2 p2p channels, 2 p2p channels per peer

c197-032:22391:22428 [3] graph/topo.cc:868 NCCL WARN MSCCL: number of desired channels (64) is more than possible ones (32)

c197-032:22391:22428 [3] graph/topo.cc:938 NCCL WARN MSCCL: threadblock 33 on GPU 63 has an invalid channel 33

c197-032:22391:22428 [3] graph/topo.cc:1212 NCCL WARN MSCCL: algorithm /home1/09168/ldai1/ccl-build/msccl_tools_lyd/examples/xml/xml_lyd/ring/allreduce_basic_ring_16nodes_4gpus_64chunks_64channels_frontera.xml failed to initialize. Will be ignored.

c197-021:29283:29316 [3] graph/topo.cc:868 NCCL WARN MSCCL: number of desired channels (64) is more than possible ones (32)

c197-031:13592:13624 [3] graph/topo.cc:868 NCCL WARN MSCCL: number of desired channels (64) is more than possible ones (32)
c197-032:22391:22428 [3] NCCL INFO NCCL_NTHREADS set by environment to 256.

c197-021:29283:29316 [3] graph/topo.cc:938 NCCL WARN MSCCL: threadblock 33 on GPU 51 has an invalid channel 33

c197-021:29283:29316 [3] graph/topo.cc:1212 NCCL WARN MSCCL: algorithm /home1/09168/ldai1/ccl-build/msccl_tools_lyd/examples/xml/xml_lyd/ring/allreduce_basic_ring_16nodes_4gpus_64chunks_64channels_frontera.xml failed to initialize. Will be ignored.

c197-031:13592:13624 [3] graph/topo.cc:938 NCCL WARN MSCCL: threadblock 33 on GPU 59 has an invalid channel 33

c197-031:13592:13624 [3] graph/topo.cc:1212 NCCL WARN MSCCL: algorithm /home1/09168/ldai1/ccl-build/msccl_tools_lyd/examples/xml/xml_lyd/ring/allreduce_basic_ring_16nodes_4gpus_64chunks_64channels_frontera.xml failed to initialize. Will be ignored.
c197-032:22391:22428 [3] NCCL INFO NCCL_PROTO set by environment to Simple
c197-032:22391:22428 [3] NCCL INFO NCCL_ALGO set by environment to MSCCL,TREE,RING
c197-021:29283:29316 [3] NCCL INFO NCCL_NTHREADS set by environment to 256.
c197-031:13592:13624 [3] NCCL INFO NCCL_NTHREADS set by environment to 256.
c197-032:22391:22428 [3] NCCL INFO threadThresholds 8/8/64 | 512/8/64 | 8/8/64 | 8/8/512
c197-021:29283:29316 [3] NCCL INFO NCCL_PROTO set by environment to Simple
c197-031:13592:13624 [3] NCCL INFO NCCL_PROTO set by environment to Simple
c197-031:13592:13624 [3] NCCL INFO NCCL_ALGO set by environment to MSCCL,TREE,RING
c197-032:22391:22428 [3] NCCL INFO 2 coll channels, 2 p2p channels, 2 p2p channels per peer

c196-111:4852:4883 [3] graph/topo.cc:868 NCCL WARN MSCCL: number of desired channels (64) is more than possible ones (32)
c197-021:29283:29316 [3] NCCL INFO NCCL_ALGO set by environment to MSCCL,TREE,RING
c197-031:13592:13624 [3] NCCL INFO threadThresholds 8/8/64 | 512/8/64 | 8/8/64 | 8/8/512

c196-072:19593:19626 [3] graph/topo.cc:868 NCCL WARN MSCCL: number of desired channels (64) is more than possible ones (32)

c196-111:4852:4883 [3] graph/topo.cc:938 NCCL WARN MSCCL: threadblock 33 on GPU 35 has an invalid channel 33

c196-111:4852:4883 [3] graph/topo.cc:1212 NCCL WARN MSCCL: algorithm /home1/09168/ldai1/ccl-build/msccl_tools_lyd/examples/xml/xml_lyd/ring/allreduce_basic_ring_16nodes_4gpus_64chunks_64channels_frontera.xml failed to initialize. Will be ignored.
c197-021:29283:29316 [3] NCCL INFO threadThresholds 8/8/64 | 512/8/64 | 8/8/64 | 8/8/512
c197-031:13592:13624 [3] NCCL INFO 2 coll channels, 2 p2p channels, 2 p2p channels per peer

c196-072:19593:19626 [3] graph/topo.cc:938 NCCL WARN MSCCL: threadblock 33 on GPU 7 has an invalid channel 33

c196-072:19593:19626 [3] graph/topo.cc:1212 NCCL WARN MSCCL: algorithm /home1/09168/ldai1/ccl-build/msccl_tools_lyd/examples/xml/xml_lyd/ring/allreduce_basic_ring_16nodes_4gpus_64chunks_64channels_frontera.xml failed to initialize. Will be ignored.
c196-111:4852:4883 [3] NCCL INFO NCCL_NTHREADS set by environment to 256.
c196-111:4852:4883 [3] NCCL INFO NCCL_PROTO set by environment to Simple
c196-111:4852:4883 [3] NCCL INFO NCCL_ALGO set by environment to MSCCL,TREE,RING
c197-021:29283:29316 [3] NCCL INFO 2 coll channels, 2 p2p channels, 2 p2p channels per peer
c196-072:19593:19626 [3] NCCL INFO NCCL_NTHREADS set by environment to 256.
c196-072:19593:19626 [3] NCCL INFO NCCL_PROTO set by environment to Simple
c196-111:4852:4883 [3] NCCL INFO threadThresholds 8/8/64 | 512/8/64 | 8/8/64 | 8/8/512
c196-072:19593:19626 [3] NCCL INFO NCCL_ALGO set by environment to MSCCL,TREE,RING
c196-111:4852:4883 [3] NCCL INFO 2 coll channels, 2 p2p channels, 2 p2p channels per peer
c196-072:19593:19626 [3] NCCL INFO threadThresholds 8/8/64 | 512/8/64 | 8/8/64 | 8/8/512
c196-072:19593:19626 [3] NCCL INFO 2 coll channels, 2 p2p channels, 2 p2p channels per peer

c197-032:22390:22427 [2] graph/topo.cc:868 NCCL WARN MSCCL: number of desired channels (64) is more than possible ones (32)

c197-032:22390:22427 [2] graph/topo.cc:938 NCCL WARN MSCCL: threadblock 33 on GPU 62 has an invalid channel 33

c197-032:22390:22427 [2] graph/topo.cc:1212 NCCL WARN MSCCL: algorithm /home1/09168/ldai1/ccl-build/msccl_tools_lyd/examples/xml/xml_lyd/ring/allreduce_basic_ring_16nodes_4gpus_64chunks_64channels_frontera.xml failed to initialize. Will be ignored.
c197-032:22390:22427 [2] NCCL INFO NCCL_NTHREADS set by environment to 256.
c197-032:22390:22427 [2] NCCL INFO NCCL_PROTO set by environment to Simple
c197-032:22390:22427 [2] NCCL INFO NCCL_ALGO set by environment to MSCCL,TREE,RING
c197-032:22390:22427 [2] NCCL INFO threadThresholds 8/8/64 | 512/8/64 | 8/8/64 | 8/8/512
c197-032:22390:22427 [2] NCCL INFO 2 coll channels, 2 p2p channels, 2 p2p channels per peer

c196-071:24323:24359 [3] graph/topo.cc:868 NCCL WARN MSCCL: number of desired channels (64) is more than possible ones (32)

c196-071:24323:24359 [3] graph/topo.cc:938 NCCL WARN MSCCL: threadblock 33 on GPU 3 has an invalid channel 33

c196-071:24323:24359 [3] graph/topo.cc:1212 NCCL WARN MSCCL: algorithm /home1/09168/ldai1/ccl-build/msccl_tools_lyd/examples/xml/xml_lyd/ring/allreduce_basic_ring_16nodes_4gpus_64chunks_64channels_frontera.xml failed to initialize. Will be ignored.
c196-071:24323:24359 [3] NCCL INFO NCCL_NTHREADS set by environment to 256.
c196-071:24323:24359 [3] NCCL INFO NCCL_PROTO set by environment to Simple
c196-071:24323:24359 [3] NCCL INFO NCCL_ALGO set by environment to MSCCL,TREE,RING
c196-071:24323:24359 [3] NCCL INFO threadThresholds 8/8/64 | 512/8/64 | 8/8/64 | 8/8/512
c196-071:24323:24359 [3] NCCL INFO 2 coll channels, 2 p2p channels, 2 p2p channels per peer

c196-071:24322:24357 [2] graph/topo.cc:868 NCCL WARN MSCCL: number of desired channels (64) is more than possible ones (32)

c196-071:24322:24357 [2] graph/topo.cc:938 NCCL WARN MSCCL: threadblock 33 on GPU 2 has an invalid channel 33

c196-071:24322:24357 [2] graph/topo.cc:1212 NCCL WARN MSCCL: algorithm /home1/09168/ldai1/ccl-build/msccl_tools_lyd/examples/xml/xml_lyd/ring/allreduce_basic_ring_16nodes_4gpus_64chunks_64channels_frontera.xml failed to initialize. Will be ignored.
c196-071:24322:24357 [2] NCCL INFO NCCL_NTHREADS set by environment to 256.
c196-071:24322:24357 [2] NCCL INFO NCCL_PROTO set by environment to Simple
c196-071:24322:24357 [2] NCCL INFO NCCL_ALGO set by environment to MSCCL,TREE,RING
c196-071:24322:24357 [2] NCCL INFO threadThresholds 8/8/64 | 512/8/64 | 8/8/64 | 8/8/512
c196-071:24322:24357 [2] NCCL INFO 2 coll channels, 2 p2p channels, 2 p2p channels per peer
c197-022:11802:11835 [1] NCCL INFO Channel 01/0 : 56[2000] -> 53[3000] [receive] via NET/IB/0
c196-111:4849:4887 [0] NCCL INFO Channel 00/0 : 32[2000] -> 48[2000] [send] via NET/IB/0
c196-092:437:476 [1] NCCL INFO Channel 01/0 : 24[2000] -> 21[3000] [receive] via NET/IB/0
c197-031:13589:13629 [0] NCCL INFO Channel 00/0 : 56[2000] -> 60[2000] [send] via NET/IB/0
c196-101:9588:9628 [0] NCCL INFO Channel 00/0 : 24[2000] -> 28[2000] [send] via NET/IB/0
c196-072:19591:19630 [1] NCCL INFO Channel 01/0 : 8[2000] -> 5[3000] [receive] via NET/IB/0
c196-071:24320:24352 [0] NCCL INFO Channel 00/0 : 32[2000] -> 0[2000] [receive] via NET/IB/0
c197-021:29280:29319 [0] NCCL INFO Channel 00/0 : 48[2000] -> 56[2000] [send] via NET/IB/0
c196-092:436:474 [0] NCCL INFO Channel 00/0 : 20[2000] -> 25[3000] [send] via NET/IB/0
c196-081:16831:16869 [0] NCCL INFO Channel 00/0 : 8[2000] -> 12[2000] [send] via NET/IB/0
c196-112:10510:10550 [1] NCCL INFO Channel 01/0 : 40[2000] -> 37[3000] [receive] via NET/IB/0
c197-011:13867:13907 [0] NCCL INFO Channel 00/0 : 40[2000] -> 44[2000] [send] via NET/IB/0
c196-072:19590:19629 [0] NCCL INFO Channel 00/0 : 4[2000] -> 9[3000] [send] via NET/IB/0
c196-091:22793:22833 [0] NCCL INFO Channel 00/0 : 16[2000] -> 24[2000] [send] via NET/IB/0
c197-022:11801:11837 [0] NCCL INFO Channel 00/0 : 52[2000] -> 57[3000] [send] via NET/IB/0
c196-112:10509:10551 [0] NCCL INFO Channel 00/0 : 36[2000] -> 41[3000] [send] via NET/IB/0
c196-071:24320:24352 [0] NCCL INFO Channel 00/0 : 0[2000] -> 32[2000] [send] via NET/IB/0
c197-031:13589:13629 [0] NCCL INFO Channel 00/0 : 48[2000] -> 56[2000] [receive] via NET/IB/0
c196-101:9588:9628 [0] NCCL INFO Channel 00/0 : 16[2000] -> 24[2000] [receive] via NET/IB/0
c196-092:436:474 [0] NCCL INFO Channel 01/0 : 13[3000] -> 20[2000] [receive] via NET/IB/0
c197-022:11801:11837 [0] NCCL INFO Channel 01/0 : 45[3000] -> 52[2000] [receive] via NET/IB/0
c197-011:13867:13907 [0] NCCL INFO Channel 00/0 : 40[2000] -> 49[3000] [send] via NET/IB/0
c196-072:19590:19629 [0] NCCL INFO Channel 01/0 : 4[2000] -> 12[2000] [send] via NET/IB/0
c196-102:820:860 [0] NCCL INFO Channel 01/0 : 12[2000] -> 28[2000] [receive] via NET/IB/0
c197-032:22388:22422 [0] NCCL INFO Channel 01/0 : 28[2000] -> 60[2000] [receive] via NET/IB/0
c196-082:9938:9977 [0] NCCL INFO Channel 01/0 : 4[2000] -> 12[2000] [receive] via NET/IB/0
c196-112:10509:10551 [0] NCCL INFO Channel 01/0 : 36[2000] -> 44[2000] [send] via NET/IB/0
c196-101:9589:9626 [1] NCCL INFO Channel 00/0 : 25[3000] -> 20[2000] [send] via NET/IB/0
c197-012:27709:27750 [0] NCCL INFO Channel 01/0 : 36[2000] -> 44[2000] [receive] via NET/IB/0
c196-081:16831:16869 [0] NCCL INFO Channel 00/0 : 8[2000] -> 17[3000] [send] via NET/IB/0
c196-081:16832:16865 [1] NCCL INFO Channel 00/0 : 9[3000] -> 4[2000] [send] via NET/IB/0
c197-031:13590:13627 [1] NCCL INFO Channel 00/0 : 57[3000] -> 52[2000] [send] via NET/IB/0
c197-011:13868:13902 [1] NCCL INFO Channel 00/0 : 41[3000] -> 36[2000] [send] via NET/IB/0
