c197-021:25420:25420 [3] NCCL INFO comm 0x2b7cde000010 rank 15 nranks 64 cudaDev 3 busId 83000 - Destroy COMPLETE
c197-041:12526:12526 [3] NCCL INFO comm 0x2b1f0dbbc010 rank 31 nranks 64 cudaDev 3 busId 83000 - Destroy COMPLETE
c197-022:8345:8345 [3] NCCL INFO comm 0x2ae2e1c70010 rank 19 nranks 64 cudaDev 3 busId 83000 - Destroy COMPLETE
c198-101:27916:27916 [2] NCCL INFO comm 0x2aea32402010 rank 54 nranks 64 cudaDev 2 busId 82000 - Destroy COMPLETE
c197-042:22544:22544 [2] NCCL INFO comm 0x2ae032000010 rank 34 nranks 64 cudaDev 2 busId 82000 - Destroy COMPLETE
c196-061:6177:6177 [2] NCCL INFO comm 0x2b0ab0000010 rank 2 nranks 64 cudaDev 2 busId 82000 - Destroy COMPLETE
c198-111:27304:27304 [2] NCCL INFO comm 0x2ae7de000010 rank 62 nranks 64 cudaDev 2 busId 82000 - Destroy COMPLETE
c197-031:9750:9750 [2] NCCL INFO comm 0x2b135e000010 rank 22 nranks 64 cudaDev 2 busId 82000 - Destroy COMPLETE
c198-102:29603:29603 [2] NCCL INFO comm 0x2aaecc000010 rank 58 nranks 64 cudaDev 2 busId 82000 - Destroy COMPLETE
c197-012:23720:23720 [2] NCCL INFO comm 0x2b36a0000010 rank 10 nranks 64 cudaDev 2 busId 82000 - Destroy COMPLETE
c198-022:18656:18656 [2] NCCL INFO comm 0x2b067e000010 rank 46 nranks 64 cudaDev 2 busId 82000 - Destroy COMPLETE
c198-021:18854:18854 [2] NCCL INFO comm 0x2b6b4d91b010 rank 42 nranks 64 cudaDev 2 busId 82000 - Destroy COMPLETE
c197-032:18762:18762 [2] NCCL INFO comm 0x2ad775259010 rank 26 nranks 64 cudaDev 2 busId 82000 - Destroy COMPLETE
c196-061:6175:6175 [0] NCCL INFO comm 0x2b11bdf33010 rank 0 nranks 64 cudaDev 0 busId 2000 - Destroy COMPLETE
c198-031:28864:28864 [2] NCCL INFO comm 0x2b3915f92010 rank 50 nranks 64 cudaDev 2 busId 82000 - Destroy COMPLETE
c198-012:32602:32602 [2] NCCL INFO comm 0x2af56e000010 rank 38 nranks 64 cudaDev 2 busId 82000 - Destroy COMPLETE
c197-021:25419:25419 [2] NCCL INFO comm 0x2b3cee000010 rank 14 nranks 64 cudaDev 2 busId 82000 - Destroy COMPLETE
c198-111:27303:27303 [1] NCCL INFO comm 0x2acb24000010 rank 61 nranks 64 cudaDev 1 busId 3000 - Destroy COMPLETE
c196-062:16416:16416 [2] NCCL INFO comm 0x2b32bd259010 rank 6 nranks 64 cudaDev 2 busId 82000 - Destroy COMPLETE
c196-061:6176:6176 [1] NCCL INFO comm 0x2ad352000010 rank 1 nranks 64 cudaDev 1 busId 3000 - Destroy COMPLETE
c198-111:27302:27302 [0] NCCL INFO comm 0x2ad17ceb9010 rank 60 nranks 64 cudaDev 0 busId 2000 - Destroy COMPLETE
c197-041:12525:12525 [2] NCCL INFO comm 0x2b711d34e010 rank 30 nranks 64 cudaDev 2 busId 82000 - Destroy COMPLETE
c197-042:22543:22543 [1] NCCL INFO comm 0x2b572e000010 rank 33 nranks 64 cudaDev 1 busId 3000 - Destroy COMPLETE
# Out of bounds values : 1216 FAILED
# Avg bus bandwidth    : 0.988195 
#
c197-022:8343:8343 [1] NCCL INFO comm 0x2b9841e34010 rank 17 nranks 64 cudaDev 1 busId 3000 - Destroy COMPLETE
c197-022:8342:8342 [0] NCCL INFO comm 0x2b29fe000010 rank 16 nranks 64 cudaDev 0 busId 2000 - Destroy COMPLETE
c198-101:27915:27915 [1] NCCL INFO comm 0x2add5c9b6010 rank 53 nranks 64 cudaDev 1 busId 3000 - Destroy COMPLETE
c197-042:22542:22542 [0] NCCL INFO comm 0x2abd74000010 rank 32 nranks 64 cudaDev 0 busId 2000 - Destroy COMPLETE
c198-102:29602:29602 [1] NCCL INFO comm 0x2adf85cbe010 rank 57 nranks 64 cudaDev 1 busId 3000 - Destroy COMPLETE
c197-031:9749:9749 [1] NCCL INFO comm 0x2b7f65eb4010 rank 21 nranks 64 cudaDev 1 busId 3000 - Destroy COMPLETE
c197-032:18761:18761 [1] NCCL INFO comm 0x2ab93e201010 rank 25 nranks 64 cudaDev 1 busId 3000 - Destroy COMPLETE
c198-101:27914:27914 [0] NCCL INFO comm 0x2ae731c3d010 rank 52 nranks 64 cudaDev 0 busId 2000 - Destroy COMPLETE
c197-031:9748:9748 [0] NCCL INFO comm 0x2b6cce000010 rank 20 nranks 64 cudaDev 0 busId 2000 - Destroy COMPLETE
c197-032:18760:18760 [0] NCCL INFO comm 0x2b9ebe000010 rank 24 nranks 64 cudaDev 0 busId 2000 - Destroy COMPLETE
c197-012:23719:23719 [1] NCCL INFO comm 0x2aed1e000010 rank 9 nranks 64 cudaDev 1 busId 3000 - Destroy COMPLETE
c198-012:32601:32601 [1] NCCL INFO comm 0x2b203e000010 rank 37 nranks 64 cudaDev 1 busId 3000 - Destroy COMPLETE
c198-021:18853:18853 [1] NCCL INFO comm 0x2af13d259010 rank 41 nranks 64 cudaDev 1 busId 3000 - Destroy COMPLETE
c198-021:18852:18852 [0] NCCL INFO comm 0x2ba59df22010 rank 40 nranks 64 cudaDev 0 busId 2000 - Destroy COMPLETE
c198-102:29601:29601 [0] NCCL INFO comm 0x2b81ee000010 rank 56 nranks 64 cudaDev 0 busId 2000 - Destroy COMPLETE
c198-031:28863:28863 [1] NCCL INFO comm 0x2b5312000010 rank 49 nranks 64 cudaDev 1 busId 3000 - Destroy COMPLETE
c198-031:28862:28862 [0] NCCL INFO comm 0x2aea1e201010 rank 48 nranks 64 cudaDev 0 busId 2000 - Destroy COMPLETE
c197-012:23718:23718 [0] NCCL INFO comm 0x2abefe000010 rank 8 nranks 64 cudaDev 0 busId 2000 - Destroy COMPLETE
c196-062:16415:16415 [1] NCCL INFO comm 0x2ad3c5fd2010 rank 5 nranks 64 cudaDev 1 busId 3000 - Destroy COMPLETE
c198-022:18655:18655 [1] NCCL INFO comm 0x2b0a9e000010 rank 45 nranks 64 cudaDev 1 busId 3000 - Destroy COMPLETE
c197-021:25418:25418 [1] NCCL INFO comm 0x2aacce000010 rank 13 nranks 64 cudaDev 1 busId 3000 - Destroy COMPLETE
c197-041:12524:12524 [1] NCCL INFO comm 0x2b8de4000010 rank 29 nranks 64 cudaDev 1 busId 3000 - Destroy COMPLETE
c196-062:16414:16414 [0] NCCL INFO comm 0x2b8f32000010 rank 4 nranks 64 cudaDev 0 busId 2000 - Destroy COMPLETE
c198-012:32600:32600 [0] NCCL INFO comm 0x2b8aa0000010 rank 36 nranks 64 cudaDev 0 busId 2000 - Destroy COMPLETE
c198-022:18654:18654 [0] NCCL INFO comm 0x2b1dbe000010 rank 44 nranks 64 cudaDev 0 busId 2000 - Destroy COMPLETE
c197-021:25417:25417 [0] NCCL INFO comm 0x2afe60000010 rank 12 nranks 64 cudaDev 0 busId 2000 - Destroy COMPLETE
c197-041:12523:12523 [0] NCCL INFO comm 0x2b757e000010 rank 28 nranks 64 cudaDev 0 busId 2000 - Destroy COMPLETE

# nThread 1 nGpus 1 minBytes 1024 maxBytes 268435456 step: 2(factor) warmup iters: 5 iters: 20 agg iters: 1 validation: 1 graph: 0
#
# Using devices
#  Rank  0 Group  0 Pid   6299 on   c196-061 device  0 [0x02] Quadro RTX 5000
#  Rank  1 Group  0 Pid   6300 on   c196-061 device  1 [0x03] Quadro RTX 5000
#  Rank  2 Group  0 Pid   6301 on   c196-061 device  2 [0x82] Quadro RTX 5000
#  Rank  3 Group  0 Pid   6302 on   c196-061 device  3 [0x83] Quadro RTX 5000
#  Rank  4 Group  0 Pid  16515 on   c196-062 device  0 [0x02] Quadro RTX 5000
#  Rank  5 Group  0 Pid  16516 on   c196-062 device  1 [0x03] Quadro RTX 5000
#  Rank  6 Group  0 Pid  16517 on   c196-062 device  2 [0x82] Quadro RTX 5000
#  Rank  7 Group  0 Pid  16518 on   c196-062 device  3 [0x83] Quadro RTX 5000
#  Rank  8 Group  0 Pid  23805 on   c197-012 device  0 [0x02] Quadro RTX 5000
#  Rank  9 Group  0 Pid  23806 on   c197-012 device  1 [0x03] Quadro RTX 5000
#  Rank 10 Group  0 Pid  23807 on   c197-012 device  2 [0x82] Quadro RTX 5000
#  Rank 11 Group  0 Pid  23808 on   c197-012 device  3 [0x83] Quadro RTX 5000
#  Rank 12 Group  0 Pid  25504 on   c197-021 device  0 [0x02] Quadro RTX 5000
#  Rank 13 Group  0 Pid  25505 on   c197-021 device  1 [0x03] Quadro RTX 5000
#  Rank 14 Group  0 Pid  25506 on   c197-021 device  2 [0x82] Quadro RTX 5000
#  Rank 15 Group  0 Pid  25507 on   c197-021 device  3 [0x83] Quadro RTX 5000
#  Rank 16 Group  0 Pid   8431 on   c197-022 device  0 [0x02] Quadro RTX 5000
#  Rank 17 Group  0 Pid   8432 on   c197-022 device  1 [0x03] Quadro RTX 5000
#  Rank 18 Group  0 Pid   8433 on   c197-022 device  2 [0x82] Quadro RTX 5000
#  Rank 19 Group  0 Pid   8434 on   c197-022 device  3 [0x83] Quadro RTX 5000
#  Rank 20 Group  0 Pid   9835 on   c197-031 device  0 [0x02] Quadro RTX 5000
#  Rank 21 Group  0 Pid   9836 on   c197-031 device  1 [0x03] Quadro RTX 5000
#  Rank 22 Group  0 Pid   9837 on   c197-031 device  2 [0x82] Quadro RTX 5000
#  Rank 23 Group  0 Pid   9838 on   c197-031 device  3 [0x83] Quadro RTX 5000
#  Rank 24 Group  0 Pid  18847 on   c197-032 device  0 [0x02] Quadro RTX 5000
#  Rank 25 Group  0 Pid  18848 on   c197-032 device  1 [0x03] Quadro RTX 5000
#  Rank 26 Group  0 Pid  18849 on   c197-032 device  2 [0x82] Quadro RTX 5000
#  Rank 27 Group  0 Pid  18850 on   c197-032 device  3 [0x83] Quadro RTX 5000
#  Rank 28 Group  0 Pid  12611 on   c197-041 device  0 [0x02] Quadro RTX 5000
#  Rank 29 Group  0 Pid  12612 on   c197-041 device  1 [0x03] Quadro RTX 5000
#  Rank 30 Group  0 Pid  12613 on   c197-041 device  2 [0x82] Quadro RTX 5000
#  Rank 31 Group  0 Pid  12614 on   c197-041 device  3 [0x83] Quadro RTX 5000
#  Rank 32 Group  0 Pid  22629 on   c197-042 device  0 [0x02] Quadro RTX 5000
#  Rank 33 Group  0 Pid  22630 on   c197-042 device  1 [0x03] Quadro RTX 5000
#  Rank 34 Group  0 Pid  22631 on   c197-042 device  2 [0x82] Quadro RTX 5000
#  Rank 35 Group  0 Pid  22632 on   c197-042 device  3 [0x83] Quadro RTX 5000
#  Rank 36 Group  0 Pid  32701 on   c198-012 device  0 [0x02] Quadro RTX 5000
#  Rank 37 Group  0 Pid  32702 on   c198-012 device  1 [0x03] Quadro RTX 5000
#  Rank 38 Group  0 Pid  32703 on   c198-012 device  2 [0x82] Quadro RTX 5000
#  Rank 39 Group  0 Pid  32704 on   c198-012 device  3 [0x83] Quadro RTX 5000
#  Rank 40 Group  0 Pid  18939 on   c198-021 device  0 [0x02] Quadro RTX 5000
#  Rank 41 Group  0 Pid  18940 on   c198-021 device  1 [0x03] Quadro RTX 5000
#  Rank 42 Group  0 Pid  18941 on   c198-021 device  2 [0x82] Quadro RTX 5000
#  Rank 43 Group  0 Pid  18942 on   c198-021 device  3 [0x83] Quadro RTX 5000
#  Rank 44 Group  0 Pid  18741 on   c198-022 device  0 [0x02] Quadro RTX 5000
#  Rank 45 Group  0 Pid  18742 on   c198-022 device  1 [0x03] Quadro RTX 5000
#  Rank 46 Group  0 Pid  18743 on   c198-022 device  2 [0x82] Quadro RTX 5000
#  Rank 47 Group  0 Pid  18744 on   c198-022 device  3 [0x83] Quadro RTX 5000
#  Rank 48 Group  0 Pid  28949 on   c198-031 device  0 [0x02] Quadro RTX 5000
#  Rank 49 Group  0 Pid  28950 on   c198-031 device  1 [0x03] Quadro RTX 5000
#  Rank 50 Group  0 Pid  28951 on   c198-031 device  2 [0x82] Quadro RTX 5000
#  Rank 51 Group  0 Pid  28952 on   c198-031 device  3 [0x83] Quadro RTX 5000
#  Rank 52 Group  0 Pid  28003 on   c198-101 device  0 [0x02] Quadro RTX 5000
#  Rank 53 Group  0 Pid  28004 on   c198-101 device  1 [0x03] Quadro RTX 5000
#  Rank 54 Group  0 Pid  28005 on   c198-101 device  2 [0x82] Quadro RTX 5000
#  Rank 55 Group  0 Pid  28006 on   c198-101 device  3 [0x83] Quadro RTX 5000
#  Rank 56 Group  0 Pid  29688 on   c198-102 device  0 [0x02] Quadro RTX 5000
#  Rank 57 Group  0 Pid  29689 on   c198-102 device  1 [0x03] Quadro RTX 5000
#  Rank 58 Group  0 Pid  29690 on   c198-102 device  2 [0x82] Quadro RTX 5000
#  Rank 59 Group  0 Pid  29691 on   c198-102 device  3 [0x83] Quadro RTX 5000
#  Rank 60 Group  0 Pid  27390 on   c198-111 device  0 [0x02] Quadro RTX 5000
#  Rank 61 Group  0 Pid  27391 on   c198-111 device  1 [0x03] Quadro RTX 5000
#  Rank 62 Group  0 Pid  27392 on   c198-111 device  2 [0x82] Quadro RTX 5000
#  Rank 63 Group  0 Pid  27393 on   c198-111 device  3 [0x83] Quadro RTX 5000
c196-061:6299:6299 [0] NCCL INFO Bootstrap : Using ib0:192.168.44.111<0>
c196-061:6299:6299 [0] NCCL INFO NET/Plugin : No plugin found (libnccl-net.so), using internal implementation
c196-061:6299:6299 [0] NCCL INFO NET/IB : Using [0]mlx4_0:1/IB [RO]; OOB ib0:192.168.44.111<0>
c196-061:6299:6299 [0] NCCL INFO Using network IB
NCCL version 2.12.12.MSCCL.0.7.4+cuda11.3
c196-061:6301:6301 [2] NCCL INFO Bootstrap : Using ib0:192.168.44.111<0>
c196-061:6302:6302 [3] NCCL INFO Bootstrap : Using ib0:192.168.44.111<0>
c196-061:6301:6301 [2] NCCL INFO NET/Plugin : No plugin found (libnccl-net.so), using internal implementation
c196-061:6302:6302 [3] NCCL INFO NET/Plugin : No plugin found (libnccl-net.so), using internal implementation
c196-061:6302:6302 [3] NCCL INFO NET/IB : Using [0]mlx4_0:1/IB [RO]; OOB ib0:192.168.44.111<0>
c196-061:6302:6302 [3] NCCL INFO Using network IB
c196-061:6301:6301 [2] NCCL INFO NET/IB : Using [0]mlx4_0:1/IB [RO]; OOB ib0:192.168.44.111<0>
c196-061:6301:6301 [2] NCCL INFO Using network IB
c198-012:32704:32704 [3] NCCL INFO Bootstrap : Using ib0:192.168.44.146<0>
c198-012:32704:32704 [3] NCCL INFO NET/Plugin : No plugin found (libnccl-net.so), using internal implementation
c198-012:32704:32704 [3] NCCL INFO NET/IB : Using [0]mlx4_0:1/IB [RO]; OOB ib0:192.168.44.146<0>
c198-012:32704:32704 [3] NCCL INFO Using network IB
c198-101:28004:28004 [1] NCCL INFO Bootstrap : Using ib0:192.168.44.163<0>
c198-101:28004:28004 [1] NCCL INFO NET/Plugin : No plugin found (libnccl-net.so), using internal implementation
c197-022:8432:8432 [1] NCCL INFO Bootstrap : Using ib0:192.168.44.126<0>
c198-101:28004:28004 [1] NCCL INFO NET/IB : Using [0]mlx4_0:1/IB [RO]; OOB ib0:192.168.44.163<0>
c198-101:28004:28004 [1] NCCL INFO Using network IB
c197-022:8432:8432 [1] NCCL INFO NET/Plugin : No plugin found (libnccl-net.so), using internal implementation
c196-061:6300:6300 [1] NCCL INFO Bootstrap : Using ib0:192.168.44.111<0>
c196-061:6300:6300 [1] NCCL INFO NET/Plugin : No plugin found (libnccl-net.so), using internal implementation
c197-022:8432:8432 [1] NCCL INFO NET/IB : Using [0]mlx4_0:1/IB [RO]; OOB ib0:192.168.44.126<0>
c197-022:8432:8432 [1] NCCL INFO Using network IB
c196-061:6300:6300 [1] NCCL INFO NET/IB : Using [0]mlx4_0:1/IB [RO]; OOB ib0:192.168.44.111<0>
c196-061:6300:6300 [1] NCCL INFO Using network IB
c198-111:27393:27393 [3] NCCL INFO Bootstrap : Using ib0:192.168.44.165<0>
c198-111:27392:27392 [2] NCCL INFO Bootstrap : Using ib0:192.168.44.165<0>
c198-111:27392:27392 [2] NCCL INFO NET/Plugin : No plugin found (libnccl-net.so), using internal implementation
c198-111:27393:27393 [3] NCCL INFO NET/Plugin : No plugin found (libnccl-net.so), using internal implementation
c198-102:29688:29688 [0] NCCL INFO Bootstrap : Using ib0:192.168.44.164<0>
c198-102:29688:29688 [0] NCCL INFO NET/Plugin : No plugin found (libnccl-net.so), using internal implementation
c198-102:29688:29688 [0] NCCL INFO NET/IB : Using [0]mlx4_0:1/IB [RO]; OOB ib0:192.168.44.164<0>
c198-102:29688:29688 [0] NCCL INFO Using network IB
c198-101:28005:28005 [2] NCCL INFO Bootstrap : Using ib0:192.168.44.163<0>
c198-101:28005:28005 [2] NCCL INFO NET/Plugin : No plugin found (libnccl-net.so), using internal implementation
c198-022:18742:18742 [1] NCCL INFO Bootstrap : Using ib0:192.168.44.148<0>
c198-022:18742:18742 [1] NCCL INFO NET/Plugin : No plugin found (libnccl-net.so), using internal implementation
c198-101:28005:28005 [2] NCCL INFO NET/IB : Using [0]mlx4_0:1/IB [RO]; OOB ib0:192.168.44.163<0>
c198-101:28005:28005 [2] NCCL INFO Using network IB
c198-111:27393:27393 [3] NCCL INFO NET/IB : Using [0]mlx4_0:1/IB [RO]; OOB ib0:192.168.44.165<0>
c198-111:27393:27393 [3] NCCL INFO Using network IB
c198-111:27392:27392 [2] NCCL INFO NET/IB : Using [0]mlx4_0:1/IB [RO]; OOB ib0:192.168.44.165<0>
c198-111:27392:27392 [2] NCCL INFO Using network IB
c198-111:27390:27390 [0] NCCL INFO Bootstrap : Using ib0:192.168.44.165<0>
c198-111:27390:27390 [0] NCCL INFO NET/Plugin : No plugin found (libnccl-net.so), using internal implementation
c198-022:18742:18742 [1] NCCL INFO NET/IB : Using [0]mlx4_0:1/IB [RO]; OOB ib0:192.168.44.148<0>
c198-022:18742:18742 [1] NCCL INFO Using network IB
c198-012:32703:32703 [2] NCCL INFO Bootstrap : Using ib0:192.168.44.146<0>
c198-111:27390:27390 [0] NCCL INFO NET/IB : Using [0]mlx4_0:1/IB [RO]; OOB ib0:192.168.44.165<0>
c198-111:27390:27390 [0] NCCL INFO Using network IB
c198-012:32703:32703 [2] NCCL INFO NET/Plugin : No plugin found (libnccl-net.so), using internal implementation
c197-042:22630:22630 [1] NCCL INFO Bootstrap : Using ib0:192.168.44.130<0>
c197-042:22632:22632 [3] NCCL INFO Bootstrap : Using ib0:192.168.44.130<0>
c197-042:22631:22631 [2] NCCL INFO Bootstrap : Using ib0:192.168.44.130<0>
c197-042:22630:22630 [1] NCCL INFO NET/Plugin : No plugin found (libnccl-net.so), using internal implementation
c197-012:23807:23807 [2] NCCL INFO Bootstrap : Using ib0:192.168.44.124<0>
c197-042:22631:22631 [2] NCCL INFO NET/Plugin : No plugin found (libnccl-net.so), using internal implementation
c197-012:23808:23808 [3] NCCL INFO Bootstrap : Using ib0:192.168.44.124<0>
c197-042:22632:22632 [3] NCCL INFO NET/Plugin : No plugin found (libnccl-net.so), using internal implementation
c197-012:23807:23807 [2] NCCL INFO NET/Plugin : No plugin found (libnccl-net.so), using internal implementation
c197-012:23808:23808 [3] NCCL INFO NET/Plugin : No plugin found (libnccl-net.so), using internal implementation
c198-012:32703:32703 [2] NCCL INFO NET/IB : Using [0]mlx4_0:1/IB [RO]; OOB ib0:192.168.44.146<0>
c198-012:32703:32703 [2] NCCL INFO Using network IB
c197-041:12613:12613 [2] NCCL INFO Bootstrap : Using ib0:192.168.44.129<0>
c197-041:12614:12614 [3] NCCL INFO Bootstrap : Using ib0:192.168.44.129<0>
c197-041:12613:12613 [2] NCCL INFO NET/Plugin : No plugin found (libnccl-net.so), using internal implementation
c197-022:8433:8433 [2] NCCL INFO Bootstrap : Using ib0:192.168.44.126<0>
c197-041:12614:12614 [3] NCCL INFO NET/Plugin : No plugin found (libnccl-net.so), using internal implementation
c197-022:8434:8434 [3] NCCL INFO Bootstrap : Using ib0:192.168.44.126<0>
c197-022:8433:8433 [2] NCCL INFO NET/Plugin : No plugin found (libnccl-net.so), using internal implementation
c197-022:8434:8434 [3] NCCL INFO NET/Plugin : No plugin found (libnccl-net.so), using internal implementation
c197-012:23807:23807 [2] NCCL INFO NET/IB : Using [0]mlx4_0:1/IB [RO]; OOB ib0:192.168.44.124<0>
c197-012:23807:23807 [2] NCCL INFO Using network IB
c197-012:23808:23808 [3] NCCL INFO NET/IB : Using [0]mlx4_0:1/IB [RO]; OOB ib0:192.168.44.124<0>
c197-012:23808:23808 [3] NCCL INFO Using network IB
c198-101:28003:28003 [0] NCCL INFO Bootstrap : Using ib0:192.168.44.163<0>
c198-101:28006:28006 [3] NCCL INFO Bootstrap : Using ib0:192.168.44.163<0>
c198-101:28003:28003 [0] NCCL INFO NET/Plugin : No plugin found (libnccl-net.so), using internal implementation
c198-101:28006:28006 [3] NCCL INFO NET/Plugin : No plugin found (libnccl-net.so), using internal implementation
c197-041:12613:12613 [2] NCCL INFO NET/IB : Using [0]mlx4_0:1/IB [RO]; OOB ib0:192.168.44.129<0>
c197-041:12613:12613 [2] NCCL INFO Using network IB
c197-041:12614:12614 [3] NCCL INFO NET/IB : Using [0]mlx4_0:1/IB [RO]; OOB ib0:192.168.44.129<0>
c197-041:12614:12614 [3] NCCL INFO Using network IB
c197-021:25506:25506 [2] NCCL INFO Bootstrap : Using ib0:192.168.44.125<0>
c197-021:25506:25506 [2] NCCL INFO NET/Plugin : No plugin found (libnccl-net.so), using internal implementation
c197-012:23805:23805 [0] NCCL INFO Bootstrap : Using ib0:192.168.44.124<0>
c197-012:23806:23806 [1] NCCL INFO Bootstrap : Using ib0:192.168.44.124<0>
c197-022:8433:8433 [2] NCCL INFO NET/IB : Using [0]mlx4_0:1/IB [RO]; OOB ib0:192.168.44.126<0>
c197-022:8433:8433 [2] NCCL INFO Using network IB
c197-022:8434:8434 [3] NCCL INFO NET/IB : Using [0]mlx4_0:1/IB [RO]; OOB ib0:192.168.44.126<0>
c197-022:8434:8434 [3] NCCL INFO Using network IB
c197-042:22629:22629 [0] NCCL INFO Bootstrap : Using ib0:192.168.44.130<0>
c198-022:18744:18744 [3] NCCL INFO Bootstrap : Using ib0:192.168.44.148<0>
c197-012:23805:23805 [0] NCCL INFO NET/Plugin : No plugin found (libnccl-net.so), using internal implementation
c197-031:9837:9837 [2] NCCL INFO Bootstrap : Using ib0:192.168.44.127<0>
c197-042:22629:22629 [0] NCCL INFO NET/Plugin : No plugin found (libnccl-net.so), using internal implementation
c197-012:23806:23806 [1] NCCL INFO NET/Plugin : No plugin found (libnccl-net.so), using internal implementation
c197-031:9837:9837 [2] NCCL INFO NET/Plugin : No plugin found (libnccl-net.so), using internal implementation
c198-022:18744:18744 [3] NCCL INFO NET/Plugin : No plugin found (libnccl-net.so), using internal implementation
c197-021:25506:25506 [2] NCCL INFO NET/IB : Using [0]mlx4_0:1/IB [RO]; OOB ib0:192.168.44.125<0>
c197-021:25506:25506 [2] NCCL INFO Using network IB
c197-042:22630:22630 [1] NCCL INFO NET/IB : Using [0]mlx4_0:1/IB [RO]; OOB ib0:192.168.44.130<0>
c197-042:22630:22630 [1] NCCL INFO Using network IB
c198-022:18744:18744 [3] NCCL INFO NET/IB : Using [0]mlx4_0:1/IB [RO]; OOB ib0:192.168.44.148<0>
c198-022:18744:18744 [3] NCCL INFO Using network IB
c197-042:22631:22631 [2] NCCL INFO NET/IB : Using [0]mlx4_0:1/IB [RO]; OOB ib0:192.168.44.130<0>
c197-042:22631:22631 [2] NCCL INFO Using network IB
c197-042:22632:22632 [3] NCCL INFO NET/IB : Using [0]mlx4_0:1/IB [RO]; OOB ib0:192.168.44.130<0>
c197-042:22632:22632 [3] NCCL INFO Using network IB
c198-022:18743:18743 [2] NCCL INFO Bootstrap : Using ib0:192.168.44.148<0>
c198-022:18743:18743 [2] NCCL INFO NET/Plugin : No plugin found (libnccl-net.so), using internal implementation
c198-101:28006:28006 [3] NCCL INFO NET/IB : Using [0]mlx4_0:1/IB [RO]; OOB ib0:192.168.44.163<0>
c198-101:28006:28006 [3] NCCL INFO Using network IB
c198-101:28003:28003 [0] NCCL INFO NET/IB : Using [0]mlx4_0:1/IB [RO]; OOB ib0:192.168.44.163<0>
c198-101:28003:28003 [0] NCCL INFO Using network IB
c197-031:9837:9837 [2] NCCL INFO NET/IB : Using [0]mlx4_0:1/IB [RO]; OOB ib0:192.168.44.127<0>
c197-031:9837:9837 [2] NCCL INFO Using network IB
c197-042:22629:22629 [0] NCCL INFO NET/IB : Using [0]mlx4_0:1/IB [RO]; OOB ib0:192.168.44.130<0>
c197-042:22629:22629 [0] NCCL INFO Using network IB
c198-111:27391:27391 [1] NCCL INFO Bootstrap : Using ib0:192.168.44.165<0>
c197-031:9838:9838 [3] NCCL INFO Bootstrap : Using ib0:192.168.44.127<0>
c198-111:27391:27391 [1] NCCL INFO NET/Plugin : No plugin found (libnccl-net.so), using internal implementation
c197-031:9838:9838 [3] NCCL INFO NET/Plugin : No plugin found (libnccl-net.so), using internal implementation
c198-022:18743:18743 [2] NCCL INFO NET/IB : Using [0]mlx4_0:1/IB [RO]; OOB ib0:192.168.44.148<0>
c198-022:18743:18743 [2] NCCL INFO Using network IB
c198-102:29690:29690 [2] NCCL INFO Bootstrap : Using ib0:192.168.44.164<0>
c198-031:28951:28951 [2] NCCL INFO Bootstrap : Using ib0:192.168.44.149<0>
c198-102:29690:29690 [2] NCCL INFO NET/Plugin : No plugin found (libnccl-net.so), using internal implementation
c198-012:32702:32702 [1] NCCL INFO Bootstrap : Using ib0:192.168.44.146<0>
c198-031:28952:28952 [3] NCCL INFO Bootstrap : Using ib0:192.168.44.149<0>
c197-032:18850:18850 [3] NCCL INFO Bootstrap : Using ib0:192.168.44.128<0>
c198-031:28951:28951 [2] NCCL INFO NET/Plugin : No plugin found (libnccl-net.so), using internal implementation
c197-012:23806:23806 [1] NCCL INFO NET/IB : Using [0]mlx4_0:1/IB [RO]; OOB ib0:192.168.44.124<0>
c197-012:23806:23806 [1] NCCL INFO Using network IB
c198-031:28952:28952 [3] NCCL INFO NET/Plugin : No plugin found (libnccl-net.so), using internal implementation
c197-032:18850:18850 [3] NCCL INFO NET/Plugin : No plugin found (libnccl-net.so), using internal implementation
c197-031:9838:9838 [3] NCCL INFO NET/IB : Using [0]mlx4_0:1/IB [RO]; OOB ib0:192.168.44.127<0>
c197-031:9838:9838 [3] NCCL INFO Using network IB
c198-012:32702:32702 [1] NCCL INFO NET/Plugin : No plugin found (libnccl-net.so), using internal implementation
c197-012:23805:23805 [0] NCCL INFO NET/IB : Using [0]mlx4_0:1/IB [RO]; OOB ib0:192.168.44.124<0>
c197-012:23805:23805 [0] NCCL INFO Using network IB
c198-111:27391:27391 [1] NCCL INFO NET/IB : Using [0]mlx4_0:1/IB [RO]; OOB ib0:192.168.44.165<0>
c198-111:27391:27391 [1] NCCL INFO Using network IB
c198-102:29690:29690 [2] NCCL INFO NET/IB : Using [0]mlx4_0:1/IB [RO]; OOB ib0:192.168.44.164<0>
c198-102:29690:29690 [2] NCCL INFO Using network IB
c198-021:18939:18939 [0] NCCL INFO Bootstrap : Using ib0:192.168.44.147<0>
c198-012:32702:32702 [1] NCCL INFO NET/IB : Using [0]mlx4_0:1/IB [RO]; OOB ib0:192.168.44.146<0>
c198-012:32702:32702 [1] NCCL INFO Using network IB
c198-021:18939:18939 [0] NCCL INFO NET/Plugin : No plugin found (libnccl-net.so), using internal implementation
c197-032:18849:18849 [2] NCCL INFO Bootstrap : Using ib0:192.168.44.128<0>
c197-022:8431:8431 [0] NCCL INFO Bootstrap : Using ib0:192.168.44.126<0>
c198-021:18939:18939 [0] NCCL INFO NET/IB : Using [0]mlx4_0:1/IB [RO]; OOB ib0:192.168.44.147<0>
c198-021:18939:18939 [0] NCCL INFO Using network IB
c197-032:18849:18849 [2] NCCL INFO NET/Plugin : No plugin found (libnccl-net.so), using internal implementation
c198-031:28951:28951 [2] NCCL INFO NET/IB : Using [0]mlx4_0:1/IB [RO]; OOB ib0:192.168.44.149<0>
c198-031:28951:28951 [2] NCCL INFO Using network IB
c198-102:29689:29689 [1] NCCL INFO Bootstrap : Using ib0:192.168.44.164<0>
c197-022:8431:8431 [0] NCCL INFO NET/Plugin : No plugin found (libnccl-net.so), using internal implementation
c197-032:18850:18850 [3] NCCL INFO NET/IB : Using [0]mlx4_0:1/IB [RO]; OOB ib0:192.168.44.128<0>
c197-032:18850:18850 [3] NCCL INFO Using network IB
c198-031:28952:28952 [3] NCCL INFO NET/IB : Using [0]mlx4_0:1/IB [RO]; OOB ib0:192.168.44.149<0>
c198-031:28952:28952 [3] NCCL INFO Using network IB
c198-102:29689:29689 [1] NCCL INFO NET/Plugin : No plugin found (libnccl-net.so), using internal implementation
c197-032:18849:18849 [2] NCCL INFO NET/IB : Using [0]mlx4_0:1/IB [RO]; OOB ib0:192.168.44.128<0>
c197-032:18849:18849 [2] NCCL INFO Using network IB
c197-022:8431:8431 [0] NCCL INFO NET/IB : Using [0]mlx4_0:1/IB [RO]; OOB ib0:192.168.44.126<0>
c197-022:8431:8431 [0] NCCL INFO Using network IB
c197-021:25507:25507 [3] NCCL INFO Bootstrap : Using ib0:192.168.44.125<0>
c197-041:12611:12611 [0] NCCL INFO Bootstrap : Using ib0:192.168.44.129<0>
c197-021:25507:25507 [3] NCCL INFO NET/Plugin : No plugin found (libnccl-net.so), using internal implementation
c197-041:12612:12612 [1] NCCL INFO Bootstrap : Using ib0:192.168.44.129<0>
c198-102:29689:29689 [1] NCCL INFO NET/IB : Using [0]mlx4_0:1/IB [RO]; OOB ib0:192.168.44.164<0>
c198-102:29689:29689 [1] NCCL INFO Using network IB
c198-102:29691:29691 [3] NCCL INFO Bootstrap : Using ib0:192.168.44.164<0>
c197-041:12611:12611 [0] NCCL INFO NET/Plugin : No plugin found (libnccl-net.so), using internal implementation
c197-041:12612:12612 [1] NCCL INFO NET/Plugin : No plugin found (libnccl-net.so), using internal implementation
c198-102:29691:29691 [3] NCCL INFO NET/Plugin : No plugin found (libnccl-net.so), using internal implementation
c197-021:25507:25507 [3] NCCL INFO NET/IB : Using [0]mlx4_0:1/IB [RO]; OOB ib0:192.168.44.125<0>
c197-021:25507:25507 [3] NCCL INFO Using network IB
c198-102:29691:29691 [3] NCCL INFO NET/IB : Using [0]mlx4_0:1/IB [RO]; OOB ib0:192.168.44.164<0>
c198-102:29691:29691 [3] NCCL INFO Using network IB
c198-012:32701:32701 [0] NCCL INFO Bootstrap : Using ib0:192.168.44.146<0>
c198-012:32701:32701 [0] NCCL INFO NET/Plugin : No plugin found (libnccl-net.so), using internal implementation
c198-031:28949:28949 [0] NCCL INFO Bootstrap : Using ib0:192.168.44.149<0>
c198-031:28949:28949 [0] NCCL INFO NET/Plugin : No plugin found (libnccl-net.so), using internal implementation
c198-012:32701:32701 [0] NCCL INFO NET/IB : Using [0]mlx4_0:1/IB [RO]; OOB ib0:192.168.44.146<0>
c198-012:32701:32701 [0] NCCL INFO Using network IB
c197-041:12612:12612 [1] NCCL INFO NET/IB : Using [0]mlx4_0:1/IB [RO]; OOB ib0:192.168.44.129<0>
c197-041:12612:12612 [1] NCCL INFO Using network IB
c197-041:12611:12611 [0] NCCL INFO NET/IB : Using [0]mlx4_0:1/IB [RO]; OOB ib0:192.168.44.129<0>
c197-041:12611:12611 [0] NCCL INFO Using network IB
c198-031:28949:28949 [0] NCCL INFO NET/IB : Using [0]mlx4_0:1/IB [RO]; OOB ib0:192.168.44.149<0>
c198-031:28949:28949 [0] NCCL INFO Using network IB
c198-021:18940:18940 [1] NCCL INFO Bootstrap : Using ib0:192.168.44.147<0>
c198-021:18940:18940 [1] NCCL INFO NET/Plugin : No plugin found (libnccl-net.so), using internal implementation
c198-022:18741:18741 [0] NCCL INFO Bootstrap : Using ib0:192.168.44.148<0>
c197-031:9835:9835 [0] NCCL INFO Bootstrap : Using ib0:192.168.44.127<0>
c197-031:9836:9836 [1] NCCL INFO Bootstrap : Using ib0:192.168.44.127<0>
c198-022:18741:18741 [0] NCCL INFO NET/Plugin : No plugin found (libnccl-net.so), using internal implementation
c197-031:9835:9835 [0] NCCL INFO NET/Plugin : No plugin found (libnccl-net.so), using internal implementation
c198-021:18940:18940 [1] NCCL INFO NET/IB : Using [0]mlx4_0:1/IB [RO]; OOB ib0:192.168.44.147<0>
c198-021:18940:18940 [1] NCCL INFO Using network IB
c197-031:9836:9836 [1] NCCL INFO NET/Plugin : No plugin found (libnccl-net.so), using internal implementation
c196-062:16518:16518 [3] NCCL INFO Bootstrap : Using ib0:192.168.44.112<0>
c196-062:16517:16517 [2] NCCL INFO Bootstrap : Using ib0:192.168.44.112<0>
c196-062:16517:16517 [2] NCCL INFO NET/Plugin : No plugin found (libnccl-net.so), using internal implementation
c196-062:16518:16518 [3] NCCL INFO NET/Plugin : No plugin found (libnccl-net.so), using internal implementation
c198-031:28950:28950 [1] NCCL INFO Bootstrap : Using ib0:192.168.44.149<0>
c198-031:28950:28950 [1] NCCL INFO NET/Plugin : No plugin found (libnccl-net.so), using internal implementation
c197-032:18848:18848 [1] NCCL INFO Bootstrap : Using ib0:192.168.44.128<0>
c197-032:18847:18847 [0] NCCL INFO Bootstrap : Using ib0:192.168.44.128<0>
c197-032:18847:18847 [0] NCCL INFO NET/Plugin : No plugin found (libnccl-net.so), using internal implementation
c197-032:18848:18848 [1] NCCL INFO NET/Plugin : No plugin found (libnccl-net.so), using internal implementation
c198-022:18741:18741 [0] NCCL INFO NET/IB : Using [0]mlx4_0:1/IB [RO]; OOB ib0:192.168.44.148<0>
c198-022:18741:18741 [0] NCCL INFO Using network IB
c198-031:28950:28950 [1] NCCL INFO NET/IB : Using [0]mlx4_0:1/IB [RO]; OOB ib0:192.168.44.149<0>
c198-031:28950:28950 [1] NCCL INFO Using network IB
c197-031:9836:9836 [1] NCCL INFO NET/IB : Using [0]mlx4_0:1/IB [RO]; OOB ib0:192.168.44.127<0>
c197-031:9836:9836 [1] NCCL INFO Using network IB
c197-031:9835:9835 [0] NCCL INFO NET/IB : Using [0]mlx4_0:1/IB [RO]; OOB ib0:192.168.44.127<0>
c197-031:9835:9835 [0] NCCL INFO Using network IB
c196-062:16518:16518 [3] NCCL INFO NET/IB : Using [0]mlx4_0:1/IB [RO]; OOB ib0:192.168.44.112<0>
c196-062:16518:16518 [3] NCCL INFO Using network IB
c196-062:16517:16517 [2] NCCL INFO NET/IB : Using [0]mlx4_0:1/IB [RO]; OOB ib0:192.168.44.112<0>
c196-062:16517:16517 [2] NCCL INFO Using network IB
c197-032:18848:18848 [1] NCCL INFO NET/IB : Using [0]mlx4_0:1/IB [RO]; OOB ib0:192.168.44.128<0>
c197-032:18848:18848 [1] NCCL INFO Using network IB
c197-032:18847:18847 [0] NCCL INFO NET/IB : Using [0]mlx4_0:1/IB [RO]; OOB ib0:192.168.44.128<0>
c197-032:18847:18847 [0] NCCL INFO Using network IB
c198-021:18942:18942 [3] NCCL INFO Bootstrap : Using ib0:192.168.44.147<0>
c198-021:18941:18941 [2] NCCL INFO Bootstrap : Using ib0:192.168.44.147<0>
c198-021:18941:18941 [2] NCCL INFO NET/Plugin : No plugin found (libnccl-net.so), using internal implementation
c198-021:18942:18942 [3] NCCL INFO NET/Plugin : No plugin found (libnccl-net.so), using internal implementation
c197-021:25504:25504 [0] NCCL INFO Bootstrap : Using ib0:192.168.44.125<0>
c197-021:25505:25505 [1] NCCL INFO Bootstrap : Using ib0:192.168.44.125<0>
c197-021:25504:25504 [0] NCCL INFO NET/Plugin : No plugin found (libnccl-net.so), using internal implementation
c197-021:25505:25505 [1] NCCL INFO NET/Plugin : No plugin found (libnccl-net.so), using internal implementation
c198-021:18941:18941 [2] NCCL INFO NET/IB : Using [0]mlx4_0:1/IB [RO]; OOB ib0:192.168.44.147<0>
c198-021:18941:18941 [2] NCCL INFO Using network IB
c198-021:18942:18942 [3] NCCL INFO NET/IB : Using [0]mlx4_0:1/IB [RO]; OOB ib0:192.168.44.147<0>
c198-021:18942:18942 [3] NCCL INFO Using network IB
c197-021:25505:25505 [1] NCCL INFO NET/IB : Using [0]mlx4_0:1/IB [RO]; OOB ib0:192.168.44.125<0>
c197-021:25505:25505 [1] NCCL INFO Using network IB
c197-021:25504:25504 [0] NCCL INFO NET/IB : Using [0]mlx4_0:1/IB [RO]; OOB ib0:192.168.44.125<0>
c197-021:25504:25504 [0] NCCL INFO Using network IB
c196-062:16515:16515 [0] NCCL INFO Bootstrap : Using ib0:192.168.44.112<0>
c196-062:16516:16516 [1] NCCL INFO Bootstrap : Using ib0:192.168.44.112<0>
c196-062:16515:16515 [0] NCCL INFO NET/Plugin : No plugin found (libnccl-net.so), using internal implementation
c196-062:16516:16516 [1] NCCL INFO NET/Plugin : No plugin found (libnccl-net.so), using internal implementation
c196-062:16515:16515 [0] NCCL INFO NET/IB : Using [0]mlx4_0:1/IB [RO]; OOB ib0:192.168.44.112<0>
c196-062:16515:16515 [0] NCCL INFO Using network IB
c196-062:16516:16516 [1] NCCL INFO NET/IB : Using [0]mlx4_0:1/IB [RO]; OOB ib0:192.168.44.112<0>
c196-062:16516:16516 [1] NCCL INFO Using network IB
c196-061:6299:6331 [0] NCCL INFO Setting affinity for GPU 0 to 0f000f
c196-061:6302:6337 [3] NCCL INFO Setting affinity for GPU 3 to f000f000
c196-061:6301:6338 [2] NCCL INFO Setting affinity for GPU 2 to 0f000f00
c196-061:6300:6340 [1] NCCL INFO Setting affinity for GPU 1 to f000f0
c197-042:22632:22667 [3] NCCL INFO Setting affinity for GPU 3 to f000f000
c198-021:18942:18979 [3] NCCL INFO Setting affinity for GPU 3 to f000f000
c197-031:9838:9871 [3] NCCL INFO Setting affinity for GPU 3 to f000f000
c197-041:12614:12647 [3] NCCL INFO Setting affinity for GPU 3 to f000f000
c196-062:16518:16550 [3] NCCL INFO Setting affinity for GPU 3 to f000f000
c198-022:18744:18777 [3] NCCL INFO Setting affinity for GPU 3 to f000f000
c197-031:9835:9875 [0] NCCL INFO Setting affinity for GPU 0 to 0f000f
c198-021:18939:18973 [0] NCCL INFO Setting affinity for GPU 0 to 0f000f
c197-031:9837:9869 [2] NCCL INFO Setting affinity for GPU 2 to 0f000f00
c197-012:23808:23841 [3] NCCL INFO Setting affinity for GPU 3 to f000f000
c197-041:12611:12651 [0] NCCL INFO Setting affinity for GPU 0 to 0f000f
c198-102:29691:29728 [3] NCCL INFO Setting affinity for GPU 3 to f000f000
c198-021:18940:18975 [1] NCCL INFO Setting affinity for GPU 1 to f000f0
c198-022:18741:18781 [0] NCCL INFO Setting affinity for GPU 0 to 0f000f
c198-021:18941:18978 [2] NCCL INFO Setting affinity for GPU 2 to 0f000f00
c198-111:27393:27426 [3] NCCL INFO Setting affinity for GPU 3 to f000f000
c196-062:16515:16554 [0] NCCL INFO Setting affinity for GPU 0 to 0f000f
c198-012:32704:32735 [3] NCCL INFO Setting affinity for GPU 3 to f000f000
c196-062:16516:16555 [1] NCCL INFO Setting affinity for GPU 1 to f000f0
c197-042:22630:22663 [1] NCCL INFO Setting affinity for GPU 1 to f000f0
c197-041:12613:12646 [2] NCCL INFO Setting affinity for GPU 2 to 0f000f00
c197-012:23805:23845 [0] NCCL INFO Setting affinity for GPU 0 to 0f000f
c197-022:8434:8470 [3] NCCL INFO Setting affinity for GPU 3 to f000f000
c197-031:9836:9874 [1] NCCL INFO Setting affinity for GPU 1 to f000f0
c197-041:12612:12650 [1] NCCL INFO Setting affinity for GPU 1 to f000f0
c197-012:23806:23844 [1] NCCL INFO Setting affinity for GPU 1 to f000f0
c196-062:16517:16551 [2] NCCL INFO Setting affinity for GPU 2 to 0f000f00
c197-042:22629:22669 [0] NCCL INFO Setting affinity for GPU 0 to 0f000f
c198-101:28006:28043 [3] NCCL INFO Setting affinity for GPU 3 to f000f000
c197-012:23807:23840 [2] NCCL INFO Setting affinity for GPU 2 to 0f000f00
c197-042:22631:22666 [2] NCCL INFO Setting affinity for GPU 2 to 0f000f00
c198-102:29688:29722 [0] NCCL INFO Setting affinity for GPU 0 to 0f000f
c198-022:18743:18779 [2] NCCL INFO Setting affinity for GPU 2 to 0f000f00
c198-022:18742:18775 [1] NCCL INFO Setting affinity for GPU 1 to f000f0
c198-012:32701:32741 [0] NCCL INFO Setting affinity for GPU 0 to 0f000f
c198-101:28003:28042 [0] NCCL INFO Setting affinity for GPU 0 to 0f000f
c198-111:27390:27428 [0] NCCL INFO Setting affinity for GPU 0 to 0f000f
c197-022:8431:8472 [0] NCCL INFO Setting affinity for GPU 0 to 0f000f
c198-111:27391:27430 [1] NCCL INFO Setting affinity for GPU 1 to f000f0
c198-102:29690:29724 [2] NCCL INFO Setting affinity for GPU 2 to 0f000f00
c197-032:18850:18881 [3] NCCL INFO Setting affinity for GPU 3 to f000f000
c198-031:28952:28985 [3] NCCL INFO Setting affinity for GPU 3 to f000f000
c198-012:32702:32739 [1] NCCL INFO Setting affinity for GPU 1 to f000f0
c198-102:29689:29726 [1] NCCL INFO Setting affinity for GPU 1 to f000f0
c197-022:8433:8469 [2] NCCL INFO Setting affinity for GPU 2 to 0f000f00
c198-101:28005:28039 [2] NCCL INFO Setting affinity for GPU 2 to 0f000f00
c198-111:27392:27425 [2] NCCL INFO Setting affinity for GPU 2 to 0f000f00
c198-012:32703:32737 [2] NCCL INFO Setting affinity for GPU 2 to 0f000f00
c197-022:8432:8466 [1] NCCL INFO Setting affinity for GPU 1 to f000f0
c198-101:28004:28037 [1] NCCL INFO Setting affinity for GPU 1 to f000f0
c198-031:28949:28987 [0] NCCL INFO Setting affinity for GPU 0 to 0f000f
c197-021:25507:25540 [3] NCCL INFO Setting affinity for GPU 3 to f000f000
c198-031:28950:28989 [1] NCCL INFO Setting affinity for GPU 1 to f000f0
c197-032:18847:18887 [0] NCCL INFO Setting affinity for GPU 0 to 0f000f
c198-031:28951:28984 [2] NCCL INFO Setting affinity for GPU 2 to 0f000f00
c197-032:18848:18886 [1] NCCL INFO Setting affinity for GPU 1 to f000f0
c197-032:18849:18883 [2] NCCL INFO Setting affinity for GPU 2 to 0f000f00
c197-021:25504:25544 [0] NCCL INFO Setting affinity for GPU 0 to 0f000f
c197-021:25505:25543 [1] NCCL INFO Setting affinity for GPU 1 to f000f0
c197-021:25506:25538 [2] NCCL INFO Setting affinity for GPU 2 to 0f000f00
c197-021:25506:25538 [2] NCCL INFO Trees [0] 15/-1/-1->14->13 [1] 15/-1/-1->14->13
c197-021:25505:25543 [1] NCCL INFO Trees [0] 14/-1/-1->13->12 [1] 14/20/-1->13->12
c197-021:25504:25544 [0] NCCL INFO Trees [0] 13/-1/-1->12->8 [1] 13/4/-1->12->28
c197-012:23807:23840 [2] NCCL INFO Trees [0] 11/-1/-1->10->9 [1] 11/-1/-1->10->9
c197-012:23808:23841 [3] NCCL INFO Trees [0] -1/-1/-1->11->10 [1] -1/-1/-1->11->10
c197-022:8431:8472 [0] NCCL INFO Trees [0] 17/24/-1->16->33 [1] 17/-1/-1->16->20
c197-021:25507:25540 [3] NCCL INFO Trees [0] -1/-1/-1->15->14 [1] -1/-1/-1->15->14
c197-012:23806:23844 [1] NCCL INFO Trees [0] 10/4/-1->9->8 [1] 10/-1/-1->9->8
c197-022:8432:8466 [1] NCCL INFO Trees [0] 18/8/-1->17->16 [1] 18/-1/-1->17->16
c197-012:23805:23845 [0] NCCL INFO Trees [0] 9/12/-1->8->17 [1] 9/-1/-1->8->5
c196-062:16517:16551 [2] NCCL INFO Trees [0] 7/-1/-1->6->5 [1] 7/-1/-1->6->5
c197-022:8434:8470 [3] NCCL INFO Trees [0] -1/-1/-1->19->18 [1] -1/-1/-1->19->18
c196-062:16518:16550 [3] NCCL INFO Trees [0] -1/-1/-1->7->6 [1] -1/-1/-1->7->6
c197-022:8433:8469 [2] NCCL INFO Trees [0] 19/-1/-1->18->17 [1] 19/-1/-1->18->17
c196-061:6302:6337 [3] NCCL INFO Trees [0] -1/-1/-1->3->2 [1] -1/-1/-1->3->2
c196-062:16516:16555 [1] NCCL INFO Trees [0] 6/-1/-1->5->4 [1] 6/8/-1->5->4
c196-061:6301:6338 [2] NCCL INFO Trees [0] 3/-1/-1->2->1 [1] 3/-1/-1->2->1
c196-062:16515:16554 [0] NCCL INFO Trees [0] 5/-1/-1->4->9 [1] 5/0/-1->4->12
c196-061:6300:6340 [1] NCCL INFO Trees [0] 2/-1/-1->1->0 [1] 2/-1/-1->1->0
c197-031:9835:9875 [0] NCCL INFO Trees [0] 21/-1/-1->20->25 [1] 21/16/-1->20->13
c196-061:6299:6331 [0] NCCL INFO Channel 00/02 :    0   1   2   3   4   5   6   7   8   9  10  11  12  13  14  15  16  17  18  19
c196-061:6299:6331 [0] NCCL INFO Channel 01/02 :    0   1   2   3   4   5   6   7   8   9  10  11  12  13  14  15  16  17  18  19
c196-061:6299:6331 [0] NCCL INFO Trees [0] 1/32/-1->0->-1 [1] 1/-1/-1->0->4
c198-102:29691:29728 [3] NCCL INFO Trees [0] -1/-1/-1->59->58 [1] -1/-1/-1->59->58
c198-111:27392:27425 [2] NCCL INFO Trees [0] 63/-1/-1->62->61 [1] 63/-1/-1->62->61
c198-031:28951:28984 [2] NCCL INFO Trees [0] 51/-1/-1->50->49 [1] 51/-1/-1->50->49
c198-101:28005:28039 [2] NCCL INFO Trees [0] 55/-1/-1->54->53 [1] 55/-1/-1->54->53
c198-102:29690:29724 [2] NCCL INFO Trees [0] 59/-1/-1->58->57 [1] 59/-1/-1->58->57
c198-111:27393:27426 [3] NCCL INFO Trees [0] -1/-1/-1->63->62 [1] -1/-1/-1->63->62
c197-031:9837:9869 [2] NCCL INFO Trees [0] 23/-1/-1->22->21 [1] 23/-1/-1->22->21
c198-031:28952:28985 [3] NCCL INFO Trees [0] -1/-1/-1->51->50 [1] -1/-1/-1->51->50
c198-101:28006:28043 [3] NCCL INFO Trees [0] -1/-1/-1->55->54 [1] -1/-1/-1->55->54
c198-022:18743:18779 [2] NCCL INFO Trees [0] 47/-1/-1->46->45 [1] 47/-1/-1->46->45
c198-102:29688:29722 [0] NCCL INFO Trees [0] 57/60/-1->56->48 [1] 57/-1/-1->56->53
c198-111:27391:27430 [1] NCCL INFO Trees [0] 62/-1/-1->61->60 [1] 62/-1/-1->61->60
c197-032:18847:18887 [0] NCCL INFO Trees [0] 25/28/-1->24->16 [1] 25/-1/-1->24->21
c197-031:9838:9871 [3] NCCL INFO Trees [0] -1/-1/-1->23->22 [1] -1/-1/-1->23->22
c198-021:18941:18978 [2] NCCL INFO Trees [0] 43/-1/-1->42->41 [1] 43/-1/-1->42->41
c198-012:32704:32735 [3] NCCL INFO Trees [0] -1/-1/-1->39->38 [1] -1/-1/-1->39->38
c198-031:28950:28989 [1] NCCL INFO Trees [0] 50/40/-1->49->48 [1] 50/-1/-1->49->48
c198-101:28003:28042 [0] NCCL INFO Trees [0] 53/-1/-1->52->57 [1] 53/48/-1->52->45
c198-022:18744:18777 [3] NCCL INFO Trees [0] -1/-1/-1->47->46 [1] -1/-1/-1->47->46
c198-102:29689:29726 [1] NCCL INFO Trees [0] 58/52/-1->57->56 [1] 58/-1/-1->57->56
c198-111:27390:27428 [0] NCCL INFO Trees [0] 61/-1/-1->60->56 [1] 61/28/-1->60->-1
c197-032:18848:18886 [1] NCCL INFO Trees [0] 26/20/-1->25->24 [1] 26/-1/-1->25->24
c197-031:9836:9874 [1] NCCL INFO Trees [0] 22/-1/-1->21->20 [1] 22/24/-1->21->20
c197-042:22631:22666 [2] NCCL INFO Trees [0] 35/-1/-1->34->33 [1] 35/-1/-1->34->33
c197-041:12611:12651 [0] NCCL INFO Trees [0] 29/-1/-1->28->24 [1] 29/12/-1->28->60
c198-021:18942:18979 [3] NCCL INFO Trees [0] -1/-1/-1->43->42 [1] -1/-1/-1->43->42
c198-012:32703:32737 [2] NCCL INFO Trees [0] 39/-1/-1->38->37 [1] 39/-1/-1->38->37
c198-031:28949:28987 [0] NCCL INFO Trees [0] 49/56/-1->48->32 [1] 49/-1/-1->48->52
c198-101:28004:28037 [1] NCCL INFO Trees [0] 54/-1/-1->53->52 [1] 54/56/-1->53->52
c198-022:18742:18775 [1] NCCL INFO Trees [0] 46/-1/-1->45->44 [1] 46/52/-1->45->44
c197-032:18849:18883 [2] NCCL INFO Trees [0] 27/-1/-1->26->25 [1] 27/-1/-1->26->25
c197-042:22632:22667 [3] NCCL INFO Trees [0] -1/-1/-1->35->34 [1] -1/-1/-1->35->34
c197-041:12612:12650 [1] NCCL INFO Trees [0] 30/-1/-1->29->28 [1] 30/44/-1->29->28
c198-021:18939:18973 [0] NCCL INFO Trees [0] 41/44/-1->40->49 [1] 41/-1/-1->40->37
c198-012:32701:32741 [0] NCCL INFO Trees [0] 37/-1/-1->36->41 [1] 37/32/-1->36->44
c198-022:18741:18781 [0] NCCL INFO Trees [0] 45/-1/-1->44->40 [1] 45/36/-1->44->29
c197-032:18850:18881 [3] NCCL INFO Trees [0] -1/-1/-1->27->26 [1] -1/-1/-1->27->26
c197-042:22630:22663 [1] NCCL INFO Trees [0] 34/16/-1->33->32 [1] 34/-1/-1->33->32
c197-041:12613:12646 [2] NCCL INFO Trees [0] 31/-1/-1->30->29 [1] 31/-1/-1->30->29
c198-021:18940:18975 [1] NCCL INFO Trees [0] 42/36/-1->41->40 [1] 42/-1/-1->41->40
c198-012:32702:32739 [1] NCCL INFO Trees [0] 38/-1/-1->37->36 [1] 38/40/-1->37->36
c197-042:22629:22669 [0] NCCL INFO Trees [0] 33/48/-1->32->0 [1] 33/-1/-1->32->36
c197-041:12614:12647 [3] NCCL INFO Trees [0] -1/-1/-1->31->30 [1] -1/-1/-1->31->30
c197-031:9835:9875 [0] NCCL INFO Channel 00/0 : 19[83000] -> 20[2000] [receive] via NET/IB/0
c197-012:23805:23845 [0] NCCL INFO Channel 00/0 : 7[83000] -> 8[2000] [receive] via NET/IB/0
c197-021:25504:25544 [0] NCCL INFO Channel 00/0 : 11[83000] -> 12[2000] [receive] via NET/IB/0
c197-022:8431:8472 [0] NCCL INFO Channel 00/0 : 15[83000] -> 16[2000] [receive] via NET/IB/0
c198-111:27390:27428 [0] NCCL INFO Channel 00/0 : 59[83000] -> 60[2000] [receive] via NET/IB/0
c196-062:16515:16554 [0] NCCL INFO Channel 00/0 : 3[83000] -> 4[2000] [receive] via NET/IB/0
c198-101:28003:28042 [0] NCCL INFO Channel 00/0 : 51[83000] -> 52[2000] [receive] via NET/IB/0
c198-031:28949:28987 [0] NCCL INFO Channel 00/0 : 47[83000] -> 48[2000] [receive] via NET/IB/0
c196-061:6299:6331 [0] NCCL INFO Channel 00/0 : 63[83000] -> 0[2000] [receive] via NET/IB/0
c197-042:22629:22669 [0] NCCL INFO Channel 00/0 : 31[83000] -> 32[2000] [receive] via NET/IB/0
c198-021:18939:18973 [0] NCCL INFO Channel 00/0 : 39[83000] -> 40[2000] [receive] via NET/IB/0
c198-012:32701:32741 [0] NCCL INFO Channel 00/0 : 35[83000] -> 36[2000] [receive] via NET/IB/0
c197-032:18847:18887 [0] NCCL INFO Channel 00/0 : 23[83000] -> 24[2000] [receive] via NET/IB/0
c198-102:29688:29722 [0] NCCL INFO Channel 00/0 : 55[83000] -> 56[2000] [receive] via NET/IB/0
c198-022:18741:18781 [0] NCCL INFO Channel 00/0 : 43[83000] -> 44[2000] [receive] via NET/IB/0
c197-041:12611:12651 [0] NCCL INFO Channel 00/0 : 27[83000] -> 28[2000] [receive] via NET/IB/0
c197-012:23806:23844 [1] NCCL INFO Channel 00 : 9[3000] -> 10[82000] via direct shared memory
c197-012:23807:23840 [2] NCCL INFO Channel 00 : 10[82000] -> 11[83000] via direct shared memory
c197-021:25506:25538 [2] NCCL INFO Channel 00 : 14[82000] -> 15[83000] via direct shared memory
c197-012:23806:23844 [1] NCCL INFO Channel 01 : 9[3000] -> 10[82000] via direct shared memory
c197-012:23807:23840 [2] NCCL INFO Channel 01 : 10[82000] -> 11[83000] via direct shared memory
c197-022:8433:8469 [2] NCCL INFO Channel 00 : 18[82000] -> 19[83000] via direct shared memory
c197-022:8433:8469 [2] NCCL INFO Channel 01 : 18[82000] -> 19[83000] via direct shared memory
c197-021:25506:25538 [2] NCCL INFO Channel 01 : 14[82000] -> 15[83000] via direct shared memory
c198-111:27392:27425 [2] NCCL INFO Channel 00 : 62[82000] -> 63[83000] via direct shared memory
c197-022:8432:8466 [1] NCCL INFO Channel 00 : 17[3000] -> 18[82000] via direct shared memory
c198-101:28005:28039 [2] NCCL INFO Channel 00 : 54[82000] -> 55[83000] via direct shared memory
c198-111:27392:27425 [2] NCCL INFO Channel 01 : 62[82000] -> 63[83000] via direct shared memory
c197-022:8432:8466 [1] NCCL INFO Channel 01 : 17[3000] -> 18[82000] via direct shared memory
c197-042:22631:22666 [2] NCCL INFO Channel 00 : 34[82000] -> 35[83000] via direct shared memory
c198-101:28005:28039 [2] NCCL INFO Channel 01 : 54[82000] -> 55[83000] via direct shared memory
c197-021:25505:25543 [1] NCCL INFO Channel 00 : 13[3000] -> 14[82000] via direct shared memory
c198-031:28951:28984 [2] NCCL INFO Channel 00 : 50[82000] -> 51[83000] via direct shared memory
c197-021:25505:25543 [1] NCCL INFO Channel 01 : 13[3000] -> 14[82000] via direct shared memory
c198-022:18743:18779 [2] NCCL INFO Channel 00 : 46[82000] -> 47[83000] via direct shared memory
c197-031:9837:9869 [2] NCCL INFO Channel 00 : 22[82000] -> 23[83000] via direct shared memory
c197-042:22631:22666 [2] NCCL INFO Channel 01 : 34[82000] -> 35[83000] via direct shared memory
c198-012:32703:32737 [2] NCCL INFO Channel 00 : 38[82000] -> 39[83000] via direct shared memory
c198-022:18743:18779 [2] NCCL INFO Channel 01 : 46[82000] -> 47[83000] via direct shared memory
c196-062:16516:16555 [1] NCCL INFO Channel 00 : 5[3000] -> 6[82000] via direct shared memory
c197-032:18849:18883 [2] NCCL INFO Channel 00 : 26[82000] -> 27[83000] via direct shared memory
c197-031:9836:9874 [1] NCCL INFO Channel 00 : 21[3000] -> 22[82000] via direct shared memory
c198-031:28951:28984 [2] NCCL INFO Channel 01 : 50[82000] -> 51[83000] via direct shared memory
c198-102:29690:29724 [2] NCCL INFO Channel 00 : 58[82000] -> 59[83000] via direct shared memory
c196-062:16517:16551 [2] NCCL INFO Channel 00 : 6[82000] -> 7[83000] via direct shared memory
c197-032:18849:18883 [2] NCCL INFO Channel 01 : 26[82000] -> 27[83000] via direct shared memory
c197-031:9837:9869 [2] NCCL INFO Channel 01 : 22[82000] -> 23[83000] via direct shared memory
c197-042:22630:22663 [1] NCCL INFO Channel 00 : 33[3000] -> 34[82000] via direct shared memory
c197-041:12613:12646 [2] NCCL INFO Channel 00 : 30[82000] -> 31[83000] via direct shared memory
c198-012:32703:32737 [2] NCCL INFO Channel 01 : 38[82000] -> 39[83000] via direct shared memory
c198-031:28950:28989 [1] NCCL INFO Channel 00 : 49[3000] -> 50[82000] via direct shared memory
c198-111:27391:27430 [1] NCCL INFO Channel 00 : 61[3000] -> 62[82000] via direct shared memory
c196-062:16517:16551 [2] NCCL INFO Channel 01 : 6[82000] -> 7[83000] via direct shared memory
c197-031:9836:9874 [1] NCCL INFO Channel 01 : 21[3000] -> 22[82000] via direct shared memory
c197-042:22630:22663 [1] NCCL INFO Channel 01 : 33[3000] -> 34[82000] via direct shared memory
c197-041:12613:12646 [2] NCCL INFO Channel 01 : 30[82000] -> 31[83000] via direct shared memory
c198-031:28950:28989 [1] NCCL INFO Channel 01 : 49[3000] -> 50[82000] via direct shared memory
c198-101:28004:28037 [1] NCCL INFO Channel 00 : 53[3000] -> 54[82000] via direct shared memory
c198-102:29690:29724 [2] NCCL INFO Channel 01 : 58[82000] -> 59[83000] via direct shared memory
c198-111:27391:27430 [1] NCCL INFO Channel 01 : 61[3000] -> 62[82000] via direct shared memory
c196-062:16516:16555 [1] NCCL INFO Channel 01 : 5[3000] -> 6[82000] via direct shared memory
c198-012:32702:32739 [1] NCCL INFO Channel 00 : 37[3000] -> 38[82000] via direct shared memory
c198-101:28004:28037 [1] NCCL INFO Channel 01 : 53[3000] -> 54[82000] via direct shared memory
c198-102:29689:29726 [1] NCCL INFO Channel 00 : 57[3000] -> 58[82000] via direct shared memory
c198-012:32702:32739 [1] NCCL INFO Channel 01 : 37[3000] -> 38[82000] via direct shared memory
c196-061:6301:6338 [2] NCCL INFO Channel 00 : 2[82000] -> 3[83000] via direct shared memory
c198-102:29689:29726 [1] NCCL INFO Channel 01 : 57[3000] -> 58[82000] via direct shared memory
c196-061:6300:6340 [1] NCCL INFO Channel 00 : 1[3000] -> 2[82000] via direct shared memory
c196-061:6301:6338 [2] NCCL INFO Channel 01 : 2[82000] -> 3[83000] via direct shared memory
c198-021:18941:18978 [2] NCCL INFO Channel 00 : 42[82000] -> 43[83000] via direct shared memory
c198-022:18742:18775 [1] NCCL INFO Channel 00 : 45[3000] -> 46[82000] via direct shared memory
c198-021:18940:18975 [1] NCCL INFO Channel 00 : 41[3000] -> 42[82000] via direct shared memory
c196-061:6300:6340 [1] NCCL INFO Channel 01 : 1[3000] -> 2[82000] via direct shared memory
c197-032:18848:18886 [1] NCCL INFO Channel 00 : 25[3000] -> 26[82000] via direct shared memory
c198-021:18941:18978 [2] NCCL INFO Channel 01 : 42[82000] -> 43[83000] via direct shared memory
c198-021:18940:18975 [1] NCCL INFO Channel 01 : 41[3000] -> 42[82000] via direct shared memory
c198-022:18742:18775 [1] NCCL INFO Channel 01 : 45[3000] -> 46[82000] via direct shared memory
c197-032:18848:18886 [1] NCCL INFO Channel 01 : 25[3000] -> 26[82000] via direct shared memory
c197-041:12612:12650 [1] NCCL INFO Channel 00 : 29[3000] -> 30[82000] via direct shared memory
