c199-012:11056:11056 [1] NCCL INFO comm 0x2ba98e000010 rank 61 nranks 64 cudaDev 1 busId 3000 - Destroy COMPLETE
c197-022:15738:15738 [2] NCCL INFO comm 0x2b4fe599c010 rank 22 nranks 64 cudaDev 2 busId 82000 - Destroy COMPLETE
c197-101:4515:4515 [2] NCCL INFO comm 0x2b1c8e000010 rank 50 nranks 64 cudaDev 2 busId 82000 - Destroy COMPLETE
c196-062:23863:23863 [2] NCCL INFO comm 0x2ab8cce38010 rank 10 nranks 64 cudaDev 2 busId 82000 - Destroy COMPLETE
c197-071:26533:26533 [2] NCCL INFO comm 0x2b71b2000010 rank 46 nranks 64 cudaDev 2 busId 82000 - Destroy COMPLETE
c197-012:31211:31211 [2] NCCL INFO comm 0x2ba4320e0010 rank 14 nranks 64 cudaDev 2 busId 82000 - Destroy COMPLETE
c197-061:20691:20691 [2] NCCL INFO comm 0x2b9c5e000010 rank 42 nranks 64 cudaDev 2 busId 82000 - Destroy COMPLETE
c199-012:11057:11057 [2] NCCL INFO comm 0x2ac38d562010 rank 62 nranks 64 cudaDev 2 busId 82000 - Destroy COMPLETE
c197-021:432:432 [2] NCCL INFO comm 0x2b7bf2000010 rank 18 nranks 64 cudaDev 2 busId 82000 - Destroy COMPLETE
c197-041:19957:19957 [2] NCCL INFO comm 0x2b2b3e000010 rank 34 nranks 64 cudaDev 2 busId 82000 - Destroy COMPLETE
c199-012:11055:11055 [0] NCCL INFO comm 0x2b71759cf010 rank 60 nranks 64 cudaDev 0 busId 2000 - Destroy COMPLETE
c197-032:26176:26176 [2] NCCL INFO comm 0x2aca9e000010 rank 30 nranks 64 cudaDev 2 busId 82000 - Destroy COMPLETE
c199-011:3484:3484 [1] NCCL INFO comm 0x2b76d0000010 rank 57 nranks 64 cudaDev 1 busId 3000 - Destroy COMPLETE
c199-011:3483:3483 [0] NCCL INFO comm 0x2b036e000010 rank 56 nranks 64 cudaDev 0 busId 2000 - Destroy COMPLETE
c196-042:11134:11134 [2] NCCL INFO comm 0x2abfae000010 rank 2 nranks 64 cudaDev 2 busId 82000 - Destroy COMPLETE
c196-042:11132:11132 [0] NCCL INFO comm 0x2ae55e000010 rank 0 nranks 64 cudaDev 0 busId 2000 - Destroy COMPLETE
c197-031:17155:17155 [1] NCCL INFO comm 0x2b91b2000010 rank 25 nranks 64 cudaDev 1 busId 3000 - Destroy COMPLETE
c197-031:17154:17154 [0] NCCL INFO comm 0x2ac940000010 rank 24 nranks 64 cudaDev 0 busId 2000 - Destroy COMPLETE
c197-111:15212:15212 [1] NCCL INFO comm 0x2b3910000010 rank 53 nranks 64 cudaDev 1 busId 3000 - Destroy COMPLETE
c197-101:4514:4514 [1] NCCL INFO comm 0x2adb5e000010 rank 49 nranks 64 cudaDev 1 busId 3000 - Destroy COMPLETE
c197-042:30009:30009 [1] NCCL INFO comm 0x2b1fae000010 rank 37 nranks 64 cudaDev 1 busId 3000 - Destroy COMPLETE
c197-022:15737:15737 [1] NCCL INFO comm 0x2b179e000010 rank 21 nranks 64 cudaDev 1 busId 3000 - Destroy COMPLETE
c196-062:23861:23861 [0] NCCL INFO comm 0x2b2d3d94e010 rank 8 nranks 64 cudaDev 0 busId 2000 - Destroy COMPLETE
c196-052:6637:6637 [1] NCCL INFO comm 0x2b92fc9b6010 rank 5 nranks 64 cudaDev 1 busId 3000 - Destroy COMPLETE
c197-041:19956:19956 [1] NCCL INFO comm 0x2b971e402010 rank 33 nranks 64 cudaDev 1 busId 3000 - Destroy COMPLETE
c196-052:6636:6636 [0] NCCL INFO comm 0x2aabac000010 rank 4 nranks 64 cudaDev 0 busId 2000 - Destroy COMPLETE
c197-022:15736:15736 [0] NCCL INFO comm 0x2b266e000010 rank 20 nranks 64 cudaDev 0 busId 2000 - Destroy COMPLETE
c197-012:31210:31210 [1] NCCL INFO comm 0x2b532e000010 rank 13 nranks 64 cudaDev 1 busId 3000 - Destroy COMPLETE
c197-021:431:431 [1] NCCL INFO comm 0x2af3d0000010 rank 17 nranks 64 cudaDev 1 busId 3000 - Destroy COMPLETE
c196-062:23862:23862 [1] NCCL INFO comm 0x2ac312000010 rank 9 nranks 64 cudaDev 1 busId 3000 - Destroy COMPLETE
c197-042:30008:30008 [0] NCCL INFO comm 0x2af3a1b71010 rank 36 nranks 64 cudaDev 0 busId 2000 - Destroy COMPLETE
c197-061:20690:20690 [1] NCCL INFO comm 0x2af9de000010 rank 41 nranks 64 cudaDev 1 busId 3000 - Destroy COMPLETE
c197-111:15211:15211 [0] NCCL INFO comm 0x2b14a54db010 rank 52 nranks 64 cudaDev 0 busId 2000 - Destroy COMPLETE
c197-061:20689:20689 [0] NCCL INFO comm 0x2addc4000010 rank 40 nranks 64 cudaDev 0 busId 2000 - Destroy COMPLETE
c197-021:430:430 [0] NCCL INFO comm 0x2ba41d40c010 rank 16 nranks 64 cudaDev 0 busId 2000 - Destroy COMPLETE
# Out of bounds values : 1216 FAILED
# Avg bus bandwidth    : 1.13092 
#
c197-101:4513:4513 [0] NCCL INFO comm 0x2ad67cdb7010 rank 48 nranks 64 cudaDev 0 busId 2000 - Destroy COMPLETE
c197-041:19955:19955 [0] NCCL INFO comm 0x2b1f7d67a010 rank 32 nranks 64 cudaDev 0 busId 2000 - Destroy COMPLETE
c197-012:31209:31209 [0] NCCL INFO comm 0x2b9c1e000010 rank 12 nranks 64 cudaDev 0 busId 2000 - Destroy COMPLETE
c197-071:26532:26532 [1] NCCL INFO comm 0x2b5d32000010 rank 45 nranks 64 cudaDev 1 busId 3000 - Destroy COMPLETE
c197-032:26175:26175 [1] NCCL INFO comm 0x2b3521f92010 rank 29 nranks 64 cudaDev 1 busId 3000 - Destroy COMPLETE
c197-032:26174:26174 [0] NCCL INFO comm 0x2b4ae2201010 rank 28 nranks 64 cudaDev 0 busId 2000 - Destroy COMPLETE
c197-071:26531:26531 [0] NCCL INFO comm 0x2b6bae000010 rank 44 nranks 64 cudaDev 0 busId 2000 - Destroy COMPLETE

# nThread 1 nGpus 1 minBytes 1024 maxBytes 268435456 step: 2(factor) warmup iters: 5 iters: 20 agg iters: 1 validation: 1 graph: 0
#
# Using devices
#  Rank  0 Group  0 Pid  11254 on   c196-042 device  0 [0x02] Quadro RTX 5000
#  Rank  1 Group  0 Pid  11255 on   c196-042 device  1 [0x03] Quadro RTX 5000
#  Rank  2 Group  0 Pid  11256 on   c196-042 device  2 [0x82] Quadro RTX 5000
#  Rank  3 Group  0 Pid  11257 on   c196-042 device  3 [0x83] Quadro RTX 5000
#  Rank  4 Group  0 Pid   6736 on   c196-052 device  0 [0x02] Quadro RTX 5000
#  Rank  5 Group  0 Pid   6737 on   c196-052 device  1 [0x03] Quadro RTX 5000
#  Rank  6 Group  0 Pid   6738 on   c196-052 device  2 [0x82] Quadro RTX 5000
#  Rank  7 Group  0 Pid   6739 on   c196-052 device  3 [0x83] Quadro RTX 5000
#  Rank  8 Group  0 Pid  23947 on   c196-062 device  0 [0x02] Quadro RTX 5000
#  Rank  9 Group  0 Pid  23948 on   c196-062 device  1 [0x03] Quadro RTX 5000
#  Rank 10 Group  0 Pid  23949 on   c196-062 device  2 [0x82] Quadro RTX 5000
#  Rank 11 Group  0 Pid  23950 on   c196-062 device  3 [0x83] Quadro RTX 5000
#  Rank 12 Group  0 Pid  31295 on   c197-012 device  0 [0x02] Quadro RTX 5000
#  Rank 13 Group  0 Pid  31296 on   c197-012 device  1 [0x03] Quadro RTX 5000
#  Rank 14 Group  0 Pid  31297 on   c197-012 device  2 [0x82] Quadro RTX 5000
#  Rank 15 Group  0 Pid  31298 on   c197-012 device  3 [0x83] Quadro RTX 5000
#  Rank 16 Group  0 Pid    528 on   c197-021 device  0 [0x02] Quadro RTX 5000
#  Rank 17 Group  0 Pid    529 on   c197-021 device  1 [0x03] Quadro RTX 5000
#  Rank 18 Group  0 Pid    530 on   c197-021 device  2 [0x82] Quadro RTX 5000
#  Rank 19 Group  0 Pid    543 on   c197-021 device  3 [0x83] Quadro RTX 5000
#  Rank 20 Group  0 Pid  15823 on   c197-022 device  0 [0x02] Quadro RTX 5000
#  Rank 21 Group  0 Pid  15824 on   c197-022 device  1 [0x03] Quadro RTX 5000
#  Rank 22 Group  0 Pid  15825 on   c197-022 device  2 [0x82] Quadro RTX 5000
#  Rank 23 Group  0 Pid  15826 on   c197-022 device  3 [0x83] Quadro RTX 5000
#  Rank 24 Group  0 Pid  17242 on   c197-031 device  0 [0x02] Quadro RTX 5000
#  Rank 25 Group  0 Pid  17243 on   c197-031 device  1 [0x03] Quadro RTX 5000
#  Rank 26 Group  0 Pid  17244 on   c197-031 device  2 [0x82] Quadro RTX 5000
#  Rank 27 Group  0 Pid  17245 on   c197-031 device  3 [0x83] Quadro RTX 5000
#  Rank 28 Group  0 Pid  26260 on   c197-032 device  0 [0x02] Quadro RTX 5000
#  Rank 29 Group  0 Pid  26261 on   c197-032 device  1 [0x03] Quadro RTX 5000
#  Rank 30 Group  0 Pid  26262 on   c197-032 device  2 [0x82] Quadro RTX 5000
#  Rank 31 Group  0 Pid  26263 on   c197-032 device  3 [0x83] Quadro RTX 5000
#  Rank 32 Group  0 Pid  20041 on   c197-041 device  0 [0x02] Quadro RTX 5000
#  Rank 33 Group  0 Pid  20042 on   c197-041 device  1 [0x03] Quadro RTX 5000
#  Rank 34 Group  0 Pid  20043 on   c197-041 device  2 [0x82] Quadro RTX 5000
#  Rank 35 Group  0 Pid  20044 on   c197-041 device  3 [0x83] Quadro RTX 5000
#  Rank 36 Group  0 Pid  30108 on   c197-042 device  0 [0x02] Quadro RTX 5000
#  Rank 37 Group  0 Pid  30109 on   c197-042 device  1 [0x03] Quadro RTX 5000
#  Rank 38 Group  0 Pid  30110 on   c197-042 device  2 [0x82] Quadro RTX 5000
#  Rank 39 Group  0 Pid  30111 on   c197-042 device  3 [0x83] Quadro RTX 5000
#  Rank 40 Group  0 Pid  20776 on   c197-061 device  0 [0x02] Quadro RTX 5000
#  Rank 41 Group  0 Pid  20777 on   c197-061 device  1 [0x03] Quadro RTX 5000
#  Rank 42 Group  0 Pid  20778 on   c197-061 device  2 [0x82] Quadro RTX 5000
#  Rank 43 Group  0 Pid  20779 on   c197-061 device  3 [0x83] Quadro RTX 5000
#  Rank 44 Group  0 Pid  26617 on   c197-071 device  0 [0x02] Quadro RTX 5000
#  Rank 45 Group  0 Pid  26618 on   c197-071 device  1 [0x03] Quadro RTX 5000
#  Rank 46 Group  0 Pid  26619 on   c197-071 device  2 [0x82] Quadro RTX 5000
#  Rank 47 Group  0 Pid  26620 on   c197-071 device  3 [0x83] Quadro RTX 5000
#  Rank 48 Group  0 Pid   4599 on   c197-101 device  0 [0x02] Quadro RTX 5000
#  Rank 49 Group  0 Pid   4600 on   c197-101 device  1 [0x03] Quadro RTX 5000
#  Rank 50 Group  0 Pid   4601 on   c197-101 device  2 [0x82] Quadro RTX 5000
#  Rank 51 Group  0 Pid   4602 on   c197-101 device  3 [0x83] Quadro RTX 5000
#  Rank 52 Group  0 Pid  15297 on   c197-111 device  0 [0x02] Quadro RTX 5000
#  Rank 53 Group  0 Pid  15298 on   c197-111 device  1 [0x03] Quadro RTX 5000
#  Rank 54 Group  0 Pid  15299 on   c197-111 device  2 [0x82] Quadro RTX 5000
#  Rank 55 Group  0 Pid  15300 on   c197-111 device  3 [0x83] Quadro RTX 5000
#  Rank 56 Group  0 Pid   3570 on   c199-011 device  0 [0x02] Quadro RTX 5000
#  Rank 57 Group  0 Pid   3571 on   c199-011 device  1 [0x03] Quadro RTX 5000
#  Rank 58 Group  0 Pid   3572 on   c199-011 device  2 [0x82] Quadro RTX 5000
#  Rank 59 Group  0 Pid   3573 on   c199-011 device  3 [0x83] Quadro RTX 5000
#  Rank 60 Group  0 Pid  11141 on   c199-012 device  0 [0x02] Quadro RTX 5000
#  Rank 61 Group  0 Pid  11142 on   c199-012 device  1 [0x03] Quadro RTX 5000
#  Rank 62 Group  0 Pid  11143 on   c199-012 device  2 [0x82] Quadro RTX 5000
#  Rank 63 Group  0 Pid  11144 on   c199-012 device  3 [0x83] Quadro RTX 5000
c196-042:11254:11254 [0] NCCL INFO Bootstrap : Using ib0:192.168.44.108<0>
c196-042:11254:11254 [0] NCCL INFO NET/Plugin : No plugin found (libnccl-net.so), using internal implementation
c196-042:11254:11254 [0] NCCL INFO NET/IB : Using [0]mlx4_0:1/IB [RO]; OOB ib0:192.168.44.108<0>
c196-042:11254:11254 [0] NCCL INFO Using network IB
NCCL version 2.12.12.MSCCL.0.7.4+cuda11.3
c196-042:11257:11257 [3] NCCL INFO Bootstrap : Using ib0:192.168.44.108<0>
c196-042:11257:11257 [3] NCCL INFO NET/Plugin : No plugin found (libnccl-net.so), using internal implementation
c196-042:11256:11256 [2] NCCL INFO Bootstrap : Using ib0:192.168.44.108<0>
c196-042:11256:11256 [2] NCCL INFO NET/Plugin : No plugin found (libnccl-net.so), using internal implementation
c196-042:11257:11257 [3] NCCL INFO NET/IB : Using [0]mlx4_0:1/IB [RO]; OOB ib0:192.168.44.108<0>
c196-042:11257:11257 [3] NCCL INFO Using network IB
c196-042:11256:11256 [2] NCCL INFO NET/IB : Using [0]mlx4_0:1/IB [RO]; OOB ib0:192.168.44.108<0>
c196-042:11256:11256 [2] NCCL INFO Using network IB
c196-042:11255:11255 [1] NCCL INFO Bootstrap : Using ib0:192.168.44.108<0>
c196-042:11255:11255 [1] NCCL INFO NET/Plugin : No plugin found (libnccl-net.so), using internal implementation
c196-042:11255:11255 [1] NCCL INFO NET/IB : Using [0]mlx4_0:1/IB [RO]; OOB ib0:192.168.44.108<0>
c196-042:11255:11255 [1] NCCL INFO Using network IB
c197-042:30110:30110 [2] NCCL INFO Bootstrap : Using ib0:192.168.44.130<0>
c197-042:30111:30111 [3] NCCL INFO Bootstrap : Using ib0:192.168.44.130<0>
c197-042:30110:30110 [2] NCCL INFO NET/Plugin : No plugin found (libnccl-net.so), using internal implementation
c197-042:30111:30111 [3] NCCL INFO NET/Plugin : No plugin found (libnccl-net.so), using internal implementation
c197-042:30110:30110 [2] NCCL INFO NET/IB : Using [0]mlx4_0:1/IB [RO]; OOB ib0:192.168.44.130<0>
c197-042:30110:30110 [2] NCCL INFO Using network IB
c197-042:30111:30111 [3] NCCL INFO NET/IB : Using [0]mlx4_0:1/IB [RO]; OOB ib0:192.168.44.130<0>
c197-042:30111:30111 [3] NCCL INFO Using network IB
c199-011:3572:3572 [2] NCCL INFO Bootstrap : Using ib0:192.168.44.167<0>
c199-011:3572:3572 [2] NCCL INFO NET/Plugin : No plugin found (libnccl-net.so), using internal implementation
c197-012:31298:31298 [3] NCCL INFO Bootstrap : Using ib0:192.168.44.124<0>
c199-011:3571:3571 [1] NCCL INFO Bootstrap : Using ib0:192.168.44.167<0>
c199-011:3572:3572 [2] NCCL INFO NET/IB : Using [0]mlx4_0:1/IB [RO]; OOB ib0:192.168.44.167<0>
c199-011:3572:3572 [2] NCCL INFO Using network IB
c199-011:3570:3570 [0] NCCL INFO Bootstrap : Using ib0:192.168.44.167<0>
c199-011:3571:3571 [1] NCCL INFO NET/Plugin : No plugin found (libnccl-net.so), using internal implementation
c197-012:31298:31298 [3] NCCL INFO NET/Plugin : No plugin found (libnccl-net.so), using internal implementation
c199-011:3570:3570 [0] NCCL INFO NET/Plugin : No plugin found (libnccl-net.so), using internal implementation
c199-011:3573:3573 [3] NCCL INFO Bootstrap : Using ib0:192.168.44.167<0>
c199-011:3573:3573 [3] NCCL INFO NET/Plugin : No plugin found (libnccl-net.so), using internal implementation
c199-011:3570:3570 [0] NCCL INFO NET/IB : Using [0]mlx4_0:1/IB [RO]; OOB ib0:192.168.44.167<0>
c199-011:3570:3570 [0] NCCL INFO Using network IB
c197-012:31298:31298 [3] NCCL INFO NET/IB : Using [0]mlx4_0:1/IB [RO]; OOB ib0:192.168.44.124<0>
c197-012:31298:31298 [3] NCCL INFO Using network IB
c199-011:3571:3571 [1] NCCL INFO NET/IB : Using [0]mlx4_0:1/IB [RO]; OOB ib0:192.168.44.167<0>
c199-011:3571:3571 [1] NCCL INFO Using network IB
c199-011:3573:3573 [3] NCCL INFO NET/IB : Using [0]mlx4_0:1/IB [RO]; OOB ib0:192.168.44.167<0>
c199-011:3573:3573 [3] NCCL INFO Using network IB
c197-012:31297:31297 [2] NCCL INFO Bootstrap : Using ib0:192.168.44.124<0>
c197-012:31297:31297 [2] NCCL INFO NET/Plugin : No plugin found (libnccl-net.so), using internal implementation
c197-061:20778:20778 [2] NCCL INFO Bootstrap : Using ib0:192.168.44.133<0>
c197-061:20779:20779 [3] NCCL INFO Bootstrap : Using ib0:192.168.44.133<0>
c197-061:20778:20778 [2] NCCL INFO NET/Plugin : No plugin found (libnccl-net.so), using internal implementation
c197-061:20779:20779 [3] NCCL INFO NET/Plugin : No plugin found (libnccl-net.so), using internal implementation
c197-012:31297:31297 [2] NCCL INFO NET/IB : Using [0]mlx4_0:1/IB [RO]; OOB ib0:192.168.44.124<0>
c197-012:31297:31297 [2] NCCL INFO Using network IB
c197-022:15824:15824 [1] NCCL INFO Bootstrap : Using ib0:192.168.44.126<0>
c197-022:15825:15825 [2] NCCL INFO Bootstrap : Using ib0:192.168.44.126<0>
c197-022:15826:15826 [3] NCCL INFO Bootstrap : Using ib0:192.168.44.126<0>
c199-012:11143:11143 [2] NCCL INFO Bootstrap : Using ib0:192.168.44.168<0>
c199-012:11144:11144 [3] NCCL INFO Bootstrap : Using ib0:192.168.44.168<0>
c197-022:15825:15825 [2] NCCL INFO NET/Plugin : No plugin found (libnccl-net.so), using internal implementation
c197-022:15826:15826 [3] NCCL INFO NET/Plugin : No plugin found (libnccl-net.so), using internal implementation
c197-022:15824:15824 [1] NCCL INFO NET/Plugin : No plugin found (libnccl-net.so), using internal implementation
c199-012:11143:11143 [2] NCCL INFO NET/Plugin : No plugin found (libnccl-net.so), using internal implementation
c199-012:11144:11144 [3] NCCL INFO NET/Plugin : No plugin found (libnccl-net.so), using internal implementation
c197-042:30108:30108 [0] NCCL INFO Bootstrap : Using ib0:192.168.44.130<0>
c197-042:30108:30108 [0] NCCL INFO NET/Plugin : No plugin found (libnccl-net.so), using internal implementation
c196-062:23947:23947 [0] NCCL INFO Bootstrap : Using ib0:192.168.44.112<0>
c196-062:23947:23947 [0] NCCL INFO NET/Plugin : No plugin found (libnccl-net.so), using internal implementation
c197-021:543:543 [3] NCCL INFO Bootstrap : Using ib0:192.168.44.125<0>
c197-042:30108:30108 [0] NCCL INFO NET/IB : Using [0]mlx4_0:1/IB [RO]; OOB ib0:192.168.44.130<0>
c197-042:30108:30108 [0] NCCL INFO Using network IB
c197-021:543:543 [3] NCCL INFO NET/Plugin : No plugin found (libnccl-net.so), using internal implementation
c196-062:23947:23947 [0] NCCL INFO NET/IB : Using [0]mlx4_0:1/IB [RO]; OOB ib0:192.168.44.112<0>
c196-062:23947:23947 [0] NCCL INFO Using network IB
c197-061:20779:20779 [3] NCCL INFO NET/IB : Using [0]mlx4_0:1/IB [RO]; OOB ib0:192.168.44.133<0>
c197-061:20779:20779 [3] NCCL INFO Using network IB
c197-061:20778:20778 [2] NCCL INFO NET/IB : Using [0]mlx4_0:1/IB [RO]; OOB ib0:192.168.44.133<0>
c197-061:20778:20778 [2] NCCL INFO Using network IB
c197-061:20776:20776 [0] NCCL INFO Bootstrap : Using ib0:192.168.44.133<0>
c197-061:20777:20777 [1] NCCL INFO Bootstrap : Using ib0:192.168.44.133<0>
c197-061:20776:20776 [0] NCCL INFO NET/Plugin : No plugin found (libnccl-net.so), using internal implementation
c199-012:11144:11144 [3] NCCL INFO NET/IB : Using [0]mlx4_0:1/IB [RO]; OOB ib0:192.168.44.168<0>
c199-012:11144:11144 [3] NCCL INFO Using network IB
c197-061:20777:20777 [1] NCCL INFO NET/Plugin : No plugin found (libnccl-net.so), using internal implementation
c199-012:11143:11143 [2] NCCL INFO NET/IB : Using [0]mlx4_0:1/IB [RO]; OOB ib0:192.168.44.168<0>
c199-012:11143:11143 [2] NCCL INFO Using network IB
c197-012:31296:31296 [1] NCCL INFO Bootstrap : Using ib0:192.168.44.124<0>
c197-012:31295:31295 [0] NCCL INFO Bootstrap : Using ib0:192.168.44.124<0>
c196-052:6738:6738 [2] NCCL INFO Bootstrap : Using ib0:192.168.44.110<0>
c199-012:11141:11141 [0] NCCL INFO Bootstrap : Using ib0:192.168.44.168<0>
c196-052:6739:6739 [3] NCCL INFO Bootstrap : Using ib0:192.168.44.110<0>
c197-021:530:530 [2] NCCL INFO Bootstrap : Using ib0:192.168.44.125<0>
c197-012:31295:31295 [0] NCCL INFO NET/Plugin : No plugin found (libnccl-net.so), using internal implementation
c197-021:530:530 [2] NCCL INFO NET/Plugin : No plugin found (libnccl-net.so), using internal implementation
c197-012:31296:31296 [1] NCCL INFO NET/Plugin : No plugin found (libnccl-net.so), using internal implementation
c199-012:11141:11141 [0] NCCL INFO NET/Plugin : No plugin found (libnccl-net.so), using internal implementation
c196-052:6738:6738 [2] NCCL INFO NET/Plugin : No plugin found (libnccl-net.so), using internal implementation
c196-052:6739:6739 [3] NCCL INFO NET/Plugin : No plugin found (libnccl-net.so), using internal implementation
c197-021:543:543 [3] NCCL INFO NET/IB : Using [0]mlx4_0:1/IB [RO]; OOB ib0:192.168.44.125<0>
c197-021:543:543 [3] NCCL INFO Using network IB
c197-021:530:530 [2] NCCL INFO NET/IB : Using [0]mlx4_0:1/IB [RO]; OOB ib0:192.168.44.125<0>
c197-021:530:530 [2] NCCL INFO Using network IB
c197-022:15823:15823 [0] NCCL INFO Bootstrap : Using ib0:192.168.44.126<0>
c199-012:11141:11141 [0] NCCL INFO NET/IB : Using [0]mlx4_0:1/IB [RO]; OOB ib0:192.168.44.168<0>
c199-012:11141:11141 [0] NCCL INFO Using network IB
c197-022:15823:15823 [0] NCCL INFO NET/Plugin : No plugin found (libnccl-net.so), using internal implementation
c199-012:11142:11142 [1] NCCL INFO Bootstrap : Using ib0:192.168.44.168<0>
c199-012:11142:11142 [1] NCCL INFO NET/Plugin : No plugin found (libnccl-net.so), using internal implementation
c197-111:15300:15300 [3] NCCL INFO Bootstrap : Using ib0:192.168.44.143<0>
c197-111:15299:15299 [2] NCCL INFO Bootstrap : Using ib0:192.168.44.143<0>
c197-061:20777:20777 [1] NCCL INFO NET/IB : Using [0]mlx4_0:1/IB [RO]; OOB ib0:192.168.44.133<0>
c197-061:20777:20777 [1] NCCL INFO Using network IB
c197-111:15299:15299 [2] NCCL INFO NET/Plugin : No plugin found (libnccl-net.so), using internal implementation
c197-061:20776:20776 [0] NCCL INFO NET/IB : Using [0]mlx4_0:1/IB [RO]; OOB ib0:192.168.44.133<0>
c197-061:20776:20776 [0] NCCL INFO Using network IB
c197-111:15300:15300 [3] NCCL INFO NET/Plugin : No plugin found (libnccl-net.so), using internal implementation
c197-022:15825:15825 [2] NCCL INFO NET/IB : Using [0]mlx4_0:1/IB [RO]; OOB ib0:192.168.44.126<0>
c197-022:15825:15825 [2] NCCL INFO Using network IB
c197-022:15826:15826 [3] NCCL INFO NET/IB : Using [0]mlx4_0:1/IB [RO]; OOB ib0:192.168.44.126<0>
c197-022:15826:15826 [3] NCCL INFO Using network IB
c197-022:15824:15824 [1] NCCL INFO NET/IB : Using [0]mlx4_0:1/IB [RO]; OOB ib0:192.168.44.126<0>
c197-022:15824:15824 [1] NCCL INFO Using network IB
c197-022:15823:15823 [0] NCCL INFO NET/IB : Using [0]mlx4_0:1/IB [RO]; OOB ib0:192.168.44.126<0>
c197-022:15823:15823 [0] NCCL INFO Using network IB
c199-012:11142:11142 [1] NCCL INFO NET/IB : Using [0]mlx4_0:1/IB [RO]; OOB ib0:192.168.44.168<0>
c199-012:11142:11142 [1] NCCL INFO Using network IB
c196-052:6739:6739 [3] NCCL INFO NET/IB : Using [0]mlx4_0:1/IB [RO]; OOB ib0:192.168.44.110<0>
c196-052:6739:6739 [3] NCCL INFO Using network IB
c196-052:6738:6738 [2] NCCL INFO NET/IB : Using [0]mlx4_0:1/IB [RO]; OOB ib0:192.168.44.110<0>
c196-052:6738:6738 [2] NCCL INFO Using network IB
c197-042:30109:30109 [1] NCCL INFO Bootstrap : Using ib0:192.168.44.130<0>
c197-042:30109:30109 [1] NCCL INFO NET/Plugin : No plugin found (libnccl-net.so), using internal implementation
c196-052:6737:6737 [1] NCCL INFO Bootstrap : Using ib0:192.168.44.110<0>
c197-031:17245:17245 [3] NCCL INFO Bootstrap : Using ib0:192.168.44.127<0>
c196-052:6737:6737 [1] NCCL INFO NET/Plugin : No plugin found (libnccl-net.so), using internal implementation
c197-012:31296:31296 [1] NCCL INFO NET/IB : Using [0]mlx4_0:1/IB [RO]; OOB ib0:192.168.44.124<0>
c197-012:31296:31296 [1] NCCL INFO Using network IB
c197-031:17245:17245 [3] NCCL INFO NET/Plugin : No plugin found (libnccl-net.so), using internal implementation
c197-012:31295:31295 [0] NCCL INFO NET/IB : Using [0]mlx4_0:1/IB [RO]; OOB ib0:192.168.44.124<0>
c197-012:31295:31295 [0] NCCL INFO Using network IB
c196-052:6737:6737 [1] NCCL INFO NET/IB : Using [0]mlx4_0:1/IB [RO]; OOB ib0:192.168.44.110<0>
c196-052:6737:6737 [1] NCCL INFO Using network IB
c197-042:30109:30109 [1] NCCL INFO NET/IB : Using [0]mlx4_0:1/IB [RO]; OOB ib0:192.168.44.130<0>
c197-042:30109:30109 [1] NCCL INFO Using network IB
c197-031:17245:17245 [3] NCCL INFO NET/IB : Using [0]mlx4_0:1/IB [RO]; OOB ib0:192.168.44.127<0>
c197-031:17245:17245 [3] NCCL INFO Using network IB
c197-111:15297:15297 [0] NCCL INFO Bootstrap : Using ib0:192.168.44.143<0>
c197-111:15297:15297 [0] NCCL INFO NET/Plugin : No plugin found (libnccl-net.so), using internal implementation
c196-062:23949:23949 [2] NCCL INFO Bootstrap : Using ib0:192.168.44.112<0>
c196-062:23950:23950 [3] NCCL INFO Bootstrap : Using ib0:192.168.44.112<0>
c197-111:15299:15299 [2] NCCL INFO NET/IB : Using [0]mlx4_0:1/IB [RO]; OOB ib0:192.168.44.143<0>
c197-111:15299:15299 [2] NCCL INFO Using network IB
c196-062:23949:23949 [2] NCCL INFO NET/Plugin : No plugin found (libnccl-net.so), using internal implementation
c196-062:23950:23950 [3] NCCL INFO NET/Plugin : No plugin found (libnccl-net.so), using internal implementation
c197-031:17244:17244 [2] NCCL INFO Bootstrap : Using ib0:192.168.44.127<0>
c197-031:17244:17244 [2] NCCL INFO NET/Plugin : No plugin found (libnccl-net.so), using internal implementation
c197-111:15300:15300 [3] NCCL INFO NET/IB : Using [0]mlx4_0:1/IB [RO]; OOB ib0:192.168.44.143<0>
c197-111:15300:15300 [3] NCCL INFO Using network IB
c197-111:15298:15298 [1] NCCL INFO Bootstrap : Using ib0:192.168.44.143<0>
c197-111:15298:15298 [1] NCCL INFO NET/Plugin : No plugin found (libnccl-net.so), using internal implementation
c197-041:20044:20044 [3] NCCL INFO Bootstrap : Using ib0:192.168.44.129<0>
c197-041:20044:20044 [3] NCCL INFO NET/Plugin : No plugin found (libnccl-net.so), using internal implementation
c197-111:15297:15297 [0] NCCL INFO NET/IB : Using [0]mlx4_0:1/IB [RO]; OOB ib0:192.168.44.143<0>
c197-111:15297:15297 [0] NCCL INFO Using network IB
c197-031:17244:17244 [2] NCCL INFO NET/IB : Using [0]mlx4_0:1/IB [RO]; OOB ib0:192.168.44.127<0>
c197-031:17244:17244 [2] NCCL INFO Using network IB
c197-111:15298:15298 [1] NCCL INFO NET/IB : Using [0]mlx4_0:1/IB [RO]; OOB ib0:192.168.44.143<0>
c197-111:15298:15298 [1] NCCL INFO Using network IB
c197-041:20044:20044 [3] NCCL INFO NET/IB : Using [0]mlx4_0:1/IB [RO]; OOB ib0:192.168.44.129<0>
c197-041:20044:20044 [3] NCCL INFO Using network IB
c197-041:20043:20043 [2] NCCL INFO Bootstrap : Using ib0:192.168.44.129<0>
c197-041:20043:20043 [2] NCCL INFO NET/Plugin : No plugin found (libnccl-net.so), using internal implementation
c196-052:6736:6736 [0] NCCL INFO Bootstrap : Using ib0:192.168.44.110<0>
c196-052:6736:6736 [0] NCCL INFO NET/Plugin : No plugin found (libnccl-net.so), using internal implementation
c196-062:23949:23949 [2] NCCL INFO NET/IB : Using [0]mlx4_0:1/IB [RO]; OOB ib0:192.168.44.112<0>
c196-062:23949:23949 [2] NCCL INFO Using network IB
c196-062:23950:23950 [3] NCCL INFO NET/IB : Using [0]mlx4_0:1/IB [RO]; OOB ib0:192.168.44.112<0>
c196-062:23950:23950 [3] NCCL INFO Using network IB
c197-041:20043:20043 [2] NCCL INFO NET/IB : Using [0]mlx4_0:1/IB [RO]; OOB ib0:192.168.44.129<0>
c197-041:20043:20043 [2] NCCL INFO Using network IB
c196-052:6736:6736 [0] NCCL INFO NET/IB : Using [0]mlx4_0:1/IB [RO]; OOB ib0:192.168.44.110<0>
c196-052:6736:6736 [0] NCCL INFO Using network IB
c197-031:17243:17243 [1] NCCL INFO Bootstrap : Using ib0:192.168.44.127<0>
c197-031:17243:17243 [1] NCCL INFO NET/Plugin : No plugin found (libnccl-net.so), using internal implementation
c197-071:26619:26619 [2] NCCL INFO Bootstrap : Using ib0:192.168.44.135<0>
c197-071:26620:26620 [3] NCCL INFO Bootstrap : Using ib0:192.168.44.135<0>
c197-071:26619:26619 [2] NCCL INFO NET/Plugin : No plugin found (libnccl-net.so), using internal implementation
c197-071:26620:26620 [3] NCCL INFO NET/Plugin : No plugin found (libnccl-net.so), using internal implementation
c197-031:17243:17243 [1] NCCL INFO NET/IB : Using [0]mlx4_0:1/IB [RO]; OOB ib0:192.168.44.127<0>
c197-031:17243:17243 [1] NCCL INFO Using network IB
c197-032:26262:26262 [2] NCCL INFO Bootstrap : Using ib0:192.168.44.128<0>
c197-032:26263:26263 [3] NCCL INFO Bootstrap : Using ib0:192.168.44.128<0>
c197-032:26262:26262 [2] NCCL INFO NET/Plugin : No plugin found (libnccl-net.so), using internal implementation
c197-032:26263:26263 [3] NCCL INFO NET/Plugin : No plugin found (libnccl-net.so), using internal implementation
c197-041:20042:20042 [1] NCCL INFO Bootstrap : Using ib0:192.168.44.129<0>
c197-041:20042:20042 [1] NCCL INFO NET/Plugin : No plugin found (libnccl-net.so), using internal implementation
c197-021:528:528 [0] NCCL INFO Bootstrap : Using ib0:192.168.44.125<0>
c197-021:528:528 [0] NCCL INFO NET/Plugin : No plugin found (libnccl-net.so), using internal implementation
c197-031:17242:17242 [0] NCCL INFO Bootstrap : Using ib0:192.168.44.127<0>
c197-031:17242:17242 [0] NCCL INFO NET/Plugin : No plugin found (libnccl-net.so), using internal implementation
c197-041:20042:20042 [1] NCCL INFO NET/IB : Using [0]mlx4_0:1/IB [RO]; OOB ib0:192.168.44.129<0>
c197-041:20042:20042 [1] NCCL INFO Using network IB
c197-071:26619:26619 [2] NCCL INFO NET/IB : Using [0]mlx4_0:1/IB [RO]; OOB ib0:192.168.44.135<0>
c197-071:26619:26619 [2] NCCL INFO Using network IB
c197-071:26620:26620 [3] NCCL INFO NET/IB : Using [0]mlx4_0:1/IB [RO]; OOB ib0:192.168.44.135<0>
c197-071:26620:26620 [3] NCCL INFO Using network IB
c197-032:26262:26262 [2] NCCL INFO NET/IB : Using [0]mlx4_0:1/IB [RO]; OOB ib0:192.168.44.128<0>
c197-032:26262:26262 [2] NCCL INFO Using network IB
c197-071:26617:26617 [0] NCCL INFO Bootstrap : Using ib0:192.168.44.135<0>
c197-032:26263:26263 [3] NCCL INFO NET/IB : Using [0]mlx4_0:1/IB [RO]; OOB ib0:192.168.44.128<0>
c197-032:26263:26263 [3] NCCL INFO Using network IB
c197-071:26617:26617 [0] NCCL INFO NET/Plugin : No plugin found (libnccl-net.so), using internal implementation
c197-021:528:528 [0] NCCL INFO NET/IB : Using [0]mlx4_0:1/IB [RO]; OOB ib0:192.168.44.125<0>
c197-021:528:528 [0] NCCL INFO Using network IB
c197-031:17242:17242 [0] NCCL INFO NET/IB : Using [0]mlx4_0:1/IB [RO]; OOB ib0:192.168.44.127<0>
c197-031:17242:17242 [0] NCCL INFO Using network IB
c197-071:26618:26618 [1] NCCL INFO Bootstrap : Using ib0:192.168.44.135<0>
c197-071:26618:26618 [1] NCCL INFO NET/Plugin : No plugin found (libnccl-net.so), using internal implementation
c197-071:26617:26617 [0] NCCL INFO NET/IB : Using [0]mlx4_0:1/IB [RO]; OOB ib0:192.168.44.135<0>
c197-071:26617:26617 [0] NCCL INFO Using network IB
c197-041:20041:20041 [0] NCCL INFO Bootstrap : Using ib0:192.168.44.129<0>
c197-071:26618:26618 [1] NCCL INFO NET/IB : Using [0]mlx4_0:1/IB [RO]; OOB ib0:192.168.44.135<0>
c197-071:26618:26618 [1] NCCL INFO Using network IB
c197-041:20041:20041 [0] NCCL INFO NET/Plugin : No plugin found (libnccl-net.so), using internal implementation
c197-041:20041:20041 [0] NCCL INFO NET/IB : Using [0]mlx4_0:1/IB [RO]; OOB ib0:192.168.44.129<0>
c197-041:20041:20041 [0] NCCL INFO Using network IB
c196-062:23948:23948 [1] NCCL INFO Bootstrap : Using ib0:192.168.44.112<0>
c196-062:23948:23948 [1] NCCL INFO NET/Plugin : No plugin found (libnccl-net.so), using internal implementation
c197-021:529:529 [1] NCCL INFO Bootstrap : Using ib0:192.168.44.125<0>
c197-021:529:529 [1] NCCL INFO NET/Plugin : No plugin found (libnccl-net.so), using internal implementation
c197-032:26260:26260 [0] NCCL INFO Bootstrap : Using ib0:192.168.44.128<0>
c196-062:23948:23948 [1] NCCL INFO NET/IB : Using [0]mlx4_0:1/IB [RO]; OOB ib0:192.168.44.112<0>
c196-062:23948:23948 [1] NCCL INFO Using network IB
c197-032:26260:26260 [0] NCCL INFO NET/Plugin : No plugin found (libnccl-net.so), using internal implementation
c197-021:529:529 [1] NCCL INFO NET/IB : Using [0]mlx4_0:1/IB [RO]; OOB ib0:192.168.44.125<0>
c197-021:529:529 [1] NCCL INFO Using network IB
c197-032:26260:26260 [0] NCCL INFO NET/IB : Using [0]mlx4_0:1/IB [RO]; OOB ib0:192.168.44.128<0>
c197-032:26260:26260 [0] NCCL INFO Using network IB
c197-032:26261:26261 [1] NCCL INFO Bootstrap : Using ib0:192.168.44.128<0>
c197-032:26261:26261 [1] NCCL INFO NET/Plugin : No plugin found (libnccl-net.so), using internal implementation
c197-032:26261:26261 [1] NCCL INFO NET/IB : Using [0]mlx4_0:1/IB [RO]; OOB ib0:192.168.44.128<0>
c197-032:26261:26261 [1] NCCL INFO Using network IB
c197-101:4601:4601 [2] NCCL INFO Bootstrap : Using ib0:192.168.44.141<0>
c197-101:4601:4601 [2] NCCL INFO NET/Plugin : No plugin found (libnccl-net.so), using internal implementation
c197-101:4601:4601 [2] NCCL INFO NET/IB : Using [0]mlx4_0:1/IB [RO]; OOB ib0:192.168.44.141<0>
c197-101:4601:4601 [2] NCCL INFO Using network IB
c197-101:4602:4602 [3] NCCL INFO Bootstrap : Using ib0:192.168.44.141<0>
c197-101:4602:4602 [3] NCCL INFO NET/Plugin : No plugin found (libnccl-net.so), using internal implementation
c197-101:4602:4602 [3] NCCL INFO NET/IB : Using [0]mlx4_0:1/IB [RO]; OOB ib0:192.168.44.141<0>
c197-101:4602:4602 [3] NCCL INFO Using network IB
c197-101:4599:4599 [0] NCCL INFO Bootstrap : Using ib0:192.168.44.141<0>
c197-101:4600:4600 [1] NCCL INFO Bootstrap : Using ib0:192.168.44.141<0>
c197-101:4599:4599 [0] NCCL INFO NET/Plugin : No plugin found (libnccl-net.so), using internal implementation
c197-101:4600:4600 [1] NCCL INFO NET/Plugin : No plugin found (libnccl-net.so), using internal implementation
c197-101:4599:4599 [0] NCCL INFO NET/IB : Using [0]mlx4_0:1/IB [RO]; OOB ib0:192.168.44.141<0>
c197-101:4599:4599 [0] NCCL INFO Using network IB
c197-101:4600:4600 [1] NCCL INFO NET/IB : Using [0]mlx4_0:1/IB [RO]; OOB ib0:192.168.44.141<0>
c197-101:4600:4600 [1] NCCL INFO Using network IB
c196-042:11254:11286 [0] NCCL INFO Setting affinity for GPU 0 to 0f000f
c196-042:11257:11291 [3] NCCL INFO Setting affinity for GPU 3 to f000f000
c197-042:30111:30144 [3] NCCL INFO Setting affinity for GPU 3 to f000f000
c199-011:3573:3610 [3] NCCL INFO Setting affinity for GPU 3 to f000f000
c196-042:11255:11295 [1] NCCL INFO Setting affinity for GPU 1 to f000f0
c197-042:30108:30146 [0] NCCL INFO Setting affinity for GPU 0 to 0f000f
c199-011:3570:3606 [0] NCCL INFO Setting affinity for GPU 0 to 0f000f
c197-041:20044:20075 [3] NCCL INFO Setting affinity for GPU 3 to f000f000
c199-011:3572:3604 [2] NCCL INFO Setting affinity for GPU 2 to 0f000f00
c197-042:30110:30143 [2] NCCL INFO Setting affinity for GPU 2 to 0f000f00
c196-042:11256:11293 [2] NCCL INFO Setting affinity for GPU 2 to 0f000f00
c199-011:3571:3608 [1] NCCL INFO Setting affinity for GPU 1 to f000f0
c197-111:15300:15333 [3] NCCL INFO Setting affinity for GPU 3 to f000f000
c197-022:15826:15859 [3] NCCL INFO Setting affinity for GPU 3 to f000f000
c197-031:17245:17276 [3] NCCL INFO Setting affinity for GPU 3 to f000f000
c197-042:30109:30148 [1] NCCL INFO Setting affinity for GPU 1 to f000f0
c197-101:4599:4638 [0] NCCL INFO Setting affinity for GPU 0 to 0f000f
c197-041:20041:20081 [0] NCCL INFO Setting affinity for GPU 0 to 0f000f
c197-071:26617:26655 [0] NCCL INFO Setting affinity for GPU 0 to 0f000f
c196-062:23947:23981 [0] NCCL INFO Setting affinity for GPU 0 to 0f000f
c199-012:11144:11175 [3] NCCL INFO Setting affinity for GPU 3 to f000f000
c197-012:31298:31329 [3] NCCL INFO Setting affinity for GPU 3 to f000f000
c197-111:15297:15335 [0] NCCL INFO Setting affinity for GPU 0 to 0f000f
c197-061:20779:20811 [3] NCCL INFO Setting affinity for GPU 3 to f000f000
c197-101:4600:4639 [1] NCCL INFO Setting affinity for GPU 1 to f000f0
c197-111:15299:15331 [2] NCCL INFO Setting affinity for GPU 2 to 0f000f00
c197-041:20042:20079 [1] NCCL INFO Setting affinity for GPU 1 to f000f0
c197-041:20043:20077 [2] NCCL INFO Setting affinity for GPU 2 to 0f000f00
c197-022:15823:15863 [0] NCCL INFO Setting affinity for GPU 0 to 0f000f
c197-022:15825:15857 [2] NCCL INFO Setting affinity for GPU 2 to 0f000f00
c197-101:4602:4635 [3] NCCL INFO Setting affinity for GPU 3 to f000f000
c197-071:26620:26653 [3] NCCL INFO Setting affinity for GPU 3 to f000f000
c197-111:15298:15337 [1] NCCL INFO Setting affinity for GPU 1 to f000f0
c199-012:11141:11179 [0] NCCL INFO Setting affinity for GPU 0 to 0f000f
c196-052:6739:6771 [3] NCCL INFO Setting affinity for GPU 3 to f000f000
c196-062:23950:23985 [3] NCCL INFO Setting affinity for GPU 3 to f000f000
c199-012:11142:11181 [1] NCCL INFO Setting affinity for GPU 1 to f000f0
c197-071:26618:26657 [1] NCCL INFO Setting affinity for GPU 1 to f000f0
c197-101:4601:4633 [2] NCCL INFO Setting affinity for GPU 2 to 0f000f00
c197-071:26619:26652 [2] NCCL INFO Setting affinity for GPU 2 to 0f000f00
c199-012:11143:11177 [2] NCCL INFO Setting affinity for GPU 2 to 0f000f00
c197-061:20776:20816 [0] NCCL INFO Setting affinity for GPU 0 to 0f000f
c196-052:6736:6776 [0] NCCL INFO Setting affinity for GPU 0 to 0f000f
c197-031:17244:17278 [2] NCCL INFO Setting affinity for GPU 2 to 0f000f00
c196-062:23948:23987 [1] NCCL INFO Setting affinity for GPU 1 to f000f0
c197-031:17242:17282 [0] NCCL INFO Setting affinity for GPU 0 to 0f000f
c197-022:15824:15862 [1] NCCL INFO Setting affinity for GPU 1 to f000f0
c196-062:23949:23984 [2] NCCL INFO Setting affinity for GPU 2 to 0f000f00
c197-032:26263:26296 [3] NCCL INFO Setting affinity for GPU 3 to f000f000
c197-031:17243:17280 [1] NCCL INFO Setting affinity for GPU 1 to f000f0
c197-061:20777:20815 [1] NCCL INFO Setting affinity for GPU 1 to f000f0
c197-012:31295:31335 [0] NCCL INFO Setting affinity for GPU 0 to 0f000f
c197-061:20778:20812 [2] NCCL INFO Setting affinity for GPU 2 to 0f000f00
c197-012:31296:31334 [1] NCCL INFO Setting affinity for GPU 1 to f000f0
c197-012:31297:31331 [2] NCCL INFO Setting affinity for GPU 2 to 0f000f00
c196-052:6737:6774 [1] NCCL INFO Setting affinity for GPU 1 to f000f0
c197-032:26260:26298 [0] NCCL INFO Setting affinity for GPU 0 to 0f000f
c196-052:6738:6772 [2] NCCL INFO Setting affinity for GPU 2 to 0f000f00
c197-032:26261:26300 [1] NCCL INFO Setting affinity for GPU 1 to f000f0
c197-032:26262:26295 [2] NCCL INFO Setting affinity for GPU 2 to 0f000f00
c197-021:528:578 [0] NCCL INFO Setting affinity for GPU 0 to 0f000f
c197-021:543:574 [3] NCCL INFO Setting affinity for GPU 3 to f000f000
c197-021:530:576 [2] NCCL INFO Setting affinity for GPU 2 to 0f000f00
c197-021:529:581 [1] NCCL INFO Setting affinity for GPU 1 to f000f0
c197-012:31298:31329 [3] NCCL INFO Trees [0] -1/-1/-1->15->14 [1] -1/-1/-1->15->14
c197-021:528:578 [0] NCCL INFO Trees [0] 17/24/-1->16->33 [1] 17/-1/-1->16->20
c196-052:6738:6772 [2] NCCL INFO Trees [0] 7/-1/-1->6->5 [1] 7/-1/-1->6->5
c197-012:31297:31331 [2] NCCL INFO Trees [0] 15/-1/-1->14->13 [1] 15/-1/-1->14->13
c196-062:23948:23987 [1] NCCL INFO Trees [0] 10/4/-1->9->8 [1] 10/-1/-1->9->8
c196-052:6739:6771 [3] NCCL INFO Trees [0] -1/-1/-1->7->6 [1] -1/-1/-1->7->6
c197-012:31296:31334 [1] NCCL INFO Trees [0] 14/-1/-1->13->12 [1] 14/20/-1->13->12
c196-062:23949:23984 [2] NCCL INFO Trees [0] 11/-1/-1->10->9 [1] 11/-1/-1->10->9
c197-021:529:581 [1] NCCL INFO Trees [0] 18/8/-1->17->16 [1] 18/-1/-1->17->16
c197-031:17245:17276 [3] NCCL INFO Trees [0] -1/-1/-1->27->26 [1] -1/-1/-1->27->26
c197-022:15823:15863 [0] NCCL INFO Trees [0] 21/-1/-1->20->25 [1] 21/16/-1->20->13
c197-032:26260:26298 [0] NCCL INFO Trees [0] 29/-1/-1->28->24 [1] 29/12/-1->28->60
c199-011:3570:3606 [0] NCCL INFO Trees [0] 57/60/-1->56->48 [1] 57/-1/-1->56->53
c197-111:15300:15333 [3] NCCL INFO Trees [0] -1/-1/-1->55->54 [1] -1/-1/-1->55->54
c199-012:11142:11181 [1] NCCL INFO Trees [0] 62/-1/-1->61->60 [1] 62/-1/-1->61->60
c196-042:11256:11293 [2] NCCL INFO Trees [0] 3/-1/-1->2->1 [1] 3/-1/-1->2->1
c196-052:6737:6774 [1] NCCL INFO Trees [0] 6/-1/-1->5->4 [1] 6/8/-1->5->4
c197-012:31295:31335 [0] NCCL INFO Trees [0] 13/-1/-1->12->8 [1] 13/4/-1->12->28
c196-062:23950:23985 [3] NCCL INFO Trees [0] -1/-1/-1->11->10 [1] -1/-1/-1->11->10
c197-021:530:576 [2] NCCL INFO Trees [0] 19/-1/-1->18->17 [1] 19/-1/-1->18->17
c197-031:17243:17280 [1] NCCL INFO Trees [0] 26/20/-1->25->24 [1] 26/-1/-1->25->24
c197-041:20041:20081 [0] NCCL INFO Trees [0] 33/48/-1->32->0 [1] 33/-1/-1->32->36
c197-022:15824:15862 [1] NCCL INFO Trees [0] 22/-1/-1->21->20 [1] 22/24/-1->21->20
c197-032:26262:26295 [2] NCCL INFO Trees [0] 31/-1/-1->30->29 [1] 31/-1/-1->30->29
c197-042:30108:30146 [0] NCCL INFO Trees [0] 37/-1/-1->36->41 [1] 37/32/-1->36->44
c197-061:20778:20812 [2] NCCL INFO Trees [0] 43/-1/-1->42->41 [1] 43/-1/-1->42->41
c199-011:3571:3608 [1] NCCL INFO Trees [0] 58/52/-1->57->56 [1] 58/-1/-1->57->56
c197-071:26619:26652 [2] NCCL INFO Trees [0] 47/-1/-1->46->45 [1] 47/-1/-1->46->45
c197-111:15299:15331 [2] NCCL INFO Trees [0] 55/-1/-1->54->53 [1] 55/-1/-1->54->53
c197-101:4600:4639 [1] NCCL INFO Trees [0] 50/40/-1->49->48 [1] 50/-1/-1->49->48
c199-012:11143:11177 [2] NCCL INFO Trees [0] 63/-1/-1->62->61 [1] 63/-1/-1->62->61
c196-042:11257:11291 [3] NCCL INFO Trees [0] -1/-1/-1->3->2 [1] -1/-1/-1->3->2
c196-052:6736:6776 [0] NCCL INFO Trees [0] 5/-1/-1->4->9 [1] 5/0/-1->4->12
c196-062:23947:23981 [0] NCCL INFO Trees [0] 9/12/-1->8->17 [1] 9/-1/-1->8->5
c197-021:543:574 [3] NCCL INFO Trees [0] -1/-1/-1->19->18 [1] -1/-1/-1->19->18
c197-031:17242:17282 [0] NCCL INFO Trees [0] 25/28/-1->24->16 [1] 25/-1/-1->24->21
c197-041:20042:20079 [1] NCCL INFO Trees [0] 34/16/-1->33->32 [1] 34/-1/-1->33->32
c197-022:15825:15857 [2] NCCL INFO Trees [0] 23/-1/-1->22->21 [1] 23/-1/-1->22->21
c197-032:26261:26300 [1] NCCL INFO Trees [0] 30/-1/-1->29->28 [1] 30/44/-1->29->28
c197-042:30109:30148 [1] NCCL INFO Trees [0] 38/-1/-1->37->36 [1] 38/40/-1->37->36
c197-061:20779:20811 [3] NCCL INFO Trees [0] -1/-1/-1->43->42 [1] -1/-1/-1->43->42
c199-011:3572:3604 [2] NCCL INFO Trees [0] 59/-1/-1->58->57 [1] 59/-1/-1->58->57
c197-071:26617:26655 [0] NCCL INFO Trees [0] 45/-1/-1->44->40 [1] 45/36/-1->44->29
c197-111:15298:15337 [1] NCCL INFO Trees [0] 54/-1/-1->53->52 [1] 54/56/-1->53->52
c197-101:4602:4635 [3] NCCL INFO Trees [0] -1/-1/-1->51->50 [1] -1/-1/-1->51->50
c199-012:11144:11175 [3] NCCL INFO Trees [0] -1/-1/-1->63->62 [1] -1/-1/-1->63->62
c196-042:11254:11286 [0] NCCL INFO Channel 00/02 :    0   1   2   3   4   5   6   7   8   9  10  11  12  13  14  15  16  17  18  19
c196-042:11254:11286 [0] NCCL INFO Channel 01/02 :    0   1   2   3   4   5   6   7   8   9  10  11  12  13  14  15  16  17  18  19
c196-042:11254:11286 [0] NCCL INFO Trees [0] 1/32/-1->0->-1 [1] 1/-1/-1->0->4
c197-031:17244:17278 [2] NCCL INFO Trees [0] 27/-1/-1->26->25 [1] 27/-1/-1->26->25
c197-041:20044:20075 [3] NCCL INFO Trees [0] -1/-1/-1->35->34 [1] -1/-1/-1->35->34
c197-022:15826:15859 [3] NCCL INFO Trees [0] -1/-1/-1->23->22 [1] -1/-1/-1->23->22
c197-032:26263:26296 [3] NCCL INFO Trees [0] -1/-1/-1->31->30 [1] -1/-1/-1->31->30
c197-042:30110:30143 [2] NCCL INFO Trees [0] 39/-1/-1->38->37 [1] 39/-1/-1->38->37
c197-061:20776:20816 [0] NCCL INFO Trees [0] 41/44/-1->40->49 [1] 41/-1/-1->40->37
c199-011:3573:3610 [3] NCCL INFO Trees [0] -1/-1/-1->59->58 [1] -1/-1/-1->59->58
c197-071:26618:26657 [1] NCCL INFO Trees [0] 46/-1/-1->45->44 [1] 46/52/-1->45->44
c197-111:15297:15335 [0] NCCL INFO Trees [0] 53/-1/-1->52->57 [1] 53/48/-1->52->45
c197-101:4599:4638 [0] NCCL INFO Trees [0] 49/56/-1->48->32 [1] 49/-1/-1->48->52
c199-012:11141:11179 [0] NCCL INFO Trees [0] 61/-1/-1->60->56 [1] 61/28/-1->60->-1
c196-042:11255:11295 [1] NCCL INFO Trees [0] 2/-1/-1->1->0 [1] 2/-1/-1->1->0
c197-041:20043:20077 [2] NCCL INFO Trees [0] 35/-1/-1->34->33 [1] 35/-1/-1->34->33
c197-042:30111:30144 [3] NCCL INFO Trees [0] -1/-1/-1->39->38 [1] -1/-1/-1->39->38
c197-061:20777:20815 [1] NCCL INFO Trees [0] 42/36/-1->41->40 [1] 42/-1/-1->41->40
c197-071:26620:26653 [3] NCCL INFO Trees [0] -1/-1/-1->47->46 [1] -1/-1/-1->47->46
c197-101:4601:4633 [2] NCCL INFO Trees [0] 51/-1/-1->50->49 [1] 51/-1/-1->50->49
c197-012:31295:31335 [0] NCCL INFO Channel 00/0 : 11[83000] -> 12[2000] [receive] via NET/IB/0
c197-022:15823:15863 [0] NCCL INFO Channel 00/0 : 19[83000] -> 20[2000] [receive] via NET/IB/0
c196-052:6736:6776 [0] NCCL INFO Channel 00/0 : 3[83000] -> 4[2000] [receive] via NET/IB/0
c196-062:23947:23981 [0] NCCL INFO Channel 00/0 : 7[83000] -> 8[2000] [receive] via NET/IB/0
c197-021:528:578 [0] NCCL INFO Channel 00/0 : 15[83000] -> 16[2000] [receive] via NET/IB/0
c197-031:17242:17282 [0] NCCL INFO Channel 00/0 : 23[83000] -> 24[2000] [receive] via NET/IB/0
c199-011:3570:3606 [0] NCCL INFO Channel 00/0 : 55[83000] -> 56[2000] [receive] via NET/IB/0
c197-101:4599:4638 [0] NCCL INFO Channel 00/0 : 47[83000] -> 48[2000] [receive] via NET/IB/0
c199-012:11141:11179 [0] NCCL INFO Channel 00/0 : 59[83000] -> 60[2000] [receive] via NET/IB/0
c197-032:26260:26298 [0] NCCL INFO Channel 00/0 : 27[83000] -> 28[2000] [receive] via NET/IB/0
c197-111:15297:15335 [0] NCCL INFO Channel 00/0 : 51[83000] -> 52[2000] [receive] via NET/IB/0
c197-041:20041:20081 [0] NCCL INFO Channel 00/0 : 31[83000] -> 32[2000] [receive] via NET/IB/0
c197-061:20776:20816 [0] NCCL INFO Channel 00/0 : 39[83000] -> 40[2000] [receive] via NET/IB/0
c197-042:30108:30146 [0] NCCL INFO Channel 00/0 : 35[83000] -> 36[2000] [receive] via NET/IB/0
c196-042:11254:11286 [0] NCCL INFO Channel 00/0 : 63[83000] -> 0[2000] [receive] via NET/IB/0
c197-071:26617:26655 [0] NCCL INFO Channel 00/0 : 43[83000] -> 44[2000] [receive] via NET/IB/0
c197-012:31297:31331 [2] NCCL INFO Channel 00 : 14[82000] -> 15[83000] via direct shared memory
c197-012:31297:31331 [2] NCCL INFO Channel 01 : 14[82000] -> 15[83000] via direct shared memory
c197-012:31296:31334 [1] NCCL INFO Channel 00 : 13[3000] -> 14[82000] via direct shared memory
c197-031:17244:17278 [2] NCCL INFO Channel 00 : 26[82000] -> 27[83000] via direct shared memory
c197-012:31296:31334 [1] NCCL INFO Channel 01 : 13[3000] -> 14[82000] via direct shared memory
c197-031:17244:17278 [2] NCCL INFO Channel 01 : 26[82000] -> 27[83000] via direct shared memory
c197-111:15299:15331 [2] NCCL INFO Channel 00 : 54[82000] -> 55[83000] via direct shared memory
c197-111:15299:15331 [2] NCCL INFO Channel 01 : 54[82000] -> 55[83000] via direct shared memory
c199-011:3572:3604 [2] NCCL INFO Channel 00 : 58[82000] -> 59[83000] via direct shared memory
c197-022:15825:15857 [2] NCCL INFO Channel 00 : 22[82000] -> 23[83000] via direct shared memory
c199-011:3572:3604 [2] NCCL INFO Channel 01 : 58[82000] -> 59[83000] via direct shared memory
c197-022:15824:15862 [1] NCCL INFO Channel 00 : 21[3000] -> 22[82000] via direct shared memory
c197-042:30110:30143 [2] NCCL INFO Channel 00 : 38[82000] -> 39[83000] via direct shared memory
c197-022:15825:15857 [2] NCCL INFO Channel 01 : 22[82000] -> 23[83000] via direct shared memory
c197-101:4600:4639 [1] NCCL INFO Channel 00 : 49[3000] -> 50[82000] via direct shared memory
c199-012:11143:11177 [2] NCCL INFO Channel 00 : 62[82000] -> 63[83000] via direct shared memory
c196-052:6738:6772 [2] NCCL INFO Channel 00 : 6[82000] -> 7[83000] via direct shared memory
c197-022:15824:15862 [1] NCCL INFO Channel 01 : 21[3000] -> 22[82000] via direct shared memory
c199-012:11142:11181 [1] NCCL INFO Channel 00 : 61[3000] -> 62[82000] via direct shared memory
c199-012:11143:11177 [2] NCCL INFO Channel 01 : 62[82000] -> 63[83000] via direct shared memory
c196-052:6737:6774 [1] NCCL INFO Channel 00 : 5[3000] -> 6[82000] via direct shared memory
c199-011:3571:3608 [1] NCCL INFO Channel 00 : 57[3000] -> 58[82000] via direct shared memory
c196-052:6738:6772 [2] NCCL INFO Channel 01 : 6[82000] -> 7[83000] via direct shared memory
c197-042:30110:30143 [2] NCCL INFO Channel 01 : 38[82000] -> 39[83000] via direct shared memory
c197-061:20778:20812 [2] NCCL INFO Channel 00 : 42[82000] -> 43[83000] via direct shared memory
c197-111:15298:15337 [1] NCCL INFO Channel 00 : 53[3000] -> 54[82000] via direct shared memory
c197-101:4600:4639 [1] NCCL INFO Channel 01 : 49[3000] -> 50[82000] via direct shared memory
c199-012:11142:11181 [1] NCCL INFO Channel 01 : 61[3000] -> 62[82000] via direct shared memory
c196-052:6737:6774 [1] NCCL INFO Channel 01 : 5[3000] -> 6[82000] via direct shared memory
c196-062:23949:23984 [2] NCCL INFO Channel 00 : 10[82000] -> 11[83000] via direct shared memory
c197-031:17243:17280 [1] NCCL INFO Channel 00 : 25[3000] -> 26[82000] via direct shared memory
c197-032:26262:26295 [2] NCCL INFO Channel 00 : 30[82000] -> 31[83000] via direct shared memory
c197-061:20778:20812 [2] NCCL INFO Channel 01 : 42[82000] -> 43[83000] via direct shared memory
c199-011:3571:3608 [1] NCCL INFO Channel 01 : 57[3000] -> 58[82000] via direct shared memory
c197-071:26619:26652 [2] NCCL INFO Channel 00 : 46[82000] -> 47[83000] via direct shared memory
c197-111:15298:15337 [1] NCCL INFO Channel 01 : 53[3000] -> 54[82000] via direct shared memory
c196-062:23948:23987 [1] NCCL INFO Channel 00 : 9[3000] -> 10[82000] via direct shared memory
c197-031:17243:17280 [1] NCCL INFO Channel 01 : 25[3000] -> 26[82000] via direct shared memory
c197-032:26262:26295 [2] NCCL INFO Channel 01 : 30[82000] -> 31[83000] via direct shared memory
c197-042:30109:30148 [1] NCCL INFO Channel 00 : 37[3000] -> 38[82000] via direct shared memory
c197-061:20777:20815 [1] NCCL INFO Channel 00 : 41[3000] -> 42[82000] via direct shared memory
c197-071:26619:26652 [2] NCCL INFO Channel 01 : 46[82000] -> 47[83000] via direct shared memory
c196-062:23949:23984 [2] NCCL INFO Channel 01 : 10[82000] -> 11[83000] via direct shared memory
c197-032:26261:26300 [1] NCCL INFO Channel 00 : 29[3000] -> 30[82000] via direct shared memory
c197-042:30109:30148 [1] NCCL INFO Channel 01 : 37[3000] -> 38[82000] via direct shared memory
c197-061:20777:20815 [1] NCCL INFO Channel 01 : 41[3000] -> 42[82000] via direct shared memory
c197-071:26618:26657 [1] NCCL INFO Channel 00 : 45[3000] -> 46[82000] via direct shared memory
c196-062:23948:23987 [1] NCCL INFO Channel 01 : 9[3000] -> 10[82000] via direct shared memory
c197-032:26261:26300 [1] NCCL INFO Channel 01 : 29[3000] -> 30[82000] via direct shared memory
c197-071:26618:26657 [1] NCCL INFO Channel 01 : 45[3000] -> 46[82000] via direct shared memory
c197-012:31298:31329 [3] NCCL INFO Channel 00/0 : 15[83000] -> 16[2000] [send] via NET/IB/0
c197-101:4601:4633 [2] NCCL INFO Channel 00 : 50[82000] -> 51[83000] via direct shared memory
c197-021:530:576 [2] NCCL INFO Channel 00 : 18[82000] -> 19[83000] via direct shared memory
c197-101:4601:4633 [2] NCCL INFO Channel 01 : 50[82000] -> 51[83000] via direct shared memory
c197-021:529:581 [1] NCCL INFO Channel 00 : 17[3000] -> 18[82000] via direct shared memory
c197-021:530:576 [2] NCCL INFO Channel 01 : 18[82000] -> 19[83000] via direct shared memory
c196-042:11256:11293 [2] NCCL INFO Channel 00 : 2[82000] -> 3[83000] via direct shared memory
c197-021:529:581 [1] NCCL INFO Channel 01 : 17[3000] -> 18[82000] via direct shared memory
c196-042:11255:11295 [1] NCCL INFO Channel 00 : 1[3000] -> 2[82000] via direct shared memory
c197-041:20043:20077 [2] NCCL INFO Channel 00 : 34[82000] -> 35[83000] via direct shared memory
c196-042:11256:11293 [2] NCCL INFO Channel 01 : 2[82000] -> 3[83000] via direct shared memory
c197-041:20042:20079 [1] NCCL INFO Channel 00 : 33[3000] -> 34[82000] via direct shared memory
c196-042:11255:11295 [1] NCCL INFO Channel 01 : 1[3000] -> 2[82000] via direct shared memory
c197-041:20043:20077 [2] NCCL INFO Channel 01 : 34[82000] -> 35[83000] via direct shared memory
c197-041:20042:20079 [1] NCCL INFO Channel 01 : 33[3000] -> 34[82000] via direct shared memory
c197-031:17245:17276 [3] NCCL INFO Channel 00/0 : 27[83000] -> 28[2000] [send] via NET/IB/0
c197-022:15826:15859 [3] NCCL INFO Channel 00/0 : 23[83000] -> 24[2000] [send] via NET/IB/0
c199-011:3573:3610 [3] NCCL INFO Channel 00/0 : 59[83000] -> 60[2000] [send] via NET/IB/0
c197-111:15300:15333 [3] NCCL INFO Channel 00/0 : 55[83000] -> 56[2000] [send] via NET/IB/0
c196-052:6739:6771 [3] NCCL INFO Channel 00/0 : 7[83000] -> 8[2000] [send] via NET/IB/0
c197-042:30111:30144 [3] NCCL INFO Channel 00/0 : 39[83000] -> 40[2000] [send] via NET/IB/0
c199-012:11144:11175 [3] NCCL INFO Channel 00/0 : 63[83000] -> 0[2000] [send] via NET/IB/0
c197-061:20779:20811 [3] NCCL INFO Channel 00/0 : 43[83000] -> 44[2000] [send] via NET/IB/0
c197-032:26263:26296 [3] NCCL INFO Channel 00/0 : 31[83000] -> 32[2000] [send] via NET/IB/0
c196-062:23950:23985 [3] NCCL INFO Channel 00/0 : 11[83000] -> 12[2000] [send] via NET/IB/0
