c196-062:9645:9682 [3] NCCL INFO MSCCL_XML_FILES set by environment to /home1/09168/ldai1/ccl-build/msccl_tools_lyd/examples/xml/xml_lyd/binomial_tree/allreduce_binomial_tree_2ch_32chunk.xml
c196-052:31638:31668 [3] NCCL INFO MSCCL: Parsing algorithm /home1/09168/ldai1/ccl-build/msccl_tools_lyd/examples/xml/xml_lyd/binomial_tree/allreduce_binomial_tree_2ch_32chunk.xml
c196-062:9645:9682 [3] NCCL INFO MSCCL: Parsing algorithm /home1/09168/ldai1/ccl-build/msccl_tools_lyd/examples/xml/xml_lyd/binomial_tree/allreduce_binomial_tree_2ch_32chunk.xml
c196-042:14406:14439 [3] NCCL INFO Connected all trees
c196-042:14406:14439 [3] NCCL INFO MSCCL_XML_FILES set by environment to /home1/09168/ldai1/ccl-build/msccl_tools_lyd/examples/xml/xml_lyd/binomial_tree/allreduce_binomial_tree_2ch_32chunk.xml
c196-042:14406:14439 [3] NCCL INFO MSCCL: Parsing algorithm /home1/09168/ldai1/ccl-build/msccl_tools_lyd/examples/xml/xml_lyd/binomial_tree/allreduce_binomial_tree_2ch_32chunk.xml
c196-042:14405:14441 [2] NCCL INFO Connected all trees
c196-042:14405:14441 [2] NCCL INFO MSCCL_XML_FILES set by environment to /home1/09168/ldai1/ccl-build/msccl_tools_lyd/examples/xml/xml_lyd/binomial_tree/allreduce_binomial_tree_2ch_32chunk.xml
c196-042:14405:14441 [2] NCCL INFO MSCCL: Parsing algorithm /home1/09168/ldai1/ccl-build/msccl_tools_lyd/examples/xml/xml_lyd/binomial_tree/allreduce_binomial_tree_2ch_32chunk.xml
c196-072:27676:27715 [0] NCCL INFO Channel 01/0 : 21[3000] -> 24[2000] [receive] via NET/IB/0
c196-042:14403:14434 [0] NCCL INFO Channel 01/0 : 0[2000] -> 4[2000] [send] via NET/IB/0
c196-052:31635:31673 [0] NCCL INFO Channel 01/0 : 5[3000] -> 8[2000] [receive] via NET/IB/0
c196-062:9642:9678 [0] NCCL INFO Channel 01/0 : 16[2000] -> 20[2000] [send] via NET/IB/0
c196-061:5172:5210 [0] NCCL INFO Channel 00/0 : 8[2000] -> 12[2000] [receive] via NET/IB/0
c196-051:9303:9337 [0] NCCL INFO Channel 01/0 : 0[2000] -> 4[2000] [receive] via NET/IB/0
c196-081:18765:18798 [0] NCCL INFO Channel 00/0 : 24[2000] -> 28[2000] [receive] via NET/IB/0
c196-071:17491:17529 [0] NCCL INFO Channel 01/0 : 16[2000] -> 20[2000] [receive] via NET/IB/0
c196-071:17492:17530 [1] NCCL INFO Channel 01/0 : 24[2000] -> 21[3000] [receive] via NET/IB/0
c196-072:27676:27715 [0] NCCL INFO Channel 00/0 : 24[2000] -> 28[2000] [send] via NET/IB/0
c196-042:14403:14434 [0] NCCL INFO Channel 00/0 : 16[2000] -> 0[2000] [receive] via NET/IB/0
c196-052:31635:31673 [0] NCCL INFO Channel 00/0 : 8[2000] -> 12[2000] [send] via NET/IB/0
c196-062:9642:9678 [0] NCCL INFO Channel 00/0 : 16[2000] -> 24[2000] [send] via NET/IB/0
c196-051:9303:9337 [0] NCCL INFO Channel 00/0 : 4[2000] -> 9[3000] [send] via NET/IB/0
c196-071:17491:17529 [0] NCCL INFO Channel 00/0 : 20[2000] -> 25[3000] [send] via NET/IB/0
c196-081:18767:18800 [2] NCCL INFO Parsed MSCCL Algorithm /home1/09168/ldai1/ccl-build/msccl_tools_lyd/examples/xml/xml_lyd/binomial_tree/allreduce_binomial_tree_2ch_32chunk.xml successfully.
c196-071:17494:17524 [3] NCCL INFO Parsed MSCCL Algorithm /home1/09168/ldai1/ccl-build/msccl_tools_lyd/examples/xml/xml_lyd/binomial_tree/allreduce_binomial_tree_2ch_32chunk.xml successfully.
c196-052:31638:31668 [3] NCCL INFO Parsed MSCCL Algorithm /home1/09168/ldai1/ccl-build/msccl_tools_lyd/examples/xml/xml_lyd/binomial_tree/allreduce_binomial_tree_2ch_32chunk.xml successfully.
c196-072:27679:27711 [3] NCCL INFO Parsed MSCCL Algorithm /home1/09168/ldai1/ccl-build/msccl_tools_lyd/examples/xml/xml_lyd/binomial_tree/allreduce_binomial_tree_2ch_32chunk.xml successfully.
c196-042:14405:14441 [2] NCCL INFO Parsed MSCCL Algorithm /home1/09168/ldai1/ccl-build/msccl_tools_lyd/examples/xml/xml_lyd/binomial_tree/allreduce_binomial_tree_2ch_32chunk.xml successfully.
c196-051:9306:9341 [3] NCCL INFO Parsed MSCCL Algorithm /home1/09168/ldai1/ccl-build/msccl_tools_lyd/examples/xml/xml_lyd/binomial_tree/allreduce_binomial_tree_2ch_32chunk.xml successfully.
c196-081:18768:18804 [3] NCCL INFO Parsed MSCCL Algorithm /home1/09168/ldai1/ccl-build/msccl_tools_lyd/examples/xml/xml_lyd/binomial_tree/allreduce_binomial_tree_2ch_32chunk.xml successfully.
c196-042:14406:14439 [3] NCCL INFO Parsed MSCCL Algorithm /home1/09168/ldai1/ccl-build/msccl_tools_lyd/examples/xml/xml_lyd/binomial_tree/allreduce_binomial_tree_2ch_32chunk.xml successfully.
c196-051:9304:9344 [1] NCCL INFO Channel 01/0 : 8[2000] -> 5[3000] [receive] via NET/IB/0
c196-062:9645:9682 [3] NCCL INFO Parsed MSCCL Algorithm /home1/09168/ldai1/ccl-build/msccl_tools_lyd/examples/xml/xml_lyd/binomial_tree/allreduce_binomial_tree_2ch_32chunk.xml successfully.
c196-061:5175:5207 [3] NCCL INFO Parsed MSCCL Algorithm /home1/09168/ldai1/ccl-build/msccl_tools_lyd/examples/xml/xml_lyd/binomial_tree/allreduce_binomial_tree_2ch_32chunk.xml successfully.
c196-081:18767:18800 [2] NCCL INFO Channel 02 : 30[82000] -> 31[83000] via direct shared memory
c196-081:18767:18800 [2] NCCL INFO Channel 03 : 30[82000] -> 31[83000] via direct shared memory
c196-081:18768:18804 [3] NCCL INFO Channel 00/0 : 27[83000] -> 31[83000] [receive] via NET/IB/0
c196-042:14405:14441 [2] NCCL INFO Channel 02 : 2[82000] -> 3[83000] via direct shared memory
c196-042:14405:14441 [2] NCCL INFO Channel 03 : 2[82000] -> 3[83000] via direct shared memory
c196-042:14406:14439 [3] NCCL INFO Channel 00/0 : 3[83000] -> 7[83000] [send] via NET/IB/0
c196-042:14403:14434 [0] NCCL INFO Channel 00/0 : 0[2000] -> 16[2000] [send] via NET/IB/0
c196-072:27676:27715 [0] NCCL INFO Channel 00/0 : 16[2000] -> 24[2000] [receive] via NET/IB/0
c196-052:31635:31673 [0] NCCL INFO Channel 00/0 : 8[2000] -> 17[3000] [send] via NET/IB/0
c196-081:18765:18798 [0] NCCL INFO Channel 01/0 : 12[2000] -> 28[2000] [receive] via NET/IB/0
c196-051:9303:9337 [0] NCCL INFO Channel 01/0 : 4[2000] -> 12[2000] [send] via NET/IB/0
c196-061:5172:5210 [0] NCCL INFO Channel 01/0 : 4[2000] -> 12[2000] [receive] via NET/IB/0
c196-071:17491:17529 [0] NCCL INFO Channel 01/0 : 13[3000] -> 20[2000] [receive] via NET/IB/0
c196-052:31636:31674 [1] NCCL INFO Channel 00/0 : 9[3000] -> 4[2000] [send] via NET/IB/0
c196-072:27677:27714 [1] NCCL INFO Channel 00/0 : 25[3000] -> 20[2000] [send] via NET/IB/0
c196-081:18768:18804 [3] NCCL INFO Channel 02/0 : 27[83000] -> 31[83000] [receive] via NET/IB/0
c196-042:14406:14439 [3] NCCL INFO Channel 02/0 : 3[83000] -> 7[83000] [send] via NET/IB/0
c196-081:18765:18798 [0] NCCL INFO Channel 01/0 : 28[2000] -> 12[2000] [send] via NET/IB/0
c196-062:9642:9678 [0] NCCL INFO Channel 00/0 : 0[2000] -> 16[2000] [receive] via NET/IB/0
c196-052:31635:31673 [0] NCCL INFO Channel 00/0 : 17[3000] -> 8[2000] [receive] via NET/IB/0
c196-072:27676:27715 [0] NCCL INFO Channel 00/0 : 24[2000] -> 16[2000] [send] via NET/IB/0
c196-051:9303:9337 [0] NCCL INFO Channel 01/0 : 12[2000] -> 4[2000] [receive] via NET/IB/0
c196-071:17491:17529 [0] NCCL INFO Channel 01/0 : 20[2000] -> 13[3000] [send] via NET/IB/0
c196-061:5172:5210 [0] NCCL INFO Channel 01/0 : 28[2000] -> 12[2000] [receive] via NET/IB/0
c196-061:5173:5211 [1] NCCL INFO Channel 01/0 : 20[2000] -> 13[3000] [receive] via NET/IB/0
c196-062:9643:9677 [1] NCCL INFO Channel 00/0 : 17[3000] -> 8[2000] [send] via NET/IB/0
c196-061:5173:5211 [1] NCCL INFO Channel 00 : 13[3000] -> 12[2000] via direct shared memory
c196-061:5173:5211 [1] NCCL INFO Channel 01 : 13[3000] -> 12[2000] via direct shared memory
c196-062:9643:9677 [1] NCCL INFO Channel 00 : 17[3000] -> 16[2000] via direct shared memory
c196-062:9643:9677 [1] NCCL INFO Channel 01 : 17[3000] -> 16[2000] via direct shared memory
c196-061:5174:5206 [2] NCCL INFO Connected all trees
c196-061:5174:5206 [2] NCCL INFO MSCCL_XML_FILES set by environment to /home1/09168/ldai1/ccl-build/msccl_tools_lyd/examples/xml/xml_lyd/binomial_tree/allreduce_binomial_tree_2ch_32chunk.xml
c196-061:5174:5206 [2] NCCL INFO MSCCL: Parsing algorithm /home1/09168/ldai1/ccl-build/msccl_tools_lyd/examples/xml/xml_lyd/binomial_tree/allreduce_binomial_tree_2ch_32chunk.xml
c196-062:9644:9681 [2] NCCL INFO Connected all trees
c196-062:9644:9681 [2] NCCL INFO MSCCL_XML_FILES set by environment to /home1/09168/ldai1/ccl-build/msccl_tools_lyd/examples/xml/xml_lyd/binomial_tree/allreduce_binomial_tree_2ch_32chunk.xml
c196-062:9644:9681 [2] NCCL INFO MSCCL: Parsing algorithm /home1/09168/ldai1/ccl-build/msccl_tools_lyd/examples/xml/xml_lyd/binomial_tree/allreduce_binomial_tree_2ch_32chunk.xml
c196-062:9642:9678 [0] NCCL INFO Channel 00/0 : 16[2000] -> 0[2000] [send] via NET/IB/0
c196-061:5172:5210 [0] NCCL INFO Channel 01/0 : 12[2000] -> 28[2000] [send] via NET/IB/0
c196-071:17491:17529 [0] NCCL INFO Channel 00/0 : 25[3000] -> 20[2000] [receive] via NET/IB/0
c196-052:31635:31673 [0] NCCL INFO Channel 00/0 : 12[2000] -> 8[2000] [receive] via NET/IB/0
c196-061:5174:5206 [2] NCCL INFO Parsed MSCCL Algorithm /home1/09168/ldai1/ccl-build/msccl_tools_lyd/examples/xml/xml_lyd/binomial_tree/allreduce_binomial_tree_2ch_32chunk.xml successfully.
c196-072:27677:27714 [1] NCCL INFO Channel 00 : 25[3000] -> 24[2000] via direct shared memory
c196-072:27677:27714 [1] NCCL INFO Channel 01 : 25[3000] -> 24[2000] via direct shared memory
c196-062:9644:9681 [2] NCCL INFO Parsed MSCCL Algorithm /home1/09168/ldai1/ccl-build/msccl_tools_lyd/examples/xml/xml_lyd/binomial_tree/allreduce_binomial_tree_2ch_32chunk.xml successfully.
c196-072:27678:27709 [2] NCCL INFO Connected all trees
c196-072:27678:27709 [2] NCCL INFO MSCCL_XML_FILES set by environment to /home1/09168/ldai1/ccl-build/msccl_tools_lyd/examples/xml/xml_lyd/binomial_tree/allreduce_binomial_tree_2ch_32chunk.xml
c196-072:27678:27709 [2] NCCL INFO MSCCL: Parsing algorithm /home1/09168/ldai1/ccl-build/msccl_tools_lyd/examples/xml/xml_lyd/binomial_tree/allreduce_binomial_tree_2ch_32chunk.xml
c196-061:5174:5206 [2] NCCL INFO Channel 02 : 14[82000] -> 15[83000] via direct shared memory
c196-061:5174:5206 [2] NCCL INFO Channel 03 : 14[82000] -> 15[83000] via direct shared memory
c196-061:5175:5207 [3] NCCL INFO Channel 00/0 : 11[83000] -> 15[83000] [receive] via NET/IB/0
c196-062:9644:9681 [2] NCCL INFO Channel 02 : 18[82000] -> 19[83000] via direct shared memory
c196-062:9644:9681 [2] NCCL INFO Channel 03 : 18[82000] -> 19[83000] via direct shared memory
c196-062:9642:9678 [0] NCCL INFO Channel 00/0 : 24[2000] -> 16[2000] [receive] via NET/IB/0
c196-062:9645:9682 [3] NCCL INFO Channel 00/0 : 19[83000] -> 23[83000] [send] via NET/IB/0
c196-042:14403:14434 [0] NCCL INFO Channel 01/0 : 4[2000] -> 0[2000] [receive] via NET/IB/0
c196-081:18765:18798 [0] NCCL INFO Channel 00/0 : 28[2000] -> 24[2000] [send] via NET/IB/0
c196-061:5172:5210 [0] NCCL INFO Channel 01/0 : 12[2000] -> 4[2000] [send] via NET/IB/0
c196-071:17491:17529 [0] NCCL INFO Channel 01/0 : 20[2000] -> 16[2000] [send] via NET/IB/0
c196-072:27678:27709 [2] NCCL INFO Parsed MSCCL Algorithm /home1/09168/ldai1/ccl-build/msccl_tools_lyd/examples/xml/xml_lyd/binomial_tree/allreduce_binomial_tree_2ch_32chunk.xml successfully.
c196-061:5175:5207 [3] NCCL INFO Channel 02/0 : 11[83000] -> 15[83000] [receive] via NET/IB/0
c196-062:9645:9682 [3] NCCL INFO Channel 02/0 : 19[83000] -> 23[83000] [send] via NET/IB/0
c196-072:27676:27715 [0] NCCL INFO Channel 00/0 : 28[2000] -> 24[2000] [receive] via NET/IB/0
c196-062:9642:9678 [0] NCCL INFO Channel 01/0 : 20[2000] -> 16[2000] [receive] via NET/IB/0
c196-072:27678:27709 [2] NCCL INFO Channel 02 : 26[82000] -> 27[83000] via direct shared memory
c196-072:27678:27709 [2] NCCL INFO Channel 03 : 26[82000] -> 27[83000] via direct shared memory
c196-072:27679:27711 [3] NCCL INFO Channel 00/0 : 27[83000] -> 31[83000] [send] via NET/IB/0
c196-061:5172:5210 [0] NCCL INFO Channel 00/0 : 12[2000] -> 8[2000] [send] via NET/IB/0
c196-051:9303:9337 [0] NCCL INFO Channel 00/0 : 9[3000] -> 4[2000] [receive] via NET/IB/0
c196-081:18765:18798 [0] NCCL INFO Connected all trees
c196-081:18765:18798 [0] NCCL INFO MSCCL_XML_FILES set by environment to /home1/09168/ldai1/ccl-build/msccl_tools_lyd/examples/xml/xml_lyd/binomial_tree/allreduce_binomial_tree_2ch_32chunk.xml
c196-081:18765:18798 [0] NCCL INFO MSCCL: Parsing algorithm /home1/09168/ldai1/ccl-build/msccl_tools_lyd/examples/xml/xml_lyd/binomial_tree/allreduce_binomial_tree_2ch_32chunk.xml
c196-062:9642:9678 [0] NCCL INFO Connected all trees
c196-062:9642:9678 [0] NCCL INFO MSCCL_XML_FILES set by environment to /home1/09168/ldai1/ccl-build/msccl_tools_lyd/examples/xml/xml_lyd/binomial_tree/allreduce_binomial_tree_2ch_32chunk.xml
c196-062:9642:9678 [0] NCCL INFO MSCCL: Parsing algorithm /home1/09168/ldai1/ccl-build/msccl_tools_lyd/examples/xml/xml_lyd/binomial_tree/allreduce_binomial_tree_2ch_32chunk.xml
c196-061:5172:5210 [0] NCCL INFO Connected all trees
c196-061:5172:5210 [0] NCCL INFO MSCCL_XML_FILES set by environment to /home1/09168/ldai1/ccl-build/msccl_tools_lyd/examples/xml/xml_lyd/binomial_tree/allreduce_binomial_tree_2ch_32chunk.xml
c196-061:5172:5210 [0] NCCL INFO MSCCL: Parsing algorithm /home1/09168/ldai1/ccl-build/msccl_tools_lyd/examples/xml/xml_lyd/binomial_tree/allreduce_binomial_tree_2ch_32chunk.xml
c196-062:9643:9677 [1] NCCL INFO Connected all trees
c196-062:9643:9677 [1] NCCL INFO MSCCL_XML_FILES set by environment to /home1/09168/ldai1/ccl-build/msccl_tools_lyd/examples/xml/xml_lyd/binomial_tree/allreduce_binomial_tree_2ch_32chunk.xml
c196-062:9643:9677 [1] NCCL INFO MSCCL: Parsing algorithm /home1/09168/ldai1/ccl-build/msccl_tools_lyd/examples/xml/xml_lyd/binomial_tree/allreduce_binomial_tree_2ch_32chunk.xml
c196-081:18766:18802 [1] NCCL INFO Connected all trees
c196-081:18766:18802 [1] NCCL INFO MSCCL_XML_FILES set by environment to /home1/09168/ldai1/ccl-build/msccl_tools_lyd/examples/xml/xml_lyd/binomial_tree/allreduce_binomial_tree_2ch_32chunk.xml
c196-081:18766:18802 [1] NCCL INFO MSCCL: Parsing algorithm /home1/09168/ldai1/ccl-build/msccl_tools_lyd/examples/xml/xml_lyd/binomial_tree/allreduce_binomial_tree_2ch_32chunk.xml
c196-061:5173:5211 [1] NCCL INFO Connected all trees
c196-061:5173:5211 [1] NCCL INFO MSCCL_XML_FILES set by environment to /home1/09168/ldai1/ccl-build/msccl_tools_lyd/examples/xml/xml_lyd/binomial_tree/allreduce_binomial_tree_2ch_32chunk.xml
c196-061:5173:5211 [1] NCCL INFO MSCCL: Parsing algorithm /home1/09168/ldai1/ccl-build/msccl_tools_lyd/examples/xml/xml_lyd/binomial_tree/allreduce_binomial_tree_2ch_32chunk.xml
c196-052:31636:31674 [1] NCCL INFO Channel 00 : 9[3000] -> 8[2000] via direct shared memory
c196-052:31636:31674 [1] NCCL INFO Channel 01 : 9[3000] -> 8[2000] via direct shared memory
c196-052:31637:31670 [2] NCCL INFO Connected all trees
c196-052:31637:31670 [2] NCCL INFO MSCCL_XML_FILES set by environment to /home1/09168/ldai1/ccl-build/msccl_tools_lyd/examples/xml/xml_lyd/binomial_tree/allreduce_binomial_tree_2ch_32chunk.xml
c196-052:31637:31670 [2] NCCL INFO MSCCL: Parsing algorithm /home1/09168/ldai1/ccl-build/msccl_tools_lyd/examples/xml/xml_lyd/binomial_tree/allreduce_binomial_tree_2ch_32chunk.xml
c196-072:27679:27711 [3] NCCL INFO Channel 02/0 : 27[83000] -> 31[83000] [send] via NET/IB/0
c196-072:27676:27715 [0] NCCL INFO Channel 01/0 : 24[2000] -> 21[3000] [send] via NET/IB/0
c196-051:9303:9337 [0] NCCL INFO Channel 01/0 : 4[2000] -> 0[2000] [send] via NET/IB/0
c196-052:31635:31673 [0] NCCL INFO Channel 01/0 : 8[2000] -> 5[3000] [send] via NET/IB/0
c196-081:18765:18798 [0] NCCL INFO Parsed MSCCL Algorithm /home1/09168/ldai1/ccl-build/msccl_tools_lyd/examples/xml/xml_lyd/binomial_tree/allreduce_binomial_tree_2ch_32chunk.xml successfully.
c196-072:27676:27715 [0] NCCL INFO Connected all trees
c196-072:27676:27715 [0] NCCL INFO MSCCL_XML_FILES set by environment to /home1/09168/ldai1/ccl-build/msccl_tools_lyd/examples/xml/xml_lyd/binomial_tree/allreduce_binomial_tree_2ch_32chunk.xml
c196-072:27676:27715 [0] NCCL INFO MSCCL: Parsing algorithm /home1/09168/ldai1/ccl-build/msccl_tools_lyd/examples/xml/xml_lyd/binomial_tree/allreduce_binomial_tree_2ch_32chunk.xml
c196-081:18765:18798 [0] NCCL INFO Channel 02 : 28[2000] -> 29[3000] via direct shared memory
c196-081:18765:18798 [0] NCCL INFO Channel 03 : 28[2000] -> 29[3000] via direct shared memory
c196-062:9642:9678 [0] NCCL INFO Parsed MSCCL Algorithm /home1/09168/ldai1/ccl-build/msccl_tools_lyd/examples/xml/xml_lyd/binomial_tree/allreduce_binomial_tree_2ch_32chunk.xml successfully.
c196-071:17492:17530 [1] NCCL INFO Channel 00 : 21[3000] -> 20[2000] via direct shared memory
c196-071:17492:17530 [1] NCCL INFO Channel 01 : 21[3000] -> 20[2000] via direct shared memory
c196-071:17491:17529 [0] NCCL INFO Connected all trees
c196-071:17491:17529 [0] NCCL INFO MSCCL_XML_FILES set by environment to /home1/09168/ldai1/ccl-build/msccl_tools_lyd/examples/xml/xml_lyd/binomial_tree/allreduce_binomial_tree_2ch_32chunk.xml
c196-071:17491:17529 [0] NCCL INFO MSCCL: Parsing algorithm /home1/09168/ldai1/ccl-build/msccl_tools_lyd/examples/xml/xml_lyd/binomial_tree/allreduce_binomial_tree_2ch_32chunk.xml
c196-062:9642:9678 [0] NCCL INFO Channel 02 : 16[2000] -> 17[3000] via direct shared memory
c196-062:9642:9678 [0] NCCL INFO Channel 03 : 16[2000] -> 17[3000] via direct shared memory
c196-081:18766:18802 [1] NCCL INFO Parsed MSCCL Algorithm /home1/09168/ldai1/ccl-build/msccl_tools_lyd/examples/xml/xml_lyd/binomial_tree/allreduce_binomial_tree_2ch_32chunk.xml successfully.
c196-072:27677:27714 [1] NCCL INFO Connected all trees
c196-072:27677:27714 [1] NCCL INFO MSCCL_XML_FILES set by environment to /home1/09168/ldai1/ccl-build/msccl_tools_lyd/examples/xml/xml_lyd/binomial_tree/allreduce_binomial_tree_2ch_32chunk.xml
c196-072:27677:27714 [1] NCCL INFO MSCCL: Parsing algorithm /home1/09168/ldai1/ccl-build/msccl_tools_lyd/examples/xml/xml_lyd/binomial_tree/allreduce_binomial_tree_2ch_32chunk.xml
c196-062:9643:9677 [1] NCCL INFO Parsed MSCCL Algorithm /home1/09168/ldai1/ccl-build/msccl_tools_lyd/examples/xml/xml_lyd/binomial_tree/allreduce_binomial_tree_2ch_32chunk.xml successfully.
c196-061:5172:5210 [0] NCCL INFO Parsed MSCCL Algorithm /home1/09168/ldai1/ccl-build/msccl_tools_lyd/examples/xml/xml_lyd/binomial_tree/allreduce_binomial_tree_2ch_32chunk.xml successfully.
c196-052:31635:31673 [0] NCCL INFO Connected all trees
c196-052:31635:31673 [0] NCCL INFO MSCCL_XML_FILES set by environment to /home1/09168/ldai1/ccl-build/msccl_tools_lyd/examples/xml/xml_lyd/binomial_tree/allreduce_binomial_tree_2ch_32chunk.xml
c196-071:17492:17530 [1] NCCL INFO Connected all trees
c196-071:17492:17530 [1] NCCL INFO MSCCL_XML_FILES set by environment to /home1/09168/ldai1/ccl-build/msccl_tools_lyd/examples/xml/xml_lyd/binomial_tree/allreduce_binomial_tree_2ch_32chunk.xml
c196-052:31635:31673 [0] NCCL INFO MSCCL: Parsing algorithm /home1/09168/ldai1/ccl-build/msccl_tools_lyd/examples/xml/xml_lyd/binomial_tree/allreduce_binomial_tree_2ch_32chunk.xml
c196-061:5172:5210 [0] NCCL INFO Channel 02 : 12[2000] -> 13[3000] via direct shared memory
c196-071:17492:17530 [1] NCCL INFO MSCCL: Parsing algorithm /home1/09168/ldai1/ccl-build/msccl_tools_lyd/examples/xml/xml_lyd/binomial_tree/allreduce_binomial_tree_2ch_32chunk.xml
c196-061:5172:5210 [0] NCCL INFO Channel 03 : 12[2000] -> 13[3000] via direct shared memory
c196-071:17493:17527 [2] NCCL INFO Connected all trees
c196-071:17493:17527 [2] NCCL INFO MSCCL_XML_FILES set by environment to /home1/09168/ldai1/ccl-build/msccl_tools_lyd/examples/xml/xml_lyd/binomial_tree/allreduce_binomial_tree_2ch_32chunk.xml
c196-071:17493:17527 [2] NCCL INFO MSCCL: Parsing algorithm /home1/09168/ldai1/ccl-build/msccl_tools_lyd/examples/xml/xml_lyd/binomial_tree/allreduce_binomial_tree_2ch_32chunk.xml
c196-061:5173:5211 [1] NCCL INFO Parsed MSCCL Algorithm /home1/09168/ldai1/ccl-build/msccl_tools_lyd/examples/xml/xml_lyd/binomial_tree/allreduce_binomial_tree_2ch_32chunk.xml successfully.
c196-042:14403:14434 [0] NCCL INFO Connected all trees
c196-042:14403:14434 [0] NCCL INFO MSCCL_XML_FILES set by environment to /home1/09168/ldai1/ccl-build/msccl_tools_lyd/examples/xml/xml_lyd/binomial_tree/allreduce_binomial_tree_2ch_32chunk.xml
c196-042:14403:14434 [0] NCCL INFO MSCCL: Parsing algorithm /home1/09168/ldai1/ccl-build/msccl_tools_lyd/examples/xml/xml_lyd/binomial_tree/allreduce_binomial_tree_2ch_32chunk.xml
c196-052:31636:31674 [1] NCCL INFO Connected all trees
c196-052:31636:31674 [1] NCCL INFO MSCCL_XML_FILES set by environment to /home1/09168/ldai1/ccl-build/msccl_tools_lyd/examples/xml/xml_lyd/binomial_tree/allreduce_binomial_tree_2ch_32chunk.xml
c196-052:31636:31674 [1] NCCL INFO MSCCL: Parsing algorithm /home1/09168/ldai1/ccl-build/msccl_tools_lyd/examples/xml/xml_lyd/binomial_tree/allreduce_binomial_tree_2ch_32chunk.xml
c196-052:31637:31670 [2] NCCL INFO Parsed MSCCL Algorithm /home1/09168/ldai1/ccl-build/msccl_tools_lyd/examples/xml/xml_lyd/binomial_tree/allreduce_binomial_tree_2ch_32chunk.xml successfully.
c196-042:14404:14443 [1] NCCL INFO Connected all trees
c196-042:14404:14443 [1] NCCL INFO MSCCL_XML_FILES set by environment to /home1/09168/ldai1/ccl-build/msccl_tools_lyd/examples/xml/xml_lyd/binomial_tree/allreduce_binomial_tree_2ch_32chunk.xml
c196-042:14404:14443 [1] NCCL INFO MSCCL: Parsing algorithm /home1/09168/ldai1/ccl-build/msccl_tools_lyd/examples/xml/xml_lyd/binomial_tree/allreduce_binomial_tree_2ch_32chunk.xml
c196-051:9304:9344 [1] NCCL INFO Channel 00 : 5[3000] -> 4[2000] via direct shared memory
c196-051:9304:9344 [1] NCCL INFO Channel 01 : 5[3000] -> 4[2000] via direct shared memory
c196-051:9303:9337 [0] NCCL INFO Connected all trees
c196-051:9303:9337 [0] NCCL INFO MSCCL_XML_FILES set by environment to /home1/09168/ldai1/ccl-build/msccl_tools_lyd/examples/xml/xml_lyd/binomial_tree/allreduce_binomial_tree_2ch_32chunk.xml
c196-051:9303:9337 [0] NCCL INFO MSCCL: Parsing algorithm /home1/09168/ldai1/ccl-build/msccl_tools_lyd/examples/xml/xml_lyd/binomial_tree/allreduce_binomial_tree_2ch_32chunk.xml
c196-051:9304:9344 [1] NCCL INFO Connected all trees
c196-051:9304:9344 [1] NCCL INFO MSCCL_XML_FILES set by environment to /home1/09168/ldai1/ccl-build/msccl_tools_lyd/examples/xml/xml_lyd/binomial_tree/allreduce_binomial_tree_2ch_32chunk.xml
c196-051:9304:9344 [1] NCCL INFO MSCCL: Parsing algorithm /home1/09168/ldai1/ccl-build/msccl_tools_lyd/examples/xml/xml_lyd/binomial_tree/allreduce_binomial_tree_2ch_32chunk.xml
c196-051:9305:9342 [2] NCCL INFO Connected all trees
c196-051:9305:9342 [2] NCCL INFO MSCCL_XML_FILES set by environment to /home1/09168/ldai1/ccl-build/msccl_tools_lyd/examples/xml/xml_lyd/binomial_tree/allreduce_binomial_tree_2ch_32chunk.xml
c196-051:9305:9342 [2] NCCL INFO MSCCL: Parsing algorithm /home1/09168/ldai1/ccl-build/msccl_tools_lyd/examples/xml/xml_lyd/binomial_tree/allreduce_binomial_tree_2ch_32chunk.xml
c196-081:18766:18802 [1] NCCL INFO Channel 02 : 29[3000] -> 30[82000] via direct shared memory
c196-081:18766:18802 [1] NCCL INFO Channel 03 : 29[3000] -> 30[82000] via direct shared memory
c196-062:9643:9677 [1] NCCL INFO Channel 02 : 17[3000] -> 18[82000] via direct shared memory
c196-062:9643:9677 [1] NCCL INFO Channel 03 : 17[3000] -> 18[82000] via direct shared memory
c196-081:18765:18798 [0] NCCL INFO Channel 01/0 : 24[2000] -> 28[2000] [receive] via NET/IB/0
c196-061:5173:5211 [1] NCCL INFO Channel 02 : 13[3000] -> 14[82000] via direct shared memory
c196-061:5173:5211 [1] NCCL INFO Channel 03 : 13[3000] -> 14[82000] via direct shared memory
c196-062:9642:9678 [0] NCCL INFO Channel 03/0 : 16[2000] -> 20[2000] [send] via NET/IB/0
c196-061:5172:5210 [0] NCCL INFO Channel 01/0 : 8[2000] -> 12[2000] [receive] via NET/IB/0
c196-052:31637:31670 [2] NCCL INFO Channel 02 : 10[82000] -> 11[83000] via direct shared memory
c196-052:31637:31670 [2] NCCL INFO Channel 03 : 10[82000] -> 11[83000] via direct shared memory
c196-052:31638:31668 [3] NCCL INFO Channel 00/0 : 11[83000] -> 15[83000] [send] via NET/IB/0
c196-072:27679:27711 [3] NCCL INFO Channel 00/0 : 19[83000] -> 27[83000] [receive] via NET/IB/0
c196-081:18768:18804 [3] NCCL INFO Channel 02/0 : 23[83000] -> 31[83000] [receive] via NET/IB/0
c196-081:18766:18802 [1] NCCL INFO Channel 02 : 29[3000] -> 28[2000] via direct shared memory
c196-081:18767:18800 [2] NCCL INFO Channel 02 : 30[82000] -> 29[3000] via direct shared memory
c196-081:18766:18802 [1] NCCL INFO Channel 03 : 29[3000] -> 28[2000] via direct shared memory
c196-081:18767:18800 [2] NCCL INFO Channel 03 : 30[82000] -> 29[3000] via direct shared memory
c196-062:9644:9681 [2] NCCL INFO Channel 02 : 18[82000] -> 17[3000] via direct shared memory
c196-062:9643:9677 [1] NCCL INFO Channel 02 : 17[3000] -> 16[2000] via direct shared memory
c196-062:9644:9681 [2] NCCL INFO Channel 03 : 18[82000] -> 17[3000] via direct shared memory
c196-062:9643:9677 [1] NCCL INFO Channel 03 : 17[3000] -> 16[2000] via direct shared memory
c196-061:5174:5206 [2] NCCL INFO Channel 02 : 14[82000] -> 13[3000] via direct shared memory
c196-061:5174:5206 [2] NCCL INFO Channel 03 : 14[82000] -> 13[3000] via direct shared memory
c196-061:5173:5211 [1] NCCL INFO Channel 02 : 13[3000] -> 12[2000] via direct shared memory
c196-061:5173:5211 [1] NCCL INFO Channel 03 : 13[3000] -> 12[2000] via direct shared memory
c196-072:27676:27715 [0] NCCL INFO Parsed MSCCL Algorithm /home1/09168/ldai1/ccl-build/msccl_tools_lyd/examples/xml/xml_lyd/binomial_tree/allreduce_binomial_tree_2ch_32chunk.xml successfully.
c196-052:31635:31673 [0] NCCL INFO Parsed MSCCL Algorithm /home1/09168/ldai1/ccl-build/msccl_tools_lyd/examples/xml/xml_lyd/binomial_tree/allreduce_binomial_tree_2ch_32chunk.xml successfully.
c196-072:27676:27715 [0] NCCL INFO Channel 02 : 24[2000] -> 25[3000] via direct shared memory
c196-072:27676:27715 [0] NCCL INFO Channel 03 : 24[2000] -> 25[3000] via direct shared memory
c196-072:27677:27714 [1] NCCL INFO Parsed MSCCL Algorithm /home1/09168/ldai1/ccl-build/msccl_tools_lyd/examples/xml/xml_lyd/binomial_tree/allreduce_binomial_tree_2ch_32chunk.xml successfully.
c196-071:17493:17527 [2] NCCL INFO Parsed MSCCL Algorithm /home1/09168/ldai1/ccl-build/msccl_tools_lyd/examples/xml/xml_lyd/binomial_tree/allreduce_binomial_tree_2ch_32chunk.xml successfully.
c196-052:31635:31673 [0] NCCL INFO Channel 02 : 8[2000] -> 9[3000] via direct shared memory
c196-052:31635:31673 [0] NCCL INFO Channel 03 : 8[2000] -> 9[3000] via direct shared memory
c196-071:17492:17530 [1] NCCL INFO Parsed MSCCL Algorithm /home1/09168/ldai1/ccl-build/msccl_tools_lyd/examples/xml/xml_lyd/binomial_tree/allreduce_binomial_tree_2ch_32chunk.xml successfully.
c196-042:14403:14434 [0] NCCL INFO Parsed MSCCL Algorithm /home1/09168/ldai1/ccl-build/msccl_tools_lyd/examples/xml/xml_lyd/binomial_tree/allreduce_binomial_tree_2ch_32chunk.xml successfully.
c196-052:31636:31674 [1] NCCL INFO Parsed MSCCL Algorithm /home1/09168/ldai1/ccl-build/msccl_tools_lyd/examples/xml/xml_lyd/binomial_tree/allreduce_binomial_tree_2ch_32chunk.xml successfully.
c196-071:17491:17529 [0] NCCL INFO Parsed MSCCL Algorithm /home1/09168/ldai1/ccl-build/msccl_tools_lyd/examples/xml/xml_lyd/binomial_tree/allreduce_binomial_tree_2ch_32chunk.xml successfully.
c196-042:14403:14434 [0] NCCL INFO Channel 02 : 0[2000] -> 1[3000] via direct shared memory
c196-042:14403:14434 [0] NCCL INFO Channel 03 : 0[2000] -> 1[3000] via direct shared memory
c196-071:17491:17529 [0] NCCL INFO Channel 02 : 20[2000] -> 21[3000] via direct shared memory
c196-071:17491:17529 [0] NCCL INFO Channel 03 : 20[2000] -> 21[3000] via direct shared memory
c196-042:14404:14443 [1] NCCL INFO Parsed MSCCL Algorithm /home1/09168/ldai1/ccl-build/msccl_tools_lyd/examples/xml/xml_lyd/binomial_tree/allreduce_binomial_tree_2ch_32chunk.xml successfully.
c196-081:18765:18798 [0] NCCL INFO Channel 03/0 : 24[2000] -> 28[2000] [receive] via NET/IB/0
c196-051:9303:9337 [0] NCCL INFO Parsed MSCCL Algorithm /home1/09168/ldai1/ccl-build/msccl_tools_lyd/examples/xml/xml_lyd/binomial_tree/allreduce_binomial_tree_2ch_32chunk.xml successfully.
c196-051:9304:9344 [1] NCCL INFO Parsed MSCCL Algorithm /home1/09168/ldai1/ccl-build/msccl_tools_lyd/examples/xml/xml_lyd/binomial_tree/allreduce_binomial_tree_2ch_32chunk.xml successfully.
c196-051:9305:9342 [2] NCCL INFO Parsed MSCCL Algorithm /home1/09168/ldai1/ccl-build/msccl_tools_lyd/examples/xml/xml_lyd/binomial_tree/allreduce_binomial_tree_2ch_32chunk.xml successfully.
c196-051:9303:9337 [0] NCCL INFO Channel 02 : 4[2000] -> 5[3000] via direct shared memory
c196-051:9303:9337 [0] NCCL INFO Channel 03 : 4[2000] -> 5[3000] via direct shared memory
c196-061:5172:5210 [0] NCCL INFO Channel 03/0 : 8[2000] -> 12[2000] [receive] via NET/IB/0
c196-072:27677:27714 [1] NCCL INFO Channel 02 : 25[3000] -> 26[82000] via direct shared memory
c196-072:27677:27714 [1] NCCL INFO Channel 03 : 25[3000] -> 26[82000] via direct shared memory
c196-052:31638:31668 [3] NCCL INFO Channel 02/0 : 11[83000] -> 15[83000] [send] via NET/IB/0
c196-071:17493:17527 [2] NCCL INFO Channel 02 : 22[82000] -> 23[83000] via direct shared memory
c196-071:17493:17527 [2] NCCL INFO Channel 03 : 22[82000] -> 23[83000] via direct shared memory
c196-071:17494:17524 [3] NCCL INFO Channel 00/0 : 19[83000] -> 23[83000] [receive] via NET/IB/0
c196-071:17492:17530 [1] NCCL INFO Channel 02 : 21[3000] -> 22[82000] via direct shared memory
c196-052:31636:31674 [1] NCCL INFO Channel 02 : 9[3000] -> 10[82000] via direct shared memory
c196-071:17492:17530 [1] NCCL INFO Channel 03 : 21[3000] -> 22[82000] via direct shared memory
c196-052:31636:31674 [1] NCCL INFO Channel 03 : 9[3000] -> 10[82000] via direct shared memory
c196-072:27676:27715 [0] NCCL INFO Channel 01/0 : 24[2000] -> 28[2000] [send] via NET/IB/0
c196-042:14404:14443 [1] NCCL INFO Channel 02 : 1[3000] -> 2[82000] via direct shared memory
c196-042:14404:14443 [1] NCCL INFO Channel 03 : 1[3000] -> 2[82000] via direct shared memory
c196-052:31635:31673 [0] NCCL INFO Channel 01/0 : 8[2000] -> 12[2000] [send] via NET/IB/0
c196-071:17491:17529 [0] NCCL INFO Channel 03/0 : 16[2000] -> 20[2000] [receive] via NET/IB/0
c196-042:14403:14434 [0] NCCL INFO Channel 03/0 : 0[2000] -> 4[2000] [send] via NET/IB/0
c196-051:9304:9344 [1] NCCL INFO Channel 02 : 5[3000] -> 6[82000] via direct shared memory
c196-051:9304:9344 [1] NCCL INFO Channel 03 : 5[3000] -> 6[82000] via direct shared memory
c196-051:9305:9342 [2] NCCL INFO Channel 02 : 6[82000] -> 7[83000] via direct shared memory
c196-051:9305:9342 [2] NCCL INFO Channel 03 : 6[82000] -> 7[83000] via direct shared memory
c196-051:9306:9341 [3] NCCL INFO Channel 00/0 : 3[83000] -> 7[83000] [receive] via NET/IB/0
c196-051:9303:9337 [0] NCCL INFO Channel 03/0 : 0[2000] -> 4[2000] [receive] via NET/IB/0
c196-072:27677:27714 [1] NCCL INFO Channel 02 : 25[3000] -> 24[2000] via direct shared memory
c196-072:27677:27714 [1] NCCL INFO Channel 03 : 25[3000] -> 24[2000] via direct shared memory
c196-072:27678:27709 [2] NCCL INFO Channel 02 : 26[82000] -> 25[3000] via direct shared memory
c196-072:27678:27709 [2] NCCL INFO Channel 03 : 26[82000] -> 25[3000] via direct shared memory
c196-071:17493:17527 [2] NCCL INFO Channel 02 : 22[82000] -> 21[3000] via direct shared memory
c196-071:17493:17527 [2] NCCL INFO Channel 03 : 22[82000] -> 21[3000] via direct shared memory
c196-071:17492:17530 [1] NCCL INFO Channel 02 : 21[3000] -> 20[2000] via direct shared memory
c196-052:31636:31674 [1] NCCL INFO Channel 02 : 9[3000] -> 8[2000] via direct shared memory
c196-071:17492:17530 [1] NCCL INFO Channel 03 : 21[3000] -> 20[2000] via direct shared memory
c196-052:31636:31674 [1] NCCL INFO Channel 03 : 9[3000] -> 8[2000] via direct shared memory
c196-052:31637:31670 [2] NCCL INFO Channel 02 : 10[82000] -> 9[3000] via direct shared memory
c196-052:31637:31670 [2] NCCL INFO Channel 03 : 10[82000] -> 9[3000] via direct shared memory
c196-042:14404:14443 [1] NCCL INFO Channel 02 : 1[3000] -> 0[2000] via direct shared memory
c196-042:14405:14441 [2] NCCL INFO Channel 02 : 2[82000] -> 1[3000] via direct shared memory
c196-042:14404:14443 [1] NCCL INFO Channel 03 : 1[3000] -> 0[2000] via direct shared memory
c196-042:14405:14441 [2] NCCL INFO Channel 03 : 2[82000] -> 1[3000] via direct shared memory
c196-051:9305:9342 [2] NCCL INFO Channel 02 : 6[82000] -> 5[3000] via direct shared memory
c196-051:9305:9342 [2] NCCL INFO Channel 03 : 6[82000] -> 5[3000] via direct shared memory
c196-051:9304:9344 [1] NCCL INFO Channel 02 : 5[3000] -> 4[2000] via direct shared memory
c196-051:9304:9344 [1] NCCL INFO Channel 03 : 5[3000] -> 4[2000] via direct shared memory
c196-071:17494:17524 [3] NCCL INFO Channel 02/0 : 19[83000] -> 23[83000] [receive] via NET/IB/0
c196-072:27676:27715 [0] NCCL INFO Channel 03/0 : 24[2000] -> 28[2000] [send] via NET/IB/0
c196-052:31635:31673 [0] NCCL INFO Channel 03/0 : 8[2000] -> 12[2000] [send] via NET/IB/0
c196-051:9306:9341 [3] NCCL INFO Channel 02/0 : 3[83000] -> 7[83000] [receive] via NET/IB/0
c196-062:9642:9678 [0] NCCL INFO Channel 01/0 : 16[2000] -> 24[2000] [send] via NET/IB/0
c196-071:17491:17529 [0] NCCL INFO Channel 03/0 : 20[2000] -> 28[2000] [send] via NET/IB/0
c196-052:31638:31668 [3] NCCL INFO Channel 00/0 : 3[83000] -> 11[83000] [receive] via NET/IB/0
c196-061:5175:5207 [3] NCCL INFO Channel 02/0 : 7[83000] -> 15[83000] [receive] via NET/IB/0
c196-042:14403:14434 [0] NCCL INFO Channel 01/0 : 0[2000] -> 8[2000] [send] via NET/IB/0
c196-051:9303:9337 [0] NCCL INFO Channel 03/0 : 4[2000] -> 12[2000] [send] via NET/IB/0
c196-062:9645:9682 [3] NCCL INFO Channel 00/0 : 19[83000] -> 27[83000] [send] via NET/IB/0
c196-072:27676:27715 [0] NCCL INFO Channel 01/0 : 16[2000] -> 24[2000] [receive] via NET/IB/0
c196-081:18765:18798 [0] NCCL INFO Channel 03/0 : 20[2000] -> 28[2000] [receive] via NET/IB/0
c196-052:31635:31673 [0] NCCL INFO Channel 01/0 : 0[2000] -> 8[2000] [receive] via NET/IB/0
c196-061:5172:5210 [0] NCCL INFO Channel 03/0 : 4[2000] -> 12[2000] [receive] via NET/IB/0
c196-071:17494:17524 [3] NCCL INFO Channel 02/0 : 23[83000] -> 31[83000] [send] via NET/IB/0
c196-042:14406:14439 [3] NCCL INFO Channel 00/0 : 3[83000] -> 11[83000] [send] via NET/IB/0
c196-051:9306:9341 [3] NCCL INFO Channel 02/0 : 7[83000] -> 15[83000] [send] via NET/IB/0
c196-062:9645:9682 [3] NCCL INFO Channel 00/0 : 3[83000] -> 19[83000] [receive] via NET/IB/0
c196-062:9642:9678 [0] NCCL INFO Channel 01/0 : 0[2000] -> 16[2000] [receive] via NET/IB/0
c196-072:27679:27711 [3] NCCL INFO Channel 00/0 : 27[83000] -> 19[83000] [send] via NET/IB/0
c196-072:27676:27715 [0] NCCL INFO Channel 01/0 : 24[2000] -> 16[2000] [send] via NET/IB/0
c196-071:17491:17529 [0] NCCL INFO Channel 03/0 : 28[2000] -> 20[2000] [receive] via NET/IB/0
c196-081:18765:18798 [0] NCCL INFO Channel 03/0 : 12[2000] -> 28[2000] [receive] via NET/IB/0
c196-042:14403:14434 [0] NCCL INFO Channel 01/0 : 16[2000] -> 0[2000] [receive] via NET/IB/0
c196-051:9303:9337 [0] NCCL INFO Channel 03/0 : 12[2000] -> 4[2000] [receive] via NET/IB/0
c196-061:5172:5210 [0] NCCL INFO Channel 03/0 : 28[2000] -> 12[2000] [receive] via NET/IB/0
c196-052:31635:31673 [0] NCCL INFO Channel 01/0 : 8[2000] -> 0[2000] [send] via NET/IB/0
c196-081:18768:18804 [3] NCCL INFO Channel 02/0 : 15[83000] -> 31[83000] [receive] via NET/IB/0
c196-042:14406:14439 [3] NCCL INFO Channel 00/0 : 19[83000] -> 3[83000] [receive] via NET/IB/0
c196-051:9306:9341 [3] NCCL INFO Channel 02/0 : 15[83000] -> 7[83000] [receive] via NET/IB/0
c196-052:31638:31668 [3] NCCL INFO Channel 00/0 : 11[83000] -> 3[83000] [send] via NET/IB/0
c196-061:5175:5207 [3] NCCL INFO Channel 02/0 : 31[83000] -> 15[83000] [receive] via NET/IB/0
c196-071:17494:17524 [3] NCCL INFO Channel 02/0 : 31[83000] -> 23[83000] [receive] via NET/IB/0
c196-062:9645:9682 [3] NCCL INFO Channel 00/0 : 19[83000] -> 3[83000] [send] via NET/IB/0
c196-062:9642:9678 [0] NCCL INFO Channel 01/0 : 16[2000] -> 0[2000] [send] via NET/IB/0
c196-081:18765:18798 [0] NCCL INFO Channel 03/0 : 28[2000] -> 12[2000] [send] via NET/IB/0
c196-042:14403:14434 [0] NCCL INFO Channel 01/0 : 0[2000] -> 16[2000] [send] via NET/IB/0
c196-061:5172:5210 [0] NCCL INFO Channel 03/0 : 12[2000] -> 28[2000] [send] via NET/IB/0
c196-081:18768:18804 [3] NCCL INFO Channel 02/0 : 31[83000] -> 15[83000] [send] via NET/IB/0
c196-042:14406:14439 [3] NCCL INFO Channel 00/0 : 3[83000] -> 19[83000] [send] via NET/IB/0
c196-061:5175:5207 [3] NCCL INFO Channel 02/0 : 15[83000] -> 31[83000] [send] via NET/IB/0
c196-062:9642:9678 [0] NCCL INFO Channel 01/0 : 24[2000] -> 16[2000] [receive] via NET/IB/0
c196-042:14403:14434 [0] NCCL INFO Channel 01/0 : 8[2000] -> 0[2000] [receive] via NET/IB/0
c196-061:5172:5210 [0] NCCL INFO Channel 03/0 : 12[2000] -> 4[2000] [send] via NET/IB/0
c196-081:18765:18798 [0] NCCL INFO Channel 03/0 : 28[2000] -> 20[2000] [send] via NET/IB/0
c196-042:14406:14439 [3] NCCL INFO Channel 00/0 : 11[83000] -> 3[83000] [receive] via NET/IB/0
c196-062:9645:9682 [3] NCCL INFO Channel 00/0 : 27[83000] -> 19[83000] [receive] via NET/IB/0
c196-061:5175:5207 [3] NCCL INFO Channel 02/0 : 15[83000] -> 7[83000] [send] via NET/IB/0
c196-081:18768:18804 [3] NCCL INFO Channel 02/0 : 31[83000] -> 23[83000] [send] via NET/IB/0
c196-072:27676:27715 [0] NCCL INFO Channel 01/0 : 28[2000] -> 24[2000] [receive] via NET/IB/0
c196-061:5172:5210 [0] NCCL INFO Channel 01/0 : 12[2000] -> 8[2000] [send] via NET/IB/0
c196-062:9642:9678 [0] NCCL INFO Channel 03/0 : 20[2000] -> 16[2000] [receive] via NET/IB/0
c196-081:18765:18798 [0] NCCL INFO Channel 01/0 : 28[2000] -> 24[2000] [send] via NET/IB/0
c196-042:14403:14434 [0] NCCL INFO Channel 03/0 : 4[2000] -> 0[2000] [receive] via NET/IB/0
c196-051:9303:9337 [0] NCCL INFO Channel 03/0 : 4[2000] -> 0[2000] [send] via NET/IB/0
c196-071:17491:17529 [0] NCCL INFO Channel 03/0 : 20[2000] -> 16[2000] [send] via NET/IB/0
c196-052:31638:31668 [3] NCCL INFO Channel 00/0 : 15[83000] -> 11[83000] [receive] via NET/IB/0
c196-052:31635:31673 [0] NCCL INFO Channel 01/0 : 12[2000] -> 8[2000] [receive] via NET/IB/0
c196-072:27679:27711 [3] NCCL INFO Channel 00/0 : 31[83000] -> 27[83000] [receive] via NET/IB/0
c196-042:14406:14439 [3] NCCL INFO Channel 00/0 : 7[83000] -> 3[83000] [receive] via NET/IB/0
c196-061:5175:5207 [3] NCCL INFO Channel 00/0 : 15[83000] -> 11[83000] [send] via NET/IB/0
c196-062:9645:9682 [3] NCCL INFO Channel 00/0 : 23[83000] -> 19[83000] [receive] via NET/IB/0
c196-081:18768:18804 [3] NCCL INFO Channel 00/0 : 31[83000] -> 27[83000] [send] via NET/IB/0
c196-051:9306:9341 [3] NCCL INFO Channel 00/0 : 7[83000] -> 3[83000] [send] via NET/IB/0
c196-071:17494:17524 [3] NCCL INFO Channel 00/0 : 23[83000] -> 19[83000] [send] via NET/IB/0
c196-071:17491:17529 [0] NCCL INFO Connected 1 MSCCL algorithms
c196-071:17491:17529 [0] NCCL INFO NCCL_NTHREADS set by environment to 512.
c196-071:17491:17529 [0] NCCL INFO NCCL_PROTO set by environment to Simple
c196-071:17491:17529 [0] NCCL INFO NCCL_ALGO set by environment to MSCCL,TREE,RING
c196-071:17491:17529 [0] NCCL INFO threadThresholds 8/8/64 | 256/8/64 | 8/8/64 | 8/8/512
c196-071:17491:17529 [0] NCCL INFO 4 coll channels, 2 p2p channels, 2 p2p channels per peer
c196-051:9303:9337 [0] NCCL INFO Connected 1 MSCCL algorithms
c196-051:9303:9337 [0] NCCL INFO NCCL_NTHREADS set by environment to 512.
c196-051:9303:9337 [0] NCCL INFO NCCL_PROTO set by environment to Simple
c196-051:9303:9337 [0] NCCL INFO NCCL_ALGO set by environment to MSCCL,TREE,RING
c196-051:9303:9337 [0] NCCL INFO threadThresholds 8/8/64 | 256/8/64 | 8/8/64 | 8/8/512
c196-051:9303:9337 [0] NCCL INFO 4 coll channels, 2 p2p channels, 2 p2p channels per peer
c196-062:9642:9678 [0] NCCL INFO Connected 1 MSCCL algorithms
c196-062:9642:9678 [0] NCCL INFO NCCL_NTHREADS set by environment to 512.
c196-062:9642:9678 [0] NCCL INFO NCCL_PROTO set by environment to Simple
c196-062:9642:9678 [0] NCCL INFO NCCL_ALGO set by environment to MSCCL,TREE,RING
c196-062:9642:9678 [0] NCCL INFO threadThresholds 8/8/64 | 256/8/64 | 8/8/64 | 8/8/512
c196-062:9642:9678 [0] NCCL INFO 4 coll channels, 2 p2p channels, 2 p2p channels per peer
c196-042:14403:14434 [0] NCCL INFO Connected 1 MSCCL algorithms
c196-042:14403:14434 [0] NCCL INFO NCCL_NTHREADS set by environment to 512.
c196-042:14403:14434 [0] NCCL INFO NCCL_PROTO set by environment to Simple
c196-042:14403:14434 [0] NCCL INFO NCCL_ALGO set by environment to MSCCL,TREE,RING
c196-042:14403:14434 [0] NCCL INFO threadThresholds 8/8/64 | 256/8/64 | 8/8/64 | 8/8/512
c196-042:14403:14434 [0] NCCL INFO 4 coll channels, 2 p2p channels, 2 p2p channels per peer
c196-071:17492:17530 [1] NCCL INFO Connected 1 MSCCL algorithms
c196-071:17492:17530 [1] NCCL INFO NCCL_NTHREADS set by environment to 512.
c196-071:17492:17530 [1] NCCL INFO NCCL_PROTO set by environment to Simple
c196-071:17492:17530 [1] NCCL INFO NCCL_ALGO set by environment to MSCCL,TREE,RING
c196-071:17492:17530 [1] NCCL INFO threadThresholds 8/8/64 | 256/8/64 | 8/8/64 | 8/8/512
c196-071:17492:17530 [1] NCCL INFO 4 coll channels, 2 p2p channels, 2 p2p channels per peer
c196-062:9643:9677 [1] NCCL INFO Connected 1 MSCCL algorithms
c196-062:9643:9677 [1] NCCL INFO NCCL_NTHREADS set by environment to 512.
c196-062:9643:9677 [1] NCCL INFO NCCL_PROTO set by environment to Simple
c196-062:9643:9677 [1] NCCL INFO NCCL_ALGO set by environment to MSCCL,TREE,RING
c196-062:9643:9677 [1] NCCL INFO threadThresholds 8/8/64 | 256/8/64 | 8/8/64 | 8/8/512
c196-062:9643:9677 [1] NCCL INFO 4 coll channels, 2 p2p channels, 2 p2p channels per peer
c196-051:9304:9344 [1] NCCL INFO Connected 1 MSCCL algorithms
c196-051:9304:9344 [1] NCCL INFO NCCL_NTHREADS set by environment to 512.
c196-051:9304:9344 [1] NCCL INFO NCCL_PROTO set by environment to Simple
c196-051:9304:9344 [1] NCCL INFO NCCL_ALGO set by environment to MSCCL,TREE,RING
c196-051:9304:9344 [1] NCCL INFO threadThresholds 8/8/64 | 256/8/64 | 8/8/64 | 8/8/512
c196-051:9304:9344 [1] NCCL INFO 4 coll channels, 2 p2p channels, 2 p2p channels per peer
c196-042:14404:14443 [1] NCCL INFO Connected 1 MSCCL algorithms
c196-042:14404:14443 [1] NCCL INFO NCCL_NTHREADS set by environment to 512.
c196-042:14404:14443 [1] NCCL INFO NCCL_PROTO set by environment to Simple
c196-042:14404:14443 [1] NCCL INFO NCCL_ALGO set by environment to MSCCL,TREE,RING
c196-042:14404:14443 [1] NCCL INFO threadThresholds 8/8/64 | 256/8/64 | 8/8/64 | 8/8/512
c196-042:14404:14443 [1] NCCL INFO 4 coll channels, 2 p2p channels, 2 p2p channels per peer
c196-072:27676:27715 [0] NCCL INFO Channel 03/0 : 28[2000] -> 24[2000] [receive] via NET/IB/0
c196-061:5172:5210 [0] NCCL INFO Channel 03/0 : 12[2000] -> 8[2000] [send] via NET/IB/0
c196-081:18765:18798 [0] NCCL INFO Channel 03/0 : 28[2000] -> 24[2000] [send] via NET/IB/0
c196-052:31635:31673 [0] NCCL INFO Channel 03/0 : 12[2000] -> 8[2000] [receive] via NET/IB/0
c196-052:31638:31668 [3] NCCL INFO Channel 02/0 : 15[83000] -> 11[83000] [receive] via NET/IB/0
c196-072:27679:27711 [3] NCCL INFO Channel 02/0 : 31[83000] -> 27[83000] [receive] via NET/IB/0
c196-042:14406:14439 [3] NCCL INFO Channel 02/0 : 7[83000] -> 3[83000] [receive] via NET/IB/0
c196-061:5175:5207 [3] NCCL INFO Channel 02/0 : 15[83000] -> 11[83000] [send] via NET/IB/0
c196-062:9645:9682 [3] NCCL INFO Channel 02/0 : 23[83000] -> 19[83000] [receive] via NET/IB/0
c196-081:18768:18804 [3] NCCL INFO Channel 02/0 : 31[83000] -> 27[83000] [send] via NET/IB/0
c196-051:9306:9341 [3] NCCL INFO Channel 02/0 : 7[83000] -> 3[83000] [send] via NET/IB/0
c196-071:17494:17524 [3] NCCL INFO Channel 02/0 : 23[83000] -> 19[83000] [send] via NET/IB/0
c196-061:5175:5207 [3] NCCL INFO Channel 02 : 15[83000] -> 14[82000] via direct shared memory
c196-061:5175:5207 [3] NCCL INFO Channel 03 : 15[83000] -> 14[82000] via direct shared memory
c196-081:18768:18804 [3] NCCL INFO Channel 02 : 31[83000] -> 30[82000] via direct shared memory
c196-052:31638:31668 [3] NCCL INFO Channel 02 : 11[83000] -> 10[82000] via direct shared memory
c196-081:18768:18804 [3] NCCL INFO Channel 03 : 31[83000] -> 30[82000] via direct shared memory
c196-052:31638:31668 [3] NCCL INFO Channel 03 : 11[83000] -> 10[82000] via direct shared memory
c196-051:9306:9341 [3] NCCL INFO Channel 02 : 7[83000] -> 6[82000] via direct shared memory
c196-051:9306:9341 [3] NCCL INFO Channel 03 : 7[83000] -> 6[82000] via direct shared memory
c196-072:27679:27711 [3] NCCL INFO Channel 02 : 27[83000] -> 26[82000] via direct shared memory
c196-072:27679:27711 [3] NCCL INFO Channel 03 : 27[83000] -> 26[82000] via direct shared memory
c196-042:14406:14439 [3] NCCL INFO Channel 02 : 3[83000] -> 2[82000] via direct shared memory
c196-042:14406:14439 [3] NCCL INFO Channel 03 : 3[83000] -> 2[82000] via direct shared memory
c196-061:5175:5207 [3] NCCL INFO Connected 1 MSCCL algorithms
c196-061:5175:5207 [3] NCCL INFO NCCL_NTHREADS set by environment to 512.
c196-061:5175:5207 [3] NCCL INFO NCCL_PROTO set by environment to Simple
c196-061:5175:5207 [3] NCCL INFO NCCL_ALGO set by environment to MSCCL,TREE,RING
c196-061:5175:5207 [3] NCCL INFO threadThresholds 8/8/64 | 256/8/64 | 8/8/64 | 8/8/512
c196-061:5175:5207 [3] NCCL INFO 4 coll channels, 2 p2p channels, 2 p2p channels per peer
c196-061:5174:5206 [2] NCCL INFO Connected 1 MSCCL algorithms
c196-061:5174:5206 [2] NCCL INFO NCCL_NTHREADS set by environment to 512.
c196-061:5174:5206 [2] NCCL INFO NCCL_PROTO set by environment to Simple
c196-061:5174:5206 [2] NCCL INFO NCCL_ALGO set by environment to MSCCL,TREE,RING
c196-061:5174:5206 [2] NCCL INFO threadThresholds 8/8/64 | 256/8/64 | 8/8/64 | 8/8/512
c196-061:5174:5206 [2] NCCL INFO 4 coll channels, 2 p2p channels, 2 p2p channels per peer
c196-052:31638:31668 [3] NCCL INFO Connected 1 MSCCL algorithms
c196-051:9306:9341 [3] NCCL INFO Connected 1 MSCCL algorithms
c196-052:31638:31668 [3] NCCL INFO NCCL_NTHREADS set by environment to 512.
c196-052:31638:31668 [3] NCCL INFO NCCL_PROTO set by environment to Simple
c196-051:9306:9341 [3] NCCL INFO NCCL_NTHREADS set by environment to 512.
c196-052:31638:31668 [3] NCCL INFO NCCL_ALGO set by environment to MSCCL,TREE,RING
c196-051:9306:9341 [3] NCCL INFO NCCL_PROTO set by environment to Simple
c196-051:9306:9341 [3] NCCL INFO NCCL_ALGO set by environment to MSCCL,TREE,RING
c196-052:31638:31668 [3] NCCL INFO threadThresholds 8/8/64 | 256/8/64 | 8/8/64 | 8/8/512
c196-051:9306:9341 [3] NCCL INFO threadThresholds 8/8/64 | 256/8/64 | 8/8/64 | 8/8/512
c196-052:31638:31668 [3] NCCL INFO 4 coll channels, 2 p2p channels, 2 p2p channels per peer
c196-051:9306:9341 [3] NCCL INFO 4 coll channels, 2 p2p channels, 2 p2p channels per peer
c196-081:18768:18804 [3] NCCL INFO Connected 1 MSCCL algorithms
c196-081:18768:18804 [3] NCCL INFO NCCL_NTHREADS set by environment to 512.
c196-081:18768:18804 [3] NCCL INFO NCCL_PROTO set by environment to Simple
c196-081:18768:18804 [3] NCCL INFO NCCL_ALGO set by environment to MSCCL,TREE,RING
c196-081:18768:18804 [3] NCCL INFO threadThresholds 8/8/64 | 256/8/64 | 8/8/64 | 8/8/512
c196-081:18768:18804 [3] NCCL INFO 4 coll channels, 2 p2p channels, 2 p2p channels per peer
c196-052:31637:31670 [2] NCCL INFO Connected 1 MSCCL algorithms
c196-052:31637:31670 [2] NCCL INFO NCCL_NTHREADS set by environment to 512.
c196-052:31637:31670 [2] NCCL INFO NCCL_PROTO set by environment to Simple
c196-052:31637:31670 [2] NCCL INFO NCCL_ALGO set by environment to MSCCL,TREE,RING
c196-052:31637:31670 [2] NCCL INFO threadThresholds 8/8/64 | 256/8/64 | 8/8/64 | 8/8/512
c196-052:31637:31670 [2] NCCL INFO 4 coll channels, 2 p2p channels, 2 p2p channels per peer
c196-081:18767:18800 [2] NCCL INFO Connected 1 MSCCL algorithms
c196-081:18767:18800 [2] NCCL INFO NCCL_NTHREADS set by environment to 512.
c196-081:18767:18800 [2] NCCL INFO NCCL_PROTO set by environment to Simple
c196-081:18767:18800 [2] NCCL INFO NCCL_ALGO set by environment to MSCCL,TREE,RING
c196-081:18767:18800 [2] NCCL INFO threadThresholds 8/8/64 | 256/8/64 | 8/8/64 | 8/8/512
c196-081:18767:18800 [2] NCCL INFO 4 coll channels, 2 p2p channels, 2 p2p channels per peer
c196-072:27679:27711 [3] NCCL INFO Connected 1 MSCCL algorithms
c196-051:9305:9342 [2] NCCL INFO Connected 1 MSCCL algorithms
c196-051:9305:9342 [2] NCCL INFO NCCL_NTHREADS set by environment to 512.
c196-072:27679:27711 [3] NCCL INFO NCCL_NTHREADS set by environment to 512.
c196-051:9305:9342 [2] NCCL INFO NCCL_PROTO set by environment to Simple
c196-051:9305:9342 [2] NCCL INFO NCCL_ALGO set by environment to MSCCL,TREE,RING
c196-072:27679:27711 [3] NCCL INFO NCCL_PROTO set by environment to Simple
c196-072:27679:27711 [3] NCCL INFO NCCL_ALGO set by environment to MSCCL,TREE,RING
c196-051:9305:9342 [2] NCCL INFO threadThresholds 8/8/64 | 256/8/64 | 8/8/64 | 8/8/512
c196-072:27679:27711 [3] NCCL INFO threadThresholds 8/8/64 | 256/8/64 | 8/8/64 | 8/8/512
c196-051:9305:9342 [2] NCCL INFO 4 coll channels, 2 p2p channels, 2 p2p channels per peer
c196-072:27679:27711 [3] NCCL INFO 4 coll channels, 2 p2p channels, 2 p2p channels per peer
c196-072:27678:27709 [2] NCCL INFO Connected 1 MSCCL algorithms
c196-072:27678:27709 [2] NCCL INFO NCCL_NTHREADS set by environment to 512.
c196-072:27678:27709 [2] NCCL INFO NCCL_PROTO set by environment to Simple
c196-072:27678:27709 [2] NCCL INFO NCCL_ALGO set by environment to MSCCL,TREE,RING
c196-072:27678:27709 [2] NCCL INFO threadThresholds 8/8/64 | 256/8/64 | 8/8/64 | 8/8/512
c196-072:27678:27709 [2] NCCL INFO 4 coll channels, 2 p2p channels, 2 p2p channels per peer
c196-042:14406:14439 [3] NCCL INFO Connected 1 MSCCL algorithms
c196-042:14406:14439 [3] NCCL INFO NCCL_NTHREADS set by environment to 512.
c196-042:14406:14439 [3] NCCL INFO NCCL_PROTO set by environment to Simple
c196-042:14406:14439 [3] NCCL INFO NCCL_ALGO set by environment to MSCCL,TREE,RING
c196-042:14406:14439 [3] NCCL INFO threadThresholds 8/8/64 | 256/8/64 | 8/8/64 | 8/8/512
c196-042:14406:14439 [3] NCCL INFO 4 coll channels, 2 p2p channels, 2 p2p channels per peer
c196-042:14405:14441 [2] NCCL INFO Connected 1 MSCCL algorithms
c196-042:14405:14441 [2] NCCL INFO NCCL_NTHREADS set by environment to 512.
c196-042:14405:14441 [2] NCCL INFO NCCL_PROTO set by environment to Simple
