c196-102:4619:4653 [3] NCCL INFO Parsed MSCCL Algorithm /home1/09168/ldai1/ccl-build/msccl_tools_lyd/examples/xml/xml_lyd/binomial_tree/allreduce_binomial_tree_2ch_32chunk.xml successfully.
c196-091:5876:5906 [3] NCCL INFO Parsed MSCCL Algorithm /home1/09168/ldai1/ccl-build/msccl_tools_lyd/examples/xml/xml_lyd/binomial_tree/allreduce_binomial_tree_2ch_32chunk.xml successfully.
c196-101:13666:13699 [3] NCCL INFO Parsed MSCCL Algorithm /home1/09168/ldai1/ccl-build/msccl_tools_lyd/examples/xml/xml_lyd/binomial_tree/allreduce_binomial_tree_2ch_32chunk.xml successfully.
c196-111:12627:12663 [3] NCCL INFO Parsed MSCCL Algorithm /home1/09168/ldai1/ccl-build/msccl_tools_lyd/examples/xml/xml_lyd/binomial_tree/allreduce_binomial_tree_2ch_32chunk.xml successfully.
c196-082:7262:7297 [3] NCCL INFO Parsed MSCCL Algorithm /home1/09168/ldai1/ccl-build/msccl_tools_lyd/examples/xml/xml_lyd/binomial_tree/allreduce_binomial_tree_2ch_32chunk.xml successfully.
c196-102:4617:4650 [1] NCCL INFO Channel 01/0 : 24[2000] -> 21[3000] [receive] via NET/IB/0
c196-082:7260:7295 [1] NCCL INFO Channel 01/0 : 8[2000] -> 5[3000] [receive] via NET/IB/0
c196-111:12624:12657 [0] NCCL INFO Channel 00/0 : 24[2000] -> 28[2000] [send] via NET/IB/0
c196-091:5873:5913 [0] NCCL INFO Channel 00/0 : 8[2000] -> 12[2000] [send] via NET/IB/0
c196-081:20110:20141 [0] NCCL INFO Channel 00/0 : 16[2000] -> 0[2000] [receive] via NET/IB/0
c196-102:4616:4651 [0] NCCL INFO Channel 00/0 : 20[2000] -> 25[3000] [send] via NET/IB/0
c196-082:7259:7293 [0] NCCL INFO Channel 00/0 : 4[2000] -> 9[3000] [send] via NET/IB/0
c196-101:13663:13697 [0] NCCL INFO Channel 00/0 : 16[2000] -> 24[2000] [send] via NET/IB/0
c196-112:32418:32449 [2] NCCL INFO Channel 02 : 30[82000] -> 31[83000] via direct shared memory
c196-112:32418:32449 [2] NCCL INFO Channel 03 : 30[82000] -> 31[83000] via direct shared memory
c196-112:32419:32452 [3] NCCL INFO Channel 00/0 : 27[83000] -> 31[83000] [receive] via NET/IB/0
c196-081:20112:20147 [2] NCCL INFO Channel 02 : 2[82000] -> 3[83000] via direct shared memory
c196-081:20112:20147 [2] NCCL INFO Channel 03 : 2[82000] -> 3[83000] via direct shared memory
c196-081:20113:20148 [3] NCCL INFO Channel 00/0 : 3[83000] -> 7[83000] [send] via NET/IB/0
c196-081:20110:20141 [0] NCCL INFO Channel 00/0 : 0[2000] -> 16[2000] [send] via NET/IB/0
c196-111:12624:12657 [0] NCCL INFO Channel 00/0 : 16[2000] -> 24[2000] [receive] via NET/IB/0
c196-082:7259:7293 [0] NCCL INFO Channel 01/0 : 4[2000] -> 12[2000] [send] via NET/IB/0
c196-091:5873:5913 [0] NCCL INFO Channel 00/0 : 8[2000] -> 17[3000] [send] via NET/IB/0
c196-112:32419:32452 [3] NCCL INFO Channel 02/0 : 27[83000] -> 31[83000] [receive] via NET/IB/0
c196-112:32416:32454 [0] NCCL INFO Channel 01/0 : 12[2000] -> 28[2000] [receive] via NET/IB/0
c196-092:28730:28769 [0] NCCL INFO Channel 01/0 : 4[2000] -> 12[2000] [receive] via NET/IB/0
c196-102:4616:4651 [0] NCCL INFO Channel 01/0 : 13[3000] -> 20[2000] [receive] via NET/IB/0
c196-091:5874:5911 [1] NCCL INFO Channel 00/0 : 9[3000] -> 4[2000] [send] via NET/IB/0
c196-111:12625:12659 [1] NCCL INFO Channel 00/0 : 25[3000] -> 20[2000] [send] via NET/IB/0
c196-081:20113:20148 [3] NCCL INFO Channel 02/0 : 3[83000] -> 7[83000] [send] via NET/IB/0
c196-112:32416:32454 [0] NCCL INFO Channel 01/0 : 28[2000] -> 12[2000] [send] via NET/IB/0
c196-091:5873:5913 [0] NCCL INFO Channel 00/0 : 17[3000] -> 8[2000] [receive] via NET/IB/0
c196-111:12624:12657 [0] NCCL INFO Channel 00/0 : 24[2000] -> 16[2000] [send] via NET/IB/0
c196-092:28731:28768 [1] NCCL INFO Channel 01/0 : 20[2000] -> 13[3000] [receive] via NET/IB/0
c196-101:13664:13703 [1] NCCL INFO Channel 00/0 : 17[3000] -> 8[2000] [send] via NET/IB/0
c196-092:28730:28769 [0] NCCL INFO Channel 01/0 : 28[2000] -> 12[2000] [receive] via NET/IB/0
c196-102:4616:4651 [0] NCCL INFO Channel 01/0 : 20[2000] -> 13[3000] [send] via NET/IB/0
c196-101:13663:13697 [0] NCCL INFO Channel 00/0 : 0[2000] -> 16[2000] [receive] via NET/IB/0
c196-082:7259:7293 [0] NCCL INFO Channel 01/0 : 12[2000] -> 4[2000] [receive] via NET/IB/0
c196-101:13664:13703 [1] NCCL INFO Channel 00 : 17[3000] -> 16[2000] via direct shared memory
c196-101:13664:13703 [1] NCCL INFO Channel 01 : 17[3000] -> 16[2000] via direct shared memory
c196-092:28731:28768 [1] NCCL INFO Channel 00 : 13[3000] -> 12[2000] via direct shared memory
c196-092:28731:28768 [1] NCCL INFO Channel 01 : 13[3000] -> 12[2000] via direct shared memory
c196-101:13665:13701 [2] NCCL INFO Connected all trees
c196-101:13665:13701 [2] NCCL INFO MSCCL_XML_FILES set by environment to /home1/09168/ldai1/ccl-build/msccl_tools_lyd/examples/xml/xml_lyd/binomial_tree/allreduce_binomial_tree_2ch_32chunk.xml
c196-101:13665:13701 [2] NCCL INFO MSCCL: Parsing algorithm /home1/09168/ldai1/ccl-build/msccl_tools_lyd/examples/xml/xml_lyd/binomial_tree/allreduce_binomial_tree_2ch_32chunk.xml
c196-092:28732:28764 [2] NCCL INFO Connected all trees
c196-092:28732:28764 [2] NCCL INFO MSCCL_XML_FILES set by environment to /home1/09168/ldai1/ccl-build/msccl_tools_lyd/examples/xml/xml_lyd/binomial_tree/allreduce_binomial_tree_2ch_32chunk.xml
c196-092:28732:28764 [2] NCCL INFO MSCCL: Parsing algorithm /home1/09168/ldai1/ccl-build/msccl_tools_lyd/examples/xml/xml_lyd/binomial_tree/allreduce_binomial_tree_2ch_32chunk.xml
c196-092:28730:28769 [0] NCCL INFO Channel 01/0 : 12[2000] -> 28[2000] [send] via NET/IB/0
c196-101:13663:13697 [0] NCCL INFO Channel 00/0 : 16[2000] -> 0[2000] [send] via NET/IB/0
c196-102:4616:4651 [0] NCCL INFO Channel 00/0 : 25[3000] -> 20[2000] [receive] via NET/IB/0
c196-091:5873:5913 [0] NCCL INFO Channel 00/0 : 12[2000] -> 8[2000] [receive] via NET/IB/0
c196-111:12625:12659 [1] NCCL INFO Channel 00 : 25[3000] -> 24[2000] via direct shared memory
c196-111:12625:12659 [1] NCCL INFO Channel 01 : 25[3000] -> 24[2000] via direct shared memory
c196-101:13665:13701 [2] NCCL INFO Parsed MSCCL Algorithm /home1/09168/ldai1/ccl-build/msccl_tools_lyd/examples/xml/xml_lyd/binomial_tree/allreduce_binomial_tree_2ch_32chunk.xml successfully.
c196-092:28732:28764 [2] NCCL INFO Parsed MSCCL Algorithm /home1/09168/ldai1/ccl-build/msccl_tools_lyd/examples/xml/xml_lyd/binomial_tree/allreduce_binomial_tree_2ch_32chunk.xml successfully.
c196-111:12626:12661 [2] NCCL INFO Connected all trees
c196-111:12626:12661 [2] NCCL INFO MSCCL_XML_FILES set by environment to /home1/09168/ldai1/ccl-build/msccl_tools_lyd/examples/xml/xml_lyd/binomial_tree/allreduce_binomial_tree_2ch_32chunk.xml
c196-111:12626:12661 [2] NCCL INFO MSCCL: Parsing algorithm /home1/09168/ldai1/ccl-build/msccl_tools_lyd/examples/xml/xml_lyd/binomial_tree/allreduce_binomial_tree_2ch_32chunk.xml
c196-101:13665:13701 [2] NCCL INFO Channel 02 : 18[82000] -> 19[83000] via direct shared memory
c196-101:13665:13701 [2] NCCL INFO Channel 03 : 18[82000] -> 19[83000] via direct shared memory
c196-101:13666:13699 [3] NCCL INFO Channel 00/0 : 19[83000] -> 23[83000] [send] via NET/IB/0
c196-092:28732:28764 [2] NCCL INFO Channel 02 : 14[82000] -> 15[83000] via direct shared memory
c196-092:28732:28764 [2] NCCL INFO Channel 03 : 14[82000] -> 15[83000] via direct shared memory
c196-092:28733:28765 [3] NCCL INFO Channel 00/0 : 11[83000] -> 15[83000] [receive] via NET/IB/0
c196-092:28730:28769 [0] NCCL INFO Channel 01/0 : 12[2000] -> 4[2000] [send] via NET/IB/0
c196-112:32416:32454 [0] NCCL INFO Channel 00/0 : 28[2000] -> 24[2000] [send] via NET/IB/0
c196-102:4616:4651 [0] NCCL INFO Channel 01/0 : 20[2000] -> 16[2000] [send] via NET/IB/0
c196-081:20110:20141 [0] NCCL INFO Channel 01/0 : 4[2000] -> 0[2000] [receive] via NET/IB/0
c196-101:13663:13697 [0] NCCL INFO Channel 00/0 : 24[2000] -> 16[2000] [receive] via NET/IB/0
c196-111:12626:12661 [2] NCCL INFO Parsed MSCCL Algorithm /home1/09168/ldai1/ccl-build/msccl_tools_lyd/examples/xml/xml_lyd/binomial_tree/allreduce_binomial_tree_2ch_32chunk.xml successfully.
c196-101:13666:13699 [3] NCCL INFO Channel 02/0 : 19[83000] -> 23[83000] [send] via NET/IB/0
c196-092:28733:28765 [3] NCCL INFO Channel 02/0 : 11[83000] -> 15[83000] [receive] via NET/IB/0
c196-111:12626:12661 [2] NCCL INFO Channel 02 : 26[82000] -> 27[83000] via direct shared memory
c196-111:12626:12661 [2] NCCL INFO Channel 03 : 26[82000] -> 27[83000] via direct shared memory
c196-111:12627:12663 [3] NCCL INFO Channel 00/0 : 27[83000] -> 31[83000] [send] via NET/IB/0
c196-092:28730:28769 [0] NCCL INFO Channel 00/0 : 12[2000] -> 8[2000] [send] via NET/IB/0
c196-082:7259:7293 [0] NCCL INFO Channel 00/0 : 9[3000] -> 4[2000] [receive] via NET/IB/0
c196-111:12624:12657 [0] NCCL INFO Channel 00/0 : 28[2000] -> 24[2000] [receive] via NET/IB/0
c196-101:13663:13697 [0] NCCL INFO Channel 01/0 : 20[2000] -> 16[2000] [receive] via NET/IB/0
c196-092:28730:28769 [0] NCCL INFO Connected all trees
c196-092:28730:28769 [0] NCCL INFO MSCCL_XML_FILES set by environment to /home1/09168/ldai1/ccl-build/msccl_tools_lyd/examples/xml/xml_lyd/binomial_tree/allreduce_binomial_tree_2ch_32chunk.xml
c196-092:28730:28769 [0] NCCL INFO MSCCL: Parsing algorithm /home1/09168/ldai1/ccl-build/msccl_tools_lyd/examples/xml/xml_lyd/binomial_tree/allreduce_binomial_tree_2ch_32chunk.xml
c196-092:28731:28768 [1] NCCL INFO Connected all trees
c196-092:28731:28768 [1] NCCL INFO MSCCL_XML_FILES set by environment to /home1/09168/ldai1/ccl-build/msccl_tools_lyd/examples/xml/xml_lyd/binomial_tree/allreduce_binomial_tree_2ch_32chunk.xml
c196-092:28731:28768 [1] NCCL INFO MSCCL: Parsing algorithm /home1/09168/ldai1/ccl-build/msccl_tools_lyd/examples/xml/xml_lyd/binomial_tree/allreduce_binomial_tree_2ch_32chunk.xml
c196-091:5874:5911 [1] NCCL INFO Channel 00 : 9[3000] -> 8[2000] via direct shared memory
c196-091:5874:5911 [1] NCCL INFO Channel 01 : 9[3000] -> 8[2000] via direct shared memory
c196-091:5875:5908 [2] NCCL INFO Connected all trees
c196-091:5875:5908 [2] NCCL INFO MSCCL_XML_FILES set by environment to /home1/09168/ldai1/ccl-build/msccl_tools_lyd/examples/xml/xml_lyd/binomial_tree/allreduce_binomial_tree_2ch_32chunk.xml
c196-091:5875:5908 [2] NCCL INFO MSCCL: Parsing algorithm /home1/09168/ldai1/ccl-build/msccl_tools_lyd/examples/xml/xml_lyd/binomial_tree/allreduce_binomial_tree_2ch_32chunk.xml
c196-111:12627:12663 [3] NCCL INFO Channel 02/0 : 27[83000] -> 31[83000] [send] via NET/IB/0
c196-112:32416:32454 [0] NCCL INFO Connected all trees
c196-112:32416:32454 [0] NCCL INFO MSCCL_XML_FILES set by environment to /home1/09168/ldai1/ccl-build/msccl_tools_lyd/examples/xml/xml_lyd/binomial_tree/allreduce_binomial_tree_2ch_32chunk.xml
c196-112:32416:32454 [0] NCCL INFO MSCCL: Parsing algorithm /home1/09168/ldai1/ccl-build/msccl_tools_lyd/examples/xml/xml_lyd/binomial_tree/allreduce_binomial_tree_2ch_32chunk.xml
c196-112:32417:32455 [1] NCCL INFO Connected all trees
c196-112:32417:32455 [1] NCCL INFO MSCCL_XML_FILES set by environment to /home1/09168/ldai1/ccl-build/msccl_tools_lyd/examples/xml/xml_lyd/binomial_tree/allreduce_binomial_tree_2ch_32chunk.xml
c196-112:32417:32455 [1] NCCL INFO MSCCL: Parsing algorithm /home1/09168/ldai1/ccl-build/msccl_tools_lyd/examples/xml/xml_lyd/binomial_tree/allreduce_binomial_tree_2ch_32chunk.xml
c196-101:13663:13697 [0] NCCL INFO Connected all trees
c196-101:13663:13697 [0] NCCL INFO MSCCL_XML_FILES set by environment to /home1/09168/ldai1/ccl-build/msccl_tools_lyd/examples/xml/xml_lyd/binomial_tree/allreduce_binomial_tree_2ch_32chunk.xml
c196-101:13663:13697 [0] NCCL INFO MSCCL: Parsing algorithm /home1/09168/ldai1/ccl-build/msccl_tools_lyd/examples/xml/xml_lyd/binomial_tree/allreduce_binomial_tree_2ch_32chunk.xml
c196-101:13664:13703 [1] NCCL INFO Connected all trees
c196-101:13664:13703 [1] NCCL INFO MSCCL_XML_FILES set by environment to /home1/09168/ldai1/ccl-build/msccl_tools_lyd/examples/xml/xml_lyd/binomial_tree/allreduce_binomial_tree_2ch_32chunk.xml
c196-101:13664:13703 [1] NCCL INFO MSCCL: Parsing algorithm /home1/09168/ldai1/ccl-build/msccl_tools_lyd/examples/xml/xml_lyd/binomial_tree/allreduce_binomial_tree_2ch_32chunk.xml
c196-091:5873:5913 [0] NCCL INFO Channel 01/0 : 8[2000] -> 5[3000] [send] via NET/IB/0
c196-082:7259:7293 [0] NCCL INFO Channel 01/0 : 4[2000] -> 0[2000] [send] via NET/IB/0
c196-111:12624:12657 [0] NCCL INFO Channel 01/0 : 24[2000] -> 21[3000] [send] via NET/IB/0
c196-091:5873:5913 [0] NCCL INFO Connected all trees
c196-091:5873:5913 [0] NCCL INFO MSCCL_XML_FILES set by environment to /home1/09168/ldai1/ccl-build/msccl_tools_lyd/examples/xml/xml_lyd/binomial_tree/allreduce_binomial_tree_2ch_32chunk.xml
c196-091:5873:5913 [0] NCCL INFO MSCCL: Parsing algorithm /home1/09168/ldai1/ccl-build/msccl_tools_lyd/examples/xml/xml_lyd/binomial_tree/allreduce_binomial_tree_2ch_32chunk.xml
c196-082:7260:7295 [1] NCCL INFO Channel 00 : 5[3000] -> 4[2000] via direct shared memory
c196-082:7260:7295 [1] NCCL INFO Channel 01 : 5[3000] -> 4[2000] via direct shared memory
c196-091:5874:5911 [1] NCCL INFO Connected all trees
c196-091:5874:5911 [1] NCCL INFO MSCCL_XML_FILES set by environment to /home1/09168/ldai1/ccl-build/msccl_tools_lyd/examples/xml/xml_lyd/binomial_tree/allreduce_binomial_tree_2ch_32chunk.xml
c196-091:5874:5911 [1] NCCL INFO MSCCL: Parsing algorithm /home1/09168/ldai1/ccl-build/msccl_tools_lyd/examples/xml/xml_lyd/binomial_tree/allreduce_binomial_tree_2ch_32chunk.xml
c196-092:28730:28769 [0] NCCL INFO Parsed MSCCL Algorithm /home1/09168/ldai1/ccl-build/msccl_tools_lyd/examples/xml/xml_lyd/binomial_tree/allreduce_binomial_tree_2ch_32chunk.xml successfully.
c196-092:28731:28768 [1] NCCL INFO Parsed MSCCL Algorithm /home1/09168/ldai1/ccl-build/msccl_tools_lyd/examples/xml/xml_lyd/binomial_tree/allreduce_binomial_tree_2ch_32chunk.xml successfully.
c196-092:28730:28769 [0] NCCL INFO Channel 02 : 12[2000] -> 13[3000] via direct shared memory
c196-092:28730:28769 [0] NCCL INFO Channel 03 : 12[2000] -> 13[3000] via direct shared memory
c196-091:5875:5908 [2] NCCL INFO Parsed MSCCL Algorithm /home1/09168/ldai1/ccl-build/msccl_tools_lyd/examples/xml/xml_lyd/binomial_tree/allreduce_binomial_tree_2ch_32chunk.xml successfully.
c196-081:20110:20141 [0] NCCL INFO Connected all trees
c196-081:20110:20141 [0] NCCL INFO MSCCL_XML_FILES set by environment to /home1/09168/ldai1/ccl-build/msccl_tools_lyd/examples/xml/xml_lyd/binomial_tree/allreduce_binomial_tree_2ch_32chunk.xml
c196-081:20110:20141 [0] NCCL INFO MSCCL: Parsing algorithm /home1/09168/ldai1/ccl-build/msccl_tools_lyd/examples/xml/xml_lyd/binomial_tree/allreduce_binomial_tree_2ch_32chunk.xml
c196-082:7261:7299 [2] NCCL INFO Connected all trees
c196-082:7261:7299 [2] NCCL INFO MSCCL_XML_FILES set by environment to /home1/09168/ldai1/ccl-build/msccl_tools_lyd/examples/xml/xml_lyd/binomial_tree/allreduce_binomial_tree_2ch_32chunk.xml
c196-082:7261:7299 [2] NCCL INFO MSCCL: Parsing algorithm /home1/09168/ldai1/ccl-build/msccl_tools_lyd/examples/xml/xml_lyd/binomial_tree/allreduce_binomial_tree_2ch_32chunk.xml
c196-082:7259:7293 [0] NCCL INFO Connected all trees
c196-082:7259:7293 [0] NCCL INFO MSCCL_XML_FILES set by environment to /home1/09168/ldai1/ccl-build/msccl_tools_lyd/examples/xml/xml_lyd/binomial_tree/allreduce_binomial_tree_2ch_32chunk.xml
c196-082:7259:7293 [0] NCCL INFO MSCCL: Parsing algorithm /home1/09168/ldai1/ccl-build/msccl_tools_lyd/examples/xml/xml_lyd/binomial_tree/allreduce_binomial_tree_2ch_32chunk.xml
c196-081:20111:20150 [1] NCCL INFO Connected all trees
c196-081:20111:20150 [1] NCCL INFO MSCCL_XML_FILES set by environment to /home1/09168/ldai1/ccl-build/msccl_tools_lyd/examples/xml/xml_lyd/binomial_tree/allreduce_binomial_tree_2ch_32chunk.xml
c196-082:7260:7295 [1] NCCL INFO Connected all trees
c196-082:7260:7295 [1] NCCL INFO MSCCL_XML_FILES set by environment to /home1/09168/ldai1/ccl-build/msccl_tools_lyd/examples/xml/xml_lyd/binomial_tree/allreduce_binomial_tree_2ch_32chunk.xml
c196-082:7260:7295 [1] NCCL INFO MSCCL: Parsing algorithm /home1/09168/ldai1/ccl-build/msccl_tools_lyd/examples/xml/xml_lyd/binomial_tree/allreduce_binomial_tree_2ch_32chunk.xml
c196-081:20111:20150 [1] NCCL INFO MSCCL: Parsing algorithm /home1/09168/ldai1/ccl-build/msccl_tools_lyd/examples/xml/xml_lyd/binomial_tree/allreduce_binomial_tree_2ch_32chunk.xml
c196-111:12624:12657 [0] NCCL INFO Connected all trees
c196-111:12624:12657 [0] NCCL INFO MSCCL_XML_FILES set by environment to /home1/09168/ldai1/ccl-build/msccl_tools_lyd/examples/xml/xml_lyd/binomial_tree/allreduce_binomial_tree_2ch_32chunk.xml
c196-111:12624:12657 [0] NCCL INFO MSCCL: Parsing algorithm /home1/09168/ldai1/ccl-build/msccl_tools_lyd/examples/xml/xml_lyd/binomial_tree/allreduce_binomial_tree_2ch_32chunk.xml
c196-112:32416:32454 [0] NCCL INFO Parsed MSCCL Algorithm /home1/09168/ldai1/ccl-build/msccl_tools_lyd/examples/xml/xml_lyd/binomial_tree/allreduce_binomial_tree_2ch_32chunk.xml successfully.
c196-102:4617:4650 [1] NCCL INFO Channel 00 : 21[3000] -> 20[2000] via direct shared memory
c196-112:32416:32454 [0] NCCL INFO Channel 02 : 28[2000] -> 29[3000] via direct shared memory
c196-112:32416:32454 [0] NCCL INFO Channel 03 : 28[2000] -> 29[3000] via direct shared memory
c196-102:4617:4650 [1] NCCL INFO Channel 01 : 21[3000] -> 20[2000] via direct shared memory
c196-112:32417:32455 [1] NCCL INFO Parsed MSCCL Algorithm /home1/09168/ldai1/ccl-build/msccl_tools_lyd/examples/xml/xml_lyd/binomial_tree/allreduce_binomial_tree_2ch_32chunk.xml successfully.
c196-102:4616:4651 [0] NCCL INFO Connected all trees
c196-102:4616:4651 [0] NCCL INFO MSCCL_XML_FILES set by environment to /home1/09168/ldai1/ccl-build/msccl_tools_lyd/examples/xml/xml_lyd/binomial_tree/allreduce_binomial_tree_2ch_32chunk.xml
c196-102:4616:4651 [0] NCCL INFO MSCCL: Parsing algorithm /home1/09168/ldai1/ccl-build/msccl_tools_lyd/examples/xml/xml_lyd/binomial_tree/allreduce_binomial_tree_2ch_32chunk.xml
c196-111:12625:12659 [1] NCCL INFO Connected all trees
c196-111:12625:12659 [1] NCCL INFO MSCCL_XML_FILES set by environment to /home1/09168/ldai1/ccl-build/msccl_tools_lyd/examples/xml/xml_lyd/binomial_tree/allreduce_binomial_tree_2ch_32chunk.xml
c196-111:12625:12659 [1] NCCL INFO MSCCL: Parsing algorithm /home1/09168/ldai1/ccl-build/msccl_tools_lyd/examples/xml/xml_lyd/binomial_tree/allreduce_binomial_tree_2ch_32chunk.xml
c196-111:12627:12663 [3] NCCL INFO Channel 00/0 : 19[83000] -> 27[83000] [receive] via NET/IB/0
c196-102:4617:4650 [1] NCCL INFO Connected all trees
c196-102:4617:4650 [1] NCCL INFO MSCCL_XML_FILES set by environment to /home1/09168/ldai1/ccl-build/msccl_tools_lyd/examples/xml/xml_lyd/binomial_tree/allreduce_binomial_tree_2ch_32chunk.xml
c196-102:4617:4650 [1] NCCL INFO MSCCL: Parsing algorithm /home1/09168/ldai1/ccl-build/msccl_tools_lyd/examples/xml/xml_lyd/binomial_tree/allreduce_binomial_tree_2ch_32chunk.xml
c196-112:32419:32452 [3] NCCL INFO Channel 02/0 : 23[83000] -> 31[83000] [receive] via NET/IB/0
c196-102:4618:4655 [2] NCCL INFO Connected all trees
c196-102:4618:4655 [2] NCCL INFO MSCCL_XML_FILES set by environment to /home1/09168/ldai1/ccl-build/msccl_tools_lyd/examples/xml/xml_lyd/binomial_tree/allreduce_binomial_tree_2ch_32chunk.xml
c196-102:4618:4655 [2] NCCL INFO MSCCL: Parsing algorithm /home1/09168/ldai1/ccl-build/msccl_tools_lyd/examples/xml/xml_lyd/binomial_tree/allreduce_binomial_tree_2ch_32chunk.xml
c196-092:28731:28768 [1] NCCL INFO Channel 02 : 13[3000] -> 14[82000] via direct shared memory
c196-092:28731:28768 [1] NCCL INFO Channel 03 : 13[3000] -> 14[82000] via direct shared memory
c196-091:5875:5908 [2] NCCL INFO Channel 02 : 10[82000] -> 11[83000] via direct shared memory
c196-091:5875:5908 [2] NCCL INFO Channel 03 : 10[82000] -> 11[83000] via direct shared memory
c196-091:5876:5906 [3] NCCL INFO Channel 00/0 : 11[83000] -> 15[83000] [send] via NET/IB/0
c196-092:28730:28769 [0] NCCL INFO Channel 01/0 : 8[2000] -> 12[2000] [receive] via NET/IB/0
c196-101:13663:13697 [0] NCCL INFO Parsed MSCCL Algorithm /home1/09168/ldai1/ccl-build/msccl_tools_lyd/examples/xml/xml_lyd/binomial_tree/allreduce_binomial_tree_2ch_32chunk.xml successfully.
c196-101:13664:13703 [1] NCCL INFO Parsed MSCCL Algorithm /home1/09168/ldai1/ccl-build/msccl_tools_lyd/examples/xml/xml_lyd/binomial_tree/allreduce_binomial_tree_2ch_32chunk.xml successfully.
c196-112:32417:32455 [1] NCCL INFO Channel 02 : 29[3000] -> 30[82000] via direct shared memory
c196-112:32417:32455 [1] NCCL INFO Channel 03 : 29[3000] -> 30[82000] via direct shared memory
c196-101:13663:13697 [0] NCCL INFO Channel 02 : 16[2000] -> 17[3000] via direct shared memory
c196-101:13663:13697 [0] NCCL INFO Channel 03 : 16[2000] -> 17[3000] via direct shared memory
c196-112:32416:32454 [0] NCCL INFO Channel 01/0 : 24[2000] -> 28[2000] [receive] via NET/IB/0
c196-092:28731:28768 [1] NCCL INFO Channel 02 : 13[3000] -> 12[2000] via direct shared memory
c196-092:28732:28764 [2] NCCL INFO Channel 02 : 14[82000] -> 13[3000] via direct shared memory
c196-092:28731:28768 [1] NCCL INFO Channel 03 : 13[3000] -> 12[2000] via direct shared memory
c196-092:28732:28764 [2] NCCL INFO Channel 03 : 14[82000] -> 13[3000] via direct shared memory
c196-101:13664:13703 [1] NCCL INFO Channel 02 : 17[3000] -> 18[82000] via direct shared memory
c196-101:13664:13703 [1] NCCL INFO Channel 03 : 17[3000] -> 18[82000] via direct shared memory
c196-112:32417:32455 [1] NCCL INFO Channel 02 : 29[3000] -> 28[2000] via direct shared memory
c196-112:32418:32449 [2] NCCL INFO Channel 02 : 30[82000] -> 29[3000] via direct shared memory
c196-112:32417:32455 [1] NCCL INFO Channel 03 : 29[3000] -> 28[2000] via direct shared memory
c196-112:32418:32449 [2] NCCL INFO Channel 03 : 30[82000] -> 29[3000] via direct shared memory
c196-101:13663:13697 [0] NCCL INFO Channel 03/0 : 16[2000] -> 20[2000] [send] via NET/IB/0
c196-091:5873:5913 [0] NCCL INFO Parsed MSCCL Algorithm /home1/09168/ldai1/ccl-build/msccl_tools_lyd/examples/xml/xml_lyd/binomial_tree/allreduce_binomial_tree_2ch_32chunk.xml successfully.
c196-091:5873:5913 [0] NCCL INFO Channel 02 : 8[2000] -> 9[3000] via direct shared memory
c196-091:5873:5913 [0] NCCL INFO Channel 03 : 8[2000] -> 9[3000] via direct shared memory
c196-091:5874:5911 [1] NCCL INFO Parsed MSCCL Algorithm /home1/09168/ldai1/ccl-build/msccl_tools_lyd/examples/xml/xml_lyd/binomial_tree/allreduce_binomial_tree_2ch_32chunk.xml successfully.
c196-082:7261:7299 [2] NCCL INFO Parsed MSCCL Algorithm /home1/09168/ldai1/ccl-build/msccl_tools_lyd/examples/xml/xml_lyd/binomial_tree/allreduce_binomial_tree_2ch_32chunk.xml successfully.
c196-081:20110:20141 [0] NCCL INFO Parsed MSCCL Algorithm /home1/09168/ldai1/ccl-build/msccl_tools_lyd/examples/xml/xml_lyd/binomial_tree/allreduce_binomial_tree_2ch_32chunk.xml successfully.
c196-082:7259:7293 [0] NCCL INFO Parsed MSCCL Algorithm /home1/09168/ldai1/ccl-build/msccl_tools_lyd/examples/xml/xml_lyd/binomial_tree/allreduce_binomial_tree_2ch_32chunk.xml successfully.
c196-081:20110:20141 [0] NCCL INFO Channel 02 : 0[2000] -> 1[3000] via direct shared memory
c196-082:7259:7293 [0] NCCL INFO Channel 02 : 4[2000] -> 5[3000] via direct shared memory
c196-082:7260:7295 [1] NCCL INFO Parsed MSCCL Algorithm /home1/09168/ldai1/ccl-build/msccl_tools_lyd/examples/xml/xml_lyd/binomial_tree/allreduce_binomial_tree_2ch_32chunk.xml successfully.
c196-081:20111:20150 [1] NCCL INFO Parsed MSCCL Algorithm /home1/09168/ldai1/ccl-build/msccl_tools_lyd/examples/xml/xml_lyd/binomial_tree/allreduce_binomial_tree_2ch_32chunk.xml successfully.
c196-082:7259:7293 [0] NCCL INFO Channel 03 : 4[2000] -> 5[3000] via direct shared memory
c196-081:20110:20141 [0] NCCL INFO Channel 03 : 0[2000] -> 1[3000] via direct shared memory
c196-111:12624:12657 [0] NCCL INFO Parsed MSCCL Algorithm /home1/09168/ldai1/ccl-build/msccl_tools_lyd/examples/xml/xml_lyd/binomial_tree/allreduce_binomial_tree_2ch_32chunk.xml successfully.
c196-111:12624:12657 [0] NCCL INFO Channel 02 : 24[2000] -> 25[3000] via direct shared memory
c196-111:12624:12657 [0] NCCL INFO Channel 03 : 24[2000] -> 25[3000] via direct shared memory
c196-091:5876:5906 [3] NCCL INFO Channel 02/0 : 11[83000] -> 15[83000] [send] via NET/IB/0
c196-111:12625:12659 [1] NCCL INFO Parsed MSCCL Algorithm /home1/09168/ldai1/ccl-build/msccl_tools_lyd/examples/xml/xml_lyd/binomial_tree/allreduce_binomial_tree_2ch_32chunk.xml successfully.
c196-101:13664:13703 [1] NCCL INFO Channel 02 : 17[3000] -> 16[2000] via direct shared memory
c196-101:13665:13701 [2] NCCL INFO Channel 02 : 18[82000] -> 17[3000] via direct shared memory
c196-101:13664:13703 [1] NCCL INFO Channel 03 : 17[3000] -> 16[2000] via direct shared memory
c196-101:13665:13701 [2] NCCL INFO Channel 03 : 18[82000] -> 17[3000] via direct shared memory
c196-092:28730:28769 [0] NCCL INFO Channel 03/0 : 8[2000] -> 12[2000] [receive] via NET/IB/0
c196-102:4618:4655 [2] NCCL INFO Parsed MSCCL Algorithm /home1/09168/ldai1/ccl-build/msccl_tools_lyd/examples/xml/xml_lyd/binomial_tree/allreduce_binomial_tree_2ch_32chunk.xml successfully.
c196-102:4617:4650 [1] NCCL INFO Parsed MSCCL Algorithm /home1/09168/ldai1/ccl-build/msccl_tools_lyd/examples/xml/xml_lyd/binomial_tree/allreduce_binomial_tree_2ch_32chunk.xml successfully.
c196-091:5874:5911 [1] NCCL INFO Channel 02 : 9[3000] -> 10[82000] via direct shared memory
c196-091:5874:5911 [1] NCCL INFO Channel 03 : 9[3000] -> 10[82000] via direct shared memory
c196-102:4616:4651 [0] NCCL INFO Parsed MSCCL Algorithm /home1/09168/ldai1/ccl-build/msccl_tools_lyd/examples/xml/xml_lyd/binomial_tree/allreduce_binomial_tree_2ch_32chunk.xml successfully.
c196-082:7261:7299 [2] NCCL INFO Channel 02 : 6[82000] -> 7[83000] via direct shared memory
c196-082:7261:7299 [2] NCCL INFO Channel 03 : 6[82000] -> 7[83000] via direct shared memory
c196-102:4616:4651 [0] NCCL INFO Channel 02 : 20[2000] -> 21[3000] via direct shared memory
c196-102:4616:4651 [0] NCCL INFO Channel 03 : 20[2000] -> 21[3000] via direct shared memory
c196-081:20111:20150 [1] NCCL INFO Channel 02 : 1[3000] -> 2[82000] via direct shared memory
c196-081:20111:20150 [1] NCCL INFO Channel 03 : 1[3000] -> 2[82000] via direct shared memory
c196-082:7262:7297 [3] NCCL INFO Channel 00/0 : 3[83000] -> 7[83000] [receive] via NET/IB/0
c196-091:5873:5913 [0] NCCL INFO Channel 01/0 : 8[2000] -> 12[2000] [send] via NET/IB/0
c196-082:7260:7295 [1] NCCL INFO Channel 02 : 5[3000] -> 6[82000] via direct shared memory
c196-082:7260:7295 [1] NCCL INFO Channel 03 : 5[3000] -> 6[82000] via direct shared memory
c196-112:32416:32454 [0] NCCL INFO Channel 03/0 : 24[2000] -> 28[2000] [receive] via NET/IB/0
c196-081:20110:20141 [0] NCCL INFO Channel 03/0 : 0[2000] -> 4[2000] [send] via NET/IB/0
c196-082:7259:7293 [0] NCCL INFO Channel 03/0 : 0[2000] -> 4[2000] [receive] via NET/IB/0
c196-111:12625:12659 [1] NCCL INFO Channel 02 : 25[3000] -> 26[82000] via direct shared memory
c196-111:12625:12659 [1] NCCL INFO Channel 03 : 25[3000] -> 26[82000] via direct shared memory
c196-102:4618:4655 [2] NCCL INFO Channel 02 : 22[82000] -> 23[83000] via direct shared memory
c196-102:4618:4655 [2] NCCL INFO Channel 03 : 22[82000] -> 23[83000] via direct shared memory
c196-102:4619:4653 [3] NCCL INFO Channel 00/0 : 19[83000] -> 23[83000] [receive] via NET/IB/0
c196-111:12624:12657 [0] NCCL INFO Channel 01/0 : 24[2000] -> 28[2000] [send] via NET/IB/0
c196-102:4617:4650 [1] NCCL INFO Channel 02 : 21[3000] -> 22[82000] via direct shared memory
c196-102:4617:4650 [1] NCCL INFO Channel 03 : 21[3000] -> 22[82000] via direct shared memory
c196-102:4616:4651 [0] NCCL INFO Channel 03/0 : 16[2000] -> 20[2000] [receive] via NET/IB/0
c196-091:5875:5908 [2] NCCL INFO Channel 02 : 10[82000] -> 9[3000] via direct shared memory
c196-091:5874:5911 [1] NCCL INFO Channel 02 : 9[3000] -> 8[2000] via direct shared memory
c196-091:5875:5908 [2] NCCL INFO Channel 03 : 10[82000] -> 9[3000] via direct shared memory
c196-091:5874:5911 [1] NCCL INFO Channel 03 : 9[3000] -> 8[2000] via direct shared memory
c196-081:20112:20147 [2] NCCL INFO Channel 02 : 2[82000] -> 1[3000] via direct shared memory
c196-081:20111:20150 [1] NCCL INFO Channel 02 : 1[3000] -> 0[2000] via direct shared memory
c196-081:20112:20147 [2] NCCL INFO Channel 03 : 2[82000] -> 1[3000] via direct shared memory
c196-081:20111:20150 [1] NCCL INFO Channel 03 : 1[3000] -> 0[2000] via direct shared memory
c196-082:7261:7299 [2] NCCL INFO Channel 02 : 6[82000] -> 5[3000] via direct shared memory
c196-082:7261:7299 [2] NCCL INFO Channel 03 : 6[82000] -> 5[3000] via direct shared memory
c196-082:7260:7295 [1] NCCL INFO Channel 02 : 5[3000] -> 4[2000] via direct shared memory
c196-082:7260:7295 [1] NCCL INFO Channel 03 : 5[3000] -> 4[2000] via direct shared memory
c196-111:12625:12659 [1] NCCL INFO Channel 02 : 25[3000] -> 24[2000] via direct shared memory
c196-111:12626:12661 [2] NCCL INFO Channel 02 : 26[82000] -> 25[3000] via direct shared memory
c196-111:12625:12659 [1] NCCL INFO Channel 03 : 25[3000] -> 24[2000] via direct shared memory
c196-111:12626:12661 [2] NCCL INFO Channel 03 : 26[82000] -> 25[3000] via direct shared memory
c196-102:4618:4655 [2] NCCL INFO Channel 02 : 22[82000] -> 21[3000] via direct shared memory
c196-102:4618:4655 [2] NCCL INFO Channel 03 : 22[82000] -> 21[3000] via direct shared memory
c196-102:4617:4650 [1] NCCL INFO Channel 02 : 21[3000] -> 20[2000] via direct shared memory
c196-102:4617:4650 [1] NCCL INFO Channel 03 : 21[3000] -> 20[2000] via direct shared memory
c196-082:7262:7297 [3] NCCL INFO Channel 02/0 : 3[83000] -> 7[83000] [receive] via NET/IB/0
c196-091:5873:5913 [0] NCCL INFO Channel 03/0 : 8[2000] -> 12[2000] [send] via NET/IB/0
c196-091:5876:5906 [3] NCCL INFO Channel 00/0 : 3[83000] -> 11[83000] [receive] via NET/IB/0
c196-092:28733:28765 [3] NCCL INFO Channel 02/0 : 7[83000] -> 15[83000] [receive] via NET/IB/0
c196-102:4619:4653 [3] NCCL INFO Channel 02/0 : 19[83000] -> 23[83000] [receive] via NET/IB/0
c196-111:12624:12657 [0] NCCL INFO Channel 03/0 : 24[2000] -> 28[2000] [send] via NET/IB/0
c196-081:20110:20141 [0] NCCL INFO Channel 01/0 : 0[2000] -> 8[2000] [send] via NET/IB/0
c196-082:7259:7293 [0] NCCL INFO Channel 03/0 : 4[2000] -> 12[2000] [send] via NET/IB/0
c196-102:4616:4651 [0] NCCL INFO Channel 03/0 : 20[2000] -> 28[2000] [send] via NET/IB/0
c196-101:13663:13697 [0] NCCL INFO Channel 01/0 : 16[2000] -> 24[2000] [send] via NET/IB/0
c196-091:5873:5913 [0] NCCL INFO Channel 01/0 : 0[2000] -> 8[2000] [receive] via NET/IB/0
c196-081:20113:20148 [3] NCCL INFO Channel 00/0 : 3[83000] -> 11[83000] [send] via NET/IB/0
c196-082:7262:7297 [3] NCCL INFO Channel 02/0 : 7[83000] -> 15[83000] [send] via NET/IB/0
c196-092:28730:28769 [0] NCCL INFO Channel 03/0 : 4[2000] -> 12[2000] [receive] via NET/IB/0
c196-101:13666:13699 [3] NCCL INFO Channel 00/0 : 19[83000] -> 27[83000] [send] via NET/IB/0
c196-102:4619:4653 [3] NCCL INFO Channel 02/0 : 23[83000] -> 31[83000] [send] via NET/IB/0
c196-111:12624:12657 [0] NCCL INFO Channel 01/0 : 16[2000] -> 24[2000] [receive] via NET/IB/0
c196-112:32416:32454 [0] NCCL INFO Channel 03/0 : 20[2000] -> 28[2000] [receive] via NET/IB/0
c196-081:20110:20141 [0] NCCL INFO Channel 01/0 : 16[2000] -> 0[2000] [receive] via NET/IB/0
c196-081:20113:20148 [3] NCCL INFO Channel 00/0 : 19[83000] -> 3[83000] [receive] via NET/IB/0
c196-082:7262:7297 [3] NCCL INFO Channel 02/0 : 15[83000] -> 7[83000] [receive] via NET/IB/0
c196-091:5873:5913 [0] NCCL INFO Channel 01/0 : 8[2000] -> 0[2000] [send] via NET/IB/0
c196-091:5876:5906 [3] NCCL INFO Channel 00/0 : 11[83000] -> 3[83000] [send] via NET/IB/0
c196-082:7259:7293 [0] NCCL INFO Channel 03/0 : 12[2000] -> 4[2000] [receive] via NET/IB/0
c196-092:28733:28765 [3] NCCL INFO Channel 02/0 : 31[83000] -> 15[83000] [receive] via NET/IB/0
c196-092:28730:28769 [0] NCCL INFO Channel 03/0 : 28[2000] -> 12[2000] [receive] via NET/IB/0
c196-101:13666:13699 [3] NCCL INFO Channel 00/0 : 3[83000] -> 19[83000] [receive] via NET/IB/0
c196-102:4619:4653 [3] NCCL INFO Channel 02/0 : 31[83000] -> 23[83000] [receive] via NET/IB/0
c196-111:12627:12663 [3] NCCL INFO Channel 00/0 : 27[83000] -> 19[83000] [send] via NET/IB/0
c196-112:32419:32452 [3] NCCL INFO Channel 02/0 : 15[83000] -> 31[83000] [receive] via NET/IB/0
c196-102:4616:4651 [0] NCCL INFO Channel 03/0 : 28[2000] -> 20[2000] [receive] via NET/IB/0
c196-111:12624:12657 [0] NCCL INFO Channel 01/0 : 24[2000] -> 16[2000] [send] via NET/IB/0
c196-101:13663:13697 [0] NCCL INFO Channel 01/0 : 0[2000] -> 16[2000] [receive] via NET/IB/0
c196-112:32416:32454 [0] NCCL INFO Channel 03/0 : 12[2000] -> 28[2000] [receive] via NET/IB/0
c196-081:20110:20141 [0] NCCL INFO Channel 01/0 : 0[2000] -> 16[2000] [send] via NET/IB/0
c196-081:20113:20148 [3] NCCL INFO Channel 00/0 : 3[83000] -> 19[83000] [send] via NET/IB/0
c196-092:28733:28765 [3] NCCL INFO Channel 02/0 : 15[83000] -> 31[83000] [send] via NET/IB/0
c196-092:28730:28769 [0] NCCL INFO Channel 03/0 : 12[2000] -> 28[2000] [send] via NET/IB/0
c196-101:13666:13699 [3] NCCL INFO Channel 00/0 : 19[83000] -> 3[83000] [send] via NET/IB/0
c196-112:32419:32452 [3] NCCL INFO Channel 02/0 : 31[83000] -> 15[83000] [send] via NET/IB/0
c196-101:13663:13697 [0] NCCL INFO Channel 01/0 : 16[2000] -> 0[2000] [send] via NET/IB/0
c196-112:32416:32454 [0] NCCL INFO Channel 03/0 : 28[2000] -> 12[2000] [send] via NET/IB/0
c196-101:13666:13699 [3] NCCL INFO Channel 00/0 : 27[83000] -> 19[83000] [receive] via NET/IB/0
c196-081:20113:20148 [3] NCCL INFO Channel 00/0 : 11[83000] -> 3[83000] [receive] via NET/IB/0
c196-112:32419:32452 [3] NCCL INFO Channel 02/0 : 31[83000] -> 23[83000] [send] via NET/IB/0
c196-092:28733:28765 [3] NCCL INFO Channel 02/0 : 15[83000] -> 7[83000] [send] via NET/IB/0
c196-081:20110:20141 [0] NCCL INFO Channel 01/0 : 8[2000] -> 0[2000] [receive] via NET/IB/0
c196-092:28730:28769 [0] NCCL INFO Channel 03/0 : 12[2000] -> 4[2000] [send] via NET/IB/0
c196-112:32416:32454 [0] NCCL INFO Channel 03/0 : 28[2000] -> 20[2000] [send] via NET/IB/0
c196-101:13663:13697 [0] NCCL INFO Channel 01/0 : 24[2000] -> 16[2000] [receive] via NET/IB/0
c196-091:5876:5906 [3] NCCL INFO Channel 00/0 : 15[83000] -> 11[83000] [receive] via NET/IB/0
c196-111:12627:12663 [3] NCCL INFO Channel 00/0 : 31[83000] -> 27[83000] [receive] via NET/IB/0
c196-101:13666:13699 [3] NCCL INFO Channel 00/0 : 23[83000] -> 19[83000] [receive] via NET/IB/0
c196-081:20113:20148 [3] NCCL INFO Channel 00/0 : 7[83000] -> 3[83000] [receive] via NET/IB/0
c196-112:32419:32452 [3] NCCL INFO Channel 00/0 : 31[83000] -> 27[83000] [send] via NET/IB/0
c196-102:4619:4653 [3] NCCL INFO Channel 00/0 : 23[83000] -> 19[83000] [send] via NET/IB/0
c196-092:28733:28765 [3] NCCL INFO Channel 00/0 : 15[83000] -> 11[83000] [send] via NET/IB/0
c196-091:5873:5913 [0] NCCL INFO Channel 01/0 : 12[2000] -> 8[2000] [receive] via NET/IB/0
c196-082:7262:7297 [3] NCCL INFO Channel 00/0 : 7[83000] -> 3[83000] [send] via NET/IB/0
c196-112:32416:32454 [0] NCCL INFO Channel 01/0 : 28[2000] -> 24[2000] [send] via NET/IB/0
c196-092:28730:28769 [0] NCCL INFO Channel 01/0 : 12[2000] -> 8[2000] [send] via NET/IB/0
c196-081:20110:20141 [0] NCCL INFO Channel 03/0 : 4[2000] -> 0[2000] [receive] via NET/IB/0
c196-082:7259:7293 [0] NCCL INFO Channel 03/0 : 4[2000] -> 0[2000] [send] via NET/IB/0
c196-102:4616:4651 [0] NCCL INFO Channel 03/0 : 20[2000] -> 16[2000] [send] via NET/IB/0
c196-111:12624:12657 [0] NCCL INFO Channel 01/0 : 28[2000] -> 24[2000] [receive] via NET/IB/0
c196-101:13663:13697 [0] NCCL INFO Channel 03/0 : 20[2000] -> 16[2000] [receive] via NET/IB/0
c196-082:7259:7293 [0] NCCL INFO Connected 1 MSCCL algorithms
c196-082:7259:7293 [0] NCCL INFO NCCL_NTHREADS set by environment to 512.
c196-081:20110:20141 [0] NCCL INFO Connected 1 MSCCL algorithms
c196-081:20110:20141 [0] NCCL INFO NCCL_NTHREADS set by environment to 512.
c196-082:7259:7293 [0] NCCL INFO NCCL_PROTO set by environment to Simple
c196-082:7259:7293 [0] NCCL INFO NCCL_ALGO set by environment to MSCCL,TREE,RING
c196-082:7259:7293 [0] NCCL INFO threadThresholds 8/8/64 | 256/8/64 | 8/8/64 | 8/8/512
c196-081:20110:20141 [0] NCCL INFO NCCL_PROTO set by environment to Simple
c196-081:20110:20141 [0] NCCL INFO NCCL_ALGO set by environment to MSCCL,TREE,RING
c196-082:7259:7293 [0] NCCL INFO 4 coll channels, 2 p2p channels, 2 p2p channels per peer
c196-081:20110:20141 [0] NCCL INFO threadThresholds 8/8/64 | 256/8/64 | 8/8/64 | 8/8/512
c196-081:20110:20141 [0] NCCL INFO 4 coll channels, 2 p2p channels, 2 p2p channels per peer
c196-081:20111:20150 [1] NCCL INFO Connected 1 MSCCL algorithms
c196-081:20111:20150 [1] NCCL INFO NCCL_NTHREADS set by environment to 512.
c196-081:20111:20150 [1] NCCL INFO NCCL_PROTO set by environment to Simple
c196-081:20111:20150 [1] NCCL INFO NCCL_ALGO set by environment to MSCCL,TREE,RING
c196-081:20111:20150 [1] NCCL INFO threadThresholds 8/8/64 | 256/8/64 | 8/8/64 | 8/8/512
c196-081:20111:20150 [1] NCCL INFO 4 coll channels, 2 p2p channels, 2 p2p channels per peer
c196-082:7260:7295 [1] NCCL INFO Connected 1 MSCCL algorithms
c196-082:7260:7295 [1] NCCL INFO NCCL_NTHREADS set by environment to 512.
c196-082:7260:7295 [1] NCCL INFO NCCL_PROTO set by environment to Simple
c196-082:7260:7295 [1] NCCL INFO NCCL_ALGO set by environment to MSCCL,TREE,RING
c196-082:7260:7295 [1] NCCL INFO threadThresholds 8/8/64 | 256/8/64 | 8/8/64 | 8/8/512
c196-082:7260:7295 [1] NCCL INFO 4 coll channels, 2 p2p channels, 2 p2p channels per peer
c196-102:4616:4651 [0] NCCL INFO Connected 1 MSCCL algorithms
c196-102:4616:4651 [0] NCCL INFO NCCL_NTHREADS set by environment to 512.
c196-102:4616:4651 [0] NCCL INFO NCCL_PROTO set by environment to Simple
c196-102:4616:4651 [0] NCCL INFO NCCL_ALGO set by environment to MSCCL,TREE,RING
c196-102:4616:4651 [0] NCCL INFO threadThresholds 8/8/64 | 256/8/64 | 8/8/64 | 8/8/512
c196-102:4616:4651 [0] NCCL INFO 4 coll channels, 2 p2p channels, 2 p2p channels per peer
c196-101:13663:13697 [0] NCCL INFO Connected 1 MSCCL algorithms
c196-101:13663:13697 [0] NCCL INFO NCCL_NTHREADS set by environment to 512.
c196-101:13663:13697 [0] NCCL INFO NCCL_PROTO set by environment to Simple
c196-101:13663:13697 [0] NCCL INFO NCCL_ALGO set by environment to MSCCL,TREE,RING
c196-101:13663:13697 [0] NCCL INFO threadThresholds 8/8/64 | 256/8/64 | 8/8/64 | 8/8/512
c196-101:13663:13697 [0] NCCL INFO 4 coll channels, 2 p2p channels, 2 p2p channels per peer
c196-102:4617:4650 [1] NCCL INFO Connected 1 MSCCL algorithms
c196-102:4617:4650 [1] NCCL INFO NCCL_NTHREADS set by environment to 512.
c196-102:4617:4650 [1] NCCL INFO NCCL_PROTO set by environment to Simple
c196-102:4617:4650 [1] NCCL INFO NCCL_ALGO set by environment to MSCCL,TREE,RING
c196-102:4617:4650 [1] NCCL INFO threadThresholds 8/8/64 | 256/8/64 | 8/8/64 | 8/8/512
c196-102:4617:4650 [1] NCCL INFO 4 coll channels, 2 p2p channels, 2 p2p channels per peer
c196-101:13664:13703 [1] NCCL INFO Connected 1 MSCCL algorithms
c196-101:13664:13703 [1] NCCL INFO NCCL_NTHREADS set by environment to 512.
c196-101:13664:13703 [1] NCCL INFO NCCL_PROTO set by environment to Simple
c196-101:13664:13703 [1] NCCL INFO NCCL_ALGO set by environment to MSCCL,TREE,RING
c196-101:13664:13703 [1] NCCL INFO threadThresholds 8/8/64 | 256/8/64 | 8/8/64 | 8/8/512
c196-091:5876:5906 [3] NCCL INFO Channel 02/0 : 15[83000] -> 11[83000] [receive] via NET/IB/0
c196-101:13664:13703 [1] NCCL INFO 4 coll channels, 2 p2p channels, 2 p2p channels per peer
c196-111:12627:12663 [3] NCCL INFO Channel 02/0 : 31[83000] -> 27[83000] [receive] via NET/IB/0
c196-101:13666:13699 [3] NCCL INFO Channel 02/0 : 23[83000] -> 19[83000] [receive] via NET/IB/0
c196-081:20113:20148 [3] NCCL INFO Channel 02/0 : 7[83000] -> 3[83000] [receive] via NET/IB/0
c196-112:32419:32452 [3] NCCL INFO Channel 02/0 : 31[83000] -> 27[83000] [send] via NET/IB/0
c196-102:4619:4653 [3] NCCL INFO Channel 02/0 : 23[83000] -> 19[83000] [send] via NET/IB/0
c196-092:28733:28765 [3] NCCL INFO Channel 02/0 : 15[83000] -> 11[83000] [send] via NET/IB/0
c196-091:5873:5913 [0] NCCL INFO Channel 03/0 : 12[2000] -> 8[2000] [receive] via NET/IB/0
c196-082:7262:7297 [3] NCCL INFO Channel 02/0 : 7[83000] -> 3[83000] [send] via NET/IB/0
c196-112:32416:32454 [0] NCCL INFO Channel 03/0 : 28[2000] -> 24[2000] [send] via NET/IB/0
c196-092:28730:28769 [0] NCCL INFO Channel 03/0 : 12[2000] -> 8[2000] [send] via NET/IB/0
c196-111:12624:12657 [0] NCCL INFO Channel 03/0 : 28[2000] -> 24[2000] [receive] via NET/IB/0
c196-112:32419:32452 [3] NCCL INFO Channel 02 : 31[83000] -> 30[82000] via direct shared memory
c196-112:32419:32452 [3] NCCL INFO Channel 03 : 31[83000] -> 30[82000] via direct shared memory
c196-102:4619:4653 [3] NCCL INFO Channel 02 : 23[83000] -> 22[82000] via direct shared memory
c196-102:4619:4653 [3] NCCL INFO Channel 03 : 23[83000] -> 22[82000] via direct shared memory
c196-092:28733:28765 [3] NCCL INFO Channel 02 : 15[83000] -> 14[82000] via direct shared memory
c196-092:28733:28765 [3] NCCL INFO Channel 03 : 15[83000] -> 14[82000] via direct shared memory
c196-111:12627:12663 [3] NCCL INFO Channel 02 : 27[83000] -> 26[82000] via direct shared memory
c196-111:12627:12663 [3] NCCL INFO Channel 03 : 27[83000] -> 26[82000] via direct shared memory
c196-091:5876:5906 [3] NCCL INFO Channel 02 : 11[83000] -> 10[82000] via direct shared memory
c196-091:5876:5906 [3] NCCL INFO Channel 03 : 11[83000] -> 10[82000] via direct shared memory
c196-082:7262:7297 [3] NCCL INFO Channel 02 : 7[83000] -> 6[82000] via direct shared memory
c196-082:7262:7297 [3] NCCL INFO Channel 03 : 7[83000] -> 6[82000] via direct shared memory
c196-101:13666:13699 [3] NCCL INFO Channel 02 : 19[83000] -> 18[82000] via direct shared memory
c196-101:13666:13699 [3] NCCL INFO Channel 03 : 19[83000] -> 18[82000] via direct shared memory
c196-112:32419:32452 [3] NCCL INFO Connected 1 MSCCL algorithms
c196-112:32419:32452 [3] NCCL INFO NCCL_NTHREADS set by environment to 512.
c196-112:32419:32452 [3] NCCL INFO NCCL_PROTO set by environment to Simple
c196-112:32419:32452 [3] NCCL INFO NCCL_ALGO set by environment to MSCCL,TREE,RING
c196-112:32419:32452 [3] NCCL INFO threadThresholds 8/8/64 | 256/8/64 | 8/8/64 | 8/8/512
c196-112:32419:32452 [3] NCCL INFO 4 coll channels, 2 p2p channels, 2 p2p channels per peer
c196-102:4619:4653 [3] NCCL INFO Connected 1 MSCCL algorithms
c196-102:4619:4653 [3] NCCL INFO NCCL_NTHREADS set by environment to 512.
c196-102:4619:4653 [3] NCCL INFO NCCL_PROTO set by environment to Simple
c196-102:4619:4653 [3] NCCL INFO NCCL_ALGO set by environment to MSCCL,TREE,RING
c196-102:4619:4653 [3] NCCL INFO threadThresholds 8/8/64 | 256/8/64 | 8/8/64 | 8/8/512
c196-102:4619:4653 [3] NCCL INFO 4 coll channels, 2 p2p channels, 2 p2p channels per peer
c196-081:20113:20148 [3] NCCL INFO Channel 02 : 3[83000] -> 2[82000] via direct shared memory
c196-092:28733:28765 [3] NCCL INFO Connected 1 MSCCL algorithms
c196-092:28733:28765 [3] NCCL INFO NCCL_NTHREADS set by environment to 512.
c196-092:28733:28765 [3] NCCL INFO NCCL_PROTO set by environment to Simple
c196-112:32418:32449 [2] NCCL INFO Connected 1 MSCCL algorithms
c196-081:20113:20148 [3] NCCL INFO Channel 03 : 3[83000] -> 2[82000] via direct shared memory
c196-092:28733:28765 [3] NCCL INFO NCCL_ALGO set by environment to MSCCL,TREE,RING
c196-112:32418:32449 [2] NCCL INFO NCCL_NTHREADS set by environment to 512.
c196-112:32418:32449 [2] NCCL INFO NCCL_PROTO set by environment to Simple
c196-092:28733:28765 [3] NCCL INFO threadThresholds 8/8/64 | 256/8/64 | 8/8/64 | 8/8/512
c196-112:32418:32449 [2] NCCL INFO NCCL_ALGO set by environment to MSCCL,TREE,RING
c196-092:28733:28765 [3] NCCL INFO 4 coll channels, 2 p2p channels, 2 p2p channels per peer
c196-112:32418:32449 [2] NCCL INFO threadThresholds 8/8/64 | 256/8/64 | 8/8/64 | 8/8/512
c196-112:32418:32449 [2] NCCL INFO 4 coll channels, 2 p2p channels, 2 p2p channels per peer
c196-092:28732:28764 [2] NCCL INFO Connected 1 MSCCL algorithms
c196-092:28732:28764 [2] NCCL INFO NCCL_NTHREADS set by environment to 512.
c196-111:12627:12663 [3] NCCL INFO Connected 1 MSCCL algorithms
c196-092:28732:28764 [2] NCCL INFO NCCL_PROTO set by environment to Simple
c196-092:28732:28764 [2] NCCL INFO NCCL_ALGO set by environment to MSCCL,TREE,RING
c196-092:28732:28764 [2] NCCL INFO threadThresholds 8/8/64 | 256/8/64 | 8/8/64 | 8/8/512
c196-102:4618:4655 [2] NCCL INFO Connected 1 MSCCL algorithms
c196-102:4618:4655 [2] NCCL INFO NCCL_NTHREADS set by environment to 512.
c196-111:12627:12663 [3] NCCL INFO NCCL_NTHREADS set by environment to 512.
c196-092:28732:28764 [2] NCCL INFO 4 coll channels, 2 p2p channels, 2 p2p channels per peer
c196-102:4618:4655 [2] NCCL INFO NCCL_PROTO set by environment to Simple
c196-102:4618:4655 [2] NCCL INFO NCCL_ALGO set by environment to MSCCL,TREE,RING
c196-111:12627:12663 [3] NCCL INFO NCCL_PROTO set by environment to Simple
c196-102:4618:4655 [2] NCCL INFO threadThresholds 8/8/64 | 256/8/64 | 8/8/64 | 8/8/512
c196-111:12627:12663 [3] NCCL INFO NCCL_ALGO set by environment to MSCCL,TREE,RING
c196-102:4618:4655 [2] NCCL INFO 4 coll channels, 2 p2p channels, 2 p2p channels per peer
c196-111:12627:12663 [3] NCCL INFO threadThresholds 8/8/64 | 256/8/64 | 8/8/64 | 8/8/512
c196-111:12627:12663 [3] NCCL INFO 4 coll channels, 2 p2p channels, 2 p2p channels per peer
c196-111:12626:12661 [2] NCCL INFO Connected 1 MSCCL algorithms
c196-111:12626:12661 [2] NCCL INFO NCCL_NTHREADS set by environment to 512.
c196-111:12626:12661 [2] NCCL INFO NCCL_PROTO set by environment to Simple
c196-111:12626:12661 [2] NCCL INFO NCCL_ALGO set by environment to MSCCL,TREE,RING
c196-111:12626:12661 [2] NCCL INFO threadThresholds 8/8/64 | 256/8/64 | 8/8/64 | 8/8/512
c196-111:12626:12661 [2] NCCL INFO 4 coll channels, 2 p2p channels, 2 p2p channels per peer
c196-091:5876:5906 [3] NCCL INFO Connected 1 MSCCL algorithms
c196-091:5876:5906 [3] NCCL INFO NCCL_NTHREADS set by environment to 512.
c196-091:5876:5906 [3] NCCL INFO NCCL_PROTO set by environment to Simple
c196-082:7262:7297 [3] NCCL INFO Connected 1 MSCCL algorithms
c196-091:5876:5906 [3] NCCL INFO NCCL_ALGO set by environment to MSCCL,TREE,RING
c196-082:7262:7297 [3] NCCL INFO NCCL_NTHREADS set by environment to 512.
c196-082:7262:7297 [3] NCCL INFO NCCL_PROTO set by environment to Simple
c196-091:5876:5906 [3] NCCL INFO threadThresholds 8/8/64 | 256/8/64 | 8/8/64 | 8/8/512
c196-082:7262:7297 [3] NCCL INFO NCCL_ALGO set by environment to MSCCL,TREE,RING
c196-091:5876:5906 [3] NCCL INFO 4 coll channels, 2 p2p channels, 2 p2p channels per peer
c196-082:7262:7297 [3] NCCL INFO threadThresholds 8/8/64 | 256/8/64 | 8/8/64 | 8/8/512
c196-082:7262:7297 [3] NCCL INFO 4 coll channels, 2 p2p channels, 2 p2p channels per peer
c196-091:5875:5908 [2] NCCL INFO Connected 1 MSCCL algorithms
c196-082:7261:7299 [2] NCCL INFO Connected 1 MSCCL algorithms
c196-091:5875:5908 [2] NCCL INFO NCCL_NTHREADS set by environment to 512.
c196-082:7261:7299 [2] NCCL INFO NCCL_NTHREADS set by environment to 512.
c196-091:5875:5908 [2] NCCL INFO NCCL_PROTO set by environment to Simple
c196-091:5875:5908 [2] NCCL INFO NCCL_ALGO set by environment to MSCCL,TREE,RING
c196-082:7261:7299 [2] NCCL INFO NCCL_PROTO set by environment to Simple
c196-082:7261:7299 [2] NCCL INFO NCCL_ALGO set by environment to MSCCL,TREE,RING
c196-091:5875:5908 [2] NCCL INFO threadThresholds 8/8/64 | 256/8/64 | 8/8/64 | 8/8/512
c196-082:7261:7299 [2] NCCL INFO threadThresholds 8/8/64 | 256/8/64 | 8/8/64 | 8/8/512
c196-091:5875:5908 [2] NCCL INFO 4 coll channels, 2 p2p channels, 2 p2p channels per peer
c196-082:7261:7299 [2] NCCL INFO 4 coll channels, 2 p2p channels, 2 p2p channels per peer
c196-101:13666:13699 [3] NCCL INFO Connected 1 MSCCL algorithms
c196-101:13666:13699 [3] NCCL INFO NCCL_NTHREADS set by environment to 512.
c196-101:13666:13699 [3] NCCL INFO NCCL_PROTO set by environment to Simple
c196-101:13666:13699 [3] NCCL INFO NCCL_ALGO set by environment to MSCCL,TREE,RING
c196-101:13666:13699 [3] NCCL INFO threadThresholds 8/8/64 | 256/8/64 | 8/8/64 | 8/8/512
c196-101:13666:13699 [3] NCCL INFO 4 coll channels, 2 p2p channels, 2 p2p channels per peer
c196-101:13665:13701 [2] NCCL INFO Connected 1 MSCCL algorithms
c196-101:13665:13701 [2] NCCL INFO NCCL_NTHREADS set by environment to 512.
c196-101:13665:13701 [2] NCCL INFO NCCL_PROTO set by environment to Simple
c196-101:13665:13701 [2] NCCL INFO NCCL_ALGO set by environment to MSCCL,TREE,RING
c196-101:13665:13701 [2] NCCL INFO threadThresholds 8/8/64 | 256/8/64 | 8/8/64 | 8/8/512
c196-101:13665:13701 [2] NCCL INFO 4 coll channels, 2 p2p channels, 2 p2p channels per peer
c196-081:20113:20148 [3] NCCL INFO Connected 1 MSCCL algorithms
c196-081:20113:20148 [3] NCCL INFO NCCL_NTHREADS set by environment to 512.
c196-081:20113:20148 [3] NCCL INFO NCCL_PROTO set by environment to Simple
c196-081:20113:20148 [3] NCCL INFO NCCL_ALGO set by environment to MSCCL,TREE,RING
c196-081:20113:20148 [3] NCCL INFO threadThresholds 8/8/64 | 256/8/64 | 8/8/64 | 8/8/512
c196-081:20113:20148 [3] NCCL INFO 4 coll channels, 2 p2p channels, 2 p2p channels per peer
c196-081:20112:20147 [2] NCCL INFO Connected 1 MSCCL algorithms
c196-081:20112:20147 [2] NCCL INFO NCCL_NTHREADS set by environment to 512.
c196-081:20112:20147 [2] NCCL INFO NCCL_PROTO set by environment to Simple
c196-081:20112:20147 [2] NCCL INFO NCCL_ALGO set by environment to MSCCL,TREE,RING
c196-081:20112:20147 [2] NCCL INFO threadThresholds 8/8/64 | 256/8/64 | 8/8/64 | 8/8/512
c196-081:20112:20147 [2] NCCL INFO 4 coll channels, 2 p2p channels, 2 p2p channels per peer
c196-091:5873:5913 [0] NCCL INFO Connected 1 MSCCL algorithms
c196-091:5873:5913 [0] NCCL INFO NCCL_NTHREADS set by environment to 512.
c196-091:5873:5913 [0] NCCL INFO NCCL_PROTO set by environment to Simple
c196-091:5873:5913 [0] NCCL INFO NCCL_ALGO set by environment to MSCCL,TREE,RING
c196-091:5873:5913 [0] NCCL INFO threadThresholds 8/8/64 | 256/8/64 | 8/8/64 | 8/8/512
c196-091:5873:5913 [0] NCCL INFO 4 coll channels, 2 p2p channels, 2 p2p channels per peer
c196-091:5874:5911 [1] NCCL INFO Connected 1 MSCCL algorithms
