##################################### MSCCL #####################################
##################################### MSCCL Tree 8 nodes #####################################
TACC:  Starting up job 6169779 
TACC:  Starting parallel tasks... 
# nThread 1 nGpus 1 minBytes 512 maxBytes 268435456 step: 2(factor) warmup iters: 5 iters: 60 agg iters: 1 validation: 1 graph: 0
#
# Using devices
#  Rank  0 Group  0 Pid  13981 on   c196-042 device  0 [0x02] Quadro RTX 5000
#  Rank  1 Group  0 Pid  13982 on   c196-042 device  1 [0x03] Quadro RTX 5000
#  Rank  2 Group  0 Pid  13983 on   c196-042 device  2 [0x82] Quadro RTX 5000
#  Rank  3 Group  0 Pid  13984 on   c196-042 device  3 [0x83] Quadro RTX 5000
#  Rank  4 Group  0 Pid   8754 on   c196-051 device  0 [0x02] Quadro RTX 5000
#  Rank  5 Group  0 Pid   8755 on   c196-051 device  1 [0x03] Quadro RTX 5000
#  Rank  6 Group  0 Pid   8756 on   c196-051 device  2 [0x82] Quadro RTX 5000
#  Rank  7 Group  0 Pid   8757 on   c196-051 device  3 [0x83] Quadro RTX 5000
#  Rank  8 Group  0 Pid  31211 on   c196-052 device  0 [0x02] Quadro RTX 5000
#  Rank  9 Group  0 Pid  31212 on   c196-052 device  1 [0x03] Quadro RTX 5000
#  Rank 10 Group  0 Pid  31213 on   c196-052 device  2 [0x82] Quadro RTX 5000
#  Rank 11 Group  0 Pid  31214 on   c196-052 device  3 [0x83] Quadro RTX 5000
#  Rank 12 Group  0 Pid   4745 on   c196-061 device  0 [0x02] Quadro RTX 5000
#  Rank 13 Group  0 Pid   4746 on   c196-061 device  1 [0x03] Quadro RTX 5000
#  Rank 14 Group  0 Pid   4747 on   c196-061 device  2 [0x82] Quadro RTX 5000
#  Rank 15 Group  0 Pid   4748 on   c196-061 device  3 [0x83] Quadro RTX 5000
#  Rank 16 Group  0 Pid   9096 on   c196-062 device  0 [0x02] Quadro RTX 5000
#  Rank 17 Group  0 Pid   9097 on   c196-062 device  1 [0x03] Quadro RTX 5000
#  Rank 18 Group  0 Pid   9098 on   c196-062 device  2 [0x82] Quadro RTX 5000
#  Rank 19 Group  0 Pid   9099 on   c196-062 device  3 [0x83] Quadro RTX 5000
#  Rank 20 Group  0 Pid  17064 on   c196-071 device  0 [0x02] Quadro RTX 5000
#  Rank 21 Group  0 Pid  17065 on   c196-071 device  1 [0x03] Quadro RTX 5000
#  Rank 22 Group  0 Pid  17066 on   c196-071 device  2 [0x82] Quadro RTX 5000
#  Rank 23 Group  0 Pid  17067 on   c196-071 device  3 [0x83] Quadro RTX 5000
#  Rank 24 Group  0 Pid  27253 on   c196-072 device  0 [0x02] Quadro RTX 5000
#  Rank 25 Group  0 Pid  27254 on   c196-072 device  1 [0x03] Quadro RTX 5000
#  Rank 26 Group  0 Pid  27255 on   c196-072 device  2 [0x82] Quadro RTX 5000
#  Rank 27 Group  0 Pid  27256 on   c196-072 device  3 [0x83] Quadro RTX 5000
#  Rank 28 Group  0 Pid  18336 on   c196-081 device  0 [0x02] Quadro RTX 5000
#  Rank 29 Group  0 Pid  18337 on   c196-081 device  1 [0x03] Quadro RTX 5000
#  Rank 30 Group  0 Pid  18338 on   c196-081 device  2 [0x82] Quadro RTX 5000
#  Rank 31 Group  0 Pid  18339 on   c196-081 device  3 [0x83] Quadro RTX 5000
c196-042:13981:13981 [0] NCCL INFO Bootstrap : Using ib0:192.168.44.108<0>
c196-042:13981:13981 [0] NCCL INFO NET/Plugin : No plugin found (libnccl-net.so), using internal implementation
c196-042:13981:13981 [0] NCCL INFO NET/IB : Using [0]mlx4_0:1/IB [RO]; OOB ib0:192.168.44.108<0>
c196-042:13981:13981 [0] NCCL INFO Using network IB
NCCL version 2.12.12.MSCCL.0.7.4+cuda11.3
c196-042:13983:13983 [2] NCCL INFO Bootstrap : Using ib0:192.168.44.108<0>
c196-042:13983:13983 [2] NCCL INFO NET/Plugin : No plugin found (libnccl-net.so), using internal implementation
c196-042:13983:13983 [2] NCCL INFO NET/IB : Using [0]mlx4_0:1/IB [RO]; OOB ib0:192.168.44.108<0>
c196-042:13983:13983 [2] NCCL INFO Using network IB
c196-042:13984:13984 [3] NCCL INFO Bootstrap : Using ib0:192.168.44.108<0>
c196-042:13984:13984 [3] NCCL INFO NET/Plugin : No plugin found (libnccl-net.so), using internal implementation
c196-042:13984:13984 [3] NCCL INFO NET/IB : Using [0]mlx4_0:1/IB [RO]; OOB ib0:192.168.44.108<0>
c196-042:13984:13984 [3] NCCL INFO Using network IB
c196-042:13982:13982 [1] NCCL INFO Bootstrap : Using ib0:192.168.44.108<0>
c196-042:13982:13982 [1] NCCL INFO NET/Plugin : No plugin found (libnccl-net.so), using internal implementation
c196-042:13982:13982 [1] NCCL INFO NET/IB : Using [0]mlx4_0:1/IB [RO]; OOB ib0:192.168.44.108<0>
c196-042:13982:13982 [1] NCCL INFO Using network IB
c196-081:18336:18336 [0] NCCL INFO Bootstrap : Using ib0:192.168.44.115<0>
c196-081:18337:18337 [1] NCCL INFO Bootstrap : Using ib0:192.168.44.115<0>
c196-081:18339:18339 [3] NCCL INFO Bootstrap : Using ib0:192.168.44.115<0>
c196-081:18338:18338 [2] NCCL INFO Bootstrap : Using ib0:192.168.44.115<0>
c196-081:18336:18336 [0] NCCL INFO NET/Plugin : No plugin found (libnccl-net.so), using internal implementation
c196-081:18337:18337 [1] NCCL INFO NET/Plugin : No plugin found (libnccl-net.so), using internal implementation
c196-081:18338:18338 [2] NCCL INFO NET/Plugin : No plugin found (libnccl-net.so), using internal implementation
c196-081:18339:18339 [3] NCCL INFO NET/Plugin : No plugin found (libnccl-net.so), using internal implementation
c196-081:18336:18336 [0] NCCL INFO NET/IB : Using [0]mlx4_0:1/IB [RO]; OOB ib0:192.168.44.115<0>
c196-081:18336:18336 [0] NCCL INFO Using network IB
c196-081:18338:18338 [2] NCCL INFO NET/IB : Using [0]mlx4_0:1/IB [RO]; OOB ib0:192.168.44.115<0>
c196-081:18338:18338 [2] NCCL INFO Using network IB
c196-081:18339:18339 [3] NCCL INFO NET/IB : Using [0]mlx4_0:1/IB [RO]; OOB ib0:192.168.44.115<0>
c196-081:18339:18339 [3] NCCL INFO Using network IB
c196-081:18337:18337 [1] NCCL INFO NET/IB : Using [0]mlx4_0:1/IB [RO]; OOB ib0:192.168.44.115<0>
c196-081:18337:18337 [1] NCCL INFO Using network IB
c196-071:17066:17066 [2] NCCL INFO Bootstrap : Using ib0:192.168.44.113<0>
c196-071:17066:17066 [2] NCCL INFO NET/Plugin : No plugin found (libnccl-net.so), using internal implementation
c196-071:17066:17066 [2] NCCL INFO NET/IB : Using [0]mlx4_0:1/IB [RO]; OOB ib0:192.168.44.113<0>
c196-071:17066:17066 [2] NCCL INFO Using network IB
c196-072:27255:27255 [2] NCCL INFO Bootstrap : Using ib0:192.168.44.114<0>
c196-072:27256:27256 [3] NCCL INFO Bootstrap : Using ib0:192.168.44.114<0>
c196-072:27255:27255 [2] NCCL INFO NET/Plugin : No plugin found (libnccl-net.so), using internal implementation
c196-072:27256:27256 [3] NCCL INFO NET/Plugin : No plugin found (libnccl-net.so), using internal implementation
c196-062:9098:9098 [2] NCCL INFO Bootstrap : Using ib0:192.168.44.112<0>
c196-062:9099:9099 [3] NCCL INFO Bootstrap : Using ib0:192.168.44.112<0>
c196-072:27256:27256 [3] NCCL INFO NET/IB : Using [0]mlx4_0:1/IB [RO]; OOB ib0:192.168.44.114<0>
c196-072:27256:27256 [3] NCCL INFO Using network IB
c196-072:27255:27255 [2] NCCL INFO NET/IB : Using [0]mlx4_0:1/IB [RO]; OOB ib0:192.168.44.114<0>
c196-072:27255:27255 [2] NCCL INFO Using network IB
c196-062:9098:9098 [2] NCCL INFO NET/Plugin : No plugin found (libnccl-net.so), using internal implementation
c196-062:9099:9099 [3] NCCL INFO NET/Plugin : No plugin found (libnccl-net.so), using internal implementation
c196-071:17067:17067 [3] NCCL INFO Bootstrap : Using ib0:192.168.44.113<0>
c196-051:8755:8755 [1] NCCL INFO Bootstrap : Using ib0:192.168.44.109<0>
c196-071:17064:17064 [0] NCCL INFO Bootstrap : Using ib0:192.168.44.113<0>
c196-051:8757:8757 [3] NCCL INFO Bootstrap : Using ib0:192.168.44.109<0>
c196-071:17065:17065 [1] NCCL INFO Bootstrap : Using ib0:192.168.44.113<0>
c196-051:8754:8754 [0] NCCL INFO Bootstrap : Using ib0:192.168.44.109<0>
c196-071:17067:17067 [3] NCCL INFO NET/Plugin : No plugin found (libnccl-net.so), using internal implementation
c196-051:8756:8756 [2] NCCL INFO Bootstrap : Using ib0:192.168.44.109<0>
c196-071:17064:17064 [0] NCCL INFO NET/Plugin : No plugin found (libnccl-net.so), using internal implementation
c196-071:17065:17065 [1] NCCL INFO NET/Plugin : No plugin found (libnccl-net.so), using internal implementation
c196-051:8754:8754 [0] NCCL INFO NET/Plugin : No plugin found (libnccl-net.so), using internal implementation
c196-051:8755:8755 [1] NCCL INFO NET/Plugin : No plugin found (libnccl-net.so), using internal implementation
c196-051:8756:8756 [2] NCCL INFO NET/Plugin : No plugin found (libnccl-net.so), using internal implementation
c196-051:8757:8757 [3] NCCL INFO NET/Plugin : No plugin found (libnccl-net.so), using internal implementation
c196-062:9099:9099 [3] NCCL INFO NET/IB : Using [0]mlx4_0:1/IB [RO]; OOB ib0:192.168.44.112<0>
c196-062:9099:9099 [3] NCCL INFO Using network IB
c196-062:9098:9098 [2] NCCL INFO NET/IB : Using [0]mlx4_0:1/IB [RO]; OOB ib0:192.168.44.112<0>
c196-062:9098:9098 [2] NCCL INFO Using network IB
c196-071:17067:17067 [3] NCCL INFO NET/IB : Using [0]mlx4_0:1/IB [RO]; OOB ib0:192.168.44.113<0>
c196-071:17067:17067 [3] NCCL INFO Using network IB
c196-071:17065:17065 [1] NCCL INFO NET/IB : Using [0]mlx4_0:1/IB [RO]; OOB ib0:192.168.44.113<0>
c196-071:17065:17065 [1] NCCL INFO Using network IB
c196-071:17064:17064 [0] NCCL INFO NET/IB : Using [0]mlx4_0:1/IB [RO]; OOB ib0:192.168.44.113<0>
c196-071:17064:17064 [0] NCCL INFO Using network IB
c196-051:8757:8757 [3] NCCL INFO NET/IB : Using [0]mlx4_0:1/IB [RO]; OOB ib0:192.168.44.109<0>
c196-051:8757:8757 [3] NCCL INFO Using network IB
c196-051:8755:8755 [1] NCCL INFO NET/IB : Using [0]mlx4_0:1/IB [RO]; OOB ib0:192.168.44.109<0>
c196-051:8755:8755 [1] NCCL INFO Using network IB
c196-051:8756:8756 [2] NCCL INFO NET/IB : Using [0]mlx4_0:1/IB [RO]; OOB ib0:192.168.44.109<0>
c196-051:8756:8756 [2] NCCL INFO Using network IB
c196-051:8754:8754 [0] NCCL INFO NET/IB : Using [0]mlx4_0:1/IB [RO]; OOB ib0:192.168.44.109<0>
c196-051:8754:8754 [0] NCCL INFO Using network IB
c196-062:9096:9096 [0] NCCL INFO Bootstrap : Using ib0:192.168.44.112<0>
c196-062:9096:9096 [0] NCCL INFO NET/Plugin : No plugin found (libnccl-net.so), using internal implementation
c196-072:27253:27253 [0] NCCL INFO Bootstrap : Using ib0:192.168.44.114<0>
c196-072:27254:27254 [1] NCCL INFO Bootstrap : Using ib0:192.168.44.114<0>
c196-072:27253:27253 [0] NCCL INFO NET/Plugin : No plugin found (libnccl-net.so), using internal implementation
c196-072:27254:27254 [1] NCCL INFO NET/Plugin : No plugin found (libnccl-net.so), using internal implementation
c196-062:9096:9096 [0] NCCL INFO NET/IB : Using [0]mlx4_0:1/IB [RO]; OOB ib0:192.168.44.112<0>
c196-062:9096:9096 [0] NCCL INFO Using network IB
c196-061:4745:4745 [0] NCCL INFO Bootstrap : Using ib0:192.168.44.111<0>
c196-061:4747:4747 [2] NCCL INFO Bootstrap : Using ib0:192.168.44.111<0>
c196-061:4748:4748 [3] NCCL INFO Bootstrap : Using ib0:192.168.44.111<0>
c196-061:4746:4746 [1] NCCL INFO Bootstrap : Using ib0:192.168.44.111<0>
c196-061:4747:4747 [2] NCCL INFO NET/Plugin : No plugin found (libnccl-net.so), using internal implementation
c196-061:4748:4748 [3] NCCL INFO NET/Plugin : No plugin found (libnccl-net.so), using internal implementation
c196-061:4745:4745 [0] NCCL INFO NET/Plugin : No plugin found (libnccl-net.so), using internal implementation
c196-061:4746:4746 [1] NCCL INFO NET/Plugin : No plugin found (libnccl-net.so), using internal implementation
c196-072:27253:27253 [0] NCCL INFO NET/IB : Using [0]mlx4_0:1/IB [RO]; OOB ib0:192.168.44.114<0>
c196-072:27253:27253 [0] NCCL INFO Using network IB
c196-072:27254:27254 [1] NCCL INFO NET/IB : Using [0]mlx4_0:1/IB [RO]; OOB ib0:192.168.44.114<0>
c196-072:27254:27254 [1] NCCL INFO Using network IB
c196-062:9097:9097 [1] NCCL INFO Bootstrap : Using ib0:192.168.44.112<0>
c196-062:9097:9097 [1] NCCL INFO NET/Plugin : No plugin found (libnccl-net.so), using internal implementation
c196-062:9097:9097 [1] NCCL INFO NET/IB : Using [0]mlx4_0:1/IB [RO]; OOB ib0:192.168.44.112<0>
c196-062:9097:9097 [1] NCCL INFO Using network IB
c196-061:4747:4747 [2] NCCL INFO NET/IB : Using [0]mlx4_0:1/IB [RO]; OOB ib0:192.168.44.111<0>
c196-061:4747:4747 [2] NCCL INFO Using network IB
c196-061:4748:4748 [3] NCCL INFO NET/IB : Using [0]mlx4_0:1/IB [RO]; OOB ib0:192.168.44.111<0>
c196-061:4748:4748 [3] NCCL INFO Using network IB
c196-061:4746:4746 [1] NCCL INFO NET/IB : Using [0]mlx4_0:1/IB [RO]; OOB ib0:192.168.44.111<0>
c196-061:4746:4746 [1] NCCL INFO Using network IB
c196-061:4745:4745 [0] NCCL INFO NET/IB : Using [0]mlx4_0:1/IB [RO]; OOB ib0:192.168.44.111<0>
c196-061:4745:4745 [0] NCCL INFO Using network IB
c196-052:31213:31213 [2] NCCL INFO Bootstrap : Using ib0:192.168.44.110<0>
c196-052:31214:31214 [3] NCCL INFO Bootstrap : Using ib0:192.168.44.110<0>
c196-052:31213:31213 [2] NCCL INFO NET/Plugin : No plugin found (libnccl-net.so), using internal implementation
c196-052:31214:31214 [3] NCCL INFO NET/Plugin : No plugin found (libnccl-net.so), using internal implementation
c196-052:31213:31213 [2] NCCL INFO NET/IB : Using [0]mlx4_0:1/IB [RO]; OOB ib0:192.168.44.110<0>
c196-052:31213:31213 [2] NCCL INFO Using network IB
c196-052:31214:31214 [3] NCCL INFO NET/IB : Using [0]mlx4_0:1/IB [RO]; OOB ib0:192.168.44.110<0>
c196-052:31214:31214 [3] NCCL INFO Using network IB
c196-052:31211:31211 [0] NCCL INFO Bootstrap : Using ib0:192.168.44.110<0>
c196-052:31212:31212 [1] NCCL INFO Bootstrap : Using ib0:192.168.44.110<0>
c196-052:31211:31211 [0] NCCL INFO NET/Plugin : No plugin found (libnccl-net.so), using internal implementation
c196-052:31212:31212 [1] NCCL INFO NET/Plugin : No plugin found (libnccl-net.so), using internal implementation
c196-052:31211:31211 [0] NCCL INFO NET/IB : Using [0]mlx4_0:1/IB [RO]; OOB ib0:192.168.44.110<0>
c196-052:31211:31211 [0] NCCL INFO Using network IB
c196-052:31212:31212 [1] NCCL INFO NET/IB : Using [0]mlx4_0:1/IB [RO]; OOB ib0:192.168.44.110<0>
c196-052:31212:31212 [1] NCCL INFO Using network IB
c196-042:13981:14013 [0] NCCL INFO Setting affinity for GPU 0 to 0f000f
c196-042:13983:14018 [2] NCCL INFO Setting affinity for GPU 2 to 0f000f00
c196-042:13984:14020 [3] NCCL INFO Setting affinity for GPU 3 to f000f000
c196-042:13982:14022 [1] NCCL INFO Setting affinity for GPU 1 to f000f0
c196-051:8756:8794 [2] NCCL INFO Setting affinity for GPU 2 to 0f000f00
c196-051:8757:8791 [3] NCCL INFO Setting affinity for GPU 3 to f000f000
c196-061:4747:4778 [2] NCCL INFO Setting affinity for GPU 2 to 0f000f00
c196-061:4748:4782 [3] NCCL INFO Setting affinity for GPU 3 to f000f000
c196-072:27255:27288 [2] NCCL INFO Setting affinity for GPU 2 to 0f000f00
c196-072:27256:27287 [3] NCCL INFO Setting affinity for GPU 3 to f000f000
c196-081:18338:18372 [2] NCCL INFO Setting affinity for GPU 2 to 0f00
c196-081:18339:18375 [3] NCCL INFO Setting affinity for GPU 3 to f000
c196-062:9098:9135 [2] NCCL INFO Setting affinity for GPU 2 to 0f000f00
c196-062:9099:9134 [3] NCCL INFO Setting affinity for GPU 3 to f000f000
c196-061:4746:4783 [1] NCCL INFO Setting affinity for GPU 1 to f000f0
c196-071:17066:17097 [2] NCCL INFO Setting affinity for GPU 2 to 0f000f00
c196-071:17067:17100 [3] NCCL INFO Setting affinity for GPU 3 to f000f000
c196-052:31213:31245 [2] NCCL INFO Setting affinity for GPU 2 to 0f000f00
c196-061:4745:4784 [0] NCCL INFO Setting affinity for GPU 0 to 0f000f
c196-051:8755:8793 [1] NCCL INFO Setting affinity for GPU 1 to f000f0
c196-052:31214:31246 [3] NCCL INFO Setting affinity for GPU 3 to f000f000
c196-051:8754:8796 [0] NCCL INFO Setting affinity for GPU 0 to 0f000f
c196-062:9097:9139 [1] NCCL INFO Setting affinity for GPU 1 to f000f0
c196-072:27253:27291 [0] NCCL INFO Setting affinity for GPU 0 to 0f000f
c196-081:18337:18374 [1] NCCL INFO Setting affinity for GPU 1 to f0
c196-081:18336:18369 [0] NCCL INFO Setting affinity for GPU 0 to 0f
c196-071:17064:17103 [0] NCCL INFO Setting affinity for GPU 0 to 0f000f
c196-062:9096:9137 [0] NCCL INFO Setting affinity for GPU 0 to 0f000f
c196-071:17065:17102 [1] NCCL INFO Setting affinity for GPU 1 to f000f0
c196-072:27254:27292 [1] NCCL INFO Setting affinity for GPU 1 to f000f0
c196-052:31212:31250 [1] NCCL INFO Setting affinity for GPU 1 to f000f0
c196-052:31211:31248 [0] NCCL INFO Setting affinity for GPU 0 to 0f000f
c196-052:31211:31248 [0] NCCL INFO Trees [0] 9/12/-1->8->17 [1] 9/-1/-1->8->5
c196-052:31212:31250 [1] NCCL INFO Trees [0] 10/4/-1->9->8 [1] 10/-1/-1->9->8
c196-051:8757:8791 [3] NCCL INFO Trees [0] -1/-1/-1->7->6 [1] -1/-1/-1->7->6
c196-052:31213:31245 [2] NCCL INFO Trees [0] 11/-1/-1->10->9 [1] 11/-1/-1->10->9
c196-042:13982:14022 [1] NCCL INFO Trees [0] 2/-1/-1->1->0 [1] 2/-1/-1->1->0
c196-051:8756:8794 [2] NCCL INFO Trees [0] 7/-1/-1->6->5 [1] 7/-1/-1->6->5
c196-061:4746:4783 [1] NCCL INFO Trees [0] 14/-1/-1->13->12 [1] 14/20/-1->13->12
c196-052:31214:31246 [3] NCCL INFO Trees [0] -1/-1/-1->11->10 [1] -1/-1/-1->11->10
c196-042:13981:14013 [0] NCCL INFO Channel 00/02 :    0   1   2   3   4   5   6   7   8   9  10  11  12  13  14  15  16  17  18  19
c196-042:13981:14013 [0] NCCL INFO Channel 01/02 :    0   1   2   3   4   5   6   7   8   9  10  11  12  13  14  15  16  17  18  19
c196-072:27256:27287 [3] NCCL INFO Trees [0] -1/-1/-1->27->26 [1] -1/-1/-1->27->26
c196-051:8755:8793 [1] NCCL INFO Trees [0] 6/-1/-1->5->4 [1] 6/8/-1->5->4
c196-061:4748:4782 [3] NCCL INFO Trees [0] -1/-1/-1->15->14 [1] -1/-1/-1->15->14
c196-081:18338:18372 [2] NCCL INFO Trees [0] 31/-1/-1->30->29 [1] 31/-1/-1->30->29
c196-042:13983:14018 [2] NCCL INFO Trees [0] 3/-1/-1->2->1 [1] 3/-1/-1->2->1
c196-072:27255:27288 [2] NCCL INFO Trees [0] 27/-1/-1->26->25 [1] 27/-1/-1->26->25
c196-051:8754:8796 [0] NCCL INFO Trees [0] 5/-1/-1->4->9 [1] 5/0/-1->4->12
c196-071:17064:17103 [0] NCCL INFO Trees [0] 21/-1/-1->20->25 [1] 21/16/-1->20->13
c196-062:9096:9137 [0] NCCL INFO Trees [0] 17/24/-1->16->0 [1] 17/-1/-1->16->20
c196-061:4745:4784 [0] NCCL INFO Trees [0] 13/-1/-1->12->8 [1] 13/4/-1->12->28
c196-081:18339:18375 [3] NCCL INFO Trees [0] -1/-1/-1->31->30 [1] -1/-1/-1->31->30
c196-042:13981:14013 [0] NCCL INFO Trees [0] 1/16/-1->0->-1 [1] 1/-1/-1->0->4
c196-072:27254:27292 [1] NCCL INFO Trees [0] 26/20/-1->25->24 [1] 26/-1/-1->25->24
c196-071:17065:17102 [1] NCCL INFO Trees [0] 22/-1/-1->21->20 [1] 22/24/-1->21->20
c196-062:9097:9139 [1] NCCL INFO Trees [0] 18/8/-1->17->16 [1] 18/-1/-1->17->16
c196-061:4747:4778 [2] NCCL INFO Trees [0] 15/-1/-1->14->13 [1] 15/-1/-1->14->13
c196-081:18337:18374 [1] NCCL INFO Trees [0] 30/-1/-1->29->28 [1] 30/-1/-1->29->28
c196-042:13984:14020 [3] NCCL INFO Trees [0] -1/-1/-1->3->2 [1] -1/-1/-1->3->2
c196-072:27253:27291 [0] NCCL INFO Trees [0] 25/28/-1->24->16 [1] 25/-1/-1->24->21
c196-071:17066:17097 [2] NCCL INFO Trees [0] 23/-1/-1->22->21 [1] 23/-1/-1->22->21
c196-062:9098:9135 [2] NCCL INFO Trees [0] 19/-1/-1->18->17 [1] 19/-1/-1->18->17
c196-081:18336:18369 [0] NCCL INFO Trees [0] 29/-1/-1->28->24 [1] 29/12/-1->28->-1
c196-071:17067:17100 [3] NCCL INFO Trees [0] -1/-1/-1->23->22 [1] -1/-1/-1->23->22
c196-062:9099:9134 [3] NCCL INFO Trees [0] -1/-1/-1->19->18 [1] -1/-1/-1->19->18
c196-081:18336:18369 [0] NCCL INFO Channel 00/0 : 27[83000] -> 28[2000] [receive] via NET/IB/0
c196-052:31211:31248 [0] NCCL INFO Channel 00/0 : 7[83000] -> 8[2000] [receive] via NET/IB/0
c196-051:8754:8796 [0] NCCL INFO Channel 00/0 : 3[83000] -> 4[2000] [receive] via NET/IB/0
c196-062:9096:9137 [0] NCCL INFO Channel 00/0 : 15[83000] -> 16[2000] [receive] via NET/IB/0
c196-042:13981:14013 [0] NCCL INFO Channel 00/0 : 31[83000] -> 0[2000] [receive] via NET/IB/0
c196-072:27253:27291 [0] NCCL INFO Channel 00/0 : 23[83000] -> 24[2000] [receive] via NET/IB/0
c196-071:17064:17103 [0] NCCL INFO Channel 00/0 : 19[83000] -> 20[2000] [receive] via NET/IB/0
c196-061:4745:4784 [0] NCCL INFO Channel 00/0 : 11[83000] -> 12[2000] [receive] via NET/IB/0
c196-081:18338:18372 [2] NCCL INFO Channel 00 : 30[82000] -> 31[83000] via direct shared memory
c196-081:18338:18372 [2] NCCL INFO Channel 01 : 30[82000] -> 31[83000] via direct shared memory
c196-081:18337:18374 [1] NCCL INFO Channel 00 : 29[3000] -> 30[82000] via direct shared memory
c196-081:18337:18374 [1] NCCL INFO Channel 01 : 29[3000] -> 30[82000] via direct shared memory
c196-071:17066:17097 [2] NCCL INFO Channel 00 : 22[82000] -> 23[83000] via direct shared memory
c196-042:13983:14018 [2] NCCL INFO Channel 00 : 2[82000] -> 3[83000] via direct shared memory
c196-072:27255:27288 [2] NCCL INFO Channel 00 : 26[82000] -> 27[83000] via direct shared memory
c196-061:4747:4778 [2] NCCL INFO Channel 00 : 14[82000] -> 15[83000] via direct shared memory
c196-042:13983:14018 [2] NCCL INFO Channel 01 : 2[82000] -> 3[83000] via direct shared memory
c196-051:8756:8794 [2] NCCL INFO Channel 00 : 6[82000] -> 7[83000] via direct shared memory
c196-062:9098:9135 [2] NCCL INFO Channel 00 : 18[82000] -> 19[83000] via direct shared memory
c196-061:4747:4778 [2] NCCL INFO Channel 01 : 14[82000] -> 15[83000] via direct shared memory
c196-042:13982:14022 [1] NCCL INFO Channel 00 : 1[3000] -> 2[82000] via direct shared memory
c196-072:27255:27288 [2] NCCL INFO Channel 01 : 26[82000] -> 27[83000] via direct shared memory
c196-051:8755:8793 [1] NCCL INFO Channel 00 : 5[3000] -> 6[82000] via direct shared memory
c196-071:17066:17097 [2] NCCL INFO Channel 01 : 22[82000] -> 23[83000] via direct shared memory
c196-062:9098:9135 [2] NCCL INFO Channel 01 : 18[82000] -> 19[83000] via direct shared memory
c196-061:4746:4783 [1] NCCL INFO Channel 00 : 13[3000] -> 14[82000] via direct shared memory
c196-052:31212:31250 [1] NCCL INFO Channel 00 : 9[3000] -> 10[82000] via direct shared memory
c196-042:13982:14022 [1] NCCL INFO Channel 01 : 1[3000] -> 2[82000] via direct shared memory
c196-051:8756:8794 [2] NCCL INFO Channel 01 : 6[82000] -> 7[83000] via direct shared memory
c196-071:17065:17102 [1] NCCL INFO Channel 00 : 21[3000] -> 22[82000] via direct shared memory
c196-061:4746:4783 [1] NCCL INFO Channel 01 : 13[3000] -> 14[82000] via direct shared memory
c196-052:31213:31245 [2] NCCL INFO Channel 00 : 10[82000] -> 11[83000] via direct shared memory
c196-072:27254:27292 [1] NCCL INFO Channel 00 : 25[3000] -> 26[82000] via direct shared memory
c196-051:8755:8793 [1] NCCL INFO Channel 01 : 5[3000] -> 6[82000] via direct shared memory
c196-071:17065:17102 [1] NCCL INFO Channel 01 : 21[3000] -> 22[82000] via direct shared memory
c196-052:31212:31250 [1] NCCL INFO Channel 01 : 9[3000] -> 10[82000] via direct shared memory
c196-072:27254:27292 [1] NCCL INFO Channel 01 : 25[3000] -> 26[82000] via direct shared memory
c196-052:31213:31245 [2] NCCL INFO Channel 01 : 10[82000] -> 11[83000] via direct shared memory
c196-081:18339:18375 [3] NCCL INFO Channel 00/0 : 31[83000] -> 0[2000] [send] via NET/IB/0
c196-051:8757:8791 [3] NCCL INFO Channel 00/0 : 7[83000] -> 8[2000] [send] via NET/IB/0
c196-061:4748:4782 [3] NCCL INFO Channel 00/0 : 15[83000] -> 16[2000] [send] via NET/IB/0
c196-072:27256:27287 [3] NCCL INFO Channel 00/0 : 27[83000] -> 28[2000] [send] via NET/IB/0
c196-042:13984:14020 [3] NCCL INFO Channel 00/0 : 3[83000] -> 4[2000] [send] via NET/IB/0
c196-062:9099:9134 [3] NCCL INFO Channel 00/0 : 19[83000] -> 20[2000] [send] via NET/IB/0
c196-071:17067:17100 [3] NCCL INFO Channel 00/0 : 23[83000] -> 24[2000] [send] via NET/IB/0
c196-052:31214:31246 [3] NCCL INFO Channel 00/0 : 11[83000] -> 12[2000] [send] via NET/IB/0
c196-062:9097:9139 [1] NCCL INFO Channel 00 : 17[3000] -> 18[82000] via direct shared memory
c196-062:9097:9139 [1] NCCL INFO Channel 01 : 17[3000] -> 18[82000] via direct shared memory
c196-081:18336:18369 [0] NCCL INFO Channel 01/0 : 27[83000] -> 28[2000] [receive] via NET/IB/0
c196-081:18336:18369 [0] NCCL INFO Channel 00 : 28[2000] -> 29[3000] via direct shared memory
c196-051:8754:8796 [0] NCCL INFO Channel 01/0 : 3[83000] -> 4[2000] [receive] via NET/IB/0
c196-081:18336:18369 [0] NCCL INFO Channel 01 : 28[2000] -> 29[3000] via direct shared memory
c196-071:17064:17103 [0] NCCL INFO Channel 01/0 : 19[83000] -> 20[2000] [receive] via NET/IB/0
c196-042:13981:14013 [0] NCCL INFO Channel 01/0 : 31[83000] -> 0[2000] [receive] via NET/IB/0
c196-051:8754:8796 [0] NCCL INFO Channel 00 : 4[2000] -> 5[3000] via direct shared memory
c196-051:8754:8796 [0] NCCL INFO Channel 01 : 4[2000] -> 5[3000] via direct shared memory
c196-071:17064:17103 [0] NCCL INFO Channel 00 : 20[2000] -> 21[3000] via direct shared memory
c196-071:17064:17103 [0] NCCL INFO Channel 01 : 20[2000] -> 21[3000] via direct shared memory
c196-052:31211:31248 [0] NCCL INFO Channel 01/0 : 7[83000] -> 8[2000] [receive] via NET/IB/0
c196-042:13981:14013 [0] NCCL INFO Channel 00 : 0[2000] -> 1[3000] via direct shared memory
c196-062:9096:9137 [0] NCCL INFO Channel 01/0 : 15[83000] -> 16[2000] [receive] via NET/IB/0
c196-061:4745:4784 [0] NCCL INFO Channel 01/0 : 11[83000] -> 12[2000] [receive] via NET/IB/0
c196-042:13981:14013 [0] NCCL INFO Channel 01 : 0[2000] -> 1[3000] via direct shared memory
c196-072:27253:27291 [0] NCCL INFO Channel 01/0 : 23[83000] -> 24[2000] [receive] via NET/IB/0
c196-052:31211:31248 [0] NCCL INFO Channel 00 : 8[2000] -> 9[3000] via direct shared memory
c196-062:9096:9137 [0] NCCL INFO Channel 00 : 16[2000] -> 17[3000] via direct shared memory
c196-061:4745:4784 [0] NCCL INFO Channel 00 : 12[2000] -> 13[3000] via direct shared memory
c196-052:31211:31248 [0] NCCL INFO Channel 01 : 8[2000] -> 9[3000] via direct shared memory
c196-072:27253:27291 [0] NCCL INFO Channel 00 : 24[2000] -> 25[3000] via direct shared memory
c196-062:9096:9137 [0] NCCL INFO Channel 01 : 16[2000] -> 17[3000] via direct shared memory
c196-061:4745:4784 [0] NCCL INFO Channel 01 : 12[2000] -> 13[3000] via direct shared memory
c196-072:27253:27291 [0] NCCL INFO Channel 01 : 24[2000] -> 25[3000] via direct shared memory
c196-081:18337:18374 [1] NCCL INFO Connected all rings
c196-071:17065:17102 [1] NCCL INFO Connected all rings
c196-051:8755:8793 [1] NCCL INFO Connected all rings
c196-052:31212:31250 [1] NCCL INFO Connected all rings
c196-062:9097:9139 [1] NCCL INFO Connected all rings
c196-042:13982:14022 [1] NCCL INFO Connected all rings
c196-061:4746:4783 [1] NCCL INFO Connected all rings
c196-072:27254:27292 [1] NCCL INFO Connected all rings
c196-051:8755:8793 [1] NCCL INFO Channel 01/0 : 5[3000] -> 8[2000] [send] via NET/IB/0
c196-052:31212:31250 [1] NCCL INFO Channel 00/0 : 4[2000] -> 9[3000] [receive] via NET/IB/0
c196-071:17065:17102 [1] NCCL INFO Channel 01/0 : 21[3000] -> 24[2000] [send] via NET/IB/0
c196-062:9097:9139 [1] NCCL INFO Channel 00/0 : 8[2000] -> 17[3000] [receive] via NET/IB/0
c196-061:4746:4783 [1] NCCL INFO Channel 01/0 : 13[3000] -> 20[2000] [send] via NET/IB/0
c196-072:27254:27292 [1] NCCL INFO Channel 00/0 : 20[2000] -> 25[3000] [receive] via NET/IB/0
c196-081:18339:18375 [3] NCCL INFO Channel 01/0 : 31[83000] -> 0[2000] [send] via NET/IB/0
c196-061:4748:4782 [3] NCCL INFO Channel 01/0 : 15[83000] -> 16[2000] [send] via NET/IB/0
c196-072:27256:27287 [3] NCCL INFO Channel 01/0 : 27[83000] -> 28[2000] [send] via NET/IB/0
c196-051:8757:8791 [3] NCCL INFO Channel 01/0 : 7[83000] -> 8[2000] [send] via NET/IB/0
c196-042:13984:14020 [3] NCCL INFO Channel 01/0 : 3[83000] -> 4[2000] [send] via NET/IB/0
c196-071:17067:17100 [3] NCCL INFO Channel 01/0 : 23[83000] -> 24[2000] [send] via NET/IB/0
c196-052:31214:31246 [3] NCCL INFO Channel 01/0 : 11[83000] -> 12[2000] [send] via NET/IB/0
c196-062:9099:9134 [3] NCCL INFO Channel 01/0 : 19[83000] -> 20[2000] [send] via NET/IB/0
c196-081:18338:18372 [2] NCCL INFO Connected all rings
c196-061:4747:4778 [2] NCCL INFO Connected all rings
c196-072:27255:27288 [2] NCCL INFO Connected all rings
c196-042:13983:14018 [2] NCCL INFO Connected all rings
c196-052:31213:31245 [2] NCCL INFO Connected all rings
c196-051:8756:8794 [2] NCCL INFO Connected all rings
c196-062:9098:9135 [2] NCCL INFO Connected all rings
c196-071:17066:17097 [2] NCCL INFO Connected all rings
c196-081:18337:18374 [1] NCCL INFO Channel 00 : 29[3000] -> 28[2000] via direct shared memory
c196-081:18337:18374 [1] NCCL INFO Channel 01 : 29[3000] -> 28[2000] via direct shared memory
c196-042:13982:14022 [1] NCCL INFO Channel 00 : 1[3000] -> 0[2000] via direct shared memory
c196-042:13982:14022 [1] NCCL INFO Channel 01 : 1[3000] -> 0[2000] via direct shared memory
c196-081:18339:18375 [3] NCCL INFO Connected all rings
c196-081:18339:18375 [3] NCCL INFO Channel 00 : 31[83000] -> 30[82000] via direct shared memory
c196-081:18339:18375 [3] NCCL INFO Channel 01 : 31[83000] -> 30[82000] via direct shared memory
c196-061:4748:4782 [3] NCCL INFO Connected all rings
c196-061:4748:4782 [3] NCCL INFO Channel 00 : 15[83000] -> 14[82000] via direct shared memory
c196-061:4748:4782 [3] NCCL INFO Channel 01 : 15[83000] -> 14[82000] via direct shared memory
c196-051:8757:8791 [3] NCCL INFO Connected all rings
c196-051:8757:8791 [3] NCCL INFO Channel 00 : 7[83000] -> 6[82000] via direct shared memory
c196-052:31214:31246 [3] NCCL INFO Connected all rings
c196-051:8757:8791 [3] NCCL INFO Channel 01 : 7[83000] -> 6[82000] via direct shared memory
c196-071:17067:17100 [3] NCCL INFO Connected all rings
c196-071:17067:17100 [3] NCCL INFO Channel 00 : 23[83000] -> 22[82000] via direct shared memory
c196-052:31214:31246 [3] NCCL INFO Channel 00 : 11[83000] -> 10[82000] via direct shared memory
c196-052:31214:31246 [3] NCCL INFO Channel 01 : 11[83000] -> 10[82000] via direct shared memory
c196-081:18338:18372 [2] NCCL INFO Channel 00 : 30[82000] -> 29[3000] via direct shared memory
c196-072:27256:27287 [3] NCCL INFO Connected all rings
c196-071:17067:17100 [3] NCCL INFO Channel 01 : 23[83000] -> 22[82000] via direct shared memory
c196-072:27256:27287 [3] NCCL INFO Channel 00 : 27[83000] -> 26[82000] via direct shared memory
c196-081:18338:18372 [2] NCCL INFO Channel 01 : 30[82000] -> 29[3000] via direct shared memory
c196-072:27256:27287 [3] NCCL INFO Channel 01 : 27[83000] -> 26[82000] via direct shared memory
c196-062:9099:9134 [3] NCCL INFO Connected all rings
c196-062:9099:9134 [3] NCCL INFO Channel 00 : 19[83000] -> 18[82000] via direct shared memory
c196-062:9099:9134 [3] NCCL INFO Channel 01 : 19[83000] -> 18[82000] via direct shared memory
c196-062:9096:9137 [0] NCCL INFO Connected all rings
c196-042:13984:14020 [3] NCCL INFO Connected all rings
c196-042:13981:14013 [0] NCCL INFO Connected all rings
c196-042:13984:14020 [3] NCCL INFO Channel 00 : 3[83000] -> 2[82000] via direct shared memory
c196-042:13984:14020 [3] NCCL INFO Channel 01 : 3[83000] -> 2[82000] via direct shared memory
c196-051:8754:8796 [0] NCCL INFO Connected all rings
c196-072:27255:27288 [2] NCCL INFO Channel 00 : 26[82000] -> 25[3000] via direct shared memory
c196-072:27253:27291 [0] NCCL INFO Connected all rings
c196-061:4747:4778 [2] NCCL INFO Channel 00 : 14[82000] -> 13[3000] via direct shared memory
c196-072:27255:27288 [2] NCCL INFO Channel 01 : 26[82000] -> 25[3000] via direct shared memory
c196-061:4745:4784 [0] NCCL INFO Connected all rings
c196-061:4747:4778 [2] NCCL INFO Channel 01 : 14[82000] -> 13[3000] via direct shared memory
c196-081:18336:18369 [0] NCCL INFO Connected all rings
c196-081:18339:18375 [3] NCCL INFO Connected all trees
c196-081:18339:18375 [3] NCCL INFO MSCCL_XML_FILES set by environment to /home1/09168/ldai1/ccl-build/msccl_tools_lyd/examples/xml/xml_lyd/binary_tree/allreduce_binary_tree_1ch_32chunk.xml
c196-081:18339:18375 [3] NCCL INFO MSCCL: Parsing algorithm /home1/09168/ldai1/ccl-build/msccl_tools_lyd/examples/xml/xml_lyd/binary_tree/allreduce_binary_tree_1ch_32chunk.xml
c196-052:31211:31248 [0] NCCL INFO Connected all rings
c196-071:17064:17103 [0] NCCL INFO Connected all rings
c196-081:18338:18372 [2] NCCL INFO Connected all trees
c196-081:18338:18372 [2] NCCL INFO MSCCL_XML_FILES set by environment to /home1/09168/ldai1/ccl-build/msccl_tools_lyd/examples/xml/xml_lyd/binary_tree/allreduce_binary_tree_1ch_32chunk.xml
c196-081:18338:18372 [2] NCCL INFO MSCCL: Parsing algorithm /home1/09168/ldai1/ccl-build/msccl_tools_lyd/examples/xml/xml_lyd/binary_tree/allreduce_binary_tree_1ch_32chunk.xml
c196-052:31213:31245 [2] NCCL INFO Channel 00 : 10[82000] -> 9[3000] via direct shared memory
c196-052:31213:31245 [2] NCCL INFO Channel 01 : 10[82000] -> 9[3000] via direct shared memory
c196-051:8756:8794 [2] NCCL INFO Channel 00 : 6[82000] -> 5[3000] via direct shared memory
c196-051:8756:8794 [2] NCCL INFO Channel 01 : 6[82000] -> 5[3000] via direct shared memory
c196-071:17066:17097 [2] NCCL INFO Channel 00 : 22[82000] -> 21[3000] via direct shared memory
c196-042:13983:14018 [2] NCCL INFO Channel 00 : 2[82000] -> 1[3000] via direct shared memory
c196-071:17066:17097 [2] NCCL INFO Channel 01 : 22[82000] -> 21[3000] via direct shared memory
c196-042:13983:14018 [2] NCCL INFO Channel 01 : 2[82000] -> 1[3000] via direct shared memory
c196-062:9098:9135 [2] NCCL INFO Channel 00 : 18[82000] -> 17[3000] via direct shared memory
c196-062:9098:9135 [2] NCCL INFO Channel 01 : 18[82000] -> 17[3000] via direct shared memory
c196-061:4748:4782 [3] NCCL INFO Connected all trees
c196-061:4748:4782 [3] NCCL INFO MSCCL_XML_FILES set by environment to /home1/09168/ldai1/ccl-build/msccl_tools_lyd/examples/xml/xml_lyd/binary_tree/allreduce_binary_tree_1ch_32chunk.xml
c196-072:27256:27287 [3] NCCL INFO Connected all trees
c196-072:27256:27287 [3] NCCL INFO MSCCL_XML_FILES set by environment to /home1/09168/ldai1/ccl-build/msccl_tools_lyd/examples/xml/xml_lyd/binary_tree/allreduce_binary_tree_1ch_32chunk.xml
c196-061:4748:4782 [3] NCCL INFO MSCCL: Parsing algorithm /home1/09168/ldai1/ccl-build/msccl_tools_lyd/examples/xml/xml_lyd/binary_tree/allreduce_binary_tree_1ch_32chunk.xml
c196-072:27256:27287 [3] NCCL INFO MSCCL: Parsing algorithm /home1/09168/ldai1/ccl-build/msccl_tools_lyd/examples/xml/xml_lyd/binary_tree/allreduce_binary_tree_1ch_32chunk.xml
c196-052:31214:31246 [3] NCCL INFO Connected all trees
c196-052:31214:31246 [3] NCCL INFO MSCCL_XML_FILES set by environment to /home1/09168/ldai1/ccl-build/msccl_tools_lyd/examples/xml/xml_lyd/binary_tree/allreduce_binary_tree_1ch_32chunk.xml
c196-052:31214:31246 [3] NCCL INFO MSCCL: Parsing algorithm /home1/09168/ldai1/ccl-build/msccl_tools_lyd/examples/xml/xml_lyd/binary_tree/allreduce_binary_tree_1ch_32chunk.xml
c196-051:8757:8791 [3] NCCL INFO Connected all trees
c196-051:8757:8791 [3] NCCL INFO MSCCL_XML_FILES set by environment to /home1/09168/ldai1/ccl-build/msccl_tools_lyd/examples/xml/xml_lyd/binary_tree/allreduce_binary_tree_1ch_32chunk.xml
c196-051:8757:8791 [3] NCCL INFO MSCCL: Parsing algorithm /home1/09168/ldai1/ccl-build/msccl_tools_lyd/examples/xml/xml_lyd/binary_tree/allreduce_binary_tree_1ch_32chunk.xml
c196-071:17067:17100 [3] NCCL INFO Connected all trees
c196-071:17067:17100 [3] NCCL INFO MSCCL_XML_FILES set by environment to /home1/09168/ldai1/ccl-build/msccl_tools_lyd/examples/xml/xml_lyd/binary_tree/allreduce_binary_tree_1ch_32chunk.xml
c196-071:17067:17100 [3] NCCL INFO MSCCL: Parsing algorithm /home1/09168/ldai1/ccl-build/msccl_tools_lyd/examples/xml/xml_lyd/binary_tree/allreduce_binary_tree_1ch_32chunk.xml
c196-042:13984:14020 [3] NCCL INFO Connected all trees
c196-042:13984:14020 [3] NCCL INFO MSCCL_XML_FILES set by environment to /home1/09168/ldai1/ccl-build/msccl_tools_lyd/examples/xml/xml_lyd/binary_tree/allreduce_binary_tree_1ch_32chunk.xml
c196-042:13984:14020 [3] NCCL INFO MSCCL: Parsing algorithm /home1/09168/ldai1/ccl-build/msccl_tools_lyd/examples/xml/xml_lyd/binary_tree/allreduce_binary_tree_1ch_32chunk.xml
c196-062:9099:9134 [3] NCCL INFO Connected all trees
c196-062:9099:9134 [3] NCCL INFO MSCCL_XML_FILES set by environment to /home1/09168/ldai1/ccl-build/msccl_tools_lyd/examples/xml/xml_lyd/binary_tree/allreduce_binary_tree_1ch_32chunk.xml
c196-062:9099:9134 [3] NCCL INFO MSCCL: Parsing algorithm /home1/09168/ldai1/ccl-build/msccl_tools_lyd/examples/xml/xml_lyd/binary_tree/allreduce_binary_tree_1ch_32chunk.xml
c196-042:13983:14018 [2] NCCL INFO Connected all trees
c196-042:13983:14018 [2] NCCL INFO MSCCL_XML_FILES set by environment to /home1/09168/ldai1/ccl-build/msccl_tools_lyd/examples/xml/xml_lyd/binary_tree/allreduce_binary_tree_1ch_32chunk.xml
c196-042:13983:14018 [2] NCCL INFO MSCCL: Parsing algorithm /home1/09168/ldai1/ccl-build/msccl_tools_lyd/examples/xml/xml_lyd/binary_tree/allreduce_binary_tree_1ch_32chunk.xml
c196-042:13981:14013 [0] NCCL INFO Channel 01/0 : 0[2000] -> 4[2000] [send] via NET/IB/0
c196-062:9096:9137 [0] NCCL INFO Channel 01/0 : 16[2000] -> 20[2000] [send] via NET/IB/0
c196-051:8754:8796 [0] NCCL INFO Channel 01/0 : 0[2000] -> 4[2000] [receive] via NET/IB/0
c196-061:4745:4784 [0] NCCL INFO Channel 00/0 : 8[2000] -> 12[2000] [receive] via NET/IB/0
c196-072:27253:27291 [0] NCCL INFO Channel 01/0 : 21[3000] -> 24[2000] [receive] via NET/IB/0
c196-081:18336:18369 [0] NCCL INFO Channel 00/0 : 24[2000] -> 28[2000] [receive] via NET/IB/0
c196-071:17064:17103 [0] NCCL INFO Channel 01/0 : 16[2000] -> 20[2000] [receive] via NET/IB/0
c196-052:31211:31248 [0] NCCL INFO Channel 01/0 : 5[3000] -> 8[2000] [receive] via NET/IB/0
c196-052:31214:31246 [3] NCCL INFO Parsed MSCCL Algorithm /home1/09168/ldai1/ccl-build/msccl_tools_lyd/examples/xml/xml_lyd/binary_tree/allreduce_binary_tree_1ch_32chunk.xml successfully.
c196-052:31214:31246 [3] NCCL INFO Connected 1 MSCCL algorithms
c196-052:31214:31246 [3] NCCL INFO NCCL_NTHREADS set by environment to 512.
c196-052:31214:31246 [3] NCCL INFO NCCL_PROTO set by environment to Simple
c196-052:31214:31246 [3] NCCL INFO NCCL_ALGO set by environment to MSCCL,TREE,RING
c196-052:31214:31246 [3] NCCL INFO threadThresholds 8/8/64 | 256/8/64 | 8/8/64 | 8/8/512
c196-052:31214:31246 [3] NCCL INFO 2 coll channels, 2 p2p channels, 2 p2p channels per peer
c196-071:17067:17100 [3] NCCL INFO Parsed MSCCL Algorithm /home1/09168/ldai1/ccl-build/msccl_tools_lyd/examples/xml/xml_lyd/binary_tree/allreduce_binary_tree_1ch_32chunk.xml successfully.
c196-071:17067:17100 [3] NCCL INFO Connected 1 MSCCL algorithms
c196-061:4748:4782 [3] NCCL INFO Parsed MSCCL Algorithm /home1/09168/ldai1/ccl-build/msccl_tools_lyd/examples/xml/xml_lyd/binary_tree/allreduce_binary_tree_1ch_32chunk.xml successfully.
c196-071:17067:17100 [3] NCCL INFO NCCL_NTHREADS set by environment to 512.
c196-061:4748:4782 [3] NCCL INFO Connected 1 MSCCL algorithms
c196-071:17067:17100 [3] NCCL INFO NCCL_PROTO set by environment to Simple
c196-071:17067:17100 [3] NCCL INFO NCCL_ALGO set by environment to MSCCL,TREE,RING
c196-061:4748:4782 [3] NCCL INFO NCCL_NTHREADS set by environment to 512.
c196-071:17067:17100 [3] NCCL INFO threadThresholds 8/8/64 | 256/8/64 | 8/8/64 | 8/8/512
c196-061:4748:4782 [3] NCCL INFO NCCL_PROTO set by environment to Simple
c196-071:17067:17100 [3] NCCL INFO 2 coll channels, 2 p2p channels, 2 p2p channels per peer
c196-061:4748:4782 [3] NCCL INFO NCCL_ALGO set by environment to MSCCL,TREE,RING
c196-081:18338:18372 [2] NCCL INFO Parsed MSCCL Algorithm /home1/09168/ldai1/ccl-build/msccl_tools_lyd/examples/xml/xml_lyd/binary_tree/allreduce_binary_tree_1ch_32chunk.xml successfully.
c196-061:4748:4782 [3] NCCL INFO threadThresholds 8/8/64 | 256/8/64 | 8/8/64 | 8/8/512
c196-081:18338:18372 [2] NCCL INFO Connected 1 MSCCL algorithms
c196-072:27256:27287 [3] NCCL INFO Parsed MSCCL Algorithm /home1/09168/ldai1/ccl-build/msccl_tools_lyd/examples/xml/xml_lyd/binary_tree/allreduce_binary_tree_1ch_32chunk.xml successfully.
c196-062:9099:9134 [3] NCCL INFO Parsed MSCCL Algorithm /home1/09168/ldai1/ccl-build/msccl_tools_lyd/examples/xml/xml_lyd/binary_tree/allreduce_binary_tree_1ch_32chunk.xml successfully.
c196-061:4748:4782 [3] NCCL INFO 2 coll channels, 2 p2p channels, 2 p2p channels per peer
c196-081:18338:18372 [2] NCCL INFO NCCL_NTHREADS set by environment to 512.
c196-072:27256:27287 [3] NCCL INFO Connected 1 MSCCL algorithms
c196-062:9099:9134 [3] NCCL INFO Connected 1 MSCCL algorithms
c196-081:18338:18372 [2] NCCL INFO NCCL_PROTO set by environment to Simple
c196-072:27256:27287 [3] NCCL INFO NCCL_NTHREADS set by environment to 512.
c196-062:9099:9134 [3] NCCL INFO NCCL_NTHREADS set by environment to 512.
c196-081:18338:18372 [2] NCCL INFO NCCL_ALGO set by environment to MSCCL,TREE,RING
c196-042:13984:14020 [3] NCCL INFO Parsed MSCCL Algorithm /home1/09168/ldai1/ccl-build/msccl_tools_lyd/examples/xml/xml_lyd/binary_tree/allreduce_binary_tree_1ch_32chunk.xml successfully.
c196-072:27256:27287 [3] NCCL INFO NCCL_PROTO set by environment to Simple
c196-072:27256:27287 [3] NCCL INFO NCCL_ALGO set by environment to MSCCL,TREE,RING
c196-051:8757:8791 [3] NCCL INFO Parsed MSCCL Algorithm /home1/09168/ldai1/ccl-build/msccl_tools_lyd/examples/xml/xml_lyd/binary_tree/allreduce_binary_tree_1ch_32chunk.xml successfully.
c196-062:9099:9134 [3] NCCL INFO NCCL_PROTO set by environment to Simple
c196-081:18338:18372 [2] NCCL INFO threadThresholds 8/8/64 | 256/8/64 | 8/8/64 | 8/8/512
c196-081:18338:18372 [2] NCCL INFO 2 coll channels, 2 p2p channels, 2 p2p channels per peer
c196-042:13984:14020 [3] NCCL INFO Connected 1 MSCCL algorithms
c196-072:27256:27287 [3] NCCL INFO threadThresholds 8/8/64 | 256/8/64 | 8/8/64 | 8/8/512
c196-051:8757:8791 [3] NCCL INFO Connected 1 MSCCL algorithms
c196-062:9099:9134 [3] NCCL INFO NCCL_ALGO set by environment to MSCCL,TREE,RING
c196-081:18339:18375 [3] NCCL INFO Parsed MSCCL Algorithm /home1/09168/ldai1/ccl-build/msccl_tools_lyd/examples/xml/xml_lyd/binary_tree/allreduce_binary_tree_1ch_32chunk.xml successfully.
c196-042:13984:14020 [3] NCCL INFO NCCL_NTHREADS set by environment to 512.
c196-042:13984:14020 [3] NCCL INFO NCCL_PROTO set by environment to Simple
c196-072:27256:27287 [3] NCCL INFO 2 coll channels, 2 p2p channels, 2 p2p channels per peer
c196-051:8757:8791 [3] NCCL INFO NCCL_NTHREADS set by environment to 512.
c196-062:9099:9134 [3] NCCL INFO threadThresholds 8/8/64 | 256/8/64 | 8/8/64 | 8/8/512
c196-081:18339:18375 [3] NCCL INFO Connected 1 MSCCL algorithms
c196-042:13984:14020 [3] NCCL INFO NCCL_ALGO set by environment to MSCCL,TREE,RING
c196-051:8757:8791 [3] NCCL INFO NCCL_PROTO set by environment to Simple
c196-051:8757:8791 [3] NCCL INFO NCCL_ALGO set by environment to MSCCL,TREE,RING
c196-062:9099:9134 [3] NCCL INFO 2 coll channels, 2 p2p channels, 2 p2p channels per peer
c196-081:18339:18375 [3] NCCL INFO NCCL_NTHREADS set by environment to 512.
c196-042:13984:14020 [3] NCCL INFO threadThresholds 8/8/64 | 256/8/64 | 8/8/64 | 8/8/512
c196-051:8757:8791 [3] NCCL INFO threadThresholds 8/8/64 | 256/8/64 | 8/8/64 | 8/8/512
c196-081:18339:18375 [3] NCCL INFO NCCL_PROTO set by environment to Simple
c196-081:18339:18375 [3] NCCL INFO NCCL_ALGO set by environment to MSCCL,TREE,RING
c196-042:13984:14020 [3] NCCL INFO 2 coll channels, 2 p2p channels, 2 p2p channels per peer
c196-051:8757:8791 [3] NCCL INFO 2 coll channels, 2 p2p channels, 2 p2p channels per peer
c196-081:18339:18375 [3] NCCL INFO threadThresholds 8/8/64 | 256/8/64 | 8/8/64 | 8/8/512
c196-042:13983:14018 [2] NCCL INFO Parsed MSCCL Algorithm /home1/09168/ldai1/ccl-build/msccl_tools_lyd/examples/xml/xml_lyd/binary_tree/allreduce_binary_tree_1ch_32chunk.xml successfully.
c196-081:18339:18375 [3] NCCL INFO 2 coll channels, 2 p2p channels, 2 p2p channels per peer
c196-042:13983:14018 [2] NCCL INFO Connected 1 MSCCL algorithms
c196-042:13983:14018 [2] NCCL INFO NCCL_NTHREADS set by environment to 512.
c196-042:13983:14018 [2] NCCL INFO NCCL_PROTO set by environment to Simple
c196-042:13983:14018 [2] NCCL INFO NCCL_ALGO set by environment to MSCCL,TREE,RING
c196-042:13983:14018 [2] NCCL INFO threadThresholds 8/8/64 | 256/8/64 | 8/8/64 | 8/8/512
c196-042:13983:14018 [2] NCCL INFO 2 coll channels, 2 p2p channels, 2 p2p channels per peer
c196-042:13981:14013 [0] NCCL INFO Channel 00/0 : 16[2000] -> 0[2000] [receive] via NET/IB/0
c196-072:27253:27291 [0] NCCL INFO Channel 00/0 : 24[2000] -> 28[2000] [send] via NET/IB/0
c196-052:31211:31248 [0] NCCL INFO Channel 00/0 : 8[2000] -> 12[2000] [send] via NET/IB/0
c196-051:8754:8796 [0] NCCL INFO Channel 00/0 : 4[2000] -> 9[3000] [send] via NET/IB/0
c196-051:8755:8793 [1] NCCL INFO Channel 01/0 : 8[2000] -> 5[3000] [receive] via NET/IB/0
c196-071:17064:17103 [0] NCCL INFO Channel 00/0 : 20[2000] -> 25[3000] [send] via NET/IB/0
c196-071:17065:17102 [1] NCCL INFO Channel 01/0 : 24[2000] -> 21[3000] [receive] via NET/IB/0
c196-062:9096:9137 [0] NCCL INFO Channel 00/0 : 16[2000] -> 24[2000] [send] via NET/IB/0
c196-042:13981:14013 [0] NCCL INFO Channel 00/0 : 0[2000] -> 16[2000] [send] via NET/IB/0
c196-072:27253:27291 [0] NCCL INFO Channel 00/0 : 16[2000] -> 24[2000] [receive] via NET/IB/0
c196-052:31211:31248 [0] NCCL INFO Channel 00/0 : 8[2000] -> 17[3000] [send] via NET/IB/0
c196-081:18336:18369 [0] NCCL INFO Channel 01/0 : 12[2000] -> 28[2000] [receive] via NET/IB/0
c196-071:17064:17103 [0] NCCL INFO Channel 01/0 : 13[3000] -> 20[2000] [receive] via NET/IB/0
c196-061:4745:4784 [0] NCCL INFO Channel 01/0 : 4[2000] -> 12[2000] [receive] via NET/IB/0
c196-052:31212:31250 [1] NCCL INFO Channel 00/0 : 9[3000] -> 4[2000] [send] via NET/IB/0
c196-072:27254:27292 [1] NCCL INFO Channel 00/0 : 25[3000] -> 20[2000] [send] via NET/IB/0
c196-051:8754:8796 [0] NCCL INFO Channel 01/0 : 4[2000] -> 12[2000] [send] via NET/IB/0
c196-081:18336:18369 [0] NCCL INFO Channel 01/0 : 28[2000] -> 12[2000] [send] via NET/IB/0
c196-052:31211:31248 [0] NCCL INFO Channel 00/0 : 17[3000] -> 8[2000] [receive] via NET/IB/0
c196-072:27253:27291 [0] NCCL INFO Channel 00/0 : 24[2000] -> 16[2000] [send] via NET/IB/0
c196-062:9097:9139 [1] NCCL INFO Channel 00/0 : 17[3000] -> 8[2000] [send] via NET/IB/0
c196-061:4746:4783 [1] NCCL INFO Channel 01/0 : 20[2000] -> 13[3000] [receive] via NET/IB/0
c196-071:17064:17103 [0] NCCL INFO Channel 01/0 : 20[2000] -> 13[3000] [send] via NET/IB/0
c196-051:8754:8796 [0] NCCL INFO Channel 01/0 : 12[2000] -> 4[2000] [receive] via NET/IB/0
c196-062:9096:9137 [0] NCCL INFO Channel 00/0 : 0[2000] -> 16[2000] [receive] via NET/IB/0
c196-061:4745:4784 [0] NCCL INFO Channel 01/0 : 28[2000] -> 12[2000] [receive] via NET/IB/0
c196-062:9097:9139 [1] NCCL INFO Channel 00 : 17[3000] -> 16[2000] via direct shared memory
c196-062:9097:9139 [1] NCCL INFO Channel 01 : 17[3000] -> 16[2000] via direct shared memory
c196-061:4746:4783 [1] NCCL INFO Channel 00 : 13[3000] -> 12[2000] via direct shared memory
c196-061:4746:4783 [1] NCCL INFO Channel 01 : 13[3000] -> 12[2000] via direct shared memory
c196-062:9098:9135 [2] NCCL INFO Connected all trees
c196-062:9098:9135 [2] NCCL INFO MSCCL_XML_FILES set by environment to /home1/09168/ldai1/ccl-build/msccl_tools_lyd/examples/xml/xml_lyd/binary_tree/allreduce_binary_tree_1ch_32chunk.xml
c196-062:9098:9135 [2] NCCL INFO MSCCL: Parsing algorithm /home1/09168/ldai1/ccl-build/msccl_tools_lyd/examples/xml/xml_lyd/binary_tree/allreduce_binary_tree_1ch_32chunk.xml
c196-061:4747:4778 [2] NCCL INFO Connected all trees
c196-061:4747:4778 [2] NCCL INFO MSCCL_XML_FILES set by environment to /home1/09168/ldai1/ccl-build/msccl_tools_lyd/examples/xml/xml_lyd/binary_tree/allreduce_binary_tree_1ch_32chunk.xml
c196-061:4747:4778 [2] NCCL INFO MSCCL: Parsing algorithm /home1/09168/ldai1/ccl-build/msccl_tools_lyd/examples/xml/xml_lyd/binary_tree/allreduce_binary_tree_1ch_32chunk.xml
c196-062:9098:9135 [2] NCCL INFO Parsed MSCCL Algorithm /home1/09168/ldai1/ccl-build/msccl_tools_lyd/examples/xml/xml_lyd/binary_tree/allreduce_binary_tree_1ch_32chunk.xml successfully.
c196-062:9098:9135 [2] NCCL INFO Connected 1 MSCCL algorithms
c196-062:9098:9135 [2] NCCL INFO NCCL_NTHREADS set by environment to 512.
c196-062:9098:9135 [2] NCCL INFO NCCL_PROTO set by environment to Simple
c196-062:9098:9135 [2] NCCL INFO NCCL_ALGO set by environment to MSCCL,TREE,RING
c196-062:9098:9135 [2] NCCL INFO threadThresholds 8/8/64 | 256/8/64 | 8/8/64 | 8/8/512
c196-062:9098:9135 [2] NCCL INFO 2 coll channels, 2 p2p channels, 2 p2p channels per peer
c196-061:4747:4778 [2] NCCL INFO Parsed MSCCL Algorithm /home1/09168/ldai1/ccl-build/msccl_tools_lyd/examples/xml/xml_lyd/binary_tree/allreduce_binary_tree_1ch_32chunk.xml successfully.
c196-061:4747:4778 [2] NCCL INFO Connected 1 MSCCL algorithms
c196-061:4747:4778 [2] NCCL INFO NCCL_NTHREADS set by environment to 512.
c196-061:4747:4778 [2] NCCL INFO NCCL_PROTO set by environment to Simple
c196-061:4747:4778 [2] NCCL INFO NCCL_ALGO set by environment to MSCCL,TREE,RING
c196-061:4747:4778 [2] NCCL INFO threadThresholds 8/8/64 | 256/8/64 | 8/8/64 | 8/8/512
c196-061:4747:4778 [2] NCCL INFO 2 coll channels, 2 p2p channels, 2 p2p channels per peer
c196-062:9096:9137 [0] NCCL INFO Channel 00/0 : 16[2000] -> 0[2000] [send] via NET/IB/0
c196-061:4745:4784 [0] NCCL INFO Channel 01/0 : 12[2000] -> 28[2000] [send] via NET/IB/0
c196-071:17064:17103 [0] NCCL INFO Channel 00/0 : 25[3000] -> 20[2000] [receive] via NET/IB/0
c196-052:31211:31248 [0] NCCL INFO Channel 00/0 : 12[2000] -> 8[2000] [receive] via NET/IB/0
c196-072:27254:27292 [1] NCCL INFO Channel 00 : 25[3000] -> 24[2000] via direct shared memory
c196-072:27254:27292 [1] NCCL INFO Channel 01 : 25[3000] -> 24[2000] via direct shared memory
c196-072:27255:27288 [2] NCCL INFO Connected all trees
c196-072:27255:27288 [2] NCCL INFO MSCCL_XML_FILES set by environment to /home1/09168/ldai1/ccl-build/msccl_tools_lyd/examples/xml/xml_lyd/binary_tree/allreduce_binary_tree_1ch_32chunk.xml
c196-072:27255:27288 [2] NCCL INFO MSCCL: Parsing algorithm /home1/09168/ldai1/ccl-build/msccl_tools_lyd/examples/xml/xml_lyd/binary_tree/allreduce_binary_tree_1ch_32chunk.xml
c196-072:27255:27288 [2] NCCL INFO Parsed MSCCL Algorithm /home1/09168/ldai1/ccl-build/msccl_tools_lyd/examples/xml/xml_lyd/binary_tree/allreduce_binary_tree_1ch_32chunk.xml successfully.
c196-072:27255:27288 [2] NCCL INFO Connected 1 MSCCL algorithms
c196-072:27255:27288 [2] NCCL INFO NCCL_NTHREADS set by environment to 512.
c196-072:27255:27288 [2] NCCL INFO NCCL_PROTO set by environment to Simple
c196-072:27255:27288 [2] NCCL INFO NCCL_ALGO set by environment to MSCCL,TREE,RING
c196-072:27255:27288 [2] NCCL INFO threadThresholds 8/8/64 | 256/8/64 | 8/8/64 | 8/8/512
c196-072:27255:27288 [2] NCCL INFO 2 coll channels, 2 p2p channels, 2 p2p channels per peer
c196-071:17064:17103 [0] NCCL INFO Channel 01/0 : 20[2000] -> 16[2000] [send] via NET/IB/0
