c196-092:28586:28624 [1] NCCL INFO Channel 00 : 13[3000] -> 14[82000] via direct shared memory
c196-101:13522:13556 [2] NCCL INFO Channel 00 : 18[82000] -> 19[83000] via direct shared memory
c196-101:13521:13559 [1] NCCL INFO Channel 00 : 17[3000] -> 18[82000] via direct shared memory
c196-112:32275:32308 [2] NCCL INFO Channel 00 : 30[82000] -> 31[83000] via direct shared memory
c196-101:13522:13556 [2] NCCL INFO Channel 01 : 18[82000] -> 19[83000] via direct shared memory
c196-092:28586:28624 [1] NCCL INFO Channel 01 : 13[3000] -> 14[82000] via direct shared memory
c196-112:32274:32312 [1] NCCL INFO Channel 00 : 29[3000] -> 30[82000] via direct shared memory
c196-101:13521:13559 [1] NCCL INFO Channel 01 : 17[3000] -> 18[82000] via direct shared memory
c196-112:32275:32308 [2] NCCL INFO Channel 01 : 30[82000] -> 31[83000] via direct shared memory
c196-112:32274:32312 [1] NCCL INFO Channel 01 : 29[3000] -> 30[82000] via direct shared memory
c196-081:19968:20003 [3] NCCL INFO Channel 00/0 : 3[83000] -> 4[2000] [send] via NET/IB/0
c196-111:12483:12515 [3] NCCL INFO Channel 00/0 : 27[83000] -> 28[2000] [send] via NET/IB/0
c196-102:4473:4505 [3] NCCL INFO Channel 00/0 : 23[83000] -> 24[2000] [send] via NET/IB/0
c196-082:7077:7110 [3] NCCL INFO Channel 00/0 : 7[83000] -> 8[2000] [send] via NET/IB/0
c196-091:5733:5765 [3] NCCL INFO Channel 00/0 : 11[83000] -> 12[2000] [send] via NET/IB/0
c196-092:28588:28620 [3] NCCL INFO Channel 00/0 : 15[83000] -> 16[2000] [send] via NET/IB/0
c196-112:32276:32307 [3] NCCL INFO Channel 00/0 : 31[83000] -> 0[2000] [send] via NET/IB/0
c196-101:13523:13553 [3] NCCL INFO Channel 00/0 : 19[83000] -> 20[2000] [send] via NET/IB/0
c196-081:19965:19996 [0] NCCL INFO Channel 01/0 : 31[83000] -> 0[2000] [receive] via NET/IB/0
c196-081:19965:19996 [0] NCCL INFO Channel 00 : 0[2000] -> 1[3000] via direct shared memory
c196-081:19965:19996 [0] NCCL INFO Channel 01 : 0[2000] -> 1[3000] via direct shared memory
c196-082:7074:7114 [0] NCCL INFO Channel 01/0 : 3[83000] -> 4[2000] [receive] via NET/IB/0
c196-091:5730:5767 [0] NCCL INFO Channel 01/0 : 7[83000] -> 8[2000] [receive] via NET/IB/0
c196-082:7074:7114 [0] NCCL INFO Channel 00 : 4[2000] -> 5[3000] via direct shared memory
c196-091:5730:5767 [0] NCCL INFO Channel 00 : 8[2000] -> 9[3000] via direct shared memory
c196-112:32273:32311 [0] NCCL INFO Channel 01/0 : 27[83000] -> 28[2000] [receive] via NET/IB/0
c196-091:5730:5767 [0] NCCL INFO Channel 01 : 8[2000] -> 9[3000] via direct shared memory
c196-111:12480:12519 [0] NCCL INFO Channel 01/0 : 23[83000] -> 24[2000] [receive] via NET/IB/0
c196-082:7074:7114 [0] NCCL INFO Channel 01 : 4[2000] -> 5[3000] via direct shared memory
c196-101:13520:13557 [0] NCCL INFO Channel 01/0 : 15[83000] -> 16[2000] [receive] via NET/IB/0
c196-112:32273:32311 [0] NCCL INFO Channel 00 : 28[2000] -> 29[3000] via direct shared memory
c196-101:13520:13557 [0] NCCL INFO Channel 00 : 16[2000] -> 17[3000] via direct shared memory
c196-092:28585:28622 [0] NCCL INFO Channel 01/0 : 11[83000] -> 12[2000] [receive] via NET/IB/0
c196-111:12480:12519 [0] NCCL INFO Channel 00 : 24[2000] -> 25[3000] via direct shared memory
c196-112:32273:32311 [0] NCCL INFO Channel 01 : 28[2000] -> 29[3000] via direct shared memory
c196-111:12480:12519 [0] NCCL INFO Channel 01 : 24[2000] -> 25[3000] via direct shared memory
c196-101:13520:13557 [0] NCCL INFO Channel 01 : 16[2000] -> 17[3000] via direct shared memory
c196-092:28585:28622 [0] NCCL INFO Channel 00 : 12[2000] -> 13[3000] via direct shared memory
c196-102:4470:4507 [0] NCCL INFO Channel 01/0 : 19[83000] -> 20[2000] [receive] via NET/IB/0
c196-092:28585:28622 [0] NCCL INFO Channel 01 : 12[2000] -> 13[3000] via direct shared memory
c196-102:4470:4507 [0] NCCL INFO Channel 00 : 20[2000] -> 21[3000] via direct shared memory
c196-102:4470:4507 [0] NCCL INFO Channel 01 : 20[2000] -> 21[3000] via direct shared memory
c196-082:7075:7113 [1] NCCL INFO Connected all rings
c196-081:19966:20005 [1] NCCL INFO Connected all rings
c196-091:5731:5769 [1] NCCL INFO Connected all rings
c196-112:32274:32312 [1] NCCL INFO Connected all rings
c196-102:4471:4509 [1] NCCL INFO Connected all rings
c196-101:13521:13559 [1] NCCL INFO Connected all rings
c196-111:12481:12518 [1] NCCL INFO Connected all rings
c196-092:28586:28624 [1] NCCL INFO Connected all rings
c196-082:7075:7113 [1] NCCL INFO Channel 01/0 : 5[3000] -> 8[2000] [send] via NET/IB/0
c196-091:5731:5769 [1] NCCL INFO Channel 00/0 : 4[2000] -> 9[3000] [receive] via NET/IB/0
c196-102:4471:4509 [1] NCCL INFO Channel 01/0 : 21[3000] -> 24[2000] [send] via NET/IB/0
c196-101:13521:13559 [1] NCCL INFO Channel 00/0 : 8[2000] -> 17[3000] [receive] via NET/IB/0
c196-111:12481:12518 [1] NCCL INFO Channel 00/0 : 20[2000] -> 25[3000] [receive] via NET/IB/0
c196-092:28586:28624 [1] NCCL INFO Channel 01/0 : 13[3000] -> 20[2000] [send] via NET/IB/0
c196-081:19968:20003 [3] NCCL INFO Channel 01/0 : 3[83000] -> 4[2000] [send] via NET/IB/0
c196-111:12483:12515 [3] NCCL INFO Channel 01/0 : 27[83000] -> 28[2000] [send] via NET/IB/0
c196-102:4473:4505 [3] NCCL INFO Channel 01/0 : 23[83000] -> 24[2000] [send] via NET/IB/0
c196-082:7077:7110 [3] NCCL INFO Channel 01/0 : 7[83000] -> 8[2000] [send] via NET/IB/0
c196-091:5733:5765 [3] NCCL INFO Channel 01/0 : 11[83000] -> 12[2000] [send] via NET/IB/0
c196-112:32276:32307 [3] NCCL INFO Channel 01/0 : 31[83000] -> 0[2000] [send] via NET/IB/0
c196-101:13523:13553 [3] NCCL INFO Channel 01/0 : 19[83000] -> 20[2000] [send] via NET/IB/0
c196-092:28588:28620 [3] NCCL INFO Channel 01/0 : 15[83000] -> 16[2000] [send] via NET/IB/0
c196-081:19967:20001 [2] NCCL INFO Connected all rings
c196-111:12482:12513 [2] NCCL INFO Connected all rings
c196-112:32275:32308 [2] NCCL INFO Connected all rings
c196-081:19966:20005 [1] NCCL INFO Channel 00 : 1[3000] -> 0[2000] via direct shared memory
c196-091:5732:5764 [2] NCCL INFO Connected all rings
c196-102:4472:4504 [2] NCCL INFO Connected all rings
c196-081:19966:20005 [1] NCCL INFO Channel 01 : 1[3000] -> 0[2000] via direct shared memory
c196-082:7076:7109 [2] NCCL INFO Connected all rings
c196-092:28587:28619 [2] NCCL INFO Connected all rings
c196-101:13522:13556 [2] NCCL INFO Connected all rings
c196-112:32274:32312 [1] NCCL INFO Channel 00 : 29[3000] -> 28[2000] via direct shared memory
c196-112:32274:32312 [1] NCCL INFO Channel 01 : 29[3000] -> 28[2000] via direct shared memory
c196-081:19968:20003 [3] NCCL INFO Connected all rings
c196-081:19968:20003 [3] NCCL INFO Channel 00 : 3[83000] -> 2[82000] via direct shared memory
c196-081:19968:20003 [3] NCCL INFO Channel 01 : 3[83000] -> 2[82000] via direct shared memory
c196-111:12483:12515 [3] NCCL INFO Connected all rings
c196-102:4473:4505 [3] NCCL INFO Connected all rings
c196-102:4473:4505 [3] NCCL INFO Channel 00 : 23[83000] -> 22[82000] via direct shared memory
c196-111:12483:12515 [3] NCCL INFO Channel 00 : 27[83000] -> 26[82000] via direct shared memory
c196-082:7077:7110 [3] NCCL INFO Connected all rings
c196-102:4473:4505 [3] NCCL INFO Channel 01 : 23[83000] -> 22[82000] via direct shared memory
c196-111:12483:12515 [3] NCCL INFO Channel 01 : 27[83000] -> 26[82000] via direct shared memory
c196-082:7077:7110 [3] NCCL INFO Channel 00 : 7[83000] -> 6[82000] via direct shared memory
c196-082:7077:7110 [3] NCCL INFO Channel 01 : 7[83000] -> 6[82000] via direct shared memory
c196-091:5733:5765 [3] NCCL INFO Connected all rings
c196-101:13523:13553 [3] NCCL INFO Connected all rings
c196-091:5733:5765 [3] NCCL INFO Channel 00 : 11[83000] -> 10[82000] via direct shared memory
c196-101:13523:13553 [3] NCCL INFO Channel 00 : 19[83000] -> 18[82000] via direct shared memory
c196-091:5733:5765 [3] NCCL INFO Channel 01 : 11[83000] -> 10[82000] via direct shared memory
c196-101:13523:13553 [3] NCCL INFO Channel 01 : 19[83000] -> 18[82000] via direct shared memory
c196-082:7074:7114 [0] NCCL INFO Connected all rings
c196-112:32276:32307 [3] NCCL INFO Connected all rings
c196-092:28588:28620 [3] NCCL INFO Connected all rings
c196-112:32276:32307 [3] NCCL INFO Channel 00 : 31[83000] -> 30[82000] via direct shared memory
c196-092:28588:28620 [3] NCCL INFO Channel 00 : 15[83000] -> 14[82000] via direct shared memory
c196-112:32276:32307 [3] NCCL INFO Channel 01 : 31[83000] -> 30[82000] via direct shared memory
c196-092:28588:28620 [3] NCCL INFO Channel 01 : 15[83000] -> 14[82000] via direct shared memory
c196-112:32273:32311 [0] NCCL INFO Connected all rings
c196-081:19967:20001 [2] NCCL INFO Channel 00 : 2[82000] -> 1[3000] via direct shared memory
c196-081:19967:20001 [2] NCCL INFO Channel 01 : 2[82000] -> 1[3000] via direct shared memory
c196-111:12480:12519 [0] NCCL INFO Connected all rings
c196-092:28585:28622 [0] NCCL INFO Connected all rings
c196-102:4470:4507 [0] NCCL INFO Connected all rings
c196-091:5730:5767 [0] NCCL INFO Connected all rings
c196-081:19965:19996 [0] NCCL INFO Connected all rings
c196-101:13520:13557 [0] NCCL INFO Connected all rings
c196-111:12482:12513 [2] NCCL INFO Channel 00 : 26[82000] -> 25[3000] via direct shared memory
c196-111:12482:12513 [2] NCCL INFO Channel 01 : 26[82000] -> 25[3000] via direct shared memory
c196-102:4472:4504 [2] NCCL INFO Channel 00 : 22[82000] -> 21[3000] via direct shared memory
c196-102:4472:4504 [2] NCCL INFO Channel 01 : 22[82000] -> 21[3000] via direct shared memory
c196-082:7076:7109 [2] NCCL INFO Channel 00 : 6[82000] -> 5[3000] via direct shared memory
c196-082:7076:7109 [2] NCCL INFO Channel 01 : 6[82000] -> 5[3000] via direct shared memory
c196-092:28587:28619 [2] NCCL INFO Channel 00 : 14[82000] -> 13[3000] via direct shared memory
c196-092:28587:28619 [2] NCCL INFO Channel 01 : 14[82000] -> 13[3000] via direct shared memory
c196-091:5732:5764 [2] NCCL INFO Channel 00 : 10[82000] -> 9[3000] via direct shared memory
c196-091:5732:5764 [2] NCCL INFO Channel 01 : 10[82000] -> 9[3000] via direct shared memory
c196-101:13522:13556 [2] NCCL INFO Channel 00 : 18[82000] -> 17[3000] via direct shared memory
c196-101:13522:13556 [2] NCCL INFO Channel 01 : 18[82000] -> 17[3000] via direct shared memory
c196-081:19968:20003 [3] NCCL INFO Connected all trees
c196-081:19968:20003 [3] NCCL INFO MSCCL_XML_FILES set by environment to /home1/09168/ldai1/ccl-build/msccl_tools_lyd/examples/xml/xml_lyd/binomial_tree/allreduce_binomial_tree_1ch_32chunk.xml
c196-081:19968:20003 [3] NCCL INFO MSCCL: Parsing algorithm /home1/09168/ldai1/ccl-build/msccl_tools_lyd/examples/xml/xml_lyd/binomial_tree/allreduce_binomial_tree_1ch_32chunk.xml
c196-081:19967:20001 [2] NCCL INFO Connected all trees
c196-081:19967:20001 [2] NCCL INFO MSCCL_XML_FILES set by environment to /home1/09168/ldai1/ccl-build/msccl_tools_lyd/examples/xml/xml_lyd/binomial_tree/allreduce_binomial_tree_1ch_32chunk.xml
c196-081:19967:20001 [2] NCCL INFO MSCCL: Parsing algorithm /home1/09168/ldai1/ccl-build/msccl_tools_lyd/examples/xml/xml_lyd/binomial_tree/allreduce_binomial_tree_1ch_32chunk.xml
c196-112:32275:32308 [2] NCCL INFO Channel 00 : 30[82000] -> 29[3000] via direct shared memory
c196-112:32275:32308 [2] NCCL INFO Channel 01 : 30[82000] -> 29[3000] via direct shared memory
c196-111:12483:12515 [3] NCCL INFO Connected all trees
c196-111:12483:12515 [3] NCCL INFO MSCCL_XML_FILES set by environment to /home1/09168/ldai1/ccl-build/msccl_tools_lyd/examples/xml/xml_lyd/binomial_tree/allreduce_binomial_tree_1ch_32chunk.xml
c196-111:12483:12515 [3] NCCL INFO MSCCL: Parsing algorithm /home1/09168/ldai1/ccl-build/msccl_tools_lyd/examples/xml/xml_lyd/binomial_tree/allreduce_binomial_tree_1ch_32chunk.xml
c196-102:4473:4505 [3] NCCL INFO Connected all trees
c196-102:4473:4505 [3] NCCL INFO MSCCL_XML_FILES set by environment to /home1/09168/ldai1/ccl-build/msccl_tools_lyd/examples/xml/xml_lyd/binomial_tree/allreduce_binomial_tree_1ch_32chunk.xml
c196-102:4473:4505 [3] NCCL INFO MSCCL: Parsing algorithm /home1/09168/ldai1/ccl-build/msccl_tools_lyd/examples/xml/xml_lyd/binomial_tree/allreduce_binomial_tree_1ch_32chunk.xml
c196-082:7077:7110 [3] NCCL INFO Connected all trees
c196-082:7077:7110 [3] NCCL INFO MSCCL_XML_FILES set by environment to /home1/09168/ldai1/ccl-build/msccl_tools_lyd/examples/xml/xml_lyd/binomial_tree/allreduce_binomial_tree_1ch_32chunk.xml
c196-082:7077:7110 [3] NCCL INFO MSCCL: Parsing algorithm /home1/09168/ldai1/ccl-build/msccl_tools_lyd/examples/xml/xml_lyd/binomial_tree/allreduce_binomial_tree_1ch_32chunk.xml
c196-092:28588:28620 [3] NCCL INFO Connected all trees
c196-092:28588:28620 [3] NCCL INFO MSCCL_XML_FILES set by environment to /home1/09168/ldai1/ccl-build/msccl_tools_lyd/examples/xml/xml_lyd/binomial_tree/allreduce_binomial_tree_1ch_32chunk.xml
c196-092:28588:28620 [3] NCCL INFO MSCCL: Parsing algorithm /home1/09168/ldai1/ccl-build/msccl_tools_lyd/examples/xml/xml_lyd/binomial_tree/allreduce_binomial_tree_1ch_32chunk.xml
c196-091:5733:5765 [3] NCCL INFO Connected all trees
c196-091:5733:5765 [3] NCCL INFO MSCCL_XML_FILES set by environment to /home1/09168/ldai1/ccl-build/msccl_tools_lyd/examples/xml/xml_lyd/binomial_tree/allreduce_binomial_tree_1ch_32chunk.xml
c196-091:5733:5765 [3] NCCL INFO MSCCL: Parsing algorithm /home1/09168/ldai1/ccl-build/msccl_tools_lyd/examples/xml/xml_lyd/binomial_tree/allreduce_binomial_tree_1ch_32chunk.xml
c196-101:13523:13553 [3] NCCL INFO Connected all trees
c196-101:13523:13553 [3] NCCL INFO MSCCL_XML_FILES set by environment to /home1/09168/ldai1/ccl-build/msccl_tools_lyd/examples/xml/xml_lyd/binomial_tree/allreduce_binomial_tree_1ch_32chunk.xml
c196-101:13523:13553 [3] NCCL INFO MSCCL: Parsing algorithm /home1/09168/ldai1/ccl-build/msccl_tools_lyd/examples/xml/xml_lyd/binomial_tree/allreduce_binomial_tree_1ch_32chunk.xml
c196-112:32276:32307 [3] NCCL INFO Connected all trees
c196-112:32276:32307 [3] NCCL INFO MSCCL_XML_FILES set by environment to /home1/09168/ldai1/ccl-build/msccl_tools_lyd/examples/xml/xml_lyd/binomial_tree/allreduce_binomial_tree_1ch_32chunk.xml
c196-112:32276:32307 [3] NCCL INFO MSCCL: Parsing algorithm /home1/09168/ldai1/ccl-build/msccl_tools_lyd/examples/xml/xml_lyd/binomial_tree/allreduce_binomial_tree_1ch_32chunk.xml
c196-112:32275:32308 [2] NCCL INFO Connected all trees
c196-112:32275:32308 [2] NCCL INFO MSCCL_XML_FILES set by environment to /home1/09168/ldai1/ccl-build/msccl_tools_lyd/examples/xml/xml_lyd/binomial_tree/allreduce_binomial_tree_1ch_32chunk.xml
c196-112:32275:32308 [2] NCCL INFO MSCCL: Parsing algorithm /home1/09168/ldai1/ccl-build/msccl_tools_lyd/examples/xml/xml_lyd/binomial_tree/allreduce_binomial_tree_1ch_32chunk.xml
c196-082:7074:7114 [0] NCCL INFO Channel 01/0 : 0[2000] -> 4[2000] [receive] via NET/IB/0
c196-112:32273:32311 [0] NCCL INFO Channel 00/0 : 24[2000] -> 28[2000] [receive] via NET/IB/0
c196-111:12480:12519 [0] NCCL INFO Channel 01/0 : 21[3000] -> 24[2000] [receive] via NET/IB/0
c196-092:28585:28622 [0] NCCL INFO Channel 00/0 : 8[2000] -> 12[2000] [receive] via NET/IB/0
c196-102:4470:4507 [0] NCCL INFO Channel 01/0 : 16[2000] -> 20[2000] [receive] via NET/IB/0
c196-112:32275:32308 [2] NCCL INFO Parsed MSCCL Algorithm /home1/09168/ldai1/ccl-build/msccl_tools_lyd/examples/xml/xml_lyd/binomial_tree/allreduce_binomial_tree_1ch_32chunk.xml successfully.
c196-112:32275:32308 [2] NCCL INFO Connected 1 MSCCL algorithms
c196-112:32275:32308 [2] NCCL INFO NCCL_NTHREADS set by environment to 512.
c196-112:32275:32308 [2] NCCL INFO NCCL_PROTO set by environment to Simple
c196-112:32275:32308 [2] NCCL INFO NCCL_ALGO set by environment to MSCCL,TREE,RING
c196-112:32275:32308 [2] NCCL INFO threadThresholds 8/8/64 | 256/8/64 | 8/8/64 | 8/8/512
c196-112:32275:32308 [2] NCCL INFO 2 coll channels, 2 p2p channels, 2 p2p channels per peer
c196-091:5730:5767 [0] NCCL INFO Channel 01/0 : 5[3000] -> 8[2000] [receive] via NET/IB/0
c196-081:19967:20001 [2] NCCL INFO Parsed MSCCL Algorithm /home1/09168/ldai1/ccl-build/msccl_tools_lyd/examples/xml/xml_lyd/binomial_tree/allreduce_binomial_tree_1ch_32chunk.xml successfully.
c196-081:19967:20001 [2] NCCL INFO Connected 1 MSCCL algorithms
c196-081:19967:20001 [2] NCCL INFO NCCL_NTHREADS set by environment to 512.
c196-081:19967:20001 [2] NCCL INFO NCCL_PROTO set by environment to Simple
c196-081:19967:20001 [2] NCCL INFO NCCL_ALGO set by environment to MSCCL,TREE,RING
c196-092:28588:28620 [3] NCCL INFO Parsed MSCCL Algorithm /home1/09168/ldai1/ccl-build/msccl_tools_lyd/examples/xml/xml_lyd/binomial_tree/allreduce_binomial_tree_1ch_32chunk.xml successfully.
c196-081:19967:20001 [2] NCCL INFO threadThresholds 8/8/64 | 256/8/64 | 8/8/64 | 8/8/512
c196-112:32276:32307 [3] NCCL INFO Parsed MSCCL Algorithm /home1/09168/ldai1/ccl-build/msccl_tools_lyd/examples/xml/xml_lyd/binomial_tree/allreduce_binomial_tree_1ch_32chunk.xml successfully.
c196-101:13520:13557 [0] NCCL INFO Channel 01/0 : 16[2000] -> 20[2000] [send] via NET/IB/0
c196-081:19967:20001 [2] NCCL INFO 2 coll channels, 2 p2p channels, 2 p2p channels per peer
c196-092:28588:28620 [3] NCCL INFO Channel 00/0 : 11[83000] -> 15[83000] [receive] via NET/IB/0
c196-081:19965:19996 [0] NCCL INFO Channel 01/0 : 0[2000] -> 4[2000] [send] via NET/IB/0
c196-112:32276:32307 [3] NCCL INFO Channel 00/0 : 27[83000] -> 31[83000] [receive] via NET/IB/0
c196-102:4473:4505 [3] NCCL INFO Parsed MSCCL Algorithm /home1/09168/ldai1/ccl-build/msccl_tools_lyd/examples/xml/xml_lyd/binomial_tree/allreduce_binomial_tree_1ch_32chunk.xml successfully.
c196-111:12483:12515 [3] NCCL INFO Parsed MSCCL Algorithm /home1/09168/ldai1/ccl-build/msccl_tools_lyd/examples/xml/xml_lyd/binomial_tree/allreduce_binomial_tree_1ch_32chunk.xml successfully.
c196-102:4473:4505 [3] NCCL INFO Channel 00/0 : 19[83000] -> 23[83000] [receive] via NET/IB/0
c196-111:12483:12515 [3] NCCL INFO Channel 00/0 : 27[83000] -> 31[83000] [send] via NET/IB/0
c196-082:7077:7110 [3] NCCL INFO Parsed MSCCL Algorithm /home1/09168/ldai1/ccl-build/msccl_tools_lyd/examples/xml/xml_lyd/binomial_tree/allreduce_binomial_tree_1ch_32chunk.xml successfully.
c196-082:7077:7110 [3] NCCL INFO Channel 00/0 : 3[83000] -> 7[83000] [receive] via NET/IB/0
c196-081:19968:20003 [3] NCCL INFO Parsed MSCCL Algorithm /home1/09168/ldai1/ccl-build/msccl_tools_lyd/examples/xml/xml_lyd/binomial_tree/allreduce_binomial_tree_1ch_32chunk.xml successfully.
c196-081:19968:20003 [3] NCCL INFO Channel 00/0 : 3[83000] -> 7[83000] [send] via NET/IB/0
c196-091:5733:5765 [3] NCCL INFO Parsed MSCCL Algorithm /home1/09168/ldai1/ccl-build/msccl_tools_lyd/examples/xml/xml_lyd/binomial_tree/allreduce_binomial_tree_1ch_32chunk.xml successfully.
c196-091:5733:5765 [3] NCCL INFO Channel 00/0 : 11[83000] -> 15[83000] [send] via NET/IB/0
c196-101:13523:13553 [3] NCCL INFO Parsed MSCCL Algorithm /home1/09168/ldai1/ccl-build/msccl_tools_lyd/examples/xml/xml_lyd/binomial_tree/allreduce_binomial_tree_1ch_32chunk.xml successfully.
c196-101:13523:13553 [3] NCCL INFO Channel 00/0 : 19[83000] -> 23[83000] [send] via NET/IB/0
c196-101:13520:13557 [0] NCCL INFO Channel 00/0 : 16[2000] -> 24[2000] [send] via NET/IB/0
c196-102:4471:4509 [1] NCCL INFO Channel 01/0 : 24[2000] -> 21[3000] [receive] via NET/IB/0
c196-111:12480:12519 [0] NCCL INFO Channel 00/0 : 24[2000] -> 28[2000] [send] via NET/IB/0
c196-082:7075:7113 [1] NCCL INFO Channel 01/0 : 8[2000] -> 5[3000] [receive] via NET/IB/0
c196-111:12483:12515 [3] NCCL INFO Channel 00/0 : 19[83000] -> 27[83000] [receive] via NET/IB/0
c196-101:13523:13553 [3] NCCL INFO Channel 00/0 : 19[83000] -> 27[83000] [send] via NET/IB/0
c196-081:19968:20003 [3] NCCL INFO Channel 00/0 : 3[83000] -> 11[83000] [send] via NET/IB/0
c196-081:19965:19996 [0] NCCL INFO Channel 00/0 : 16[2000] -> 0[2000] [receive] via NET/IB/0
c196-102:4470:4507 [0] NCCL INFO Channel 00/0 : 20[2000] -> 25[3000] [send] via NET/IB/0
c196-082:7077:7110 [3] NCCL INFO Channel 00/0 : 7[83000] -> 3[83000] [send] via NET/IB/0
c196-082:7074:7114 [0] NCCL INFO Channel 00/0 : 4[2000] -> 9[3000] [send] via NET/IB/0
c196-091:5730:5767 [0] NCCL INFO Channel 00/0 : 8[2000] -> 12[2000] [send] via NET/IB/0
c196-091:5733:5765 [3] NCCL INFO Channel 00/0 : 3[83000] -> 11[83000] [receive] via NET/IB/0
c196-112:32276:32307 [3] NCCL INFO Channel 00/0 : 31[83000] -> 27[83000] [send] via NET/IB/0
c196-092:28588:28620 [3] NCCL INFO Channel 00/0 : 15[83000] -> 11[83000] [send] via NET/IB/0
c196-102:4473:4505 [3] NCCL INFO Channel 00/0 : 23[83000] -> 19[83000] [send] via NET/IB/0
c196-081:19965:19996 [0] NCCL INFO Channel 00/0 : 0[2000] -> 16[2000] [send] via NET/IB/0
c196-111:12480:12519 [0] NCCL INFO Channel 00/0 : 16[2000] -> 24[2000] [receive] via NET/IB/0
c196-101:13523:13553 [3] NCCL INFO Channel 00/0 : 3[83000] -> 19[83000] [receive] via NET/IB/0
c196-102:4470:4507 [0] NCCL INFO Channel 01/0 : 13[3000] -> 20[2000] [receive] via NET/IB/0
c196-112:32273:32311 [0] NCCL INFO Channel 01/0 : 12[2000] -> 28[2000] [receive] via NET/IB/0
c196-081:19968:20003 [3] NCCL INFO Channel 00/0 : 19[83000] -> 3[83000] [receive] via NET/IB/0
c196-091:5730:5767 [0] NCCL INFO Channel 00/0 : 8[2000] -> 17[3000] [send] via NET/IB/0
c196-111:12483:12515 [3] NCCL INFO Channel 00/0 : 27[83000] -> 19[83000] [send] via NET/IB/0
c196-091:5733:5765 [3] NCCL INFO Channel 00/0 : 11[83000] -> 3[83000] [send] via NET/IB/0
c196-092:28585:28622 [0] NCCL INFO Channel 01/0 : 4[2000] -> 12[2000] [receive] via NET/IB/0
c196-091:5731:5769 [1] NCCL INFO Channel 00/0 : 9[3000] -> 4[2000] [send] via NET/IB/0
c196-111:12481:12518 [1] NCCL INFO Channel 00/0 : 25[3000] -> 20[2000] [send] via NET/IB/0
c196-082:7074:7114 [0] NCCL INFO Channel 01/0 : 4[2000] -> 12[2000] [send] via NET/IB/0
c196-101:13523:13553 [3] NCCL INFO Channel 00/0 : 19[83000] -> 3[83000] [send] via NET/IB/0
c196-112:32273:32311 [0] NCCL INFO Channel 01/0 : 28[2000] -> 12[2000] [send] via NET/IB/0
c196-081:19968:20003 [3] NCCL INFO Channel 00/0 : 3[83000] -> 19[83000] [send] via NET/IB/0
c196-101:13520:13557 [0] NCCL INFO Channel 00/0 : 0[2000] -> 16[2000] [receive] via NET/IB/0
c196-111:12480:12519 [0] NCCL INFO Channel 00/0 : 24[2000] -> 16[2000] [send] via NET/IB/0
c196-102:4470:4507 [0] NCCL INFO Channel 01/0 : 20[2000] -> 13[3000] [send] via NET/IB/0
c196-091:5730:5767 [0] NCCL INFO Channel 00/0 : 17[3000] -> 8[2000] [receive] via NET/IB/0
c196-101:13521:13559 [1] NCCL INFO Channel 00/0 : 17[3000] -> 8[2000] [send] via NET/IB/0
c196-092:28586:28624 [1] NCCL INFO Channel 01/0 : 20[2000] -> 13[3000] [receive] via NET/IB/0
c196-092:28585:28622 [0] NCCL INFO Channel 01/0 : 28[2000] -> 12[2000] [receive] via NET/IB/0
c196-082:7074:7114 [0] NCCL INFO Channel 01/0 : 12[2000] -> 4[2000] [receive] via NET/IB/0
c196-101:13521:13559 [1] NCCL INFO Channel 00 : 17[3000] -> 16[2000] via direct shared memory
c196-101:13521:13559 [1] NCCL INFO Channel 01 : 17[3000] -> 16[2000] via direct shared memory
c196-101:13522:13556 [2] NCCL INFO Connected all trees
c196-101:13522:13556 [2] NCCL INFO MSCCL_XML_FILES set by environment to /home1/09168/ldai1/ccl-build/msccl_tools_lyd/examples/xml/xml_lyd/binomial_tree/allreduce_binomial_tree_1ch_32chunk.xml
c196-101:13522:13556 [2] NCCL INFO MSCCL: Parsing algorithm /home1/09168/ldai1/ccl-build/msccl_tools_lyd/examples/xml/xml_lyd/binomial_tree/allreduce_binomial_tree_1ch_32chunk.xml
c196-092:28586:28624 [1] NCCL INFO Channel 00 : 13[3000] -> 12[2000] via direct shared memory
c196-092:28586:28624 [1] NCCL INFO Channel 01 : 13[3000] -> 12[2000] via direct shared memory
c196-092:28587:28619 [2] NCCL INFO Connected all trees
c196-092:28587:28619 [2] NCCL INFO MSCCL_XML_FILES set by environment to /home1/09168/ldai1/ccl-build/msccl_tools_lyd/examples/xml/xml_lyd/binomial_tree/allreduce_binomial_tree_1ch_32chunk.xml
c196-092:28587:28619 [2] NCCL INFO MSCCL: Parsing algorithm /home1/09168/ldai1/ccl-build/msccl_tools_lyd/examples/xml/xml_lyd/binomial_tree/allreduce_binomial_tree_1ch_32chunk.xml
c196-101:13520:13557 [0] NCCL INFO Channel 00/0 : 16[2000] -> 0[2000] [send] via NET/IB/0
c196-101:13522:13556 [2] NCCL INFO Parsed MSCCL Algorithm /home1/09168/ldai1/ccl-build/msccl_tools_lyd/examples/xml/xml_lyd/binomial_tree/allreduce_binomial_tree_1ch_32chunk.xml successfully.
c196-101:13522:13556 [2] NCCL INFO Connected 1 MSCCL algorithms
c196-101:13522:13556 [2] NCCL INFO NCCL_NTHREADS set by environment to 512.
c196-101:13522:13556 [2] NCCL INFO NCCL_PROTO set by environment to Simple
c196-101:13522:13556 [2] NCCL INFO NCCL_ALGO set by environment to MSCCL,TREE,RING
c196-101:13522:13556 [2] NCCL INFO threadThresholds 8/8/64 | 256/8/64 | 8/8/64 | 8/8/512
c196-101:13522:13556 [2] NCCL INFO 2 coll channels, 2 p2p channels, 2 p2p channels per peer
c196-092:28587:28619 [2] NCCL INFO Parsed MSCCL Algorithm /home1/09168/ldai1/ccl-build/msccl_tools_lyd/examples/xml/xml_lyd/binomial_tree/allreduce_binomial_tree_1ch_32chunk.xml successfully.
c196-092:28587:28619 [2] NCCL INFO Connected 1 MSCCL algorithms
c196-092:28587:28619 [2] NCCL INFO NCCL_NTHREADS set by environment to 512.
c196-092:28587:28619 [2] NCCL INFO NCCL_PROTO set by environment to Simple
c196-092:28587:28619 [2] NCCL INFO NCCL_ALGO set by environment to MSCCL,TREE,RING
c196-092:28587:28619 [2] NCCL INFO threadThresholds 8/8/64 | 256/8/64 | 8/8/64 | 8/8/512
c196-092:28587:28619 [2] NCCL INFO 2 coll channels, 2 p2p channels, 2 p2p channels per peer
c196-092:28585:28622 [0] NCCL INFO Channel 01/0 : 12[2000] -> 28[2000] [send] via NET/IB/0
c196-101:13523:13553 [3] NCCL INFO Channel 00/0 : 27[83000] -> 19[83000] [receive] via NET/IB/0
c196-081:19968:20003 [3] NCCL INFO Channel 00/0 : 11[83000] -> 3[83000] [receive] via NET/IB/0
c196-102:4470:4507 [0] NCCL INFO Channel 00/0 : 25[3000] -> 20[2000] [receive] via NET/IB/0
c196-091:5730:5767 [0] NCCL INFO Channel 00/0 : 12[2000] -> 8[2000] [receive] via NET/IB/0
c196-111:12481:12518 [1] NCCL INFO Channel 00 : 25[3000] -> 24[2000] via direct shared memory
c196-111:12481:12518 [1] NCCL INFO Channel 01 : 25[3000] -> 24[2000] via direct shared memory
c196-111:12482:12513 [2] NCCL INFO Connected all trees
c196-111:12482:12513 [2] NCCL INFO MSCCL_XML_FILES set by environment to /home1/09168/ldai1/ccl-build/msccl_tools_lyd/examples/xml/xml_lyd/binomial_tree/allreduce_binomial_tree_1ch_32chunk.xml
c196-111:12482:12513 [2] NCCL INFO MSCCL: Parsing algorithm /home1/09168/ldai1/ccl-build/msccl_tools_lyd/examples/xml/xml_lyd/binomial_tree/allreduce_binomial_tree_1ch_32chunk.xml
c196-111:12482:12513 [2] NCCL INFO Parsed MSCCL Algorithm /home1/09168/ldai1/ccl-build/msccl_tools_lyd/examples/xml/xml_lyd/binomial_tree/allreduce_binomial_tree_1ch_32chunk.xml successfully.
c196-111:12482:12513 [2] NCCL INFO Connected 1 MSCCL algorithms
c196-111:12482:12513 [2] NCCL INFO NCCL_NTHREADS set by environment to 512.
c196-111:12482:12513 [2] NCCL INFO NCCL_PROTO set by environment to Simple
c196-111:12482:12513 [2] NCCL INFO NCCL_ALGO set by environment to MSCCL,TREE,RING
c196-111:12482:12513 [2] NCCL INFO threadThresholds 8/8/64 | 256/8/64 | 8/8/64 | 8/8/512
c196-111:12482:12513 [2] NCCL INFO 2 coll channels, 2 p2p channels, 2 p2p channels per peer
c196-101:13520:13557 [0] NCCL INFO Channel 00/0 : 24[2000] -> 16[2000] [receive] via NET/IB/0
c196-081:19965:19996 [0] NCCL INFO Channel 01/0 : 4[2000] -> 0[2000] [receive] via NET/IB/0
c196-111:12483:12515 [3] NCCL INFO Channel 00/0 : 31[83000] -> 27[83000] [receive] via NET/IB/0
c196-101:13523:13553 [3] NCCL INFO Channel 00/0 : 23[83000] -> 19[83000] [receive] via NET/IB/0
c196-081:19968:20003 [3] NCCL INFO Channel 00/0 : 7[83000] -> 3[83000] [receive] via NET/IB/0
c196-091:5733:5765 [3] NCCL INFO Channel 00/0 : 15[83000] -> 11[83000] [receive] via NET/IB/0
c196-102:4470:4507 [0] NCCL INFO Channel 01/0 : 20[2000] -> 16[2000] [send] via NET/IB/0
c196-092:28585:28622 [0] NCCL INFO Channel 01/0 : 12[2000] -> 4[2000] [send] via NET/IB/0
c196-112:32276:32307 [3] NCCL INFO Connected 1 MSCCL algorithms
c196-112:32276:32307 [3] NCCL INFO NCCL_NTHREADS set by environment to 512.
c196-112:32276:32307 [3] NCCL INFO NCCL_PROTO set by environment to Simple
c196-112:32276:32307 [3] NCCL INFO NCCL_ALGO set by environment to MSCCL,TREE,RING
c196-112:32276:32307 [3] NCCL INFO threadThresholds 8/8/64 | 256/8/64 | 8/8/64 | 8/8/512
c196-112:32276:32307 [3] NCCL INFO 2 coll channels, 2 p2p channels, 2 p2p channels per peer
c196-111:12483:12515 [3] NCCL INFO Connected 1 MSCCL algorithms
c196-111:12483:12515 [3] NCCL INFO NCCL_NTHREADS set by environment to 512.
c196-111:12483:12515 [3] NCCL INFO NCCL_PROTO set by environment to Simple
c196-111:12483:12515 [3] NCCL INFO NCCL_ALGO set by environment to MSCCL,TREE,RING
c196-111:12483:12515 [3] NCCL INFO threadThresholds 8/8/64 | 256/8/64 | 8/8/64 | 8/8/512
c196-111:12483:12515 [3] NCCL INFO 2 coll channels, 2 p2p channels, 2 p2p channels per peer
c196-102:4473:4505 [3] NCCL INFO Connected 1 MSCCL algorithms
c196-102:4473:4505 [3] NCCL INFO NCCL_NTHREADS set by environment to 512.
c196-102:4473:4505 [3] NCCL INFO NCCL_PROTO set by environment to Simple
c196-102:4473:4505 [3] NCCL INFO NCCL_ALGO set by environment to MSCCL,TREE,RING
c196-102:4473:4505 [3] NCCL INFO threadThresholds 8/8/64 | 256/8/64 | 8/8/64 | 8/8/512
c196-082:7077:7110 [3] NCCL INFO Connected 1 MSCCL algorithms
c196-102:4473:4505 [3] NCCL INFO 2 coll channels, 2 p2p channels, 2 p2p channels per peer
c196-082:7077:7110 [3] NCCL INFO NCCL_NTHREADS set by environment to 512.
c196-082:7077:7110 [3] NCCL INFO NCCL_PROTO set by environment to Simple
c196-082:7077:7110 [3] NCCL INFO NCCL_ALGO set by environment to MSCCL,TREE,RING
c196-092:28588:28620 [3] NCCL INFO Connected 1 MSCCL algorithms
c196-082:7077:7110 [3] NCCL INFO threadThresholds 8/8/64 | 256/8/64 | 8/8/64 | 8/8/512
c196-092:28588:28620 [3] NCCL INFO NCCL_NTHREADS set by environment to 512.
c196-082:7077:7110 [3] NCCL INFO 2 coll channels, 2 p2p channels, 2 p2p channels per peer
c196-092:28588:28620 [3] NCCL INFO NCCL_PROTO set by environment to Simple
c196-092:28588:28620 [3] NCCL INFO NCCL_ALGO set by environment to MSCCL,TREE,RING
c196-092:28588:28620 [3] NCCL INFO threadThresholds 8/8/64 | 256/8/64 | 8/8/64 | 8/8/512
c196-092:28588:28620 [3] NCCL INFO 2 coll channels, 2 p2p channels, 2 p2p channels per peer
c196-101:13523:13553 [3] NCCL INFO Connected 1 MSCCL algorithms
c196-101:13523:13553 [3] NCCL INFO NCCL_NTHREADS set by environment to 512.
c196-101:13523:13553 [3] NCCL INFO NCCL_PROTO set by environment to Simple
c196-101:13523:13553 [3] NCCL INFO NCCL_ALGO set by environment to MSCCL,TREE,RING
c196-101:13523:13553 [3] NCCL INFO threadThresholds 8/8/64 | 256/8/64 | 8/8/64 | 8/8/512
c196-101:13523:13553 [3] NCCL INFO 2 coll channels, 2 p2p channels, 2 p2p channels per peer
c196-081:19968:20003 [3] NCCL INFO Connected 1 MSCCL algorithms
c196-081:19968:20003 [3] NCCL INFO NCCL_NTHREADS set by environment to 512.
c196-081:19968:20003 [3] NCCL INFO NCCL_PROTO set by environment to Simple
c196-081:19968:20003 [3] NCCL INFO NCCL_ALGO set by environment to MSCCL,TREE,RING
c196-081:19968:20003 [3] NCCL INFO threadThresholds 8/8/64 | 256/8/64 | 8/8/64 | 8/8/512
c196-112:32273:32311 [0] NCCL INFO Channel 00/0 : 28[2000] -> 24[2000] [send] via NET/IB/0
c196-081:19968:20003 [3] NCCL INFO 2 coll channels, 2 p2p channels, 2 p2p channels per peer
c196-091:5733:5765 [3] NCCL INFO Connected 1 MSCCL algorithms
c196-091:5733:5765 [3] NCCL INFO NCCL_NTHREADS set by environment to 512.
c196-091:5733:5765 [3] NCCL INFO NCCL_PROTO set by environment to Simple
c196-091:5733:5765 [3] NCCL INFO NCCL_ALGO set by environment to MSCCL,TREE,RING
c196-091:5733:5765 [3] NCCL INFO threadThresholds 8/8/64 | 256/8/64 | 8/8/64 | 8/8/512
c196-091:5733:5765 [3] NCCL INFO 2 coll channels, 2 p2p channels, 2 p2p channels per peer
c196-111:12480:12519 [0] NCCL INFO Channel 00/0 : 28[2000] -> 24[2000] [receive] via NET/IB/0
c196-101:13520:13557 [0] NCCL INFO Channel 01/0 : 20[2000] -> 16[2000] [receive] via NET/IB/0
c196-092:28585:28622 [0] NCCL INFO Channel 00/0 : 12[2000] -> 8[2000] [send] via NET/IB/0
c196-082:7074:7114 [0] NCCL INFO Channel 00/0 : 9[3000] -> 4[2000] [receive] via NET/IB/0
c196-112:32273:32311 [0] NCCL INFO Connected all trees
c196-112:32273:32311 [0] NCCL INFO MSCCL_XML_FILES set by environment to /home1/09168/ldai1/ccl-build/msccl_tools_lyd/examples/xml/xml_lyd/binomial_tree/allreduce_binomial_tree_1ch_32chunk.xml
c196-112:32273:32311 [0] NCCL INFO MSCCL: Parsing algorithm /home1/09168/ldai1/ccl-build/msccl_tools_lyd/examples/xml/xml_lyd/binomial_tree/allreduce_binomial_tree_1ch_32chunk.xml
c196-101:13520:13557 [0] NCCL INFO Connected all trees
c196-101:13520:13557 [0] NCCL INFO MSCCL_XML_FILES set by environment to /home1/09168/ldai1/ccl-build/msccl_tools_lyd/examples/xml/xml_lyd/binomial_tree/allreduce_binomial_tree_1ch_32chunk.xml
c196-101:13520:13557 [0] NCCL INFO MSCCL: Parsing algorithm /home1/09168/ldai1/ccl-build/msccl_tools_lyd/examples/xml/xml_lyd/binomial_tree/allreduce_binomial_tree_1ch_32chunk.xml
c196-112:32274:32312 [1] NCCL INFO Connected all trees
c196-112:32274:32312 [1] NCCL INFO MSCCL_XML_FILES set by environment to /home1/09168/ldai1/ccl-build/msccl_tools_lyd/examples/xml/xml_lyd/binomial_tree/allreduce_binomial_tree_1ch_32chunk.xml
c196-112:32274:32312 [1] NCCL INFO MSCCL: Parsing algorithm /home1/09168/ldai1/ccl-build/msccl_tools_lyd/examples/xml/xml_lyd/binomial_tree/allreduce_binomial_tree_1ch_32chunk.xml
c196-101:13521:13559 [1] NCCL INFO Connected all trees
c196-101:13521:13559 [1] NCCL INFO MSCCL_XML_FILES set by environment to /home1/09168/ldai1/ccl-build/msccl_tools_lyd/examples/xml/xml_lyd/binomial_tree/allreduce_binomial_tree_1ch_32chunk.xml
c196-101:13521:13559 [1] NCCL INFO MSCCL: Parsing algorithm /home1/09168/ldai1/ccl-build/msccl_tools_lyd/examples/xml/xml_lyd/binomial_tree/allreduce_binomial_tree_1ch_32chunk.xml
c196-092:28585:28622 [0] NCCL INFO Connected all trees
c196-092:28585:28622 [0] NCCL INFO MSCCL_XML_FILES set by environment to /home1/09168/ldai1/ccl-build/msccl_tools_lyd/examples/xml/xml_lyd/binomial_tree/allreduce_binomial_tree_1ch_32chunk.xml
c196-092:28585:28622 [0] NCCL INFO MSCCL: Parsing algorithm /home1/09168/ldai1/ccl-build/msccl_tools_lyd/examples/xml/xml_lyd/binomial_tree/allreduce_binomial_tree_1ch_32chunk.xml
c196-091:5731:5769 [1] NCCL INFO Channel 00 : 9[3000] -> 8[2000] via direct shared memory
c196-091:5731:5769 [1] NCCL INFO Channel 01 : 9[3000] -> 8[2000] via direct shared memory
c196-092:28586:28624 [1] NCCL INFO Connected all trees
c196-092:28586:28624 [1] NCCL INFO MSCCL_XML_FILES set by environment to /home1/09168/ldai1/ccl-build/msccl_tools_lyd/examples/xml/xml_lyd/binomial_tree/allreduce_binomial_tree_1ch_32chunk.xml
c196-092:28586:28624 [1] NCCL INFO MSCCL: Parsing algorithm /home1/09168/ldai1/ccl-build/msccl_tools_lyd/examples/xml/xml_lyd/binomial_tree/allreduce_binomial_tree_1ch_32chunk.xml
c196-091:5732:5764 [2] NCCL INFO Connected all trees
c196-091:5732:5764 [2] NCCL INFO MSCCL_XML_FILES set by environment to /home1/09168/ldai1/ccl-build/msccl_tools_lyd/examples/xml/xml_lyd/binomial_tree/allreduce_binomial_tree_1ch_32chunk.xml
c196-091:5732:5764 [2] NCCL INFO MSCCL: Parsing algorithm /home1/09168/ldai1/ccl-build/msccl_tools_lyd/examples/xml/xml_lyd/binomial_tree/allreduce_binomial_tree_1ch_32chunk.xml
c196-112:32273:32311 [0] NCCL INFO Parsed MSCCL Algorithm /home1/09168/ldai1/ccl-build/msccl_tools_lyd/examples/xml/xml_lyd/binomial_tree/allreduce_binomial_tree_1ch_32chunk.xml successfully.
c196-112:32273:32311 [0] NCCL INFO Connected 1 MSCCL algorithms
c196-112:32273:32311 [0] NCCL INFO NCCL_NTHREADS set by environment to 512.
c196-112:32273:32311 [0] NCCL INFO NCCL_PROTO set by environment to Simple
c196-112:32273:32311 [0] NCCL INFO NCCL_ALGO set by environment to MSCCL,TREE,RING
c196-112:32273:32311 [0] NCCL INFO threadThresholds 8/8/64 | 256/8/64 | 8/8/64 | 8/8/512
c196-112:32273:32311 [0] NCCL INFO 2 coll channels, 2 p2p channels, 2 p2p channels per peer
c196-101:13520:13557 [0] NCCL INFO Parsed MSCCL Algorithm /home1/09168/ldai1/ccl-build/msccl_tools_lyd/examples/xml/xml_lyd/binomial_tree/allreduce_binomial_tree_1ch_32chunk.xml successfully.
c196-101:13520:13557 [0] NCCL INFO Connected 1 MSCCL algorithms
c196-101:13520:13557 [0] NCCL INFO NCCL_NTHREADS set by environment to 512.
c196-101:13520:13557 [0] NCCL INFO NCCL_PROTO set by environment to Simple
c196-101:13520:13557 [0] NCCL INFO NCCL_ALGO set by environment to MSCCL,TREE,RING
c196-101:13520:13557 [0] NCCL INFO threadThresholds 8/8/64 | 256/8/64 | 8/8/64 | 8/8/512
c196-101:13520:13557 [0] NCCL INFO 2 coll channels, 2 p2p channels, 2 p2p channels per peer
c196-112:32274:32312 [1] NCCL INFO Parsed MSCCL Algorithm /home1/09168/ldai1/ccl-build/msccl_tools_lyd/examples/xml/xml_lyd/binomial_tree/allreduce_binomial_tree_1ch_32chunk.xml successfully.
c196-112:32274:32312 [1] NCCL INFO Connected 1 MSCCL algorithms
c196-112:32274:32312 [1] NCCL INFO NCCL_NTHREADS set by environment to 512.
c196-112:32274:32312 [1] NCCL INFO NCCL_PROTO set by environment to Simple
c196-112:32274:32312 [1] NCCL INFO NCCL_ALGO set by environment to MSCCL,TREE,RING
c196-112:32274:32312 [1] NCCL INFO threadThresholds 8/8/64 | 256/8/64 | 8/8/64 | 8/8/512
c196-112:32274:32312 [1] NCCL INFO 2 coll channels, 2 p2p channels, 2 p2p channels per peer
c196-101:13521:13559 [1] NCCL INFO Parsed MSCCL Algorithm /home1/09168/ldai1/ccl-build/msccl_tools_lyd/examples/xml/xml_lyd/binomial_tree/allreduce_binomial_tree_1ch_32chunk.xml successfully.
c196-101:13521:13559 [1] NCCL INFO Connected 1 MSCCL algorithms
c196-101:13521:13559 [1] NCCL INFO NCCL_NTHREADS set by environment to 512.
c196-101:13521:13559 [1] NCCL INFO NCCL_PROTO set by environment to Simple
c196-101:13521:13559 [1] NCCL INFO NCCL_ALGO set by environment to MSCCL,TREE,RING
c196-101:13521:13559 [1] NCCL INFO threadThresholds 8/8/64 | 256/8/64 | 8/8/64 | 8/8/512
c196-101:13521:13559 [1] NCCL INFO 2 coll channels, 2 p2p channels, 2 p2p channels per peer
c196-092:28585:28622 [0] NCCL INFO Parsed MSCCL Algorithm /home1/09168/ldai1/ccl-build/msccl_tools_lyd/examples/xml/xml_lyd/binomial_tree/allreduce_binomial_tree_1ch_32chunk.xml successfully.
c196-092:28585:28622 [0] NCCL INFO Connected 1 MSCCL algorithms
c196-092:28585:28622 [0] NCCL INFO NCCL_NTHREADS set by environment to 512.
c196-092:28585:28622 [0] NCCL INFO NCCL_PROTO set by environment to Simple
c196-092:28585:28622 [0] NCCL INFO NCCL_ALGO set by environment to MSCCL,TREE,RING
c196-092:28585:28622 [0] NCCL INFO threadThresholds 8/8/64 | 256/8/64 | 8/8/64 | 8/8/512
c196-092:28585:28622 [0] NCCL INFO 2 coll channels, 2 p2p channels, 2 p2p channels per peer
c196-092:28586:28624 [1] NCCL INFO Parsed MSCCL Algorithm /home1/09168/ldai1/ccl-build/msccl_tools_lyd/examples/xml/xml_lyd/binomial_tree/allreduce_binomial_tree_1ch_32chunk.xml successfully.
c196-092:28586:28624 [1] NCCL INFO Connected 1 MSCCL algorithms
c196-092:28586:28624 [1] NCCL INFO NCCL_NTHREADS set by environment to 512.
c196-092:28586:28624 [1] NCCL INFO NCCL_PROTO set by environment to Simple
c196-092:28586:28624 [1] NCCL INFO NCCL_ALGO set by environment to MSCCL,TREE,RING
c196-092:28586:28624 [1] NCCL INFO threadThresholds 8/8/64 | 256/8/64 | 8/8/64 | 8/8/512
c196-092:28586:28624 [1] NCCL INFO 2 coll channels, 2 p2p channels, 2 p2p channels per peer
c196-111:12480:12519 [0] NCCL INFO Channel 01/0 : 24[2000] -> 21[3000] [send] via NET/IB/0
c196-091:5732:5764 [2] NCCL INFO Parsed MSCCL Algorithm /home1/09168/ldai1/ccl-build/msccl_tools_lyd/examples/xml/xml_lyd/binomial_tree/allreduce_binomial_tree_1ch_32chunk.xml successfully.
c196-091:5732:5764 [2] NCCL INFO Connected 1 MSCCL algorithms
c196-091:5732:5764 [2] NCCL INFO NCCL_NTHREADS set by environment to 512.
c196-091:5732:5764 [2] NCCL INFO NCCL_PROTO set by environment to Simple
c196-091:5732:5764 [2] NCCL INFO NCCL_ALGO set by environment to MSCCL,TREE,RING
c196-091:5732:5764 [2] NCCL INFO threadThresholds 8/8/64 | 256/8/64 | 8/8/64 | 8/8/512
c196-091:5732:5764 [2] NCCL INFO 2 coll channels, 2 p2p channels, 2 p2p channels per peer
c196-091:5730:5767 [0] NCCL INFO Channel 01/0 : 8[2000] -> 5[3000] [send] via NET/IB/0
c196-082:7074:7114 [0] NCCL INFO Channel 01/0 : 4[2000] -> 0[2000] [send] via NET/IB/0
c196-111:12480:12519 [0] NCCL INFO Connected all trees
c196-111:12480:12519 [0] NCCL INFO MSCCL_XML_FILES set by environment to /home1/09168/ldai1/ccl-build/msccl_tools_lyd/examples/xml/xml_lyd/binomial_tree/allreduce_binomial_tree_1ch_32chunk.xml
c196-111:12480:12519 [0] NCCL INFO MSCCL: Parsing algorithm /home1/09168/ldai1/ccl-build/msccl_tools_lyd/examples/xml/xml_lyd/binomial_tree/allreduce_binomial_tree_1ch_32chunk.xml
c196-102:4471:4509 [1] NCCL INFO Channel 00 : 21[3000] -> 20[2000] via direct shared memory
c196-102:4471:4509 [1] NCCL INFO Channel 01 : 21[3000] -> 20[2000] via direct shared memory
c196-102:4470:4507 [0] NCCL INFO Connected all trees
c196-102:4470:4507 [0] NCCL INFO MSCCL_XML_FILES set by environment to /home1/09168/ldai1/ccl-build/msccl_tools_lyd/examples/xml/xml_lyd/binomial_tree/allreduce_binomial_tree_1ch_32chunk.xml
c196-102:4470:4507 [0] NCCL INFO MSCCL: Parsing algorithm /home1/09168/ldai1/ccl-build/msccl_tools_lyd/examples/xml/xml_lyd/binomial_tree/allreduce_binomial_tree_1ch_32chunk.xml
c196-111:12481:12518 [1] NCCL INFO Connected all trees
c196-111:12481:12518 [1] NCCL INFO MSCCL_XML_FILES set by environment to /home1/09168/ldai1/ccl-build/msccl_tools_lyd/examples/xml/xml_lyd/binomial_tree/allreduce_binomial_tree_1ch_32chunk.xml
c196-111:12481:12518 [1] NCCL INFO MSCCL: Parsing algorithm /home1/09168/ldai1/ccl-build/msccl_tools_lyd/examples/xml/xml_lyd/binomial_tree/allreduce_binomial_tree_1ch_32chunk.xml
c196-102:4472:4504 [2] NCCL INFO Connected all trees
c196-102:4472:4504 [2] NCCL INFO MSCCL_XML_FILES set by environment to /home1/09168/ldai1/ccl-build/msccl_tools_lyd/examples/xml/xml_lyd/binomial_tree/allreduce_binomial_tree_1ch_32chunk.xml
c196-102:4472:4504 [2] NCCL INFO MSCCL: Parsing algorithm /home1/09168/ldai1/ccl-build/msccl_tools_lyd/examples/xml/xml_lyd/binomial_tree/allreduce_binomial_tree_1ch_32chunk.xml
c196-102:4471:4509 [1] NCCL INFO Connected all trees
c196-102:4471:4509 [1] NCCL INFO MSCCL_XML_FILES set by environment to /home1/09168/ldai1/ccl-build/msccl_tools_lyd/examples/xml/xml_lyd/binomial_tree/allreduce_binomial_tree_1ch_32chunk.xml
c196-102:4471:4509 [1] NCCL INFO MSCCL: Parsing algorithm /home1/09168/ldai1/ccl-build/msccl_tools_lyd/examples/xml/xml_lyd/binomial_tree/allreduce_binomial_tree_1ch_32chunk.xml
c196-082:7075:7113 [1] NCCL INFO Channel 00 : 5[3000] -> 4[2000] via direct shared memory
c196-082:7075:7113 [1] NCCL INFO Channel 01 : 5[3000] -> 4[2000] via direct shared memory
c196-082:7074:7114 [0] NCCL INFO Connected all trees
c196-082:7074:7114 [0] NCCL INFO MSCCL_XML_FILES set by environment to /home1/09168/ldai1/ccl-build/msccl_tools_lyd/examples/xml/xml_lyd/binomial_tree/allreduce_binomial_tree_1ch_32chunk.xml
c196-082:7074:7114 [0] NCCL INFO MSCCL: Parsing algorithm /home1/09168/ldai1/ccl-build/msccl_tools_lyd/examples/xml/xml_lyd/binomial_tree/allreduce_binomial_tree_1ch_32chunk.xml
c196-091:5730:5767 [0] NCCL INFO Connected all trees
c196-091:5730:5767 [0] NCCL INFO MSCCL_XML_FILES set by environment to /home1/09168/ldai1/ccl-build/msccl_tools_lyd/examples/xml/xml_lyd/binomial_tree/allreduce_binomial_tree_1ch_32chunk.xml
c196-091:5730:5767 [0] NCCL INFO MSCCL: Parsing algorithm /home1/09168/ldai1/ccl-build/msccl_tools_lyd/examples/xml/xml_lyd/binomial_tree/allreduce_binomial_tree_1ch_32chunk.xml
c196-112:32273:32311 [0] NCCL INFO comm 0x2b3c22000010 rank 28 nranks 32 cudaDev 0 busId 2000 - Init COMPLETE
c196-112:32276:32307 [3] NCCL INFO comm 0x2b5e2dbbc010 rank 31 nranks 32 cudaDev 3 busId 83000 - Init COMPLETE
c196-112:32274:32312 [1] NCCL INFO comm 0x2b04d4000010 rank 29 nranks 32 cudaDev 1 busId 3000 - Init COMPLETE
c196-082:7076:7109 [2] NCCL INFO Connected all trees
c196-082:7076:7109 [2] NCCL INFO MSCCL_XML_FILES set by environment to /home1/09168/ldai1/ccl-build/msccl_tools_lyd/examples/xml/xml_lyd/binomial_tree/allreduce_binomial_tree_1ch_32chunk.xml
c196-082:7076:7109 [2] NCCL INFO MSCCL: Parsing algorithm /home1/09168/ldai1/ccl-build/msccl_tools_lyd/examples/xml/xml_lyd/binomial_tree/allreduce_binomial_tree_1ch_32chunk.xml
c196-111:12480:12519 [0] NCCL INFO Parsed MSCCL Algorithm /home1/09168/ldai1/ccl-build/msccl_tools_lyd/examples/xml/xml_lyd/binomial_tree/allreduce_binomial_tree_1ch_32chunk.xml successfully.
c196-111:12480:12519 [0] NCCL INFO Connected 1 MSCCL algorithms
c196-111:12480:12519 [0] NCCL INFO NCCL_NTHREADS set by environment to 512.
c196-111:12480:12519 [0] NCCL INFO NCCL_PROTO set by environment to Simple
c196-111:12480:12519 [0] NCCL INFO NCCL_ALGO set by environment to MSCCL,TREE,RING
c196-111:12480:12519 [0] NCCL INFO threadThresholds 8/8/64 | 256/8/64 | 8/8/64 | 8/8/512
c196-112:32275:32308 [2] NCCL INFO comm 0x2b0d5e000010 rank 30 nranks 32 cudaDev 2 busId 82000 - Init COMPLETE
c196-111:12480:12519 [0] NCCL INFO 2 coll channels, 2 p2p channels, 2 p2p channels per peer
c196-082:7075:7113 [1] NCCL INFO Connected all trees
c196-082:7075:7113 [1] NCCL INFO MSCCL_XML_FILES set by environment to /home1/09168/ldai1/ccl-build/msccl_tools_lyd/examples/xml/xml_lyd/binomial_tree/allreduce_binomial_tree_1ch_32chunk.xml
c196-082:7075:7113 [1] NCCL INFO MSCCL: Parsing algorithm /home1/09168/ldai1/ccl-build/msccl_tools_lyd/examples/xml/xml_lyd/binomial_tree/allreduce_binomial_tree_1ch_32chunk.xml
c196-101:13520:13557 [0] NCCL INFO comm 0x2b3b52000010 rank 16 nranks 32 cudaDev 0 busId 2000 - Init COMPLETE
c196-101:13521:13559 [1] NCCL INFO comm 0x2b1eee000010 rank 17 nranks 32 cudaDev 1 busId 3000 - Init COMPLETE
c196-101:13523:13553 [3] NCCL INFO comm 0x2b3e85892010 rank 19 nranks 32 cudaDev 3 busId 83000 - Init COMPLETE
c196-091:5731:5769 [1] NCCL INFO Connected all trees
c196-091:5731:5769 [1] NCCL INFO MSCCL_XML_FILES set by environment to /home1/09168/ldai1/ccl-build/msccl_tools_lyd/examples/xml/xml_lyd/binomial_tree/allreduce_binomial_tree_1ch_32chunk.xml
c196-091:5731:5769 [1] NCCL INFO MSCCL: Parsing algorithm /home1/09168/ldai1/ccl-build/msccl_tools_lyd/examples/xml/xml_lyd/binomial_tree/allreduce_binomial_tree_1ch_32chunk.xml
c196-101:13522:13556 [2] NCCL INFO comm 0x2b42bc000010 rank 18 nranks 32 cudaDev 2 busId 82000 - Init COMPLETE
c196-111:12481:12518 [1] NCCL INFO Parsed MSCCL Algorithm /home1/09168/ldai1/ccl-build/msccl_tools_lyd/examples/xml/xml_lyd/binomial_tree/allreduce_binomial_tree_1ch_32chunk.xml successfully.
c196-111:12481:12518 [1] NCCL INFO Connected 1 MSCCL algorithms
c196-111:12481:12518 [1] NCCL INFO NCCL_NTHREADS set by environment to 512.
c196-111:12481:12518 [1] NCCL INFO NCCL_PROTO set by environment to Simple
c196-102:4470:4507 [0] NCCL INFO Parsed MSCCL Algorithm /home1/09168/ldai1/ccl-build/msccl_tools_lyd/examples/xml/xml_lyd/binomial_tree/allreduce_binomial_tree_1ch_32chunk.xml successfully.
c196-102:4470:4507 [0] NCCL INFO Connected 1 MSCCL algorithms
c196-111:12481:12518 [1] NCCL INFO NCCL_ALGO set by environment to MSCCL,TREE,RING
c196-111:12481:12518 [1] NCCL INFO threadThresholds 8/8/64 | 256/8/64 | 8/8/64 | 8/8/512
c196-111:12481:12518 [1] NCCL INFO 2 coll channels, 2 p2p channels, 2 p2p channels per peer
c196-102:4470:4507 [0] NCCL INFO NCCL_NTHREADS set by environment to 512.
c196-102:4470:4507 [0] NCCL INFO NCCL_PROTO set by environment to Simple
c196-102:4470:4507 [0] NCCL INFO NCCL_ALGO set by environment to MSCCL,TREE,RING
c196-102:4470:4507 [0] NCCL INFO threadThresholds 8/8/64 | 256/8/64 | 8/8/64 | 8/8/512
c196-102:4470:4507 [0] NCCL INFO 2 coll channels, 2 p2p channels, 2 p2p channels per peer
c196-081:19965:19996 [0] NCCL INFO Connected all trees
c196-081:19965:19996 [0] NCCL INFO MSCCL_XML_FILES set by environment to /home1/09168/ldai1/ccl-build/msccl_tools_lyd/examples/xml/xml_lyd/binomial_tree/allreduce_binomial_tree_1ch_32chunk.xml
c196-081:19965:19996 [0] NCCL INFO MSCCL: Parsing algorithm /home1/09168/ldai1/ccl-build/msccl_tools_lyd/examples/xml/xml_lyd/binomial_tree/allreduce_binomial_tree_1ch_32chunk.xml
c196-102:4472:4504 [2] NCCL INFO Parsed MSCCL Algorithm /home1/09168/ldai1/ccl-build/msccl_tools_lyd/examples/xml/xml_lyd/binomial_tree/allreduce_binomial_tree_1ch_32chunk.xml successfully.
c196-102:4472:4504 [2] NCCL INFO Connected 1 MSCCL algorithms
c196-102:4472:4504 [2] NCCL INFO NCCL_NTHREADS set by environment to 512.
c196-102:4472:4504 [2] NCCL INFO NCCL_PROTO set by environment to Simple
c196-102:4472:4504 [2] NCCL INFO NCCL_ALGO set by environment to MSCCL,TREE,RING
c196-102:4472:4504 [2] NCCL INFO threadThresholds 8/8/64 | 256/8/64 | 8/8/64 | 8/8/512
c196-102:4472:4504 [2] NCCL INFO 2 coll channels, 2 p2p channels, 2 p2p channels per peer
c196-081:19966:20005 [1] NCCL INFO Connected all trees
c196-081:19966:20005 [1] NCCL INFO MSCCL_XML_FILES set by environment to /home1/09168/ldai1/ccl-build/msccl_tools_lyd/examples/xml/xml_lyd/binomial_tree/allreduce_binomial_tree_1ch_32chunk.xml
c196-081:19966:20005 [1] NCCL INFO MSCCL: Parsing algorithm /home1/09168/ldai1/ccl-build/msccl_tools_lyd/examples/xml/xml_lyd/binomial_tree/allreduce_binomial_tree_1ch_32chunk.xml
c196-102:4471:4509 [1] NCCL INFO Parsed MSCCL Algorithm /home1/09168/ldai1/ccl-build/msccl_tools_lyd/examples/xml/xml_lyd/binomial_tree/allreduce_binomial_tree_1ch_32chunk.xml successfully.
c196-102:4471:4509 [1] NCCL INFO Connected 1 MSCCL algorithms
c196-102:4471:4509 [1] NCCL INFO NCCL_NTHREADS set by environment to 512.
c196-102:4471:4509 [1] NCCL INFO NCCL_PROTO set by environment to Simple
c196-102:4471:4509 [1] NCCL INFO NCCL_ALGO set by environment to MSCCL,TREE,RING
c196-102:4471:4509 [1] NCCL INFO threadThresholds 8/8/64 | 256/8/64 | 8/8/64 | 8/8/512
c196-102:4471:4509 [1] NCCL INFO 2 coll channels, 2 p2p channels, 2 p2p channels per peer
c196-092:28587:28619 [2] NCCL INFO comm 0x2af5cc000010 rank 14 nranks 32 cudaDev 2 busId 82000 - Init COMPLETE
c196-092:28585:28622 [0] NCCL INFO comm 0x2b5a3e000010 rank 12 nranks 32 cudaDev 0 busId 2000 - Init COMPLETE
