c197-042:24020:24059 [1] NCCL INFO Channel 00/0 : 20[2000] -> 25[3000] [receive] via NET/IB/0
c197-012:15112:15149 [1] NCCL INFO Channel 00/0 : 4[2000] -> 9[3000] [receive] via NET/IB/0
c198-082:6135:6174 [1] NCCL INFO Channel 01/0 : 37[3000] -> 40[2000] [send] via NET/IB/0
c198-111:26058:26097 [1] NCCL INFO Channel 01/0 : 53[3000] -> 56[2000] [send] via NET/IB/0
c197-101:2746:2784 [1] NCCL INFO Channel 00/0 : 16[2000] -> 33[3000] [receive] via NET/IB/0
c198-091:27076:27116 [1] NCCL INFO Channel 00/0 : 36[2000] -> 41[3000] [receive] via NET/IB/0
c197-032:23967:24000 [1] NCCL INFO Channel 00/0 : 8[2000] -> 17[3000] [receive] via NET/IB/0
c197-041:28679:28717 [1] NCCL INFO Channel 01/0 : 21[3000] -> 24[2000] [send] via NET/IB/0
c197-092:4339:4378 [1] NCCL INFO Channel 01/0 : 29[3000] -> 44[2000] [send] via NET/IB/0
c197-022:13500:13538 [1] NCCL INFO Channel 01/0 : 13[3000] -> 20[2000] [send] via NET/IB/0
c198-101:28077:28114 [1] NCCL INFO Channel 01/0 : 45[3000] -> 52[2000] [send] via NET/IB/0
c198-102:19151:19190 [1] NCCL INFO Channel 00/0 : 40[2000] -> 49[3000] [receive] via NET/IB/0
c196-092:565:609 [1] NCCL INFO Channel 01/0 : 5[3000] -> 8[2000] [send] via NET/IB/0
c199-011:19521:19560 [1] NCCL INFO Channel 00/0 : 52[2000] -> 57[3000] [receive] via NET/IB/0
c197-012:15114:15152 [3] NCCL INFO Channel 01/0 : 11[83000] -> 12[2000] [send] via NET/IB/0
c197-042:24022:24055 [3] NCCL INFO Channel 01/0 : 27[83000] -> 28[2000] [send] via NET/IB/0
c197-101:2748:2781 [3] NCCL INFO Channel 01/0 : 35[83000] -> 36[2000] [send] via NET/IB/0
c197-022:13502:13540 [3] NCCL INFO Channel 01/0 : 15[83000] -> 16[2000] [send] via NET/IB/0
c196-092:567:614 [3] NCCL INFO Channel 01/0 : 7[83000] -> 8[2000] [send] via NET/IB/0
c197-032:23969:24006 [3] NCCL INFO Channel 01/0 : 19[83000] -> 20[2000] [send] via NET/IB/0
c198-111:26060:26093 [3] NCCL INFO Channel 01/0 : 55[83000] -> 56[2000] [send] via NET/IB/0
c197-092:4341:4374 [3] NCCL INFO Channel 01/0 : 31[83000] -> 32[2000] [send] via NET/IB/0
c197-041:28681:28718 [3] NCCL INFO Channel 01/0 : 23[83000] -> 24[2000] [send] via NET/IB/0
c198-101:28079:28116 [3] NCCL INFO Channel 01/0 : 47[83000] -> 48[2000] [send] via NET/IB/0
c198-082:6137:6170 [3] NCCL INFO Channel 01/0 : 39[83000] -> 40[2000] [send] via NET/IB/0
c198-102:19153:19184 [3] NCCL INFO Channel 01/0 : 51[83000] -> 52[2000] [send] via NET/IB/0
c199-011:19523:19556 [3] NCCL INFO Channel 01/0 : 59[83000] -> 60[2000] [send] via NET/IB/0
c196-041:13215:13251 [3] NCCL INFO Channel 01/0 : 3[83000] -> 4[2000] [send] via NET/IB/0
c199-012:24459:24496 [3] NCCL INFO Channel 01/0 : 63[83000] -> 0[2000] [send] via NET/IB/0
c198-091:27078:27111 [3] NCCL INFO Channel 01/0 : 43[83000] -> 44[2000] [send] via NET/IB/0
c197-042:24021:24053 [2] NCCL INFO Connected all rings
c197-012:15113:15150 [2] NCCL INFO Connected all rings
c197-022:13501:13534 [2] NCCL INFO Connected all rings
c196-092:566:612 [2] NCCL INFO Connected all rings
c197-101:2747:2780 [2] NCCL INFO Connected all rings
c198-082:6136:6168 [2] NCCL INFO Connected all rings
c198-111:26059:26092 [2] NCCL INFO Connected all rings
c199-011:19522:19554 [2] NCCL INFO Connected all rings
c197-032:23968:24005 [2] NCCL INFO Connected all rings
c198-091:27077:27112 [2] NCCL INFO Connected all rings
c198-101:28078:28110 [2] NCCL INFO Connected all rings
c198-102:19152:19186 [2] NCCL INFO Connected all rings
c197-092:4340:4373 [2] NCCL INFO Connected all rings
c197-041:28680:28714 [2] NCCL INFO Connected all rings
c199-012:24457:24492 [1] NCCL INFO Channel 00 : 61[3000] -> 60[2000] via direct shared memory
c199-012:24457:24492 [1] NCCL INFO Channel 01 : 61[3000] -> 60[2000] via direct shared memory
c196-041:13214:13249 [2] NCCL INFO Connected all rings
c199-012:24458:24491 [2] NCCL INFO Connected all rings
c196-041:13213:13253 [1] NCCL INFO Channel 00 : 1[3000] -> 0[2000] via direct shared memory
c196-041:13213:13253 [1] NCCL INFO Channel 01 : 1[3000] -> 0[2000] via direct shared memory
c197-042:24022:24055 [3] NCCL INFO Connected all rings
c197-042:24022:24055 [3] NCCL INFO Channel 00 : 27[83000] -> 26[82000] via direct shared memory
c197-042:24022:24055 [3] NCCL INFO Channel 01 : 27[83000] -> 26[82000] via direct shared memory
c197-012:15114:15152 [3] NCCL INFO Connected all rings
c197-012:15114:15152 [3] NCCL INFO Channel 00 : 11[83000] -> 10[82000] via direct shared memory
c197-101:2748:2781 [3] NCCL INFO Connected all rings
c196-092:567:614 [3] NCCL INFO Connected all rings
c197-101:2748:2781 [3] NCCL INFO Channel 00 : 35[83000] -> 34[82000] via direct shared memory
c197-012:15114:15152 [3] NCCL INFO Channel 01 : 11[83000] -> 10[82000] via direct shared memory
c196-092:567:614 [3] NCCL INFO Channel 00 : 7[83000] -> 6[82000] via direct shared memory
c197-101:2748:2781 [3] NCCL INFO Channel 01 : 35[83000] -> 34[82000] via direct shared memory
c196-092:567:614 [3] NCCL INFO Channel 01 : 7[83000] -> 6[82000] via direct shared memory
c197-022:13502:13540 [3] NCCL INFO Connected all rings
c197-022:13502:13540 [3] NCCL INFO Channel 00 : 15[83000] -> 14[82000] via direct shared memory
c197-022:13502:13540 [3] NCCL INFO Channel 01 : 15[83000] -> 14[82000] via direct shared memory
c198-101:28079:28116 [3] NCCL INFO Connected all rings
c198-111:26060:26093 [3] NCCL INFO Connected all rings
c198-101:28079:28116 [3] NCCL INFO Channel 00 : 47[83000] -> 46[82000] via direct shared memory
c197-032:23969:24006 [3] NCCL INFO Connected all rings
c198-111:26060:26093 [3] NCCL INFO Channel 00 : 55[83000] -> 54[82000] via direct shared memory
c197-032:23969:24006 [3] NCCL INFO Channel 00 : 19[83000] -> 18[82000] via direct shared memory
c198-082:6137:6170 [3] NCCL INFO Connected all rings
c198-101:28079:28116 [3] NCCL INFO Channel 01 : 47[83000] -> 46[82000] via direct shared memory
c198-111:26060:26093 [3] NCCL INFO Channel 01 : 55[83000] -> 54[82000] via direct shared memory
c197-032:23969:24006 [3] NCCL INFO Channel 01 : 19[83000] -> 18[82000] via direct shared memory
c197-092:4341:4374 [3] NCCL INFO Connected all rings
c197-041:28681:28718 [3] NCCL INFO Connected all rings
c199-011:19523:19556 [3] NCCL INFO Connected all rings
c197-022:13499:13537 [0] NCCL INFO Connected all rings
c197-041:28681:28718 [3] NCCL INFO Channel 00 : 23[83000] -> 22[82000] via direct shared memory
c197-092:4341:4374 [3] NCCL INFO Channel 00 : 31[83000] -> 30[82000] via direct shared memory
c199-011:19523:19556 [3] NCCL INFO Channel 00 : 59[83000] -> 58[82000] via direct shared memory
c198-082:6137:6170 [3] NCCL INFO Channel 00 : 39[83000] -> 38[82000] via direct shared memory
c197-092:4341:4374 [3] NCCL INFO Channel 01 : 31[83000] -> 30[82000] via direct shared memory
c198-102:19153:19184 [3] NCCL INFO Connected all rings
c197-041:28681:28718 [3] NCCL INFO Channel 01 : 23[83000] -> 22[82000] via direct shared memory
c198-082:6137:6170 [3] NCCL INFO Channel 01 : 39[83000] -> 38[82000] via direct shared memory
c199-011:19523:19556 [3] NCCL INFO Channel 01 : 59[83000] -> 58[82000] via direct shared memory
c198-091:27078:27111 [3] NCCL INFO Connected all rings
c198-091:27078:27111 [3] NCCL INFO Channel 00 : 43[83000] -> 42[82000] via direct shared memory
c198-102:19153:19184 [3] NCCL INFO Channel 00 : 51[83000] -> 50[82000] via direct shared memory
c198-102:19153:19184 [3] NCCL INFO Channel 01 : 51[83000] -> 50[82000] via direct shared memory
c198-091:27078:27111 [3] NCCL INFO Channel 01 : 43[83000] -> 42[82000] via direct shared memory
c197-092:4338:4379 [0] NCCL INFO Connected all rings
c196-041:13215:13251 [3] NCCL INFO Connected all rings
c196-041:13215:13251 [3] NCCL INFO Channel 00 : 3[83000] -> 2[82000] via direct shared memory
c197-022:13501:13534 [2] NCCL INFO Channel 00 : 14[82000] -> 13[3000] via direct shared memory
c196-041:13215:13251 [3] NCCL INFO Channel 01 : 3[83000] -> 2[82000] via direct shared memory
c199-012:24459:24496 [3] NCCL INFO Connected all rings
c197-022:13501:13534 [2] NCCL INFO Channel 01 : 14[82000] -> 13[3000] via direct shared memory
c197-012:15113:15150 [2] NCCL INFO Channel 00 : 10[82000] -> 9[3000] via direct shared memory
c198-082:6134:6172 [0] NCCL INFO Connected all rings
c197-012:15113:15150 [2] NCCL INFO Channel 01 : 10[82000] -> 9[3000] via direct shared memory
c199-012:24459:24496 [3] NCCL INFO Channel 00 : 63[83000] -> 62[82000] via direct shared memory
c197-012:15111:15146 [0] NCCL INFO Connected all rings
c199-011:19520:19558 [0] NCCL INFO Connected all rings
c199-012:24459:24496 [3] NCCL INFO Channel 01 : 63[83000] -> 62[82000] via direct shared memory
c197-042:24019:24057 [0] NCCL INFO Connected all rings
c197-042:24021:24053 [2] NCCL INFO Channel 00 : 26[82000] -> 25[3000] via direct shared memory
c197-032:23966:24003 [0] NCCL INFO Connected all rings
c198-091:27075:27115 [0] NCCL INFO Connected all rings
c197-101:2745:2785 [0] NCCL INFO Connected all rings
c197-042:24021:24053 [2] NCCL INFO Channel 01 : 26[82000] -> 25[3000] via direct shared memory
c198-101:28076:28112 [0] NCCL INFO Connected all rings
c198-102:19150:19189 [0] NCCL INFO Connected all rings
c196-092:564:615 [0] NCCL INFO Connected all rings
c198-082:6136:6168 [2] NCCL INFO Channel 00 : 38[82000] -> 37[3000] via direct shared memory
c198-082:6136:6168 [2] NCCL INFO Channel 01 : 38[82000] -> 37[3000] via direct shared memory
c198-111:26057:26095 [0] NCCL INFO Connected all rings
c197-041:28678:28715 [0] NCCL INFO Connected all rings
c199-012:24456:24494 [0] NCCL INFO Connected all rings
c196-041:13212:13244 [0] NCCL INFO Connected all rings
c197-032:23968:24005 [2] NCCL INFO Channel 00 : 18[82000] -> 17[3000] via direct shared memory
c197-092:4340:4373 [2] NCCL INFO Channel 00 : 30[82000] -> 29[3000] via direct shared memory
c197-032:23968:24005 [2] NCCL INFO Channel 01 : 18[82000] -> 17[3000] via direct shared memory
c197-092:4340:4373 [2] NCCL INFO Channel 01 : 30[82000] -> 29[3000] via direct shared memory
c198-101:28078:28110 [2] NCCL INFO Channel 00 : 46[82000] -> 45[3000] via direct shared memory
c198-101:28078:28110 [2] NCCL INFO Channel 01 : 46[82000] -> 45[3000] via direct shared memory
c199-011:19522:19554 [2] NCCL INFO Channel 00 : 58[82000] -> 57[3000] via direct shared memory
c197-101:2747:2780 [2] NCCL INFO Channel 00 : 34[82000] -> 33[3000] via direct shared memory
c199-011:19522:19554 [2] NCCL INFO Channel 01 : 58[82000] -> 57[3000] via direct shared memory
c197-101:2747:2780 [2] NCCL INFO Channel 01 : 34[82000] -> 33[3000] via direct shared memory
c198-091:27077:27112 [2] NCCL INFO Channel 00 : 42[82000] -> 41[3000] via direct shared memory
c196-092:566:612 [2] NCCL INFO Channel 00 : 6[82000] -> 5[3000] via direct shared memory
c198-091:27077:27112 [2] NCCL INFO Channel 01 : 42[82000] -> 41[3000] via direct shared memory
c196-092:566:612 [2] NCCL INFO Channel 01 : 6[82000] -> 5[3000] via direct shared memory
c197-022:13502:13540 [3] NCCL INFO Connected all trees
c197-022:13502:13540 [3] NCCL INFO MSCCL_XML_FILES set by environment to /home1/09168/ldai1/ccl-build/msccl_tools_lyd/examples/xml/xml_lyd/binary_h_gpu01_reverse_p/allreduce_binary_tree_p_gpu01_16nodes_4gpus_channel8_chunk2.xml
c197-022:13502:13540 [3] NCCL INFO MSCCL: Parsing algorithm /home1/09168/ldai1/ccl-build/msccl_tools_lyd/examples/xml/xml_lyd/binary_h_gpu01_reverse_p/allreduce_binary_tree_p_gpu01_16nodes_4gpus_channel8_chunk2.xml
c197-012:15114:15152 [3] NCCL INFO Connected all trees
c197-012:15114:15152 [3] NCCL INFO MSCCL_XML_FILES set by environment to /home1/09168/ldai1/ccl-build/msccl_tools_lyd/examples/xml/xml_lyd/binary_h_gpu01_reverse_p/allreduce_binary_tree_p_gpu01_16nodes_4gpus_channel8_chunk2.xml
c197-012:15114:15152 [3] NCCL INFO MSCCL: Parsing algorithm /home1/09168/ldai1/ccl-build/msccl_tools_lyd/examples/xml/xml_lyd/binary_h_gpu01_reverse_p/allreduce_binary_tree_p_gpu01_16nodes_4gpus_channel8_chunk2.xml
c198-102:19152:19186 [2] NCCL INFO Channel 00 : 50[82000] -> 49[3000] via direct shared memory
c198-102:19152:19186 [2] NCCL INFO Channel 01 : 50[82000] -> 49[3000] via direct shared memory
c197-042:24022:24055 [3] NCCL INFO Connected all trees
c197-042:24022:24055 [3] NCCL INFO MSCCL_XML_FILES set by environment to /home1/09168/ldai1/ccl-build/msccl_tools_lyd/examples/xml/xml_lyd/binary_h_gpu01_reverse_p/allreduce_binary_tree_p_gpu01_16nodes_4gpus_channel8_chunk2.xml
c197-042:24022:24055 [3] NCCL INFO MSCCL: Parsing algorithm /home1/09168/ldai1/ccl-build/msccl_tools_lyd/examples/xml/xml_lyd/binary_h_gpu01_reverse_p/allreduce_binary_tree_p_gpu01_16nodes_4gpus_channel8_chunk2.xml
c196-041:13214:13249 [2] NCCL INFO Channel 00 : 2[82000] -> 1[3000] via direct shared memory
c196-041:13214:13249 [2] NCCL INFO Channel 01 : 2[82000] -> 1[3000] via direct shared memory
c197-041:28680:28714 [2] NCCL INFO Channel 00 : 22[82000] -> 21[3000] via direct shared memory
c197-041:28680:28714 [2] NCCL INFO Channel 01 : 22[82000] -> 21[3000] via direct shared memory
c199-012:24458:24491 [2] NCCL INFO Channel 00 : 62[82000] -> 61[3000] via direct shared memory
c199-012:24458:24491 [2] NCCL INFO Channel 01 : 62[82000] -> 61[3000] via direct shared memory
c198-082:6137:6170 [3] NCCL INFO Connected all trees
c198-082:6137:6170 [3] NCCL INFO MSCCL_XML_FILES set by environment to /home1/09168/ldai1/ccl-build/msccl_tools_lyd/examples/xml/xml_lyd/binary_h_gpu01_reverse_p/allreduce_binary_tree_p_gpu01_16nodes_4gpus_channel8_chunk2.xml
c198-082:6137:6170 [3] NCCL INFO MSCCL: Parsing algorithm /home1/09168/ldai1/ccl-build/msccl_tools_lyd/examples/xml/xml_lyd/binary_h_gpu01_reverse_p/allreduce_binary_tree_p_gpu01_16nodes_4gpus_channel8_chunk2.xml
c198-111:26059:26092 [2] NCCL INFO Channel 00 : 54[82000] -> 53[3000] via direct shared memory
c198-111:26059:26092 [2] NCCL INFO Channel 01 : 54[82000] -> 53[3000] via direct shared memory
c197-092:4341:4374 [3] NCCL INFO Connected all trees
c197-092:4341:4374 [3] NCCL INFO MSCCL_XML_FILES set by environment to /home1/09168/ldai1/ccl-build/msccl_tools_lyd/examples/xml/xml_lyd/binary_h_gpu01_reverse_p/allreduce_binary_tree_p_gpu01_16nodes_4gpus_channel8_chunk2.xml
c197-092:4341:4374 [3] NCCL INFO MSCCL: Parsing algorithm /home1/09168/ldai1/ccl-build/msccl_tools_lyd/examples/xml/xml_lyd/binary_h_gpu01_reverse_p/allreduce_binary_tree_p_gpu01_16nodes_4gpus_channel8_chunk2.xml
c198-101:28079:28116 [3] NCCL INFO Connected all trees
c198-101:28079:28116 [3] NCCL INFO MSCCL_XML_FILES set by environment to /home1/09168/ldai1/ccl-build/msccl_tools_lyd/examples/xml/xml_lyd/binary_h_gpu01_reverse_p/allreduce_binary_tree_p_gpu01_16nodes_4gpus_channel8_chunk2.xml
c198-101:28079:28116 [3] NCCL INFO MSCCL: Parsing algorithm /home1/09168/ldai1/ccl-build/msccl_tools_lyd/examples/xml/xml_lyd/binary_h_gpu01_reverse_p/allreduce_binary_tree_p_gpu01_16nodes_4gpus_channel8_chunk2.xml
c197-032:23969:24006 [3] NCCL INFO Connected all trees
c197-032:23969:24006 [3] NCCL INFO MSCCL_XML_FILES set by environment to /home1/09168/ldai1/ccl-build/msccl_tools_lyd/examples/xml/xml_lyd/binary_h_gpu01_reverse_p/allreduce_binary_tree_p_gpu01_16nodes_4gpus_channel8_chunk2.xml
c197-032:23969:24006 [3] NCCL INFO MSCCL: Parsing algorithm /home1/09168/ldai1/ccl-build/msccl_tools_lyd/examples/xml/xml_lyd/binary_h_gpu01_reverse_p/allreduce_binary_tree_p_gpu01_16nodes_4gpus_channel8_chunk2.xml
c199-011:19523:19556 [3] NCCL INFO Connected all trees
c199-011:19523:19556 [3] NCCL INFO MSCCL_XML_FILES set by environment to /home1/09168/ldai1/ccl-build/msccl_tools_lyd/examples/xml/xml_lyd/binary_h_gpu01_reverse_p/allreduce_binary_tree_p_gpu01_16nodes_4gpus_channel8_chunk2.xml
c197-101:2748:2781 [3] NCCL INFO Connected all trees
c199-011:19523:19556 [3] NCCL INFO MSCCL: Parsing algorithm /home1/09168/ldai1/ccl-build/msccl_tools_lyd/examples/xml/xml_lyd/binary_h_gpu01_reverse_p/allreduce_binary_tree_p_gpu01_16nodes_4gpus_channel8_chunk2.xml
c197-101:2748:2781 [3] NCCL INFO MSCCL_XML_FILES set by environment to /home1/09168/ldai1/ccl-build/msccl_tools_lyd/examples/xml/xml_lyd/binary_h_gpu01_reverse_p/allreduce_binary_tree_p_gpu01_16nodes_4gpus_channel8_chunk2.xml
c198-091:27078:27111 [3] NCCL INFO Connected all trees
c196-092:567:614 [3] NCCL INFO Connected all trees
c197-101:2748:2781 [3] NCCL INFO MSCCL: Parsing algorithm /home1/09168/ldai1/ccl-build/msccl_tools_lyd/examples/xml/xml_lyd/binary_h_gpu01_reverse_p/allreduce_binary_tree_p_gpu01_16nodes_4gpus_channel8_chunk2.xml
c198-091:27078:27111 [3] NCCL INFO MSCCL_XML_FILES set by environment to /home1/09168/ldai1/ccl-build/msccl_tools_lyd/examples/xml/xml_lyd/binary_h_gpu01_reverse_p/allreduce_binary_tree_p_gpu01_16nodes_4gpus_channel8_chunk2.xml
c196-092:567:614 [3] NCCL INFO MSCCL_XML_FILES set by environment to /home1/09168/ldai1/ccl-build/msccl_tools_lyd/examples/xml/xml_lyd/binary_h_gpu01_reverse_p/allreduce_binary_tree_p_gpu01_16nodes_4gpus_channel8_chunk2.xml
c198-091:27078:27111 [3] NCCL INFO MSCCL: Parsing algorithm /home1/09168/ldai1/ccl-build/msccl_tools_lyd/examples/xml/xml_lyd/binary_h_gpu01_reverse_p/allreduce_binary_tree_p_gpu01_16nodes_4gpus_channel8_chunk2.xml
c196-092:567:614 [3] NCCL INFO MSCCL: Parsing algorithm /home1/09168/ldai1/ccl-build/msccl_tools_lyd/examples/xml/xml_lyd/binary_h_gpu01_reverse_p/allreduce_binary_tree_p_gpu01_16nodes_4gpus_channel8_chunk2.xml
c198-102:19153:19184 [3] NCCL INFO Connected all trees
c198-102:19153:19184 [3] NCCL INFO MSCCL_XML_FILES set by environment to /home1/09168/ldai1/ccl-build/msccl_tools_lyd/examples/xml/xml_lyd/binary_h_gpu01_reverse_p/allreduce_binary_tree_p_gpu01_16nodes_4gpus_channel8_chunk2.xml
c198-102:19153:19184 [3] NCCL INFO MSCCL: Parsing algorithm /home1/09168/ldai1/ccl-build/msccl_tools_lyd/examples/xml/xml_lyd/binary_h_gpu01_reverse_p/allreduce_binary_tree_p_gpu01_16nodes_4gpus_channel8_chunk2.xml
c197-041:28681:28718 [3] NCCL INFO Connected all trees
c197-041:28681:28718 [3] NCCL INFO MSCCL_XML_FILES set by environment to /home1/09168/ldai1/ccl-build/msccl_tools_lyd/examples/xml/xml_lyd/binary_h_gpu01_reverse_p/allreduce_binary_tree_p_gpu01_16nodes_4gpus_channel8_chunk2.xml
c197-041:28681:28718 [3] NCCL INFO MSCCL: Parsing algorithm /home1/09168/ldai1/ccl-build/msccl_tools_lyd/examples/xml/xml_lyd/binary_h_gpu01_reverse_p/allreduce_binary_tree_p_gpu01_16nodes_4gpus_channel8_chunk2.xml
c199-012:24459:24496 [3] NCCL INFO Connected all trees
c199-012:24459:24496 [3] NCCL INFO MSCCL_XML_FILES set by environment to /home1/09168/ldai1/ccl-build/msccl_tools_lyd/examples/xml/xml_lyd/binary_h_gpu01_reverse_p/allreduce_binary_tree_p_gpu01_16nodes_4gpus_channel8_chunk2.xml
c198-111:26060:26093 [3] NCCL INFO Connected all trees
c196-041:13215:13251 [3] NCCL INFO Connected all trees
c196-041:13215:13251 [3] NCCL INFO MSCCL_XML_FILES set by environment to /home1/09168/ldai1/ccl-build/msccl_tools_lyd/examples/xml/xml_lyd/binary_h_gpu01_reverse_p/allreduce_binary_tree_p_gpu01_16nodes_4gpus_channel8_chunk2.xml
c196-041:13215:13251 [3] NCCL INFO MSCCL: Parsing algorithm /home1/09168/ldai1/ccl-build/msccl_tools_lyd/examples/xml/xml_lyd/binary_h_gpu01_reverse_p/allreduce_binary_tree_p_gpu01_16nodes_4gpus_channel8_chunk2.xml
c199-012:24459:24496 [3] NCCL INFO MSCCL: Parsing algorithm /home1/09168/ldai1/ccl-build/msccl_tools_lyd/examples/xml/xml_lyd/binary_h_gpu01_reverse_p/allreduce_binary_tree_p_gpu01_16nodes_4gpus_channel8_chunk2.xml
c198-111:26060:26093 [3] NCCL INFO MSCCL_XML_FILES set by environment to /home1/09168/ldai1/ccl-build/msccl_tools_lyd/examples/xml/xml_lyd/binary_h_gpu01_reverse_p/allreduce_binary_tree_p_gpu01_16nodes_4gpus_channel8_chunk2.xml
c198-111:26060:26093 [3] NCCL INFO MSCCL: Parsing algorithm /home1/09168/ldai1/ccl-build/msccl_tools_lyd/examples/xml/xml_lyd/binary_h_gpu01_reverse_p/allreduce_binary_tree_p_gpu01_16nodes_4gpus_channel8_chunk2.xml
c196-041:13214:13249 [2] NCCL INFO Connected all trees
c196-041:13214:13249 [2] NCCL INFO MSCCL_XML_FILES set by environment to /home1/09168/ldai1/ccl-build/msccl_tools_lyd/examples/xml/xml_lyd/binary_h_gpu01_reverse_p/allreduce_binary_tree_p_gpu01_16nodes_4gpus_channel8_chunk2.xml
c196-041:13214:13249 [2] NCCL INFO MSCCL: Parsing algorithm /home1/09168/ldai1/ccl-build/msccl_tools_lyd/examples/xml/xml_lyd/binary_h_gpu01_reverse_p/allreduce_binary_tree_p_gpu01_16nodes_4gpus_channel8_chunk2.xml
c199-012:24458:24491 [2] NCCL INFO Connected all trees
c199-012:24458:24491 [2] NCCL INFO MSCCL_XML_FILES set by environment to /home1/09168/ldai1/ccl-build/msccl_tools_lyd/examples/xml/xml_lyd/binary_h_gpu01_reverse_p/allreduce_binary_tree_p_gpu01_16nodes_4gpus_channel8_chunk2.xml
c199-012:24458:24491 [2] NCCL INFO MSCCL: Parsing algorithm /home1/09168/ldai1/ccl-build/msccl_tools_lyd/examples/xml/xml_lyd/binary_h_gpu01_reverse_p/allreduce_binary_tree_p_gpu01_16nodes_4gpus_channel8_chunk2.xml
c197-101:2748:2781 [3] NCCL INFO Parsed MSCCL Algorithm /home1/09168/ldai1/ccl-build/msccl_tools_lyd/examples/xml/xml_lyd/binary_h_gpu01_reverse_p/allreduce_binary_tree_p_gpu01_16nodes_4gpus_channel8_chunk2.xml successfully.
c198-101:28079:28116 [3] NCCL INFO Parsed MSCCL Algorithm /home1/09168/ldai1/ccl-build/msccl_tools_lyd/examples/xml/xml_lyd/binary_h_gpu01_reverse_p/allreduce_binary_tree_p_gpu01_16nodes_4gpus_channel8_chunk2.xml successfully.
c198-101:28079:28116 [3] NCCL INFO Connected 1 MSCCL algorithms
c197-042:24022:24055 [3] NCCL INFO Parsed MSCCL Algorithm /home1/09168/ldai1/ccl-build/msccl_tools_lyd/examples/xml/xml_lyd/binary_h_gpu01_reverse_p/allreduce_binary_tree_p_gpu01_16nodes_4gpus_channel8_chunk2.xml successfully.
c198-101:28079:28116 [3] NCCL INFO NCCL_NTHREADS set by environment to 64.
c196-041:13215:13251 [3] NCCL INFO Parsed MSCCL Algorithm /home1/09168/ldai1/ccl-build/msccl_tools_lyd/examples/xml/xml_lyd/binary_h_gpu01_reverse_p/allreduce_binary_tree_p_gpu01_16nodes_4gpus_channel8_chunk2.xml successfully.
c197-022:13502:13540 [3] NCCL INFO Parsed MSCCL Algorithm /home1/09168/ldai1/ccl-build/msccl_tools_lyd/examples/xml/xml_lyd/binary_h_gpu01_reverse_p/allreduce_binary_tree_p_gpu01_16nodes_4gpus_channel8_chunk2.xml successfully.
c197-032:23969:24006 [3] NCCL INFO Parsed MSCCL Algorithm /home1/09168/ldai1/ccl-build/msccl_tools_lyd/examples/xml/xml_lyd/binary_h_gpu01_reverse_p/allreduce_binary_tree_p_gpu01_16nodes_4gpus_channel8_chunk2.xml successfully.
c197-092:4341:4374 [3] NCCL INFO Parsed MSCCL Algorithm /home1/09168/ldai1/ccl-build/msccl_tools_lyd/examples/xml/xml_lyd/binary_h_gpu01_reverse_p/allreduce_binary_tree_p_gpu01_16nodes_4gpus_channel8_chunk2.xml successfully.
c198-101:28079:28116 [3] NCCL INFO NCCL_PROTO set by environment to Simple
c198-101:28079:28116 [3] NCCL INFO NCCL_ALGO set by environment to MSCCL,TREE,RING
c197-012:15114:15152 [3] NCCL INFO Parsed MSCCL Algorithm /home1/09168/ldai1/ccl-build/msccl_tools_lyd/examples/xml/xml_lyd/binary_h_gpu01_reverse_p/allreduce_binary_tree_p_gpu01_16nodes_4gpus_channel8_chunk2.xml successfully.
c196-092:567:614 [3] NCCL INFO Parsed MSCCL Algorithm /home1/09168/ldai1/ccl-build/msccl_tools_lyd/examples/xml/xml_lyd/binary_h_gpu01_reverse_p/allreduce_binary_tree_p_gpu01_16nodes_4gpus_channel8_chunk2.xml successfully.
c197-022:13502:13540 [3] NCCL INFO Connected 1 MSCCL algorithms
c197-092:4341:4374 [3] NCCL INFO Connected 1 MSCCL algorithms
c198-101:28079:28116 [3] NCCL INFO threadThresholds 8/8/64 | 512/8/64 | 8/8/64 | 8/8/512
c198-111:26060:26093 [3] NCCL INFO Parsed MSCCL Algorithm /home1/09168/ldai1/ccl-build/msccl_tools_lyd/examples/xml/xml_lyd/binary_h_gpu01_reverse_p/allreduce_binary_tree_p_gpu01_16nodes_4gpus_channel8_chunk2.xml successfully.
c198-102:19153:19184 [3] NCCL INFO Parsed MSCCL Algorithm /home1/09168/ldai1/ccl-build/msccl_tools_lyd/examples/xml/xml_lyd/binary_h_gpu01_reverse_p/allreduce_binary_tree_p_gpu01_16nodes_4gpus_channel8_chunk2.xml successfully.
c199-012:24458:24491 [2] NCCL INFO Parsed MSCCL Algorithm /home1/09168/ldai1/ccl-build/msccl_tools_lyd/examples/xml/xml_lyd/binary_h_gpu01_reverse_p/allreduce_binary_tree_p_gpu01_16nodes_4gpus_channel8_chunk2.xml successfully.
c197-022:13502:13540 [3] NCCL INFO NCCL_NTHREADS set by environment to 64.
c197-092:4341:4374 [3] NCCL INFO NCCL_NTHREADS set by environment to 64.
c198-101:28079:28116 [3] NCCL INFO 2 coll channels, 2 p2p channels, 2 p2p channels per peer
c199-012:24458:24491 [2] NCCL INFO Connected 1 MSCCL algorithms
c197-022:13502:13540 [3] NCCL INFO NCCL_PROTO set by environment to Simple
c197-022:13502:13540 [3] NCCL INFO NCCL_ALGO set by environment to MSCCL,TREE,RING
c197-092:4341:4374 [3] NCCL INFO NCCL_PROTO set by environment to Simple
c197-092:4341:4374 [3] NCCL INFO NCCL_ALGO set by environment to MSCCL,TREE,RING
c199-012:24458:24491 [2] NCCL INFO NCCL_NTHREADS set by environment to 64.
c197-022:13502:13540 [3] NCCL INFO threadThresholds 8/8/64 | 512/8/64 | 8/8/64 | 8/8/512
c197-092:4341:4374 [3] NCCL INFO threadThresholds 8/8/64 | 512/8/64 | 8/8/64 | 8/8/512
c199-012:24458:24491 [2] NCCL INFO NCCL_PROTO set by environment to Simple
c197-022:13502:13540 [3] NCCL INFO 2 coll channels, 2 p2p channels, 2 p2p channels per peer
c197-092:4341:4374 [3] NCCL INFO 2 coll channels, 2 p2p channels, 2 p2p channels per peer
c199-012:24458:24491 [2] NCCL INFO NCCL_ALGO set by environment to MSCCL,TREE,RING
c196-041:13214:13249 [2] NCCL INFO Parsed MSCCL Algorithm /home1/09168/ldai1/ccl-build/msccl_tools_lyd/examples/xml/xml_lyd/binary_h_gpu01_reverse_p/allreduce_binary_tree_p_gpu01_16nodes_4gpus_channel8_chunk2.xml successfully.
c199-012:24458:24491 [2] NCCL INFO threadThresholds 8/8/64 | 512/8/64 | 8/8/64 | 8/8/512
c196-041:13214:13249 [2] NCCL INFO Connected 1 MSCCL algorithms
c199-012:24459:24496 [3] NCCL INFO Parsed MSCCL Algorithm /home1/09168/ldai1/ccl-build/msccl_tools_lyd/examples/xml/xml_lyd/binary_h_gpu01_reverse_p/allreduce_binary_tree_p_gpu01_16nodes_4gpus_channel8_chunk2.xml successfully.
c196-041:13214:13249 [2] NCCL INFO NCCL_NTHREADS set by environment to 64.
c196-041:13214:13249 [2] NCCL INFO NCCL_PROTO set by environment to Simple
c199-012:24458:24491 [2] NCCL INFO 2 coll channels, 2 p2p channels, 2 p2p channels per peer
c196-041:13214:13249 [2] NCCL INFO NCCL_ALGO set by environment to MSCCL,TREE,RING
c199-012:24459:24496 [3] NCCL INFO Connected 1 MSCCL algorithms
c198-082:6137:6170 [3] NCCL INFO Parsed MSCCL Algorithm /home1/09168/ldai1/ccl-build/msccl_tools_lyd/examples/xml/xml_lyd/binary_h_gpu01_reverse_p/allreduce_binary_tree_p_gpu01_16nodes_4gpus_channel8_chunk2.xml successfully.
c196-041:13214:13249 [2] NCCL INFO threadThresholds 8/8/64 | 512/8/64 | 8/8/64 | 8/8/512
c196-041:13214:13249 [2] NCCL INFO 2 coll channels, 2 p2p channels, 2 p2p channels per peer
c199-012:24459:24496 [3] NCCL INFO NCCL_NTHREADS set by environment to 64.
c197-041:28681:28718 [3] NCCL INFO Parsed MSCCL Algorithm /home1/09168/ldai1/ccl-build/msccl_tools_lyd/examples/xml/xml_lyd/binary_h_gpu01_reverse_p/allreduce_binary_tree_p_gpu01_16nodes_4gpus_channel8_chunk2.xml successfully.
c199-011:19523:19556 [3] NCCL INFO Parsed MSCCL Algorithm /home1/09168/ldai1/ccl-build/msccl_tools_lyd/examples/xml/xml_lyd/binary_h_gpu01_reverse_p/allreduce_binary_tree_p_gpu01_16nodes_4gpus_channel8_chunk2.xml successfully.
c199-012:24459:24496 [3] NCCL INFO NCCL_PROTO set by environment to Simple
c199-012:24459:24496 [3] NCCL INFO NCCL_ALGO set by environment to MSCCL,TREE,RING
c199-012:24459:24496 [3] NCCL INFO threadThresholds 8/8/64 | 512/8/64 | 8/8/64 | 8/8/512
c199-012:24459:24496 [3] NCCL INFO 2 coll channels, 2 p2p channels, 2 p2p channels per peer
c198-091:27078:27111 [3] NCCL INFO Parsed MSCCL Algorithm /home1/09168/ldai1/ccl-build/msccl_tools_lyd/examples/xml/xml_lyd/binary_h_gpu01_reverse_p/allreduce_binary_tree_p_gpu01_16nodes_4gpus_channel8_chunk2.xml successfully.
c197-022:13499:13537 [0] NCCL INFO Channel 00/0 : 8[2000] -> 12[2000] [receive] via NET/IB/0
c197-092:4338:4379 [0] NCCL INFO Channel 00/0 : 24[2000] -> 28[2000] [receive] via NET/IB/0
c198-082:6134:6172 [0] NCCL INFO Channel 01/0 : 32[2000] -> 36[2000] [receive] via NET/IB/0
c199-011:19520:19558 [0] NCCL INFO Channel 01/0 : 53[3000] -> 56[2000] [receive] via NET/IB/0
c197-042:24019:24057 [0] NCCL INFO Channel 01/0 : 21[3000] -> 24[2000] [receive] via NET/IB/0
c197-012:15111:15146 [0] NCCL INFO Channel 01/0 : 5[3000] -> 8[2000] [receive] via NET/IB/0
c197-032:23966:24003 [0] NCCL INFO Channel 01/0 : 16[2000] -> 20[2000] [send] via NET/IB/0
c198-091:27075:27115 [0] NCCL INFO Channel 01/0 : 37[3000] -> 40[2000] [receive] via NET/IB/0
c197-101:2745:2785 [0] NCCL INFO Channel 01/0 : 32[2000] -> 36[2000] [send] via NET/IB/0
c198-102:19150:19189 [0] NCCL INFO Channel 01/0 : 48[2000] -> 52[2000] [send] via NET/IB/0
c198-101:28076:28112 [0] NCCL INFO Channel 00/0 : 40[2000] -> 44[2000] [receive] via NET/IB/0
c196-092:564:615 [0] NCCL INFO Channel 01/0 : 0[2000] -> 4[2000] [receive] via NET/IB/0
c196-041:13212:13244 [0] NCCL INFO Channel 01/0 : 0[2000] -> 4[2000] [send] via NET/IB/0
c199-012:24456:24494 [0] NCCL INFO Channel 00/0 : 56[2000] -> 60[2000] [receive] via NET/IB/0
c198-111:26057:26095 [0] NCCL INFO Channel 01/0 : 48[2000] -> 52[2000] [receive] via NET/IB/0
c197-041:28678:28715 [0] NCCL INFO Channel 01/0 : 16[2000] -> 20[2000] [receive] via NET/IB/0
c197-032:23969:24006 [3] NCCL INFO Channel 00/0 : 20[2000] -> 19[83000] [receive] via NET/IB/0
c197-101:2748:2781 [3] NCCL INFO Channel 00/0 : 36[2000] -> 35[83000] [receive] via NET/IB/0
c198-102:19153:19184 [3] NCCL INFO Channel 00/0 : 52[2000] -> 51[83000] [receive] via NET/IB/0
c196-092:567:614 [3] NCCL INFO Channel 00/0 : 8[2000] -> 7[83000] [receive] via NET/IB/0
c197-012:15114:15152 [3] NCCL INFO Channel 00/0 : 12[2000] -> 11[83000] [receive] via NET/IB/0
c197-042:24022:24055 [3] NCCL INFO Channel 00/0 : 28[2000] -> 27[83000] [receive] via NET/IB/0
c196-041:13215:13251 [3] NCCL INFO Channel 00/0 : 4[2000] -> 3[83000] [receive] via NET/IB/0
c198-111:26060:26093 [3] NCCL INFO Channel 00/0 : 56[2000] -> 55[83000] [receive] via NET/IB/0
c197-041:28681:28718 [3] NCCL INFO Channel 00/0 : 24[2000] -> 23[83000] [receive] via NET/IB/0
c198-082:6137:6170 [3] NCCL INFO Channel 00/0 : 40[2000] -> 39[83000] [receive] via NET/IB/0
c199-011:19523:19556 [3] NCCL INFO Channel 00/0 : 60[2000] -> 59[83000] [receive] via NET/IB/0
c198-091:27078:27111 [3] NCCL INFO Channel 00/0 : 44[2000] -> 43[83000] [receive] via NET/IB/0
c196-092:565:609 [1] NCCL INFO Channel 01/0 : 8[2000] -> 5[3000] [receive] via NET/IB/0
c198-111:26058:26097 [1] NCCL INFO Channel 01/0 : 56[2000] -> 53[3000] [receive] via NET/IB/0
c197-101:2745:2785 [0] NCCL INFO Channel 00/0 : 32[2000] -> 48[2000] [send] via NET/IB/0
c198-102:19150:19189 [0] NCCL INFO Channel 00/0 : 48[2000] -> 56[2000] [send] via NET/IB/0
c199-011:19520:19558 [0] NCCL INFO Channel 00/0 : 56[2000] -> 60[2000] [send] via NET/IB/0
c197-042:24019:24057 [0] NCCL INFO Channel 00/0 : 24[2000] -> 28[2000] [send] via NET/IB/0
c197-012:15111:15146 [0] NCCL INFO Channel 00/0 : 8[2000] -> 12[2000] [send] via NET/IB/0
c196-041:13212:13244 [0] NCCL INFO Channel 00/0 : 32[2000] -> 0[2000] [receive] via NET/IB/0
c198-091:27075:27115 [0] NCCL INFO Channel 00/0 : 40[2000] -> 44[2000] [send] via NET/IB/0
c197-032:23966:24003 [0] NCCL INFO Channel 00/0 : 16[2000] -> 24[2000] [send] via NET/IB/0
c198-082:6134:6172 [0] NCCL INFO Channel 00/0 : 36[2000] -> 41[3000] [send] via NET/IB/0
c196-092:564:615 [0] NCCL INFO Channel 00/0 : 4[2000] -> 9[3000] [send] via NET/IB/0
c197-041:28678:28715 [0] NCCL INFO Channel 00/0 : 20[2000] -> 25[3000] [send] via NET/IB/0
c198-111:26057:26095 [0] NCCL INFO Channel 00/0 : 52[2000] -> 57[3000] [send] via NET/IB/0
c198-082:6135:6174 [1] NCCL INFO Channel 01/0 : 40[2000] -> 37[3000] [receive] via NET/IB/0
c197-041:28679:28717 [1] NCCL INFO Channel 01/0 : 24[2000] -> 21[3000] [receive] via NET/IB/0
c197-032:23969:24006 [3] NCCL INFO Channel 01/0 : 20[2000] -> 19[83000] [receive] via NET/IB/0
c197-101:2748:2781 [3] NCCL INFO Channel 01/0 : 36[2000] -> 35[83000] [receive] via NET/IB/0
c198-102:19153:19184 [3] NCCL INFO Channel 01/0 : 52[2000] -> 51[83000] [receive] via NET/IB/0
c196-092:567:614 [3] NCCL INFO Channel 01/0 : 8[2000] -> 7[83000] [receive] via NET/IB/0
c197-042:24022:24055 [3] NCCL INFO Channel 01/0 : 28[2000] -> 27[83000] [receive] via NET/IB/0
c197-012:15114:15152 [3] NCCL INFO Channel 01/0 : 12[2000] -> 11[83000] [receive] via NET/IB/0
c196-041:13215:13251 [3] NCCL INFO Channel 01/0 : 4[2000] -> 3[83000] [receive] via NET/IB/0
c198-111:26060:26093 [3] NCCL INFO Channel 01/0 : 56[2000] -> 55[83000] [receive] via NET/IB/0
c197-041:28681:28718 [3] NCCL INFO Channel 01/0 : 24[2000] -> 23[83000] [receive] via NET/IB/0
c198-082:6137:6170 [3] NCCL INFO Channel 01/0 : 40[2000] -> 39[83000] [receive] via NET/IB/0
c199-011:19523:19556 [3] NCCL INFO Channel 01/0 : 60[2000] -> 59[83000] [receive] via NET/IB/0
c198-091:27078:27111 [3] NCCL INFO Channel 01/0 : 44[2000] -> 43[83000] [receive] via NET/IB/0
c196-041:13212:13244 [0] NCCL INFO Channel 00/0 : 0[2000] -> 32[2000] [send] via NET/IB/0
c196-092:564:615 [0] NCCL INFO Channel 01/0 : 4[2000] -> 12[2000] [send] via NET/IB/0
c199-011:19520:19558 [0] NCCL INFO Channel 00/0 : 48[2000] -> 56[2000] [receive] via NET/IB/0
c197-042:24019:24057 [0] NCCL INFO Channel 00/0 : 16[2000] -> 24[2000] [receive] via NET/IB/0
c197-012:15111:15146 [0] NCCL INFO Channel 00/0 : 8[2000] -> 17[3000] [send] via NET/IB/0
c198-091:27075:27115 [0] NCCL INFO Channel 00/0 : 40[2000] -> 49[3000] [send] via NET/IB/0
c197-092:4338:4379 [0] NCCL INFO Channel 01/0 : 12[2000] -> 28[2000] [receive] via NET/IB/0
c198-082:6134:6172 [0] NCCL INFO Channel 01/0 : 36[2000] -> 44[2000] [send] via NET/IB/0
c199-012:24456:24494 [0] NCCL INFO Channel 01/0 : 28[2000] -> 60[2000] [receive] via NET/IB/0
c198-111:26057:26095 [0] NCCL INFO Channel 01/0 : 45[3000] -> 52[2000] [receive] via NET/IB/0
c197-042:24020:24059 [1] NCCL INFO Channel 00/0 : 25[3000] -> 20[2000] [send] via NET/IB/0
c197-012:15112:15149 [1] NCCL INFO Channel 00/0 : 9[3000] -> 4[2000] [send] via NET/IB/0
c198-091:27076:27116 [1] NCCL INFO Channel 00/0 : 41[3000] -> 36[2000] [send] via NET/IB/0
c199-011:19521:19560 [1] NCCL INFO Channel 00/0 : 57[3000] -> 52[2000] [send] via NET/IB/0
c197-041:28678:28715 [0] NCCL INFO Channel 01/0 : 13[3000] -> 20[2000] [receive] via NET/IB/0
c198-101:28076:28112 [0] NCCL INFO Channel 01/0 : 36[2000] -> 44[2000] [receive] via NET/IB/0
c197-022:13499:13537 [0] NCCL INFO Channel 01/0 : 4[2000] -> 12[2000] [receive] via NET/IB/0
c199-012:24456:24494 [0] NCCL INFO Channel 01/0 : 60[2000] -> 28[2000] [send] via NET/IB/0
c197-012:15111:15146 [0] NCCL INFO Channel 00/0 : 17[3000] -> 8[2000] [receive] via NET/IB/0
c198-091:27075:27115 [0] NCCL INFO Channel 00/0 : 49[3000] -> 40[2000] [receive] via NET/IB/0
c198-101:28077:28114 [1] NCCL INFO Channel 01/0 : 52[2000] -> 45[3000] [receive] via NET/IB/0
c199-011:19520:19558 [0] NCCL INFO Channel 00/0 : 56[2000] -> 48[2000] [send] via NET/IB/0
c197-042:24019:24057 [0] NCCL INFO Channel 00/0 : 24[2000] -> 16[2000] [send] via NET/IB/0
c197-032:23966:24003 [0] NCCL INFO Channel 00/0 : 16[2000] -> 33[3000] [send] via NET/IB/0
c197-032:23967:24000 [1] NCCL INFO Channel 00/0 : 17[3000] -> 8[2000] [send] via NET/IB/0
c198-102:19151:19190 [1] NCCL INFO Channel 00/0 : 49[3000] -> 40[2000] [send] via NET/IB/0
c198-111:26057:26095 [0] NCCL INFO Channel 01/0 : 52[2000] -> 45[3000] [send] via NET/IB/0
c198-102:19150:19189 [0] NCCL INFO Channel 00/0 : 32[2000] -> 48[2000] [receive] via NET/IB/0
c197-022:13500:13538 [1] NCCL INFO Channel 01/0 : 20[2000] -> 13[3000] [receive] via NET/IB/0
c198-082:6134:6172 [0] NCCL INFO Channel 01/0 : 44[2000] -> 36[2000] [receive] via NET/IB/0
c196-092:564:615 [0] NCCL INFO Channel 01/0 : 12[2000] -> 4[2000] [receive] via NET/IB/0
c197-041:28678:28715 [0] NCCL INFO Channel 01/0 : 20[2000] -> 13[3000] [send] via NET/IB/0
c198-101:28076:28112 [0] NCCL INFO Channel 01/0 : 29[3000] -> 44[2000] [receive] via NET/IB/0
c197-022:13499:13537 [0] NCCL INFO Channel 01/0 : 12[2000] -> 28[2000] [send] via NET/IB/0
c198-102:19151:19190 [1] NCCL INFO Channel 00 : 49[3000] -> 48[2000] via direct shared memory
c198-102:19151:19190 [1] NCCL INFO Channel 01 : 49[3000] -> 48[2000] via direct shared memory
c197-032:23967:24000 [1] NCCL INFO Channel 00 : 17[3000] -> 16[2000] via direct shared memory
c197-032:23967:24000 [1] NCCL INFO Channel 01 : 17[3000] -> 16[2000] via direct shared memory
c198-101:28077:28114 [1] NCCL INFO Channel 00 : 45[3000] -> 44[2000] via direct shared memory
c198-101:28077:28114 [1] NCCL INFO Channel 01 : 45[3000] -> 44[2000] via direct shared memory
c197-032:23968:24005 [2] NCCL INFO Connected all trees
c197-032:23968:24005 [2] NCCL INFO MSCCL_XML_FILES set by environment to /home1/09168/ldai1/ccl-build/msccl_tools_lyd/examples/xml/xml_lyd/binary_h_gpu01_reverse_p/allreduce_binary_tree_p_gpu01_16nodes_4gpus_channel8_chunk2.xml
c198-102:19152:19186 [2] NCCL INFO Connected all trees
c197-032:23968:24005 [2] NCCL INFO MSCCL: Parsing algorithm /home1/09168/ldai1/ccl-build/msccl_tools_lyd/examples/xml/xml_lyd/binary_h_gpu01_reverse_p/allreduce_binary_tree_p_gpu01_16nodes_4gpus_channel8_chunk2.xml
c198-102:19152:19186 [2] NCCL INFO MSCCL_XML_FILES set by environment to /home1/09168/ldai1/ccl-build/msccl_tools_lyd/examples/xml/xml_lyd/binary_h_gpu01_reverse_p/allreduce_binary_tree_p_gpu01_16nodes_4gpus_channel8_chunk2.xml
c198-102:19152:19186 [2] NCCL INFO MSCCL: Parsing algorithm /home1/09168/ldai1/ccl-build/msccl_tools_lyd/examples/xml/xml_lyd/binary_h_gpu01_reverse_p/allreduce_binary_tree_p_gpu01_16nodes_4gpus_channel8_chunk2.xml
c198-101:28078:28110 [2] NCCL INFO Connected all trees
c198-101:28078:28110 [2] NCCL INFO MSCCL_XML_FILES set by environment to /home1/09168/ldai1/ccl-build/msccl_tools_lyd/examples/xml/xml_lyd/binary_h_gpu01_reverse_p/allreduce_binary_tree_p_gpu01_16nodes_4gpus_channel8_chunk2.xml
c198-101:28078:28110 [2] NCCL INFO MSCCL: Parsing algorithm /home1/09168/ldai1/ccl-build/msccl_tools_lyd/examples/xml/xml_lyd/binary_h_gpu01_reverse_p/allreduce_binary_tree_p_gpu01_16nodes_4gpus_channel8_chunk2.xml
c197-022:13500:13538 [1] NCCL INFO Channel 00 : 13[3000] -> 12[2000] via direct shared memory
c197-022:13500:13538 [1] NCCL INFO Channel 01 : 13[3000] -> 12[2000] via direct shared memory
c197-022:13501:13534 [2] NCCL INFO Connected all trees
c197-022:13501:13534 [2] NCCL INFO MSCCL_XML_FILES set by environment to /home1/09168/ldai1/ccl-build/msccl_tools_lyd/examples/xml/xml_lyd/binary_h_gpu01_reverse_p/allreduce_binary_tree_p_gpu01_16nodes_4gpus_channel8_chunk2.xml
c197-022:13501:13534 [2] NCCL INFO MSCCL: Parsing algorithm /home1/09168/ldai1/ccl-build/msccl_tools_lyd/examples/xml/xml_lyd/binary_h_gpu01_reverse_p/allreduce_binary_tree_p_gpu01_16nodes_4gpus_channel8_chunk2.xml
c197-032:23968:24005 [2] NCCL INFO Parsed MSCCL Algorithm /home1/09168/ldai1/ccl-build/msccl_tools_lyd/examples/xml/xml_lyd/binary_h_gpu01_reverse_p/allreduce_binary_tree_p_gpu01_16nodes_4gpus_channel8_chunk2.xml successfully.
c197-032:23968:24005 [2] NCCL INFO Connected 1 MSCCL algorithms
c197-032:23968:24005 [2] NCCL INFO NCCL_NTHREADS set by environment to 64.
c197-032:23968:24005 [2] NCCL INFO NCCL_PROTO set by environment to Simple
c197-032:23968:24005 [2] NCCL INFO NCCL_ALGO set by environment to MSCCL,TREE,RING
c197-032:23968:24005 [2] NCCL INFO threadThresholds 8/8/64 | 512/8/64 | 8/8/64 | 8/8/512
c197-032:23968:24005 [2] NCCL INFO 2 coll channels, 2 p2p channels, 2 p2p channels per peer
c198-101:28078:28110 [2] NCCL INFO Parsed MSCCL Algorithm /home1/09168/ldai1/ccl-build/msccl_tools_lyd/examples/xml/xml_lyd/binary_h_gpu01_reverse_p/allreduce_binary_tree_p_gpu01_16nodes_4gpus_channel8_chunk2.xml successfully.
c198-101:28078:28110 [2] NCCL INFO Connected 1 MSCCL algorithms
c198-101:28078:28110 [2] NCCL INFO NCCL_NTHREADS set by environment to 64.
c198-101:28078:28110 [2] NCCL INFO NCCL_PROTO set by environment to Simple
c198-101:28078:28110 [2] NCCL INFO NCCL_ALGO set by environment to MSCCL,TREE,RING
c198-101:28078:28110 [2] NCCL INFO threadThresholds 8/8/64 | 512/8/64 | 8/8/64 | 8/8/512
c198-101:28078:28110 [2] NCCL INFO 2 coll channels, 2 p2p channels, 2 p2p channels per peer
c198-102:19152:19186 [2] NCCL INFO Parsed MSCCL Algorithm /home1/09168/ldai1/ccl-build/msccl_tools_lyd/examples/xml/xml_lyd/binary_h_gpu01_reverse_p/allreduce_binary_tree_p_gpu01_16nodes_4gpus_channel8_chunk2.xml successfully.
c198-102:19152:19186 [2] NCCL INFO Connected 1 MSCCL algorithms
c198-102:19152:19186 [2] NCCL INFO NCCL_NTHREADS set by environment to 64.
c198-102:19152:19186 [2] NCCL INFO NCCL_PROTO set by environment to Simple
c198-102:19152:19186 [2] NCCL INFO NCCL_ALGO set by environment to MSCCL,TREE,RING
c198-102:19152:19186 [2] NCCL INFO threadThresholds 8/8/64 | 512/8/64 | 8/8/64 | 8/8/512
c198-102:19152:19186 [2] NCCL INFO 2 coll channels, 2 p2p channels, 2 p2p channels per peer
c197-022:13501:13534 [2] NCCL INFO Parsed MSCCL Algorithm /home1/09168/ldai1/ccl-build/msccl_tools_lyd/examples/xml/xml_lyd/binary_h_gpu01_reverse_p/allreduce_binary_tree_p_gpu01_16nodes_4gpus_channel8_chunk2.xml successfully.
c197-022:13501:13534 [2] NCCL INFO Connected 1 MSCCL algorithms
c197-022:13501:13534 [2] NCCL INFO NCCL_NTHREADS set by environment to 64.
c197-022:13501:13534 [2] NCCL INFO NCCL_PROTO set by environment to Simple
c197-022:13501:13534 [2] NCCL INFO NCCL_ALGO set by environment to MSCCL,TREE,RING
c197-022:13501:13534 [2] NCCL INFO threadThresholds 8/8/64 | 512/8/64 | 8/8/64 | 8/8/512
c197-022:13501:13534 [2] NCCL INFO 2 coll channels, 2 p2p channels, 2 p2p channels per peer
c198-091:27075:27115 [0] NCCL INFO Channel 00/0 : 44[2000] -> 40[2000] [receive] via NET/IB/0
c197-032:23966:24003 [0] NCCL INFO Channel 00/0 : 33[3000] -> 16[2000] [receive] via NET/IB/0
c198-111:26057:26095 [0] NCCL INFO Channel 00/0 : 57[3000] -> 52[2000] [receive] via NET/IB/0
c197-012:15111:15146 [0] NCCL INFO Channel 00/0 : 12[2000] -> 8[2000] [receive] via NET/IB/0
c197-101:2746:2784 [1] NCCL INFO Channel 00/0 : 33[3000] -> 16[2000] [send] via NET/IB/0
c197-101:2745:2785 [0] NCCL INFO Channel 00/0 : 0[2000] -> 32[2000] [receive] via NET/IB/0
c198-102:19150:19189 [0] NCCL INFO Channel 00/0 : 48[2000] -> 32[2000] [send] via NET/IB/0
c197-041:28678:28715 [0] NCCL INFO Channel 00/0 : 25[3000] -> 20[2000] [receive] via NET/IB/0
c197-092:4339:4378 [1] NCCL INFO Channel 01/0 : 44[2000] -> 29[3000] [receive] via NET/IB/0
c197-092:4338:4379 [0] NCCL INFO Channel 01/0 : 60[2000] -> 28[2000] [receive] via NET/IB/0
c197-022:13499:13537 [0] NCCL INFO Channel 01/0 : 28[2000] -> 12[2000] [receive] via NET/IB/0
c198-101:28076:28112 [0] NCCL INFO Channel 01/0 : 44[2000] -> 29[3000] [send] via NET/IB/0
c199-011:19521:19560 [1] NCCL INFO Channel 00 : 57[3000] -> 56[2000] via direct shared memory
c199-011:19521:19560 [1] NCCL INFO Channel 01 : 57[3000] -> 56[2000] via direct shared memory
c197-101:2746:2784 [1] NCCL INFO Channel 00 : 33[3000] -> 32[2000] via direct shared memory
c197-101:2746:2784 [1] NCCL INFO Channel 01 : 33[3000] -> 32[2000] via direct shared memory
c199-011:19522:19554 [2] NCCL INFO Connected all trees
c199-011:19522:19554 [2] NCCL INFO MSCCL_XML_FILES set by environment to /home1/09168/ldai1/ccl-build/msccl_tools_lyd/examples/xml/xml_lyd/binary_h_gpu01_reverse_p/allreduce_binary_tree_p_gpu01_16nodes_4gpus_channel8_chunk2.xml
c199-011:19522:19554 [2] NCCL INFO MSCCL: Parsing algorithm /home1/09168/ldai1/ccl-build/msccl_tools_lyd/examples/xml/xml_lyd/binary_h_gpu01_reverse_p/allreduce_binary_tree_p_gpu01_16nodes_4gpus_channel8_chunk2.xml
c197-101:2747:2780 [2] NCCL INFO Connected all trees
c197-101:2747:2780 [2] NCCL INFO MSCCL_XML_FILES set by environment to /home1/09168/ldai1/ccl-build/msccl_tools_lyd/examples/xml/xml_lyd/binary_h_gpu01_reverse_p/allreduce_binary_tree_p_gpu01_16nodes_4gpus_channel8_chunk2.xml
c197-101:2747:2780 [2] NCCL INFO MSCCL: Parsing algorithm /home1/09168/ldai1/ccl-build/msccl_tools_lyd/examples/xml/xml_lyd/binary_h_gpu01_reverse_p/allreduce_binary_tree_p_gpu01_16nodes_4gpus_channel8_chunk2.xml
c197-042:24020:24059 [1] NCCL INFO Channel 00 : 25[3000] -> 24[2000] via direct shared memory
c197-042:24020:24059 [1] NCCL INFO Channel 01 : 25[3000] -> 24[2000] via direct shared memory
c197-042:24021:24053 [2] NCCL INFO Connected all trees
c197-042:24021:24053 [2] NCCL INFO MSCCL_XML_FILES set by environment to /home1/09168/ldai1/ccl-build/msccl_tools_lyd/examples/xml/xml_lyd/binary_h_gpu01_reverse_p/allreduce_binary_tree_p_gpu01_16nodes_4gpus_channel8_chunk2.xml
c197-042:24021:24053 [2] NCCL INFO MSCCL: Parsing algorithm /home1/09168/ldai1/ccl-build/msccl_tools_lyd/examples/xml/xml_lyd/binary_h_gpu01_reverse_p/allreduce_binary_tree_p_gpu01_16nodes_4gpus_channel8_chunk2.xml
c199-011:19522:19554 [2] NCCL INFO Parsed MSCCL Algorithm /home1/09168/ldai1/ccl-build/msccl_tools_lyd/examples/xml/xml_lyd/binary_h_gpu01_reverse_p/allreduce_binary_tree_p_gpu01_16nodes_4gpus_channel8_chunk2.xml successfully.
c199-011:19522:19554 [2] NCCL INFO Connected 1 MSCCL algorithms
c199-011:19522:19554 [2] NCCL INFO NCCL_NTHREADS set by environment to 64.
c199-011:19522:19554 [2] NCCL INFO NCCL_PROTO set by environment to Simple
c199-011:19522:19554 [2] NCCL INFO NCCL_ALGO set by environment to MSCCL,TREE,RING
c199-011:19522:19554 [2] NCCL INFO threadThresholds 8/8/64 | 512/8/64 | 8/8/64 | 8/8/512
c199-011:19522:19554 [2] NCCL INFO 2 coll channels, 2 p2p channels, 2 p2p channels per peer
c197-101:2747:2780 [2] NCCL INFO Parsed MSCCL Algorithm /home1/09168/ldai1/ccl-build/msccl_tools_lyd/examples/xml/xml_lyd/binary_h_gpu01_reverse_p/allreduce_binary_tree_p_gpu01_16nodes_4gpus_channel8_chunk2.xml successfully.
c197-101:2747:2780 [2] NCCL INFO Connected 1 MSCCL algorithms
c197-101:2747:2780 [2] NCCL INFO NCCL_NTHREADS set by environment to 64.
c197-101:2747:2780 [2] NCCL INFO NCCL_PROTO set by environment to Simple
c197-101:2747:2780 [2] NCCL INFO NCCL_ALGO set by environment to MSCCL,TREE,RING
c197-101:2747:2780 [2] NCCL INFO threadThresholds 8/8/64 | 512/8/64 | 8/8/64 | 8/8/512
c197-101:2747:2780 [2] NCCL INFO 2 coll channels, 2 p2p channels, 2 p2p channels per peer
c197-092:4339:4378 [1] NCCL INFO Channel 00 : 29[3000] -> 28[2000] via direct shared memory
c197-092:4339:4378 [1] NCCL INFO Channel 01 : 29[3000] -> 28[2000] via direct shared memory
c197-042:24021:24053 [2] NCCL INFO Parsed MSCCL Algorithm /home1/09168/ldai1/ccl-build/msccl_tools_lyd/examples/xml/xml_lyd/binary_h_gpu01_reverse_p/allreduce_binary_tree_p_gpu01_16nodes_4gpus_channel8_chunk2.xml successfully.
c197-042:24021:24053 [2] NCCL INFO Connected 1 MSCCL algorithms
c197-042:24021:24053 [2] NCCL INFO NCCL_NTHREADS set by environment to 64.
c197-042:24021:24053 [2] NCCL INFO NCCL_PROTO set by environment to Simple
c197-042:24021:24053 [2] NCCL INFO NCCL_ALGO set by environment to MSCCL,TREE,RING
c197-042:24021:24053 [2] NCCL INFO threadThresholds 8/8/64 | 512/8/64 | 8/8/64 | 8/8/512
c197-042:24021:24053 [2] NCCL INFO 2 coll channels, 2 p2p channels, 2 p2p channels per peer
c197-092:4340:4373 [2] NCCL INFO Connected all trees
c197-092:4340:4373 [2] NCCL INFO MSCCL_XML_FILES set by environment to /home1/09168/ldai1/ccl-build/msccl_tools_lyd/examples/xml/xml_lyd/binary_h_gpu01_reverse_p/allreduce_binary_tree_p_gpu01_16nodes_4gpus_channel8_chunk2.xml
c197-092:4340:4373 [2] NCCL INFO MSCCL: Parsing algorithm /home1/09168/ldai1/ccl-build/msccl_tools_lyd/examples/xml/xml_lyd/binary_h_gpu01_reverse_p/allreduce_binary_tree_p_gpu01_16nodes_4gpus_channel8_chunk2.xml
c197-101:2745:2785 [0] NCCL INFO Channel 00/0 : 32[2000] -> 0[2000] [send] via NET/IB/0
c198-111:26057:26095 [0] NCCL INFO Channel 01/0 : 52[2000] -> 48[2000] [send] via NET/IB/0
c197-092:4338:4379 [0] NCCL INFO Channel 01/0 : 28[2000] -> 60[2000] [send] via NET/IB/0
c197-092:4340:4373 [2] NCCL INFO Parsed MSCCL Algorithm /home1/09168/ldai1/ccl-build/msccl_tools_lyd/examples/xml/xml_lyd/binary_h_gpu01_reverse_p/allreduce_binary_tree_p_gpu01_16nodes_4gpus_channel8_chunk2.xml successfully.
c197-092:4340:4373 [2] NCCL INFO Connected 1 MSCCL algorithms
c197-092:4340:4373 [2] NCCL INFO NCCL_NTHREADS set by environment to 64.
c197-092:4340:4373 [2] NCCL INFO NCCL_PROTO set by environment to Simple
c197-092:4340:4373 [2] NCCL INFO NCCL_ALGO set by environment to MSCCL,TREE,RING
c197-092:4340:4373 [2] NCCL INFO threadThresholds 8/8/64 | 512/8/64 | 8/8/64 | 8/8/512
c197-092:4340:4373 [2] NCCL INFO 2 coll channels, 2 p2p channels, 2 p2p channels per peer
c197-032:23966:24003 [0] NCCL INFO Channel 00/0 : 24[2000] -> 16[2000] [receive] via NET/IB/0
c197-041:28678:28715 [0] NCCL INFO Channel 01/0 : 20[2000] -> 16[2000] [send] via NET/IB/0
c198-101:28076:28112 [0] NCCL INFO Channel 01/0 : 44[2000] -> 36[2000] [send] via NET/IB/0
c196-041:13212:13244 [0] NCCL INFO Channel 01/0 : 4[2000] -> 0[2000] [receive] via NET/IB/0
c197-101:2745:2785 [0] NCCL INFO Channel 00/0 : 48[2000] -> 32[2000] [receive] via NET/IB/0
c197-042:24019:24057 [0] NCCL INFO Channel 00/0 : 28[2000] -> 24[2000] [receive] via NET/IB/0
c197-032:23966:24003 [0] NCCL INFO Channel 01/0 : 20[2000] -> 16[2000] [receive] via NET/IB/0
c199-012:24456:24494 [0] NCCL INFO Channel 00/0 : 60[2000] -> 56[2000] [send] via NET/IB/0
c197-092:4338:4379 [0] NCCL INFO Channel 01/0 : 28[2000] -> 12[2000] [send] via NET/IB/0
c198-082:6134:6172 [0] NCCL INFO Channel 00/0 : 41[3000] -> 36[2000] [receive] via NET/IB/0
c198-101:28076:28112 [0] NCCL INFO Channel 00/0 : 44[2000] -> 40[2000] [send] via NET/IB/0
c197-032:23966:24003 [0] NCCL INFO Connected all trees
c197-032:23966:24003 [0] NCCL INFO MSCCL_XML_FILES set by environment to /home1/09168/ldai1/ccl-build/msccl_tools_lyd/examples/xml/xml_lyd/binary_h_gpu01_reverse_p/allreduce_binary_tree_p_gpu01_16nodes_4gpus_channel8_chunk2.xml
c197-032:23966:24003 [0] NCCL INFO MSCCL: Parsing algorithm /home1/09168/ldai1/ccl-build/msccl_tools_lyd/examples/xml/xml_lyd/binary_h_gpu01_reverse_p/allreduce_binary_tree_p_gpu01_16nodes_4gpus_channel8_chunk2.xml
c197-032:23967:24000 [1] NCCL INFO Connected all trees
