c197-042:23819:23861 [0] NCCL INFO Channel 01/0 : 23[83000] -> 24[2000] [receive] via NET/IB/0
c197-042:23819:23861 [0] NCCL INFO Channel 00 : 24[2000] -> 25[3000] via direct shared memory
c197-042:23819:23861 [0] NCCL INFO Channel 01 : 24[2000] -> 25[3000] via direct shared memory
c196-041:12940:12983 [1] NCCL INFO Connected all rings
c197-012:14914:14954 [1] NCCL INFO Connected all rings
c197-022:13303:13341 [1] NCCL INFO Connected all rings
c199-012:24258:24298 [1] NCCL INFO Connected all rings
c198-091:26879:26917 [1] NCCL INFO Connected all rings
c196-092:316:357 [1] NCCL INFO Connected all rings
c198-111:25860:25899 [1] NCCL INFO Connected all rings
c199-011:19324:19364 [1] NCCL INFO Connected all rings
c198-102:18953:18993 [1] NCCL INFO Connected all rings
c198-101:27880:27916 [1] NCCL INFO Connected all rings
c197-092:4139:4179 [1] NCCL INFO Connected all rings
c197-101:2541:2581 [1] NCCL INFO Connected all rings
c197-032:23771:23810 [1] NCCL INFO Connected all rings
c197-041:28482:28516 [1] NCCL INFO Connected all rings
c197-042:23820:23860 [1] NCCL INFO Connected all rings
c197-012:14914:14954 [1] NCCL INFO Channel 00/0 : 4[2000] -> 9[3000] [receive] via NET/IB/0
c198-091:26879:26917 [1] NCCL INFO Channel 00/0 : 36[2000] -> 41[3000] [receive] via NET/IB/0
c198-082:5915:5955 [1] NCCL INFO Connected all rings
c196-092:316:357 [1] NCCL INFO Channel 01/0 : 5[3000] -> 8[2000] [send] via NET/IB/0
c198-111:25860:25899 [1] NCCL INFO Channel 01/0 : 53[3000] -> 56[2000] [send] via NET/IB/0
c197-022:13303:13341 [1] NCCL INFO Channel 01/0 : 13[3000] -> 20[2000] [send] via NET/IB/0
c198-101:27880:27916 [1] NCCL INFO Channel 01/0 : 45[3000] -> 52[2000] [send] via NET/IB/0
c199-011:19324:19364 [1] NCCL INFO Channel 00/0 : 52[2000] -> 57[3000] [receive] via NET/IB/0
c198-102:18953:18993 [1] NCCL INFO Channel 00/0 : 40[2000] -> 49[3000] [receive] via NET/IB/0
c197-032:23771:23810 [1] NCCL INFO Channel 00/0 : 8[2000] -> 17[3000] [receive] via NET/IB/0
c197-041:28482:28516 [1] NCCL INFO Channel 01/0 : 21[3000] -> 24[2000] [send] via NET/IB/0
c197-042:23820:23860 [1] NCCL INFO Channel 00/0 : 20[2000] -> 25[3000] [receive] via NET/IB/0
c197-101:2541:2581 [1] NCCL INFO Channel 00/0 : 16[2000] -> 33[3000] [receive] via NET/IB/0
c197-092:4139:4179 [1] NCCL INFO Channel 01/0 : 29[3000] -> 44[2000] [send] via NET/IB/0
c198-082:5915:5955 [1] NCCL INFO Channel 01/0 : 37[3000] -> 40[2000] [send] via NET/IB/0
c197-012:14916:14950 [3] NCCL INFO Channel 01/0 : 11[83000] -> 12[2000] [send] via NET/IB/0
c197-022:13305:13340 [3] NCCL INFO Channel 01/0 : 15[83000] -> 16[2000] [send] via NET/IB/0
c199-011:19326:19362 [3] NCCL INFO Channel 01/0 : 59[83000] -> 60[2000] [send] via NET/IB/0
c197-042:23822:23857 [3] NCCL INFO Channel 01/0 : 27[83000] -> 28[2000] [send] via NET/IB/0
c199-012:24260:24296 [3] NCCL INFO Channel 01/0 : 63[83000] -> 0[2000] [send] via NET/IB/0
c196-041:12942:12981 [3] NCCL INFO Channel 01/0 : 3[83000] -> 4[2000] [send] via NET/IB/0
c198-091:26881:26913 [3] NCCL INFO Channel 01/0 : 43[83000] -> 44[2000] [send] via NET/IB/0
c197-032:23773:23807 [3] NCCL INFO Channel 01/0 : 19[83000] -> 20[2000] [send] via NET/IB/0
c198-111:25862:25895 [3] NCCL INFO Channel 01/0 : 55[83000] -> 56[2000] [send] via NET/IB/0
c197-041:28484:28520 [3] NCCL INFO Channel 01/0 : 23[83000] -> 24[2000] [send] via NET/IB/0
c197-092:4141:4175 [3] NCCL INFO Channel 01/0 : 31[83000] -> 32[2000] [send] via NET/IB/0
c197-101:2543:2577 [3] NCCL INFO Channel 01/0 : 35[83000] -> 36[2000] [send] via NET/IB/0
c198-101:27882:27919 [3] NCCL INFO Channel 01/0 : 47[83000] -> 48[2000] [send] via NET/IB/0
c198-082:5917:5951 [3] NCCL INFO Channel 01/0 : 39[83000] -> 40[2000] [send] via NET/IB/0
c198-102:18955:18988 [3] NCCL INFO Channel 01/0 : 51[83000] -> 52[2000] [send] via NET/IB/0
c196-092:318:353 [3] NCCL INFO Channel 01/0 : 7[83000] -> 8[2000] [send] via NET/IB/0
c197-012:14915:14949 [2] NCCL INFO Connected all rings
c197-022:13304:13337 [2] NCCL INFO Connected all rings
c199-011:19325:19358 [2] NCCL INFO Connected all rings
c197-042:23821:23855 [2] NCCL INFO Connected all rings
c197-032:23772:23805 [2] NCCL INFO Connected all rings
c198-111:25861:25896 [2] NCCL INFO Connected all rings
c199-012:24259:24293 [2] NCCL INFO Connected all rings
c196-041:12941:12979 [2] NCCL INFO Connected all rings
c197-092:4140:4174 [2] NCCL INFO Connected all rings
c198-101:27881:27920 [2] NCCL INFO Connected all rings
c198-091:26880:26915 [2] NCCL INFO Connected all rings
c196-092:317:352 [2] NCCL INFO Connected all rings
c197-041:28483:28522 [2] NCCL INFO Connected all rings
c198-082:5916:5949 [2] NCCL INFO Connected all rings
c198-102:18954:18989 [2] NCCL INFO Connected all rings
c199-012:24258:24298 [1] NCCL INFO Channel 00 : 61[3000] -> 60[2000] via direct shared memory
c199-012:24258:24298 [1] NCCL INFO Channel 01 : 61[3000] -> 60[2000] via direct shared memory
c196-041:12940:12983 [1] NCCL INFO Channel 00 : 1[3000] -> 0[2000] via direct shared memory
c196-041:12940:12983 [1] NCCL INFO Channel 01 : 1[3000] -> 0[2000] via direct shared memory
c197-101:2542:2579 [2] NCCL INFO Connected all rings
c197-012:14916:14950 [3] NCCL INFO Connected all rings
c197-012:14916:14950 [3] NCCL INFO Channel 00 : 11[83000] -> 10[82000] via direct shared memory
c197-012:14916:14950 [3] NCCL INFO Channel 01 : 11[83000] -> 10[82000] via direct shared memory
c197-022:13305:13340 [3] NCCL INFO Connected all rings
c197-022:13305:13340 [3] NCCL INFO Channel 00 : 15[83000] -> 14[82000] via direct shared memory
c199-011:19326:19362 [3] NCCL INFO Connected all rings
c199-011:19326:19362 [3] NCCL INFO Channel 00 : 59[83000] -> 58[82000] via direct shared memory
c197-042:23822:23857 [3] NCCL INFO Connected all rings
c197-022:13305:13340 [3] NCCL INFO Channel 01 : 15[83000] -> 14[82000] via direct shared memory
c197-042:23822:23857 [3] NCCL INFO Channel 00 : 27[83000] -> 26[82000] via direct shared memory
c199-011:19326:19362 [3] NCCL INFO Channel 01 : 59[83000] -> 58[82000] via direct shared memory
c197-042:23822:23857 [3] NCCL INFO Channel 01 : 27[83000] -> 26[82000] via direct shared memory
c199-012:24260:24296 [3] NCCL INFO Connected all rings
c199-012:24260:24296 [3] NCCL INFO Channel 00 : 63[83000] -> 62[82000] via direct shared memory
c196-041:12942:12981 [3] NCCL INFO Connected all rings
c196-041:12942:12981 [3] NCCL INFO Channel 00 : 3[83000] -> 2[82000] via direct shared memory
c199-012:24260:24296 [3] NCCL INFO Channel 01 : 63[83000] -> 62[82000] via direct shared memory
c197-032:23773:23807 [3] NCCL INFO Connected all rings
c197-041:28484:28520 [3] NCCL INFO Connected all rings
c196-041:12942:12981 [3] NCCL INFO Channel 01 : 3[83000] -> 2[82000] via direct shared memory
c197-032:23773:23807 [3] NCCL INFO Channel 00 : 19[83000] -> 18[82000] via direct shared memory
c197-041:28484:28520 [3] NCCL INFO Channel 00 : 23[83000] -> 22[82000] via direct shared memory
c198-091:26881:26913 [3] NCCL INFO Connected all rings
c198-111:25862:25895 [3] NCCL INFO Connected all rings
c197-041:28484:28520 [3] NCCL INFO Channel 01 : 23[83000] -> 22[82000] via direct shared memory
c198-082:5917:5951 [3] NCCL INFO Connected all rings
c198-101:27882:27919 [3] NCCL INFO Connected all rings
c198-091:26881:26913 [3] NCCL INFO Channel 00 : 43[83000] -> 42[82000] via direct shared memory
c197-022:13302:13343 [0] NCCL INFO Connected all rings
c197-032:23773:23807 [3] NCCL INFO Channel 01 : 19[83000] -> 18[82000] via direct shared memory
c197-092:4141:4175 [3] NCCL INFO Connected all rings
c198-082:5917:5951 [3] NCCL INFO Channel 00 : 39[83000] -> 38[82000] via direct shared memory
c198-101:27882:27919 [3] NCCL INFO Channel 00 : 47[83000] -> 46[82000] via direct shared memory
c198-091:26881:26913 [3] NCCL INFO Channel 01 : 43[83000] -> 42[82000] via direct shared memory
c198-111:25862:25895 [3] NCCL INFO Channel 00 : 55[83000] -> 54[82000] via direct shared memory
c198-102:18955:18988 [3] NCCL INFO Connected all rings
c197-012:14915:14949 [2] NCCL INFO Channel 00 : 10[82000] -> 9[3000] via direct shared memory
c196-092:318:353 [3] NCCL INFO Connected all rings
c197-092:4141:4175 [3] NCCL INFO Channel 00 : 31[83000] -> 30[82000] via direct shared memory
c198-082:5917:5951 [3] NCCL INFO Channel 01 : 39[83000] -> 38[82000] via direct shared memory
c198-101:27882:27919 [3] NCCL INFO Channel 01 : 47[83000] -> 46[82000] via direct shared memory
c198-111:25862:25895 [3] NCCL INFO Channel 01 : 55[83000] -> 54[82000] via direct shared memory
c198-102:18955:18988 [3] NCCL INFO Channel 00 : 51[83000] -> 50[82000] via direct shared memory
c197-012:14915:14949 [2] NCCL INFO Channel 01 : 10[82000] -> 9[3000] via direct shared memory
c196-092:318:353 [3] NCCL INFO Channel 00 : 7[83000] -> 6[82000] via direct shared memory
c197-092:4141:4175 [3] NCCL INFO Channel 01 : 31[83000] -> 30[82000] via direct shared memory
c198-102:18955:18988 [3] NCCL INFO Channel 01 : 51[83000] -> 50[82000] via direct shared memory
c196-092:318:353 [3] NCCL INFO Channel 01 : 7[83000] -> 6[82000] via direct shared memory
c197-101:2543:2577 [3] NCCL INFO Connected all rings
c197-101:2543:2577 [3] NCCL INFO Channel 00 : 35[83000] -> 34[82000] via direct shared memory
c197-101:2543:2577 [3] NCCL INFO Channel 01 : 35[83000] -> 34[82000] via direct shared memory
c197-032:23770:23811 [0] NCCL INFO Connected all rings
c197-042:23819:23861 [0] NCCL INFO Connected all rings
c199-012:24257:24299 [0] NCCL INFO Connected all rings
c199-011:19323:19360 [0] NCCL INFO Connected all rings
c197-022:13304:13337 [2] NCCL INFO Channel 00 : 14[82000] -> 13[3000] via direct shared memory
c198-111:25859:25900 [0] NCCL INFO Connected all rings
c197-022:13304:13337 [2] NCCL INFO Channel 01 : 14[82000] -> 13[3000] via direct shared memory
c197-092:4138:4178 [0] NCCL INFO Connected all rings
c196-092:315:356 [0] NCCL INFO Connected all rings
c198-101:27879:27915 [0] NCCL INFO Connected all rings
c196-041:12939:12973 [0] NCCL INFO Connected all rings
c198-101:27881:27920 [2] NCCL INFO Channel 00 : 46[82000] -> 45[3000] via direct shared memory
c197-042:23821:23855 [2] NCCL INFO Channel 00 : 26[82000] -> 25[3000] via direct shared memory
c198-101:27881:27920 [2] NCCL INFO Channel 01 : 46[82000] -> 45[3000] via direct shared memory
c199-011:19325:19358 [2] NCCL INFO Channel 00 : 58[82000] -> 57[3000] via direct shared memory
c197-042:23821:23855 [2] NCCL INFO Channel 01 : 26[82000] -> 25[3000] via direct shared memory
c197-041:28481:28521 [0] NCCL INFO Connected all rings
c198-091:26878:26919 [0] NCCL INFO Connected all rings
c199-011:19325:19358 [2] NCCL INFO Channel 01 : 58[82000] -> 57[3000] via direct shared memory
c198-102:18952:18992 [0] NCCL INFO Connected all rings
c199-012:24259:24293 [2] NCCL INFO Channel 00 : 62[82000] -> 61[3000] via direct shared memory
c197-032:23772:23805 [2] NCCL INFO Channel 00 : 18[82000] -> 17[3000] via direct shared memory
c199-012:24259:24293 [2] NCCL INFO Channel 01 : 62[82000] -> 61[3000] via direct shared memory
c197-012:14913:14955 [0] NCCL INFO Connected all rings
c197-012:14916:14950 [3] NCCL INFO Connected all trees
c197-032:23772:23805 [2] NCCL INFO Channel 01 : 18[82000] -> 17[3000] via direct shared memory
c197-012:14916:14950 [3] NCCL INFO MSCCL_XML_FILES set by environment to /home1/09168/ldai1/ccl-build/msccl_tools_lyd/examples/xml/xml_lyd/binary_h_gpu01_reverse_p/allreduce_binary_tree_p_gpu01_16nodes_4gpus_channel2_chunk2.xml
c197-012:14916:14950 [3] NCCL INFO MSCCL: Parsing algorithm /home1/09168/ldai1/ccl-build/msccl_tools_lyd/examples/xml/xml_lyd/binary_h_gpu01_reverse_p/allreduce_binary_tree_p_gpu01_16nodes_4gpus_channel2_chunk2.xml
c198-082:5916:5949 [2] NCCL INFO Channel 00 : 38[82000] -> 37[3000] via direct shared memory
c198-111:25861:25896 [2] NCCL INFO Channel 00 : 54[82000] -> 53[3000] via direct shared memory
c198-082:5914:5954 [0] NCCL INFO Connected all rings
c198-082:5916:5949 [2] NCCL INFO Channel 01 : 38[82000] -> 37[3000] via direct shared memory
c198-111:25861:25896 [2] NCCL INFO Channel 01 : 54[82000] -> 53[3000] via direct shared memory
c197-092:4140:4174 [2] NCCL INFO Channel 00 : 30[82000] -> 29[3000] via direct shared memory
c196-041:12941:12979 [2] NCCL INFO Channel 00 : 2[82000] -> 1[3000] via direct shared memory
c197-041:28483:28522 [2] NCCL INFO Channel 00 : 22[82000] -> 21[3000] via direct shared memory
c197-092:4140:4174 [2] NCCL INFO Channel 01 : 30[82000] -> 29[3000] via direct shared memory
c197-041:28483:28522 [2] NCCL INFO Channel 01 : 22[82000] -> 21[3000] via direct shared memory
c196-041:12941:12979 [2] NCCL INFO Channel 01 : 2[82000] -> 1[3000] via direct shared memory
c196-092:317:352 [2] NCCL INFO Channel 00 : 6[82000] -> 5[3000] via direct shared memory
c196-092:317:352 [2] NCCL INFO Channel 01 : 6[82000] -> 5[3000] via direct shared memory
c197-022:13305:13340 [3] NCCL INFO Connected all trees
c197-022:13305:13340 [3] NCCL INFO MSCCL_XML_FILES set by environment to /home1/09168/ldai1/ccl-build/msccl_tools_lyd/examples/xml/xml_lyd/binary_h_gpu01_reverse_p/allreduce_binary_tree_p_gpu01_16nodes_4gpus_channel2_chunk2.xml
c197-022:13305:13340 [3] NCCL INFO MSCCL: Parsing algorithm /home1/09168/ldai1/ccl-build/msccl_tools_lyd/examples/xml/xml_lyd/binary_h_gpu01_reverse_p/allreduce_binary_tree_p_gpu01_16nodes_4gpus_channel2_chunk2.xml
c198-091:26880:26915 [2] NCCL INFO Channel 00 : 42[82000] -> 41[3000] via direct shared memory
c198-091:26880:26915 [2] NCCL INFO Channel 01 : 42[82000] -> 41[3000] via direct shared memory
c198-101:27882:27919 [3] NCCL INFO Connected all trees
c197-042:23822:23857 [3] NCCL INFO Connected all trees
c198-101:27882:27919 [3] NCCL INFO MSCCL_XML_FILES set by environment to /home1/09168/ldai1/ccl-build/msccl_tools_lyd/examples/xml/xml_lyd/binary_h_gpu01_reverse_p/allreduce_binary_tree_p_gpu01_16nodes_4gpus_channel2_chunk2.xml
c197-042:23822:23857 [3] NCCL INFO MSCCL_XML_FILES set by environment to /home1/09168/ldai1/ccl-build/msccl_tools_lyd/examples/xml/xml_lyd/binary_h_gpu01_reverse_p/allreduce_binary_tree_p_gpu01_16nodes_4gpus_channel2_chunk2.xml
c197-042:23822:23857 [3] NCCL INFO MSCCL: Parsing algorithm /home1/09168/ldai1/ccl-build/msccl_tools_lyd/examples/xml/xml_lyd/binary_h_gpu01_reverse_p/allreduce_binary_tree_p_gpu01_16nodes_4gpus_channel2_chunk2.xml
c198-101:27882:27919 [3] NCCL INFO MSCCL: Parsing algorithm /home1/09168/ldai1/ccl-build/msccl_tools_lyd/examples/xml/xml_lyd/binary_h_gpu01_reverse_p/allreduce_binary_tree_p_gpu01_16nodes_4gpus_channel2_chunk2.xml
c199-011:19326:19362 [3] NCCL INFO Connected all trees
c199-011:19326:19362 [3] NCCL INFO MSCCL_XML_FILES set by environment to /home1/09168/ldai1/ccl-build/msccl_tools_lyd/examples/xml/xml_lyd/binary_h_gpu01_reverse_p/allreduce_binary_tree_p_gpu01_16nodes_4gpus_channel2_chunk2.xml
c199-011:19326:19362 [3] NCCL INFO MSCCL: Parsing algorithm /home1/09168/ldai1/ccl-build/msccl_tools_lyd/examples/xml/xml_lyd/binary_h_gpu01_reverse_p/allreduce_binary_tree_p_gpu01_16nodes_4gpus_channel2_chunk2.xml
c197-032:23773:23807 [3] NCCL INFO Connected all trees
c197-032:23773:23807 [3] NCCL INFO MSCCL_XML_FILES set by environment to /home1/09168/ldai1/ccl-build/msccl_tools_lyd/examples/xml/xml_lyd/binary_h_gpu01_reverse_p/allreduce_binary_tree_p_gpu01_16nodes_4gpus_channel2_chunk2.xml
c197-032:23773:23807 [3] NCCL INFO MSCCL: Parsing algorithm /home1/09168/ldai1/ccl-build/msccl_tools_lyd/examples/xml/xml_lyd/binary_h_gpu01_reverse_p/allreduce_binary_tree_p_gpu01_16nodes_4gpus_channel2_chunk2.xml
c198-082:5917:5951 [3] NCCL INFO Connected all trees
c199-012:24260:24296 [3] NCCL INFO Connected all trees
c198-082:5917:5951 [3] NCCL INFO MSCCL_XML_FILES set by environment to /home1/09168/ldai1/ccl-build/msccl_tools_lyd/examples/xml/xml_lyd/binary_h_gpu01_reverse_p/allreduce_binary_tree_p_gpu01_16nodes_4gpus_channel2_chunk2.xml
c199-012:24260:24296 [3] NCCL INFO MSCCL_XML_FILES set by environment to /home1/09168/ldai1/ccl-build/msccl_tools_lyd/examples/xml/xml_lyd/binary_h_gpu01_reverse_p/allreduce_binary_tree_p_gpu01_16nodes_4gpus_channel2_chunk2.xml
c199-012:24260:24296 [3] NCCL INFO MSCCL: Parsing algorithm /home1/09168/ldai1/ccl-build/msccl_tools_lyd/examples/xml/xml_lyd/binary_h_gpu01_reverse_p/allreduce_binary_tree_p_gpu01_16nodes_4gpus_channel2_chunk2.xml
c198-082:5917:5951 [3] NCCL INFO MSCCL: Parsing algorithm /home1/09168/ldai1/ccl-build/msccl_tools_lyd/examples/xml/xml_lyd/binary_h_gpu01_reverse_p/allreduce_binary_tree_p_gpu01_16nodes_4gpus_channel2_chunk2.xml
c198-102:18954:18989 [2] NCCL INFO Channel 00 : 50[82000] -> 49[3000] via direct shared memory
c198-111:25862:25895 [3] NCCL INFO Connected all trees
c198-111:25862:25895 [3] NCCL INFO MSCCL_XML_FILES set by environment to /home1/09168/ldai1/ccl-build/msccl_tools_lyd/examples/xml/xml_lyd/binary_h_gpu01_reverse_p/allreduce_binary_tree_p_gpu01_16nodes_4gpus_channel2_chunk2.xml
c198-102:18954:18989 [2] NCCL INFO Channel 01 : 50[82000] -> 49[3000] via direct shared memory
c198-111:25862:25895 [3] NCCL INFO MSCCL: Parsing algorithm /home1/09168/ldai1/ccl-build/msccl_tools_lyd/examples/xml/xml_lyd/binary_h_gpu01_reverse_p/allreduce_binary_tree_p_gpu01_16nodes_4gpus_channel2_chunk2.xml
c197-092:4141:4175 [3] NCCL INFO Connected all trees
c197-092:4141:4175 [3] NCCL INFO MSCCL_XML_FILES set by environment to /home1/09168/ldai1/ccl-build/msccl_tools_lyd/examples/xml/xml_lyd/binary_h_gpu01_reverse_p/allreduce_binary_tree_p_gpu01_16nodes_4gpus_channel2_chunk2.xml
c197-092:4141:4175 [3] NCCL INFO MSCCL: Parsing algorithm /home1/09168/ldai1/ccl-build/msccl_tools_lyd/examples/xml/xml_lyd/binary_h_gpu01_reverse_p/allreduce_binary_tree_p_gpu01_16nodes_4gpus_channel2_chunk2.xml
c199-012:24259:24293 [2] NCCL INFO Connected all trees
c199-012:24259:24293 [2] NCCL INFO MSCCL_XML_FILES set by environment to /home1/09168/ldai1/ccl-build/msccl_tools_lyd/examples/xml/xml_lyd/binary_h_gpu01_reverse_p/allreduce_binary_tree_p_gpu01_16nodes_4gpus_channel2_chunk2.xml
c199-012:24259:24293 [2] NCCL INFO MSCCL: Parsing algorithm /home1/09168/ldai1/ccl-build/msccl_tools_lyd/examples/xml/xml_lyd/binary_h_gpu01_reverse_p/allreduce_binary_tree_p_gpu01_16nodes_4gpus_channel2_chunk2.xml
c197-041:28484:28520 [3] NCCL INFO Connected all trees
c197-041:28484:28520 [3] NCCL INFO MSCCL_XML_FILES set by environment to /home1/09168/ldai1/ccl-build/msccl_tools_lyd/examples/xml/xml_lyd/binary_h_gpu01_reverse_p/allreduce_binary_tree_p_gpu01_16nodes_4gpus_channel2_chunk2.xml
c197-041:28484:28520 [3] NCCL INFO MSCCL: Parsing algorithm /home1/09168/ldai1/ccl-build/msccl_tools_lyd/examples/xml/xml_lyd/binary_h_gpu01_reverse_p/allreduce_binary_tree_p_gpu01_16nodes_4gpus_channel2_chunk2.xml
c197-101:2540:2583 [0] NCCL INFO Connected all rings
c196-041:12942:12981 [3] NCCL INFO Connected all trees
c196-041:12942:12981 [3] NCCL INFO MSCCL_XML_FILES set by environment to /home1/09168/ldai1/ccl-build/msccl_tools_lyd/examples/xml/xml_lyd/binary_h_gpu01_reverse_p/allreduce_binary_tree_p_gpu01_16nodes_4gpus_channel2_chunk2.xml
c196-041:12942:12981 [3] NCCL INFO MSCCL: Parsing algorithm /home1/09168/ldai1/ccl-build/msccl_tools_lyd/examples/xml/xml_lyd/binary_h_gpu01_reverse_p/allreduce_binary_tree_p_gpu01_16nodes_4gpus_channel2_chunk2.xml
c196-092:318:353 [3] NCCL INFO Connected all trees
c197-101:2542:2579 [2] NCCL INFO Channel 00 : 34[82000] -> 33[3000] via direct shared memory
c196-041:12941:12979 [2] NCCL INFO Connected all trees
c196-041:12941:12979 [2] NCCL INFO MSCCL_XML_FILES set by environment to /home1/09168/ldai1/ccl-build/msccl_tools_lyd/examples/xml/xml_lyd/binary_h_gpu01_reverse_p/allreduce_binary_tree_p_gpu01_16nodes_4gpus_channel2_chunk2.xml
c196-041:12941:12979 [2] NCCL INFO MSCCL: Parsing algorithm /home1/09168/ldai1/ccl-build/msccl_tools_lyd/examples/xml/xml_lyd/binary_h_gpu01_reverse_p/allreduce_binary_tree_p_gpu01_16nodes_4gpus_channel2_chunk2.xml
c196-092:318:353 [3] NCCL INFO MSCCL_XML_FILES set by environment to /home1/09168/ldai1/ccl-build/msccl_tools_lyd/examples/xml/xml_lyd/binary_h_gpu01_reverse_p/allreduce_binary_tree_p_gpu01_16nodes_4gpus_channel2_chunk2.xml
c197-101:2542:2579 [2] NCCL INFO Channel 01 : 34[82000] -> 33[3000] via direct shared memory
c196-092:318:353 [3] NCCL INFO MSCCL: Parsing algorithm /home1/09168/ldai1/ccl-build/msccl_tools_lyd/examples/xml/xml_lyd/binary_h_gpu01_reverse_p/allreduce_binary_tree_p_gpu01_16nodes_4gpus_channel2_chunk2.xml
c198-091:26881:26913 [3] NCCL INFO Connected all trees
c198-091:26881:26913 [3] NCCL INFO MSCCL_XML_FILES set by environment to /home1/09168/ldai1/ccl-build/msccl_tools_lyd/examples/xml/xml_lyd/binary_h_gpu01_reverse_p/allreduce_binary_tree_p_gpu01_16nodes_4gpus_channel2_chunk2.xml
c198-091:26881:26913 [3] NCCL INFO MSCCL: Parsing algorithm /home1/09168/ldai1/ccl-build/msccl_tools_lyd/examples/xml/xml_lyd/binary_h_gpu01_reverse_p/allreduce_binary_tree_p_gpu01_16nodes_4gpus_channel2_chunk2.xml
c198-102:18955:18988 [3] NCCL INFO Connected all trees
c198-102:18955:18988 [3] NCCL INFO MSCCL_XML_FILES set by environment to /home1/09168/ldai1/ccl-build/msccl_tools_lyd/examples/xml/xml_lyd/binary_h_gpu01_reverse_p/allreduce_binary_tree_p_gpu01_16nodes_4gpus_channel2_chunk2.xml
c198-102:18955:18988 [3] NCCL INFO MSCCL: Parsing algorithm /home1/09168/ldai1/ccl-build/msccl_tools_lyd/examples/xml/xml_lyd/binary_h_gpu01_reverse_p/allreduce_binary_tree_p_gpu01_16nodes_4gpus_channel2_chunk2.xml
c197-101:2543:2577 [3] NCCL INFO Connected all trees
c197-101:2543:2577 [3] NCCL INFO MSCCL_XML_FILES set by environment to /home1/09168/ldai1/ccl-build/msccl_tools_lyd/examples/xml/xml_lyd/binary_h_gpu01_reverse_p/allreduce_binary_tree_p_gpu01_16nodes_4gpus_channel2_chunk2.xml
c197-101:2543:2577 [3] NCCL INFO MSCCL: Parsing algorithm /home1/09168/ldai1/ccl-build/msccl_tools_lyd/examples/xml/xml_lyd/binary_h_gpu01_reverse_p/allreduce_binary_tree_p_gpu01_16nodes_4gpus_channel2_chunk2.xml
c197-092:4141:4175 [3] NCCL INFO Parsed MSCCL Algorithm /home1/09168/ldai1/ccl-build/msccl_tools_lyd/examples/xml/xml_lyd/binary_h_gpu01_reverse_p/allreduce_binary_tree_p_gpu01_16nodes_4gpus_channel2_chunk2.xml successfully.
c199-012:24259:24293 [2] NCCL INFO Parsed MSCCL Algorithm /home1/09168/ldai1/ccl-build/msccl_tools_lyd/examples/xml/xml_lyd/binary_h_gpu01_reverse_p/allreduce_binary_tree_p_gpu01_16nodes_4gpus_channel2_chunk2.xml successfully.
c197-092:4141:4175 [3] NCCL INFO Connected 1 MSCCL algorithms
c198-101:27882:27919 [3] NCCL INFO Parsed MSCCL Algorithm /home1/09168/ldai1/ccl-build/msccl_tools_lyd/examples/xml/xml_lyd/binary_h_gpu01_reverse_p/allreduce_binary_tree_p_gpu01_16nodes_4gpus_channel2_chunk2.xml successfully.
c199-012:24259:24293 [2] NCCL INFO Connected 1 MSCCL algorithms
c198-102:18955:18988 [3] NCCL INFO Parsed MSCCL Algorithm /home1/09168/ldai1/ccl-build/msccl_tools_lyd/examples/xml/xml_lyd/binary_h_gpu01_reverse_p/allreduce_binary_tree_p_gpu01_16nodes_4gpus_channel2_chunk2.xml successfully.
c196-041:12942:12981 [3] NCCL INFO Parsed MSCCL Algorithm /home1/09168/ldai1/ccl-build/msccl_tools_lyd/examples/xml/xml_lyd/binary_h_gpu01_reverse_p/allreduce_binary_tree_p_gpu01_16nodes_4gpus_channel2_chunk2.xml successfully.
c197-012:14916:14950 [3] NCCL INFO Parsed MSCCL Algorithm /home1/09168/ldai1/ccl-build/msccl_tools_lyd/examples/xml/xml_lyd/binary_h_gpu01_reverse_p/allreduce_binary_tree_p_gpu01_16nodes_4gpus_channel2_chunk2.xml successfully.
c197-042:23822:23857 [3] NCCL INFO Parsed MSCCL Algorithm /home1/09168/ldai1/ccl-build/msccl_tools_lyd/examples/xml/xml_lyd/binary_h_gpu01_reverse_p/allreduce_binary_tree_p_gpu01_16nodes_4gpus_channel2_chunk2.xml successfully.
c196-092:318:353 [3] NCCL INFO Parsed MSCCL Algorithm /home1/09168/ldai1/ccl-build/msccl_tools_lyd/examples/xml/xml_lyd/binary_h_gpu01_reverse_p/allreduce_binary_tree_p_gpu01_16nodes_4gpus_channel2_chunk2.xml successfully.
c197-022:13305:13340 [3] NCCL INFO Parsed MSCCL Algorithm /home1/09168/ldai1/ccl-build/msccl_tools_lyd/examples/xml/xml_lyd/binary_h_gpu01_reverse_p/allreduce_binary_tree_p_gpu01_16nodes_4gpus_channel2_chunk2.xml successfully.
c197-041:28484:28520 [3] NCCL INFO Parsed MSCCL Algorithm /home1/09168/ldai1/ccl-build/msccl_tools_lyd/examples/xml/xml_lyd/binary_h_gpu01_reverse_p/allreduce_binary_tree_p_gpu01_16nodes_4gpus_channel2_chunk2.xml successfully.
c197-092:4141:4175 [3] NCCL INFO NCCL_NTHREADS set by environment to 64.
c198-101:27882:27919 [3] NCCL INFO Connected 1 MSCCL algorithms
c198-091:26881:26913 [3] NCCL INFO Parsed MSCCL Algorithm /home1/09168/ldai1/ccl-build/msccl_tools_lyd/examples/xml/xml_lyd/binary_h_gpu01_reverse_p/allreduce_binary_tree_p_gpu01_16nodes_4gpus_channel2_chunk2.xml successfully.
c199-012:24259:24293 [2] NCCL INFO NCCL_NTHREADS set by environment to 64.
c198-111:25862:25895 [3] NCCL INFO Parsed MSCCL Algorithm /home1/09168/ldai1/ccl-build/msccl_tools_lyd/examples/xml/xml_lyd/binary_h_gpu01_reverse_p/allreduce_binary_tree_p_gpu01_16nodes_4gpus_channel2_chunk2.xml successfully.
c199-011:19326:19362 [3] NCCL INFO Parsed MSCCL Algorithm /home1/09168/ldai1/ccl-build/msccl_tools_lyd/examples/xml/xml_lyd/binary_h_gpu01_reverse_p/allreduce_binary_tree_p_gpu01_16nodes_4gpus_channel2_chunk2.xml successfully.
c197-012:14916:14950 [3] NCCL INFO Channel 00/0 : 12[2000] -> 11[83000] [receive] via NET/IB/0
c197-042:23822:23857 [3] NCCL INFO Channel 00/0 : 28[2000] -> 27[83000] [receive] via NET/IB/0
c197-022:13305:13340 [3] NCCL INFO Connected 1 MSCCL algorithms
c197-032:23773:23807 [3] NCCL INFO Parsed MSCCL Algorithm /home1/09168/ldai1/ccl-build/msccl_tools_lyd/examples/xml/xml_lyd/binary_h_gpu01_reverse_p/allreduce_binary_tree_p_gpu01_16nodes_4gpus_channel2_chunk2.xml successfully.
c197-092:4141:4175 [3] NCCL INFO NCCL_PROTO set by environment to Simple
c197-092:4141:4175 [3] NCCL INFO NCCL_ALGO set by environment to MSCCL,TREE,RING
c198-101:27882:27919 [3] NCCL INFO NCCL_NTHREADS set by environment to 64.
c199-012:24259:24293 [2] NCCL INFO NCCL_PROTO set by environment to Simple
c199-012:24259:24293 [2] NCCL INFO NCCL_ALGO set by environment to MSCCL,TREE,RING
c199-011:19326:19362 [3] NCCL INFO Channel 00/0 : 60[2000] -> 59[83000] [receive] via NET/IB/0
c197-022:13305:13340 [3] NCCL INFO NCCL_NTHREADS set by environment to 64.
c197-092:4141:4175 [3] NCCL INFO threadThresholds 8/8/64 | 512/8/64 | 8/8/64 | 8/8/512
c198-101:27882:27919 [3] NCCL INFO NCCL_PROTO set by environment to Simple
c198-101:27882:27919 [3] NCCL INFO NCCL_ALGO set by environment to MSCCL,TREE,RING
c199-012:24259:24293 [2] NCCL INFO threadThresholds 8/8/64 | 512/8/64 | 8/8/64 | 8/8/512
c196-041:12941:12979 [2] NCCL INFO Parsed MSCCL Algorithm /home1/09168/ldai1/ccl-build/msccl_tools_lyd/examples/xml/xml_lyd/binary_h_gpu01_reverse_p/allreduce_binary_tree_p_gpu01_16nodes_4gpus_channel2_chunk2.xml successfully.
c197-022:13305:13340 [3] NCCL INFO NCCL_PROTO set by environment to Simple
c197-092:4141:4175 [3] NCCL INFO 2 coll channels, 2 p2p channels, 2 p2p channels per peer
c198-101:27882:27919 [3] NCCL INFO threadThresholds 8/8/64 | 512/8/64 | 8/8/64 | 8/8/512
c199-012:24259:24293 [2] NCCL INFO 2 coll channels, 2 p2p channels, 2 p2p channels per peer
c196-041:12941:12979 [2] NCCL INFO Connected 1 MSCCL algorithms
c197-022:13305:13340 [3] NCCL INFO NCCL_ALGO set by environment to MSCCL,TREE,RING
c197-101:2543:2577 [3] NCCL INFO Parsed MSCCL Algorithm /home1/09168/ldai1/ccl-build/msccl_tools_lyd/examples/xml/xml_lyd/binary_h_gpu01_reverse_p/allreduce_binary_tree_p_gpu01_16nodes_4gpus_channel2_chunk2.xml successfully.
c198-101:27882:27919 [3] NCCL INFO 2 coll channels, 2 p2p channels, 2 p2p channels per peer
c199-012:24260:24296 [3] NCCL INFO Parsed MSCCL Algorithm /home1/09168/ldai1/ccl-build/msccl_tools_lyd/examples/xml/xml_lyd/binary_h_gpu01_reverse_p/allreduce_binary_tree_p_gpu01_16nodes_4gpus_channel2_chunk2.xml successfully.
c196-041:12941:12979 [2] NCCL INFO NCCL_NTHREADS set by environment to 64.
c196-041:12941:12979 [2] NCCL INFO NCCL_PROTO set by environment to Simple
c197-022:13305:13340 [3] NCCL INFO threadThresholds 8/8/64 | 512/8/64 | 8/8/64 | 8/8/512
c198-082:5917:5951 [3] NCCL INFO Parsed MSCCL Algorithm /home1/09168/ldai1/ccl-build/msccl_tools_lyd/examples/xml/xml_lyd/binary_h_gpu01_reverse_p/allreduce_binary_tree_p_gpu01_16nodes_4gpus_channel2_chunk2.xml successfully.
c199-012:24260:24296 [3] NCCL INFO Connected 1 MSCCL algorithms
c196-041:12941:12979 [2] NCCL INFO NCCL_ALGO set by environment to MSCCL,TREE,RING
c196-041:12941:12979 [2] NCCL INFO threadThresholds 8/8/64 | 512/8/64 | 8/8/64 | 8/8/512
c197-022:13305:13340 [3] NCCL INFO 2 coll channels, 2 p2p channels, 2 p2p channels per peer
c199-012:24260:24296 [3] NCCL INFO NCCL_NTHREADS set by environment to 64.
c196-041:12941:12979 [2] NCCL INFO 2 coll channels, 2 p2p channels, 2 p2p channels per peer
c199-012:24260:24296 [3] NCCL INFO NCCL_PROTO set by environment to Simple
c199-012:24260:24296 [3] NCCL INFO NCCL_ALGO set by environment to MSCCL,TREE,RING
c199-012:24260:24296 [3] NCCL INFO threadThresholds 8/8/64 | 512/8/64 | 8/8/64 | 8/8/512
c199-012:24260:24296 [3] NCCL INFO 2 coll channels, 2 p2p channels, 2 p2p channels per peer
c197-022:13302:13343 [0] NCCL INFO Channel 00/0 : 8[2000] -> 12[2000] [receive] via NET/IB/0
c197-032:23770:23811 [0] NCCL INFO Channel 01/0 : 16[2000] -> 20[2000] [send] via NET/IB/0
c199-011:19323:19360 [0] NCCL INFO Channel 01/0 : 53[3000] -> 56[2000] [receive] via NET/IB/0
c197-042:23819:23861 [0] NCCL INFO Channel 01/0 : 21[3000] -> 24[2000] [receive] via NET/IB/0
c199-012:24257:24299 [0] NCCL INFO Channel 00/0 : 56[2000] -> 60[2000] [receive] via NET/IB/0
c196-041:12939:12973 [0] NCCL INFO Channel 01/0 : 0[2000] -> 4[2000] [send] via NET/IB/0
c198-111:25859:25900 [0] NCCL INFO Channel 01/0 : 48[2000] -> 52[2000] [receive] via NET/IB/0
c197-092:4138:4178 [0] NCCL INFO Channel 00/0 : 24[2000] -> 28[2000] [receive] via NET/IB/0
c198-101:27879:27915 [0] NCCL INFO Channel 00/0 : 40[2000] -> 44[2000] [receive] via NET/IB/0
c198-102:18952:18992 [0] NCCL INFO Channel 01/0 : 48[2000] -> 52[2000] [send] via NET/IB/0
c196-092:315:356 [0] NCCL INFO Channel 01/0 : 0[2000] -> 4[2000] [receive] via NET/IB/0
c197-012:14913:14955 [0] NCCL INFO Channel 01/0 : 5[3000] -> 8[2000] [receive] via NET/IB/0
c198-091:26878:26919 [0] NCCL INFO Channel 01/0 : 37[3000] -> 40[2000] [receive] via NET/IB/0
c197-041:28481:28521 [0] NCCL INFO Channel 01/0 : 16[2000] -> 20[2000] [receive] via NET/IB/0
c198-082:5914:5954 [0] NCCL INFO Channel 01/0 : 32[2000] -> 36[2000] [receive] via NET/IB/0
c197-101:2540:2583 [0] NCCL INFO Channel 01/0 : 32[2000] -> 36[2000] [send] via NET/IB/0
c198-091:26881:26913 [3] NCCL INFO Channel 00/0 : 44[2000] -> 43[83000] [receive] via NET/IB/0
c198-111:25862:25895 [3] NCCL INFO Channel 00/0 : 56[2000] -> 55[83000] [receive] via NET/IB/0
c197-041:28484:28520 [3] NCCL INFO Channel 00/0 : 24[2000] -> 23[83000] [receive] via NET/IB/0
c198-102:18955:18988 [3] NCCL INFO Channel 00/0 : 52[2000] -> 51[83000] [receive] via NET/IB/0
c199-011:19326:19362 [3] NCCL INFO Channel 01/0 : 60[2000] -> 59[83000] [receive] via NET/IB/0
c196-092:318:353 [3] NCCL INFO Channel 00/0 : 8[2000] -> 7[83000] [receive] via NET/IB/0
c197-042:23822:23857 [3] NCCL INFO Channel 01/0 : 28[2000] -> 27[83000] [receive] via NET/IB/0
c197-012:14916:14950 [3] NCCL INFO Channel 01/0 : 12[2000] -> 11[83000] [receive] via NET/IB/0
c196-041:12942:12981 [3] NCCL INFO Channel 00/0 : 4[2000] -> 3[83000] [receive] via NET/IB/0
c197-032:23773:23807 [3] NCCL INFO Channel 00/0 : 20[2000] -> 19[83000] [receive] via NET/IB/0
c197-101:2543:2577 [3] NCCL INFO Channel 00/0 : 36[2000] -> 35[83000] [receive] via NET/IB/0
c198-082:5917:5951 [3] NCCL INFO Channel 00/0 : 40[2000] -> 39[83000] [receive] via NET/IB/0
c196-041:12939:12973 [0] NCCL INFO Channel 00/0 : 32[2000] -> 0[2000] [receive] via NET/IB/0
c198-111:25860:25899 [1] NCCL INFO Channel 01/0 : 56[2000] -> 53[3000] [receive] via NET/IB/0
c197-041:28482:28516 [1] NCCL INFO Channel 01/0 : 24[2000] -> 21[3000] [receive] via NET/IB/0
c199-011:19323:19360 [0] NCCL INFO Channel 00/0 : 56[2000] -> 60[2000] [send] via NET/IB/0
c197-042:23819:23861 [0] NCCL INFO Channel 00/0 : 24[2000] -> 28[2000] [send] via NET/IB/0
c198-111:25859:25900 [0] NCCL INFO Channel 00/0 : 52[2000] -> 57[3000] [send] via NET/IB/0
c196-092:316:357 [1] NCCL INFO Channel 01/0 : 8[2000] -> 5[3000] [receive] via NET/IB/0
c197-012:14913:14955 [0] NCCL INFO Channel 00/0 : 8[2000] -> 12[2000] [send] via NET/IB/0
c198-091:26878:26919 [0] NCCL INFO Channel 00/0 : 40[2000] -> 44[2000] [send] via NET/IB/0
c197-041:28481:28521 [0] NCCL INFO Channel 00/0 : 20[2000] -> 25[3000] [send] via NET/IB/0
c196-092:315:356 [0] NCCL INFO Channel 00/0 : 4[2000] -> 9[3000] [send] via NET/IB/0
c197-032:23770:23811 [0] NCCL INFO Channel 00/0 : 16[2000] -> 24[2000] [send] via NET/IB/0
c198-102:18952:18992 [0] NCCL INFO Channel 00/0 : 48[2000] -> 56[2000] [send] via NET/IB/0
c197-101:2540:2583 [0] NCCL INFO Channel 00/0 : 32[2000] -> 48[2000] [send] via NET/IB/0
c198-082:5914:5954 [0] NCCL INFO Channel 00/0 : 36[2000] -> 41[3000] [send] via NET/IB/0
c198-082:5915:5955 [1] NCCL INFO Channel 01/0 : 40[2000] -> 37[3000] [receive] via NET/IB/0
c198-091:26881:26913 [3] NCCL INFO Channel 01/0 : 44[2000] -> 43[83000] [receive] via NET/IB/0
c198-111:25862:25895 [3] NCCL INFO Channel 01/0 : 56[2000] -> 55[83000] [receive] via NET/IB/0
c197-041:28484:28520 [3] NCCL INFO Channel 01/0 : 24[2000] -> 23[83000] [receive] via NET/IB/0
c198-102:18955:18988 [3] NCCL INFO Channel 01/0 : 52[2000] -> 51[83000] [receive] via NET/IB/0
c196-092:318:353 [3] NCCL INFO Channel 01/0 : 8[2000] -> 7[83000] [receive] via NET/IB/0
c196-041:12942:12981 [3] NCCL INFO Channel 01/0 : 4[2000] -> 3[83000] [receive] via NET/IB/0
c197-032:23773:23807 [3] NCCL INFO Channel 01/0 : 20[2000] -> 19[83000] [receive] via NET/IB/0
c197-101:2543:2577 [3] NCCL INFO Channel 01/0 : 36[2000] -> 35[83000] [receive] via NET/IB/0
c198-082:5917:5951 [3] NCCL INFO Channel 01/0 : 40[2000] -> 39[83000] [receive] via NET/IB/0
c196-041:12939:12973 [0] NCCL INFO Channel 00/0 : 0[2000] -> 32[2000] [send] via NET/IB/0
c199-011:19323:19360 [0] NCCL INFO Channel 00/0 : 48[2000] -> 56[2000] [receive] via NET/IB/0
c198-111:25859:25900 [0] NCCL INFO Channel 01/0 : 45[3000] -> 52[2000] [receive] via NET/IB/0
c198-091:26878:26919 [0] NCCL INFO Channel 00/0 : 40[2000] -> 49[3000] [send] via NET/IB/0
c197-092:4138:4178 [0] NCCL INFO Channel 01/0 : 12[2000] -> 28[2000] [receive] via NET/IB/0
c198-101:27879:27915 [0] NCCL INFO Channel 01/0 : 36[2000] -> 44[2000] [receive] via NET/IB/0
c199-011:19324:19364 [1] NCCL INFO Channel 00/0 : 57[3000] -> 52[2000] [send] via NET/IB/0
c196-092:315:356 [0] NCCL INFO Channel 01/0 : 4[2000] -> 12[2000] [send] via NET/IB/0
c197-022:13302:13343 [0] NCCL INFO Channel 01/0 : 4[2000] -> 12[2000] [receive] via NET/IB/0
c197-012:14913:14955 [0] NCCL INFO Channel 00/0 : 8[2000] -> 17[3000] [send] via NET/IB/0
c197-042:23820:23860 [1] NCCL INFO Channel 00/0 : 25[3000] -> 20[2000] [send] via NET/IB/0
c197-012:14914:14954 [1] NCCL INFO Channel 00/0 : 9[3000] -> 4[2000] [send] via NET/IB/0
c197-042:23819:23861 [0] NCCL INFO Channel 00/0 : 16[2000] -> 24[2000] [receive] via NET/IB/0
c199-012:24257:24299 [0] NCCL INFO Channel 01/0 : 28[2000] -> 60[2000] [receive] via NET/IB/0
c198-082:5914:5954 [0] NCCL INFO Channel 01/0 : 36[2000] -> 44[2000] [send] via NET/IB/0
c198-091:26879:26917 [1] NCCL INFO Channel 00/0 : 41[3000] -> 36[2000] [send] via NET/IB/0
c197-041:28481:28521 [0] NCCL INFO Channel 01/0 : 13[3000] -> 20[2000] [receive] via NET/IB/0
c199-012:24257:24299 [0] NCCL INFO Channel 01/0 : 60[2000] -> 28[2000] [send] via NET/IB/0
c198-101:27880:27916 [1] NCCL INFO Channel 01/0 : 52[2000] -> 45[3000] [receive] via NET/IB/0
c198-102:18952:18992 [0] NCCL INFO Channel 00/0 : 32[2000] -> 48[2000] [receive] via NET/IB/0
c199-011:19323:19360 [0] NCCL INFO Channel 00/0 : 56[2000] -> 48[2000] [send] via NET/IB/0
c198-091:26878:26919 [0] NCCL INFO Channel 00/0 : 49[3000] -> 40[2000] [receive] via NET/IB/0
c198-111:25859:25900 [0] NCCL INFO Channel 01/0 : 52[2000] -> 45[3000] [send] via NET/IB/0
c196-092:315:356 [0] NCCL INFO Channel 01/0 : 12[2000] -> 4[2000] [receive] via NET/IB/0
c198-102:18953:18993 [1] NCCL INFO Channel 00/0 : 49[3000] -> 40[2000] [send] via NET/IB/0
c197-022:13302:13343 [0] NCCL INFO Channel 01/0 : 12[2000] -> 28[2000] [send] via NET/IB/0
c197-032:23771:23810 [1] NCCL INFO Channel 00/0 : 17[3000] -> 8[2000] [send] via NET/IB/0
c197-012:14913:14955 [0] NCCL INFO Channel 00/0 : 17[3000] -> 8[2000] [receive] via NET/IB/0
c197-032:23770:23811 [0] NCCL INFO Channel 00/0 : 16[2000] -> 33[3000] [send] via NET/IB/0
c198-082:5914:5954 [0] NCCL INFO Channel 01/0 : 44[2000] -> 36[2000] [receive] via NET/IB/0
c197-022:13303:13341 [1] NCCL INFO Channel 01/0 : 20[2000] -> 13[3000] [receive] via NET/IB/0
c197-042:23819:23861 [0] NCCL INFO Channel 00/0 : 24[2000] -> 16[2000] [send] via NET/IB/0
c198-101:27879:27915 [0] NCCL INFO Channel 01/0 : 29[3000] -> 44[2000] [receive] via NET/IB/0
c197-041:28481:28521 [0] NCCL INFO Channel 01/0 : 20[2000] -> 13[3000] [send] via NET/IB/0
c198-101:27880:27916 [1] NCCL INFO Channel 00 : 45[3000] -> 44[2000] via direct shared memory
c198-102:18953:18993 [1] NCCL INFO Channel 00 : 49[3000] -> 48[2000] via direct shared memory
c198-101:27880:27916 [1] NCCL INFO Channel 01 : 45[3000] -> 44[2000] via direct shared memory
c198-102:18953:18993 [1] NCCL INFO Channel 01 : 49[3000] -> 48[2000] via direct shared memory
c197-032:23771:23810 [1] NCCL INFO Channel 00 : 17[3000] -> 16[2000] via direct shared memory
c197-032:23771:23810 [1] NCCL INFO Channel 01 : 17[3000] -> 16[2000] via direct shared memory
c198-101:27881:27920 [2] NCCL INFO Connected all trees
c198-101:27881:27920 [2] NCCL INFO MSCCL_XML_FILES set by environment to /home1/09168/ldai1/ccl-build/msccl_tools_lyd/examples/xml/xml_lyd/binary_h_gpu01_reverse_p/allreduce_binary_tree_p_gpu01_16nodes_4gpus_channel2_chunk2.xml
c198-101:27881:27920 [2] NCCL INFO MSCCL: Parsing algorithm /home1/09168/ldai1/ccl-build/msccl_tools_lyd/examples/xml/xml_lyd/binary_h_gpu01_reverse_p/allreduce_binary_tree_p_gpu01_16nodes_4gpus_channel2_chunk2.xml
c198-102:18954:18989 [2] NCCL INFO Connected all trees
c198-102:18954:18989 [2] NCCL INFO MSCCL_XML_FILES set by environment to /home1/09168/ldai1/ccl-build/msccl_tools_lyd/examples/xml/xml_lyd/binary_h_gpu01_reverse_p/allreduce_binary_tree_p_gpu01_16nodes_4gpus_channel2_chunk2.xml
c198-102:18954:18989 [2] NCCL INFO MSCCL: Parsing algorithm /home1/09168/ldai1/ccl-build/msccl_tools_lyd/examples/xml/xml_lyd/binary_h_gpu01_reverse_p/allreduce_binary_tree_p_gpu01_16nodes_4gpus_channel2_chunk2.xml
c197-032:23772:23805 [2] NCCL INFO Connected all trees
c197-032:23772:23805 [2] NCCL INFO MSCCL_XML_FILES set by environment to /home1/09168/ldai1/ccl-build/msccl_tools_lyd/examples/xml/xml_lyd/binary_h_gpu01_reverse_p/allreduce_binary_tree_p_gpu01_16nodes_4gpus_channel2_chunk2.xml
c197-032:23772:23805 [2] NCCL INFO MSCCL: Parsing algorithm /home1/09168/ldai1/ccl-build/msccl_tools_lyd/examples/xml/xml_lyd/binary_h_gpu01_reverse_p/allreduce_binary_tree_p_gpu01_16nodes_4gpus_channel2_chunk2.xml
c198-101:27881:27920 [2] NCCL INFO Parsed MSCCL Algorithm /home1/09168/ldai1/ccl-build/msccl_tools_lyd/examples/xml/xml_lyd/binary_h_gpu01_reverse_p/allreduce_binary_tree_p_gpu01_16nodes_4gpus_channel2_chunk2.xml successfully.
c198-101:27881:27920 [2] NCCL INFO Connected 1 MSCCL algorithms
c198-101:27881:27920 [2] NCCL INFO NCCL_NTHREADS set by environment to 64.
c198-101:27881:27920 [2] NCCL INFO NCCL_PROTO set by environment to Simple
c198-102:18954:18989 [2] NCCL INFO Parsed MSCCL Algorithm /home1/09168/ldai1/ccl-build/msccl_tools_lyd/examples/xml/xml_lyd/binary_h_gpu01_reverse_p/allreduce_binary_tree_p_gpu01_16nodes_4gpus_channel2_chunk2.xml successfully.
c198-101:27881:27920 [2] NCCL INFO NCCL_ALGO set by environment to MSCCL,TREE,RING
c198-102:18954:18989 [2] NCCL INFO Connected 1 MSCCL algorithms
c198-101:27881:27920 [2] NCCL INFO threadThresholds 8/8/64 | 512/8/64 | 8/8/64 | 8/8/512
c198-102:18954:18989 [2] NCCL INFO NCCL_NTHREADS set by environment to 64.
c198-101:27881:27920 [2] NCCL INFO 2 coll channels, 2 p2p channels, 2 p2p channels per peer
c198-102:18954:18989 [2] NCCL INFO NCCL_PROTO set by environment to Simple
c198-102:18954:18989 [2] NCCL INFO NCCL_ALGO set by environment to MSCCL,TREE,RING
c198-102:18954:18989 [2] NCCL INFO threadThresholds 8/8/64 | 512/8/64 | 8/8/64 | 8/8/512
c198-102:18954:18989 [2] NCCL INFO 2 coll channels, 2 p2p channels, 2 p2p channels per peer
c197-022:13303:13341 [1] NCCL INFO Channel 00 : 13[3000] -> 12[2000] via direct shared memory
c197-022:13303:13341 [1] NCCL INFO Channel 01 : 13[3000] -> 12[2000] via direct shared memory
c197-032:23772:23805 [2] NCCL INFO Parsed MSCCL Algorithm /home1/09168/ldai1/ccl-build/msccl_tools_lyd/examples/xml/xml_lyd/binary_h_gpu01_reverse_p/allreduce_binary_tree_p_gpu01_16nodes_4gpus_channel2_chunk2.xml successfully.
c197-032:23772:23805 [2] NCCL INFO Connected 1 MSCCL algorithms
c197-032:23772:23805 [2] NCCL INFO NCCL_NTHREADS set by environment to 64.
c197-032:23772:23805 [2] NCCL INFO NCCL_PROTO set by environment to Simple
c197-032:23772:23805 [2] NCCL INFO NCCL_ALGO set by environment to MSCCL,TREE,RING
c197-032:23772:23805 [2] NCCL INFO threadThresholds 8/8/64 | 512/8/64 | 8/8/64 | 8/8/512
c197-032:23772:23805 [2] NCCL INFO 2 coll channels, 2 p2p channels, 2 p2p channels per peer
c197-022:13304:13337 [2] NCCL INFO Connected all trees
c197-022:13304:13337 [2] NCCL INFO MSCCL_XML_FILES set by environment to /home1/09168/ldai1/ccl-build/msccl_tools_lyd/examples/xml/xml_lyd/binary_h_gpu01_reverse_p/allreduce_binary_tree_p_gpu01_16nodes_4gpus_channel2_chunk2.xml
c197-022:13304:13337 [2] NCCL INFO MSCCL: Parsing algorithm /home1/09168/ldai1/ccl-build/msccl_tools_lyd/examples/xml/xml_lyd/binary_h_gpu01_reverse_p/allreduce_binary_tree_p_gpu01_16nodes_4gpus_channel2_chunk2.xml
c197-022:13304:13337 [2] NCCL INFO Parsed MSCCL Algorithm /home1/09168/ldai1/ccl-build/msccl_tools_lyd/examples/xml/xml_lyd/binary_h_gpu01_reverse_p/allreduce_binary_tree_p_gpu01_16nodes_4gpus_channel2_chunk2.xml successfully.
c197-022:13304:13337 [2] NCCL INFO Connected 1 MSCCL algorithms
c197-022:13304:13337 [2] NCCL INFO NCCL_NTHREADS set by environment to 64.
c197-022:13304:13337 [2] NCCL INFO NCCL_PROTO set by environment to Simple
c197-022:13304:13337 [2] NCCL INFO NCCL_ALGO set by environment to MSCCL,TREE,RING
c197-022:13304:13337 [2] NCCL INFO threadThresholds 8/8/64 | 512/8/64 | 8/8/64 | 8/8/512
c197-022:13304:13337 [2] NCCL INFO 2 coll channels, 2 p2p channels, 2 p2p channels per peer
c197-101:2540:2583 [0] NCCL INFO Channel 00/0 : 0[2000] -> 32[2000] [receive] via NET/IB/0
c198-111:25859:25900 [0] NCCL INFO Channel 00/0 : 57[3000] -> 52[2000] [receive] via NET/IB/0
c198-102:18952:18992 [0] NCCL INFO Channel 00/0 : 48[2000] -> 32[2000] [send] via NET/IB/0
c197-022:13302:13343 [0] NCCL INFO Channel 01/0 : 28[2000] -> 12[2000] [receive] via NET/IB/0
c198-091:26878:26919 [0] NCCL INFO Channel 00/0 : 44[2000] -> 40[2000] [receive] via NET/IB/0
c197-092:4138:4178 [0] NCCL INFO Channel 01/0 : 60[2000] -> 28[2000] [receive] via NET/IB/0
c197-101:2541:2581 [1] NCCL INFO Channel 00/0 : 33[3000] -> 16[2000] [send] via NET/IB/0
c198-101:27879:27915 [0] NCCL INFO Channel 01/0 : 44[2000] -> 29[3000] [send] via NET/IB/0
c197-012:14913:14955 [0] NCCL INFO Channel 00/0 : 12[2000] -> 8[2000] [receive] via NET/IB/0
c197-032:23770:23811 [0] NCCL INFO Channel 00/0 : 33[3000] -> 16[2000] [receive] via NET/IB/0
c197-092:4139:4179 [1] NCCL INFO Channel 01/0 : 44[2000] -> 29[3000] [receive] via NET/IB/0
c197-041:28481:28521 [0] NCCL INFO Channel 00/0 : 25[3000] -> 20[2000] [receive] via NET/IB/0
c199-011:19324:19364 [1] NCCL INFO Channel 00 : 57[3000] -> 56[2000] via direct shared memory
c199-011:19324:19364 [1] NCCL INFO Channel 01 : 57[3000] -> 56[2000] via direct shared memory
c199-011:19325:19358 [2] NCCL INFO Connected all trees
c199-011:19325:19358 [2] NCCL INFO MSCCL_XML_FILES set by environment to /home1/09168/ldai1/ccl-build/msccl_tools_lyd/examples/xml/xml_lyd/binary_h_gpu01_reverse_p/allreduce_binary_tree_p_gpu01_16nodes_4gpus_channel2_chunk2.xml
c199-011:19325:19358 [2] NCCL INFO MSCCL: Parsing algorithm /home1/09168/ldai1/ccl-build/msccl_tools_lyd/examples/xml/xml_lyd/binary_h_gpu01_reverse_p/allreduce_binary_tree_p_gpu01_16nodes_4gpus_channel2_chunk2.xml
c197-101:2541:2581 [1] NCCL INFO Channel 00 : 33[3000] -> 32[2000] via direct shared memory
c197-101:2541:2581 [1] NCCL INFO Channel 01 : 33[3000] -> 32[2000] via direct shared memory
c199-011:19325:19358 [2] NCCL INFO Parsed MSCCL Algorithm /home1/09168/ldai1/ccl-build/msccl_tools_lyd/examples/xml/xml_lyd/binary_h_gpu01_reverse_p/allreduce_binary_tree_p_gpu01_16nodes_4gpus_channel2_chunk2.xml successfully.
c199-011:19325:19358 [2] NCCL INFO Connected 1 MSCCL algorithms
c199-011:19325:19358 [2] NCCL INFO NCCL_NTHREADS set by environment to 64.
c199-011:19325:19358 [2] NCCL INFO NCCL_PROTO set by environment to Simple
c199-011:19325:19358 [2] NCCL INFO NCCL_ALGO set by environment to MSCCL,TREE,RING
c199-011:19325:19358 [2] NCCL INFO threadThresholds 8/8/64 | 512/8/64 | 8/8/64 | 8/8/512
c199-011:19325:19358 [2] NCCL INFO 2 coll channels, 2 p2p channels, 2 p2p channels per peer
c197-101:2542:2579 [2] NCCL INFO Connected all trees
c197-101:2542:2579 [2] NCCL INFO MSCCL_XML_FILES set by environment to /home1/09168/ldai1/ccl-build/msccl_tools_lyd/examples/xml/xml_lyd/binary_h_gpu01_reverse_p/allreduce_binary_tree_p_gpu01_16nodes_4gpus_channel2_chunk2.xml
c197-101:2542:2579 [2] NCCL INFO MSCCL: Parsing algorithm /home1/09168/ldai1/ccl-build/msccl_tools_lyd/examples/xml/xml_lyd/binary_h_gpu01_reverse_p/allreduce_binary_tree_p_gpu01_16nodes_4gpus_channel2_chunk2.xml
c197-092:4139:4179 [1] NCCL INFO Channel 00 : 29[3000] -> 28[2000] via direct shared memory
c197-042:23820:23860 [1] NCCL INFO Channel 00 : 25[3000] -> 24[2000] via direct shared memory
c197-092:4139:4179 [1] NCCL INFO Channel 01 : 29[3000] -> 28[2000] via direct shared memory
c197-042:23820:23860 [1] NCCL INFO Channel 01 : 25[3000] -> 24[2000] via direct shared memory
c197-101:2540:2583 [0] NCCL INFO Channel 00/0 : 32[2000] -> 0[2000] [send] via NET/IB/0
c197-092:4140:4174 [2] NCCL INFO Connected all trees
c197-042:23821:23855 [2] NCCL INFO Connected all trees
c197-092:4140:4174 [2] NCCL INFO MSCCL_XML_FILES set by environment to /home1/09168/ldai1/ccl-build/msccl_tools_lyd/examples/xml/xml_lyd/binary_h_gpu01_reverse_p/allreduce_binary_tree_p_gpu01_16nodes_4gpus_channel2_chunk2.xml
c197-042:23821:23855 [2] NCCL INFO MSCCL_XML_FILES set by environment to /home1/09168/ldai1/ccl-build/msccl_tools_lyd/examples/xml/xml_lyd/binary_h_gpu01_reverse_p/allreduce_binary_tree_p_gpu01_16nodes_4gpus_channel2_chunk2.xml
c197-042:23821:23855 [2] NCCL INFO MSCCL: Parsing algorithm /home1/09168/ldai1/ccl-build/msccl_tools_lyd/examples/xml/xml_lyd/binary_h_gpu01_reverse_p/allreduce_binary_tree_p_gpu01_16nodes_4gpus_channel2_chunk2.xml
c197-092:4140:4174 [2] NCCL INFO MSCCL: Parsing algorithm /home1/09168/ldai1/ccl-build/msccl_tools_lyd/examples/xml/xml_lyd/binary_h_gpu01_reverse_p/allreduce_binary_tree_p_gpu01_16nodes_4gpus_channel2_chunk2.xml
c197-101:2542:2579 [2] NCCL INFO Parsed MSCCL Algorithm /home1/09168/ldai1/ccl-build/msccl_tools_lyd/examples/xml/xml_lyd/binary_h_gpu01_reverse_p/allreduce_binary_tree_p_gpu01_16nodes_4gpus_channel2_chunk2.xml successfully.
c197-101:2542:2579 [2] NCCL INFO Connected 1 MSCCL algorithms
c197-101:2542:2579 [2] NCCL INFO NCCL_NTHREADS set by environment to 64.
c197-101:2542:2579 [2] NCCL INFO NCCL_PROTO set by environment to Simple
c197-101:2542:2579 [2] NCCL INFO NCCL_ALGO set by environment to MSCCL,TREE,RING
c197-101:2542:2579 [2] NCCL INFO threadThresholds 8/8/64 | 512/8/64 | 8/8/64 | 8/8/512
c197-101:2542:2579 [2] NCCL INFO 2 coll channels, 2 p2p channels, 2 p2p channels per peer
c197-092:4138:4178 [0] NCCL INFO Channel 01/0 : 28[2000] -> 60[2000] [send] via NET/IB/0
c197-042:23821:23855 [2] NCCL INFO Parsed MSCCL Algorithm /home1/09168/ldai1/ccl-build/msccl_tools_lyd/examples/xml/xml_lyd/binary_h_gpu01_reverse_p/allreduce_binary_tree_p_gpu01_16nodes_4gpus_channel2_chunk2.xml successfully.
c197-042:23821:23855 [2] NCCL INFO Connected 1 MSCCL algorithms
c197-042:23821:23855 [2] NCCL INFO NCCL_NTHREADS set by environment to 64.
c197-042:23821:23855 [2] NCCL INFO NCCL_PROTO set by environment to Simple
c197-042:23821:23855 [2] NCCL INFO NCCL_ALGO set by environment to MSCCL,TREE,RING
c197-042:23821:23855 [2] NCCL INFO threadThresholds 8/8/64 | 512/8/64 | 8/8/64 | 8/8/512
c197-042:23821:23855 [2] NCCL INFO 2 coll channels, 2 p2p channels, 2 p2p channels per peer
c197-092:4140:4174 [2] NCCL INFO Parsed MSCCL Algorithm /home1/09168/ldai1/ccl-build/msccl_tools_lyd/examples/xml/xml_lyd/binary_h_gpu01_reverse_p/allreduce_binary_tree_p_gpu01_16nodes_4gpus_channel2_chunk2.xml successfully.
c197-092:4140:4174 [2] NCCL INFO Connected 1 MSCCL algorithms
c197-092:4140:4174 [2] NCCL INFO NCCL_NTHREADS set by environment to 64.
c197-092:4140:4174 [2] NCCL INFO NCCL_PROTO set by environment to Simple
c197-092:4140:4174 [2] NCCL INFO NCCL_ALGO set by environment to MSCCL,TREE,RING
c197-092:4140:4174 [2] NCCL INFO threadThresholds 8/8/64 | 512/8/64 | 8/8/64 | 8/8/512
c197-092:4140:4174 [2] NCCL INFO 2 coll channels, 2 p2p channels, 2 p2p channels per peer
c198-111:25859:25900 [0] NCCL INFO Channel 01/0 : 52[2000] -> 48[2000] [send] via NET/IB/0
c198-101:27879:27915 [0] NCCL INFO Channel 01/0 : 44[2000] -> 36[2000] [send] via NET/IB/0
c197-032:23770:23811 [0] NCCL INFO Channel 00/0 : 24[2000] -> 16[2000] [receive] via NET/IB/0
c197-041:28481:28521 [0] NCCL INFO Channel 01/0 : 20[2000] -> 16[2000] [send] via NET/IB/0
c196-041:12939:12973 [0] NCCL INFO Channel 01/0 : 4[2000] -> 0[2000] [receive] via NET/IB/0
