##################################### MSCCL #####################################
# nThread 1 nGpus 1 minBytes 1024 maxBytes 268435456 step: 2(factor) warmup iters: 5 iters: 20 agg iters: 1 validation: 1 graph: 0
#
# Using devices
#  Rank  0 Group  0 Pid  12939 on   c196-041 device  0 [0x02] Quadro RTX 5000
#  Rank  1 Group  0 Pid  12940 on   c196-041 device  1 [0x03] Quadro RTX 5000
#  Rank  2 Group  0 Pid  12941 on   c196-041 device  2 [0x82] Quadro RTX 5000
#  Rank  3 Group  0 Pid  12942 on   c196-041 device  3 [0x83] Quadro RTX 5000
#  Rank  4 Group  0 Pid    315 on   c196-092 device  0 [0x02] Quadro RTX 5000
#  Rank  5 Group  0 Pid    316 on   c196-092 device  1 [0x03] Quadro RTX 5000
#  Rank  6 Group  0 Pid    317 on   c196-092 device  2 [0x82] Quadro RTX 5000
#  Rank  7 Group  0 Pid    318 on   c196-092 device  3 [0x83] Quadro RTX 5000
#  Rank  8 Group  0 Pid  14913 on   c197-012 device  0 [0x02] Quadro RTX 5000
#  Rank  9 Group  0 Pid  14914 on   c197-012 device  1 [0x03] Quadro RTX 5000
#  Rank 10 Group  0 Pid  14915 on   c197-012 device  2 [0x82] Quadro RTX 5000
#  Rank 11 Group  0 Pid  14916 on   c197-012 device  3 [0x83] Quadro RTX 5000
#  Rank 12 Group  0 Pid  13302 on   c197-022 device  0 [0x02] Quadro RTX 5000
#  Rank 13 Group  0 Pid  13303 on   c197-022 device  1 [0x03] Quadro RTX 5000
#  Rank 14 Group  0 Pid  13304 on   c197-022 device  2 [0x82] Quadro RTX 5000
#  Rank 15 Group  0 Pid  13305 on   c197-022 device  3 [0x83] Quadro RTX 5000
#  Rank 16 Group  0 Pid  23770 on   c197-032 device  0 [0x02] Quadro RTX 5000
#  Rank 17 Group  0 Pid  23771 on   c197-032 device  1 [0x03] Quadro RTX 5000
#  Rank 18 Group  0 Pid  23772 on   c197-032 device  2 [0x82] Quadro RTX 5000
#  Rank 19 Group  0 Pid  23773 on   c197-032 device  3 [0x83] Quadro RTX 5000
#  Rank 20 Group  0 Pid  28481 on   c197-041 device  0 [0x02] Quadro RTX 5000
#  Rank 21 Group  0 Pid  28482 on   c197-041 device  1 [0x03] Quadro RTX 5000
#  Rank 22 Group  0 Pid  28483 on   c197-041 device  2 [0x82] Quadro RTX 5000
#  Rank 23 Group  0 Pid  28484 on   c197-041 device  3 [0x83] Quadro RTX 5000
#  Rank 24 Group  0 Pid  23819 on   c197-042 device  0 [0x02] Quadro RTX 5000
#  Rank 25 Group  0 Pid  23820 on   c197-042 device  1 [0x03] Quadro RTX 5000
#  Rank 26 Group  0 Pid  23821 on   c197-042 device  2 [0x82] Quadro RTX 5000
#  Rank 27 Group  0 Pid  23822 on   c197-042 device  3 [0x83] Quadro RTX 5000
#  Rank 28 Group  0 Pid   4138 on   c197-092 device  0 [0x02] Quadro RTX 5000
#  Rank 29 Group  0 Pid   4139 on   c197-092 device  1 [0x03] Quadro RTX 5000
#  Rank 30 Group  0 Pid   4140 on   c197-092 device  2 [0x82] Quadro RTX 5000
#  Rank 31 Group  0 Pid   4141 on   c197-092 device  3 [0x83] Quadro RTX 5000
#  Rank 32 Group  0 Pid   2540 on   c197-101 device  0 [0x02] Quadro RTX 5000
#  Rank 33 Group  0 Pid   2541 on   c197-101 device  1 [0x03] Quadro RTX 5000
#  Rank 34 Group  0 Pid   2542 on   c197-101 device  2 [0x82] Quadro RTX 5000
#  Rank 35 Group  0 Pid   2543 on   c197-101 device  3 [0x83] Quadro RTX 5000
#  Rank 36 Group  0 Pid   5914 on   c198-082 device  0 [0x02] Quadro RTX 5000
#  Rank 37 Group  0 Pid   5915 on   c198-082 device  1 [0x03] Quadro RTX 5000
#  Rank 38 Group  0 Pid   5916 on   c198-082 device  2 [0x82] Quadro RTX 5000
#  Rank 39 Group  0 Pid   5917 on   c198-082 device  3 [0x83] Quadro RTX 5000
#  Rank 40 Group  0 Pid  26878 on   c198-091 device  0 [0x02] Quadro RTX 5000
#  Rank 41 Group  0 Pid  26879 on   c198-091 device  1 [0x03] Quadro RTX 5000
#  Rank 42 Group  0 Pid  26880 on   c198-091 device  2 [0x82] Quadro RTX 5000
#  Rank 43 Group  0 Pid  26881 on   c198-091 device  3 [0x83] Quadro RTX 5000
#  Rank 44 Group  0 Pid  27879 on   c198-101 device  0 [0x02] Quadro RTX 5000
#  Rank 45 Group  0 Pid  27880 on   c198-101 device  1 [0x03] Quadro RTX 5000
#  Rank 46 Group  0 Pid  27881 on   c198-101 device  2 [0x82] Quadro RTX 5000
#  Rank 47 Group  0 Pid  27882 on   c198-101 device  3 [0x83] Quadro RTX 5000
#  Rank 48 Group  0 Pid  18952 on   c198-102 device  0 [0x02] Quadro RTX 5000
#  Rank 49 Group  0 Pid  18953 on   c198-102 device  1 [0x03] Quadro RTX 5000
#  Rank 50 Group  0 Pid  18954 on   c198-102 device  2 [0x82] Quadro RTX 5000
#  Rank 51 Group  0 Pid  18955 on   c198-102 device  3 [0x83] Quadro RTX 5000
#  Rank 52 Group  0 Pid  25859 on   c198-111 device  0 [0x02] Quadro RTX 5000
#  Rank 53 Group  0 Pid  25860 on   c198-111 device  1 [0x03] Quadro RTX 5000
#  Rank 54 Group  0 Pid  25861 on   c198-111 device  2 [0x82] Quadro RTX 5000
#  Rank 55 Group  0 Pid  25862 on   c198-111 device  3 [0x83] Quadro RTX 5000
#  Rank 56 Group  0 Pid  19323 on   c199-011 device  0 [0x02] Quadro RTX 5000
#  Rank 57 Group  0 Pid  19324 on   c199-011 device  1 [0x03] Quadro RTX 5000
#  Rank 58 Group  0 Pid  19325 on   c199-011 device  2 [0x82] Quadro RTX 5000
#  Rank 59 Group  0 Pid  19326 on   c199-011 device  3 [0x83] Quadro RTX 5000
#  Rank 60 Group  0 Pid  24257 on   c199-012 device  0 [0x02] Quadro RTX 5000
#  Rank 61 Group  0 Pid  24258 on   c199-012 device  1 [0x03] Quadro RTX 5000
#  Rank 62 Group  0 Pid  24259 on   c199-012 device  2 [0x82] Quadro RTX 5000
#  Rank 63 Group  0 Pid  24260 on   c199-012 device  3 [0x83] Quadro RTX 5000
c196-041:12939:12939 [0] NCCL INFO Bootstrap : Using ib0:192.168.44.107<0>
c196-041:12939:12939 [0] NCCL INFO NET/Plugin : No plugin found (libnccl-net.so), using internal implementation
c196-041:12939:12939 [0] NCCL INFO NET/IB : Using [0]mlx4_0:1/IB [RO]; OOB ib0:192.168.44.107<0>
c196-041:12939:12939 [0] NCCL INFO Using network IB
NCCL version 2.12.12.MSCCL.0.7.4+cuda11.3
c196-041:12941:12941 [2] NCCL INFO Bootstrap : Using ib0:192.168.44.107<0>
c196-041:12941:12941 [2] NCCL INFO NET/Plugin : No plugin found (libnccl-net.so), using internal implementation
c196-041:12941:12941 [2] NCCL INFO NET/IB : Using [0]mlx4_0:1/IB [RO]; OOB ib0:192.168.44.107<0>
c196-041:12941:12941 [2] NCCL INFO Using network IB
c196-041:12942:12942 [3] NCCL INFO Bootstrap : Using ib0:192.168.44.107<0>
c196-041:12942:12942 [3] NCCL INFO NET/Plugin : No plugin found (libnccl-net.so), using internal implementation
c196-041:12942:12942 [3] NCCL INFO NET/IB : Using [0]mlx4_0:1/IB [RO]; OOB ib0:192.168.44.107<0>
c196-041:12942:12942 [3] NCCL INFO Using network IB
c196-041:12940:12940 [1] NCCL INFO Bootstrap : Using ib0:192.168.44.107<0>
c196-041:12940:12940 [1] NCCL INFO NET/Plugin : No plugin found (libnccl-net.so), using internal implementation
c196-041:12940:12940 [1] NCCL INFO NET/IB : Using [0]mlx4_0:1/IB [RO]; OOB ib0:192.168.44.107<0>
c196-041:12940:12940 [1] NCCL INFO Using network IB
c197-012:14915:14915 [2] NCCL INFO Bootstrap : Using ib0:192.168.44.124<0>
c197-012:14916:14916 [3] NCCL INFO Bootstrap : Using ib0:192.168.44.124<0>
c197-012:14915:14915 [2] NCCL INFO NET/Plugin : No plugin found (libnccl-net.so), using internal implementation
c197-012:14916:14916 [3] NCCL INFO NET/Plugin : No plugin found (libnccl-net.so), using internal implementation
c197-012:14915:14915 [2] NCCL INFO NET/IB : Using [0]mlx4_0:1/IB [RO]; OOB ib0:192.168.44.124<0>
c197-012:14915:14915 [2] NCCL INFO Using network IB
c197-012:14916:14916 [3] NCCL INFO NET/IB : Using [0]mlx4_0:1/IB [RO]; OOB ib0:192.168.44.124<0>
c197-012:14916:14916 [3] NCCL INFO Using network IB
c197-012:14913:14913 [0] NCCL INFO Bootstrap : Using ib0:192.168.44.124<0>
c197-012:14914:14914 [1] NCCL INFO Bootstrap : Using ib0:192.168.44.124<0>
c197-012:14913:14913 [0] NCCL INFO NET/Plugin : No plugin found (libnccl-net.so), using internal implementation
c197-012:14914:14914 [1] NCCL INFO NET/Plugin : No plugin found (libnccl-net.so), using internal implementation
c197-012:14914:14914 [1] NCCL INFO NET/IB : Using [0]mlx4_0:1/IB [RO]; OOB ib0:192.168.44.124<0>
c197-012:14914:14914 [1] NCCL INFO Using network IB
c197-012:14913:14913 [0] NCCL INFO NET/IB : Using [0]mlx4_0:1/IB [RO]; OOB ib0:192.168.44.124<0>
c197-012:14913:14913 [0] NCCL INFO Using network IB
c198-111:25861:25861 [2] NCCL INFO Bootstrap : Using ib0:192.168.44.165<0>
c198-111:25862:25862 [3] NCCL INFO Bootstrap : Using ib0:192.168.44.165<0>
c198-111:25861:25861 [2] NCCL INFO NET/Plugin : No plugin found (libnccl-net.so), using internal implementation
c198-111:25862:25862 [3] NCCL INFO NET/Plugin : No plugin found (libnccl-net.so), using internal implementation
c198-111:25859:25859 [0] NCCL INFO Bootstrap : Using ib0:192.168.44.165<0>
c198-111:25860:25860 [1] NCCL INFO Bootstrap : Using ib0:192.168.44.165<0>
c198-111:25859:25859 [0] NCCL INFO NET/Plugin : No plugin found (libnccl-net.so), using internal implementation
c198-111:25860:25860 [1] NCCL INFO NET/Plugin : No plugin found (libnccl-net.so), using internal implementation
c198-111:25862:25862 [3] NCCL INFO NET/IB : Using [0]mlx4_0:1/IB [RO]; OOB ib0:192.168.44.165<0>
c198-111:25862:25862 [3] NCCL INFO Using network IB
c198-111:25861:25861 [2] NCCL INFO NET/IB : Using [0]mlx4_0:1/IB [RO]; OOB ib0:192.168.44.165<0>
c198-111:25861:25861 [2] NCCL INFO Using network IB
c198-111:25860:25860 [1] NCCL INFO NET/IB : Using [0]mlx4_0:1/IB [RO]; OOB ib0:192.168.44.165<0>
c198-111:25860:25860 [1] NCCL INFO Using network IB
c198-111:25859:25859 [0] NCCL INFO NET/IB : Using [0]mlx4_0:1/IB [RO]; OOB ib0:192.168.44.165<0>
c198-111:25859:25859 [0] NCCL INFO Using network IB
c197-022:13304:13304 [2] NCCL INFO Bootstrap : Using ib0:192.168.44.126<0>
c197-022:13304:13304 [2] NCCL INFO NET/Plugin : No plugin found (libnccl-net.so), using internal implementation
c197-022:13304:13304 [2] NCCL INFO NET/IB : Using [0]mlx4_0:1/IB [RO]; OOB ib0:192.168.44.126<0>
c197-022:13304:13304 [2] NCCL INFO Using network IB
c199-011:19325:19325 [2] NCCL INFO Bootstrap : Using ib0:192.168.44.167<0>
c199-011:19325:19325 [2] NCCL INFO NET/Plugin : No plugin found (libnccl-net.so), using internal implementation
c199-011:19325:19325 [2] NCCL INFO NET/IB : Using [0]mlx4_0:1/IB [RO]; OOB ib0:192.168.44.167<0>
c199-011:19325:19325 [2] NCCL INFO Using network IB
c199-011:19323:19323 [0] NCCL INFO Bootstrap : Using ib0:192.168.44.167<0>
c199-011:19323:19323 [0] NCCL INFO NET/Plugin : No plugin found (libnccl-net.so), using internal implementation
c197-032:23772:23772 [2] NCCL INFO Bootstrap : Using ib0:192.168.44.128<0>
c197-022:13305:13305 [3] NCCL INFO Bootstrap : Using ib0:192.168.44.126<0>
c197-022:13303:13303 [1] NCCL INFO Bootstrap : Using ib0:192.168.44.126<0>
c197-022:13305:13305 [3] NCCL INFO NET/Plugin : No plugin found (libnccl-net.so), using internal implementation
c197-022:13303:13303 [1] NCCL INFO NET/Plugin : No plugin found (libnccl-net.so), using internal implementation
c199-011:19323:19323 [0] NCCL INFO NET/IB : Using [0]mlx4_0:1/IB [RO]; OOB ib0:192.168.44.167<0>
c199-011:19323:19323 [0] NCCL INFO Using network IB
c197-032:23772:23772 [2] NCCL INFO NET/Plugin : No plugin found (libnccl-net.so), using internal implementation
c199-011:19326:19326 [3] NCCL INFO Bootstrap : Using ib0:192.168.44.167<0>
c199-011:19326:19326 [3] NCCL INFO NET/Plugin : No plugin found (libnccl-net.so), using internal implementation
c197-032:23772:23772 [2] NCCL INFO NET/IB : Using [0]mlx4_0:1/IB [RO]; OOB ib0:192.168.44.128<0>
c197-032:23772:23772 [2] NCCL INFO Using network IB
c199-011:19326:19326 [3] NCCL INFO NET/IB : Using [0]mlx4_0:1/IB [RO]; OOB ib0:192.168.44.167<0>
c199-011:19326:19326 [3] NCCL INFO Using network IB
c197-022:13305:13305 [3] NCCL INFO NET/IB : Using [0]mlx4_0:1/IB [RO]; OOB ib0:192.168.44.126<0>
c197-022:13305:13305 [3] NCCL INFO Using network IB
c197-022:13303:13303 [1] NCCL INFO NET/IB : Using [0]mlx4_0:1/IB [RO]; OOB ib0:192.168.44.126<0>
c197-022:13303:13303 [1] NCCL INFO Using network IB
c199-011:19324:19324 [1] NCCL INFO Bootstrap : Using ib0:192.168.44.167<0>
c199-011:19324:19324 [1] NCCL INFO NET/Plugin : No plugin found (libnccl-net.so), using internal implementation
c199-011:19324:19324 [1] NCCL INFO NET/IB : Using [0]mlx4_0:1/IB [RO]; OOB ib0:192.168.44.167<0>
c199-011:19324:19324 [1] NCCL INFO Using network IB
c197-022:13302:13302 [0] NCCL INFO Bootstrap : Using ib0:192.168.44.126<0>
c197-022:13302:13302 [0] NCCL INFO NET/Plugin : No plugin found (libnccl-net.so), using internal implementation
c197-032:23773:23773 [3] NCCL INFO Bootstrap : Using ib0:192.168.44.128<0>
c197-032:23773:23773 [3] NCCL INFO NET/Plugin : No plugin found (libnccl-net.so), using internal implementation
c196-092:317:317 [2] NCCL INFO Bootstrap : Using ib0:192.168.44.118<0>
c197-022:13302:13302 [0] NCCL INFO NET/IB : Using [0]mlx4_0:1/IB [RO]; OOB ib0:192.168.44.126<0>
c197-022:13302:13302 [0] NCCL INFO Using network IB
c196-092:318:318 [3] NCCL INFO Bootstrap : Using ib0:192.168.44.118<0>
c197-032:23773:23773 [3] NCCL INFO NET/IB : Using [0]mlx4_0:1/IB [RO]; OOB ib0:192.168.44.128<0>
c197-032:23773:23773 [3] NCCL INFO Using network IB
c196-092:317:317 [2] NCCL INFO NET/Plugin : No plugin found (libnccl-net.so), using internal implementation
c196-092:318:318 [3] NCCL INFO NET/Plugin : No plugin found (libnccl-net.so), using internal implementation
c199-012:24259:24259 [2] NCCL INFO Bootstrap : Using ib0:192.168.44.168<0>
c199-012:24259:24259 [2] NCCL INFO NET/Plugin : No plugin found (libnccl-net.so), using internal implementation
c199-012:24259:24259 [2] NCCL INFO NET/IB : Using [0]mlx4_0:1/IB [RO]; OOB ib0:192.168.44.168<0>
c199-012:24259:24259 [2] NCCL INFO Using network IB
c197-092:4141:4141 [3] NCCL INFO Bootstrap : Using ib0:192.168.44.140<0>
c197-092:4140:4140 [2] NCCL INFO Bootstrap : Using ib0:192.168.44.140<0>
c196-092:316:316 [1] NCCL INFO Bootstrap : Using ib0:192.168.44.118<0>
c196-092:315:315 [0] NCCL INFO Bootstrap : Using ib0:192.168.44.118<0>
c196-092:315:315 [0] NCCL INFO NET/Plugin : No plugin found (libnccl-net.so), using internal implementation
c197-092:4140:4140 [2] NCCL INFO NET/Plugin : No plugin found (libnccl-net.so), using internal implementation
c196-092:316:316 [1] NCCL INFO NET/Plugin : No plugin found (libnccl-net.so), using internal implementation
c197-092:4141:4141 [3] NCCL INFO NET/Plugin : No plugin found (libnccl-net.so), using internal implementation
c196-092:317:317 [2] NCCL INFO NET/IB : Using [0]mlx4_0:1/IB [RO]; OOB ib0:192.168.44.118<0>
c196-092:317:317 [2] NCCL INFO Using network IB
c196-092:318:318 [3] NCCL INFO NET/IB : Using [0]mlx4_0:1/IB [RO]; OOB ib0:192.168.44.118<0>
c196-092:318:318 [3] NCCL INFO Using network IB
c197-101:2543:2543 [3] NCCL INFO Bootstrap : Using ib0:192.168.44.141<0>
c196-092:315:315 [0] NCCL INFO NET/IB : Using [0]mlx4_0:1/IB [RO]; OOB ib0:192.168.44.118<0>
c196-092:315:315 [0] NCCL INFO Using network IB
c196-092:316:316 [1] NCCL INFO NET/IB : Using [0]mlx4_0:1/IB [RO]; OOB ib0:192.168.44.118<0>
c196-092:316:316 [1] NCCL INFO Using network IB
c197-101:2543:2543 [3] NCCL INFO NET/Plugin : No plugin found (libnccl-net.so), using internal implementation
c197-032:23770:23770 [0] NCCL INFO Bootstrap : Using ib0:192.168.44.128<0>
c197-032:23771:23771 [1] NCCL INFO Bootstrap : Using ib0:192.168.44.128<0>
c197-032:23770:23770 [0] NCCL INFO NET/Plugin : No plugin found (libnccl-net.so), using internal implementation
c198-091:26881:26881 [3] NCCL INFO Bootstrap : Using ib0:192.168.44.161<0>
c197-032:23771:23771 [1] NCCL INFO NET/Plugin : No plugin found (libnccl-net.so), using internal implementation
c198-082:5916:5916 [2] NCCL INFO Bootstrap : Using ib0:192.168.44.160<0>
c198-082:5917:5917 [3] NCCL INFO Bootstrap : Using ib0:192.168.44.160<0>
c197-092:4140:4140 [2] NCCL INFO NET/IB : Using [0]mlx4_0:1/IB [RO]; OOB ib0:192.168.44.140<0>
c197-092:4140:4140 [2] NCCL INFO Using network IB
c197-092:4141:4141 [3] NCCL INFO NET/IB : Using [0]mlx4_0:1/IB [RO]; OOB ib0:192.168.44.140<0>
c197-092:4141:4141 [3] NCCL INFO Using network IB
c198-091:26881:26881 [3] NCCL INFO NET/Plugin : No plugin found (libnccl-net.so), using internal implementation
c197-101:2543:2543 [3] NCCL INFO NET/IB : Using [0]mlx4_0:1/IB [RO]; OOB ib0:192.168.44.141<0>
c197-101:2543:2543 [3] NCCL INFO Using network IB
c197-101:2542:2542 [2] NCCL INFO Bootstrap : Using ib0:192.168.44.141<0>
c198-082:5916:5916 [2] NCCL INFO NET/Plugin : No plugin found (libnccl-net.so), using internal implementation
c198-082:5917:5917 [3] NCCL INFO NET/Plugin : No plugin found (libnccl-net.so), using internal implementation
c197-101:2542:2542 [2] NCCL INFO NET/Plugin : No plugin found (libnccl-net.so), using internal implementation
c197-042:23821:23821 [2] NCCL INFO Bootstrap : Using ib0:192.168.44.130<0>
c199-012:24258:24258 [1] NCCL INFO Bootstrap : Using ib0:192.168.44.168<0>
c199-012:24260:24260 [3] NCCL INFO Bootstrap : Using ib0:192.168.44.168<0>
c199-012:24257:24257 [0] NCCL INFO Bootstrap : Using ib0:192.168.44.168<0>
c199-012:24257:24257 [0] NCCL INFO NET/Plugin : No plugin found (libnccl-net.so), using internal implementation
c199-012:24258:24258 [1] NCCL INFO NET/Plugin : No plugin found (libnccl-net.so), using internal implementation
c199-012:24260:24260 [3] NCCL INFO NET/Plugin : No plugin found (libnccl-net.so), using internal implementation
c197-042:23821:23821 [2] NCCL INFO NET/Plugin : No plugin found (libnccl-net.so), using internal implementation
c198-091:26881:26881 [3] NCCL INFO NET/IB : Using [0]mlx4_0:1/IB [RO]; OOB ib0:192.168.44.161<0>
c198-091:26881:26881 [3] NCCL INFO Using network IB
c198-091:26880:26880 [2] NCCL INFO Bootstrap : Using ib0:192.168.44.161<0>
c197-032:23771:23771 [1] NCCL INFO NET/IB : Using [0]mlx4_0:1/IB [RO]; OOB ib0:192.168.44.128<0>
c197-032:23771:23771 [1] NCCL INFO Using network IB
c198-091:26880:26880 [2] NCCL INFO NET/Plugin : No plugin found (libnccl-net.so), using internal implementation
c197-032:23770:23770 [0] NCCL INFO NET/IB : Using [0]mlx4_0:1/IB [RO]; OOB ib0:192.168.44.128<0>
c197-032:23770:23770 [0] NCCL INFO Using network IB
c197-101:2541:2541 [1] NCCL INFO Bootstrap : Using ib0:192.168.44.141<0>
c197-101:2541:2541 [1] NCCL INFO NET/Plugin : No plugin found (libnccl-net.so), using internal implementation
c198-091:26880:26880 [2] NCCL INFO NET/IB : Using [0]mlx4_0:1/IB [RO]; OOB ib0:192.168.44.161<0>
c198-091:26880:26880 [2] NCCL INFO Using network IB
c197-101:2542:2542 [2] NCCL INFO NET/IB : Using [0]mlx4_0:1/IB [RO]; OOB ib0:192.168.44.141<0>
c197-101:2542:2542 [2] NCCL INFO Using network IB
c197-101:2541:2541 [1] NCCL INFO NET/IB : Using [0]mlx4_0:1/IB [RO]; OOB ib0:192.168.44.141<0>
c197-101:2541:2541 [1] NCCL INFO Using network IB
c197-101:2540:2540 [0] NCCL INFO Bootstrap : Using ib0:192.168.44.141<0>
c197-101:2540:2540 [0] NCCL INFO NET/Plugin : No plugin found (libnccl-net.so), using internal implementation
c199-012:24260:24260 [3] NCCL INFO NET/IB : Using [0]mlx4_0:1/IB [RO]; OOB ib0:192.168.44.168<0>
c199-012:24260:24260 [3] NCCL INFO Using network IB
c199-012:24258:24258 [1] NCCL INFO NET/IB : Using [0]mlx4_0:1/IB [RO]; OOB ib0:192.168.44.168<0>
c199-012:24258:24258 [1] NCCL INFO Using network IB
c199-012:24257:24257 [0] NCCL INFO NET/IB : Using [0]mlx4_0:1/IB [RO]; OOB ib0:192.168.44.168<0>
c199-012:24257:24257 [0] NCCL INFO Using network IB
c198-082:5915:5915 [1] NCCL INFO Bootstrap : Using ib0:192.168.44.160<0>
c198-082:5914:5914 [0] NCCL INFO Bootstrap : Using ib0:192.168.44.160<0>
c197-101:2540:2540 [0] NCCL INFO NET/IB : Using [0]mlx4_0:1/IB [RO]; OOB ib0:192.168.44.141<0>
c197-101:2540:2540 [0] NCCL INFO Using network IB
c198-082:5914:5914 [0] NCCL INFO NET/Plugin : No plugin found (libnccl-net.so), using internal implementation
c198-082:5915:5915 [1] NCCL INFO NET/Plugin : No plugin found (libnccl-net.so), using internal implementation
c198-082:5916:5916 [2] NCCL INFO NET/IB : Using [0]mlx4_0:1/IB [RO]; OOB ib0:192.168.44.160<0>
c198-082:5916:5916 [2] NCCL INFO Using network IB
c197-092:4138:4138 [0] NCCL INFO Bootstrap : Using ib0:192.168.44.140<0>
c197-092:4139:4139 [1] NCCL INFO Bootstrap : Using ib0:192.168.44.140<0>
c197-092:4138:4138 [0] NCCL INFO NET/Plugin : No plugin found (libnccl-net.so), using internal implementation
c197-092:4139:4139 [1] NCCL INFO NET/Plugin : No plugin found (libnccl-net.so), using internal implementation
c198-082:5917:5917 [3] NCCL INFO NET/IB : Using [0]mlx4_0:1/IB [RO]; OOB ib0:192.168.44.160<0>
c198-082:5917:5917 [3] NCCL INFO Using network IB
c197-042:23822:23822 [3] NCCL INFO Bootstrap : Using ib0:192.168.44.130<0>
c197-042:23819:23819 [0] NCCL INFO Bootstrap : Using ib0:192.168.44.130<0>
c197-042:23820:23820 [1] NCCL INFO Bootstrap : Using ib0:192.168.44.130<0>
c197-042:23822:23822 [3] NCCL INFO NET/Plugin : No plugin found (libnccl-net.so), using internal implementation
c197-042:23819:23819 [0] NCCL INFO NET/Plugin : No plugin found (libnccl-net.so), using internal implementation
c197-042:23820:23820 [1] NCCL INFO NET/Plugin : No plugin found (libnccl-net.so), using internal implementation
c198-082:5914:5914 [0] NCCL INFO NET/IB : Using [0]mlx4_0:1/IB [RO]; OOB ib0:192.168.44.160<0>
c198-082:5914:5914 [0] NCCL INFO Using network IB
c198-082:5915:5915 [1] NCCL INFO NET/IB : Using [0]mlx4_0:1/IB [RO]; OOB ib0:192.168.44.160<0>
c198-082:5915:5915 [1] NCCL INFO Using network IB
c197-042:23821:23821 [2] NCCL INFO NET/IB : Using [0]mlx4_0:1/IB [RO]; OOB ib0:192.168.44.130<0>
c197-042:23821:23821 [2] NCCL INFO Using network IB
c197-092:4138:4138 [0] NCCL INFO NET/IB : Using [0]mlx4_0:1/IB [RO]; OOB ib0:192.168.44.140<0>
c197-092:4138:4138 [0] NCCL INFO Using network IB
c197-092:4139:4139 [1] NCCL INFO NET/IB : Using [0]mlx4_0:1/IB [RO]; OOB ib0:192.168.44.140<0>
c197-092:4139:4139 [1] NCCL INFO Using network IB
c197-042:23822:23822 [3] NCCL INFO NET/IB : Using [0]mlx4_0:1/IB [RO]; OOB ib0:192.168.44.130<0>
c197-042:23822:23822 [3] NCCL INFO Using network IB
c197-042:23819:23819 [0] NCCL INFO NET/IB : Using [0]mlx4_0:1/IB [RO]; OOB ib0:192.168.44.130<0>
c197-042:23819:23819 [0] NCCL INFO Using network IB
c197-042:23820:23820 [1] NCCL INFO NET/IB : Using [0]mlx4_0:1/IB [RO]; OOB ib0:192.168.44.130<0>
c197-042:23820:23820 [1] NCCL INFO Using network IB
c198-091:26879:26879 [1] NCCL INFO Bootstrap : Using ib0:192.168.44.161<0>
c198-091:26879:26879 [1] NCCL INFO NET/Plugin : No plugin found (libnccl-net.so), using internal implementation
c198-101:27879:27879 [0] NCCL INFO Bootstrap : Using ib0:192.168.44.163<0>
c198-101:27880:27880 [1] NCCL INFO Bootstrap : Using ib0:192.168.44.163<0>
c198-102:18954:18954 [2] NCCL INFO Bootstrap : Using ib0:192.168.44.164<0>
c198-101:27879:27879 [0] NCCL INFO NET/Plugin : No plugin found (libnccl-net.so), using internal implementation
c198-091:26879:26879 [1] NCCL INFO NET/IB : Using [0]mlx4_0:1/IB [RO]; OOB ib0:192.168.44.161<0>
c198-091:26879:26879 [1] NCCL INFO Using network IB
c198-102:18955:18955 [3] NCCL INFO Bootstrap : Using ib0:192.168.44.164<0>
c198-101:27880:27880 [1] NCCL INFO NET/Plugin : No plugin found (libnccl-net.so), using internal implementation
c198-102:18954:18954 [2] NCCL INFO NET/Plugin : No plugin found (libnccl-net.so), using internal implementation
c198-102:18955:18955 [3] NCCL INFO NET/Plugin : No plugin found (libnccl-net.so), using internal implementation
c197-041:28483:28483 [2] NCCL INFO Bootstrap : Using ib0:192.168.44.129<0>
c197-041:28484:28484 [3] NCCL INFO Bootstrap : Using ib0:192.168.44.129<0>
c197-041:28481:28481 [0] NCCL INFO Bootstrap : Using ib0:192.168.44.129<0>
c197-041:28482:28482 [1] NCCL INFO Bootstrap : Using ib0:192.168.44.129<0>
c198-101:27879:27879 [0] NCCL INFO NET/IB : Using [0]mlx4_0:1/IB [RO]; OOB ib0:192.168.44.163<0>
c198-101:27879:27879 [0] NCCL INFO Using network IB
c198-101:27880:27880 [1] NCCL INFO NET/IB : Using [0]mlx4_0:1/IB [RO]; OOB ib0:192.168.44.163<0>
c198-101:27880:27880 [1] NCCL INFO Using network IB
c197-041:28481:28481 [0] NCCL INFO NET/Plugin : No plugin found (libnccl-net.so), using internal implementation
c197-041:28482:28482 [1] NCCL INFO NET/Plugin : No plugin found (libnccl-net.so), using internal implementation
c197-041:28483:28483 [2] NCCL INFO NET/Plugin : No plugin found (libnccl-net.so), using internal implementation
c197-041:28484:28484 [3] NCCL INFO NET/Plugin : No plugin found (libnccl-net.so), using internal implementation
c198-102:18955:18955 [3] NCCL INFO NET/IB : Using [0]mlx4_0:1/IB [RO]; OOB ib0:192.168.44.164<0>
c198-102:18955:18955 [3] NCCL INFO Using network IB
c198-102:18954:18954 [2] NCCL INFO NET/IB : Using [0]mlx4_0:1/IB [RO]; OOB ib0:192.168.44.164<0>
c198-102:18954:18954 [2] NCCL INFO Using network IB
c198-091:26878:26878 [0] NCCL INFO Bootstrap : Using ib0:192.168.44.161<0>
c198-091:26878:26878 [0] NCCL INFO NET/Plugin : No plugin found (libnccl-net.so), using internal implementation
c198-091:26878:26878 [0] NCCL INFO NET/IB : Using [0]mlx4_0:1/IB [RO]; OOB ib0:192.168.44.161<0>
c198-091:26878:26878 [0] NCCL INFO Using network IB
c197-041:28482:28482 [1] NCCL INFO NET/IB : Using [0]mlx4_0:1/IB [RO]; OOB ib0:192.168.44.129<0>
c197-041:28482:28482 [1] NCCL INFO Using network IB
c197-041:28484:28484 [3] NCCL INFO NET/IB : Using [0]mlx4_0:1/IB [RO]; OOB ib0:192.168.44.129<0>
c197-041:28484:28484 [3] NCCL INFO Using network IB
c197-041:28481:28481 [0] NCCL INFO NET/IB : Using [0]mlx4_0:1/IB [RO]; OOB ib0:192.168.44.129<0>
c197-041:28481:28481 [0] NCCL INFO Using network IB
c197-041:28483:28483 [2] NCCL INFO NET/IB : Using [0]mlx4_0:1/IB [RO]; OOB ib0:192.168.44.129<0>
c197-041:28483:28483 [2] NCCL INFO Using network IB
c198-102:18952:18952 [0] NCCL INFO Bootstrap : Using ib0:192.168.44.164<0>
c198-102:18953:18953 [1] NCCL INFO Bootstrap : Using ib0:192.168.44.164<0>
c198-102:18952:18952 [0] NCCL INFO NET/Plugin : No plugin found (libnccl-net.so), using internal implementation
c198-102:18953:18953 [1] NCCL INFO NET/Plugin : No plugin found (libnccl-net.so), using internal implementation
c198-102:18952:18952 [0] NCCL INFO NET/IB : Using [0]mlx4_0:1/IB [RO]; OOB ib0:192.168.44.164<0>
c198-102:18952:18952 [0] NCCL INFO Using network IB
c198-102:18953:18953 [1] NCCL INFO NET/IB : Using [0]mlx4_0:1/IB [RO]; OOB ib0:192.168.44.164<0>
c198-102:18953:18953 [1] NCCL INFO Using network IB
c198-101:27881:27881 [2] NCCL INFO Bootstrap : Using ib0:192.168.44.163<0>
c198-101:27882:27882 [3] NCCL INFO Bootstrap : Using ib0:192.168.44.163<0>
c198-101:27881:27881 [2] NCCL INFO NET/Plugin : No plugin found (libnccl-net.so), using internal implementation
c198-101:27882:27882 [3] NCCL INFO NET/Plugin : No plugin found (libnccl-net.so), using internal implementation
c198-101:27882:27882 [3] NCCL INFO NET/IB : Using [0]mlx4_0:1/IB [RO]; OOB ib0:192.168.44.163<0>
c198-101:27882:27882 [3] NCCL INFO Using network IB
c198-101:27881:27881 [2] NCCL INFO NET/IB : Using [0]mlx4_0:1/IB [RO]; OOB ib0:192.168.44.163<0>
c198-101:27881:27881 [2] NCCL INFO Using network IB
c196-041:12939:12973 [0] NCCL INFO Setting affinity for GPU 0 to 0f000f
c196-041:12942:12981 [3] NCCL INFO Setting affinity for GPU 3 to f000f000
c196-041:12941:12979 [2] NCCL INFO Setting affinity for GPU 2 to 0f000f00
c196-041:12940:12983 [1] NCCL INFO Setting affinity for GPU 1 to f000f0
c197-012:14916:14950 [3] NCCL INFO Setting affinity for GPU 3 to f000f000
c198-082:5917:5951 [3] NCCL INFO Setting affinity for GPU 3 to f000f000
c196-092:318:353 [3] NCCL INFO Setting affinity for GPU 3 to f000f000
c197-092:4141:4175 [3] NCCL INFO Setting affinity for GPU 3 to f000f000
c199-012:24260:24296 [3] NCCL INFO Setting affinity for GPU 3 to f000f000
c198-082:5914:5954 [0] NCCL INFO Setting affinity for GPU 0 to 0f000f
c199-011:19326:19362 [3] NCCL INFO Setting affinity for GPU 3 to f000f000
c197-012:14913:14955 [0] NCCL INFO Setting affinity for GPU 0 to 0f000f
c196-092:315:356 [0] NCCL INFO Setting affinity for GPU 0 to 0f000f
c196-092:317:352 [2] NCCL INFO Setting affinity for GPU 2 to 0f000f00
c198-091:26881:26913 [3] NCCL INFO Setting affinity for GPU 3 to f000f000
c198-082:5916:5949 [2] NCCL INFO Setting affinity for GPU 2 to 0f000f00
c198-102:18955:18988 [3] NCCL INFO Setting affinity for GPU 3 to f000f000
c197-012:14914:14954 [1] NCCL INFO Setting affinity for GPU 1 to f000f0
c197-012:14915:14949 [2] NCCL INFO Setting affinity for GPU 2 to 0f000f00
c197-092:4140:4174 [2] NCCL INFO Setting affinity for GPU 2 to 0f000f00
c197-092:4138:4178 [0] NCCL INFO Setting affinity for GPU 0 to 0f000f
c199-011:19323:19360 [0] NCCL INFO Setting affinity for GPU 0 to 0f000f
c198-091:26878:26919 [0] NCCL INFO Setting affinity for GPU 0 to 0f000f
c198-111:25862:25895 [3] NCCL INFO Setting affinity for GPU 3 to f000f000
c197-101:2543:2577 [3] NCCL INFO Setting affinity for GPU 3 to f000f000
c198-102:18952:18992 [0] NCCL INFO Setting affinity for GPU 0 to 0f000f
c198-091:26880:26915 [2] NCCL INFO Setting affinity for GPU 2 to 0f000f00
c199-012:24257:24299 [0] NCCL INFO Setting affinity for GPU 0 to 0f000f
c199-012:24258:24298 [1] NCCL INFO Setting affinity for GPU 1 to f000f0
c198-102:18954:18989 [2] NCCL INFO Setting affinity for GPU 2 to 0f000f00
c199-012:24259:24293 [2] NCCL INFO Setting affinity for GPU 2 to 0f000f00
c197-042:23819:23861 [0] NCCL INFO Setting affinity for GPU 0 to 0f000f
c197-032:23773:23807 [3] NCCL INFO Setting affinity for GPU 3 to f000f000
c199-011:19325:19358 [2] NCCL INFO Setting affinity for GPU 2 to 0f000f00
c199-011:19324:19364 [1] NCCL INFO Setting affinity for GPU 1 to f000f0
c197-041:28484:28520 [3] NCCL INFO Setting affinity for GPU 3 to f000f000
c197-042:23821:23855 [2] NCCL INFO Setting affinity for GPU 2 to 0f000f00
c197-101:2540:2583 [0] NCCL INFO Setting affinity for GPU 0 to 0f000f
c198-111:25859:25900 [0] NCCL INFO Setting affinity for GPU 0 to 0f000f
c197-022:13305:13340 [3] NCCL INFO Setting affinity for GPU 3 to f000f000
c197-042:23820:23860 [1] NCCL INFO Setting affinity for GPU 1 to f000f0
c197-101:2542:2579 [2] NCCL INFO Setting affinity for GPU 2 to 0f000f00
c198-111:25860:25899 [1] NCCL INFO Setting affinity for GPU 1 to f000f0
c197-101:2541:2581 [1] NCCL INFO Setting affinity for GPU 1 to f000f0
c197-042:23822:23857 [3] NCCL INFO Setting affinity for GPU 3 to f000f000
c197-032:23772:23805 [2] NCCL INFO Setting affinity for GPU 2 to 0f000f00
c197-032:23770:23811 [0] NCCL INFO Setting affinity for GPU 0 to 0f000f
c197-041:28481:28521 [0] NCCL INFO Setting affinity for GPU 0 to 0f000f
c197-022:13302:13343 [0] NCCL INFO Setting affinity for GPU 0 to 0f000f
c197-041:28483:28522 [2] NCCL INFO Setting affinity for GPU 2 to 0f000f00
c198-111:25861:25896 [2] NCCL INFO Setting affinity for GPU 2 to 0f000f00
c197-022:13304:13337 [2] NCCL INFO Setting affinity for GPU 2 to 0f000f00
c198-101:27879:27915 [0] NCCL INFO Setting affinity for GPU 0 to 0f000f
c198-102:18953:18993 [1] NCCL INFO Setting affinity for GPU 1 to f000f0
c198-101:27882:27919 [3] NCCL INFO Setting affinity for GPU 3 to f000f000
c196-092:316:357 [1] NCCL INFO Setting affinity for GPU 1 to f000f0
c198-101:27880:27916 [1] NCCL INFO Setting affinity for GPU 1 to f000f0
c198-101:27881:27920 [2] NCCL INFO Setting affinity for GPU 2 to 0f000f00
c197-032:23771:23810 [1] NCCL INFO Setting affinity for GPU 1 to f000f0
c198-091:26879:26917 [1] NCCL INFO Setting affinity for GPU 1 to f000f0
c197-092:4139:4179 [1] NCCL INFO Setting affinity for GPU 1 to f000f0
c197-041:28482:28516 [1] NCCL INFO Setting affinity for GPU 1 to f000f0
c198-082:5915:5955 [1] NCCL INFO Setting affinity for GPU 1 to f000f0
c197-022:13303:13341 [1] NCCL INFO Setting affinity for GPU 1 to f000f0
c197-012:14916:14950 [3] NCCL INFO Trees [0] -1/-1/-1->11->10 [1] -1/-1/-1->11->10
c197-022:13302:13343 [0] NCCL INFO Trees [0] 13/-1/-1->12->8 [1] 13/4/-1->12->28
c197-012:14915:14949 [2] NCCL INFO Trees [0] 11/-1/-1->10->9 [1] 11/-1/-1->10->9
c197-022:13304:13337 [2] NCCL INFO Trees [0] 15/-1/-1->14->13 [1] 15/-1/-1->14->13
c197-012:14914:14954 [1] NCCL INFO Trees [0] 10/4/-1->9->8 [1] 10/-1/-1->9->8
c196-092:318:353 [3] NCCL INFO Trees [0] -1/-1/-1->7->6 [1] -1/-1/-1->7->6
c197-022:13305:13340 [3] NCCL INFO Trees [0] -1/-1/-1->15->14 [1] -1/-1/-1->15->14
c197-032:23770:23811 [0] NCCL INFO Trees [0] 17/24/-1->16->33 [1] 17/-1/-1->16->20
c197-012:14913:14955 [0] NCCL INFO Trees [0] 9/12/-1->8->17 [1] 9/-1/-1->8->5
c196-092:317:352 [2] NCCL INFO Trees [0] 7/-1/-1->6->5 [1] 7/-1/-1->6->5
c197-022:13303:13341 [1] NCCL INFO Trees [0] 14/-1/-1->13->12 [1] 14/20/-1->13->12
c196-092:315:356 [0] NCCL INFO Trees [0] 5/-1/-1->4->9 [1] 5/0/-1->4->12
c196-092:316:357 [1] NCCL INFO Trees [0] 6/-1/-1->5->4 [1] 6/8/-1->5->4
c196-041:12940:12983 [1] NCCL INFO Trees [0] 2/-1/-1->1->0 [1] 2/-1/-1->1->0
c196-041:12941:12979 [2] NCCL INFO Trees [0] 3/-1/-1->2->1 [1] 3/-1/-1->2->1
c196-041:12942:12981 [3] NCCL INFO Trees [0] -1/-1/-1->3->2 [1] -1/-1/-1->3->2
c196-041:12939:12973 [0] NCCL INFO Channel 00/02 :    0   1   2   3   4   5   6   7   8   9  10  11  12  13  14  15  16  17  18  19
c196-041:12939:12973 [0] NCCL INFO Channel 01/02 :    0   1   2   3   4   5   6   7   8   9  10  11  12  13  14  15  16  17  18  19
c199-012:24259:24293 [2] NCCL INFO Trees [0] 63/-1/-1->62->61 [1] 63/-1/-1->62->61
c196-041:12939:12973 [0] NCCL INFO Trees [0] 1/32/-1->0->-1 [1] 1/-1/-1->0->4
c199-012:24260:24296 [3] NCCL INFO Trees [0] -1/-1/-1->63->62 [1] -1/-1/-1->63->62
c198-111:25861:25896 [2] NCCL INFO Trees [0] 55/-1/-1->54->53 [1] 55/-1/-1->54->53
c199-011:19325:19358 [2] NCCL INFO Trees [0] 59/-1/-1->58->57 [1] 59/-1/-1->58->57
c197-041:28481:28521 [0] NCCL INFO Trees [0] 21/-1/-1->20->25 [1] 21/16/-1->20->13
c197-092:4140:4174 [2] NCCL INFO Trees [0] 31/-1/-1->30->29 [1] 31/-1/-1->30->29
c198-082:5914:5954 [0] NCCL INFO Trees [0] 37/-1/-1->36->41 [1] 37/32/-1->36->44
c198-101:27881:27920 [2] NCCL INFO Trees [0] 47/-1/-1->46->45 [1] 47/-1/-1->46->45
c199-012:24257:24299 [0] NCCL INFO Trees [0] 61/-1/-1->60->56 [1] 61/28/-1->60->-1
c198-111:25862:25895 [3] NCCL INFO Trees [0] -1/-1/-1->55->54 [1] -1/-1/-1->55->54
c199-011:19326:19362 [3] NCCL INFO Trees [0] -1/-1/-1->59->58 [1] -1/-1/-1->59->58
c198-102:18953:18993 [1] NCCL INFO Trees [0] 50/40/-1->49->48 [1] 50/-1/-1->49->48
c197-042:23822:23857 [3] NCCL INFO Trees [0] -1/-1/-1->27->26 [1] -1/-1/-1->27->26
c197-032:23772:23805 [2] NCCL INFO Trees [0] 19/-1/-1->18->17 [1] 19/-1/-1->18->17
c197-041:28484:28520 [3] NCCL INFO Trees [0] -1/-1/-1->23->22 [1] -1/-1/-1->23->22
c197-101:2541:2581 [1] NCCL INFO Trees [0] 34/16/-1->33->32 [1] 34/-1/-1->33->32
c197-092:4141:4175 [3] NCCL INFO Trees [0] -1/-1/-1->31->30 [1] -1/-1/-1->31->30
c198-082:5916:5949 [2] NCCL INFO Trees [0] 39/-1/-1->38->37 [1] 39/-1/-1->38->37
c198-101:27882:27919 [3] NCCL INFO Trees [0] -1/-1/-1->47->46 [1] -1/-1/-1->47->46
c198-091:26878:26919 [0] NCCL INFO Trees [0] 41/44/-1->40->49 [1] 41/-1/-1->40->37
c199-012:24258:24298 [1] NCCL INFO Trees [0] 62/-1/-1->61->60 [1] 62/-1/-1->61->60
c198-111:25860:25899 [1] NCCL INFO Trees [0] 54/-1/-1->53->52 [1] 54/56/-1->53->52
c199-011:19323:19360 [0] NCCL INFO Trees [0] 57/60/-1->56->48 [1] 57/-1/-1->56->53
c198-102:18954:18989 [2] NCCL INFO Trees [0] 51/-1/-1->50->49 [1] 51/-1/-1->50->49
c197-042:23819:23861 [0] NCCL INFO Trees [0] 25/28/-1->24->16 [1] 25/-1/-1->24->21
c197-032:23773:23807 [3] NCCL INFO Trees [0] -1/-1/-1->19->18 [1] -1/-1/-1->19->18
c197-041:28483:28522 [2] NCCL INFO Trees [0] 23/-1/-1->22->21 [1] 23/-1/-1->22->21
c197-101:2542:2579 [2] NCCL INFO Trees [0] 35/-1/-1->34->33 [1] 35/-1/-1->34->33
c197-092:4138:4178 [0] NCCL INFO Trees [0] 29/-1/-1->28->24 [1] 29/12/-1->28->60
c198-082:5915:5955 [1] NCCL INFO Trees [0] 38/-1/-1->37->36 [1] 38/40/-1->37->36
c198-101:27880:27916 [1] NCCL INFO Trees [0] 46/-1/-1->45->44 [1] 46/52/-1->45->44
c198-091:26879:26917 [1] NCCL INFO Trees [0] 42/36/-1->41->40 [1] 42/-1/-1->41->40
c198-111:25859:25900 [0] NCCL INFO Trees [0] 53/-1/-1->52->57 [1] 53/48/-1->52->45
c199-011:19324:19364 [1] NCCL INFO Trees [0] 58/52/-1->57->56 [1] 58/-1/-1->57->56
c198-102:18955:18988 [3] NCCL INFO Trees [0] -1/-1/-1->51->50 [1] -1/-1/-1->51->50
c197-042:23820:23860 [1] NCCL INFO Trees [0] 26/20/-1->25->24 [1] 26/-1/-1->25->24
c197-032:23771:23810 [1] NCCL INFO Trees [0] 18/8/-1->17->16 [1] 18/-1/-1->17->16
c197-041:28482:28516 [1] NCCL INFO Trees [0] 22/-1/-1->21->20 [1] 22/24/-1->21->20
c197-101:2543:2577 [3] NCCL INFO Trees [0] -1/-1/-1->35->34 [1] -1/-1/-1->35->34
c197-092:4139:4179 [1] NCCL INFO Trees [0] 30/-1/-1->29->28 [1] 30/44/-1->29->28
c198-082:5917:5951 [3] NCCL INFO Trees [0] -1/-1/-1->39->38 [1] -1/-1/-1->39->38
c198-101:27879:27915 [0] NCCL INFO Trees [0] 45/-1/-1->44->40 [1] 45/36/-1->44->29
c198-091:26881:26913 [3] NCCL INFO Trees [0] -1/-1/-1->43->42 [1] -1/-1/-1->43->42
c198-102:18952:18992 [0] NCCL INFO Trees [0] 49/56/-1->48->32 [1] 49/-1/-1->48->52
c197-042:23821:23855 [2] NCCL INFO Trees [0] 27/-1/-1->26->25 [1] 27/-1/-1->26->25
c197-101:2540:2583 [0] NCCL INFO Trees [0] 33/48/-1->32->0 [1] 33/-1/-1->32->36
c198-091:26880:26915 [2] NCCL INFO Trees [0] 43/-1/-1->42->41 [1] 43/-1/-1->42->41
c197-032:23770:23811 [0] NCCL INFO Channel 00/0 : 15[83000] -> 16[2000] [receive] via NET/IB/0
c197-022:13302:13343 [0] NCCL INFO Channel 00/0 : 11[83000] -> 12[2000] [receive] via NET/IB/0
c196-092:315:356 [0] NCCL INFO Channel 00/0 : 3[83000] -> 4[2000] [receive] via NET/IB/0
c199-012:24257:24299 [0] NCCL INFO Channel 00/0 : 59[83000] -> 60[2000] [receive] via NET/IB/0
c196-041:12939:12973 [0] NCCL INFO Channel 00/0 : 63[83000] -> 0[2000] [receive] via NET/IB/0
c197-012:14913:14955 [0] NCCL INFO Channel 00/0 : 7[83000] -> 8[2000] [receive] via NET/IB/0
c199-011:19323:19360 [0] NCCL INFO Channel 00/0 : 55[83000] -> 56[2000] [receive] via NET/IB/0
c197-092:4138:4178 [0] NCCL INFO Channel 00/0 : 27[83000] -> 28[2000] [receive] via NET/IB/0
c198-101:27879:27915 [0] NCCL INFO Channel 00/0 : 43[83000] -> 44[2000] [receive] via NET/IB/0
c198-082:5914:5954 [0] NCCL INFO Channel 00/0 : 35[83000] -> 36[2000] [receive] via NET/IB/0
c198-102:18952:18992 [0] NCCL INFO Channel 00/0 : 47[83000] -> 48[2000] [receive] via NET/IB/0
c198-091:26878:26919 [0] NCCL INFO Channel 00/0 : 39[83000] -> 40[2000] [receive] via NET/IB/0
c198-111:25859:25900 [0] NCCL INFO Channel 00/0 : 51[83000] -> 52[2000] [receive] via NET/IB/0
c197-041:28481:28521 [0] NCCL INFO Channel 00/0 : 19[83000] -> 20[2000] [receive] via NET/IB/0
c197-101:2540:2583 [0] NCCL INFO Channel 00/0 : 31[83000] -> 32[2000] [receive] via NET/IB/0
c197-042:23819:23861 [0] NCCL INFO Channel 00/0 : 23[83000] -> 24[2000] [receive] via NET/IB/0
c197-012:14915:14949 [2] NCCL INFO Channel 00 : 10[82000] -> 11[83000] via direct shared memory
c197-012:14915:14949 [2] NCCL INFO Channel 01 : 10[82000] -> 11[83000] via direct shared memory
c197-012:14914:14954 [1] NCCL INFO Channel 00 : 9[3000] -> 10[82000] via direct shared memory
c197-012:14914:14954 [1] NCCL INFO Channel 01 : 9[3000] -> 10[82000] via direct shared memory
c197-022:13304:13337 [2] NCCL INFO Channel 00 : 14[82000] -> 15[83000] via direct shared memory
c197-022:13304:13337 [2] NCCL INFO Channel 01 : 14[82000] -> 15[83000] via direct shared memory
c199-011:19325:19358 [2] NCCL INFO Channel 00 : 58[82000] -> 59[83000] via direct shared memory
c197-042:23821:23855 [2] NCCL INFO Channel 00 : 26[82000] -> 27[83000] via direct shared memory
c197-042:23821:23855 [2] NCCL INFO Channel 01 : 26[82000] -> 27[83000] via direct shared memory
c199-011:19325:19358 [2] NCCL INFO Channel 01 : 58[82000] -> 59[83000] via direct shared memory
c196-041:12941:12979 [2] NCCL INFO Channel 00 : 2[82000] -> 3[83000] via direct shared memory
c198-111:25861:25896 [2] NCCL INFO Channel 00 : 54[82000] -> 55[83000] via direct shared memory
c197-032:23772:23805 [2] NCCL INFO Channel 00 : 18[82000] -> 19[83000] via direct shared memory
c196-092:317:352 [2] NCCL INFO Channel 00 : 6[82000] -> 7[83000] via direct shared memory
c197-032:23772:23805 [2] NCCL INFO Channel 01 : 18[82000] -> 19[83000] via direct shared memory
c198-082:5916:5949 [2] NCCL INFO Channel 00 : 38[82000] -> 39[83000] via direct shared memory
c198-111:25861:25896 [2] NCCL INFO Channel 01 : 54[82000] -> 55[83000] via direct shared memory
c199-011:19324:19364 [1] NCCL INFO Channel 00 : 57[3000] -> 58[82000] via direct shared memory
c196-092:317:352 [2] NCCL INFO Channel 01 : 6[82000] -> 7[83000] via direct shared memory
c197-101:2542:2579 [2] NCCL INFO Channel 00 : 34[82000] -> 35[83000] via direct shared memory
c197-092:4140:4174 [2] NCCL INFO Channel 00 : 30[82000] -> 31[83000] via direct shared memory
c198-082:5916:5949 [2] NCCL INFO Channel 01 : 38[82000] -> 39[83000] via direct shared memory
c199-012:24259:24293 [2] NCCL INFO Channel 00 : 62[82000] -> 63[83000] via direct shared memory
c199-011:19324:19364 [1] NCCL INFO Channel 01 : 57[3000] -> 58[82000] via direct shared memory
c196-041:12941:12979 [2] NCCL INFO Channel 01 : 2[82000] -> 3[83000] via direct shared memory
c197-101:2542:2579 [2] NCCL INFO Channel 01 : 34[82000] -> 35[83000] via direct shared memory
c197-092:4140:4174 [2] NCCL INFO Channel 01 : 30[82000] -> 31[83000] via direct shared memory
c199-012:24258:24298 [1] NCCL INFO Channel 00 : 61[3000] -> 62[82000] via direct shared memory
c198-102:18954:18989 [2] NCCL INFO Channel 00 : 50[82000] -> 51[83000] via direct shared memory
c197-042:23820:23860 [1] NCCL INFO Channel 00 : 25[3000] -> 26[82000] via direct shared memory
c198-091:26880:26915 [2] NCCL INFO Channel 00 : 42[82000] -> 43[83000] via direct shared memory
c199-012:24259:24293 [2] NCCL INFO Channel 01 : 62[82000] -> 63[83000] via direct shared memory
c198-102:18954:18989 [2] NCCL INFO Channel 01 : 50[82000] -> 51[83000] via direct shared memory
c196-041:12940:12983 [1] NCCL INFO Channel 00 : 1[3000] -> 2[82000] via direct shared memory
c197-042:23820:23860 [1] NCCL INFO Channel 01 : 25[3000] -> 26[82000] via direct shared memory
c198-091:26880:26915 [2] NCCL INFO Channel 01 : 42[82000] -> 43[83000] via direct shared memory
c199-012:24258:24298 [1] NCCL INFO Channel 01 : 61[3000] -> 62[82000] via direct shared memory
c196-041:12940:12983 [1] NCCL INFO Channel 01 : 1[3000] -> 2[82000] via direct shared memory
c197-041:28483:28522 [2] NCCL INFO Channel 00 : 22[82000] -> 23[83000] via direct shared memory
c198-111:25860:25899 [1] NCCL INFO Channel 00 : 53[3000] -> 54[82000] via direct shared memory
c198-102:18953:18993 [1] NCCL INFO Channel 00 : 49[3000] -> 50[82000] via direct shared memory
c197-012:14916:14950 [3] NCCL INFO Channel 00/0 : 11[83000] -> 12[2000] [send] via NET/IB/0
c197-041:28483:28522 [2] NCCL INFO Channel 01 : 22[82000] -> 23[83000] via direct shared memory
c198-111:25860:25899 [1] NCCL INFO Channel 01 : 53[3000] -> 54[82000] via direct shared memory
c198-101:27881:27920 [2] NCCL INFO Channel 00 : 46[82000] -> 47[83000] via direct shared memory
c198-102:18953:18993 [1] NCCL INFO Channel 01 : 49[3000] -> 50[82000] via direct shared memory
c197-101:2541:2581 [1] NCCL INFO Channel 00 : 33[3000] -> 34[82000] via direct shared memory
c198-101:27880:27916 [1] NCCL INFO Channel 00 : 45[3000] -> 46[82000] via direct shared memory
c197-101:2541:2581 [1] NCCL INFO Channel 01 : 33[3000] -> 34[82000] via direct shared memory
c198-101:27881:27920 [2] NCCL INFO Channel 01 : 46[82000] -> 47[83000] via direct shared memory
c198-101:27880:27916 [1] NCCL INFO Channel 01 : 45[3000] -> 46[82000] via direct shared memory
c197-022:13305:13340 [3] NCCL INFO Channel 00/0 : 15[83000] -> 16[2000] [send] via NET/IB/0
c199-011:19326:19362 [3] NCCL INFO Channel 00/0 : 59[83000] -> 60[2000] [send] via NET/IB/0
c197-042:23822:23857 [3] NCCL INFO Channel 00/0 : 27[83000] -> 28[2000] [send] via NET/IB/0
c198-111:25862:25895 [3] NCCL INFO Channel 00/0 : 55[83000] -> 56[2000] [send] via NET/IB/0
c197-032:23773:23807 [3] NCCL INFO Channel 00/0 : 19[83000] -> 20[2000] [send] via NET/IB/0
c197-092:4141:4175 [3] NCCL INFO Channel 00/0 : 31[83000] -> 32[2000] [send] via NET/IB/0
c196-092:318:353 [3] NCCL INFO Channel 00/0 : 7[83000] -> 8[2000] [send] via NET/IB/0
c198-082:5917:5951 [3] NCCL INFO Channel 00/0 : 39[83000] -> 40[2000] [send] via NET/IB/0
c199-012:24260:24296 [3] NCCL INFO Channel 00/0 : 63[83000] -> 0[2000] [send] via NET/IB/0
c198-102:18955:18988 [3] NCCL INFO Channel 00/0 : 51[83000] -> 52[2000] [send] via NET/IB/0
c196-041:12942:12981 [3] NCCL INFO Channel 00/0 : 3[83000] -> 4[2000] [send] via NET/IB/0
c197-101:2543:2577 [3] NCCL INFO Channel 00/0 : 35[83000] -> 36[2000] [send] via NET/IB/0
c198-091:26881:26913 [3] NCCL INFO Channel 00/0 : 43[83000] -> 44[2000] [send] via NET/IB/0
c197-041:28484:28520 [3] NCCL INFO Channel 00/0 : 23[83000] -> 24[2000] [send] via NET/IB/0
c198-101:27882:27919 [3] NCCL INFO Channel 00/0 : 47[83000] -> 48[2000] [send] via NET/IB/0
c197-022:13303:13341 [1] NCCL INFO Channel 00 : 13[3000] -> 14[82000] via direct shared memory
c197-022:13303:13341 [1] NCCL INFO Channel 01 : 13[3000] -> 14[82000] via direct shared memory
c196-092:316:357 [1] NCCL INFO Channel 00 : 5[3000] -> 6[82000] via direct shared memory
c196-092:316:357 [1] NCCL INFO Channel 01 : 5[3000] -> 6[82000] via direct shared memory
c198-082:5915:5955 [1] NCCL INFO Channel 00 : 37[3000] -> 38[82000] via direct shared memory
c197-032:23771:23810 [1] NCCL INFO Channel 00 : 17[3000] -> 18[82000] via direct shared memory
c197-032:23771:23810 [1] NCCL INFO Channel 01 : 17[3000] -> 18[82000] via direct shared memory
c197-041:28482:28516 [1] NCCL INFO Channel 00 : 21[3000] -> 22[82000] via direct shared memory
c198-082:5915:5955 [1] NCCL INFO Channel 01 : 37[3000] -> 38[82000] via direct shared memory
c197-041:28482:28516 [1] NCCL INFO Channel 01 : 21[3000] -> 22[82000] via direct shared memory
c198-091:26879:26917 [1] NCCL INFO Channel 00 : 41[3000] -> 42[82000] via direct shared memory
c197-092:4139:4179 [1] NCCL INFO Channel 00 : 29[3000] -> 30[82000] via direct shared memory
c198-091:26879:26917 [1] NCCL INFO Channel 01 : 41[3000] -> 42[82000] via direct shared memory
c197-092:4139:4179 [1] NCCL INFO Channel 01 : 29[3000] -> 30[82000] via direct shared memory
c197-032:23770:23811 [0] NCCL INFO Channel 01/0 : 15[83000] -> 16[2000] [receive] via NET/IB/0
c197-032:23770:23811 [0] NCCL INFO Channel 00 : 16[2000] -> 17[3000] via direct shared memory
c197-032:23770:23811 [0] NCCL INFO Channel 01 : 16[2000] -> 17[3000] via direct shared memory
c197-022:13302:13343 [0] NCCL INFO Channel 01/0 : 11[83000] -> 12[2000] [receive] via NET/IB/0
c196-092:315:356 [0] NCCL INFO Channel 01/0 : 3[83000] -> 4[2000] [receive] via NET/IB/0
c197-022:13302:13343 [0] NCCL INFO Channel 00 : 12[2000] -> 13[3000] via direct shared memory
c199-012:24257:24299 [0] NCCL INFO Channel 01/0 : 59[83000] -> 60[2000] [receive] via NET/IB/0
c197-012:14913:14955 [0] NCCL INFO Channel 01/0 : 7[83000] -> 8[2000] [receive] via NET/IB/0
c196-092:315:356 [0] NCCL INFO Channel 00 : 4[2000] -> 5[3000] via direct shared memory
c196-041:12939:12973 [0] NCCL INFO Channel 01/0 : 63[83000] -> 0[2000] [receive] via NET/IB/0
c197-022:13302:13343 [0] NCCL INFO Channel 01 : 12[2000] -> 13[3000] via direct shared memory
c197-012:14913:14955 [0] NCCL INFO Channel 00 : 8[2000] -> 9[3000] via direct shared memory
c196-092:315:356 [0] NCCL INFO Channel 01 : 4[2000] -> 5[3000] via direct shared memory
c199-012:24257:24299 [0] NCCL INFO Channel 00 : 60[2000] -> 61[3000] via direct shared memory
c197-012:14913:14955 [0] NCCL INFO Channel 01 : 8[2000] -> 9[3000] via direct shared memory
c198-091:26878:26919 [0] NCCL INFO Channel 01/0 : 39[83000] -> 40[2000] [receive] via NET/IB/0
c199-012:24257:24299 [0] NCCL INFO Channel 01 : 60[2000] -> 61[3000] via direct shared memory
c197-092:4138:4178 [0] NCCL INFO Channel 01/0 : 27[83000] -> 28[2000] [receive] via NET/IB/0
c198-111:25859:25900 [0] NCCL INFO Channel 01/0 : 51[83000] -> 52[2000] [receive] via NET/IB/0
c196-041:12939:12973 [0] NCCL INFO Channel 00 : 0[2000] -> 1[3000] via direct shared memory
c198-091:26878:26919 [0] NCCL INFO Channel 00 : 40[2000] -> 41[3000] via direct shared memory
c196-041:12939:12973 [0] NCCL INFO Channel 01 : 0[2000] -> 1[3000] via direct shared memory
c198-091:26878:26919 [0] NCCL INFO Channel 01 : 40[2000] -> 41[3000] via direct shared memory
c198-111:25859:25900 [0] NCCL INFO Channel 00 : 52[2000] -> 53[3000] via direct shared memory
c197-092:4138:4178 [0] NCCL INFO Channel 00 : 28[2000] -> 29[3000] via direct shared memory
c198-082:5914:5954 [0] NCCL INFO Channel 01/0 : 35[83000] -> 36[2000] [receive] via NET/IB/0
c198-101:27879:27915 [0] NCCL INFO Channel 01/0 : 43[83000] -> 44[2000] [receive] via NET/IB/0
c198-111:25859:25900 [0] NCCL INFO Channel 01 : 52[2000] -> 53[3000] via direct shared memory
c198-102:18952:18992 [0] NCCL INFO Channel 01/0 : 47[83000] -> 48[2000] [receive] via NET/IB/0
c197-092:4138:4178 [0] NCCL INFO Channel 01 : 28[2000] -> 29[3000] via direct shared memory
c198-082:5914:5954 [0] NCCL INFO Channel 00 : 36[2000] -> 37[3000] via direct shared memory
c198-101:27879:27915 [0] NCCL INFO Channel 00 : 44[2000] -> 45[3000] via direct shared memory
c199-011:19323:19360 [0] NCCL INFO Channel 01/0 : 55[83000] -> 56[2000] [receive] via NET/IB/0
c198-102:18952:18992 [0] NCCL INFO Channel 00 : 48[2000] -> 49[3000] via direct shared memory
c198-082:5914:5954 [0] NCCL INFO Channel 01 : 36[2000] -> 37[3000] via direct shared memory
c198-101:27879:27915 [0] NCCL INFO Channel 01 : 44[2000] -> 45[3000] via direct shared memory
c199-011:19323:19360 [0] NCCL INFO Channel 00 : 56[2000] -> 57[3000] via direct shared memory
c198-102:18952:18992 [0] NCCL INFO Channel 01 : 48[2000] -> 49[3000] via direct shared memory
c199-011:19323:19360 [0] NCCL INFO Channel 01 : 56[2000] -> 57[3000] via direct shared memory
c197-041:28481:28521 [0] NCCL INFO Channel 01/0 : 19[83000] -> 20[2000] [receive] via NET/IB/0
c197-101:2540:2583 [0] NCCL INFO Channel 01/0 : 31[83000] -> 32[2000] [receive] via NET/IB/0
c197-041:28481:28521 [0] NCCL INFO Channel 00 : 20[2000] -> 21[3000] via direct shared memory
c197-101:2540:2583 [0] NCCL INFO Channel 00 : 32[2000] -> 33[3000] via direct shared memory
c197-041:28481:28521 [0] NCCL INFO Channel 01 : 20[2000] -> 21[3000] via direct shared memory
c197-101:2540:2583 [0] NCCL INFO Channel 01 : 32[2000] -> 33[3000] via direct shared memory
