c199-042:15713:15749 [0] NCCL INFO Channel 01 : 56[2000] -> 57[3000] via SHM/direct/direct
c198-011:5236:5271 [0] NCCL INFO Channel 00 : 0[2000] -> 1[3000] via SHM/direct/direct
c198-012:8660:8696 [0] NCCL INFO Channel 00 : 4[2000] -> 5[3000] via SHM/direct/direct
c198-021:24122:24156 [0] NCCL INFO Channel 01/0 : 7[83000] -> 8[2000] [receive] via NET/IB/0
c198-032:30011:30046 [0] NCCL INFO Channel 00 : 20[2000] -> 21[3000] via SHM/direct/direct
c198-041:23327:23363 [0] NCCL INFO Channel 00 : 24[2000] -> 25[3000] via SHM/direct/direct
c198-011:5236:5271 [0] NCCL INFO Channel 01 : 0[2000] -> 1[3000] via SHM/direct/direct
c198-012:8660:8696 [0] NCCL INFO Channel 01 : 4[2000] -> 5[3000] via SHM/direct/direct
c198-031:3309:3351 [0] NCCL INFO Channel 01/0 : 15[83000] -> 16[2000] [receive] via NET/IB/0
c198-032:30011:30046 [0] NCCL INFO Channel 01 : 20[2000] -> 21[3000] via SHM/direct/direct
c198-041:23327:23363 [0] NCCL INFO Channel 01 : 24[2000] -> 25[3000] via SHM/direct/direct
c198-042:16290:16326 [0] NCCL INFO Channel 00 : 28[2000] -> 29[3000] via SHM/direct/direct
c199-022:25003:25041 [0] NCCL INFO Channel 00 : 40[2000] -> 41[3000] via SHM/direct/direct
c199-032:5645:5681 [0] NCCL INFO Channel 01 : 48[2000] -> 49[3000] via SHM/direct/direct
c198-021:24122:24156 [0] NCCL INFO Channel 00 : 8[2000] -> 9[3000] via SHM/direct/direct
c198-042:16290:16326 [0] NCCL INFO Channel 01 : 28[2000] -> 29[3000] via SHM/direct/direct
c199-022:25003:25041 [0] NCCL INFO Channel 01 : 40[2000] -> 41[3000] via SHM/direct/direct
c199-041:22144:22180 [0] NCCL INFO Channel 01/0 : 51[83000] -> 52[2000] [receive] via NET/IB/0
c198-021:24122:24156 [0] NCCL INFO Channel 01 : 8[2000] -> 9[3000] via SHM/direct/direct
c198-031:3309:3351 [0] NCCL INFO Channel 00 : 16[2000] -> 17[3000] via SHM/direct/direct
c199-041:22144:22180 [0] NCCL INFO Channel 00 : 52[2000] -> 53[3000] via SHM/direct/direct
c198-031:3309:3351 [0] NCCL INFO Channel 01 : 16[2000] -> 17[3000] via SHM/direct/direct
c199-041:22144:22180 [0] NCCL INFO Channel 01 : 52[2000] -> 53[3000] via SHM/direct/direct
c199-031:22979:23011 [1] NCCL INFO Connected all rings
c198-051:20665:20700 [1] NCCL INFO Connected all rings
c198-041:23328:23362 [1] NCCL INFO Connected all rings
c199-022:25004:25040 [1] NCCL INFO Connected all rings
c198-011:5237:5275 [1] NCCL INFO Connected all rings
c199-051:30785:30820 [1] NCCL INFO Connected all rings
c199-042:15714:15750 [1] NCCL INFO Connected all rings
c198-022:25236:25271 [1] NCCL INFO Connected all rings
c199-032:5646:5680 [1] NCCL INFO Connected all rings
c198-042:16291:16325 [1] NCCL INFO Connected all rings
c199-021:7288:7321 [1] NCCL INFO Connected all rings
c198-031:3310:3352 [1] NCCL INFO Connected all rings
c198-032:30012:30045 [1] NCCL INFO Connected all rings
c198-021:24123:24157 [1] NCCL INFO Connected all rings
c198-012:8661:8695 [1] NCCL INFO Connected all rings
c199-041:22145:22179 [1] NCCL INFO Connected all rings
c198-041:23330:23361 [3] NCCL INFO Channel 01/0 : 27[83000] -> 28[2000] [send] via NET/IB/0
c198-012:8663:8692 [3] NCCL INFO Channel 01/0 : 7[83000] -> 8[2000] [send] via NET/IB/0
c198-032:30014:30049 [3] NCCL INFO Channel 01/0 : 23[83000] -> 24[2000] [send] via NET/IB/0
c199-022:25006:25037 [3] NCCL INFO Channel 01/0 : 43[83000] -> 44[2000] [send] via NET/IB/0
c198-021:24125:24154 [3] NCCL INFO Channel 01/0 : 11[83000] -> 12[2000] [send] via NET/IB/0
c198-031:3320:3349 [3] NCCL INFO Channel 01/0 : 19[83000] -> 20[2000] [send] via NET/IB/0
c198-051:20667:20699 [3] NCCL INFO Channel 01/0 : 35[83000] -> 36[2000] [send] via NET/IB/0
c199-021:7290:7319 [3] NCCL INFO Channel 01/0 : 39[83000] -> 40[2000] [send] via NET/IB/0
c199-031:22981:23012 [3] NCCL INFO Channel 01/0 : 47[83000] -> 48[2000] [send] via NET/IB/0
c198-022:25238:25268 [3] NCCL INFO Channel 01/0 : 15[83000] -> 16[2000] [send] via NET/IB/0
c199-041:22147:22178 [3] NCCL INFO Channel 01/0 : 55[83000] -> 56[2000] [send] via NET/IB/0
c199-042:15716:15745 [3] NCCL INFO Channel 01/0 : 59[83000] -> 60[2000] [send] via NET/IB/0
c199-051:30787:30817 [3] NCCL INFO Channel 01/0 : 63[83000] -> 0[2000] [send] via NET/IB/0
c198-011:5239:5270 [3] NCCL INFO Channel 01/0 : 3[83000] -> 4[2000] [send] via NET/IB/0
c199-032:5648:5679 [3] NCCL INFO Channel 01/0 : 51[83000] -> 52[2000] [send] via NET/IB/0
c198-042:16293:16323 [3] NCCL INFO Channel 01/0 : 31[83000] -> 32[2000] [send] via NET/IB/0
c198-012:8662:8694 [2] NCCL INFO Connected all rings
c198-041:23329:23360 [2] NCCL INFO Connected all rings
c198-011:5237:5275 [1] NCCL INFO Channel 00 : 1[3000] -> 0[2000] via SHM/direct/direct
c199-022:25005:25036 [2] NCCL INFO Connected all rings
c198-021:24124:24155 [2] NCCL INFO Connected all rings
c198-022:25237:25269 [2] NCCL INFO Connected all rings
c199-021:7289:7322 [2] NCCL INFO Connected all rings
c198-042:16292:16324 [2] NCCL INFO Connected all rings
c198-032:30013:30050 [2] NCCL INFO Connected all rings
c199-042:15715:15747 [2] NCCL INFO Connected all rings
c198-051:20666:20698 [2] NCCL INFO Connected all rings
c199-051:30785:30820 [1] NCCL INFO Channel 00 : 61[3000] -> 60[2000] via SHM/direct/direct
c199-031:22980:23013 [2] NCCL INFO Connected all rings
c198-031:3311:3350 [2] NCCL INFO Connected all rings
c199-041:22146:22177 [2] NCCL INFO Connected all rings
c198-011:5237:5275 [1] NCCL INFO Channel 01 : 1[3000] -> 0[2000] via SHM/direct/direct
c199-051:30785:30820 [1] NCCL INFO Channel 01 : 61[3000] -> 60[2000] via SHM/direct/direct
c199-032:5647:5678 [2] NCCL INFO Connected all rings
c199-051:30786:30818 [2] NCCL INFO Connected all rings
c198-011:5238:5269 [2] NCCL INFO Connected all rings
c199-022:25005:25036 [2] NCCL INFO Channel 00 : 42[82000] -> 41[3000] via SHM/direct/direct
c198-041:23329:23360 [2] NCCL INFO Channel 00 : 26[82000] -> 25[3000] via SHM/direct/direct
c199-022:25005:25036 [2] NCCL INFO Channel 01 : 42[82000] -> 41[3000] via SHM/direct/direct
c198-041:23329:23360 [2] NCCL INFO Channel 01 : 26[82000] -> 25[3000] via SHM/direct/direct
c198-041:23327:23363 [0] NCCL INFO Connected all rings
c198-041:23330:23361 [3] NCCL INFO Connected all rings
c198-012:8662:8694 [2] NCCL INFO Channel 00 : 6[82000] -> 5[3000] via SHM/direct/direct
c198-032:30014:30049 [3] NCCL INFO Connected all rings
c198-012:8662:8694 [2] NCCL INFO Channel 01 : 6[82000] -> 5[3000] via SHM/direct/direct
c198-041:23330:23361 [3] NCCL INFO Channel 00 : 27[83000] -> 26[82000] via SHM/direct/direct
c198-032:30014:30049 [3] NCCL INFO Channel 00 : 23[83000] -> 22[82000] via SHM/direct/direct
c198-041:23330:23361 [3] NCCL INFO Channel 01 : 27[83000] -> 26[82000] via SHM/direct/direct
c198-021:24124:24155 [2] NCCL INFO Channel 00 : 10[82000] -> 9[3000] via SHM/direct/direct
c198-051:20667:20699 [3] NCCL INFO Connected all rings
c199-022:25003:25041 [0] NCCL INFO Connected all rings
c198-021:24125:24154 [3] NCCL INFO Connected all rings
c198-032:30014:30049 [3] NCCL INFO Channel 01 : 23[83000] -> 22[82000] via SHM/direct/direct
c198-042:16290:16326 [0] NCCL INFO Connected all rings
c199-021:7290:7319 [3] NCCL INFO Connected all rings
c198-012:8663:8692 [3] NCCL INFO Connected all rings
c198-021:24124:24155 [2] NCCL INFO Channel 01 : 10[82000] -> 9[3000] via SHM/direct/direct
c198-021:24122:24156 [0] NCCL INFO Connected all rings
c198-032:30013:30050 [2] NCCL INFO Channel 00 : 22[82000] -> 21[3000] via SHM/direct/direct
c198-051:20667:20699 [3] NCCL INFO Channel 00 : 35[83000] -> 34[82000] via SHM/direct/direct
c198-012:8663:8692 [3] NCCL INFO Channel 00 : 7[83000] -> 6[82000] via SHM/direct/direct
c198-021:24125:24154 [3] NCCL INFO Channel 00 : 11[83000] -> 10[82000] via SHM/direct/direct
c198-022:25235:25270 [0] NCCL INFO Connected all rings
c198-032:30013:30050 [2] NCCL INFO Channel 01 : 22[82000] -> 21[3000] via SHM/direct/direct
c198-051:20667:20699 [3] NCCL INFO Channel 01 : 35[83000] -> 34[82000] via SHM/direct/direct
c199-021:7287:7320 [0] NCCL INFO Connected all rings
c199-022:25006:25037 [3] NCCL INFO Connected all rings
c198-012:8663:8692 [3] NCCL INFO Channel 01 : 7[83000] -> 6[82000] via SHM/direct/direct
c198-021:24125:24154 [3] NCCL INFO Channel 01 : 11[83000] -> 10[82000] via SHM/direct/direct
c199-051:30787:30817 [3] NCCL INFO Connected all rings
c199-021:7290:7319 [3] NCCL INFO Channel 00 : 39[83000] -> 38[82000] via SHM/direct/direct
c199-041:22144:22180 [0] NCCL INFO Connected all rings
c198-022:25237:25269 [2] NCCL INFO Channel 00 : 14[82000] -> 13[3000] via SHM/direct/direct
c199-021:7289:7322 [2] NCCL INFO Channel 00 : 38[82000] -> 37[3000] via SHM/direct/direct
c199-022:25006:25037 [3] NCCL INFO Channel 00 : 43[83000] -> 42[82000] via SHM/direct/direct
c199-031:22978:23010 [0] NCCL INFO Connected all rings
c199-021:7290:7319 [3] NCCL INFO Channel 01 : 39[83000] -> 38[82000] via SHM/direct/direct
c199-031:22980:23013 [2] NCCL INFO Channel 00 : 46[82000] -> 45[3000] via SHM/direct/direct
c198-022:25238:25268 [3] NCCL INFO Connected all rings
c198-042:16292:16324 [2] NCCL INFO Channel 00 : 30[82000] -> 29[3000] via SHM/direct/direct
c198-051:20666:20698 [2] NCCL INFO Channel 00 : 34[82000] -> 33[3000] via SHM/direct/direct
c199-051:30787:30817 [3] NCCL INFO Channel 00 : 63[83000] -> 62[82000] via SHM/direct/direct
c199-021:7289:7322 [2] NCCL INFO Channel 01 : 38[82000] -> 37[3000] via SHM/direct/direct
c199-031:22980:23013 [2] NCCL INFO Channel 01 : 46[82000] -> 45[3000] via SHM/direct/direct
c198-022:25237:25269 [2] NCCL INFO Channel 01 : 14[82000] -> 13[3000] via SHM/direct/direct
c198-031:3311:3350 [2] NCCL INFO Channel 00 : 18[82000] -> 17[3000] via SHM/direct/direct
c198-042:16293:16323 [3] NCCL INFO Connected all rings
c198-051:20664:20701 [0] NCCL INFO Connected all rings
c199-022:25006:25037 [3] NCCL INFO Channel 01 : 43[83000] -> 42[82000] via SHM/direct/direct
c199-032:5648:5679 [3] NCCL INFO Connected all rings
c198-022:25238:25268 [3] NCCL INFO Channel 00 : 15[83000] -> 14[82000] via SHM/direct/direct
c198-031:3320:3349 [3] NCCL INFO Connected all rings
c198-051:20666:20698 [2] NCCL INFO Channel 01 : 34[82000] -> 33[3000] via SHM/direct/direct
c199-051:30787:30817 [3] NCCL INFO Channel 01 : 63[83000] -> 62[82000] via SHM/direct/direct
c199-031:22981:23012 [3] NCCL INFO Connected all rings
c198-031:3311:3350 [2] NCCL INFO Channel 01 : 18[82000] -> 17[3000] via SHM/direct/direct
c199-051:30784:30819 [0] NCCL INFO Connected all rings
c198-031:3320:3349 [3] NCCL INFO Channel 00 : 19[83000] -> 18[82000] via SHM/direct/direct
c198-011:5236:5271 [0] NCCL INFO Connected all rings
c198-022:25238:25268 [3] NCCL INFO Channel 01 : 15[83000] -> 14[82000] via SHM/direct/direct
c199-031:22981:23012 [3] NCCL INFO Channel 00 : 47[83000] -> 46[82000] via SHM/direct/direct
c199-041:22146:22177 [2] NCCL INFO Channel 00 : 54[82000] -> 53[3000] via SHM/direct/direct
c198-011:5238:5269 [2] NCCL INFO Channel 00 : 2[82000] -> 1[3000] via SHM/direct/direct
c198-031:3320:3349 [3] NCCL INFO Channel 01 : 19[83000] -> 18[82000] via SHM/direct/direct
c198-042:16292:16324 [2] NCCL INFO Channel 01 : 30[82000] -> 29[3000] via SHM/direct/direct
c199-051:30786:30818 [2] NCCL INFO Channel 00 : 62[82000] -> 61[3000] via SHM/direct/direct
c198-012:8660:8696 [0] NCCL INFO Connected all rings
c198-042:16293:16323 [3] NCCL INFO Channel 00 : 31[83000] -> 30[82000] via SHM/direct/direct
c199-031:22981:23012 [3] NCCL INFO Channel 01 : 47[83000] -> 46[82000] via SHM/direct/direct
c199-042:15713:15749 [0] NCCL INFO Connected all rings
c199-041:22146:22177 [2] NCCL INFO Channel 01 : 54[82000] -> 53[3000] via SHM/direct/direct
c198-011:5238:5269 [2] NCCL INFO Channel 01 : 2[82000] -> 1[3000] via SHM/direct/direct
c199-051:30786:30818 [2] NCCL INFO Channel 01 : 62[82000] -> 61[3000] via SHM/direct/direct
c199-041:22147:22178 [3] NCCL INFO Connected all rings
c198-042:16293:16323 [3] NCCL INFO Channel 01 : 31[83000] -> 30[82000] via SHM/direct/direct
c198-011:5239:5270 [3] NCCL INFO Connected all rings
c199-041:22147:22178 [3] NCCL INFO Channel 00 : 55[83000] -> 54[82000] via SHM/direct/direct
c198-011:5239:5270 [3] NCCL INFO Channel 00 : 3[83000] -> 2[82000] via SHM/direct/direct
c199-032:5647:5678 [2] NCCL INFO Channel 00 : 50[82000] -> 49[3000] via SHM/direct/direct
c199-041:22147:22178 [3] NCCL INFO Channel 01 : 55[83000] -> 54[82000] via SHM/direct/direct
c199-032:5648:5679 [3] NCCL INFO Channel 00 : 51[83000] -> 50[82000] via SHM/direct/direct
c199-042:15716:15745 [3] NCCL INFO Connected all rings
c199-032:5647:5678 [2] NCCL INFO Channel 01 : 50[82000] -> 49[3000] via SHM/direct/direct
c198-011:5239:5270 [3] NCCL INFO Channel 01 : 3[83000] -> 2[82000] via SHM/direct/direct
c199-042:15715:15747 [2] NCCL INFO Channel 00 : 58[82000] -> 57[3000] via SHM/direct/direct
c199-032:5648:5679 [3] NCCL INFO Channel 01 : 51[83000] -> 50[82000] via SHM/direct/direct
c199-042:15716:15745 [3] NCCL INFO Channel 00 : 59[83000] -> 58[82000] via SHM/direct/direct
c199-042:15715:15747 [2] NCCL INFO Channel 01 : 58[82000] -> 57[3000] via SHM/direct/direct
c199-042:15716:15745 [3] NCCL INFO Channel 01 : 59[83000] -> 58[82000] via SHM/direct/direct
c198-041:23330:23361 [3] NCCL INFO Connected all trees
c198-041:23330:23361 [3] NCCL INFO NCCL_NTHREADS set by environment to 256.
c198-041:23330:23361 [3] NCCL INFO NCCL_PROTO set by environment to Simple
c198-041:23330:23361 [3] NCCL INFO NCCL_ALGO set by environment to TREE
c198-041:23330:23361 [3] NCCL INFO threadThresholds 8/8/64 | 512/8/64 | 512 | 512
c198-041:23330:23361 [3] NCCL INFO 2 coll channels, 0 nvls channels, 2 p2p channels, 2 p2p channels per peer
c198-032:30014:30049 [3] NCCL INFO Connected all trees
c198-032:30014:30049 [3] NCCL INFO NCCL_NTHREADS set by environment to 256.
c198-032:30014:30049 [3] NCCL INFO NCCL_PROTO set by environment to Simple
c198-012:8663:8692 [3] NCCL INFO Connected all trees
c198-032:30014:30049 [3] NCCL INFO NCCL_ALGO set by environment to TREE
c198-032:30014:30049 [3] NCCL INFO threadThresholds 8/8/64 | 512/8/64 | 512 | 512
c198-032:30014:30049 [3] NCCL INFO 2 coll channels, 0 nvls channels, 2 p2p channels, 2 p2p channels per peer
c198-012:8663:8692 [3] NCCL INFO NCCL_NTHREADS set by environment to 256.
c198-012:8663:8692 [3] NCCL INFO NCCL_PROTO set by environment to Simple
c198-012:8663:8692 [3] NCCL INFO NCCL_ALGO set by environment to TREE
c198-012:8663:8692 [3] NCCL INFO threadThresholds 8/8/64 | 512/8/64 | 512 | 512
c198-012:8663:8692 [3] NCCL INFO 2 coll channels, 0 nvls channels, 2 p2p channels, 2 p2p channels per peer
c198-021:24125:24154 [3] NCCL INFO Connected all trees
c198-021:24125:24154 [3] NCCL INFO NCCL_NTHREADS set by environment to 256.
c198-021:24125:24154 [3] NCCL INFO NCCL_PROTO set by environment to Simple
c198-021:24125:24154 [3] NCCL INFO NCCL_ALGO set by environment to TREE
c198-021:24125:24154 [3] NCCL INFO threadThresholds 8/8/64 | 512/8/64 | 512 | 512
c198-021:24125:24154 [3] NCCL INFO 2 coll channels, 0 nvls channels, 2 p2p channels, 2 p2p channels per peer
c199-021:7290:7319 [3] NCCL INFO Connected all trees
c199-021:7290:7319 [3] NCCL INFO NCCL_NTHREADS set by environment to 256.
c199-021:7290:7319 [3] NCCL INFO NCCL_PROTO set by environment to Simple
c199-021:7290:7319 [3] NCCL INFO NCCL_ALGO set by environment to TREE
c199-021:7290:7319 [3] NCCL INFO threadThresholds 8/8/64 | 512/8/64 | 512 | 512
c199-021:7290:7319 [3] NCCL INFO 2 coll channels, 0 nvls channels, 2 p2p channels, 2 p2p channels per peer
c199-022:25006:25037 [3] NCCL INFO Connected all trees
c199-022:25006:25037 [3] NCCL INFO NCCL_NTHREADS set by environment to 256.
c198-051:20667:20699 [3] NCCL INFO Connected all trees
c199-022:25006:25037 [3] NCCL INFO NCCL_PROTO set by environment to Simple
c199-022:25006:25037 [3] NCCL INFO NCCL_ALGO set by environment to TREE
c198-051:20667:20699 [3] NCCL INFO NCCL_NTHREADS set by environment to 256.
c199-022:25006:25037 [3] NCCL INFO threadThresholds 8/8/64 | 512/8/64 | 512 | 512
c198-051:20667:20699 [3] NCCL INFO NCCL_PROTO set by environment to Simple
c199-022:25006:25037 [3] NCCL INFO 2 coll channels, 0 nvls channels, 2 p2p channels, 2 p2p channels per peer
c198-051:20667:20699 [3] NCCL INFO NCCL_ALGO set by environment to TREE
c198-051:20667:20699 [3] NCCL INFO threadThresholds 8/8/64 | 512/8/64 | 512 | 512
c198-051:20667:20699 [3] NCCL INFO 2 coll channels, 0 nvls channels, 2 p2p channels, 2 p2p channels per peer
c198-022:25238:25268 [3] NCCL INFO Connected all trees
c198-022:25238:25268 [3] NCCL INFO NCCL_NTHREADS set by environment to 256.
c198-022:25238:25268 [3] NCCL INFO NCCL_PROTO set by environment to Simple
c198-022:25238:25268 [3] NCCL INFO NCCL_ALGO set by environment to TREE
c198-022:25238:25268 [3] NCCL INFO threadThresholds 8/8/64 | 512/8/64 | 512 | 512
c198-022:25238:25268 [3] NCCL INFO 2 coll channels, 0 nvls channels, 2 p2p channels, 2 p2p channels per peer
c199-031:22981:23012 [3] NCCL INFO Connected all trees
c199-031:22981:23012 [3] NCCL INFO NCCL_NTHREADS set by environment to 256.
c199-031:22981:23012 [3] NCCL INFO NCCL_PROTO set by environment to Simple
c199-031:22981:23012 [3] NCCL INFO NCCL_ALGO set by environment to TREE
c199-031:22981:23012 [3] NCCL INFO threadThresholds 8/8/64 | 512/8/64 | 512 | 512
c199-031:22981:23012 [3] NCCL INFO 2 coll channels, 0 nvls channels, 2 p2p channels, 2 p2p channels per peer
c198-042:16293:16323 [3] NCCL INFO Connected all trees
c198-042:16293:16323 [3] NCCL INFO NCCL_NTHREADS set by environment to 256.
c199-051:30787:30817 [3] NCCL INFO Connected all trees
c198-042:16293:16323 [3] NCCL INFO NCCL_PROTO set by environment to Simple
c198-042:16293:16323 [3] NCCL INFO NCCL_ALGO set by environment to TREE
c199-051:30787:30817 [3] NCCL INFO NCCL_NTHREADS set by environment to 256.
c198-042:16293:16323 [3] NCCL INFO threadThresholds 8/8/64 | 512/8/64 | 512 | 512
c199-051:30787:30817 [3] NCCL INFO NCCL_PROTO set by environment to Simple
c198-042:16293:16323 [3] NCCL INFO 2 coll channels, 0 nvls channels, 2 p2p channels, 2 p2p channels per peer
c199-051:30787:30817 [3] NCCL INFO NCCL_ALGO set by environment to TREE
c199-051:30787:30817 [3] NCCL INFO threadThresholds 8/8/64 | 512/8/64 | 512 | 512
c199-051:30787:30817 [3] NCCL INFO 2 coll channels, 0 nvls channels, 2 p2p channels, 2 p2p channels per peer
c199-041:22147:22178 [3] NCCL INFO Connected all trees
c198-031:3320:3349 [3] NCCL INFO Connected all trees
c199-041:22147:22178 [3] NCCL INFO NCCL_NTHREADS set by environment to 256.
c198-031:3320:3349 [3] NCCL INFO NCCL_NTHREADS set by environment to 256.
c199-042:15716:15745 [3] NCCL INFO Connected all trees
c199-041:22147:22178 [3] NCCL INFO NCCL_PROTO set by environment to Simple
c198-031:3320:3349 [3] NCCL INFO NCCL_PROTO set by environment to Simple
c199-042:15716:15745 [3] NCCL INFO NCCL_NTHREADS set by environment to 256.
c199-041:22147:22178 [3] NCCL INFO NCCL_ALGO set by environment to TREE
c199-041:22147:22178 [3] NCCL INFO threadThresholds 8/8/64 | 512/8/64 | 512 | 512
c198-031:3320:3349 [3] NCCL INFO NCCL_ALGO set by environment to TREE
c199-032:5648:5679 [3] NCCL INFO Connected all trees
c199-032:5648:5679 [3] NCCL INFO NCCL_NTHREADS set by environment to 256.
c199-042:15716:15745 [3] NCCL INFO NCCL_PROTO set by environment to Simple
c199-041:22147:22178 [3] NCCL INFO 2 coll channels, 0 nvls channels, 2 p2p channels, 2 p2p channels per peer
c198-031:3320:3349 [3] NCCL INFO threadThresholds 8/8/64 | 512/8/64 | 512 | 512
c199-032:5648:5679 [3] NCCL INFO NCCL_PROTO set by environment to Simple
c199-032:5648:5679 [3] NCCL INFO NCCL_ALGO set by environment to TREE
c199-042:15716:15745 [3] NCCL INFO NCCL_ALGO set by environment to TREE
c198-031:3320:3349 [3] NCCL INFO 2 coll channels, 0 nvls channels, 2 p2p channels, 2 p2p channels per peer
c199-032:5648:5679 [3] NCCL INFO threadThresholds 8/8/64 | 512/8/64 | 512 | 512
c199-042:15716:15745 [3] NCCL INFO threadThresholds 8/8/64 | 512/8/64 | 512 | 512
c199-032:5648:5679 [3] NCCL INFO 2 coll channels, 0 nvls channels, 2 p2p channels, 2 p2p channels per peer
c199-042:15716:15745 [3] NCCL INFO 2 coll channels, 0 nvls channels, 2 p2p channels, 2 p2p channels per peer
c198-011:5239:5270 [3] NCCL INFO Connected all trees
c198-011:5239:5270 [3] NCCL INFO NCCL_NTHREADS set by environment to 256.
c199-051:30786:30818 [2] NCCL INFO Connected all trees
c198-011:5239:5270 [3] NCCL INFO NCCL_PROTO set by environment to Simple
c198-011:5239:5270 [3] NCCL INFO NCCL_ALGO set by environment to TREE
c198-011:5239:5270 [3] NCCL INFO threadThresholds 8/8/64 | 512/8/64 | 512 | 512
c199-051:30786:30818 [2] NCCL INFO NCCL_NTHREADS set by environment to 256.
c198-011:5239:5270 [3] NCCL INFO 2 coll channels, 0 nvls channels, 2 p2p channels, 2 p2p channels per peer
c199-051:30786:30818 [2] NCCL INFO NCCL_PROTO set by environment to Simple
c199-051:30786:30818 [2] NCCL INFO NCCL_ALGO set by environment to TREE
c199-051:30786:30818 [2] NCCL INFO threadThresholds 8/8/64 | 512/8/64 | 512 | 512
c199-051:30786:30818 [2] NCCL INFO 2 coll channels, 0 nvls channels, 2 p2p channels, 2 p2p channels per peer
c198-011:5238:5269 [2] NCCL INFO Connected all trees
c198-011:5238:5269 [2] NCCL INFO NCCL_NTHREADS set by environment to 256.
c198-011:5238:5269 [2] NCCL INFO NCCL_PROTO set by environment to Simple
c198-011:5238:5269 [2] NCCL INFO NCCL_ALGO set by environment to TREE
c198-011:5238:5269 [2] NCCL INFO threadThresholds 8/8/64 | 512/8/64 | 512 | 512
c198-011:5238:5269 [2] NCCL INFO 2 coll channels, 0 nvls channels, 2 p2p channels, 2 p2p channels per peer
c198-032:30011:30046 [0] NCCL INFO Connected all rings
c199-032:5645:5681 [0] NCCL INFO Connected all rings
c198-031:3309:3351 [0] NCCL INFO Connected all rings
c198-051:20665:20700 [1] NCCL INFO Channel 00/0 : 16[2000] -> 33[3000] [receive] via NET/IB/0
c199-031:22979:23011 [1] NCCL INFO Channel 01/0 : 45[3000] -> 52[2000] [send] via NET/IB/0
c199-042:15714:15750 [1] NCCL INFO Channel 00/0 : 52[2000] -> 57[3000] [receive] via NET/IB/0
c198-041:23328:23362 [1] NCCL INFO Channel 00/0 : 20[2000] -> 25[3000] [receive] via NET/IB/0
c198-042:16291:16325 [1] NCCL INFO Channel 01/0 : 29[3000] -> 44[2000] [send] via NET/IB/0
c199-022:25004:25040 [1] NCCL INFO Channel 00/0 : 36[2000] -> 41[3000] [receive] via NET/IB/0
c198-031:3310:3352 [1] NCCL INFO Channel 00/0 : 8[2000] -> 17[3000] [receive] via NET/IB/0
c199-021:7288:7321 [1] NCCL INFO Channel 01/0 : 37[3000] -> 40[2000] [send] via NET/IB/0
c198-022:25236:25271 [1] NCCL INFO Channel 01/0 : 13[3000] -> 20[2000] [send] via NET/IB/0
c199-032:5646:5680 [1] NCCL INFO Channel 00/0 : 40[2000] -> 49[3000] [receive] via NET/IB/0
c198-012:8661:8695 [1] NCCL INFO Channel 01/0 : 5[3000] -> 8[2000] [send] via NET/IB/0
c198-032:30012:30045 [1] NCCL INFO Channel 01/0 : 21[3000] -> 24[2000] [send] via NET/IB/0
c198-021:24123:24157 [1] NCCL INFO Channel 00/0 : 4[2000] -> 9[3000] [receive] via NET/IB/0
c199-041:22145:22179 [1] NCCL INFO Channel 01/0 : 53[3000] -> 56[2000] [send] via NET/IB/0
c198-041:23327:23363 [0] NCCL INFO Channel 01/0 : 21[3000] -> 24[2000] [receive] via NET/IB/0
c198-042:16290:16326 [0] NCCL INFO Channel 00/0 : 24[2000] -> 28[2000] [receive] via NET/IB/0
c199-022:25003:25041 [0] NCCL INFO Channel 01/0 : 37[3000] -> 40[2000] [receive] via NET/IB/0
c198-021:24122:24156 [0] NCCL INFO Channel 01/0 : 5[3000] -> 8[2000] [receive] via NET/IB/0
c198-022:25235:25270 [0] NCCL INFO Channel 00/0 : 8[2000] -> 12[2000] [receive] via NET/IB/0
c199-041:22144:22180 [0] NCCL INFO Channel 01/0 : 48[2000] -> 52[2000] [receive] via NET/IB/0
c198-051:20664:20701 [0] NCCL INFO Channel 01/0 : 32[2000] -> 36[2000] [send] via NET/IB/0
c199-021:7287:7320 [0] NCCL INFO Channel 01/0 : 32[2000] -> 36[2000] [receive] via NET/IB/0
c199-031:22978:23010 [0] NCCL INFO Channel 00/0 : 40[2000] -> 44[2000] [receive] via NET/IB/0
c199-042:15713:15749 [0] NCCL INFO Channel 01/0 : 53[3000] -> 56[2000] [receive] via NET/IB/0
c199-051:30784:30819 [0] NCCL INFO Channel 00/0 : 56[2000] -> 60[2000] [receive] via NET/IB/0
c198-011:5236:5271 [0] NCCL INFO Channel 01/0 : 0[2000] -> 4[2000] [send] via NET/IB/0
c198-012:8660:8696 [0] NCCL INFO Channel 01/0 : 0[2000] -> 4[2000] [receive] via NET/IB/0
c199-032:5645:5681 [0] NCCL INFO Channel 01/0 : 48[2000] -> 52[2000] [send] via NET/IB/0
c198-032:30011:30046 [0] NCCL INFO Channel 01/0 : 16[2000] -> 20[2000] [receive] via NET/IB/0
c198-031:3309:3351 [0] NCCL INFO Channel 01/0 : 16[2000] -> 20[2000] [send] via NET/IB/0
c198-032:30012:30045 [1] NCCL INFO Channel 01/0 : 24[2000] -> 21[3000] [receive] via NET/IB/0
c198-012:8661:8695 [1] NCCL INFO Channel 01/0 : 8[2000] -> 5[3000] [receive] via NET/IB/0
c199-021:7288:7321 [1] NCCL INFO Channel 01/0 : 40[2000] -> 37[3000] [receive] via NET/IB/0
c199-041:22145:22179 [1] NCCL INFO Channel 01/0 : 56[2000] -> 53[3000] [receive] via NET/IB/0
c198-041:23327:23363 [0] NCCL INFO Channel 00/0 : 24[2000] -> 28[2000] [send] via NET/IB/0
c199-022:25003:25041 [0] NCCL INFO Channel 00/0 : 40[2000] -> 44[2000] [send] via NET/IB/0
c198-021:24122:24156 [0] NCCL INFO Channel 00/0 : 8[2000] -> 12[2000] [send] via NET/IB/0
c198-051:20664:20701 [0] NCCL INFO Channel 00/0 : 32[2000] -> 48[2000] [send] via NET/IB/0
c199-042:15713:15749 [0] NCCL INFO Channel 00/0 : 56[2000] -> 60[2000] [send] via NET/IB/0
c198-011:5236:5271 [0] NCCL INFO Channel 00/0 : 32[2000] -> 0[2000] [receive] via NET/IB/0
c199-021:7287:7320 [0] NCCL INFO Channel 00/0 : 36[2000] -> 41[3000] [send] via NET/IB/0
c198-012:8660:8696 [0] NCCL INFO Channel 00/0 : 4[2000] -> 9[3000] [send] via NET/IB/0
c199-041:22144:22180 [0] NCCL INFO Channel 00/0 : 52[2000] -> 57[3000] [send] via NET/IB/0
c199-032:5645:5681 [0] NCCL INFO Channel 00/0 : 48[2000] -> 56[2000] [send] via NET/IB/0
c198-032:30011:30046 [0] NCCL INFO Channel 00/0 : 20[2000] -> 25[3000] [send] via NET/IB/0
c198-031:3309:3351 [0] NCCL INFO Channel 00/0 : 16[2000] -> 24[2000] [send] via NET/IB/0
c199-031:22978:23010 [0] NCCL INFO Channel 01/0 : 36[2000] -> 44[2000] [receive] via NET/IB/0
c198-042:16290:16326 [0] NCCL INFO Channel 01/0 : 12[2000] -> 28[2000] [receive] via NET/IB/0
c198-022:25235:25270 [0] NCCL INFO Channel 01/0 : 4[2000] -> 12[2000] [receive] via NET/IB/0
c199-051:30784:30819 [0] NCCL INFO Channel 01/0 : 28[2000] -> 60[2000] [receive] via NET/IB/0
c199-022:25004:25040 [1] NCCL INFO Channel 00/0 : 41[3000] -> 36[2000] [send] via NET/IB/0
c198-021:24123:24157 [1] NCCL INFO Channel 00/0 : 9[3000] -> 4[2000] [send] via NET/IB/0
c199-042:15714:15750 [1] NCCL INFO Channel 00/0 : 57[3000] -> 52[2000] [send] via NET/IB/0
c198-041:23328:23362 [1] NCCL INFO Channel 00/0 : 25[3000] -> 20[2000] [send] via NET/IB/0
c198-041:23327:23363 [0] NCCL INFO Channel 00/0 : 16[2000] -> 24[2000] [receive] via NET/IB/0
c199-022:25003:25041 [0] NCCL INFO Channel 00/0 : 40[2000] -> 49[3000] [send] via NET/IB/0
c198-021:24122:24156 [0] NCCL INFO Channel 00/0 : 8[2000] -> 17[3000] [send] via NET/IB/0
c199-021:7287:7320 [0] NCCL INFO Channel 01/0 : 36[2000] -> 44[2000] [send] via NET/IB/0
c199-042:15713:15749 [0] NCCL INFO Channel 00/0 : 48[2000] -> 56[2000] [receive] via NET/IB/0
c198-011:5236:5271 [0] NCCL INFO Channel 00/0 : 0[2000] -> 32[2000] [send] via NET/IB/0
c198-012:8660:8696 [0] NCCL INFO Channel 01/0 : 4[2000] -> 12[2000] [send] via NET/IB/0
c199-041:22144:22180 [0] NCCL INFO Channel 01/0 : 45[3000] -> 52[2000] [receive] via NET/IB/0
c198-032:30011:30046 [0] NCCL INFO Channel 01/0 : 13[3000] -> 20[2000] [receive] via NET/IB/0
c198-031:3309:3351 [0] NCCL INFO Channel 00/0 : 16[2000] -> 33[3000] [send] via NET/IB/0
c199-032:5646:5680 [1] NCCL INFO Channel 00/0 : 49[3000] -> 40[2000] [send] via NET/IB/0
c198-031:3310:3352 [1] NCCL INFO Channel 00/0 : 17[3000] -> 8[2000] [send] via NET/IB/0
c199-031:22978:23010 [0] NCCL INFO Channel 01/0 : 29[3000] -> 44[2000] [receive] via NET/IB/0
c198-022:25235:25270 [0] NCCL INFO Channel 01/0 : 12[2000] -> 28[2000] [send] via NET/IB/0
c199-051:30784:30819 [0] NCCL INFO Channel 01/0 : 60[2000] -> 28[2000] [send] via NET/IB/0
c199-032:5645:5681 [0] NCCL INFO Channel 00/0 : 32[2000] -> 48[2000] [receive] via NET/IB/0
c199-031:22979:23011 [1] NCCL INFO Channel 01/0 : 52[2000] -> 45[3000] [receive] via NET/IB/0
c198-022:25236:25271 [1] NCCL INFO Channel 01/0 : 20[2000] -> 13[3000] [receive] via NET/IB/0
c198-051:20665:20700 [1] NCCL INFO Channel 00/0 : 33[3000] -> 16[2000] [send] via NET/IB/0
c198-041:23327:23363 [0] NCCL INFO Channel 00/0 : 24[2000] -> 16[2000] [send] via NET/IB/0
c199-022:25003:25041 [0] NCCL INFO Channel 00/0 : 49[3000] -> 40[2000] [receive] via NET/IB/0
c198-021:24122:24156 [0] NCCL INFO Channel 00/0 : 17[3000] -> 8[2000] [receive] via NET/IB/0
c198-042:16290:16326 [0] NCCL INFO Channel 01/0 : 60[2000] -> 28[2000] [receive] via NET/IB/0
c198-042:16291:16325 [1] NCCL INFO Channel 01/0 : 44[2000] -> 29[3000] [receive] via NET/IB/0
c198-051:20664:20701 [0] NCCL INFO Channel 00/0 : 0[2000] -> 32[2000] [receive] via NET/IB/0
c199-021:7287:7320 [0] NCCL INFO Channel 01/0 : 44[2000] -> 36[2000] [receive] via NET/IB/0
c199-042:15713:15749 [0] NCCL INFO Channel 00/0 : 56[2000] -> 48[2000] [send] via NET/IB/0
c198-012:8660:8696 [0] NCCL INFO Channel 01/0 : 12[2000] -> 4[2000] [receive] via NET/IB/0
c199-041:22144:22180 [0] NCCL INFO Channel 01/0 : 52[2000] -> 45[3000] [send] via NET/IB/0
c198-032:30011:30046 [0] NCCL INFO Channel 01/0 : 20[2000] -> 13[3000] [send] via NET/IB/0
c198-031:3310:3352 [1] NCCL INFO Channel 00 : 17[3000] -> 16[2000] via SHM/direct/direct
c198-031:3310:3352 [1] NCCL INFO Channel 01 : 17[3000] -> 16[2000] via SHM/direct/direct
c199-032:5646:5680 [1] NCCL INFO Channel 00 : 49[3000] -> 48[2000] via SHM/direct/direct
c199-032:5646:5680 [1] NCCL INFO Channel 01 : 49[3000] -> 48[2000] via SHM/direct/direct
c199-032:5647:5678 [2] NCCL INFO Connected all trees
c199-032:5647:5678 [2] NCCL INFO NCCL_NTHREADS set by environment to 256.
c199-032:5647:5678 [2] NCCL INFO NCCL_PROTO set by environment to Simple
c199-032:5647:5678 [2] NCCL INFO NCCL_ALGO set by environment to TREE
c199-032:5647:5678 [2] NCCL INFO threadThresholds 8/8/64 | 512/8/64 | 512 | 512
c199-032:5647:5678 [2] NCCL INFO 2 coll channels, 0 nvls channels, 2 p2p channels, 2 p2p channels per peer
c198-031:3311:3350 [2] NCCL INFO Connected all trees
c198-031:3311:3350 [2] NCCL INFO NCCL_NTHREADS set by environment to 256.
c198-031:3311:3350 [2] NCCL INFO NCCL_PROTO set by environment to Simple
c198-031:3311:3350 [2] NCCL INFO NCCL_ALGO set by environment to TREE
c198-031:3311:3350 [2] NCCL INFO threadThresholds 8/8/64 | 512/8/64 | 512 | 512
c198-031:3311:3350 [2] NCCL INFO 2 coll channels, 0 nvls channels, 2 p2p channels, 2 p2p channels per peer
c198-022:25236:25271 [1] NCCL INFO Channel 00 : 13[3000] -> 12[2000] via SHM/direct/direct
c198-022:25236:25271 [1] NCCL INFO Channel 01 : 13[3000] -> 12[2000] via SHM/direct/direct
c199-031:22979:23011 [1] NCCL INFO Channel 00 : 45[3000] -> 44[2000] via SHM/direct/direct
c199-031:22979:23011 [1] NCCL INFO Channel 01 : 45[3000] -> 44[2000] via SHM/direct/direct
c198-022:25237:25269 [2] NCCL INFO Connected all trees
c198-022:25237:25269 [2] NCCL INFO NCCL_NTHREADS set by environment to 256.
c198-022:25237:25269 [2] NCCL INFO NCCL_PROTO set by environment to Simple
c198-022:25237:25269 [2] NCCL INFO NCCL_ALGO set by environment to TREE
c198-022:25237:25269 [2] NCCL INFO threadThresholds 8/8/64 | 512/8/64 | 512 | 512
c198-022:25237:25269 [2] NCCL INFO 2 coll channels, 0 nvls channels, 2 p2p channels, 2 p2p channels per peer
c199-031:22980:23013 [2] NCCL INFO Connected all trees
c199-031:22980:23013 [2] NCCL INFO NCCL_NTHREADS set by environment to 256.
c199-031:22980:23013 [2] NCCL INFO NCCL_PROTO set by environment to Simple
c199-031:22980:23013 [2] NCCL INFO NCCL_ALGO set by environment to TREE
c199-031:22980:23013 [2] NCCL INFO threadThresholds 8/8/64 | 512/8/64 | 512 | 512
c199-031:22980:23013 [2] NCCL INFO 2 coll channels, 0 nvls channels, 2 p2p channels, 2 p2p channels per peer
c198-031:3309:3351 [0] NCCL INFO Channel 00/0 : 33[3000] -> 16[2000] [receive] via NET/IB/0
c199-031:22978:23010 [0] NCCL INFO Channel 01/0 : 44[2000] -> 29[3000] [send] via NET/IB/0
c198-022:25235:25270 [0] NCCL INFO Channel 01/0 : 28[2000] -> 12[2000] [receive] via NET/IB/0
c199-032:5645:5681 [0] NCCL INFO Channel 00/0 : 48[2000] -> 32[2000] [send] via NET/IB/0
c198-051:20665:20700 [1] NCCL INFO Channel 00 : 33[3000] -> 32[2000] via SHM/direct/direct
c198-051:20665:20700 [1] NCCL INFO Channel 01 : 33[3000] -> 32[2000] via SHM/direct/direct
c198-042:16291:16325 [1] NCCL INFO Channel 00 : 29[3000] -> 28[2000] via SHM/direct/direct
c198-042:16291:16325 [1] NCCL INFO Channel 01 : 29[3000] -> 28[2000] via SHM/direct/direct
c198-051:20666:20698 [2] NCCL INFO Connected all trees
c198-051:20666:20698 [2] NCCL INFO NCCL_NTHREADS set by environment to 256.
c198-051:20666:20698 [2] NCCL INFO NCCL_PROTO set by environment to Simple
c198-051:20666:20698 [2] NCCL INFO NCCL_ALGO set by environment to TREE
c198-051:20666:20698 [2] NCCL INFO threadThresholds 8/8/64 | 512/8/64 | 512 | 512
c198-051:20666:20698 [2] NCCL INFO 2 coll channels, 0 nvls channels, 2 p2p channels, 2 p2p channels per peer
c198-042:16292:16324 [2] NCCL INFO Connected all trees
c198-042:16292:16324 [2] NCCL INFO NCCL_NTHREADS set by environment to 256.
c198-042:16292:16324 [2] NCCL INFO NCCL_PROTO set by environment to Simple
c198-042:16292:16324 [2] NCCL INFO NCCL_ALGO set by environment to TREE
c198-042:16292:16324 [2] NCCL INFO threadThresholds 8/8/64 | 512/8/64 | 512 | 512
c198-042:16292:16324 [2] NCCL INFO 2 coll channels, 0 nvls channels, 2 p2p channels, 2 p2p channels per peer
c199-022:25003:25041 [0] NCCL INFO Channel 00/0 : 44[2000] -> 40[2000] [receive] via NET/IB/0
c198-021:24122:24156 [0] NCCL INFO Channel 00/0 : 12[2000] -> 8[2000] [receive] via NET/IB/0
c198-042:16290:16326 [0] NCCL INFO Channel 01/0 : 28[2000] -> 60[2000] [send] via NET/IB/0
c198-051:20664:20701 [0] NCCL INFO Channel 00/0 : 32[2000] -> 0[2000] [send] via NET/IB/0
c199-041:22144:22180 [0] NCCL INFO Channel 00/0 : 57[3000] -> 52[2000] [receive] via NET/IB/0
c198-032:30011:30046 [0] NCCL INFO Channel 00/0 : 25[3000] -> 20[2000] [receive] via NET/IB/0
c198-041:23328:23362 [1] NCCL INFO Channel 00 : 25[3000] -> 24[2000] via SHM/direct/direct
c198-041:23328:23362 [1] NCCL INFO Channel 01 : 25[3000] -> 24[2000] via SHM/direct/direct
c199-042:15714:15750 [1] NCCL INFO Channel 00 : 57[3000] -> 56[2000] via SHM/direct/direct
c199-042:15714:15750 [1] NCCL INFO Channel 01 : 57[3000] -> 56[2000] via SHM/direct/direct
c198-041:23329:23360 [2] NCCL INFO Connected all trees
c198-041:23329:23360 [2] NCCL INFO NCCL_NTHREADS set by environment to 256.
c198-041:23329:23360 [2] NCCL INFO NCCL_PROTO set by environment to Simple
c198-041:23329:23360 [2] NCCL INFO NCCL_ALGO set by environment to TREE
c198-041:23329:23360 [2] NCCL INFO threadThresholds 8/8/64 | 512/8/64 | 512 | 512
c198-041:23329:23360 [2] NCCL INFO 2 coll channels, 0 nvls channels, 2 p2p channels, 2 p2p channels per peer
c199-042:15715:15747 [2] NCCL INFO Connected all trees
c199-042:15715:15747 [2] NCCL INFO NCCL_NTHREADS set by environment to 256.
c199-042:15715:15747 [2] NCCL INFO NCCL_PROTO set by environment to Simple
c199-042:15715:15747 [2] NCCL INFO NCCL_ALGO set by environment to TREE
c199-042:15715:15747 [2] NCCL INFO threadThresholds 8/8/64 | 512/8/64 | 512 | 512
c199-042:15715:15747 [2] NCCL INFO 2 coll channels, 0 nvls channels, 2 p2p channels, 2 p2p channels per peer
c198-031:3309:3351 [0] NCCL INFO Channel 00/0 : 24[2000] -> 16[2000] [receive] via NET/IB/0
c199-051:30784:30819 [0] NCCL INFO Channel 00/0 : 60[2000] -> 56[2000] [send] via NET/IB/0
c199-031:22978:23010 [0] NCCL INFO Channel 01/0 : 44[2000] -> 36[2000] [send] via NET/IB/0
c198-011:5236:5271 [0] NCCL INFO Channel 01/0 : 4[2000] -> 0[2000] [receive] via NET/IB/0
c198-041:23327:23363 [0] NCCL INFO Channel 00/0 : 28[2000] -> 24[2000] [receive] via NET/IB/0
c198-042:16290:16326 [0] NCCL INFO Channel 01/0 : 28[2000] -> 12[2000] [send] via NET/IB/0
c199-021:7287:7320 [0] NCCL INFO Channel 00/0 : 41[3000] -> 36[2000] [receive] via NET/IB/0
c198-051:20664:20701 [0] NCCL INFO Channel 00/0 : 48[2000] -> 32[2000] [receive] via NET/IB/0
c199-041:22144:22180 [0] NCCL INFO Channel 01/0 : 52[2000] -> 48[2000] [send] via NET/IB/0
c198-032:30011:30046 [0] NCCL INFO Channel 01/0 : 20[2000] -> 16[2000] [send] via NET/IB/0
c199-022:25004:25040 [1] NCCL INFO Channel 00 : 41[3000] -> 40[2000] via SHM/direct/direct
c199-022:25004:25040 [1] NCCL INFO Channel 01 : 41[3000] -> 40[2000] via SHM/direct/direct
c199-022:25005:25036 [2] NCCL INFO Connected all trees
c199-022:25005:25036 [2] NCCL INFO NCCL_NTHREADS set by environment to 256.
c199-022:25005:25036 [2] NCCL INFO NCCL_PROTO set by environment to Simple
c199-022:25005:25036 [2] NCCL INFO NCCL_ALGO set by environment to TREE
c199-022:25005:25036 [2] NCCL INFO threadThresholds 8/8/64 | 512/8/64 | 512 | 512
c199-022:25005:25036 [2] NCCL INFO 2 coll channels, 0 nvls channels, 2 p2p channels, 2 p2p channels per peer
c198-031:3309:3351 [0] NCCL INFO Channel 01/0 : 20[2000] -> 16[2000] [receive] via NET/IB/0
c198-022:25235:25270 [0] NCCL INFO Channel 01/0 : 12[2000] -> 4[2000] [send] via NET/IB/0
c199-032:5645:5681 [0] NCCL INFO Channel 00/0 : 56[2000] -> 48[2000] [receive] via NET/IB/0
c199-031:22978:23010 [0] NCCL INFO Channel 00/0 : 44[2000] -> 40[2000] [send] via NET/IB/0
c198-012:8660:8696 [0] NCCL INFO Channel 00/0 : 9[3000] -> 4[2000] [receive] via NET/IB/0
c199-042:15713:15749 [0] NCCL INFO Channel 00/0 : 60[2000] -> 56[2000] [receive] via NET/IB/0
c198-042:16290:16326 [0] NCCL INFO Channel 00/0 : 28[2000] -> 24[2000] [send] via NET/IB/0
c199-021:7287:7320 [0] NCCL INFO Channel 01/0 : 36[2000] -> 32[2000] [send] via NET/IB/0
c199-022:25003:25041 [0] NCCL INFO Channel 01/0 : 40[2000] -> 37[3000] [send] via NET/IB/0
c198-051:20664:20701 [0] NCCL INFO Channel 01/0 : 36[2000] -> 32[2000] [receive] via NET/IB/0
c198-021:24123:24157 [1] NCCL INFO Channel 00 : 9[3000] -> 8[2000] via SHM/direct/direct
c198-021:24123:24157 [1] NCCL INFO Channel 01 : 9[3000] -> 8[2000] via SHM/direct/direct
c199-021:7288:7321 [1] NCCL INFO Channel 00 : 37[3000] -> 36[2000] via SHM/direct/direct
c199-021:7288:7321 [1] NCCL INFO Channel 01 : 37[3000] -> 36[2000] via SHM/direct/direct
c199-051:30785:30820 [1] NCCL INFO Connected all trees
c199-051:30785:30820 [1] NCCL INFO NCCL_NTHREADS set by environment to 256.
c199-051:30785:30820 [1] NCCL INFO NCCL_PROTO set by environment to Simple
c199-051:30785:30820 [1] NCCL INFO NCCL_ALGO set by environment to TREE
c199-051:30785:30820 [1] NCCL INFO threadThresholds 8/8/64 | 512/8/64 | 512 | 512
c199-051:30785:30820 [1] NCCL INFO 2 coll channels, 0 nvls channels, 2 p2p channels, 2 p2p channels per peer
c198-021:24124:24155 [2] NCCL INFO Connected all trees
c198-021:24124:24155 [2] NCCL INFO NCCL_NTHREADS set by environment to 256.
c198-021:24124:24155 [2] NCCL INFO NCCL_PROTO set by environment to Simple
c198-021:24124:24155 [2] NCCL INFO NCCL_ALGO set by environment to TREE
c198-021:24124:24155 [2] NCCL INFO threadThresholds 8/8/64 | 512/8/64 | 512 | 512
c198-021:24124:24155 [2] NCCL INFO 2 coll channels, 0 nvls channels, 2 p2p channels, 2 p2p channels per peer
c199-021:7289:7322 [2] NCCL INFO Connected all trees
c199-021:7289:7322 [2] NCCL INFO NCCL_NTHREADS set by environment to 256.
c199-021:7289:7322 [2] NCCL INFO NCCL_PROTO set by environment to Simple
c199-021:7289:7322 [2] NCCL INFO NCCL_ALGO set by environment to TREE
c199-021:7289:7322 [2] NCCL INFO threadThresholds 8/8/64 | 512/8/64 | 512 | 512
c199-021:7289:7322 [2] NCCL INFO 2 coll channels, 0 nvls channels, 2 p2p channels, 2 p2p channels per peer
c198-051:20665:20700 [1] NCCL INFO Connected all trees
c198-051:20665:20700 [1] NCCL INFO NCCL_NTHREADS set by environment to 256.
c198-051:20665:20700 [1] NCCL INFO NCCL_PROTO set by environment to Simple
c198-051:20665:20700 [1] NCCL INFO NCCL_ALGO set by environment to TREE
c198-051:20665:20700 [1] NCCL INFO threadThresholds 8/8/64 | 512/8/64 | 512 | 512
c198-051:20665:20700 [1] NCCL INFO 2 coll channels, 0 nvls channels, 2 p2p channels, 2 p2p channels per peer
c198-042:16291:16325 [1] NCCL INFO Connected all trees
c198-042:16291:16325 [1] NCCL INFO NCCL_NTHREADS set by environment to 256.
c198-042:16291:16325 [1] NCCL INFO NCCL_PROTO set by environment to Simple
c198-042:16291:16325 [1] NCCL INFO NCCL_ALGO set by environment to TREE
c198-042:16291:16325 [1] NCCL INFO threadThresholds 8/8/64 | 512/8/64 | 512 | 512
c198-042:16291:16325 [1] NCCL INFO 2 coll channels, 0 nvls channels, 2 p2p channels, 2 p2p channels per peer
c199-021:7288:7321 [1] NCCL INFO Connected all trees
c199-021:7288:7321 [1] NCCL INFO NCCL_NTHREADS set by environment to 256.
c199-021:7288:7321 [1] NCCL INFO NCCL_PROTO set by environment to Simple
c199-021:7288:7321 [1] NCCL INFO NCCL_ALGO set by environment to TREE
c199-021:7288:7321 [1] NCCL INFO threadThresholds 8/8/64 | 512/8/64 | 512 | 512
c199-021:7288:7321 [1] NCCL INFO 2 coll channels, 0 nvls channels, 2 p2p channels, 2 p2p channels per peer
c198-022:25235:25270 [0] NCCL INFO Channel 00/0 : 12[2000] -> 8[2000] [send] via NET/IB/0
c198-041:23327:23363 [0] NCCL INFO Channel 01/0 : 24[2000] -> 21[3000] [send] via NET/IB/0
c199-032:5645:5681 [0] NCCL INFO Channel 01/0 : 52[2000] -> 48[2000] [receive] via NET/IB/0
c199-022:25004:25040 [1] NCCL INFO Connected all trees
c199-022:25004:25040 [1] NCCL INFO NCCL_NTHREADS set by environment to 256.
c199-022:25004:25040 [1] NCCL INFO NCCL_PROTO set by environment to Simple
c199-022:25004:25040 [1] NCCL INFO NCCL_ALGO set by environment to TREE
c199-022:25004:25040 [1] NCCL INFO threadThresholds 8/8/64 | 512/8/64 | 512 | 512
c199-022:25004:25040 [1] NCCL INFO 2 coll channels, 0 nvls channels, 2 p2p channels, 2 p2p channels per peer
c198-032:30012:30045 [1] NCCL INFO Channel 00 : 21[3000] -> 20[2000] via SHM/direct/direct
c198-032:30012:30045 [1] NCCL INFO Channel 01 : 21[3000] -> 20[2000] via SHM/direct/direct
c198-032:30013:30050 [2] NCCL INFO Connected all trees
c198-032:30013:30050 [2] NCCL INFO NCCL_NTHREADS set by environment to 256.
c198-032:30013:30050 [2] NCCL INFO NCCL_PROTO set by environment to Simple
c198-032:30013:30050 [2] NCCL INFO NCCL_ALGO set by environment to TREE
c198-032:30013:30050 [2] NCCL INFO threadThresholds 8/8/64 | 512/8/64 | 512 | 512
c198-032:30013:30050 [2] NCCL INFO 2 coll channels, 0 nvls channels, 2 p2p channels, 2 p2p channels per peer
c199-032:5646:5680 [1] NCCL INFO Connected all trees
c199-032:5646:5680 [1] NCCL INFO NCCL_NTHREADS set by environment to 256.
c199-032:5646:5680 [1] NCCL INFO NCCL_PROTO set by environment to Simple
c199-032:5646:5680 [1] NCCL INFO NCCL_ALGO set by environment to TREE
c199-032:5646:5680 [1] NCCL INFO threadThresholds 8/8/64 | 512/8/64 | 512 | 512
c199-032:5646:5680 [1] NCCL INFO 2 coll channels, 0 nvls channels, 2 p2p channels, 2 p2p channels per peer
c198-042:16290:16326 [0] NCCL INFO Connected all trees
c198-042:16290:16326 [0] NCCL INFO NCCL_NTHREADS set by environment to 256.
c198-042:16290:16326 [0] NCCL INFO NCCL_PROTO set by environment to Simple
c198-042:16290:16326 [0] NCCL INFO NCCL_ALGO set by environment to TREE
c198-042:16290:16326 [0] NCCL INFO threadThresholds 8/8/64 | 512/8/64 | 512 | 512
c198-042:16290:16326 [0] NCCL INFO 2 coll channels, 0 nvls channels, 2 p2p channels, 2 p2p channels per peer
c199-031:22978:23010 [0] NCCL INFO Connected all trees
c199-031:22978:23010 [0] NCCL INFO NCCL_NTHREADS set by environment to 256.
c199-031:22978:23010 [0] NCCL INFO NCCL_PROTO set by environment to Simple
c199-031:22978:23010 [0] NCCL INFO NCCL_ALGO set by environment to TREE
c199-031:22978:23010 [0] NCCL INFO threadThresholds 8/8/64 | 512/8/64 | 512 | 512
c199-031:22978:23010 [0] NCCL INFO 2 coll channels, 0 nvls channels, 2 p2p channels, 2 p2p channels per peer
c198-012:8660:8696 [0] NCCL INFO Channel 01/0 : 4[2000] -> 0[2000] [send] via NET/IB/0
c198-021:24122:24156 [0] NCCL INFO Channel 01/0 : 8[2000] -> 5[3000] [send] via NET/IB/0
c199-042:15713:15749 [0] NCCL INFO Channel 01/0 : 56[2000] -> 53[3000] [send] via NET/IB/0
c198-022:25236:25271 [1] NCCL INFO Connected all trees
c198-022:25236:25271 [1] NCCL INFO NCCL_NTHREADS set by environment to 256.
c198-022:25236:25271 [1] NCCL INFO NCCL_PROTO set by environment to Simple
c198-022:25236:25271 [1] NCCL INFO NCCL_ALGO set by environment to TREE
c198-022:25236:25271 [1] NCCL INFO threadThresholds 8/8/64 | 512/8/64 | 512 | 512
c198-022:25236:25271 [1] NCCL INFO 2 coll channels, 0 nvls channels, 2 p2p channels, 2 p2p channels per peer
c199-022:25003:25041 [0] NCCL INFO Connected all trees
c199-022:25003:25041 [0] NCCL INFO NCCL_NTHREADS set by environment to 256.
c199-022:25003:25041 [0] NCCL INFO NCCL_PROTO set by environment to Simple
c199-022:25003:25041 [0] NCCL INFO NCCL_ALGO set by environment to TREE
c199-022:25003:25041 [0] NCCL INFO threadThresholds 8/8/64 | 512/8/64 | 512 | 512
c199-022:25003:25041 [0] NCCL INFO 2 coll channels, 0 nvls channels, 2 p2p channels, 2 p2p channels per peer
c198-041:23328:23362 [1] NCCL INFO Connected all trees
c198-041:23328:23362 [1] NCCL INFO NCCL_NTHREADS set by environment to 256.
c198-041:23328:23362 [1] NCCL INFO NCCL_PROTO set by environment to Simple
c198-041:23328:23362 [1] NCCL INFO NCCL_ALGO set by environment to TREE
c198-041:23328:23362 [1] NCCL INFO threadThresholds 8/8/64 | 512/8/64 | 512 | 512
c198-041:23328:23362 [1] NCCL INFO 2 coll channels, 0 nvls channels, 2 p2p channels, 2 p2p channels per peer
c199-041:22145:22179 [1] NCCL INFO Channel 00 : 53[3000] -> 52[2000] via SHM/direct/direct
c199-041:22145:22179 [1] NCCL INFO Channel 01 : 53[3000] -> 52[2000] via SHM/direct/direct
c198-012:8661:8695 [1] NCCL INFO Channel 00 : 5[3000] -> 4[2000] via SHM/direct/direct
c198-012:8661:8695 [1] NCCL INFO Channel 01 : 5[3000] -> 4[2000] via SHM/direct/direct
c198-032:30012:30045 [1] NCCL INFO Connected all trees
c198-032:30012:30045 [1] NCCL INFO NCCL_NTHREADS set by environment to 256.
c198-032:30012:30045 [1] NCCL INFO NCCL_PROTO set by environment to Simple
c198-032:30012:30045 [1] NCCL INFO NCCL_ALGO set by environment to TREE
c198-032:30012:30045 [1] NCCL INFO threadThresholds 8/8/64 | 512/8/64 | 512 | 512
c198-032:30012:30045 [1] NCCL INFO 2 coll channels, 0 nvls channels, 2 p2p channels, 2 p2p channels per peer
c198-031:3309:3351 [0] NCCL INFO Connected all trees
c198-031:3309:3351 [0] NCCL INFO NCCL_NTHREADS set by environment to 256.
c198-031:3309:3351 [0] NCCL INFO NCCL_PROTO set by environment to Simple
c198-031:3309:3351 [0] NCCL INFO NCCL_ALGO set by environment to TREE
c198-031:3309:3351 [0] NCCL INFO threadThresholds 8/8/64 | 512/8/64 | 512 | 512
c198-031:3309:3351 [0] NCCL INFO 2 coll channels, 0 nvls channels, 2 p2p channels, 2 p2p channels per peer
c199-041:22146:22177 [2] NCCL INFO Connected all trees
c199-041:22146:22177 [2] NCCL INFO NCCL_NTHREADS set by environment to 256.
c199-041:22146:22177 [2] NCCL INFO NCCL_PROTO set by environment to Simple
c199-041:22146:22177 [2] NCCL INFO NCCL_ALGO set by environment to TREE
c199-041:22146:22177 [2] NCCL INFO threadThresholds 8/8/64 | 512/8/64 | 512 | 512
c199-041:22146:22177 [2] NCCL INFO 2 coll channels, 0 nvls channels, 2 p2p channels, 2 p2p channels per peer
c198-011:5237:5275 [1] NCCL INFO Connected all trees
c198-011:5237:5275 [1] NCCL INFO NCCL_NTHREADS set by environment to 256.
c198-011:5237:5275 [1] NCCL INFO NCCL_PROTO set by environment to Simple
c198-011:5237:5275 [1] NCCL INFO NCCL_ALGO set by environment to TREE
c198-011:5237:5275 [1] NCCL INFO threadThresholds 8/8/64 | 512/8/64 | 512 | 512
c198-011:5237:5275 [1] NCCL INFO 2 coll channels, 0 nvls channels, 2 p2p channels, 2 p2p channels per peer
c198-012:8662:8694 [2] NCCL INFO Connected all trees
c198-012:8662:8694 [2] NCCL INFO NCCL_NTHREADS set by environment to 256.
c198-012:8662:8694 [2] NCCL INFO NCCL_PROTO set by environment to Simple
c198-012:8662:8694 [2] NCCL INFO NCCL_ALGO set by environment to TREE
c198-012:8662:8694 [2] NCCL INFO threadThresholds 8/8/64 | 512/8/64 | 512 | 512
c198-012:8662:8694 [2] NCCL INFO 2 coll channels, 0 nvls channels, 2 p2p channels, 2 p2p channels per peer
c199-021:7287:7320 [0] NCCL INFO Connected all trees
c199-021:7287:7320 [0] NCCL INFO NCCL_NTHREADS set by environment to 256.
c199-021:7287:7320 [0] NCCL INFO NCCL_PROTO set by environment to Simple
c199-021:7287:7320 [0] NCCL INFO NCCL_ALGO set by environment to TREE
c199-021:7287:7320 [0] NCCL INFO threadThresholds 8/8/64 | 512/8/64 | 512 | 512
c199-021:7287:7320 [0] NCCL INFO 2 coll channels, 0 nvls channels, 2 p2p channels, 2 p2p channels per peer
c198-051:20664:20701 [0] NCCL INFO Connected all trees
c198-051:20664:20701 [0] NCCL INFO NCCL_NTHREADS set by environment to 256.
c198-051:20664:20701 [0] NCCL INFO NCCL_PROTO set by environment to Simple
c198-051:20664:20701 [0] NCCL INFO NCCL_ALGO set by environment to TREE
c198-051:20664:20701 [0] NCCL INFO threadThresholds 8/8/64 | 512/8/64 | 512 | 512
c198-051:20664:20701 [0] NCCL INFO 2 coll channels, 0 nvls channels, 2 p2p channels, 2 p2p channels per peer
c198-031:3310:3352 [1] NCCL INFO Connected all trees
c198-031:3310:3352 [1] NCCL INFO NCCL_NTHREADS set by environment to 256.
c198-031:3310:3352 [1] NCCL INFO NCCL_PROTO set by environment to Simple
c198-031:3310:3352 [1] NCCL INFO NCCL_ALGO set by environment to TREE
c198-031:3310:3352 [1] NCCL INFO threadThresholds 8/8/64 | 512/8/64 | 512 | 512
c198-031:3310:3352 [1] NCCL INFO 2 coll channels, 0 nvls channels, 2 p2p channels, 2 p2p channels per peer
c199-051:30784:30819 [0] NCCL INFO Connected all trees
c199-051:30784:30819 [0] NCCL INFO NCCL_NTHREADS set by environment to 256.
c199-051:30784:30819 [0] NCCL INFO NCCL_PROTO set by environment to Simple
c199-051:30784:30819 [0] NCCL INFO NCCL_ALGO set by environment to TREE
c199-051:30784:30819 [0] NCCL INFO threadThresholds 8/8/64 | 512/8/64 | 512 | 512
c199-051:30784:30819 [0] NCCL INFO 2 coll channels, 0 nvls channels, 2 p2p channels, 2 p2p channels per peer
