c196-072:28679:28710 [2] NCCL INFO Trees [0] 31/-1/-1->30->29 [1] 31/-1/-1->30->29
c196-041:4017:4048 [0] NCCL INFO Channel 01/02 :    0   1   2   3   4   5   6   7   8   9  10  11  12  13  14  15  16  17  18  19
c196-071:18496:18528 [2] NCCL INFO Trees [0] 27/-1/-1->26->25 [1] 27/-1/-1->26->25
c196-051:11484:11516 [2] NCCL INFO Trees [0] 11/-1/-1->10->9 [1] 11/-1/-1->10->9
c196-061:6176:6208 [3] NCCL INFO Trees [0] -1/-1/-1->19->18 [1] -1/-1/-1->19->18
c196-062:11826:11858 [2] NCCL INFO Trees [0] 23/-1/-1->22->21 [1] 23/-1/-1->22->21
c196-052:32655:32688 [2] NCCL INFO Trees [0] 15/-1/-1->14->13 [1] 15/-1/-1->14->13
c196-072:28680:28712 [3] NCCL INFO Trees [0] -1/-1/-1->31->30 [1] -1/-1/-1->31->30
c196-041:4017:4048 [0] NCCL INFO Trees [0] 1/16/-1->0->-1 [1] 1/-1/-1->0->4
c196-071:18494:18534 [0] NCCL INFO Trees [0] 25/28/-1->24->16 [1] 25/-1/-1->24->21
c196-062:11827:11860 [3] NCCL INFO Trees [0] -1/-1/-1->23->22 [1] -1/-1/-1->23->22
c196-052:32656:32687 [3] NCCL INFO Trees [0] -1/-1/-1->15->14 [1] -1/-1/-1->15->14
c196-072:28677:28714 [0] NCCL INFO Trees [0] 29/-1/-1->28->24 [1] 29/12/-1->28->-1
c196-042:15420:15457 [0] NCCL INFO Channel 00/0 : 3[83000] -> 4[2000] [receive] via NET/IB/0
c196-061:6173:6206 [0] NCCL INFO Channel 00/0 : 15[83000] -> 16[2000] [receive] via NET/IB/0
c196-062:11824:11862 [0] NCCL INFO Channel 00/0 : 19[83000] -> 20[2000] [receive] via NET/IB/0
c196-051:11482:11521 [0] NCCL INFO Channel 00/0 : 7[83000] -> 8[2000] [receive] via NET/IB/0
c196-041:4017:4048 [0] NCCL INFO Channel 00/0 : 31[83000] -> 0[2000] [receive] via NET/IB/0
c196-071:18494:18534 [0] NCCL INFO Channel 00/0 : 23[83000] -> 24[2000] [receive] via NET/IB/0
c196-052:32653:32692 [0] NCCL INFO Channel 00/0 : 11[83000] -> 12[2000] [receive] via NET/IB/0
c196-072:28677:28714 [0] NCCL INFO Channel 00/0 : 27[83000] -> 28[2000] [receive] via NET/IB/0
c196-041:4019:4054 [2] NCCL INFO Channel 00 : 2[82000] -> 3[83000] via direct shared memory
c196-051:11484:11516 [2] NCCL INFO Channel 00 : 10[82000] -> 11[83000] via direct shared memory
c196-072:28679:28710 [2] NCCL INFO Channel 00 : 30[82000] -> 31[83000] via direct shared memory
c196-051:11484:11516 [2] NCCL INFO Channel 01 : 10[82000] -> 11[83000] via direct shared memory
c196-072:28679:28710 [2] NCCL INFO Channel 01 : 30[82000] -> 31[83000] via direct shared memory
c196-071:18496:18528 [2] NCCL INFO Channel 00 : 26[82000] -> 27[83000] via direct shared memory
c196-052:32655:32688 [2] NCCL INFO Channel 00 : 14[82000] -> 15[83000] via direct shared memory
c196-041:4019:4054 [2] NCCL INFO Channel 01 : 2[82000] -> 3[83000] via direct shared memory
c196-071:18495:18533 [1] NCCL INFO Channel 00 : 25[3000] -> 26[82000] via direct shared memory
c196-061:6175:6212 [2] NCCL INFO Channel 00 : 18[82000] -> 19[83000] via direct shared memory
c196-071:18496:18528 [2] NCCL INFO Channel 01 : 26[82000] -> 27[83000] via direct shared memory
c196-052:32655:32688 [2] NCCL INFO Channel 01 : 14[82000] -> 15[83000] via direct shared memory
c196-041:4018:4057 [1] NCCL INFO Channel 00 : 1[3000] -> 2[82000] via direct shared memory
c196-061:6174:6211 [1] NCCL INFO Channel 00 : 17[3000] -> 18[82000] via direct shared memory
c196-042:15421:15459 [1] NCCL INFO Channel 00 : 5[3000] -> 6[82000] via direct shared memory
c196-071:18495:18533 [1] NCCL INFO Channel 01 : 25[3000] -> 26[82000] via direct shared memory
c196-061:6175:6212 [2] NCCL INFO Channel 01 : 18[82000] -> 19[83000] via direct shared memory
c196-062:11825:11864 [1] NCCL INFO Channel 00 : 21[3000] -> 22[82000] via direct shared memory
c196-052:32654:32691 [1] NCCL INFO Channel 00 : 13[3000] -> 14[82000] via direct shared memory
c196-041:4018:4057 [1] NCCL INFO Channel 01 : 1[3000] -> 2[82000] via direct shared memory
c196-042:15422:15456 [2] NCCL INFO Channel 00 : 6[82000] -> 7[83000] via direct shared memory
c196-061:6174:6211 [1] NCCL INFO Channel 01 : 17[3000] -> 18[82000] via direct shared memory
c196-062:11826:11858 [2] NCCL INFO Channel 00 : 22[82000] -> 23[83000] via direct shared memory
c196-052:32654:32691 [1] NCCL INFO Channel 01 : 13[3000] -> 14[82000] via direct shared memory
c196-042:15421:15459 [1] NCCL INFO Channel 01 : 5[3000] -> 6[82000] via direct shared memory
c196-062:11825:11864 [1] NCCL INFO Channel 01 : 21[3000] -> 22[82000] via direct shared memory
c196-042:15422:15456 [2] NCCL INFO Channel 01 : 6[82000] -> 7[83000] via direct shared memory
c196-062:11826:11858 [2] NCCL INFO Channel 01 : 22[82000] -> 23[83000] via direct shared memory
c196-072:28678:28716 [1] NCCL INFO Channel 00 : 29[3000] -> 30[82000] via direct shared memory
c196-072:28678:28716 [1] NCCL INFO Channel 01 : 29[3000] -> 30[82000] via direct shared memory
c196-051:11485:11522 [3] NCCL INFO Channel 00/0 : 11[83000] -> 12[2000] [send] via NET/IB/0
c196-041:4020:4055 [3] NCCL INFO Channel 00/0 : 3[83000] -> 4[2000] [send] via NET/IB/0
c196-071:18497:18530 [3] NCCL INFO Channel 00/0 : 27[83000] -> 28[2000] [send] via NET/IB/0
c196-072:28680:28712 [3] NCCL INFO Channel 00/0 : 31[83000] -> 0[2000] [send] via NET/IB/0
c196-061:6176:6208 [3] NCCL INFO Channel 00/0 : 19[83000] -> 20[2000] [send] via NET/IB/0
c196-052:32656:32687 [3] NCCL INFO Channel 00/0 : 15[83000] -> 16[2000] [send] via NET/IB/0
c196-042:15423:15453 [3] NCCL INFO Channel 00/0 : 7[83000] -> 8[2000] [send] via NET/IB/0
c196-062:11827:11860 [3] NCCL INFO Channel 00/0 : 23[83000] -> 24[2000] [send] via NET/IB/0
c196-051:11483:11520 [1] NCCL INFO Channel 00 : 9[3000] -> 10[82000] via direct shared memory
c196-051:11483:11520 [1] NCCL INFO Channel 01 : 9[3000] -> 10[82000] via direct shared memory
c196-071:18494:18534 [0] NCCL INFO Channel 01/0 : 23[83000] -> 24[2000] [receive] via NET/IB/0
c196-042:15420:15457 [0] NCCL INFO Channel 01/0 : 3[83000] -> 4[2000] [receive] via NET/IB/0
c196-072:28677:28714 [0] NCCL INFO Channel 01/0 : 27[83000] -> 28[2000] [receive] via NET/IB/0
c196-071:18494:18534 [0] NCCL INFO Channel 00 : 24[2000] -> 25[3000] via direct shared memory
c196-062:11824:11862 [0] NCCL INFO Channel 01/0 : 19[83000] -> 20[2000] [receive] via NET/IB/0
c196-052:32653:32692 [0] NCCL INFO Channel 01/0 : 11[83000] -> 12[2000] [receive] via NET/IB/0
c196-042:15420:15457 [0] NCCL INFO Channel 00 : 4[2000] -> 5[3000] via direct shared memory
c196-071:18494:18534 [0] NCCL INFO Channel 01 : 24[2000] -> 25[3000] via direct shared memory
c196-061:6173:6206 [0] NCCL INFO Channel 01/0 : 15[83000] -> 16[2000] [receive] via NET/IB/0
c196-072:28677:28714 [0] NCCL INFO Channel 00 : 28[2000] -> 29[3000] via direct shared memory
c196-041:4017:4048 [0] NCCL INFO Channel 01/0 : 31[83000] -> 0[2000] [receive] via NET/IB/0
c196-042:15420:15457 [0] NCCL INFO Channel 01 : 4[2000] -> 5[3000] via direct shared memory
c196-052:32653:32692 [0] NCCL INFO Channel 00 : 12[2000] -> 13[3000] via direct shared memory
c196-072:28677:28714 [0] NCCL INFO Channel 01 : 28[2000] -> 29[3000] via direct shared memory
c196-061:6173:6206 [0] NCCL INFO Channel 00 : 16[2000] -> 17[3000] via direct shared memory
c196-062:11824:11862 [0] NCCL INFO Channel 00 : 20[2000] -> 21[3000] via direct shared memory
c196-052:32653:32692 [0] NCCL INFO Channel 01 : 12[2000] -> 13[3000] via direct shared memory
c196-041:4017:4048 [0] NCCL INFO Channel 00 : 0[2000] -> 1[3000] via direct shared memory
c196-061:6173:6206 [0] NCCL INFO Channel 01 : 16[2000] -> 17[3000] via direct shared memory
c196-062:11824:11862 [0] NCCL INFO Channel 01 : 20[2000] -> 21[3000] via direct shared memory
c196-041:4017:4048 [0] NCCL INFO Channel 01 : 0[2000] -> 1[3000] via direct shared memory
c196-051:11482:11521 [0] NCCL INFO Channel 01/0 : 7[83000] -> 8[2000] [receive] via NET/IB/0
c196-051:11482:11521 [0] NCCL INFO Channel 00 : 8[2000] -> 9[3000] via direct shared memory
c196-051:11482:11521 [0] NCCL INFO Channel 01 : 8[2000] -> 9[3000] via direct shared memory
c196-071:18495:18533 [1] NCCL INFO Connected all rings
c196-042:15421:15459 [1] NCCL INFO Connected all rings
c196-061:6174:6211 [1] NCCL INFO Connected all rings
c196-041:4018:4057 [1] NCCL INFO Connected all rings
c196-072:28678:28716 [1] NCCL INFO Connected all rings
c196-062:11825:11864 [1] NCCL INFO Connected all rings
c196-052:32654:32691 [1] NCCL INFO Connected all rings
c196-071:18495:18533 [1] NCCL INFO Channel 00/0 : 20[2000] -> 25[3000] [receive] via NET/IB/0
c196-042:15421:15459 [1] NCCL INFO Channel 01/0 : 5[3000] -> 8[2000] [send] via NET/IB/0
c196-051:11483:11520 [1] NCCL INFO Connected all rings
c196-061:6174:6211 [1] NCCL INFO Channel 00/0 : 8[2000] -> 17[3000] [receive] via NET/IB/0
c196-062:11825:11864 [1] NCCL INFO Channel 01/0 : 21[3000] -> 24[2000] [send] via NET/IB/0
c196-052:32654:32691 [1] NCCL INFO Channel 01/0 : 13[3000] -> 20[2000] [send] via NET/IB/0
c196-051:11483:11520 [1] NCCL INFO Channel 00/0 : 4[2000] -> 9[3000] [receive] via NET/IB/0
c196-051:11485:11522 [3] NCCL INFO Channel 01/0 : 11[83000] -> 12[2000] [send] via NET/IB/0
c196-071:18497:18530 [3] NCCL INFO Channel 01/0 : 27[83000] -> 28[2000] [send] via NET/IB/0
c196-052:32656:32687 [3] NCCL INFO Channel 01/0 : 15[83000] -> 16[2000] [send] via NET/IB/0
c196-072:28680:28712 [3] NCCL INFO Channel 01/0 : 31[83000] -> 0[2000] [send] via NET/IB/0
c196-061:6176:6208 [3] NCCL INFO Channel 01/0 : 19[83000] -> 20[2000] [send] via NET/IB/0
c196-041:4020:4055 [3] NCCL INFO Channel 01/0 : 3[83000] -> 4[2000] [send] via NET/IB/0
c196-042:15423:15453 [3] NCCL INFO Channel 01/0 : 7[83000] -> 8[2000] [send] via NET/IB/0
c196-062:11827:11860 [3] NCCL INFO Channel 01/0 : 23[83000] -> 24[2000] [send] via NET/IB/0
c196-071:18496:18528 [2] NCCL INFO Connected all rings
c196-052:32655:32688 [2] NCCL INFO Connected all rings
c196-051:11484:11516 [2] NCCL INFO Connected all rings
c196-041:4019:4054 [2] NCCL INFO Connected all rings
c196-061:6175:6212 [2] NCCL INFO Connected all rings
c196-072:28679:28710 [2] NCCL INFO Connected all rings
c196-042:15422:15456 [2] NCCL INFO Connected all rings
c196-062:11826:11858 [2] NCCL INFO Connected all rings
c196-072:28678:28716 [1] NCCL INFO Channel 00 : 29[3000] -> 28[2000] via direct shared memory
c196-041:4018:4057 [1] NCCL INFO Channel 00 : 1[3000] -> 0[2000] via direct shared memory
c196-072:28678:28716 [1] NCCL INFO Channel 01 : 29[3000] -> 28[2000] via direct shared memory
c196-041:4018:4057 [1] NCCL INFO Channel 01 : 1[3000] -> 0[2000] via direct shared memory
c196-051:11485:11522 [3] NCCL INFO Connected all rings
c196-051:11485:11522 [3] NCCL INFO Channel 00 : 11[83000] -> 10[82000] via direct shared memory
c196-051:11485:11522 [3] NCCL INFO Channel 01 : 11[83000] -> 10[82000] via direct shared memory
c196-052:32656:32687 [3] NCCL INFO Connected all rings
c196-052:32656:32687 [3] NCCL INFO Channel 00 : 15[83000] -> 14[82000] via direct shared memory
c196-072:28680:28712 [3] NCCL INFO Connected all rings
c196-061:6176:6208 [3] NCCL INFO Connected all rings
c196-052:32656:32687 [3] NCCL INFO Channel 01 : 15[83000] -> 14[82000] via direct shared memory
c196-061:6176:6208 [3] NCCL INFO Channel 00 : 19[83000] -> 18[82000] via direct shared memory
c196-072:28680:28712 [3] NCCL INFO Channel 00 : 31[83000] -> 30[82000] via direct shared memory
c196-061:6176:6208 [3] NCCL INFO Channel 01 : 19[83000] -> 18[82000] via direct shared memory
c196-072:28680:28712 [3] NCCL INFO Channel 01 : 31[83000] -> 30[82000] via direct shared memory
c196-042:15423:15453 [3] NCCL INFO Connected all rings
c196-041:4020:4055 [3] NCCL INFO Connected all rings
c196-062:11827:11860 [3] NCCL INFO Connected all rings
c196-042:15423:15453 [3] NCCL INFO Channel 00 : 7[83000] -> 6[82000] via direct shared memory
c196-041:4020:4055 [3] NCCL INFO Channel 00 : 3[83000] -> 2[82000] via direct shared memory
c196-062:11827:11860 [3] NCCL INFO Channel 00 : 23[83000] -> 22[82000] via direct shared memory
c196-062:11827:11860 [3] NCCL INFO Channel 01 : 23[83000] -> 22[82000] via direct shared memory
c196-041:4020:4055 [3] NCCL INFO Channel 01 : 3[83000] -> 2[82000] via direct shared memory
c196-042:15423:15453 [3] NCCL INFO Channel 01 : 7[83000] -> 6[82000] via direct shared memory
c196-071:18497:18530 [3] NCCL INFO Connected all rings
c196-071:18497:18530 [3] NCCL INFO Channel 00 : 27[83000] -> 26[82000] via direct shared memory
c196-052:32653:32692 [0] NCCL INFO Connected all rings
c196-071:18497:18530 [3] NCCL INFO Channel 01 : 27[83000] -> 26[82000] via direct shared memory
c196-062:11824:11862 [0] NCCL INFO Connected all rings
c196-051:11482:11521 [0] NCCL INFO Connected all rings
c196-061:6173:6206 [0] NCCL INFO Connected all rings
c196-042:15420:15457 [0] NCCL INFO Connected all rings
c196-041:4017:4048 [0] NCCL INFO Connected all rings
c196-072:28677:28714 [0] NCCL INFO Connected all rings
c196-071:18494:18534 [0] NCCL INFO Connected all rings
c196-051:11484:11516 [2] NCCL INFO Channel 00 : 10[82000] -> 9[3000] via direct shared memory
c196-051:11484:11516 [2] NCCL INFO Channel 01 : 10[82000] -> 9[3000] via direct shared memory
c196-071:18496:18528 [2] NCCL INFO Channel 00 : 26[82000] -> 25[3000] via direct shared memory
c196-071:18496:18528 [2] NCCL INFO Channel 01 : 26[82000] -> 25[3000] via direct shared memory
c196-052:32655:32688 [2] NCCL INFO Channel 00 : 14[82000] -> 13[3000] via direct shared memory
c196-052:32655:32688 [2] NCCL INFO Channel 01 : 14[82000] -> 13[3000] via direct shared memory
c196-061:6175:6212 [2] NCCL INFO Channel 00 : 18[82000] -> 17[3000] via direct shared memory
c196-061:6175:6212 [2] NCCL INFO Channel 01 : 18[82000] -> 17[3000] via direct shared memory
c196-042:15422:15456 [2] NCCL INFO Channel 00 : 6[82000] -> 5[3000] via direct shared memory
c196-042:15422:15456 [2] NCCL INFO Channel 01 : 6[82000] -> 5[3000] via direct shared memory
c196-062:11826:11858 [2] NCCL INFO Channel 00 : 22[82000] -> 21[3000] via direct shared memory
c196-062:11826:11858 [2] NCCL INFO Channel 01 : 22[82000] -> 21[3000] via direct shared memory
c196-072:28679:28710 [2] NCCL INFO Channel 00 : 30[82000] -> 29[3000] via direct shared memory
c196-072:28679:28710 [2] NCCL INFO Channel 01 : 30[82000] -> 29[3000] via direct shared memory
c196-041:4019:4054 [2] NCCL INFO Channel 00 : 2[82000] -> 1[3000] via direct shared memory
c196-041:4019:4054 [2] NCCL INFO Channel 01 : 2[82000] -> 1[3000] via direct shared memory
c196-051:11485:11522 [3] NCCL INFO Connected all trees
c196-051:11485:11522 [3] NCCL INFO MSCCL_XML_FILES set by environment to /home1/09168/ldai1/ccl-build/msccl_tools_lyd/examples/xml/xml_lyd/binary_tree/allreduce_binary_tree_2ch_32chunk.xml
c196-051:11485:11522 [3] NCCL INFO MSCCL: Parsing algorithm /home1/09168/ldai1/ccl-build/msccl_tools_lyd/examples/xml/xml_lyd/binary_tree/allreduce_binary_tree_2ch_32chunk.xml
c196-071:18497:18530 [3] NCCL INFO Connected all trees
c196-052:32656:32687 [3] NCCL INFO Connected all trees
c196-071:18497:18530 [3] NCCL INFO MSCCL_XML_FILES set by environment to /home1/09168/ldai1/ccl-build/msccl_tools_lyd/examples/xml/xml_lyd/binary_tree/allreduce_binary_tree_2ch_32chunk.xml
c196-071:18497:18530 [3] NCCL INFO MSCCL: Parsing algorithm /home1/09168/ldai1/ccl-build/msccl_tools_lyd/examples/xml/xml_lyd/binary_tree/allreduce_binary_tree_2ch_32chunk.xml
c196-061:6176:6208 [3] NCCL INFO Connected all trees
c196-052:32656:32687 [3] NCCL INFO MSCCL_XML_FILES set by environment to /home1/09168/ldai1/ccl-build/msccl_tools_lyd/examples/xml/xml_lyd/binary_tree/allreduce_binary_tree_2ch_32chunk.xml
c196-061:6176:6208 [3] NCCL INFO MSCCL_XML_FILES set by environment to /home1/09168/ldai1/ccl-build/msccl_tools_lyd/examples/xml/xml_lyd/binary_tree/allreduce_binary_tree_2ch_32chunk.xml
c196-052:32656:32687 [3] NCCL INFO MSCCL: Parsing algorithm /home1/09168/ldai1/ccl-build/msccl_tools_lyd/examples/xml/xml_lyd/binary_tree/allreduce_binary_tree_2ch_32chunk.xml
c196-061:6176:6208 [3] NCCL INFO MSCCL: Parsing algorithm /home1/09168/ldai1/ccl-build/msccl_tools_lyd/examples/xml/xml_lyd/binary_tree/allreduce_binary_tree_2ch_32chunk.xml
c196-042:15423:15453 [3] NCCL INFO Connected all trees
c196-042:15423:15453 [3] NCCL INFO MSCCL_XML_FILES set by environment to /home1/09168/ldai1/ccl-build/msccl_tools_lyd/examples/xml/xml_lyd/binary_tree/allreduce_binary_tree_2ch_32chunk.xml
c196-042:15423:15453 [3] NCCL INFO MSCCL: Parsing algorithm /home1/09168/ldai1/ccl-build/msccl_tools_lyd/examples/xml/xml_lyd/binary_tree/allreduce_binary_tree_2ch_32chunk.xml
c196-062:11827:11860 [3] NCCL INFO Connected all trees
c196-062:11827:11860 [3] NCCL INFO MSCCL_XML_FILES set by environment to /home1/09168/ldai1/ccl-build/msccl_tools_lyd/examples/xml/xml_lyd/binary_tree/allreduce_binary_tree_2ch_32chunk.xml
c196-062:11827:11860 [3] NCCL INFO MSCCL: Parsing algorithm /home1/09168/ldai1/ccl-build/msccl_tools_lyd/examples/xml/xml_lyd/binary_tree/allreduce_binary_tree_2ch_32chunk.xml
c196-072:28680:28712 [3] NCCL INFO Connected all trees
c196-072:28680:28712 [3] NCCL INFO MSCCL_XML_FILES set by environment to /home1/09168/ldai1/ccl-build/msccl_tools_lyd/examples/xml/xml_lyd/binary_tree/allreduce_binary_tree_2ch_32chunk.xml
c196-072:28680:28712 [3] NCCL INFO MSCCL: Parsing algorithm /home1/09168/ldai1/ccl-build/msccl_tools_lyd/examples/xml/xml_lyd/binary_tree/allreduce_binary_tree_2ch_32chunk.xml
c196-041:4020:4055 [3] NCCL INFO Connected all trees
c196-041:4020:4055 [3] NCCL INFO MSCCL_XML_FILES set by environment to /home1/09168/ldai1/ccl-build/msccl_tools_lyd/examples/xml/xml_lyd/binary_tree/allreduce_binary_tree_2ch_32chunk.xml
c196-041:4020:4055 [3] NCCL INFO MSCCL: Parsing algorithm /home1/09168/ldai1/ccl-build/msccl_tools_lyd/examples/xml/xml_lyd/binary_tree/allreduce_binary_tree_2ch_32chunk.xml
c196-072:28679:28710 [2] NCCL INFO Connected all trees
c196-072:28679:28710 [2] NCCL INFO MSCCL_XML_FILES set by environment to /home1/09168/ldai1/ccl-build/msccl_tools_lyd/examples/xml/xml_lyd/binary_tree/allreduce_binary_tree_2ch_32chunk.xml
c196-072:28679:28710 [2] NCCL INFO MSCCL: Parsing algorithm /home1/09168/ldai1/ccl-build/msccl_tools_lyd/examples/xml/xml_lyd/binary_tree/allreduce_binary_tree_2ch_32chunk.xml
c196-041:4019:4054 [2] NCCL INFO Connected all trees
c196-041:4019:4054 [2] NCCL INFO MSCCL_XML_FILES set by environment to /home1/09168/ldai1/ccl-build/msccl_tools_lyd/examples/xml/xml_lyd/binary_tree/allreduce_binary_tree_2ch_32chunk.xml
c196-041:4019:4054 [2] NCCL INFO MSCCL: Parsing algorithm /home1/09168/ldai1/ccl-build/msccl_tools_lyd/examples/xml/xml_lyd/binary_tree/allreduce_binary_tree_2ch_32chunk.xml
c196-052:32653:32692 [0] NCCL INFO Channel 00/0 : 8[2000] -> 12[2000] [receive] via NET/IB/0
c196-051:11482:11521 [0] NCCL INFO Channel 01/0 : 5[3000] -> 8[2000] [receive] via NET/IB/0
c196-042:15420:15457 [0] NCCL INFO Channel 01/0 : 0[2000] -> 4[2000] [receive] via NET/IB/0
c196-062:11824:11862 [0] NCCL INFO Channel 01/0 : 16[2000] -> 20[2000] [receive] via NET/IB/0
c196-061:6173:6206 [0] NCCL INFO Channel 01/0 : 16[2000] -> 20[2000] [send] via NET/IB/0
c196-041:4017:4048 [0] NCCL INFO Channel 01/0 : 0[2000] -> 4[2000] [send] via NET/IB/0
c196-071:18494:18534 [0] NCCL INFO Channel 01/0 : 21[3000] -> 24[2000] [receive] via NET/IB/0
c196-072:28677:28714 [0] NCCL INFO Channel 00/0 : 24[2000] -> 28[2000] [receive] via NET/IB/0
c196-072:28679:28710 [2] NCCL INFO Parsed MSCCL Algorithm /home1/09168/ldai1/ccl-build/msccl_tools_lyd/examples/xml/xml_lyd/binary_tree/allreduce_binary_tree_2ch_32chunk.xml successfully.
c196-072:28680:28712 [3] NCCL INFO Parsed MSCCL Algorithm /home1/09168/ldai1/ccl-build/msccl_tools_lyd/examples/xml/xml_lyd/binary_tree/allreduce_binary_tree_2ch_32chunk.xml successfully.
c196-071:18497:18530 [3] NCCL INFO Parsed MSCCL Algorithm /home1/09168/ldai1/ccl-build/msccl_tools_lyd/examples/xml/xml_lyd/binary_tree/allreduce_binary_tree_2ch_32chunk.xml successfully.
c196-062:11827:11860 [3] NCCL INFO Parsed MSCCL Algorithm /home1/09168/ldai1/ccl-build/msccl_tools_lyd/examples/xml/xml_lyd/binary_tree/allreduce_binary_tree_2ch_32chunk.xml successfully.
c196-052:32656:32687 [3] NCCL INFO Parsed MSCCL Algorithm /home1/09168/ldai1/ccl-build/msccl_tools_lyd/examples/xml/xml_lyd/binary_tree/allreduce_binary_tree_2ch_32chunk.xml successfully.
c196-042:15423:15453 [3] NCCL INFO Parsed MSCCL Algorithm /home1/09168/ldai1/ccl-build/msccl_tools_lyd/examples/xml/xml_lyd/binary_tree/allreduce_binary_tree_2ch_32chunk.xml successfully.
c196-041:4020:4055 [3] NCCL INFO Parsed MSCCL Algorithm /home1/09168/ldai1/ccl-build/msccl_tools_lyd/examples/xml/xml_lyd/binary_tree/allreduce_binary_tree_2ch_32chunk.xml successfully.
c196-041:4019:4054 [2] NCCL INFO Parsed MSCCL Algorithm /home1/09168/ldai1/ccl-build/msccl_tools_lyd/examples/xml/xml_lyd/binary_tree/allreduce_binary_tree_2ch_32chunk.xml successfully.
c196-061:6176:6208 [3] NCCL INFO Parsed MSCCL Algorithm /home1/09168/ldai1/ccl-build/msccl_tools_lyd/examples/xml/xml_lyd/binary_tree/allreduce_binary_tree_2ch_32chunk.xml successfully.
c196-051:11485:11522 [3] NCCL INFO Parsed MSCCL Algorithm /home1/09168/ldai1/ccl-build/msccl_tools_lyd/examples/xml/xml_lyd/binary_tree/allreduce_binary_tree_2ch_32chunk.xml successfully.
c196-042:15421:15459 [1] NCCL INFO Channel 01/0 : 8[2000] -> 5[3000] [receive] via NET/IB/0
c196-061:6173:6206 [0] NCCL INFO Channel 00/0 : 16[2000] -> 24[2000] [send] via NET/IB/0
c196-041:4017:4048 [0] NCCL INFO Channel 00/0 : 16[2000] -> 0[2000] [receive] via NET/IB/0
c196-051:11482:11521 [0] NCCL INFO Channel 00/0 : 8[2000] -> 12[2000] [send] via NET/IB/0
c196-072:28679:28710 [2] NCCL INFO Channel 02 : 30[82000] -> 31[83000] via direct shared memory
c196-072:28679:28710 [2] NCCL INFO Channel 03 : 30[82000] -> 31[83000] via direct shared memory
c196-071:18494:18534 [0] NCCL INFO Channel 00/0 : 24[2000] -> 28[2000] [send] via NET/IB/0
c196-042:15420:15457 [0] NCCL INFO Channel 00/0 : 4[2000] -> 9[3000] [send] via NET/IB/0
c196-062:11824:11862 [0] NCCL INFO Channel 00/0 : 20[2000] -> 25[3000] [send] via NET/IB/0
c196-062:11825:11864 [1] NCCL INFO Channel 01/0 : 24[2000] -> 21[3000] [receive] via NET/IB/0
c196-072:28680:28712 [3] NCCL INFO Channel 01/0 : 27[83000] -> 31[83000] [receive] via NET/IB/0
c196-041:4019:4054 [2] NCCL INFO Channel 02 : 2[82000] -> 3[83000] via direct shared memory
c196-041:4019:4054 [2] NCCL INFO Channel 03 : 2[82000] -> 3[83000] via direct shared memory
c196-041:4020:4055 [3] NCCL INFO Channel 03/0 : 3[83000] -> 7[83000] [send] via NET/IB/0
c196-041:4017:4048 [0] NCCL INFO Channel 00/0 : 0[2000] -> 16[2000] [send] via NET/IB/0
c196-051:11482:11521 [0] NCCL INFO Channel 00/0 : 8[2000] -> 17[3000] [send] via NET/IB/0
c196-062:11824:11862 [0] NCCL INFO Channel 01/0 : 13[3000] -> 20[2000] [receive] via NET/IB/0
c196-071:18494:18534 [0] NCCL INFO Channel 00/0 : 16[2000] -> 24[2000] [receive] via NET/IB/0
c196-042:15420:15457 [0] NCCL INFO Channel 01/0 : 4[2000] -> 12[2000] [send] via NET/IB/0
c196-052:32653:32692 [0] NCCL INFO Channel 01/0 : 4[2000] -> 12[2000] [receive] via NET/IB/0
c196-072:28677:28714 [0] NCCL INFO Channel 01/0 : 12[2000] -> 28[2000] [receive] via NET/IB/0
c196-051:11483:11520 [1] NCCL INFO Channel 00/0 : 9[3000] -> 4[2000] [send] via NET/IB/0
c196-071:18495:18533 [1] NCCL INFO Channel 00/0 : 25[3000] -> 20[2000] [send] via NET/IB/0
c196-072:28677:28714 [0] NCCL INFO Channel 01/0 : 28[2000] -> 12[2000] [send] via NET/IB/0
c196-051:11482:11521 [0] NCCL INFO Channel 00/0 : 17[3000] -> 8[2000] [receive] via NET/IB/0
c196-052:32654:32691 [1] NCCL INFO Channel 01/0 : 20[2000] -> 13[3000] [receive] via NET/IB/0
c196-042:15420:15457 [0] NCCL INFO Channel 01/0 : 12[2000] -> 4[2000] [receive] via NET/IB/0
c196-062:11824:11862 [0] NCCL INFO Channel 01/0 : 20[2000] -> 13[3000] [send] via NET/IB/0
c196-061:6174:6211 [1] NCCL INFO Channel 00/0 : 17[3000] -> 8[2000] [send] via NET/IB/0
c196-071:18494:18534 [0] NCCL INFO Channel 00/0 : 24[2000] -> 16[2000] [send] via NET/IB/0
c196-052:32653:32692 [0] NCCL INFO Channel 01/0 : 28[2000] -> 12[2000] [receive] via NET/IB/0
c196-061:6173:6206 [0] NCCL INFO Channel 00/0 : 0[2000] -> 16[2000] [receive] via NET/IB/0
c196-061:6174:6211 [1] NCCL INFO Channel 00 : 17[3000] -> 16[2000] via direct shared memory
c196-061:6174:6211 [1] NCCL INFO Channel 01 : 17[3000] -> 16[2000] via direct shared memory
c196-052:32654:32691 [1] NCCL INFO Channel 00 : 13[3000] -> 12[2000] via direct shared memory
c196-052:32654:32691 [1] NCCL INFO Channel 01 : 13[3000] -> 12[2000] via direct shared memory
c196-061:6175:6212 [2] NCCL INFO Connected all trees
c196-061:6175:6212 [2] NCCL INFO MSCCL_XML_FILES set by environment to /home1/09168/ldai1/ccl-build/msccl_tools_lyd/examples/xml/xml_lyd/binary_tree/allreduce_binary_tree_2ch_32chunk.xml
c196-061:6175:6212 [2] NCCL INFO MSCCL: Parsing algorithm /home1/09168/ldai1/ccl-build/msccl_tools_lyd/examples/xml/xml_lyd/binary_tree/allreduce_binary_tree_2ch_32chunk.xml
c196-052:32655:32688 [2] NCCL INFO Connected all trees
c196-052:32655:32688 [2] NCCL INFO MSCCL_XML_FILES set by environment to /home1/09168/ldai1/ccl-build/msccl_tools_lyd/examples/xml/xml_lyd/binary_tree/allreduce_binary_tree_2ch_32chunk.xml
c196-052:32655:32688 [2] NCCL INFO MSCCL: Parsing algorithm /home1/09168/ldai1/ccl-build/msccl_tools_lyd/examples/xml/xml_lyd/binary_tree/allreduce_binary_tree_2ch_32chunk.xml
c196-052:32653:32692 [0] NCCL INFO Channel 01/0 : 12[2000] -> 28[2000] [send] via NET/IB/0
c196-061:6173:6206 [0] NCCL INFO Channel 00/0 : 16[2000] -> 0[2000] [send] via NET/IB/0
c196-062:11824:11862 [0] NCCL INFO Channel 00/0 : 25[3000] -> 20[2000] [receive] via NET/IB/0
c196-051:11482:11521 [0] NCCL INFO Channel 00/0 : 12[2000] -> 8[2000] [receive] via NET/IB/0
c196-071:18495:18533 [1] NCCL INFO Channel 00 : 25[3000] -> 24[2000] via direct shared memory
c196-071:18495:18533 [1] NCCL INFO Channel 01 : 25[3000] -> 24[2000] via direct shared memory
c196-061:6175:6212 [2] NCCL INFO Parsed MSCCL Algorithm /home1/09168/ldai1/ccl-build/msccl_tools_lyd/examples/xml/xml_lyd/binary_tree/allreduce_binary_tree_2ch_32chunk.xml successfully.
c196-052:32655:32688 [2] NCCL INFO Parsed MSCCL Algorithm /home1/09168/ldai1/ccl-build/msccl_tools_lyd/examples/xml/xml_lyd/binary_tree/allreduce_binary_tree_2ch_32chunk.xml successfully.
c196-071:18496:18528 [2] NCCL INFO Connected all trees
c196-071:18496:18528 [2] NCCL INFO MSCCL_XML_FILES set by environment to /home1/09168/ldai1/ccl-build/msccl_tools_lyd/examples/xml/xml_lyd/binary_tree/allreduce_binary_tree_2ch_32chunk.xml
c196-071:18496:18528 [2] NCCL INFO MSCCL: Parsing algorithm /home1/09168/ldai1/ccl-build/msccl_tools_lyd/examples/xml/xml_lyd/binary_tree/allreduce_binary_tree_2ch_32chunk.xml
c196-061:6175:6212 [2] NCCL INFO Channel 02 : 18[82000] -> 19[83000] via direct shared memory
c196-061:6175:6212 [2] NCCL INFO Channel 03 : 18[82000] -> 19[83000] via direct shared memory
c196-061:6176:6208 [3] NCCL INFO Channel 03/0 : 19[83000] -> 23[83000] [send] via NET/IB/0
c196-052:32655:32688 [2] NCCL INFO Channel 02 : 14[82000] -> 15[83000] via direct shared memory
c196-052:32655:32688 [2] NCCL INFO Channel 03 : 14[82000] -> 15[83000] via direct shared memory
c196-052:32656:32687 [3] NCCL INFO Channel 01/0 : 11[83000] -> 15[83000] [receive] via NET/IB/0
c196-052:32653:32692 [0] NCCL INFO Channel 01/0 : 12[2000] -> 4[2000] [send] via NET/IB/0
c196-072:28677:28714 [0] NCCL INFO Channel 00/0 : 28[2000] -> 24[2000] [send] via NET/IB/0
c196-062:11824:11862 [0] NCCL INFO Channel 01/0 : 20[2000] -> 16[2000] [send] via NET/IB/0
c196-041:4017:4048 [0] NCCL INFO Channel 01/0 : 4[2000] -> 0[2000] [receive] via NET/IB/0
c196-061:6173:6206 [0] NCCL INFO Channel 00/0 : 24[2000] -> 16[2000] [receive] via NET/IB/0
c196-071:18496:18528 [2] NCCL INFO Parsed MSCCL Algorithm /home1/09168/ldai1/ccl-build/msccl_tools_lyd/examples/xml/xml_lyd/binary_tree/allreduce_binary_tree_2ch_32chunk.xml successfully.
c196-071:18496:18528 [2] NCCL INFO Channel 02 : 26[82000] -> 27[83000] via direct shared memory
c196-071:18496:18528 [2] NCCL INFO Channel 03 : 26[82000] -> 27[83000] via direct shared memory
c196-071:18497:18530 [3] NCCL INFO Channel 01/0 : 27[83000] -> 31[83000] [send] via NET/IB/0
c196-052:32653:32692 [0] NCCL INFO Channel 00/0 : 12[2000] -> 8[2000] [send] via NET/IB/0
c196-042:15420:15457 [0] NCCL INFO Channel 00/0 : 9[3000] -> 4[2000] [receive] via NET/IB/0
c196-071:18494:18534 [0] NCCL INFO Channel 00/0 : 28[2000] -> 24[2000] [receive] via NET/IB/0
c196-061:6173:6206 [0] NCCL INFO Channel 01/0 : 20[2000] -> 16[2000] [receive] via NET/IB/0
c196-052:32653:32692 [0] NCCL INFO Connected all trees
c196-052:32653:32692 [0] NCCL INFO MSCCL_XML_FILES set by environment to /home1/09168/ldai1/ccl-build/msccl_tools_lyd/examples/xml/xml_lyd/binary_tree/allreduce_binary_tree_2ch_32chunk.xml
c196-052:32653:32692 [0] NCCL INFO MSCCL: Parsing algorithm /home1/09168/ldai1/ccl-build/msccl_tools_lyd/examples/xml/xml_lyd/binary_tree/allreduce_binary_tree_2ch_32chunk.xml
c196-052:32654:32691 [1] NCCL INFO Connected all trees
c196-052:32654:32691 [1] NCCL INFO MSCCL_XML_FILES set by environment to /home1/09168/ldai1/ccl-build/msccl_tools_lyd/examples/xml/xml_lyd/binary_tree/allreduce_binary_tree_2ch_32chunk.xml
c196-052:32654:32691 [1] NCCL INFO MSCCL: Parsing algorithm /home1/09168/ldai1/ccl-build/msccl_tools_lyd/examples/xml/xml_lyd/binary_tree/allreduce_binary_tree_2ch_32chunk.xml
c196-051:11483:11520 [1] NCCL INFO Channel 00 : 9[3000] -> 8[2000] via direct shared memory
c196-051:11483:11520 [1] NCCL INFO Channel 01 : 9[3000] -> 8[2000] via direct shared memory
c196-051:11484:11516 [2] NCCL INFO Connected all trees
c196-051:11484:11516 [2] NCCL INFO MSCCL_XML_FILES set by environment to /home1/09168/ldai1/ccl-build/msccl_tools_lyd/examples/xml/xml_lyd/binary_tree/allreduce_binary_tree_2ch_32chunk.xml
c196-051:11484:11516 [2] NCCL INFO MSCCL: Parsing algorithm /home1/09168/ldai1/ccl-build/msccl_tools_lyd/examples/xml/xml_lyd/binary_tree/allreduce_binary_tree_2ch_32chunk.xml
c196-072:28677:28714 [0] NCCL INFO Connected all trees
c196-072:28677:28714 [0] NCCL INFO MSCCL_XML_FILES set by environment to /home1/09168/ldai1/ccl-build/msccl_tools_lyd/examples/xml/xml_lyd/binary_tree/allreduce_binary_tree_2ch_32chunk.xml
c196-072:28677:28714 [0] NCCL INFO MSCCL: Parsing algorithm /home1/09168/ldai1/ccl-build/msccl_tools_lyd/examples/xml/xml_lyd/binary_tree/allreduce_binary_tree_2ch_32chunk.xml
c196-072:28678:28716 [1] NCCL INFO Connected all trees
c196-072:28678:28716 [1] NCCL INFO MSCCL_XML_FILES set by environment to /home1/09168/ldai1/ccl-build/msccl_tools_lyd/examples/xml/xml_lyd/binary_tree/allreduce_binary_tree_2ch_32chunk.xml
c196-072:28678:28716 [1] NCCL INFO MSCCL: Parsing algorithm /home1/09168/ldai1/ccl-build/msccl_tools_lyd/examples/xml/xml_lyd/binary_tree/allreduce_binary_tree_2ch_32chunk.xml
c196-071:18497:18530 [3] NCCL INFO Channel 03/0 : 22[82000] -> 27[83000] [receive] via NET/IB/0
c196-072:28680:28712 [3] NCCL INFO Channel 03/0 : 15[83000] -> 31[83000] [receive] via NET/IB/0
c196-061:6173:6206 [0] NCCL INFO Connected all trees
c196-061:6173:6206 [0] NCCL INFO MSCCL_XML_FILES set by environment to /home1/09168/ldai1/ccl-build/msccl_tools_lyd/examples/xml/xml_lyd/binary_tree/allreduce_binary_tree_2ch_32chunk.xml
c196-061:6173:6206 [0] NCCL INFO MSCCL: Parsing algorithm /home1/09168/ldai1/ccl-build/msccl_tools_lyd/examples/xml/xml_lyd/binary_tree/allreduce_binary_tree_2ch_32chunk.xml
c196-051:11482:11521 [0] NCCL INFO Channel 01/0 : 8[2000] -> 5[3000] [send] via NET/IB/0
c196-061:6174:6211 [1] NCCL INFO Connected all trees
c196-061:6174:6211 [1] NCCL INFO MSCCL_XML_FILES set by environment to /home1/09168/ldai1/ccl-build/msccl_tools_lyd/examples/xml/xml_lyd/binary_tree/allreduce_binary_tree_2ch_32chunk.xml
c196-061:6174:6211 [1] NCCL INFO MSCCL: Parsing algorithm /home1/09168/ldai1/ccl-build/msccl_tools_lyd/examples/xml/xml_lyd/binary_tree/allreduce_binary_tree_2ch_32chunk.xml
c196-042:15420:15457 [0] NCCL INFO Channel 01/0 : 4[2000] -> 0[2000] [send] via NET/IB/0
c196-071:18494:18534 [0] NCCL INFO Channel 01/0 : 24[2000] -> 21[3000] [send] via NET/IB/0
c196-051:11482:11521 [0] NCCL INFO Connected all trees
c196-051:11482:11521 [0] NCCL INFO MSCCL_XML_FILES set by environment to /home1/09168/ldai1/ccl-build/msccl_tools_lyd/examples/xml/xml_lyd/binary_tree/allreduce_binary_tree_2ch_32chunk.xml
c196-051:11482:11521 [0] NCCL INFO MSCCL: Parsing algorithm /home1/09168/ldai1/ccl-build/msccl_tools_lyd/examples/xml/xml_lyd/binary_tree/allreduce_binary_tree_2ch_32chunk.xml
c196-052:32653:32692 [0] NCCL INFO Parsed MSCCL Algorithm /home1/09168/ldai1/ccl-build/msccl_tools_lyd/examples/xml/xml_lyd/binary_tree/allreduce_binary_tree_2ch_32chunk.xml successfully.
c196-051:11483:11520 [1] NCCL INFO Connected all trees
c196-051:11483:11520 [1] NCCL INFO MSCCL_XML_FILES set by environment to /home1/09168/ldai1/ccl-build/msccl_tools_lyd/examples/xml/xml_lyd/binary_tree/allreduce_binary_tree_2ch_32chunk.xml
c196-051:11483:11520 [1] NCCL INFO MSCCL: Parsing algorithm /home1/09168/ldai1/ccl-build/msccl_tools_lyd/examples/xml/xml_lyd/binary_tree/allreduce_binary_tree_2ch_32chunk.xml
c196-052:32654:32691 [1] NCCL INFO Parsed MSCCL Algorithm /home1/09168/ldai1/ccl-build/msccl_tools_lyd/examples/xml/xml_lyd/binary_tree/allreduce_binary_tree_2ch_32chunk.xml successfully.
c196-042:15421:15459 [1] NCCL INFO Channel 00 : 5[3000] -> 4[2000] via direct shared memory
c196-042:15421:15459 [1] NCCL INFO Channel 01 : 5[3000] -> 4[2000] via direct shared memory
c196-052:32653:32692 [0] NCCL INFO Channel 02 : 12[2000] -> 13[3000] via direct shared memory
c196-052:32653:32692 [0] NCCL INFO Channel 03 : 12[2000] -> 13[3000] via direct shared memory
c196-042:15420:15457 [0] NCCL INFO Connected all trees
c196-042:15420:15457 [0] NCCL INFO MSCCL_XML_FILES set by environment to /home1/09168/ldai1/ccl-build/msccl_tools_lyd/examples/xml/xml_lyd/binary_tree/allreduce_binary_tree_2ch_32chunk.xml
c196-042:15420:15457 [0] NCCL INFO MSCCL: Parsing algorithm /home1/09168/ldai1/ccl-build/msccl_tools_lyd/examples/xml/xml_lyd/binary_tree/allreduce_binary_tree_2ch_32chunk.xml
c196-041:4017:4048 [0] NCCL INFO Connected all trees
c196-041:4017:4048 [0] NCCL INFO MSCCL_XML_FILES set by environment to /home1/09168/ldai1/ccl-build/msccl_tools_lyd/examples/xml/xml_lyd/binary_tree/allreduce_binary_tree_2ch_32chunk.xml
c196-041:4017:4048 [0] NCCL INFO MSCCL: Parsing algorithm /home1/09168/ldai1/ccl-build/msccl_tools_lyd/examples/xml/xml_lyd/binary_tree/allreduce_binary_tree_2ch_32chunk.xml
c196-042:15421:15459 [1] NCCL INFO Connected all trees
c196-042:15421:15459 [1] NCCL INFO MSCCL_XML_FILES set by environment to /home1/09168/ldai1/ccl-build/msccl_tools_lyd/examples/xml/xml_lyd/binary_tree/allreduce_binary_tree_2ch_32chunk.xml
c196-042:15421:15459 [1] NCCL INFO MSCCL: Parsing algorithm /home1/09168/ldai1/ccl-build/msccl_tools_lyd/examples/xml/xml_lyd/binary_tree/allreduce_binary_tree_2ch_32chunk.xml
c196-041:4018:4057 [1] NCCL INFO Connected all trees
c196-041:4018:4057 [1] NCCL INFO MSCCL_XML_FILES set by environment to /home1/09168/ldai1/ccl-build/msccl_tools_lyd/examples/xml/xml_lyd/binary_tree/allreduce_binary_tree_2ch_32chunk.xml
c196-041:4018:4057 [1] NCCL INFO MSCCL: Parsing algorithm /home1/09168/ldai1/ccl-build/msccl_tools_lyd/examples/xml/xml_lyd/binary_tree/allreduce_binary_tree_2ch_32chunk.xml
c196-042:15422:15456 [2] NCCL INFO Connected all trees
c196-042:15422:15456 [2] NCCL INFO MSCCL_XML_FILES set by environment to /home1/09168/ldai1/ccl-build/msccl_tools_lyd/examples/xml/xml_lyd/binary_tree/allreduce_binary_tree_2ch_32chunk.xml
c196-042:15422:15456 [2] NCCL INFO MSCCL: Parsing algorithm /home1/09168/ldai1/ccl-build/msccl_tools_lyd/examples/xml/xml_lyd/binary_tree/allreduce_binary_tree_2ch_32chunk.xml
c196-051:11484:11516 [2] NCCL INFO Parsed MSCCL Algorithm /home1/09168/ldai1/ccl-build/msccl_tools_lyd/examples/xml/xml_lyd/binary_tree/allreduce_binary_tree_2ch_32chunk.xml successfully.
c196-072:28680:28712 [3] NCCL INFO Channel 03/0 : 31[83000] -> 15[83000] [send] via NET/IB/0
c196-071:18494:18534 [0] NCCL INFO Connected all trees
c196-071:18494:18534 [0] NCCL INFO MSCCL_XML_FILES set by environment to /home1/09168/ldai1/ccl-build/msccl_tools_lyd/examples/xml/xml_lyd/binary_tree/allreduce_binary_tree_2ch_32chunk.xml
c196-071:18494:18534 [0] NCCL INFO MSCCL: Parsing algorithm /home1/09168/ldai1/ccl-build/msccl_tools_lyd/examples/xml/xml_lyd/binary_tree/allreduce_binary_tree_2ch_32chunk.xml
c196-072:28677:28714 [0] NCCL INFO Parsed MSCCL Algorithm /home1/09168/ldai1/ccl-build/msccl_tools_lyd/examples/xml/xml_lyd/binary_tree/allreduce_binary_tree_2ch_32chunk.xml successfully.
c196-072:28677:28714 [0] NCCL INFO Channel 02 : 28[2000] -> 29[3000] via direct shared memory
c196-072:28677:28714 [0] NCCL INFO Channel 03 : 28[2000] -> 29[3000] via direct shared memory
c196-062:11825:11864 [1] NCCL INFO Channel 00 : 21[3000] -> 20[2000] via direct shared memory
c196-062:11825:11864 [1] NCCL INFO Channel 01 : 21[3000] -> 20[2000] via direct shared memory
c196-071:18495:18533 [1] NCCL INFO Connected all trees
c196-071:18495:18533 [1] NCCL INFO MSCCL_XML_FILES set by environment to /home1/09168/ldai1/ccl-build/msccl_tools_lyd/examples/xml/xml_lyd/binary_tree/allreduce_binary_tree_2ch_32chunk.xml
c196-071:18495:18533 [1] NCCL INFO MSCCL: Parsing algorithm /home1/09168/ldai1/ccl-build/msccl_tools_lyd/examples/xml/xml_lyd/binary_tree/allreduce_binary_tree_2ch_32chunk.xml
c196-062:11824:11862 [0] NCCL INFO Connected all trees
c196-062:11824:11862 [0] NCCL INFO MSCCL_XML_FILES set by environment to /home1/09168/ldai1/ccl-build/msccl_tools_lyd/examples/xml/xml_lyd/binary_tree/allreduce_binary_tree_2ch_32chunk.xml
c196-062:11824:11862 [0] NCCL INFO MSCCL: Parsing algorithm /home1/09168/ldai1/ccl-build/msccl_tools_lyd/examples/xml/xml_lyd/binary_tree/allreduce_binary_tree_2ch_32chunk.xml
c196-052:32654:32691 [1] NCCL INFO Channel 02 : 13[3000] -> 14[82000] via direct shared memory
c196-072:28678:28716 [1] NCCL INFO Parsed MSCCL Algorithm /home1/09168/ldai1/ccl-build/msccl_tools_lyd/examples/xml/xml_lyd/binary_tree/allreduce_binary_tree_2ch_32chunk.xml successfully.
c196-052:32654:32691 [1] NCCL INFO Channel 03 : 13[3000] -> 14[82000] via direct shared memory
c196-062:11825:11864 [1] NCCL INFO Connected all trees
c196-062:11825:11864 [1] NCCL INFO MSCCL_XML_FILES set by environment to /home1/09168/ldai1/ccl-build/msccl_tools_lyd/examples/xml/xml_lyd/binary_tree/allreduce_binary_tree_2ch_32chunk.xml
c196-062:11825:11864 [1] NCCL INFO MSCCL: Parsing algorithm /home1/09168/ldai1/ccl-build/msccl_tools_lyd/examples/xml/xml_lyd/binary_tree/allreduce_binary_tree_2ch_32chunk.xml
c196-062:11826:11858 [2] NCCL INFO Connected all trees
c196-062:11826:11858 [2] NCCL INFO MSCCL_XML_FILES set by environment to /home1/09168/ldai1/ccl-build/msccl_tools_lyd/examples/xml/xml_lyd/binary_tree/allreduce_binary_tree_2ch_32chunk.xml
c196-062:11826:11858 [2] NCCL INFO MSCCL: Parsing algorithm /home1/09168/ldai1/ccl-build/msccl_tools_lyd/examples/xml/xml_lyd/binary_tree/allreduce_binary_tree_2ch_32chunk.xml
c196-052:32653:32692 [0] NCCL INFO Channel 02/0 : 4[2000] -> 12[2000] [receive] via NET/IB/0
c196-052:32654:32691 [1] NCCL INFO Channel 02/0 : 13[3000] -> 20[2000] [send] via NET/IB/0
c196-061:6173:6206 [0] NCCL INFO Parsed MSCCL Algorithm /home1/09168/ldai1/ccl-build/msccl_tools_lyd/examples/xml/xml_lyd/binary_tree/allreduce_binary_tree_2ch_32chunk.xml successfully.
c196-051:11484:11516 [2] NCCL INFO Channel 02 : 10[82000] -> 11[83000] via direct shared memory
c196-051:11484:11516 [2] NCCL INFO Channel 03 : 10[82000] -> 11[83000] via direct shared memory
c196-061:6173:6206 [0] NCCL INFO Channel 02 : 16[2000] -> 17[3000] via direct shared memory
c196-052:32655:32688 [2] NCCL INFO Channel 03/0 : 14[82000] -> 23[83000] [send] via NET/IB/0
c196-061:6173:6206 [0] NCCL INFO Channel 03 : 16[2000] -> 17[3000] via direct shared memory
c196-051:11485:11522 [3] NCCL INFO Channel 01/0 : 11[83000] -> 15[83000] [send] via NET/IB/0
c196-061:6174:6211 [1] NCCL INFO Parsed MSCCL Algorithm /home1/09168/ldai1/ccl-build/msccl_tools_lyd/examples/xml/xml_lyd/binary_tree/allreduce_binary_tree_2ch_32chunk.xml successfully.
c196-072:28678:28716 [1] NCCL INFO Channel 02 : 29[3000] -> 30[82000] via direct shared memory
c196-072:28678:28716 [1] NCCL INFO Channel 03 : 29[3000] -> 30[82000] via direct shared memory
c196-072:28677:28714 [0] NCCL INFO Channel 02/0 : 12[2000] -> 28[2000] [receive] via NET/IB/0
c196-061:6174:6211 [1] NCCL INFO Channel 02 : 17[3000] -> 18[82000] via direct shared memory
c196-061:6174:6211 [1] NCCL INFO Channel 03 : 17[3000] -> 18[82000] via direct shared memory
c196-051:11482:11521 [0] NCCL INFO Parsed MSCCL Algorithm /home1/09168/ldai1/ccl-build/msccl_tools_lyd/examples/xml/xml_lyd/binary_tree/allreduce_binary_tree_2ch_32chunk.xml successfully.
c196-061:6173:6206 [0] NCCL INFO Channel 02/0 : 16[2000] -> 20[2000] [send] via NET/IB/0
c196-051:11482:11521 [0] NCCL INFO Channel 02 : 8[2000] -> 9[3000] via direct shared memory
c196-051:11482:11521 [0] NCCL INFO Channel 03 : 8[2000] -> 9[3000] via direct shared memory
c196-051:11483:11520 [1] NCCL INFO Parsed MSCCL Algorithm /home1/09168/ldai1/ccl-build/msccl_tools_lyd/examples/xml/xml_lyd/binary_tree/allreduce_binary_tree_2ch_32chunk.xml successfully.
c196-061:6175:6212 [2] NCCL INFO Channel 01/0 : 11[83000] -> 18[82000] [receive] via NET/IB/0
c196-042:15420:15457 [0] NCCL INFO Parsed MSCCL Algorithm /home1/09168/ldai1/ccl-build/msccl_tools_lyd/examples/xml/xml_lyd/binary_tree/allreduce_binary_tree_2ch_32chunk.xml successfully.
c196-041:4017:4048 [0] NCCL INFO Parsed MSCCL Algorithm /home1/09168/ldai1/ccl-build/msccl_tools_lyd/examples/xml/xml_lyd/binary_tree/allreduce_binary_tree_2ch_32chunk.xml successfully.
c196-042:15420:15457 [0] NCCL INFO Channel 02 : 4[2000] -> 5[3000] via direct shared memory
c196-042:15420:15457 [0] NCCL INFO Channel 03 : 4[2000] -> 5[3000] via direct shared memory
c196-042:15421:15459 [1] NCCL INFO Parsed MSCCL Algorithm /home1/09168/ldai1/ccl-build/msccl_tools_lyd/examples/xml/xml_lyd/binary_tree/allreduce_binary_tree_2ch_32chunk.xml successfully.
c196-072:28678:28716 [1] NCCL INFO Channel 02 : 29[3000] -> 28[2000] via direct shared memory
c196-072:28679:28710 [2] NCCL INFO Channel 02 : 30[82000] -> 29[3000] via direct shared memory
c196-072:28678:28716 [1] NCCL INFO Channel 03 : 29[3000] -> 28[2000] via direct shared memory
c196-072:28679:28710 [2] NCCL INFO Channel 03 : 30[82000] -> 29[3000] via direct shared memory
c196-041:4017:4048 [0] NCCL INFO Channel 02 : 0[2000] -> 1[3000] via direct shared memory
c196-041:4017:4048 [0] NCCL INFO Channel 03 : 0[2000] -> 1[3000] via direct shared memory
c196-042:15422:15456 [2] NCCL INFO Parsed MSCCL Algorithm /home1/09168/ldai1/ccl-build/msccl_tools_lyd/examples/xml/xml_lyd/binary_tree/allreduce_binary_tree_2ch_32chunk.xml successfully.
c196-041:4018:4057 [1] NCCL INFO Parsed MSCCL Algorithm /home1/09168/ldai1/ccl-build/msccl_tools_lyd/examples/xml/xml_lyd/binary_tree/allreduce_binary_tree_2ch_32chunk.xml successfully.
c196-061:6174:6211 [1] NCCL INFO Channel 02 : 17[3000] -> 16[2000] via direct shared memory
c196-061:6174:6211 [1] NCCL INFO Channel 03 : 17[3000] -> 16[2000] via direct shared memory
c196-071:18494:18534 [0] NCCL INFO Parsed MSCCL Algorithm /home1/09168/ldai1/ccl-build/msccl_tools_lyd/examples/xml/xml_lyd/binary_tree/allreduce_binary_tree_2ch_32chunk.xml successfully.
c196-071:18494:18534 [0] NCCL INFO Channel 02 : 24[2000] -> 25[3000] via direct shared memory
c196-071:18495:18533 [1] NCCL INFO Parsed MSCCL Algorithm /home1/09168/ldai1/ccl-build/msccl_tools_lyd/examples/xml/xml_lyd/binary_tree/allreduce_binary_tree_2ch_32chunk.xml successfully.
c196-071:18494:18534 [0] NCCL INFO Channel 03 : 24[2000] -> 25[3000] via direct shared memory
c196-051:11483:11520 [1] NCCL INFO Channel 02 : 9[3000] -> 10[82000] via direct shared memory
c196-051:11483:11520 [1] NCCL INFO Channel 03 : 9[3000] -> 10[82000] via direct shared memory
c196-051:11482:11521 [0] NCCL INFO Channel 02/0 : 5[3000] -> 8[2000] [receive] via NET/IB/0
c196-062:11824:11862 [0] NCCL INFO Parsed MSCCL Algorithm /home1/09168/ldai1/ccl-build/msccl_tools_lyd/examples/xml/xml_lyd/binary_tree/allreduce_binary_tree_2ch_32chunk.xml successfully.
c196-062:11826:11858 [2] NCCL INFO Parsed MSCCL Algorithm /home1/09168/ldai1/ccl-build/msccl_tools_lyd/examples/xml/xml_lyd/binary_tree/allreduce_binary_tree_2ch_32chunk.xml successfully.
c196-042:15421:15459 [1] NCCL INFO Channel 02 : 5[3000] -> 6[82000] via direct shared memory
c196-042:15421:15459 [1] NCCL INFO Channel 03 : 5[3000] -> 6[82000] via direct shared memory
c196-062:11824:11862 [0] NCCL INFO Channel 02 : 20[2000] -> 21[3000] via direct shared memory
c196-062:11824:11862 [0] NCCL INFO Channel 03 : 20[2000] -> 21[3000] via direct shared memory
c196-062:11825:11864 [1] NCCL INFO Parsed MSCCL Algorithm /home1/09168/ldai1/ccl-build/msccl_tools_lyd/examples/xml/xml_lyd/binary_tree/allreduce_binary_tree_2ch_32chunk.xml successfully.
c196-042:15422:15456 [2] NCCL INFO Channel 02 : 6[82000] -> 7[83000] via direct shared memory
c196-042:15422:15456 [2] NCCL INFO Channel 03 : 6[82000] -> 7[83000] via direct shared memory
c196-041:4018:4057 [1] NCCL INFO Channel 02 : 1[3000] -> 2[82000] via direct shared memory
c196-041:4018:4057 [1] NCCL INFO Channel 03 : 1[3000] -> 2[82000] via direct shared memory
c196-042:15420:15457 [0] NCCL INFO Channel 02/0 : 0[2000] -> 4[2000] [receive] via NET/IB/0
c196-051:11484:11516 [2] NCCL INFO Channel 01/0 : 7[83000] -> 10[82000] [receive] via NET/IB/0
c196-042:15423:15453 [3] NCCL INFO Channel 01/0 : 7[83000] -> 10[82000] [send] via NET/IB/0
c196-051:11485:11522 [3] NCCL INFO Channel 03/0 : 6[82000] -> 11[83000] [receive] via NET/IB/0
c196-052:32656:32687 [3] NCCL INFO Channel 03/0 : 7[83000] -> 15[83000] [receive] via NET/IB/0
c196-041:4017:4048 [0] NCCL INFO Channel 02/0 : 0[2000] -> 4[2000] [send] via NET/IB/0
c196-042:15421:15459 [1] NCCL INFO Channel 02/0 : 5[3000] -> 8[2000] [send] via NET/IB/0
c196-071:18495:18533 [1] NCCL INFO Channel 02 : 25[3000] -> 26[82000] via direct shared memory
c196-071:18495:18533 [1] NCCL INFO Channel 03 : 25[3000] -> 26[82000] via direct shared memory
c196-042:15422:15456 [2] NCCL INFO Channel 03/0 : 6[82000] -> 11[83000] [send] via NET/IB/0
c196-072:28677:28714 [0] NCCL INFO Channel 02/0 : 28[2000] -> 12[2000] [send] via NET/IB/0
c196-071:18494:18534 [0] NCCL INFO Channel 02/0 : 21[3000] -> 24[2000] [receive] via NET/IB/0
c196-051:11483:11520 [1] NCCL INFO Channel 02 : 9[3000] -> 8[2000] via direct shared memory
c196-051:11483:11520 [1] NCCL INFO Channel 03 : 9[3000] -> 8[2000] via direct shared memory
c196-071:18496:18528 [2] NCCL INFO Channel 01/0 : 23[83000] -> 26[82000] [receive] via NET/IB/0
c196-062:11826:11858 [2] NCCL INFO Channel 02 : 22[82000] -> 23[83000] via direct shared memory
c196-062:11826:11858 [2] NCCL INFO Channel 03 : 22[82000] -> 23[83000] via direct shared memory
c196-062:11825:11864 [1] NCCL INFO Channel 02 : 21[3000] -> 22[82000] via direct shared memory
c196-062:11825:11864 [1] NCCL INFO Channel 03 : 21[3000] -> 22[82000] via direct shared memory
c196-062:11827:11860 [3] NCCL INFO Channel 01/0 : 23[83000] -> 26[82000] [send] via NET/IB/0
c196-062:11824:11862 [0] NCCL INFO Channel 02/0 : 16[2000] -> 20[2000] [receive] via NET/IB/0
c196-062:11825:11864 [1] NCCL INFO Channel 02/0 : 21[3000] -> 24[2000] [send] via NET/IB/0
c196-041:4018:4057 [1] NCCL INFO Channel 02 : 1[3000] -> 0[2000] via direct shared memory
c196-041:4018:4057 [1] NCCL INFO Channel 03 : 1[3000] -> 0[2000] via direct shared memory
c196-041:4019:4054 [2] NCCL INFO Channel 02 : 2[82000] -> 1[3000] via direct shared memory
c196-041:4019:4054 [2] NCCL INFO Channel 03 : 2[82000] -> 1[3000] via direct shared memory
c196-062:11826:11858 [2] NCCL INFO Channel 03/0 : 22[82000] -> 27[83000] [send] via NET/IB/0
c196-071:18495:18533 [1] NCCL INFO Channel 02 : 25[3000] -> 24[2000] via direct shared memory
c196-071:18495:18533 [1] NCCL INFO Channel 03 : 25[3000] -> 24[2000] via direct shared memory
c196-042:15423:15453 [3] NCCL INFO Channel 03/0 : 3[83000] -> 7[83000] [receive] via NET/IB/0
c196-051:11484:11516 [2] NCCL INFO Channel 01/0 : 10[82000] -> 7[83000] [send] via NET/IB/0
c196-042:15421:15459 [1] NCCL INFO Channel 02/0 : 8[2000] -> 5[3000] [receive] via NET/IB/0
c196-042:15420:15457 [0] NCCL INFO Channel 02/0 : 4[2000] -> 12[2000] [send] via NET/IB/0
c196-051:11482:11521 [0] NCCL INFO Channel 02/0 : 8[2000] -> 5[3000] [send] via NET/IB/0
c196-042:15422:15456 [2] NCCL INFO Channel 03/0 : 11[83000] -> 6[82000] [receive] via NET/IB/0
c196-041:4017:4048 [0] NCCL INFO Channel 02/0 : 4[2000] -> 0[2000] [receive] via NET/IB/0
c196-051:11485:11522 [3] NCCL INFO Channel 01/0 : 11[83000] -> 18[82000] [send] via NET/IB/0
c196-062:11827:11860 [3] NCCL INFO Channel 03/0 : 19[83000] -> 23[83000] [receive] via NET/IB/0
c196-071:18496:18528 [2] NCCL INFO Channel 01/0 : 26[82000] -> 23[83000] [send] via NET/IB/0
c196-062:11824:11862 [0] NCCL INFO Channel 02/0 : 13[3000] -> 20[2000] [receive] via NET/IB/0
c196-062:11825:11864 [1] NCCL INFO Channel 02/0 : 24[2000] -> 21[3000] [receive] via NET/IB/0
c196-071:18494:18534 [0] NCCL INFO Channel 02/0 : 24[2000] -> 21[3000] [send] via NET/IB/0
c196-062:11826:11858 [2] NCCL INFO Channel 03/0 : 27[83000] -> 22[82000] [receive] via NET/IB/0
c196-061:6173:6206 [0] NCCL INFO Channel 02/0 : 20[2000] -> 16[2000] [receive] via NET/IB/0
c196-071:18497:18530 [3] NCCL INFO Channel 01/0 : 19[83000] -> 27[83000] [receive] via NET/IB/0
c196-042:15421:15459 [1] NCCL INFO Channel 02 : 5[3000] -> 4[2000] via direct shared memory
c196-042:15421:15459 [1] NCCL INFO Channel 03 : 5[3000] -> 4[2000] via direct shared memory
c196-051:11482:11521 [0] NCCL INFO Connected 1 MSCCL algorithms
c196-051:11482:11521 [0] NCCL INFO NCCL_NTHREADS set by environment to 512.
c196-051:11482:11521 [0] NCCL INFO NCCL_PROTO set by environment to Simple
c196-051:11482:11521 [0] NCCL INFO NCCL_ALGO set by environment to MSCCL,TREE,RING
