##################################### MSCCL #####################################
# nThread 1 nGpus 1 minBytes 1024 maxBytes 268435456 step: 2(factor) warmup iters: 5 iters: 20 agg iters: 1 validation: 1 graph: 0
#
# Using devices
#  Rank  0 Group  0 Pid   7975 on   c196-071 device  0 [0x02] Quadro RTX 5000
#  Rank  1 Group  0 Pid   7976 on   c196-071 device  1 [0x03] Quadro RTX 5000
#  Rank  2 Group  0 Pid   7977 on   c196-071 device  2 [0x82] Quadro RTX 5000
#  Rank  3 Group  0 Pid   7978 on   c196-071 device  3 [0x83] Quadro RTX 5000
#  Rank  4 Group  0 Pid  23242 on   c196-072 device  0 [0x02] Quadro RTX 5000
#  Rank  5 Group  0 Pid  23243 on   c196-072 device  1 [0x03] Quadro RTX 5000
#  Rank  6 Group  0 Pid  23244 on   c196-072 device  2 [0x82] Quadro RTX 5000
#  Rank  7 Group  0 Pid  23245 on   c196-072 device  3 [0x83] Quadro RTX 5000
#  Rank  8 Group  0 Pid  22514 on   c196-081 device  0 [0x02] Quadro RTX 5000
#  Rank  9 Group  0 Pid  22515 on   c196-081 device  1 [0x03] Quadro RTX 5000
#  Rank 10 Group  0 Pid  22516 on   c196-081 device  2 [0x82] Quadro RTX 5000
#  Rank 11 Group  0 Pid  22517 on   c196-081 device  3 [0x83] Quadro RTX 5000
#  Rank 12 Group  0 Pid  15112 on   c196-082 device  0 [0x02] Quadro RTX 5000
#  Rank 13 Group  0 Pid  15113 on   c196-082 device  1 [0x03] Quadro RTX 5000
#  Rank 14 Group  0 Pid  15114 on   c196-082 device  2 [0x82] Quadro RTX 5000
#  Rank 15 Group  0 Pid  15115 on   c196-082 device  3 [0x83] Quadro RTX 5000
#  Rank 16 Group  0 Pid  28207 on   c196-091 device  0 [0x02] Quadro RTX 5000
#  Rank 17 Group  0 Pid  28208 on   c196-091 device  1 [0x03] Quadro RTX 5000
#  Rank 18 Group  0 Pid  28209 on   c196-091 device  2 [0x82] Quadro RTX 5000
#  Rank 19 Group  0 Pid  28210 on   c196-091 device  3 [0x83] Quadro RTX 5000
#  Rank 20 Group  0 Pid  14374 on   c196-101 device  0 [0x02] Quadro RTX 5000
#  Rank 21 Group  0 Pid  14375 on   c196-101 device  1 [0x03] Quadro RTX 5000
#  Rank 22 Group  0 Pid  14376 on   c196-101 device  2 [0x82] Quadro RTX 5000
#  Rank 23 Group  0 Pid  14377 on   c196-101 device  3 [0x83] Quadro RTX 5000
#  Rank 24 Group  0 Pid   5633 on   c196-102 device  0 [0x02] Quadro RTX 5000
#  Rank 25 Group  0 Pid   5634 on   c196-102 device  1 [0x03] Quadro RTX 5000
#  Rank 26 Group  0 Pid   5635 on   c196-102 device  2 [0x82] Quadro RTX 5000
#  Rank 27 Group  0 Pid   5636 on   c196-102 device  3 [0x83] Quadro RTX 5000
#  Rank 28 Group  0 Pid  14011 on   c197-031 device  0 [0x02] Quadro RTX 5000
#  Rank 29 Group  0 Pid  14012 on   c197-031 device  1 [0x03] Quadro RTX 5000
#  Rank 30 Group  0 Pid  14013 on   c197-031 device  2 [0x82] Quadro RTX 5000
#  Rank 31 Group  0 Pid  14014 on   c197-031 device  3 [0x83] Quadro RTX 5000
#  Rank 32 Group  0 Pid  28999 on   c197-042 device  0 [0x02] Quadro RTX 5000
#  Rank 33 Group  0 Pid  29000 on   c197-042 device  1 [0x03] Quadro RTX 5000
#  Rank 34 Group  0 Pid  29001 on   c197-042 device  2 [0x82] Quadro RTX 5000
#  Rank 35 Group  0 Pid  29002 on   c197-042 device  3 [0x83] Quadro RTX 5000
#  Rank 36 Group  0 Pid   7593 on   c197-101 device  0 [0x02] Quadro RTX 5000
#  Rank 37 Group  0 Pid   7594 on   c197-101 device  1 [0x03] Quadro RTX 5000
#  Rank 38 Group  0 Pid   7595 on   c197-101 device  2 [0x82] Quadro RTX 5000
#  Rank 39 Group  0 Pid   7596 on   c197-101 device  3 [0x83] Quadro RTX 5000
#  Rank 40 Group  0 Pid  24935 on   c197-112 device  0 [0x02] Quadro RTX 5000
#  Rank 41 Group  0 Pid  24936 on   c197-112 device  1 [0x03] Quadro RTX 5000
#  Rank 42 Group  0 Pid  24937 on   c197-112 device  2 [0x82] Quadro RTX 5000
#  Rank 43 Group  0 Pid  24938 on   c197-112 device  3 [0x83] Quadro RTX 5000
#  Rank 44 Group  0 Pid   1636 on   c198-011 device  0 [0x02] Quadro RTX 5000
#  Rank 45 Group  0 Pid   1637 on   c198-011 device  1 [0x03] Quadro RTX 5000
#  Rank 46 Group  0 Pid   1638 on   c198-011 device  2 [0x82] Quadro RTX 5000
#  Rank 47 Group  0 Pid   1639 on   c198-011 device  3 [0x83] Quadro RTX 5000
#  Rank 48 Group  0 Pid   7190 on   c199-071 device  0 [0x02] Quadro RTX 5000
#  Rank 49 Group  0 Pid   7191 on   c199-071 device  1 [0x03] Quadro RTX 5000
#  Rank 50 Group  0 Pid   7192 on   c199-071 device  2 [0x82] Quadro RTX 5000
#  Rank 51 Group  0 Pid   7193 on   c199-071 device  3 [0x83] Quadro RTX 5000
#  Rank 52 Group  0 Pid  27236 on   c199-072 device  0 [0x02] Quadro RTX 5000
#  Rank 53 Group  0 Pid  27237 on   c199-072 device  1 [0x03] Quadro RTX 5000
#  Rank 54 Group  0 Pid  27238 on   c199-072 device  2 [0x82] Quadro RTX 5000
#  Rank 55 Group  0 Pid  27239 on   c199-072 device  3 [0x83] Quadro RTX 5000
#  Rank 56 Group  0 Pid  29954 on   c199-092 device  0 [0x02] Quadro RTX 5000
#  Rank 57 Group  0 Pid  29955 on   c199-092 device  1 [0x03] Quadro RTX 5000
#  Rank 58 Group  0 Pid  29956 on   c199-092 device  2 [0x82] Quadro RTX 5000
#  Rank 59 Group  0 Pid  29957 on   c199-092 device  3 [0x83] Quadro RTX 5000
#  Rank 60 Group  0 Pid   9651 on   c199-112 device  0 [0x02] Quadro RTX 5000
#  Rank 61 Group  0 Pid   9652 on   c199-112 device  1 [0x03] Quadro RTX 5000
#  Rank 62 Group  0 Pid   9653 on   c199-112 device  2 [0x82] Quadro RTX 5000
#  Rank 63 Group  0 Pid   9654 on   c199-112 device  3 [0x83] Quadro RTX 5000
c196-071:7975:7975 [0] NCCL INFO Bootstrap : Using ib0:192.168.44.113<0>
c196-071:7975:7975 [0] NCCL INFO NET/Plugin : No plugin found (libnccl-net.so), using internal implementation
c196-071:7975:7975 [0] NCCL INFO NET/IB : Using [0]mlx4_0:1/IB [RO]; OOB ib0:192.168.44.113<0>
c196-071:7975:7975 [0] NCCL INFO Using network IB
NCCL version 2.12.12.MSCCL.0.7.4+cuda11.3
c196-071:7977:7977 [2] NCCL INFO Bootstrap : Using ib0:192.168.44.113<0>
c196-071:7977:7977 [2] NCCL INFO NET/Plugin : No plugin found (libnccl-net.so), using internal implementation
c196-071:7978:7978 [3] NCCL INFO Bootstrap : Using ib0:192.168.44.113<0>
c196-071:7978:7978 [3] NCCL INFO NET/Plugin : No plugin found (libnccl-net.so), using internal implementation
c196-071:7977:7977 [2] NCCL INFO NET/IB : Using [0]mlx4_0:1/IB [RO]; OOB ib0:192.168.44.113<0>
c196-071:7977:7977 [2] NCCL INFO Using network IB
c196-071:7978:7978 [3] NCCL INFO NET/IB : Using [0]mlx4_0:1/IB [RO]; OOB ib0:192.168.44.113<0>
c196-071:7978:7978 [3] NCCL INFO Using network IB
c196-071:7976:7976 [1] NCCL INFO Bootstrap : Using ib0:192.168.44.113<0>
c196-071:7976:7976 [1] NCCL INFO NET/Plugin : No plugin found (libnccl-net.so), using internal implementation
c196-071:7976:7976 [1] NCCL INFO NET/IB : Using [0]mlx4_0:1/IB [RO]; OOB ib0:192.168.44.113<0>
c196-071:7976:7976 [1] NCCL INFO Using network IB
c196-072:23244:23244 [2] NCCL INFO Bootstrap : Using ib0:192.168.44.114<0>
c196-072:23244:23244 [2] NCCL INFO NET/Plugin : No plugin found (libnccl-net.so), using internal implementation
c199-112:9653:9653 [2] NCCL INFO Bootstrap : Using ib0:192.168.44.188<0>
c199-112:9653:9653 [2] NCCL INFO NET/Plugin : No plugin found (libnccl-net.so), using internal implementation
c199-112:9654:9654 [3] NCCL INFO Bootstrap : Using ib0:192.168.44.188<0>
c199-112:9654:9654 [3] NCCL INFO NET/Plugin : No plugin found (libnccl-net.so), using internal implementation
c196-072:23245:23245 [3] NCCL INFO Bootstrap : Using ib0:192.168.44.114<0>
c196-072:23242:23242 [0] NCCL INFO Bootstrap : Using ib0:192.168.44.114<0>
c196-072:23243:23243 [1] NCCL INFO Bootstrap : Using ib0:192.168.44.114<0>
c196-072:23245:23245 [3] NCCL INFO NET/Plugin : No plugin found (libnccl-net.so), using internal implementation
c199-112:9653:9653 [2] NCCL INFO NET/IB : Using [0]mlx4_0:1/IB [RO]; OOB ib0:192.168.44.188<0>
c199-112:9653:9653 [2] NCCL INFO Using network IB
c196-072:23242:23242 [0] NCCL INFO NET/Plugin : No plugin found (libnccl-net.so), using internal implementation
c196-072:23243:23243 [1] NCCL INFO NET/Plugin : No plugin found (libnccl-net.so), using internal implementation
c196-072:23244:23244 [2] NCCL INFO NET/IB : Using [0]mlx4_0:1/IB [RO]; OOB ib0:192.168.44.114<0>
c196-072:23244:23244 [2] NCCL INFO Using network IB
c199-112:9654:9654 [3] NCCL INFO NET/IB : Using [0]mlx4_0:1/IB [RO]; OOB ib0:192.168.44.188<0>
c199-112:9654:9654 [3] NCCL INFO Using network IB
c196-072:23245:23245 [3] NCCL INFO NET/IB : Using [0]mlx4_0:1/IB [RO]; OOB ib0:192.168.44.114<0>
c196-072:23245:23245 [3] NCCL INFO Using network IB
c196-072:23242:23242 [0] NCCL INFO NET/IB : Using [0]mlx4_0:1/IB [RO]; OOB ib0:192.168.44.114<0>
c196-072:23242:23242 [0] NCCL INFO Using network IB
c196-072:23243:23243 [1] NCCL INFO NET/IB : Using [0]mlx4_0:1/IB [RO]; OOB ib0:192.168.44.114<0>
c196-072:23243:23243 [1] NCCL INFO Using network IB
c199-072:27238:27238 [2] NCCL INFO Bootstrap : Using ib0:192.168.44.180<0>
c197-112:24938:24938 [3] NCCL INFO Bootstrap : Using ib0:192.168.44.144<0>
c199-072:27238:27238 [2] NCCL INFO NET/Plugin : No plugin found (libnccl-net.so), using internal implementation
c197-112:24938:24938 [3] NCCL INFO NET/Plugin : No plugin found (libnccl-net.so), using internal implementation
c197-042:29001:29001 [2] NCCL INFO Bootstrap : Using ib0:192.168.44.130<0>
c197-042:29002:29002 [3] NCCL INFO Bootstrap : Using ib0:192.168.44.130<0>
c197-042:29001:29001 [2] NCCL INFO NET/Plugin : No plugin found (libnccl-net.so), using internal implementation
c197-042:29002:29002 [3] NCCL INFO NET/Plugin : No plugin found (libnccl-net.so), using internal implementation
c199-072:27238:27238 [2] NCCL INFO NET/IB : Using [0]mlx4_0:1/IB [RO]; OOB ib0:192.168.44.180<0>
c199-072:27238:27238 [2] NCCL INFO Using network IB
c197-112:24938:24938 [3] NCCL INFO NET/IB : Using [0]mlx4_0:1/IB [RO]; OOB ib0:192.168.44.144<0>
c197-112:24938:24938 [3] NCCL INFO Using network IB
c197-042:29001:29001 [2] NCCL INFO NET/IB : Using [0]mlx4_0:1/IB [RO]; OOB ib0:192.168.44.130<0>
c197-042:29001:29001 [2] NCCL INFO Using network IB
c197-042:29002:29002 [3] NCCL INFO NET/IB : Using [0]mlx4_0:1/IB [RO]; OOB ib0:192.168.44.130<0>
c197-042:29002:29002 [3] NCCL INFO Using network IB
c199-072:27239:27239 [3] NCCL INFO Bootstrap : Using ib0:192.168.44.180<0>
c199-072:27239:27239 [3] NCCL INFO NET/Plugin : No plugin found (libnccl-net.so), using internal implementation
c196-102:5635:5635 [2] NCCL INFO Bootstrap : Using ib0:192.168.44.120<0>
c199-112:9651:9651 [0] NCCL INFO Bootstrap : Using ib0:192.168.44.188<0>
c199-112:9652:9652 [1] NCCL INFO Bootstrap : Using ib0:192.168.44.188<0>
c196-102:5635:5635 [2] NCCL INFO NET/Plugin : No plugin found (libnccl-net.so), using internal implementation
c199-112:9651:9651 [0] NCCL INFO NET/Plugin : No plugin found (libnccl-net.so), using internal implementation
c199-112:9652:9652 [1] NCCL INFO NET/Plugin : No plugin found (libnccl-net.so), using internal implementation
c199-072:27239:27239 [3] NCCL INFO NET/IB : Using [0]mlx4_0:1/IB [RO]; OOB ib0:192.168.44.180<0>
c199-072:27239:27239 [3] NCCL INFO Using network IB
c199-092:29956:29956 [2] NCCL INFO Bootstrap : Using ib0:192.168.44.184<0>
c199-092:29957:29957 [3] NCCL INFO Bootstrap : Using ib0:192.168.44.184<0>
c197-042:29000:29000 [1] NCCL INFO Bootstrap : Using ib0:192.168.44.130<0>
c197-042:28999:28999 [0] NCCL INFO Bootstrap : Using ib0:192.168.44.130<0>
c197-042:29000:29000 [1] NCCL INFO NET/Plugin : No plugin found (libnccl-net.so), using internal implementation
c197-042:28999:28999 [0] NCCL INFO NET/Plugin : No plugin found (libnccl-net.so), using internal implementation
c199-092:29956:29956 [2] NCCL INFO NET/Plugin : No plugin found (libnccl-net.so), using internal implementation
c199-092:29957:29957 [3] NCCL INFO NET/Plugin : No plugin found (libnccl-net.so), using internal implementation
c199-112:9652:9652 [1] NCCL INFO NET/IB : Using [0]mlx4_0:1/IB [RO]; OOB ib0:192.168.44.188<0>
c199-112:9652:9652 [1] NCCL INFO Using network IB
c199-112:9651:9651 [0] NCCL INFO NET/IB : Using [0]mlx4_0:1/IB [RO]; OOB ib0:192.168.44.188<0>
c199-112:9651:9651 [0] NCCL INFO Using network IB
c197-112:24936:24936 [1] NCCL INFO Bootstrap : Using ib0:192.168.44.144<0>
c197-112:24937:24937 [2] NCCL INFO Bootstrap : Using ib0:192.168.44.144<0>
c197-112:24937:24937 [2] NCCL INFO NET/Plugin : No plugin found (libnccl-net.so), using internal implementation
c197-112:24936:24936 [1] NCCL INFO NET/Plugin : No plugin found (libnccl-net.so), using internal implementation
c196-102:5636:5636 [3] NCCL INFO Bootstrap : Using ib0:192.168.44.120<0>
c197-042:29000:29000 [1] NCCL INFO NET/IB : Using [0]mlx4_0:1/IB [RO]; OOB ib0:192.168.44.130<0>
c197-042:29000:29000 [1] NCCL INFO Using network IB
c196-102:5636:5636 [3] NCCL INFO NET/Plugin : No plugin found (libnccl-net.so), using internal implementation
c197-042:28999:28999 [0] NCCL INFO NET/IB : Using [0]mlx4_0:1/IB [RO]; OOB ib0:192.168.44.130<0>
c197-042:28999:28999 [0] NCCL INFO Using network IB
c196-102:5635:5635 [2] NCCL INFO NET/IB : Using [0]mlx4_0:1/IB [RO]; OOB ib0:192.168.44.120<0>
c196-102:5635:5635 [2] NCCL INFO Using network IB
c196-102:5636:5636 [3] NCCL INFO NET/IB : Using [0]mlx4_0:1/IB [RO]; OOB ib0:192.168.44.120<0>
c196-102:5636:5636 [3] NCCL INFO Using network IB
c196-101:14374:14374 [0] NCCL INFO Bootstrap : Using ib0:192.168.44.119<0>
c199-092:29956:29956 [2] NCCL INFO NET/IB : Using [0]mlx4_0:1/IB [RO]; OOB ib0:192.168.44.184<0>
c199-092:29956:29956 [2] NCCL INFO Using network IB
c196-101:14375:14375 [1] NCCL INFO Bootstrap : Using ib0:192.168.44.119<0>
c199-092:29957:29957 [3] NCCL INFO NET/IB : Using [0]mlx4_0:1/IB [RO]; OOB ib0:192.168.44.184<0>
c199-092:29957:29957 [3] NCCL INFO Using network IB
c196-101:14376:14376 [2] NCCL INFO Bootstrap : Using ib0:192.168.44.119<0>
c196-101:14377:14377 [3] NCCL INFO Bootstrap : Using ib0:192.168.44.119<0>
c196-101:14374:14374 [0] NCCL INFO NET/Plugin : No plugin found (libnccl-net.so), using internal implementation
c196-101:14375:14375 [1] NCCL INFO NET/Plugin : No plugin found (libnccl-net.so), using internal implementation
c196-101:14376:14376 [2] NCCL INFO NET/Plugin : No plugin found (libnccl-net.so), using internal implementation
c196-101:14377:14377 [3] NCCL INFO NET/Plugin : No plugin found (libnccl-net.so), using internal implementation
c197-112:24935:24935 [0] NCCL INFO Bootstrap : Using ib0:192.168.44.144<0>
c197-112:24935:24935 [0] NCCL INFO NET/Plugin : No plugin found (libnccl-net.so), using internal implementation
c196-091:28209:28209 [2] NCCL INFO Bootstrap : Using ib0:192.168.44.117<0>
c196-081:22516:22516 [2] NCCL INFO Bootstrap : Using ib0:192.168.44.115<0>
c196-081:22517:22517 [3] NCCL INFO Bootstrap : Using ib0:192.168.44.115<0>
c197-112:24937:24937 [2] NCCL INFO NET/IB : Using [0]mlx4_0:1/IB [RO]; OOB ib0:192.168.44.144<0>
c197-112:24937:24937 [2] NCCL INFO Using network IB
c197-112:24936:24936 [1] NCCL INFO NET/IB : Using [0]mlx4_0:1/IB [RO]; OOB ib0:192.168.44.144<0>
c197-112:24936:24936 [1] NCCL INFO Using network IB
c196-091:28209:28209 [2] NCCL INFO NET/Plugin : No plugin found (libnccl-net.so), using internal implementation
c197-112:24935:24935 [0] NCCL INFO NET/IB : Using [0]mlx4_0:1/IB [RO]; OOB ib0:192.168.44.144<0>
c197-112:24935:24935 [0] NCCL INFO Using network IB
c196-081:22516:22516 [2] NCCL INFO NET/Plugin : No plugin found (libnccl-net.so), using internal implementation
c196-081:22517:22517 [3] NCCL INFO NET/Plugin : No plugin found (libnccl-net.so), using internal implementation
c199-072:27237:27237 [1] NCCL INFO Bootstrap : Using ib0:192.168.44.180<0>
c198-011:1639:1639 [3] NCCL INFO Bootstrap : Using ib0:192.168.44.145<0>
c199-072:27237:27237 [1] NCCL INFO NET/Plugin : No plugin found (libnccl-net.so), using internal implementation
c198-011:1638:1638 [2] NCCL INFO Bootstrap : Using ib0:192.168.44.145<0>
c198-011:1638:1638 [2] NCCL INFO NET/Plugin : No plugin found (libnccl-net.so), using internal implementation
c198-011:1639:1639 [3] NCCL INFO NET/Plugin : No plugin found (libnccl-net.so), using internal implementation
c197-101:7595:7595 [2] NCCL INFO Bootstrap : Using ib0:192.168.44.141<0>
c199-072:27237:27237 [1] NCCL INFO NET/IB : Using [0]mlx4_0:1/IB [RO]; OOB ib0:192.168.44.180<0>
c199-072:27237:27237 [1] NCCL INFO Using network IB
c199-072:27236:27236 [0] NCCL INFO Bootstrap : Using ib0:192.168.44.180<0>
c196-081:22517:22517 [3] NCCL INFO NET/IB : Using [0]mlx4_0:1/IB [RO]; OOB ib0:192.168.44.115<0>
c196-081:22517:22517 [3] NCCL INFO Using network IB
c197-101:7595:7595 [2] NCCL INFO NET/Plugin : No plugin found (libnccl-net.so), using internal implementation
c196-081:22516:22516 [2] NCCL INFO NET/IB : Using [0]mlx4_0:1/IB [RO]; OOB ib0:192.168.44.115<0>
c196-081:22516:22516 [2] NCCL INFO Using network IB
c199-072:27236:27236 [0] NCCL INFO NET/Plugin : No plugin found (libnccl-net.so), using internal implementation
c196-101:14375:14375 [1] NCCL INFO NET/IB : Using [0]mlx4_0:1/IB [RO]; OOB ib0:192.168.44.119<0>
c196-101:14375:14375 [1] NCCL INFO Using network IB
c196-101:14374:14374 [0] NCCL INFO NET/IB : Using [0]mlx4_0:1/IB [RO]; OOB ib0:192.168.44.119<0>
c196-101:14374:14374 [0] NCCL INFO Using network IB
c199-092:29955:29955 [1] NCCL INFO Bootstrap : Using ib0:192.168.44.184<0>
c196-101:14376:14376 [2] NCCL INFO NET/IB : Using [0]mlx4_0:1/IB [RO]; OOB ib0:192.168.44.119<0>
c196-101:14376:14376 [2] NCCL INFO Using network IB
c196-101:14377:14377 [3] NCCL INFO NET/IB : Using [0]mlx4_0:1/IB [RO]; OOB ib0:192.168.44.119<0>
c196-101:14377:14377 [3] NCCL INFO Using network IB
c199-072:27236:27236 [0] NCCL INFO NET/IB : Using [0]mlx4_0:1/IB [RO]; OOB ib0:192.168.44.180<0>
c199-072:27236:27236 [0] NCCL INFO Using network IB
c197-101:7595:7595 [2] NCCL INFO NET/IB : Using [0]mlx4_0:1/IB [RO]; OOB ib0:192.168.44.141<0>
c197-101:7595:7595 [2] NCCL INFO Using network IB
c199-092:29955:29955 [1] NCCL INFO NET/Plugin : No plugin found (libnccl-net.so), using internal implementation
c196-091:28207:28207 [0] NCCL INFO Bootstrap : Using ib0:192.168.44.117<0>
c196-091:28210:28210 [3] NCCL INFO Bootstrap : Using ib0:192.168.44.117<0>
c196-091:28208:28208 [1] NCCL INFO Bootstrap : Using ib0:192.168.44.117<0>
c196-091:28210:28210 [3] NCCL INFO NET/Plugin : No plugin found (libnccl-net.so), using internal implementation
c196-091:28207:28207 [0] NCCL INFO NET/Plugin : No plugin found (libnccl-net.so), using internal implementation
c199-092:29955:29955 [1] NCCL INFO NET/IB : Using [0]mlx4_0:1/IB [RO]; OOB ib0:192.168.44.184<0>
c199-092:29955:29955 [1] NCCL INFO Using network IB
c196-091:28208:28208 [1] NCCL INFO NET/Plugin : No plugin found (libnccl-net.so), using internal implementation
c196-102:5633:5633 [0] NCCL INFO Bootstrap : Using ib0:192.168.44.120<0>
c196-102:5634:5634 [1] NCCL INFO Bootstrap : Using ib0:192.168.44.120<0>
c199-092:29954:29954 [0] NCCL INFO Bootstrap : Using ib0:192.168.44.184<0>
c196-091:28209:28209 [2] NCCL INFO NET/IB : Using [0]mlx4_0:1/IB [RO]; OOB ib0:192.168.44.117<0>
c196-091:28209:28209 [2] NCCL INFO Using network IB
c196-102:5633:5633 [0] NCCL INFO NET/Plugin : No plugin found (libnccl-net.so), using internal implementation
c196-102:5634:5634 [1] NCCL INFO NET/Plugin : No plugin found (libnccl-net.so), using internal implementation
c199-092:29954:29954 [0] NCCL INFO NET/Plugin : No plugin found (libnccl-net.so), using internal implementation
c197-101:7596:7596 [3] NCCL INFO Bootstrap : Using ib0:192.168.44.141<0>
c197-101:7594:7594 [1] NCCL INFO Bootstrap : Using ib0:192.168.44.141<0>
c197-101:7596:7596 [3] NCCL INFO NET/Plugin : No plugin found (libnccl-net.so), using internal implementation
c196-082:15114:15114 [2] NCCL INFO Bootstrap : Using ib0:192.168.44.116<0>
c197-101:7594:7594 [1] NCCL INFO NET/Plugin : No plugin found (libnccl-net.so), using internal implementation
c199-092:29954:29954 [0] NCCL INFO NET/IB : Using [0]mlx4_0:1/IB [RO]; OOB ib0:192.168.44.184<0>
c199-092:29954:29954 [0] NCCL INFO Using network IB
c196-082:15114:15114 [2] NCCL INFO NET/Plugin : No plugin found (libnccl-net.so), using internal implementation
c198-011:1638:1638 [2] NCCL INFO NET/IB : Using [0]mlx4_0:1/IB [RO]; OOB ib0:192.168.44.145<0>
c198-011:1638:1638 [2] NCCL INFO Using network IB
c198-011:1639:1639 [3] NCCL INFO NET/IB : Using [0]mlx4_0:1/IB [RO]; OOB ib0:192.168.44.145<0>
c198-011:1639:1639 [3] NCCL INFO Using network IB
c198-011:1636:1636 [0] NCCL INFO Bootstrap : Using ib0:192.168.44.145<0>
c198-011:1637:1637 [1] NCCL INFO Bootstrap : Using ib0:192.168.44.145<0>
c198-011:1636:1636 [0] NCCL INFO NET/Plugin : No plugin found (libnccl-net.so), using internal implementation
c198-011:1637:1637 [1] NCCL INFO NET/Plugin : No plugin found (libnccl-net.so), using internal implementation
c196-091:28210:28210 [3] NCCL INFO NET/IB : Using [0]mlx4_0:1/IB [RO]; OOB ib0:192.168.44.117<0>
c196-091:28210:28210 [3] NCCL INFO Using network IB
c196-091:28208:28208 [1] NCCL INFO NET/IB : Using [0]mlx4_0:1/IB [RO]; OOB ib0:192.168.44.117<0>
c196-091:28208:28208 [1] NCCL INFO Using network IB
c196-091:28207:28207 [0] NCCL INFO NET/IB : Using [0]mlx4_0:1/IB [RO]; OOB ib0:192.168.44.117<0>
c196-091:28207:28207 [0] NCCL INFO Using network IB
c199-071:7192:7192 [2] NCCL INFO Bootstrap : Using ib0:192.168.44.179<0>
c196-102:5634:5634 [1] NCCL INFO NET/IB : Using [0]mlx4_0:1/IB [RO]; OOB ib0:192.168.44.120<0>
c196-102:5634:5634 [1] NCCL INFO Using network IB
c196-082:15114:15114 [2] NCCL INFO NET/IB : Using [0]mlx4_0:1/IB [RO]; OOB ib0:192.168.44.116<0>
c196-082:15114:15114 [2] NCCL INFO Using network IB
c196-102:5633:5633 [0] NCCL INFO NET/IB : Using [0]mlx4_0:1/IB [RO]; OOB ib0:192.168.44.120<0>
c196-102:5633:5633 [0] NCCL INFO Using network IB
c199-071:7192:7192 [2] NCCL INFO NET/Plugin : No plugin found (libnccl-net.so), using internal implementation
c196-082:15115:15115 [3] NCCL INFO Bootstrap : Using ib0:192.168.44.116<0>
c196-082:15115:15115 [3] NCCL INFO NET/Plugin : No plugin found (libnccl-net.so), using internal implementation
c197-101:7596:7596 [3] NCCL INFO NET/IB : Using [0]mlx4_0:1/IB [RO]; OOB ib0:192.168.44.141<0>
c197-101:7596:7596 [3] NCCL INFO Using network IB
c197-101:7594:7594 [1] NCCL INFO NET/IB : Using [0]mlx4_0:1/IB [RO]; OOB ib0:192.168.44.141<0>
c197-101:7594:7594 [1] NCCL INFO Using network IB
c196-082:15115:15115 [3] NCCL INFO NET/IB : Using [0]mlx4_0:1/IB [RO]; OOB ib0:192.168.44.116<0>
c196-082:15115:15115 [3] NCCL INFO Using network IB
c198-011:1637:1637 [1] NCCL INFO NET/IB : Using [0]mlx4_0:1/IB [RO]; OOB ib0:192.168.44.145<0>
c198-011:1637:1637 [1] NCCL INFO Using network IB
c198-011:1636:1636 [0] NCCL INFO NET/IB : Using [0]mlx4_0:1/IB [RO]; OOB ib0:192.168.44.145<0>
c198-011:1636:1636 [0] NCCL INFO Using network IB
c199-071:7193:7193 [3] NCCL INFO Bootstrap : Using ib0:192.168.44.179<0>
c199-071:7193:7193 [3] NCCL INFO NET/Plugin : No plugin found (libnccl-net.so), using internal implementation
c197-101:7593:7593 [0] NCCL INFO Bootstrap : Using ib0:192.168.44.141<0>
c197-101:7593:7593 [0] NCCL INFO NET/Plugin : No plugin found (libnccl-net.so), using internal implementation
c199-071:7192:7192 [2] NCCL INFO NET/IB : Using [0]mlx4_0:1/IB [RO]; OOB ib0:192.168.44.179<0>
c199-071:7192:7192 [2] NCCL INFO Using network IB
c199-071:7193:7193 [3] NCCL INFO NET/IB : Using [0]mlx4_0:1/IB [RO]; OOB ib0:192.168.44.179<0>
c199-071:7193:7193 [3] NCCL INFO Using network IB
c196-081:22514:22514 [0] NCCL INFO Bootstrap : Using ib0:192.168.44.115<0>
c196-081:22515:22515 [1] NCCL INFO Bootstrap : Using ib0:192.168.44.115<0>
c196-081:22514:22514 [0] NCCL INFO NET/Plugin : No plugin found (libnccl-net.so), using internal implementation
c196-081:22515:22515 [1] NCCL INFO NET/Plugin : No plugin found (libnccl-net.so), using internal implementation
c197-101:7593:7593 [0] NCCL INFO NET/IB : Using [0]mlx4_0:1/IB [RO]; OOB ib0:192.168.44.141<0>
c197-101:7593:7593 [0] NCCL INFO Using network IB
c196-082:15113:15113 [1] NCCL INFO Bootstrap : Using ib0:192.168.44.116<0>
c196-082:15113:15113 [1] NCCL INFO NET/Plugin : No plugin found (libnccl-net.so), using internal implementation
c197-031:14013:14013 [2] NCCL INFO Bootstrap : Using ib0:192.168.44.127<0>
c197-031:14014:14014 [3] NCCL INFO Bootstrap : Using ib0:192.168.44.127<0>
c196-082:15113:15113 [1] NCCL INFO NET/IB : Using [0]mlx4_0:1/IB [RO]; OOB ib0:192.168.44.116<0>
c196-082:15113:15113 [1] NCCL INFO Using network IB
c197-031:14013:14013 [2] NCCL INFO NET/Plugin : No plugin found (libnccl-net.so), using internal implementation
c197-031:14014:14014 [3] NCCL INFO NET/Plugin : No plugin found (libnccl-net.so), using internal implementation
c196-081:22514:22514 [0] NCCL INFO NET/IB : Using [0]mlx4_0:1/IB [RO]; OOB ib0:192.168.44.115<0>
c196-081:22514:22514 [0] NCCL INFO Using network IB
c196-081:22515:22515 [1] NCCL INFO NET/IB : Using [0]mlx4_0:1/IB [RO]; OOB ib0:192.168.44.115<0>
c196-081:22515:22515 [1] NCCL INFO Using network IB
c196-082:15112:15112 [0] NCCL INFO Bootstrap : Using ib0:192.168.44.116<0>
c196-082:15112:15112 [0] NCCL INFO NET/Plugin : No plugin found (libnccl-net.so), using internal implementation
c196-082:15112:15112 [0] NCCL INFO NET/IB : Using [0]mlx4_0:1/IB [RO]; OOB ib0:192.168.44.116<0>
c196-082:15112:15112 [0] NCCL INFO Using network IB
c199-071:7190:7190 [0] NCCL INFO Bootstrap : Using ib0:192.168.44.179<0>
c199-071:7191:7191 [1] NCCL INFO Bootstrap : Using ib0:192.168.44.179<0>
c197-031:14011:14011 [0] NCCL INFO Bootstrap : Using ib0:192.168.44.127<0>
c197-031:14012:14012 [1] NCCL INFO Bootstrap : Using ib0:192.168.44.127<0>
c199-071:7190:7190 [0] NCCL INFO NET/Plugin : No plugin found (libnccl-net.so), using internal implementation
c199-071:7191:7191 [1] NCCL INFO NET/Plugin : No plugin found (libnccl-net.so), using internal implementation
c197-031:14011:14011 [0] NCCL INFO NET/Plugin : No plugin found (libnccl-net.so), using internal implementation
c197-031:14012:14012 [1] NCCL INFO NET/Plugin : No plugin found (libnccl-net.so), using internal implementation
c197-031:14013:14013 [2] NCCL INFO NET/IB : Using [0]mlx4_0:1/IB [RO]; OOB ib0:192.168.44.127<0>
c197-031:14013:14013 [2] NCCL INFO Using network IB
c197-031:14014:14014 [3] NCCL INFO NET/IB : Using [0]mlx4_0:1/IB [RO]; OOB ib0:192.168.44.127<0>
c197-031:14014:14014 [3] NCCL INFO Using network IB
c197-031:14012:14012 [1] NCCL INFO NET/IB : Using [0]mlx4_0:1/IB [RO]; OOB ib0:192.168.44.127<0>
c197-031:14012:14012 [1] NCCL INFO Using network IB
c197-031:14011:14011 [0] NCCL INFO NET/IB : Using [0]mlx4_0:1/IB [RO]; OOB ib0:192.168.44.127<0>
c197-031:14011:14011 [0] NCCL INFO Using network IB
c199-071:7191:7191 [1] NCCL INFO NET/IB : Using [0]mlx4_0:1/IB [RO]; OOB ib0:192.168.44.179<0>
c199-071:7191:7191 [1] NCCL INFO Using network IB
c199-071:7190:7190 [0] NCCL INFO NET/IB : Using [0]mlx4_0:1/IB [RO]; OOB ib0:192.168.44.179<0>
c199-071:7190:7190 [0] NCCL INFO Using network IB
c196-071:7975:8011 [0] NCCL INFO Setting affinity for GPU 0 to 0f000f
c196-071:7978:8018 [3] NCCL INFO Setting affinity for GPU 3 to f000f000
c197-112:24938:24970 [3] NCCL INFO Setting affinity for GPU 3 to f000f000
c196-071:7976:8020 [1] NCCL INFO Setting affinity for GPU 1 to f000f0
c197-112:24935:24976 [0] NCCL INFO Setting affinity for GPU 0 to 0f000f
c196-101:14377:14416 [3] NCCL INFO Setting affinity for GPU 3 to f000f000
c196-072:23245:23281 [3] NCCL INFO Setting affinity for GPU 3 to f000f000
c199-092:29957:29991 [3] NCCL INFO Setting affinity for GPU 3 to f000f000
c197-112:24937:24973 [2] NCCL INFO Setting affinity for GPU 2 to 0f000f00
c196-072:23242:23283 [0] NCCL INFO Setting affinity for GPU 0 to 0f000f
c199-112:9654:9688 [3] NCCL INFO Setting affinity for GPU 3 to f000f000
c196-072:23244:23278 [2] NCCL INFO Setting affinity for GPU 2 to 0f000f00
c198-011:1639:1673 [3] NCCL INFO Setting affinity for GPU 3 to f000f000
c199-092:29954:29995 [0] NCCL INFO Setting affinity for GPU 0 to 0f000f
c196-081:22517:22551 [3] NCCL INFO Setting affinity for GPU 3 to f000
c199-092:29956:29990 [2] NCCL INFO Setting affinity for GPU 2 to 0f000f00
c196-102:5633:5675 [0] NCCL INFO Setting affinity for GPU 0 to 0f000f
c199-112:9651:9692 [0] NCCL INFO Setting affinity for GPU 0 to 0f000f
c199-112:9653:9686 [2] NCCL INFO Setting affinity for GPU 2 to 0f000f00
c196-081:22514:22555 [0] NCCL INFO Setting affinity for GPU 0 to 0f
c198-011:1636:1679 [0] NCCL INFO Setting affinity for GPU 0 to 0f000f
c196-101:14374:14413 [0] NCCL INFO Setting affinity for GPU 0 to 0f000f
c198-011:1638:1674 [2] NCCL INFO Setting affinity for GPU 2 to 0f000f00
c196-102:5636:5671 [3] NCCL INFO Setting affinity for GPU 3 to f000f000
c196-101:14375:14410 [1] NCCL INFO Setting affinity for GPU 1 to f000f0
c196-101:14376:14414 [2] NCCL INFO Setting affinity for GPU 2 to 0f000f00
c196-102:5635:5669 [2] NCCL INFO Setting affinity for GPU 2 to 0f000f00
c196-071:7977:8016 [2] NCCL INFO Setting affinity for GPU 2 to 0f000f00
c196-081:22515:22556 [1] NCCL INFO Setting affinity for GPU 1 to f0
c196-081:22516:22552 [2] NCCL INFO Setting affinity for GPU 2 to 0f00
c199-072:27239:27274 [3] NCCL INFO Setting affinity for GPU 3 to f000f000
c197-031:14014:14049 [3] NCCL INFO Setting affinity for GPU 3 to f000f000
c199-072:27236:27278 [0] NCCL INFO Setting affinity for GPU 0 to 0f000f
c199-072:27237:27276 [1] NCCL INFO Setting affinity for GPU 1 to f000f0
c197-031:14011:14053 [0] NCCL INFO Setting affinity for GPU 0 to 0f000f
c197-042:29002:29036 [3] NCCL INFO Setting affinity for GPU 3 to f000f000
c199-072:27238:27272 [2] NCCL INFO Setting affinity for GPU 2 to 0f000f00
c197-112:24936:24974 [1] NCCL INFO Setting affinity for GPU 1 to f000f0
c197-031:14013:14048 [2] NCCL INFO Setting affinity for GPU 2 to 0f000f00
c197-042:28999:29040 [0] NCCL INFO Setting affinity for GPU 0 to 0f000f
c196-082:15115:15149 [3] NCCL INFO Setting affinity for GPU 3 to f000f000
c196-072:23243:23284 [1] NCCL INFO Setting affinity for GPU 1 to f000f0
c196-091:28210:28247 [3] NCCL INFO Setting affinity for GPU 3 to f000f000
c197-042:29001:29035 [2] NCCL INFO Setting affinity for GPU 2 to 0f000f00
c196-091:28207:28250 [0] NCCL INFO Setting affinity for GPU 0 to 0f000f
c196-082:15112:15153 [0] NCCL INFO Setting affinity for GPU 0 to 0f000f
c196-091:28208:28249 [1] NCCL INFO Setting affinity for GPU 1 to f000f0
c196-082:15113:15151 [1] NCCL INFO Setting affinity for GPU 1 to f000f0
c196-082:15114:15147 [2] NCCL INFO Setting affinity for GPU 2 to 0f000f00
c196-091:28209:28244 [2] NCCL INFO Setting affinity for GPU 2 to 0f000f00
c199-092:29955:29993 [1] NCCL INFO Setting affinity for GPU 1 to f000f0
c197-101:7596:7632 [3] NCCL INFO Setting affinity for GPU 3 to f000f000
c199-112:9652:9691 [1] NCCL INFO Setting affinity for GPU 1 to f000f0
c197-101:7593:7635 [0] NCCL INFO Setting affinity for GPU 0 to 0f000f
c199-071:7193:7227 [3] NCCL INFO Setting affinity for GPU 3 to f000f000
c197-101:7594:7633 [1] NCCL INFO Setting affinity for GPU 1 to f000f0
c197-101:7595:7629 [2] NCCL INFO Setting affinity for GPU 2 to 0f000f00
c199-071:7190:7231 [0] NCCL INFO Setting affinity for GPU 0 to 0f000f
c199-071:7192:7225 [2] NCCL INFO Setting affinity for GPU 2 to 0f000f00
c199-071:7191:7230 [1] NCCL INFO Setting affinity for GPU 1 to f000f0
c196-102:5634:5674 [1] NCCL INFO Setting affinity for GPU 1 to f000f0
c198-011:1637:1678 [1] NCCL INFO Setting affinity for GPU 1 to f000f0
c197-042:29000:29039 [1] NCCL INFO Setting affinity for GPU 1 to f000f0
c197-031:14012:14052 [1] NCCL INFO Setting affinity for GPU 1 to f000f0
c196-102:5635:5669 [2] NCCL INFO Trees [0] 27/-1/-1->26->25 [1] 27/-1/-1->26->25
c196-101:14376:14414 [2] NCCL INFO Trees [0] 23/-1/-1->22->21 [1] 23/-1/-1->22->21
c197-031:14011:14053 [0] NCCL INFO Trees [0] 29/-1/-1->28->24 [1] 29/12/-1->28->60
c196-091:28209:28244 [2] NCCL INFO Trees [0] 19/-1/-1->18->17 [1] 19/-1/-1->18->17
c196-102:5636:5671 [3] NCCL INFO Trees [0] -1/-1/-1->27->26 [1] -1/-1/-1->27->26
c196-081:22517:22551 [3] NCCL INFO Trees [0] -1/-1/-1->11->10 [1] -1/-1/-1->11->10
c196-101:14377:14416 [3] NCCL INFO Trees [0] -1/-1/-1->23->22 [1] -1/-1/-1->23->22
c197-031:14014:14049 [3] NCCL INFO Trees [0] -1/-1/-1->31->30 [1] -1/-1/-1->31->30
c196-091:28210:28247 [3] NCCL INFO Trees [0] -1/-1/-1->19->18 [1] -1/-1/-1->19->18
c196-082:15115:15149 [3] NCCL INFO Trees [0] -1/-1/-1->15->14 [1] -1/-1/-1->15->14
c196-102:5633:5675 [0] NCCL INFO Trees [0] 25/28/-1->24->16 [1] 25/-1/-1->24->21
c196-081:22516:22552 [2] NCCL INFO Trees [0] 11/-1/-1->10->9 [1] 11/-1/-1->10->9
c196-101:14374:14413 [0] NCCL INFO Trees [0] 21/-1/-1->20->25 [1] 21/16/-1->20->13
c197-031:14013:14048 [2] NCCL INFO Trees [0] 31/-1/-1->30->29 [1] 31/-1/-1->30->29
c196-091:28208:28249 [1] NCCL INFO Trees [0] 18/8/-1->17->16 [1] 18/-1/-1->17->16
c198-011:1636:1679 [0] NCCL INFO Trees [0] 45/-1/-1->44->40 [1] 45/36/-1->44->29
c197-101:7593:7635 [0] NCCL INFO Trees [0] 37/-1/-1->36->41 [1] 37/32/-1->36->44
c196-071:7976:8020 [1] NCCL INFO Trees [0] 2/-1/-1->1->0 [1] 2/-1/-1->1->0
c196-072:23245:23281 [3] NCCL INFO Trees [0] -1/-1/-1->7->6 [1] -1/-1/-1->7->6
c196-082:15114:15147 [2] NCCL INFO Trees [0] 15/-1/-1->14->13 [1] 15/-1/-1->14->13
c197-042:28999:29040 [0] NCCL INFO Trees [0] 33/48/-1->32->0 [1] 33/-1/-1->32->36
c196-102:5634:5674 [1] NCCL INFO Trees [0] 26/20/-1->25->24 [1] 26/-1/-1->25->24
c197-112:24935:24976 [0] NCCL INFO Trees [0] 41/44/-1->40->49 [1] 41/-1/-1->40->37
c199-112:9654:9688 [3] NCCL INFO Trees [0] -1/-1/-1->63->62 [1] -1/-1/-1->63->62
c199-092:29957:29991 [3] NCCL INFO Trees [0] -1/-1/-1->59->58 [1] -1/-1/-1->59->58
c199-072:27238:27272 [2] NCCL INFO Trees [0] 55/-1/-1->54->53 [1] 55/-1/-1->54->53
c196-081:22514:22555 [0] NCCL INFO Trees [0] 9/12/-1->8->17 [1] 9/-1/-1->8->5
c196-101:14375:14410 [1] NCCL INFO Trees [0] 22/-1/-1->21->20 [1] 22/24/-1->21->20
c197-031:14012:14052 [1] NCCL INFO Trees [0] 30/-1/-1->29->28 [1] 30/44/-1->29->28
c196-091:28207:28250 [0] NCCL INFO Trees [0] 17/24/-1->16->33 [1] 17/-1/-1->16->20
c198-011:1638:1674 [2] NCCL INFO Trees [0] 47/-1/-1->46->45 [1] 47/-1/-1->46->45
c197-101:7594:7633 [1] NCCL INFO Trees [0] 38/-1/-1->37->36 [1] 38/40/-1->37->36
c199-071:7190:7231 [0] NCCL INFO Trees [0] 49/56/-1->48->32 [1] 49/-1/-1->48->52
c196-071:7978:8018 [3] NCCL INFO Trees [0] -1/-1/-1->3->2 [1] -1/-1/-1->3->2
c196-072:23244:23278 [2] NCCL INFO Trees [0] 7/-1/-1->6->5 [1] 7/-1/-1->6->5
c196-082:15113:15151 [1] NCCL INFO Trees [0] 14/-1/-1->13->12 [1] 14/20/-1->13->12
c197-042:29000:29039 [1] NCCL INFO Trees [0] 34/16/-1->33->32 [1] 34/-1/-1->33->32
c197-112:24937:24973 [2] NCCL INFO Trees [0] 43/-1/-1->42->41 [1] 43/-1/-1->42->41
c199-112:9653:9686 [2] NCCL INFO Trees [0] 63/-1/-1->62->61 [1] 63/-1/-1->62->61
c199-092:29954:29995 [0] NCCL INFO Trees [0] 57/60/-1->56->48 [1] 57/-1/-1->56->53
c199-072:27239:27274 [3] NCCL INFO Trees [0] -1/-1/-1->55->54 [1] -1/-1/-1->55->54
c196-081:22515:22556 [1] NCCL INFO Trees [0] 10/4/-1->9->8 [1] 10/-1/-1->9->8
c198-011:1637:1678 [1] NCCL INFO Trees [0] 46/-1/-1->45->44 [1] 46/52/-1->45->44
c197-101:7595:7629 [2] NCCL INFO Trees [0] 39/-1/-1->38->37 [1] 39/-1/-1->38->37
c199-071:7193:7227 [3] NCCL INFO Trees [0] -1/-1/-1->51->50 [1] -1/-1/-1->51->50
c196-071:7975:8011 [0] NCCL INFO Channel 00/02 :    0   1   2   3   4   5   6   7   8   9  10  11  12  13  14  15  16  17  18  19
c196-071:7975:8011 [0] NCCL INFO Channel 01/02 :    0   1   2   3   4   5   6   7   8   9  10  11  12  13  14  15  16  17  18  19
c196-071:7975:8011 [0] NCCL INFO Trees [0] 1/32/-1->0->-1 [1] 1/-1/-1->0->4
c196-072:23242:23283 [0] NCCL INFO Trees [0] 5/-1/-1->4->9 [1] 5/0/-1->4->12
c196-082:15112:15153 [0] NCCL INFO Trees [0] 13/-1/-1->12->8 [1] 13/4/-1->12->28
c197-042:29001:29035 [2] NCCL INFO Trees [0] 35/-1/-1->34->33 [1] 35/-1/-1->34->33
c197-112:24938:24970 [3] NCCL INFO Trees [0] -1/-1/-1->43->42 [1] -1/-1/-1->43->42
c199-112:9651:9692 [0] NCCL INFO Trees [0] 61/-1/-1->60->56 [1] 61/28/-1->60->-1
c199-092:29956:29990 [2] NCCL INFO Trees [0] 59/-1/-1->58->57 [1] 59/-1/-1->58->57
c199-072:27236:27278 [0] NCCL INFO Trees [0] 53/-1/-1->52->57 [1] 53/48/-1->52->45
c198-011:1639:1673 [3] NCCL INFO Trees [0] -1/-1/-1->47->46 [1] -1/-1/-1->47->46
c197-101:7596:7632 [3] NCCL INFO Trees [0] -1/-1/-1->39->38 [1] -1/-1/-1->39->38
c199-071:7191:7230 [1] NCCL INFO Trees [0] 50/40/-1->49->48 [1] 50/-1/-1->49->48
c196-071:7977:8016 [2] NCCL INFO Trees [0] 3/-1/-1->2->1 [1] 3/-1/-1->2->1
c196-072:23243:23284 [1] NCCL INFO Trees [0] 6/-1/-1->5->4 [1] 6/8/-1->5->4
c197-042:29002:29036 [3] NCCL INFO Trees [0] -1/-1/-1->35->34 [1] -1/-1/-1->35->34
c197-112:24936:24974 [1] NCCL INFO Trees [0] 42/36/-1->41->40 [1] 42/-1/-1->41->40
c199-112:9652:9691 [1] NCCL INFO Trees [0] 62/-1/-1->61->60 [1] 62/-1/-1->61->60
c199-092:29955:29993 [1] NCCL INFO Trees [0] 58/52/-1->57->56 [1] 58/-1/-1->57->56
c199-072:27237:27276 [1] NCCL INFO Trees [0] 54/-1/-1->53->52 [1] 54/56/-1->53->52
c199-071:7192:7225 [2] NCCL INFO Trees [0] 51/-1/-1->50->49 [1] 51/-1/-1->50->49
c196-081:22514:22555 [0] NCCL INFO Channel 00/0 : 7[83000] -> 8[2000] [receive] via NET/IB/0
c196-101:14374:14413 [0] NCCL INFO Channel 00/0 : 19[83000] -> 20[2000] [receive] via NET/IB/0
c197-031:14011:14053 [0] NCCL INFO Channel 00/0 : 27[83000] -> 28[2000] [receive] via NET/IB/0
c197-042:28999:29040 [0] NCCL INFO Channel 00/0 : 31[83000] -> 32[2000] [receive] via NET/IB/0
c196-091:28207:28250 [0] NCCL INFO Channel 00/0 : 15[83000] -> 16[2000] [receive] via NET/IB/0
c196-072:23242:23283 [0] NCCL INFO Channel 00/0 : 3[83000] -> 4[2000] [receive] via NET/IB/0
c196-071:7975:8011 [0] NCCL INFO Channel 00/0 : 63[83000] -> 0[2000] [receive] via NET/IB/0
c197-112:24935:24976 [0] NCCL INFO Channel 00/0 : 39[83000] -> 40[2000] [receive] via NET/IB/0
c199-092:29954:29995 [0] NCCL INFO Channel 00/0 : 55[83000] -> 56[2000] [receive] via NET/IB/0
c197-101:7593:7635 [0] NCCL INFO Channel 00/0 : 35[83000] -> 36[2000] [receive] via NET/IB/0
c199-072:27236:27278 [0] NCCL INFO Channel 00/0 : 51[83000] -> 52[2000] [receive] via NET/IB/0
c198-011:1636:1679 [0] NCCL INFO Channel 00/0 : 43[83000] -> 44[2000] [receive] via NET/IB/0
c196-082:15112:15153 [0] NCCL INFO Channel 00/0 : 11[83000] -> 12[2000] [receive] via NET/IB/0
c199-112:9651:9692 [0] NCCL INFO Channel 00/0 : 59[83000] -> 60[2000] [receive] via NET/IB/0
c199-071:7190:7231 [0] NCCL INFO Channel 00/0 : 47[83000] -> 48[2000] [receive] via NET/IB/0
c196-102:5633:5675 [0] NCCL INFO Channel 00/0 : 23[83000] -> 24[2000] [receive] via NET/IB/0
c197-042:29001:29035 [2] NCCL INFO Channel 00 : 34[82000] -> 35[83000] via direct shared memory
c197-042:29001:29035 [2] NCCL INFO Channel 01 : 34[82000] -> 35[83000] via direct shared memory
c196-081:22516:22552 [2] NCCL INFO Channel 00 : 10[82000] -> 11[83000] via direct shared memory
c197-031:14013:14048 [2] NCCL INFO Channel 00 : 30[82000] -> 31[83000] via direct shared memory
c196-081:22515:22556 [1] NCCL INFO Channel 00 : 9[3000] -> 10[82000] via direct shared memory
c197-031:14013:14048 [2] NCCL INFO Channel 01 : 30[82000] -> 31[83000] via direct shared memory
c196-072:23244:23278 [2] NCCL INFO Channel 00 : 6[82000] -> 7[83000] via direct shared memory
c199-092:29956:29990 [2] NCCL INFO Channel 00 : 58[82000] -> 59[83000] via direct shared memory
c196-081:22516:22552 [2] NCCL INFO Channel 01 : 10[82000] -> 11[83000] via direct shared memory
c196-101:14376:14414 [2] NCCL INFO Channel 00 : 22[82000] -> 23[83000] via direct shared memory
c196-091:28209:28244 [2] NCCL INFO Channel 00 : 18[82000] -> 19[83000] via direct shared memory
c198-011:1638:1674 [2] NCCL INFO Channel 00 : 46[82000] -> 47[83000] via direct shared memory
c196-072:23244:23278 [2] NCCL INFO Channel 01 : 6[82000] -> 7[83000] via direct shared memory
c199-092:29956:29990 [2] NCCL INFO Channel 01 : 58[82000] -> 59[83000] via direct shared memory
c196-081:22515:22556 [1] NCCL INFO Channel 01 : 9[3000] -> 10[82000] via direct shared memory
c198-011:1638:1674 [2] NCCL INFO Channel 01 : 46[82000] -> 47[83000] via direct shared memory
c197-112:24937:24973 [2] NCCL INFO Channel 00 : 42[82000] -> 43[83000] via direct shared memory
c199-072:27238:27272 [2] NCCL INFO Channel 00 : 54[82000] -> 55[83000] via direct shared memory
c196-101:14376:14414 [2] NCCL INFO Channel 01 : 22[82000] -> 23[83000] via direct shared memory
c197-112:24937:24973 [2] NCCL INFO Channel 01 : 42[82000] -> 43[83000] via direct shared memory
c199-112:9653:9686 [2] NCCL INFO Channel 00 : 62[82000] -> 63[83000] via direct shared memory
c199-072:27238:27272 [2] NCCL INFO Channel 01 : 54[82000] -> 55[83000] via direct shared memory
c199-112:9653:9686 [2] NCCL INFO Channel 01 : 62[82000] -> 63[83000] via direct shared memory
c196-101:14375:14410 [1] NCCL INFO Channel 00 : 21[3000] -> 22[82000] via direct shared memory
c196-101:14375:14410 [1] NCCL INFO Channel 01 : 21[3000] -> 22[82000] via direct shared memory
c196-082:15114:15147 [2] NCCL INFO Channel 00 : 14[82000] -> 15[83000] via direct shared memory
c197-101:7595:7629 [2] NCCL INFO Channel 00 : 38[82000] -> 39[83000] via direct shared memory
c196-082:15114:15147 [2] NCCL INFO Channel 01 : 14[82000] -> 15[83000] via direct shared memory
c197-101:7594:7633 [1] NCCL INFO Channel 00 : 37[3000] -> 38[82000] via direct shared memory
c199-071:7192:7225 [2] NCCL INFO Channel 00 : 50[82000] -> 51[83000] via direct shared memory
c196-082:15113:15151 [1] NCCL INFO Channel 00 : 13[3000] -> 14[82000] via direct shared memory
c199-072:27237:27276 [1] NCCL INFO Channel 00 : 53[3000] -> 54[82000] via direct shared memory
c197-101:7595:7629 [2] NCCL INFO Channel 01 : 38[82000] -> 39[83000] via direct shared memory
c199-071:7191:7230 [1] NCCL INFO Channel 00 : 49[3000] -> 50[82000] via direct shared memory
c196-082:15113:15151 [1] NCCL INFO Channel 01 : 13[3000] -> 14[82000] via direct shared memory
c199-072:27237:27276 [1] NCCL INFO Channel 01 : 53[3000] -> 54[82000] via direct shared memory
c197-101:7594:7633 [1] NCCL INFO Channel 01 : 37[3000] -> 38[82000] via direct shared memory
c199-071:7192:7225 [2] NCCL INFO Channel 01 : 50[82000] -> 51[83000] via direct shared memory
c199-071:7191:7230 [1] NCCL INFO Channel 01 : 49[3000] -> 50[82000] via direct shared memory
c196-071:7976:8020 [1] NCCL INFO Channel 00 : 1[3000] -> 2[82000] via direct shared memory
c196-071:7977:8016 [2] NCCL INFO Channel 00 : 2[82000] -> 3[83000] via direct shared memory
c196-071:7977:8016 [2] NCCL INFO Channel 01 : 2[82000] -> 3[83000] via direct shared memory
c196-071:7976:8020 [1] NCCL INFO Channel 01 : 1[3000] -> 2[82000] via direct shared memory
c196-081:22517:22551 [3] NCCL INFO Channel 00/0 : 11[83000] -> 12[2000] [send] via NET/IB/0
c197-031:14014:14049 [3] NCCL INFO Channel 00/0 : 31[83000] -> 32[2000] [send] via NET/IB/0
c196-091:28208:28249 [1] NCCL INFO Channel 00 : 17[3000] -> 18[82000] via direct shared memory
c196-091:28208:28249 [1] NCCL INFO Channel 01 : 17[3000] -> 18[82000] via direct shared memory
c196-091:28209:28244 [2] NCCL INFO Channel 01 : 18[82000] -> 19[83000] via direct shared memory
c197-042:29002:29036 [3] NCCL INFO Channel 00/0 : 35[83000] -> 36[2000] [send] via NET/IB/0
c196-072:23245:23281 [3] NCCL INFO Channel 00/0 : 7[83000] -> 8[2000] [send] via NET/IB/0
c199-092:29957:29991 [3] NCCL INFO Channel 00/0 : 59[83000] -> 60[2000] [send] via NET/IB/0
c199-072:27239:27274 [3] NCCL INFO Channel 00/0 : 55[83000] -> 56[2000] [send] via NET/IB/0
c196-101:14377:14416 [3] NCCL INFO Channel 00/0 : 23[83000] -> 24[2000] [send] via NET/IB/0
c198-011:1639:1673 [3] NCCL INFO Channel 00/0 : 47[83000] -> 48[2000] [send] via NET/IB/0
c199-112:9654:9688 [3] NCCL INFO Channel 00/0 : 63[83000] -> 0[2000] [send] via NET/IB/0
c196-082:15115:15149 [3] NCCL INFO Channel 00/0 : 15[83000] -> 16[2000] [send] via NET/IB/0
c197-112:24938:24970 [3] NCCL INFO Channel 00/0 : 43[83000] -> 44[2000] [send] via NET/IB/0
c197-101:7596:7632 [3] NCCL INFO Channel 00/0 : 39[83000] -> 40[2000] [send] via NET/IB/0
c199-071:7193:7227 [3] NCCL INFO Channel 00/0 : 51[83000] -> 52[2000] [send] via NET/IB/0
c196-071:7978:8018 [3] NCCL INFO Channel 00/0 : 3[83000] -> 4[2000] [send] via NET/IB/0
c198-011:1637:1678 [1] NCCL INFO Channel 00 : 45[3000] -> 46[82000] via direct shared memory
c198-011:1637:1678 [1] NCCL INFO Channel 01 : 45[3000] -> 46[82000] via direct shared memory
c197-042:29000:29039 [1] NCCL INFO Channel 00 : 33[3000] -> 34[82000] via direct shared memory
c197-031:14012:14052 [1] NCCL INFO Channel 00 : 29[3000] -> 30[82000] via direct shared memory
c197-042:29000:29039 [1] NCCL INFO Channel 01 : 33[3000] -> 34[82000] via direct shared memory
c196-072:23243:23284 [1] NCCL INFO Channel 00 : 5[3000] -> 6[82000] via direct shared memory
c197-031:14012:14052 [1] NCCL INFO Channel 01 : 29[3000] -> 30[82000] via direct shared memory
c196-072:23243:23284 [1] NCCL INFO Channel 01 : 5[3000] -> 6[82000] via direct shared memory
c199-112:9652:9691 [1] NCCL INFO Channel 00 : 61[3000] -> 62[82000] via direct shared memory
c196-091:28210:28247 [3] NCCL INFO Channel 00/0 : 19[83000] -> 20[2000] [send] via NET/IB/0
c197-112:24936:24974 [1] NCCL INFO Channel 00 : 41[3000] -> 42[82000] via direct shared memory
c199-112:9652:9691 [1] NCCL INFO Channel 01 : 61[3000] -> 62[82000] via direct shared memory
c197-112:24936:24974 [1] NCCL INFO Channel 01 : 41[3000] -> 42[82000] via direct shared memory
c199-092:29955:29993 [1] NCCL INFO Channel 00 : 57[3000] -> 58[82000] via direct shared memory
c199-092:29955:29993 [1] NCCL INFO Channel 01 : 57[3000] -> 58[82000] via direct shared memory
c196-102:5635:5669 [2] NCCL INFO Channel 00 : 26[82000] -> 27[83000] via direct shared memory
c196-102:5635:5669 [2] NCCL INFO Channel 01 : 26[82000] -> 27[83000] via direct shared memory
c196-102:5636:5671 [3] NCCL INFO Channel 00/0 : 27[83000] -> 28[2000] [send] via NET/IB/0
c196-102:5634:5674 [1] NCCL INFO Channel 00 : 25[3000] -> 26[82000] via direct shared memory
c196-102:5634:5674 [1] NCCL INFO Channel 01 : 25[3000] -> 26[82000] via direct shared memory
c196-072:23242:23283 [0] NCCL INFO Channel 01/0 : 3[83000] -> 4[2000] [receive] via NET/IB/0
c196-071:7975:8011 [0] NCCL INFO Channel 01/0 : 63[83000] -> 0[2000] [receive] via NET/IB/0
c196-081:22514:22555 [0] NCCL INFO Channel 01/0 : 7[83000] -> 8[2000] [receive] via NET/IB/0
c196-072:23242:23283 [0] NCCL INFO Channel 00 : 4[2000] -> 5[3000] via direct shared memory
c199-072:27236:27278 [0] NCCL INFO Channel 01/0 : 51[83000] -> 52[2000] [receive] via NET/IB/0
c196-081:22514:22555 [0] NCCL INFO Channel 00 : 8[2000] -> 9[3000] via direct shared memory
c196-072:23242:23283 [0] NCCL INFO Channel 01 : 4[2000] -> 5[3000] via direct shared memory
c196-071:7975:8011 [0] NCCL INFO Channel 00 : 0[2000] -> 1[3000] via direct shared memory
c196-081:22514:22555 [0] NCCL INFO Channel 01 : 8[2000] -> 9[3000] via direct shared memory
c198-011:1636:1679 [0] NCCL INFO Channel 01/0 : 43[83000] -> 44[2000] [receive] via NET/IB/0
c199-072:27236:27278 [0] NCCL INFO Channel 00 : 52[2000] -> 53[3000] via direct shared memory
c196-101:14374:14413 [0] NCCL INFO Channel 01/0 : 19[83000] -> 20[2000] [receive] via NET/IB/0
c196-071:7975:8011 [0] NCCL INFO Channel 01 : 0[2000] -> 1[3000] via direct shared memory
c197-042:28999:29040 [0] NCCL INFO Channel 01/0 : 31[83000] -> 32[2000] [receive] via NET/IB/0
c198-011:1636:1679 [0] NCCL INFO Channel 00 : 44[2000] -> 45[3000] via direct shared memory
c199-072:27236:27278 [0] NCCL INFO Channel 01 : 52[2000] -> 53[3000] via direct shared memory
c197-031:14011:14053 [0] NCCL INFO Channel 01/0 : 27[83000] -> 28[2000] [receive] via NET/IB/0
c198-011:1636:1679 [0] NCCL INFO Channel 01 : 44[2000] -> 45[3000] via direct shared memory
c197-042:28999:29040 [0] NCCL INFO Channel 00 : 32[2000] -> 33[3000] via direct shared memory
c196-101:14374:14413 [0] NCCL INFO Channel 00 : 20[2000] -> 21[3000] via direct shared memory
c197-101:7593:7635 [0] NCCL INFO Channel 01/0 : 35[83000] -> 36[2000] [receive] via NET/IB/0
c196-082:15112:15153 [0] NCCL INFO Channel 01/0 : 11[83000] -> 12[2000] [receive] via NET/IB/0
c197-042:28999:29040 [0] NCCL INFO Channel 01 : 32[2000] -> 33[3000] via direct shared memory
c197-112:24935:24976 [0] NCCL INFO Channel 01/0 : 39[83000] -> 40[2000] [receive] via NET/IB/0
c199-112:9651:9692 [0] NCCL INFO Channel 01/0 : 59[83000] -> 60[2000] [receive] via NET/IB/0
c196-101:14374:14413 [0] NCCL INFO Channel 01 : 20[2000] -> 21[3000] via direct shared memory
c197-031:14011:14053 [0] NCCL INFO Channel 00 : 28[2000] -> 29[3000] via direct shared memory
c196-091:28207:28250 [0] NCCL INFO Channel 01/0 : 15[83000] -> 16[2000] [receive] via NET/IB/0
c197-101:7593:7635 [0] NCCL INFO Channel 00 : 36[2000] -> 37[3000] via direct shared memory
c196-082:15112:15153 [0] NCCL INFO Channel 00 : 12[2000] -> 13[3000] via direct shared memory
c197-112:24935:24976 [0] NCCL INFO Channel 00 : 40[2000] -> 41[3000] via direct shared memory
c199-112:9651:9692 [0] NCCL INFO Channel 00 : 60[2000] -> 61[3000] via direct shared memory
c199-092:29954:29995 [0] NCCL INFO Channel 01/0 : 55[83000] -> 56[2000] [receive] via NET/IB/0
c197-031:14011:14053 [0] NCCL INFO Channel 01 : 28[2000] -> 29[3000] via direct shared memory
c197-101:7593:7635 [0] NCCL INFO Channel 01 : 36[2000] -> 37[3000] via direct shared memory
c199-071:7190:7231 [0] NCCL INFO Channel 01/0 : 47[83000] -> 48[2000] [receive] via NET/IB/0
c196-082:15112:15153 [0] NCCL INFO Channel 01 : 12[2000] -> 13[3000] via direct shared memory
c197-112:24935:24976 [0] NCCL INFO Channel 01 : 40[2000] -> 41[3000] via direct shared memory
c199-112:9651:9692 [0] NCCL INFO Channel 01 : 60[2000] -> 61[3000] via direct shared memory
c199-092:29954:29995 [0] NCCL INFO Channel 00 : 56[2000] -> 57[3000] via direct shared memory
c199-071:7190:7231 [0] NCCL INFO Channel 00 : 48[2000] -> 49[3000] via direct shared memory
c199-092:29954:29995 [0] NCCL INFO Channel 01 : 56[2000] -> 57[3000] via direct shared memory
c199-071:7190:7231 [0] NCCL INFO Channel 01 : 48[2000] -> 49[3000] via direct shared memory
c196-081:22515:22556 [1] NCCL INFO Connected all rings
c197-042:29000:29039 [1] NCCL INFO Connected all rings
c199-072:27237:27276 [1] NCCL INFO Connected all rings
c196-072:23243:23284 [1] NCCL INFO Connected all rings
c196-101:14375:14410 [1] NCCL INFO Connected all rings
c196-071:7976:8020 [1] NCCL INFO Connected all rings
