c196-071:19205:19238 [2] NCCL INFO Channel 02 : 26[82000] -> 27[83000] via direct shared memory
c196-071:19205:19238 [2] NCCL INFO Channel 03 : 26[82000] -> 27[83000] via direct shared memory
c196-071:19205:19238 [2] NCCL INFO Channel 04 : 26[82000] -> 27[83000] via direct shared memory
c196-071:19205:19238 [2] NCCL INFO Channel 05 : 26[82000] -> 27[83000] via direct shared memory
c196-051:13059:13095 [2] NCCL INFO Connected all trees
c196-051:13059:13095 [2] NCCL INFO MSCCL_XML_FILES set by environment to /home1/09168/ldai1/ccl-build/msccl_tools_lyd/examples/xml/xml_lyd/trinomial_tree/allreduce_trinomial_tree_2ch_32chunk.xml
c196-051:13059:13095 [2] NCCL INFO MSCCL: Parsing algorithm /home1/09168/ldai1/ccl-build/msccl_tools_lyd/examples/xml/xml_lyd/trinomial_tree/allreduce_trinomial_tree_2ch_32chunk.xml
c196-071:19206:19237 [3] NCCL INFO Channel 00/0 : 27[83000] -> 31[83000] [send] via NET/IB/0
c196-051:13057:13099 [0] NCCL INFO Channel 01/0 : 8[2000] -> 5[3000] [send] via NET/IB/0
c196-071:19203:19241 [0] NCCL INFO Channel 01/0 : 24[2000] -> 21[3000] [send] via NET/IB/0
c196-042:16135:16174 [0] NCCL INFO Channel 01/0 : 4[2000] -> 0[2000] [send] via NET/IB/0
c196-061:6885:6917 [3] NCCL INFO Channel 02/0 : 19[83000] -> 23[83000] [send] via NET/IB/0
c196-071:19203:19241 [0] NCCL INFO Connected all trees
c196-071:19203:19241 [0] NCCL INFO MSCCL_XML_FILES set by environment to /home1/09168/ldai1/ccl-build/msccl_tools_lyd/examples/xml/xml_lyd/trinomial_tree/allreduce_trinomial_tree_2ch_32chunk.xml
c196-071:19203:19241 [0] NCCL INFO MSCCL: Parsing algorithm /home1/09168/ldai1/ccl-build/msccl_tools_lyd/examples/xml/xml_lyd/trinomial_tree/allreduce_trinomial_tree_2ch_32chunk.xml
c196-051:13057:13099 [0] NCCL INFO Connected all trees
c196-051:13057:13099 [0] NCCL INFO MSCCL_XML_FILES set by environment to /home1/09168/ldai1/ccl-build/msccl_tools_lyd/examples/xml/xml_lyd/trinomial_tree/allreduce_trinomial_tree_2ch_32chunk.xml
c196-051:13057:13099 [0] NCCL INFO MSCCL: Parsing algorithm /home1/09168/ldai1/ccl-build/msccl_tools_lyd/examples/xml/xml_lyd/trinomial_tree/allreduce_trinomial_tree_2ch_32chunk.xml
c196-062:13400:13441 [1] NCCL INFO Channel 00 : 21[3000] -> 20[2000] via direct shared memory
c196-071:19206:19237 [3] NCCL INFO Channel 02/0 : 27[83000] -> 31[83000] [send] via NET/IB/0
c196-062:13400:13441 [1] NCCL INFO Channel 01 : 21[3000] -> 20[2000] via direct shared memory
c196-071:19204:19242 [1] NCCL INFO Connected all trees
c196-071:19204:19242 [1] NCCL INFO MSCCL_XML_FILES set by environment to /home1/09168/ldai1/ccl-build/msccl_tools_lyd/examples/xml/xml_lyd/trinomial_tree/allreduce_trinomial_tree_2ch_32chunk.xml
c196-071:19204:19242 [1] NCCL INFO MSCCL: Parsing algorithm /home1/09168/ldai1/ccl-build/msccl_tools_lyd/examples/xml/xml_lyd/trinomial_tree/allreduce_trinomial_tree_2ch_32chunk.xml
c196-062:13399:13439 [0] NCCL INFO Connected all trees
c196-062:13399:13439 [0] NCCL INFO MSCCL_XML_FILES set by environment to /home1/09168/ldai1/ccl-build/msccl_tools_lyd/examples/xml/xml_lyd/trinomial_tree/allreduce_trinomial_tree_2ch_32chunk.xml
c196-062:13399:13439 [0] NCCL INFO MSCCL: Parsing algorithm /home1/09168/ldai1/ccl-build/msccl_tools_lyd/examples/xml/xml_lyd/trinomial_tree/allreduce_trinomial_tree_2ch_32chunk.xml
c196-041:4773:4805 [0] NCCL INFO Connected all trees
c196-041:4773:4805 [0] NCCL INFO MSCCL_XML_FILES set by environment to /home1/09168/ldai1/ccl-build/msccl_tools_lyd/examples/xml/xml_lyd/trinomial_tree/allreduce_trinomial_tree_2ch_32chunk.xml
c196-041:4773:4805 [0] NCCL INFO MSCCL: Parsing algorithm /home1/09168/ldai1/ccl-build/msccl_tools_lyd/examples/xml/xml_lyd/trinomial_tree/allreduce_trinomial_tree_2ch_32chunk.xml
c196-042:16136:16173 [1] NCCL INFO Channel 00 : 5[3000] -> 4[2000] via direct shared memory
c196-042:16136:16173 [1] NCCL INFO Channel 01 : 5[3000] -> 4[2000] via direct shared memory
c196-042:16135:16174 [0] NCCL INFO Connected all trees
c196-051:13058:13097 [1] NCCL INFO Connected all trees
c196-051:13058:13097 [1] NCCL INFO MSCCL_XML_FILES set by environment to /home1/09168/ldai1/ccl-build/msccl_tools_lyd/examples/xml/xml_lyd/trinomial_tree/allreduce_trinomial_tree_2ch_32chunk.xml
c196-051:13058:13097 [1] NCCL INFO MSCCL: Parsing algorithm /home1/09168/ldai1/ccl-build/msccl_tools_lyd/examples/xml/xml_lyd/trinomial_tree/allreduce_trinomial_tree_2ch_32chunk.xml
c196-042:16135:16174 [0] NCCL INFO MSCCL_XML_FILES set by environment to /home1/09168/ldai1/ccl-build/msccl_tools_lyd/examples/xml/xml_lyd/trinomial_tree/allreduce_trinomial_tree_2ch_32chunk.xml
c196-042:16135:16174 [0] NCCL INFO MSCCL: Parsing algorithm /home1/09168/ldai1/ccl-build/msccl_tools_lyd/examples/xml/xml_lyd/trinomial_tree/allreduce_trinomial_tree_2ch_32chunk.xml
c196-041:4774:4814 [1] NCCL INFO Connected all trees
c196-041:4774:4814 [1] NCCL INFO MSCCL_XML_FILES set by environment to /home1/09168/ldai1/ccl-build/msccl_tools_lyd/examples/xml/xml_lyd/trinomial_tree/allreduce_trinomial_tree_2ch_32chunk.xml
c196-041:4774:4814 [1] NCCL INFO MSCCL: Parsing algorithm /home1/09168/ldai1/ccl-build/msccl_tools_lyd/examples/xml/xml_lyd/trinomial_tree/allreduce_trinomial_tree_2ch_32chunk.xml
c196-062:13400:13441 [1] NCCL INFO Connected all trees
c196-062:13400:13441 [1] NCCL INFO MSCCL_XML_FILES set by environment to /home1/09168/ldai1/ccl-build/msccl_tools_lyd/examples/xml/xml_lyd/trinomial_tree/allreduce_trinomial_tree_2ch_32chunk.xml
c196-062:13400:13441 [1] NCCL INFO MSCCL: Parsing algorithm /home1/09168/ldai1/ccl-build/msccl_tools_lyd/examples/xml/xml_lyd/trinomial_tree/allreduce_trinomial_tree_2ch_32chunk.xml
c196-062:13401:13435 [2] NCCL INFO Connected all trees
c196-062:13401:13435 [2] NCCL INFO MSCCL_XML_FILES set by environment to /home1/09168/ldai1/ccl-build/msccl_tools_lyd/examples/xml/xml_lyd/trinomial_tree/allreduce_trinomial_tree_2ch_32chunk.xml
c196-062:13401:13435 [2] NCCL INFO MSCCL: Parsing algorithm /home1/09168/ldai1/ccl-build/msccl_tools_lyd/examples/xml/xml_lyd/trinomial_tree/allreduce_trinomial_tree_2ch_32chunk.xml
c196-042:16136:16173 [1] NCCL INFO Connected all trees
c196-042:16136:16173 [1] NCCL INFO MSCCL_XML_FILES set by environment to /home1/09168/ldai1/ccl-build/msccl_tools_lyd/examples/xml/xml_lyd/trinomial_tree/allreduce_trinomial_tree_2ch_32chunk.xml
c196-042:16136:16173 [1] NCCL INFO MSCCL: Parsing algorithm /home1/09168/ldai1/ccl-build/msccl_tools_lyd/examples/xml/xml_lyd/trinomial_tree/allreduce_trinomial_tree_2ch_32chunk.xml
c196-042:16137:16170 [2] NCCL INFO Connected all trees
c196-042:16137:16170 [2] NCCL INFO MSCCL_XML_FILES set by environment to /home1/09168/ldai1/ccl-build/msccl_tools_lyd/examples/xml/xml_lyd/trinomial_tree/allreduce_trinomial_tree_2ch_32chunk.xml
c196-042:16137:16170 [2] NCCL INFO MSCCL: Parsing algorithm /home1/09168/ldai1/ccl-build/msccl_tools_lyd/examples/xml/xml_lyd/trinomial_tree/allreduce_trinomial_tree_2ch_32chunk.xml
c196-052:980:1036 [0] NCCL INFO Parsed MSCCL Algorithm /home1/09168/ldai1/ccl-build/msccl_tools_lyd/examples/xml/xml_lyd/trinomial_tree/allreduce_trinomial_tree_2ch_32chunk.xml successfully.
c196-052:980:1036 [0] NCCL INFO Channel 02 : 12[2000] -> 13[3000] via direct shared memory
c196-052:980:1036 [0] NCCL INFO Channel 03 : 12[2000] -> 13[3000] via direct shared memory
c196-052:980:1036 [0] NCCL INFO Channel 04 : 12[2000] -> 13[3000] via direct shared memory
c196-052:980:1036 [0] NCCL INFO Channel 05 : 12[2000] -> 13[3000] via direct shared memory
c196-072:29385:29424 [0] NCCL INFO Parsed MSCCL Algorithm /home1/09168/ldai1/ccl-build/msccl_tools_lyd/examples/xml/xml_lyd/trinomial_tree/allreduce_trinomial_tree_2ch_32chunk.xml successfully.
c196-061:6882:6919 [0] NCCL INFO Parsed MSCCL Algorithm /home1/09168/ldai1/ccl-build/msccl_tools_lyd/examples/xml/xml_lyd/trinomial_tree/allreduce_trinomial_tree_2ch_32chunk.xml successfully.
c196-052:981:1037 [1] NCCL INFO Parsed MSCCL Algorithm /home1/09168/ldai1/ccl-build/msccl_tools_lyd/examples/xml/xml_lyd/trinomial_tree/allreduce_trinomial_tree_2ch_32chunk.xml successfully.
c196-072:29386:29425 [1] NCCL INFO Parsed MSCCL Algorithm /home1/09168/ldai1/ccl-build/msccl_tools_lyd/examples/xml/xml_lyd/trinomial_tree/allreduce_trinomial_tree_2ch_32chunk.xml successfully.
c196-061:6883:6921 [1] NCCL INFO Parsed MSCCL Algorithm /home1/09168/ldai1/ccl-build/msccl_tools_lyd/examples/xml/xml_lyd/trinomial_tree/allreduce_trinomial_tree_2ch_32chunk.xml successfully.
c196-072:29385:29424 [0] NCCL INFO Channel 02 : 28[2000] -> 29[3000] via direct shared memory
c196-072:29385:29424 [0] NCCL INFO Channel 03 : 28[2000] -> 29[3000] via direct shared memory
c196-051:13059:13095 [2] NCCL INFO Parsed MSCCL Algorithm /home1/09168/ldai1/ccl-build/msccl_tools_lyd/examples/xml/xml_lyd/trinomial_tree/allreduce_trinomial_tree_2ch_32chunk.xml successfully.
c196-072:29385:29424 [0] NCCL INFO Channel 04 : 28[2000] -> 29[3000] via direct shared memory
c196-072:29385:29424 [0] NCCL INFO Channel 05 : 28[2000] -> 29[3000] via direct shared memory
c196-061:6882:6919 [0] NCCL INFO Channel 02 : 16[2000] -> 17[3000] via direct shared memory
c196-061:6882:6919 [0] NCCL INFO Channel 03 : 16[2000] -> 17[3000] via direct shared memory
c196-061:6882:6919 [0] NCCL INFO Channel 04 : 16[2000] -> 17[3000] via direct shared memory
c196-061:6882:6919 [0] NCCL INFO Channel 05 : 16[2000] -> 17[3000] via direct shared memory
c196-061:6885:6917 [3] NCCL INFO Channel 04/0 : 19[83000] -> 23[83000] [send] via NET/IB/0
c196-071:19206:19237 [3] NCCL INFO Channel 04/0 : 27[83000] -> 31[83000] [send] via NET/IB/0
c196-052:981:1037 [1] NCCL INFO Channel 02 : 13[3000] -> 14[82000] via direct shared memory
c196-052:981:1037 [1] NCCL INFO Channel 03 : 13[3000] -> 14[82000] via direct shared memory
c196-052:981:1037 [1] NCCL INFO Channel 04 : 13[3000] -> 14[82000] via direct shared memory
c196-052:981:1037 [1] NCCL INFO Channel 05 : 13[3000] -> 14[82000] via direct shared memory
c196-072:29386:29425 [1] NCCL INFO Channel 02 : 29[3000] -> 30[82000] via direct shared memory
c196-051:13059:13095 [2] NCCL INFO Channel 02 : 10[82000] -> 11[83000] via direct shared memory
c196-072:29386:29425 [1] NCCL INFO Channel 03 : 29[3000] -> 30[82000] via direct shared memory
c196-051:13059:13095 [2] NCCL INFO Channel 03 : 10[82000] -> 11[83000] via direct shared memory
c196-072:29386:29425 [1] NCCL INFO Channel 04 : 29[3000] -> 30[82000] via direct shared memory
c196-051:13059:13095 [2] NCCL INFO Channel 04 : 10[82000] -> 11[83000] via direct shared memory
c196-051:13059:13095 [2] NCCL INFO Channel 05 : 10[82000] -> 11[83000] via direct shared memory
c196-072:29386:29425 [1] NCCL INFO Channel 05 : 29[3000] -> 30[82000] via direct shared memory
c196-061:6883:6921 [1] NCCL INFO Channel 02 : 17[3000] -> 18[82000] via direct shared memory
c196-061:6883:6921 [1] NCCL INFO Channel 03 : 17[3000] -> 18[82000] via direct shared memory
c196-051:13060:13094 [3] NCCL INFO Channel 02/0 : 7[83000] -> 11[83000] [receive] via NET/IB/0
c196-061:6883:6921 [1] NCCL INFO Channel 04 : 17[3000] -> 18[82000] via direct shared memory
c196-061:6883:6921 [1] NCCL INFO Channel 05 : 17[3000] -> 18[82000] via direct shared memory
c196-052:980:1036 [0] NCCL INFO Channel 01/0 : 12[2000] -> 16[2000] [send] via NET/IB/0
c196-072:29385:29424 [0] NCCL INFO Channel 01/0 : 24[2000] -> 28[2000] [receive] via NET/IB/0
c196-061:6882:6919 [0] NCCL INFO Channel 01/0 : 12[2000] -> 16[2000] [receive] via NET/IB/0
c196-071:19203:19241 [0] NCCL INFO Parsed MSCCL Algorithm /home1/09168/ldai1/ccl-build/msccl_tools_lyd/examples/xml/xml_lyd/trinomial_tree/allreduce_trinomial_tree_2ch_32chunk.xml successfully.
c196-062:13399:13439 [0] NCCL INFO Parsed MSCCL Algorithm /home1/09168/ldai1/ccl-build/msccl_tools_lyd/examples/xml/xml_lyd/trinomial_tree/allreduce_trinomial_tree_2ch_32chunk.xml successfully.
c196-051:13057:13099 [0] NCCL INFO Parsed MSCCL Algorithm /home1/09168/ldai1/ccl-build/msccl_tools_lyd/examples/xml/xml_lyd/trinomial_tree/allreduce_trinomial_tree_2ch_32chunk.xml successfully.
c196-062:13400:13441 [1] NCCL INFO Parsed MSCCL Algorithm /home1/09168/ldai1/ccl-build/msccl_tools_lyd/examples/xml/xml_lyd/trinomial_tree/allreduce_trinomial_tree_2ch_32chunk.xml successfully.
c196-071:19203:19241 [0] NCCL INFO Channel 02 : 24[2000] -> 25[3000] via direct shared memory
c196-071:19203:19241 [0] NCCL INFO Channel 03 : 24[2000] -> 25[3000] via direct shared memory
c196-071:19203:19241 [0] NCCL INFO Channel 04 : 24[2000] -> 25[3000] via direct shared memory
c196-071:19203:19241 [0] NCCL INFO Channel 05 : 24[2000] -> 25[3000] via direct shared memory
c196-071:19204:19242 [1] NCCL INFO Parsed MSCCL Algorithm /home1/09168/ldai1/ccl-build/msccl_tools_lyd/examples/xml/xml_lyd/trinomial_tree/allreduce_trinomial_tree_2ch_32chunk.xml successfully.
c196-051:13058:13097 [1] NCCL INFO Parsed MSCCL Algorithm /home1/09168/ldai1/ccl-build/msccl_tools_lyd/examples/xml/xml_lyd/trinomial_tree/allreduce_trinomial_tree_2ch_32chunk.xml successfully.
c196-062:13401:13435 [2] NCCL INFO Parsed MSCCL Algorithm /home1/09168/ldai1/ccl-build/msccl_tools_lyd/examples/xml/xml_lyd/trinomial_tree/allreduce_trinomial_tree_2ch_32chunk.xml successfully.
c196-041:4773:4805 [0] NCCL INFO Parsed MSCCL Algorithm /home1/09168/ldai1/ccl-build/msccl_tools_lyd/examples/xml/xml_lyd/trinomial_tree/allreduce_trinomial_tree_2ch_32chunk.xml successfully.
c196-062:13399:13439 [0] NCCL INFO Channel 02 : 20[2000] -> 21[3000] via direct shared memory
c196-062:13399:13439 [0] NCCL INFO Channel 03 : 20[2000] -> 21[3000] via direct shared memory
c196-062:13399:13439 [0] NCCL INFO Channel 04 : 20[2000] -> 21[3000] via direct shared memory
c196-062:13399:13439 [0] NCCL INFO Channel 05 : 20[2000] -> 21[3000] via direct shared memory
c196-051:13057:13099 [0] NCCL INFO Channel 02 : 8[2000] -> 9[3000] via direct shared memory
c196-041:4774:4814 [1] NCCL INFO Parsed MSCCL Algorithm /home1/09168/ldai1/ccl-build/msccl_tools_lyd/examples/xml/xml_lyd/trinomial_tree/allreduce_trinomial_tree_2ch_32chunk.xml successfully.
c196-051:13057:13099 [0] NCCL INFO Channel 03 : 8[2000] -> 9[3000] via direct shared memory
c196-042:16135:16174 [0] NCCL INFO Parsed MSCCL Algorithm /home1/09168/ldai1/ccl-build/msccl_tools_lyd/examples/xml/xml_lyd/trinomial_tree/allreduce_trinomial_tree_2ch_32chunk.xml successfully.
c196-051:13057:13099 [0] NCCL INFO Channel 04 : 8[2000] -> 9[3000] via direct shared memory
c196-051:13057:13099 [0] NCCL INFO Channel 05 : 8[2000] -> 9[3000] via direct shared memory
c196-042:16136:16173 [1] NCCL INFO Parsed MSCCL Algorithm /home1/09168/ldai1/ccl-build/msccl_tools_lyd/examples/xml/xml_lyd/trinomial_tree/allreduce_trinomial_tree_2ch_32chunk.xml successfully.
c196-041:4773:4805 [0] NCCL INFO Channel 02 : 0[2000] -> 1[3000] via direct shared memory
c196-041:4773:4805 [0] NCCL INFO Channel 03 : 0[2000] -> 1[3000] via direct shared memory
c196-041:4773:4805 [0] NCCL INFO Channel 04 : 0[2000] -> 1[3000] via direct shared memory
c196-041:4773:4805 [0] NCCL INFO Channel 05 : 0[2000] -> 1[3000] via direct shared memory
c196-042:16135:16174 [0] NCCL INFO Channel 02 : 4[2000] -> 5[3000] via direct shared memory
c196-042:16135:16174 [0] NCCL INFO Channel 03 : 4[2000] -> 5[3000] via direct shared memory
c196-042:16137:16170 [2] NCCL INFO Parsed MSCCL Algorithm /home1/09168/ldai1/ccl-build/msccl_tools_lyd/examples/xml/xml_lyd/trinomial_tree/allreduce_trinomial_tree_2ch_32chunk.xml successfully.
c196-042:16135:16174 [0] NCCL INFO Channel 04 : 4[2000] -> 5[3000] via direct shared memory
c196-042:16135:16174 [0] NCCL INFO Channel 05 : 4[2000] -> 5[3000] via direct shared memory
c196-052:983:1032 [3] NCCL INFO Channel 00/0 : 15[83000] -> 23[83000] [send] via NET/IB/0
c196-052:981:1037 [1] NCCL INFO Channel 02 : 13[3000] -> 12[2000] via direct shared memory
c196-052:981:1037 [1] NCCL INFO Channel 03 : 13[3000] -> 12[2000] via direct shared memory
c196-052:981:1037 [1] NCCL INFO Channel 04 : 13[3000] -> 12[2000] via direct shared memory
c196-052:981:1037 [1] NCCL INFO Channel 05 : 13[3000] -> 12[2000] via direct shared memory
c196-052:982:1031 [2] NCCL INFO Channel 02 : 14[82000] -> 13[3000] via direct shared memory
c196-052:982:1031 [2] NCCL INFO Channel 03 : 14[82000] -> 13[3000] via direct shared memory
c196-052:982:1031 [2] NCCL INFO Channel 04 : 14[82000] -> 13[3000] via direct shared memory
c196-052:982:1031 [2] NCCL INFO Channel 05 : 14[82000] -> 13[3000] via direct shared memory
c196-072:29386:29425 [1] NCCL INFO Channel 02 : 29[3000] -> 28[2000] via direct shared memory
c196-072:29386:29425 [1] NCCL INFO Channel 03 : 29[3000] -> 28[2000] via direct shared memory
c196-072:29386:29425 [1] NCCL INFO Channel 04 : 29[3000] -> 28[2000] via direct shared memory
c196-072:29386:29425 [1] NCCL INFO Channel 05 : 29[3000] -> 28[2000] via direct shared memory
c196-061:6883:6921 [1] NCCL INFO Channel 02 : 17[3000] -> 16[2000] via direct shared memory
c196-061:6883:6921 [1] NCCL INFO Channel 03 : 17[3000] -> 16[2000] via direct shared memory
c196-061:6884:6916 [2] NCCL INFO Channel 02 : 18[82000] -> 17[3000] via direct shared memory
c196-061:6883:6921 [1] NCCL INFO Channel 04 : 17[3000] -> 16[2000] via direct shared memory
c196-061:6884:6916 [2] NCCL INFO Channel 03 : 18[82000] -> 17[3000] via direct shared memory
c196-072:29387:29421 [2] NCCL INFO Channel 02 : 30[82000] -> 29[3000] via direct shared memory
c196-061:6883:6921 [1] NCCL INFO Channel 05 : 17[3000] -> 16[2000] via direct shared memory
c196-072:29387:29421 [2] NCCL INFO Channel 03 : 30[82000] -> 29[3000] via direct shared memory
c196-061:6884:6916 [2] NCCL INFO Channel 04 : 18[82000] -> 17[3000] via direct shared memory
c196-072:29387:29421 [2] NCCL INFO Channel 04 : 30[82000] -> 29[3000] via direct shared memory
c196-061:6884:6916 [2] NCCL INFO Channel 05 : 18[82000] -> 17[3000] via direct shared memory
c196-072:29387:29421 [2] NCCL INFO Channel 05 : 30[82000] -> 29[3000] via direct shared memory
c196-051:13060:13094 [3] NCCL INFO Channel 04/0 : 7[83000] -> 11[83000] [receive] via NET/IB/0
c196-062:13400:13441 [1] NCCL INFO Channel 02 : 21[3000] -> 22[82000] via direct shared memory
c196-062:13400:13441 [1] NCCL INFO Channel 03 : 21[3000] -> 22[82000] via direct shared memory
c196-062:13400:13441 [1] NCCL INFO Channel 04 : 21[3000] -> 22[82000] via direct shared memory
c196-062:13400:13441 [1] NCCL INFO Channel 05 : 21[3000] -> 22[82000] via direct shared memory
c196-071:19206:19237 [3] NCCL INFO Channel 00/0 : 27[83000] -> 3[83000] [send] via NET/IB/0
c196-071:19204:19242 [1] NCCL INFO Channel 02 : 25[3000] -> 26[82000] via direct shared memory
c196-071:19204:19242 [1] NCCL INFO Channel 03 : 25[3000] -> 26[82000] via direct shared memory
c196-052:980:1036 [0] NCCL INFO Channel 03/0 : 12[2000] -> 16[2000] [send] via NET/IB/0
c196-071:19204:19242 [1] NCCL INFO Channel 04 : 25[3000] -> 26[82000] via direct shared memory
c196-071:19204:19242 [1] NCCL INFO Channel 05 : 25[3000] -> 26[82000] via direct shared memory
c196-072:29385:29424 [0] NCCL INFO Channel 03/0 : 24[2000] -> 28[2000] [receive] via NET/IB/0
c196-051:13058:13097 [1] NCCL INFO Channel 02 : 9[3000] -> 10[82000] via direct shared memory
c196-051:13058:13097 [1] NCCL INFO Channel 03 : 9[3000] -> 10[82000] via direct shared memory
c196-051:13058:13097 [1] NCCL INFO Channel 04 : 9[3000] -> 10[82000] via direct shared memory
c196-051:13058:13097 [1] NCCL INFO Channel 05 : 9[3000] -> 10[82000] via direct shared memory
c196-062:13401:13435 [2] NCCL INFO Channel 02 : 22[82000] -> 23[83000] via direct shared memory
c196-062:13401:13435 [2] NCCL INFO Channel 03 : 22[82000] -> 23[83000] via direct shared memory
c196-062:13401:13435 [2] NCCL INFO Channel 04 : 22[82000] -> 23[83000] via direct shared memory
c196-062:13401:13435 [2] NCCL INFO Channel 05 : 22[82000] -> 23[83000] via direct shared memory
c196-061:6882:6919 [0] NCCL INFO Channel 03/0 : 12[2000] -> 16[2000] [receive] via NET/IB/0
c196-041:4774:4814 [1] NCCL INFO Channel 02 : 1[3000] -> 2[82000] via direct shared memory
c196-041:4774:4814 [1] NCCL INFO Channel 03 : 1[3000] -> 2[82000] via direct shared memory
c196-041:4774:4814 [1] NCCL INFO Channel 04 : 1[3000] -> 2[82000] via direct shared memory
c196-072:29388:29420 [3] NCCL INFO Channel 02/0 : 31[83000] -> 7[83000] [send] via NET/IB/0
c196-041:4774:4814 [1] NCCL INFO Channel 05 : 1[3000] -> 2[82000] via direct shared memory
c196-062:13402:13437 [3] NCCL INFO Channel 02/0 : 19[83000] -> 23[83000] [receive] via NET/IB/0
c196-042:16136:16173 [1] NCCL INFO Channel 02 : 5[3000] -> 6[82000] via direct shared memory
c196-042:16136:16173 [1] NCCL INFO Channel 03 : 5[3000] -> 6[82000] via direct shared memory
c196-042:16136:16173 [1] NCCL INFO Channel 04 : 5[3000] -> 6[82000] via direct shared memory
c196-042:16136:16173 [1] NCCL INFO Channel 05 : 5[3000] -> 6[82000] via direct shared memory
c196-062:13399:13439 [0] NCCL INFO Channel 03/0 : 16[2000] -> 20[2000] [receive] via NET/IB/0
c196-071:19203:19241 [0] NCCL INFO Channel 01/0 : 24[2000] -> 28[2000] [send] via NET/IB/0
c196-042:16137:16170 [2] NCCL INFO Channel 02 : 6[82000] -> 7[83000] via direct shared memory
c196-042:16137:16170 [2] NCCL INFO Channel 03 : 6[82000] -> 7[83000] via direct shared memory
c196-042:16137:16170 [2] NCCL INFO Channel 04 : 6[82000] -> 7[83000] via direct shared memory
c196-042:16137:16170 [2] NCCL INFO Channel 05 : 6[82000] -> 7[83000] via direct shared memory
c196-042:16138:16169 [3] NCCL INFO Channel 00/0 : 3[83000] -> 7[83000] [receive] via NET/IB/0
c196-051:13057:13099 [0] NCCL INFO Channel 03/0 : 4[2000] -> 8[2000] [receive] via NET/IB/0
c196-041:4773:4805 [0] NCCL INFO Channel 03/0 : 0[2000] -> 4[2000] [send] via NET/IB/0
c196-042:16135:16174 [0] NCCL INFO Channel 03/0 : 0[2000] -> 4[2000] [receive] via NET/IB/0
c196-052:983:1032 [3] NCCL INFO Channel 04/0 : 15[83000] -> 23[83000] [send] via NET/IB/0
c196-062:13400:13441 [1] NCCL INFO Channel 02 : 21[3000] -> 20[2000] via direct shared memory
c196-062:13400:13441 [1] NCCL INFO Channel 03 : 21[3000] -> 20[2000] via direct shared memory
c196-062:13400:13441 [1] NCCL INFO Channel 04 : 21[3000] -> 20[2000] via direct shared memory
c196-051:13058:13097 [1] NCCL INFO Channel 02 : 9[3000] -> 8[2000] via direct shared memory
c196-071:19204:19242 [1] NCCL INFO Channel 02 : 25[3000] -> 24[2000] via direct shared memory
c196-071:19204:19242 [1] NCCL INFO Channel 03 : 25[3000] -> 24[2000] via direct shared memory
c196-062:13400:13441 [1] NCCL INFO Channel 05 : 21[3000] -> 20[2000] via direct shared memory
c196-051:13058:13097 [1] NCCL INFO Channel 03 : 9[3000] -> 8[2000] via direct shared memory
c196-062:13401:13435 [2] NCCL INFO Channel 02 : 22[82000] -> 21[3000] via direct shared memory
c196-051:13059:13095 [2] NCCL INFO Channel 02 : 10[82000] -> 9[3000] via direct shared memory
c196-051:13058:13097 [1] NCCL INFO Channel 04 : 9[3000] -> 8[2000] via direct shared memory
c196-071:19204:19242 [1] NCCL INFO Channel 04 : 25[3000] -> 24[2000] via direct shared memory
c196-062:13401:13435 [2] NCCL INFO Channel 03 : 22[82000] -> 21[3000] via direct shared memory
c196-051:13059:13095 [2] NCCL INFO Channel 03 : 10[82000] -> 9[3000] via direct shared memory
c196-062:13401:13435 [2] NCCL INFO Channel 04 : 22[82000] -> 21[3000] via direct shared memory
c196-071:19204:19242 [1] NCCL INFO Channel 05 : 25[3000] -> 24[2000] via direct shared memory
c196-051:13058:13097 [1] NCCL INFO Channel 05 : 9[3000] -> 8[2000] via direct shared memory
c196-051:13059:13095 [2] NCCL INFO Channel 04 : 10[82000] -> 9[3000] via direct shared memory
c196-062:13401:13435 [2] NCCL INFO Channel 05 : 22[82000] -> 21[3000] via direct shared memory
c196-071:19205:19238 [2] NCCL INFO Channel 02 : 26[82000] -> 25[3000] via direct shared memory
c196-051:13059:13095 [2] NCCL INFO Channel 05 : 10[82000] -> 9[3000] via direct shared memory
c196-071:19205:19238 [2] NCCL INFO Channel 03 : 26[82000] -> 25[3000] via direct shared memory
c196-071:19205:19238 [2] NCCL INFO Channel 04 : 26[82000] -> 25[3000] via direct shared memory
c196-071:19205:19238 [2] NCCL INFO Channel 05 : 26[82000] -> 25[3000] via direct shared memory
c196-041:4774:4814 [1] NCCL INFO Channel 02 : 1[3000] -> 0[2000] via direct shared memory
c196-041:4775:4811 [2] NCCL INFO Channel 02 : 2[82000] -> 1[3000] via direct shared memory
c196-041:4774:4814 [1] NCCL INFO Channel 03 : 1[3000] -> 0[2000] via direct shared memory
c196-041:4775:4811 [2] NCCL INFO Channel 03 : 2[82000] -> 1[3000] via direct shared memory
c196-041:4774:4814 [1] NCCL INFO Channel 04 : 1[3000] -> 0[2000] via direct shared memory
c196-041:4775:4811 [2] NCCL INFO Channel 04 : 2[82000] -> 1[3000] via direct shared memory
c196-041:4774:4814 [1] NCCL INFO Channel 05 : 1[3000] -> 0[2000] via direct shared memory
c196-042:16136:16173 [1] NCCL INFO Channel 02 : 5[3000] -> 4[2000] via direct shared memory
c196-041:4775:4811 [2] NCCL INFO Channel 05 : 2[82000] -> 1[3000] via direct shared memory
c196-042:16136:16173 [1] NCCL INFO Channel 03 : 5[3000] -> 4[2000] via direct shared memory
c196-042:16136:16173 [1] NCCL INFO Channel 04 : 5[3000] -> 4[2000] via direct shared memory
c196-072:29385:29424 [0] NCCL INFO Channel 05/0 : 24[2000] -> 28[2000] [receive] via NET/IB/0
c196-042:16136:16173 [1] NCCL INFO Channel 05 : 5[3000] -> 4[2000] via direct shared memory
c196-042:16137:16170 [2] NCCL INFO Channel 02 : 6[82000] -> 5[3000] via direct shared memory
c196-042:16137:16170 [2] NCCL INFO Channel 03 : 6[82000] -> 5[3000] via direct shared memory
c196-061:6882:6919 [0] NCCL INFO Channel 03/0 : 16[2000] -> 20[2000] [send] via NET/IB/0
c196-042:16137:16170 [2] NCCL INFO Channel 04 : 6[82000] -> 5[3000] via direct shared memory
c196-042:16137:16170 [2] NCCL INFO Channel 05 : 6[82000] -> 5[3000] via direct shared memory
c196-062:13402:13437 [3] NCCL INFO Channel 04/0 : 19[83000] -> 23[83000] [receive] via NET/IB/0
c196-062:13399:13439 [0] NCCL INFO Channel 05/0 : 16[2000] -> 20[2000] [receive] via NET/IB/0
c196-071:19203:19241 [0] NCCL INFO Channel 03/0 : 24[2000] -> 28[2000] [send] via NET/IB/0
c196-042:16138:16169 [3] NCCL INFO Channel 02/0 : 3[83000] -> 7[83000] [receive] via NET/IB/0
c196-051:13057:13099 [0] NCCL INFO Channel 05/0 : 4[2000] -> 8[2000] [receive] via NET/IB/0
c196-042:16135:16174 [0] NCCL INFO Channel 03/0 : 4[2000] -> 8[2000] [send] via NET/IB/0
c196-061:6882:6919 [0] NCCL INFO Channel 05/0 : 16[2000] -> 20[2000] [send] via NET/IB/0
c196-071:19203:19241 [0] NCCL INFO Channel 05/0 : 24[2000] -> 28[2000] [send] via NET/IB/0
c196-042:16138:16169 [3] NCCL INFO Channel 02/0 : 7[83000] -> 11[83000] [send] via NET/IB/0
c196-042:16135:16174 [0] NCCL INFO Channel 05/0 : 4[2000] -> 8[2000] [send] via NET/IB/0
c196-062:13402:13437 [3] NCCL INFO Channel 00/0 : 15[83000] -> 23[83000] [receive] via NET/IB/0
c196-061:6885:6917 [3] NCCL INFO Channel 02/0 : 7[83000] -> 19[83000] [receive] via NET/IB/0
c196-042:16138:16169 [3] NCCL INFO Channel 04/0 : 7[83000] -> 11[83000] [send] via NET/IB/0
c196-052:980:1036 [0] NCCL INFO Channel 01/0 : 12[2000] -> 20[2000] [send] via NET/IB/0
c196-041:4773:4805 [0] NCCL INFO Channel 01/0 : 24[2000] -> 0[2000] [receive] via NET/IB/0
c196-062:13399:13439 [0] NCCL INFO Channel 01/0 : 12[2000] -> 20[2000] [receive] via NET/IB/0
c196-062:13402:13437 [3] NCCL INFO Channel 04/0 : 15[83000] -> 23[83000] [receive] via NET/IB/0
c196-071:19203:19241 [0] NCCL INFO Channel 01/0 : 24[2000] -> 0[2000] [send] via NET/IB/0
c196-072:29385:29424 [0] NCCL INFO Channel 03/0 : 28[2000] -> 4[2000] [send] via NET/IB/0
c196-061:6882:6919 [0] NCCL INFO Channel 03/0 : 4[2000] -> 16[2000] [receive] via NET/IB/0
c196-051:13057:13099 [0] NCCL INFO Channel 01/0 : 0[2000] -> 8[2000] [receive] via NET/IB/0
c196-042:16135:16174 [0] NCCL INFO Channel 03/0 : 28[2000] -> 4[2000] [receive] via NET/IB/0
c196-052:980:1036 [0] NCCL INFO Channel 05/0 : 12[2000] -> 20[2000] [send] via NET/IB/0
c196-041:4773:4805 [0] NCCL INFO Channel 01/0 : 0[2000] -> 8[2000] [send] via NET/IB/0
c196-062:13399:13439 [0] NCCL INFO Channel 05/0 : 12[2000] -> 20[2000] [receive] via NET/IB/0
c196-041:4776:4812 [3] NCCL INFO Channel 00/0 : 27[83000] -> 3[83000] [receive] via NET/IB/0
c196-051:13057:13099 [0] NCCL INFO Channel 05/0 : 0[2000] -> 8[2000] [receive] via NET/IB/0
c196-051:13060:13094 [3] NCCL INFO Channel 00/0 : 3[83000] -> 11[83000] [receive] via NET/IB/0
c196-052:983:1032 [3] NCCL INFO Channel 00/0 : 3[83000] -> 15[83000] [receive] via NET/IB/0
c196-062:13402:13437 [3] NCCL INFO Channel 04/0 : 11[83000] -> 23[83000] [receive] via NET/IB/0
c196-042:16138:16169 [3] NCCL INFO Channel 02/0 : 31[83000] -> 7[83000] [receive] via NET/IB/0
c196-072:29385:29424 [0] NCCL INFO Channel 05/0 : 28[2000] -> 8[2000] [send] via NET/IB/0
c196-042:16135:16174 [0] NCCL INFO Channel 03/0 : 4[2000] -> 16[2000] [send] via NET/IB/0
c196-041:4773:4805 [0] NCCL INFO Channel 05/0 : 0[2000] -> 8[2000] [send] via NET/IB/0
c196-041:4776:4812 [3] NCCL INFO Channel 00/0 : 3[83000] -> 11[83000] [send] via NET/IB/0
c196-051:13060:13094 [3] NCCL INFO Channel 04/0 : 3[83000] -> 11[83000] [receive] via NET/IB/0
c196-052:980:1036 [0] NCCL INFO Channel 01/0 : 0[2000] -> 12[2000] [receive] via NET/IB/0
c196-062:13399:13439 [0] NCCL INFO Channel 05/0 : 8[2000] -> 20[2000] [receive] via NET/IB/0
c196-072:29388:29420 [3] NCCL INFO Channel 04/0 : 31[83000] -> 11[83000] [send] via NET/IB/0
c196-042:16138:16169 [3] NCCL INFO Channel 02/0 : 7[83000] -> 19[83000] [send] via NET/IB/0
c196-042:16135:16174 [0] NCCL INFO Channel 03/0 : 16[2000] -> 4[2000] [receive] via NET/IB/0
c196-061:6882:6919 [0] NCCL INFO Channel 03/0 : 16[2000] -> 4[2000] [send] via NET/IB/0
c196-041:4776:4812 [3] NCCL INFO Channel 04/0 : 3[83000] -> 11[83000] [send] via NET/IB/0
c196-071:19203:19241 [0] NCCL INFO Channel 01/0 : 0[2000] -> 24[2000] [receive] via NET/IB/0
c196-051:13057:13099 [0] NCCL INFO Channel 05/0 : 28[2000] -> 8[2000] [receive] via NET/IB/0
c196-041:4773:4805 [0] NCCL INFO Channel 01/0 : 0[2000] -> 12[2000] [send] via NET/IB/0
c196-042:16138:16169 [3] NCCL INFO Channel 02/0 : 19[83000] -> 7[83000] [receive] via NET/IB/0
c196-061:6885:6917 [3] NCCL INFO Channel 02/0 : 19[83000] -> 7[83000] [send] via NET/IB/0
c196-061:6882:6919 [0] NCCL INFO Channel 03/0 : 20[2000] -> 16[2000] [receive] via NET/IB/0
c196-042:16135:16174 [0] NCCL INFO Channel 03/0 : 4[2000] -> 28[2000] [send] via NET/IB/0
c196-071:19206:19237 [3] NCCL INFO Channel 00/0 : 3[83000] -> 27[83000] [receive] via NET/IB/0
c196-051:13057:13099 [0] NCCL INFO Channel 05/0 : 8[2000] -> 20[2000] [send] via NET/IB/0
c196-041:4776:4812 [3] NCCL INFO Channel 00/0 : 3[83000] -> 15[83000] [send] via NET/IB/0
c196-041:4773:4805 [0] NCCL INFO Channel 01/0 : 12[2000] -> 0[2000] [receive] via NET/IB/0
c196-051:13060:13094 [3] NCCL INFO Channel 04/0 : 31[83000] -> 11[83000] [receive] via NET/IB/0
c196-052:980:1036 [0] NCCL INFO Channel 01/0 : 12[2000] -> 0[2000] [send] via NET/IB/0
c196-061:6882:6919 [0] NCCL INFO Channel 05/0 : 20[2000] -> 16[2000] [receive] via NET/IB/0
c196-061:6885:6917 [3] NCCL INFO Channel 02/0 : 23[83000] -> 19[83000] [receive] via NET/IB/0
c196-042:16138:16169 [3] NCCL INFO Channel 02/0 : 7[83000] -> 31[83000] [send] via NET/IB/0
c196-051:13060:13094 [3] NCCL INFO Channel 04/0 : 11[83000] -> 23[83000] [send] via NET/IB/0
c196-072:29385:29424 [0] NCCL INFO Channel 05/0 : 8[2000] -> 28[2000] [receive] via NET/IB/0
c196-062:13399:13439 [0] NCCL INFO Channel 05/0 : 20[2000] -> 8[2000] [send] via NET/IB/0
c196-041:4776:4812 [3] NCCL INFO Channel 00/0 : 15[83000] -> 3[83000] [receive] via NET/IB/0
c196-052:983:1032 [3] NCCL INFO Channel 00/0 : 15[83000] -> 3[83000] [send] via NET/IB/0
c196-051:13057:13099 [0] NCCL INFO Channel 05/0 : 20[2000] -> 8[2000] [receive] via NET/IB/0
c196-052:980:1036 [0] NCCL INFO Channel 01/0 : 20[2000] -> 12[2000] [receive] via NET/IB/0
c196-041:4773:4805 [0] NCCL INFO Channel 01/0 : 8[2000] -> 0[2000] [receive] via NET/IB/0
c196-061:6882:6919 [0] NCCL INFO Channel 01/0 : 16[2000] -> 12[2000] [send] via NET/IB/0
c196-061:6885:6917 [3] NCCL INFO Channel 04/0 : 23[83000] -> 19[83000] [receive] via NET/IB/0
c196-072:29388:29420 [3] NCCL INFO Channel 04/0 : 11[83000] -> 31[83000] [receive] via NET/IB/0
c196-051:13057:13099 [0] NCCL INFO Channel 05/0 : 8[2000] -> 28[2000] [send] via NET/IB/0
c196-062:13402:13437 [3] NCCL INFO Channel 04/0 : 23[83000] -> 11[83000] [send] via NET/IB/0
c196-052:980:1036 [0] NCCL INFO Channel 05/0 : 20[2000] -> 12[2000] [receive] via NET/IB/0
c196-041:4773:4805 [0] NCCL INFO Channel 05/0 : 8[2000] -> 0[2000] [receive] via NET/IB/0
c196-061:6882:6919 [0] NCCL INFO Channel 03/0 : 16[2000] -> 12[2000] [send] via NET/IB/0
c196-052:983:1032 [3] NCCL INFO Channel 00/0 : 23[83000] -> 15[83000] [receive] via NET/IB/0
c196-061:6885:6917 [3] NCCL INFO Channel 00/0 : 19[83000] -> 15[83000] [send] via NET/IB/0
c196-041:4776:4812 [3] NCCL INFO Channel 00/0 : 11[83000] -> 3[83000] [receive] via NET/IB/0
c196-051:13060:13094 [3] NCCL INFO Channel 04/0 : 23[83000] -> 11[83000] [receive] via NET/IB/0
c196-041:4773:4805 [0] NCCL INFO Channel 01/0 : 0[2000] -> 24[2000] [send] via NET/IB/0
c196-052:983:1032 [3] NCCL INFO Channel 04/0 : 23[83000] -> 15[83000] [receive] via NET/IB/0
c196-062:13399:13439 [0] NCCL INFO Channel 01/0 : 20[2000] -> 12[2000] [send] via NET/IB/0
c196-041:4776:4812 [3] NCCL INFO Channel 04/0 : 11[83000] -> 3[83000] [receive] via NET/IB/0
c196-061:6885:6917 [3] NCCL INFO Channel 02/0 : 19[83000] -> 15[83000] [send] via NET/IB/0
c196-072:29385:29424 [0] NCCL INFO Channel 03/0 : 4[2000] -> 28[2000] [receive] via NET/IB/0
c196-051:13060:13094 [3] NCCL INFO Channel 04/0 : 11[83000] -> 31[83000] [send] via NET/IB/0
c196-051:13057:13099 [0] NCCL INFO Channel 01/0 : 8[2000] -> 0[2000] [send] via NET/IB/0
c196-062:13399:13439 [0] NCCL INFO Channel 05/0 : 20[2000] -> 12[2000] [send] via NET/IB/0
c196-041:4776:4812 [3] NCCL INFO Channel 00/0 : 3[83000] -> 27[83000] [send] via NET/IB/0
c196-051:13057:13099 [0] NCCL INFO Channel 05/0 : 8[2000] -> 0[2000] [send] via NET/IB/0
c196-042:16135:16174 [0] NCCL INFO Channel 03/0 : 8[2000] -> 4[2000] [receive] via NET/IB/0
c196-072:29385:29424 [0] NCCL INFO Channel 01/0 : 28[2000] -> 24[2000] [send] via NET/IB/0
c196-062:13402:13437 [3] NCCL INFO Channel 00/0 : 23[83000] -> 15[83000] [send] via NET/IB/0
c196-072:29388:29420 [3] NCCL INFO Channel 02/0 : 7[83000] -> 31[83000] [receive] via NET/IB/0
c196-051:13060:13094 [3] NCCL INFO Channel 00/0 : 11[83000] -> 3[83000] [send] via NET/IB/0
c196-042:16135:16174 [0] NCCL INFO Channel 05/0 : 8[2000] -> 4[2000] [receive] via NET/IB/0
c196-072:29385:29424 [0] NCCL INFO Channel 03/0 : 28[2000] -> 24[2000] [send] via NET/IB/0
c196-062:13399:13439 [0] NCCL INFO Channel 03/0 : 20[2000] -> 16[2000] [send] via NET/IB/0
c196-062:13402:13437 [3] NCCL INFO Channel 04/0 : 23[83000] -> 15[83000] [send] via NET/IB/0
c196-052:980:1036 [0] NCCL INFO Channel 01/0 : 16[2000] -> 12[2000] [receive] via NET/IB/0
c196-071:19203:19241 [0] NCCL INFO Channel 01/0 : 28[2000] -> 24[2000] [receive] via NET/IB/0
c196-051:13057:13099 [0] NCCL INFO Channel 03/0 : 8[2000] -> 4[2000] [send] via NET/IB/0
c196-042:16138:16169 [3] NCCL INFO Channel 02/0 : 11[83000] -> 7[83000] [receive] via NET/IB/0
c196-072:29388:29420 [3] NCCL INFO Channel 00/0 : 31[83000] -> 27[83000] [send] via NET/IB/0
c196-041:4773:4805 [0] NCCL INFO Channel 03/0 : 4[2000] -> 0[2000] [receive] via NET/IB/0
c196-051:13060:13094 [3] NCCL INFO Channel 04/0 : 11[83000] -> 3[83000] [send] via NET/IB/0
c196-042:16135:16174 [0] NCCL INFO Channel 03/0 : 4[2000] -> 0[2000] [send] via NET/IB/0
c196-072:29385:29424 [0] NCCL INFO Channel 05/0 : 28[2000] -> 24[2000] [send] via NET/IB/0
c196-062:13399:13439 [0] NCCL INFO Channel 05/0 : 20[2000] -> 16[2000] [send] via NET/IB/0
c196-052:980:1036 [0] NCCL INFO Channel 03/0 : 16[2000] -> 12[2000] [receive] via NET/IB/0
c196-071:19203:19241 [0] NCCL INFO Channel 03/0 : 28[2000] -> 24[2000] [receive] via NET/IB/0
c196-051:13057:13099 [0] NCCL INFO Channel 05/0 : 8[2000] -> 4[2000] [send] via NET/IB/0
c196-042:16138:16169 [3] NCCL INFO Channel 04/0 : 11[83000] -> 7[83000] [receive] via NET/IB/0
c196-072:29388:29420 [3] NCCL INFO Channel 02/0 : 31[83000] -> 27[83000] [send] via NET/IB/0
c196-062:13402:13437 [3] NCCL INFO Channel 02/0 : 23[83000] -> 19[83000] [send] via NET/IB/0
c196-052:983:1032 [3] NCCL INFO Channel 00/0 : 19[83000] -> 15[83000] [receive] via NET/IB/0
c196-071:19206:19237 [3] NCCL INFO Channel 00/0 : 31[83000] -> 27[83000] [receive] via NET/IB/0
c196-041:4776:4812 [3] NCCL INFO Channel 00/0 : 7[83000] -> 3[83000] [receive] via NET/IB/0
c196-051:13060:13094 [3] NCCL INFO Channel 02/0 : 11[83000] -> 7[83000] [send] via NET/IB/0
c196-062:13399:13439 [0] NCCL INFO Connected 1 MSCCL algorithms
c196-062:13399:13439 [0] NCCL INFO NCCL_NTHREADS set by environment to 512.
c196-062:13399:13439 [0] NCCL INFO NCCL_PROTO set by environment to Simple
c196-062:13399:13439 [0] NCCL INFO NCCL_ALGO set by environment to MSCCL,TREE,RING
c196-062:13399:13439 [0] NCCL INFO threadThresholds 8/8/64 | 256/8/64 | 8/8/64 | 8/8/512
c196-062:13399:13439 [0] NCCL INFO 6 coll channels, 2 p2p channels, 2 p2p channels per peer
c196-041:4773:4805 [0] NCCL INFO Connected 1 MSCCL algorithms
c196-071:19203:19241 [0] NCCL INFO Channel 05/0 : 28[2000] -> 24[2000] [receive] via NET/IB/0
c196-041:4773:4805 [0] NCCL INFO NCCL_NTHREADS set by environment to 512.
c196-041:4773:4805 [0] NCCL INFO NCCL_PROTO set by environment to Simple
c196-041:4773:4805 [0] NCCL INFO NCCL_ALGO set by environment to MSCCL,TREE,RING
c196-041:4773:4805 [0] NCCL INFO threadThresholds 8/8/64 | 256/8/64 | 8/8/64 | 8/8/512
c196-041:4773:4805 [0] NCCL INFO 6 coll channels, 2 p2p channels, 2 p2p channels per peer
c196-052:980:1036 [0] NCCL INFO Connected 1 MSCCL algorithms
c196-052:980:1036 [0] NCCL INFO NCCL_NTHREADS set by environment to 512.
c196-052:980:1036 [0] NCCL INFO NCCL_PROTO set by environment to Simple
c196-052:980:1036 [0] NCCL INFO NCCL_ALGO set by environment to MSCCL,TREE,RING
c196-052:980:1036 [0] NCCL INFO threadThresholds 8/8/64 | 256/8/64 | 8/8/64 | 8/8/512
c196-052:980:1036 [0] NCCL INFO 6 coll channels, 2 p2p channels, 2 p2p channels per peer
c196-062:13400:13441 [1] NCCL INFO Connected 1 MSCCL algorithms
c196-062:13400:13441 [1] NCCL INFO NCCL_NTHREADS set by environment to 512.
c196-062:13400:13441 [1] NCCL INFO NCCL_PROTO set by environment to Simple
c196-062:13400:13441 [1] NCCL INFO NCCL_ALGO set by environment to MSCCL,TREE,RING
c196-062:13400:13441 [1] NCCL INFO threadThresholds 8/8/64 | 256/8/64 | 8/8/64 | 8/8/512
c196-062:13400:13441 [1] NCCL INFO 6 coll channels, 2 p2p channels, 2 p2p channels per peer
c196-042:16138:16169 [3] NCCL INFO Channel 00/0 : 7[83000] -> 3[83000] [send] via NET/IB/0
c196-041:4774:4814 [1] NCCL INFO Connected 1 MSCCL algorithms
c196-041:4774:4814 [1] NCCL INFO NCCL_NTHREADS set by environment to 512.
c196-041:4774:4814 [1] NCCL INFO NCCL_PROTO set by environment to Simple
c196-041:4774:4814 [1] NCCL INFO NCCL_ALGO set by environment to MSCCL,TREE,RING
c196-041:4774:4814 [1] NCCL INFO threadThresholds 8/8/64 | 256/8/64 | 8/8/64 | 8/8/512
c196-041:4774:4814 [1] NCCL INFO 6 coll channels, 2 p2p channels, 2 p2p channels per peer
c196-051:13057:13099 [0] NCCL INFO Connected 1 MSCCL algorithms
c196-051:13057:13099 [0] NCCL INFO NCCL_NTHREADS set by environment to 512.
c196-051:13057:13099 [0] NCCL INFO NCCL_PROTO set by environment to Simple
c196-051:13057:13099 [0] NCCL INFO NCCL_ALGO set by environment to MSCCL,TREE,RING
c196-051:13057:13099 [0] NCCL INFO threadThresholds 8/8/64 | 256/8/64 | 8/8/64 | 8/8/512
c196-051:13057:13099 [0] NCCL INFO 6 coll channels, 2 p2p channels, 2 p2p channels per peer
c196-072:29388:29420 [3] NCCL INFO Channel 04/0 : 31[83000] -> 27[83000] [send] via NET/IB/0
c196-052:981:1037 [1] NCCL INFO Connected 1 MSCCL algorithms
c196-052:981:1037 [1] NCCL INFO NCCL_NTHREADS set by environment to 512.
c196-052:981:1037 [1] NCCL INFO NCCL_PROTO set by environment to Simple
c196-052:981:1037 [1] NCCL INFO NCCL_ALGO set by environment to MSCCL,TREE,RING
c196-052:981:1037 [1] NCCL INFO threadThresholds 8/8/64 | 256/8/64 | 8/8/64 | 8/8/512
c196-052:981:1037 [1] NCCL INFO 6 coll channels, 2 p2p channels, 2 p2p channels per peer
c196-062:13402:13437 [3] NCCL INFO Channel 04/0 : 23[83000] -> 19[83000] [send] via NET/IB/0
c196-051:13058:13097 [1] NCCL INFO Connected 1 MSCCL algorithms
c196-051:13058:13097 [1] NCCL INFO NCCL_NTHREADS set by environment to 512.
c196-051:13058:13097 [1] NCCL INFO NCCL_PROTO set by environment to Simple
c196-051:13058:13097 [1] NCCL INFO NCCL_ALGO set by environment to MSCCL,TREE,RING
c196-051:13058:13097 [1] NCCL INFO threadThresholds 8/8/64 | 256/8/64 | 8/8/64 | 8/8/512
c196-051:13058:13097 [1] NCCL INFO 6 coll channels, 2 p2p channels, 2 p2p channels per peer
c196-052:983:1032 [3] NCCL INFO Channel 02/0 : 19[83000] -> 15[83000] [receive] via NET/IB/0
c196-042:16135:16174 [0] NCCL INFO Connected 1 MSCCL algorithms
c196-042:16135:16174 [0] NCCL INFO NCCL_NTHREADS set by environment to 512.
c196-042:16135:16174 [0] NCCL INFO NCCL_PROTO set by environment to Simple
c196-042:16135:16174 [0] NCCL INFO NCCL_ALGO set by environment to MSCCL,TREE,RING
c196-042:16135:16174 [0] NCCL INFO threadThresholds 8/8/64 | 256/8/64 | 8/8/64 | 8/8/512
c196-042:16135:16174 [0] NCCL INFO 6 coll channels, 2 p2p channels, 2 p2p channels per peer
c196-061:6882:6919 [0] NCCL INFO Connected 1 MSCCL algorithms
c196-061:6882:6919 [0] NCCL INFO NCCL_NTHREADS set by environment to 512.
c196-061:6882:6919 [0] NCCL INFO NCCL_PROTO set by environment to Simple
c196-061:6882:6919 [0] NCCL INFO NCCL_ALGO set by environment to MSCCL,TREE,RING
c196-061:6882:6919 [0] NCCL INFO threadThresholds 8/8/64 | 256/8/64 | 8/8/64 | 8/8/512
c196-061:6882:6919 [0] NCCL INFO 6 coll channels, 2 p2p channels, 2 p2p channels per peer
c196-042:16136:16173 [1] NCCL INFO Connected 1 MSCCL algorithms
c196-042:16136:16173 [1] NCCL INFO NCCL_NTHREADS set by environment to 512.
c196-042:16136:16173 [1] NCCL INFO NCCL_PROTO set by environment to Simple
c196-042:16136:16173 [1] NCCL INFO NCCL_ALGO set by environment to MSCCL,TREE,RING
c196-042:16136:16173 [1] NCCL INFO threadThresholds 8/8/64 | 256/8/64 | 8/8/64 | 8/8/512
c196-042:16136:16173 [1] NCCL INFO 6 coll channels, 2 p2p channels, 2 p2p channels per peer
c196-061:6883:6921 [1] NCCL INFO Connected 1 MSCCL algorithms
c196-061:6883:6921 [1] NCCL INFO NCCL_NTHREADS set by environment to 512.
c196-061:6883:6921 [1] NCCL INFO NCCL_PROTO set by environment to Simple
c196-061:6883:6921 [1] NCCL INFO NCCL_ALGO set by environment to MSCCL,TREE,RING
c196-061:6883:6921 [1] NCCL INFO threadThresholds 8/8/64 | 256/8/64 | 8/8/64 | 8/8/512
c196-061:6883:6921 [1] NCCL INFO 6 coll channels, 2 p2p channels, 2 p2p channels per peer
c196-071:19206:19237 [3] NCCL INFO Channel 02/0 : 31[83000] -> 27[83000] [receive] via NET/IB/0
c196-062:13402:13437 [3] NCCL INFO Channel 02 : 23[83000] -> 22[82000] via direct shared memory
c196-062:13402:13437 [3] NCCL INFO Channel 03 : 23[83000] -> 22[82000] via direct shared memory
c196-062:13402:13437 [3] NCCL INFO Channel 04 : 23[83000] -> 22[82000] via direct shared memory
c196-062:13402:13437 [3] NCCL INFO Channel 05 : 23[83000] -> 22[82000] via direct shared memory
c196-052:983:1032 [3] NCCL INFO Channel 02 : 15[83000] -> 14[82000] via direct shared memory
c196-052:983:1032 [3] NCCL INFO Channel 03 : 15[83000] -> 14[82000] via direct shared memory
c196-052:983:1032 [3] NCCL INFO Channel 04 : 15[83000] -> 14[82000] via direct shared memory
c196-052:983:1032 [3] NCCL INFO Channel 05 : 15[83000] -> 14[82000] via direct shared memory
c196-062:13402:13437 [3] NCCL INFO Connected 1 MSCCL algorithms
c196-062:13402:13437 [3] NCCL INFO NCCL_NTHREADS set by environment to 512.
c196-062:13402:13437 [3] NCCL INFO NCCL_PROTO set by environment to Simple
c196-062:13402:13437 [3] NCCL INFO NCCL_ALGO set by environment to MSCCL,TREE,RING
c196-062:13402:13437 [3] NCCL INFO threadThresholds 8/8/64 | 256/8/64 | 8/8/64 | 8/8/512
c196-062:13402:13437 [3] NCCL INFO 6 coll channels, 2 p2p channels, 2 p2p channels per peer
c196-062:13401:13435 [2] NCCL INFO Connected 1 MSCCL algorithms
c196-062:13401:13435 [2] NCCL INFO NCCL_NTHREADS set by environment to 512.
c196-062:13401:13435 [2] NCCL INFO NCCL_PROTO set by environment to Simple
c196-062:13401:13435 [2] NCCL INFO NCCL_ALGO set by environment to MSCCL,TREE,RING
c196-062:13401:13435 [2] NCCL INFO threadThresholds 8/8/64 | 256/8/64 | 8/8/64 | 8/8/512
c196-062:13401:13435 [2] NCCL INFO 6 coll channels, 2 p2p channels, 2 p2p channels per peer
c196-041:4776:4812 [3] NCCL INFO Channel 02/0 : 7[83000] -> 3[83000] [receive] via NET/IB/0
c196-052:983:1032 [3] NCCL INFO Connected 1 MSCCL algorithms
c196-051:13060:13094 [3] NCCL INFO Channel 04/0 : 11[83000] -> 7[83000] [send] via NET/IB/0
c196-052:983:1032 [3] NCCL INFO NCCL_NTHREADS set by environment to 512.
c196-052:983:1032 [3] NCCL INFO NCCL_PROTO set by environment to Simple
c196-052:983:1032 [3] NCCL INFO NCCL_ALGO set by environment to MSCCL,TREE,RING
c196-052:983:1032 [3] NCCL INFO threadThresholds 8/8/64 | 256/8/64 | 8/8/64 | 8/8/512
c196-052:983:1032 [3] NCCL INFO 6 coll channels, 2 p2p channels, 2 p2p channels per peer
c196-052:982:1031 [2] NCCL INFO Connected 1 MSCCL algorithms
c196-052:982:1031 [2] NCCL INFO NCCL_NTHREADS set by environment to 512.
c196-052:982:1031 [2] NCCL INFO NCCL_PROTO set by environment to Simple
c196-052:982:1031 [2] NCCL INFO NCCL_ALGO set by environment to MSCCL,TREE,RING
c196-052:982:1031 [2] NCCL INFO threadThresholds 8/8/64 | 256/8/64 | 8/8/64 | 8/8/512
c196-052:982:1031 [2] NCCL INFO 6 coll channels, 2 p2p channels, 2 p2p channels per peer
c196-061:6885:6917 [3] NCCL INFO Channel 02 : 19[83000] -> 18[82000] via direct shared memory
c196-061:6885:6917 [3] NCCL INFO Channel 03 : 19[83000] -> 18[82000] via direct shared memory
c196-061:6885:6917 [3] NCCL INFO Channel 04 : 19[83000] -> 18[82000] via direct shared memory
c196-061:6885:6917 [3] NCCL INFO Channel 05 : 19[83000] -> 18[82000] via direct shared memory
c196-042:16138:16169 [3] NCCL INFO Channel 02/0 : 7[83000] -> 3[83000] [send] via NET/IB/0
c196-061:6885:6917 [3] NCCL INFO Connected 1 MSCCL algorithms
c196-061:6885:6917 [3] NCCL INFO NCCL_NTHREADS set by environment to 512.
c196-061:6885:6917 [3] NCCL INFO NCCL_PROTO set by environment to Simple
c196-061:6885:6917 [3] NCCL INFO NCCL_ALGO set by environment to MSCCL,TREE,RING
c196-061:6885:6917 [3] NCCL INFO threadThresholds 8/8/64 | 256/8/64 | 8/8/64 | 8/8/512
c196-061:6885:6917 [3] NCCL INFO 6 coll channels, 2 p2p channels, 2 p2p channels per peer
c196-061:6884:6916 [2] NCCL INFO Connected 1 MSCCL algorithms
c196-061:6884:6916 [2] NCCL INFO NCCL_NTHREADS set by environment to 512.
c196-061:6884:6916 [2] NCCL INFO NCCL_PROTO set by environment to Simple
c196-061:6884:6916 [2] NCCL INFO NCCL_ALGO set by environment to MSCCL,TREE,RING
c196-061:6884:6916 [2] NCCL INFO threadThresholds 8/8/64 | 256/8/64 | 8/8/64 | 8/8/512
c196-061:6884:6916 [2] NCCL INFO 6 coll channels, 2 p2p channels, 2 p2p channels per peer
c196-071:19203:19241 [0] NCCL INFO Connected 1 MSCCL algorithms
c196-071:19203:19241 [0] NCCL INFO NCCL_NTHREADS set by environment to 512.
c196-071:19203:19241 [0] NCCL INFO NCCL_PROTO set by environment to Simple
c196-071:19203:19241 [0] NCCL INFO NCCL_ALGO set by environment to MSCCL,TREE,RING
c196-071:19203:19241 [0] NCCL INFO threadThresholds 8/8/64 | 256/8/64 | 8/8/64 | 8/8/512
c196-071:19203:19241 [0] NCCL INFO 6 coll channels, 2 p2p channels, 2 p2p channels per peer
c196-072:29385:29424 [0] NCCL INFO Connected 1 MSCCL algorithms
c196-072:29385:29424 [0] NCCL INFO NCCL_NTHREADS set by environment to 512.
c196-072:29385:29424 [0] NCCL INFO NCCL_PROTO set by environment to Simple
c196-072:29385:29424 [0] NCCL INFO NCCL_ALGO set by environment to MSCCL,TREE,RING
c196-072:29385:29424 [0] NCCL INFO threadThresholds 8/8/64 | 256/8/64 | 8/8/64 | 8/8/512
c196-072:29385:29424 [0] NCCL INFO 6 coll channels, 2 p2p channels, 2 p2p channels per peer
c196-071:19204:19242 [1] NCCL INFO Connected 1 MSCCL algorithms
c196-071:19204:19242 [1] NCCL INFO NCCL_NTHREADS set by environment to 512.
c196-071:19204:19242 [1] NCCL INFO NCCL_PROTO set by environment to Simple
c196-071:19204:19242 [1] NCCL INFO NCCL_ALGO set by environment to MSCCL,TREE,RING
c196-071:19204:19242 [1] NCCL INFO threadThresholds 8/8/64 | 256/8/64 | 8/8/64 | 8/8/512
c196-071:19204:19242 [1] NCCL INFO 6 coll channels, 2 p2p channels, 2 p2p channels per peer
c196-072:29386:29425 [1] NCCL INFO Connected 1 MSCCL algorithms
c196-072:29386:29425 [1] NCCL INFO NCCL_NTHREADS set by environment to 512.
c196-072:29386:29425 [1] NCCL INFO NCCL_PROTO set by environment to Simple
c196-072:29386:29425 [1] NCCL INFO NCCL_ALGO set by environment to MSCCL,TREE,RING
c196-072:29386:29425 [1] NCCL INFO threadThresholds 8/8/64 | 256/8/64 | 8/8/64 | 8/8/512
c196-072:29386:29425 [1] NCCL INFO 6 coll channels, 2 p2p channels, 2 p2p channels per peer
c196-041:4776:4812 [3] NCCL INFO Channel 02 : 3[83000] -> 2[82000] via direct shared memory
c196-071:19206:19237 [3] NCCL INFO Channel 04/0 : 31[83000] -> 27[83000] [receive] via NET/IB/0
c196-041:4776:4812 [3] NCCL INFO Channel 03 : 3[83000] -> 2[82000] via direct shared memory
c196-041:4776:4812 [3] NCCL INFO Channel 04 : 3[83000] -> 2[82000] via direct shared memory
c196-041:4776:4812 [3] NCCL INFO Channel 05 : 3[83000] -> 2[82000] via direct shared memory
c196-051:13060:13094 [3] NCCL INFO Channel 02 : 11[83000] -> 10[82000] via direct shared memory
c196-041:4776:4812 [3] NCCL INFO Connected 1 MSCCL algorithms
c196-051:13060:13094 [3] NCCL INFO Channel 03 : 11[83000] -> 10[82000] via direct shared memory
c196-041:4776:4812 [3] NCCL INFO NCCL_NTHREADS set by environment to 512.
c196-041:4776:4812 [3] NCCL INFO NCCL_PROTO set by environment to Simple
c196-051:13060:13094 [3] NCCL INFO Channel 04 : 11[83000] -> 10[82000] via direct shared memory
