c197-031:14143:14183 [0] NCCL INFO Channel 00/0 : 24[2000] -> 28[2000] [receive] via NET/IB/0
c196-091:28338:28376 [0] NCCL INFO Channel 01/0 : 16[2000] -> 20[2000] [send] via NET/IB/0
c197-101:7736:7775 [0] NCCL INFO Channel 01/0 : 32[2000] -> 36[2000] [receive] via NET/IB/0
c199-112:9783:9823 [0] NCCL INFO Channel 00/0 : 56[2000] -> 60[2000] [receive] via NET/IB/0
c196-072:23387:23427 [0] NCCL INFO Channel 01/0 : 0[2000] -> 4[2000] [receive] via NET/IB/0
c196-081:22645:22683 [0] NCCL INFO Channel 01/0 : 5[3000] -> 8[2000] [receive] via NET/IB/0
c199-072:27366:27401 [0] NCCL INFO Channel 01/0 : 48[2000] -> 52[2000] [receive] via NET/IB/0
c198-011:1768:1808 [0] NCCL INFO Channel 00/0 : 40[2000] -> 44[2000] [receive] via NET/IB/0
c196-101:14510:14543 [3] NCCL INFO Channel 00/0 : 19[83000] -> 23[83000] [receive] via NET/IB/0
c197-031:14146:14182 [3] NCCL INFO Channel 00/0 : 15[83000] -> 31[83000] [receive] via NET/IB/0
c199-112:9786:9819 [3] NCCL INFO Channel 00/0 : 31[83000] -> 63[83000] [receive] via NET/IB/0
c197-101:7739:7772 [3] NCCL INFO Channel 00/0 : 35[83000] -> 39[83000] [receive] via NET/IB/0
c196-082:15246:15283 [3] NCCL INFO Channel 00/0 : 7[83000] -> 15[83000] [receive] via NET/IB/0
c199-072:27369:27403 [3] NCCL INFO Channel 00/0 : 51[83000] -> 55[83000] [receive] via NET/IB/0
c198-011:1771:1804 [3] NCCL INFO Channel 00/0 : 39[83000] -> 47[83000] [receive] via NET/IB/0
c196-072:23390:23423 [3] NCCL INFO Channel 00/0 : 3[83000] -> 7[83000] [receive] via NET/IB/0
c196-081:22648:22679 [3] NCCL INFO Channel 00/0 : 11[83000] -> 13[3000] [send] via NET/IB/0
c197-042:29131:29164 [3] NCCL INFO Channel 00/0 : 35[83000] -> 37[3000] [send] via NET/IB/0
c197-112:25069:25100 [3] NCCL INFO Channel 00/0 : 43[83000] -> 45[3000] [send] via NET/IB/0
c196-091:28341:28373 [3] NCCL INFO Channel 00/0 : 19[83000] -> 21[3000] [send] via NET/IB/0
c199-071:7322:7359 [3] NCCL INFO Channel 00/0 : 51[83000] -> 53[3000] [send] via NET/IB/0
c196-102:5767:5801 [3] NCCL INFO Channel 00/0 : 27[83000] -> 29[3000] [send] via NET/IB/0
c199-092:30086:30119 [3] NCCL INFO Channel 00/0 : 59[83000] -> 61[3000] [send] via NET/IB/0
c196-071:8149:8185 [3] NCCL INFO Channel 00/0 : 3[83000] -> 5[3000] [send] via NET/IB/0
c196-101:14508:14546 [1] NCCL INFO Channel 01/0 : 24[2000] -> 21[3000] [receive] via NET/IB/0
c199-072:27367:27405 [1] NCCL INFO Channel 01/0 : 56[2000] -> 53[3000] [receive] via NET/IB/0
c196-102:5764:5798 [0] NCCL INFO Channel 00/0 : 24[2000] -> 28[2000] [send] via NET/IB/0
c197-112:25066:25105 [0] NCCL INFO Channel 00/0 : 40[2000] -> 44[2000] [send] via NET/IB/0
c196-091:28338:28376 [0] NCCL INFO Channel 00/0 : 16[2000] -> 24[2000] [send] via NET/IB/0
c197-101:7737:7776 [1] NCCL INFO Channel 01/0 : 40[2000] -> 37[3000] [receive] via NET/IB/0
c199-092:30083:30123 [0] NCCL INFO Channel 00/0 : 56[2000] -> 60[2000] [send] via NET/IB/0
c196-071:8146:8178 [0] NCCL INFO Channel 00/0 : 32[2000] -> 0[2000] [receive] via NET/IB/0
c199-071:7319:7355 [0] NCCL INFO Channel 00/0 : 48[2000] -> 56[2000] [send] via NET/IB/0
c197-101:7736:7775 [0] NCCL INFO Channel 00/0 : 36[2000] -> 41[3000] [send] via NET/IB/0
c196-072:23387:23427 [0] NCCL INFO Channel 00/0 : 4[2000] -> 9[3000] [send] via NET/IB/0
c196-072:23388:23425 [1] NCCL INFO Channel 01/0 : 8[2000] -> 5[3000] [receive] via NET/IB/0
c199-072:27366:27401 [0] NCCL INFO Channel 00/0 : 52[2000] -> 57[3000] [send] via NET/IB/0
c196-101:14510:14543 [3] NCCL INFO Channel 00/0 : 23[83000] -> 27[83000] [send] via NET/IB/0
c196-101:14507:14547 [0] NCCL INFO Channel 00/0 : 20[2000] -> 25[3000] [send] via NET/IB/0
c197-042:29128:29167 [0] NCCL INFO Channel 00/0 : 32[2000] -> 48[2000] [send] via NET/IB/0
c197-031:14146:14182 [3] NCCL INFO Channel 00/0 : 31[83000] -> 47[83000] [send] via NET/IB/0
c199-112:9786:9819 [3] NCCL INFO Channel 00/0 : 63[83000] -> 31[83000] [send] via NET/IB/0
c196-081:22645:22683 [0] NCCL INFO Channel 00/0 : 8[2000] -> 12[2000] [send] via NET/IB/0
c196-082:15246:15283 [3] NCCL INFO Channel 00/0 : 15[83000] -> 23[83000] [send] via NET/IB/0
c197-101:7739:7772 [3] NCCL INFO Channel 00/0 : 39[83000] -> 43[83000] [send] via NET/IB/0
c199-072:27369:27403 [3] NCCL INFO Channel 00/0 : 55[83000] -> 59[83000] [send] via NET/IB/0
c198-011:1771:1804 [3] NCCL INFO Channel 00/0 : 47[83000] -> 55[83000] [send] via NET/IB/0
c196-072:23390:23423 [3] NCCL INFO Channel 00/0 : 7[83000] -> 11[83000] [send] via NET/IB/0
c196-071:8146:8178 [0] NCCL INFO Channel 00/0 : 0[2000] -> 32[2000] [send] via NET/IB/0
c196-102:5764:5798 [0] NCCL INFO Channel 00/0 : 16[2000] -> 24[2000] [receive] via NET/IB/0
c197-112:25066:25105 [0] NCCL INFO Channel 00/0 : 40[2000] -> 49[3000] [send] via NET/IB/0
c199-092:30083:30123 [0] NCCL INFO Channel 00/0 : 48[2000] -> 56[2000] [receive] via NET/IB/0
c198-011:1768:1808 [0] NCCL INFO Channel 01/0 : 36[2000] -> 44[2000] [receive] via NET/IB/0
c197-101:7736:7775 [0] NCCL INFO Channel 01/0 : 36[2000] -> 44[2000] [send] via NET/IB/0
c197-031:14143:14183 [0] NCCL INFO Channel 01/0 : 12[2000] -> 28[2000] [receive] via NET/IB/0
c199-112:9783:9823 [0] NCCL INFO Channel 01/0 : 28[2000] -> 60[2000] [receive] via NET/IB/0
c196-072:23387:23427 [0] NCCL INFO Channel 01/0 : 4[2000] -> 12[2000] [send] via NET/IB/0
c199-072:27366:27401 [0] NCCL INFO Channel 01/0 : 45[3000] -> 52[2000] [receive] via NET/IB/0
c197-112:25067:25106 [1] NCCL INFO Channel 00/0 : 41[3000] -> 36[2000] [send] via NET/IB/0
c199-092:30084:30122 [1] NCCL INFO Channel 00/0 : 57[3000] -> 52[2000] [send] via NET/IB/0
c196-081:22645:22683 [0] NCCL INFO Channel 00/0 : 8[2000] -> 17[3000] [send] via NET/IB/0
c196-082:15243:15280 [0] NCCL INFO Channel 01/0 : 4[2000] -> 12[2000] [receive] via NET/IB/0
c196-081:22646:22685 [1] NCCL INFO Channel 00/0 : 9[3000] -> 4[2000] [send] via NET/IB/0
c196-102:5765:5804 [1] NCCL INFO Channel 00/0 : 25[3000] -> 20[2000] [send] via NET/IB/0
c196-101:14507:14547 [0] NCCL INFO Channel 01/0 : 13[3000] -> 20[2000] [receive] via NET/IB/0
c199-112:9783:9823 [0] NCCL INFO Channel 01/0 : 60[2000] -> 28[2000] [send] via NET/IB/0
c197-112:25066:25105 [0] NCCL INFO Channel 00/0 : 49[3000] -> 40[2000] [receive] via NET/IB/0
c196-091:28338:28376 [0] NCCL INFO Channel 00/0 : 16[2000] -> 33[3000] [send] via NET/IB/0
c196-102:5764:5798 [0] NCCL INFO Channel 00/0 : 24[2000] -> 16[2000] [send] via NET/IB/0
c197-101:7736:7775 [0] NCCL INFO Channel 01/0 : 44[2000] -> 36[2000] [receive] via NET/IB/0
c199-071:7319:7355 [0] NCCL INFO Channel 00/0 : 32[2000] -> 48[2000] [receive] via NET/IB/0
c198-011:1769:1807 [1] NCCL INFO Channel 01/0 : 52[2000] -> 45[3000] [receive] via NET/IB/0
c199-092:30083:30123 [0] NCCL INFO Channel 00/0 : 56[2000] -> 48[2000] [send] via NET/IB/0
c196-081:22645:22683 [0] NCCL INFO Channel 00/0 : 17[3000] -> 8[2000] [receive] via NET/IB/0
c199-071:7320:7356 [1] NCCL INFO Channel 00/0 : 49[3000] -> 40[2000] [send] via NET/IB/0
c199-072:27366:27401 [0] NCCL INFO Channel 01/0 : 52[2000] -> 45[3000] [send] via NET/IB/0
c198-011:1768:1808 [0] NCCL INFO Channel 01/0 : 29[3000] -> 44[2000] [receive] via NET/IB/0
c196-091:28339:28378 [1] NCCL INFO Channel 00/0 : 17[3000] -> 8[2000] [send] via NET/IB/0
c196-072:23387:23427 [0] NCCL INFO Channel 01/0 : 12[2000] -> 4[2000] [receive] via NET/IB/0
c196-082:15243:15280 [0] NCCL INFO Channel 01/0 : 12[2000] -> 28[2000] [send] via NET/IB/0
c196-082:15244:15284 [1] NCCL INFO Channel 01/0 : 20[2000] -> 13[3000] [receive] via NET/IB/0
c196-101:14507:14547 [0] NCCL INFO Channel 01/0 : 20[2000] -> 13[3000] [send] via NET/IB/0
c199-071:7320:7356 [1] NCCL INFO Channel 00 : 49[3000] -> 48[2000] via direct shared memory
c199-071:7320:7356 [1] NCCL INFO Channel 01 : 49[3000] -> 48[2000] via direct shared memory
c196-091:28339:28378 [1] NCCL INFO Channel 00 : 17[3000] -> 16[2000] via direct shared memory
c196-091:28339:28378 [1] NCCL INFO Channel 01 : 17[3000] -> 16[2000] via direct shared memory
c198-011:1769:1807 [1] NCCL INFO Channel 00 : 45[3000] -> 44[2000] via direct shared memory
c198-011:1769:1807 [1] NCCL INFO Channel 01 : 45[3000] -> 44[2000] via direct shared memory
c199-071:7321:7357 [2] NCCL INFO Connected all trees
c199-071:7321:7357 [2] NCCL INFO MSCCL_XML_FILES set by environment to /home1/09168/ldai1/ccl-build/msccl_tools_lyd/examples/xml/xml_lyd/allredcue_basic_binary_tree_64gpus.xml
c199-071:7321:7357 [2] NCCL INFO MSCCL: Parsing algorithm /home1/09168/ldai1/ccl-build/msccl_tools_lyd/examples/xml/xml_lyd/allredcue_basic_binary_tree_64gpus.xml
c196-091:28340:28374 [2] NCCL INFO Connected all trees
c196-091:28340:28374 [2] NCCL INFO MSCCL_XML_FILES set by environment to /home1/09168/ldai1/ccl-build/msccl_tools_lyd/examples/xml/xml_lyd/allredcue_basic_binary_tree_64gpus.xml
c196-091:28340:28374 [2] NCCL INFO MSCCL: Parsing algorithm /home1/09168/ldai1/ccl-build/msccl_tools_lyd/examples/xml/xml_lyd/allredcue_basic_binary_tree_64gpus.xml
c198-011:1770:1803 [2] NCCL INFO Connected all trees
c198-011:1770:1803 [2] NCCL INFO MSCCL_XML_FILES set by environment to /home1/09168/ldai1/ccl-build/msccl_tools_lyd/examples/xml/xml_lyd/allredcue_basic_binary_tree_64gpus.xml
c198-011:1770:1803 [2] NCCL INFO MSCCL: Parsing algorithm /home1/09168/ldai1/ccl-build/msccl_tools_lyd/examples/xml/xml_lyd/allredcue_basic_binary_tree_64gpus.xml
c199-071:7321:7357 [2] NCCL INFO Parsed MSCCL Algorithm /home1/09168/ldai1/ccl-build/msccl_tools_lyd/examples/xml/xml_lyd/allredcue_basic_binary_tree_64gpus.xml successfully.
c196-091:28340:28374 [2] NCCL INFO Parsed MSCCL Algorithm /home1/09168/ldai1/ccl-build/msccl_tools_lyd/examples/xml/xml_lyd/allredcue_basic_binary_tree_64gpus.xml successfully.
c196-082:15244:15284 [1] NCCL INFO Channel 00 : 13[3000] -> 12[2000] via direct shared memory
c196-082:15244:15284 [1] NCCL INFO Channel 01 : 13[3000] -> 12[2000] via direct shared memory
c198-011:1770:1803 [2] NCCL INFO Parsed MSCCL Algorithm /home1/09168/ldai1/ccl-build/msccl_tools_lyd/examples/xml/xml_lyd/allredcue_basic_binary_tree_64gpus.xml successfully.
c199-071:7321:7357 [2] NCCL INFO Channel 00/0 : 50[82000] -> 52[2000] [send] via NET/IB/0
c196-082:15245:15282 [2] NCCL INFO Connected all trees
c196-082:15245:15282 [2] NCCL INFO MSCCL_XML_FILES set by environment to /home1/09168/ldai1/ccl-build/msccl_tools_lyd/examples/xml/xml_lyd/allredcue_basic_binary_tree_64gpus.xml
c196-082:15245:15282 [2] NCCL INFO MSCCL: Parsing algorithm /home1/09168/ldai1/ccl-build/msccl_tools_lyd/examples/xml/xml_lyd/allredcue_basic_binary_tree_64gpus.xml
c196-091:28340:28374 [2] NCCL INFO Channel 00/0 : 18[82000] -> 20[2000] [send] via NET/IB/0
c196-082:15245:15282 [2] NCCL INFO Parsed MSCCL Algorithm /home1/09168/ldai1/ccl-build/msccl_tools_lyd/examples/xml/xml_lyd/allredcue_basic_binary_tree_64gpus.xml successfully.
c196-091:28338:28376 [0] NCCL INFO Channel 00/0 : 33[3000] -> 16[2000] [receive] via NET/IB/0
c197-042:29129:29168 [1] NCCL INFO Channel 00/0 : 33[3000] -> 16[2000] [send] via NET/IB/0
c199-072:27366:27401 [0] NCCL INFO Channel 00/0 : 57[3000] -> 52[2000] [receive] via NET/IB/0
c197-042:29128:29167 [0] NCCL INFO Channel 00/0 : 0[2000] -> 32[2000] [receive] via NET/IB/0
c197-031:14144:14177 [1] NCCL INFO Channel 01/0 : 44[2000] -> 29[3000] [receive] via NET/IB/0
c197-112:25066:25105 [0] NCCL INFO Channel 00/0 : 44[2000] -> 40[2000] [receive] via NET/IB/0
c196-081:22645:22683 [0] NCCL INFO Channel 00/0 : 12[2000] -> 8[2000] [receive] via NET/IB/0
c199-071:7319:7355 [0] NCCL INFO Channel 00/0 : 48[2000] -> 32[2000] [send] via NET/IB/0
c198-011:1768:1808 [0] NCCL INFO Channel 01/0 : 44[2000] -> 29[3000] [send] via NET/IB/0
c196-082:15243:15280 [0] NCCL INFO Channel 01/0 : 28[2000] -> 12[2000] [receive] via NET/IB/0
c197-031:14143:14183 [0] NCCL INFO Channel 01/0 : 60[2000] -> 28[2000] [receive] via NET/IB/0
c196-101:14507:14547 [0] NCCL INFO Channel 00/0 : 25[3000] -> 20[2000] [receive] via NET/IB/0
c197-042:29129:29168 [1] NCCL INFO Channel 00 : 33[3000] -> 32[2000] via direct shared memory
c197-042:29129:29168 [1] NCCL INFO Channel 01 : 33[3000] -> 32[2000] via direct shared memory
c197-042:29130:29162 [2] NCCL INFO Connected all trees
c197-042:29130:29162 [2] NCCL INFO MSCCL_XML_FILES set by environment to /home1/09168/ldai1/ccl-build/msccl_tools_lyd/examples/xml/xml_lyd/allredcue_basic_binary_tree_64gpus.xml
c197-042:29130:29162 [2] NCCL INFO MSCCL: Parsing algorithm /home1/09168/ldai1/ccl-build/msccl_tools_lyd/examples/xml/xml_lyd/allredcue_basic_binary_tree_64gpus.xml
c199-092:30084:30122 [1] NCCL INFO Channel 00 : 57[3000] -> 56[2000] via direct shared memory
c199-092:30084:30122 [1] NCCL INFO Channel 01 : 57[3000] -> 56[2000] via direct shared memory
c197-031:14144:14177 [1] NCCL INFO Channel 00 : 29[3000] -> 28[2000] via direct shared memory
c197-031:14144:14177 [1] NCCL INFO Channel 01 : 29[3000] -> 28[2000] via direct shared memory
c199-092:30085:30117 [2] NCCL INFO Connected all trees
c199-092:30085:30117 [2] NCCL INFO MSCCL_XML_FILES set by environment to /home1/09168/ldai1/ccl-build/msccl_tools_lyd/examples/xml/xml_lyd/allredcue_basic_binary_tree_64gpus.xml
c199-092:30085:30117 [2] NCCL INFO MSCCL: Parsing algorithm /home1/09168/ldai1/ccl-build/msccl_tools_lyd/examples/xml/xml_lyd/allredcue_basic_binary_tree_64gpus.xml
c197-031:14145:14179 [2] NCCL INFO Connected all trees
c197-031:14145:14179 [2] NCCL INFO MSCCL_XML_FILES set by environment to /home1/09168/ldai1/ccl-build/msccl_tools_lyd/examples/xml/xml_lyd/allredcue_basic_binary_tree_64gpus.xml
c197-031:14145:14179 [2] NCCL INFO MSCCL: Parsing algorithm /home1/09168/ldai1/ccl-build/msccl_tools_lyd/examples/xml/xml_lyd/allredcue_basic_binary_tree_64gpus.xml
c197-042:29130:29162 [2] NCCL INFO Parsed MSCCL Algorithm /home1/09168/ldai1/ccl-build/msccl_tools_lyd/examples/xml/xml_lyd/allredcue_basic_binary_tree_64gpus.xml successfully.
c196-102:5765:5804 [1] NCCL INFO Channel 00 : 25[3000] -> 24[2000] via direct shared memory
c196-102:5765:5804 [1] NCCL INFO Channel 01 : 25[3000] -> 24[2000] via direct shared memory
c197-042:29130:29162 [2] NCCL INFO Channel 00/0 : 34[82000] -> 36[2000] [send] via NET/IB/0
c199-092:30085:30117 [2] NCCL INFO Parsed MSCCL Algorithm /home1/09168/ldai1/ccl-build/msccl_tools_lyd/examples/xml/xml_lyd/allredcue_basic_binary_tree_64gpus.xml successfully.
c197-031:14145:14179 [2] NCCL INFO Parsed MSCCL Algorithm /home1/09168/ldai1/ccl-build/msccl_tools_lyd/examples/xml/xml_lyd/allredcue_basic_binary_tree_64gpus.xml successfully.
c199-092:30085:30117 [2] NCCL INFO Channel 00/0 : 58[82000] -> 60[2000] [send] via NET/IB/0
c196-102:5766:5802 [2] NCCL INFO Connected all trees
c196-102:5766:5802 [2] NCCL INFO MSCCL_XML_FILES set by environment to /home1/09168/ldai1/ccl-build/msccl_tools_lyd/examples/xml/xml_lyd/allredcue_basic_binary_tree_64gpus.xml
c196-102:5766:5802 [2] NCCL INFO MSCCL: Parsing algorithm /home1/09168/ldai1/ccl-build/msccl_tools_lyd/examples/xml/xml_lyd/allredcue_basic_binary_tree_64gpus.xml
c197-042:29128:29167 [0] NCCL INFO Channel 00/0 : 32[2000] -> 0[2000] [send] via NET/IB/0
c196-102:5766:5802 [2] NCCL INFO Parsed MSCCL Algorithm /home1/09168/ldai1/ccl-build/msccl_tools_lyd/examples/xml/xml_lyd/allredcue_basic_binary_tree_64gpus.xml successfully.
c197-031:14143:14183 [0] NCCL INFO Channel 01/0 : 28[2000] -> 60[2000] [send] via NET/IB/0
c196-102:5766:5802 [2] NCCL INFO Channel 00/0 : 26[82000] -> 28[2000] [send] via NET/IB/0
c199-072:27366:27401 [0] NCCL INFO Channel 01/0 : 52[2000] -> 48[2000] [send] via NET/IB/0
c196-091:28338:28376 [0] NCCL INFO Channel 00/0 : 24[2000] -> 16[2000] [receive] via NET/IB/0
c198-011:1768:1808 [0] NCCL INFO Channel 01/0 : 44[2000] -> 36[2000] [send] via NET/IB/0
c196-101:14507:14547 [0] NCCL INFO Channel 01/0 : 20[2000] -> 16[2000] [send] via NET/IB/0
c196-071:8146:8178 [0] NCCL INFO Channel 01/0 : 4[2000] -> 0[2000] [receive] via NET/IB/0
c196-102:5764:5798 [0] NCCL INFO Channel 00/0 : 28[2000] -> 24[2000] [receive] via NET/IB/0
c197-042:29128:29167 [0] NCCL INFO Channel 00/0 : 48[2000] -> 32[2000] [receive] via NET/IB/0
c198-011:1768:1808 [0] NCCL INFO Channel 00/0 : 44[2000] -> 40[2000] [send] via NET/IB/0
c196-091:28338:28376 [0] NCCL INFO Channel 01/0 : 20[2000] -> 16[2000] [receive] via NET/IB/0
c197-101:7736:7775 [0] NCCL INFO Channel 00/0 : 41[3000] -> 36[2000] [receive] via NET/IB/0
c199-112:9783:9823 [0] NCCL INFO Channel 00/0 : 60[2000] -> 56[2000] [send] via NET/IB/0
c197-031:14143:14183 [0] NCCL INFO Channel 01/0 : 28[2000] -> 12[2000] [send] via NET/IB/0
c198-011:1768:1808 [0] NCCL INFO Connected all trees
c198-011:1768:1808 [0] NCCL INFO MSCCL_XML_FILES set by environment to /home1/09168/ldai1/ccl-build/msccl_tools_lyd/examples/xml/xml_lyd/allredcue_basic_binary_tree_64gpus.xml
c198-011:1768:1808 [0] NCCL INFO MSCCL: Parsing algorithm /home1/09168/ldai1/ccl-build/msccl_tools_lyd/examples/xml/xml_lyd/allredcue_basic_binary_tree_64gpus.xml
c196-091:28338:28376 [0] NCCL INFO Connected all trees
c196-091:28338:28376 [0] NCCL INFO MSCCL_XML_FILES set by environment to /home1/09168/ldai1/ccl-build/msccl_tools_lyd/examples/xml/xml_lyd/allredcue_basic_binary_tree_64gpus.xml
c196-091:28338:28376 [0] NCCL INFO MSCCL: Parsing algorithm /home1/09168/ldai1/ccl-build/msccl_tools_lyd/examples/xml/xml_lyd/allredcue_basic_binary_tree_64gpus.xml
c197-112:25067:25106 [1] NCCL INFO Channel 00 : 41[3000] -> 40[2000] via direct shared memory
c197-112:25067:25106 [1] NCCL INFO Channel 01 : 41[3000] -> 40[2000] via direct shared memory
c198-011:1769:1807 [1] NCCL INFO Connected all trees
c198-011:1769:1807 [1] NCCL INFO MSCCL_XML_FILES set by environment to /home1/09168/ldai1/ccl-build/msccl_tools_lyd/examples/xml/xml_lyd/allredcue_basic_binary_tree_64gpus.xml
c198-011:1769:1807 [1] NCCL INFO MSCCL: Parsing algorithm /home1/09168/ldai1/ccl-build/msccl_tools_lyd/examples/xml/xml_lyd/allredcue_basic_binary_tree_64gpus.xml
c196-091:28339:28378 [1] NCCL INFO Connected all trees
c196-091:28339:28378 [1] NCCL INFO MSCCL_XML_FILES set by environment to /home1/09168/ldai1/ccl-build/msccl_tools_lyd/examples/xml/xml_lyd/allredcue_basic_binary_tree_64gpus.xml
c196-091:28339:28378 [1] NCCL INFO MSCCL: Parsing algorithm /home1/09168/ldai1/ccl-build/msccl_tools_lyd/examples/xml/xml_lyd/allredcue_basic_binary_tree_64gpus.xml
c197-112:25068:25102 [2] NCCL INFO Connected all trees
c197-112:25068:25102 [2] NCCL INFO MSCCL_XML_FILES set by environment to /home1/09168/ldai1/ccl-build/msccl_tools_lyd/examples/xml/xml_lyd/allredcue_basic_binary_tree_64gpus.xml
c197-112:25068:25102 [2] NCCL INFO MSCCL: Parsing algorithm /home1/09168/ldai1/ccl-build/msccl_tools_lyd/examples/xml/xml_lyd/allredcue_basic_binary_tree_64gpus.xml
c198-011:1768:1808 [0] NCCL INFO Parsed MSCCL Algorithm /home1/09168/ldai1/ccl-build/msccl_tools_lyd/examples/xml/xml_lyd/allredcue_basic_binary_tree_64gpus.xml successfully.
c196-091:28338:28376 [0] NCCL INFO Parsed MSCCL Algorithm /home1/09168/ldai1/ccl-build/msccl_tools_lyd/examples/xml/xml_lyd/allredcue_basic_binary_tree_64gpus.xml successfully.
c196-091:28339:28378 [1] NCCL INFO Parsed MSCCL Algorithm /home1/09168/ldai1/ccl-build/msccl_tools_lyd/examples/xml/xml_lyd/allredcue_basic_binary_tree_64gpus.xml successfully.
c196-091:28339:28378 [1] NCCL INFO Channel 00 : 17[3000] -> 19[83000] via direct shared memory
c198-011:1769:1807 [1] NCCL INFO Parsed MSCCL Algorithm /home1/09168/ldai1/ccl-build/msccl_tools_lyd/examples/xml/xml_lyd/allredcue_basic_binary_tree_64gpus.xml successfully.
c198-011:1769:1807 [1] NCCL INFO Channel 00/0 : 43[83000] -> 45[3000] [receive] via NET/IB/0
c197-112:25068:25102 [2] NCCL INFO Parsed MSCCL Algorithm /home1/09168/ldai1/ccl-build/msccl_tools_lyd/examples/xml/xml_lyd/allredcue_basic_binary_tree_64gpus.xml successfully.
c197-112:25068:25102 [2] NCCL INFO Channel 00/0 : 42[82000] -> 44[2000] [send] via NET/IB/0
c199-071:7319:7355 [0] NCCL INFO Channel 00/0 : 56[2000] -> 48[2000] [receive] via NET/IB/0
c197-042:29128:29167 [0] NCCL INFO Channel 01/0 : 36[2000] -> 32[2000] [receive] via NET/IB/0
c197-112:25066:25105 [0] NCCL INFO Channel 01/0 : 40[2000] -> 37[3000] [send] via NET/IB/0
c197-101:7736:7775 [0] NCCL INFO Channel 01/0 : 36[2000] -> 32[2000] [send] via NET/IB/0
c197-031:14143:14183 [0] NCCL INFO Channel 00/0 : 28[2000] -> 24[2000] [send] via NET/IB/0
c196-082:15243:15280 [0] NCCL INFO Channel 01/0 : 12[2000] -> 4[2000] [send] via NET/IB/0
c198-011:1768:1808 [0] NCCL INFO Channel 00/0 : 42[82000] -> 44[2000] [receive] via NET/IB/0
c198-011:1768:1808 [0] NCCL INFO Channel 00 : 44[2000] -> 46[82000] via direct shared memory
c197-112:25066:25105 [0] NCCL INFO Connected all trees
c197-112:25066:25105 [0] NCCL INFO MSCCL_XML_FILES set by environment to /home1/09168/ldai1/ccl-build/msccl_tools_lyd/examples/xml/xml_lyd/allredcue_basic_binary_tree_64gpus.xml
c196-091:28338:28376 [0] NCCL INFO Channel 00/0 : 8[2000] -> 16[2000] [receive] via NET/IB/0
c197-112:25066:25105 [0] NCCL INFO MSCCL: Parsing algorithm /home1/09168/ldai1/ccl-build/msccl_tools_lyd/examples/xml/xml_lyd/allredcue_basic_binary_tree_64gpus.xml
c198-011:1770:1803 [2] NCCL INFO Channel 00 : 46[82000] -> 44[2000] via direct shared memory
c197-101:7737:7776 [1] NCCL INFO Channel 00 : 37[3000] -> 36[2000] via direct shared memory
c197-101:7737:7776 [1] NCCL INFO Channel 01 : 37[3000] -> 36[2000] via direct shared memory
c197-042:29128:29167 [0] NCCL INFO Connected all trees
c197-042:29128:29167 [0] NCCL INFO MSCCL_XML_FILES set by environment to /home1/09168/ldai1/ccl-build/msccl_tools_lyd/examples/xml/xml_lyd/allredcue_basic_binary_tree_64gpus.xml
c197-042:29128:29167 [0] NCCL INFO MSCCL: Parsing algorithm /home1/09168/ldai1/ccl-build/msccl_tools_lyd/examples/xml/xml_lyd/allredcue_basic_binary_tree_64gpus.xml
c197-101:7736:7775 [0] NCCL INFO Connected all trees
c197-101:7736:7775 [0] NCCL INFO MSCCL_XML_FILES set by environment to /home1/09168/ldai1/ccl-build/msccl_tools_lyd/examples/xml/xml_lyd/allredcue_basic_binary_tree_64gpus.xml
c197-101:7736:7775 [0] NCCL INFO MSCCL: Parsing algorithm /home1/09168/ldai1/ccl-build/msccl_tools_lyd/examples/xml/xml_lyd/allredcue_basic_binary_tree_64gpus.xml
c197-112:25067:25106 [1] NCCL INFO Connected all trees
c197-112:25067:25106 [1] NCCL INFO MSCCL_XML_FILES set by environment to /home1/09168/ldai1/ccl-build/msccl_tools_lyd/examples/xml/xml_lyd/allredcue_basic_binary_tree_64gpus.xml
c197-112:25067:25106 [1] NCCL INFO MSCCL: Parsing algorithm /home1/09168/ldai1/ccl-build/msccl_tools_lyd/examples/xml/xml_lyd/allredcue_basic_binary_tree_64gpus.xml
c197-042:29129:29168 [1] NCCL INFO Connected all trees
c197-042:29129:29168 [1] NCCL INFO MSCCL_XML_FILES set by environment to /home1/09168/ldai1/ccl-build/msccl_tools_lyd/examples/xml/xml_lyd/allredcue_basic_binary_tree_64gpus.xml
c197-042:29129:29168 [1] NCCL INFO MSCCL: Parsing algorithm /home1/09168/ldai1/ccl-build/msccl_tools_lyd/examples/xml/xml_lyd/allredcue_basic_binary_tree_64gpus.xml
c197-101:7737:7776 [1] NCCL INFO Connected all trees
c197-101:7737:7776 [1] NCCL INFO MSCCL_XML_FILES set by environment to /home1/09168/ldai1/ccl-build/msccl_tools_lyd/examples/xml/xml_lyd/allredcue_basic_binary_tree_64gpus.xml
c197-101:7737:7776 [1] NCCL INFO MSCCL: Parsing algorithm /home1/09168/ldai1/ccl-build/msccl_tools_lyd/examples/xml/xml_lyd/allredcue_basic_binary_tree_64gpus.xml
c197-101:7738:7771 [2] NCCL INFO Connected all trees
c197-101:7738:7771 [2] NCCL INFO MSCCL_XML_FILES set by environment to /home1/09168/ldai1/ccl-build/msccl_tools_lyd/examples/xml/xml_lyd/allredcue_basic_binary_tree_64gpus.xml
c197-101:7738:7771 [2] NCCL INFO MSCCL: Parsing algorithm /home1/09168/ldai1/ccl-build/msccl_tools_lyd/examples/xml/xml_lyd/allredcue_basic_binary_tree_64gpus.xml
c197-031:14143:14183 [0] NCCL INFO Connected all trees
c197-031:14143:14183 [0] NCCL INFO MSCCL_XML_FILES set by environment to /home1/09168/ldai1/ccl-build/msccl_tools_lyd/examples/xml/xml_lyd/allredcue_basic_binary_tree_64gpus.xml
c197-031:14143:14183 [0] NCCL INFO MSCCL: Parsing algorithm /home1/09168/ldai1/ccl-build/msccl_tools_lyd/examples/xml/xml_lyd/allredcue_basic_binary_tree_64gpus.xml
c197-112:25066:25105 [0] NCCL INFO Parsed MSCCL Algorithm /home1/09168/ldai1/ccl-build/msccl_tools_lyd/examples/xml/xml_lyd/allredcue_basic_binary_tree_64gpus.xml successfully.
c197-042:29128:29167 [0] NCCL INFO Parsed MSCCL Algorithm /home1/09168/ldai1/ccl-build/msccl_tools_lyd/examples/xml/xml_lyd/allredcue_basic_binary_tree_64gpus.xml successfully.
c197-101:7736:7775 [0] NCCL INFO Parsed MSCCL Algorithm /home1/09168/ldai1/ccl-build/msccl_tools_lyd/examples/xml/xml_lyd/allredcue_basic_binary_tree_64gpus.xml successfully.
c197-112:25067:25106 [1] NCCL INFO Parsed MSCCL Algorithm /home1/09168/ldai1/ccl-build/msccl_tools_lyd/examples/xml/xml_lyd/allredcue_basic_binary_tree_64gpus.xml successfully.
c197-112:25067:25106 [1] NCCL INFO Channel 00 : 41[3000] -> 43[83000] via direct shared memory
c197-031:14144:14177 [1] NCCL INFO Connected all trees
c197-031:14144:14177 [1] NCCL INFO MSCCL_XML_FILES set by environment to /home1/09168/ldai1/ccl-build/msccl_tools_lyd/examples/xml/xml_lyd/allredcue_basic_binary_tree_64gpus.xml
c197-031:14144:14177 [1] NCCL INFO MSCCL: Parsing algorithm /home1/09168/ldai1/ccl-build/msccl_tools_lyd/examples/xml/xml_lyd/allredcue_basic_binary_tree_64gpus.xml
c197-101:7737:7776 [1] NCCL INFO Parsed MSCCL Algorithm /home1/09168/ldai1/ccl-build/msccl_tools_lyd/examples/xml/xml_lyd/allredcue_basic_binary_tree_64gpus.xml successfully.
c197-042:29129:29168 [1] NCCL INFO Parsed MSCCL Algorithm /home1/09168/ldai1/ccl-build/msccl_tools_lyd/examples/xml/xml_lyd/allredcue_basic_binary_tree_64gpus.xml successfully.
c197-042:29129:29168 [1] NCCL INFO Channel 00 : 33[3000] -> 35[83000] via direct shared memory
c197-101:7738:7771 [2] NCCL INFO Parsed MSCCL Algorithm /home1/09168/ldai1/ccl-build/msccl_tools_lyd/examples/xml/xml_lyd/allredcue_basic_binary_tree_64gpus.xml successfully.
c197-031:14143:14183 [0] NCCL INFO Parsed MSCCL Algorithm /home1/09168/ldai1/ccl-build/msccl_tools_lyd/examples/xml/xml_lyd/allredcue_basic_binary_tree_64gpus.xml successfully.
c197-031:14144:14177 [1] NCCL INFO Parsed MSCCL Algorithm /home1/09168/ldai1/ccl-build/msccl_tools_lyd/examples/xml/xml_lyd/allredcue_basic_binary_tree_64gpus.xml successfully.
c197-031:14144:14177 [1] NCCL INFO Channel 00/0 : 27[83000] -> 29[3000] [receive] via NET/IB/0
c199-092:30083:30123 [0] NCCL INFO Channel 00/0 : 60[2000] -> 56[2000] [receive] via NET/IB/0
c199-071:7319:7355 [0] NCCL INFO Channel 01/0 : 52[2000] -> 48[2000] [receive] via NET/IB/0
c196-082:15243:15280 [0] NCCL INFO Channel 00/0 : 12[2000] -> 8[2000] [send] via NET/IB/0
c196-102:5764:5798 [0] NCCL INFO Channel 01/0 : 24[2000] -> 21[3000] [send] via NET/IB/0
c196-072:23387:23427 [0] NCCL INFO Channel 00/0 : 9[3000] -> 4[2000] [receive] via NET/IB/0
c199-112:9783:9823 [0] NCCL INFO Connected all trees
c199-112:9783:9823 [0] NCCL INFO MSCCL_XML_FILES set by environment to /home1/09168/ldai1/ccl-build/msccl_tools_lyd/examples/xml/xml_lyd/allredcue_basic_binary_tree_64gpus.xml
c199-112:9783:9823 [0] NCCL INFO MSCCL: Parsing algorithm /home1/09168/ldai1/ccl-build/msccl_tools_lyd/examples/xml/xml_lyd/allredcue_basic_binary_tree_64gpus.xml
c199-071:7319:7355 [0] NCCL INFO Connected all trees
c199-071:7319:7355 [0] NCCL INFO MSCCL_XML_FILES set by environment to /home1/09168/ldai1/ccl-build/msccl_tools_lyd/examples/xml/xml_lyd/allredcue_basic_binary_tree_64gpus.xml
c199-071:7319:7355 [0] NCCL INFO MSCCL: Parsing algorithm /home1/09168/ldai1/ccl-build/msccl_tools_lyd/examples/xml/xml_lyd/allredcue_basic_binary_tree_64gpus.xml
c197-112:25068:25102 [2] NCCL INFO Channel 00/0 : 44[2000] -> 42[82000] [receive] via NET/IB/0
c199-112:9784:9822 [1] NCCL INFO Connected all trees
c199-112:9784:9822 [1] NCCL INFO MSCCL_XML_FILES set by environment to /home1/09168/ldai1/ccl-build/msccl_tools_lyd/examples/xml/xml_lyd/allredcue_basic_binary_tree_64gpus.xml
c199-112:9784:9822 [1] NCCL INFO MSCCL: Parsing algorithm /home1/09168/ldai1/ccl-build/msccl_tools_lyd/examples/xml/xml_lyd/allredcue_basic_binary_tree_64gpus.xml
c197-042:29128:29167 [0] NCCL INFO Channel 00/0 : 16[2000] -> 32[2000] [receive] via NET/IB/0
c197-112:25066:25105 [0] NCCL INFO Channel 00/0 : 36[2000] -> 40[2000] [receive] via NET/IB/0
c199-071:7320:7356 [1] NCCL INFO Connected all trees
c199-071:7320:7356 [1] NCCL INFO MSCCL_XML_FILES set by environment to /home1/09168/ldai1/ccl-build/msccl_tools_lyd/examples/xml/xml_lyd/allredcue_basic_binary_tree_64gpus.xml
c199-071:7320:7356 [1] NCCL INFO MSCCL: Parsing algorithm /home1/09168/ldai1/ccl-build/msccl_tools_lyd/examples/xml/xml_lyd/allredcue_basic_binary_tree_64gpus.xml
c197-101:7736:7775 [0] NCCL INFO Channel 00/0 : 34[82000] -> 36[2000] [receive] via NET/IB/0
c197-101:7736:7775 [0] NCCL INFO Channel 00 : 36[2000] -> 38[82000] via direct shared memory
c199-112:9783:9823 [0] NCCL INFO Parsed MSCCL Algorithm /home1/09168/ldai1/ccl-build/msccl_tools_lyd/examples/xml/xml_lyd/allredcue_basic_binary_tree_64gpus.xml successfully.
c197-101:7738:7771 [2] NCCL INFO Channel 00 : 38[82000] -> 36[2000] via direct shared memory
c199-071:7319:7355 [0] NCCL INFO Parsed MSCCL Algorithm /home1/09168/ldai1/ccl-build/msccl_tools_lyd/examples/xml/xml_lyd/allredcue_basic_binary_tree_64gpus.xml successfully.
c197-101:7737:7776 [1] NCCL INFO Channel 00/0 : 35[83000] -> 37[3000] [receive] via NET/IB/0
c199-112:9784:9822 [1] NCCL INFO Parsed MSCCL Algorithm /home1/09168/ldai1/ccl-build/msccl_tools_lyd/examples/xml/xml_lyd/allredcue_basic_binary_tree_64gpus.xml successfully.
c196-082:15243:15280 [0] NCCL INFO Connected all trees
c196-082:15243:15280 [0] NCCL INFO MSCCL_XML_FILES set by environment to /home1/09168/ldai1/ccl-build/msccl_tools_lyd/examples/xml/xml_lyd/allredcue_basic_binary_tree_64gpus.xml
c196-082:15243:15280 [0] NCCL INFO MSCCL: Parsing algorithm /home1/09168/ldai1/ccl-build/msccl_tools_lyd/examples/xml/xml_lyd/allredcue_basic_binary_tree_64gpus.xml
c196-102:5764:5798 [0] NCCL INFO Connected all trees
c196-102:5764:5798 [0] NCCL INFO MSCCL_XML_FILES set by environment to /home1/09168/ldai1/ccl-build/msccl_tools_lyd/examples/xml/xml_lyd/allredcue_basic_binary_tree_64gpus.xml
c196-102:5764:5798 [0] NCCL INFO MSCCL: Parsing algorithm /home1/09168/ldai1/ccl-build/msccl_tools_lyd/examples/xml/xml_lyd/allredcue_basic_binary_tree_64gpus.xml
c197-031:14143:14183 [0] NCCL INFO Channel 00/0 : 26[82000] -> 28[2000] [receive] via NET/IB/0
c197-031:14143:14183 [0] NCCL INFO Channel 00 : 28[2000] -> 30[82000] via direct shared memory
c198-011:1768:1808 [0] NCCL INFO Channel 00/0 : 44[2000] -> 42[82000] [send] via NET/IB/0
c197-031:14145:14179 [2] NCCL INFO Channel 00 : 30[82000] -> 28[2000] via direct shared memory
c196-081:22646:22685 [1] NCCL INFO Channel 00 : 9[3000] -> 8[2000] via direct shared memory
c199-112:9784:9822 [1] NCCL INFO Channel 00/0 : 59[83000] -> 61[3000] [receive] via NET/IB/0
c196-081:22646:22685 [1] NCCL INFO Channel 01 : 9[3000] -> 8[2000] via direct shared memory
c196-082:15244:15284 [1] NCCL INFO Connected all trees
c196-082:15244:15284 [1] NCCL INFO MSCCL_XML_FILES set by environment to /home1/09168/ldai1/ccl-build/msccl_tools_lyd/examples/xml/xml_lyd/allredcue_basic_binary_tree_64gpus.xml
c196-082:15244:15284 [1] NCCL INFO MSCCL: Parsing algorithm /home1/09168/ldai1/ccl-build/msccl_tools_lyd/examples/xml/xml_lyd/allredcue_basic_binary_tree_64gpus.xml
c199-071:7320:7356 [1] NCCL INFO Parsed MSCCL Algorithm /home1/09168/ldai1/ccl-build/msccl_tools_lyd/examples/xml/xml_lyd/allredcue_basic_binary_tree_64gpus.xml successfully.
c196-101:14508:14546 [1] NCCL INFO Channel 00 : 21[3000] -> 20[2000] via direct shared memory
c196-101:14508:14546 [1] NCCL INFO Channel 01 : 21[3000] -> 20[2000] via direct shared memory
c199-071:7320:7356 [1] NCCL INFO Channel 00 : 49[3000] -> 51[83000] via direct shared memory
c198-011:1770:1803 [2] NCCL INFO Connected 1 MSCCL algorithms
c198-011:1770:1803 [2] NCCL INFO NCCL_NTHREADS set by environment to 128.
c198-011:1770:1803 [2] NCCL INFO NCCL_PROTO set by environment to Simple
c198-011:1770:1803 [2] NCCL INFO NCCL_ALGO set by environment to MSCCL,TREE,RING
c198-011:1770:1803 [2] NCCL INFO threadThresholds 8/8/64 | 512/8/64 | 8/8/64 | 8/8/512
c198-011:1770:1803 [2] NCCL INFO 2 coll channels, 2 p2p channels, 2 p2p channels per peer
c196-101:14507:14547 [0] NCCL INFO Connected all trees
c196-101:14507:14547 [0] NCCL INFO MSCCL_XML_FILES set by environment to /home1/09168/ldai1/ccl-build/msccl_tools_lyd/examples/xml/xml_lyd/allredcue_basic_binary_tree_64gpus.xml
c196-101:14507:14547 [0] NCCL INFO MSCCL: Parsing algorithm /home1/09168/ldai1/ccl-build/msccl_tools_lyd/examples/xml/xml_lyd/allredcue_basic_binary_tree_64gpus.xml
c197-112:25069:25100 [3] NCCL INFO Channel 00/0 : 39[83000] -> 43[83000] [receive] via NET/IB/0
c198-011:1769:1807 [1] NCCL INFO Channel 00/0 : 45[3000] -> 43[83000] [send] via NET/IB/0
c196-102:5765:5804 [1] NCCL INFO Connected all trees
c196-102:5765:5804 [1] NCCL INFO MSCCL_XML_FILES set by environment to /home1/09168/ldai1/ccl-build/msccl_tools_lyd/examples/xml/xml_lyd/allredcue_basic_binary_tree_64gpus.xml
c196-102:5765:5804 [1] NCCL INFO MSCCL: Parsing algorithm /home1/09168/ldai1/ccl-build/msccl_tools_lyd/examples/xml/xml_lyd/allredcue_basic_binary_tree_64gpus.xml
c196-082:15243:15280 [0] NCCL INFO Parsed MSCCL Algorithm /home1/09168/ldai1/ccl-build/msccl_tools_lyd/examples/xml/xml_lyd/allredcue_basic_binary_tree_64gpus.xml successfully.
c196-081:22647:22681 [2] NCCL INFO Connected all trees
c196-081:22647:22681 [2] NCCL INFO MSCCL_XML_FILES set by environment to /home1/09168/ldai1/ccl-build/msccl_tools_lyd/examples/xml/xml_lyd/allredcue_basic_binary_tree_64gpus.xml
c196-081:22647:22681 [2] NCCL INFO MSCCL: Parsing algorithm /home1/09168/ldai1/ccl-build/msccl_tools_lyd/examples/xml/xml_lyd/allredcue_basic_binary_tree_64gpus.xml
c196-101:14508:14546 [1] NCCL INFO Connected all trees
c196-101:14508:14546 [1] NCCL INFO MSCCL_XML_FILES set by environment to /home1/09168/ldai1/ccl-build/msccl_tools_lyd/examples/xml/xml_lyd/allredcue_basic_binary_tree_64gpus.xml
c196-101:14508:14546 [1] NCCL INFO MSCCL: Parsing algorithm /home1/09168/ldai1/ccl-build/msccl_tools_lyd/examples/xml/xml_lyd/allredcue_basic_binary_tree_64gpus.xml
c196-101:14509:14542 [2] NCCL INFO Connected all trees
c196-101:14509:14542 [2] NCCL INFO MSCCL_XML_FILES set by environment to /home1/09168/ldai1/ccl-build/msccl_tools_lyd/examples/xml/xml_lyd/allredcue_basic_binary_tree_64gpus.xml
c196-101:14509:14542 [2] NCCL INFO MSCCL: Parsing algorithm /home1/09168/ldai1/ccl-build/msccl_tools_lyd/examples/xml/xml_lyd/allredcue_basic_binary_tree_64gpus.xml
c196-102:5764:5798 [0] NCCL INFO Parsed MSCCL Algorithm /home1/09168/ldai1/ccl-build/msccl_tools_lyd/examples/xml/xml_lyd/allredcue_basic_binary_tree_64gpus.xml successfully.
c198-011:1768:1808 [0] NCCL INFO Connected 1 MSCCL algorithms
c198-011:1768:1808 [0] NCCL INFO NCCL_NTHREADS set by environment to 128.
c198-011:1768:1808 [0] NCCL INFO NCCL_PROTO set by environment to Simple
c198-011:1768:1808 [0] NCCL INFO NCCL_ALGO set by environment to MSCCL,TREE,RING
c198-011:1768:1808 [0] NCCL INFO threadThresholds 8/8/64 | 512/8/64 | 8/8/64 | 8/8/512
c198-011:1768:1808 [0] NCCL INFO 2 coll channels, 2 p2p channels, 2 p2p channels per peer
c196-082:15244:15284 [1] NCCL INFO Parsed MSCCL Algorithm /home1/09168/ldai1/ccl-build/msccl_tools_lyd/examples/xml/xml_lyd/allredcue_basic_binary_tree_64gpus.xml successfully.
c196-082:15244:15284 [1] NCCL INFO Channel 00/0 : 11[83000] -> 13[3000] [receive] via NET/IB/0
c197-112:25068:25102 [2] NCCL INFO Connected 1 MSCCL algorithms
c197-112:25068:25102 [2] NCCL INFO NCCL_NTHREADS set by environment to 128.
c197-112:25068:25102 [2] NCCL INFO NCCL_PROTO set by environment to Simple
c197-112:25068:25102 [2] NCCL INFO NCCL_ALGO set by environment to MSCCL,TREE,RING
c197-112:25068:25102 [2] NCCL INFO threadThresholds 8/8/64 | 512/8/64 | 8/8/64 | 8/8/512
c197-112:25068:25102 [2] NCCL INFO 2 coll channels, 2 p2p channels, 2 p2p channels per peer
c196-102:5765:5804 [1] NCCL INFO Parsed MSCCL Algorithm /home1/09168/ldai1/ccl-build/msccl_tools_lyd/examples/xml/xml_lyd/allredcue_basic_binary_tree_64gpus.xml successfully.
c196-101:14507:14547 [0] NCCL INFO Parsed MSCCL Algorithm /home1/09168/ldai1/ccl-build/msccl_tools_lyd/examples/xml/xml_lyd/allredcue_basic_binary_tree_64gpus.xml successfully.
c196-102:5765:5804 [1] NCCL INFO Channel 00 : 25[3000] -> 27[83000] via direct shared memory
c196-101:14507:14547 [0] NCCL INFO Channel 00/0 : 18[82000] -> 20[2000] [receive] via NET/IB/0
c196-101:14507:14547 [0] NCCL INFO Channel 00 : 20[2000] -> 22[82000] via direct shared memory
c196-101:14508:14546 [1] NCCL INFO Parsed MSCCL Algorithm /home1/09168/ldai1/ccl-build/msccl_tools_lyd/examples/xml/xml_lyd/allredcue_basic_binary_tree_64gpus.xml successfully.
c196-081:22647:22681 [2] NCCL INFO Parsed MSCCL Algorithm /home1/09168/ldai1/ccl-build/msccl_tools_lyd/examples/xml/xml_lyd/allredcue_basic_binary_tree_64gpus.xml successfully.
c196-101:14509:14542 [2] NCCL INFO Parsed MSCCL Algorithm /home1/09168/ldai1/ccl-build/msccl_tools_lyd/examples/xml/xml_lyd/allredcue_basic_binary_tree_64gpus.xml successfully.
c196-081:22647:22681 [2] NCCL INFO Channel 00/0 : 10[82000] -> 12[2000] [send] via NET/IB/0
c199-092:30083:30123 [0] NCCL INFO Channel 01/0 : 56[2000] -> 53[3000] [send] via NET/IB/0
c196-101:14509:14542 [2] NCCL INFO Channel 00 : 22[82000] -> 20[2000] via direct shared memory
c196-072:23387:23427 [0] NCCL INFO Channel 01/0 : 4[2000] -> 0[2000] [send] via NET/IB/0
c196-081:22645:22683 [0] NCCL INFO Channel 01/0 : 8[2000] -> 5[3000] [send] via NET/IB/0
c199-112:9783:9823 [0] NCCL INFO Channel 00/0 : 58[82000] -> 60[2000] [receive] via NET/IB/0
c199-112:9783:9823 [0] NCCL INFO Channel 00 : 60[2000] -> 62[82000] via direct shared memory
c199-112:9785:9818 [2] NCCL INFO Channel 00 : 62[82000] -> 60[2000] via direct shared memory
c199-071:7319:7355 [0] NCCL INFO Channel 00/0 : 40[2000] -> 48[2000] [receive] via NET/IB/0
c199-072:27367:27405 [1] NCCL INFO Channel 00 : 53[3000] -> 52[2000] via direct shared memory
c199-072:27367:27405 [1] NCCL INFO Channel 01 : 53[3000] -> 52[2000] via direct shared memory
c199-072:27366:27401 [0] NCCL INFO Connected all trees
c199-072:27366:27401 [0] NCCL INFO MSCCL_XML_FILES set by environment to /home1/09168/ldai1/ccl-build/msccl_tools_lyd/examples/xml/xml_lyd/allredcue_basic_binary_tree_64gpus.xml
c199-072:27366:27401 [0] NCCL INFO MSCCL: Parsing algorithm /home1/09168/ldai1/ccl-build/msccl_tools_lyd/examples/xml/xml_lyd/allredcue_basic_binary_tree_64gpus.xml
c199-092:30083:30123 [0] NCCL INFO Connected all trees
c199-092:30083:30123 [0] NCCL INFO MSCCL_XML_FILES set by environment to /home1/09168/ldai1/ccl-build/msccl_tools_lyd/examples/xml/xml_lyd/allredcue_basic_binary_tree_64gpus.xml
c199-092:30083:30123 [0] NCCL INFO MSCCL: Parsing algorithm /home1/09168/ldai1/ccl-build/msccl_tools_lyd/examples/xml/xml_lyd/allredcue_basic_binary_tree_64gpus.xml
c199-072:27367:27405 [1] NCCL INFO Connected all trees
c199-072:27367:27405 [1] NCCL INFO MSCCL_XML_FILES set by environment to /home1/09168/ldai1/ccl-build/msccl_tools_lyd/examples/xml/xml_lyd/allredcue_basic_binary_tree_64gpus.xml
c199-072:27367:27405 [1] NCCL INFO MSCCL: Parsing algorithm /home1/09168/ldai1/ccl-build/msccl_tools_lyd/examples/xml/xml_lyd/allredcue_basic_binary_tree_64gpus.xml
c199-072:27368:27407 [2] NCCL INFO Connected all trees
c199-072:27368:27407 [2] NCCL INFO MSCCL_XML_FILES set by environment to /home1/09168/ldai1/ccl-build/msccl_tools_lyd/examples/xml/xml_lyd/allredcue_basic_binary_tree_64gpus.xml
c199-072:27368:27407 [2] NCCL INFO MSCCL: Parsing algorithm /home1/09168/ldai1/ccl-build/msccl_tools_lyd/examples/xml/xml_lyd/allredcue_basic_binary_tree_64gpus.xml
c197-042:29130:29162 [2] NCCL INFO Channel 00/0 : 36[2000] -> 34[82000] [receive] via NET/IB/0
c196-082:15243:15280 [0] NCCL INFO Channel 00/0 : 10[82000] -> 12[2000] [receive] via NET/IB/0
c197-101:7736:7775 [0] NCCL INFO Channel 00/0 : 36[2000] -> 40[2000] [send] via NET/IB/0
c196-082:15243:15280 [0] NCCL INFO Channel 00 : 12[2000] -> 14[82000] via direct shared memory
c197-042:29131:29164 [3] NCCL INFO Channel 00/0 : 35[83000] -> 39[83000] [send] via NET/IB/0
c199-092:30084:30122 [1] NCCL INFO Connected all trees
c199-092:30084:30122 [1] NCCL INFO MSCCL_XML_FILES set by environment to /home1/09168/ldai1/ccl-build/msccl_tools_lyd/examples/xml/xml_lyd/allredcue_basic_binary_tree_64gpus.xml
c199-092:30084:30122 [1] NCCL INFO MSCCL: Parsing algorithm /home1/09168/ldai1/ccl-build/msccl_tools_lyd/examples/xml/xml_lyd/allredcue_basic_binary_tree_64gpus.xml
c196-082:15245:15282 [2] NCCL INFO Channel 00 : 14[82000] -> 12[2000] via direct shared memory
c197-101:7737:7776 [1] NCCL INFO Channel 00/0 : 37[3000] -> 35[83000] [send] via NET/IB/0
c199-072:27366:27401 [0] NCCL INFO Parsed MSCCL Algorithm /home1/09168/ldai1/ccl-build/msccl_tools_lyd/examples/xml/xml_lyd/allredcue_basic_binary_tree_64gpus.xml successfully.
c199-072:27366:27401 [0] NCCL INFO Channel 00/0 : 50[82000] -> 52[2000] [receive] via NET/IB/0
c196-081:22645:22683 [0] NCCL INFO Connected all trees
c196-081:22645:22683 [0] NCCL INFO MSCCL_XML_FILES set by environment to /home1/09168/ldai1/ccl-build/msccl_tools_lyd/examples/xml/xml_lyd/allredcue_basic_binary_tree_64gpus.xml
c196-081:22645:22683 [0] NCCL INFO MSCCL: Parsing algorithm /home1/09168/ldai1/ccl-build/msccl_tools_lyd/examples/xml/xml_lyd/allredcue_basic_binary_tree_64gpus.xml
c196-102:5764:5798 [0] NCCL INFO Channel 00/0 : 20[2000] -> 24[2000] [receive] via NET/IB/0
c199-072:27366:27401 [0] NCCL INFO Channel 00 : 52[2000] -> 54[82000] via direct shared memory
c196-102:5766:5802 [2] NCCL INFO Channel 00/0 : 28[2000] -> 26[82000] [receive] via NET/IB/0
c199-092:30083:30123 [0] NCCL INFO Parsed MSCCL Algorithm /home1/09168/ldai1/ccl-build/msccl_tools_lyd/examples/xml/xml_lyd/allredcue_basic_binary_tree_64gpus.xml successfully.
c199-072:27367:27405 [1] NCCL INFO Parsed MSCCL Algorithm /home1/09168/ldai1/ccl-build/msccl_tools_lyd/examples/xml/xml_lyd/allredcue_basic_binary_tree_64gpus.xml successfully.
c199-072:27368:27407 [2] NCCL INFO Parsed MSCCL Algorithm /home1/09168/ldai1/ccl-build/msccl_tools_lyd/examples/xml/xml_lyd/allredcue_basic_binary_tree_64gpus.xml successfully.
c196-071:8146:8178 [0] NCCL INFO Connected all trees
c196-071:8146:8178 [0] NCCL INFO MSCCL_XML_FILES set by environment to /home1/09168/ldai1/ccl-build/msccl_tools_lyd/examples/xml/xml_lyd/allredcue_basic_binary_tree_64gpus.xml
c196-071:8146:8178 [0] NCCL INFO MSCCL: Parsing algorithm /home1/09168/ldai1/ccl-build/msccl_tools_lyd/examples/xml/xml_lyd/allredcue_basic_binary_tree_64gpus.xml
c199-092:30084:30122 [1] NCCL INFO Parsed MSCCL Algorithm /home1/09168/ldai1/ccl-build/msccl_tools_lyd/examples/xml/xml_lyd/allredcue_basic_binary_tree_64gpus.xml successfully.
c196-081:22646:22685 [1] NCCL INFO Connected all trees
c196-081:22646:22685 [1] NCCL INFO MSCCL_XML_FILES set by environment to /home1/09168/ldai1/ccl-build/msccl_tools_lyd/examples/xml/xml_lyd/allredcue_basic_binary_tree_64gpus.xml
c196-081:22646:22685 [1] NCCL INFO MSCCL: Parsing algorithm /home1/09168/ldai1/ccl-build/msccl_tools_lyd/examples/xml/xml_lyd/allredcue_basic_binary_tree_64gpus.xml
c199-092:30084:30122 [1] NCCL INFO Channel 00 : 57[3000] -> 59[83000] via direct shared memory
c196-072:23388:23425 [1] NCCL INFO Channel 00 : 5[3000] -> 4[2000] via direct shared memory
c196-072:23388:23425 [1] NCCL INFO Channel 01 : 5[3000] -> 4[2000] via direct shared memory
c196-101:14508:14546 [1] NCCL INFO Channel 00/0 : 19[83000] -> 21[3000] [receive] via NET/IB/0
c196-072:23387:23427 [0] NCCL INFO Connected all trees
c196-072:23387:23427 [0] NCCL INFO MSCCL_XML_FILES set by environment to /home1/09168/ldai1/ccl-build/msccl_tools_lyd/examples/xml/xml_lyd/allredcue_basic_binary_tree_64gpus.xml
c196-072:23387:23427 [0] NCCL INFO MSCCL: Parsing algorithm /home1/09168/ldai1/ccl-build/msccl_tools_lyd/examples/xml/xml_lyd/allredcue_basic_binary_tree_64gpus.xml
c196-081:22645:22683 [0] NCCL INFO Parsed MSCCL Algorithm /home1/09168/ldai1/ccl-build/msccl_tools_lyd/examples/xml/xml_lyd/allredcue_basic_binary_tree_64gpus.xml successfully.
c196-071:8147:8187 [1] NCCL INFO Connected all trees
c196-071:8147:8187 [1] NCCL INFO MSCCL_XML_FILES set by environment to /home1/09168/ldai1/ccl-build/msccl_tools_lyd/examples/xml/xml_lyd/allredcue_basic_binary_tree_64gpus.xml
c196-071:8147:8187 [1] NCCL INFO MSCCL: Parsing algorithm /home1/09168/ldai1/ccl-build/msccl_tools_lyd/examples/xml/xml_lyd/allredcue_basic_binary_tree_64gpus.xml
c196-072:23388:23425 [1] NCCL INFO Connected all trees
c196-072:23388:23425 [1] NCCL INFO MSCCL_XML_FILES set by environment to /home1/09168/ldai1/ccl-build/msccl_tools_lyd/examples/xml/xml_lyd/allredcue_basic_binary_tree_64gpus.xml
c196-072:23388:23425 [1] NCCL INFO MSCCL: Parsing algorithm /home1/09168/ldai1/ccl-build/msccl_tools_lyd/examples/xml/xml_lyd/allredcue_basic_binary_tree_64gpus.xml
c196-072:23389:23422 [2] NCCL INFO Connected all trees
c196-072:23389:23422 [2] NCCL INFO MSCCL_XML_FILES set by environment to /home1/09168/ldai1/ccl-build/msccl_tools_lyd/examples/xml/xml_lyd/allredcue_basic_binary_tree_64gpus.xml
c196-072:23389:23422 [2] NCCL INFO MSCCL: Parsing algorithm /home1/09168/ldai1/ccl-build/msccl_tools_lyd/examples/xml/xml_lyd/allredcue_basic_binary_tree_64gpus.xml
c196-071:8146:8178 [0] NCCL INFO Parsed MSCCL Algorithm /home1/09168/ldai1/ccl-build/msccl_tools_lyd/examples/xml/xml_lyd/allredcue_basic_binary_tree_64gpus.xml successfully.
c196-071:8146:8178 [0] NCCL INFO Connected 1 MSCCL algorithms
c196-071:8146:8178 [0] NCCL INFO NCCL_NTHREADS set by environment to 128.
c196-071:8146:8178 [0] NCCL INFO NCCL_PROTO set by environment to Simple
c196-071:8146:8178 [0] NCCL INFO NCCL_ALGO set by environment to MSCCL,TREE,RING
c196-071:8146:8178 [0] NCCL INFO threadThresholds 8/8/64 | 512/8/64 | 8/8/64 | 8/8/512
c196-071:8146:8178 [0] NCCL INFO 2 coll channels, 2 p2p channels, 2 p2p channels per peer
c196-081:22646:22685 [1] NCCL INFO Parsed MSCCL Algorithm /home1/09168/ldai1/ccl-build/msccl_tools_lyd/examples/xml/xml_lyd/allredcue_basic_binary_tree_64gpus.xml successfully.
c196-081:22646:22685 [1] NCCL INFO Channel 00 : 9[3000] -> 11[83000] via direct shared memory
c196-072:23387:23427 [0] NCCL INFO Parsed MSCCL Algorithm /home1/09168/ldai1/ccl-build/msccl_tools_lyd/examples/xml/xml_lyd/allredcue_basic_binary_tree_64gpus.xml successfully.
c197-031:14143:14183 [0] NCCL INFO Channel 00/0 : 28[2000] -> 26[82000] [send] via NET/IB/0
c199-072:27368:27407 [2] NCCL INFO Channel 00 : 54[82000] -> 52[2000] via direct shared memory
c196-102:5767:5801 [3] NCCL INFO Channel 00/0 : 23[83000] -> 27[83000] [receive] via NET/IB/0
c196-091:28340:28374 [2] NCCL INFO Channel 00/0 : 20[2000] -> 18[82000] [receive] via NET/IB/0
c196-071:8147:8187 [1] NCCL INFO Parsed MSCCL Algorithm /home1/09168/ldai1/ccl-build/msccl_tools_lyd/examples/xml/xml_lyd/allredcue_basic_binary_tree_64gpus.xml successfully.
c197-031:14145:14179 [2] NCCL INFO Connected 1 MSCCL algorithms
c197-031:14145:14179 [2] NCCL INFO NCCL_NTHREADS set by environment to 128.
c196-071:8147:8187 [1] NCCL INFO Channel 00 : 1[3000] -> 3[83000] via direct shared memory
c197-031:14145:14179 [2] NCCL INFO NCCL_PROTO set by environment to Simple
c197-031:14145:14179 [2] NCCL INFO NCCL_ALGO set by environment to MSCCL,TREE,RING
c197-031:14145:14179 [2] NCCL INFO threadThresholds 8/8/64 | 512/8/64 | 8/8/64 | 8/8/512
c197-031:14145:14179 [2] NCCL INFO 2 coll channels, 2 p2p channels, 2 p2p channels per peer
c197-031:14144:14177 [1] NCCL INFO Channel 00/0 : 29[3000] -> 27[83000] [send] via NET/IB/0
c196-072:23389:23422 [2] NCCL INFO Parsed MSCCL Algorithm /home1/09168/ldai1/ccl-build/msccl_tools_lyd/examples/xml/xml_lyd/allredcue_basic_binary_tree_64gpus.xml successfully.
c196-072:23388:23425 [1] NCCL INFO Parsed MSCCL Algorithm /home1/09168/ldai1/ccl-build/msccl_tools_lyd/examples/xml/xml_lyd/allredcue_basic_binary_tree_64gpus.xml successfully.
c196-102:5766:5802 [2] NCCL INFO Connected 1 MSCCL algorithms
c196-102:5766:5802 [2] NCCL INFO NCCL_NTHREADS set by environment to 128.
c196-102:5766:5802 [2] NCCL INFO NCCL_PROTO set by environment to Simple
c196-102:5766:5802 [2] NCCL INFO NCCL_ALGO set by environment to MSCCL,TREE,RING
c196-102:5766:5802 [2] NCCL INFO threadThresholds 8/8/64 | 512/8/64 | 8/8/64 | 8/8/512
c196-102:5766:5802 [2] NCCL INFO 2 coll channels, 2 p2p channels, 2 p2p channels per peer
c197-031:14143:14183 [0] NCCL INFO Connected 1 MSCCL algorithms
c197-031:14143:14183 [0] NCCL INFO NCCL_NTHREADS set by environment to 128.
c197-031:14143:14183 [0] NCCL INFO NCCL_PROTO set by environment to Simple
c197-031:14143:14183 [0] NCCL INFO NCCL_ALGO set by environment to MSCCL,TREE,RING
c197-031:14143:14183 [0] NCCL INFO threadThresholds 8/8/64 | 512/8/64 | 8/8/64 | 8/8/512
c197-031:14143:14183 [0] NCCL INFO 2 coll channels, 2 p2p channels, 2 p2p channels per peer
c196-101:14507:14547 [0] NCCL INFO Channel 00/0 : 20[2000] -> 24[2000] [send] via NET/IB/0
c199-092:30085:30117 [2] NCCL INFO Channel 00/0 : 60[2000] -> 58[82000] [receive] via NET/IB/0
c199-092:30083:30123 [0] NCCL INFO Channel 00/0 : 52[2000] -> 56[2000] [receive] via NET/IB/0
c199-072:27367:27405 [1] NCCL INFO Channel 00/0 : 51[83000] -> 53[3000] [receive] via NET/IB/0
c197-101:7736:7775 [0] NCCL INFO Channel 00/0 : 40[2000] -> 36[2000] [receive] via NET/IB/0
c199-112:9783:9823 [0] NCCL INFO Channel 00/0 : 60[2000] -> 58[82000] [send] via NET/IB/0
c197-042:29131:29164 [3] NCCL INFO Channel 00/0 : 39[83000] -> 35[83000] [receive] via NET/IB/0
c196-081:22645:22683 [0] NCCL INFO Channel 00/0 : 4[2000] -> 8[2000] [receive] via NET/IB/0
c196-081:22647:22681 [2] NCCL INFO Channel 00/0 : 12[2000] -> 10[82000] [receive] via NET/IB/0
c199-112:9785:9818 [2] NCCL INFO Connected 1 MSCCL algorithms
c199-112:9785:9818 [2] NCCL INFO NCCL_NTHREADS set by environment to 128.
