c196-071:17630:17665 [2] NCCL INFO comm 0x2b1aae000010 rank 22 nranks 32 cudaDev 2 busId 82000 - Init COMPLETE
c196-071:17628:17663 [0] NCCL INFO comm 0x2b786e000010 rank 20 nranks 32 cudaDev 0 busId 2000 - Init COMPLETE
c196-051:9475:9508 [2] NCCL INFO comm 0x2b395e000010 rank 6 nranks 32 cudaDev 2 busId 82000 - Init COMPLETE
c196-052:31776:31807 [3] NCCL INFO comm 0x2b1952000010 rank 11 nranks 32 cudaDev 3 busId 83000 - Init COMPLETE
c196-072:27815:27852 [0] NCCL INFO comm 0x2b148e000010 rank 24 nranks 32 cudaDev 0 busId 2000 - Init COMPLETE
c196-081:18903:18941 [1] NCCL INFO comm 0x2ac23e000010 rank 29 nranks 32 cudaDev 1 busId 3000 - Init COMPLETE
c196-052:31773:31810 [0] NCCL INFO comm 0x2b975e000010 rank 8 nranks 32 cudaDev 0 busId 2000 - Init COMPLETE
c196-052:31775:31809 [2] NCCL INFO comm 0x2b6e3c9b6010 rank 10 nranks 32 cudaDev 2 busId 82000 - Init COMPLETE
c196-051:9473:9513 [0] NCCL INFO comm 0x2b09bc000010 rank 4 nranks 32 cudaDev 0 busId 2000 - Init COMPLETE
c196-052:31774:31812 [1] NCCL INFO comm 0x2b4d3e000010 rank 9 nranks 32 cudaDev 1 busId 3000 - Init COMPLETE
c196-062:9816:9847 [3] NCCL INFO comm 0x2ac832000010 rank 19 nranks 32 cudaDev 3 busId 83000 - Init COMPLETE
c196-062:9814:9853 [1] NCCL INFO comm 0x2b66152da010 rank 17 nranks 32 cudaDev 1 busId 3000 - Init COMPLETE
c196-042:14540:14581 [1] NCCL INFO comm 0x2b4edc000010 rank 1 nranks 32 cudaDev 1 busId 3000 - Init COMPLETE
c196-062:9815:9849 [2] NCCL INFO comm 0x2afd4e000010 rank 18 nranks 32 cudaDev 2 busId 82000 - Init COMPLETE
c196-042:14542:14579 [3] NCCL INFO comm 0x2b017e000010 rank 3 nranks 32 cudaDev 3 busId 83000 - Init COMPLETE
c196-062:9813:9852 [0] NCCL INFO comm 0x2b8a520e0010 rank 16 nranks 32 cudaDev 0 busId 2000 - Init COMPLETE
c196-042:14541:14578 [2] NCCL INFO comm 0x2b1462000010 rank 2 nranks 32 cudaDev 2 busId 82000 - Init COMPLETE
c196-042:14539:14571 [0] NCCL INFO comm 0x2b9b1e000010 rank 0 nranks 32 cudaDev 0 busId 2000 - Init COMPLETE
#
#                                                              out-of-place                       in-place          
#       size         count      type   redop    root     time   algbw   busbw #wrong     time   algbw   busbw #wrong
#        (B)    (elements)                               (us)  (GB/s)  (GB/s)            (us)  (GB/s)  (GB/s)       
c196-042:14539:14539 [0] NCCL INFO Launch mode Parallel
         512           128     float     sum      -1   1085.7    0.00    0.00      0   1085.4    0.00    0.00      0
        1024           256     float     sum      -1   1078.7    0.00    0.00      0   1094.8    0.00    0.00      0
        2048           512     float     sum      -1   1084.7    0.00    0.00      0   1084.3    0.00    0.00      0
        4096          1024     float     sum      -1   1085.9    0.00    0.01      0   1085.8    0.00    0.01      0
        8192          2048     float     sum      -1   1081.5    0.01    0.01      0   1080.9    0.01    0.01      0
       16384          4096     float     sum      -1   1084.1    0.02    0.03      0   1082.8    0.02    0.03      0
       32768          8192     float     sum      -1   1080.7    0.03    0.06      0   1082.1    0.03    0.06      0
       65536         16384     float     sum      -1   1083.0    0.06    0.12      0   1082.3    0.06    0.12      0
      131072         32768     float     sum      -1   1131.5    0.12    0.22      0   1099.6    0.12    0.23      0
      262144         65536     float     sum      -1   1086.5    0.24    0.47      0   1086.1    0.24    0.47      0
      524288        131072     float     sum      -1   1104.1    0.47    0.92      0   1105.7    0.47    0.92      0
     1048576        262144     float     sum      -1   1128.0    0.93    1.80      0   1129.3    0.93    1.80      0
     2097152        524288     float     sum      -1   1667.3    1.26    2.44      0   1663.1    1.26    2.44      0
     4194304       1048576     float     sum      -1   3035.9    1.38    2.68      0   3060.5    1.37    2.66      0
     8388608       2097152     float     sum      -1   5730.9    1.46    2.84      0   5732.7    1.46    2.84      0
    16777216       4194304     float     sum      -1    11341    1.48    2.87      0    11331    1.48    2.87      0
    33554432       8388608     float     sum      -1    22590    1.49    2.88      0    22615    1.48    2.87      0
    67108864      16777216     float     sum      -1    45384    1.48    2.86      0    45035    1.49    2.89      0
   134217728      33554432     float     sum      -1    90377    1.49    2.88      0    90433    1.48    2.88      0
   268435456      67108864     float     sum      -1   179277    1.50    2.90      0   179188    1.50    2.90      0
c196-072:27817:27817 [2] NCCL INFO comm 0x2b487c000010 rank 26 nranks 32 cudaDev 2 busId 82000 - Destroy COMPLETE
c196-081:18904:18904 [2] NCCL INFO comm 0x2ad5555ef010 rank 30 nranks 32 cudaDev 2 busId 82000 - Destroy COMPLETE
c196-071:17630:17630 [2] NCCL INFO comm 0x2b1aae000010 rank 22 nranks 32 cudaDev 2 busId 82000 - Destroy COMPLETE
c196-061:5311:5311 [2] NCCL INFO comm 0x2af9d16fb010 rank 14 nranks 32 cudaDev 2 busId 82000 - Destroy COMPLETE
c196-062:9815:9815 [2] NCCL INFO comm 0x2afd4e000010 rank 18 nranks 32 cudaDev 2 busId 82000 - Destroy COMPLETE
c196-052:31775:31775 [2] NCCL INFO comm 0x2b6e3c9b6010 rank 10 nranks 32 cudaDev 2 busId 82000 - Destroy COMPLETE
c196-051:9475:9475 [2] NCCL INFO comm 0x2b395e000010 rank 6 nranks 32 cudaDev 2 busId 82000 - Destroy COMPLETE
c196-042:14540:14540 [1] NCCL INFO comm 0x2b4edc000010 rank 1 nranks 32 cudaDev 1 busId 3000 - Destroy COMPLETE
c196-081:18902:18902 [0] NCCL INFO comm 0x2b571e000010 rank 28 nranks 32 cudaDev 0 busId 2000 - Destroy COMPLETE
c196-081:18903:18903 [1] NCCL INFO comm 0x2ac23e000010 rank 29 nranks 32 cudaDev 1 busId 3000 - Destroy COMPLETE
c196-042:14541:14541 [2] NCCL INFO comm 0x2b1462000010 rank 2 nranks 32 cudaDev 2 busId 82000 - Destroy COMPLETE
c196-042:14539:14539 [0] NCCL INFO comm 0x2b9b1e000010 rank 0 nranks 32 cudaDev 0 busId 2000 - Destroy COMPLETE
c196-071:17629:17629 [1] NCCL INFO comm 0x2b1d9e000010 rank 21 nranks 32 cudaDev 1 busId 3000 - Destroy COMPLETE
c196-072:27815:27815 [0] NCCL INFO comm 0x2b148e000010 rank 24 nranks 32 cudaDev 0 busId 2000 - Destroy COMPLETE
c196-061:5309:5309 [0] NCCL INFO comm 0x2b256e000010 rank 12 nranks 32 cudaDev 0 busId 2000 - Destroy COMPLETE
c196-061:5310:5310 [1] NCCL INFO comm 0x2ac662201010 rank 13 nranks 32 cudaDev 1 busId 3000 - Destroy COMPLETE
c196-051:9473:9473 [0] NCCL INFO comm 0x2b09bc000010 rank 4 nranks 32 cudaDev 0 busId 2000 - Destroy COMPLETE
c196-062:9813:9813 [0] NCCL INFO comm 0x2b8a520e0010 rank 16 nranks 32 cudaDev 0 busId 2000 - Destroy COMPLETE
c196-071:17628:17628 [0] NCCL INFO comm 0x2b786e000010 rank 20 nranks 32 cudaDev 0 busId 2000 - Destroy COMPLETE
c196-052:31773:31773 [0] NCCL INFO comm 0x2b975e000010 rank 8 nranks 32 cudaDev 0 busId 2000 - Destroy COMPLETE
c196-062:9814:9814 [1] NCCL INFO comm 0x2b66152da010 rank 17 nranks 32 cudaDev 1 busId 3000 - Destroy COMPLETE
c196-051:9474:9474 [1] NCCL INFO comm 0x2b9c2cbb6010 rank 5 nranks 32 cudaDev 1 busId 3000 - Destroy COMPLETE
c196-072:27816:27816 [1] NCCL INFO comm 0x2aedc2000010 rank 25 nranks 32 cudaDev 1 busId 3000 - Destroy COMPLETE
c196-052:31774:31774 [1] NCCL INFO comm 0x2b4d3e000010 rank 9 nranks 32 cudaDev 1 busId 3000 - Destroy COMPLETE
# Out of bounds values : 0 OK
# Avg bus bandwidth    : 1.29941 
#
c196-081:18905:18905 [3] NCCL INFO comm 0x2ae0eda1d010 rank 31 nranks 32 cudaDev 3 busId 83000 - Destroy COMPLETE
c196-072:27818:27818 [3] NCCL INFO comm 0x2b66bc000010 rank 27 nranks 32 cudaDev 3 busId 83000 - Destroy COMPLETE
c196-062:9816:9816 [3] NCCL INFO comm 0x2ac832000010 rank 19 nranks 32 cudaDev 3 busId 83000 - Destroy COMPLETE
c196-052:31776:31776 [3] NCCL INFO comm 0x2b1952000010 rank 11 nranks 32 cudaDev 3 busId 83000 - Destroy COMPLETE
c196-042:14542:14542 [3] NCCL INFO comm 0x2b017e000010 rank 3 nranks 32 cudaDev 3 busId 83000 - Destroy COMPLETE
c196-061:5312:5312 [3] NCCL INFO comm 0x2b333d84f010 rank 15 nranks 32 cudaDev 3 busId 83000 - Destroy COMPLETE
c196-051:9476:9476 [3] NCCL INFO comm 0x2ba422000010 rank 7 nranks 32 cudaDev 3 busId 83000 - Destroy COMPLETE
c196-071:17631:17631 [3] NCCL INFO comm 0x2b17559cf010 rank 23 nranks 32 cudaDev 3 busId 83000 - Destroy COMPLETE

TACC:  Shutdown complete. Exiting. 
TACC:  Starting up job 6169779 
TACC:  Starting parallel tasks... 
# nThread 1 nGpus 1 minBytes 512 maxBytes 268435456 step: 2(factor) warmup iters: 5 iters: 60 agg iters: 1 validation: 1 graph: 0
#
# Using devices
#  Rank  0 Group  0 Pid  14701 on   c196-042 device  0 [0x02] Quadro RTX 5000
#  Rank  1 Group  0 Pid  14702 on   c196-042 device  1 [0x03] Quadro RTX 5000
#  Rank  2 Group  0 Pid  14703 on   c196-042 device  2 [0x82] Quadro RTX 5000
#  Rank  3 Group  0 Pid  14704 on   c196-042 device  3 [0x83] Quadro RTX 5000
#  Rank  4 Group  0 Pid   9674 on   c196-051 device  0 [0x02] Quadro RTX 5000
#  Rank  5 Group  0 Pid   9675 on   c196-051 device  1 [0x03] Quadro RTX 5000
#  Rank  6 Group  0 Pid   9676 on   c196-051 device  2 [0x82] Quadro RTX 5000
#  Rank  7 Group  0 Pid   9677 on   c196-051 device  3 [0x83] Quadro RTX 5000
#  Rank  8 Group  0 Pid  31933 on   c196-052 device  0 [0x02] Quadro RTX 5000
#  Rank  9 Group  0 Pid  31934 on   c196-052 device  1 [0x03] Quadro RTX 5000
#  Rank 10 Group  0 Pid  31935 on   c196-052 device  2 [0x82] Quadro RTX 5000
#  Rank 11 Group  0 Pid  31936 on   c196-052 device  3 [0x83] Quadro RTX 5000
#  Rank 12 Group  0 Pid   5469 on   c196-061 device  0 [0x02] Quadro RTX 5000
#  Rank 13 Group  0 Pid   5470 on   c196-061 device  1 [0x03] Quadro RTX 5000
#  Rank 14 Group  0 Pid   5471 on   c196-061 device  2 [0x82] Quadro RTX 5000
#  Rank 15 Group  0 Pid   5472 on   c196-061 device  3 [0x83] Quadro RTX 5000
#  Rank 16 Group  0 Pid  10014 on   c196-062 device  0 [0x02] Quadro RTX 5000
#  Rank 17 Group  0 Pid  10015 on   c196-062 device  1 [0x03] Quadro RTX 5000
#  Rank 18 Group  0 Pid  10016 on   c196-062 device  2 [0x82] Quadro RTX 5000
#  Rank 19 Group  0 Pid  10017 on   c196-062 device  3 [0x83] Quadro RTX 5000
#  Rank 20 Group  0 Pid  17787 on   c196-071 device  0 [0x02] Quadro RTX 5000
#  Rank 21 Group  0 Pid  17788 on   c196-071 device  1 [0x03] Quadro RTX 5000
#  Rank 22 Group  0 Pid  17789 on   c196-071 device  2 [0x82] Quadro RTX 5000
#  Rank 23 Group  0 Pid  17790 on   c196-071 device  3 [0x83] Quadro RTX 5000
#  Rank 24 Group  0 Pid  27974 on   c196-072 device  0 [0x02] Quadro RTX 5000
#  Rank 25 Group  0 Pid  27975 on   c196-072 device  1 [0x03] Quadro RTX 5000
#  Rank 26 Group  0 Pid  27976 on   c196-072 device  2 [0x82] Quadro RTX 5000
#  Rank 27 Group  0 Pid  27977 on   c196-072 device  3 [0x83] Quadro RTX 5000
#  Rank 28 Group  0 Pid  19064 on   c196-081 device  0 [0x02] Quadro RTX 5000
#  Rank 29 Group  0 Pid  19065 on   c196-081 device  1 [0x03] Quadro RTX 5000
#  Rank 30 Group  0 Pid  19066 on   c196-081 device  2 [0x82] Quadro RTX 5000
#  Rank 31 Group  0 Pid  19067 on   c196-081 device  3 [0x83] Quadro RTX 5000
c196-042:14701:14701 [0] NCCL INFO Bootstrap : Using ib0:192.168.44.108<0>
c196-042:14701:14701 [0] NCCL INFO NET/Plugin : No plugin found (libnccl-net.so), using internal implementation
c196-042:14701:14701 [0] NCCL INFO NET/IB : Using [0]mlx4_0:1/IB [RO]; OOB ib0:192.168.44.108<0>
c196-042:14701:14701 [0] NCCL INFO Using network IB
NCCL version 2.12.12.MSCCL.0.7.4+cuda11.3
c196-042:14703:14703 [2] NCCL INFO Bootstrap : Using ib0:192.168.44.108<0>
c196-042:14704:14704 [3] NCCL INFO Bootstrap : Using ib0:192.168.44.108<0>
c196-042:14704:14704 [3] NCCL INFO NET/Plugin : No plugin found (libnccl-net.so), using internal implementation
c196-042:14703:14703 [2] NCCL INFO NET/Plugin : No plugin found (libnccl-net.so), using internal implementation
c196-042:14704:14704 [3] NCCL INFO NET/IB : Using [0]mlx4_0:1/IB [RO]; OOB ib0:192.168.44.108<0>
c196-042:14704:14704 [3] NCCL INFO Using network IB
c196-042:14703:14703 [2] NCCL INFO NET/IB : Using [0]mlx4_0:1/IB [RO]; OOB ib0:192.168.44.108<0>
c196-042:14703:14703 [2] NCCL INFO Using network IB
c196-042:14702:14702 [1] NCCL INFO Bootstrap : Using ib0:192.168.44.108<0>
c196-042:14702:14702 [1] NCCL INFO NET/Plugin : No plugin found (libnccl-net.so), using internal implementation
c196-042:14702:14702 [1] NCCL INFO NET/IB : Using [0]mlx4_0:1/IB [RO]; OOB ib0:192.168.44.108<0>
c196-042:14702:14702 [1] NCCL INFO Using network IB
c196-081:19066:19066 [2] NCCL INFO Bootstrap : Using ib0:192.168.44.115<0>
c196-081:19066:19066 [2] NCCL INFO NET/Plugin : No plugin found (libnccl-net.so), using internal implementation
c196-081:19066:19066 [2] NCCL INFO NET/IB : Using [0]mlx4_0:1/IB [RO]; OOB ib0:192.168.44.115<0>
c196-081:19066:19066 [2] NCCL INFO Using network IB
c196-081:19067:19067 [3] NCCL INFO Bootstrap : Using ib0:192.168.44.115<0>
c196-081:19067:19067 [3] NCCL INFO NET/Plugin : No plugin found (libnccl-net.so), using internal implementation
c196-081:19067:19067 [3] NCCL INFO NET/IB : Using [0]mlx4_0:1/IB [RO]; OOB ib0:192.168.44.115<0>
c196-081:19067:19067 [3] NCCL INFO Using network IB
c196-081:19064:19064 [0] NCCL INFO Bootstrap : Using ib0:192.168.44.115<0>
c196-081:19064:19064 [0] NCCL INFO NET/Plugin : No plugin found (libnccl-net.so), using internal implementation
c196-081:19064:19064 [0] NCCL INFO NET/IB : Using [0]mlx4_0:1/IB [RO]; OOB ib0:192.168.44.115<0>
c196-081:19064:19064 [0] NCCL INFO Using network IB
c196-061:5471:5471 [2] NCCL INFO Bootstrap : Using ib0:192.168.44.111<0>
c196-061:5472:5472 [3] NCCL INFO Bootstrap : Using ib0:192.168.44.111<0>
c196-061:5471:5471 [2] NCCL INFO NET/Plugin : No plugin found (libnccl-net.so), using internal implementation
c196-061:5472:5472 [3] NCCL INFO NET/Plugin : No plugin found (libnccl-net.so), using internal implementation
c196-061:5471:5471 [2] NCCL INFO NET/IB : Using [0]mlx4_0:1/IB [RO]; OOB ib0:192.168.44.111<0>
c196-061:5471:5471 [2] NCCL INFO Using network IB
c196-061:5472:5472 [3] NCCL INFO NET/IB : Using [0]mlx4_0:1/IB [RO]; OOB ib0:192.168.44.111<0>
c196-061:5472:5472 [3] NCCL INFO Using network IB
c196-081:19065:19065 [1] NCCL INFO Bootstrap : Using ib0:192.168.44.115<0>
c196-081:19065:19065 [1] NCCL INFO NET/Plugin : No plugin found (libnccl-net.so), using internal implementation
c196-061:5469:5469 [0] NCCL INFO Bootstrap : Using ib0:192.168.44.111<0>
c196-061:5470:5470 [1] NCCL INFO Bootstrap : Using ib0:192.168.44.111<0>
c196-061:5469:5469 [0] NCCL INFO NET/Plugin : No plugin found (libnccl-net.so), using internal implementation
c196-081:19065:19065 [1] NCCL INFO NET/IB : Using [0]mlx4_0:1/IB [RO]; OOB ib0:192.168.44.115<0>
c196-081:19065:19065 [1] NCCL INFO Using network IB
c196-061:5470:5470 [1] NCCL INFO NET/Plugin : No plugin found (libnccl-net.so), using internal implementation
c196-061:5470:5470 [1] NCCL INFO NET/IB : Using [0]mlx4_0:1/IB [RO]; OOB ib0:192.168.44.111<0>
c196-061:5470:5470 [1] NCCL INFO Using network IB
c196-061:5469:5469 [0] NCCL INFO NET/IB : Using [0]mlx4_0:1/IB [RO]; OOB ib0:192.168.44.111<0>
c196-061:5469:5469 [0] NCCL INFO Using network IB
c196-062:10016:10016 [2] NCCL INFO Bootstrap : Using ib0:192.168.44.112<0>
c196-062:10017:10017 [3] NCCL INFO Bootstrap : Using ib0:192.168.44.112<0>
c196-062:10016:10016 [2] NCCL INFO NET/Plugin : No plugin found (libnccl-net.so), using internal implementation
c196-062:10017:10017 [3] NCCL INFO NET/Plugin : No plugin found (libnccl-net.so), using internal implementation
c196-051:9676:9676 [2] NCCL INFO Bootstrap : Using ib0:192.168.44.109<0>
c196-051:9677:9677 [3] NCCL INFO Bootstrap : Using ib0:192.168.44.109<0>
c196-051:9676:9676 [2] NCCL INFO NET/Plugin : No plugin found (libnccl-net.so), using internal implementation
c196-051:9677:9677 [3] NCCL INFO NET/Plugin : No plugin found (libnccl-net.so), using internal implementation
c196-072:27977:27977 [3] NCCL INFO Bootstrap : Using ib0:192.168.44.114<0>
c196-072:27977:27977 [3] NCCL INFO NET/Plugin : No plugin found (libnccl-net.so), using internal implementation
c196-051:9677:9677 [3] NCCL INFO NET/IB : Using [0]mlx4_0:1/IB [RO]; OOB ib0:192.168.44.109<0>
c196-051:9677:9677 [3] NCCL INFO Using network IB
c196-051:9676:9676 [2] NCCL INFO NET/IB : Using [0]mlx4_0:1/IB [RO]; OOB ib0:192.168.44.109<0>
c196-051:9676:9676 [2] NCCL INFO Using network IB
c196-062:10014:10014 [0] NCCL INFO Bootstrap : Using ib0:192.168.44.112<0>
c196-062:10015:10015 [1] NCCL INFO Bootstrap : Using ib0:192.168.44.112<0>
c196-062:10014:10014 [0] NCCL INFO NET/Plugin : No plugin found (libnccl-net.so), using internal implementation
c196-062:10015:10015 [1] NCCL INFO NET/Plugin : No plugin found (libnccl-net.so), using internal implementation
c196-051:9674:9674 [0] NCCL INFO Bootstrap : Using ib0:192.168.44.109<0>
c196-051:9674:9674 [0] NCCL INFO NET/Plugin : No plugin found (libnccl-net.so), using internal implementation
c196-062:10016:10016 [2] NCCL INFO NET/IB : Using [0]mlx4_0:1/IB [RO]; OOB ib0:192.168.44.112<0>
c196-062:10016:10016 [2] NCCL INFO Using network IB
c196-062:10017:10017 [3] NCCL INFO NET/IB : Using [0]mlx4_0:1/IB [RO]; OOB ib0:192.168.44.112<0>
c196-062:10017:10017 [3] NCCL INFO Using network IB
c196-052:31936:31936 [3] NCCL INFO Bootstrap : Using ib0:192.168.44.110<0>
c196-052:31936:31936 [3] NCCL INFO NET/Plugin : No plugin found (libnccl-net.so), using internal implementation
c196-051:9674:9674 [0] NCCL INFO NET/IB : Using [0]mlx4_0:1/IB [RO]; OOB ib0:192.168.44.109<0>
c196-051:9674:9674 [0] NCCL INFO Using network IB
c196-051:9675:9675 [1] NCCL INFO Bootstrap : Using ib0:192.168.44.109<0>
c196-072:27974:27974 [0] NCCL INFO Bootstrap : Using ib0:192.168.44.114<0>
c196-051:9675:9675 [1] NCCL INFO NET/Plugin : No plugin found (libnccl-net.so), using internal implementation
c196-062:10015:10015 [1] NCCL INFO NET/IB : Using [0]mlx4_0:1/IB [RO]; OOB ib0:192.168.44.112<0>
c196-062:10015:10015 [1] NCCL INFO Using network IB
c196-072:27976:27976 [2] NCCL INFO Bootstrap : Using ib0:192.168.44.114<0>
c196-062:10014:10014 [0] NCCL INFO NET/IB : Using [0]mlx4_0:1/IB [RO]; OOB ib0:192.168.44.112<0>
c196-062:10014:10014 [0] NCCL INFO Using network IB
c196-072:27975:27975 [1] NCCL INFO Bootstrap : Using ib0:192.168.44.114<0>
c196-072:27976:27976 [2] NCCL INFO NET/Plugin : No plugin found (libnccl-net.so), using internal implementation
c196-072:27974:27974 [0] NCCL INFO NET/Plugin : No plugin found (libnccl-net.so), using internal implementation
c196-072:27975:27975 [1] NCCL INFO NET/Plugin : No plugin found (libnccl-net.so), using internal implementation
c196-052:31936:31936 [3] NCCL INFO NET/IB : Using [0]mlx4_0:1/IB [RO]; OOB ib0:192.168.44.110<0>
c196-052:31936:31936 [3] NCCL INFO Using network IB
c196-072:27977:27977 [3] NCCL INFO NET/IB : Using [0]mlx4_0:1/IB [RO]; OOB ib0:192.168.44.114<0>
c196-072:27977:27977 [3] NCCL INFO Using network IB
c196-052:31935:31935 [2] NCCL INFO Bootstrap : Using ib0:192.168.44.110<0>
c196-052:31935:31935 [2] NCCL INFO NET/Plugin : No plugin found (libnccl-net.so), using internal implementation
c196-051:9675:9675 [1] NCCL INFO NET/IB : Using [0]mlx4_0:1/IB [RO]; OOB ib0:192.168.44.109<0>
c196-051:9675:9675 [1] NCCL INFO Using network IB
c196-052:31935:31935 [2] NCCL INFO NET/IB : Using [0]mlx4_0:1/IB [RO]; OOB ib0:192.168.44.110<0>
c196-052:31935:31935 [2] NCCL INFO Using network IB
c196-072:27976:27976 [2] NCCL INFO NET/IB : Using [0]mlx4_0:1/IB [RO]; OOB ib0:192.168.44.114<0>
c196-072:27976:27976 [2] NCCL INFO Using network IB
c196-072:27974:27974 [0] NCCL INFO NET/IB : Using [0]mlx4_0:1/IB [RO]; OOB ib0:192.168.44.114<0>
c196-072:27974:27974 [0] NCCL INFO Using network IB
c196-072:27975:27975 [1] NCCL INFO NET/IB : Using [0]mlx4_0:1/IB [RO]; OOB ib0:192.168.44.114<0>
c196-072:27975:27975 [1] NCCL INFO Using network IB
c196-071:17789:17789 [2] NCCL INFO Bootstrap : Using ib0:192.168.44.113<0>
c196-071:17790:17790 [3] NCCL INFO Bootstrap : Using ib0:192.168.44.113<0>
c196-071:17789:17789 [2] NCCL INFO NET/Plugin : No plugin found (libnccl-net.so), using internal implementation
c196-071:17790:17790 [3] NCCL INFO NET/Plugin : No plugin found (libnccl-net.so), using internal implementation
c196-052:31933:31933 [0] NCCL INFO Bootstrap : Using ib0:192.168.44.110<0>
c196-052:31933:31933 [0] NCCL INFO NET/Plugin : No plugin found (libnccl-net.so), using internal implementation
c196-071:17789:17789 [2] NCCL INFO NET/IB : Using [0]mlx4_0:1/IB [RO]; OOB ib0:192.168.44.113<0>
c196-071:17789:17789 [2] NCCL INFO Using network IB
c196-071:17790:17790 [3] NCCL INFO NET/IB : Using [0]mlx4_0:1/IB [RO]; OOB ib0:192.168.44.113<0>
c196-071:17790:17790 [3] NCCL INFO Using network IB
c196-052:31933:31933 [0] NCCL INFO NET/IB : Using [0]mlx4_0:1/IB [RO]; OOB ib0:192.168.44.110<0>
c196-052:31933:31933 [0] NCCL INFO Using network IB
c196-052:31934:31934 [1] NCCL INFO Bootstrap : Using ib0:192.168.44.110<0>
c196-052:31934:31934 [1] NCCL INFO NET/Plugin : No plugin found (libnccl-net.so), using internal implementation
c196-052:31934:31934 [1] NCCL INFO NET/IB : Using [0]mlx4_0:1/IB [RO]; OOB ib0:192.168.44.110<0>
c196-052:31934:31934 [1] NCCL INFO Using network IB
c196-071:17787:17787 [0] NCCL INFO Bootstrap : Using ib0:192.168.44.113<0>
c196-071:17788:17788 [1] NCCL INFO Bootstrap : Using ib0:192.168.44.113<0>
c196-071:17787:17787 [0] NCCL INFO NET/Plugin : No plugin found (libnccl-net.so), using internal implementation
c196-071:17788:17788 [1] NCCL INFO NET/Plugin : No plugin found (libnccl-net.so), using internal implementation
c196-071:17787:17787 [0] NCCL INFO NET/IB : Using [0]mlx4_0:1/IB [RO]; OOB ib0:192.168.44.113<0>
c196-071:17787:17787 [0] NCCL INFO Using network IB
c196-071:17788:17788 [1] NCCL INFO NET/IB : Using [0]mlx4_0:1/IB [RO]; OOB ib0:192.168.44.113<0>
c196-071:17788:17788 [1] NCCL INFO Using network IB
c196-042:14701:14732 [0] NCCL INFO Setting affinity for GPU 0 to 0f000f
c196-042:14703:14739 [2] NCCL INFO Setting affinity for GPU 2 to 0f000f00
c196-042:14704:14738 [3] NCCL INFO Setting affinity for GPU 3 to f000f000
c196-081:19066:19097 [2] NCCL INFO Setting affinity for GPU 2 to 0f00
c196-042:14702:14741 [1] NCCL INFO Setting affinity for GPU 1 to f000f0
c196-081:19067:19099 [3] NCCL INFO Setting affinity for GPU 3 to f000
c196-071:17789:17821 [2] NCCL INFO Setting affinity for GPU 2 to 0f000f00
c196-061:5471:5503 [2] NCCL INFO Setting affinity for GPU 2 to 0f000f00
c196-061:5472:5504 [3] NCCL INFO Setting affinity for GPU 3 to f000f000
c196-071:17790:17822 [3] NCCL INFO Setting affinity for GPU 3 to f000f000
c196-062:10016:10049 [2] NCCL INFO Setting affinity for GPU 2 to 0f000f00
c196-062:10017:10050 [3] NCCL INFO Setting affinity for GPU 3 to f000f000
c196-052:31935:31968 [2] NCCL INFO Setting affinity for GPU 2 to 0f000f00
c196-072:27976:28009 [2] NCCL INFO Setting affinity for GPU 2 to 0f000f00
c196-072:27977:28007 [3] NCCL INFO Setting affinity for GPU 3 to f000f000
c196-052:31936:31966 [3] NCCL INFO Setting affinity for GPU 3 to f000f000
c196-071:17788:17826 [1] NCCL INFO Setting affinity for GPU 1 to f000f0
c196-051:9676:9710 [2] NCCL INFO Setting affinity for GPU 2 to 0f000f00
c196-051:9677:9709 [3] NCCL INFO Setting affinity for GPU 3 to f000f000
c196-081:19065:19103 [1] NCCL INFO Setting affinity for GPU 1 to f0
c196-062:10015:10053 [1] NCCL INFO Setting affinity for GPU 1 to f000f0
c196-062:10014:10054 [0] NCCL INFO Setting affinity for GPU 0 to 0f000f
c196-061:5469:5508 [0] NCCL INFO Setting affinity for GPU 0 to 0f000f
c196-071:17787:17825 [0] NCCL INFO Setting affinity for GPU 0 to 0f000f
c196-072:27974:28012 [0] NCCL INFO Setting affinity for GPU 0 to 0f000f
c196-072:27975:28013 [1] NCCL INFO Setting affinity for GPU 1 to f000f0
c196-061:5470:5507 [1] NCCL INFO Setting affinity for GPU 1 to f000f0
c196-081:19064:19101 [0] NCCL INFO Setting affinity for GPU 0 to 0f
c196-052:31934:31972 [1] NCCL INFO Setting affinity for GPU 1 to f000f0
c196-051:9674:9712 [0] NCCL INFO Setting affinity for GPU 0 to 0f000f
c196-052:31933:31970 [0] NCCL INFO Setting affinity for GPU 0 to 0f000f
c196-051:9675:9714 [1] NCCL INFO Setting affinity for GPU 1 to f000f0
c196-052:31933:31970 [0] NCCL INFO Trees [0] 9/12/-1->8->17 [1] 9/-1/-1->8->5
c196-051:9677:9709 [3] NCCL INFO Trees [0] -1/-1/-1->7->6 [1] -1/-1/-1->7->6
c196-042:14702:14741 [1] NCCL INFO Trees [0] 2/-1/-1->1->0 [1] 2/-1/-1->1->0
c196-052:31934:31972 [1] NCCL INFO Trees [0] 10/4/-1->9->8 [1] 10/-1/-1->9->8
c196-051:9676:9710 [2] NCCL INFO Trees [0] 7/-1/-1->6->5 [1] 7/-1/-1->6->5
c196-042:14703:14739 [2] NCCL INFO Trees [0] 3/-1/-1->2->1 [1] 3/-1/-1->2->1
c196-081:19065:19103 [1] NCCL INFO Trees [0] 30/-1/-1->29->28 [1] 30/-1/-1->29->28
c196-062:10014:10054 [0] NCCL INFO Trees [0] 17/24/-1->16->0 [1] 17/-1/-1->16->20
c196-071:17790:17822 [3] NCCL INFO Trees [0] -1/-1/-1->23->22 [1] -1/-1/-1->23->22
c196-072:27977:28007 [3] NCCL INFO Trees [0] -1/-1/-1->27->26 [1] -1/-1/-1->27->26
c196-052:31935:31968 [2] NCCL INFO Trees [0] 11/-1/-1->10->9 [1] 11/-1/-1->10->9
c196-051:9675:9714 [1] NCCL INFO Trees [0] 6/-1/-1->5->4 [1] 6/8/-1->5->4
c196-042:14704:14738 [3] NCCL INFO Trees [0] -1/-1/-1->3->2 [1] -1/-1/-1->3->2
c196-081:19066:19097 [2] NCCL INFO Trees [0] 31/-1/-1->30->29 [1] 31/-1/-1->30->29
c196-061:5469:5508 [0] NCCL INFO Trees [0] 13/-1/-1->12->8 [1] 13/4/-1->12->28
c196-062:10015:10053 [1] NCCL INFO Trees [0] 18/8/-1->17->16 [1] 18/-1/-1->17->16
c196-071:17788:17826 [1] NCCL INFO Trees [0] 22/-1/-1->21->20 [1] 22/24/-1->21->20
c196-072:27976:28009 [2] NCCL INFO Trees [0] 27/-1/-1->26->25 [1] 27/-1/-1->26->25
c196-052:31936:31966 [3] NCCL INFO Trees [0] -1/-1/-1->11->10 [1] -1/-1/-1->11->10
c196-051:9674:9712 [0] NCCL INFO Trees [0] 5/-1/-1->4->9 [1] 5/0/-1->4->12
c196-042:14701:14732 [0] NCCL INFO Channel 00/02 :    0   1   2   3   4   5   6   7   8   9  10  11  12  13  14  15  16  17  18  19
c196-042:14701:14732 [0] NCCL INFO Channel 01/02 :    0   1   2   3   4   5   6   7   8   9  10  11  12  13  14  15  16  17  18  19
c196-081:19067:19099 [3] NCCL INFO Trees [0] -1/-1/-1->31->30 [1] -1/-1/-1->31->30
c196-061:5470:5507 [1] NCCL INFO Trees [0] 14/-1/-1->13->12 [1] 14/20/-1->13->12
c196-062:10016:10049 [2] NCCL INFO Trees [0] 19/-1/-1->18->17 [1] 19/-1/-1->18->17
c196-071:17789:17821 [2] NCCL INFO Trees [0] 23/-1/-1->22->21 [1] 23/-1/-1->22->21
c196-072:27975:28013 [1] NCCL INFO Trees [0] 26/20/-1->25->24 [1] 26/-1/-1->25->24
c196-042:14701:14732 [0] NCCL INFO Trees [0] 1/16/-1->0->-1 [1] 1/-1/-1->0->4
c196-081:19064:19101 [0] NCCL INFO Trees [0] 29/-1/-1->28->24 [1] 29/12/-1->28->-1
c196-061:5471:5503 [2] NCCL INFO Trees [0] 15/-1/-1->14->13 [1] 15/-1/-1->14->13
c196-062:10017:10050 [3] NCCL INFO Trees [0] -1/-1/-1->19->18 [1] -1/-1/-1->19->18
c196-071:17787:17825 [0] NCCL INFO Trees [0] 21/-1/-1->20->25 [1] 21/16/-1->20->13
c196-072:27974:28012 [0] NCCL INFO Trees [0] 25/28/-1->24->16 [1] 25/-1/-1->24->21
c196-061:5472:5504 [3] NCCL INFO Trees [0] -1/-1/-1->15->14 [1] -1/-1/-1->15->14
c196-081:19064:19101 [0] NCCL INFO Channel 00/0 : 27[83000] -> 28[2000] [receive] via NET/IB/0
c196-052:31933:31970 [0] NCCL INFO Channel 00/0 : 7[83000] -> 8[2000] [receive] via NET/IB/0
c196-061:5469:5508 [0] NCCL INFO Channel 00/0 : 11[83000] -> 12[2000] [receive] via NET/IB/0
c196-062:10014:10054 [0] NCCL INFO Channel 00/0 : 15[83000] -> 16[2000] [receive] via NET/IB/0
c196-072:27974:28012 [0] NCCL INFO Channel 00/0 : 23[83000] -> 24[2000] [receive] via NET/IB/0
c196-051:9674:9712 [0] NCCL INFO Channel 00/0 : 3[83000] -> 4[2000] [receive] via NET/IB/0
c196-071:17787:17825 [0] NCCL INFO Channel 00/0 : 19[83000] -> 20[2000] [receive] via NET/IB/0
c196-042:14701:14732 [0] NCCL INFO Channel 00/0 : 31[83000] -> 0[2000] [receive] via NET/IB/0
c196-081:19066:19097 [2] NCCL INFO Channel 00 : 30[82000] -> 31[83000] via direct shared memory
c196-081:19065:19103 [1] NCCL INFO Channel 00 : 29[3000] -> 30[82000] via direct shared memory
c196-081:19066:19097 [2] NCCL INFO Channel 01 : 30[82000] -> 31[83000] via direct shared memory
c196-081:19065:19103 [1] NCCL INFO Channel 01 : 29[3000] -> 30[82000] via direct shared memory
c196-052:31935:31968 [2] NCCL INFO Channel 00 : 10[82000] -> 11[83000] via direct shared memory
c196-052:31935:31968 [2] NCCL INFO Channel 01 : 10[82000] -> 11[83000] via direct shared memory
c196-071:17789:17821 [2] NCCL INFO Channel 00 : 22[82000] -> 23[83000] via direct shared memory
c196-071:17788:17826 [1] NCCL INFO Channel 00 : 21[3000] -> 22[82000] via direct shared memory
c196-072:27976:28009 [2] NCCL INFO Channel 00 : 26[82000] -> 27[83000] via direct shared memory
c196-042:14703:14739 [2] NCCL INFO Channel 00 : 2[82000] -> 3[83000] via direct shared memory
c196-071:17789:17821 [2] NCCL INFO Channel 01 : 22[82000] -> 23[83000] via direct shared memory
c196-072:27975:28013 [1] NCCL INFO Channel 00 : 25[3000] -> 26[82000] via direct shared memory
c196-071:17788:17826 [1] NCCL INFO Channel 01 : 21[3000] -> 22[82000] via direct shared memory
c196-072:27976:28009 [2] NCCL INFO Channel 01 : 26[82000] -> 27[83000] via direct shared memory
c196-051:9676:9710 [2] NCCL INFO Channel 00 : 6[82000] -> 7[83000] via direct shared memory
c196-042:14702:14741 [1] NCCL INFO Channel 00 : 1[3000] -> 2[82000] via direct shared memory
c196-061:5471:5503 [2] NCCL INFO Channel 00 : 14[82000] -> 15[83000] via direct shared memory
c196-072:27975:28013 [1] NCCL INFO Channel 01 : 25[3000] -> 26[82000] via direct shared memory
c196-051:9675:9714 [1] NCCL INFO Channel 00 : 5[3000] -> 6[82000] via direct shared memory
c196-042:14703:14739 [2] NCCL INFO Channel 01 : 2[82000] -> 3[83000] via direct shared memory
c196-061:5470:5507 [1] NCCL INFO Channel 00 : 13[3000] -> 14[82000] via direct shared memory
c196-051:9676:9710 [2] NCCL INFO Channel 01 : 6[82000] -> 7[83000] via direct shared memory
c196-042:14702:14741 [1] NCCL INFO Channel 01 : 1[3000] -> 2[82000] via direct shared memory
c196-061:5471:5503 [2] NCCL INFO Channel 01 : 14[82000] -> 15[83000] via direct shared memory
c196-062:10015:10053 [1] NCCL INFO Channel 00 : 17[3000] -> 18[82000] via direct shared memory
c196-051:9675:9714 [1] NCCL INFO Channel 01 : 5[3000] -> 6[82000] via direct shared memory
c196-061:5470:5507 [1] NCCL INFO Channel 01 : 13[3000] -> 14[82000] via direct shared memory
c196-062:10016:10049 [2] NCCL INFO Channel 00 : 18[82000] -> 19[83000] via direct shared memory
c196-052:31934:31972 [1] NCCL INFO Channel 00 : 9[3000] -> 10[82000] via direct shared memory
c196-062:10015:10053 [1] NCCL INFO Channel 01 : 17[3000] -> 18[82000] via direct shared memory
c196-062:10016:10049 [2] NCCL INFO Channel 01 : 18[82000] -> 19[83000] via direct shared memory
c196-052:31934:31972 [1] NCCL INFO Channel 01 : 9[3000] -> 10[82000] via direct shared memory
c196-081:19067:19099 [3] NCCL INFO Channel 00/0 : 31[83000] -> 0[2000] [send] via NET/IB/0
c196-052:31936:31966 [3] NCCL INFO Channel 00/0 : 11[83000] -> 12[2000] [send] via NET/IB/0
c196-071:17790:17822 [3] NCCL INFO Channel 00/0 : 23[83000] -> 24[2000] [send] via NET/IB/0
c196-072:27977:28007 [3] NCCL INFO Channel 00/0 : 27[83000] -> 28[2000] [send] via NET/IB/0
c196-051:9677:9709 [3] NCCL INFO Channel 00/0 : 7[83000] -> 8[2000] [send] via NET/IB/0
c196-061:5472:5504 [3] NCCL INFO Channel 00/0 : 15[83000] -> 16[2000] [send] via NET/IB/0
c196-042:14704:14738 [3] NCCL INFO Channel 00/0 : 3[83000] -> 4[2000] [send] via NET/IB/0
c196-062:10017:10050 [3] NCCL INFO Channel 00/0 : 19[83000] -> 20[2000] [send] via NET/IB/0
c196-052:31933:31970 [0] NCCL INFO Channel 01/0 : 7[83000] -> 8[2000] [receive] via NET/IB/0
c196-062:10014:10054 [0] NCCL INFO Channel 01/0 : 15[83000] -> 16[2000] [receive] via NET/IB/0
c196-061:5469:5508 [0] NCCL INFO Channel 01/0 : 11[83000] -> 12[2000] [receive] via NET/IB/0
c196-072:27974:28012 [0] NCCL INFO Channel 01/0 : 23[83000] -> 24[2000] [receive] via NET/IB/0
c196-052:31933:31970 [0] NCCL INFO Channel 00 : 8[2000] -> 9[3000] via direct shared memory
c196-061:5469:5508 [0] NCCL INFO Channel 00 : 12[2000] -> 13[3000] via direct shared memory
c196-062:10014:10054 [0] NCCL INFO Channel 00 : 16[2000] -> 17[3000] via direct shared memory
c196-052:31933:31970 [0] NCCL INFO Channel 01 : 8[2000] -> 9[3000] via direct shared memory
c196-081:19064:19101 [0] NCCL INFO Channel 01/0 : 27[83000] -> 28[2000] [receive] via NET/IB/0
c196-061:5469:5508 [0] NCCL INFO Channel 01 : 12[2000] -> 13[3000] via direct shared memory
c196-062:10014:10054 [0] NCCL INFO Channel 01 : 16[2000] -> 17[3000] via direct shared memory
c196-072:27974:28012 [0] NCCL INFO Channel 00 : 24[2000] -> 25[3000] via direct shared memory
c196-081:19064:19101 [0] NCCL INFO Channel 00 : 28[2000] -> 29[3000] via direct shared memory
c196-072:27974:28012 [0] NCCL INFO Channel 01 : 24[2000] -> 25[3000] via direct shared memory
c196-051:9674:9712 [0] NCCL INFO Channel 01/0 : 3[83000] -> 4[2000] [receive] via NET/IB/0
c196-081:19064:19101 [0] NCCL INFO Channel 01 : 28[2000] -> 29[3000] via direct shared memory
c196-071:17787:17825 [0] NCCL INFO Channel 01/0 : 19[83000] -> 20[2000] [receive] via NET/IB/0
c196-042:14701:14732 [0] NCCL INFO Channel 01/0 : 31[83000] -> 0[2000] [receive] via NET/IB/0
c196-051:9674:9712 [0] NCCL INFO Channel 00 : 4[2000] -> 5[3000] via direct shared memory
c196-051:9674:9712 [0] NCCL INFO Channel 01 : 4[2000] -> 5[3000] via direct shared memory
c196-071:17787:17825 [0] NCCL INFO Channel 00 : 20[2000] -> 21[3000] via direct shared memory
c196-042:14701:14732 [0] NCCL INFO Channel 00 : 0[2000] -> 1[3000] via direct shared memory
c196-042:14701:14732 [0] NCCL INFO Channel 01 : 0[2000] -> 1[3000] via direct shared memory
c196-071:17787:17825 [0] NCCL INFO Channel 01 : 20[2000] -> 21[3000] via direct shared memory
c196-072:27975:28013 [1] NCCL INFO Connected all rings
c196-052:31934:31972 [1] NCCL INFO Connected all rings
c196-062:10015:10053 [1] NCCL INFO Connected all rings
c196-061:5470:5507 [1] NCCL INFO Connected all rings
c196-081:19065:19103 [1] NCCL INFO Connected all rings
c196-042:14702:14741 [1] NCCL INFO Connected all rings
c196-071:17788:17826 [1] NCCL INFO Connected all rings
c196-051:9675:9714 [1] NCCL INFO Connected all rings
c196-072:27975:28013 [1] NCCL INFO Channel 00/0 : 20[2000] -> 25[3000] [receive] via NET/IB/0
c196-052:31934:31972 [1] NCCL INFO Channel 00/0 : 4[2000] -> 9[3000] [receive] via NET/IB/0
c196-062:10015:10053 [1] NCCL INFO Channel 00/0 : 8[2000] -> 17[3000] [receive] via NET/IB/0
c196-061:5470:5507 [1] NCCL INFO Channel 01/0 : 13[3000] -> 20[2000] [send] via NET/IB/0
c196-051:9675:9714 [1] NCCL INFO Channel 01/0 : 5[3000] -> 8[2000] [send] via NET/IB/0
c196-071:17788:17826 [1] NCCL INFO Channel 01/0 : 21[3000] -> 24[2000] [send] via NET/IB/0
c196-081:19067:19099 [3] NCCL INFO Channel 01/0 : 31[83000] -> 0[2000] [send] via NET/IB/0
c196-071:17790:17822 [3] NCCL INFO Channel 01/0 : 23[83000] -> 24[2000] [send] via NET/IB/0
c196-052:31936:31966 [3] NCCL INFO Channel 01/0 : 11[83000] -> 12[2000] [send] via NET/IB/0
c196-061:5472:5504 [3] NCCL INFO Channel 01/0 : 15[83000] -> 16[2000] [send] via NET/IB/0
c196-072:27977:28007 [3] NCCL INFO Channel 01/0 : 27[83000] -> 28[2000] [send] via NET/IB/0
c196-051:9677:9709 [3] NCCL INFO Channel 01/0 : 7[83000] -> 8[2000] [send] via NET/IB/0
c196-042:14704:14738 [3] NCCL INFO Channel 01/0 : 3[83000] -> 4[2000] [send] via NET/IB/0
c196-062:10017:10050 [3] NCCL INFO Channel 01/0 : 19[83000] -> 20[2000] [send] via NET/IB/0
c196-081:19066:19097 [2] NCCL INFO Connected all rings
c196-052:31935:31968 [2] NCCL INFO Connected all rings
c196-072:27976:28009 [2] NCCL INFO Connected all rings
c196-061:5471:5503 [2] NCCL INFO Connected all rings
c196-071:17789:17821 [2] NCCL INFO Connected all rings
c196-081:19065:19103 [1] NCCL INFO Channel 00 : 29[3000] -> 28[2000] via direct shared memory
c196-081:19065:19103 [1] NCCL INFO Channel 01 : 29[3000] -> 28[2000] via direct shared memory
c196-051:9676:9710 [2] NCCL INFO Connected all rings
c196-042:14703:14739 [2] NCCL INFO Connected all rings
c196-062:10016:10049 [2] NCCL INFO Connected all rings
c196-042:14702:14741 [1] NCCL INFO Channel 00 : 1[3000] -> 0[2000] via direct shared memory
c196-042:14702:14741 [1] NCCL INFO Channel 01 : 1[3000] -> 0[2000] via direct shared memory
c196-071:17790:17822 [3] NCCL INFO Connected all rings
c196-071:17790:17822 [3] NCCL INFO Channel 00 : 23[83000] -> 22[82000] via direct shared memory
c196-071:17790:17822 [3] NCCL INFO Channel 01 : 23[83000] -> 22[82000] via direct shared memory
c196-052:31936:31966 [3] NCCL INFO Connected all rings
c196-072:27977:28007 [3] NCCL INFO Connected all rings
c196-061:5472:5504 [3] NCCL INFO Connected all rings
c196-052:31936:31966 [3] NCCL INFO Channel 00 : 11[83000] -> 10[82000] via direct shared memory
c196-061:5472:5504 [3] NCCL INFO Channel 00 : 15[83000] -> 14[82000] via direct shared memory
c196-072:27977:28007 [3] NCCL INFO Channel 00 : 27[83000] -> 26[82000] via direct shared memory
c196-052:31936:31966 [3] NCCL INFO Channel 01 : 11[83000] -> 10[82000] via direct shared memory
c196-061:5472:5504 [3] NCCL INFO Channel 01 : 15[83000] -> 14[82000] via direct shared memory
c196-072:27977:28007 [3] NCCL INFO Channel 01 : 27[83000] -> 26[82000] via direct shared memory
c196-051:9677:9709 [3] NCCL INFO Connected all rings
c196-081:19067:19099 [3] NCCL INFO Connected all rings
c196-051:9677:9709 [3] NCCL INFO Channel 00 : 7[83000] -> 6[82000] via direct shared memory
c196-051:9677:9709 [3] NCCL INFO Channel 01 : 7[83000] -> 6[82000] via direct shared memory
c196-081:19067:19099 [3] NCCL INFO Channel 00 : 31[83000] -> 30[82000] via direct shared memory
c196-062:10017:10050 [3] NCCL INFO Connected all rings
c196-081:19067:19099 [3] NCCL INFO Channel 01 : 31[83000] -> 30[82000] via direct shared memory
c196-042:14704:14738 [3] NCCL INFO Connected all rings
c196-081:19066:19097 [2] NCCL INFO Channel 00 : 30[82000] -> 29[3000] via direct shared memory
c196-042:14704:14738 [3] NCCL INFO Channel 00 : 3[83000] -> 2[82000] via direct shared memory
c196-062:10017:10050 [3] NCCL INFO Channel 00 : 19[83000] -> 18[82000] via direct shared memory
c196-062:10017:10050 [3] NCCL INFO Channel 01 : 19[83000] -> 18[82000] via direct shared memory
c196-081:19066:19097 [2] NCCL INFO Channel 01 : 30[82000] -> 29[3000] via direct shared memory
c196-042:14704:14738 [3] NCCL INFO Channel 01 : 3[83000] -> 2[82000] via direct shared memory
c196-072:27974:28012 [0] NCCL INFO Connected all rings
c196-062:10014:10054 [0] NCCL INFO Connected all rings
c196-061:5469:5508 [0] NCCL INFO Connected all rings
c196-081:19064:19101 [0] NCCL INFO Connected all rings
c196-052:31933:31970 [0] NCCL INFO Connected all rings
c196-042:14701:14732 [0] NCCL INFO Connected all rings
c196-071:17789:17821 [2] NCCL INFO Channel 00 : 22[82000] -> 21[3000] via direct shared memory
c196-071:17789:17821 [2] NCCL INFO Channel 01 : 22[82000] -> 21[3000] via direct shared memory
c196-051:9674:9712 [0] NCCL INFO Connected all rings
c196-052:31935:31968 [2] NCCL INFO Channel 00 : 10[82000] -> 9[3000] via direct shared memory
c196-072:27976:28009 [2] NCCL INFO Channel 00 : 26[82000] -> 25[3000] via direct shared memory
c196-052:31935:31968 [2] NCCL INFO Channel 01 : 10[82000] -> 9[3000] via direct shared memory
c196-071:17787:17825 [0] NCCL INFO Connected all rings
c196-072:27976:28009 [2] NCCL INFO Channel 01 : 26[82000] -> 25[3000] via direct shared memory
c196-081:19067:19099 [3] NCCL INFO Connected all trees
c196-081:19067:19099 [3] NCCL INFO MSCCL_XML_FILES set by environment to /home1/09168/ldai1/ccl-build/msccl_tools_lyd/examples/xml/xml_lyd/recursive_doubling/allreduce_recursive_doubling_2ch_32chunk.xml
c196-081:19067:19099 [3] NCCL INFO MSCCL: Parsing algorithm /home1/09168/ldai1/ccl-build/msccl_tools_lyd/examples/xml/xml_lyd/recursive_doubling/allreduce_recursive_doubling_2ch_32chunk.xml
c196-061:5471:5503 [2] NCCL INFO Channel 00 : 14[82000] -> 13[3000] via direct shared memory
c196-061:5471:5503 [2] NCCL INFO Channel 01 : 14[82000] -> 13[3000] via direct shared memory
c196-051:9676:9710 [2] NCCL INFO Channel 00 : 6[82000] -> 5[3000] via direct shared memory
c196-051:9676:9710 [2] NCCL INFO Channel 01 : 6[82000] -> 5[3000] via direct shared memory
c196-062:10016:10049 [2] NCCL INFO Channel 00 : 18[82000] -> 17[3000] via direct shared memory
c196-062:10016:10049 [2] NCCL INFO Channel 01 : 18[82000] -> 17[3000] via direct shared memory
c196-042:14703:14739 [2] NCCL INFO Channel 00 : 2[82000] -> 1[3000] via direct shared memory
c196-081:19066:19097 [2] NCCL INFO Connected all trees
c196-081:19066:19097 [2] NCCL INFO MSCCL_XML_FILES set by environment to /home1/09168/ldai1/ccl-build/msccl_tools_lyd/examples/xml/xml_lyd/recursive_doubling/allreduce_recursive_doubling_2ch_32chunk.xml
c196-081:19066:19097 [2] NCCL INFO MSCCL: Parsing algorithm /home1/09168/ldai1/ccl-build/msccl_tools_lyd/examples/xml/xml_lyd/recursive_doubling/allreduce_recursive_doubling_2ch_32chunk.xml
c196-042:14703:14739 [2] NCCL INFO Channel 01 : 2[82000] -> 1[3000] via direct shared memory
c196-071:17790:17822 [3] NCCL INFO Connected all trees
c196-071:17790:17822 [3] NCCL INFO MSCCL_XML_FILES set by environment to /home1/09168/ldai1/ccl-build/msccl_tools_lyd/examples/xml/xml_lyd/recursive_doubling/allreduce_recursive_doubling_2ch_32chunk.xml
c196-071:17790:17822 [3] NCCL INFO MSCCL: Parsing algorithm /home1/09168/ldai1/ccl-build/msccl_tools_lyd/examples/xml/xml_lyd/recursive_doubling/allreduce_recursive_doubling_2ch_32chunk.xml
c196-052:31936:31966 [3] NCCL INFO Connected all trees
c196-052:31936:31966 [3] NCCL INFO MSCCL_XML_FILES set by environment to /home1/09168/ldai1/ccl-build/msccl_tools_lyd/examples/xml/xml_lyd/recursive_doubling/allreduce_recursive_doubling_2ch_32chunk.xml
c196-052:31936:31966 [3] NCCL INFO MSCCL: Parsing algorithm /home1/09168/ldai1/ccl-build/msccl_tools_lyd/examples/xml/xml_lyd/recursive_doubling/allreduce_recursive_doubling_2ch_32chunk.xml
c196-072:27977:28007 [3] NCCL INFO Connected all trees
c196-072:27977:28007 [3] NCCL INFO MSCCL_XML_FILES set by environment to /home1/09168/ldai1/ccl-build/msccl_tools_lyd/examples/xml/xml_lyd/recursive_doubling/allreduce_recursive_doubling_2ch_32chunk.xml
c196-072:27977:28007 [3] NCCL INFO MSCCL: Parsing algorithm /home1/09168/ldai1/ccl-build/msccl_tools_lyd/examples/xml/xml_lyd/recursive_doubling/allreduce_recursive_doubling_2ch_32chunk.xml
c196-061:5472:5504 [3] NCCL INFO Connected all trees
c196-061:5472:5504 [3] NCCL INFO MSCCL_XML_FILES set by environment to /home1/09168/ldai1/ccl-build/msccl_tools_lyd/examples/xml/xml_lyd/recursive_doubling/allreduce_recursive_doubling_2ch_32chunk.xml
c196-061:5472:5504 [3] NCCL INFO MSCCL: Parsing algorithm /home1/09168/ldai1/ccl-build/msccl_tools_lyd/examples/xml/xml_lyd/recursive_doubling/allreduce_recursive_doubling_2ch_32chunk.xml
c196-051:9677:9709 [3] NCCL INFO Connected all trees
c196-051:9677:9709 [3] NCCL INFO MSCCL_XML_FILES set by environment to /home1/09168/ldai1/ccl-build/msccl_tools_lyd/examples/xml/xml_lyd/recursive_doubling/allreduce_recursive_doubling_2ch_32chunk.xml
c196-062:10017:10050 [3] NCCL INFO Connected all trees
c196-062:10017:10050 [3] NCCL INFO MSCCL_XML_FILES set by environment to /home1/09168/ldai1/ccl-build/msccl_tools_lyd/examples/xml/xml_lyd/recursive_doubling/allreduce_recursive_doubling_2ch_32chunk.xml
c196-051:9677:9709 [3] NCCL INFO MSCCL: Parsing algorithm /home1/09168/ldai1/ccl-build/msccl_tools_lyd/examples/xml/xml_lyd/recursive_doubling/allreduce_recursive_doubling_2ch_32chunk.xml
c196-062:10017:10050 [3] NCCL INFO MSCCL: Parsing algorithm /home1/09168/ldai1/ccl-build/msccl_tools_lyd/examples/xml/xml_lyd/recursive_doubling/allreduce_recursive_doubling_2ch_32chunk.xml
c196-042:14704:14738 [3] NCCL INFO Connected all trees
c196-042:14704:14738 [3] NCCL INFO MSCCL_XML_FILES set by environment to /home1/09168/ldai1/ccl-build/msccl_tools_lyd/examples/xml/xml_lyd/recursive_doubling/allreduce_recursive_doubling_2ch_32chunk.xml
c196-042:14704:14738 [3] NCCL INFO MSCCL: Parsing algorithm /home1/09168/ldai1/ccl-build/msccl_tools_lyd/examples/xml/xml_lyd/recursive_doubling/allreduce_recursive_doubling_2ch_32chunk.xml
c196-042:14703:14739 [2] NCCL INFO Connected all trees
c196-042:14703:14739 [2] NCCL INFO MSCCL_XML_FILES set by environment to /home1/09168/ldai1/ccl-build/msccl_tools_lyd/examples/xml/xml_lyd/recursive_doubling/allreduce_recursive_doubling_2ch_32chunk.xml
c196-042:14703:14739 [2] NCCL INFO MSCCL: Parsing algorithm /home1/09168/ldai1/ccl-build/msccl_tools_lyd/examples/xml/xml_lyd/recursive_doubling/allreduce_recursive_doubling_2ch_32chunk.xml
c196-062:10014:10054 [0] NCCL INFO Channel 01/0 : 16[2000] -> 20[2000] [send] via NET/IB/0
c196-061:5469:5508 [0] NCCL INFO Channel 00/0 : 8[2000] -> 12[2000] [receive] via NET/IB/0
c196-072:27974:28012 [0] NCCL INFO Channel 01/0 : 21[3000] -> 24[2000] [receive] via NET/IB/0
c196-081:19064:19101 [0] NCCL INFO Channel 00/0 : 24[2000] -> 28[2000] [receive] via NET/IB/0
c196-051:9674:9712 [0] NCCL INFO Channel 01/0 : 0[2000] -> 4[2000] [receive] via NET/IB/0
c196-042:14701:14732 [0] NCCL INFO Channel 01/0 : 0[2000] -> 4[2000] [send] via NET/IB/0
c196-052:31933:31970 [0] NCCL INFO Channel 01/0 : 5[3000] -> 8[2000] [receive] via NET/IB/0
c196-071:17787:17825 [0] NCCL INFO Channel 01/0 : 16[2000] -> 20[2000] [receive] via NET/IB/0
c196-042:14701:14732 [0] NCCL INFO Channel 00/0 : 16[2000] -> 0[2000] [receive] via NET/IB/0
c196-071:17788:17826 [1] NCCL INFO Channel 01/0 : 24[2000] -> 21[3000] [receive] via NET/IB/0
c196-072:27974:28012 [0] NCCL INFO Channel 00/0 : 24[2000] -> 28[2000] [send] via NET/IB/0
c196-051:9675:9714 [1] NCCL INFO Channel 01/0 : 8[2000] -> 5[3000] [receive] via NET/IB/0
c196-052:31933:31970 [0] NCCL INFO Channel 00/0 : 8[2000] -> 12[2000] [send] via NET/IB/0
c196-051:9674:9712 [0] NCCL INFO Channel 00/0 : 4[2000] -> 9[3000] [send] via NET/IB/0
c196-071:17787:17825 [0] NCCL INFO Channel 00/0 : 20[2000] -> 25[3000] [send] via NET/IB/0
c196-062:10014:10054 [0] NCCL INFO Channel 00/0 : 16[2000] -> 24[2000] [send] via NET/IB/0
c196-042:14701:14732 [0] NCCL INFO Channel 00/0 : 0[2000] -> 16[2000] [send] via NET/IB/0
c196-072:27974:28012 [0] NCCL INFO Channel 00/0 : 16[2000] -> 24[2000] [receive] via NET/IB/0
c196-052:31933:31970 [0] NCCL INFO Channel 00/0 : 8[2000] -> 17[3000] [send] via NET/IB/0
c196-051:9674:9712 [0] NCCL INFO Channel 01/0 : 4[2000] -> 12[2000] [send] via NET/IB/0
c196-071:17787:17825 [0] NCCL INFO Channel 01/0 : 13[3000] -> 20[2000] [receive] via NET/IB/0
c196-061:5469:5508 [0] NCCL INFO Channel 01/0 : 4[2000] -> 12[2000] [receive] via NET/IB/0
c196-052:31934:31972 [1] NCCL INFO Channel 00/0 : 9[3000] -> 4[2000] [send] via NET/IB/0
c196-072:27975:28013 [1] NCCL INFO Channel 00/0 : 25[3000] -> 20[2000] [send] via NET/IB/0
c196-081:19064:19101 [0] NCCL INFO Channel 01/0 : 12[2000] -> 28[2000] [receive] via NET/IB/0
c196-081:19066:19097 [2] NCCL INFO Parsed MSCCL Algorithm /home1/09168/ldai1/ccl-build/msccl_tools_lyd/examples/xml/xml_lyd/recursive_doubling/allreduce_recursive_doubling_2ch_32chunk.xml successfully.
c196-081:19067:19099 [3] NCCL INFO Parsed MSCCL Algorithm /home1/09168/ldai1/ccl-build/msccl_tools_lyd/examples/xml/xml_lyd/recursive_doubling/allreduce_recursive_doubling_2ch_32chunk.xml successfully.
c196-081:19064:19101 [0] NCCL INFO Channel 01/0 : 28[2000] -> 12[2000] [send] via NET/IB/0
c196-061:5472:5504 [3] NCCL INFO Parsed MSCCL Algorithm /home1/09168/ldai1/ccl-build/msccl_tools_lyd/examples/xml/xml_lyd/recursive_doubling/allreduce_recursive_doubling_2ch_32chunk.xml successfully.
c196-062:10017:10050 [3] NCCL INFO Parsed MSCCL Algorithm /home1/09168/ldai1/ccl-build/msccl_tools_lyd/examples/xml/xml_lyd/recursive_doubling/allreduce_recursive_doubling_2ch_32chunk.xml successfully.
c196-062:10014:10054 [0] NCCL INFO Channel 00/0 : 0[2000] -> 16[2000] [receive] via NET/IB/0
c196-052:31933:31970 [0] NCCL INFO Channel 00/0 : 17[3000] -> 8[2000] [receive] via NET/IB/0
c196-072:27974:28012 [0] NCCL INFO Channel 00/0 : 24[2000] -> 16[2000] [send] via NET/IB/0
c196-062:10015:10053 [1] NCCL INFO Channel 00/0 : 17[3000] -> 8[2000] [send] via NET/IB/0
c196-061:5470:5507 [1] NCCL INFO Channel 01/0 : 20[2000] -> 13[3000] [receive] via NET/IB/0
c196-071:17790:17822 [3] NCCL INFO Parsed MSCCL Algorithm /home1/09168/ldai1/ccl-build/msccl_tools_lyd/examples/xml/xml_lyd/recursive_doubling/allreduce_recursive_doubling_2ch_32chunk.xml successfully.
c196-052:31936:31966 [3] NCCL INFO Parsed MSCCL Algorithm /home1/09168/ldai1/ccl-build/msccl_tools_lyd/examples/xml/xml_lyd/recursive_doubling/allreduce_recursive_doubling_2ch_32chunk.xml successfully.
c196-071:17787:17825 [0] NCCL INFO Channel 01/0 : 20[2000] -> 13[3000] [send] via NET/IB/0
c196-042:14703:14739 [2] NCCL INFO Parsed MSCCL Algorithm /home1/09168/ldai1/ccl-build/msccl_tools_lyd/examples/xml/xml_lyd/recursive_doubling/allreduce_recursive_doubling_2ch_32chunk.xml successfully.
c196-061:5469:5508 [0] NCCL INFO Channel 01/0 : 28[2000] -> 12[2000] [receive] via NET/IB/0
c196-042:14704:14738 [3] NCCL INFO Parsed MSCCL Algorithm /home1/09168/ldai1/ccl-build/msccl_tools_lyd/examples/xml/xml_lyd/recursive_doubling/allreduce_recursive_doubling_2ch_32chunk.xml successfully.
c196-051:9674:9712 [0] NCCL INFO Channel 01/0 : 12[2000] -> 4[2000] [receive] via NET/IB/0
c196-051:9677:9709 [3] NCCL INFO Parsed MSCCL Algorithm /home1/09168/ldai1/ccl-build/msccl_tools_lyd/examples/xml/xml_lyd/recursive_doubling/allreduce_recursive_doubling_2ch_32chunk.xml successfully.
c196-072:27977:28007 [3] NCCL INFO Parsed MSCCL Algorithm /home1/09168/ldai1/ccl-build/msccl_tools_lyd/examples/xml/xml_lyd/recursive_doubling/allreduce_recursive_doubling_2ch_32chunk.xml successfully.
c196-081:19066:19097 [2] NCCL INFO Channel 02 : 30[82000] -> 31[83000] via direct shared memory
c196-081:19066:19097 [2] NCCL INFO Channel 03 : 30[82000] -> 31[83000] via direct shared memory
