c198-101:31821:31821 [3] NCCL INFO comm 0x2b5b5e402010 rank 47 nranks 64 cudaDev 3 busId 83000 - Destroy COMPLETE
c199-011:23263:23263 [3] NCCL INFO comm 0x2abc4cdb7010 rank 59 nranks 64 cudaDev 3 busId 83000 - Destroy COMPLETE
c196-092:4785:4785 [3] NCCL INFO comm 0x2b271e000010 rank 3 nranks 64 cudaDev 3 busId 83000 - Destroy COMPLETE
c197-012:18890:18890 [3] NCCL INFO comm 0x2b135e000010 rank 7 nranks 64 cudaDev 3 busId 83000 - Destroy COMPLETE
c198-111:29811:29811 [3] NCCL INFO comm 0x2ae10e000010 rank 55 nranks 64 cudaDev 3 busId 83000 - Destroy COMPLETE
c197-101:6613:6613 [3] NCCL INFO comm 0x2b536e000010 rank 39 nranks 64 cudaDev 3 busId 83000 - Destroy COMPLETE
c197-032:27742:27742 [3] NCCL INFO comm 0x2aedc2000010 rank 15 nranks 64 cudaDev 3 busId 83000 - Destroy COMPLETE
c197-092:8097:8097 [3] NCCL INFO comm 0x2abb70000010 rank 35 nranks 64 cudaDev 3 busId 83000 - Destroy COMPLETE
c198-102:22990:22990 [3] NCCL INFO comm 0x2b57f2336010 rank 51 nranks 64 cudaDev 3 busId 83000 - Destroy COMPLETE
c197-041:32434:32434 [3] NCCL INFO comm 0x2b47a2000010 rank 19 nranks 64 cudaDev 3 busId 83000 - Destroy COMPLETE
c198-091:30827:30827 [3] NCCL INFO comm 0x2b96e0000010 rank 43 nranks 64 cudaDev 3 busId 83000 - Destroy COMPLETE
c197-061:20697:20697 [3] NCCL INFO comm 0x2b257e000010 rank 27 nranks 64 cudaDev 3 busId 83000 - Destroy COMPLETE
c197-071:26359:26359 [3] NCCL INFO comm 0x2adf7e000010 rank 31 nranks 64 cudaDev 3 busId 83000 - Destroy COMPLETE
c199-012:28216:28216 [3] NCCL INFO comm 0x2ba8b55ae010 rank 63 nranks 64 cudaDev 3 busId 83000 - Destroy COMPLETE
c197-042:27782:27782 [2] NCCL INFO comm 0x2ba30e000010 rank 22 nranks 64 cudaDev 2 busId 82000 - Destroy COMPLETE
c199-011:23262:23262 [2] NCCL INFO comm 0x2ba642201010 rank 58 nranks 64 cudaDev 2 busId 82000 - Destroy COMPLETE
c198-101:31820:31820 [2] NCCL INFO comm 0x2ad90145a010 rank 46 nranks 64 cudaDev 2 busId 82000 - Destroy COMPLETE
c197-022:17246:17246 [2] NCCL INFO comm 0x2abbfdaf0010 rank 10 nranks 64 cudaDev 2 busId 82000 - Destroy COMPLETE
c196-092:4783:4783 [1] NCCL INFO comm 0x2afa12000010 rank 1 nranks 64 cudaDev 1 busId 3000 - Destroy COMPLETE
c199-012:28214:28214 [1] NCCL INFO comm 0x2b8fbe000010 rank 61 nranks 64 cudaDev 1 busId 3000 - Destroy COMPLETE
c198-102:22989:22989 [2] NCCL INFO comm 0x2b9fce000010 rank 50 nranks 64 cudaDev 2 busId 82000 - Destroy COMPLETE
c197-012:18889:18889 [2] NCCL INFO comm 0x2ad6b5890010 rank 6 nranks 64 cudaDev 2 busId 82000 - Destroy COMPLETE
c197-071:26358:26358 [2] NCCL INFO comm 0x2ae10e201010 rank 30 nranks 64 cudaDev 2 busId 82000 - Destroy COMPLETE
c198-111:29810:29810 [2] NCCL INFO comm 0x2b5100000010 rank 54 nranks 64 cudaDev 2 busId 82000 - Destroy COMPLETE
c197-041:32433:32433 [2] NCCL INFO comm 0x2b80e2175010 rank 18 nranks 64 cudaDev 2 busId 82000 - Destroy COMPLETE
c197-101:6612:6612 [2] NCCL INFO comm 0x2ae761abd010 rank 38 nranks 64 cudaDev 2 busId 82000 - Destroy COMPLETE
c197-092:8096:8096 [2] NCCL INFO comm 0x2af4a15ae010 rank 34 nranks 64 cudaDev 2 busId 82000 - Destroy COMPLETE
c197-032:27741:27741 [2] NCCL INFO comm 0x2aced2000010 rank 14 nranks 64 cudaDev 2 busId 82000 - Destroy COMPLETE
c198-091:30826:30826 [2] NCCL INFO comm 0x2b64a2000010 rank 42 nranks 64 cudaDev 2 busId 82000 - Destroy COMPLETE
c197-061:20696:20696 [2] NCCL INFO comm 0x2b91d4000010 rank 26 nranks 64 cudaDev 2 busId 82000 - Destroy COMPLETE
c196-092:4784:4784 [2] NCCL INFO comm 0x2ba7e20e0010 rank 2 nranks 64 cudaDev 2 busId 82000 - Destroy COMPLETE
c196-092:4782:4782 [0] NCCL INFO comm 0x2b990e000010 rank 0 nranks 64 cudaDev 0 busId 2000 - Destroy COMPLETE
c197-022:17244:17244 [0] NCCL INFO comm 0x2b342e000010 rank 8 nranks 64 cudaDev 0 busId 2000 - Destroy COMPLETE
c199-012:28213:28213 [0] NCCL INFO comm 0x2baa6e000010 rank 60 nranks 64 cudaDev 0 busId 2000 - Destroy COMPLETE
c198-091:30825:30825 [1] NCCL INFO comm 0x2b792da91010 rank 41 nranks 64 cudaDev 1 busId 3000 - Destroy COMPLETE
c197-022:17245:17245 [1] NCCL INFO comm 0x2b0d5e000010 rank 9 nranks 64 cudaDev 1 busId 3000 - Destroy COMPLETE
c199-012:28215:28215 [2] NCCL INFO comm 0x2ad830000010 rank 62 nranks 64 cudaDev 2 busId 82000 - Destroy COMPLETE
c199-011:23260:23260 [0] NCCL INFO comm 0x2b5bfc000010 rank 56 nranks 64 cudaDev 0 busId 2000 - Destroy COMPLETE
c197-042:27781:27781 [1] NCCL INFO comm 0x2b6aee000010 rank 21 nranks 64 cudaDev 1 busId 3000 - Destroy COMPLETE
c199-011:23261:23261 [1] NCCL INFO comm 0x2b2e52615010 rank 57 nranks 64 cudaDev 1 busId 3000 - Destroy COMPLETE
c198-101:31819:31819 [1] NCCL INFO comm 0x2aac5545a010 rank 45 nranks 64 cudaDev 1 busId 3000 - Destroy COMPLETE
c197-041:32432:32432 [1] NCCL INFO comm 0x2b0b1dafe010 rank 17 nranks 64 cudaDev 1 busId 3000 - Destroy COMPLETE
# Out of bounds values : 1344 FAILED
# Avg bus bandwidth    : 0.949748 
#
c198-102:22987:22987 [0] NCCL INFO comm 0x2b177599c010 rank 48 nranks 64 cudaDev 0 busId 2000 - Destroy COMPLETE
c198-102:22988:22988 [1] NCCL INFO comm 0x2b1aadc3d010 rank 49 nranks 64 cudaDev 1 busId 3000 - Destroy COMPLETE
c197-092:8095:8095 [1] NCCL INFO comm 0x2ab29e000010 rank 33 nranks 64 cudaDev 1 busId 3000 - Destroy COMPLETE
c197-042:27780:27780 [0] NCCL INFO comm 0x2b593e402010 rank 20 nranks 64 cudaDev 0 busId 2000 - Destroy COMPLETE
c198-101:31818:31818 [0] NCCL INFO comm 0x2b324577c010 rank 44 nranks 64 cudaDev 0 busId 2000 - Destroy COMPLETE
c197-041:32431:32431 [0] NCCL INFO comm 0x2b575e000010 rank 16 nranks 64 cudaDev 0 busId 2000 - Destroy COMPLETE
c198-111:29809:29809 [1] NCCL INFO comm 0x2b6ee54db010 rank 53 nranks 64 cudaDev 1 busId 3000 - Destroy COMPLETE
c197-012:18888:18888 [1] NCCL INFO comm 0x2b61d5c70010 rank 5 nranks 64 cudaDev 1 busId 3000 - Destroy COMPLETE
c197-092:8094:8094 [0] NCCL INFO comm 0x2b281e000010 rank 32 nranks 64 cudaDev 0 busId 2000 - Destroy COMPLETE
c197-061:20694:20694 [0] NCCL INFO comm 0x2ad356361010 rank 24 nranks 64 cudaDev 0 busId 2000 - Destroy COMPLETE
c198-091:30824:30824 [0] NCCL INFO comm 0x2b85b6015010 rank 40 nranks 64 cudaDev 0 busId 2000 - Destroy COMPLETE
c197-101:6611:6611 [1] NCCL INFO comm 0x2b659dc70010 rank 37 nranks 64 cudaDev 1 busId 3000 - Destroy COMPLETE
c197-061:20695:20695 [1] NCCL INFO comm 0x2b8bee000010 rank 25 nranks 64 cudaDev 1 busId 3000 - Destroy COMPLETE
c197-071:26357:26357 [1] NCCL INFO comm 0x2af96e000010 rank 29 nranks 64 cudaDev 1 busId 3000 - Destroy COMPLETE
c198-111:29808:29808 [0] NCCL INFO comm 0x2ba61e000010 rank 52 nranks 64 cudaDev 0 busId 2000 - Destroy COMPLETE
c197-012:18887:18887 [0] NCCL INFO comm 0x2b0484000010 rank 4 nranks 64 cudaDev 0 busId 2000 - Destroy COMPLETE
c197-032:27740:27740 [1] NCCL INFO comm 0x2b9270000010 rank 13 nranks 64 cudaDev 1 busId 3000 - Destroy COMPLETE
c197-071:26356:26356 [0] NCCL INFO comm 0x2b8ee0000010 rank 28 nranks 64 cudaDev 0 busId 2000 - Destroy COMPLETE
c197-032:27739:27739 [0] NCCL INFO comm 0x2b62a2000010 rank 12 nranks 64 cudaDev 0 busId 2000 - Destroy COMPLETE
c197-101:6610:6610 [0] NCCL INFO comm 0x2b399cdb7010 rank 36 nranks 64 cudaDev 0 busId 2000 - Destroy COMPLETE

# nThread 1 nGpus 1 minBytes 1024 maxBytes 268435456 step: 2(factor) warmup iters: 5 iters: 20 agg iters: 1 validation: 1 graph: 0
#
# Using devices
#  Rank  0 Group  0 Pid   4908 on   c196-092 device  0 [0x02] Quadro RTX 5000
#  Rank  1 Group  0 Pid   4909 on   c196-092 device  1 [0x03] Quadro RTX 5000
#  Rank  2 Group  0 Pid   4910 on   c196-092 device  2 [0x82] Quadro RTX 5000
#  Rank  3 Group  0 Pid   4911 on   c196-092 device  3 [0x83] Quadro RTX 5000
#  Rank  4 Group  0 Pid  18990 on   c197-012 device  0 [0x02] Quadro RTX 5000
#  Rank  5 Group  0 Pid  18991 on   c197-012 device  1 [0x03] Quadro RTX 5000
#  Rank  6 Group  0 Pid  18992 on   c197-012 device  2 [0x82] Quadro RTX 5000
#  Rank  7 Group  0 Pid  18993 on   c197-012 device  3 [0x83] Quadro RTX 5000
#  Rank  8 Group  0 Pid  17335 on   c197-022 device  0 [0x02] Quadro RTX 5000
#  Rank  9 Group  0 Pid  17336 on   c197-022 device  1 [0x03] Quadro RTX 5000
#  Rank 10 Group  0 Pid  17337 on   c197-022 device  2 [0x82] Quadro RTX 5000
#  Rank 11 Group  0 Pid  17338 on   c197-022 device  3 [0x83] Quadro RTX 5000
#  Rank 12 Group  0 Pid  27828 on   c197-032 device  0 [0x02] Quadro RTX 5000
#  Rank 13 Group  0 Pid  27829 on   c197-032 device  1 [0x03] Quadro RTX 5000
#  Rank 14 Group  0 Pid  27830 on   c197-032 device  2 [0x82] Quadro RTX 5000
#  Rank 15 Group  0 Pid  27831 on   c197-032 device  3 [0x83] Quadro RTX 5000
#  Rank 16 Group  0 Pid  32521 on   c197-041 device  0 [0x02] Quadro RTX 5000
#  Rank 17 Group  0 Pid  32522 on   c197-041 device  1 [0x03] Quadro RTX 5000
#  Rank 18 Group  0 Pid  32523 on   c197-041 device  2 [0x82] Quadro RTX 5000
#  Rank 19 Group  0 Pid  32524 on   c197-041 device  3 [0x83] Quadro RTX 5000
#  Rank 20 Group  0 Pid  27870 on   c197-042 device  0 [0x02] Quadro RTX 5000
#  Rank 21 Group  0 Pid  27871 on   c197-042 device  1 [0x03] Quadro RTX 5000
#  Rank 22 Group  0 Pid  27872 on   c197-042 device  2 [0x82] Quadro RTX 5000
#  Rank 23 Group  0 Pid  27873 on   c197-042 device  3 [0x83] Quadro RTX 5000
#  Rank 24 Group  0 Pid  20784 on   c197-061 device  0 [0x02] Quadro RTX 5000
#  Rank 25 Group  0 Pid  20785 on   c197-061 device  1 [0x03] Quadro RTX 5000
#  Rank 26 Group  0 Pid  20786 on   c197-061 device  2 [0x82] Quadro RTX 5000
#  Rank 27 Group  0 Pid  20787 on   c197-061 device  3 [0x83] Quadro RTX 5000
#  Rank 28 Group  0 Pid  26445 on   c197-071 device  0 [0x02] Quadro RTX 5000
#  Rank 29 Group  0 Pid  26446 on   c197-071 device  1 [0x03] Quadro RTX 5000
#  Rank 30 Group  0 Pid  26447 on   c197-071 device  2 [0x82] Quadro RTX 5000
#  Rank 31 Group  0 Pid  26448 on   c197-071 device  3 [0x83] Quadro RTX 5000
#  Rank 32 Group  0 Pid   8184 on   c197-092 device  0 [0x02] Quadro RTX 5000
#  Rank 33 Group  0 Pid   8185 on   c197-092 device  1 [0x03] Quadro RTX 5000
#  Rank 34 Group  0 Pid   8186 on   c197-092 device  2 [0x82] Quadro RTX 5000
#  Rank 35 Group  0 Pid   8187 on   c197-092 device  3 [0x83] Quadro RTX 5000
#  Rank 36 Group  0 Pid   6711 on   c197-101 device  0 [0x02] Quadro RTX 5000
#  Rank 37 Group  0 Pid   6712 on   c197-101 device  1 [0x03] Quadro RTX 5000
#  Rank 38 Group  0 Pid   6713 on   c197-101 device  2 [0x82] Quadro RTX 5000
#  Rank 39 Group  0 Pid   6714 on   c197-101 device  3 [0x83] Quadro RTX 5000
#  Rank 40 Group  0 Pid  30914 on   c198-091 device  0 [0x02] Quadro RTX 5000
#  Rank 41 Group  0 Pid  30915 on   c198-091 device  1 [0x03] Quadro RTX 5000
#  Rank 42 Group  0 Pid  30916 on   c198-091 device  2 [0x82] Quadro RTX 5000
#  Rank 43 Group  0 Pid  30917 on   c198-091 device  3 [0x83] Quadro RTX 5000
#  Rank 44 Group  0 Pid  31907 on   c198-101 device  0 [0x02] Quadro RTX 5000
#  Rank 45 Group  0 Pid  31908 on   c198-101 device  1 [0x03] Quadro RTX 5000
#  Rank 46 Group  0 Pid  31909 on   c198-101 device  2 [0x82] Quadro RTX 5000
#  Rank 47 Group  0 Pid  31910 on   c198-101 device  3 [0x83] Quadro RTX 5000
#  Rank 48 Group  0 Pid  23077 on   c198-102 device  0 [0x02] Quadro RTX 5000
#  Rank 49 Group  0 Pid  23078 on   c198-102 device  1 [0x03] Quadro RTX 5000
#  Rank 50 Group  0 Pid  23079 on   c198-102 device  2 [0x82] Quadro RTX 5000
#  Rank 51 Group  0 Pid  23080 on   c198-102 device  3 [0x83] Quadro RTX 5000
#  Rank 52 Group  0 Pid  29897 on   c198-111 device  0 [0x02] Quadro RTX 5000
#  Rank 53 Group  0 Pid  29898 on   c198-111 device  1 [0x03] Quadro RTX 5000
#  Rank 54 Group  0 Pid  29899 on   c198-111 device  2 [0x82] Quadro RTX 5000
#  Rank 55 Group  0 Pid  29900 on   c198-111 device  3 [0x83] Quadro RTX 5000
#  Rank 56 Group  0 Pid  23349 on   c199-011 device  0 [0x02] Quadro RTX 5000
#  Rank 57 Group  0 Pid  23350 on   c199-011 device  1 [0x03] Quadro RTX 5000
#  Rank 58 Group  0 Pid  23351 on   c199-011 device  2 [0x82] Quadro RTX 5000
#  Rank 59 Group  0 Pid  23352 on   c199-011 device  3 [0x83] Quadro RTX 5000
#  Rank 60 Group  0 Pid  28304 on   c199-012 device  0 [0x02] Quadro RTX 5000
#  Rank 61 Group  0 Pid  28305 on   c199-012 device  1 [0x03] Quadro RTX 5000
#  Rank 62 Group  0 Pid  28306 on   c199-012 device  2 [0x82] Quadro RTX 5000
#  Rank 63 Group  0 Pid  28307 on   c199-012 device  3 [0x83] Quadro RTX 5000
c196-092:4908:4908 [0] NCCL INFO Bootstrap : Using ib0:192.168.44.118<0>
c196-092:4908:4908 [0] NCCL INFO NET/Plugin : No plugin found (libnccl-net.so), using internal implementation
c196-092:4908:4908 [0] NCCL INFO NET/IB : Using [0]mlx4_0:1/IB [RO]; OOB ib0:192.168.44.118<0>
c196-092:4908:4908 [0] NCCL INFO Using network IB
NCCL version 2.12.12.MSCCL.0.7.4+cuda11.3
c196-092:4911:4911 [3] NCCL INFO Bootstrap : Using ib0:192.168.44.118<0>
c196-092:4911:4911 [3] NCCL INFO NET/Plugin : No plugin found (libnccl-net.so), using internal implementation
c196-092:4911:4911 [3] NCCL INFO NET/IB : Using [0]mlx4_0:1/IB [RO]; OOB ib0:192.168.44.118<0>
c196-092:4911:4911 [3] NCCL INFO Using network IB
c196-092:4910:4910 [2] NCCL INFO Bootstrap : Using ib0:192.168.44.118<0>
c196-092:4910:4910 [2] NCCL INFO NET/Plugin : No plugin found (libnccl-net.so), using internal implementation
c196-092:4910:4910 [2] NCCL INFO NET/IB : Using [0]mlx4_0:1/IB [RO]; OOB ib0:192.168.44.118<0>
c196-092:4910:4910 [2] NCCL INFO Using network IB
c196-092:4909:4909 [1] NCCL INFO Bootstrap : Using ib0:192.168.44.118<0>
c196-092:4909:4909 [1] NCCL INFO NET/Plugin : No plugin found (libnccl-net.so), using internal implementation
c198-111:29900:29900 [3] NCCL INFO Bootstrap : Using ib0:192.168.44.165<0>
c198-111:29900:29900 [3] NCCL INFO NET/Plugin : No plugin found (libnccl-net.so), using internal implementation
c196-092:4909:4909 [1] NCCL INFO NET/IB : Using [0]mlx4_0:1/IB [RO]; OOB ib0:192.168.44.118<0>
c196-092:4909:4909 [1] NCCL INFO Using network IB
c198-111:29900:29900 [3] NCCL INFO NET/IB : Using [0]mlx4_0:1/IB [RO]; OOB ib0:192.168.44.165<0>
c198-111:29900:29900 [3] NCCL INFO Using network IB
c197-042:27872:27872 [2] NCCL INFO Bootstrap : Using ib0:192.168.44.130<0>
c197-042:27872:27872 [2] NCCL INFO NET/Plugin : No plugin found (libnccl-net.so), using internal implementation
c197-042:27872:27872 [2] NCCL INFO NET/IB : Using [0]mlx4_0:1/IB [RO]; OOB ib0:192.168.44.130<0>
c197-042:27872:27872 [2] NCCL INFO Using network IB
c197-042:27873:27873 [3] NCCL INFO Bootstrap : Using ib0:192.168.44.130<0>
c197-042:27873:27873 [3] NCCL INFO NET/Plugin : No plugin found (libnccl-net.so), using internal implementation
c197-042:27873:27873 [3] NCCL INFO NET/IB : Using [0]mlx4_0:1/IB [RO]; OOB ib0:192.168.44.130<0>
c197-042:27873:27873 [3] NCCL INFO Using network IB
c197-042:27870:27870 [0] NCCL INFO Bootstrap : Using ib0:192.168.44.130<0>
c197-042:27871:27871 [1] NCCL INFO Bootstrap : Using ib0:192.168.44.130<0>
c197-042:27870:27870 [0] NCCL INFO NET/Plugin : No plugin found (libnccl-net.so), using internal implementation
c197-042:27871:27871 [1] NCCL INFO NET/Plugin : No plugin found (libnccl-net.so), using internal implementation
c197-012:18993:18993 [3] NCCL INFO Bootstrap : Using ib0:192.168.44.124<0>
c197-012:18993:18993 [3] NCCL INFO NET/Plugin : No plugin found (libnccl-net.so), using internal implementation
c198-091:30916:30916 [2] NCCL INFO Bootstrap : Using ib0:192.168.44.161<0>
c198-091:30916:30916 [2] NCCL INFO NET/Plugin : No plugin found (libnccl-net.so), using internal implementation
c197-012:18993:18993 [3] NCCL INFO NET/IB : Using [0]mlx4_0:1/IB [RO]; OOB ib0:192.168.44.124<0>
c197-012:18993:18993 [3] NCCL INFO Using network IB
c197-061:20786:20786 [2] NCCL INFO Bootstrap : Using ib0:192.168.44.133<0>
c197-061:20787:20787 [3] NCCL INFO Bootstrap : Using ib0:192.168.44.133<0>
c197-061:20786:20786 [2] NCCL INFO NET/Plugin : No plugin found (libnccl-net.so), using internal implementation
c197-061:20787:20787 [3] NCCL INFO NET/Plugin : No plugin found (libnccl-net.so), using internal implementation
c198-091:30916:30916 [2] NCCL INFO NET/IB : Using [0]mlx4_0:1/IB [RO]; OOB ib0:192.168.44.161<0>
c198-091:30916:30916 [2] NCCL INFO Using network IB
c198-101:31909:31909 [2] NCCL INFO Bootstrap : Using ib0:192.168.44.163<0>
c197-042:27870:27870 [0] NCCL INFO NET/IB : Using [0]mlx4_0:1/IB [RO]; OOB ib0:192.168.44.130<0>
c197-042:27870:27870 [0] NCCL INFO Using network IB
c198-101:31910:31910 [3] NCCL INFO Bootstrap : Using ib0:192.168.44.163<0>
c197-042:27871:27871 [1] NCCL INFO NET/IB : Using [0]mlx4_0:1/IB [RO]; OOB ib0:192.168.44.130<0>
c197-042:27871:27871 [1] NCCL INFO Using network IB
c198-101:31909:31909 [2] NCCL INFO NET/Plugin : No plugin found (libnccl-net.so), using internal implementation
c199-011:23352:23352 [3] NCCL INFO Bootstrap : Using ib0:192.168.44.167<0>
c198-101:31910:31910 [3] NCCL INFO NET/Plugin : No plugin found (libnccl-net.so), using internal implementation
c199-011:23352:23352 [3] NCCL INFO NET/Plugin : No plugin found (libnccl-net.so), using internal implementation
c199-011:23352:23352 [3] NCCL INFO NET/IB : Using [0]mlx4_0:1/IB [RO]; OOB ib0:192.168.44.167<0>
c199-011:23352:23352 [3] NCCL INFO Using network IB
c199-012:28306:28306 [2] NCCL INFO Bootstrap : Using ib0:192.168.44.168<0>
c199-012:28304:28304 [0] NCCL INFO Bootstrap : Using ib0:192.168.44.168<0>
c199-012:28306:28306 [2] NCCL INFO NET/Plugin : No plugin found (libnccl-net.so), using internal implementation
c199-012:28304:28304 [0] NCCL INFO NET/Plugin : No plugin found (libnccl-net.so), using internal implementation
c197-022:17336:17336 [1] NCCL INFO Bootstrap : Using ib0:192.168.44.126<0>
c197-022:17337:17337 [2] NCCL INFO Bootstrap : Using ib0:192.168.44.126<0>
c197-061:20787:20787 [3] NCCL INFO NET/IB : Using [0]mlx4_0:1/IB [RO]; OOB ib0:192.168.44.133<0>
c197-061:20787:20787 [3] NCCL INFO Using network IB
c197-022:17338:17338 [3] NCCL INFO Bootstrap : Using ib0:192.168.44.126<0>
c197-061:20786:20786 [2] NCCL INFO NET/IB : Using [0]mlx4_0:1/IB [RO]; OOB ib0:192.168.44.133<0>
c197-061:20786:20786 [2] NCCL INFO Using network IB
c197-022:17335:17335 [0] NCCL INFO Bootstrap : Using ib0:192.168.44.126<0>
c197-061:20784:20784 [0] NCCL INFO Bootstrap : Using ib0:192.168.44.133<0>
c197-022:17335:17335 [0] NCCL INFO NET/Plugin : No plugin found (libnccl-net.so), using internal implementation
c197-022:17336:17336 [1] NCCL INFO NET/Plugin : No plugin found (libnccl-net.so), using internal implementation
c197-022:17337:17337 [2] NCCL INFO NET/Plugin : No plugin found (libnccl-net.so), using internal implementation
c197-022:17338:17338 [3] NCCL INFO NET/Plugin : No plugin found (libnccl-net.so), using internal implementation
c197-061:20784:20784 [0] NCCL INFO NET/Plugin : No plugin found (libnccl-net.so), using internal implementation
c197-012:18992:18992 [2] NCCL INFO Bootstrap : Using ib0:192.168.44.124<0>
c198-101:31908:31908 [1] NCCL INFO Bootstrap : Using ib0:192.168.44.163<0>
c197-012:18990:18990 [0] NCCL INFO Bootstrap : Using ib0:192.168.44.124<0>
c197-061:20784:20784 [0] NCCL INFO NET/IB : Using [0]mlx4_0:1/IB [RO]; OOB ib0:192.168.44.133<0>
c197-061:20784:20784 [0] NCCL INFO Using network IB
c197-012:18992:18992 [2] NCCL INFO NET/Plugin : No plugin found (libnccl-net.so), using internal implementation
c199-012:28306:28306 [2] NCCL INFO NET/IB : Using [0]mlx4_0:1/IB [RO]; OOB ib0:192.168.44.168<0>
c199-012:28306:28306 [2] NCCL INFO Using network IB
c197-012:18990:18990 [0] NCCL INFO NET/Plugin : No plugin found (libnccl-net.so), using internal implementation
c198-101:31908:31908 [1] NCCL INFO NET/Plugin : No plugin found (libnccl-net.so), using internal implementation
c199-012:28304:28304 [0] NCCL INFO NET/IB : Using [0]mlx4_0:1/IB [RO]; OOB ib0:192.168.44.168<0>
c199-012:28304:28304 [0] NCCL INFO Using network IB
c199-012:28307:28307 [3] NCCL INFO Bootstrap : Using ib0:192.168.44.168<0>
c199-012:28307:28307 [3] NCCL INFO NET/Plugin : No plugin found (libnccl-net.so), using internal implementation
c198-101:31909:31909 [2] NCCL INFO NET/IB : Using [0]mlx4_0:1/IB [RO]; OOB ib0:192.168.44.163<0>
c198-101:31909:31909 [2] NCCL INFO Using network IB
c198-101:31910:31910 [3] NCCL INFO NET/IB : Using [0]mlx4_0:1/IB [RO]; OOB ib0:192.168.44.163<0>
c198-101:31910:31910 [3] NCCL INFO Using network IB
c197-092:8187:8187 [3] NCCL INFO Bootstrap : Using ib0:192.168.44.140<0>
c198-101:31908:31908 [1] NCCL INFO NET/IB : Using [0]mlx4_0:1/IB [RO]; OOB ib0:192.168.44.163<0>
c198-101:31908:31908 [1] NCCL INFO Using network IB
c199-012:28307:28307 [3] NCCL INFO NET/IB : Using [0]mlx4_0:1/IB [RO]; OOB ib0:192.168.44.168<0>
c199-012:28307:28307 [3] NCCL INFO Using network IB
c197-092:8187:8187 [3] NCCL INFO NET/Plugin : No plugin found (libnccl-net.so), using internal implementation
c199-012:28305:28305 [1] NCCL INFO Bootstrap : Using ib0:192.168.44.168<0>
c199-012:28305:28305 [1] NCCL INFO NET/Plugin : No plugin found (libnccl-net.so), using internal implementation
c198-111:29899:29899 [2] NCCL INFO Bootstrap : Using ib0:192.168.44.165<0>
c197-092:8187:8187 [3] NCCL INFO NET/IB : Using [0]mlx4_0:1/IB [RO]; OOB ib0:192.168.44.140<0>
c197-092:8187:8187 [3] NCCL INFO Using network IB
c198-111:29899:29899 [2] NCCL INFO NET/Plugin : No plugin found (libnccl-net.so), using internal implementation
c197-012:18991:18991 [1] NCCL INFO Bootstrap : Using ib0:192.168.44.124<0>
c197-092:8186:8186 [2] NCCL INFO Bootstrap : Using ib0:192.168.44.140<0>
c199-012:28305:28305 [1] NCCL INFO NET/IB : Using [0]mlx4_0:1/IB [RO]; OOB ib0:192.168.44.168<0>
c199-012:28305:28305 [1] NCCL INFO Using network IB
c197-012:18991:18991 [1] NCCL INFO NET/Plugin : No plugin found (libnccl-net.so), using internal implementation
c197-092:8186:8186 [2] NCCL INFO NET/Plugin : No plugin found (libnccl-net.so), using internal implementation
c197-101:6714:6714 [3] NCCL INFO Bootstrap : Using ib0:192.168.44.141<0>
c197-101:6714:6714 [3] NCCL INFO NET/Plugin : No plugin found (libnccl-net.so), using internal implementation
c199-011:23349:23349 [0] NCCL INFO Bootstrap : Using ib0:192.168.44.167<0>
c197-061:20785:20785 [1] NCCL INFO Bootstrap : Using ib0:192.168.44.133<0>
c197-012:18992:18992 [2] NCCL INFO NET/IB : Using [0]mlx4_0:1/IB [RO]; OOB ib0:192.168.44.124<0>
c197-012:18992:18992 [2] NCCL INFO Using network IB
c197-012:18990:18990 [0] NCCL INFO NET/IB : Using [0]mlx4_0:1/IB [RO]; OOB ib0:192.168.44.124<0>
c197-012:18990:18990 [0] NCCL INFO Using network IB
c197-061:20785:20785 [1] NCCL INFO NET/Plugin : No plugin found (libnccl-net.so), using internal implementation
c199-011:23349:23349 [0] NCCL INFO NET/Plugin : No plugin found (libnccl-net.so), using internal implementation
c198-111:29899:29899 [2] NCCL INFO NET/IB : Using [0]mlx4_0:1/IB [RO]; OOB ib0:192.168.44.165<0>
c198-111:29899:29899 [2] NCCL INFO Using network IB
c197-012:18991:18991 [1] NCCL INFO NET/IB : Using [0]mlx4_0:1/IB [RO]; OOB ib0:192.168.44.124<0>
c197-012:18991:18991 [1] NCCL INFO Using network IB
c198-101:31907:31907 [0] NCCL INFO Bootstrap : Using ib0:192.168.44.163<0>
c199-011:23350:23350 [1] NCCL INFO Bootstrap : Using ib0:192.168.44.167<0>
c197-022:17335:17335 [0] NCCL INFO NET/IB : Using [0]mlx4_0:1/IB [RO]; OOB ib0:192.168.44.126<0>
c197-022:17335:17335 [0] NCCL INFO Using network IB
c197-092:8186:8186 [2] NCCL INFO NET/IB : Using [0]mlx4_0:1/IB [RO]; OOB ib0:192.168.44.140<0>
c197-092:8186:8186 [2] NCCL INFO Using network IB
c199-011:23349:23349 [0] NCCL INFO NET/IB : Using [0]mlx4_0:1/IB [RO]; OOB ib0:192.168.44.167<0>
c199-011:23349:23349 [0] NCCL INFO Using network IB
c197-022:17338:17338 [3] NCCL INFO NET/IB : Using [0]mlx4_0:1/IB [RO]; OOB ib0:192.168.44.126<0>
c197-022:17338:17338 [3] NCCL INFO Using network IB
c197-061:20785:20785 [1] NCCL INFO NET/IB : Using [0]mlx4_0:1/IB [RO]; OOB ib0:192.168.44.133<0>
c197-061:20785:20785 [1] NCCL INFO Using network IB
c197-101:6714:6714 [3] NCCL INFO NET/IB : Using [0]mlx4_0:1/IB [RO]; OOB ib0:192.168.44.141<0>
c197-101:6714:6714 [3] NCCL INFO Using network IB
c198-101:31907:31907 [0] NCCL INFO NET/Plugin : No plugin found (libnccl-net.so), using internal implementation
c199-011:23350:23350 [1] NCCL INFO NET/Plugin : No plugin found (libnccl-net.so), using internal implementation
c197-022:17337:17337 [2] NCCL INFO NET/IB : Using [0]mlx4_0:1/IB [RO]; OOB ib0:192.168.44.126<0>
c197-022:17336:17336 [1] NCCL INFO NET/IB : Using [0]mlx4_0:1/IB [RO]; OOB ib0:192.168.44.126<0>
c197-022:17336:17336 [1] NCCL INFO Using network IB
c197-022:17337:17337 [2] NCCL INFO Using network IB
c199-011:23351:23351 [2] NCCL INFO Bootstrap : Using ib0:192.168.44.167<0>
c199-011:23350:23350 [1] NCCL INFO NET/IB : Using [0]mlx4_0:1/IB [RO]; OOB ib0:192.168.44.167<0>
c199-011:23350:23350 [1] NCCL INFO Using network IB
c199-011:23351:23351 [2] NCCL INFO NET/Plugin : No plugin found (libnccl-net.so), using internal implementation
c198-101:31907:31907 [0] NCCL INFO NET/IB : Using [0]mlx4_0:1/IB [RO]; OOB ib0:192.168.44.163<0>
c198-101:31907:31907 [0] NCCL INFO Using network IB
c197-101:6713:6713 [2] NCCL INFO Bootstrap : Using ib0:192.168.44.141<0>
c197-101:6711:6711 [0] NCCL INFO Bootstrap : Using ib0:192.168.44.141<0>
c197-101:6713:6713 [2] NCCL INFO NET/Plugin : No plugin found (libnccl-net.so), using internal implementation
c197-101:6711:6711 [0] NCCL INFO NET/Plugin : No plugin found (libnccl-net.so), using internal implementation
c199-011:23351:23351 [2] NCCL INFO NET/IB : Using [0]mlx4_0:1/IB [RO]; OOB ib0:192.168.44.167<0>
c199-011:23351:23351 [2] NCCL INFO Using network IB
c197-041:32523:32523 [2] NCCL INFO Bootstrap : Using ib0:192.168.44.129<0>
c197-041:32524:32524 [3] NCCL INFO Bootstrap : Using ib0:192.168.44.129<0>
c197-041:32523:32523 [2] NCCL INFO NET/Plugin : No plugin found (libnccl-net.so), using internal implementation
c197-041:32524:32524 [3] NCCL INFO NET/Plugin : No plugin found (libnccl-net.so), using internal implementation
c197-101:6713:6713 [2] NCCL INFO NET/IB : Using [0]mlx4_0:1/IB [RO]; OOB ib0:192.168.44.141<0>
c197-101:6713:6713 [2] NCCL INFO Using network IB
c197-101:6711:6711 [0] NCCL INFO NET/IB : Using [0]mlx4_0:1/IB [RO]; OOB ib0:192.168.44.141<0>
c197-101:6711:6711 [0] NCCL INFO Using network IB
c197-101:6712:6712 [1] NCCL INFO Bootstrap : Using ib0:192.168.44.141<0>
c197-101:6712:6712 [1] NCCL INFO NET/Plugin : No plugin found (libnccl-net.so), using internal implementation
c197-032:27830:27830 [2] NCCL INFO Bootstrap : Using ib0:192.168.44.128<0>
c197-032:27831:27831 [3] NCCL INFO Bootstrap : Using ib0:192.168.44.128<0>
c197-032:27830:27830 [2] NCCL INFO NET/Plugin : No plugin found (libnccl-net.so), using internal implementation
c197-032:27831:27831 [3] NCCL INFO NET/Plugin : No plugin found (libnccl-net.so), using internal implementation
c198-111:29898:29898 [1] NCCL INFO Bootstrap : Using ib0:192.168.44.165<0>
c197-101:6712:6712 [1] NCCL INFO NET/IB : Using [0]mlx4_0:1/IB [RO]; OOB ib0:192.168.44.141<0>
c197-101:6712:6712 [1] NCCL INFO Using network IB
c198-111:29898:29898 [1] NCCL INFO NET/Plugin : No plugin found (libnccl-net.so), using internal implementation
c197-041:32524:32524 [3] NCCL INFO NET/IB : Using [0]mlx4_0:1/IB [RO]; OOB ib0:192.168.44.129<0>
c197-041:32524:32524 [3] NCCL INFO Using network IB
c197-041:32523:32523 [2] NCCL INFO NET/IB : Using [0]mlx4_0:1/IB [RO]; OOB ib0:192.168.44.129<0>
c197-041:32523:32523 [2] NCCL INFO Using network IB
c198-111:29898:29898 [1] NCCL INFO NET/IB : Using [0]mlx4_0:1/IB [RO]; OOB ib0:192.168.44.165<0>
c198-111:29898:29898 [1] NCCL INFO Using network IB
c198-091:30917:30917 [3] NCCL INFO Bootstrap : Using ib0:192.168.44.161<0>
c198-091:30917:30917 [3] NCCL INFO NET/Plugin : No plugin found (libnccl-net.so), using internal implementation
c197-032:27831:27831 [3] NCCL INFO NET/IB : Using [0]mlx4_0:1/IB [RO]; OOB ib0:192.168.44.128<0>
c197-032:27831:27831 [3] NCCL INFO Using network IB
c197-092:8184:8184 [0] NCCL INFO Bootstrap : Using ib0:192.168.44.140<0>
c197-032:27830:27830 [2] NCCL INFO NET/IB : Using [0]mlx4_0:1/IB [RO]; OOB ib0:192.168.44.128<0>
c197-032:27830:27830 [2] NCCL INFO Using network IB
c197-092:8185:8185 [1] NCCL INFO Bootstrap : Using ib0:192.168.44.140<0>
c197-092:8184:8184 [0] NCCL INFO NET/Plugin : No plugin found (libnccl-net.so), using internal implementation
c197-092:8185:8185 [1] NCCL INFO NET/Plugin : No plugin found (libnccl-net.so), using internal implementation
c198-091:30917:30917 [3] NCCL INFO NET/IB : Using [0]mlx4_0:1/IB [RO]; OOB ib0:192.168.44.161<0>
c198-091:30917:30917 [3] NCCL INFO Using network IB
c197-041:32521:32521 [0] NCCL INFO Bootstrap : Using ib0:192.168.44.129<0>
c197-041:32521:32521 [0] NCCL INFO NET/Plugin : No plugin found (libnccl-net.so), using internal implementation
c197-092:8185:8185 [1] NCCL INFO NET/IB : Using [0]mlx4_0:1/IB [RO]; OOB ib0:192.168.44.140<0>
c197-092:8185:8185 [1] NCCL INFO Using network IB
c197-041:32521:32521 [0] NCCL INFO NET/IB : Using [0]mlx4_0:1/IB [RO]; OOB ib0:192.168.44.129<0>
c197-041:32521:32521 [0] NCCL INFO Using network IB
c197-092:8184:8184 [0] NCCL INFO NET/IB : Using [0]mlx4_0:1/IB [RO]; OOB ib0:192.168.44.140<0>
c197-092:8184:8184 [0] NCCL INFO Using network IB
c197-032:27828:27828 [0] NCCL INFO Bootstrap : Using ib0:192.168.44.128<0>
c198-102:23080:23080 [3] NCCL INFO Bootstrap : Using ib0:192.168.44.164<0>
c197-032:27828:27828 [0] NCCL INFO NET/Plugin : No plugin found (libnccl-net.so), using internal implementation
c198-102:23080:23080 [3] NCCL INFO NET/Plugin : No plugin found (libnccl-net.so), using internal implementation
c197-032:27828:27828 [0] NCCL INFO NET/IB : Using [0]mlx4_0:1/IB [RO]; OOB ib0:192.168.44.128<0>
c197-032:27828:27828 [0] NCCL INFO Using network IB
c198-111:29897:29897 [0] NCCL INFO Bootstrap : Using ib0:192.168.44.165<0>
c198-111:29897:29897 [0] NCCL INFO NET/Plugin : No plugin found (libnccl-net.so), using internal implementation
c198-102:23080:23080 [3] NCCL INFO NET/IB : Using [0]mlx4_0:1/IB [RO]; OOB ib0:192.168.44.164<0>
c198-102:23080:23080 [3] NCCL INFO Using network IB
c198-102:23079:23079 [2] NCCL INFO Bootstrap : Using ib0:192.168.44.164<0>
c198-102:23079:23079 [2] NCCL INFO NET/Plugin : No plugin found (libnccl-net.so), using internal implementation
c197-071:26447:26447 [2] NCCL INFO Bootstrap : Using ib0:192.168.44.135<0>
c197-071:26448:26448 [3] NCCL INFO Bootstrap : Using ib0:192.168.44.135<0>
c197-071:26447:26447 [2] NCCL INFO NET/Plugin : No plugin found (libnccl-net.so), using internal implementation
c197-071:26448:26448 [3] NCCL INFO NET/Plugin : No plugin found (libnccl-net.so), using internal implementation
c198-111:29897:29897 [0] NCCL INFO NET/IB : Using [0]mlx4_0:1/IB [RO]; OOB ib0:192.168.44.165<0>
c198-111:29897:29897 [0] NCCL INFO Using network IB
c198-102:23079:23079 [2] NCCL INFO NET/IB : Using [0]mlx4_0:1/IB [RO]; OOB ib0:192.168.44.164<0>
c198-102:23079:23079 [2] NCCL INFO Using network IB
c198-091:30914:30914 [0] NCCL INFO Bootstrap : Using ib0:192.168.44.161<0>
c198-091:30914:30914 [0] NCCL INFO NET/Plugin : No plugin found (libnccl-net.so), using internal implementation
c198-102:23078:23078 [1] NCCL INFO Bootstrap : Using ib0:192.168.44.164<0>
c198-102:23078:23078 [1] NCCL INFO NET/Plugin : No plugin found (libnccl-net.so), using internal implementation
c197-041:32522:32522 [1] NCCL INFO Bootstrap : Using ib0:192.168.44.129<0>
c197-041:32522:32522 [1] NCCL INFO NET/Plugin : No plugin found (libnccl-net.so), using internal implementation
c198-091:30914:30914 [0] NCCL INFO NET/IB : Using [0]mlx4_0:1/IB [RO]; OOB ib0:192.168.44.161<0>
c198-091:30914:30914 [0] NCCL INFO Using network IB
c198-102:23078:23078 [1] NCCL INFO NET/IB : Using [0]mlx4_0:1/IB [RO]; OOB ib0:192.168.44.164<0>
c198-102:23078:23078 [1] NCCL INFO Using network IB
c197-041:32522:32522 [1] NCCL INFO NET/IB : Using [0]mlx4_0:1/IB [RO]; OOB ib0:192.168.44.129<0>
c197-041:32522:32522 [1] NCCL INFO Using network IB
c198-102:23077:23077 [0] NCCL INFO Bootstrap : Using ib0:192.168.44.164<0>
c198-102:23077:23077 [0] NCCL INFO NET/Plugin : No plugin found (libnccl-net.so), using internal implementation
c197-071:26448:26448 [3] NCCL INFO NET/IB : Using [0]mlx4_0:1/IB [RO]; OOB ib0:192.168.44.135<0>
c197-071:26448:26448 [3] NCCL INFO Using network IB
c198-102:23077:23077 [0] NCCL INFO NET/IB : Using [0]mlx4_0:1/IB [RO]; OOB ib0:192.168.44.164<0>
c198-102:23077:23077 [0] NCCL INFO Using network IB
c197-071:26447:26447 [2] NCCL INFO NET/IB : Using [0]mlx4_0:1/IB [RO]; OOB ib0:192.168.44.135<0>
c197-071:26447:26447 [2] NCCL INFO Using network IB
c198-091:30915:30915 [1] NCCL INFO Bootstrap : Using ib0:192.168.44.161<0>
c197-032:27829:27829 [1] NCCL INFO Bootstrap : Using ib0:192.168.44.128<0>
c198-091:30915:30915 [1] NCCL INFO NET/Plugin : No plugin found (libnccl-net.so), using internal implementation
c197-032:27829:27829 [1] NCCL INFO NET/Plugin : No plugin found (libnccl-net.so), using internal implementation
c198-091:30915:30915 [1] NCCL INFO NET/IB : Using [0]mlx4_0:1/IB [RO]; OOB ib0:192.168.44.161<0>
c198-091:30915:30915 [1] NCCL INFO Using network IB
c197-071:26445:26445 [0] NCCL INFO Bootstrap : Using ib0:192.168.44.135<0>
c197-032:27829:27829 [1] NCCL INFO NET/IB : Using [0]mlx4_0:1/IB [RO]; OOB ib0:192.168.44.128<0>
c197-032:27829:27829 [1] NCCL INFO Using network IB
c197-071:26445:26445 [0] NCCL INFO NET/Plugin : No plugin found (libnccl-net.so), using internal implementation
c197-071:26445:26445 [0] NCCL INFO NET/IB : Using [0]mlx4_0:1/IB [RO]; OOB ib0:192.168.44.135<0>
c197-071:26445:26445 [0] NCCL INFO Using network IB
c197-071:26446:26446 [1] NCCL INFO Bootstrap : Using ib0:192.168.44.135<0>
c197-071:26446:26446 [1] NCCL INFO NET/Plugin : No plugin found (libnccl-net.so), using internal implementation
c197-071:26446:26446 [1] NCCL INFO NET/IB : Using [0]mlx4_0:1/IB [RO]; OOB ib0:192.168.44.135<0>
c197-071:26446:26446 [1] NCCL INFO Using network IB
c196-092:4908:4940 [0] NCCL INFO Setting affinity for GPU 0 to 0f000f
c196-092:4911:4945 [3] NCCL INFO Setting affinity for GPU 3 to f000f000
c198-101:31910:31943 [3] NCCL INFO Setting affinity for GPU 3 to f000f000
c199-012:28307:28342 [3] NCCL INFO Setting affinity for GPU 3 to f000f000
c197-022:17338:17372 [3] NCCL INFO Setting affinity for GPU 3 to f000f000
c197-022:17335:17370 [0] NCCL INFO Setting affinity for GPU 0 to 0f000f
c197-012:18993:19024 [3] NCCL INFO Setting affinity for GPU 3 to f000f000
c197-032:27831:27863 [3] NCCL INFO Setting affinity for GPU 3 to f000f000
c196-092:4909:4949 [1] NCCL INFO Setting affinity for GPU 1 to f000f0
c197-101:6714:6745 [3] NCCL INFO Setting affinity for GPU 3 to f000f000
c198-101:31907:31947 [0] NCCL INFO Setting affinity for GPU 0 to 0f000f
c198-101:31908:31945 [1] NCCL INFO Setting affinity for GPU 1 to f000f0
c199-012:28304:28340 [0] NCCL INFO Setting affinity for GPU 0 to 0f000f
c197-022:17336:17374 [1] NCCL INFO Setting affinity for GPU 1 to f000f0
c196-092:4910:4947 [2] NCCL INFO Setting affinity for GPU 2 to 0f000f00
c197-032:27828:27866 [0] NCCL INFO Setting affinity for GPU 0 to 0f000f
c197-092:8187:8218 [3] NCCL INFO Setting affinity for GPU 3 to f000f000
c198-101:31909:31942 [2] NCCL INFO Setting affinity for GPU 2 to 0f000f00
c197-032:27829:27868 [1] NCCL INFO Setting affinity for GPU 1 to f000f0
c199-012:28305:28344 [1] NCCL INFO Setting affinity for GPU 1 to f000f0
c199-012:28306:28339 [2] NCCL INFO Setting affinity for GPU 2 to 0f000f00
c199-011:23352:23383 [3] NCCL INFO Setting affinity for GPU 3 to f000f000
c197-101:6711:6749 [0] NCCL INFO Setting affinity for GPU 0 to 0f000f
c197-032:27830:27864 [2] NCCL INFO Setting affinity for GPU 2 to 0f000f00
c197-101:6712:6751 [1] NCCL INFO Setting affinity for GPU 1 to f000f0
c198-091:30917:30950 [3] NCCL INFO Setting affinity for GPU 3 to f000f000
c197-012:18990:19028 [0] NCCL INFO Setting affinity for GPU 0 to 0f000f
c197-012:18991:19030 [1] NCCL INFO Setting affinity for GPU 1 to f000f0
c197-012:18992:19027 [2] NCCL INFO Setting affinity for GPU 2 to 0f000f00
c197-092:8184:8224 [0] NCCL INFO Setting affinity for GPU 0 to 0f000f
c197-022:17337:17375 [2] NCCL INFO Setting affinity for GPU 2 to 0f000f00
c197-042:27873:27906 [3] NCCL INFO Setting affinity for GPU 3 to f000f000
c197-092:8186:8220 [2] NCCL INFO Setting affinity for GPU 2 to 0f000f00
c197-061:20787:20819 [3] NCCL INFO Setting affinity for GPU 3 to f000f000
c197-101:6713:6748 [2] NCCL INFO Setting affinity for GPU 2 to 0f000f00
c199-011:23350:23387 [1] NCCL INFO Setting affinity for GPU 1 to f000f0
c199-011:23349:23385 [0] NCCL INFO Setting affinity for GPU 0 to 0f000f
c197-041:32524:32556 [3] NCCL INFO Setting affinity for GPU 3 to f000f000
c197-092:8185:8223 [1] NCCL INFO Setting affinity for GPU 1 to f000f0
c199-011:23351:23389 [2] NCCL INFO Setting affinity for GPU 2 to 0f000f00
c198-091:30914:30952 [0] NCCL INFO Setting affinity for GPU 0 to 0f000f
c197-061:20784:20822 [0] NCCL INFO Setting affinity for GPU 0 to 0f000f
c197-042:27870:27909 [0] NCCL INFO Setting affinity for GPU 0 to 0f000f
c198-091:30915:30954 [1] NCCL INFO Setting affinity for GPU 1 to f000f0
c197-071:26448:26480 [3] NCCL INFO Setting affinity for GPU 3 to f000f000
c198-091:30916:30948 [2] NCCL INFO Setting affinity for GPU 2 to 0f000f00
c197-042:27872:27904 [2] NCCL INFO Setting affinity for GPU 2 to 0f000f00
c197-042:27871:27910 [1] NCCL INFO Setting affinity for GPU 1 to f000f0
c197-041:32521:32559 [0] NCCL INFO Setting affinity for GPU 0 to 0f000f
c197-061:20785:20824 [1] NCCL INFO Setting affinity for GPU 1 to f000f0
c198-111:29897:29938 [0] NCCL INFO Setting affinity for GPU 0 to 0f000f
c197-061:20786:20820 [2] NCCL INFO Setting affinity for GPU 2 to 0f000f00
c197-041:32522:32561 [1] NCCL INFO Setting affinity for GPU 1 to f000f0
c197-041:32523:32557 [2] NCCL INFO Setting affinity for GPU 2 to 0f000f00
c198-102:23077:23117 [0] NCCL INFO Setting affinity for GPU 0 to 0f000f
c197-071:26445:26483 [0] NCCL INFO Setting affinity for GPU 0 to 0f000f
c197-071:26446:26485 [1] NCCL INFO Setting affinity for GPU 1 to f000f0
c198-111:29900:29932 [3] NCCL INFO Setting affinity for GPU 3 to f000f000
c197-071:26447:26481 [2] NCCL INFO Setting affinity for GPU 2 to 0f000f00
c198-102:23080:23111 [3] NCCL INFO Setting affinity for GPU 3 to f000f000
c198-111:29898:29936 [1] NCCL INFO Setting affinity for GPU 1 to f000f0
c198-102:23078:23115 [1] NCCL INFO Setting affinity for GPU 1 to f000f0
c198-102:23079:23113 [2] NCCL INFO Setting affinity for GPU 2 to 0f000f00
c198-111:29899:29934 [2] NCCL INFO Setting affinity for GPU 2 to 0f000f00
c198-102:23079:23113 [2] NCCL INFO Trees [0] 51/-1/-1->50->49 [1] 51/-1/-1->50->49
c198-102:23078:23115 [1] NCCL INFO Trees [0] 50/40/-1->49->48 [1] 50/-1/-1->49->48
c198-111:29897:29938 [0] NCCL INFO Trees [0] 53/-1/-1->52->57 [1] 53/48/-1->52->45
c198-102:23080:23111 [3] NCCL INFO Trees [0] -1/-1/-1->51->50 [1] -1/-1/-1->51->50
c198-101:31910:31943 [3] NCCL INFO Trees [0] -1/-1/-1->47->46 [1] -1/-1/-1->47->46
c198-102:23077:23117 [0] NCCL INFO Trees [0] 49/56/-1->48->32 [1] 49/-1/-1->48->52
c198-101:31909:31942 [2] NCCL INFO Trees [0] 47/-1/-1->46->45 [1] 47/-1/-1->46->45
c198-101:31908:31945 [1] NCCL INFO Trees [0] 46/-1/-1->45->44 [1] 46/52/-1->45->44
c198-101:31907:31947 [0] NCCL INFO Trees [0] 45/-1/-1->44->40 [1] 45/36/-1->44->29
c198-091:30917:30950 [3] NCCL INFO Trees [0] -1/-1/-1->43->42 [1] -1/-1/-1->43->42
c198-091:30916:30948 [2] NCCL INFO Trees [0] 43/-1/-1->42->41 [1] 43/-1/-1->42->41
c198-091:30915:30954 [1] NCCL INFO Trees [0] 42/36/-1->41->40 [1] 42/-1/-1->41->40
c198-091:30914:30952 [0] NCCL INFO Trees [0] 41/44/-1->40->49 [1] 41/-1/-1->40->37
c197-101:6714:6745 [3] NCCL INFO Trees [0] -1/-1/-1->39->38 [1] -1/-1/-1->39->38
c197-092:8187:8218 [3] NCCL INFO Trees [0] -1/-1/-1->35->34 [1] -1/-1/-1->35->34
c197-101:6713:6748 [2] NCCL INFO Trees [0] 39/-1/-1->38->37 [1] 39/-1/-1->38->37
c197-092:8186:8220 [2] NCCL INFO Trees [0] 35/-1/-1->34->33 [1] 35/-1/-1->34->33
c197-101:6712:6751 [1] NCCL INFO Trees [0] 38/-1/-1->37->36 [1] 38/40/-1->37->36
c197-092:8185:8223 [1] NCCL INFO Trees [0] 34/16/-1->33->32 [1] 34/-1/-1->33->32
c197-101:6711:6749 [0] NCCL INFO Trees [0] 37/-1/-1->36->41 [1] 37/32/-1->36->44
c197-092:8184:8224 [0] NCCL INFO Trees [0] 33/48/-1->32->0 [1] 33/-1/-1->32->36
c197-071:26448:26480 [3] NCCL INFO Trees [0] -1/-1/-1->31->30 [1] -1/-1/-1->31->30
c197-061:20787:20819 [3] NCCL INFO Trees [0] -1/-1/-1->27->26 [1] -1/-1/-1->27->26
c197-041:32522:32561 [1] NCCL INFO Trees [0] 18/8/-1->17->16 [1] 18/-1/-1->17->16
c197-042:27873:27906 [3] NCCL INFO Trees [0] -1/-1/-1->23->22 [1] -1/-1/-1->23->22
c197-061:20786:20820 [2] NCCL INFO Trees [0] 27/-1/-1->26->25 [1] 27/-1/-1->26->25
c197-071:26446:26485 [1] NCCL INFO Trees [0] 30/-1/-1->29->28 [1] 30/44/-1->29->28
c197-012:18993:19024 [3] NCCL INFO Trees [0] -1/-1/-1->7->6 [1] -1/-1/-1->7->6
c197-022:17335:17370 [0] NCCL INFO Trees [0] 9/12/-1->8->17 [1] 9/-1/-1->8->5
c197-032:27828:27866 [0] NCCL INFO Trees [0] 13/-1/-1->12->8 [1] 13/4/-1->12->28
c197-041:32523:32557 [2] NCCL INFO Trees [0] 19/-1/-1->18->17 [1] 19/-1/-1->18->17
c197-042:27872:27904 [2] NCCL INFO Trees [0] 23/-1/-1->22->21 [1] 23/-1/-1->22->21
c197-061:20785:20824 [1] NCCL INFO Trees [0] 26/20/-1->25->24 [1] 26/-1/-1->25->24
c197-071:26447:26481 [2] NCCL INFO Trees [0] 31/-1/-1->30->29 [1] 31/-1/-1->30->29
c199-012:28307:28342 [3] NCCL INFO Trees [0] -1/-1/-1->63->62 [1] -1/-1/-1->63->62
c199-011:23352:23383 [3] NCCL INFO Trees [0] -1/-1/-1->59->58 [1] -1/-1/-1->59->58
c196-092:4908:4940 [0] NCCL INFO Channel 00/02 :    0   1   2   3   4   5   6   7   8   9  10  11  12  13  14  15  16  17  18  19
c196-092:4908:4940 [0] NCCL INFO Channel 01/02 :    0   1   2   3   4   5   6   7   8   9  10  11  12  13  14  15  16  17  18  19
c197-012:18992:19027 [2] NCCL INFO Trees [0] 7/-1/-1->6->5 [1] 7/-1/-1->6->5
c197-022:17336:17374 [1] NCCL INFO Trees [0] 10/4/-1->9->8 [1] 10/-1/-1->9->8
c197-032:27830:27864 [2] NCCL INFO Trees [0] 15/-1/-1->14->13 [1] 15/-1/-1->14->13
c197-041:32524:32556 [3] NCCL INFO Trees [0] -1/-1/-1->19->18 [1] -1/-1/-1->19->18
c197-042:27870:27909 [0] NCCL INFO Trees [0] 21/-1/-1->20->25 [1] 21/16/-1->20->13
c197-061:20784:20822 [0] NCCL INFO Trees [0] 25/28/-1->24->16 [1] 25/-1/-1->24->21
c197-071:26445:26483 [0] NCCL INFO Trees [0] 29/-1/-1->28->24 [1] 29/12/-1->28->60
c198-111:29899:29934 [2] NCCL INFO Trees [0] 55/-1/-1->54->53 [1] 55/-1/-1->54->53
c199-012:28304:28340 [0] NCCL INFO Trees [0] 61/-1/-1->60->56 [1] 61/28/-1->60->-1
c199-011:23351:23389 [2] NCCL INFO Trees [0] 59/-1/-1->58->57 [1] 59/-1/-1->58->57
c196-092:4908:4940 [0] NCCL INFO Trees [0] 1/32/-1->0->-1 [1] 1/-1/-1->0->4
c197-012:18990:19028 [0] NCCL INFO Trees [0] 5/-1/-1->4->9 [1] 5/0/-1->4->12
c197-022:17337:17375 [2] NCCL INFO Trees [0] 11/-1/-1->10->9 [1] 11/-1/-1->10->9
c197-032:27831:27863 [3] NCCL INFO Trees [0] -1/-1/-1->15->14 [1] -1/-1/-1->15->14
c197-041:32521:32559 [0] NCCL INFO Trees [0] 17/24/-1->16->33 [1] 17/-1/-1->16->20
c197-042:27871:27910 [1] NCCL INFO Trees [0] 22/-1/-1->21->20 [1] 22/24/-1->21->20
c198-111:29900:29932 [3] NCCL INFO Trees [0] -1/-1/-1->55->54 [1] -1/-1/-1->55->54
c199-012:28305:28344 [1] NCCL INFO Trees [0] 62/-1/-1->61->60 [1] 62/-1/-1->61->60
c199-011:23349:23385 [0] NCCL INFO Trees [0] 57/60/-1->56->48 [1] 57/-1/-1->56->53
c196-092:4909:4949 [1] NCCL INFO Trees [0] 2/-1/-1->1->0 [1] 2/-1/-1->1->0
c197-012:18991:19030 [1] NCCL INFO Trees [0] 6/-1/-1->5->4 [1] 6/8/-1->5->4
c197-022:17338:17372 [3] NCCL INFO Trees [0] -1/-1/-1->11->10 [1] -1/-1/-1->11->10
c197-032:27829:27868 [1] NCCL INFO Trees [0] 14/-1/-1->13->12 [1] 14/20/-1->13->12
c198-111:29898:29936 [1] NCCL INFO Trees [0] 54/-1/-1->53->52 [1] 54/56/-1->53->52
c199-012:28306:28339 [2] NCCL INFO Trees [0] 63/-1/-1->62->61 [1] 63/-1/-1->62->61
c199-011:23350:23387 [1] NCCL INFO Trees [0] 58/52/-1->57->56 [1] 58/-1/-1->57->56
c196-092:4911:4945 [3] NCCL INFO Trees [0] -1/-1/-1->3->2 [1] -1/-1/-1->3->2
c196-092:4910:4947 [2] NCCL INFO Trees [0] 3/-1/-1->2->1 [1] 3/-1/-1->2->1
c198-111:29897:29938 [0] NCCL INFO Channel 00/0 : 51[83000] -> 52[2000] [receive] via NET/IB/0
c198-102:23077:23117 [0] NCCL INFO Channel 00/0 : 47[83000] -> 48[2000] [receive] via NET/IB/0
c198-101:31907:31947 [0] NCCL INFO Channel 00/0 : 43[83000] -> 44[2000] [receive] via NET/IB/0
c198-091:30914:30952 [0] NCCL INFO Channel 00/0 : 39[83000] -> 40[2000] [receive] via NET/IB/0
c197-101:6711:6749 [0] NCCL INFO Channel 00/0 : 35[83000] -> 36[2000] [receive] via NET/IB/0
c197-092:8184:8224 [0] NCCL INFO Channel 00/0 : 31[83000] -> 32[2000] [receive] via NET/IB/0
c197-042:27870:27909 [0] NCCL INFO Channel 00/0 : 19[83000] -> 20[2000] [receive] via NET/IB/0
c197-012:18990:19028 [0] NCCL INFO Channel 00/0 : 3[83000] -> 4[2000] [receive] via NET/IB/0
c197-061:20784:20822 [0] NCCL INFO Channel 00/0 : 23[83000] -> 24[2000] [receive] via NET/IB/0
c199-012:28304:28340 [0] NCCL INFO Channel 00/0 : 59[83000] -> 60[2000] [receive] via NET/IB/0
c199-011:23349:23385 [0] NCCL INFO Channel 00/0 : 55[83000] -> 56[2000] [receive] via NET/IB/0
c197-022:17335:17370 [0] NCCL INFO Channel 00/0 : 7[83000] -> 8[2000] [receive] via NET/IB/0
c197-032:27828:27866 [0] NCCL INFO Channel 00/0 : 11[83000] -> 12[2000] [receive] via NET/IB/0
c197-041:32521:32559 [0] NCCL INFO Channel 00/0 : 15[83000] -> 16[2000] [receive] via NET/IB/0
c197-071:26445:26483 [0] NCCL INFO Channel 00/0 : 27[83000] -> 28[2000] [receive] via NET/IB/0
c196-092:4908:4940 [0] NCCL INFO Channel 00/0 : 63[83000] -> 0[2000] [receive] via NET/IB/0
c198-101:31909:31942 [2] NCCL INFO Channel 00 : 46[82000] -> 47[83000] via direct shared memory
c198-101:31909:31942 [2] NCCL INFO Channel 01 : 46[82000] -> 47[83000] via direct shared memory
c198-101:31908:31945 [1] NCCL INFO Channel 00 : 45[3000] -> 46[82000] via direct shared memory
c198-102:23079:23113 [2] NCCL INFO Channel 00 : 50[82000] -> 51[83000] via direct shared memory
c198-101:31908:31945 [1] NCCL INFO Channel 01 : 45[3000] -> 46[82000] via direct shared memory
c198-102:23079:23113 [2] NCCL INFO Channel 01 : 50[82000] -> 51[83000] via direct shared memory
c197-012:18992:19027 [2] NCCL INFO Channel 00 : 6[82000] -> 7[83000] via direct shared memory
c198-102:23078:23115 [1] NCCL INFO Channel 00 : 49[3000] -> 50[82000] via direct shared memory
c197-012:18991:19030 [1] NCCL INFO Channel 00 : 5[3000] -> 6[82000] via direct shared memory
c197-042:27872:27904 [2] NCCL INFO Channel 00 : 22[82000] -> 23[83000] via direct shared memory
c198-102:23078:23115 [1] NCCL INFO Channel 01 : 49[3000] -> 50[82000] via direct shared memory
c198-111:29899:29934 [2] NCCL INFO Channel 00 : 54[82000] -> 55[83000] via direct shared memory
c197-012:18992:19027 [2] NCCL INFO Channel 01 : 6[82000] -> 7[83000] via direct shared memory
c197-042:27872:27904 [2] NCCL INFO Channel 01 : 22[82000] -> 23[83000] via direct shared memory
c197-012:18991:19030 [1] NCCL INFO Channel 01 : 5[3000] -> 6[82000] via direct shared memory
c198-091:30916:30948 [2] NCCL INFO Channel 00 : 42[82000] -> 43[83000] via direct shared memory
c197-022:17337:17375 [2] NCCL INFO Channel 00 : 10[82000] -> 11[83000] via direct shared memory
c198-091:30915:30954 [1] NCCL INFO Channel 00 : 41[3000] -> 42[82000] via direct shared memory
c199-011:23351:23389 [2] NCCL INFO Channel 00 : 58[82000] -> 59[83000] via direct shared memory
c197-022:17337:17375 [2] NCCL INFO Channel 01 : 10[82000] -> 11[83000] via direct shared memory
c198-091:30916:30948 [2] NCCL INFO Channel 01 : 42[82000] -> 43[83000] via direct shared memory
c198-111:29899:29934 [2] NCCL INFO Channel 01 : 54[82000] -> 55[83000] via direct shared memory
c199-011:23350:23387 [1] NCCL INFO Channel 00 : 57[3000] -> 58[82000] via direct shared memory
c197-101:6713:6748 [2] NCCL INFO Channel 00 : 38[82000] -> 39[83000] via direct shared memory
c198-091:30915:30954 [1] NCCL INFO Channel 01 : 41[3000] -> 42[82000] via direct shared memory
c199-011:23351:23389 [2] NCCL INFO Channel 01 : 58[82000] -> 59[83000] via direct shared memory
c197-101:6712:6751 [1] NCCL INFO Channel 00 : 37[3000] -> 38[82000] via direct shared memory
c198-111:29898:29936 [1] NCCL INFO Channel 00 : 53[3000] -> 54[82000] via direct shared memory
c199-012:28306:28339 [2] NCCL INFO Channel 00 : 62[82000] -> 63[83000] via direct shared memory
c199-011:23350:23387 [1] NCCL INFO Channel 01 : 57[3000] -> 58[82000] via direct shared memory
c197-032:27830:27864 [2] NCCL INFO Channel 00 : 14[82000] -> 15[83000] via direct shared memory
c197-061:20786:20820 [2] NCCL INFO Channel 00 : 26[82000] -> 27[83000] via direct shared memory
c197-101:6713:6748 [2] NCCL INFO Channel 01 : 38[82000] -> 39[83000] via direct shared memory
c198-111:29898:29936 [1] NCCL INFO Channel 01 : 53[3000] -> 54[82000] via direct shared memory
c197-032:27830:27864 [2] NCCL INFO Channel 01 : 14[82000] -> 15[83000] via direct shared memory
c197-061:20786:20820 [2] NCCL INFO Channel 01 : 26[82000] -> 27[83000] via direct shared memory
c197-092:8186:8220 [2] NCCL INFO Channel 00 : 34[82000] -> 35[83000] via direct shared memory
c197-101:6712:6751 [1] NCCL INFO Channel 01 : 37[3000] -> 38[82000] via direct shared memory
c199-012:28306:28339 [2] NCCL INFO Channel 01 : 62[82000] -> 63[83000] via direct shared memory
c197-042:27871:27910 [1] NCCL INFO Channel 00 : 21[3000] -> 22[82000] via direct shared memory
c199-012:28305:28344 [1] NCCL INFO Channel 00 : 61[3000] -> 62[82000] via direct shared memory
c197-022:17336:17374 [1] NCCL INFO Channel 00 : 9[3000] -> 10[82000] via direct shared memory
c197-041:32523:32557 [2] NCCL INFO Channel 00 : 18[82000] -> 19[83000] via direct shared memory
c197-042:27871:27910 [1] NCCL INFO Channel 01 : 21[3000] -> 22[82000] via direct shared memory
c197-092:8185:8223 [1] NCCL INFO Channel 00 : 33[3000] -> 34[82000] via direct shared memory
c199-012:28305:28344 [1] NCCL INFO Channel 01 : 61[3000] -> 62[82000] via direct shared memory
c197-022:17336:17374 [1] NCCL INFO Channel 01 : 9[3000] -> 10[82000] via direct shared memory
c197-041:32522:32561 [1] NCCL INFO Channel 00 : 17[3000] -> 18[82000] via direct shared memory
c197-092:8186:8220 [2] NCCL INFO Channel 01 : 34[82000] -> 35[83000] via direct shared memory
