##################################### MSCCL #####################################
# nThread 1 nGpus 1 minBytes 1024 maxBytes 268435456 step: 2(factor) warmup iters: 5 iters: 20 agg iters: 1 validation: 1 graph: 0
#
# Using devices
#  Rank  0 Group  0 Pid   6034 on   c196-092 device  0 [0x02] Quadro RTX 5000
#  Rank  1 Group  0 Pid   6035 on   c196-092 device  1 [0x03] Quadro RTX 5000
#  Rank  2 Group  0 Pid   6036 on   c196-092 device  2 [0x82] Quadro RTX 5000
#  Rank  3 Group  0 Pid   6037 on   c196-092 device  3 [0x83] Quadro RTX 5000
#  Rank  4 Group  0 Pid  20039 on   c197-012 device  0 [0x02] Quadro RTX 5000
#  Rank  5 Group  0 Pid  20040 on   c197-012 device  1 [0x03] Quadro RTX 5000
#  Rank  6 Group  0 Pid  20041 on   c197-012 device  2 [0x82] Quadro RTX 5000
#  Rank  7 Group  0 Pid  20042 on   c197-012 device  3 [0x83] Quadro RTX 5000
#  Rank  8 Group  0 Pid  18359 on   c197-022 device  0 [0x02] Quadro RTX 5000
#  Rank  9 Group  0 Pid  18360 on   c197-022 device  1 [0x03] Quadro RTX 5000
#  Rank 10 Group  0 Pid  18361 on   c197-022 device  2 [0x82] Quadro RTX 5000
#  Rank 11 Group  0 Pid  18362 on   c197-022 device  3 [0x83] Quadro RTX 5000
#  Rank 12 Group  0 Pid  19842 on   c197-031 device  0 [0x02] Quadro RTX 5000
#  Rank 13 Group  0 Pid  19843 on   c197-031 device  1 [0x03] Quadro RTX 5000
#  Rank 14 Group  0 Pid  19844 on   c197-031 device  2 [0x82] Quadro RTX 5000
#  Rank 15 Group  0 Pid  19845 on   c197-031 device  3 [0x83] Quadro RTX 5000
#  Rank 16 Group  0 Pid  28847 on   c197-032 device  0 [0x02] Quadro RTX 5000
#  Rank 17 Group  0 Pid  28848 on   c197-032 device  1 [0x03] Quadro RTX 5000
#  Rank 18 Group  0 Pid  28849 on   c197-032 device  2 [0x82] Quadro RTX 5000
#  Rank 19 Group  0 Pid  28850 on   c197-032 device  3 [0x83] Quadro RTX 5000
#  Rank 20 Group  0 Pid   1156 on   c197-041 device  0 [0x02] Quadro RTX 5000
#  Rank 21 Group  0 Pid   1157 on   c197-041 device  1 [0x03] Quadro RTX 5000
#  Rank 22 Group  0 Pid   1158 on   c197-041 device  2 [0x82] Quadro RTX 5000
#  Rank 23 Group  0 Pid   1159 on   c197-041 device  3 [0x83] Quadro RTX 5000
#  Rank 24 Group  0 Pid  28887 on   c197-042 device  0 [0x02] Quadro RTX 5000
#  Rank 25 Group  0 Pid  28888 on   c197-042 device  1 [0x03] Quadro RTX 5000
#  Rank 26 Group  0 Pid  28889 on   c197-042 device  2 [0x82] Quadro RTX 5000
#  Rank 27 Group  0 Pid  28890 on   c197-042 device  3 [0x83] Quadro RTX 5000
#  Rank 28 Group  0 Pid  21799 on   c197-061 device  0 [0x02] Quadro RTX 5000
#  Rank 29 Group  0 Pid  21800 on   c197-061 device  1 [0x03] Quadro RTX 5000
#  Rank 30 Group  0 Pid  21801 on   c197-061 device  2 [0x82] Quadro RTX 5000
#  Rank 31 Group  0 Pid  21802 on   c197-061 device  3 [0x83] Quadro RTX 5000
#  Rank 32 Group  0 Pid  27461 on   c197-071 device  0 [0x02] Quadro RTX 5000
#  Rank 33 Group  0 Pid  27462 on   c197-071 device  1 [0x03] Quadro RTX 5000
#  Rank 34 Group  0 Pid  27463 on   c197-071 device  2 [0x82] Quadro RTX 5000
#  Rank 35 Group  0 Pid  27464 on   c197-071 device  3 [0x83] Quadro RTX 5000
#  Rank 36 Group  0 Pid   9198 on   c197-092 device  0 [0x02] Quadro RTX 5000
#  Rank 37 Group  0 Pid   9199 on   c197-092 device  1 [0x03] Quadro RTX 5000
#  Rank 38 Group  0 Pid   9200 on   c197-092 device  2 [0x82] Quadro RTX 5000
#  Rank 39 Group  0 Pid   9201 on   c197-092 device  3 [0x83] Quadro RTX 5000
#  Rank 40 Group  0 Pid   7751 on   c197-101 device  0 [0x02] Quadro RTX 5000
#  Rank 41 Group  0 Pid   7752 on   c197-101 device  1 [0x03] Quadro RTX 5000
#  Rank 42 Group  0 Pid   7753 on   c197-101 device  2 [0x82] Quadro RTX 5000
#  Rank 43 Group  0 Pid   7754 on   c197-101 device  3 [0x83] Quadro RTX 5000
#  Rank 44 Group  0 Pid    454 on   c198-101 device  0 [0x02] Quadro RTX 5000
#  Rank 45 Group  0 Pid    455 on   c198-101 device  1 [0x03] Quadro RTX 5000
#  Rank 46 Group  0 Pid    456 on   c198-101 device  2 [0x82] Quadro RTX 5000
#  Rank 47 Group  0 Pid    457 on   c198-101 device  3 [0x83] Quadro RTX 5000
#  Rank 48 Group  0 Pid  24089 on   c198-102 device  0 [0x02] Quadro RTX 5000
#  Rank 49 Group  0 Pid  24090 on   c198-102 device  1 [0x03] Quadro RTX 5000
#  Rank 50 Group  0 Pid  24091 on   c198-102 device  2 [0x82] Quadro RTX 5000
#  Rank 51 Group  0 Pid  24092 on   c198-102 device  3 [0x83] Quadro RTX 5000
#  Rank 52 Group  0 Pid  30917 on   c198-111 device  0 [0x02] Quadro RTX 5000
#  Rank 53 Group  0 Pid  30918 on   c198-111 device  1 [0x03] Quadro RTX 5000
#  Rank 54 Group  0 Pid  30919 on   c198-111 device  2 [0x82] Quadro RTX 5000
#  Rank 55 Group  0 Pid  30920 on   c198-111 device  3 [0x83] Quadro RTX 5000
#  Rank 56 Group  0 Pid  24358 on   c199-011 device  0 [0x02] Quadro RTX 5000
#  Rank 57 Group  0 Pid  24359 on   c199-011 device  1 [0x03] Quadro RTX 5000
#  Rank 58 Group  0 Pid  24360 on   c199-011 device  2 [0x82] Quadro RTX 5000
#  Rank 59 Group  0 Pid  24361 on   c199-011 device  3 [0x83] Quadro RTX 5000
#  Rank 60 Group  0 Pid  29329 on   c199-012 device  0 [0x02] Quadro RTX 5000
#  Rank 61 Group  0 Pid  29330 on   c199-012 device  1 [0x03] Quadro RTX 5000
#  Rank 62 Group  0 Pid  29331 on   c199-012 device  2 [0x82] Quadro RTX 5000
#  Rank 63 Group  0 Pid  29332 on   c199-012 device  3 [0x83] Quadro RTX 5000
c196-092:6034:6034 [0] NCCL INFO Bootstrap : Using ib0:192.168.44.118<0>
c196-092:6034:6034 [0] NCCL INFO NET/Plugin : No plugin found (libnccl-net.so), using internal implementation
c196-092:6034:6034 [0] NCCL INFO NET/IB : Using [0]mlx4_0:1/IB [RO]; OOB ib0:192.168.44.118<0>
c196-092:6034:6034 [0] NCCL INFO Using network IB
NCCL version 2.12.12.MSCCL.0.7.4+cuda11.3
c196-092:6037:6037 [3] NCCL INFO Bootstrap : Using ib0:192.168.44.118<0>
c196-092:6037:6037 [3] NCCL INFO NET/Plugin : No plugin found (libnccl-net.so), using internal implementation
c196-092:6037:6037 [3] NCCL INFO NET/IB : Using [0]mlx4_0:1/IB [RO]; OOB ib0:192.168.44.118<0>
c196-092:6037:6037 [3] NCCL INFO Using network IB
c196-092:6036:6036 [2] NCCL INFO Bootstrap : Using ib0:192.168.44.118<0>
c196-092:6036:6036 [2] NCCL INFO NET/Plugin : No plugin found (libnccl-net.so), using internal implementation
c196-092:6036:6036 [2] NCCL INFO NET/IB : Using [0]mlx4_0:1/IB [RO]; OOB ib0:192.168.44.118<0>
c196-092:6036:6036 [2] NCCL INFO Using network IB
c196-092:6035:6035 [1] NCCL INFO Bootstrap : Using ib0:192.168.44.118<0>
c196-092:6035:6035 [1] NCCL INFO NET/Plugin : No plugin found (libnccl-net.so), using internal implementation
c196-092:6035:6035 [1] NCCL INFO NET/IB : Using [0]mlx4_0:1/IB [RO]; OOB ib0:192.168.44.118<0>
c196-092:6035:6035 [1] NCCL INFO Using network IB
c197-022:18362:18362 [3] NCCL INFO Bootstrap : Using ib0:192.168.44.126<0>
c197-022:18362:18362 [3] NCCL INFO NET/Plugin : No plugin found (libnccl-net.so), using internal implementation
c197-022:18362:18362 [3] NCCL INFO NET/IB : Using [0]mlx4_0:1/IB [RO]; OOB ib0:192.168.44.126<0>
c197-022:18362:18362 [3] NCCL INFO Using network IB
c197-022:18361:18361 [2] NCCL INFO Bootstrap : Using ib0:192.168.44.126<0>
c197-022:18361:18361 [2] NCCL INFO NET/Plugin : No plugin found (libnccl-net.so), using internal implementation
c197-022:18361:18361 [2] NCCL INFO NET/IB : Using [0]mlx4_0:1/IB [RO]; OOB ib0:192.168.44.126<0>
c197-022:18361:18361 [2] NCCL INFO Using network IB
c197-022:18359:18359 [0] NCCL INFO Bootstrap : Using ib0:192.168.44.126<0>
c197-022:18360:18360 [1] NCCL INFO Bootstrap : Using ib0:192.168.44.126<0>
c197-022:18359:18359 [0] NCCL INFO NET/Plugin : No plugin found (libnccl-net.so), using internal implementation
c197-022:18360:18360 [1] NCCL INFO NET/Plugin : No plugin found (libnccl-net.so), using internal implementation
c197-022:18360:18360 [1] NCCL INFO NET/IB : Using [0]mlx4_0:1/IB [RO]; OOB ib0:192.168.44.126<0>
c197-022:18360:18360 [1] NCCL INFO Using network IB
c197-022:18359:18359 [0] NCCL INFO NET/IB : Using [0]mlx4_0:1/IB [RO]; OOB ib0:192.168.44.126<0>
c197-022:18359:18359 [0] NCCL INFO Using network IB
c197-031:19842:19842 [0] NCCL INFO Bootstrap : Using ib0:192.168.44.127<0>
c197-031:19843:19843 [1] NCCL INFO Bootstrap : Using ib0:192.168.44.127<0>
c197-031:19842:19842 [0] NCCL INFO NET/Plugin : No plugin found (libnccl-net.so), using internal implementation
c197-031:19843:19843 [1] NCCL INFO NET/Plugin : No plugin found (libnccl-net.so), using internal implementation
c197-031:19842:19842 [0] NCCL INFO NET/IB : Using [0]mlx4_0:1/IB [RO]; OOB ib0:192.168.44.127<0>
c197-031:19842:19842 [0] NCCL INFO Using network IB
c197-031:19845:19845 [3] NCCL INFO Bootstrap : Using ib0:192.168.44.127<0>
c197-031:19844:19844 [2] NCCL INFO Bootstrap : Using ib0:192.168.44.127<0>
c197-031:19844:19844 [2] NCCL INFO NET/Plugin : No plugin found (libnccl-net.so), using internal implementation
c197-031:19845:19845 [3] NCCL INFO NET/Plugin : No plugin found (libnccl-net.so), using internal implementation
c197-031:19843:19843 [1] NCCL INFO NET/IB : Using [0]mlx4_0:1/IB [RO]; OOB ib0:192.168.44.127<0>
c197-031:19843:19843 [1] NCCL INFO Using network IB
c197-031:19844:19844 [2] NCCL INFO NET/IB : Using [0]mlx4_0:1/IB [RO]; OOB ib0:192.168.44.127<0>
c197-031:19844:19844 [2] NCCL INFO Using network IB
c197-031:19845:19845 [3] NCCL INFO NET/IB : Using [0]mlx4_0:1/IB [RO]; OOB ib0:192.168.44.127<0>
c197-031:19845:19845 [3] NCCL INFO Using network IB
c198-101:457:457 [3] NCCL INFO Bootstrap : Using ib0:192.168.44.163<0>
c198-101:457:457 [3] NCCL INFO NET/Plugin : No plugin found (libnccl-net.so), using internal implementation
c198-101:457:457 [3] NCCL INFO NET/IB : Using [0]mlx4_0:1/IB [RO]; OOB ib0:192.168.44.163<0>
c198-101:457:457 [3] NCCL INFO Using network IB
c198-101:456:456 [2] NCCL INFO Bootstrap : Using ib0:192.168.44.163<0>
c198-101:455:455 [1] NCCL INFO Bootstrap : Using ib0:192.168.44.163<0>
c198-101:456:456 [2] NCCL INFO NET/Plugin : No plugin found (libnccl-net.so), using internal implementation
c198-101:455:455 [1] NCCL INFO NET/Plugin : No plugin found (libnccl-net.so), using internal implementation
c198-102:24091:24091 [2] NCCL INFO Bootstrap : Using ib0:192.168.44.164<0>
c198-102:24092:24092 [3] NCCL INFO Bootstrap : Using ib0:192.168.44.164<0>
c197-101:7753:7753 [2] NCCL INFO Bootstrap : Using ib0:192.168.44.141<0>
c197-101:7754:7754 [3] NCCL INFO Bootstrap : Using ib0:192.168.44.141<0>
c198-102:24091:24091 [2] NCCL INFO NET/Plugin : No plugin found (libnccl-net.so), using internal implementation
c198-102:24092:24092 [3] NCCL INFO NET/Plugin : No plugin found (libnccl-net.so), using internal implementation
c198-101:456:456 [2] NCCL INFO NET/IB : Using [0]mlx4_0:1/IB [RO]; OOB ib0:192.168.44.163<0>
c198-101:456:456 [2] NCCL INFO Using network IB
c197-101:7753:7753 [2] NCCL INFO NET/Plugin : No plugin found (libnccl-net.so), using internal implementation
c198-101:455:455 [1] NCCL INFO NET/IB : Using [0]mlx4_0:1/IB [RO]; OOB ib0:192.168.44.163<0>
c198-101:455:455 [1] NCCL INFO Using network IB
c197-101:7754:7754 [3] NCCL INFO NET/Plugin : No plugin found (libnccl-net.so), using internal implementation
c198-101:454:454 [0] NCCL INFO Bootstrap : Using ib0:192.168.44.163<0>
c198-101:454:454 [0] NCCL INFO NET/Plugin : No plugin found (libnccl-net.so), using internal implementation
c197-012:20041:20041 [2] NCCL INFO Bootstrap : Using ib0:192.168.44.124<0>
c197-012:20042:20042 [3] NCCL INFO Bootstrap : Using ib0:192.168.44.124<0>
c197-012:20041:20041 [2] NCCL INFO NET/Plugin : No plugin found (libnccl-net.so), using internal implementation
c197-012:20042:20042 [3] NCCL INFO NET/Plugin : No plugin found (libnccl-net.so), using internal implementation
c197-042:28890:28890 [3] NCCL INFO Bootstrap : Using ib0:192.168.44.130<0>
c198-101:454:454 [0] NCCL INFO NET/IB : Using [0]mlx4_0:1/IB [RO]; OOB ib0:192.168.44.163<0>
c198-101:454:454 [0] NCCL INFO Using network IB
c197-042:28890:28890 [3] NCCL INFO NET/Plugin : No plugin found (libnccl-net.so), using internal implementation
c197-042:28890:28890 [3] NCCL INFO NET/IB : Using [0]mlx4_0:1/IB [RO]; OOB ib0:192.168.44.130<0>
c197-042:28890:28890 [3] NCCL INFO Using network IB
c198-102:24090:24090 [1] NCCL INFO Bootstrap : Using ib0:192.168.44.164<0>
c198-102:24089:24089 [0] NCCL INFO Bootstrap : Using ib0:192.168.44.164<0>
c198-102:24090:24090 [1] NCCL INFO NET/Plugin : No plugin found (libnccl-net.so), using internal implementation
c199-011:24360:24360 [2] NCCL INFO Bootstrap : Using ib0:192.168.44.167<0>
c198-102:24089:24089 [0] NCCL INFO NET/Plugin : No plugin found (libnccl-net.so), using internal implementation
c199-011:24361:24361 [3] NCCL INFO Bootstrap : Using ib0:192.168.44.167<0>
c197-012:20041:20041 [2] NCCL INFO NET/IB : Using [0]mlx4_0:1/IB [RO]; OOB ib0:192.168.44.124<0>
c197-012:20041:20041 [2] NCCL INFO Using network IB
c197-012:20042:20042 [3] NCCL INFO NET/IB : Using [0]mlx4_0:1/IB [RO]; OOB ib0:192.168.44.124<0>
c197-012:20042:20042 [3] NCCL INFO Using network IB
c199-011:24360:24360 [2] NCCL INFO NET/Plugin : No plugin found (libnccl-net.so), using internal implementation
c199-011:24361:24361 [3] NCCL INFO NET/Plugin : No plugin found (libnccl-net.so), using internal implementation
c198-102:24092:24092 [3] NCCL INFO NET/IB : Using [0]mlx4_0:1/IB [RO]; OOB ib0:192.168.44.164<0>
c198-102:24092:24092 [3] NCCL INFO Using network IB
c198-102:24091:24091 [2] NCCL INFO NET/IB : Using [0]mlx4_0:1/IB [RO]; OOB ib0:192.168.44.164<0>
c198-102:24091:24091 [2] NCCL INFO Using network IB
c198-102:24089:24089 [0] NCCL INFO NET/IB : Using [0]mlx4_0:1/IB [RO]; OOB ib0:192.168.44.164<0>
c198-102:24089:24089 [0] NCCL INFO Using network IB
c198-102:24090:24090 [1] NCCL INFO NET/IB : Using [0]mlx4_0:1/IB [RO]; OOB ib0:192.168.44.164<0>
c198-102:24090:24090 [1] NCCL INFO Using network IB
c197-042:28889:28889 [2] NCCL INFO Bootstrap : Using ib0:192.168.44.130<0>
c199-011:24360:24360 [2] NCCL INFO NET/IB : Using [0]mlx4_0:1/IB [RO]; OOB ib0:192.168.44.167<0>
c199-011:24360:24360 [2] NCCL INFO Using network IB
c197-042:28889:28889 [2] NCCL INFO NET/Plugin : No plugin found (libnccl-net.so), using internal implementation
c197-101:7754:7754 [3] NCCL INFO NET/IB : Using [0]mlx4_0:1/IB [RO]; OOB ib0:192.168.44.141<0>
c197-101:7754:7754 [3] NCCL INFO Using network IB
c197-101:7753:7753 [2] NCCL INFO NET/IB : Using [0]mlx4_0:1/IB [RO]; OOB ib0:192.168.44.141<0>
c197-101:7753:7753 [2] NCCL INFO Using network IB
c199-011:24361:24361 [3] NCCL INFO NET/IB : Using [0]mlx4_0:1/IB [RO]; OOB ib0:192.168.44.167<0>
c199-011:24361:24361 [3] NCCL INFO Using network IB
c197-042:28889:28889 [2] NCCL INFO NET/IB : Using [0]mlx4_0:1/IB [RO]; OOB ib0:192.168.44.130<0>
c197-042:28889:28889 [2] NCCL INFO Using network IB
c199-012:29331:29331 [2] NCCL INFO Bootstrap : Using ib0:192.168.44.168<0>
c199-012:29332:29332 [3] NCCL INFO Bootstrap : Using ib0:192.168.44.168<0>
c199-012:29331:29331 [2] NCCL INFO NET/Plugin : No plugin found (libnccl-net.so), using internal implementation
c199-012:29332:29332 [3] NCCL INFO NET/Plugin : No plugin found (libnccl-net.so), using internal implementation
c199-011:24358:24358 [0] NCCL INFO Bootstrap : Using ib0:192.168.44.167<0>
c199-011:24359:24359 [1] NCCL INFO Bootstrap : Using ib0:192.168.44.167<0>
c199-011:24358:24358 [0] NCCL INFO NET/Plugin : No plugin found (libnccl-net.so), using internal implementation
c199-011:24359:24359 [1] NCCL INFO NET/Plugin : No plugin found (libnccl-net.so), using internal implementation
c199-011:24359:24359 [1] NCCL INFO NET/IB : Using [0]mlx4_0:1/IB [RO]; OOB ib0:192.168.44.167<0>
c199-011:24359:24359 [1] NCCL INFO Using network IB
c199-011:24358:24358 [0] NCCL INFO NET/IB : Using [0]mlx4_0:1/IB [RO]; OOB ib0:192.168.44.167<0>
c199-011:24358:24358 [0] NCCL INFO Using network IB
c197-101:7751:7751 [0] NCCL INFO Bootstrap : Using ib0:192.168.44.141<0>
c197-101:7752:7752 [1] NCCL INFO Bootstrap : Using ib0:192.168.44.141<0>
c197-101:7751:7751 [0] NCCL INFO NET/Plugin : No plugin found (libnccl-net.so), using internal implementation
c197-101:7752:7752 [1] NCCL INFO NET/Plugin : No plugin found (libnccl-net.so), using internal implementation
c197-012:20039:20039 [0] NCCL INFO Bootstrap : Using ib0:192.168.44.124<0>
c197-012:20040:20040 [1] NCCL INFO Bootstrap : Using ib0:192.168.44.124<0>
c197-012:20039:20039 [0] NCCL INFO NET/Plugin : No plugin found (libnccl-net.so), using internal implementation
c197-012:20040:20040 [1] NCCL INFO NET/Plugin : No plugin found (libnccl-net.so), using internal implementation
c199-012:29329:29329 [0] NCCL INFO Bootstrap : Using ib0:192.168.44.168<0>
c199-012:29330:29330 [1] NCCL INFO Bootstrap : Using ib0:192.168.44.168<0>
c199-012:29329:29329 [0] NCCL INFO NET/Plugin : No plugin found (libnccl-net.so), using internal implementation
c199-012:29330:29330 [1] NCCL INFO NET/Plugin : No plugin found (libnccl-net.so), using internal implementation
c197-012:20039:20039 [0] NCCL INFO NET/IB : Using [0]mlx4_0:1/IB [RO]; OOB ib0:192.168.44.124<0>
c197-012:20039:20039 [0] NCCL INFO Using network IB
c197-101:7751:7751 [0] NCCL INFO NET/IB : Using [0]mlx4_0:1/IB [RO]; OOB ib0:192.168.44.141<0>
c197-101:7751:7751 [0] NCCL INFO Using network IB
c199-012:29332:29332 [3] NCCL INFO NET/IB : Using [0]mlx4_0:1/IB [RO]; OOB ib0:192.168.44.168<0>
c199-012:29332:29332 [3] NCCL INFO Using network IB
c197-012:20040:20040 [1] NCCL INFO NET/IB : Using [0]mlx4_0:1/IB [RO]; OOB ib0:192.168.44.124<0>
c197-012:20040:20040 [1] NCCL INFO Using network IB
c197-101:7752:7752 [1] NCCL INFO NET/IB : Using [0]mlx4_0:1/IB [RO]; OOB ib0:192.168.44.141<0>
c197-101:7752:7752 [1] NCCL INFO Using network IB
c199-012:29331:29331 [2] NCCL INFO NET/IB : Using [0]mlx4_0:1/IB [RO]; OOB ib0:192.168.44.168<0>
c199-012:29331:29331 [2] NCCL INFO Using network IB
c197-041:1159:1159 [3] NCCL INFO Bootstrap : Using ib0:192.168.44.129<0>
c197-041:1159:1159 [3] NCCL INFO NET/Plugin : No plugin found (libnccl-net.so), using internal implementation
c199-012:29330:29330 [1] NCCL INFO NET/IB : Using [0]mlx4_0:1/IB [RO]; OOB ib0:192.168.44.168<0>
c199-012:29330:29330 [1] NCCL INFO Using network IB
c197-042:28887:28887 [0] NCCL INFO Bootstrap : Using ib0:192.168.44.130<0>
c199-012:29329:29329 [0] NCCL INFO NET/IB : Using [0]mlx4_0:1/IB [RO]; OOB ib0:192.168.44.168<0>
c199-012:29329:29329 [0] NCCL INFO Using network IB
c197-042:28888:28888 [1] NCCL INFO Bootstrap : Using ib0:192.168.44.130<0>
c197-042:28887:28887 [0] NCCL INFO NET/Plugin : No plugin found (libnccl-net.so), using internal implementation
c197-032:28850:28850 [3] NCCL INFO Bootstrap : Using ib0:192.168.44.128<0>
c197-042:28888:28888 [1] NCCL INFO NET/Plugin : No plugin found (libnccl-net.so), using internal implementation
c197-041:1159:1159 [3] NCCL INFO NET/IB : Using [0]mlx4_0:1/IB [RO]; OOB ib0:192.168.44.129<0>
c197-041:1159:1159 [3] NCCL INFO Using network IB
c197-032:28850:28850 [3] NCCL INFO NET/Plugin : No plugin found (libnccl-net.so), using internal implementation
c197-032:28850:28850 [3] NCCL INFO NET/IB : Using [0]mlx4_0:1/IB [RO]; OOB ib0:192.168.44.128<0>
c197-032:28850:28850 [3] NCCL INFO Using network IB
c197-061:21801:21801 [2] NCCL INFO Bootstrap : Using ib0:192.168.44.133<0>
c197-061:21802:21802 [3] NCCL INFO Bootstrap : Using ib0:192.168.44.133<0>
c197-061:21801:21801 [2] NCCL INFO NET/Plugin : No plugin found (libnccl-net.so), using internal implementation
c197-061:21802:21802 [3] NCCL INFO NET/Plugin : No plugin found (libnccl-net.so), using internal implementation
c197-092:9200:9200 [2] NCCL INFO Bootstrap : Using ib0:192.168.44.140<0>
c197-092:9201:9201 [3] NCCL INFO Bootstrap : Using ib0:192.168.44.140<0>
c197-042:28887:28887 [0] NCCL INFO NET/IB : Using [0]mlx4_0:1/IB [RO]; OOB ib0:192.168.44.130<0>
c197-042:28887:28887 [0] NCCL INFO Using network IB
c197-042:28888:28888 [1] NCCL INFO NET/IB : Using [0]mlx4_0:1/IB [RO]; OOB ib0:192.168.44.130<0>
c197-042:28888:28888 [1] NCCL INFO Using network IB
c197-092:9200:9200 [2] NCCL INFO NET/Plugin : No plugin found (libnccl-net.so), using internal implementation
c197-092:9201:9201 [3] NCCL INFO NET/Plugin : No plugin found (libnccl-net.so), using internal implementation
c197-071:27463:27463 [2] NCCL INFO Bootstrap : Using ib0:192.168.44.135<0>
c197-071:27464:27464 [3] NCCL INFO Bootstrap : Using ib0:192.168.44.135<0>
c197-071:27463:27463 [2] NCCL INFO NET/Plugin : No plugin found (libnccl-net.so), using internal implementation
c197-032:28849:28849 [2] NCCL INFO Bootstrap : Using ib0:192.168.44.128<0>
c197-071:27464:27464 [3] NCCL INFO NET/Plugin : No plugin found (libnccl-net.so), using internal implementation
c197-032:28849:28849 [2] NCCL INFO NET/Plugin : No plugin found (libnccl-net.so), using internal implementation
c197-032:28849:28849 [2] NCCL INFO NET/IB : Using [0]mlx4_0:1/IB [RO]; OOB ib0:192.168.44.128<0>
c197-032:28849:28849 [2] NCCL INFO Using network IB
c198-111:30919:30919 [2] NCCL INFO Bootstrap : Using ib0:192.168.44.165<0>
c198-111:30919:30919 [2] NCCL INFO NET/Plugin : No plugin found (libnccl-net.so), using internal implementation
c197-041:1157:1157 [1] NCCL INFO Bootstrap : Using ib0:192.168.44.129<0>
c197-041:1158:1158 [2] NCCL INFO Bootstrap : Using ib0:192.168.44.129<0>
c197-041:1158:1158 [2] NCCL INFO NET/Plugin : No plugin found (libnccl-net.so), using internal implementation
c197-041:1157:1157 [1] NCCL INFO NET/Plugin : No plugin found (libnccl-net.so), using internal implementation
c198-111:30919:30919 [2] NCCL INFO NET/IB : Using [0]mlx4_0:1/IB [RO]; OOB ib0:192.168.44.165<0>
c198-111:30919:30919 [2] NCCL INFO Using network IB
c197-071:27463:27463 [2] NCCL INFO NET/IB : Using [0]mlx4_0:1/IB [RO]; OOB ib0:192.168.44.135<0>
c197-071:27463:27463 [2] NCCL INFO Using network IB
c197-071:27464:27464 [3] NCCL INFO NET/IB : Using [0]mlx4_0:1/IB [RO]; OOB ib0:192.168.44.135<0>
c197-071:27464:27464 [3] NCCL INFO Using network IB
c198-111:30920:30920 [3] NCCL INFO Bootstrap : Using ib0:192.168.44.165<0>
c198-111:30920:30920 [3] NCCL INFO NET/Plugin : No plugin found (libnccl-net.so), using internal implementation
c198-111:30920:30920 [3] NCCL INFO NET/IB : Using [0]mlx4_0:1/IB [RO]; OOB ib0:192.168.44.165<0>
c198-111:30920:30920 [3] NCCL INFO Using network IB
c197-092:9199:9199 [1] NCCL INFO Bootstrap : Using ib0:192.168.44.140<0>
c197-061:21800:21800 [1] NCCL INFO Bootstrap : Using ib0:192.168.44.133<0>
c197-061:21799:21799 [0] NCCL INFO Bootstrap : Using ib0:192.168.44.133<0>
c197-092:9199:9199 [1] NCCL INFO NET/Plugin : No plugin found (libnccl-net.so), using internal implementation
c197-061:21799:21799 [0] NCCL INFO NET/Plugin : No plugin found (libnccl-net.so), using internal implementation
c197-061:21800:21800 [1] NCCL INFO NET/Plugin : No plugin found (libnccl-net.so), using internal implementation
c197-092:9201:9201 [3] NCCL INFO NET/IB : Using [0]mlx4_0:1/IB [RO]; OOB ib0:192.168.44.140<0>
c197-092:9201:9201 [3] NCCL INFO Using network IB
c197-041:1156:1156 [0] NCCL INFO Bootstrap : Using ib0:192.168.44.129<0>
c197-092:9200:9200 [2] NCCL INFO NET/IB : Using [0]mlx4_0:1/IB [RO]; OOB ib0:192.168.44.140<0>
c197-092:9200:9200 [2] NCCL INFO Using network IB
c197-041:1156:1156 [0] NCCL INFO NET/Plugin : No plugin found (libnccl-net.so), using internal implementation
c197-061:21801:21801 [2] NCCL INFO NET/IB : Using [0]mlx4_0:1/IB [RO]; OOB ib0:192.168.44.133<0>
c197-061:21801:21801 [2] NCCL INFO Using network IB
c197-061:21802:21802 [3] NCCL INFO NET/IB : Using [0]mlx4_0:1/IB [RO]; OOB ib0:192.168.44.133<0>
c197-061:21802:21802 [3] NCCL INFO Using network IB
c197-092:9199:9199 [1] NCCL INFO NET/IB : Using [0]mlx4_0:1/IB [RO]; OOB ib0:192.168.44.140<0>
c197-092:9199:9199 [1] NCCL INFO Using network IB
c197-041:1158:1158 [2] NCCL INFO NET/IB : Using [0]mlx4_0:1/IB [RO]; OOB ib0:192.168.44.129<0>
c197-041:1158:1158 [2] NCCL INFO Using network IB
c197-041:1157:1157 [1] NCCL INFO NET/IB : Using [0]mlx4_0:1/IB [RO]; OOB ib0:192.168.44.129<0>
c197-041:1157:1157 [1] NCCL INFO Using network IB
c197-041:1156:1156 [0] NCCL INFO NET/IB : Using [0]mlx4_0:1/IB [RO]; OOB ib0:192.168.44.129<0>
c197-041:1156:1156 [0] NCCL INFO Using network IB
c197-061:21799:21799 [0] NCCL INFO NET/IB : Using [0]mlx4_0:1/IB [RO]; OOB ib0:192.168.44.133<0>
c197-061:21799:21799 [0] NCCL INFO Using network IB
c197-061:21800:21800 [1] NCCL INFO NET/IB : Using [0]mlx4_0:1/IB [RO]; OOB ib0:192.168.44.133<0>
c197-061:21800:21800 [1] NCCL INFO Using network IB
c197-071:27461:27461 [0] NCCL INFO Bootstrap : Using ib0:192.168.44.135<0>
c197-071:27462:27462 [1] NCCL INFO Bootstrap : Using ib0:192.168.44.135<0>
c197-071:27461:27461 [0] NCCL INFO NET/Plugin : No plugin found (libnccl-net.so), using internal implementation
c197-071:27462:27462 [1] NCCL INFO NET/Plugin : No plugin found (libnccl-net.so), using internal implementation
c197-092:9198:9198 [0] NCCL INFO Bootstrap : Using ib0:192.168.44.140<0>
c197-092:9198:9198 [0] NCCL INFO NET/Plugin : No plugin found (libnccl-net.so), using internal implementation
c197-071:27462:27462 [1] NCCL INFO NET/IB : Using [0]mlx4_0:1/IB [RO]; OOB ib0:192.168.44.135<0>
c197-071:27462:27462 [1] NCCL INFO Using network IB
c197-071:27461:27461 [0] NCCL INFO NET/IB : Using [0]mlx4_0:1/IB [RO]; OOB ib0:192.168.44.135<0>
c197-071:27461:27461 [0] NCCL INFO Using network IB
c197-092:9198:9198 [0] NCCL INFO NET/IB : Using [0]mlx4_0:1/IB [RO]; OOB ib0:192.168.44.140<0>
c197-092:9198:9198 [0] NCCL INFO Using network IB
c197-032:28847:28847 [0] NCCL INFO Bootstrap : Using ib0:192.168.44.128<0>
c197-032:28848:28848 [1] NCCL INFO Bootstrap : Using ib0:192.168.44.128<0>
c197-032:28847:28847 [0] NCCL INFO NET/Plugin : No plugin found (libnccl-net.so), using internal implementation
c197-032:28848:28848 [1] NCCL INFO NET/Plugin : No plugin found (libnccl-net.so), using internal implementation
c197-032:28848:28848 [1] NCCL INFO NET/IB : Using [0]mlx4_0:1/IB [RO]; OOB ib0:192.168.44.128<0>
c197-032:28848:28848 [1] NCCL INFO Using network IB
c197-032:28847:28847 [0] NCCL INFO NET/IB : Using [0]mlx4_0:1/IB [RO]; OOB ib0:192.168.44.128<0>
c197-032:28847:28847 [0] NCCL INFO Using network IB
c198-111:30917:30917 [0] NCCL INFO Bootstrap : Using ib0:192.168.44.165<0>
c198-111:30918:30918 [1] NCCL INFO Bootstrap : Using ib0:192.168.44.165<0>
c198-111:30917:30917 [0] NCCL INFO NET/Plugin : No plugin found (libnccl-net.so), using internal implementation
c198-111:30918:30918 [1] NCCL INFO NET/Plugin : No plugin found (libnccl-net.so), using internal implementation
c198-111:30917:30917 [0] NCCL INFO NET/IB : Using [0]mlx4_0:1/IB [RO]; OOB ib0:192.168.44.165<0>
c198-111:30917:30917 [0] NCCL INFO Using network IB
c198-111:30918:30918 [1] NCCL INFO NET/IB : Using [0]mlx4_0:1/IB [RO]; OOB ib0:192.168.44.165<0>
c198-111:30918:30918 [1] NCCL INFO Using network IB
c196-092:6034:6067 [0] NCCL INFO Setting affinity for GPU 0 to 0f000f
c196-092:6037:6073 [3] NCCL INFO Setting affinity for GPU 3 to f000f000
c196-092:6036:6075 [2] NCCL INFO Setting affinity for GPU 2 to 0f000f00
c196-092:6035:6077 [1] NCCL INFO Setting affinity for GPU 1 to f000f0
c198-111:30920:30954 [3] NCCL INFO Setting affinity for GPU 3 to f000f000
c197-061:21802:21835 [3] NCCL INFO Setting affinity for GPU 3 to f000f000
c198-101:457:489 [3] NCCL INFO Setting affinity for GPU 3 to f000f000
c198-111:30917:30957 [0] NCCL INFO Setting affinity for GPU 0 to 0f000f
c198-111:30918:30958 [1] NCCL INFO Setting affinity for GPU 1 to f000f0
c197-041:1159:1207 [3] NCCL INFO Setting affinity for GPU 3 to f000f000
c197-092:9201:9234 [3] NCCL INFO Setting affinity for GPU 3 to f000f000
c198-101:454:495 [0] NCCL INFO Setting affinity for GPU 0 to 0f000f
c198-111:30919:30952 [2] NCCL INFO Setting affinity for GPU 2 to 0f000f00
c197-061:21799:21839 [0] NCCL INFO Setting affinity for GPU 0 to 0f000f
c199-011:24361:24395 [3] NCCL INFO Setting affinity for GPU 3 to f000f000
c197-061:21800:21840 [1] NCCL INFO Setting affinity for GPU 1 to f000f0
c198-101:456:492 [2] NCCL INFO Setting affinity for GPU 2 to 0f000f00
c197-061:21801:21836 [2] NCCL INFO Setting affinity for GPU 2 to 0f000f00
c197-092:9198:9239 [0] NCCL INFO Setting affinity for GPU 0 to 0f000f
c197-041:1158:1209 [2] NCCL INFO Setting affinity for GPU 2 to 0f000f00
c197-092:9200:9237 [2] NCCL INFO Setting affinity for GPU 2 to 0f000f00
c197-031:19845:19882 [3] NCCL INFO Setting affinity for GPU 3 to f000f000
c197-041:1156:1215 [0] NCCL INFO Setting affinity for GPU 0 to 0f000f
c199-011:24358:24399 [0] NCCL INFO Setting affinity for GPU 0 to 0f000f
c197-031:19842:19877 [0] NCCL INFO Setting affinity for GPU 0 to 0f000f
c198-102:24092:24126 [3] NCCL INFO Setting affinity for GPU 3 to f000f000
c199-011:24360:24393 [2] NCCL INFO Setting affinity for GPU 2 to 0f000f00
c197-101:7754:7788 [3] NCCL INFO Setting affinity for GPU 3 to f000f000
c197-032:28850:28882 [3] NCCL INFO Setting affinity for GPU 3 to f000f000
c199-011:24359:24398 [1] NCCL INFO Setting affinity for GPU 1 to f000f0
c199-012:29332:29365 [3] NCCL INFO Setting affinity for GPU 3 to f000f000
c197-031:19844:19883 [2] NCCL INFO Setting affinity for GPU 2 to 0f000f00
c197-032:28847:28888 [0] NCCL INFO Setting affinity for GPU 0 to 0f000f
c197-032:28849:28884 [2] NCCL INFO Setting affinity for GPU 2 to 0f000f00
c198-102:24089:24130 [0] NCCL INFO Setting affinity for GPU 0 to 0f000f
c197-022:18359:18400 [0] NCCL INFO Setting affinity for GPU 0 to 0f000f
c198-102:24090:24131 [1] NCCL INFO Setting affinity for GPU 1 to f000f0
c197-101:7751:7791 [0] NCCL INFO Setting affinity for GPU 0 to 0f000f
c197-042:28890:28922 [3] NCCL INFO Setting affinity for GPU 3 to f000f000
c199-012:29329:29370 [0] NCCL INFO Setting affinity for GPU 0 to 0f000f
c197-022:18362:18394 [3] NCCL INFO Setting affinity for GPU 3 to f000f000
c197-022:18361:18396 [2] NCCL INFO Setting affinity for GPU 2 to 0f000f00
c197-101:7752:7793 [1] NCCL INFO Setting affinity for GPU 1 to f000f0
c198-102:24091:24127 [2] NCCL INFO Setting affinity for GPU 2 to 0f000f00
c197-101:7753:7789 [2] NCCL INFO Setting affinity for GPU 2 to 0f000f00
c197-071:27464:27499 [3] NCCL INFO Setting affinity for GPU 3 to f000f000
c199-012:29331:29366 [2] NCCL INFO Setting affinity for GPU 2 to 0f000f00
c199-012:29330:29369 [1] NCCL INFO Setting affinity for GPU 1 to f000f0
c197-042:28887:28927 [0] NCCL INFO Setting affinity for GPU 0 to 0f000f
c197-042:28888:28928 [1] NCCL INFO Setting affinity for GPU 1 to f000f0
c197-042:28889:28924 [2] NCCL INFO Setting affinity for GPU 2 to 0f000f00
c197-071:27461:27504 [0] NCCL INFO Setting affinity for GPU 0 to 0f000f
c197-071:27462:27503 [1] NCCL INFO Setting affinity for GPU 1 to f000f0
c197-071:27463:27498 [2] NCCL INFO Setting affinity for GPU 2 to 0f000f00
c197-041:1157:1213 [1] NCCL INFO Setting affinity for GPU 1 to f000f0
c197-031:19843:19879 [1] NCCL INFO Setting affinity for GPU 1 to f000f0
c197-032:28848:28887 [1] NCCL INFO Setting affinity for GPU 1 to f000f0
c198-101:455:493 [1] NCCL INFO Setting affinity for GPU 1 to f000f0
c197-092:9199:9236 [1] NCCL INFO Setting affinity for GPU 1 to f000f0
c197-022:18360:18399 [1] NCCL INFO Setting affinity for GPU 1 to f000f0
c197-012:20040:20080 [1] NCCL INFO Setting affinity for GPU 1 to f000f0
c197-012:20042:20076 [3] NCCL INFO Setting affinity for GPU 3 to f000f000
c197-012:20041:20075 [2] NCCL INFO Setting affinity for GPU 2 to 0f000f00
c197-012:20039:20079 [0] NCCL INFO Setting affinity for GPU 0 to 0f000f
c197-012:20039:20079 [0] NCCL INFO Trees [0] 5/-1/-1->4->9 [1] 5/0/-1->4->12
c196-092:6036:6075 [2] NCCL INFO Trees [0] 3/-1/-1->2->1 [1] 3/-1/-1->2->1
c199-012:29332:29365 [3] NCCL INFO Trees [0] -1/-1/-1->63->62 [1] -1/-1/-1->63->62
c196-092:6037:6073 [3] NCCL INFO Trees [0] -1/-1/-1->3->2 [1] -1/-1/-1->3->2
c199-011:24361:24395 [3] NCCL INFO Trees [0] -1/-1/-1->59->58 [1] -1/-1/-1->59->58
c199-012:29331:29366 [2] NCCL INFO Trees [0] 63/-1/-1->62->61 [1] 63/-1/-1->62->61
c196-092:6035:6077 [1] NCCL INFO Trees [0] 2/-1/-1->1->0 [1] 2/-1/-1->1->0
c199-011:24360:24393 [2] NCCL INFO Trees [0] 59/-1/-1->58->57 [1] 59/-1/-1->58->57
c198-111:30919:30952 [2] NCCL INFO Trees [0] 55/-1/-1->54->53 [1] 55/-1/-1->54->53
c199-012:29330:29369 [1] NCCL INFO Trees [0] 62/-1/-1->61->60 [1] 62/-1/-1->61->60
c196-092:6034:6067 [0] NCCL INFO Channel 00/02 :    0   1   2   3   4   5   6   7   8   9  10  11  12  13  14  15  16  17  18  19
c196-092:6034:6067 [0] NCCL INFO Channel 01/02 :    0   1   2   3   4   5   6   7   8   9  10  11  12  13  14  15  16  17  18  19
c198-102:24091:24127 [2] NCCL INFO Trees [0] 51/-1/-1->50->49 [1] 51/-1/-1->50->49
c199-011:24359:24398 [1] NCCL INFO Trees [0] 58/52/-1->57->56 [1] 58/-1/-1->57->56
c198-111:30920:30954 [3] NCCL INFO Trees [0] -1/-1/-1->55->54 [1] -1/-1/-1->55->54
c199-012:29329:29370 [0] NCCL INFO Trees [0] 61/-1/-1->60->56 [1] 61/28/-1->60->-1
c196-092:6034:6067 [0] NCCL INFO Trees [0] 1/32/-1->0->-1 [1] 1/-1/-1->0->4
c198-101:457:489 [3] NCCL INFO Trees [0] -1/-1/-1->47->46 [1] -1/-1/-1->47->46
c197-101:7754:7788 [3] NCCL INFO Trees [0] -1/-1/-1->43->42 [1] -1/-1/-1->43->42
c198-102:24092:24126 [3] NCCL INFO Trees [0] -1/-1/-1->51->50 [1] -1/-1/-1->51->50
c199-011:24358:24399 [0] NCCL INFO Trees [0] 57/60/-1->56->48 [1] 57/-1/-1->56->53
c198-111:30918:30958 [1] NCCL INFO Trees [0] 54/-1/-1->53->52 [1] 54/56/-1->53->52
c197-092:9201:9234 [3] NCCL INFO Trees [0] -1/-1/-1->39->38 [1] -1/-1/-1->39->38
c198-101:456:492 [2] NCCL INFO Trees [0] 47/-1/-1->46->45 [1] 47/-1/-1->46->45
c197-101:7752:7793 [1] NCCL INFO Trees [0] 42/36/-1->41->40 [1] 42/-1/-1->41->40
c198-102:24090:24131 [1] NCCL INFO Trees [0] 50/40/-1->49->48 [1] 50/-1/-1->49->48
c198-111:30917:30957 [0] NCCL INFO Trees [0] 53/-1/-1->52->57 [1] 53/48/-1->52->45
c197-022:18359:18400 [0] NCCL INFO Trees [0] 9/12/-1->8->17 [1] 9/-1/-1->8->5
c197-061:21802:21835 [3] NCCL INFO Trees [0] -1/-1/-1->31->30 [1] -1/-1/-1->31->30
c197-071:27464:27499 [3] NCCL INFO Trees [0] -1/-1/-1->35->34 [1] -1/-1/-1->35->34
c197-092:9200:9237 [2] NCCL INFO Trees [0] 39/-1/-1->38->37 [1] 39/-1/-1->38->37
c198-101:454:495 [0] NCCL INFO Trees [0] 45/-1/-1->44->40 [1] 45/36/-1->44->29
c197-101:7753:7789 [2] NCCL INFO Trees [0] 43/-1/-1->42->41 [1] 43/-1/-1->42->41
c198-102:24089:24130 [0] NCCL INFO Trees [0] 49/56/-1->48->32 [1] 49/-1/-1->48->52
c197-012:20040:20080 [1] NCCL INFO Trees [0] 6/-1/-1->5->4 [1] 6/8/-1->5->4
c197-061:21801:21836 [2] NCCL INFO Trees [0] 31/-1/-1->30->29 [1] 31/-1/-1->30->29
c197-071:27463:27498 [2] NCCL INFO Trees [0] 35/-1/-1->34->33 [1] 35/-1/-1->34->33
c197-042:28890:28922 [3] NCCL INFO Trees [0] -1/-1/-1->27->26 [1] -1/-1/-1->27->26
c197-092:9198:9239 [0] NCCL INFO Trees [0] 37/-1/-1->36->41 [1] 37/32/-1->36->44
c198-101:455:493 [1] NCCL INFO Trees [0] 46/-1/-1->45->44 [1] 46/52/-1->45->44
c197-101:7751:7791 [0] NCCL INFO Trees [0] 41/44/-1->40->49 [1] 41/-1/-1->40->37
c197-012:20041:20075 [2] NCCL INFO Trees [0] 7/-1/-1->6->5 [1] 7/-1/-1->6->5
c197-032:28849:28884 [2] NCCL INFO Trees [0] 19/-1/-1->18->17 [1] 19/-1/-1->18->17
c197-022:18362:18394 [3] NCCL INFO Trees [0] -1/-1/-1->11->10 [1] -1/-1/-1->11->10
c197-061:21800:21840 [1] NCCL INFO Trees [0] 30/-1/-1->29->28 [1] 30/44/-1->29->28
c197-071:27462:27503 [1] NCCL INFO Trees [0] 34/16/-1->33->32 [1] 34/-1/-1->33->32
c197-041:1158:1209 [2] NCCL INFO Trees [0] 23/-1/-1->22->21 [1] 23/-1/-1->22->21
c197-042:28889:28924 [2] NCCL INFO Trees [0] 27/-1/-1->26->25 [1] 27/-1/-1->26->25
c197-092:9199:9236 [1] NCCL INFO Trees [0] 38/-1/-1->37->36 [1] 38/40/-1->37->36
c197-031:19844:19883 [2] NCCL INFO Trees [0] 15/-1/-1->14->13 [1] 15/-1/-1->14->13
c197-012:20042:20076 [3] NCCL INFO Trees [0] -1/-1/-1->7->6 [1] -1/-1/-1->7->6
c197-032:28850:28882 [3] NCCL INFO Trees [0] -1/-1/-1->19->18 [1] -1/-1/-1->19->18
c197-022:18361:18396 [2] NCCL INFO Trees [0] 11/-1/-1->10->9 [1] 11/-1/-1->10->9
c197-061:21799:21839 [0] NCCL INFO Trees [0] 29/-1/-1->28->24 [1] 29/12/-1->28->60
c197-071:27461:27504 [0] NCCL INFO Trees [0] 33/48/-1->32->0 [1] 33/-1/-1->32->36
c197-041:1159:1207 [3] NCCL INFO Trees [0] -1/-1/-1->23->22 [1] -1/-1/-1->23->22
c197-042:28888:28928 [1] NCCL INFO Trees [0] 26/20/-1->25->24 [1] 26/-1/-1->25->24
c197-031:19845:19882 [3] NCCL INFO Trees [0] -1/-1/-1->15->14 [1] -1/-1/-1->15->14
c197-032:28847:28888 [0] NCCL INFO Trees [0] 17/24/-1->16->33 [1] 17/-1/-1->16->20
c197-022:18360:18399 [1] NCCL INFO Trees [0] 10/4/-1->9->8 [1] 10/-1/-1->9->8
c197-041:1156:1215 [0] NCCL INFO Trees [0] 21/-1/-1->20->25 [1] 21/16/-1->20->13
c197-042:28887:28927 [0] NCCL INFO Trees [0] 25/28/-1->24->16 [1] 25/-1/-1->24->21
c197-031:19842:19877 [0] NCCL INFO Trees [0] 13/-1/-1->12->8 [1] 13/4/-1->12->28
c197-032:28848:28887 [1] NCCL INFO Trees [0] 18/8/-1->17->16 [1] 18/-1/-1->17->16
c197-041:1157:1213 [1] NCCL INFO Trees [0] 22/-1/-1->21->20 [1] 22/24/-1->21->20
c197-031:19843:19879 [1] NCCL INFO Trees [0] 14/-1/-1->13->12 [1] 14/20/-1->13->12
c197-012:20039:20079 [0] NCCL INFO Channel 00/0 : 3[83000] -> 4[2000] [receive] via NET/IB/0
c197-022:18359:18400 [0] NCCL INFO Channel 00/0 : 7[83000] -> 8[2000] [receive] via NET/IB/0
c199-011:24358:24399 [0] NCCL INFO Channel 00/0 : 55[83000] -> 56[2000] [receive] via NET/IB/0
c199-012:29329:29370 [0] NCCL INFO Channel 00/0 : 59[83000] -> 60[2000] [receive] via NET/IB/0
c196-092:6034:6067 [0] NCCL INFO Channel 00/0 : 63[83000] -> 0[2000] [receive] via NET/IB/0
c197-042:28887:28927 [0] NCCL INFO Channel 00/0 : 23[83000] -> 24[2000] [receive] via NET/IB/0
c197-101:7751:7791 [0] NCCL INFO Channel 00/0 : 39[83000] -> 40[2000] [receive] via NET/IB/0
c197-061:21799:21839 [0] NCCL INFO Channel 00/0 : 27[83000] -> 28[2000] [receive] via NET/IB/0
c197-041:1156:1215 [0] NCCL INFO Channel 00/0 : 19[83000] -> 20[2000] [receive] via NET/IB/0
c198-102:24089:24130 [0] NCCL INFO Channel 00/0 : 47[83000] -> 48[2000] [receive] via NET/IB/0
c197-032:28847:28888 [0] NCCL INFO Channel 00/0 : 15[83000] -> 16[2000] [receive] via NET/IB/0
c198-111:30917:30957 [0] NCCL INFO Channel 00/0 : 51[83000] -> 52[2000] [receive] via NET/IB/0
c197-092:9198:9239 [0] NCCL INFO Channel 00/0 : 35[83000] -> 36[2000] [receive] via NET/IB/0
c197-071:27461:27504 [0] NCCL INFO Channel 00/0 : 31[83000] -> 32[2000] [receive] via NET/IB/0
c198-101:454:495 [0] NCCL INFO Channel 00/0 : 43[83000] -> 44[2000] [receive] via NET/IB/0
c197-031:19842:19877 [0] NCCL INFO Channel 00/0 : 11[83000] -> 12[2000] [receive] via NET/IB/0
c197-012:20041:20075 [2] NCCL INFO Channel 00 : 6[82000] -> 7[83000] via direct shared memory
c197-012:20040:20080 [1] NCCL INFO Channel 00 : 5[3000] -> 6[82000] via direct shared memory
c199-011:24360:24393 [2] NCCL INFO Channel 00 : 58[82000] -> 59[83000] via direct shared memory
c197-012:20041:20075 [2] NCCL INFO Channel 01 : 6[82000] -> 7[83000] via direct shared memory
c197-042:28889:28924 [2] NCCL INFO Channel 00 : 26[82000] -> 27[83000] via direct shared memory
c197-012:20040:20080 [1] NCCL INFO Channel 01 : 5[3000] -> 6[82000] via direct shared memory
c199-011:24360:24393 [2] NCCL INFO Channel 01 : 58[82000] -> 59[83000] via direct shared memory
c197-101:7753:7789 [2] NCCL INFO Channel 00 : 42[82000] -> 43[83000] via direct shared memory
c199-011:24359:24398 [1] NCCL INFO Channel 00 : 57[3000] -> 58[82000] via direct shared memory
c199-012:29331:29366 [2] NCCL INFO Channel 00 : 62[82000] -> 63[83000] via direct shared memory
c197-042:28889:28924 [2] NCCL INFO Channel 01 : 26[82000] -> 27[83000] via direct shared memory
c197-101:7753:7789 [2] NCCL INFO Channel 01 : 42[82000] -> 43[83000] via direct shared memory
c198-102:24091:24127 [2] NCCL INFO Channel 00 : 50[82000] -> 51[83000] via direct shared memory
c199-011:24359:24398 [1] NCCL INFO Channel 01 : 57[3000] -> 58[82000] via direct shared memory
c197-042:28888:28928 [1] NCCL INFO Channel 00 : 25[3000] -> 26[82000] via direct shared memory
c199-012:29331:29366 [2] NCCL INFO Channel 01 : 62[82000] -> 63[83000] via direct shared memory
c197-042:28888:28928 [1] NCCL INFO Channel 01 : 25[3000] -> 26[82000] via direct shared memory
c197-022:18361:18396 [2] NCCL INFO Channel 00 : 10[82000] -> 11[83000] via direct shared memory
c198-102:24091:24127 [2] NCCL INFO Channel 01 : 50[82000] -> 51[83000] via direct shared memory
c199-012:29330:29369 [1] NCCL INFO Channel 00 : 61[3000] -> 62[82000] via direct shared memory
c197-022:18361:18396 [2] NCCL INFO Channel 01 : 10[82000] -> 11[83000] via direct shared memory
c199-012:29330:29369 [1] NCCL INFO Channel 01 : 61[3000] -> 62[82000] via direct shared memory
c197-041:1158:1209 [2] NCCL INFO Channel 00 : 22[82000] -> 23[83000] via direct shared memory
c198-102:24090:24131 [1] NCCL INFO Channel 00 : 49[3000] -> 50[82000] via direct shared memory
c197-041:1158:1209 [2] NCCL INFO Channel 01 : 22[82000] -> 23[83000] via direct shared memory
c197-092:9200:9237 [2] NCCL INFO Channel 00 : 38[82000] -> 39[83000] via direct shared memory
c198-111:30919:30952 [2] NCCL INFO Channel 00 : 54[82000] -> 55[83000] via direct shared memory
c198-102:24090:24131 [1] NCCL INFO Channel 01 : 49[3000] -> 50[82000] via direct shared memory
c198-111:30919:30952 [2] NCCL INFO Channel 01 : 54[82000] -> 55[83000] via direct shared memory
c197-092:9200:9237 [2] NCCL INFO Channel 01 : 38[82000] -> 39[83000] via direct shared memory
c197-032:28849:28884 [2] NCCL INFO Channel 00 : 18[82000] -> 19[83000] via direct shared memory
c197-032:28849:28884 [2] NCCL INFO Channel 01 : 18[82000] -> 19[83000] via direct shared memory
c196-092:6036:6075 [2] NCCL INFO Channel 00 : 2[82000] -> 3[83000] via direct shared memory
c198-101:456:492 [2] NCCL INFO Channel 00 : 46[82000] -> 47[83000] via direct shared memory
c198-101:456:492 [2] NCCL INFO Channel 01 : 46[82000] -> 47[83000] via direct shared memory
c197-101:7752:7793 [1] NCCL INFO Channel 00 : 41[3000] -> 42[82000] via direct shared memory
c197-071:27463:27498 [2] NCCL INFO Channel 00 : 34[82000] -> 35[83000] via direct shared memory
c197-101:7752:7793 [1] NCCL INFO Channel 01 : 41[3000] -> 42[82000] via direct shared memory
c196-092:6036:6075 [2] NCCL INFO Channel 01 : 2[82000] -> 3[83000] via direct shared memory
c197-061:21801:21836 [2] NCCL INFO Channel 00 : 30[82000] -> 31[83000] via direct shared memory
c197-071:27462:27503 [1] NCCL INFO Channel 00 : 33[3000] -> 34[82000] via direct shared memory
c198-111:30918:30958 [1] NCCL INFO Channel 00 : 53[3000] -> 54[82000] via direct shared memory
c196-092:6035:6077 [1] NCCL INFO Channel 00 : 1[3000] -> 2[82000] via direct shared memory
c197-061:21800:21840 [1] NCCL INFO Channel 00 : 29[3000] -> 30[82000] via direct shared memory
c197-071:27463:27498 [2] NCCL INFO Channel 01 : 34[82000] -> 35[83000] via direct shared memory
c198-111:30918:30958 [1] NCCL INFO Channel 01 : 53[3000] -> 54[82000] via direct shared memory
c197-061:21801:21836 [2] NCCL INFO Channel 01 : 30[82000] -> 31[83000] via direct shared memory
c197-071:27462:27503 [1] NCCL INFO Channel 01 : 33[3000] -> 34[82000] via direct shared memory
c196-092:6035:6077 [1] NCCL INFO Channel 01 : 1[3000] -> 2[82000] via direct shared memory
c197-061:21800:21840 [1] NCCL INFO Channel 01 : 29[3000] -> 30[82000] via direct shared memory
c197-012:20042:20076 [3] NCCL INFO Channel 00/0 : 7[83000] -> 8[2000] [send] via NET/IB/0
c199-011:24361:24395 [3] NCCL INFO Channel 00/0 : 59[83000] -> 60[2000] [send] via NET/IB/0
c197-042:28890:28922 [3] NCCL INFO Channel 00/0 : 27[83000] -> 28[2000] [send] via NET/IB/0
c197-031:19844:19883 [2] NCCL INFO Channel 00 : 14[82000] -> 15[83000] via direct shared memory
c197-031:19844:19883 [2] NCCL INFO Channel 01 : 14[82000] -> 15[83000] via direct shared memory
c198-102:24092:24126 [3] NCCL INFO Channel 00/0 : 51[83000] -> 52[2000] [send] via NET/IB/0
c199-012:29332:29365 [3] NCCL INFO Channel 00/0 : 63[83000] -> 0[2000] [send] via NET/IB/0
c197-101:7754:7788 [3] NCCL INFO Channel 00/0 : 43[83000] -> 44[2000] [send] via NET/IB/0
c197-022:18362:18394 [3] NCCL INFO Channel 00/0 : 11[83000] -> 12[2000] [send] via NET/IB/0
c197-041:1159:1207 [3] NCCL INFO Channel 00/0 : 23[83000] -> 24[2000] [send] via NET/IB/0
c197-092:9201:9234 [3] NCCL INFO Channel 00/0 : 39[83000] -> 40[2000] [send] via NET/IB/0
c198-111:30920:30954 [3] NCCL INFO Channel 00/0 : 55[83000] -> 56[2000] [send] via NET/IB/0
c197-032:28850:28882 [3] NCCL INFO Channel 00/0 : 19[83000] -> 20[2000] [send] via NET/IB/0
c197-061:21802:21835 [3] NCCL INFO Channel 00/0 : 31[83000] -> 32[2000] [send] via NET/IB/0
c197-022:18360:18399 [1] NCCL INFO Channel 00 : 9[3000] -> 10[82000] via direct shared memory
c197-022:18360:18399 [1] NCCL INFO Channel 01 : 9[3000] -> 10[82000] via direct shared memory
c197-071:27464:27499 [3] NCCL INFO Channel 00/0 : 35[83000] -> 36[2000] [send] via NET/IB/0
c196-092:6037:6073 [3] NCCL INFO Channel 00/0 : 3[83000] -> 4[2000] [send] via NET/IB/0
c198-101:457:489 [3] NCCL INFO Channel 00/0 : 47[83000] -> 48[2000] [send] via NET/IB/0
c197-031:19845:19882 [3] NCCL INFO Channel 00/0 : 15[83000] -> 16[2000] [send] via NET/IB/0
c198-101:455:493 [1] NCCL INFO Channel 00 : 45[3000] -> 46[82000] via direct shared memory
c197-041:1157:1213 [1] NCCL INFO Channel 00 : 21[3000] -> 22[82000] via direct shared memory
c198-101:455:493 [1] NCCL INFO Channel 01 : 45[3000] -> 46[82000] via direct shared memory
c197-041:1157:1213 [1] NCCL INFO Channel 01 : 21[3000] -> 22[82000] via direct shared memory
c197-092:9199:9236 [1] NCCL INFO Channel 00 : 37[3000] -> 38[82000] via direct shared memory
c197-032:28848:28887 [1] NCCL INFO Channel 00 : 17[3000] -> 18[82000] via direct shared memory
c197-092:9199:9236 [1] NCCL INFO Channel 01 : 37[3000] -> 38[82000] via direct shared memory
c197-032:28848:28887 [1] NCCL INFO Channel 01 : 17[3000] -> 18[82000] via direct shared memory
c197-031:19843:19879 [1] NCCL INFO Channel 00 : 13[3000] -> 14[82000] via direct shared memory
c197-031:19843:19879 [1] NCCL INFO Channel 01 : 13[3000] -> 14[82000] via direct shared memory
c197-012:20039:20079 [0] NCCL INFO Channel 01/0 : 3[83000] -> 4[2000] [receive] via NET/IB/0
c197-012:20039:20079 [0] NCCL INFO Channel 00 : 4[2000] -> 5[3000] via direct shared memory
c197-012:20039:20079 [0] NCCL INFO Channel 01 : 4[2000] -> 5[3000] via direct shared memory
c199-011:24358:24399 [0] NCCL INFO Channel 01/0 : 55[83000] -> 56[2000] [receive] via NET/IB/0
c199-011:24358:24399 [0] NCCL INFO Channel 00 : 56[2000] -> 57[3000] via direct shared memory
c199-011:24358:24399 [0] NCCL INFO Channel 01 : 56[2000] -> 57[3000] via direct shared memory
c197-042:28887:28927 [0] NCCL INFO Channel 01/0 : 23[83000] -> 24[2000] [receive] via NET/IB/0
c199-012:29329:29370 [0] NCCL INFO Channel 01/0 : 59[83000] -> 60[2000] [receive] via NET/IB/0
c197-061:21799:21839 [0] NCCL INFO Channel 01/0 : 27[83000] -> 28[2000] [receive] via NET/IB/0
c197-042:28887:28927 [0] NCCL INFO Channel 00 : 24[2000] -> 25[3000] via direct shared memory
c197-022:18359:18400 [0] NCCL INFO Channel 01/0 : 7[83000] -> 8[2000] [receive] via NET/IB/0
c199-012:29329:29370 [0] NCCL INFO Channel 00 : 60[2000] -> 61[3000] via direct shared memory
c197-042:28887:28927 [0] NCCL INFO Channel 01 : 24[2000] -> 25[3000] via direct shared memory
c197-061:21799:21839 [0] NCCL INFO Channel 00 : 28[2000] -> 29[3000] via direct shared memory
c199-012:29329:29370 [0] NCCL INFO Channel 01 : 60[2000] -> 61[3000] via direct shared memory
c197-022:18359:18400 [0] NCCL INFO Channel 00 : 8[2000] -> 9[3000] via direct shared memory
c197-061:21799:21839 [0] NCCL INFO Channel 01 : 28[2000] -> 29[3000] via direct shared memory
c198-111:30917:30957 [0] NCCL INFO Channel 01/0 : 51[83000] -> 52[2000] [receive] via NET/IB/0
c197-092:9198:9239 [0] NCCL INFO Channel 01/0 : 35[83000] -> 36[2000] [receive] via NET/IB/0
c197-022:18359:18400 [0] NCCL INFO Channel 01 : 8[2000] -> 9[3000] via direct shared memory
c197-041:1156:1215 [0] NCCL INFO Channel 01/0 : 19[83000] -> 20[2000] [receive] via NET/IB/0
c198-111:30917:30957 [0] NCCL INFO Channel 00 : 52[2000] -> 53[3000] via direct shared memory
c196-092:6034:6067 [0] NCCL INFO Channel 01/0 : 63[83000] -> 0[2000] [receive] via NET/IB/0
c197-092:9198:9239 [0] NCCL INFO Channel 00 : 36[2000] -> 37[3000] via direct shared memory
c197-101:7751:7791 [0] NCCL INFO Channel 01/0 : 39[83000] -> 40[2000] [receive] via NET/IB/0
c198-102:24089:24130 [0] NCCL INFO Channel 01/0 : 47[83000] -> 48[2000] [receive] via NET/IB/0
c198-111:30917:30957 [0] NCCL INFO Channel 01 : 52[2000] -> 53[3000] via direct shared memory
c197-032:28847:28888 [0] NCCL INFO Channel 01/0 : 15[83000] -> 16[2000] [receive] via NET/IB/0
c197-041:1156:1215 [0] NCCL INFO Channel 00 : 20[2000] -> 21[3000] via direct shared memory
c197-092:9198:9239 [0] NCCL INFO Channel 01 : 36[2000] -> 37[3000] via direct shared memory
c197-101:7751:7791 [0] NCCL INFO Channel 00 : 40[2000] -> 41[3000] via direct shared memory
c196-092:6034:6067 [0] NCCL INFO Channel 00 : 0[2000] -> 1[3000] via direct shared memory
c197-032:28847:28888 [0] NCCL INFO Channel 00 : 16[2000] -> 17[3000] via direct shared memory
c197-071:27461:27504 [0] NCCL INFO Channel 01/0 : 31[83000] -> 32[2000] [receive] via NET/IB/0
c197-041:1156:1215 [0] NCCL INFO Channel 01 : 20[2000] -> 21[3000] via direct shared memory
c197-101:7751:7791 [0] NCCL INFO Channel 01 : 40[2000] -> 41[3000] via direct shared memory
c198-102:24089:24130 [0] NCCL INFO Channel 00 : 48[2000] -> 49[3000] via direct shared memory
c196-092:6034:6067 [0] NCCL INFO Channel 01 : 0[2000] -> 1[3000] via direct shared memory
c197-032:28847:28888 [0] NCCL INFO Channel 01 : 16[2000] -> 17[3000] via direct shared memory
c197-071:27461:27504 [0] NCCL INFO Channel 00 : 32[2000] -> 33[3000] via direct shared memory
c198-102:24089:24130 [0] NCCL INFO Channel 01 : 48[2000] -> 49[3000] via direct shared memory
c197-071:27461:27504 [0] NCCL INFO Channel 01 : 32[2000] -> 33[3000] via direct shared memory
c198-101:454:495 [0] NCCL INFO Channel 01/0 : 43[83000] -> 44[2000] [receive] via NET/IB/0
c198-101:454:495 [0] NCCL INFO Channel 00 : 44[2000] -> 45[3000] via direct shared memory
c198-101:454:495 [0] NCCL INFO Channel 01 : 44[2000] -> 45[3000] via direct shared memory
c197-031:19842:19877 [0] NCCL INFO Channel 01/0 : 11[83000] -> 12[2000] [receive] via NET/IB/0
