##################################### MSCCL #####################################
# nThread 1 nGpus 1 minBytes 1024 maxBytes 268435456 step: 2(factor) warmup iters: 5 iters: 20 agg iters: 1 validation: 1 graph: 0
#
# Using devices
#  Rank  0 Group  0 Pid   4652 on   c196-092 device  0 [0x02] Quadro RTX 5000
#  Rank  1 Group  0 Pid   4653 on   c196-092 device  1 [0x03] Quadro RTX 5000
#  Rank  2 Group  0 Pid   4654 on   c196-092 device  2 [0x82] Quadro RTX 5000
#  Rank  3 Group  0 Pid   4655 on   c196-092 device  3 [0x83] Quadro RTX 5000
#  Rank  4 Group  0 Pid  18783 on   c197-012 device  0 [0x02] Quadro RTX 5000
#  Rank  5 Group  0 Pid  18784 on   c197-012 device  1 [0x03] Quadro RTX 5000
#  Rank  6 Group  0 Pid  18785 on   c197-012 device  2 [0x82] Quadro RTX 5000
#  Rank  7 Group  0 Pid  18786 on   c197-012 device  3 [0x83] Quadro RTX 5000
#  Rank  8 Group  0 Pid  17150 on   c197-022 device  0 [0x02] Quadro RTX 5000
#  Rank  9 Group  0 Pid  17151 on   c197-022 device  1 [0x03] Quadro RTX 5000
#  Rank 10 Group  0 Pid  17152 on   c197-022 device  2 [0x82] Quadro RTX 5000
#  Rank 11 Group  0 Pid  17153 on   c197-022 device  3 [0x83] Quadro RTX 5000
#  Rank 12 Group  0 Pid  27649 on   c197-032 device  0 [0x02] Quadro RTX 5000
#  Rank 13 Group  0 Pid  27650 on   c197-032 device  1 [0x03] Quadro RTX 5000
#  Rank 14 Group  0 Pid  27651 on   c197-032 device  2 [0x82] Quadro RTX 5000
#  Rank 15 Group  0 Pid  27652 on   c197-032 device  3 [0x83] Quadro RTX 5000
#  Rank 16 Group  0 Pid  32339 on   c197-041 device  0 [0x02] Quadro RTX 5000
#  Rank 17 Group  0 Pid  32340 on   c197-041 device  1 [0x03] Quadro RTX 5000
#  Rank 18 Group  0 Pid  32341 on   c197-041 device  2 [0x82] Quadro RTX 5000
#  Rank 19 Group  0 Pid  32342 on   c197-041 device  3 [0x83] Quadro RTX 5000
#  Rank 20 Group  0 Pid  27689 on   c197-042 device  0 [0x02] Quadro RTX 5000
#  Rank 21 Group  0 Pid  27690 on   c197-042 device  1 [0x03] Quadro RTX 5000
#  Rank 22 Group  0 Pid  27691 on   c197-042 device  2 [0x82] Quadro RTX 5000
#  Rank 23 Group  0 Pid  27692 on   c197-042 device  3 [0x83] Quadro RTX 5000
#  Rank 24 Group  0 Pid  20601 on   c197-061 device  0 [0x02] Quadro RTX 5000
#  Rank 25 Group  0 Pid  20602 on   c197-061 device  1 [0x03] Quadro RTX 5000
#  Rank 26 Group  0 Pid  20603 on   c197-061 device  2 [0x82] Quadro RTX 5000
#  Rank 27 Group  0 Pid  20604 on   c197-061 device  3 [0x83] Quadro RTX 5000
#  Rank 28 Group  0 Pid  26264 on   c197-071 device  0 [0x02] Quadro RTX 5000
#  Rank 29 Group  0 Pid  26265 on   c197-071 device  1 [0x03] Quadro RTX 5000
#  Rank 30 Group  0 Pid  26266 on   c197-071 device  2 [0x82] Quadro RTX 5000
#  Rank 31 Group  0 Pid  26267 on   c197-071 device  3 [0x83] Quadro RTX 5000
#  Rank 32 Group  0 Pid   8003 on   c197-092 device  0 [0x02] Quadro RTX 5000
#  Rank 33 Group  0 Pid   8004 on   c197-092 device  1 [0x03] Quadro RTX 5000
#  Rank 34 Group  0 Pid   8005 on   c197-092 device  2 [0x82] Quadro RTX 5000
#  Rank 35 Group  0 Pid   8006 on   c197-092 device  3 [0x83] Quadro RTX 5000
#  Rank 36 Group  0 Pid   6506 on   c197-101 device  0 [0x02] Quadro RTX 5000
#  Rank 37 Group  0 Pid   6507 on   c197-101 device  1 [0x03] Quadro RTX 5000
#  Rank 38 Group  0 Pid   6508 on   c197-101 device  2 [0x82] Quadro RTX 5000
#  Rank 39 Group  0 Pid   6509 on   c197-101 device  3 [0x83] Quadro RTX 5000
#  Rank 40 Group  0 Pid  30731 on   c198-091 device  0 [0x02] Quadro RTX 5000
#  Rank 41 Group  0 Pid  30732 on   c198-091 device  1 [0x03] Quadro RTX 5000
#  Rank 42 Group  0 Pid  30733 on   c198-091 device  2 [0x82] Quadro RTX 5000
#  Rank 43 Group  0 Pid  30734 on   c198-091 device  3 [0x83] Quadro RTX 5000
#  Rank 44 Group  0 Pid  31727 on   c198-101 device  0 [0x02] Quadro RTX 5000
#  Rank 45 Group  0 Pid  31728 on   c198-101 device  1 [0x03] Quadro RTX 5000
#  Rank 46 Group  0 Pid  31729 on   c198-101 device  2 [0x82] Quadro RTX 5000
#  Rank 47 Group  0 Pid  31730 on   c198-101 device  3 [0x83] Quadro RTX 5000
#  Rank 48 Group  0 Pid  22895 on   c198-102 device  0 [0x02] Quadro RTX 5000
#  Rank 49 Group  0 Pid  22896 on   c198-102 device  1 [0x03] Quadro RTX 5000
#  Rank 50 Group  0 Pid  22897 on   c198-102 device  2 [0x82] Quadro RTX 5000
#  Rank 51 Group  0 Pid  22898 on   c198-102 device  3 [0x83] Quadro RTX 5000
#  Rank 52 Group  0 Pid  29717 on   c198-111 device  0 [0x02] Quadro RTX 5000
#  Rank 53 Group  0 Pid  29718 on   c198-111 device  1 [0x03] Quadro RTX 5000
#  Rank 54 Group  0 Pid  29719 on   c198-111 device  2 [0x82] Quadro RTX 5000
#  Rank 55 Group  0 Pid  29720 on   c198-111 device  3 [0x83] Quadro RTX 5000
#  Rank 56 Group  0 Pid  23169 on   c199-011 device  0 [0x02] Quadro RTX 5000
#  Rank 57 Group  0 Pid  23170 on   c199-011 device  1 [0x03] Quadro RTX 5000
#  Rank 58 Group  0 Pid  23171 on   c199-011 device  2 [0x82] Quadro RTX 5000
#  Rank 59 Group  0 Pid  23172 on   c199-011 device  3 [0x83] Quadro RTX 5000
#  Rank 60 Group  0 Pid  28122 on   c199-012 device  0 [0x02] Quadro RTX 5000
#  Rank 61 Group  0 Pid  28123 on   c199-012 device  1 [0x03] Quadro RTX 5000
#  Rank 62 Group  0 Pid  28124 on   c199-012 device  2 [0x82] Quadro RTX 5000
#  Rank 63 Group  0 Pid  28125 on   c199-012 device  3 [0x83] Quadro RTX 5000
c196-092:4652:4652 [0] NCCL INFO Bootstrap : Using ib0:192.168.44.118<0>
c196-092:4652:4652 [0] NCCL INFO NET/Plugin : No plugin found (libnccl-net.so), using internal implementation
c196-092:4652:4652 [0] NCCL INFO NET/IB : Using [0]mlx4_0:1/IB [RO]; OOB ib0:192.168.44.118<0>
c196-092:4652:4652 [0] NCCL INFO Using network IB
NCCL version 2.12.12.MSCCL.0.7.4+cuda11.3
c196-092:4654:4654 [2] NCCL INFO Bootstrap : Using ib0:192.168.44.118<0>
c196-092:4655:4655 [3] NCCL INFO Bootstrap : Using ib0:192.168.44.118<0>
c196-092:4654:4654 [2] NCCL INFO NET/Plugin : No plugin found (libnccl-net.so), using internal implementation
c196-092:4655:4655 [3] NCCL INFO NET/Plugin : No plugin found (libnccl-net.so), using internal implementation
c196-092:4655:4655 [3] NCCL INFO NET/IB : Using [0]mlx4_0:1/IB [RO]; OOB ib0:192.168.44.118<0>
c196-092:4655:4655 [3] NCCL INFO Using network IB
c196-092:4654:4654 [2] NCCL INFO NET/IB : Using [0]mlx4_0:1/IB [RO]; OOB ib0:192.168.44.118<0>
c196-092:4654:4654 [2] NCCL INFO Using network IB
c196-092:4653:4653 [1] NCCL INFO Bootstrap : Using ib0:192.168.44.118<0>
c196-092:4653:4653 [1] NCCL INFO NET/Plugin : No plugin found (libnccl-net.so), using internal implementation
c196-092:4653:4653 [1] NCCL INFO NET/IB : Using [0]mlx4_0:1/IB [RO]; OOB ib0:192.168.44.118<0>
c196-092:4653:4653 [1] NCCL INFO Using network IB
c197-042:27691:27691 [2] NCCL INFO Bootstrap : Using ib0:192.168.44.130<0>
c197-042:27692:27692 [3] NCCL INFO Bootstrap : Using ib0:192.168.44.130<0>
c197-042:27691:27691 [2] NCCL INFO NET/Plugin : No plugin found (libnccl-net.so), using internal implementation
c197-042:27692:27692 [3] NCCL INFO NET/Plugin : No plugin found (libnccl-net.so), using internal implementation
c197-042:27692:27692 [3] NCCL INFO NET/IB : Using [0]mlx4_0:1/IB [RO]; OOB ib0:192.168.44.130<0>
c197-042:27692:27692 [3] NCCL INFO Using network IB
c197-042:27691:27691 [2] NCCL INFO NET/IB : Using [0]mlx4_0:1/IB [RO]; OOB ib0:192.168.44.130<0>
c197-042:27691:27691 [2] NCCL INFO Using network IB
c198-101:31729:31729 [2] NCCL INFO Bootstrap : Using ib0:192.168.44.163<0>
c198-101:31730:31730 [3] NCCL INFO Bootstrap : Using ib0:192.168.44.163<0>
c198-101:31729:31729 [2] NCCL INFO NET/Plugin : No plugin found (libnccl-net.so), using internal implementation
c198-101:31730:31730 [3] NCCL INFO NET/Plugin : No plugin found (libnccl-net.so), using internal implementation
c198-101:31729:31729 [2] NCCL INFO NET/IB : Using [0]mlx4_0:1/IB [RO]; OOB ib0:192.168.44.163<0>
c198-101:31729:31729 [2] NCCL INFO Using network IB
c198-101:31730:31730 [3] NCCL INFO NET/IB : Using [0]mlx4_0:1/IB [RO]; OOB ib0:192.168.44.163<0>
c198-101:31730:31730 [3] NCCL INFO Using network IB
c197-032:27652:27652 [3] NCCL INFO Bootstrap : Using ib0:192.168.44.128<0>
c197-032:27649:27649 [0] NCCL INFO Bootstrap : Using ib0:192.168.44.128<0>
c197-042:27689:27689 [0] NCCL INFO Bootstrap : Using ib0:192.168.44.130<0>
c197-042:27690:27690 [1] NCCL INFO Bootstrap : Using ib0:192.168.44.130<0>
c197-032:27652:27652 [3] NCCL INFO NET/Plugin : No plugin found (libnccl-net.so), using internal implementation
c197-032:27649:27649 [0] NCCL INFO NET/Plugin : No plugin found (libnccl-net.so), using internal implementation
c197-042:27689:27689 [0] NCCL INFO NET/Plugin : No plugin found (libnccl-net.so), using internal implementation
c197-042:27690:27690 [1] NCCL INFO NET/Plugin : No plugin found (libnccl-net.so), using internal implementation
c198-102:22897:22897 [2] NCCL INFO Bootstrap : Using ib0:192.168.44.164<0>
c198-102:22897:22897 [2] NCCL INFO NET/Plugin : No plugin found (libnccl-net.so), using internal implementation
c197-032:27649:27649 [0] NCCL INFO NET/IB : Using [0]mlx4_0:1/IB [RO]; OOB ib0:192.168.44.128<0>
c197-032:27649:27649 [0] NCCL INFO Using network IB
c197-032:27652:27652 [3] NCCL INFO NET/IB : Using [0]mlx4_0:1/IB [RO]; OOB ib0:192.168.44.128<0>
c197-032:27652:27652 [3] NCCL INFO Using network IB
c197-032:27651:27651 [2] NCCL INFO Bootstrap : Using ib0:192.168.44.128<0>
c197-032:27651:27651 [2] NCCL INFO NET/Plugin : No plugin found (libnccl-net.so), using internal implementation
c197-061:20603:20603 [2] NCCL INFO Bootstrap : Using ib0:192.168.44.133<0>
c197-061:20604:20604 [3] NCCL INFO Bootstrap : Using ib0:192.168.44.133<0>
c197-042:27690:27690 [1] NCCL INFO NET/IB : Using [0]mlx4_0:1/IB [RO]; OOB ib0:192.168.44.130<0>
c197-042:27690:27690 [1] NCCL INFO Using network IB
c197-042:27689:27689 [0] NCCL INFO NET/IB : Using [0]mlx4_0:1/IB [RO]; OOB ib0:192.168.44.130<0>
c197-042:27689:27689 [0] NCCL INFO Using network IB
c197-061:20603:20603 [2] NCCL INFO NET/Plugin : No plugin found (libnccl-net.so), using internal implementation
c197-061:20604:20604 [3] NCCL INFO NET/Plugin : No plugin found (libnccl-net.so), using internal implementation
c197-032:27651:27651 [2] NCCL INFO NET/IB : Using [0]mlx4_0:1/IB [RO]; OOB ib0:192.168.44.128<0>
c197-032:27651:27651 [2] NCCL INFO Using network IB
c197-032:27650:27650 [1] NCCL INFO Bootstrap : Using ib0:192.168.44.128<0>
c197-032:27650:27650 [1] NCCL INFO NET/Plugin : No plugin found (libnccl-net.so), using internal implementation
c198-101:31728:31728 [1] NCCL INFO Bootstrap : Using ib0:192.168.44.163<0>
c198-101:31728:31728 [1] NCCL INFO NET/Plugin : No plugin found (libnccl-net.so), using internal implementation
c197-032:27650:27650 [1] NCCL INFO NET/IB : Using [0]mlx4_0:1/IB [RO]; OOB ib0:192.168.44.128<0>
c197-032:27650:27650 [1] NCCL INFO Using network IB
c198-101:31727:31727 [0] NCCL INFO Bootstrap : Using ib0:192.168.44.163<0>
c197-061:20604:20604 [3] NCCL INFO NET/IB : Using [0]mlx4_0:1/IB [RO]; OOB ib0:192.168.44.133<0>
c197-061:20604:20604 [3] NCCL INFO Using network IB
c197-061:20603:20603 [2] NCCL INFO NET/IB : Using [0]mlx4_0:1/IB [RO]; OOB ib0:192.168.44.133<0>
c197-061:20603:20603 [2] NCCL INFO Using network IB
c198-101:31727:31727 [0] NCCL INFO NET/Plugin : No plugin found (libnccl-net.so), using internal implementation
c198-101:31728:31728 [1] NCCL INFO NET/IB : Using [0]mlx4_0:1/IB [RO]; OOB ib0:192.168.44.163<0>
c198-101:31728:31728 [1] NCCL INFO Using network IB
c198-101:31727:31727 [0] NCCL INFO NET/IB : Using [0]mlx4_0:1/IB [RO]; OOB ib0:192.168.44.163<0>
c198-101:31727:31727 [0] NCCL INFO Using network IB
c198-102:22898:22898 [3] NCCL INFO Bootstrap : Using ib0:192.168.44.164<0>
c198-102:22895:22895 [0] NCCL INFO Bootstrap : Using ib0:192.168.44.164<0>
c198-102:22896:22896 [1] NCCL INFO Bootstrap : Using ib0:192.168.44.164<0>
c198-102:22898:22898 [3] NCCL INFO NET/Plugin : No plugin found (libnccl-net.so), using internal implementation
c198-102:22895:22895 [0] NCCL INFO NET/Plugin : No plugin found (libnccl-net.so), using internal implementation
c198-102:22896:22896 [1] NCCL INFO NET/Plugin : No plugin found (libnccl-net.so), using internal implementation
c198-102:22897:22897 [2] NCCL INFO NET/IB : Using [0]mlx4_0:1/IB [RO]; OOB ib0:192.168.44.164<0>
c198-102:22897:22897 [2] NCCL INFO Using network IB
c198-102:22898:22898 [3] NCCL INFO NET/IB : Using [0]mlx4_0:1/IB [RO]; OOB ib0:192.168.44.164<0>
c198-102:22898:22898 [3] NCCL INFO Using network IB
c198-102:22895:22895 [0] NCCL INFO NET/IB : Using [0]mlx4_0:1/IB [RO]; OOB ib0:192.168.44.164<0>
c198-102:22895:22895 [0] NCCL INFO Using network IB
c198-102:22896:22896 [1] NCCL INFO NET/IB : Using [0]mlx4_0:1/IB [RO]; OOB ib0:192.168.44.164<0>
c198-102:22896:22896 [1] NCCL INFO Using network IB
c199-011:23171:23171 [2] NCCL INFO Bootstrap : Using ib0:192.168.44.167<0>
c199-011:23172:23172 [3] NCCL INFO Bootstrap : Using ib0:192.168.44.167<0>
c199-011:23171:23171 [2] NCCL INFO NET/Plugin : No plugin found (libnccl-net.so), using internal implementation
c199-011:23172:23172 [3] NCCL INFO NET/Plugin : No plugin found (libnccl-net.so), using internal implementation
c199-011:23170:23170 [1] NCCL INFO Bootstrap : Using ib0:192.168.44.167<0>
c199-011:23171:23171 [2] NCCL INFO NET/IB : Using [0]mlx4_0:1/IB [RO]; OOB ib0:192.168.44.167<0>
c199-011:23171:23171 [2] NCCL INFO Using network IB
c199-011:23172:23172 [3] NCCL INFO NET/IB : Using [0]mlx4_0:1/IB [RO]; OOB ib0:192.168.44.167<0>
c199-011:23172:23172 [3] NCCL INFO Using network IB
c199-011:23170:23170 [1] NCCL INFO NET/Plugin : No plugin found (libnccl-net.so), using internal implementation
c199-011:23169:23169 [0] NCCL INFO Bootstrap : Using ib0:192.168.44.167<0>
c199-011:23169:23169 [0] NCCL INFO NET/Plugin : No plugin found (libnccl-net.so), using internal implementation
c197-022:17150:17150 [0] NCCL INFO Bootstrap : Using ib0:192.168.44.126<0>
c199-011:23170:23170 [1] NCCL INFO NET/IB : Using [0]mlx4_0:1/IB [RO]; OOB ib0:192.168.44.167<0>
c199-011:23170:23170 [1] NCCL INFO Using network IB
c197-022:17151:17151 [1] NCCL INFO Bootstrap : Using ib0:192.168.44.126<0>
c197-022:17152:17152 [2] NCCL INFO Bootstrap : Using ib0:192.168.44.126<0>
c197-022:17153:17153 [3] NCCL INFO Bootstrap : Using ib0:192.168.44.126<0>
c197-022:17150:17150 [0] NCCL INFO NET/Plugin : No plugin found (libnccl-net.so), using internal implementation
c197-022:17151:17151 [1] NCCL INFO NET/Plugin : No plugin found (libnccl-net.so), using internal implementation
c199-011:23169:23169 [0] NCCL INFO NET/IB : Using [0]mlx4_0:1/IB [RO]; OOB ib0:192.168.44.167<0>
c199-011:23169:23169 [0] NCCL INFO Using network IB
c197-022:17152:17152 [2] NCCL INFO NET/Plugin : No plugin found (libnccl-net.so), using internal implementation
c197-022:17153:17153 [3] NCCL INFO NET/Plugin : No plugin found (libnccl-net.so), using internal implementation
c197-061:20601:20601 [0] NCCL INFO Bootstrap : Using ib0:192.168.44.133<0>
c197-061:20602:20602 [1] NCCL INFO Bootstrap : Using ib0:192.168.44.133<0>
c197-061:20601:20601 [0] NCCL INFO NET/Plugin : No plugin found (libnccl-net.so), using internal implementation
c197-061:20602:20602 [1] NCCL INFO NET/Plugin : No plugin found (libnccl-net.so), using internal implementation
c198-111:29719:29719 [2] NCCL INFO Bootstrap : Using ib0:192.168.44.165<0>
c198-111:29720:29720 [3] NCCL INFO Bootstrap : Using ib0:192.168.44.165<0>
c198-111:29719:29719 [2] NCCL INFO NET/Plugin : No plugin found (libnccl-net.so), using internal implementation
c197-012:18784:18784 [1] NCCL INFO Bootstrap : Using ib0:192.168.44.124<0>
c198-111:29720:29720 [3] NCCL INFO NET/Plugin : No plugin found (libnccl-net.so), using internal implementation
c197-012:18786:18786 [3] NCCL INFO Bootstrap : Using ib0:192.168.44.124<0>
c197-012:18783:18783 [0] NCCL INFO Bootstrap : Using ib0:192.168.44.124<0>
c197-012:18785:18785 [2] NCCL INFO Bootstrap : Using ib0:192.168.44.124<0>
c197-012:18783:18783 [0] NCCL INFO NET/Plugin : No plugin found (libnccl-net.so), using internal implementation
c197-012:18784:18784 [1] NCCL INFO NET/Plugin : No plugin found (libnccl-net.so), using internal implementation
c197-012:18785:18785 [2] NCCL INFO NET/Plugin : No plugin found (libnccl-net.so), using internal implementation
c197-012:18786:18786 [3] NCCL INFO NET/Plugin : No plugin found (libnccl-net.so), using internal implementation
c197-061:20601:20601 [0] NCCL INFO NET/IB : Using [0]mlx4_0:1/IB [RO]; OOB ib0:192.168.44.133<0>
c197-061:20601:20601 [0] NCCL INFO Using network IB
c197-061:20602:20602 [1] NCCL INFO NET/IB : Using [0]mlx4_0:1/IB [RO]; OOB ib0:192.168.44.133<0>
c197-061:20602:20602 [1] NCCL INFO Using network IB
c199-012:28123:28123 [1] NCCL INFO Bootstrap : Using ib0:192.168.44.168<0>
c199-012:28123:28123 [1] NCCL INFO NET/Plugin : No plugin found (libnccl-net.so), using internal implementation
c199-012:28123:28123 [1] NCCL INFO NET/IB : Using [0]mlx4_0:1/IB [RO]; OOB ib0:192.168.44.168<0>
c199-012:28123:28123 [1] NCCL INFO Using network IB
c197-022:17151:17151 [1] NCCL INFO NET/IB : Using [0]mlx4_0:1/IB [RO]; OOB ib0:192.168.44.126<0>
c197-022:17151:17151 [1] NCCL INFO Using network IB
c197-022:17152:17152 [2] NCCL INFO NET/IB : Using [0]mlx4_0:1/IB [RO]; OOB ib0:192.168.44.126<0>
c197-022:17152:17152 [2] NCCL INFO Using network IB
c197-022:17153:17153 [3] NCCL INFO NET/IB : Using [0]mlx4_0:1/IB [RO]; OOB ib0:192.168.44.126<0>
c197-022:17153:17153 [3] NCCL INFO Using network IB
c197-022:17150:17150 [0] NCCL INFO NET/IB : Using [0]mlx4_0:1/IB [RO]; OOB ib0:192.168.44.126<0>
c197-022:17150:17150 [0] NCCL INFO Using network IB
c198-111:29717:29717 [0] NCCL INFO Bootstrap : Using ib0:192.168.44.165<0>
c198-111:29718:29718 [1] NCCL INFO Bootstrap : Using ib0:192.168.44.165<0>
c198-111:29717:29717 [0] NCCL INFO NET/Plugin : No plugin found (libnccl-net.so), using internal implementation
c198-111:29718:29718 [1] NCCL INFO NET/Plugin : No plugin found (libnccl-net.so), using internal implementation
c198-111:29720:29720 [3] NCCL INFO NET/IB : Using [0]mlx4_0:1/IB [RO]; OOB ib0:192.168.44.165<0>
c198-111:29720:29720 [3] NCCL INFO Using network IB
c198-111:29719:29719 [2] NCCL INFO NET/IB : Using [0]mlx4_0:1/IB [RO]; OOB ib0:192.168.44.165<0>
c198-111:29719:29719 [2] NCCL INFO Using network IB
c198-091:30732:30732 [1] NCCL INFO Bootstrap : Using ib0:192.168.44.161<0>
c198-091:30733:30733 [2] NCCL INFO Bootstrap : Using ib0:192.168.44.161<0>
c198-091:30734:30734 [3] NCCL INFO Bootstrap : Using ib0:192.168.44.161<0>
c198-111:29718:29718 [1] NCCL INFO NET/IB : Using [0]mlx4_0:1/IB [RO]; OOB ib0:192.168.44.165<0>
c198-111:29718:29718 [1] NCCL INFO Using network IB
c198-091:30731:30731 [0] NCCL INFO Bootstrap : Using ib0:192.168.44.161<0>
c198-111:29717:29717 [0] NCCL INFO NET/IB : Using [0]mlx4_0:1/IB [RO]; OOB ib0:192.168.44.165<0>
c198-111:29717:29717 [0] NCCL INFO Using network IB
c198-091:30731:30731 [0] NCCL INFO NET/Plugin : No plugin found (libnccl-net.so), using internal implementation
c198-091:30732:30732 [1] NCCL INFO NET/Plugin : No plugin found (libnccl-net.so), using internal implementation
c198-091:30733:30733 [2] NCCL INFO NET/Plugin : No plugin found (libnccl-net.so), using internal implementation
c198-091:30734:30734 [3] NCCL INFO NET/Plugin : No plugin found (libnccl-net.so), using internal implementation
c199-012:28122:28122 [0] NCCL INFO Bootstrap : Using ib0:192.168.44.168<0>
c199-012:28122:28122 [0] NCCL INFO NET/Plugin : No plugin found (libnccl-net.so), using internal implementation
c199-012:28122:28122 [0] NCCL INFO NET/IB : Using [0]mlx4_0:1/IB [RO]; OOB ib0:192.168.44.168<0>
c199-012:28122:28122 [0] NCCL INFO Using network IB
c197-071:26265:26265 [1] NCCL INFO Bootstrap : Using ib0:192.168.44.135<0>
c197-071:26267:26267 [3] NCCL INFO Bootstrap : Using ib0:192.168.44.135<0>
c197-071:26266:26266 [2] NCCL INFO Bootstrap : Using ib0:192.168.44.135<0>
c197-012:18784:18784 [1] NCCL INFO NET/IB : Using [0]mlx4_0:1/IB [RO]; OOB ib0:192.168.44.124<0>
c197-012:18784:18784 [1] NCCL INFO Using network IB
c197-071:26264:26264 [0] NCCL INFO Bootstrap : Using ib0:192.168.44.135<0>
c197-012:18783:18783 [0] NCCL INFO NET/IB : Using [0]mlx4_0:1/IB [RO]; OOB ib0:192.168.44.124<0>
c197-012:18783:18783 [0] NCCL INFO Using network IB
c197-012:18785:18785 [2] NCCL INFO NET/IB : Using [0]mlx4_0:1/IB [RO]; OOB ib0:192.168.44.124<0>
c197-012:18785:18785 [2] NCCL INFO Using network IB
c197-041:32339:32339 [0] NCCL INFO Bootstrap : Using ib0:192.168.44.129<0>
c197-012:18786:18786 [3] NCCL INFO NET/IB : Using [0]mlx4_0:1/IB [RO]; OOB ib0:192.168.44.124<0>
c197-012:18786:18786 [3] NCCL INFO Using network IB
c197-041:32340:32340 [1] NCCL INFO Bootstrap : Using ib0:192.168.44.129<0>
c197-041:32342:32342 [3] NCCL INFO Bootstrap : Using ib0:192.168.44.129<0>
c197-041:32341:32341 [2] NCCL INFO Bootstrap : Using ib0:192.168.44.129<0>
c197-071:26264:26264 [0] NCCL INFO NET/Plugin : No plugin found (libnccl-net.so), using internal implementation
c197-071:26265:26265 [1] NCCL INFO NET/Plugin : No plugin found (libnccl-net.so), using internal implementation
c197-071:26266:26266 [2] NCCL INFO NET/Plugin : No plugin found (libnccl-net.so), using internal implementation
c197-071:26267:26267 [3] NCCL INFO NET/Plugin : No plugin found (libnccl-net.so), using internal implementation
c197-041:32342:32342 [3] NCCL INFO NET/Plugin : No plugin found (libnccl-net.so), using internal implementation
c197-101:6508:6508 [2] NCCL INFO Bootstrap : Using ib0:192.168.44.141<0>
c197-041:32339:32339 [0] NCCL INFO NET/Plugin : No plugin found (libnccl-net.so), using internal implementation
c197-101:6509:6509 [3] NCCL INFO Bootstrap : Using ib0:192.168.44.141<0>
c197-041:32340:32340 [1] NCCL INFO NET/Plugin : No plugin found (libnccl-net.so), using internal implementation
c197-041:32341:32341 [2] NCCL INFO NET/Plugin : No plugin found (libnccl-net.so), using internal implementation
c197-101:6508:6508 [2] NCCL INFO NET/Plugin : No plugin found (libnccl-net.so), using internal implementation
c197-101:6509:6509 [3] NCCL INFO NET/Plugin : No plugin found (libnccl-net.so), using internal implementation
c199-012:28125:28125 [3] NCCL INFO Bootstrap : Using ib0:192.168.44.168<0>
c199-012:28124:28124 [2] NCCL INFO Bootstrap : Using ib0:192.168.44.168<0>
c199-012:28125:28125 [3] NCCL INFO NET/Plugin : No plugin found (libnccl-net.so), using internal implementation
c199-012:28124:28124 [2] NCCL INFO NET/Plugin : No plugin found (libnccl-net.so), using internal implementation
c199-012:28125:28125 [3] NCCL INFO NET/IB : Using [0]mlx4_0:1/IB [RO]; OOB ib0:192.168.44.168<0>
c199-012:28125:28125 [3] NCCL INFO Using network IB
c199-012:28124:28124 [2] NCCL INFO NET/IB : Using [0]mlx4_0:1/IB [RO]; OOB ib0:192.168.44.168<0>
c199-012:28124:28124 [2] NCCL INFO Using network IB
c198-091:30733:30733 [2] NCCL INFO NET/IB : Using [0]mlx4_0:1/IB [RO]; OOB ib0:192.168.44.161<0>
c198-091:30733:30733 [2] NCCL INFO Using network IB
c198-091:30734:30734 [3] NCCL INFO NET/IB : Using [0]mlx4_0:1/IB [RO]; OOB ib0:192.168.44.161<0>
c198-091:30734:30734 [3] NCCL INFO Using network IB
c198-091:30732:30732 [1] NCCL INFO NET/IB : Using [0]mlx4_0:1/IB [RO]; OOB ib0:192.168.44.161<0>
c198-091:30732:30732 [1] NCCL INFO Using network IB
c198-091:30731:30731 [0] NCCL INFO NET/IB : Using [0]mlx4_0:1/IB [RO]; OOB ib0:192.168.44.161<0>
c198-091:30731:30731 [0] NCCL INFO Using network IB
c197-101:6509:6509 [3] NCCL INFO NET/IB : Using [0]mlx4_0:1/IB [RO]; OOB ib0:192.168.44.141<0>
c197-101:6509:6509 [3] NCCL INFO Using network IB
c197-101:6507:6507 [1] NCCL INFO Bootstrap : Using ib0:192.168.44.141<0>
c197-101:6506:6506 [0] NCCL INFO Bootstrap : Using ib0:192.168.44.141<0>
c197-101:6506:6506 [0] NCCL INFO NET/Plugin : No plugin found (libnccl-net.so), using internal implementation
c197-101:6507:6507 [1] NCCL INFO NET/Plugin : No plugin found (libnccl-net.so), using internal implementation
c197-101:6508:6508 [2] NCCL INFO NET/IB : Using [0]mlx4_0:1/IB [RO]; OOB ib0:192.168.44.141<0>
c197-101:6508:6508 [2] NCCL INFO Using network IB
c197-071:26266:26266 [2] NCCL INFO NET/IB : Using [0]mlx4_0:1/IB [RO]; OOB ib0:192.168.44.135<0>
c197-071:26266:26266 [2] NCCL INFO Using network IB
c197-071:26264:26264 [0] NCCL INFO NET/IB : Using [0]mlx4_0:1/IB [RO]; OOB ib0:192.168.44.135<0>
c197-071:26264:26264 [0] NCCL INFO Using network IB
c197-071:26267:26267 [3] NCCL INFO NET/IB : Using [0]mlx4_0:1/IB [RO]; OOB ib0:192.168.44.135<0>
c197-071:26267:26267 [3] NCCL INFO Using network IB
c197-071:26265:26265 [1] NCCL INFO NET/IB : Using [0]mlx4_0:1/IB [RO]; OOB ib0:192.168.44.135<0>
c197-071:26265:26265 [1] NCCL INFO Using network IB
c197-041:32339:32339 [0] NCCL INFO NET/IB : Using [0]mlx4_0:1/IB [RO]; OOB ib0:192.168.44.129<0>
c197-041:32339:32339 [0] NCCL INFO Using network IB
c197-041:32341:32341 [2] NCCL INFO NET/IB : Using [0]mlx4_0:1/IB [RO]; OOB ib0:192.168.44.129<0>
c197-041:32341:32341 [2] NCCL INFO Using network IB
c197-041:32342:32342 [3] NCCL INFO NET/IB : Using [0]mlx4_0:1/IB [RO]; OOB ib0:192.168.44.129<0>
c197-041:32342:32342 [3] NCCL INFO Using network IB
c197-041:32340:32340 [1] NCCL INFO NET/IB : Using [0]mlx4_0:1/IB [RO]; OOB ib0:192.168.44.129<0>
c197-041:32340:32340 [1] NCCL INFO Using network IB
c197-101:6506:6506 [0] NCCL INFO NET/IB : Using [0]mlx4_0:1/IB [RO]; OOB ib0:192.168.44.141<0>
c197-101:6506:6506 [0] NCCL INFO Using network IB
c197-101:6507:6507 [1] NCCL INFO NET/IB : Using [0]mlx4_0:1/IB [RO]; OOB ib0:192.168.44.141<0>
c197-101:6507:6507 [1] NCCL INFO Using network IB
c197-092:8005:8005 [2] NCCL INFO Bootstrap : Using ib0:192.168.44.140<0>
c197-092:8006:8006 [3] NCCL INFO Bootstrap : Using ib0:192.168.44.140<0>
c197-092:8005:8005 [2] NCCL INFO NET/Plugin : No plugin found (libnccl-net.so), using internal implementation
c197-092:8006:8006 [3] NCCL INFO NET/Plugin : No plugin found (libnccl-net.so), using internal implementation
c197-092:8006:8006 [3] NCCL INFO NET/IB : Using [0]mlx4_0:1/IB [RO]; OOB ib0:192.168.44.140<0>
c197-092:8006:8006 [3] NCCL INFO Using network IB
c197-092:8005:8005 [2] NCCL INFO NET/IB : Using [0]mlx4_0:1/IB [RO]; OOB ib0:192.168.44.140<0>
c197-092:8005:8005 [2] NCCL INFO Using network IB
c197-092:8003:8003 [0] NCCL INFO Bootstrap : Using ib0:192.168.44.140<0>
c197-092:8004:8004 [1] NCCL INFO Bootstrap : Using ib0:192.168.44.140<0>
c197-092:8003:8003 [0] NCCL INFO NET/Plugin : No plugin found (libnccl-net.so), using internal implementation
c197-092:8004:8004 [1] NCCL INFO NET/Plugin : No plugin found (libnccl-net.so), using internal implementation
c197-092:8003:8003 [0] NCCL INFO NET/IB : Using [0]mlx4_0:1/IB [RO]; OOB ib0:192.168.44.140<0>
c197-092:8003:8003 [0] NCCL INFO Using network IB
c197-092:8004:8004 [1] NCCL INFO NET/IB : Using [0]mlx4_0:1/IB [RO]; OOB ib0:192.168.44.140<0>
c197-092:8004:8004 [1] NCCL INFO Using network IB
c196-092:4652:4687 [0] NCCL INFO Setting affinity for GPU 0 to 0f000f
c196-092:4655:4694 [3] NCCL INFO Setting affinity for GPU 3 to f000f000
c199-011:23172:23206 [3] NCCL INFO Setting affinity for GPU 3 to f000f000
c197-101:6509:6541 [3] NCCL INFO Setting affinity for GPU 3 to f000f000
c197-042:27692:27725 [3] NCCL INFO Setting affinity for GPU 3 to f000f000
c197-042:27689:27730 [0] NCCL INFO Setting affinity for GPU 0 to 0f000f
c197-041:32342:32380 [3] NCCL INFO Setting affinity for GPU 3 to f000f000
c198-091:30734:30769 [3] NCCL INFO Setting affinity for GPU 3 to f000f000
c198-101:31730:31764 [3] NCCL INFO Setting affinity for GPU 3 to f000f000
c197-042:27691:27726 [2] NCCL INFO Setting affinity for GPU 2 to 0f000f00
c197-041:32339:32376 [0] NCCL INFO Setting affinity for GPU 0 to 0f000f
c197-041:32341:32378 [2] NCCL INFO Setting affinity for GPU 2 to 0f000f00
c197-092:8006:8039 [3] NCCL INFO Setting affinity for GPU 3 to f000f000
c198-101:31727:31768 [0] NCCL INFO Setting affinity for GPU 0 to 0f000f
c198-091:30731:30773 [0] NCCL INFO Setting affinity for GPU 0 to 0f000f
c198-101:31729:31763 [2] NCCL INFO Setting affinity for GPU 2 to 0f000f00
c198-111:29720:29753 [3] NCCL INFO Setting affinity for GPU 3 to f000f000
c199-012:28125:28162 [3] NCCL INFO Setting affinity for GPU 3 to f000f000
c198-091:30732:30771 [1] NCCL INFO Setting affinity for GPU 1 to f000f0
c198-091:30733:30768 [2] NCCL INFO Setting affinity for GPU 2 to 0f000f00
c197-092:8003:8043 [0] NCCL INFO Setting affinity for GPU 0 to 0f000f
c198-102:22898:22933 [3] NCCL INFO Setting affinity for GPU 3 to f000f000
c199-011:23169:23210 [0] NCCL INFO Setting affinity for GPU 0 to 0f000f
c197-092:8005:8040 [2] NCCL INFO Setting affinity for GPU 2 to 0f000f00
c199-012:28122:28159 [0] NCCL INFO Setting affinity for GPU 0 to 0f000f
c198-111:29717:29758 [0] NCCL INFO Setting affinity for GPU 0 to 0f000f
c199-012:28124:28163 [2] NCCL INFO Setting affinity for GPU 2 to 0f000f00
c198-102:22895:22935 [0] NCCL INFO Setting affinity for GPU 0 to 0f000f
c199-011:23171:23205 [2] NCCL INFO Setting affinity for GPU 2 to 0f000f00
c197-032:27652:27686 [3] NCCL INFO Setting affinity for GPU 3 to f000f000
c198-111:29718:29757 [1] NCCL INFO Setting affinity for GPU 1 to f000f0
c197-022:17153:17192 [3] NCCL INFO Setting affinity for GPU 3 to f000f000
c199-011:23170:23208 [1] NCCL INFO Setting affinity for GPU 1 to f000f0
c198-111:29719:29754 [2] NCCL INFO Setting affinity for GPU 2 to 0f000f00
c197-032:27649:27685 [0] NCCL INFO Setting affinity for GPU 0 to 0f000f
c197-032:27651:27688 [2] NCCL INFO Setting affinity for GPU 2 to 0f000f00
c197-022:17150:17194 [0] NCCL INFO Setting affinity for GPU 0 to 0f000f
c197-022:17152:17190 [2] NCCL INFO Setting affinity for GPU 2 to 0f000f00
c197-071:26264:26303 [0] NCCL INFO Setting affinity for GPU 0 to 0f000f
c197-042:27690:27729 [1] NCCL INFO Setting affinity for GPU 1 to f000f0
c197-012:18786:18824 [3] NCCL INFO Setting affinity for GPU 3 to f000f000
c197-061:20604:20638 [3] NCCL INFO Setting affinity for GPU 3 to f000f000
c198-101:31728:31766 [1] NCCL INFO Setting affinity for GPU 1 to f000f0
c198-102:22897:22930 [2] NCCL INFO Setting affinity for GPU 2 to 0f000f00
c197-071:26267:26304 [3] NCCL INFO Setting affinity for GPU 3 to f000f000
c197-071:26265:26305 [1] NCCL INFO Setting affinity for GPU 1 to f000f0
c197-071:26266:26302 [2] NCCL INFO Setting affinity for GPU 2 to 0f000f00
c197-101:6508:6543 [2] NCCL INFO Setting affinity for GPU 2 to 0f000f00
c197-061:20601:20643 [0] NCCL INFO Setting affinity for GPU 0 to 0f000f
c197-101:6506:6546 [0] NCCL INFO Setting affinity for GPU 0 to 0f000f
c197-101:6507:6547 [1] NCCL INFO Setting affinity for GPU 1 to f000f0
c197-061:20603:20639 [2] NCCL INFO Setting affinity for GPU 2 to 0f000f00
c197-092:8004:8044 [1] NCCL INFO Setting affinity for GPU 1 to f000f0
c197-012:18783:18820 [0] NCCL INFO Setting affinity for GPU 0 to 0f000f
c197-012:18784:18818 [1] NCCL INFO Setting affinity for GPU 1 to f000f0
c197-012:18785:18823 [2] NCCL INFO Setting affinity for GPU 2 to 0f000f00
c197-041:32340:32381 [1] NCCL INFO Setting affinity for GPU 1 to f000f0
c199-012:28123:28157 [1] NCCL INFO Setting affinity for GPU 1 to f000f0
c197-022:17151:17189 [1] NCCL INFO Setting affinity for GPU 1 to f000f0
c198-102:22896:22937 [1] NCCL INFO Setting affinity for GPU 1 to f000f0
c197-032:27650:27690 [1] NCCL INFO Setting affinity for GPU 1 to f000f0
c196-092:4653:4697 [1] NCCL INFO Setting affinity for GPU 1 to f000f0
c196-092:4654:4695 [2] NCCL INFO Setting affinity for GPU 2 to 0f000f00
c197-061:20602:20642 [1] NCCL INFO Setting affinity for GPU 1 to f000f0
c197-042:27692:27725 [3] NCCL INFO Trees [0] -1/-1/-1->23->22 [1] -1/-1/-1->23->22
c197-042:27691:27726 [2] NCCL INFO Trees [0] 23/-1/-1->22->21 [1] 23/-1/-1->22->21
c197-042:27689:27730 [0] NCCL INFO Trees [0] 21/-1/-1->20->25 [1] 21/16/-1->20->13
c197-041:32342:32380 [3] NCCL INFO Trees [0] -1/-1/-1->19->18 [1] -1/-1/-1->19->18
c197-042:27690:27729 [1] NCCL INFO Trees [0] 22/-1/-1->21->20 [1] 22/24/-1->21->20
c197-041:32341:32378 [2] NCCL INFO Trees [0] 19/-1/-1->18->17 [1] 19/-1/-1->18->17
c197-032:27652:27686 [3] NCCL INFO Trees [0] -1/-1/-1->15->14 [1] -1/-1/-1->15->14
c197-041:32340:32381 [1] NCCL INFO Trees [0] 18/8/-1->17->16 [1] 18/-1/-1->17->16
c197-071:26264:26303 [0] NCCL INFO Trees [0] 29/-1/-1->28->24 [1] 29/12/-1->28->60
c197-012:18786:18824 [3] NCCL INFO Trees [0] -1/-1/-1->7->6 [1] -1/-1/-1->7->6
c197-032:27651:27688 [2] NCCL INFO Trees [0] 15/-1/-1->14->13 [1] 15/-1/-1->14->13
c197-022:17153:17192 [3] NCCL INFO Trees [0] -1/-1/-1->11->10 [1] -1/-1/-1->11->10
c197-041:32339:32376 [0] NCCL INFO Trees [0] 17/24/-1->16->33 [1] 17/-1/-1->16->20
c197-012:18785:18823 [2] NCCL INFO Trees [0] 7/-1/-1->6->5 [1] 7/-1/-1->6->5
c197-032:27649:27685 [0] NCCL INFO Trees [0] 13/-1/-1->12->8 [1] 13/4/-1->12->28
c197-022:17152:17190 [2] NCCL INFO Trees [0] 11/-1/-1->10->9 [1] 11/-1/-1->10->9
c196-092:4652:4687 [0] NCCL INFO Channel 00/02 :    0   1   2   3   4   5   6   7   8   9  10  11  12  13  14  15  16  17  18  19
c196-092:4652:4687 [0] NCCL INFO Channel 01/02 :    0   1   2   3   4   5   6   7   8   9  10  11  12  13  14  15  16  17  18  19
c197-012:18784:18818 [1] NCCL INFO Trees [0] 6/-1/-1->5->4 [1] 6/8/-1->5->4
c197-032:27650:27690 [1] NCCL INFO Trees [0] 14/-1/-1->13->12 [1] 14/20/-1->13->12
c197-022:17150:17194 [0] NCCL INFO Trees [0] 9/12/-1->8->17 [1] 9/-1/-1->8->5
c199-012:28125:28162 [3] NCCL INFO Trees [0] -1/-1/-1->63->62 [1] -1/-1/-1->63->62
c196-092:4655:4694 [3] NCCL INFO Trees [0] -1/-1/-1->3->2 [1] -1/-1/-1->3->2
c197-012:18783:18820 [0] NCCL INFO Trees [0] 5/-1/-1->4->9 [1] 5/0/-1->4->12
c197-022:17151:17189 [1] NCCL INFO Trees [0] 10/4/-1->9->8 [1] 10/-1/-1->9->8
c197-071:26267:26304 [3] NCCL INFO Trees [0] -1/-1/-1->31->30 [1] -1/-1/-1->31->30
c197-092:8003:8043 [0] NCCL INFO Trees [0] 33/48/-1->32->0 [1] 33/-1/-1->32->36
c199-011:23172:23206 [3] NCCL INFO Trees [0] -1/-1/-1->59->58 [1] -1/-1/-1->59->58
c199-012:28124:28163 [2] NCCL INFO Trees [0] 63/-1/-1->62->61 [1] 63/-1/-1->62->61
c196-092:4652:4687 [0] NCCL INFO Trees [0] 1/32/-1->0->-1 [1] 1/-1/-1->0->4
c197-071:26266:26302 [2] NCCL INFO Trees [0] 31/-1/-1->30->29 [1] 31/-1/-1->30->29
c197-061:20601:20643 [0] NCCL INFO Trees [0] 25/28/-1->24->16 [1] 25/-1/-1->24->21
c197-092:8006:8039 [3] NCCL INFO Trees [0] -1/-1/-1->35->34 [1] -1/-1/-1->35->34
c198-091:30733:30768 [2] NCCL INFO Trees [0] 43/-1/-1->42->41 [1] 43/-1/-1->42->41
c199-011:23171:23205 [2] NCCL INFO Trees [0] 59/-1/-1->58->57 [1] 59/-1/-1->58->57
c198-102:22897:22930 [2] NCCL INFO Trees [0] 51/-1/-1->50->49 [1] 51/-1/-1->50->49
c198-111:29720:29753 [3] NCCL INFO Trees [0] -1/-1/-1->55->54 [1] -1/-1/-1->55->54
c199-012:28122:28159 [0] NCCL INFO Trees [0] 61/-1/-1->60->56 [1] 61/28/-1->60->-1
c196-092:4653:4697 [1] NCCL INFO Trees [0] 2/-1/-1->1->0 [1] 2/-1/-1->1->0
c197-071:26265:26305 [1] NCCL INFO Trees [0] 30/-1/-1->29->28 [1] 30/44/-1->29->28
c197-061:20602:20642 [1] NCCL INFO Trees [0] 26/20/-1->25->24 [1] 26/-1/-1->25->24
c197-092:8005:8040 [2] NCCL INFO Trees [0] 35/-1/-1->34->33 [1] 35/-1/-1->34->33
c197-101:6506:6546 [0] NCCL INFO Trees [0] 37/-1/-1->36->41 [1] 37/32/-1->36->44
c198-091:30734:30769 [3] NCCL INFO Trees [0] -1/-1/-1->43->42 [1] -1/-1/-1->43->42
c199-011:23170:23208 [1] NCCL INFO Trees [0] 58/52/-1->57->56 [1] 58/-1/-1->57->56
c198-102:22898:22933 [3] NCCL INFO Trees [0] -1/-1/-1->51->50 [1] -1/-1/-1->51->50
c198-111:29719:29754 [2] NCCL INFO Trees [0] 55/-1/-1->54->53 [1] 55/-1/-1->54->53
c199-012:28123:28157 [1] NCCL INFO Trees [0] 62/-1/-1->61->60 [1] 62/-1/-1->61->60
c196-092:4654:4695 [2] NCCL INFO Trees [0] 3/-1/-1->2->1 [1] 3/-1/-1->2->1
c197-061:20604:20638 [3] NCCL INFO Trees [0] -1/-1/-1->27->26 [1] -1/-1/-1->27->26
c197-092:8004:8044 [1] NCCL INFO Trees [0] 34/16/-1->33->32 [1] 34/-1/-1->33->32
c197-101:6507:6547 [1] NCCL INFO Trees [0] 38/-1/-1->37->36 [1] 38/40/-1->37->36
c198-091:30731:30773 [0] NCCL INFO Trees [0] 41/44/-1->40->49 [1] 41/-1/-1->40->37
c199-011:23169:23210 [0] NCCL INFO Trees [0] 57/60/-1->56->48 [1] 57/-1/-1->56->53
c198-102:22895:22935 [0] NCCL INFO Trees [0] 49/56/-1->48->32 [1] 49/-1/-1->48->52
c198-111:29718:29757 [1] NCCL INFO Trees [0] 54/-1/-1->53->52 [1] 54/56/-1->53->52
c197-061:20603:20639 [2] NCCL INFO Trees [0] 27/-1/-1->26->25 [1] 27/-1/-1->26->25
c197-101:6508:6543 [2] NCCL INFO Trees [0] 39/-1/-1->38->37 [1] 39/-1/-1->38->37
c198-091:30732:30771 [1] NCCL INFO Trees [0] 42/36/-1->41->40 [1] 42/-1/-1->41->40
c198-102:22896:22937 [1] NCCL INFO Trees [0] 50/40/-1->49->48 [1] 50/-1/-1->49->48
c198-111:29717:29758 [0] NCCL INFO Trees [0] 53/-1/-1->52->57 [1] 53/48/-1->52->45
c197-101:6509:6541 [3] NCCL INFO Trees [0] -1/-1/-1->39->38 [1] -1/-1/-1->39->38
c198-101:31728:31766 [1] NCCL INFO Trees [0] 46/-1/-1->45->44 [1] 46/52/-1->45->44
c198-101:31730:31764 [3] NCCL INFO Trees [0] -1/-1/-1->47->46 [1] -1/-1/-1->47->46
c198-101:31727:31768 [0] NCCL INFO Trees [0] 45/-1/-1->44->40 [1] 45/36/-1->44->29
c198-101:31729:31763 [2] NCCL INFO Trees [0] 47/-1/-1->46->45 [1] 47/-1/-1->46->45
c197-041:32339:32376 [0] NCCL INFO Channel 00/0 : 15[83000] -> 16[2000] [receive] via NET/IB/0
c197-092:8003:8043 [0] NCCL INFO Channel 00/0 : 31[83000] -> 32[2000] [receive] via NET/IB/0
c197-022:17150:17194 [0] NCCL INFO Channel 00/0 : 7[83000] -> 8[2000] [receive] via NET/IB/0
c197-012:18783:18820 [0] NCCL INFO Channel 00/0 : 3[83000] -> 4[2000] [receive] via NET/IB/0
c197-032:27649:27685 [0] NCCL INFO Channel 00/0 : 11[83000] -> 12[2000] [receive] via NET/IB/0
c199-011:23169:23210 [0] NCCL INFO Channel 00/0 : 55[83000] -> 56[2000] [receive] via NET/IB/0
c197-042:27689:27730 [0] NCCL INFO Channel 00/0 : 19[83000] -> 20[2000] [receive] via NET/IB/0
c198-102:22895:22935 [0] NCCL INFO Channel 00/0 : 47[83000] -> 48[2000] [receive] via NET/IB/0
c196-092:4652:4687 [0] NCCL INFO Channel 00/0 : 63[83000] -> 0[2000] [receive] via NET/IB/0
c198-091:30731:30773 [0] NCCL INFO Channel 00/0 : 39[83000] -> 40[2000] [receive] via NET/IB/0
c197-061:20601:20643 [0] NCCL INFO Channel 00/0 : 23[83000] -> 24[2000] [receive] via NET/IB/0
c198-111:29717:29758 [0] NCCL INFO Channel 00/0 : 51[83000] -> 52[2000] [receive] via NET/IB/0
c197-101:6506:6546 [0] NCCL INFO Channel 00/0 : 35[83000] -> 36[2000] [receive] via NET/IB/0
c199-012:28122:28159 [0] NCCL INFO Channel 00/0 : 59[83000] -> 60[2000] [receive] via NET/IB/0
c198-101:31727:31768 [0] NCCL INFO Channel 00/0 : 43[83000] -> 44[2000] [receive] via NET/IB/0
c197-071:26264:26303 [0] NCCL INFO Channel 00/0 : 27[83000] -> 28[2000] [receive] via NET/IB/0
c197-042:27691:27726 [2] NCCL INFO Channel 00 : 22[82000] -> 23[83000] via direct shared memory
c197-042:27691:27726 [2] NCCL INFO Channel 01 : 22[82000] -> 23[83000] via direct shared memory
c197-041:32341:32378 [2] NCCL INFO Channel 00 : 18[82000] -> 19[83000] via direct shared memory
c197-022:17152:17190 [2] NCCL INFO Channel 00 : 10[82000] -> 11[83000] via direct shared memory
c197-012:18785:18823 [2] NCCL INFO Channel 00 : 6[82000] -> 7[83000] via direct shared memory
c197-041:32341:32378 [2] NCCL INFO Channel 01 : 18[82000] -> 19[83000] via direct shared memory
c197-022:17152:17190 [2] NCCL INFO Channel 01 : 10[82000] -> 11[83000] via direct shared memory
c197-012:18784:18818 [1] NCCL INFO Channel 00 : 5[3000] -> 6[82000] via direct shared memory
c199-011:23171:23205 [2] NCCL INFO Channel 00 : 58[82000] -> 59[83000] via direct shared memory
c197-012:18785:18823 [2] NCCL INFO Channel 01 : 6[82000] -> 7[83000] via direct shared memory
c197-032:27651:27688 [2] NCCL INFO Channel 00 : 14[82000] -> 15[83000] via direct shared memory
c199-011:23171:23205 [2] NCCL INFO Channel 01 : 58[82000] -> 59[83000] via direct shared memory
c197-012:18784:18818 [1] NCCL INFO Channel 01 : 5[3000] -> 6[82000] via direct shared memory
c197-032:27651:27688 [2] NCCL INFO Channel 01 : 14[82000] -> 15[83000] via direct shared memory
c197-061:20603:20639 [2] NCCL INFO Channel 00 : 26[82000] -> 27[83000] via direct shared memory
c197-061:20603:20639 [2] NCCL INFO Channel 01 : 26[82000] -> 27[83000] via direct shared memory
c198-102:22897:22930 [2] NCCL INFO Channel 00 : 50[82000] -> 51[83000] via direct shared memory
c198-102:22897:22930 [2] NCCL INFO Channel 01 : 50[82000] -> 51[83000] via direct shared memory
c197-092:8005:8040 [2] NCCL INFO Channel 00 : 34[82000] -> 35[83000] via direct shared memory
c198-111:29719:29754 [2] NCCL INFO Channel 00 : 54[82000] -> 55[83000] via direct shared memory
c198-101:31729:31763 [2] NCCL INFO Channel 00 : 46[82000] -> 47[83000] via direct shared memory
c197-092:8005:8040 [2] NCCL INFO Channel 01 : 34[82000] -> 35[83000] via direct shared memory
c198-091:30733:30768 [2] NCCL INFO Channel 00 : 42[82000] -> 43[83000] via direct shared memory
c198-101:31729:31763 [2] NCCL INFO Channel 01 : 46[82000] -> 47[83000] via direct shared memory
c198-091:30732:30771 [1] NCCL INFO Channel 00 : 41[3000] -> 42[82000] via direct shared memory
c198-111:29719:29754 [2] NCCL INFO Channel 01 : 54[82000] -> 55[83000] via direct shared memory
c196-092:4654:4695 [2] NCCL INFO Channel 00 : 2[82000] -> 3[83000] via direct shared memory
c197-101:6507:6547 [1] NCCL INFO Channel 00 : 37[3000] -> 38[82000] via direct shared memory
c198-091:30733:30768 [2] NCCL INFO Channel 01 : 42[82000] -> 43[83000] via direct shared memory
c199-012:28124:28163 [2] NCCL INFO Channel 00 : 62[82000] -> 63[83000] via direct shared memory
c197-101:6508:6543 [2] NCCL INFO Channel 00 : 38[82000] -> 39[83000] via direct shared memory
c198-091:30732:30771 [1] NCCL INFO Channel 01 : 41[3000] -> 42[82000] via direct shared memory
c199-012:28124:28163 [2] NCCL INFO Channel 01 : 62[82000] -> 63[83000] via direct shared memory
c196-092:4654:4695 [2] NCCL INFO Channel 01 : 2[82000] -> 3[83000] via direct shared memory
c197-042:27692:27725 [3] NCCL INFO Channel 00/0 : 23[83000] -> 24[2000] [send] via NET/IB/0
c197-101:6507:6547 [1] NCCL INFO Channel 01 : 37[3000] -> 38[82000] via direct shared memory
c196-092:4653:4697 [1] NCCL INFO Channel 00 : 1[3000] -> 2[82000] via direct shared memory
c197-101:6508:6543 [2] NCCL INFO Channel 01 : 38[82000] -> 39[83000] via direct shared memory
c196-092:4653:4697 [1] NCCL INFO Channel 01 : 1[3000] -> 2[82000] via direct shared memory
c197-071:26266:26302 [2] NCCL INFO Channel 00 : 30[82000] -> 31[83000] via direct shared memory
c197-071:26265:26305 [1] NCCL INFO Channel 00 : 29[3000] -> 30[82000] via direct shared memory
c197-071:26266:26302 [2] NCCL INFO Channel 01 : 30[82000] -> 31[83000] via direct shared memory
c197-071:26265:26305 [1] NCCL INFO Channel 01 : 29[3000] -> 30[82000] via direct shared memory
c198-111:29718:29757 [1] NCCL INFO Channel 00 : 53[3000] -> 54[82000] via direct shared memory
c198-111:29718:29757 [1] NCCL INFO Channel 01 : 53[3000] -> 54[82000] via direct shared memory
c197-012:18786:18824 [3] NCCL INFO Channel 00/0 : 7[83000] -> 8[2000] [send] via NET/IB/0
c197-022:17153:17192 [3] NCCL INFO Channel 00/0 : 11[83000] -> 12[2000] [send] via NET/IB/0
c199-011:23172:23206 [3] NCCL INFO Channel 00/0 : 59[83000] -> 60[2000] [send] via NET/IB/0
c197-032:27652:27686 [3] NCCL INFO Channel 00/0 : 15[83000] -> 16[2000] [send] via NET/IB/0
c196-092:4655:4694 [3] NCCL INFO Channel 00/0 : 3[83000] -> 4[2000] [send] via NET/IB/0
c198-102:22898:22933 [3] NCCL INFO Channel 00/0 : 51[83000] -> 52[2000] [send] via NET/IB/0
c197-041:32342:32380 [3] NCCL INFO Channel 00/0 : 19[83000] -> 20[2000] [send] via NET/IB/0
c197-061:20604:20638 [3] NCCL INFO Channel 00/0 : 27[83000] -> 28[2000] [send] via NET/IB/0
c198-101:31730:31764 [3] NCCL INFO Channel 00/0 : 47[83000] -> 48[2000] [send] via NET/IB/0
c198-091:30734:30769 [3] NCCL INFO Channel 00/0 : 43[83000] -> 44[2000] [send] via NET/IB/0
c198-111:29720:29753 [3] NCCL INFO Channel 00/0 : 55[83000] -> 56[2000] [send] via NET/IB/0
c197-042:27690:27729 [1] NCCL INFO Channel 00 : 21[3000] -> 22[82000] via direct shared memory
c197-092:8006:8039 [3] NCCL INFO Channel 00/0 : 35[83000] -> 36[2000] [send] via NET/IB/0
c197-042:27690:27729 [1] NCCL INFO Channel 01 : 21[3000] -> 22[82000] via direct shared memory
c197-041:32340:32381 [1] NCCL INFO Channel 00 : 17[3000] -> 18[82000] via direct shared memory
c199-012:28125:28162 [3] NCCL INFO Channel 00/0 : 63[83000] -> 0[2000] [send] via NET/IB/0
c197-041:32340:32381 [1] NCCL INFO Channel 01 : 17[3000] -> 18[82000] via direct shared memory
c197-101:6509:6541 [3] NCCL INFO Channel 00/0 : 39[83000] -> 40[2000] [send] via NET/IB/0
c197-032:27650:27690 [1] NCCL INFO Channel 00 : 13[3000] -> 14[82000] via direct shared memory
c197-032:27650:27690 [1] NCCL INFO Channel 01 : 13[3000] -> 14[82000] via direct shared memory
c197-022:17151:17189 [1] NCCL INFO Channel 00 : 9[3000] -> 10[82000] via direct shared memory
c198-101:31728:31766 [1] NCCL INFO Channel 00 : 45[3000] -> 46[82000] via direct shared memory
c197-022:17151:17189 [1] NCCL INFO Channel 01 : 9[3000] -> 10[82000] via direct shared memory
c197-071:26267:26304 [3] NCCL INFO Channel 00/0 : 31[83000] -> 32[2000] [send] via NET/IB/0
c198-101:31728:31766 [1] NCCL INFO Channel 01 : 45[3000] -> 46[82000] via direct shared memory
c197-092:8004:8044 [1] NCCL INFO Channel 00 : 33[3000] -> 34[82000] via direct shared memory
c197-092:8004:8044 [1] NCCL INFO Channel 01 : 33[3000] -> 34[82000] via direct shared memory
c198-102:22896:22937 [1] NCCL INFO Channel 00 : 49[3000] -> 50[82000] via direct shared memory
c198-102:22896:22937 [1] NCCL INFO Channel 01 : 49[3000] -> 50[82000] via direct shared memory
c199-011:23170:23208 [1] NCCL INFO Channel 00 : 57[3000] -> 58[82000] via direct shared memory
c199-011:23170:23208 [1] NCCL INFO Channel 01 : 57[3000] -> 58[82000] via direct shared memory
c197-061:20602:20642 [1] NCCL INFO Channel 00 : 25[3000] -> 26[82000] via direct shared memory
c199-012:28123:28157 [1] NCCL INFO Channel 00 : 61[3000] -> 62[82000] via direct shared memory
c197-061:20602:20642 [1] NCCL INFO Channel 01 : 25[3000] -> 26[82000] via direct shared memory
c199-012:28123:28157 [1] NCCL INFO Channel 01 : 61[3000] -> 62[82000] via direct shared memory
c197-022:17150:17194 [0] NCCL INFO Channel 01/0 : 7[83000] -> 8[2000] [receive] via NET/IB/0
c197-012:18783:18820 [0] NCCL INFO Channel 01/0 : 3[83000] -> 4[2000] [receive] via NET/IB/0
c197-022:17150:17194 [0] NCCL INFO Channel 00 : 8[2000] -> 9[3000] via direct shared memory
c197-012:18783:18820 [0] NCCL INFO Channel 00 : 4[2000] -> 5[3000] via direct shared memory
c197-022:17150:17194 [0] NCCL INFO Channel 01 : 8[2000] -> 9[3000] via direct shared memory
c197-012:18783:18820 [0] NCCL INFO Channel 01 : 4[2000] -> 5[3000] via direct shared memory
c199-011:23169:23210 [0] NCCL INFO Channel 01/0 : 55[83000] -> 56[2000] [receive] via NET/IB/0
c197-041:32339:32376 [0] NCCL INFO Channel 01/0 : 15[83000] -> 16[2000] [receive] via NET/IB/0
c197-092:8003:8043 [0] NCCL INFO Channel 01/0 : 31[83000] -> 32[2000] [receive] via NET/IB/0
c199-011:23169:23210 [0] NCCL INFO Channel 00 : 56[2000] -> 57[3000] via direct shared memory
c197-041:32339:32376 [0] NCCL INFO Channel 00 : 16[2000] -> 17[3000] via direct shared memory
c197-092:8003:8043 [0] NCCL INFO Channel 00 : 32[2000] -> 33[3000] via direct shared memory
c198-102:22895:22935 [0] NCCL INFO Channel 01/0 : 47[83000] -> 48[2000] [receive] via NET/IB/0
c197-032:27649:27685 [0] NCCL INFO Channel 01/0 : 11[83000] -> 12[2000] [receive] via NET/IB/0
c199-011:23169:23210 [0] NCCL INFO Channel 01 : 56[2000] -> 57[3000] via direct shared memory
c197-042:27689:27730 [0] NCCL INFO Channel 01/0 : 19[83000] -> 20[2000] [receive] via NET/IB/0
c197-041:32339:32376 [0] NCCL INFO Channel 01 : 16[2000] -> 17[3000] via direct shared memory
c197-092:8003:8043 [0] NCCL INFO Channel 01 : 32[2000] -> 33[3000] via direct shared memory
c198-102:22895:22935 [0] NCCL INFO Channel 00 : 48[2000] -> 49[3000] via direct shared memory
c198-091:30731:30773 [0] NCCL INFO Channel 01/0 : 39[83000] -> 40[2000] [receive] via NET/IB/0
c197-032:27649:27685 [0] NCCL INFO Channel 00 : 12[2000] -> 13[3000] via direct shared memory
c198-102:22895:22935 [0] NCCL INFO Channel 01 : 48[2000] -> 49[3000] via direct shared memory
c197-032:27649:27685 [0] NCCL INFO Channel 01 : 12[2000] -> 13[3000] via direct shared memory
c197-042:27689:27730 [0] NCCL INFO Channel 00 : 20[2000] -> 21[3000] via direct shared memory
c197-061:20601:20643 [0] NCCL INFO Channel 01/0 : 23[83000] -> 24[2000] [receive] via NET/IB/0
c198-091:30731:30773 [0] NCCL INFO Channel 00 : 40[2000] -> 41[3000] via direct shared memory
c197-042:27689:27730 [0] NCCL INFO Channel 01 : 20[2000] -> 21[3000] via direct shared memory
c197-061:20601:20643 [0] NCCL INFO Channel 00 : 24[2000] -> 25[3000] via direct shared memory
c198-091:30731:30773 [0] NCCL INFO Channel 01 : 40[2000] -> 41[3000] via direct shared memory
c197-061:20601:20643 [0] NCCL INFO Channel 01 : 24[2000] -> 25[3000] via direct shared memory
c198-111:29717:29758 [0] NCCL INFO Channel 01/0 : 51[83000] -> 52[2000] [receive] via NET/IB/0
c196-092:4652:4687 [0] NCCL INFO Channel 01/0 : 63[83000] -> 0[2000] [receive] via NET/IB/0
c198-111:29717:29758 [0] NCCL INFO Channel 00 : 52[2000] -> 53[3000] via direct shared memory
c196-092:4652:4687 [0] NCCL INFO Channel 00 : 0[2000] -> 1[3000] via direct shared memory
c197-101:6506:6546 [0] NCCL INFO Channel 01/0 : 35[83000] -> 36[2000] [receive] via NET/IB/0
c198-111:29717:29758 [0] NCCL INFO Channel 01 : 52[2000] -> 53[3000] via direct shared memory
c196-092:4652:4687 [0] NCCL INFO Channel 01 : 0[2000] -> 1[3000] via direct shared memory
c197-071:26264:26303 [0] NCCL INFO Channel 01/0 : 27[83000] -> 28[2000] [receive] via NET/IB/0
c198-101:31727:31768 [0] NCCL INFO Channel 01/0 : 43[83000] -> 44[2000] [receive] via NET/IB/0
c197-101:6506:6546 [0] NCCL INFO Channel 00 : 36[2000] -> 37[3000] via direct shared memory
c197-101:6506:6546 [0] NCCL INFO Channel 01 : 36[2000] -> 37[3000] via direct shared memory
c197-071:26264:26303 [0] NCCL INFO Channel 00 : 28[2000] -> 29[3000] via direct shared memory
c199-012:28122:28159 [0] NCCL INFO Channel 01/0 : 59[83000] -> 60[2000] [receive] via NET/IB/0
c197-071:26264:26303 [0] NCCL INFO Channel 01 : 28[2000] -> 29[3000] via direct shared memory
