c196-071:7695:7695 [1] NCCL INFO comm 0x2ada2d058010 rank 1 nranks 64 cudaDev 1 busId 3000 - Destroy COMPLETE
c196-111:29249:29249 [2] NCCL INFO comm 0x2b618de50010 rank 34 nranks 64 cudaDev 2 busId 82000 - Destroy COMPLETE
c197-021:21467:21467 [2] NCCL INFO comm 0x2b6ffd058010 rank 50 nranks 64 cudaDev 2 busId 82000 - Destroy COMPLETE
c197-011:6001:6001 [2] NCCL INFO comm 0x2b3140000010 rank 42 nranks 64 cudaDev 2 busId 82000 - Destroy COMPLETE
c196-091:14985:14985 [2] NCCL INFO comm 0x2adbb6042010 rank 18 nranks 64 cudaDev 2 busId 82000 - Destroy COMPLETE
c197-012:19731:19731 [2] NCCL INFO comm 0x2ac4b4000010 rank 46 nranks 64 cudaDev 2 busId 82000 - Destroy COMPLETE
c197-032:14567:14567 [1] NCCL INFO comm 0x2ab7ce000010 rank 61 nranks 64 cudaDev 1 busId 3000 - Destroy COMPLETE
c196-102:25391:25391 [2] NCCL INFO comm 0x2acd2584f010 rank 30 nranks 64 cudaDev 2 busId 82000 - Destroy COMPLETE
c197-032:14566:14566 [0] NCCL INFO comm 0x2b43023d4010 rank 60 nranks 64 cudaDev 0 busId 2000 - Destroy COMPLETE
c196-081:9021:9021 [1] NCCL INFO comm 0x2b27fd26e010 rank 9 nranks 64 cudaDev 1 busId 3000 - Destroy COMPLETE
c197-031:5660:5660 [1] NCCL INFO comm 0x2ae3a548d010 rank 57 nranks 64 cudaDev 1 busId 3000 - Destroy COMPLETE
c196-091:14984:14984 [1] NCCL INFO comm 0x2b82a2000010 rank 17 nranks 64 cudaDev 1 busId 3000 - Destroy COMPLETE
c196-071:7694:7694 [0] NCCL INFO comm 0x2b3a5e276010 rank 0 nranks 64 cudaDev 0 busId 2000 - Destroy COMPLETE
c196-111:29248:29248 [1] NCCL INFO comm 0x2b54ce000010 rank 33 nranks 64 cudaDev 1 busId 3000 - Destroy COMPLETE
c196-092:24978:24978 [1] NCCL INFO comm 0x2ab4a2000010 rank 21 nranks 64 cudaDev 1 busId 3000 - Destroy COMPLETE
c197-031:5659:5659 [0] NCCL INFO comm 0x2acbac000010 rank 56 nranks 64 cudaDev 0 busId 2000 - Destroy COMPLETE
c196-082:2093:2093 [1] NCCL INFO comm 0x2b823e000010 rank 13 nranks 64 cudaDev 1 busId 3000 - Destroy COMPLETE
c196-072:11737:11737 [1] NCCL INFO comm 0x2aed3e402010 rank 5 nranks 64 cudaDev 1 busId 3000 - Destroy COMPLETE
c196-111:29247:29247 [0] NCCL INFO comm 0x2aba7e000010 rank 32 nranks 64 cudaDev 0 busId 2000 - Destroy COMPLETE
c197-022:3897:3897 [1] NCCL INFO comm 0x2b007e000010 rank 53 nranks 64 cudaDev 1 busId 3000 - Destroy COMPLETE
c196-101:1725:1725 [0] NCCL INFO comm 0x2af64de93010 rank 24 nranks 64 cudaDev 0 busId 2000 - Destroy COMPLETE
c196-101:1726:1726 [1] NCCL INFO comm 0x2b735e000010 rank 25 nranks 64 cudaDev 1 busId 3000 - Destroy COMPLETE
c196-071:7696:7696 [2] NCCL INFO comm 0x2ad412216010 rank 2 nranks 64 cudaDev 2 busId 82000 - Destroy COMPLETE
c196-081:9020:9020 [0] NCCL INFO comm 0x2b866e000010 rank 8 nranks 64 cudaDev 0 busId 2000 - Destroy COMPLETE
c197-021:21466:21466 [1] NCCL INFO comm 0x2ad70e000010 rank 49 nranks 64 cudaDev 1 busId 3000 - Destroy COMPLETE
c197-021:21465:21465 [0] NCCL INFO comm 0x2ad944000010 rank 48 nranks 64 cudaDev 0 busId 2000 - Destroy COMPLETE
c197-022:3896:3896 [0] NCCL INFO comm 0x2b1ffd67a010 rank 52 nranks 64 cudaDev 0 busId 2000 - Destroy COMPLETE
c196-091:14983:14983 [0] NCCL INFO comm 0x2b197cdb7010 rank 16 nranks 64 cudaDev 0 busId 2000 - Destroy COMPLETE
c197-011:6000:6000 [1] NCCL INFO comm 0x2b23ae000010 rank 41 nranks 64 cudaDev 1 busId 3000 - Destroy COMPLETE
c196-092:24977:24977 [0] NCCL INFO comm 0x2ab7ee000010 rank 20 nranks 64 cudaDev 0 busId 2000 - Destroy COMPLETE
c196-112:2576:2576 [1] NCCL INFO comm 0x2b53b2000010 rank 37 nranks 64 cudaDev 1 busId 3000 - Destroy COMPLETE
c197-011:5999:5999 [0] NCCL INFO comm 0x2b574572e010 rank 40 nranks 64 cudaDev 0 busId 2000 - Destroy COMPLETE
# Out of bounds values : 1344 FAILED
# Avg bus bandwidth    : 1.02805 
#
c196-102:25390:25390 [1] NCCL INFO comm 0x2ba161c3d010 rank 29 nranks 64 cudaDev 1 busId 3000 - Destroy COMPLETE
c197-012:19730:19730 [1] NCCL INFO comm 0x2b403e000010 rank 45 nranks 64 cudaDev 1 busId 3000 - Destroy COMPLETE
c196-072:11736:11736 [0] NCCL INFO comm 0x2b0cf2000010 rank 4 nranks 64 cudaDev 0 busId 2000 - Destroy COMPLETE
c196-082:2092:2092 [0] NCCL INFO comm 0x2b69b4000010 rank 12 nranks 64 cudaDev 0 busId 2000 - Destroy COMPLETE
c196-112:2575:2575 [0] NCCL INFO comm 0x2b2b4e000010 rank 36 nranks 64 cudaDev 0 busId 2000 - Destroy COMPLETE
c196-102:25389:25389 [0] NCCL INFO comm 0x2b4b6567a010 rank 28 nranks 64 cudaDev 0 busId 2000 - Destroy COMPLETE
c197-012:19729:19729 [0] NCCL INFO comm 0x2ba52d138010 rank 44 nranks 64 cudaDev 0 busId 2000 - Destroy COMPLETE

# nThread 1 nGpus 1 minBytes 1024 maxBytes 268435456 step: 2(factor) warmup iters: 5 iters: 60 agg iters: 1 validation: 1 graph: 0
#
# Using devices
#  Rank  0 Group  0 Pid   7822 on   c196-071 device  0 [0x02] Quadro RTX 5000
#  Rank  1 Group  0 Pid   7823 on   c196-071 device  1 [0x03] Quadro RTX 5000
#  Rank  2 Group  0 Pid   7824 on   c196-071 device  2 [0x82] Quadro RTX 5000
#  Rank  3 Group  0 Pid   7825 on   c196-071 device  3 [0x83] Quadro RTX 5000
#  Rank  4 Group  0 Pid  11916 on   c196-072 device  0 [0x02] Quadro RTX 5000
#  Rank  5 Group  0 Pid  11917 on   c196-072 device  1 [0x03] Quadro RTX 5000
#  Rank  6 Group  0 Pid  11918 on   c196-072 device  2 [0x82] Quadro RTX 5000
#  Rank  7 Group  0 Pid  11919 on   c196-072 device  3 [0x83] Quadro RTX 5000
#  Rank  8 Group  0 Pid   9201 on   c196-081 device  0 [0x02] Quadro RTX 5000
#  Rank  9 Group  0 Pid   9202 on   c196-081 device  1 [0x03] Quadro RTX 5000
#  Rank 10 Group  0 Pid   9203 on   c196-081 device  2 [0x82] Quadro RTX 5000
#  Rank 11 Group  0 Pid   9204 on   c196-081 device  3 [0x83] Quadro RTX 5000
#  Rank 12 Group  0 Pid   2297 on   c196-082 device  0 [0x02] Quadro RTX 5000
#  Rank 13 Group  0 Pid   2298 on   c196-082 device  1 [0x03] Quadro RTX 5000
#  Rank 14 Group  0 Pid   2299 on   c196-082 device  2 [0x82] Quadro RTX 5000
#  Rank 15 Group  0 Pid   2300 on   c196-082 device  3 [0x83] Quadro RTX 5000
#  Rank 16 Group  0 Pid  15161 on   c196-091 device  0 [0x02] Quadro RTX 5000
#  Rank 17 Group  0 Pid  15162 on   c196-091 device  1 [0x03] Quadro RTX 5000
#  Rank 18 Group  0 Pid  15163 on   c196-091 device  2 [0x82] Quadro RTX 5000
#  Rank 19 Group  0 Pid  15164 on   c196-091 device  3 [0x83] Quadro RTX 5000
#  Rank 20 Group  0 Pid  25155 on   c196-092 device  0 [0x02] Quadro RTX 5000
#  Rank 21 Group  0 Pid  25156 on   c196-092 device  1 [0x03] Quadro RTX 5000
#  Rank 22 Group  0 Pid  25157 on   c196-092 device  2 [0x82] Quadro RTX 5000
#  Rank 23 Group  0 Pid  25158 on   c196-092 device  3 [0x83] Quadro RTX 5000
#  Rank 24 Group  0 Pid   1905 on   c196-101 device  0 [0x02] Quadro RTX 5000
#  Rank 25 Group  0 Pid   1906 on   c196-101 device  1 [0x03] Quadro RTX 5000
#  Rank 26 Group  0 Pid   1907 on   c196-101 device  2 [0x82] Quadro RTX 5000
#  Rank 27 Group  0 Pid   1908 on   c196-101 device  3 [0x83] Quadro RTX 5000
#  Rank 28 Group  0 Pid  25569 on   c196-102 device  0 [0x02] Quadro RTX 5000
#  Rank 29 Group  0 Pid  25570 on   c196-102 device  1 [0x03] Quadro RTX 5000
#  Rank 30 Group  0 Pid  25571 on   c196-102 device  2 [0x82] Quadro RTX 5000
#  Rank 31 Group  0 Pid  25572 on   c196-102 device  3 [0x83] Quadro RTX 5000
#  Rank 32 Group  0 Pid  29427 on   c196-111 device  0 [0x02] Quadro RTX 5000
#  Rank 33 Group  0 Pid  29428 on   c196-111 device  1 [0x03] Quadro RTX 5000
#  Rank 34 Group  0 Pid  29429 on   c196-111 device  2 [0x82] Quadro RTX 5000
#  Rank 35 Group  0 Pid  29430 on   c196-111 device  3 [0x83] Quadro RTX 5000
#  Rank 36 Group  0 Pid   2761 on   c196-112 device  0 [0x02] Quadro RTX 5000
#  Rank 37 Group  0 Pid   2762 on   c196-112 device  1 [0x03] Quadro RTX 5000
#  Rank 38 Group  0 Pid   2763 on   c196-112 device  2 [0x82] Quadro RTX 5000
#  Rank 39 Group  0 Pid   2764 on   c196-112 device  3 [0x83] Quadro RTX 5000
#  Rank 40 Group  0 Pid   6180 on   c197-011 device  0 [0x02] Quadro RTX 5000
#  Rank 41 Group  0 Pid   6181 on   c197-011 device  1 [0x03] Quadro RTX 5000
#  Rank 42 Group  0 Pid   6182 on   c197-011 device  2 [0x82] Quadro RTX 5000
#  Rank 43 Group  0 Pid   6183 on   c197-011 device  3 [0x83] Quadro RTX 5000
#  Rank 44 Group  0 Pid  19909 on   c197-012 device  0 [0x02] Quadro RTX 5000
#  Rank 45 Group  0 Pid  19910 on   c197-012 device  1 [0x03] Quadro RTX 5000
#  Rank 46 Group  0 Pid  19911 on   c197-012 device  2 [0x82] Quadro RTX 5000
#  Rank 47 Group  0 Pid  19912 on   c197-012 device  3 [0x83] Quadro RTX 5000
#  Rank 48 Group  0 Pid  21645 on   c197-021 device  0 [0x02] Quadro RTX 5000
#  Rank 49 Group  0 Pid  21646 on   c197-021 device  1 [0x03] Quadro RTX 5000
#  Rank 50 Group  0 Pid  21647 on   c197-021 device  2 [0x82] Quadro RTX 5000
#  Rank 51 Group  0 Pid  21648 on   c197-021 device  3 [0x83] Quadro RTX 5000
#  Rank 52 Group  0 Pid   4076 on   c197-022 device  0 [0x02] Quadro RTX 5000
#  Rank 53 Group  0 Pid   4077 on   c197-022 device  1 [0x03] Quadro RTX 5000
#  Rank 54 Group  0 Pid   4078 on   c197-022 device  2 [0x82] Quadro RTX 5000
#  Rank 55 Group  0 Pid   4079 on   c197-022 device  3 [0x83] Quadro RTX 5000
#  Rank 56 Group  0 Pid   5844 on   c197-031 device  0 [0x02] Quadro RTX 5000
#  Rank 57 Group  0 Pid   5845 on   c197-031 device  1 [0x03] Quadro RTX 5000
#  Rank 58 Group  0 Pid   5846 on   c197-031 device  2 [0x82] Quadro RTX 5000
#  Rank 59 Group  0 Pid   5847 on   c197-031 device  3 [0x83] Quadro RTX 5000
#  Rank 60 Group  0 Pid  14744 on   c197-032 device  0 [0x02] Quadro RTX 5000
#  Rank 61 Group  0 Pid  14745 on   c197-032 device  1 [0x03] Quadro RTX 5000
#  Rank 62 Group  0 Pid  14746 on   c197-032 device  2 [0x82] Quadro RTX 5000
#  Rank 63 Group  0 Pid  14747 on   c197-032 device  3 [0x83] Quadro RTX 5000
c196-071:7822:7822 [0] NCCL INFO Bootstrap : Using ib0:192.168.44.113<0>
c196-071:7822:7822 [0] NCCL INFO NET/Plugin : No plugin found (libnccl-net.so), using internal implementation
c196-071:7822:7822 [0] NCCL INFO NET/IB : Using [0]mlx4_0:1/IB [RO]; OOB ib0:192.168.44.113<0>
c196-071:7822:7822 [0] NCCL INFO Using network IB
NCCL version 2.12.12.MSCCL.0.7.4+cuda11.3
c196-071:7824:7824 [2] NCCL INFO Bootstrap : Using ib0:192.168.44.113<0>
c196-071:7825:7825 [3] NCCL INFO Bootstrap : Using ib0:192.168.44.113<0>
c196-071:7824:7824 [2] NCCL INFO NET/Plugin : No plugin found (libnccl-net.so), using internal implementation
c196-071:7825:7825 [3] NCCL INFO NET/Plugin : No plugin found (libnccl-net.so), using internal implementation
c196-071:7825:7825 [3] NCCL INFO NET/IB : Using [0]mlx4_0:1/IB [RO]; OOB ib0:192.168.44.113<0>
c196-071:7825:7825 [3] NCCL INFO Using network IB
c196-071:7823:7823 [1] NCCL INFO Bootstrap : Using ib0:192.168.44.113<0>
c196-071:7823:7823 [1] NCCL INFO NET/Plugin : No plugin found (libnccl-net.so), using internal implementation
c196-071:7824:7824 [2] NCCL INFO NET/IB : Using [0]mlx4_0:1/IB [RO]; OOB ib0:192.168.44.113<0>
c196-071:7824:7824 [2] NCCL INFO Using network IB
c196-081:9204:9204 [3] NCCL INFO Bootstrap : Using ib0:192.168.44.115<0>
c196-081:9204:9204 [3] NCCL INFO NET/Plugin : No plugin found (libnccl-net.so), using internal implementation
c196-081:9203:9203 [2] NCCL INFO Bootstrap : Using ib0:192.168.44.115<0>
c196-081:9203:9203 [2] NCCL INFO NET/Plugin : No plugin found (libnccl-net.so), using internal implementation
c196-081:9204:9204 [3] NCCL INFO NET/IB : Using [0]mlx4_0:1/IB [RO]; OOB ib0:192.168.44.115<0>
c196-081:9204:9204 [3] NCCL INFO Using network IB
c196-081:9203:9203 [2] NCCL INFO NET/IB : Using [0]mlx4_0:1/IB [RO]; OOB ib0:192.168.44.115<0>
c196-081:9203:9203 [2] NCCL INFO Using network IB
c196-071:7823:7823 [1] NCCL INFO NET/IB : Using [0]mlx4_0:1/IB [RO]; OOB ib0:192.168.44.113<0>
c196-071:7823:7823 [1] NCCL INFO Using network IB
c196-081:9201:9201 [0] NCCL INFO Bootstrap : Using ib0:192.168.44.115<0>
c196-081:9202:9202 [1] NCCL INFO Bootstrap : Using ib0:192.168.44.115<0>
c196-081:9201:9201 [0] NCCL INFO NET/Plugin : No plugin found (libnccl-net.so), using internal implementation
c196-081:9202:9202 [1] NCCL INFO NET/Plugin : No plugin found (libnccl-net.so), using internal implementation
c196-091:15163:15163 [2] NCCL INFO Bootstrap : Using ib0:192.168.44.117<0>
c196-091:15163:15163 [2] NCCL INFO NET/Plugin : No plugin found (libnccl-net.so), using internal implementation
c196-091:15163:15163 [2] NCCL INFO NET/IB : Using [0]mlx4_0:1/IB [RO]; OOB ib0:192.168.44.117<0>
c196-091:15163:15163 [2] NCCL INFO Using network IB
c196-112:2764:2764 [3] NCCL INFO Bootstrap : Using ib0:192.168.44.122<0>
c196-081:9201:9201 [0] NCCL INFO NET/IB : Using [0]mlx4_0:1/IB [RO]; OOB ib0:192.168.44.115<0>
c196-081:9201:9201 [0] NCCL INFO Using network IB
c196-081:9202:9202 [1] NCCL INFO NET/IB : Using [0]mlx4_0:1/IB [RO]; OOB ib0:192.168.44.115<0>
c196-081:9202:9202 [1] NCCL INFO Using network IB
c196-112:2764:2764 [3] NCCL INFO NET/Plugin : No plugin found (libnccl-net.so), using internal implementation
c196-112:2764:2764 [3] NCCL INFO NET/IB : Using [0]mlx4_0:1/IB [RO]; OOB ib0:192.168.44.122<0>
c196-112:2764:2764 [3] NCCL INFO Using network IB
c196-091:15164:15164 [3] NCCL INFO Bootstrap : Using ib0:192.168.44.117<0>
c197-012:19910:19910 [1] NCCL INFO Bootstrap : Using ib0:192.168.44.124<0>
c197-022:4076:4076 [0] NCCL INFO Bootstrap : Using ib0:192.168.44.126<0>
c196-112:2763:2763 [2] NCCL INFO Bootstrap : Using ib0:192.168.44.122<0>
c196-091:15164:15164 [3] NCCL INFO NET/Plugin : No plugin found (libnccl-net.so), using internal implementation
c197-012:19910:19910 [1] NCCL INFO NET/Plugin : No plugin found (libnccl-net.so), using internal implementation
c197-022:4076:4076 [0] NCCL INFO NET/Plugin : No plugin found (libnccl-net.so), using internal implementation
c196-112:2763:2763 [2] NCCL INFO NET/Plugin : No plugin found (libnccl-net.so), using internal implementation
c196-091:15164:15164 [3] NCCL INFO NET/IB : Using [0]mlx4_0:1/IB [RO]; OOB ib0:192.168.44.117<0>
c196-091:15164:15164 [3] NCCL INFO Using network IB
c196-112:2763:2763 [2] NCCL INFO NET/IB : Using [0]mlx4_0:1/IB [RO]; OOB ib0:192.168.44.122<0>
c196-112:2763:2763 [2] NCCL INFO Using network IB
c196-072:11919:11919 [3] NCCL INFO Bootstrap : Using ib0:192.168.44.114<0>
c197-012:19910:19910 [1] NCCL INFO NET/IB : Using [0]mlx4_0:1/IB [RO]; OOB ib0:192.168.44.124<0>
c197-012:19910:19910 [1] NCCL INFO Using network IB
c197-012:19909:19909 [0] NCCL INFO Bootstrap : Using ib0:192.168.44.124<0>
c197-022:4076:4076 [0] NCCL INFO NET/IB : Using [0]mlx4_0:1/IB [RO]; OOB ib0:192.168.44.126<0>
c197-022:4076:4076 [0] NCCL INFO Using network IB
c196-072:11919:11919 [3] NCCL INFO NET/Plugin : No plugin found (libnccl-net.so), using internal implementation
c197-012:19909:19909 [0] NCCL INFO NET/Plugin : No plugin found (libnccl-net.so), using internal implementation
c197-012:19909:19909 [0] NCCL INFO NET/IB : Using [0]mlx4_0:1/IB [RO]; OOB ib0:192.168.44.124<0>
c197-012:19909:19909 [0] NCCL INFO Using network IB
c196-072:11918:11918 [2] NCCL INFO Bootstrap : Using ib0:192.168.44.114<0>
c197-031:5846:5846 [2] NCCL INFO Bootstrap : Using ib0:192.168.44.127<0>
c197-031:5847:5847 [3] NCCL INFO Bootstrap : Using ib0:192.168.44.127<0>
c196-072:11918:11918 [2] NCCL INFO NET/Plugin : No plugin found (libnccl-net.so), using internal implementation
c197-031:5846:5846 [2] NCCL INFO NET/Plugin : No plugin found (libnccl-net.so), using internal implementation
c197-031:5847:5847 [3] NCCL INFO NET/Plugin : No plugin found (libnccl-net.so), using internal implementation
c196-072:11919:11919 [3] NCCL INFO NET/IB : Using [0]mlx4_0:1/IB [RO]; OOB ib0:192.168.44.114<0>
c196-072:11919:11919 [3] NCCL INFO Using network IB
c196-072:11918:11918 [2] NCCL INFO NET/IB : Using [0]mlx4_0:1/IB [RO]; OOB ib0:192.168.44.114<0>
c196-072:11918:11918 [2] NCCL INFO Using network IB
c197-012:19911:19911 [2] NCCL INFO Bootstrap : Using ib0:192.168.44.124<0>
c196-091:15161:15161 [0] NCCL INFO Bootstrap : Using ib0:192.168.44.117<0>
c197-012:19911:19911 [2] NCCL INFO NET/Plugin : No plugin found (libnccl-net.so), using internal implementation
c196-091:15162:15162 [1] NCCL INFO Bootstrap : Using ib0:192.168.44.117<0>
c197-031:5847:5847 [3] NCCL INFO NET/IB : Using [0]mlx4_0:1/IB [RO]; OOB ib0:192.168.44.127<0>
c197-031:5847:5847 [3] NCCL INFO Using network IB
c197-031:5846:5846 [2] NCCL INFO NET/IB : Using [0]mlx4_0:1/IB [RO]; OOB ib0:192.168.44.127<0>
c197-031:5846:5846 [2] NCCL INFO Using network IB
c196-091:15161:15161 [0] NCCL INFO NET/Plugin : No plugin found (libnccl-net.so), using internal implementation
c196-091:15162:15162 [1] NCCL INFO NET/Plugin : No plugin found (libnccl-net.so), using internal implementation
c196-112:2762:2762 [1] NCCL INFO Bootstrap : Using ib0:192.168.44.122<0>
c196-112:2762:2762 [1] NCCL INFO NET/Plugin : No plugin found (libnccl-net.so), using internal implementation
c197-012:19911:19911 [2] NCCL INFO NET/IB : Using [0]mlx4_0:1/IB [RO]; OOB ib0:192.168.44.124<0>
c197-012:19911:19911 [2] NCCL INFO Using network IB
c196-112:2762:2762 [1] NCCL INFO NET/IB : Using [0]mlx4_0:1/IB [RO]; OOB ib0:192.168.44.122<0>
c196-112:2762:2762 [1] NCCL INFO Using network IB
c196-091:15162:15162 [1] NCCL INFO NET/IB : Using [0]mlx4_0:1/IB [RO]; OOB ib0:192.168.44.117<0>
c196-091:15162:15162 [1] NCCL INFO Using network IB
c196-091:15161:15161 [0] NCCL INFO NET/IB : Using [0]mlx4_0:1/IB [RO]; OOB ib0:192.168.44.117<0>
c196-091:15161:15161 [0] NCCL INFO Using network IB
c197-012:19912:19912 [3] NCCL INFO Bootstrap : Using ib0:192.168.44.124<0>
c197-012:19912:19912 [3] NCCL INFO NET/Plugin : No plugin found (libnccl-net.so), using internal implementation
c196-112:2761:2761 [0] NCCL INFO Bootstrap : Using ib0:192.168.44.122<0>
c196-112:2761:2761 [0] NCCL INFO NET/Plugin : No plugin found (libnccl-net.so), using internal implementation
c197-012:19912:19912 [3] NCCL INFO NET/IB : Using [0]mlx4_0:1/IB [RO]; OOB ib0:192.168.44.124<0>
c197-012:19912:19912 [3] NCCL INFO Using network IB
c196-072:11917:11917 [1] NCCL INFO Bootstrap : Using ib0:192.168.44.114<0>
c196-112:2761:2761 [0] NCCL INFO NET/IB : Using [0]mlx4_0:1/IB [RO]; OOB ib0:192.168.44.122<0>
c196-112:2761:2761 [0] NCCL INFO Using network IB
c196-072:11916:11916 [0] NCCL INFO Bootstrap : Using ib0:192.168.44.114<0>
c196-072:11916:11916 [0] NCCL INFO NET/Plugin : No plugin found (libnccl-net.so), using internal implementation
c196-072:11917:11917 [1] NCCL INFO NET/Plugin : No plugin found (libnccl-net.so), using internal implementation
c196-082:2300:2300 [3] NCCL INFO Bootstrap : Using ib0:192.168.44.116<0>
c196-082:2299:2299 [2] NCCL INFO Bootstrap : Using ib0:192.168.44.116<0>
c196-072:11916:11916 [0] NCCL INFO NET/IB : Using [0]mlx4_0:1/IB [RO]; OOB ib0:192.168.44.114<0>
c196-072:11916:11916 [0] NCCL INFO Using network IB
c196-072:11917:11917 [1] NCCL INFO NET/IB : Using [0]mlx4_0:1/IB [RO]; OOB ib0:192.168.44.114<0>
c196-072:11917:11917 [1] NCCL INFO Using network IB
c196-082:2299:2299 [2] NCCL INFO NET/Plugin : No plugin found (libnccl-net.so), using internal implementation
c196-082:2300:2300 [3] NCCL INFO NET/Plugin : No plugin found (libnccl-net.so), using internal implementation
c196-102:25571:25571 [2] NCCL INFO Bootstrap : Using ib0:192.168.44.120<0>
c196-102:25572:25572 [3] NCCL INFO Bootstrap : Using ib0:192.168.44.120<0>
c197-031:5844:5844 [0] NCCL INFO Bootstrap : Using ib0:192.168.44.127<0>
c196-102:25572:25572 [3] NCCL INFO NET/Plugin : No plugin found (libnccl-net.so), using internal implementation
c196-102:25571:25571 [2] NCCL INFO NET/Plugin : No plugin found (libnccl-net.so), using internal implementation
c197-031:5844:5844 [0] NCCL INFO NET/Plugin : No plugin found (libnccl-net.so), using internal implementation
c197-031:5844:5844 [0] NCCL INFO NET/IB : Using [0]mlx4_0:1/IB [RO]; OOB ib0:192.168.44.127<0>
c197-031:5844:5844 [0] NCCL INFO Using network IB
c197-011:6180:6180 [0] NCCL INFO Bootstrap : Using ib0:192.168.44.123<0>
c197-011:6181:6181 [1] NCCL INFO Bootstrap : Using ib0:192.168.44.123<0>
c197-011:6180:6180 [0] NCCL INFO NET/Plugin : No plugin found (libnccl-net.so), using internal implementation
c197-011:6181:6181 [1] NCCL INFO NET/Plugin : No plugin found (libnccl-net.so), using internal implementation
c196-082:2297:2297 [0] NCCL INFO Bootstrap : Using ib0:192.168.44.116<0>
c196-082:2298:2298 [1] NCCL INFO Bootstrap : Using ib0:192.168.44.116<0>
c196-082:2297:2297 [0] NCCL INFO NET/Plugin : No plugin found (libnccl-net.so), using internal implementation
c196-102:25570:25570 [1] NCCL INFO Bootstrap : Using ib0:192.168.44.120<0>
c196-082:2298:2298 [1] NCCL INFO NET/Plugin : No plugin found (libnccl-net.so), using internal implementation
c196-102:25570:25570 [1] NCCL INFO NET/Plugin : No plugin found (libnccl-net.so), using internal implementation
c196-101:1908:1908 [3] NCCL INFO Bootstrap : Using ib0:192.168.44.119<0>
c196-082:2300:2300 [3] NCCL INFO NET/IB : Using [0]mlx4_0:1/IB [RO]; OOB ib0:192.168.44.116<0>
c196-082:2300:2300 [3] NCCL INFO Using network IB
c196-092:25157:25157 [2] NCCL INFO Bootstrap : Using ib0:192.168.44.118<0>
c196-101:1907:1907 [2] NCCL INFO Bootstrap : Using ib0:192.168.44.119<0>
c197-031:5845:5845 [1] NCCL INFO Bootstrap : Using ib0:192.168.44.127<0>
c196-082:2299:2299 [2] NCCL INFO NET/IB : Using [0]mlx4_0:1/IB [RO]; OOB ib0:192.168.44.116<0>
c196-082:2299:2299 [2] NCCL INFO Using network IB
c196-092:25158:25158 [3] NCCL INFO Bootstrap : Using ib0:192.168.44.118<0>
c197-031:5845:5845 [1] NCCL INFO NET/Plugin : No plugin found (libnccl-net.so), using internal implementation
c196-101:1906:1906 [1] NCCL INFO Bootstrap : Using ib0:192.168.44.119<0>
c196-111:29429:29429 [2] NCCL INFO Bootstrap : Using ib0:192.168.44.121<0>
c196-101:1907:1907 [2] NCCL INFO NET/Plugin : No plugin found (libnccl-net.so), using internal implementation
c196-102:25572:25572 [3] NCCL INFO NET/IB : Using [0]mlx4_0:1/IB [RO]; OOB ib0:192.168.44.120<0>
c196-102:25572:25572 [3] NCCL INFO Using network IB
c196-111:29427:29427 [0] NCCL INFO Bootstrap : Using ib0:192.168.44.121<0>
c196-092:25157:25157 [2] NCCL INFO NET/Plugin : No plugin found (libnccl-net.so), using internal implementation
c196-101:1908:1908 [3] NCCL INFO NET/Plugin : No plugin found (libnccl-net.so), using internal implementation
c196-102:25571:25571 [2] NCCL INFO NET/IB : Using [0]mlx4_0:1/IB [RO]; OOB ib0:192.168.44.120<0>
c196-102:25571:25571 [2] NCCL INFO Using network IB
c196-111:29430:29430 [3] NCCL INFO Bootstrap : Using ib0:192.168.44.121<0>
c196-092:25158:25158 [3] NCCL INFO NET/Plugin : No plugin found (libnccl-net.so), using internal implementation
c196-101:1906:1906 [1] NCCL INFO NET/Plugin : No plugin found (libnccl-net.so), using internal implementation
c196-111:29427:29427 [0] NCCL INFO NET/Plugin : No plugin found (libnccl-net.so), using internal implementation
c196-111:29429:29429 [2] NCCL INFO NET/Plugin : No plugin found (libnccl-net.so), using internal implementation
c196-111:29430:29430 [3] NCCL INFO NET/Plugin : No plugin found (libnccl-net.so), using internal implementation
c196-102:25570:25570 [1] NCCL INFO NET/IB : Using [0]mlx4_0:1/IB [RO]; OOB ib0:192.168.44.120<0>
c196-102:25570:25570 [1] NCCL INFO Using network IB
c196-082:2298:2298 [1] NCCL INFO NET/IB : Using [0]mlx4_0:1/IB [RO]; OOB ib0:192.168.44.116<0>
c196-082:2298:2298 [1] NCCL INFO Using network IB
c196-082:2297:2297 [0] NCCL INFO NET/IB : Using [0]mlx4_0:1/IB [RO]; OOB ib0:192.168.44.116<0>
c196-082:2297:2297 [0] NCCL INFO Using network IB
c197-031:5845:5845 [1] NCCL INFO NET/IB : Using [0]mlx4_0:1/IB [RO]; OOB ib0:192.168.44.127<0>
c197-031:5845:5845 [1] NCCL INFO Using network IB
c197-011:6180:6180 [0] NCCL INFO NET/IB : Using [0]mlx4_0:1/IB [RO]; OOB ib0:192.168.44.123<0>
c197-011:6180:6180 [0] NCCL INFO Using network IB
c197-011:6181:6181 [1] NCCL INFO NET/IB : Using [0]mlx4_0:1/IB [RO]; OOB ib0:192.168.44.123<0>
c197-011:6181:6181 [1] NCCL INFO Using network IB
c197-011:6183:6183 [3] NCCL INFO Bootstrap : Using ib0:192.168.44.123<0>
c197-011:6183:6183 [3] NCCL INFO NET/Plugin : No plugin found (libnccl-net.so), using internal implementation
c196-102:25569:25569 [0] NCCL INFO Bootstrap : Using ib0:192.168.44.120<0>
c196-102:25569:25569 [0] NCCL INFO NET/Plugin : No plugin found (libnccl-net.so), using internal implementation
c197-011:6183:6183 [3] NCCL INFO NET/IB : Using [0]mlx4_0:1/IB [RO]; OOB ib0:192.168.44.123<0>
c197-011:6183:6183 [3] NCCL INFO Using network IB
c196-092:25157:25157 [2] NCCL INFO NET/IB : Using [0]mlx4_0:1/IB [RO]; OOB ib0:192.168.44.118<0>
c196-092:25157:25157 [2] NCCL INFO Using network IB
c196-092:25158:25158 [3] NCCL INFO NET/IB : Using [0]mlx4_0:1/IB [RO]; OOB ib0:192.168.44.118<0>
c196-092:25158:25158 [3] NCCL INFO Using network IB
c196-092:25155:25155 [0] NCCL INFO Bootstrap : Using ib0:192.168.44.118<0>
c196-101:1907:1907 [2] NCCL INFO NET/IB : Using [0]mlx4_0:1/IB [RO]; OOB ib0:192.168.44.119<0>
c196-101:1907:1907 [2] NCCL INFO Using network IB
c196-101:1906:1906 [1] NCCL INFO NET/IB : Using [0]mlx4_0:1/IB [RO]; OOB ib0:192.168.44.119<0>
c196-101:1906:1906 [1] NCCL INFO Using network IB
c196-092:25155:25155 [0] NCCL INFO NET/Plugin : No plugin found (libnccl-net.so), using internal implementation
c196-101:1908:1908 [3] NCCL INFO NET/IB : Using [0]mlx4_0:1/IB [RO]; OOB ib0:192.168.44.119<0>
c196-101:1908:1908 [3] NCCL INFO Using network IB
c196-101:1905:1905 [0] NCCL INFO Bootstrap : Using ib0:192.168.44.119<0>
c196-101:1905:1905 [0] NCCL INFO NET/Plugin : No plugin found (libnccl-net.so), using internal implementation
c196-102:25569:25569 [0] NCCL INFO NET/IB : Using [0]mlx4_0:1/IB [RO]; OOB ib0:192.168.44.120<0>
c196-102:25569:25569 [0] NCCL INFO Using network IB
c196-101:1905:1905 [0] NCCL INFO NET/IB : Using [0]mlx4_0:1/IB [RO]; OOB ib0:192.168.44.119<0>
c196-101:1905:1905 [0] NCCL INFO Using network IB
c196-092:25156:25156 [1] NCCL INFO Bootstrap : Using ib0:192.168.44.118<0>
c196-092:25156:25156 [1] NCCL INFO NET/Plugin : No plugin found (libnccl-net.so), using internal implementation
c196-111:29428:29428 [1] NCCL INFO Bootstrap : Using ib0:192.168.44.121<0>
c197-011:6182:6182 [2] NCCL INFO Bootstrap : Using ib0:192.168.44.123<0>
c196-111:29428:29428 [1] NCCL INFO NET/Plugin : No plugin found (libnccl-net.so), using internal implementation
c197-011:6182:6182 [2] NCCL INFO NET/Plugin : No plugin found (libnccl-net.so), using internal implementation
c197-022:4077:4077 [1] NCCL INFO Bootstrap : Using ib0:192.168.44.126<0>
c196-092:25155:25155 [0] NCCL INFO NET/IB : Using [0]mlx4_0:1/IB [RO]; OOB ib0:192.168.44.118<0>
c196-092:25155:25155 [0] NCCL INFO Using network IB
c197-022:4078:4078 [2] NCCL INFO Bootstrap : Using ib0:192.168.44.126<0>
c197-022:4079:4079 [3] NCCL INFO Bootstrap : Using ib0:192.168.44.126<0>
c197-022:4077:4077 [1] NCCL INFO NET/Plugin : No plugin found (libnccl-net.so), using internal implementation
c197-022:4078:4078 [2] NCCL INFO NET/Plugin : No plugin found (libnccl-net.so), using internal implementation
c197-022:4079:4079 [3] NCCL INFO NET/Plugin : No plugin found (libnccl-net.so), using internal implementation
c197-011:6182:6182 [2] NCCL INFO NET/IB : Using [0]mlx4_0:1/IB [RO]; OOB ib0:192.168.44.123<0>
c197-011:6182:6182 [2] NCCL INFO Using network IB
c196-092:25156:25156 [1] NCCL INFO NET/IB : Using [0]mlx4_0:1/IB [RO]; OOB ib0:192.168.44.118<0>
c196-092:25156:25156 [1] NCCL INFO Using network IB
c196-111:29430:29430 [3] NCCL INFO NET/IB : Using [0]mlx4_0:1/IB [RO]; OOB ib0:192.168.44.121<0>
c196-111:29430:29430 [3] NCCL INFO Using network IB
c196-111:29429:29429 [2] NCCL INFO NET/IB : Using [0]mlx4_0:1/IB [RO]; OOB ib0:192.168.44.121<0>
c196-111:29429:29429 [2] NCCL INFO Using network IB
c196-111:29427:29427 [0] NCCL INFO NET/IB : Using [0]mlx4_0:1/IB [RO]; OOB ib0:192.168.44.121<0>
c196-111:29427:29427 [0] NCCL INFO Using network IB
c196-111:29428:29428 [1] NCCL INFO NET/IB : Using [0]mlx4_0:1/IB [RO]; OOB ib0:192.168.44.121<0>
c196-111:29428:29428 [1] NCCL INFO Using network IB
c197-022:4078:4078 [2] NCCL INFO NET/IB : Using [0]mlx4_0:1/IB [RO]; OOB ib0:192.168.44.126<0>
c197-022:4078:4078 [2] NCCL INFO Using network IB
c197-022:4077:4077 [1] NCCL INFO NET/IB : Using [0]mlx4_0:1/IB [RO]; OOB ib0:192.168.44.126<0>
c197-022:4077:4077 [1] NCCL INFO Using network IB
c197-022:4079:4079 [3] NCCL INFO NET/IB : Using [0]mlx4_0:1/IB [RO]; OOB ib0:192.168.44.126<0>
c197-022:4079:4079 [3] NCCL INFO Using network IB
c197-021:21647:21647 [2] NCCL INFO Bootstrap : Using ib0:192.168.44.125<0>
c197-021:21647:21647 [2] NCCL INFO NET/Plugin : No plugin found (libnccl-net.so), using internal implementation
c197-021:21648:21648 [3] NCCL INFO Bootstrap : Using ib0:192.168.44.125<0>
c197-021:21648:21648 [3] NCCL INFO NET/Plugin : No plugin found (libnccl-net.so), using internal implementation
c197-021:21647:21647 [2] NCCL INFO NET/IB : Using [0]mlx4_0:1/IB [RO]; OOB ib0:192.168.44.125<0>
c197-021:21647:21647 [2] NCCL INFO Using network IB
c197-021:21648:21648 [3] NCCL INFO NET/IB : Using [0]mlx4_0:1/IB [RO]; OOB ib0:192.168.44.125<0>
c197-021:21648:21648 [3] NCCL INFO Using network IB
c197-032:14746:14746 [2] NCCL INFO Bootstrap : Using ib0:192.168.44.128<0>
c197-032:14747:14747 [3] NCCL INFO Bootstrap : Using ib0:192.168.44.128<0>
c197-032:14746:14746 [2] NCCL INFO NET/Plugin : No plugin found (libnccl-net.so), using internal implementation
c197-032:14747:14747 [3] NCCL INFO NET/Plugin : No plugin found (libnccl-net.so), using internal implementation
c197-032:14745:14745 [1] NCCL INFO Bootstrap : Using ib0:192.168.44.128<0>
c197-032:14745:14745 [1] NCCL INFO NET/Plugin : No plugin found (libnccl-net.so), using internal implementation
c197-032:14747:14747 [3] NCCL INFO NET/IB : Using [0]mlx4_0:1/IB [RO]; OOB ib0:192.168.44.128<0>
c197-032:14747:14747 [3] NCCL INFO Using network IB
c197-032:14745:14745 [1] NCCL INFO NET/IB : Using [0]mlx4_0:1/IB [RO]; OOB ib0:192.168.44.128<0>
c197-032:14745:14745 [1] NCCL INFO Using network IB
c197-032:14746:14746 [2] NCCL INFO NET/IB : Using [0]mlx4_0:1/IB [RO]; OOB ib0:192.168.44.128<0>
c197-032:14746:14746 [2] NCCL INFO Using network IB
c197-032:14744:14744 [0] NCCL INFO Bootstrap : Using ib0:192.168.44.128<0>
c197-032:14744:14744 [0] NCCL INFO NET/Plugin : No plugin found (libnccl-net.so), using internal implementation
c197-032:14744:14744 [0] NCCL INFO NET/IB : Using [0]mlx4_0:1/IB [RO]; OOB ib0:192.168.44.128<0>
c197-032:14744:14744 [0] NCCL INFO Using network IB
c197-021:21645:21645 [0] NCCL INFO Bootstrap : Using ib0:192.168.44.125<0>
c197-021:21646:21646 [1] NCCL INFO Bootstrap : Using ib0:192.168.44.125<0>
c197-021:21645:21645 [0] NCCL INFO NET/Plugin : No plugin found (libnccl-net.so), using internal implementation
c197-021:21646:21646 [1] NCCL INFO NET/Plugin : No plugin found (libnccl-net.so), using internal implementation
c197-021:21646:21646 [1] NCCL INFO NET/IB : Using [0]mlx4_0:1/IB [RO]; OOB ib0:192.168.44.125<0>
c197-021:21646:21646 [1] NCCL INFO Using network IB
c197-021:21645:21645 [0] NCCL INFO NET/IB : Using [0]mlx4_0:1/IB [RO]; OOB ib0:192.168.44.125<0>
c197-021:21645:21645 [0] NCCL INFO Using network IB
c196-071:7822:7854 [0] NCCL INFO Setting affinity for GPU 0 to 0f000f
c196-071:7824:7861 [2] NCCL INFO Setting affinity for GPU 2 to 0f000f00
c196-071:7825:7859 [3] NCCL INFO Setting affinity for GPU 3 to f000f000
c196-071:7823:7863 [1] NCCL INFO Setting affinity for GPU 1 to f000f0
c196-081:9203:9237 [2] NCCL INFO Setting affinity for GPU 2 to 0f00
c196-112:2764:2795 [3] NCCL INFO Setting affinity for GPU 3 to f000f000
c196-091:15164:15197 [3] NCCL INFO Setting affinity for GPU 3 to f000f000
c197-012:19911:19947 [2] NCCL INFO Setting affinity for GPU 2 to 0f000f00
c196-092:25157:25191 [2] NCCL INFO Setting affinity for GPU 2 to 0f000f00
c196-082:2300:2332 [3] NCCL INFO Setting affinity for GPU 3 to f000f000
c196-092:25158:25192 [3] NCCL INFO Setting affinity for GPU 3 to f000f000
c196-072:11918:11952 [2] NCCL INFO Setting affinity for GPU 2 to 0f000f00
c196-112:2761:2801 [0] NCCL INFO Setting affinity for GPU 0 to 0f000f
c197-032:14747:14779 [3] NCCL INFO Setting affinity for GPU 3 to f000f000
c196-112:2763:2797 [2] NCCL INFO Setting affinity for GPU 2 to 0f000f00
c196-102:25572:25605 [3] NCCL INFO Setting affinity for GPU 3 to f000f000
c197-021:21648:21681 [3] NCCL INFO Setting affinity for GPU 3 to f000f000
c196-111:29427:29465 [0] NCCL INFO Setting affinity for GPU 0 to 0f000f
c197-031:5844:5882 [0] NCCL INFO Setting affinity for GPU 0 to 0f000f
c196-111:29430:29462 [3] NCCL INFO Setting affinity for GPU 3 to f000f000
c196-112:2762:2799 [1] NCCL INFO Setting affinity for GPU 1 to f000f0
c197-012:19909:19945 [0] NCCL INFO Setting affinity for GPU 0 to 0f000f
c196-101:1906:1943 [1] NCCL INFO Setting affinity for GPU 1 to f000f0
c196-081:9201:9240 [0] NCCL INFO Setting affinity for GPU 0 to 0f
c197-011:6180:6215 [0] NCCL INFO Setting affinity for GPU 0 to 0f000f
c197-012:19910:19943 [1] NCCL INFO Setting affinity for GPU 1 to f000f0
c196-101:1907:1941 [2] NCCL INFO Setting affinity for GPU 2 to 0f000f00
c196-101:1908:1942 [3] NCCL INFO Setting affinity for GPU 3 to f000f000
c197-031:5847:5879 [3] NCCL INFO Setting affinity for GPU 3 to f000f000
c197-012:19912:19949 [3] NCCL INFO Setting affinity for GPU 3 to f000f000
c197-032:14744:14784 [0] NCCL INFO Setting affinity for GPU 0 to 0f000f
c196-081:9202:9241 [1] NCCL INFO Setting affinity for GPU 1 to f0
c196-081:9204:9235 [3] NCCL INFO Setting affinity for GPU 3 to f000
c196-111:29428:29467 [1] NCCL INFO Setting affinity for GPU 1 to f000f0
c196-092:25155:25194 [0] NCCL INFO Setting affinity for GPU 0 to 0f000f
c196-111:29429:29464 [2] NCCL INFO Setting affinity for GPU 2 to 0f000f00
c197-032:14746:14782 [2] NCCL INFO Setting affinity for GPU 2 to 0f000f00
c196-092:25156:25196 [1] NCCL INFO Setting affinity for GPU 1 to f000f0
c196-102:25569:25609 [0] NCCL INFO Setting affinity for GPU 0 to 0f000f
c197-031:5845:5884 [1] NCCL INFO Setting affinity for GPU 1 to f000f0
c197-031:5846:5880 [2] NCCL INFO Setting affinity for GPU 2 to 0f000f00
c197-032:14745:14781 [1] NCCL INFO Setting affinity for GPU 1 to f000f0
c197-011:6181:6216 [1] NCCL INFO Setting affinity for GPU 1 to f000f0
c196-091:15161:15201 [0] NCCL INFO Setting affinity for GPU 0 to 0f000f
c197-011:6182:6220 [2] NCCL INFO Setting affinity for GPU 2 to 0f000f00
c196-102:25570:25607 [1] NCCL INFO Setting affinity for GPU 1 to f000f0
c196-082:2299:2333 [2] NCCL INFO Setting affinity for GPU 2 to 0f000f00
c196-102:25571:25604 [2] NCCL INFO Setting affinity for GPU 2 to 0f000f00
c196-082:2297:2337 [0] NCCL INFO Setting affinity for GPU 0 to 0f000f
c196-082:2298:2336 [1] NCCL INFO Setting affinity for GPU 1 to f000f0
c196-101:1905:1945 [0] NCCL INFO Setting affinity for GPU 0 to 0f000f
c197-022:4076:4184 [0] NCCL INFO Setting affinity for GPU 0 to 0f000f
c197-011:6183:6218 [3] NCCL INFO Setting affinity for GPU 3 to f000f000
c196-091:15162:15200 [1] NCCL INFO Setting affinity for GPU 1 to f000f0
c196-091:15163:15195 [2] NCCL INFO Setting affinity for GPU 2 to 0f000f00
c197-021:21645:21685 [0] NCCL INFO Setting affinity for GPU 0 to 0f000f
c196-072:11916:11955 [0] NCCL INFO Setting affinity for GPU 0 to 0f000f
c196-072:11917:11956 [1] NCCL INFO Setting affinity for GPU 1 to f000f0
c197-022:4077:4189 [1] NCCL INFO Setting affinity for GPU 1 to f000f0
c196-072:11919:11950 [3] NCCL INFO Setting affinity for GPU 3 to f000f000
c197-022:4078:4187 [2] NCCL INFO Setting affinity for GPU 2 to 0f000f00
c197-021:21647:21679 [2] NCCL INFO Setting affinity for GPU 2 to 0f000f00
c197-022:4079:4190 [3] NCCL INFO Setting affinity for GPU 3 to f000f000
c197-021:21646:21684 [1] NCCL INFO Setting affinity for GPU 1 to f000f0
c197-012:19911:19947 [2] NCCL INFO Trees [0] 47/-1/-1->46->45 [1] 47/-1/-1->46->45
c197-021:21645:21685 [0] NCCL INFO Trees [0] 49/56/-1->48->32 [1] 49/-1/-1->48->52
c197-012:19912:19949 [3] NCCL INFO Trees [0] -1/-1/-1->47->46 [1] -1/-1/-1->47->46
c197-021:21647:21679 [2] NCCL INFO Trees [0] 51/-1/-1->50->49 [1] 51/-1/-1->50->49
c197-012:19910:19943 [1] NCCL INFO Trees [0] 46/-1/-1->45->44 [1] 46/52/-1->45->44
c197-011:6183:6218 [3] NCCL INFO Trees [0] -1/-1/-1->43->42 [1] -1/-1/-1->43->42
c197-021:21648:21681 [3] NCCL INFO Trees [0] -1/-1/-1->51->50 [1] -1/-1/-1->51->50
c197-012:19909:19945 [0] NCCL INFO Trees [0] 45/-1/-1->44->40 [1] 45/36/-1->44->29
c197-011:6182:6220 [2] NCCL INFO Trees [0] 43/-1/-1->42->41 [1] 43/-1/-1->42->41
c197-021:21646:21684 [1] NCCL INFO Trees [0] 50/40/-1->49->48 [1] 50/-1/-1->49->48
c197-011:6181:6216 [1] NCCL INFO Trees [0] 42/36/-1->41->40 [1] 42/-1/-1->41->40
c197-011:6180:6215 [0] NCCL INFO Trees [0] 41/44/-1->40->49 [1] 41/-1/-1->40->37
c196-112:2762:2799 [1] NCCL INFO Trees [0] 38/-1/-1->37->36 [1] 38/40/-1->37->36
c196-112:2763:2797 [2] NCCL INFO Trees [0] 39/-1/-1->38->37 [1] 39/-1/-1->38->37
c196-111:29429:29464 [2] NCCL INFO Trees [0] 35/-1/-1->34->33 [1] 35/-1/-1->34->33
c196-102:25570:25607 [1] NCCL INFO Trees [0] 30/-1/-1->29->28 [1] 30/44/-1->29->28
c196-112:2764:2795 [3] NCCL INFO Trees [0] -1/-1/-1->39->38 [1] -1/-1/-1->39->38
c196-111:29430:29462 [3] NCCL INFO Trees [0] -1/-1/-1->35->34 [1] -1/-1/-1->35->34
c197-022:4076:4184 [0] NCCL INFO Trees [0] 53/-1/-1->52->57 [1] 53/48/-1->52->45
c196-071:7822:7854 [0] NCCL INFO Channel 00/02 :    0   1   2   3   4   5   6   7   8   9  10  11  12  13  14  15  16  17  18  19
c196-071:7822:7854 [0] NCCL INFO Channel 01/02 :    0   1   2   3   4   5   6   7   8   9  10  11  12  13  14  15  16  17  18  19
c196-082:2298:2336 [1] NCCL INFO Trees [0] 14/-1/-1->13->12 [1] 14/20/-1->13->12
c196-091:15163:15195 [2] NCCL INFO Trees [0] 19/-1/-1->18->17 [1] 19/-1/-1->18->17
c196-092:25158:25192 [3] NCCL INFO Trees [0] -1/-1/-1->23->22 [1] -1/-1/-1->23->22
c196-101:1906:1943 [1] NCCL INFO Trees [0] 26/20/-1->25->24 [1] 26/-1/-1->25->24
c196-102:25571:25604 [2] NCCL INFO Trees [0] 31/-1/-1->30->29 [1] 31/-1/-1->30->29
c196-112:2761:2801 [0] NCCL INFO Trees [0] 37/-1/-1->36->41 [1] 37/32/-1->36->44
c196-111:29428:29467 [1] NCCL INFO Trees [0] 34/16/-1->33->32 [1] 34/-1/-1->33->32
c197-022:4077:4189 [1] NCCL INFO Trees [0] 54/-1/-1->53->52 [1] 54/56/-1->53->52
c197-031:5844:5882 [0] NCCL INFO Trees [0] 57/60/-1->56->48 [1] 57/-1/-1->56->53
c197-032:14744:14784 [0] NCCL INFO Trees [0] 61/-1/-1->60->56 [1] 61/28/-1->60->-1
c196-071:7822:7854 [0] NCCL INFO Trees [0] 1/32/-1->0->-1 [1] 1/-1/-1->0->4
c196-081:9202:9241 [1] NCCL INFO Trees [0] 10/4/-1->9->8 [1] 10/-1/-1->9->8
c196-072:11918:11952 [2] NCCL INFO Trees [0] 7/-1/-1->6->5 [1] 7/-1/-1->6->5
c196-082:2299:2333 [2] NCCL INFO Trees [0] 15/-1/-1->14->13 [1] 15/-1/-1->14->13
c196-091:15164:15197 [3] NCCL INFO Trees [0] -1/-1/-1->19->18 [1] -1/-1/-1->19->18
c196-092:25155:25194 [0] NCCL INFO Trees [0] 21/-1/-1->20->25 [1] 21/16/-1->20->13
c196-101:1907:1941 [2] NCCL INFO Trees [0] 27/-1/-1->26->25 [1] 27/-1/-1->26->25
c196-102:25572:25605 [3] NCCL INFO Trees [0] -1/-1/-1->31->30 [1] -1/-1/-1->31->30
c196-111:29427:29465 [0] NCCL INFO Trees [0] 33/48/-1->32->0 [1] 33/-1/-1->32->36
c197-022:4078:4187 [2] NCCL INFO Trees [0] 55/-1/-1->54->53 [1] 55/-1/-1->54->53
c197-031:5845:5884 [1] NCCL INFO Trees [0] 58/52/-1->57->56 [1] 58/-1/-1->57->56
c197-032:14745:14781 [1] NCCL INFO Trees [0] 62/-1/-1->61->60 [1] 62/-1/-1->61->60
c196-071:7823:7863 [1] NCCL INFO Trees [0] 2/-1/-1->1->0 [1] 2/-1/-1->1->0
c196-081:9203:9237 [2] NCCL INFO Trees [0] 11/-1/-1->10->9 [1] 11/-1/-1->10->9
c196-072:11919:11950 [3] NCCL INFO Trees [0] -1/-1/-1->7->6 [1] -1/-1/-1->7->6
c196-082:2300:2332 [3] NCCL INFO Trees [0] -1/-1/-1->15->14 [1] -1/-1/-1->15->14
c196-091:15162:15200 [1] NCCL INFO Trees [0] 18/8/-1->17->16 [1] 18/-1/-1->17->16
c196-092:25156:25196 [1] NCCL INFO Trees [0] 22/-1/-1->21->20 [1] 22/24/-1->21->20
c196-101:1908:1942 [3] NCCL INFO Trees [0] -1/-1/-1->27->26 [1] -1/-1/-1->27->26
c196-102:25569:25609 [0] NCCL INFO Trees [0] 29/-1/-1->28->24 [1] 29/12/-1->28->60
c197-022:4079:4190 [3] NCCL INFO Trees [0] -1/-1/-1->55->54 [1] -1/-1/-1->55->54
c197-031:5846:5880 [2] NCCL INFO Trees [0] 59/-1/-1->58->57 [1] 59/-1/-1->58->57
c197-032:14746:14782 [2] NCCL INFO Trees [0] 63/-1/-1->62->61 [1] 63/-1/-1->62->61
c196-071:7824:7861 [2] NCCL INFO Trees [0] 3/-1/-1->2->1 [1] 3/-1/-1->2->1
c196-081:9204:9235 [3] NCCL INFO Trees [0] -1/-1/-1->11->10 [1] -1/-1/-1->11->10
c196-072:11917:11956 [1] NCCL INFO Trees [0] 6/-1/-1->5->4 [1] 6/8/-1->5->4
c196-082:2297:2337 [0] NCCL INFO Trees [0] 13/-1/-1->12->8 [1] 13/4/-1->12->28
c196-091:15161:15201 [0] NCCL INFO Trees [0] 17/24/-1->16->33 [1] 17/-1/-1->16->20
c196-092:25157:25191 [2] NCCL INFO Trees [0] 23/-1/-1->22->21 [1] 23/-1/-1->22->21
c196-101:1905:1945 [0] NCCL INFO Trees [0] 25/28/-1->24->16 [1] 25/-1/-1->24->21
c197-031:5847:5879 [3] NCCL INFO Trees [0] -1/-1/-1->59->58 [1] -1/-1/-1->59->58
c197-032:14747:14779 [3] NCCL INFO Trees [0] -1/-1/-1->63->62 [1] -1/-1/-1->63->62
c196-071:7825:7859 [3] NCCL INFO Trees [0] -1/-1/-1->3->2 [1] -1/-1/-1->3->2
c196-081:9201:9240 [0] NCCL INFO Trees [0] 9/12/-1->8->17 [1] 9/-1/-1->8->5
c196-072:11916:11955 [0] NCCL INFO Trees [0] 5/-1/-1->4->9 [1] 5/0/-1->4->12
c197-012:19909:19945 [0] NCCL INFO Channel 00/0 : 43[83000] -> 44[2000] [receive] via NET/IB/0
c197-021:21645:21685 [0] NCCL INFO Channel 00/0 : 47[83000] -> 48[2000] [receive] via NET/IB/0
c197-011:6180:6215 [0] NCCL INFO Channel 00/0 : 39[83000] -> 40[2000] [receive] via NET/IB/0
c196-112:2761:2801 [0] NCCL INFO Channel 00/0 : 35[83000] -> 36[2000] [receive] via NET/IB/0
c196-111:29427:29465 [0] NCCL INFO Channel 00/0 : 31[83000] -> 32[2000] [receive] via NET/IB/0
c197-032:14744:14784 [0] NCCL INFO Channel 00/0 : 59[83000] -> 60[2000] [receive] via NET/IB/0
c196-081:9201:9240 [0] NCCL INFO Channel 00/0 : 7[83000] -> 8[2000] [receive] via NET/IB/0
c196-092:25155:25194 [0] NCCL INFO Channel 00/0 : 19[83000] -> 20[2000] [receive] via NET/IB/0
c197-022:4076:4184 [0] NCCL INFO Channel 00/0 : 51[83000] -> 52[2000] [receive] via NET/IB/0
c196-091:15161:15201 [0] NCCL INFO Channel 00/0 : 15[83000] -> 16[2000] [receive] via NET/IB/0
c196-101:1905:1945 [0] NCCL INFO Channel 00/0 : 23[83000] -> 24[2000] [receive] via NET/IB/0
c196-102:25569:25609 [0] NCCL INFO Channel 00/0 : 27[83000] -> 28[2000] [receive] via NET/IB/0
c197-031:5844:5882 [0] NCCL INFO Channel 00/0 : 55[83000] -> 56[2000] [receive] via NET/IB/0
c196-072:11916:11955 [0] NCCL INFO Channel 00/0 : 3[83000] -> 4[2000] [receive] via NET/IB/0
c196-082:2297:2337 [0] NCCL INFO Channel 00/0 : 11[83000] -> 12[2000] [receive] via NET/IB/0
c196-071:7822:7854 [0] NCCL INFO Channel 00/0 : 63[83000] -> 0[2000] [receive] via NET/IB/0
c197-012:19911:19947 [2] NCCL INFO Channel 00 : 46[82000] -> 47[83000] via direct shared memory
c197-012:19910:19943 [1] NCCL INFO Channel 00 : 45[3000] -> 46[82000] via direct shared memory
c197-012:19911:19947 [2] NCCL INFO Channel 01 : 46[82000] -> 47[83000] via direct shared memory
c197-012:19910:19943 [1] NCCL INFO Channel 01 : 45[3000] -> 46[82000] via direct shared memory
c196-081:9203:9237 [2] NCCL INFO Channel 00 : 10[82000] -> 11[83000] via direct shared memory
c196-081:9203:9237 [2] NCCL INFO Channel 01 : 10[82000] -> 11[83000] via direct shared memory
c196-081:9202:9241 [1] NCCL INFO Channel 00 : 9[3000] -> 10[82000] via direct shared memory
c196-081:9202:9241 [1] NCCL INFO Channel 01 : 9[3000] -> 10[82000] via direct shared memory
c196-111:29429:29464 [2] NCCL INFO Channel 00 : 34[82000] -> 35[83000] via direct shared memory
c196-091:15163:15195 [2] NCCL INFO Channel 00 : 18[82000] -> 19[83000] via direct shared memory
c196-092:25157:25191 [2] NCCL INFO Channel 00 : 22[82000] -> 23[83000] via direct shared memory
c196-102:25571:25604 [2] NCCL INFO Channel 00 : 30[82000] -> 31[83000] via direct shared memory
c196-091:15163:15195 [2] NCCL INFO Channel 01 : 18[82000] -> 19[83000] via direct shared memory
c196-101:1907:1941 [2] NCCL INFO Channel 00 : 26[82000] -> 27[83000] via direct shared memory
c196-102:25571:25604 [2] NCCL INFO Channel 01 : 30[82000] -> 31[83000] via direct shared memory
c196-111:29429:29464 [2] NCCL INFO Channel 01 : 34[82000] -> 35[83000] via direct shared memory
c196-092:25157:25191 [2] NCCL INFO Channel 01 : 22[82000] -> 23[83000] via direct shared memory
c196-101:1907:1941 [2] NCCL INFO Channel 01 : 26[82000] -> 27[83000] via direct shared memory
c196-112:2763:2797 [2] NCCL INFO Channel 00 : 38[82000] -> 39[83000] via direct shared memory
c196-111:29428:29467 [1] NCCL INFO Channel 00 : 33[3000] -> 34[82000] via direct shared memory
c197-011:6182:6220 [2] NCCL INFO Channel 00 : 42[82000] -> 43[83000] via direct shared memory
c196-112:2762:2799 [1] NCCL INFO Channel 00 : 37[3000] -> 38[82000] via direct shared memory
c196-111:29428:29467 [1] NCCL INFO Channel 01 : 33[3000] -> 34[82000] via direct shared memory
c197-031:5846:5880 [2] NCCL INFO Channel 00 : 58[82000] -> 59[83000] via direct shared memory
c196-092:25156:25196 [1] NCCL INFO Channel 00 : 21[3000] -> 22[82000] via direct shared memory
c196-112:2763:2797 [2] NCCL INFO Channel 01 : 38[82000] -> 39[83000] via direct shared memory
c197-011:6181:6216 [1] NCCL INFO Channel 00 : 41[3000] -> 42[82000] via direct shared memory
c197-022:4078:4187 [2] NCCL INFO Channel 00 : 54[82000] -> 55[83000] via direct shared memory
c197-031:5845:5884 [1] NCCL INFO Channel 00 : 57[3000] -> 58[82000] via direct shared memory
c196-082:2299:2333 [2] NCCL INFO Channel 00 : 14[82000] -> 15[83000] via direct shared memory
c196-092:25156:25196 [1] NCCL INFO Channel 01 : 21[3000] -> 22[82000] via direct shared memory
c196-112:2762:2799 [1] NCCL INFO Channel 01 : 37[3000] -> 38[82000] via direct shared memory
c197-011:6182:6220 [2] NCCL INFO Channel 01 : 42[82000] -> 43[83000] via direct shared memory
c197-022:4077:4189 [1] NCCL INFO Channel 00 : 53[3000] -> 54[82000] via direct shared memory
c197-031:5846:5880 [2] NCCL INFO Channel 01 : 58[82000] -> 59[83000] via direct shared memory
c197-032:14745:14781 [1] NCCL INFO Channel 00 : 61[3000] -> 62[82000] via direct shared memory
c196-072:11918:11952 [2] NCCL INFO Channel 00 : 6[82000] -> 7[83000] via direct shared memory
c196-082:2298:2336 [1] NCCL INFO Channel 00 : 13[3000] -> 14[82000] via direct shared memory
c196-091:15162:15200 [1] NCCL INFO Channel 00 : 17[3000] -> 18[82000] via direct shared memory
c196-102:25570:25607 [1] NCCL INFO Channel 00 : 29[3000] -> 30[82000] via direct shared memory
c197-011:6181:6216 [1] NCCL INFO Channel 01 : 41[3000] -> 42[82000] via direct shared memory
c197-021:21647:21679 [2] NCCL INFO Channel 00 : 50[82000] -> 51[83000] via direct shared memory
c197-022:4078:4187 [2] NCCL INFO Channel 01 : 54[82000] -> 55[83000] via direct shared memory
c197-031:5845:5884 [1] NCCL INFO Channel 01 : 57[3000] -> 58[82000] via direct shared memory
c197-032:14746:14782 [2] NCCL INFO Channel 00 : 62[82000] -> 63[83000] via direct shared memory
c196-072:11918:11952 [2] NCCL INFO Channel 01 : 6[82000] -> 7[83000] via direct shared memory
c196-082:2299:2333 [2] NCCL INFO Channel 01 : 14[82000] -> 15[83000] via direct shared memory
c196-091:15162:15200 [1] NCCL INFO Channel 01 : 17[3000] -> 18[82000] via direct shared memory
c196-102:25570:25607 [1] NCCL INFO Channel 01 : 29[3000] -> 30[82000] via direct shared memory
c197-021:21646:21684 [1] NCCL INFO Channel 00 : 49[3000] -> 50[82000] via direct shared memory
c197-022:4077:4189 [1] NCCL INFO Channel 01 : 53[3000] -> 54[82000] via direct shared memory
c197-032:14745:14781 [1] NCCL INFO Channel 01 : 61[3000] -> 62[82000] via direct shared memory
c196-072:11917:11956 [1] NCCL INFO Channel 00 : 5[3000] -> 6[82000] via direct shared memory
c196-082:2298:2336 [1] NCCL INFO Channel 01 : 13[3000] -> 14[82000] via direct shared memory
c196-101:1906:1943 [1] NCCL INFO Channel 00 : 25[3000] -> 26[82000] via direct shared memory
c197-021:21647:21679 [2] NCCL INFO Channel 01 : 50[82000] -> 51[83000] via direct shared memory
c197-032:14746:14782 [2] NCCL INFO Channel 01 : 62[82000] -> 63[83000] via direct shared memory
c196-072:11917:11956 [1] NCCL INFO Channel 01 : 5[3000] -> 6[82000] via direct shared memory
c196-101:1906:1943 [1] NCCL INFO Channel 01 : 25[3000] -> 26[82000] via direct shared memory
c197-021:21646:21684 [1] NCCL INFO Channel 01 : 49[3000] -> 50[82000] via direct shared memory
c197-012:19912:19949 [3] NCCL INFO Channel 00/0 : 47[83000] -> 48[2000] [send] via NET/IB/0
c196-071:7823:7863 [1] NCCL INFO Channel 00 : 1[3000] -> 2[82000] via direct shared memory
c196-081:9204:9235 [3] NCCL INFO Channel 00/0 : 11[83000] -> 12[2000] [send] via NET/IB/0
c196-071:7823:7863 [1] NCCL INFO Channel 01 : 1[3000] -> 2[82000] via direct shared memory
c196-071:7824:7861 [2] NCCL INFO Channel 00 : 2[82000] -> 3[83000] via direct shared memory
c196-071:7824:7861 [2] NCCL INFO Channel 01 : 2[82000] -> 3[83000] via direct shared memory
c196-111:29430:29462 [3] NCCL INFO Channel 00/0 : 35[83000] -> 36[2000] [send] via NET/IB/0
c196-091:15164:15197 [3] NCCL INFO Channel 00/0 : 19[83000] -> 20[2000] [send] via NET/IB/0
c196-102:25572:25605 [3] NCCL INFO Channel 00/0 : 31[83000] -> 32[2000] [send] via NET/IB/0
c196-112:2764:2795 [3] NCCL INFO Channel 00/0 : 39[83000] -> 40[2000] [send] via NET/IB/0
c196-101:1908:1942 [3] NCCL INFO Channel 00/0 : 27[83000] -> 28[2000] [send] via NET/IB/0
c196-092:25158:25192 [3] NCCL INFO Channel 00/0 : 23[83000] -> 24[2000] [send] via NET/IB/0
c197-011:6183:6218 [3] NCCL INFO Channel 00/0 : 43[83000] -> 44[2000] [send] via NET/IB/0
c197-022:4079:4190 [3] NCCL INFO Channel 00/0 : 55[83000] -> 56[2000] [send] via NET/IB/0
c197-031:5847:5879 [3] NCCL INFO Channel 00/0 : 59[83000] -> 60[2000] [send] via NET/IB/0
c196-082:2300:2332 [3] NCCL INFO Channel 00/0 : 15[83000] -> 16[2000] [send] via NET/IB/0
c196-072:11919:11950 [3] NCCL INFO Channel 00/0 : 7[83000] -> 8[2000] [send] via NET/IB/0
c197-021:21648:21681 [3] NCCL INFO Channel 00/0 : 51[83000] -> 52[2000] [send] via NET/IB/0
c197-032:14747:14779 [3] NCCL INFO Channel 00/0 : 63[83000] -> 0[2000] [send] via NET/IB/0
c196-071:7825:7859 [3] NCCL INFO Channel 00/0 : 3[83000] -> 4[2000] [send] via NET/IB/0
c197-012:19909:19945 [0] NCCL INFO Channel 01/0 : 43[83000] -> 44[2000] [receive] via NET/IB/0
