c196-092:28870:28870 [2] NCCL INFO comm 0x2b275e000010 rank 14 nranks 32 cudaDev 2 busId 82000 - Destroy COMPLETE
c196-111:12765:12765 [2] NCCL INFO comm 0x2ad5c545a010 rank 26 nranks 32 cudaDev 2 busId 82000 - Destroy COMPLETE
c196-081:20248:20248 [1] NCCL INFO comm 0x2b802e000010 rank 1 nranks 32 cudaDev 1 busId 3000 - Destroy COMPLETE
c196-102:4755:4755 [1] NCCL INFO comm 0x2ad98e000010 rank 21 nranks 32 cudaDev 1 busId 3000 - Destroy COMPLETE
c196-081:20247:20247 [0] NCCL INFO comm 0x2b5495be3010 rank 0 nranks 32 cudaDev 0 busId 2000 - Destroy COMPLETE
c196-112:32554:32554 [0] NCCL INFO comm 0x2abaddcc0010 rank 28 nranks 32 cudaDev 0 busId 2000 - Destroy COMPLETE
c196-112:32555:32555 [1] NCCL INFO comm 0x2b0e6e000010 rank 29 nranks 32 cudaDev 1 busId 3000 - Destroy COMPLETE
c196-082:7427:7427 [0] NCCL INFO comm 0x2b2932000010 rank 4 nranks 32 cudaDev 0 busId 2000 - Destroy COMPLETE
c196-091:6012:6012 [1] NCCL INFO comm 0x2afd5e000010 rank 9 nranks 32 cudaDev 1 busId 3000 - Destroy COMPLETE
c196-101:13804:13804 [1] NCCL INFO comm 0x2adbfe201010 rank 17 nranks 32 cudaDev 1 busId 3000 - Destroy COMPLETE
c196-101:13803:13803 [0] NCCL INFO comm 0x2ae080000010 rank 16 nranks 32 cudaDev 0 busId 2000 - Destroy COMPLETE
c196-111:12764:12764 [1] NCCL INFO comm 0x2b65de000010 rank 25 nranks 32 cudaDev 1 busId 3000 - Destroy COMPLETE
c196-092:28869:28869 [1] NCCL INFO comm 0x2b931e402010 rank 13 nranks 32 cudaDev 1 busId 3000 - Destroy COMPLETE
c196-102:4754:4754 [0] NCCL INFO comm 0x2ba96e000010 rank 20 nranks 32 cudaDev 0 busId 2000 - Destroy COMPLETE
c196-082:7428:7428 [1] NCCL INFO comm 0x2b80fdb6e010 rank 5 nranks 32 cudaDev 1 busId 3000 - Destroy COMPLETE
c196-091:6011:6011 [0] NCCL INFO comm 0x2afa1df92010 rank 8 nranks 32 cudaDev 0 busId 2000 - Destroy COMPLETE
c196-092:28868:28868 [0] NCCL INFO comm 0x2b6e5e000010 rank 12 nranks 32 cudaDev 0 busId 2000 - Destroy COMPLETE
c196-111:12763:12763 [0] NCCL INFO comm 0x2b855df55010 rank 24 nranks 32 cudaDev 0 busId 2000 - Destroy COMPLETE
# Out of bounds values : 0 OK
# Avg bus bandwidth    : 2.67834 
#
c196-082:7430:7430 [3] NCCL INFO comm 0x2ad7e1c3d010 rank 7 nranks 32 cudaDev 3 busId 83000 - Destroy COMPLETE
c196-081:20250:20250 [3] NCCL INFO comm 0x2ba8f2216010 rank 3 nranks 32 cudaDev 3 busId 83000 - Destroy COMPLETE
c196-112:32557:32557 [3] NCCL INFO comm 0x2b362e000010 rank 31 nranks 32 cudaDev 3 busId 83000 - Destroy COMPLETE
c196-091:6014:6014 [3] NCCL INFO comm 0x2b5452000010 rank 11 nranks 32 cudaDev 3 busId 83000 - Destroy COMPLETE
c196-102:4757:4757 [3] NCCL INFO comm 0x2ae6fe000010 rank 23 nranks 32 cudaDev 3 busId 83000 - Destroy COMPLETE
c196-111:12766:12766 [3] NCCL INFO comm 0x2b176e000010 rank 27 nranks 32 cudaDev 3 busId 83000 - Destroy COMPLETE
c196-101:13806:13806 [3] NCCL INFO comm 0x2b0b70000010 rank 19 nranks 32 cudaDev 3 busId 83000 - Destroy COMPLETE
c196-092:28871:28871 [3] NCCL INFO comm 0x2ac455259010 rank 15 nranks 32 cudaDev 3 busId 83000 - Destroy COMPLETE

TACC:  Shutdown complete. Exiting. 
TACC:  Starting up job 6169811 
TACC:  Starting parallel tasks... 
# nThread 1 nGpus 1 minBytes 1048576 maxBytes 268435456 step: 2(factor) warmup iters: 5 iters: 60 agg iters: 1 validation: 1 graph: 0
#
# Using devices
#  Rank  0 Group  0 Pid  20384 on   c196-081 device  0 [0x02] Quadro RTX 5000
#  Rank  1 Group  0 Pid  20385 on   c196-081 device  1 [0x03] Quadro RTX 5000
#  Rank  2 Group  0 Pid  20386 on   c196-081 device  2 [0x82] Quadro RTX 5000
#  Rank  3 Group  0 Pid  20387 on   c196-081 device  3 [0x83] Quadro RTX 5000
#  Rank  4 Group  0 Pid   7605 on   c196-082 device  0 [0x02] Quadro RTX 5000
#  Rank  5 Group  0 Pid   7606 on   c196-082 device  1 [0x03] Quadro RTX 5000
#  Rank  6 Group  0 Pid   7607 on   c196-082 device  2 [0x82] Quadro RTX 5000
#  Rank  7 Group  0 Pid   7608 on   c196-082 device  3 [0x83] Quadro RTX 5000
#  Rank  8 Group  0 Pid   6149 on   c196-091 device  0 [0x02] Quadro RTX 5000
#  Rank  9 Group  0 Pid   6150 on   c196-091 device  1 [0x03] Quadro RTX 5000
#  Rank 10 Group  0 Pid   6151 on   c196-091 device  2 [0x82] Quadro RTX 5000
#  Rank 11 Group  0 Pid   6152 on   c196-091 device  3 [0x83] Quadro RTX 5000
#  Rank 12 Group  0 Pid  29005 on   c196-092 device  0 [0x02] Quadro RTX 5000
#  Rank 13 Group  0 Pid  29006 on   c196-092 device  1 [0x03] Quadro RTX 5000
#  Rank 14 Group  0 Pid  29007 on   c196-092 device  2 [0x82] Quadro RTX 5000
#  Rank 15 Group  0 Pid  29008 on   c196-092 device  3 [0x83] Quadro RTX 5000
#  Rank 16 Group  0 Pid  13940 on   c196-101 device  0 [0x02] Quadro RTX 5000
#  Rank 17 Group  0 Pid  13941 on   c196-101 device  1 [0x03] Quadro RTX 5000
#  Rank 18 Group  0 Pid  13942 on   c196-101 device  2 [0x82] Quadro RTX 5000
#  Rank 19 Group  0 Pid  13943 on   c196-101 device  3 [0x83] Quadro RTX 5000
#  Rank 20 Group  0 Pid   4894 on   c196-102 device  0 [0x02] Quadro RTX 5000
#  Rank 21 Group  0 Pid   4895 on   c196-102 device  1 [0x03] Quadro RTX 5000
#  Rank 22 Group  0 Pid   4896 on   c196-102 device  2 [0x82] Quadro RTX 5000
#  Rank 23 Group  0 Pid   4897 on   c196-102 device  3 [0x83] Quadro RTX 5000
#  Rank 24 Group  0 Pid  12901 on   c196-111 device  0 [0x02] Quadro RTX 5000
#  Rank 25 Group  0 Pid  12902 on   c196-111 device  1 [0x03] Quadro RTX 5000
#  Rank 26 Group  0 Pid  12903 on   c196-111 device  2 [0x82] Quadro RTX 5000
#  Rank 27 Group  0 Pid  12904 on   c196-111 device  3 [0x83] Quadro RTX 5000
#  Rank 28 Group  0 Pid  32692 on   c196-112 device  0 [0x02] Quadro RTX 5000
#  Rank 29 Group  0 Pid  32693 on   c196-112 device  1 [0x03] Quadro RTX 5000
#  Rank 30 Group  0 Pid  32694 on   c196-112 device  2 [0x82] Quadro RTX 5000
#  Rank 31 Group  0 Pid  32695 on   c196-112 device  3 [0x83] Quadro RTX 5000
The MSCCL XML file exists: /home1/09168/ldai1/ccl-build/msccl_tools_lyd/examples/xml/xml_lyd/recursive_doubling/allreduce_recursive_doubling_2ch_32chunk.xml
c196-081:20384:20384 [0] NCCL INFO Bootstrap : Using ib0:192.168.44.115<0>
c196-081:20384:20384 [0] NCCL INFO NET/Plugin : No plugin found (libnccl-net.so), using internal implementation
c196-081:20384:20384 [0] NCCL INFO NET/IB : Using [0]mlx4_0:1/IB [RO]; OOB ib0:192.168.44.115<0>
c196-081:20384:20384 [0] NCCL INFO Using network IB
NCCL version 2.12.12.MSCCL.0.7.4+cuda11.3
c196-081:20386:20386 [2] NCCL INFO Bootstrap : Using ib0:192.168.44.115<0>
c196-081:20387:20387 [3] NCCL INFO Bootstrap : Using ib0:192.168.44.115<0>
c196-081:20386:20386 [2] NCCL INFO NET/Plugin : No plugin found (libnccl-net.so), using internal implementation
c196-081:20387:20387 [3] NCCL INFO NET/Plugin : No plugin found (libnccl-net.so), using internal implementation
c196-081:20386:20386 [2] NCCL INFO NET/IB : Using [0]mlx4_0:1/IB [RO]; OOB ib0:192.168.44.115<0>
c196-081:20386:20386 [2] NCCL INFO Using network IB
c196-081:20387:20387 [3] NCCL INFO NET/IB : Using [0]mlx4_0:1/IB [RO]; OOB ib0:192.168.44.115<0>
c196-081:20387:20387 [3] NCCL INFO Using network IB
c196-081:20385:20385 [1] NCCL INFO Bootstrap : Using ib0:192.168.44.115<0>
c196-081:20385:20385 [1] NCCL INFO NET/Plugin : No plugin found (libnccl-net.so), using internal implementation
c196-081:20385:20385 [1] NCCL INFO NET/IB : Using [0]mlx4_0:1/IB [RO]; OOB ib0:192.168.44.115<0>
c196-081:20385:20385 [1] NCCL INFO Using network IB
c196-102:4896:4896 [2] NCCL INFO Bootstrap : Using ib0:192.168.44.120<0>
c196-102:4896:4896 [2] NCCL INFO NET/Plugin : No plugin found (libnccl-net.so), using internal implementation
c196-102:4896:4896 [2] NCCL INFO NET/IB : Using [0]mlx4_0:1/IB [RO]; OOB ib0:192.168.44.120<0>
c196-102:4896:4896 [2] NCCL INFO Using network IB
c196-102:4897:4897 [3] NCCL INFO Bootstrap : Using ib0:192.168.44.120<0>
c196-102:4897:4897 [3] NCCL INFO NET/Plugin : No plugin found (libnccl-net.so), using internal implementation
c196-102:4897:4897 [3] NCCL INFO NET/IB : Using [0]mlx4_0:1/IB [RO]; OOB ib0:192.168.44.120<0>
c196-102:4897:4897 [3] NCCL INFO Using network IB
c196-102:4895:4895 [1] NCCL INFO Bootstrap : Using ib0:192.168.44.120<0>
c196-102:4895:4895 [1] NCCL INFO NET/Plugin : No plugin found (libnccl-net.so), using internal implementation
c196-102:4895:4895 [1] NCCL INFO NET/IB : Using [0]mlx4_0:1/IB [RO]; OOB ib0:192.168.44.120<0>
c196-102:4895:4895 [1] NCCL INFO Using network IB
c196-102:4894:4894 [0] NCCL INFO Bootstrap : Using ib0:192.168.44.120<0>
c196-102:4894:4894 [0] NCCL INFO NET/Plugin : No plugin found (libnccl-net.so), using internal implementation
c196-102:4894:4894 [0] NCCL INFO NET/IB : Using [0]mlx4_0:1/IB [RO]; OOB ib0:192.168.44.120<0>
c196-102:4894:4894 [0] NCCL INFO Using network IB
c196-101:13942:13942 [2] NCCL INFO Bootstrap : Using ib0:192.168.44.119<0>
c196-101:13942:13942 [2] NCCL INFO NET/Plugin : No plugin found (libnccl-net.so), using internal implementation
c196-101:13942:13942 [2] NCCL INFO NET/IB : Using [0]mlx4_0:1/IB [RO]; OOB ib0:192.168.44.119<0>
c196-101:13942:13942 [2] NCCL INFO Using network IB
c196-101:13943:13943 [3] NCCL INFO Bootstrap : Using ib0:192.168.44.119<0>
c196-101:13943:13943 [3] NCCL INFO NET/Plugin : No plugin found (libnccl-net.so), using internal implementation
c196-092:29007:29007 [2] NCCL INFO Bootstrap : Using ib0:192.168.44.118<0>
c196-092:29007:29007 [2] NCCL INFO NET/Plugin : No plugin found (libnccl-net.so), using internal implementation
c196-101:13943:13943 [3] NCCL INFO NET/IB : Using [0]mlx4_0:1/IB [RO]; OOB ib0:192.168.44.119<0>
c196-101:13943:13943 [3] NCCL INFO Using network IB
c196-101:13940:13940 [0] NCCL INFO Bootstrap : Using ib0:192.168.44.119<0>
c196-092:29007:29007 [2] NCCL INFO NET/IB : Using [0]mlx4_0:1/IB [RO]; OOB ib0:192.168.44.118<0>
c196-092:29007:29007 [2] NCCL INFO Using network IB
c196-101:13940:13940 [0] NCCL INFO NET/Plugin : No plugin found (libnccl-net.so), using internal implementation
c196-101:13940:13940 [0] NCCL INFO NET/IB : Using [0]mlx4_0:1/IB [RO]; OOB ib0:192.168.44.119<0>
c196-101:13940:13940 [0] NCCL INFO Using network IB
c196-101:13941:13941 [1] NCCL INFO Bootstrap : Using ib0:192.168.44.119<0>
c196-101:13941:13941 [1] NCCL INFO NET/Plugin : No plugin found (libnccl-net.so), using internal implementation
c196-092:29008:29008 [3] NCCL INFO Bootstrap : Using ib0:192.168.44.118<0>
c196-092:29008:29008 [3] NCCL INFO NET/Plugin : No plugin found (libnccl-net.so), using internal implementation
c196-101:13941:13941 [1] NCCL INFO NET/IB : Using [0]mlx4_0:1/IB [RO]; OOB ib0:192.168.44.119<0>
c196-101:13941:13941 [1] NCCL INFO Using network IB
c196-092:29008:29008 [3] NCCL INFO NET/IB : Using [0]mlx4_0:1/IB [RO]; OOB ib0:192.168.44.118<0>
c196-092:29008:29008 [3] NCCL INFO Using network IB
c196-092:29005:29005 [0] NCCL INFO Bootstrap : Using ib0:192.168.44.118<0>
c196-092:29006:29006 [1] NCCL INFO Bootstrap : Using ib0:192.168.44.118<0>
c196-092:29005:29005 [0] NCCL INFO NET/Plugin : No plugin found (libnccl-net.so), using internal implementation
c196-092:29006:29006 [1] NCCL INFO NET/Plugin : No plugin found (libnccl-net.so), using internal implementation
c196-082:7605:7605 [0] NCCL INFO Bootstrap : Using ib0:192.168.44.116<0>
c196-082:7607:7607 [2] NCCL INFO Bootstrap : Using ib0:192.168.44.116<0>
c196-082:7608:7608 [3] NCCL INFO Bootstrap : Using ib0:192.168.44.116<0>
c196-082:7605:7605 [0] NCCL INFO NET/Plugin : No plugin found (libnccl-net.so), using internal implementation
c196-082:7607:7607 [2] NCCL INFO NET/Plugin : No plugin found (libnccl-net.so), using internal implementation
c196-082:7608:7608 [3] NCCL INFO NET/Plugin : No plugin found (libnccl-net.so), using internal implementation
c196-092:29006:29006 [1] NCCL INFO NET/IB : Using [0]mlx4_0:1/IB [RO]; OOB ib0:192.168.44.118<0>
c196-092:29006:29006 [1] NCCL INFO Using network IB
c196-092:29005:29005 [0] NCCL INFO NET/IB : Using [0]mlx4_0:1/IB [RO]; OOB ib0:192.168.44.118<0>
c196-092:29005:29005 [0] NCCL INFO Using network IB
c196-112:32694:32694 [2] NCCL INFO Bootstrap : Using ib0:192.168.44.122<0>
c196-112:32695:32695 [3] NCCL INFO Bootstrap : Using ib0:192.168.44.122<0>
c196-112:32694:32694 [2] NCCL INFO NET/Plugin : No plugin found (libnccl-net.so), using internal implementation
c196-112:32695:32695 [3] NCCL INFO NET/Plugin : No plugin found (libnccl-net.so), using internal implementation
c196-082:7606:7606 [1] NCCL INFO Bootstrap : Using ib0:192.168.44.116<0>
c196-082:7606:7606 [1] NCCL INFO NET/Plugin : No plugin found (libnccl-net.so), using internal implementation
c196-091:6151:6151 [2] NCCL INFO Bootstrap : Using ib0:192.168.44.117<0>
c196-091:6151:6151 [2] NCCL INFO NET/Plugin : No plugin found (libnccl-net.so), using internal implementation
c196-082:7608:7608 [3] NCCL INFO NET/IB : Using [0]mlx4_0:1/IB [RO]; OOB ib0:192.168.44.116<0>
c196-082:7608:7608 [3] NCCL INFO Using network IB
c196-082:7607:7607 [2] NCCL INFO NET/IB : Using [0]mlx4_0:1/IB [RO]; OOB ib0:192.168.44.116<0>
c196-082:7607:7607 [2] NCCL INFO Using network IB
c196-082:7605:7605 [0] NCCL INFO NET/IB : Using [0]mlx4_0:1/IB [RO]; OOB ib0:192.168.44.116<0>
c196-082:7605:7605 [0] NCCL INFO Using network IB
c196-082:7606:7606 [1] NCCL INFO NET/IB : Using [0]mlx4_0:1/IB [RO]; OOB ib0:192.168.44.116<0>
c196-082:7606:7606 [1] NCCL INFO Using network IB
c196-091:6151:6151 [2] NCCL INFO NET/IB : Using [0]mlx4_0:1/IB [RO]; OOB ib0:192.168.44.117<0>
c196-091:6151:6151 [2] NCCL INFO Using network IB
c196-112:32695:32695 [3] NCCL INFO NET/IB : Using [0]mlx4_0:1/IB [RO]; OOB ib0:192.168.44.122<0>
c196-112:32695:32695 [3] NCCL INFO Using network IB
c196-112:32694:32694 [2] NCCL INFO NET/IB : Using [0]mlx4_0:1/IB [RO]; OOB ib0:192.168.44.122<0>
c196-112:32692:32692 [0] NCCL INFO Bootstrap : Using ib0:192.168.44.122<0>
c196-112:32694:32694 [2] NCCL INFO Using network IB
c196-112:32692:32692 [0] NCCL INFO NET/Plugin : No plugin found (libnccl-net.so), using internal implementation
c196-112:32692:32692 [0] NCCL INFO NET/IB : Using [0]mlx4_0:1/IB [RO]; OOB ib0:192.168.44.122<0>
c196-112:32692:32692 [0] NCCL INFO Using network IB
c196-112:32693:32693 [1] NCCL INFO Bootstrap : Using ib0:192.168.44.122<0>
c196-112:32693:32693 [1] NCCL INFO NET/Plugin : No plugin found (libnccl-net.so), using internal implementation
c196-091:6152:6152 [3] NCCL INFO Bootstrap : Using ib0:192.168.44.117<0>
c196-091:6152:6152 [3] NCCL INFO NET/Plugin : No plugin found (libnccl-net.so), using internal implementation
c196-112:32693:32693 [1] NCCL INFO NET/IB : Using [0]mlx4_0:1/IB [RO]; OOB ib0:192.168.44.122<0>
c196-112:32693:32693 [1] NCCL INFO Using network IB
c196-091:6152:6152 [3] NCCL INFO NET/IB : Using [0]mlx4_0:1/IB [RO]; OOB ib0:192.168.44.117<0>
c196-091:6152:6152 [3] NCCL INFO Using network IB
c196-091:6150:6150 [1] NCCL INFO Bootstrap : Using ib0:192.168.44.117<0>
c196-091:6149:6149 [0] NCCL INFO Bootstrap : Using ib0:192.168.44.117<0>
c196-091:6149:6149 [0] NCCL INFO NET/Plugin : No plugin found (libnccl-net.so), using internal implementation
c196-091:6150:6150 [1] NCCL INFO NET/Plugin : No plugin found (libnccl-net.so), using internal implementation
c196-111:12904:12904 [3] NCCL INFO Bootstrap : Using ib0:192.168.44.121<0>
c196-111:12904:12904 [3] NCCL INFO NET/Plugin : No plugin found (libnccl-net.so), using internal implementation
c196-111:12904:12904 [3] NCCL INFO NET/IB : Using [0]mlx4_0:1/IB [RO]; OOB ib0:192.168.44.121<0>
c196-111:12904:12904 [3] NCCL INFO Using network IB
c196-091:6149:6149 [0] NCCL INFO NET/IB : Using [0]mlx4_0:1/IB [RO]; OOB ib0:192.168.44.117<0>
c196-091:6149:6149 [0] NCCL INFO Using network IB
c196-091:6150:6150 [1] NCCL INFO NET/IB : Using [0]mlx4_0:1/IB [RO]; OOB ib0:192.168.44.117<0>
c196-091:6150:6150 [1] NCCL INFO Using network IB
c196-111:12903:12903 [2] NCCL INFO Bootstrap : Using ib0:192.168.44.121<0>
c196-111:12903:12903 [2] NCCL INFO NET/Plugin : No plugin found (libnccl-net.so), using internal implementation
c196-111:12903:12903 [2] NCCL INFO NET/IB : Using [0]mlx4_0:1/IB [RO]; OOB ib0:192.168.44.121<0>
c196-111:12903:12903 [2] NCCL INFO Using network IB
c196-111:12901:12901 [0] NCCL INFO Bootstrap : Using ib0:192.168.44.121<0>
c196-111:12902:12902 [1] NCCL INFO Bootstrap : Using ib0:192.168.44.121<0>
c196-111:12901:12901 [0] NCCL INFO NET/Plugin : No plugin found (libnccl-net.so), using internal implementation
c196-111:12902:12902 [1] NCCL INFO NET/Plugin : No plugin found (libnccl-net.so), using internal implementation
c196-111:12901:12901 [0] NCCL INFO NET/IB : Using [0]mlx4_0:1/IB [RO]; OOB ib0:192.168.44.121<0>
c196-111:12901:12901 [0] NCCL INFO Using network IB
c196-111:12902:12902 [1] NCCL INFO NET/IB : Using [0]mlx4_0:1/IB [RO]; OOB ib0:192.168.44.121<0>
c196-111:12902:12902 [1] NCCL INFO Using network IB
c196-081:20384:20415 [0] NCCL INFO Setting affinity for GPU 0 to 0f
c196-081:20386:20420 [2] NCCL INFO Setting affinity for GPU 2 to 0f00
c196-081:20387:20422 [3] NCCL INFO Setting affinity for GPU 3 to f000
c196-102:4896:4928 [2] NCCL INFO Setting affinity for GPU 2 to 0f000f00
c196-082:7607:7642 [2] NCCL INFO Setting affinity for GPU 2 to 0f000f00
c196-101:13942:13973 [2] NCCL INFO Setting affinity for GPU 2 to 0f000f00
c196-082:7608:7641 [3] NCCL INFO Setting affinity for GPU 3 to f000f000
c196-101:13943:13975 [3] NCCL INFO Setting affinity for GPU 3 to f000f000
c196-112:32694:32727 [2] NCCL INFO Setting affinity for GPU 2 to 0f000f00
c196-112:32695:32725 [3] NCCL INFO Setting affinity for GPU 3 to f000f000
c196-102:4897:4930 [3] NCCL INFO Setting affinity for GPU 3 to f000f000
c196-101:13941:13979 [1] NCCL INFO Setting affinity for GPU 1 to f000f0
c196-092:29007:29038 [2] NCCL INFO Setting affinity for GPU 2 to 0f000f00
c196-092:29008:29040 [3] NCCL INFO Setting affinity for GPU 3 to f000f000
c196-111:12902:12940 [1] NCCL INFO Setting affinity for GPU 1 to f000f0
c196-081:20385:20424 [1] NCCL INFO Setting affinity for GPU 1 to f0
c196-102:4895:4932 [1] NCCL INFO Setting affinity for GPU 1 to f000f0
c196-111:12903:12936 [2] NCCL INFO Setting affinity for GPU 2 to 0f000f00
c196-091:6151:6182 [2] NCCL INFO Setting affinity for GPU 2 to 0f000f00
c196-082:7606:7645 [1] NCCL INFO Setting affinity for GPU 1 to f000f0
c196-111:12904:12934 [3] NCCL INFO Setting affinity for GPU 3 to f000f000
c196-091:6152:6184 [3] NCCL INFO Setting affinity for GPU 3 to f000f000
c196-082:7605:7643 [0] NCCL INFO Setting affinity for GPU 0 to 0f000f
c196-112:32693:32731 [1] NCCL INFO Setting affinity for GPU 1 to f000f0
c196-092:29005:29044 [0] NCCL INFO Setting affinity for GPU 0 to 0f000f
c196-101:13940:13977 [0] NCCL INFO Setting affinity for GPU 0 to 0f000f
c196-111:12901:12939 [0] NCCL INFO Setting affinity for GPU 0 to 0f000f
c196-102:4894:4934 [0] NCCL INFO Setting affinity for GPU 0 to 0f000f
c196-092:29006:29043 [1] NCCL INFO Setting affinity for GPU 1 to f000f0
c196-091:6150:6188 [1] NCCL INFO Setting affinity for GPU 1 to f000f0
c196-112:32692:32729 [0] NCCL INFO Setting affinity for GPU 0 to 0f000f
c196-091:6149:6187 [0] NCCL INFO Setting affinity for GPU 0 to 0f000f
c196-091:6149:6187 [0] NCCL INFO Trees [0] 9/12/-1->8->17 [1] 9/-1/-1->8->5
c196-081:20384:20415 [0] NCCL INFO Channel 00/02 :    0   1   2   3   4   5   6   7   8   9  10  11  12  13  14  15  16  17  18  19
c196-081:20384:20415 [0] NCCL INFO Channel 01/02 :    0   1   2   3   4   5   6   7   8   9  10  11  12  13  14  15  16  17  18  19
c196-081:20384:20415 [0] NCCL INFO Trees [0] 1/16/-1->0->-1 [1] 1/-1/-1->0->4
c196-101:13943:13975 [3] NCCL INFO Trees [0] -1/-1/-1->19->18 [1] -1/-1/-1->19->18
c196-111:12902:12940 [1] NCCL INFO Trees [0] 26/20/-1->25->24 [1] 26/-1/-1->25->24
c196-102:4895:4932 [1] NCCL INFO Trees [0] 22/-1/-1->21->20 [1] 22/24/-1->21->20
c196-082:7607:7642 [2] NCCL INFO Trees [0] 7/-1/-1->6->5 [1] 7/-1/-1->6->5
c196-112:32692:32729 [0] NCCL INFO Trees [0] 29/-1/-1->28->24 [1] 29/12/-1->28->-1
c196-081:20385:20424 [1] NCCL INFO Trees [0] 2/-1/-1->1->0 [1] 2/-1/-1->1->0
c196-101:13942:13973 [2] NCCL INFO Trees [0] 19/-1/-1->18->17 [1] 19/-1/-1->18->17
c196-111:12903:12936 [2] NCCL INFO Trees [0] 27/-1/-1->26->25 [1] 27/-1/-1->26->25
c196-102:4896:4928 [2] NCCL INFO Trees [0] 23/-1/-1->22->21 [1] 23/-1/-1->22->21
c196-082:7608:7641 [3] NCCL INFO Trees [0] -1/-1/-1->7->6 [1] -1/-1/-1->7->6
c196-092:29006:29043 [1] NCCL INFO Trees [0] 14/-1/-1->13->12 [1] 14/20/-1->13->12
c196-091:6152:6184 [3] NCCL INFO Trees [0] -1/-1/-1->11->10 [1] -1/-1/-1->11->10
c196-112:32693:32731 [1] NCCL INFO Trees [0] 30/-1/-1->29->28 [1] 30/-1/-1->29->28
c196-081:20386:20420 [2] NCCL INFO Trees [0] 3/-1/-1->2->1 [1] 3/-1/-1->2->1
c196-101:13941:13979 [1] NCCL INFO Trees [0] 18/8/-1->17->16 [1] 18/-1/-1->17->16
c196-111:12901:12939 [0] NCCL INFO Trees [0] 25/28/-1->24->16 [1] 25/-1/-1->24->21
c196-102:4894:4934 [0] NCCL INFO Trees [0] 21/-1/-1->20->25 [1] 21/16/-1->20->13
c196-082:7605:7643 [0] NCCL INFO Trees [0] 5/-1/-1->4->9 [1] 5/0/-1->4->12
c196-092:29007:29038 [2] NCCL INFO Trees [0] 15/-1/-1->14->13 [1] 15/-1/-1->14->13
c196-091:6151:6182 [2] NCCL INFO Trees [0] 11/-1/-1->10->9 [1] 11/-1/-1->10->9
c196-112:32694:32727 [2] NCCL INFO Trees [0] 31/-1/-1->30->29 [1] 31/-1/-1->30->29
c196-081:20387:20422 [3] NCCL INFO Trees [0] -1/-1/-1->3->2 [1] -1/-1/-1->3->2
c196-101:13940:13977 [0] NCCL INFO Trees [0] 17/24/-1->16->0 [1] 17/-1/-1->16->20
c196-111:12904:12934 [3] NCCL INFO Trees [0] -1/-1/-1->27->26 [1] -1/-1/-1->27->26
c196-102:4897:4930 [3] NCCL INFO Trees [0] -1/-1/-1->23->22 [1] -1/-1/-1->23->22
c196-082:7606:7645 [1] NCCL INFO Trees [0] 6/-1/-1->5->4 [1] 6/8/-1->5->4
c196-092:29008:29040 [3] NCCL INFO Trees [0] -1/-1/-1->15->14 [1] -1/-1/-1->15->14
c196-091:6150:6188 [1] NCCL INFO Trees [0] 10/4/-1->9->8 [1] 10/-1/-1->9->8
c196-112:32695:32725 [3] NCCL INFO Trees [0] -1/-1/-1->31->30 [1] -1/-1/-1->31->30
c196-092:29005:29044 [0] NCCL INFO Trees [0] 13/-1/-1->12->8 [1] 13/4/-1->12->28
c196-081:20384:20415 [0] NCCL INFO Channel 00/0 : 31[83000] -> 0[2000] [receive] via NET/IB/0
c196-102:4894:4934 [0] NCCL INFO Channel 00/0 : 19[83000] -> 20[2000] [receive] via NET/IB/0
c196-101:13940:13977 [0] NCCL INFO Channel 00/0 : 15[83000] -> 16[2000] [receive] via NET/IB/0
c196-111:12901:12939 [0] NCCL INFO Channel 00/0 : 23[83000] -> 24[2000] [receive] via NET/IB/0
c196-082:7605:7643 [0] NCCL INFO Channel 00/0 : 3[83000] -> 4[2000] [receive] via NET/IB/0
c196-092:29005:29044 [0] NCCL INFO Channel 00/0 : 11[83000] -> 12[2000] [receive] via NET/IB/0
c196-091:6149:6187 [0] NCCL INFO Channel 00/0 : 7[83000] -> 8[2000] [receive] via NET/IB/0
c196-112:32692:32729 [0] NCCL INFO Channel 00/0 : 27[83000] -> 28[2000] [receive] via NET/IB/0
c196-081:20386:20420 [2] NCCL INFO Channel 00 : 2[82000] -> 3[83000] via direct shared memory
c196-081:20385:20424 [1] NCCL INFO Channel 00 : 1[3000] -> 2[82000] via direct shared memory
c196-081:20386:20420 [2] NCCL INFO Channel 01 : 2[82000] -> 3[83000] via direct shared memory
c196-081:20385:20424 [1] NCCL INFO Channel 01 : 1[3000] -> 2[82000] via direct shared memory
c196-111:12903:12936 [2] NCCL INFO Channel 00 : 26[82000] -> 27[83000] via direct shared memory
c196-111:12903:12936 [2] NCCL INFO Channel 01 : 26[82000] -> 27[83000] via direct shared memory
c196-082:7607:7642 [2] NCCL INFO Channel 00 : 6[82000] -> 7[83000] via direct shared memory
c196-091:6151:6182 [2] NCCL INFO Channel 00 : 10[82000] -> 11[83000] via direct shared memory
c196-112:32694:32727 [2] NCCL INFO Channel 00 : 30[82000] -> 31[83000] via direct shared memory
c196-082:7607:7642 [2] NCCL INFO Channel 01 : 6[82000] -> 7[83000] via direct shared memory
c196-112:32694:32727 [2] NCCL INFO Channel 01 : 30[82000] -> 31[83000] via direct shared memory
c196-091:6151:6182 [2] NCCL INFO Channel 01 : 10[82000] -> 11[83000] via direct shared memory
c196-082:7606:7645 [1] NCCL INFO Channel 00 : 5[3000] -> 6[82000] via direct shared memory
c196-092:29007:29038 [2] NCCL INFO Channel 00 : 14[82000] -> 15[83000] via direct shared memory
c196-082:7606:7645 [1] NCCL INFO Channel 01 : 5[3000] -> 6[82000] via direct shared memory
c196-101:13941:13979 [1] NCCL INFO Channel 00 : 17[3000] -> 18[82000] via direct shared memory
c196-101:13942:13973 [2] NCCL INFO Channel 00 : 18[82000] -> 19[83000] via direct shared memory
c196-111:12902:12940 [1] NCCL INFO Channel 00 : 25[3000] -> 26[82000] via direct shared memory
c196-101:13941:13979 [1] NCCL INFO Channel 01 : 17[3000] -> 18[82000] via direct shared memory
c196-111:12902:12940 [1] NCCL INFO Channel 01 : 25[3000] -> 26[82000] via direct shared memory
c196-092:29007:29038 [2] NCCL INFO Channel 01 : 14[82000] -> 15[83000] via direct shared memory
c196-091:6150:6188 [1] NCCL INFO Channel 00 : 9[3000] -> 10[82000] via direct shared memory
c196-101:13942:13973 [2] NCCL INFO Channel 01 : 18[82000] -> 19[83000] via direct shared memory
c196-091:6150:6188 [1] NCCL INFO Channel 01 : 9[3000] -> 10[82000] via direct shared memory
c196-092:29006:29043 [1] NCCL INFO Channel 00 : 13[3000] -> 14[82000] via direct shared memory
c196-102:4896:4928 [2] NCCL INFO Channel 00 : 22[82000] -> 23[83000] via direct shared memory
c196-102:4895:4932 [1] NCCL INFO Channel 00 : 21[3000] -> 22[82000] via direct shared memory
c196-102:4896:4928 [2] NCCL INFO Channel 01 : 22[82000] -> 23[83000] via direct shared memory
c196-092:29006:29043 [1] NCCL INFO Channel 01 : 13[3000] -> 14[82000] via direct shared memory
c196-102:4895:4932 [1] NCCL INFO Channel 01 : 21[3000] -> 22[82000] via direct shared memory
c196-112:32693:32731 [1] NCCL INFO Channel 00 : 29[3000] -> 30[82000] via direct shared memory
c196-112:32693:32731 [1] NCCL INFO Channel 01 : 29[3000] -> 30[82000] via direct shared memory
c196-081:20387:20422 [3] NCCL INFO Channel 00/0 : 3[83000] -> 4[2000] [send] via NET/IB/0
c196-111:12904:12934 [3] NCCL INFO Channel 00/0 : 27[83000] -> 28[2000] [send] via NET/IB/0
c196-082:7608:7641 [3] NCCL INFO Channel 00/0 : 7[83000] -> 8[2000] [send] via NET/IB/0
c196-091:6152:6184 [3] NCCL INFO Channel 00/0 : 11[83000] -> 12[2000] [send] via NET/IB/0
c196-092:29008:29040 [3] NCCL INFO Channel 00/0 : 15[83000] -> 16[2000] [send] via NET/IB/0
c196-112:32695:32725 [3] NCCL INFO Channel 00/0 : 31[83000] -> 0[2000] [send] via NET/IB/0
c196-101:13943:13975 [3] NCCL INFO Channel 00/0 : 19[83000] -> 20[2000] [send] via NET/IB/0
c196-102:4897:4930 [3] NCCL INFO Channel 00/0 : 23[83000] -> 24[2000] [send] via NET/IB/0
c196-111:12901:12939 [0] NCCL INFO Channel 01/0 : 23[83000] -> 24[2000] [receive] via NET/IB/0
c196-112:32692:32729 [0] NCCL INFO Channel 01/0 : 27[83000] -> 28[2000] [receive] via NET/IB/0
c196-101:13940:13977 [0] NCCL INFO Channel 01/0 : 15[83000] -> 16[2000] [receive] via NET/IB/0
c196-092:29005:29044 [0] NCCL INFO Channel 01/0 : 11[83000] -> 12[2000] [receive] via NET/IB/0
c196-081:20384:20415 [0] NCCL INFO Channel 01/0 : 31[83000] -> 0[2000] [receive] via NET/IB/0
c196-111:12901:12939 [0] NCCL INFO Channel 00 : 24[2000] -> 25[3000] via direct shared memory
c196-112:32692:32729 [0] NCCL INFO Channel 00 : 28[2000] -> 29[3000] via direct shared memory
c196-102:4894:4934 [0] NCCL INFO Channel 01/0 : 19[83000] -> 20[2000] [receive] via NET/IB/0
c196-101:13940:13977 [0] NCCL INFO Channel 00 : 16[2000] -> 17[3000] via direct shared memory
c196-111:12901:12939 [0] NCCL INFO Channel 01 : 24[2000] -> 25[3000] via direct shared memory
c196-092:29005:29044 [0] NCCL INFO Channel 00 : 12[2000] -> 13[3000] via direct shared memory
c196-112:32692:32729 [0] NCCL INFO Channel 01 : 28[2000] -> 29[3000] via direct shared memory
c196-081:20384:20415 [0] NCCL INFO Channel 00 : 0[2000] -> 1[3000] via direct shared memory
c196-101:13940:13977 [0] NCCL INFO Channel 01 : 16[2000] -> 17[3000] via direct shared memory
c196-102:4894:4934 [0] NCCL INFO Channel 00 : 20[2000] -> 21[3000] via direct shared memory
c196-092:29005:29044 [0] NCCL INFO Channel 01 : 12[2000] -> 13[3000] via direct shared memory
c196-081:20384:20415 [0] NCCL INFO Channel 01 : 0[2000] -> 1[3000] via direct shared memory
c196-102:4894:4934 [0] NCCL INFO Channel 01 : 20[2000] -> 21[3000] via direct shared memory
c196-082:7605:7643 [0] NCCL INFO Channel 01/0 : 3[83000] -> 4[2000] [receive] via NET/IB/0
c196-091:6149:6187 [0] NCCL INFO Channel 01/0 : 7[83000] -> 8[2000] [receive] via NET/IB/0
c196-082:7605:7643 [0] NCCL INFO Channel 00 : 4[2000] -> 5[3000] via direct shared memory
c196-082:7605:7643 [0] NCCL INFO Channel 01 : 4[2000] -> 5[3000] via direct shared memory
c196-091:6149:6187 [0] NCCL INFO Channel 00 : 8[2000] -> 9[3000] via direct shared memory
c196-091:6149:6187 [0] NCCL INFO Channel 01 : 8[2000] -> 9[3000] via direct shared memory
c196-081:20385:20424 [1] NCCL INFO Connected all rings
c196-101:13941:13979 [1] NCCL INFO Connected all rings
c196-111:12902:12940 [1] NCCL INFO Connected all rings
c196-102:4895:4932 [1] NCCL INFO Connected all rings
c196-112:32693:32731 [1] NCCL INFO Connected all rings
c196-092:29006:29043 [1] NCCL INFO Connected all rings
c196-082:7606:7645 [1] NCCL INFO Connected all rings
c196-091:6150:6188 [1] NCCL INFO Connected all rings
c196-101:13941:13979 [1] NCCL INFO Channel 00/0 : 8[2000] -> 17[3000] [receive] via NET/IB/0
c196-111:12902:12940 [1] NCCL INFO Channel 00/0 : 20[2000] -> 25[3000] [receive] via NET/IB/0
c196-102:4895:4932 [1] NCCL INFO Channel 01/0 : 21[3000] -> 24[2000] [send] via NET/IB/0
c196-082:7606:7645 [1] NCCL INFO Channel 01/0 : 5[3000] -> 8[2000] [send] via NET/IB/0
c196-092:29006:29043 [1] NCCL INFO Channel 01/0 : 13[3000] -> 20[2000] [send] via NET/IB/0
c196-091:6150:6188 [1] NCCL INFO Channel 00/0 : 4[2000] -> 9[3000] [receive] via NET/IB/0
c196-111:12904:12934 [3] NCCL INFO Channel 01/0 : 27[83000] -> 28[2000] [send] via NET/IB/0
c196-081:20387:20422 [3] NCCL INFO Channel 01/0 : 3[83000] -> 4[2000] [send] via NET/IB/0
c196-082:7608:7641 [3] NCCL INFO Channel 01/0 : 7[83000] -> 8[2000] [send] via NET/IB/0
c196-091:6152:6184 [3] NCCL INFO Channel 01/0 : 11[83000] -> 12[2000] [send] via NET/IB/0
c196-092:29008:29040 [3] NCCL INFO Channel 01/0 : 15[83000] -> 16[2000] [send] via NET/IB/0
c196-112:32695:32725 [3] NCCL INFO Channel 01/0 : 31[83000] -> 0[2000] [send] via NET/IB/0
c196-101:13943:13975 [3] NCCL INFO Channel 01/0 : 19[83000] -> 20[2000] [send] via NET/IB/0
c196-102:4897:4930 [3] NCCL INFO Channel 01/0 : 23[83000] -> 24[2000] [send] via NET/IB/0
c196-081:20386:20420 [2] NCCL INFO Connected all rings
c196-111:12903:12936 [2] NCCL INFO Connected all rings
c196-082:7607:7642 [2] NCCL INFO Connected all rings
c196-091:6151:6182 [2] NCCL INFO Connected all rings
c196-092:29007:29038 [2] NCCL INFO Connected all rings
c196-081:20385:20424 [1] NCCL INFO Channel 00 : 1[3000] -> 0[2000] via direct shared memory
c196-101:13942:13973 [2] NCCL INFO Connected all rings
c196-081:20385:20424 [1] NCCL INFO Channel 01 : 1[3000] -> 0[2000] via direct shared memory
c196-112:32694:32727 [2] NCCL INFO Connected all rings
c196-102:4896:4928 [2] NCCL INFO Connected all rings
c196-112:32693:32731 [1] NCCL INFO Channel 00 : 29[3000] -> 28[2000] via direct shared memory
c196-112:32693:32731 [1] NCCL INFO Channel 01 : 29[3000] -> 28[2000] via direct shared memory
c196-111:12904:12934 [3] NCCL INFO Connected all rings
c196-111:12904:12934 [3] NCCL INFO Channel 00 : 27[83000] -> 26[82000] via direct shared memory
c196-111:12904:12934 [3] NCCL INFO Channel 01 : 27[83000] -> 26[82000] via direct shared memory
c196-082:7608:7641 [3] NCCL INFO Connected all rings
c196-082:7608:7641 [3] NCCL INFO Channel 00 : 7[83000] -> 6[82000] via direct shared memory
c196-082:7608:7641 [3] NCCL INFO Channel 01 : 7[83000] -> 6[82000] via direct shared memory
c196-081:20387:20422 [3] NCCL INFO Connected all rings
c196-081:20387:20422 [3] NCCL INFO Channel 00 : 3[83000] -> 2[82000] via direct shared memory
c196-081:20387:20422 [3] NCCL INFO Channel 01 : 3[83000] -> 2[82000] via direct shared memory
c196-091:6152:6184 [3] NCCL INFO Connected all rings
c196-091:6152:6184 [3] NCCL INFO Channel 00 : 11[83000] -> 10[82000] via direct shared memory
c196-091:6152:6184 [3] NCCL INFO Channel 01 : 11[83000] -> 10[82000] via direct shared memory
c196-092:29008:29040 [3] NCCL INFO Connected all rings
c196-092:29008:29040 [3] NCCL INFO Channel 00 : 15[83000] -> 14[82000] via direct shared memory
c196-092:29008:29040 [3] NCCL INFO Channel 01 : 15[83000] -> 14[82000] via direct shared memory
c196-101:13943:13975 [3] NCCL INFO Connected all rings
c196-102:4897:4930 [3] NCCL INFO Connected all rings
c196-101:13943:13975 [3] NCCL INFO Channel 00 : 19[83000] -> 18[82000] via direct shared memory
c196-102:4897:4930 [3] NCCL INFO Channel 00 : 23[83000] -> 22[82000] via direct shared memory
c196-112:32695:32725 [3] NCCL INFO Connected all rings
c196-112:32695:32725 [3] NCCL INFO Channel 00 : 31[83000] -> 30[82000] via direct shared memory
c196-101:13943:13975 [3] NCCL INFO Channel 01 : 19[83000] -> 18[82000] via direct shared memory
c196-102:4897:4930 [3] NCCL INFO Channel 01 : 23[83000] -> 22[82000] via direct shared memory
c196-112:32695:32725 [3] NCCL INFO Channel 01 : 31[83000] -> 30[82000] via direct shared memory
c196-082:7605:7643 [0] NCCL INFO Connected all rings
c196-111:12903:12936 [2] NCCL INFO Channel 00 : 26[82000] -> 25[3000] via direct shared memory
c196-082:7607:7642 [2] NCCL INFO Channel 00 : 6[82000] -> 5[3000] via direct shared memory
c196-101:13940:13977 [0] NCCL INFO Connected all rings
c196-111:12903:12936 [2] NCCL INFO Channel 01 : 26[82000] -> 25[3000] via direct shared memory
c196-082:7607:7642 [2] NCCL INFO Channel 01 : 6[82000] -> 5[3000] via direct shared memory
c196-112:32692:32729 [0] NCCL INFO Connected all rings
c196-092:29005:29044 [0] NCCL INFO Connected all rings
c196-091:6151:6182 [2] NCCL INFO Channel 00 : 10[82000] -> 9[3000] via direct shared memory
c196-081:20384:20415 [0] NCCL INFO Connected all rings
c196-102:4894:4934 [0] NCCL INFO Connected all rings
c196-091:6151:6182 [2] NCCL INFO Channel 01 : 10[82000] -> 9[3000] via direct shared memory
c196-092:29007:29038 [2] NCCL INFO Channel 00 : 14[82000] -> 13[3000] via direct shared memory
c196-092:29007:29038 [2] NCCL INFO Channel 01 : 14[82000] -> 13[3000] via direct shared memory
c196-111:12901:12939 [0] NCCL INFO Connected all rings
c196-081:20386:20420 [2] NCCL INFO Channel 00 : 2[82000] -> 1[3000] via direct shared memory
c196-112:32694:32727 [2] NCCL INFO Channel 00 : 30[82000] -> 29[3000] via direct shared memory
c196-091:6149:6187 [0] NCCL INFO Connected all rings
c196-112:32694:32727 [2] NCCL INFO Channel 01 : 30[82000] -> 29[3000] via direct shared memory
c196-081:20386:20420 [2] NCCL INFO Channel 01 : 2[82000] -> 1[3000] via direct shared memory
c196-101:13942:13973 [2] NCCL INFO Channel 00 : 18[82000] -> 17[3000] via direct shared memory
c196-102:4896:4928 [2] NCCL INFO Channel 00 : 22[82000] -> 21[3000] via direct shared memory
c196-101:13942:13973 [2] NCCL INFO Channel 01 : 18[82000] -> 17[3000] via direct shared memory
c196-111:12904:12934 [3] NCCL INFO Connected all trees
c196-102:4896:4928 [2] NCCL INFO Channel 01 : 22[82000] -> 21[3000] via direct shared memory
c196-111:12904:12934 [3] NCCL INFO MSCCL_XML_FILES set by environment to /home1/09168/ldai1/ccl-build/msccl_tools_lyd/examples/xml/xml_lyd/recursive_doubling/allreduce_recursive_doubling_2ch_32chunk.xml
c196-111:12904:12934 [3] NCCL INFO MSCCL: Parsing algorithm /home1/09168/ldai1/ccl-build/msccl_tools_lyd/examples/xml/xml_lyd/recursive_doubling/allreduce_recursive_doubling_2ch_32chunk.xml
c196-082:7608:7641 [3] NCCL INFO Connected all trees
c196-082:7608:7641 [3] NCCL INFO MSCCL_XML_FILES set by environment to /home1/09168/ldai1/ccl-build/msccl_tools_lyd/examples/xml/xml_lyd/recursive_doubling/allreduce_recursive_doubling_2ch_32chunk.xml
c196-082:7608:7641 [3] NCCL INFO MSCCL: Parsing algorithm /home1/09168/ldai1/ccl-build/msccl_tools_lyd/examples/xml/xml_lyd/recursive_doubling/allreduce_recursive_doubling_2ch_32chunk.xml
c196-091:6152:6184 [3] NCCL INFO Connected all trees
c196-091:6152:6184 [3] NCCL INFO MSCCL_XML_FILES set by environment to /home1/09168/ldai1/ccl-build/msccl_tools_lyd/examples/xml/xml_lyd/recursive_doubling/allreduce_recursive_doubling_2ch_32chunk.xml
c196-091:6152:6184 [3] NCCL INFO MSCCL: Parsing algorithm /home1/09168/ldai1/ccl-build/msccl_tools_lyd/examples/xml/xml_lyd/recursive_doubling/allreduce_recursive_doubling_2ch_32chunk.xml
c196-092:29008:29040 [3] NCCL INFO Connected all trees
c196-092:29008:29040 [3] NCCL INFO MSCCL_XML_FILES set by environment to /home1/09168/ldai1/ccl-build/msccl_tools_lyd/examples/xml/xml_lyd/recursive_doubling/allreduce_recursive_doubling_2ch_32chunk.xml
c196-092:29008:29040 [3] NCCL INFO MSCCL: Parsing algorithm /home1/09168/ldai1/ccl-build/msccl_tools_lyd/examples/xml/xml_lyd/recursive_doubling/allreduce_recursive_doubling_2ch_32chunk.xml
c196-101:13943:13975 [3] NCCL INFO Connected all trees
c196-081:20387:20422 [3] NCCL INFO Connected all trees
c196-081:20387:20422 [3] NCCL INFO MSCCL_XML_FILES set by environment to /home1/09168/ldai1/ccl-build/msccl_tools_lyd/examples/xml/xml_lyd/recursive_doubling/allreduce_recursive_doubling_2ch_32chunk.xml
c196-081:20387:20422 [3] NCCL INFO MSCCL: Parsing algorithm /home1/09168/ldai1/ccl-build/msccl_tools_lyd/examples/xml/xml_lyd/recursive_doubling/allreduce_recursive_doubling_2ch_32chunk.xml
c196-101:13943:13975 [3] NCCL INFO MSCCL_XML_FILES set by environment to /home1/09168/ldai1/ccl-build/msccl_tools_lyd/examples/xml/xml_lyd/recursive_doubling/allreduce_recursive_doubling_2ch_32chunk.xml
c196-102:4897:4930 [3] NCCL INFO Connected all trees
c196-101:13943:13975 [3] NCCL INFO MSCCL: Parsing algorithm /home1/09168/ldai1/ccl-build/msccl_tools_lyd/examples/xml/xml_lyd/recursive_doubling/allreduce_recursive_doubling_2ch_32chunk.xml
c196-102:4897:4930 [3] NCCL INFO MSCCL_XML_FILES set by environment to /home1/09168/ldai1/ccl-build/msccl_tools_lyd/examples/xml/xml_lyd/recursive_doubling/allreduce_recursive_doubling_2ch_32chunk.xml
c196-112:32695:32725 [3] NCCL INFO Connected all trees
c196-112:32695:32725 [3] NCCL INFO MSCCL_XML_FILES set by environment to /home1/09168/ldai1/ccl-build/msccl_tools_lyd/examples/xml/xml_lyd/recursive_doubling/allreduce_recursive_doubling_2ch_32chunk.xml
c196-102:4897:4930 [3] NCCL INFO MSCCL: Parsing algorithm /home1/09168/ldai1/ccl-build/msccl_tools_lyd/examples/xml/xml_lyd/recursive_doubling/allreduce_recursive_doubling_2ch_32chunk.xml
c196-112:32695:32725 [3] NCCL INFO MSCCL: Parsing algorithm /home1/09168/ldai1/ccl-build/msccl_tools_lyd/examples/xml/xml_lyd/recursive_doubling/allreduce_recursive_doubling_2ch_32chunk.xml
c196-081:20386:20420 [2] NCCL INFO Connected all trees
c196-081:20386:20420 [2] NCCL INFO MSCCL_XML_FILES set by environment to /home1/09168/ldai1/ccl-build/msccl_tools_lyd/examples/xml/xml_lyd/recursive_doubling/allreduce_recursive_doubling_2ch_32chunk.xml
c196-081:20386:20420 [2] NCCL INFO MSCCL: Parsing algorithm /home1/09168/ldai1/ccl-build/msccl_tools_lyd/examples/xml/xml_lyd/recursive_doubling/allreduce_recursive_doubling_2ch_32chunk.xml
c196-112:32694:32727 [2] NCCL INFO Connected all trees
c196-112:32694:32727 [2] NCCL INFO MSCCL_XML_FILES set by environment to /home1/09168/ldai1/ccl-build/msccl_tools_lyd/examples/xml/xml_lyd/recursive_doubling/allreduce_recursive_doubling_2ch_32chunk.xml
c196-112:32694:32727 [2] NCCL INFO MSCCL: Parsing algorithm /home1/09168/ldai1/ccl-build/msccl_tools_lyd/examples/xml/xml_lyd/recursive_doubling/allreduce_recursive_doubling_2ch_32chunk.xml
c196-082:7605:7643 [0] NCCL INFO Channel 01/0 : 0[2000] -> 4[2000] [receive] via NET/IB/0
c196-101:13940:13977 [0] NCCL INFO Channel 01/0 : 16[2000] -> 20[2000] [send] via NET/IB/0
c196-112:32692:32729 [0] NCCL INFO Channel 00/0 : 24[2000] -> 28[2000] [receive] via NET/IB/0
c196-092:29005:29044 [0] NCCL INFO Channel 00/0 : 8[2000] -> 12[2000] [receive] via NET/IB/0
c196-081:20384:20415 [0] NCCL INFO Channel 01/0 : 0[2000] -> 4[2000] [send] via NET/IB/0
c196-102:4894:4934 [0] NCCL INFO Channel 01/0 : 16[2000] -> 20[2000] [receive] via NET/IB/0
c196-111:12901:12939 [0] NCCL INFO Channel 01/0 : 21[3000] -> 24[2000] [receive] via NET/IB/0
c196-091:6149:6187 [0] NCCL INFO Channel 01/0 : 5[3000] -> 8[2000] [receive] via NET/IB/0
c196-101:13940:13977 [0] NCCL INFO Channel 00/0 : 16[2000] -> 24[2000] [send] via NET/IB/0
c196-081:20384:20415 [0] NCCL INFO Channel 00/0 : 16[2000] -> 0[2000] [receive] via NET/IB/0
c196-082:7605:7643 [0] NCCL INFO Channel 00/0 : 4[2000] -> 9[3000] [send] via NET/IB/0
c196-111:12901:12939 [0] NCCL INFO Channel 00/0 : 24[2000] -> 28[2000] [send] via NET/IB/0
c196-102:4894:4934 [0] NCCL INFO Channel 00/0 : 20[2000] -> 25[3000] [send] via NET/IB/0
c196-102:4895:4932 [1] NCCL INFO Channel 01/0 : 24[2000] -> 21[3000] [receive] via NET/IB/0
c196-082:7606:7645 [1] NCCL INFO Channel 01/0 : 8[2000] -> 5[3000] [receive] via NET/IB/0
c196-091:6149:6187 [0] NCCL INFO Channel 00/0 : 8[2000] -> 12[2000] [send] via NET/IB/0
c196-081:20384:20415 [0] NCCL INFO Channel 00/0 : 0[2000] -> 16[2000] [send] via NET/IB/0
c196-082:7605:7643 [0] NCCL INFO Channel 01/0 : 4[2000] -> 12[2000] [send] via NET/IB/0
c196-111:12901:12939 [0] NCCL INFO Channel 00/0 : 16[2000] -> 24[2000] [receive] via NET/IB/0
c196-102:4894:4934 [0] NCCL INFO Channel 01/0 : 13[3000] -> 20[2000] [receive] via NET/IB/0
c196-091:6149:6187 [0] NCCL INFO Channel 00/0 : 8[2000] -> 17[3000] [send] via NET/IB/0
c196-112:32692:32729 [0] NCCL INFO Channel 01/0 : 12[2000] -> 28[2000] [receive] via NET/IB/0
c196-111:12902:12940 [1] NCCL INFO Channel 00/0 : 25[3000] -> 20[2000] [send] via NET/IB/0
c196-092:29005:29044 [0] NCCL INFO Channel 01/0 : 4[2000] -> 12[2000] [receive] via NET/IB/0
c196-091:6150:6188 [1] NCCL INFO Channel 00/0 : 9[3000] -> 4[2000] [send] via NET/IB/0
c196-112:32694:32727 [2] NCCL INFO Parsed MSCCL Algorithm /home1/09168/ldai1/ccl-build/msccl_tools_lyd/examples/xml/xml_lyd/recursive_doubling/allreduce_recursive_doubling_2ch_32chunk.xml successfully.
c196-081:20386:20420 [2] NCCL INFO Parsed MSCCL Algorithm /home1/09168/ldai1/ccl-build/msccl_tools_lyd/examples/xml/xml_lyd/recursive_doubling/allreduce_recursive_doubling_2ch_32chunk.xml successfully.
c196-112:32695:32725 [3] NCCL INFO Parsed MSCCL Algorithm /home1/09168/ldai1/ccl-build/msccl_tools_lyd/examples/xml/xml_lyd/recursive_doubling/allreduce_recursive_doubling_2ch_32chunk.xml successfully.
c196-081:20387:20422 [3] NCCL INFO Parsed MSCCL Algorithm /home1/09168/ldai1/ccl-build/msccl_tools_lyd/examples/xml/xml_lyd/recursive_doubling/allreduce_recursive_doubling_2ch_32chunk.xml successfully.
c196-082:7608:7641 [3] NCCL INFO Parsed MSCCL Algorithm /home1/09168/ldai1/ccl-build/msccl_tools_lyd/examples/xml/xml_lyd/recursive_doubling/allreduce_recursive_doubling_2ch_32chunk.xml successfully.
c196-112:32692:32729 [0] NCCL INFO Channel 01/0 : 28[2000] -> 12[2000] [send] via NET/IB/0
c196-102:4897:4930 [3] NCCL INFO Parsed MSCCL Algorithm /home1/09168/ldai1/ccl-build/msccl_tools_lyd/examples/xml/xml_lyd/recursive_doubling/allreduce_recursive_doubling_2ch_32chunk.xml successfully.
c196-091:6152:6184 [3] NCCL INFO Parsed MSCCL Algorithm /home1/09168/ldai1/ccl-build/msccl_tools_lyd/examples/xml/xml_lyd/recursive_doubling/allreduce_recursive_doubling_2ch_32chunk.xml successfully.
c196-101:13943:13975 [3] NCCL INFO Parsed MSCCL Algorithm /home1/09168/ldai1/ccl-build/msccl_tools_lyd/examples/xml/xml_lyd/recursive_doubling/allreduce_recursive_doubling_2ch_32chunk.xml successfully.
c196-111:12904:12934 [3] NCCL INFO Parsed MSCCL Algorithm /home1/09168/ldai1/ccl-build/msccl_tools_lyd/examples/xml/xml_lyd/recursive_doubling/allreduce_recursive_doubling_2ch_32chunk.xml successfully.
c196-092:29008:29040 [3] NCCL INFO Parsed MSCCL Algorithm /home1/09168/ldai1/ccl-build/msccl_tools_lyd/examples/xml/xml_lyd/recursive_doubling/allreduce_recursive_doubling_2ch_32chunk.xml successfully.
c196-101:13940:13977 [0] NCCL INFO Channel 00/0 : 0[2000] -> 16[2000] [receive] via NET/IB/0
c196-092:29006:29043 [1] NCCL INFO Channel 01/0 : 20[2000] -> 13[3000] [receive] via NET/IB/0
c196-091:6149:6187 [0] NCCL INFO Channel 00/0 : 17[3000] -> 8[2000] [receive] via NET/IB/0
c196-111:12901:12939 [0] NCCL INFO Channel 00/0 : 24[2000] -> 16[2000] [send] via NET/IB/0
c196-102:4894:4934 [0] NCCL INFO Channel 01/0 : 20[2000] -> 13[3000] [send] via NET/IB/0
c196-101:13941:13979 [1] NCCL INFO Channel 00/0 : 17[3000] -> 8[2000] [send] via NET/IB/0
c196-082:7605:7643 [0] NCCL INFO Channel 01/0 : 12[2000] -> 4[2000] [receive] via NET/IB/0
c196-092:29005:29044 [0] NCCL INFO Channel 01/0 : 28[2000] -> 12[2000] [receive] via NET/IB/0
c196-081:20386:20420 [2] NCCL INFO Channel 02 : 2[82000] -> 3[83000] via direct shared memory
c196-081:20386:20420 [2] NCCL INFO Channel 03 : 2[82000] -> 3[83000] via direct shared memory
c196-081:20386:20420 [2] NCCL INFO Channel 04 : 2[82000] -> 3[83000] via direct shared memory
c196-081:20386:20420 [2] NCCL INFO Channel 05 : 2[82000] -> 3[83000] via direct shared memory
c196-081:20386:20420 [2] NCCL INFO Channel 06 : 2[82000] -> 3[83000] via direct shared memory
c196-081:20386:20420 [2] NCCL INFO Channel 07 : 2[82000] -> 3[83000] via direct shared memory
c196-112:32694:32727 [2] NCCL INFO Channel 02 : 30[82000] -> 31[83000] via direct shared memory
c196-112:32694:32727 [2] NCCL INFO Channel 03 : 30[82000] -> 31[83000] via direct shared memory
c196-112:32694:32727 [2] NCCL INFO Channel 04 : 30[82000] -> 31[83000] via direct shared memory
c196-112:32694:32727 [2] NCCL INFO Channel 05 : 30[82000] -> 31[83000] via direct shared memory
c196-112:32694:32727 [2] NCCL INFO Channel 06 : 30[82000] -> 31[83000] via direct shared memory
c196-112:32694:32727 [2] NCCL INFO Channel 07 : 30[82000] -> 31[83000] via direct shared memory
c196-081:20387:20422 [3] NCCL INFO Channel 00/0 : 3[83000] -> 7[83000] [send] via NET/IB/0
c196-112:32695:32725 [3] NCCL INFO Channel 00/0 : 27[83000] -> 31[83000] [receive] via NET/IB/0
c196-101:13941:13979 [1] NCCL INFO Channel 00 : 17[3000] -> 16[2000] via direct shared memory
c196-101:13941:13979 [1] NCCL INFO Channel 01 : 17[3000] -> 16[2000] via direct shared memory
c196-092:29006:29043 [1] NCCL INFO Channel 00 : 13[3000] -> 12[2000] via direct shared memory
c196-092:29006:29043 [1] NCCL INFO Channel 01 : 13[3000] -> 12[2000] via direct shared memory
c196-101:13942:13973 [2] NCCL INFO Connected all trees
c196-101:13942:13973 [2] NCCL INFO MSCCL_XML_FILES set by environment to /home1/09168/ldai1/ccl-build/msccl_tools_lyd/examples/xml/xml_lyd/recursive_doubling/allreduce_recursive_doubling_2ch_32chunk.xml
c196-101:13942:13973 [2] NCCL INFO MSCCL: Parsing algorithm /home1/09168/ldai1/ccl-build/msccl_tools_lyd/examples/xml/xml_lyd/recursive_doubling/allreduce_recursive_doubling_2ch_32chunk.xml
c196-092:29007:29038 [2] NCCL INFO Connected all trees
c196-092:29007:29038 [2] NCCL INFO MSCCL_XML_FILES set by environment to /home1/09168/ldai1/ccl-build/msccl_tools_lyd/examples/xml/xml_lyd/recursive_doubling/allreduce_recursive_doubling_2ch_32chunk.xml
c196-092:29007:29038 [2] NCCL INFO MSCCL: Parsing algorithm /home1/09168/ldai1/ccl-build/msccl_tools_lyd/examples/xml/xml_lyd/recursive_doubling/allreduce_recursive_doubling_2ch_32chunk.xml
c196-101:13940:13977 [0] NCCL INFO Channel 00/0 : 16[2000] -> 0[2000] [send] via NET/IB/0
c196-092:29005:29044 [0] NCCL INFO Channel 01/0 : 12[2000] -> 28[2000] [send] via NET/IB/0
c196-112:32695:32725 [3] NCCL INFO Channel 01/0 : 27[83000] -> 31[83000] [receive] via NET/IB/0
c196-081:20387:20422 [3] NCCL INFO Channel 01/0 : 3[83000] -> 7[83000] [send] via NET/IB/0
c196-091:6149:6187 [0] NCCL INFO Channel 00/0 : 12[2000] -> 8[2000] [receive] via NET/IB/0
c196-102:4894:4934 [0] NCCL INFO Channel 00/0 : 25[3000] -> 20[2000] [receive] via NET/IB/0
c196-111:12902:12940 [1] NCCL INFO Channel 00 : 25[3000] -> 24[2000] via direct shared memory
c196-111:12902:12940 [1] NCCL INFO Channel 01 : 25[3000] -> 24[2000] via direct shared memory
c196-111:12903:12936 [2] NCCL INFO Connected all trees
c196-111:12903:12936 [2] NCCL INFO MSCCL_XML_FILES set by environment to /home1/09168/ldai1/ccl-build/msccl_tools_lyd/examples/xml/xml_lyd/recursive_doubling/allreduce_recursive_doubling_2ch_32chunk.xml
c196-111:12903:12936 [2] NCCL INFO MSCCL: Parsing algorithm /home1/09168/ldai1/ccl-build/msccl_tools_lyd/examples/xml/xml_lyd/recursive_doubling/allreduce_recursive_doubling_2ch_32chunk.xml
c196-112:32695:32725 [3] NCCL INFO Channel 04/0 : 27[83000] -> 31[83000] [receive] via NET/IB/0
c196-081:20387:20422 [3] NCCL INFO Channel 04/0 : 3[83000] -> 7[83000] [send] via NET/IB/0
c196-101:13940:13977 [0] NCCL INFO Channel 00/0 : 24[2000] -> 16[2000] [receive] via NET/IB/0
c196-081:20384:20415 [0] NCCL INFO Channel 01/0 : 4[2000] -> 0[2000] [receive] via NET/IB/0
c196-092:29005:29044 [0] NCCL INFO Channel 01/0 : 12[2000] -> 4[2000] [send] via NET/IB/0
c196-112:32692:32729 [0] NCCL INFO Channel 00/0 : 28[2000] -> 24[2000] [send] via NET/IB/0
c196-102:4894:4934 [0] NCCL INFO Channel 01/0 : 20[2000] -> 16[2000] [send] via NET/IB/0
c196-112:32695:32725 [3] NCCL INFO Channel 05/0 : 27[83000] -> 31[83000] [receive] via NET/IB/0
c196-081:20387:20422 [3] NCCL INFO Channel 05/0 : 3[83000] -> 7[83000] [send] via NET/IB/0
c196-101:13942:13973 [2] NCCL INFO Parsed MSCCL Algorithm /home1/09168/ldai1/ccl-build/msccl_tools_lyd/examples/xml/xml_lyd/recursive_doubling/allreduce_recursive_doubling_2ch_32chunk.xml successfully.
c196-111:12901:12939 [0] NCCL INFO Channel 00/0 : 28[2000] -> 24[2000] [receive] via NET/IB/0
c196-092:29007:29038 [2] NCCL INFO Parsed MSCCL Algorithm /home1/09168/ldai1/ccl-build/msccl_tools_lyd/examples/xml/xml_lyd/recursive_doubling/allreduce_recursive_doubling_2ch_32chunk.xml successfully.
c196-101:13940:13977 [0] NCCL INFO Channel 01/0 : 20[2000] -> 16[2000] [receive] via NET/IB/0
c196-092:29005:29044 [0] NCCL INFO Channel 00/0 : 12[2000] -> 8[2000] [send] via NET/IB/0
c196-082:7605:7643 [0] NCCL INFO Channel 00/0 : 9[3000] -> 4[2000] [receive] via NET/IB/0
c196-112:32692:32729 [0] NCCL INFO Connected all trees
