c196-081:18616:18654 [1] NCCL INFO Channel 01 : 29[3000] -> 30[82000] via direct shared memory
c196-081:18617:18658 [2] NCCL INFO Channel 00 : 30[82000] -> 31[83000] via direct shared memory
c196-081:18617:18658 [2] NCCL INFO Channel 01 : 30[82000] -> 31[83000] via direct shared memory
c196-061:5025:5056 [2] NCCL INFO Channel 00 : 14[82000] -> 15[83000] via direct shared memory
c196-061:5025:5056 [2] NCCL INFO Channel 01 : 14[82000] -> 15[83000] via direct shared memory
c196-042:14259:14295 [2] NCCL INFO Channel 00 : 2[82000] -> 3[83000] via direct shared memory
c196-051:9117:9151 [2] NCCL INFO Channel 00 : 6[82000] -> 7[83000] via direct shared memory
c196-071:17345:17382 [2] NCCL INFO Channel 00 : 22[82000] -> 23[83000] via direct shared memory
c196-051:9117:9151 [2] NCCL INFO Channel 01 : 6[82000] -> 7[83000] via direct shared memory
c196-062:9457:9491 [2] NCCL INFO Channel 00 : 18[82000] -> 19[83000] via direct shared memory
c196-072:27533:27567 [2] NCCL INFO Channel 00 : 26[82000] -> 27[83000] via direct shared memory
c196-052:31491:31523 [2] NCCL INFO Channel 00 : 10[82000] -> 11[83000] via direct shared memory
c196-071:17344:17381 [1] NCCL INFO Channel 00 : 21[3000] -> 22[82000] via direct shared memory
c196-042:14259:14295 [2] NCCL INFO Channel 01 : 2[82000] -> 3[83000] via direct shared memory
c196-062:9456:9496 [1] NCCL INFO Channel 00 : 17[3000] -> 18[82000] via direct shared memory
c196-072:27532:27570 [1] NCCL INFO Channel 00 : 25[3000] -> 26[82000] via direct shared memory
c196-052:31490:31527 [1] NCCL INFO Channel 00 : 9[3000] -> 10[82000] via direct shared memory
c196-071:17345:17382 [2] NCCL INFO Channel 01 : 22[82000] -> 23[83000] via direct shared memory
c196-042:14258:14297 [1] NCCL INFO Channel 00 : 1[3000] -> 2[82000] via direct shared memory
c196-062:9457:9491 [2] NCCL INFO Channel 01 : 18[82000] -> 19[83000] via direct shared memory
c196-072:27533:27567 [2] NCCL INFO Channel 01 : 26[82000] -> 27[83000] via direct shared memory
c196-052:31491:31523 [2] NCCL INFO Channel 01 : 10[82000] -> 11[83000] via direct shared memory
c196-071:17344:17381 [1] NCCL INFO Channel 01 : 21[3000] -> 22[82000] via direct shared memory
c196-042:14258:14297 [1] NCCL INFO Channel 01 : 1[3000] -> 2[82000] via direct shared memory
c196-062:9456:9496 [1] NCCL INFO Channel 01 : 17[3000] -> 18[82000] via direct shared memory
c196-072:27532:27570 [1] NCCL INFO Channel 01 : 25[3000] -> 26[82000] via direct shared memory
c196-052:31490:31527 [1] NCCL INFO Channel 01 : 9[3000] -> 10[82000] via direct shared memory
c196-061:5024:5060 [1] NCCL INFO Channel 00 : 13[3000] -> 14[82000] via direct shared memory
c196-061:5024:5060 [1] NCCL INFO Channel 01 : 13[3000] -> 14[82000] via direct shared memory
c196-051:9116:9153 [1] NCCL INFO Channel 00 : 5[3000] -> 6[82000] via direct shared memory
c196-051:9116:9153 [1] NCCL INFO Channel 01 : 5[3000] -> 6[82000] via direct shared memory
c196-081:18618:18648 [3] NCCL INFO Channel 00/0 : 31[83000] -> 0[2000] [send] via NET/IB/0
c196-051:9118:9150 [3] NCCL INFO Channel 00/0 : 7[83000] -> 8[2000] [send] via NET/IB/0
c196-061:5026:5058 [3] NCCL INFO Channel 00/0 : 15[83000] -> 16[2000] [send] via NET/IB/0
c196-071:17346:17380 [3] NCCL INFO Channel 00/0 : 23[83000] -> 24[2000] [send] via NET/IB/0
c196-042:14260:14294 [3] NCCL INFO Channel 00/0 : 3[83000] -> 4[2000] [send] via NET/IB/0
c196-072:27534:27564 [3] NCCL INFO Channel 00/0 : 27[83000] -> 28[2000] [send] via NET/IB/0
c196-062:9458:9492 [3] NCCL INFO Channel 00/0 : 19[83000] -> 20[2000] [send] via NET/IB/0
c196-052:31492:31528 [3] NCCL INFO Channel 00/0 : 11[83000] -> 12[2000] [send] via NET/IB/0
c196-052:31489:31526 [0] NCCL INFO Channel 01/0 : 7[83000] -> 8[2000] [receive] via NET/IB/0
c196-062:9455:9494 [0] NCCL INFO Channel 01/0 : 15[83000] -> 16[2000] [receive] via NET/IB/0
c196-062:9455:9494 [0] NCCL INFO Channel 00 : 16[2000] -> 17[3000] via direct shared memory
c196-072:27531:27568 [0] NCCL INFO Channel 01/0 : 23[83000] -> 24[2000] [receive] via NET/IB/0
c196-052:31489:31526 [0] NCCL INFO Channel 00 : 8[2000] -> 9[3000] via direct shared memory
c196-052:31489:31526 [0] NCCL INFO Channel 01 : 8[2000] -> 9[3000] via direct shared memory
c196-081:18615:18657 [0] NCCL INFO Channel 01/0 : 27[83000] -> 28[2000] [receive] via NET/IB/0
c196-062:9455:9494 [0] NCCL INFO Channel 01 : 16[2000] -> 17[3000] via direct shared memory
c196-072:27531:27568 [0] NCCL INFO Channel 00 : 24[2000] -> 25[3000] via direct shared memory
c196-081:18615:18657 [0] NCCL INFO Channel 00 : 28[2000] -> 29[3000] via direct shared memory
c196-051:9115:9155 [0] NCCL INFO Channel 01/0 : 3[83000] -> 4[2000] [receive] via NET/IB/0
c196-072:27531:27568 [0] NCCL INFO Channel 01 : 24[2000] -> 25[3000] via direct shared memory
c196-081:18615:18657 [0] NCCL INFO Channel 01 : 28[2000] -> 29[3000] via direct shared memory
c196-042:14257:14288 [0] NCCL INFO Channel 01/0 : 31[83000] -> 0[2000] [receive] via NET/IB/0
c196-071:17343:17376 [0] NCCL INFO Channel 01/0 : 19[83000] -> 20[2000] [receive] via NET/IB/0
c196-051:9115:9155 [0] NCCL INFO Channel 00 : 4[2000] -> 5[3000] via direct shared memory
c196-051:9115:9155 [0] NCCL INFO Channel 01 : 4[2000] -> 5[3000] via direct shared memory
c196-042:14257:14288 [0] NCCL INFO Channel 00 : 0[2000] -> 1[3000] via direct shared memory
c196-071:17343:17376 [0] NCCL INFO Channel 00 : 20[2000] -> 21[3000] via direct shared memory
c196-061:5023:5062 [0] NCCL INFO Channel 01/0 : 11[83000] -> 12[2000] [receive] via NET/IB/0
c196-042:14257:14288 [0] NCCL INFO Channel 01 : 0[2000] -> 1[3000] via direct shared memory
c196-071:17343:17376 [0] NCCL INFO Channel 01 : 20[2000] -> 21[3000] via direct shared memory
c196-061:5023:5062 [0] NCCL INFO Channel 00 : 12[2000] -> 13[3000] via direct shared memory
c196-061:5023:5062 [0] NCCL INFO Channel 01 : 12[2000] -> 13[3000] via direct shared memory
c196-052:31490:31527 [1] NCCL INFO Connected all rings
c196-062:9456:9496 [1] NCCL INFO Connected all rings
c196-072:27532:27570 [1] NCCL INFO Connected all rings
c196-081:18616:18654 [1] NCCL INFO Connected all rings
c196-051:9116:9153 [1] NCCL INFO Connected all rings
c196-071:17344:17381 [1] NCCL INFO Connected all rings
c196-061:5024:5060 [1] NCCL INFO Connected all rings
c196-042:14258:14297 [1] NCCL INFO Connected all rings
c196-072:27532:27570 [1] NCCL INFO Channel 00/0 : 20[2000] -> 25[3000] [receive] via NET/IB/0
c196-052:31490:31527 [1] NCCL INFO Channel 00/0 : 4[2000] -> 9[3000] [receive] via NET/IB/0
c196-062:9456:9496 [1] NCCL INFO Channel 00/0 : 8[2000] -> 17[3000] [receive] via NET/IB/0
c196-051:9116:9153 [1] NCCL INFO Channel 01/0 : 5[3000] -> 8[2000] [send] via NET/IB/0
c196-071:17344:17381 [1] NCCL INFO Channel 01/0 : 21[3000] -> 24[2000] [send] via NET/IB/0
c196-061:5024:5060 [1] NCCL INFO Channel 01/0 : 13[3000] -> 20[2000] [send] via NET/IB/0
c196-081:18618:18648 [3] NCCL INFO Channel 01/0 : 31[83000] -> 0[2000] [send] via NET/IB/0
c196-051:9118:9150 [3] NCCL INFO Channel 01/0 : 7[83000] -> 8[2000] [send] via NET/IB/0
c196-071:17346:17380 [3] NCCL INFO Channel 01/0 : 23[83000] -> 24[2000] [send] via NET/IB/0
c196-061:5026:5058 [3] NCCL INFO Channel 01/0 : 15[83000] -> 16[2000] [send] via NET/IB/0
c196-062:9458:9492 [3] NCCL INFO Channel 01/0 : 19[83000] -> 20[2000] [send] via NET/IB/0
c196-072:27534:27564 [3] NCCL INFO Channel 01/0 : 27[83000] -> 28[2000] [send] via NET/IB/0
c196-042:14260:14294 [3] NCCL INFO Channel 01/0 : 3[83000] -> 4[2000] [send] via NET/IB/0
c196-052:31492:31528 [3] NCCL INFO Channel 01/0 : 11[83000] -> 12[2000] [send] via NET/IB/0
c196-081:18616:18654 [1] NCCL INFO Channel 00 : 29[3000] -> 28[2000] via direct shared memory
c196-081:18617:18658 [2] NCCL INFO Connected all rings
c196-081:18616:18654 [1] NCCL INFO Channel 01 : 29[3000] -> 28[2000] via direct shared memory
c196-051:9117:9151 [2] NCCL INFO Connected all rings
c196-071:17345:17382 [2] NCCL INFO Connected all rings
c196-062:9457:9491 [2] NCCL INFO Connected all rings
c196-072:27533:27567 [2] NCCL INFO Connected all rings
c196-042:14259:14295 [2] NCCL INFO Connected all rings
c196-061:5025:5056 [2] NCCL INFO Connected all rings
c196-052:31491:31523 [2] NCCL INFO Connected all rings
c196-042:14258:14297 [1] NCCL INFO Channel 00 : 1[3000] -> 0[2000] via direct shared memory
c196-042:14258:14297 [1] NCCL INFO Channel 01 : 1[3000] -> 0[2000] via direct shared memory
c196-081:18618:18648 [3] NCCL INFO Connected all rings
c196-081:18618:18648 [3] NCCL INFO Channel 00 : 31[83000] -> 30[82000] via direct shared memory
c196-081:18618:18648 [3] NCCL INFO Channel 01 : 31[83000] -> 30[82000] via direct shared memory
c196-051:9118:9150 [3] NCCL INFO Connected all rings
c196-051:9118:9150 [3] NCCL INFO Channel 00 : 7[83000] -> 6[82000] via direct shared memory
c196-051:9118:9150 [3] NCCL INFO Channel 01 : 7[83000] -> 6[82000] via direct shared memory
c196-071:17346:17380 [3] NCCL INFO Connected all rings
c196-071:17346:17380 [3] NCCL INFO Channel 00 : 23[83000] -> 22[82000] via direct shared memory
c196-062:9458:9492 [3] NCCL INFO Connected all rings
c196-061:5026:5058 [3] NCCL INFO Connected all rings
c196-062:9458:9492 [3] NCCL INFO Channel 00 : 19[83000] -> 18[82000] via direct shared memory
c196-071:17346:17380 [3] NCCL INFO Channel 01 : 23[83000] -> 22[82000] via direct shared memory
c196-061:5026:5058 [3] NCCL INFO Channel 00 : 15[83000] -> 14[82000] via direct shared memory
c196-062:9458:9492 [3] NCCL INFO Channel 01 : 19[83000] -> 18[82000] via direct shared memory
c196-061:5026:5058 [3] NCCL INFO Channel 01 : 15[83000] -> 14[82000] via direct shared memory
c196-072:27534:27564 [3] NCCL INFO Connected all rings
c196-072:27534:27564 [3] NCCL INFO Channel 00 : 27[83000] -> 26[82000] via direct shared memory
c196-072:27534:27564 [3] NCCL INFO Channel 01 : 27[83000] -> 26[82000] via direct shared memory
c196-052:31492:31528 [3] NCCL INFO Connected all rings
c196-052:31492:31528 [3] NCCL INFO Channel 00 : 11[83000] -> 10[82000] via direct shared memory
c196-052:31492:31528 [3] NCCL INFO Channel 01 : 11[83000] -> 10[82000] via direct shared memory
c196-081:18617:18658 [2] NCCL INFO Channel 00 : 30[82000] -> 29[3000] via direct shared memory
c196-081:18617:18658 [2] NCCL INFO Channel 01 : 30[82000] -> 29[3000] via direct shared memory
c196-042:14260:14294 [3] NCCL INFO Connected all rings
c196-042:14260:14294 [3] NCCL INFO Channel 00 : 3[83000] -> 2[82000] via direct shared memory
c196-042:14260:14294 [3] NCCL INFO Channel 01 : 3[83000] -> 2[82000] via direct shared memory
c196-042:14257:14288 [0] NCCL INFO Connected all rings
c196-081:18615:18657 [0] NCCL INFO Connected all rings
c196-062:9455:9494 [0] NCCL INFO Connected all rings
c196-072:27531:27568 [0] NCCL INFO Connected all rings
c196-052:31489:31526 [0] NCCL INFO Connected all rings
c196-071:17343:17376 [0] NCCL INFO Connected all rings
c196-071:17345:17382 [2] NCCL INFO Channel 00 : 22[82000] -> 21[3000] via direct shared memory
c196-071:17345:17382 [2] NCCL INFO Channel 01 : 22[82000] -> 21[3000] via direct shared memory
c196-051:9117:9151 [2] NCCL INFO Channel 00 : 6[82000] -> 5[3000] via direct shared memory
c196-051:9117:9151 [2] NCCL INFO Channel 01 : 6[82000] -> 5[3000] via direct shared memory
c196-051:9115:9155 [0] NCCL INFO Connected all rings
c196-061:5023:5062 [0] NCCL INFO Connected all rings
c196-061:5025:5056 [2] NCCL INFO Channel 00 : 14[82000] -> 13[3000] via direct shared memory
c196-081:18618:18648 [3] NCCL INFO Connected all trees
c196-081:18618:18648 [3] NCCL INFO MSCCL_XML_FILES set by environment to /home1/09168/ldai1/ccl-build/msccl_tools_lyd/examples/xml/xml_lyd/binomial_tree/allreduce_binomial_tree_1ch_32chunk.xml
c196-081:18618:18648 [3] NCCL INFO MSCCL: Parsing algorithm /home1/09168/ldai1/ccl-build/msccl_tools_lyd/examples/xml/xml_lyd/binomial_tree/allreduce_binomial_tree_1ch_32chunk.xml
c196-061:5025:5056 [2] NCCL INFO Channel 01 : 14[82000] -> 13[3000] via direct shared memory
c196-042:14259:14295 [2] NCCL INFO Channel 00 : 2[82000] -> 1[3000] via direct shared memory
c196-062:9457:9491 [2] NCCL INFO Channel 00 : 18[82000] -> 17[3000] via direct shared memory
c196-062:9457:9491 [2] NCCL INFO Channel 01 : 18[82000] -> 17[3000] via direct shared memory
c196-042:14259:14295 [2] NCCL INFO Channel 01 : 2[82000] -> 1[3000] via direct shared memory
c196-081:18617:18658 [2] NCCL INFO Connected all trees
c196-081:18617:18658 [2] NCCL INFO MSCCL_XML_FILES set by environment to /home1/09168/ldai1/ccl-build/msccl_tools_lyd/examples/xml/xml_lyd/binomial_tree/allreduce_binomial_tree_1ch_32chunk.xml
c196-081:18617:18658 [2] NCCL INFO MSCCL: Parsing algorithm /home1/09168/ldai1/ccl-build/msccl_tools_lyd/examples/xml/xml_lyd/binomial_tree/allreduce_binomial_tree_1ch_32chunk.xml
c196-072:27533:27567 [2] NCCL INFO Channel 00 : 26[82000] -> 25[3000] via direct shared memory
c196-072:27533:27567 [2] NCCL INFO Channel 01 : 26[82000] -> 25[3000] via direct shared memory
c196-052:31491:31523 [2] NCCL INFO Channel 00 : 10[82000] -> 9[3000] via direct shared memory
c196-052:31491:31523 [2] NCCL INFO Channel 01 : 10[82000] -> 9[3000] via direct shared memory
c196-071:17346:17380 [3] NCCL INFO Connected all trees
c196-071:17346:17380 [3] NCCL INFO MSCCL_XML_FILES set by environment to /home1/09168/ldai1/ccl-build/msccl_tools_lyd/examples/xml/xml_lyd/binomial_tree/allreduce_binomial_tree_1ch_32chunk.xml
c196-071:17346:17380 [3] NCCL INFO MSCCL: Parsing algorithm /home1/09168/ldai1/ccl-build/msccl_tools_lyd/examples/xml/xml_lyd/binomial_tree/allreduce_binomial_tree_1ch_32chunk.xml
c196-051:9118:9150 [3] NCCL INFO Connected all trees
c196-051:9118:9150 [3] NCCL INFO MSCCL_XML_FILES set by environment to /home1/09168/ldai1/ccl-build/msccl_tools_lyd/examples/xml/xml_lyd/binomial_tree/allreduce_binomial_tree_1ch_32chunk.xml
c196-051:9118:9150 [3] NCCL INFO MSCCL: Parsing algorithm /home1/09168/ldai1/ccl-build/msccl_tools_lyd/examples/xml/xml_lyd/binomial_tree/allreduce_binomial_tree_1ch_32chunk.xml
c196-061:5026:5058 [3] NCCL INFO Connected all trees
c196-061:5026:5058 [3] NCCL INFO MSCCL_XML_FILES set by environment to /home1/09168/ldai1/ccl-build/msccl_tools_lyd/examples/xml/xml_lyd/binomial_tree/allreduce_binomial_tree_1ch_32chunk.xml
c196-061:5026:5058 [3] NCCL INFO MSCCL: Parsing algorithm /home1/09168/ldai1/ccl-build/msccl_tools_lyd/examples/xml/xml_lyd/binomial_tree/allreduce_binomial_tree_1ch_32chunk.xml
c196-062:9458:9492 [3] NCCL INFO Connected all trees
c196-062:9458:9492 [3] NCCL INFO MSCCL_XML_FILES set by environment to /home1/09168/ldai1/ccl-build/msccl_tools_lyd/examples/xml/xml_lyd/binomial_tree/allreduce_binomial_tree_1ch_32chunk.xml
c196-062:9458:9492 [3] NCCL INFO MSCCL: Parsing algorithm /home1/09168/ldai1/ccl-build/msccl_tools_lyd/examples/xml/xml_lyd/binomial_tree/allreduce_binomial_tree_1ch_32chunk.xml
c196-042:14260:14294 [3] NCCL INFO Connected all trees
c196-042:14260:14294 [3] NCCL INFO MSCCL_XML_FILES set by environment to /home1/09168/ldai1/ccl-build/msccl_tools_lyd/examples/xml/xml_lyd/binomial_tree/allreduce_binomial_tree_1ch_32chunk.xml
c196-042:14260:14294 [3] NCCL INFO MSCCL: Parsing algorithm /home1/09168/ldai1/ccl-build/msccl_tools_lyd/examples/xml/xml_lyd/binomial_tree/allreduce_binomial_tree_1ch_32chunk.xml
c196-072:27534:27564 [3] NCCL INFO Connected all trees
c196-072:27534:27564 [3] NCCL INFO MSCCL_XML_FILES set by environment to /home1/09168/ldai1/ccl-build/msccl_tools_lyd/examples/xml/xml_lyd/binomial_tree/allreduce_binomial_tree_1ch_32chunk.xml
c196-072:27534:27564 [3] NCCL INFO MSCCL: Parsing algorithm /home1/09168/ldai1/ccl-build/msccl_tools_lyd/examples/xml/xml_lyd/binomial_tree/allreduce_binomial_tree_1ch_32chunk.xml
c196-042:14259:14295 [2] NCCL INFO Connected all trees
c196-042:14259:14295 [2] NCCL INFO MSCCL_XML_FILES set by environment to /home1/09168/ldai1/ccl-build/msccl_tools_lyd/examples/xml/xml_lyd/binomial_tree/allreduce_binomial_tree_1ch_32chunk.xml
c196-042:14259:14295 [2] NCCL INFO MSCCL: Parsing algorithm /home1/09168/ldai1/ccl-build/msccl_tools_lyd/examples/xml/xml_lyd/binomial_tree/allreduce_binomial_tree_1ch_32chunk.xml
c196-052:31492:31528 [3] NCCL INFO Connected all trees
c196-052:31492:31528 [3] NCCL INFO MSCCL_XML_FILES set by environment to /home1/09168/ldai1/ccl-build/msccl_tools_lyd/examples/xml/xml_lyd/binomial_tree/allreduce_binomial_tree_1ch_32chunk.xml
c196-052:31492:31528 [3] NCCL INFO MSCCL: Parsing algorithm /home1/09168/ldai1/ccl-build/msccl_tools_lyd/examples/xml/xml_lyd/binomial_tree/allreduce_binomial_tree_1ch_32chunk.xml
c196-081:18617:18658 [2] NCCL INFO Parsed MSCCL Algorithm /home1/09168/ldai1/ccl-build/msccl_tools_lyd/examples/xml/xml_lyd/binomial_tree/allreduce_binomial_tree_1ch_32chunk.xml successfully.
c196-081:18617:18658 [2] NCCL INFO Connected 1 MSCCL algorithms
c196-081:18617:18658 [2] NCCL INFO NCCL_NTHREADS set by environment to 512.
c196-081:18617:18658 [2] NCCL INFO NCCL_PROTO set by environment to Simple
c196-081:18617:18658 [2] NCCL INFO NCCL_ALGO set by environment to MSCCL,TREE,RING
c196-081:18617:18658 [2] NCCL INFO threadThresholds 8/8/64 | 256/8/64 | 8/8/64 | 8/8/512
c196-081:18618:18648 [3] NCCL INFO Parsed MSCCL Algorithm /home1/09168/ldai1/ccl-build/msccl_tools_lyd/examples/xml/xml_lyd/binomial_tree/allreduce_binomial_tree_1ch_32chunk.xml successfully.
c196-081:18617:18658 [2] NCCL INFO 2 coll channels, 2 p2p channels, 2 p2p channels per peer
c196-081:18618:18648 [3] NCCL INFO Channel 00/0 : 27[83000] -> 31[83000] [receive] via NET/IB/0
c196-061:5026:5058 [3] NCCL INFO Parsed MSCCL Algorithm /home1/09168/ldai1/ccl-build/msccl_tools_lyd/examples/xml/xml_lyd/binomial_tree/allreduce_binomial_tree_1ch_32chunk.xml successfully.
c196-061:5026:5058 [3] NCCL INFO Channel 00/0 : 11[83000] -> 15[83000] [receive] via NET/IB/0
c196-051:9118:9150 [3] NCCL INFO Parsed MSCCL Algorithm /home1/09168/ldai1/ccl-build/msccl_tools_lyd/examples/xml/xml_lyd/binomial_tree/allreduce_binomial_tree_1ch_32chunk.xml successfully.
c196-051:9118:9150 [3] NCCL INFO Channel 00/0 : 3[83000] -> 7[83000] [receive] via NET/IB/0
c196-042:14259:14295 [2] NCCL INFO Parsed MSCCL Algorithm /home1/09168/ldai1/ccl-build/msccl_tools_lyd/examples/xml/xml_lyd/binomial_tree/allreduce_binomial_tree_1ch_32chunk.xml successfully.
c196-042:14259:14295 [2] NCCL INFO Connected 1 MSCCL algorithms
c196-042:14259:14295 [2] NCCL INFO NCCL_NTHREADS set by environment to 512.
c196-042:14259:14295 [2] NCCL INFO NCCL_PROTO set by environment to Simple
c196-042:14259:14295 [2] NCCL INFO NCCL_ALGO set by environment to MSCCL,TREE,RING
c196-042:14259:14295 [2] NCCL INFO threadThresholds 8/8/64 | 256/8/64 | 8/8/64 | 8/8/512
c196-042:14259:14295 [2] NCCL INFO 2 coll channels, 2 p2p channels, 2 p2p channels per peer
c196-042:14260:14294 [3] NCCL INFO Parsed MSCCL Algorithm /home1/09168/ldai1/ccl-build/msccl_tools_lyd/examples/xml/xml_lyd/binomial_tree/allreduce_binomial_tree_1ch_32chunk.xml successfully.
c196-052:31492:31528 [3] NCCL INFO Parsed MSCCL Algorithm /home1/09168/ldai1/ccl-build/msccl_tools_lyd/examples/xml/xml_lyd/binomial_tree/allreduce_binomial_tree_1ch_32chunk.xml successfully.
c196-052:31492:31528 [3] NCCL INFO Channel 00/0 : 11[83000] -> 15[83000] [send] via NET/IB/0
c196-071:17346:17380 [3] NCCL INFO Parsed MSCCL Algorithm /home1/09168/ldai1/ccl-build/msccl_tools_lyd/examples/xml/xml_lyd/binomial_tree/allreduce_binomial_tree_1ch_32chunk.xml successfully.
c196-042:14260:14294 [3] NCCL INFO Channel 00/0 : 3[83000] -> 7[83000] [send] via NET/IB/0
c196-072:27534:27564 [3] NCCL INFO Parsed MSCCL Algorithm /home1/09168/ldai1/ccl-build/msccl_tools_lyd/examples/xml/xml_lyd/binomial_tree/allreduce_binomial_tree_1ch_32chunk.xml successfully.
c196-072:27534:27564 [3] NCCL INFO Channel 00/0 : 27[83000] -> 31[83000] [send] via NET/IB/0
c196-071:17346:17380 [3] NCCL INFO Channel 00/0 : 19[83000] -> 23[83000] [receive] via NET/IB/0
c196-081:18615:18657 [0] NCCL INFO Channel 00/0 : 24[2000] -> 28[2000] [receive] via NET/IB/0
c196-042:14257:14288 [0] NCCL INFO Channel 01/0 : 0[2000] -> 4[2000] [send] via NET/IB/0
c196-062:9458:9492 [3] NCCL INFO Parsed MSCCL Algorithm /home1/09168/ldai1/ccl-build/msccl_tools_lyd/examples/xml/xml_lyd/binomial_tree/allreduce_binomial_tree_1ch_32chunk.xml successfully.
c196-062:9458:9492 [3] NCCL INFO Channel 00/0 : 19[83000] -> 23[83000] [send] via NET/IB/0
c196-071:17343:17376 [0] NCCL INFO Channel 01/0 : 16[2000] -> 20[2000] [receive] via NET/IB/0
c196-062:9455:9494 [0] NCCL INFO Channel 01/0 : 16[2000] -> 20[2000] [send] via NET/IB/0
c196-052:31489:31526 [0] NCCL INFO Channel 01/0 : 5[3000] -> 8[2000] [receive] via NET/IB/0
c196-072:27531:27568 [0] NCCL INFO Channel 01/0 : 21[3000] -> 24[2000] [receive] via NET/IB/0
c196-061:5023:5062 [0] NCCL INFO Channel 00/0 : 8[2000] -> 12[2000] [receive] via NET/IB/0
c196-051:9115:9155 [0] NCCL INFO Channel 01/0 : 0[2000] -> 4[2000] [receive] via NET/IB/0
c196-042:14260:14294 [3] NCCL INFO Channel 00/0 : 3[83000] -> 11[83000] [send] via NET/IB/0
c196-052:31492:31528 [3] NCCL INFO Channel 00/0 : 3[83000] -> 11[83000] [receive] via NET/IB/0
c196-072:27534:27564 [3] NCCL INFO Channel 00/0 : 19[83000] -> 27[83000] [receive] via NET/IB/0
c196-061:5026:5058 [3] NCCL INFO Channel 00/0 : 15[83000] -> 11[83000] [send] via NET/IB/0
c196-062:9455:9494 [0] NCCL INFO Channel 00/0 : 16[2000] -> 24[2000] [send] via NET/IB/0
c196-062:9458:9492 [3] NCCL INFO Channel 00/0 : 19[83000] -> 27[83000] [send] via NET/IB/0
c196-051:9118:9150 [3] NCCL INFO Channel 00/0 : 7[83000] -> 3[83000] [send] via NET/IB/0
c196-051:9116:9153 [1] NCCL INFO Channel 01/0 : 8[2000] -> 5[3000] [receive] via NET/IB/0
c196-052:31489:31526 [0] NCCL INFO Channel 00/0 : 8[2000] -> 12[2000] [send] via NET/IB/0
c196-072:27531:27568 [0] NCCL INFO Channel 00/0 : 24[2000] -> 28[2000] [send] via NET/IB/0
c196-071:17344:17381 [1] NCCL INFO Channel 01/0 : 24[2000] -> 21[3000] [receive] via NET/IB/0
c196-081:18618:18648 [3] NCCL INFO Channel 00/0 : 31[83000] -> 27[83000] [send] via NET/IB/0
c196-071:17346:17380 [3] NCCL INFO Channel 00/0 : 23[83000] -> 19[83000] [send] via NET/IB/0
c196-042:14257:14288 [0] NCCL INFO Channel 00/0 : 16[2000] -> 0[2000] [receive] via NET/IB/0
c196-051:9115:9155 [0] NCCL INFO Channel 00/0 : 4[2000] -> 9[3000] [send] via NET/IB/0
c196-071:17343:17376 [0] NCCL INFO Channel 00/0 : 20[2000] -> 25[3000] [send] via NET/IB/0
c196-042:14257:14288 [0] NCCL INFO Channel 00/0 : 0[2000] -> 16[2000] [send] via NET/IB/0
c196-042:14260:14294 [3] NCCL INFO Channel 00/0 : 19[83000] -> 3[83000] [receive] via NET/IB/0
c196-052:31492:31528 [3] NCCL INFO Channel 00/0 : 11[83000] -> 3[83000] [send] via NET/IB/0
c196-062:9458:9492 [3] NCCL INFO Channel 00/0 : 3[83000] -> 19[83000] [receive] via NET/IB/0
c196-072:27534:27564 [3] NCCL INFO Channel 00/0 : 27[83000] -> 19[83000] [send] via NET/IB/0
c196-061:5023:5062 [0] NCCL INFO Channel 01/0 : 4[2000] -> 12[2000] [receive] via NET/IB/0
c196-072:27531:27568 [0] NCCL INFO Channel 00/0 : 16[2000] -> 24[2000] [receive] via NET/IB/0
c196-081:18615:18657 [0] NCCL INFO Channel 01/0 : 12[2000] -> 28[2000] [receive] via NET/IB/0
c196-051:9115:9155 [0] NCCL INFO Channel 01/0 : 4[2000] -> 12[2000] [send] via NET/IB/0
c196-071:17343:17376 [0] NCCL INFO Channel 01/0 : 13[3000] -> 20[2000] [receive] via NET/IB/0
c196-052:31489:31526 [0] NCCL INFO Channel 00/0 : 8[2000] -> 17[3000] [send] via NET/IB/0
c196-052:31490:31527 [1] NCCL INFO Channel 00/0 : 9[3000] -> 4[2000] [send] via NET/IB/0
c196-072:27532:27570 [1] NCCL INFO Channel 00/0 : 25[3000] -> 20[2000] [send] via NET/IB/0
c196-042:14260:14294 [3] NCCL INFO Channel 00/0 : 3[83000] -> 19[83000] [send] via NET/IB/0
c196-062:9458:9492 [3] NCCL INFO Channel 00/0 : 19[83000] -> 3[83000] [send] via NET/IB/0
c196-081:18615:18657 [0] NCCL INFO Channel 01/0 : 28[2000] -> 12[2000] [send] via NET/IB/0
c196-051:9115:9155 [0] NCCL INFO Channel 01/0 : 12[2000] -> 4[2000] [receive] via NET/IB/0
c196-061:5024:5060 [1] NCCL INFO Channel 01/0 : 20[2000] -> 13[3000] [receive] via NET/IB/0
c196-062:9455:9494 [0] NCCL INFO Channel 00/0 : 0[2000] -> 16[2000] [receive] via NET/IB/0
c196-072:27531:27568 [0] NCCL INFO Channel 00/0 : 24[2000] -> 16[2000] [send] via NET/IB/0
c196-071:17343:17376 [0] NCCL INFO Channel 01/0 : 20[2000] -> 13[3000] [send] via NET/IB/0
c196-061:5023:5062 [0] NCCL INFO Channel 01/0 : 28[2000] -> 12[2000] [receive] via NET/IB/0
c196-062:9456:9496 [1] NCCL INFO Channel 00/0 : 17[3000] -> 8[2000] [send] via NET/IB/0
c196-052:31489:31526 [0] NCCL INFO Channel 00/0 : 17[3000] -> 8[2000] [receive] via NET/IB/0
c196-061:5024:5060 [1] NCCL INFO Channel 00 : 13[3000] -> 12[2000] via direct shared memory
c196-061:5024:5060 [1] NCCL INFO Channel 01 : 13[3000] -> 12[2000] via direct shared memory
c196-062:9456:9496 [1] NCCL INFO Channel 00 : 17[3000] -> 16[2000] via direct shared memory
c196-062:9456:9496 [1] NCCL INFO Channel 01 : 17[3000] -> 16[2000] via direct shared memory
c196-061:5025:5056 [2] NCCL INFO Connected all trees
c196-061:5025:5056 [2] NCCL INFO MSCCL_XML_FILES set by environment to /home1/09168/ldai1/ccl-build/msccl_tools_lyd/examples/xml/xml_lyd/binomial_tree/allreduce_binomial_tree_1ch_32chunk.xml
c196-061:5025:5056 [2] NCCL INFO MSCCL: Parsing algorithm /home1/09168/ldai1/ccl-build/msccl_tools_lyd/examples/xml/xml_lyd/binomial_tree/allreduce_binomial_tree_1ch_32chunk.xml
c196-062:9457:9491 [2] NCCL INFO Connected all trees
c196-062:9457:9491 [2] NCCL INFO MSCCL_XML_FILES set by environment to /home1/09168/ldai1/ccl-build/msccl_tools_lyd/examples/xml/xml_lyd/binomial_tree/allreduce_binomial_tree_1ch_32chunk.xml
c196-062:9457:9491 [2] NCCL INFO MSCCL: Parsing algorithm /home1/09168/ldai1/ccl-build/msccl_tools_lyd/examples/xml/xml_lyd/binomial_tree/allreduce_binomial_tree_1ch_32chunk.xml
c196-062:9455:9494 [0] NCCL INFO Channel 00/0 : 16[2000] -> 0[2000] [send] via NET/IB/0
c196-061:5025:5056 [2] NCCL INFO Parsed MSCCL Algorithm /home1/09168/ldai1/ccl-build/msccl_tools_lyd/examples/xml/xml_lyd/binomial_tree/allreduce_binomial_tree_1ch_32chunk.xml successfully.
c196-061:5025:5056 [2] NCCL INFO Connected 1 MSCCL algorithms
c196-061:5025:5056 [2] NCCL INFO NCCL_NTHREADS set by environment to 512.
c196-061:5025:5056 [2] NCCL INFO NCCL_PROTO set by environment to Simple
c196-061:5025:5056 [2] NCCL INFO NCCL_ALGO set by environment to MSCCL,TREE,RING
c196-061:5025:5056 [2] NCCL INFO threadThresholds 8/8/64 | 256/8/64 | 8/8/64 | 8/8/512
c196-061:5025:5056 [2] NCCL INFO 2 coll channels, 2 p2p channels, 2 p2p channels per peer
c196-061:5023:5062 [0] NCCL INFO Channel 01/0 : 12[2000] -> 28[2000] [send] via NET/IB/0
c196-062:9457:9491 [2] NCCL INFO Parsed MSCCL Algorithm /home1/09168/ldai1/ccl-build/msccl_tools_lyd/examples/xml/xml_lyd/binomial_tree/allreduce_binomial_tree_1ch_32chunk.xml successfully.
c196-062:9457:9491 [2] NCCL INFO Connected 1 MSCCL algorithms
c196-062:9457:9491 [2] NCCL INFO NCCL_NTHREADS set by environment to 512.
c196-062:9457:9491 [2] NCCL INFO NCCL_PROTO set by environment to Simple
c196-062:9457:9491 [2] NCCL INFO NCCL_ALGO set by environment to MSCCL,TREE,RING
c196-062:9457:9491 [2] NCCL INFO threadThresholds 8/8/64 | 256/8/64 | 8/8/64 | 8/8/512
c196-062:9457:9491 [2] NCCL INFO 2 coll channels, 2 p2p channels, 2 p2p channels per peer
c196-062:9458:9492 [3] NCCL INFO Channel 00/0 : 27[83000] -> 19[83000] [receive] via NET/IB/0
c196-042:14260:14294 [3] NCCL INFO Channel 00/0 : 11[83000] -> 3[83000] [receive] via NET/IB/0
c196-071:17343:17376 [0] NCCL INFO Channel 00/0 : 25[3000] -> 20[2000] [receive] via NET/IB/0
c196-052:31489:31526 [0] NCCL INFO Channel 00/0 : 12[2000] -> 8[2000] [receive] via NET/IB/0
c196-072:27532:27570 [1] NCCL INFO Channel 00 : 25[3000] -> 24[2000] via direct shared memory
c196-072:27532:27570 [1] NCCL INFO Channel 01 : 25[3000] -> 24[2000] via direct shared memory
c196-072:27533:27567 [2] NCCL INFO Connected all trees
c196-072:27533:27567 [2] NCCL INFO MSCCL_XML_FILES set by environment to /home1/09168/ldai1/ccl-build/msccl_tools_lyd/examples/xml/xml_lyd/binomial_tree/allreduce_binomial_tree_1ch_32chunk.xml
c196-072:27533:27567 [2] NCCL INFO MSCCL: Parsing algorithm /home1/09168/ldai1/ccl-build/msccl_tools_lyd/examples/xml/xml_lyd/binomial_tree/allreduce_binomial_tree_1ch_32chunk.xml
c196-072:27533:27567 [2] NCCL INFO Parsed MSCCL Algorithm /home1/09168/ldai1/ccl-build/msccl_tools_lyd/examples/xml/xml_lyd/binomial_tree/allreduce_binomial_tree_1ch_32chunk.xml successfully.
c196-072:27533:27567 [2] NCCL INFO Connected 1 MSCCL algorithms
c196-072:27533:27567 [2] NCCL INFO NCCL_NTHREADS set by environment to 512.
c196-072:27533:27567 [2] NCCL INFO NCCL_PROTO set by environment to Simple
c196-072:27533:27567 [2] NCCL INFO NCCL_ALGO set by environment to MSCCL,TREE,RING
c196-072:27533:27567 [2] NCCL INFO threadThresholds 8/8/64 | 256/8/64 | 8/8/64 | 8/8/512
c196-072:27533:27567 [2] NCCL INFO 2 coll channels, 2 p2p channels, 2 p2p channels per peer
c196-072:27534:27564 [3] NCCL INFO Channel 00/0 : 31[83000] -> 27[83000] [receive] via NET/IB/0
c196-052:31492:31528 [3] NCCL INFO Channel 00/0 : 15[83000] -> 11[83000] [receive] via NET/IB/0
c196-042:14260:14294 [3] NCCL INFO Channel 00/0 : 7[83000] -> 3[83000] [receive] via NET/IB/0
c196-062:9458:9492 [3] NCCL INFO Channel 00/0 : 23[83000] -> 19[83000] [receive] via NET/IB/0
c196-042:14257:14288 [0] NCCL INFO Channel 01/0 : 4[2000] -> 0[2000] [receive] via NET/IB/0
c196-081:18615:18657 [0] NCCL INFO Channel 00/0 : 28[2000] -> 24[2000] [send] via NET/IB/0
c196-061:5023:5062 [0] NCCL INFO Channel 01/0 : 12[2000] -> 4[2000] [send] via NET/IB/0
c196-062:9455:9494 [0] NCCL INFO Channel 00/0 : 24[2000] -> 16[2000] [receive] via NET/IB/0
c196-071:17343:17376 [0] NCCL INFO Channel 01/0 : 20[2000] -> 16[2000] [send] via NET/IB/0
c196-081:18618:18648 [3] NCCL INFO Connected 1 MSCCL algorithms
c196-081:18618:18648 [3] NCCL INFO NCCL_NTHREADS set by environment to 512.
c196-081:18618:18648 [3] NCCL INFO NCCL_PROTO set by environment to Simple
c196-081:18618:18648 [3] NCCL INFO NCCL_ALGO set by environment to MSCCL,TREE,RING
c196-081:18618:18648 [3] NCCL INFO threadThresholds 8/8/64 | 256/8/64 | 8/8/64 | 8/8/512
c196-081:18618:18648 [3] NCCL INFO 2 coll channels, 2 p2p channels, 2 p2p channels per peer
c196-051:9118:9150 [3] NCCL INFO Connected 1 MSCCL algorithms
c196-051:9118:9150 [3] NCCL INFO NCCL_NTHREADS set by environment to 512.
c196-051:9118:9150 [3] NCCL INFO NCCL_PROTO set by environment to Simple
c196-051:9118:9150 [3] NCCL INFO NCCL_ALGO set by environment to MSCCL,TREE,RING
c196-071:17346:17380 [3] NCCL INFO Connected 1 MSCCL algorithms
c196-051:9118:9150 [3] NCCL INFO threadThresholds 8/8/64 | 256/8/64 | 8/8/64 | 8/8/512
c196-052:31492:31528 [3] NCCL INFO Connected 1 MSCCL algorithms
c196-071:17346:17380 [3] NCCL INFO NCCL_NTHREADS set by environment to 512.
c196-061:5026:5058 [3] NCCL INFO Connected 1 MSCCL algorithms
c196-051:9118:9150 [3] NCCL INFO 2 coll channels, 2 p2p channels, 2 p2p channels per peer
c196-052:31492:31528 [3] NCCL INFO NCCL_NTHREADS set by environment to 512.
c196-071:17346:17380 [3] NCCL INFO NCCL_PROTO set by environment to Simple
c196-061:5026:5058 [3] NCCL INFO NCCL_NTHREADS set by environment to 512.
c196-052:31492:31528 [3] NCCL INFO NCCL_PROTO set by environment to Simple
c196-071:17346:17380 [3] NCCL INFO NCCL_ALGO set by environment to MSCCL,TREE,RING
c196-071:17346:17380 [3] NCCL INFO threadThresholds 8/8/64 | 256/8/64 | 8/8/64 | 8/8/512
c196-061:5026:5058 [3] NCCL INFO NCCL_PROTO set by environment to Simple
c196-061:5026:5058 [3] NCCL INFO NCCL_ALGO set by environment to MSCCL,TREE,RING
c196-052:31492:31528 [3] NCCL INFO NCCL_ALGO set by environment to MSCCL,TREE,RING
c196-071:17346:17380 [3] NCCL INFO 2 coll channels, 2 p2p channels, 2 p2p channels per peer
c196-061:5026:5058 [3] NCCL INFO threadThresholds 8/8/64 | 256/8/64 | 8/8/64 | 8/8/512
c196-052:31492:31528 [3] NCCL INFO threadThresholds 8/8/64 | 256/8/64 | 8/8/64 | 8/8/512
c196-061:5026:5058 [3] NCCL INFO 2 coll channels, 2 p2p channels, 2 p2p channels per peer
c196-052:31492:31528 [3] NCCL INFO 2 coll channels, 2 p2p channels, 2 p2p channels per peer
c196-072:27534:27564 [3] NCCL INFO Connected 1 MSCCL algorithms
c196-072:27534:27564 [3] NCCL INFO NCCL_NTHREADS set by environment to 512.
c196-072:27534:27564 [3] NCCL INFO NCCL_PROTO set by environment to Simple
c196-072:27534:27564 [3] NCCL INFO NCCL_ALGO set by environment to MSCCL,TREE,RING
c196-072:27534:27564 [3] NCCL INFO threadThresholds 8/8/64 | 256/8/64 | 8/8/64 | 8/8/512
c196-072:27534:27564 [3] NCCL INFO 2 coll channels, 2 p2p channels, 2 p2p channels per peer
c196-062:9458:9492 [3] NCCL INFO Connected 1 MSCCL algorithms
c196-042:14260:14294 [3] NCCL INFO Connected 1 MSCCL algorithms
c196-042:14260:14294 [3] NCCL INFO NCCL_NTHREADS set by environment to 512.
c196-062:9458:9492 [3] NCCL INFO NCCL_NTHREADS set by environment to 512.
c196-042:14260:14294 [3] NCCL INFO NCCL_PROTO set by environment to Simple
c196-062:9458:9492 [3] NCCL INFO NCCL_PROTO set by environment to Simple
c196-042:14260:14294 [3] NCCL INFO NCCL_ALGO set by environment to MSCCL,TREE,RING
c196-062:9458:9492 [3] NCCL INFO NCCL_ALGO set by environment to MSCCL,TREE,RING
c196-062:9458:9492 [3] NCCL INFO threadThresholds 8/8/64 | 256/8/64 | 8/8/64 | 8/8/512
c196-042:14260:14294 [3] NCCL INFO threadThresholds 8/8/64 | 256/8/64 | 8/8/64 | 8/8/512
c196-062:9458:9492 [3] NCCL INFO 2 coll channels, 2 p2p channels, 2 p2p channels per peer
c196-042:14260:14294 [3] NCCL INFO 2 coll channels, 2 p2p channels, 2 p2p channels per peer
c196-061:5023:5062 [0] NCCL INFO Channel 00/0 : 12[2000] -> 8[2000] [send] via NET/IB/0
c196-051:9115:9155 [0] NCCL INFO Channel 00/0 : 9[3000] -> 4[2000] [receive] via NET/IB/0
c196-072:27531:27568 [0] NCCL INFO Channel 00/0 : 28[2000] -> 24[2000] [receive] via NET/IB/0
c196-062:9455:9494 [0] NCCL INFO Channel 01/0 : 20[2000] -> 16[2000] [receive] via NET/IB/0
c196-061:5023:5062 [0] NCCL INFO Connected all trees
c196-061:5023:5062 [0] NCCL INFO MSCCL_XML_FILES set by environment to /home1/09168/ldai1/ccl-build/msccl_tools_lyd/examples/xml/xml_lyd/binomial_tree/allreduce_binomial_tree_1ch_32chunk.xml
c196-061:5023:5062 [0] NCCL INFO MSCCL: Parsing algorithm /home1/09168/ldai1/ccl-build/msccl_tools_lyd/examples/xml/xml_lyd/binomial_tree/allreduce_binomial_tree_1ch_32chunk.xml
c196-052:31490:31527 [1] NCCL INFO Channel 00 : 9[3000] -> 8[2000] via direct shared memory
c196-052:31490:31527 [1] NCCL INFO Channel 01 : 9[3000] -> 8[2000] via direct shared memory
c196-081:18615:18657 [0] NCCL INFO Connected all trees
c196-081:18615:18657 [0] NCCL INFO MSCCL_XML_FILES set by environment to /home1/09168/ldai1/ccl-build/msccl_tools_lyd/examples/xml/xml_lyd/binomial_tree/allreduce_binomial_tree_1ch_32chunk.xml
c196-081:18615:18657 [0] NCCL INFO MSCCL: Parsing algorithm /home1/09168/ldai1/ccl-build/msccl_tools_lyd/examples/xml/xml_lyd/binomial_tree/allreduce_binomial_tree_1ch_32chunk.xml
c196-061:5024:5060 [1] NCCL INFO Connected all trees
c196-061:5024:5060 [1] NCCL INFO MSCCL_XML_FILES set by environment to /home1/09168/ldai1/ccl-build/msccl_tools_lyd/examples/xml/xml_lyd/binomial_tree/allreduce_binomial_tree_1ch_32chunk.xml
c196-061:5024:5060 [1] NCCL INFO MSCCL: Parsing algorithm /home1/09168/ldai1/ccl-build/msccl_tools_lyd/examples/xml/xml_lyd/binomial_tree/allreduce_binomial_tree_1ch_32chunk.xml
c196-081:18616:18654 [1] NCCL INFO Connected all trees
c196-081:18616:18654 [1] NCCL INFO MSCCL_XML_FILES set by environment to /home1/09168/ldai1/ccl-build/msccl_tools_lyd/examples/xml/xml_lyd/binomial_tree/allreduce_binomial_tree_1ch_32chunk.xml
c196-081:18616:18654 [1] NCCL INFO MSCCL: Parsing algorithm /home1/09168/ldai1/ccl-build/msccl_tools_lyd/examples/xml/xml_lyd/binomial_tree/allreduce_binomial_tree_1ch_32chunk.xml
c196-052:31491:31523 [2] NCCL INFO Connected all trees
c196-052:31491:31523 [2] NCCL INFO MSCCL_XML_FILES set by environment to /home1/09168/ldai1/ccl-build/msccl_tools_lyd/examples/xml/xml_lyd/binomial_tree/allreduce_binomial_tree_1ch_32chunk.xml
c196-052:31491:31523 [2] NCCL INFO MSCCL: Parsing algorithm /home1/09168/ldai1/ccl-build/msccl_tools_lyd/examples/xml/xml_lyd/binomial_tree/allreduce_binomial_tree_1ch_32chunk.xml
c196-062:9455:9494 [0] NCCL INFO Connected all trees
c196-062:9455:9494 [0] NCCL INFO MSCCL_XML_FILES set by environment to /home1/09168/ldai1/ccl-build/msccl_tools_lyd/examples/xml/xml_lyd/binomial_tree/allreduce_binomial_tree_1ch_32chunk.xml
c196-062:9455:9494 [0] NCCL INFO MSCCL: Parsing algorithm /home1/09168/ldai1/ccl-build/msccl_tools_lyd/examples/xml/xml_lyd/binomial_tree/allreduce_binomial_tree_1ch_32chunk.xml
c196-062:9456:9496 [1] NCCL INFO Connected all trees
c196-062:9456:9496 [1] NCCL INFO MSCCL_XML_FILES set by environment to /home1/09168/ldai1/ccl-build/msccl_tools_lyd/examples/xml/xml_lyd/binomial_tree/allreduce_binomial_tree_1ch_32chunk.xml
c196-062:9456:9496 [1] NCCL INFO MSCCL: Parsing algorithm /home1/09168/ldai1/ccl-build/msccl_tools_lyd/examples/xml/xml_lyd/binomial_tree/allreduce_binomial_tree_1ch_32chunk.xml
c196-061:5023:5062 [0] NCCL INFO Parsed MSCCL Algorithm /home1/09168/ldai1/ccl-build/msccl_tools_lyd/examples/xml/xml_lyd/binomial_tree/allreduce_binomial_tree_1ch_32chunk.xml successfully.
c196-061:5023:5062 [0] NCCL INFO Connected 1 MSCCL algorithms
c196-061:5023:5062 [0] NCCL INFO NCCL_NTHREADS set by environment to 512.
c196-061:5023:5062 [0] NCCL INFO NCCL_PROTO set by environment to Simple
c196-061:5023:5062 [0] NCCL INFO NCCL_ALGO set by environment to MSCCL,TREE,RING
c196-061:5023:5062 [0] NCCL INFO threadThresholds 8/8/64 | 256/8/64 | 8/8/64 | 8/8/512
c196-061:5023:5062 [0] NCCL INFO 2 coll channels, 2 p2p channels, 2 p2p channels per peer
c196-081:18615:18657 [0] NCCL INFO Parsed MSCCL Algorithm /home1/09168/ldai1/ccl-build/msccl_tools_lyd/examples/xml/xml_lyd/binomial_tree/allreduce_binomial_tree_1ch_32chunk.xml successfully.
c196-081:18615:18657 [0] NCCL INFO Connected 1 MSCCL algorithms
c196-081:18615:18657 [0] NCCL INFO NCCL_NTHREADS set by environment to 512.
c196-081:18615:18657 [0] NCCL INFO NCCL_PROTO set by environment to Simple
c196-081:18615:18657 [0] NCCL INFO NCCL_ALGO set by environment to MSCCL,TREE,RING
c196-081:18615:18657 [0] NCCL INFO threadThresholds 8/8/64 | 256/8/64 | 8/8/64 | 8/8/512
c196-081:18615:18657 [0] NCCL INFO 2 coll channels, 2 p2p channels, 2 p2p channels per peer
c196-061:5024:5060 [1] NCCL INFO Parsed MSCCL Algorithm /home1/09168/ldai1/ccl-build/msccl_tools_lyd/examples/xml/xml_lyd/binomial_tree/allreduce_binomial_tree_1ch_32chunk.xml successfully.
c196-081:18616:18654 [1] NCCL INFO Parsed MSCCL Algorithm /home1/09168/ldai1/ccl-build/msccl_tools_lyd/examples/xml/xml_lyd/binomial_tree/allreduce_binomial_tree_1ch_32chunk.xml successfully.
c196-081:18616:18654 [1] NCCL INFO Connected 1 MSCCL algorithms
c196-061:5024:5060 [1] NCCL INFO Connected 1 MSCCL algorithms
c196-081:18616:18654 [1] NCCL INFO NCCL_NTHREADS set by environment to 512.
c196-061:5024:5060 [1] NCCL INFO NCCL_NTHREADS set by environment to 512.
c196-061:5024:5060 [1] NCCL INFO NCCL_PROTO set by environment to Simple
c196-081:18616:18654 [1] NCCL INFO NCCL_PROTO set by environment to Simple
c196-061:5024:5060 [1] NCCL INFO NCCL_ALGO set by environment to MSCCL,TREE,RING
c196-081:18616:18654 [1] NCCL INFO NCCL_ALGO set by environment to MSCCL,TREE,RING
c196-061:5024:5060 [1] NCCL INFO threadThresholds 8/8/64 | 256/8/64 | 8/8/64 | 8/8/512
c196-081:18616:18654 [1] NCCL INFO threadThresholds 8/8/64 | 256/8/64 | 8/8/64 | 8/8/512
c196-061:5024:5060 [1] NCCL INFO 2 coll channels, 2 p2p channels, 2 p2p channels per peer
c196-081:18616:18654 [1] NCCL INFO 2 coll channels, 2 p2p channels, 2 p2p channels per peer
c196-052:31491:31523 [2] NCCL INFO Parsed MSCCL Algorithm /home1/09168/ldai1/ccl-build/msccl_tools_lyd/examples/xml/xml_lyd/binomial_tree/allreduce_binomial_tree_1ch_32chunk.xml successfully.
c196-052:31491:31523 [2] NCCL INFO Connected 1 MSCCL algorithms
c196-052:31491:31523 [2] NCCL INFO NCCL_NTHREADS set by environment to 512.
c196-052:31491:31523 [2] NCCL INFO NCCL_PROTO set by environment to Simple
c196-052:31491:31523 [2] NCCL INFO NCCL_ALGO set by environment to MSCCL,TREE,RING
c196-052:31491:31523 [2] NCCL INFO threadThresholds 8/8/64 | 256/8/64 | 8/8/64 | 8/8/512
c196-052:31491:31523 [2] NCCL INFO 2 coll channels, 2 p2p channels, 2 p2p channels per peer
c196-062:9455:9494 [0] NCCL INFO Parsed MSCCL Algorithm /home1/09168/ldai1/ccl-build/msccl_tools_lyd/examples/xml/xml_lyd/binomial_tree/allreduce_binomial_tree_1ch_32chunk.xml successfully.
c196-062:9455:9494 [0] NCCL INFO Connected 1 MSCCL algorithms
c196-062:9455:9494 [0] NCCL INFO NCCL_NTHREADS set by environment to 512.
c196-062:9455:9494 [0] NCCL INFO NCCL_PROTO set by environment to Simple
c196-062:9455:9494 [0] NCCL INFO NCCL_ALGO set by environment to MSCCL,TREE,RING
c196-062:9455:9494 [0] NCCL INFO threadThresholds 8/8/64 | 256/8/64 | 8/8/64 | 8/8/512
c196-062:9455:9494 [0] NCCL INFO 2 coll channels, 2 p2p channels, 2 p2p channels per peer
c196-051:9115:9155 [0] NCCL INFO Channel 01/0 : 4[2000] -> 0[2000] [send] via NET/IB/0
c196-062:9456:9496 [1] NCCL INFO Parsed MSCCL Algorithm /home1/09168/ldai1/ccl-build/msccl_tools_lyd/examples/xml/xml_lyd/binomial_tree/allreduce_binomial_tree_1ch_32chunk.xml successfully.
c196-062:9456:9496 [1] NCCL INFO Connected 1 MSCCL algorithms
c196-062:9456:9496 [1] NCCL INFO NCCL_NTHREADS set by environment to 512.
c196-062:9456:9496 [1] NCCL INFO NCCL_PROTO set by environment to Simple
c196-062:9456:9496 [1] NCCL INFO NCCL_ALGO set by environment to MSCCL,TREE,RING
c196-062:9456:9496 [1] NCCL INFO threadThresholds 8/8/64 | 256/8/64 | 8/8/64 | 8/8/512
c196-062:9456:9496 [1] NCCL INFO 2 coll channels, 2 p2p channels, 2 p2p channels per peer
c196-072:27531:27568 [0] NCCL INFO Channel 01/0 : 24[2000] -> 21[3000] [send] via NET/IB/0
c196-052:31489:31526 [0] NCCL INFO Channel 01/0 : 8[2000] -> 5[3000] [send] via NET/IB/0
c196-072:27531:27568 [0] NCCL INFO Connected all trees
c196-072:27531:27568 [0] NCCL INFO MSCCL_XML_FILES set by environment to /home1/09168/ldai1/ccl-build/msccl_tools_lyd/examples/xml/xml_lyd/binomial_tree/allreduce_binomial_tree_1ch_32chunk.xml
c196-042:14257:14288 [0] NCCL INFO Connected all trees
c196-042:14257:14288 [0] NCCL INFO MSCCL_XML_FILES set by environment to /home1/09168/ldai1/ccl-build/msccl_tools_lyd/examples/xml/xml_lyd/binomial_tree/allreduce_binomial_tree_1ch_32chunk.xml
c196-072:27531:27568 [0] NCCL INFO MSCCL: Parsing algorithm /home1/09168/ldai1/ccl-build/msccl_tools_lyd/examples/xml/xml_lyd/binomial_tree/allreduce_binomial_tree_1ch_32chunk.xml
c196-042:14257:14288 [0] NCCL INFO MSCCL: Parsing algorithm /home1/09168/ldai1/ccl-build/msccl_tools_lyd/examples/xml/xml_lyd/binomial_tree/allreduce_binomial_tree_1ch_32chunk.xml
c196-052:31489:31526 [0] NCCL INFO Connected all trees
c196-052:31489:31526 [0] NCCL INFO MSCCL_XML_FILES set by environment to /home1/09168/ldai1/ccl-build/msccl_tools_lyd/examples/xml/xml_lyd/binomial_tree/allreduce_binomial_tree_1ch_32chunk.xml
c196-052:31489:31526 [0] NCCL INFO MSCCL: Parsing algorithm /home1/09168/ldai1/ccl-build/msccl_tools_lyd/examples/xml/xml_lyd/binomial_tree/allreduce_binomial_tree_1ch_32chunk.xml
c196-071:17344:17381 [1] NCCL INFO Channel 00 : 21[3000] -> 20[2000] via direct shared memory
c196-071:17344:17381 [1] NCCL INFO Channel 01 : 21[3000] -> 20[2000] via direct shared memory
c196-071:17343:17376 [0] NCCL INFO Connected all trees
c196-071:17343:17376 [0] NCCL INFO MSCCL_XML_FILES set by environment to /home1/09168/ldai1/ccl-build/msccl_tools_lyd/examples/xml/xml_lyd/binomial_tree/allreduce_binomial_tree_1ch_32chunk.xml
c196-071:17343:17376 [0] NCCL INFO MSCCL: Parsing algorithm /home1/09168/ldai1/ccl-build/msccl_tools_lyd/examples/xml/xml_lyd/binomial_tree/allreduce_binomial_tree_1ch_32chunk.xml
c196-042:14258:14297 [1] NCCL INFO Connected all trees
c196-042:14258:14297 [1] NCCL INFO MSCCL_XML_FILES set by environment to /home1/09168/ldai1/ccl-build/msccl_tools_lyd/examples/xml/xml_lyd/binomial_tree/allreduce_binomial_tree_1ch_32chunk.xml
c196-051:9116:9153 [1] NCCL INFO Channel 00 : 5[3000] -> 4[2000] via direct shared memory
c196-042:14258:14297 [1] NCCL INFO MSCCL: Parsing algorithm /home1/09168/ldai1/ccl-build/msccl_tools_lyd/examples/xml/xml_lyd/binomial_tree/allreduce_binomial_tree_1ch_32chunk.xml
c196-051:9116:9153 [1] NCCL INFO Channel 01 : 5[3000] -> 4[2000] via direct shared memory
c196-052:31490:31527 [1] NCCL INFO Connected all trees
c196-052:31490:31527 [1] NCCL INFO MSCCL_XML_FILES set by environment to /home1/09168/ldai1/ccl-build/msccl_tools_lyd/examples/xml/xml_lyd/binomial_tree/allreduce_binomial_tree_1ch_32chunk.xml
c196-052:31490:31527 [1] NCCL INFO MSCCL: Parsing algorithm /home1/09168/ldai1/ccl-build/msccl_tools_lyd/examples/xml/xml_lyd/binomial_tree/allreduce_binomial_tree_1ch_32chunk.xml
c196-072:27532:27570 [1] NCCL INFO Connected all trees
c196-072:27532:27570 [1] NCCL INFO MSCCL_XML_FILES set by environment to /home1/09168/ldai1/ccl-build/msccl_tools_lyd/examples/xml/xml_lyd/binomial_tree/allreduce_binomial_tree_1ch_32chunk.xml
c196-072:27532:27570 [1] NCCL INFO MSCCL: Parsing algorithm /home1/09168/ldai1/ccl-build/msccl_tools_lyd/examples/xml/xml_lyd/binomial_tree/allreduce_binomial_tree_1ch_32chunk.xml
c196-051:9115:9155 [0] NCCL INFO Connected all trees
c196-051:9115:9155 [0] NCCL INFO MSCCL_XML_FILES set by environment to /home1/09168/ldai1/ccl-build/msccl_tools_lyd/examples/xml/xml_lyd/binomial_tree/allreduce_binomial_tree_1ch_32chunk.xml
c196-051:9115:9155 [0] NCCL INFO MSCCL: Parsing algorithm /home1/09168/ldai1/ccl-build/msccl_tools_lyd/examples/xml/xml_lyd/binomial_tree/allreduce_binomial_tree_1ch_32chunk.xml
c196-071:17344:17381 [1] NCCL INFO Connected all trees
c196-071:17344:17381 [1] NCCL INFO MSCCL_XML_FILES set by environment to /home1/09168/ldai1/ccl-build/msccl_tools_lyd/examples/xml/xml_lyd/binomial_tree/allreduce_binomial_tree_1ch_32chunk.xml
c196-071:17344:17381 [1] NCCL INFO MSCCL: Parsing algorithm /home1/09168/ldai1/ccl-build/msccl_tools_lyd/examples/xml/xml_lyd/binomial_tree/allreduce_binomial_tree_1ch_32chunk.xml
c196-071:17345:17382 [2] NCCL INFO Connected all trees
c196-071:17345:17382 [2] NCCL INFO MSCCL_XML_FILES set by environment to /home1/09168/ldai1/ccl-build/msccl_tools_lyd/examples/xml/xml_lyd/binomial_tree/allreduce_binomial_tree_1ch_32chunk.xml
c196-071:17345:17382 [2] NCCL INFO MSCCL: Parsing algorithm /home1/09168/ldai1/ccl-build/msccl_tools_lyd/examples/xml/xml_lyd/binomial_tree/allreduce_binomial_tree_1ch_32chunk.xml
c196-051:9117:9151 [2] NCCL INFO Connected all trees
c196-051:9117:9151 [2] NCCL INFO MSCCL_XML_FILES set by environment to /home1/09168/ldai1/ccl-build/msccl_tools_lyd/examples/xml/xml_lyd/binomial_tree/allreduce_binomial_tree_1ch_32chunk.xml
c196-051:9117:9151 [2] NCCL INFO MSCCL: Parsing algorithm /home1/09168/ldai1/ccl-build/msccl_tools_lyd/examples/xml/xml_lyd/binomial_tree/allreduce_binomial_tree_1ch_32chunk.xml
c196-051:9116:9153 [1] NCCL INFO Connected all trees
c196-051:9116:9153 [1] NCCL INFO MSCCL_XML_FILES set by environment to /home1/09168/ldai1/ccl-build/msccl_tools_lyd/examples/xml/xml_lyd/binomial_tree/allreduce_binomial_tree_1ch_32chunk.xml
c196-051:9116:9153 [1] NCCL INFO MSCCL: Parsing algorithm /home1/09168/ldai1/ccl-build/msccl_tools_lyd/examples/xml/xml_lyd/binomial_tree/allreduce_binomial_tree_1ch_32chunk.xml
c196-061:5023:5062 [0] NCCL INFO comm 0x2b0d22000010 rank 12 nranks 32 cudaDev 0 busId 2000 - Init COMPLETE
c196-061:5025:5056 [2] NCCL INFO comm 0x2af4d155c010 rank 14 nranks 32 cudaDev 2 busId 82000 - Init COMPLETE
c196-061:5024:5060 [1] NCCL INFO comm 0x2b6dee000010 rank 13 nranks 32 cudaDev 1 busId 3000 - Init COMPLETE
c196-061:5026:5058 [3] NCCL INFO comm 0x2b091c000010 rank 15 nranks 32 cudaDev 3 busId 83000 - Init COMPLETE
c196-081:18616:18654 [1] NCCL INFO comm 0x2b37ae000010 rank 29 nranks 32 cudaDev 1 busId 3000 - Init COMPLETE
c196-081:18615:18657 [0] NCCL INFO comm 0x2b207d259010 rank 28 nranks 32 cudaDev 0 busId 2000 - Init COMPLETE
c196-081:18618:18648 [3] NCCL INFO comm 0x2ab21e000010 rank 31 nranks 32 cudaDev 3 busId 83000 - Init COMPLETE
c196-081:18617:18658 [2] NCCL INFO comm 0x2b02ce000010 rank 30 nranks 32 cudaDev 2 busId 82000 - Init COMPLETE
c196-042:14257:14288 [0] NCCL INFO Parsed MSCCL Algorithm /home1/09168/ldai1/ccl-build/msccl_tools_lyd/examples/xml/xml_lyd/binomial_tree/allreduce_binomial_tree_1ch_32chunk.xml successfully.
c196-042:14257:14288 [0] NCCL INFO Connected 1 MSCCL algorithms
c196-052:31489:31526 [0] NCCL INFO Parsed MSCCL Algorithm /home1/09168/ldai1/ccl-build/msccl_tools_lyd/examples/xml/xml_lyd/binomial_tree/allreduce_binomial_tree_1ch_32chunk.xml successfully.
c196-052:31489:31526 [0] NCCL INFO Connected 1 MSCCL algorithms
c196-042:14257:14288 [0] NCCL INFO NCCL_NTHREADS set by environment to 512.
c196-052:31489:31526 [0] NCCL INFO NCCL_NTHREADS set by environment to 512.
c196-042:14257:14288 [0] NCCL INFO NCCL_PROTO set by environment to Simple
c196-042:14257:14288 [0] NCCL INFO NCCL_ALGO set by environment to MSCCL,TREE,RING
c196-052:31489:31526 [0] NCCL INFO NCCL_PROTO set by environment to Simple
c196-042:14257:14288 [0] NCCL INFO threadThresholds 8/8/64 | 256/8/64 | 8/8/64 | 8/8/512
c196-052:31489:31526 [0] NCCL INFO NCCL_ALGO set by environment to MSCCL,TREE,RING
c196-042:14257:14288 [0] NCCL INFO 2 coll channels, 2 p2p channels, 2 p2p channels per peer
c196-052:31489:31526 [0] NCCL INFO threadThresholds 8/8/64 | 256/8/64 | 8/8/64 | 8/8/512
c196-052:31489:31526 [0] NCCL INFO 2 coll channels, 2 p2p channels, 2 p2p channels per peer
c196-072:27531:27568 [0] NCCL INFO Parsed MSCCL Algorithm /home1/09168/ldai1/ccl-build/msccl_tools_lyd/examples/xml/xml_lyd/binomial_tree/allreduce_binomial_tree_1ch_32chunk.xml successfully.
c196-072:27531:27568 [0] NCCL INFO Connected 1 MSCCL algorithms
c196-072:27531:27568 [0] NCCL INFO NCCL_NTHREADS set by environment to 512.
