# nThread 1 nGpus 1 minBytes 1024 maxBytes 268435456 step: 2(factor) warmup iters: 5 iters: 60 agg iters: 1 validation: 1 graph: 0
#
# Using devices
#  Rank  0 Group  0 Pid   7561 on   c196-071 device  0 [0x02] Quadro RTX 5000
#  Rank  1 Group  0 Pid   7562 on   c196-071 device  1 [0x03] Quadro RTX 5000
#  Rank  2 Group  0 Pid   7563 on   c196-071 device  2 [0x82] Quadro RTX 5000
#  Rank  3 Group  0 Pid   7564 on   c196-071 device  3 [0x83] Quadro RTX 5000
#  Rank  4 Group  0 Pid  11556 on   c196-072 device  0 [0x02] Quadro RTX 5000
#  Rank  5 Group  0 Pid  11557 on   c196-072 device  1 [0x03] Quadro RTX 5000
#  Rank  6 Group  0 Pid  11558 on   c196-072 device  2 [0x82] Quadro RTX 5000
#  Rank  7 Group  0 Pid  11559 on   c196-072 device  3 [0x83] Quadro RTX 5000
#  Rank  8 Group  0 Pid   8838 on   c196-081 device  0 [0x02] Quadro RTX 5000
#  Rank  9 Group  0 Pid   8839 on   c196-081 device  1 [0x03] Quadro RTX 5000
#  Rank 10 Group  0 Pid   8840 on   c196-081 device  2 [0x82] Quadro RTX 5000
#  Rank 11 Group  0 Pid   8841 on   c196-081 device  3 [0x83] Quadro RTX 5000
#  Rank 12 Group  0 Pid   1911 on   c196-082 device  0 [0x02] Quadro RTX 5000
#  Rank 13 Group  0 Pid   1912 on   c196-082 device  1 [0x03] Quadro RTX 5000
#  Rank 14 Group  0 Pid   1913 on   c196-082 device  2 [0x82] Quadro RTX 5000
#  Rank 15 Group  0 Pid   1914 on   c196-082 device  3 [0x83] Quadro RTX 5000
#  Rank 16 Group  0 Pid  14803 on   c196-091 device  0 [0x02] Quadro RTX 5000
#  Rank 17 Group  0 Pid  14804 on   c196-091 device  1 [0x03] Quadro RTX 5000
#  Rank 18 Group  0 Pid  14805 on   c196-091 device  2 [0x82] Quadro RTX 5000
#  Rank 19 Group  0 Pid  14806 on   c196-091 device  3 [0x83] Quadro RTX 5000
#  Rank 20 Group  0 Pid  24797 on   c196-092 device  0 [0x02] Quadro RTX 5000
#  Rank 21 Group  0 Pid  24798 on   c196-092 device  1 [0x03] Quadro RTX 5000
#  Rank 22 Group  0 Pid  24799 on   c196-092 device  2 [0x82] Quadro RTX 5000
#  Rank 23 Group  0 Pid  24800 on   c196-092 device  3 [0x83] Quadro RTX 5000
#  Rank 24 Group  0 Pid   1543 on   c196-101 device  0 [0x02] Quadro RTX 5000
#  Rank 25 Group  0 Pid   1544 on   c196-101 device  1 [0x03] Quadro RTX 5000
#  Rank 26 Group  0 Pid   1545 on   c196-101 device  2 [0x82] Quadro RTX 5000
#  Rank 27 Group  0 Pid   1546 on   c196-101 device  3 [0x83] Quadro RTX 5000
#  Rank 28 Group  0 Pid  25206 on   c196-102 device  0 [0x02] Quadro RTX 5000
#  Rank 29 Group  0 Pid  25207 on   c196-102 device  1 [0x03] Quadro RTX 5000
#  Rank 30 Group  0 Pid  25208 on   c196-102 device  2 [0x82] Quadro RTX 5000
#  Rank 31 Group  0 Pid  25209 on   c196-102 device  3 [0x83] Quadro RTX 5000
#  Rank 32 Group  0 Pid  29068 on   c196-111 device  0 [0x02] Quadro RTX 5000
#  Rank 33 Group  0 Pid  29069 on   c196-111 device  1 [0x03] Quadro RTX 5000
#  Rank 34 Group  0 Pid  29070 on   c196-111 device  2 [0x82] Quadro RTX 5000
#  Rank 35 Group  0 Pid  29071 on   c196-111 device  3 [0x83] Quadro RTX 5000
#  Rank 36 Group  0 Pid   2395 on   c196-112 device  0 [0x02] Quadro RTX 5000
#  Rank 37 Group  0 Pid   2396 on   c196-112 device  1 [0x03] Quadro RTX 5000
#  Rank 38 Group  0 Pid   2397 on   c196-112 device  2 [0x82] Quadro RTX 5000
#  Rank 39 Group  0 Pid   2398 on   c196-112 device  3 [0x83] Quadro RTX 5000
#  Rank 40 Group  0 Pid   5819 on   c197-011 device  0 [0x02] Quadro RTX 5000
#  Rank 41 Group  0 Pid   5820 on   c197-011 device  1 [0x03] Quadro RTX 5000
#  Rank 42 Group  0 Pid   5821 on   c197-011 device  2 [0x82] Quadro RTX 5000
#  Rank 43 Group  0 Pid   5822 on   c197-011 device  3 [0x83] Quadro RTX 5000
#  Rank 44 Group  0 Pid  19545 on   c197-012 device  0 [0x02] Quadro RTX 5000
#  Rank 45 Group  0 Pid  19546 on   c197-012 device  1 [0x03] Quadro RTX 5000
#  Rank 46 Group  0 Pid  19547 on   c197-012 device  2 [0x82] Quadro RTX 5000
#  Rank 47 Group  0 Pid  19548 on   c197-012 device  3 [0x83] Quadro RTX 5000
#  Rank 48 Group  0 Pid  21282 on   c197-021 device  0 [0x02] Quadro RTX 5000
#  Rank 49 Group  0 Pid  21283 on   c197-021 device  1 [0x03] Quadro RTX 5000
#  Rank 50 Group  0 Pid  21284 on   c197-021 device  2 [0x82] Quadro RTX 5000
#  Rank 51 Group  0 Pid  21285 on   c197-021 device  3 [0x83] Quadro RTX 5000
#  Rank 52 Group  0 Pid   3711 on   c197-022 device  0 [0x02] Quadro RTX 5000
#  Rank 53 Group  0 Pid   3712 on   c197-022 device  1 [0x03] Quadro RTX 5000
#  Rank 54 Group  0 Pid   3713 on   c197-022 device  2 [0x82] Quadro RTX 5000
#  Rank 55 Group  0 Pid   3714 on   c197-022 device  3 [0x83] Quadro RTX 5000
#  Rank 56 Group  0 Pid   5478 on   c197-031 device  0 [0x02] Quadro RTX 5000
#  Rank 57 Group  0 Pid   5479 on   c197-031 device  1 [0x03] Quadro RTX 5000
#  Rank 58 Group  0 Pid   5480 on   c197-031 device  2 [0x82] Quadro RTX 5000
#  Rank 59 Group  0 Pid   5481 on   c197-031 device  3 [0x83] Quadro RTX 5000
#  Rank 60 Group  0 Pid  14377 on   c197-032 device  0 [0x02] Quadro RTX 5000
#  Rank 61 Group  0 Pid  14378 on   c197-032 device  1 [0x03] Quadro RTX 5000
#  Rank 62 Group  0 Pid  14379 on   c197-032 device  2 [0x82] Quadro RTX 5000
#  Rank 63 Group  0 Pid  14380 on   c197-032 device  3 [0x83] Quadro RTX 5000
c196-071:7561:7561 [0] NCCL INFO Bootstrap : Using ib0:192.168.44.113<0>
c196-071:7561:7561 [0] NCCL INFO NET/Plugin : No plugin found (libnccl-net.so), using internal implementation
c196-071:7561:7561 [0] NCCL INFO NET/IB : Using [0]mlx4_0:1/IB [RO]; OOB ib0:192.168.44.113<0>
c196-071:7561:7561 [0] NCCL INFO Using network IB
NCCL version 2.12.12.MSCCL.0.7.4+cuda11.3
c196-071:7563:7563 [2] NCCL INFO Bootstrap : Using ib0:192.168.44.113<0>
c196-071:7563:7563 [2] NCCL INFO NET/Plugin : No plugin found (libnccl-net.so), using internal implementation
c196-071:7563:7563 [2] NCCL INFO NET/IB : Using [0]mlx4_0:1/IB [RO]; OOB ib0:192.168.44.113<0>
c196-071:7563:7563 [2] NCCL INFO Using network IB
c196-071:7562:7562 [1] NCCL INFO Bootstrap : Using ib0:192.168.44.113<0>
c196-071:7562:7562 [1] NCCL INFO NET/Plugin : No plugin found (libnccl-net.so), using internal implementation
c196-071:7562:7562 [1] NCCL INFO NET/IB : Using [0]mlx4_0:1/IB [RO]; OOB ib0:192.168.44.113<0>
c196-071:7562:7562 [1] NCCL INFO Using network IB
c196-071:7564:7564 [3] NCCL INFO Bootstrap : Using ib0:192.168.44.113<0>
c196-071:7564:7564 [3] NCCL INFO NET/Plugin : No plugin found (libnccl-net.so), using internal implementation
c196-071:7564:7564 [3] NCCL INFO NET/IB : Using [0]mlx4_0:1/IB [RO]; OOB ib0:192.168.44.113<0>
c196-071:7564:7564 [3] NCCL INFO Using network IB
c197-011:5822:5822 [3] NCCL INFO Bootstrap : Using ib0:192.168.44.123<0>
c196-081:8839:8839 [1] NCCL INFO Bootstrap : Using ib0:192.168.44.115<0>
c196-081:8840:8840 [2] NCCL INFO Bootstrap : Using ib0:192.168.44.115<0>
c196-081:8841:8841 [3] NCCL INFO Bootstrap : Using ib0:192.168.44.115<0>
c196-081:8838:8838 [0] NCCL INFO Bootstrap : Using ib0:192.168.44.115<0>
c197-011:5819:5819 [0] NCCL INFO Bootstrap : Using ib0:192.168.44.123<0>
c197-011:5819:5819 [0] NCCL INFO NET/Plugin : No plugin found (libnccl-net.so), using internal implementation
c197-011:5822:5822 [3] NCCL INFO NET/Plugin : No plugin found (libnccl-net.so), using internal implementation
c196-081:8840:8840 [2] NCCL INFO NET/Plugin : No plugin found (libnccl-net.so), using internal implementation
c196-081:8841:8841 [3] NCCL INFO NET/Plugin : No plugin found (libnccl-net.so), using internal implementation
c196-081:8838:8838 [0] NCCL INFO NET/Plugin : No plugin found (libnccl-net.so), using internal implementation
c196-081:8839:8839 [1] NCCL INFO NET/Plugin : No plugin found (libnccl-net.so), using internal implementation
c196-081:8840:8840 [2] NCCL INFO NET/IB : Using [0]mlx4_0:1/IB [RO]; OOB ib0:192.168.44.115<0>
c196-081:8840:8840 [2] NCCL INFO Using network IB
c196-081:8841:8841 [3] NCCL INFO NET/IB : Using [0]mlx4_0:1/IB [RO]; OOB ib0:192.168.44.115<0>
c196-081:8841:8841 [3] NCCL INFO Using network IB
c196-081:8838:8838 [0] NCCL INFO NET/IB : Using [0]mlx4_0:1/IB [RO]; OOB ib0:192.168.44.115<0>
c196-081:8838:8838 [0] NCCL INFO Using network IB
c196-081:8839:8839 [1] NCCL INFO NET/IB : Using [0]mlx4_0:1/IB [RO]; OOB ib0:192.168.44.115<0>
c196-081:8839:8839 [1] NCCL INFO Using network IB
c197-011:5821:5821 [2] NCCL INFO Bootstrap : Using ib0:192.168.44.123<0>
c197-011:5820:5820 [1] NCCL INFO Bootstrap : Using ib0:192.168.44.123<0>
c197-011:5820:5820 [1] NCCL INFO NET/Plugin : No plugin found (libnccl-net.so), using internal implementation
c197-011:5821:5821 [2] NCCL INFO NET/Plugin : No plugin found (libnccl-net.so), using internal implementation
c197-011:5819:5819 [0] NCCL INFO NET/IB : Using [0]mlx4_0:1/IB [RO]; OOB ib0:192.168.44.123<0>
c197-011:5819:5819 [0] NCCL INFO Using network IB
c197-011:5822:5822 [3] NCCL INFO NET/IB : Using [0]mlx4_0:1/IB [RO]; OOB ib0:192.168.44.123<0>
c197-011:5822:5822 [3] NCCL INFO Using network IB
c197-011:5821:5821 [2] NCCL INFO NET/IB : Using [0]mlx4_0:1/IB [RO]; OOB ib0:192.168.44.123<0>
c197-011:5821:5821 [2] NCCL INFO Using network IB
c197-011:5820:5820 [1] NCCL INFO NET/IB : Using [0]mlx4_0:1/IB [RO]; OOB ib0:192.168.44.123<0>
c197-011:5820:5820 [1] NCCL INFO Using network IB
c197-012:19545:19545 [0] NCCL INFO Bootstrap : Using ib0:192.168.44.124<0>
c197-012:19545:19545 [0] NCCL INFO NET/Plugin : No plugin found (libnccl-net.so), using internal implementation
c196-091:14805:14805 [2] NCCL INFO Bootstrap : Using ib0:192.168.44.117<0>
c197-012:19545:19545 [0] NCCL INFO NET/IB : Using [0]mlx4_0:1/IB [RO]; OOB ib0:192.168.44.124<0>
c197-012:19545:19545 [0] NCCL INFO Using network IB
c196-091:14805:14805 [2] NCCL INFO NET/Plugin : No plugin found (libnccl-net.so), using internal implementation
c196-102:25206:25206 [0] NCCL INFO Bootstrap : Using ib0:192.168.44.120<0>
c196-112:2395:2395 [0] NCCL INFO Bootstrap : Using ib0:192.168.44.122<0>
c196-102:25206:25206 [0] NCCL INFO NET/Plugin : No plugin found (libnccl-net.so), using internal implementation
c196-091:14805:14805 [2] NCCL INFO NET/IB : Using [0]mlx4_0:1/IB [RO]; OOB ib0:192.168.44.117<0>
c196-091:14805:14805 [2] NCCL INFO Using network IB
c196-112:2395:2395 [0] NCCL INFO NET/Plugin : No plugin found (libnccl-net.so), using internal implementation
c196-102:25206:25206 [0] NCCL INFO NET/IB : Using [0]mlx4_0:1/IB [RO]; OOB ib0:192.168.44.120<0>
c196-102:25206:25206 [0] NCCL INFO Using network IB
c197-031:5478:5478 [0] NCCL INFO Bootstrap : Using ib0:192.168.44.127<0>
c196-101:1546:1546 [3] NCCL INFO Bootstrap : Using ib0:192.168.44.119<0>
c197-031:5480:5480 [2] NCCL INFO Bootstrap : Using ib0:192.168.44.127<0>
c197-031:5481:5481 [3] NCCL INFO Bootstrap : Using ib0:192.168.44.127<0>
c196-112:2395:2395 [0] NCCL INFO NET/IB : Using [0]mlx4_0:1/IB [RO]; OOB ib0:192.168.44.122<0>
c196-112:2395:2395 [0] NCCL INFO Using network IB
c197-012:19546:19546 [1] NCCL INFO Bootstrap : Using ib0:192.168.44.124<0>
c197-031:5478:5478 [0] NCCL INFO NET/Plugin : No plugin found (libnccl-net.so), using internal implementation
c196-101:1546:1546 [3] NCCL INFO NET/Plugin : No plugin found (libnccl-net.so), using internal implementation
c197-031:5480:5480 [2] NCCL INFO NET/Plugin : No plugin found (libnccl-net.so), using internal implementation
c197-012:19546:19546 [1] NCCL INFO NET/Plugin : No plugin found (libnccl-net.so), using internal implementation
c197-031:5481:5481 [3] NCCL INFO NET/Plugin : No plugin found (libnccl-net.so), using internal implementation
c196-101:1546:1546 [3] NCCL INFO NET/IB : Using [0]mlx4_0:1/IB [RO]; OOB ib0:192.168.44.119<0>
c196-101:1546:1546 [3] NCCL INFO Using network IB
c197-012:19547:19547 [2] NCCL INFO Bootstrap : Using ib0:192.168.44.124<0>
c196-112:2396:2396 [1] NCCL INFO Bootstrap : Using ib0:192.168.44.122<0>
c197-012:19547:19547 [2] NCCL INFO NET/Plugin : No plugin found (libnccl-net.so), using internal implementation
c196-112:2396:2396 [1] NCCL INFO NET/Plugin : No plugin found (libnccl-net.so), using internal implementation
c197-012:19546:19546 [1] NCCL INFO NET/IB : Using [0]mlx4_0:1/IB [RO]; OOB ib0:192.168.44.124<0>
c197-012:19546:19546 [1] NCCL INFO Using network IB
c196-082:1911:1911 [0] NCCL INFO Bootstrap : Using ib0:192.168.44.116<0>
c196-082:1912:1912 [1] NCCL INFO Bootstrap : Using ib0:192.168.44.116<0>
c196-091:14806:14806 [3] NCCL INFO Bootstrap : Using ib0:192.168.44.117<0>
c196-091:14803:14803 [0] NCCL INFO Bootstrap : Using ib0:192.168.44.117<0>
c196-102:25207:25207 [1] NCCL INFO Bootstrap : Using ib0:192.168.44.120<0>
c197-012:19547:19547 [2] NCCL INFO NET/IB : Using [0]mlx4_0:1/IB [RO]; OOB ib0:192.168.44.124<0>
c197-012:19547:19547 [2] NCCL INFO Using network IB
c196-091:14806:14806 [3] NCCL INFO NET/Plugin : No plugin found (libnccl-net.so), using internal implementation
c196-091:14803:14803 [0] NCCL INFO NET/Plugin : No plugin found (libnccl-net.so), using internal implementation
c196-102:25207:25207 [1] NCCL INFO NET/Plugin : No plugin found (libnccl-net.so), using internal implementation
c196-112:2396:2396 [1] NCCL INFO NET/IB : Using [0]mlx4_0:1/IB [RO]; OOB ib0:192.168.44.122<0>
c196-112:2396:2396 [1] NCCL INFO Using network IB
c196-082:1911:1911 [0] NCCL INFO NET/Plugin : No plugin found (libnccl-net.so), using internal implementation
c196-082:1912:1912 [1] NCCL INFO NET/Plugin : No plugin found (libnccl-net.so), using internal implementation
c196-102:25207:25207 [1] NCCL INFO NET/IB : Using [0]mlx4_0:1/IB [RO]; OOB ib0:192.168.44.120<0>
c196-102:25207:25207 [1] NCCL INFO Using network IB
c196-091:14806:14806 [3] NCCL INFO NET/IB : Using [0]mlx4_0:1/IB [RO]; OOB ib0:192.168.44.117<0>
c196-091:14806:14806 [3] NCCL INFO Using network IB
c196-091:14803:14803 [0] NCCL INFO NET/IB : Using [0]mlx4_0:1/IB [RO]; OOB ib0:192.168.44.117<0>
c196-091:14803:14803 [0] NCCL INFO Using network IB
c197-031:5481:5481 [3] NCCL INFO NET/IB : Using [0]mlx4_0:1/IB [RO]; OOB ib0:192.168.44.127<0>
c197-031:5481:5481 [3] NCCL INFO Using network IB
c196-091:14804:14804 [1] NCCL INFO Bootstrap : Using ib0:192.168.44.117<0>
c197-031:5480:5480 [2] NCCL INFO NET/IB : Using [0]mlx4_0:1/IB [RO]; OOB ib0:192.168.44.127<0>
c197-031:5480:5480 [2] NCCL INFO Using network IB
c197-031:5478:5478 [0] NCCL INFO NET/IB : Using [0]mlx4_0:1/IB [RO]; OOB ib0:192.168.44.127<0>
c197-031:5478:5478 [0] NCCL INFO Using network IB
c197-031:5479:5479 [1] NCCL INFO Bootstrap : Using ib0:192.168.44.127<0>
c196-091:14804:14804 [1] NCCL INFO NET/Plugin : No plugin found (libnccl-net.so), using internal implementation
c197-031:5479:5479 [1] NCCL INFO NET/Plugin : No plugin found (libnccl-net.so), using internal implementation
c196-101:1543:1543 [0] NCCL INFO Bootstrap : Using ib0:192.168.44.119<0>
c196-101:1543:1543 [0] NCCL INFO NET/Plugin : No plugin found (libnccl-net.so), using internal implementation
c197-031:5479:5479 [1] NCCL INFO NET/IB : Using [0]mlx4_0:1/IB [RO]; OOB ib0:192.168.44.127<0>
c197-031:5479:5479 [1] NCCL INFO Using network IB
c196-082:1914:1914 [3] NCCL INFO Bootstrap : Using ib0:192.168.44.116<0>
c196-091:14804:14804 [1] NCCL INFO NET/IB : Using [0]mlx4_0:1/IB [RO]; OOB ib0:192.168.44.117<0>
c196-091:14804:14804 [1] NCCL INFO Using network IB
c196-082:1914:1914 [3] NCCL INFO NET/Plugin : No plugin found (libnccl-net.so), using internal implementation
c197-012:19548:19548 [3] NCCL INFO Bootstrap : Using ib0:192.168.44.124<0>
c197-012:19548:19548 [3] NCCL INFO NET/Plugin : No plugin found (libnccl-net.so), using internal implementation
c196-082:1912:1912 [1] NCCL INFO NET/IB : Using [0]mlx4_0:1/IB [RO]; OOB ib0:192.168.44.116<0>
c196-082:1912:1912 [1] NCCL INFO Using network IB
c196-082:1911:1911 [0] NCCL INFO NET/IB : Using [0]mlx4_0:1/IB [RO]; OOB ib0:192.168.44.116<0>
c196-082:1911:1911 [0] NCCL INFO Using network IB
c196-101:1543:1543 [0] NCCL INFO NET/IB : Using [0]mlx4_0:1/IB [RO]; OOB ib0:192.168.44.119<0>
c196-101:1543:1543 [0] NCCL INFO Using network IB
c196-082:1914:1914 [3] NCCL INFO NET/IB : Using [0]mlx4_0:1/IB [RO]; OOB ib0:192.168.44.116<0>
c196-082:1914:1914 [3] NCCL INFO Using network IB
c197-012:19548:19548 [3] NCCL INFO NET/IB : Using [0]mlx4_0:1/IB [RO]; OOB ib0:192.168.44.124<0>
c197-012:19548:19548 [3] NCCL INFO Using network IB
c196-112:2398:2398 [3] NCCL INFO Bootstrap : Using ib0:192.168.44.122<0>
c196-112:2397:2397 [2] NCCL INFO Bootstrap : Using ib0:192.168.44.122<0>
c196-112:2397:2397 [2] NCCL INFO NET/Plugin : No plugin found (libnccl-net.so), using internal implementation
c196-112:2398:2398 [3] NCCL INFO NET/Plugin : No plugin found (libnccl-net.so), using internal implementation
c196-082:1913:1913 [2] NCCL INFO Bootstrap : Using ib0:192.168.44.116<0>
c196-082:1913:1913 [2] NCCL INFO NET/Plugin : No plugin found (libnccl-net.so), using internal implementation
c196-111:29070:29070 [2] NCCL INFO Bootstrap : Using ib0:192.168.44.121<0>
c196-111:29071:29071 [3] NCCL INFO Bootstrap : Using ib0:192.168.44.121<0>
c196-082:1913:1913 [2] NCCL INFO NET/IB : Using [0]mlx4_0:1/IB [RO]; OOB ib0:192.168.44.116<0>
c196-082:1913:1913 [2] NCCL INFO Using network IB
c196-111:29070:29070 [2] NCCL INFO NET/Plugin : No plugin found (libnccl-net.so), using internal implementation
c196-111:29071:29071 [3] NCCL INFO NET/Plugin : No plugin found (libnccl-net.so), using internal implementation
c196-101:1544:1544 [1] NCCL INFO Bootstrap : Using ib0:192.168.44.119<0>
c196-101:1545:1545 [2] NCCL INFO Bootstrap : Using ib0:192.168.44.119<0>
c196-101:1544:1544 [1] NCCL INFO NET/Plugin : No plugin found (libnccl-net.so), using internal implementation
c196-101:1545:1545 [2] NCCL INFO NET/Plugin : No plugin found (libnccl-net.so), using internal implementation
c196-112:2397:2397 [2] NCCL INFO NET/IB : Using [0]mlx4_0:1/IB [RO]; OOB ib0:192.168.44.122<0>
c196-112:2397:2397 [2] NCCL INFO Using network IB
c196-102:25208:25208 [2] NCCL INFO Bootstrap : Using ib0:192.168.44.120<0>
c196-112:2398:2398 [3] NCCL INFO NET/IB : Using [0]mlx4_0:1/IB [RO]; OOB ib0:192.168.44.122<0>
c196-112:2398:2398 [3] NCCL INFO Using network IB
c196-102:25208:25208 [2] NCCL INFO NET/Plugin : No plugin found (libnccl-net.so), using internal implementation
c196-102:25208:25208 [2] NCCL INFO NET/IB : Using [0]mlx4_0:1/IB [RO]; OOB ib0:192.168.44.120<0>
c196-102:25208:25208 [2] NCCL INFO Using network IB
c196-111:29071:29071 [3] NCCL INFO NET/IB : Using [0]mlx4_0:1/IB [RO]; OOB ib0:192.168.44.121<0>
c196-111:29071:29071 [3] NCCL INFO Using network IB
c196-111:29070:29070 [2] NCCL INFO NET/IB : Using [0]mlx4_0:1/IB [RO]; OOB ib0:192.168.44.121<0>
c196-111:29070:29070 [2] NCCL INFO Using network IB
c196-102:25209:25209 [3] NCCL INFO Bootstrap : Using ib0:192.168.44.120<0>
c196-101:1544:1544 [1] NCCL INFO NET/IB : Using [0]mlx4_0:1/IB [RO]; OOB ib0:192.168.44.119<0>
c196-101:1544:1544 [1] NCCL INFO Using network IB
c196-101:1545:1545 [2] NCCL INFO NET/IB : Using [0]mlx4_0:1/IB [RO]; OOB ib0:192.168.44.119<0>
c196-101:1545:1545 [2] NCCL INFO Using network IB
c196-102:25209:25209 [3] NCCL INFO NET/Plugin : No plugin found (libnccl-net.so), using internal implementation
c196-102:25209:25209 [3] NCCL INFO NET/IB : Using [0]mlx4_0:1/IB [RO]; OOB ib0:192.168.44.120<0>
c196-102:25209:25209 [3] NCCL INFO Using network IB
c196-111:29069:29069 [1] NCCL INFO Bootstrap : Using ib0:192.168.44.121<0>
c196-111:29068:29068 [0] NCCL INFO Bootstrap : Using ib0:192.168.44.121<0>
c196-111:29068:29068 [0] NCCL INFO NET/Plugin : No plugin found (libnccl-net.so), using internal implementation
c196-111:29069:29069 [1] NCCL INFO NET/Plugin : No plugin found (libnccl-net.so), using internal implementation
c196-111:29069:29069 [1] NCCL INFO NET/IB : Using [0]mlx4_0:1/IB [RO]; OOB ib0:192.168.44.121<0>
c196-111:29069:29069 [1] NCCL INFO Using network IB
c196-111:29068:29068 [0] NCCL INFO NET/IB : Using [0]mlx4_0:1/IB [RO]; OOB ib0:192.168.44.121<0>
c196-111:29068:29068 [0] NCCL INFO Using network IB
c197-021:21282:21282 [0] NCCL INFO Bootstrap : Using ib0:192.168.44.125<0>
c197-021:21283:21283 [1] NCCL INFO Bootstrap : Using ib0:192.168.44.125<0>
c197-021:21284:21284 [2] NCCL INFO Bootstrap : Using ib0:192.168.44.125<0>
c197-021:21285:21285 [3] NCCL INFO Bootstrap : Using ib0:192.168.44.125<0>
c197-021:21282:21282 [0] NCCL INFO NET/Plugin : No plugin found (libnccl-net.so), using internal implementation
c197-021:21283:21283 [1] NCCL INFO NET/Plugin : No plugin found (libnccl-net.so), using internal implementation
c197-021:21284:21284 [2] NCCL INFO NET/Plugin : No plugin found (libnccl-net.so), using internal implementation
c197-021:21285:21285 [3] NCCL INFO NET/Plugin : No plugin found (libnccl-net.so), using internal implementation
c196-072:11559:11559 [3] NCCL INFO Bootstrap : Using ib0:192.168.44.114<0>
c196-072:11559:11559 [3] NCCL INFO NET/Plugin : No plugin found (libnccl-net.so), using internal implementation
c196-072:11559:11559 [3] NCCL INFO NET/IB : Using [0]mlx4_0:1/IB [RO]; OOB ib0:192.168.44.114<0>
c196-072:11559:11559 [3] NCCL INFO Using network IB
c196-072:11558:11558 [2] NCCL INFO Bootstrap : Using ib0:192.168.44.114<0>
c196-072:11558:11558 [2] NCCL INFO NET/Plugin : No plugin found (libnccl-net.so), using internal implementation
c196-092:24799:24799 [2] NCCL INFO Bootstrap : Using ib0:192.168.44.118<0>
c196-092:24799:24799 [2] NCCL INFO NET/Plugin : No plugin found (libnccl-net.so), using internal implementation
c197-032:14379:14379 [2] NCCL INFO Bootstrap : Using ib0:192.168.44.128<0>
c197-032:14380:14380 [3] NCCL INFO Bootstrap : Using ib0:192.168.44.128<0>
c196-072:11558:11558 [2] NCCL INFO NET/IB : Using [0]mlx4_0:1/IB [RO]; OOB ib0:192.168.44.114<0>
c196-072:11558:11558 [2] NCCL INFO Using network IB
c196-072:11556:11556 [0] NCCL INFO Bootstrap : Using ib0:192.168.44.114<0>
c197-032:14379:14379 [2] NCCL INFO NET/Plugin : No plugin found (libnccl-net.so), using internal implementation
c197-032:14380:14380 [3] NCCL INFO NET/Plugin : No plugin found (libnccl-net.so), using internal implementation
c196-072:11556:11556 [0] NCCL INFO NET/Plugin : No plugin found (libnccl-net.so), using internal implementation
c196-092:24799:24799 [2] NCCL INFO NET/IB : Using [0]mlx4_0:1/IB [RO]; OOB ib0:192.168.44.118<0>
c196-092:24799:24799 [2] NCCL INFO Using network IB
c196-072:11556:11556 [0] NCCL INFO NET/IB : Using [0]mlx4_0:1/IB [RO]; OOB ib0:192.168.44.114<0>
c196-072:11556:11556 [0] NCCL INFO Using network IB
c197-032:14377:14377 [0] NCCL INFO Bootstrap : Using ib0:192.168.44.128<0>
c197-032:14378:14378 [1] NCCL INFO Bootstrap : Using ib0:192.168.44.128<0>
c197-021:21285:21285 [3] NCCL INFO NET/IB : Using [0]mlx4_0:1/IB [RO]; OOB ib0:192.168.44.125<0>
c197-021:21285:21285 [3] NCCL INFO Using network IB
c197-032:14377:14377 [0] NCCL INFO NET/Plugin : No plugin found (libnccl-net.so), using internal implementation
c197-021:21282:21282 [0] NCCL INFO NET/IB : Using [0]mlx4_0:1/IB [RO]; OOB ib0:192.168.44.125<0>
c197-021:21282:21282 [0] NCCL INFO Using network IB
c197-032:14378:14378 [1] NCCL INFO NET/Plugin : No plugin found (libnccl-net.so), using internal implementation
c197-021:21283:21283 [1] NCCL INFO NET/IB : Using [0]mlx4_0:1/IB [RO]; OOB ib0:192.168.44.125<0>
c197-021:21283:21283 [1] NCCL INFO Using network IB
c197-021:21284:21284 [2] NCCL INFO NET/IB : Using [0]mlx4_0:1/IB [RO]; OOB ib0:192.168.44.125<0>
c197-021:21284:21284 [2] NCCL INFO Using network IB
c197-022:3713:3713 [2] NCCL INFO Bootstrap : Using ib0:192.168.44.126<0>
c197-032:14379:14379 [2] NCCL INFO NET/IB : Using [0]mlx4_0:1/IB [RO]; OOB ib0:192.168.44.128<0>
c197-032:14379:14379 [2] NCCL INFO Using network IB
c197-032:14380:14380 [3] NCCL INFO NET/IB : Using [0]mlx4_0:1/IB [RO]; OOB ib0:192.168.44.128<0>
c197-032:14380:14380 [3] NCCL INFO Using network IB
c196-072:11557:11557 [1] NCCL INFO Bootstrap : Using ib0:192.168.44.114<0>
c197-022:3713:3713 [2] NCCL INFO NET/Plugin : No plugin found (libnccl-net.so), using internal implementation
c196-072:11557:11557 [1] NCCL INFO NET/Plugin : No plugin found (libnccl-net.so), using internal implementation
c197-032:14377:14377 [0] NCCL INFO NET/IB : Using [0]mlx4_0:1/IB [RO]; OOB ib0:192.168.44.128<0>
c197-032:14377:14377 [0] NCCL INFO Using network IB
c197-032:14378:14378 [1] NCCL INFO NET/IB : Using [0]mlx4_0:1/IB [RO]; OOB ib0:192.168.44.128<0>
c197-032:14378:14378 [1] NCCL INFO Using network IB
c196-092:24800:24800 [3] NCCL INFO Bootstrap : Using ib0:192.168.44.118<0>
c196-092:24797:24797 [0] NCCL INFO Bootstrap : Using ib0:192.168.44.118<0>
c196-092:24798:24798 [1] NCCL INFO Bootstrap : Using ib0:192.168.44.118<0>
c196-072:11557:11557 [1] NCCL INFO NET/IB : Using [0]mlx4_0:1/IB [RO]; OOB ib0:192.168.44.114<0>
c196-072:11557:11557 [1] NCCL INFO Using network IB
c197-022:3713:3713 [2] NCCL INFO NET/IB : Using [0]mlx4_0:1/IB [RO]; OOB ib0:192.168.44.126<0>
c197-022:3713:3713 [2] NCCL INFO Using network IB
c196-092:24800:24800 [3] NCCL INFO NET/Plugin : No plugin found (libnccl-net.so), using internal implementation
c196-092:24797:24797 [0] NCCL INFO NET/Plugin : No plugin found (libnccl-net.so), using internal implementation
c196-092:24798:24798 [1] NCCL INFO NET/Plugin : No plugin found (libnccl-net.so), using internal implementation
c197-022:3714:3714 [3] NCCL INFO Bootstrap : Using ib0:192.168.44.126<0>
c197-022:3711:3711 [0] NCCL INFO Bootstrap : Using ib0:192.168.44.126<0>
c197-022:3712:3712 [1] NCCL INFO Bootstrap : Using ib0:192.168.44.126<0>
c197-022:3714:3714 [3] NCCL INFO NET/Plugin : No plugin found (libnccl-net.so), using internal implementation
c197-022:3711:3711 [0] NCCL INFO NET/Plugin : No plugin found (libnccl-net.so), using internal implementation
c197-022:3712:3712 [1] NCCL INFO NET/Plugin : No plugin found (libnccl-net.so), using internal implementation
c196-092:24800:24800 [3] NCCL INFO NET/IB : Using [0]mlx4_0:1/IB [RO]; OOB ib0:192.168.44.118<0>
c196-092:24800:24800 [3] NCCL INFO Using network IB
c196-092:24798:24798 [1] NCCL INFO NET/IB : Using [0]mlx4_0:1/IB [RO]; OOB ib0:192.168.44.118<0>
c196-092:24798:24798 [1] NCCL INFO Using network IB
c196-092:24797:24797 [0] NCCL INFO NET/IB : Using [0]mlx4_0:1/IB [RO]; OOB ib0:192.168.44.118<0>
c196-092:24797:24797 [0] NCCL INFO Using network IB
c197-022:3714:3714 [3] NCCL INFO NET/IB : Using [0]mlx4_0:1/IB [RO]; OOB ib0:192.168.44.126<0>
c197-022:3714:3714 [3] NCCL INFO Using network IB
c197-022:3711:3711 [0] NCCL INFO NET/IB : Using [0]mlx4_0:1/IB [RO]; OOB ib0:192.168.44.126<0>
c197-022:3711:3711 [0] NCCL INFO Using network IB
c197-022:3712:3712 [1] NCCL INFO NET/IB : Using [0]mlx4_0:1/IB [RO]; OOB ib0:192.168.44.126<0>
c197-022:3712:3712 [1] NCCL INFO Using network IB
c196-071:7561:7595 [0] NCCL INFO Setting affinity for GPU 0 to 0f000f
c196-081:8840:8874 [2] NCCL INFO Setting affinity for GPU 2 to 0f00
c196-082:1914:1950 [3] NCCL INFO Setting affinity for GPU 3 to f000f000
c196-071:7564:7605 [3] NCCL INFO Setting affinity for GPU 3 to f000f000
c196-071:7563:7601 [2] NCCL INFO Setting affinity for GPU 2 to 0f000f00
c196-102:25206:25244 [0] NCCL INFO Setting affinity for GPU 0 to 0f000f
c196-071:7562:7603 [1] NCCL INFO Setting affinity for GPU 1 to f000f0
c196-111:29068:29110 [0] NCCL INFO Setting affinity for GPU 0 to 0f000f
c196-091:14806:14843 [3] NCCL INFO Setting affinity for GPU 3 to f000f000
c196-092:24799:24833 [2] NCCL INFO Setting affinity for GPU 2 to 0f000f00
c197-031:5478:5518 [0] NCCL INFO Setting affinity for GPU 0 to 0f000f
c197-031:5479:5520 [1] NCCL INFO Setting affinity for GPU 1 to f000f0
c196-081:8838:8879 [0] NCCL INFO Setting affinity for GPU 0 to 0f
c196-102:25209:25250 [3] NCCL INFO Setting affinity for GPU 3 to f000f000
c196-072:11559:11592 [3] NCCL INFO Setting affinity for GPU 3 to f000f000
c196-112:2396:2432 [1] NCCL INFO Setting affinity for GPU 1 to f000f0
c196-072:11558:11594 [2] NCCL INFO Setting affinity for GPU 2 to 0f000f00
c197-032:14377:14418 [0] NCCL INFO Setting affinity for GPU 0 to 0f000f
c197-021:21284:21324 [2] NCCL INFO Setting affinity for GPU 2 to 0f000f00
c196-111:29071:29105 [3] NCCL INFO Setting affinity for GPU 3 to f000f000
c196-082:1911:1948 [0] NCCL INFO Setting affinity for GPU 0 to 0f000f
c196-091:14804:14846 [1] NCCL INFO Setting affinity for GPU 1 to f000f0
c197-021:21285:21319 [3] NCCL INFO Setting affinity for GPU 3 to f000f000
c197-012:19546:19584 [1] NCCL INFO Setting affinity for GPU 1 to f000f0
c196-091:14805:14840 [2] NCCL INFO Setting affinity for GPU 2 to 0f000f00
c196-082:1913:1952 [2] NCCL INFO Setting affinity for GPU 2 to 0f000f00
c196-101:1546:1579 [3] NCCL INFO Setting affinity for GPU 3 to f000f000
c196-081:8839:8880 [1] NCCL INFO Setting affinity for GPU 1 to f0
c196-081:8841:8878 [3] NCCL INFO Setting affinity for GPU 3 to f000
c196-112:2398:2436 [3] NCCL INFO Setting affinity for GPU 3 to f000f000
c197-022:3714:3750 [3] NCCL INFO Setting affinity for GPU 3 to f000f000
c196-082:1912:1947 [1] NCCL INFO Setting affinity for GPU 1 to f000f0
c196-101:1543:1581 [0] NCCL INFO Setting affinity for GPU 0 to 0f000f
c196-091:14803:14844 [0] NCCL INFO Setting affinity for GPU 0 to 0f000f
c196-112:2395:2430 [0] NCCL INFO Setting affinity for GPU 0 to 0f000f
c196-111:29069:29109 [1] NCCL INFO Setting affinity for GPU 1 to f000f0
c197-012:19548:19588 [3] NCCL INFO Setting affinity for GPU 3 to f000f000
c196-111:29070:29106 [2] NCCL INFO Setting affinity for GPU 2 to 0f000f00
c197-012:19545:19581 [0] NCCL INFO Setting affinity for GPU 0 to 0f000f
c197-022:3713:3748 [2] NCCL INFO Setting affinity for GPU 2 to 0f000f00
c196-102:25207:25246 [1] NCCL INFO Setting affinity for GPU 1 to f000f0
c197-012:19547:19586 [2] NCCL INFO Setting affinity for GPU 2 to 0f000f00
c196-112:2397:2435 [2] NCCL INFO Setting affinity for GPU 2 to 0f000f00
c196-102:25208:25248 [2] NCCL INFO Setting affinity for GPU 2 to 0f000f00
c197-031:5481:5515 [3] NCCL INFO Setting affinity for GPU 3 to f000f000
c197-031:5480:5517 [2] NCCL INFO Setting affinity for GPU 2 to 0f000f00
c196-092:24798:24838 [1] NCCL INFO Setting affinity for GPU 1 to f000f0
c197-021:21282:21321 [0] NCCL INFO Setting affinity for GPU 0 to 0f000f
c197-021:21283:21323 [1] NCCL INFO Setting affinity for GPU 1 to f000f0
c196-092:24800:24836 [3] NCCL INFO Setting affinity for GPU 3 to f000f000
c196-092:24797:24839 [0] NCCL INFO Setting affinity for GPU 0 to 0f000f
c196-072:11556:11596 [0] NCCL INFO Setting affinity for GPU 0 to 0f000f
c197-022:3711:3753 [0] NCCL INFO Setting affinity for GPU 0 to 0f000f
c197-011:5819:5855 [0] NCCL INFO Setting affinity for GPU 0 to 0f000f
c197-022:3712:3754 [1] NCCL INFO Setting affinity for GPU 1 to f000f0
c196-072:11557:11598 [1] NCCL INFO Setting affinity for GPU 1 to f000f0
c196-101:1544:1584 [1] NCCL INFO Setting affinity for GPU 1 to f000f0
c196-101:1545:1585 [2] NCCL INFO Setting affinity for GPU 2 to 0f000f00
c197-011:5820:5860 [1] NCCL INFO Setting affinity for GPU 1 to f000f0
c197-032:14378:14419 [1] NCCL INFO Setting affinity for GPU 1 to f000f0
c197-032:14379:14415 [2] NCCL INFO Setting affinity for GPU 2 to 0f000f00
c197-032:14380:14414 [3] NCCL INFO Setting affinity for GPU 3 to f000f000
c197-011:5822:5856 [3] NCCL INFO Setting affinity for GPU 3 to f000f000
c197-011:5821:5859 [2] NCCL INFO Setting affinity for GPU 2 to 0f000f00
c197-011:5821:5859 [2] NCCL INFO Trees [0] 43/-1/-1->42->41 [1] 43/-1/-1->42->41
c196-112:2395:2430 [0] NCCL INFO Trees [0] 37/-1/-1->36->41 [1] 37/32/-1->36->44
c196-111:29070:29106 [2] NCCL INFO Trees [0] 35/-1/-1->34->33 [1] 35/-1/-1->34->33
c197-012:19545:19581 [0] NCCL INFO Trees [0] 45/-1/-1->44->40 [1] 45/36/-1->44->29
c196-092:24800:24836 [3] NCCL INFO Trees [0] -1/-1/-1->23->22 [1] -1/-1/-1->23->22
c197-011:5822:5856 [3] NCCL INFO Trees [0] -1/-1/-1->43->42 [1] -1/-1/-1->43->42
c196-112:2396:2432 [1] NCCL INFO Trees [0] 38/-1/-1->37->36 [1] 38/40/-1->37->36
c196-102:25207:25246 [1] NCCL INFO Trees [0] 30/-1/-1->29->28 [1] 30/44/-1->29->28
c196-111:29071:29105 [3] NCCL INFO Trees [0] -1/-1/-1->35->34 [1] -1/-1/-1->35->34
c196-101:1546:1579 [3] NCCL INFO Trees [0] -1/-1/-1->27->26 [1] -1/-1/-1->27->26
c197-012:19547:19586 [2] NCCL INFO Trees [0] 47/-1/-1->46->45 [1] 47/-1/-1->46->45
c196-091:14806:14843 [3] NCCL INFO Trees [0] -1/-1/-1->19->18 [1] -1/-1/-1->19->18
c196-092:24798:24838 [1] NCCL INFO Trees [0] 22/-1/-1->21->20 [1] 22/24/-1->21->20
c197-011:5819:5855 [0] NCCL INFO Trees [0] 41/44/-1->40->49 [1] 41/-1/-1->40->37
c197-022:3711:3753 [0] NCCL INFO Trees [0] 53/-1/-1->52->57 [1] 53/48/-1->52->45
c196-112:2398:2436 [3] NCCL INFO Trees [0] -1/-1/-1->39->38 [1] -1/-1/-1->39->38
c196-102:25208:25248 [2] NCCL INFO Trees [0] 31/-1/-1->30->29 [1] 31/-1/-1->30->29
c196-111:29068:29110 [0] NCCL INFO Trees [0] 33/48/-1->32->0 [1] 33/-1/-1->32->36
c196-082:1914:1950 [3] NCCL INFO Trees [0] -1/-1/-1->15->14 [1] -1/-1/-1->15->14
c196-101:1544:1584 [1] NCCL INFO Trees [0] 26/20/-1->25->24 [1] 26/-1/-1->25->24
c197-021:21282:21321 [0] NCCL INFO Trees [0] 49/56/-1->48->32 [1] 49/-1/-1->48->52
c196-071:7561:7595 [0] NCCL INFO Channel 00/02 :    0   1   2   3   4   5   6   7   8   9  10  11  12  13  14  15  16  17  18  19
c196-071:7561:7595 [0] NCCL INFO Channel 01/02 :    0   1   2   3   4   5   6   7   8   9  10  11  12  13  14  15  16  17  18  19
c197-012:19546:19584 [1] NCCL INFO Trees [0] 46/-1/-1->45->44 [1] 46/52/-1->45->44
c196-091:14805:14840 [2] NCCL INFO Trees [0] 19/-1/-1->18->17 [1] 19/-1/-1->18->17
c196-081:8840:8874 [2] NCCL INFO Trees [0] 11/-1/-1->10->9 [1] 11/-1/-1->10->9
c196-092:24799:24833 [2] NCCL INFO Trees [0] 23/-1/-1->22->21 [1] 23/-1/-1->22->21
c197-011:5820:5860 [1] NCCL INFO Trees [0] 42/36/-1->41->40 [1] 42/-1/-1->41->40
c197-022:3712:3754 [1] NCCL INFO Trees [0] 54/-1/-1->53->52 [1] 54/56/-1->53->52
c197-032:14377:14418 [0] NCCL INFO Trees [0] 61/-1/-1->60->56 [1] 61/28/-1->60->-1
c196-112:2397:2435 [2] NCCL INFO Trees [0] 39/-1/-1->38->37 [1] 39/-1/-1->38->37
c196-102:25209:25250 [3] NCCL INFO Trees [0] -1/-1/-1->31->30 [1] -1/-1/-1->31->30
c196-111:29069:29109 [1] NCCL INFO Trees [0] 34/16/-1->33->32 [1] 34/-1/-1->33->32
c196-082:1913:1952 [2] NCCL INFO Trees [0] 15/-1/-1->14->13 [1] 15/-1/-1->14->13
c196-101:1545:1585 [2] NCCL INFO Trees [0] 27/-1/-1->26->25 [1] 27/-1/-1->26->25
c196-072:11558:11594 [2] NCCL INFO Trees [0] 7/-1/-1->6->5 [1] 7/-1/-1->6->5
c197-021:21283:21323 [1] NCCL INFO Trees [0] 50/40/-1->49->48 [1] 50/-1/-1->49->48
c197-031:5478:5518 [0] NCCL INFO Trees [0] 57/60/-1->56->48 [1] 57/-1/-1->56->53
c196-071:7561:7595 [0] NCCL INFO Trees [0] 1/32/-1->0->-1 [1] 1/-1/-1->0->4
c197-012:19548:19588 [3] NCCL INFO Trees [0] -1/-1/-1->47->46 [1] -1/-1/-1->47->46
c196-091:14804:14846 [1] NCCL INFO Trees [0] 18/8/-1->17->16 [1] 18/-1/-1->17->16
c196-081:8841:8878 [3] NCCL INFO Trees [0] -1/-1/-1->11->10 [1] -1/-1/-1->11->10
c196-092:24797:24839 [0] NCCL INFO Trees [0] 21/-1/-1->20->25 [1] 21/16/-1->20->13
c197-022:3713:3748 [2] NCCL INFO Trees [0] 55/-1/-1->54->53 [1] 55/-1/-1->54->53
c197-032:14380:14414 [3] NCCL INFO Trees [0] -1/-1/-1->63->62 [1] -1/-1/-1->63->62
c196-102:25206:25244 [0] NCCL INFO Trees [0] 29/-1/-1->28->24 [1] 29/12/-1->28->60
c196-082:1911:1948 [0] NCCL INFO Trees [0] 13/-1/-1->12->8 [1] 13/4/-1->12->28
c196-101:1543:1581 [0] NCCL INFO Trees [0] 25/28/-1->24->16 [1] 25/-1/-1->24->21
c196-072:11559:11592 [3] NCCL INFO Trees [0] -1/-1/-1->7->6 [1] -1/-1/-1->7->6
c197-021:21285:21319 [3] NCCL INFO Trees [0] -1/-1/-1->51->50 [1] -1/-1/-1->51->50
c197-031:5480:5517 [2] NCCL INFO Trees [0] 59/-1/-1->58->57 [1] 59/-1/-1->58->57
c196-071:7562:7603 [1] NCCL INFO Trees [0] 2/-1/-1->1->0 [1] 2/-1/-1->1->0
c196-091:14803:14844 [0] NCCL INFO Trees [0] 17/24/-1->16->33 [1] 17/-1/-1->16->20
c196-081:8839:8880 [1] NCCL INFO Trees [0] 10/4/-1->9->8 [1] 10/-1/-1->9->8
c197-022:3714:3750 [3] NCCL INFO Trees [0] -1/-1/-1->55->54 [1] -1/-1/-1->55->54
c197-032:14378:14419 [1] NCCL INFO Trees [0] 62/-1/-1->61->60 [1] 62/-1/-1->61->60
c196-082:1912:1947 [1] NCCL INFO Trees [0] 14/-1/-1->13->12 [1] 14/20/-1->13->12
c196-072:11557:11598 [1] NCCL INFO Trees [0] 6/-1/-1->5->4 [1] 6/8/-1->5->4
c197-021:21284:21324 [2] NCCL INFO Trees [0] 51/-1/-1->50->49 [1] 51/-1/-1->50->49
c197-031:5481:5515 [3] NCCL INFO Trees [0] -1/-1/-1->59->58 [1] -1/-1/-1->59->58
c196-071:7564:7605 [3] NCCL INFO Trees [0] -1/-1/-1->3->2 [1] -1/-1/-1->3->2
c196-081:8838:8879 [0] NCCL INFO Trees [0] 9/12/-1->8->17 [1] 9/-1/-1->8->5
c197-032:14379:14415 [2] NCCL INFO Trees [0] 63/-1/-1->62->61 [1] 63/-1/-1->62->61
c196-072:11556:11596 [0] NCCL INFO Trees [0] 5/-1/-1->4->9 [1] 5/0/-1->4->12
c197-031:5479:5520 [1] NCCL INFO Trees [0] 58/52/-1->57->56 [1] 58/-1/-1->57->56
c196-071:7563:7601 [2] NCCL INFO Trees [0] 3/-1/-1->2->1 [1] 3/-1/-1->2->1
c197-011:5819:5855 [0] NCCL INFO Channel 00/0 : 39[83000] -> 40[2000] [receive] via NET/IB/0
c196-112:2395:2430 [0] NCCL INFO Channel 00/0 : 35[83000] -> 36[2000] [receive] via NET/IB/0
c196-102:25206:25244 [0] NCCL INFO Channel 00/0 : 27[83000] -> 28[2000] [receive] via NET/IB/0
c197-012:19545:19581 [0] NCCL INFO Channel 00/0 : 43[83000] -> 44[2000] [receive] via NET/IB/0
c196-092:24797:24839 [0] NCCL INFO Channel 00/0 : 19[83000] -> 20[2000] [receive] via NET/IB/0
c196-111:29068:29110 [0] NCCL INFO Channel 00/0 : 31[83000] -> 32[2000] [receive] via NET/IB/0
c196-101:1543:1581 [0] NCCL INFO Channel 00/0 : 23[83000] -> 24[2000] [receive] via NET/IB/0
c197-021:21282:21321 [0] NCCL INFO Channel 00/0 : 47[83000] -> 48[2000] [receive] via NET/IB/0
c196-081:8838:8879 [0] NCCL INFO Channel 00/0 : 7[83000] -> 8[2000] [receive] via NET/IB/0
c197-022:3711:3753 [0] NCCL INFO Channel 00/0 : 51[83000] -> 52[2000] [receive] via NET/IB/0
c196-082:1911:1948 [0] NCCL INFO Channel 00/0 : 11[83000] -> 12[2000] [receive] via NET/IB/0
c197-031:5478:5518 [0] NCCL INFO Channel 00/0 : 55[83000] -> 56[2000] [receive] via NET/IB/0
c196-091:14803:14844 [0] NCCL INFO Channel 00/0 : 15[83000] -> 16[2000] [receive] via NET/IB/0
c197-032:14377:14418 [0] NCCL INFO Channel 00/0 : 59[83000] -> 60[2000] [receive] via NET/IB/0
c196-072:11556:11596 [0] NCCL INFO Channel 00/0 : 3[83000] -> 4[2000] [receive] via NET/IB/0
c196-071:7561:7595 [0] NCCL INFO Channel 00/0 : 63[83000] -> 0[2000] [receive] via NET/IB/0
c197-012:19547:19586 [2] NCCL INFO Channel 00 : 46[82000] -> 47[83000] via direct shared memory
c196-081:8840:8874 [2] NCCL INFO Channel 00 : 10[82000] -> 11[83000] via direct shared memory
c197-012:19546:19584 [1] NCCL INFO Channel 00 : 45[3000] -> 46[82000] via direct shared memory
c196-111:29070:29106 [2] NCCL INFO Channel 00 : 34[82000] -> 35[83000] via direct shared memory
c197-012:19547:19586 [2] NCCL INFO Channel 01 : 46[82000] -> 47[83000] via direct shared memory
c197-012:19546:19584 [1] NCCL INFO Channel 01 : 45[3000] -> 46[82000] via direct shared memory
c196-081:8840:8874 [2] NCCL INFO Channel 01 : 10[82000] -> 11[83000] via direct shared memory
c196-111:29070:29106 [2] NCCL INFO Channel 01 : 34[82000] -> 35[83000] via direct shared memory
c196-081:8839:8880 [1] NCCL INFO Channel 00 : 9[3000] -> 10[82000] via direct shared memory
c196-082:1913:1952 [2] NCCL INFO Channel 00 : 14[82000] -> 15[83000] via direct shared memory
c196-081:8839:8880 [1] NCCL INFO Channel 01 : 9[3000] -> 10[82000] via direct shared memory
c197-011:5821:5859 [2] NCCL INFO Channel 00 : 42[82000] -> 43[83000] via direct shared memory
c196-082:1913:1952 [2] NCCL INFO Channel 01 : 14[82000] -> 15[83000] via direct shared memory
c197-022:3713:3748 [2] NCCL INFO Channel 00 : 54[82000] -> 55[83000] via direct shared memory
c196-082:1912:1947 [1] NCCL INFO Channel 00 : 13[3000] -> 14[82000] via direct shared memory
c196-072:11558:11594 [2] NCCL INFO Channel 00 : 6[82000] -> 7[83000] via direct shared memory
c197-032:14379:14415 [2] NCCL INFO Channel 00 : 62[82000] -> 63[83000] via direct shared memory
c196-102:25208:25248 [2] NCCL INFO Channel 00 : 30[82000] -> 31[83000] via direct shared memory
c196-082:1912:1947 [1] NCCL INFO Channel 01 : 13[3000] -> 14[82000] via direct shared memory
c196-101:1545:1585 [2] NCCL INFO Channel 00 : 26[82000] -> 27[83000] via direct shared memory
c197-031:5480:5517 [2] NCCL INFO Channel 00 : 58[82000] -> 59[83000] via direct shared memory
c196-091:14805:14840 [2] NCCL INFO Channel 00 : 18[82000] -> 19[83000] via direct shared memory
c197-011:5821:5859 [2] NCCL INFO Channel 01 : 42[82000] -> 43[83000] via direct shared memory
c196-112:2397:2435 [2] NCCL INFO Channel 00 : 38[82000] -> 39[83000] via direct shared memory
c196-102:25207:25246 [1] NCCL INFO Channel 00 : 29[3000] -> 30[82000] via direct shared memory
c196-111:29069:29109 [1] NCCL INFO Channel 00 : 33[3000] -> 34[82000] via direct shared memory
c196-101:1545:1585 [2] NCCL INFO Channel 01 : 26[82000] -> 27[83000] via direct shared memory
c196-072:11558:11594 [2] NCCL INFO Channel 01 : 6[82000] -> 7[83000] via direct shared memory
c197-031:5479:5520 [1] NCCL INFO Channel 00 : 57[3000] -> 58[82000] via direct shared memory
c196-091:14804:14846 [1] NCCL INFO Channel 00 : 17[3000] -> 18[82000] via direct shared memory
c196-092:24799:24833 [2] NCCL INFO Channel 00 : 22[82000] -> 23[83000] via direct shared memory
c197-011:5820:5860 [1] NCCL INFO Channel 00 : 41[3000] -> 42[82000] via direct shared memory
c197-022:3713:3748 [2] NCCL INFO Channel 01 : 54[82000] -> 55[83000] via direct shared memory
c196-112:2396:2432 [1] NCCL INFO Channel 00 : 37[3000] -> 38[82000] via direct shared memory
c196-102:25208:25248 [2] NCCL INFO Channel 01 : 30[82000] -> 31[83000] via direct shared memory
c196-111:29069:29109 [1] NCCL INFO Channel 01 : 33[3000] -> 34[82000] via direct shared memory
c196-101:1544:1584 [1] NCCL INFO Channel 00 : 25[3000] -> 26[82000] via direct shared memory
c197-031:5480:5517 [2] NCCL INFO Channel 01 : 58[82000] -> 59[83000] via direct shared memory
c196-091:14805:14840 [2] NCCL INFO Channel 01 : 18[82000] -> 19[83000] via direct shared memory
c196-092:24798:24838 [1] NCCL INFO Channel 00 : 21[3000] -> 22[82000] via direct shared memory
c197-011:5820:5860 [1] NCCL INFO Channel 01 : 41[3000] -> 42[82000] via direct shared memory
c197-022:3712:3754 [1] NCCL INFO Channel 00 : 53[3000] -> 54[82000] via direct shared memory
c197-032:14379:14415 [2] NCCL INFO Channel 01 : 62[82000] -> 63[83000] via direct shared memory
c196-112:2397:2435 [2] NCCL INFO Channel 01 : 38[82000] -> 39[83000] via direct shared memory
c196-102:25207:25246 [1] NCCL INFO Channel 01 : 29[3000] -> 30[82000] via direct shared memory
c196-101:1544:1584 [1] NCCL INFO Channel 01 : 25[3000] -> 26[82000] via direct shared memory
c197-031:5479:5520 [1] NCCL INFO Channel 01 : 57[3000] -> 58[82000] via direct shared memory
c196-091:14804:14846 [1] NCCL INFO Channel 01 : 17[3000] -> 18[82000] via direct shared memory
c196-092:24799:24833 [2] NCCL INFO Channel 01 : 22[82000] -> 23[83000] via direct shared memory
c197-022:3712:3754 [1] NCCL INFO Channel 01 : 53[3000] -> 54[82000] via direct shared memory
c197-032:14378:14419 [1] NCCL INFO Channel 00 : 61[3000] -> 62[82000] via direct shared memory
c196-112:2396:2432 [1] NCCL INFO Channel 01 : 37[3000] -> 38[82000] via direct shared memory
c196-072:11557:11598 [1] NCCL INFO Channel 00 : 5[3000] -> 6[82000] via direct shared memory
c196-071:7563:7601 [2] NCCL INFO Channel 00 : 2[82000] -> 3[83000] via direct shared memory
c196-092:24798:24838 [1] NCCL INFO Channel 01 : 21[3000] -> 22[82000] via direct shared memory
c197-032:14378:14419 [1] NCCL INFO Channel 01 : 61[3000] -> 62[82000] via direct shared memory
c196-072:11557:11598 [1] NCCL INFO Channel 01 : 5[3000] -> 6[82000] via direct shared memory
c196-071:7562:7603 [1] NCCL INFO Channel 00 : 1[3000] -> 2[82000] via direct shared memory
c196-071:7563:7601 [2] NCCL INFO Channel 01 : 2[82000] -> 3[83000] via direct shared memory
c196-071:7562:7603 [1] NCCL INFO Channel 01 : 1[3000] -> 2[82000] via direct shared memory
c197-021:21284:21324 [2] NCCL INFO Channel 00 : 50[82000] -> 51[83000] via direct shared memory
c197-021:21283:21323 [1] NCCL INFO Channel 00 : 49[3000] -> 50[82000] via direct shared memory
c197-021:21284:21324 [2] NCCL INFO Channel 01 : 50[82000] -> 51[83000] via direct shared memory
c197-021:21283:21323 [1] NCCL INFO Channel 01 : 49[3000] -> 50[82000] via direct shared memory
c197-012:19548:19588 [3] NCCL INFO Channel 00/0 : 47[83000] -> 48[2000] [send] via NET/IB/0
c196-081:8841:8878 [3] NCCL INFO Channel 00/0 : 11[83000] -> 12[2000] [send] via NET/IB/0
c196-111:29071:29105 [3] NCCL INFO Channel 00/0 : 35[83000] -> 36[2000] [send] via NET/IB/0
c196-082:1914:1950 [3] NCCL INFO Channel 00/0 : 15[83000] -> 16[2000] [send] via NET/IB/0
c197-011:5822:5856 [3] NCCL INFO Channel 00/0 : 43[83000] -> 44[2000] [send] via NET/IB/0
c196-091:14806:14843 [3] NCCL INFO Channel 00/0 : 19[83000] -> 20[2000] [send] via NET/IB/0
c196-101:1546:1579 [3] NCCL INFO Channel 00/0 : 27[83000] -> 28[2000] [send] via NET/IB/0
c197-022:3714:3750 [3] NCCL INFO Channel 00/0 : 55[83000] -> 56[2000] [send] via NET/IB/0
c196-112:2398:2436 [3] NCCL INFO Channel 00/0 : 39[83000] -> 40[2000] [send] via NET/IB/0
c196-072:11559:11592 [3] NCCL INFO Channel 00/0 : 7[83000] -> 8[2000] [send] via NET/IB/0
c196-102:25209:25250 [3] NCCL INFO Channel 00/0 : 31[83000] -> 32[2000] [send] via NET/IB/0
c197-031:5481:5515 [3] NCCL INFO Channel 00/0 : 59[83000] -> 60[2000] [send] via NET/IB/0
c196-092:24800:24836 [3] NCCL INFO Channel 00/0 : 23[83000] -> 24[2000] [send] via NET/IB/0
c197-032:14380:14414 [3] NCCL INFO Channel 00/0 : 63[83000] -> 0[2000] [send] via NET/IB/0
c196-071:7564:7605 [3] NCCL INFO Channel 00/0 : 3[83000] -> 4[2000] [send] via NET/IB/0
c197-021:21285:21319 [3] NCCL INFO Channel 00/0 : 51[83000] -> 52[2000] [send] via NET/IB/0
c196-102:25206:25244 [0] NCCL INFO Channel 01/0 : 27[83000] -> 28[2000] [receive] via NET/IB/0
c197-022:3711:3753 [0] NCCL INFO Channel 01/0 : 51[83000] -> 52[2000] [receive] via NET/IB/0
c196-102:25206:25244 [0] NCCL INFO Channel 00 : 28[2000] -> 29[3000] via direct shared memory
c196-101:1543:1581 [0] NCCL INFO Channel 01/0 : 23[83000] -> 24[2000] [receive] via NET/IB/0
c196-092:24797:24839 [0] NCCL INFO Channel 01/0 : 19[83000] -> 20[2000] [receive] via NET/IB/0
c196-102:25206:25244 [0] NCCL INFO Channel 01 : 28[2000] -> 29[3000] via direct shared memory
c197-031:5478:5518 [0] NCCL INFO Channel 01/0 : 55[83000] -> 56[2000] [receive] via NET/IB/0
c197-022:3711:3753 [0] NCCL INFO Channel 00 : 52[2000] -> 53[3000] via direct shared memory
c196-111:29068:29110 [0] NCCL INFO Channel 01/0 : 31[83000] -> 32[2000] [receive] via NET/IB/0
c197-012:19545:19581 [0] NCCL INFO Channel 01/0 : 43[83000] -> 44[2000] [receive] via NET/IB/0
c197-022:3711:3753 [0] NCCL INFO Channel 01 : 52[2000] -> 53[3000] via direct shared memory
c196-101:1543:1581 [0] NCCL INFO Channel 00 : 24[2000] -> 25[3000] via direct shared memory
c197-031:5478:5518 [0] NCCL INFO Channel 00 : 56[2000] -> 57[3000] via direct shared memory
c196-092:24797:24839 [0] NCCL INFO Channel 00 : 20[2000] -> 21[3000] via direct shared memory
c197-011:5819:5855 [0] NCCL INFO Channel 01/0 : 39[83000] -> 40[2000] [receive] via NET/IB/0
c196-111:29068:29110 [0] NCCL INFO Channel 00 : 32[2000] -> 33[3000] via direct shared memory
c196-101:1543:1581 [0] NCCL INFO Channel 01 : 24[2000] -> 25[3000] via direct shared memory
c197-031:5478:5518 [0] NCCL INFO Channel 01 : 56[2000] -> 57[3000] via direct shared memory
c197-012:19545:19581 [0] NCCL INFO Channel 00 : 44[2000] -> 45[3000] via direct shared memory
c196-112:2395:2430 [0] NCCL INFO Channel 01/0 : 35[83000] -> 36[2000] [receive] via NET/IB/0
c196-111:29068:29110 [0] NCCL INFO Channel 01 : 32[2000] -> 33[3000] via direct shared memory
c196-082:1911:1948 [0] NCCL INFO Channel 01/0 : 11[83000] -> 12[2000] [receive] via NET/IB/0
c197-012:19545:19581 [0] NCCL INFO Channel 01 : 44[2000] -> 45[3000] via direct shared memory
c196-092:24797:24839 [0] NCCL INFO Channel 01 : 20[2000] -> 21[3000] via direct shared memory
c197-011:5819:5855 [0] NCCL INFO Channel 00 : 40[2000] -> 41[3000] via direct shared memory
c197-021:21282:21321 [0] NCCL INFO Channel 01/0 : 47[83000] -> 48[2000] [receive] via NET/IB/0
c196-071:7561:7595 [0] NCCL INFO Channel 01/0 : 63[83000] -> 0[2000] [receive] via NET/IB/0
c197-011:5819:5855 [0] NCCL INFO Channel 01 : 40[2000] -> 41[3000] via direct shared memory
c196-112:2395:2430 [0] NCCL INFO Channel 00 : 36[2000] -> 37[3000] via direct shared memory
c196-082:1911:1948 [0] NCCL INFO Channel 00 : 12[2000] -> 13[3000] via direct shared memory
c196-081:8838:8879 [0] NCCL INFO Channel 01/0 : 7[83000] -> 8[2000] [receive] via NET/IB/0
c196-112:2395:2430 [0] NCCL INFO Channel 01 : 36[2000] -> 37[3000] via direct shared memory
c197-021:21282:21321 [0] NCCL INFO Channel 00 : 48[2000] -> 49[3000] via direct shared memory
c196-071:7561:7595 [0] NCCL INFO Channel 00 : 0[2000] -> 1[3000] via direct shared memory
c196-082:1911:1948 [0] NCCL INFO Channel 01 : 12[2000] -> 13[3000] via direct shared memory
c197-021:21282:21321 [0] NCCL INFO Channel 01 : 48[2000] -> 49[3000] via direct shared memory
c196-081:8838:8879 [0] NCCL INFO Channel 00 : 8[2000] -> 9[3000] via direct shared memory
c196-071:7561:7595 [0] NCCL INFO Channel 01 : 0[2000] -> 1[3000] via direct shared memory
c197-032:14377:14418 [0] NCCL INFO Channel 01/0 : 59[83000] -> 60[2000] [receive] via NET/IB/0
c196-072:11556:11596 [0] NCCL INFO Channel 01/0 : 3[83000] -> 4[2000] [receive] via NET/IB/0
c196-091:14803:14844 [0] NCCL INFO Channel 01/0 : 15[83000] -> 16[2000] [receive] via NET/IB/0
c196-081:8838:8879 [0] NCCL INFO Channel 01 : 8[2000] -> 9[3000] via direct shared memory
c196-072:11556:11596 [0] NCCL INFO Channel 00 : 4[2000] -> 5[3000] via direct shared memory
c197-032:14377:14418 [0] NCCL INFO Channel 00 : 60[2000] -> 61[3000] via direct shared memory
c196-072:11556:11596 [0] NCCL INFO Channel 01 : 4[2000] -> 5[3000] via direct shared memory
c196-091:14803:14844 [0] NCCL INFO Channel 00 : 16[2000] -> 17[3000] via direct shared memory
c197-032:14377:14418 [0] NCCL INFO Channel 01 : 60[2000] -> 61[3000] via direct shared memory
c196-091:14803:14844 [0] NCCL INFO Channel 01 : 16[2000] -> 17[3000] via direct shared memory
c197-031:5479:5520 [1] NCCL INFO Connected all rings
