# nThread 1 nGpus 1 minBytes 1024 maxBytes 268435456 step: 2(factor) warmup iters: 5 iters: 60 agg iters: 1 validation: 1 graph: 0
#
# Using devices
#  Rank  0 Group  0 Pid  29495 on   c196-071 device  0 [0x02] Quadro RTX 5000
#  Rank  1 Group  0 Pid  29496 on   c196-071 device  1 [0x03] Quadro RTX 5000
#  Rank  2 Group  0 Pid  29497 on   c196-071 device  2 [0x82] Quadro RTX 5000
#  Rank  3 Group  0 Pid  29498 on   c196-071 device  3 [0x83] Quadro RTX 5000
#  Rank  4 Group  0 Pid  25422 on   c196-072 device  0 [0x02] Quadro RTX 5000
#  Rank  5 Group  0 Pid  25423 on   c196-072 device  1 [0x03] Quadro RTX 5000
#  Rank  6 Group  0 Pid  25424 on   c196-072 device  2 [0x82] Quadro RTX 5000
#  Rank  7 Group  0 Pid  25425 on   c196-072 device  3 [0x83] Quadro RTX 5000
#  Rank  8 Group  0 Pid  22647 on   c196-081 device  0 [0x02] Quadro RTX 5000
#  Rank  9 Group  0 Pid  22648 on   c196-081 device  1 [0x03] Quadro RTX 5000
#  Rank 10 Group  0 Pid  22649 on   c196-081 device  2 [0x82] Quadro RTX 5000
#  Rank 11 Group  0 Pid  22650 on   c196-081 device  3 [0x83] Quadro RTX 5000
#  Rank 12 Group  0 Pid  15684 on   c196-082 device  0 [0x02] Quadro RTX 5000
#  Rank 13 Group  0 Pid  15685 on   c196-082 device  1 [0x03] Quadro RTX 5000
#  Rank 14 Group  0 Pid  15686 on   c196-082 device  2 [0x82] Quadro RTX 5000
#  Rank 15 Group  0 Pid  15687 on   c196-082 device  3 [0x83] Quadro RTX 5000
#  Rank 16 Group  0 Pid  28551 on   c196-091 device  0 [0x02] Quadro RTX 5000
#  Rank 17 Group  0 Pid  28552 on   c196-091 device  1 [0x03] Quadro RTX 5000
#  Rank 18 Group  0 Pid  28553 on   c196-091 device  2 [0x82] Quadro RTX 5000
#  Rank 19 Group  0 Pid  28554 on   c196-091 device  3 [0x83] Quadro RTX 5000
#  Rank 20 Group  0 Pid   6424 on   c196-092 device  0 [0x02] Quadro RTX 5000
#  Rank 21 Group  0 Pid   6425 on   c196-092 device  1 [0x03] Quadro RTX 5000
#  Rank 22 Group  0 Pid   6426 on   c196-092 device  2 [0x82] Quadro RTX 5000
#  Rank 23 Group  0 Pid   6427 on   c196-092 device  3 [0x83] Quadro RTX 5000
#  Rank 24 Group  0 Pid  15330 on   c196-101 device  0 [0x02] Quadro RTX 5000
#  Rank 25 Group  0 Pid  15331 on   c196-101 device  1 [0x03] Quadro RTX 5000
#  Rank 26 Group  0 Pid  15332 on   c196-101 device  2 [0x82] Quadro RTX 5000
#  Rank 27 Group  0 Pid  15333 on   c196-101 device  3 [0x83] Quadro RTX 5000
#  Rank 28 Group  0 Pid   6675 on   c196-102 device  0 [0x02] Quadro RTX 5000
#  Rank 29 Group  0 Pid   6676 on   c196-102 device  1 [0x03] Quadro RTX 5000
#  Rank 30 Group  0 Pid   6677 on   c196-102 device  2 [0x82] Quadro RTX 5000
#  Rank 31 Group  0 Pid   6678 on   c196-102 device  3 [0x83] Quadro RTX 5000
#  Rank 32 Group  0 Pid  10615 on   c196-111 device  0 [0x02] Quadro RTX 5000
#  Rank 33 Group  0 Pid  10616 on   c196-111 device  1 [0x03] Quadro RTX 5000
#  Rank 34 Group  0 Pid  10617 on   c196-111 device  2 [0x82] Quadro RTX 5000
#  Rank 35 Group  0 Pid  10618 on   c196-111 device  3 [0x83] Quadro RTX 5000
#  Rank 36 Group  0 Pid  16281 on   c196-112 device  0 [0x02] Quadro RTX 5000
#  Rank 37 Group  0 Pid  16282 on   c196-112 device  1 [0x03] Quadro RTX 5000
#  Rank 38 Group  0 Pid  16283 on   c196-112 device  2 [0x82] Quadro RTX 5000
#  Rank 39 Group  0 Pid  16284 on   c196-112 device  3 [0x83] Quadro RTX 5000
#  Rank 40 Group  0 Pid  19618 on   c197-011 device  0 [0x02] Quadro RTX 5000
#  Rank 41 Group  0 Pid  19619 on   c197-011 device  1 [0x03] Quadro RTX 5000
#  Rank 42 Group  0 Pid  19620 on   c197-011 device  2 [0x82] Quadro RTX 5000
#  Rank 43 Group  0 Pid  19621 on   c197-011 device  3 [0x83] Quadro RTX 5000
#  Rank 44 Group  0 Pid   1247 on   c197-012 device  0 [0x02] Quadro RTX 5000
#  Rank 45 Group  0 Pid   1248 on   c197-012 device  1 [0x03] Quadro RTX 5000
#  Rank 46 Group  0 Pid   1249 on   c197-012 device  2 [0x82] Quadro RTX 5000
#  Rank 47 Group  0 Pid   1250 on   c197-012 device  3 [0x83] Quadro RTX 5000
#  Rank 48 Group  0 Pid   2895 on   c197-021 device  0 [0x02] Quadro RTX 5000
#  Rank 49 Group  0 Pid   2896 on   c197-021 device  1 [0x03] Quadro RTX 5000
#  Rank 50 Group  0 Pid   2897 on   c197-021 device  2 [0x82] Quadro RTX 5000
#  Rank 51 Group  0 Pid   2898 on   c197-021 device  3 [0x83] Quadro RTX 5000
#  Rank 52 Group  0 Pid  17583 on   c197-022 device  0 [0x02] Quadro RTX 5000
#  Rank 53 Group  0 Pid  17584 on   c197-022 device  1 [0x03] Quadro RTX 5000
#  Rank 54 Group  0 Pid  17585 on   c197-022 device  2 [0x82] Quadro RTX 5000
#  Rank 55 Group  0 Pid  17586 on   c197-022 device  3 [0x83] Quadro RTX 5000
#  Rank 56 Group  0 Pid  19370 on   c197-031 device  0 [0x02] Quadro RTX 5000
#  Rank 57 Group  0 Pid  19371 on   c197-031 device  1 [0x03] Quadro RTX 5000
#  Rank 58 Group  0 Pid  19372 on   c197-031 device  2 [0x82] Quadro RTX 5000
#  Rank 59 Group  0 Pid  19373 on   c197-031 device  3 [0x83] Quadro RTX 5000
#  Rank 60 Group  0 Pid  28171 on   c197-032 device  0 [0x02] Quadro RTX 5000
#  Rank 61 Group  0 Pid  28172 on   c197-032 device  1 [0x03] Quadro RTX 5000
#  Rank 62 Group  0 Pid  28173 on   c197-032 device  2 [0x82] Quadro RTX 5000
#  Rank 63 Group  0 Pid  28174 on   c197-032 device  3 [0x83] Quadro RTX 5000
c196-071:29495:29495 [0] NCCL INFO Bootstrap : Using ib0:192.168.44.113<0>
c196-071:29495:29495 [0] NCCL INFO NET/Plugin : No plugin found (libnccl-net.so), using internal implementation
c196-071:29495:29495 [0] NCCL INFO NET/IB : Using [0]mlx4_0:1/IB [RO]; OOB ib0:192.168.44.113<0>
c196-071:29495:29495 [0] NCCL INFO Using network IB
NCCL version 2.12.12.MSCCL.0.7.4+cuda11.3
c196-071:29497:29497 [2] NCCL INFO Bootstrap : Using ib0:192.168.44.113<0>
c196-071:29497:29497 [2] NCCL INFO NET/Plugin : No plugin found (libnccl-net.so), using internal implementation
c196-071:29498:29498 [3] NCCL INFO Bootstrap : Using ib0:192.168.44.113<0>
c196-071:29498:29498 [3] NCCL INFO NET/Plugin : No plugin found (libnccl-net.so), using internal implementation
c196-071:29498:29498 [3] NCCL INFO NET/IB : Using [0]mlx4_0:1/IB [RO]; OOB ib0:192.168.44.113<0>
c196-071:29498:29498 [3] NCCL INFO Using network IB
c196-071:29497:29497 [2] NCCL INFO NET/IB : Using [0]mlx4_0:1/IB [RO]; OOB ib0:192.168.44.113<0>
c196-071:29497:29497 [2] NCCL INFO Using network IB
c196-071:29496:29496 [1] NCCL INFO Bootstrap : Using ib0:192.168.44.113<0>
c196-071:29496:29496 [1] NCCL INFO NET/Plugin : No plugin found (libnccl-net.so), using internal implementation
c196-071:29496:29496 [1] NCCL INFO NET/IB : Using [0]mlx4_0:1/IB [RO]; OOB ib0:192.168.44.113<0>
c196-071:29496:29496 [1] NCCL INFO Using network IB
c196-081:22650:22650 [3] NCCL INFO Bootstrap : Using ib0:192.168.44.115<0>
c196-081:22650:22650 [3] NCCL INFO NET/Plugin : No plugin found (libnccl-net.so), using internal implementation
c197-022:17585:17585 [2] NCCL INFO Bootstrap : Using ib0:192.168.44.126<0>
c197-022:17585:17585 [2] NCCL INFO NET/Plugin : No plugin found (libnccl-net.so), using internal implementation
c196-081:22650:22650 [3] NCCL INFO NET/IB : Using [0]mlx4_0:1/IB [RO]; OOB ib0:192.168.44.115<0>
c196-081:22650:22650 [3] NCCL INFO Using network IB
c197-022:17585:17585 [2] NCCL INFO NET/IB : Using [0]mlx4_0:1/IB [RO]; OOB ib0:192.168.44.126<0>
c197-022:17585:17585 [2] NCCL INFO Using network IB
c196-112:16283:16283 [2] NCCL INFO Bootstrap : Using ib0:192.168.44.122<0>
c196-112:16283:16283 [2] NCCL INFO NET/Plugin : No plugin found (libnccl-net.so), using internal implementation
c196-112:16283:16283 [2] NCCL INFO NET/IB : Using [0]mlx4_0:1/IB [RO]; OOB ib0:192.168.44.122<0>
c196-112:16283:16283 [2] NCCL INFO Using network IB
c196-112:16284:16284 [3] NCCL INFO Bootstrap : Using ib0:192.168.44.122<0>
c196-112:16284:16284 [3] NCCL INFO NET/Plugin : No plugin found (libnccl-net.so), using internal implementation
c196-112:16284:16284 [3] NCCL INFO NET/IB : Using [0]mlx4_0:1/IB [RO]; OOB ib0:192.168.44.122<0>
c196-112:16284:16284 [3] NCCL INFO Using network IB
c196-101:15332:15332 [2] NCCL INFO Bootstrap : Using ib0:192.168.44.119<0>
c196-101:15333:15333 [3] NCCL INFO Bootstrap : Using ib0:192.168.44.119<0>
c196-101:15332:15332 [2] NCCL INFO NET/Plugin : No plugin found (libnccl-net.so), using internal implementation
c196-101:15333:15333 [3] NCCL INFO NET/Plugin : No plugin found (libnccl-net.so), using internal implementation
c196-101:15332:15332 [2] NCCL INFO NET/IB : Using [0]mlx4_0:1/IB [RO]; OOB ib0:192.168.44.119<0>
c196-101:15332:15332 [2] NCCL INFO Using network IB
c196-101:15333:15333 [3] NCCL INFO NET/IB : Using [0]mlx4_0:1/IB [RO]; OOB ib0:192.168.44.119<0>
c196-101:15333:15333 [3] NCCL INFO Using network IB
c196-111:10618:10618 [3] NCCL INFO Bootstrap : Using ib0:192.168.44.121<0>
c196-111:10618:10618 [3] NCCL INFO NET/Plugin : No plugin found (libnccl-net.so), using internal implementation
c196-081:22647:22647 [0] NCCL INFO Bootstrap : Using ib0:192.168.44.115<0>
c196-081:22648:22648 [1] NCCL INFO Bootstrap : Using ib0:192.168.44.115<0>
c197-021:2897:2897 [2] NCCL INFO Bootstrap : Using ib0:192.168.44.125<0>
c196-081:22647:22647 [0] NCCL INFO NET/Plugin : No plugin found (libnccl-net.so), using internal implementation
c197-021:2898:2898 [3] NCCL INFO Bootstrap : Using ib0:192.168.44.125<0>
c196-081:22648:22648 [1] NCCL INFO NET/Plugin : No plugin found (libnccl-net.so), using internal implementation
c197-021:2897:2897 [2] NCCL INFO NET/Plugin : No plugin found (libnccl-net.so), using internal implementation
c197-021:2898:2898 [3] NCCL INFO NET/Plugin : No plugin found (libnccl-net.so), using internal implementation
c196-111:10618:10618 [3] NCCL INFO NET/IB : Using [0]mlx4_0:1/IB [RO]; OOB ib0:192.168.44.121<0>
c196-111:10618:10618 [3] NCCL INFO Using network IB
c197-022:17586:17586 [3] NCCL INFO Bootstrap : Using ib0:192.168.44.126<0>
c197-022:17586:17586 [3] NCCL INFO NET/Plugin : No plugin found (libnccl-net.so), using internal implementation
c196-112:16281:16281 [0] NCCL INFO Bootstrap : Using ib0:192.168.44.122<0>
c196-112:16282:16282 [1] NCCL INFO Bootstrap : Using ib0:192.168.44.122<0>
c196-112:16281:16281 [0] NCCL INFO NET/Plugin : No plugin found (libnccl-net.so), using internal implementation
c196-112:16282:16282 [1] NCCL INFO NET/Plugin : No plugin found (libnccl-net.so), using internal implementation
c197-022:17586:17586 [3] NCCL INFO NET/IB : Using [0]mlx4_0:1/IB [RO]; OOB ib0:192.168.44.126<0>
c197-022:17586:17586 [3] NCCL INFO Using network IB
c196-081:22647:22647 [0] NCCL INFO NET/IB : Using [0]mlx4_0:1/IB [RO]; OOB ib0:192.168.44.115<0>
c196-081:22647:22647 [0] NCCL INFO Using network IB
c196-081:22648:22648 [1] NCCL INFO NET/IB : Using [0]mlx4_0:1/IB [RO]; OOB ib0:192.168.44.115<0>
c196-081:22648:22648 [1] NCCL INFO Using network IB
c196-102:6677:6677 [2] NCCL INFO Bootstrap : Using ib0:192.168.44.120<0>
c197-021:2898:2898 [3] NCCL INFO NET/IB : Using [0]mlx4_0:1/IB [RO]; OOB ib0:192.168.44.125<0>
c197-021:2898:2898 [3] NCCL INFO Using network IB
c197-021:2897:2897 [2] NCCL INFO NET/IB : Using [0]mlx4_0:1/IB [RO]; OOB ib0:192.168.44.125<0>
c197-021:2897:2897 [2] NCCL INFO Using network IB
c196-102:6677:6677 [2] NCCL INFO NET/Plugin : No plugin found (libnccl-net.so), using internal implementation
c196-082:15687:15687 [3] NCCL INFO Bootstrap : Using ib0:192.168.44.116<0>
c196-082:15687:15687 [3] NCCL INFO NET/Plugin : No plugin found (libnccl-net.so), using internal implementation
c196-102:6678:6678 [3] NCCL INFO Bootstrap : Using ib0:192.168.44.120<0>
c196-091:28553:28553 [2] NCCL INFO Bootstrap : Using ib0:192.168.44.117<0>
c196-101:15331:15331 [1] NCCL INFO Bootstrap : Using ib0:192.168.44.119<0>
c196-102:6678:6678 [3] NCCL INFO NET/Plugin : No plugin found (libnccl-net.so), using internal implementation
c196-091:28554:28554 [3] NCCL INFO Bootstrap : Using ib0:192.168.44.117<0>
c196-091:28553:28553 [2] NCCL INFO NET/Plugin : No plugin found (libnccl-net.so), using internal implementation
c196-091:28554:28554 [3] NCCL INFO NET/Plugin : No plugin found (libnccl-net.so), using internal implementation
c196-101:15331:15331 [1] NCCL INFO NET/Plugin : No plugin found (libnccl-net.so), using internal implementation
c196-102:6677:6677 [2] NCCL INFO NET/IB : Using [0]mlx4_0:1/IB [RO]; OOB ib0:192.168.44.120<0>
c196-102:6677:6677 [2] NCCL INFO Using network IB
c196-082:15687:15687 [3] NCCL INFO NET/IB : Using [0]mlx4_0:1/IB [RO]; OOB ib0:192.168.44.116<0>
c196-082:15687:15687 [3] NCCL INFO Using network IB
c196-112:16282:16282 [1] NCCL INFO NET/IB : Using [0]mlx4_0:1/IB [RO]; OOB ib0:192.168.44.122<0>
c196-112:16282:16282 [1] NCCL INFO Using network IB
c196-112:16281:16281 [0] NCCL INFO NET/IB : Using [0]mlx4_0:1/IB [RO]; OOB ib0:192.168.44.122<0>
c196-112:16281:16281 [0] NCCL INFO Using network IB
c196-102:6678:6678 [3] NCCL INFO NET/IB : Using [0]mlx4_0:1/IB [RO]; OOB ib0:192.168.44.120<0>
c196-102:6678:6678 [3] NCCL INFO Using network IB
c196-101:15331:15331 [1] NCCL INFO NET/IB : Using [0]mlx4_0:1/IB [RO]; OOB ib0:192.168.44.119<0>
c196-101:15331:15331 [1] NCCL INFO Using network IB
c197-031:19373:19373 [3] NCCL INFO Bootstrap : Using ib0:192.168.44.127<0>
c197-031:19373:19373 [3] NCCL INFO NET/Plugin : No plugin found (libnccl-net.so), using internal implementation
c197-021:2896:2896 [1] NCCL INFO Bootstrap : Using ib0:192.168.44.125<0>
c197-021:2895:2895 [0] NCCL INFO Bootstrap : Using ib0:192.168.44.125<0>
c197-021:2895:2895 [0] NCCL INFO NET/Plugin : No plugin found (libnccl-net.so), using internal implementation
c197-021:2896:2896 [1] NCCL INFO NET/Plugin : No plugin found (libnccl-net.so), using internal implementation
c197-022:17584:17584 [1] NCCL INFO Bootstrap : Using ib0:192.168.44.126<0>
c197-012:1247:1247 [0] NCCL INFO Bootstrap : Using ib0:192.168.44.124<0>
c197-012:1248:1248 [1] NCCL INFO Bootstrap : Using ib0:192.168.44.124<0>
c197-012:1249:1249 [2] NCCL INFO Bootstrap : Using ib0:192.168.44.124<0>
c197-012:1250:1250 [3] NCCL INFO Bootstrap : Using ib0:192.168.44.124<0>
c197-022:17584:17584 [1] NCCL INFO NET/Plugin : No plugin found (libnccl-net.so), using internal implementation
c197-012:1247:1247 [0] NCCL INFO NET/Plugin : No plugin found (libnccl-net.so), using internal implementation
c197-012:1248:1248 [1] NCCL INFO NET/Plugin : No plugin found (libnccl-net.so), using internal implementation
c197-012:1249:1249 [2] NCCL INFO NET/Plugin : No plugin found (libnccl-net.so), using internal implementation
c197-012:1250:1250 [3] NCCL INFO NET/Plugin : No plugin found (libnccl-net.so), using internal implementation
c196-081:22649:22649 [2] NCCL INFO Bootstrap : Using ib0:192.168.44.115<0>
c196-081:22649:22649 [2] NCCL INFO NET/Plugin : No plugin found (libnccl-net.so), using internal implementation
c197-022:17584:17584 [1] NCCL INFO NET/IB : Using [0]mlx4_0:1/IB [RO]; OOB ib0:192.168.44.126<0>
c197-022:17584:17584 [1] NCCL INFO Using network IB
c196-091:28553:28553 [2] NCCL INFO NET/IB : Using [0]mlx4_0:1/IB [RO]; OOB ib0:192.168.44.117<0>
c196-091:28553:28553 [2] NCCL INFO Using network IB
c197-031:19372:19372 [2] NCCL INFO Bootstrap : Using ib0:192.168.44.127<0>
c196-091:28552:28552 [1] NCCL INFO Bootstrap : Using ib0:192.168.44.117<0>
c196-091:28551:28551 [0] NCCL INFO Bootstrap : Using ib0:192.168.44.117<0>
c197-031:19372:19372 [2] NCCL INFO NET/Plugin : No plugin found (libnccl-net.so), using internal implementation
c196-091:28551:28551 [0] NCCL INFO NET/Plugin : No plugin found (libnccl-net.so), using internal implementation
c196-091:28552:28552 [1] NCCL INFO NET/Plugin : No plugin found (libnccl-net.so), using internal implementation
c196-091:28554:28554 [3] NCCL INFO NET/IB : Using [0]mlx4_0:1/IB [RO]; OOB ib0:192.168.44.117<0>
c196-091:28554:28554 [3] NCCL INFO Using network IB
c196-081:22649:22649 [2] NCCL INFO NET/IB : Using [0]mlx4_0:1/IB [RO]; OOB ib0:192.168.44.115<0>
c196-081:22649:22649 [2] NCCL INFO Using network IB
c197-031:19373:19373 [3] NCCL INFO NET/IB : Using [0]mlx4_0:1/IB [RO]; OOB ib0:192.168.44.127<0>
c197-031:19373:19373 [3] NCCL INFO Using network IB
c197-031:19372:19372 [2] NCCL INFO NET/IB : Using [0]mlx4_0:1/IB [RO]; OOB ib0:192.168.44.127<0>
c197-031:19372:19372 [2] NCCL INFO Using network IB
c197-021:2895:2895 [0] NCCL INFO NET/IB : Using [0]mlx4_0:1/IB [RO]; OOB ib0:192.168.44.125<0>
c197-021:2895:2895 [0] NCCL INFO Using network IB
c197-021:2896:2896 [1] NCCL INFO NET/IB : Using [0]mlx4_0:1/IB [RO]; OOB ib0:192.168.44.125<0>
c197-021:2896:2896 [1] NCCL INFO Using network IB
c196-091:28552:28552 [1] NCCL INFO NET/IB : Using [0]mlx4_0:1/IB [RO]; OOB ib0:192.168.44.117<0>
c196-091:28552:28552 [1] NCCL INFO Using network IB
c196-091:28551:28551 [0] NCCL INFO NET/IB : Using [0]mlx4_0:1/IB [RO]; OOB ib0:192.168.44.117<0>
c196-091:28551:28551 [0] NCCL INFO Using network IB
c197-022:17583:17583 [0] NCCL INFO Bootstrap : Using ib0:192.168.44.126<0>
c197-022:17583:17583 [0] NCCL INFO NET/Plugin : No plugin found (libnccl-net.so), using internal implementation
c197-022:17583:17583 [0] NCCL INFO NET/IB : Using [0]mlx4_0:1/IB [RO]; OOB ib0:192.168.44.126<0>
c197-022:17583:17583 [0] NCCL INFO Using network IB
c196-101:15330:15330 [0] NCCL INFO Bootstrap : Using ib0:192.168.44.119<0>
c196-101:15330:15330 [0] NCCL INFO NET/Plugin : No plugin found (libnccl-net.so), using internal implementation
c196-102:6675:6675 [0] NCCL INFO Bootstrap : Using ib0:192.168.44.120<0>
c196-102:6676:6676 [1] NCCL INFO Bootstrap : Using ib0:192.168.44.120<0>
c197-012:1247:1247 [0] NCCL INFO NET/IB : Using [0]mlx4_0:1/IB [RO]; OOB ib0:192.168.44.124<0>
c197-012:1247:1247 [0] NCCL INFO Using network IB
c197-012:1249:1249 [2] NCCL INFO NET/IB : Using [0]mlx4_0:1/IB [RO]; OOB ib0:192.168.44.124<0>
c197-012:1249:1249 [2] NCCL INFO Using network IB
c197-012:1250:1250 [3] NCCL INFO NET/IB : Using [0]mlx4_0:1/IB [RO]; OOB ib0:192.168.44.124<0>
c197-012:1250:1250 [3] NCCL INFO Using network IB
c196-102:6675:6675 [0] NCCL INFO NET/Plugin : No plugin found (libnccl-net.so), using internal implementation
c197-012:1248:1248 [1] NCCL INFO NET/IB : Using [0]mlx4_0:1/IB [RO]; OOB ib0:192.168.44.124<0>
c197-012:1248:1248 [1] NCCL INFO Using network IB
c196-102:6676:6676 [1] NCCL INFO NET/Plugin : No plugin found (libnccl-net.so), using internal implementation
c196-101:15330:15330 [0] NCCL INFO NET/IB : Using [0]mlx4_0:1/IB [RO]; OOB ib0:192.168.44.119<0>
c196-101:15330:15330 [0] NCCL INFO Using network IB
c196-111:10615:10615 [0] NCCL INFO Bootstrap : Using ib0:192.168.44.121<0>
c196-111:10615:10615 [0] NCCL INFO NET/Plugin : No plugin found (libnccl-net.so), using internal implementation
c197-032:28173:28173 [2] NCCL INFO Bootstrap : Using ib0:192.168.44.128<0>
c197-032:28173:28173 [2] NCCL INFO NET/Plugin : No plugin found (libnccl-net.so), using internal implementation
c196-111:10615:10615 [0] NCCL INFO NET/IB : Using [0]mlx4_0:1/IB [RO]; OOB ib0:192.168.44.121<0>
c196-111:10615:10615 [0] NCCL INFO Using network IB
c196-102:6676:6676 [1] NCCL INFO NET/IB : Using [0]mlx4_0:1/IB [RO]; OOB ib0:192.168.44.120<0>
c196-102:6676:6676 [1] NCCL INFO Using network IB
c196-102:6675:6675 [0] NCCL INFO NET/IB : Using [0]mlx4_0:1/IB [RO]; OOB ib0:192.168.44.120<0>
c196-102:6675:6675 [0] NCCL INFO Using network IB
c197-032:28173:28173 [2] NCCL INFO NET/IB : Using [0]mlx4_0:1/IB [RO]; OOB ib0:192.168.44.128<0>
c197-032:28173:28173 [2] NCCL INFO Using network IB
c197-032:28174:28174 [3] NCCL INFO Bootstrap : Using ib0:192.168.44.128<0>
c197-032:28174:28174 [3] NCCL INFO NET/Plugin : No plugin found (libnccl-net.so), using internal implementation
c197-032:28174:28174 [3] NCCL INFO NET/IB : Using [0]mlx4_0:1/IB [RO]; OOB ib0:192.168.44.128<0>
c197-032:28174:28174 [3] NCCL INFO Using network IB
c196-082:15685:15685 [1] NCCL INFO Bootstrap : Using ib0:192.168.44.116<0>
c196-082:15685:15685 [1] NCCL INFO NET/Plugin : No plugin found (libnccl-net.so), using internal implementation
c196-082:15685:15685 [1] NCCL INFO NET/IB : Using [0]mlx4_0:1/IB [RO]; OOB ib0:192.168.44.116<0>
c196-082:15685:15685 [1] NCCL INFO Using network IB
c197-032:28171:28171 [0] NCCL INFO Bootstrap : Using ib0:192.168.44.128<0>
c197-032:28172:28172 [1] NCCL INFO Bootstrap : Using ib0:192.168.44.128<0>
c197-032:28171:28171 [0] NCCL INFO NET/Plugin : No plugin found (libnccl-net.so), using internal implementation
c197-032:28172:28172 [1] NCCL INFO NET/Plugin : No plugin found (libnccl-net.so), using internal implementation
c196-111:10617:10617 [2] NCCL INFO Bootstrap : Using ib0:192.168.44.121<0>
c196-111:10617:10617 [2] NCCL INFO NET/Plugin : No plugin found (libnccl-net.so), using internal implementation
c196-111:10617:10617 [2] NCCL INFO NET/IB : Using [0]mlx4_0:1/IB [RO]; OOB ib0:192.168.44.121<0>
c196-111:10617:10617 [2] NCCL INFO Using network IB
c197-031:19371:19371 [1] NCCL INFO Bootstrap : Using ib0:192.168.44.127<0>
c197-031:19371:19371 [1] NCCL INFO NET/Plugin : No plugin found (libnccl-net.so), using internal implementation
c197-032:28172:28172 [1] NCCL INFO NET/IB : Using [0]mlx4_0:1/IB [RO]; OOB ib0:192.168.44.128<0>
c197-032:28172:28172 [1] NCCL INFO Using network IB
c197-032:28171:28171 [0] NCCL INFO NET/IB : Using [0]mlx4_0:1/IB [RO]; OOB ib0:192.168.44.128<0>
c197-032:28171:28171 [0] NCCL INFO Using network IB
c196-072:25424:25424 [2] NCCL INFO Bootstrap : Using ib0:192.168.44.114<0>
c196-072:25424:25424 [2] NCCL INFO NET/Plugin : No plugin found (libnccl-net.so), using internal implementation
c197-031:19371:19371 [1] NCCL INFO NET/IB : Using [0]mlx4_0:1/IB [RO]; OOB ib0:192.168.44.127<0>
c197-031:19371:19371 [1] NCCL INFO Using network IB
c196-072:25424:25424 [2] NCCL INFO NET/IB : Using [0]mlx4_0:1/IB [RO]; OOB ib0:192.168.44.114<0>
c196-072:25424:25424 [2] NCCL INFO Using network IB
c196-082:15684:15684 [0] NCCL INFO Bootstrap : Using ib0:192.168.44.116<0>
c196-082:15684:15684 [0] NCCL INFO NET/Plugin : No plugin found (libnccl-net.so), using internal implementation
c196-082:15686:15686 [2] NCCL INFO Bootstrap : Using ib0:192.168.44.116<0>
c196-082:15686:15686 [2] NCCL INFO NET/Plugin : No plugin found (libnccl-net.so), using internal implementation
c196-082:15684:15684 [0] NCCL INFO NET/IB : Using [0]mlx4_0:1/IB [RO]; OOB ib0:192.168.44.116<0>
c196-082:15684:15684 [0] NCCL INFO Using network IB
c196-082:15686:15686 [2] NCCL INFO NET/IB : Using [0]mlx4_0:1/IB [RO]; OOB ib0:192.168.44.116<0>
c196-082:15686:15686 [2] NCCL INFO Using network IB
c197-031:19370:19370 [0] NCCL INFO Bootstrap : Using ib0:192.168.44.127<0>
c197-031:19370:19370 [0] NCCL INFO NET/Plugin : No plugin found (libnccl-net.so), using internal implementation
c197-031:19370:19370 [0] NCCL INFO NET/IB : Using [0]mlx4_0:1/IB [RO]; OOB ib0:192.168.44.127<0>
c197-031:19370:19370 [0] NCCL INFO Using network IB
c197-011:19620:19620 [2] NCCL INFO Bootstrap : Using ib0:192.168.44.123<0>
c197-011:19620:19620 [2] NCCL INFO NET/Plugin : No plugin found (libnccl-net.so), using internal implementation
c196-072:25425:25425 [3] NCCL INFO Bootstrap : Using ib0:192.168.44.114<0>
c196-072:25422:25422 [0] NCCL INFO Bootstrap : Using ib0:192.168.44.114<0>
c196-072:25425:25425 [3] NCCL INFO NET/Plugin : No plugin found (libnccl-net.so), using internal implementation
c196-072:25422:25422 [0] NCCL INFO NET/Plugin : No plugin found (libnccl-net.so), using internal implementation
c197-011:19620:19620 [2] NCCL INFO NET/IB : Using [0]mlx4_0:1/IB [RO]; OOB ib0:192.168.44.123<0>
c197-011:19620:19620 [2] NCCL INFO Using network IB
c196-111:10616:10616 [1] NCCL INFO Bootstrap : Using ib0:192.168.44.121<0>
c196-111:10616:10616 [1] NCCL INFO NET/Plugin : No plugin found (libnccl-net.so), using internal implementation
c196-111:10616:10616 [1] NCCL INFO NET/IB : Using [0]mlx4_0:1/IB [RO]; OOB ib0:192.168.44.121<0>
c196-111:10616:10616 [1] NCCL INFO Using network IB
c196-072:25423:25423 [1] NCCL INFO Bootstrap : Using ib0:192.168.44.114<0>
c196-072:25423:25423 [1] NCCL INFO NET/Plugin : No plugin found (libnccl-net.so), using internal implementation
c197-011:19621:19621 [3] NCCL INFO Bootstrap : Using ib0:192.168.44.123<0>
c197-011:19621:19621 [3] NCCL INFO NET/Plugin : No plugin found (libnccl-net.so), using internal implementation
c196-072:25425:25425 [3] NCCL INFO NET/IB : Using [0]mlx4_0:1/IB [RO]; OOB ib0:192.168.44.114<0>
c196-072:25425:25425 [3] NCCL INFO Using network IB
c196-072:25422:25422 [0] NCCL INFO NET/IB : Using [0]mlx4_0:1/IB [RO]; OOB ib0:192.168.44.114<0>
c196-072:25422:25422 [0] NCCL INFO Using network IB
c196-072:25423:25423 [1] NCCL INFO NET/IB : Using [0]mlx4_0:1/IB [RO]; OOB ib0:192.168.44.114<0>
c196-072:25423:25423 [1] NCCL INFO Using network IB
c197-011:19621:19621 [3] NCCL INFO NET/IB : Using [0]mlx4_0:1/IB [RO]; OOB ib0:192.168.44.123<0>
c197-011:19621:19621 [3] NCCL INFO Using network IB
c197-011:19618:19618 [0] NCCL INFO Bootstrap : Using ib0:192.168.44.123<0>
c197-011:19619:19619 [1] NCCL INFO Bootstrap : Using ib0:192.168.44.123<0>
c197-011:19618:19618 [0] NCCL INFO NET/Plugin : No plugin found (libnccl-net.so), using internal implementation
c197-011:19619:19619 [1] NCCL INFO NET/Plugin : No plugin found (libnccl-net.so), using internal implementation
c197-011:19618:19618 [0] NCCL INFO NET/IB : Using [0]mlx4_0:1/IB [RO]; OOB ib0:192.168.44.123<0>
c197-011:19618:19618 [0] NCCL INFO Using network IB
c197-011:19619:19619 [1] NCCL INFO NET/IB : Using [0]mlx4_0:1/IB [RO]; OOB ib0:192.168.44.123<0>
c197-011:19619:19619 [1] NCCL INFO Using network IB
c196-092:6426:6426 [2] NCCL INFO Bootstrap : Using ib0:192.168.44.118<0>
c196-092:6427:6427 [3] NCCL INFO Bootstrap : Using ib0:192.168.44.118<0>
c196-092:6426:6426 [2] NCCL INFO NET/Plugin : No plugin found (libnccl-net.so), using internal implementation
c196-092:6427:6427 [3] NCCL INFO NET/Plugin : No plugin found (libnccl-net.so), using internal implementation
c196-092:6426:6426 [2] NCCL INFO NET/IB : Using [0]mlx4_0:1/IB [RO]; OOB ib0:192.168.44.118<0>
c196-092:6426:6426 [2] NCCL INFO Using network IB
c196-092:6427:6427 [3] NCCL INFO NET/IB : Using [0]mlx4_0:1/IB [RO]; OOB ib0:192.168.44.118<0>
c196-092:6427:6427 [3] NCCL INFO Using network IB
c196-092:6425:6425 [1] NCCL INFO Bootstrap : Using ib0:192.168.44.118<0>
c196-092:6425:6425 [1] NCCL INFO NET/Plugin : No plugin found (libnccl-net.so), using internal implementation
c196-092:6425:6425 [1] NCCL INFO NET/IB : Using [0]mlx4_0:1/IB [RO]; OOB ib0:192.168.44.118<0>
c196-092:6425:6425 [1] NCCL INFO Using network IB
c196-092:6424:6424 [0] NCCL INFO Bootstrap : Using ib0:192.168.44.118<0>
c196-092:6424:6424 [0] NCCL INFO NET/Plugin : No plugin found (libnccl-net.so), using internal implementation
c196-092:6424:6424 [0] NCCL INFO NET/IB : Using [0]mlx4_0:1/IB [RO]; OOB ib0:192.168.44.118<0>
c196-092:6424:6424 [0] NCCL INFO Using network IB
c196-071:29495:29528 [0] NCCL INFO Setting affinity for GPU 0 to 0f000f
c196-071:29497:29536 [2] NCCL INFO Setting affinity for GPU 2 to 0f000f00
c196-102:6678:6711 [3] NCCL INFO Setting affinity for GPU 3 to f000f000
c196-101:15333:15366 [3] NCCL INFO Setting affinity for GPU 3 to f000f000
c196-071:29498:29534 [3] NCCL INFO Setting affinity for GPU 3 to f000f000
c196-071:29496:29538 [1] NCCL INFO Setting affinity for GPU 1 to f000f0
c196-111:10616:10655 [1] NCCL INFO Setting affinity for GPU 1 to f000f0
c196-092:6427:6460 [3] NCCL INFO Setting affinity for GPU 3 to f000f000
c196-101:15330:15370 [0] NCCL INFO Setting affinity for GPU 0 to 0f000f
c197-032:28173:28205 [2] NCCL INFO Setting affinity for GPU 2 to 0f000f00
c196-111:10618:10649 [3] NCCL INFO Setting affinity for GPU 3 to f000f000
c197-021:2895:2934 [0] NCCL INFO Setting affinity for GPU 0 to 0f000f
c196-082:15685:15720 [1] NCCL INFO Setting affinity for GPU 1 to f000f0
c196-081:22650:22681 [3] NCCL INFO Setting affinity for GPU 3 to f000
c197-032:28174:28207 [3] NCCL INFO Setting affinity for GPU 3 to f000f000
c196-082:15686:15724 [2] NCCL INFO Setting affinity for GPU 2 to 0f000f00
c197-021:2896:2936 [1] NCCL INFO Setting affinity for GPU 1 to f000f0
c196-081:22649:22687 [2] NCCL INFO Setting affinity for GPU 2 to 0f00
c196-101:15331:15368 [1] NCCL INFO Setting affinity for GPU 1 to f000f0
c196-101:15332:15365 [2] NCCL INFO Setting affinity for GPU 2 to 0f000f00
c196-081:22648:22685 [1] NCCL INFO Setting affinity for GPU 1 to f0
c196-102:6675:6715 [0] NCCL INFO Setting affinity for GPU 0 to 0f000f
c196-081:22647:22684 [0] NCCL INFO Setting affinity for GPU 0 to 0f
c197-021:2898:2931 [3] NCCL INFO Setting affinity for GPU 3 to f000f000
c197-031:19370:19410 [0] NCCL INFO Setting affinity for GPU 0 to 0f000f
c196-082:15684:15722 [0] NCCL INFO Setting affinity for GPU 0 to 0f000f
c197-032:28171:28211 [0] NCCL INFO Setting affinity for GPU 0 to 0f000f
c196-111:10617:10653 [2] NCCL INFO Setting affinity for GPU 2 to 0f000f00
c197-032:28172:28210 [1] NCCL INFO Setting affinity for GPU 1 to f000f0
c197-022:17583:17624 [0] NCCL INFO Setting affinity for GPU 0 to 0f000f
c197-012:1249:1291 [2] NCCL INFO Setting affinity for GPU 2 to 0f000f00
c196-082:15687:15718 [3] NCCL INFO Setting affinity for GPU 3 to f000f000
c197-021:2897:2932 [2] NCCL INFO Setting affinity for GPU 2 to 0f000f00
c197-011:19618:19658 [0] NCCL INFO Setting affinity for GPU 0 to 0f000f
c196-111:10615:10651 [0] NCCL INFO Setting affinity for GPU 0 to 0f000f
c196-102:6677:6709 [2] NCCL INFO Setting affinity for GPU 2 to 0f000f00
c197-031:19371:19408 [1] NCCL INFO Setting affinity for GPU 1 to f000f0
c196-102:6676:6713 [1] NCCL INFO Setting affinity for GPU 1 to f000f0
c197-022:17584:17622 [1] NCCL INFO Setting affinity for GPU 1 to f000f0
c196-091:28551:28591 [0] NCCL INFO Setting affinity for GPU 0 to 0f000f
c197-031:19372:19406 [2] NCCL INFO Setting affinity for GPU 2 to 0f000f00
c197-031:19373:19404 [3] NCCL INFO Setting affinity for GPU 3 to f000f000
c197-012:1250:1292 [3] NCCL INFO Setting affinity for GPU 3 to f000f000
c197-012:1248:1294 [1] NCCL INFO Setting affinity for GPU 1 to f000f0
c196-072:25423:25462 [1] NCCL INFO Setting affinity for GPU 1 to f000f0
c196-072:25424:25456 [2] NCCL INFO Setting affinity for GPU 2 to 0f000f00
c197-022:17586:17620 [3] NCCL INFO Setting affinity for GPU 3 to f000f000
c197-011:19619:19659 [1] NCCL INFO Setting affinity for GPU 1 to f000f0
c197-022:17585:17618 [2] NCCL INFO Setting affinity for GPU 2 to 0f000f00
c197-011:19621:19655 [3] NCCL INFO Setting affinity for GPU 3 to f000f000
c196-091:28552:28590 [1] NCCL INFO Setting affinity for GPU 1 to f000f0
c196-091:28553:28585 [2] NCCL INFO Setting affinity for GPU 2 to 0f000f00
c196-092:6424:6464 [0] NCCL INFO Setting affinity for GPU 0 to 0f000f
c197-011:19620:19653 [2] NCCL INFO Setting affinity for GPU 2 to 0f000f00
c196-112:16281:16322 [0] NCCL INFO Setting affinity for GPU 0 to 0f000f
c197-012:1247:1289 [0] NCCL INFO Setting affinity for GPU 0 to 0f000f
c196-091:28554:28587 [3] NCCL INFO Setting affinity for GPU 3 to f000f000
c196-092:6425:6462 [1] NCCL INFO Setting affinity for GPU 1 to f000f0
c196-092:6426:6459 [2] NCCL INFO Setting affinity for GPU 2 to 0f000f00
c196-112:16283:16315 [2] NCCL INFO Setting affinity for GPU 2 to 0f000f00
c196-072:25425:25459 [3] NCCL INFO Setting affinity for GPU 3 to f000f000
c196-072:25422:25460 [0] NCCL INFO Setting affinity for GPU 0 to 0f000f
c196-112:16284:16317 [3] NCCL INFO Setting affinity for GPU 3 to f000f000
c196-112:16282:16321 [1] NCCL INFO Setting affinity for GPU 1 to f000f0
c196-111:10618:10649 [3] NCCL INFO Trees [0] -1/-1/-1->35->34 [1] -1/-1/-1->35->34
c196-112:16281:16322 [0] NCCL INFO Trees [0] 37/-1/-1->36->41 [1] 37/32/-1->36->44
c196-092:6426:6459 [2] NCCL INFO Trees [0] 23/-1/-1->22->21 [1] 23/-1/-1->22->21
c196-101:15330:15370 [0] NCCL INFO Trees [0] 25/28/-1->24->16 [1] 25/-1/-1->24->21
c196-111:10616:10655 [1] NCCL INFO Trees [0] 34/16/-1->33->32 [1] 34/-1/-1->33->32
c196-102:6676:6713 [1] NCCL INFO Trees [0] 30/-1/-1->29->28 [1] 30/44/-1->29->28
c196-081:22650:22681 [3] NCCL INFO Trees [0] -1/-1/-1->11->10 [1] -1/-1/-1->11->10
c196-091:28553:28585 [2] NCCL INFO Trees [0] 19/-1/-1->18->17 [1] 19/-1/-1->18->17
c196-092:6427:6460 [3] NCCL INFO Trees [0] -1/-1/-1->23->22 [1] -1/-1/-1->23->22
c196-101:15331:15368 [1] NCCL INFO Trees [0] 26/20/-1->25->24 [1] 26/-1/-1->25->24
c196-082:15684:15722 [0] NCCL INFO Trees [0] 13/-1/-1->12->8 [1] 13/4/-1->12->28
c196-111:10617:10653 [2] NCCL INFO Trees [0] 35/-1/-1->34->33 [1] 35/-1/-1->34->33
c196-102:6677:6709 [2] NCCL INFO Trees [0] 31/-1/-1->30->29 [1] 31/-1/-1->30->29
c196-071:29495:29528 [0] NCCL INFO Channel 00/02 :    0   1   2   3   4   5   6   7   8   9  10  11  12  13  14  15  16  17  18  19
c196-071:29495:29528 [0] NCCL INFO Channel 01/02 :    0   1   2   3   4   5   6   7   8   9  10  11  12  13  14  15  16  17  18  19
c196-071:29495:29528 [0] NCCL INFO Trees [0] 1/32/-1->0->-1 [1] 1/-1/-1->0->4
c196-081:22649:22687 [2] NCCL INFO Trees [0] 11/-1/-1->10->9 [1] 11/-1/-1->10->9
c197-032:28174:28207 [3] NCCL INFO Trees [0] -1/-1/-1->63->62 [1] -1/-1/-1->63->62
c197-022:17585:17618 [2] NCCL INFO Trees [0] 55/-1/-1->54->53 [1] 55/-1/-1->54->53
c196-091:28554:28587 [3] NCCL INFO Trees [0] -1/-1/-1->19->18 [1] -1/-1/-1->19->18
c196-092:6425:6462 [1] NCCL INFO Trees [0] 22/-1/-1->21->20 [1] 22/24/-1->21->20
c196-072:25422:25460 [0] NCCL INFO Trees [0] 5/-1/-1->4->9 [1] 5/0/-1->4->12
c196-101:15332:15365 [2] NCCL INFO Trees [0] 27/-1/-1->26->25 [1] 27/-1/-1->26->25
c196-082:15686:15724 [2] NCCL INFO Trees [0] 15/-1/-1->14->13 [1] 15/-1/-1->14->13
c196-111:10615:10651 [0] NCCL INFO Trees [0] 33/48/-1->32->0 [1] 33/-1/-1->32->36
c197-031:19373:19404 [3] NCCL INFO Trees [0] -1/-1/-1->59->58 [1] -1/-1/-1->59->58
c196-102:6678:6711 [3] NCCL INFO Trees [0] -1/-1/-1->31->30 [1] -1/-1/-1->31->30
c196-071:29496:29538 [1] NCCL INFO Trees [0] 2/-1/-1->1->0 [1] 2/-1/-1->1->0
c196-081:22648:22685 [1] NCCL INFO Trees [0] 10/4/-1->9->8 [1] 10/-1/-1->9->8
c197-012:1248:1294 [1] NCCL INFO Trees [0] 46/-1/-1->45->44 [1] 46/52/-1->45->44
c197-021:2898:2931 [3] NCCL INFO Trees [0] -1/-1/-1->51->50 [1] -1/-1/-1->51->50
c197-032:28171:28211 [0] NCCL INFO Trees [0] 61/-1/-1->60->56 [1] 61/28/-1->60->-1
c197-022:17586:17620 [3] NCCL INFO Trees [0] -1/-1/-1->55->54 [1] -1/-1/-1->55->54
c196-091:28552:28590 [1] NCCL INFO Trees [0] 18/8/-1->17->16 [1] 18/-1/-1->17->16
c196-092:6424:6464 [0] NCCL INFO Trees [0] 21/-1/-1->20->25 [1] 21/16/-1->20->13
c196-072:25423:25462 [1] NCCL INFO Trees [0] 6/-1/-1->5->4 [1] 6/8/-1->5->4
c196-101:15333:15366 [3] NCCL INFO Trees [0] -1/-1/-1->27->26 [1] -1/-1/-1->27->26
c197-011:19620:19653 [2] NCCL INFO Trees [0] 43/-1/-1->42->41 [1] 43/-1/-1->42->41
c196-082:15687:15718 [3] NCCL INFO Trees [0] -1/-1/-1->15->14 [1] -1/-1/-1->15->14
c196-112:16283:16315 [2] NCCL INFO Trees [0] 39/-1/-1->38->37 [1] 39/-1/-1->38->37
c197-031:19372:19406 [2] NCCL INFO Trees [0] 59/-1/-1->58->57 [1] 59/-1/-1->58->57
c196-102:6675:6715 [0] NCCL INFO Trees [0] 29/-1/-1->28->24 [1] 29/12/-1->28->60
c196-071:29497:29536 [2] NCCL INFO Trees [0] 3/-1/-1->2->1 [1] 3/-1/-1->2->1
c196-081:22647:22684 [0] NCCL INFO Trees [0] 9/12/-1->8->17 [1] 9/-1/-1->8->5
c197-012:1249:1291 [2] NCCL INFO Trees [0] 47/-1/-1->46->45 [1] 47/-1/-1->46->45
c197-021:2897:2932 [2] NCCL INFO Trees [0] 51/-1/-1->50->49 [1] 51/-1/-1->50->49
c197-032:28172:28210 [1] NCCL INFO Trees [0] 62/-1/-1->61->60 [1] 62/-1/-1->61->60
c197-022:17583:17624 [0] NCCL INFO Trees [0] 53/-1/-1->52->57 [1] 53/48/-1->52->45
c196-091:28551:28591 [0] NCCL INFO Trees [0] 17/24/-1->16->33 [1] 17/-1/-1->16->20
c196-072:25424:25456 [2] NCCL INFO Trees [0] 7/-1/-1->6->5 [1] 7/-1/-1->6->5
c197-011:19621:19655 [3] NCCL INFO Trees [0] -1/-1/-1->43->42 [1] -1/-1/-1->43->42
c196-082:15685:15720 [1] NCCL INFO Trees [0] 14/-1/-1->13->12 [1] 14/20/-1->13->12
c196-112:16284:16317 [3] NCCL INFO Trees [0] -1/-1/-1->39->38 [1] -1/-1/-1->39->38
c197-031:19371:19408 [1] NCCL INFO Trees [0] 58/52/-1->57->56 [1] 58/-1/-1->57->56
c196-071:29498:29534 [3] NCCL INFO Trees [0] -1/-1/-1->3->2 [1] -1/-1/-1->3->2
c197-012:1250:1292 [3] NCCL INFO Trees [0] -1/-1/-1->47->46 [1] -1/-1/-1->47->46
c197-021:2896:2936 [1] NCCL INFO Trees [0] 50/40/-1->49->48 [1] 50/-1/-1->49->48
c197-032:28173:28205 [2] NCCL INFO Trees [0] 63/-1/-1->62->61 [1] 63/-1/-1->62->61
c197-022:17584:17622 [1] NCCL INFO Trees [0] 54/-1/-1->53->52 [1] 54/56/-1->53->52
c196-072:25425:25459 [3] NCCL INFO Trees [0] -1/-1/-1->7->6 [1] -1/-1/-1->7->6
c197-011:19618:19658 [0] NCCL INFO Trees [0] 41/44/-1->40->49 [1] 41/-1/-1->40->37
c196-112:16282:16321 [1] NCCL INFO Trees [0] 38/-1/-1->37->36 [1] 38/40/-1->37->36
c197-031:19370:19410 [0] NCCL INFO Trees [0] 57/60/-1->56->48 [1] 57/-1/-1->56->53
c197-012:1247:1289 [0] NCCL INFO Trees [0] 45/-1/-1->44->40 [1] 45/36/-1->44->29
c197-021:2895:2934 [0] NCCL INFO Trees [0] 49/56/-1->48->32 [1] 49/-1/-1->48->52
c197-011:19619:19659 [1] NCCL INFO Trees [0] 42/36/-1->41->40 [1] 42/-1/-1->41->40
c196-112:16281:16322 [0] NCCL INFO Channel 00/0 : 35[83000] -> 36[2000] [receive] via NET/IB/0
c196-081:22647:22684 [0] NCCL INFO Channel 00/0 : 7[83000] -> 8[2000] [receive] via NET/IB/0
c196-111:10615:10651 [0] NCCL INFO Channel 00/0 : 31[83000] -> 32[2000] [receive] via NET/IB/0
c196-091:28551:28591 [0] NCCL INFO Channel 00/0 : 15[83000] -> 16[2000] [receive] via NET/IB/0
c196-092:6424:6464 [0] NCCL INFO Channel 00/0 : 19[83000] -> 20[2000] [receive] via NET/IB/0
c196-102:6675:6715 [0] NCCL INFO Channel 00/0 : 27[83000] -> 28[2000] [receive] via NET/IB/0
c197-012:1247:1289 [0] NCCL INFO Channel 00/0 : 43[83000] -> 44[2000] [receive] via NET/IB/0
c196-101:15330:15370 [0] NCCL INFO Channel 00/0 : 23[83000] -> 24[2000] [receive] via NET/IB/0
c197-032:28171:28211 [0] NCCL INFO Channel 00/0 : 59[83000] -> 60[2000] [receive] via NET/IB/0
c197-022:17583:17624 [0] NCCL INFO Channel 00/0 : 51[83000] -> 52[2000] [receive] via NET/IB/0
c197-031:19370:19410 [0] NCCL INFO Channel 00/0 : 55[83000] -> 56[2000] [receive] via NET/IB/0
c197-021:2895:2934 [0] NCCL INFO Channel 00/0 : 47[83000] -> 48[2000] [receive] via NET/IB/0
c196-071:29495:29528 [0] NCCL INFO Channel 00/0 : 63[83000] -> 0[2000] [receive] via NET/IB/0
c197-011:19618:19658 [0] NCCL INFO Channel 00/0 : 39[83000] -> 40[2000] [receive] via NET/IB/0
c196-072:25422:25460 [0] NCCL INFO Channel 00/0 : 3[83000] -> 4[2000] [receive] via NET/IB/0
c196-082:15684:15722 [0] NCCL INFO Channel 00/0 : 11[83000] -> 12[2000] [receive] via NET/IB/0
c196-081:22649:22687 [2] NCCL INFO Channel 00 : 10[82000] -> 11[83000] via direct shared memory
c196-081:22648:22685 [1] NCCL INFO Channel 00 : 9[3000] -> 10[82000] via direct shared memory
c196-081:22649:22687 [2] NCCL INFO Channel 01 : 10[82000] -> 11[83000] via direct shared memory
c196-081:22648:22685 [1] NCCL INFO Channel 01 : 9[3000] -> 10[82000] via direct shared memory
c197-031:19372:19406 [2] NCCL INFO Channel 00 : 58[82000] -> 59[83000] via direct shared memory
c197-031:19372:19406 [2] NCCL INFO Channel 01 : 58[82000] -> 59[83000] via direct shared memory
c196-102:6677:6709 [2] NCCL INFO Channel 00 : 30[82000] -> 31[83000] via direct shared memory
c196-102:6677:6709 [2] NCCL INFO Channel 01 : 30[82000] -> 31[83000] via direct shared memory
c196-111:10617:10653 [2] NCCL INFO Channel 00 : 34[82000] -> 35[83000] via direct shared memory
c197-012:1249:1291 [2] NCCL INFO Channel 00 : 46[82000] -> 47[83000] via direct shared memory
c196-111:10617:10653 [2] NCCL INFO Channel 01 : 34[82000] -> 35[83000] via direct shared memory
c197-012:1248:1294 [1] NCCL INFO Channel 00 : 45[3000] -> 46[82000] via direct shared memory
c196-111:10616:10655 [1] NCCL INFO Channel 00 : 33[3000] -> 34[82000] via direct shared memory
c197-012:1249:1291 [2] NCCL INFO Channel 01 : 46[82000] -> 47[83000] via direct shared memory
c196-111:10616:10655 [1] NCCL INFO Channel 01 : 33[3000] -> 34[82000] via direct shared memory
c197-012:1248:1294 [1] NCCL INFO Channel 01 : 45[3000] -> 46[82000] via direct shared memory
c196-072:25424:25456 [2] NCCL INFO Channel 00 : 6[82000] -> 7[83000] via direct shared memory
c197-011:19620:19653 [2] NCCL INFO Channel 00 : 42[82000] -> 43[83000] via direct shared memory
c197-022:17585:17618 [2] NCCL INFO Channel 00 : 54[82000] -> 55[83000] via direct shared memory
c196-092:6426:6459 [2] NCCL INFO Channel 00 : 22[82000] -> 23[83000] via direct shared memory
c196-072:25424:25456 [2] NCCL INFO Channel 01 : 6[82000] -> 7[83000] via direct shared memory
c196-082:15686:15724 [2] NCCL INFO Channel 00 : 14[82000] -> 15[83000] via direct shared memory
c197-022:17584:17622 [1] NCCL INFO Channel 00 : 53[3000] -> 54[82000] via direct shared memory
c196-091:28553:28585 [2] NCCL INFO Channel 00 : 18[82000] -> 19[83000] via direct shared memory
c196-092:6426:6459 [2] NCCL INFO Channel 01 : 22[82000] -> 23[83000] via direct shared memory
c196-082:15686:15724 [2] NCCL INFO Channel 01 : 14[82000] -> 15[83000] via direct shared memory
c196-112:16283:16315 [2] NCCL INFO Channel 00 : 38[82000] -> 39[83000] via direct shared memory
c196-102:6676:6713 [1] NCCL INFO Channel 00 : 29[3000] -> 30[82000] via direct shared memory
c197-032:28173:28205 [2] NCCL INFO Channel 00 : 62[82000] -> 63[83000] via direct shared memory
c197-022:17585:17618 [2] NCCL INFO Channel 01 : 54[82000] -> 55[83000] via direct shared memory
c196-091:28552:28590 [1] NCCL INFO Channel 00 : 17[3000] -> 18[82000] via direct shared memory
c196-092:6425:6462 [1] NCCL INFO Channel 00 : 21[3000] -> 22[82000] via direct shared memory
c197-011:19620:19653 [2] NCCL INFO Channel 01 : 42[82000] -> 43[83000] via direct shared memory
c196-112:16282:16321 [1] NCCL INFO Channel 00 : 37[3000] -> 38[82000] via direct shared memory
c196-102:6676:6713 [1] NCCL INFO Channel 01 : 29[3000] -> 30[82000] via direct shared memory
c197-032:28172:28210 [1] NCCL INFO Channel 00 : 61[3000] -> 62[82000] via direct shared memory
c197-022:17584:17622 [1] NCCL INFO Channel 01 : 53[3000] -> 54[82000] via direct shared memory
c196-091:28553:28585 [2] NCCL INFO Channel 01 : 18[82000] -> 19[83000] via direct shared memory
c196-092:6425:6462 [1] NCCL INFO Channel 01 : 21[3000] -> 22[82000] via direct shared memory
c196-101:15332:15365 [2] NCCL INFO Channel 00 : 26[82000] -> 27[83000] via direct shared memory
c197-011:19619:19659 [1] NCCL INFO Channel 00 : 41[3000] -> 42[82000] via direct shared memory
c196-112:16283:16315 [2] NCCL INFO Channel 01 : 38[82000] -> 39[83000] via direct shared memory
c197-031:19371:19408 [1] NCCL INFO Channel 00 : 57[3000] -> 58[82000] via direct shared memory
c197-032:28173:28205 [2] NCCL INFO Channel 01 : 62[82000] -> 63[83000] via direct shared memory
c196-091:28552:28590 [1] NCCL INFO Channel 01 : 17[3000] -> 18[82000] via direct shared memory
c196-101:15331:15368 [1] NCCL INFO Channel 00 : 25[3000] -> 26[82000] via direct shared memory
c197-011:19619:19659 [1] NCCL INFO Channel 01 : 41[3000] -> 42[82000] via direct shared memory
c196-112:16282:16321 [1] NCCL INFO Channel 01 : 37[3000] -> 38[82000] via direct shared memory
c197-031:19371:19408 [1] NCCL INFO Channel 01 : 57[3000] -> 58[82000] via direct shared memory
c197-032:28172:28210 [1] NCCL INFO Channel 01 : 61[3000] -> 62[82000] via direct shared memory
c196-101:15332:15365 [2] NCCL INFO Channel 01 : 26[82000] -> 27[83000] via direct shared memory
c196-101:15331:15368 [1] NCCL INFO Channel 01 : 25[3000] -> 26[82000] via direct shared memory
c197-021:2897:2932 [2] NCCL INFO Channel 00 : 50[82000] -> 51[83000] via direct shared memory
c196-072:25423:25462 [1] NCCL INFO Channel 00 : 5[3000] -> 6[82000] via direct shared memory
c197-021:2896:2936 [1] NCCL INFO Channel 00 : 49[3000] -> 50[82000] via direct shared memory
c196-072:25423:25462 [1] NCCL INFO Channel 01 : 5[3000] -> 6[82000] via direct shared memory
c197-021:2897:2932 [2] NCCL INFO Channel 01 : 50[82000] -> 51[83000] via direct shared memory
c196-082:15685:15720 [1] NCCL INFO Channel 00 : 13[3000] -> 14[82000] via direct shared memory
c197-021:2896:2936 [1] NCCL INFO Channel 01 : 49[3000] -> 50[82000] via direct shared memory
c196-082:15685:15720 [1] NCCL INFO Channel 01 : 13[3000] -> 14[82000] via direct shared memory
c196-081:22650:22681 [3] NCCL INFO Channel 00/0 : 11[83000] -> 12[2000] [send] via NET/IB/0
c196-071:29497:29536 [2] NCCL INFO Channel 00 : 2[82000] -> 3[83000] via direct shared memory
c196-071:29496:29538 [1] NCCL INFO Channel 00 : 1[3000] -> 2[82000] via direct shared memory
c196-071:29497:29536 [2] NCCL INFO Channel 01 : 2[82000] -> 3[83000] via direct shared memory
c196-071:29496:29538 [1] NCCL INFO Channel 01 : 1[3000] -> 2[82000] via direct shared memory
c196-111:10618:10649 [3] NCCL INFO Channel 00/0 : 35[83000] -> 36[2000] [send] via NET/IB/0
c197-031:19373:19404 [3] NCCL INFO Channel 00/0 : 59[83000] -> 60[2000] [send] via NET/IB/0
c196-092:6427:6460 [3] NCCL INFO Channel 00/0 : 23[83000] -> 24[2000] [send] via NET/IB/0
c196-102:6678:6711 [3] NCCL INFO Channel 00/0 : 31[83000] -> 32[2000] [send] via NET/IB/0
c197-012:1250:1292 [3] NCCL INFO Channel 00/0 : 47[83000] -> 48[2000] [send] via NET/IB/0
c197-032:28174:28207 [3] NCCL INFO Channel 00/0 : 63[83000] -> 0[2000] [send] via NET/IB/0
c196-112:16284:16317 [3] NCCL INFO Channel 00/0 : 39[83000] -> 40[2000] [send] via NET/IB/0
c196-091:28554:28587 [3] NCCL INFO Channel 00/0 : 19[83000] -> 20[2000] [send] via NET/IB/0
c196-072:25425:25459 [3] NCCL INFO Channel 00/0 : 7[83000] -> 8[2000] [send] via NET/IB/0
c197-011:19621:19655 [3] NCCL INFO Channel 00/0 : 43[83000] -> 44[2000] [send] via NET/IB/0
c197-022:17586:17620 [3] NCCL INFO Channel 00/0 : 55[83000] -> 56[2000] [send] via NET/IB/0
c196-082:15687:15718 [3] NCCL INFO Channel 00/0 : 15[83000] -> 16[2000] [send] via NET/IB/0
c196-101:15333:15366 [3] NCCL INFO Channel 00/0 : 27[83000] -> 28[2000] [send] via NET/IB/0
c197-021:2898:2931 [3] NCCL INFO Channel 00/0 : 51[83000] -> 52[2000] [send] via NET/IB/0
c196-071:29498:29534 [3] NCCL INFO Channel 00/0 : 3[83000] -> 4[2000] [send] via NET/IB/0
c196-112:16281:16322 [0] NCCL INFO Channel 01/0 : 35[83000] -> 36[2000] [receive] via NET/IB/0
c196-112:16281:16322 [0] NCCL INFO Channel 00 : 36[2000] -> 37[3000] via direct shared memory
c196-112:16281:16322 [0] NCCL INFO Channel 01 : 36[2000] -> 37[3000] via direct shared memory
c197-012:1247:1289 [0] NCCL INFO Channel 01/0 : 43[83000] -> 44[2000] [receive] via NET/IB/0
c196-092:6424:6464 [0] NCCL INFO Channel 01/0 : 19[83000] -> 20[2000] [receive] via NET/IB/0
c197-012:1247:1289 [0] NCCL INFO Channel 00 : 44[2000] -> 45[3000] via direct shared memory
c196-101:15330:15370 [0] NCCL INFO Channel 01/0 : 23[83000] -> 24[2000] [receive] via NET/IB/0
c196-081:22647:22684 [0] NCCL INFO Channel 01/0 : 7[83000] -> 8[2000] [receive] via NET/IB/0
c197-012:1247:1289 [0] NCCL INFO Channel 01 : 44[2000] -> 45[3000] via direct shared memory
c196-092:6424:6464 [0] NCCL INFO Channel 00 : 20[2000] -> 21[3000] via direct shared memory
c196-101:15330:15370 [0] NCCL INFO Channel 00 : 24[2000] -> 25[3000] via direct shared memory
c196-081:22647:22684 [0] NCCL INFO Channel 00 : 8[2000] -> 9[3000] via direct shared memory
c196-091:28551:28591 [0] NCCL INFO Channel 01/0 : 15[83000] -> 16[2000] [receive] via NET/IB/0
c197-031:19370:19410 [0] NCCL INFO Channel 01/0 : 55[83000] -> 56[2000] [receive] via NET/IB/0
c196-102:6675:6715 [0] NCCL INFO Channel 01/0 : 27[83000] -> 28[2000] [receive] via NET/IB/0
c196-071:29495:29528 [0] NCCL INFO Channel 01/0 : 63[83000] -> 0[2000] [receive] via NET/IB/0
c196-081:22647:22684 [0] NCCL INFO Channel 01 : 8[2000] -> 9[3000] via direct shared memory
c196-092:6424:6464 [0] NCCL INFO Channel 01 : 20[2000] -> 21[3000] via direct shared memory
c196-101:15330:15370 [0] NCCL INFO Channel 01 : 24[2000] -> 25[3000] via direct shared memory
c197-032:28171:28211 [0] NCCL INFO Channel 01/0 : 59[83000] -> 60[2000] [receive] via NET/IB/0
c197-022:17583:17624 [0] NCCL INFO Channel 01/0 : 51[83000] -> 52[2000] [receive] via NET/IB/0
c196-091:28551:28591 [0] NCCL INFO Channel 00 : 16[2000] -> 17[3000] via direct shared memory
c196-111:10615:10651 [0] NCCL INFO Channel 01/0 : 31[83000] -> 32[2000] [receive] via NET/IB/0
c197-031:19370:19410 [0] NCCL INFO Channel 00 : 56[2000] -> 57[3000] via direct shared memory
c196-102:6675:6715 [0] NCCL INFO Channel 00 : 28[2000] -> 29[3000] via direct shared memory
c196-071:29495:29528 [0] NCCL INFO Channel 00 : 0[2000] -> 1[3000] via direct shared memory
c197-021:2895:2934 [0] NCCL INFO Channel 01/0 : 47[83000] -> 48[2000] [receive] via NET/IB/0
c197-032:28171:28211 [0] NCCL INFO Channel 00 : 60[2000] -> 61[3000] via direct shared memory
c196-091:28551:28591 [0] NCCL INFO Channel 01 : 16[2000] -> 17[3000] via direct shared memory
c197-031:19370:19410 [0] NCCL INFO Channel 01 : 56[2000] -> 57[3000] via direct shared memory
c196-102:6675:6715 [0] NCCL INFO Channel 01 : 28[2000] -> 29[3000] via direct shared memory
c196-071:29495:29528 [0] NCCL INFO Channel 01 : 0[2000] -> 1[3000] via direct shared memory
c197-021:2895:2934 [0] NCCL INFO Channel 00 : 48[2000] -> 49[3000] via direct shared memory
c197-032:28171:28211 [0] NCCL INFO Channel 01 : 60[2000] -> 61[3000] via direct shared memory
c197-022:17583:17624 [0] NCCL INFO Channel 00 : 52[2000] -> 53[3000] via direct shared memory
c196-111:10615:10651 [0] NCCL INFO Channel 00 : 32[2000] -> 33[3000] via direct shared memory
c197-021:2895:2934 [0] NCCL INFO Channel 01 : 48[2000] -> 49[3000] via direct shared memory
c197-022:17583:17624 [0] NCCL INFO Channel 01 : 52[2000] -> 53[3000] via direct shared memory
c196-111:10615:10651 [0] NCCL INFO Channel 01 : 32[2000] -> 33[3000] via direct shared memory
c197-011:19618:19658 [0] NCCL INFO Channel 01/0 : 39[83000] -> 40[2000] [receive] via NET/IB/0
c196-082:15684:15722 [0] NCCL INFO Channel 01/0 : 11[83000] -> 12[2000] [receive] via NET/IB/0
c196-082:15684:15722 [0] NCCL INFO Channel 00 : 12[2000] -> 13[3000] via direct shared memory
c197-011:19618:19658 [0] NCCL INFO Channel 00 : 40[2000] -> 41[3000] via direct shared memory
c196-082:15684:15722 [0] NCCL INFO Channel 01 : 12[2000] -> 13[3000] via direct shared memory
c196-072:25422:25460 [0] NCCL INFO Channel 01/0 : 3[83000] -> 4[2000] [receive] via NET/IB/0
c197-011:19618:19658 [0] NCCL INFO Channel 01 : 40[2000] -> 41[3000] via direct shared memory
