c196-071:29651:29686 [3] NCCL INFO Trees [0] -1/-1/-1->3->2 [1] -1/-1/-1->3->2
c196-081:22852:22891 [1] NCCL INFO Trees [0] 10/4/-1->9->8 [1] 10/-1/-1->9->8
c196-072:25626:25665 [1] NCCL INFO Trees [0] 6/-1/-1->5->4 [1] 6/8/-1->5->4
c196-082:15887:15927 [0] NCCL INFO Trees [0] 13/-1/-1->12->8 [1] 13/4/-1->12->28
c196-091:28754:28793 [0] NCCL INFO Trees [0] 17/24/-1->16->33 [1] 17/-1/-1->16->20
c197-012:1459:1494 [2] NCCL INFO Trees [0] 47/-1/-1->46->45 [1] 47/-1/-1->46->45
c197-011:19826:19859 [3] NCCL INFO Trees [0] -1/-1/-1->43->42 [1] -1/-1/-1->43->42
c197-021:3102:3141 [0] NCCL INFO Trees [0] 49/56/-1->48->32 [1] 49/-1/-1->48->52
c197-022:17787:17826 [1] NCCL INFO Trees [0] 54/-1/-1->53->52 [1] 54/56/-1->53->52
c197-031:19573:19612 [1] NCCL INFO Trees [0] 58/52/-1->57->56 [1] 58/-1/-1->57->56
c197-032:28373:28411 [1] NCCL INFO Trees [0] 62/-1/-1->61->60 [1] 62/-1/-1->61->60
c196-071:29650:29688 [2] NCCL INFO Trees [0] 3/-1/-1->2->1 [1] 3/-1/-1->2->1
c196-072:25625:25659 [0] NCCL INFO Trees [0] 5/-1/-1->4->9 [1] 5/0/-1->4->12
c197-012:1457:1497 [0] NCCL INFO Trees [0] 45/-1/-1->44->40 [1] 45/36/-1->44->29
c197-031:19574:19608 [2] NCCL INFO Trees [0] 59/-1/-1->58->57 [1] 59/-1/-1->58->57
c197-032:28374:28407 [2] NCCL INFO Trees [0] 63/-1/-1->62->61 [1] 63/-1/-1->62->61
c196-112:16486:16526 [0] NCCL INFO Channel 00/0 : 35[83000] -> 36[2000] [receive] via NET/IB/0
c197-011:19823:19863 [0] NCCL INFO Channel 00/0 : 39[83000] -> 40[2000] [receive] via NET/IB/0
c196-111:10818:10858 [0] NCCL INFO Channel 00/0 : 31[83000] -> 32[2000] [receive] via NET/IB/0
c196-102:6877:6917 [0] NCCL INFO Channel 00/0 : 27[83000] -> 28[2000] [receive] via NET/IB/0
c196-101:15535:15575 [0] NCCL INFO Channel 00/0 : 23[83000] -> 24[2000] [receive] via NET/IB/0
c196-081:22851:22889 [0] NCCL INFO Channel 00/0 : 7[83000] -> 8[2000] [receive] via NET/IB/0
c197-012:1457:1497 [0] NCCL INFO Channel 00/0 : 43[83000] -> 44[2000] [receive] via NET/IB/0
c196-072:25625:25659 [0] NCCL INFO Channel 00/0 : 3[83000] -> 4[2000] [receive] via NET/IB/0
c196-071:29648:29681 [0] NCCL INFO Channel 00/0 : 63[83000] -> 0[2000] [receive] via NET/IB/0
c196-082:15887:15927 [0] NCCL INFO Channel 00/0 : 11[83000] -> 12[2000] [receive] via NET/IB/0
c196-091:28754:28793 [0] NCCL INFO Channel 00/0 : 15[83000] -> 16[2000] [receive] via NET/IB/0
c196-092:6626:6662 [0] NCCL INFO Channel 00/0 : 19[83000] -> 20[2000] [receive] via NET/IB/0
c197-022:17786:17825 [0] NCCL INFO Channel 00/0 : 51[83000] -> 52[2000] [receive] via NET/IB/0
c197-021:3102:3141 [0] NCCL INFO Channel 00/0 : 47[83000] -> 48[2000] [receive] via NET/IB/0
c197-031:19572:19611 [0] NCCL INFO Channel 00/0 : 55[83000] -> 56[2000] [receive] via NET/IB/0
c197-032:28372:28413 [0] NCCL INFO Channel 00/0 : 59[83000] -> 60[2000] [receive] via NET/IB/0
c197-012:1459:1494 [2] NCCL INFO Channel 00 : 46[82000] -> 47[83000] via direct shared memory
c197-012:1459:1494 [2] NCCL INFO Channel 01 : 46[82000] -> 47[83000] via direct shared memory
c196-112:16488:16522 [2] NCCL INFO Channel 00 : 38[82000] -> 39[83000] via direct shared memory
c196-081:22853:22885 [2] NCCL INFO Channel 00 : 10[82000] -> 11[83000] via direct shared memory
c196-102:6879:6913 [2] NCCL INFO Channel 00 : 30[82000] -> 31[83000] via direct shared memory
c196-112:16487:16525 [1] NCCL INFO Channel 00 : 37[3000] -> 38[82000] via direct shared memory
c196-081:22852:22891 [1] NCCL INFO Channel 00 : 9[3000] -> 10[82000] via direct shared memory
c196-112:16488:16522 [2] NCCL INFO Channel 01 : 38[82000] -> 39[83000] via direct shared memory
c196-081:22853:22885 [2] NCCL INFO Channel 01 : 10[82000] -> 11[83000] via direct shared memory
c196-102:6879:6913 [2] NCCL INFO Channel 01 : 30[82000] -> 31[83000] via direct shared memory
c197-012:1458:1498 [1] NCCL INFO Channel 00 : 45[3000] -> 46[82000] via direct shared memory
c196-112:16487:16525 [1] NCCL INFO Channel 01 : 37[3000] -> 38[82000] via direct shared memory
c196-071:29649:29690 [1] NCCL INFO Channel 00 : 1[3000] -> 2[82000] via direct shared memory
c196-081:22852:22891 [1] NCCL INFO Channel 01 : 9[3000] -> 10[82000] via direct shared memory
c197-012:1458:1498 [1] NCCL INFO Channel 01 : 45[3000] -> 46[82000] via direct shared memory
c196-071:29649:29690 [1] NCCL INFO Channel 01 : 1[3000] -> 2[82000] via direct shared memory
c196-092:6628:6664 [2] NCCL INFO Channel 00 : 22[82000] -> 23[83000] via direct shared memory
c196-111:10820:10854 [2] NCCL INFO Channel 00 : 34[82000] -> 35[83000] via direct shared memory
c196-111:10820:10854 [2] NCCL INFO Channel 01 : 34[82000] -> 35[83000] via direct shared memory
c196-091:28756:28789 [2] NCCL INFO Channel 00 : 18[82000] -> 19[83000] via direct shared memory
c196-091:28756:28789 [2] NCCL INFO Channel 01 : 18[82000] -> 19[83000] via direct shared memory
c196-092:6628:6664 [2] NCCL INFO Channel 01 : 22[82000] -> 23[83000] via direct shared memory
c196-101:15537:15571 [2] NCCL INFO Channel 00 : 26[82000] -> 27[83000] via direct shared memory
c196-092:6627:6666 [1] NCCL INFO Channel 00 : 21[3000] -> 22[82000] via direct shared memory
c196-102:6878:6916 [1] NCCL INFO Channel 00 : 29[3000] -> 30[82000] via direct shared memory
c196-092:6627:6666 [1] NCCL INFO Channel 01 : 21[3000] -> 22[82000] via direct shared memory
c196-101:15536:15574 [1] NCCL INFO Channel 00 : 25[3000] -> 26[82000] via direct shared memory
c196-111:10819:10857 [1] NCCL INFO Channel 00 : 33[3000] -> 34[82000] via direct shared memory
c196-102:6878:6916 [1] NCCL INFO Channel 01 : 29[3000] -> 30[82000] via direct shared memory
c197-022:17788:17824 [2] NCCL INFO Channel 00 : 54[82000] -> 55[83000] via direct shared memory
c196-072:25627:25663 [2] NCCL INFO Channel 00 : 6[82000] -> 7[83000] via direct shared memory
c196-082:15889:15923 [2] NCCL INFO Channel 00 : 14[82000] -> 15[83000] via direct shared memory
c196-101:15537:15571 [2] NCCL INFO Channel 01 : 26[82000] -> 27[83000] via direct shared memory
c196-111:10819:10857 [1] NCCL INFO Channel 01 : 33[3000] -> 34[82000] via direct shared memory
c197-011:19825:19857 [2] NCCL INFO Channel 00 : 42[82000] -> 43[83000] via direct shared memory
c197-022:17787:17826 [1] NCCL INFO Channel 00 : 53[3000] -> 54[82000] via direct shared memory
c197-031:19574:19608 [2] NCCL INFO Channel 00 : 58[82000] -> 59[83000] via direct shared memory
c196-072:25626:25665 [1] NCCL INFO Channel 00 : 5[3000] -> 6[82000] via direct shared memory
c196-082:15888:15925 [1] NCCL INFO Channel 00 : 13[3000] -> 14[82000] via direct shared memory
c196-101:15536:15574 [1] NCCL INFO Channel 01 : 25[3000] -> 26[82000] via direct shared memory
c197-011:19825:19857 [2] NCCL INFO Channel 01 : 42[82000] -> 43[83000] via direct shared memory
c197-021:3104:3136 [2] NCCL INFO Channel 00 : 50[82000] -> 51[83000] via direct shared memory
c197-022:17788:17824 [2] NCCL INFO Channel 01 : 54[82000] -> 55[83000] via direct shared memory
c197-031:19573:19612 [1] NCCL INFO Channel 00 : 57[3000] -> 58[82000] via direct shared memory
c196-071:29650:29688 [2] NCCL INFO Channel 00 : 2[82000] -> 3[83000] via direct shared memory
c196-072:25627:25663 [2] NCCL INFO Channel 01 : 6[82000] -> 7[83000] via direct shared memory
c196-082:15889:15923 [2] NCCL INFO Channel 01 : 14[82000] -> 15[83000] via direct shared memory
c196-091:28755:28794 [1] NCCL INFO Channel 00 : 17[3000] -> 18[82000] via direct shared memory
c197-011:19824:19862 [1] NCCL INFO Channel 00 : 41[3000] -> 42[82000] via direct shared memory
c197-021:3104:3136 [2] NCCL INFO Channel 01 : 50[82000] -> 51[83000] via direct shared memory
c197-022:17787:17826 [1] NCCL INFO Channel 01 : 53[3000] -> 54[82000] via direct shared memory
c197-031:19574:19608 [2] NCCL INFO Channel 01 : 58[82000] -> 59[83000] via direct shared memory
c196-071:29650:29688 [2] NCCL INFO Channel 01 : 2[82000] -> 3[83000] via direct shared memory
c196-072:25626:25665 [1] NCCL INFO Channel 01 : 5[3000] -> 6[82000] via direct shared memory
c196-082:15888:15925 [1] NCCL INFO Channel 01 : 13[3000] -> 14[82000] via direct shared memory
c196-091:28755:28794 [1] NCCL INFO Channel 01 : 17[3000] -> 18[82000] via direct shared memory
c197-011:19824:19862 [1] NCCL INFO Channel 01 : 41[3000] -> 42[82000] via direct shared memory
c197-031:19573:19612 [1] NCCL INFO Channel 01 : 57[3000] -> 58[82000] via direct shared memory
c197-032:28374:28407 [2] NCCL INFO Channel 00 : 62[82000] -> 63[83000] via direct shared memory
c197-021:3103:3142 [1] NCCL INFO Channel 00 : 49[3000] -> 50[82000] via direct shared memory
c197-032:28373:28411 [1] NCCL INFO Channel 00 : 61[3000] -> 62[82000] via direct shared memory
c197-012:1460:1495 [3] NCCL INFO Channel 00/0 : 47[83000] -> 48[2000] [send] via NET/IB/0
c197-021:3103:3142 [1] NCCL INFO Channel 01 : 49[3000] -> 50[82000] via direct shared memory
c197-032:28374:28407 [2] NCCL INFO Channel 01 : 62[82000] -> 63[83000] via direct shared memory
c197-032:28373:28411 [1] NCCL INFO Channel 01 : 61[3000] -> 62[82000] via direct shared memory
c196-081:22854:22887 [3] NCCL INFO Channel 00/0 : 11[83000] -> 12[2000] [send] via NET/IB/0
c196-112:16489:16520 [3] NCCL INFO Channel 00/0 : 39[83000] -> 40[2000] [send] via NET/IB/0
c196-102:6880:6912 [3] NCCL INFO Channel 00/0 : 31[83000] -> 32[2000] [send] via NET/IB/0
c196-101:15538:15569 [3] NCCL INFO Channel 00/0 : 27[83000] -> 28[2000] [send] via NET/IB/0
c196-111:10821:10852 [3] NCCL INFO Channel 00/0 : 35[83000] -> 36[2000] [send] via NET/IB/0
c196-091:28757:28790 [3] NCCL INFO Channel 00/0 : 19[83000] -> 20[2000] [send] via NET/IB/0
c196-092:6629:6663 [3] NCCL INFO Channel 00/0 : 23[83000] -> 24[2000] [send] via NET/IB/0
c196-082:15890:15922 [3] NCCL INFO Channel 00/0 : 15[83000] -> 16[2000] [send] via NET/IB/0
c197-022:17789:17821 [3] NCCL INFO Channel 00/0 : 55[83000] -> 56[2000] [send] via NET/IB/0
c197-031:19575:19607 [3] NCCL INFO Channel 00/0 : 59[83000] -> 60[2000] [send] via NET/IB/0
c196-072:25628:25661 [3] NCCL INFO Channel 00/0 : 7[83000] -> 8[2000] [send] via NET/IB/0
c197-011:19826:19859 [3] NCCL INFO Channel 00/0 : 43[83000] -> 44[2000] [send] via NET/IB/0
c197-021:3105:3139 [3] NCCL INFO Channel 00/0 : 51[83000] -> 52[2000] [send] via NET/IB/0
c197-032:28375:28409 [3] NCCL INFO Channel 00/0 : 63[83000] -> 0[2000] [send] via NET/IB/0
c196-071:29651:29686 [3] NCCL INFO Channel 00/0 : 3[83000] -> 4[2000] [send] via NET/IB/0
c196-112:16486:16526 [0] NCCL INFO Channel 01/0 : 35[83000] -> 36[2000] [receive] via NET/IB/0
c196-101:15535:15575 [0] NCCL INFO Channel 01/0 : 23[83000] -> 24[2000] [receive] via NET/IB/0
c196-081:22851:22889 [0] NCCL INFO Channel 01/0 : 7[83000] -> 8[2000] [receive] via NET/IB/0
c196-112:16486:16526 [0] NCCL INFO Channel 00 : 36[2000] -> 37[3000] via direct shared memory
c197-011:19823:19863 [0] NCCL INFO Channel 01/0 : 39[83000] -> 40[2000] [receive] via NET/IB/0
c196-081:22851:22889 [0] NCCL INFO Channel 00 : 8[2000] -> 9[3000] via direct shared memory
c196-091:28754:28793 [0] NCCL INFO Channel 01/0 : 15[83000] -> 16[2000] [receive] via NET/IB/0
c196-101:15535:15575 [0] NCCL INFO Channel 00 : 24[2000] -> 25[3000] via direct shared memory
c196-102:6877:6917 [0] NCCL INFO Channel 01/0 : 27[83000] -> 28[2000] [receive] via NET/IB/0
c196-112:16486:16526 [0] NCCL INFO Channel 01 : 36[2000] -> 37[3000] via direct shared memory
c196-071:29648:29681 [0] NCCL INFO Channel 01/0 : 63[83000] -> 0[2000] [receive] via NET/IB/0
c196-081:22851:22889 [0] NCCL INFO Channel 01 : 8[2000] -> 9[3000] via direct shared memory
c196-072:25625:25659 [0] NCCL INFO Channel 01/0 : 3[83000] -> 4[2000] [receive] via NET/IB/0
c196-101:15535:15575 [0] NCCL INFO Channel 01 : 24[2000] -> 25[3000] via direct shared memory
c197-011:19823:19863 [0] NCCL INFO Channel 00 : 40[2000] -> 41[3000] via direct shared memory
c197-031:19572:19611 [0] NCCL INFO Channel 01/0 : 55[83000] -> 56[2000] [receive] via NET/IB/0
c197-032:28372:28413 [0] NCCL INFO Channel 01/0 : 59[83000] -> 60[2000] [receive] via NET/IB/0
c196-071:29648:29681 [0] NCCL INFO Channel 00 : 0[2000] -> 1[3000] via direct shared memory
c196-072:25625:25659 [0] NCCL INFO Channel 00 : 4[2000] -> 5[3000] via direct shared memory
c196-091:28754:28793 [0] NCCL INFO Channel 00 : 16[2000] -> 17[3000] via direct shared memory
c196-111:10818:10858 [0] NCCL INFO Channel 01/0 : 31[83000] -> 32[2000] [receive] via NET/IB/0
c196-102:6877:6917 [0] NCCL INFO Channel 00 : 28[2000] -> 29[3000] via direct shared memory
c197-011:19823:19863 [0] NCCL INFO Channel 01 : 40[2000] -> 41[3000] via direct shared memory
c197-021:3102:3141 [0] NCCL INFO Channel 01/0 : 47[83000] -> 48[2000] [receive] via NET/IB/0
c197-022:17786:17825 [0] NCCL INFO Channel 01/0 : 51[83000] -> 52[2000] [receive] via NET/IB/0
c197-031:19572:19611 [0] NCCL INFO Channel 00 : 56[2000] -> 57[3000] via direct shared memory
c197-032:28372:28413 [0] NCCL INFO Channel 00 : 60[2000] -> 61[3000] via direct shared memory
c196-071:29648:29681 [0] NCCL INFO Channel 01 : 0[2000] -> 1[3000] via direct shared memory
c196-072:25625:25659 [0] NCCL INFO Channel 01 : 4[2000] -> 5[3000] via direct shared memory
c196-091:28754:28793 [0] NCCL INFO Channel 01 : 16[2000] -> 17[3000] via direct shared memory
c196-111:10818:10858 [0] NCCL INFO Channel 00 : 32[2000] -> 33[3000] via direct shared memory
c196-102:6877:6917 [0] NCCL INFO Channel 01 : 28[2000] -> 29[3000] via direct shared memory
c197-012:1457:1497 [0] NCCL INFO Channel 01/0 : 43[83000] -> 44[2000] [receive] via NET/IB/0
c197-021:3102:3141 [0] NCCL INFO Channel 00 : 48[2000] -> 49[3000] via direct shared memory
c197-022:17786:17825 [0] NCCL INFO Channel 00 : 52[2000] -> 53[3000] via direct shared memory
c197-031:19572:19611 [0] NCCL INFO Channel 01 : 56[2000] -> 57[3000] via direct shared memory
c197-032:28372:28413 [0] NCCL INFO Channel 01 : 60[2000] -> 61[3000] via direct shared memory
c196-082:15887:15927 [0] NCCL INFO Channel 01/0 : 11[83000] -> 12[2000] [receive] via NET/IB/0
c196-092:6626:6662 [0] NCCL INFO Channel 01/0 : 19[83000] -> 20[2000] [receive] via NET/IB/0
c196-111:10818:10858 [0] NCCL INFO Channel 01 : 32[2000] -> 33[3000] via direct shared memory
c197-012:1457:1497 [0] NCCL INFO Channel 00 : 44[2000] -> 45[3000] via direct shared memory
c197-021:3102:3141 [0] NCCL INFO Channel 01 : 48[2000] -> 49[3000] via direct shared memory
c197-022:17786:17825 [0] NCCL INFO Channel 01 : 52[2000] -> 53[3000] via direct shared memory
c196-092:6626:6662 [0] NCCL INFO Channel 00 : 20[2000] -> 21[3000] via direct shared memory
c197-012:1457:1497 [0] NCCL INFO Channel 01 : 44[2000] -> 45[3000] via direct shared memory
c196-092:6626:6662 [0] NCCL INFO Channel 01 : 20[2000] -> 21[3000] via direct shared memory
c196-082:15887:15927 [0] NCCL INFO Channel 00 : 12[2000] -> 13[3000] via direct shared memory
c196-082:15887:15927 [0] NCCL INFO Channel 01 : 12[2000] -> 13[3000] via direct shared memory
c196-081:22852:22891 [1] NCCL INFO Connected all rings
c197-031:19573:19612 [1] NCCL INFO Connected all rings
c196-071:29649:29690 [1] NCCL INFO Connected all rings
c197-011:19824:19862 [1] NCCL INFO Connected all rings
c196-091:28755:28794 [1] NCCL INFO Connected all rings
c197-022:17787:17826 [1] NCCL INFO Connected all rings
c196-101:15536:15574 [1] NCCL INFO Connected all rings
c197-032:28373:28411 [1] NCCL INFO Connected all rings
c196-102:6878:6916 [1] NCCL INFO Connected all rings
c196-072:25626:25665 [1] NCCL INFO Connected all rings
c196-111:10819:10857 [1] NCCL INFO Connected all rings
c196-092:6627:6666 [1] NCCL INFO Connected all rings
c196-112:16487:16525 [1] NCCL INFO Connected all rings
c196-082:15888:15925 [1] NCCL INFO Connected all rings
c197-021:3103:3142 [1] NCCL INFO Connected all rings
c197-012:1458:1498 [1] NCCL INFO Connected all rings
c196-081:22852:22891 [1] NCCL INFO Channel 00/0 : 4[2000] -> 9[3000] [receive] via NET/IB/0
c197-031:19573:19612 [1] NCCL INFO Channel 00/0 : 52[2000] -> 57[3000] [receive] via NET/IB/0
c197-011:19824:19862 [1] NCCL INFO Channel 00/0 : 36[2000] -> 41[3000] [receive] via NET/IB/0
c196-091:28755:28794 [1] NCCL INFO Channel 00/0 : 8[2000] -> 17[3000] [receive] via NET/IB/0
c197-022:17787:17826 [1] NCCL INFO Channel 01/0 : 53[3000] -> 56[2000] [send] via NET/IB/0
c196-101:15536:15574 [1] NCCL INFO Channel 00/0 : 20[2000] -> 25[3000] [receive] via NET/IB/0
c196-102:6878:6916 [1] NCCL INFO Channel 01/0 : 29[3000] -> 44[2000] [send] via NET/IB/0
c196-092:6627:6666 [1] NCCL INFO Channel 01/0 : 21[3000] -> 24[2000] [send] via NET/IB/0
c196-111:10819:10857 [1] NCCL INFO Channel 00/0 : 16[2000] -> 33[3000] [receive] via NET/IB/0
c196-072:25626:25665 [1] NCCL INFO Channel 01/0 : 5[3000] -> 8[2000] [send] via NET/IB/0
c196-082:15888:15925 [1] NCCL INFO Channel 01/0 : 13[3000] -> 20[2000] [send] via NET/IB/0
c196-112:16487:16525 [1] NCCL INFO Channel 01/0 : 37[3000] -> 40[2000] [send] via NET/IB/0
c197-012:1458:1498 [1] NCCL INFO Channel 01/0 : 45[3000] -> 52[2000] [send] via NET/IB/0
c197-021:3103:3142 [1] NCCL INFO Channel 00/0 : 40[2000] -> 49[3000] [receive] via NET/IB/0
c197-012:1460:1495 [3] NCCL INFO Channel 01/0 : 47[83000] -> 48[2000] [send] via NET/IB/0
c196-081:22854:22887 [3] NCCL INFO Channel 01/0 : 11[83000] -> 12[2000] [send] via NET/IB/0
c196-102:6880:6912 [3] NCCL INFO Channel 01/0 : 31[83000] -> 32[2000] [send] via NET/IB/0
c196-101:15538:15569 [3] NCCL INFO Channel 01/0 : 27[83000] -> 28[2000] [send] via NET/IB/0
c196-112:16489:16520 [3] NCCL INFO Channel 01/0 : 39[83000] -> 40[2000] [send] via NET/IB/0
c196-092:6629:6663 [3] NCCL INFO Channel 01/0 : 23[83000] -> 24[2000] [send] via NET/IB/0
c196-091:28757:28790 [3] NCCL INFO Channel 01/0 : 19[83000] -> 20[2000] [send] via NET/IB/0
c197-031:19575:19607 [3] NCCL INFO Channel 01/0 : 59[83000] -> 60[2000] [send] via NET/IB/0
c196-072:25628:25661 [3] NCCL INFO Channel 01/0 : 7[83000] -> 8[2000] [send] via NET/IB/0
c197-022:17789:17821 [3] NCCL INFO Channel 01/0 : 55[83000] -> 56[2000] [send] via NET/IB/0
c196-111:10821:10852 [3] NCCL INFO Channel 01/0 : 35[83000] -> 36[2000] [send] via NET/IB/0
c197-021:3105:3139 [3] NCCL INFO Channel 01/0 : 51[83000] -> 52[2000] [send] via NET/IB/0
c196-082:15890:15922 [3] NCCL INFO Channel 01/0 : 15[83000] -> 16[2000] [send] via NET/IB/0
c197-011:19826:19859 [3] NCCL INFO Channel 01/0 : 43[83000] -> 44[2000] [send] via NET/IB/0
c196-071:29651:29686 [3] NCCL INFO Channel 01/0 : 3[83000] -> 4[2000] [send] via NET/IB/0
c197-032:28375:28409 [3] NCCL INFO Channel 01/0 : 63[83000] -> 0[2000] [send] via NET/IB/0
c196-081:22853:22885 [2] NCCL INFO Connected all rings
c196-102:6879:6913 [2] NCCL INFO Connected all rings
c197-012:1459:1494 [2] NCCL INFO Connected all rings
c196-092:6628:6664 [2] NCCL INFO Connected all rings
c196-101:15537:15571 [2] NCCL INFO Connected all rings
c196-112:16488:16522 [2] NCCL INFO Connected all rings
c197-031:19574:19608 [2] NCCL INFO Connected all rings
c196-091:28756:28789 [2] NCCL INFO Connected all rings
c196-072:25627:25663 [2] NCCL INFO Connected all rings
c197-021:3104:3136 [2] NCCL INFO Connected all rings
c197-022:17788:17824 [2] NCCL INFO Connected all rings
c196-111:10820:10854 [2] NCCL INFO Connected all rings
c196-082:15889:15923 [2] NCCL INFO Connected all rings
c197-032:28374:28407 [2] NCCL INFO Connected all rings
c197-032:28373:28411 [1] NCCL INFO Channel 00 : 61[3000] -> 60[2000] via direct shared memory
c197-032:28373:28411 [1] NCCL INFO Channel 01 : 61[3000] -> 60[2000] via direct shared memory
c197-011:19825:19857 [2] NCCL INFO Connected all rings
c196-071:29649:29690 [1] NCCL INFO Channel 00 : 1[3000] -> 0[2000] via direct shared memory
c196-071:29650:29688 [2] NCCL INFO Connected all rings
c196-071:29649:29690 [1] NCCL INFO Channel 01 : 1[3000] -> 0[2000] via direct shared memory
c196-081:22854:22887 [3] NCCL INFO Connected all rings
c197-012:1460:1495 [3] NCCL INFO Connected all rings
c196-081:22854:22887 [3] NCCL INFO Channel 00 : 11[83000] -> 10[82000] via direct shared memory
c197-012:1460:1495 [3] NCCL INFO Channel 00 : 47[83000] -> 46[82000] via direct shared memory
c196-081:22854:22887 [3] NCCL INFO Channel 01 : 11[83000] -> 10[82000] via direct shared memory
c197-012:1460:1495 [3] NCCL INFO Channel 01 : 47[83000] -> 46[82000] via direct shared memory
c196-102:6880:6912 [3] NCCL INFO Connected all rings
c196-102:6880:6912 [3] NCCL INFO Channel 00 : 31[83000] -> 30[82000] via direct shared memory
c196-102:6880:6912 [3] NCCL INFO Channel 01 : 31[83000] -> 30[82000] via direct shared memory
c196-092:6629:6663 [3] NCCL INFO Connected all rings
c196-092:6629:6663 [3] NCCL INFO Channel 00 : 23[83000] -> 22[82000] via direct shared memory
c196-092:6629:6663 [3] NCCL INFO Channel 01 : 23[83000] -> 22[82000] via direct shared memory
c196-091:28757:28790 [3] NCCL INFO Connected all rings
c197-022:17789:17821 [3] NCCL INFO Connected all rings
c196-072:25628:25661 [3] NCCL INFO Connected all rings
c196-091:28757:28790 [3] NCCL INFO Channel 00 : 19[83000] -> 18[82000] via direct shared memory
c196-072:25628:25661 [3] NCCL INFO Channel 00 : 7[83000] -> 6[82000] via direct shared memory
c196-091:28757:28790 [3] NCCL INFO Channel 01 : 19[83000] -> 18[82000] via direct shared memory
c196-112:16489:16520 [3] NCCL INFO Connected all rings
c197-022:17789:17821 [3] NCCL INFO Channel 00 : 55[83000] -> 54[82000] via direct shared memory
c197-031:19575:19607 [3] NCCL INFO Connected all rings
c196-112:16489:16520 [3] NCCL INFO Channel 00 : 39[83000] -> 38[82000] via direct shared memory
c197-022:17789:17821 [3] NCCL INFO Channel 01 : 55[83000] -> 54[82000] via direct shared memory
c197-031:19575:19607 [3] NCCL INFO Channel 00 : 59[83000] -> 58[82000] via direct shared memory
c196-072:25628:25661 [3] NCCL INFO Channel 01 : 7[83000] -> 6[82000] via direct shared memory
c196-112:16489:16520 [3] NCCL INFO Channel 01 : 39[83000] -> 38[82000] via direct shared memory
c197-031:19575:19607 [3] NCCL INFO Channel 01 : 59[83000] -> 58[82000] via direct shared memory
c196-101:15538:15569 [3] NCCL INFO Connected all rings
c196-111:10821:10852 [3] NCCL INFO Connected all rings
c196-101:15538:15569 [3] NCCL INFO Channel 00 : 27[83000] -> 26[82000] via direct shared memory
c196-111:10821:10852 [3] NCCL INFO Channel 00 : 35[83000] -> 34[82000] via direct shared memory
c197-011:19826:19859 [3] NCCL INFO Connected all rings
c196-111:10821:10852 [3] NCCL INFO Channel 01 : 35[83000] -> 34[82000] via direct shared memory
c197-011:19826:19859 [3] NCCL INFO Channel 00 : 43[83000] -> 42[82000] via direct shared memory
c197-021:3105:3139 [3] NCCL INFO Connected all rings
c197-032:28375:28409 [3] NCCL INFO Connected all rings
c196-101:15538:15569 [3] NCCL INFO Channel 01 : 27[83000] -> 26[82000] via direct shared memory
c197-011:19826:19859 [3] NCCL INFO Channel 01 : 43[83000] -> 42[82000] via direct shared memory
c197-021:3105:3139 [3] NCCL INFO Channel 00 : 51[83000] -> 50[82000] via direct shared memory
c197-032:28375:28409 [3] NCCL INFO Channel 00 : 63[83000] -> 62[82000] via direct shared memory
c196-082:15890:15922 [3] NCCL INFO Connected all rings
c197-021:3105:3139 [3] NCCL INFO Channel 01 : 51[83000] -> 50[82000] via direct shared memory
c197-032:28375:28409 [3] NCCL INFO Channel 01 : 63[83000] -> 62[82000] via direct shared memory
c196-082:15890:15922 [3] NCCL INFO Channel 00 : 15[83000] -> 14[82000] via direct shared memory
c197-012:1459:1494 [2] NCCL INFO Channel 00 : 46[82000] -> 45[3000] via direct shared memory
c197-021:3102:3141 [0] NCCL INFO Connected all rings
c196-082:15890:15922 [3] NCCL INFO Channel 01 : 15[83000] -> 14[82000] via direct shared memory
c197-012:1459:1494 [2] NCCL INFO Channel 01 : 46[82000] -> 45[3000] via direct shared memory
c196-071:29651:29686 [3] NCCL INFO Connected all rings
c196-081:22853:22885 [2] NCCL INFO Channel 00 : 10[82000] -> 9[3000] via direct shared memory
c196-082:15887:15927 [0] NCCL INFO Connected all rings
c196-081:22853:22885 [2] NCCL INFO Channel 01 : 10[82000] -> 9[3000] via direct shared memory
c196-111:10818:10858 [0] NCCL INFO Connected all rings
c196-071:29651:29686 [3] NCCL INFO Channel 00 : 3[83000] -> 2[82000] via direct shared memory
c196-071:29651:29686 [3] NCCL INFO Channel 01 : 3[83000] -> 2[82000] via direct shared memory
c196-092:6626:6662 [0] NCCL INFO Connected all rings
c196-112:16486:16526 [0] NCCL INFO Connected all rings
c196-101:15535:15575 [0] NCCL INFO Connected all rings
c196-102:6879:6913 [2] NCCL INFO Channel 00 : 30[82000] -> 29[3000] via direct shared memory
c197-032:28372:28413 [0] NCCL INFO Connected all rings
c196-091:28754:28793 [0] NCCL INFO Connected all rings
c196-102:6879:6913 [2] NCCL INFO Channel 01 : 30[82000] -> 29[3000] via direct shared memory
c196-081:22851:22889 [0] NCCL INFO Connected all rings
c196-102:6877:6917 [0] NCCL INFO Connected all rings
c197-031:19572:19611 [0] NCCL INFO Connected all rings
c197-022:17786:17825 [0] NCCL INFO Connected all rings
c197-022:17788:17824 [2] NCCL INFO Channel 00 : 54[82000] -> 53[3000] via direct shared memory
c197-022:17788:17824 [2] NCCL INFO Channel 01 : 54[82000] -> 53[3000] via direct shared memory
c196-092:6628:6664 [2] NCCL INFO Channel 00 : 22[82000] -> 21[3000] via direct shared memory
c196-092:6628:6664 [2] NCCL INFO Channel 01 : 22[82000] -> 21[3000] via direct shared memory
c196-101:15537:15571 [2] NCCL INFO Channel 00 : 26[82000] -> 25[3000] via direct shared memory
c196-112:16488:16522 [2] NCCL INFO Channel 00 : 38[82000] -> 37[3000] via direct shared memory
c197-011:19823:19863 [0] NCCL INFO Connected all rings
c196-072:25625:25659 [0] NCCL INFO Connected all rings
c196-101:15537:15571 [2] NCCL INFO Channel 01 : 26[82000] -> 25[3000] via direct shared memory
c196-112:16488:16522 [2] NCCL INFO Channel 01 : 38[82000] -> 37[3000] via direct shared memory
c196-071:29648:29681 [0] NCCL INFO Connected all rings
c197-021:3104:3136 [2] NCCL INFO Channel 00 : 50[82000] -> 49[3000] via direct shared memory
c196-111:10820:10854 [2] NCCL INFO Channel 00 : 34[82000] -> 33[3000] via direct shared memory
c197-012:1457:1497 [0] NCCL INFO Connected all rings
c197-021:3104:3136 [2] NCCL INFO Channel 01 : 50[82000] -> 49[3000] via direct shared memory
c196-091:28756:28789 [2] NCCL INFO Channel 00 : 18[82000] -> 17[3000] via direct shared memory
c196-111:10820:10854 [2] NCCL INFO Channel 01 : 34[82000] -> 33[3000] via direct shared memory
c197-012:1460:1495 [3] NCCL INFO Connected all trees
c196-091:28756:28789 [2] NCCL INFO Channel 01 : 18[82000] -> 17[3000] via direct shared memory
c197-012:1460:1495 [3] NCCL INFO MSCCL_XML_FILES set by environment to /home1/09168/ldai1/ccl-build/msccl_tools_lyd/examples/xml/xml_lyd/ring/allreduce_ring_16nodes_4gpus_64chunks_1channels_frontera.xml
c196-072:25627:25663 [2] NCCL INFO Channel 00 : 6[82000] -> 5[3000] via direct shared memory
c197-012:1460:1495 [3] NCCL INFO MSCCL: Parsing algorithm /home1/09168/ldai1/ccl-build/msccl_tools_lyd/examples/xml/xml_lyd/ring/allreduce_ring_16nodes_4gpus_64chunks_1channels_frontera.xml
c196-072:25627:25663 [2] NCCL INFO Channel 01 : 6[82000] -> 5[3000] via direct shared memory
c196-081:22854:22887 [3] NCCL INFO Connected all trees
c196-081:22854:22887 [3] NCCL INFO MSCCL_XML_FILES set by environment to /home1/09168/ldai1/ccl-build/msccl_tools_lyd/examples/xml/xml_lyd/ring/allreduce_ring_16nodes_4gpus_64chunks_1channels_frontera.xml
c196-081:22854:22887 [3] NCCL INFO MSCCL: Parsing algorithm /home1/09168/ldai1/ccl-build/msccl_tools_lyd/examples/xml/xml_lyd/ring/allreduce_ring_16nodes_4gpus_64chunks_1channels_frontera.xml
c196-082:15889:15923 [2] NCCL INFO Channel 00 : 14[82000] -> 13[3000] via direct shared memory
c196-082:15889:15923 [2] NCCL INFO Channel 01 : 14[82000] -> 13[3000] via direct shared memory
c197-031:19574:19608 [2] NCCL INFO Channel 00 : 58[82000] -> 57[3000] via direct shared memory
c197-032:28374:28407 [2] NCCL INFO Channel 00 : 62[82000] -> 61[3000] via direct shared memory
c197-031:19574:19608 [2] NCCL INFO Channel 01 : 58[82000] -> 57[3000] via direct shared memory
c197-032:28374:28407 [2] NCCL INFO Channel 01 : 62[82000] -> 61[3000] via direct shared memory
c197-011:19825:19857 [2] NCCL INFO Channel 00 : 42[82000] -> 41[3000] via direct shared memory
c196-102:6880:6912 [3] NCCL INFO Connected all trees
c196-102:6880:6912 [3] NCCL INFO MSCCL_XML_FILES set by environment to /home1/09168/ldai1/ccl-build/msccl_tools_lyd/examples/xml/xml_lyd/ring/allreduce_ring_16nodes_4gpus_64chunks_1channels_frontera.xml
c197-011:19825:19857 [2] NCCL INFO Channel 01 : 42[82000] -> 41[3000] via direct shared memory
c196-102:6880:6912 [3] NCCL INFO MSCCL: Parsing algorithm /home1/09168/ldai1/ccl-build/msccl_tools_lyd/examples/xml/xml_lyd/ring/allreduce_ring_16nodes_4gpus_64chunks_1channels_frontera.xml
c197-022:17789:17821 [3] NCCL INFO Connected all trees
c197-022:17789:17821 [3] NCCL INFO MSCCL_XML_FILES set by environment to /home1/09168/ldai1/ccl-build/msccl_tools_lyd/examples/xml/xml_lyd/ring/allreduce_ring_16nodes_4gpus_64chunks_1channels_frontera.xml
c197-022:17789:17821 [3] NCCL INFO MSCCL: Parsing algorithm /home1/09168/ldai1/ccl-build/msccl_tools_lyd/examples/xml/xml_lyd/ring/allreduce_ring_16nodes_4gpus_64chunks_1channels_frontera.xml
c196-092:6629:6663 [3] NCCL INFO Connected all trees
c196-092:6629:6663 [3] NCCL INFO MSCCL_XML_FILES set by environment to /home1/09168/ldai1/ccl-build/msccl_tools_lyd/examples/xml/xml_lyd/ring/allreduce_ring_16nodes_4gpus_64chunks_1channels_frontera.xml
c196-092:6629:6663 [3] NCCL INFO MSCCL: Parsing algorithm /home1/09168/ldai1/ccl-build/msccl_tools_lyd/examples/xml/xml_lyd/ring/allreduce_ring_16nodes_4gpus_64chunks_1channels_frontera.xml
c196-112:16489:16520 [3] NCCL INFO Connected all trees
c196-112:16489:16520 [3] NCCL INFO MSCCL_XML_FILES set by environment to /home1/09168/ldai1/ccl-build/msccl_tools_lyd/examples/xml/xml_lyd/ring/allreduce_ring_16nodes_4gpus_64chunks_1channels_frontera.xml
c196-112:16489:16520 [3] NCCL INFO MSCCL: Parsing algorithm /home1/09168/ldai1/ccl-build/msccl_tools_lyd/examples/xml/xml_lyd/ring/allreduce_ring_16nodes_4gpus_64chunks_1channels_frontera.xml
c196-071:29650:29688 [2] NCCL INFO Channel 00 : 2[82000] -> 1[3000] via direct shared memory
c197-021:3105:3139 [3] NCCL INFO Connected all trees
c196-071:29650:29688 [2] NCCL INFO Channel 01 : 2[82000] -> 1[3000] via direct shared memory
c196-101:15538:15569 [3] NCCL INFO Connected all trees
c197-021:3105:3139 [3] NCCL INFO MSCCL_XML_FILES set by environment to /home1/09168/ldai1/ccl-build/msccl_tools_lyd/examples/xml/xml_lyd/ring/allreduce_ring_16nodes_4gpus_64chunks_1channels_frontera.xml
c196-101:15538:15569 [3] NCCL INFO MSCCL_XML_FILES set by environment to /home1/09168/ldai1/ccl-build/msccl_tools_lyd/examples/xml/xml_lyd/ring/allreduce_ring_16nodes_4gpus_64chunks_1channels_frontera.xml
c197-021:3105:3139 [3] NCCL INFO MSCCL: Parsing algorithm /home1/09168/ldai1/ccl-build/msccl_tools_lyd/examples/xml/xml_lyd/ring/allreduce_ring_16nodes_4gpus_64chunks_1channels_frontera.xml
c196-101:15538:15569 [3] NCCL INFO MSCCL: Parsing algorithm /home1/09168/ldai1/ccl-build/msccl_tools_lyd/examples/xml/xml_lyd/ring/allreduce_ring_16nodes_4gpus_64chunks_1channels_frontera.xml
c196-111:10821:10852 [3] NCCL INFO Connected all trees
c196-111:10821:10852 [3] NCCL INFO MSCCL_XML_FILES set by environment to /home1/09168/ldai1/ccl-build/msccl_tools_lyd/examples/xml/xml_lyd/ring/allreduce_ring_16nodes_4gpus_64chunks_1channels_frontera.xml
c196-091:28757:28790 [3] NCCL INFO Connected all trees
c196-111:10821:10852 [3] NCCL INFO MSCCL: Parsing algorithm /home1/09168/ldai1/ccl-build/msccl_tools_lyd/examples/xml/xml_lyd/ring/allreduce_ring_16nodes_4gpus_64chunks_1channels_frontera.xml
c196-091:28757:28790 [3] NCCL INFO MSCCL_XML_FILES set by environment to /home1/09168/ldai1/ccl-build/msccl_tools_lyd/examples/xml/xml_lyd/ring/allreduce_ring_16nodes_4gpus_64chunks_1channels_frontera.xml
c196-091:28757:28790 [3] NCCL INFO MSCCL: Parsing algorithm /home1/09168/ldai1/ccl-build/msccl_tools_lyd/examples/xml/xml_lyd/ring/allreduce_ring_16nodes_4gpus_64chunks_1channels_frontera.xml
c196-072:25628:25661 [3] NCCL INFO Connected all trees
c196-072:25628:25661 [3] NCCL INFO MSCCL_XML_FILES set by environment to /home1/09168/ldai1/ccl-build/msccl_tools_lyd/examples/xml/xml_lyd/ring/allreduce_ring_16nodes_4gpus_64chunks_1channels_frontera.xml
c196-072:25628:25661 [3] NCCL INFO MSCCL: Parsing algorithm /home1/09168/ldai1/ccl-build/msccl_tools_lyd/examples/xml/xml_lyd/ring/allreduce_ring_16nodes_4gpus_64chunks_1channels_frontera.xml
c196-082:15890:15922 [3] NCCL INFO Connected all trees
c196-082:15890:15922 [3] NCCL INFO MSCCL_XML_FILES set by environment to /home1/09168/ldai1/ccl-build/msccl_tools_lyd/examples/xml/xml_lyd/ring/allreduce_ring_16nodes_4gpus_64chunks_1channels_frontera.xml
c196-082:15890:15922 [3] NCCL INFO MSCCL: Parsing algorithm /home1/09168/ldai1/ccl-build/msccl_tools_lyd/examples/xml/xml_lyd/ring/allreduce_ring_16nodes_4gpus_64chunks_1channels_frontera.xml
c197-031:19575:19607 [3] NCCL INFO Connected all trees
c197-031:19575:19607 [3] NCCL INFO MSCCL_XML_FILES set by environment to /home1/09168/ldai1/ccl-build/msccl_tools_lyd/examples/xml/xml_lyd/ring/allreduce_ring_16nodes_4gpus_64chunks_1channels_frontera.xml
c197-031:19575:19607 [3] NCCL INFO MSCCL: Parsing algorithm /home1/09168/ldai1/ccl-build/msccl_tools_lyd/examples/xml/xml_lyd/ring/allreduce_ring_16nodes_4gpus_64chunks_1channels_frontera.xml
c197-032:28375:28409 [3] NCCL INFO Connected all trees
c197-032:28375:28409 [3] NCCL INFO MSCCL_XML_FILES set by environment to /home1/09168/ldai1/ccl-build/msccl_tools_lyd/examples/xml/xml_lyd/ring/allreduce_ring_16nodes_4gpus_64chunks_1channels_frontera.xml
c197-032:28375:28409 [3] NCCL INFO MSCCL: Parsing algorithm /home1/09168/ldai1/ccl-build/msccl_tools_lyd/examples/xml/xml_lyd/ring/allreduce_ring_16nodes_4gpus_64chunks_1channels_frontera.xml
c197-011:19826:19859 [3] NCCL INFO Connected all trees
c197-011:19826:19859 [3] NCCL INFO MSCCL_XML_FILES set by environment to /home1/09168/ldai1/ccl-build/msccl_tools_lyd/examples/xml/xml_lyd/ring/allreduce_ring_16nodes_4gpus_64chunks_1channels_frontera.xml
c197-011:19826:19859 [3] NCCL INFO MSCCL: Parsing algorithm /home1/09168/ldai1/ccl-build/msccl_tools_lyd/examples/xml/xml_lyd/ring/allreduce_ring_16nodes_4gpus_64chunks_1channels_frontera.xml
c197-032:28374:28407 [2] NCCL INFO Connected all trees
c197-032:28374:28407 [2] NCCL INFO MSCCL_XML_FILES set by environment to /home1/09168/ldai1/ccl-build/msccl_tools_lyd/examples/xml/xml_lyd/ring/allreduce_ring_16nodes_4gpus_64chunks_1channels_frontera.xml
c197-032:28374:28407 [2] NCCL INFO MSCCL: Parsing algorithm /home1/09168/ldai1/ccl-build/msccl_tools_lyd/examples/xml/xml_lyd/ring/allreduce_ring_16nodes_4gpus_64chunks_1channels_frontera.xml
c196-071:29651:29686 [3] NCCL INFO Connected all trees
c196-071:29651:29686 [3] NCCL INFO MSCCL_XML_FILES set by environment to /home1/09168/ldai1/ccl-build/msccl_tools_lyd/examples/xml/xml_lyd/ring/allreduce_ring_16nodes_4gpus_64chunks_1channels_frontera.xml
c196-071:29651:29686 [3] NCCL INFO MSCCL: Parsing algorithm /home1/09168/ldai1/ccl-build/msccl_tools_lyd/examples/xml/xml_lyd/ring/allreduce_ring_16nodes_4gpus_64chunks_1channels_frontera.xml
c196-071:29650:29688 [2] NCCL INFO Connected all trees
c196-071:29650:29688 [2] NCCL INFO MSCCL_XML_FILES set by environment to /home1/09168/ldai1/ccl-build/msccl_tools_lyd/examples/xml/xml_lyd/ring/allreduce_ring_16nodes_4gpus_64chunks_1channels_frontera.xml
c196-071:29650:29688 [2] NCCL INFO MSCCL: Parsing algorithm /home1/09168/ldai1/ccl-build/msccl_tools_lyd/examples/xml/xml_lyd/ring/allreduce_ring_16nodes_4gpus_64chunks_1channels_frontera.xml
c197-021:3102:3141 [0] NCCL INFO Channel 01/0 : 48[2000] -> 52[2000] [send] via NET/IB/0
c197-012:1460:1495 [3] NCCL INFO Parsed MSCCL Algorithm /home1/09168/ldai1/ccl-build/msccl_tools_lyd/examples/xml/xml_lyd/ring/allreduce_ring_16nodes_4gpus_64chunks_1channels_frontera.xml successfully.
c197-012:1460:1495 [3] NCCL INFO Connected 1 MSCCL algorithms
c196-082:15887:15927 [0] NCCL INFO Channel 00/0 : 8[2000] -> 12[2000] [receive] via NET/IB/0
c197-012:1460:1495 [3] NCCL INFO NCCL_NTHREADS set by environment to 128.
c197-012:1460:1495 [3] NCCL INFO NCCL_PROTO set by environment to Simple
c197-012:1460:1495 [3] NCCL INFO NCCL_ALGO set by environment to MSCCL,TREE,RING
c197-012:1460:1495 [3] NCCL INFO threadThresholds 8/8/64 | 512/8/64 | 8/8/64 | 8/8/512
c197-012:1460:1495 [3] NCCL INFO 2 coll channels, 2 p2p channels, 2 p2p channels per peer
c196-111:10818:10858 [0] NCCL INFO Channel 01/0 : 32[2000] -> 36[2000] [send] via NET/IB/0
c196-101:15535:15575 [0] NCCL INFO Channel 01/0 : 21[3000] -> 24[2000] [receive] via NET/IB/0
c196-112:16486:16526 [0] NCCL INFO Channel 01/0 : 32[2000] -> 36[2000] [receive] via NET/IB/0
c196-092:6626:6662 [0] NCCL INFO Channel 01/0 : 16[2000] -> 20[2000] [receive] via NET/IB/0
c196-091:28754:28793 [0] NCCL INFO Channel 01/0 : 16[2000] -> 20[2000] [send] via NET/IB/0
c196-102:6877:6917 [0] NCCL INFO Channel 00/0 : 24[2000] -> 28[2000] [receive] via NET/IB/0
c197-031:19572:19611 [0] NCCL INFO Channel 01/0 : 53[3000] -> 56[2000] [receive] via NET/IB/0
c196-102:6880:6912 [3] NCCL INFO Parsed MSCCL Algorithm /home1/09168/ldai1/ccl-build/msccl_tools_lyd/examples/xml/xml_lyd/ring/allreduce_ring_16nodes_4gpus_64chunks_1channels_frontera.xml successfully.
c196-102:6880:6912 [3] NCCL INFO Connected 1 MSCCL algorithms
c196-102:6880:6912 [3] NCCL INFO NCCL_NTHREADS set by environment to 128.
c197-032:28372:28413 [0] NCCL INFO Channel 00/0 : 56[2000] -> 60[2000] [receive] via NET/IB/0
c196-102:6880:6912 [3] NCCL INFO NCCL_PROTO set by environment to Simple
c196-102:6880:6912 [3] NCCL INFO NCCL_ALGO set by environment to MSCCL,TREE,RING
c197-022:17786:17825 [0] NCCL INFO Channel 01/0 : 48[2000] -> 52[2000] [receive] via NET/IB/0
c196-102:6880:6912 [3] NCCL INFO threadThresholds 8/8/64 | 512/8/64 | 8/8/64 | 8/8/512
c196-102:6880:6912 [3] NCCL INFO 2 coll channels, 2 p2p channels, 2 p2p channels per peer
c196-081:22854:22887 [3] NCCL INFO Parsed MSCCL Algorithm /home1/09168/ldai1/ccl-build/msccl_tools_lyd/examples/xml/xml_lyd/ring/allreduce_ring_16nodes_4gpus_64chunks_1channels_frontera.xml successfully.
c196-081:22854:22887 [3] NCCL INFO Connected 1 MSCCL algorithms
c196-081:22854:22887 [3] NCCL INFO NCCL_NTHREADS set by environment to 128.
c196-081:22854:22887 [3] NCCL INFO NCCL_PROTO set by environment to Simple
c196-081:22854:22887 [3] NCCL INFO NCCL_ALGO set by environment to MSCCL,TREE,RING
c196-081:22851:22889 [0] NCCL INFO Channel 01/0 : 5[3000] -> 8[2000] [receive] via NET/IB/0
c197-011:19823:19863 [0] NCCL INFO Channel 01/0 : 37[3000] -> 40[2000] [receive] via NET/IB/0
c196-081:22854:22887 [3] NCCL INFO threadThresholds 8/8/64 | 512/8/64 | 8/8/64 | 8/8/512
c196-081:22854:22887 [3] NCCL INFO 2 coll channels, 2 p2p channels, 2 p2p channels per peer
c196-071:29648:29681 [0] NCCL INFO Channel 01/0 : 0[2000] -> 4[2000] [send] via NET/IB/0
c196-072:25625:25659 [0] NCCL INFO Channel 01/0 : 0[2000] -> 4[2000] [receive] via NET/IB/0
c197-012:1457:1497 [0] NCCL INFO Channel 00/0 : 40[2000] -> 44[2000] [receive] via NET/IB/0
c196-092:6629:6663 [3] NCCL INFO Parsed MSCCL Algorithm /home1/09168/ldai1/ccl-build/msccl_tools_lyd/examples/xml/xml_lyd/ring/allreduce_ring_16nodes_4gpus_64chunks_1channels_frontera.xml successfully.
c196-091:28757:28790 [3] NCCL INFO Parsed MSCCL Algorithm /home1/09168/ldai1/ccl-build/msccl_tools_lyd/examples/xml/xml_lyd/ring/allreduce_ring_16nodes_4gpus_64chunks_1channels_frontera.xml successfully.
c196-092:6629:6663 [3] NCCL INFO Connected 1 MSCCL algorithms
c196-112:16489:16520 [3] NCCL INFO Parsed MSCCL Algorithm /home1/09168/ldai1/ccl-build/msccl_tools_lyd/examples/xml/xml_lyd/ring/allreduce_ring_16nodes_4gpus_64chunks_1channels_frontera.xml successfully.
c196-091:28757:28790 [3] NCCL INFO Connected 1 MSCCL algorithms
c196-092:6629:6663 [3] NCCL INFO NCCL_NTHREADS set by environment to 128.
c196-112:16489:16520 [3] NCCL INFO Connected 1 MSCCL algorithms
c197-021:3105:3139 [3] NCCL INFO Parsed MSCCL Algorithm /home1/09168/ldai1/ccl-build/msccl_tools_lyd/examples/xml/xml_lyd/ring/allreduce_ring_16nodes_4gpus_64chunks_1channels_frontera.xml successfully.
c196-082:15890:15922 [3] NCCL INFO Parsed MSCCL Algorithm /home1/09168/ldai1/ccl-build/msccl_tools_lyd/examples/xml/xml_lyd/ring/allreduce_ring_16nodes_4gpus_64chunks_1channels_frontera.xml successfully.
c196-091:28757:28790 [3] NCCL INFO NCCL_NTHREADS set by environment to 128.
c196-092:6629:6663 [3] NCCL INFO NCCL_PROTO set by environment to Simple
c196-092:6629:6663 [3] NCCL INFO NCCL_ALGO set by environment to MSCCL,TREE,RING
c196-112:16489:16520 [3] NCCL INFO NCCL_NTHREADS set by environment to 128.
c197-021:3105:3139 [3] NCCL INFO Connected 1 MSCCL algorithms
c196-082:15890:15922 [3] NCCL INFO Connected 1 MSCCL algorithms
c196-091:28757:28790 [3] NCCL INFO NCCL_PROTO set by environment to Simple
c196-091:28757:28790 [3] NCCL INFO NCCL_ALGO set by environment to MSCCL,TREE,RING
c196-092:6629:6663 [3] NCCL INFO threadThresholds 8/8/64 | 512/8/64 | 8/8/64 | 8/8/512
c196-111:10821:10852 [3] NCCL INFO Parsed MSCCL Algorithm /home1/09168/ldai1/ccl-build/msccl_tools_lyd/examples/xml/xml_lyd/ring/allreduce_ring_16nodes_4gpus_64chunks_1channels_frontera.xml successfully.
c196-112:16489:16520 [3] NCCL INFO NCCL_PROTO set by environment to Simple
c197-021:3105:3139 [3] NCCL INFO NCCL_NTHREADS set by environment to 128.
c197-021:3105:3139 [3] NCCL INFO NCCL_PROTO set by environment to Simple
c196-072:25628:25661 [3] NCCL INFO Parsed MSCCL Algorithm /home1/09168/ldai1/ccl-build/msccl_tools_lyd/examples/xml/xml_lyd/ring/allreduce_ring_16nodes_4gpus_64chunks_1channels_frontera.xml successfully.
c196-082:15890:15922 [3] NCCL INFO NCCL_NTHREADS set by environment to 128.
c196-091:28757:28790 [3] NCCL INFO threadThresholds 8/8/64 | 512/8/64 | 8/8/64 | 8/8/512
c196-092:6629:6663 [3] NCCL INFO 2 coll channels, 2 p2p channels, 2 p2p channels per peer
c196-111:10821:10852 [3] NCCL INFO Connected 1 MSCCL algorithms
c196-112:16489:16520 [3] NCCL INFO NCCL_ALGO set by environment to MSCCL,TREE,RING
c197-021:3105:3139 [3] NCCL INFO NCCL_ALGO set by environment to MSCCL,TREE,RING
c197-021:3105:3139 [3] NCCL INFO threadThresholds 8/8/64 | 512/8/64 | 8/8/64 | 8/8/512
c196-072:25628:25661 [3] NCCL INFO Connected 1 MSCCL algorithms
c196-082:15890:15922 [3] NCCL INFO NCCL_PROTO set by environment to Simple
c196-082:15890:15922 [3] NCCL INFO NCCL_ALGO set by environment to MSCCL,TREE,RING
c196-091:28757:28790 [3] NCCL INFO 2 coll channels, 2 p2p channels, 2 p2p channels per peer
c196-111:10821:10852 [3] NCCL INFO NCCL_NTHREADS set by environment to 128.
c196-112:16489:16520 [3] NCCL INFO threadThresholds 8/8/64 | 512/8/64 | 8/8/64 | 8/8/512
c197-021:3105:3139 [3] NCCL INFO 2 coll channels, 2 p2p channels, 2 p2p channels per peer
c197-022:17789:17821 [3] NCCL INFO Parsed MSCCL Algorithm /home1/09168/ldai1/ccl-build/msccl_tools_lyd/examples/xml/xml_lyd/ring/allreduce_ring_16nodes_4gpus_64chunks_1channels_frontera.xml successfully.
c196-072:25628:25661 [3] NCCL INFO NCCL_NTHREADS set by environment to 128.
c196-072:25628:25661 [3] NCCL INFO NCCL_PROTO set by environment to Simple
c196-072:25628:25661 [3] NCCL INFO NCCL_ALGO set by environment to MSCCL,TREE,RING
c196-082:15890:15922 [3] NCCL INFO threadThresholds 8/8/64 | 512/8/64 | 8/8/64 | 8/8/512
c196-101:15538:15569 [3] NCCL INFO Parsed MSCCL Algorithm /home1/09168/ldai1/ccl-build/msccl_tools_lyd/examples/xml/xml_lyd/ring/allreduce_ring_16nodes_4gpus_64chunks_1channels_frontera.xml successfully.
c196-111:10821:10852 [3] NCCL INFO NCCL_PROTO set by environment to Simple
c196-112:16489:16520 [3] NCCL INFO 2 coll channels, 2 p2p channels, 2 p2p channels per peer
c197-022:17789:17821 [3] NCCL INFO Connected 1 MSCCL algorithms
c196-072:25628:25661 [3] NCCL INFO threadThresholds 8/8/64 | 512/8/64 | 8/8/64 | 8/8/512
c196-072:25628:25661 [3] NCCL INFO 2 coll channels, 2 p2p channels, 2 p2p channels per peer
c196-082:15890:15922 [3] NCCL INFO 2 coll channels, 2 p2p channels, 2 p2p channels per peer
c196-101:15538:15569 [3] NCCL INFO Connected 1 MSCCL algorithms
c196-111:10821:10852 [3] NCCL INFO NCCL_ALGO set by environment to MSCCL,TREE,RING
c197-022:17789:17821 [3] NCCL INFO NCCL_NTHREADS set by environment to 128.
c197-022:17789:17821 [3] NCCL INFO NCCL_PROTO set by environment to Simple
c196-101:15538:15569 [3] NCCL INFO NCCL_NTHREADS set by environment to 128.
c196-101:15538:15569 [3] NCCL INFO NCCL_PROTO set by environment to Simple
c196-111:10821:10852 [3] NCCL INFO threadThresholds 8/8/64 | 512/8/64 | 8/8/64 | 8/8/512
c197-022:17789:17821 [3] NCCL INFO NCCL_ALGO set by environment to MSCCL,TREE,RING
c197-022:17789:17821 [3] NCCL INFO threadThresholds 8/8/64 | 512/8/64 | 8/8/64 | 8/8/512
c196-101:15538:15569 [3] NCCL INFO NCCL_ALGO set by environment to MSCCL,TREE,RING
c196-111:10821:10852 [3] NCCL INFO 2 coll channels, 2 p2p channels, 2 p2p channels per peer
c197-022:17789:17821 [3] NCCL INFO 2 coll channels, 2 p2p channels, 2 p2p channels per peer
c196-101:15538:15569 [3] NCCL INFO threadThresholds 8/8/64 | 512/8/64 | 8/8/64 | 8/8/512
c197-032:28375:28409 [3] NCCL INFO Parsed MSCCL Algorithm /home1/09168/ldai1/ccl-build/msccl_tools_lyd/examples/xml/xml_lyd/ring/allreduce_ring_16nodes_4gpus_64chunks_1channels_frontera.xml successfully.
c196-101:15538:15569 [3] NCCL INFO 2 coll channels, 2 p2p channels, 2 p2p channels per peer
c197-032:28375:28409 [3] NCCL INFO Connected 1 MSCCL algorithms
c197-032:28375:28409 [3] NCCL INFO NCCL_NTHREADS set by environment to 128.
c197-011:19826:19859 [3] NCCL INFO Parsed MSCCL Algorithm /home1/09168/ldai1/ccl-build/msccl_tools_lyd/examples/xml/xml_lyd/ring/allreduce_ring_16nodes_4gpus_64chunks_1channels_frontera.xml successfully.
c197-032:28375:28409 [3] NCCL INFO NCCL_PROTO set by environment to Simple
c197-032:28375:28409 [3] NCCL INFO NCCL_ALGO set by environment to MSCCL,TREE,RING
c197-011:19826:19859 [3] NCCL INFO Connected 1 MSCCL algorithms
c197-032:28375:28409 [3] NCCL INFO threadThresholds 8/8/64 | 512/8/64 | 8/8/64 | 8/8/512
c197-011:19826:19859 [3] NCCL INFO NCCL_NTHREADS set by environment to 128.
c197-032:28375:28409 [3] NCCL INFO 2 coll channels, 2 p2p channels, 2 p2p channels per peer
c197-011:19826:19859 [3] NCCL INFO NCCL_PROTO set by environment to Simple
c197-011:19826:19859 [3] NCCL INFO NCCL_ALGO set by environment to MSCCL,TREE,RING
c197-011:19826:19859 [3] NCCL INFO threadThresholds 8/8/64 | 512/8/64 | 8/8/64 | 8/8/512
c197-011:19826:19859 [3] NCCL INFO 2 coll channels, 2 p2p channels, 2 p2p channels per peer
c197-032:28374:28407 [2] NCCL INFO Parsed MSCCL Algorithm /home1/09168/ldai1/ccl-build/msccl_tools_lyd/examples/xml/xml_lyd/ring/allreduce_ring_16nodes_4gpus_64chunks_1channels_frontera.xml successfully.
c197-032:28374:28407 [2] NCCL INFO Connected 1 MSCCL algorithms
c197-032:28374:28407 [2] NCCL INFO NCCL_NTHREADS set by environment to 128.
c197-032:28374:28407 [2] NCCL INFO NCCL_PROTO set by environment to Simple
c197-032:28374:28407 [2] NCCL INFO NCCL_ALGO set by environment to MSCCL,TREE,RING
c197-032:28374:28407 [2] NCCL INFO threadThresholds 8/8/64 | 512/8/64 | 8/8/64 | 8/8/512
c197-032:28374:28407 [2] NCCL INFO 2 coll channels, 2 p2p channels, 2 p2p channels per peer
c197-031:19575:19607 [3] NCCL INFO Parsed MSCCL Algorithm /home1/09168/ldai1/ccl-build/msccl_tools_lyd/examples/xml/xml_lyd/ring/allreduce_ring_16nodes_4gpus_64chunks_1channels_frontera.xml successfully.
c197-031:19575:19607 [3] NCCL INFO Connected 1 MSCCL algorithms
c197-031:19575:19607 [3] NCCL INFO NCCL_NTHREADS set by environment to 128.
c197-031:19575:19607 [3] NCCL INFO NCCL_PROTO set by environment to Simple
c197-031:19575:19607 [3] NCCL INFO NCCL_ALGO set by environment to MSCCL,TREE,RING
c197-031:19575:19607 [3] NCCL INFO threadThresholds 8/8/64 | 512/8/64 | 8/8/64 | 8/8/512
c197-031:19575:19607 [3] NCCL INFO 2 coll channels, 2 p2p channels, 2 p2p channels per peer
c196-071:29651:29686 [3] NCCL INFO Parsed MSCCL Algorithm /home1/09168/ldai1/ccl-build/msccl_tools_lyd/examples/xml/xml_lyd/ring/allreduce_ring_16nodes_4gpus_64chunks_1channels_frontera.xml successfully.
c196-071:29651:29686 [3] NCCL INFO Connected 1 MSCCL algorithms
c196-071:29651:29686 [3] NCCL INFO NCCL_NTHREADS set by environment to 128.
c196-071:29651:29686 [3] NCCL INFO NCCL_PROTO set by environment to Simple
c196-071:29651:29686 [3] NCCL INFO NCCL_ALGO set by environment to MSCCL,TREE,RING
c196-071:29651:29686 [3] NCCL INFO threadThresholds 8/8/64 | 512/8/64 | 8/8/64 | 8/8/512
c196-071:29651:29686 [3] NCCL INFO 2 coll channels, 2 p2p channels, 2 p2p channels per peer
c196-071:29650:29688 [2] NCCL INFO Parsed MSCCL Algorithm /home1/09168/ldai1/ccl-build/msccl_tools_lyd/examples/xml/xml_lyd/ring/allreduce_ring_16nodes_4gpus_64chunks_1channels_frontera.xml successfully.
c196-071:29650:29688 [2] NCCL INFO Connected 1 MSCCL algorithms
c196-071:29650:29688 [2] NCCL INFO NCCL_NTHREADS set by environment to 128.
c196-071:29650:29688 [2] NCCL INFO NCCL_PROTO set by environment to Simple
c196-071:29650:29688 [2] NCCL INFO NCCL_ALGO set by environment to MSCCL,TREE,RING
c196-071:29650:29688 [2] NCCL INFO threadThresholds 8/8/64 | 512/8/64 | 8/8/64 | 8/8/512
c196-071:29650:29688 [2] NCCL INFO 2 coll channels, 2 p2p channels, 2 p2p channels per peer
c196-111:10818:10858 [0] NCCL INFO Channel 00/0 : 32[2000] -> 48[2000] [send] via NET/IB/0
c196-091:28754:28793 [0] NCCL INFO Channel 00/0 : 16[2000] -> 24[2000] [send] via NET/IB/0
c197-021:3102:3141 [0] NCCL INFO Channel 00/0 : 48[2000] -> 56[2000] [send] via NET/IB/0
c197-031:19572:19611 [0] NCCL INFO Channel 00/0 : 56[2000] -> 60[2000] [send] via NET/IB/0
c197-022:17786:17825 [0] NCCL INFO Channel 00/0 : 52[2000] -> 57[3000] [send] via NET/IB/0
c196-072:25626:25665 [1] NCCL INFO Channel 01/0 : 8[2000] -> 5[3000] [receive] via NET/IB/0
c196-092:6626:6662 [0] NCCL INFO Channel 00/0 : 20[2000] -> 25[3000] [send] via NET/IB/0
