# nThread 1 nGpus 1 minBytes 1024 maxBytes 268435456 step: 2(factor) warmup iters: 5 iters: 60 agg iters: 1 validation: 1 graph: 0
#
# Using devices
#  Rank  0 Group  0 Pid    752 on   c196-071 device  0 [0x02] Quadro RTX 5000
#  Rank  1 Group  0 Pid    753 on   c196-071 device  1 [0x03] Quadro RTX 5000
#  Rank  2 Group  0 Pid    754 on   c196-071 device  2 [0x82] Quadro RTX 5000
#  Rank  3 Group  0 Pid    755 on   c196-071 device  3 [0x83] Quadro RTX 5000
#  Rank  4 Group  0 Pid   2103 on   c196-072 device  0 [0x02] Quadro RTX 5000
#  Rank  5 Group  0 Pid   2104 on   c196-072 device  1 [0x03] Quadro RTX 5000
#  Rank  6 Group  0 Pid   2106 on   c196-072 device  2 [0x82] Quadro RTX 5000
#  Rank  7 Group  0 Pid   2107 on   c196-072 device  3 [0x83] Quadro RTX 5000
#  Rank  8 Group  0 Pid  28350 on   c196-081 device  0 [0x02] Quadro RTX 5000
#  Rank  9 Group  0 Pid  28351 on   c196-081 device  1 [0x03] Quadro RTX 5000
#  Rank 10 Group  0 Pid  28352 on   c196-081 device  2 [0x82] Quadro RTX 5000
#  Rank 11 Group  0 Pid  28353 on   c196-081 device  3 [0x83] Quadro RTX 5000
#  Rank 12 Group  0 Pid  21473 on   c196-082 device  0 [0x02] Quadro RTX 5000
#  Rank 13 Group  0 Pid  21474 on   c196-082 device  1 [0x03] Quadro RTX 5000
#  Rank 14 Group  0 Pid  21475 on   c196-082 device  2 [0x82] Quadro RTX 5000
#  Rank 15 Group  0 Pid  21476 on   c196-082 device  3 [0x83] Quadro RTX 5000
#  Rank 16 Group  0 Pid  31263 on   c196-091 device  0 [0x02] Quadro RTX 5000
#  Rank 17 Group  0 Pid  31264 on   c196-091 device  1 [0x03] Quadro RTX 5000
#  Rank 18 Group  0 Pid  31265 on   c196-091 device  2 [0x82] Quadro RTX 5000
#  Rank 19 Group  0 Pid  31266 on   c196-091 device  3 [0x83] Quadro RTX 5000
#  Rank 20 Group  0 Pid   9302 on   c196-092 device  0 [0x02] Quadro RTX 5000
#  Rank 21 Group  0 Pid   9303 on   c196-092 device  1 [0x03] Quadro RTX 5000
#  Rank 22 Group  0 Pid   9304 on   c196-092 device  2 [0x82] Quadro RTX 5000
#  Rank 23 Group  0 Pid   9305 on   c196-092 device  3 [0x83] Quadro RTX 5000
#  Rank 24 Group  0 Pid  18098 on   c196-101 device  0 [0x02] Quadro RTX 5000
#  Rank 25 Group  0 Pid  18099 on   c196-101 device  1 [0x03] Quadro RTX 5000
#  Rank 26 Group  0 Pid  18100 on   c196-101 device  2 [0x82] Quadro RTX 5000
#  Rank 27 Group  0 Pid  18101 on   c196-101 device  3 [0x83] Quadro RTX 5000
#  Rank 28 Group  0 Pid   9534 on   c196-102 device  0 [0x02] Quadro RTX 5000
#  Rank 29 Group  0 Pid   9535 on   c196-102 device  1 [0x03] Quadro RTX 5000
#  Rank 30 Group  0 Pid   9536 on   c196-102 device  2 [0x82] Quadro RTX 5000
#  Rank 31 Group  0 Pid   9537 on   c196-102 device  3 [0x83] Quadro RTX 5000
#  Rank 32 Group  0 Pid   9656 on   c196-111 device  0 [0x02] Quadro RTX 5000
#  Rank 33 Group  0 Pid   9657 on   c196-111 device  1 [0x03] Quadro RTX 5000
#  Rank 34 Group  0 Pid   9658 on   c196-111 device  2 [0x82] Quadro RTX 5000
#  Rank 35 Group  0 Pid   9659 on   c196-111 device  3 [0x83] Quadro RTX 5000
#  Rank 36 Group  0 Pid  15206 on   c196-112 device  0 [0x02] Quadro RTX 5000
#  Rank 37 Group  0 Pid  15207 on   c196-112 device  1 [0x03] Quadro RTX 5000
#  Rank 38 Group  0 Pid  15208 on   c196-112 device  2 [0x82] Quadro RTX 5000
#  Rank 39 Group  0 Pid  15209 on   c196-112 device  3 [0x83] Quadro RTX 5000
#  Rank 40 Group  0 Pid  18462 on   c197-011 device  0 [0x02] Quadro RTX 5000
#  Rank 41 Group  0 Pid  18463 on   c197-011 device  1 [0x03] Quadro RTX 5000
#  Rank 42 Group  0 Pid  18464 on   c197-011 device  2 [0x82] Quadro RTX 5000
#  Rank 43 Group  0 Pid  18465 on   c197-011 device  3 [0x83] Quadro RTX 5000
#  Rank 44 Group  0 Pid  32473 on   c197-012 device  0 [0x02] Quadro RTX 5000
#  Rank 45 Group  0 Pid  32474 on   c197-012 device  1 [0x03] Quadro RTX 5000
#  Rank 46 Group  0 Pid  32475 on   c197-012 device  2 [0x82] Quadro RTX 5000
#  Rank 47 Group  0 Pid  32476 on   c197-012 device  3 [0x83] Quadro RTX 5000
#  Rank 48 Group  0 Pid   1784 on   c197-021 device  0 [0x02] Quadro RTX 5000
#  Rank 49 Group  0 Pid   1785 on   c197-021 device  1 [0x03] Quadro RTX 5000
#  Rank 50 Group  0 Pid   1786 on   c197-021 device  2 [0x82] Quadro RTX 5000
#  Rank 51 Group  0 Pid   1787 on   c197-021 device  3 [0x83] Quadro RTX 5000
#  Rank 52 Group  0 Pid  16317 on   c197-022 device  0 [0x02] Quadro RTX 5000
#  Rank 53 Group  0 Pid  16318 on   c197-022 device  1 [0x03] Quadro RTX 5000
#  Rank 54 Group  0 Pid  16319 on   c197-022 device  2 [0x82] Quadro RTX 5000
#  Rank 55 Group  0 Pid  16320 on   c197-022 device  3 [0x83] Quadro RTX 5000
#  Rank 56 Group  0 Pid  18205 on   c197-031 device  0 [0x02] Quadro RTX 5000
#  Rank 57 Group  0 Pid  18206 on   c197-031 device  1 [0x03] Quadro RTX 5000
#  Rank 58 Group  0 Pid  18207 on   c197-031 device  2 [0x82] Quadro RTX 5000
#  Rank 59 Group  0 Pid  18208 on   c197-031 device  3 [0x83] Quadro RTX 5000
#  Rank 60 Group  0 Pid  27110 on   c197-032 device  0 [0x02] Quadro RTX 5000
#  Rank 61 Group  0 Pid  27111 on   c197-032 device  1 [0x03] Quadro RTX 5000
#  Rank 62 Group  0 Pid  27112 on   c197-032 device  2 [0x82] Quadro RTX 5000
#  Rank 63 Group  0 Pid  27113 on   c197-032 device  3 [0x83] Quadro RTX 5000
c196-071:752:752 [0] NCCL INFO Bootstrap : Using ib0:192.168.44.113<0>
c196-071:752:752 [0] NCCL INFO NET/Plugin : No plugin found (libnccl-net.so), using internal implementation
c196-071:752:752 [0] NCCL INFO NET/IB : Using [0]mlx4_0:1/IB [RO]; OOB ib0:192.168.44.113<0>
c196-071:752:752 [0] NCCL INFO Using network IB
NCCL version 2.12.12.MSCCL.0.7.4+cuda11.3
c196-071:754:754 [2] NCCL INFO Bootstrap : Using ib0:192.168.44.113<0>
c196-071:755:755 [3] NCCL INFO Bootstrap : Using ib0:192.168.44.113<0>
c196-071:754:754 [2] NCCL INFO NET/Plugin : No plugin found (libnccl-net.so), using internal implementation
c196-071:755:755 [3] NCCL INFO NET/Plugin : No plugin found (libnccl-net.so), using internal implementation
c196-071:754:754 [2] NCCL INFO NET/IB : Using [0]mlx4_0:1/IB [RO]; OOB ib0:192.168.44.113<0>
c196-071:754:754 [2] NCCL INFO Using network IB
c196-071:755:755 [3] NCCL INFO NET/IB : Using [0]mlx4_0:1/IB [RO]; OOB ib0:192.168.44.113<0>
c196-071:755:755 [3] NCCL INFO Using network IB
c196-071:753:753 [1] NCCL INFO Bootstrap : Using ib0:192.168.44.113<0>
c196-071:753:753 [1] NCCL INFO NET/Plugin : No plugin found (libnccl-net.so), using internal implementation
c196-071:753:753 [1] NCCL INFO NET/IB : Using [0]mlx4_0:1/IB [RO]; OOB ib0:192.168.44.113<0>
c196-071:753:753 [1] NCCL INFO Using network IB
c196-081:28352:28352 [2] NCCL INFO Bootstrap : Using ib0:192.168.44.115<0>
c196-081:28353:28353 [3] NCCL INFO Bootstrap : Using ib0:192.168.44.115<0>
c196-081:28353:28353 [3] NCCL INFO NET/Plugin : No plugin found (libnccl-net.so), using internal implementation
c196-081:28352:28352 [2] NCCL INFO NET/Plugin : No plugin found (libnccl-net.so), using internal implementation
c197-032:27113:27113 [3] NCCL INFO Bootstrap : Using ib0:192.168.44.128<0>
c197-032:27113:27113 [3] NCCL INFO NET/Plugin : No plugin found (libnccl-net.so), using internal implementation
c197-032:27113:27113 [3] NCCL INFO NET/IB : Using [0]mlx4_0:1/IB [RO]; OOB ib0:192.168.44.128<0>
c197-032:27113:27113 [3] NCCL INFO Using network IB
c196-081:28350:28350 [0] NCCL INFO Bootstrap : Using ib0:192.168.44.115<0>
c196-081:28351:28351 [1] NCCL INFO Bootstrap : Using ib0:192.168.44.115<0>
c196-081:28350:28350 [0] NCCL INFO NET/Plugin : No plugin found (libnccl-net.so), using internal implementation
c196-081:28351:28351 [1] NCCL INFO NET/Plugin : No plugin found (libnccl-net.so), using internal implementation
c196-081:28353:28353 [3] NCCL INFO NET/IB : Using [0]mlx4_0:1/IB [RO]; OOB ib0:192.168.44.115<0>
c196-081:28353:28353 [3] NCCL INFO Using network IB
c196-081:28352:28352 [2] NCCL INFO NET/IB : Using [0]mlx4_0:1/IB [RO]; OOB ib0:192.168.44.115<0>
c196-081:28352:28352 [2] NCCL INFO Using network IB
c197-022:16317:16317 [0] NCCL INFO Bootstrap : Using ib0:192.168.44.126<0>
c196-081:28350:28350 [0] NCCL INFO NET/IB : Using [0]mlx4_0:1/IB [RO]; OOB ib0:192.168.44.115<0>
c196-081:28350:28350 [0] NCCL INFO Using network IB
c197-022:16319:16319 [2] NCCL INFO Bootstrap : Using ib0:192.168.44.126<0>
c196-081:28351:28351 [1] NCCL INFO NET/IB : Using [0]mlx4_0:1/IB [RO]; OOB ib0:192.168.44.115<0>
c196-081:28351:28351 [1] NCCL INFO Using network IB
c197-022:16320:16320 [3] NCCL INFO Bootstrap : Using ib0:192.168.44.126<0>
c196-082:21475:21475 [2] NCCL INFO Bootstrap : Using ib0:192.168.44.116<0>
c197-022:16317:16317 [0] NCCL INFO NET/Plugin : No plugin found (libnccl-net.so), using internal implementation
c197-022:16319:16319 [2] NCCL INFO NET/Plugin : No plugin found (libnccl-net.so), using internal implementation
c197-022:16320:16320 [3] NCCL INFO NET/Plugin : No plugin found (libnccl-net.so), using internal implementation
c196-082:21475:21475 [2] NCCL INFO NET/Plugin : No plugin found (libnccl-net.so), using internal implementation
c196-082:21475:21475 [2] NCCL INFO NET/IB : Using [0]mlx4_0:1/IB [RO]; OOB ib0:192.168.44.116<0>
c196-082:21475:21475 [2] NCCL INFO Using network IB
c197-032:27112:27112 [2] NCCL INFO Bootstrap : Using ib0:192.168.44.128<0>
c197-032:27112:27112 [2] NCCL INFO NET/Plugin : No plugin found (libnccl-net.so), using internal implementation
c197-032:27112:27112 [2] NCCL INFO NET/IB : Using [0]mlx4_0:1/IB [RO]; OOB ib0:192.168.44.128<0>
c197-032:27112:27112 [2] NCCL INFO Using network IB
c197-012:32475:32475 [2] NCCL INFO Bootstrap : Using ib0:192.168.44.124<0>
c197-012:32475:32475 [2] NCCL INFO NET/Plugin : No plugin found (libnccl-net.so), using internal implementation
c197-022:16318:16318 [1] NCCL INFO Bootstrap : Using ib0:192.168.44.126<0>
c197-022:16318:16318 [1] NCCL INFO NET/Plugin : No plugin found (libnccl-net.so), using internal implementation
c197-012:32475:32475 [2] NCCL INFO NET/IB : Using [0]mlx4_0:1/IB [RO]; OOB ib0:192.168.44.124<0>
c197-012:32475:32475 [2] NCCL INFO Using network IB
c197-012:32476:32476 [3] NCCL INFO Bootstrap : Using ib0:192.168.44.124<0>
c197-012:32476:32476 [3] NCCL INFO NET/Plugin : No plugin found (libnccl-net.so), using internal implementation
c196-082:21476:21476 [3] NCCL INFO Bootstrap : Using ib0:192.168.44.116<0>
c197-022:16317:16317 [0] NCCL INFO NET/IB : Using [0]mlx4_0:1/IB [RO]; OOB ib0:192.168.44.126<0>
c197-022:16317:16317 [0] NCCL INFO Using network IB
c196-082:21474:21474 [1] NCCL INFO Bootstrap : Using ib0:192.168.44.116<0>
c196-082:21473:21473 [0] NCCL INFO Bootstrap : Using ib0:192.168.44.116<0>
c197-022:16319:16319 [2] NCCL INFO NET/IB : Using [0]mlx4_0:1/IB [RO]; OOB ib0:192.168.44.126<0>
c197-022:16319:16319 [2] NCCL INFO Using network IB
c196-082:21476:21476 [3] NCCL INFO NET/Plugin : No plugin found (libnccl-net.so), using internal implementation
c197-022:16320:16320 [3] NCCL INFO NET/IB : Using [0]mlx4_0:1/IB [RO]; OOB ib0:192.168.44.126<0>
c197-022:16320:16320 [3] NCCL INFO Using network IB
c196-082:21473:21473 [0] NCCL INFO NET/Plugin : No plugin found (libnccl-net.so), using internal implementation
c197-022:16318:16318 [1] NCCL INFO NET/IB : Using [0]mlx4_0:1/IB [RO]; OOB ib0:192.168.44.126<0>
c197-022:16318:16318 [1] NCCL INFO Using network IB
c196-082:21474:21474 [1] NCCL INFO NET/Plugin : No plugin found (libnccl-net.so), using internal implementation
c197-012:32476:32476 [3] NCCL INFO NET/IB : Using [0]mlx4_0:1/IB [RO]; OOB ib0:192.168.44.124<0>
c197-012:32476:32476 [3] NCCL INFO Using network IB
c197-032:27110:27110 [0] NCCL INFO Bootstrap : Using ib0:192.168.44.128<0>
c197-032:27111:27111 [1] NCCL INFO Bootstrap : Using ib0:192.168.44.128<0>
c197-032:27110:27110 [0] NCCL INFO NET/Plugin : No plugin found (libnccl-net.so), using internal implementation
c197-032:27111:27111 [1] NCCL INFO NET/Plugin : No plugin found (libnccl-net.so), using internal implementation
c197-031:18208:18208 [3] NCCL INFO Bootstrap : Using ib0:192.168.44.127<0>
c197-031:18208:18208 [3] NCCL INFO NET/Plugin : No plugin found (libnccl-net.so), using internal implementation
c197-031:18208:18208 [3] NCCL INFO NET/IB : Using [0]mlx4_0:1/IB [RO]; OOB ib0:192.168.44.127<0>
c197-031:18208:18208 [3] NCCL INFO Using network IB
c196-082:21476:21476 [3] NCCL INFO NET/IB : Using [0]mlx4_0:1/IB [RO]; OOB ib0:192.168.44.116<0>
c196-082:21476:21476 [3] NCCL INFO Using network IB
c196-082:21474:21474 [1] NCCL INFO NET/IB : Using [0]mlx4_0:1/IB [RO]; OOB ib0:192.168.44.116<0>
c196-082:21474:21474 [1] NCCL INFO Using network IB
c197-032:27110:27110 [0] NCCL INFO NET/IB : Using [0]mlx4_0:1/IB [RO]; OOB ib0:192.168.44.128<0>
c197-032:27110:27110 [0] NCCL INFO Using network IB
c197-032:27111:27111 [1] NCCL INFO NET/IB : Using [0]mlx4_0:1/IB [RO]; OOB ib0:192.168.44.128<0>
c197-032:27111:27111 [1] NCCL INFO Using network IB
c196-082:21473:21473 [0] NCCL INFO NET/IB : Using [0]mlx4_0:1/IB [RO]; OOB ib0:192.168.44.116<0>
c196-082:21473:21473 [0] NCCL INFO Using network IB
c197-031:18207:18207 [2] NCCL INFO Bootstrap : Using ib0:192.168.44.127<0>
c197-031:18207:18207 [2] NCCL INFO NET/Plugin : No plugin found (libnccl-net.so), using internal implementation
c197-031:18207:18207 [2] NCCL INFO NET/IB : Using [0]mlx4_0:1/IB [RO]; OOB ib0:192.168.44.127<0>
c197-031:18207:18207 [2] NCCL INFO Using network IB
c197-012:32473:32473 [0] NCCL INFO Bootstrap : Using ib0:192.168.44.124<0>
c197-012:32474:32474 [1] NCCL INFO Bootstrap : Using ib0:192.168.44.124<0>
c197-012:32473:32473 [0] NCCL INFO NET/Plugin : No plugin found (libnccl-net.so), using internal implementation
c197-012:32474:32474 [1] NCCL INFO NET/Plugin : No plugin found (libnccl-net.so), using internal implementation
c196-101:18100:18100 [2] NCCL INFO Bootstrap : Using ib0:192.168.44.119<0>
c196-101:18101:18101 [3] NCCL INFO Bootstrap : Using ib0:192.168.44.119<0>
c196-101:18100:18100 [2] NCCL INFO NET/Plugin : No plugin found (libnccl-net.so), using internal implementation
c196-101:18101:18101 [3] NCCL INFO NET/Plugin : No plugin found (libnccl-net.so), using internal implementation
c197-012:32473:32473 [0] NCCL INFO NET/IB : Using [0]mlx4_0:1/IB [RO]; OOB ib0:192.168.44.124<0>
c197-012:32473:32473 [0] NCCL INFO Using network IB
c197-012:32474:32474 [1] NCCL INFO NET/IB : Using [0]mlx4_0:1/IB [RO]; OOB ib0:192.168.44.124<0>
c197-012:32474:32474 [1] NCCL INFO Using network IB
c196-101:18100:18100 [2] NCCL INFO NET/IB : Using [0]mlx4_0:1/IB [RO]; OOB ib0:192.168.44.119<0>
c196-101:18100:18100 [2] NCCL INFO Using network IB
c196-101:18101:18101 [3] NCCL INFO NET/IB : Using [0]mlx4_0:1/IB [RO]; OOB ib0:192.168.44.119<0>
c196-101:18101:18101 [3] NCCL INFO Using network IB
c196-111:9656:9656 [0] NCCL INFO Bootstrap : Using ib0:192.168.44.121<0>
c196-111:9656:9656 [0] NCCL INFO NET/Plugin : No plugin found (libnccl-net.so), using internal implementation
c196-092:9303:9303 [1] NCCL INFO Bootstrap : Using ib0:192.168.44.118<0>
c196-092:9304:9304 [2] NCCL INFO Bootstrap : Using ib0:192.168.44.118<0>
c196-092:9302:9302 [0] NCCL INFO Bootstrap : Using ib0:192.168.44.118<0>
c197-031:18206:18206 [1] NCCL INFO Bootstrap : Using ib0:192.168.44.127<0>
c196-092:9305:9305 [3] NCCL INFO Bootstrap : Using ib0:192.168.44.118<0>
c197-031:18205:18205 [0] NCCL INFO Bootstrap : Using ib0:192.168.44.127<0>
c196-111:9656:9656 [0] NCCL INFO NET/IB : Using [0]mlx4_0:1/IB [RO]; OOB ib0:192.168.44.121<0>
c196-111:9656:9656 [0] NCCL INFO Using network IB
c196-091:31263:31263 [0] NCCL INFO Bootstrap : Using ib0:192.168.44.117<0>
c196-092:9302:9302 [0] NCCL INFO NET/Plugin : No plugin found (libnccl-net.so), using internal implementation
c197-031:18205:18205 [0] NCCL INFO NET/Plugin : No plugin found (libnccl-net.so), using internal implementation
c196-092:9303:9303 [1] NCCL INFO NET/Plugin : No plugin found (libnccl-net.so), using internal implementation
c197-031:18206:18206 [1] NCCL INFO NET/Plugin : No plugin found (libnccl-net.so), using internal implementation
c196-092:9304:9304 [2] NCCL INFO NET/Plugin : No plugin found (libnccl-net.so), using internal implementation
c196-092:9305:9305 [3] NCCL INFO NET/Plugin : No plugin found (libnccl-net.so), using internal implementation
c196-091:31263:31263 [0] NCCL INFO NET/Plugin : No plugin found (libnccl-net.so), using internal implementation
c196-091:31263:31263 [0] NCCL INFO NET/IB : Using [0]mlx4_0:1/IB [RO]; OOB ib0:192.168.44.117<0>
c196-091:31263:31263 [0] NCCL INFO Using network IB
c196-111:9657:9657 [1] NCCL INFO Bootstrap : Using ib0:192.168.44.121<0>
c196-111:9657:9657 [1] NCCL INFO NET/Plugin : No plugin found (libnccl-net.so), using internal implementation
c197-031:18205:18205 [0] NCCL INFO NET/IB : Using [0]mlx4_0:1/IB [RO]; OOB ib0:192.168.44.127<0>
c197-031:18205:18205 [0] NCCL INFO Using network IB
c197-031:18206:18206 [1] NCCL INFO NET/IB : Using [0]mlx4_0:1/IB [RO]; OOB ib0:192.168.44.127<0>
c197-031:18206:18206 [1] NCCL INFO Using network IB
c196-101:18098:18098 [0] NCCL INFO Bootstrap : Using ib0:192.168.44.119<0>
c196-111:9657:9657 [1] NCCL INFO NET/IB : Using [0]mlx4_0:1/IB [RO]; OOB ib0:192.168.44.121<0>
c196-111:9657:9657 [1] NCCL INFO Using network IB
c196-101:18098:18098 [0] NCCL INFO NET/Plugin : No plugin found (libnccl-net.so), using internal implementation
c196-101:18098:18098 [0] NCCL INFO NET/IB : Using [0]mlx4_0:1/IB [RO]; OOB ib0:192.168.44.119<0>
c196-101:18098:18098 [0] NCCL INFO Using network IB
c196-091:31264:31264 [1] NCCL INFO Bootstrap : Using ib0:192.168.44.117<0>
c196-091:31265:31265 [2] NCCL INFO Bootstrap : Using ib0:192.168.44.117<0>
c196-091:31264:31264 [1] NCCL INFO NET/Plugin : No plugin found (libnccl-net.so), using internal implementation
c196-102:9534:9534 [0] NCCL INFO Bootstrap : Using ib0:192.168.44.120<0>
c196-102:9536:9536 [2] NCCL INFO Bootstrap : Using ib0:192.168.44.120<0>
c196-102:9537:9537 [3] NCCL INFO Bootstrap : Using ib0:192.168.44.120<0>
c196-091:31265:31265 [2] NCCL INFO NET/Plugin : No plugin found (libnccl-net.so), using internal implementation
c196-102:9536:9536 [2] NCCL INFO NET/Plugin : No plugin found (libnccl-net.so), using internal implementation
c196-102:9537:9537 [3] NCCL INFO NET/Plugin : No plugin found (libnccl-net.so), using internal implementation
c196-102:9534:9534 [0] NCCL INFO NET/Plugin : No plugin found (libnccl-net.so), using internal implementation
c196-111:9658:9658 [2] NCCL INFO Bootstrap : Using ib0:192.168.44.121<0>
c196-092:9304:9304 [2] NCCL INFO NET/IB : Using [0]mlx4_0:1/IB [RO]; OOB ib0:192.168.44.118<0>
c196-092:9304:9304 [2] NCCL INFO Using network IB
c196-111:9658:9658 [2] NCCL INFO NET/Plugin : No plugin found (libnccl-net.so), using internal implementation
c196-092:9305:9305 [3] NCCL INFO NET/IB : Using [0]mlx4_0:1/IB [RO]; OOB ib0:192.168.44.118<0>
c196-092:9305:9305 [3] NCCL INFO Using network IB
c196-092:9303:9303 [1] NCCL INFO NET/IB : Using [0]mlx4_0:1/IB [RO]; OOB ib0:192.168.44.118<0>
c196-092:9303:9303 [1] NCCL INFO Using network IB
c196-092:9302:9302 [0] NCCL INFO NET/IB : Using [0]mlx4_0:1/IB [RO]; OOB ib0:192.168.44.118<0>
c196-092:9302:9302 [0] NCCL INFO Using network IB
c196-101:18099:18099 [1] NCCL INFO Bootstrap : Using ib0:192.168.44.119<0>
c196-101:18099:18099 [1] NCCL INFO NET/Plugin : No plugin found (libnccl-net.so), using internal implementation
c196-101:18099:18099 [1] NCCL INFO NET/IB : Using [0]mlx4_0:1/IB [RO]; OOB ib0:192.168.44.119<0>
c196-101:18099:18099 [1] NCCL INFO Using network IB
c196-111:9659:9659 [3] NCCL INFO Bootstrap : Using ib0:192.168.44.121<0>
c196-091:31266:31266 [3] NCCL INFO Bootstrap : Using ib0:192.168.44.117<0>
c196-111:9659:9659 [3] NCCL INFO NET/Plugin : No plugin found (libnccl-net.so), using internal implementation
c196-091:31266:31266 [3] NCCL INFO NET/Plugin : No plugin found (libnccl-net.so), using internal implementation
c197-011:18464:18464 [2] NCCL INFO Bootstrap : Using ib0:192.168.44.123<0>
c197-011:18465:18465 [3] NCCL INFO Bootstrap : Using ib0:192.168.44.123<0>
c197-021:1784:1784 [0] NCCL INFO Bootstrap : Using ib0:192.168.44.125<0>
c197-021:1785:1785 [1] NCCL INFO Bootstrap : Using ib0:192.168.44.125<0>
c197-021:1786:1786 [2] NCCL INFO Bootstrap : Using ib0:192.168.44.125<0>
c197-021:1787:1787 [3] NCCL INFO Bootstrap : Using ib0:192.168.44.125<0>
c197-011:18464:18464 [2] NCCL INFO NET/Plugin : No plugin found (libnccl-net.so), using internal implementation
c197-011:18465:18465 [3] NCCL INFO NET/Plugin : No plugin found (libnccl-net.so), using internal implementation
c196-111:9658:9658 [2] NCCL INFO NET/IB : Using [0]mlx4_0:1/IB [RO]; OOB ib0:192.168.44.121<0>
c196-111:9658:9658 [2] NCCL INFO Using network IB
c197-021:1784:1784 [0] NCCL INFO NET/Plugin : No plugin found (libnccl-net.so), using internal implementation
c197-021:1785:1785 [1] NCCL INFO NET/Plugin : No plugin found (libnccl-net.so), using internal implementation
c197-021:1786:1786 [2] NCCL INFO NET/Plugin : No plugin found (libnccl-net.so), using internal implementation
c196-091:31264:31264 [1] NCCL INFO NET/IB : Using [0]mlx4_0:1/IB [RO]; OOB ib0:192.168.44.117<0>
c196-091:31264:31264 [1] NCCL INFO Using network IB
c197-021:1787:1787 [3] NCCL INFO NET/Plugin : No plugin found (libnccl-net.so), using internal implementation
c196-111:9659:9659 [3] NCCL INFO NET/IB : Using [0]mlx4_0:1/IB [RO]; OOB ib0:192.168.44.121<0>
c196-111:9659:9659 [3] NCCL INFO Using network IB
c196-091:31265:31265 [2] NCCL INFO NET/IB : Using [0]mlx4_0:1/IB [RO]; OOB ib0:192.168.44.117<0>
c196-091:31265:31265 [2] NCCL INFO Using network IB
c196-091:31266:31266 [3] NCCL INFO NET/IB : Using [0]mlx4_0:1/IB [RO]; OOB ib0:192.168.44.117<0>
c196-091:31266:31266 [3] NCCL INFO Using network IB
c196-102:9535:9535 [1] NCCL INFO Bootstrap : Using ib0:192.168.44.120<0>
c196-102:9535:9535 [1] NCCL INFO NET/Plugin : No plugin found (libnccl-net.so), using internal implementation
c196-072:2106:2106 [2] NCCL INFO Bootstrap : Using ib0:192.168.44.114<0>
c196-072:2107:2107 [3] NCCL INFO Bootstrap : Using ib0:192.168.44.114<0>
c196-072:2106:2106 [2] NCCL INFO NET/Plugin : No plugin found (libnccl-net.so), using internal implementation
c196-072:2107:2107 [3] NCCL INFO NET/Plugin : No plugin found (libnccl-net.so), using internal implementation
c197-011:18465:18465 [3] NCCL INFO NET/IB : Using [0]mlx4_0:1/IB [RO]; OOB ib0:192.168.44.123<0>
c197-011:18465:18465 [3] NCCL INFO Using network IB
c197-011:18464:18464 [2] NCCL INFO NET/IB : Using [0]mlx4_0:1/IB [RO]; OOB ib0:192.168.44.123<0>
c197-011:18464:18464 [2] NCCL INFO Using network IB
c196-102:9537:9537 [3] NCCL INFO NET/IB : Using [0]mlx4_0:1/IB [RO]; OOB ib0:192.168.44.120<0>
c196-102:9537:9537 [3] NCCL INFO Using network IB
c196-102:9536:9536 [2] NCCL INFO NET/IB : Using [0]mlx4_0:1/IB [RO]; OOB ib0:192.168.44.120<0>
c196-102:9536:9536 [2] NCCL INFO Using network IB
c196-102:9534:9534 [0] NCCL INFO NET/IB : Using [0]mlx4_0:1/IB [RO]; OOB ib0:192.168.44.120<0>
c196-102:9534:9534 [0] NCCL INFO Using network IB
c196-102:9535:9535 [1] NCCL INFO NET/IB : Using [0]mlx4_0:1/IB [RO]; OOB ib0:192.168.44.120<0>
c196-102:9535:9535 [1] NCCL INFO Using network IB
c196-072:2106:2106 [2] NCCL INFO NET/IB : Using [0]mlx4_0:1/IB [RO]; OOB ib0:192.168.44.114<0>
c196-072:2106:2106 [2] NCCL INFO Using network IB
c196-072:2107:2107 [3] NCCL INFO NET/IB : Using [0]mlx4_0:1/IB [RO]; OOB ib0:192.168.44.114<0>
c196-072:2107:2107 [3] NCCL INFO Using network IB
c197-011:18463:18463 [1] NCCL INFO Bootstrap : Using ib0:192.168.44.123<0>
c197-011:18462:18462 [0] NCCL INFO Bootstrap : Using ib0:192.168.44.123<0>
c197-011:18462:18462 [0] NCCL INFO NET/Plugin : No plugin found (libnccl-net.so), using internal implementation
c197-011:18463:18463 [1] NCCL INFO NET/Plugin : No plugin found (libnccl-net.so), using internal implementation
c197-021:1786:1786 [2] NCCL INFO NET/IB : Using [0]mlx4_0:1/IB [RO]; OOB ib0:192.168.44.125<0>
c197-021:1786:1786 [2] NCCL INFO Using network IB
c197-021:1787:1787 [3] NCCL INFO NET/IB : Using [0]mlx4_0:1/IB [RO]; OOB ib0:192.168.44.125<0>
c197-021:1787:1787 [3] NCCL INFO Using network IB
c197-021:1784:1784 [0] NCCL INFO NET/IB : Using [0]mlx4_0:1/IB [RO]; OOB ib0:192.168.44.125<0>
c197-021:1784:1784 [0] NCCL INFO Using network IB
c197-021:1785:1785 [1] NCCL INFO NET/IB : Using [0]mlx4_0:1/IB [RO]; OOB ib0:192.168.44.125<0>
c197-021:1785:1785 [1] NCCL INFO Using network IB
c197-011:18463:18463 [1] NCCL INFO NET/IB : Using [0]mlx4_0:1/IB [RO]; OOB ib0:192.168.44.123<0>
c197-011:18463:18463 [1] NCCL INFO Using network IB
c197-011:18462:18462 [0] NCCL INFO NET/IB : Using [0]mlx4_0:1/IB [RO]; OOB ib0:192.168.44.123<0>
c197-011:18462:18462 [0] NCCL INFO Using network IB
c196-112:15206:15206 [0] NCCL INFO Bootstrap : Using ib0:192.168.44.122<0>
c196-112:15208:15208 [2] NCCL INFO Bootstrap : Using ib0:192.168.44.122<0>
c196-112:15209:15209 [3] NCCL INFO Bootstrap : Using ib0:192.168.44.122<0>
c196-112:15207:15207 [1] NCCL INFO Bootstrap : Using ib0:192.168.44.122<0>
c196-112:15206:15206 [0] NCCL INFO NET/Plugin : No plugin found (libnccl-net.so), using internal implementation
c196-112:15207:15207 [1] NCCL INFO NET/Plugin : No plugin found (libnccl-net.so), using internal implementation
c196-112:15208:15208 [2] NCCL INFO NET/Plugin : No plugin found (libnccl-net.so), using internal implementation
c196-112:15209:15209 [3] NCCL INFO NET/Plugin : No plugin found (libnccl-net.so), using internal implementation
c196-072:2103:2103 [0] NCCL INFO Bootstrap : Using ib0:192.168.44.114<0>
c196-072:2104:2104 [1] NCCL INFO Bootstrap : Using ib0:192.168.44.114<0>
c196-072:2103:2103 [0] NCCL INFO NET/Plugin : No plugin found (libnccl-net.so), using internal implementation
c196-072:2104:2104 [1] NCCL INFO NET/Plugin : No plugin found (libnccl-net.so), using internal implementation
c196-072:2103:2103 [0] NCCL INFO NET/IB : Using [0]mlx4_0:1/IB [RO]; OOB ib0:192.168.44.114<0>
c196-072:2103:2103 [0] NCCL INFO Using network IB
c196-072:2104:2104 [1] NCCL INFO NET/IB : Using [0]mlx4_0:1/IB [RO]; OOB ib0:192.168.44.114<0>
c196-072:2104:2104 [1] NCCL INFO Using network IB
c196-112:15208:15208 [2] NCCL INFO NET/IB : Using [0]mlx4_0:1/IB [RO]; OOB ib0:192.168.44.122<0>
c196-112:15208:15208 [2] NCCL INFO Using network IB
c196-112:15206:15206 [0] NCCL INFO NET/IB : Using [0]mlx4_0:1/IB [RO]; OOB ib0:192.168.44.122<0>
c196-112:15206:15206 [0] NCCL INFO Using network IB
c196-112:15209:15209 [3] NCCL INFO NET/IB : Using [0]mlx4_0:1/IB [RO]; OOB ib0:192.168.44.122<0>
c196-112:15209:15209 [3] NCCL INFO Using network IB
c196-112:15207:15207 [1] NCCL INFO NET/IB : Using [0]mlx4_0:1/IB [RO]; OOB ib0:192.168.44.122<0>
c196-112:15207:15207 [1] NCCL INFO Using network IB
c196-071:752:788 [0] NCCL INFO Setting affinity for GPU 0 to 0f000f
c197-031:18207:18242 [2] NCCL INFO Setting affinity for GPU 2 to 0f000f00
c197-011:18464:18500 [2] NCCL INFO Setting affinity for GPU 2 to 0f000f00
c196-082:21475:21509 [2] NCCL INFO Setting affinity for GPU 2 to 0f000f00
c196-101:18101:18135 [3] NCCL INFO Setting affinity for GPU 3 to f000f000
c197-021:1784:1825 [0] NCCL INFO Setting affinity for GPU 0 to 0f000f
c196-112:15209:15246 [3] NCCL INFO Setting affinity for GPU 3 to f000f000
c197-012:32473:32513 [0] NCCL INFO Setting affinity for GPU 0 to 0f000f
c197-012:32475:32508 [2] NCCL INFO Setting affinity for GPU 2 to 0f000f00
c197-012:32476:32510 [3] NCCL INFO Setting affinity for GPU 3 to f000f000
c196-112:15207:15247 [1] NCCL INFO Setting affinity for GPU 1 to f000f0
c197-011:18462:18504 [0] NCCL INFO Setting affinity for GPU 0 to 0f000f
c197-031:18205:18245 [0] NCCL INFO Setting affinity for GPU 0 to 0f000f
c197-032:27112:27147 [2] NCCL INFO Setting affinity for GPU 2 to 0f000f00
c196-071:753:798 [1] NCCL INFO Setting affinity for GPU 1 to f000f0
c197-011:18463:18503 [1] NCCL INFO Setting affinity for GPU 1 to f000f0
c197-031:18206:18246 [1] NCCL INFO Setting affinity for GPU 1 to f000f0
c197-031:18208:18240 [3] NCCL INFO Setting affinity for GPU 3 to f000f000
c197-011:18465:18499 [3] NCCL INFO Setting affinity for GPU 3 to f000f000
c197-032:27111:27151 [1] NCCL INFO Setting affinity for GPU 1 to f000f0
c196-082:21474:21513 [1] NCCL INFO Setting affinity for GPU 1 to f000f0
c196-101:18098:18137 [0] NCCL INFO Setting affinity for GPU 0 to 0f000f
c196-091:31265:31303 [2] NCCL INFO Setting affinity for GPU 2 to 0f000f00
c196-071:755:796 [3] NCCL INFO Setting affinity for GPU 3 to f000f000
c196-112:15208:15242 [2] NCCL INFO Setting affinity for GPU 2 to 0f000f00
c196-092:9303:9343 [1] NCCL INFO Setting affinity for GPU 1 to f000f0
c196-082:21476:21511 [3] NCCL INFO Setting affinity for GPU 3 to f000f000
c196-071:754:795 [2] NCCL INFO Setting affinity for GPU 2 to 0f000f00
c196-082:21473:21515 [0] NCCL INFO Setting affinity for GPU 0 to 0f000f
c196-092:9305:9342 [3] NCCL INFO Setting affinity for GPU 3 to f000f000
c196-091:31266:31305 [3] NCCL INFO Setting affinity for GPU 3 to f000f000
c197-021:1785:1826 [1] NCCL INFO Setting affinity for GPU 1 to f000f0
c196-112:15206:15244 [0] NCCL INFO Setting affinity for GPU 0 to 0f000f
c196-101:18100:18134 [2] NCCL INFO Setting affinity for GPU 2 to 0f000f00
c197-012:32474:32514 [1] NCCL INFO Setting affinity for GPU 1 to f000f0
c196-101:18099:18139 [1] NCCL INFO Setting affinity for GPU 1 to f000f0
c197-021:1786:1820 [2] NCCL INFO Setting affinity for GPU 2 to 0f000f00
c197-022:16317:16352 [0] NCCL INFO Setting affinity for GPU 0 to 0f000f
c196-091:31264:31301 [1] NCCL INFO Setting affinity for GPU 1 to f000f0
c196-072:2104:2151 [1] NCCL INFO Setting affinity for GPU 1 to f000f0
c196-091:31263:31299 [0] NCCL INFO Setting affinity for GPU 0 to 0f000f
c197-021:1787:1824 [3] NCCL INFO Setting affinity for GPU 3 to f000f000
c196-111:9656:9692 [0] NCCL INFO Setting affinity for GPU 0 to 0f000f
c196-102:9536:9572 [2] NCCL INFO Setting affinity for GPU 2 to 0f000f00
c196-102:9537:9570 [3] NCCL INFO Setting affinity for GPU 3 to f000f000
c196-111:9657:9694 [1] NCCL INFO Setting affinity for GPU 1 to f000f0
c196-072:2107:2145 [3] NCCL INFO Setting affinity for GPU 3 to f000f000
c197-032:27110:27150 [0] NCCL INFO Setting affinity for GPU 0 to 0f000f
c196-072:2106:2144 [2] NCCL INFO Setting affinity for GPU 2 to 0f000f00
c196-102:9535:9575 [1] NCCL INFO Setting affinity for GPU 1 to f000f0
c196-072:2103:2148 [0] NCCL INFO Setting affinity for GPU 0 to 0f000f
c196-092:9302:9344 [0] NCCL INFO Setting affinity for GPU 0 to 0f000f
c196-111:9659:9698 [3] NCCL INFO Setting affinity for GPU 3 to f000f000
c197-022:16318:16358 [1] NCCL INFO Setting affinity for GPU 1 to f000f0
c197-032:27113:27145 [3] NCCL INFO Setting affinity for GPU 3 to f000f000
c196-111:9658:9696 [2] NCCL INFO Setting affinity for GPU 2 to 0f000f00
c196-092:9304:9338 [2] NCCL INFO Setting affinity for GPU 2 to 0f000f00
c197-022:16320:16356 [3] NCCL INFO Setting affinity for GPU 3 to f000f000
c197-022:16319:16355 [2] NCCL INFO Setting affinity for GPU 2 to 0f000f00
c196-102:9534:9573 [0] NCCL INFO Setting affinity for GPU 0 to 0f000f
c196-081:28350:28390 [0] NCCL INFO Setting affinity for GPU 0 to 0f
c196-081:28351:28391 [1] NCCL INFO Setting affinity for GPU 1 to f0
c196-081:28352:28387 [2] NCCL INFO Setting affinity for GPU 2 to 0f00
c196-081:28353:28386 [3] NCCL INFO Setting affinity for GPU 3 to f000
c196-081:28350:28390 [0] NCCL INFO Trees [0] 9/12/-1->8->17 [1] 9/-1/-1->8->5
c196-072:2106:2144 [2] NCCL INFO Trees [0] 7/-1/-1->6->5 [1] 7/-1/-1->6->5
c196-081:28351:28391 [1] NCCL INFO Trees [0] 10/4/-1->9->8 [1] 10/-1/-1->9->8
c196-071:753:798 [1] NCCL INFO Trees [0] 2/-1/-1->1->0 [1] 2/-1/-1->1->0
c197-031:18208:18240 [3] NCCL INFO Trees [0] -1/-1/-1->59->58 [1] -1/-1/-1->59->58
c196-072:2104:2151 [1] NCCL INFO Trees [0] 6/-1/-1->5->4 [1] 6/8/-1->5->4
c197-032:27113:27145 [3] NCCL INFO Trees [0] -1/-1/-1->63->62 [1] -1/-1/-1->63->62
c196-082:21473:21515 [0] NCCL INFO Trees [0] 13/-1/-1->12->8 [1] 13/4/-1->12->28
c196-081:28352:28387 [2] NCCL INFO Trees [0] 11/-1/-1->10->9 [1] 11/-1/-1->10->9
c196-101:18101:18135 [3] NCCL INFO Trees [0] -1/-1/-1->27->26 [1] -1/-1/-1->27->26
c196-071:754:795 [2] NCCL INFO Trees [0] 3/-1/-1->2->1 [1] 3/-1/-1->2->1
c197-031:18207:18242 [2] NCCL INFO Trees [0] 59/-1/-1->58->57 [1] 59/-1/-1->58->57
c196-091:31264:31301 [1] NCCL INFO Trees [0] 18/8/-1->17->16 [1] 18/-1/-1->17->16
c197-021:1786:1820 [2] NCCL INFO Trees [0] 51/-1/-1->50->49 [1] 51/-1/-1->50->49
c197-012:32473:32513 [0] NCCL INFO Trees [0] 45/-1/-1->44->40 [1] 45/36/-1->44->29
c196-072:2107:2145 [3] NCCL INFO Trees [0] -1/-1/-1->7->6 [1] -1/-1/-1->7->6
c196-092:9302:9344 [0] NCCL INFO Trees [0] 21/-1/-1->20->25 [1] 21/16/-1->20->13
c196-102:9534:9573 [0] NCCL INFO Trees [0] 29/-1/-1->28->24 [1] 29/12/-1->28->60
c197-032:27111:27151 [1] NCCL INFO Trees [0] 62/-1/-1->61->60 [1] 62/-1/-1->61->60
c197-022:16319:16355 [2] NCCL INFO Trees [0] 55/-1/-1->54->53 [1] 55/-1/-1->54->53
c196-082:21475:21509 [2] NCCL INFO Trees [0] 15/-1/-1->14->13 [1] 15/-1/-1->14->13
c196-081:28353:28386 [3] NCCL INFO Trees [0] -1/-1/-1->11->10 [1] -1/-1/-1->11->10
c196-101:18098:18137 [0] NCCL INFO Trees [0] 25/28/-1->24->16 [1] 25/-1/-1->24->21
c196-071:755:796 [3] NCCL INFO Trees [0] -1/-1/-1->3->2 [1] -1/-1/-1->3->2
c197-031:18206:18246 [1] NCCL INFO Trees [0] 58/52/-1->57->56 [1] 58/-1/-1->57->56
c196-111:9659:9698 [3] NCCL INFO Trees [0] -1/-1/-1->35->34 [1] -1/-1/-1->35->34
c196-091:31265:31303 [2] NCCL INFO Trees [0] 19/-1/-1->18->17 [1] 19/-1/-1->18->17
c197-011:18464:18500 [2] NCCL INFO Trees [0] 43/-1/-1->42->41 [1] 43/-1/-1->42->41
c197-021:1787:1824 [3] NCCL INFO Trees [0] -1/-1/-1->51->50 [1] -1/-1/-1->51->50
c197-012:32474:32514 [1] NCCL INFO Trees [0] 46/-1/-1->45->44 [1] 46/52/-1->45->44
c196-112:15207:15247 [1] NCCL INFO Trees [0] 38/-1/-1->37->36 [1] 38/40/-1->37->36
c196-072:2103:2148 [0] NCCL INFO Trees [0] 5/-1/-1->4->9 [1] 5/0/-1->4->12
c196-092:9303:9343 [1] NCCL INFO Trees [0] 22/-1/-1->21->20 [1] 22/24/-1->21->20
c196-102:9537:9570 [3] NCCL INFO Trees [0] -1/-1/-1->31->30 [1] -1/-1/-1->31->30
c197-032:27112:27147 [2] NCCL INFO Trees [0] 63/-1/-1->62->61 [1] 63/-1/-1->62->61
c197-022:16320:16356 [3] NCCL INFO Trees [0] -1/-1/-1->55->54 [1] -1/-1/-1->55->54
c196-082:21476:21511 [3] NCCL INFO Trees [0] -1/-1/-1->15->14 [1] -1/-1/-1->15->14
c196-101:18099:18139 [1] NCCL INFO Trees [0] 26/20/-1->25->24 [1] 26/-1/-1->25->24
c196-071:752:788 [0] NCCL INFO Channel 00/02 :    0   1   2   3   4   5   6   7   8   9  10  11  12  13  14  15  16  17  18  19
c197-031:18205:18245 [0] NCCL INFO Trees [0] 57/60/-1->56->48 [1] 57/-1/-1->56->53
c196-111:9658:9696 [2] NCCL INFO Trees [0] 35/-1/-1->34->33 [1] 35/-1/-1->34->33
c196-091:31263:31299 [0] NCCL INFO Trees [0] 17/24/-1->16->33 [1] 17/-1/-1->16->20
c197-011:18465:18499 [3] NCCL INFO Trees [0] -1/-1/-1->43->42 [1] -1/-1/-1->43->42
c197-021:1784:1825 [0] NCCL INFO Trees [0] 49/56/-1->48->32 [1] 49/-1/-1->48->52
c197-012:32475:32508 [2] NCCL INFO Trees [0] 47/-1/-1->46->45 [1] 47/-1/-1->46->45
c196-112:15208:15242 [2] NCCL INFO Trees [0] 39/-1/-1->38->37 [1] 39/-1/-1->38->37
c196-092:9305:9342 [3] NCCL INFO Trees [0] -1/-1/-1->23->22 [1] -1/-1/-1->23->22
c196-102:9535:9575 [1] NCCL INFO Trees [0] 30/-1/-1->29->28 [1] 30/44/-1->29->28
c197-032:27110:27150 [0] NCCL INFO Trees [0] 61/-1/-1->60->56 [1] 61/28/-1->60->-1
c197-022:16317:16352 [0] NCCL INFO Trees [0] 53/-1/-1->52->57 [1] 53/48/-1->52->45
c196-082:21474:21513 [1] NCCL INFO Trees [0] 14/-1/-1->13->12 [1] 14/20/-1->13->12
c196-101:18100:18134 [2] NCCL INFO Trees [0] 27/-1/-1->26->25 [1] 27/-1/-1->26->25
c196-071:752:788 [0] NCCL INFO Channel 01/02 :    0   1   2   3   4   5   6   7   8   9  10  11  12  13  14  15  16  17  18  19
c196-111:9656:9692 [0] NCCL INFO Trees [0] 33/48/-1->32->0 [1] 33/-1/-1->32->36
c196-091:31266:31305 [3] NCCL INFO Trees [0] -1/-1/-1->19->18 [1] -1/-1/-1->19->18
c197-011:18463:18503 [1] NCCL INFO Trees [0] 42/36/-1->41->40 [1] 42/-1/-1->41->40
c197-021:1785:1826 [1] NCCL INFO Trees [0] 50/40/-1->49->48 [1] 50/-1/-1->49->48
c197-012:32476:32510 [3] NCCL INFO Trees [0] -1/-1/-1->47->46 [1] -1/-1/-1->47->46
c196-112:15209:15246 [3] NCCL INFO Trees [0] -1/-1/-1->39->38 [1] -1/-1/-1->39->38
c196-092:9304:9338 [2] NCCL INFO Trees [0] 23/-1/-1->22->21 [1] 23/-1/-1->22->21
c196-102:9536:9572 [2] NCCL INFO Trees [0] 31/-1/-1->30->29 [1] 31/-1/-1->30->29
c197-022:16318:16358 [1] NCCL INFO Trees [0] 54/-1/-1->53->52 [1] 54/56/-1->53->52
c196-071:752:788 [0] NCCL INFO Trees [0] 1/32/-1->0->-1 [1] 1/-1/-1->0->4
c196-111:9657:9694 [1] NCCL INFO Trees [0] 34/16/-1->33->32 [1] 34/-1/-1->33->32
c197-011:18462:18504 [0] NCCL INFO Trees [0] 41/44/-1->40->49 [1] 41/-1/-1->40->37
c196-112:15206:15244 [0] NCCL INFO Trees [0] 37/-1/-1->36->41 [1] 37/32/-1->36->44
c196-081:28350:28390 [0] NCCL INFO Channel 00/0 : 7[83000] -> 8[2000] [receive] via NET/IB/0
c197-012:32473:32513 [0] NCCL INFO Channel 00/0 : 43[83000] -> 44[2000] [receive] via NET/IB/0
c197-031:18205:18245 [0] NCCL INFO Channel 00/0 : 55[83000] -> 56[2000] [receive] via NET/IB/0
c197-022:16317:16352 [0] NCCL INFO Channel 00/0 : 51[83000] -> 52[2000] [receive] via NET/IB/0
c196-082:21473:21515 [0] NCCL INFO Channel 00/0 : 11[83000] -> 12[2000] [receive] via NET/IB/0
c196-072:2103:2148 [0] NCCL INFO Channel 00/0 : 3[83000] -> 4[2000] [receive] via NET/IB/0
c196-102:9534:9573 [0] NCCL INFO Channel 00/0 : 27[83000] -> 28[2000] [receive] via NET/IB/0
c197-021:1784:1825 [0] NCCL INFO Channel 00/0 : 47[83000] -> 48[2000] [receive] via NET/IB/0
c196-092:9302:9344 [0] NCCL INFO Channel 00/0 : 19[83000] -> 20[2000] [receive] via NET/IB/0
c196-071:752:788 [0] NCCL INFO Channel 00/0 : 63[83000] -> 0[2000] [receive] via NET/IB/0
c196-101:18098:18137 [0] NCCL INFO Channel 00/0 : 23[83000] -> 24[2000] [receive] via NET/IB/0
c196-091:31263:31299 [0] NCCL INFO Channel 00/0 : 15[83000] -> 16[2000] [receive] via NET/IB/0
c196-111:9656:9692 [0] NCCL INFO Channel 00/0 : 31[83000] -> 32[2000] [receive] via NET/IB/0
c196-112:15206:15244 [0] NCCL INFO Channel 00/0 : 35[83000] -> 36[2000] [receive] via NET/IB/0
c196-081:28352:28387 [2] NCCL INFO Channel 00 : 10[82000] -> 11[83000] via direct shared memory
c196-081:28351:28391 [1] NCCL INFO Channel 00 : 9[3000] -> 10[82000] via direct shared memory
c196-081:28352:28387 [2] NCCL INFO Channel 01 : 10[82000] -> 11[83000] via direct shared memory
c196-081:28351:28391 [1] NCCL INFO Channel 01 : 9[3000] -> 10[82000] via direct shared memory
c197-012:32474:32514 [1] NCCL INFO Channel 00 : 45[3000] -> 46[82000] via direct shared memory
c197-012:32475:32508 [2] NCCL INFO Channel 00 : 46[82000] -> 47[83000] via direct shared memory
c197-012:32474:32514 [1] NCCL INFO Channel 01 : 45[3000] -> 46[82000] via direct shared memory
c197-031:18207:18242 [2] NCCL INFO Channel 00 : 58[82000] -> 59[83000] via direct shared memory
c197-012:32475:32508 [2] NCCL INFO Channel 01 : 46[82000] -> 47[83000] via direct shared memory
c196-082:21475:21509 [2] NCCL INFO Channel 00 : 14[82000] -> 15[83000] via direct shared memory
c196-091:31265:31303 [2] NCCL INFO Channel 00 : 18[82000] -> 19[83000] via direct shared memory
c196-092:9304:9338 [2] NCCL INFO Channel 00 : 22[82000] -> 23[83000] via direct shared memory
c197-031:18207:18242 [2] NCCL INFO Channel 01 : 58[82000] -> 59[83000] via direct shared memory
c196-091:31265:31303 [2] NCCL INFO Channel 01 : 18[82000] -> 19[83000] via direct shared memory
c196-072:2106:2144 [2] NCCL INFO Channel 00 : 6[82000] -> 7[83000] via direct shared memory
c196-082:21475:21509 [2] NCCL INFO Channel 01 : 14[82000] -> 15[83000] via direct shared memory
c196-092:9304:9338 [2] NCCL INFO Channel 01 : 22[82000] -> 23[83000] via direct shared memory
c196-102:9536:9572 [2] NCCL INFO Channel 00 : 30[82000] -> 31[83000] via direct shared memory
c196-072:2106:2144 [2] NCCL INFO Channel 01 : 6[82000] -> 7[83000] via direct shared memory
c196-102:9536:9572 [2] NCCL INFO Channel 01 : 30[82000] -> 31[83000] via direct shared memory
c197-022:16319:16355 [2] NCCL INFO Channel 00 : 54[82000] -> 55[83000] via direct shared memory
c197-022:16318:16358 [1] NCCL INFO Channel 00 : 53[3000] -> 54[82000] via direct shared memory
c196-112:15208:15242 [2] NCCL INFO Channel 00 : 38[82000] -> 39[83000] via direct shared memory
c197-022:16319:16355 [2] NCCL INFO Channel 01 : 54[82000] -> 55[83000] via direct shared memory
c196-101:18100:18134 [2] NCCL INFO Channel 00 : 26[82000] -> 27[83000] via direct shared memory
c196-112:15208:15242 [2] NCCL INFO Channel 01 : 38[82000] -> 39[83000] via direct shared memory
c197-022:16318:16358 [1] NCCL INFO Channel 01 : 53[3000] -> 54[82000] via direct shared memory
c196-082:21474:21513 [1] NCCL INFO Channel 00 : 13[3000] -> 14[82000] via direct shared memory
c196-101:18100:18134 [2] NCCL INFO Channel 01 : 26[82000] -> 27[83000] via direct shared memory
c196-101:18099:18139 [1] NCCL INFO Channel 00 : 25[3000] -> 26[82000] via direct shared memory
c196-082:21474:21513 [1] NCCL INFO Channel 01 : 13[3000] -> 14[82000] via direct shared memory
c196-072:2104:2151 [1] NCCL INFO Channel 00 : 5[3000] -> 6[82000] via direct shared memory
c196-092:9303:9343 [1] NCCL INFO Channel 00 : 21[3000] -> 22[82000] via direct shared memory
c196-101:18099:18139 [1] NCCL INFO Channel 01 : 25[3000] -> 26[82000] via direct shared memory
c196-102:9535:9575 [1] NCCL INFO Channel 00 : 29[3000] -> 30[82000] via direct shared memory
c196-091:31264:31301 [1] NCCL INFO Channel 00 : 17[3000] -> 18[82000] via direct shared memory
c196-072:2104:2151 [1] NCCL INFO Channel 01 : 5[3000] -> 6[82000] via direct shared memory
c196-092:9303:9343 [1] NCCL INFO Channel 01 : 21[3000] -> 22[82000] via direct shared memory
c196-091:31264:31301 [1] NCCL INFO Channel 01 : 17[3000] -> 18[82000] via direct shared memory
c196-102:9535:9575 [1] NCCL INFO Channel 01 : 29[3000] -> 30[82000] via direct shared memory
c197-021:1786:1820 [2] NCCL INFO Channel 00 : 50[82000] -> 51[83000] via direct shared memory
c196-112:15207:15247 [1] NCCL INFO Channel 00 : 37[3000] -> 38[82000] via direct shared memory
c197-021:1785:1826 [1] NCCL INFO Channel 00 : 49[3000] -> 50[82000] via direct shared memory
c196-111:9658:9696 [2] NCCL INFO Channel 00 : 34[82000] -> 35[83000] via direct shared memory
c196-111:9657:9694 [1] NCCL INFO Channel 00 : 33[3000] -> 34[82000] via direct shared memory
c197-021:1786:1820 [2] NCCL INFO Channel 01 : 50[82000] -> 51[83000] via direct shared memory
c196-112:15207:15247 [1] NCCL INFO Channel 01 : 37[3000] -> 38[82000] via direct shared memory
c197-021:1785:1826 [1] NCCL INFO Channel 01 : 49[3000] -> 50[82000] via direct shared memory
c196-111:9658:9696 [2] NCCL INFO Channel 01 : 34[82000] -> 35[83000] via direct shared memory
c196-111:9657:9694 [1] NCCL INFO Channel 01 : 33[3000] -> 34[82000] via direct shared memory
c196-071:753:798 [1] NCCL INFO Channel 00 : 1[3000] -> 2[82000] via direct shared memory
c196-081:28353:28386 [3] NCCL INFO Channel 00/0 : 11[83000] -> 12[2000] [send] via NET/IB/0
c196-071:753:798 [1] NCCL INFO Channel 01 : 1[3000] -> 2[82000] via direct shared memory
c196-071:754:795 [2] NCCL INFO Channel 00 : 2[82000] -> 3[83000] via direct shared memory
c196-071:754:795 [2] NCCL INFO Channel 01 : 2[82000] -> 3[83000] via direct shared memory
c197-012:32476:32510 [3] NCCL INFO Channel 00/0 : 47[83000] -> 48[2000] [send] via NET/IB/0
c197-031:18208:18240 [3] NCCL INFO Channel 00/0 : 59[83000] -> 60[2000] [send] via NET/IB/0
c196-091:31266:31305 [3] NCCL INFO Channel 00/0 : 19[83000] -> 20[2000] [send] via NET/IB/0
c196-072:2107:2145 [3] NCCL INFO Channel 00/0 : 7[83000] -> 8[2000] [send] via NET/IB/0
c196-092:9305:9342 [3] NCCL INFO Channel 00/0 : 23[83000] -> 24[2000] [send] via NET/IB/0
c196-082:21476:21511 [3] NCCL INFO Channel 00/0 : 15[83000] -> 16[2000] [send] via NET/IB/0
c196-102:9537:9570 [3] NCCL INFO Channel 00/0 : 31[83000] -> 32[2000] [send] via NET/IB/0
c197-022:16320:16356 [3] NCCL INFO Channel 00/0 : 55[83000] -> 56[2000] [send] via NET/IB/0
c196-101:18101:18135 [3] NCCL INFO Channel 00/0 : 27[83000] -> 28[2000] [send] via NET/IB/0
c196-112:15209:15246 [3] NCCL INFO Channel 00/0 : 39[83000] -> 40[2000] [send] via NET/IB/0
c197-021:1787:1824 [3] NCCL INFO Channel 00/0 : 51[83000] -> 52[2000] [send] via NET/IB/0
c196-111:9659:9698 [3] NCCL INFO Channel 00/0 : 35[83000] -> 36[2000] [send] via NET/IB/0
c196-071:755:796 [3] NCCL INFO Channel 00/0 : 3[83000] -> 4[2000] [send] via NET/IB/0
c197-031:18206:18246 [1] NCCL INFO Channel 00 : 57[3000] -> 58[82000] via direct shared memory
c197-031:18206:18246 [1] NCCL INFO Channel 01 : 57[3000] -> 58[82000] via direct shared memory
c197-031:18205:18245 [0] NCCL INFO Channel 01/0 : 55[83000] -> 56[2000] [receive] via NET/IB/0
c197-022:16317:16352 [0] NCCL INFO Channel 01/0 : 51[83000] -> 52[2000] [receive] via NET/IB/0
c197-012:32473:32513 [0] NCCL INFO Channel 01/0 : 43[83000] -> 44[2000] [receive] via NET/IB/0
c197-031:18205:18245 [0] NCCL INFO Channel 00 : 56[2000] -> 57[3000] via direct shared memory
c197-022:16317:16352 [0] NCCL INFO Channel 00 : 52[2000] -> 53[3000] via direct shared memory
c196-082:21473:21515 [0] NCCL INFO Channel 01/0 : 11[83000] -> 12[2000] [receive] via NET/IB/0
c197-012:32473:32513 [0] NCCL INFO Channel 00 : 44[2000] -> 45[3000] via direct shared memory
c197-031:18205:18245 [0] NCCL INFO Channel 01 : 56[2000] -> 57[3000] via direct shared memory
c197-012:32473:32513 [0] NCCL INFO Channel 01 : 44[2000] -> 45[3000] via direct shared memory
c196-102:9534:9573 [0] NCCL INFO Channel 01/0 : 27[83000] -> 28[2000] [receive] via NET/IB/0
c197-022:16317:16352 [0] NCCL INFO Channel 01 : 52[2000] -> 53[3000] via direct shared memory
c196-081:28350:28390 [0] NCCL INFO Channel 01/0 : 7[83000] -> 8[2000] [receive] via NET/IB/0
c196-092:9302:9344 [0] NCCL INFO Channel 01/0 : 19[83000] -> 20[2000] [receive] via NET/IB/0
c196-082:21473:21515 [0] NCCL INFO Channel 00 : 12[2000] -> 13[3000] via direct shared memory
c196-081:28350:28390 [0] NCCL INFO Channel 00 : 8[2000] -> 9[3000] via direct shared memory
c196-071:752:788 [0] NCCL INFO Channel 01/0 : 63[83000] -> 0[2000] [receive] via NET/IB/0
c196-102:9534:9573 [0] NCCL INFO Channel 00 : 28[2000] -> 29[3000] via direct shared memory
c196-082:21473:21515 [0] NCCL INFO Channel 01 : 12[2000] -> 13[3000] via direct shared memory
c196-092:9302:9344 [0] NCCL INFO Channel 00 : 20[2000] -> 21[3000] via direct shared memory
c196-081:28350:28390 [0] NCCL INFO Channel 01 : 8[2000] -> 9[3000] via direct shared memory
c196-072:2103:2148 [0] NCCL INFO Channel 01/0 : 3[83000] -> 4[2000] [receive] via NET/IB/0
c196-102:9534:9573 [0] NCCL INFO Channel 01 : 28[2000] -> 29[3000] via direct shared memory
c196-101:18098:18137 [0] NCCL INFO Channel 01/0 : 23[83000] -> 24[2000] [receive] via NET/IB/0
c196-111:9656:9692 [0] NCCL INFO Channel 01/0 : 31[83000] -> 32[2000] [receive] via NET/IB/0
c196-092:9302:9344 [0] NCCL INFO Channel 01 : 20[2000] -> 21[3000] via direct shared memory
c196-111:9656:9692 [0] NCCL INFO Channel 00 : 32[2000] -> 33[3000] via direct shared memory
c196-072:2103:2148 [0] NCCL INFO Channel 00 : 4[2000] -> 5[3000] via direct shared memory
c196-101:18098:18137 [0] NCCL INFO Channel 00 : 24[2000] -> 25[3000] via direct shared memory
c196-072:2103:2148 [0] NCCL INFO Channel 01 : 4[2000] -> 5[3000] via direct shared memory
c196-101:18098:18137 [0] NCCL INFO Channel 01 : 24[2000] -> 25[3000] via direct shared memory
c196-111:9656:9692 [0] NCCL INFO Channel 01 : 32[2000] -> 33[3000] via direct shared memory
c197-021:1784:1825 [0] NCCL INFO Channel 01/0 : 47[83000] -> 48[2000] [receive] via NET/IB/0
c197-021:1784:1825 [0] NCCL INFO Channel 00 : 48[2000] -> 49[3000] via direct shared memory
c196-071:752:788 [0] NCCL INFO Channel 00 : 0[2000] -> 1[3000] via direct shared memory
c196-091:31263:31299 [0] NCCL INFO Channel 01/0 : 15[83000] -> 16[2000] [receive] via NET/IB/0
c197-021:1784:1825 [0] NCCL INFO Channel 01 : 48[2000] -> 49[3000] via direct shared memory
c196-071:752:788 [0] NCCL INFO Channel 01 : 0[2000] -> 1[3000] via direct shared memory
c196-091:31263:31299 [0] NCCL INFO Channel 00 : 16[2000] -> 17[3000] via direct shared memory
c196-091:31263:31299 [0] NCCL INFO Channel 01 : 16[2000] -> 17[3000] via direct shared memory
c196-112:15206:15244 [0] NCCL INFO Channel 01/0 : 35[83000] -> 36[2000] [receive] via NET/IB/0
c196-112:15206:15244 [0] NCCL INFO Channel 00 : 36[2000] -> 37[3000] via direct shared memory
c196-112:15206:15244 [0] NCCL INFO Channel 01 : 36[2000] -> 37[3000] via direct shared memory
c197-022:16318:16358 [1] NCCL INFO Connected all rings
c197-012:32474:32514 [1] NCCL INFO Connected all rings
c197-031:18206:18246 [1] NCCL INFO Connected all rings
c196-081:28351:28391 [1] NCCL INFO Connected all rings
c196-102:9535:9575 [1] NCCL INFO Connected all rings
c196-111:9657:9694 [1] NCCL INFO Connected all rings
c196-101:18099:18139 [1] NCCL INFO Connected all rings
c196-072:2104:2151 [1] NCCL INFO Connected all rings
c197-021:1785:1826 [1] NCCL INFO Connected all rings
c196-082:21474:21513 [1] NCCL INFO Connected all rings
c196-092:9303:9343 [1] NCCL INFO Connected all rings
c196-071:753:798 [1] NCCL INFO Connected all rings
c196-091:31264:31301 [1] NCCL INFO Connected all rings
c196-112:15207:15247 [1] NCCL INFO Connected all rings
c196-081:28351:28391 [1] NCCL INFO Channel 00/0 : 4[2000] -> 9[3000] [receive] via NET/IB/0
c197-012:32474:32514 [1] NCCL INFO Channel 01/0 : 45[3000] -> 52[2000] [send] via NET/IB/0
c197-031:18206:18246 [1] NCCL INFO Channel 00/0 : 52[2000] -> 57[3000] [receive] via NET/IB/0
c197-022:16318:16358 [1] NCCL INFO Channel 01/0 : 53[3000] -> 56[2000] [send] via NET/IB/0
c196-111:9657:9694 [1] NCCL INFO Channel 00/0 : 16[2000] -> 33[3000] [receive] via NET/IB/0
c196-101:18099:18139 [1] NCCL INFO Channel 00/0 : 20[2000] -> 25[3000] [receive] via NET/IB/0
c196-072:2104:2151 [1] NCCL INFO Channel 01/0 : 5[3000] -> 8[2000] [send] via NET/IB/0
c197-021:1785:1826 [1] NCCL INFO Channel 00/0 : 40[2000] -> 49[3000] [receive] via NET/IB/0
c196-082:21474:21513 [1] NCCL INFO Channel 01/0 : 13[3000] -> 20[2000] [send] via NET/IB/0
c196-102:9535:9575 [1] NCCL INFO Channel 01/0 : 29[3000] -> 44[2000] [send] via NET/IB/0
