#  Rank  8 Group  0 Pid  11160 on   c196-081 device  0 [0x02] Quadro RTX 5000
#  Rank  9 Group  0 Pid  11161 on   c196-081 device  1 [0x03] Quadro RTX 5000
#  Rank 10 Group  0 Pid  11162 on   c196-081 device  2 [0x82] Quadro RTX 5000
#  Rank 11 Group  0 Pid  11163 on   c196-081 device  3 [0x83] Quadro RTX 5000
#  Rank 12 Group  0 Pid   4250 on   c196-082 device  0 [0x02] Quadro RTX 5000
#  Rank 13 Group  0 Pid   4251 on   c196-082 device  1 [0x03] Quadro RTX 5000
#  Rank 14 Group  0 Pid   4252 on   c196-082 device  2 [0x82] Quadro RTX 5000
#  Rank 15 Group  0 Pid   4253 on   c196-082 device  3 [0x83] Quadro RTX 5000
#  Rank 16 Group  0 Pid  14559 on   c196-091 device  0 [0x02] Quadro RTX 5000
#  Rank 17 Group  0 Pid  14560 on   c196-091 device  1 [0x03] Quadro RTX 5000
#  Rank 18 Group  0 Pid  14561 on   c196-091 device  2 [0x82] Quadro RTX 5000
#  Rank 19 Group  0 Pid  14562 on   c196-091 device  3 [0x83] Quadro RTX 5000
#  Rank 20 Group  0 Pid  24695 on   c196-092 device  0 [0x02] Quadro RTX 5000
#  Rank 21 Group  0 Pid  24696 on   c196-092 device  1 [0x03] Quadro RTX 5000
#  Rank 22 Group  0 Pid  24697 on   c196-092 device  2 [0x82] Quadro RTX 5000
#  Rank 23 Group  0 Pid  24698 on   c196-092 device  3 [0x83] Quadro RTX 5000
#  Rank 24 Group  0 Pid   1320 on   c196-101 device  0 [0x02] Quadro RTX 5000
#  Rank 25 Group  0 Pid   1321 on   c196-101 device  1 [0x03] Quadro RTX 5000
#  Rank 26 Group  0 Pid   1323 on   c196-101 device  2 [0x82] Quadro RTX 5000
#  Rank 27 Group  0 Pid   1324 on   c196-101 device  3 [0x83] Quadro RTX 5000
#  Rank 28 Group  0 Pid  25014 on   c196-102 device  0 [0x02] Quadro RTX 5000
#  Rank 29 Group  0 Pid  25015 on   c196-102 device  1 [0x03] Quadro RTX 5000
#  Rank 30 Group  0 Pid  25016 on   c196-102 device  2 [0x82] Quadro RTX 5000
#  Rank 31 Group  0 Pid  25017 on   c196-102 device  3 [0x83] Quadro RTX 5000
c196-071:16206:16206 [0] NCCL INFO Bootstrap : Using ib0:192.168.44.113<0>
c196-071:16206:16206 [0] NCCL INFO NET/Plugin : Plugin load (libnccl-net.so) returned 2 : libnccl-net.so: cannot open shared object file: No such file or directory
c196-071:16206:16206 [0] NCCL INFO NET/Plugin : No plugin found, using internal implementation

c196-081:11163:11163 [3] misc/cudawrap.cc:166 NCCL WARN cuDriverGetVersion failed with 34
c196-081:11163:11163 [3] NCCL INFO Bootstrap : Using ib0:192.168.44.115<0>
c196-081:11163:11163 [3] NCCL INFO NET/Plugin : Plugin load (libnccl-net.so) returned 2 : libnccl-net.so: cannot open shared object file: No such file or directory
c196-081:11163:11163 [3] NCCL INFO NET/Plugin : No plugin found, using internal implementation

c196-082:4253:4253 [3] misc/cudawrap.cc:166 NCCL WARN cuDriverGetVersion failed with 34
c196-082:4253:4253 [3] NCCL INFO Bootstrap : Using ib0:192.168.44.116<0>
c196-082:4253:4253 [3] NCCL INFO NET/Plugin : Plugin load (libnccl-net.so) returned 2 : libnccl-net.so: cannot open shared object file: No such file or directory
c196-082:4253:4253 [3] NCCL INFO NET/Plugin : No plugin found, using internal implementation

c196-102:25015:25015 [1] misc/cudawrap.cc:166 NCCL WARN cuDriverGetVersion failed with 34
c196-102:25015:25015 [1] NCCL INFO Bootstrap : Using ib0:192.168.44.120<0>

c196-082:4250:4250 [0] misc/cudawrap.cc:166 NCCL WARN cuDriverGetVersion failed with 34

c196-082:4252:4252 [2] misc/cudawrap.cc:166 NCCL WARN cuDriverGetVersion failed with 34
c196-102:25015:25015 [1] NCCL INFO NET/Plugin : Plugin load (libnccl-net.so) returned 2 : libnccl-net.so: cannot open shared object file: No such file or directory
c196-102:25015:25015 [1] NCCL INFO NET/Plugin : No plugin found, using internal implementation

c196-081:11160:11160 [0] misc/cudawrap.cc:166 NCCL WARN cuDriverGetVersion failed with 34

c196-072:16596:16596 [2] misc/cudawrap.cc:166 NCCL WARN cuDriverGetVersion failed with 34

c196-071:16208:16208 [2] misc/cudawrap.cc:166 NCCL WARN cuDriverGetVersion failed with 34

c196-071:16209:16209 [3] misc/cudawrap.cc:166 NCCL WARN cuDriverGetVersion failed with 34

c196-072:16597:16597 [3] misc/cudawrap.cc:166 NCCL WARN cuDriverGetVersion failed with 34

c196-072:16594:16594 [0] misc/cudawrap.cc:166 NCCL WARN cuDriverGetVersion failed with 34
c196-082:4250:4250 [0] NCCL INFO Bootstrap : Using ib0:192.168.44.116<0>
c196-082:4252:4252 [2] NCCL INFO Bootstrap : Using ib0:192.168.44.116<0>

c196-081:11162:11162 [2] misc/cudawrap.cc:166 NCCL WARN cuDriverGetVersion failed with 34
c196-082:4250:4250 [0] NCCL INFO NET/Plugin : Plugin load (libnccl-net.so) returned 2 : libnccl-net.so: cannot open shared object file: No such file or directory
c196-082:4250:4250 [0] NCCL INFO NET/Plugin : No plugin found, using internal implementation

c196-071:16207:16207 [1] misc/cudawrap.cc:166 NCCL WARN cuDriverGetVersion failed with 34
c196-082:4252:4252 [2] NCCL INFO NET/Plugin : Plugin load (libnccl-net.so) returned 2 : libnccl-net.so: cannot open shared object file: No such file or directory
c196-082:4252:4252 [2] NCCL INFO NET/Plugin : No plugin found, using internal implementation

c196-082:4251:4251 [1] misc/cudawrap.cc:166 NCCL WARN cuDriverGetVersion failed with 34

c196-091:14559:14559 [0] misc/cudawrap.cc:166 NCCL WARN cuDriverGetVersion failed with 34

c196-091:14560:14560 [1] misc/cudawrap.cc:166 NCCL WARN cuDriverGetVersion failed with 34

c196-071:16206:16206 [0] misc/cudawrap.cc:166 NCCL WARN cuDriverGetVersion failed with 34
NCCL version 2.17.1+cuda11.3

c196-091:14561:14561 [2] misc/cudawrap.cc:166 NCCL WARN cuDriverGetVersion failed with 34
c196-082:4251:4251 [1] NCCL INFO Bootstrap : Using ib0:192.168.44.116<0>
c196-081:11160:11160 [0] NCCL INFO Bootstrap : Using ib0:192.168.44.115<0>
c196-081:11162:11162 [2] NCCL INFO Bootstrap : Using ib0:192.168.44.115<0>
c196-082:4251:4251 [1] NCCL INFO NET/Plugin : Plugin load (libnccl-net.so) returned 2 : libnccl-net.so: cannot open shared object file: No such file or directory
c196-082:4251:4251 [1] NCCL INFO NET/Plugin : No plugin found, using internal implementation
c196-071:16207:16207 [1] NCCL INFO Bootstrap : Using ib0:192.168.44.113<0>
c196-081:11160:11160 [0] NCCL INFO NET/Plugin : Plugin load (libnccl-net.so) returned 2 : libnccl-net.so: cannot open shared object file: No such file or directory
c196-081:11160:11160 [0] NCCL INFO NET/Plugin : No plugin found, using internal implementation
c196-071:16208:16208 [2] NCCL INFO Bootstrap : Using ib0:192.168.44.113<0>
c196-071:16209:16209 [3] NCCL INFO Bootstrap : Using ib0:192.168.44.113<0>
c196-081:11162:11162 [2] NCCL INFO NET/Plugin : Plugin load (libnccl-net.so) returned 2 : libnccl-net.so: cannot open shared object file: No such file or directory
c196-081:11162:11162 [2] NCCL INFO NET/Plugin : No plugin found, using internal implementation

c196-102:25016:25016 [2] misc/cudawrap.cc:166 NCCL WARN cuDriverGetVersion failed with 34
c196-071:16207:16207 [1] NCCL INFO NET/Plugin : Plugin load (libnccl-net.so) returned 2 : libnccl-net.so: cannot open shared object file: No such file or directory
c196-071:16207:16207 [1] NCCL INFO NET/Plugin : No plugin found, using internal implementation
c196-071:16208:16208 [2] NCCL INFO NET/Plugin : Plugin load (libnccl-net.so) returned 2 : libnccl-net.so: cannot open shared object file: No such file or directory
c196-071:16208:16208 [2] NCCL INFO NET/Plugin : No plugin found, using internal implementation
c196-071:16209:16209 [3] NCCL INFO NET/Plugin : Plugin load (libnccl-net.so) returned 2 : libnccl-net.so: cannot open shared object file: No such file or directory
c196-071:16209:16209 [3] NCCL INFO NET/Plugin : No plugin found, using internal implementation

c196-081:11161:11161 [1] misc/cudawrap.cc:166 NCCL WARN cuDriverGetVersion failed with 34

c196-072:16595:16595 [1] misc/cudawrap.cc:166 NCCL WARN cuDriverGetVersion failed with 34
c196-072:16596:16596 [2] NCCL INFO Bootstrap : Using ib0:192.168.44.114<0>
c196-072:16597:16597 [3] NCCL INFO Bootstrap : Using ib0:192.168.44.114<0>
c196-072:16594:16594 [0] NCCL INFO Bootstrap : Using ib0:192.168.44.114<0>
c196-072:16596:16596 [2] NCCL INFO NET/Plugin : Plugin load (libnccl-net.so) returned 2 : libnccl-net.so: cannot open shared object file: No such file or directory
c196-072:16596:16596 [2] NCCL INFO NET/Plugin : No plugin found, using internal implementation

c196-102:25014:25014 [0] misc/cudawrap.cc:166 NCCL WARN cuDriverGetVersion failed with 34
c196-072:16594:16594 [0] NCCL INFO NET/Plugin : Plugin load (libnccl-net.so) returned 2 : libnccl-net.so: cannot open shared object file: No such file or directory
c196-072:16594:16594 [0] NCCL INFO NET/Plugin : No plugin found, using internal implementation
c196-072:16597:16597 [3] NCCL INFO NET/Plugin : Plugin load (libnccl-net.so) returned 2 : libnccl-net.so: cannot open shared object file: No such file or directory
c196-072:16597:16597 [3] NCCL INFO NET/Plugin : No plugin found, using internal implementation

c196-091:14562:14562 [3] misc/cudawrap.cc:166 NCCL WARN cuDriverGetVersion failed with 34
c196-081:11161:11161 [1] NCCL INFO Bootstrap : Using ib0:192.168.44.115<0>
c196-081:11161:11161 [1] NCCL INFO NET/Plugin : Plugin load (libnccl-net.so) returned 2 : libnccl-net.so: cannot open shared object file: No such file or directory
c196-081:11161:11161 [1] NCCL INFO NET/Plugin : No plugin found, using internal implementation
c196-072:16595:16595 [1] NCCL INFO Bootstrap : Using ib0:192.168.44.114<0>
c196-072:16595:16595 [1] NCCL INFO NET/Plugin : Plugin load (libnccl-net.so) returned 2 : libnccl-net.so: cannot open shared object file: No such file or directory
c196-072:16595:16595 [1] NCCL INFO NET/Plugin : No plugin found, using internal implementation
c196-091:14559:14559 [0] NCCL INFO Bootstrap : Using ib0:192.168.44.117<0>
c196-091:14560:14560 [1] NCCL INFO Bootstrap : Using ib0:192.168.44.117<0>
c196-091:14561:14561 [2] NCCL INFO Bootstrap : Using ib0:192.168.44.117<0>
c196-091:14561:14561 [2] NCCL INFO NET/Plugin : Plugin load (libnccl-net.so) returned 2 : libnccl-net.so: cannot open shared object file: No such file or directory
c196-091:14561:14561 [2] NCCL INFO NET/Plugin : No plugin found, using internal implementation
c196-091:14559:14559 [0] NCCL INFO NET/Plugin : Plugin load (libnccl-net.so) returned 2 : libnccl-net.so: cannot open shared object file: No such file or directory
c196-091:14559:14559 [0] NCCL INFO NET/Plugin : No plugin found, using internal implementation
c196-091:14560:14560 [1] NCCL INFO NET/Plugin : Plugin load (libnccl-net.so) returned 2 : libnccl-net.so: cannot open shared object file: No such file or directory
c196-091:14560:14560 [1] NCCL INFO NET/Plugin : No plugin found, using internal implementation
c196-102:25016:25016 [2] NCCL INFO Bootstrap : Using ib0:192.168.44.120<0>
c196-102:25014:25014 [0] NCCL INFO Bootstrap : Using ib0:192.168.44.120<0>
c196-102:25014:25014 [0] NCCL INFO NET/Plugin : Plugin load (libnccl-net.so) returned 2 : libnccl-net.so: cannot open shared object file: No such file or directory
c196-102:25014:25014 [0] NCCL INFO NET/Plugin : No plugin found, using internal implementation
c196-102:25016:25016 [2] NCCL INFO NET/Plugin : Plugin load (libnccl-net.so) returned 2 : libnccl-net.so: cannot open shared object file: No such file or directory
c196-102:25016:25016 [2] NCCL INFO NET/Plugin : No plugin found, using internal implementation
c196-091:14562:14562 [3] NCCL INFO Bootstrap : Using ib0:192.168.44.117<0>
c196-091:14562:14562 [3] NCCL INFO NET/Plugin : Plugin load (libnccl-net.so) returned 2 : libnccl-net.so: cannot open shared object file: No such file or directory
c196-091:14562:14562 [3] NCCL INFO NET/Plugin : No plugin found, using internal implementation

c196-102:25017:25017 [3] misc/cudawrap.cc:166 NCCL WARN cuDriverGetVersion failed with 34

c196-092:24698:24698 [3] misc/cudawrap.cc:166 NCCL WARN cuDriverGetVersion failed with 34

c196-092:24697:24697 [2] misc/cudawrap.cc:166 NCCL WARN cuDriverGetVersion failed with 34

c196-092:24695:24695 [0] misc/cudawrap.cc:166 NCCL WARN cuDriverGetVersion failed with 34

c196-101:1323:1323 [2] misc/cudawrap.cc:166 NCCL WARN cuDriverGetVersion failed with 34
c196-102:25017:25017 [3] NCCL INFO Bootstrap : Using ib0:192.168.44.120<0>
c196-102:25017:25017 [3] NCCL INFO NET/Plugin : Plugin load (libnccl-net.so) returned 2 : libnccl-net.so: cannot open shared object file: No such file or directory
c196-102:25017:25017 [3] NCCL INFO NET/Plugin : No plugin found, using internal implementation

c196-101:1324:1324 [3] misc/cudawrap.cc:166 NCCL WARN cuDriverGetVersion failed with 34

c196-101:1320:1320 [0] misc/cudawrap.cc:166 NCCL WARN cuDriverGetVersion failed with 34
c196-101:1323:1323 [2] NCCL INFO Bootstrap : Using ib0:192.168.44.119<0>
c196-101:1323:1323 [2] NCCL INFO NET/Plugin : Plugin load (libnccl-net.so) returned 2 : libnccl-net.so: cannot open shared object file: No such file or directory
c196-101:1323:1323 [2] NCCL INFO NET/Plugin : No plugin found, using internal implementation
c196-092:24695:24695 [0] NCCL INFO Bootstrap : Using ib0:192.168.44.118<0>
c196-092:24697:24697 [2] NCCL INFO Bootstrap : Using ib0:192.168.44.118<0>
c196-092:24698:24698 [3] NCCL INFO Bootstrap : Using ib0:192.168.44.118<0>
c196-092:24695:24695 [0] NCCL INFO NET/Plugin : Plugin load (libnccl-net.so) returned 2 : libnccl-net.so: cannot open shared object file: No such file or directory
c196-092:24695:24695 [0] NCCL INFO NET/Plugin : No plugin found, using internal implementation
c196-092:24697:24697 [2] NCCL INFO NET/Plugin : Plugin load (libnccl-net.so) returned 2 : libnccl-net.so: cannot open shared object file: No such file or directory
c196-092:24697:24697 [2] NCCL INFO NET/Plugin : No plugin found, using internal implementation
c196-092:24698:24698 [3] NCCL INFO NET/Plugin : Plugin load (libnccl-net.so) returned 2 : libnccl-net.so: cannot open shared object file: No such file or directory
c196-092:24698:24698 [3] NCCL INFO NET/Plugin : No plugin found, using internal implementation

c196-092:24696:24696 [1] misc/cudawrap.cc:166 NCCL WARN cuDriverGetVersion failed with 34
c196-101:1324:1324 [3] NCCL INFO Bootstrap : Using ib0:192.168.44.119<0>
c196-101:1320:1320 [0] NCCL INFO Bootstrap : Using ib0:192.168.44.119<0>
c196-101:1324:1324 [3] NCCL INFO NET/Plugin : Plugin load (libnccl-net.so) returned 2 : libnccl-net.so: cannot open shared object file: No such file or directory
c196-101:1324:1324 [3] NCCL INFO NET/Plugin : No plugin found, using internal implementation
c196-101:1320:1320 [0] NCCL INFO NET/Plugin : Plugin load (libnccl-net.so) returned 2 : libnccl-net.so: cannot open shared object file: No such file or directory
c196-101:1320:1320 [0] NCCL INFO NET/Plugin : No plugin found, using internal implementation
c196-092:24696:24696 [1] NCCL INFO Bootstrap : Using ib0:192.168.44.118<0>
c196-092:24696:24696 [1] NCCL INFO NET/Plugin : Plugin load (libnccl-net.so) returned 2 : libnccl-net.so: cannot open shared object file: No such file or directory
c196-092:24696:24696 [1] NCCL INFO NET/Plugin : No plugin found, using internal implementation

c196-101:1321:1321 [1] misc/cudawrap.cc:166 NCCL WARN cuDriverGetVersion failed with 34
c196-101:1321:1321 [1] NCCL INFO Bootstrap : Using ib0:192.168.44.119<0>
c196-101:1321:1321 [1] NCCL INFO NET/Plugin : Plugin load (libnccl-net.so) returned 2 : libnccl-net.so: cannot open shared object file: No such file or directory
c196-101:1321:1321 [1] NCCL INFO NET/Plugin : No plugin found, using internal implementation
c196-081:11163:11192 [3] NCCL INFO NET/IB : Using [0]mlx4_0:1/IB [RO]; OOB ib0:192.168.44.115<0>
c196-081:11163:11192 [3] NCCL INFO Using network IB
c196-082:4253:4282 [3] NCCL INFO NET/IB : Using [0]mlx4_0:1/IB [RO]; OOB ib0:192.168.44.116<0>
c196-082:4253:4282 [3] NCCL INFO Using network IB
c196-102:25015:25047 [1] NCCL INFO NET/IB : Using [0]mlx4_0:1/IB [RO]; OOB ib0:192.168.44.120<0>
c196-102:25015:25047 [1] NCCL INFO Using network IB
c196-081:11162:11194 [2] NCCL INFO NET/IB : Using [0]mlx4_0:1/IB [RO]; OOB ib0:192.168.44.115<0>
c196-081:11162:11194 [2] NCCL INFO Using network IB
c196-082:4252:4285 [2] NCCL INFO NET/IB : Using [0]mlx4_0:1/IB [RO]; OOB ib0:192.168.44.116<0>
c196-082:4252:4285 [2] NCCL INFO Using network IB
c196-082:4250:4284 [0] NCCL INFO NET/IB : Using [0]mlx4_0:1/IB [RO]; OOB ib0:192.168.44.116<0>
c196-082:4250:4284 [0] NCCL INFO Using network IB
c196-081:11160:11195 [0] NCCL INFO NET/IB : Using [0]mlx4_0:1/IB [RO]; OOB ib0:192.168.44.115<0>
c196-081:11160:11195 [0] NCCL INFO Using network IB
c196-082:4251:4286 [1] NCCL INFO NET/IB : Using [0]mlx4_0:1/IB [RO]; OOB ib0:192.168.44.116<0>
c196-082:4251:4286 [1] NCCL INFO Using network IB
c196-081:11161:11198 [1] NCCL INFO NET/IB : Using [0]mlx4_0:1/IB [RO]; OOB ib0:192.168.44.115<0>
c196-081:11161:11198 [1] NCCL INFO Using network IB
c196-072:16596:16627 [2] NCCL INFO NET/IB : Using [0]mlx4_0:1/IB [RO]; OOB ib0:192.168.44.114<0>
c196-072:16596:16627 [2] NCCL INFO Using network IB
c196-072:16597:16628 [3] NCCL INFO NET/IB : Using [0]mlx4_0:1/IB [RO]; OOB ib0:192.168.44.114<0>
c196-072:16597:16628 [3] NCCL INFO Using network IB
c196-072:16594:16629 [0] NCCL INFO NET/IB : Using [0]mlx4_0:1/IB [RO]; OOB ib0:192.168.44.114<0>
c196-072:16594:16629 [0] NCCL INFO Using network IB
c196-071:16209:16241 [3] NCCL INFO NET/IB : Using [0]mlx4_0:1/IB [RO]; OOB ib0:192.168.44.113<0>
c196-071:16209:16241 [3] NCCL INFO Using network IB
c196-071:16206:16242 [0] NCCL INFO NET/IB : Using [0]mlx4_0:1/IB [RO]; OOB ib0:192.168.44.113<0>
c196-071:16206:16242 [0] NCCL INFO Using network IB
c196-102:25016:25049 [2] NCCL INFO NET/IB : Using [0]mlx4_0:1/IB [RO]; OOB ib0:192.168.44.120<0>
c196-102:25016:25049 [2] NCCL INFO Using network IB
c196-102:25014:25050 [0] NCCL INFO NET/IB : Using [0]mlx4_0:1/IB [RO]; OOB ib0:192.168.44.120<0>
c196-102:25014:25050 [0] NCCL INFO Using network IB
c196-072:16595:16632 [1] NCCL INFO NET/IB : Using [0]mlx4_0:1/IB [RO]; OOB ib0:192.168.44.114<0>
c196-072:16595:16632 [1] NCCL INFO Using network IB
c196-091:14561:14593 [2] NCCL INFO NET/IB : Using [0]mlx4_0:1/IB [RO]; OOB ib0:192.168.44.117<0>
c196-091:14561:14593 [2] NCCL INFO Using network IB
c196-091:14562:14592 [3] NCCL INFO NET/IB : Using [0]mlx4_0:1/IB [RO]; OOB ib0:192.168.44.117<0>
c196-091:14562:14592 [3] NCCL INFO Using network IB
c196-102:25017:25053 [3] NCCL INFO NET/IB : Using [0]mlx4_0:1/IB [RO]; OOB ib0:192.168.44.120<0>
c196-102:25017:25053 [3] NCCL INFO Using network IB
c196-071:16208:16240 [2] NCCL INFO NET/IB : Using [0]mlx4_0:1/IB [RO]; OOB ib0:192.168.44.113<0>
c196-071:16208:16240 [2] NCCL INFO Using network IB
c196-091:14560:14594 [1] NCCL INFO NET/IB : Using [0]mlx4_0:1/IB [RO]; OOB ib0:192.168.44.117<0>
c196-091:14560:14594 [1] NCCL INFO Using network IB
c196-091:14559:14595 [0] NCCL INFO NET/IB : Using [0]mlx4_0:1/IB [RO]; OOB ib0:192.168.44.117<0>
c196-091:14559:14595 [0] NCCL INFO Using network IB
c196-101:1323:1354 [2] NCCL INFO NET/IB : Using [0]mlx4_0:1/IB [RO]; OOB ib0:192.168.44.119<0>
c196-101:1323:1354 [2] NCCL INFO Using network IB
c196-101:1324:1356 [3] NCCL INFO NET/IB : Using [0]mlx4_0:1/IB [RO]; OOB ib0:192.168.44.119<0>
c196-101:1324:1356 [3] NCCL INFO Using network IB
c196-092:24695:24730 [0] NCCL INFO NET/IB : Using [0]mlx4_0:1/IB [RO]; OOB ib0:192.168.44.118<0>
c196-092:24695:24730 [0] NCCL INFO Using network IB
c196-092:24698:24729 [3] NCCL INFO NET/IB : Using [0]mlx4_0:1/IB [RO]; OOB ib0:192.168.44.118<0>
c196-092:24698:24729 [3] NCCL INFO Using network IB
c196-092:24697:24728 [2] NCCL INFO NET/IB : Using [0]mlx4_0:1/IB [RO]; OOB ib0:192.168.44.118<0>
c196-092:24697:24728 [2] NCCL INFO Using network IB
c196-092:24696:24731 [1] NCCL INFO NET/IB : Using [0]mlx4_0:1/IB [RO]; OOB ib0:192.168.44.118<0>
c196-092:24696:24731 [1] NCCL INFO Using network IB
c196-101:1320:1358 [0] NCCL INFO NET/IB : Using [0]mlx4_0:1/IB [RO]; OOB ib0:192.168.44.119<0>
c196-101:1320:1358 [0] NCCL INFO Using network IB
c196-071:16207:16243 [1] NCCL INFO NET/IB : Using [0]mlx4_0:1/IB [RO]; OOB ib0:192.168.44.113<0>
c196-071:16207:16243 [1] NCCL INFO Using network IB
c196-101:1321:1360 [1] NCCL INFO NET/IB : Using [0]mlx4_0:1/IB [RO]; OOB ib0:192.168.44.119<0>
c196-101:1321:1360 [1] NCCL INFO Using network IB
c196-071:16206:16242 [0] NCCL INFO Setting affinity for GPU 0 to 0f000f
c196-071:16207:16243 [1] NCCL INFO Setting affinity for GPU 1 to f000f0
c196-071:16208:16240 [2] NCCL INFO Setting affinity for GPU 2 to 0f000f00
c196-071:16209:16241 [3] NCCL INFO Setting affinity for GPU 3 to f000f000
c196-102:25017:25053 [3] NCCL INFO Setting affinity for GPU 3 to f000f000
c196-091:14561:14593 [2] NCCL INFO Setting affinity for GPU 2 to 0f000f00
c196-081:11161:11198 [1] NCCL INFO Setting affinity for GPU 1 to f0
c196-072:16594:16629 [0] NCCL INFO Setting affinity for GPU 0 to 0f000f
c196-101:1324:1356 [3] NCCL INFO Setting affinity for GPU 3 to f000f000
c196-092:24697:24728 [2] NCCL INFO Setting affinity for GPU 2 to 0f000f00
c196-092:24696:24731 [1] NCCL INFO Setting affinity for GPU 1 to f000f0
c196-082:4250:4284 [0] NCCL INFO Setting affinity for GPU 0 to 0f000f
c196-082:4251:4286 [1] NCCL INFO Setting affinity for GPU 1 to f000f0
c196-091:14559:14595 [0] NCCL INFO Setting affinity for GPU 0 to 0f000f
c196-091:14562:14592 [3] NCCL INFO Setting affinity for GPU 3 to f000f000
c196-082:4253:4282 [3] NCCL INFO Setting affinity for GPU 3 to f000f000
c196-082:4252:4285 [2] NCCL INFO Setting affinity for GPU 2 to 0f000f00
c196-102:25015:25047 [1] NCCL INFO Setting affinity for GPU 1 to f000f0
c196-102:25016:25049 [2] NCCL INFO Setting affinity for GPU 2 to 0f000f00
c196-091:14560:14594 [1] NCCL INFO Setting affinity for GPU 1 to f000f0
c196-102:25014:25050 [0] NCCL INFO Setting affinity for GPU 0 to 0f000f
c196-081:11160:11195 [0] NCCL INFO Setting affinity for GPU 0 to 0f
c196-072:16595:16632 [1] NCCL INFO Setting affinity for GPU 1 to f000f0
c196-092:24695:24730 [0] NCCL INFO Setting affinity for GPU 0 to 0f000f
c196-101:1320:1358 [0] NCCL INFO Setting affinity for GPU 0 to 0f000f
c196-101:1321:1360 [1] NCCL INFO Setting affinity for GPU 1 to f000f0
c196-101:1323:1354 [2] NCCL INFO Setting affinity for GPU 2 to 0f000f00
c196-092:24698:24729 [3] NCCL INFO Setting affinity for GPU 3 to f000f000
c196-081:11163:11192 [3] NCCL INFO Setting affinity for GPU 3 to f000
c196-072:16597:16628 [3] NCCL INFO Setting affinity for GPU 3 to f000f000
c196-081:11162:11194 [2] NCCL INFO Setting affinity for GPU 2 to 0f00
c196-072:16596:16627 [2] NCCL INFO Setting affinity for GPU 2 to 0f000f00
c196-071:16209:16241 [3] NCCL INFO Trees [0] -1/-1/-1->3->2 [1] -1/-1/-1->3->2
c196-071:16209:16241 [3] NCCL INFO P2P Chunksize set to 131072
c196-072:16596:16627 [2] NCCL INFO Trees [0] 7/-1/-1->6->5 [1] 7/-1/-1->6->5
c196-072:16596:16627 [2] NCCL INFO P2P Chunksize set to 131072
c196-071:16207:16243 [1] NCCL INFO Trees [0] 2/-1/-1->1->0 [1] 2/-1/-1->1->0
c196-071:16207:16243 [1] NCCL INFO P2P Chunksize set to 131072
c196-072:16595:16632 [1] NCCL INFO Trees [0] 6/-1/-1->5->4 [1] 6/8/-1->5->4
c196-072:16595:16632 [1] NCCL INFO P2P Chunksize set to 131072
c196-071:16208:16240 [2] NCCL INFO Trees [0] 3/-1/-1->2->1 [1] 3/-1/-1->2->1
c196-071:16208:16240 [2] NCCL INFO P2P Chunksize set to 131072
c196-081:11160:11195 [0] NCCL INFO Trees [0] 9/12/-1->8->17 [1] 9/-1/-1->8->5
c196-081:11160:11195 [0] NCCL INFO P2P Chunksize set to 131072
c196-072:16594:16629 [0] NCCL INFO Trees [0] 5/-1/-1->4->9 [1] 5/0/-1->4->12
c196-072:16594:16629 [0] NCCL INFO P2P Chunksize set to 131072
c196-101:1323:1354 [2] NCCL INFO Trees [0] 27/-1/-1->26->25 [1] 27/-1/-1->26->25
c196-101:1323:1354 [2] NCCL INFO P2P Chunksize set to 131072
c196-102:25017:25053 [3] NCCL INFO Trees [0] -1/-1/-1->31->30 [1] -1/-1/-1->31->30
c196-102:25017:25053 [3] NCCL INFO P2P Chunksize set to 131072
c196-071:16206:16242 [0] NCCL INFO Channel 00/02 :    0   1   2   3   4   5   6   7   8   9  10  11  12  13  14  15  16  17  18  19
c196-072:16597:16628 [3] NCCL INFO Trees [0] -1/-1/-1->7->6 [1] -1/-1/-1->7->6
c196-082:4253:4282 [3] NCCL INFO Trees [0] -1/-1/-1->15->14 [1] -1/-1/-1->15->14
c196-082:4253:4282 [3] NCCL INFO P2P Chunksize set to 131072
c196-091:14562:14592 [3] NCCL INFO Trees [0] -1/-1/-1->19->18 [1] -1/-1/-1->19->18
c196-091:14562:14592 [3] NCCL INFO P2P Chunksize set to 131072
c196-092:24695:24730 [0] NCCL INFO Trees [0] 21/-1/-1->20->25 [1] 21/16/-1->20->13
c196-092:24695:24730 [0] NCCL INFO P2P Chunksize set to 131072
c196-101:1324:1356 [3] NCCL INFO Trees [0] -1/-1/-1->27->26 [1] -1/-1/-1->27->26
c196-101:1324:1356 [3] NCCL INFO P2P Chunksize set to 131072
c196-102:25016:25049 [2] NCCL INFO Trees [0] 31/-1/-1->30->29 [1] 31/-1/-1->30->29
c196-102:25016:25049 [2] NCCL INFO P2P Chunksize set to 131072
c196-071:16206:16242 [0] NCCL INFO Channel 01/02 :    0   1   2   3   4   5   6   7   8   9  10  11  12  13  14  15  16  17  18  19
c196-081:11162:11194 [2] NCCL INFO Trees [0] 11/-1/-1->10->9 [1] 11/-1/-1->10->9
c196-081:11162:11194 [2] NCCL INFO P2P Chunksize set to 131072
c196-072:16597:16628 [3] NCCL INFO P2P Chunksize set to 131072
c196-082:4250:4284 [0] NCCL INFO Trees [0] 13/-1/-1->12->8 [1] 13/4/-1->12->28
c196-091:14561:14593 [2] NCCL INFO Trees [0] 19/-1/-1->18->17 [1] 19/-1/-1->18->17
c196-091:14561:14593 [2] NCCL INFO P2P Chunksize set to 131072
c196-092:24696:24731 [1] NCCL INFO Trees [0] 22/-1/-1->21->20 [1] 22/24/-1->21->20
c196-092:24696:24731 [1] NCCL INFO P2P Chunksize set to 131072
c196-101:1320:1358 [0] NCCL INFO Trees [0] 25/28/-1->24->16 [1] 25/-1/-1->24->21
c196-101:1320:1358 [0] NCCL INFO P2P Chunksize set to 131072
c196-102:25015:25047 [1] NCCL INFO Trees [0] 30/-1/-1->29->28 [1] 30/-1/-1->29->28
c196-102:25015:25047 [1] NCCL INFO P2P Chunksize set to 131072
c196-071:16206:16242 [0] NCCL INFO Trees [0] 1/16/-1->0->-1 [1] 1/-1/-1->0->4
c196-071:16206:16242 [0] NCCL INFO P2P Chunksize set to 131072
c196-081:11163:11192 [3] NCCL INFO Trees [0] -1/-1/-1->11->10 [1] -1/-1/-1->11->10
c196-081:11163:11192 [3] NCCL INFO P2P Chunksize set to 131072
c196-082:4251:4286 [1] NCCL INFO Trees [0] 14/-1/-1->13->12 [1] 14/20/-1->13->12
c196-082:4251:4286 [1] NCCL INFO P2P Chunksize set to 131072
c196-091:14560:14594 [1] NCCL INFO Trees [0] 18/8/-1->17->16 [1] 18/-1/-1->17->16
c196-091:14560:14594 [1] NCCL INFO P2P Chunksize set to 131072
c196-092:24697:24728 [2] NCCL INFO Trees [0] 23/-1/-1->22->21 [1] 23/-1/-1->22->21
c196-092:24697:24728 [2] NCCL INFO P2P Chunksize set to 131072
c196-101:1321:1360 [1] NCCL INFO Trees [0] 26/20/-1->25->24 [1] 26/-1/-1->25->24
c196-101:1321:1360 [1] NCCL INFO P2P Chunksize set to 131072
c196-102:25014:25050 [0] NCCL INFO Trees [0] 29/-1/-1->28->24 [1] 29/12/-1->28->-1
c196-081:11161:11198 [1] NCCL INFO Trees [0] 10/4/-1->9->8 [1] 10/-1/-1->9->8
c196-081:11161:11198 [1] NCCL INFO P2P Chunksize set to 131072
c196-082:4252:4285 [2] NCCL INFO Trees [0] 15/-1/-1->14->13 [1] 15/-1/-1->14->13
c196-082:4252:4285 [2] NCCL INFO P2P Chunksize set to 131072
c196-091:14559:14595 [0] NCCL INFO Trees [0] 17/24/-1->16->0 [1] 17/-1/-1->16->20
c196-091:14559:14595 [0] NCCL INFO P2P Chunksize set to 131072
c196-092:24698:24729 [3] NCCL INFO Trees [0] -1/-1/-1->23->22 [1] -1/-1/-1->23->22
c196-092:24698:24729 [3] NCCL INFO P2P Chunksize set to 131072
c196-102:25014:25050 [0] NCCL INFO P2P Chunksize set to 131072
c196-082:4250:4284 [0] NCCL INFO P2P Chunksize set to 131072
c196-081:11161:11198 [1] NCCL INFO Channel 00 : 9[3000] -> 10[82000] via SHM/direct/direct
c196-071:16207:16243 [1] NCCL INFO Channel 00 : 1[3000] -> 2[82000] via SHM/direct/direct
c196-081:11161:11198 [1] NCCL INFO Channel 01 : 9[3000] -> 10[82000] via SHM/direct/direct
c196-072:16595:16632 [1] NCCL INFO Channel 00 : 5[3000] -> 6[82000] via SHM/direct/direct
c196-071:16207:16243 [1] NCCL INFO Channel 01 : 1[3000] -> 2[82000] via SHM/direct/direct
c196-072:16595:16632 [1] NCCL INFO Channel 01 : 5[3000] -> 6[82000] via SHM/direct/direct
c196-082:4251:4286 [1] NCCL INFO Channel 00 : 13[3000] -> 14[82000] via SHM/direct/direct
c196-092:24696:24731 [1] NCCL INFO Channel 00 : 21[3000] -> 22[82000] via SHM/direct/direct
c196-082:4251:4286 [1] NCCL INFO Channel 01 : 13[3000] -> 14[82000] via SHM/direct/direct
c196-091:14560:14594 [1] NCCL INFO Channel 00 : 17[3000] -> 18[82000] via SHM/direct/direct
c196-092:24696:24731 [1] NCCL INFO Channel 01 : 21[3000] -> 22[82000] via SHM/direct/direct
c196-101:1321:1360 [1] NCCL INFO Channel 00 : 25[3000] -> 26[82000] via SHM/direct/direct
c196-102:25015:25047 [1] NCCL INFO Channel 00 : 29[3000] -> 30[82000] via SHM/direct/direct
c196-081:11162:11194 [2] NCCL INFO Channel 00 : 10[82000] -> 11[83000] via SHM/direct/direct
c196-072:16596:16627 [2] NCCL INFO Channel 00 : 6[82000] -> 7[83000] via SHM/direct/direct
c196-101:1321:1360 [1] NCCL INFO Channel 01 : 25[3000] -> 26[82000] via SHM/direct/direct
c196-102:25015:25047 [1] NCCL INFO Channel 01 : 29[3000] -> 30[82000] via SHM/direct/direct
c196-081:11162:11194 [2] NCCL INFO Channel 01 : 10[82000] -> 11[83000] via SHM/direct/direct
c196-072:16596:16627 [2] NCCL INFO Channel 01 : 6[82000] -> 7[83000] via SHM/direct/direct
c196-082:4252:4285 [2] NCCL INFO Channel 00 : 14[82000] -> 15[83000] via SHM/direct/direct
c196-091:14560:14594 [1] NCCL INFO Channel 01 : 17[3000] -> 18[82000] via SHM/direct/direct
c196-092:24697:24728 [2] NCCL INFO Channel 00 : 22[82000] -> 23[83000] via SHM/direct/direct
c196-102:25016:25049 [2] NCCL INFO Channel 00 : 30[82000] -> 31[83000] via SHM/direct/direct
c196-071:16208:16240 [2] NCCL INFO Channel 00 : 2[82000] -> 3[83000] via SHM/direct/direct
c196-091:14561:14593 [2] NCCL INFO Channel 00 : 18[82000] -> 19[83000] via SHM/direct/direct
c196-092:24697:24728 [2] NCCL INFO Channel 01 : 22[82000] -> 23[83000] via SHM/direct/direct
c196-101:1323:1354 [2] NCCL INFO Channel 00 : 26[82000] -> 27[83000] via SHM/direct/direct
c196-102:25016:25049 [2] NCCL INFO Channel 01 : 30[82000] -> 31[83000] via SHM/direct/direct
c196-071:16208:16240 [2] NCCL INFO Channel 01 : 2[82000] -> 3[83000] via SHM/direct/direct
c196-082:4252:4285 [2] NCCL INFO Channel 01 : 14[82000] -> 15[83000] via SHM/direct/direct
c196-091:14561:14593 [2] NCCL INFO Channel 01 : 18[82000] -> 19[83000] via SHM/direct/direct
c196-101:1323:1354 [2] NCCL INFO Channel 01 : 26[82000] -> 27[83000] via SHM/direct/direct
c196-081:11160:11195 [0] NCCL INFO Channel 00/0 : 7[83000] -> 8[2000] [receive] via NET/IB/0
c196-072:16594:16629 [0] NCCL INFO Channel 00/0 : 3[83000] -> 4[2000] [receive] via NET/IB/0
c196-092:24695:24730 [0] NCCL INFO Channel 00/0 : 19[83000] -> 20[2000] [receive] via NET/IB/0
c196-082:4250:4284 [0] NCCL INFO Channel 00/0 : 11[83000] -> 12[2000] [receive] via NET/IB/0
c196-102:25014:25050 [0] NCCL INFO Channel 00/0 : 27[83000] -> 28[2000] [receive] via NET/IB/0
c196-091:14559:14595 [0] NCCL INFO Channel 00/0 : 15[83000] -> 16[2000] [receive] via NET/IB/0
c196-101:1320:1358 [0] NCCL INFO Channel 00/0 : 23[83000] -> 24[2000] [receive] via NET/IB/0
c196-071:16206:16242 [0] NCCL INFO Channel 00/0 : 31[83000] -> 0[2000] [receive] via NET/IB/0
c196-081:11163:11192 [3] NCCL INFO Channel 00/0 : 11[83000] -> 12[2000] [send] via NET/IB/0
c196-071:16209:16241 [3] NCCL INFO Channel 00/0 : 3[83000] -> 4[2000] [send] via NET/IB/0
c196-082:4253:4282 [3] NCCL INFO Channel 00/0 : 15[83000] -> 16[2000] [send] via NET/IB/0
c196-091:14562:14592 [3] NCCL INFO Channel 00/0 : 19[83000] -> 20[2000] [send] via NET/IB/0
c196-102:25017:25053 [3] NCCL INFO Channel 00/0 : 31[83000] -> 0[2000] [send] via NET/IB/0
c196-101:1324:1356 [3] NCCL INFO Channel 00/0 : 27[83000] -> 28[2000] [send] via NET/IB/0
c196-072:16597:16628 [3] NCCL INFO Channel 00/0 : 7[83000] -> 8[2000] [send] via NET/IB/0
c196-092:24698:24729 [3] NCCL INFO Channel 00/0 : 23[83000] -> 24[2000] [send] via NET/IB/0
c196-081:11160:11195 [0] NCCL INFO Channel 01/0 : 7[83000] -> 8[2000] [receive] via NET/IB/0
c196-081:11160:11195 [0] NCCL INFO Channel 00 : 8[2000] -> 9[3000] via SHM/direct/direct
c196-081:11160:11195 [0] NCCL INFO Channel 01 : 8[2000] -> 9[3000] via SHM/direct/direct
c196-072:16594:16629 [0] NCCL INFO Channel 01/0 : 3[83000] -> 4[2000] [receive] via NET/IB/0
c196-092:24695:24730 [0] NCCL INFO Channel 01/0 : 19[83000] -> 20[2000] [receive] via NET/IB/0
c196-072:16594:16629 [0] NCCL INFO Channel 00 : 4[2000] -> 5[3000] via SHM/direct/direct
c196-092:24695:24730 [0] NCCL INFO Channel 00 : 20[2000] -> 21[3000] via SHM/direct/direct
c196-072:16594:16629 [0] NCCL INFO Channel 01 : 4[2000] -> 5[3000] via SHM/direct/direct
c196-092:24695:24730 [0] NCCL INFO Channel 01 : 20[2000] -> 21[3000] via SHM/direct/direct
c196-082:4250:4284 [0] NCCL INFO Channel 01/0 : 11[83000] -> 12[2000] [receive] via NET/IB/0
c196-091:14559:14595 [0] NCCL INFO Channel 01/0 : 15[83000] -> 16[2000] [receive] via NET/IB/0
c196-102:25014:25050 [0] NCCL INFO Channel 01/0 : 27[83000] -> 28[2000] [receive] via NET/IB/0
c196-101:1320:1358 [0] NCCL INFO Channel 01/0 : 23[83000] -> 24[2000] [receive] via NET/IB/0
c196-091:14559:14595 [0] NCCL INFO Channel 00 : 16[2000] -> 17[3000] via SHM/direct/direct
c196-102:25014:25050 [0] NCCL INFO Channel 00 : 28[2000] -> 29[3000] via SHM/direct/direct
c196-082:4250:4284 [0] NCCL INFO Channel 00 : 12[2000] -> 13[3000] via SHM/direct/direct
c196-091:14559:14595 [0] NCCL INFO Channel 01 : 16[2000] -> 17[3000] via SHM/direct/direct
c196-101:1320:1358 [0] NCCL INFO Channel 00 : 24[2000] -> 25[3000] via SHM/direct/direct
c196-082:4250:4284 [0] NCCL INFO Channel 01 : 12[2000] -> 13[3000] via SHM/direct/direct
c196-102:25014:25050 [0] NCCL INFO Channel 01 : 28[2000] -> 29[3000] via SHM/direct/direct
c196-101:1320:1358 [0] NCCL INFO Channel 01 : 24[2000] -> 25[3000] via SHM/direct/direct
c196-071:16206:16242 [0] NCCL INFO Channel 01/0 : 31[83000] -> 0[2000] [receive] via NET/IB/0
c196-071:16206:16242 [0] NCCL INFO Channel 00 : 0[2000] -> 1[3000] via SHM/direct/direct
c196-071:16206:16242 [0] NCCL INFO Channel 01 : 0[2000] -> 1[3000] via SHM/direct/direct
c196-081:11161:11198 [1] NCCL INFO Connected all rings
c196-072:16595:16632 [1] NCCL INFO Connected all rings
c196-082:4251:4286 [1] NCCL INFO Connected all rings
c196-092:24696:24731 [1] NCCL INFO Connected all rings
c196-091:14560:14594 [1] NCCL INFO Connected all rings
c196-101:1321:1360 [1] NCCL INFO Connected all rings
c196-102:25015:25047 [1] NCCL INFO Connected all rings
c196-071:16207:16243 [1] NCCL INFO Connected all rings
c196-081:11163:11192 [3] NCCL INFO Channel 01/0 : 11[83000] -> 12[2000] [send] via NET/IB/0
c196-071:16209:16241 [3] NCCL INFO Channel 01/0 : 3[83000] -> 4[2000] [send] via NET/IB/0
c196-082:4253:4282 [3] NCCL INFO Channel 01/0 : 15[83000] -> 16[2000] [send] via NET/IB/0
c196-091:14562:14592 [3] NCCL INFO Channel 01/0 : 19[83000] -> 20[2000] [send] via NET/IB/0
c196-102:25017:25053 [3] NCCL INFO Channel 01/0 : 31[83000] -> 0[2000] [send] via NET/IB/0
c196-072:16597:16628 [3] NCCL INFO Channel 01/0 : 7[83000] -> 8[2000] [send] via NET/IB/0
c196-101:1324:1356 [3] NCCL INFO Channel 01/0 : 27[83000] -> 28[2000] [send] via NET/IB/0
c196-092:24698:24729 [3] NCCL INFO Channel 01/0 : 23[83000] -> 24[2000] [send] via NET/IB/0
c196-081:11162:11194 [2] NCCL INFO Connected all rings
c196-082:4252:4285 [2] NCCL INFO Connected all rings
c196-091:14561:14593 [2] NCCL INFO Connected all rings
c196-072:16596:16627 [2] NCCL INFO Connected all rings
c196-102:25016:25049 [2] NCCL INFO Connected all rings
c196-092:24697:24728 [2] NCCL INFO Connected all rings
c196-071:16208:16240 [2] NCCL INFO Connected all rings
c196-101:1323:1354 [2] NCCL INFO Connected all rings
c196-071:16207:16243 [1] NCCL INFO Channel 00 : 1[3000] -> 0[2000] via SHM/direct/direct
c196-102:25015:25047 [1] NCCL INFO Channel 00 : 29[3000] -> 28[2000] via SHM/direct/direct
c196-071:16207:16243 [1] NCCL INFO Channel 01 : 1[3000] -> 0[2000] via SHM/direct/direct
c196-102:25015:25047 [1] NCCL INFO Channel 01 : 29[3000] -> 28[2000] via SHM/direct/direct
c196-072:16596:16627 [2] NCCL INFO Channel 00 : 6[82000] -> 5[3000] via SHM/direct/direct
c196-072:16596:16627 [2] NCCL INFO Channel 01 : 6[82000] -> 5[3000] via SHM/direct/direct
c196-082:4250:4284 [0] NCCL INFO Connected all rings
c196-071:16209:16241 [3] NCCL INFO Connected all rings
c196-072:16594:16629 [0] NCCL INFO Connected all rings
c196-091:14559:14595 [0] NCCL INFO Connected all rings
c196-071:16209:16241 [3] NCCL INFO Channel 00 : 3[83000] -> 2[82000] via SHM/direct/direct
c196-081:11162:11194 [2] NCCL INFO Channel 00 : 10[82000] -> 9[3000] via SHM/direct/direct
c196-071:16206:16242 [0] NCCL INFO Connected all rings
c196-081:11163:11192 [3] NCCL INFO Connected all rings
c196-082:4252:4285 [2] NCCL INFO Channel 00 : 14[82000] -> 13[3000] via SHM/direct/direct
c196-071:16209:16241 [3] NCCL INFO Channel 01 : 3[83000] -> 2[82000] via SHM/direct/direct
c196-081:11162:11194 [2] NCCL INFO Channel 01 : 10[82000] -> 9[3000] via SHM/direct/direct
c196-071:16208:16240 [2] NCCL INFO Channel 00 : 2[82000] -> 1[3000] via SHM/direct/direct
c196-082:4252:4285 [2] NCCL INFO Channel 01 : 14[82000] -> 13[3000] via SHM/direct/direct
c196-081:11163:11192 [3] NCCL INFO Channel 00 : 11[83000] -> 10[82000] via SHM/direct/direct
c196-082:4253:4282 [3] NCCL INFO Connected all rings
c196-081:11160:11195 [0] NCCL INFO Connected all rings
c196-091:14562:14592 [3] NCCL INFO Connected all rings
c196-081:11163:11192 [3] NCCL INFO Channel 01 : 11[83000] -> 10[82000] via SHM/direct/direct
c196-102:25016:25049 [2] NCCL INFO Channel 00 : 30[82000] -> 29[3000] via SHM/direct/direct
c196-071:16208:16240 [2] NCCL INFO Channel 01 : 2[82000] -> 1[3000] via SHM/direct/direct
c196-082:4253:4282 [3] NCCL INFO Channel 00 : 15[83000] -> 14[82000] via SHM/direct/direct
c196-102:25017:25053 [3] NCCL INFO Connected all rings
c196-102:25016:25049 [2] NCCL INFO Channel 01 : 30[82000] -> 29[3000] via SHM/direct/direct
c196-072:16597:16628 [3] NCCL INFO Connected all rings
c196-082:4253:4282 [3] NCCL INFO Channel 01 : 15[83000] -> 14[82000] via SHM/direct/direct
c196-092:24695:24730 [0] NCCL INFO Connected all rings
c196-102:25014:25050 [0] NCCL INFO Connected all rings
c196-092:24697:24728 [2] NCCL INFO Channel 00 : 22[82000] -> 21[3000] via SHM/direct/direct
c196-101:1324:1356 [3] NCCL INFO Connected all rings
c196-102:25017:25053 [3] NCCL INFO Channel 00 : 31[83000] -> 30[82000] via SHM/direct/direct
c196-092:24697:24728 [2] NCCL INFO Channel 01 : 22[82000] -> 21[3000] via SHM/direct/direct
c196-101:1320:1358 [0] NCCL INFO Connected all rings
c196-072:16597:16628 [3] NCCL INFO Channel 00 : 7[83000] -> 6[82000] via SHM/direct/direct
c196-092:24698:24729 [3] NCCL INFO Connected all rings
c196-101:1323:1354 [2] NCCL INFO Channel 00 : 26[82000] -> 25[3000] via SHM/direct/direct
c196-092:24698:24729 [3] NCCL INFO Channel 00 : 23[83000] -> 22[82000] via SHM/direct/direct
c196-101:1324:1356 [3] NCCL INFO Channel 00 : 27[83000] -> 26[82000] via SHM/direct/direct
c196-102:25017:25053 [3] NCCL INFO Channel 01 : 31[83000] -> 30[82000] via SHM/direct/direct
c196-072:16597:16628 [3] NCCL INFO Channel 01 : 7[83000] -> 6[82000] via SHM/direct/direct
c196-101:1323:1354 [2] NCCL INFO Channel 01 : 26[82000] -> 25[3000] via SHM/direct/direct
c196-092:24698:24729 [3] NCCL INFO Channel 01 : 23[83000] -> 22[82000] via SHM/direct/direct
c196-101:1324:1356 [3] NCCL INFO Channel 01 : 27[83000] -> 26[82000] via SHM/direct/direct
c196-091:14561:14593 [2] NCCL INFO Channel 00 : 18[82000] -> 17[3000] via SHM/direct/direct
c196-091:14562:14592 [3] NCCL INFO Channel 00 : 19[83000] -> 18[82000] via SHM/direct/direct
c196-091:14561:14593 [2] NCCL INFO Channel 01 : 18[82000] -> 17[3000] via SHM/direct/direct
c196-091:14562:14592 [3] NCCL INFO Channel 01 : 19[83000] -> 18[82000] via SHM/direct/direct
c196-081:11163:11192 [3] NCCL INFO Connected all trees
c196-081:11163:11192 [3] NCCL INFO NCCL_NTHREADS set by environment to 256.
c196-081:11163:11192 [3] NCCL INFO NCCL_PROTO set by environment to Simple
c196-081:11163:11192 [3] NCCL INFO NCCL_ALGO set by environment to Ring
c196-081:11163:11192 [3] NCCL INFO threadThresholds 8/8/64 | 256/8/64 | 512 | 512
c196-081:11163:11192 [3] NCCL INFO 2 coll channels, 0 nvls channels, 2 p2p channels, 2 p2p channels per peer
c196-082:4253:4282 [3] NCCL INFO Connected all trees
c196-082:4253:4282 [3] NCCL INFO NCCL_NTHREADS set by environment to 256.
c196-082:4253:4282 [3] NCCL INFO NCCL_PROTO set by environment to Simple
c196-082:4253:4282 [3] NCCL INFO NCCL_ALGO set by environment to Ring
c196-082:4253:4282 [3] NCCL INFO threadThresholds 8/8/64 | 256/8/64 | 512 | 512
c196-082:4253:4282 [3] NCCL INFO 2 coll channels, 0 nvls channels, 2 p2p channels, 2 p2p channels per peer
c196-092:24698:24729 [3] NCCL INFO Connected all trees
c196-092:24698:24729 [3] NCCL INFO NCCL_NTHREADS set by environment to 256.
c196-092:24698:24729 [3] NCCL INFO NCCL_PROTO set by environment to Simple
c196-092:24698:24729 [3] NCCL INFO NCCL_ALGO set by environment to Ring
c196-092:24698:24729 [3] NCCL INFO threadThresholds 8/8/64 | 256/8/64 | 512 | 512
c196-071:16209:16241 [3] NCCL INFO Connected all trees
c196-092:24698:24729 [3] NCCL INFO 2 coll channels, 0 nvls channels, 2 p2p channels, 2 p2p channels per peer
c196-071:16209:16241 [3] NCCL INFO NCCL_NTHREADS set by environment to 256.
c196-071:16209:16241 [3] NCCL INFO NCCL_PROTO set by environment to Simple
c196-071:16209:16241 [3] NCCL INFO NCCL_ALGO set by environment to Ring
c196-071:16209:16241 [3] NCCL INFO threadThresholds 8/8/64 | 256/8/64 | 512 | 512
c196-102:25017:25053 [3] NCCL INFO Connected all trees
c196-071:16209:16241 [3] NCCL INFO 2 coll channels, 0 nvls channels, 2 p2p channels, 2 p2p channels per peer
c196-072:16597:16628 [3] NCCL INFO Connected all trees
c196-072:16597:16628 [3] NCCL INFO NCCL_NTHREADS set by environment to 256.
c196-102:25017:25053 [3] NCCL INFO NCCL_NTHREADS set by environment to 256.
c196-072:16597:16628 [3] NCCL INFO NCCL_PROTO set by environment to Simple
c196-072:16597:16628 [3] NCCL INFO NCCL_ALGO set by environment to Ring
c196-072:16597:16628 [3] NCCL INFO threadThresholds 8/8/64 | 256/8/64 | 512 | 512
c196-101:1324:1356 [3] NCCL INFO Connected all trees
c196-102:25017:25053 [3] NCCL INFO NCCL_PROTO set by environment to Simple
c196-072:16597:16628 [3] NCCL INFO 2 coll channels, 0 nvls channels, 2 p2p channels, 2 p2p channels per peer
c196-101:1324:1356 [3] NCCL INFO NCCL_NTHREADS set by environment to 256.
c196-102:25017:25053 [3] NCCL INFO NCCL_ALGO set by environment to Ring
c196-102:25017:25053 [3] NCCL INFO threadThresholds 8/8/64 | 256/8/64 | 512 | 512
c196-101:1324:1356 [3] NCCL INFO NCCL_PROTO set by environment to Simple
c196-102:25017:25053 [3] NCCL INFO 2 coll channels, 0 nvls channels, 2 p2p channels, 2 p2p channels per peer
c196-101:1324:1356 [3] NCCL INFO NCCL_ALGO set by environment to Ring
c196-101:1324:1356 [3] NCCL INFO threadThresholds 8/8/64 | 256/8/64 | 512 | 512
c196-102:25016:25049 [2] NCCL INFO Connected all trees
c196-101:1324:1356 [3] NCCL INFO 2 coll channels, 0 nvls channels, 2 p2p channels, 2 p2p channels per peer
c196-102:25016:25049 [2] NCCL INFO NCCL_NTHREADS set by environment to 256.
c196-102:25016:25049 [2] NCCL INFO NCCL_PROTO set by environment to Simple
c196-071:16208:16240 [2] NCCL INFO Connected all trees
c196-102:25016:25049 [2] NCCL INFO NCCL_ALGO set by environment to Ring
c196-102:25016:25049 [2] NCCL INFO threadThresholds 8/8/64 | 256/8/64 | 512 | 512
c196-071:16208:16240 [2] NCCL INFO NCCL_NTHREADS set by environment to 256.
c196-102:25016:25049 [2] NCCL INFO 2 coll channels, 0 nvls channels, 2 p2p channels, 2 p2p channels per peer
c196-071:16208:16240 [2] NCCL INFO NCCL_PROTO set by environment to Simple
c196-071:16208:16240 [2] NCCL INFO NCCL_ALGO set by environment to Ring
c196-071:16208:16240 [2] NCCL INFO threadThresholds 8/8/64 | 256/8/64 | 512 | 512
c196-071:16208:16240 [2] NCCL INFO 2 coll channels, 0 nvls channels, 2 p2p channels, 2 p2p channels per peer
c196-091:14562:14592 [3] NCCL INFO Connected all trees
c196-091:14562:14592 [3] NCCL INFO NCCL_NTHREADS set by environment to 256.
c196-091:14562:14592 [3] NCCL INFO NCCL_PROTO set by environment to Simple
c196-091:14562:14592 [3] NCCL INFO NCCL_ALGO set by environment to Ring
c196-091:14562:14592 [3] NCCL INFO threadThresholds 8/8/64 | 256/8/64 | 512 | 512
c196-091:14562:14592 [3] NCCL INFO 2 coll channels, 0 nvls channels, 2 p2p channels, 2 p2p channels per peer
c196-081:11161:11198 [1] NCCL INFO Channel 00/0 : 4[2000] -> 9[3000] [receive] via NET/IB/0
c196-072:16595:16632 [1] NCCL INFO Channel 01/0 : 5[3000] -> 8[2000] [send] via NET/IB/0
c196-092:24696:24731 [1] NCCL INFO Channel 01/0 : 21[3000] -> 24[2000] [send] via NET/IB/0
c196-082:4251:4286 [1] NCCL INFO Channel 01/0 : 13[3000] -> 20[2000] [send] via NET/IB/0
c196-091:14560:14594 [1] NCCL INFO Channel 00/0 : 8[2000] -> 17[3000] [receive] via NET/IB/0
c196-101:1321:1360 [1] NCCL INFO Channel 00/0 : 20[2000] -> 25[3000] [receive] via NET/IB/0
c196-082:4250:4284 [0] NCCL INFO Channel 00/0 : 8[2000] -> 12[2000] [receive] via NET/IB/0
c196-072:16594:16629 [0] NCCL INFO Channel 01/0 : 0[2000] -> 4[2000] [receive] via NET/IB/0
c196-071:16206:16242 [0] NCCL INFO Channel 01/0 : 0[2000] -> 4[2000] [send] via NET/IB/0
c196-091:14559:14595 [0] NCCL INFO Channel 01/0 : 16[2000] -> 20[2000] [send] via NET/IB/0
c196-092:24695:24730 [0] NCCL INFO Channel 01/0 : 16[2000] -> 20[2000] [receive] via NET/IB/0
c196-081:11160:11195 [0] NCCL INFO Channel 01/0 : 5[3000] -> 8[2000] [receive] via NET/IB/0
c196-102:25014:25050 [0] NCCL INFO Channel 00/0 : 24[2000] -> 28[2000] [receive] via NET/IB/0
c196-101:1320:1358 [0] NCCL INFO Channel 01/0 : 21[3000] -> 24[2000] [receive] via NET/IB/0
c196-072:16595:16632 [1] NCCL INFO Channel 01/0 : 8[2000] -> 5[3000] [receive] via NET/IB/0
c196-092:24696:24731 [1] NCCL INFO Channel 01/0 : 24[2000] -> 21[3000] [receive] via NET/IB/0
c196-072:16594:16629 [0] NCCL INFO Channel 00/0 : 4[2000] -> 9[3000] [send] via NET/IB/0
c196-071:16206:16242 [0] NCCL INFO Channel 00/0 : 16[2000] -> 0[2000] [receive] via NET/IB/0
c196-091:14559:14595 [0] NCCL INFO Channel 00/0 : 16[2000] -> 24[2000] [send] via NET/IB/0
c196-092:24695:24730 [0] NCCL INFO Channel 00/0 : 20[2000] -> 25[3000] [send] via NET/IB/0
c196-081:11160:11195 [0] NCCL INFO Channel 00/0 : 8[2000] -> 12[2000] [send] via NET/IB/0
c196-101:1320:1358 [0] NCCL INFO Channel 00/0 : 24[2000] -> 28[2000] [send] via NET/IB/0
c196-081:11161:11198 [1] NCCL INFO Channel 00/0 : 9[3000] -> 4[2000] [send] via NET/IB/0
c196-101:1321:1360 [1] NCCL INFO Channel 00/0 : 25[3000] -> 20[2000] [send] via NET/IB/0
c196-082:4250:4284 [0] NCCL INFO Channel 01/0 : 4[2000] -> 12[2000] [receive] via NET/IB/0
c196-102:25014:25050 [0] NCCL INFO Channel 01/0 : 12[2000] -> 28[2000] [receive] via NET/IB/0
c196-072:16594:16629 [0] NCCL INFO Channel 01/0 : 4[2000] -> 12[2000] [send] via NET/IB/0
c196-071:16206:16242 [0] NCCL INFO Channel 00/0 : 0[2000] -> 16[2000] [send] via NET/IB/0
c196-092:24695:24730 [0] NCCL INFO Channel 01/0 : 13[3000] -> 20[2000] [receive] via NET/IB/0
c196-081:11160:11195 [0] NCCL INFO Channel 00/0 : 8[2000] -> 17[3000] [send] via NET/IB/0
c196-101:1320:1358 [0] NCCL INFO Channel 00/0 : 16[2000] -> 24[2000] [receive] via NET/IB/0
c196-082:4251:4286 [1] NCCL INFO Channel 01/0 : 20[2000] -> 13[3000] [receive] via NET/IB/0
c196-091:14560:14594 [1] NCCL INFO Channel 00/0 : 17[3000] -> 8[2000] [send] via NET/IB/0
c196-102:25014:25050 [0] NCCL INFO Channel 01/0 : 28[2000] -> 12[2000] [send] via NET/IB/0
c196-091:14559:14595 [0] NCCL INFO Channel 00/0 : 0[2000] -> 16[2000] [receive] via NET/IB/0
c196-082:4250:4284 [0] NCCL INFO Channel 01/0 : 28[2000] -> 12[2000] [receive] via NET/IB/0
c196-072:16594:16629 [0] NCCL INFO Channel 01/0 : 12[2000] -> 4[2000] [receive] via NET/IB/0
c196-092:24695:24730 [0] NCCL INFO Channel 01/0 : 20[2000] -> 13[3000] [send] via NET/IB/0
c196-081:11160:11195 [0] NCCL INFO Channel 00/0 : 17[3000] -> 8[2000] [receive] via NET/IB/0
c196-101:1320:1358 [0] NCCL INFO Channel 00/0 : 24[2000] -> 16[2000] [send] via NET/IB/0
c196-091:14560:14594 [1] NCCL INFO Channel 00 : 17[3000] -> 16[2000] via SHM/direct/direct
c196-091:14560:14594 [1] NCCL INFO Channel 01 : 17[3000] -> 16[2000] via SHM/direct/direct
c196-082:4251:4286 [1] NCCL INFO Channel 00 : 13[3000] -> 12[2000] via SHM/direct/direct
c196-082:4251:4286 [1] NCCL INFO Channel 01 : 13[3000] -> 12[2000] via SHM/direct/direct
c196-091:14561:14593 [2] NCCL INFO Connected all trees
c196-091:14561:14593 [2] NCCL INFO NCCL_NTHREADS set by environment to 256.
c196-091:14561:14593 [2] NCCL INFO NCCL_PROTO set by environment to Simple
c196-091:14561:14593 [2] NCCL INFO NCCL_ALGO set by environment to Ring
c196-091:14561:14593 [2] NCCL INFO threadThresholds 8/8/64 | 256/8/64 | 512 | 512
c196-091:14561:14593 [2] NCCL INFO 2 coll channels, 0 nvls channels, 2 p2p channels, 2 p2p channels per peer
c196-082:4252:4285 [2] NCCL INFO Connected all trees
c196-082:4252:4285 [2] NCCL INFO NCCL_NTHREADS set by environment to 256.
c196-082:4252:4285 [2] NCCL INFO NCCL_PROTO set by environment to Simple
c196-082:4252:4285 [2] NCCL INFO NCCL_ALGO set by environment to Ring
c196-082:4252:4285 [2] NCCL INFO threadThresholds 8/8/64 | 256/8/64 | 512 | 512
c196-082:4252:4285 [2] NCCL INFO 2 coll channels, 0 nvls channels, 2 p2p channels, 2 p2p channels per peer
c196-091:14559:14595 [0] NCCL INFO Channel 00/0 : 16[2000] -> 0[2000] [send] via NET/IB/0
c196-082:4250:4284 [0] NCCL INFO Channel 01/0 : 12[2000] -> 28[2000] [send] via NET/IB/0
c196-092:24695:24730 [0] NCCL INFO Channel 00/0 : 25[3000] -> 20[2000] [receive] via NET/IB/0
c196-081:11160:11195 [0] NCCL INFO Channel 00/0 : 12[2000] -> 8[2000] [receive] via NET/IB/0
c196-071:16206:16242 [0] NCCL INFO Channel 01/0 : 4[2000] -> 0[2000] [receive] via NET/IB/0
c196-101:1321:1360 [1] NCCL INFO Channel 00 : 25[3000] -> 24[2000] via SHM/direct/direct
c196-101:1321:1360 [1] NCCL INFO Channel 01 : 25[3000] -> 24[2000] via SHM/direct/direct
c196-101:1323:1354 [2] NCCL INFO Connected all trees
