TACC:  Starting up job 6212663 
TACC:  Starting parallel tasks... 
# nThread 1 nGpus 1 minBytes 65536 maxBytes 268435456 step: 2(factor) warmup iters: 5 iters: 60 agg iters: 1 validation: 1 graph: 0
#
# Using devices
#  Rank  0 Group  0 Pid  27488 on   c196-042 device  0 [0x02] Quadro RTX 5000
#  Rank  1 Group  0 Pid  27489 on   c196-042 device  1 [0x03] Quadro RTX 5000
#  Rank  2 Group  0 Pid  27490 on   c196-042 device  2 [0x82] Quadro RTX 5000
#  Rank  3 Group  0 Pid  27491 on   c196-042 device  3 [0x83] Quadro RTX 5000
#  Rank  4 Group  0 Pid  12149 on   c196-051 device  0 [0x02] Quadro RTX 5000
#  Rank  5 Group  0 Pid  12150 on   c196-051 device  1 [0x03] Quadro RTX 5000
#  Rank  6 Group  0 Pid  12151 on   c196-051 device  2 [0x82] Quadro RTX 5000
#  Rank  7 Group  0 Pid  12152 on   c196-051 device  3 [0x83] Quadro RTX 5000
#  Rank  8 Group  0 Pid  20359 on   c198-011 device  0 [0x02] Quadro RTX 5000
#  Rank  9 Group  0 Pid  20360 on   c198-011 device  1 [0x03] Quadro RTX 5000
#  Rank 10 Group  0 Pid  20361 on   c198-011 device  2 [0x82] Quadro RTX 5000
#  Rank 11 Group  0 Pid  20362 on   c198-011 device  3 [0x83] Quadro RTX 5000
#  Rank 12 Group  0 Pid  17414 on   c198-012 device  0 [0x02] Quadro RTX 5000
#  Rank 13 Group  0 Pid  17415 on   c198-012 device  1 [0x03] Quadro RTX 5000
#  Rank 14 Group  0 Pid  17416 on   c198-012 device  2 [0x82] Quadro RTX 5000
#  Rank 15 Group  0 Pid  17417 on   c198-012 device  3 [0x83] Quadro RTX 5000
#  Rank 16 Group  0 Pid  29337 on   c198-021 device  0 [0x02] Quadro RTX 5000
#  Rank 17 Group  0 Pid  29338 on   c198-021 device  1 [0x03] Quadro RTX 5000
#  Rank 18 Group  0 Pid  29339 on   c198-021 device  2 [0x82] Quadro RTX 5000
#  Rank 19 Group  0 Pid  29340 on   c198-021 device  3 [0x83] Quadro RTX 5000
#  Rank 20 Group  0 Pid  26072 on   c198-022 device  0 [0x02] Quadro RTX 5000
#  Rank 21 Group  0 Pid  26073 on   c198-022 device  1 [0x03] Quadro RTX 5000
#  Rank 22 Group  0 Pid  26074 on   c198-022 device  2 [0x82] Quadro RTX 5000
#  Rank 23 Group  0 Pid  26075 on   c198-022 device  3 [0x83] Quadro RTX 5000
#  Rank 24 Group  0 Pid  29744 on   c198-031 device  0 [0x02] Quadro RTX 5000
#  Rank 25 Group  0 Pid  29745 on   c198-031 device  1 [0x03] Quadro RTX 5000
#  Rank 26 Group  0 Pid  29746 on   c198-031 device  2 [0x82] Quadro RTX 5000
#  Rank 27 Group  0 Pid  29747 on   c198-031 device  3 [0x83] Quadro RTX 5000
#  Rank 28 Group  0 Pid  23546 on   c198-032 device  0 [0x02] Quadro RTX 5000
#  Rank 29 Group  0 Pid  23547 on   c198-032 device  1 [0x03] Quadro RTX 5000
#  Rank 30 Group  0 Pid  23548 on   c198-032 device  2 [0x82] Quadro RTX 5000
#  Rank 31 Group  0 Pid  23549 on   c198-032 device  3 [0x83] Quadro RTX 5000
#  Rank 32 Group  0 Pid  10735 on   c198-041 device  0 [0x02] Quadro RTX 5000
#  Rank 33 Group  0 Pid  10736 on   c198-041 device  1 [0x03] Quadro RTX 5000
#  Rank 34 Group  0 Pid  10737 on   c198-041 device  2 [0x82] Quadro RTX 5000
#  Rank 35 Group  0 Pid  10738 on   c198-041 device  3 [0x83] Quadro RTX 5000
#  Rank 36 Group  0 Pid  12926 on   c198-042 device  0 [0x02] Quadro RTX 5000
#  Rank 37 Group  0 Pid  12927 on   c198-042 device  1 [0x03] Quadro RTX 5000
#  Rank 38 Group  0 Pid  12928 on   c198-042 device  2 [0x82] Quadro RTX 5000
#  Rank 39 Group  0 Pid  12929 on   c198-042 device  3 [0x83] Quadro RTX 5000
#  Rank 40 Group  0 Pid  23712 on   c198-051 device  0 [0x02] Quadro RTX 5000
#  Rank 41 Group  0 Pid  23713 on   c198-051 device  1 [0x03] Quadro RTX 5000
#  Rank 42 Group  0 Pid  23714 on   c198-051 device  2 [0x82] Quadro RTX 5000
#  Rank 43 Group  0 Pid  23715 on   c198-051 device  3 [0x83] Quadro RTX 5000
#  Rank 44 Group  0 Pid  21665 on   c198-052 device  0 [0x02] Quadro RTX 5000
#  Rank 45 Group  0 Pid  21666 on   c198-052 device  1 [0x03] Quadro RTX 5000
#  Rank 46 Group  0 Pid  21667 on   c198-052 device  2 [0x82] Quadro RTX 5000
#  Rank 47 Group  0 Pid  21668 on   c198-052 device  3 [0x83] Quadro RTX 5000
#  Rank 48 Group  0 Pid  14312 on   c198-061 device  0 [0x02] Quadro RTX 5000
#  Rank 49 Group  0 Pid  14313 on   c198-061 device  1 [0x03] Quadro RTX 5000
#  Rank 50 Group  0 Pid  14314 on   c198-061 device  2 [0x82] Quadro RTX 5000
#  Rank 51 Group  0 Pid  14315 on   c198-061 device  3 [0x83] Quadro RTX 5000
#  Rank 52 Group  0 Pid    446 on   c198-062 device  0 [0x02] Quadro RTX 5000
#  Rank 53 Group  0 Pid    447 on   c198-062 device  1 [0x03] Quadro RTX 5000
#  Rank 54 Group  0 Pid    448 on   c198-062 device  2 [0x82] Quadro RTX 5000
#  Rank 55 Group  0 Pid    449 on   c198-062 device  3 [0x83] Quadro RTX 5000
#  Rank 56 Group  0 Pid  30729 on   c198-071 device  0 [0x02] Quadro RTX 5000
#  Rank 57 Group  0 Pid  30730 on   c198-071 device  1 [0x03] Quadro RTX 5000
#  Rank 58 Group  0 Pid  30731 on   c198-071 device  2 [0x82] Quadro RTX 5000
#  Rank 59 Group  0 Pid  30732 on   c198-071 device  3 [0x83] Quadro RTX 5000
#  Rank 60 Group  0 Pid  24336 on   c198-072 device  0 [0x02] Quadro RTX 5000
#  Rank 61 Group  0 Pid  24337 on   c198-072 device  1 [0x03] Quadro RTX 5000
#  Rank 62 Group  0 Pid  24338 on   c198-072 device  2 [0x82] Quadro RTX 5000
#  Rank 63 Group  0 Pid  24339 on   c198-072 device  3 [0x83] Quadro RTX 5000
The MSCCL XML file exists: /home1/09168/ldai1/ccl-build/msccl_tools_lyd/examples/xml/xml_lyd/ring/allreduce_ring_node16_gpu64_mcl4_mck1_gan0.xml
c196-042:27488:27488 [0] NCCL INFO Bootstrap : Using ib0:192.168.44.108<0>
c196-042:27488:27488 [0] NCCL INFO NET/Plugin : No plugin found (libnccl-net.so), using internal implementation
c196-042:27488:27488 [0] NCCL INFO NET/IB : Using [0]mlx4_0:1/IB [RO]; OOB ib0:192.168.44.108<0>
c196-042:27488:27488 [0] NCCL INFO Using network IB
NCCL version 2.12.12.MSCCL.0.7.4+cuda11.3
c196-042:27490:27490 [2] NCCL INFO Bootstrap : Using ib0:192.168.44.108<0>
c196-042:27490:27490 [2] NCCL INFO NET/Plugin : No plugin found (libnccl-net.so), using internal implementation
c196-042:27490:27490 [2] NCCL INFO NET/IB : Using [0]mlx4_0:1/IB [RO]; OOB ib0:192.168.44.108<0>
c196-042:27490:27490 [2] NCCL INFO Using network IB
c196-042:27491:27491 [3] NCCL INFO Bootstrap : Using ib0:192.168.44.108<0>
c196-042:27491:27491 [3] NCCL INFO NET/Plugin : No plugin found (libnccl-net.so), using internal implementation
c196-042:27491:27491 [3] NCCL INFO NET/IB : Using [0]mlx4_0:1/IB [RO]; OOB ib0:192.168.44.108<0>
c196-042:27491:27491 [3] NCCL INFO Using network IB
c196-042:27489:27489 [1] NCCL INFO Bootstrap : Using ib0:192.168.44.108<0>
c196-042:27489:27489 [1] NCCL INFO NET/Plugin : No plugin found (libnccl-net.so), using internal implementation
c196-042:27489:27489 [1] NCCL INFO NET/IB : Using [0]mlx4_0:1/IB [RO]; OOB ib0:192.168.44.108<0>
c196-042:27489:27489 [1] NCCL INFO Using network IB
c198-051:23712:23712 [0] NCCL INFO Bootstrap : Using ib0:192.168.44.153<0>
c198-051:23712:23712 [0] NCCL INFO NET/Plugin : No plugin found (libnccl-net.so), using internal implementation
c198-051:23712:23712 [0] NCCL INFO NET/IB : Using [0]mlx4_0:1/IB [RO]; OOB ib0:192.168.44.153<0>
c198-051:23712:23712 [0] NCCL INFO Using network IB
c196-051:12151:12151 [2] NCCL INFO Bootstrap : Using ib0:192.168.44.109<0>
c196-051:12151:12151 [2] NCCL INFO NET/Plugin : No plugin found (libnccl-net.so), using internal implementation
c196-051:12151:12151 [2] NCCL INFO NET/IB : Using [0]mlx4_0:1/IB [RO]; OOB ib0:192.168.44.109<0>
c196-051:12151:12151 [2] NCCL INFO Using network IB
c198-022:26073:26073 [1] NCCL INFO Bootstrap : Using ib0:192.168.44.148<0>
c198-022:26073:26073 [1] NCCL INFO NET/Plugin : No plugin found (libnccl-net.so), using internal implementation
c198-022:26073:26073 [1] NCCL INFO NET/IB : Using [0]mlx4_0:1/IB [RO]; OOB ib0:192.168.44.148<0>
c198-022:26073:26073 [1] NCCL INFO Using network IB
c198-041:10737:10737 [2] NCCL INFO Bootstrap : Using ib0:192.168.44.151<0>
c198-041:10737:10737 [2] NCCL INFO NET/Plugin : No plugin found (libnccl-net.so), using internal implementation
c198-041:10737:10737 [2] NCCL INFO NET/IB : Using [0]mlx4_0:1/IB [RO]; OOB ib0:192.168.44.151<0>
c198-041:10737:10737 [2] NCCL INFO Using network IB
c198-041:10738:10738 [3] NCCL INFO Bootstrap : Using ib0:192.168.44.151<0>
c198-041:10738:10738 [3] NCCL INFO NET/Plugin : No plugin found (libnccl-net.so), using internal implementation
c198-041:10738:10738 [3] NCCL INFO NET/IB : Using [0]mlx4_0:1/IB [RO]; OOB ib0:192.168.44.151<0>
c198-041:10738:10738 [3] NCCL INFO Using network IB
c198-041:10735:10735 [0] NCCL INFO Bootstrap : Using ib0:192.168.44.151<0>
c198-041:10736:10736 [1] NCCL INFO Bootstrap : Using ib0:192.168.44.151<0>
c198-041:10735:10735 [0] NCCL INFO NET/Plugin : No plugin found (libnccl-net.so), using internal implementation
c198-041:10736:10736 [1] NCCL INFO NET/Plugin : No plugin found (libnccl-net.so), using internal implementation
c198-041:10736:10736 [1] NCCL INFO NET/IB : Using [0]mlx4_0:1/IB [RO]; OOB ib0:192.168.44.151<0>
c198-041:10736:10736 [1] NCCL INFO Using network IB
c198-041:10735:10735 [0] NCCL INFO NET/IB : Using [0]mlx4_0:1/IB [RO]; OOB ib0:192.168.44.151<0>
c198-041:10735:10735 [0] NCCL INFO Using network IB
c198-071:30732:30732 [3] NCCL INFO Bootstrap : Using ib0:192.168.44.157<0>
c198-071:30732:30732 [3] NCCL INFO NET/Plugin : No plugin found (libnccl-net.so), using internal implementation
c198-051:23715:23715 [3] NCCL INFO Bootstrap : Using ib0:192.168.44.153<0>
c198-051:23715:23715 [3] NCCL INFO NET/Plugin : No plugin found (libnccl-net.so), using internal implementation
c198-032:23546:23546 [0] NCCL INFO Bootstrap : Using ib0:192.168.44.150<0>
c198-072:24336:24336 [0] NCCL INFO Bootstrap : Using ib0:192.168.44.158<0>
c198-032:23547:23547 [1] NCCL INFO Bootstrap : Using ib0:192.168.44.150<0>
c198-072:24338:24338 [2] NCCL INFO Bootstrap : Using ib0:192.168.44.158<0>
c198-032:23546:23546 [0] NCCL INFO NET/Plugin : No plugin found (libnccl-net.so), using internal implementation
c198-072:24339:24339 [3] NCCL INFO Bootstrap : Using ib0:192.168.44.158<0>
c198-032:23547:23547 [1] NCCL INFO NET/Plugin : No plugin found (libnccl-net.so), using internal implementation
c198-072:24336:24336 [0] NCCL INFO NET/Plugin : No plugin found (libnccl-net.so), using internal implementation
c198-072:24338:24338 [2] NCCL INFO NET/Plugin : No plugin found (libnccl-net.so), using internal implementation
c198-072:24339:24339 [3] NCCL INFO NET/Plugin : No plugin found (libnccl-net.so), using internal implementation
c198-051:23715:23715 [3] NCCL INFO NET/IB : Using [0]mlx4_0:1/IB [RO]; OOB ib0:192.168.44.153<0>
c198-051:23715:23715 [3] NCCL INFO Using network IB
c198-061:14314:14314 [2] NCCL INFO Bootstrap : Using ib0:192.168.44.155<0>
c198-071:30732:30732 [3] NCCL INFO NET/IB : Using [0]mlx4_0:1/IB [RO]; OOB ib0:192.168.44.157<0>
c198-071:30732:30732 [3] NCCL INFO Using network IB
c198-061:14315:14315 [3] NCCL INFO Bootstrap : Using ib0:192.168.44.155<0>
c198-061:14314:14314 [2] NCCL INFO NET/Plugin : No plugin found (libnccl-net.so), using internal implementation
c198-061:14315:14315 [3] NCCL INFO NET/Plugin : No plugin found (libnccl-net.so), using internal implementation
c198-031:29744:29744 [0] NCCL INFO Bootstrap : Using ib0:192.168.44.149<0>
c198-031:29745:29745 [1] NCCL INFO Bootstrap : Using ib0:192.168.44.149<0>
c198-071:30731:30731 [2] NCCL INFO Bootstrap : Using ib0:192.168.44.157<0>
c198-031:29746:29746 [2] NCCL INFO Bootstrap : Using ib0:192.168.44.149<0>
c198-031:29747:29747 [3] NCCL INFO Bootstrap : Using ib0:192.168.44.149<0>
c198-031:29744:29744 [0] NCCL INFO NET/Plugin : No plugin found (libnccl-net.so), using internal implementation
c198-031:29745:29745 [1] NCCL INFO NET/Plugin : No plugin found (libnccl-net.so), using internal implementation
c198-071:30731:30731 [2] NCCL INFO NET/Plugin : No plugin found (libnccl-net.so), using internal implementation
c198-031:29746:29746 [2] NCCL INFO NET/Plugin : No plugin found (libnccl-net.so), using internal implementation
c198-031:29747:29747 [3] NCCL INFO NET/Plugin : No plugin found (libnccl-net.so), using internal implementation
c198-071:30731:30731 [2] NCCL INFO NET/IB : Using [0]mlx4_0:1/IB [RO]; OOB ib0:192.168.44.157<0>
c198-071:30731:30731 [2] NCCL INFO Using network IB
c198-032:23547:23547 [1] NCCL INFO NET/IB : Using [0]mlx4_0:1/IB [RO]; OOB ib0:192.168.44.150<0>
c198-032:23547:23547 [1] NCCL INFO Using network IB
c198-032:23546:23546 [0] NCCL INFO NET/IB : Using [0]mlx4_0:1/IB [RO]; OOB ib0:192.168.44.150<0>
c198-032:23546:23546 [0] NCCL INFO Using network IB
c198-011:20361:20361 [2] NCCL INFO Bootstrap : Using ib0:192.168.44.145<0>
c198-011:20361:20361 [2] NCCL INFO NET/Plugin : No plugin found (libnccl-net.so), using internal implementation
c198-061:14314:14314 [2] NCCL INFO NET/IB : Using [0]mlx4_0:1/IB [RO]; OOB ib0:192.168.44.155<0>
c198-061:14314:14314 [2] NCCL INFO Using network IB
c198-061:14315:14315 [3] NCCL INFO NET/IB : Using [0]mlx4_0:1/IB [RO]; OOB ib0:192.168.44.155<0>
c198-061:14315:14315 [3] NCCL INFO Using network IB
c198-061:14313:14313 [1] NCCL INFO Bootstrap : Using ib0:192.168.44.155<0>
c198-061:14313:14313 [1] NCCL INFO NET/Plugin : No plugin found (libnccl-net.so), using internal implementation
c198-011:20361:20361 [2] NCCL INFO NET/IB : Using [0]mlx4_0:1/IB [RO]; OOB ib0:192.168.44.145<0>
c198-011:20361:20361 [2] NCCL INFO Using network IB
c198-072:24337:24337 [1] NCCL INFO Bootstrap : Using ib0:192.168.44.158<0>
c198-072:24337:24337 [1] NCCL INFO NET/Plugin : No plugin found (libnccl-net.so), using internal implementation
c198-061:14313:14313 [1] NCCL INFO NET/IB : Using [0]mlx4_0:1/IB [RO]; OOB ib0:192.168.44.155<0>
c198-061:14313:14313 [1] NCCL INFO Using network IB
c198-052:21668:21668 [3] NCCL INFO Bootstrap : Using ib0:192.168.44.154<0>
c198-052:21668:21668 [3] NCCL INFO NET/Plugin : No plugin found (libnccl-net.so), using internal implementation
c198-051:23713:23713 [1] NCCL INFO Bootstrap : Using ib0:192.168.44.153<0>
c198-052:21667:21667 [2] NCCL INFO Bootstrap : Using ib0:192.168.44.154<0>
c198-051:23713:23713 [1] NCCL INFO NET/Plugin : No plugin found (libnccl-net.so), using internal implementation
c198-072:24336:24336 [0] NCCL INFO NET/IB : Using [0]mlx4_0:1/IB [RO]; OOB ib0:192.168.44.158<0>
c198-072:24336:24336 [0] NCCL INFO Using network IB
c198-052:21667:21667 [2] NCCL INFO NET/Plugin : No plugin found (libnccl-net.so), using internal implementation
c198-072:24339:24339 [3] NCCL INFO NET/IB : Using [0]mlx4_0:1/IB [RO]; OOB ib0:192.168.44.158<0>
c198-072:24339:24339 [3] NCCL INFO Using network IB
c198-072:24338:24338 [2] NCCL INFO NET/IB : Using [0]mlx4_0:1/IB [RO]; OOB ib0:192.168.44.158<0>
c198-072:24338:24338 [2] NCCL INFO Using network IB
c198-072:24337:24337 [1] NCCL INFO NET/IB : Using [0]mlx4_0:1/IB [RO]; OOB ib0:192.168.44.158<0>
c198-072:24337:24337 [1] NCCL INFO Using network IB
c198-032:23548:23548 [2] NCCL INFO Bootstrap : Using ib0:192.168.44.150<0>
c198-032:23548:23548 [2] NCCL INFO NET/Plugin : No plugin found (libnccl-net.so), using internal implementation
c198-052:21668:21668 [3] NCCL INFO NET/IB : Using [0]mlx4_0:1/IB [RO]; OOB ib0:192.168.44.154<0>
c198-052:21668:21668 [3] NCCL INFO Using network IB
c198-021:29339:29339 [2] NCCL INFO Bootstrap : Using ib0:192.168.44.147<0>
c198-021:29340:29340 [3] NCCL INFO Bootstrap : Using ib0:192.168.44.147<0>
c198-021:29337:29337 [0] NCCL INFO Bootstrap : Using ib0:192.168.44.147<0>
c198-021:29338:29338 [1] NCCL INFO Bootstrap : Using ib0:192.168.44.147<0>
c198-021:29340:29340 [3] NCCL INFO NET/Plugin : No plugin found (libnccl-net.so), using internal implementation
c198-021:29339:29339 [2] NCCL INFO NET/Plugin : No plugin found (libnccl-net.so), using internal implementation
c198-021:29337:29337 [0] NCCL INFO NET/Plugin : No plugin found (libnccl-net.so), using internal implementation
c198-021:29338:29338 [1] NCCL INFO NET/Plugin : No plugin found (libnccl-net.so), using internal implementation
c198-051:23713:23713 [1] NCCL INFO NET/IB : Using [0]mlx4_0:1/IB [RO]; OOB ib0:192.168.44.153<0>
c198-051:23713:23713 [1] NCCL INFO Using network IB
c198-052:21667:21667 [2] NCCL INFO NET/IB : Using [0]mlx4_0:1/IB [RO]; OOB ib0:192.168.44.154<0>
c198-052:21667:21667 [2] NCCL INFO Using network IB
c198-051:23714:23714 [2] NCCL INFO Bootstrap : Using ib0:192.168.44.153<0>
c198-051:23714:23714 [2] NCCL INFO NET/Plugin : No plugin found (libnccl-net.so), using internal implementation
c198-032:23548:23548 [2] NCCL INFO NET/IB : Using [0]mlx4_0:1/IB [RO]; OOB ib0:192.168.44.150<0>
c198-032:23548:23548 [2] NCCL INFO Using network IB
c198-031:29747:29747 [3] NCCL INFO NET/IB : Using [0]mlx4_0:1/IB [RO]; OOB ib0:192.168.44.149<0>
c198-031:29747:29747 [3] NCCL INFO Using network IB
c198-031:29745:29745 [1] NCCL INFO NET/IB : Using [0]mlx4_0:1/IB [RO]; OOB ib0:192.168.44.149<0>
c198-031:29745:29745 [1] NCCL INFO Using network IB
c198-031:29746:29746 [2] NCCL INFO NET/IB : Using [0]mlx4_0:1/IB [RO]; OOB ib0:192.168.44.149<0>
c198-031:29746:29746 [2] NCCL INFO Using network IB
c198-031:29744:29744 [0] NCCL INFO NET/IB : Using [0]mlx4_0:1/IB [RO]; OOB ib0:192.168.44.149<0>
c198-031:29744:29744 [0] NCCL INFO Using network IB
c198-051:23714:23714 [2] NCCL INFO NET/IB : Using [0]mlx4_0:1/IB [RO]; OOB ib0:192.168.44.153<0>
c198-051:23714:23714 [2] NCCL INFO Using network IB
c198-061:14312:14312 [0] NCCL INFO Bootstrap : Using ib0:192.168.44.155<0>
c198-061:14312:14312 [0] NCCL INFO NET/Plugin : No plugin found (libnccl-net.so), using internal implementation
c198-071:30729:30729 [0] NCCL INFO Bootstrap : Using ib0:192.168.44.157<0>
c198-071:30729:30729 [0] NCCL INFO NET/Plugin : No plugin found (libnccl-net.so), using internal implementation
c198-022:26072:26072 [0] NCCL INFO Bootstrap : Using ib0:192.168.44.148<0>
c198-022:26072:26072 [0] NCCL INFO NET/Plugin : No plugin found (libnccl-net.so), using internal implementation
c198-061:14312:14312 [0] NCCL INFO NET/IB : Using [0]mlx4_0:1/IB [RO]; OOB ib0:192.168.44.155<0>
c198-061:14312:14312 [0] NCCL INFO Using network IB
c198-071:30729:30729 [0] NCCL INFO NET/IB : Using [0]mlx4_0:1/IB [RO]; OOB ib0:192.168.44.157<0>
c198-071:30729:30729 [0] NCCL INFO Using network IB
c198-011:20359:20359 [0] NCCL INFO Bootstrap : Using ib0:192.168.44.145<0>
c198-011:20360:20360 [1] NCCL INFO Bootstrap : Using ib0:192.168.44.145<0>
c198-011:20359:20359 [0] NCCL INFO NET/Plugin : No plugin found (libnccl-net.so), using internal implementation
c198-011:20360:20360 [1] NCCL INFO NET/Plugin : No plugin found (libnccl-net.so), using internal implementation
c198-032:23549:23549 [3] NCCL INFO Bootstrap : Using ib0:192.168.44.150<0>
c198-032:23549:23549 [3] NCCL INFO NET/Plugin : No plugin found (libnccl-net.so), using internal implementation
c198-022:26072:26072 [0] NCCL INFO NET/IB : Using [0]mlx4_0:1/IB [RO]; OOB ib0:192.168.44.148<0>
c198-022:26072:26072 [0] NCCL INFO Using network IB
c198-052:21665:21665 [0] NCCL INFO Bootstrap : Using ib0:192.168.44.154<0>
c198-052:21665:21665 [0] NCCL INFO NET/Plugin : No plugin found (libnccl-net.so), using internal implementation
c198-071:30730:30730 [1] NCCL INFO Bootstrap : Using ib0:192.168.44.157<0>
c198-071:30730:30730 [1] NCCL INFO NET/Plugin : No plugin found (libnccl-net.so), using internal implementation
c198-032:23549:23549 [3] NCCL INFO NET/IB : Using [0]mlx4_0:1/IB [RO]; OOB ib0:192.168.44.150<0>
c198-032:23549:23549 [3] NCCL INFO Using network IB
c198-021:29340:29340 [3] NCCL INFO NET/IB : Using [0]mlx4_0:1/IB [RO]; OOB ib0:192.168.44.147<0>
c198-021:29340:29340 [3] NCCL INFO Using network IB
c198-021:29338:29338 [1] NCCL INFO NET/IB : Using [0]mlx4_0:1/IB [RO]; OOB ib0:192.168.44.147<0>
c198-021:29338:29338 [1] NCCL INFO Using network IB
c198-021:29337:29337 [0] NCCL INFO NET/IB : Using [0]mlx4_0:1/IB [RO]; OOB ib0:192.168.44.147<0>
c198-021:29337:29337 [0] NCCL INFO Using network IB
c198-021:29339:29339 [2] NCCL INFO NET/IB : Using [0]mlx4_0:1/IB [RO]; OOB ib0:192.168.44.147<0>
c198-021:29339:29339 [2] NCCL INFO Using network IB
c198-071:30730:30730 [1] NCCL INFO NET/IB : Using [0]mlx4_0:1/IB [RO]; OOB ib0:192.168.44.157<0>
c198-071:30730:30730 [1] NCCL INFO Using network IB
c198-052:21665:21665 [0] NCCL INFO NET/IB : Using [0]mlx4_0:1/IB [RO]; OOB ib0:192.168.44.154<0>
c198-052:21665:21665 [0] NCCL INFO Using network IB
c198-011:20362:20362 [3] NCCL INFO Bootstrap : Using ib0:192.168.44.145<0>
c198-011:20362:20362 [3] NCCL INFO NET/Plugin : No plugin found (libnccl-net.so), using internal implementation
c198-011:20360:20360 [1] NCCL INFO NET/IB : Using [0]mlx4_0:1/IB [RO]; OOB ib0:192.168.44.145<0>
c198-011:20360:20360 [1] NCCL INFO Using network IB
c198-011:20359:20359 [0] NCCL INFO NET/IB : Using [0]mlx4_0:1/IB [RO]; OOB ib0:192.168.44.145<0>
c198-011:20359:20359 [0] NCCL INFO Using network IB
c198-011:20362:20362 [3] NCCL INFO NET/IB : Using [0]mlx4_0:1/IB [RO]; OOB ib0:192.168.44.145<0>
c198-011:20362:20362 [3] NCCL INFO Using network IB
c198-052:21666:21666 [1] NCCL INFO Bootstrap : Using ib0:192.168.44.154<0>
c198-052:21666:21666 [1] NCCL INFO NET/Plugin : No plugin found (libnccl-net.so), using internal implementation
c198-052:21666:21666 [1] NCCL INFO NET/IB : Using [0]mlx4_0:1/IB [RO]; OOB ib0:192.168.44.154<0>
c198-052:21666:21666 [1] NCCL INFO Using network IB
c196-051:12152:12152 [3] NCCL INFO Bootstrap : Using ib0:192.168.44.109<0>
c196-051:12152:12152 [3] NCCL INFO NET/Plugin : No plugin found (libnccl-net.so), using internal implementation
c198-062:449:449 [3] NCCL INFO Bootstrap : Using ib0:192.168.44.156<0>
c198-062:448:448 [2] NCCL INFO Bootstrap : Using ib0:192.168.44.156<0>
c198-062:448:448 [2] NCCL INFO NET/Plugin : No plugin found (libnccl-net.so), using internal implementation
c198-062:449:449 [3] NCCL INFO NET/Plugin : No plugin found (libnccl-net.so), using internal implementation
c196-051:12152:12152 [3] NCCL INFO NET/IB : Using [0]mlx4_0:1/IB [RO]; OOB ib0:192.168.44.109<0>
c196-051:12152:12152 [3] NCCL INFO Using network IB
c198-062:446:446 [0] NCCL INFO Bootstrap : Using ib0:192.168.44.156<0>
c198-062:447:447 [1] NCCL INFO Bootstrap : Using ib0:192.168.44.156<0>
c198-062:446:446 [0] NCCL INFO NET/Plugin : No plugin found (libnccl-net.so), using internal implementation
c198-062:447:447 [1] NCCL INFO NET/Plugin : No plugin found (libnccl-net.so), using internal implementation
c198-022:26074:26074 [2] NCCL INFO Bootstrap : Using ib0:192.168.44.148<0>
c198-022:26075:26075 [3] NCCL INFO Bootstrap : Using ib0:192.168.44.148<0>
c198-022:26074:26074 [2] NCCL INFO NET/Plugin : No plugin found (libnccl-net.so), using internal implementation
c198-022:26075:26075 [3] NCCL INFO NET/Plugin : No plugin found (libnccl-net.so), using internal implementation
c198-062:449:449 [3] NCCL INFO NET/IB : Using [0]mlx4_0:1/IB [RO]; OOB ib0:192.168.44.156<0>
c198-062:449:449 [3] NCCL INFO Using network IB
c198-062:448:448 [2] NCCL INFO NET/IB : Using [0]mlx4_0:1/IB [RO]; OOB ib0:192.168.44.156<0>
c198-062:448:448 [2] NCCL INFO Using network IB
c198-042:12928:12928 [2] NCCL INFO Bootstrap : Using ib0:192.168.44.152<0>
c198-062:446:446 [0] NCCL INFO NET/IB : Using [0]mlx4_0:1/IB [RO]; OOB ib0:192.168.44.156<0>
c198-062:446:446 [0] NCCL INFO Using network IB
c198-042:12928:12928 [2] NCCL INFO NET/Plugin : No plugin found (libnccl-net.so), using internal implementation
c198-062:447:447 [1] NCCL INFO NET/IB : Using [0]mlx4_0:1/IB [RO]; OOB ib0:192.168.44.156<0>
c198-062:447:447 [1] NCCL INFO Using network IB
c198-022:26075:26075 [3] NCCL INFO NET/IB : Using [0]mlx4_0:1/IB [RO]; OOB ib0:192.168.44.148<0>
c198-022:26075:26075 [3] NCCL INFO Using network IB
c196-051:12149:12149 [0] NCCL INFO Bootstrap : Using ib0:192.168.44.109<0>
c198-022:26074:26074 [2] NCCL INFO NET/IB : Using [0]mlx4_0:1/IB [RO]; OOB ib0:192.168.44.148<0>
c196-051:12150:12150 [1] NCCL INFO Bootstrap : Using ib0:192.168.44.109<0>
c198-022:26074:26074 [2] NCCL INFO Using network IB
c196-051:12149:12149 [0] NCCL INFO NET/Plugin : No plugin found (libnccl-net.so), using internal implementation
c196-051:12150:12150 [1] NCCL INFO NET/Plugin : No plugin found (libnccl-net.so), using internal implementation
c198-042:12929:12929 [3] NCCL INFO Bootstrap : Using ib0:192.168.44.152<0>
c198-042:12929:12929 [3] NCCL INFO NET/Plugin : No plugin found (libnccl-net.so), using internal implementation
c198-042:12928:12928 [2] NCCL INFO NET/IB : Using [0]mlx4_0:1/IB [RO]; OOB ib0:192.168.44.152<0>
c198-042:12928:12928 [2] NCCL INFO Using network IB
c198-042:12927:12927 [1] NCCL INFO Bootstrap : Using ib0:192.168.44.152<0>
c198-042:12927:12927 [1] NCCL INFO NET/Plugin : No plugin found (libnccl-net.so), using internal implementation
c198-042:12929:12929 [3] NCCL INFO NET/IB : Using [0]mlx4_0:1/IB [RO]; OOB ib0:192.168.44.152<0>
c198-042:12929:12929 [3] NCCL INFO Using network IB
c198-012:17415:17415 [1] NCCL INFO Bootstrap : Using ib0:192.168.44.146<0>
c198-012:17415:17415 [1] NCCL INFO NET/Plugin : No plugin found (libnccl-net.so), using internal implementation
c198-042:12927:12927 [1] NCCL INFO NET/IB : Using [0]mlx4_0:1/IB [RO]; OOB ib0:192.168.44.152<0>
c198-042:12927:12927 [1] NCCL INFO Using network IB
c196-051:12149:12149 [0] NCCL INFO NET/IB : Using [0]mlx4_0:1/IB [RO]; OOB ib0:192.168.44.109<0>
c196-051:12149:12149 [0] NCCL INFO Using network IB
c196-051:12150:12150 [1] NCCL INFO NET/IB : Using [0]mlx4_0:1/IB [RO]; OOB ib0:192.168.44.109<0>
c196-051:12150:12150 [1] NCCL INFO Using network IB
c198-012:17417:17417 [3] NCCL INFO Bootstrap : Using ib0:192.168.44.146<0>
c198-012:17417:17417 [3] NCCL INFO NET/Plugin : No plugin found (libnccl-net.so), using internal implementation
c198-012:17415:17415 [1] NCCL INFO NET/IB : Using [0]mlx4_0:1/IB [RO]; OOB ib0:192.168.44.146<0>
c198-012:17415:17415 [1] NCCL INFO Using network IB
c198-042:12926:12926 [0] NCCL INFO Bootstrap : Using ib0:192.168.44.152<0>
c198-042:12926:12926 [0] NCCL INFO NET/Plugin : No plugin found (libnccl-net.so), using internal implementation
c198-042:12926:12926 [0] NCCL INFO NET/IB : Using [0]mlx4_0:1/IB [RO]; OOB ib0:192.168.44.152<0>
c198-042:12926:12926 [0] NCCL INFO Using network IB
c198-012:17416:17416 [2] NCCL INFO Bootstrap : Using ib0:192.168.44.146<0>
c198-012:17414:17414 [0] NCCL INFO Bootstrap : Using ib0:192.168.44.146<0>
c198-012:17416:17416 [2] NCCL INFO NET/Plugin : No plugin found (libnccl-net.so), using internal implementation
c198-012:17414:17414 [0] NCCL INFO NET/Plugin : No plugin found (libnccl-net.so), using internal implementation
c198-012:17417:17417 [3] NCCL INFO NET/IB : Using [0]mlx4_0:1/IB [RO]; OOB ib0:192.168.44.146<0>
c198-012:17417:17417 [3] NCCL INFO Using network IB
c198-012:17416:17416 [2] NCCL INFO NET/IB : Using [0]mlx4_0:1/IB [RO]; OOB ib0:192.168.44.146<0>
c198-012:17416:17416 [2] NCCL INFO Using network IB
c198-012:17414:17414 [0] NCCL INFO NET/IB : Using [0]mlx4_0:1/IB [RO]; OOB ib0:192.168.44.146<0>
c198-012:17414:17414 [0] NCCL INFO Using network IB
c196-042:27488:27540 [0] NCCL INFO Setting affinity for GPU 0 to 0f000f
c198-031:29747:29797 [3] NCCL INFO Setting affinity for GPU 3 to f000f000
c198-012:17417:17469 [3] NCCL INFO Setting affinity for GPU 3 to f000f000
c198-041:10738:10790 [3] NCCL INFO Setting affinity for GPU 3 to f000f000
c198-061:14315:14367 [3] NCCL INFO Setting affinity for GPU 3 to f000f000
c198-051:23715:23770 [3] NCCL INFO Setting affinity for GPU 3 to f000f000
c198-062:449:504 [3] NCCL INFO Setting affinity for GPU 3 to f000f000
c198-042:12929:12981 [3] NCCL INFO Setting affinity for GPU 3 to f000f000
c198-022:26075:26132 [3] NCCL INFO Setting affinity for GPU 3 to f000f000
c198-011:20362:20418 [3] NCCL INFO Setting affinity for GPU 3 to f000f000
c198-071:30732:30784 [3] NCCL INFO Setting affinity for GPU 3 to f000f000
c198-072:24339:24394 [3] NCCL INFO Setting affinity for GPU 3 to f000f000
c198-021:29340:29394 [3] NCCL INFO Setting affinity for GPU 3 to f000f000
c198-052:21668:21718 [3] NCCL INFO Setting affinity for GPU 3 to f000f000
c196-051:12152:12206 [3] NCCL INFO Setting affinity for GPU 3 to f000f000
c198-032:23549:23605 [3] NCCL INFO Setting affinity for GPU 3 to f000f000
c196-042:27491:27547 [3] NCCL INFO Setting affinity for GPU 3 to f000f000
c198-022:26074:26133 [2] NCCL INFO Setting affinity for GPU 2 to 0f000f00
c196-042:27489:27549 [1] NCCL INFO Setting affinity for GPU 1 to f000f0
c196-042:27490:27545 [2] NCCL INFO Setting affinity for GPU 2 to 0f000f00
c198-051:23714:23774 [2] NCCL INFO Setting affinity for GPU 2 to 0f000f00
c198-061:14314:14366 [2] NCCL INFO Setting affinity for GPU 2 to 0f000f00
c198-011:20360:20415 [1] NCCL INFO Setting affinity for GPU 1 to f000f0
c198-042:12928:12979 [2] NCCL INFO Setting affinity for GPU 2 to 0f000f00
c198-011:20361:20412 [2] NCCL INFO Setting affinity for GPU 2 to 0f000f00
c198-011:20359:20416 [0] NCCL INFO Setting affinity for GPU 0 to 0f000f
c198-072:24338:24395 [2] NCCL INFO Setting affinity for GPU 2 to 0f000f00
c198-032:23547:23600 [1] NCCL INFO Setting affinity for GPU 1 to f000f0
c198-022:26073:26127 [1] NCCL INFO Setting affinity for GPU 1 to f000f0
c198-012:17416:17472 [2] NCCL INFO Setting affinity for GPU 2 to 0f000f00
c198-022:26072:26129 [0] NCCL INFO Setting affinity for GPU 0 to 0f000f
c198-021:29338:29395 [1] NCCL INFO Setting affinity for GPU 1 to f000f0
c198-032:23548:23603 [2] NCCL INFO Setting affinity for GPU 2 to 0f000f00
c196-051:12150:12210 [1] NCCL INFO Setting affinity for GPU 1 to f000f0
c198-042:12927:12983 [1] NCCL INFO Setting affinity for GPU 1 to f000f0
c198-032:23546:23601 [0] NCCL INFO Setting affinity for GPU 0 to 0f000f
c198-072:24337:24397 [1] NCCL INFO Setting affinity for GPU 1 to f000f0
c198-021:29337:29396 [0] NCCL INFO Setting affinity for GPU 0 to 0f000f
c196-051:12151:12204 [2] NCCL INFO Setting affinity for GPU 2 to 0f000f00
c198-062:446:508 [0] NCCL INFO Setting affinity for GPU 0 to 0f000f
c196-051:12149:12209 [0] NCCL INFO Setting affinity for GPU 0 to 0f000f
c198-051:23712:23768 [0] NCCL INFO Setting affinity for GPU 0 to 0f000f
c198-041:10737:10788 [2] NCCL INFO Setting affinity for GPU 2 to 0f000f00
c198-042:12926:12985 [0] NCCL INFO Setting affinity for GPU 0 to 0f000f
c198-072:24336:24391 [0] NCCL INFO Setting affinity for GPU 0 to 0f000f
c198-062:448:505 [2] NCCL INFO Setting affinity for GPU 2 to 0f000f00
c198-052:21665:21722 [0] NCCL INFO Setting affinity for GPU 0 to 0f000f
c198-052:21667:21720 [2] NCCL INFO Setting affinity for GPU 2 to 0f000f00
c198-062:447:509 [1] NCCL INFO Setting affinity for GPU 1 to f000f0
c198-052:21666:21724 [1] NCCL INFO Setting affinity for GPU 1 to f000f0
c198-051:23713:23772 [1] NCCL INFO Setting affinity for GPU 1 to f000f0
c198-031:29744:29803 [0] NCCL INFO Setting affinity for GPU 0 to 0f000f
c198-031:29746:29801 [2] NCCL INFO Setting affinity for GPU 2 to 0f000f00
c198-021:29339:29397 [2] NCCL INFO Setting affinity for GPU 2 to 0f000f00
c198-031:29745:29802 [1] NCCL INFO Setting affinity for GPU 1 to f000f0
c198-071:30729:30788 [0] NCCL INFO Setting affinity for GPU 0 to 0f000f
c198-041:10735:10794 [0] NCCL INFO Setting affinity for GPU 0 to 0f000f
c198-071:30730:30790 [1] NCCL INFO Setting affinity for GPU 1 to f000f0
c198-071:30731:30786 [2] NCCL INFO Setting affinity for GPU 2 to 0f000f00
c198-061:14313:14369 [1] NCCL INFO Setting affinity for GPU 1 to f000f0
c198-061:14312:14371 [0] NCCL INFO Setting affinity for GPU 0 to 0f000f
c198-041:10736:10793 [1] NCCL INFO Setting affinity for GPU 1 to f000f0
c198-012:17414:17473 [0] NCCL INFO Setting affinity for GPU 0 to 0f000f
c198-012:17415:17467 [1] NCCL INFO Setting affinity for GPU 1 to f000f0
c198-012:17416:17472 [2] NCCL INFO Trees [0] 15/-1/-1->14->13 [1] 15/-1/-1->14->13
c198-012:17415:17467 [1] NCCL INFO Trees [0] 14/-1/-1->13->12 [1] 14/20/-1->13->12
c198-012:17417:17469 [3] NCCL INFO Trees [0] -1/-1/-1->15->14 [1] -1/-1/-1->15->14
c198-021:29337:29396 [0] NCCL INFO Trees [0] 17/24/-1->16->33 [1] 17/-1/-1->16->20
c196-051:12152:12206 [3] NCCL INFO Trees [0] -1/-1/-1->7->6 [1] -1/-1/-1->7->6
c198-012:17414:17473 [0] NCCL INFO Trees [0] 13/-1/-1->12->8 [1] 13/4/-1->12->28
c198-011:20360:20415 [1] NCCL INFO Trees [0] 10/4/-1->9->8 [1] 10/-1/-1->9->8
c198-011:20361:20412 [2] NCCL INFO Trees [0] 11/-1/-1->10->9 [1] 11/-1/-1->10->9
c198-021:29338:29395 [1] NCCL INFO Trees [0] 18/8/-1->17->16 [1] 18/-1/-1->17->16
c198-011:20362:20418 [3] NCCL INFO Trees [0] -1/-1/-1->11->10 [1] -1/-1/-1->11->10
c198-031:29746:29801 [2] NCCL INFO Trees [0] 27/-1/-1->26->25 [1] 27/-1/-1->26->25
c198-032:23546:23601 [0] NCCL INFO Trees [0] 29/-1/-1->28->24 [1] 29/12/-1->28->60
c198-022:26074:26133 [2] NCCL INFO Trees [0] 23/-1/-1->22->21 [1] 23/-1/-1->22->21
c198-021:29339:29397 [2] NCCL INFO Trees [0] 19/-1/-1->18->17 [1] 19/-1/-1->18->17
c196-051:12151:12204 [2] NCCL INFO Trees [0] 7/-1/-1->6->5 [1] 7/-1/-1->6->5
c198-011:20359:20416 [0] NCCL INFO Trees [0] 9/12/-1->8->17 [1] 9/-1/-1->8->5
c196-042:27488:27540 [0] NCCL INFO Channel 00/02 :    0   1   2   3   4   5   6   7   8   9  10  11  12  13  14  15  16  17  18  19
c196-042:27488:27540 [0] NCCL INFO Channel 01/02 :    0   1   2   3   4   5   6   7   8   9  10  11  12  13  14  15  16  17  18  19
c198-031:29747:29797 [3] NCCL INFO Trees [0] -1/-1/-1->27->26 [1] -1/-1/-1->27->26
c198-072:24337:24397 [1] NCCL INFO Trees [0] 62/-1/-1->61->60 [1] 62/-1/-1->61->60
c198-071:30731:30786 [2] NCCL INFO Trees [0] 59/-1/-1->58->57 [1] 59/-1/-1->58->57
c198-032:23547:23600 [1] NCCL INFO Trees [0] 30/-1/-1->29->28 [1] 30/44/-1->29->28
c198-022:26075:26132 [3] NCCL INFO Trees [0] -1/-1/-1->23->22 [1] -1/-1/-1->23->22
c198-021:29340:29394 [3] NCCL INFO Trees [0] -1/-1/-1->19->18 [1] -1/-1/-1->19->18
c196-051:12150:12210 [1] NCCL INFO Trees [0] 6/-1/-1->5->4 [1] 6/8/-1->5->4
c196-042:27489:27549 [1] NCCL INFO Trees [0] 2/-1/-1->1->0 [1] 2/-1/-1->1->0
c198-031:29744:29803 [0] NCCL INFO Trees [0] 25/28/-1->24->16 [1] 25/-1/-1->24->21
c198-062:446:508 [0] NCCL INFO Trees [0] 53/-1/-1->52->57 [1] 53/48/-1->52->45
c198-072:24338:24395 [2] NCCL INFO Trees [0] 63/-1/-1->62->61 [1] 63/-1/-1->62->61
c198-071:30732:30784 [3] NCCL INFO Trees [0] -1/-1/-1->59->58 [1] -1/-1/-1->59->58
c198-032:23548:23603 [2] NCCL INFO Trees [0] 31/-1/-1->30->29 [1] 31/-1/-1->30->29
c198-052:21668:21718 [3] NCCL INFO Trees [0] -1/-1/-1->47->46 [1] -1/-1/-1->47->46
c198-022:26072:26129 [0] NCCL INFO Trees [0] 21/-1/-1->20->25 [1] 21/16/-1->20->13
c198-061:14314:14366 [2] NCCL INFO Trees [0] 51/-1/-1->50->49 [1] 51/-1/-1->50->49
c196-051:12149:12209 [0] NCCL INFO Trees [0] 5/-1/-1->4->9 [1] 5/0/-1->4->12
c198-051:23714:23774 [2] NCCL INFO Trees [0] 43/-1/-1->42->41 [1] 43/-1/-1->42->41
c196-042:27491:27547 [3] NCCL INFO Trees [0] -1/-1/-1->3->2 [1] -1/-1/-1->3->2
c198-031:29745:29802 [1] NCCL INFO Trees [0] 26/20/-1->25->24 [1] 26/-1/-1->25->24
c198-041:10735:10794 [0] NCCL INFO Trees [0] 33/48/-1->32->0 [1] 33/-1/-1->32->36
c198-062:449:504 [3] NCCL INFO Trees [0] -1/-1/-1->55->54 [1] -1/-1/-1->55->54
c198-042:12926:12985 [0] NCCL INFO Trees [0] 37/-1/-1->36->41 [1] 37/32/-1->36->44
c198-072:24339:24394 [3] NCCL INFO Trees [0] -1/-1/-1->63->62 [1] -1/-1/-1->63->62
c198-071:30729:30788 [0] NCCL INFO Trees [0] 57/60/-1->56->48 [1] 57/-1/-1->56->53
c198-032:23549:23605 [3] NCCL INFO Trees [0] -1/-1/-1->31->30 [1] -1/-1/-1->31->30
c198-052:21667:21720 [2] NCCL INFO Trees [0] 47/-1/-1->46->45 [1] 47/-1/-1->46->45
c198-022:26073:26127 [1] NCCL INFO Trees [0] 22/-1/-1->21->20 [1] 22/24/-1->21->20
c198-061:14315:14367 [3] NCCL INFO Trees [0] -1/-1/-1->51->50 [1] -1/-1/-1->51->50
c198-051:23715:23770 [3] NCCL INFO Trees [0] -1/-1/-1->43->42 [1] -1/-1/-1->43->42
c196-042:27488:27540 [0] NCCL INFO Trees [0] 1/32/-1->0->-1 [1] 1/-1/-1->0->4
c198-041:10736:10793 [1] NCCL INFO Trees [0] 34/16/-1->33->32 [1] 34/-1/-1->33->32
c198-062:448:505 [2] NCCL INFO Trees [0] 55/-1/-1->54->53 [1] 55/-1/-1->54->53
c198-042:12927:12983 [1] NCCL INFO Trees [0] 38/-1/-1->37->36 [1] 38/40/-1->37->36
c198-072:24336:24391 [0] NCCL INFO Trees [0] 61/-1/-1->60->56 [1] 61/28/-1->60->-1
c198-071:30730:30790 [1] NCCL INFO Trees [0] 58/52/-1->57->56 [1] 58/-1/-1->57->56
c198-052:21665:21722 [0] NCCL INFO Trees [0] 45/-1/-1->44->40 [1] 45/36/-1->44->29
c198-061:14312:14371 [0] NCCL INFO Trees [0] 49/56/-1->48->32 [1] 49/-1/-1->48->52
c198-051:23713:23772 [1] NCCL INFO Trees [0] 42/36/-1->41->40 [1] 42/-1/-1->41->40
c196-042:27490:27545 [2] NCCL INFO Trees [0] 3/-1/-1->2->1 [1] 3/-1/-1->2->1
c198-041:10737:10788 [2] NCCL INFO Trees [0] 35/-1/-1->34->33 [1] 35/-1/-1->34->33
c198-062:447:509 [1] NCCL INFO Trees [0] 54/-1/-1->53->52 [1] 54/56/-1->53->52
c198-042:12928:12979 [2] NCCL INFO Trees [0] 39/-1/-1->38->37 [1] 39/-1/-1->38->37
c198-052:21666:21724 [1] NCCL INFO Trees [0] 46/-1/-1->45->44 [1] 46/52/-1->45->44
c198-061:14313:14369 [1] NCCL INFO Trees [0] 50/40/-1->49->48 [1] 50/-1/-1->49->48
c198-051:23712:23768 [0] NCCL INFO Trees [0] 41/44/-1->40->49 [1] 41/-1/-1->40->37
c198-041:10738:10790 [3] NCCL INFO Trees [0] -1/-1/-1->35->34 [1] -1/-1/-1->35->34
c198-042:12929:12981 [3] NCCL INFO Trees [0] -1/-1/-1->39->38 [1] -1/-1/-1->39->38
c198-012:17414:17473 [0] NCCL INFO Channel 00/0 : 11[83000] -> 12[2000] [receive] via NET/IB/0
c198-021:29337:29396 [0] NCCL INFO Channel 00/0 : 15[83000] -> 16[2000] [receive] via NET/IB/0
c198-072:24336:24391 [0] NCCL INFO Channel 00/0 : 59[83000] -> 60[2000] [receive] via NET/IB/0
c198-011:20359:20416 [0] NCCL INFO Channel 00/0 : 7[83000] -> 8[2000] [receive] via NET/IB/0
c198-031:29744:29803 [0] NCCL INFO Channel 00/0 : 23[83000] -> 24[2000] [receive] via NET/IB/0
c198-062:446:508 [0] NCCL INFO Channel 00/0 : 51[83000] -> 52[2000] [receive] via NET/IB/0
c198-071:30729:30788 [0] NCCL INFO Channel 00/0 : 55[83000] -> 56[2000] [receive] via NET/IB/0
c198-061:14312:14371 [0] NCCL INFO Channel 00/0 : 47[83000] -> 48[2000] [receive] via NET/IB/0
c198-041:10735:10794 [0] NCCL INFO Channel 00/0 : 31[83000] -> 32[2000] [receive] via NET/IB/0
c198-022:26072:26129 [0] NCCL INFO Channel 00/0 : 19[83000] -> 20[2000] [receive] via NET/IB/0
c196-042:27488:27540 [0] NCCL INFO Channel 00/0 : 63[83000] -> 0[2000] [receive] via NET/IB/0
c198-042:12926:12985 [0] NCCL INFO Channel 00/0 : 35[83000] -> 36[2000] [receive] via NET/IB/0
c196-051:12149:12209 [0] NCCL INFO Channel 00/0 : 3[83000] -> 4[2000] [receive] via NET/IB/0
c198-052:21665:21722 [0] NCCL INFO Channel 00/0 : 43[83000] -> 44[2000] [receive] via NET/IB/0
c198-032:23546:23601 [0] NCCL INFO Channel 00/0 : 27[83000] -> 28[2000] [receive] via NET/IB/0
c198-051:23712:23768 [0] NCCL INFO Channel 00/0 : 39[83000] -> 40[2000] [receive] via NET/IB/0
c198-012:17416:17472 [2] NCCL INFO Channel 00 : 14[82000] -> 15[83000] via direct shared memory
c198-012:17416:17472 [2] NCCL INFO Channel 01 : 14[82000] -> 15[83000] via direct shared memory
c198-022:26074:26133 [2] NCCL INFO Channel 00 : 22[82000] -> 23[83000] via direct shared memory
c198-022:26074:26133 [2] NCCL INFO Channel 01 : 22[82000] -> 23[83000] via direct shared memory
c198-031:29746:29801 [2] NCCL INFO Channel 00 : 26[82000] -> 27[83000] via direct shared memory
c198-071:30731:30786 [2] NCCL INFO Channel 00 : 58[82000] -> 59[83000] via direct shared memory
c198-021:29339:29397 [2] NCCL INFO Channel 00 : 18[82000] -> 19[83000] via direct shared memory
c198-042:12928:12979 [2] NCCL INFO Channel 00 : 38[82000] -> 39[83000] via direct shared memory
c198-061:14314:14366 [2] NCCL INFO Channel 00 : 50[82000] -> 51[83000] via direct shared memory
c198-031:29746:29801 [2] NCCL INFO Channel 01 : 26[82000] -> 27[83000] via direct shared memory
c198-071:30731:30786 [2] NCCL INFO Channel 01 : 58[82000] -> 59[83000] via direct shared memory
c198-012:17415:17467 [1] NCCL INFO Channel 00 : 13[3000] -> 14[82000] via direct shared memory
c198-021:29338:29395 [1] NCCL INFO Channel 00 : 17[3000] -> 18[82000] via direct shared memory
c198-021:29339:29397 [2] NCCL INFO Channel 01 : 18[82000] -> 19[83000] via direct shared memory
c198-021:29338:29395 [1] NCCL INFO Channel 01 : 17[3000] -> 18[82000] via direct shared memory
c198-012:17415:17467 [1] NCCL INFO Channel 01 : 13[3000] -> 14[82000] via direct shared memory
c198-061:14314:14366 [2] NCCL INFO Channel 01 : 50[82000] -> 51[83000] via direct shared memory
c198-072:24337:24397 [1] NCCL INFO Channel 00 : 61[3000] -> 62[82000] via direct shared memory
c198-042:12928:12979 [2] NCCL INFO Channel 01 : 38[82000] -> 39[83000] via direct shared memory
c198-072:24338:24395 [2] NCCL INFO Channel 00 : 62[82000] -> 63[83000] via direct shared memory
c198-072:24337:24397 [1] NCCL INFO Channel 01 : 61[3000] -> 62[82000] via direct shared memory
c196-051:12150:12210 [1] NCCL INFO Channel 00 : 5[3000] -> 6[82000] via direct shared memory
c198-042:12927:12983 [1] NCCL INFO Channel 00 : 37[3000] -> 38[82000] via direct shared memory
c198-072:24338:24395 [2] NCCL INFO Channel 01 : 62[82000] -> 63[83000] via direct shared memory
c198-022:26073:26127 [1] NCCL INFO Channel 00 : 21[3000] -> 22[82000] via direct shared memory
c198-011:20361:20412 [2] NCCL INFO Channel 00 : 10[82000] -> 11[83000] via direct shared memory
c198-031:29745:29802 [1] NCCL INFO Channel 00 : 25[3000] -> 26[82000] via direct shared memory
c198-042:12927:12983 [1] NCCL INFO Channel 01 : 37[3000] -> 38[82000] via direct shared memory
c198-022:26073:26127 [1] NCCL INFO Channel 01 : 21[3000] -> 22[82000] via direct shared memory
c198-061:14313:14369 [1] NCCL INFO Channel 00 : 49[3000] -> 50[82000] via direct shared memory
c196-051:12151:12204 [2] NCCL INFO Channel 00 : 6[82000] -> 7[83000] via direct shared memory
c198-011:20360:20415 [1] NCCL INFO Channel 00 : 9[3000] -> 10[82000] via direct shared memory
c198-062:447:509 [1] NCCL INFO Channel 00 : 53[3000] -> 54[82000] via direct shared memory
c198-071:30730:30790 [1] NCCL INFO Channel 00 : 57[3000] -> 58[82000] via direct shared memory
c198-032:23548:23603 [2] NCCL INFO Channel 00 : 30[82000] -> 31[83000] via direct shared memory
c196-051:12150:12210 [1] NCCL INFO Channel 01 : 5[3000] -> 6[82000] via direct shared memory
c198-011:20361:20412 [2] NCCL INFO Channel 01 : 10[82000] -> 11[83000] via direct shared memory
c198-031:29745:29802 [1] NCCL INFO Channel 01 : 25[3000] -> 26[82000] via direct shared memory
c198-062:448:505 [2] NCCL INFO Channel 00 : 54[82000] -> 55[83000] via direct shared memory
c196-051:12151:12204 [2] NCCL INFO Channel 01 : 6[82000] -> 7[83000] via direct shared memory
c198-011:20360:20415 [1] NCCL INFO Channel 01 : 9[3000] -> 10[82000] via direct shared memory
c198-062:447:509 [1] NCCL INFO Channel 01 : 53[3000] -> 54[82000] via direct shared memory
c198-071:30730:30790 [1] NCCL INFO Channel 01 : 57[3000] -> 58[82000] via direct shared memory
c198-032:23547:23600 [1] NCCL INFO Channel 00 : 29[3000] -> 30[82000] via direct shared memory
c198-052:21667:21720 [2] NCCL INFO Channel 00 : 46[82000] -> 47[83000] via direct shared memory
c198-061:14313:14369 [1] NCCL INFO Channel 01 : 49[3000] -> 50[82000] via direct shared memory
c198-041:10736:10793 [1] NCCL INFO Channel 00 : 33[3000] -> 34[82000] via direct shared memory
c198-032:23548:23603 [2] NCCL INFO Channel 01 : 30[82000] -> 31[83000] via direct shared memory
c198-062:448:505 [2] NCCL INFO Channel 01 : 54[82000] -> 55[83000] via direct shared memory
c198-051:23714:23774 [2] NCCL INFO Channel 00 : 42[82000] -> 43[83000] via direct shared memory
c196-042:27490:27545 [2] NCCL INFO Channel 00 : 2[82000] -> 3[83000] via direct shared memory
c198-041:10736:10793 [1] NCCL INFO Channel 01 : 33[3000] -> 34[82000] via direct shared memory
c198-032:23547:23600 [1] NCCL INFO Channel 01 : 29[3000] -> 30[82000] via direct shared memory
c198-052:21666:21724 [1] NCCL INFO Channel 00 : 45[3000] -> 46[82000] via direct shared memory
c198-041:10737:10788 [2] NCCL INFO Channel 00 : 34[82000] -> 35[83000] via direct shared memory
c198-052:21667:21720 [2] NCCL INFO Channel 01 : 46[82000] -> 47[83000] via direct shared memory
c198-051:23713:23772 [1] NCCL INFO Channel 00 : 41[3000] -> 42[82000] via direct shared memory
c198-051:23714:23774 [2] NCCL INFO Channel 01 : 42[82000] -> 43[83000] via direct shared memory
c198-041:10737:10788 [2] NCCL INFO Channel 01 : 34[82000] -> 35[83000] via direct shared memory
c198-052:21666:21724 [1] NCCL INFO Channel 01 : 45[3000] -> 46[82000] via direct shared memory
c196-042:27489:27549 [1] NCCL INFO Channel 00 : 1[3000] -> 2[82000] via direct shared memory
c198-051:23713:23772 [1] NCCL INFO Channel 01 : 41[3000] -> 42[82000] via direct shared memory
c196-042:27490:27545 [2] NCCL INFO Channel 01 : 2[82000] -> 3[83000] via direct shared memory
c196-042:27489:27549 [1] NCCL INFO Channel 01 : 1[3000] -> 2[82000] via direct shared memory
c198-012:17417:17469 [3] NCCL INFO Channel 00/0 : 15[83000] -> 16[2000] [send] via NET/IB/0
c198-022:26075:26132 [3] NCCL INFO Channel 00/0 : 23[83000] -> 24[2000] [send] via NET/IB/0
c198-021:29340:29394 [3] NCCL INFO Channel 00/0 : 19[83000] -> 20[2000] [send] via NET/IB/0
c198-071:30732:30784 [3] NCCL INFO Channel 00/0 : 59[83000] -> 60[2000] [send] via NET/IB/0
c198-061:14315:14367 [3] NCCL INFO Channel 00/0 : 51[83000] -> 52[2000] [send] via NET/IB/0
c198-031:29747:29797 [3] NCCL INFO Channel 00/0 : 27[83000] -> 28[2000] [send] via NET/IB/0
c198-042:12929:12981 [3] NCCL INFO Channel 00/0 : 39[83000] -> 40[2000] [send] via NET/IB/0
c198-072:24339:24394 [3] NCCL INFO Channel 00/0 : 63[83000] -> 0[2000] [send] via NET/IB/0
c198-011:20362:20418 [3] NCCL INFO Channel 00/0 : 11[83000] -> 12[2000] [send] via NET/IB/0
c196-051:12152:12206 [3] NCCL INFO Channel 00/0 : 7[83000] -> 8[2000] [send] via NET/IB/0
c198-032:23549:23605 [3] NCCL INFO Channel 00/0 : 31[83000] -> 32[2000] [send] via NET/IB/0
c198-052:21668:21718 [3] NCCL INFO Channel 00/0 : 47[83000] -> 48[2000] [send] via NET/IB/0
c198-041:10738:10790 [3] NCCL INFO Channel 00/0 : 35[83000] -> 36[2000] [send] via NET/IB/0
c198-062:449:504 [3] NCCL INFO Channel 00/0 : 55[83000] -> 56[2000] [send] via NET/IB/0
c196-042:27491:27547 [3] NCCL INFO Channel 00/0 : 3[83000] -> 4[2000] [send] via NET/IB/0
c198-051:23715:23770 [3] NCCL INFO Channel 00/0 : 43[83000] -> 44[2000] [send] via NET/IB/0
c198-011:20359:20416 [0] NCCL INFO Channel 01/0 : 7[83000] -> 8[2000] [receive] via NET/IB/0
c198-062:446:508 [0] NCCL INFO Channel 01/0 : 51[83000] -> 52[2000] [receive] via NET/IB/0
c198-012:17414:17473 [0] NCCL INFO Channel 01/0 : 11[83000] -> 12[2000] [receive] via NET/IB/0
c198-011:20359:20416 [0] NCCL INFO Channel 00 : 8[2000] -> 9[3000] via direct shared memory
c198-062:446:508 [0] NCCL INFO Channel 00 : 52[2000] -> 53[3000] via direct shared memory
c196-051:12149:12209 [0] NCCL INFO Channel 01/0 : 3[83000] -> 4[2000] [receive] via NET/IB/0
c198-012:17414:17473 [0] NCCL INFO Channel 00 : 12[2000] -> 13[3000] via direct shared memory
c198-061:14312:14371 [0] NCCL INFO Channel 01/0 : 47[83000] -> 48[2000] [receive] via NET/IB/0
c198-032:23546:23601 [0] NCCL INFO Channel 01/0 : 27[83000] -> 28[2000] [receive] via NET/IB/0
c198-022:26072:26129 [0] NCCL INFO Channel 01/0 : 19[83000] -> 20[2000] [receive] via NET/IB/0
c198-021:29337:29396 [0] NCCL INFO Channel 01/0 : 15[83000] -> 16[2000] [receive] via NET/IB/0
c198-011:20359:20416 [0] NCCL INFO Channel 01 : 8[2000] -> 9[3000] via direct shared memory
c198-041:10735:10794 [0] NCCL INFO Channel 01/0 : 31[83000] -> 32[2000] [receive] via NET/IB/0
c198-062:446:508 [0] NCCL INFO Channel 01 : 52[2000] -> 53[3000] via direct shared memory
c198-012:17414:17473 [0] NCCL INFO Channel 01 : 12[2000] -> 13[3000] via direct shared memory
c196-051:12149:12209 [0] NCCL INFO Channel 00 : 4[2000] -> 5[3000] via direct shared memory
c198-042:12926:12985 [0] NCCL INFO Channel 01/0 : 35[83000] -> 36[2000] [receive] via NET/IB/0
c198-032:23546:23601 [0] NCCL INFO Channel 00 : 28[2000] -> 29[3000] via direct shared memory
c198-061:14312:14371 [0] NCCL INFO Channel 00 : 48[2000] -> 49[3000] via direct shared memory
c198-021:29337:29396 [0] NCCL INFO Channel 00 : 16[2000] -> 17[3000] via direct shared memory
c198-072:24336:24391 [0] NCCL INFO Channel 01/0 : 59[83000] -> 60[2000] [receive] via NET/IB/0
c198-022:26072:26129 [0] NCCL INFO Channel 00 : 20[2000] -> 21[3000] via direct shared memory
c196-051:12149:12209 [0] NCCL INFO Channel 01 : 4[2000] -> 5[3000] via direct shared memory
c198-041:10735:10794 [0] NCCL INFO Channel 00 : 32[2000] -> 33[3000] via direct shared memory
c198-032:23546:23601 [0] NCCL INFO Channel 01 : 28[2000] -> 29[3000] via direct shared memory
c198-042:12926:12985 [0] NCCL INFO Channel 00 : 36[2000] -> 37[3000] via direct shared memory
c198-061:14312:14371 [0] NCCL INFO Channel 01 : 48[2000] -> 49[3000] via direct shared memory
c198-021:29337:29396 [0] NCCL INFO Channel 01 : 16[2000] -> 17[3000] via direct shared memory
c198-022:26072:26129 [0] NCCL INFO Channel 01 : 20[2000] -> 21[3000] via direct shared memory
c198-041:10735:10794 [0] NCCL INFO Channel 01 : 32[2000] -> 33[3000] via direct shared memory
c198-072:24336:24391 [0] NCCL INFO Channel 00 : 60[2000] -> 61[3000] via direct shared memory
c198-071:30729:30788 [0] NCCL INFO Channel 01/0 : 55[83000] -> 56[2000] [receive] via NET/IB/0
c198-031:29744:29803 [0] NCCL INFO Channel 01/0 : 23[83000] -> 24[2000] [receive] via NET/IB/0
c198-042:12926:12985 [0] NCCL INFO Channel 01 : 36[2000] -> 37[3000] via direct shared memory
c196-042:27488:27540 [0] NCCL INFO Channel 01/0 : 63[83000] -> 0[2000] [receive] via NET/IB/0
c198-072:24336:24391 [0] NCCL INFO Channel 01 : 60[2000] -> 61[3000] via direct shared memory
c198-031:29744:29803 [0] NCCL INFO Channel 00 : 24[2000] -> 25[3000] via direct shared memory
c198-071:30729:30788 [0] NCCL INFO Channel 00 : 56[2000] -> 57[3000] via direct shared memory
c198-052:21665:21722 [0] NCCL INFO Channel 01/0 : 43[83000] -> 44[2000] [receive] via NET/IB/0
c196-042:27488:27540 [0] NCCL INFO Channel 00 : 0[2000] -> 1[3000] via direct shared memory
c198-031:29744:29803 [0] NCCL INFO Channel 01 : 24[2000] -> 25[3000] via direct shared memory
c198-071:30729:30788 [0] NCCL INFO Channel 01 : 56[2000] -> 57[3000] via direct shared memory
