TACC:  Starting up job 6212661 
TACC:  Starting parallel tasks... 
# nThread 1 nGpus 1 minBytes 65536 maxBytes 268435456 step: 2(factor) warmup iters: 5 iters: 60 agg iters: 1 validation: 1 graph: 0
#
# Using devices
#  Rank  0 Group  0 Pid  19900 on   c196-111 device  0 [0x02] Quadro RTX 5000
#  Rank  1 Group  0 Pid  19901 on   c196-111 device  1 [0x03] Quadro RTX 5000
#  Rank  2 Group  0 Pid  19902 on   c196-111 device  2 [0x82] Quadro RTX 5000
#  Rank  3 Group  0 Pid  19903 on   c196-111 device  3 [0x83] Quadro RTX 5000
#  Rank  4 Group  0 Pid   6450 on   c196-112 device  0 [0x02] Quadro RTX 5000
#  Rank  5 Group  0 Pid   6451 on   c196-112 device  1 [0x03] Quadro RTX 5000
#  Rank  6 Group  0 Pid   6452 on   c196-112 device  2 [0x82] Quadro RTX 5000
#  Rank  7 Group  0 Pid   6453 on   c196-112 device  3 [0x83] Quadro RTX 5000
#  Rank  8 Group  0 Pid   4029 on   c197-011 device  0 [0x02] Quadro RTX 5000
#  Rank  9 Group  0 Pid   4030 on   c197-011 device  1 [0x03] Quadro RTX 5000
#  Rank 10 Group  0 Pid   4031 on   c197-011 device  2 [0x82] Quadro RTX 5000
#  Rank 11 Group  0 Pid   4032 on   c197-011 device  3 [0x83] Quadro RTX 5000
#  Rank 12 Group  0 Pid  32207 on   c197-012 device  0 [0x02] Quadro RTX 5000
#  Rank 13 Group  0 Pid  32208 on   c197-012 device  1 [0x03] Quadro RTX 5000
#  Rank 14 Group  0 Pid  32209 on   c197-012 device  2 [0x82] Quadro RTX 5000
#  Rank 15 Group  0 Pid  32210 on   c197-012 device  3 [0x83] Quadro RTX 5000
The MSCCL XML file exists: /home1/09168/ldai1/ccl-build/msccl_tools_lyd/examples/xml/xml_lyd/ring/allreduce_ring_node4_gpu16_mcl1_mck2_gan0.xml
c196-111:19900:19900 [0] NCCL INFO Bootstrap : Using ib0:192.168.44.121<0>
c196-111:19900:19900 [0] NCCL INFO NET/Plugin : No plugin found (libnccl-net.so), using internal implementation
c196-111:19900:19900 [0] NCCL INFO NET/IB : Using [0]mlx4_0:1/IB [RO]; OOB ib0:192.168.44.121<0>
c196-111:19900:19900 [0] NCCL INFO Using network IB
NCCL version 2.12.12.MSCCL.0.7.4+cuda11.3
c196-111:19902:19902 [2] NCCL INFO Bootstrap : Using ib0:192.168.44.121<0>
c196-111:19902:19902 [2] NCCL INFO NET/Plugin : No plugin found (libnccl-net.so), using internal implementation
c196-111:19901:19901 [1] NCCL INFO Bootstrap : Using ib0:192.168.44.121<0>
c196-111:19902:19902 [2] NCCL INFO NET/IB : Using [0]mlx4_0:1/IB [RO]; OOB ib0:192.168.44.121<0>
c196-111:19902:19902 [2] NCCL INFO Using network IB
c196-111:19901:19901 [1] NCCL INFO NET/Plugin : No plugin found (libnccl-net.so), using internal implementation
c196-111:19903:19903 [3] NCCL INFO Bootstrap : Using ib0:192.168.44.121<0>
c196-111:19903:19903 [3] NCCL INFO NET/Plugin : No plugin found (libnccl-net.so), using internal implementation
c196-111:19903:19903 [3] NCCL INFO NET/IB : Using [0]mlx4_0:1/IB [RO]; OOB ib0:192.168.44.121<0>
c196-111:19903:19903 [3] NCCL INFO Using network IB
c196-111:19901:19901 [1] NCCL INFO NET/IB : Using [0]mlx4_0:1/IB [RO]; OOB ib0:192.168.44.121<0>
c196-111:19901:19901 [1] NCCL INFO Using network IB
c197-011:4032:4032 [3] NCCL INFO Bootstrap : Using ib0:192.168.44.123<0>
c197-011:4032:4032 [3] NCCL INFO NET/Plugin : No plugin found (libnccl-net.so), using internal implementation
c197-011:4031:4031 [2] NCCL INFO Bootstrap : Using ib0:192.168.44.123<0>
c197-012:32207:32207 [0] NCCL INFO Bootstrap : Using ib0:192.168.44.124<0>
c197-011:4031:4031 [2] NCCL INFO NET/Plugin : No plugin found (libnccl-net.so), using internal implementation
c197-012:32208:32208 [1] NCCL INFO Bootstrap : Using ib0:192.168.44.124<0>
c197-012:32207:32207 [0] NCCL INFO NET/Plugin : No plugin found (libnccl-net.so), using internal implementation
c197-012:32208:32208 [1] NCCL INFO NET/Plugin : No plugin found (libnccl-net.so), using internal implementation
c197-011:4032:4032 [3] NCCL INFO NET/IB : Using [0]mlx4_0:1/IB [RO]; OOB ib0:192.168.44.123<0>
c197-011:4032:4032 [3] NCCL INFO Using network IB
c197-011:4031:4031 [2] NCCL INFO NET/IB : Using [0]mlx4_0:1/IB [RO]; OOB ib0:192.168.44.123<0>
c197-011:4031:4031 [2] NCCL INFO Using network IB
c197-012:32209:32209 [2] NCCL INFO Bootstrap : Using ib0:192.168.44.124<0>
c197-012:32209:32209 [2] NCCL INFO NET/Plugin : No plugin found (libnccl-net.so), using internal implementation
c197-012:32208:32208 [1] NCCL INFO NET/IB : Using [0]mlx4_0:1/IB [RO]; OOB ib0:192.168.44.124<0>
c197-012:32208:32208 [1] NCCL INFO Using network IB
c197-012:32207:32207 [0] NCCL INFO NET/IB : Using [0]mlx4_0:1/IB [RO]; OOB ib0:192.168.44.124<0>
c197-012:32207:32207 [0] NCCL INFO Using network IB
c197-012:32209:32209 [2] NCCL INFO NET/IB : Using [0]mlx4_0:1/IB [RO]; OOB ib0:192.168.44.124<0>
c197-012:32209:32209 [2] NCCL INFO Using network IB
c197-011:4029:4029 [0] NCCL INFO Bootstrap : Using ib0:192.168.44.123<0>
c197-012:32210:32210 [3] NCCL INFO Bootstrap : Using ib0:192.168.44.124<0>
c197-011:4029:4029 [0] NCCL INFO NET/Plugin : No plugin found (libnccl-net.so), using internal implementation
c197-012:32210:32210 [3] NCCL INFO NET/Plugin : No plugin found (libnccl-net.so), using internal implementation
c197-012:32210:32210 [3] NCCL INFO NET/IB : Using [0]mlx4_0:1/IB [RO]; OOB ib0:192.168.44.124<0>
c197-012:32210:32210 [3] NCCL INFO Using network IB
c197-011:4029:4029 [0] NCCL INFO NET/IB : Using [0]mlx4_0:1/IB [RO]; OOB ib0:192.168.44.123<0>
c197-011:4029:4029 [0] NCCL INFO Using network IB
c196-112:6453:6453 [3] NCCL INFO Bootstrap : Using ib0:192.168.44.122<0>
c196-112:6453:6453 [3] NCCL INFO NET/Plugin : No plugin found (libnccl-net.so), using internal implementation
c196-112:6453:6453 [3] NCCL INFO NET/IB : Using [0]mlx4_0:1/IB [RO]; OOB ib0:192.168.44.122<0>
c196-112:6453:6453 [3] NCCL INFO Using network IB
c197-011:4030:4030 [1] NCCL INFO Bootstrap : Using ib0:192.168.44.123<0>
c197-011:4030:4030 [1] NCCL INFO NET/Plugin : No plugin found (libnccl-net.so), using internal implementation
c197-011:4030:4030 [1] NCCL INFO NET/IB : Using [0]mlx4_0:1/IB [RO]; OOB ib0:192.168.44.123<0>
c197-011:4030:4030 [1] NCCL INFO Using network IB
c196-112:6450:6450 [0] NCCL INFO Bootstrap : Using ib0:192.168.44.122<0>
c196-112:6452:6452 [2] NCCL INFO Bootstrap : Using ib0:192.168.44.122<0>
c196-112:6451:6451 [1] NCCL INFO Bootstrap : Using ib0:192.168.44.122<0>
c196-112:6452:6452 [2] NCCL INFO NET/Plugin : No plugin found (libnccl-net.so), using internal implementation
c196-112:6450:6450 [0] NCCL INFO NET/Plugin : No plugin found (libnccl-net.so), using internal implementation
c196-112:6451:6451 [1] NCCL INFO NET/Plugin : No plugin found (libnccl-net.so), using internal implementation
c196-112:6452:6452 [2] NCCL INFO NET/IB : Using [0]mlx4_0:1/IB [RO]; OOB ib0:192.168.44.122<0>
c196-112:6452:6452 [2] NCCL INFO Using network IB
c196-112:6451:6451 [1] NCCL INFO NET/IB : Using [0]mlx4_0:1/IB [RO]; OOB ib0:192.168.44.122<0>
c196-112:6451:6451 [1] NCCL INFO Using network IB
c196-112:6450:6450 [0] NCCL INFO NET/IB : Using [0]mlx4_0:1/IB [RO]; OOB ib0:192.168.44.122<0>
c196-112:6450:6450 [0] NCCL INFO Using network IB
c196-111:19900:19951 [0] NCCL INFO Setting affinity for GPU 0 to 0f000f
c196-112:6453:6503 [3] NCCL INFO Setting affinity for GPU 3 to f000f000
c197-012:32210:32267 [3] NCCL INFO Setting affinity for GPU 3 to f000f000
c197-011:4032:4082 [3] NCCL INFO Setting affinity for GPU 3 to f000f000
c196-111:19901:19960 [1] NCCL INFO Setting affinity for GPU 1 to f000f0
c196-111:19902:19956 [2] NCCL INFO Setting affinity for GPU 2 to 0f000f00
c196-111:19903:19958 [3] NCCL INFO Setting affinity for GPU 3 to f000f000
c197-011:4029:4086 [0] NCCL INFO Setting affinity for GPU 0 to 0f000f
c197-012:32207:32263 [0] NCCL INFO Setting affinity for GPU 0 to 0f000f
c197-012:32208:32262 [1] NCCL INFO Setting affinity for GPU 1 to f000f0
c196-112:6451:6507 [1] NCCL INFO Setting affinity for GPU 1 to f000f0
c197-012:32209:32265 [2] NCCL INFO Setting affinity for GPU 2 to 0f000f00
c197-011:4031:4084 [2] NCCL INFO Setting affinity for GPU 2 to 0f000f00
c197-011:4030:4088 [1] NCCL INFO Setting affinity for GPU 1 to f000f0
c196-112:6450:6509 [0] NCCL INFO Setting affinity for GPU 0 to 0f000f
c196-112:6452:6506 [2] NCCL INFO Setting affinity for GPU 2 to 0f000f00
c196-112:6452:6506 [2] NCCL INFO Trees [0] 7/-1/-1->6->5 [1] 7/-1/-1->6->5
c196-112:6453:6503 [3] NCCL INFO Trees [0] -1/-1/-1->7->6 [1] -1/-1/-1->7->6
c196-111:19900:19951 [0] NCCL INFO Channel 00/02 :    0   1   2   3   4   5   6   7   8   9  10  11  12  13  14  15
c196-111:19900:19951 [0] NCCL INFO Channel 01/02 :    0   1   2   3   4   5   6   7   8   9  10  11  12  13  14  15
c196-111:19900:19951 [0] NCCL INFO Trees [0] 1/8/-1->0->-1 [1] 1/-1/-1->0->4
c197-012:32208:32262 [1] NCCL INFO Trees [0] 14/-1/-1->13->12 [1] 14/-1/-1->13->12
c197-011:4029:4086 [0] NCCL INFO Trees [0] 9/12/-1->8->0 [1] 9/-1/-1->8->5
c196-112:6450:6509 [0] NCCL INFO Trees [0] 5/-1/-1->4->9 [1] 5/0/-1->4->12
c196-111:19901:19960 [1] NCCL INFO Trees [0] 2/-1/-1->1->0 [1] 2/-1/-1->1->0
c197-012:32209:32265 [2] NCCL INFO Trees [0] 15/-1/-1->14->13 [1] 15/-1/-1->14->13
c197-011:4032:4082 [3] NCCL INFO Trees [0] -1/-1/-1->11->10 [1] -1/-1/-1->11->10
c196-112:6451:6507 [1] NCCL INFO Trees [0] 6/-1/-1->5->4 [1] 6/8/-1->5->4
c196-111:19902:19956 [2] NCCL INFO Trees [0] 3/-1/-1->2->1 [1] 3/-1/-1->2->1
c197-012:32210:32267 [3] NCCL INFO Trees [0] -1/-1/-1->15->14 [1] -1/-1/-1->15->14
c197-011:4030:4088 [1] NCCL INFO Trees [0] 10/4/-1->9->8 [1] 10/-1/-1->9->8
c196-111:19903:19958 [3] NCCL INFO Trees [0] -1/-1/-1->3->2 [1] -1/-1/-1->3->2
c197-012:32207:32263 [0] NCCL INFO Trees [0] 13/-1/-1->12->8 [1] 13/4/-1->12->-1
c197-011:4031:4084 [2] NCCL INFO Trees [0] 11/-1/-1->10->9 [1] 11/-1/-1->10->9
c197-012:32207:32263 [0] NCCL INFO Channel 00/0 : 11[83000] -> 12[2000] [receive] via NET/IB/0
c197-011:4029:4086 [0] NCCL INFO Channel 00/0 : 7[83000] -> 8[2000] [receive] via NET/IB/0
c196-111:19900:19951 [0] NCCL INFO Channel 00/0 : 15[83000] -> 0[2000] [receive] via NET/IB/0
c196-112:6450:6509 [0] NCCL INFO Channel 00/0 : 3[83000] -> 4[2000] [receive] via NET/IB/0
c197-012:32209:32265 [2] NCCL INFO Channel 00 : 14[82000] -> 15[83000] via direct shared memory
c197-012:32209:32265 [2] NCCL INFO Channel 01 : 14[82000] -> 15[83000] via direct shared memory
c197-012:32208:32262 [1] NCCL INFO Channel 00 : 13[3000] -> 14[82000] via direct shared memory
c197-012:32208:32262 [1] NCCL INFO Channel 01 : 13[3000] -> 14[82000] via direct shared memory
c197-011:4031:4084 [2] NCCL INFO Channel 00 : 10[82000] -> 11[83000] via direct shared memory
c197-011:4031:4084 [2] NCCL INFO Channel 01 : 10[82000] -> 11[83000] via direct shared memory
c196-112:6452:6506 [2] NCCL INFO Channel 00 : 6[82000] -> 7[83000] via direct shared memory
c196-112:6451:6507 [1] NCCL INFO Channel 00 : 5[3000] -> 6[82000] via direct shared memory
c196-112:6452:6506 [2] NCCL INFO Channel 01 : 6[82000] -> 7[83000] via direct shared memory
c196-112:6451:6507 [1] NCCL INFO Channel 01 : 5[3000] -> 6[82000] via direct shared memory
c196-111:19902:19956 [2] NCCL INFO Channel 00 : 2[82000] -> 3[83000] via direct shared memory
c196-111:19901:19960 [1] NCCL INFO Channel 00 : 1[3000] -> 2[82000] via direct shared memory
c196-111:19902:19956 [2] NCCL INFO Channel 01 : 2[82000] -> 3[83000] via direct shared memory
c196-111:19901:19960 [1] NCCL INFO Channel 01 : 1[3000] -> 2[82000] via direct shared memory
c197-012:32210:32267 [3] NCCL INFO Channel 00/0 : 15[83000] -> 0[2000] [send] via NET/IB/0
c197-011:4032:4082 [3] NCCL INFO Channel 00/0 : 11[83000] -> 12[2000] [send] via NET/IB/0
c196-112:6453:6503 [3] NCCL INFO Channel 00/0 : 7[83000] -> 8[2000] [send] via NET/IB/0
c196-111:19903:19958 [3] NCCL INFO Channel 00/0 : 3[83000] -> 4[2000] [send] via NET/IB/0
c197-011:4030:4088 [1] NCCL INFO Channel 00 : 9[3000] -> 10[82000] via direct shared memory
c197-011:4030:4088 [1] NCCL INFO Channel 01 : 9[3000] -> 10[82000] via direct shared memory
c197-012:32207:32263 [0] NCCL INFO Channel 01/0 : 11[83000] -> 12[2000] [receive] via NET/IB/0
c197-012:32207:32263 [0] NCCL INFO Channel 00 : 12[2000] -> 13[3000] via direct shared memory
c196-111:19900:19951 [0] NCCL INFO Channel 01/0 : 15[83000] -> 0[2000] [receive] via NET/IB/0
c197-012:32207:32263 [0] NCCL INFO Channel 01 : 12[2000] -> 13[3000] via direct shared memory
c197-011:4029:4086 [0] NCCL INFO Channel 01/0 : 7[83000] -> 8[2000] [receive] via NET/IB/0
c196-111:19900:19951 [0] NCCL INFO Channel 00 : 0[2000] -> 1[3000] via direct shared memory
c196-111:19900:19951 [0] NCCL INFO Channel 01 : 0[2000] -> 1[3000] via direct shared memory
c197-011:4029:4086 [0] NCCL INFO Channel 00 : 8[2000] -> 9[3000] via direct shared memory
c197-011:4029:4086 [0] NCCL INFO Channel 01 : 8[2000] -> 9[3000] via direct shared memory
c196-112:6450:6509 [0] NCCL INFO Channel 01/0 : 3[83000] -> 4[2000] [receive] via NET/IB/0
c196-112:6450:6509 [0] NCCL INFO Channel 00 : 4[2000] -> 5[3000] via direct shared memory
c196-112:6450:6509 [0] NCCL INFO Channel 01 : 4[2000] -> 5[3000] via direct shared memory
c197-012:32208:32262 [1] NCCL INFO Connected all rings
c196-111:19901:19960 [1] NCCL INFO Connected all rings
c196-112:6451:6507 [1] NCCL INFO Connected all rings
c197-011:4030:4088 [1] NCCL INFO Connected all rings
c196-112:6451:6507 [1] NCCL INFO Channel 01/0 : 5[3000] -> 8[2000] [send] via NET/IB/0
c197-011:4030:4088 [1] NCCL INFO Channel 00/0 : 4[2000] -> 9[3000] [receive] via NET/IB/0
c197-012:32210:32267 [3] NCCL INFO Channel 01/0 : 15[83000] -> 0[2000] [send] via NET/IB/0
c197-011:4032:4082 [3] NCCL INFO Channel 01/0 : 11[83000] -> 12[2000] [send] via NET/IB/0
c196-112:6453:6503 [3] NCCL INFO Channel 01/0 : 7[83000] -> 8[2000] [send] via NET/IB/0
c196-111:19903:19958 [3] NCCL INFO Channel 01/0 : 3[83000] -> 4[2000] [send] via NET/IB/0
c197-012:32209:32265 [2] NCCL INFO Connected all rings
c196-112:6452:6506 [2] NCCL INFO Connected all rings
c197-012:32208:32262 [1] NCCL INFO Channel 00 : 13[3000] -> 12[2000] via direct shared memory
c197-012:32208:32262 [1] NCCL INFO Channel 01 : 13[3000] -> 12[2000] via direct shared memory
c197-011:4031:4084 [2] NCCL INFO Connected all rings
c196-111:19902:19956 [2] NCCL INFO Connected all rings
c196-111:19901:19960 [1] NCCL INFO Channel 00 : 1[3000] -> 0[2000] via direct shared memory
c196-111:19901:19960 [1] NCCL INFO Channel 01 : 1[3000] -> 0[2000] via direct shared memory
c197-012:32210:32267 [3] NCCL INFO Connected all rings
c197-012:32210:32267 [3] NCCL INFO Channel 00 : 15[83000] -> 14[82000] via direct shared memory
c197-011:4032:4082 [3] NCCL INFO Connected all rings
c197-011:4032:4082 [3] NCCL INFO Channel 00 : 11[83000] -> 10[82000] via direct shared memory
c197-012:32210:32267 [3] NCCL INFO Channel 01 : 15[83000] -> 14[82000] via direct shared memory
c197-011:4032:4082 [3] NCCL INFO Channel 01 : 11[83000] -> 10[82000] via direct shared memory
c196-112:6453:6503 [3] NCCL INFO Connected all rings
c196-112:6453:6503 [3] NCCL INFO Channel 00 : 7[83000] -> 6[82000] via direct shared memory
c196-112:6453:6503 [3] NCCL INFO Channel 01 : 7[83000] -> 6[82000] via direct shared memory
c196-111:19903:19958 [3] NCCL INFO Connected all rings
c196-111:19903:19958 [3] NCCL INFO Channel 00 : 3[83000] -> 2[82000] via direct shared memory
c196-111:19900:19951 [0] NCCL INFO Connected all rings
c196-111:19903:19958 [3] NCCL INFO Channel 01 : 3[83000] -> 2[82000] via direct shared memory
c197-012:32209:32265 [2] NCCL INFO Channel 00 : 14[82000] -> 13[3000] via direct shared memory
c197-012:32209:32265 [2] NCCL INFO Channel 01 : 14[82000] -> 13[3000] via direct shared memory
c197-011:4029:4086 [0] NCCL INFO Connected all rings
c196-112:6450:6509 [0] NCCL INFO Connected all rings
c197-012:32207:32263 [0] NCCL INFO Connected all rings
c197-011:4031:4084 [2] NCCL INFO Channel 00 : 10[82000] -> 9[3000] via direct shared memory
c197-011:4031:4084 [2] NCCL INFO Channel 01 : 10[82000] -> 9[3000] via direct shared memory
c197-012:32210:32267 [3] NCCL INFO Connected all trees
c197-012:32210:32267 [3] NCCL INFO MSCCL_XML_FILES set by environment to /home1/09168/ldai1/ccl-build/msccl_tools_lyd/examples/xml/xml_lyd/ring/allreduce_ring_node4_gpu16_mcl1_mck2_gan0.xml
c197-012:32210:32267 [3] NCCL INFO MSCCL: Parsing algorithm /home1/09168/ldai1/ccl-build/msccl_tools_lyd/examples/xml/xml_lyd/ring/allreduce_ring_node4_gpu16_mcl1_mck2_gan0.xml
c196-112:6452:6506 [2] NCCL INFO Channel 00 : 6[82000] -> 5[3000] via direct shared memory
c196-112:6452:6506 [2] NCCL INFO Channel 01 : 6[82000] -> 5[3000] via direct shared memory
c196-111:19902:19956 [2] NCCL INFO Channel 00 : 2[82000] -> 1[3000] via direct shared memory
c196-111:19902:19956 [2] NCCL INFO Channel 01 : 2[82000] -> 1[3000] via direct shared memory
c197-012:32209:32265 [2] NCCL INFO Connected all trees
c197-012:32209:32265 [2] NCCL INFO MSCCL_XML_FILES set by environment to /home1/09168/ldai1/ccl-build/msccl_tools_lyd/examples/xml/xml_lyd/ring/allreduce_ring_node4_gpu16_mcl1_mck2_gan0.xml
c197-012:32209:32265 [2] NCCL INFO MSCCL: Parsing algorithm /home1/09168/ldai1/ccl-build/msccl_tools_lyd/examples/xml/xml_lyd/ring/allreduce_ring_node4_gpu16_mcl1_mck2_gan0.xml
c197-011:4032:4082 [3] NCCL INFO Connected all trees
c197-011:4032:4082 [3] NCCL INFO MSCCL_XML_FILES set by environment to /home1/09168/ldai1/ccl-build/msccl_tools_lyd/examples/xml/xml_lyd/ring/allreduce_ring_node4_gpu16_mcl1_mck2_gan0.xml
c197-011:4032:4082 [3] NCCL INFO MSCCL: Parsing algorithm /home1/09168/ldai1/ccl-build/msccl_tools_lyd/examples/xml/xml_lyd/ring/allreduce_ring_node4_gpu16_mcl1_mck2_gan0.xml
c196-112:6453:6503 [3] NCCL INFO Connected all trees
c196-112:6453:6503 [3] NCCL INFO MSCCL_XML_FILES set by environment to /home1/09168/ldai1/ccl-build/msccl_tools_lyd/examples/xml/xml_lyd/ring/allreduce_ring_node4_gpu16_mcl1_mck2_gan0.xml
c196-112:6453:6503 [3] NCCL INFO MSCCL: Parsing algorithm /home1/09168/ldai1/ccl-build/msccl_tools_lyd/examples/xml/xml_lyd/ring/allreduce_ring_node4_gpu16_mcl1_mck2_gan0.xml
c196-111:19903:19958 [3] NCCL INFO Connected all trees
c196-111:19903:19958 [3] NCCL INFO MSCCL_XML_FILES set by environment to /home1/09168/ldai1/ccl-build/msccl_tools_lyd/examples/xml/xml_lyd/ring/allreduce_ring_node4_gpu16_mcl1_mck2_gan0.xml
c196-111:19903:19958 [3] NCCL INFO MSCCL: Parsing algorithm /home1/09168/ldai1/ccl-build/msccl_tools_lyd/examples/xml/xml_lyd/ring/allreduce_ring_node4_gpu16_mcl1_mck2_gan0.xml
c196-111:19902:19956 [2] NCCL INFO Connected all trees
c196-111:19902:19956 [2] NCCL INFO MSCCL_XML_FILES set by environment to /home1/09168/ldai1/ccl-build/msccl_tools_lyd/examples/xml/xml_lyd/ring/allreduce_ring_node4_gpu16_mcl1_mck2_gan0.xml
c196-111:19902:19956 [2] NCCL INFO MSCCL: Parsing algorithm /home1/09168/ldai1/ccl-build/msccl_tools_lyd/examples/xml/xml_lyd/ring/allreduce_ring_node4_gpu16_mcl1_mck2_gan0.xml
c196-111:19900:19951 [0] NCCL INFO Channel 01/0 : 0[2000] -> 4[2000] [send] via NET/IB/0
c197-011:4029:4086 [0] NCCL INFO Channel 01/0 : 5[3000] -> 8[2000] [receive] via NET/IB/0
c196-112:6450:6509 [0] NCCL INFO Channel 01/0 : 0[2000] -> 4[2000] [receive] via NET/IB/0
c197-012:32207:32263 [0] NCCL INFO Channel 00/0 : 8[2000] -> 12[2000] [receive] via NET/IB/0
c196-112:6450:6509 [0] NCCL INFO Channel 00/0 : 4[2000] -> 9[3000] [send] via NET/IB/0
c196-112:6451:6507 [1] NCCL INFO Channel 01/0 : 8[2000] -> 5[3000] [receive] via NET/IB/0
c197-011:4029:4086 [0] NCCL INFO Channel 00/0 : 8[2000] -> 12[2000] [send] via NET/IB/0
c196-111:19900:19951 [0] NCCL INFO Channel 00/0 : 8[2000] -> 0[2000] [receive] via NET/IB/0
c196-111:19900:19951 [0] NCCL INFO Channel 00/0 : 0[2000] -> 8[2000] [send] via NET/IB/0
c196-112:6450:6509 [0] NCCL INFO Channel 01/0 : 12[2000] -> 4[2000] [receive] via NET/IB/0
c197-012:32207:32263 [0] NCCL INFO Channel 01/0 : 4[2000] -> 12[2000] [receive] via NET/IB/0
c197-011:4029:4086 [0] NCCL INFO Channel 00/0 : 0[2000] -> 8[2000] [receive] via NET/IB/0
c197-011:4030:4088 [1] NCCL INFO Channel 00/0 : 9[3000] -> 4[2000] [send] via NET/IB/0
c196-112:6450:6509 [0] NCCL INFO Channel 01/0 : 4[2000] -> 12[2000] [send] via NET/IB/0
c197-012:32207:32263 [0] NCCL INFO Channel 01/0 : 12[2000] -> 4[2000] [send] via NET/IB/0
c197-011:4029:4086 [0] NCCL INFO Channel 00/0 : 8[2000] -> 0[2000] [send] via NET/IB/0
c196-112:6450:6509 [0] NCCL INFO Channel 00/0 : 9[3000] -> 4[2000] [receive] via NET/IB/0
c197-012:32207:32263 [0] NCCL INFO Channel 00/0 : 12[2000] -> 8[2000] [send] via NET/IB/0
c196-111:19900:19951 [0] NCCL INFO Channel 01/0 : 4[2000] -> 0[2000] [receive] via NET/IB/0
c197-011:4029:4086 [0] NCCL INFO Channel 00/0 : 12[2000] -> 8[2000] [receive] via NET/IB/0
c197-011:4030:4088 [1] NCCL INFO Channel 00 : 9[3000] -> 8[2000] via direct shared memory
c197-011:4030:4088 [1] NCCL INFO Channel 01 : 9[3000] -> 8[2000] via direct shared memory
c197-011:4031:4084 [2] NCCL INFO Connected all trees
c197-011:4031:4084 [2] NCCL INFO MSCCL_XML_FILES set by environment to /home1/09168/ldai1/ccl-build/msccl_tools_lyd/examples/xml/xml_lyd/ring/allreduce_ring_node4_gpu16_mcl1_mck2_gan0.xml
c197-011:4031:4084 [2] NCCL INFO MSCCL: Parsing algorithm /home1/09168/ldai1/ccl-build/msccl_tools_lyd/examples/xml/xml_lyd/ring/allreduce_ring_node4_gpu16_mcl1_mck2_gan0.xml
c197-012:32207:32263 [0] NCCL INFO Connected all trees
c197-012:32207:32263 [0] NCCL INFO MSCCL_XML_FILES set by environment to /home1/09168/ldai1/ccl-build/msccl_tools_lyd/examples/xml/xml_lyd/ring/allreduce_ring_node4_gpu16_mcl1_mck2_gan0.xml
c197-012:32207:32263 [0] NCCL INFO MSCCL: Parsing algorithm /home1/09168/ldai1/ccl-build/msccl_tools_lyd/examples/xml/xml_lyd/ring/allreduce_ring_node4_gpu16_mcl1_mck2_gan0.xml
c197-012:32208:32262 [1] NCCL INFO Connected all trees
c197-012:32208:32262 [1] NCCL INFO MSCCL_XML_FILES set by environment to /home1/09168/ldai1/ccl-build/msccl_tools_lyd/examples/xml/xml_lyd/ring/allreduce_ring_node4_gpu16_mcl1_mck2_gan0.xml
c197-012:32208:32262 [1] NCCL INFO MSCCL: Parsing algorithm /home1/09168/ldai1/ccl-build/msccl_tools_lyd/examples/xml/xml_lyd/ring/allreduce_ring_node4_gpu16_mcl1_mck2_gan0.xml
c196-112:6450:6509 [0] NCCL INFO Channel 01/0 : 4[2000] -> 0[2000] [send] via NET/IB/0
c197-011:4029:4086 [0] NCCL INFO Channel 01/0 : 8[2000] -> 5[3000] [send] via NET/IB/0
c196-111:19900:19951 [0] NCCL INFO Connected all trees
c196-111:19900:19951 [0] NCCL INFO MSCCL_XML_FILES set by environment to /home1/09168/ldai1/ccl-build/msccl_tools_lyd/examples/xml/xml_lyd/ring/allreduce_ring_node4_gpu16_mcl1_mck2_gan0.xml
c196-111:19900:19951 [0] NCCL INFO MSCCL: Parsing algorithm /home1/09168/ldai1/ccl-build/msccl_tools_lyd/examples/xml/xml_lyd/ring/allreduce_ring_node4_gpu16_mcl1_mck2_gan0.xml
c196-111:19901:19960 [1] NCCL INFO Connected all trees
c196-111:19901:19960 [1] NCCL INFO MSCCL_XML_FILES set by environment to /home1/09168/ldai1/ccl-build/msccl_tools_lyd/examples/xml/xml_lyd/ring/allreduce_ring_node4_gpu16_mcl1_mck2_gan0.xml
c196-111:19901:19960 [1] NCCL INFO MSCCL: Parsing algorithm /home1/09168/ldai1/ccl-build/msccl_tools_lyd/examples/xml/xml_lyd/ring/allreduce_ring_node4_gpu16_mcl1_mck2_gan0.xml
c197-011:4029:4086 [0] NCCL INFO Connected all trees
c197-011:4029:4086 [0] NCCL INFO MSCCL_XML_FILES set by environment to /home1/09168/ldai1/ccl-build/msccl_tools_lyd/examples/xml/xml_lyd/ring/allreduce_ring_node4_gpu16_mcl1_mck2_gan0.xml
c197-011:4029:4086 [0] NCCL INFO MSCCL: Parsing algorithm /home1/09168/ldai1/ccl-build/msccl_tools_lyd/examples/xml/xml_lyd/ring/allreduce_ring_node4_gpu16_mcl1_mck2_gan0.xml
c196-112:6451:6507 [1] NCCL INFO Channel 00 : 5[3000] -> 4[2000] via direct shared memory
c196-112:6451:6507 [1] NCCL INFO Channel 01 : 5[3000] -> 4[2000] via direct shared memory
c196-112:6450:6509 [0] NCCL INFO Connected all trees
c196-112:6450:6509 [0] NCCL INFO MSCCL_XML_FILES set by environment to /home1/09168/ldai1/ccl-build/msccl_tools_lyd/examples/xml/xml_lyd/ring/allreduce_ring_node4_gpu16_mcl1_mck2_gan0.xml
c196-112:6450:6509 [0] NCCL INFO MSCCL: Parsing algorithm /home1/09168/ldai1/ccl-build/msccl_tools_lyd/examples/xml/xml_lyd/ring/allreduce_ring_node4_gpu16_mcl1_mck2_gan0.xml
c197-011:4030:4088 [1] NCCL INFO Connected all trees
c197-011:4030:4088 [1] NCCL INFO MSCCL_XML_FILES set by environment to /home1/09168/ldai1/ccl-build/msccl_tools_lyd/examples/xml/xml_lyd/ring/allreduce_ring_node4_gpu16_mcl1_mck2_gan0.xml
c197-011:4030:4088 [1] NCCL INFO MSCCL: Parsing algorithm /home1/09168/ldai1/ccl-build/msccl_tools_lyd/examples/xml/xml_lyd/ring/allreduce_ring_node4_gpu16_mcl1_mck2_gan0.xml
c196-112:6452:6506 [2] NCCL INFO Connected all trees
c196-112:6452:6506 [2] NCCL INFO MSCCL_XML_FILES set by environment to /home1/09168/ldai1/ccl-build/msccl_tools_lyd/examples/xml/xml_lyd/ring/allreduce_ring_node4_gpu16_mcl1_mck2_gan0.xml
c196-112:6452:6506 [2] NCCL INFO MSCCL: Parsing algorithm /home1/09168/ldai1/ccl-build/msccl_tools_lyd/examples/xml/xml_lyd/ring/allreduce_ring_node4_gpu16_mcl1_mck2_gan0.xml
c196-112:6451:6507 [1] NCCL INFO Connected all trees
c196-112:6451:6507 [1] NCCL INFO MSCCL_XML_FILES set by environment to /home1/09168/ldai1/ccl-build/msccl_tools_lyd/examples/xml/xml_lyd/ring/allreduce_ring_node4_gpu16_mcl1_mck2_gan0.xml
c196-112:6451:6507 [1] NCCL INFO MSCCL: Parsing algorithm /home1/09168/ldai1/ccl-build/msccl_tools_lyd/examples/xml/xml_lyd/ring/allreduce_ring_node4_gpu16_mcl1_mck2_gan0.xml
c197-011:4032:4082 [3] NCCL INFO Parsed MSCCL Algorithm /home1/09168/ldai1/ccl-build/msccl_tools_lyd/examples/xml/xml_lyd/ring/allreduce_ring_node4_gpu16_mcl1_mck2_gan0.xml successfully.
c197-011:4031:4084 [2] NCCL INFO Parsed MSCCL Algorithm /home1/09168/ldai1/ccl-build/msccl_tools_lyd/examples/xml/xml_lyd/ring/allreduce_ring_node4_gpu16_mcl1_mck2_gan0.xml successfully.
c197-011:4032:4082 [3] NCCL INFO Channel 00/0 : 4[2000] -> 11[83000] [receive] via NET/IB/0
c197-011:4031:4084 [2] NCCL INFO Connected 1 MSCCL algorithms
c197-011:4031:4084 [2] NCCL INFO NCCL_PROTO set by environment to Simple
c197-011:4031:4084 [2] NCCL INFO NCCL_ALGO set by environment to MSCCL,TREE,RING
c197-011:4031:4084 [2] NCCL INFO threadThresholds 8/8/64 | 128/8/64 | 8/8/64 | 8/8/512
c197-011:4031:4084 [2] NCCL INFO 2 coll channels, 2 p2p channels, 2 p2p channels per peer
c196-111:19901:19960 [1] NCCL INFO Parsed MSCCL Algorithm /home1/09168/ldai1/ccl-build/msccl_tools_lyd/examples/xml/xml_lyd/ring/allreduce_ring_node4_gpu16_mcl1_mck2_gan0.xml successfully.
c197-011:4029:4086 [0] NCCL INFO Parsed MSCCL Algorithm /home1/09168/ldai1/ccl-build/msccl_tools_lyd/examples/xml/xml_lyd/ring/allreduce_ring_node4_gpu16_mcl1_mck2_gan0.xml successfully.
c196-111:19901:19960 [1] NCCL INFO Connected 1 MSCCL algorithms
c196-111:19901:19960 [1] NCCL INFO NCCL_PROTO set by environment to Simple
c196-111:19901:19960 [1] NCCL INFO NCCL_ALGO set by environment to MSCCL,TREE,RING
c196-111:19901:19960 [1] NCCL INFO threadThresholds 8/8/64 | 128/8/64 | 8/8/64 | 8/8/512
c196-111:19901:19960 [1] NCCL INFO 2 coll channels, 2 p2p channels, 2 p2p channels per peer
c197-011:4029:4086 [0] NCCL INFO Channel 00/0 : 8[2000] -> 15[83000] [send] via NET/IB/0
c197-011:4030:4088 [1] NCCL INFO Parsed MSCCL Algorithm /home1/09168/ldai1/ccl-build/msccl_tools_lyd/examples/xml/xml_lyd/ring/allreduce_ring_node4_gpu16_mcl1_mck2_gan0.xml successfully.
c197-011:4030:4088 [1] NCCL INFO Connected 1 MSCCL algorithms
c197-011:4030:4088 [1] NCCL INFO NCCL_PROTO set by environment to Simple
c197-011:4030:4088 [1] NCCL INFO NCCL_ALGO set by environment to MSCCL,TREE,RING
c197-011:4030:4088 [1] NCCL INFO threadThresholds 8/8/64 | 128/8/64 | 8/8/64 | 8/8/512
c197-011:4030:4088 [1] NCCL INFO 2 coll channels, 2 p2p channels, 2 p2p channels per peer
c196-111:19900:19951 [0] NCCL INFO Parsed MSCCL Algorithm /home1/09168/ldai1/ccl-build/msccl_tools_lyd/examples/xml/xml_lyd/ring/allreduce_ring_node4_gpu16_mcl1_mck2_gan0.xml successfully.
c196-111:19903:19958 [3] NCCL INFO Parsed MSCCL Algorithm /home1/09168/ldai1/ccl-build/msccl_tools_lyd/examples/xml/xml_lyd/ring/allreduce_ring_node4_gpu16_mcl1_mck2_gan0.xml successfully.
c196-111:19900:19951 [0] NCCL INFO Channel 00/0 : 0[2000] -> 7[83000] [send] via NET/IB/0
c196-111:19903:19958 [3] NCCL INFO Channel 00/0 : 12[2000] -> 3[83000] [receive] via NET/IB/0
c196-111:19902:19956 [2] NCCL INFO Parsed MSCCL Algorithm /home1/09168/ldai1/ccl-build/msccl_tools_lyd/examples/xml/xml_lyd/ring/allreduce_ring_node4_gpu16_mcl1_mck2_gan0.xml successfully.
c196-111:19902:19956 [2] NCCL INFO Connected 1 MSCCL algorithms
c196-111:19902:19956 [2] NCCL INFO NCCL_PROTO set by environment to Simple
c196-111:19902:19956 [2] NCCL INFO NCCL_ALGO set by environment to MSCCL,TREE,RING
c196-111:19902:19956 [2] NCCL INFO threadThresholds 8/8/64 | 128/8/64 | 8/8/64 | 8/8/512
c196-111:19902:19956 [2] NCCL INFO 2 coll channels, 2 p2p channels, 2 p2p channels per peer
c197-012:32207:32263 [0] NCCL INFO Parsed MSCCL Algorithm /home1/09168/ldai1/ccl-build/msccl_tools_lyd/examples/xml/xml_lyd/ring/allreduce_ring_node4_gpu16_mcl1_mck2_gan0.xml successfully.
c197-012:32210:32267 [3] NCCL INFO Parsed MSCCL Algorithm /home1/09168/ldai1/ccl-build/msccl_tools_lyd/examples/xml/xml_lyd/ring/allreduce_ring_node4_gpu16_mcl1_mck2_gan0.xml successfully.
c197-012:32207:32263 [0] NCCL INFO Channel 00/0 : 12[2000] -> 3[83000] [send] via NET/IB/0
c197-012:32210:32267 [3] NCCL INFO Channel 00/0 : 8[2000] -> 15[83000] [receive] via NET/IB/0
c197-012:32208:32262 [1] NCCL INFO Parsed MSCCL Algorithm /home1/09168/ldai1/ccl-build/msccl_tools_lyd/examples/xml/xml_lyd/ring/allreduce_ring_node4_gpu16_mcl1_mck2_gan0.xml successfully.
c197-012:32208:32262 [1] NCCL INFO Connected 1 MSCCL algorithms
c197-012:32208:32262 [1] NCCL INFO NCCL_PROTO set by environment to Simple
c197-012:32208:32262 [1] NCCL INFO NCCL_ALGO set by environment to MSCCL,TREE,RING
c197-012:32208:32262 [1] NCCL INFO threadThresholds 8/8/64 | 128/8/64 | 8/8/64 | 8/8/512
c197-012:32208:32262 [1] NCCL INFO 2 coll channels, 2 p2p channels, 2 p2p channels per peer
c197-012:32209:32265 [2] NCCL INFO Parsed MSCCL Algorithm /home1/09168/ldai1/ccl-build/msccl_tools_lyd/examples/xml/xml_lyd/ring/allreduce_ring_node4_gpu16_mcl1_mck2_gan0.xml successfully.
c197-012:32209:32265 [2] NCCL INFO Connected 1 MSCCL algorithms
c197-012:32209:32265 [2] NCCL INFO NCCL_PROTO set by environment to Simple
c197-012:32209:32265 [2] NCCL INFO NCCL_ALGO set by environment to MSCCL,TREE,RING
c197-012:32209:32265 [2] NCCL INFO threadThresholds 8/8/64 | 128/8/64 | 8/8/64 | 8/8/512
c197-012:32209:32265 [2] NCCL INFO 2 coll channels, 2 p2p channels, 2 p2p channels per peer
c197-011:4029:4086 [0] NCCL INFO Connected 1 MSCCL algorithms
c197-011:4029:4086 [0] NCCL INFO NCCL_PROTO set by environment to Simple
c197-011:4029:4086 [0] NCCL INFO NCCL_ALGO set by environment to MSCCL,TREE,RING
c197-011:4029:4086 [0] NCCL INFO threadThresholds 8/8/64 | 128/8/64 | 8/8/64 | 8/8/512
c197-011:4029:4086 [0] NCCL INFO 2 coll channels, 2 p2p channels, 2 p2p channels per peer
c196-112:6451:6507 [1] NCCL INFO Parsed MSCCL Algorithm /home1/09168/ldai1/ccl-build/msccl_tools_lyd/examples/xml/xml_lyd/ring/allreduce_ring_node4_gpu16_mcl1_mck2_gan0.xml successfully.
c196-112:6451:6507 [1] NCCL INFO Connected 1 MSCCL algorithms
c196-112:6451:6507 [1] NCCL INFO NCCL_PROTO set by environment to Simple
c196-112:6451:6507 [1] NCCL INFO NCCL_ALGO set by environment to MSCCL,TREE,RING
c196-112:6451:6507 [1] NCCL INFO threadThresholds 8/8/64 | 128/8/64 | 8/8/64 | 8/8/512
c196-112:6451:6507 [1] NCCL INFO 2 coll channels, 2 p2p channels, 2 p2p channels per peer
c196-111:19903:19958 [3] NCCL INFO Connected 1 MSCCL algorithms
c196-111:19903:19958 [3] NCCL INFO NCCL_PROTO set by environment to Simple
c196-111:19903:19958 [3] NCCL INFO NCCL_ALGO set by environment to MSCCL,TREE,RING
c196-111:19903:19958 [3] NCCL INFO threadThresholds 8/8/64 | 128/8/64 | 8/8/64 | 8/8/512
c196-111:19903:19958 [3] NCCL INFO 2 coll channels, 2 p2p channels, 2 p2p channels per peer
c197-012:32210:32267 [3] NCCL INFO Connected 1 MSCCL algorithms
c197-012:32210:32267 [3] NCCL INFO NCCL_PROTO set by environment to Simple
c197-012:32210:32267 [3] NCCL INFO NCCL_ALGO set by environment to MSCCL,TREE,RING
c197-012:32210:32267 [3] NCCL INFO threadThresholds 8/8/64 | 128/8/64 | 8/8/64 | 8/8/512
c197-012:32210:32267 [3] NCCL INFO 2 coll channels, 2 p2p channels, 2 p2p channels per peer
c197-012:32207:32263 [0] NCCL INFO Connected 1 MSCCL algorithms
c197-012:32207:32263 [0] NCCL INFO NCCL_PROTO set by environment to Simple
c197-012:32207:32263 [0] NCCL INFO NCCL_ALGO set by environment to MSCCL,TREE,RING
c197-012:32207:32263 [0] NCCL INFO threadThresholds 8/8/64 | 128/8/64 | 8/8/64 | 8/8/512
c197-012:32207:32263 [0] NCCL INFO 2 coll channels, 2 p2p channels, 2 p2p channels per peer
c196-112:6450:6509 [0] NCCL INFO Parsed MSCCL Algorithm /home1/09168/ldai1/ccl-build/msccl_tools_lyd/examples/xml/xml_lyd/ring/allreduce_ring_node4_gpu16_mcl1_mck2_gan0.xml successfully.
c196-112:6453:6503 [3] NCCL INFO Parsed MSCCL Algorithm /home1/09168/ldai1/ccl-build/msccl_tools_lyd/examples/xml/xml_lyd/ring/allreduce_ring_node4_gpu16_mcl1_mck2_gan0.xml successfully.
c196-112:6450:6509 [0] NCCL INFO Channel 00/0 : 4[2000] -> 11[83000] [send] via NET/IB/0
c196-112:6452:6506 [2] NCCL INFO Parsed MSCCL Algorithm /home1/09168/ldai1/ccl-build/msccl_tools_lyd/examples/xml/xml_lyd/ring/allreduce_ring_node4_gpu16_mcl1_mck2_gan0.xml successfully.
c196-112:6452:6506 [2] NCCL INFO Connected 1 MSCCL algorithms
c196-112:6453:6503 [3] NCCL INFO Channel 00/0 : 0[2000] -> 7[83000] [receive] via NET/IB/0
c196-112:6452:6506 [2] NCCL INFO NCCL_PROTO set by environment to Simple
c196-112:6452:6506 [2] NCCL INFO NCCL_ALGO set by environment to MSCCL,TREE,RING
c196-112:6452:6506 [2] NCCL INFO threadThresholds 8/8/64 | 128/8/64 | 8/8/64 | 8/8/512
c196-112:6452:6506 [2] NCCL INFO 2 coll channels, 2 p2p channels, 2 p2p channels per peer
c196-112:6450:6509 [0] NCCL INFO Connected 1 MSCCL algorithms
c196-112:6450:6509 [0] NCCL INFO NCCL_PROTO set by environment to Simple
c196-112:6450:6509 [0] NCCL INFO NCCL_ALGO set by environment to MSCCL,TREE,RING
c196-112:6450:6509 [0] NCCL INFO threadThresholds 8/8/64 | 128/8/64 | 8/8/64 | 8/8/512
c196-112:6450:6509 [0] NCCL INFO 2 coll channels, 2 p2p channels, 2 p2p channels per peer
c197-011:4032:4082 [3] NCCL INFO Connected 1 MSCCL algorithms
c197-011:4032:4082 [3] NCCL INFO NCCL_PROTO set by environment to Simple
c197-011:4032:4082 [3] NCCL INFO NCCL_ALGO set by environment to MSCCL,TREE,RING
c197-011:4032:4082 [3] NCCL INFO threadThresholds 8/8/64 | 128/8/64 | 8/8/64 | 8/8/512
c197-011:4032:4082 [3] NCCL INFO 2 coll channels, 2 p2p channels, 2 p2p channels per peer
c196-112:6453:6503 [3] NCCL INFO Connected 1 MSCCL algorithms
c196-112:6453:6503 [3] NCCL INFO NCCL_PROTO set by environment to Simple
c196-112:6453:6503 [3] NCCL INFO NCCL_ALGO set by environment to MSCCL,TREE,RING
c196-112:6453:6503 [3] NCCL INFO threadThresholds 8/8/64 | 128/8/64 | 8/8/64 | 8/8/512
c196-112:6453:6503 [3] NCCL INFO 2 coll channels, 2 p2p channels, 2 p2p channels per peer
c196-111:19900:19951 [0] NCCL INFO Connected 1 MSCCL algorithms
c196-111:19900:19951 [0] NCCL INFO NCCL_PROTO set by environment to Simple
c196-111:19900:19951 [0] NCCL INFO NCCL_ALGO set by environment to MSCCL,TREE,RING
c196-111:19900:19951 [0] NCCL INFO threadThresholds 8/8/64 | 128/8/64 | 8/8/64 | 8/8/512
c196-111:19900:19951 [0] NCCL INFO 2 coll channels, 2 p2p channels, 2 p2p channels per peer
c197-012:32207:32263 [0] NCCL INFO comm 0x2b92a2000010 rank 12 nranks 16 cudaDev 0 busId 2000 - Init COMPLETE
c197-012:32210:32267 [3] NCCL INFO comm 0x2ab232000010 rank 15 nranks 16 cudaDev 3 busId 83000 - Init COMPLETE
c197-012:32208:32262 [1] NCCL INFO comm 0x2ac08e000010 rank 13 nranks 16 cudaDev 1 busId 3000 - Init COMPLETE
c197-012:32209:32265 [2] NCCL INFO comm 0x2b978e000010 rank 14 nranks 16 cudaDev 2 busId 82000 - Init COMPLETE
c197-011:4031:4084 [2] NCCL INFO comm 0x2b03b2615010 rank 10 nranks 16 cudaDev 2 busId 82000 - Init COMPLETE
c197-011:4029:4086 [0] NCCL INFO comm 0x2af79e201010 rank 8 nranks 16 cudaDev 0 busId 2000 - Init COMPLETE
c197-011:4030:4088 [1] NCCL INFO comm 0x2b25ce402010 rank 9 nranks 16 cudaDev 1 busId 3000 - Init COMPLETE
c196-112:6450:6509 [0] NCCL INFO comm 0x2aac8e402010 rank 4 nranks 16 cudaDev 0 busId 2000 - Init COMPLETE
c197-011:4032:4082 [3] NCCL INFO comm 0x2b7275f4f010 rank 11 nranks 16 cudaDev 3 busId 83000 - Init COMPLETE
c196-112:6452:6506 [2] NCCL INFO comm 0x2b5180000010 rank 6 nranks 16 cudaDev 2 busId 82000 - Init COMPLETE
c196-112:6453:6503 [3] NCCL INFO comm 0x2b306d81c010 rank 7 nranks 16 cudaDev 3 busId 83000 - Init COMPLETE
c196-112:6451:6507 [1] NCCL INFO comm 0x2b66fd5ef010 rank 5 nranks 16 cudaDev 1 busId 3000 - Init COMPLETE
c196-111:19902:19956 [2] NCCL INFO comm 0x2b2b222ae010 rank 2 nranks 16 cudaDev 2 busId 82000 - Init COMPLETE
c196-111:19903:19958 [3] NCCL INFO comm 0x2b27fd81c010 rank 3 nranks 16 cudaDev 3 busId 83000 - Init COMPLETE
c196-111:19900:19951 [0] NCCL INFO comm 0x2b7c6d45a010 rank 0 nranks 16 cudaDev 0 busId 2000 - Init COMPLETE
#
#                                                              out-of-place                       in-place          
#       size         count      type   redop    root     time   algbw   busbw #wrong     time   algbw   busbw #wrong
#        (B)    (elements)                               (us)  (GB/s)  (GB/s)            (us)  (GB/s)  (GB/s)       
c196-111:19901:19960 [1] NCCL INFO comm 0x2b0dee000010 rank 1 nranks 16 cudaDev 1 busId 3000 - Init COMPLETE
c196-111:19900:19900 [0] NCCL INFO Launch mode Parallel
       65536         16384     float     sum      -1    708.1    0.09    0.17      0    701.0    0.09    0.18      0
      131072         32768     float     sum      -1    753.1    0.17    0.33      0    752.2    0.17    0.33      0
      262144         65536     float     sum      -1    844.6    0.31    0.58      0    842.0    0.31    0.58      0
      524288        131072     float     sum      -1    980.4    0.53    1.00      0    985.4    0.53    1.00      0
     1048576        262144     float     sum      -1   1287.3    0.81    1.53      0   1253.5    0.84    1.57      0
     2097152        524288     float     sum      -1   1465.4    1.43    2.68      0   1469.8    1.43    2.68      0
     4194304       1048576     float     sum      -1   2135.3    1.96    3.68      0   2140.5    1.96    3.67      0
     8388608       2097152     float     sum      -1   3552.6    2.36    4.43      0   3543.4    2.37    4.44      0
    16777216       4194304     float     sum      -1   6659.6    2.52    4.72      0   6649.3    2.52    4.73      0
    33554432       8388608     float     sum      -1    12948    2.59    4.86      0    12964    2.59    4.85      0
    67108864      16777216     float     sum      -1    25701    2.61    4.90      0    28059    2.39    4.48      0
   134217728      33554432     float     sum      -1    67190    2.00    3.75      0    67706    1.98    3.72      0
   268435456      67108864     float     sum      -1   138785    1.93    3.63      0   140264    1.91    3.59      0
c196-112:6452:6452 [2] NCCL INFO comm 0x2b5180000010 rank 6 nranks 16 cudaDev 2 busId 82000 - Destroy COMPLETE
c197-011:4031:4031 [2] NCCL INFO comm 0x2b03b2615010 rank 10 nranks 16 cudaDev 2 busId 82000 - Destroy COMPLETE
c197-012:32208:32208 [1] NCCL INFO comm 0x2ac08e000010 rank 13 nranks 16 cudaDev 1 busId 3000 - Destroy COMPLETE
c196-111:19902:19902 [2] NCCL INFO comm 0x2b2b222ae010 rank 2 nranks 16 cudaDev 2 busId 82000 - Destroy COMPLETE
c196-111:19903:19903 [3] NCCL INFO comm 0x2b27fd81c010 rank 3 nranks 16 cudaDev 3 busId 83000 - Destroy COMPLETE
c197-011:4032:4032 [3] NCCL INFO comm 0x2b7275f4f010 rank 11 nranks 16 cudaDev 3 busId 83000 - Destroy COMPLETE
c197-012:32210:32210 [3] NCCL INFO comm 0x2ab232000010 rank 15 nranks 16 cudaDev 3 busId 83000 - Destroy COMPLETE
c196-112:6453:6453 [3] NCCL INFO comm 0x2b306d81c010 rank 7 nranks 16 cudaDev 3 busId 83000 - Destroy COMPLETE
c197-012:32209:32209 [2] NCCL INFO comm 0x2b978e000010 rank 14 nranks 16 cudaDev 2 busId 82000 - Destroy COMPLETE
c197-012:32207:32207 [0] NCCL INFO comm 0x2b92a2000010 rank 12 nranks 16 cudaDev 0 busId 2000 - Destroy COMPLETE
c196-112:6451:6451 [1] NCCL INFO comm 0x2b66fd5ef010 rank 5 nranks 16 cudaDev 1 busId 3000 - Destroy COMPLETE
c196-111:19901:19901 [1] NCCL INFO comm 0x2b0dee000010 rank 1 nranks 16 cudaDev 1 busId 3000 - Destroy COMPLETE
c197-011:4030:4030 [1] NCCL INFO comm 0x2b25ce402010 rank 9 nranks 16 cudaDev 1 busId 3000 - Destroy COMPLETE
c196-111:19900:19900 [0] NCCL INFO comm 0x2b7c6d45a010 rank 0 nranks 16 cudaDev 0 busId 2000 - Destroy COMPLETE
c196-112:6450:6450 [0] NCCL INFO comm 0x2aac8e402010 rank 4 nranks 16 cudaDev 0 busId 2000 - Destroy COMPLETE
c197-011:4029:4029 [0] NCCL INFO comm 0x2af79e201010 rank 8 nranks 16 cudaDev 0 busId 2000 - Destroy COMPLETE
# Out of bounds values : 0 OK
# Avg bus bandwidth    : 2.7719 
#

TACC:  Shutdown complete. Exiting. 
