c198-012:17414:17473 [0] NCCL INFO MSCCL_XML_FILES set by environment to /home1/09168/ldai1/ccl-build/msccl_tools_lyd/examples/xml/xml_lyd/ring/allreduce_ring_node16_gpu64_mcl4_mck1_gan0.xml
c198-012:17414:17473 [0] NCCL INFO MSCCL: Parsing algorithm /home1/09168/ldai1/ccl-build/msccl_tools_lyd/examples/xml/xml_lyd/ring/allreduce_ring_node16_gpu64_mcl4_mck1_gan0.xml
c198-012:17415:17467 [1] NCCL INFO Connected all trees
c198-012:17415:17467 [1] NCCL INFO MSCCL_XML_FILES set by environment to /home1/09168/ldai1/ccl-build/msccl_tools_lyd/examples/xml/xml_lyd/ring/allreduce_ring_node16_gpu64_mcl4_mck1_gan0.xml
c198-012:17415:17467 [1] NCCL INFO MSCCL: Parsing algorithm /home1/09168/ldai1/ccl-build/msccl_tools_lyd/examples/xml/xml_lyd/ring/allreduce_ring_node16_gpu64_mcl4_mck1_gan0.xml
c198-011:20360:20415 [1] NCCL INFO Channel 00 : 9[3000] -> 8[2000] via direct shared memory
c198-011:20360:20415 [1] NCCL INFO Channel 01 : 9[3000] -> 8[2000] via direct shared memory
c198-031:29744:29803 [0] NCCL INFO Connected all trees
c198-031:29744:29803 [0] NCCL INFO MSCCL_XML_FILES set by environment to /home1/09168/ldai1/ccl-build/msccl_tools_lyd/examples/xml/xml_lyd/ring/allreduce_ring_node16_gpu64_mcl4_mck1_gan0.xml
c198-031:29744:29803 [0] NCCL INFO MSCCL: Parsing algorithm /home1/09168/ldai1/ccl-build/msccl_tools_lyd/examples/xml/xml_lyd/ring/allreduce_ring_node16_gpu64_mcl4_mck1_gan0.xml
c198-022:26073:26127 [1] NCCL INFO Channel 00 : 21[3000] -> 20[2000] via direct shared memory
c198-061:14312:14371 [0] NCCL INFO Connected all trees
c198-061:14312:14371 [0] NCCL INFO MSCCL_XML_FILES set by environment to /home1/09168/ldai1/ccl-build/msccl_tools_lyd/examples/xml/xml_lyd/ring/allreduce_ring_node16_gpu64_mcl4_mck1_gan0.xml
c198-061:14312:14371 [0] NCCL INFO MSCCL: Parsing algorithm /home1/09168/ldai1/ccl-build/msccl_tools_lyd/examples/xml/xml_lyd/ring/allreduce_ring_node16_gpu64_mcl4_mck1_gan0.xml
c198-022:26073:26127 [1] NCCL INFO Channel 01 : 21[3000] -> 20[2000] via direct shared memory
c198-022:26072:26129 [0] NCCL INFO Connected all trees
c198-022:26072:26129 [0] NCCL INFO MSCCL_XML_FILES set by environment to /home1/09168/ldai1/ccl-build/msccl_tools_lyd/examples/xml/xml_lyd/ring/allreduce_ring_node16_gpu64_mcl4_mck1_gan0.xml
c198-022:26072:26129 [0] NCCL INFO MSCCL: Parsing algorithm /home1/09168/ldai1/ccl-build/msccl_tools_lyd/examples/xml/xml_lyd/ring/allreduce_ring_node16_gpu64_mcl4_mck1_gan0.xml
c198-011:20361:20412 [2] NCCL INFO Connected all trees
c198-011:20361:20412 [2] NCCL INFO MSCCL_XML_FILES set by environment to /home1/09168/ldai1/ccl-build/msccl_tools_lyd/examples/xml/xml_lyd/ring/allreduce_ring_node16_gpu64_mcl4_mck1_gan0.xml
c198-011:20361:20412 [2] NCCL INFO MSCCL: Parsing algorithm /home1/09168/ldai1/ccl-build/msccl_tools_lyd/examples/xml/xml_lyd/ring/allreduce_ring_node16_gpu64_mcl4_mck1_gan0.xml
c198-031:29745:29802 [1] NCCL INFO Connected all trees
c198-031:29745:29802 [1] NCCL INFO MSCCL_XML_FILES set by environment to /home1/09168/ldai1/ccl-build/msccl_tools_lyd/examples/xml/xml_lyd/ring/allreduce_ring_node16_gpu64_mcl4_mck1_gan0.xml
c198-031:29745:29802 [1] NCCL INFO MSCCL: Parsing algorithm /home1/09168/ldai1/ccl-build/msccl_tools_lyd/examples/xml/xml_lyd/ring/allreduce_ring_node16_gpu64_mcl4_mck1_gan0.xml
c198-061:14313:14369 [1] NCCL INFO Connected all trees
c198-061:14313:14369 [1] NCCL INFO MSCCL_XML_FILES set by environment to /home1/09168/ldai1/ccl-build/msccl_tools_lyd/examples/xml/xml_lyd/ring/allreduce_ring_node16_gpu64_mcl4_mck1_gan0.xml
c198-061:14313:14369 [1] NCCL INFO MSCCL: Parsing algorithm /home1/09168/ldai1/ccl-build/msccl_tools_lyd/examples/xml/xml_lyd/ring/allreduce_ring_node16_gpu64_mcl4_mck1_gan0.xml
c198-022:26073:26127 [1] NCCL INFO Connected all trees
c198-022:26073:26127 [1] NCCL INFO MSCCL_XML_FILES set by environment to /home1/09168/ldai1/ccl-build/msccl_tools_lyd/examples/xml/xml_lyd/ring/allreduce_ring_node16_gpu64_mcl4_mck1_gan0.xml
c198-022:26073:26127 [1] NCCL INFO MSCCL: Parsing algorithm /home1/09168/ldai1/ccl-build/msccl_tools_lyd/examples/xml/xml_lyd/ring/allreduce_ring_node16_gpu64_mcl4_mck1_gan0.xml
c198-022:26074:26133 [2] NCCL INFO Connected all trees
c198-022:26074:26133 [2] NCCL INFO MSCCL_XML_FILES set by environment to /home1/09168/ldai1/ccl-build/msccl_tools_lyd/examples/xml/xml_lyd/ring/allreduce_ring_node16_gpu64_mcl4_mck1_gan0.xml
c198-022:26074:26133 [2] NCCL INFO MSCCL: Parsing algorithm /home1/09168/ldai1/ccl-build/msccl_tools_lyd/examples/xml/xml_lyd/ring/allreduce_ring_node16_gpu64_mcl4_mck1_gan0.xml
c198-072:24336:24391 [0] NCCL INFO Connected all trees
c198-072:24336:24391 [0] NCCL INFO MSCCL_XML_FILES set by environment to /home1/09168/ldai1/ccl-build/msccl_tools_lyd/examples/xml/xml_lyd/ring/allreduce_ring_node16_gpu64_mcl4_mck1_gan0.xml
c198-072:24336:24391 [0] NCCL INFO MSCCL: Parsing algorithm /home1/09168/ldai1/ccl-build/msccl_tools_lyd/examples/xml/xml_lyd/ring/allreduce_ring_node16_gpu64_mcl4_mck1_gan0.xml
c198-072:24337:24397 [1] NCCL INFO Connected all trees
c198-072:24337:24397 [1] NCCL INFO MSCCL_XML_FILES set by environment to /home1/09168/ldai1/ccl-build/msccl_tools_lyd/examples/xml/xml_lyd/ring/allreduce_ring_node16_gpu64_mcl4_mck1_gan0.xml
c198-072:24337:24397 [1] NCCL INFO MSCCL: Parsing algorithm /home1/09168/ldai1/ccl-build/msccl_tools_lyd/examples/xml/xml_lyd/ring/allreduce_ring_node16_gpu64_mcl4_mck1_gan0.xml
c198-011:20359:20416 [0] NCCL INFO Channel 01/0 : 8[2000] -> 5[3000] [send] via NET/IB/0
c196-051:12149:12209 [0] NCCL INFO Channel 01/0 : 4[2000] -> 0[2000] [send] via NET/IB/0
c198-071:30729:30788 [0] NCCL INFO Channel 01/0 : 56[2000] -> 53[3000] [send] via NET/IB/0
c198-052:21665:21722 [0] NCCL INFO Parsed MSCCL Algorithm /home1/09168/ldai1/ccl-build/msccl_tools_lyd/examples/xml/xml_lyd/ring/allreduce_ring_node16_gpu64_mcl4_mck1_gan0.xml successfully.
c198-011:20359:20416 [0] NCCL INFO Connected all trees
c198-011:20359:20416 [0] NCCL INFO MSCCL_XML_FILES set by environment to /home1/09168/ldai1/ccl-build/msccl_tools_lyd/examples/xml/xml_lyd/ring/allreduce_ring_node16_gpu64_mcl4_mck1_gan0.xml
c198-011:20359:20416 [0] NCCL INFO MSCCL: Parsing algorithm /home1/09168/ldai1/ccl-build/msccl_tools_lyd/examples/xml/xml_lyd/ring/allreduce_ring_node16_gpu64_mcl4_mck1_gan0.xml
c198-052:21665:21722 [0] NCCL INFO Channel 02/0 : 43[83000] -> 44[2000] [receive] via NET/IB/0
c198-052:21665:21722 [0] NCCL INFO Channel 02 : 44[2000] -> 45[3000] via direct shared memory
c198-052:21665:21722 [0] NCCL INFO Channel 03 : 44[2000] -> 45[3000] via direct shared memory
c198-052:21666:21724 [1] NCCL INFO Parsed MSCCL Algorithm /home1/09168/ldai1/ccl-build/msccl_tools_lyd/examples/xml/xml_lyd/ring/allreduce_ring_node16_gpu64_mcl4_mck1_gan0.xml successfully.
c196-042:27488:27540 [0] NCCL INFO Connected all trees
c196-042:27488:27540 [0] NCCL INFO MSCCL_XML_FILES set by environment to /home1/09168/ldai1/ccl-build/msccl_tools_lyd/examples/xml/xml_lyd/ring/allreduce_ring_node16_gpu64_mcl4_mck1_gan0.xml
c196-042:27488:27540 [0] NCCL INFO MSCCL: Parsing algorithm /home1/09168/ldai1/ccl-build/msccl_tools_lyd/examples/xml/xml_lyd/ring/allreduce_ring_node16_gpu64_mcl4_mck1_gan0.xml
c198-011:20360:20415 [1] NCCL INFO Connected all trees
c198-011:20360:20415 [1] NCCL INFO MSCCL_XML_FILES set by environment to /home1/09168/ldai1/ccl-build/msccl_tools_lyd/examples/xml/xml_lyd/ring/allreduce_ring_node16_gpu64_mcl4_mck1_gan0.xml
c198-011:20360:20415 [1] NCCL INFO MSCCL: Parsing algorithm /home1/09168/ldai1/ccl-build/msccl_tools_lyd/examples/xml/xml_lyd/ring/allreduce_ring_node16_gpu64_mcl4_mck1_gan0.xml
c196-051:12150:12210 [1] NCCL INFO Channel 00 : 5[3000] -> 4[2000] via direct shared memory
c196-051:12150:12210 [1] NCCL INFO Channel 01 : 5[3000] -> 4[2000] via direct shared memory
c196-051:12149:12209 [0] NCCL INFO Connected all trees
c196-051:12149:12209 [0] NCCL INFO MSCCL_XML_FILES set by environment to /home1/09168/ldai1/ccl-build/msccl_tools_lyd/examples/xml/xml_lyd/ring/allreduce_ring_node16_gpu64_mcl4_mck1_gan0.xml
c196-051:12149:12209 [0] NCCL INFO MSCCL: Parsing algorithm /home1/09168/ldai1/ccl-build/msccl_tools_lyd/examples/xml/xml_lyd/ring/allreduce_ring_node16_gpu64_mcl4_mck1_gan0.xml
c198-021:29337:29396 [0] NCCL INFO Parsed MSCCL Algorithm /home1/09168/ldai1/ccl-build/msccl_tools_lyd/examples/xml/xml_lyd/ring/allreduce_ring_node16_gpu64_mcl4_mck1_gan0.xml successfully.
c196-042:27489:27549 [1] NCCL INFO Connected all trees
c196-042:27489:27549 [1] NCCL INFO MSCCL_XML_FILES set by environment to /home1/09168/ldai1/ccl-build/msccl_tools_lyd/examples/xml/xml_lyd/ring/allreduce_ring_node16_gpu64_mcl4_mck1_gan0.xml
c196-042:27489:27549 [1] NCCL INFO MSCCL: Parsing algorithm /home1/09168/ldai1/ccl-build/msccl_tools_lyd/examples/xml/xml_lyd/ring/allreduce_ring_node16_gpu64_mcl4_mck1_gan0.xml
c198-051:23714:23774 [2] NCCL INFO Parsed MSCCL Algorithm /home1/09168/ldai1/ccl-build/msccl_tools_lyd/examples/xml/xml_lyd/ring/allreduce_ring_node16_gpu64_mcl4_mck1_gan0.xml successfully.
c198-021:29337:29396 [0] NCCL INFO Channel 02/0 : 15[83000] -> 16[2000] [receive] via NET/IB/0
c198-021:29337:29396 [0] NCCL INFO Channel 02 : 16[2000] -> 17[3000] via direct shared memory
c196-051:12150:12210 [1] NCCL INFO Connected all trees
c196-051:12150:12210 [1] NCCL INFO MSCCL_XML_FILES set by environment to /home1/09168/ldai1/ccl-build/msccl_tools_lyd/examples/xml/xml_lyd/ring/allreduce_ring_node16_gpu64_mcl4_mck1_gan0.xml
c196-051:12150:12210 [1] NCCL INFO MSCCL: Parsing algorithm /home1/09168/ldai1/ccl-build/msccl_tools_lyd/examples/xml/xml_lyd/ring/allreduce_ring_node16_gpu64_mcl4_mck1_gan0.xml
c198-021:29337:29396 [0] NCCL INFO Channel 03 : 16[2000] -> 17[3000] via direct shared memory
c196-051:12151:12204 [2] NCCL INFO Connected all trees
c196-051:12151:12204 [2] NCCL INFO MSCCL_XML_FILES set by environment to /home1/09168/ldai1/ccl-build/msccl_tools_lyd/examples/xml/xml_lyd/ring/allreduce_ring_node16_gpu64_mcl4_mck1_gan0.xml
c196-051:12151:12204 [2] NCCL INFO MSCCL: Parsing algorithm /home1/09168/ldai1/ccl-build/msccl_tools_lyd/examples/xml/xml_lyd/ring/allreduce_ring_node16_gpu64_mcl4_mck1_gan0.xml
c198-021:29338:29395 [1] NCCL INFO Parsed MSCCL Algorithm /home1/09168/ldai1/ccl-build/msccl_tools_lyd/examples/xml/xml_lyd/ring/allreduce_ring_node16_gpu64_mcl4_mck1_gan0.xml successfully.
c198-071:30729:30788 [0] NCCL INFO Connected all trees
c198-071:30729:30788 [0] NCCL INFO MSCCL_XML_FILES set by environment to /home1/09168/ldai1/ccl-build/msccl_tools_lyd/examples/xml/xml_lyd/ring/allreduce_ring_node16_gpu64_mcl4_mck1_gan0.xml
c198-071:30729:30788 [0] NCCL INFO MSCCL: Parsing algorithm /home1/09168/ldai1/ccl-build/msccl_tools_lyd/examples/xml/xml_lyd/ring/allreduce_ring_node16_gpu64_mcl4_mck1_gan0.xml
c198-062:447:509 [1] NCCL INFO Channel 00 : 53[3000] -> 52[2000] via direct shared memory
c198-062:447:509 [1] NCCL INFO Channel 01 : 53[3000] -> 52[2000] via direct shared memory
c198-062:446:508 [0] NCCL INFO Connected all trees
c198-062:446:508 [0] NCCL INFO MSCCL_XML_FILES set by environment to /home1/09168/ldai1/ccl-build/msccl_tools_lyd/examples/xml/xml_lyd/ring/allreduce_ring_node16_gpu64_mcl4_mck1_gan0.xml
c198-062:446:508 [0] NCCL INFO MSCCL: Parsing algorithm /home1/09168/ldai1/ccl-build/msccl_tools_lyd/examples/xml/xml_lyd/ring/allreduce_ring_node16_gpu64_mcl4_mck1_gan0.xml
c198-071:30730:30790 [1] NCCL INFO Connected all trees
c198-071:30730:30790 [1] NCCL INFO MSCCL_XML_FILES set by environment to /home1/09168/ldai1/ccl-build/msccl_tools_lyd/examples/xml/xml_lyd/ring/allreduce_ring_node16_gpu64_mcl4_mck1_gan0.xml
c198-071:30730:30790 [1] NCCL INFO MSCCL: Parsing algorithm /home1/09168/ldai1/ccl-build/msccl_tools_lyd/examples/xml/xml_lyd/ring/allreduce_ring_node16_gpu64_mcl4_mck1_gan0.xml
c198-051:23714:23774 [2] NCCL INFO Channel 02 : 42[82000] -> 43[83000] via direct shared memory
c198-051:23714:23774 [2] NCCL INFO Channel 03 : 42[82000] -> 43[83000] via direct shared memory
c198-062:447:509 [1] NCCL INFO Connected all trees
c198-062:447:509 [1] NCCL INFO MSCCL_XML_FILES set by environment to /home1/09168/ldai1/ccl-build/msccl_tools_lyd/examples/xml/xml_lyd/ring/allreduce_ring_node16_gpu64_mcl4_mck1_gan0.xml
c198-052:21666:21724 [1] NCCL INFO Channel 02 : 45[3000] -> 46[82000] via direct shared memory
c198-062:447:509 [1] NCCL INFO MSCCL: Parsing algorithm /home1/09168/ldai1/ccl-build/msccl_tools_lyd/examples/xml/xml_lyd/ring/allreduce_ring_node16_gpu64_mcl4_mck1_gan0.xml
c198-062:448:505 [2] NCCL INFO Connected all trees
c198-062:448:505 [2] NCCL INFO MSCCL_XML_FILES set by environment to /home1/09168/ldai1/ccl-build/msccl_tools_lyd/examples/xml/xml_lyd/ring/allreduce_ring_node16_gpu64_mcl4_mck1_gan0.xml
c198-062:448:505 [2] NCCL INFO MSCCL: Parsing algorithm /home1/09168/ldai1/ccl-build/msccl_tools_lyd/examples/xml/xml_lyd/ring/allreduce_ring_node16_gpu64_mcl4_mck1_gan0.xml
c198-052:21666:21724 [1] NCCL INFO Channel 01/0 : 42[82000] -> 45[3000] [receive] via NET/IB/0
c198-052:21667:21720 [2] NCCL INFO Channel 01/0 : 46[82000] -> 49[3000] [send] via NET/IB/0
c198-021:29338:29395 [1] NCCL INFO Channel 02 : 17[3000] -> 18[82000] via direct shared memory
c198-021:29338:29395 [1] NCCL INFO Channel 01/0 : 14[82000] -> 17[3000] [receive] via NET/IB/0
c198-052:21665:21722 [0] NCCL INFO Channel 01 : 44[2000] -> 47[83000] via direct shared memory
c198-021:29339:29397 [2] NCCL INFO Channel 01/0 : 18[82000] -> 21[3000] [send] via NET/IB/0
c198-021:29337:29396 [0] NCCL INFO Channel 01 : 16[2000] -> 19[83000] via direct shared memory
c198-032:23546:23601 [0] NCCL INFO Parsed MSCCL Algorithm /home1/09168/ldai1/ccl-build/msccl_tools_lyd/examples/xml/xml_lyd/ring/allreduce_ring_node16_gpu64_mcl4_mck1_gan0.xml successfully.
c198-051:23712:23768 [0] NCCL INFO Parsed MSCCL Algorithm /home1/09168/ldai1/ccl-build/msccl_tools_lyd/examples/xml/xml_lyd/ring/allreduce_ring_node16_gpu64_mcl4_mck1_gan0.xml successfully.
c198-032:23546:23601 [0] NCCL INFO Channel 02/0 : 27[83000] -> 28[2000] [receive] via NET/IB/0
c198-032:23546:23601 [0] NCCL INFO Channel 02 : 28[2000] -> 29[3000] via direct shared memory
c198-032:23546:23601 [0] NCCL INFO Channel 03 : 28[2000] -> 29[3000] via direct shared memory
c198-051:23712:23768 [0] NCCL INFO Channel 02/0 : 39[83000] -> 40[2000] [receive] via NET/IB/0
c198-051:23712:23768 [0] NCCL INFO Channel 02 : 40[2000] -> 41[3000] via direct shared memory
c198-051:23712:23768 [0] NCCL INFO Channel 03 : 40[2000] -> 41[3000] via direct shared memory
c198-051:23713:23772 [1] NCCL INFO Parsed MSCCL Algorithm /home1/09168/ldai1/ccl-build/msccl_tools_lyd/examples/xml/xml_lyd/ring/allreduce_ring_node16_gpu64_mcl4_mck1_gan0.xml successfully.
c198-032:23547:23600 [1] NCCL INFO Parsed MSCCL Algorithm /home1/09168/ldai1/ccl-build/msccl_tools_lyd/examples/xml/xml_lyd/ring/allreduce_ring_node16_gpu64_mcl4_mck1_gan0.xml successfully.
c198-042:12926:12985 [0] NCCL INFO Parsed MSCCL Algorithm /home1/09168/ldai1/ccl-build/msccl_tools_lyd/examples/xml/xml_lyd/ring/allreduce_ring_node16_gpu64_mcl4_mck1_gan0.xml successfully.
c198-042:12926:12985 [0] NCCL INFO Channel 02/0 : 35[83000] -> 36[2000] [receive] via NET/IB/0
c198-042:12926:12985 [0] NCCL INFO Channel 02 : 36[2000] -> 37[3000] via direct shared memory
c198-042:12926:12985 [0] NCCL INFO Channel 03 : 36[2000] -> 37[3000] via direct shared memory
c198-042:12928:12979 [2] NCCL INFO Parsed MSCCL Algorithm /home1/09168/ldai1/ccl-build/msccl_tools_lyd/examples/xml/xml_lyd/ring/allreduce_ring_node16_gpu64_mcl4_mck1_gan0.xml successfully.
c198-042:12927:12983 [1] NCCL INFO Parsed MSCCL Algorithm /home1/09168/ldai1/ccl-build/msccl_tools_lyd/examples/xml/xml_lyd/ring/allreduce_ring_node16_gpu64_mcl4_mck1_gan0.xml successfully.
c198-041:10735:10794 [0] NCCL INFO Parsed MSCCL Algorithm /home1/09168/ldai1/ccl-build/msccl_tools_lyd/examples/xml/xml_lyd/ring/allreduce_ring_node16_gpu64_mcl4_mck1_gan0.xml successfully.
c198-041:10735:10794 [0] NCCL INFO Channel 02/0 : 31[83000] -> 32[2000] [receive] via NET/IB/0
c198-041:10735:10794 [0] NCCL INFO Channel 02 : 32[2000] -> 33[3000] via direct shared memory
c198-041:10735:10794 [0] NCCL INFO Channel 03 : 32[2000] -> 33[3000] via direct shared memory
c198-041:10736:10793 [1] NCCL INFO Parsed MSCCL Algorithm /home1/09168/ldai1/ccl-build/msccl_tools_lyd/examples/xml/xml_lyd/ring/allreduce_ring_node16_gpu64_mcl4_mck1_gan0.xml successfully.
c198-051:23713:23772 [1] NCCL INFO Channel 02 : 41[3000] -> 42[82000] via direct shared memory
c198-042:12928:12979 [2] NCCL INFO Channel 02 : 38[82000] -> 39[83000] via direct shared memory
c198-042:12928:12979 [2] NCCL INFO Channel 03 : 38[82000] -> 39[83000] via direct shared memory
c198-032:23547:23600 [1] NCCL INFO Channel 02 : 29[3000] -> 30[82000] via direct shared memory
c198-051:23713:23772 [1] NCCL INFO Channel 01/0 : 38[82000] -> 41[3000] [receive] via NET/IB/0
c198-032:23547:23600 [1] NCCL INFO Channel 01/0 : 26[82000] -> 29[3000] [receive] via NET/IB/0
c198-051:23714:23774 [2] NCCL INFO Channel 01/0 : 42[82000] -> 45[3000] [send] via NET/IB/0
c198-042:12927:12983 [1] NCCL INFO Channel 02 : 37[3000] -> 38[82000] via direct shared memory
c198-032:23548:23603 [2] NCCL INFO Channel 01/0 : 30[82000] -> 33[3000] [send] via NET/IB/0
c198-042:12927:12983 [1] NCCL INFO Channel 01/0 : 34[82000] -> 37[3000] [receive] via NET/IB/0
c198-051:23712:23768 [0] NCCL INFO Channel 01 : 40[2000] -> 43[83000] via direct shared memory
c198-051:23715:23770 [3] NCCL INFO Channel 00/0 : 36[2000] -> 43[83000] [receive] via NET/IB/0
c198-032:23546:23601 [0] NCCL INFO Channel 01 : 28[2000] -> 31[83000] via direct shared memory
c198-041:10736:10793 [1] NCCL INFO Channel 02 : 33[3000] -> 34[82000] via direct shared memory
c198-042:12928:12979 [2] NCCL INFO Channel 01/0 : 38[82000] -> 41[3000] [send] via NET/IB/0
c198-041:10736:10793 [1] NCCL INFO Channel 01/0 : 30[82000] -> 33[3000] [receive] via NET/IB/0
c198-042:12926:12985 [0] NCCL INFO Channel 01 : 36[2000] -> 39[83000] via direct shared memory
c198-041:10737:10788 [2] NCCL INFO Channel 01/0 : 34[82000] -> 37[3000] [send] via NET/IB/0
c198-041:10735:10794 [0] NCCL INFO Channel 01 : 32[2000] -> 35[83000] via direct shared memory
c198-012:17414:17473 [0] NCCL INFO Parsed MSCCL Algorithm /home1/09168/ldai1/ccl-build/msccl_tools_lyd/examples/xml/xml_lyd/ring/allreduce_ring_node16_gpu64_mcl4_mck1_gan0.xml successfully.
c198-012:17414:17473 [0] NCCL INFO Channel 02/0 : 11[83000] -> 12[2000] [receive] via NET/IB/0
c198-012:17414:17473 [0] NCCL INFO Channel 02 : 12[2000] -> 13[3000] via direct shared memory
c198-012:17414:17473 [0] NCCL INFO Channel 03 : 12[2000] -> 13[3000] via direct shared memory
c198-012:17415:17467 [1] NCCL INFO Parsed MSCCL Algorithm /home1/09168/ldai1/ccl-build/msccl_tools_lyd/examples/xml/xml_lyd/ring/allreduce_ring_node16_gpu64_mcl4_mck1_gan0.xml successfully.
c198-031:29744:29803 [0] NCCL INFO Parsed MSCCL Algorithm /home1/09168/ldai1/ccl-build/msccl_tools_lyd/examples/xml/xml_lyd/ring/allreduce_ring_node16_gpu64_mcl4_mck1_gan0.xml successfully.
c198-011:20361:20412 [2] NCCL INFO Parsed MSCCL Algorithm /home1/09168/ldai1/ccl-build/msccl_tools_lyd/examples/xml/xml_lyd/ring/allreduce_ring_node16_gpu64_mcl4_mck1_gan0.xml successfully.
c198-031:29744:29803 [0] NCCL INFO Channel 02/0 : 23[83000] -> 24[2000] [receive] via NET/IB/0
c198-031:29744:29803 [0] NCCL INFO Channel 02 : 24[2000] -> 25[3000] via direct shared memory
c198-031:29744:29803 [0] NCCL INFO Channel 03 : 24[2000] -> 25[3000] via direct shared memory
c198-022:26074:26133 [2] NCCL INFO Parsed MSCCL Algorithm /home1/09168/ldai1/ccl-build/msccl_tools_lyd/examples/xml/xml_lyd/ring/allreduce_ring_node16_gpu64_mcl4_mck1_gan0.xml successfully.
c198-031:29745:29802 [1] NCCL INFO Parsed MSCCL Algorithm /home1/09168/ldai1/ccl-build/msccl_tools_lyd/examples/xml/xml_lyd/ring/allreduce_ring_node16_gpu64_mcl4_mck1_gan0.xml successfully.
c198-061:14312:14371 [0] NCCL INFO Parsed MSCCL Algorithm /home1/09168/ldai1/ccl-build/msccl_tools_lyd/examples/xml/xml_lyd/ring/allreduce_ring_node16_gpu64_mcl4_mck1_gan0.xml successfully.
c198-061:14312:14371 [0] NCCL INFO Channel 02/0 : 47[83000] -> 48[2000] [receive] via NET/IB/0
c198-061:14312:14371 [0] NCCL INFO Channel 02 : 48[2000] -> 49[3000] via direct shared memory
c198-072:24336:24391 [0] NCCL INFO Parsed MSCCL Algorithm /home1/09168/ldai1/ccl-build/msccl_tools_lyd/examples/xml/xml_lyd/ring/allreduce_ring_node16_gpu64_mcl4_mck1_gan0.xml successfully.
c198-061:14312:14371 [0] NCCL INFO Channel 03 : 48[2000] -> 49[3000] via direct shared memory
c198-072:24336:24391 [0] NCCL INFO Channel 02/0 : 59[83000] -> 60[2000] [receive] via NET/IB/0
c198-061:14313:14369 [1] NCCL INFO Parsed MSCCL Algorithm /home1/09168/ldai1/ccl-build/msccl_tools_lyd/examples/xml/xml_lyd/ring/allreduce_ring_node16_gpu64_mcl4_mck1_gan0.xml successfully.
c198-072:24336:24391 [0] NCCL INFO Channel 02 : 60[2000] -> 61[3000] via direct shared memory
c198-072:24336:24391 [0] NCCL INFO Channel 03 : 60[2000] -> 61[3000] via direct shared memory
c198-072:24337:24397 [1] NCCL INFO Parsed MSCCL Algorithm /home1/09168/ldai1/ccl-build/msccl_tools_lyd/examples/xml/xml_lyd/ring/allreduce_ring_node16_gpu64_mcl4_mck1_gan0.xml successfully.
c198-022:26073:26127 [1] NCCL INFO Parsed MSCCL Algorithm /home1/09168/ldai1/ccl-build/msccl_tools_lyd/examples/xml/xml_lyd/ring/allreduce_ring_node16_gpu64_mcl4_mck1_gan0.xml successfully.
c198-022:26072:26129 [0] NCCL INFO Parsed MSCCL Algorithm /home1/09168/ldai1/ccl-build/msccl_tools_lyd/examples/xml/xml_lyd/ring/allreduce_ring_node16_gpu64_mcl4_mck1_gan0.xml successfully.
c198-011:20361:20412 [2] NCCL INFO Channel 02 : 10[82000] -> 11[83000] via direct shared memory
c198-011:20361:20412 [2] NCCL INFO Channel 03 : 10[82000] -> 11[83000] via direct shared memory
c198-012:17415:17467 [1] NCCL INFO Channel 02 : 13[3000] -> 14[82000] via direct shared memory
c198-022:26074:26133 [2] NCCL INFO Channel 02 : 22[82000] -> 23[83000] via direct shared memory
c198-022:26072:26129 [0] NCCL INFO Channel 02/0 : 19[83000] -> 20[2000] [receive] via NET/IB/0
c198-022:26074:26133 [2] NCCL INFO Channel 03 : 22[82000] -> 23[83000] via direct shared memory
c198-022:26072:26129 [0] NCCL INFO Channel 02 : 20[2000] -> 21[3000] via direct shared memory
c198-022:26072:26129 [0] NCCL INFO Channel 03 : 20[2000] -> 21[3000] via direct shared memory
c198-012:17415:17467 [1] NCCL INFO Channel 01/0 : 10[82000] -> 13[3000] [receive] via NET/IB/0
c198-051:23712:23768 [0] NCCL INFO Channel 00/0 : 40[2000] -> 47[83000] [send] via NET/IB/0
c198-032:23549:23605 [3] NCCL INFO Channel 00/0 : 24[2000] -> 31[83000] [receive] via NET/IB/0
c198-051:23714:23774 [2] NCCL INFO Channel 03/0 : 37[3000] -> 42[82000] [receive] via NET/IB/0
c198-052:21666:21724 [1] NCCL INFO Channel 03/0 : 45[3000] -> 50[82000] [send] via NET/IB/0
c198-032:23546:23601 [0] NCCL INFO Channel 00/0 : 28[2000] -> 35[83000] [send] via NET/IB/0
c198-012:17416:17472 [2] NCCL INFO Channel 01/0 : 14[82000] -> 17[3000] [send] via NET/IB/0
c198-031:29745:29802 [1] NCCL INFO Channel 02 : 25[3000] -> 26[82000] via direct shared memory
c198-042:12929:12981 [3] NCCL INFO Channel 00/0 : 32[2000] -> 39[83000] [receive] via NET/IB/0
c198-031:29745:29802 [1] NCCL INFO Channel 01/0 : 22[82000] -> 25[3000] [receive] via NET/IB/0
c198-012:17414:17473 [0] NCCL INFO Channel 01 : 12[2000] -> 15[83000] via direct shared memory
c198-012:17417:17469 [3] NCCL INFO Channel 00/0 : 8[2000] -> 15[83000] [receive] via NET/IB/0
c198-042:12926:12985 [0] NCCL INFO Channel 00/0 : 36[2000] -> 43[83000] [send] via NET/IB/0
c198-042:12928:12979 [2] NCCL INFO Channel 03/0 : 33[3000] -> 38[82000] [receive] via NET/IB/0
c198-052:21665:21722 [0] NCCL INFO Channel 00/0 : 44[2000] -> 51[83000] [send] via NET/IB/0
c198-061:14313:14369 [1] NCCL INFO Channel 02 : 49[3000] -> 50[82000] via direct shared memory
c198-072:24337:24397 [1] NCCL INFO Channel 02 : 61[3000] -> 62[82000] via direct shared memory
c198-031:29746:29801 [2] NCCL INFO Channel 01/0 : 26[82000] -> 29[3000] [send] via NET/IB/0
c198-022:26073:26127 [1] NCCL INFO Channel 02 : 21[3000] -> 22[82000] via direct shared memory
c198-032:23548:23603 [2] NCCL INFO Channel 03/0 : 25[3000] -> 30[82000] [receive] via NET/IB/0
c198-061:14313:14369 [1] NCCL INFO Channel 01/0 : 46[82000] -> 49[3000] [receive] via NET/IB/0
c198-041:10736:10793 [1] NCCL INFO Channel 03/0 : 33[3000] -> 38[82000] [send] via NET/IB/0
c198-022:26073:26127 [1] NCCL INFO Channel 01/0 : 18[82000] -> 21[3000] [receive] via NET/IB/0
c198-021:29337:29396 [0] NCCL INFO Channel 00/0 : 16[2000] -> 23[83000] [send] via NET/IB/0
c198-041:10738:10790 [3] NCCL INFO Channel 00/0 : 28[2000] -> 35[83000] [receive] via NET/IB/0
c198-051:23713:23772 [1] NCCL INFO Channel 03/0 : 41[3000] -> 46[82000] [send] via NET/IB/0
c198-041:10735:10794 [0] NCCL INFO Channel 00/0 : 32[2000] -> 39[83000] [send] via NET/IB/0
c198-041:10737:10788 [2] NCCL INFO Channel 03/0 : 29[3000] -> 34[82000] [receive] via NET/IB/0
c198-042:12927:12983 [1] NCCL INFO Channel 03/0 : 37[3000] -> 42[82000] [send] via NET/IB/0
c198-072:24337:24397 [1] NCCL INFO Channel 01/0 : 58[82000] -> 61[3000] [receive] via NET/IB/0
c198-061:14314:14366 [2] NCCL INFO Channel 01/0 : 50[82000] -> 53[3000] [send] via NET/IB/0
c198-051:23715:23770 [3] NCCL INFO Channel 03 : 43[83000] -> 40[2000] via direct shared memory
c198-031:29744:29803 [0] NCCL INFO Channel 01 : 24[2000] -> 27[83000] via direct shared memory
c198-072:24338:24395 [2] NCCL INFO Channel 01/0 : 62[82000] -> 1[3000] [send] via NET/IB/0
c198-031:29747:29797 [3] NCCL INFO Channel 00/0 : 20[2000] -> 27[83000] [receive] via NET/IB/0
c198-022:26074:26133 [2] NCCL INFO Channel 01/0 : 22[82000] -> 25[3000] [send] via NET/IB/0
c198-041:10736:10793 [1] NCCL INFO Connected 1 MSCCL algorithms
c198-041:10736:10793 [1] NCCL INFO NCCL_PROTO set by environment to Simple
c198-041:10736:10793 [1] NCCL INFO NCCL_ALGO set by environment to MSCCL,TREE,RING
c198-041:10736:10793 [1] NCCL INFO threadThresholds 8/8/64 | 512/8/64 | 8/8/64 | 8/8/512
c198-041:10736:10793 [1] NCCL INFO 4 coll channels, 2 p2p channels, 2 p2p channels per peer
c198-042:12928:12979 [2] NCCL INFO Connected 1 MSCCL algorithms
c198-042:12928:12979 [2] NCCL INFO NCCL_PROTO set by environment to Simple
c198-042:12928:12979 [2] NCCL INFO NCCL_ALGO set by environment to MSCCL,TREE,RING
c198-042:12928:12979 [2] NCCL INFO threadThresholds 8/8/64 | 512/8/64 | 8/8/64 | 8/8/512
c198-042:12928:12979 [2] NCCL INFO 4 coll channels, 2 p2p channels, 2 p2p channels per peer
c198-061:14312:14371 [0] NCCL INFO Channel 01 : 48[2000] -> 51[83000] via direct shared memory
c198-022:26072:26129 [0] NCCL INFO Channel 01 : 20[2000] -> 23[83000] via direct shared memory
c198-042:12927:12983 [1] NCCL INFO Connected 1 MSCCL algorithms
c198-042:12927:12983 [1] NCCL INFO NCCL_PROTO set by environment to Simple
c198-042:12927:12983 [1] NCCL INFO NCCL_ALGO set by environment to MSCCL,TREE,RING
c198-042:12927:12983 [1] NCCL INFO threadThresholds 8/8/64 | 512/8/64 | 8/8/64 | 8/8/512
c198-042:12927:12983 [1] NCCL INFO 4 coll channels, 2 p2p channels, 2 p2p channels per peer
c198-041:10738:10790 [3] NCCL INFO Channel 03 : 35[83000] -> 32[2000] via direct shared memory
c198-051:23714:23774 [2] NCCL INFO Connected 1 MSCCL algorithms
c198-051:23714:23774 [2] NCCL INFO NCCL_PROTO set by environment to Simple
c198-051:23714:23774 [2] NCCL INFO NCCL_ALGO set by environment to MSCCL,TREE,RING
c198-051:23714:23774 [2] NCCL INFO threadThresholds 8/8/64 | 512/8/64 | 8/8/64 | 8/8/512
c198-051:23714:23774 [2] NCCL INFO 4 coll channels, 2 p2p channels, 2 p2p channels per peer
c198-072:24336:24391 [0] NCCL INFO Channel 01 : 60[2000] -> 63[83000] via direct shared memory
c198-042:12929:12981 [3] NCCL INFO Channel 03 : 39[83000] -> 36[2000] via direct shared memory
c198-042:12926:12985 [0] NCCL INFO Connected 1 MSCCL algorithms
c198-042:12926:12985 [0] NCCL INFO NCCL_PROTO set by environment to Simple
c198-042:12926:12985 [0] NCCL INFO NCCL_ALGO set by environment to MSCCL,TREE,RING
c198-042:12926:12985 [0] NCCL INFO threadThresholds 8/8/64 | 512/8/64 | 8/8/64 | 8/8/512
c198-042:12926:12985 [0] NCCL INFO 4 coll channels, 2 p2p channels, 2 p2p channels per peer
c198-011:20359:20416 [0] NCCL INFO Parsed MSCCL Algorithm /home1/09168/ldai1/ccl-build/msccl_tools_lyd/examples/xml/xml_lyd/ring/allreduce_ring_node16_gpu64_mcl4_mck1_gan0.xml successfully.
c198-042:12929:12981 [3] NCCL INFO Connected 1 MSCCL algorithms
c198-042:12929:12981 [3] NCCL INFO NCCL_PROTO set by environment to Simple
c198-042:12929:12981 [3] NCCL INFO NCCL_ALGO set by environment to MSCCL,TREE,RING
c198-042:12929:12981 [3] NCCL INFO threadThresholds 8/8/64 | 512/8/64 | 8/8/64 | 8/8/512
c198-042:12929:12981 [3] NCCL INFO 4 coll channels, 2 p2p channels, 2 p2p channels per peer
c198-011:20359:20416 [0] NCCL INFO Channel 02/0 : 7[83000] -> 8[2000] [receive] via NET/IB/0
c198-011:20359:20416 [0] NCCL INFO Channel 02 : 8[2000] -> 9[3000] via direct shared memory
c198-011:20359:20416 [0] NCCL INFO Channel 03 : 8[2000] -> 9[3000] via direct shared memory
c196-042:27488:27540 [0] NCCL INFO Parsed MSCCL Algorithm /home1/09168/ldai1/ccl-build/msccl_tools_lyd/examples/xml/xml_lyd/ring/allreduce_ring_node16_gpu64_mcl4_mck1_gan0.xml successfully.
c198-011:20360:20415 [1] NCCL INFO Parsed MSCCL Algorithm /home1/09168/ldai1/ccl-build/msccl_tools_lyd/examples/xml/xml_lyd/ring/allreduce_ring_node16_gpu64_mcl4_mck1_gan0.xml successfully.
c196-042:27488:27540 [0] NCCL INFO Channel 02/0 : 63[83000] -> 0[2000] [receive] via NET/IB/0
c196-042:27488:27540 [0] NCCL INFO Channel 02 : 0[2000] -> 1[3000] via direct shared memory
c196-042:27488:27540 [0] NCCL INFO Channel 03 : 0[2000] -> 1[3000] via direct shared memory
c196-042:27489:27549 [1] NCCL INFO Parsed MSCCL Algorithm /home1/09168/ldai1/ccl-build/msccl_tools_lyd/examples/xml/xml_lyd/ring/allreduce_ring_node16_gpu64_mcl4_mck1_gan0.xml successfully.
c198-041:10735:10794 [0] NCCL INFO Connected 1 MSCCL algorithms
c198-041:10735:10794 [0] NCCL INFO NCCL_PROTO set by environment to Simple
c198-041:10735:10794 [0] NCCL INFO NCCL_ALGO set by environment to MSCCL,TREE,RING
c198-041:10735:10794 [0] NCCL INFO threadThresholds 8/8/64 | 512/8/64 | 8/8/64 | 8/8/512
c198-041:10735:10794 [0] NCCL INFO 4 coll channels, 2 p2p channels, 2 p2p channels per peer
c198-041:10738:10790 [3] NCCL INFO Connected 1 MSCCL algorithms
c198-041:10738:10790 [3] NCCL INFO NCCL_PROTO set by environment to Simple
c198-041:10738:10790 [3] NCCL INFO NCCL_ALGO set by environment to MSCCL,TREE,RING
c198-041:10738:10790 [3] NCCL INFO threadThresholds 8/8/64 | 512/8/64 | 8/8/64 | 8/8/512
c198-041:10738:10790 [3] NCCL INFO 4 coll channels, 2 p2p channels, 2 p2p channels per peer
c196-051:12149:12209 [0] NCCL INFO Parsed MSCCL Algorithm /home1/09168/ldai1/ccl-build/msccl_tools_lyd/examples/xml/xml_lyd/ring/allreduce_ring_node16_gpu64_mcl4_mck1_gan0.xml successfully.
c196-051:12151:12204 [2] NCCL INFO Parsed MSCCL Algorithm /home1/09168/ldai1/ccl-build/msccl_tools_lyd/examples/xml/xml_lyd/ring/allreduce_ring_node16_gpu64_mcl4_mck1_gan0.xml successfully.
c196-051:12149:12209 [0] NCCL INFO Channel 02/0 : 3[83000] -> 4[2000] [receive] via NET/IB/0
c196-051:12149:12209 [0] NCCL INFO Channel 02 : 4[2000] -> 5[3000] via direct shared memory
c196-051:12149:12209 [0] NCCL INFO Channel 03 : 4[2000] -> 5[3000] via direct shared memory
c196-051:12150:12210 [1] NCCL INFO Parsed MSCCL Algorithm /home1/09168/ldai1/ccl-build/msccl_tools_lyd/examples/xml/xml_lyd/ring/allreduce_ring_node16_gpu64_mcl4_mck1_gan0.xml successfully.
c198-011:20360:20415 [1] NCCL INFO Channel 02 : 9[3000] -> 10[82000] via direct shared memory
c198-011:20360:20415 [1] NCCL INFO Channel 01/0 : 6[82000] -> 9[3000] [receive] via NET/IB/0
c196-051:12151:12204 [2] NCCL INFO Channel 02 : 6[82000] -> 7[83000] via direct shared memory
c196-051:12151:12204 [2] NCCL INFO Channel 03 : 6[82000] -> 7[83000] via direct shared memory
c198-052:21668:21718 [3] NCCL INFO Channel 00/0 : 40[2000] -> 47[83000] [receive] via NET/IB/0
c196-042:27489:27549 [1] NCCL INFO Channel 02 : 1[3000] -> 2[82000] via direct shared memory
c198-012:17414:17473 [0] NCCL INFO Channel 00/0 : 12[2000] -> 19[83000] [send] via NET/IB/0
c198-012:17416:17472 [2] NCCL INFO Channel 03/0 : 9[3000] -> 14[82000] [receive] via NET/IB/0
c198-062:446:508 [0] NCCL INFO Parsed MSCCL Algorithm /home1/09168/ldai1/ccl-build/msccl_tools_lyd/examples/xml/xml_lyd/ring/allreduce_ring_node16_gpu64_mcl4_mck1_gan0.xml successfully.
c198-062:448:505 [2] NCCL INFO Parsed MSCCL Algorithm /home1/09168/ldai1/ccl-build/msccl_tools_lyd/examples/xml/xml_lyd/ring/allreduce_ring_node16_gpu64_mcl4_mck1_gan0.xml successfully.
c198-021:29338:29395 [1] NCCL INFO Channel 03/0 : 17[3000] -> 22[82000] [send] via NET/IB/0
c198-071:30729:30788 [0] NCCL INFO Parsed MSCCL Algorithm /home1/09168/ldai1/ccl-build/msccl_tools_lyd/examples/xml/xml_lyd/ring/allreduce_ring_node16_gpu64_mcl4_mck1_gan0.xml successfully.
c198-062:447:509 [1] NCCL INFO Parsed MSCCL Algorithm /home1/09168/ldai1/ccl-build/msccl_tools_lyd/examples/xml/xml_lyd/ring/allreduce_ring_node16_gpu64_mcl4_mck1_gan0.xml successfully.
c198-011:20361:20412 [2] NCCL INFO Channel 01/0 : 10[82000] -> 13[3000] [send] via NET/IB/0
c198-062:446:508 [0] NCCL INFO Channel 02/0 : 51[83000] -> 52[2000] [receive] via NET/IB/0
c198-062:446:508 [0] NCCL INFO Channel 02 : 52[2000] -> 53[3000] via direct shared memory
c198-062:446:508 [0] NCCL INFO Channel 03 : 52[2000] -> 53[3000] via direct shared memory
c198-021:29340:29394 [3] NCCL INFO Channel 00/0 : 12[2000] -> 19[83000] [receive] via NET/IB/0
c198-071:30729:30788 [0] NCCL INFO Channel 02/0 : 55[83000] -> 56[2000] [receive] via NET/IB/0
c198-071:30729:30788 [0] NCCL INFO Channel 02 : 56[2000] -> 57[3000] via direct shared memory
c196-042:27489:27549 [1] NCCL INFO Channel 01/0 : 62[82000] -> 1[3000] [receive] via NET/IB/0
c198-071:30729:30788 [0] NCCL INFO Channel 03 : 56[2000] -> 57[3000] via direct shared memory
c198-071:30730:30790 [1] NCCL INFO Parsed MSCCL Algorithm /home1/09168/ldai1/ccl-build/msccl_tools_lyd/examples/xml/xml_lyd/ring/allreduce_ring_node16_gpu64_mcl4_mck1_gan0.xml successfully.
c198-052:21668:21718 [3] NCCL INFO Channel 03 : 47[83000] -> 44[2000] via direct shared memory
c196-042:27490:27545 [2] NCCL INFO Channel 01/0 : 2[82000] -> 5[3000] [send] via NET/IB/0
c198-011:20359:20416 [0] NCCL INFO Channel 01 : 8[2000] -> 11[83000] via direct shared memory
c198-011:20362:20418 [3] NCCL INFO Channel 00/0 : 4[2000] -> 11[83000] [receive] via NET/IB/0
c196-051:12150:12210 [1] NCCL INFO Channel 02 : 5[3000] -> 6[82000] via direct shared memory
c198-031:29744:29803 [0] NCCL INFO Channel 00/0 : 24[2000] -> 31[83000] [send] via NET/IB/0
c198-031:29746:29801 [2] NCCL INFO Channel 03/0 : 21[3000] -> 26[82000] [receive] via NET/IB/0
c196-042:27488:27540 [0] NCCL INFO Channel 01 : 0[2000] -> 3[83000] via direct shared memory
c198-052:21667:21720 [2] NCCL INFO Channel 03/0 : 41[3000] -> 46[82000] [receive] via NET/IB/0
c196-051:12150:12210 [1] NCCL INFO Channel 01/0 : 2[82000] -> 5[3000] [receive] via NET/IB/0
c198-062:448:505 [2] NCCL INFO Channel 02 : 54[82000] -> 55[83000] via direct shared memory
c198-032:23547:23600 [1] NCCL INFO Channel 03/0 : 29[3000] -> 34[82000] [send] via NET/IB/0
c198-062:448:505 [2] NCCL INFO Channel 03 : 54[82000] -> 55[83000] via direct shared memory
c198-021:29339:29397 [2] NCCL INFO Channel 03/0 : 13[3000] -> 18[82000] [receive] via NET/IB/0
c198-061:14313:14369 [1] NCCL INFO Channel 03/0 : 49[3000] -> 54[82000] [send] via NET/IB/0
c198-051:23712:23768 [0] NCCL INFO Connected 1 MSCCL algorithms
c198-051:23712:23768 [0] NCCL INFO NCCL_PROTO set by environment to Simple
c198-051:23712:23768 [0] NCCL INFO NCCL_ALGO set by environment to MSCCL,TREE,RING
c198-051:23712:23768 [0] NCCL INFO threadThresholds 8/8/64 | 512/8/64 | 8/8/64 | 8/8/512
c198-051:23712:23768 [0] NCCL INFO 4 coll channels, 2 p2p channels, 2 p2p channels per peer
c198-021:29340:29394 [3] NCCL INFO Channel 03 : 19[83000] -> 16[2000] via direct shared memory
c198-022:26073:26127 [1] NCCL INFO Channel 03/0 : 21[3000] -> 26[82000] [send] via NET/IB/0
c198-022:26075:26132 [3] NCCL INFO Channel 00/0 : 16[2000] -> 23[83000] [receive] via NET/IB/0
c198-051:23715:23770 [3] NCCL INFO Connected 1 MSCCL algorithms
c198-051:23715:23770 [3] NCCL INFO NCCL_PROTO set by environment to Simple
c198-051:23715:23770 [3] NCCL INFO NCCL_ALGO set by environment to MSCCL,TREE,RING
c198-051:23715:23770 [3] NCCL INFO threadThresholds 8/8/64 | 512/8/64 | 8/8/64 | 8/8/512
c198-051:23715:23770 [3] NCCL INFO 4 coll channels, 2 p2p channels, 2 p2p channels per peer
c196-051:12151:12204 [2] NCCL INFO Channel 01/0 : 6[82000] -> 9[3000] [send] via NET/IB/0
c198-022:26072:26129 [0] NCCL INFO Channel 00/0 : 20[2000] -> 27[83000] [send] via NET/IB/0
c198-022:26074:26133 [2] NCCL INFO Channel 03/0 : 17[3000] -> 22[82000] [receive] via NET/IB/0
c198-031:29745:29802 [1] NCCL INFO Channel 03/0 : 25[3000] -> 30[82000] [send] via NET/IB/0
c198-062:447:509 [1] NCCL INFO Channel 02 : 53[3000] -> 54[82000] via direct shared memory
c198-032:23547:23600 [1] NCCL INFO Connected 1 MSCCL algorithms
c198-032:23547:23600 [1] NCCL INFO NCCL_PROTO set by environment to Simple
c198-032:23547:23600 [1] NCCL INFO NCCL_ALGO set by environment to MSCCL,TREE,RING
c198-032:23547:23600 [1] NCCL INFO threadThresholds 8/8/64 | 512/8/64 | 8/8/64 | 8/8/512
c198-032:23547:23600 [1] NCCL INFO 4 coll channels, 2 p2p channels, 2 p2p channels per peer
c198-032:23549:23605 [3] NCCL INFO Channel 03 : 31[83000] -> 28[2000] via direct shared memory
c198-041:10737:10788 [2] NCCL INFO Connected 1 MSCCL algorithms
c198-041:10737:10788 [2] NCCL INFO NCCL_PROTO set by environment to Simple
c198-032:23546:23601 [0] NCCL INFO Connected 1 MSCCL algorithms
c198-032:23546:23601 [0] NCCL INFO NCCL_PROTO set by environment to Simple
c198-032:23546:23601 [0] NCCL INFO NCCL_ALGO set by environment to MSCCL,TREE,RING
c198-032:23546:23601 [0] NCCL INFO threadThresholds 8/8/64 | 512/8/64 | 8/8/64 | 8/8/512
c198-032:23546:23601 [0] NCCL INFO 4 coll channels, 2 p2p channels, 2 p2p channels per peer
c198-041:10737:10788 [2] NCCL INFO NCCL_ALGO set by environment to MSCCL,TREE,RING
c198-041:10737:10788 [2] NCCL INFO threadThresholds 8/8/64 | 512/8/64 | 8/8/64 | 8/8/512
c198-041:10737:10788 [2] NCCL INFO 4 coll channels, 2 p2p channels, 2 p2p channels per peer
c196-051:12149:12209 [0] NCCL INFO Channel 01 : 4[2000] -> 7[83000] via direct shared memory
c198-052:21667:21720 [2] NCCL INFO Connected 1 MSCCL algorithms
c198-052:21667:21720 [2] NCCL INFO NCCL_PROTO set by environment to Simple
c198-052:21667:21720 [2] NCCL INFO NCCL_ALGO set by environment to MSCCL,TREE,RING
c198-052:21667:21720 [2] NCCL INFO threadThresholds 8/8/64 | 512/8/64 | 8/8/64 | 8/8/512
c198-052:21667:21720 [2] NCCL INFO 4 coll channels, 2 p2p channels, 2 p2p channels per peer
c198-061:14312:14371 [0] NCCL INFO Channel 00/0 : 48[2000] -> 55[83000] [send] via NET/IB/0
c198-071:30730:30790 [1] NCCL INFO Channel 02 : 57[3000] -> 58[82000] via direct shared memory
c198-051:23713:23772 [1] NCCL INFO Connected 1 MSCCL algorithms
c198-032:23549:23605 [3] NCCL INFO Connected 1 MSCCL algorithms
c198-032:23549:23605 [3] NCCL INFO NCCL_PROTO set by environment to Simple
c198-051:23713:23772 [1] NCCL INFO NCCL_PROTO set by environment to Simple
c198-051:23713:23772 [1] NCCL INFO NCCL_ALGO set by environment to MSCCL,TREE,RING
c198-032:23549:23605 [3] NCCL INFO NCCL_ALGO set by environment to MSCCL,TREE,RING
c198-032:23549:23605 [3] NCCL INFO threadThresholds 8/8/64 | 512/8/64 | 8/8/64 | 8/8/512
c198-051:23713:23772 [1] NCCL INFO threadThresholds 8/8/64 | 512/8/64 | 8/8/64 | 8/8/512
c198-032:23549:23605 [3] NCCL INFO 4 coll channels, 2 p2p channels, 2 p2p channels per peer
c198-051:23713:23772 [1] NCCL INFO 4 coll channels, 2 p2p channels, 2 p2p channels per peer
c198-022:26073:26127 [1] NCCL INFO Connected 1 MSCCL algorithms
c198-062:447:509 [1] NCCL INFO Channel 01/0 : 50[82000] -> 53[3000] [receive] via NET/IB/0
c198-022:26073:26127 [1] NCCL INFO NCCL_PROTO set by environment to Simple
c198-022:26073:26127 [1] NCCL INFO NCCL_ALGO set by environment to MSCCL,TREE,RING
c198-022:26073:26127 [1] NCCL INFO threadThresholds 8/8/64 | 512/8/64 | 8/8/64 | 8/8/512
c198-022:26073:26127 [1] NCCL INFO 4 coll channels, 2 p2p channels, 2 p2p channels per peer
c198-031:29746:29801 [2] NCCL INFO Connected 1 MSCCL algorithms
c198-031:29746:29801 [2] NCCL INFO NCCL_PROTO set by environment to Simple
c198-031:29746:29801 [2] NCCL INFO NCCL_ALGO set by environment to MSCCL,TREE,RING
c198-031:29746:29801 [2] NCCL INFO threadThresholds 8/8/64 | 512/8/64 | 8/8/64 | 8/8/512
c198-031:29746:29801 [2] NCCL INFO 4 coll channels, 2 p2p channels, 2 p2p channels per peer
c198-022:26075:26132 [3] NCCL INFO Channel 03 : 23[83000] -> 20[2000] via direct shared memory
c198-042:12928:12979 [2] NCCL INFO comm 0x2ad41e000010 rank 38 nranks 64 cudaDev 2 busId 82000 - Init COMPLETE
c198-042:12926:12985 [0] NCCL INFO comm 0x2b0b6e000010 rank 36 nranks 64 cudaDev 0 busId 2000 - Init COMPLETE
c198-042:12927:12983 [1] NCCL INFO comm 0x2b6f7e000010 rank 37 nranks 64 cudaDev 1 busId 3000 - Init COMPLETE
c198-042:12929:12981 [3] NCCL INFO comm 0x2b23cc9b6010 rank 39 nranks 64 cudaDev 3 busId 83000 - Init COMPLETE
c198-071:30730:30790 [1] NCCL INFO Channel 01/0 : 54[82000] -> 57[3000] [receive] via NET/IB/0
c198-021:29338:29395 [1] NCCL INFO Connected 1 MSCCL algorithms
c198-021:29338:29395 [1] NCCL INFO NCCL_PROTO set by environment to Simple
c198-021:29338:29395 [1] NCCL INFO NCCL_ALGO set by environment to MSCCL,TREE,RING
c198-021:29338:29395 [1] NCCL INFO threadThresholds 8/8/64 | 512/8/64 | 8/8/64 | 8/8/512
c198-021:29338:29395 [1] NCCL INFO 4 coll channels, 2 p2p channels, 2 p2p channels per peer
c198-022:26074:26133 [2] NCCL INFO Connected 1 MSCCL algorithms
c198-022:26074:26133 [2] NCCL INFO NCCL_PROTO set by environment to Simple
c198-022:26074:26133 [2] NCCL INFO NCCL_ALGO set by environment to MSCCL,TREE,RING
c198-022:26074:26133 [2] NCCL INFO threadThresholds 8/8/64 | 512/8/64 | 8/8/64 | 8/8/512
c198-022:26074:26133 [2] NCCL INFO 4 coll channels, 2 p2p channels, 2 p2p channels per peer
c198-062:448:505 [2] NCCL INFO Channel 01/0 : 54[82000] -> 57[3000] [send] via NET/IB/0
c198-031:29745:29802 [1] NCCL INFO Connected 1 MSCCL algorithms
c198-031:29745:29802 [1] NCCL INFO NCCL_PROTO set by environment to Simple
c198-031:29745:29802 [1] NCCL INFO NCCL_ALGO set by environment to MSCCL,TREE,RING
c198-031:29747:29797 [3] NCCL INFO Channel 03 : 27[83000] -> 24[2000] via direct shared memory
c198-031:29745:29802 [1] NCCL INFO threadThresholds 8/8/64 | 512/8/64 | 8/8/64 | 8/8/512
c198-031:29745:29802 [1] NCCL INFO 4 coll channels, 2 p2p channels, 2 p2p channels per peer
c198-031:29744:29803 [0] NCCL INFO Connected 1 MSCCL algorithms
c198-031:29744:29803 [0] NCCL INFO NCCL_PROTO set by environment to Simple
c198-031:29744:29803 [0] NCCL INFO NCCL_ALGO set by environment to MSCCL,TREE,RING
c198-031:29744:29803 [0] NCCL INFO threadThresholds 8/8/64 | 512/8/64 | 8/8/64 | 8/8/512
c198-031:29744:29803 [0] NCCL INFO 4 coll channels, 2 p2p channels, 2 p2p channels per peer
c198-032:23548:23603 [2] NCCL INFO Connected 1 MSCCL algorithms
c198-032:23548:23603 [2] NCCL INFO NCCL_PROTO set by environment to Simple
c198-032:23548:23603 [2] NCCL INFO NCCL_ALGO set by environment to MSCCL,TREE,RING
c198-032:23548:23603 [2] NCCL INFO threadThresholds 8/8/64 | 512/8/64 | 8/8/64 | 8/8/512
c198-032:23548:23603 [2] NCCL INFO 4 coll channels, 2 p2p channels, 2 p2p channels per peer
c198-071:30731:30786 [2] NCCL INFO Channel 01/0 : 58[82000] -> 61[3000] [send] via NET/IB/0
c198-031:29747:29797 [3] NCCL INFO Connected 1 MSCCL algorithms
c198-031:29747:29797 [3] NCCL INFO NCCL_PROTO set by environment to Simple
c198-031:29747:29797 [3] NCCL INFO NCCL_ALGO set by environment to MSCCL,TREE,RING
c198-031:29747:29797 [3] NCCL INFO threadThresholds 8/8/64 | 512/8/64 | 8/8/64 | 8/8/512
c198-031:29747:29797 [3] NCCL INFO 4 coll channels, 2 p2p channels, 2 p2p channels per peer
c198-021:29337:29396 [0] NCCL INFO Connected 1 MSCCL algorithms
c198-021:29337:29396 [0] NCCL INFO NCCL_PROTO set by environment to Simple
c198-021:29337:29396 [0] NCCL INFO NCCL_ALGO set by environment to MSCCL,TREE,RING
c198-021:29337:29396 [0] NCCL INFO threadThresholds 8/8/64 | 512/8/64 | 8/8/64 | 8/8/512
c198-021:29337:29396 [0] NCCL INFO 4 coll channels, 2 p2p channels, 2 p2p channels per peer
c198-062:446:508 [0] NCCL INFO Channel 01 : 52[2000] -> 55[83000] via direct shared memory
c198-022:26072:26129 [0] NCCL INFO Connected 1 MSCCL algorithms
c198-022:26072:26129 [0] NCCL INFO NCCL_PROTO set by environment to Simple
c198-022:26072:26129 [0] NCCL INFO NCCL_ALGO set by environment to MSCCL,TREE,RING
c198-022:26072:26129 [0] NCCL INFO threadThresholds 8/8/64 | 512/8/64 | 8/8/64 | 8/8/512
c198-022:26072:26129 [0] NCCL INFO 4 coll channels, 2 p2p channels, 2 p2p channels per peer
c198-021:29340:29394 [3] NCCL INFO Connected 1 MSCCL algorithms
c198-021:29340:29394 [3] NCCL INFO NCCL_PROTO set by environment to Simple
c198-021:29340:29394 [3] NCCL INFO NCCL_ALGO set by environment to MSCCL,TREE,RING
c198-021:29340:29394 [3] NCCL INFO threadThresholds 8/8/64 | 512/8/64 | 8/8/64 | 8/8/512
c198-021:29340:29394 [3] NCCL INFO 4 coll channels, 2 p2p channels, 2 p2p channels per peer
c198-071:30729:30788 [0] NCCL INFO Channel 01 : 56[2000] -> 59[83000] via direct shared memory
c198-022:26075:26132 [3] NCCL INFO Connected 1 MSCCL algorithms
c198-022:26075:26132 [3] NCCL INFO NCCL_PROTO set by environment to Simple
c198-022:26075:26132 [3] NCCL INFO NCCL_ALGO set by environment to MSCCL,TREE,RING
c198-022:26075:26132 [3] NCCL INFO threadThresholds 8/8/64 | 512/8/64 | 8/8/64 | 8/8/512
c198-022:26075:26132 [3] NCCL INFO 4 coll channels, 2 p2p channels, 2 p2p channels per peer
c198-071:30732:30784 [3] NCCL INFO Channel 00/0 : 52[2000] -> 59[83000] [receive] via NET/IB/0
c198-072:24339:24394 [3] NCCL INFO Channel 00/0 : 56[2000] -> 63[83000] [receive] via NET/IB/0
c198-072:24336:24391 [0] NCCL INFO Channel 00/0 : 60[2000] -> 3[83000] [send] via NET/IB/0
c198-011:20359:20416 [0] NCCL INFO Channel 00/0 : 8[2000] -> 15[83000] [send] via NET/IB/0
c196-042:27491:27547 [3] NCCL INFO Channel 00/0 : 60[2000] -> 3[83000] [receive] via NET/IB/0
c198-011:20361:20412 [2] NCCL INFO Channel 03/0 : 5[3000] -> 10[82000] [receive] via NET/IB/0
c196-042:27488:27540 [0] NCCL INFO Channel 00/0 : 0[2000] -> 7[83000] [send] via NET/IB/0
c198-072:24338:24395 [2] NCCL INFO Channel 03/0 : 57[3000] -> 62[82000] [receive] via NET/IB/0
c198-012:17415:17467 [1] NCCL INFO Channel 03/0 : 13[3000] -> 18[82000] [send] via NET/IB/0
c196-042:27489:27549 [1] NCCL INFO Channel 03/0 : 1[3000] -> 6[82000] [send] via NET/IB/0
c196-042:27490:27545 [2] NCCL INFO Channel 03/0 : 61[3000] -> 2[82000] [receive] via NET/IB/0
c198-061:14315:14367 [3] NCCL INFO Channel 00/0 : 44[2000] -> 51[83000] [receive] via NET/IB/0
c198-012:17417:17469 [3] NCCL INFO Channel 03 : 15[83000] -> 12[2000] via direct shared memory
c196-042:27491:27547 [3] NCCL INFO Channel 03 : 3[83000] -> 0[2000] via direct shared memory
c198-012:17414:17473 [0] NCCL INFO Connected 1 MSCCL algorithms
c198-012:17414:17473 [0] NCCL INFO NCCL_PROTO set by environment to Simple
c198-012:17414:17473 [0] NCCL INFO NCCL_ALGO set by environment to MSCCL,TREE,RING
c198-012:17414:17473 [0] NCCL INFO threadThresholds 8/8/64 | 512/8/64 | 8/8/64 | 8/8/512
c198-012:17414:17473 [0] NCCL INFO 4 coll channels, 2 p2p channels, 2 p2p channels per peer
c198-012:17415:17467 [1] NCCL INFO Connected 1 MSCCL algorithms
c198-012:17415:17467 [1] NCCL INFO NCCL_PROTO set by environment to Simple
c198-012:17415:17467 [1] NCCL INFO NCCL_ALGO set by environment to MSCCL,TREE,RING
c198-012:17415:17467 [1] NCCL INFO threadThresholds 8/8/64 | 512/8/64 | 8/8/64 | 8/8/512
c198-012:17415:17467 [1] NCCL INFO 4 coll channels, 2 p2p channels, 2 p2p channels per peer
c196-051:12150:12210 [1] NCCL INFO Channel 03/0 : 5[3000] -> 10[82000] [send] via NET/IB/0
c198-021:29339:29397 [2] NCCL INFO Connected 1 MSCCL algorithms
c198-021:29339:29397 [2] NCCL INFO NCCL_PROTO set by environment to Simple
c198-012:17417:17469 [3] NCCL INFO Connected 1 MSCCL algorithms
c198-021:29339:29397 [2] NCCL INFO NCCL_ALGO set by environment to MSCCL,TREE,RING
c198-021:29339:29397 [2] NCCL INFO threadThresholds 8/8/64 | 512/8/64 | 8/8/64 | 8/8/512
c198-021:29339:29397 [2] NCCL INFO 4 coll channels, 2 p2p channels, 2 p2p channels per peer
c198-012:17417:17469 [3] NCCL INFO NCCL_PROTO set by environment to Simple
c198-012:17417:17469 [3] NCCL INFO NCCL_ALGO set by environment to MSCCL,TREE,RING
c198-012:17417:17469 [3] NCCL INFO threadThresholds 8/8/64 | 512/8/64 | 8/8/64 | 8/8/512
c198-012:17417:17469 [3] NCCL INFO 4 coll channels, 2 p2p channels, 2 p2p channels per peer
c196-051:12152:12206 [3] NCCL INFO Channel 00/0 : 0[2000] -> 7[83000] [receive] via NET/IB/0
c196-051:12149:12209 [0] NCCL INFO Channel 00/0 : 4[2000] -> 11[83000] [send] via NET/IB/0
c196-051:12151:12204 [2] NCCL INFO Channel 03/0 : 1[3000] -> 6[82000] [receive] via NET/IB/0
c198-011:20360:20415 [1] NCCL INFO Channel 03/0 : 9[3000] -> 14[82000] [send] via NET/IB/0
c198-041:10736:10793 [1] NCCL INFO comm 0x2babac000010 rank 33 nranks 64 cudaDev 1 busId 3000 - Init COMPLETE
c198-041:10737:10788 [2] NCCL INFO comm 0x2abf8e000010 rank 34 nranks 64 cudaDev 2 busId 82000 - Init COMPLETE
c198-051:23712:23768 [0] NCCL INFO comm 0x2accfdcbe010 rank 40 nranks 64 cudaDev 0 busId 2000 - Init COMPLETE
c198-051:23713:23772 [1] NCCL INFO comm 0x2b317e000010 rank 41 nranks 64 cudaDev 1 busId 3000 - Init COMPLETE
c198-051:23715:23770 [3] NCCL INFO comm 0x2b9174000010 rank 43 nranks 64 cudaDev 3 busId 83000 - Init COMPLETE
