TACC:  Starting up job 6212448 
TACC:  Starting parallel tasks... 
# nThread 1 nGpus 1 minBytes 65536 maxBytes 268435456 step: 2(factor) warmup iters: 5 iters: 60 agg iters: 1 validation: 1 graph: 0
#
# Using devices
#  Rank  0 Group  0 Pid  17568 on   c197-031 device  0 [0x02] Quadro RTX 5000
#  Rank  1 Group  0 Pid  17569 on   c197-031 device  1 [0x03] Quadro RTX 5000
#  Rank  2 Group  0 Pid  17570 on   c197-031 device  2 [0x82] Quadro RTX 5000
#  Rank  3 Group  0 Pid  17571 on   c197-031 device  3 [0x83] Quadro RTX 5000
#  Rank  4 Group  0 Pid  28316 on   c197-032 device  0 [0x02] Quadro RTX 5000
#  Rank  5 Group  0 Pid  28317 on   c197-032 device  1 [0x03] Quadro RTX 5000
#  Rank  6 Group  0 Pid  28318 on   c197-032 device  2 [0x82] Quadro RTX 5000
#  Rank  7 Group  0 Pid  28319 on   c197-032 device  3 [0x83] Quadro RTX 5000
#  Rank  8 Group  0 Pid  29293 on   c197-041 device  0 [0x02] Quadro RTX 5000
#  Rank  9 Group  0 Pid  29294 on   c197-041 device  1 [0x03] Quadro RTX 5000
#  Rank 10 Group  0 Pid  29295 on   c197-041 device  2 [0x82] Quadro RTX 5000
#  Rank 11 Group  0 Pid  29296 on   c197-041 device  3 [0x83] Quadro RTX 5000
#  Rank 12 Group  0 Pid  17273 on   c198-031 device  0 [0x02] Quadro RTX 5000
#  Rank 13 Group  0 Pid  17274 on   c198-031 device  1 [0x03] Quadro RTX 5000
#  Rank 14 Group  0 Pid  17275 on   c198-031 device  2 [0x82] Quadro RTX 5000
#  Rank 15 Group  0 Pid  17276 on   c198-031 device  3 [0x83] Quadro RTX 5000
#  Rank 16 Group  0 Pid  11129 on   c198-032 device  0 [0x02] Quadro RTX 5000
#  Rank 17 Group  0 Pid  11130 on   c198-032 device  1 [0x03] Quadro RTX 5000
#  Rank 18 Group  0 Pid  11131 on   c198-032 device  2 [0x82] Quadro RTX 5000
#  Rank 19 Group  0 Pid  11132 on   c198-032 device  3 [0x83] Quadro RTX 5000
#  Rank 20 Group  0 Pid  30636 on   c198-041 device  0 [0x02] Quadro RTX 5000
#  Rank 21 Group  0 Pid  30637 on   c198-041 device  1 [0x03] Quadro RTX 5000
#  Rank 22 Group  0 Pid  30638 on   c198-041 device  2 [0x82] Quadro RTX 5000
#  Rank 23 Group  0 Pid  30639 on   c198-041 device  3 [0x83] Quadro RTX 5000
#  Rank 24 Group  0 Pid    364 on   c198-042 device  0 [0x02] Quadro RTX 5000
#  Rank 25 Group  0 Pid    365 on   c198-042 device  1 [0x03] Quadro RTX 5000
#  Rank 26 Group  0 Pid    366 on   c198-042 device  2 [0x82] Quadro RTX 5000
#  Rank 27 Group  0 Pid    367 on   c198-042 device  3 [0x83] Quadro RTX 5000
#  Rank 28 Group  0 Pid  11192 on   c198-051 device  0 [0x02] Quadro RTX 5000
#  Rank 29 Group  0 Pid  11193 on   c198-051 device  1 [0x03] Quadro RTX 5000
#  Rank 30 Group  0 Pid  11194 on   c198-051 device  2 [0x82] Quadro RTX 5000
#  Rank 31 Group  0 Pid  11195 on   c198-051 device  3 [0x83] Quadro RTX 5000
#  Rank 32 Group  0 Pid   9303 on   c198-052 device  0 [0x02] Quadro RTX 5000
#  Rank 33 Group  0 Pid   9304 on   c198-052 device  1 [0x03] Quadro RTX 5000
#  Rank 34 Group  0 Pid   9305 on   c198-052 device  2 [0x82] Quadro RTX 5000
#  Rank 35 Group  0 Pid   9306 on   c198-052 device  3 [0x83] Quadro RTX 5000
#  Rank 36 Group  0 Pid   1789 on   c198-061 device  0 [0x02] Quadro RTX 5000
#  Rank 37 Group  0 Pid   1790 on   c198-061 device  1 [0x03] Quadro RTX 5000
#  Rank 38 Group  0 Pid   1791 on   c198-061 device  2 [0x82] Quadro RTX 5000
#  Rank 39 Group  0 Pid   1792 on   c198-061 device  3 [0x83] Quadro RTX 5000
#  Rank 40 Group  0 Pid  20431 on   c198-062 device  0 [0x02] Quadro RTX 5000
#  Rank 41 Group  0 Pid  20432 on   c198-062 device  1 [0x03] Quadro RTX 5000
#  Rank 42 Group  0 Pid  20433 on   c198-062 device  2 [0x82] Quadro RTX 5000
#  Rank 43 Group  0 Pid  20434 on   c198-062 device  3 [0x83] Quadro RTX 5000
#  Rank 44 Group  0 Pid  11199 on   c198-071 device  0 [0x02] Quadro RTX 5000
#  Rank 45 Group  0 Pid  11200 on   c198-071 device  1 [0x03] Quadro RTX 5000
#  Rank 46 Group  0 Pid  11201 on   c198-071 device  2 [0x82] Quadro RTX 5000
#  Rank 47 Group  0 Pid  11202 on   c198-071 device  3 [0x83] Quadro RTX 5000
#  Rank 48 Group  0 Pid   4814 on   c198-072 device  0 [0x02] Quadro RTX 5000
#  Rank 49 Group  0 Pid   4815 on   c198-072 device  1 [0x03] Quadro RTX 5000
#  Rank 50 Group  0 Pid   4816 on   c198-072 device  2 [0x82] Quadro RTX 5000
#  Rank 51 Group  0 Pid   4817 on   c198-072 device  3 [0x83] Quadro RTX 5000
#  Rank 52 Group  0 Pid  18999 on   c198-102 device  0 [0x02] Quadro RTX 5000
#  Rank 53 Group  0 Pid  19000 on   c198-102 device  1 [0x03] Quadro RTX 5000
#  Rank 54 Group  0 Pid  19001 on   c198-102 device  2 [0x82] Quadro RTX 5000
#  Rank 55 Group  0 Pid  19002 on   c198-102 device  3 [0x83] Quadro RTX 5000
#  Rank 56 Group  0 Pid   6302 on   c198-111 device  0 [0x02] Quadro RTX 5000
#  Rank 57 Group  0 Pid   6303 on   c198-111 device  1 [0x03] Quadro RTX 5000
#  Rank 58 Group  0 Pid   6304 on   c198-111 device  2 [0x82] Quadro RTX 5000
#  Rank 59 Group  0 Pid   6305 on   c198-111 device  3 [0x83] Quadro RTX 5000
#  Rank 60 Group  0 Pid  14439 on   c198-112 device  0 [0x02] Quadro RTX 5000
#  Rank 61 Group  0 Pid  14440 on   c198-112 device  1 [0x03] Quadro RTX 5000
#  Rank 62 Group  0 Pid  14441 on   c198-112 device  2 [0x82] Quadro RTX 5000
#  Rank 63 Group  0 Pid  14442 on   c198-112 device  3 [0x83] Quadro RTX 5000
The MSCCL XML file exists: /home1/09168/ldai1/ccl-build/msccl_tools_lyd/examples/xml/xml_lyd/ring/allreduce_ring_node16_gpu64_mcl4_mck2_gan0.xml
c197-031:17568:17568 [0] NCCL INFO Bootstrap : Using ib0:192.168.44.127<0>
c197-031:17568:17568 [0] NCCL INFO NET/Plugin : No plugin found (libnccl-net.so), using internal implementation
c197-031:17568:17568 [0] NCCL INFO NET/IB : Using [0]mlx4_0:1/IB [RO]; OOB ib0:192.168.44.127<0>
c197-031:17568:17568 [0] NCCL INFO Using network IB
NCCL version 2.12.12.MSCCL.0.7.4+cuda11.3
c197-031:17570:17570 [2] NCCL INFO Bootstrap : Using ib0:192.168.44.127<0>
c197-031:17571:17571 [3] NCCL INFO Bootstrap : Using ib0:192.168.44.127<0>
c197-031:17570:17570 [2] NCCL INFO NET/Plugin : No plugin found (libnccl-net.so), using internal implementation
c197-031:17571:17571 [3] NCCL INFO NET/Plugin : No plugin found (libnccl-net.so), using internal implementation
c197-031:17571:17571 [3] NCCL INFO NET/IB : Using [0]mlx4_0:1/IB [RO]; OOB ib0:192.168.44.127<0>
c197-031:17571:17571 [3] NCCL INFO Using network IB
c197-031:17569:17569 [1] NCCL INFO Bootstrap : Using ib0:192.168.44.127<0>
c197-031:17569:17569 [1] NCCL INFO NET/Plugin : No plugin found (libnccl-net.so), using internal implementation
c197-031:17570:17570 [2] NCCL INFO NET/IB : Using [0]mlx4_0:1/IB [RO]; OOB ib0:192.168.44.127<0>
c197-031:17570:17570 [2] NCCL INFO Using network IB
c197-031:17569:17569 [1] NCCL INFO NET/IB : Using [0]mlx4_0:1/IB [RO]; OOB ib0:192.168.44.127<0>
c197-031:17569:17569 [1] NCCL INFO Using network IB
c198-071:11202:11202 [3] NCCL INFO Bootstrap : Using ib0:192.168.44.157<0>
c198-071:11202:11202 [3] NCCL INFO NET/Plugin : No plugin found (libnccl-net.so), using internal implementation
c198-051:11195:11195 [3] NCCL INFO Bootstrap : Using ib0:192.168.44.153<0>
c198-051:11195:11195 [3] NCCL INFO NET/Plugin : No plugin found (libnccl-net.so), using internal implementation
c198-071:11202:11202 [3] NCCL INFO NET/IB : Using [0]mlx4_0:1/IB [RO]; OOB ib0:192.168.44.157<0>
c198-071:11202:11202 [3] NCCL INFO Using network IB
c198-051:11195:11195 [3] NCCL INFO NET/IB : Using [0]mlx4_0:1/IB [RO]; OOB ib0:192.168.44.153<0>
c198-051:11195:11195 [3] NCCL INFO Using network IB
c198-061:1791:1791 [2] NCCL INFO Bootstrap : Using ib0:192.168.44.155<0>
c198-061:1791:1791 [2] NCCL INFO NET/Plugin : No plugin found (libnccl-net.so), using internal implementation
c198-061:1791:1791 [2] NCCL INFO NET/IB : Using [0]mlx4_0:1/IB [RO]; OOB ib0:192.168.44.155<0>
c198-061:1791:1791 [2] NCCL INFO Using network IB
c198-031:17275:17275 [2] NCCL INFO Bootstrap : Using ib0:192.168.44.149<0>
c198-031:17275:17275 [2] NCCL INFO NET/Plugin : No plugin found (libnccl-net.so), using internal implementation
c198-051:11194:11194 [2] NCCL INFO Bootstrap : Using ib0:192.168.44.153<0>
c198-051:11194:11194 [2] NCCL INFO NET/Plugin : No plugin found (libnccl-net.so), using internal implementation
c198-061:1792:1792 [3] NCCL INFO Bootstrap : Using ib0:192.168.44.155<0>
c198-061:1792:1792 [3] NCCL INFO NET/Plugin : No plugin found (libnccl-net.so), using internal implementation
c198-031:17276:17276 [3] NCCL INFO Bootstrap : Using ib0:192.168.44.149<0>
c198-031:17276:17276 [3] NCCL INFO NET/Plugin : No plugin found (libnccl-net.so), using internal implementation
c198-042:366:366 [2] NCCL INFO Bootstrap : Using ib0:192.168.44.152<0>
c198-042:366:366 [2] NCCL INFO NET/Plugin : No plugin found (libnccl-net.so), using internal implementation
c198-031:17275:17275 [2] NCCL INFO NET/IB : Using [0]mlx4_0:1/IB [RO]; OOB ib0:192.168.44.149<0>
c198-031:17275:17275 [2] NCCL INFO Using network IB
c198-051:11194:11194 [2] NCCL INFO NET/IB : Using [0]mlx4_0:1/IB [RO]; OOB ib0:192.168.44.153<0>
c198-051:11194:11194 [2] NCCL INFO Using network IB
c198-061:1792:1792 [3] NCCL INFO NET/IB : Using [0]mlx4_0:1/IB [RO]; OOB ib0:192.168.44.155<0>
c198-061:1792:1792 [3] NCCL INFO Using network IB
c198-031:17276:17276 [3] NCCL INFO NET/IB : Using [0]mlx4_0:1/IB [RO]; OOB ib0:192.168.44.149<0>
c198-031:17276:17276 [3] NCCL INFO Using network IB
c198-031:17274:17274 [1] NCCL INFO Bootstrap : Using ib0:192.168.44.149<0>
c198-042:366:366 [2] NCCL INFO NET/IB : Using [0]mlx4_0:1/IB [RO]; OOB ib0:192.168.44.152<0>
c198-042:366:366 [2] NCCL INFO Using network IB
c198-031:17274:17274 [1] NCCL INFO NET/Plugin : No plugin found (libnccl-net.so), using internal implementation
c198-072:4816:4816 [2] NCCL INFO Bootstrap : Using ib0:192.168.44.158<0>
c198-072:4816:4816 [2] NCCL INFO NET/Plugin : No plugin found (libnccl-net.so), using internal implementation
c198-031:17274:17274 [1] NCCL INFO NET/IB : Using [0]mlx4_0:1/IB [RO]; OOB ib0:192.168.44.149<0>
c198-031:17274:17274 [1] NCCL INFO Using network IB
c198-072:4817:4817 [3] NCCL INFO Bootstrap : Using ib0:192.168.44.158<0>
c198-072:4817:4817 [3] NCCL INFO NET/Plugin : No plugin found (libnccl-net.so), using internal implementation
c198-072:4816:4816 [2] NCCL INFO NET/IB : Using [0]mlx4_0:1/IB [RO]; OOB ib0:192.168.44.158<0>
c198-072:4816:4816 [2] NCCL INFO Using network IB
c198-072:4817:4817 [3] NCCL INFO NET/IB : Using [0]mlx4_0:1/IB [RO]; OOB ib0:192.168.44.158<0>
c198-072:4817:4817 [3] NCCL INFO Using network IB
c198-051:11192:11192 [0] NCCL INFO Bootstrap : Using ib0:192.168.44.153<0>
c198-051:11193:11193 [1] NCCL INFO Bootstrap : Using ib0:192.168.44.153<0>
c198-051:11192:11192 [0] NCCL INFO NET/Plugin : No plugin found (libnccl-net.so), using internal implementation
c198-051:11193:11193 [1] NCCL INFO NET/Plugin : No plugin found (libnccl-net.so), using internal implementation
c198-042:367:367 [3] NCCL INFO Bootstrap : Using ib0:192.168.44.152<0>
c198-042:367:367 [3] NCCL INFO NET/Plugin : No plugin found (libnccl-net.so), using internal implementation
c198-062:20433:20433 [2] NCCL INFO Bootstrap : Using ib0:192.168.44.156<0>
c198-062:20433:20433 [2] NCCL INFO NET/Plugin : No plugin found (libnccl-net.so), using internal implementation
c198-112:14442:14442 [3] NCCL INFO Bootstrap : Using ib0:192.168.44.166<0>
c198-112:14442:14442 [3] NCCL INFO NET/Plugin : No plugin found (libnccl-net.so), using internal implementation
c198-042:367:367 [3] NCCL INFO NET/IB : Using [0]mlx4_0:1/IB [RO]; OOB ib0:192.168.44.152<0>
c198-042:367:367 [3] NCCL INFO Using network IB
c198-061:1789:1789 [0] NCCL INFO Bootstrap : Using ib0:192.168.44.155<0>
c198-061:1789:1789 [0] NCCL INFO NET/Plugin : No plugin found (libnccl-net.so), using internal implementation
c198-031:17273:17273 [0] NCCL INFO Bootstrap : Using ib0:192.168.44.149<0>
c198-051:11192:11192 [0] NCCL INFO NET/IB : Using [0]mlx4_0:1/IB [RO]; OOB ib0:192.168.44.153<0>
c198-051:11192:11192 [0] NCCL INFO Using network IB
c198-051:11193:11193 [1] NCCL INFO NET/IB : Using [0]mlx4_0:1/IB [RO]; OOB ib0:192.168.44.153<0>
c198-051:11193:11193 [1] NCCL INFO Using network IB
c198-031:17273:17273 [0] NCCL INFO NET/Plugin : No plugin found (libnccl-net.so), using internal implementation
c198-112:14442:14442 [3] NCCL INFO NET/IB : Using [0]mlx4_0:1/IB [RO]; OOB ib0:192.168.44.166<0>
c198-112:14442:14442 [3] NCCL INFO Using network IB
c198-072:4815:4815 [1] NCCL INFO Bootstrap : Using ib0:192.168.44.158<0>
c198-072:4815:4815 [1] NCCL INFO NET/Plugin : No plugin found (libnccl-net.so), using internal implementation
c198-072:4814:4814 [0] NCCL INFO Bootstrap : Using ib0:192.168.44.158<0>
c198-062:20434:20434 [3] NCCL INFO Bootstrap : Using ib0:192.168.44.156<0>
c198-072:4814:4814 [0] NCCL INFO NET/Plugin : No plugin found (libnccl-net.so), using internal implementation
c198-062:20434:20434 [3] NCCL INFO NET/Plugin : No plugin found (libnccl-net.so), using internal implementation
c197-041:29295:29295 [2] NCCL INFO Bootstrap : Using ib0:192.168.44.129<0>
c197-041:29295:29295 [2] NCCL INFO NET/Plugin : No plugin found (libnccl-net.so), using internal implementation
c198-061:1789:1789 [0] NCCL INFO NET/IB : Using [0]mlx4_0:1/IB [RO]; OOB ib0:192.168.44.155<0>
c198-061:1789:1789 [0] NCCL INFO Using network IB
c198-031:17273:17273 [0] NCCL INFO NET/IB : Using [0]mlx4_0:1/IB [RO]; OOB ib0:192.168.44.149<0>
c198-031:17273:17273 [0] NCCL INFO Using network IB
c198-062:20433:20433 [2] NCCL INFO NET/IB : Using [0]mlx4_0:1/IB [RO]; OOB ib0:192.168.44.156<0>
c198-062:20433:20433 [2] NCCL INFO Using network IB
c197-032:28316:28316 [0] NCCL INFO Bootstrap : Using ib0:192.168.44.128<0>
c197-032:28317:28317 [1] NCCL INFO Bootstrap : Using ib0:192.168.44.128<0>
c197-032:28318:28318 [2] NCCL INFO Bootstrap : Using ib0:192.168.44.128<0>
c197-032:28316:28316 [0] NCCL INFO NET/Plugin : No plugin found (libnccl-net.so), using internal implementation
c197-032:28317:28317 [1] NCCL INFO NET/Plugin : No plugin found (libnccl-net.so), using internal implementation
c197-032:28318:28318 [2] NCCL INFO NET/Plugin : No plugin found (libnccl-net.so), using internal implementation
c198-062:20434:20434 [3] NCCL INFO NET/IB : Using [0]mlx4_0:1/IB [RO]; OOB ib0:192.168.44.156<0>
c198-062:20434:20434 [3] NCCL INFO Using network IB
c198-072:4814:4814 [0] NCCL INFO NET/IB : Using [0]mlx4_0:1/IB [RO]; OOB ib0:192.168.44.158<0>
c198-072:4814:4814 [0] NCCL INFO Using network IB
c197-041:29295:29295 [2] NCCL INFO NET/IB : Using [0]mlx4_0:1/IB [RO]; OOB ib0:192.168.44.129<0>
c197-041:29295:29295 [2] NCCL INFO Using network IB
c198-072:4815:4815 [1] NCCL INFO NET/IB : Using [0]mlx4_0:1/IB [RO]; OOB ib0:192.168.44.158<0>
c198-072:4815:4815 [1] NCCL INFO Using network IB
c198-071:11199:11199 [0] NCCL INFO Bootstrap : Using ib0:192.168.44.157<0>
c198-071:11199:11199 [0] NCCL INFO NET/Plugin : No plugin found (libnccl-net.so), using internal implementation
c198-042:365:365 [1] NCCL INFO Bootstrap : Using ib0:192.168.44.152<0>
c198-042:364:364 [0] NCCL INFO Bootstrap : Using ib0:192.168.44.152<0>
c198-042:364:364 [0] NCCL INFO NET/Plugin : No plugin found (libnccl-net.so), using internal implementation
c198-042:365:365 [1] NCCL INFO NET/Plugin : No plugin found (libnccl-net.so), using internal implementation
c198-111:6304:6304 [2] NCCL INFO Bootstrap : Using ib0:192.168.44.165<0>
c198-111:6305:6305 [3] NCCL INFO Bootstrap : Using ib0:192.168.44.165<0>
c198-111:6304:6304 [2] NCCL INFO NET/Plugin : No plugin found (libnccl-net.so), using internal implementation
c198-111:6305:6305 [3] NCCL INFO NET/Plugin : No plugin found (libnccl-net.so), using internal implementation
c198-052:9305:9305 [2] NCCL INFO Bootstrap : Using ib0:192.168.44.154<0>
c198-052:9306:9306 [3] NCCL INFO Bootstrap : Using ib0:192.168.44.154<0>
c198-052:9305:9305 [2] NCCL INFO NET/Plugin : No plugin found (libnccl-net.so), using internal implementation
c198-052:9306:9306 [3] NCCL INFO NET/Plugin : No plugin found (libnccl-net.so), using internal implementation
c198-071:11199:11199 [0] NCCL INFO NET/IB : Using [0]mlx4_0:1/IB [RO]; OOB ib0:192.168.44.157<0>
c198-071:11199:11199 [0] NCCL INFO Using network IB
c198-071:11201:11201 [2] NCCL INFO Bootstrap : Using ib0:192.168.44.157<0>
c198-071:11201:11201 [2] NCCL INFO NET/Plugin : No plugin found (libnccl-net.so), using internal implementation
c198-061:1790:1790 [1] NCCL INFO Bootstrap : Using ib0:192.168.44.155<0>
c198-061:1790:1790 [1] NCCL INFO NET/Plugin : No plugin found (libnccl-net.so), using internal implementation
c198-042:364:364 [0] NCCL INFO NET/IB : Using [0]mlx4_0:1/IB [RO]; OOB ib0:192.168.44.152<0>
c198-042:364:364 [0] NCCL INFO Using network IB
c198-042:365:365 [1] NCCL INFO NET/IB : Using [0]mlx4_0:1/IB [RO]; OOB ib0:192.168.44.152<0>
c198-042:365:365 [1] NCCL INFO Using network IB
c197-032:28317:28317 [1] NCCL INFO NET/IB : Using [0]mlx4_0:1/IB [RO]; OOB ib0:192.168.44.128<0>
c197-032:28317:28317 [1] NCCL INFO Using network IB
c197-032:28316:28316 [0] NCCL INFO NET/IB : Using [0]mlx4_0:1/IB [RO]; OOB ib0:192.168.44.128<0>
c197-032:28316:28316 [0] NCCL INFO Using network IB
c197-032:28318:28318 [2] NCCL INFO NET/IB : Using [0]mlx4_0:1/IB [RO]; OOB ib0:192.168.44.128<0>
c197-032:28318:28318 [2] NCCL INFO Using network IB
c198-061:1790:1790 [1] NCCL INFO NET/IB : Using [0]mlx4_0:1/IB [RO]; OOB ib0:192.168.44.155<0>
c198-061:1790:1790 [1] NCCL INFO Using network IB
c198-052:9305:9305 [2] NCCL INFO NET/IB : Using [0]mlx4_0:1/IB [RO]; OOB ib0:192.168.44.154<0>
c198-052:9305:9305 [2] NCCL INFO Using network IB
c198-052:9306:9306 [3] NCCL INFO NET/IB : Using [0]mlx4_0:1/IB [RO]; OOB ib0:192.168.44.154<0>
c198-052:9306:9306 [3] NCCL INFO Using network IB
c198-071:11200:11200 [1] NCCL INFO Bootstrap : Using ib0:192.168.44.157<0>
c198-071:11200:11200 [1] NCCL INFO NET/Plugin : No plugin found (libnccl-net.so), using internal implementation
c198-111:6302:6302 [0] NCCL INFO Bootstrap : Using ib0:192.168.44.165<0>
c198-111:6302:6302 [0] NCCL INFO NET/Plugin : No plugin found (libnccl-net.so), using internal implementation
c198-071:11201:11201 [2] NCCL INFO NET/IB : Using [0]mlx4_0:1/IB [RO]; OOB ib0:192.168.44.157<0>
c198-071:11201:11201 [2] NCCL INFO Using network IB
c198-071:11200:11200 [1] NCCL INFO NET/IB : Using [0]mlx4_0:1/IB [RO]; OOB ib0:192.168.44.157<0>
c198-071:11200:11200 [1] NCCL INFO Using network IB
c198-111:6305:6305 [3] NCCL INFO NET/IB : Using [0]mlx4_0:1/IB [RO]; OOB ib0:192.168.44.165<0>
c198-111:6305:6305 [3] NCCL INFO Using network IB
c198-111:6304:6304 [2] NCCL INFO NET/IB : Using [0]mlx4_0:1/IB [RO]; OOB ib0:192.168.44.165<0>
c198-111:6304:6304 [2] NCCL INFO Using network IB
c198-102:18999:18999 [0] NCCL INFO Bootstrap : Using ib0:192.168.44.164<0>
c198-102:19002:19002 [3] NCCL INFO Bootstrap : Using ib0:192.168.44.164<0>
c198-102:19000:19000 [1] NCCL INFO Bootstrap : Using ib0:192.168.44.164<0>
c198-102:19001:19001 [2] NCCL INFO Bootstrap : Using ib0:192.168.44.164<0>
c198-102:18999:18999 [0] NCCL INFO NET/Plugin : No plugin found (libnccl-net.so), using internal implementation
c198-102:19000:19000 [1] NCCL INFO NET/Plugin : No plugin found (libnccl-net.so), using internal implementation
c198-102:19001:19001 [2] NCCL INFO NET/Plugin : No plugin found (libnccl-net.so), using internal implementation
c198-102:19002:19002 [3] NCCL INFO NET/Plugin : No plugin found (libnccl-net.so), using internal implementation
c198-111:6302:6302 [0] NCCL INFO NET/IB : Using [0]mlx4_0:1/IB [RO]; OOB ib0:192.168.44.165<0>
c198-111:6302:6302 [0] NCCL INFO Using network IB
c197-041:29296:29296 [3] NCCL INFO Bootstrap : Using ib0:192.168.44.129<0>
c197-041:29293:29293 [0] NCCL INFO Bootstrap : Using ib0:192.168.44.129<0>
c197-041:29294:29294 [1] NCCL INFO Bootstrap : Using ib0:192.168.44.129<0>
c197-041:29296:29296 [3] NCCL INFO NET/Plugin : No plugin found (libnccl-net.so), using internal implementation
c197-041:29293:29293 [0] NCCL INFO NET/Plugin : No plugin found (libnccl-net.so), using internal implementation
c197-041:29294:29294 [1] NCCL INFO NET/Plugin : No plugin found (libnccl-net.so), using internal implementation
c198-041:30638:30638 [2] NCCL INFO Bootstrap : Using ib0:192.168.44.151<0>
c198-041:30638:30638 [2] NCCL INFO NET/Plugin : No plugin found (libnccl-net.so), using internal implementation
c198-112:14441:14441 [2] NCCL INFO Bootstrap : Using ib0:192.168.44.166<0>
c198-112:14441:14441 [2] NCCL INFO NET/Plugin : No plugin found (libnccl-net.so), using internal implementation
c198-041:30639:30639 [3] NCCL INFO Bootstrap : Using ib0:192.168.44.151<0>
c198-112:14441:14441 [2] NCCL INFO NET/IB : Using [0]mlx4_0:1/IB [RO]; OOB ib0:192.168.44.166<0>
c198-112:14441:14441 [2] NCCL INFO Using network IB
c198-041:30639:30639 [3] NCCL INFO NET/Plugin : No plugin found (libnccl-net.so), using internal implementation
c198-052:9303:9303 [0] NCCL INFO Bootstrap : Using ib0:192.168.44.154<0>
c198-052:9304:9304 [1] NCCL INFO Bootstrap : Using ib0:192.168.44.154<0>
c198-052:9303:9303 [0] NCCL INFO NET/Plugin : No plugin found (libnccl-net.so), using internal implementation
c198-052:9304:9304 [1] NCCL INFO NET/Plugin : No plugin found (libnccl-net.so), using internal implementation
c198-041:30638:30638 [2] NCCL INFO NET/IB : Using [0]mlx4_0:1/IB [RO]; OOB ib0:192.168.44.151<0>
c198-041:30638:30638 [2] NCCL INFO Using network IB
c198-041:30639:30639 [3] NCCL INFO NET/IB : Using [0]mlx4_0:1/IB [RO]; OOB ib0:192.168.44.151<0>
c198-041:30639:30639 [3] NCCL INFO Using network IB
c197-041:29296:29296 [3] NCCL INFO NET/IB : Using [0]mlx4_0:1/IB [RO]; OOB ib0:192.168.44.129<0>
c197-041:29296:29296 [3] NCCL INFO Using network IB
c197-041:29293:29293 [0] NCCL INFO NET/IB : Using [0]mlx4_0:1/IB [RO]; OOB ib0:192.168.44.129<0>
c197-041:29293:29293 [0] NCCL INFO Using network IB
c197-041:29294:29294 [1] NCCL INFO NET/IB : Using [0]mlx4_0:1/IB [RO]; OOB ib0:192.168.44.129<0>
c197-041:29294:29294 [1] NCCL INFO Using network IB
c198-062:20431:20431 [0] NCCL INFO Bootstrap : Using ib0:192.168.44.156<0>
c198-062:20432:20432 [1] NCCL INFO Bootstrap : Using ib0:192.168.44.156<0>
c198-062:20431:20431 [0] NCCL INFO NET/Plugin : No plugin found (libnccl-net.so), using internal implementation
c198-062:20432:20432 [1] NCCL INFO NET/Plugin : No plugin found (libnccl-net.so), using internal implementation
c198-032:11129:11129 [0] NCCL INFO Bootstrap : Using ib0:192.168.44.150<0>
c198-032:11130:11130 [1] NCCL INFO Bootstrap : Using ib0:192.168.44.150<0>
c198-032:11131:11131 [2] NCCL INFO Bootstrap : Using ib0:192.168.44.150<0>
c198-032:11132:11132 [3] NCCL INFO Bootstrap : Using ib0:192.168.44.150<0>
c198-032:11129:11129 [0] NCCL INFO NET/Plugin : No plugin found (libnccl-net.so), using internal implementation
c198-032:11130:11130 [1] NCCL INFO NET/Plugin : No plugin found (libnccl-net.so), using internal implementation
c198-032:11131:11131 [2] NCCL INFO NET/Plugin : No plugin found (libnccl-net.so), using internal implementation
c198-032:11132:11132 [3] NCCL INFO NET/Plugin : No plugin found (libnccl-net.so), using internal implementation
c198-052:9304:9304 [1] NCCL INFO NET/IB : Using [0]mlx4_0:1/IB [RO]; OOB ib0:192.168.44.154<0>
c198-052:9304:9304 [1] NCCL INFO Using network IB
c198-102:18999:18999 [0] NCCL INFO NET/IB : Using [0]mlx4_0:1/IB [RO]; OOB ib0:192.168.44.164<0>
c198-102:18999:18999 [0] NCCL INFO Using network IB
c198-052:9303:9303 [0] NCCL INFO NET/IB : Using [0]mlx4_0:1/IB [RO]; OOB ib0:192.168.44.154<0>
c198-052:9303:9303 [0] NCCL INFO Using network IB
c198-102:19002:19002 [3] NCCL INFO NET/IB : Using [0]mlx4_0:1/IB [RO]; OOB ib0:192.168.44.164<0>
c198-102:19002:19002 [3] NCCL INFO Using network IB
c198-102:19001:19001 [2] NCCL INFO NET/IB : Using [0]mlx4_0:1/IB [RO]; OOB ib0:192.168.44.164<0>
c198-102:19001:19001 [2] NCCL INFO Using network IB
c198-102:19000:19000 [1] NCCL INFO NET/IB : Using [0]mlx4_0:1/IB [RO]; OOB ib0:192.168.44.164<0>
c198-102:19000:19000 [1] NCCL INFO Using network IB
c198-041:30636:30636 [0] NCCL INFO Bootstrap : Using ib0:192.168.44.151<0>
c198-041:30637:30637 [1] NCCL INFO Bootstrap : Using ib0:192.168.44.151<0>
c198-041:30636:30636 [0] NCCL INFO NET/Plugin : No plugin found (libnccl-net.so), using internal implementation
c198-041:30637:30637 [1] NCCL INFO NET/Plugin : No plugin found (libnccl-net.so), using internal implementation
c198-062:20431:20431 [0] NCCL INFO NET/IB : Using [0]mlx4_0:1/IB [RO]; OOB ib0:192.168.44.156<0>
c198-062:20431:20431 [0] NCCL INFO Using network IB
c198-062:20432:20432 [1] NCCL INFO NET/IB : Using [0]mlx4_0:1/IB [RO]; OOB ib0:192.168.44.156<0>
c198-062:20432:20432 [1] NCCL INFO Using network IB
c197-032:28319:28319 [3] NCCL INFO Bootstrap : Using ib0:192.168.44.128<0>
c197-032:28319:28319 [3] NCCL INFO NET/Plugin : No plugin found (libnccl-net.so), using internal implementation
c198-112:14440:14440 [1] NCCL INFO Bootstrap : Using ib0:192.168.44.166<0>
c198-112:14440:14440 [1] NCCL INFO NET/Plugin : No plugin found (libnccl-net.so), using internal implementation
c198-041:30637:30637 [1] NCCL INFO NET/IB : Using [0]mlx4_0:1/IB [RO]; OOB ib0:192.168.44.151<0>
c198-041:30637:30637 [1] NCCL INFO Using network IB
c198-041:30636:30636 [0] NCCL INFO NET/IB : Using [0]mlx4_0:1/IB [RO]; OOB ib0:192.168.44.151<0>
c198-041:30636:30636 [0] NCCL INFO Using network IB
c197-032:28319:28319 [3] NCCL INFO NET/IB : Using [0]mlx4_0:1/IB [RO]; OOB ib0:192.168.44.128<0>
c197-032:28319:28319 [3] NCCL INFO Using network IB
c198-111:6303:6303 [1] NCCL INFO Bootstrap : Using ib0:192.168.44.165<0>
c198-111:6303:6303 [1] NCCL INFO NET/Plugin : No plugin found (libnccl-net.so), using internal implementation
c198-112:14439:14439 [0] NCCL INFO Bootstrap : Using ib0:192.168.44.166<0>
c198-032:11132:11132 [3] NCCL INFO NET/IB : Using [0]mlx4_0:1/IB [RO]; OOB ib0:192.168.44.150<0>
c198-032:11132:11132 [3] NCCL INFO Using network IB
c198-112:14439:14439 [0] NCCL INFO NET/Plugin : No plugin found (libnccl-net.so), using internal implementation
c198-032:11130:11130 [1] NCCL INFO NET/IB : Using [0]mlx4_0:1/IB [RO]; OOB ib0:192.168.44.150<0>
c198-032:11130:11130 [1] NCCL INFO Using network IB
c198-032:11131:11131 [2] NCCL INFO NET/IB : Using [0]mlx4_0:1/IB [RO]; OOB ib0:192.168.44.150<0>
c198-032:11131:11131 [2] NCCL INFO Using network IB
c198-032:11129:11129 [0] NCCL INFO NET/IB : Using [0]mlx4_0:1/IB [RO]; OOB ib0:192.168.44.150<0>
c198-032:11129:11129 [0] NCCL INFO Using network IB
c198-112:14440:14440 [1] NCCL INFO NET/IB : Using [0]mlx4_0:1/IB [RO]; OOB ib0:192.168.44.166<0>
c198-112:14440:14440 [1] NCCL INFO Using network IB
c198-112:14439:14439 [0] NCCL INFO NET/IB : Using [0]mlx4_0:1/IB [RO]; OOB ib0:192.168.44.166<0>
c198-112:14439:14439 [0] NCCL INFO Using network IB
c198-111:6303:6303 [1] NCCL INFO NET/IB : Using [0]mlx4_0:1/IB [RO]; OOB ib0:192.168.44.165<0>
c198-111:6303:6303 [1] NCCL INFO Using network IB
c197-031:17568:17675 [0] NCCL INFO Setting affinity for GPU 0 to 0f000f
c198-061:1792:1844 [3] NCCL INFO Setting affinity for GPU 3 to f000f000
c198-042:367:419 [3] NCCL INFO Setting affinity for GPU 3 to f000f000
c198-052:9306:9358 [3] NCCL INFO Setting affinity for GPU 3 to f000f000
c198-071:11202:11254 [3] NCCL INFO Setting affinity for GPU 3 to f000f000
c198-041:30639:30691 [3] NCCL INFO Setting affinity for GPU 3 to f000f000
c198-051:11195:11245 [3] NCCL INFO Setting affinity for GPU 3 to f000f000
c198-112:14442:14492 [3] NCCL INFO Setting affinity for GPU 3 to f000f000
c197-041:29296:29351 [3] NCCL INFO Setting affinity for GPU 3 to f000f000
c198-072:4817:4871 [3] NCCL INFO Setting affinity for GPU 3 to f000f000
c198-032:11132:11182 [3] NCCL INFO Setting affinity for GPU 3 to f000f000
c198-062:20434:20486 [3] NCCL INFO Setting affinity for GPU 3 to f000f000
c197-032:28319:28375 [3] NCCL INFO Setting affinity for GPU 3 to f000f000
c198-102:19002:19064 [3] NCCL INFO Setting affinity for GPU 3 to f000f000
c198-111:6305:6356 [3] NCCL INFO Setting affinity for GPU 3 to f000f000
c198-031:17276:17329 [3] NCCL INFO Setting affinity for GPU 3 to f000f000
c197-031:17570:17682 [2] NCCL INFO Setting affinity for GPU 2 to 0f000f00
c197-031:17571:17680 [3] NCCL INFO Setting affinity for GPU 3 to f000f000
c197-031:17569:17684 [1] NCCL INFO Setting affinity for GPU 1 to f000f0
c198-102:19000:19068 [1] NCCL INFO Setting affinity for GPU 1 to f000f0
c198-041:30638:30689 [2] NCCL INFO Setting affinity for GPU 2 to 0f000f00
c198-072:4814:4873 [0] NCCL INFO Setting affinity for GPU 0 to 0f000f
c198-032:11130:11185 [1] NCCL INFO Setting affinity for GPU 1 to f000f0
c198-072:4816:4869 [2] NCCL INFO Setting affinity for GPU 2 to 0f000f00
c198-052:9304:9361 [1] NCCL INFO Setting affinity for GPU 1 to f000f0
c198-102:18999:19054 [0] NCCL INFO Setting affinity for GPU 0 to 0f000f
c198-042:366:417 [2] NCCL INFO Setting affinity for GPU 2 to 0f000f00
c198-052:9303:9362 [0] NCCL INFO Setting affinity for GPU 0 to 0f000f
c198-052:9305:9357 [2] NCCL INFO Setting affinity for GPU 2 to 0f000f00
c198-112:14439:14498 [0] NCCL INFO Setting affinity for GPU 0 to 0f000f
c198-111:6302:6359 [0] NCCL INFO Setting affinity for GPU 0 to 0f000f
c198-032:11129:11187 [0] NCCL INFO Setting affinity for GPU 0 to 0f000f
c198-112:14440:14496 [1] NCCL INFO Setting affinity for GPU 1 to f000f0
c198-102:19001:19067 [2] NCCL INFO Setting affinity for GPU 2 to 0f000f00
c198-061:1790:1848 [1] NCCL INFO Setting affinity for GPU 1 to f000f0
c198-111:6304:6357 [2] NCCL INFO Setting affinity for GPU 2 to 0f000f00
c198-061:1789:1846 [0] NCCL INFO Setting affinity for GPU 0 to 0f000f
c197-032:28318:28373 [2] NCCL INFO Setting affinity for GPU 2 to 0f000f00
c198-031:17275:17327 [2] NCCL INFO Setting affinity for GPU 2 to 0f000f00
c198-031:17274:17331 [1] NCCL INFO Setting affinity for GPU 1 to f000f0
c198-072:4815:4875 [1] NCCL INFO Setting affinity for GPU 1 to f000f0
c198-042:365:422 [1] NCCL INFO Setting affinity for GPU 1 to f000f0
c198-071:11200:11260 [1] NCCL INFO Setting affinity for GPU 1 to f000f0
c197-032:28317:28371 [1] NCCL INFO Setting affinity for GPU 1 to f000f0
c198-062:20431:20490 [0] NCCL INFO Setting affinity for GPU 0 to 0f000f
c198-041:30637:30694 [1] NCCL INFO Setting affinity for GPU 1 to f000f0
c198-031:17273:17333 [0] NCCL INFO Setting affinity for GPU 0 to 0f000f
c198-061:1791:1842 [2] NCCL INFO Setting affinity for GPU 2 to 0f000f00
c197-032:28316:28372 [0] NCCL INFO Setting affinity for GPU 0 to 0f000f
c198-042:364:423 [0] NCCL INFO Setting affinity for GPU 0 to 0f000f
c198-062:20433:20484 [2] NCCL INFO Setting affinity for GPU 2 to 0f000f00
c198-071:11199:11256 [0] NCCL INFO Setting affinity for GPU 0 to 0f000f
c198-032:11131:11188 [2] NCCL INFO Setting affinity for GPU 2 to 0f000f00
c198-111:6303:6361 [1] NCCL INFO Setting affinity for GPU 1 to f000f0
c198-062:20432:20489 [1] NCCL INFO Setting affinity for GPU 1 to f000f0
c198-041:30636:30695 [0] NCCL INFO Setting affinity for GPU 0 to 0f000f
c198-071:11201:11258 [2] NCCL INFO Setting affinity for GPU 2 to 0f000f00
c197-041:29293:29352 [0] NCCL INFO Setting affinity for GPU 0 to 0f000f
c197-041:29295:29348 [2] NCCL INFO Setting affinity for GPU 2 to 0f000f00
c197-041:29294:29354 [1] NCCL INFO Setting affinity for GPU 1 to f000f0
c198-051:11192:11250 [0] NCCL INFO Setting affinity for GPU 0 to 0f000f
c198-051:11194:11247 [2] NCCL INFO Setting affinity for GPU 2 to 0f000f00
c198-051:11193:11251 [1] NCCL INFO Setting affinity for GPU 1 to f000f0
c198-112:14441:14494 [2] NCCL INFO Setting affinity for GPU 2 to 0f000f00
c198-112:14440:14496 [1] NCCL INFO Trees [0] 62/-1/-1->61->60 [1] 62/-1/-1->61->60
c198-112:14441:14494 [2] NCCL INFO Trees [0] 63/-1/-1->62->61 [1] 63/-1/-1->62->61
c198-111:6302:6359 [0] NCCL INFO Trees [0] 57/60/-1->56->48 [1] 57/-1/-1->56->53
c198-102:19001:19067 [2] NCCL INFO Trees [0] 55/-1/-1->54->53 [1] 55/-1/-1->54->53
c198-112:14442:14492 [3] NCCL INFO Trees [0] -1/-1/-1->63->62 [1] -1/-1/-1->63->62
c198-111:6304:6357 [2] NCCL INFO Trees [0] 59/-1/-1->58->57 [1] 59/-1/-1->58->57
c198-072:4817:4871 [3] NCCL INFO Trees [0] -1/-1/-1->51->50 [1] -1/-1/-1->51->50
c198-102:19002:19064 [3] NCCL INFO Trees [0] -1/-1/-1->55->54 [1] -1/-1/-1->55->54
c198-112:14439:14498 [0] NCCL INFO Trees [0] 61/-1/-1->60->56 [1] 61/28/-1->60->-1
c198-111:6305:6356 [3] NCCL INFO Trees [0] -1/-1/-1->59->58 [1] -1/-1/-1->59->58
c198-072:4816:4869 [2] NCCL INFO Trees [0] 51/-1/-1->50->49 [1] 51/-1/-1->50->49
c198-102:19000:19068 [1] NCCL INFO Trees [0] 54/-1/-1->53->52 [1] 54/56/-1->53->52
c198-111:6303:6361 [1] NCCL INFO Trees [0] 58/52/-1->57->56 [1] 58/-1/-1->57->56
c198-072:4814:4873 [0] NCCL INFO Trees [0] 49/56/-1->48->32 [1] 49/-1/-1->48->52
c198-102:18999:19054 [0] NCCL INFO Trees [0] 53/-1/-1->52->57 [1] 53/48/-1->52->45
c198-071:11200:11260 [1] NCCL INFO Trees [0] 46/-1/-1->45->44 [1] 46/52/-1->45->44
c198-072:4815:4875 [1] NCCL INFO Trees [0] 50/40/-1->49->48 [1] 50/-1/-1->49->48
c197-031:17568:17675 [0] NCCL INFO Channel 00/02 :    0   1   2   3   4   5   6   7   8   9  10  11  12  13  14  15  16  17  18  19
c197-031:17568:17675 [0] NCCL INFO Channel 01/02 :    0   1   2   3   4   5   6   7   8   9  10  11  12  13  14  15  16  17  18  19
c198-071:11201:11258 [2] NCCL INFO Trees [0] 47/-1/-1->46->45 [1] 47/-1/-1->46->45
c197-031:17568:17675 [0] NCCL INFO Trees [0] 1/32/-1->0->-1 [1] 1/-1/-1->0->4
c198-062:20434:20486 [3] NCCL INFO Trees [0] -1/-1/-1->43->42 [1] -1/-1/-1->43->42
c198-061:1792:1844 [3] NCCL INFO Trees [0] -1/-1/-1->39->38 [1] -1/-1/-1->39->38
c198-071:11202:11254 [3] NCCL INFO Trees [0] -1/-1/-1->47->46 [1] -1/-1/-1->47->46
c198-061:1791:1842 [2] NCCL INFO Trees [0] 39/-1/-1->38->37 [1] 39/-1/-1->38->37
c198-071:11199:11256 [0] NCCL INFO Trees [0] 45/-1/-1->44->40 [1] 45/36/-1->44->29
c198-062:20431:20490 [0] NCCL INFO Trees [0] 41/44/-1->40->49 [1] 41/-1/-1->40->37
c198-061:1790:1848 [1] NCCL INFO Trees [0] 38/-1/-1->37->36 [1] 38/40/-1->37->36
c198-052:9304:9361 [1] NCCL INFO Trees [0] 34/16/-1->33->32 [1] 34/-1/-1->33->32
c198-062:20432:20489 [1] NCCL INFO Trees [0] 42/36/-1->41->40 [1] 42/-1/-1->41->40
c198-061:1789:1846 [0] NCCL INFO Trees [0] 37/-1/-1->36->41 [1] 37/32/-1->36->44
c198-052:9305:9357 [2] NCCL INFO Trees [0] 35/-1/-1->34->33 [1] 35/-1/-1->34->33
c198-051:11193:11251 [1] NCCL INFO Trees [0] 30/-1/-1->29->28 [1] 30/44/-1->29->28
c198-062:20433:20484 [2] NCCL INFO Trees [0] 43/-1/-1->42->41 [1] 43/-1/-1->42->41
c198-052:9306:9358 [3] NCCL INFO Trees [0] -1/-1/-1->35->34 [1] -1/-1/-1->35->34
c198-051:11194:11247 [2] NCCL INFO Trees [0] 31/-1/-1->30->29 [1] 31/-1/-1->30->29
c198-042:367:419 [3] NCCL INFO Trees [0] -1/-1/-1->27->26 [1] -1/-1/-1->27->26
c198-041:30638:30689 [2] NCCL INFO Trees [0] 23/-1/-1->22->21 [1] 23/-1/-1->22->21
c198-052:9303:9362 [0] NCCL INFO Trees [0] 33/48/-1->32->0 [1] 33/-1/-1->32->36
c198-051:11195:11245 [3] NCCL INFO Trees [0] -1/-1/-1->31->30 [1] -1/-1/-1->31->30
c198-042:366:417 [2] NCCL INFO Trees [0] 27/-1/-1->26->25 [1] 27/-1/-1->26->25
c197-031:17569:17684 [1] NCCL INFO Trees [0] 2/-1/-1->1->0 [1] 2/-1/-1->1->0
c198-041:30639:30691 [3] NCCL INFO Trees [0] -1/-1/-1->23->22 [1] -1/-1/-1->23->22
c197-032:28319:28375 [3] NCCL INFO Trees [0] -1/-1/-1->7->6 [1] -1/-1/-1->7->6
c197-041:29294:29354 [1] NCCL INFO Trees [0] 10/4/-1->9->8 [1] 10/-1/-1->9->8
c198-031:17273:17333 [0] NCCL INFO Trees [0] 13/-1/-1->12->8 [1] 13/4/-1->12->28
c198-051:11192:11250 [0] NCCL INFO Trees [0] 29/-1/-1->28->24 [1] 29/12/-1->28->60
c198-032:11132:11182 [3] NCCL INFO Trees [0] -1/-1/-1->19->18 [1] -1/-1/-1->19->18
c198-042:365:422 [1] NCCL INFO Trees [0] 26/20/-1->25->24 [1] 26/-1/-1->25->24
c197-031:17571:17680 [3] NCCL INFO Trees [0] -1/-1/-1->3->2 [1] -1/-1/-1->3->2
c198-041:30637:30694 [1] NCCL INFO Trees [0] 22/-1/-1->21->20 [1] 22/24/-1->21->20
c197-032:28318:28373 [2] NCCL INFO Trees [0] 7/-1/-1->6->5 [1] 7/-1/-1->6->5
c197-041:29295:29348 [2] NCCL INFO Trees [0] 11/-1/-1->10->9 [1] 11/-1/-1->10->9
c198-031:17274:17331 [1] NCCL INFO Trees [0] 14/-1/-1->13->12 [1] 14/20/-1->13->12
c198-032:11131:11188 [2] NCCL INFO Trees [0] 19/-1/-1->18->17 [1] 19/-1/-1->18->17
c198-042:364:423 [0] NCCL INFO Trees [0] 25/28/-1->24->16 [1] 25/-1/-1->24->21
c197-031:17570:17682 [2] NCCL INFO Trees [0] 3/-1/-1->2->1 [1] 3/-1/-1->2->1
c198-041:30636:30695 [0] NCCL INFO Trees [0] 21/-1/-1->20->25 [1] 21/16/-1->20->13
c197-032:28317:28371 [1] NCCL INFO Trees [0] 6/-1/-1->5->4 [1] 6/8/-1->5->4
c197-041:29296:29351 [3] NCCL INFO Trees [0] -1/-1/-1->11->10 [1] -1/-1/-1->11->10
c198-031:17275:17327 [2] NCCL INFO Trees [0] 15/-1/-1->14->13 [1] 15/-1/-1->14->13
c198-032:11130:11185 [1] NCCL INFO Trees [0] 18/8/-1->17->16 [1] 18/-1/-1->17->16
c197-032:28316:28372 [0] NCCL INFO Trees [0] 5/-1/-1->4->9 [1] 5/0/-1->4->12
c197-041:29293:29352 [0] NCCL INFO Trees [0] 9/12/-1->8->17 [1] 9/-1/-1->8->5
c198-031:17276:17329 [3] NCCL INFO Trees [0] -1/-1/-1->15->14 [1] -1/-1/-1->15->14
c198-032:11129:11187 [0] NCCL INFO Trees [0] 17/24/-1->16->33 [1] 17/-1/-1->16->20
c197-031:17568:17675 [0] NCCL INFO Channel 00/0 : 63[83000] -> 0[2000] [receive] via NET/IB/0
c198-112:14439:14498 [0] NCCL INFO Channel 00/0 : 59[83000] -> 60[2000] [receive] via NET/IB/0
c198-072:4814:4873 [0] NCCL INFO Channel 00/0 : 47[83000] -> 48[2000] [receive] via NET/IB/0
c198-102:18999:19054 [0] NCCL INFO Channel 00/0 : 51[83000] -> 52[2000] [receive] via NET/IB/0
c198-071:11199:11256 [0] NCCL INFO Channel 00/0 : 43[83000] -> 44[2000] [receive] via NET/IB/0
c198-111:6302:6359 [0] NCCL INFO Channel 00/0 : 55[83000] -> 56[2000] [receive] via NET/IB/0
c198-062:20431:20490 [0] NCCL INFO Channel 00/0 : 39[83000] -> 40[2000] [receive] via NET/IB/0
c198-061:1789:1846 [0] NCCL INFO Channel 00/0 : 35[83000] -> 36[2000] [receive] via NET/IB/0
c198-052:9303:9362 [0] NCCL INFO Channel 00/0 : 31[83000] -> 32[2000] [receive] via NET/IB/0
c198-042:364:423 [0] NCCL INFO Channel 00/0 : 23[83000] -> 24[2000] [receive] via NET/IB/0
c198-051:11192:11250 [0] NCCL INFO Channel 00/0 : 27[83000] -> 28[2000] [receive] via NET/IB/0
c197-041:29293:29352 [0] NCCL INFO Channel 00/0 : 7[83000] -> 8[2000] [receive] via NET/IB/0
c198-032:11129:11187 [0] NCCL INFO Channel 00/0 : 15[83000] -> 16[2000] [receive] via NET/IB/0
c198-031:17273:17333 [0] NCCL INFO Channel 00/0 : 11[83000] -> 12[2000] [receive] via NET/IB/0
c198-041:30636:30695 [0] NCCL INFO Channel 00/0 : 19[83000] -> 20[2000] [receive] via NET/IB/0
c197-032:28316:28372 [0] NCCL INFO Channel 00/0 : 3[83000] -> 4[2000] [receive] via NET/IB/0
c198-071:11201:11258 [2] NCCL INFO Channel 00 : 46[82000] -> 47[83000] via direct shared memory
c198-072:4816:4869 [2] NCCL INFO Channel 00 : 50[82000] -> 51[83000] via direct shared memory
c198-071:11201:11258 [2] NCCL INFO Channel 01 : 46[82000] -> 47[83000] via direct shared memory
c198-072:4816:4869 [2] NCCL INFO Channel 01 : 50[82000] -> 51[83000] via direct shared memory
c198-062:20433:20484 [2] NCCL INFO Channel 00 : 42[82000] -> 43[83000] via direct shared memory
c198-052:9305:9357 [2] NCCL INFO Channel 00 : 34[82000] -> 35[83000] via direct shared memory
c198-072:4815:4875 [1] NCCL INFO Channel 00 : 49[3000] -> 50[82000] via direct shared memory
c198-052:9305:9357 [2] NCCL INFO Channel 01 : 34[82000] -> 35[83000] via direct shared memory
c198-072:4815:4875 [1] NCCL INFO Channel 01 : 49[3000] -> 50[82000] via direct shared memory
c198-042:366:417 [2] NCCL INFO Channel 00 : 26[82000] -> 27[83000] via direct shared memory
c198-062:20433:20484 [2] NCCL INFO Channel 01 : 42[82000] -> 43[83000] via direct shared memory
c198-112:14441:14494 [2] NCCL INFO Channel 00 : 62[82000] -> 63[83000] via direct shared memory
c198-112:14440:14496 [1] NCCL INFO Channel 00 : 61[3000] -> 62[82000] via direct shared memory
c198-111:6304:6357 [2] NCCL INFO Channel 00 : 58[82000] -> 59[83000] via direct shared memory
c198-042:366:417 [2] NCCL INFO Channel 01 : 26[82000] -> 27[83000] via direct shared memory
c198-062:20432:20489 [1] NCCL INFO Channel 00 : 41[3000] -> 42[82000] via direct shared memory
c198-052:9304:9361 [1] NCCL INFO Channel 00 : 33[3000] -> 34[82000] via direct shared memory
c197-032:28318:28373 [2] NCCL INFO Channel 00 : 6[82000] -> 7[83000] via direct shared memory
c198-112:14441:14494 [2] NCCL INFO Channel 01 : 62[82000] -> 63[83000] via direct shared memory
c198-111:6304:6357 [2] NCCL INFO Channel 01 : 58[82000] -> 59[83000] via direct shared memory
c198-062:20432:20489 [1] NCCL INFO Channel 01 : 41[3000] -> 42[82000] via direct shared memory
c198-112:14440:14496 [1] NCCL INFO Channel 01 : 61[3000] -> 62[82000] via direct shared memory
c198-052:9304:9361 [1] NCCL INFO Channel 01 : 33[3000] -> 34[82000] via direct shared memory
c197-032:28318:28373 [2] NCCL INFO Channel 01 : 6[82000] -> 7[83000] via direct shared memory
c198-071:11200:11260 [1] NCCL INFO Channel 00 : 45[3000] -> 46[82000] via direct shared memory
c198-071:11200:11260 [1] NCCL INFO Channel 01 : 45[3000] -> 46[82000] via direct shared memory
c198-031:17275:17327 [2] NCCL INFO Channel 00 : 14[82000] -> 15[83000] via direct shared memory
c198-061:1790:1848 [1] NCCL INFO Channel 00 : 37[3000] -> 38[82000] via direct shared memory
c197-041:29295:29348 [2] NCCL INFO Channel 00 : 10[82000] -> 11[83000] via direct shared memory
c198-102:19001:19067 [2] NCCL INFO Channel 00 : 54[82000] -> 55[83000] via direct shared memory
c198-061:1791:1842 [2] NCCL INFO Channel 00 : 38[82000] -> 39[83000] via direct shared memory
c197-041:29294:29354 [1] NCCL INFO Channel 00 : 9[3000] -> 10[82000] via direct shared memory
c198-102:19000:19068 [1] NCCL INFO Channel 00 : 53[3000] -> 54[82000] via direct shared memory
c198-032:11131:11188 [2] NCCL INFO Channel 00 : 18[82000] -> 19[83000] via direct shared memory
c198-042:365:422 [1] NCCL INFO Channel 00 : 25[3000] -> 26[82000] via direct shared memory
c198-061:1791:1842 [2] NCCL INFO Channel 01 : 38[82000] -> 39[83000] via direct shared memory
c197-041:29295:29348 [2] NCCL INFO Channel 01 : 10[82000] -> 11[83000] via direct shared memory
c198-102:19001:19067 [2] NCCL INFO Channel 01 : 54[82000] -> 55[83000] via direct shared memory
c198-032:11130:11185 [1] NCCL INFO Channel 00 : 17[3000] -> 18[82000] via direct shared memory
c198-042:365:422 [1] NCCL INFO Channel 01 : 25[3000] -> 26[82000] via direct shared memory
c198-041:30638:30689 [2] NCCL INFO Channel 00 : 22[82000] -> 23[83000] via direct shared memory
c198-061:1790:1848 [1] NCCL INFO Channel 01 : 37[3000] -> 38[82000] via direct shared memory
c197-041:29294:29354 [1] NCCL INFO Channel 01 : 9[3000] -> 10[82000] via direct shared memory
c198-031:17275:17327 [2] NCCL INFO Channel 01 : 14[82000] -> 15[83000] via direct shared memory
c198-102:19000:19068 [1] NCCL INFO Channel 01 : 53[3000] -> 54[82000] via direct shared memory
c198-041:30637:30694 [1] NCCL INFO Channel 00 : 21[3000] -> 22[82000] via direct shared memory
c198-032:11131:11188 [2] NCCL INFO Channel 01 : 18[82000] -> 19[83000] via direct shared memory
c198-041:30638:30689 [2] NCCL INFO Channel 01 : 22[82000] -> 23[83000] via direct shared memory
c197-032:28317:28371 [1] NCCL INFO Channel 00 : 5[3000] -> 6[82000] via direct shared memory
c197-031:17569:17684 [1] NCCL INFO Channel 00 : 1[3000] -> 2[82000] via direct shared memory
c198-041:30637:30694 [1] NCCL INFO Channel 01 : 21[3000] -> 22[82000] via direct shared memory
c198-031:17274:17331 [1] NCCL INFO Channel 00 : 13[3000] -> 14[82000] via direct shared memory
c198-051:11194:11247 [2] NCCL INFO Channel 00 : 30[82000] -> 31[83000] via direct shared memory
c198-032:11130:11185 [1] NCCL INFO Channel 01 : 17[3000] -> 18[82000] via direct shared memory
c197-032:28317:28371 [1] NCCL INFO Channel 01 : 5[3000] -> 6[82000] via direct shared memory
c198-051:11194:11247 [2] NCCL INFO Channel 01 : 30[82000] -> 31[83000] via direct shared memory
c198-031:17274:17331 [1] NCCL INFO Channel 01 : 13[3000] -> 14[82000] via direct shared memory
c198-051:11193:11251 [1] NCCL INFO Channel 00 : 29[3000] -> 30[82000] via direct shared memory
c197-031:17569:17684 [1] NCCL INFO Channel 01 : 1[3000] -> 2[82000] via direct shared memory
c198-051:11193:11251 [1] NCCL INFO Channel 01 : 29[3000] -> 30[82000] via direct shared memory
c197-031:17570:17682 [2] NCCL INFO Channel 00 : 2[82000] -> 3[83000] via direct shared memory
c197-031:17570:17682 [2] NCCL INFO Channel 01 : 2[82000] -> 3[83000] via direct shared memory
c198-072:4817:4871 [3] NCCL INFO Channel 00/0 : 51[83000] -> 52[2000] [send] via NET/IB/0
c198-071:11202:11254 [3] NCCL INFO Channel 00/0 : 47[83000] -> 48[2000] [send] via NET/IB/0
c198-052:9306:9358 [3] NCCL INFO Channel 00/0 : 35[83000] -> 36[2000] [send] via NET/IB/0
c198-062:20434:20486 [3] NCCL INFO Channel 00/0 : 43[83000] -> 44[2000] [send] via NET/IB/0
c198-112:14442:14492 [3] NCCL INFO Channel 00/0 : 63[83000] -> 0[2000] [send] via NET/IB/0
c198-042:367:419 [3] NCCL INFO Channel 00/0 : 27[83000] -> 28[2000] [send] via NET/IB/0
c198-111:6305:6356 [3] NCCL INFO Channel 00/0 : 59[83000] -> 60[2000] [send] via NET/IB/0
c198-051:11195:11245 [3] NCCL INFO Channel 00/0 : 31[83000] -> 32[2000] [send] via NET/IB/0
c197-032:28319:28375 [3] NCCL INFO Channel 00/0 : 7[83000] -> 8[2000] [send] via NET/IB/0
c198-102:19002:19064 [3] NCCL INFO Channel 00/0 : 55[83000] -> 56[2000] [send] via NET/IB/0
c198-061:1792:1844 [3] NCCL INFO Channel 00/0 : 39[83000] -> 40[2000] [send] via NET/IB/0
c198-031:17276:17329 [3] NCCL INFO Channel 00/0 : 15[83000] -> 16[2000] [send] via NET/IB/0
c197-041:29296:29351 [3] NCCL INFO Channel 00/0 : 11[83000] -> 12[2000] [send] via NET/IB/0
c198-041:30639:30691 [3] NCCL INFO Channel 00/0 : 23[83000] -> 24[2000] [send] via NET/IB/0
c198-032:11132:11182 [3] NCCL INFO Channel 00/0 : 19[83000] -> 20[2000] [send] via NET/IB/0
c197-031:17571:17680 [3] NCCL INFO Channel 00/0 : 3[83000] -> 4[2000] [send] via NET/IB/0
c198-111:6303:6361 [1] NCCL INFO Channel 00 : 57[3000] -> 58[82000] via direct shared memory
c198-111:6303:6361 [1] NCCL INFO Channel 01 : 57[3000] -> 58[82000] via direct shared memory
c197-031:17568:17675 [0] NCCL INFO Channel 01/0 : 63[83000] -> 0[2000] [receive] via NET/IB/0
c198-072:4814:4873 [0] NCCL INFO Channel 01/0 : 47[83000] -> 48[2000] [receive] via NET/IB/0
c198-072:4814:4873 [0] NCCL INFO Channel 00 : 48[2000] -> 49[3000] via direct shared memory
c198-102:18999:19054 [0] NCCL INFO Channel 01/0 : 51[83000] -> 52[2000] [receive] via NET/IB/0
c197-031:17568:17675 [0] NCCL INFO Channel 00 : 0[2000] -> 1[3000] via direct shared memory
c198-061:1789:1846 [0] NCCL INFO Channel 01/0 : 35[83000] -> 36[2000] [receive] via NET/IB/0
c198-072:4814:4873 [0] NCCL INFO Channel 01 : 48[2000] -> 49[3000] via direct shared memory
c197-031:17568:17675 [0] NCCL INFO Channel 01 : 0[2000] -> 1[3000] via direct shared memory
c198-111:6302:6359 [0] NCCL INFO Channel 01/0 : 55[83000] -> 56[2000] [receive] via NET/IB/0
c198-102:18999:19054 [0] NCCL INFO Channel 00 : 52[2000] -> 53[3000] via direct shared memory
c198-061:1789:1846 [0] NCCL INFO Channel 00 : 36[2000] -> 37[3000] via direct shared memory
c198-111:6302:6359 [0] NCCL INFO Channel 00 : 56[2000] -> 57[3000] via direct shared memory
c198-102:18999:19054 [0] NCCL INFO Channel 01 : 52[2000] -> 53[3000] via direct shared memory
c198-112:14439:14498 [0] NCCL INFO Channel 01/0 : 59[83000] -> 60[2000] [receive] via NET/IB/0
c198-051:11192:11250 [0] NCCL INFO Channel 01/0 : 27[83000] -> 28[2000] [receive] via NET/IB/0
c198-061:1789:1846 [0] NCCL INFO Channel 01 : 36[2000] -> 37[3000] via direct shared memory
c197-041:29293:29352 [0] NCCL INFO Channel 01/0 : 7[83000] -> 8[2000] [receive] via NET/IB/0
c198-111:6302:6359 [0] NCCL INFO Channel 01 : 56[2000] -> 57[3000] via direct shared memory
c198-051:11192:11250 [0] NCCL INFO Channel 00 : 28[2000] -> 29[3000] via direct shared memory
c197-041:29293:29352 [0] NCCL INFO Channel 00 : 8[2000] -> 9[3000] via direct shared memory
c198-112:14439:14498 [0] NCCL INFO Channel 00 : 60[2000] -> 61[3000] via direct shared memory
c198-062:20431:20490 [0] NCCL INFO Channel 01/0 : 39[83000] -> 40[2000] [receive] via NET/IB/0
c198-041:30636:30695 [0] NCCL INFO Channel 01/0 : 19[83000] -> 20[2000] [receive] via NET/IB/0
c198-051:11192:11250 [0] NCCL INFO Channel 01 : 28[2000] -> 29[3000] via direct shared memory
c197-041:29293:29352 [0] NCCL INFO Channel 01 : 8[2000] -> 9[3000] via direct shared memory
c198-112:14439:14498 [0] NCCL INFO Channel 01 : 60[2000] -> 61[3000] via direct shared memory
c198-071:11199:11256 [0] NCCL INFO Channel 01/0 : 43[83000] -> 44[2000] [receive] via NET/IB/0
c198-062:20431:20490 [0] NCCL INFO Channel 00 : 40[2000] -> 41[3000] via direct shared memory
c198-042:364:423 [0] NCCL INFO Channel 01/0 : 23[83000] -> 24[2000] [receive] via NET/IB/0
c198-062:20431:20490 [0] NCCL INFO Channel 01 : 40[2000] -> 41[3000] via direct shared memory
c198-041:30636:30695 [0] NCCL INFO Channel 00 : 20[2000] -> 21[3000] via direct shared memory
c198-052:9303:9362 [0] NCCL INFO Channel 01/0 : 31[83000] -> 32[2000] [receive] via NET/IB/0
c198-031:17273:17333 [0] NCCL INFO Channel 01/0 : 11[83000] -> 12[2000] [receive] via NET/IB/0
c198-071:11199:11256 [0] NCCL INFO Channel 00 : 44[2000] -> 45[3000] via direct shared memory
c198-041:30636:30695 [0] NCCL INFO Channel 01 : 20[2000] -> 21[3000] via direct shared memory
c198-031:17273:17333 [0] NCCL INFO Channel 00 : 12[2000] -> 13[3000] via direct shared memory
c198-042:364:423 [0] NCCL INFO Channel 00 : 24[2000] -> 25[3000] via direct shared memory
c198-052:9303:9362 [0] NCCL INFO Channel 00 : 32[2000] -> 33[3000] via direct shared memory
c198-071:11199:11256 [0] NCCL INFO Channel 01 : 44[2000] -> 45[3000] via direct shared memory
c198-042:364:423 [0] NCCL INFO Channel 01 : 24[2000] -> 25[3000] via direct shared memory
c198-052:9303:9362 [0] NCCL INFO Channel 01 : 32[2000] -> 33[3000] via direct shared memory
c198-031:17273:17333 [0] NCCL INFO Channel 01 : 12[2000] -> 13[3000] via direct shared memory
c197-032:28316:28372 [0] NCCL INFO Channel 01/0 : 3[83000] -> 4[2000] [receive] via NET/IB/0
c198-032:11129:11187 [0] NCCL INFO Channel 01/0 : 15[83000] -> 16[2000] [receive] via NET/IB/0
c197-032:28316:28372 [0] NCCL INFO Channel 00 : 4[2000] -> 5[3000] via direct shared memory
