c198-072:4217:4278 [0] NCCL INFO Channel 01/0 : 47[83000] -> 48[2000] [receive] via NET/IB/0
c198-051:10717:10776 [0] NCCL INFO Channel 01 : 28[2000] -> 29[3000] via direct shared memory
c198-112:13963:14023 [0] NCCL INFO Channel 01 : 60[2000] -> 61[3000] via direct shared memory
c198-072:4217:4278 [0] NCCL INFO Channel 00 : 48[2000] -> 49[3000] via direct shared memory
c198-072:4217:4278 [0] NCCL INFO Channel 01 : 48[2000] -> 49[3000] via direct shared memory
c198-032:10654:10711 [1] NCCL INFO Connected all rings
c198-071:10613:10672 [1] NCCL INFO Connected all rings
c197-032:27840:27896 [1] NCCL INFO Connected all rings
c198-062:19957:20013 [1] NCCL INFO Connected all rings
c197-041:28704:28765 [1] NCCL INFO Connected all rings
c198-042:32357:32414 [1] NCCL INFO Connected all rings
c198-041:30161:30219 [1] NCCL INFO Connected all rings
c198-052:8831:8889 [1] NCCL INFO Connected all rings
c198-102:18409:18468 [1] NCCL INFO Connected all rings
c197-031:17046:17105 [1] NCCL INFO Connected all rings
c198-031:16797:16856 [1] NCCL INFO Connected all rings
c198-072:4218:4280 [1] NCCL INFO Connected all rings
c198-111:5828:5882 [1] NCCL INFO Connected all rings
c198-061:1310:1368 [1] NCCL INFO Connected all rings
c198-112:13964:14024 [1] NCCL INFO Connected all rings
c198-051:10718:10775 [1] NCCL INFO Connected all rings
c198-071:10613:10672 [1] NCCL INFO Channel 01/0 : 45[3000] -> 52[2000] [send] via NET/IB/0
c198-032:10654:10711 [1] NCCL INFO Channel 00/0 : 8[2000] -> 17[3000] [receive] via NET/IB/0
c197-032:27840:27896 [1] NCCL INFO Channel 01/0 : 5[3000] -> 8[2000] [send] via NET/IB/0
c198-062:19957:20013 [1] NCCL INFO Channel 00/0 : 36[2000] -> 41[3000] [receive] via NET/IB/0
c198-042:32357:32414 [1] NCCL INFO Channel 00/0 : 20[2000] -> 25[3000] [receive] via NET/IB/0
c197-041:28704:28765 [1] NCCL INFO Channel 00/0 : 4[2000] -> 9[3000] [receive] via NET/IB/0
c198-041:30161:30219 [1] NCCL INFO Channel 01/0 : 21[3000] -> 24[2000] [send] via NET/IB/0
c198-102:18409:18468 [1] NCCL INFO Channel 01/0 : 53[3000] -> 56[2000] [send] via NET/IB/0
c198-052:8831:8889 [1] NCCL INFO Channel 00/0 : 16[2000] -> 33[3000] [receive] via NET/IB/0
c198-031:16797:16856 [1] NCCL INFO Channel 01/0 : 13[3000] -> 20[2000] [send] via NET/IB/0
c198-072:4218:4280 [1] NCCL INFO Channel 00/0 : 40[2000] -> 49[3000] [receive] via NET/IB/0
c198-111:5828:5882 [1] NCCL INFO Channel 00/0 : 52[2000] -> 57[3000] [receive] via NET/IB/0
c198-061:1310:1368 [1] NCCL INFO Channel 01/0 : 37[3000] -> 40[2000] [send] via NET/IB/0
c198-051:10718:10775 [1] NCCL INFO Channel 01/0 : 29[3000] -> 44[2000] [send] via NET/IB/0
c198-061:1312:1365 [3] NCCL INFO Channel 01/0 : 39[83000] -> 40[2000] [send] via NET/IB/0
c197-041:28706:28760 [3] NCCL INFO Channel 01/0 : 11[83000] -> 12[2000] [send] via NET/IB/0
c197-032:27842:27893 [3] NCCL INFO Channel 01/0 : 7[83000] -> 8[2000] [send] via NET/IB/0
c198-032:10656:10708 [3] NCCL INFO Channel 01/0 : 19[83000] -> 20[2000] [send] via NET/IB/0
c198-051:10720:10773 [3] NCCL INFO Channel 01/0 : 31[83000] -> 32[2000] [send] via NET/IB/0
c198-112:13966:14019 [3] NCCL INFO Channel 01/0 : 63[83000] -> 0[2000] [send] via NET/IB/0
c197-031:17048:17101 [3] NCCL INFO Channel 01/0 : 3[83000] -> 4[2000] [send] via NET/IB/0
c198-072:4222:4276 [3] NCCL INFO Channel 01/0 : 51[83000] -> 52[2000] [send] via NET/IB/0
c198-042:32359:32411 [3] NCCL INFO Channel 01/0 : 27[83000] -> 28[2000] [send] via NET/IB/0
c198-031:16799:16852 [3] NCCL INFO Channel 01/0 : 15[83000] -> 16[2000] [send] via NET/IB/0
c198-071:10615:10668 [3] NCCL INFO Channel 01/0 : 47[83000] -> 48[2000] [send] via NET/IB/0
c198-052:8833:8886 [3] NCCL INFO Channel 01/0 : 35[83000] -> 36[2000] [send] via NET/IB/0
c198-102:18411:18465 [3] NCCL INFO Channel 01/0 : 55[83000] -> 56[2000] [send] via NET/IB/0
c198-111:5830:5884 [3] NCCL INFO Channel 01/0 : 59[83000] -> 60[2000] [send] via NET/IB/0
c198-041:30163:30213 [3] NCCL INFO Channel 01/0 : 23[83000] -> 24[2000] [send] via NET/IB/0
c198-062:19959:20011 [3] NCCL INFO Channel 01/0 : 43[83000] -> 44[2000] [send] via NET/IB/0
c198-032:10655:10706 [2] NCCL INFO Connected all rings
c198-112:13965:14020 [2] NCCL INFO Connected all rings
c198-061:1311:1364 [2] NCCL INFO Connected all rings
c198-051:10719:10772 [2] NCCL INFO Connected all rings
c198-031:16798:16850 [2] NCCL INFO Connected all rings
c197-032:27841:27894 [2] NCCL INFO Connected all rings
c198-072:4219:4275 [2] NCCL INFO Connected all rings
c197-041:28705:28761 [2] NCCL INFO Connected all rings
c198-052:8832:8883 [2] NCCL INFO Connected all rings
c197-031:17047:17103 [2] NCCL INFO Connected all rings
c198-102:18410:18463 [2] NCCL INFO Connected all rings
c198-071:10614:10669 [2] NCCL INFO Connected all rings
c198-042:32358:32415 [2] NCCL INFO Connected all rings
c198-111:5829:5880 [2] NCCL INFO Connected all rings
c198-041:30162:30215 [2] NCCL INFO Connected all rings
c198-062:19958:20009 [2] NCCL INFO Connected all rings
c198-112:13964:14024 [1] NCCL INFO Channel 00 : 61[3000] -> 60[2000] via direct shared memory
c198-112:13964:14024 [1] NCCL INFO Channel 01 : 61[3000] -> 60[2000] via direct shared memory
c197-031:17046:17105 [1] NCCL INFO Channel 00 : 1[3000] -> 0[2000] via direct shared memory
c197-031:17046:17105 [1] NCCL INFO Channel 01 : 1[3000] -> 0[2000] via direct shared memory
c198-061:1312:1365 [3] NCCL INFO Connected all rings
c198-061:1312:1365 [3] NCCL INFO Channel 00 : 39[83000] -> 38[82000] via direct shared memory
c198-061:1312:1365 [3] NCCL INFO Channel 01 : 39[83000] -> 38[82000] via direct shared memory
c198-032:10656:10708 [3] NCCL INFO Connected all rings
c198-071:10615:10668 [3] NCCL INFO Connected all rings
c198-051:10720:10773 [3] NCCL INFO Connected all rings
c198-071:10615:10668 [3] NCCL INFO Channel 00 : 47[83000] -> 46[82000] via direct shared memory
c198-032:10656:10708 [3] NCCL INFO Channel 00 : 19[83000] -> 18[82000] via direct shared memory
c198-051:10720:10773 [3] NCCL INFO Channel 00 : 31[83000] -> 30[82000] via direct shared memory
c198-072:4222:4276 [3] NCCL INFO Connected all rings
c198-071:10615:10668 [3] NCCL INFO Channel 01 : 47[83000] -> 46[82000] via direct shared memory
c198-072:4222:4276 [3] NCCL INFO Channel 00 : 51[83000] -> 50[82000] via direct shared memory
c198-051:10720:10773 [3] NCCL INFO Channel 01 : 31[83000] -> 30[82000] via direct shared memory
c197-041:28706:28760 [3] NCCL INFO Connected all rings
c198-032:10656:10708 [3] NCCL INFO Channel 01 : 19[83000] -> 18[82000] via direct shared memory
c198-112:13966:14019 [3] NCCL INFO Connected all rings
c198-112:13966:14019 [3] NCCL INFO Channel 00 : 63[83000] -> 62[82000] via direct shared memory
c198-072:4222:4276 [3] NCCL INFO Channel 01 : 51[83000] -> 50[82000] via direct shared memory
c197-041:28706:28760 [3] NCCL INFO Channel 00 : 11[83000] -> 10[82000] via direct shared memory
c198-042:32359:32411 [3] NCCL INFO Connected all rings
c197-041:28706:28760 [3] NCCL INFO Channel 01 : 11[83000] -> 10[82000] via direct shared memory
c198-112:13966:14019 [3] NCCL INFO Channel 01 : 63[83000] -> 62[82000] via direct shared memory
c197-032:27842:27893 [3] NCCL INFO Connected all rings
c198-042:32359:32411 [3] NCCL INFO Channel 00 : 27[83000] -> 26[82000] via direct shared memory
c198-062:19959:20011 [3] NCCL INFO Connected all rings
c198-042:32359:32411 [3] NCCL INFO Channel 01 : 27[83000] -> 26[82000] via direct shared memory
c197-032:27842:27893 [3] NCCL INFO Channel 00 : 7[83000] -> 6[82000] via direct shared memory
c197-032:27842:27893 [3] NCCL INFO Channel 01 : 7[83000] -> 6[82000] via direct shared memory
c198-062:19959:20011 [3] NCCL INFO Channel 00 : 43[83000] -> 42[82000] via direct shared memory
c198-062:19959:20011 [3] NCCL INFO Channel 01 : 43[83000] -> 42[82000] via direct shared memory
c198-102:18411:18465 [3] NCCL INFO Connected all rings
c198-052:8833:8886 [3] NCCL INFO Connected all rings
c198-102:18411:18465 [3] NCCL INFO Channel 00 : 55[83000] -> 54[82000] via direct shared memory
c197-031:17048:17101 [3] NCCL INFO Connected all rings
c198-052:8833:8886 [3] NCCL INFO Channel 00 : 35[83000] -> 34[82000] via direct shared memory
c198-041:30163:30213 [3] NCCL INFO Connected all rings
c198-031:16799:16852 [3] NCCL INFO Connected all rings
c198-052:8833:8886 [3] NCCL INFO Channel 01 : 35[83000] -> 34[82000] via direct shared memory
c198-041:30163:30213 [3] NCCL INFO Channel 00 : 23[83000] -> 22[82000] via direct shared memory
c198-111:5830:5884 [3] NCCL INFO Connected all rings
c198-031:16799:16852 [3] NCCL INFO Channel 00 : 15[83000] -> 14[82000] via direct shared memory
c198-102:18411:18465 [3] NCCL INFO Channel 01 : 55[83000] -> 54[82000] via direct shared memory
c198-041:30163:30213 [3] NCCL INFO Channel 01 : 23[83000] -> 22[82000] via direct shared memory
c197-031:17048:17101 [3] NCCL INFO Channel 00 : 3[83000] -> 2[82000] via direct shared memory
c198-031:16799:16852 [3] NCCL INFO Channel 01 : 15[83000] -> 14[82000] via direct shared memory
c197-031:17048:17101 [3] NCCL INFO Channel 01 : 3[83000] -> 2[82000] via direct shared memory
c198-111:5830:5884 [3] NCCL INFO Channel 00 : 59[83000] -> 58[82000] via direct shared memory
c198-061:1309:1366 [0] NCCL INFO Connected all rings
c198-111:5830:5884 [3] NCCL INFO Channel 01 : 59[83000] -> 58[82000] via direct shared memory
c198-032:10655:10706 [2] NCCL INFO Channel 00 : 18[82000] -> 17[3000] via direct shared memory
c198-032:10655:10706 [2] NCCL INFO Channel 01 : 18[82000] -> 17[3000] via direct shared memory
c198-052:8830:8888 [0] NCCL INFO Connected all rings
c198-112:13965:14020 [2] NCCL INFO Channel 00 : 62[82000] -> 61[3000] via direct shared memory
c198-051:10717:10776 [0] NCCL INFO Connected all rings
c198-031:16796:16855 [0] NCCL INFO Connected all rings
c198-112:13965:14020 [2] NCCL INFO Channel 01 : 62[82000] -> 61[3000] via direct shared memory
c198-102:18408:18469 [0] NCCL INFO Connected all rings
c198-061:1311:1364 [2] NCCL INFO Channel 00 : 38[82000] -> 37[3000] via direct shared memory
c198-062:19956:20015 [0] NCCL INFO Connected all rings
c197-031:17045:17096 [0] NCCL INFO Connected all rings
c198-111:5827:5886 [0] NCCL INFO Connected all rings
c198-061:1311:1364 [2] NCCL INFO Channel 01 : 38[82000] -> 37[3000] via direct shared memory
c198-051:10719:10772 [2] NCCL INFO Channel 00 : 30[82000] -> 29[3000] via direct shared memory
c197-032:27839:27898 [0] NCCL INFO Connected all rings
c198-051:10719:10772 [2] NCCL INFO Channel 01 : 30[82000] -> 29[3000] via direct shared memory
c198-071:10614:10669 [2] NCCL INFO Channel 00 : 46[82000] -> 45[3000] via direct shared memory
c198-041:30160:30220 [0] NCCL INFO Connected all rings
c198-032:10653:10712 [0] NCCL INFO Connected all rings
c198-071:10614:10669 [2] NCCL INFO Channel 01 : 46[82000] -> 45[3000] via direct shared memory
c198-072:4217:4278 [0] NCCL INFO Connected all rings
c198-042:32356:32412 [0] NCCL INFO Connected all rings
c198-071:10612:10673 [0] NCCL INFO Connected all rings
c197-041:28703:28764 [0] NCCL INFO Connected all rings
c198-112:13963:14023 [0] NCCL INFO Connected all rings
c198-102:18410:18463 [2] NCCL INFO Channel 00 : 54[82000] -> 53[3000] via direct shared memory
c198-041:30162:30215 [2] NCCL INFO Channel 00 : 22[82000] -> 21[3000] via direct shared memory
c198-102:18410:18463 [2] NCCL INFO Channel 01 : 54[82000] -> 53[3000] via direct shared memory
c198-052:8832:8883 [2] NCCL INFO Channel 00 : 34[82000] -> 33[3000] via direct shared memory
c197-032:27841:27894 [2] NCCL INFO Channel 00 : 6[82000] -> 5[3000] via direct shared memory
c198-041:30162:30215 [2] NCCL INFO Channel 01 : 22[82000] -> 21[3000] via direct shared memory
c198-072:4219:4275 [2] NCCL INFO Channel 00 : 50[82000] -> 49[3000] via direct shared memory
c197-032:27841:27894 [2] NCCL INFO Channel 01 : 6[82000] -> 5[3000] via direct shared memory
c198-072:4219:4275 [2] NCCL INFO Channel 01 : 50[82000] -> 49[3000] via direct shared memory
c198-031:16798:16850 [2] NCCL INFO Channel 00 : 14[82000] -> 13[3000] via direct shared memory
c198-042:32358:32415 [2] NCCL INFO Channel 00 : 26[82000] -> 25[3000] via direct shared memory
c198-031:16798:16850 [2] NCCL INFO Channel 01 : 14[82000] -> 13[3000] via direct shared memory
c198-042:32358:32415 [2] NCCL INFO Channel 01 : 26[82000] -> 25[3000] via direct shared memory
c197-041:28705:28761 [2] NCCL INFO Channel 00 : 10[82000] -> 9[3000] via direct shared memory
c197-041:28705:28761 [2] NCCL INFO Channel 01 : 10[82000] -> 9[3000] via direct shared memory
c198-111:5829:5880 [2] NCCL INFO Channel 00 : 58[82000] -> 57[3000] via direct shared memory
c198-032:10656:10708 [3] NCCL INFO Connected all trees
c198-032:10656:10708 [3] NCCL INFO MSCCL_XML_FILES set by environment to /home1/09168/ldai1/ccl-build/msccl_tools_lyd/examples/xml/xml_lyd/ring/allreduce_ring_node16_gpu64_mcl2_mck1_gan0.xml
c198-032:10656:10708 [3] NCCL INFO MSCCL: Parsing algorithm /home1/09168/ldai1/ccl-build/msccl_tools_lyd/examples/xml/xml_lyd/ring/allreduce_ring_node16_gpu64_mcl2_mck1_gan0.xml
c198-111:5829:5880 [2] NCCL INFO Channel 01 : 58[82000] -> 57[3000] via direct shared memory
c197-031:17047:17103 [2] NCCL INFO Channel 00 : 2[82000] -> 1[3000] via direct shared memory
c197-031:17047:17103 [2] NCCL INFO Channel 01 : 2[82000] -> 1[3000] via direct shared memory
c198-062:19958:20009 [2] NCCL INFO Channel 00 : 42[82000] -> 41[3000] via direct shared memory
c198-112:13966:14019 [3] NCCL INFO Connected all trees
c198-112:13966:14019 [3] NCCL INFO MSCCL_XML_FILES set by environment to /home1/09168/ldai1/ccl-build/msccl_tools_lyd/examples/xml/xml_lyd/ring/allreduce_ring_node16_gpu64_mcl2_mck1_gan0.xml
c198-052:8832:8883 [2] NCCL INFO Channel 01 : 34[82000] -> 33[3000] via direct shared memory
c198-062:19958:20009 [2] NCCL INFO Channel 01 : 42[82000] -> 41[3000] via direct shared memory
c198-061:1312:1365 [3] NCCL INFO Connected all trees
c198-112:13966:14019 [3] NCCL INFO MSCCL: Parsing algorithm /home1/09168/ldai1/ccl-build/msccl_tools_lyd/examples/xml/xml_lyd/ring/allreduce_ring_node16_gpu64_mcl2_mck1_gan0.xml
c198-061:1312:1365 [3] NCCL INFO MSCCL_XML_FILES set by environment to /home1/09168/ldai1/ccl-build/msccl_tools_lyd/examples/xml/xml_lyd/ring/allreduce_ring_node16_gpu64_mcl2_mck1_gan0.xml
c198-061:1312:1365 [3] NCCL INFO MSCCL: Parsing algorithm /home1/09168/ldai1/ccl-build/msccl_tools_lyd/examples/xml/xml_lyd/ring/allreduce_ring_node16_gpu64_mcl2_mck1_gan0.xml
c198-051:10720:10773 [3] NCCL INFO Connected all trees
c198-051:10720:10773 [3] NCCL INFO MSCCL_XML_FILES set by environment to /home1/09168/ldai1/ccl-build/msccl_tools_lyd/examples/xml/xml_lyd/ring/allreduce_ring_node16_gpu64_mcl2_mck1_gan0.xml
c198-051:10720:10773 [3] NCCL INFO MSCCL: Parsing algorithm /home1/09168/ldai1/ccl-build/msccl_tools_lyd/examples/xml/xml_lyd/ring/allreduce_ring_node16_gpu64_mcl2_mck1_gan0.xml
c198-071:10615:10668 [3] NCCL INFO Connected all trees
c198-071:10615:10668 [3] NCCL INFO MSCCL_XML_FILES set by environment to /home1/09168/ldai1/ccl-build/msccl_tools_lyd/examples/xml/xml_lyd/ring/allreduce_ring_node16_gpu64_mcl2_mck1_gan0.xml
c198-071:10615:10668 [3] NCCL INFO MSCCL: Parsing algorithm /home1/09168/ldai1/ccl-build/msccl_tools_lyd/examples/xml/xml_lyd/ring/allreduce_ring_node16_gpu64_mcl2_mck1_gan0.xml
c198-112:13965:14020 [2] NCCL INFO Connected all trees
c198-112:13965:14020 [2] NCCL INFO MSCCL_XML_FILES set by environment to /home1/09168/ldai1/ccl-build/msccl_tools_lyd/examples/xml/xml_lyd/ring/allreduce_ring_node16_gpu64_mcl2_mck1_gan0.xml
c198-112:13965:14020 [2] NCCL INFO MSCCL: Parsing algorithm /home1/09168/ldai1/ccl-build/msccl_tools_lyd/examples/xml/xml_lyd/ring/allreduce_ring_node16_gpu64_mcl2_mck1_gan0.xml
c198-102:18411:18465 [3] NCCL INFO Connected all trees
c198-102:18411:18465 [3] NCCL INFO MSCCL_XML_FILES set by environment to /home1/09168/ldai1/ccl-build/msccl_tools_lyd/examples/xml/xml_lyd/ring/allreduce_ring_node16_gpu64_mcl2_mck1_gan0.xml
c198-102:18411:18465 [3] NCCL INFO MSCCL: Parsing algorithm /home1/09168/ldai1/ccl-build/msccl_tools_lyd/examples/xml/xml_lyd/ring/allreduce_ring_node16_gpu64_mcl2_mck1_gan0.xml
c198-072:4222:4276 [3] NCCL INFO Connected all trees
c198-072:4222:4276 [3] NCCL INFO MSCCL_XML_FILES set by environment to /home1/09168/ldai1/ccl-build/msccl_tools_lyd/examples/xml/xml_lyd/ring/allreduce_ring_node16_gpu64_mcl2_mck1_gan0.xml
c198-072:4222:4276 [3] NCCL INFO MSCCL: Parsing algorithm /home1/09168/ldai1/ccl-build/msccl_tools_lyd/examples/xml/xml_lyd/ring/allreduce_ring_node16_gpu64_mcl2_mck1_gan0.xml
c198-041:30163:30213 [3] NCCL INFO Connected all trees
c198-041:30163:30213 [3] NCCL INFO MSCCL_XML_FILES set by environment to /home1/09168/ldai1/ccl-build/msccl_tools_lyd/examples/xml/xml_lyd/ring/allreduce_ring_node16_gpu64_mcl2_mck1_gan0.xml
c198-041:30163:30213 [3] NCCL INFO MSCCL: Parsing algorithm /home1/09168/ldai1/ccl-build/msccl_tools_lyd/examples/xml/xml_lyd/ring/allreduce_ring_node16_gpu64_mcl2_mck1_gan0.xml
c197-032:27842:27893 [3] NCCL INFO Connected all trees
c197-032:27842:27893 [3] NCCL INFO MSCCL_XML_FILES set by environment to /home1/09168/ldai1/ccl-build/msccl_tools_lyd/examples/xml/xml_lyd/ring/allreduce_ring_node16_gpu64_mcl2_mck1_gan0.xml
c197-032:27842:27893 [3] NCCL INFO MSCCL: Parsing algorithm /home1/09168/ldai1/ccl-build/msccl_tools_lyd/examples/xml/xml_lyd/ring/allreduce_ring_node16_gpu64_mcl2_mck1_gan0.xml
c198-042:32359:32411 [3] NCCL INFO Connected all trees
c198-031:16799:16852 [3] NCCL INFO Connected all trees
c198-031:16799:16852 [3] NCCL INFO MSCCL_XML_FILES set by environment to /home1/09168/ldai1/ccl-build/msccl_tools_lyd/examples/xml/xml_lyd/ring/allreduce_ring_node16_gpu64_mcl2_mck1_gan0.xml
c198-042:32359:32411 [3] NCCL INFO MSCCL_XML_FILES set by environment to /home1/09168/ldai1/ccl-build/msccl_tools_lyd/examples/xml/xml_lyd/ring/allreduce_ring_node16_gpu64_mcl2_mck1_gan0.xml
c198-031:16799:16852 [3] NCCL INFO MSCCL: Parsing algorithm /home1/09168/ldai1/ccl-build/msccl_tools_lyd/examples/xml/xml_lyd/ring/allreduce_ring_node16_gpu64_mcl2_mck1_gan0.xml
c198-042:32359:32411 [3] NCCL INFO MSCCL: Parsing algorithm /home1/09168/ldai1/ccl-build/msccl_tools_lyd/examples/xml/xml_lyd/ring/allreduce_ring_node16_gpu64_mcl2_mck1_gan0.xml
c197-041:28706:28760 [3] NCCL INFO Connected all trees
c197-041:28706:28760 [3] NCCL INFO MSCCL_XML_FILES set by environment to /home1/09168/ldai1/ccl-build/msccl_tools_lyd/examples/xml/xml_lyd/ring/allreduce_ring_node16_gpu64_mcl2_mck1_gan0.xml
c197-041:28706:28760 [3] NCCL INFO MSCCL: Parsing algorithm /home1/09168/ldai1/ccl-build/msccl_tools_lyd/examples/xml/xml_lyd/ring/allreduce_ring_node16_gpu64_mcl2_mck1_gan0.xml
c198-111:5830:5884 [3] NCCL INFO Connected all trees
c198-111:5830:5884 [3] NCCL INFO MSCCL_XML_FILES set by environment to /home1/09168/ldai1/ccl-build/msccl_tools_lyd/examples/xml/xml_lyd/ring/allreduce_ring_node16_gpu64_mcl2_mck1_gan0.xml
c198-111:5830:5884 [3] NCCL INFO MSCCL: Parsing algorithm /home1/09168/ldai1/ccl-build/msccl_tools_lyd/examples/xml/xml_lyd/ring/allreduce_ring_node16_gpu64_mcl2_mck1_gan0.xml
c198-062:19959:20011 [3] NCCL INFO Connected all trees
c198-062:19959:20011 [3] NCCL INFO MSCCL_XML_FILES set by environment to /home1/09168/ldai1/ccl-build/msccl_tools_lyd/examples/xml/xml_lyd/ring/allreduce_ring_node16_gpu64_mcl2_mck1_gan0.xml
c198-052:8833:8886 [3] NCCL INFO Connected all trees
c198-052:8833:8886 [3] NCCL INFO MSCCL_XML_FILES set by environment to /home1/09168/ldai1/ccl-build/msccl_tools_lyd/examples/xml/xml_lyd/ring/allreduce_ring_node16_gpu64_mcl2_mck1_gan0.xml
c198-062:19959:20011 [3] NCCL INFO MSCCL: Parsing algorithm /home1/09168/ldai1/ccl-build/msccl_tools_lyd/examples/xml/xml_lyd/ring/allreduce_ring_node16_gpu64_mcl2_mck1_gan0.xml
c198-052:8833:8886 [3] NCCL INFO MSCCL: Parsing algorithm /home1/09168/ldai1/ccl-build/msccl_tools_lyd/examples/xml/xml_lyd/ring/allreduce_ring_node16_gpu64_mcl2_mck1_gan0.xml
c197-031:17048:17101 [3] NCCL INFO Connected all trees
c197-031:17048:17101 [3] NCCL INFO MSCCL_XML_FILES set by environment to /home1/09168/ldai1/ccl-build/msccl_tools_lyd/examples/xml/xml_lyd/ring/allreduce_ring_node16_gpu64_mcl2_mck1_gan0.xml
c197-031:17048:17101 [3] NCCL INFO MSCCL: Parsing algorithm /home1/09168/ldai1/ccl-build/msccl_tools_lyd/examples/xml/xml_lyd/ring/allreduce_ring_node16_gpu64_mcl2_mck1_gan0.xml
c197-031:17047:17103 [2] NCCL INFO Connected all trees
c197-031:17047:17103 [2] NCCL INFO MSCCL_XML_FILES set by environment to /home1/09168/ldai1/ccl-build/msccl_tools_lyd/examples/xml/xml_lyd/ring/allreduce_ring_node16_gpu64_mcl2_mck1_gan0.xml
c197-031:17047:17103 [2] NCCL INFO MSCCL: Parsing algorithm /home1/09168/ldai1/ccl-build/msccl_tools_lyd/examples/xml/xml_lyd/ring/allreduce_ring_node16_gpu64_mcl2_mck1_gan0.xml
c198-061:1309:1366 [0] NCCL INFO Channel 01/0 : 32[2000] -> 36[2000] [receive] via NET/IB/0
c198-031:16796:16855 [0] NCCL INFO Channel 00/0 : 8[2000] -> 12[2000] [receive] via NET/IB/0
c198-052:8830:8888 [0] NCCL INFO Channel 01/0 : 32[2000] -> 36[2000] [send] via NET/IB/0
c198-102:18408:18469 [0] NCCL INFO Channel 01/0 : 48[2000] -> 52[2000] [receive] via NET/IB/0
c198-111:5827:5886 [0] NCCL INFO Channel 01/0 : 53[3000] -> 56[2000] [receive] via NET/IB/0
c198-051:10717:10776 [0] NCCL INFO Channel 00/0 : 24[2000] -> 28[2000] [receive] via NET/IB/0
c198-032:10653:10712 [0] NCCL INFO Channel 01/0 : 16[2000] -> 20[2000] [send] via NET/IB/0
c197-032:27839:27898 [0] NCCL INFO Channel 01/0 : 0[2000] -> 4[2000] [receive] via NET/IB/0
c198-062:19956:20015 [0] NCCL INFO Channel 01/0 : 37[3000] -> 40[2000] [receive] via NET/IB/0
c197-031:17045:17096 [0] NCCL INFO Channel 01/0 : 0[2000] -> 4[2000] [send] via NET/IB/0
c198-072:4217:4278 [0] NCCL INFO Channel 01/0 : 48[2000] -> 52[2000] [send] via NET/IB/0
c198-041:30160:30220 [0] NCCL INFO Channel 01/0 : 16[2000] -> 20[2000] [receive] via NET/IB/0
c198-071:10612:10673 [0] NCCL INFO Channel 00/0 : 40[2000] -> 44[2000] [receive] via NET/IB/0
c198-042:32356:32412 [0] NCCL INFO Channel 01/0 : 21[3000] -> 24[2000] [receive] via NET/IB/0
c197-041:28703:28764 [0] NCCL INFO Channel 01/0 : 5[3000] -> 8[2000] [receive] via NET/IB/0
c198-112:13963:14023 [0] NCCL INFO Channel 00/0 : 56[2000] -> 60[2000] [receive] via NET/IB/0
c198-052:8830:8888 [0] NCCL INFO Channel 00/0 : 32[2000] -> 48[2000] [send] via NET/IB/0
c198-032:10653:10712 [0] NCCL INFO Channel 00/0 : 16[2000] -> 24[2000] [send] via NET/IB/0
c197-031:17045:17096 [0] NCCL INFO Channel 00/0 : 32[2000] -> 0[2000] [receive] via NET/IB/0
c198-111:5827:5886 [0] NCCL INFO Channel 00/0 : 56[2000] -> 60[2000] [send] via NET/IB/0
c198-102:18409:18468 [1] NCCL INFO Channel 01/0 : 56[2000] -> 53[3000] [receive] via NET/IB/0
c198-041:30160:30220 [0] NCCL INFO Channel 00/0 : 20[2000] -> 25[3000] [send] via NET/IB/0
c198-041:30161:30219 [1] NCCL INFO Channel 01/0 : 24[2000] -> 21[3000] [receive] via NET/IB/0
c198-042:32356:32412 [0] NCCL INFO Channel 00/0 : 24[2000] -> 28[2000] [send] via NET/IB/0
c198-102:18408:18469 [0] NCCL INFO Channel 00/0 : 52[2000] -> 57[3000] [send] via NET/IB/0
c197-032:27839:27898 [0] NCCL INFO Channel 00/0 : 4[2000] -> 9[3000] [send] via NET/IB/0
c198-062:19956:20015 [0] NCCL INFO Channel 00/0 : 40[2000] -> 44[2000] [send] via NET/IB/0
c198-061:1309:1366 [0] NCCL INFO Channel 00/0 : 36[2000] -> 41[3000] [send] via NET/IB/0
c198-061:1310:1368 [1] NCCL INFO Channel 01/0 : 40[2000] -> 37[3000] [receive] via NET/IB/0
c197-041:28703:28764 [0] NCCL INFO Channel 00/0 : 8[2000] -> 12[2000] [send] via NET/IB/0
c198-072:4217:4278 [0] NCCL INFO Channel 00/0 : 48[2000] -> 56[2000] [send] via NET/IB/0
c197-032:27840:27896 [1] NCCL INFO Channel 01/0 : 8[2000] -> 5[3000] [receive] via NET/IB/0
c198-112:13965:14020 [2] NCCL INFO Parsed MSCCL Algorithm /home1/09168/ldai1/ccl-build/msccl_tools_lyd/examples/xml/xml_lyd/ring/allreduce_ring_node16_gpu64_mcl2_mck1_gan0.xml successfully.
c198-112:13966:14019 [3] NCCL INFO Parsed MSCCL Algorithm /home1/09168/ldai1/ccl-build/msccl_tools_lyd/examples/xml/xml_lyd/ring/allreduce_ring_node16_gpu64_mcl2_mck1_gan0.xml successfully.
c198-112:13965:14020 [2] NCCL INFO Channel 01/0 : 62[82000] -> 1[3000] [send] via NET/IB/0
c198-061:1312:1365 [3] NCCL INFO Parsed MSCCL Algorithm /home1/09168/ldai1/ccl-build/msccl_tools_lyd/examples/xml/xml_lyd/ring/allreduce_ring_node16_gpu64_mcl2_mck1_gan0.xml successfully.
c198-051:10720:10773 [3] NCCL INFO Parsed MSCCL Algorithm /home1/09168/ldai1/ccl-build/msccl_tools_lyd/examples/xml/xml_lyd/ring/allreduce_ring_node16_gpu64_mcl2_mck1_gan0.xml successfully.
c198-071:10615:10668 [3] NCCL INFO Parsed MSCCL Algorithm /home1/09168/ldai1/ccl-build/msccl_tools_lyd/examples/xml/xml_lyd/ring/allreduce_ring_node16_gpu64_mcl2_mck1_gan0.xml successfully.
c198-032:10656:10708 [3] NCCL INFO Parsed MSCCL Algorithm /home1/09168/ldai1/ccl-build/msccl_tools_lyd/examples/xml/xml_lyd/ring/allreduce_ring_node16_gpu64_mcl2_mck1_gan0.xml successfully.
c198-041:30163:30213 [3] NCCL INFO Parsed MSCCL Algorithm /home1/09168/ldai1/ccl-build/msccl_tools_lyd/examples/xml/xml_lyd/ring/allreduce_ring_node16_gpu64_mcl2_mck1_gan0.xml successfully.
c198-072:4222:4276 [3] NCCL INFO Parsed MSCCL Algorithm /home1/09168/ldai1/ccl-build/msccl_tools_lyd/examples/xml/xml_lyd/ring/allreduce_ring_node16_gpu64_mcl2_mck1_gan0.xml successfully.
c198-052:8833:8886 [3] NCCL INFO Parsed MSCCL Algorithm /home1/09168/ldai1/ccl-build/msccl_tools_lyd/examples/xml/xml_lyd/ring/allreduce_ring_node16_gpu64_mcl2_mck1_gan0.xml successfully.
c198-031:16799:16852 [3] NCCL INFO Parsed MSCCL Algorithm /home1/09168/ldai1/ccl-build/msccl_tools_lyd/examples/xml/xml_lyd/ring/allreduce_ring_node16_gpu64_mcl2_mck1_gan0.xml successfully.
c198-102:18411:18465 [3] NCCL INFO Parsed MSCCL Algorithm /home1/09168/ldai1/ccl-build/msccl_tools_lyd/examples/xml/xml_lyd/ring/allreduce_ring_node16_gpu64_mcl2_mck1_gan0.xml successfully.
c198-042:32359:32411 [3] NCCL INFO Parsed MSCCL Algorithm /home1/09168/ldai1/ccl-build/msccl_tools_lyd/examples/xml/xml_lyd/ring/allreduce_ring_node16_gpu64_mcl2_mck1_gan0.xml successfully.
c198-062:19959:20011 [3] NCCL INFO Parsed MSCCL Algorithm /home1/09168/ldai1/ccl-build/msccl_tools_lyd/examples/xml/xml_lyd/ring/allreduce_ring_node16_gpu64_mcl2_mck1_gan0.xml successfully.
c197-032:27842:27893 [3] NCCL INFO Parsed MSCCL Algorithm /home1/09168/ldai1/ccl-build/msccl_tools_lyd/examples/xml/xml_lyd/ring/allreduce_ring_node16_gpu64_mcl2_mck1_gan0.xml successfully.
c198-111:5830:5884 [3] NCCL INFO Parsed MSCCL Algorithm /home1/09168/ldai1/ccl-build/msccl_tools_lyd/examples/xml/xml_lyd/ring/allreduce_ring_node16_gpu64_mcl2_mck1_gan0.xml successfully.
c197-041:28706:28760 [3] NCCL INFO Parsed MSCCL Algorithm /home1/09168/ldai1/ccl-build/msccl_tools_lyd/examples/xml/xml_lyd/ring/allreduce_ring_node16_gpu64_mcl2_mck1_gan0.xml successfully.
c197-031:17047:17103 [2] NCCL INFO Parsed MSCCL Algorithm /home1/09168/ldai1/ccl-build/msccl_tools_lyd/examples/xml/xml_lyd/ring/allreduce_ring_node16_gpu64_mcl2_mck1_gan0.xml successfully.
c197-031:17048:17101 [3] NCCL INFO Parsed MSCCL Algorithm /home1/09168/ldai1/ccl-build/msccl_tools_lyd/examples/xml/xml_lyd/ring/allreduce_ring_node16_gpu64_mcl2_mck1_gan0.xml successfully.
c197-031:17047:17103 [2] NCCL INFO Channel 01/0 : 2[82000] -> 5[3000] [send] via NET/IB/0
c197-031:17045:17096 [0] NCCL INFO Channel 00/0 : 0[2000] -> 32[2000] [send] via NET/IB/0
c198-111:5827:5886 [0] NCCL INFO Channel 00/0 : 48[2000] -> 56[2000] [receive] via NET/IB/0
c198-041:30160:30220 [0] NCCL INFO Channel 01/0 : 13[3000] -> 20[2000] [receive] via NET/IB/0
c197-032:27839:27898 [0] NCCL INFO Channel 01/0 : 4[2000] -> 12[2000] [send] via NET/IB/0
c198-112:13963:14023 [0] NCCL INFO Channel 01/0 : 28[2000] -> 60[2000] [receive] via NET/IB/0
c198-042:32357:32414 [1] NCCL INFO Channel 00/0 : 25[3000] -> 20[2000] [send] via NET/IB/0
c198-042:32356:32412 [0] NCCL INFO Channel 00/0 : 16[2000] -> 24[2000] [receive] via NET/IB/0
c198-061:1309:1366 [0] NCCL INFO Channel 01/0 : 36[2000] -> 44[2000] [send] via NET/IB/0
c198-111:5828:5882 [1] NCCL INFO Channel 00/0 : 57[3000] -> 52[2000] [send] via NET/IB/0
c198-051:10717:10776 [0] NCCL INFO Channel 01/0 : 12[2000] -> 28[2000] [receive] via NET/IB/0
c198-062:19956:20015 [0] NCCL INFO Channel 00/0 : 40[2000] -> 49[3000] [send] via NET/IB/0
c198-071:10612:10673 [0] NCCL INFO Channel 01/0 : 36[2000] -> 44[2000] [receive] via NET/IB/0
c198-102:18408:18469 [0] NCCL INFO Channel 01/0 : 45[3000] -> 52[2000] [receive] via NET/IB/0
c197-041:28704:28765 [1] NCCL INFO Channel 00/0 : 9[3000] -> 4[2000] [send] via NET/IB/0
c198-062:19957:20013 [1] NCCL INFO Channel 00/0 : 41[3000] -> 36[2000] [send] via NET/IB/0
c198-031:16796:16855 [0] NCCL INFO Channel 01/0 : 4[2000] -> 12[2000] [receive] via NET/IB/0
c197-041:28703:28764 [0] NCCL INFO Channel 00/0 : 8[2000] -> 17[3000] [send] via NET/IB/0
c198-112:13963:14023 [0] NCCL INFO Channel 01/0 : 60[2000] -> 28[2000] [send] via NET/IB/0
c198-031:16797:16856 [1] NCCL INFO Channel 01/0 : 20[2000] -> 13[3000] [receive] via NET/IB/0
c198-111:5827:5886 [0] NCCL INFO Channel 00/0 : 56[2000] -> 48[2000] [send] via NET/IB/0
c198-032:10653:10712 [0] NCCL INFO Channel 00/0 : 16[2000] -> 33[3000] [send] via NET/IB/0
c198-041:30160:30220 [0] NCCL INFO Channel 01/0 : 20[2000] -> 13[3000] [send] via NET/IB/0
c198-061:1309:1366 [0] NCCL INFO Channel 01/0 : 44[2000] -> 36[2000] [receive] via NET/IB/0
c198-062:19956:20015 [0] NCCL INFO Channel 00/0 : 49[3000] -> 40[2000] [receive] via NET/IB/0
c198-042:32356:32412 [0] NCCL INFO Channel 00/0 : 24[2000] -> 16[2000] [send] via NET/IB/0
c197-032:27839:27898 [0] NCCL INFO Channel 01/0 : 12[2000] -> 4[2000] [receive] via NET/IB/0
c198-072:4218:4280 [1] NCCL INFO Channel 00/0 : 49[3000] -> 40[2000] [send] via NET/IB/0
c198-071:10612:10673 [0] NCCL INFO Channel 01/0 : 29[3000] -> 44[2000] [receive] via NET/IB/0
c198-071:10613:10672 [1] NCCL INFO Channel 01/0 : 52[2000] -> 45[3000] [receive] via NET/IB/0
c198-072:4217:4278 [0] NCCL INFO Channel 00/0 : 32[2000] -> 48[2000] [receive] via NET/IB/0
c198-031:16796:16855 [0] NCCL INFO Channel 01/0 : 12[2000] -> 28[2000] [send] via NET/IB/0
c198-102:18408:18469 [0] NCCL INFO Channel 01/0 : 52[2000] -> 45[3000] [send] via NET/IB/0
c197-041:28703:28764 [0] NCCL INFO Channel 00/0 : 17[3000] -> 8[2000] [receive] via NET/IB/0
c198-032:10654:10711 [1] NCCL INFO Channel 00/0 : 17[3000] -> 8[2000] [send] via NET/IB/0
c198-072:4218:4280 [1] NCCL INFO Channel 00 : 49[3000] -> 48[2000] via direct shared memory
c198-072:4218:4280 [1] NCCL INFO Channel 01 : 49[3000] -> 48[2000] via direct shared memory
c198-031:16797:16856 [1] NCCL INFO Channel 00 : 13[3000] -> 12[2000] via direct shared memory
c198-031:16797:16856 [1] NCCL INFO Channel 01 : 13[3000] -> 12[2000] via direct shared memory
c198-072:4219:4275 [2] NCCL INFO Connected all trees
c198-072:4219:4275 [2] NCCL INFO MSCCL_XML_FILES set by environment to /home1/09168/ldai1/ccl-build/msccl_tools_lyd/examples/xml/xml_lyd/ring/allreduce_ring_node16_gpu64_mcl2_mck1_gan0.xml
c198-072:4219:4275 [2] NCCL INFO MSCCL: Parsing algorithm /home1/09168/ldai1/ccl-build/msccl_tools_lyd/examples/xml/xml_lyd/ring/allreduce_ring_node16_gpu64_mcl2_mck1_gan0.xml
c198-071:10613:10672 [1] NCCL INFO Channel 00 : 45[3000] -> 44[2000] via direct shared memory
c198-071:10613:10672 [1] NCCL INFO Channel 01 : 45[3000] -> 44[2000] via direct shared memory
c198-032:10654:10711 [1] NCCL INFO Channel 00 : 17[3000] -> 16[2000] via direct shared memory
c198-032:10654:10711 [1] NCCL INFO Channel 01 : 17[3000] -> 16[2000] via direct shared memory
c198-031:16798:16850 [2] NCCL INFO Connected all trees
c198-031:16798:16850 [2] NCCL INFO MSCCL_XML_FILES set by environment to /home1/09168/ldai1/ccl-build/msccl_tools_lyd/examples/xml/xml_lyd/ring/allreduce_ring_node16_gpu64_mcl2_mck1_gan0.xml
c198-031:16798:16850 [2] NCCL INFO MSCCL: Parsing algorithm /home1/09168/ldai1/ccl-build/msccl_tools_lyd/examples/xml/xml_lyd/ring/allreduce_ring_node16_gpu64_mcl2_mck1_gan0.xml
c198-071:10614:10669 [2] NCCL INFO Connected all trees
c198-071:10614:10669 [2] NCCL INFO MSCCL_XML_FILES set by environment to /home1/09168/ldai1/ccl-build/msccl_tools_lyd/examples/xml/xml_lyd/ring/allreduce_ring_node16_gpu64_mcl2_mck1_gan0.xml
c198-071:10614:10669 [2] NCCL INFO MSCCL: Parsing algorithm /home1/09168/ldai1/ccl-build/msccl_tools_lyd/examples/xml/xml_lyd/ring/allreduce_ring_node16_gpu64_mcl2_mck1_gan0.xml
c198-032:10655:10706 [2] NCCL INFO Connected all trees
c198-032:10655:10706 [2] NCCL INFO MSCCL_XML_FILES set by environment to /home1/09168/ldai1/ccl-build/msccl_tools_lyd/examples/xml/xml_lyd/ring/allreduce_ring_node16_gpu64_mcl2_mck1_gan0.xml
c198-032:10655:10706 [2] NCCL INFO MSCCL: Parsing algorithm /home1/09168/ldai1/ccl-build/msccl_tools_lyd/examples/xml/xml_lyd/ring/allreduce_ring_node16_gpu64_mcl2_mck1_gan0.xml
c198-032:10653:10712 [0] NCCL INFO Channel 00/0 : 33[3000] -> 16[2000] [receive] via NET/IB/0
c198-041:30160:30220 [0] NCCL INFO Channel 00/0 : 25[3000] -> 20[2000] [receive] via NET/IB/0
c198-052:8831:8889 [1] NCCL INFO Channel 00/0 : 33[3000] -> 16[2000] [send] via NET/IB/0
c198-051:10718:10775 [1] NCCL INFO Channel 01/0 : 44[2000] -> 29[3000] [receive] via NET/IB/0
c198-062:19956:20015 [0] NCCL INFO Channel 00/0 : 44[2000] -> 40[2000] [receive] via NET/IB/0
c198-071:10612:10673 [0] NCCL INFO Channel 01/0 : 44[2000] -> 29[3000] [send] via NET/IB/0
c198-031:16796:16855 [0] NCCL INFO Channel 01/0 : 28[2000] -> 12[2000] [receive] via NET/IB/0
c198-052:8830:8888 [0] NCCL INFO Channel 00/0 : 0[2000] -> 32[2000] [receive] via NET/IB/0
c198-102:18408:18469 [0] NCCL INFO Channel 00/0 : 57[3000] -> 52[2000] [receive] via NET/IB/0
c198-051:10717:10776 [0] NCCL INFO Channel 01/0 : 60[2000] -> 28[2000] [receive] via NET/IB/0
c197-041:28703:28764 [0] NCCL INFO Channel 00/0 : 12[2000] -> 8[2000] [receive] via NET/IB/0
c198-072:4217:4278 [0] NCCL INFO Channel 00/0 : 48[2000] -> 32[2000] [send] via NET/IB/0
c198-042:32357:32414 [1] NCCL INFO Channel 00 : 25[3000] -> 24[2000] via direct shared memory
c198-042:32357:32414 [1] NCCL INFO Channel 01 : 25[3000] -> 24[2000] via direct shared memory
c198-052:8831:8889 [1] NCCL INFO Channel 00 : 33[3000] -> 32[2000] via direct shared memory
c198-052:8831:8889 [1] NCCL INFO Channel 01 : 33[3000] -> 32[2000] via direct shared memory
c198-051:10718:10775 [1] NCCL INFO Channel 00 : 29[3000] -> 28[2000] via direct shared memory
c198-051:10718:10775 [1] NCCL INFO Channel 01 : 29[3000] -> 28[2000] via direct shared memory
c198-042:32358:32415 [2] NCCL INFO Connected all trees
c198-042:32358:32415 [2] NCCL INFO MSCCL_XML_FILES set by environment to /home1/09168/ldai1/ccl-build/msccl_tools_lyd/examples/xml/xml_lyd/ring/allreduce_ring_node16_gpu64_mcl2_mck1_gan0.xml
c198-042:32358:32415 [2] NCCL INFO MSCCL: Parsing algorithm /home1/09168/ldai1/ccl-build/msccl_tools_lyd/examples/xml/xml_lyd/ring/allreduce_ring_node16_gpu64_mcl2_mck1_gan0.xml
c198-052:8832:8883 [2] NCCL INFO Connected all trees
c198-052:8832:8883 [2] NCCL INFO MSCCL_XML_FILES set by environment to /home1/09168/ldai1/ccl-build/msccl_tools_lyd/examples/xml/xml_lyd/ring/allreduce_ring_node16_gpu64_mcl2_mck1_gan0.xml
c198-052:8832:8883 [2] NCCL INFO MSCCL: Parsing algorithm /home1/09168/ldai1/ccl-build/msccl_tools_lyd/examples/xml/xml_lyd/ring/allreduce_ring_node16_gpu64_mcl2_mck1_gan0.xml
c198-111:5828:5882 [1] NCCL INFO Channel 00 : 57[3000] -> 56[2000] via direct shared memory
c198-111:5828:5882 [1] NCCL INFO Channel 01 : 57[3000] -> 56[2000] via direct shared memory
c198-051:10719:10772 [2] NCCL INFO Connected all trees
c198-051:10719:10772 [2] NCCL INFO MSCCL_XML_FILES set by environment to /home1/09168/ldai1/ccl-build/msccl_tools_lyd/examples/xml/xml_lyd/ring/allreduce_ring_node16_gpu64_mcl2_mck1_gan0.xml
c198-051:10719:10772 [2] NCCL INFO MSCCL: Parsing algorithm /home1/09168/ldai1/ccl-build/msccl_tools_lyd/examples/xml/xml_lyd/ring/allreduce_ring_node16_gpu64_mcl2_mck1_gan0.xml
c198-111:5829:5880 [2] NCCL INFO Connected all trees
c198-111:5829:5880 [2] NCCL INFO MSCCL_XML_FILES set by environment to /home1/09168/ldai1/ccl-build/msccl_tools_lyd/examples/xml/xml_lyd/ring/allreduce_ring_node16_gpu64_mcl2_mck1_gan0.xml
c198-111:5829:5880 [2] NCCL INFO MSCCL: Parsing algorithm /home1/09168/ldai1/ccl-build/msccl_tools_lyd/examples/xml/xml_lyd/ring/allreduce_ring_node16_gpu64_mcl2_mck1_gan0.xml
c198-052:8830:8888 [0] NCCL INFO Channel 00/0 : 32[2000] -> 0[2000] [send] via NET/IB/0
c198-051:10717:10776 [0] NCCL INFO Channel 01/0 : 28[2000] -> 60[2000] [send] via NET/IB/0
c198-032:10653:10712 [0] NCCL INFO Channel 00/0 : 24[2000] -> 16[2000] [receive] via NET/IB/0
c198-072:4219:4275 [2] NCCL INFO Parsed MSCCL Algorithm /home1/09168/ldai1/ccl-build/msccl_tools_lyd/examples/xml/xml_lyd/ring/allreduce_ring_node16_gpu64_mcl2_mck1_gan0.xml successfully.
c198-071:10612:10673 [0] NCCL INFO Channel 01/0 : 44[2000] -> 36[2000] [send] via NET/IB/0
c198-041:30160:30220 [0] NCCL INFO Channel 01/0 : 20[2000] -> 16[2000] [send] via NET/IB/0
c198-031:16798:16850 [2] NCCL INFO Parsed MSCCL Algorithm /home1/09168/ldai1/ccl-build/msccl_tools_lyd/examples/xml/xml_lyd/ring/allreduce_ring_node16_gpu64_mcl2_mck1_gan0.xml successfully.
c198-102:18408:18469 [0] NCCL INFO Channel 01/0 : 52[2000] -> 48[2000] [send] via NET/IB/0
c198-072:4219:4275 [2] NCCL INFO Channel 01/0 : 50[82000] -> 53[3000] [send] via NET/IB/0
c198-071:10614:10669 [2] NCCL INFO Parsed MSCCL Algorithm /home1/09168/ldai1/ccl-build/msccl_tools_lyd/examples/xml/xml_lyd/ring/allreduce_ring_node16_gpu64_mcl2_mck1_gan0.xml successfully.
c198-031:16798:16850 [2] NCCL INFO Channel 01/0 : 14[82000] -> 17[3000] [send] via NET/IB/0
c198-032:10655:10706 [2] NCCL INFO Parsed MSCCL Algorithm /home1/09168/ldai1/ccl-build/msccl_tools_lyd/examples/xml/xml_lyd/ring/allreduce_ring_node16_gpu64_mcl2_mck1_gan0.xml successfully.
c198-071:10614:10669 [2] NCCL INFO Channel 01/0 : 46[82000] -> 49[3000] [send] via NET/IB/0
c198-032:10655:10706 [2] NCCL INFO Channel 01/0 : 18[82000] -> 21[3000] [send] via NET/IB/0
c198-071:10612:10673 [0] NCCL INFO Channel 00/0 : 44[2000] -> 40[2000] [send] via NET/IB/0
c198-042:32356:32412 [0] NCCL INFO Channel 00/0 : 28[2000] -> 24[2000] [receive] via NET/IB/0
c198-052:8830:8888 [0] NCCL INFO Channel 00/0 : 48[2000] -> 32[2000] [receive] via NET/IB/0
c198-042:32358:32415 [2] NCCL INFO Parsed MSCCL Algorithm /home1/09168/ldai1/ccl-build/msccl_tools_lyd/examples/xml/xml_lyd/ring/allreduce_ring_node16_gpu64_mcl2_mck1_gan0.xml successfully.
c198-052:8832:8883 [2] NCCL INFO Parsed MSCCL Algorithm /home1/09168/ldai1/ccl-build/msccl_tools_lyd/examples/xml/xml_lyd/ring/allreduce_ring_node16_gpu64_mcl2_mck1_gan0.xml successfully.
c197-031:17045:17096 [0] NCCL INFO Channel 01/0 : 4[2000] -> 0[2000] [receive] via NET/IB/0
c198-051:10717:10776 [0] NCCL INFO Channel 01/0 : 28[2000] -> 12[2000] [send] via NET/IB/0
c198-032:10653:10712 [0] NCCL INFO Channel 01/0 : 20[2000] -> 16[2000] [receive] via NET/IB/0
c198-061:1309:1366 [0] NCCL INFO Channel 00/0 : 41[3000] -> 36[2000] [receive] via NET/IB/0
c198-112:13963:14023 [0] NCCL INFO Channel 00/0 : 60[2000] -> 56[2000] [send] via NET/IB/0
c198-042:32358:32415 [2] NCCL INFO Channel 01/0 : 26[82000] -> 29[3000] [send] via NET/IB/0
c198-052:8832:8883 [2] NCCL INFO Channel 01/0 : 34[82000] -> 37[3000] [send] via NET/IB/0
c198-051:10719:10772 [2] NCCL INFO Parsed MSCCL Algorithm /home1/09168/ldai1/ccl-build/msccl_tools_lyd/examples/xml/xml_lyd/ring/allreduce_ring_node16_gpu64_mcl2_mck1_gan0.xml successfully.
c198-111:5829:5880 [2] NCCL INFO Parsed MSCCL Algorithm /home1/09168/ldai1/ccl-build/msccl_tools_lyd/examples/xml/xml_lyd/ring/allreduce_ring_node16_gpu64_mcl2_mck1_gan0.xml successfully.
c198-051:10719:10772 [2] NCCL INFO Channel 01/0 : 30[82000] -> 33[3000] [send] via NET/IB/0
c198-111:5829:5880 [2] NCCL INFO Channel 01/0 : 58[82000] -> 61[3000] [send] via NET/IB/0
c198-071:10612:10673 [0] NCCL INFO Connected all trees
c198-071:10612:10673 [0] NCCL INFO MSCCL_XML_FILES set by environment to /home1/09168/ldai1/ccl-build/msccl_tools_lyd/examples/xml/xml_lyd/ring/allreduce_ring_node16_gpu64_mcl2_mck1_gan0.xml
c198-071:10612:10673 [0] NCCL INFO MSCCL: Parsing algorithm /home1/09168/ldai1/ccl-build/msccl_tools_lyd/examples/xml/xml_lyd/ring/allreduce_ring_node16_gpu64_mcl2_mck1_gan0.xml
c198-071:10613:10672 [1] NCCL INFO Connected all trees
c198-071:10613:10672 [1] NCCL INFO MSCCL_XML_FILES set by environment to /home1/09168/ldai1/ccl-build/msccl_tools_lyd/examples/xml/xml_lyd/ring/allreduce_ring_node16_gpu64_mcl2_mck1_gan0.xml
c198-071:10613:10672 [1] NCCL INFO MSCCL: Parsing algorithm /home1/09168/ldai1/ccl-build/msccl_tools_lyd/examples/xml/xml_lyd/ring/allreduce_ring_node16_gpu64_mcl2_mck1_gan0.xml
c198-032:10653:10712 [0] NCCL INFO Connected all trees
c198-032:10653:10712 [0] NCCL INFO MSCCL_XML_FILES set by environment to /home1/09168/ldai1/ccl-build/msccl_tools_lyd/examples/xml/xml_lyd/ring/allreduce_ring_node16_gpu64_mcl2_mck1_gan0.xml
c198-032:10653:10712 [0] NCCL INFO MSCCL: Parsing algorithm /home1/09168/ldai1/ccl-build/msccl_tools_lyd/examples/xml/xml_lyd/ring/allreduce_ring_node16_gpu64_mcl2_mck1_gan0.xml
c198-032:10654:10711 [1] NCCL INFO Connected all trees
c198-032:10654:10711 [1] NCCL INFO MSCCL_XML_FILES set by environment to /home1/09168/ldai1/ccl-build/msccl_tools_lyd/examples/xml/xml_lyd/ring/allreduce_ring_node16_gpu64_mcl2_mck1_gan0.xml
c198-032:10654:10711 [1] NCCL INFO MSCCL: Parsing algorithm /home1/09168/ldai1/ccl-build/msccl_tools_lyd/examples/xml/xml_lyd/ring/allreduce_ring_node16_gpu64_mcl2_mck1_gan0.xml
c198-062:19957:20013 [1] NCCL INFO Channel 00 : 41[3000] -> 40[2000] via direct shared memory
c198-062:19957:20013 [1] NCCL INFO Channel 01 : 41[3000] -> 40[2000] via direct shared memory
c198-062:19958:20009 [2] NCCL INFO Connected all trees
c198-062:19958:20009 [2] NCCL INFO MSCCL_XML_FILES set by environment to /home1/09168/ldai1/ccl-build/msccl_tools_lyd/examples/xml/xml_lyd/ring/allreduce_ring_node16_gpu64_mcl2_mck1_gan0.xml
c198-062:19958:20009 [2] NCCL INFO MSCCL: Parsing algorithm /home1/09168/ldai1/ccl-build/msccl_tools_lyd/examples/xml/xml_lyd/ring/allreduce_ring_node16_gpu64_mcl2_mck1_gan0.xml
c198-072:4217:4278 [0] NCCL INFO Channel 00/0 : 56[2000] -> 48[2000] [receive] via NET/IB/0
c198-052:8830:8888 [0] NCCL INFO Channel 01/0 : 36[2000] -> 32[2000] [receive] via NET/IB/0
c198-051:10717:10776 [0] NCCL INFO Channel 00/0 : 28[2000] -> 24[2000] [send] via NET/IB/0
c198-062:19956:20015 [0] NCCL INFO Channel 01/0 : 40[2000] -> 37[3000] [send] via NET/IB/0
c198-031:16796:16855 [0] NCCL INFO Channel 01/0 : 12[2000] -> 4[2000] [send] via NET/IB/0
c198-061:1309:1366 [0] NCCL INFO Channel 01/0 : 36[2000] -> 32[2000] [send] via NET/IB/0
c198-051:10717:10776 [0] NCCL INFO Connected all trees
c198-051:10717:10776 [0] NCCL INFO MSCCL_XML_FILES set by environment to /home1/09168/ldai1/ccl-build/msccl_tools_lyd/examples/xml/xml_lyd/ring/allreduce_ring_node16_gpu64_mcl2_mck1_gan0.xml
c198-051:10717:10776 [0] NCCL INFO MSCCL: Parsing algorithm /home1/09168/ldai1/ccl-build/msccl_tools_lyd/examples/xml/xml_lyd/ring/allreduce_ring_node16_gpu64_mcl2_mck1_gan0.xml
c198-062:19956:20015 [0] NCCL INFO Connected all trees
c198-062:19956:20015 [0] NCCL INFO MSCCL_XML_FILES set by environment to /home1/09168/ldai1/ccl-build/msccl_tools_lyd/examples/xml/xml_lyd/ring/allreduce_ring_node16_gpu64_mcl2_mck1_gan0.xml
c198-062:19956:20015 [0] NCCL INFO MSCCL: Parsing algorithm /home1/09168/ldai1/ccl-build/msccl_tools_lyd/examples/xml/xml_lyd/ring/allreduce_ring_node16_gpu64_mcl2_mck1_gan0.xml
c198-061:1310:1368 [1] NCCL INFO Channel 00 : 37[3000] -> 36[2000] via direct shared memory
c198-061:1310:1368 [1] NCCL INFO Channel 01 : 37[3000] -> 36[2000] via direct shared memory
c198-061:1309:1366 [0] NCCL INFO Connected all trees
c198-052:8830:8888 [0] NCCL INFO Connected all trees
c198-052:8830:8888 [0] NCCL INFO MSCCL_XML_FILES set by environment to /home1/09168/ldai1/ccl-build/msccl_tools_lyd/examples/xml/xml_lyd/ring/allreduce_ring_node16_gpu64_mcl2_mck1_gan0.xml
c198-052:8830:8888 [0] NCCL INFO MSCCL: Parsing algorithm /home1/09168/ldai1/ccl-build/msccl_tools_lyd/examples/xml/xml_lyd/ring/allreduce_ring_node16_gpu64_mcl2_mck1_gan0.xml
c198-061:1309:1366 [0] NCCL INFO MSCCL_XML_FILES set by environment to /home1/09168/ldai1/ccl-build/msccl_tools_lyd/examples/xml/xml_lyd/ring/allreduce_ring_node16_gpu64_mcl2_mck1_gan0.xml
c198-061:1309:1366 [0] NCCL INFO MSCCL: Parsing algorithm /home1/09168/ldai1/ccl-build/msccl_tools_lyd/examples/xml/xml_lyd/ring/allreduce_ring_node16_gpu64_mcl2_mck1_gan0.xml
c198-051:10718:10775 [1] NCCL INFO Connected all trees
c198-051:10718:10775 [1] NCCL INFO MSCCL_XML_FILES set by environment to /home1/09168/ldai1/ccl-build/msccl_tools_lyd/examples/xml/xml_lyd/ring/allreduce_ring_node16_gpu64_mcl2_mck1_gan0.xml
c198-051:10718:10775 [1] NCCL INFO MSCCL: Parsing algorithm /home1/09168/ldai1/ccl-build/msccl_tools_lyd/examples/xml/xml_lyd/ring/allreduce_ring_node16_gpu64_mcl2_mck1_gan0.xml
c198-062:19957:20013 [1] NCCL INFO Connected all trees
c198-062:19957:20013 [1] NCCL INFO MSCCL_XML_FILES set by environment to /home1/09168/ldai1/ccl-build/msccl_tools_lyd/examples/xml/xml_lyd/ring/allreduce_ring_node16_gpu64_mcl2_mck1_gan0.xml
c198-062:19957:20013 [1] NCCL INFO MSCCL: Parsing algorithm /home1/09168/ldai1/ccl-build/msccl_tools_lyd/examples/xml/xml_lyd/ring/allreduce_ring_node16_gpu64_mcl2_mck1_gan0.xml
c198-052:8831:8889 [1] NCCL INFO Connected all trees
c198-052:8831:8889 [1] NCCL INFO MSCCL_XML_FILES set by environment to /home1/09168/ldai1/ccl-build/msccl_tools_lyd/examples/xml/xml_lyd/ring/allreduce_ring_node16_gpu64_mcl2_mck1_gan0.xml
c198-052:8831:8889 [1] NCCL INFO MSCCL: Parsing algorithm /home1/09168/ldai1/ccl-build/msccl_tools_lyd/examples/xml/xml_lyd/ring/allreduce_ring_node16_gpu64_mcl2_mck1_gan0.xml
c198-061:1310:1368 [1] NCCL INFO Connected all trees
c198-061:1310:1368 [1] NCCL INFO MSCCL_XML_FILES set by environment to /home1/09168/ldai1/ccl-build/msccl_tools_lyd/examples/xml/xml_lyd/ring/allreduce_ring_node16_gpu64_mcl2_mck1_gan0.xml
c198-061:1310:1368 [1] NCCL INFO MSCCL: Parsing algorithm /home1/09168/ldai1/ccl-build/msccl_tools_lyd/examples/xml/xml_lyd/ring/allreduce_ring_node16_gpu64_mcl2_mck1_gan0.xml
c198-061:1311:1364 [2] NCCL INFO Connected all trees
c198-061:1311:1364 [2] NCCL INFO MSCCL_XML_FILES set by environment to /home1/09168/ldai1/ccl-build/msccl_tools_lyd/examples/xml/xml_lyd/ring/allreduce_ring_node16_gpu64_mcl2_mck1_gan0.xml
c198-061:1311:1364 [2] NCCL INFO MSCCL: Parsing algorithm /home1/09168/ldai1/ccl-build/msccl_tools_lyd/examples/xml/xml_lyd/ring/allreduce_ring_node16_gpu64_mcl2_mck1_gan0.xml
c198-111:5827:5886 [0] NCCL INFO Channel 00/0 : 60[2000] -> 56[2000] [receive] via NET/IB/0
c198-072:4217:4278 [0] NCCL INFO Channel 01/0 : 52[2000] -> 48[2000] [receive] via NET/IB/0
c198-031:16796:16855 [0] NCCL INFO Channel 00/0 : 12[2000] -> 8[2000] [send] via NET/IB/0
c198-071:10612:10673 [0] NCCL INFO Parsed MSCCL Algorithm /home1/09168/ldai1/ccl-build/msccl_tools_lyd/examples/xml/xml_lyd/ring/allreduce_ring_node16_gpu64_mcl2_mck1_gan0.xml successfully.
c198-071:10612:10673 [0] NCCL INFO Channel 01 : 44[2000] -> 47[83000] via direct shared memory
c197-032:27839:27898 [0] NCCL INFO Channel 00/0 : 9[3000] -> 4[2000] [receive] via NET/IB/0
c198-071:10615:10668 [3] NCCL INFO Channel 00/0 : 40[2000] -> 47[83000] [receive] via NET/IB/0
c198-071:10612:10673 [0] NCCL INFO Channel 00/0 : 44[2000] -> 51[83000] [send] via NET/IB/0
c198-042:32356:32412 [0] NCCL INFO Channel 01/0 : 24[2000] -> 21[3000] [send] via NET/IB/0
c198-032:10653:10712 [0] NCCL INFO Parsed MSCCL Algorithm /home1/09168/ldai1/ccl-build/msccl_tools_lyd/examples/xml/xml_lyd/ring/allreduce_ring_node16_gpu64_mcl2_mck1_gan0.xml successfully.
c198-032:10653:10712 [0] NCCL INFO Channel 01 : 16[2000] -> 19[83000] via direct shared memory
c198-032:10656:10708 [3] NCCL INFO Channel 00/0 : 12[2000] -> 19[83000] [receive] via NET/IB/0
c198-071:10613:10672 [1] NCCL INFO Parsed MSCCL Algorithm /home1/09168/ldai1/ccl-build/msccl_tools_lyd/examples/xml/xml_lyd/ring/allreduce_ring_node16_gpu64_mcl2_mck1_gan0.xml successfully.
c198-071:10613:10672 [1] NCCL INFO Channel 01/0 : 42[82000] -> 45[3000] [receive] via NET/IB/0
c198-032:10653:10712 [0] NCCL INFO Channel 00/0 : 16[2000] -> 23[83000] [send] via NET/IB/0
c198-062:19958:20009 [2] NCCL INFO Parsed MSCCL Algorithm /home1/09168/ldai1/ccl-build/msccl_tools_lyd/examples/xml/xml_lyd/ring/allreduce_ring_node16_gpu64_mcl2_mck1_gan0.xml successfully.
c198-032:10654:10711 [1] NCCL INFO Parsed MSCCL Algorithm /home1/09168/ldai1/ccl-build/msccl_tools_lyd/examples/xml/xml_lyd/ring/allreduce_ring_node16_gpu64_mcl2_mck1_gan0.xml successfully.
c198-032:10654:10711 [1] NCCL INFO Channel 01/0 : 14[82000] -> 17[3000] [receive] via NET/IB/0
c198-062:19958:20009 [2] NCCL INFO Channel 01/0 : 42[82000] -> 45[3000] [send] via NET/IB/0
c198-031:16798:16850 [2] NCCL INFO Connected 1 MSCCL algorithms
c198-031:16798:16850 [2] NCCL INFO NCCL_PROTO set by environment to Simple
c198-031:16798:16850 [2] NCCL INFO NCCL_ALGO set by environment to MSCCL,TREE,RING
c198-031:16798:16850 [2] NCCL INFO threadThresholds 8/8/64 | 512/8/64 | 8/8/64 | 8/8/512
c198-031:16798:16850 [2] NCCL INFO 2 coll channels, 2 p2p channels, 2 p2p channels per peer
c198-032:10654:10711 [1] NCCL INFO Connected 1 MSCCL algorithms
c198-032:10654:10711 [1] NCCL INFO NCCL_PROTO set by environment to Simple
c198-032:10654:10711 [1] NCCL INFO NCCL_ALGO set by environment to MSCCL,TREE,RING
c198-032:10654:10711 [1] NCCL INFO threadThresholds 8/8/64 | 512/8/64 | 8/8/64 | 8/8/512
c198-032:10654:10711 [1] NCCL INFO 2 coll channels, 2 p2p channels, 2 p2p channels per peer
c198-062:19958:20009 [2] NCCL INFO Connected 1 MSCCL algorithms
c198-062:19958:20009 [2] NCCL INFO NCCL_PROTO set by environment to Simple
c198-062:19958:20009 [2] NCCL INFO NCCL_ALGO set by environment to MSCCL,TREE,RING
