TACC:  Starting up job 6212663 
TACC:  Starting parallel tasks... 
# nThread 1 nGpus 1 minBytes 65536 maxBytes 268435456 step: 2(factor) warmup iters: 5 iters: 60 agg iters: 1 validation: 1 graph: 0
#
# Using devices
#  Rank  0 Group  0 Pid  26872 on   c196-042 device  0 [0x02] Quadro RTX 5000
#  Rank  1 Group  0 Pid  26873 on   c196-042 device  1 [0x03] Quadro RTX 5000
#  Rank  2 Group  0 Pid  26874 on   c196-042 device  2 [0x82] Quadro RTX 5000
#  Rank  3 Group  0 Pid  26875 on   c196-042 device  3 [0x83] Quadro RTX 5000
#  Rank  4 Group  0 Pid  11577 on   c196-051 device  0 [0x02] Quadro RTX 5000
#  Rank  5 Group  0 Pid  11578 on   c196-051 device  1 [0x03] Quadro RTX 5000
#  Rank  6 Group  0 Pid  11579 on   c196-051 device  2 [0x82] Quadro RTX 5000
#  Rank  7 Group  0 Pid  11580 on   c196-051 device  3 [0x83] Quadro RTX 5000
#  Rank  8 Group  0 Pid  19887 on   c198-011 device  0 [0x02] Quadro RTX 5000
#  Rank  9 Group  0 Pid  19888 on   c198-011 device  1 [0x03] Quadro RTX 5000
#  Rank 10 Group  0 Pid  19889 on   c198-011 device  2 [0x82] Quadro RTX 5000
#  Rank 11 Group  0 Pid  19890 on   c198-011 device  3 [0x83] Quadro RTX 5000
#  Rank 12 Group  0 Pid  16940 on   c198-012 device  0 [0x02] Quadro RTX 5000
#  Rank 13 Group  0 Pid  16941 on   c198-012 device  1 [0x03] Quadro RTX 5000
#  Rank 14 Group  0 Pid  16942 on   c198-012 device  2 [0x82] Quadro RTX 5000
#  Rank 15 Group  0 Pid  16943 on   c198-012 device  3 [0x83] Quadro RTX 5000
#  Rank 16 Group  0 Pid  28869 on   c198-021 device  0 [0x02] Quadro RTX 5000
#  Rank 17 Group  0 Pid  28870 on   c198-021 device  1 [0x03] Quadro RTX 5000
#  Rank 18 Group  0 Pid  28871 on   c198-021 device  2 [0x82] Quadro RTX 5000
#  Rank 19 Group  0 Pid  28872 on   c198-021 device  3 [0x83] Quadro RTX 5000
#  Rank 20 Group  0 Pid  25503 on   c198-022 device  0 [0x02] Quadro RTX 5000
#  Rank 21 Group  0 Pid  25504 on   c198-022 device  1 [0x03] Quadro RTX 5000
#  Rank 22 Group  0 Pid  25505 on   c198-022 device  2 [0x82] Quadro RTX 5000
#  Rank 23 Group  0 Pid  25506 on   c198-022 device  3 [0x83] Quadro RTX 5000
#  Rank 24 Group  0 Pid  29270 on   c198-031 device  0 [0x02] Quadro RTX 5000
#  Rank 25 Group  0 Pid  29271 on   c198-031 device  1 [0x03] Quadro RTX 5000
#  Rank 26 Group  0 Pid  29272 on   c198-031 device  2 [0x82] Quadro RTX 5000
#  Rank 27 Group  0 Pid  29273 on   c198-031 device  3 [0x83] Quadro RTX 5000
#  Rank 28 Group  0 Pid  23071 on   c198-032 device  0 [0x02] Quadro RTX 5000
#  Rank 29 Group  0 Pid  23072 on   c198-032 device  1 [0x03] Quadro RTX 5000
#  Rank 30 Group  0 Pid  23073 on   c198-032 device  2 [0x82] Quadro RTX 5000
#  Rank 31 Group  0 Pid  23074 on   c198-032 device  3 [0x83] Quadro RTX 5000
#  Rank 32 Group  0 Pid  10263 on   c198-041 device  0 [0x02] Quadro RTX 5000
#  Rank 33 Group  0 Pid  10264 on   c198-041 device  1 [0x03] Quadro RTX 5000
#  Rank 34 Group  0 Pid  10265 on   c198-041 device  2 [0x82] Quadro RTX 5000
#  Rank 35 Group  0 Pid  10266 on   c198-041 device  3 [0x83] Quadro RTX 5000
#  Rank 36 Group  0 Pid  12453 on   c198-042 device  0 [0x02] Quadro RTX 5000
#  Rank 37 Group  0 Pid  12454 on   c198-042 device  1 [0x03] Quadro RTX 5000
#  Rank 38 Group  0 Pid  12455 on   c198-042 device  2 [0x82] Quadro RTX 5000
#  Rank 39 Group  0 Pid  12456 on   c198-042 device  3 [0x83] Quadro RTX 5000
#  Rank 40 Group  0 Pid  23233 on   c198-051 device  0 [0x02] Quadro RTX 5000
#  Rank 41 Group  0 Pid  23234 on   c198-051 device  1 [0x03] Quadro RTX 5000
#  Rank 42 Group  0 Pid  23235 on   c198-051 device  2 [0x82] Quadro RTX 5000
#  Rank 43 Group  0 Pid  23236 on   c198-051 device  3 [0x83] Quadro RTX 5000
#  Rank 44 Group  0 Pid  21191 on   c198-052 device  0 [0x02] Quadro RTX 5000
#  Rank 45 Group  0 Pid  21192 on   c198-052 device  1 [0x03] Quadro RTX 5000
#  Rank 46 Group  0 Pid  21193 on   c198-052 device  2 [0x82] Quadro RTX 5000
#  Rank 47 Group  0 Pid  21195 on   c198-052 device  3 [0x83] Quadro RTX 5000
#  Rank 48 Group  0 Pid  13830 on   c198-061 device  0 [0x02] Quadro RTX 5000
#  Rank 49 Group  0 Pid  13831 on   c198-061 device  1 [0x03] Quadro RTX 5000
#  Rank 50 Group  0 Pid  13832 on   c198-061 device  2 [0x82] Quadro RTX 5000
#  Rank 51 Group  0 Pid  13833 on   c198-061 device  3 [0x83] Quadro RTX 5000
#  Rank 52 Group  0 Pid  32441 on   c198-062 device  0 [0x02] Quadro RTX 5000
#  Rank 53 Group  0 Pid  32442 on   c198-062 device  1 [0x03] Quadro RTX 5000
#  Rank 54 Group  0 Pid  32443 on   c198-062 device  2 [0x82] Quadro RTX 5000
#  Rank 55 Group  0 Pid  32444 on   c198-062 device  3 [0x83] Quadro RTX 5000
#  Rank 56 Group  0 Pid  30161 on   c198-071 device  0 [0x02] Quadro RTX 5000
#  Rank 57 Group  0 Pid  30162 on   c198-071 device  1 [0x03] Quadro RTX 5000
#  Rank 58 Group  0 Pid  30163 on   c198-071 device  2 [0x82] Quadro RTX 5000
#  Rank 59 Group  0 Pid  30164 on   c198-071 device  3 [0x83] Quadro RTX 5000
#  Rank 60 Group  0 Pid  23766 on   c198-072 device  0 [0x02] Quadro RTX 5000
#  Rank 61 Group  0 Pid  23767 on   c198-072 device  1 [0x03] Quadro RTX 5000
#  Rank 62 Group  0 Pid  23769 on   c198-072 device  2 [0x82] Quadro RTX 5000
#  Rank 63 Group  0 Pid  23770 on   c198-072 device  3 [0x83] Quadro RTX 5000
The MSCCL XML file exists: /home1/09168/ldai1/ccl-build/msccl_tools_lyd/examples/xml/xml_lyd/ring/allreduce_ring_node16_gpu64_mcl1_mck2_gan0.xml
c196-042:26872:26872 [0] NCCL INFO Bootstrap : Using ib0:192.168.44.108<0>
c196-042:26872:26872 [0] NCCL INFO NET/Plugin : No plugin found (libnccl-net.so), using internal implementation
c196-042:26872:26872 [0] NCCL INFO NET/IB : Using [0]mlx4_0:1/IB [RO]; OOB ib0:192.168.44.108<0>
c196-042:26872:26872 [0] NCCL INFO Using network IB
NCCL version 2.12.12.MSCCL.0.7.4+cuda11.3
c196-042:26874:26874 [2] NCCL INFO Bootstrap : Using ib0:192.168.44.108<0>
c196-042:26874:26874 [2] NCCL INFO NET/Plugin : No plugin found (libnccl-net.so), using internal implementation
c196-042:26874:26874 [2] NCCL INFO NET/IB : Using [0]mlx4_0:1/IB [RO]; OOB ib0:192.168.44.108<0>
c196-042:26874:26874 [2] NCCL INFO Using network IB
c196-042:26875:26875 [3] NCCL INFO Bootstrap : Using ib0:192.168.44.108<0>
c196-042:26873:26873 [1] NCCL INFO Bootstrap : Using ib0:192.168.44.108<0>
c196-042:26875:26875 [3] NCCL INFO NET/Plugin : No plugin found (libnccl-net.so), using internal implementation
c196-042:26873:26873 [1] NCCL INFO NET/Plugin : No plugin found (libnccl-net.so), using internal implementation
c196-042:26875:26875 [3] NCCL INFO NET/IB : Using [0]mlx4_0:1/IB [RO]; OOB ib0:192.168.44.108<0>
c196-042:26875:26875 [3] NCCL INFO Using network IB
c196-042:26873:26873 [1] NCCL INFO NET/IB : Using [0]mlx4_0:1/IB [RO]; OOB ib0:192.168.44.108<0>
c196-042:26873:26873 [1] NCCL INFO Using network IB
c198-072:23766:23766 [0] NCCL INFO Bootstrap : Using ib0:192.168.44.158<0>
c198-072:23766:23766 [0] NCCL INFO NET/Plugin : No plugin found (libnccl-net.so), using internal implementation
c198-072:23766:23766 [0] NCCL INFO NET/IB : Using [0]mlx4_0:1/IB [RO]; OOB ib0:192.168.44.158<0>
c198-072:23766:23766 [0] NCCL INFO Using network IB
c198-072:23770:23770 [3] NCCL INFO Bootstrap : Using ib0:192.168.44.158<0>
c198-072:23770:23770 [3] NCCL INFO NET/Plugin : No plugin found (libnccl-net.so), using internal implementation
c198-061:13830:13830 [0] NCCL INFO Bootstrap : Using ib0:192.168.44.155<0>
c198-061:13831:13831 [1] NCCL INFO Bootstrap : Using ib0:192.168.44.155<0>
c198-061:13832:13832 [2] NCCL INFO Bootstrap : Using ib0:192.168.44.155<0>
c198-061:13833:13833 [3] NCCL INFO Bootstrap : Using ib0:192.168.44.155<0>
c198-061:13830:13830 [0] NCCL INFO NET/Plugin : No plugin found (libnccl-net.so), using internal implementation
c198-061:13831:13831 [1] NCCL INFO NET/Plugin : No plugin found (libnccl-net.so), using internal implementation
c198-061:13832:13832 [2] NCCL INFO NET/Plugin : No plugin found (libnccl-net.so), using internal implementation
c198-061:13833:13833 [3] NCCL INFO NET/Plugin : No plugin found (libnccl-net.so), using internal implementation
c198-072:23770:23770 [3] NCCL INFO NET/IB : Using [0]mlx4_0:1/IB [RO]; OOB ib0:192.168.44.158<0>
c198-072:23770:23770 [3] NCCL INFO Using network IB
c198-021:28872:28872 [3] NCCL INFO Bootstrap : Using ib0:192.168.44.147<0>
c198-021:28872:28872 [3] NCCL INFO NET/Plugin : No plugin found (libnccl-net.so), using internal implementation
c198-021:28871:28871 [2] NCCL INFO Bootstrap : Using ib0:192.168.44.147<0>
c198-021:28871:28871 [2] NCCL INFO NET/Plugin : No plugin found (libnccl-net.so), using internal implementation
c198-052:21195:21195 [3] NCCL INFO Bootstrap : Using ib0:192.168.44.154<0>
c198-052:21195:21195 [3] NCCL INFO NET/Plugin : No plugin found (libnccl-net.so), using internal implementation
c198-021:28872:28872 [3] NCCL INFO NET/IB : Using [0]mlx4_0:1/IB [RO]; OOB ib0:192.168.44.147<0>
c198-021:28872:28872 [3] NCCL INFO Using network IB
c198-021:28871:28871 [2] NCCL INFO NET/IB : Using [0]mlx4_0:1/IB [RO]; OOB ib0:192.168.44.147<0>
c198-021:28871:28871 [2] NCCL INFO Using network IB
c198-061:13831:13831 [1] NCCL INFO NET/IB : Using [0]mlx4_0:1/IB [RO]; OOB ib0:192.168.44.155<0>
c198-061:13831:13831 [1] NCCL INFO Using network IB
c198-061:13830:13830 [0] NCCL INFO NET/IB : Using [0]mlx4_0:1/IB [RO]; OOB ib0:192.168.44.155<0>
c198-061:13830:13830 [0] NCCL INFO Using network IB
c198-061:13832:13832 [2] NCCL INFO NET/IB : Using [0]mlx4_0:1/IB [RO]; OOB ib0:192.168.44.155<0>
c198-061:13832:13832 [2] NCCL INFO Using network IB
c198-061:13833:13833 [3] NCCL INFO NET/IB : Using [0]mlx4_0:1/IB [RO]; OOB ib0:192.168.44.155<0>
c198-061:13833:13833 [3] NCCL INFO Using network IB
c198-052:21193:21193 [2] NCCL INFO Bootstrap : Using ib0:192.168.44.154<0>
c198-041:10265:10265 [2] NCCL INFO Bootstrap : Using ib0:192.168.44.151<0>
c198-052:21193:21193 [2] NCCL INFO NET/Plugin : No plugin found (libnccl-net.so), using internal implementation
c198-041:10265:10265 [2] NCCL INFO NET/Plugin : No plugin found (libnccl-net.so), using internal implementation
c198-052:21195:21195 [3] NCCL INFO NET/IB : Using [0]mlx4_0:1/IB [RO]; OOB ib0:192.168.44.154<0>
c198-052:21195:21195 [3] NCCL INFO Using network IB
c198-052:21193:21193 [2] NCCL INFO NET/IB : Using [0]mlx4_0:1/IB [RO]; OOB ib0:192.168.44.154<0>
c198-052:21193:21193 [2] NCCL INFO Using network IB
c198-072:23767:23767 [1] NCCL INFO Bootstrap : Using ib0:192.168.44.158<0>
c198-072:23769:23769 [2] NCCL INFO Bootstrap : Using ib0:192.168.44.158<0>
c198-072:23769:23769 [2] NCCL INFO NET/Plugin : No plugin found (libnccl-net.so), using internal implementation
c198-072:23767:23767 [1] NCCL INFO NET/Plugin : No plugin found (libnccl-net.so), using internal implementation
c198-021:28870:28870 [1] NCCL INFO Bootstrap : Using ib0:192.168.44.147<0>
c198-021:28870:28870 [1] NCCL INFO NET/Plugin : No plugin found (libnccl-net.so), using internal implementation
c198-052:21192:21192 [1] NCCL INFO Bootstrap : Using ib0:192.168.44.154<0>
c198-052:21192:21192 [1] NCCL INFO NET/Plugin : No plugin found (libnccl-net.so), using internal implementation
c198-011:19890:19890 [3] NCCL INFO Bootstrap : Using ib0:192.168.44.145<0>
c198-011:19889:19889 [2] NCCL INFO Bootstrap : Using ib0:192.168.44.145<0>
c198-011:19889:19889 [2] NCCL INFO NET/Plugin : No plugin found (libnccl-net.so), using internal implementation
c198-011:19890:19890 [3] NCCL INFO NET/Plugin : No plugin found (libnccl-net.so), using internal implementation
c198-052:21192:21192 [1] NCCL INFO NET/IB : Using [0]mlx4_0:1/IB [RO]; OOB ib0:192.168.44.154<0>
c198-052:21192:21192 [1] NCCL INFO Using network IB
c198-041:10266:10266 [3] NCCL INFO Bootstrap : Using ib0:192.168.44.151<0>
c198-072:23769:23769 [2] NCCL INFO NET/IB : Using [0]mlx4_0:1/IB [RO]; OOB ib0:192.168.44.158<0>
c198-072:23769:23769 [2] NCCL INFO Using network IB
c198-041:10263:10263 [0] NCCL INFO Bootstrap : Using ib0:192.168.44.151<0>
c198-072:23767:23767 [1] NCCL INFO NET/IB : Using [0]mlx4_0:1/IB [RO]; OOB ib0:192.168.44.158<0>
c198-072:23767:23767 [1] NCCL INFO Using network IB
c198-041:10264:10264 [1] NCCL INFO Bootstrap : Using ib0:192.168.44.151<0>
c198-041:10266:10266 [3] NCCL INFO NET/Plugin : No plugin found (libnccl-net.so), using internal implementation
c198-041:10263:10263 [0] NCCL INFO NET/Plugin : No plugin found (libnccl-net.so), using internal implementation
c198-041:10264:10264 [1] NCCL INFO NET/Plugin : No plugin found (libnccl-net.so), using internal implementation
c198-021:28869:28869 [0] NCCL INFO Bootstrap : Using ib0:192.168.44.147<0>
c198-021:28869:28869 [0] NCCL INFO NET/Plugin : No plugin found (libnccl-net.so), using internal implementation
c198-041:10265:10265 [2] NCCL INFO NET/IB : Using [0]mlx4_0:1/IB [RO]; OOB ib0:192.168.44.151<0>
c198-041:10265:10265 [2] NCCL INFO Using network IB
c198-032:23073:23073 [2] NCCL INFO Bootstrap : Using ib0:192.168.44.150<0>
c198-021:28870:28870 [1] NCCL INFO NET/IB : Using [0]mlx4_0:1/IB [RO]; OOB ib0:192.168.44.147<0>
c198-021:28870:28870 [1] NCCL INFO Using network IB
c198-032:23073:23073 [2] NCCL INFO NET/Plugin : No plugin found (libnccl-net.so), using internal implementation
c198-052:21191:21191 [0] NCCL INFO Bootstrap : Using ib0:192.168.44.154<0>
c198-052:21191:21191 [0] NCCL INFO NET/Plugin : No plugin found (libnccl-net.so), using internal implementation
c198-021:28869:28869 [0] NCCL INFO NET/IB : Using [0]mlx4_0:1/IB [RO]; OOB ib0:192.168.44.147<0>
c198-021:28869:28869 [0] NCCL INFO Using network IB
c198-011:19889:19889 [2] NCCL INFO NET/IB : Using [0]mlx4_0:1/IB [RO]; OOB ib0:192.168.44.145<0>
c198-011:19889:19889 [2] NCCL INFO Using network IB
c198-011:19890:19890 [3] NCCL INFO NET/IB : Using [0]mlx4_0:1/IB [RO]; OOB ib0:192.168.44.145<0>
c198-011:19890:19890 [3] NCCL INFO Using network IB
c198-032:23073:23073 [2] NCCL INFO NET/IB : Using [0]mlx4_0:1/IB [RO]; OOB ib0:192.168.44.150<0>
c198-032:23073:23073 [2] NCCL INFO Using network IB
c198-022:25504:25504 [1] NCCL INFO Bootstrap : Using ib0:192.168.44.148<0>
c198-022:25504:25504 [1] NCCL INFO NET/Plugin : No plugin found (libnccl-net.so), using internal implementation
c198-041:10266:10266 [3] NCCL INFO NET/IB : Using [0]mlx4_0:1/IB [RO]; OOB ib0:192.168.44.151<0>
c198-041:10266:10266 [3] NCCL INFO Using network IB
c198-052:21191:21191 [0] NCCL INFO NET/IB : Using [0]mlx4_0:1/IB [RO]; OOB ib0:192.168.44.154<0>
c198-052:21191:21191 [0] NCCL INFO Using network IB
c198-041:10263:10263 [0] NCCL INFO NET/IB : Using [0]mlx4_0:1/IB [RO]; OOB ib0:192.168.44.151<0>
c198-041:10263:10263 [0] NCCL INFO Using network IB
c198-041:10264:10264 [1] NCCL INFO NET/IB : Using [0]mlx4_0:1/IB [RO]; OOB ib0:192.168.44.151<0>
c198-041:10264:10264 [1] NCCL INFO Using network IB
c198-022:25503:25503 [0] NCCL INFO Bootstrap : Using ib0:192.168.44.148<0>
c198-011:19887:19887 [0] NCCL INFO Bootstrap : Using ib0:192.168.44.145<0>
c198-022:25503:25503 [0] NCCL INFO NET/Plugin : No plugin found (libnccl-net.so), using internal implementation
c198-011:19888:19888 [1] NCCL INFO Bootstrap : Using ib0:192.168.44.145<0>
c198-011:19887:19887 [0] NCCL INFO NET/Plugin : No plugin found (libnccl-net.so), using internal implementation
c196-051:11577:11577 [0] NCCL INFO Bootstrap : Using ib0:192.168.44.109<0>
c198-011:19888:19888 [1] NCCL INFO NET/Plugin : No plugin found (libnccl-net.so), using internal implementation
c196-051:11579:11579 [2] NCCL INFO Bootstrap : Using ib0:192.168.44.109<0>
c196-051:11580:11580 [3] NCCL INFO Bootstrap : Using ib0:192.168.44.109<0>
c196-051:11578:11578 [1] NCCL INFO Bootstrap : Using ib0:192.168.44.109<0>
c196-051:11577:11577 [0] NCCL INFO NET/Plugin : No plugin found (libnccl-net.so), using internal implementation
c198-032:23074:23074 [3] NCCL INFO Bootstrap : Using ib0:192.168.44.150<0>
c196-051:11578:11578 [1] NCCL INFO NET/Plugin : No plugin found (libnccl-net.so), using internal implementation
c196-051:11579:11579 [2] NCCL INFO NET/Plugin : No plugin found (libnccl-net.so), using internal implementation
c196-051:11580:11580 [3] NCCL INFO NET/Plugin : No plugin found (libnccl-net.so), using internal implementation
c198-032:23074:23074 [3] NCCL INFO NET/Plugin : No plugin found (libnccl-net.so), using internal implementation
c198-022:25504:25504 [1] NCCL INFO NET/IB : Using [0]mlx4_0:1/IB [RO]; OOB ib0:192.168.44.148<0>
c198-022:25504:25504 [1] NCCL INFO Using network IB
c198-032:23074:23074 [3] NCCL INFO NET/IB : Using [0]mlx4_0:1/IB [RO]; OOB ib0:192.168.44.150<0>
c198-032:23074:23074 [3] NCCL INFO Using network IB
c198-032:23071:23071 [0] NCCL INFO Bootstrap : Using ib0:192.168.44.150<0>
c198-032:23071:23071 [0] NCCL INFO NET/Plugin : No plugin found (libnccl-net.so), using internal implementation
c198-022:25505:25505 [2] NCCL INFO Bootstrap : Using ib0:192.168.44.148<0>
c198-022:25506:25506 [3] NCCL INFO Bootstrap : Using ib0:192.168.44.148<0>
c198-062:32444:32444 [3] NCCL INFO Bootstrap : Using ib0:192.168.44.156<0>
c198-022:25505:25505 [2] NCCL INFO NET/Plugin : No plugin found (libnccl-net.so), using internal implementation
c198-022:25506:25506 [3] NCCL INFO NET/Plugin : No plugin found (libnccl-net.so), using internal implementation
c198-062:32444:32444 [3] NCCL INFO NET/Plugin : No plugin found (libnccl-net.so), using internal implementation
c198-051:23236:23236 [3] NCCL INFO Bootstrap : Using ib0:192.168.44.153<0>
c198-022:25503:25503 [0] NCCL INFO NET/IB : Using [0]mlx4_0:1/IB [RO]; OOB ib0:192.168.44.148<0>
c198-022:25503:25503 [0] NCCL INFO Using network IB
c198-051:23235:23235 [2] NCCL INFO Bootstrap : Using ib0:192.168.44.153<0>
c198-051:23235:23235 [2] NCCL INFO NET/Plugin : No plugin found (libnccl-net.so), using internal implementation
c198-051:23236:23236 [3] NCCL INFO NET/Plugin : No plugin found (libnccl-net.so), using internal implementation
c198-032:23072:23072 [1] NCCL INFO Bootstrap : Using ib0:192.168.44.150<0>
c198-032:23072:23072 [1] NCCL INFO NET/Plugin : No plugin found (libnccl-net.so), using internal implementation
c198-011:19888:19888 [1] NCCL INFO NET/IB : Using [0]mlx4_0:1/IB [RO]; OOB ib0:192.168.44.145<0>
c198-011:19888:19888 [1] NCCL INFO Using network IB
c198-011:19887:19887 [0] NCCL INFO NET/IB : Using [0]mlx4_0:1/IB [RO]; OOB ib0:192.168.44.145<0>
c198-011:19887:19887 [0] NCCL INFO Using network IB
c198-032:23071:23071 [0] NCCL INFO NET/IB : Using [0]mlx4_0:1/IB [RO]; OOB ib0:192.168.44.150<0>
c198-032:23071:23071 [0] NCCL INFO Using network IB
c198-032:23072:23072 [1] NCCL INFO NET/IB : Using [0]mlx4_0:1/IB [RO]; OOB ib0:192.168.44.150<0>
c198-032:23072:23072 [1] NCCL INFO Using network IB
c198-022:25506:25506 [3] NCCL INFO NET/IB : Using [0]mlx4_0:1/IB [RO]; OOB ib0:192.168.44.148<0>
c198-022:25506:25506 [3] NCCL INFO Using network IB
c198-022:25505:25505 [2] NCCL INFO NET/IB : Using [0]mlx4_0:1/IB [RO]; OOB ib0:192.168.44.148<0>
c198-022:25505:25505 [2] NCCL INFO Using network IB
c198-062:32444:32444 [3] NCCL INFO NET/IB : Using [0]mlx4_0:1/IB [RO]; OOB ib0:192.168.44.156<0>
c198-062:32444:32444 [3] NCCL INFO Using network IB
c198-042:12453:12453 [0] NCCL INFO Bootstrap : Using ib0:192.168.44.152<0>
c198-042:12454:12454 [1] NCCL INFO Bootstrap : Using ib0:192.168.44.152<0>
c198-042:12456:12456 [3] NCCL INFO Bootstrap : Using ib0:192.168.44.152<0>
c198-042:12453:12453 [0] NCCL INFO NET/Plugin : No plugin found (libnccl-net.so), using internal implementation
c198-042:12454:12454 [1] NCCL INFO NET/Plugin : No plugin found (libnccl-net.so), using internal implementation
c198-042:12456:12456 [3] NCCL INFO NET/Plugin : No plugin found (libnccl-net.so), using internal implementation
c198-051:23236:23236 [3] NCCL INFO NET/IB : Using [0]mlx4_0:1/IB [RO]; OOB ib0:192.168.44.153<0>
c198-051:23236:23236 [3] NCCL INFO Using network IB
c198-051:23235:23235 [2] NCCL INFO NET/IB : Using [0]mlx4_0:1/IB [RO]; OOB ib0:192.168.44.153<0>
c198-051:23235:23235 [2] NCCL INFO Using network IB
c196-051:11577:11577 [0] NCCL INFO NET/IB : Using [0]mlx4_0:1/IB [RO]; OOB ib0:192.168.44.109<0>
c196-051:11577:11577 [0] NCCL INFO Using network IB
c196-051:11580:11580 [3] NCCL INFO NET/IB : Using [0]mlx4_0:1/IB [RO]; OOB ib0:192.168.44.109<0>
c196-051:11580:11580 [3] NCCL INFO Using network IB
c196-051:11579:11579 [2] NCCL INFO NET/IB : Using [0]mlx4_0:1/IB [RO]; OOB ib0:192.168.44.109<0>
c196-051:11579:11579 [2] NCCL INFO Using network IB
c196-051:11578:11578 [1] NCCL INFO NET/IB : Using [0]mlx4_0:1/IB [RO]; OOB ib0:192.168.44.109<0>
c196-051:11578:11578 [1] NCCL INFO Using network IB
c198-031:29273:29273 [3] NCCL INFO Bootstrap : Using ib0:192.168.44.149<0>
c198-031:29273:29273 [3] NCCL INFO NET/Plugin : No plugin found (libnccl-net.so), using internal implementation
c198-031:29272:29272 [2] NCCL INFO Bootstrap : Using ib0:192.168.44.149<0>
c198-062:32443:32443 [2] NCCL INFO Bootstrap : Using ib0:192.168.44.156<0>
c198-031:29272:29272 [2] NCCL INFO NET/Plugin : No plugin found (libnccl-net.so), using internal implementation
c198-062:32443:32443 [2] NCCL INFO NET/Plugin : No plugin found (libnccl-net.so), using internal implementation
c198-012:16940:16940 [0] NCCL INFO Bootstrap : Using ib0:192.168.44.146<0>
c198-012:16942:16942 [2] NCCL INFO Bootstrap : Using ib0:192.168.44.146<0>
c198-012:16943:16943 [3] NCCL INFO Bootstrap : Using ib0:192.168.44.146<0>
c198-012:16940:16940 [0] NCCL INFO NET/Plugin : No plugin found (libnccl-net.so), using internal implementation
c198-012:16942:16942 [2] NCCL INFO NET/Plugin : No plugin found (libnccl-net.so), using internal implementation
c198-012:16943:16943 [3] NCCL INFO NET/Plugin : No plugin found (libnccl-net.so), using internal implementation
c198-062:32443:32443 [2] NCCL INFO NET/IB : Using [0]mlx4_0:1/IB [RO]; OOB ib0:192.168.44.156<0>
c198-062:32443:32443 [2] NCCL INFO Using network IB
c198-042:12455:12455 [2] NCCL INFO Bootstrap : Using ib0:192.168.44.152<0>
c198-031:29272:29272 [2] NCCL INFO NET/IB : Using [0]mlx4_0:1/IB [RO]; OOB ib0:192.168.44.149<0>
c198-042:12455:12455 [2] NCCL INFO NET/Plugin : No plugin found (libnccl-net.so), using internal implementation
c198-031:29272:29272 [2] NCCL INFO Using network IB
c198-031:29273:29273 [3] NCCL INFO NET/IB : Using [0]mlx4_0:1/IB [RO]; OOB ib0:192.168.44.149<0>
c198-031:29273:29273 [3] NCCL INFO Using network IB
c198-042:12454:12454 [1] NCCL INFO NET/IB : Using [0]mlx4_0:1/IB [RO]; OOB ib0:192.168.44.152<0>
c198-042:12454:12454 [1] NCCL INFO Using network IB
c198-042:12453:12453 [0] NCCL INFO NET/IB : Using [0]mlx4_0:1/IB [RO]; OOB ib0:192.168.44.152<0>
c198-042:12453:12453 [0] NCCL INFO Using network IB
c198-042:12456:12456 [3] NCCL INFO NET/IB : Using [0]mlx4_0:1/IB [RO]; OOB ib0:192.168.44.152<0>
c198-042:12456:12456 [3] NCCL INFO Using network IB
c198-042:12455:12455 [2] NCCL INFO NET/IB : Using [0]mlx4_0:1/IB [RO]; OOB ib0:192.168.44.152<0>
c198-042:12455:12455 [2] NCCL INFO Using network IB
c198-012:16943:16943 [3] NCCL INFO NET/IB : Using [0]mlx4_0:1/IB [RO]; OOB ib0:192.168.44.146<0>
c198-012:16943:16943 [3] NCCL INFO Using network IB
c198-012:16942:16942 [2] NCCL INFO NET/IB : Using [0]mlx4_0:1/IB [RO]; OOB ib0:192.168.44.146<0>
c198-012:16942:16942 [2] NCCL INFO Using network IB
c198-012:16940:16940 [0] NCCL INFO NET/IB : Using [0]mlx4_0:1/IB [RO]; OOB ib0:192.168.44.146<0>
c198-012:16940:16940 [0] NCCL INFO Using network IB
c198-071:30163:30163 [2] NCCL INFO Bootstrap : Using ib0:192.168.44.157<0>
c198-071:30163:30163 [2] NCCL INFO NET/Plugin : No plugin found (libnccl-net.so), using internal implementation
c198-031:29271:29271 [1] NCCL INFO Bootstrap : Using ib0:192.168.44.149<0>
c198-031:29271:29271 [1] NCCL INFO NET/Plugin : No plugin found (libnccl-net.so), using internal implementation
c198-062:32441:32441 [0] NCCL INFO Bootstrap : Using ib0:192.168.44.156<0>
c198-062:32442:32442 [1] NCCL INFO Bootstrap : Using ib0:192.168.44.156<0>
c198-062:32441:32441 [0] NCCL INFO NET/Plugin : No plugin found (libnccl-net.so), using internal implementation
c198-062:32442:32442 [1] NCCL INFO NET/Plugin : No plugin found (libnccl-net.so), using internal implementation
c198-031:29271:29271 [1] NCCL INFO NET/IB : Using [0]mlx4_0:1/IB [RO]; OOB ib0:192.168.44.149<0>
c198-031:29271:29271 [1] NCCL INFO Using network IB
c198-071:30164:30164 [3] NCCL INFO Bootstrap : Using ib0:192.168.44.157<0>
c198-071:30164:30164 [3] NCCL INFO NET/Plugin : No plugin found (libnccl-net.so), using internal implementation
c198-071:30163:30163 [2] NCCL INFO NET/IB : Using [0]mlx4_0:1/IB [RO]; OOB ib0:192.168.44.157<0>
c198-071:30163:30163 [2] NCCL INFO Using network IB
c198-012:16941:16941 [1] NCCL INFO Bootstrap : Using ib0:192.168.44.146<0>
c198-051:23233:23233 [0] NCCL INFO Bootstrap : Using ib0:192.168.44.153<0>
c198-012:16941:16941 [1] NCCL INFO NET/Plugin : No plugin found (libnccl-net.so), using internal implementation
c198-051:23234:23234 [1] NCCL INFO Bootstrap : Using ib0:192.168.44.153<0>
c198-051:23233:23233 [0] NCCL INFO NET/Plugin : No plugin found (libnccl-net.so), using internal implementation
c198-051:23234:23234 [1] NCCL INFO NET/Plugin : No plugin found (libnccl-net.so), using internal implementation
c198-071:30164:30164 [3] NCCL INFO NET/IB : Using [0]mlx4_0:1/IB [RO]; OOB ib0:192.168.44.157<0>
c198-071:30164:30164 [3] NCCL INFO Using network IB
c198-012:16941:16941 [1] NCCL INFO NET/IB : Using [0]mlx4_0:1/IB [RO]; OOB ib0:192.168.44.146<0>
c198-012:16941:16941 [1] NCCL INFO Using network IB
c198-062:32441:32441 [0] NCCL INFO NET/IB : Using [0]mlx4_0:1/IB [RO]; OOB ib0:192.168.44.156<0>
c198-062:32441:32441 [0] NCCL INFO Using network IB
c198-062:32442:32442 [1] NCCL INFO NET/IB : Using [0]mlx4_0:1/IB [RO]; OOB ib0:192.168.44.156<0>
c198-062:32442:32442 [1] NCCL INFO Using network IB
c198-051:23234:23234 [1] NCCL INFO NET/IB : Using [0]mlx4_0:1/IB [RO]; OOB ib0:192.168.44.153<0>
c198-051:23234:23234 [1] NCCL INFO Using network IB
c198-051:23233:23233 [0] NCCL INFO NET/IB : Using [0]mlx4_0:1/IB [RO]; OOB ib0:192.168.44.153<0>
c198-051:23233:23233 [0] NCCL INFO Using network IB
c198-031:29270:29270 [0] NCCL INFO Bootstrap : Using ib0:192.168.44.149<0>
c198-031:29270:29270 [0] NCCL INFO NET/Plugin : No plugin found (libnccl-net.so), using internal implementation
c198-031:29270:29270 [0] NCCL INFO NET/IB : Using [0]mlx4_0:1/IB [RO]; OOB ib0:192.168.44.149<0>
c198-031:29270:29270 [0] NCCL INFO Using network IB
c198-071:30161:30161 [0] NCCL INFO Bootstrap : Using ib0:192.168.44.157<0>
c198-071:30161:30161 [0] NCCL INFO NET/Plugin : No plugin found (libnccl-net.so), using internal implementation
c198-071:30162:30162 [1] NCCL INFO Bootstrap : Using ib0:192.168.44.157<0>
c198-071:30162:30162 [1] NCCL INFO NET/Plugin : No plugin found (libnccl-net.so), using internal implementation
c198-071:30161:30161 [0] NCCL INFO NET/IB : Using [0]mlx4_0:1/IB [RO]; OOB ib0:192.168.44.157<0>
c198-071:30161:30161 [0] NCCL INFO Using network IB
c198-071:30162:30162 [1] NCCL INFO NET/IB : Using [0]mlx4_0:1/IB [RO]; OOB ib0:192.168.44.157<0>
c198-071:30162:30162 [1] NCCL INFO Using network IB
c196-042:26872:26924 [0] NCCL INFO Setting affinity for GPU 0 to 0f000f
c198-011:19890:19942 [3] NCCL INFO Setting affinity for GPU 3 to f000f000
c198-021:28872:28922 [3] NCCL INFO Setting affinity for GPU 3 to f000f000
c198-061:13833:13889 [3] NCCL INFO Setting affinity for GPU 3 to f000f000
c196-051:11580:11634 [3] NCCL INFO Setting affinity for GPU 3 to f000f000
c198-022:25506:25563 [3] NCCL INFO Setting affinity for GPU 3 to f000f000
c198-072:23770:23823 [3] NCCL INFO Setting affinity for GPU 3 to f000f000
c198-041:10266:10318 [3] NCCL INFO Setting affinity for GPU 3 to f000f000
c198-042:12456:12510 [3] NCCL INFO Setting affinity for GPU 3 to f000f000
c198-052:21195:21245 [3] NCCL INFO Setting affinity for GPU 3 to f000f000
c198-051:23236:23287 [3] NCCL INFO Setting affinity for GPU 3 to f000f000
c198-071:30164:30218 [3] NCCL INFO Setting affinity for GPU 3 to f000f000
c198-032:23074:23126 [3] NCCL INFO Setting affinity for GPU 3 to f000f000
c198-062:32444:32494 [3] NCCL INFO Setting affinity for GPU 3 to f000f000
c198-031:29273:29325 [3] NCCL INFO Setting affinity for GPU 3 to f000f000
c198-012:16943:16994 [3] NCCL INFO Setting affinity for GPU 3 to f000f000
c196-042:26874:26929 [2] NCCL INFO Setting affinity for GPU 2 to 0f000f00
c196-042:26873:26933 [1] NCCL INFO Setting affinity for GPU 1 to f000f0
c196-042:26875:26931 [3] NCCL INFO Setting affinity for GPU 3 to f000f000
c198-061:13832:13888 [2] NCCL INFO Setting affinity for GPU 2 to 0f000f00
c198-072:23769:23826 [2] NCCL INFO Setting affinity for GPU 2 to 0f000f00
c198-011:19888:19945 [1] NCCL INFO Setting affinity for GPU 1 to f000f0
c198-011:19887:19946 [0] NCCL INFO Setting affinity for GPU 0 to 0f000f
c198-051:23235:23288 [2] NCCL INFO Setting affinity for GPU 2 to 0f000f00
c198-042:12454:12507 [1] NCCL INFO Setting affinity for GPU 1 to f000f0
c198-071:30161:30220 [0] NCCL INFO Setting affinity for GPU 0 to 0f000f
c198-061:13831:13884 [1] NCCL INFO Setting affinity for GPU 1 to f000f0
c198-042:12453:12509 [0] NCCL INFO Setting affinity for GPU 0 to 0f000f
c198-062:32441:32499 [0] NCCL INFO Setting affinity for GPU 0 to 0f000f
c198-061:13830:13885 [0] NCCL INFO Setting affinity for GPU 0 to 0f000f
c198-031:29270:29329 [0] NCCL INFO Setting affinity for GPU 0 to 0f000f
c198-031:29272:29324 [2] NCCL INFO Setting affinity for GPU 2 to 0f000f00
c198-072:23767:23827 [1] NCCL INFO Setting affinity for GPU 1 to f000f0
c198-032:23072:23130 [1] NCCL INFO Setting affinity for GPU 1 to f000f0
c198-072:23766:23821 [0] NCCL INFO Setting affinity for GPU 0 to 0f000f
c198-071:30162:30222 [1] NCCL INFO Setting affinity for GPU 1 to f000f0
c198-031:29271:29327 [1] NCCL INFO Setting affinity for GPU 1 to f000f0
c198-071:30163:30216 [2] NCCL INFO Setting affinity for GPU 2 to 0f000f00
c198-062:32443:32496 [2] NCCL INFO Setting affinity for GPU 2 to 0f000f00
c198-062:32442:32500 [1] NCCL INFO Setting affinity for GPU 1 to f000f0
c198-022:25503:25560 [0] NCCL INFO Setting affinity for GPU 0 to 0f000f
c198-032:23073:23124 [2] NCCL INFO Setting affinity for GPU 2 to 0f000f00
c198-041:10264:10322 [1] NCCL INFO Setting affinity for GPU 1 to f000f0
c198-032:23071:23128 [0] NCCL INFO Setting affinity for GPU 0 to 0f000f
c198-042:12455:12512 [2] NCCL INFO Setting affinity for GPU 2 to 0f000f00
c198-022:25505:25564 [2] NCCL INFO Setting affinity for GPU 2 to 0f000f00
c198-011:19889:19941 [2] NCCL INFO Setting affinity for GPU 2 to 0f000f00
c196-051:11579:11637 [2] NCCL INFO Setting affinity for GPU 2 to 0f000f00
c198-021:28869:28928 [0] NCCL INFO Setting affinity for GPU 0 to 0f000f
c198-041:10263:10321 [0] NCCL INFO Setting affinity for GPU 0 to 0f000f
c198-021:28870:28926 [1] NCCL INFO Setting affinity for GPU 1 to f000f0
c196-051:11578:11636 [1] NCCL INFO Setting affinity for GPU 1 to f000f0
c198-041:10265:10316 [2] NCCL INFO Setting affinity for GPU 2 to 0f000f00
c198-021:28871:28924 [2] NCCL INFO Setting affinity for GPU 2 to 0f000f00
c198-052:21192:21249 [1] NCCL INFO Setting affinity for GPU 1 to f000f0
c196-051:11577:11631 [0] NCCL INFO Setting affinity for GPU 0 to 0f000f
c198-052:21191:21251 [0] NCCL INFO Setting affinity for GPU 0 to 0f000f
c198-022:25504:25558 [1] NCCL INFO Setting affinity for GPU 1 to f000f0
c198-052:21193:21247 [2] NCCL INFO Setting affinity for GPU 2 to 0f000f00
c198-051:23233:23292 [0] NCCL INFO Setting affinity for GPU 0 to 0f000f
c198-051:23234:23291 [1] NCCL INFO Setting affinity for GPU 1 to f000f0
c198-012:16941:16999 [1] NCCL INFO Setting affinity for GPU 1 to f000f0
c198-012:16942:16996 [2] NCCL INFO Setting affinity for GPU 2 to 0f000f00
c198-012:16940:16997 [0] NCCL INFO Setting affinity for GPU 0 to 0f000f
c198-011:19890:19942 [3] NCCL INFO Trees [0] -1/-1/-1->11->10 [1] -1/-1/-1->11->10
c198-011:19889:19941 [2] NCCL INFO Trees [0] 11/-1/-1->10->9 [1] 11/-1/-1->10->9
c196-051:11579:11637 [2] NCCL INFO Trees [0] 7/-1/-1->6->5 [1] 7/-1/-1->6->5
c196-042:26872:26924 [0] NCCL INFO Channel 00/02 :    0   1   2   3   4   5   6   7   8   9  10  11  12  13  14  15  16  17  18  19
c196-042:26872:26924 [0] NCCL INFO Channel 01/02 :    0   1   2   3   4   5   6   7   8   9  10  11  12  13  14  15  16  17  18  19
c198-011:19888:19945 [1] NCCL INFO Trees [0] 10/4/-1->9->8 [1] 10/-1/-1->9->8
c198-072:23770:23823 [3] NCCL INFO Trees [0] -1/-1/-1->63->62 [1] -1/-1/-1->63->62
c196-051:11580:11634 [3] NCCL INFO Trees [0] -1/-1/-1->7->6 [1] -1/-1/-1->7->6
c196-042:26873:26933 [1] NCCL INFO Trees [0] 2/-1/-1->1->0 [1] 2/-1/-1->1->0
c198-012:16940:16997 [0] NCCL INFO Trees [0] 13/-1/-1->12->8 [1] 13/4/-1->12->28
c198-011:19887:19946 [0] NCCL INFO Trees [0] 9/12/-1->8->17 [1] 9/-1/-1->8->5
c198-071:30164:30218 [3] NCCL INFO Trees [0] -1/-1/-1->59->58 [1] -1/-1/-1->59->58
c196-051:11577:11631 [0] NCCL INFO Trees [0] 5/-1/-1->4->9 [1] 5/0/-1->4->12
c196-042:26874:26929 [2] NCCL INFO Trees [0] 3/-1/-1->2->1 [1] 3/-1/-1->2->1
c198-061:13831:13884 [1] NCCL INFO Trees [0] 50/40/-1->49->48 [1] 50/-1/-1->49->48
c198-052:21193:21247 [2] NCCL INFO Trees [0] 47/-1/-1->46->45 [1] 47/-1/-1->46->45
c198-071:30162:30222 [1] NCCL INFO Trees [0] 58/52/-1->57->56 [1] 58/-1/-1->57->56
c198-062:32441:32499 [0] NCCL INFO Trees [0] 53/-1/-1->52->57 [1] 53/48/-1->52->45
c198-072:23769:23826 [2] NCCL INFO Trees [0] 63/-1/-1->62->61 [1] 63/-1/-1->62->61
c196-051:11578:11636 [1] NCCL INFO Trees [0] 6/-1/-1->5->4 [1] 6/8/-1->5->4
c196-042:26875:26931 [3] NCCL INFO Trees [0] -1/-1/-1->3->2 [1] -1/-1/-1->3->2
c198-061:13832:13888 [2] NCCL INFO Trees [0] 51/-1/-1->50->49 [1] 51/-1/-1->50->49
c198-052:21195:21245 [3] NCCL INFO Trees [0] -1/-1/-1->47->46 [1] -1/-1/-1->47->46
c198-071:30161:30220 [0] NCCL INFO Trees [0] 57/60/-1->56->48 [1] 57/-1/-1->56->53
c198-041:10265:10316 [2] NCCL INFO Trees [0] 35/-1/-1->34->33 [1] 35/-1/-1->34->33
c198-051:23233:23292 [0] NCCL INFO Trees [0] 41/44/-1->40->49 [1] 41/-1/-1->40->37
c198-022:25506:25563 [3] NCCL INFO Trees [0] -1/-1/-1->23->22 [1] -1/-1/-1->23->22
c198-042:12455:12512 [2] NCCL INFO Trees [0] 39/-1/-1->38->37 [1] 39/-1/-1->38->37
c198-062:32442:32500 [1] NCCL INFO Trees [0] 54/-1/-1->53->52 [1] 54/56/-1->53->52
c198-032:23071:23128 [0] NCCL INFO Trees [0] 29/-1/-1->28->24 [1] 29/12/-1->28->60
c198-031:29270:29329 [0] NCCL INFO Trees [0] 25/28/-1->24->16 [1] 25/-1/-1->24->21
c198-072:23767:23827 [1] NCCL INFO Trees [0] 62/-1/-1->61->60 [1] 62/-1/-1->61->60
c196-042:26872:26924 [0] NCCL INFO Trees [0] 1/32/-1->0->-1 [1] 1/-1/-1->0->4
c198-061:13833:13889 [3] NCCL INFO Trees [0] -1/-1/-1->51->50 [1] -1/-1/-1->51->50
c198-052:21191:21251 [0] NCCL INFO Trees [0] 45/-1/-1->44->40 [1] 45/36/-1->44->29
c198-012:16943:16994 [3] NCCL INFO Trees [0] -1/-1/-1->15->14 [1] -1/-1/-1->15->14
c198-071:30163:30216 [2] NCCL INFO Trees [0] 59/-1/-1->58->57 [1] 59/-1/-1->58->57
c198-041:10266:10318 [3] NCCL INFO Trees [0] -1/-1/-1->35->34 [1] -1/-1/-1->35->34
c198-051:23234:23291 [1] NCCL INFO Trees [0] 42/36/-1->41->40 [1] 42/-1/-1->41->40
c198-022:25505:25564 [2] NCCL INFO Trees [0] 23/-1/-1->22->21 [1] 23/-1/-1->22->21
c198-021:28870:28926 [1] NCCL INFO Trees [0] 18/8/-1->17->16 [1] 18/-1/-1->17->16
c198-042:12456:12510 [3] NCCL INFO Trees [0] -1/-1/-1->39->38 [1] -1/-1/-1->39->38
c198-062:32443:32496 [2] NCCL INFO Trees [0] 55/-1/-1->54->53 [1] 55/-1/-1->54->53
c198-032:23072:23130 [1] NCCL INFO Trees [0] 30/-1/-1->29->28 [1] 30/44/-1->29->28
c198-031:29273:29325 [3] NCCL INFO Trees [0] -1/-1/-1->27->26 [1] -1/-1/-1->27->26
c198-072:23766:23821 [0] NCCL INFO Trees [0] 61/-1/-1->60->56 [1] 61/28/-1->60->-1
c198-061:13830:13885 [0] NCCL INFO Trees [0] 49/56/-1->48->32 [1] 49/-1/-1->48->52
c198-052:21192:21249 [1] NCCL INFO Trees [0] 46/-1/-1->45->44 [1] 46/52/-1->45->44
c198-012:16942:16996 [2] NCCL INFO Trees [0] 15/-1/-1->14->13 [1] 15/-1/-1->14->13
c198-041:10263:10321 [0] NCCL INFO Trees [0] 33/48/-1->32->0 [1] 33/-1/-1->32->36
c198-051:23235:23288 [2] NCCL INFO Trees [0] 43/-1/-1->42->41 [1] 43/-1/-1->42->41
c198-022:25503:25560 [0] NCCL INFO Trees [0] 21/-1/-1->20->25 [1] 21/16/-1->20->13
c198-021:28871:28924 [2] NCCL INFO Trees [0] 19/-1/-1->18->17 [1] 19/-1/-1->18->17
c198-042:12453:12509 [0] NCCL INFO Trees [0] 37/-1/-1->36->41 [1] 37/32/-1->36->44
c198-062:32444:32494 [3] NCCL INFO Trees [0] -1/-1/-1->55->54 [1] -1/-1/-1->55->54
c198-032:23073:23124 [2] NCCL INFO Trees [0] 31/-1/-1->30->29 [1] 31/-1/-1->30->29
c198-031:29271:29327 [1] NCCL INFO Trees [0] 26/20/-1->25->24 [1] 26/-1/-1->25->24
c198-012:16941:16999 [1] NCCL INFO Trees [0] 14/-1/-1->13->12 [1] 14/20/-1->13->12
c198-041:10264:10322 [1] NCCL INFO Trees [0] 34/16/-1->33->32 [1] 34/-1/-1->33->32
c198-051:23236:23287 [3] NCCL INFO Trees [0] -1/-1/-1->43->42 [1] -1/-1/-1->43->42
c198-022:25504:25558 [1] NCCL INFO Trees [0] 22/-1/-1->21->20 [1] 22/24/-1->21->20
c198-021:28872:28922 [3] NCCL INFO Trees [0] -1/-1/-1->19->18 [1] -1/-1/-1->19->18
c198-042:12454:12507 [1] NCCL INFO Trees [0] 38/-1/-1->37->36 [1] 38/40/-1->37->36
c198-032:23074:23126 [3] NCCL INFO Trees [0] -1/-1/-1->31->30 [1] -1/-1/-1->31->30
c198-031:29272:29324 [2] NCCL INFO Trees [0] 27/-1/-1->26->25 [1] 27/-1/-1->26->25
c198-021:28869:28928 [0] NCCL INFO Trees [0] 17/24/-1->16->33 [1] 17/-1/-1->16->20
c198-011:19887:19946 [0] NCCL INFO Channel 00/0 : 7[83000] -> 8[2000] [receive] via NET/IB/0
c198-072:23766:23821 [0] NCCL INFO Channel 00/0 : 59[83000] -> 60[2000] [receive] via NET/IB/0
c196-042:26872:26924 [0] NCCL INFO Channel 00/0 : 63[83000] -> 0[2000] [receive] via NET/IB/0
c198-071:30161:30220 [0] NCCL INFO Channel 00/0 : 55[83000] -> 56[2000] [receive] via NET/IB/0
c198-051:23233:23292 [0] NCCL INFO Channel 00/0 : 39[83000] -> 40[2000] [receive] via NET/IB/0
c198-062:32441:32499 [0] NCCL INFO Channel 00/0 : 51[83000] -> 52[2000] [receive] via NET/IB/0
c196-051:11577:11631 [0] NCCL INFO Channel 00/0 : 3[83000] -> 4[2000] [receive] via NET/IB/0
c198-041:10263:10321 [0] NCCL INFO Channel 00/0 : 31[83000] -> 32[2000] [receive] via NET/IB/0
c198-042:12453:12509 [0] NCCL INFO Channel 00/0 : 35[83000] -> 36[2000] [receive] via NET/IB/0
c198-032:23071:23128 [0] NCCL INFO Channel 00/0 : 27[83000] -> 28[2000] [receive] via NET/IB/0
c198-061:13830:13885 [0] NCCL INFO Channel 00/0 : 47[83000] -> 48[2000] [receive] via NET/IB/0
c198-022:25503:25560 [0] NCCL INFO Channel 00/0 : 19[83000] -> 20[2000] [receive] via NET/IB/0
c198-021:28869:28928 [0] NCCL INFO Channel 00/0 : 15[83000] -> 16[2000] [receive] via NET/IB/0
c198-012:16940:16997 [0] NCCL INFO Channel 00/0 : 11[83000] -> 12[2000] [receive] via NET/IB/0
c198-031:29270:29329 [0] NCCL INFO Channel 00/0 : 23[83000] -> 24[2000] [receive] via NET/IB/0
c198-052:21191:21251 [0] NCCL INFO Channel 00/0 : 43[83000] -> 44[2000] [receive] via NET/IB/0
c198-072:23769:23826 [2] NCCL INFO Channel 00 : 62[82000] -> 63[83000] via direct shared memory
c198-072:23767:23827 [1] NCCL INFO Channel 00 : 61[3000] -> 62[82000] via direct shared memory
c198-011:19889:19941 [2] NCCL INFO Channel 00 : 10[82000] -> 11[83000] via direct shared memory
c198-041:10265:10316 [2] NCCL INFO Channel 00 : 34[82000] -> 35[83000] via direct shared memory
c198-021:28871:28924 [2] NCCL INFO Channel 00 : 18[82000] -> 19[83000] via direct shared memory
c198-031:29272:29324 [2] NCCL INFO Channel 00 : 26[82000] -> 27[83000] via direct shared memory
c198-072:23769:23826 [2] NCCL INFO Channel 01 : 62[82000] -> 63[83000] via direct shared memory
c198-012:16942:16996 [2] NCCL INFO Channel 00 : 14[82000] -> 15[83000] via direct shared memory
c198-011:19888:19945 [1] NCCL INFO Channel 00 : 9[3000] -> 10[82000] via direct shared memory
c198-041:10265:10316 [2] NCCL INFO Channel 01 : 34[82000] -> 35[83000] via direct shared memory
c198-021:28871:28924 [2] NCCL INFO Channel 01 : 18[82000] -> 19[83000] via direct shared memory
c198-031:29272:29324 [2] NCCL INFO Channel 01 : 26[82000] -> 27[83000] via direct shared memory
c198-072:23767:23827 [1] NCCL INFO Channel 01 : 61[3000] -> 62[82000] via direct shared memory
c198-011:19889:19941 [2] NCCL INFO Channel 01 : 10[82000] -> 11[83000] via direct shared memory
c198-071:30163:30216 [2] NCCL INFO Channel 00 : 58[82000] -> 59[83000] via direct shared memory
c198-022:25505:25564 [2] NCCL INFO Channel 00 : 22[82000] -> 23[83000] via direct shared memory
c198-011:19888:19945 [1] NCCL INFO Channel 01 : 9[3000] -> 10[82000] via direct shared memory
c198-022:25504:25558 [1] NCCL INFO Channel 00 : 21[3000] -> 22[82000] via direct shared memory
c198-022:25505:25564 [2] NCCL INFO Channel 01 : 22[82000] -> 23[83000] via direct shared memory
c198-071:30163:30216 [2] NCCL INFO Channel 01 : 58[82000] -> 59[83000] via direct shared memory
c198-061:13832:13888 [2] NCCL INFO Channel 00 : 50[82000] -> 51[83000] via direct shared memory
c198-022:25504:25558 [1] NCCL INFO Channel 01 : 21[3000] -> 22[82000] via direct shared memory
c198-042:12455:12512 [2] NCCL INFO Channel 00 : 38[82000] -> 39[83000] via direct shared memory
c198-012:16942:16996 [2] NCCL INFO Channel 01 : 14[82000] -> 15[83000] via direct shared memory
c198-021:28870:28926 [1] NCCL INFO Channel 00 : 17[3000] -> 18[82000] via direct shared memory
c198-042:12454:12507 [1] NCCL INFO Channel 00 : 37[3000] -> 38[82000] via direct shared memory
c198-032:23072:23130 [1] NCCL INFO Channel 00 : 29[3000] -> 30[82000] via direct shared memory
c198-061:13831:13884 [1] NCCL INFO Channel 00 : 49[3000] -> 50[82000] via direct shared memory
c198-052:21193:21247 [2] NCCL INFO Channel 00 : 46[82000] -> 47[83000] via direct shared memory
c198-012:16941:16999 [1] NCCL INFO Channel 00 : 13[3000] -> 14[82000] via direct shared memory
c198-071:30162:30222 [1] NCCL INFO Channel 00 : 57[3000] -> 58[82000] via direct shared memory
c198-021:28870:28926 [1] NCCL INFO Channel 01 : 17[3000] -> 18[82000] via direct shared memory
c198-042:12455:12512 [2] NCCL INFO Channel 01 : 38[82000] -> 39[83000] via direct shared memory
c198-032:23073:23124 [2] NCCL INFO Channel 00 : 30[82000] -> 31[83000] via direct shared memory
c198-061:13832:13888 [2] NCCL INFO Channel 01 : 50[82000] -> 51[83000] via direct shared memory
c198-071:30162:30222 [1] NCCL INFO Channel 01 : 57[3000] -> 58[82000] via direct shared memory
c198-042:12454:12507 [1] NCCL INFO Channel 01 : 37[3000] -> 38[82000] via direct shared memory
c198-032:23072:23130 [1] NCCL INFO Channel 01 : 29[3000] -> 30[82000] via direct shared memory
c198-061:13831:13884 [1] NCCL INFO Channel 01 : 49[3000] -> 50[82000] via direct shared memory
c198-032:23073:23124 [2] NCCL INFO Channel 01 : 30[82000] -> 31[83000] via direct shared memory
c198-012:16941:16999 [1] NCCL INFO Channel 01 : 13[3000] -> 14[82000] via direct shared memory
c198-062:32443:32496 [2] NCCL INFO Channel 00 : 54[82000] -> 55[83000] via direct shared memory
c198-062:32442:32500 [1] NCCL INFO Channel 00 : 53[3000] -> 54[82000] via direct shared memory
c198-062:32443:32496 [2] NCCL INFO Channel 01 : 54[82000] -> 55[83000] via direct shared memory
c198-041:10264:10322 [1] NCCL INFO Channel 00 : 33[3000] -> 34[82000] via direct shared memory
c198-052:21193:21247 [2] NCCL INFO Channel 01 : 46[82000] -> 47[83000] via direct shared memory
c198-051:23235:23288 [2] NCCL INFO Channel 00 : 42[82000] -> 43[83000] via direct shared memory
c198-062:32442:32500 [1] NCCL INFO Channel 01 : 53[3000] -> 54[82000] via direct shared memory
c198-041:10264:10322 [1] NCCL INFO Channel 01 : 33[3000] -> 34[82000] via direct shared memory
c198-051:23234:23291 [1] NCCL INFO Channel 00 : 41[3000] -> 42[82000] via direct shared memory
c196-051:11578:11636 [1] NCCL INFO Channel 00 : 5[3000] -> 6[82000] via direct shared memory
c196-042:26873:26933 [1] NCCL INFO Channel 00 : 1[3000] -> 2[82000] via direct shared memory
c198-051:23235:23288 [2] NCCL INFO Channel 01 : 42[82000] -> 43[83000] via direct shared memory
c196-051:11579:11637 [2] NCCL INFO Channel 00 : 6[82000] -> 7[83000] via direct shared memory
c196-042:26874:26929 [2] NCCL INFO Channel 00 : 2[82000] -> 3[83000] via direct shared memory
c198-052:21192:21249 [1] NCCL INFO Channel 00 : 45[3000] -> 46[82000] via direct shared memory
c198-051:23234:23291 [1] NCCL INFO Channel 01 : 41[3000] -> 42[82000] via direct shared memory
c198-031:29271:29327 [1] NCCL INFO Channel 00 : 25[3000] -> 26[82000] via direct shared memory
c196-051:11578:11636 [1] NCCL INFO Channel 01 : 5[3000] -> 6[82000] via direct shared memory
c196-042:26873:26933 [1] NCCL INFO Channel 01 : 1[3000] -> 2[82000] via direct shared memory
c198-031:29271:29327 [1] NCCL INFO Channel 01 : 25[3000] -> 26[82000] via direct shared memory
c196-051:11579:11637 [2] NCCL INFO Channel 01 : 6[82000] -> 7[83000] via direct shared memory
c196-042:26874:26929 [2] NCCL INFO Channel 01 : 2[82000] -> 3[83000] via direct shared memory
c198-052:21192:21249 [1] NCCL INFO Channel 01 : 45[3000] -> 46[82000] via direct shared memory
c198-072:23770:23823 [3] NCCL INFO Channel 00/0 : 63[83000] -> 0[2000] [send] via NET/IB/0
c198-011:19890:19942 [3] NCCL INFO Channel 00/0 : 11[83000] -> 12[2000] [send] via NET/IB/0
c198-071:30164:30218 [3] NCCL INFO Channel 00/0 : 59[83000] -> 60[2000] [send] via NET/IB/0
c198-042:12456:12510 [3] NCCL INFO Channel 00/0 : 39[83000] -> 40[2000] [send] via NET/IB/0
c198-031:29273:29325 [3] NCCL INFO Channel 00/0 : 27[83000] -> 28[2000] [send] via NET/IB/0
c198-041:10266:10318 [3] NCCL INFO Channel 00/0 : 35[83000] -> 36[2000] [send] via NET/IB/0
c198-022:25506:25563 [3] NCCL INFO Channel 00/0 : 23[83000] -> 24[2000] [send] via NET/IB/0
c198-021:28872:28922 [3] NCCL INFO Channel 00/0 : 19[83000] -> 20[2000] [send] via NET/IB/0
c198-061:13833:13889 [3] NCCL INFO Channel 00/0 : 51[83000] -> 52[2000] [send] via NET/IB/0
c198-012:16943:16994 [3] NCCL INFO Channel 00/0 : 15[83000] -> 16[2000] [send] via NET/IB/0
c198-052:21195:21245 [3] NCCL INFO Channel 00/0 : 47[83000] -> 48[2000] [send] via NET/IB/0
c198-062:32444:32494 [3] NCCL INFO Channel 00/0 : 55[83000] -> 56[2000] [send] via NET/IB/0
c198-032:23074:23126 [3] NCCL INFO Channel 00/0 : 31[83000] -> 32[2000] [send] via NET/IB/0
c198-051:23236:23287 [3] NCCL INFO Channel 00/0 : 43[83000] -> 44[2000] [send] via NET/IB/0
c196-051:11580:11634 [3] NCCL INFO Channel 00/0 : 7[83000] -> 8[2000] [send] via NET/IB/0
c196-042:26875:26931 [3] NCCL INFO Channel 00/0 : 3[83000] -> 4[2000] [send] via NET/IB/0
c198-051:23233:23292 [0] NCCL INFO Channel 01/0 : 39[83000] -> 40[2000] [receive] via NET/IB/0
c198-042:12453:12509 [0] NCCL INFO Channel 01/0 : 35[83000] -> 36[2000] [receive] via NET/IB/0
c198-072:23766:23821 [0] NCCL INFO Channel 01/0 : 59[83000] -> 60[2000] [receive] via NET/IB/0
c198-072:23766:23821 [0] NCCL INFO Channel 00 : 60[2000] -> 61[3000] via direct shared memory
c198-051:23233:23292 [0] NCCL INFO Channel 00 : 40[2000] -> 41[3000] via direct shared memory
c198-042:12453:12509 [0] NCCL INFO Channel 00 : 36[2000] -> 37[3000] via direct shared memory
c198-031:29270:29329 [0] NCCL INFO Channel 01/0 : 23[83000] -> 24[2000] [receive] via NET/IB/0
c198-071:30161:30220 [0] NCCL INFO Channel 01/0 : 55[83000] -> 56[2000] [receive] via NET/IB/0
c198-072:23766:23821 [0] NCCL INFO Channel 01 : 60[2000] -> 61[3000] via direct shared memory
c198-051:23233:23292 [0] NCCL INFO Channel 01 : 40[2000] -> 41[3000] via direct shared memory
c198-042:12453:12509 [0] NCCL INFO Channel 01 : 36[2000] -> 37[3000] via direct shared memory
c196-042:26872:26924 [0] NCCL INFO Channel 01/0 : 63[83000] -> 0[2000] [receive] via NET/IB/0
c198-011:19887:19946 [0] NCCL INFO Channel 01/0 : 7[83000] -> 8[2000] [receive] via NET/IB/0
c198-031:29270:29329 [0] NCCL INFO Channel 00 : 24[2000] -> 25[3000] via direct shared memory
c198-071:30161:30220 [0] NCCL INFO Channel 00 : 56[2000] -> 57[3000] via direct shared memory
c198-062:32441:32499 [0] NCCL INFO Channel 01/0 : 51[83000] -> 52[2000] [receive] via NET/IB/0
c198-012:16940:16997 [0] NCCL INFO Channel 01/0 : 11[83000] -> 12[2000] [receive] via NET/IB/0
c198-071:30161:30220 [0] NCCL INFO Channel 01 : 56[2000] -> 57[3000] via direct shared memory
c198-031:29270:29329 [0] NCCL INFO Channel 01 : 24[2000] -> 25[3000] via direct shared memory
c198-011:19887:19946 [0] NCCL INFO Channel 00 : 8[2000] -> 9[3000] via direct shared memory
c196-042:26872:26924 [0] NCCL INFO Channel 00 : 0[2000] -> 1[3000] via direct shared memory
c198-021:28869:28928 [0] NCCL INFO Channel 01/0 : 15[83000] -> 16[2000] [receive] via NET/IB/0
c198-062:32441:32499 [0] NCCL INFO Channel 00 : 52[2000] -> 53[3000] via direct shared memory
c196-051:11577:11631 [0] NCCL INFO Channel 01/0 : 3[83000] -> 4[2000] [receive] via NET/IB/0
c196-042:26872:26924 [0] NCCL INFO Channel 01 : 0[2000] -> 1[3000] via direct shared memory
c198-061:13830:13885 [0] NCCL INFO Channel 01/0 : 47[83000] -> 48[2000] [receive] via NET/IB/0
c198-012:16940:16997 [0] NCCL INFO Channel 00 : 12[2000] -> 13[3000] via direct shared memory
c198-011:19887:19946 [0] NCCL INFO Channel 01 : 8[2000] -> 9[3000] via direct shared memory
c198-041:10263:10321 [0] NCCL INFO Channel 01/0 : 31[83000] -> 32[2000] [receive] via NET/IB/0
c198-062:32441:32499 [0] NCCL INFO Channel 01 : 52[2000] -> 53[3000] via direct shared memory
c198-032:23071:23128 [0] NCCL INFO Channel 01/0 : 27[83000] -> 28[2000] [receive] via NET/IB/0
c198-012:16940:16997 [0] NCCL INFO Channel 01 : 12[2000] -> 13[3000] via direct shared memory
c198-022:25503:25560 [0] NCCL INFO Channel 01/0 : 19[83000] -> 20[2000] [receive] via NET/IB/0
c198-021:28869:28928 [0] NCCL INFO Channel 00 : 16[2000] -> 17[3000] via direct shared memory
c198-032:23071:23128 [0] NCCL INFO Channel 00 : 28[2000] -> 29[3000] via direct shared memory
c198-041:10263:10321 [0] NCCL INFO Channel 00 : 32[2000] -> 33[3000] via direct shared memory
c198-022:25503:25560 [0] NCCL INFO Channel 00 : 20[2000] -> 21[3000] via direct shared memory
c198-021:28869:28928 [0] NCCL INFO Channel 01 : 16[2000] -> 17[3000] via direct shared memory
c196-051:11577:11631 [0] NCCL INFO Channel 00 : 4[2000] -> 5[3000] via direct shared memory
c198-032:23071:23128 [0] NCCL INFO Channel 01 : 28[2000] -> 29[3000] via direct shared memory
