TACC:  Starting up job 6212733 
TACC:  Starting parallel tasks... 
# nThread 1 nGpus 1 minBytes 65536 maxBytes 268435456 step: 2(factor) warmup iters: 5 iters: 60 agg iters: 1 validation: 1 graph: 0
#
# Using devices
#  Rank  0 Group  0 Pid  19165 on   c197-081 device  0 [0x02] Quadro RTX 5000
#  Rank  1 Group  0 Pid  19166 on   c197-081 device  1 [0x03] Quadro RTX 5000
#  Rank  2 Group  0 Pid  19167 on   c197-081 device  2 [0x82] Quadro RTX 5000
#  Rank  3 Group  0 Pid  19168 on   c197-081 device  3 [0x83] Quadro RTX 5000
#  Rank  4 Group  0 Pid  24988 on   c197-082 device  0 [0x02] Quadro RTX 5000
#  Rank  5 Group  0 Pid  24989 on   c197-082 device  1 [0x03] Quadro RTX 5000
#  Rank  6 Group  0 Pid  24990 on   c197-082 device  2 [0x82] Quadro RTX 5000
#  Rank  7 Group  0 Pid  24991 on   c197-082 device  3 [0x83] Quadro RTX 5000
#  Rank  8 Group  0 Pid  12253 on   c197-091 device  0 [0x02] Quadro RTX 5000
#  Rank  9 Group  0 Pid  12254 on   c197-091 device  1 [0x03] Quadro RTX 5000
#  Rank 10 Group  0 Pid  12255 on   c197-091 device  2 [0x82] Quadro RTX 5000
#  Rank 11 Group  0 Pid  12256 on   c197-091 device  3 [0x83] Quadro RTX 5000
#  Rank 12 Group  0 Pid  23382 on   c197-092 device  0 [0x02] Quadro RTX 5000
#  Rank 13 Group  0 Pid  23383 on   c197-092 device  1 [0x03] Quadro RTX 5000
#  Rank 14 Group  0 Pid  23384 on   c197-092 device  2 [0x82] Quadro RTX 5000
#  Rank 15 Group  0 Pid  23385 on   c197-092 device  3 [0x83] Quadro RTX 5000
#  Rank 16 Group  0 Pid  27985 on   c197-101 device  0 [0x02] Quadro RTX 5000
#  Rank 17 Group  0 Pid  27986 on   c197-101 device  1 [0x03] Quadro RTX 5000
#  Rank 18 Group  0 Pid  27987 on   c197-101 device  2 [0x82] Quadro RTX 5000
#  Rank 19 Group  0 Pid  27988 on   c197-101 device  3 [0x83] Quadro RTX 5000
#  Rank 20 Group  0 Pid   5724 on   c197-102 device  0 [0x02] Quadro RTX 5000
#  Rank 21 Group  0 Pid   5725 on   c197-102 device  1 [0x03] Quadro RTX 5000
#  Rank 22 Group  0 Pid   5726 on   c197-102 device  2 [0x82] Quadro RTX 5000
#  Rank 23 Group  0 Pid   5727 on   c197-102 device  3 [0x83] Quadro RTX 5000
#  Rank 24 Group  0 Pid  16996 on   c197-111 device  0 [0x02] Quadro RTX 5000
#  Rank 25 Group  0 Pid  16997 on   c197-111 device  1 [0x03] Quadro RTX 5000
#  Rank 26 Group  0 Pid  16998 on   c197-111 device  2 [0x82] Quadro RTX 5000
#  Rank 27 Group  0 Pid  16999 on   c197-111 device  3 [0x83] Quadro RTX 5000
#  Rank 28 Group  0 Pid  28105 on   c197-112 device  0 [0x02] Quadro RTX 5000
#  Rank 29 Group  0 Pid  28106 on   c197-112 device  1 [0x03] Quadro RTX 5000
#  Rank 30 Group  0 Pid  28107 on   c197-112 device  2 [0x82] Quadro RTX 5000
#  Rank 31 Group  0 Pid  28108 on   c197-112 device  3 [0x83] Quadro RTX 5000
c197-081:19165:19165 [0] NCCL INFO Bootstrap : Using ib0:192.168.44.137<0>
c197-081:19165:19165 [0] NCCL INFO NET/Plugin : dlerror=libnccl-net.so: cannot open shared object file: No such file or directory No plugin found (libnccl-net.so), using internal implementation

c197-081:19165:19165 [0] misc/cudawrap.cc:211 NCCL WARN cuDriverGetVersion failed with 34
NCCL version 2.20.5+cuda11.3

c197-081:19167:19167 [2] misc/cudawrap.cc:211 NCCL WARN cuDriverGetVersion failed with 34
c197-081:19167:19167 [2] NCCL INFO Bootstrap : Using ib0:192.168.44.137<0>
c197-081:19167:19167 [2] NCCL INFO NET/Plugin : dlerror=libnccl-net.so: cannot open shared object file: No such file or directory No plugin found (libnccl-net.so), using internal implementation

c197-111:16998:16998 [2] misc/cudawrap.cc:211 NCCL WARN cuDriverGetVersion failed with 34

c197-111:16996:16996 [0] misc/cudawrap.cc:211 NCCL WARN cuDriverGetVersion failed with 34

c197-111:16999:16999 [3] misc/cudawrap.cc:211 NCCL WARN cuDriverGetVersion failed with 34

c197-081:19166:19166 [1] misc/cudawrap.cc:211 NCCL WARN cuDriverGetVersion failed with 34

c197-081:19168:19168 [3] misc/cudawrap.cc:211 NCCL WARN cuDriverGetVersion failed with 34

c197-112:28105:28105 [0] misc/cudawrap.cc:211 NCCL WARN cuDriverGetVersion failed with 34

c197-082:24988:24988 [0] misc/cudawrap.cc:211 NCCL WARN cuDriverGetVersion failed with 34

c197-112:28106:28106 [1] misc/cudawrap.cc:211 NCCL WARN cuDriverGetVersion failed with 34

c197-082:24989:24989 [1] misc/cudawrap.cc:211 NCCL WARN cuDriverGetVersion failed with 34

c197-112:28107:28107 [2] misc/cudawrap.cc:211 NCCL WARN cuDriverGetVersion failed with 34

c197-082:24990:24990 [2] misc/cudawrap.cc:211 NCCL WARN cuDriverGetVersion failed with 34

c197-112:28108:28108 [3] misc/cudawrap.cc:211 NCCL WARN cuDriverGetVersion failed with 34

c197-082:24991:24991 [3] misc/cudawrap.cc:211 NCCL WARN cuDriverGetVersion failed with 34
c197-081:19166:19166 [1] NCCL INFO Bootstrap : Using ib0:192.168.44.137<0>
c197-081:19166:19166 [1] NCCL INFO NET/Plugin : dlerror=libnccl-net.so: cannot open shared object file: No such file or directory No plugin found (libnccl-net.so), using internal implementation

c197-111:16997:16997 [1] misc/cudawrap.cc:211 NCCL WARN cuDriverGetVersion failed with 34
c197-081:19168:19168 [3] NCCL INFO Bootstrap : Using ib0:192.168.44.137<0>
c197-081:19168:19168 [3] NCCL INFO NET/Plugin : dlerror=libnccl-net.so: cannot open shared object file: No such file or directory No plugin found (libnccl-net.so), using internal implementation

c197-101:27987:27987 [2] misc/cudawrap.cc:211 NCCL WARN cuDriverGetVersion failed with 34

c197-091:12253:12253 [0] misc/cudawrap.cc:211 NCCL WARN cuDriverGetVersion failed with 34

c197-101:27988:27988 [3] misc/cudawrap.cc:211 NCCL WARN cuDriverGetVersion failed with 34

c197-091:12254:12254 [1] misc/cudawrap.cc:211 NCCL WARN cuDriverGetVersion failed with 34

c197-101:27985:27985 [0] misc/cudawrap.cc:211 NCCL WARN cuDriverGetVersion failed with 34

c197-091:12256:12256 [3] misc/cudawrap.cc:211 NCCL WARN cuDriverGetVersion failed with 34

c197-101:27986:27986 [1] misc/cudawrap.cc:211 NCCL WARN cuDriverGetVersion failed with 34

c197-091:12255:12255 [2] misc/cudawrap.cc:211 NCCL WARN cuDriverGetVersion failed with 34
c197-111:16996:16996 [0] NCCL INFO Bootstrap : Using ib0:192.168.44.143<0>
c197-111:16997:16997 [1] NCCL INFO Bootstrap : Using ib0:192.168.44.143<0>
c197-111:16998:16998 [2] NCCL INFO Bootstrap : Using ib0:192.168.44.143<0>
c197-111:16999:16999 [3] NCCL INFO Bootstrap : Using ib0:192.168.44.143<0>
c197-111:16996:16996 [0] NCCL INFO NET/Plugin : dlerror=libnccl-net.so: cannot open shared object file: No such file or directory No plugin found (libnccl-net.so), using internal implementation
c197-111:16997:16997 [1] NCCL INFO NET/Plugin : dlerror=libnccl-net.so: cannot open shared object file: No such file or directory No plugin found (libnccl-net.so), using internal implementation
c197-111:16998:16998 [2] NCCL INFO NET/Plugin : dlerror=libnccl-net.so: cannot open shared object file: No such file or directory No plugin found (libnccl-net.so), using internal implementation
c197-111:16999:16999 [3] NCCL INFO NET/Plugin : dlerror=libnccl-net.so: cannot open shared object file: No such file or directory No plugin found (libnccl-net.so), using internal implementation
c197-112:28105:28105 [0] NCCL INFO Bootstrap : Using ib0:192.168.44.144<0>
c197-082:24988:24988 [0] NCCL INFO Bootstrap : Using ib0:192.168.44.138<0>
c197-112:28106:28106 [1] NCCL INFO Bootstrap : Using ib0:192.168.44.144<0>
c197-082:24989:24989 [1] NCCL INFO Bootstrap : Using ib0:192.168.44.138<0>
c197-112:28107:28107 [2] NCCL INFO Bootstrap : Using ib0:192.168.44.144<0>
c197-082:24990:24990 [2] NCCL INFO Bootstrap : Using ib0:192.168.44.138<0>
c197-112:28108:28108 [3] NCCL INFO Bootstrap : Using ib0:192.168.44.144<0>
c197-082:24991:24991 [3] NCCL INFO Bootstrap : Using ib0:192.168.44.138<0>
c197-082:24990:24990 [2] NCCL INFO NET/Plugin : dlerror=libnccl-net.so: cannot open shared object file: No such file or directory No plugin found (libnccl-net.so), using internal implementation
c197-082:24991:24991 [3] NCCL INFO NET/Plugin : dlerror=libnccl-net.so: cannot open shared object file: No such file or directory No plugin found (libnccl-net.so), using internal implementation
c197-082:24989:24989 [1] NCCL INFO NET/Plugin : dlerror=libnccl-net.so: cannot open shared object file: No such file or directory No plugin found (libnccl-net.so), using internal implementation
c197-112:28107:28107 [2] NCCL INFO NET/Plugin : dlerror=libnccl-net.so: cannot open shared object file: No such file or directory No plugin found (libnccl-net.so), using internal implementation
c197-082:24988:24988 [0] NCCL INFO NET/Plugin : dlerror=libnccl-net.so: cannot open shared object file: No such file or directory No plugin found (libnccl-net.so), using internal implementation
c197-112:28108:28108 [3] NCCL INFO NET/Plugin : dlerror=libnccl-net.so: cannot open shared object file: No such file or directory No plugin found (libnccl-net.so), using internal implementation
c197-112:28105:28105 [0] NCCL INFO NET/Plugin : dlerror=libnccl-net.so: cannot open shared object file: No such file or directory No plugin found (libnccl-net.so), using internal implementation
c197-112:28106:28106 [1] NCCL INFO NET/Plugin : dlerror=libnccl-net.so: cannot open shared object file: No such file or directory No plugin found (libnccl-net.so), using internal implementation
c197-101:27985:27985 [0] NCCL INFO Bootstrap : Using ib0:192.168.44.141<0>
c197-101:27986:27986 [1] NCCL INFO Bootstrap : Using ib0:192.168.44.141<0>
c197-101:27987:27987 [2] NCCL INFO Bootstrap : Using ib0:192.168.44.141<0>
c197-101:27988:27988 [3] NCCL INFO Bootstrap : Using ib0:192.168.44.141<0>
c197-091:12253:12253 [0] NCCL INFO Bootstrap : Using ib0:192.168.44.139<0>

c197-092:23382:23382 [0] misc/cudawrap.cc:211 NCCL WARN cuDriverGetVersion failed with 34
c197-091:12254:12254 [1] NCCL INFO Bootstrap : Using ib0:192.168.44.139<0>

c197-092:23383:23383 [1] misc/cudawrap.cc:211 NCCL WARN cuDriverGetVersion failed with 34
c197-091:12255:12255 [2] NCCL INFO Bootstrap : Using ib0:192.168.44.139<0>

c197-092:23384:23384 [2] misc/cudawrap.cc:211 NCCL WARN cuDriverGetVersion failed with 34
c197-091:12256:12256 [3] NCCL INFO Bootstrap : Using ib0:192.168.44.139<0>

c197-092:23385:23385 [3] misc/cudawrap.cc:211 NCCL WARN cuDriverGetVersion failed with 34
c197-091:12253:12253 [0] NCCL INFO NET/Plugin : dlerror=libnccl-net.so: cannot open shared object file: No such file or directory No plugin found (libnccl-net.so), using internal implementation
c197-101:27985:27985 [0] NCCL INFO NET/Plugin : dlerror=libnccl-net.so: cannot open shared object file: No such file or directory No plugin found (libnccl-net.so), using internal implementation
c197-091:12254:12254 [1] NCCL INFO NET/Plugin : dlerror=libnccl-net.so: cannot open shared object file: No such file or directory No plugin found (libnccl-net.so), using internal implementation
c197-101:27986:27986 [1] NCCL INFO NET/Plugin : dlerror=libnccl-net.so: cannot open shared object file: No such file or directory No plugin found (libnccl-net.so), using internal implementation
c197-091:12255:12255 [2] NCCL INFO NET/Plugin : dlerror=libnccl-net.so: cannot open shared object file: No such file or directory No plugin found (libnccl-net.so), using internal implementation
c197-091:12256:12256 [3] NCCL INFO NET/Plugin : dlerror=libnccl-net.so: cannot open shared object file: No such file or directory No plugin found (libnccl-net.so), using internal implementation
c197-101:27987:27987 [2] NCCL INFO NET/Plugin : dlerror=libnccl-net.so: cannot open shared object file: No such file or directory No plugin found (libnccl-net.so), using internal implementation
c197-101:27988:27988 [3] NCCL INFO NET/Plugin : dlerror=libnccl-net.so: cannot open shared object file: No such file or directory No plugin found (libnccl-net.so), using internal implementation

c197-102:5724:5724 [0] misc/cudawrap.cc:211 NCCL WARN cuDriverGetVersion failed with 34

c197-102:5725:5725 [1] misc/cudawrap.cc:211 NCCL WARN cuDriverGetVersion failed with 34

c197-102:5726:5726 [2] misc/cudawrap.cc:211 NCCL WARN cuDriverGetVersion failed with 34

c197-102:5727:5727 [3] misc/cudawrap.cc:211 NCCL WARN cuDriverGetVersion failed with 34
c197-092:23382:23382 [0] NCCL INFO Bootstrap : Using ib0:192.168.44.140<0>
c197-092:23383:23383 [1] NCCL INFO Bootstrap : Using ib0:192.168.44.140<0>
c197-092:23384:23384 [2] NCCL INFO Bootstrap : Using ib0:192.168.44.140<0>
c197-092:23385:23385 [3] NCCL INFO Bootstrap : Using ib0:192.168.44.140<0>
c197-092:23384:23384 [2] NCCL INFO NET/Plugin : dlerror=libnccl-net.so: cannot open shared object file: No such file or directory No plugin found (libnccl-net.so), using internal implementation
c197-092:23385:23385 [3] NCCL INFO NET/Plugin : dlerror=libnccl-net.so: cannot open shared object file: No such file or directory No plugin found (libnccl-net.so), using internal implementation
c197-092:23382:23382 [0] NCCL INFO NET/Plugin : dlerror=libnccl-net.so: cannot open shared object file: No such file or directory No plugin found (libnccl-net.so), using internal implementation
c197-092:23383:23383 [1] NCCL INFO NET/Plugin : dlerror=libnccl-net.so: cannot open shared object file: No such file or directory No plugin found (libnccl-net.so), using internal implementation
c197-102:5724:5724 [0] NCCL INFO Bootstrap : Using ib0:192.168.44.142<0>
c197-102:5725:5725 [1] NCCL INFO Bootstrap : Using ib0:192.168.44.142<0>
c197-102:5726:5726 [2] NCCL INFO Bootstrap : Using ib0:192.168.44.142<0>
c197-102:5727:5727 [3] NCCL INFO Bootstrap : Using ib0:192.168.44.142<0>
c197-102:5724:5724 [0] NCCL INFO NET/Plugin : dlerror=libnccl-net.so: cannot open shared object file: No such file or directory No plugin found (libnccl-net.so), using internal implementation
c197-102:5725:5725 [1] NCCL INFO NET/Plugin : dlerror=libnccl-net.so: cannot open shared object file: No such file or directory No plugin found (libnccl-net.so), using internal implementation
c197-102:5726:5726 [2] NCCL INFO NET/Plugin : dlerror=libnccl-net.so: cannot open shared object file: No such file or directory No plugin found (libnccl-net.so), using internal implementation
c197-102:5727:5727 [3] NCCL INFO NET/Plugin : dlerror=libnccl-net.so: cannot open shared object file: No such file or directory No plugin found (libnccl-net.so), using internal implementation
c197-091:12255:12306 [2] NCCL INFO NET/IB : Using [0]mlx4_0:1/IB [RO]; OOB ib0:192.168.44.139<0>
c197-091:12256:12305 [3] NCCL INFO NET/IB : Using [0]mlx4_0:1/IB [RO]; OOB ib0:192.168.44.139<0>
c197-091:12254:12308 [1] NCCL INFO NET/IB : Using [0]mlx4_0:1/IB [RO]; OOB ib0:192.168.44.139<0>
c197-091:12253:12307 [0] NCCL INFO NET/IB : Using [0]mlx4_0:1/IB [RO]; OOB ib0:192.168.44.139<0>
c197-081:19168:19218 [3] NCCL INFO NET/IB : Using [0]mlx4_0:1/IB [RO]; OOB ib0:192.168.44.137<0>
c197-081:19165:19220 [0] NCCL INFO NET/IB : Using [0]mlx4_0:1/IB [RO]; OOB ib0:192.168.44.137<0>
c197-081:19165:19220 [0] NCCL INFO Using non-device net plugin version 0
c197-081:19165:19220 [0] NCCL INFO Using network IB
c197-081:19168:19218 [3] NCCL INFO Using non-device net plugin version 0
c197-081:19168:19218 [3] NCCL INFO Using network IB
c197-091:12253:12307 [0] NCCL INFO Using non-device net plugin version 0
c197-091:12253:12307 [0] NCCL INFO Using network IB
c197-091:12254:12308 [1] NCCL INFO Using non-device net plugin version 0
c197-091:12254:12308 [1] NCCL INFO Using network IB
c197-091:12255:12306 [2] NCCL INFO Using non-device net plugin version 0
c197-091:12255:12306 [2] NCCL INFO Using network IB
c197-091:12256:12305 [3] NCCL INFO Using non-device net plugin version 0
c197-091:12256:12305 [3] NCCL INFO Using network IB
c197-081:19166:19221 [1] NCCL INFO NET/IB : Using [0]mlx4_0:1/IB [RO]; OOB ib0:192.168.44.137<0>
c197-081:19166:19221 [1] NCCL INFO Using non-device net plugin version 0
c197-081:19166:19221 [1] NCCL INFO Using network IB
c197-081:19167:19219 [2] NCCL INFO NET/IB : Using [0]mlx4_0:1/IB [RO]; OOB ib0:192.168.44.137<0>
c197-081:19167:19219 [2] NCCL INFO Using non-device net plugin version 0
c197-081:19167:19219 [2] NCCL INFO Using network IB
c197-092:23385:23435 [3] NCCL INFO NET/IB : Using [0]mlx4_0:1/IB [RO]; OOB ib0:192.168.44.140<0>
c197-092:23382:23437 [0] NCCL INFO NET/IB : Using [0]mlx4_0:1/IB [RO]; OOB ib0:192.168.44.140<0>
c197-092:23383:23438 [1] NCCL INFO NET/IB : Using [0]mlx4_0:1/IB [RO]; OOB ib0:192.168.44.140<0>
c197-092:23384:23436 [2] NCCL INFO NET/IB : Using [0]mlx4_0:1/IB [RO]; OOB ib0:192.168.44.140<0>
c197-092:23382:23437 [0] NCCL INFO Using non-device net plugin version 0
c197-092:23382:23437 [0] NCCL INFO Using network IB
c197-092:23383:23438 [1] NCCL INFO Using non-device net plugin version 0
c197-092:23383:23438 [1] NCCL INFO Using network IB
c197-092:23384:23436 [2] NCCL INFO Using non-device net plugin version 0
c197-092:23384:23436 [2] NCCL INFO Using network IB
c197-092:23385:23435 [3] NCCL INFO Using non-device net plugin version 0
c197-092:23385:23435 [3] NCCL INFO Using network IB
c197-102:5727:5778 [3] NCCL INFO NET/IB : Using [0]mlx4_0:1/IB [RO]; OOB ib0:192.168.44.142<0>
c197-102:5726:5777 [2] NCCL INFO NET/IB : Using [0]mlx4_0:1/IB [RO]; OOB ib0:192.168.44.142<0>
c197-102:5724:5779 [0] NCCL INFO NET/IB : Using [0]mlx4_0:1/IB [RO]; OOB ib0:192.168.44.142<0>
c197-102:5725:5776 [1] NCCL INFO NET/IB : Using [0]mlx4_0:1/IB [RO]; OOB ib0:192.168.44.142<0>
c197-102:5726:5777 [2] NCCL INFO Using non-device net plugin version 0
c197-102:5726:5777 [2] NCCL INFO Using network IB
c197-102:5727:5778 [3] NCCL INFO Using non-device net plugin version 0
c197-102:5727:5778 [3] NCCL INFO Using network IB
c197-102:5724:5779 [0] NCCL INFO Using non-device net plugin version 0
c197-102:5724:5779 [0] NCCL INFO Using network IB
c197-102:5725:5776 [1] NCCL INFO Using non-device net plugin version 0
c197-102:5725:5776 [1] NCCL INFO Using network IB
c197-112:28107:28158 [2] NCCL INFO NET/IB : Using [0]mlx4_0:1/IB [RO]; OOB ib0:192.168.44.144<0>
c197-112:28108:28157 [3] NCCL INFO NET/IB : Using [0]mlx4_0:1/IB [RO]; OOB ib0:192.168.44.144<0>
c197-112:28105:28160 [0] NCCL INFO NET/IB : Using [0]mlx4_0:1/IB [RO]; OOB ib0:192.168.44.144<0>
c197-112:28106:28159 [1] NCCL INFO NET/IB : Using [0]mlx4_0:1/IB [RO]; OOB ib0:192.168.44.144<0>
c197-112:28105:28160 [0] NCCL INFO Using non-device net plugin version 0
c197-112:28105:28160 [0] NCCL INFO Using network IB
c197-112:28106:28159 [1] NCCL INFO Using non-device net plugin version 0
c197-112:28106:28159 [1] NCCL INFO Using network IB
c197-112:28107:28158 [2] NCCL INFO Using non-device net plugin version 0
c197-112:28107:28158 [2] NCCL INFO Using network IB
c197-112:28108:28157 [3] NCCL INFO Using non-device net plugin version 0
c197-112:28108:28157 [3] NCCL INFO Using network IB
c197-101:27987:28038 [2] NCCL INFO NET/IB : Using [0]mlx4_0:1/IB [RO]; OOB ib0:192.168.44.141<0>
c197-101:27985:28039 [0] NCCL INFO NET/IB : Using [0]mlx4_0:1/IB [RO]; OOB ib0:192.168.44.141<0>
c197-101:27986:28040 [1] NCCL INFO NET/IB : Using [0]mlx4_0:1/IB [RO]; OOB ib0:192.168.44.141<0>
c197-101:27988:28037 [3] NCCL INFO NET/IB : Using [0]mlx4_0:1/IB [RO]; OOB ib0:192.168.44.141<0>
c197-101:27985:28039 [0] NCCL INFO Using non-device net plugin version 0
c197-101:27985:28039 [0] NCCL INFO Using network IB
c197-101:27986:28040 [1] NCCL INFO Using non-device net plugin version 0
c197-101:27986:28040 [1] NCCL INFO Using network IB
c197-101:27987:28038 [2] NCCL INFO Using non-device net plugin version 0
c197-101:27987:28038 [2] NCCL INFO Using network IB
c197-101:27988:28037 [3] NCCL INFO Using non-device net plugin version 0
c197-101:27988:28037 [3] NCCL INFO Using network IB
c197-082:24989:25042 [1] NCCL INFO NET/IB : Using [0]mlx4_0:1/IB [RO]; OOB ib0:192.168.44.138<0>
c197-082:24988:25043 [0] NCCL INFO NET/IB : Using [0]mlx4_0:1/IB [RO]; OOB ib0:192.168.44.138<0>
c197-082:24991:25041 [3] NCCL INFO NET/IB : Using [0]mlx4_0:1/IB [RO]; OOB ib0:192.168.44.138<0>
c197-082:24990:25040 [2] NCCL INFO NET/IB : Using [0]mlx4_0:1/IB [RO]; OOB ib0:192.168.44.138<0>
c197-082:24988:25043 [0] NCCL INFO Using non-device net plugin version 0
c197-082:24988:25043 [0] NCCL INFO Using network IB
c197-082:24989:25042 [1] NCCL INFO Using non-device net plugin version 0
c197-082:24989:25042 [1] NCCL INFO Using network IB
c197-082:24990:25040 [2] NCCL INFO Using non-device net plugin version 0
c197-082:24990:25040 [2] NCCL INFO Using network IB
c197-082:24991:25041 [3] NCCL INFO Using non-device net plugin version 0
c197-082:24991:25041 [3] NCCL INFO Using network IB
c197-111:16999:17049 [3] NCCL INFO NET/IB : Using [0]mlx4_0:1/IB [RO]; OOB ib0:192.168.44.143<0>
c197-111:16997:17050 [1] NCCL INFO NET/IB : Using [0]mlx4_0:1/IB [RO]; OOB ib0:192.168.44.143<0>
c197-111:16998:17048 [2] NCCL INFO NET/IB : Using [0]mlx4_0:1/IB [RO]; OOB ib0:192.168.44.143<0>
c197-111:16996:17051 [0] NCCL INFO NET/IB : Using [0]mlx4_0:1/IB [RO]; OOB ib0:192.168.44.143<0>
c197-111:16996:17051 [0] NCCL INFO Using non-device net plugin version 0
c197-111:16996:17051 [0] NCCL INFO Using network IB
c197-111:16998:17048 [2] NCCL INFO Using non-device net plugin version 0
c197-111:16998:17048 [2] NCCL INFO Using network IB
c197-111:16999:17049 [3] NCCL INFO Using non-device net plugin version 0
c197-111:16999:17049 [3] NCCL INFO Using network IB
c197-111:16997:17050 [1] NCCL INFO Using non-device net plugin version 0
c197-111:16997:17050 [1] NCCL INFO Using network IB
c197-081:19165:19220 [0] NCCL INFO comm 0x57147b0 rank 0 nranks 32 cudaDev 0 nvmlDev 0 busId 2000 commId 0xd44c6257e671e026 - Init START
c197-081:19166:19221 [1] NCCL INFO comm 0x4574350 rank 1 nranks 32 cudaDev 1 nvmlDev 1 busId 3000 commId 0xd44c6257e671e026 - Init START
c197-081:19167:19219 [2] NCCL INFO comm 0x44d91f0 rank 2 nranks 32 cudaDev 2 nvmlDev 2 busId 82000 commId 0xd44c6257e671e026 - Init START
c197-081:19168:19218 [3] NCCL INFO comm 0x5ebe400 rank 3 nranks 32 cudaDev 3 nvmlDev 3 busId 83000 commId 0xd44c6257e671e026 - Init START
c197-111:16996:17051 [0] NCCL INFO comm 0x5ed4800 rank 24 nranks 32 cudaDev 0 nvmlDev 0 busId 2000 commId 0xd44c6257e671e026 - Init START
c197-102:5726:5777 [2] NCCL INFO comm 0x5bd1210 rank 22 nranks 32 cudaDev 2 nvmlDev 2 busId 82000 commId 0xd44c6257e671e026 - Init START
c197-082:24988:25043 [0] NCCL INFO comm 0x4e9eaf0 rank 4 nranks 32 cudaDev 0 nvmlDev 0 busId 2000 commId 0xd44c6257e671e026 - Init START
c197-092:23383:23438 [1] NCCL INFO comm 0x4e11120 rank 13 nranks 32 cudaDev 1 nvmlDev 1 busId 3000 commId 0xd44c6257e671e026 - Init START
c197-111:16997:17050 [1] NCCL INFO comm 0x541b320 rank 25 nranks 32 cudaDev 1 nvmlDev 1 busId 3000 commId 0xd44c6257e671e026 - Init START
c197-091:12253:12307 [0] NCCL INFO comm 0x568aab0 rank 8 nranks 32 cudaDev 0 nvmlDev 0 busId 2000 commId 0xd44c6257e671e026 - Init START
c197-102:5727:5778 [3] NCCL INFO comm 0x6261290 rank 23 nranks 32 cudaDev 3 nvmlDev 3 busId 83000 commId 0xd44c6257e671e026 - Init START
c197-112:28105:28160 [0] NCCL INFO comm 0x6003bf0 rank 28 nranks 32 cudaDev 0 nvmlDev 0 busId 2000 commId 0xd44c6257e671e026 - Init START
c197-082:24989:25042 [1] NCCL INFO comm 0x491c220 rank 5 nranks 32 cudaDev 1 nvmlDev 1 busId 3000 commId 0xd44c6257e671e026 - Init START
c197-092:23384:23436 [2] NCCL INFO comm 0x5c6d2d0 rank 14 nranks 32 cudaDev 2 nvmlDev 2 busId 82000 commId 0xd44c6257e671e026 - Init START
c197-111:16998:17048 [2] NCCL INFO comm 0x45c6220 rank 26 nranks 32 cudaDev 2 nvmlDev 2 busId 82000 commId 0xd44c6257e671e026 - Init START
c197-091:12254:12308 [1] NCCL INFO comm 0x430f1b0 rank 9 nranks 32 cudaDev 1 nvmlDev 1 busId 3000 commId 0xd44c6257e671e026 - Init START
c197-102:5724:5779 [0] NCCL INFO comm 0x4e1dab0 rank 20 nranks 32 cudaDev 0 nvmlDev 0 busId 2000 commId 0xd44c6257e671e026 - Init START
c197-101:27985:28039 [0] NCCL INFO comm 0x583f990 rank 16 nranks 32 cudaDev 0 nvmlDev 0 busId 2000 commId 0xd44c6257e671e026 - Init START
c197-112:28106:28159 [1] NCCL INFO comm 0x512d2e0 rank 29 nranks 32 cudaDev 1 nvmlDev 1 busId 3000 commId 0xd44c6257e671e026 - Init START
c197-082:24990:25040 [2] NCCL INFO comm 0x61ed330 rank 6 nranks 32 cudaDev 2 nvmlDev 2 busId 82000 commId 0xd44c6257e671e026 - Init START
c197-092:23385:23435 [3] NCCL INFO comm 0x4eef0e0 rank 15 nranks 32 cudaDev 3 nvmlDev 3 busId 83000 commId 0xd44c6257e671e026 - Init START
c197-111:16999:17049 [3] NCCL INFO comm 0x4f333e0 rank 27 nranks 32 cudaDev 3 nvmlDev 3 busId 83000 commId 0xd44c6257e671e026 - Init START
c197-091:12255:12306 [2] NCCL INFO comm 0x4442180 rank 10 nranks 32 cudaDev 2 nvmlDev 2 busId 82000 commId 0xd44c6257e671e026 - Init START
c197-102:5725:5776 [1] NCCL INFO comm 0x53761e0 rank 21 nranks 32 cudaDev 1 nvmlDev 1 busId 3000 commId 0xd44c6257e671e026 - Init START
c197-101:27986:28040 [1] NCCL INFO comm 0x5c4f3b0 rank 17 nranks 32 cudaDev 1 nvmlDev 1 busId 3000 commId 0xd44c6257e671e026 - Init START
c197-112:28107:28158 [2] NCCL INFO comm 0x5b512e0 rank 30 nranks 32 cudaDev 2 nvmlDev 2 busId 82000 commId 0xd44c6257e671e026 - Init START
c197-082:24991:25041 [3] NCCL INFO comm 0x616e2a0 rank 7 nranks 32 cudaDev 3 nvmlDev 3 busId 83000 commId 0xd44c6257e671e026 - Init START
c197-092:23382:23437 [0] NCCL INFO comm 0x49eaa80 rank 12 nranks 32 cudaDev 0 nvmlDev 0 busId 2000 commId 0xd44c6257e671e026 - Init START
c197-091:12256:12305 [3] NCCL INFO comm 0x5d172c0 rank 11 nranks 32 cudaDev 3 nvmlDev 3 busId 83000 commId 0xd44c6257e671e026 - Init START
c197-101:27987:28038 [2] NCCL INFO comm 0x43481f0 rank 18 nranks 32 cudaDev 2 nvmlDev 2 busId 82000 commId 0xd44c6257e671e026 - Init START
c197-112:28108:28157 [3] NCCL INFO comm 0x54de210 rank 31 nranks 32 cudaDev 3 nvmlDev 3 busId 83000 commId 0xd44c6257e671e026 - Init START
c197-101:27988:28037 [3] NCCL INFO comm 0x4cfc170 rank 19 nranks 32 cudaDev 3 nvmlDev 3 busId 83000 commId 0xd44c6257e671e026 - Init START
c197-081:19167:19219 [2] NCCL INFO Setting affinity for GPU 2 to 0f000f00
c197-102:5724:5779 [0] NCCL INFO Setting affinity for GPU 0 to 0f000f
c197-101:27985:28039 [0] NCCL INFO Setting affinity for GPU 0 to 0f000f
c197-082:24988:25043 [0] NCCL INFO Setting affinity for GPU 0 to 0f000f
c197-092:23382:23437 [0] NCCL INFO Setting affinity for GPU 0 to 0f000f
c197-081:19165:19220 [0] NCCL INFO Setting affinity for GPU 0 to 0f000f
c197-102:5725:5776 [1] NCCL INFO Setting affinity for GPU 1 to f000f0
c197-101:27986:28040 [1] NCCL INFO Setting affinity for GPU 1 to f000f0
c197-112:28105:28160 [0] NCCL INFO Setting affinity for GPU 0 to 0f000f
c197-082:24989:25042 [1] NCCL INFO Setting affinity for GPU 1 to f000f0
c197-092:23383:23438 [1] NCCL INFO Setting affinity for GPU 1 to f000f0
c197-081:19166:19221 [1] NCCL INFO Setting affinity for GPU 1 to f000f0
c197-111:16996:17051 [0] NCCL INFO Setting affinity for GPU 0 to 0f000f
c197-091:12253:12307 [0] NCCL INFO Setting affinity for GPU 0 to 0f000f
c197-102:5726:5777 [2] NCCL INFO Setting affinity for GPU 2 to 0f000f00
c197-101:27987:28038 [2] NCCL INFO Setting affinity for GPU 2 to 0f000f00
c197-112:28106:28159 [1] NCCL INFO Setting affinity for GPU 1 to f000f0
c197-082:24990:25040 [2] NCCL INFO Setting affinity for GPU 2 to 0f000f00
c197-092:23385:23435 [3] NCCL INFO Setting affinity for GPU 3 to f000f000
c197-081:19168:19218 [3] NCCL INFO Setting affinity for GPU 3 to f000f000
c197-111:16997:17050 [1] NCCL INFO Setting affinity for GPU 1 to f000f0
c197-091:12254:12308 [1] NCCL INFO Setting affinity for GPU 1 to f000f0
c197-102:5727:5778 [3] NCCL INFO Setting affinity for GPU 3 to f000f000
c197-101:27988:28037 [3] NCCL INFO Setting affinity for GPU 3 to f000f000
c197-112:28107:28158 [2] NCCL INFO Setting affinity for GPU 2 to 0f000f00
c197-082:24991:25041 [3] NCCL INFO Setting affinity for GPU 3 to f000f000
c197-092:23384:23436 [2] NCCL INFO Setting affinity for GPU 2 to 0f000f00
c197-111:16998:17048 [2] NCCL INFO Setting affinity for GPU 2 to 0f000f00
c197-091:12255:12306 [2] NCCL INFO Setting affinity for GPU 2 to 0f000f00
c197-112:28108:28157 [3] NCCL INFO Setting affinity for GPU 3 to f000f000
c197-111:16999:17049 [3] NCCL INFO Setting affinity for GPU 3 to f000f000
c197-091:12256:12305 [3] NCCL INFO Setting affinity for GPU 3 to f000f000
c197-081:19168:19218 [3] NCCL INFO comm 0x5ebe400 rank 3 nRanks 32 nNodes 8 localRanks 4 localRank 3 MNNVL 0
c197-082:24990:25040 [2] NCCL INFO comm 0x61ed330 rank 6 nRanks 32 nNodes 8 localRanks 4 localRank 2 MNNVL 0
c197-081:19167:19219 [2] NCCL INFO comm 0x44d91f0 rank 2 nRanks 32 nNodes 8 localRanks 4 localRank 2 MNNVL 0
c197-082:24991:25041 [3] NCCL INFO comm 0x616e2a0 rank 7 nRanks 32 nNodes 8 localRanks 4 localRank 3 MNNVL 0
c197-081:19166:19221 [1] NCCL INFO comm 0x4574350 rank 1 nRanks 32 nNodes 8 localRanks 4 localRank 1 MNNVL 0
c197-082:24988:25043 [0] NCCL INFO comm 0x4e9eaf0 rank 4 nRanks 32 nNodes 8 localRanks 4 localRank 0 MNNVL 0
c197-081:19165:19220 [0] NCCL INFO comm 0x57147b0 rank 0 nRanks 32 nNodes 8 localRanks 4 localRank 0 MNNVL 0
c197-112:28106:28159 [1] NCCL INFO comm 0x512d2e0 rank 29 nRanks 32 nNodes 8 localRanks 4 localRank 1 MNNVL 0
c197-082:24989:25042 [1] NCCL INFO comm 0x491c220 rank 5 nRanks 32 nNodes 8 localRanks 4 localRank 1 MNNVL 0
c197-111:16999:17049 [3] NCCL INFO comm 0x4f333e0 rank 27 nRanks 32 nNodes 8 localRanks 4 localRank 3 MNNVL 0
c197-112:28107:28158 [2] NCCL INFO comm 0x5b512e0 rank 30 nRanks 32 nNodes 8 localRanks 4 localRank 2 MNNVL 0
c197-111:16998:17048 [2] NCCL INFO comm 0x45c6220 rank 26 nRanks 32 nNodes 8 localRanks 4 localRank 2 MNNVL 0
c197-101:27985:28039 [0] NCCL INFO comm 0x583f990 rank 16 nRanks 32 nNodes 8 localRanks 4 localRank 0 MNNVL 0
c197-112:28108:28157 [3] NCCL INFO comm 0x54de210 rank 31 nRanks 32 nNodes 8 localRanks 4 localRank 3 MNNVL 0
c197-111:16996:17051 [0] NCCL INFO comm 0x5ed4800 rank 24 nRanks 32 nNodes 8 localRanks 4 localRank 0 MNNVL 0
c197-091:12253:12307 [0] NCCL INFO comm 0x568aab0 rank 8 nRanks 32 nNodes 8 localRanks 4 localRank 0 MNNVL 0
c197-102:5724:5779 [0] NCCL INFO comm 0x4e1dab0 rank 20 nRanks 32 nNodes 8 localRanks 4 localRank 0 MNNVL 0
c197-101:27988:28037 [3] NCCL INFO comm 0x4cfc170 rank 19 nRanks 32 nNodes 8 localRanks 4 localRank 3 MNNVL 0
c197-112:28105:28160 [0] NCCL INFO comm 0x6003bf0 rank 28 nRanks 32 nNodes 8 localRanks 4 localRank 0 MNNVL 0
c197-092:23384:23436 [2] NCCL INFO comm 0x5c6d2d0 rank 14 nRanks 32 nNodes 8 localRanks 4 localRank 2 MNNVL 0
c197-111:16997:17050 [1] NCCL INFO comm 0x541b320 rank 25 nRanks 32 nNodes 8 localRanks 4 localRank 1 MNNVL 0
c197-091:12254:12308 [1] NCCL INFO comm 0x430f1b0 rank 9 nRanks 32 nNodes 8 localRanks 4 localRank 1 MNNVL 0
c197-102:5725:5776 [1] NCCL INFO comm 0x53761e0 rank 21 nRanks 32 nNodes 8 localRanks 4 localRank 1 MNNVL 0
c197-101:27986:28040 [1] NCCL INFO comm 0x5c4f3b0 rank 17 nRanks 32 nNodes 8 localRanks 4 localRank 1 MNNVL 0
c197-092:23385:23435 [3] NCCL INFO comm 0x4eef0e0 rank 15 nRanks 32 nNodes 8 localRanks 4 localRank 3 MNNVL 0
c197-091:12255:12306 [2] NCCL INFO comm 0x4442180 rank 10 nRanks 32 nNodes 8 localRanks 4 localRank 2 MNNVL 0
c197-102:5726:5777 [2] NCCL INFO comm 0x5bd1210 rank 22 nRanks 32 nNodes 8 localRanks 4 localRank 2 MNNVL 0
c197-101:27987:28038 [2] NCCL INFO comm 0x43481f0 rank 18 nRanks 32 nNodes 8 localRanks 4 localRank 2 MNNVL 0
c197-092:23382:23437 [0] NCCL INFO comm 0x49eaa80 rank 12 nRanks 32 nNodes 8 localRanks 4 localRank 0 MNNVL 0
c197-091:12256:12305 [3] NCCL INFO comm 0x5d172c0 rank 11 nRanks 32 nNodes 8 localRanks 4 localRank 3 MNNVL 0
c197-102:5727:5778 [3] NCCL INFO comm 0x6261290 rank 23 nRanks 32 nNodes 8 localRanks 4 localRank 3 MNNVL 0
c197-092:23383:23438 [1] NCCL INFO comm 0x4e11120 rank 13 nRanks 32 nNodes 8 localRanks 4 localRank 1 MNNVL 0
c197-081:19165:19220 [0] NCCL INFO Channel 00/02 :    0   1   2   3   4   5   6   7   8   9  10  11  12  13  14  15  16  17  18  19
c197-081:19165:19220 [0] NCCL INFO Channel 01/02 :    0   1   2   3   4   5   6   7   8   9  10  11  12  13  14  15  16  17  18  19
c197-081:19165:19220 [0] NCCL INFO Trees [0] 1/16/-1->0->-1 [1] 1/-1/-1->0->4
c197-081:19165:19220 [0] NCCL INFO P2P Chunksize set to 131072
c197-081:19166:19221 [1] NCCL INFO Trees [0] 2/-1/-1->1->0 [1] 2/-1/-1->1->0
c197-081:19166:19221 [1] NCCL INFO P2P Chunksize set to 131072
c197-111:16996:17051 [0] NCCL INFO Trees [0] 25/28/-1->24->16 [1] 25/-1/-1->24->21
c197-111:16996:17051 [0] NCCL INFO P2P Chunksize set to 131072
c197-112:28105:28160 [0] NCCL INFO Trees [0] 29/-1/-1->28->24 [1] 29/12/-1->28->-1
c197-112:28105:28160 [0] NCCL INFO P2P Chunksize set to 131072
c197-082:24988:25043 [0] NCCL INFO Trees [0] 5/-1/-1->4->9 [1] 5/0/-1->4->12
c197-082:24988:25043 [0] NCCL INFO P2P Chunksize set to 131072
c197-081:19167:19219 [2] NCCL INFO Trees [0] 3/-1/-1->2->1 [1] 3/-1/-1->2->1
c197-081:19167:19219 [2] NCCL INFO P2P Chunksize set to 131072
c197-111:16997:17050 [1] NCCL INFO Trees [0] 26/20/-1->25->24 [1] 26/-1/-1->25->24
c197-111:16997:17050 [1] NCCL INFO P2P Chunksize set to 131072
c197-102:5724:5779 [0] NCCL INFO Trees [0] 21/-1/-1->20->25 [1] 21/16/-1->20->13
c197-102:5724:5779 [0] NCCL INFO P2P Chunksize set to 131072
c197-101:27985:28039 [0] NCCL INFO Trees [0] 17/24/-1->16->0 [1] 17/-1/-1->16->20
c197-101:27985:28039 [0] NCCL INFO P2P Chunksize set to 131072
c197-112:28106:28159 [1] NCCL INFO Trees [0] 30/-1/-1->29->28 [1] 30/-1/-1->29->28
c197-112:28106:28159 [1] NCCL INFO P2P Chunksize set to 131072
c197-082:24989:25042 [1] NCCL INFO Trees [0] 6/-1/-1->5->4 [1] 6/8/-1->5->4
c197-082:24989:25042 [1] NCCL INFO P2P Chunksize set to 131072
c197-092:23383:23438 [1] NCCL INFO Trees [0] 14/-1/-1->13->12 [1] 14/20/-1->13->12
c197-092:23383:23438 [1] NCCL INFO P2P Chunksize set to 131072
c197-081:19168:19218 [3] NCCL INFO Trees [0] -1/-1/-1->3->2 [1] -1/-1/-1->3->2
c197-081:19168:19218 [3] NCCL INFO P2P Chunksize set to 131072
c197-111:16998:17048 [2] NCCL INFO Trees [0] 27/-1/-1->26->25 [1] 27/-1/-1->26->25
c197-111:16998:17048 [2] NCCL INFO P2P Chunksize set to 131072
c197-102:5726:5777 [2] NCCL INFO Trees [0] 23/-1/-1->22->21 [1] 23/-1/-1->22->21
c197-102:5726:5777 [2] NCCL INFO P2P Chunksize set to 131072
c197-101:27986:28040 [1] NCCL INFO Trees [0] 18/8/-1->17->16 [1] 18/-1/-1->17->16
c197-101:27986:28040 [1] NCCL INFO P2P Chunksize set to 131072
c197-112:28107:28158 [2] NCCL INFO Trees [0] 31/-1/-1->30->29 [1] 31/-1/-1->30->29
c197-112:28107:28158 [2] NCCL INFO P2P Chunksize set to 131072
c197-082:24990:25040 [2] NCCL INFO Trees [0] 7/-1/-1->6->5 [1] 7/-1/-1->6->5
c197-092:23385:23435 [3] NCCL INFO Trees [0] -1/-1/-1->15->14 [1] -1/-1/-1->15->14
c197-092:23385:23435 [3] NCCL INFO P2P Chunksize set to 131072
c197-111:16999:17049 [3] NCCL INFO Trees [0] -1/-1/-1->27->26 [1] -1/-1/-1->27->26
c197-111:16999:17049 [3] NCCL INFO P2P Chunksize set to 131072
c197-102:5727:5778 [3] NCCL INFO Trees [0] -1/-1/-1->23->22 [1] -1/-1/-1->23->22
c197-102:5727:5778 [3] NCCL INFO P2P Chunksize set to 131072
c197-101:27987:28038 [2] NCCL INFO Trees [0] 19/-1/-1->18->17 [1] 19/-1/-1->18->17
c197-101:27987:28038 [2] NCCL INFO P2P Chunksize set to 131072
c197-112:28108:28157 [3] NCCL INFO Trees [0] -1/-1/-1->31->30 [1] -1/-1/-1->31->30
c197-112:28108:28157 [3] NCCL INFO P2P Chunksize set to 131072
c197-082:24990:25040 [2] NCCL INFO P2P Chunksize set to 131072
c197-092:23382:23437 [0] NCCL INFO Trees [0] 13/-1/-1->12->8 [1] 13/4/-1->12->28
c197-092:23382:23437 [0] NCCL INFO P2P Chunksize set to 131072
c197-102:5725:5776 [1] NCCL INFO Trees [0] 22/-1/-1->21->20 [1] 22/24/-1->21->20
c197-102:5725:5776 [1] NCCL INFO P2P Chunksize set to 131072
c197-101:27988:28037 [3] NCCL INFO Trees [0] -1/-1/-1->19->18 [1] -1/-1/-1->19->18
c197-082:24991:25041 [3] NCCL INFO Trees [0] -1/-1/-1->7->6 [1] -1/-1/-1->7->6
c197-092:23384:23436 [2] NCCL INFO Trees [0] 15/-1/-1->14->13 [1] 15/-1/-1->14->13
c197-092:23384:23436 [2] NCCL INFO P2P Chunksize set to 131072
c197-101:27988:28037 [3] NCCL INFO P2P Chunksize set to 131072
c197-082:24991:25041 [3] NCCL INFO P2P Chunksize set to 131072
c197-091:12253:12307 [0] NCCL INFO Trees [0] 9/12/-1->8->17 [1] 9/-1/-1->8->5
c197-091:12253:12307 [0] NCCL INFO P2P Chunksize set to 131072
c197-091:12254:12308 [1] NCCL INFO Trees [0] 10/4/-1->9->8 [1] 10/-1/-1->9->8
c197-091:12254:12308 [1] NCCL INFO P2P Chunksize set to 131072
c197-091:12255:12306 [2] NCCL INFO Trees [0] 11/-1/-1->10->9 [1] 11/-1/-1->10->9
c197-091:12255:12306 [2] NCCL INFO P2P Chunksize set to 131072
c197-091:12256:12305 [3] NCCL INFO Trees [0] -1/-1/-1->11->10 [1] -1/-1/-1->11->10
c197-091:12256:12305 [3] NCCL INFO P2P Chunksize set to 131072
c197-102:5725:5776 [1] NCCL INFO Channel 00 : 21[1] -> 22[2] via SHM/direct/direct
c197-111:16997:17050 [1] NCCL INFO Channel 00 : 25[1] -> 26[2] via SHM/direct/direct
c197-102:5725:5776 [1] NCCL INFO Channel 01 : 21[1] -> 22[2] via SHM/direct/direct
c197-081:19166:19221 [1] NCCL INFO Channel 00 : 1[1] -> 2[2] via SHM/direct/direct
c197-111:16997:17050 [1] NCCL INFO Channel 01 : 25[1] -> 26[2] via SHM/direct/direct
c197-102:5726:5777 [2] NCCL INFO Channel 00 : 22[2] -> 23[3] via SHM/direct/direct
c197-081:19167:19219 [2] NCCL INFO Channel 00 : 2[2] -> 3[3] via SHM/direct/direct
c197-102:5726:5777 [2] NCCL INFO Channel 01 : 22[2] -> 23[3] via SHM/direct/direct
c197-082:24989:25042 [1] NCCL INFO Channel 00 : 5[1] -> 6[2] via SHM/direct/direct
c197-081:19166:19221 [1] NCCL INFO Channel 01 : 1[1] -> 2[2] via SHM/direct/direct
c197-101:27986:28040 [1] NCCL INFO Channel 00 : 17[1] -> 18[2] via SHM/direct/direct
c197-081:19167:19219 [2] NCCL INFO Channel 01 : 2[2] -> 3[3] via SHM/direct/direct
c197-092:23383:23438 [1] NCCL INFO Channel 00 : 13[1] -> 14[2] via SHM/direct/direct
c197-082:24989:25042 [1] NCCL INFO Channel 01 : 5[1] -> 6[2] via SHM/direct/direct
c197-092:23384:23436 [2] NCCL INFO Channel 00 : 14[2] -> 15[3] via SHM/direct/direct
c197-101:27986:28040 [1] NCCL INFO Channel 01 : 17[1] -> 18[2] via SHM/direct/direct
c197-112:28106:28159 [1] NCCL INFO Channel 00 : 29[1] -> 30[2] via SHM/direct/direct
c197-082:24990:25040 [2] NCCL INFO Channel 00 : 6[2] -> 7[3] via SHM/direct/direct
c197-082:24990:25040 [2] NCCL INFO Channel 01 : 6[2] -> 7[3] via SHM/direct/direct
c197-111:16998:17048 [2] NCCL INFO Channel 00 : 26[2] -> 27[3] via SHM/direct/direct
c197-112:28106:28159 [1] NCCL INFO Channel 01 : 29[1] -> 30[2] via SHM/direct/direct
c197-092:23383:23438 [1] NCCL INFO Channel 01 : 13[1] -> 14[2] via SHM/direct/direct
c197-101:27987:28038 [2] NCCL INFO Channel 00 : 18[2] -> 19[3] via SHM/direct/direct
c197-092:23384:23436 [2] NCCL INFO Channel 01 : 14[2] -> 15[3] via SHM/direct/direct
c197-112:28107:28158 [2] NCCL INFO Channel 00 : 30[2] -> 31[3] via SHM/direct/direct
c197-111:16998:17048 [2] NCCL INFO Channel 01 : 26[2] -> 27[3] via SHM/direct/direct
c197-101:27987:28038 [2] NCCL INFO Channel 01 : 18[2] -> 19[3] via SHM/direct/direct
c197-112:28107:28158 [2] NCCL INFO Channel 01 : 30[2] -> 31[3] via SHM/direct/direct
c197-112:28105:28160 [0] NCCL INFO Channel 00/0 : 27[3] -> 28[0] [receive] via NET/IB/0
c197-101:27985:28039 [0] NCCL INFO Channel 00/0 : 15[3] -> 16[0] [receive] via NET/IB/0
c197-112:28105:28160 [0] NCCL INFO Channel 01/0 : 27[3] -> 28[0] [receive] via NET/IB/0
c197-082:24988:25043 [0] NCCL INFO Channel 00/0 : 3[3] -> 4[0] [receive] via NET/IB/0
c197-101:27985:28039 [0] NCCL INFO Channel 01/0 : 15[3] -> 16[0] [receive] via NET/IB/0
c197-092:23382:23437 [0] NCCL INFO Channel 00/0 : 11[3] -> 12[0] [receive] via NET/IB/0
c197-111:16996:17051 [0] NCCL INFO Channel 00/0 : 23[3] -> 24[0] [receive] via NET/IB/0
c197-102:5724:5779 [0] NCCL INFO Channel 00/0 : 19[3] -> 20[0] [receive] via NET/IB/0
c197-082:24988:25043 [0] NCCL INFO Channel 01/0 : 3[3] -> 4[0] [receive] via NET/IB/0
c197-092:23382:23437 [0] NCCL INFO Channel 01/0 : 11[3] -> 12[0] [receive] via NET/IB/0
c197-111:16996:17051 [0] NCCL INFO Channel 01/0 : 23[3] -> 24[0] [receive] via NET/IB/0
c197-081:19165:19220 [0] NCCL INFO Channel 00/0 : 31[3] -> 0[0] [receive] via NET/IB/0
c197-102:5724:5779 [0] NCCL INFO Channel 01/0 : 19[3] -> 20[0] [receive] via NET/IB/0
c197-081:19165:19220 [0] NCCL INFO Channel 01/0 : 31[3] -> 0[0] [receive] via NET/IB/0
c197-082:24988:25043 [0] NCCL INFO Channel 00 : 4[0] -> 5[1] via SHM/direct/direct
c197-112:28105:28160 [0] NCCL INFO Channel 00 : 28[0] -> 29[1] via SHM/direct/direct
c197-101:27985:28039 [0] NCCL INFO Channel 00 : 16[0] -> 17[1] via SHM/direct/direct
c197-102:5724:5779 [0] NCCL INFO Channel 00 : 20[0] -> 21[1] via SHM/direct/direct
c197-092:23382:23437 [0] NCCL INFO Channel 00 : 12[0] -> 13[1] via SHM/direct/direct
c197-112:28105:28160 [0] NCCL INFO Channel 01 : 28[0] -> 29[1] via SHM/direct/direct
c197-111:16996:17051 [0] NCCL INFO Channel 00 : 24[0] -> 25[1] via SHM/direct/direct
c197-101:27985:28039 [0] NCCL INFO Channel 01 : 16[0] -> 17[1] via SHM/direct/direct
c197-082:24988:25043 [0] NCCL INFO Channel 01 : 4[0] -> 5[1] via SHM/direct/direct
c197-111:16996:17051 [0] NCCL INFO Channel 01 : 24[0] -> 25[1] via SHM/direct/direct
c197-102:5724:5779 [0] NCCL INFO Channel 01 : 20[0] -> 21[1] via SHM/direct/direct
c197-081:19165:19220 [0] NCCL INFO Channel 00 : 0[0] -> 1[1] via SHM/direct/direct
c197-092:23382:23437 [0] NCCL INFO Channel 01 : 12[0] -> 13[1] via SHM/direct/direct
c197-081:19165:19220 [0] NCCL INFO Channel 01 : 0[0] -> 1[1] via SHM/direct/direct
c197-091:12253:12307 [0] NCCL INFO Channel 00/0 : 7[3] -> 8[0] [receive] via NET/IB/0
c197-091:12253:12307 [0] NCCL INFO Channel 01/0 : 7[3] -> 8[0] [receive] via NET/IB/0
c197-091:12253:12307 [0] NCCL INFO Channel 00 : 8[0] -> 9[1] via SHM/direct/direct
c197-091:12253:12307 [0] NCCL INFO Channel 01 : 8[0] -> 9[1] via SHM/direct/direct
c197-082:24991:25041 [3] NCCL INFO Channel 00/0 : 7[3] -> 8[0] [send] via NET/IB/0
c197-082:24991:25041 [3] NCCL INFO Channel 01/0 : 7[3] -> 8[0] [send] via NET/IB/0
c197-092:23385:23435 [3] NCCL INFO Channel 00/0 : 15[3] -> 16[0] [send] via NET/IB/0
c197-092:23385:23435 [3] NCCL INFO Channel 01/0 : 15[3] -> 16[0] [send] via NET/IB/0
c197-101:27988:28037 [3] NCCL INFO Channel 00/0 : 19[3] -> 20[0] [send] via NET/IB/0
c197-111:16999:17049 [3] NCCL INFO Channel 00/0 : 27[3] -> 28[0] [send] via NET/IB/0
c197-101:27988:28037 [3] NCCL INFO Channel 01/0 : 19[3] -> 20[0] [send] via NET/IB/0
c197-112:28108:28157 [3] NCCL INFO Channel 00/0 : 31[3] -> 0[0] [send] via NET/IB/0
c197-111:16999:17049 [3] NCCL INFO Channel 01/0 : 27[3] -> 28[0] [send] via NET/IB/0
c197-112:28108:28157 [3] NCCL INFO Channel 01/0 : 31[3] -> 0[0] [send] via NET/IB/0
c197-081:19168:19218 [3] NCCL INFO Channel 00/0 : 3[3] -> 4[0] [send] via NET/IB/0
c197-081:19168:19218 [3] NCCL INFO Channel 01/0 : 3[3] -> 4[0] [send] via NET/IB/0
c197-102:5727:5778 [3] NCCL INFO Channel 00/0 : 23[3] -> 24[0] [send] via NET/IB/0
c197-102:5727:5778 [3] NCCL INFO Channel 01/0 : 23[3] -> 24[0] [send] via NET/IB/0
c197-091:12254:12308 [1] NCCL INFO Channel 00 : 9[1] -> 10[2] via SHM/direct/direct
c197-091:12254:12308 [1] NCCL INFO Channel 01 : 9[1] -> 10[2] via SHM/direct/direct
c197-091:12255:12306 [2] NCCL INFO Channel 00 : 10[2] -> 11[3] via SHM/direct/direct
c197-091:12255:12306 [2] NCCL INFO Channel 01 : 10[2] -> 11[3] via SHM/direct/direct
c197-091:12256:12305 [3] NCCL INFO Channel 00/0 : 11[3] -> 12[0] [send] via NET/IB/0
c197-091:12256:12305 [3] NCCL INFO Channel 01/0 : 11[3] -> 12[0] [send] via NET/IB/0
c197-091:12255:12306 [2] NCCL INFO Connected all rings
c197-101:27987:28038 [2] NCCL INFO Connected all rings
c197-112:28107:28158 [2] NCCL INFO Connected all rings
c197-082:24990:25040 [2] NCCL INFO Connected all rings
c197-102:5726:5777 [2] NCCL INFO Connected all rings
c197-111:16998:17048 [2] NCCL INFO Connected all rings
c197-101:27986:28040 [1] NCCL INFO Connected all rings
c197-092:23384:23436 [2] NCCL INFO Connected all rings
c197-112:28106:28159 [1] NCCL INFO Connected all rings
c197-101:27985:28039 [0] NCCL INFO Connected all rings
c197-092:23385:23435 [3] NCCL INFO Connected all rings
c197-091:12256:12305 [3] NCCL INFO Connected all rings
c197-111:16999:17049 [3] NCCL INFO Connected all rings
c197-101:27985:28039 [0] NCCL INFO Channel 01/0 : 16[0] -> 20[0] [send] via NET/IB/0
c197-112:28105:28160 [0] NCCL INFO Connected all rings
c197-092:23382:23437 [0] NCCL INFO Connected all rings
c197-092:23383:23438 [1] NCCL INFO Connected all rings
c197-082:24989:25042 [1] NCCL INFO Connected all rings
c197-092:23382:23437 [0] NCCL INFO Channel 00/0 : 8[0] -> 12[0] [receive] via NET/IB/0
c197-112:28105:28160 [0] NCCL INFO Channel 00/0 : 24[0] -> 28[0] [receive] via NET/IB/0
c197-091:12254:12308 [1] NCCL INFO Connected all rings
c197-092:23385:23435 [3] NCCL INFO Channel 00 : 15[3] -> 14[2] via SHM/direct/direct
c197-081:19167:19219 [2] NCCL INFO Connected all rings
c197-091:12256:12305 [3] NCCL INFO Channel 00 : 11[3] -> 10[2] via SHM/direct/direct
c197-081:19168:19218 [3] NCCL INFO Connected all rings
c197-082:24988:25043 [0] NCCL INFO Connected all rings
c197-081:19166:19221 [1] NCCL INFO Connected all rings
c197-111:16999:17049 [3] NCCL INFO Channel 00 : 27[3] -> 26[2] via SHM/direct/direct
c197-091:12253:12307 [0] NCCL INFO Connected all rings
c197-102:5725:5776 [1] NCCL INFO Connected all rings
c197-082:24991:25041 [3] NCCL INFO Connected all rings
c197-081:19165:19220 [0] NCCL INFO Connected all rings
c197-111:16999:17049 [3] NCCL INFO Channel 01 : 27[3] -> 26[2] via SHM/direct/direct
c197-091:12256:12305 [3] NCCL INFO Channel 01 : 11[3] -> 10[2] via SHM/direct/direct
c197-102:5724:5779 [0] NCCL INFO Connected all rings
c197-101:27988:28037 [3] NCCL INFO Connected all rings
c197-112:28108:28157 [3] NCCL INFO Connected all rings
c197-082:24988:25043 [0] NCCL INFO Channel 01/0 : 0[0] -> 4[0] [receive] via NET/IB/0
c197-092:23385:23435 [3] NCCL INFO Channel 01 : 15[3] -> 14[2] via SHM/direct/direct
c197-081:19168:19218 [3] NCCL INFO Channel 00 : 3[3] -> 2[2] via SHM/direct/direct
c197-091:12253:12307 [0] NCCL INFO Channel 01/0 : 5[1] -> 8[0] [receive] via NET/IB/0
c197-102:5724:5779 [0] NCCL INFO Channel 01/0 : 16[0] -> 20[0] [receive] via NET/IB/0
c197-082:24991:25041 [3] NCCL INFO Channel 00 : 7[3] -> 6[2] via SHM/direct/direct
c197-081:19165:19220 [0] NCCL INFO Channel 01/0 : 0[0] -> 4[0] [send] via NET/IB/0
c197-101:27988:28037 [3] NCCL INFO Channel 00 : 19[3] -> 18[2] via SHM/direct/direct
c197-081:19168:19218 [3] NCCL INFO Channel 01 : 3[3] -> 2[2] via SHM/direct/direct
c197-082:24991:25041 [3] NCCL INFO Channel 01 : 7[3] -> 6[2] via SHM/direct/direct
c197-102:5724:5779 [0] NCCL INFO Channel 00/0 : 20[0] -> 25[1] [send] via NET/IB/0
c197-101:27985:28039 [0] NCCL INFO Channel 00/0 : 16[0] -> 24[0] [send] via NET/IB/0
c197-112:28108:28157 [3] NCCL INFO Channel 00 : 31[3] -> 30[2] via SHM/direct/direct
c197-101:27988:28037 [3] NCCL INFO Channel 01 : 19[3] -> 18[2] via SHM/direct/direct
c197-081:19165:19220 [0] NCCL INFO Channel 00/0 : 16[0] -> 0[0] [receive] via NET/IB/0
c197-082:24988:25043 [0] NCCL INFO Channel 00/0 : 4[0] -> 9[1] [send] via NET/IB/0
c197-081:19165:19220 [0] NCCL INFO Channel 00/0 : 0[0] -> 16[0] [send] via NET/IB/0
c197-112:28108:28157 [3] NCCL INFO Channel 01 : 31[3] -> 30[2] via SHM/direct/direct
c197-111:16997:17050 [1] NCCL INFO Connected all rings
c197-102:5727:5778 [3] NCCL INFO Connected all rings
c197-111:16996:17051 [0] NCCL INFO Connected all rings
c197-111:16996:17051 [0] NCCL INFO Channel 01/0 : 21[1] -> 24[0] [receive] via NET/IB/0
c197-101:27986:28040 [1] NCCL INFO Channel 00/0 : 8[0] -> 17[1] [receive] via NET/IB/0
c197-102:5727:5778 [3] NCCL INFO Channel 00 : 23[3] -> 22[2] via SHM/direct/direct
c197-091:12254:12308 [1] NCCL INFO Channel 00/0 : 4[0] -> 9[1] [receive] via NET/IB/0
c197-102:5727:5778 [3] NCCL INFO Channel 01 : 23[3] -> 22[2] via SHM/direct/direct
c197-102:5725:5776 [1] NCCL INFO Channel 01/0 : 21[1] -> 24[0] [send] via NET/IB/0
c197-102:5725:5776 [1] NCCL INFO Channel 01/0 : 24[0] -> 21[1] [receive] via NET/IB/0
c197-111:16996:17051 [0] NCCL INFO Channel 00/0 : 24[0] -> 28[0] [send] via NET/IB/0
c197-082:24989:25042 [1] NCCL INFO Channel 01/0 : 5[1] -> 8[0] [send] via NET/IB/0
c197-111:16996:17051 [0] NCCL INFO Channel 00/0 : 16[0] -> 24[0] [receive] via NET/IB/0
c197-091:12254:12308 [1] NCCL INFO Channel 00/0 : 9[1] -> 4[0] [send] via NET/IB/0
c197-082:24988:25043 [0] NCCL INFO Channel 01/0 : 4[0] -> 12[0] [send] via NET/IB/0
c197-112:28105:28160 [0] NCCL INFO Channel 01/0 : 12[0] -> 28[0] [receive] via NET/IB/0
c197-091:12253:12307 [0] NCCL INFO Channel 00/0 : 8[0] -> 12[0] [send] via NET/IB/0
c197-112:28105:28160 [0] NCCL INFO Channel 01/0 : 28[0] -> 12[0] [send] via NET/IB/0
c197-082:24989:25042 [1] NCCL INFO Channel 01/0 : 8[0] -> 5[1] [receive] via NET/IB/0
c197-111:16996:17051 [0] NCCL INFO Channel 00/0 : 24[0] -> 16[0] [send] via NET/IB/0
c197-101:27985:28039 [0] NCCL INFO Channel 00/0 : 0[0] -> 16[0] [receive] via NET/IB/0
c197-091:12253:12307 [0] NCCL INFO Channel 00/0 : 8[0] -> 17[1] [send] via NET/IB/0
c197-101:27985:28039 [0] NCCL INFO Channel 00/0 : 16[0] -> 0[0] [send] via NET/IB/0
c197-092:23382:23437 [0] NCCL INFO Channel 01/0 : 4[0] -> 12[0] [receive] via NET/IB/0
c197-091:12253:12307 [0] NCCL INFO Channel 00/0 : 17[1] -> 8[0] [receive] via NET/IB/0
c197-101:27986:28040 [1] NCCL INFO Channel 00/0 : 17[1] -> 8[0] [send] via NET/IB/0
c197-081:19165:19220 [0] NCCL INFO Channel 01/0 : 4[0] -> 0[0] [receive] via NET/IB/0
c197-101:27985:28039 [0] NCCL INFO Channel 00/0 : 24[0] -> 16[0] [receive] via NET/IB/0
c197-092:23382:23437 [0] NCCL INFO Channel 01/0 : 28[0] -> 12[0] [receive] via NET/IB/0
c197-082:24988:25043 [0] NCCL INFO Channel 01/0 : 12[0] -> 4[0] [receive] via NET/IB/0
c197-092:23382:23437 [0] NCCL INFO Channel 01/0 : 12[0] -> 28[0] [send] via NET/IB/0
c197-111:16996:17051 [0] NCCL INFO Channel 00/0 : 28[0] -> 24[0] [receive] via NET/IB/0
c197-101:27985:28039 [0] NCCL INFO Channel 01/0 : 20[0] -> 16[0] [receive] via NET/IB/0
c197-091:12253:12307 [0] NCCL INFO Channel 00/0 : 12[0] -> 8[0] [receive] via NET/IB/0
c197-092:23382:23437 [0] NCCL INFO Channel 01/0 : 12[0] -> 4[0] [send] via NET/IB/0
c197-112:28105:28160 [0] NCCL INFO Channel 00/0 : 28[0] -> 24[0] [send] via NET/IB/0
