c196-081:5627:5656 [3] NCCL INFO Setting affinity for GPU 3 to f000
c196-091:11054:11086 [2] NCCL INFO Setting affinity for GPU 2 to 0f000f00
c196-092:21199:21232 [3] NCCL INFO Setting affinity for GPU 3 to f000f000
c196-091:11055:11090 [3] NCCL INFO Setting affinity for GPU 3 to f000f000
c196-081:5626:5658 [2] NCCL INFO Setting affinity for GPU 2 to 0f00
c196-101:30162:30200 [1] NCCL INFO Setting affinity for GPU 1 to f000f0
c196-102:21505:21539 [1] NCCL INFO Setting affinity for GPU 1 to f000f0
c196-072:9027:9058 [3] NCCL INFO Setting affinity for GPU 3 to f000f000
c196-101:30161:30197 [0] NCCL INFO Setting affinity for GPU 0 to 0f000f
c196-072:9026:9057 [2] NCCL INFO Setting affinity for GPU 2 to 0f000f00
c196-102:21507:21537 [3] NCCL INFO Setting affinity for GPU 3 to f000f000
c196-082:31030:31065 [0] NCCL INFO Setting affinity for GPU 0 to 0f000f
c196-102:21506:21536 [2] NCCL INFO Setting affinity for GPU 2 to 0f000f00
c196-081:5624:5659 [0] NCCL INFO Setting affinity for GPU 0 to 0f
c196-082:31031:31066 [1] NCCL INFO Setting affinity for GPU 1 to f000f0
c196-082:31032:31064 [2] NCCL INFO Setting affinity for GPU 2 to 0f000f00
c196-082:31033:31062 [3] NCCL INFO Setting affinity for GPU 3 to f000f000
c196-082:31033:31062 [3] NCCL INFO Trees [0] -1/-1/-1->15->14 [1] -1/-1/-1->15->14
c196-082:31033:31062 [3] NCCL INFO P2P Chunksize set to 131072
c196-082:31032:31064 [2] NCCL INFO Trees [0] 15/-1/-1->14->13 [1] 15/-1/-1->14->13
c196-082:31032:31064 [2] NCCL INFO P2P Chunksize set to 131072
c196-081:5627:5656 [3] NCCL INFO Trees [0] -1/-1/-1->11->10 [1] -1/-1/-1->11->10
c196-081:5627:5656 [3] NCCL INFO P2P Chunksize set to 131072
c196-082:31031:31066 [1] NCCL INFO Trees [0] 14/-1/-1->13->12 [1] 14/20/-1->13->12
c196-082:31031:31066 [1] NCCL INFO P2P Chunksize set to 131072
c196-091:11052:11084 [0] NCCL INFO Trees [0] 17/24/-1->16->0 [1] 17/-1/-1->16->20
c196-091:11052:11084 [0] NCCL INFO P2P Chunksize set to 131072
c196-092:21196:21231 [0] NCCL INFO Trees [0] 21/-1/-1->20->25 [1] 21/16/-1->20->13
c196-092:21196:21231 [0] NCCL INFO P2P Chunksize set to 131072
c196-071:12068:12104 [0] NCCL INFO Channel 00/02 :    0   1   2   3   4   5   6   7   8   9  10  11  12  13  14  15  16  17  18  19
c196-071:12068:12104 [0] NCCL INFO Channel 01/02 :    0   1   2   3   4   5   6   7   8   9  10  11  12  13  14  15  16  17  18  19
c196-071:12068:12104 [0] NCCL INFO Trees [0] 1/16/-1->0->-1 [1] 1/-1/-1->0->4
c196-071:12068:12104 [0] NCCL INFO P2P Chunksize set to 131072
c196-081:5625:5657 [1] NCCL INFO Trees [0] 10/4/-1->9->8 [1] 10/-1/-1->9->8
c196-081:5625:5657 [1] NCCL INFO P2P Chunksize set to 131072
c196-072:9027:9058 [3] NCCL INFO Trees [0] -1/-1/-1->7->6 [1] -1/-1/-1->7->6
c196-072:9027:9058 [3] NCCL INFO P2P Chunksize set to 131072
c196-082:31030:31065 [0] NCCL INFO Trees [0] 13/-1/-1->12->8 [1] 13/4/-1->12->28
c196-082:31030:31065 [0] NCCL INFO P2P Chunksize set to 131072
c196-091:11054:11086 [2] NCCL INFO Trees [0] 19/-1/-1->18->17 [1] 19/-1/-1->18->17
c196-091:11054:11086 [2] NCCL INFO P2P Chunksize set to 131072
c196-092:21197:21230 [1] NCCL INFO Trees [0] 22/-1/-1->21->20 [1] 22/24/-1->21->20
c196-092:21197:21230 [1] NCCL INFO P2P Chunksize set to 131072
c196-101:30161:30197 [0] NCCL INFO Trees [0] 25/28/-1->24->16 [1] 25/-1/-1->24->21
c196-101:30161:30197 [0] NCCL INFO P2P Chunksize set to 131072
c196-071:12069:12103 [1] NCCL INFO Trees [0] 2/-1/-1->1->0 [1] 2/-1/-1->1->0
c196-071:12069:12103 [1] NCCL INFO P2P Chunksize set to 131072
c196-081:5626:5658 [2] NCCL INFO Trees [0] 11/-1/-1->10->9 [1] 11/-1/-1->10->9
c196-081:5626:5658 [2] NCCL INFO P2P Chunksize set to 131072
c196-072:9026:9057 [2] NCCL INFO Trees [0] 7/-1/-1->6->5 [1] 7/-1/-1->6->5
c196-072:9026:9057 [2] NCCL INFO P2P Chunksize set to 131072
c196-091:11055:11090 [3] NCCL INFO Trees [0] -1/-1/-1->19->18 [1] -1/-1/-1->19->18
c196-091:11055:11090 [3] NCCL INFO P2P Chunksize set to 131072
c196-092:21199:21232 [3] NCCL INFO Trees [0] -1/-1/-1->23->22 [1] -1/-1/-1->23->22
c196-092:21199:21232 [3] NCCL INFO P2P Chunksize set to 131072
c196-101:30162:30200 [1] NCCL INFO Trees [0] 26/20/-1->25->24 [1] 26/-1/-1->25->24
c196-101:30162:30200 [1] NCCL INFO P2P Chunksize set to 131072
c196-102:21506:21536 [2] NCCL INFO Trees [0] 31/-1/-1->30->29 [1] 31/-1/-1->30->29
c196-102:21506:21536 [2] NCCL INFO P2P Chunksize set to 131072
c196-071:12070:12102 [2] NCCL INFO Trees [0] 3/-1/-1->2->1 [1] 3/-1/-1->2->1
c196-071:12070:12102 [2] NCCL INFO P2P Chunksize set to 131072
c196-081:5624:5659 [0] NCCL INFO Trees [0] 9/12/-1->8->17 [1] 9/-1/-1->8->5
c196-081:5624:5659 [0] NCCL INFO P2P Chunksize set to 131072
c196-072:9025:9060 [1] NCCL INFO Trees [0] 6/-1/-1->5->4 [1] 6/8/-1->5->4
c196-072:9025:9060 [1] NCCL INFO P2P Chunksize set to 131072
c196-091:11053:11087 [1] NCCL INFO Trees [0] 18/8/-1->17->16 [1] 18/-1/-1->17->16
c196-091:11053:11087 [1] NCCL INFO P2P Chunksize set to 131072
c196-092:21198:21229 [2] NCCL INFO Trees [0] 23/-1/-1->22->21 [1] 23/-1/-1->22->21
c196-092:21198:21229 [2] NCCL INFO P2P Chunksize set to 131072
c196-101:30163:30196 [2] NCCL INFO Trees [0] 27/-1/-1->26->25 [1] 27/-1/-1->26->25
c196-101:30163:30196 [2] NCCL INFO P2P Chunksize set to 131072
c196-102:21507:21537 [3] NCCL INFO Trees [0] -1/-1/-1->31->30 [1] -1/-1/-1->31->30
c196-102:21507:21537 [3] NCCL INFO P2P Chunksize set to 131072
c196-071:12071:12108 [3] NCCL INFO Trees [0] -1/-1/-1->3->2 [1] -1/-1/-1->3->2
c196-071:12071:12108 [3] NCCL INFO P2P Chunksize set to 131072
c196-072:9024:9059 [0] NCCL INFO Trees [0] 5/-1/-1->4->9 [1] 5/0/-1->4->12
c196-072:9024:9059 [0] NCCL INFO P2P Chunksize set to 131072
c196-101:30164:30195 [3] NCCL INFO Trees [0] -1/-1/-1->27->26 [1] -1/-1/-1->27->26
c196-101:30164:30195 [3] NCCL INFO P2P Chunksize set to 131072
c196-102:21504:21538 [0] NCCL INFO Trees [0] 29/-1/-1->28->24 [1] 29/12/-1->28->-1
c196-102:21504:21538 [0] NCCL INFO P2P Chunksize set to 131072
c196-102:21505:21539 [1] NCCL INFO Trees [0] 30/-1/-1->29->28 [1] 30/-1/-1->29->28
c196-102:21505:21539 [1] NCCL INFO P2P Chunksize set to 131072
c196-091:11053:11087 [1] NCCL INFO Channel 00 : 17[3000] -> 18[82000] via SHM/direct/direct
c196-082:31031:31066 [1] NCCL INFO Channel 00 : 13[3000] -> 14[82000] via SHM/direct/direct
c196-091:11053:11087 [1] NCCL INFO Channel 01 : 17[3000] -> 18[82000] via SHM/direct/direct
c196-082:31031:31066 [1] NCCL INFO Channel 01 : 13[3000] -> 14[82000] via SHM/direct/direct
c196-081:5625:5657 [1] NCCL INFO Channel 00 : 9[3000] -> 10[82000] via SHM/direct/direct
c196-081:5625:5657 [1] NCCL INFO Channel 01 : 9[3000] -> 10[82000] via SHM/direct/direct
c196-072:9025:9060 [1] NCCL INFO Channel 00 : 5[3000] -> 6[82000] via SHM/direct/direct
c196-092:21197:21230 [1] NCCL INFO Channel 00 : 21[3000] -> 22[82000] via SHM/direct/direct
c196-071:12069:12103 [1] NCCL INFO Channel 00 : 1[3000] -> 2[82000] via SHM/direct/direct
c196-072:9025:9060 [1] NCCL INFO Channel 01 : 5[3000] -> 6[82000] via SHM/direct/direct
c196-091:11054:11086 [2] NCCL INFO Channel 00 : 18[82000] -> 19[83000] via SHM/direct/direct
c196-092:21197:21230 [1] NCCL INFO Channel 01 : 21[3000] -> 22[82000] via SHM/direct/direct
c196-101:30162:30200 [1] NCCL INFO Channel 00 : 25[3000] -> 26[82000] via SHM/direct/direct
c196-102:21505:21539 [1] NCCL INFO Channel 00 : 29[3000] -> 30[82000] via SHM/direct/direct
c196-071:12069:12103 [1] NCCL INFO Channel 01 : 1[3000] -> 2[82000] via SHM/direct/direct
c196-081:5626:5658 [2] NCCL INFO Channel 00 : 10[82000] -> 11[83000] via SHM/direct/direct
c196-082:31032:31064 [2] NCCL INFO Channel 00 : 14[82000] -> 15[83000] via SHM/direct/direct
c196-091:11054:11086 [2] NCCL INFO Channel 01 : 18[82000] -> 19[83000] via SHM/direct/direct
c196-101:30162:30200 [1] NCCL INFO Channel 01 : 25[3000] -> 26[82000] via SHM/direct/direct
c196-102:21505:21539 [1] NCCL INFO Channel 01 : 29[3000] -> 30[82000] via SHM/direct/direct
c196-081:5626:5658 [2] NCCL INFO Channel 01 : 10[82000] -> 11[83000] via SHM/direct/direct
c196-082:31032:31064 [2] NCCL INFO Channel 01 : 14[82000] -> 15[83000] via SHM/direct/direct
c196-092:21198:21229 [2] NCCL INFO Channel 00 : 22[82000] -> 23[83000] via SHM/direct/direct
c196-102:21506:21536 [2] NCCL INFO Channel 00 : 30[82000] -> 31[83000] via SHM/direct/direct
c196-092:21198:21229 [2] NCCL INFO Channel 01 : 22[82000] -> 23[83000] via SHM/direct/direct
c196-101:30163:30196 [2] NCCL INFO Channel 00 : 26[82000] -> 27[83000] via SHM/direct/direct
c196-071:12070:12102 [2] NCCL INFO Channel 00 : 2[82000] -> 3[83000] via SHM/direct/direct
c196-072:9026:9057 [2] NCCL INFO Channel 00 : 6[82000] -> 7[83000] via SHM/direct/direct
c196-102:21506:21536 [2] NCCL INFO Channel 01 : 30[82000] -> 31[83000] via SHM/direct/direct
c196-101:30163:30196 [2] NCCL INFO Channel 01 : 26[82000] -> 27[83000] via SHM/direct/direct
c196-072:9026:9057 [2] NCCL INFO Channel 01 : 6[82000] -> 7[83000] via SHM/direct/direct
c196-071:12070:12102 [2] NCCL INFO Channel 01 : 2[82000] -> 3[83000] via SHM/direct/direct
c196-081:5624:5659 [0] NCCL INFO Channel 00/0 : 7[83000] -> 8[2000] [receive] via NET/IB/0
c196-082:31030:31065 [0] NCCL INFO Channel 00/0 : 11[83000] -> 12[2000] [receive] via NET/IB/0
c196-091:11052:11084 [0] NCCL INFO Channel 00/0 : 15[83000] -> 16[2000] [receive] via NET/IB/0
c196-101:30161:30197 [0] NCCL INFO Channel 00/0 : 23[83000] -> 24[2000] [receive] via NET/IB/0
c196-072:9024:9059 [0] NCCL INFO Channel 00/0 : 3[83000] -> 4[2000] [receive] via NET/IB/0
c196-092:21196:21231 [0] NCCL INFO Channel 00/0 : 19[83000] -> 20[2000] [receive] via NET/IB/0
c196-071:12068:12104 [0] NCCL INFO Channel 00/0 : 31[83000] -> 0[2000] [receive] via NET/IB/0
c196-102:21504:21538 [0] NCCL INFO Channel 00/0 : 27[83000] -> 28[2000] [receive] via NET/IB/0
c196-082:31033:31062 [3] NCCL INFO Channel 00/0 : 15[83000] -> 16[2000] [send] via NET/IB/0
c196-091:11055:11090 [3] NCCL INFO Channel 00/0 : 19[83000] -> 20[2000] [send] via NET/IB/0
c196-101:30164:30195 [3] NCCL INFO Channel 00/0 : 27[83000] -> 28[2000] [send] via NET/IB/0
c196-092:21199:21232 [3] NCCL INFO Channel 00/0 : 23[83000] -> 24[2000] [send] via NET/IB/0
c196-081:5627:5656 [3] NCCL INFO Channel 00/0 : 11[83000] -> 12[2000] [send] via NET/IB/0
c196-071:12071:12108 [3] NCCL INFO Channel 00/0 : 3[83000] -> 4[2000] [send] via NET/IB/0
c196-102:21507:21537 [3] NCCL INFO Channel 00/0 : 31[83000] -> 0[2000] [send] via NET/IB/0
c196-072:9027:9058 [3] NCCL INFO Channel 00/0 : 7[83000] -> 8[2000] [send] via NET/IB/0
c196-081:5624:5659 [0] NCCL INFO Channel 01/0 : 7[83000] -> 8[2000] [receive] via NET/IB/0
c196-081:5624:5659 [0] NCCL INFO Channel 00 : 8[2000] -> 9[3000] via SHM/direct/direct
c196-082:31030:31065 [0] NCCL INFO Channel 01/0 : 11[83000] -> 12[2000] [receive] via NET/IB/0
c196-081:5624:5659 [0] NCCL INFO Channel 01 : 8[2000] -> 9[3000] via SHM/direct/direct
c196-091:11052:11084 [0] NCCL INFO Channel 01/0 : 15[83000] -> 16[2000] [receive] via NET/IB/0
c196-101:30161:30197 [0] NCCL INFO Channel 01/0 : 23[83000] -> 24[2000] [receive] via NET/IB/0
c196-082:31030:31065 [0] NCCL INFO Channel 00 : 12[2000] -> 13[3000] via SHM/direct/direct
c196-092:21196:21231 [0] NCCL INFO Channel 01/0 : 19[83000] -> 20[2000] [receive] via NET/IB/0
c196-072:9024:9059 [0] NCCL INFO Channel 01/0 : 3[83000] -> 4[2000] [receive] via NET/IB/0
c196-091:11052:11084 [0] NCCL INFO Channel 00 : 16[2000] -> 17[3000] via SHM/direct/direct
c196-082:31030:31065 [0] NCCL INFO Channel 01 : 12[2000] -> 13[3000] via SHM/direct/direct
c196-101:30161:30197 [0] NCCL INFO Channel 00 : 24[2000] -> 25[3000] via SHM/direct/direct
c196-072:9024:9059 [0] NCCL INFO Channel 00 : 4[2000] -> 5[3000] via SHM/direct/direct
c196-091:11052:11084 [0] NCCL INFO Channel 01 : 16[2000] -> 17[3000] via SHM/direct/direct
c196-092:21196:21231 [0] NCCL INFO Channel 00 : 20[2000] -> 21[3000] via SHM/direct/direct
c196-101:30161:30197 [0] NCCL INFO Channel 01 : 24[2000] -> 25[3000] via SHM/direct/direct
c196-071:12068:12104 [0] NCCL INFO Channel 01/0 : 31[83000] -> 0[2000] [receive] via NET/IB/0
c196-072:9024:9059 [0] NCCL INFO Channel 01 : 4[2000] -> 5[3000] via SHM/direct/direct
c196-092:21196:21231 [0] NCCL INFO Channel 01 : 20[2000] -> 21[3000] via SHM/direct/direct
c196-071:12068:12104 [0] NCCL INFO Channel 00 : 0[2000] -> 1[3000] via SHM/direct/direct
c196-102:21504:21538 [0] NCCL INFO Channel 01/0 : 27[83000] -> 28[2000] [receive] via NET/IB/0
c196-071:12068:12104 [0] NCCL INFO Channel 01 : 0[2000] -> 1[3000] via SHM/direct/direct
c196-102:21504:21538 [0] NCCL INFO Channel 00 : 28[2000] -> 29[3000] via SHM/direct/direct
c196-102:21504:21538 [0] NCCL INFO Channel 01 : 28[2000] -> 29[3000] via SHM/direct/direct
c196-081:5625:5657 [1] NCCL INFO Connected all rings
c196-072:9025:9060 [1] NCCL INFO Connected all rings
c196-082:31031:31066 [1] NCCL INFO Connected all rings
c196-091:11053:11087 [1] NCCL INFO Connected all rings
c196-071:12069:12103 [1] NCCL INFO Connected all rings
c196-092:21197:21230 [1] NCCL INFO Connected all rings
c196-101:30162:30200 [1] NCCL INFO Connected all rings
c196-102:21505:21539 [1] NCCL INFO Connected all rings
c196-082:31033:31062 [3] NCCL INFO Channel 01/0 : 15[83000] -> 16[2000] [send] via NET/IB/0
c196-091:11055:11090 [3] NCCL INFO Channel 01/0 : 19[83000] -> 20[2000] [send] via NET/IB/0
c196-101:30164:30195 [3] NCCL INFO Channel 01/0 : 27[83000] -> 28[2000] [send] via NET/IB/0
c196-092:21199:21232 [3] NCCL INFO Channel 01/0 : 23[83000] -> 24[2000] [send] via NET/IB/0
c196-081:5627:5656 [3] NCCL INFO Channel 01/0 : 11[83000] -> 12[2000] [send] via NET/IB/0
c196-071:12071:12108 [3] NCCL INFO Channel 01/0 : 3[83000] -> 4[2000] [send] via NET/IB/0
c196-102:21507:21537 [3] NCCL INFO Channel 01/0 : 31[83000] -> 0[2000] [send] via NET/IB/0
c196-072:9027:9058 [3] NCCL INFO Channel 01/0 : 7[83000] -> 8[2000] [send] via NET/IB/0
c196-082:31032:31064 [2] NCCL INFO Connected all rings
c196-081:5626:5658 [2] NCCL INFO Connected all rings
c196-091:11054:11086 [2] NCCL INFO Connected all rings
c196-092:21198:21229 [2] NCCL INFO Connected all rings
c196-101:30163:30196 [2] NCCL INFO Connected all rings
c196-071:12069:12103 [1] NCCL INFO Channel 00 : 1[3000] -> 0[2000] via SHM/direct/direct
c196-102:21506:21536 [2] NCCL INFO Connected all rings
c196-072:9026:9057 [2] NCCL INFO Connected all rings
c196-071:12069:12103 [1] NCCL INFO Channel 01 : 1[3000] -> 0[2000] via SHM/direct/direct
c196-071:12070:12102 [2] NCCL INFO Connected all rings
c196-102:21505:21539 [1] NCCL INFO Channel 00 : 29[3000] -> 28[2000] via SHM/direct/direct
c196-102:21505:21539 [1] NCCL INFO Channel 01 : 29[3000] -> 28[2000] via SHM/direct/direct
c196-082:31032:31064 [2] NCCL INFO Channel 00 : 14[82000] -> 13[3000] via SHM/direct/direct
c196-082:31032:31064 [2] NCCL INFO Channel 01 : 14[82000] -> 13[3000] via SHM/direct/direct
c196-092:21199:21232 [3] NCCL INFO Connected all rings
c196-101:30164:30195 [3] NCCL INFO Connected all rings
c196-092:21199:21232 [3] NCCL INFO Channel 00 : 23[83000] -> 22[82000] via SHM/direct/direct
c196-092:21196:21231 [0] NCCL INFO Connected all rings
c196-101:30161:30197 [0] NCCL INFO Connected all rings
c196-092:21199:21232 [3] NCCL INFO Channel 01 : 23[83000] -> 22[82000] via SHM/direct/direct
c196-101:30164:30195 [3] NCCL INFO Channel 00 : 27[83000] -> 26[82000] via SHM/direct/direct
c196-091:11052:11084 [0] NCCL INFO Connected all rings
c196-101:30164:30195 [3] NCCL INFO Channel 01 : 27[83000] -> 26[82000] via SHM/direct/direct
c196-082:31030:31065 [0] NCCL INFO Connected all rings
c196-081:5627:5656 [3] NCCL INFO Connected all rings
c196-072:9024:9059 [0] NCCL INFO Connected all rings
c196-082:31033:31062 [3] NCCL INFO Connected all rings
c196-081:5626:5658 [2] NCCL INFO Channel 00 : 10[82000] -> 9[3000] via SHM/direct/direct
c196-091:11054:11086 [2] NCCL INFO Channel 00 : 18[82000] -> 17[3000] via SHM/direct/direct
c196-092:21198:21229 [2] NCCL INFO Channel 00 : 22[82000] -> 21[3000] via SHM/direct/direct
c196-081:5627:5656 [3] NCCL INFO Channel 00 : 11[83000] -> 10[82000] via SHM/direct/direct
c196-082:31033:31062 [3] NCCL INFO Channel 00 : 15[83000] -> 14[82000] via SHM/direct/direct
c196-071:12071:12108 [3] NCCL INFO Connected all rings
c196-092:21198:21229 [2] NCCL INFO Channel 01 : 22[82000] -> 21[3000] via SHM/direct/direct
c196-071:12068:12104 [0] NCCL INFO Connected all rings
c196-081:5626:5658 [2] NCCL INFO Channel 01 : 10[82000] -> 9[3000] via SHM/direct/direct
c196-082:31033:31062 [3] NCCL INFO Channel 01 : 15[83000] -> 14[82000] via SHM/direct/direct
c196-091:11054:11086 [2] NCCL INFO Channel 01 : 18[82000] -> 17[3000] via SHM/direct/direct
c196-081:5627:5656 [3] NCCL INFO Channel 01 : 11[83000] -> 10[82000] via SHM/direct/direct
c196-091:11055:11090 [3] NCCL INFO Connected all rings
c196-101:30163:30196 [2] NCCL INFO Channel 00 : 26[82000] -> 25[3000] via SHM/direct/direct
c196-091:11055:11090 [3] NCCL INFO Channel 00 : 19[83000] -> 18[82000] via SHM/direct/direct
c196-102:21504:21538 [0] NCCL INFO Connected all rings
c196-071:12071:12108 [3] NCCL INFO Channel 00 : 3[83000] -> 2[82000] via SHM/direct/direct
c196-101:30163:30196 [2] NCCL INFO Channel 01 : 26[82000] -> 25[3000] via SHM/direct/direct
c196-091:11055:11090 [3] NCCL INFO Channel 01 : 19[83000] -> 18[82000] via SHM/direct/direct
c196-102:21506:21536 [2] NCCL INFO Channel 00 : 30[82000] -> 29[3000] via SHM/direct/direct
c196-071:12071:12108 [3] NCCL INFO Channel 01 : 3[83000] -> 2[82000] via SHM/direct/direct
c196-072:9027:9058 [3] NCCL INFO Connected all rings
c196-102:21507:21537 [3] NCCL INFO Connected all rings
c196-072:9027:9058 [3] NCCL INFO Channel 00 : 7[83000] -> 6[82000] via SHM/direct/direct
c196-102:21506:21536 [2] NCCL INFO Channel 01 : 30[82000] -> 29[3000] via SHM/direct/direct
c196-072:9026:9057 [2] NCCL INFO Channel 00 : 6[82000] -> 5[3000] via SHM/direct/direct
c196-072:9027:9058 [3] NCCL INFO Channel 01 : 7[83000] -> 6[82000] via SHM/direct/direct
c196-102:21507:21537 [3] NCCL INFO Channel 00 : 31[83000] -> 30[82000] via SHM/direct/direct
c196-072:9026:9057 [2] NCCL INFO Channel 01 : 6[82000] -> 5[3000] via SHM/direct/direct
c196-102:21507:21537 [3] NCCL INFO Channel 01 : 31[83000] -> 30[82000] via SHM/direct/direct
c196-081:5624:5659 [0] NCCL INFO Connected all rings
c196-071:12070:12102 [2] NCCL INFO Channel 00 : 2[82000] -> 1[3000] via SHM/direct/direct
c196-071:12070:12102 [2] NCCL INFO Channel 01 : 2[82000] -> 1[3000] via SHM/direct/direct
c196-082:31033:31062 [3] NCCL INFO Connected all trees
c196-082:31033:31062 [3] NCCL INFO NCCL_NTHREADS set by environment to 128.
c196-092:21199:21232 [3] NCCL INFO Connected all trees
c196-082:31033:31062 [3] NCCL INFO NCCL_PROTO set by environment to Simple
c196-092:21199:21232 [3] NCCL INFO NCCL_NTHREADS set by environment to 128.
c196-082:31033:31062 [3] NCCL INFO NCCL_ALGO set by environment to Tree
c196-082:31033:31062 [3] NCCL INFO threadThresholds 8/8/64 | 256/8/64 | 512 | 512
c196-092:21199:21232 [3] NCCL INFO NCCL_PROTO set by environment to Simple
c196-082:31033:31062 [3] NCCL INFO 2 coll channels, 0 nvls channels, 2 p2p channels, 2 p2p channels per peer
c196-092:21199:21232 [3] NCCL INFO NCCL_ALGO set by environment to Tree
c196-092:21199:21232 [3] NCCL INFO threadThresholds 8/8/64 | 256/8/64 | 512 | 512
c196-092:21199:21232 [3] NCCL INFO 2 coll channels, 0 nvls channels, 2 p2p channels, 2 p2p channels per peer
c196-081:5627:5656 [3] NCCL INFO Connected all trees
c196-081:5627:5656 [3] NCCL INFO NCCL_NTHREADS set by environment to 128.
c196-081:5627:5656 [3] NCCL INFO NCCL_PROTO set by environment to Simple
c196-081:5627:5656 [3] NCCL INFO NCCL_ALGO set by environment to Tree
c196-081:5627:5656 [3] NCCL INFO threadThresholds 8/8/64 | 256/8/64 | 512 | 512
c196-081:5627:5656 [3] NCCL INFO 2 coll channels, 0 nvls channels, 2 p2p channels, 2 p2p channels per peer
c196-101:30164:30195 [3] NCCL INFO Connected all trees
c196-101:30164:30195 [3] NCCL INFO NCCL_NTHREADS set by environment to 128.
c196-101:30164:30195 [3] NCCL INFO NCCL_PROTO set by environment to Simple
c196-101:30164:30195 [3] NCCL INFO NCCL_ALGO set by environment to Tree
c196-101:30164:30195 [3] NCCL INFO threadThresholds 8/8/64 | 256/8/64 | 512 | 512
c196-101:30164:30195 [3] NCCL INFO 2 coll channels, 0 nvls channels, 2 p2p channels, 2 p2p channels per peer
c196-091:11055:11090 [3] NCCL INFO Connected all trees
c196-091:11055:11090 [3] NCCL INFO NCCL_NTHREADS set by environment to 128.
c196-091:11055:11090 [3] NCCL INFO NCCL_PROTO set by environment to Simple
c196-091:11055:11090 [3] NCCL INFO NCCL_ALGO set by environment to Tree
c196-091:11055:11090 [3] NCCL INFO threadThresholds 8/8/64 | 256/8/64 | 512 | 512
c196-091:11055:11090 [3] NCCL INFO 2 coll channels, 0 nvls channels, 2 p2p channels, 2 p2p channels per peer
c196-072:9027:9058 [3] NCCL INFO Connected all trees
c196-072:9027:9058 [3] NCCL INFO NCCL_NTHREADS set by environment to 128.
c196-072:9027:9058 [3] NCCL INFO NCCL_PROTO set by environment to Simple
c196-072:9027:9058 [3] NCCL INFO NCCL_ALGO set by environment to Tree
c196-072:9027:9058 [3] NCCL INFO threadThresholds 8/8/64 | 256/8/64 | 512 | 512
c196-072:9027:9058 [3] NCCL INFO 2 coll channels, 0 nvls channels, 2 p2p channels, 2 p2p channels per peer
c196-102:21507:21537 [3] NCCL INFO Connected all trees
c196-102:21507:21537 [3] NCCL INFO NCCL_NTHREADS set by environment to 128.
c196-102:21507:21537 [3] NCCL INFO NCCL_PROTO set by environment to Simple
c196-102:21507:21537 [3] NCCL INFO NCCL_ALGO set by environment to Tree
c196-102:21507:21537 [3] NCCL INFO threadThresholds 8/8/64 | 256/8/64 | 512 | 512
c196-102:21507:21537 [3] NCCL INFO 2 coll channels, 0 nvls channels, 2 p2p channels, 2 p2p channels per peer
c196-071:12071:12108 [3] NCCL INFO Connected all trees
c196-071:12071:12108 [3] NCCL INFO NCCL_NTHREADS set by environment to 128.
c196-102:21506:21536 [2] NCCL INFO Connected all trees
c196-071:12071:12108 [3] NCCL INFO NCCL_PROTO set by environment to Simple
c196-071:12071:12108 [3] NCCL INFO NCCL_ALGO set by environment to Tree
c196-102:21506:21536 [2] NCCL INFO NCCL_NTHREADS set by environment to 128.
c196-102:21506:21536 [2] NCCL INFO NCCL_PROTO set by environment to Simple
c196-071:12071:12108 [3] NCCL INFO threadThresholds 8/8/64 | 256/8/64 | 512 | 512
c196-102:21506:21536 [2] NCCL INFO NCCL_ALGO set by environment to Tree
c196-102:21506:21536 [2] NCCL INFO threadThresholds 8/8/64 | 256/8/64 | 512 | 512
c196-071:12071:12108 [3] NCCL INFO 2 coll channels, 0 nvls channels, 2 p2p channels, 2 p2p channels per peer
c196-102:21506:21536 [2] NCCL INFO 2 coll channels, 0 nvls channels, 2 p2p channels, 2 p2p channels per peer
c196-071:12070:12102 [2] NCCL INFO Connected all trees
c196-071:12070:12102 [2] NCCL INFO NCCL_NTHREADS set by environment to 128.
c196-071:12070:12102 [2] NCCL INFO NCCL_PROTO set by environment to Simple
c196-071:12070:12102 [2] NCCL INFO NCCL_ALGO set by environment to Tree
c196-071:12070:12102 [2] NCCL INFO threadThresholds 8/8/64 | 256/8/64 | 512 | 512
c196-071:12070:12102 [2] NCCL INFO 2 coll channels, 0 nvls channels, 2 p2p channels, 2 p2p channels per peer
c196-081:5625:5657 [1] NCCL INFO Channel 00/0 : 4[2000] -> 9[3000] [receive] via NET/IB/0
c196-082:31031:31066 [1] NCCL INFO Channel 01/0 : 13[3000] -> 20[2000] [send] via NET/IB/0
c196-091:11053:11087 [1] NCCL INFO Channel 00/0 : 8[2000] -> 17[3000] [receive] via NET/IB/0
c196-072:9025:9060 [1] NCCL INFO Channel 01/0 : 5[3000] -> 8[2000] [send] via NET/IB/0
c196-092:21197:21230 [1] NCCL INFO Channel 01/0 : 21[3000] -> 24[2000] [send] via NET/IB/0
c196-101:30162:30200 [1] NCCL INFO Channel 00/0 : 20[2000] -> 25[3000] [receive] via NET/IB/0
c196-082:31030:31065 [0] NCCL INFO Channel 00/0 : 8[2000] -> 12[2000] [receive] via NET/IB/0
c196-091:11052:11084 [0] NCCL INFO Channel 01/0 : 16[2000] -> 20[2000] [send] via NET/IB/0
c196-101:30161:30197 [0] NCCL INFO Channel 01/0 : 21[3000] -> 24[2000] [receive] via NET/IB/0
c196-072:9024:9059 [0] NCCL INFO Channel 01/0 : 0[2000] -> 4[2000] [receive] via NET/IB/0
c196-092:21196:21231 [0] NCCL INFO Channel 01/0 : 16[2000] -> 20[2000] [receive] via NET/IB/0
c196-071:12068:12104 [0] NCCL INFO Channel 01/0 : 0[2000] -> 4[2000] [send] via NET/IB/0
c196-102:21504:21538 [0] NCCL INFO Channel 00/0 : 24[2000] -> 28[2000] [receive] via NET/IB/0
c196-081:5624:5659 [0] NCCL INFO Channel 01/0 : 5[3000] -> 8[2000] [receive] via NET/IB/0
c196-092:21197:21230 [1] NCCL INFO Channel 01/0 : 24[2000] -> 21[3000] [receive] via NET/IB/0
c196-072:9025:9060 [1] NCCL INFO Channel 01/0 : 8[2000] -> 5[3000] [receive] via NET/IB/0
c196-091:11052:11084 [0] NCCL INFO Channel 00/0 : 16[2000] -> 24[2000] [send] via NET/IB/0
c196-101:30161:30197 [0] NCCL INFO Channel 00/0 : 24[2000] -> 28[2000] [send] via NET/IB/0
c196-072:9024:9059 [0] NCCL INFO Channel 00/0 : 4[2000] -> 9[3000] [send] via NET/IB/0
c196-092:21196:21231 [0] NCCL INFO Channel 00/0 : 20[2000] -> 25[3000] [send] via NET/IB/0
c196-071:12068:12104 [0] NCCL INFO Channel 00/0 : 16[2000] -> 0[2000] [receive] via NET/IB/0
c196-081:5624:5659 [0] NCCL INFO Channel 00/0 : 8[2000] -> 12[2000] [send] via NET/IB/0
c196-081:5625:5657 [1] NCCL INFO Channel 00/0 : 9[3000] -> 4[2000] [send] via NET/IB/0
c196-102:21504:21538 [0] NCCL INFO Channel 01/0 : 12[2000] -> 28[2000] [receive] via NET/IB/0
c196-101:30162:30200 [1] NCCL INFO Channel 00/0 : 25[3000] -> 20[2000] [send] via NET/IB/0
c196-082:31030:31065 [0] NCCL INFO Channel 01/0 : 4[2000] -> 12[2000] [receive] via NET/IB/0
c196-101:30161:30197 [0] NCCL INFO Channel 00/0 : 16[2000] -> 24[2000] [receive] via NET/IB/0
c196-072:9024:9059 [0] NCCL INFO Channel 01/0 : 4[2000] -> 12[2000] [send] via NET/IB/0
c196-092:21196:21231 [0] NCCL INFO Channel 01/0 : 13[3000] -> 20[2000] [receive] via NET/IB/0
c196-071:12068:12104 [0] NCCL INFO Channel 00/0 : 0[2000] -> 16[2000] [send] via NET/IB/0
c196-081:5624:5659 [0] NCCL INFO Channel 00/0 : 8[2000] -> 17[3000] [send] via NET/IB/0
c196-082:31031:31066 [1] NCCL INFO Channel 01/0 : 20[2000] -> 13[3000] [receive] via NET/IB/0
c196-091:11052:11084 [0] NCCL INFO Channel 00/0 : 0[2000] -> 16[2000] [receive] via NET/IB/0
c196-102:21504:21538 [0] NCCL INFO Channel 01/0 : 28[2000] -> 12[2000] [send] via NET/IB/0
c196-091:11053:11087 [1] NCCL INFO Channel 00/0 : 17[3000] -> 8[2000] [send] via NET/IB/0
c196-082:31030:31065 [0] NCCL INFO Channel 01/0 : 28[2000] -> 12[2000] [receive] via NET/IB/0
c196-101:30161:30197 [0] NCCL INFO Channel 00/0 : 24[2000] -> 16[2000] [send] via NET/IB/0
c196-072:9024:9059 [0] NCCL INFO Channel 01/0 : 12[2000] -> 4[2000] [receive] via NET/IB/0
c196-092:21196:21231 [0] NCCL INFO Channel 01/0 : 20[2000] -> 13[3000] [send] via NET/IB/0
c196-081:5624:5659 [0] NCCL INFO Channel 00/0 : 17[3000] -> 8[2000] [receive] via NET/IB/0
c196-082:31031:31066 [1] NCCL INFO Channel 00 : 13[3000] -> 12[2000] via SHM/direct/direct
c196-082:31031:31066 [1] NCCL INFO Channel 01 : 13[3000] -> 12[2000] via SHM/direct/direct
c196-091:11053:11087 [1] NCCL INFO Channel 00 : 17[3000] -> 16[2000] via SHM/direct/direct
c196-091:11053:11087 [1] NCCL INFO Channel 01 : 17[3000] -> 16[2000] via SHM/direct/direct
c196-082:31032:31064 [2] NCCL INFO Connected all trees
c196-082:31032:31064 [2] NCCL INFO NCCL_NTHREADS set by environment to 128.
c196-082:31032:31064 [2] NCCL INFO NCCL_PROTO set by environment to Simple
c196-082:31032:31064 [2] NCCL INFO NCCL_ALGO set by environment to Tree
c196-082:31032:31064 [2] NCCL INFO threadThresholds 8/8/64 | 256/8/64 | 512 | 512
c196-082:31032:31064 [2] NCCL INFO 2 coll channels, 0 nvls channels, 2 p2p channels, 2 p2p channels per peer
c196-091:11054:11086 [2] NCCL INFO Connected all trees
c196-091:11054:11086 [2] NCCL INFO NCCL_NTHREADS set by environment to 128.
c196-091:11054:11086 [2] NCCL INFO NCCL_PROTO set by environment to Simple
c196-091:11054:11086 [2] NCCL INFO NCCL_ALGO set by environment to Tree
c196-091:11054:11086 [2] NCCL INFO threadThresholds 8/8/64 | 256/8/64 | 512 | 512
c196-091:11054:11086 [2] NCCL INFO 2 coll channels, 0 nvls channels, 2 p2p channels, 2 p2p channels per peer
c196-091:11052:11084 [0] NCCL INFO Channel 00/0 : 16[2000] -> 0[2000] [send] via NET/IB/0
c196-071:12068:12104 [0] NCCL INFO Channel 01/0 : 4[2000] -> 0[2000] [receive] via NET/IB/0
c196-082:31030:31065 [0] NCCL INFO Channel 01/0 : 12[2000] -> 28[2000] [send] via NET/IB/0
c196-092:21196:21231 [0] NCCL INFO Channel 00/0 : 25[3000] -> 20[2000] [receive] via NET/IB/0
c196-081:5624:5659 [0] NCCL INFO Channel 00/0 : 12[2000] -> 8[2000] [receive] via NET/IB/0
c196-101:30162:30200 [1] NCCL INFO Channel 00 : 25[3000] -> 24[2000] via SHM/direct/direct
c196-101:30162:30200 [1] NCCL INFO Channel 01 : 25[3000] -> 24[2000] via SHM/direct/direct
c196-101:30163:30196 [2] NCCL INFO Connected all trees
c196-101:30163:30196 [2] NCCL INFO NCCL_NTHREADS set by environment to 128.
c196-101:30163:30196 [2] NCCL INFO NCCL_PROTO set by environment to Simple
c196-101:30163:30196 [2] NCCL INFO NCCL_ALGO set by environment to Tree
c196-101:30163:30196 [2] NCCL INFO threadThresholds 8/8/64 | 256/8/64 | 512 | 512
c196-101:30163:30196 [2] NCCL INFO 2 coll channels, 0 nvls channels, 2 p2p channels, 2 p2p channels per peer
c196-102:21504:21538 [0] NCCL INFO Channel 00/0 : 28[2000] -> 24[2000] [send] via NET/IB/0
c196-091:11052:11084 [0] NCCL INFO Channel 00/0 : 24[2000] -> 16[2000] [receive] via NET/IB/0
c196-082:31030:31065 [0] NCCL INFO Channel 01/0 : 12[2000] -> 4[2000] [send] via NET/IB/0
c196-092:21196:21231 [0] NCCL INFO Channel 01/0 : 20[2000] -> 16[2000] [send] via NET/IB/0
c196-101:30161:30197 [0] NCCL INFO Channel 00/0 : 28[2000] -> 24[2000] [receive] via NET/IB/0
c196-102:21505:21539 [1] NCCL INFO Connected all trees
c196-102:21505:21539 [1] NCCL INFO NCCL_NTHREADS set by environment to 128.
c196-102:21505:21539 [1] NCCL INFO NCCL_PROTO set by environment to Simple
c196-102:21505:21539 [1] NCCL INFO NCCL_ALGO set by environment to Tree
c196-102:21505:21539 [1] NCCL INFO threadThresholds 8/8/64 | 256/8/64 | 512 | 512
c196-102:21505:21539 [1] NCCL INFO 2 coll channels, 0 nvls channels, 2 p2p channels, 2 p2p channels per peer
c196-072:9024:9059 [0] NCCL INFO Channel 00/0 : 9[3000] -> 4[2000] [receive] via NET/IB/0
c196-091:11052:11084 [0] NCCL INFO Channel 01/0 : 20[2000] -> 16[2000] [receive] via NET/IB/0
c196-081:5625:5657 [1] NCCL INFO Channel 00 : 9[3000] -> 8[2000] via SHM/direct/direct
c196-081:5625:5657 [1] NCCL INFO Channel 01 : 9[3000] -> 8[2000] via SHM/direct/direct
c196-081:5626:5658 [2] NCCL INFO Connected all trees
c196-081:5626:5658 [2] NCCL INFO NCCL_NTHREADS set by environment to 128.
c196-081:5626:5658 [2] NCCL INFO NCCL_PROTO set by environment to Simple
c196-081:5626:5658 [2] NCCL INFO NCCL_ALGO set by environment to Tree
c196-081:5626:5658 [2] NCCL INFO threadThresholds 8/8/64 | 256/8/64 | 512 | 512
c196-081:5626:5658 [2] NCCL INFO 2 coll channels, 0 nvls channels, 2 p2p channels, 2 p2p channels per peer
c196-082:31030:31065 [0] NCCL INFO Channel 00/0 : 12[2000] -> 8[2000] [send] via NET/IB/0
c196-101:30161:30197 [0] NCCL INFO Channel 01/0 : 24[2000] -> 21[3000] [send] via NET/IB/0
c196-092:21197:21230 [1] NCCL INFO Channel 00 : 21[3000] -> 20[2000] via SHM/direct/direct
c196-092:21197:21230 [1] NCCL INFO Channel 01 : 21[3000] -> 20[2000] via SHM/direct/direct
c196-092:21198:21229 [2] NCCL INFO Connected all trees
c196-092:21198:21229 [2] NCCL INFO NCCL_NTHREADS set by environment to 128.
c196-092:21198:21229 [2] NCCL INFO NCCL_PROTO set by environment to Simple
c196-092:21198:21229 [2] NCCL INFO NCCL_ALGO set by environment to Tree
c196-092:21198:21229 [2] NCCL INFO threadThresholds 8/8/64 | 256/8/64 | 512 | 512
c196-092:21198:21229 [2] NCCL INFO 2 coll channels, 0 nvls channels, 2 p2p channels, 2 p2p channels per peer
c196-081:5624:5659 [0] NCCL INFO Channel 01/0 : 8[2000] -> 5[3000] [send] via NET/IB/0
c196-072:9024:9059 [0] NCCL INFO Channel 01/0 : 4[2000] -> 0[2000] [send] via NET/IB/0
c196-102:21504:21538 [0] NCCL INFO Connected all trees
c196-102:21504:21538 [0] NCCL INFO NCCL_NTHREADS set by environment to 128.
c196-102:21504:21538 [0] NCCL INFO NCCL_PROTO set by environment to Simple
c196-102:21504:21538 [0] NCCL INFO NCCL_ALGO set by environment to Tree
c196-102:21504:21538 [0] NCCL INFO threadThresholds 8/8/64 | 256/8/64 | 512 | 512
c196-102:21504:21538 [0] NCCL INFO 2 coll channels, 0 nvls channels, 2 p2p channels, 2 p2p channels per peer
c196-082:31031:31066 [1] NCCL INFO Connected all trees
c196-082:31031:31066 [1] NCCL INFO NCCL_NTHREADS set by environment to 128.
c196-082:31031:31066 [1] NCCL INFO NCCL_PROTO set by environment to Simple
c196-082:31031:31066 [1] NCCL INFO NCCL_ALGO set by environment to Tree
c196-082:31031:31066 [1] NCCL INFO threadThresholds 8/8/64 | 256/8/64 | 512 | 512
c196-082:31031:31066 [1] NCCL INFO 2 coll channels, 0 nvls channels, 2 p2p channels, 2 p2p channels per peer
c196-101:30162:30200 [1] NCCL INFO Connected all trees
c196-101:30162:30200 [1] NCCL INFO NCCL_NTHREADS set by environment to 128.
c196-101:30162:30200 [1] NCCL INFO NCCL_PROTO set by environment to Simple
c196-101:30162:30200 [1] NCCL INFO NCCL_ALGO set by environment to Tree
c196-101:30162:30200 [1] NCCL INFO threadThresholds 8/8/64 | 256/8/64 | 512 | 512
c196-101:30162:30200 [1] NCCL INFO 2 coll channels, 0 nvls channels, 2 p2p channels, 2 p2p channels per peer
c196-072:9025:9060 [1] NCCL INFO Channel 00 : 5[3000] -> 4[2000] via SHM/direct/direct
c196-072:9025:9060 [1] NCCL INFO Channel 01 : 5[3000] -> 4[2000] via SHM/direct/direct
c196-071:12069:12103 [1] NCCL INFO Connected all trees
c196-071:12069:12103 [1] NCCL INFO NCCL_NTHREADS set by environment to 128.
c196-071:12069:12103 [1] NCCL INFO NCCL_PROTO set by environment to Simple
c196-071:12069:12103 [1] NCCL INFO NCCL_ALGO set by environment to Tree
c196-071:12069:12103 [1] NCCL INFO threadThresholds 8/8/64 | 256/8/64 | 512 | 512
c196-071:12069:12103 [1] NCCL INFO 2 coll channels, 0 nvls channels, 2 p2p channels, 2 p2p channels per peer
c196-072:9026:9057 [2] NCCL INFO Connected all trees
c196-072:9026:9057 [2] NCCL INFO NCCL_NTHREADS set by environment to 128.
c196-072:9026:9057 [2] NCCL INFO NCCL_PROTO set by environment to Simple
c196-072:9026:9057 [2] NCCL INFO NCCL_ALGO set by environment to Tree
c196-072:9026:9057 [2] NCCL INFO threadThresholds 8/8/64 | 256/8/64 | 512 | 512
c196-072:9026:9057 [2] NCCL INFO 2 coll channels, 0 nvls channels, 2 p2p channels, 2 p2p channels per peer
c196-092:21197:21230 [1] NCCL INFO Connected all trees
c196-092:21197:21230 [1] NCCL INFO NCCL_NTHREADS set by environment to 128.
c196-092:21197:21230 [1] NCCL INFO NCCL_PROTO set by environment to Simple
c196-092:21197:21230 [1] NCCL INFO NCCL_ALGO set by environment to Tree
c196-092:21197:21230 [1] NCCL INFO threadThresholds 8/8/64 | 256/8/64 | 512 | 512
c196-092:21197:21230 [1] NCCL INFO 2 coll channels, 0 nvls channels, 2 p2p channels, 2 p2p channels per peer
c196-091:11053:11087 [1] NCCL INFO Connected all trees
c196-091:11053:11087 [1] NCCL INFO NCCL_NTHREADS set by environment to 128.
c196-091:11053:11087 [1] NCCL INFO NCCL_PROTO set by environment to Simple
c196-091:11053:11087 [1] NCCL INFO NCCL_ALGO set by environment to Tree
c196-091:11053:11087 [1] NCCL INFO threadThresholds 8/8/64 | 256/8/64 | 512 | 512
c196-091:11053:11087 [1] NCCL INFO 2 coll channels, 0 nvls channels, 2 p2p channels, 2 p2p channels per peer
c196-081:5625:5657 [1] NCCL INFO Connected all trees
c196-081:5625:5657 [1] NCCL INFO NCCL_NTHREADS set by environment to 128.
c196-081:5625:5657 [1] NCCL INFO NCCL_PROTO set by environment to Simple
c196-081:5625:5657 [1] NCCL INFO NCCL_ALGO set by environment to Tree
c196-081:5625:5657 [1] NCCL INFO threadThresholds 8/8/64 | 256/8/64 | 512 | 512
c196-081:5625:5657 [1] NCCL INFO 2 coll channels, 0 nvls channels, 2 p2p channels, 2 p2p channels per peer
c196-092:21196:21231 [0] NCCL INFO Connected all trees
c196-092:21196:21231 [0] NCCL INFO NCCL_NTHREADS set by environment to 128.
c196-092:21196:21231 [0] NCCL INFO NCCL_PROTO set by environment to Simple
c196-092:21196:21231 [0] NCCL INFO NCCL_ALGO set by environment to Tree
c196-092:21196:21231 [0] NCCL INFO threadThresholds 8/8/64 | 256/8/64 | 512 | 512
c196-092:21196:21231 [0] NCCL INFO 2 coll channels, 0 nvls channels, 2 p2p channels, 2 p2p channels per peer
c196-101:30161:30197 [0] NCCL INFO Connected all trees
c196-101:30161:30197 [0] NCCL INFO NCCL_NTHREADS set by environment to 128.
c196-101:30161:30197 [0] NCCL INFO NCCL_PROTO set by environment to Simple
c196-101:30161:30197 [0] NCCL INFO NCCL_ALGO set by environment to Tree
c196-101:30161:30197 [0] NCCL INFO threadThresholds 8/8/64 | 256/8/64 | 512 | 512
c196-101:30161:30197 [0] NCCL INFO 2 coll channels, 0 nvls channels, 2 p2p channels, 2 p2p channels per peer
c196-082:31030:31065 [0] NCCL INFO Connected all trees
c196-082:31030:31065 [0] NCCL INFO NCCL_NTHREADS set by environment to 128.
c196-082:31030:31065 [0] NCCL INFO NCCL_PROTO set by environment to Simple
c196-082:31030:31065 [0] NCCL INFO NCCL_ALGO set by environment to Tree
c196-082:31030:31065 [0] NCCL INFO threadThresholds 8/8/64 | 256/8/64 | 512 | 512
c196-082:31030:31065 [0] NCCL INFO 2 coll channels, 0 nvls channels, 2 p2p channels, 2 p2p channels per peer
c196-072:9025:9060 [1] NCCL INFO Connected all trees
c196-072:9025:9060 [1] NCCL INFO NCCL_NTHREADS set by environment to 128.
c196-072:9025:9060 [1] NCCL INFO NCCL_PROTO set by environment to Simple
c196-072:9025:9060 [1] NCCL INFO NCCL_ALGO set by environment to Tree
c196-072:9025:9060 [1] NCCL INFO threadThresholds 8/8/64 | 256/8/64 | 512 | 512
c196-072:9025:9060 [1] NCCL INFO 2 coll channels, 0 nvls channels, 2 p2p channels, 2 p2p channels per peer
c196-071:12068:12104 [0] NCCL INFO Connected all trees
c196-071:12068:12104 [0] NCCL INFO NCCL_NTHREADS set by environment to 128.
c196-071:12068:12104 [0] NCCL INFO NCCL_PROTO set by environment to Simple
c196-071:12068:12104 [0] NCCL INFO NCCL_ALGO set by environment to Tree
c196-071:12068:12104 [0] NCCL INFO threadThresholds 8/8/64 | 256/8/64 | 512 | 512
c196-071:12068:12104 [0] NCCL INFO 2 coll channels, 0 nvls channels, 2 p2p channels, 2 p2p channels per peer
c196-091:11052:11084 [0] NCCL INFO Connected all trees
c196-091:11052:11084 [0] NCCL INFO NCCL_NTHREADS set by environment to 128.
c196-091:11052:11084 [0] NCCL INFO NCCL_PROTO set by environment to Simple
c196-091:11052:11084 [0] NCCL INFO NCCL_ALGO set by environment to Tree
c196-091:11052:11084 [0] NCCL INFO threadThresholds 8/8/64 | 256/8/64 | 512 | 512
c196-091:11052:11084 [0] NCCL INFO 2 coll channels, 0 nvls channels, 2 p2p channels, 2 p2p channels per peer
c196-081:5624:5659 [0] NCCL INFO Connected all trees
c196-081:5624:5659 [0] NCCL INFO NCCL_NTHREADS set by environment to 128.
c196-081:5624:5659 [0] NCCL INFO NCCL_PROTO set by environment to Simple
c196-081:5624:5659 [0] NCCL INFO NCCL_ALGO set by environment to Tree
c196-081:5624:5659 [0] NCCL INFO threadThresholds 8/8/64 | 256/8/64 | 512 | 512
c196-081:5624:5659 [0] NCCL INFO 2 coll channels, 0 nvls channels, 2 p2p channels, 2 p2p channels per peer
c196-072:9024:9059 [0] NCCL INFO Connected all trees
c196-072:9024:9059 [0] NCCL INFO NCCL_NTHREADS set by environment to 128.
c196-072:9024:9059 [0] NCCL INFO NCCL_PROTO set by environment to Simple
c196-072:9024:9059 [0] NCCL INFO NCCL_ALGO set by environment to Tree
c196-072:9024:9059 [0] NCCL INFO threadThresholds 8/8/64 | 256/8/64 | 512 | 512
c196-072:9024:9059 [0] NCCL INFO 2 coll channels, 0 nvls channels, 2 p2p channels, 2 p2p channels per peer
c196-102:21504:21538 [0] NCCL INFO comm 0x707b050 rank 28 nranks 32 cudaDev 0 busId 2000 commId 0xc55f83e79a63b5cb - Init COMPLETE
c196-102:21505:21539 [1] NCCL INFO comm 0x6695fb0 rank 29 nranks 32 cudaDev 1 busId 3000 commId 0xc55f83e79a63b5cb - Init COMPLETE
c196-102:21506:21536 [2] NCCL INFO comm 0x646f0f0 rank 30 nranks 32 cudaDev 2 busId 82000 commId 0xc55f83e79a63b5cb - Init COMPLETE
c196-102:21507:21537 [3] NCCL INFO comm 0x6018100 rank 31 nranks 32 cudaDev 3 busId 83000 commId 0xc55f83e79a63b5cb - Init COMPLETE
c196-092:21197:21230 [1] NCCL INFO comm 0x5d89fe0 rank 21 nranks 32 cudaDev 1 busId 3000 commId 0xc55f83e79a63b5cb - Init COMPLETE
c196-092:21198:21229 [2] NCCL INFO comm 0x7158100 rank 22 nranks 32 cudaDev 2 busId 82000 commId 0xc55f83e79a63b5cb - Init COMPLETE
c196-092:21199:21232 [3] NCCL INFO comm 0x569f090 rank 23 nranks 32 cudaDev 3 busId 83000 commId 0xc55f83e79a63b5cb - Init COMPLETE
c196-092:21196:21231 [0] NCCL INFO comm 0x52cf020 rank 20 nranks 32 cudaDev 0 busId 2000 commId 0xc55f83e79a63b5cb - Init COMPLETE
c196-101:30161:30197 [0] NCCL INFO comm 0x563c1b0 rank 24 nranks 32 cudaDev 0 busId 2000 commId 0xc55f83e79a63b5cb - Init COMPLETE
c196-101:30162:30200 [1] NCCL INFO comm 0x6c1a000 rank 25 nranks 32 cudaDev 1 busId 3000 commId 0xc55f83e79a63b5cb - Init COMPLETE
c196-101:30163:30196 [2] NCCL INFO comm 0x5bf6fd0 rank 26 nranks 32 cudaDev 2 busId 82000 commId 0xc55f83e79a63b5cb - Init COMPLETE
c196-101:30164:30195 [3] NCCL INFO comm 0x6d4f120 rank 27 nranks 32 cudaDev 3 busId 83000 commId 0xc55f83e79a63b5cb - Init COMPLETE
c196-082:31032:31064 [2] NCCL INFO comm 0x5ab0130 rank 14 nranks 32 cudaDev 2 busId 82000 commId 0xc55f83e79a63b5cb - Init COMPLETE
c196-082:31033:31062 [3] NCCL INFO comm 0x5786130 rank 15 nranks 32 cudaDev 3 busId 83000 commId 0xc55f83e79a63b5cb - Init COMPLETE
c196-082:31030:31065 [0] NCCL INFO comm 0x6bec210 rank 12 nranks 32 cudaDev 0 busId 2000 commId 0xc55f83e79a63b5cb - Init COMPLETE
c196-082:31031:31066 [1] NCCL INFO comm 0x66bc130 rank 13 nranks 32 cudaDev 1 busId 3000 commId 0xc55f83e79a63b5cb - Init COMPLETE
c196-091:11052:11084 [0] NCCL INFO comm 0x7193190 rank 16 nranks 32 cudaDev 0 busId 2000 commId 0xc55f83e79a63b5cb - Init COMPLETE
c196-091:11054:11086 [2] NCCL INFO comm 0x58dcf00 rank 18 nranks 32 cudaDev 2 busId 82000 commId 0xc55f83e79a63b5cb - Init COMPLETE
c196-091:11053:11087 [1] NCCL INFO comm 0x667f040 rank 17 nranks 32 cudaDev 1 busId 3000 commId 0xc55f83e79a63b5cb - Init COMPLETE
c196-091:11055:11090 [3] NCCL INFO comm 0x709a080 rank 19 nranks 32 cudaDev 3 busId 83000 commId 0xc55f83e79a63b5cb - Init COMPLETE
c196-071:12068:12104 [0] NCCL INFO comm 0x6893150 rank 0 nranks 32 cudaDev 0 busId 2000 commId 0xc55f83e79a63b5cb - Init COMPLETE
c196-071:12069:12103 [1] NCCL INFO comm 0x5c84100 rank 1 nranks 32 cudaDev 1 busId 3000 commId 0xc55f83e79a63b5cb - Init COMPLETE
c196-071:12070:12102 [2] NCCL INFO comm 0x5ca30d0 rank 2 nranks 32 cudaDev 2 busId 82000 commId 0xc55f83e79a63b5cb - Init COMPLETE
c196-071:12071:12108 [3] NCCL INFO comm 0x6960fb0 rank 3 nranks 32 cudaDev 3 busId 83000 commId 0xc55f83e79a63b5cb - Init COMPLETE
#
#                                                              out-of-place                       in-place          
#       size         count      type   redop    root     time   algbw   busbw #wrong     time   algbw   busbw #wrong
#        (B)    (elements)                               (us)  (GB/s)  (GB/s)            (us)  (GB/s)  (GB/s)       
c196-081:5624:5659 [0] NCCL INFO comm 0x6843f60 rank 8 nranks 32 cudaDev 0 busId 2000 commId 0xc55f83e79a63b5cb - Init COMPLETE
c196-081:5626:5658 [2] NCCL INFO comm 0x6340e60 rank 10 nranks 32 cudaDev 2 busId 82000 commId 0xc55f83e79a63b5cb - Init COMPLETE
c196-081:5625:5657 [1] NCCL INFO comm 0x5ae7d30 rank 9 nranks 32 cudaDev 1 busId 3000 commId 0xc55f83e79a63b5cb - Init COMPLETE
c196-081:5627:5656 [3] NCCL INFO comm 0x52dcef0 rank 11 nranks 32 cudaDev 3 busId 83000 commId 0xc55f83e79a63b5cb - Init COMPLETE
c196-072:9024:9059 [0] NCCL INFO comm 0x70401d0 rank 4 nranks 32 cudaDev 0 busId 2000 commId 0xc55f83e79a63b5cb - Init COMPLETE
c196-072:9025:9060 [1] NCCL INFO comm 0x5650f10 rank 5 nranks 32 cudaDev 1 busId 3000 commId 0xc55f83e79a63b5cb - Init COMPLETE
c196-072:9026:9057 [2] NCCL INFO comm 0x5944120 rank 6 nranks 32 cudaDev 2 busId 82000 commId 0xc55f83e79a63b5cb - Init COMPLETE
c196-072:9027:9058 [3] NCCL INFO comm 0x62a7f50 rank 7 nranks 32 cudaDev 3 busId 83000 commId 0xc55f83e79a63b5cb - Init COMPLETE
    16777216       4194304     float     sum      -1   8209.9    2.04    3.96      0   8193.4    2.05    3.97      0
c196-081:5626:5626 [2] NCCL INFO comm 0x6340e60 rank 10 nranks 32 cudaDev 2 busId 82000 - Destroy COMPLETE
c196-072:9026:9026 [2] NCCL INFO comm 0x5944120 rank 6 nranks 32 cudaDev 2 busId 82000 - Destroy COMPLETE
c196-082:31032:31032 [2] NCCL INFO comm 0x5ab0130 rank 14 nranks 32 cudaDev 2 busId 82000 - Destroy COMPLETE
c196-092:21198:21198 [2] NCCL INFO comm 0x7158100 rank 22 nranks 32 cudaDev 2 busId 82000 - Destroy COMPLETE
c196-091:11054:11054 [2] NCCL INFO comm 0x58dcf00 rank 18 nranks 32 cudaDev 2 busId 82000 - Destroy COMPLETE
c196-102:21506:21506 [2] NCCL INFO comm 0x646f0f0 rank 30 nranks 32 cudaDev 2 busId 82000 - Destroy COMPLETE
c196-101:30163:30163 [2] NCCL INFO comm 0x5bf6fd0 rank 26 nranks 32 cudaDev 2 busId 82000 - Destroy COMPLETE
c196-081:5627:5627 [3] NCCL INFO comm 0x52dcef0 rank 11 nranks 32 cudaDev 3 busId 83000 - Destroy COMPLETE
c196-072:9027:9027 [3] NCCL INFO comm 0x62a7f50 rank 7 nranks 32 cudaDev 3 busId 83000 - Destroy COMPLETE
c196-071:12071:12071 [3] NCCL INFO comm 0x6960fb0 rank 3 nranks 32 cudaDev 3 busId 83000 - Destroy COMPLETE
c196-082:31033:31033 [3] NCCL INFO comm 0x5786130 rank 15 nranks 32 cudaDev 3 busId 83000 - Destroy COMPLETE
c196-092:21199:21199 [3] NCCL INFO comm 0x569f090 rank 23 nranks 32 cudaDev 3 busId 83000 - Destroy COMPLETE
c196-091:11055:11055 [3] NCCL INFO comm 0x709a080 rank 19 nranks 32 cudaDev 3 busId 83000 - Destroy COMPLETE
c196-071:12069:12069 [1] NCCL INFO comm 0x5c84100 rank 1 nranks 32 cudaDev 1 busId 3000 - Destroy COMPLETE
c196-102:21507:21507 [3] NCCL INFO comm 0x6018100 rank 31 nranks 32 cudaDev 3 busId 83000 - Destroy COMPLETE
c196-101:30164:30164 [3] NCCL INFO comm 0x6d4f120 rank 27 nranks 32 cudaDev 3 busId 83000 - Destroy COMPLETE
c196-102:21505:21505 [1] NCCL INFO comm 0x6695fb0 rank 29 nranks 32 cudaDev 1 busId 3000 - Destroy COMPLETE
c196-071:12070:12070 [2] NCCL INFO comm 0x5ca30d0 rank 2 nranks 32 cudaDev 2 busId 82000 - Destroy COMPLETE
c196-082:31031:31031 [1] NCCL INFO comm 0x66bc130 rank 13 nranks 32 cudaDev 1 busId 3000 - Destroy COMPLETE
c196-081:5625:5625 [1] NCCL INFO comm 0x5ae7d30 rank 9 nranks 32 cudaDev 1 busId 3000 - Destroy COMPLETE
c196-072:9025:9025 [1] NCCL INFO comm 0x5650f10 rank 5 nranks 32 cudaDev 1 busId 3000 - Destroy COMPLETE
c196-092:21197:21197 [1] NCCL INFO comm 0x5d89fe0 rank 21 nranks 32 cudaDev 1 busId 3000 - Destroy COMPLETE
c196-091:11053:11053 [1] NCCL INFO comm 0x667f040 rank 17 nranks 32 cudaDev 1 busId 3000 - Destroy COMPLETE
c196-101:30162:30162 [1] NCCL INFO comm 0x6c1a000 rank 25 nranks 32 cudaDev 1 busId 3000 - Destroy COMPLETE
c196-071:12068:12068 [0] NCCL INFO comm 0x6893150 rank 0 nranks 32 cudaDev 0 busId 2000 - Destroy COMPLETE
c196-102:21504:21504 [0] NCCL INFO comm 0x707b050 rank 28 nranks 32 cudaDev 0 busId 2000 - Destroy COMPLETE
c196-092:21196:21196 [0] NCCL INFO comm 0x52cf020 rank 20 nranks 32 cudaDev 0 busId 2000 - Destroy COMPLETE
# Out of bounds values : 0 OK
# Avg bus bandwidth    : 3.96332 
#
c196-081:5624:5624 [0] NCCL INFO comm 0x6843f60 rank 8 nranks 32 cudaDev 0 busId 2000 - Destroy COMPLETE
c196-091:11052:11052 [0] NCCL INFO comm 0x7193190 rank 16 nranks 32 cudaDev 0 busId 2000 - Destroy COMPLETE
c196-072:9024:9024 [0] NCCL INFO comm 0x70401d0 rank 4 nranks 32 cudaDev 0 busId 2000 - Destroy COMPLETE
c196-101:30161:30161 [0] NCCL INFO comm 0x563c1b0 rank 24 nranks 32 cudaDev 0 busId 2000 - Destroy COMPLETE
c196-082:31030:31030 [0] NCCL INFO comm 0x6bec210 rank 12 nranks 32 cudaDev 0 busId 2000 - Destroy COMPLETE

# nThread 1 nGpus 1 minBytes 16777216 maxBytes 16777216 step: 2(factor) warmup iters: 5 iters: 60 agg iters: 1 validation: 1 graph: 0
#
# Using devices
#  Rank  0 Group  0 Pid  12139 on   c196-071 device  0 [0x02] Quadro RTX 5000
#  Rank  1 Group  0 Pid  12140 on   c196-071 device  1 [0x03] Quadro RTX 5000
#  Rank  2 Group  0 Pid  12141 on   c196-071 device  2 [0x82] Quadro RTX 5000
#  Rank  3 Group  0 Pid  12142 on   c196-071 device  3 [0x83] Quadro RTX 5000
#  Rank  4 Group  0 Pid   9155 on   c196-072 device  0 [0x02] Quadro RTX 5000
#  Rank  5 Group  0 Pid   9156 on   c196-072 device  1 [0x03] Quadro RTX 5000
#  Rank  6 Group  0 Pid   9157 on   c196-072 device  2 [0x82] Quadro RTX 5000
#  Rank  7 Group  0 Pid   9158 on   c196-072 device  3 [0x83] Quadro RTX 5000
#  Rank  8 Group  0 Pid   5755 on   c196-081 device  0 [0x02] Quadro RTX 5000
#  Rank  9 Group  0 Pid   5756 on   c196-081 device  1 [0x03] Quadro RTX 5000
#  Rank 10 Group  0 Pid   5757 on   c196-081 device  2 [0x82] Quadro RTX 5000
#  Rank 11 Group  0 Pid   5758 on   c196-081 device  3 [0x83] Quadro RTX 5000
#  Rank 12 Group  0 Pid  31160 on   c196-082 device  0 [0x02] Quadro RTX 5000
#  Rank 13 Group  0 Pid  31161 on   c196-082 device  1 [0x03] Quadro RTX 5000
#  Rank 14 Group  0 Pid  31162 on   c196-082 device  2 [0x82] Quadro RTX 5000
#  Rank 15 Group  0 Pid  31163 on   c196-082 device  3 [0x83] Quadro RTX 5000
#  Rank 16 Group  0 Pid  11181 on   c196-091 device  0 [0x02] Quadro RTX 5000
#  Rank 17 Group  0 Pid  11182 on   c196-091 device  1 [0x03] Quadro RTX 5000
#  Rank 18 Group  0 Pid  11183 on   c196-091 device  2 [0x82] Quadro RTX 5000
#  Rank 19 Group  0 Pid  11184 on   c196-091 device  3 [0x83] Quadro RTX 5000
#  Rank 20 Group  0 Pid  21326 on   c196-092 device  0 [0x02] Quadro RTX 5000
#  Rank 21 Group  0 Pid  21327 on   c196-092 device  1 [0x03] Quadro RTX 5000
#  Rank 22 Group  0 Pid  21328 on   c196-092 device  2 [0x82] Quadro RTX 5000
#  Rank 23 Group  0 Pid  21329 on   c196-092 device  3 [0x83] Quadro RTX 5000
#  Rank 24 Group  0 Pid  30293 on   c196-101 device  0 [0x02] Quadro RTX 5000
#  Rank 25 Group  0 Pid  30294 on   c196-101 device  1 [0x03] Quadro RTX 5000
#  Rank 26 Group  0 Pid  30295 on   c196-101 device  2 [0x82] Quadro RTX 5000
