c196-082:31290:31326 [0] NCCL INFO Channel 01/0 : 11[83000] -> 12[2000] [receive] via NET/IB/0
c196-091:11311:11345 [0] NCCL INFO Channel 01/0 : 15[83000] -> 16[2000] [receive] via NET/IB/0
c196-101:30426:30463 [0] NCCL INFO Channel 01/0 : 23[83000] -> 24[2000] [receive] via NET/IB/0
c196-102:21763:21799 [0] NCCL INFO Channel 01/0 : 27[83000] -> 28[2000] [receive] via NET/IB/0
c196-072:9287:9320 [0] NCCL INFO Channel 01/0 : 3[83000] -> 4[2000] [receive] via NET/IB/0
c196-082:31290:31326 [0] NCCL INFO Channel 00 : 12[2000] -> 13[3000] via SHM/direct/direct
c196-091:11311:11345 [0] NCCL INFO Channel 00 : 16[2000] -> 17[3000] via SHM/direct/direct
c196-092:21456:21491 [0] NCCL INFO Channel 01/0 : 19[83000] -> 20[2000] [receive] via NET/IB/0
c196-101:30426:30463 [0] NCCL INFO Channel 00 : 24[2000] -> 25[3000] via SHM/direct/direct
c196-102:21763:21799 [0] NCCL INFO Channel 00 : 28[2000] -> 29[3000] via SHM/direct/direct
c196-082:31290:31326 [0] NCCL INFO Channel 01 : 12[2000] -> 13[3000] via SHM/direct/direct
c196-091:11311:11345 [0] NCCL INFO Channel 01 : 16[2000] -> 17[3000] via SHM/direct/direct
c196-081:5885:5921 [0] NCCL INFO Channel 01/0 : 7[83000] -> 8[2000] [receive] via NET/IB/0
c196-072:9287:9320 [0] NCCL INFO Channel 00 : 4[2000] -> 5[3000] via SHM/direct/direct
c196-101:30426:30463 [0] NCCL INFO Channel 01 : 24[2000] -> 25[3000] via SHM/direct/direct
c196-102:21763:21799 [0] NCCL INFO Channel 01 : 28[2000] -> 29[3000] via SHM/direct/direct
c196-071:12210:12244 [0] NCCL INFO Channel 01/0 : 31[83000] -> 0[2000] [receive] via NET/IB/0
c196-092:21456:21491 [0] NCCL INFO Channel 00 : 20[2000] -> 21[3000] via SHM/direct/direct
c196-072:9287:9320 [0] NCCL INFO Channel 01 : 4[2000] -> 5[3000] via SHM/direct/direct
c196-092:21456:21491 [0] NCCL INFO Channel 01 : 20[2000] -> 21[3000] via SHM/direct/direct
c196-071:12210:12244 [0] NCCL INFO Channel 00 : 0[2000] -> 1[3000] via SHM/direct/direct
c196-081:5885:5921 [0] NCCL INFO Channel 00 : 8[2000] -> 9[3000] via SHM/direct/direct
c196-081:5885:5921 [0] NCCL INFO Channel 01 : 8[2000] -> 9[3000] via SHM/direct/direct
c196-071:12210:12244 [0] NCCL INFO Channel 01 : 0[2000] -> 1[3000] via SHM/direct/direct
c196-102:21764:21801 [1] NCCL INFO Connected all rings
c196-081:5886:5920 [1] NCCL INFO Connected all rings
c196-092:21457:21489 [1] NCCL INFO Connected all rings
c196-101:30427:30462 [1] NCCL INFO Connected all rings
c196-072:9288:9326 [1] NCCL INFO Connected all rings
c196-082:31291:31325 [1] NCCL INFO Connected all rings
c196-071:12211:12246 [1] NCCL INFO Connected all rings
c196-091:11312:11347 [1] NCCL INFO Connected all rings
c196-091:11314:11346 [3] NCCL INFO Channel 01/0 : 19[83000] -> 20[2000] [send] via NET/IB/0
c196-102:21766:21797 [3] NCCL INFO Channel 01/0 : 31[83000] -> 0[2000] [send] via NET/IB/0
c196-101:30429:30460 [3] NCCL INFO Channel 01/0 : 27[83000] -> 28[2000] [send] via NET/IB/0
c196-072:9290:9321 [3] NCCL INFO Channel 01/0 : 7[83000] -> 8[2000] [send] via NET/IB/0
c196-092:21459:21492 [3] NCCL INFO Channel 01/0 : 23[83000] -> 24[2000] [send] via NET/IB/0
c196-071:12213:12247 [3] NCCL INFO Channel 01/0 : 3[83000] -> 4[2000] [send] via NET/IB/0
c196-082:31293:31323 [3] NCCL INFO Channel 01/0 : 15[83000] -> 16[2000] [send] via NET/IB/0
c196-081:5888:5918 [3] NCCL INFO Channel 01/0 : 11[83000] -> 12[2000] [send] via NET/IB/0
c196-091:11313:11344 [2] NCCL INFO Connected all rings
c196-092:21458:21490 [2] NCCL INFO Connected all rings
c196-102:21764:21801 [1] NCCL INFO Channel 00 : 29[3000] -> 28[2000] via SHM/direct/direct
c196-071:12212:12249 [2] NCCL INFO Connected all rings
c196-072:9289:9322 [2] NCCL INFO Connected all rings
c196-102:21764:21801 [1] NCCL INFO Channel 01 : 29[3000] -> 28[2000] via SHM/direct/direct
c196-102:21765:21795 [2] NCCL INFO Connected all rings
c196-071:12211:12246 [1] NCCL INFO Channel 00 : 1[3000] -> 0[2000] via SHM/direct/direct
c196-081:5887:5919 [2] NCCL INFO Connected all rings
c196-082:31292:31329 [2] NCCL INFO Connected all rings
c196-071:12211:12246 [1] NCCL INFO Channel 01 : 1[3000] -> 0[2000] via SHM/direct/direct
c196-101:30428:30459 [2] NCCL INFO Connected all rings
c196-091:11313:11344 [2] NCCL INFO Channel 00 : 18[82000] -> 17[3000] via SHM/direct/direct
c196-102:21766:21797 [3] NCCL INFO Connected all rings
c196-071:12212:12249 [2] NCCL INFO Channel 00 : 2[82000] -> 1[3000] via SHM/direct/direct
c196-102:21766:21797 [3] NCCL INFO Channel 00 : 31[83000] -> 30[82000] via SHM/direct/direct
c196-071:12212:12249 [2] NCCL INFO Channel 01 : 2[82000] -> 1[3000] via SHM/direct/direct
c196-081:5887:5919 [2] NCCL INFO Channel 00 : 10[82000] -> 9[3000] via SHM/direct/direct
c196-102:21766:21797 [3] NCCL INFO Channel 01 : 31[83000] -> 30[82000] via SHM/direct/direct
c196-081:5887:5919 [2] NCCL INFO Channel 01 : 10[82000] -> 9[3000] via SHM/direct/direct
c196-091:11313:11344 [2] NCCL INFO Channel 01 : 18[82000] -> 17[3000] via SHM/direct/direct
c196-092:21456:21491 [0] NCCL INFO Connected all rings
c196-071:12210:12244 [0] NCCL INFO Connected all rings
c196-101:30429:30460 [3] NCCL INFO Connected all rings
c196-102:21765:21795 [2] NCCL INFO Channel 00 : 30[82000] -> 29[3000] via SHM/direct/direct
c196-092:21458:21490 [2] NCCL INFO Channel 00 : 22[82000] -> 21[3000] via SHM/direct/direct
c196-101:30428:30459 [2] NCCL INFO Channel 00 : 26[82000] -> 25[3000] via SHM/direct/direct
c196-102:21765:21795 [2] NCCL INFO Channel 01 : 30[82000] -> 29[3000] via SHM/direct/direct
c196-092:21459:21492 [3] NCCL INFO Connected all rings
c196-101:30426:30463 [0] NCCL INFO Connected all rings
c196-102:21763:21799 [0] NCCL INFO Connected all rings
c196-091:11314:11346 [3] NCCL INFO Connected all rings
c196-092:21458:21490 [2] NCCL INFO Channel 01 : 22[82000] -> 21[3000] via SHM/direct/direct
c196-101:30429:30460 [3] NCCL INFO Channel 00 : 27[83000] -> 26[82000] via SHM/direct/direct
c196-092:21459:21492 [3] NCCL INFO Channel 00 : 23[83000] -> 22[82000] via SHM/direct/direct
c196-101:30428:30459 [2] NCCL INFO Channel 01 : 26[82000] -> 25[3000] via SHM/direct/direct
c196-101:30429:30460 [3] NCCL INFO Channel 01 : 27[83000] -> 26[82000] via SHM/direct/direct
c196-091:11314:11346 [3] NCCL INFO Channel 00 : 19[83000] -> 18[82000] via SHM/direct/direct
c196-072:9289:9322 [2] NCCL INFO Channel 00 : 6[82000] -> 5[3000] via SHM/direct/direct
c196-092:21459:21492 [3] NCCL INFO Channel 01 : 23[83000] -> 22[82000] via SHM/direct/direct
c196-081:5885:5921 [0] NCCL INFO Connected all rings
c196-072:9290:9321 [3] NCCL INFO Connected all rings
c196-091:11311:11345 [0] NCCL INFO Connected all rings
c196-072:9289:9322 [2] NCCL INFO Channel 01 : 6[82000] -> 5[3000] via SHM/direct/direct
c196-091:11314:11346 [3] NCCL INFO Channel 01 : 19[83000] -> 18[82000] via SHM/direct/direct
c196-072:9290:9321 [3] NCCL INFO Channel 00 : 7[83000] -> 6[82000] via SHM/direct/direct
c196-082:31292:31329 [2] NCCL INFO Channel 00 : 14[82000] -> 13[3000] via SHM/direct/direct
c196-082:31292:31329 [2] NCCL INFO Channel 01 : 14[82000] -> 13[3000] via SHM/direct/direct
c196-072:9290:9321 [3] NCCL INFO Channel 01 : 7[83000] -> 6[82000] via SHM/direct/direct
c196-071:12213:12247 [3] NCCL INFO Connected all rings
c196-072:9287:9320 [0] NCCL INFO Connected all rings
c196-071:12213:12247 [3] NCCL INFO Channel 00 : 3[83000] -> 2[82000] via SHM/direct/direct
c196-082:31293:31323 [3] NCCL INFO Connected all rings
c196-071:12213:12247 [3] NCCL INFO Channel 01 : 3[83000] -> 2[82000] via SHM/direct/direct
c196-082:31293:31323 [3] NCCL INFO Channel 00 : 15[83000] -> 14[82000] via SHM/direct/direct
c196-082:31290:31326 [0] NCCL INFO Connected all rings
c196-081:5888:5918 [3] NCCL INFO Connected all rings
c196-082:31293:31323 [3] NCCL INFO Channel 01 : 15[83000] -> 14[82000] via SHM/direct/direct
c196-081:5888:5918 [3] NCCL INFO Channel 00 : 11[83000] -> 10[82000] via SHM/direct/direct
c196-081:5888:5918 [3] NCCL INFO Channel 01 : 11[83000] -> 10[82000] via SHM/direct/direct
c196-102:21766:21797 [3] NCCL INFO Connected all trees
c196-101:30429:30460 [3] NCCL INFO Connected all trees
c196-102:21766:21797 [3] NCCL INFO NCCL_NTHREADS set by environment to 512.
c196-101:30429:30460 [3] NCCL INFO NCCL_NTHREADS set by environment to 512.
c196-102:21766:21797 [3] NCCL INFO NCCL_PROTO set by environment to Simple
c196-101:30429:30460 [3] NCCL INFO NCCL_PROTO set by environment to Simple
c196-102:21766:21797 [3] NCCL INFO NCCL_ALGO set by environment to Tree
c196-102:21766:21797 [3] NCCL INFO threadThresholds 8/8/64 | 256/8/64 | 512 | 512
c196-101:30429:30460 [3] NCCL INFO NCCL_ALGO set by environment to Tree
c196-101:30429:30460 [3] NCCL INFO threadThresholds 8/8/64 | 256/8/64 | 512 | 512
c196-102:21766:21797 [3] NCCL INFO 2 coll channels, 0 nvls channels, 2 p2p channels, 2 p2p channels per peer
c196-101:30429:30460 [3] NCCL INFO 2 coll channels, 0 nvls channels, 2 p2p channels, 2 p2p channels per peer
c196-091:11314:11346 [3] NCCL INFO Connected all trees
c196-091:11314:11346 [3] NCCL INFO NCCL_NTHREADS set by environment to 512.
c196-092:21459:21492 [3] NCCL INFO Connected all trees
c196-091:11314:11346 [3] NCCL INFO NCCL_PROTO set by environment to Simple
c196-092:21459:21492 [3] NCCL INFO NCCL_NTHREADS set by environment to 512.
c196-091:11314:11346 [3] NCCL INFO NCCL_ALGO set by environment to Tree
c196-091:11314:11346 [3] NCCL INFO threadThresholds 8/8/64 | 256/8/64 | 512 | 512
c196-092:21459:21492 [3] NCCL INFO NCCL_PROTO set by environment to Simple
c196-091:11314:11346 [3] NCCL INFO 2 coll channels, 0 nvls channels, 2 p2p channels, 2 p2p channels per peer
c196-092:21459:21492 [3] NCCL INFO NCCL_ALGO set by environment to Tree
c196-092:21459:21492 [3] NCCL INFO threadThresholds 8/8/64 | 256/8/64 | 512 | 512
c196-072:9290:9321 [3] NCCL INFO Connected all trees
c196-092:21459:21492 [3] NCCL INFO 2 coll channels, 0 nvls channels, 2 p2p channels, 2 p2p channels per peer
c196-072:9290:9321 [3] NCCL INFO NCCL_NTHREADS set by environment to 512.
c196-072:9290:9321 [3] NCCL INFO NCCL_PROTO set by environment to Simple
c196-072:9290:9321 [3] NCCL INFO NCCL_ALGO set by environment to Tree
c196-072:9290:9321 [3] NCCL INFO threadThresholds 8/8/64 | 256/8/64 | 512 | 512
c196-072:9290:9321 [3] NCCL INFO 2 coll channels, 0 nvls channels, 2 p2p channels, 2 p2p channels per peer
c196-102:21765:21795 [2] NCCL INFO Connected all trees
c196-102:21765:21795 [2] NCCL INFO NCCL_NTHREADS set by environment to 512.
c196-102:21765:21795 [2] NCCL INFO NCCL_PROTO set by environment to Simple
c196-102:21765:21795 [2] NCCL INFO NCCL_ALGO set by environment to Tree
c196-102:21765:21795 [2] NCCL INFO threadThresholds 8/8/64 | 256/8/64 | 512 | 512
c196-102:21765:21795 [2] NCCL INFO 2 coll channels, 0 nvls channels, 2 p2p channels, 2 p2p channels per peer
c196-082:31293:31323 [3] NCCL INFO Connected all trees
c196-082:31293:31323 [3] NCCL INFO NCCL_NTHREADS set by environment to 512.
c196-081:5888:5918 [3] NCCL INFO Connected all trees
c196-081:5888:5918 [3] NCCL INFO NCCL_NTHREADS set by environment to 512.
c196-082:31293:31323 [3] NCCL INFO NCCL_PROTO set by environment to Simple
c196-082:31293:31323 [3] NCCL INFO NCCL_ALGO set by environment to Tree
c196-082:31293:31323 [3] NCCL INFO threadThresholds 8/8/64 | 256/8/64 | 512 | 512
c196-081:5888:5918 [3] NCCL INFO NCCL_PROTO set by environment to Simple
c196-081:5888:5918 [3] NCCL INFO NCCL_ALGO set by environment to Tree
c196-082:31293:31323 [3] NCCL INFO 2 coll channels, 0 nvls channels, 2 p2p channels, 2 p2p channels per peer
c196-081:5888:5918 [3] NCCL INFO threadThresholds 8/8/64 | 256/8/64 | 512 | 512
c196-071:12213:12247 [3] NCCL INFO Connected all trees
c196-081:5888:5918 [3] NCCL INFO 2 coll channels, 0 nvls channels, 2 p2p channels, 2 p2p channels per peer
c196-071:12213:12247 [3] NCCL INFO NCCL_NTHREADS set by environment to 512.
c196-071:12213:12247 [3] NCCL INFO NCCL_PROTO set by environment to Simple
c196-071:12213:12247 [3] NCCL INFO NCCL_ALGO set by environment to Tree
c196-071:12213:12247 [3] NCCL INFO threadThresholds 8/8/64 | 256/8/64 | 512 | 512
c196-071:12213:12247 [3] NCCL INFO 2 coll channels, 0 nvls channels, 2 p2p channels, 2 p2p channels per peer
c196-071:12212:12249 [2] NCCL INFO Connected all trees
c196-071:12212:12249 [2] NCCL INFO NCCL_NTHREADS set by environment to 512.
c196-071:12212:12249 [2] NCCL INFO NCCL_PROTO set by environment to Simple
c196-071:12212:12249 [2] NCCL INFO NCCL_ALGO set by environment to Tree
c196-071:12212:12249 [2] NCCL INFO threadThresholds 8/8/64 | 256/8/64 | 512 | 512
c196-071:12212:12249 [2] NCCL INFO 2 coll channels, 0 nvls channels, 2 p2p channels, 2 p2p channels per peer
c196-092:21457:21489 [1] NCCL INFO Channel 01/0 : 21[3000] -> 24[2000] [send] via NET/IB/0
c196-081:5886:5920 [1] NCCL INFO Channel 00/0 : 4[2000] -> 9[3000] [receive] via NET/IB/0
c196-082:31291:31325 [1] NCCL INFO Channel 01/0 : 13[3000] -> 20[2000] [send] via NET/IB/0
c196-101:30427:30462 [1] NCCL INFO Channel 00/0 : 20[2000] -> 25[3000] [receive] via NET/IB/0
c196-072:9288:9326 [1] NCCL INFO Channel 01/0 : 5[3000] -> 8[2000] [send] via NET/IB/0
c196-091:11312:11347 [1] NCCL INFO Channel 00/0 : 8[2000] -> 17[3000] [receive] via NET/IB/0
c196-102:21763:21799 [0] NCCL INFO Channel 00/0 : 24[2000] -> 28[2000] [receive] via NET/IB/0
c196-092:21456:21491 [0] NCCL INFO Channel 01/0 : 16[2000] -> 20[2000] [receive] via NET/IB/0
c196-101:30426:30463 [0] NCCL INFO Channel 01/0 : 21[3000] -> 24[2000] [receive] via NET/IB/0
c196-081:5885:5921 [0] NCCL INFO Channel 01/0 : 5[3000] -> 8[2000] [receive] via NET/IB/0
c196-071:12210:12244 [0] NCCL INFO Channel 01/0 : 0[2000] -> 4[2000] [send] via NET/IB/0
c196-091:11311:11345 [0] NCCL INFO Channel 01/0 : 16[2000] -> 20[2000] [send] via NET/IB/0
c196-072:9287:9320 [0] NCCL INFO Channel 01/0 : 0[2000] -> 4[2000] [receive] via NET/IB/0
c196-082:31290:31326 [0] NCCL INFO Channel 00/0 : 8[2000] -> 12[2000] [receive] via NET/IB/0
c196-072:9288:9326 [1] NCCL INFO Channel 01/0 : 8[2000] -> 5[3000] [receive] via NET/IB/0
c196-092:21457:21489 [1] NCCL INFO Channel 01/0 : 24[2000] -> 21[3000] [receive] via NET/IB/0
c196-101:30426:30463 [0] NCCL INFO Channel 00/0 : 24[2000] -> 28[2000] [send] via NET/IB/0
c196-092:21456:21491 [0] NCCL INFO Channel 00/0 : 20[2000] -> 25[3000] [send] via NET/IB/0
c196-081:5885:5921 [0] NCCL INFO Channel 00/0 : 8[2000] -> 12[2000] [send] via NET/IB/0
c196-071:12210:12244 [0] NCCL INFO Channel 00/0 : 16[2000] -> 0[2000] [receive] via NET/IB/0
c196-091:11311:11345 [0] NCCL INFO Channel 00/0 : 16[2000] -> 24[2000] [send] via NET/IB/0
c196-072:9287:9320 [0] NCCL INFO Channel 00/0 : 4[2000] -> 9[3000] [send] via NET/IB/0
c196-082:31290:31326 [0] NCCL INFO Channel 01/0 : 4[2000] -> 12[2000] [receive] via NET/IB/0
c196-102:21763:21799 [0] NCCL INFO Channel 01/0 : 12[2000] -> 28[2000] [receive] via NET/IB/0
c196-101:30427:30462 [1] NCCL INFO Channel 00/0 : 25[3000] -> 20[2000] [send] via NET/IB/0
c196-081:5886:5920 [1] NCCL INFO Channel 00/0 : 9[3000] -> 4[2000] [send] via NET/IB/0
c196-101:30426:30463 [0] NCCL INFO Channel 00/0 : 16[2000] -> 24[2000] [receive] via NET/IB/0
c196-092:21456:21491 [0] NCCL INFO Channel 01/0 : 13[3000] -> 20[2000] [receive] via NET/IB/0
c196-081:5885:5921 [0] NCCL INFO Channel 00/0 : 8[2000] -> 17[3000] [send] via NET/IB/0
c196-071:12210:12244 [0] NCCL INFO Channel 00/0 : 0[2000] -> 16[2000] [send] via NET/IB/0
c196-072:9287:9320 [0] NCCL INFO Channel 01/0 : 4[2000] -> 12[2000] [send] via NET/IB/0
c196-082:31291:31325 [1] NCCL INFO Channel 01/0 : 20[2000] -> 13[3000] [receive] via NET/IB/0
c196-091:11312:11347 [1] NCCL INFO Channel 00/0 : 17[3000] -> 8[2000] [send] via NET/IB/0
c196-102:21763:21799 [0] NCCL INFO Channel 01/0 : 28[2000] -> 12[2000] [send] via NET/IB/0
c196-091:11311:11345 [0] NCCL INFO Channel 00/0 : 0[2000] -> 16[2000] [receive] via NET/IB/0
c196-082:31290:31326 [0] NCCL INFO Channel 01/0 : 28[2000] -> 12[2000] [receive] via NET/IB/0
c196-101:30426:30463 [0] NCCL INFO Channel 00/0 : 24[2000] -> 16[2000] [send] via NET/IB/0
c196-092:21456:21491 [0] NCCL INFO Channel 01/0 : 20[2000] -> 13[3000] [send] via NET/IB/0
c196-081:5885:5921 [0] NCCL INFO Channel 00/0 : 17[3000] -> 8[2000] [receive] via NET/IB/0
c196-072:9287:9320 [0] NCCL INFO Channel 01/0 : 12[2000] -> 4[2000] [receive] via NET/IB/0
c196-091:11312:11347 [1] NCCL INFO Channel 00 : 17[3000] -> 16[2000] via SHM/direct/direct
c196-091:11312:11347 [1] NCCL INFO Channel 01 : 17[3000] -> 16[2000] via SHM/direct/direct
c196-082:31291:31325 [1] NCCL INFO Channel 00 : 13[3000] -> 12[2000] via SHM/direct/direct
c196-082:31291:31325 [1] NCCL INFO Channel 01 : 13[3000] -> 12[2000] via SHM/direct/direct
c196-091:11313:11344 [2] NCCL INFO Connected all trees
c196-091:11313:11344 [2] NCCL INFO NCCL_NTHREADS set by environment to 512.
c196-091:11313:11344 [2] NCCL INFO NCCL_PROTO set by environment to Simple
c196-091:11313:11344 [2] NCCL INFO NCCL_ALGO set by environment to Tree
c196-091:11313:11344 [2] NCCL INFO threadThresholds 8/8/64 | 256/8/64 | 512 | 512
c196-091:11313:11344 [2] NCCL INFO 2 coll channels, 0 nvls channels, 2 p2p channels, 2 p2p channels per peer
c196-082:31292:31329 [2] NCCL INFO Connected all trees
c196-082:31292:31329 [2] NCCL INFO NCCL_NTHREADS set by environment to 512.
c196-082:31292:31329 [2] NCCL INFO NCCL_PROTO set by environment to Simple
c196-082:31292:31329 [2] NCCL INFO NCCL_ALGO set by environment to Tree
c196-082:31292:31329 [2] NCCL INFO threadThresholds 8/8/64 | 256/8/64 | 512 | 512
c196-082:31292:31329 [2] NCCL INFO 2 coll channels, 0 nvls channels, 2 p2p channels, 2 p2p channels per peer
c196-091:11311:11345 [0] NCCL INFO Channel 00/0 : 16[2000] -> 0[2000] [send] via NET/IB/0
c196-082:31290:31326 [0] NCCL INFO Channel 01/0 : 12[2000] -> 28[2000] [send] via NET/IB/0
c196-071:12210:12244 [0] NCCL INFO Channel 01/0 : 4[2000] -> 0[2000] [receive] via NET/IB/0
c196-092:21456:21491 [0] NCCL INFO Channel 00/0 : 25[3000] -> 20[2000] [receive] via NET/IB/0
c196-081:5885:5921 [0] NCCL INFO Channel 00/0 : 12[2000] -> 8[2000] [receive] via NET/IB/0
c196-102:21763:21799 [0] NCCL INFO Channel 00/0 : 28[2000] -> 24[2000] [send] via NET/IB/0
c196-101:30427:30462 [1] NCCL INFO Channel 00 : 25[3000] -> 24[2000] via SHM/direct/direct
c196-101:30427:30462 [1] NCCL INFO Channel 01 : 25[3000] -> 24[2000] via SHM/direct/direct
c196-101:30428:30459 [2] NCCL INFO Connected all trees
c196-101:30428:30459 [2] NCCL INFO NCCL_NTHREADS set by environment to 512.
c196-101:30428:30459 [2] NCCL INFO NCCL_PROTO set by environment to Simple
c196-101:30428:30459 [2] NCCL INFO NCCL_ALGO set by environment to Tree
c196-101:30428:30459 [2] NCCL INFO threadThresholds 8/8/64 | 256/8/64 | 512 | 512
c196-101:30428:30459 [2] NCCL INFO 2 coll channels, 0 nvls channels, 2 p2p channels, 2 p2p channels per peer
c196-091:11311:11345 [0] NCCL INFO Channel 00/0 : 24[2000] -> 16[2000] [receive] via NET/IB/0
c196-082:31290:31326 [0] NCCL INFO Channel 01/0 : 12[2000] -> 4[2000] [send] via NET/IB/0
c196-101:30426:30463 [0] NCCL INFO Channel 00/0 : 28[2000] -> 24[2000] [receive] via NET/IB/0
c196-092:21456:21491 [0] NCCL INFO Channel 01/0 : 20[2000] -> 16[2000] [send] via NET/IB/0
c196-072:9287:9320 [0] NCCL INFO Channel 00/0 : 9[3000] -> 4[2000] [receive] via NET/IB/0
c196-081:5886:5920 [1] NCCL INFO Channel 00 : 9[3000] -> 8[2000] via SHM/direct/direct
c196-081:5886:5920 [1] NCCL INFO Channel 01 : 9[3000] -> 8[2000] via SHM/direct/direct
c196-102:21764:21801 [1] NCCL INFO Connected all trees
c196-102:21764:21801 [1] NCCL INFO NCCL_NTHREADS set by environment to 512.
c196-102:21764:21801 [1] NCCL INFO NCCL_PROTO set by environment to Simple
c196-102:21764:21801 [1] NCCL INFO NCCL_ALGO set by environment to Tree
c196-102:21764:21801 [1] NCCL INFO threadThresholds 8/8/64 | 256/8/64 | 512 | 512
c196-102:21764:21801 [1] NCCL INFO 2 coll channels, 0 nvls channels, 2 p2p channels, 2 p2p channels per peer
c196-081:5887:5919 [2] NCCL INFO Connected all trees
c196-081:5887:5919 [2] NCCL INFO NCCL_NTHREADS set by environment to 512.
c196-081:5887:5919 [2] NCCL INFO NCCL_PROTO set by environment to Simple
c196-081:5887:5919 [2] NCCL INFO NCCL_ALGO set by environment to Tree
c196-081:5887:5919 [2] NCCL INFO threadThresholds 8/8/64 | 256/8/64 | 512 | 512
c196-081:5887:5919 [2] NCCL INFO 2 coll channels, 0 nvls channels, 2 p2p channels, 2 p2p channels per peer
c196-091:11311:11345 [0] NCCL INFO Channel 01/0 : 20[2000] -> 16[2000] [receive] via NET/IB/0
c196-082:31290:31326 [0] NCCL INFO Channel 00/0 : 12[2000] -> 8[2000] [send] via NET/IB/0
c196-101:30426:30463 [0] NCCL INFO Channel 01/0 : 24[2000] -> 21[3000] [send] via NET/IB/0
c196-081:5885:5921 [0] NCCL INFO Channel 01/0 : 8[2000] -> 5[3000] [send] via NET/IB/0
c196-072:9287:9320 [0] NCCL INFO Channel 01/0 : 4[2000] -> 0[2000] [send] via NET/IB/0
c196-092:21457:21489 [1] NCCL INFO Channel 00 : 21[3000] -> 20[2000] via SHM/direct/direct
c196-092:21457:21489 [1] NCCL INFO Channel 01 : 21[3000] -> 20[2000] via SHM/direct/direct
c196-072:9288:9326 [1] NCCL INFO Channel 00 : 5[3000] -> 4[2000] via SHM/direct/direct
c196-072:9288:9326 [1] NCCL INFO Channel 01 : 5[3000] -> 4[2000] via SHM/direct/direct
c196-092:21458:21490 [2] NCCL INFO Connected all trees
c196-092:21458:21490 [2] NCCL INFO NCCL_NTHREADS set by environment to 512.
c196-092:21458:21490 [2] NCCL INFO NCCL_PROTO set by environment to Simple
c196-092:21458:21490 [2] NCCL INFO NCCL_ALGO set by environment to Tree
c196-092:21458:21490 [2] NCCL INFO threadThresholds 8/8/64 | 256/8/64 | 512 | 512
c196-092:21458:21490 [2] NCCL INFO 2 coll channels, 0 nvls channels, 2 p2p channels, 2 p2p channels per peer
c196-071:12211:12246 [1] NCCL INFO Connected all trees
c196-071:12211:12246 [1] NCCL INFO NCCL_NTHREADS set by environment to 512.
c196-071:12211:12246 [1] NCCL INFO NCCL_PROTO set by environment to Simple
c196-071:12211:12246 [1] NCCL INFO NCCL_ALGO set by environment to Tree
c196-071:12211:12246 [1] NCCL INFO threadThresholds 8/8/64 | 256/8/64 | 512 | 512
c196-071:12211:12246 [1] NCCL INFO 2 coll channels, 0 nvls channels, 2 p2p channels, 2 p2p channels per peer
c196-072:9289:9322 [2] NCCL INFO Connected all trees
c196-072:9289:9322 [2] NCCL INFO NCCL_NTHREADS set by environment to 512.
c196-072:9289:9322 [2] NCCL INFO NCCL_PROTO set by environment to Simple
c196-072:9289:9322 [2] NCCL INFO NCCL_ALGO set by environment to Tree
c196-072:9289:9322 [2] NCCL INFO threadThresholds 8/8/64 | 256/8/64 | 512 | 512
c196-072:9289:9322 [2] NCCL INFO 2 coll channels, 0 nvls channels, 2 p2p channels, 2 p2p channels per peer
c196-091:11312:11347 [1] NCCL INFO Connected all trees
c196-091:11312:11347 [1] NCCL INFO NCCL_NTHREADS set by environment to 512.
c196-091:11312:11347 [1] NCCL INFO NCCL_PROTO set by environment to Simple
c196-091:11312:11347 [1] NCCL INFO NCCL_ALGO set by environment to Tree
c196-091:11312:11347 [1] NCCL INFO threadThresholds 8/8/64 | 256/8/64 | 512 | 512
c196-091:11312:11347 [1] NCCL INFO 2 coll channels, 0 nvls channels, 2 p2p channels, 2 p2p channels per peer
c196-101:30427:30462 [1] NCCL INFO Connected all trees
c196-101:30427:30462 [1] NCCL INFO NCCL_NTHREADS set by environment to 512.
c196-101:30427:30462 [1] NCCL INFO NCCL_PROTO set by environment to Simple
c196-101:30427:30462 [1] NCCL INFO NCCL_ALGO set by environment to Tree
c196-101:30427:30462 [1] NCCL INFO threadThresholds 8/8/64 | 256/8/64 | 512 | 512
c196-101:30427:30462 [1] NCCL INFO 2 coll channels, 0 nvls channels, 2 p2p channels, 2 p2p channels per peer
c196-082:31291:31325 [1] NCCL INFO Connected all trees
c196-082:31291:31325 [1] NCCL INFO NCCL_NTHREADS set by environment to 512.
c196-082:31291:31325 [1] NCCL INFO NCCL_PROTO set by environment to Simple
c196-082:31291:31325 [1] NCCL INFO NCCL_ALGO set by environment to Tree
c196-082:31291:31325 [1] NCCL INFO threadThresholds 8/8/64 | 256/8/64 | 512 | 512
c196-082:31291:31325 [1] NCCL INFO 2 coll channels, 0 nvls channels, 2 p2p channels, 2 p2p channels per peer
c196-082:31290:31326 [0] NCCL INFO Connected all trees
c196-082:31290:31326 [0] NCCL INFO NCCL_NTHREADS set by environment to 512.
c196-082:31290:31326 [0] NCCL INFO NCCL_PROTO set by environment to Simple
c196-081:5886:5920 [1] NCCL INFO Connected all trees
c196-081:5886:5920 [1] NCCL INFO NCCL_NTHREADS set by environment to 512.
c196-081:5886:5920 [1] NCCL INFO NCCL_PROTO set by environment to Simple
c196-081:5886:5920 [1] NCCL INFO NCCL_ALGO set by environment to Tree
c196-082:31290:31326 [0] NCCL INFO NCCL_ALGO set by environment to Tree
c196-082:31290:31326 [0] NCCL INFO threadThresholds 8/8/64 | 256/8/64 | 512 | 512
c196-082:31290:31326 [0] NCCL INFO 2 coll channels, 0 nvls channels, 2 p2p channels, 2 p2p channels per peer
c196-081:5886:5920 [1] NCCL INFO threadThresholds 8/8/64 | 256/8/64 | 512 | 512
c196-081:5886:5920 [1] NCCL INFO 2 coll channels, 0 nvls channels, 2 p2p channels, 2 p2p channels per peer
c196-102:21763:21799 [0] NCCL INFO Connected all trees
c196-102:21763:21799 [0] NCCL INFO NCCL_NTHREADS set by environment to 512.
c196-102:21763:21799 [0] NCCL INFO NCCL_PROTO set by environment to Simple
c196-102:21763:21799 [0] NCCL INFO NCCL_ALGO set by environment to Tree
c196-102:21763:21799 [0] NCCL INFO threadThresholds 8/8/64 | 256/8/64 | 512 | 512
c196-102:21763:21799 [0] NCCL INFO 2 coll channels, 0 nvls channels, 2 p2p channels, 2 p2p channels per peer
c196-071:12210:12244 [0] NCCL INFO Connected all trees
c196-071:12210:12244 [0] NCCL INFO NCCL_NTHREADS set by environment to 512.
c196-071:12210:12244 [0] NCCL INFO NCCL_PROTO set by environment to Simple
c196-071:12210:12244 [0] NCCL INFO NCCL_ALGO set by environment to Tree
c196-071:12210:12244 [0] NCCL INFO threadThresholds 8/8/64 | 256/8/64 | 512 | 512
c196-071:12210:12244 [0] NCCL INFO 2 coll channels, 0 nvls channels, 2 p2p channels, 2 p2p channels per peer
c196-072:9288:9326 [1] NCCL INFO Connected all trees
c196-072:9288:9326 [1] NCCL INFO NCCL_NTHREADS set by environment to 512.
c196-072:9288:9326 [1] NCCL INFO NCCL_PROTO set by environment to Simple
c196-072:9288:9326 [1] NCCL INFO NCCL_ALGO set by environment to Tree
c196-072:9288:9326 [1] NCCL INFO threadThresholds 8/8/64 | 256/8/64 | 512 | 512
c196-072:9288:9326 [1] NCCL INFO 2 coll channels, 0 nvls channels, 2 p2p channels, 2 p2p channels per peer
c196-092:21457:21489 [1] NCCL INFO Connected all trees
c196-092:21457:21489 [1] NCCL INFO NCCL_NTHREADS set by environment to 512.
c196-092:21457:21489 [1] NCCL INFO NCCL_PROTO set by environment to Simple
c196-092:21457:21489 [1] NCCL INFO NCCL_ALGO set by environment to Tree
c196-092:21457:21489 [1] NCCL INFO threadThresholds 8/8/64 | 256/8/64 | 512 | 512
c196-092:21457:21489 [1] NCCL INFO 2 coll channels, 0 nvls channels, 2 p2p channels, 2 p2p channels per peer
c196-091:11311:11345 [0] NCCL INFO Connected all trees
c196-091:11311:11345 [0] NCCL INFO NCCL_NTHREADS set by environment to 512.
c196-091:11311:11345 [0] NCCL INFO NCCL_PROTO set by environment to Simple
c196-091:11311:11345 [0] NCCL INFO NCCL_ALGO set by environment to Tree
c196-091:11311:11345 [0] NCCL INFO threadThresholds 8/8/64 | 256/8/64 | 512 | 512
c196-091:11311:11345 [0] NCCL INFO 2 coll channels, 0 nvls channels, 2 p2p channels, 2 p2p channels per peer
c196-081:5885:5921 [0] NCCL INFO Connected all trees
c196-081:5885:5921 [0] NCCL INFO NCCL_NTHREADS set by environment to 512.
c196-081:5885:5921 [0] NCCL INFO NCCL_PROTO set by environment to Simple
c196-081:5885:5921 [0] NCCL INFO NCCL_ALGO set by environment to Tree
c196-081:5885:5921 [0] NCCL INFO threadThresholds 8/8/64 | 256/8/64 | 512 | 512
c196-081:5885:5921 [0] NCCL INFO 2 coll channels, 0 nvls channels, 2 p2p channels, 2 p2p channels per peer
c196-072:9287:9320 [0] NCCL INFO Connected all trees
c196-072:9287:9320 [0] NCCL INFO NCCL_NTHREADS set by environment to 512.
c196-072:9287:9320 [0] NCCL INFO NCCL_PROTO set by environment to Simple
c196-072:9287:9320 [0] NCCL INFO NCCL_ALGO set by environment to Tree
c196-072:9287:9320 [0] NCCL INFO threadThresholds 8/8/64 | 256/8/64 | 512 | 512
c196-072:9287:9320 [0] NCCL INFO 2 coll channels, 0 nvls channels, 2 p2p channels, 2 p2p channels per peer
c196-092:21456:21491 [0] NCCL INFO Connected all trees
c196-092:21456:21491 [0] NCCL INFO NCCL_NTHREADS set by environment to 512.
c196-092:21456:21491 [0] NCCL INFO NCCL_PROTO set by environment to Simple
c196-092:21456:21491 [0] NCCL INFO NCCL_ALGO set by environment to Tree
c196-092:21456:21491 [0] NCCL INFO threadThresholds 8/8/64 | 256/8/64 | 512 | 512
c196-092:21456:21491 [0] NCCL INFO 2 coll channels, 0 nvls channels, 2 p2p channels, 2 p2p channels per peer
c196-101:30426:30463 [0] NCCL INFO Connected all trees
c196-101:30426:30463 [0] NCCL INFO NCCL_NTHREADS set by environment to 512.
c196-101:30426:30463 [0] NCCL INFO NCCL_PROTO set by environment to Simple
c196-101:30426:30463 [0] NCCL INFO NCCL_ALGO set by environment to Tree
c196-101:30426:30463 [0] NCCL INFO threadThresholds 8/8/64 | 256/8/64 | 512 | 512
c196-101:30426:30463 [0] NCCL INFO 2 coll channels, 0 nvls channels, 2 p2p channels, 2 p2p channels per peer
c196-082:31290:31326 [0] NCCL INFO comm 0x5d69190 rank 12 nranks 32 cudaDev 0 busId 2000 commId 0x34d035ebd0fed1a1 - Init COMPLETE
c196-082:31291:31325 [1] NCCL INFO comm 0x6c6b090 rank 13 nranks 32 cudaDev 1 busId 3000 commId 0x34d035ebd0fed1a1 - Init COMPLETE
c196-082:31292:31329 [2] NCCL INFO comm 0x6671050 rank 14 nranks 32 cudaDev 2 busId 82000 commId 0x34d035ebd0fed1a1 - Init COMPLETE
c196-082:31293:31323 [3] NCCL INFO comm 0x6106140 rank 15 nranks 32 cudaDev 3 busId 83000 commId 0x34d035ebd0fed1a1 - Init COMPLETE
c196-102:21763:21799 [0] NCCL INFO comm 0x61ef1b0 rank 28 nranks 32 cudaDev 0 busId 2000 commId 0x34d035ebd0fed1a1 - Init COMPLETE
c196-102:21764:21801 [1] NCCL INFO comm 0x6402fa0 rank 29 nranks 32 cudaDev 1 busId 3000 commId 0x34d035ebd0fed1a1 - Init COMPLETE
c196-102:21765:21795 [2] NCCL INFO comm 0x6e37060 rank 30 nranks 32 cudaDev 2 busId 82000 commId 0x34d035ebd0fed1a1 - Init COMPLETE
c196-102:21766:21797 [3] NCCL INFO comm 0x5474f10 rank 31 nranks 32 cudaDev 3 busId 83000 commId 0x34d035ebd0fed1a1 - Init COMPLETE
c196-071:12210:12244 [0] NCCL INFO comm 0x5bd8100 rank 0 nranks 32 cudaDev 0 busId 2000 commId 0x34d035ebd0fed1a1 - Init COMPLETE
c196-071:12211:12246 [1] NCCL INFO comm 0x69bffa0 rank 1 nranks 32 cudaDev 1 busId 3000 commId 0x34d035ebd0fed1a1 - Init COMPLETE
c196-071:12212:12249 [2] NCCL INFO comm 0x64b9100 rank 2 nranks 32 cudaDev 2 busId 82000 commId 0x34d035ebd0fed1a1 - Init COMPLETE
c196-071:12213:12247 [3] NCCL INFO comm 0x6945fe0 rank 3 nranks 32 cudaDev 3 busId 83000 commId 0x34d035ebd0fed1a1 - Init COMPLETE
#
#                                                              out-of-place                       in-place          
#       size         count      type   redop    root     time   algbw   busbw #wrong     time   algbw   busbw #wrong
#        (B)    (elements)                               (us)  (GB/s)  (GB/s)            (us)  (GB/s)  (GB/s)       
c196-091:11314:11346 [3] NCCL INFO comm 0x6307be0 rank 19 nranks 32 cudaDev 3 busId 83000 commId 0x34d035ebd0fed1a1 - Init COMPLETE
c196-091:11311:11345 [0] NCCL INFO comm 0x5d30170 rank 16 nranks 32 cudaDev 0 busId 2000 commId 0x34d035ebd0fed1a1 - Init COMPLETE
c196-091:11312:11347 [1] NCCL INFO comm 0x64baa60 rank 17 nranks 32 cudaDev 1 busId 3000 commId 0x34d035ebd0fed1a1 - Init COMPLETE
c196-091:11313:11344 [2] NCCL INFO comm 0x5c32aa0 rank 18 nranks 32 cudaDev 2 busId 82000 commId 0x34d035ebd0fed1a1 - Init COMPLETE
c196-081:5885:5921 [0] NCCL INFO comm 0x637cdb0 rank 8 nranks 32 cudaDev 0 busId 2000 commId 0x34d035ebd0fed1a1 - Init COMPLETE
c196-081:5887:5919 [2] NCCL INFO comm 0x63f4e90 rank 10 nranks 32 cudaDev 2 busId 82000 commId 0x34d035ebd0fed1a1 - Init COMPLETE
c196-072:9287:9320 [0] NCCL INFO comm 0x6acc050 rank 4 nranks 32 cudaDev 0 busId 2000 commId 0x34d035ebd0fed1a1 - Init COMPLETE
c196-081:5886:5920 [1] NCCL INFO comm 0x5791e50 rank 9 nranks 32 cudaDev 1 busId 3000 commId 0x34d035ebd0fed1a1 - Init COMPLETE
c196-072:9288:9326 [1] NCCL INFO comm 0x62a3050 rank 5 nranks 32 cudaDev 1 busId 3000 commId 0x34d035ebd0fed1a1 - Init COMPLETE
c196-081:5888:5918 [3] NCCL INFO comm 0x7079e30 rank 11 nranks 32 cudaDev 3 busId 83000 commId 0x34d035ebd0fed1a1 - Init COMPLETE
c196-072:9289:9322 [2] NCCL INFO comm 0x593ef70 rank 6 nranks 32 cudaDev 2 busId 82000 commId 0x34d035ebd0fed1a1 - Init COMPLETE
c196-072:9290:9321 [3] NCCL INFO comm 0x703a0f0 rank 7 nranks 32 cudaDev 3 busId 83000 commId 0x34d035ebd0fed1a1 - Init COMPLETE
c196-092:21456:21491 [0] NCCL INFO comm 0x5770cc0 rank 20 nranks 32 cudaDev 0 busId 2000 commId 0x34d035ebd0fed1a1 - Init COMPLETE
c196-092:21457:21489 [1] NCCL INFO comm 0x576bbe0 rank 21 nranks 32 cudaDev 1 busId 3000 commId 0x34d035ebd0fed1a1 - Init COMPLETE
c196-092:21458:21490 [2] NCCL INFO comm 0x59ceaf0 rank 22 nranks 32 cudaDev 2 busId 82000 commId 0x34d035ebd0fed1a1 - Init COMPLETE
c196-092:21459:21492 [3] NCCL INFO comm 0x65ad0e0 rank 23 nranks 32 cudaDev 3 busId 83000 commId 0x34d035ebd0fed1a1 - Init COMPLETE
c196-101:30426:30463 [0] NCCL INFO comm 0x59dc1b0 rank 24 nranks 32 cudaDev 0 busId 2000 commId 0x34d035ebd0fed1a1 - Init COMPLETE
c196-101:30427:30462 [1] NCCL INFO comm 0x70c7ac0 rank 25 nranks 32 cudaDev 1 busId 3000 commId 0x34d035ebd0fed1a1 - Init COMPLETE
c196-101:30428:30459 [2] NCCL INFO comm 0x6492fc0 rank 26 nranks 32 cudaDev 2 busId 82000 commId 0x34d035ebd0fed1a1 - Init COMPLETE
c196-101:30429:30460 [3] NCCL INFO comm 0x5978be0 rank 27 nranks 32 cudaDev 3 busId 83000 commId 0x34d035ebd0fed1a1 - Init COMPLETE
    16777216       4194304     float     sum      -1   8163.5    2.06    3.98      0   8160.5    2.06    3.98      0
c196-081:5887:5887 [2] NCCL INFO comm 0x63f4e90 rank 10 nranks 32 cudaDev 2 busId 82000 - Destroy COMPLETE
c196-082:31292:31292 [2] NCCL INFO comm 0x6671050 rank 14 nranks 32 cudaDev 2 busId 82000 - Destroy COMPLETE
c196-101:30428:30428 [2] NCCL INFO comm 0x6492fc0 rank 26 nranks 32 cudaDev 2 busId 82000 - Destroy COMPLETE
c196-091:11313:11313 [2] NCCL INFO comm 0x5c32aa0 rank 18 nranks 32 cudaDev 2 busId 82000 - Destroy COMPLETE
c196-072:9289:9289 [2] NCCL INFO comm 0x593ef70 rank 6 nranks 32 cudaDev 2 busId 82000 - Destroy COMPLETE
c196-102:21765:21765 [2] NCCL INFO comm 0x6e37060 rank 30 nranks 32 cudaDev 2 busId 82000 - Destroy COMPLETE
c196-092:21458:21458 [2] NCCL INFO comm 0x59ceaf0 rank 22 nranks 32 cudaDev 2 busId 82000 - Destroy COMPLETE
c196-081:5888:5888 [3] NCCL INFO comm 0x7079e30 rank 11 nranks 32 cudaDev 3 busId 83000 - Destroy COMPLETE
c196-071:12212:12212 [2] NCCL INFO comm 0x64b9100 rank 2 nranks 32 cudaDev 2 busId 82000 - Destroy COMPLETE
c196-091:11314:11314 [3] NCCL INFO comm 0x6307be0 rank 19 nranks 32 cudaDev 3 busId 83000 - Destroy COMPLETE
c196-082:31293:31293 [3] NCCL INFO comm 0x6106140 rank 15 nranks 32 cudaDev 3 busId 83000 - Destroy COMPLETE
c196-102:21766:21766 [3] NCCL INFO comm 0x5474f10 rank 31 nranks 32 cudaDev 3 busId 83000 - Destroy COMPLETE
c196-092:21459:21459 [3] NCCL INFO comm 0x65ad0e0 rank 23 nranks 32 cudaDev 3 busId 83000 - Destroy COMPLETE
c196-072:9290:9290 [3] NCCL INFO comm 0x703a0f0 rank 7 nranks 32 cudaDev 3 busId 83000 - Destroy COMPLETE
c196-071:12213:12213 [3] NCCL INFO comm 0x6945fe0 rank 3 nranks 32 cudaDev 3 busId 83000 - Destroy COMPLETE
c196-101:30429:30429 [3] NCCL INFO comm 0x5978be0 rank 27 nranks 32 cudaDev 3 busId 83000 - Destroy COMPLETE
c196-071:12211:12211 [1] NCCL INFO comm 0x69bffa0 rank 1 nranks 32 cudaDev 1 busId 3000 - Destroy COMPLETE
c196-102:21764:21764 [1] NCCL INFO comm 0x6402fa0 rank 29 nranks 32 cudaDev 1 busId 3000 - Destroy COMPLETE
c196-082:31291:31291 [1] NCCL INFO comm 0x6c6b090 rank 13 nranks 32 cudaDev 1 busId 3000 - Destroy COMPLETE
c196-101:30427:30427 [1] NCCL INFO comm 0x70c7ac0 rank 25 nranks 32 cudaDev 1 busId 3000 - Destroy COMPLETE
c196-081:5886:5886 [1] NCCL INFO comm 0x5791e50 rank 9 nranks 32 cudaDev 1 busId 3000 - Destroy COMPLETE
c196-091:11312:11312 [1] NCCL INFO comm 0x64baa60 rank 17 nranks 32 cudaDev 1 busId 3000 - Destroy COMPLETE
c196-092:21457:21457 [1] NCCL INFO comm 0x576bbe0 rank 21 nranks 32 cudaDev 1 busId 3000 - Destroy COMPLETE
c196-102:21763:21763 [0] NCCL INFO comm 0x61ef1b0 rank 28 nranks 32 cudaDev 0 busId 2000 - Destroy COMPLETE
c196-072:9288:9288 [1] NCCL INFO comm 0x62a3050 rank 5 nranks 32 cudaDev 1 busId 3000 - Destroy COMPLETE
c196-071:12210:12210 [0] NCCL INFO comm 0x5bd8100 rank 0 nranks 32 cudaDev 0 busId 2000 - Destroy COMPLETE
c196-081:5885:5885 [0] NCCL INFO comm 0x637cdb0 rank 8 nranks 32 cudaDev 0 busId 2000 - Destroy COMPLETE
c196-092:21456:21456 [0] NCCL INFO comm 0x5770cc0 rank 20 nranks 32 cudaDev 0 busId 2000 - Destroy COMPLETE
c196-091:11311:11311 [0] NCCL INFO comm 0x5d30170 rank 16 nranks 32 cudaDev 0 busId 2000 - Destroy COMPLETE
# Out of bounds values : 0 OK
# Avg bus bandwidth    : 3.9826 
#
c196-082:31290:31290 [0] NCCL INFO comm 0x5d69190 rank 12 nranks 32 cudaDev 0 busId 2000 - Destroy COMPLETE
c196-101:30426:30426 [0] NCCL INFO comm 0x59dc1b0 rank 24 nranks 32 cudaDev 0 busId 2000 - Destroy COMPLETE
c196-072:9287:9287 [0] NCCL INFO comm 0x6acc050 rank 4 nranks 32 cudaDev 0 busId 2000 - Destroy COMPLETE

##################################### MSCCL Tree 2 nodes #####################################
# nThread 1 nGpus 1 minBytes 16777216 maxBytes 16777216 step: 2(factor) warmup iters: 5 iters: 60 agg iters: 1 validation: 1 graph: 0
#
# Using devices
#  Rank  0 Group  0 Pid  12276 on   c196-071 device  0 [0x02] Quadro RTX 5000
#  Rank  1 Group  0 Pid  12277 on   c196-071 device  1 [0x03] Quadro RTX 5000
#  Rank  2 Group  0 Pid  12278 on   c196-071 device  2 [0x82] Quadro RTX 5000
#  Rank  3 Group  0 Pid  12279 on   c196-071 device  3 [0x83] Quadro RTX 5000
#  Rank  4 Group  0 Pid   9417 on   c196-072 device  0 [0x02] Quadro RTX 5000
#  Rank  5 Group  0 Pid   9418 on   c196-072 device  1 [0x03] Quadro RTX 5000
#  Rank  6 Group  0 Pid   9419 on   c196-072 device  2 [0x82] Quadro RTX 5000
#  Rank  7 Group  0 Pid   9420 on   c196-072 device  3 [0x83] Quadro RTX 5000
c196-071:12276:12276 [0] NCCL INFO Bootstrap : Using ib0:192.168.44.113<0>
c196-071:12276:12276 [0] NCCL INFO NET/Plugin : No plugin found (libnccl-net.so), using internal implementation
c196-071:12276:12276 [0] NCCL INFO NET/IB : Using [0]mlx4_0:1/IB [RO]; OOB ib0:192.168.44.113<0>
c196-071:12276:12276 [0] NCCL INFO Using network IB
NCCL version 2.12.12.MSCCL.0.7.4+cuda11.3
c196-071:12278:12278 [2] NCCL INFO Bootstrap : Using ib0:192.168.44.113<0>
c196-071:12278:12278 [2] NCCL INFO NET/Plugin : No plugin found (libnccl-net.so), using internal implementation
c196-071:12278:12278 [2] NCCL INFO NET/IB : Using [0]mlx4_0:1/IB [RO]; OOB ib0:192.168.44.113<0>
c196-071:12278:12278 [2] NCCL INFO Using network IB
c196-071:12279:12279 [3] NCCL INFO Bootstrap : Using ib0:192.168.44.113<0>
c196-071:12279:12279 [3] NCCL INFO NET/Plugin : No plugin found (libnccl-net.so), using internal implementation
c196-071:12279:12279 [3] NCCL INFO NET/IB : Using [0]mlx4_0:1/IB [RO]; OOB ib0:192.168.44.113<0>
c196-071:12279:12279 [3] NCCL INFO Using network IB
c196-071:12277:12277 [1] NCCL INFO Bootstrap : Using ib0:192.168.44.113<0>
c196-071:12277:12277 [1] NCCL INFO NET/Plugin : No plugin found (libnccl-net.so), using internal implementation
c196-071:12277:12277 [1] NCCL INFO NET/IB : Using [0]mlx4_0:1/IB [RO]; OOB ib0:192.168.44.113<0>
c196-071:12277:12277 [1] NCCL INFO Using network IB
c196-072:9418:9418 [1] NCCL INFO Bootstrap : Using ib0:192.168.44.114<0>
c196-072:9419:9419 [2] NCCL INFO Bootstrap : Using ib0:192.168.44.114<0>
c196-072:9420:9420 [3] NCCL INFO Bootstrap : Using ib0:192.168.44.114<0>
c196-072:9417:9417 [0] NCCL INFO Bootstrap : Using ib0:192.168.44.114<0>
c196-072:9417:9417 [0] NCCL INFO NET/Plugin : No plugin found (libnccl-net.so), using internal implementation
c196-072:9418:9418 [1] NCCL INFO NET/Plugin : No plugin found (libnccl-net.so), using internal implementation
c196-072:9419:9419 [2] NCCL INFO NET/Plugin : No plugin found (libnccl-net.so), using internal implementation
c196-072:9420:9420 [3] NCCL INFO NET/Plugin : No plugin found (libnccl-net.so), using internal implementation
c196-072:9420:9420 [3] NCCL INFO NET/IB : Using [0]mlx4_0:1/IB [RO]; OOB ib0:192.168.44.114<0>
c196-072:9420:9420 [3] NCCL INFO Using network IB
c196-072:9417:9417 [0] NCCL INFO NET/IB : Using [0]mlx4_0:1/IB [RO]; OOB ib0:192.168.44.114<0>
c196-072:9417:9417 [0] NCCL INFO Using network IB
c196-072:9419:9419 [2] NCCL INFO NET/IB : Using [0]mlx4_0:1/IB [RO]; OOB ib0:192.168.44.114<0>
c196-072:9419:9419 [2] NCCL INFO Using network IB
c196-072:9418:9418 [1] NCCL INFO NET/IB : Using [0]mlx4_0:1/IB [RO]; OOB ib0:192.168.44.114<0>
c196-072:9418:9418 [1] NCCL INFO Using network IB
c196-071:12276:12309 [0] NCCL INFO Setting affinity for GPU 0 to 0f000f
c196-071:12279:12317 [3] NCCL INFO Setting affinity for GPU 3 to f000f000
c196-071:12277:12319 [1] NCCL INFO Setting affinity for GPU 1 to f000f0
c196-071:12278:12315 [2] NCCL INFO Setting affinity for GPU 2 to 0f000f00
c196-072:9417:9455 [0] NCCL INFO Setting affinity for GPU 0 to 0f000f
c196-072:9419:9457 [2] NCCL INFO Setting affinity for GPU 2 to 0f000f00
c196-072:9418:9458 [1] NCCL INFO Setting affinity for GPU 1 to f000f0
c196-072:9420:9454 [3] NCCL INFO Setting affinity for GPU 3 to f000f000
c196-071:12278:12315 [2] NCCL INFO Trees [0] 3/-1/-1->2->1 [1] 3/-1/-1->2->1
c196-071:12279:12317 [3] NCCL INFO Trees [0] -1/-1/-1->3->2 [1] -1/-1/-1->3->2
c196-072:9419:9457 [2] NCCL INFO Trees [0] 7/-1/-1->6->5 [1] 7/-1/-1->6->5
c196-071:12276:12309 [0] NCCL INFO Channel 00/02 :    0   1   2   3   4   5   6   7
c196-071:12276:12309 [0] NCCL INFO Channel 01/02 :    0   1   2   3   4   5   6   7
c196-071:12276:12309 [0] NCCL INFO Trees [0] 1/4/-1->0->-1 [1] 1/-1/-1->0->4
c196-072:9420:9454 [3] NCCL INFO Trees [0] -1/-1/-1->7->6 [1] -1/-1/-1->7->6
c196-071:12277:12319 [1] NCCL INFO Trees [0] 2/-1/-1->1->0 [1] 2/-1/-1->1->0
c196-072:9417:9455 [0] NCCL INFO Trees [0] 5/-1/-1->4->0 [1] 5/0/-1->4->-1
c196-072:9418:9458 [1] NCCL INFO Trees [0] 6/-1/-1->5->4 [1] 6/-1/-1->5->4
c196-072:9417:9455 [0] NCCL INFO Channel 00/0 : 3[83000] -> 4[2000] [receive] via NET/IB/0
c196-071:12276:12309 [0] NCCL INFO Channel 00/0 : 7[83000] -> 0[2000] [receive] via NET/IB/0
c196-072:9419:9457 [2] NCCL INFO Channel 00 : 6[82000] -> 7[83000] via direct shared memory
c196-072:9418:9458 [1] NCCL INFO Channel 00 : 5[3000] -> 6[82000] via direct shared memory
c196-072:9419:9457 [2] NCCL INFO Channel 01 : 6[82000] -> 7[83000] via direct shared memory
c196-072:9418:9458 [1] NCCL INFO Channel 01 : 5[3000] -> 6[82000] via direct shared memory
c196-071:12278:12315 [2] NCCL INFO Channel 00 : 2[82000] -> 3[83000] via direct shared memory
c196-071:12277:12319 [1] NCCL INFO Channel 00 : 1[3000] -> 2[82000] via direct shared memory
c196-071:12278:12315 [2] NCCL INFO Channel 01 : 2[82000] -> 3[83000] via direct shared memory
c196-071:12277:12319 [1] NCCL INFO Channel 01 : 1[3000] -> 2[82000] via direct shared memory
c196-072:9420:9454 [3] NCCL INFO Channel 00/0 : 7[83000] -> 0[2000] [send] via NET/IB/0
c196-071:12279:12317 [3] NCCL INFO Channel 00/0 : 3[83000] -> 4[2000] [send] via NET/IB/0
c196-072:9417:9455 [0] NCCL INFO Channel 01/0 : 3[83000] -> 4[2000] [receive] via NET/IB/0
c196-072:9417:9455 [0] NCCL INFO Channel 00 : 4[2000] -> 5[3000] via direct shared memory
c196-072:9417:9455 [0] NCCL INFO Channel 01 : 4[2000] -> 5[3000] via direct shared memory
c196-071:12276:12309 [0] NCCL INFO Channel 01/0 : 7[83000] -> 0[2000] [receive] via NET/IB/0
c196-071:12276:12309 [0] NCCL INFO Channel 00 : 0[2000] -> 1[3000] via direct shared memory
c196-071:12276:12309 [0] NCCL INFO Channel 01 : 0[2000] -> 1[3000] via direct shared memory
c196-072:9418:9458 [1] NCCL INFO Connected all rings
c196-071:12277:12319 [1] NCCL INFO Connected all rings
c196-072:9420:9454 [3] NCCL INFO Channel 01/0 : 7[83000] -> 0[2000] [send] via NET/IB/0
c196-071:12279:12317 [3] NCCL INFO Channel 01/0 : 3[83000] -> 4[2000] [send] via NET/IB/0
c196-072:9419:9457 [2] NCCL INFO Connected all rings
c196-071:12278:12315 [2] NCCL INFO Connected all rings
c196-072:9418:9458 [1] NCCL INFO Channel 00 : 5[3000] -> 4[2000] via direct shared memory
c196-072:9418:9458 [1] NCCL INFO Channel 01 : 5[3000] -> 4[2000] via direct shared memory
c196-071:12277:12319 [1] NCCL INFO Channel 00 : 1[3000] -> 0[2000] via direct shared memory
c196-071:12277:12319 [1] NCCL INFO Channel 01 : 1[3000] -> 0[2000] via direct shared memory
c196-072:9420:9454 [3] NCCL INFO Connected all rings
c196-072:9420:9454 [3] NCCL INFO Channel 00 : 7[83000] -> 6[82000] via direct shared memory
c196-072:9420:9454 [3] NCCL INFO Channel 01 : 7[83000] -> 6[82000] via direct shared memory
c196-071:12279:12317 [3] NCCL INFO Connected all rings
c196-071:12279:12317 [3] NCCL INFO Channel 00 : 3[83000] -> 2[82000] via direct shared memory
c196-071:12279:12317 [3] NCCL INFO Channel 01 : 3[83000] -> 2[82000] via direct shared memory
c196-072:9417:9455 [0] NCCL INFO Connected all rings
c196-071:12276:12309 [0] NCCL INFO Connected all rings
c196-071:12278:12315 [2] NCCL INFO Channel 00 : 2[82000] -> 1[3000] via direct shared memory
c196-071:12278:12315 [2] NCCL INFO Channel 01 : 2[82000] -> 1[3000] via direct shared memory
c196-072:9419:9457 [2] NCCL INFO Channel 00 : 6[82000] -> 5[3000] via direct shared memory
c196-072:9419:9457 [2] NCCL INFO Channel 01 : 6[82000] -> 5[3000] via direct shared memory
c196-071:12279:12317 [3] NCCL INFO Connected all trees
c196-072:9420:9454 [3] NCCL INFO Connected all trees
c196-071:12279:12317 [3] NCCL INFO MSCCL_XML_FILES set by environment to /home1/09168/ldai1/ccl-build/msccl_tools_lyd/examples/xml/xml_lyd/allredcue_basic_binary_tree_8gpus.xml
c196-071:12279:12317 [3] NCCL INFO MSCCL: Parsing algorithm /home1/09168/ldai1/ccl-build/msccl_tools_lyd/examples/xml/xml_lyd/allredcue_basic_binary_tree_8gpus.xml
c196-072:9420:9454 [3] NCCL INFO MSCCL_XML_FILES set by environment to /home1/09168/ldai1/ccl-build/msccl_tools_lyd/examples/xml/xml_lyd/allredcue_basic_binary_tree_8gpus.xml
c196-072:9420:9454 [3] NCCL INFO MSCCL: Parsing algorithm /home1/09168/ldai1/ccl-build/msccl_tools_lyd/examples/xml/xml_lyd/allredcue_basic_binary_tree_8gpus.xml
c196-071:12278:12315 [2] NCCL INFO Connected all trees
c196-071:12278:12315 [2] NCCL INFO MSCCL_XML_FILES set by environment to /home1/09168/ldai1/ccl-build/msccl_tools_lyd/examples/xml/xml_lyd/allredcue_basic_binary_tree_8gpus.xml
c196-071:12278:12315 [2] NCCL INFO MSCCL: Parsing algorithm /home1/09168/ldai1/ccl-build/msccl_tools_lyd/examples/xml/xml_lyd/allredcue_basic_binary_tree_8gpus.xml
c196-072:9419:9457 [2] NCCL INFO Connected all trees
c196-072:9419:9457 [2] NCCL INFO MSCCL_XML_FILES set by environment to /home1/09168/ldai1/ccl-build/msccl_tools_lyd/examples/xml/xml_lyd/allredcue_basic_binary_tree_8gpus.xml
c196-072:9419:9457 [2] NCCL INFO MSCCL: Parsing algorithm /home1/09168/ldai1/ccl-build/msccl_tools_lyd/examples/xml/xml_lyd/allredcue_basic_binary_tree_8gpus.xml
c196-071:12279:12317 [3] NCCL INFO Parsed MSCCL Algorithm /home1/09168/ldai1/ccl-build/msccl_tools_lyd/examples/xml/xml_lyd/allredcue_basic_binary_tree_8gpus.xml successfully.
c196-071:12278:12315 [2] NCCL INFO Parsed MSCCL Algorithm /home1/09168/ldai1/ccl-build/msccl_tools_lyd/examples/xml/xml_lyd/allredcue_basic_binary_tree_8gpus.xml successfully.
c196-072:9419:9457 [2] NCCL INFO Parsed MSCCL Algorithm /home1/09168/ldai1/ccl-build/msccl_tools_lyd/examples/xml/xml_lyd/allredcue_basic_binary_tree_8gpus.xml successfully.
c196-072:9420:9454 [3] NCCL INFO Parsed MSCCL Algorithm /home1/09168/ldai1/ccl-build/msccl_tools_lyd/examples/xml/xml_lyd/allredcue_basic_binary_tree_8gpus.xml successfully.
c196-071:12278:12315 [2] NCCL INFO Channel 00/0 : 2[82000] -> 4[2000] [send] via NET/IB/0
c196-072:9417:9455 [0] NCCL INFO Channel 00/0 : 0[2000] -> 4[2000] [receive] via NET/IB/0
c196-071:12276:12309 [0] NCCL INFO Channel 00/0 : 4[2000] -> 0[2000] [receive] via NET/IB/0
c196-072:9420:9454 [3] NCCL INFO Channel 00/0 : 3[83000] -> 7[83000] [receive] via NET/IB/0
c196-071:12279:12317 [3] NCCL INFO Channel 00/0 : 3[83000] -> 5[3000] [send] via NET/IB/0
c196-072:9417:9455 [0] NCCL INFO Channel 01/0 : 0[2000] -> 4[2000] [receive] via NET/IB/0
c196-071:12276:12309 [0] NCCL INFO Channel 01/0 : 4[2000] -> 0[2000] [receive] via NET/IB/0
c196-072:9420:9454 [3] NCCL INFO Channel 00/0 : 7[83000] -> 3[83000] [send] via NET/IB/0
c196-072:9417:9455 [0] NCCL INFO Channel 00/0 : 4[2000] -> 0[2000] [send] via NET/IB/0
c196-071:12276:12309 [0] NCCL INFO Channel 00/0 : 0[2000] -> 4[2000] [send] via NET/IB/0
c196-072:9417:9455 [0] NCCL INFO Channel 01/0 : 4[2000] -> 0[2000] [send] via NET/IB/0
c196-071:12276:12309 [0] NCCL INFO Channel 01/0 : 0[2000] -> 4[2000] [send] via NET/IB/0
c196-072:9417:9455 [0] NCCL INFO Connected all trees
c196-072:9417:9455 [0] NCCL INFO MSCCL_XML_FILES set by environment to /home1/09168/ldai1/ccl-build/msccl_tools_lyd/examples/xml/xml_lyd/allredcue_basic_binary_tree_8gpus.xml
c196-072:9417:9455 [0] NCCL INFO MSCCL: Parsing algorithm /home1/09168/ldai1/ccl-build/msccl_tools_lyd/examples/xml/xml_lyd/allredcue_basic_binary_tree_8gpus.xml
c196-071:12276:12309 [0] NCCL INFO Connected all trees
c196-071:12276:12309 [0] NCCL INFO MSCCL_XML_FILES set by environment to /home1/09168/ldai1/ccl-build/msccl_tools_lyd/examples/xml/xml_lyd/allredcue_basic_binary_tree_8gpus.xml
c196-071:12276:12309 [0] NCCL INFO MSCCL: Parsing algorithm /home1/09168/ldai1/ccl-build/msccl_tools_lyd/examples/xml/xml_lyd/allredcue_basic_binary_tree_8gpus.xml
c196-072:9418:9458 [1] NCCL INFO Connected all trees
c196-072:9418:9458 [1] NCCL INFO MSCCL_XML_FILES set by environment to /home1/09168/ldai1/ccl-build/msccl_tools_lyd/examples/xml/xml_lyd/allredcue_basic_binary_tree_8gpus.xml
