x3207c0s19b1n0:2046465:2046465 [2] NCCL INFO NET/Plugin: Failed to find ncclCollNetPlugin_v4 symbol.
x3207c0s19b1n0:2046465:2046465 [2] NCCL INFO NET/OFI Initializing aws-ofi-nccl 1.7.4-aws
x3207c0s19b1n0:2046465:2046465 [2] NCCL INFO NET/OFI Using CUDA runtime version 12020
x3207c0s19b1n0:2046465:2046465 [2] NCCL INFO NET/OFI Selected Provider is cxi (found 4 nics)
x3207c0s19b1n0:2046465:2046465 [2] NCCL INFO NET/OFI Using transport protocol SENDRECV
x3207c0s19b1n0:2046465:2046465 [2] NCCL INFO Using network AWS Libfabric
x3005c0s31b0n0:1105720:1105720 [1] NCCL INFO Bootstrap : Using hsn1:10.201.1.219<0>
x3005c0s31b0n0:1105722:1105722 [3] NCCL INFO Bootstrap : Using hsn1:10.201.1.219<0>
x3005c0s31b0n0:1105721:1105721 [2] NCCL INFO Bootstrap : Using hsn1:10.201.1.219<0>
x3005c0s31b0n0:1105720:1105720 [1] NCCL INFO NET/Plugin: Failed to find ncclCollNetPlugin_v5 symbol.
x3005c0s31b0n0:1105720:1105720 [1] NCCL INFO NET/Plugin: Failed to find ncclCollNetPlugin_v4 symbol.
x3005c0s31b0n0:1105720:1105720 [1] NCCL INFO NET/OFI Initializing aws-ofi-nccl 1.7.4-aws
x3005c0s31b0n0:1105720:1105720 [1] NCCL INFO NET/OFI Using CUDA runtime version 12020
x3207c0s25b0n0:2046829:2046829 [1] NCCL INFO Bootstrap : Using hsn1:10.201.1.26<0>
x3005c0s31b0n0:1105720:1105720 [1] NCCL INFO NET/OFI Selected Provider is cxi (found 4 nics)
x3005c0s31b0n0:1105720:1105720 [1] NCCL INFO NET/OFI Using transport protocol SENDRECV
x3207c0s25b0n0:2046830:2046830 [2] NCCL INFO Bootstrap : Using hsn1:10.201.1.26<0>
x3207c0s25b0n0:2046831:2046831 [3] NCCL INFO Bootstrap : Using hsn1:10.201.1.26<0>
x3005c0s31b0n0:1105722:1105722 [3] NCCL INFO NET/Plugin: Failed to find ncclCollNetPlugin_v5 symbol.
x3005c0s31b0n0:1105722:1105722 [3] NCCL INFO NET/Plugin: Failed to find ncclCollNetPlugin_v4 symbol.
x3005c0s31b0n0:1105722:1105722 [3] NCCL INFO NET/OFI Initializing aws-ofi-nccl 1.7.4-aws
x3005c0s31b0n0:1105722:1105722 [3] NCCL INFO NET/OFI Using CUDA runtime version 12020
x3005c0s31b0n0:1105722:1105722 [3] NCCL INFO NET/OFI Selected Provider is cxi (found 4 nics)
x3005c0s31b0n0:1105722:1105722 [3] NCCL INFO NET/OFI Using transport protocol SENDRECV
x3005c0s19b0n0:2625719:2625719 [2] NCCL INFO Bootstrap : Using hsn1:10.201.1.213<0>
x3005c0s31b0n0:1105721:1105721 [2] NCCL INFO NET/Plugin: Failed to find ncclCollNetPlugin_v5 symbol.
x3005c0s31b0n0:1105721:1105721 [2] NCCL INFO NET/Plugin: Failed to find ncclCollNetPlugin_v4 symbol.
x3005c0s31b0n0:1105721:1105721 [2] NCCL INFO NET/OFI Initializing aws-ofi-nccl 1.7.4-aws
x3005c0s31b0n0:1105721:1105721 [2] NCCL INFO NET/OFI Using CUDA runtime version 12020
x3005c0s31b0n0:1105719:1105719 [0] NCCL INFO Bootstrap : Using hsn1:10.201.1.219<0>
x3005c0s31b0n0:1105721:1105721 [2] NCCL INFO NET/OFI Selected Provider is cxi (found 4 nics)
x3005c0s31b0n0:1105721:1105721 [2] NCCL INFO NET/OFI Using transport protocol SENDRECV
x3207c0s25b0n0:2046828:2046828 [0] NCCL INFO Bootstrap : Using hsn1:10.201.1.26<0>
x3207c0s25b0n0:2046830:2046830 [2] NCCL INFO NET/Plugin: Failed to find ncclCollNetPlugin_v5 symbol.
x3207c0s25b0n0:2046830:2046830 [2] NCCL INFO NET/Plugin: Failed to find ncclCollNetPlugin_v4 symbol.
x3207c0s25b0n0:2046829:2046829 [1] NCCL INFO NET/Plugin: Failed to find ncclCollNetPlugin_v5 symbol.
x3207c0s25b0n0:2046829:2046829 [1] NCCL INFO NET/Plugin: Failed to find ncclCollNetPlugin_v4 symbol.
x3207c0s25b0n0:2046829:2046829 [1] NCCL INFO NET/OFI Initializing aws-ofi-nccl 1.7.4-aws
x3207c0s25b0n0:2046829:2046829 [1] NCCL INFO NET/OFI Using CUDA runtime version 12020
x3207c0s25b0n0:2046830:2046830 [2] NCCL INFO NET/OFI Initializing aws-ofi-nccl 1.7.4-aws
x3207c0s25b0n0:2046830:2046830 [2] NCCL INFO NET/OFI Using CUDA runtime version 12020
x3207c0s25b0n0:2046831:2046831 [3] NCCL INFO NET/Plugin: Failed to find ncclCollNetPlugin_v5 symbol.
x3207c0s25b0n0:2046831:2046831 [3] NCCL INFO NET/Plugin: Failed to find ncclCollNetPlugin_v4 symbol.
x3207c0s25b0n0:2046831:2046831 [3] NCCL INFO NET/OFI Initializing aws-ofi-nccl 1.7.4-aws
x3207c0s25b0n0:2046831:2046831 [3] NCCL INFO NET/OFI Using CUDA runtime version 12020
x3207c0s25b0n0:2046829:2046829 [1] NCCL INFO NET/OFI Selected Provider is cxi (found 4 nics)
x3207c0s25b0n0:2046829:2046829 [1] NCCL INFO NET/OFI Using transport protocol SENDRECV
x3207c0s25b0n0:2046830:2046830 [2] NCCL INFO NET/OFI Selected Provider is cxi (found 4 nics)
x3207c0s25b0n0:2046830:2046830 [2] NCCL INFO NET/OFI Using transport protocol SENDRECV
x3207c0s25b0n0:2046831:2046831 [3] NCCL INFO NET/OFI Selected Provider is cxi (found 4 nics)
x3207c0s25b0n0:2046831:2046831 [3] NCCL INFO NET/OFI Using transport protocol SENDRECV
x3005c0s31b0n0:1105720:1105720 [1] NCCL INFO Using network AWS Libfabric
x3005c0s19b0n0:2625719:2625719 [2] NCCL INFO NET/Plugin: Failed to find ncclCollNetPlugin_v5 symbol.
x3005c0s19b0n0:2625719:2625719 [2] NCCL INFO NET/Plugin: Failed to find ncclCollNetPlugin_v4 symbol.
x3005c0s19b0n0:2625719:2625719 [2] NCCL INFO NET/OFI Initializing aws-ofi-nccl 1.7.4-aws
x3005c0s19b0n0:2625719:2625719 [2] NCCL INFO NET/OFI Using CUDA runtime version 12020
x3005c0s31b0n0:1105719:1105719 [0] NCCL INFO NET/Plugin: Failed to find ncclCollNetPlugin_v5 symbol.
x3005c0s31b0n0:1105719:1105719 [0] NCCL INFO NET/Plugin: Failed to find ncclCollNetPlugin_v4 symbol.
x3005c0s31b0n0:1105719:1105719 [0] NCCL INFO NET/OFI Initializing aws-ofi-nccl 1.7.4-aws
x3005c0s31b0n0:1105719:1105719 [0] NCCL INFO NET/OFI Using CUDA runtime version 12020
x3005c0s31b0n0:1105722:1105722 [3] NCCL INFO Using network AWS Libfabric
x3005c0s19b0n0:2625719:2625719 [2] NCCL INFO NET/OFI Selected Provider is cxi (found 4 nics)
x3005c0s19b0n0:2625719:2625719 [2] NCCL INFO NET/OFI Using transport protocol SENDRECV
x3207c0s25b0n0:2046828:2046828 [0] NCCL INFO NET/Plugin: Failed to find ncclCollNetPlugin_v5 symbol.
x3207c0s25b0n0:2046828:2046828 [0] NCCL INFO NET/Plugin: Failed to find ncclCollNetPlugin_v4 symbol.
x3207c0s25b0n0:2046828:2046828 [0] NCCL INFO NET/OFI Initializing aws-ofi-nccl 1.7.4-aws
x3207c0s25b0n0:2046828:2046828 [0] NCCL INFO NET/OFI Using CUDA runtime version 12020
x3005c0s31b0n0:1105719:1105719 [0] NCCL INFO NET/OFI Selected Provider is cxi (found 4 nics)
x3005c0s31b0n0:1105719:1105719 [0] NCCL INFO NET/OFI Using transport protocol SENDRECV
x3005c0s19b0n0:2625720:2625720 [3] NCCL INFO Bootstrap : Using hsn1:10.201.1.213<0>
x3207c0s25b0n0:2046828:2046828 [0] NCCL INFO NET/OFI Selected Provider is cxi (found 4 nics)
x3207c0s25b0n0:2046828:2046828 [0] NCCL INFO NET/OFI Using transport protocol SENDRECV
x3005c0s31b0n0:1105721:1105721 [2] NCCL INFO Using network AWS Libfabric
x3005c0s19b0n0:2625717:2625717 [0] NCCL INFO Bootstrap : Using hsn1:10.201.1.213<0>
x3005c0s19b0n0:2625720:2625720 [3] NCCL INFO NET/Plugin: Failed to find ncclCollNetPlugin_v5 symbol.
x3005c0s19b0n0:2625720:2625720 [3] NCCL INFO NET/Plugin: Failed to find ncclCollNetPlugin_v4 symbol.
x3005c0s19b0n0:2625720:2625720 [3] NCCL INFO NET/OFI Initializing aws-ofi-nccl 1.7.4-aws
x3005c0s19b0n0:2625720:2625720 [3] NCCL INFO NET/OFI Using CUDA runtime version 12020
x3005c0s19b0n0:2625718:2625718 [1] NCCL INFO Bootstrap : Using hsn1:10.201.1.213<0>
x3207c0s25b0n0:2046830:2046830 [2] NCCL INFO Using network AWS Libfabric
x3005c0s19b0n0:2625720:2625720 [3] NCCL INFO NET/OFI Selected Provider is cxi (found 4 nics)
x3005c0s19b0n0:2625720:2625720 [3] NCCL INFO NET/OFI Using transport protocol SENDRECV
x3207c0s25b0n0:2046829:2046829 [1] NCCL INFO Using network AWS Libfabric
x3207c0s25b0n0:2046831:2046831 [3] NCCL INFO Using network AWS Libfabric
x3005c0s19b0n0:2625719:2625719 [2] NCCL INFO Using network AWS Libfabric
x3005c0s31b0n0:1105719:1105719 [0] NCCL INFO Using network AWS Libfabric
x3005c0s19b0n0:2625717:2625717 [0] NCCL INFO NET/Plugin: Failed to find ncclCollNetPlugin_v5 symbol.
x3005c0s19b0n0:2625717:2625717 [0] NCCL INFO NET/Plugin: Failed to find ncclCollNetPlugin_v4 symbol.
x3005c0s19b0n0:2625717:2625717 [0] NCCL INFO NET/OFI Initializing aws-ofi-nccl 1.7.4-aws
x3005c0s19b0n0:2625717:2625717 [0] NCCL INFO NET/OFI Using CUDA runtime version 12020
x3005c0s19b0n0:2625717:2625717 [0] NCCL INFO NET/OFI Selected Provider is cxi (found 4 nics)
x3005c0s19b0n0:2625717:2625717 [0] NCCL INFO NET/OFI Using transport protocol SENDRECV
x3207c0s25b0n0:2046828:2046828 [0] NCCL INFO Using network AWS Libfabric
x3005c0s19b0n0:2625718:2625718 [1] NCCL INFO NET/Plugin: Failed to find ncclCollNetPlugin_v5 symbol.
x3005c0s19b0n0:2625718:2625718 [1] NCCL INFO NET/Plugin: Failed to find ncclCollNetPlugin_v4 symbol.
x3005c0s19b0n0:2625718:2625718 [1] NCCL INFO NET/OFI Initializing aws-ofi-nccl 1.7.4-aws
x3005c0s19b0n0:2625718:2625718 [1] NCCL INFO NET/OFI Using CUDA runtime version 12020
x3005c0s19b0n0:2625718:2625718 [1] NCCL INFO NET/OFI Selected Provider is cxi (found 4 nics)
x3005c0s19b0n0:2625718:2625718 [1] NCCL INFO NET/OFI Using transport protocol SENDRECV
x3005c0s19b0n0:2625720:2625720 [3] NCCL INFO Using network AWS Libfabric
x3005c0s19b0n0:2625717:2625717 [0] NCCL INFO Using network AWS Libfabric
x3005c0s19b0n0:2625718:2625718 [1] NCCL INFO Using network AWS Libfabric
x3207c0s19b1n0:2046466:2046492 [3] NCCL INFO Setting affinity for GPU 3 to 08,00000008
x3207c0s25b0n0:2046831:2046857 [3] NCCL INFO Setting affinity for GPU 3 to 08,00000008
x3005c0s19b0n0:2625720:2625745 [3] NCCL INFO Setting affinity for GPU 3 to 08,00000008
x3005c0s31b0n0:1105722:1105807 [3] NCCL INFO Setting affinity for GPU 3 to 08,00000008
x3207c0s19b1n0:2046464:2046491 [1] NCCL INFO Trees [0] 2/-1/-1->1->0 [1] 0/-1/-1->1->2 [2] 2/-1/-1->1->0 [3] 0/-1/-1->1->2
x3207c0s19b1n0:2046465:2046493 [2] NCCL INFO Trees [0] 3/-1/-1->2->1 [1] 1/-1/-1->2->3 [2] 3/-1/-1->2->1 [3] 1/-1/-1->2->3
x3207c0s19b1n0:2046466:2046492 [3] NCCL INFO Trees [0] -1/-1/-1->3->2 [1] 2/11/-1->3->-1 [2] -1/-1/-1->3->2 [3] 2/-1/-1->3->7
x3005c0s19b0n0:2625717:2625746 [0] NCCL INFO Trees [0] 9/12/-1->8->0 [1] -1/-1/-1->8->9 [2] 9/-1/-1->8->5 [3] -1/-1/-1->8->9
x3005c0s31b0n0:1105720:1105806 [1] NCCL INFO Trees [0] 14/-1/-1->13->12 [1] 12/-1/-1->13->14 [2] 14/-1/-1->13->12 [3] 12/-1/-1->13->14
x3005c0s19b0n0:2625718:2625747 [1] NCCL INFO Trees [0] 10/4/-1->9->8 [1] 8/-1/-1->9->10 [2] 10/-1/-1->9->8 [3] 8/-1/-1->9->10
x3005c0s31b0n0:1105721:1105808 [2] NCCL INFO Trees [0] 15/-1/-1->14->13 [1] 13/-1/-1->14->15 [2] 15/-1/-1->14->13 [3] 13/-1/-1->14->15
x3207c0s19b1n0:2046463:2046490 [0] NCCL INFO Channel 00/04 :    0   3   2   5   4   7   6   9   8  11  10  13  12  15  14   1
x3207c0s19b1n0:2046463:2046490 [0] NCCL INFO Channel 01/04 :    0   7   6   5   4  11  10   9   8  15  14  13  12   3   2   1
x3207c0s19b1n0:2046463:2046490 [0] NCCL INFO Channel 02/04 :    0   3   2   5   4   7   6   9   8  11  10  13  12  15  14   1
x3207c0s19b1n0:2046463:2046490 [0] NCCL INFO Channel 03/04 :    0   7   6   5   4  11  10   9   8  15  14  13  12   3   2   1
x3207c0s19b1n0:2046463:2046490 [0] NCCL INFO Trees [0] 1/8/-1->0->-1 [1] -1/-1/-1->0->1 [2] 1/-1/-1->0->4 [3] -1/-1/-1->0->1
x3005c0s19b0n0:2625719:2625744 [2] NCCL INFO Trees [0] 11/-1/-1->10->9 [1] 9/7/-1->10->11 [2] 11/-1/-1->10->9 [3] 9/-1/-1->10->11
x3005c0s31b0n0:1105722:1105807 [3] NCCL INFO Trees [0] -1/-1/-1->15->14 [1] 14/-1/-1->15->11 [2] -1/-1/-1->15->14 [3] 14/7/-1->15->-1
x3005c0s19b0n0:2625720:2625745 [3] NCCL INFO Trees [0] -1/-1/-1->11->10 [1] 10/15/-1->11->3 [2] -1/-1/-1->11->10 [3] 10/-1/-1->11->6
x3005c0s31b0n0:1105719:1105809 [0] NCCL INFO Trees [0] 13/-1/-1->12->8 [1] -1/-1/-1->12->13 [2] 13/4/-1->12->-1 [3] -1/-1/-1->12->13
x3207c0s19b1n0:2046463:2046490 [0] NCCL INFO Channel 00 : 0[7000] -> 3[c7000] via P2P/IPC/read
x3207c0s25b0n0:2046828:2046858 [0] NCCL INFO Trees [0] 5/-1/-1->4->9 [1] -1/-1/-1->4->5 [2] 5/0/-1->4->12 [3] -1/-1/-1->4->5
x3005c0s31b0n0:1105719:1105809 [0] NCCL INFO Channel 00 : 12[7000] -> 15[c7000] via P2P/IPC/read
x3207c0s25b0n0:2046829:2046856 [1] NCCL INFO Trees [0] 6/-1/-1->5->4 [1] 4/-1/-1->5->6 [2] 6/8/-1->5->4 [3] 4/-1/-1->5->6
x3207c0s25b0n0:2046830:2046855 [2] NCCL INFO Trees [0] 7/-1/-1->6->5 [1] 5/-1/-1->6->7 [2] 7/-1/-1->6->5 [3] 5/11/-1->6->7
x3207c0s25b0n0:2046831:2046857 [3] NCCL INFO Trees [0] -1/-1/-1->7->6 [1] 6/-1/-1->7->10 [2] -1/-1/-1->7->6 [3] 6/3/-1->7->15
x3207c0s25b0n0:2046828:2046858 [0] NCCL INFO Channel 00 : 4[7000] -> 7[c7000] via P2P/IPC/read
x3005c0s19b0n0:2625717:2625746 [0] NCCL INFO Channel 00 : 8[7000] -> 11[c7000] via P2P/IPC/read
x3207c0s25b0n0:2046830:2046855 [2] NCCL INFO Channel 00/0 : 6[85000] -> 9[46000] [send] via NET/AWS Libfabric/3
x3207c0s19b1n0:2046465:2046493 [2] NCCL INFO Channel 00/0 : 2[85000] -> 5[46000] [send] via NET/AWS Libfabric/3
x3005c0s31b0n0:1105721:1105808 [2] NCCL INFO Channel 00/0 : 14[85000] -> 1[46000] [send] via NET/AWS Libfabric/3
x3005c0s19b0n0:2625719:2625744 [2] NCCL INFO Channel 00/0 : 10[85000] -> 13[46000] [send] via NET/AWS Libfabric/3
x3207c0s25b0n0:2046828:2046858 [0] NCCL INFO Channel 02 : 4[7000] -> 7[c7000] via P2P/IPC/read
x3207c0s19b1n0:2046463:2046490 [0] NCCL INFO Channel 02 : 0[7000] -> 3[c7000] via P2P/IPC/read
x3005c0s31b0n0:1105719:1105809 [0] NCCL INFO Channel 02 : 12[7000] -> 15[c7000] via P2P/IPC/read
x3005c0s31b0n0:1105721:1105808 [2] NCCL INFO Channel 02/0 : 14[85000] -> 1[46000] [send] via NET/AWS Libfabric/3
x3207c0s25b0n0:2046830:2046855 [2] NCCL INFO Channel 02/0 : 6[85000] -> 9[46000] [send] via NET/AWS Libfabric/3
x3005c0s19b0n0:2625719:2625744 [2] NCCL INFO Channel 02/0 : 10[85000] -> 13[46000] [send] via NET/AWS Libfabric/3
x3207c0s19b1n0:2046465:2046493 [2] NCCL INFO Channel 02/0 : 2[85000] -> 5[46000] [send] via NET/AWS Libfabric/3
x3207c0s19b1n0:2046464:2046491 [1] NCCL INFO Channel 00/0 : 14[85000] -> 1[46000] [receive] via NET/AWS Libfabric/3
x3207c0s25b0n0:2046829:2046856 [1] NCCL INFO Channel 00/0 : 2[85000] -> 5[46000] [receive] via NET/AWS Libfabric/3
x3005c0s19b0n0:2625718:2625747 [1] NCCL INFO Channel 00/0 : 6[85000] -> 9[46000] [receive] via NET/AWS Libfabric/3
x3005c0s19b0n0:2625717:2625746 [0] NCCL INFO Channel 02 : 8[7000] -> 11[c7000] via P2P/IPC/read
x3005c0s31b0n0:1105720:1105806 [1] NCCL INFO Channel 00/0 : 10[85000] -> 13[46000] [receive] via NET/AWS Libfabric/3
x3207c0s25b0n0:2046829:2046856 [1] NCCL INFO Channel 02/0 : 2[85000] -> 5[46000] [receive] via NET/AWS Libfabric/3
x3207c0s19b1n0:2046464:2046491 [1] NCCL INFO Channel 02/0 : 14[85000] -> 1[46000] [receive] via NET/AWS Libfabric/3
x3005c0s31b0n0:1105720:1105806 [1] NCCL INFO Channel 02/0 : 10[85000] -> 13[46000] [receive] via NET/AWS Libfabric/3
x3005c0s19b0n0:2625718:2625747 [1] NCCL INFO Channel 02/0 : 6[85000] -> 9[46000] [receive] via NET/AWS Libfabric/3
x3207c0s19b1n0:2046463:2046490 [0] NCCL INFO Channel 01/0 : 0[7000] -> 7[c7000] [send] via NET/AWS Libfabric/1
x3005c0s31b0n0:1105719:1105809 [0] NCCL INFO Channel 01/0 : 12[7000] -> 3[c7000] [send] via NET/AWS Libfabric/1
x3207c0s25b0n0:2046829:2046856 [1] NCCL INFO Channel 00 : 5[46000] -> 4[7000] via P2P/IPC/read
x3207c0s25b0n0:2046829:2046856 [1] NCCL INFO Channel 01 : 5[46000] -> 4[7000] via P2P/IPC/read
x3207c0s25b0n0:2046829:2046856 [1] NCCL INFO Channel 02 : 5[46000] -> 4[7000] via P2P/IPC/read
x3207c0s25b0n0:2046829:2046856 [1] NCCL INFO Channel 03 : 5[46000] -> 4[7000] via P2P/IPC/read
x3005c0s19b0n0:2625717:2625746 [0] NCCL INFO Channel 01/0 : 8[7000] -> 15[c7000] [send] via NET/AWS Libfabric/1
x3005c0s19b0n0:2625720:2625745 [3] NCCL INFO Channel 01/0 : 4[7000] -> 11[c7000] [receive] via NET/AWS Libfabric/1
x3207c0s25b0n0:2046828:2046858 [0] NCCL INFO Channel 01/0 : 4[7000] -> 11[c7000] [send] via NET/AWS Libfabric/1
x3207c0s19b1n0:2046463:2046490 [0] NCCL INFO Channel 03/0 : 0[7000] -> 7[c7000] [send] via NET/AWS Libfabric/1
x3005c0s19b0n0:2625717:2625746 [0] NCCL INFO Channel 03/0 : 8[7000] -> 15[c7000] [send] via NET/AWS Libfabric/1
x3207c0s25b0n0:2046828:2046858 [0] NCCL INFO Channel 03/0 : 4[7000] -> 11[c7000] [send] via NET/AWS Libfabric/1
x3005c0s31b0n0:1105719:1105809 [0] NCCL INFO Channel 03/0 : 12[7000] -> 3[c7000] [send] via NET/AWS Libfabric/1
x3005c0s31b0n0:1105722:1105807 [3] NCCL INFO Channel 01/0 : 8[7000] -> 15[c7000] [receive] via NET/AWS Libfabric/1
x3207c0s25b0n0:2046830:2046855 [2] NCCL INFO Channel 01 : 6[85000] -> 5[46000] via P2P/IPC/read
x3207c0s25b0n0:2046830:2046855 [2] NCCL INFO Channel 03 : 6[85000] -> 5[46000] via P2P/IPC/read
x3207c0s19b1n0:2046466:2046492 [3] NCCL INFO Channel 01/0 : 12[7000] -> 3[c7000] [receive] via NET/AWS Libfabric/1
x3207c0s25b0n0:2046831:2046857 [3] NCCL INFO Channel 01/0 : 0[7000] -> 7[c7000] [receive] via NET/AWS Libfabric/1
x3207c0s25b0n0:2046831:2046857 [3] NCCL INFO Channel 03/0 : 0[7000] -> 7[c7000] [receive] via NET/AWS Libfabric/1
x3207c0s19b1n0:2046465:2046493 [2] NCCL INFO Channel 01 : 2[85000] -> 1[46000] via P2P/IPC/read
x3207c0s19b1n0:2046465:2046493 [2] NCCL INFO Channel 03 : 2[85000] -> 1[46000] via P2P/IPC/read
x3005c0s31b0n0:1105722:1105807 [3] NCCL INFO Channel 03/0 : 8[7000] -> 15[c7000] [receive] via NET/AWS Libfabric/1
x3005c0s31b0n0:1105720:1105806 [1] NCCL INFO Channel 00 : 13[46000] -> 12[7000] via P2P/IPC/read
x3005c0s31b0n0:1105720:1105806 [1] NCCL INFO Channel 01 : 13[46000] -> 12[7000] via P2P/IPC/read
x3005c0s31b0n0:1105720:1105806 [1] NCCL INFO Channel 02 : 13[46000] -> 12[7000] via P2P/IPC/read
x3005c0s31b0n0:1105720:1105806 [1] NCCL INFO Channel 03 : 13[46000] -> 12[7000] via P2P/IPC/read
x3207c0s19b1n0:2046466:2046492 [3] NCCL INFO Channel 03/0 : 12[7000] -> 3[c7000] [receive] via NET/AWS Libfabric/1
x3005c0s19b0n0:2625720:2625745 [3] NCCL INFO Channel 03/0 : 4[7000] -> 11[c7000] [receive] via NET/AWS Libfabric/1
x3207c0s19b1n0:2046464:2046491 [1] NCCL INFO Channel 00 : 1[46000] -> 0[7000] via P2P/IPC/read
x3207c0s19b1n0:2046464:2046491 [1] NCCL INFO Channel 01 : 1[46000] -> 0[7000] via P2P/IPC/read
x3207c0s19b1n0:2046464:2046491 [1] NCCL INFO Channel 02 : 1[46000] -> 0[7000] via P2P/IPC/read
x3207c0s19b1n0:2046464:2046491 [1] NCCL INFO Channel 03 : 1[46000] -> 0[7000] via P2P/IPC/read
x3005c0s31b0n0:1105721:1105808 [2] NCCL INFO Channel 01 : 14[85000] -> 13[46000] via P2P/IPC/read
x3005c0s31b0n0:1105721:1105808 [2] NCCL INFO Channel 03 : 14[85000] -> 13[46000] via P2P/IPC/read
x3005c0s19b0n0:2625718:2625747 [1] NCCL INFO Channel 00 : 9[46000] -> 8[7000] via P2P/IPC/read
x3005c0s19b0n0:2625718:2625747 [1] NCCL INFO Channel 01 : 9[46000] -> 8[7000] via P2P/IPC/read
x3005c0s19b0n0:2625718:2625747 [1] NCCL INFO Channel 02 : 9[46000] -> 8[7000] via P2P/IPC/read
x3005c0s19b0n0:2625718:2625747 [1] NCCL INFO Channel 03 : 9[46000] -> 8[7000] via P2P/IPC/read
x3207c0s25b0n0:2046831:2046857 [3] NCCL INFO Channel 00 : 7[c7000] -> 6[85000] via P2P/IPC/read
x3207c0s25b0n0:2046831:2046857 [3] NCCL INFO Channel 01 : 7[c7000] -> 6[85000] via P2P/IPC/read
x3005c0s19b0n0:2625719:2625744 [2] NCCL INFO Channel 01 : 10[85000] -> 9[46000] via P2P/IPC/read
x3207c0s19b1n0:2046466:2046492 [3] NCCL INFO Channel 00 : 3[c7000] -> 2[85000] via P2P/IPC/read
x3005c0s19b0n0:2625720:2625745 [3] NCCL INFO Channel 00 : 11[c7000] -> 10[85000] via P2P/IPC/read
x3005c0s31b0n0:1105722:1105807 [3] NCCL INFO Channel 00 : 15[c7000] -> 14[85000] via P2P/IPC/read
x3207c0s25b0n0:2046831:2046857 [3] NCCL INFO Channel 02 : 7[c7000] -> 6[85000] via P2P/IPC/read
x3207c0s25b0n0:2046831:2046857 [3] NCCL INFO Channel 03 : 7[c7000] -> 6[85000] via P2P/IPC/read
x3207c0s25b0n0:2046831:2046857 [3] NCCL INFO Connected all rings
x3207c0s19b1n0:2046466:2046492 [3] NCCL INFO Channel 01 : 3[c7000] -> 2[85000] via P2P/IPC/read
x3207c0s25b0n0:2046830:2046855 [2] NCCL INFO Connected all rings
x3005c0s31b0n0:1105722:1105807 [3] NCCL INFO Channel 01 : 15[c7000] -> 14[85000] via P2P/IPC/read
x3005c0s19b0n0:2625717:2625746 [0] NCCL INFO Connected all rings
x3005c0s19b0n0:2625717:2625746 [0] NCCL INFO Channel 00 : 8[7000] -> 9[46000] via P2P/IPC/read
x3005c0s19b0n0:2625719:2625744 [2] NCCL INFO Channel 03 : 10[85000] -> 9[46000] via P2P/IPC/read
x3005c0s19b0n0:2625720:2625745 [3] NCCL INFO Channel 01 : 11[c7000] -> 10[85000] via P2P/IPC/read
x3005c0s31b0n0:1105719:1105809 [0] NCCL INFO Connected all rings
x3005c0s31b0n0:1105719:1105809 [0] NCCL INFO Channel 00 : 12[7000] -> 13[46000] via P2P/IPC/read
x3005c0s31b0n0:1105720:1105806 [1] NCCL INFO Connected all rings
x3207c0s19b1n0:2046466:2046492 [3] NCCL INFO Channel 02 : 3[c7000] -> 2[85000] via P2P/IPC/read
x3005c0s31b0n0:1105722:1105807 [3] NCCL INFO Channel 02 : 15[c7000] -> 14[85000] via P2P/IPC/read
x3207c0s19b1n0:2046466:2046492 [3] NCCL INFO Channel 03 : 3[c7000] -> 2[85000] via P2P/IPC/read
x3005c0s19b0n0:2625717:2625746 [0] NCCL INFO Channel 01 : 8[7000] -> 9[46000] via P2P/IPC/read
x3005c0s31b0n0:1105719:1105809 [0] NCCL INFO Channel 01 : 12[7000] -> 13[46000] via P2P/IPC/read
x3207c0s19b1n0:2046466:2046492 [3] NCCL INFO Connected all rings
x3207c0s19b1n0:2046465:2046493 [2] NCCL INFO Connected all rings
x3005c0s19b0n0:2625718:2625747 [1] NCCL INFO Connected all rings
x3207c0s19b1n0:2046463:2046490 [0] NCCL INFO Connected all rings
x3207c0s19b1n0:2046463:2046490 [0] NCCL INFO Channel 00 : 0[7000] -> 1[46000] via P2P/IPC/read
x3207c0s19b1n0:2046464:2046491 [1] NCCL INFO Connected all rings
x3005c0s19b0n0:2625720:2625745 [3] NCCL INFO Channel 02 : 11[c7000] -> 10[85000] via P2P/IPC/read
x3005c0s19b0n0:2625717:2625746 [0] NCCL INFO Channel 02 : 8[7000] -> 9[46000] via P2P/IPC/read
x3005c0s31b0n0:1105719:1105809 [0] NCCL INFO Channel 02 : 12[7000] -> 13[46000] via P2P/IPC/read
x3005c0s19b0n0:2625717:2625746 [0] NCCL INFO Channel 03 : 8[7000] -> 9[46000] via P2P/IPC/read
x3207c0s19b1n0:2046463:2046490 [0] NCCL INFO Channel 01 : 0[7000] -> 1[46000] via P2P/IPC/read
x3005c0s19b0n0:2625720:2625745 [3] NCCL INFO Channel 03 : 11[c7000] -> 10[85000] via P2P/IPC/read
x3005c0s31b0n0:1105722:1105807 [3] NCCL INFO Channel 03 : 15[c7000] -> 14[85000] via P2P/IPC/read
x3005c0s19b0n0:2625720:2625745 [3] NCCL INFO Connected all rings
x3207c0s19b1n0:2046463:2046490 [0] NCCL INFO Channel 02 : 0[7000] -> 1[46000] via P2P/IPC/read
x3207c0s19b1n0:2046463:2046490 [0] NCCL INFO Channel 03 : 0[7000] -> 1[46000] via P2P/IPC/read
x3005c0s19b0n0:2625719:2625744 [2] NCCL INFO Connected all rings
x3005c0s31b0n0:1105719:1105809 [0] NCCL INFO Channel 03 : 12[7000] -> 13[46000] via P2P/IPC/read
x3005c0s31b0n0:1105720:1105806 [1] NCCL INFO Channel 00 : 13[46000] -> 14[85000] via P2P/IPC/read
x3005c0s31b0n0:1105720:1105806 [1] NCCL INFO Channel 01 : 13[46000] -> 14[85000] via P2P/IPC/read
x3005c0s31b0n0:1105720:1105806 [1] NCCL INFO Channel 02 : 13[46000] -> 14[85000] via P2P/IPC/read
x3005c0s31b0n0:1105720:1105806 [1] NCCL INFO Channel 03 : 13[46000] -> 14[85000] via P2P/IPC/read
x3207c0s25b0n0:2046828:2046858 [0] NCCL INFO Connected all rings
x3207c0s25b0n0:2046828:2046858 [0] NCCL INFO Channel 00 : 4[7000] -> 5[46000] via P2P/IPC/read
x3207c0s25b0n0:2046829:2046856 [1] NCCL INFO Connected all rings
x3005c0s31b0n0:1105722:1105807 [3] NCCL INFO Connected all rings
x3005c0s31b0n0:1105721:1105808 [2] NCCL INFO Connected all rings
x3005c0s19b0n0:2625718:2625747 [1] NCCL INFO Channel 00 : 9[46000] -> 10[85000] via P2P/IPC/read
x3005c0s19b0n0:2625718:2625747 [1] NCCL INFO Channel 01 : 9[46000] -> 10[85000] via P2P/IPC/read
x3005c0s19b0n0:2625718:2625747 [1] NCCL INFO Channel 02 : 9[46000] -> 10[85000] via P2P/IPC/read
x3005c0s19b0n0:2625718:2625747 [1] NCCL INFO Channel 03 : 9[46000] -> 10[85000] via P2P/IPC/read
x3207c0s25b0n0:2046830:2046855 [2] NCCL INFO Channel 00 : 6[85000] -> 7[c7000] via P2P/IPC/read
x3207c0s19b1n0:2046464:2046491 [1] NCCL INFO Channel 00 : 1[46000] -> 2[85000] via P2P/IPC/read
x3207c0s25b0n0:2046828:2046858 [0] NCCL INFO Channel 01 : 4[7000] -> 5[46000] via P2P/IPC/read
x3207c0s25b0n0:2046830:2046855 [2] NCCL INFO Channel 01 : 6[85000] -> 7[c7000] via P2P/IPC/read
x3207c0s19b1n0:2046465:2046493 [2] NCCL INFO Channel 00 : 2[85000] -> 3[c7000] via P2P/IPC/read
x3207c0s25b0n0:2046830:2046855 [2] NCCL INFO Channel 02 : 6[85000] -> 7[c7000] via P2P/IPC/read
x3005c0s19b0n0:2625717:2625746 [0] NCCL INFO Channel 02/0 : 5[46000] -> 8[7000] [receive] via NET/AWS Libfabric/3
x3207c0s19b1n0:2046465:2046493 [2] NCCL INFO Channel 01 : 2[85000] -> 3[c7000] via P2P/IPC/read
x3005c0s31b0n0:1105719:1105809 [0] NCCL INFO Channel 00/0 : 8[7000] -> 12[7000] [receive] via NET/AWS Libfabric/3
x3207c0s19b1n0:2046464:2046491 [1] NCCL INFO Channel 01 : 1[46000] -> 2[85000] via P2P/IPC/read
x3207c0s25b0n0:2046828:2046858 [0] NCCL INFO Channel 02 : 4[7000] -> 5[46000] via P2P/IPC/read
x3207c0s25b0n0:2046830:2046855 [2] NCCL INFO Channel 03 : 6[85000] -> 7[c7000] via P2P/IPC/read
x3207c0s19b1n0:2046465:2046493 [2] NCCL INFO Channel 02 : 2[85000] -> 3[c7000] via P2P/IPC/read
x3207c0s19b1n0:2046465:2046493 [2] NCCL INFO Channel 03 : 2[85000] -> 3[c7000] via P2P/IPC/read
x3005c0s31b0n0:1105721:1105808 [2] NCCL INFO Channel 00 : 14[85000] -> 15[c7000] via P2P/IPC/read
x3005c0s31b0n0:1105721:1105808 [2] NCCL INFO Channel 01 : 14[85000] -> 15[c7000] via P2P/IPC/read
x3005c0s31b0n0:1105721:1105808 [2] NCCL INFO Channel 02 : 14[85000] -> 15[c7000] via P2P/IPC/read
x3005c0s31b0n0:1105721:1105808 [2] NCCL INFO Channel 03 : 14[85000] -> 15[c7000] via P2P/IPC/read
x3005c0s19b0n0:2625719:2625744 [2] NCCL INFO Channel 00 : 10[85000] -> 11[c7000] via P2P/IPC/read
x3207c0s25b0n0:2046828:2046858 [0] NCCL INFO Channel 03 : 4[7000] -> 5[46000] via P2P/IPC/read
x3207c0s19b1n0:2046464:2046491 [1] NCCL INFO Channel 02 : 1[46000] -> 2[85000] via P2P/IPC/read
x3207c0s25b0n0:2046829:2046856 [1] NCCL INFO Channel 00 : 5[46000] -> 6[85000] via P2P/IPC/read
x3207c0s25b0n0:2046831:2046857 [3] NCCL INFO Channel 01/0 : 7[c7000] -> 10[85000] [send] via NET/AWS Libfabric/1
x3207c0s19b1n0:2046466:2046492 [3] NCCL INFO Channel 03/0 : 3[c7000] -> 7[c7000] [send] via NET/AWS Libfabric/1
x3005c0s31b0n0:1105721:1105808 [2] NCCL INFO Channel 00 : 14[85000] -> 13[46000] via P2P/IPC/read
x3005c0s19b0n0:2625719:2625744 [2] NCCL INFO Channel 01 : 10[85000] -> 11[c7000] via P2P/IPC/read
x3207c0s19b1n0:2046464:2046491 [1] NCCL INFO Channel 03 : 1[46000] -> 2[85000] via P2P/IPC/read
x3005c0s31b0n0:1105721:1105808 [2] NCCL INFO Channel 02 : 14[85000] -> 13[46000] via P2P/IPC/read
x3207c0s25b0n0:2046829:2046856 [1] NCCL INFO Channel 01 : 5[46000] -> 6[85000] via P2P/IPC/read
x3207c0s25b0n0:2046829:2046856 [1] NCCL INFO Channel 02 : 5[46000] -> 6[85000] via P2P/IPC/read
x3207c0s25b0n0:2046829:2046856 [1] NCCL INFO Channel 03 : 5[46000] -> 6[85000] via P2P/IPC/read
x3005c0s19b0n0:2625719:2625744 [2] NCCL INFO Channel 02 : 10[85000] -> 11[c7000] via P2P/IPC/read
x3207c0s19b1n0:2046465:2046493 [2] NCCL INFO Channel 00 : 2[85000] -> 1[46000] via P2P/IPC/read
x3005c0s31b0n0:1105722:1105807 [3] NCCL INFO Channel 01/0 : 11[c7000] -> 15[c7000] [receive] via NET/AWS Libfabric/1
x3207c0s25b0n0:2046830:2046855 [2] NCCL INFO Channel 03/0 : 6[85000] -> 11[c7000] [send] via NET/AWS Libfabric/1
x3207c0s19b1n0:2046465:2046493 [2] NCCL INFO Channel 02 : 2[85000] -> 1[46000] via P2P/IPC/read
x3005c0s19b0n0:2625719:2625744 [2] NCCL INFO Channel 03 : 10[85000] -> 11[c7000] via P2P/IPC/read
x3005c0s31b0n0:1105720:1105806 [1] NCCL INFO Connected all trees
x3005c0s31b0n0:1105720:1105806 [1] NCCL INFO threadThresholds 8/8/64 | 128/8/64 | 8/8/512
x3005c0s31b0n0:1105720:1105806 [1] NCCL INFO 4 coll channels, 4 p2p channels, 2 p2p channels per peer
x3005c0s31b0n0:1105721:1105808 [2] NCCL INFO Connected all trees
x3005c0s31b0n0:1105721:1105808 [2] NCCL INFO threadThresholds 8/8/64 | 128/8/64 | 8/8/512
x3005c0s31b0n0:1105721:1105808 [2] NCCL INFO 4 coll channels, 4 p2p channels, 2 p2p channels per peer
x3207c0s19b1n0:2046463:2046490 [0] NCCL INFO Channel 02/0 : 0[7000] -> 4[7000] [send] via NET/AWS Libfabric/3
x3207c0s25b0n0:2046829:2046856 [1] NCCL INFO Channel 02/0 : 5[46000] -> 8[7000] [send] via NET/AWS Libfabric/3
x3207c0s19b1n0:2046464:2046491 [1] NCCL INFO Connected all trees
x3207c0s19b1n0:2046464:2046491 [1] NCCL INFO threadThresholds 8/8/64 | 128/8/64 | 8/8/512
x3207c0s19b1n0:2046464:2046491 [1] NCCL INFO 4 coll channels, 4 p2p channels, 2 p2p channels per peer
x3207c0s19b1n0:2046465:2046493 [2] NCCL INFO Connected all trees
x3207c0s19b1n0:2046465:2046493 [2] NCCL INFO threadThresholds 8/8/64 | 128/8/64 | 8/8/512
x3207c0s19b1n0:2046465:2046493 [2] NCCL INFO 4 coll channels, 4 p2p channels, 2 p2p channels per peer
x3005c0s19b0n0:2625720:2625745 [3] NCCL INFO Channel 01/0 : 11[c7000] -> 15[c7000] [send] via NET/AWS Libfabric/1
x3207c0s25b0n0:2046828:2046858 [0] NCCL INFO Channel 02/0 : 0[7000] -> 4[7000] [receive] via NET/AWS Libfabric/3
x3005c0s19b0n0:2625718:2625747 [1] NCCL INFO Channel 00/0 : 4[7000] -> 9[46000] [receive] via NET/AWS Libfabric/3
x3005c0s19b0n0:2625717:2625746 [0] NCCL INFO Channel 00/0 : 8[7000] -> 12[7000] [send] via NET/AWS Libfabric/3
x3005c0s19b0n0:2625720:2625745 [3] NCCL INFO Channel 03/0 : 6[85000] -> 11[c7000] [receive] via NET/AWS Libfabric/1
x3207c0s25b0n0:2046829:2046856 [1] NCCL INFO Channel 02/0 : 8[7000] -> 5[46000] [receive] via NET/AWS Libfabric/3
x3005c0s19b0n0:2625719:2625744 [2] NCCL INFO Channel 01/0 : 7[c7000] -> 10[85000] [receive] via NET/AWS Libfabric/1
x3005c0s31b0n0:1105722:1105807 [3] NCCL INFO Channel 03/0 : 7[c7000] -> 15[c7000] [receive] via NET/AWS Libfabric/1
x3005c0s31b0n0:1105719:1105809 [0] NCCL INFO Channel 02/0 : 4[7000] -> 12[7000] [receive] via NET/AWS Libfabric/3
x3207c0s19b1n0:2046463:2046490 [0] NCCL INFO Channel 00/0 : 8[7000] -> 0[7000] [receive] via NET/AWS Libfabric/3
x3005c0s19b0n0:2625717:2625746 [0] NCCL INFO Channel 00/0 : 0[7000] -> 8[7000] [receive] via NET/AWS Libfabric/3
x3005c0s31b0n0:1105722:1105807 [3] NCCL INFO Channel 03/0 : 15[c7000] -> 7[c7000] [send] via NET/AWS Libfabric/1
x3005c0s19b0n0:2625717:2625746 [0] NCCL INFO Channel 00/0 : 8[7000] -> 0[7000] [send] via NET/AWS Libfabric/3
x3207c0s25b0n0:2046830:2046855 [2] NCCL INFO Channel 03/0 : 11[c7000] -> 6[85000] [receive] via NET/AWS Libfabric/1
x3207c0s25b0n0:2046828:2046858 [0] NCCL INFO Channel 00/0 : 4[7000] -> 9[46000] [send] via NET/AWS Libfabric/3
x3005c0s31b0n0:1105719:1105809 [0] NCCL INFO Channel 02/0 : 12[7000] -> 4[7000] [send] via NET/AWS Libfabric/3
x3207c0s25b0n0:2046831:2046857 [3] NCCL INFO Channel 03/0 : 3[c7000] -> 7[c7000] [receive] via NET/AWS Libfabric/1
x3005c0s19b0n0:2625720:2625745 [3] NCCL INFO Channel 01/0 : 3[c7000] -> 11[c7000] [receive] via NET/AWS Libfabric/1
x3207c0s19b1n0:2046463:2046490 [0] NCCL INFO Channel 00/0 : 0[7000] -> 8[7000] [send] via NET/AWS Libfabric/3
x3207c0s25b0n0:2046828:2046858 [0] NCCL INFO Channel 02/0 : 12[7000] -> 4[7000] [receive] via NET/AWS Libfabric/3
x3005c0s19b0n0:2625719:2625744 [2] NCCL INFO Channel 01/0 : 10[85000] -> 7[c7000] [send] via NET/AWS Libfabric/1
x3005c0s19b0n0:2625720:2625745 [3] NCCL INFO Channel 01/0 : 11[c7000] -> 3[c7000] [send] via NET/AWS Libfabric/1
x3005c0s19b0n0:2625718:2625747 [1] NCCL INFO Channel 00/0 : 9[46000] -> 4[7000] [send] via NET/AWS Libfabric/3
x3207c0s19b1n0:2046466:2046492 [3] NCCL INFO Channel 01/0 : 11[c7000] -> 3[c7000] [receive] via NET/AWS Libfabric/1
x3207c0s25b0n0:2046828:2046858 [0] NCCL INFO Channel 02/0 : 4[7000] -> 12[7000] [send] via NET/AWS Libfabric/3
x3207c0s25b0n0:2046831:2046857 [3] NCCL INFO Channel 03/0 : 15[c7000] -> 7[c7000] [receive] via NET/AWS Libfabric/1
x3207c0s19b1n0:2046463:2046490 [0] NCCL INFO Channel 02/0 : 4[7000] -> 0[7000] [receive] via NET/AWS Libfabric/3
x3207c0s25b0n0:2046831:2046857 [3] NCCL INFO Channel 03/0 : 7[c7000] -> 15[c7000] [send] via NET/AWS Libfabric/1
x3207c0s19b1n0:2046466:2046492 [3] NCCL INFO Channel 01/0 : 3[c7000] -> 11[c7000] [send] via NET/AWS Libfabric/1
x3005c0s19b0n0:2625717:2625746 [0] NCCL INFO Channel 00/0 : 12[7000] -> 8[7000] [receive] via NET/AWS Libfabric/3
x3005c0s31b0n0:1105719:1105809 [0] NCCL INFO Channel 00/0 : 12[7000] -> 8[7000] [send] via NET/AWS Libfabric/3
x3207c0s25b0n0:2046828:2046858 [0] NCCL INFO Channel 00/0 : 9[46000] -> 4[7000] [receive] via NET/AWS Libfabric/3
x3005c0s31b0n0:1105722:1105807 [3] NCCL INFO Channel 01/0 : 15[c7000] -> 11[c7000] [send] via NET/AWS Libfabric/1
x3207c0s25b0n0:2046831:2046857 [3] NCCL INFO Channel 03/0 : 7[c7000] -> 3[c7000] [send] via NET/AWS Libfabric/1
x3207c0s19b1n0:2046466:2046492 [3] NCCL INFO Channel 03/0 : 7[c7000] -> 3[c7000] [receive] via NET/AWS Libfabric/1
x3005c0s31b0n0:1105719:1105809 [0] NCCL INFO Connected all trees
x3005c0s31b0n0:1105719:1105809 [0] NCCL INFO threadThresholds 8/8/64 | 128/8/64 | 8/8/512
x3005c0s31b0n0:1105719:1105809 [0] NCCL INFO 4 coll channels, 4 p2p channels, 2 p2p channels per peer
x3005c0s19b0n0:2625720:2625745 [3] NCCL INFO Channel 03/0 : 11[c7000] -> 6[85000] [send] via NET/AWS Libfabric/1
x3207c0s19b1n0:2046466:2046492 [3] NCCL INFO Connected all trees
x3207c0s19b1n0:2046466:2046492 [3] NCCL INFO threadThresholds 8/8/64 | 128/8/64 | 8/8/512
x3207c0s19b1n0:2046466:2046492 [3] NCCL INFO 4 coll channels, 4 p2p channels, 2 p2p channels per peer
x3005c0s19b0n0:2625717:2625746 [0] NCCL INFO Channel 02/0 : 8[7000] -> 5[46000] [send] via NET/AWS Libfabric/3
x3207c0s25b0n0:2046831:2046857 [3] NCCL INFO Channel 01/0 : 10[85000] -> 7[c7000] [receive] via NET/AWS Libfabric/1
x3207c0s25b0n0:2046830:2046855 [2] NCCL INFO Channel 00 : 6[85000] -> 5[46000] via P2P/IPC/read
x3207c0s25b0n0:2046828:2046858 [0] NCCL INFO Channel 02/0 : 4[7000] -> 0[7000] [send] via NET/AWS Libfabric/3
x3005c0s19b0n0:2625717:2625746 [0] NCCL INFO Connected all trees
x3005c0s19b0n0:2625717:2625746 [0] NCCL INFO threadThresholds 8/8/64 | 128/8/64 | 8/8/512
x3005c0s19b0n0:2625717:2625746 [0] NCCL INFO 4 coll channels, 4 p2p channels, 2 p2p channels per peer
x3005c0s19b0n0:2625720:2625745 [3] NCCL INFO Channel 01/0 : 15[c7000] -> 11[c7000] [receive] via NET/AWS Libfabric/1
x3005c0s19b0n0:2625719:2625744 [2] NCCL INFO Channel 00 : 10[85000] -> 9[46000] via P2P/IPC/read
x3207c0s25b0n0:2046828:2046858 [0] NCCL INFO Connected all trees
x3207c0s25b0n0:2046828:2046858 [0] NCCL INFO threadThresholds 8/8/64 | 128/8/64 | 8/8/512
x3207c0s25b0n0:2046828:2046858 [0] NCCL INFO 4 coll channels, 4 p2p channels, 2 p2p channels per peer
x3207c0s25b0n0:2046831:2046857 [3] NCCL INFO Connected all trees
x3207c0s25b0n0:2046831:2046857 [3] NCCL INFO threadThresholds 8/8/64 | 128/8/64 | 8/8/512
x3207c0s25b0n0:2046831:2046857 [3] NCCL INFO 4 coll channels, 4 p2p channels, 2 p2p channels per peer
x3207c0s19b1n0:2046463:2046490 [0] NCCL INFO Connected all trees
x3207c0s19b1n0:2046463:2046490 [0] NCCL INFO threadThresholds 8/8/64 | 128/8/64 | 8/8/512
x3207c0s19b1n0:2046463:2046490 [0] NCCL INFO 4 coll channels, 4 p2p channels, 2 p2p channels per peer
x3005c0s31b0n0:1105722:1105807 [3] NCCL INFO Connected all trees
x3005c0s31b0n0:1105722:1105807 [3] NCCL INFO threadThresholds 8/8/64 | 128/8/64 | 8/8/512
x3005c0s31b0n0:1105722:1105807 [3] NCCL INFO 4 coll channels, 4 p2p channels, 2 p2p channels per peer
x3005c0s19b0n0:2625720:2625745 [3] NCCL INFO Connected all trees
x3005c0s19b0n0:2625719:2625744 [2] NCCL INFO Channel 02 : 10[85000] -> 9[46000] via P2P/IPC/read
x3005c0s19b0n0:2625720:2625745 [3] NCCL INFO threadThresholds 8/8/64 | 128/8/64 | 8/8/512
x3005c0s19b0n0:2625720:2625745 [3] NCCL INFO 4 coll channels, 4 p2p channels, 2 p2p channels per peer
x3207c0s25b0n0:2046830:2046855 [2] NCCL INFO Channel 02 : 6[85000] -> 5[46000] via P2P/IPC/read
x3207c0s19b1n0:2046463:2046490 [0] NCCL INFO comm 0x1468dc0010c0 rank 0 nranks 16 cudaDev 0 busId 7000 - Init COMPLETE
#
#                                                              out-of-place                       in-place          
#       size         count      type   redop    root     time   algbw   busbw #wrong     time   algbw   busbw #wrong
#        (B)    (elements)                               (us)  (GB/s)  (GB/s)            (us)  (GB/s)  (GB/s)       
x3207c0s19b1n0:2046464:2046491 [1] NCCL INFO comm 0x1465c80010c0 rank 1 nranks 16 cudaDev 1 busId 46000 - Init COMPLETE
x3207c0s19b1n0:2046465:2046493 [2] NCCL INFO comm 0x151a340010c0 rank 2 nranks 16 cudaDev 2 busId 85000 - Init COMPLETE
x3207c0s19b1n0:2046466:2046492 [3] NCCL INFO comm 0x148f840010c0 rank 3 nranks 16 cudaDev 3 busId c7000 - Init COMPLETE
x3005c0s31b0n0:1105719:1105809 [0] NCCL INFO comm 0x154a000010c0 rank 12 nranks 16 cudaDev 0 busId 7000 - Init COMPLETE
x3005c0s31b0n0:1105720:1105806 [1] NCCL INFO comm 0x1534080010c0 rank 13 nranks 16 cudaDev 1 busId 46000 - Init COMPLETE
x3005c0s31b0n0:1105722:1105807 [3] NCCL INFO comm 0x1524380010c0 rank 15 nranks 16 cudaDev 3 busId c7000 - Init COMPLETE
x3005c0s31b0n0:1105721:1105808 [2] NCCL INFO comm 0x1524900010c0 rank 14 nranks 16 cudaDev 2 busId 85000 - Init COMPLETE
x3207c0s25b0n0:2046829:2046856 [1] NCCL INFO Connected all trees
x3207c0s25b0n0:2046829:2046856 [1] NCCL INFO threadThresholds 8/8/64 | 128/8/64 | 8/8/512
x3207c0s25b0n0:2046829:2046856 [1] NCCL INFO 4 coll channels, 4 p2p channels, 2 p2p channels per peer
x3207c0s25b0n0:2046830:2046855 [2] NCCL INFO Connected all trees
x3207c0s25b0n0:2046830:2046855 [2] NCCL INFO threadThresholds 8/8/64 | 128/8/64 | 8/8/512
x3207c0s25b0n0:2046830:2046855 [2] NCCL INFO 4 coll channels, 4 p2p channels, 2 p2p channels per peer
x3005c0s19b0n0:2625718:2625747 [1] NCCL INFO Connected all trees
x3005c0s19b0n0:2625718:2625747 [1] NCCL INFO threadThresholds 8/8/64 | 128/8/64 | 8/8/512
x3005c0s19b0n0:2625718:2625747 [1] NCCL INFO 4 coll channels, 4 p2p channels, 2 p2p channels per peer
x3005c0s19b0n0:2625719:2625744 [2] NCCL INFO Connected all trees
x3005c0s19b0n0:2625719:2625744 [2] NCCL INFO threadThresholds 8/8/64 | 128/8/64 | 8/8/512
x3005c0s19b0n0:2625719:2625744 [2] NCCL INFO 4 coll channels, 4 p2p channels, 2 p2p channels per peer
x3005c0s19b0n0:2625718:2625747 [1] NCCL INFO comm 0x14fdd00010c0 rank 9 nranks 16 cudaDev 1 busId 46000 - Init COMPLETE
x3005c0s19b0n0:2625720:2625745 [3] NCCL INFO comm 0x152aac0010c0 rank 11 nranks 16 cudaDev 3 busId c7000 - Init COMPLETE
x3005c0s19b0n0:2625719:2625744 [2] NCCL INFO comm 0x152ca00010c0 rank 10 nranks 16 cudaDev 2 busId 85000 - Init COMPLETE
x3005c0s19b0n0:2625717:2625746 [0] NCCL INFO comm 0x1537f00010c0 rank 8 nranks 16 cudaDev 0 busId 7000 - Init COMPLETE
x3207c0s25b0n0:2046829:2046856 [1] NCCL INFO comm 0x153e000010c0 rank 5 nranks 16 cudaDev 1 busId 46000 - Init COMPLETE
x3207c0s19b1n0:2046463:2046463 [0] NCCL INFO Launch mode Parallel
x3207c0s25b0n0:2046831:2046857 [3] NCCL INFO comm 0x14d8b80010c0 rank 7 nranks 16 cudaDev 3 busId c7000 - Init COMPLETE
x3207c0s25b0n0:2046828:2046858 [0] NCCL INFO comm 0x1513b80010c0 rank 4 nranks 16 cudaDev 0 busId 7000 - Init COMPLETE
x3207c0s25b0n0:2046830:2046855 [2] NCCL INFO comm 0x1489e00010c0 rank 6 nranks 16 cudaDev 2 busId 85000 - Init COMPLETE
       65536         16384     float     sum      -1    232.1    0.28    0.53      0    230.4    0.28    0.53      0
      131072         32768     float     sum      -1    246.2    0.53    1.00      0    246.1    0.53    1.00      0
      262144         65536     float     sum      -1    258.5    1.01    1.90      0    18142    0.01    0.03      0
      524288        131072     float     sum      -1   4912.4    0.11    0.20      0   9383.1    0.06    0.10      0
     1048576        262144     float     sum      -1   5019.8    0.21    0.39      0    321.2    3.26    6.12      0
     2097152        524288     float     sum      -1    471.0    4.45    8.35      0    470.3    4.46    8.36      0
     4194304       1048576     float     sum      -1    834.8    5.02    9.42      0    823.7    5.09    9.55      0
     8388608       2097152     float     sum      -1   1614.7    5.20    9.74      0   1610.5    5.21    9.77      0
    16777216       4194304     float     sum      -1   3393.2    4.94    9.27      0   3375.1    4.97    9.32      0
    33554432       8388608     float     sum      -1   6479.9    5.18    9.71      0   6481.5    5.18    9.71      0
    67108864      16777216     float     sum      -1    12877    5.21    9.77      0    12887    5.21    9.76      0
   134217728      33554432     float     sum      -1    25787    5.20    9.76      0    25783    5.21    9.76      0
   268435456      67108864     float     sum      -1    51297    5.23    9.81      0    51275    5.24    9.82      0
x3207c0s19b1n0:2046465:2046465 [2] NCCL INFO comm 0x151a340010c0 rank 2 nranks 16 cudaDev 2 busId 85000 - Destroy COMPLETE
x3005c0s31b0n0:1105721:1105721 [2] NCCL INFO comm 0x1524900010c0 rank 14 nranks 16 cudaDev 2 busId 85000 - Destroy COMPLETE
x3005c0s31b0n0:1105720:1105720 [1] NCCL INFO comm 0x1534080010c0 rank 13 nranks 16 cudaDev 1 busId 46000 - Destroy COMPLETE
x3207c0s19b1n0:2046464:2046464 [1] NCCL INFO comm 0x1465c80010c0 rank 1 nranks 16 cudaDev 1 busId 46000 - Destroy COMPLETE
x3207c0s25b0n0:2046830:2046830 [2] NCCL INFO comm 0x1489e00010c0 rank 6 nranks 16 cudaDev 2 busId 85000 - Destroy COMPLETE
x3207c0s25b0n0:2046829:2046829 [1] NCCL INFO comm 0x153e000010c0 rank 5 nranks 16 cudaDev 1 busId 46000 - Destroy COMPLETE
x3207c0s19b1n0:2046463:2046463 [0] NCCL INFO comm 0x1468dc0010c0 rank 0 nranks 16 cudaDev 0 busId 7000 - Destroy COMPLETE
x3207c0s19b1n0:2046466:2046466 [3] NCCL INFO comm 0x148f840010c0 rank 3 nranks 16 cudaDev 3 busId c7000 - Destroy COMPLETE
x3005c0s19b0n0:2625719:2625719 [2] NCCL INFO comm 0x152ca00010c0 rank 10 nranks 16 cudaDev 2 busId 85000 - Destroy COMPLETE
x3005c0s19b0n0:2625718:2625718 [1] NCCL INFO comm 0x14fdd00010c0 rank 9 nranks 16 cudaDev 1 busId 46000 - Destroy COMPLETE
x3005c0s31b0n0:1105719:1105719 [0] NCCL INFO comm 0x154a000010c0 rank 12 nranks 16 cudaDev 0 busId 7000 - Destroy COMPLETE
x3005c0s31b0n0:1105722:1105722 [3] NCCL INFO comm 0x1524380010c0 rank 15 nranks 16 cudaDev 3 busId c7000 - Destroy COMPLETE
# Out of bounds values : 0 OK
# Avg bus bandwidth    : 6.29538 
#
x3207c0s25b0n0:2046828:2046828 [0] NCCL INFO comm 0x1513b80010c0 rank 4 nranks 16 cudaDev 0 busId 7000 - Destroy COMPLETE
x3207c0s25b0n0:2046831:2046831 [3] NCCL INFO comm 0x14d8b80010c0 rank 7 nranks 16 cudaDev 3 busId c7000 - Destroy COMPLETE
x3005c0s19b0n0:2625717:2625717 [0] NCCL INFO comm 0x1537f00010c0 rank 8 nranks 16 cudaDev 0 busId 7000 - Destroy COMPLETE
x3005c0s19b0n0:2625720:2625720 [3] NCCL INFO comm 0x152aac0010c0 rank 11 nranks 16 cudaDev 3 busId c7000 - Destroy COMPLETE

NCCL TEST WITH ALLREDUCE_SLICESTEPS = NCCL_STEPS/8
# nThread 1 nGpus 1 minBytes 65536 maxBytes 268435456 step: 2(factor) warmup iters: 5 iters: 60 agg iters: 1 validation: 1 graph: 0
#
# Using devices
#  Rank  0 Group  0 Pid 2046836 on x3207c0s19b1n0 device  0 [0x07] NVIDIA A100-SXM4-40GB
#  Rank  1 Group  0 Pid 2046837 on x3207c0s19b1n0 device  1 [0x46] NVIDIA A100-SXM4-40GB
#  Rank  2 Group  0 Pid 2046838 on x3207c0s19b1n0 device  2 [0x85] NVIDIA A100-SXM4-40GB
#  Rank  3 Group  0 Pid 2046839 on x3207c0s19b1n0 device  3 [0xc7] NVIDIA A100-SXM4-40GB
#  Rank  4 Group  0 Pid 2047194 on x3207c0s25b0n0 device  0 [0x07] NVIDIA A100-SXM4-40GB
#  Rank  5 Group  0 Pid 2047195 on x3207c0s25b0n0 device  1 [0x46] NVIDIA A100-SXM4-40GB
#  Rank  6 Group  0 Pid 2047196 on x3207c0s25b0n0 device  2 [0x85] NVIDIA A100-SXM4-40GB
#  Rank  7 Group  0 Pid 2047197 on x3207c0s25b0n0 device  3 [0xc7] NVIDIA A100-SXM4-40GB
#  Rank  8 Group  0 Pid 2625786 on x3005c0s19b0n0 device  0 [0x07] NVIDIA A100-SXM4-40GB
#  Rank  9 Group  0 Pid 2625787 on x3005c0s19b0n0 device  1 [0x46] NVIDIA A100-SXM4-40GB
#  Rank 10 Group  0 Pid 2625788 on x3005c0s19b0n0 device  2 [0x85] NVIDIA A100-SXM4-40GB
#  Rank 11 Group  0 Pid 2625789 on x3005c0s19b0n0 device  3 [0xc7] NVIDIA A100-SXM4-40GB
#  Rank 12 Group  0 Pid 1105850 on x3005c0s31b0n0 device  0 [0x07] NVIDIA A100-SXM4-40GB
#  Rank 13 Group  0 Pid 1105851 on x3005c0s31b0n0 device  1 [0x46] NVIDIA A100-SXM4-40GB
#  Rank 14 Group  0 Pid 1105852 on x3005c0s31b0n0 device  2 [0x85] NVIDIA A100-SXM4-40GB
#  Rank 15 Group  0 Pid 1105853 on x3005c0s31b0n0 device  3 [0xc7] NVIDIA A100-SXM4-40GB
x3207c0s19b1n0:2046836:2046836 [0] NCCL INFO Bootstrap : Using hsn1:10.201.1.24<0>
x3207c0s19b1n0:2046836:2046836 [0] NCCL INFO NET/Plugin: Failed to find ncclCollNetPlugin_v5 symbol.
x3207c0s19b1n0:2046836:2046836 [0] NCCL INFO NET/Plugin: Failed to find ncclCollNetPlugin_v4 symbol.
x3207c0s19b1n0:2046836:2046836 [0] NCCL INFO NET/OFI Initializing aws-ofi-nccl 1.7.4-aws
x3207c0s19b1n0:2046836:2046836 [0] NCCL INFO NET/OFI Using CUDA runtime version 12020
x3207c0s19b1n0:2046836:2046836 [0] NCCL INFO NET/OFI Selected Provider is cxi (found 4 nics)
x3207c0s19b1n0:2046836:2046836 [0] NCCL INFO NET/OFI Using transport protocol SENDRECV
x3207c0s19b1n0:2046836:2046836 [0] NCCL INFO Using network AWS Libfabric
NCCL version 2.12.12+cuda12.2
x3207c0s19b1n0:2046838:2046838 [2] NCCL INFO Bootstrap : Using hsn1:10.201.1.24<0>
x3207c0s19b1n0:2046839:2046839 [3] NCCL INFO Bootstrap : Using hsn1:10.201.1.24<0>
x3207c0s19b1n0:2046837:2046837 [1] NCCL INFO Bootstrap : Using hsn1:10.201.1.24<0>
x3207c0s19b1n0:2046838:2046838 [2] NCCL INFO NET/Plugin: Failed to find ncclCollNetPlugin_v5 symbol.
x3207c0s19b1n0:2046838:2046838 [2] NCCL INFO NET/Plugin: Failed to find ncclCollNetPlugin_v4 symbol.
x3207c0s19b1n0:2046838:2046838 [2] NCCL INFO NET/OFI Initializing aws-ofi-nccl 1.7.4-aws
x3207c0s19b1n0:2046838:2046838 [2] NCCL INFO NET/OFI Using CUDA runtime version 12020
x3207c0s19b1n0:2046838:2046838 [2] NCCL INFO NET/OFI Selected Provider is cxi (found 4 nics)
x3207c0s19b1n0:2046838:2046838 [2] NCCL INFO NET/OFI Using transport protocol SENDRECV
x3207c0s19b1n0:2046839:2046839 [3] NCCL INFO NET/Plugin: Failed to find ncclCollNetPlugin_v5 symbol.
x3207c0s19b1n0:2046839:2046839 [3] NCCL INFO NET/Plugin: Failed to find ncclCollNetPlugin_v4 symbol.
x3207c0s19b1n0:2046839:2046839 [3] NCCL INFO NET/OFI Initializing aws-ofi-nccl 1.7.4-aws
x3207c0s19b1n0:2046839:2046839 [3] NCCL INFO NET/OFI Using CUDA runtime version 12020
x3207c0s19b1n0:2046839:2046839 [3] NCCL INFO NET/OFI Selected Provider is cxi (found 4 nics)
x3207c0s19b1n0:2046839:2046839 [3] NCCL INFO NET/OFI Using transport protocol SENDRECV
x3207c0s19b1n0:2046837:2046837 [1] NCCL INFO NET/Plugin: Failed to find ncclCollNetPlugin_v5 symbol.
x3207c0s19b1n0:2046837:2046837 [1] NCCL INFO NET/Plugin: Failed to find ncclCollNetPlugin_v4 symbol.
x3207c0s19b1n0:2046837:2046837 [1] NCCL INFO NET/OFI Initializing aws-ofi-nccl 1.7.4-aws
x3207c0s19b1n0:2046837:2046837 [1] NCCL INFO NET/OFI Using CUDA runtime version 12020
x3207c0s19b1n0:2046837:2046837 [1] NCCL INFO NET/OFI Selected Provider is cxi (found 4 nics)
x3207c0s19b1n0:2046837:2046837 [1] NCCL INFO NET/OFI Using transport protocol SENDRECV
x3207c0s19b1n0:2046838:2046838 [2] NCCL INFO Using network AWS Libfabric
x3207c0s19b1n0:2046839:2046839 [3] NCCL INFO Using network AWS Libfabric
x3207c0s19b1n0:2046837:2046837 [1] NCCL INFO Using network AWS Libfabric
x3207c0s25b0n0:2047197:2047197 [3] NCCL INFO Bootstrap : Using hsn1:10.201.1.26<0>
x3005c0s31b0n0:1105852:1105852 [2] NCCL INFO Bootstrap : Using hsn1:10.201.1.219<0>
x3207c0s25b0n0:2047196:2047196 [2] NCCL INFO Bootstrap : Using hsn1:10.201.1.26<0>
x3005c0s19b0n0:2625789:2625789 [3] NCCL INFO Bootstrap : Using hsn1:10.201.1.213<0>
x3005c0s19b0n0:2625787:2625787 [1] NCCL INFO Bootstrap : Using hsn1:10.201.1.213<0>
x3005c0s31b0n0:1105851:1105851 [1] NCCL INFO Bootstrap : Using hsn1:10.201.1.219<0>
x3005c0s31b0n0:1105853:1105853 [3] NCCL INFO Bootstrap : Using hsn1:10.201.1.219<0>
x3207c0s25b0n0:2047194:2047194 [0] NCCL INFO Bootstrap : Using hsn1:10.201.1.26<0>
x3207c0s25b0n0:2047197:2047197 [3] NCCL INFO NET/Plugin: Failed to find ncclCollNetPlugin_v5 symbol.
x3207c0s25b0n0:2047197:2047197 [3] NCCL INFO NET/Plugin: Failed to find ncclCollNetPlugin_v4 symbol.
x3207c0s25b0n0:2047197:2047197 [3] NCCL INFO NET/OFI Initializing aws-ofi-nccl 1.7.4-aws
x3207c0s25b0n0:2047197:2047197 [3] NCCL INFO NET/OFI Using CUDA runtime version 12020
x3207c0s25b0n0:2047196:2047196 [2] NCCL INFO NET/Plugin: Failed to find ncclCollNetPlugin_v5 symbol.
x3207c0s25b0n0:2047196:2047196 [2] NCCL INFO NET/Plugin: Failed to find ncclCollNetPlugin_v4 symbol.
x3207c0s25b0n0:2047196:2047196 [2] NCCL INFO NET/OFI Initializing aws-ofi-nccl 1.7.4-aws
x3207c0s25b0n0:2047196:2047196 [2] NCCL INFO NET/OFI Using CUDA runtime version 12020
x3207c0s25b0n0:2047197:2047197 [3] NCCL INFO NET/OFI Selected Provider is cxi (found 4 nics)
x3207c0s25b0n0:2047197:2047197 [3] NCCL INFO NET/OFI Using transport protocol SENDRECV
x3005c0s31b0n0:1105852:1105852 [2] NCCL INFO NET/Plugin: Failed to find ncclCollNetPlugin_v5 symbol.
x3005c0s31b0n0:1105852:1105852 [2] NCCL INFO NET/Plugin: Failed to find ncclCollNetPlugin_v4 symbol.
x3005c0s31b0n0:1105852:1105852 [2] NCCL INFO NET/OFI Initializing aws-ofi-nccl 1.7.4-aws
x3005c0s31b0n0:1105852:1105852 [2] NCCL INFO NET/OFI Using CUDA runtime version 12020
x3005c0s31b0n0:1105850:1105850 [0] NCCL INFO Bootstrap : Using hsn1:10.201.1.219<0>
x3207c0s25b0n0:2047196:2047196 [2] NCCL INFO NET/OFI Selected Provider is cxi (found 4 nics)
x3207c0s25b0n0:2047196:2047196 [2] NCCL INFO NET/OFI Using transport protocol SENDRECV
x3005c0s31b0n0:1105851:1105851 [1] NCCL INFO NET/Plugin: Failed to find ncclCollNetPlugin_v5 symbol.
x3005c0s31b0n0:1105851:1105851 [1] NCCL INFO NET/Plugin: Failed to find ncclCollNetPlugin_v4 symbol.
x3005c0s31b0n0:1105851:1105851 [1] NCCL INFO NET/OFI Initializing aws-ofi-nccl 1.7.4-aws
x3005c0s31b0n0:1105851:1105851 [1] NCCL INFO NET/OFI Using CUDA runtime version 12020
x3005c0s31b0n0:1105852:1105852 [2] NCCL INFO NET/OFI Selected Provider is cxi (found 4 nics)
x3005c0s31b0n0:1105852:1105852 [2] NCCL INFO NET/OFI Using transport protocol SENDRECV
x3005c0s31b0n0:1105853:1105853 [3] NCCL INFO NET/Plugin: Failed to find ncclCollNetPlugin_v5 symbol.
x3005c0s31b0n0:1105853:1105853 [3] NCCL INFO NET/Plugin: Failed to find ncclCollNetPlugin_v4 symbol.
x3005c0s31b0n0:1105853:1105853 [3] NCCL INFO NET/OFI Initializing aws-ofi-nccl 1.7.4-aws
x3005c0s31b0n0:1105853:1105853 [3] NCCL INFO NET/OFI Using CUDA runtime version 12020
x3005c0s19b0n0:2625787:2625787 [1] NCCL INFO NET/Plugin: Failed to find ncclCollNetPlugin_v5 symbol.
