x3207c0s25b0n0:2047864:2047890 [0] NCCL INFO Trees [0] 5/-1/-1->4->9 [1] -1/-1/-1->4->5 [2] 5/0/-1->4->12 [3] -1/-1/-1->4->5
x3207c0s25b0n0:2047865:2047888 [1] NCCL INFO Trees [0] 6/-1/-1->5->4 [1] 4/-1/-1->5->6 [2] 6/8/-1->5->4 [3] 4/-1/-1->5->6
x3207c0s25b0n0:2047866:2047889 [2] NCCL INFO Trees [0] 7/-1/-1->6->5 [1] 5/-1/-1->6->7 [2] 7/-1/-1->6->5 [3] 5/11/-1->6->7
x3207c0s25b0n0:2047867:2047891 [3] NCCL INFO Trees [0] -1/-1/-1->7->6 [1] 6/-1/-1->7->10 [2] -1/-1/-1->7->6 [3] 6/3/-1->7->15
x3207c0s19b1n0:2047565:2047590 [0] NCCL INFO Channel 00 : 0[7000] -> 3[c7000] via P2P/IPC/read
x3207c0s25b0n0:2047864:2047890 [0] NCCL INFO Channel 00 : 4[7000] -> 7[c7000] via P2P/IPC/read
x3005c0s31b0n0:1106573:1106600 [0] NCCL INFO Channel 00 : 12[7000] -> 15[c7000] via P2P/IPC/read
x3005c0s19b0n0:2626512:2626539 [0] NCCL INFO Channel 00 : 8[7000] -> 11[c7000] via P2P/IPC/read
x3207c0s19b1n0:2047567:2047592 [2] NCCL INFO Channel 00/0 : 2[85000] -> 5[46000] [send] via NET/AWS Libfabric/3
x3005c0s31b0n0:1106573:1106600 [0] NCCL INFO Channel 02 : 12[7000] -> 15[c7000] via P2P/IPC/read
x3207c0s19b1n0:2047565:2047590 [0] NCCL INFO Channel 02 : 0[7000] -> 3[c7000] via P2P/IPC/read
x3005c0s31b0n0:1106575:1106597 [2] NCCL INFO Channel 00/0 : 14[85000] -> 1[46000] [send] via NET/AWS Libfabric/3
x3005c0s19b0n0:2626514:2626537 [2] NCCL INFO Channel 00/0 : 10[85000] -> 13[46000] [send] via NET/AWS Libfabric/3
x3207c0s19b1n0:2047567:2047592 [2] NCCL INFO Channel 02/0 : 2[85000] -> 5[46000] [send] via NET/AWS Libfabric/3
x3005c0s19b0n0:2626512:2626539 [0] NCCL INFO Channel 02 : 8[7000] -> 11[c7000] via P2P/IPC/read
x3005c0s19b0n0:2626513:2626540 [1] NCCL INFO Channel 00/0 : 6[85000] -> 9[46000] [receive] via NET/AWS Libfabric/3
x3207c0s25b0n0:2047864:2047890 [0] NCCL INFO Channel 02 : 4[7000] -> 7[c7000] via P2P/IPC/read
x3207c0s25b0n0:2047866:2047889 [2] NCCL INFO Channel 00/0 : 6[85000] -> 9[46000] [send] via NET/AWS Libfabric/3
x3005c0s31b0n0:1106574:1106599 [1] NCCL INFO Channel 00/0 : 10[85000] -> 13[46000] [receive] via NET/AWS Libfabric/3
x3207c0s19b1n0:2047566:2047593 [1] NCCL INFO Channel 00/0 : 14[85000] -> 1[46000] [receive] via NET/AWS Libfabric/3
x3005c0s31b0n0:1106575:1106597 [2] NCCL INFO Channel 02/0 : 14[85000] -> 1[46000] [send] via NET/AWS Libfabric/3
x3005c0s19b0n0:2626514:2626537 [2] NCCL INFO Channel 02/0 : 10[85000] -> 13[46000] [send] via NET/AWS Libfabric/3
x3005c0s19b0n0:2626513:2626540 [1] NCCL INFO Channel 02/0 : 6[85000] -> 9[46000] [receive] via NET/AWS Libfabric/3
x3207c0s25b0n0:2047866:2047889 [2] NCCL INFO Channel 02/0 : 6[85000] -> 9[46000] [send] via NET/AWS Libfabric/3
x3207c0s19b1n0:2047566:2047593 [1] NCCL INFO Channel 02/0 : 14[85000] -> 1[46000] [receive] via NET/AWS Libfabric/3
x3005c0s31b0n0:1106574:1106599 [1] NCCL INFO Channel 02/0 : 10[85000] -> 13[46000] [receive] via NET/AWS Libfabric/3
x3207c0s25b0n0:2047865:2047888 [1] NCCL INFO Channel 00/0 : 2[85000] -> 5[46000] [receive] via NET/AWS Libfabric/3
x3005c0s31b0n0:1106573:1106600 [0] NCCL INFO Channel 01/0 : 12[7000] -> 3[c7000] [send] via NET/AWS Libfabric/1
x3207c0s25b0n0:2047866:2047889 [2] NCCL INFO Channel 01 : 6[85000] -> 5[46000] via P2P/IPC/read
x3207c0s25b0n0:2047866:2047889 [2] NCCL INFO Channel 03 : 6[85000] -> 5[46000] via P2P/IPC/read
x3005c0s31b0n0:1106573:1106600 [0] NCCL INFO Channel 03/0 : 12[7000] -> 3[c7000] [send] via NET/AWS Libfabric/1
x3207c0s19b1n0:2047568:2047591 [3] NCCL INFO Channel 01/0 : 12[7000] -> 3[c7000] [receive] via NET/AWS Libfabric/1
x3207c0s19b1n0:2047565:2047590 [0] NCCL INFO Channel 01/0 : 0[7000] -> 7[c7000] [send] via NET/AWS Libfabric/1
x3207c0s25b0n0:2047865:2047888 [1] NCCL INFO Channel 02/0 : 2[85000] -> 5[46000] [receive] via NET/AWS Libfabric/3
x3207c0s25b0n0:2047864:2047890 [0] NCCL INFO Channel 01/0 : 4[7000] -> 11[c7000] [send] via NET/AWS Libfabric/1
x3207c0s25b0n0:2047864:2047890 [0] NCCL INFO Channel 03/0 : 4[7000] -> 11[c7000] [send] via NET/AWS Libfabric/1
x3207c0s19b1n0:2047565:2047590 [0] NCCL INFO Channel 03/0 : 0[7000] -> 7[c7000] [send] via NET/AWS Libfabric/1
x3005c0s19b0n0:2626512:2626539 [0] NCCL INFO Channel 01/0 : 8[7000] -> 15[c7000] [send] via NET/AWS Libfabric/1
x3005c0s31b0n0:1106576:1106598 [3] NCCL INFO Channel 01/0 : 8[7000] -> 15[c7000] [receive] via NET/AWS Libfabric/1
x3005c0s31b0n0:1106575:1106597 [2] NCCL INFO Channel 01 : 14[85000] -> 13[46000] via P2P/IPC/read
x3005c0s31b0n0:1106575:1106597 [2] NCCL INFO Channel 03 : 14[85000] -> 13[46000] via P2P/IPC/read
x3207c0s25b0n0:2047867:2047891 [3] NCCL INFO Channel 01/0 : 0[7000] -> 7[c7000] [receive] via NET/AWS Libfabric/1
x3005c0s19b0n0:2626512:2626539 [0] NCCL INFO Channel 03/0 : 8[7000] -> 15[c7000] [send] via NET/AWS Libfabric/1
x3005c0s19b0n0:2626515:2626538 [3] NCCL INFO Channel 01/0 : 4[7000] -> 11[c7000] [receive] via NET/AWS Libfabric/1
x3207c0s19b1n0:2047568:2047591 [3] NCCL INFO Channel 03/0 : 12[7000] -> 3[c7000] [receive] via NET/AWS Libfabric/1
x3207c0s19b1n0:2047567:2047592 [2] NCCL INFO Channel 01 : 2[85000] -> 1[46000] via P2P/IPC/read
x3207c0s19b1n0:2047567:2047592 [2] NCCL INFO Channel 03 : 2[85000] -> 1[46000] via P2P/IPC/read
x3005c0s31b0n0:1106576:1106598 [3] NCCL INFO Channel 03/0 : 8[7000] -> 15[c7000] [receive] via NET/AWS Libfabric/1
x3207c0s25b0n0:2047867:2047891 [3] NCCL INFO Channel 03/0 : 0[7000] -> 7[c7000] [receive] via NET/AWS Libfabric/1
x3207c0s19b1n0:2047566:2047593 [1] NCCL INFO Channel 00 : 1[46000] -> 0[7000] via P2P/IPC/read
x3005c0s19b0n0:2626515:2626538 [3] NCCL INFO Channel 03/0 : 4[7000] -> 11[c7000] [receive] via NET/AWS Libfabric/1
x3005c0s19b0n0:2626513:2626540 [1] NCCL INFO Channel 00 : 9[46000] -> 8[7000] via P2P/IPC/read
x3005c0s31b0n0:1106574:1106599 [1] NCCL INFO Channel 00 : 13[46000] -> 12[7000] via P2P/IPC/read
x3005c0s31b0n0:1106574:1106599 [1] NCCL INFO Channel 01 : 13[46000] -> 12[7000] via P2P/IPC/read
x3005c0s31b0n0:1106574:1106599 [1] NCCL INFO Channel 02 : 13[46000] -> 12[7000] via P2P/IPC/read
x3005c0s31b0n0:1106574:1106599 [1] NCCL INFO Channel 03 : 13[46000] -> 12[7000] via P2P/IPC/read
x3207c0s25b0n0:2047865:2047888 [1] NCCL INFO Channel 00 : 5[46000] -> 4[7000] via P2P/IPC/read
x3207c0s19b1n0:2047566:2047593 [1] NCCL INFO Channel 01 : 1[46000] -> 0[7000] via P2P/IPC/read
x3207c0s19b1n0:2047568:2047591 [3] NCCL INFO Channel 00 : 3[c7000] -> 2[85000] via P2P/IPC/read
x3005c0s19b0n0:2626513:2626540 [1] NCCL INFO Channel 01 : 9[46000] -> 8[7000] via P2P/IPC/read
x3005c0s19b0n0:2626514:2626537 [2] NCCL INFO Channel 01 : 10[85000] -> 9[46000] via P2P/IPC/read
x3207c0s25b0n0:2047867:2047891 [3] NCCL INFO Channel 00 : 7[c7000] -> 6[85000] via P2P/IPC/read
x3207c0s25b0n0:2047867:2047891 [3] NCCL INFO Channel 01 : 7[c7000] -> 6[85000] via P2P/IPC/read
x3207c0s25b0n0:2047867:2047891 [3] NCCL INFO Channel 02 : 7[c7000] -> 6[85000] via P2P/IPC/read
x3207c0s25b0n0:2047867:2047891 [3] NCCL INFO Channel 03 : 7[c7000] -> 6[85000] via P2P/IPC/read
x3005c0s19b0n0:2626513:2626540 [1] NCCL INFO Channel 02 : 9[46000] -> 8[7000] via P2P/IPC/read
x3005c0s19b0n0:2626513:2626540 [1] NCCL INFO Channel 03 : 9[46000] -> 8[7000] via P2P/IPC/read
x3207c0s25b0n0:2047867:2047891 [3] NCCL INFO Connected all rings
x3207c0s25b0n0:2047865:2047888 [1] NCCL INFO Channel 01 : 5[46000] -> 4[7000] via P2P/IPC/read
x3207c0s25b0n0:2047865:2047888 [1] NCCL INFO Channel 02 : 5[46000] -> 4[7000] via P2P/IPC/read
x3207c0s25b0n0:2047865:2047888 [1] NCCL INFO Channel 03 : 5[46000] -> 4[7000] via P2P/IPC/read
x3005c0s19b0n0:2626515:2626538 [3] NCCL INFO Channel 00 : 11[c7000] -> 10[85000] via P2P/IPC/read
x3005c0s31b0n0:1106576:1106598 [3] NCCL INFO Channel 00 : 15[c7000] -> 14[85000] via P2P/IPC/read
x3207c0s25b0n0:2047866:2047889 [2] NCCL INFO Connected all rings
x3207c0s19b1n0:2047566:2047593 [1] NCCL INFO Channel 02 : 1[46000] -> 0[7000] via P2P/IPC/read
x3207c0s19b1n0:2047568:2047591 [3] NCCL INFO Channel 01 : 3[c7000] -> 2[85000] via P2P/IPC/read
x3207c0s19b1n0:2047566:2047593 [1] NCCL INFO Channel 03 : 1[46000] -> 0[7000] via P2P/IPC/read
x3207c0s19b1n0:2047565:2047590 [0] NCCL INFO Connected all rings
x3207c0s19b1n0:2047565:2047590 [0] NCCL INFO Channel 00 : 0[7000] -> 1[46000] via P2P/IPC/read
x3207c0s19b1n0:2047566:2047593 [1] NCCL INFO Connected all rings
x3005c0s19b0n0:2626514:2626537 [2] NCCL INFO Channel 03 : 10[85000] -> 9[46000] via P2P/IPC/read
x3005c0s31b0n0:1106576:1106598 [3] NCCL INFO Channel 01 : 15[c7000] -> 14[85000] via P2P/IPC/read
x3207c0s19b1n0:2047568:2047591 [3] NCCL INFO Channel 02 : 3[c7000] -> 2[85000] via P2P/IPC/read
x3005c0s19b0n0:2626515:2626538 [3] NCCL INFO Channel 01 : 11[c7000] -> 10[85000] via P2P/IPC/read
x3207c0s19b1n0:2047566:2047593 [1] NCCL INFO Channel 00 : 1[46000] -> 2[85000] via P2P/IPC/read
x3207c0s19b1n0:2047566:2047593 [1] NCCL INFO Channel 01 : 1[46000] -> 2[85000] via P2P/IPC/read
x3005c0s31b0n0:1106573:1106600 [0] NCCL INFO Connected all rings
x3207c0s19b1n0:2047566:2047593 [1] NCCL INFO Channel 02 : 1[46000] -> 2[85000] via P2P/IPC/read
x3207c0s19b1n0:2047566:2047593 [1] NCCL INFO Channel 03 : 1[46000] -> 2[85000] via P2P/IPC/read
x3005c0s31b0n0:1106573:1106600 [0] NCCL INFO Channel 00 : 12[7000] -> 13[46000] via P2P/IPC/read
x3005c0s31b0n0:1106574:1106599 [1] NCCL INFO Connected all rings
x3207c0s19b1n0:2047565:2047590 [0] NCCL INFO Channel 01 : 0[7000] -> 1[46000] via P2P/IPC/read
x3005c0s31b0n0:1106576:1106598 [3] NCCL INFO Channel 02 : 15[c7000] -> 14[85000] via P2P/IPC/read
x3207c0s19b1n0:2047568:2047591 [3] NCCL INFO Channel 03 : 3[c7000] -> 2[85000] via P2P/IPC/read
x3005c0s19b0n0:2626515:2626538 [3] NCCL INFO Channel 02 : 11[c7000] -> 10[85000] via P2P/IPC/read
x3207c0s19b1n0:2047568:2047591 [3] NCCL INFO Connected all rings
x3207c0s19b1n0:2047567:2047592 [2] NCCL INFO Connected all rings
x3005c0s31b0n0:1106573:1106600 [0] NCCL INFO Channel 01 : 12[7000] -> 13[46000] via P2P/IPC/read
x3005c0s19b0n0:2626515:2626538 [3] NCCL INFO Channel 03 : 11[c7000] -> 10[85000] via P2P/IPC/read
x3207c0s25b0n0:2047864:2047890 [0] NCCL INFO Connected all rings
x3207c0s25b0n0:2047864:2047890 [0] NCCL INFO Channel 00 : 4[7000] -> 5[46000] via P2P/IPC/read
x3005c0s31b0n0:1106576:1106598 [3] NCCL INFO Channel 03 : 15[c7000] -> 14[85000] via P2P/IPC/read
x3207c0s25b0n0:2047865:2047888 [1] NCCL INFO Connected all rings
x3207c0s19b1n0:2047565:2047590 [0] NCCL INFO Channel 02 : 0[7000] -> 1[46000] via P2P/IPC/read
x3005c0s31b0n0:1106573:1106600 [0] NCCL INFO Channel 02 : 12[7000] -> 13[46000] via P2P/IPC/read
x3005c0s19b0n0:2626512:2626539 [0] NCCL INFO Connected all rings
x3005c0s19b0n0:2626512:2626539 [0] NCCL INFO Channel 00 : 8[7000] -> 9[46000] via P2P/IPC/read
x3005c0s19b0n0:2626513:2626540 [1] NCCL INFO Connected all rings
x3207c0s25b0n0:2047866:2047889 [2] NCCL INFO Channel 00 : 6[85000] -> 7[c7000] via P2P/IPC/read
x3207c0s19b1n0:2047565:2047590 [0] NCCL INFO Channel 03 : 0[7000] -> 1[46000] via P2P/IPC/read
x3207c0s25b0n0:2047866:2047889 [2] NCCL INFO Channel 01 : 6[85000] -> 7[c7000] via P2P/IPC/read
x3207c0s25b0n0:2047864:2047890 [0] NCCL INFO Channel 01 : 4[7000] -> 5[46000] via P2P/IPC/read
x3207c0s25b0n0:2047864:2047890 [0] NCCL INFO Channel 02 : 4[7000] -> 5[46000] via P2P/IPC/read
x3005c0s31b0n0:1106576:1106598 [3] NCCL INFO Connected all rings
x3005c0s31b0n0:1106575:1106597 [2] NCCL INFO Connected all rings
x3005c0s31b0n0:1106573:1106600 [0] NCCL INFO Channel 03 : 12[7000] -> 13[46000] via P2P/IPC/read
x3005c0s19b0n0:2626515:2626538 [3] NCCL INFO Connected all rings
x3005c0s19b0n0:2626514:2626537 [2] NCCL INFO Connected all rings
x3005c0s31b0n0:1106574:1106599 [1] NCCL INFO Channel 00 : 13[46000] -> 14[85000] via P2P/IPC/read
x3005c0s31b0n0:1106574:1106599 [1] NCCL INFO Channel 01 : 13[46000] -> 14[85000] via P2P/IPC/read
x3005c0s31b0n0:1106574:1106599 [1] NCCL INFO Channel 02 : 13[46000] -> 14[85000] via P2P/IPC/read
x3005c0s31b0n0:1106574:1106599 [1] NCCL INFO Channel 03 : 13[46000] -> 14[85000] via P2P/IPC/read
x3207c0s25b0n0:2047866:2047889 [2] NCCL INFO Channel 02 : 6[85000] -> 7[c7000] via P2P/IPC/read
x3207c0s25b0n0:2047866:2047889 [2] NCCL INFO Channel 03 : 6[85000] -> 7[c7000] via P2P/IPC/read
x3005c0s19b0n0:2626512:2626539 [0] NCCL INFO Channel 01 : 8[7000] -> 9[46000] via P2P/IPC/read
x3207c0s25b0n0:2047865:2047888 [1] NCCL INFO Channel 00 : 5[46000] -> 6[85000] via P2P/IPC/read
x3207c0s25b0n0:2047865:2047888 [1] NCCL INFO Channel 01 : 5[46000] -> 6[85000] via P2P/IPC/read
x3207c0s25b0n0:2047865:2047888 [1] NCCL INFO Channel 02 : 5[46000] -> 6[85000] via P2P/IPC/read
x3207c0s25b0n0:2047865:2047888 [1] NCCL INFO Channel 03 : 5[46000] -> 6[85000] via P2P/IPC/read
x3005c0s19b0n0:2626512:2626539 [0] NCCL INFO Channel 02 : 8[7000] -> 9[46000] via P2P/IPC/read
x3005c0s19b0n0:2626512:2626539 [0] NCCL INFO Channel 03 : 8[7000] -> 9[46000] via P2P/IPC/read
x3207c0s25b0n0:2047864:2047890 [0] NCCL INFO Channel 03 : 4[7000] -> 5[46000] via P2P/IPC/read
x3207c0s19b1n0:2047567:2047592 [2] NCCL INFO Channel 00 : 2[85000] -> 3[c7000] via P2P/IPC/read
x3207c0s19b1n0:2047567:2047592 [2] NCCL INFO Channel 01 : 2[85000] -> 3[c7000] via P2P/IPC/read
x3207c0s19b1n0:2047567:2047592 [2] NCCL INFO Channel 02 : 2[85000] -> 3[c7000] via P2P/IPC/read
x3207c0s19b1n0:2047567:2047592 [2] NCCL INFO Channel 03 : 2[85000] -> 3[c7000] via P2P/IPC/read
x3207c0s25b0n0:2047867:2047891 [3] NCCL INFO Channel 01/0 : 7[c7000] -> 10[85000] [send] via NET/AWS Libfabric/1
x3207c0s19b1n0:2047567:2047592 [2] NCCL INFO Channel 00 : 2[85000] -> 1[46000] via P2P/IPC/read
x3207c0s19b1n0:2047565:2047590 [0] NCCL INFO Channel 02/0 : 0[7000] -> 4[7000] [send] via NET/AWS Libfabric/3
x3005c0s31b0n0:1106575:1106597 [2] NCCL INFO Channel 00 : 14[85000] -> 15[c7000] via P2P/IPC/read
x3005c0s31b0n0:1106575:1106597 [2] NCCL INFO Channel 01 : 14[85000] -> 15[c7000] via P2P/IPC/read
x3005c0s31b0n0:1106575:1106597 [2] NCCL INFO Channel 02 : 14[85000] -> 15[c7000] via P2P/IPC/read
x3005c0s31b0n0:1106575:1106597 [2] NCCL INFO Channel 03 : 14[85000] -> 15[c7000] via P2P/IPC/read
x3005c0s31b0n0:1106575:1106597 [2] NCCL INFO Channel 00 : 14[85000] -> 13[46000] via P2P/IPC/read
x3207c0s19b1n0:2047567:2047592 [2] NCCL INFO Channel 02 : 2[85000] -> 1[46000] via P2P/IPC/read
x3207c0s25b0n0:2047865:2047888 [1] NCCL INFO Channel 02/0 : 5[46000] -> 8[7000] [send] via NET/AWS Libfabric/3
x3207c0s19b1n0:2047568:2047591 [3] NCCL INFO Channel 03/0 : 3[c7000] -> 7[c7000] [send] via NET/AWS Libfabric/1
x3207c0s19b1n0:2047567:2047592 [2] NCCL INFO Connected all trees
x3207c0s19b1n0:2047567:2047592 [2] NCCL INFO threadThresholds 8/8/64 | 128/8/64 | 8/8/512
x3207c0s19b1n0:2047567:2047592 [2] NCCL INFO 4 coll channels, 4 p2p channels, 2 p2p channels per peer
x3207c0s19b1n0:2047566:2047593 [1] NCCL INFO Connected all trees
x3207c0s19b1n0:2047566:2047593 [1] NCCL INFO threadThresholds 8/8/64 | 128/8/64 | 8/8/512
x3207c0s19b1n0:2047566:2047593 [1] NCCL INFO 4 coll channels, 4 p2p channels, 2 p2p channels per peer
x3207c0s25b0n0:2047866:2047889 [2] NCCL INFO Channel 03/0 : 6[85000] -> 11[c7000] [send] via NET/AWS Libfabric/1
x3005c0s19b0n0:2626513:2626540 [1] NCCL INFO Channel 00 : 9[46000] -> 10[85000] via P2P/IPC/read
x3005c0s31b0n0:1106575:1106597 [2] NCCL INFO Channel 02 : 14[85000] -> 13[46000] via P2P/IPC/read
x3005c0s31b0n0:1106573:1106600 [0] NCCL INFO Channel 00/0 : 8[7000] -> 12[7000] [receive] via NET/AWS Libfabric/3
x3005c0s19b0n0:2626514:2626537 [2] NCCL INFO Channel 00 : 10[85000] -> 11[c7000] via P2P/IPC/read
x3005c0s19b0n0:2626514:2626537 [2] NCCL INFO Channel 01 : 10[85000] -> 11[c7000] via P2P/IPC/read
x3005c0s19b0n0:2626514:2626537 [2] NCCL INFO Channel 02 : 10[85000] -> 11[c7000] via P2P/IPC/read
x3005c0s19b0n0:2626514:2626537 [2] NCCL INFO Channel 03 : 10[85000] -> 11[c7000] via P2P/IPC/read
x3207c0s25b0n0:2047864:2047890 [0] NCCL INFO Channel 02/0 : 0[7000] -> 4[7000] [receive] via NET/AWS Libfabric/3
x3005c0s19b0n0:2626513:2626540 [1] NCCL INFO Channel 01 : 9[46000] -> 10[85000] via P2P/IPC/read
x3005c0s19b0n0:2626513:2626540 [1] NCCL INFO Channel 02 : 9[46000] -> 10[85000] via P2P/IPC/read
x3005c0s19b0n0:2626513:2626540 [1] NCCL INFO Channel 03 : 9[46000] -> 10[85000] via P2P/IPC/read
x3005c0s31b0n0:1106574:1106599 [1] NCCL INFO Connected all trees
x3005c0s31b0n0:1106574:1106599 [1] NCCL INFO threadThresholds 8/8/64 | 128/8/64 | 8/8/512
x3005c0s31b0n0:1106574:1106599 [1] NCCL INFO 4 coll channels, 4 p2p channels, 2 p2p channels per peer
x3005c0s31b0n0:1106575:1106597 [2] NCCL INFO Connected all trees
x3005c0s31b0n0:1106575:1106597 [2] NCCL INFO threadThresholds 8/8/64 | 128/8/64 | 8/8/512
x3005c0s31b0n0:1106575:1106597 [2] NCCL INFO 4 coll channels, 4 p2p channels, 2 p2p channels per peer
x3005c0s31b0n0:1106576:1106598 [3] NCCL INFO Channel 01/0 : 11[c7000] -> 15[c7000] [receive] via NET/AWS Libfabric/1
x3005c0s19b0n0:2626514:2626537 [2] NCCL INFO Channel 01/0 : 7[c7000] -> 10[85000] [receive] via NET/AWS Libfabric/1
x3005c0s19b0n0:2626515:2626538 [3] NCCL INFO Channel 01/0 : 11[c7000] -> 15[c7000] [send] via NET/AWS Libfabric/1
x3005c0s19b0n0:2626512:2626539 [0] NCCL INFO Channel 02/0 : 5[46000] -> 8[7000] [receive] via NET/AWS Libfabric/3
x3207c0s25b0n0:2047864:2047890 [0] NCCL INFO Channel 00/0 : 4[7000] -> 9[46000] [send] via NET/AWS Libfabric/3
x3005c0s19b0n0:2626513:2626540 [1] NCCL INFO Channel 00/0 : 4[7000] -> 9[46000] [receive] via NET/AWS Libfabric/3
x3207c0s19b1n0:2047565:2047590 [0] NCCL INFO Channel 00/0 : 8[7000] -> 0[7000] [receive] via NET/AWS Libfabric/3
x3005c0s19b0n0:2626515:2626538 [3] NCCL INFO Channel 03/0 : 6[85000] -> 11[c7000] [receive] via NET/AWS Libfabric/1
x3005c0s19b0n0:2626514:2626537 [2] NCCL INFO Channel 01/0 : 10[85000] -> 7[c7000] [send] via NET/AWS Libfabric/1
x3207c0s25b0n0:2047864:2047890 [0] NCCL INFO Channel 02/0 : 12[7000] -> 4[7000] [receive] via NET/AWS Libfabric/3
x3207c0s25b0n0:2047867:2047891 [3] NCCL INFO Channel 03/0 : 3[c7000] -> 7[c7000] [receive] via NET/AWS Libfabric/1
x3207c0s25b0n0:2047865:2047888 [1] NCCL INFO Channel 02/0 : 8[7000] -> 5[46000] [receive] via NET/AWS Libfabric/3
x3005c0s31b0n0:1106576:1106598 [3] NCCL INFO Channel 03/0 : 7[c7000] -> 15[c7000] [receive] via NET/AWS Libfabric/1
x3207c0s19b1n0:2047565:2047590 [0] NCCL INFO Channel 00/0 : 0[7000] -> 8[7000] [send] via NET/AWS Libfabric/3
x3005c0s19b0n0:2626512:2626539 [0] NCCL INFO Channel 00/0 : 8[7000] -> 12[7000] [send] via NET/AWS Libfabric/3
x3005c0s31b0n0:1106576:1106598 [3] NCCL INFO Channel 03/0 : 15[c7000] -> 7[c7000] [send] via NET/AWS Libfabric/1
x3005c0s19b0n0:2626513:2626540 [1] NCCL INFO Channel 00/0 : 9[46000] -> 4[7000] [send] via NET/AWS Libfabric/3
x3207c0s19b1n0:2047568:2047591 [3] NCCL INFO Channel 01/0 : 11[c7000] -> 3[c7000] [receive] via NET/AWS Libfabric/1
x3207c0s25b0n0:2047864:2047890 [0] NCCL INFO Channel 02/0 : 4[7000] -> 12[7000] [send] via NET/AWS Libfabric/3
x3005c0s31b0n0:1106573:1106600 [0] NCCL INFO Channel 02/0 : 4[7000] -> 12[7000] [receive] via NET/AWS Libfabric/3
x3005c0s19b0n0:2626512:2626539 [0] NCCL INFO Channel 00/0 : 0[7000] -> 8[7000] [receive] via NET/AWS Libfabric/3
x3207c0s25b0n0:2047866:2047889 [2] NCCL INFO Channel 03/0 : 11[c7000] -> 6[85000] [receive] via NET/AWS Libfabric/1
x3207c0s25b0n0:2047867:2047891 [3] NCCL INFO Channel 03/0 : 15[c7000] -> 7[c7000] [receive] via NET/AWS Libfabric/1
x3207c0s19b1n0:2047568:2047591 [3] NCCL INFO Channel 01/0 : 3[c7000] -> 11[c7000] [send] via NET/AWS Libfabric/1
x3005c0s19b0n0:2626515:2626538 [3] NCCL INFO Channel 01/0 : 3[c7000] -> 11[c7000] [receive] via NET/AWS Libfabric/1
x3005c0s19b0n0:2626512:2626539 [0] NCCL INFO Channel 00/0 : 8[7000] -> 0[7000] [send] via NET/AWS Libfabric/3
x3005c0s31b0n0:1106573:1106600 [0] NCCL INFO Channel 02/0 : 12[7000] -> 4[7000] [send] via NET/AWS Libfabric/3
x3207c0s25b0n0:2047867:2047891 [3] NCCL INFO Channel 03/0 : 7[c7000] -> 15[c7000] [send] via NET/AWS Libfabric/1
x3005c0s19b0n0:2626515:2626538 [3] NCCL INFO Channel 01/0 : 11[c7000] -> 3[c7000] [send] via NET/AWS Libfabric/1
x3005c0s19b0n0:2626512:2626539 [0] NCCL INFO Channel 00/0 : 12[7000] -> 8[7000] [receive] via NET/AWS Libfabric/3
x3005c0s31b0n0:1106573:1106600 [0] NCCL INFO Channel 00/0 : 12[7000] -> 8[7000] [send] via NET/AWS Libfabric/3
x3207c0s25b0n0:2047867:2047891 [3] NCCL INFO Channel 03/0 : 7[c7000] -> 3[c7000] [send] via NET/AWS Libfabric/1
x3005c0s31b0n0:1106576:1106598 [3] NCCL INFO Channel 01/0 : 15[c7000] -> 11[c7000] [send] via NET/AWS Libfabric/1
x3005c0s31b0n0:1106573:1106600 [0] NCCL INFO Connected all trees
x3005c0s31b0n0:1106573:1106600 [0] NCCL INFO threadThresholds 8/8/64 | 128/8/64 | 8/8/512
x3005c0s31b0n0:1106573:1106600 [0] NCCL INFO 4 coll channels, 4 p2p channels, 2 p2p channels per peer
x3207c0s19b1n0:2047565:2047590 [0] NCCL INFO Channel 02/0 : 4[7000] -> 0[7000] [receive] via NET/AWS Libfabric/3
x3005c0s19b0n0:2626515:2626538 [3] NCCL INFO Channel 03/0 : 11[c7000] -> 6[85000] [send] via NET/AWS Libfabric/1
x3207c0s19b1n0:2047568:2047591 [3] NCCL INFO Channel 03/0 : 7[c7000] -> 3[c7000] [receive] via NET/AWS Libfabric/1
x3207c0s25b0n0:2047864:2047890 [0] NCCL INFO Channel 00/0 : 9[46000] -> 4[7000] [receive] via NET/AWS Libfabric/3
x3207c0s19b1n0:2047568:2047591 [3] NCCL INFO Connected all trees
x3207c0s19b1n0:2047568:2047591 [3] NCCL INFO threadThresholds 8/8/64 | 128/8/64 | 8/8/512
x3207c0s19b1n0:2047568:2047591 [3] NCCL INFO 4 coll channels, 4 p2p channels, 2 p2p channels per peer
x3207c0s25b0n0:2047866:2047889 [2] NCCL INFO Channel 00 : 6[85000] -> 5[46000] via P2P/IPC/read
x3005c0s19b0n0:2626512:2626539 [0] NCCL INFO Channel 02/0 : 8[7000] -> 5[46000] [send] via NET/AWS Libfabric/3
x3207c0s25b0n0:2047867:2047891 [3] NCCL INFO Channel 01/0 : 10[85000] -> 7[c7000] [receive] via NET/AWS Libfabric/1
x3005c0s19b0n0:2626515:2626538 [3] NCCL INFO Channel 01/0 : 15[c7000] -> 11[c7000] [receive] via NET/AWS Libfabric/1
x3005c0s19b0n0:2626512:2626539 [0] NCCL INFO Connected all trees
x3005c0s19b0n0:2626512:2626539 [0] NCCL INFO threadThresholds 8/8/64 | 128/8/64 | 8/8/512
x3005c0s19b0n0:2626512:2626539 [0] NCCL INFO 4 coll channels, 4 p2p channels, 2 p2p channels per peer
x3005c0s19b0n0:2626514:2626537 [2] NCCL INFO Channel 00 : 10[85000] -> 9[46000] via P2P/IPC/read
x3207c0s25b0n0:2047864:2047890 [0] NCCL INFO Channel 02/0 : 4[7000] -> 0[7000] [send] via NET/AWS Libfabric/3
x3207c0s25b0n0:2047866:2047889 [2] NCCL INFO Channel 02 : 6[85000] -> 5[46000] via P2P/IPC/read
x3207c0s25b0n0:2047867:2047891 [3] NCCL INFO Connected all trees
x3207c0s25b0n0:2047867:2047891 [3] NCCL INFO threadThresholds 8/8/64 | 128/8/64 | 8/8/512
x3207c0s25b0n0:2047867:2047891 [3] NCCL INFO 4 coll channels, 4 p2p channels, 2 p2p channels per peer
x3005c0s31b0n0:1106576:1106598 [3] NCCL INFO Connected all trees
x3005c0s31b0n0:1106576:1106598 [3] NCCL INFO threadThresholds 8/8/64 | 128/8/64 | 8/8/512
x3005c0s31b0n0:1106576:1106598 [3] NCCL INFO 4 coll channels, 4 p2p channels, 2 p2p channels per peer
x3005c0s19b0n0:2626515:2626538 [3] NCCL INFO Connected all trees
x3005c0s19b0n0:2626515:2626538 [3] NCCL INFO threadThresholds 8/8/64 | 128/8/64 | 8/8/512
x3005c0s19b0n0:2626515:2626538 [3] NCCL INFO 4 coll channels, 4 p2p channels, 2 p2p channels per peer
x3207c0s25b0n0:2047864:2047890 [0] NCCL INFO Connected all trees
x3207c0s25b0n0:2047864:2047890 [0] NCCL INFO threadThresholds 8/8/64 | 128/8/64 | 8/8/512
x3207c0s25b0n0:2047864:2047890 [0] NCCL INFO 4 coll channels, 4 p2p channels, 2 p2p channels per peer
x3005c0s19b0n0:2626514:2626537 [2] NCCL INFO Channel 02 : 10[85000] -> 9[46000] via P2P/IPC/read
x3005c0s31b0n0:1106573:1106600 [0] NCCL INFO comm 0x14d3f40010c0 rank 12 nranks 16 cudaDev 0 busId 7000 - Init COMPLETE
x3005c0s31b0n0:1106574:1106599 [1] NCCL INFO comm 0x1535880010c0 rank 13 nranks 16 cudaDev 1 busId 46000 - Init COMPLETE
x3005c0s31b0n0:1106575:1106597 [2] NCCL INFO comm 0x146bd40010c0 rank 14 nranks 16 cudaDev 2 busId 85000 - Init COMPLETE
x3005c0s31b0n0:1106576:1106598 [3] NCCL INFO comm 0x1545f00010c0 rank 15 nranks 16 cudaDev 3 busId c7000 - Init COMPLETE
x3207c0s19b1n0:2047565:2047590 [0] NCCL INFO Connected all trees
x3207c0s19b1n0:2047565:2047590 [0] NCCL INFO threadThresholds 8/8/64 | 128/8/64 | 8/8/512
x3207c0s19b1n0:2047565:2047590 [0] NCCL INFO 4 coll channels, 4 p2p channels, 2 p2p channels per peer
x3207c0s25b0n0:2047866:2047889 [2] NCCL INFO Connected all trees
x3207c0s25b0n0:2047866:2047889 [2] NCCL INFO threadThresholds 8/8/64 | 128/8/64 | 8/8/512
x3207c0s25b0n0:2047866:2047889 [2] NCCL INFO 4 coll channels, 4 p2p channels, 2 p2p channels per peer
x3207c0s25b0n0:2047865:2047888 [1] NCCL INFO Connected all trees
x3207c0s25b0n0:2047865:2047888 [1] NCCL INFO threadThresholds 8/8/64 | 128/8/64 | 8/8/512
x3207c0s25b0n0:2047865:2047888 [1] NCCL INFO 4 coll channels, 4 p2p channels, 2 p2p channels per peer
x3207c0s19b1n0:2047566:2047593 [1] NCCL INFO comm 0x14ec0c0010c0 rank 1 nranks 16 cudaDev 1 busId 46000 - Init COMPLETE
x3207c0s19b1n0:2047565:2047590 [0] NCCL INFO comm 0x14a3f00010c0 rank 0 nranks 16 cudaDev 0 busId 7000 - Init COMPLETE
#
#                                                              out-of-place                       in-place          
#       size         count      type   redop    root     time   algbw   busbw #wrong     time   algbw   busbw #wrong
#        (B)    (elements)                               (us)  (GB/s)  (GB/s)            (us)  (GB/s)  (GB/s)       
x3207c0s19b1n0:2047567:2047592 [2] NCCL INFO comm 0x14abb40010c0 rank 2 nranks 16 cudaDev 2 busId 85000 - Init COMPLETE
x3207c0s19b1n0:2047568:2047591 [3] NCCL INFO comm 0x1476700010c0 rank 3 nranks 16 cudaDev 3 busId c7000 - Init COMPLETE
x3005c0s19b0n0:2626513:2626540 [1] NCCL INFO Connected all trees
x3005c0s19b0n0:2626513:2626540 [1] NCCL INFO threadThresholds 8/8/64 | 128/8/64 | 8/8/512
x3005c0s19b0n0:2626513:2626540 [1] NCCL INFO 4 coll channels, 4 p2p channels, 2 p2p channels per peer
x3005c0s19b0n0:2626514:2626537 [2] NCCL INFO Connected all trees
x3005c0s19b0n0:2626514:2626537 [2] NCCL INFO threadThresholds 8/8/64 | 128/8/64 | 8/8/512
x3005c0s19b0n0:2626514:2626537 [2] NCCL INFO 4 coll channels, 4 p2p channels, 2 p2p channels per peer
x3207c0s25b0n0:2047864:2047890 [0] NCCL INFO comm 0x14c1dc0010c0 rank 4 nranks 16 cudaDev 0 busId 7000 - Init COMPLETE
x3207c0s25b0n0:2047866:2047889 [2] NCCL INFO comm 0x1511300010c0 rank 6 nranks 16 cudaDev 2 busId 85000 - Init COMPLETE
x3207c0s25b0n0:2047865:2047888 [1] NCCL INFO comm 0x154fe40010c0 rank 5 nranks 16 cudaDev 1 busId 46000 - Init COMPLETE
x3207c0s25b0n0:2047867:2047891 [3] NCCL INFO comm 0x14d5c40010c0 rank 7 nranks 16 cudaDev 3 busId c7000 - Init COMPLETE
x3005c0s19b0n0:2626514:2626537 [2] NCCL INFO comm 0x1471f80010c0 rank 10 nranks 16 cudaDev 2 busId 85000 - Init COMPLETE
x3005c0s19b0n0:2626515:2626538 [3] NCCL INFO comm 0x149b900010c0 rank 11 nranks 16 cudaDev 3 busId c7000 - Init COMPLETE
x3005c0s19b0n0:2626512:2626539 [0] NCCL INFO comm 0x14ffc00010c0 rank 8 nranks 16 cudaDev 0 busId 7000 - Init COMPLETE
x3005c0s19b0n0:2626513:2626540 [1] NCCL INFO comm 0x150b8c0010c0 rank 9 nranks 16 cudaDev 1 busId 46000 - Init COMPLETE
x3207c0s19b1n0:2047565:2047565 [0] NCCL INFO Launch mode Parallel
       65536         16384     float     sum      -1    174.6    0.38    0.70      0    173.0    0.38    0.71      0
      131072         32768     float     sum      -1    180.4    0.73    1.36      0    178.9    0.73    1.37      0
      262144         65536     float     sum      -1    196.3    1.34    2.50      0    195.7    1.34    2.51      0
      524288        131072     float     sum      -1    224.5    2.34    4.38      0    224.9    2.33    4.37      0
     1048576        262144     float     sum      -1    296.1    3.54    6.64      0    296.4    3.54    6.63      0
     2097152        524288     float     sum      -1    614.7    3.41    6.40      0    564.4    3.72    6.97      0
     4194304       1048576     float     sum      -1   1059.7    3.96    7.42      0    948.6    4.42    8.29      0
     8388608       2097152     float     sum      -1   1887.2    4.44    8.33      0   1832.8    4.58    8.58      0
    16777216       4194304     float     sum      -1    12960    1.29    2.43      0   4103.5    4.09    7.67      0
    33554432       8388608     float     sum      -1   7633.4    4.40    8.24      0   7635.9    4.39    8.24      0
    67108864      16777216     float     sum      -1    33772    1.99    3.73      0    14841    4.52    8.48      0
   134217728      33554432     float     sum      -1    29333    4.58    8.58      0    29371    4.57    8.57      0
   268435456      67108864     float     sum      -1    56622    4.74    8.89      0    56578    4.74    8.90      0
x3207c0s19b1n0:2047567:2047567 [2] NCCL INFO comm 0x14abb40010c0 rank 2 nranks 16 cudaDev 2 busId 85000 - Destroy COMPLETE
x3207c0s19b1n0:2047566:2047566 [1] NCCL INFO comm 0x14ec0c0010c0 rank 1 nranks 16 cudaDev 1 busId 46000 - Destroy COMPLETE
x3005c0s31b0n0:1106574:1106574 [1] NCCL INFO comm 0x1535880010c0 rank 13 nranks 16 cudaDev 1 busId 46000 - Destroy COMPLETE
x3005c0s31b0n0:1106575:1106575 [2] NCCL INFO comm 0x146bd40010c0 rank 14 nranks 16 cudaDev 2 busId 85000 - Destroy COMPLETE
x3207c0s19b1n0:2047568:2047568 [3] NCCL INFO comm 0x1476700010c0 rank 3 nranks 16 cudaDev 3 busId c7000 - Destroy COMPLETE
x3005c0s31b0n0:1106576:1106576 [3] NCCL INFO comm 0x1545f00010c0 rank 15 nranks 16 cudaDev 3 busId c7000 - Destroy COMPLETE
x3207c0s19b1n0:2047565:2047565 [0] NCCL INFO comm 0x14a3f00010c0 rank 0 nranks 16 cudaDev 0 busId 7000 - Destroy COMPLETE
x3207c0s25b0n0:2047865:2047865 [1] NCCL INFO comm 0x154fe40010c0 rank 5 nranks 16 cudaDev 1 busId 46000 - Destroy COMPLETE
# Out of bounds values : 0 OK
# Avg bus bandwidth    : 5.80357 
#
x3005c0s31b0n0:1106573:1106573 [0] NCCL INFO comm 0x14d3f40010c0 rank 12 nranks 16 cudaDev 0 busId 7000 - Destroy COMPLETE
x3207c0s25b0n0:2047866:2047866 [2] NCCL INFO comm 0x1511300010c0 rank 6 nranks 16 cudaDev 2 busId 85000 - Destroy COMPLETE
x3005c0s19b0n0:2626513:2626513 [1] NCCL INFO comm 0x150b8c0010c0 rank 9 nranks 16 cudaDev 1 busId 46000 - Destroy COMPLETE
x3005c0s19b0n0:2626514:2626514 [2] NCCL INFO comm 0x1471f80010c0 rank 10 nranks 16 cudaDev 2 busId 85000 - Destroy COMPLETE
x3207c0s25b0n0:2047864:2047864 [0] NCCL INFO comm 0x14c1dc0010c0 rank 4 nranks 16 cudaDev 0 busId 7000 - Destroy COMPLETE
x3207c0s25b0n0:2047867:2047867 [3] NCCL INFO comm 0x14d5c40010c0 rank 7 nranks 16 cudaDev 3 busId c7000 - Destroy COMPLETE
x3005c0s19b0n0:2626515:2626515 [3] NCCL INFO comm 0x149b900010c0 rank 11 nranks 16 cudaDev 3 busId c7000 - Destroy COMPLETE
x3005c0s19b0n0:2626512:2626512 [0] NCCL INFO comm 0x14ffc00010c0 rank 8 nranks 16 cudaDev 0 busId 7000 - Destroy COMPLETE

# nThread 1 nGpus 1 minBytes 65536 maxBytes 268435456 step: 2(factor) warmup iters: 5 iters: 60 agg iters: 1 validation: 1 graph: 0
#
# Using devices
#  Rank  0 Group  0 Pid 2047675 on x3207c0s19b1n0 device  0 [0x07] NVIDIA A100-SXM4-40GB
#  Rank  1 Group  0 Pid 2047676 on x3207c0s19b1n0 device  1 [0x46] NVIDIA A100-SXM4-40GB
#  Rank  2 Group  0 Pid 2047677 on x3207c0s19b1n0 device  2 [0x85] NVIDIA A100-SXM4-40GB
#  Rank  3 Group  0 Pid 2047678 on x3207c0s19b1n0 device  3 [0xc7] NVIDIA A100-SXM4-40GB
#  Rank  4 Group  0 Pid 2048025 on x3207c0s25b0n0 device  0 [0x07] NVIDIA A100-SXM4-40GB
#  Rank  5 Group  0 Pid 2048026 on x3207c0s25b0n0 device  1 [0x46] NVIDIA A100-SXM4-40GB
#  Rank  6 Group  0 Pid 2048027 on x3207c0s25b0n0 device  2 [0x85] NVIDIA A100-SXM4-40GB
#  Rank  7 Group  0 Pid 2048028 on x3207c0s25b0n0 device  3 [0xc7] NVIDIA A100-SXM4-40GB
#  Rank  8 Group  0 Pid 2626622 on x3005c0s19b0n0 device  0 [0x07] NVIDIA A100-SXM4-40GB
#  Rank  9 Group  0 Pid 2626623 on x3005c0s19b0n0 device  1 [0x46] NVIDIA A100-SXM4-40GB
#  Rank 10 Group  0 Pid 2626624 on x3005c0s19b0n0 device  2 [0x85] NVIDIA A100-SXM4-40GB
#  Rank 11 Group  0 Pid 2626625 on x3005c0s19b0n0 device  3 [0xc7] NVIDIA A100-SXM4-40GB
#  Rank 12 Group  0 Pid 1106680 on x3005c0s31b0n0 device  0 [0x07] NVIDIA A100-SXM4-40GB
#  Rank 13 Group  0 Pid 1106681 on x3005c0s31b0n0 device  1 [0x46] NVIDIA A100-SXM4-40GB
#  Rank 14 Group  0 Pid 1106682 on x3005c0s31b0n0 device  2 [0x85] NVIDIA A100-SXM4-40GB
#  Rank 15 Group  0 Pid 1106683 on x3005c0s31b0n0 device  3 [0xc7] NVIDIA A100-SXM4-40GB
x3207c0s19b1n0:2047675:2047675 [0] NCCL INFO Bootstrap : Using hsn1:10.201.1.24<0>
x3207c0s19b1n0:2047675:2047675 [0] NCCL INFO NET/Plugin: Failed to find ncclCollNetPlugin_v5 symbol.
x3207c0s19b1n0:2047675:2047675 [0] NCCL INFO NET/Plugin: Failed to find ncclCollNetPlugin_v4 symbol.
x3207c0s19b1n0:2047675:2047675 [0] NCCL INFO NET/OFI Initializing aws-ofi-nccl 1.7.4-aws
x3207c0s19b1n0:2047675:2047675 [0] NCCL INFO NET/OFI Using CUDA runtime version 12020
x3207c0s19b1n0:2047675:2047675 [0] NCCL INFO NET/OFI Selected Provider is cxi (found 4 nics)
x3207c0s19b1n0:2047675:2047675 [0] NCCL INFO NET/OFI Using transport protocol SENDRECV
x3207c0s19b1n0:2047675:2047675 [0] NCCL INFO Using network AWS Libfabric
NCCL version 2.12.12+cuda12.2
x3207c0s19b1n0:2047678:2047678 [3] NCCL INFO Bootstrap : Using hsn1:10.201.1.24<0>
x3207c0s19b1n0:2047677:2047677 [2] NCCL INFO Bootstrap : Using hsn1:10.201.1.24<0>
x3207c0s19b1n0:2047676:2047676 [1] NCCL INFO Bootstrap : Using hsn1:10.201.1.24<0>
x3207c0s19b1n0:2047678:2047678 [3] NCCL INFO NET/Plugin: Failed to find ncclCollNetPlugin_v5 symbol.
x3207c0s19b1n0:2047678:2047678 [3] NCCL INFO NET/Plugin: Failed to find ncclCollNetPlugin_v4 symbol.
x3207c0s19b1n0:2047678:2047678 [3] NCCL INFO NET/OFI Initializing aws-ofi-nccl 1.7.4-aws
x3207c0s19b1n0:2047678:2047678 [3] NCCL INFO NET/OFI Using CUDA runtime version 12020
x3207c0s19b1n0:2047678:2047678 [3] NCCL INFO NET/OFI Selected Provider is cxi (found 4 nics)
x3207c0s19b1n0:2047678:2047678 [3] NCCL INFO NET/OFI Using transport protocol SENDRECV
x3207c0s19b1n0:2047677:2047677 [2] NCCL INFO NET/Plugin: Failed to find ncclCollNetPlugin_v5 symbol.
x3207c0s19b1n0:2047677:2047677 [2] NCCL INFO NET/Plugin: Failed to find ncclCollNetPlugin_v4 symbol.
x3207c0s19b1n0:2047677:2047677 [2] NCCL INFO NET/OFI Initializing aws-ofi-nccl 1.7.4-aws
x3207c0s19b1n0:2047677:2047677 [2] NCCL INFO NET/OFI Using CUDA runtime version 12020
x3207c0s19b1n0:2047677:2047677 [2] NCCL INFO NET/OFI Selected Provider is cxi (found 4 nics)
x3207c0s19b1n0:2047677:2047677 [2] NCCL INFO NET/OFI Using transport protocol SENDRECV
x3207c0s19b1n0:2047676:2047676 [1] NCCL INFO NET/Plugin: Failed to find ncclCollNetPlugin_v5 symbol.
x3207c0s19b1n0:2047676:2047676 [1] NCCL INFO NET/Plugin: Failed to find ncclCollNetPlugin_v4 symbol.
x3207c0s19b1n0:2047676:2047676 [1] NCCL INFO NET/OFI Initializing aws-ofi-nccl 1.7.4-aws
x3207c0s19b1n0:2047676:2047676 [1] NCCL INFO NET/OFI Using CUDA runtime version 12020
x3207c0s19b1n0:2047678:2047678 [3] NCCL INFO Using network AWS Libfabric
x3207c0s19b1n0:2047676:2047676 [1] NCCL INFO NET/OFI Selected Provider is cxi (found 4 nics)
x3207c0s19b1n0:2047676:2047676 [1] NCCL INFO NET/OFI Using transport protocol SENDRECV
x3207c0s19b1n0:2047677:2047677 [2] NCCL INFO Using network AWS Libfabric
x3207c0s19b1n0:2047676:2047676 [1] NCCL INFO Using network AWS Libfabric
x3005c0s31b0n0:1106681:1106681 [1] NCCL INFO Bootstrap : Using hsn1:10.201.1.219<0>
x3207c0s25b0n0:2048028:2048028 [3] NCCL INFO Bootstrap : Using hsn1:10.201.1.26<0>
x3207c0s25b0n0:2048025:2048025 [0] NCCL INFO Bootstrap : Using hsn1:10.201.1.26<0>
x3005c0s31b0n0:1106681:1106681 [1] NCCL INFO NET/Plugin: Failed to find ncclCollNetPlugin_v5 symbol.
x3005c0s31b0n0:1106681:1106681 [1] NCCL INFO NET/Plugin: Failed to find ncclCollNetPlugin_v4 symbol.
x3005c0s31b0n0:1106681:1106681 [1] NCCL INFO NET/OFI Initializing aws-ofi-nccl 1.7.4-aws
x3005c0s31b0n0:1106681:1106681 [1] NCCL INFO NET/OFI Using CUDA runtime version 12020
x3005c0s31b0n0:1106681:1106681 [1] NCCL INFO NET/OFI Selected Provider is cxi (found 4 nics)
x3005c0s31b0n0:1106681:1106681 [1] NCCL INFO NET/OFI Using transport protocol SENDRECV
x3005c0s31b0n0:1106683:1106683 [3] NCCL INFO Bootstrap : Using hsn1:10.201.1.219<0>
x3207c0s25b0n0:2048028:2048028 [3] NCCL INFO NET/Plugin: Failed to find ncclCollNetPlugin_v5 symbol.
x3207c0s25b0n0:2048028:2048028 [3] NCCL INFO NET/Plugin: Failed to find ncclCollNetPlugin_v4 symbol.
x3207c0s25b0n0:2048028:2048028 [3] NCCL INFO NET/OFI Initializing aws-ofi-nccl 1.7.4-aws
x3207c0s25b0n0:2048028:2048028 [3] NCCL INFO NET/OFI Using CUDA runtime version 12020
x3005c0s31b0n0:1106680:1106680 [0] NCCL INFO Bootstrap : Using hsn1:10.201.1.219<0>
x3207c0s25b0n0:2048028:2048028 [3] NCCL INFO NET/OFI Selected Provider is cxi (found 4 nics)
x3207c0s25b0n0:2048028:2048028 [3] NCCL INFO NET/OFI Using transport protocol SENDRECV
x3207c0s25b0n0:2048027:2048027 [2] NCCL INFO Bootstrap : Using hsn1:10.201.1.26<0>
x3207c0s25b0n0:2048026:2048026 [1] NCCL INFO Bootstrap : Using hsn1:10.201.1.26<0>
x3207c0s25b0n0:2048025:2048025 [0] NCCL INFO NET/Plugin: Failed to find ncclCollNetPlugin_v5 symbol.
x3207c0s25b0n0:2048025:2048025 [0] NCCL INFO NET/Plugin: Failed to find ncclCollNetPlugin_v4 symbol.
x3207c0s25b0n0:2048025:2048025 [0] NCCL INFO NET/OFI Initializing aws-ofi-nccl 1.7.4-aws
x3207c0s25b0n0:2048025:2048025 [0] NCCL INFO NET/OFI Using CUDA runtime version 12020
x3005c0s31b0n0:1106682:1106682 [2] NCCL INFO Bootstrap : Using hsn1:10.201.1.219<0>
x3005c0s19b0n0:2626625:2626625 [3] NCCL INFO Bootstrap : Using hsn1:10.201.1.213<0>
x3005c0s31b0n0:1106681:1106681 [1] NCCL INFO Using network AWS Libfabric
x3207c0s25b0n0:2048025:2048025 [0] NCCL INFO NET/OFI Selected Provider is cxi (found 4 nics)
x3207c0s25b0n0:2048025:2048025 [0] NCCL INFO NET/OFI Using transport protocol SENDRECV
x3005c0s19b0n0:2626623:2626623 [1] NCCL INFO Bootstrap : Using hsn1:10.201.1.213<0>
x3005c0s31b0n0:1106683:1106683 [3] NCCL INFO NET/Plugin: Failed to find ncclCollNetPlugin_v5 symbol.
x3005c0s31b0n0:1106683:1106683 [3] NCCL INFO NET/Plugin: Failed to find ncclCollNetPlugin_v4 symbol.
x3005c0s31b0n0:1106683:1106683 [3] NCCL INFO NET/OFI Initializing aws-ofi-nccl 1.7.4-aws
x3005c0s31b0n0:1106683:1106683 [3] NCCL INFO NET/OFI Using CUDA runtime version 12020
x3207c0s25b0n0:2048027:2048027 [2] NCCL INFO NET/Plugin: Failed to find ncclCollNetPlugin_v5 symbol.
x3207c0s25b0n0:2048027:2048027 [2] NCCL INFO NET/Plugin: Failed to find ncclCollNetPlugin_v4 symbol.
x3207c0s25b0n0:2048027:2048027 [2] NCCL INFO NET/OFI Initializing aws-ofi-nccl 1.7.4-aws
x3207c0s25b0n0:2048027:2048027 [2] NCCL INFO NET/OFI Using CUDA runtime version 12020
x3005c0s31b0n0:1106680:1106680 [0] NCCL INFO NET/Plugin: Failed to find ncclCollNetPlugin_v5 symbol.
x3005c0s31b0n0:1106680:1106680 [0] NCCL INFO NET/Plugin: Failed to find ncclCollNetPlugin_v4 symbol.
x3005c0s31b0n0:1106680:1106680 [0] NCCL INFO NET/OFI Initializing aws-ofi-nccl 1.7.4-aws
x3005c0s31b0n0:1106680:1106680 [0] NCCL INFO NET/OFI Using CUDA runtime version 12020
x3005c0s31b0n0:1106683:1106683 [3] NCCL INFO NET/OFI Selected Provider is cxi (found 4 nics)
x3005c0s31b0n0:1106683:1106683 [3] NCCL INFO NET/OFI Using transport protocol SENDRECV
x3207c0s25b0n0:2048028:2048028 [3] NCCL INFO Using network AWS Libfabric
x3207c0s25b0n0:2048026:2048026 [1] NCCL INFO NET/Plugin: Failed to find ncclCollNetPlugin_v5 symbol.
x3207c0s25b0n0:2048026:2048026 [1] NCCL INFO NET/Plugin: Failed to find ncclCollNetPlugin_v4 symbol.
x3207c0s25b0n0:2048026:2048026 [1] NCCL INFO NET/OFI Initializing aws-ofi-nccl 1.7.4-aws
x3207c0s25b0n0:2048026:2048026 [1] NCCL INFO NET/OFI Using CUDA runtime version 12020
x3207c0s25b0n0:2048027:2048027 [2] NCCL INFO NET/OFI Selected Provider is cxi (found 4 nics)
x3207c0s25b0n0:2048027:2048027 [2] NCCL INFO NET/OFI Using transport protocol SENDRECV
x3005c0s31b0n0:1106680:1106680 [0] NCCL INFO NET/OFI Selected Provider is cxi (found 4 nics)
x3005c0s31b0n0:1106680:1106680 [0] NCCL INFO NET/OFI Using transport protocol SENDRECV
x3005c0s19b0n0:2626624:2626624 [2] NCCL INFO Bootstrap : Using hsn1:10.201.1.213<0>
x3207c0s25b0n0:2048026:2048026 [1] NCCL INFO NET/OFI Selected Provider is cxi (found 4 nics)
x3207c0s25b0n0:2048026:2048026 [1] NCCL INFO NET/OFI Using transport protocol SENDRECV
x3005c0s31b0n0:1106682:1106682 [2] NCCL INFO NET/Plugin: Failed to find ncclCollNetPlugin_v5 symbol.
x3005c0s31b0n0:1106682:1106682 [2] NCCL INFO NET/Plugin: Failed to find ncclCollNetPlugin_v4 symbol.
x3005c0s31b0n0:1106682:1106682 [2] NCCL INFO NET/OFI Initializing aws-ofi-nccl 1.7.4-aws
x3005c0s31b0n0:1106682:1106682 [2] NCCL INFO NET/OFI Using CUDA runtime version 12020
x3005c0s31b0n0:1106682:1106682 [2] NCCL INFO NET/OFI Selected Provider is cxi (found 4 nics)
x3005c0s31b0n0:1106682:1106682 [2] NCCL INFO NET/OFI Using transport protocol SENDRECV
x3005c0s19b0n0:2626625:2626625 [3] NCCL INFO NET/Plugin: Failed to find ncclCollNetPlugin_v5 symbol.
x3005c0s19b0n0:2626625:2626625 [3] NCCL INFO NET/Plugin: Failed to find ncclCollNetPlugin_v4 symbol.
x3005c0s19b0n0:2626625:2626625 [3] NCCL INFO NET/OFI Initializing aws-ofi-nccl 1.7.4-aws
x3005c0s19b0n0:2626625:2626625 [3] NCCL INFO NET/OFI Using CUDA runtime version 12020
x3005c0s19b0n0:2626625:2626625 [3] NCCL INFO NET/OFI Selected Provider is cxi (found 4 nics)
x3005c0s19b0n0:2626625:2626625 [3] NCCL INFO NET/OFI Using transport protocol SENDRECV
x3207c0s25b0n0:2048025:2048025 [0] NCCL INFO Using network AWS Libfabric
x3005c0s19b0n0:2626623:2626623 [1] NCCL INFO NET/Plugin: Failed to find ncclCollNetPlugin_v5 symbol.
x3005c0s19b0n0:2626623:2626623 [1] NCCL INFO NET/Plugin: Failed to find ncclCollNetPlugin_v4 symbol.
x3005c0s19b0n0:2626623:2626623 [1] NCCL INFO NET/OFI Initializing aws-ofi-nccl 1.7.4-aws
x3005c0s19b0n0:2626623:2626623 [1] NCCL INFO NET/OFI Using CUDA runtime version 12020
x3005c0s19b0n0:2626623:2626623 [1] NCCL INFO NET/OFI Selected Provider is cxi (found 4 nics)
x3005c0s19b0n0:2626623:2626623 [1] NCCL INFO NET/OFI Using transport protocol SENDRECV
x3005c0s19b0n0:2626622:2626622 [0] NCCL INFO Bootstrap : Using hsn1:10.201.1.213<0>
x3005c0s31b0n0:1106683:1106683 [3] NCCL INFO Using network AWS Libfabric
x3005c0s19b0n0:2626624:2626624 [2] NCCL INFO NET/Plugin: Failed to find ncclCollNetPlugin_v5 symbol.
x3005c0s19b0n0:2626624:2626624 [2] NCCL INFO NET/Plugin: Failed to find ncclCollNetPlugin_v4 symbol.
x3005c0s19b0n0:2626624:2626624 [2] NCCL INFO NET/OFI Initializing aws-ofi-nccl 1.7.4-aws
x3005c0s19b0n0:2626624:2626624 [2] NCCL INFO NET/OFI Using CUDA runtime version 12020
x3207c0s25b0n0:2048027:2048027 [2] NCCL INFO Using network AWS Libfabric
x3005c0s31b0n0:1106680:1106680 [0] NCCL INFO Using network AWS Libfabric
x3005c0s19b0n0:2626624:2626624 [2] NCCL INFO NET/OFI Selected Provider is cxi (found 4 nics)
x3005c0s19b0n0:2626624:2626624 [2] NCCL INFO NET/OFI Using transport protocol SENDRECV
x3207c0s25b0n0:2048026:2048026 [1] NCCL INFO Using network AWS Libfabric
x3005c0s31b0n0:1106682:1106682 [2] NCCL INFO Using network AWS Libfabric
x3005c0s19b0n0:2626625:2626625 [3] NCCL INFO Using network AWS Libfabric
x3005c0s19b0n0:2626622:2626622 [0] NCCL INFO NET/Plugin: Failed to find ncclCollNetPlugin_v5 symbol.
x3005c0s19b0n0:2626622:2626622 [0] NCCL INFO NET/Plugin: Failed to find ncclCollNetPlugin_v4 symbol.
x3005c0s19b0n0:2626622:2626622 [0] NCCL INFO NET/OFI Initializing aws-ofi-nccl 1.7.4-aws
x3005c0s19b0n0:2626622:2626622 [0] NCCL INFO NET/OFI Using CUDA runtime version 12020
x3005c0s19b0n0:2626623:2626623 [1] NCCL INFO Using network AWS Libfabric
x3005c0s19b0n0:2626622:2626622 [0] NCCL INFO NET/OFI Selected Provider is cxi (found 4 nics)
x3005c0s19b0n0:2626622:2626622 [0] NCCL INFO NET/OFI Using transport protocol SENDRECV
x3005c0s19b0n0:2626624:2626624 [2] NCCL INFO Using network AWS Libfabric
x3005c0s19b0n0:2626622:2626622 [0] NCCL INFO Using network AWS Libfabric
x3005c0s31b0n0:1106683:1106949 [3] NCCL INFO Setting affinity for GPU 3 to 08,00000008
x3207c0s19b1n0:2047678:2047701 [3] NCCL INFO Setting affinity for GPU 3 to 08,00000008
x3005c0s19b0n0:2626625:2626646 [3] NCCL INFO Setting affinity for GPU 3 to 08,00000008
x3207c0s25b0n0:2048028:2048049 [3] NCCL INFO Setting affinity for GPU 3 to 08,00000008
x3207c0s25b0n0:2048026:2048052 [1] NCCL INFO Trees [0] 6/-1/-1->5->4 [1] 4/-1/-1->5->6 [2] 6/8/-1->5->4 [3] 4/-1/-1->5->6
x3005c0s31b0n0:1106682:1106951 [2] NCCL INFO Trees [0] 15/-1/-1->14->13 [1] 13/-1/-1->14->15 [2] 15/-1/-1->14->13 [3] 13/-1/-1->14->15
x3207c0s25b0n0:2048027:2048051 [2] NCCL INFO Trees [0] 7/-1/-1->6->5 [1] 5/-1/-1->6->7 [2] 7/-1/-1->6->5 [3] 5/11/-1->6->7
x3005c0s19b0n0:2626622:2626649 [0] NCCL INFO Trees [0] 9/12/-1->8->0 [1] -1/-1/-1->8->9 [2] 9/-1/-1->8->5 [3] -1/-1/-1->8->9
x3207c0s25b0n0:2048028:2048049 [3] NCCL INFO Trees [0] -1/-1/-1->7->6 [1] 6/-1/-1->7->10 [2] -1/-1/-1->7->6 [3] 6/3/-1->7->15
x3005c0s19b0n0:2626624:2626648 [2] NCCL INFO Trees [0] 11/-1/-1->10->9 [1] 9/7/-1->10->11 [2] 11/-1/-1->10->9 [3] 9/-1/-1->10->11
x3005c0s31b0n0:1106683:1106949 [3] NCCL INFO Trees [0] -1/-1/-1->15->14 [1] 14/-1/-1->15->11 [2] -1/-1/-1->15->14 [3] 14/7/-1->15->-1
x3207c0s25b0n0:2048025:2048050 [0] NCCL INFO Trees [0] 5/-1/-1->4->9 [1] -1/-1/-1->4->5 [2] 5/0/-1->4->12 [3] -1/-1/-1->4->5
x3005c0s19b0n0:2626625:2626646 [3] NCCL INFO Trees [0] -1/-1/-1->11->10 [1] 10/15/-1->11->3 [2] -1/-1/-1->11->10 [3] 10/-1/-1->11->6
x3005c0s31b0n0:1106680:1106950 [0] NCCL INFO Trees [0] 13/-1/-1->12->8 [1] -1/-1/-1->12->13 [2] 13/4/-1->12->-1 [3] -1/-1/-1->12->13
x3005c0s19b0n0:2626623:2626647 [1] NCCL INFO Trees [0] 10/4/-1->9->8 [1] 8/-1/-1->9->10 [2] 10/-1/-1->9->8 [3] 8/-1/-1->9->10
x3207c0s19b1n0:2047675:2047700 [0] NCCL INFO Channel 00/04 :    0   3   2   5   4   7   6   9   8  11  10  13  12  15  14   1
x3207c0s19b1n0:2047675:2047700 [0] NCCL INFO Channel 01/04 :    0   7   6   5   4  11  10   9   8  15  14  13  12   3   2   1
x3207c0s19b1n0:2047675:2047700 [0] NCCL INFO Channel 02/04 :    0   3   2   5   4   7   6   9   8  11  10  13  12  15  14   1
x3207c0s19b1n0:2047675:2047700 [0] NCCL INFO Channel 03/04 :    0   7   6   5   4  11  10   9   8  15  14  13  12   3   2   1
x3207c0s19b1n0:2047675:2047700 [0] NCCL INFO Trees [0] 1/8/-1->0->-1 [1] -1/-1/-1->0->1 [2] 1/-1/-1->0->4 [3] -1/-1/-1->0->1
x3207c0s19b1n0:2047676:2047703 [1] NCCL INFO Trees [0] 2/-1/-1->1->0 [1] 0/-1/-1->1->2 [2] 2/-1/-1->1->0 [3] 0/-1/-1->1->2
x3005c0s31b0n0:1106681:1106948 [1] NCCL INFO Trees [0] 14/-1/-1->13->12 [1] 12/-1/-1->13->14 [2] 14/-1/-1->13->12 [3] 12/-1/-1->13->14
x3207c0s19b1n0:2047677:2047702 [2] NCCL INFO Trees [0] 3/-1/-1->2->1 [1] 1/-1/-1->2->3 [2] 3/-1/-1->2->1 [3] 1/-1/-1->2->3
x3207c0s19b1n0:2047678:2047701 [3] NCCL INFO Trees [0] -1/-1/-1->3->2 [1] 2/11/-1->3->-1 [2] -1/-1/-1->3->2 [3] 2/-1/-1->3->7
x3207c0s19b1n0:2047675:2047700 [0] NCCL INFO Channel 00 : 0[7000] -> 3[c7000] via P2P/IPC/read
x3005c0s31b0n0:1106680:1106950 [0] NCCL INFO Channel 00 : 12[7000] -> 15[c7000] via P2P/IPC/read
x3207c0s25b0n0:2048025:2048050 [0] NCCL INFO Channel 00 : 4[7000] -> 7[c7000] via P2P/IPC/read
x3005c0s19b0n0:2626622:2626649 [0] NCCL INFO Channel 00 : 8[7000] -> 11[c7000] via P2P/IPC/read
x3207c0s19b1n0:2047675:2047700 [0] NCCL INFO Channel 02 : 0[7000] -> 3[c7000] via P2P/IPC/read
x3207c0s19b1n0:2047677:2047702 [2] NCCL INFO Channel 00/0 : 2[85000] -> 5[46000] [send] via NET/AWS Libfabric/3
x3005c0s19b0n0:2626624:2626648 [2] NCCL INFO Channel 00/0 : 10[85000] -> 13[46000] [send] via NET/AWS Libfabric/3
x3005c0s31b0n0:1106682:1106951 [2] NCCL INFO Channel 00/0 : 14[85000] -> 1[46000] [send] via NET/AWS Libfabric/3
x3207c0s25b0n0:2048027:2048051 [2] NCCL INFO Channel 00/0 : 6[85000] -> 9[46000] [send] via NET/AWS Libfabric/3
x3207c0s25b0n0:2048025:2048050 [0] NCCL INFO Channel 02 : 4[7000] -> 7[c7000] via P2P/IPC/read
x3207c0s19b1n0:2047677:2047702 [2] NCCL INFO Channel 02/0 : 2[85000] -> 5[46000] [send] via NET/AWS Libfabric/3
x3207c0s25b0n0:2048026:2048052 [1] NCCL INFO Channel 00/0 : 2[85000] -> 5[46000] [receive] via NET/AWS Libfabric/3
x3005c0s31b0n0:1106680:1106950 [0] NCCL INFO Channel 02 : 12[7000] -> 15[c7000] via P2P/IPC/read
x3005c0s19b0n0:2626624:2626648 [2] NCCL INFO Channel 02/0 : 10[85000] -> 13[46000] [send] via NET/AWS Libfabric/3
x3005c0s19b0n0:2626622:2626649 [0] NCCL INFO Channel 02 : 8[7000] -> 11[c7000] via P2P/IPC/read
x3005c0s31b0n0:1106682:1106951 [2] NCCL INFO Channel 02/0 : 14[85000] -> 1[46000] [send] via NET/AWS Libfabric/3
x3207c0s25b0n0:2048027:2048051 [2] NCCL INFO Channel 02/0 : 6[85000] -> 9[46000] [send] via NET/AWS Libfabric/3
x3005c0s19b0n0:2626623:2626647 [1] NCCL INFO Channel 00/0 : 6[85000] -> 9[46000] [receive] via NET/AWS Libfabric/3
x3005c0s31b0n0:1106681:1106948 [1] NCCL INFO Channel 00/0 : 10[85000] -> 13[46000] [receive] via NET/AWS Libfabric/3
x3207c0s25b0n0:2048026:2048052 [1] NCCL INFO Channel 02/0 : 2[85000] -> 5[46000] [receive] via NET/AWS Libfabric/3
x3207c0s19b1n0:2047676:2047703 [1] NCCL INFO Channel 00/0 : 14[85000] -> 1[46000] [receive] via NET/AWS Libfabric/3
x3005c0s19b0n0:2626623:2626647 [1] NCCL INFO Channel 02/0 : 6[85000] -> 9[46000] [receive] via NET/AWS Libfabric/3
x3207c0s19b1n0:2047676:2047703 [1] NCCL INFO Channel 02/0 : 14[85000] -> 1[46000] [receive] via NET/AWS Libfabric/3
x3005c0s31b0n0:1106681:1106948 [1] NCCL INFO Channel 02/0 : 10[85000] -> 13[46000] [receive] via NET/AWS Libfabric/3
x3207c0s25b0n0:2048025:2048050 [0] NCCL INFO Channel 01/0 : 4[7000] -> 11[c7000] [send] via NET/AWS Libfabric/1
x3207c0s25b0n0:2048025:2048050 [0] NCCL INFO Channel 03/0 : 4[7000] -> 11[c7000] [send] via NET/AWS Libfabric/1
x3207c0s19b1n0:2047675:2047700 [0] NCCL INFO Channel 01/0 : 0[7000] -> 7[c7000] [send] via NET/AWS Libfabric/1
x3005c0s19b0n0:2626622:2626649 [0] NCCL INFO Channel 01/0 : 8[7000] -> 15[c7000] [send] via NET/AWS Libfabric/1
x3207c0s25b0n0:2048028:2048049 [3] NCCL INFO Channel 01/0 : 0[7000] -> 7[c7000] [receive] via NET/AWS Libfabric/1
x3005c0s31b0n0:1106680:1106950 [0] NCCL INFO Channel 01/0 : 12[7000] -> 3[c7000] [send] via NET/AWS Libfabric/1
x3005c0s19b0n0:2626625:2626646 [3] NCCL INFO Channel 01/0 : 4[7000] -> 11[c7000] [receive] via NET/AWS Libfabric/1
