# nThread 1 nGpus 1 minBytes 65536 maxBytes 268435456 step: 2(factor) warmup iters: 5 iters: 60 agg iters: 1 validation: 1 graph: 0
#
# Using devices
#  Rank  0 Group  0 Pid 2046249 on x3207c0s19b1n0 device  0 [0x07] NVIDIA A100-SXM4-40GB
#  Rank  1 Group  0 Pid 2046250 on x3207c0s19b1n0 device  1 [0x46] NVIDIA A100-SXM4-40GB
#  Rank  2 Group  0 Pid 2046251 on x3207c0s19b1n0 device  2 [0x85] NVIDIA A100-SXM4-40GB
#  Rank  3 Group  0 Pid 2046252 on x3207c0s19b1n0 device  3 [0xc7] NVIDIA A100-SXM4-40GB
#  Rank  4 Group  0 Pid 2046612 on x3207c0s25b0n0 device  0 [0x07] NVIDIA A100-SXM4-40GB
#  Rank  5 Group  0 Pid 2046613 on x3207c0s25b0n0 device  1 [0x46] NVIDIA A100-SXM4-40GB
#  Rank  6 Group  0 Pid 2046614 on x3207c0s25b0n0 device  2 [0x85] NVIDIA A100-SXM4-40GB
#  Rank  7 Group  0 Pid 2046615 on x3207c0s25b0n0 device  3 [0xc7] NVIDIA A100-SXM4-40GB
#  Rank  8 Group  0 Pid 2625209 on x3005c0s19b0n0 device  0 [0x07] NVIDIA A100-SXM4-40GB
#  Rank  9 Group  0 Pid 2625210 on x3005c0s19b0n0 device  1 [0x46] NVIDIA A100-SXM4-40GB
#  Rank 10 Group  0 Pid 2625211 on x3005c0s19b0n0 device  2 [0x85] NVIDIA A100-SXM4-40GB
#  Rank 11 Group  0 Pid 2625212 on x3005c0s19b0n0 device  3 [0xc7] NVIDIA A100-SXM4-40GB
#  Rank 12 Group  0 Pid 1105261 on x3005c0s31b0n0 device  0 [0x07] NVIDIA A100-SXM4-40GB
#  Rank 13 Group  0 Pid 1105262 on x3005c0s31b0n0 device  1 [0x46] NVIDIA A100-SXM4-40GB
#  Rank 14 Group  0 Pid 1105263 on x3005c0s31b0n0 device  2 [0x85] NVIDIA A100-SXM4-40GB
#  Rank 15 Group  0 Pid 1105264 on x3005c0s31b0n0 device  3 [0xc7] NVIDIA A100-SXM4-40GB
x3207c0s19b1n0:2046249:2046249 [0] NCCL INFO Bootstrap : Using hsn1:10.201.1.24<0>
x3207c0s19b1n0:2046249:2046249 [0] NCCL INFO NET/Plugin: Failed to find ncclCollNetPlugin_v5 symbol.
x3207c0s19b1n0:2046249:2046249 [0] NCCL INFO NET/Plugin: Failed to find ncclCollNetPlugin_v4 symbol.
x3207c0s19b1n0:2046249:2046249 [0] NCCL INFO NET/OFI Initializing aws-ofi-nccl 1.7.4-aws
x3207c0s19b1n0:2046249:2046249 [0] NCCL INFO NET/OFI Using CUDA runtime version 12020
x3207c0s19b1n0:2046249:2046249 [0] NCCL INFO NET/OFI Selected Provider is cxi (found 4 nics)
x3207c0s19b1n0:2046249:2046249 [0] NCCL INFO NET/OFI Using transport protocol SENDRECV
x3207c0s19b1n0:2046249:2046249 [0] NCCL INFO Using network AWS Libfabric
NCCL version 2.12.12+cuda12.2
x3207c0s19b1n0:2046252:2046252 [3] NCCL INFO Bootstrap : Using hsn1:10.201.1.24<0>
x3207c0s19b1n0:2046251:2046251 [2] NCCL INFO Bootstrap : Using hsn1:10.201.1.24<0>
x3207c0s19b1n0:2046250:2046250 [1] NCCL INFO Bootstrap : Using hsn1:10.201.1.24<0>
x3207c0s19b1n0:2046252:2046252 [3] NCCL INFO NET/Plugin: Failed to find ncclCollNetPlugin_v5 symbol.
x3207c0s19b1n0:2046252:2046252 [3] NCCL INFO NET/Plugin: Failed to find ncclCollNetPlugin_v4 symbol.
x3207c0s19b1n0:2046252:2046252 [3] NCCL INFO NET/OFI Initializing aws-ofi-nccl 1.7.4-aws
x3207c0s19b1n0:2046252:2046252 [3] NCCL INFO NET/OFI Using CUDA runtime version 12020
x3207c0s19b1n0:2046251:2046251 [2] NCCL INFO NET/Plugin: Failed to find ncclCollNetPlugin_v5 symbol.
x3207c0s19b1n0:2046251:2046251 [2] NCCL INFO NET/Plugin: Failed to find ncclCollNetPlugin_v4 symbol.
x3207c0s19b1n0:2046251:2046251 [2] NCCL INFO NET/OFI Initializing aws-ofi-nccl 1.7.4-aws
x3207c0s19b1n0:2046251:2046251 [2] NCCL INFO NET/OFI Using CUDA runtime version 12020
x3207c0s19b1n0:2046252:2046252 [3] NCCL INFO NET/OFI Selected Provider is cxi (found 4 nics)
x3207c0s19b1n0:2046252:2046252 [3] NCCL INFO NET/OFI Using transport protocol SENDRECV
x3207c0s19b1n0:2046251:2046251 [2] NCCL INFO NET/OFI Selected Provider is cxi (found 4 nics)
x3207c0s19b1n0:2046251:2046251 [2] NCCL INFO NET/OFI Using transport protocol SENDRECV
x3207c0s19b1n0:2046250:2046250 [1] NCCL INFO NET/Plugin: Failed to find ncclCollNetPlugin_v5 symbol.
x3207c0s19b1n0:2046250:2046250 [1] NCCL INFO NET/Plugin: Failed to find ncclCollNetPlugin_v4 symbol.
x3207c0s19b1n0:2046250:2046250 [1] NCCL INFO NET/OFI Initializing aws-ofi-nccl 1.7.4-aws
x3207c0s19b1n0:2046250:2046250 [1] NCCL INFO NET/OFI Using CUDA runtime version 12020
x3207c0s19b1n0:2046250:2046250 [1] NCCL INFO NET/OFI Selected Provider is cxi (found 4 nics)
x3207c0s19b1n0:2046250:2046250 [1] NCCL INFO NET/OFI Using transport protocol SENDRECV
x3207c0s19b1n0:2046252:2046252 [3] NCCL INFO Using network AWS Libfabric
x3207c0s19b1n0:2046251:2046251 [2] NCCL INFO Using network AWS Libfabric
x3207c0s19b1n0:2046250:2046250 [1] NCCL INFO Using network AWS Libfabric
x3207c0s25b0n0:2046614:2046614 [2] NCCL INFO Bootstrap : Using hsn1:10.201.1.26<0>
x3207c0s25b0n0:2046613:2046613 [1] NCCL INFO Bootstrap : Using hsn1:10.201.1.26<0>
x3207c0s25b0n0:2046615:2046615 [3] NCCL INFO Bootstrap : Using hsn1:10.201.1.26<0>
x3207c0s25b0n0:2046612:2046612 [0] NCCL INFO Bootstrap : Using hsn1:10.201.1.26<0>
x3005c0s31b0n0:1105262:1105262 [1] NCCL INFO Bootstrap : Using hsn1:10.201.1.219<0>
x3005c0s31b0n0:1105264:1105264 [3] NCCL INFO Bootstrap : Using hsn1:10.201.1.219<0>
x3207c0s25b0n0:2046613:2046613 [1] NCCL INFO NET/Plugin: Failed to find ncclCollNetPlugin_v5 symbol.
x3207c0s25b0n0:2046613:2046613 [1] NCCL INFO NET/Plugin: Failed to find ncclCollNetPlugin_v4 symbol.
x3207c0s25b0n0:2046614:2046614 [2] NCCL INFO NET/Plugin: Failed to find ncclCollNetPlugin_v5 symbol.
x3207c0s25b0n0:2046614:2046614 [2] NCCL INFO NET/Plugin: Failed to find ncclCollNetPlugin_v4 symbol.
x3207c0s25b0n0:2046615:2046615 [3] NCCL INFO NET/Plugin: Failed to find ncclCollNetPlugin_v5 symbol.
x3207c0s25b0n0:2046615:2046615 [3] NCCL INFO NET/Plugin: Failed to find ncclCollNetPlugin_v4 symbol.
x3207c0s25b0n0:2046613:2046613 [1] NCCL INFO NET/OFI Initializing aws-ofi-nccl 1.7.4-aws
x3207c0s25b0n0:2046614:2046614 [2] NCCL INFO NET/OFI Initializing aws-ofi-nccl 1.7.4-aws
x3207c0s25b0n0:2046614:2046614 [2] NCCL INFO NET/OFI Using CUDA runtime version 12020
x3207c0s25b0n0:2046615:2046615 [3] NCCL INFO NET/OFI Initializing aws-ofi-nccl 1.7.4-aws
x3207c0s25b0n0:2046615:2046615 [3] NCCL INFO NET/OFI Using CUDA runtime version 12020
x3207c0s25b0n0:2046613:2046613 [1] NCCL INFO NET/OFI Using CUDA runtime version 12020
x3207c0s25b0n0:2046612:2046612 [0] NCCL INFO NET/Plugin: Failed to find ncclCollNetPlugin_v5 symbol.
x3207c0s25b0n0:2046612:2046612 [0] NCCL INFO NET/Plugin: Failed to find ncclCollNetPlugin_v4 symbol.
x3207c0s25b0n0:2046612:2046612 [0] NCCL INFO NET/OFI Initializing aws-ofi-nccl 1.7.4-aws
x3207c0s25b0n0:2046612:2046612 [0] NCCL INFO NET/OFI Using CUDA runtime version 12020
x3005c0s19b0n0:2625210:2625210 [1] NCCL INFO Bootstrap : Using hsn1:10.201.1.213<0>
x3207c0s25b0n0:2046613:2046613 [1] NCCL INFO NET/OFI Selected Provider is cxi (found 4 nics)
x3207c0s25b0n0:2046615:2046615 [3] NCCL INFO NET/OFI Selected Provider is cxi (found 4 nics)
x3207c0s25b0n0:2046615:2046615 [3] NCCL INFO NET/OFI Using transport protocol SENDRECV
x3207c0s25b0n0:2046613:2046613 [1] NCCL INFO NET/OFI Using transport protocol SENDRECV
x3207c0s25b0n0:2046614:2046614 [2] NCCL INFO NET/OFI Selected Provider is cxi (found 4 nics)
x3207c0s25b0n0:2046614:2046614 [2] NCCL INFO NET/OFI Using transport protocol SENDRECV
x3207c0s25b0n0:2046612:2046612 [0] NCCL INFO NET/OFI Selected Provider is cxi (found 4 nics)
x3207c0s25b0n0:2046612:2046612 [0] NCCL INFO NET/OFI Using transport protocol SENDRECV
x3005c0s19b0n0:2625209:2625209 [0] NCCL INFO Bootstrap : Using hsn1:10.201.1.213<0>
x3005c0s19b0n0:2625212:2625212 [3] NCCL INFO Bootstrap : Using hsn1:10.201.1.213<0>
x3005c0s19b0n0:2625211:2625211 [2] NCCL INFO Bootstrap : Using hsn1:10.201.1.213<0>
x3005c0s31b0n0:1105261:1105261 [0] NCCL INFO Bootstrap : Using hsn1:10.201.1.219<0>
x3005c0s31b0n0:1105262:1105262 [1] NCCL INFO NET/Plugin: Failed to find ncclCollNetPlugin_v5 symbol.
x3005c0s31b0n0:1105262:1105262 [1] NCCL INFO NET/Plugin: Failed to find ncclCollNetPlugin_v4 symbol.
x3005c0s31b0n0:1105264:1105264 [3] NCCL INFO NET/Plugin: Failed to find ncclCollNetPlugin_v5 symbol.
x3005c0s31b0n0:1105264:1105264 [3] NCCL INFO NET/Plugin: Failed to find ncclCollNetPlugin_v4 symbol.
x3005c0s31b0n0:1105262:1105262 [1] NCCL INFO NET/OFI Initializing aws-ofi-nccl 1.7.4-aws
x3005c0s31b0n0:1105264:1105264 [3] NCCL INFO NET/OFI Initializing aws-ofi-nccl 1.7.4-aws
x3005c0s31b0n0:1105264:1105264 [3] NCCL INFO NET/OFI Using CUDA runtime version 12020
x3005c0s31b0n0:1105262:1105262 [1] NCCL INFO NET/OFI Using CUDA runtime version 12020
x3005c0s31b0n0:1105264:1105264 [3] NCCL INFO NET/OFI Selected Provider is cxi (found 4 nics)
x3005c0s31b0n0:1105262:1105262 [1] NCCL INFO NET/OFI Selected Provider is cxi (found 4 nics)
x3005c0s31b0n0:1105262:1105262 [1] NCCL INFO NET/OFI Using transport protocol SENDRECV
x3207c0s25b0n0:2046615:2046615 [3] NCCL INFO Using network AWS Libfabric
x3005c0s31b0n0:1105264:1105264 [3] NCCL INFO NET/OFI Using transport protocol SENDRECV
x3207c0s25b0n0:2046613:2046613 [1] NCCL INFO Using network AWS Libfabric
x3207c0s25b0n0:2046612:2046612 [0] NCCL INFO Using network AWS Libfabric
x3207c0s25b0n0:2046614:2046614 [2] NCCL INFO Using network AWS Libfabric
x3005c0s31b0n0:1105261:1105261 [0] NCCL INFO NET/Plugin: Failed to find ncclCollNetPlugin_v5 symbol.
x3005c0s31b0n0:1105261:1105261 [0] NCCL INFO NET/Plugin: Failed to find ncclCollNetPlugin_v4 symbol.
x3005c0s31b0n0:1105261:1105261 [0] NCCL INFO NET/OFI Initializing aws-ofi-nccl 1.7.4-aws
x3005c0s31b0n0:1105261:1105261 [0] NCCL INFO NET/OFI Using CUDA runtime version 12020
x3005c0s19b0n0:2625209:2625209 [0] NCCL INFO NET/Plugin: Failed to find ncclCollNetPlugin_v5 symbol.
x3005c0s19b0n0:2625209:2625209 [0] NCCL INFO NET/Plugin: Failed to find ncclCollNetPlugin_v4 symbol.
x3005c0s19b0n0:2625210:2625210 [1] NCCL INFO NET/Plugin: Failed to find ncclCollNetPlugin_v5 symbol.
x3005c0s19b0n0:2625210:2625210 [1] NCCL INFO NET/Plugin: Failed to find ncclCollNetPlugin_v4 symbol.
x3005c0s19b0n0:2625211:2625211 [2] NCCL INFO NET/Plugin: Failed to find ncclCollNetPlugin_v5 symbol.
x3005c0s19b0n0:2625211:2625211 [2] NCCL INFO NET/Plugin: Failed to find ncclCollNetPlugin_v4 symbol.
x3005c0s19b0n0:2625212:2625212 [3] NCCL INFO NET/Plugin: Failed to find ncclCollNetPlugin_v5 symbol.
x3005c0s19b0n0:2625212:2625212 [3] NCCL INFO NET/Plugin: Failed to find ncclCollNetPlugin_v4 symbol.
x3005c0s19b0n0:2625209:2625209 [0] NCCL INFO NET/OFI Initializing aws-ofi-nccl 1.7.4-aws
x3005c0s19b0n0:2625210:2625210 [1] NCCL INFO NET/OFI Initializing aws-ofi-nccl 1.7.4-aws
x3005c0s19b0n0:2625210:2625210 [1] NCCL INFO NET/OFI Using CUDA runtime version 12020
x3005c0s19b0n0:2625211:2625211 [2] NCCL INFO NET/OFI Initializing aws-ofi-nccl 1.7.4-aws
x3005c0s19b0n0:2625211:2625211 [2] NCCL INFO NET/OFI Using CUDA runtime version 12020
x3005c0s19b0n0:2625212:2625212 [3] NCCL INFO NET/OFI Initializing aws-ofi-nccl 1.7.4-aws
x3005c0s19b0n0:2625212:2625212 [3] NCCL INFO NET/OFI Using CUDA runtime version 12020
x3005c0s19b0n0:2625209:2625209 [0] NCCL INFO NET/OFI Using CUDA runtime version 12020
x3005c0s31b0n0:1105261:1105261 [0] NCCL INFO NET/OFI Selected Provider is cxi (found 4 nics)
x3005c0s31b0n0:1105261:1105261 [0] NCCL INFO NET/OFI Using transport protocol SENDRECV
x3005c0s19b0n0:2625210:2625210 [1] NCCL INFO NET/OFI Selected Provider is cxi (found 4 nics)
x3005c0s19b0n0:2625210:2625210 [1] NCCL INFO NET/OFI Using transport protocol SENDRECV
x3005c0s19b0n0:2625209:2625209 [0] NCCL INFO NET/OFI Selected Provider is cxi (found 4 nics)
x3005c0s19b0n0:2625209:2625209 [0] NCCL INFO NET/OFI Using transport protocol SENDRECV
x3005c0s19b0n0:2625211:2625211 [2] NCCL INFO NET/OFI Selected Provider is cxi (found 4 nics)
x3005c0s19b0n0:2625211:2625211 [2] NCCL INFO NET/OFI Using transport protocol SENDRECV
x3005c0s19b0n0:2625212:2625212 [3] NCCL INFO NET/OFI Selected Provider is cxi (found 4 nics)
x3005c0s19b0n0:2625212:2625212 [3] NCCL INFO NET/OFI Using transport protocol SENDRECV
x3005c0s31b0n0:1105264:1105264 [3] NCCL INFO Using network AWS Libfabric
x3005c0s31b0n0:1105262:1105262 [1] NCCL INFO Using network AWS Libfabric
x3005c0s31b0n0:1105261:1105261 [0] NCCL INFO Using network AWS Libfabric
x3005c0s19b0n0:2625211:2625211 [2] NCCL INFO Using network AWS Libfabric
x3005c0s19b0n0:2625209:2625209 [0] NCCL INFO Using network AWS Libfabric
x3005c0s19b0n0:2625210:2625210 [1] NCCL INFO Using network AWS Libfabric
x3005c0s19b0n0:2625212:2625212 [3] NCCL INFO Using network AWS Libfabric
x3005c0s31b0n0:1105263:1105263 [2] NCCL INFO Bootstrap : Using hsn1:10.201.1.219<0>
x3005c0s31b0n0:1105263:1105263 [2] NCCL INFO NET/Plugin: Failed to find ncclCollNetPlugin_v5 symbol.
x3005c0s31b0n0:1105263:1105263 [2] NCCL INFO NET/Plugin: Failed to find ncclCollNetPlugin_v4 symbol.
x3005c0s31b0n0:1105263:1105263 [2] NCCL INFO NET/OFI Initializing aws-ofi-nccl 1.7.4-aws
x3005c0s31b0n0:1105263:1105263 [2] NCCL INFO NET/OFI Using CUDA runtime version 12020
x3005c0s31b0n0:1105263:1105263 [2] NCCL INFO NET/OFI Selected Provider is cxi (found 4 nics)
x3005c0s31b0n0:1105263:1105263 [2] NCCL INFO NET/OFI Using transport protocol SENDRECV
x3005c0s31b0n0:1105263:1105263 [2] NCCL INFO Using network AWS Libfabric
x3207c0s25b0n0:2046615:2046723 [3] NCCL INFO Setting affinity for GPU 3 to 08,00000008
x3005c0s31b0n0:1105264:1105613 [3] NCCL INFO Setting affinity for GPU 3 to 08,00000008
x3005c0s19b0n0:2625212:2625319 [3] NCCL INFO Setting affinity for GPU 3 to 08,00000008
x3207c0s19b1n0:2046252:2046359 [3] NCCL INFO Setting affinity for GPU 3 to 08,00000008
x3207c0s19b1n0:2046249:2046358 [0] NCCL INFO Channel 00/04 :    0   3   2   5   4   7   6   9   8  11  10  13  12  15  14   1
x3207c0s19b1n0:2046249:2046358 [0] NCCL INFO Channel 01/04 :    0   7   6   5   4  11  10   9   8  15  14  13  12   3   2   1
x3207c0s19b1n0:2046250:2046361 [1] NCCL INFO Trees [0] 2/-1/-1->1->0 [1] 0/-1/-1->1->2 [2] 2/-1/-1->1->0 [3] 0/-1/-1->1->2
x3207c0s19b1n0:2046251:2046360 [2] NCCL INFO Trees [0] 3/-1/-1->2->1 [1] 1/-1/-1->2->3 [2] 3/-1/-1->2->1 [3] 1/-1/-1->2->3
x3207c0s19b1n0:2046252:2046359 [3] NCCL INFO Trees [0] -1/-1/-1->3->2 [1] 2/11/-1->3->-1 [2] -1/-1/-1->3->2 [3] 2/-1/-1->3->7
x3207c0s19b1n0:2046249:2046358 [0] NCCL INFO Channel 02/04 :    0   3   2   5   4   7   6   9   8  11  10  13  12  15  14   1
x3207c0s19b1n0:2046249:2046358 [0] NCCL INFO Channel 03/04 :    0   7   6   5   4  11  10   9   8  15  14  13  12   3   2   1
x3207c0s19b1n0:2046249:2046358 [0] NCCL INFO Trees [0] 1/8/-1->0->-1 [1] -1/-1/-1->0->1 [2] 1/-1/-1->0->4 [3] -1/-1/-1->0->1
x3005c0s31b0n0:1105261:1105615 [0] NCCL INFO Trees [0] 13/-1/-1->12->8 [1] -1/-1/-1->12->13 [2] 13/4/-1->12->-1 [3] -1/-1/-1->12->13
x3005c0s31b0n0:1105262:1105614 [1] NCCL INFO Trees [0] 14/-1/-1->13->12 [1] 12/-1/-1->13->14 [2] 14/-1/-1->13->12 [3] 12/-1/-1->13->14
x3005c0s31b0n0:1105263:1105616 [2] NCCL INFO Trees [0] 15/-1/-1->14->13 [1] 13/-1/-1->14->15 [2] 15/-1/-1->14->13 [3] 13/-1/-1->14->15
x3005c0s31b0n0:1105264:1105613 [3] NCCL INFO Trees [0] -1/-1/-1->15->14 [1] 14/-1/-1->15->11 [2] -1/-1/-1->15->14 [3] 14/7/-1->15->-1
x3207c0s25b0n0:2046612:2046725 [0] NCCL INFO Trees [0] 5/-1/-1->4->9 [1] -1/-1/-1->4->5 [2] 5/0/-1->4->12 [3] -1/-1/-1->4->5
x3207c0s25b0n0:2046613:2046724 [1] NCCL INFO Trees [0] 6/-1/-1->5->4 [1] 4/-1/-1->5->6 [2] 6/8/-1->5->4 [3] 4/-1/-1->5->6
x3207c0s25b0n0:2046614:2046726 [2] NCCL INFO Trees [0] 7/-1/-1->6->5 [1] 5/-1/-1->6->7 [2] 7/-1/-1->6->5 [3] 5/11/-1->6->7
x3207c0s25b0n0:2046615:2046723 [3] NCCL INFO Trees [0] -1/-1/-1->7->6 [1] 6/-1/-1->7->10 [2] -1/-1/-1->7->6 [3] 6/3/-1->7->15
x3005c0s19b0n0:2625209:2625317 [0] NCCL INFO Trees [0] 9/12/-1->8->0 [1] -1/-1/-1->8->9 [2] 9/-1/-1->8->5 [3] -1/-1/-1->8->9
x3005c0s19b0n0:2625210:2625318 [1] NCCL INFO Trees [0] 10/4/-1->9->8 [1] 8/-1/-1->9->10 [2] 10/-1/-1->9->8 [3] 8/-1/-1->9->10
x3005c0s19b0n0:2625211:2625316 [2] NCCL INFO Trees [0] 11/-1/-1->10->9 [1] 9/7/-1->10->11 [2] 11/-1/-1->10->9 [3] 9/-1/-1->10->11
x3005c0s19b0n0:2625212:2625319 [3] NCCL INFO Trees [0] -1/-1/-1->11->10 [1] 10/15/-1->11->3 [2] -1/-1/-1->11->10 [3] 10/-1/-1->11->6
x3207c0s19b1n0:2046249:2046358 [0] NCCL INFO Channel 00 : 0[7000] -> 3[c7000] via P2P/IPC/read
x3207c0s25b0n0:2046612:2046725 [0] NCCL INFO Channel 00 : 4[7000] -> 7[c7000] via P2P/IPC/read
x3005c0s31b0n0:1105261:1105615 [0] NCCL INFO Channel 00 : 12[7000] -> 15[c7000] via P2P/IPC/read
x3005c0s19b0n0:2625209:2625317 [0] NCCL INFO Channel 00 : 8[7000] -> 11[c7000] via P2P/IPC/read
x3207c0s19b1n0:2046251:2046360 [2] NCCL INFO Channel 00/0 : 2[85000] -> 5[46000] [send] via NET/AWS Libfabric/3
x3207c0s19b1n0:2046249:2046358 [0] NCCL INFO Channel 02 : 0[7000] -> 3[c7000] via P2P/IPC/read
x3207c0s25b0n0:2046614:2046726 [2] NCCL INFO Channel 00/0 : 6[85000] -> 9[46000] [send] via NET/AWS Libfabric/3
x3005c0s19b0n0:2625211:2625316 [2] NCCL INFO Channel 00/0 : 10[85000] -> 13[46000] [send] via NET/AWS Libfabric/3
x3207c0s19b1n0:2046251:2046360 [2] NCCL INFO Channel 02/0 : 2[85000] -> 5[46000] [send] via NET/AWS Libfabric/3
x3005c0s31b0n0:1105261:1105615 [0] NCCL INFO Channel 02 : 12[7000] -> 15[c7000] via P2P/IPC/read
x3207c0s25b0n0:2046612:2046725 [0] NCCL INFO Channel 02 : 4[7000] -> 7[c7000] via P2P/IPC/read
x3005c0s19b0n0:2625209:2625317 [0] NCCL INFO Channel 02 : 8[7000] -> 11[c7000] via P2P/IPC/read
x3005c0s31b0n0:1105263:1105616 [2] NCCL INFO Channel 00/0 : 14[85000] -> 1[46000] [send] via NET/AWS Libfabric/3
x3207c0s19b1n0:2046250:2046361 [1] NCCL INFO Channel 00/0 : 14[85000] -> 1[46000] [receive] via NET/AWS Libfabric/3
x3005c0s31b0n0:1105262:1105614 [1] NCCL INFO Channel 00/0 : 10[85000] -> 13[46000] [receive] via NET/AWS Libfabric/3
x3207c0s25b0n0:2046614:2046726 [2] NCCL INFO Channel 02/0 : 6[85000] -> 9[46000] [send] via NET/AWS Libfabric/3
x3005c0s19b0n0:2625211:2625316 [2] NCCL INFO Channel 02/0 : 10[85000] -> 13[46000] [send] via NET/AWS Libfabric/3
x3207c0s19b1n0:2046250:2046361 [1] NCCL INFO Channel 02/0 : 14[85000] -> 1[46000] [receive] via NET/AWS Libfabric/3
x3005c0s19b0n0:2625210:2625318 [1] NCCL INFO Channel 00/0 : 6[85000] -> 9[46000] [receive] via NET/AWS Libfabric/3
x3005c0s31b0n0:1105263:1105616 [2] NCCL INFO Channel 02/0 : 14[85000] -> 1[46000] [send] via NET/AWS Libfabric/3
x3207c0s25b0n0:2046613:2046724 [1] NCCL INFO Channel 00/0 : 2[85000] -> 5[46000] [receive] via NET/AWS Libfabric/3
x3005c0s31b0n0:1105262:1105614 [1] NCCL INFO Channel 02/0 : 10[85000] -> 13[46000] [receive] via NET/AWS Libfabric/3
x3005c0s19b0n0:2625212:2625319 [3] NCCL INFO Channel 01/0 : 4[7000] -> 11[c7000] [receive] via NET/AWS Libfabric/1
x3005c0s19b0n0:2625210:2625318 [1] NCCL INFO Channel 02/0 : 6[85000] -> 9[46000] [receive] via NET/AWS Libfabric/3
x3207c0s25b0n0:2046613:2046724 [1] NCCL INFO Channel 02/0 : 2[85000] -> 5[46000] [receive] via NET/AWS Libfabric/3
x3005c0s19b0n0:2625209:2625317 [0] NCCL INFO Channel 01/0 : 8[7000] -> 15[c7000] [send] via NET/AWS Libfabric/1
x3005c0s31b0n0:1105264:1105613 [3] NCCL INFO Channel 01/0 : 8[7000] -> 15[c7000] [receive] via NET/AWS Libfabric/1
x3005c0s31b0n0:1105263:1105616 [2] NCCL INFO Channel 01 : 14[85000] -> 13[46000] via P2P/IPC/read
x3005c0s31b0n0:1105263:1105616 [2] NCCL INFO Channel 03 : 14[85000] -> 13[46000] via P2P/IPC/read
x3005c0s31b0n0:1105261:1105615 [0] NCCL INFO Channel 01/0 : 12[7000] -> 3[c7000] [send] via NET/AWS Libfabric/1
x3207c0s19b1n0:2046249:2046358 [0] NCCL INFO Channel 01/0 : 0[7000] -> 7[c7000] [send] via NET/AWS Libfabric/1
x3005c0s19b0n0:2625209:2625317 [0] NCCL INFO Channel 03/0 : 8[7000] -> 15[c7000] [send] via NET/AWS Libfabric/1
x3005c0s31b0n0:1105261:1105615 [0] NCCL INFO Channel 03/0 : 12[7000] -> 3[c7000] [send] via NET/AWS Libfabric/1
x3207c0s19b1n0:2046249:2046358 [0] NCCL INFO Channel 03/0 : 0[7000] -> 7[c7000] [send] via NET/AWS Libfabric/1
x3207c0s25b0n0:2046612:2046725 [0] NCCL INFO Channel 01/0 : 4[7000] -> 11[c7000] [send] via NET/AWS Libfabric/1
x3207c0s19b1n0:2046252:2046359 [3] NCCL INFO Channel 01/0 : 12[7000] -> 3[c7000] [receive] via NET/AWS Libfabric/1
x3005c0s19b0n0:2625212:2625319 [3] NCCL INFO Channel 03/0 : 4[7000] -> 11[c7000] [receive] via NET/AWS Libfabric/1
x3207c0s19b1n0:2046250:2046361 [1] NCCL INFO Channel 00 : 1[46000] -> 0[7000] via P2P/IPC/read
x3207c0s19b1n0:2046250:2046361 [1] NCCL INFO Channel 01 : 1[46000] -> 0[7000] via P2P/IPC/read
x3207c0s19b1n0:2046250:2046361 [1] NCCL INFO Channel 02 : 1[46000] -> 0[7000] via P2P/IPC/read
x3207c0s19b1n0:2046250:2046361 [1] NCCL INFO Channel 03 : 1[46000] -> 0[7000] via P2P/IPC/read
x3207c0s25b0n0:2046612:2046725 [0] NCCL INFO Channel 03/0 : 4[7000] -> 11[c7000] [send] via NET/AWS Libfabric/1
x3207c0s19b1n0:2046252:2046359 [3] NCCL INFO Channel 03/0 : 12[7000] -> 3[c7000] [receive] via NET/AWS Libfabric/1
x3005c0s31b0n0:1105264:1105613 [3] NCCL INFO Channel 03/0 : 8[7000] -> 15[c7000] [receive] via NET/AWS Libfabric/1
x3005c0s31b0n0:1105262:1105614 [1] NCCL INFO Channel 00 : 13[46000] -> 12[7000] via P2P/IPC/read
x3207c0s25b0n0:2046615:2046723 [3] NCCL INFO Channel 01/0 : 0[7000] -> 7[c7000] [receive] via NET/AWS Libfabric/1
x3005c0s19b0n0:2625211:2625316 [2] NCCL INFO Channel 01 : 10[85000] -> 9[46000] via P2P/IPC/read
x3005c0s19b0n0:2625211:2625316 [2] NCCL INFO Channel 03 : 10[85000] -> 9[46000] via P2P/IPC/read
x3005c0s19b0n0:2625212:2625319 [3] NCCL INFO Channel 00 : 11[c7000] -> 10[85000] via P2P/IPC/read
x3005c0s19b0n0:2625210:2625318 [1] NCCL INFO Channel 00 : 9[46000] -> 8[7000] via P2P/IPC/read
x3005c0s19b0n0:2625210:2625318 [1] NCCL INFO Channel 01 : 9[46000] -> 8[7000] via P2P/IPC/read
x3005c0s19b0n0:2625210:2625318 [1] NCCL INFO Channel 02 : 9[46000] -> 8[7000] via P2P/IPC/read
x3005c0s19b0n0:2625210:2625318 [1] NCCL INFO Channel 03 : 9[46000] -> 8[7000] via P2P/IPC/read
x3005c0s31b0n0:1105262:1105614 [1] NCCL INFO Channel 01 : 13[46000] -> 12[7000] via P2P/IPC/read
x3207c0s25b0n0:2046613:2046724 [1] NCCL INFO Channel 00 : 5[46000] -> 4[7000] via P2P/IPC/read
x3207c0s25b0n0:2046615:2046723 [3] NCCL INFO Channel 03/0 : 0[7000] -> 7[c7000] [receive] via NET/AWS Libfabric/1
x3005c0s31b0n0:1105264:1105613 [3] NCCL INFO Channel 00 : 15[c7000] -> 14[85000] via P2P/IPC/read
x3005c0s31b0n0:1105262:1105614 [1] NCCL INFO Channel 02 : 13[46000] -> 12[7000] via P2P/IPC/read
x3207c0s19b1n0:2046252:2046359 [3] NCCL INFO Channel 00 : 3[c7000] -> 2[85000] via P2P/IPC/read
x3005c0s19b0n0:2625212:2625319 [3] NCCL INFO Channel 01 : 11[c7000] -> 10[85000] via P2P/IPC/read
x3207c0s25b0n0:2046613:2046724 [1] NCCL INFO Channel 01 : 5[46000] -> 4[7000] via P2P/IPC/read
x3207c0s19b1n0:2046251:2046360 [2] NCCL INFO Channel 01 : 2[85000] -> 1[46000] via P2P/IPC/read
x3207c0s19b1n0:2046251:2046360 [2] NCCL INFO Channel 03 : 2[85000] -> 1[46000] via P2P/IPC/read
x3005c0s19b0n0:2625212:2625319 [3] NCCL INFO Channel 02 : 11[c7000] -> 10[85000] via P2P/IPC/read
x3005c0s31b0n0:1105264:1105613 [3] NCCL INFO Channel 01 : 15[c7000] -> 14[85000] via P2P/IPC/read
x3005c0s31b0n0:1105262:1105614 [1] NCCL INFO Channel 03 : 13[46000] -> 12[7000] via P2P/IPC/read
x3207c0s25b0n0:2046614:2046726 [2] NCCL INFO Channel 01 : 6[85000] -> 5[46000] via P2P/IPC/read
x3207c0s25b0n0:2046614:2046726 [2] NCCL INFO Channel 03 : 6[85000] -> 5[46000] via P2P/IPC/read
x3207c0s19b1n0:2046252:2046359 [3] NCCL INFO Channel 01 : 3[c7000] -> 2[85000] via P2P/IPC/read
x3207c0s25b0n0:2046613:2046724 [1] NCCL INFO Channel 02 : 5[46000] -> 4[7000] via P2P/IPC/read
x3005c0s19b0n0:2625209:2625317 [0] NCCL INFO Connected all rings
x3005c0s19b0n0:2625209:2625317 [0] NCCL INFO Channel 00 : 8[7000] -> 9[46000] via P2P/IPC/read
x3005c0s19b0n0:2625210:2625318 [1] NCCL INFO Connected all rings
x3005c0s19b0n0:2625212:2625319 [3] NCCL INFO Channel 03 : 11[c7000] -> 10[85000] via P2P/IPC/read
x3207c0s19b1n0:2046252:2046359 [3] NCCL INFO Channel 02 : 3[c7000] -> 2[85000] via P2P/IPC/read
x3207c0s25b0n0:2046613:2046724 [1] NCCL INFO Channel 03 : 5[46000] -> 4[7000] via P2P/IPC/read
x3005c0s31b0n0:1105264:1105613 [3] NCCL INFO Channel 02 : 15[c7000] -> 14[85000] via P2P/IPC/read
x3207c0s25b0n0:2046615:2046723 [3] NCCL INFO Channel 00 : 7[c7000] -> 6[85000] via P2P/IPC/read
x3005c0s19b0n0:2625209:2625317 [0] NCCL INFO Channel 01 : 8[7000] -> 9[46000] via P2P/IPC/read
x3005c0s19b0n0:2625212:2625319 [3] NCCL INFO Connected all rings
x3005c0s19b0n0:2625211:2625316 [2] NCCL INFO Connected all rings
x3005c0s19b0n0:2625209:2625317 [0] NCCL INFO Channel 02 : 8[7000] -> 9[46000] via P2P/IPC/read
x3005c0s19b0n0:2625209:2625317 [0] NCCL INFO Channel 03 : 8[7000] -> 9[46000] via P2P/IPC/read
x3207c0s19b1n0:2046249:2046358 [0] NCCL INFO Connected all rings
x3207c0s19b1n0:2046249:2046358 [0] NCCL INFO Channel 00 : 0[7000] -> 1[46000] via P2P/IPC/read
x3207c0s19b1n0:2046250:2046361 [1] NCCL INFO Connected all rings
x3207c0s19b1n0:2046252:2046359 [3] NCCL INFO Channel 03 : 3[c7000] -> 2[85000] via P2P/IPC/read
x3005c0s31b0n0:1105261:1105615 [0] NCCL INFO Connected all rings
x3005c0s31b0n0:1105261:1105615 [0] NCCL INFO Channel 00 : 12[7000] -> 13[46000] via P2P/IPC/read
x3207c0s19b1n0:2046252:2046359 [3] NCCL INFO Connected all rings
x3005c0s31b0n0:1105264:1105613 [3] NCCL INFO Channel 03 : 15[c7000] -> 14[85000] via P2P/IPC/read
x3207c0s25b0n0:2046615:2046723 [3] NCCL INFO Channel 01 : 7[c7000] -> 6[85000] via P2P/IPC/read
x3207c0s19b1n0:2046251:2046360 [2] NCCL INFO Connected all rings
x3005c0s31b0n0:1105262:1105614 [1] NCCL INFO Connected all rings
x3005c0s31b0n0:1105264:1105613 [3] NCCL INFO Connected all rings
x3005c0s31b0n0:1105263:1105616 [2] NCCL INFO Connected all rings
x3207c0s25b0n0:2046615:2046723 [3] NCCL INFO Channel 02 : 7[c7000] -> 6[85000] via P2P/IPC/read
x3005c0s19b0n0:2625210:2625318 [1] NCCL INFO Channel 00 : 9[46000] -> 10[85000] via P2P/IPC/read
x3005c0s19b0n0:2625210:2625318 [1] NCCL INFO Channel 01 : 9[46000] -> 10[85000] via P2P/IPC/read
x3005c0s19b0n0:2625210:2625318 [1] NCCL INFO Channel 02 : 9[46000] -> 10[85000] via P2P/IPC/read
x3005c0s19b0n0:2625210:2625318 [1] NCCL INFO Channel 03 : 9[46000] -> 10[85000] via P2P/IPC/read
x3207c0s25b0n0:2046612:2046725 [0] NCCL INFO Connected all rings
x3005c0s31b0n0:1105261:1105615 [0] NCCL INFO Channel 01 : 12[7000] -> 13[46000] via P2P/IPC/read
x3207c0s25b0n0:2046612:2046725 [0] NCCL INFO Channel 00 : 4[7000] -> 5[46000] via P2P/IPC/read
x3207c0s25b0n0:2046613:2046724 [1] NCCL INFO Connected all rings
x3207c0s25b0n0:2046615:2046723 [3] NCCL INFO Channel 03 : 7[c7000] -> 6[85000] via P2P/IPC/read
x3207c0s19b1n0:2046249:2046358 [0] NCCL INFO Channel 01 : 0[7000] -> 1[46000] via P2P/IPC/read
x3207c0s25b0n0:2046615:2046723 [3] NCCL INFO Connected all rings
x3207c0s25b0n0:2046614:2046726 [2] NCCL INFO Connected all rings
x3005c0s31b0n0:1105261:1105615 [0] NCCL INFO Channel 02 : 12[7000] -> 13[46000] via P2P/IPC/read
x3207c0s25b0n0:2046612:2046725 [0] NCCL INFO Channel 01 : 4[7000] -> 5[46000] via P2P/IPC/read
x3005c0s31b0n0:1105263:1105616 [2] NCCL INFO Channel 00 : 14[85000] -> 15[c7000] via P2P/IPC/read
x3005c0s31b0n0:1105263:1105616 [2] NCCL INFO Channel 01 : 14[85000] -> 15[c7000] via P2P/IPC/read
x3005c0s31b0n0:1105263:1105616 [2] NCCL INFO Channel 02 : 14[85000] -> 15[c7000] via P2P/IPC/read
x3005c0s31b0n0:1105263:1105616 [2] NCCL INFO Channel 03 : 14[85000] -> 15[c7000] via P2P/IPC/read
x3207c0s19b1n0:2046249:2046358 [0] NCCL INFO Channel 02 : 0[7000] -> 1[46000] via P2P/IPC/read
x3207c0s19b1n0:2046249:2046358 [0] NCCL INFO Channel 03 : 0[7000] -> 1[46000] via P2P/IPC/read
x3005c0s31b0n0:1105261:1105615 [0] NCCL INFO Channel 03 : 12[7000] -> 13[46000] via P2P/IPC/read
x3207c0s19b1n0:2046251:2046360 [2] NCCL INFO Channel 00 : 2[85000] -> 3[c7000] via P2P/IPC/read
x3207c0s19b1n0:2046251:2046360 [2] NCCL INFO Channel 01 : 2[85000] -> 3[c7000] via P2P/IPC/read
x3207c0s19b1n0:2046251:2046360 [2] NCCL INFO Channel 02 : 2[85000] -> 3[c7000] via P2P/IPC/read
x3207c0s19b1n0:2046251:2046360 [2] NCCL INFO Channel 03 : 2[85000] -> 3[c7000] via P2P/IPC/read
x3005c0s19b0n0:2625211:2625316 [2] NCCL INFO Channel 00 : 10[85000] -> 11[c7000] via P2P/IPC/read
x3005c0s19b0n0:2625211:2625316 [2] NCCL INFO Channel 01 : 10[85000] -> 11[c7000] via P2P/IPC/read
x3005c0s19b0n0:2625211:2625316 [2] NCCL INFO Channel 02 : 10[85000] -> 11[c7000] via P2P/IPC/read
x3005c0s19b0n0:2625211:2625316 [2] NCCL INFO Channel 03 : 10[85000] -> 11[c7000] via P2P/IPC/read
x3207c0s19b1n0:2046250:2046361 [1] NCCL INFO Channel 00 : 1[46000] -> 2[85000] via P2P/IPC/read
x3207c0s19b1n0:2046250:2046361 [1] NCCL INFO Channel 01 : 1[46000] -> 2[85000] via P2P/IPC/read
x3207c0s25b0n0:2046612:2046725 [0] NCCL INFO Channel 02 : 4[7000] -> 5[46000] via P2P/IPC/read
x3005c0s19b0n0:2625209:2625317 [0] NCCL INFO Channel 02/0 : 5[46000] -> 8[7000] [receive] via NET/AWS Libfabric/3
x3005c0s19b0n0:2625212:2625319 [3] NCCL INFO Channel 01/0 : 11[c7000] -> 15[c7000] [send] via NET/AWS Libfabric/1
x3207c0s19b1n0:2046252:2046359 [3] NCCL INFO Channel 03/0 : 3[c7000] -> 7[c7000] [send] via NET/AWS Libfabric/1
x3207c0s25b0n0:2046614:2046726 [2] NCCL INFO Channel 00 : 6[85000] -> 7[c7000] via P2P/IPC/read
x3207c0s25b0n0:2046614:2046726 [2] NCCL INFO Channel 01 : 6[85000] -> 7[c7000] via P2P/IPC/read
x3207c0s25b0n0:2046614:2046726 [2] NCCL INFO Channel 02 : 6[85000] -> 7[c7000] via P2P/IPC/read
x3207c0s25b0n0:2046614:2046726 [2] NCCL INFO Channel 03 : 6[85000] -> 7[c7000] via P2P/IPC/read
x3207c0s25b0n0:2046612:2046725 [0] NCCL INFO Channel 03 : 4[7000] -> 5[46000] via P2P/IPC/read
x3005c0s31b0n0:1105262:1105614 [1] NCCL INFO Channel 00 : 13[46000] -> 14[85000] via P2P/IPC/read
x3207c0s25b0n0:2046613:2046724 [1] NCCL INFO Channel 00 : 5[46000] -> 6[85000] via P2P/IPC/read
x3207c0s25b0n0:2046613:2046724 [1] NCCL INFO Channel 01 : 5[46000] -> 6[85000] via P2P/IPC/read
x3207c0s25b0n0:2046613:2046724 [1] NCCL INFO Channel 02 : 5[46000] -> 6[85000] via P2P/IPC/read
x3207c0s25b0n0:2046613:2046724 [1] NCCL INFO Channel 03 : 5[46000] -> 6[85000] via P2P/IPC/read
x3005c0s31b0n0:1105264:1105613 [3] NCCL INFO Channel 01/0 : 11[c7000] -> 15[c7000] [receive] via NET/AWS Libfabric/1
x3005c0s31b0n0:1105262:1105614 [1] NCCL INFO Channel 01 : 13[46000] -> 14[85000] via P2P/IPC/read
x3005c0s19b0n0:2625210:2625318 [1] NCCL INFO Channel 00/0 : 4[7000] -> 9[46000] [receive] via NET/AWS Libfabric/3
x3207c0s19b1n0:2046250:2046361 [1] NCCL INFO Channel 02 : 1[46000] -> 2[85000] via P2P/IPC/read
x3207c0s25b0n0:2046615:2046723 [3] NCCL INFO Channel 01/0 : 7[c7000] -> 10[85000] [send] via NET/AWS Libfabric/1
x3005c0s31b0n0:1105262:1105614 [1] NCCL INFO Channel 02 : 13[46000] -> 14[85000] via P2P/IPC/read
x3207c0s19b1n0:2046250:2046361 [1] NCCL INFO Channel 03 : 1[46000] -> 2[85000] via P2P/IPC/read
x3207c0s25b0n0:2046614:2046726 [2] NCCL INFO Channel 03/0 : 6[85000] -> 11[c7000] [send] via NET/AWS Libfabric/1
x3005c0s19b0n0:2625211:2625316 [2] NCCL INFO Channel 01/0 : 7[c7000] -> 10[85000] [receive] via NET/AWS Libfabric/1
x3005c0s31b0n0:1105262:1105614 [1] NCCL INFO Channel 03 : 13[46000] -> 14[85000] via P2P/IPC/read
x3005c0s19b0n0:2625212:2625319 [3] NCCL INFO Channel 03/0 : 6[85000] -> 11[c7000] [receive] via NET/AWS Libfabric/1
x3207c0s25b0n0:2046613:2046724 [1] NCCL INFO Channel 02/0 : 5[46000] -> 8[7000] [send] via NET/AWS Libfabric/3
x3207c0s19b1n0:2046251:2046360 [2] NCCL INFO Channel 00 : 2[85000] -> 1[46000] via P2P/IPC/read
x3005c0s31b0n0:1105263:1105616 [2] NCCL INFO Channel 00 : 14[85000] -> 13[46000] via P2P/IPC/read
x3005c0s31b0n0:1105263:1105616 [2] NCCL INFO Channel 02 : 14[85000] -> 13[46000] via P2P/IPC/read
x3207c0s19b1n0:2046249:2046358 [0] NCCL INFO Channel 02/0 : 0[7000] -> 4[7000] [send] via NET/AWS Libfabric/3
x3207c0s25b0n0:2046613:2046724 [1] NCCL INFO Channel 02/0 : 8[7000] -> 5[46000] [receive] via NET/AWS Libfabric/3
x3207c0s19b1n0:2046251:2046360 [2] NCCL INFO Channel 02 : 2[85000] -> 1[46000] via P2P/IPC/read
x3207c0s19b1n0:2046250:2046361 [1] NCCL INFO Connected all trees
x3207c0s19b1n0:2046250:2046361 [1] NCCL INFO threadThresholds 8/8/64 | 128/8/64 | 8/8/512
x3207c0s19b1n0:2046250:2046361 [1] NCCL INFO 4 coll channels, 4 p2p channels, 2 p2p channels per peer
x3207c0s19b1n0:2046251:2046360 [2] NCCL INFO Connected all trees
x3207c0s19b1n0:2046251:2046360 [2] NCCL INFO threadThresholds 8/8/64 | 128/8/64 | 8/8/512
x3207c0s19b1n0:2046251:2046360 [2] NCCL INFO 4 coll channels, 4 p2p channels, 2 p2p channels per peer
x3005c0s31b0n0:1105264:1105613 [3] NCCL INFO Channel 03/0 : 7[c7000] -> 15[c7000] [receive] via NET/AWS Libfabric/1
x3207c0s25b0n0:2046615:2046723 [3] NCCL INFO Channel 03/0 : 3[c7000] -> 7[c7000] [receive] via NET/AWS Libfabric/1
x3005c0s31b0n0:1105264:1105613 [3] NCCL INFO Channel 03/0 : 15[c7000] -> 7[c7000] [send] via NET/AWS Libfabric/1
x3207c0s25b0n0:2046612:2046725 [0] NCCL INFO Channel 02/0 : 0[7000] -> 4[7000] [receive] via NET/AWS Libfabric/3
x3005c0s31b0n0:1105261:1105615 [0] NCCL INFO Channel 00/0 : 8[7000] -> 12[7000] [receive] via NET/AWS Libfabric/3
x3005c0s19b0n0:2625209:2625317 [0] NCCL INFO Channel 00/0 : 8[7000] -> 12[7000] [send] via NET/AWS Libfabric/3
x3005c0s31b0n0:1105263:1105616 [2] NCCL INFO Connected all trees
x3005c0s31b0n0:1105263:1105616 [2] NCCL INFO threadThresholds 8/8/64 | 128/8/64 | 8/8/512
x3005c0s31b0n0:1105263:1105616 [2] NCCL INFO 4 coll channels, 4 p2p channels, 2 p2p channels per peer
x3005c0s31b0n0:1105262:1105614 [1] NCCL INFO Connected all trees
x3005c0s31b0n0:1105262:1105614 [1] NCCL INFO threadThresholds 8/8/64 | 128/8/64 | 8/8/512
x3005c0s31b0n0:1105262:1105614 [1] NCCL INFO 4 coll channels, 4 p2p channels, 2 p2p channels per peer
x3005c0s19b0n0:2625211:2625316 [2] NCCL INFO Channel 01/0 : 10[85000] -> 7[c7000] [send] via NET/AWS Libfabric/1
x3207c0s25b0n0:2046614:2046726 [2] NCCL INFO Channel 03/0 : 11[c7000] -> 6[85000] [receive] via NET/AWS Libfabric/1
x3207c0s19b1n0:2046252:2046359 [3] NCCL INFO Channel 01/0 : 11[c7000] -> 3[c7000] [receive] via NET/AWS Libfabric/1
x3005c0s19b0n0:2625212:2625319 [3] NCCL INFO Channel 01/0 : 3[c7000] -> 11[c7000] [receive] via NET/AWS Libfabric/1
x3005c0s19b0n0:2625212:2625319 [3] NCCL INFO Channel 01/0 : 11[c7000] -> 3[c7000] [send] via NET/AWS Libfabric/1
x3207c0s25b0n0:2046615:2046723 [3] NCCL INFO Channel 03/0 : 15[c7000] -> 7[c7000] [receive] via NET/AWS Libfabric/1
x3207c0s19b1n0:2046249:2046358 [0] NCCL INFO Channel 00/0 : 8[7000] -> 0[7000] [receive] via NET/AWS Libfabric/3
x3207c0s19b1n0:2046252:2046359 [3] NCCL INFO Channel 01/0 : 3[c7000] -> 11[c7000] [send] via NET/AWS Libfabric/1
x3207c0s25b0n0:2046612:2046725 [0] NCCL INFO Channel 00/0 : 4[7000] -> 9[46000] [send] via NET/AWS Libfabric/3
x3005c0s19b0n0:2625209:2625317 [0] NCCL INFO Channel 00/0 : 0[7000] -> 8[7000] [receive] via NET/AWS Libfabric/3
x3005c0s31b0n0:1105261:1105615 [0] NCCL INFO Channel 02/0 : 4[7000] -> 12[7000] [receive] via NET/AWS Libfabric/3
x3005c0s31b0n0:1105261:1105615 [0] NCCL INFO Channel 02/0 : 12[7000] -> 4[7000] [send] via NET/AWS Libfabric/3
x3207c0s25b0n0:2046615:2046723 [3] NCCL INFO Channel 03/0 : 7[c7000] -> 15[c7000] [send] via NET/AWS Libfabric/1
x3005c0s19b0n0:2625209:2625317 [0] NCCL INFO Channel 00/0 : 8[7000] -> 0[7000] [send] via NET/AWS Libfabric/3
x3207c0s25b0n0:2046612:2046725 [0] NCCL INFO Channel 02/0 : 12[7000] -> 4[7000] [receive] via NET/AWS Libfabric/3
x3207c0s19b1n0:2046249:2046358 [0] NCCL INFO Channel 00/0 : 0[7000] -> 8[7000] [send] via NET/AWS Libfabric/3
x3005c0s19b0n0:2625210:2625318 [1] NCCL INFO Channel 00/0 : 9[46000] -> 4[7000] [send] via NET/AWS Libfabric/3
x3207c0s19b1n0:2046252:2046359 [3] NCCL INFO Channel 03/0 : 7[c7000] -> 3[c7000] [receive] via NET/AWS Libfabric/1
x3005c0s19b0n0:2625212:2625319 [3] NCCL INFO Channel 03/0 : 11[c7000] -> 6[85000] [send] via NET/AWS Libfabric/1
x3207c0s25b0n0:2046612:2046725 [0] NCCL INFO Channel 02/0 : 4[7000] -> 12[7000] [send] via NET/AWS Libfabric/3
x3207c0s25b0n0:2046615:2046723 [3] NCCL INFO Channel 03/0 : 7[c7000] -> 3[c7000] [send] via NET/AWS Libfabric/1
x3005c0s31b0n0:1105264:1105613 [3] NCCL INFO Channel 01/0 : 15[c7000] -> 11[c7000] [send] via NET/AWS Libfabric/1
x3005c0s19b0n0:2625212:2625319 [3] NCCL INFO Channel 01/0 : 15[c7000] -> 11[c7000] [receive] via NET/AWS Libfabric/1
x3005c0s31b0n0:1105264:1105613 [3] NCCL INFO Connected all trees
x3005c0s31b0n0:1105264:1105613 [3] NCCL INFO threadThresholds 8/8/64 | 128/8/64 | 8/8/512
x3005c0s31b0n0:1105264:1105613 [3] NCCL INFO 4 coll channels, 4 p2p channels, 2 p2p channels per peer
x3207c0s19b1n0:2046252:2046359 [3] NCCL INFO Connected all trees
x3207c0s19b1n0:2046252:2046359 [3] NCCL INFO threadThresholds 8/8/64 | 128/8/64 | 8/8/512
x3207c0s19b1n0:2046252:2046359 [3] NCCL INFO 4 coll channels, 4 p2p channels, 2 p2p channels per peer
x3207c0s25b0n0:2046614:2046726 [2] NCCL INFO Channel 00 : 6[85000] -> 5[46000] via P2P/IPC/read
x3005c0s19b0n0:2625212:2625319 [3] NCCL INFO Connected all trees
x3005c0s19b0n0:2625212:2625319 [3] NCCL INFO threadThresholds 8/8/64 | 128/8/64 | 8/8/512
x3005c0s19b0n0:2625212:2625319 [3] NCCL INFO 4 coll channels, 4 p2p channels, 2 p2p channels per peer
x3207c0s19b1n0:2046249:2046358 [0] NCCL INFO Channel 02/0 : 4[7000] -> 0[7000] [receive] via NET/AWS Libfabric/3
x3207c0s25b0n0:2046615:2046723 [3] NCCL INFO Channel 01/0 : 10[85000] -> 7[c7000] [receive] via NET/AWS Libfabric/1
x3005c0s19b0n0:2625209:2625317 [0] NCCL INFO Channel 00/0 : 12[7000] -> 8[7000] [receive] via NET/AWS Libfabric/3
x3005c0s19b0n0:2625211:2625316 [2] NCCL INFO Channel 00 : 10[85000] -> 9[46000] via P2P/IPC/read
x3005c0s19b0n0:2625211:2625316 [2] NCCL INFO Channel 02 : 10[85000] -> 9[46000] via P2P/IPC/read
x3207c0s25b0n0:2046615:2046723 [3] NCCL INFO Connected all trees
x3207c0s25b0n0:2046615:2046723 [3] NCCL INFO threadThresholds 8/8/64 | 128/8/64 | 8/8/512
x3207c0s25b0n0:2046615:2046723 [3] NCCL INFO 4 coll channels, 4 p2p channels, 2 p2p channels per peer
x3207c0s25b0n0:2046614:2046726 [2] NCCL INFO Channel 02 : 6[85000] -> 5[46000] via P2P/IPC/read
x3005c0s31b0n0:1105261:1105615 [0] NCCL INFO Channel 00/0 : 12[7000] -> 8[7000] [send] via NET/AWS Libfabric/3
x3207c0s25b0n0:2046612:2046725 [0] NCCL INFO Channel 00/0 : 9[46000] -> 4[7000] [receive] via NET/AWS Libfabric/3
x3005c0s31b0n0:1105261:1105615 [0] NCCL INFO Connected all trees
x3005c0s31b0n0:1105261:1105615 [0] NCCL INFO threadThresholds 8/8/64 | 128/8/64 | 8/8/512
x3005c0s31b0n0:1105261:1105615 [0] NCCL INFO 4 coll channels, 4 p2p channels, 2 p2p channels per peer
x3005c0s31b0n0:1105262:1105614 [1] NCCL INFO comm 0x145d280010c0 rank 13 nranks 16 cudaDev 1 busId 46000 - Init COMPLETE
x3005c0s31b0n0:1105263:1105616 [2] NCCL INFO comm 0x14e95c0010c0 rank 14 nranks 16 cudaDev 2 busId 85000 - Init COMPLETE
x3005c0s31b0n0:1105264:1105613 [3] NCCL INFO comm 0x15160c0010c0 rank 15 nranks 16 cudaDev 3 busId c7000 - Init COMPLETE
x3005c0s31b0n0:1105261:1105615 [0] NCCL INFO comm 0x154fa00010c0 rank 12 nranks 16 cudaDev 0 busId 7000 - Init COMPLETE
x3005c0s19b0n0:2625209:2625317 [0] NCCL INFO Channel 02/0 : 8[7000] -> 5[46000] [send] via NET/AWS Libfabric/3
x3005c0s19b0n0:2625210:2625318 [1] NCCL INFO Connected all trees
x3005c0s19b0n0:2625210:2625318 [1] NCCL INFO threadThresholds 8/8/64 | 128/8/64 | 8/8/512
x3005c0s19b0n0:2625210:2625318 [1] NCCL INFO 4 coll channels, 4 p2p channels, 2 p2p channels per peer
x3005c0s19b0n0:2625211:2625316 [2] NCCL INFO Connected all trees
x3005c0s19b0n0:2625211:2625316 [2] NCCL INFO threadThresholds 8/8/64 | 128/8/64 | 8/8/512
x3005c0s19b0n0:2625211:2625316 [2] NCCL INFO 4 coll channels, 4 p2p channels, 2 p2p channels per peer
x3005c0s19b0n0:2625209:2625317 [0] NCCL INFO Connected all trees
x3005c0s19b0n0:2625209:2625317 [0] NCCL INFO threadThresholds 8/8/64 | 128/8/64 | 8/8/512
x3005c0s19b0n0:2625209:2625317 [0] NCCL INFO 4 coll channels, 4 p2p channels, 2 p2p channels per peer
x3207c0s25b0n0:2046612:2046725 [0] NCCL INFO Channel 02/0 : 4[7000] -> 0[7000] [send] via NET/AWS Libfabric/3
x3207c0s25b0n0:2046612:2046725 [0] NCCL INFO Connected all trees
x3207c0s25b0n0:2046612:2046725 [0] NCCL INFO threadThresholds 8/8/64 | 128/8/64 | 8/8/512
x3207c0s25b0n0:2046612:2046725 [0] NCCL INFO 4 coll channels, 4 p2p channels, 2 p2p channels per peer
x3207c0s19b1n0:2046249:2046358 [0] NCCL INFO Connected all trees
x3207c0s19b1n0:2046249:2046358 [0] NCCL INFO threadThresholds 8/8/64 | 128/8/64 | 8/8/512
x3207c0s19b1n0:2046249:2046358 [0] NCCL INFO 4 coll channels, 4 p2p channels, 2 p2p channels per peer
x3207c0s19b1n0:2046250:2046361 [1] NCCL INFO comm 0x1545b40010c0 rank 1 nranks 16 cudaDev 1 busId 46000 - Init COMPLETE
x3207c0s19b1n0:2046249:2046358 [0] NCCL INFO comm 0x1504480010c0 rank 0 nranks 16 cudaDev 0 busId 7000 - Init COMPLETE
#
#                                                              out-of-place                       in-place          
#       size         count      type   redop    root     time   algbw   busbw #wrong     time   algbw   busbw #wrong
#        (B)    (elements)                               (us)  (GB/s)  (GB/s)            (us)  (GB/s)  (GB/s)       
x3207c0s19b1n0:2046251:2046360 [2] NCCL INFO comm 0x154eec0010c0 rank 2 nranks 16 cudaDev 2 busId 85000 - Init COMPLETE
x3207c0s19b1n0:2046252:2046359 [3] NCCL INFO comm 0x1543800010c0 rank 3 nranks 16 cudaDev 3 busId c7000 - Init COMPLETE
x3005c0s19b0n0:2625209:2625317 [0] NCCL INFO comm 0x1501040010c0 rank 8 nranks 16 cudaDev 0 busId 7000 - Init COMPLETE
x3005c0s19b0n0:2625211:2625316 [2] NCCL INFO comm 0x1498c40010c0 rank 10 nranks 16 cudaDev 2 busId 85000 - Init COMPLETE
x3005c0s19b0n0:2625212:2625319 [3] NCCL INFO comm 0x15273c0010c0 rank 11 nranks 16 cudaDev 3 busId c7000 - Init COMPLETE
x3005c0s19b0n0:2625210:2625318 [1] NCCL INFO comm 0x14f4400010c0 rank 9 nranks 16 cudaDev 1 busId 46000 - Init COMPLETE
x3207c0s25b0n0:2046613:2046724 [1] NCCL INFO Connected all trees
x3207c0s25b0n0:2046613:2046724 [1] NCCL INFO threadThresholds 8/8/64 | 128/8/64 | 8/8/512
x3207c0s25b0n0:2046613:2046724 [1] NCCL INFO 4 coll channels, 4 p2p channels, 2 p2p channels per peer
x3207c0s25b0n0:2046614:2046726 [2] NCCL INFO Connected all trees
x3207c0s25b0n0:2046614:2046726 [2] NCCL INFO threadThresholds 8/8/64 | 128/8/64 | 8/8/512
x3207c0s25b0n0:2046614:2046726 [2] NCCL INFO 4 coll channels, 4 p2p channels, 2 p2p channels per peer
x3207c0s25b0n0:2046612:2046725 [0] NCCL INFO comm 0x14d6080010c0 rank 4 nranks 16 cudaDev 0 busId 7000 - Init COMPLETE
x3207c0s25b0n0:2046613:2046724 [1] NCCL INFO comm 0x150b580010c0 rank 5 nranks 16 cudaDev 1 busId 46000 - Init COMPLETE
x3207c0s25b0n0:2046614:2046726 [2] NCCL INFO comm 0x15153c0010c0 rank 6 nranks 16 cudaDev 2 busId 85000 - Init COMPLETE
x3207c0s25b0n0:2046615:2046723 [3] NCCL INFO comm 0x14f9bc0010c0 rank 7 nranks 16 cudaDev 3 busId c7000 - Init COMPLETE
x3207c0s19b1n0:2046249:2046249 [0] NCCL INFO Launch mode Parallel
       65536         16384     float     sum      -1    175.0    0.37    0.70      0    173.1    0.38    0.71      0
      131072         32768     float     sum      -1    180.3    0.73    1.36      0    179.9    0.73    1.37      0
      262144         65536     float     sum      -1    195.1    1.34    2.52      0    194.4    1.35    2.53      0
      524288        131072     float     sum      -1    223.7    2.34    4.39      0    223.2    2.35    4.40      0
     1048576        262144     float     sum      -1    294.4    3.56    6.68      0    295.0    3.55    6.67      0
     2097152        524288     float     sum      -1    563.0    3.72    6.98      0    568.8    3.69    6.91      0
     4194304       1048576     float     sum      -1   1173.9    3.57    6.70      0   1007.8    4.16    7.80      0
     8388608       2097152     float     sum      -1   1877.0    4.47    8.38      0   1947.9    4.31    8.07      0
    16777216       4194304     float     sum      -1    12820    1.31    2.45      0   3889.1    4.31    8.09      0
    33554432       8388608     float     sum      -1   7778.3    4.31    8.09      0    12270    2.73    5.13      0
    67108864      16777216     float     sum      -1    19391    3.46    6.49      0    24339    2.76    5.17      0
   134217728      33554432     float     sum      -1    29217    4.59    8.61      0    29291    4.58    8.59      0
   268435456      67108864     float     sum      -1    56736    4.73    8.87      0    56735    4.73    8.87      0
x3207c0s19b1n0:2046250:2046250 [1] NCCL INFO comm 0x1545b40010c0 rank 1 nranks 16 cudaDev 1 busId 46000 - Destroy COMPLETE
x3005c0s31b0n0:1105262:1105262 [1] NCCL INFO comm 0x145d280010c0 rank 13 nranks 16 cudaDev 1 busId 46000 - Destroy COMPLETE
x3207c0s19b1n0:2046251:2046251 [2] NCCL INFO comm 0x154eec0010c0 rank 2 nranks 16 cudaDev 2 busId 85000 - Destroy COMPLETE
x3005c0s31b0n0:1105263:1105263 [2] NCCL INFO comm 0x14e95c0010c0 rank 14 nranks 16 cudaDev 2 busId 85000 - Destroy COMPLETE
x3207c0s19b1n0:2046252:2046252 [3] NCCL INFO comm 0x1543800010c0 rank 3 nranks 16 cudaDev 3 busId c7000 - Destroy COMPLETE
x3005c0s31b0n0:1105264:1105264 [3] NCCL INFO comm 0x15160c0010c0 rank 15 nranks 16 cudaDev 3 busId c7000 - Destroy COMPLETE
x3207c0s19b1n0:2046249:2046249 [0] NCCL INFO comm 0x1504480010c0 rank 0 nranks 16 cudaDev 0 busId 7000 - Destroy COMPLETE
x3207c0s25b0n0:2046613:2046613 [1] NCCL INFO comm 0x150b580010c0 rank 5 nranks 16 cudaDev 1 busId 46000 - Destroy COMPLETE
x3005c0s31b0n0:1105261:1105261 [0] NCCL INFO comm 0x154fa00010c0 rank 12 nranks 16 cudaDev 0 busId 7000 - Destroy COMPLETE
x3207c0s25b0n0:2046614:2046614 [2] NCCL INFO comm 0x15153c0010c0 rank 6 nranks 16 cudaDev 2 busId 85000 - Destroy COMPLETE
# Out of bounds values : 0 OK
# Avg bus bandwidth    : 5.63658 
#
x3005c0s19b0n0:2625210:2625210 [1] NCCL INFO comm 0x14f4400010c0 rank 9 nranks 16 cudaDev 1 busId 46000 - Destroy COMPLETE
x3005c0s19b0n0:2625211:2625211 [2] NCCL INFO comm 0x1498c40010c0 rank 10 nranks 16 cudaDev 2 busId 85000 - Destroy COMPLETE
x3207c0s25b0n0:2046615:2046615 [3] NCCL INFO comm 0x14f9bc0010c0 rank 7 nranks 16 cudaDev 3 busId c7000 - Destroy COMPLETE
x3207c0s25b0n0:2046612:2046612 [0] NCCL INFO comm 0x14d6080010c0 rank 4 nranks 16 cudaDev 0 busId 7000 - Destroy COMPLETE
x3005c0s19b0n0:2625212:2625212 [3] NCCL INFO comm 0x15273c0010c0 rank 11 nranks 16 cudaDev 3 busId c7000 - Destroy COMPLETE
x3005c0s19b0n0:2625209:2625209 [0] NCCL INFO comm 0x1501040010c0 rank 8 nranks 16 cudaDev 0 busId 7000 - Destroy COMPLETE

# nThread 1 nGpus 1 minBytes 65536 maxBytes 268435456 step: 2(factor) warmup iters: 5 iters: 60 agg iters: 1 validation: 1 graph: 0
#
# Using devices
#  Rank  0 Group  0 Pid 2046463 on x3207c0s19b1n0 device  0 [0x07] NVIDIA A100-SXM4-40GB
#  Rank  1 Group  0 Pid 2046464 on x3207c0s19b1n0 device  1 [0x46] NVIDIA A100-SXM4-40GB
#  Rank  2 Group  0 Pid 2046465 on x3207c0s19b1n0 device  2 [0x85] NVIDIA A100-SXM4-40GB
#  Rank  3 Group  0 Pid 2046466 on x3207c0s19b1n0 device  3 [0xc7] NVIDIA A100-SXM4-40GB
#  Rank  4 Group  0 Pid 2046828 on x3207c0s25b0n0 device  0 [0x07] NVIDIA A100-SXM4-40GB
#  Rank  5 Group  0 Pid 2046829 on x3207c0s25b0n0 device  1 [0x46] NVIDIA A100-SXM4-40GB
#  Rank  6 Group  0 Pid 2046830 on x3207c0s25b0n0 device  2 [0x85] NVIDIA A100-SXM4-40GB
#  Rank  7 Group  0 Pid 2046831 on x3207c0s25b0n0 device  3 [0xc7] NVIDIA A100-SXM4-40GB
#  Rank  8 Group  0 Pid 2625717 on x3005c0s19b0n0 device  0 [0x07] NVIDIA A100-SXM4-40GB
#  Rank  9 Group  0 Pid 2625718 on x3005c0s19b0n0 device  1 [0x46] NVIDIA A100-SXM4-40GB
#  Rank 10 Group  0 Pid 2625719 on x3005c0s19b0n0 device  2 [0x85] NVIDIA A100-SXM4-40GB
#  Rank 11 Group  0 Pid 2625720 on x3005c0s19b0n0 device  3 [0xc7] NVIDIA A100-SXM4-40GB
#  Rank 12 Group  0 Pid 1105719 on x3005c0s31b0n0 device  0 [0x07] NVIDIA A100-SXM4-40GB
#  Rank 13 Group  0 Pid 1105720 on x3005c0s31b0n0 device  1 [0x46] NVIDIA A100-SXM4-40GB
#  Rank 14 Group  0 Pid 1105721 on x3005c0s31b0n0 device  2 [0x85] NVIDIA A100-SXM4-40GB
#  Rank 15 Group  0 Pid 1105722 on x3005c0s31b0n0 device  3 [0xc7] NVIDIA A100-SXM4-40GB
x3207c0s19b1n0:2046463:2046463 [0] NCCL INFO Bootstrap : Using hsn1:10.201.1.24<0>
x3207c0s19b1n0:2046463:2046463 [0] NCCL INFO NET/Plugin: Failed to find ncclCollNetPlugin_v5 symbol.
x3207c0s19b1n0:2046463:2046463 [0] NCCL INFO NET/Plugin: Failed to find ncclCollNetPlugin_v4 symbol.
x3207c0s19b1n0:2046463:2046463 [0] NCCL INFO NET/OFI Initializing aws-ofi-nccl 1.7.4-aws
x3207c0s19b1n0:2046463:2046463 [0] NCCL INFO NET/OFI Using CUDA runtime version 12020
x3207c0s19b1n0:2046463:2046463 [0] NCCL INFO NET/OFI Selected Provider is cxi (found 4 nics)
x3207c0s19b1n0:2046463:2046463 [0] NCCL INFO NET/OFI Using transport protocol SENDRECV
x3207c0s19b1n0:2046463:2046463 [0] NCCL INFO Using network AWS Libfabric
NCCL version 2.12.12+cuda12.2
x3207c0s19b1n0:2046464:2046464 [1] NCCL INFO Bootstrap : Using hsn1:10.201.1.24<0>
x3207c0s19b1n0:2046466:2046466 [3] NCCL INFO Bootstrap : Using hsn1:10.201.1.24<0>
x3207c0s19b1n0:2046464:2046464 [1] NCCL INFO NET/Plugin: Failed to find ncclCollNetPlugin_v5 symbol.
x3207c0s19b1n0:2046464:2046464 [1] NCCL INFO NET/Plugin: Failed to find ncclCollNetPlugin_v4 symbol.
x3207c0s19b1n0:2046464:2046464 [1] NCCL INFO NET/OFI Initializing aws-ofi-nccl 1.7.4-aws
x3207c0s19b1n0:2046464:2046464 [1] NCCL INFO NET/OFI Using CUDA runtime version 12020
x3207c0s19b1n0:2046464:2046464 [1] NCCL INFO NET/OFI Selected Provider is cxi (found 4 nics)
x3207c0s19b1n0:2046464:2046464 [1] NCCL INFO NET/OFI Using transport protocol SENDRECV
x3207c0s19b1n0:2046466:2046466 [3] NCCL INFO NET/Plugin: Failed to find ncclCollNetPlugin_v5 symbol.
x3207c0s19b1n0:2046466:2046466 [3] NCCL INFO NET/Plugin: Failed to find ncclCollNetPlugin_v4 symbol.
x3207c0s19b1n0:2046466:2046466 [3] NCCL INFO NET/OFI Initializing aws-ofi-nccl 1.7.4-aws
x3207c0s19b1n0:2046466:2046466 [3] NCCL INFO NET/OFI Using CUDA runtime version 12020
x3207c0s19b1n0:2046466:2046466 [3] NCCL INFO NET/OFI Selected Provider is cxi (found 4 nics)
x3207c0s19b1n0:2046466:2046466 [3] NCCL INFO NET/OFI Using transport protocol SENDRECV
x3207c0s19b1n0:2046464:2046464 [1] NCCL INFO Using network AWS Libfabric
x3207c0s19b1n0:2046465:2046465 [2] NCCL INFO Bootstrap : Using hsn1:10.201.1.24<0>
x3207c0s19b1n0:2046466:2046466 [3] NCCL INFO Using network AWS Libfabric
x3207c0s19b1n0:2046465:2046465 [2] NCCL INFO NET/Plugin: Failed to find ncclCollNetPlugin_v5 symbol.
