x3211c0s13b1n0:4802:4826 [1] NCCL INFO Channel 02/0 : 61[46000] -> 92[7000] [send] via NET/AWS Libfabric/3
x3212c0s13b0n0:19525:19548 [2] NCCL INFO Channel 00 : 98[85000] -> 99[c7000] via P2P/IPC/read
x3212c0s13b0n0:19525:19548 [2] NCCL INFO Channel 01 : 98[85000] -> 99[c7000] via P2P/IPC/read
x3212c0s13b0n0:19525:19548 [2] NCCL INFO Channel 02 : 98[85000] -> 99[c7000] via P2P/IPC/read
x3212c0s13b0n0:19525:19548 [2] NCCL INFO Channel 03 : 98[85000] -> 99[c7000] via P2P/IPC/read
x3211c0s13b0n0:28138:28161 [2] NCCL INFO Channel 00 : 58[85000] -> 59[c7000] via P2P/IPC/read
x3211c0s13b0n0:28138:28161 [2] NCCL INFO Channel 01 : 58[85000] -> 59[c7000] via P2P/IPC/read
x3211c0s13b0n0:28138:28161 [2] NCCL INFO Channel 02 : 58[85000] -> 59[c7000] via P2P/IPC/read
x3212c0s1b0n0:37000:37021 [2] NCCL INFO Channel 00 : 114[85000] -> 115[c7000] via P2P/IPC/read
x3211c0s13b0n0:28138:28161 [2] NCCL INFO Channel 03 : 58[85000] -> 59[c7000] via P2P/IPC/read
x3210c0s13b0n0:65191:65215 [2] NCCL INFO Connected all rings
x3210c0s13b0n0:65191:65215 [2] NCCL INFO Channel 00 : 18[85000] -> 19[c7000] via P2P/IPC/read
x3210c0s13b0n0:65191:65215 [2] NCCL INFO Channel 01 : 18[85000] -> 19[c7000] via P2P/IPC/read
x3210c0s13b0n0:65191:65215 [2] NCCL INFO Channel 02 : 18[85000] -> 19[c7000] via P2P/IPC/read
x3210c0s13b0n0:65191:65215 [2] NCCL INFO Channel 03 : 18[85000] -> 19[c7000] via P2P/IPC/read
x3210c0s13b0n0:65189:65214 [0] NCCL INFO Connected all rings
x3210c0s13b0n0:65189:65214 [0] NCCL INFO Channel 00 : 16[7000] -> 17[46000] via P2P/IPC/read
x3209c0s31b1n0:5394:5433 [0] NCCL INFO Connected all rings
x3209c0s31b1n0:5394:5433 [0] NCCL INFO Channel 00 : 0[7000] -> 1[46000] via P2P/IPC/read
x3209c0s31b1n0:5395:5435 [1] NCCL INFO Connected all rings
x3210c0s25b1n0:60781:60801 [3] NCCL INFO Channel 01/0 : 43[c7000] -> 47[c7000] [send] via NET/AWS Libfabric/1
x3212c0s31b0n0:3976:3996 [3] NCCL INFO Channel 01/0 : 123[c7000] -> 127[c7000] [receive] via NET/AWS Libfabric/1
x3209c0s7b0n0:13329:13348 [3] NCCL INFO Channel 01/0 : 11[c7000] -> 15[c7000] [receive] via NET/AWS Libfabric/1
x3211c0s13b1n0:4803:4828 [2] NCCL INFO Channel 03/0 : 62[85000] -> 95[c7000] [send] via NET/AWS Libfabric/1
x3212c0s31b0n0:3974:3999 [1] NCCL INFO Channel 02 : 125[46000] -> 126[85000] via P2P/IPC/read
x3210c0s1b1n0:39558:39579 [2] NCCL INFO Channel 01/0 : 19[c7000] -> 34[85000] [receive] via NET/AWS Libfabric/1
x3210c0s37b0n0:21641:21663 [3] NCCL INFO Channel 01/0 : 55[c7000] -> 58[85000] [send] via NET/AWS Libfabric/1
x3210c0s25b1n0:60778:60802 [0] NCCL INFO Channel 02/0 : 37[46000] -> 40[7000] [receive] via NET/AWS Libfabric/3
x3212c0s25b0n0:53671:53690 [2] NCCL INFO Channel 00 : 122[85000] -> 123[c7000] via P2P/IPC/read
x3212c0s25b0n0:53671:53690 [2] NCCL INFO Channel 01 : 122[85000] -> 123[c7000] via P2P/IPC/read
x3212c0s25b0n0:53671:53690 [2] NCCL INFO Channel 02 : 122[85000] -> 123[c7000] via P2P/IPC/read
x3211c0s25b0n0:34057:34078 [2] NCCL INFO Channel 01/0 : 75[c7000] -> 82[85000] [receive] via NET/AWS Libfabric/1
x3212c0s25b0n0:53671:53690 [2] NCCL INFO Channel 03 : 122[85000] -> 123[c7000] via P2P/IPC/read
x3210c0s31b1n0:1942:1965 [1] NCCL INFO Channel 00/0 : 40[7000] -> 49[46000] [receive] via NET/AWS Libfabric/3
x3209c0s37b0n0:50835:50859 [1] NCCL INFO Channel 00 : 5[46000] -> 6[85000] via P2P/IPC/read
x3209c0s37b0n0:50835:50859 [1] NCCL INFO Channel 01 : 5[46000] -> 6[85000] via P2P/IPC/read
x3209c0s37b0n0:50835:50859 [1] NCCL INFO Channel 02 : 5[46000] -> 6[85000] via P2P/IPC/read
x3209c0s37b0n0:50835:50859 [1] NCCL INFO Channel 03 : 5[46000] -> 6[85000] via P2P/IPC/read
x3211c0s31b1n0:35905:35929 [1] NCCL INFO Channel 02/0 : 93[46000] -> 108[7000] [send] via NET/AWS Libfabric/3
x3211c0s1b0n0:48748:48771 [1] NCCL INFO Channel 00 : 73[46000] -> 74[85000] via P2P/IPC/read
x3212c0s1b1n0:11650:11675 [0] NCCL INFO Connected all rings
x3212c0s1b1n0:11650:11675 [0] NCCL INFO Channel 00 : 116[7000] -> 117[46000] via P2P/IPC/read
x3212c0s1b1n0:11651:11672 [1] NCCL INFO Connected all rings
x3212c0s1b1n0:11652:11674 [2] NCCL INFO Connected all rings
x3211c0s25b0n0:34058:34081 [3] NCCL INFO Channel 03/0 : 83[c7000] -> 87[c7000] [send] via NET/AWS Libfabric/1
x3210c0s1b0n0:6791:6814 [2] NCCL INFO Channel 00 : 30[85000] -> 31[c7000] via P2P/IPC/read
x3210c0s1b0n0:6791:6814 [2] NCCL INFO Channel 01 : 30[85000] -> 31[c7000] via P2P/IPC/read
x3211c0s25b1n0:10033:10055 [1] NCCL INFO Channel 00 : 85[46000] -> 86[85000] via P2P/IPC/read
x3211c0s25b1n0:10033:10055 [1] NCCL INFO Channel 01 : 85[46000] -> 86[85000] via P2P/IPC/read
x3210c0s1b0n0:6791:6814 [2] NCCL INFO Channel 02 : 30[85000] -> 31[c7000] via P2P/IPC/read
x3211c0s25b1n0:10033:10055 [1] NCCL INFO Channel 02 : 85[46000] -> 86[85000] via P2P/IPC/read
x3210c0s1b0n0:6791:6814 [2] NCCL INFO Channel 03 : 30[85000] -> 31[c7000] via P2P/IPC/read
x3211c0s25b1n0:10033:10055 [1] NCCL INFO Channel 03 : 85[46000] -> 86[85000] via P2P/IPC/read
x3211c0s1b0n0:48748:48771 [1] NCCL INFO Channel 01 : 73[46000] -> 74[85000] via P2P/IPC/read
x3210c0s37b0n0:21640:21664 [2] NCCL INFO Channel 03/0 : 54[85000] -> 59[c7000] [send] via NET/AWS Libfabric/1
x3211c0s1b0n0:48748:48771 [1] NCCL INFO Channel 02 : 73[46000] -> 74[85000] via P2P/IPC/read
x3211c0s1b0n0:48748:48771 [1] NCCL INFO Channel 03 : 73[46000] -> 74[85000] via P2P/IPC/read
x3210c0s1b1n0:39555:39580 [0] NCCL INFO Channel 02/0 : 32[7000] -> 36[7000] [send] via NET/AWS Libfabric/3
x3212c0s13b1n0:43790:43812 [1] NCCL INFO Channel 00 : 101[46000] -> 102[85000] via P2P/IPC/read
x3211c0s31b1n0:35904:35927 [0] NCCL INFO Channel 00/0 : 88[7000] -> 92[7000] [receive] via NET/AWS Libfabric/3
x3211c0s1b1n0:46712:46735 [1] NCCL INFO Channel 02/0 : 77[46000] -> 84[7000] [send] via NET/AWS Libfabric/3
x3209c0s37b1n0:24894:24915 [0] NCCL INFO Channel 02/0 : 5[46000] -> 8[7000] [receive] via NET/AWS Libfabric/3
x3209c0s31b1n0:5396:5434 [2] NCCL INFO Channel 00 : 2[85000] -> 3[c7000] via P2P/IPC/read
x3209c0s31b1n0:5396:5434 [2] NCCL INFO Channel 01 : 2[85000] -> 3[c7000] via P2P/IPC/read
x3209c0s31b1n0:5396:5434 [2] NCCL INFO Channel 02 : 2[85000] -> 3[c7000] via P2P/IPC/read
x3209c0s31b1n0:5396:5434 [2] NCCL INFO Channel 03 : 2[85000] -> 3[c7000] via P2P/IPC/read
x3212c0s13b0n0:19526:19549 [3] NCCL INFO Channel 03/0 : 99[c7000] -> 103[c7000] [send] via NET/AWS Libfabric/1
x3211c0s13b0n0:28139:28159 [3] NCCL INFO Channel 01/0 : 59[c7000] -> 63[c7000] [send] via NET/AWS Libfabric/1
x3211c0s13b0n0:28137:28160 [1] NCCL INFO Channel 00 : 57[46000] -> 58[85000] via P2P/IPC/read
x3211c0s13b0n0:28137:28160 [1] NCCL INFO Channel 01 : 57[46000] -> 58[85000] via P2P/IPC/read
x3211c0s13b0n0:28137:28160 [1] NCCL INFO Channel 02 : 57[46000] -> 58[85000] via P2P/IPC/read
x3211c0s13b1n0:4804:4827 [3] NCCL INFO Channel 01/0 : 59[c7000] -> 63[c7000] [receive] via NET/AWS Libfabric/1
x3211c0s13b0n0:28137:28160 [1] NCCL INFO Channel 03 : 57[46000] -> 58[85000] via P2P/IPC/read
x3210c0s25b1n0:60780:60803 [2] NCCL INFO Channel 01/0 : 39[c7000] -> 42[85000] [receive] via NET/AWS Libfabric/1
x3212c0s31b0n0:3974:3999 [1] NCCL INFO Channel 03 : 125[46000] -> 126[85000] via P2P/IPC/read
x3210c0s13b0n0:65192:65213 [3] NCCL INFO Channel 03/0 : 19[c7000] -> 23[c7000] [send] via NET/AWS Libfabric/1
x3211c0s31b0n0:30427:30448 [2] NCCL INFO Channel 00 : 90[85000] -> 91[c7000] via P2P/IPC/read
x3211c0s31b0n0:30425:30450 [0] NCCL INFO Channel 02/0 : 85[46000] -> 88[7000] [receive] via NET/AWS Libfabric/3
x3212c0s13b0n0:19523:19546 [0] NCCL INFO Channel 01 : 96[7000] -> 97[46000] via P2P/IPC/read
x3212c0s1b0n0:37000:37021 [2] NCCL INFO Channel 01 : 114[85000] -> 115[c7000] via P2P/IPC/read
x3209c0s31b1n0:5394:5433 [0] NCCL INFO Channel 01 : 0[7000] -> 1[46000] via P2P/IPC/read
x3209c0s37b1n0:24897:24916 [2] NCCL INFO Channel 00 : 10[85000] -> 11[c7000] via P2P/IPC/read
x3212c0s31b0n0:3975:3998 [2] NCCL INFO Channel 00 : 126[85000] -> 125[46000] via P2P/IPC/read
x3212c0s13b1n0:43790:43812 [1] NCCL INFO Channel 01 : 101[46000] -> 102[85000] via P2P/IPC/read
x3210c0s13b0n0:65189:65214 [0] NCCL INFO Channel 01 : 16[7000] -> 17[46000] via P2P/IPC/read
x3211c0s31b0n0:30427:30448 [2] NCCL INFO Channel 01 : 90[85000] -> 91[c7000] via P2P/IPC/read
x3211c0s31b0n0:30427:30448 [2] NCCL INFO Channel 02 : 90[85000] -> 91[c7000] via P2P/IPC/read
x3210c0s37b0n0:21639:21662 [1] NCCL INFO Channel 02/0 : 53[46000] -> 56[7000] [send] via NET/AWS Libfabric/3
x3211c0s31b0n0:30427:30448 [2] NCCL INFO Channel 03 : 90[85000] -> 91[c7000] via P2P/IPC/read
x3210c0s37b0n0:21638:21661 [0] NCCL INFO Channel 02/0 : 48[7000] -> 52[7000] [receive] via NET/AWS Libfabric/3
x3212c0s1b0n0:36998:37022 [0] NCCL INFO Channel 03 : 112[7000] -> 113[46000] via P2P/IPC/read
x3211c0s13b1n0:4801:4825 [0] NCCL INFO Channel 00/0 : 56[7000] -> 60[7000] [receive] via NET/AWS Libfabric/3
x3212c0s1b1n0:11650:11675 [0] NCCL INFO Channel 01 : 116[7000] -> 117[46000] via P2P/IPC/read
x3210c0s1b0n0:6790:6813 [1] NCCL INFO Channel 02/0 : 29[46000] -> 44[7000] [send] via NET/AWS Libfabric/3
x3210c0s1b1n0:39556:39577 [1] NCCL INFO Channel 00/0 : 16[7000] -> 33[46000] [receive] via NET/AWS Libfabric/3
x3211c0s25b1n0:10034:10056 [2] NCCL INFO Channel 03/0 : 86[85000] -> 91[c7000] [send] via NET/AWS Libfabric/1
x3210c0s31b0n0:12102:12124 [2] NCCL INFO Channel 00 : 46[85000] -> 47[c7000] via P2P/IPC/read
x3210c0s31b0n0:12102:12124 [2] NCCL INFO Channel 01 : 46[85000] -> 47[c7000] via P2P/IPC/read
x3210c0s31b0n0:12102:12124 [2] NCCL INFO Channel 02 : 46[85000] -> 47[c7000] via P2P/IPC/read
x3212c0s25b0n0:53669:53693 [1] NCCL INFO Channel 00/0 : 116[7000] -> 121[46000] [receive] via NET/AWS Libfabric/3
x3210c0s31b0n0:12102:12124 [2] NCCL INFO Channel 03 : 46[85000] -> 47[c7000] via P2P/IPC/read
x3209c0s31b1n0:5397:5436 [3] NCCL INFO Channel 03/0 : 3[c7000] -> 7[c7000] [send] via NET/AWS Libfabric/1
x3210c0s13b1n0:15060:15085 [1] NCCL INFO Channel 00 : 21[46000] -> 22[85000] via P2P/IPC/read
x3211c0s1b0n0:48747:48773 [0] NCCL INFO Channel 02/0 : 69[46000] -> 72[7000] [receive] via NET/AWS Libfabric/3
x3212c0s19b0n0:34944:34970 [1] NCCL INFO Channel 00/0 : 100[7000] -> 105[46000] [receive] via NET/AWS Libfabric/3
x3210c0s25b0n0:53290:53317 [1] NCCL INFO Channel 02/0 : 40[7000] -> 37[46000] [receive] via NET/AWS Libfabric/3
x3209c0s37b0n0:50835:50859 [1] NCCL INFO Channel 02/0 : 5[46000] -> 8[7000] [send] via NET/AWS Libfabric/3
x3212c0s31b0n0:3973:3997 [0] NCCL INFO Channel 00/0 : 120[7000] -> 124[7000] [receive] via NET/AWS Libfabric/3
x3210c0s31b0n0:12101:12123 [1] NCCL INFO Channel 00 : 45[46000] -> 46[85000] via P2P/IPC/read
x3210c0s31b0n0:12101:12123 [1] NCCL INFO Channel 01 : 45[46000] -> 46[85000] via P2P/IPC/read
x3210c0s31b0n0:12101:12123 [1] NCCL INFO Channel 02 : 45[46000] -> 46[85000] via P2P/IPC/read
x3210c0s31b0n0:12101:12123 [1] NCCL INFO Channel 03 : 45[46000] -> 46[85000] via P2P/IPC/read
x3211c0s1b1n0:46713:46734 [2] NCCL INFO Channel 03/0 : 78[85000] -> 87[c7000] [send] via NET/AWS Libfabric/1
x3210c0s1b1n0:39555:39580 [0] NCCL INFO Channel 00/0 : 32[7000] -> 48[7000] [send] via NET/AWS Libfabric/3
x3211c0s25b0n0:34056:34079 [1] NCCL INFO Channel 00/0 : 72[7000] -> 81[46000] [receive] via NET/AWS Libfabric/3
x3211c0s31b0n0:30426:30451 [1] NCCL INFO Channel 00/0 : 84[7000] -> 89[46000] [receive] via NET/AWS Libfabric/3
x3211c0s1b0n0:48749:48770 [2] NCCL INFO Channel 01/0 : 71[c7000] -> 74[85000] [receive] via NET/AWS Libfabric/1
x3211c0s25b1n0:10033:10055 [1] NCCL INFO Channel 02/0 : 85[46000] -> 88[7000] [send] via NET/AWS Libfabric/3
x3209c0s31b1n0:5394:5433 [0] NCCL INFO Channel 02 : 0[7000] -> 1[46000] via P2P/IPC/read
x3209c0s37b1n0:24897:24916 [2] NCCL INFO Channel 01 : 10[85000] -> 11[c7000] via P2P/IPC/read
x3211c0s13b0n0:28139:28159 [3] NCCL INFO Channel 03/0 : 54[85000] -> 59[c7000] [receive] via NET/AWS Libfabric/1
x3212c0s1b0n0:37000:37021 [2] NCCL INFO Channel 02 : 114[85000] -> 115[c7000] via P2P/IPC/read
x3211c0s31b0n0:30428:30449 [3] NCCL INFO Channel 01/0 : 91[c7000] -> 95[c7000] [send] via NET/AWS Libfabric/1
x3211c0s1b1n0:46711:46736 [0] NCCL INFO Channel 00/0 : 72[7000] -> 76[7000] [receive] via NET/AWS Libfabric/3
x3210c0s37b0n0:21638:21661 [0] NCCL INFO Channel 00/0 : 52[7000] -> 57[46000] [send] via NET/AWS Libfabric/3
x3212c0s13b1n0:43790:43812 [1] NCCL INFO Channel 02 : 101[46000] -> 102[85000] via P2P/IPC/read
x3211c0s1b0n0:48747:48773 [0] NCCL INFO Channel 00/0 : 72[7000] -> 76[7000] [send] via NET/AWS Libfabric/3
x3210c0s25b0n0:53289:53315 [0] NCCL INFO Channel 00/0 : 36[7000] -> 41[46000] [send] via NET/AWS Libfabric/3
x3210c0s13b0n0:65189:65214 [0] NCCL INFO Channel 02 : 16[7000] -> 17[46000] via P2P/IPC/read
x3212c0s13b0n0:19523:19546 [0] NCCL INFO Channel 02 : 96[7000] -> 97[46000] via P2P/IPC/read
x3211c0s1b0n0:48748:48771 [1] NCCL INFO Channel 00/0 : 68[7000] -> 73[46000] [receive] via NET/AWS Libfabric/3
x3212c0s31b0n0:3975:3998 [2] NCCL INFO Channel 02 : 126[85000] -> 125[46000] via P2P/IPC/read
x3211c0s19b1n0:30524:30547 [1] NCCL INFO Channel 02/0 : 72[7000] -> 69[46000] [receive] via NET/AWS Libfabric/3
x3212c0s19b0n0:34946:34969 [3] NCCL INFO Channel 01/0 : 107[c7000] -> 111[c7000] [send] via NET/AWS Libfabric/1
x3210c0s25b1n0:60778:60802 [0] NCCL INFO Channel 00/0 : 40[7000] -> 44[7000] [send] via NET/AWS Libfabric/3
x3210c0s31b0n0:12103:12122 [3] NCCL INFO Channel 01/0 : 43[c7000] -> 47[c7000] [receive] via NET/AWS Libfabric/1
x3210c0s13b1n0:15060:15085 [1] NCCL INFO Channel 01 : 21[46000] -> 22[85000] via P2P/IPC/read
x3210c0s13b1n0:15060:15085 [1] NCCL INFO Channel 02 : 21[46000] -> 22[85000] via P2P/IPC/read
x3210c0s13b1n0:15060:15085 [1] NCCL INFO Channel 03 : 21[46000] -> 22[85000] via P2P/IPC/read
x3210c0s31b1n0:1944:1967 [3] NCCL INFO Channel 03/0 : 51[c7000] -> 55[c7000] [send] via NET/AWS Libfabric/1
x3211c0s13b0n0:28138:28161 [2] NCCL INFO Channel 01/0 : 55[c7000] -> 58[85000] [receive] via NET/AWS Libfabric/1
x3209c0s37b0n0:50834:50858 [0] NCCL INFO Channel 02/0 : 0[7000] -> 4[7000] [receive] via NET/AWS Libfabric/3
x3211c0s1b1n0:46714:46733 [3] NCCL INFO Channel 01/0 : 75[c7000] -> 79[c7000] [receive] via NET/AWS Libfabric/1
x3212c0s19b0n0:34945:34967 [2] NCCL INFO Channel 01/0 : 103[c7000] -> 106[85000] [receive] via NET/AWS Libfabric/1
x3210c0s31b1n0:1943:1964 [2] NCCL INFO Channel 01/0 : 43[c7000] -> 50[85000] [receive] via NET/AWS Libfabric/1
x3212c0s1b1n0:11650:11675 [0] NCCL INFO Channel 02 : 116[7000] -> 117[46000] via P2P/IPC/read
x3212c0s25b0n0:53672:53691 [3] NCCL INFO Channel 01/0 : 123[c7000] -> 127[c7000] [send] via NET/AWS Libfabric/1
x3210c0s31b1n0:1941:1966 [0] NCCL INFO Channel 00/0 : 48[7000] -> 56[7000] [send] via NET/AWS Libfabric/3
x3209c0s7b0n0:13327:13346 [1] NCCL INFO Channel 00 : 13[46000] -> 14[85000] via P2P/IPC/read
x3211c0s19b0n0:51761:51787 [0] NCCL INFO Channel 02/0 : 64[7000] -> 68[7000] [send] via NET/AWS Libfabric/3
x3210c0s25b0n0:53292:53316 [3] NCCL INFO Channel 03/0 : 35[c7000] -> 39[c7000] [receive] via NET/AWS Libfabric/1
x3212c0s31b0n0:3974:3999 [1] NCCL INFO Connected all trees
x3212c0s31b0n0:3974:3999 [1] NCCL INFO NCCL_NTHREADS set by environment to 64.
x3212c0s31b0n0:3974:3999 [1] NCCL INFO NCCL_PROTO set by environment to Simple
x3212c0s31b0n0:3974:3999 [1] NCCL INFO NCCL_ALGO set by environment to TREE
x3212c0s31b0n0:3974:3999 [1] NCCL INFO threadThresholds 8/8/64 | 1024/8/64 | 8/8/64 | 8/8/512
x3212c0s31b0n0:3974:3999 [1] NCCL INFO 4 coll channels, 4 p2p channels, 2 p2p channels per peer
x3212c0s31b0n0:3975:3998 [2] NCCL INFO Connected all trees
x3212c0s31b0n0:3975:3998 [2] NCCL INFO NCCL_NTHREADS set by environment to 64.
x3212c0s31b0n0:3975:3998 [2] NCCL INFO NCCL_PROTO set by environment to Simple
x3212c0s31b0n0:3975:3998 [2] NCCL INFO NCCL_ALGO set by environment to TREE
x3212c0s31b0n0:3975:3998 [2] NCCL INFO threadThresholds 8/8/64 | 1024/8/64 | 8/8/64 | 8/8/512
x3212c0s31b0n0:3975:3998 [2] NCCL INFO 4 coll channels, 4 p2p channels, 2 p2p channels per peer
x3212c0s19b1n0:18012:18035 [1] NCCL INFO Channel 00 : 109[46000] -> 110[85000] via P2P/IPC/read
x3212c0s1b0n0:37000:37021 [2] NCCL INFO Channel 03 : 114[85000] -> 115[c7000] via P2P/IPC/read
x3211c0s13b0n0:28136:28162 [0] NCCL INFO Channel 02/0 : 53[46000] -> 56[7000] [receive] via NET/AWS Libfabric/3
x3211c0s13b0n0:28137:28160 [1] NCCL INFO Channel 00/0 : 52[7000] -> 57[46000] [receive] via NET/AWS Libfabric/3
x3209c0s31b1n0:5395:5435 [1] NCCL INFO Channel 00 : 1[46000] -> 2[85000] via P2P/IPC/read
x3209c0s37b0n0:50835:50859 [1] NCCL INFO Channel 02/0 : 8[7000] -> 5[46000] [receive] via NET/AWS Libfabric/3
x3209c0s31b1n0:5395:5435 [1] NCCL INFO Channel 01 : 1[46000] -> 2[85000] via P2P/IPC/read
x3209c0s31b1n0:5395:5435 [1] NCCL INFO Channel 02 : 1[46000] -> 2[85000] via P2P/IPC/read
x3209c0s31b1n0:5395:5435 [1] NCCL INFO Channel 03 : 1[46000] -> 2[85000] via P2P/IPC/read
x3209c0s31b1n0:5396:5434 [2] NCCL INFO Channel 00 : 2[85000] -> 1[46000] via P2P/IPC/read
x3209c0s37b0n0:50836:50861 [2] NCCL INFO Channel 03/0 : 6[85000] -> 11[c7000] [send] via NET/AWS Libfabric/1
x3209c0s37b1n0:24897:24916 [2] NCCL INFO Channel 02 : 10[85000] -> 11[c7000] via P2P/IPC/read
x3211c0s19b0n0:51765:51785 [2] NCCL INFO Channel 00 : 66[85000] -> 67[c7000] via P2P/IPC/read
x3210c0s13b1n0:15062:15084 [2] NCCL INFO Channel 00 : 22[85000] -> 23[c7000] via P2P/IPC/read
x3210c0s25b1n0:60779:60800 [1] NCCL INFO Channel 00/0 : 41[46000] -> 36[7000] [send] via NET/AWS Libfabric/3
x3211c0s25b1n0:10032:10057 [0] NCCL INFO Channel 02/0 : 80[7000] -> 84[7000] [receive] via NET/AWS Libfabric/3
x3209c0s37b1n0:24894:24915 [0] NCCL INFO Channel 00/0 : 8[7000] -> 12[7000] [send] via NET/AWS Libfabric/3
x3209c0s37b1n0:24897:24916 [2] NCCL INFO Channel 03 : 10[85000] -> 11[c7000] via P2P/IPC/read
x3212c0s13b0n0:19523:19546 [0] NCCL INFO Channel 03 : 96[7000] -> 97[46000] via P2P/IPC/read
x3212c0s25b0n0:53671:53690 [2] NCCL INFO Channel 01/0 : 119[c7000] -> 122[85000] [receive] via NET/AWS Libfabric/1
x3211c0s19b1n0:30526:30546 [3] NCCL INFO Channel 03/0 : 67[c7000] -> 71[c7000] [receive] via NET/AWS Libfabric/1
x3210c0s25b1n0:60780:60803 [2] NCCL INFO Channel 01/0 : 42[85000] -> 39[c7000] [send] via NET/AWS Libfabric/1
x3210c0s31b0n0:12100:12125 [0] NCCL INFO Channel 00/0 : 40[7000] -> 44[7000] [receive] via NET/AWS Libfabric/3
x3210c0s31b0n0:12101:12123 [1] NCCL INFO Channel 02/0 : 45[46000] -> 52[7000] [send] via NET/AWS Libfabric/3
x3209c0s31b1n0:5396:5434 [2] NCCL INFO Channel 02 : 2[85000] -> 1[46000] via P2P/IPC/read
x3210c0s1b0n0:6791:6814 [2] NCCL INFO Channel 03/0 : 30[85000] -> 47[c7000] [send] via NET/AWS Libfabric/1
x3211c0s25b1n0:10033:10055 [1] NCCL INFO Channel 02/0 : 88[7000] -> 85[46000] [receive] via NET/AWS Libfabric/3
x3211c0s13b1n0:4804:4827 [3] NCCL INFO Channel 03/0 : 31[c7000] -> 63[c7000] [receive] via NET/AWS Libfabric/1
x3211c0s31b0n0:30427:30448 [2] NCCL INFO Channel 01/0 : 87[c7000] -> 90[85000] [receive] via NET/AWS Libfabric/1
x3209c0s31b1n0:5394:5433 [0] NCCL INFO Channel 03 : 0[7000] -> 1[46000] via P2P/IPC/read
x3212c0s13b1n0:43790:43812 [1] NCCL INFO Channel 03 : 101[46000] -> 102[85000] via P2P/IPC/read
x3209c0s7b0n0:13327:13346 [1] NCCL INFO Channel 01 : 13[46000] -> 14[85000] via P2P/IPC/read
x3210c0s13b0n0:65189:65214 [0] NCCL INFO Channel 03 : 16[7000] -> 17[46000] via P2P/IPC/read
x3212c0s25b0n0:53672:53691 [3] NCCL INFO Channel 03/0 : 118[85000] -> 123[c7000] [receive] via NET/AWS Libfabric/1
x3211c0s31b1n0:35907:35928 [3] NCCL INFO Channel 03/0 : 79[c7000] -> 95[c7000] [receive] via NET/AWS Libfabric/1
x3211c0s31b0n0:30425:30450 [0] NCCL INFO Channel 00/0 : 88[7000] -> 92[7000] [send] via NET/AWS Libfabric/3
x3210c0s1b0n0:6792:6812 [3] NCCL INFO Channel 01/0 : 27[c7000] -> 31[c7000] [receive] via NET/AWS Libfabric/1
x3210c0s31b0n0:12102:12124 [2] NCCL INFO Channel 03/0 : 46[85000] -> 55[c7000] [send] via NET/AWS Libfabric/1
x3212c0s1b1n0:11650:11675 [0] NCCL INFO Channel 03 : 116[7000] -> 117[46000] via P2P/IPC/read
x3212c0s1b1n0:11652:11674 [2] NCCL INFO Channel 00 : 118[85000] -> 119[c7000] via P2P/IPC/read
x3211c0s1b0n0:48749:48770 [2] NCCL INFO Channel 01/0 : 74[85000] -> 71[c7000] [send] via NET/AWS Libfabric/1
x3210c0s25b0n0:53289:53315 [0] NCCL INFO Channel 02/0 : 36[7000] -> 44[7000] [send] via NET/AWS Libfabric/3
x3212c0s1b1n0:11652:11674 [2] NCCL INFO Channel 01 : 118[85000] -> 119[c7000] via P2P/IPC/read
x3212c0s1b1n0:11652:11674 [2] NCCL INFO Channel 02 : 118[85000] -> 119[c7000] via P2P/IPC/read
x3212c0s1b1n0:11652:11674 [2] NCCL INFO Channel 03 : 118[85000] -> 119[c7000] via P2P/IPC/read
x3211c0s1b0n0:48747:48773 [0] NCCL INFO Channel 00/0 : 72[7000] -> 81[46000] [send] via NET/AWS Libfabric/3
x3212c0s1b0n0:36998:37022 [0] NCCL INFO Channel 02/0 : 112[7000] -> 116[7000] [send] via NET/AWS Libfabric/3
x3212c0s19b0n0:34945:34967 [2] NCCL INFO Channel 01/0 : 106[85000] -> 103[c7000] [send] via NET/AWS Libfabric/1
x3209c0s37b0n0:50837:50860 [3] NCCL INFO Channel 01/0 : 7[c7000] -> 10[85000] [send] via NET/AWS Libfabric/1
x3209c0s37b1n0:24896:24918 [1] NCCL INFO Channel 00/0 : 4[7000] -> 9[46000] [receive] via NET/AWS Libfabric/3
x3211c0s31b0n0:30428:30449 [3] NCCL INFO Channel 03/0 : 86[85000] -> 91[c7000] [receive] via NET/AWS Libfabric/1
x3211c0s1b0n0:48750:48772 [3] NCCL INFO Channel 03/0 : 70[85000] -> 75[c7000] [receive] via NET/AWS Libfabric/1
x3211c0s19b1n0:30523:30548 [0] NCCL INFO Channel 00/0 : 68[7000] -> 73[46000] [send] via NET/AWS Libfabric/3
x3210c0s37b0n0:21641:21663 [3] NCCL INFO Channel 03/0 : 51[c7000] -> 55[c7000] [receive] via NET/AWS Libfabric/1
x3210c0s1b1n0:39560:39578 [3] NCCL INFO Channel 01/0 : 35[c7000] -> 51[c7000] [send] via NET/AWS Libfabric/1
x3209c0s37b1n0:24898:24917 [3] NCCL INFO Channel 01/0 : 11[c7000] -> 15[c7000] [send] via NET/AWS Libfabric/1
x3211c0s19b0n0:51761:51787 [0] NCCL INFO Channel 00/0 : 64[7000] -> 96[7000] [send] via NET/AWS Libfabric/3
x3210c0s37b0n0:21639:21662 [1] NCCL INFO Channel 02/0 : 56[7000] -> 53[46000] [receive] via NET/AWS Libfabric/3
x3212c0s1b0n0:36999:37020 [1] NCCL INFO Channel 00/0 : 104[7000] -> 113[46000] [receive] via NET/AWS Libfabric/3
x3212c0s31b0n0:3976:3996 [3] NCCL INFO Channel 03/0 : 63[c7000] -> 127[c7000] [receive] via NET/AWS Libfabric/1
x3212c0s19b1n0:18013:18033 [2] NCCL INFO Channel 00 : 110[85000] -> 111[c7000] via P2P/IPC/read
x3212c0s19b1n0:18012:18035 [1] NCCL INFO Channel 01 : 109[46000] -> 110[85000] via P2P/IPC/read
x3211c0s13b0n0:28138:28161 [2] NCCL INFO Channel 01/0 : 58[85000] -> 55[c7000] [send] via NET/AWS Libfabric/1
x3212c0s1b0n0:37001:37023 [3] NCCL INFO Channel 03/0 : 115[c7000] -> 119[c7000] [send] via NET/AWS Libfabric/1
x3211c0s19b0n0:51765:51785 [2] NCCL INFO Channel 01 : 66[85000] -> 67[c7000] via P2P/IPC/read
x3212c0s13b1n0:43792:43814 [3] NCCL INFO Channel 03/0 : 99[c7000] -> 103[c7000] [receive] via NET/AWS Libfabric/1
x3210c0s13b0n0:65190:65212 [1] NCCL INFO Channel 00 : 17[46000] -> 18[85000] via P2P/IPC/read
x3210c0s13b1n0:15058:15082 [0] NCCL INFO Channel 02/0 : 16[7000] -> 20[7000] [receive] via NET/AWS Libfabric/3
x3210c0s13b1n0:15062:15084 [2] NCCL INFO Channel 01 : 22[85000] -> 23[c7000] via P2P/IPC/read
x3212c0s1b1n0:11653:11673 [3] NCCL INFO Channel 01/0 : 119[c7000] -> 122[85000] [send] via NET/AWS Libfabric/1
x3209c0s7b0n0:13327:13346 [1] NCCL INFO Channel 02 : 13[46000] -> 14[85000] via P2P/IPC/read
x3210c0s25b1n0:60778:60802 [0] NCCL INFO Channel 00/0 : 40[7000] -> 49[46000] [send] via NET/AWS Libfabric/3
x3212c0s19b1n0:18012:18035 [1] NCCL INFO Channel 02 : 109[46000] -> 110[85000] via P2P/IPC/read
x3212c0s13b1n0:43791:43815 [2] NCCL INFO Channel 03/0 : 102[85000] -> 107[c7000] [send] via NET/AWS Libfabric/1
x3211c0s25b0n0:34056:34079 [1] NCCL INFO Channel 00/0 : 81[46000] -> 72[7000] [send] via NET/AWS Libfabric/3
x3209c0s7b0n0:13327:13346 [1] NCCL INFO Channel 03 : 13[46000] -> 14[85000] via P2P/IPC/read
x3212c0s13b1n0:43789:43813 [0] NCCL INFO Channel 02/0 : 96[7000] -> 100[7000] [receive] via NET/AWS Libfabric/3
x3212c0s13b0n0:19524:19547 [1] NCCL INFO Channel 00 : 97[46000] -> 98[85000] via P2P/IPC/read
x3211c0s1b1n0:46714:46733 [3] NCCL INFO Channel 03/0 : 71[c7000] -> 79[c7000] [receive] via NET/AWS Libfabric/1
x3210c0s25b1n0:60781:60801 [3] NCCL INFO Channel 03/0 : 38[85000] -> 43[c7000] [receive] via NET/AWS Libfabric/1
x3211c0s13b0n0:28136:28162 [0] NCCL INFO Channel 00/0 : 56[7000] -> 60[7000] [send] via NET/AWS Libfabric/3
x3211c0s13b0n0:28139:28159 [3] NCCL INFO Channel 01/0 : 51[c7000] -> 59[c7000] [receive] via NET/AWS Libfabric/1
x3210c0s37b0n0:21640:21664 [2] NCCL INFO Channel 03/0 : 59[c7000] -> 54[85000] [receive] via NET/AWS Libfabric/1
x3211c0s25b0n0:34055:34080 [0] NCCL INFO Channel 00/0 : 80[7000] -> 88[7000] [send] via NET/AWS Libfabric/3
x3209c0s37b1n0:24898:24917 [3] NCCL INFO Channel 03/0 : 6[85000] -> 11[c7000] [receive] via NET/AWS Libfabric/1
x3211c0s31b1n0:35904:35927 [0] NCCL INFO Channel 02/0 : 76[7000] -> 92[7000] [receive] via NET/AWS Libfabric/3
x3211c0s25b1n0:10035:10058 [3] NCCL INFO Channel 03/0 : 83[c7000] -> 87[c7000] [receive] via NET/AWS Libfabric/1
x3210c0s31b0n0:12100:12125 [0] NCCL INFO Channel 02/0 : 36[7000] -> 44[7000] [receive] via NET/AWS Libfabric/3
x3211c0s25b1n0:10032:10057 [0] NCCL INFO Channel 00/0 : 84[7000] -> 89[46000] [send] via NET/AWS Libfabric/3
x3211c0s1b1n0:46711:46736 [0] NCCL INFO Channel 02/0 : 68[7000] -> 76[7000] [receive] via NET/AWS Libfabric/3
x3209c0s37b1n0:24897:24916 [2] NCCL INFO Channel 01/0 : 7[c7000] -> 10[85000] [receive] via NET/AWS Libfabric/1
x3212c0s31b0n0:3976:3996 [3] NCCL INFO Channel 03/0 : 127[c7000] -> 63[c7000] [send] via NET/AWS Libfabric/1
x3209c0s7b0n0:13325:13349 [0] NCCL INFO Channel 00/0 : 8[7000] -> 12[7000] [receive] via NET/AWS Libfabric/3
x3212c0s13b1n0:43790:43812 [1] NCCL INFO Channel 02/0 : 101[46000] -> 104[7000] [send] via NET/AWS Libfabric/3
x3212c0s19b1n0:18013:18033 [2] NCCL INFO Channel 01 : 110[85000] -> 111[c7000] via P2P/IPC/read
x3210c0s13b0n0:65190:65212 [1] NCCL INFO Channel 01 : 17[46000] -> 18[85000] via P2P/IPC/read
x3211c0s1b0n0:48748:48771 [1] NCCL INFO Channel 00/0 : 73[46000] -> 68[7000] [send] via NET/AWS Libfabric/3
x3212c0s13b0n0:19526:19549 [3] NCCL INFO Channel 01/0 : 99[c7000] -> 115[c7000] [send] via NET/AWS Libfabric/1
x3211c0s19b1n0:30523:30548 [0] NCCL INFO Channel 02/0 : 68[7000] -> 76[7000] [send] via NET/AWS Libfabric/3
x3211c0s19b0n0:51765:51785 [2] NCCL INFO Channel 02 : 66[85000] -> 67[c7000] via P2P/IPC/read
x3210c0s31b1n0:1944:1967 [3] NCCL INFO Channel 01/0 : 51[c7000] -> 59[c7000] [send] via NET/AWS Libfabric/1
x3210c0s25b0n0:53292:53316 [3] NCCL INFO Channel 03/0 : 39[c7000] -> 47[c7000] [send] via NET/AWS Libfabric/1
x3211c0s13b0n0:28137:28160 [1] NCCL INFO Channel 00/0 : 57[46000] -> 52[7000] [send] via NET/AWS Libfabric/3
x3211c0s19b1n0:30525:30549 [2] NCCL INFO Channel 03/0 : 75[c7000] -> 70[85000] [receive] via NET/AWS Libfabric/1
x3210c0s13b1n0:15062:15084 [2] NCCL INFO Channel 02 : 22[85000] -> 23[c7000] via P2P/IPC/read
x3210c0s31b0n0:12103:12122 [3] NCCL INFO Channel 03/0 : 39[c7000] -> 47[c7000] [receive] via NET/AWS Libfabric/1
x3212c0s19b1n0:18012:18035 [1] NCCL INFO Channel 03 : 109[46000] -> 110[85000] via P2P/IPC/read
x3210c0s19b1n0:16204:16227 [3] NCCL INFO Channel 03/0 : 22[85000] -> 27[c7000] [receive] via NET/AWS Libfabric/1
x3209c0s7b0n0:13328:13347 [2] NCCL INFO Channel 03/0 : 14[85000] -> 23[c7000] [send] via NET/AWS Libfabric/1
x3211c0s31b0n0:30427:30448 [2] NCCL INFO Channel 01/0 : 90[85000] -> 87[c7000] [send] via NET/AWS Libfabric/1
x3212c0s1b0n0:37000:37021 [2] NCCL INFO Channel 01/0 : 107[c7000] -> 114[85000] [receive] via NET/AWS Libfabric/1
x3210c0s31b1n0:1942:1965 [1] NCCL INFO Channel 00/0 : 49[46000] -> 40[7000] [send] via NET/AWS Libfabric/3
x3212c0s25b0n0:53671:53690 [2] NCCL INFO Channel 01/0 : 122[85000] -> 119[c7000] [send] via NET/AWS Libfabric/1
x3210c0s37b0n0:21638:21661 [0] NCCL INFO Channel 02/0 : 45[46000] -> 52[7000] [receive] via NET/AWS Libfabric/3
x3211c0s1b0n0:48747:48773 [0] NCCL INFO Channel 00/0 : 81[46000] -> 72[7000] [receive] via NET/AWS Libfabric/3
x3211c0s13b0n0:28136:28162 [0] NCCL INFO Channel 00/0 : 48[7000] -> 56[7000] [receive] via NET/AWS Libfabric/3
x3212c0s13b0n0:19524:19547 [1] NCCL INFO Channel 01 : 97[46000] -> 98[85000] via P2P/IPC/read
x3209c0s31b1n0:5394:5433 [0] NCCL INFO Channel 02/0 : 0[7000] -> 4[7000] [send] via NET/AWS Libfabric/3
x3212c0s1b1n0:11651:11672 [1] NCCL INFO Channel 00 : 117[46000] -> 118[85000] via P2P/IPC/read
x3212c0s1b1n0:11653:11673 [3] NCCL INFO Channel 03/0 : 115[c7000] -> 119[c7000] [receive] via NET/AWS Libfabric/1
x3209c0s7b0n0:13327:13346 [1] NCCL INFO Channel 02/0 : 13[46000] -> 20[7000] [send] via NET/AWS Libfabric/3
x3212c0s13b1n0:43792:43814 [3] NCCL INFO Channel 03/0 : 103[c7000] -> 111[c7000] [send] via NET/AWS Libfabric/1
x3210c0s25b1n0:60778:60802 [0] NCCL INFO Channel 00/0 : 49[46000] -> 40[7000] [receive] via NET/AWS Libfabric/3
x3211c0s31b0n0:30425:30450 [0] NCCL INFO Channel 00/0 : 80[7000] -> 88[7000] [receive] via NET/AWS Libfabric/3
x3211c0s31b0n0:30426:30451 [1] NCCL INFO Channel 00/0 : 89[46000] -> 84[7000] [send] via NET/AWS Libfabric/3
x3210c0s25b0n0:53289:53315 [0] NCCL INFO Channel 02/0 : 44[7000] -> 36[7000] [receive] via NET/AWS Libfabric/3
x3210c0s25b0n0:53292:53316 [3] NCCL INFO Channel 03/0 : 47[c7000] -> 39[c7000] [receive] via NET/AWS Libfabric/1
x3211c0s13b1n0:4801:4825 [0] NCCL INFO Channel 02/0 : 28[7000] -> 60[7000] [receive] via NET/AWS Libfabric/3
x3211c0s1b0n0:48750:48772 [3] NCCL INFO Channel 01/0 : 75[c7000] -> 82[85000] [send] via NET/AWS Libfabric/1
x3211c0s25b1n0:10032:10057 [0] NCCL INFO Channel 02/0 : 77[46000] -> 84[7000] [receive] via NET/AWS Libfabric/3
x3209c0s7b0n0:13329:13348 [3] NCCL INFO Channel 03/0 : 7[c7000] -> 15[c7000] [receive] via NET/AWS Libfabric/1
x3210c0s1b0n0:6792:6812 [3] NCCL INFO Channel 03/0 : 15[c7000] -> 31[c7000] [receive] via NET/AWS Libfabric/1
x3212c0s19b1n0:18013:18033 [2] NCCL INFO Channel 02 : 110[85000] -> 111[c7000] via P2P/IPC/read
x3211c0s19b1n0:30523:30548 [0] NCCL INFO Channel 02/0 : 76[7000] -> 68[7000] [receive] via NET/AWS Libfabric/3
x3211c0s19b0n0:51765:51785 [2] NCCL INFO Channel 03 : 66[85000] -> 67[c7000] via P2P/IPC/read
x3211c0s25b0n0:34058:34081 [3] NCCL INFO Channel 01/0 : 83[c7000] -> 91[c7000] [send] via NET/AWS Libfabric/1
x3210c0s13b0n0:65190:65212 [1] NCCL INFO Channel 02 : 17[46000] -> 18[85000] via P2P/IPC/read
x3210c0s13b1n0:15062:15084 [2] NCCL INFO Channel 03 : 22[85000] -> 23[c7000] via P2P/IPC/read
x3209c0s37b0n0:50837:50860 [3] NCCL INFO Channel 03/0 : 3[c7000] -> 7[c7000] [receive] via NET/AWS Libfabric/1
x3209c0s31b1n0:5395:5435 [1] NCCL INFO Connected all trees
x3209c0s31b1n0:5395:5435 [1] NCCL INFO NCCL_NTHREADS set by environment to 64.
x3209c0s31b1n0:5395:5435 [1] NCCL INFO NCCL_PROTO set by environment to Simple
x3209c0s31b1n0:5395:5435 [1] NCCL INFO NCCL_ALGO set by environment to TREE
x3209c0s31b1n0:5395:5435 [1] NCCL INFO threadThresholds 8/8/64 | 1024/8/64 | 8/8/64 | 8/8/512
x3209c0s31b1n0:5395:5435 [1] NCCL INFO 4 coll channels, 4 p2p channels, 2 p2p channels per peer
x3210c0s25b1n0:60781:60801 [3] NCCL INFO Channel 01/0 : 43[c7000] -> 50[85000] [send] via NET/AWS Libfabric/1
x3209c0s37b1n0:24894:24915 [0] NCCL INFO Channel 00/0 : 8[7000] -> 17[46000] [send] via NET/AWS Libfabric/3
x3211c0s31b0n0:30428:30449 [3] NCCL INFO Channel 01/0 : 83[c7000] -> 91[c7000] [receive] via NET/AWS Libfabric/1
x3212c0s1b1n0:11651:11672 [1] NCCL INFO Channel 01 : 117[46000] -> 118[85000] via P2P/IPC/read
x3212c0s19b0n0:34943:34968 [0] NCCL INFO Channel 00/0 : 104[7000] -> 108[7000] [send] via NET/AWS Libfabric/3
x3209c0s37b0n0:50834:50858 [0] NCCL INFO Channel 00/0 : 4[7000] -> 9[46000] [send] via NET/AWS Libfabric/3
x3209c0s7b0n0:13325:13349 [0] NCCL INFO Channel 02/0 : 4[7000] -> 12[7000] [receive] via NET/AWS Libfabric/3
x3212c0s13b0n0:19524:19547 [1] NCCL INFO Channel 02 : 97[46000] -> 98[85000] via P2P/IPC/read
x3210c0s25b0n0:53291:53314 [2] NCCL INFO Channel 03/0 : 43[c7000] -> 38[85000] [receive] via NET/AWS Libfabric/1
x3210c0s31b0n0:12100:12125 [0] NCCL INFO Channel 02/0 : 29[46000] -> 44[7000] [receive] via NET/AWS Libfabric/3
x3210c0s37b0n0:21641:21663 [3] NCCL INFO Channel 03/0 : 46[85000] -> 55[c7000] [receive] via NET/AWS Libfabric/1
x3209c0s31b1n0:5396:5434 [2] NCCL INFO Connected all trees
x3209c0s31b1n0:5396:5434 [2] NCCL INFO NCCL_NTHREADS set by environment to 64.
x3209c0s31b1n0:5396:5434 [2] NCCL INFO NCCL_PROTO set by environment to Simple
x3209c0s31b1n0:5396:5434 [2] NCCL INFO NCCL_ALGO set by environment to TREE
x3209c0s31b1n0:5396:5434 [2] NCCL INFO threadThresholds 8/8/64 | 1024/8/64 | 8/8/64 | 8/8/512
x3209c0s31b1n0:5396:5434 [2] NCCL INFO 4 coll channels, 4 p2p channels, 2 p2p channels per peer
x3211c0s1b0n0:48750:48772 [3] NCCL INFO Channel 01/0 : 82[85000] -> 75[c7000] [receive] via NET/AWS Libfabric/1
x3212c0s1b0n0:37001:37023 [3] NCCL INFO Channel 01/0 : 115[c7000] -> 123[c7000] [send] via NET/AWS Libfabric/1
x3211c0s1b1n0:46712:46735 [1] NCCL INFO Channel 02/0 : 84[7000] -> 77[46000] [receive] via NET/AWS Libfabric/3
x3211c0s25b0n0:34057:34078 [2] NCCL INFO Channel 01/0 : 82[85000] -> 75[c7000] [send] via NET/AWS Libfabric/1
x3212c0s13b1n0:43790:43812 [1] NCCL INFO Channel 02/0 : 104[7000] -> 101[46000] [receive] via NET/AWS Libfabric/3
x3209c0s37b0n0:50834:50858 [0] NCCL INFO Channel 02/0 : 4[7000] -> 12[7000] [send] via NET/AWS Libfabric/3
x3210c0s31b0n0:12103:12122 [3] NCCL INFO Channel 03/0 : 30[85000] -> 47[c7000] [receive] via NET/AWS Libfabric/1
x3212c0s19b1n0:18013:18033 [2] NCCL INFO Channel 03 : 110[85000] -> 111[c7000] via P2P/IPC/read
x3209c0s31b1n0:5394:5433 [0] NCCL INFO Channel 00/0 : 64[7000] -> 0[7000] [receive] via NET/AWS Libfabric/3
x3211c0s1b1n0:46711:46736 [0] NCCL INFO Channel 02/0 : 76[7000] -> 92[7000] [send] via NET/AWS Libfabric/3
x3211c0s25b1n0:10034:10056 [2] NCCL INFO Channel 03/0 : 91[c7000] -> 86[85000] [receive] via NET/AWS Libfabric/1
x3211c0s25b0n0:34057:34078 [2] NCCL INFO Channel 00 : 82[85000] -> 81[46000] via P2P/IPC/read
x3209c0s37b1n0:24897:24916 [2] NCCL INFO Channel 01/0 : 10[85000] -> 7[c7000] [send] via NET/AWS Libfabric/1
x3210c0s13b0n0:65190:65212 [1] NCCL INFO Channel 03 : 17[46000] -> 18[85000] via P2P/IPC/read
x3211c0s25b1n0:10035:10058 [3] NCCL INFO Channel 03/0 : 78[85000] -> 87[c7000] [receive] via NET/AWS Libfabric/1
x3211c0s13b0n0:28136:28162 [0] NCCL INFO Channel 00/0 : 56[7000] -> 48[7000] [send] via NET/AWS Libfabric/3
x3211c0s1b0n0:48747:48773 [0] NCCL INFO Channel 00/0 : 76[7000] -> 72[7000] [receive] via NET/AWS Libfabric/3
x3209c0s31b1n0:5397:5436 [3] NCCL INFO Channel 01/0 : 67[c7000] -> 3[c7000] [receive] via NET/AWS Libfabric/1
x3210c0s31b1n0:1944:1967 [3] NCCL INFO Channel 01/0 : 35[c7000] -> 51[c7000] [receive] via NET/AWS Libfabric/1
x3211c0s13b0n0:28139:28159 [3] NCCL INFO Channel 01/0 : 59[c7000] -> 51[c7000] [send] via NET/AWS Libfabric/1
x3211c0s25b0n0:34055:34080 [0] NCCL INFO Channel 00/0 : 80[7000] -> 97[46000] [send] via NET/AWS Libfabric/3
x3211c0s25b0n0:34057:34078 [2] NCCL INFO Channel 02 : 82[85000] -> 81[46000] via P2P/IPC/read
x3212c0s19b1n0:18011:18036 [0] NCCL INFO Channel 00/0 : 104[7000] -> 108[7000] [receive] via NET/AWS Libfabric/3
x3211c0s25b1n0:10032:10057 [0] NCCL INFO Channel 02/0 : 84[7000] -> 77[46000] [send] via NET/AWS Libfabric/3
x3210c0s37b0n0:21638:21661 [0] NCCL INFO Channel 02/0 : 52[7000] -> 45[46000] [send] via NET/AWS Libfabric/3
x3212c0s1b1n0:11653:11673 [3] NCCL INFO Channel 03/0 : 110[85000] -> 119[c7000] [receive] via NET/AWS Libfabric/1
x3210c0s31b0n0:12102:12124 [2] NCCL INFO Channel 03/0 : 55[c7000] -> 46[85000] [receive] via NET/AWS Libfabric/1
x3209c0s37b1n0:24898:24917 [3] NCCL INFO Channel 01/0 : 11[c7000] -> 18[85000] [send] via NET/AWS Libfabric/1
x3209c0s37b1n0:24896:24918 [1] NCCL INFO Channel 00/0 : 9[46000] -> 4[7000] [send] via NET/AWS Libfabric/3
x3211c0s19b0n0:51767:51786 [3] NCCL INFO Channel 03/0 : 67[c7000] -> 71[c7000] [send] via NET/AWS Libfabric/1
x3210c0s25b1n0:60778:60802 [0] NCCL INFO Channel 00/0 : 44[7000] -> 40[7000] [receive] via NET/AWS Libfabric/3
x3211c0s31b0n0:30425:30450 [0] NCCL INFO Channel 00/0 : 88[7000] -> 80[7000] [send] via NET/AWS Libfabric/3
x3210c0s31b0n0:12101:12123 [1] NCCL INFO Channel 02/0 : 52[7000] -> 45[46000] [receive] via NET/AWS Libfabric/3
x3212c0s13b0n0:19524:19547 [1] NCCL INFO Channel 03 : 97[46000] -> 98[85000] via P2P/IPC/read
x3211c0s25b0n0:34056:34079 [1] NCCL INFO Connected all trees
x3211c0s25b0n0:34056:34079 [1] NCCL INFO NCCL_NTHREADS set by environment to 64.
x3211c0s25b0n0:34056:34079 [1] NCCL INFO NCCL_PROTO set by environment to Simple
x3211c0s25b0n0:34056:34079 [1] NCCL INFO NCCL_ALGO set by environment to TREE
x3211c0s25b0n0:34056:34079 [1] NCCL INFO threadThresholds 8/8/64 | 1024/8/64 | 8/8/64 | 8/8/512
x3211c0s25b0n0:34056:34079 [1] NCCL INFO 4 coll channels, 4 p2p channels, 2 p2p channels per peer
x3211c0s25b0n0:34057:34078 [2] NCCL INFO Connected all trees
x3211c0s25b0n0:34057:34078 [2] NCCL INFO NCCL_NTHREADS set by environment to 64.
x3211c0s25b0n0:34057:34078 [2] NCCL INFO NCCL_PROTO set by environment to Simple
x3211c0s25b0n0:34057:34078 [2] NCCL INFO NCCL_ALGO set by environment to TREE
x3211c0s25b0n0:34057:34078 [2] NCCL INFO threadThresholds 8/8/64 | 1024/8/64 | 8/8/64 | 8/8/512
x3211c0s25b0n0:34057:34078 [2] NCCL INFO 4 coll channels, 4 p2p channels, 2 p2p channels per peer
x3212c0s1b1n0:11651:11672 [1] NCCL INFO Channel 02 : 117[46000] -> 118[85000] via P2P/IPC/read
x3210c0s1b0n0:6790:6813 [1] NCCL INFO Channel 02/0 : 44[7000] -> 29[46000] [receive] via NET/AWS Libfabric/3
x3211c0s19b0n0:51763:51788 [1] NCCL INFO Channel 00/0 : 32[7000] -> 65[46000] [receive] via NET/AWS Libfabric/3
x3210c0s31b1n0:1941:1966 [0] NCCL INFO Channel 00/0 : 32[7000] -> 48[7000] [receive] via NET/AWS Libfabric/3
x3210c0s31b1n0:1943:1964 [2] NCCL INFO Channel 01/0 : 50[85000] -> 43[c7000] [send] via NET/AWS Libfabric/1
x3210c0s13b1n0:15064:15083 [3] NCCL INFO Channel 01/0 : 23[c7000] -> 26[85000] [send] via NET/AWS Libfabric/1
x3209c0s37b0n0:50836:50861 [2] NCCL INFO Channel 03/0 : 11[c7000] -> 6[85000] [receive] via NET/AWS Libfabric/1
x3210c0s25b1n0:60781:60801 [3] NCCL INFO Channel 01/0 : 50[85000] -> 43[c7000] [receive] via NET/AWS Libfabric/1
x3210c0s13b1n0:15060:15085 [1] NCCL INFO Channel 02/0 : 21[46000] -> 24[7000] [send] via NET/AWS Libfabric/3
x3211c0s1b0n0:48750:48772 [3] NCCL INFO Channel 03/0 : 75[c7000] -> 70[85000] [send] via NET/AWS Libfabric/1
x3209c0s37b0n0:50837:50860 [3] NCCL INFO Channel 03/0 : 7[c7000] -> 15[c7000] [send] via NET/AWS Libfabric/1
x3210c0s13b1n0:15062:15084 [2] NCCL INFO Channel 03/0 : 22[85000] -> 27[c7000] [send] via NET/AWS Libfabric/1
x3211c0s25b1n0:10032:10057 [0] NCCL INFO Channel 00/0 : 89[46000] -> 84[7000] [receive] via NET/AWS Libfabric/3
x3210c0s37b0n0:21638:21661 [0] NCCL INFO Channel 00/0 : 57[46000] -> 52[7000] [receive] via NET/AWS Libfabric/3
x3209c0s31b1n0:5394:5433 [0] NCCL INFO Channel 00/0 : 0[7000] -> 64[7000] [send] via NET/AWS Libfabric/3
x3211c0s19b0n0:51767:51786 [3] NCCL INFO Channel 01/0 : 67[c7000] -> 99[c7000] [send] via NET/AWS Libfabric/1
x3210c0s37b0n0:21641:21663 [3] NCCL INFO Channel 03/0 : 55[c7000] -> 46[85000] [send] via NET/AWS Libfabric/1
x3209c0s31b1n0:5397:5436 [3] NCCL INFO Channel 01/0 : 3[c7000] -> 67[c7000] [send] via NET/AWS Libfabric/1
x3210c0s31b0n0:12100:12125 [0] NCCL INFO Channel 02/0 : 44[7000] -> 29[46000] [send] via NET/AWS Libfabric/3
x3210c0s1b0n0:6791:6814 [2] NCCL INFO Channel 03/0 : 47[c7000] -> 30[85000] [receive] via NET/AWS Libfabric/1
x3212c0s19b0n0:34943:34968 [0] NCCL INFO Channel 00/0 : 104[7000] -> 113[46000] [send] via NET/AWS Libfabric/3
x3211c0s31b0n0:30428:30449 [3] NCCL INFO Channel 01/0 : 91[c7000] -> 83[c7000] [send] via NET/AWS Libfabric/1
x3210c0s31b1n0:1943:1964 [2] NCCL INFO Channel 00 : 50[85000] -> 49[46000] via P2P/IPC/read
x3209c0s37b0n0:50834:50858 [0] NCCL INFO Channel 02/0 : 12[7000] -> 4[7000] [receive] via NET/AWS Libfabric/3
x3212c0s1b1n0:11651:11672 [1] NCCL INFO Channel 03 : 117[46000] -> 118[85000] via P2P/IPC/read
x3211c0s1b1n0:46711:46736 [0] NCCL INFO Channel 02/0 : 92[7000] -> 76[7000] [receive] via NET/AWS Libfabric/3
x3211c0s31b1n0:35904:35927 [0] NCCL INFO Channel 02/0 : 61[46000] -> 92[7000] [receive] via NET/AWS Libfabric/3
x3211c0s19b1n0:30525:30549 [2] NCCL INFO Channel 00 : 70[85000] -> 69[46000] via P2P/IPC/read
x3211c0s25b0n0:34058:34081 [3] NCCL INFO Channel 01/0 : 83[c7000] -> 98[85000] [send] via NET/AWS Libfabric/1
x3210c0s13b1n0:15064:15083 [3] NCCL INFO Channel 03/0 : 19[c7000] -> 23[c7000] [receive] via NET/AWS Libfabric/1
x3210c0s31b0n0:12103:12122 [3] NCCL INFO Channel 03/0 : 47[c7000] -> 30[85000] [send] via NET/AWS Libfabric/1
x3211c0s19b1n0:30526:30546 [3] NCCL INFO Channel 03/0 : 71[c7000] -> 79[c7000] [send] via NET/AWS Libfabric/1
x3209c0s7b0n0:13325:13349 [0] NCCL INFO Channel 02/0 : 12[7000] -> 28[7000] [send] via NET/AWS Libfabric/3
x3210c0s13b0n0:65189:65214 [0] NCCL INFO Channel 02/0 : 16[7000] -> 20[7000] [send] via NET/AWS Libfabric/3
x3212c0s19b1n0:18012:18035 [1] NCCL INFO Channel 02/0 : 109[46000] -> 116[7000] [send] via NET/AWS Libfabric/3
x3210c0s31b0n0:12102:12124 [2] NCCL INFO Channel 00 : 46[85000] -> 45[46000] via P2P/IPC/read
x3209c0s37b0n0:50837:50860 [3] NCCL INFO Channel 03/0 : 15[c7000] -> 7[c7000] [receive] via NET/AWS Libfabric/1
x3210c0s37b0n0:21641:21663 [3] NCCL INFO Channel 03/0 : 55[c7000] -> 51[c7000] [send] via NET/AWS Libfabric/1
x3211c0s19b0n0:51765:51785 [2] NCCL INFO Channel 01/0 : 35[c7000] -> 66[85000] [receive] via NET/AWS Libfabric/1
x3212c0s19b1n0:18014:18034 [3] NCCL INFO Channel 01/0 : 107[c7000] -> 111[c7000] [receive] via NET/AWS Libfabric/1
x3210c0s13b1n0:15060:15085 [1] NCCL INFO Channel 02/0 : 24[7000] -> 21[46000] [receive] via NET/AWS Libfabric/3
x3211c0s1b0n0:48750:48772 [3] NCCL INFO Channel 01/0 : 79[c7000] -> 75[c7000] [receive] via NET/AWS Libfabric/1
x3210c0s1b1n0:39560:39578 [3] NCCL INFO Channel 01/0 : 35[c7000] -> 66[85000] [send] via NET/AWS Libfabric/1
x3210c0s1b0n0:6791:6814 [2] NCCL INFO Channel 00 : 30[85000] -> 29[46000] via P2P/IPC/read
x3210c0s31b1n0:1943:1964 [2] NCCL INFO Channel 02 : 50[85000] -> 49[46000] via P2P/IPC/read
x3212c0s19b1n0:18013:18033 [2] NCCL INFO Channel 03/0 : 110[85000] -> 119[c7000] [send] via NET/AWS Libfabric/1
x3210c0s31b0n0:12103:12122 [3] NCCL INFO Channel 03/0 : 47[c7000] -> 39[c7000] [send] via NET/AWS Libfabric/1
x3210c0s31b0n0:12102:12124 [2] NCCL INFO Channel 02 : 46[85000] -> 45[46000] via P2P/IPC/read
x3210c0s13b0n0:65191:65215 [2] NCCL INFO Channel 01/0 : 11[c7000] -> 18[85000] [receive] via NET/AWS Libfabric/1
x3210c0s31b1n0:1941:1966 [0] NCCL INFO Channel 00/0 : 48[7000] -> 32[7000] [send] via NET/AWS Libfabric/3
x3212c0s13b0n0:19523:19546 [0] NCCL INFO Channel 02/0 : 96[7000] -> 100[7000] [send] via NET/AWS Libfabric/3
x3211c0s1b1n0:46713:46734 [2] NCCL INFO Channel 03/0 : 87[c7000] -> 78[85000] [receive] via NET/AWS Libfabric/1
x3209c0s7b0n0:13329:13348 [3] NCCL INFO Channel 03/0 : 15[c7000] -> 31[c7000] [send] via NET/AWS Libfabric/1
x3210c0s31b1n0:1944:1967 [3] NCCL INFO Channel 01/0 : 51[c7000] -> 35[c7000] [send] via NET/AWS Libfabric/1
x3210c0s25b1n0:60781:60801 [3] NCCL INFO Channel 03/0 : 43[c7000] -> 38[85000] [send] via NET/AWS Libfabric/1
x3210c0s1b1n0:39555:39580 [0] NCCL INFO Channel 00/0 : 32[7000] -> 65[46000] [send] via NET/AWS Libfabric/3
x3211c0s19b1n0:30525:30549 [2] NCCL INFO Channel 02 : 70[85000] -> 69[46000] via P2P/IPC/read
x3212c0s1b0n0:36999:37020 [1] NCCL INFO Channel 00/0 : 113[46000] -> 104[7000] [send] via NET/AWS Libfabric/3
x3210c0s31b1n0:1942:1965 [1] NCCL INFO Connected all trees
x3210c0s31b1n0:1942:1965 [1] NCCL INFO NCCL_NTHREADS set by environment to 64.
x3210c0s31b1n0:1942:1965 [1] NCCL INFO NCCL_PROTO set by environment to Simple
x3210c0s31b1n0:1942:1965 [1] NCCL INFO NCCL_ALGO set by environment to TREE
x3210c0s31b1n0:1942:1965 [1] NCCL INFO threadThresholds 8/8/64 | 1024/8/64 | 8/8/64 | 8/8/512
x3210c0s31b1n0:1942:1965 [1] NCCL INFO 4 coll channels, 4 p2p channels, 2 p2p channels per peer
x3210c0s31b1n0:1943:1964 [2] NCCL INFO Connected all trees
x3210c0s31b1n0:1943:1964 [2] NCCL INFO NCCL_NTHREADS set by environment to 64.
x3210c0s31b1n0:1943:1964 [2] NCCL INFO NCCL_PROTO set by environment to Simple
x3210c0s31b1n0:1943:1964 [2] NCCL INFO NCCL_ALGO set by environment to TREE
x3210c0s31b1n0:1943:1964 [2] NCCL INFO threadThresholds 8/8/64 | 1024/8/64 | 8/8/64 | 8/8/512
x3210c0s31b1n0:1943:1964 [2] NCCL INFO 4 coll channels, 4 p2p channels, 2 p2p channels per peer
x3210c0s31b0n0:12100:12125 [0] NCCL INFO Channel 02/0 : 44[7000] -> 36[7000] [send] via NET/AWS Libfabric/3
x3211c0s25b1n0:10035:10058 [3] NCCL INFO Channel 03/0 : 87[c7000] -> 78[85000] [send] via NET/AWS Libfabric/1
x3211c0s1b1n0:46714:46733 [3] NCCL INFO Channel 03/0 : 79[c7000] -> 95[c7000] [send] via NET/AWS Libfabric/1
x3210c0s19b1n0:16201:16226 [0] NCCL INFO Channel 00/0 : 24[7000] -> 28[7000] [send] via NET/AWS Libfabric/3
x3210c0s1b0n0:6791:6814 [2] NCCL INFO Channel 02 : 30[85000] -> 29[46000] via P2P/IPC/read
x3210c0s13b0n0:65189:65214 [0] NCCL INFO Channel 00/0 : 16[7000] -> 24[7000] [send] via NET/AWS Libfabric/3
x3212c0s19b1n0:18011:18036 [0] NCCL INFO Channel 02/0 : 100[7000] -> 108[7000] [receive] via NET/AWS Libfabric/3
x3210c0s37b0n0:21638:21661 [0] NCCL INFO Channel 02/0 : 52[7000] -> 48[7000] [send] via NET/AWS Libfabric/3
x3210c0s13b0n0:65192:65213 [3] NCCL INFO Channel 01/0 : 19[c7000] -> 27[c7000] [send] via NET/AWS Libfabric/1
x3210c0s13b0n0:65190:65212 [1] NCCL INFO Channel 00/0 : 8[7000] -> 17[46000] [receive] via NET/AWS Libfabric/3
x3210c0s19b1n0:16204:16227 [3] NCCL INFO Channel 01/0 : 19[c7000] -> 27[c7000] [receive] via NET/AWS Libfabric/1
x3210c0s13b1n0:15058:15082 [0] NCCL INFO Channel 00/0 : 20[7000] -> 25[46000] [send] via NET/AWS Libfabric/3
x3210c0s13b1n0:15062:15084 [2] NCCL INFO Channel 03/0 : 27[c7000] -> 22[85000] [receive] via NET/AWS Libfabric/1
x3212c0s13b0n0:19525:19548 [2] NCCL INFO Channel 01/0 : 83[c7000] -> 98[85000] [receive] via NET/AWS Libfabric/1
x3210c0s19b1n0:16203:16224 [2] NCCL INFO Channel 01/0 : 26[85000] -> 23[c7000] [send] via NET/AWS Libfabric/1
x3210c0s31b0n0:12101:12123 [1] NCCL INFO Connected all trees
x3210c0s31b0n0:12101:12123 [1] NCCL INFO NCCL_NTHREADS set by environment to 64.
x3210c0s31b0n0:12101:12123 [1] NCCL INFO NCCL_PROTO set by environment to Simple
x3210c0s31b0n0:12101:12123 [1] NCCL INFO NCCL_ALGO set by environment to TREE
x3210c0s31b0n0:12101:12123 [1] NCCL INFO threadThresholds 8/8/64 | 1024/8/64 | 8/8/64 | 8/8/512
x3210c0s31b0n0:12101:12123 [1] NCCL INFO 4 coll channels, 4 p2p channels, 2 p2p channels per peer
x3210c0s31b0n0:12102:12124 [2] NCCL INFO Connected all trees
x3210c0s31b0n0:12102:12124 [2] NCCL INFO NCCL_NTHREADS set by environment to 64.
x3210c0s31b0n0:12102:12124 [2] NCCL INFO NCCL_PROTO set by environment to Simple
x3210c0s31b0n0:12102:12124 [2] NCCL INFO NCCL_ALGO set by environment to TREE
x3210c0s31b0n0:12102:12124 [2] NCCL INFO threadThresholds 8/8/64 | 1024/8/64 | 8/8/64 | 8/8/512
x3210c0s31b0n0:12102:12124 [2] NCCL INFO 4 coll channels, 4 p2p channels, 2 p2p channels per peer
x3210c0s1b1n0:39555:39580 [0] NCCL INFO Channel 00/0 : 65[46000] -> 32[7000] [receive] via NET/AWS Libfabric/3
x3210c0s1b1n0:39560:39578 [3] NCCL INFO Channel 01/0 : 66[85000] -> 35[c7000] [receive] via NET/AWS Libfabric/1
x3210c0s1b0n0:6790:6813 [1] NCCL INFO Connected all trees
x3210c0s1b0n0:6790:6813 [1] NCCL INFO NCCL_NTHREADS set by environment to 64.
x3210c0s1b0n0:6790:6813 [1] NCCL INFO NCCL_PROTO set by environment to Simple
x3210c0s1b0n0:6790:6813 [1] NCCL INFO NCCL_ALGO set by environment to TREE
x3210c0s1b0n0:6790:6813 [1] NCCL INFO threadThresholds 8/8/64 | 1024/8/64 | 8/8/64 | 8/8/512
x3210c0s1b0n0:6790:6813 [1] NCCL INFO 4 coll channels, 4 p2p channels, 2 p2p channels per peer
x3210c0s1b0n0:6791:6814 [2] NCCL INFO Connected all trees
x3210c0s1b0n0:6791:6814 [2] NCCL INFO NCCL_NTHREADS set by environment to 64.
x3210c0s1b0n0:6791:6814 [2] NCCL INFO NCCL_PROTO set by environment to Simple
x3210c0s1b0n0:6791:6814 [2] NCCL INFO NCCL_ALGO set by environment to TREE
x3210c0s1b0n0:6791:6814 [2] NCCL INFO threadThresholds 8/8/64 | 1024/8/64 | 8/8/64 | 8/8/512
x3210c0s1b0n0:6791:6814 [2] NCCL INFO 4 coll channels, 4 p2p channels, 2 p2p channels per peer
x3212c0s1b1n0:11653:11673 [3] NCCL INFO Channel 03/0 : 119[c7000] -> 110[85000] [send] via NET/AWS Libfabric/1
x3212c0s13b0n0:19524:19547 [1] NCCL INFO Channel 00/0 : 80[7000] -> 97[46000] [receive] via NET/AWS Libfabric/3
x3212c0s19b0n0:34943:34968 [0] NCCL INFO Channel 00/0 : 113[46000] -> 104[7000] [receive] via NET/AWS Libfabric/3
x3212c0s1b1n0:11652:11674 [2] NCCL INFO Channel 03/0 : 118[85000] -> 123[c7000] [send] via NET/AWS Libfabric/1
x3211c0s19b1n0:30526:30546 [3] NCCL INFO Channel 03/0 : 79[c7000] -> 71[c7000] [receive] via NET/AWS Libfabric/1
x3211c0s1b1n0:46713:46734 [2] NCCL INFO Channel 00 : 78[85000] -> 77[46000] via P2P/IPC/read
x3211c0s25b1n0:10032:10057 [0] NCCL INFO Channel 02/0 : 84[7000] -> 80[7000] [send] via NET/AWS Libfabric/3
x3210c0s25b1n0:60781:60801 [3] NCCL INFO Channel 01/0 : 47[c7000] -> 43[c7000] [receive] via NET/AWS Libfabric/1
x3211c0s25b1n0:10035:10058 [3] NCCL INFO Channel 03/0 : 87[c7000] -> 83[c7000] [send] via NET/AWS Libfabric/1
x3210c0s31b0n0:12100:12125 [0] NCCL INFO Channel 00/0 : 44[7000] -> 40[7000] [send] via NET/AWS Libfabric/3
x3210c0s25b0n0:53291:53314 [2] NCCL INFO Channel 00 : 38[85000] -> 37[46000] via P2P/IPC/read
x3210c0s25b0n0:53292:53316 [3] NCCL INFO Channel 03/0 : 39[c7000] -> 35[c7000] [send] via NET/AWS Libfabric/1
x3210c0s13b1n0:15064:15083 [3] NCCL INFO Channel 03/0 : 14[85000] -> 23[c7000] [receive] via NET/AWS Libfabric/1
x3212c0s1b1n0:11650:11675 [0] NCCL INFO Channel 02/0 : 112[7000] -> 116[7000] [receive] via NET/AWS Libfabric/3
