x3209c0s19b0n0:31286:31313 [0] NCCL INFO Channel 00/0 : 8[7000] -> 17[46000] [send] via NET/AWS Libfabric/3
x3209c0s37b1n0:36157:36175 [2] NCCL INFO Channel 01/0 : 42[85000] -> 39[c7000] [send] via NET/AWS Libfabric/1
x3209c0s1b0n0:9087:9113 [0] NCCL INFO Channel 00/0 : 16[7000] -> 24[7000] [send] via NET/AWS Libfabric/3
x3209c0s7b0n0:36892:36915 [3] NCCL INFO Channel 03/0 : 39[c7000] -> 47[c7000] [receive] via NET/AWS Libfabric/1
x3211c0s31b1n0:9487:9512 [2] NCCL INFO Channel 01/0 : 75[c7000] -> 82[85000] [receive] via NET/AWS Libfabric/1
x3212c0s31b0n0:51945:51970 [3] NCCL INFO Channel 03/0 : 63[c7000] -> 127[c7000] [receive] via NET/AWS Libfabric/1
x3212c0s25b0n0:33680:33706 [1] NCCL INFO Channel 02/0 : 120[7000] -> 117[46000] [receive] via NET/AWS Libfabric/3
x3212c0s19b1n0:57594:57619 [1] NCCL INFO Channel 00/0 : 100[7000] -> 105[46000] [receive] via NET/AWS Libfabric/3
x3211c0s37b0n0:18587:18615 [0] NCCL INFO Channel 02/0 : 77[46000] -> 84[7000] [receive] via NET/AWS Libfabric/3
x3211c0s37b0n0:18589:18612 [2] NCCL INFO Channel 03/0 : 91[c7000] -> 86[85000] [receive] via NET/AWS Libfabric/1
x3211c0s37b0n0:18590:18613 [3] NCCL INFO Channel 03/0 : 78[85000] -> 87[c7000] [receive] via NET/AWS Libfabric/1
x3212c0s25b0n0:33682:33704 [3] NCCL INFO Channel 03/0 : 115[c7000] -> 119[c7000] [receive] via NET/AWS Libfabric/1
x3209c0s1b0n0:9090:9108 [2] NCCL INFO Channel 01 : 18[85000] -> 19[c7000] via P2P/IPC/read
x3209c0s25b1n0:32892:32917 [0] NCCL INFO Channel 00/0 : 16[7000] -> 24[7000] [receive] via NET/AWS Libfabric/3
x3212c0s25b1n0:42913:42939 [0] NCCL INFO Channel 00/0 : 120[7000] -> 124[7000] [send] via NET/AWS Libfabric/3
x3210c0s13b1n0:24521:24545 [3] NCCL INFO Channel 03/0 : 54[85000] -> 59[c7000] [receive] via NET/AWS Libfabric/1
x3210c0s19b0n0:52259:52282 [3] NCCL INFO Channel 03/0 : 31[c7000] -> 63[c7000] [receive] via NET/AWS Libfabric/1
x3212c0s19b1n0:57593:57618 [0] NCCL INFO Channel 02/0 : 101[46000] -> 104[7000] [receive] via NET/AWS Libfabric/3
x3209c0s19b0n0:31288:31310 [2] NCCL INFO Channel 01 : 10[85000] -> 11[c7000] via P2P/IPC/read
x3212c0s25b0n0:33681:33703 [2] NCCL INFO Channel 03/0 : 123[c7000] -> 118[85000] [receive] via NET/AWS Libfabric/1
x3209c0s37b0n0:30351:30374 [2] NCCL INFO Channel 03/0 : 43[c7000] -> 38[85000] [receive] via NET/AWS Libfabric/1
x3209c0s25b0n0:51301:51325 [0] NCCL INFO Channel 00/0 : 20[7000] -> 25[46000] [send] via NET/AWS Libfabric/3
x3209c0s37b1n0:36155:36178 [1] NCCL INFO Channel 00/0 : 41[46000] -> 36[7000] [send] via NET/AWS Libfabric/3
x3212c0s1b0n0:26899:26921 [1] NCCL INFO Channel 02 : 109[46000] -> 110[85000] via P2P/IPC/read
x3209c0s31b1n0:4589:4608 [3] NCCL INFO Channel 01/0 : 35[c7000] -> 51[c7000] [send] via NET/AWS Libfabric/1
x3210c0s7b1n0:30487:30512 [1] NCCL INFO Channel 02 : 73[46000] -> 74[85000] via P2P/IPC/read
x3212c0s25b0n0:33679:33707 [0] NCCL INFO Channel 02/0 : 109[46000] -> 116[7000] [receive] via NET/AWS Libfabric/3
x3211c0s7b0n0:15219:15243 [1] NCCL INFO Channel 01 : 93[46000] -> 94[85000] via P2P/IPC/read
x3209c0s37b0n0:30352:30373 [3] NCCL INFO Channel 03/0 : 39[c7000] -> 47[c7000] [send] via NET/AWS Libfabric/1
x3209c0s13b0n0:45998:46019 [2] NCCL INFO Channel 01 : 2[85000] -> 3[c7000] via P2P/IPC/read
x3210c0s7b1n0:30489:30511 [3] NCCL INFO Channel 01/0 : 75[c7000] -> 79[c7000] [send] via NET/AWS Libfabric/1
x3210c0s13b0n0:49279:49305 [2] NCCL INFO Channel 03 : 54[85000] -> 55[c7000] via P2P/IPC/read
x3209c0s7b1n0:61562:61588 [1] NCCL INFO Channel 01 : 49[46000] -> 50[85000] via P2P/IPC/read
x3212c0s31b0n0:51945:51970 [3] NCCL INFO Channel 03/0 : 127[c7000] -> 63[c7000] [send] via NET/AWS Libfabric/1
x3211c0s37b1n0:47772:47796 [1] NCCL INFO Channel 00/0 : 89[46000] -> 84[7000] [send] via NET/AWS Libfabric/3
x3211c0s31b0n0:15905:15926 [2] NCCL INFO Channel 03/0 : 78[85000] -> 87[c7000] [send] via NET/AWS Libfabric/1
x3210c0s1b0n0:18620:18646 [0] NCCL INFO Channel 00/0 : 64[7000] -> 96[7000] [send] via NET/AWS Libfabric/3
x3209c0s37b1n0:36158:36176 [3] NCCL INFO Channel 01/0 : 43[c7000] -> 50[85000] [send] via NET/AWS Libfabric/1
x3212c0s13b1n0:51929:51957 [0] NCCL INFO Channel 02/0 : 100[7000] -> 108[7000] [send] via NET/AWS Libfabric/3
x3209c0s13b0n0:45996:46018 [0] NCCL INFO Channel 00/0 : 0[7000] -> 64[7000] [send] via NET/AWS Libfabric/3
x3209c0s25b0n0:51301:51325 [0] NCCL INFO Channel 02/0 : 13[46000] -> 20[7000] [receive] via NET/AWS Libfabric/3
x3209c0s25b1n0:32894:32918 [2] NCCL INFO Channel 01/0 : 23[c7000] -> 26[85000] [receive] via NET/AWS Libfabric/1
x3212c0s1b1n0:9085:9112 [2] NCCL INFO Channel 01/0 : 107[c7000] -> 114[85000] [receive] via NET/AWS Libfabric/1
x3209c0s37b1n0:36153:36177 [0] NCCL INFO Channel 00/0 : 40[7000] -> 49[46000] [send] via NET/AWS Libfabric/3
x3212c0s13b1n0:51931:51954 [1] NCCL INFO Channel 02/0 : 104[7000] -> 101[46000] [receive] via NET/AWS Libfabric/3
x3212c0s13b1n0:51933:51955 [2] NCCL INFO Channel 03/0 : 102[85000] -> 107[c7000] [send] via NET/AWS Libfabric/1
x3209c0s7b0n0:36889:36914 [0] NCCL INFO Channel 02/0 : 36[7000] -> 44[7000] [receive] via NET/AWS Libfabric/3
x3212c0s25b1n0:42913:42939 [0] NCCL INFO Channel 00/0 : 112[7000] -> 120[7000] [receive] via NET/AWS Libfabric/3
x3212c0s25b1n0:42915:42934 [2] NCCL INFO Channel 01/0 : 122[85000] -> 119[c7000] [send] via NET/AWS Libfabric/1
x3212c0s25b1n0:42914:42937 [1] NCCL INFO Channel 00/0 : 121[46000] -> 116[7000] [send] via NET/AWS Libfabric/3
x3209c0s1b0n0:9090:9108 [2] NCCL INFO Channel 02 : 18[85000] -> 19[c7000] via P2P/IPC/read
x3212c0s31b0n0:51942:51971 [0] NCCL INFO Channel 02/0 : 60[7000] -> 124[7000] [receive] via NET/AWS Libfabric/3
x3212c0s1b0n0:26899:26921 [1] NCCL INFO Channel 03 : 109[46000] -> 110[85000] via P2P/IPC/read
x3209c0s19b0n0:31288:31310 [2] NCCL INFO Channel 02 : 10[85000] -> 11[c7000] via P2P/IPC/read
x3209c0s25b1n0:32893:32920 [1] NCCL INFO Channel 00/0 : 25[46000] -> 20[7000] [send] via NET/AWS Libfabric/3
x3212c0s19b1n0:57595:57616 [2] NCCL INFO Channel 01/0 : 103[c7000] -> 106[85000] [receive] via NET/AWS Libfabric/1
x3209c0s25b1n0:32895:32919 [3] NCCL INFO Channel 01/0 : 27[c7000] -> 31[c7000] [send] via NET/AWS Libfabric/1
x3209c0s37b0n0:30352:30373 [3] NCCL INFO Channel 03/0 : 47[c7000] -> 39[c7000] [receive] via NET/AWS Libfabric/1
x3212c0s1b1n0:9086:9110 [3] NCCL INFO Channel 03/0 : 115[c7000] -> 119[c7000] [send] via NET/AWS Libfabric/1
x3211c0s7b0n0:15219:15243 [1] NCCL INFO Channel 02 : 93[46000] -> 94[85000] via P2P/IPC/read
x3212c0s25b1n0:42916:42938 [3] NCCL INFO Channel 01/0 : 115[c7000] -> 123[c7000] [receive] via NET/AWS Libfabric/1
x3210c0s7b1n0:30487:30512 [1] NCCL INFO Channel 03 : 73[46000] -> 74[85000] via P2P/IPC/read
x3211c0s37b1n0:47774:47798 [3] NCCL INFO Channel 01/0 : 83[c7000] -> 91[c7000] [receive] via NET/AWS Libfabric/1
x3211c0s31b0n0:15907:15928 [3] NCCL INFO Channel 01/0 : 75[c7000] -> 79[c7000] [receive] via NET/AWS Libfabric/1
x3212c0s13b1n0:51934:51956 [3] NCCL INFO Channel 01/0 : 103[c7000] -> 106[85000] [send] via NET/AWS Libfabric/1
x3209c0s13b0n0:45998:46019 [2] NCCL INFO Channel 02 : 2[85000] -> 3[c7000] via P2P/IPC/read
x3212c0s1b1n0:9083:9109 [0] NCCL INFO Channel 00/0 : 96[7000] -> 112[7000] [receive] via NET/AWS Libfabric/3
x3209c0s7b1n0:61562:61588 [1] NCCL INFO Channel 02 : 49[46000] -> 50[85000] via P2P/IPC/read
x3212c0s19b1n0:57594:57619 [1] NCCL INFO Channel 00/0 : 105[46000] -> 100[7000] [send] via NET/AWS Libfabric/3
x3211c0s37b0n0:18590:18613 [3] NCCL INFO Channel 03/0 : 87[c7000] -> 78[85000] [send] via NET/AWS Libfabric/1
x3210c0s7b0n0:54376:54404 [0] NCCL INFO Channel 00/0 : 68[7000] -> 73[46000] [send] via NET/AWS Libfabric/3
x3212c0s19b1n0:57596:57617 [3] NCCL INFO Channel 01/0 : 107[c7000] -> 111[c7000] [send] via NET/AWS Libfabric/1
x3209c0s25b1n0:32892:32917 [0] NCCL INFO Channel 00/0 : 24[7000] -> 16[7000] [send] via NET/AWS Libfabric/3
x3209c0s25b0n0:51305:51323 [3] NCCL INFO Channel 03/0 : 19[c7000] -> 23[c7000] [receive] via NET/AWS Libfabric/1
x3210c0s13b0n0:49278:49301 [1] NCCL INFO Channel 02/0 : 53[46000] -> 56[7000] [send] via NET/AWS Libfabric/3
x3211c0s31b0n0:15903:15927 [1] NCCL INFO Channel 02/0 : 84[7000] -> 77[46000] [receive] via NET/AWS Libfabric/3
x3209c0s1b0n0:9087:9113 [0] NCCL INFO Channel 00/0 : 16[7000] -> 33[46000] [send] via NET/AWS Libfabric/3
x3211c0s37b0n0:18587:18615 [0] NCCL INFO Channel 02/0 : 84[7000] -> 77[46000] [send] via NET/AWS Libfabric/3
x3209c0s7b0n0:36892:36915 [3] NCCL INFO Channel 03/0 : 30[85000] -> 47[c7000] [receive] via NET/AWS Libfabric/1
x3211c0s31b1n0:9488:9511 [3] NCCL INFO Channel 01/0 : 83[c7000] -> 98[85000] [send] via NET/AWS Libfabric/1
x3212c0s1b1n0:9086:9110 [3] NCCL INFO Channel 01/0 : 115[c7000] -> 123[c7000] [send] via NET/AWS Libfabric/1
x3210c0s13b0n0:49280:49302 [3] NCCL INFO Channel 01/0 : 55[c7000] -> 58[85000] [send] via NET/AWS Libfabric/1
x3211c0s31b0n0:15905:15926 [2] NCCL INFO Channel 03/0 : 87[c7000] -> 78[85000] [receive] via NET/AWS Libfabric/1
x3209c0s1b0n0:9090:9108 [2] NCCL INFO Channel 03 : 18[85000] -> 19[c7000] via P2P/IPC/read
x3209c0s19b0n0:31288:31310 [2] NCCL INFO Channel 03 : 10[85000] -> 11[c7000] via P2P/IPC/read
x3212c0s25b1n0:42913:42939 [0] NCCL INFO Channel 00/0 : 120[7000] -> 112[7000] [send] via NET/AWS Libfabric/3
x3212c0s31b0n0:51942:51971 [0] NCCL INFO Channel 02/0 : 124[7000] -> 60[7000] [send] via NET/AWS Libfabric/3
x3209c0s7b1n0:61562:61588 [1] NCCL INFO Channel 03 : 49[46000] -> 50[85000] via P2P/IPC/read
x3209c0s25b1n0:32895:32919 [3] NCCL INFO Channel 03/0 : 22[85000] -> 27[c7000] [receive] via NET/AWS Libfabric/1
x3210c0s13b0n0:49278:49301 [1] NCCL INFO Channel 02/0 : 56[7000] -> 53[46000] [receive] via NET/AWS Libfabric/3
x3211c0s7b0n0:15219:15243 [1] NCCL INFO Channel 03 : 93[46000] -> 94[85000] via P2P/IPC/read
x3212c0s13b1n0:51934:51956 [3] NCCL INFO Channel 03/0 : 99[c7000] -> 103[c7000] [receive] via NET/AWS Libfabric/1
x3209c0s31b0n0:21444:21466 [3] NCCL INFO Channel 03/0 : 15[c7000] -> 31[c7000] [receive] via NET/AWS Libfabric/1
x3209c0s13b0n0:45998:46019 [2] NCCL INFO Channel 03 : 2[85000] -> 3[c7000] via P2P/IPC/read
x3209c0s31b1n0:4587:4610 [1] NCCL INFO Channel 00/0 : 33[46000] -> 16[7000] [send] via NET/AWS Libfabric/3
x3212c0s19b1n0:57593:57618 [0] NCCL INFO Channel 00/0 : 104[7000] -> 108[7000] [send] via NET/AWS Libfabric/3
x3212c0s19b1n0:57596:57617 [3] NCCL INFO Channel 03/0 : 102[85000] -> 107[c7000] [receive] via NET/AWS Libfabric/1
x3209c0s37b0n0:30349:30376 [0] NCCL INFO Channel 02/0 : 44[7000] -> 36[7000] [receive] via NET/AWS Libfabric/3
x3209c0s7b0n0:36889:36914 [0] NCCL INFO Channel 02/0 : 29[46000] -> 44[7000] [receive] via NET/AWS Libfabric/3
x3209c0s25b0n0:51301:51325 [0] NCCL INFO Channel 02/0 : 20[7000] -> 13[46000] [send] via NET/AWS Libfabric/3
x3209c0s25b1n0:32894:32918 [2] NCCL INFO Channel 01/0 : 26[85000] -> 23[c7000] [send] via NET/AWS Libfabric/1
x3211c0s37b0n0:18587:18615 [0] NCCL INFO Channel 00/0 : 89[46000] -> 84[7000] [receive] via NET/AWS Libfabric/3
x3211c0s31b1n0:9488:9511 [3] NCCL INFO Channel 01/0 : 98[85000] -> 83[c7000] [receive] via NET/AWS Libfabric/1
x3209c0s1b0n0:9087:9113 [0] NCCL INFO Channel 00/0 : 33[46000] -> 16[7000] [receive] via NET/AWS Libfabric/3
x3212c0s1b0n0:26900:26923 [2] NCCL INFO Channel 03/0 : 110[85000] -> 119[c7000] [send] via NET/AWS Libfabric/1
x3210c0s13b0n0:49279:49305 [2] NCCL INFO Channel 03/0 : 54[85000] -> 59[c7000] [send] via NET/AWS Libfabric/1
x3212c0s1b0n0:26898:26920 [0] NCCL INFO Channel 00/0 : 104[7000] -> 108[7000] [receive] via NET/AWS Libfabric/3
x3210c0s7b1n0:30489:30511 [3] NCCL INFO Channel 03/0 : 70[85000] -> 75[c7000] [receive] via NET/AWS Libfabric/1
x3210c0s13b1n0:24518:24546 [0] NCCL INFO Channel 00/0 : 56[7000] -> 60[7000] [send] via NET/AWS Libfabric/3
x3212c0s25b1n0:42916:42938 [3] NCCL INFO Channel 01/0 : 123[c7000] -> 115[c7000] [send] via NET/AWS Libfabric/1
x3212c0s1b1n0:9083:9109 [0] NCCL INFO Channel 00/0 : 112[7000] -> 96[7000] [send] via NET/AWS Libfabric/3
x3210c0s13b0n0:49280:49302 [3] NCCL INFO Channel 03/0 : 51[c7000] -> 55[c7000] [receive] via NET/AWS Libfabric/1
x3211c0s31b0n0:15905:15926 [2] NCCL INFO Channel 00 : 78[85000] -> 77[46000] via P2P/IPC/read
x3212c0s1b0n0:26901:26922 [3] NCCL INFO Channel 03/0 : 103[c7000] -> 111[c7000] [receive] via NET/AWS Libfabric/1
x3211c0s7b1n0:37012:37036 [3] NCCL INFO Channel 01/0 : 99[c7000] -> 115[c7000] [send] via NET/AWS Libfabric/1
x3211c0s37b1n0:47774:47798 [3] NCCL INFO Channel 01/0 : 91[c7000] -> 83[c7000] [send] via NET/AWS Libfabric/1
x3210c0s13b1n0:24520:24543 [2] NCCL INFO Channel 01/0 : 58[85000] -> 55[c7000] [send] via NET/AWS Libfabric/1
x3209c0s19b1n0:59391:59414 [1] NCCL INFO Channel 02/0 : 20[7000] -> 13[46000] [receive] via NET/AWS Libfabric/3
x3211c0s31b0n0:15907:15928 [3] NCCL INFO Channel 03/0 : 71[c7000] -> 79[c7000] [receive] via NET/AWS Libfabric/1
x3209c0s31b0n0:21441:21463 [1] NCCL INFO Channel 02/0 : 44[7000] -> 29[46000] [receive] via NET/AWS Libfabric/3
x3212c0s1b0n0:26899:26921 [1] NCCL INFO Channel 02/0 : 109[46000] -> 116[7000] [send] via NET/AWS Libfabric/3
x3211c0s7b1n0:37011:37034 [2] NCCL INFO Channel 01/0 : 98[85000] -> 83[c7000] [send] via NET/AWS Libfabric/1
x3210c0s7b1n0:30486:30510 [0] NCCL INFO Channel 02/0 : 69[46000] -> 72[7000] [receive] via NET/AWS Libfabric/3
x3210c0s7b1n0:30488:30509 [2] NCCL INFO Channel 01/0 : 71[c7000] -> 74[85000] [receive] via NET/AWS Libfabric/1
x3212c0s25b0n0:33682:33704 [3] NCCL INFO Channel 03/0 : 110[85000] -> 119[c7000] [receive] via NET/AWS Libfabric/1
x3209c0s13b0n0:45998:46019 [2] NCCL INFO Channel 00 : 2[85000] -> 1[46000] via P2P/IPC/read
x3209c0s1b0n0:9091:9111 [3] NCCL INFO Channel 03/0 : 19[c7000] -> 23[c7000] [send] via NET/AWS Libfabric/1
x3209c0s1b0n0:9089:9112 [1] NCCL INFO Channel 00/0 : 8[7000] -> 17[46000] [receive] via NET/AWS Libfabric/3
x3212c0s1b1n0:9086:9110 [3] NCCL INFO Channel 01/0 : 99[c7000] -> 115[c7000] [receive] via NET/AWS Libfabric/1
x3210c0s13b1n0:24521:24545 [3] NCCL INFO Channel 01/0 : 51[c7000] -> 59[c7000] [receive] via NET/AWS Libfabric/1
x3211c0s7b1n0:37011:37034 [2] NCCL INFO Channel 00 : 98[85000] -> 97[46000] via P2P/IPC/read
x3211c0s31b0n0:15905:15926 [2] NCCL INFO Channel 02 : 78[85000] -> 77[46000] via P2P/IPC/read
x3211c0s31b0n0:15903:15927 [1] NCCL INFO Connected all trees
x3211c0s31b0n0:15903:15927 [1] NCCL INFO MSCCL_XML_FILES set by environment to /home/yuke/ncclPG/CCL-LYD/msccl_tools_lyd/examples/xml/allreduce_binary_tree_p_gpu01_32nodes_channel4_reverse_chunk512.xml
x3211c0s31b0n0:15903:15927 [1] NCCL INFO MSCCL: Parsing algorithm /home/yuke/ncclPG/CCL-LYD/msccl_tools_lyd/examples/xml/allreduce_binary_tree_p_gpu01_32nodes_channel4_reverse_chunk512.xml
x3211c0s31b0n0:15905:15926 [2] NCCL INFO Connected all trees
x3211c0s31b0n0:15905:15926 [2] NCCL INFO MSCCL_XML_FILES set by environment to /home/yuke/ncclPG/CCL-LYD/msccl_tools_lyd/examples/xml/allreduce_binary_tree_p_gpu01_32nodes_channel4_reverse_chunk512.xml
x3211c0s31b0n0:15905:15926 [2] NCCL INFO MSCCL: Parsing algorithm /home/yuke/ncclPG/CCL-LYD/msccl_tools_lyd/examples/xml/allreduce_binary_tree_p_gpu01_32nodes_channel4_reverse_chunk512.xml
x3210c0s7b0n0:54377:54401 [1] NCCL INFO Channel 02/0 : 72[7000] -> 69[46000] [receive] via NET/AWS Libfabric/3
x3211c0s37b0n0:18590:18613 [3] NCCL INFO Channel 03/0 : 87[c7000] -> 83[c7000] [send] via NET/AWS Libfabric/1
x3209c0s7b1n0:61561:61587 [0] NCCL INFO Channel 02/0 : 48[7000] -> 52[7000] [send] via NET/AWS Libfabric/3
x3209c0s19b0n0:31287:31311 [1] NCCL INFO Channel 00/0 : 4[7000] -> 9[46000] [receive] via NET/AWS Libfabric/3
x3211c0s7b0n0:15220:15246 [2] NCCL INFO Channel 03/0 : 94[85000] -> 111[c7000] [send] via NET/AWS Libfabric/1
x3209c0s1b0n0:9091:9111 [3] NCCL INFO Channel 01/0 : 19[c7000] -> 27[c7000] [send] via NET/AWS Libfabric/1
x3212c0s19b1n0:57593:57618 [0] NCCL INFO Channel 00/0 : 104[7000] -> 113[46000] [send] via NET/AWS Libfabric/3
x3212c0s19b1n0:57595:57616 [2] NCCL INFO Channel 01/0 : 106[85000] -> 103[c7000] [send] via NET/AWS Libfabric/1
x3211c0s7b1n0:37009:37037 [0] NCCL INFO Channel 00/0 : 64[7000] -> 96[7000] [receive] via NET/AWS Libfabric/3
x3210c0s7b1n0:30487:30512 [1] NCCL INFO Channel 00/0 : 68[7000] -> 73[46000] [receive] via NET/AWS Libfabric/3
x3209c0s7b0n0:36889:36914 [0] NCCL INFO Channel 02/0 : 44[7000] -> 29[46000] [send] via NET/AWS Libfabric/3
x3212c0s1b0n0:26899:26921 [1] NCCL INFO Channel 02/0 : 116[7000] -> 109[46000] [receive] via NET/AWS Libfabric/3
x3209c0s7b0n0:36892:36915 [3] NCCL INFO Channel 03/0 : 47[c7000] -> 30[85000] [send] via NET/AWS Libfabric/1
x3210c0s19b0n0:52256:52280 [0] NCCL INFO Channel 02/0 : 28[7000] -> 60[7000] [receive] via NET/AWS Libfabric/3
x3209c0s25b0n0:51305:51323 [3] NCCL INFO Channel 03/0 : 14[85000] -> 23[c7000] [receive] via NET/AWS Libfabric/1
x3209c0s7b1n0:61564:61589 [3] NCCL INFO Channel 01/0 : 51[c7000] -> 59[c7000] [send] via NET/AWS Libfabric/1
x3211c0s37b0n0:18587:18615 [0] NCCL INFO Channel 02/0 : 84[7000] -> 80[7000] [send] via NET/AWS Libfabric/3
x3212c0s13b1n0:51934:51956 [3] NCCL INFO Channel 03/0 : 103[c7000] -> 111[c7000] [send] via NET/AWS Libfabric/1
x3211c0s7b1n0:37011:37034 [2] NCCL INFO Channel 02 : 98[85000] -> 97[46000] via P2P/IPC/read
x3209c0s31b0n0:21443:21464 [2] NCCL INFO Channel 03/0 : 47[c7000] -> 30[85000] [receive] via NET/AWS Libfabric/1
x3209c0s19b0n0:31289:31312 [3] NCCL INFO Channel 01/0 : 11[c7000] -> 15[c7000] [send] via NET/AWS Libfabric/1
x3212c0s13b1n0:51933:51955 [2] NCCL INFO Channel 03/0 : 107[c7000] -> 102[85000] [receive] via NET/AWS Libfabric/1
x3209c0s25b0n0:51301:51325 [0] NCCL INFO Channel 00/0 : 25[46000] -> 20[7000] [receive] via NET/AWS Libfabric/3
x3209c0s7b1n0:61563:61586 [2] NCCL INFO Channel 01/0 : 43[c7000] -> 50[85000] [receive] via NET/AWS Libfabric/1
x3209c0s7b0n0:36889:36914 [0] NCCL INFO Channel 02/0 : 44[7000] -> 36[7000] [send] via NET/AWS Libfabric/3
x3210c0s13b0n0:49279:49305 [2] NCCL INFO Channel 03/0 : 59[c7000] -> 54[85000] [receive] via NET/AWS Libfabric/1
x3209c0s13b0n0:45999:46021 [3] NCCL INFO Channel 03/0 : 3[c7000] -> 7[c7000] [send] via NET/AWS Libfabric/1
x3209c0s13b0n0:45998:46019 [2] NCCL INFO Channel 02 : 2[85000] -> 1[46000] via P2P/IPC/read
x3209c0s19b0n0:31286:31313 [0] NCCL INFO Channel 00/0 : 17[46000] -> 8[7000] [receive] via NET/AWS Libfabric/3
x3212c0s25b0n0:33679:33707 [0] NCCL INFO Channel 02/0 : 116[7000] -> 109[46000] [send] via NET/AWS Libfabric/3
x3212c0s1b0n0:26898:26920 [0] NCCL INFO Channel 02/0 : 100[7000] -> 108[7000] [receive] via NET/AWS Libfabric/3
x3212c0s1b1n0:9084:9111 [1] NCCL INFO Channel 00/0 : 113[46000] -> 104[7000] [send] via NET/AWS Libfabric/3
x3209c0s31b0n0:21443:21464 [2] NCCL INFO Channel 00 : 30[85000] -> 29[46000] via P2P/IPC/read
x3210c0s1b0n0:18620:18646 [0] NCCL INFO Channel 00/0 : 0[7000] -> 64[7000] [receive] via NET/AWS Libfabric/3
x3210c0s1b0n0:18620:18646 [0] NCCL INFO Channel 00/0 : 64[7000] -> 0[7000] [send] via NET/AWS Libfabric/3
x3210c0s7b0n0:54378:54403 [2] NCCL INFO Channel 03/0 : 75[c7000] -> 70[85000] [receive] via NET/AWS Libfabric/1
x3209c0s7b1n0:61562:61588 [1] NCCL INFO Channel 00/0 : 40[7000] -> 49[46000] [receive] via NET/AWS Libfabric/3
x3210c0s7b0n0:54379:54402 [3] NCCL INFO Channel 03/0 : 67[c7000] -> 71[c7000] [receive] via NET/AWS Libfabric/1
x3210c0s7b1n0:30486:30510 [0] NCCL INFO Channel 00/0 : 72[7000] -> 76[7000] [send] via NET/AWS Libfabric/3
x3212c0s19b1n0:57596:57617 [3] NCCL INFO Channel 01/0 : 107[c7000] -> 114[85000] [send] via NET/AWS Libfabric/1
x3211c0s7b0n0:15219:15243 [1] NCCL INFO Channel 02/0 : 93[46000] -> 108[7000] [send] via NET/AWS Libfabric/3
x3210c0s13b1n0:24518:24546 [0] NCCL INFO Channel 00/0 : 48[7000] -> 56[7000] [receive] via NET/AWS Libfabric/3
x3209c0s1b0n0:9087:9113 [0] NCCL INFO Channel 00/0 : 24[7000] -> 16[7000] [receive] via NET/AWS Libfabric/3
x3211c0s7b1n0:37012:37036 [3] NCCL INFO Channel 01/0 : 67[c7000] -> 99[c7000] [receive] via NET/AWS Libfabric/1
x3209c0s13b0n0:45996:46018 [0] NCCL INFO Channel 02/0 : 4[7000] -> 0[7000] [receive] via NET/AWS Libfabric/3
x3209c0s31b0n0:21443:21464 [2] NCCL INFO Channel 02 : 30[85000] -> 29[46000] via P2P/IPC/read
x3209c0s37b0n0:30349:30376 [0] NCCL INFO Channel 00/0 : 41[46000] -> 36[7000] [receive] via NET/AWS Libfabric/3
x3209c0s19b0n0:31288:31310 [2] NCCL INFO Channel 01/0 : 7[c7000] -> 10[85000] [receive] via NET/AWS Libfabric/1
x3209c0s1b0n0:9090:9108 [2] NCCL INFO Channel 01/0 : 11[c7000] -> 18[85000] [receive] via NET/AWS Libfabric/1
x3209c0s25b0n0:51304:51322 [2] NCCL INFO Channel 03/0 : 27[c7000] -> 22[85000] [receive] via NET/AWS Libfabric/1
x3209c0s7b1n0:61561:61587 [0] NCCL INFO Channel 00/0 : 48[7000] -> 56[7000] [send] via NET/AWS Libfabric/3
x3210c0s7b1n0:30488:30509 [2] NCCL INFO Channel 01/0 : 74[85000] -> 71[c7000] [send] via NET/AWS Libfabric/1
x3211c0s7b0n0:15218:15245 [0] NCCL INFO Channel 00/0 : 88[7000] -> 92[7000] [receive] via NET/AWS Libfabric/3
x3209c0s19b1n0:59393:59416 [3] NCCL INFO Channel 03/0 : 7[c7000] -> 15[c7000] [receive] via NET/AWS Libfabric/1
x3210c0s13b0n0:49280:49302 [3] NCCL INFO Channel 03/0 : 46[85000] -> 55[c7000] [receive] via NET/AWS Libfabric/1
x3212c0s13b1n0:51934:51956 [3] NCCL INFO Channel 03/0 : 111[c7000] -> 103[c7000] [receive] via NET/AWS Libfabric/1
x3212c0s1b1n0:9086:9110 [3] NCCL INFO Channel 01/0 : 115[c7000] -> 99[c7000] [send] via NET/AWS Libfabric/1
x3209c0s1b0n0:9089:9112 [1] NCCL INFO Channel 00/0 : 17[46000] -> 8[7000] [send] via NET/AWS Libfabric/3
x3212c0s1b0n0:26901:26922 [3] NCCL INFO Channel 03/0 : 94[85000] -> 111[c7000] [receive] via NET/AWS Libfabric/1
x3210c0s7b1n0:30486:30510 [0] NCCL INFO Channel 00/0 : 72[7000] -> 81[46000] [send] via NET/AWS Libfabric/3
x3212c0s25b0n0:33682:33704 [3] NCCL INFO Channel 03/0 : 119[c7000] -> 110[85000] [send] via NET/AWS Libfabric/1
x3211c0s31b0n0:15902:15929 [0] NCCL INFO Channel 02/0 : 68[7000] -> 76[7000] [receive] via NET/AWS Libfabric/3
x3209c0s13b0n0:45998:46019 [2] NCCL INFO Connected all trees
x3209c0s13b0n0:45998:46019 [2] NCCL INFO MSCCL_XML_FILES set by environment to /home/yuke/ncclPG/CCL-LYD/msccl_tools_lyd/examples/xml/allreduce_binary_tree_p_gpu01_32nodes_channel4_reverse_chunk512.xml
x3209c0s13b0n0:45998:46019 [2] NCCL INFO MSCCL: Parsing algorithm /home/yuke/ncclPG/CCL-LYD/msccl_tools_lyd/examples/xml/allreduce_binary_tree_p_gpu01_32nodes_channel4_reverse_chunk512.xml
x3209c0s13b0n0:45997:46020 [1] NCCL INFO Connected all trees
x3209c0s13b0n0:45997:46020 [1] NCCL INFO MSCCL_XML_FILES set by environment to /home/yuke/ncclPG/CCL-LYD/msccl_tools_lyd/examples/xml/allreduce_binary_tree_p_gpu01_32nodes_channel4_reverse_chunk512.xml
x3209c0s13b0n0:45997:46020 [1] NCCL INFO MSCCL: Parsing algorithm /home/yuke/ncclPG/CCL-LYD/msccl_tools_lyd/examples/xml/allreduce_binary_tree_p_gpu01_32nodes_channel4_reverse_chunk512.xml
x3210c0s13b0n0:49277:49304 [0] NCCL INFO Channel 00/0 : 52[7000] -> 57[46000] [send] via NET/AWS Libfabric/3
x3210c0s7b1n0:30489:30511 [3] NCCL INFO Channel 01/0 : 75[c7000] -> 82[85000] [send] via NET/AWS Libfabric/1
x3209c0s7b0n0:36892:36915 [3] NCCL INFO Channel 03/0 : 47[c7000] -> 39[c7000] [send] via NET/AWS Libfabric/1
x3212c0s19b1n0:57596:57617 [3] NCCL INFO Channel 01/0 : 114[85000] -> 107[c7000] [receive] via NET/AWS Libfabric/1
x3209c0s19b0n0:31289:31312 [3] NCCL INFO Channel 03/0 : 6[85000] -> 11[c7000] [receive] via NET/AWS Libfabric/1
x3210c0s1b0n0:18623:18645 [3] NCCL INFO Channel 01/0 : 67[c7000] -> 99[c7000] [send] via NET/AWS Libfabric/1
x3212c0s19b1n0:57593:57618 [0] NCCL INFO Channel 00/0 : 113[46000] -> 104[7000] [receive] via NET/AWS Libfabric/3
x3209c0s19b0n0:31287:31311 [1] NCCL INFO Channel 00/0 : 9[46000] -> 4[7000] [send] via NET/AWS Libfabric/3
x3209c0s13b1n0:49060:49084 [0] NCCL INFO Channel 02/0 : 4[7000] -> 12[7000] [send] via NET/AWS Libfabric/3
x3209c0s31b0n0:21443:21464 [2] NCCL INFO Connected all trees
x3209c0s31b0n0:21443:21464 [2] NCCL INFO MSCCL_XML_FILES set by environment to /home/yuke/ncclPG/CCL-LYD/msccl_tools_lyd/examples/xml/allreduce_binary_tree_p_gpu01_32nodes_channel4_reverse_chunk512.xml
x3209c0s31b0n0:21443:21464 [2] NCCL INFO MSCCL: Parsing algorithm /home/yuke/ncclPG/CCL-LYD/msccl_tools_lyd/examples/xml/allreduce_binary_tree_p_gpu01_32nodes_channel4_reverse_chunk512.xml
x3209c0s31b0n0:21441:21463 [1] NCCL INFO Connected all trees
x3209c0s31b0n0:21441:21463 [1] NCCL INFO MSCCL_XML_FILES set by environment to /home/yuke/ncclPG/CCL-LYD/msccl_tools_lyd/examples/xml/allreduce_binary_tree_p_gpu01_32nodes_channel4_reverse_chunk512.xml
x3209c0s31b0n0:21441:21463 [1] NCCL INFO MSCCL: Parsing algorithm /home/yuke/ncclPG/CCL-LYD/msccl_tools_lyd/examples/xml/allreduce_binary_tree_p_gpu01_32nodes_channel4_reverse_chunk512.xml
x3209c0s37b1n0:36158:36176 [3] NCCL INFO Channel 01/0 : 50[85000] -> 43[c7000] [receive] via NET/AWS Libfabric/1
x3211c0s7b1n0:37009:37037 [0] NCCL INFO Channel 00/0 : 96[7000] -> 64[7000] [send] via NET/AWS Libfabric/3
x3209c0s7b1n0:61564:61589 [3] NCCL INFO Channel 01/0 : 35[c7000] -> 51[c7000] [receive] via NET/AWS Libfabric/1
x3209c0s7b0n0:36889:36914 [0] NCCL INFO Channel 00/0 : 44[7000] -> 40[7000] [send] via NET/AWS Libfabric/3
x3212c0s1b0n0:26900:26923 [2] NCCL INFO Channel 03/0 : 119[c7000] -> 110[85000] [receive] via NET/AWS Libfabric/1
x3209c0s37b1n0:36153:36177 [0] NCCL INFO Channel 00/0 : 49[46000] -> 40[7000] [receive] via NET/AWS Libfabric/3
x3211c0s37b1n0:47771:47799 [0] NCCL INFO Channel 00/0 : 80[7000] -> 88[7000] [receive] via NET/AWS Libfabric/3
x3211c0s31b1n0:9488:9511 [3] NCCL INFO Channel 01/0 : 91[c7000] -> 83[c7000] [receive] via NET/AWS Libfabric/1
x3212c0s31b0n0:51943:51968 [1] NCCL INFO Parsed MSCCL Algorithm /home/yuke/ncclPG/CCL-LYD/msccl_tools_lyd/examples/xml/allreduce_binary_tree_p_gpu01_32nodes_channel4_reverse_chunk512.xml successfully.
x3212c0s31b0n0:51943:51968 [1] NCCL INFO Connected 1 MSCCL algorithms
x3209c0s25b1n0:32895:32919 [3] NCCL INFO Channel 01/0 : 19[c7000] -> 27[c7000] [receive] via NET/AWS Libfabric/1
x3210c0s7b0n0:54376:54404 [0] NCCL INFO Channel 02/0 : 68[7000] -> 76[7000] [send] via NET/AWS Libfabric/3
x3209c0s37b0n0:30352:30373 [3] NCCL INFO Channel 03/0 : 39[c7000] -> 35[c7000] [send] via NET/AWS Libfabric/1
x3209c0s7b1n0:61563:61586 [2] NCCL INFO Channel 01/0 : 50[85000] -> 43[c7000] [send] via NET/AWS Libfabric/1
x3210c0s13b1n0:24521:24545 [3] NCCL INFO Channel 01/0 : 59[c7000] -> 51[c7000] [send] via NET/AWS Libfabric/1
x3212c0s31b0n0:51943:51968 [1] NCCL INFO NCCL_NTHREADS set by environment to 128.
x3212c0s31b0n0:51943:51968 [1] NCCL INFO NCCL_PROTO set by environment to Simple
x3212c0s31b0n0:51943:51968 [1] NCCL INFO NCCL_ALGO set by environment to MSCCL,TREE,RING
x3212c0s31b0n0:51943:51968 [1] NCCL INFO threadThresholds 8/8/64 | 1024/8/64 | 8/8/64 | 8/8/512
x3212c0s31b0n0:51943:51968 [1] NCCL INFO 4 coll channels, 4 p2p channels, 2 p2p channels per peer
x3212c0s31b0n0:51944:51969 [2] NCCL INFO Parsed MSCCL Algorithm /home/yuke/ncclPG/CCL-LYD/msccl_tools_lyd/examples/xml/allreduce_binary_tree_p_gpu01_32nodes_channel4_reverse_chunk512.xml successfully.
x3212c0s31b0n0:51944:51969 [2] NCCL INFO Connected 1 MSCCL algorithms
x3212c0s31b0n0:51944:51969 [2] NCCL INFO NCCL_NTHREADS set by environment to 128.
x3212c0s31b0n0:51944:51969 [2] NCCL INFO NCCL_PROTO set by environment to Simple
x3212c0s31b0n0:51944:51969 [2] NCCL INFO NCCL_ALGO set by environment to MSCCL,TREE,RING
x3212c0s31b0n0:51944:51969 [2] NCCL INFO threadThresholds 8/8/64 | 1024/8/64 | 8/8/64 | 8/8/512
x3212c0s31b0n0:51944:51969 [2] NCCL INFO 4 coll channels, 4 p2p channels, 2 p2p channels per peer
x3209c0s7b0n0:36892:36915 [3] NCCL INFO Channel 01/0 : 47[c7000] -> 43[c7000] [send] via NET/AWS Libfabric/1
x3210c0s7b1n0:30487:30512 [1] NCCL INFO Channel 00/0 : 73[46000] -> 68[7000] [send] via NET/AWS Libfabric/3
x3211c0s31b1n0:9486:9510 [1] NCCL INFO Channel 00/0 : 81[46000] -> 72[7000] [send] via NET/AWS Libfabric/3
x3209c0s7b1n0:61563:61586 [2] NCCL INFO Channel 00 : 50[85000] -> 49[46000] via P2P/IPC/read
x3210c0s1b0n0:18620:18646 [0] NCCL INFO Channel 00/0 : 96[7000] -> 64[7000] [receive] via NET/AWS Libfabric/3
x3209c0s25b1n0:32892:32917 [0] NCCL INFO Channel 00/0 : 28[7000] -> 24[7000] [receive] via NET/AWS Libfabric/3
x3209c0s7b1n0:61562:61588 [1] NCCL INFO Channel 00/0 : 49[46000] -> 40[7000] [send] via NET/AWS Libfabric/3
x3212c0s1b1n0:9085:9112 [2] NCCL INFO Channel 01/0 : 114[85000] -> 107[c7000] [send] via NET/AWS Libfabric/1
x3212c0s1b0n0:26900:26923 [2] NCCL INFO Channel 00 : 110[85000] -> 109[46000] via P2P/IPC/read
x3209c0s25b0n0:51301:51325 [0] NCCL INFO Channel 02/0 : 20[7000] -> 16[7000] [send] via NET/AWS Libfabric/3
x3209c0s19b1n0:59390:59418 [0] NCCL INFO Channel 02/0 : 12[7000] -> 28[7000] [send] via NET/AWS Libfabric/3
x3210c0s13b0n0:49277:49304 [0] NCCL INFO Channel 02/0 : 45[46000] -> 52[7000] [receive] via NET/AWS Libfabric/3
x3210c0s7b0n0:54379:54402 [3] NCCL INFO Channel 03/0 : 71[c7000] -> 79[c7000] [send] via NET/AWS Libfabric/1
x3211c0s31b1n0:9487:9512 [2] NCCL INFO Channel 01/0 : 82[85000] -> 75[c7000] [send] via NET/AWS Libfabric/1
x3212c0s13b1n0:51929:51957 [0] NCCL INFO Channel 02/0 : 108[7000] -> 100[7000] [receive] via NET/AWS Libfabric/3
x3212c0s25b0n0:33679:33707 [0] NCCL INFO Channel 00/0 : 121[46000] -> 116[7000] [receive] via NET/AWS Libfabric/3
x3211c0s7b1n0:37012:37036 [3] NCCL INFO Channel 01/0 : 99[c7000] -> 67[c7000] [send] via NET/AWS Libfabric/1
x3212c0s25b0n0:33682:33704 [3] NCCL INFO Channel 03/0 : 119[c7000] -> 115[c7000] [send] via NET/AWS Libfabric/1
x3210c0s7b1n0:30489:30511 [3] NCCL INFO Channel 01/0 : 82[85000] -> 75[c7000] [receive] via NET/AWS Libfabric/1
x3209c0s13b1n0:49060:49084 [0] NCCL INFO Channel 02/0 : 12[7000] -> 4[7000] [receive] via NET/AWS Libfabric/3
x3209c0s1b0n0:9087:9113 [0] NCCL INFO Channel 02/0 : 20[7000] -> 16[7000] [receive] via NET/AWS Libfabric/3
x3212c0s1b0n0:26898:26920 [0] NCCL INFO Channel 02/0 : 93[46000] -> 108[7000] [receive] via NET/AWS Libfabric/3
x3212c0s1b1n0:9085:9112 [2] NCCL INFO Channel 00 : 114[85000] -> 113[46000] via P2P/IPC/read
x3211c0s31b1n0:9487:9512 [2] NCCL INFO Channel 00 : 82[85000] -> 81[46000] via P2P/IPC/read
x3209c0s37b0n0:30349:30376 [0] NCCL INFO Channel 02/0 : 36[7000] -> 32[7000] [send] via NET/AWS Libfabric/3
x3212c0s1b0n0:26900:26923 [2] NCCL INFO Channel 02 : 110[85000] -> 109[46000] via P2P/IPC/read
x3209c0s7b1n0:61561:61587 [0] NCCL INFO Channel 00/0 : 32[7000] -> 48[7000] [receive] via NET/AWS Libfabric/3
x3210c0s13b1n0:24519:24544 [1] NCCL INFO Channel 00/0 : 57[46000] -> 52[7000] [send] via NET/AWS Libfabric/3
x3210c0s7b0n0:54376:54404 [0] NCCL INFO Channel 02/0 : 76[7000] -> 68[7000] [receive] via NET/AWS Libfabric/3
x3209c0s19b1n0:59392:59417 [2] NCCL INFO Channel 03/0 : 23[c7000] -> 14[85000] [receive] via NET/AWS Libfabric/1
x3209c0s25b0n0:51301:51325 [0] NCCL INFO Connected all trees
x3209c0s7b1n0:61563:61586 [2] NCCL INFO Channel 02 : 50[85000] -> 49[46000] via P2P/IPC/read
x3209c0s25b0n0:51301:51325 [0] NCCL INFO MSCCL_XML_FILES set by environment to /home/yuke/ncclPG/CCL-LYD/msccl_tools_lyd/examples/xml/allreduce_binary_tree_p_gpu01_32nodes_channel4_reverse_chunk512.xml
x3209c0s25b0n0:51301:51325 [0] NCCL INFO MSCCL: Parsing algorithm /home/yuke/ncclPG/CCL-LYD/msccl_tools_lyd/examples/xml/allreduce_binary_tree_p_gpu01_32nodes_channel4_reverse_chunk512.xml
x3210c0s7b1n0:30486:30510 [0] NCCL INFO Channel 00/0 : 81[46000] -> 72[7000] [receive] via NET/AWS Libfabric/3
x3210c0s1b0n0:18623:18645 [3] NCCL INFO Channel 01/0 : 3[c7000] -> 67[c7000] [receive] via NET/AWS Libfabric/1
x3211c0s37b1n0:47774:47798 [3] NCCL INFO Channel 03/0 : 91[c7000] -> 86[85000] [send] via NET/AWS Libfabric/1
x3211c0s31b1n0:9487:9512 [2] NCCL INFO Channel 02 : 82[85000] -> 81[46000] via P2P/IPC/read
x3211c0s7b0n0:15218:15245 [0] NCCL INFO Channel 02/0 : 76[7000] -> 92[7000] [receive] via NET/AWS Libfabric/3
x3210c0s13b1n0:24518:24546 [0] NCCL INFO Channel 00/0 : 56[7000] -> 48[7000] [send] via NET/AWS Libfabric/3
x3211c0s7b0n0:15220:15246 [2] NCCL INFO Channel 03/0 : 111[c7000] -> 94[85000] [receive] via NET/AWS Libfabric/1
x3209c0s25b0n0:51305:51323 [3] NCCL INFO Channel 03/0 : 23[c7000] -> 14[85000] [send] via NET/AWS Libfabric/1
x3209c0s13b1n0:49063:49085 [3] NCCL INFO Channel 03/0 : 3[c7000] -> 7[c7000] [receive] via NET/AWS Libfabric/1
x3209c0s1b0n0:9087:9113 [0] NCCL INFO Connected all trees
x3209c0s1b0n0:9087:9113 [0] NCCL INFO MSCCL_XML_FILES set by environment to /home/yuke/ncclPG/CCL-LYD/msccl_tools_lyd/examples/xml/allreduce_binary_tree_p_gpu01_32nodes_channel4_reverse_chunk512.xml
x3209c0s1b0n0:9087:9113 [0] NCCL INFO MSCCL: Parsing algorithm /home/yuke/ncclPG/CCL-LYD/msccl_tools_lyd/examples/xml/allreduce_binary_tree_p_gpu01_32nodes_channel4_reverse_chunk512.xml
x3211c0s31b1n0:9485:9513 [0] NCCL INFO Channel 00/0 : 80[7000] -> 97[46000] [send] via NET/AWS Libfabric/3
x3209c0s19b0n0:31288:31310 [2] NCCL INFO Channel 01/0 : 10[85000] -> 7[c7000] [send] via NET/AWS Libfabric/1
x3210c0s7b0n0:54379:54402 [3] NCCL INFO Channel 03/0 : 79[c7000] -> 71[c7000] [receive] via NET/AWS Libfabric/1
x3212c0s1b0n0:26901:26922 [3] NCCL INFO Channel 03/0 : 111[c7000] -> 94[85000] [send] via NET/AWS Libfabric/1
x3212c0s1b1n0:9085:9112 [2] NCCL INFO Channel 02 : 114[85000] -> 113[46000] via P2P/IPC/read
x3209c0s7b0n0:36891:36913 [2] NCCL INFO Channel 03/0 : 55[c7000] -> 46[85000] [receive] via NET/AWS Libfabric/1
x3209c0s19b0n0:31286:31313 [0] NCCL INFO Channel 00/0 : 12[7000] -> 8[7000] [receive] via NET/AWS Libfabric/3
x3210c0s1b0n0:18623:18645 [3] NCCL INFO Channel 01/0 : 67[c7000] -> 3[c7000] [send] via NET/AWS Libfabric/1
x3209c0s13b1n0:49062:49087 [2] NCCL INFO Channel 03/0 : 11[c7000] -> 6[85000] [receive] via NET/AWS Libfabric/1
x3209c0s19b1n0:59390:59418 [0] NCCL INFO Channel 02/0 : 28[7000] -> 12[7000] [receive] via NET/AWS Libfabric/3
x3212c0s19b1n0:57596:57617 [3] NCCL INFO Channel 03/0 : 107[c7000] -> 102[85000] [send] via NET/AWS Libfabric/1
x3211c0s37b0n0:18589:18612 [2] NCCL INFO Channel 00 : 86[85000] -> 85[46000] via P2P/IPC/read
x3210c0s13b0n0:49280:49302 [3] NCCL INFO Channel 03/0 : 55[c7000] -> 46[85000] [send] via NET/AWS Libfabric/1
x3212c0s1b0n0:26899:26921 [1] NCCL INFO Connected all trees
x3212c0s1b0n0:26899:26921 [1] NCCL INFO MSCCL_XML_FILES set by environment to /home/yuke/ncclPG/CCL-LYD/msccl_tools_lyd/examples/xml/allreduce_binary_tree_p_gpu01_32nodes_channel4_reverse_chunk512.xml
x3212c0s1b0n0:26899:26921 [1] NCCL INFO MSCCL: Parsing algorithm /home/yuke/ncclPG/CCL-LYD/msccl_tools_lyd/examples/xml/allreduce_binary_tree_p_gpu01_32nodes_channel4_reverse_chunk512.xml
x3212c0s1b0n0:26900:26923 [2] NCCL INFO Connected all trees
x3212c0s1b0n0:26900:26923 [2] NCCL INFO MSCCL_XML_FILES set by environment to /home/yuke/ncclPG/CCL-LYD/msccl_tools_lyd/examples/xml/allreduce_binary_tree_p_gpu01_32nodes_channel4_reverse_chunk512.xml
x3212c0s1b0n0:26900:26923 [2] NCCL INFO MSCCL: Parsing algorithm /home/yuke/ncclPG/CCL-LYD/msccl_tools_lyd/examples/xml/allreduce_binary_tree_p_gpu01_32nodes_channel4_reverse_chunk512.xml
x3211c0s7b1n0:37009:37037 [0] NCCL INFO Channel 00/0 : 112[7000] -> 96[7000] [receive] via NET/AWS Libfabric/3
x3209c0s19b1n0:59392:59417 [2] NCCL INFO Channel 00 : 14[85000] -> 13[46000] via P2P/IPC/read
x3211c0s31b1n0:9488:9511 [3] NCCL INFO Channel 03/0 : 87[c7000] -> 83[c7000] [receive] via NET/AWS Libfabric/1
x3209c0s19b0n0:31289:31312 [3] NCCL INFO Channel 01/0 : 11[c7000] -> 18[85000] [send] via NET/AWS Libfabric/1
x3211c0s37b1n0:47771:47799 [0] NCCL INFO Channel 00/0 : 88[7000] -> 80[7000] [send] via NET/AWS Libfabric/3
x3209c0s25b0n0:51305:51323 [3] NCCL INFO Channel 03/0 : 23[c7000] -> 19[c7000] [send] via NET/AWS Libfabric/1
x3209c0s19b1n0:59392:59417 [2] NCCL INFO Channel 02 : 14[85000] -> 13[46000] via P2P/IPC/read
x3211c0s31b0n0:15902:15929 [0] NCCL INFO Channel 02/0 : 76[7000] -> 92[7000] [send] via NET/AWS Libfabric/3
x3211c0s31b0n0:15907:15928 [3] NCCL INFO Channel 03/0 : 79[c7000] -> 95[c7000] [send] via NET/AWS Libfabric/1
x3209c0s19b1n0:59392:59417 [2] NCCL INFO Connected all trees
x3209c0s19b1n0:59392:59417 [2] NCCL INFO MSCCL_XML_FILES set by environment to /home/yuke/ncclPG/CCL-LYD/msccl_tools_lyd/examples/xml/allreduce_binary_tree_p_gpu01_32nodes_channel4_reverse_chunk512.xml
x3209c0s19b1n0:59392:59417 [2] NCCL INFO MSCCL: Parsing algorithm /home/yuke/ncclPG/CCL-LYD/msccl_tools_lyd/examples/xml/allreduce_binary_tree_p_gpu01_32nodes_channel4_reverse_chunk512.xml
x3209c0s19b1n0:59391:59414 [1] NCCL INFO Connected all trees
x3209c0s19b1n0:59391:59414 [1] NCCL INFO MSCCL_XML_FILES set by environment to /home/yuke/ncclPG/CCL-LYD/msccl_tools_lyd/examples/xml/allreduce_binary_tree_p_gpu01_32nodes_channel4_reverse_chunk512.xml
x3209c0s19b1n0:59391:59414 [1] NCCL INFO MSCCL: Parsing algorithm /home/yuke/ncclPG/CCL-LYD/msccl_tools_lyd/examples/xml/allreduce_binary_tree_p_gpu01_32nodes_channel4_reverse_chunk512.xml
x3209c0s7b1n0:61564:61589 [3] NCCL INFO Channel 01/0 : 51[c7000] -> 35[c7000] [send] via NET/AWS Libfabric/1
x3209c0s31b1n0:4589:4608 [3] NCCL INFO Channel 01/0 : 35[c7000] -> 66[85000] [send] via NET/AWS Libfabric/1
x3211c0s7b0n0:15220:15246 [2] NCCL INFO Channel 00 : 94[85000] -> 93[46000] via P2P/IPC/read
x3209c0s37b1n0:36158:36176 [3] NCCL INFO Channel 03/0 : 43[c7000] -> 38[85000] [send] via NET/AWS Libfabric/1
x3209c0s1b0n0:9091:9111 [3] NCCL INFO Channel 01/0 : 19[c7000] -> 34[85000] [send] via NET/AWS Libfabric/1
x3210c0s1b0n0:18620:18646 [0] NCCL INFO Channel 02/0 : 68[7000] -> 64[7000] [receive] via NET/AWS Libfabric/3
x3209c0s25b1n0:32895:32919 [3] NCCL INFO Channel 01/0 : 27[c7000] -> 19[c7000] [send] via NET/AWS Libfabric/1
x3212c0s13b1n0:51933:51955 [2] NCCL INFO Channel 00 : 102[85000] -> 101[46000] via P2P/IPC/read
x3212c0s1b0n0:26901:26922 [3] NCCL INFO Channel 03/0 : 111[c7000] -> 103[c7000] [send] via NET/AWS Libfabric/1
x3212c0s25b0n0:33679:33707 [0] NCCL INFO Channel 02/0 : 116[7000] -> 112[7000] [send] via NET/AWS Libfabric/3
x3209c0s7b0n0:36891:36913 [2] NCCL INFO Channel 00 : 46[85000] -> 45[46000] via P2P/IPC/read
x3210c0s7b1n0:30489:30511 [3] NCCL INFO Channel 03/0 : 75[c7000] -> 70[85000] [send] via NET/AWS Libfabric/1
x3210c0s13b0n0:49277:49304 [0] NCCL INFO Channel 02/0 : 52[7000] -> 45[46000] [send] via NET/AWS Libfabric/3
x3212c0s19b1n0:57593:57618 [0] NCCL INFO Channel 00/0 : 108[7000] -> 104[7000] [receive] via NET/AWS Libfabric/3
x3210c0s13b0n0:49280:49302 [3] NCCL INFO Channel 03/0 : 55[c7000] -> 51[c7000] [send] via NET/AWS Libfabric/1
x3209c0s7b0n0:36890:36912 [1] NCCL INFO Channel 02/0 : 52[7000] -> 45[46000] [receive] via NET/AWS Libfabric/3
x3211c0s31b1n0:9488:9511 [3] NCCL INFO Connected all trees
x3211c0s31b1n0:9488:9511 [3] NCCL INFO MSCCL_XML_FILES set by environment to /home/yuke/ncclPG/CCL-LYD/msccl_tools_lyd/examples/xml/allreduce_binary_tree_p_gpu01_32nodes_channel4_reverse_chunk512.xml
x3211c0s31b1n0:9488:9511 [3] NCCL INFO MSCCL: Parsing algorithm /home/yuke/ncclPG/CCL-LYD/msccl_tools_lyd/examples/xml/allreduce_binary_tree_p_gpu01_32nodes_channel4_reverse_chunk512.xml
x3209c0s19b0n0:31289:31312 [3] NCCL INFO Channel 01/0 : 18[85000] -> 11[c7000] [receive] via NET/AWS Libfabric/1
x3209c0s13b0n0:45999:46021 [3] NCCL INFO Channel 01/0 : 67[c7000] -> 3[c7000] [receive] via NET/AWS Libfabric/1
x3212c0s1b1n0:9083:9109 [0] NCCL INFO Channel 00/0 : 120[7000] -> 112[7000] [receive] via NET/AWS Libfabric/3
x3211c0s7b1n0:37010:37035 [1] NCCL INFO Channel 00/0 : 97[46000] -> 80[7000] [send] via NET/AWS Libfabric/3
x3209c0s31b1n0:4586:4611 [0] NCCL INFO Channel 00/0 : 32[7000] -> 65[46000] [send] via NET/AWS Libfabric/3
x3209c0s37b0n0:30351:30374 [2] NCCL INFO Channel 00 : 38[85000] -> 37[46000] via P2P/IPC/read
x3209c0s31b1n0:4588:4609 [2] NCCL INFO Channel 01/0 : 34[85000] -> 19[c7000] [send] via NET/AWS Libfabric/1
x3211c0s37b0n0:18589:18612 [2] NCCL INFO Channel 02 : 86[85000] -> 85[46000] via P2P/IPC/read
x3212c0s1b1n0:9085:9112 [2] NCCL INFO Connected all trees
x3212c0s1b1n0:9085:9112 [2] NCCL INFO MSCCL_XML_FILES set by environment to /home/yuke/ncclPG/CCL-LYD/msccl_tools_lyd/examples/xml/allreduce_binary_tree_p_gpu01_32nodes_channel4_reverse_chunk512.xml
x3212c0s1b1n0:9085:9112 [2] NCCL INFO MSCCL: Parsing algorithm /home/yuke/ncclPG/CCL-LYD/msccl_tools_lyd/examples/xml/allreduce_binary_tree_p_gpu01_32nodes_channel4_reverse_chunk512.xml
x3212c0s1b1n0:9084:9111 [1] NCCL INFO Connected all trees
x3212c0s1b1n0:9084:9111 [1] NCCL INFO MSCCL_XML_FILES set by environment to /home/yuke/ncclPG/CCL-LYD/msccl_tools_lyd/examples/xml/allreduce_binary_tree_p_gpu01_32nodes_channel4_reverse_chunk512.xml
x3212c0s1b1n0:9084:9111 [1] NCCL INFO MSCCL: Parsing algorithm /home/yuke/ncclPG/CCL-LYD/msccl_tools_lyd/examples/xml/allreduce_binary_tree_p_gpu01_32nodes_channel4_reverse_chunk512.xml
x3209c0s7b1n0:61561:61587 [0] NCCL INFO Channel 00/0 : 48[7000] -> 32[7000] [send] via NET/AWS Libfabric/3
x3209c0s37b1n0:36153:36177 [0] NCCL INFO Channel 00/0 : 44[7000] -> 40[7000] [receive] via NET/AWS Libfabric/3
x3209c0s1b0n0:9090:9108 [2] NCCL INFO Channel 01/0 : 18[85000] -> 11[c7000] [send] via NET/AWS Libfabric/1
x3211c0s31b0n0:15902:15929 [0] NCCL INFO Channel 02/0 : 92[7000] -> 76[7000] [receive] via NET/AWS Libfabric/3
x3209c0s31b1n0:4589:4608 [3] NCCL INFO Channel 01/0 : 66[85000] -> 35[c7000] [receive] via NET/AWS Libfabric/1
x3209c0s7b1n0:61563:61586 [2] NCCL INFO Connected all trees
x3209c0s7b1n0:61562:61588 [1] NCCL INFO Connected all trees
x3209c0s7b1n0:61562:61588 [1] NCCL INFO MSCCL_XML_FILES set by environment to /home/yuke/ncclPG/CCL-LYD/msccl_tools_lyd/examples/xml/allreduce_binary_tree_p_gpu01_32nodes_channel4_reverse_chunk512.xml
x3209c0s7b1n0:61562:61588 [1] NCCL INFO MSCCL: Parsing algorithm /home/yuke/ncclPG/CCL-LYD/msccl_tools_lyd/examples/xml/allreduce_binary_tree_p_gpu01_32nodes_channel4_reverse_chunk512.xml
x3209c0s7b1n0:61563:61586 [2] NCCL INFO MSCCL_XML_FILES set by environment to /home/yuke/ncclPG/CCL-LYD/msccl_tools_lyd/examples/xml/allreduce_binary_tree_p_gpu01_32nodes_channel4_reverse_chunk512.xml
x3209c0s7b1n0:61563:61586 [2] NCCL INFO MSCCL: Parsing algorithm /home/yuke/ncclPG/CCL-LYD/msccl_tools_lyd/examples/xml/allreduce_binary_tree_p_gpu01_32nodes_channel4_reverse_chunk512.xml
x3211c0s37b0n0:18590:18613 [3] NCCL INFO Channel 01/0 : 90[85000] -> 87[c7000] [receive] via NET/AWS Libfabric/1
x3211c0s7b0n0:15219:15243 [1] NCCL INFO Channel 02/0 : 108[7000] -> 93[46000] [receive] via NET/AWS Libfabric/3
x3211c0s7b0n0:15220:15246 [2] NCCL INFO Channel 02 : 94[85000] -> 93[46000] via P2P/IPC/read
x3211c0s31b1n0:9485:9513 [0] NCCL INFO Channel 00/0 : 97[46000] -> 80[7000] [receive] via NET/AWS Libfabric/3
x3211c0s31b1n0:9486:9510 [1] NCCL INFO Connected all trees
x3211c0s31b1n0:9486:9510 [1] NCCL INFO MSCCL_XML_FILES set by environment to /home/yuke/ncclPG/CCL-LYD/msccl_tools_lyd/examples/xml/allreduce_binary_tree_p_gpu01_32nodes_channel4_reverse_chunk512.xml
x3211c0s31b1n0:9486:9510 [1] NCCL INFO MSCCL: Parsing algorithm /home/yuke/ncclPG/CCL-LYD/msccl_tools_lyd/examples/xml/allreduce_binary_tree_p_gpu01_32nodes_channel4_reverse_chunk512.xml
x3211c0s31b1n0:9487:9512 [2] NCCL INFO Connected all trees
x3211c0s31b1n0:9487:9512 [2] NCCL INFO MSCCL_XML_FILES set by environment to /home/yuke/ncclPG/CCL-LYD/msccl_tools_lyd/examples/xml/allreduce_binary_tree_p_gpu01_32nodes_channel4_reverse_chunk512.xml
x3211c0s31b1n0:9487:9512 [2] NCCL INFO MSCCL: Parsing algorithm /home/yuke/ncclPG/CCL-LYD/msccl_tools_lyd/examples/xml/allreduce_binary_tree_p_gpu01_32nodes_channel4_reverse_chunk512.xml
x3212c0s1b0n0:26898:26920 [0] NCCL INFO Channel 02/0 : 108[7000] -> 93[46000] [send] via NET/AWS Libfabric/3
x3209c0s37b0n0:30351:30374 [2] NCCL INFO Channel 02 : 38[85000] -> 37[46000] via P2P/IPC/read
x3209c0s37b1n0:36158:36176 [3] NCCL INFO Channel 01/0 : 47[c7000] -> 43[c7000] [receive] via NET/AWS Libfabric/1
x3209c0s1b0n0:9090:9108 [2] NCCL INFO Channel 00 : 18[85000] -> 17[46000] via P2P/IPC/read
x3209c0s13b1n0:49063:49085 [3] NCCL INFO Channel 03/0 : 7[c7000] -> 15[c7000] [send] via NET/AWS Libfabric/1
x3211c0s7b0n0:15218:15245 [0] NCCL INFO Channel 02/0 : 61[46000] -> 92[7000] [receive] via NET/AWS Libfabric/3
x3211c0s7b0n0:15221:15244 [3] NCCL INFO Channel 03/0 : 62[85000] -> 95[c7000] [receive] via NET/AWS Libfabric/1
x3210c0s7b0n0:54378:54403 [2] NCCL INFO Channel 00 : 70[85000] -> 69[46000] via P2P/IPC/read
x3212c0s1b0n0:26898:26920 [0] NCCL INFO Channel 02/0 : 108[7000] -> 100[7000] [send] via NET/AWS Libfabric/3
x3209c0s31b0n0:21439:21465 [0] NCCL INFO Channel 02/0 : 28[7000] -> 60[7000] [send] via NET/AWS Libfabric/3
x3212c0s13b1n0:51933:51955 [2] NCCL INFO Channel 02 : 102[85000] -> 101[46000] via P2P/IPC/read
x3209c0s7b0n0:36891:36913 [2] NCCL INFO Channel 02 : 46[85000] -> 45[46000] via P2P/IPC/read
x3210c0s13b0n0:49277:49304 [0] NCCL INFO Channel 00/0 : 57[46000] -> 52[7000] [receive] via NET/AWS Libfabric/3
x3211c0s37b1n0:47774:47798 [3] NCCL INFO Channel 01/0 : 95[c7000] -> 91[c7000] [receive] via NET/AWS Libfabric/1
x3209c0s7b0n0:36890:36912 [1] NCCL INFO Connected all trees
x3209c0s7b0n0:36890:36912 [1] NCCL INFO MSCCL_XML_FILES set by environment to /home/yuke/ncclPG/CCL-LYD/msccl_tools_lyd/examples/xml/allreduce_binary_tree_p_gpu01_32nodes_channel4_reverse_chunk512.xml
x3209c0s7b0n0:36890:36912 [1] NCCL INFO MSCCL: Parsing algorithm /home/yuke/ncclPG/CCL-LYD/msccl_tools_lyd/examples/xml/allreduce_binary_tree_p_gpu01_32nodes_channel4_reverse_chunk512.xml
x3209c0s7b0n0:36891:36913 [2] NCCL INFO Connected all trees
x3209c0s7b0n0:36891:36913 [2] NCCL INFO MSCCL_XML_FILES set by environment to /home/yuke/ncclPG/CCL-LYD/msccl_tools_lyd/examples/xml/allreduce_binary_tree_p_gpu01_32nodes_channel4_reverse_chunk512.xml
x3209c0s7b0n0:36891:36913 [2] NCCL INFO MSCCL: Parsing algorithm /home/yuke/ncclPG/CCL-LYD/msccl_tools_lyd/examples/xml/allreduce_binary_tree_p_gpu01_32nodes_channel4_reverse_chunk512.xml
x3210c0s7b1n0:30486:30510 [0] NCCL INFO Channel 00/0 : 76[7000] -> 72[7000] [receive] via NET/AWS Libfabric/3
x3210c0s1b0n0:18622:18643 [2] NCCL INFO Channel 01/0 : 66[85000] -> 35[c7000] [send] via NET/AWS Libfabric/1
x3212c0s25b1n0:42913:42939 [0] NCCL INFO Channel 00/0 : 124[7000] -> 120[7000] [receive] via NET/AWS Libfabric/3
x3211c0s37b1n0:47773:47794 [2] NCCL INFO Channel 00 : 90[85000] -> 89[46000] via P2P/IPC/read
x3211c0s37b0n0:18590:18613 [3] NCCL INFO Connected all trees
x3211c0s37b0n0:18590:18613 [3] NCCL INFO MSCCL_XML_FILES set by environment to /home/yuke/ncclPG/CCL-LYD/msccl_tools_lyd/examples/xml/allreduce_binary_tree_p_gpu01_32nodes_channel4_reverse_chunk512.xml
x3211c0s37b0n0:18590:18613 [3] NCCL INFO MSCCL: Parsing algorithm /home/yuke/ncclPG/CCL-LYD/msccl_tools_lyd/examples/xml/allreduce_binary_tree_p_gpu01_32nodes_channel4_reverse_chunk512.xml
x3209c0s1b0n0:9091:9111 [3] NCCL INFO Channel 01/0 : 34[85000] -> 19[c7000] [receive] via NET/AWS Libfabric/1
x3209c0s31b1n0:4586:4611 [0] NCCL INFO Channel 00/0 : 65[46000] -> 32[7000] [receive] via NET/AWS Libfabric/3
x3209c0s37b1n0:36158:36176 [3] NCCL INFO Connected all trees
x3209c0s37b1n0:36158:36176 [3] NCCL INFO MSCCL_XML_FILES set by environment to /home/yuke/ncclPG/CCL-LYD/msccl_tools_lyd/examples/xml/allreduce_binary_tree_p_gpu01_32nodes_channel4_reverse_chunk512.xml
x3209c0s37b1n0:36158:36176 [3] NCCL INFO MSCCL: Parsing algorithm /home/yuke/ncclPG/CCL-LYD/msccl_tools_lyd/examples/xml/allreduce_binary_tree_p_gpu01_32nodes_channel4_reverse_chunk512.xml
x3212c0s19b1n0:57596:57617 [3] NCCL INFO Channel 01/0 : 111[c7000] -> 107[c7000] [receive] via NET/AWS Libfabric/1
x3209c0s7b0n0:36892:36915 [3] NCCL INFO Connected all trees
x3209c0s7b0n0:36892:36915 [3] NCCL INFO MSCCL_XML_FILES set by environment to /home/yuke/ncclPG/CCL-LYD/msccl_tools_lyd/examples/xml/allreduce_binary_tree_p_gpu01_32nodes_channel4_reverse_chunk512.xml
x3209c0s7b0n0:36892:36915 [3] NCCL INFO MSCCL: Parsing algorithm /home/yuke/ncclPG/CCL-LYD/msccl_tools_lyd/examples/xml/allreduce_binary_tree_p_gpu01_32nodes_channel4_reverse_chunk512.xml
x3209c0s7b0n0:36889:36914 [0] NCCL INFO Connected all trees
x3209c0s7b0n0:36889:36914 [0] NCCL INFO MSCCL_XML_FILES set by environment to /home/yuke/ncclPG/CCL-LYD/msccl_tools_lyd/examples/xml/allreduce_binary_tree_p_gpu01_32nodes_channel4_reverse_chunk512.xml
x3209c0s7b0n0:36889:36914 [0] NCCL INFO MSCCL: Parsing algorithm /home/yuke/ncclPG/CCL-LYD/msccl_tools_lyd/examples/xml/allreduce_binary_tree_p_gpu01_32nodes_channel4_reverse_chunk512.xml
x3210c0s1b0n0:18622:18643 [2] NCCL INFO Channel 00 : 66[85000] -> 65[46000] via P2P/IPC/read
x3212c0s13b1n0:51934:51956 [3] NCCL INFO Channel 03/0 : 103[c7000] -> 99[c7000] [send] via NET/AWS Libfabric/1
x3212c0s1b0n0:26901:26922 [3] NCCL INFO Channel 01/0 : 111[c7000] -> 107[c7000] [send] via NET/AWS Libfabric/1
x3210c0s7b1n0:30489:30511 [3] NCCL INFO Channel 01/0 : 79[c7000] -> 75[c7000] [receive] via NET/AWS Libfabric/1
x3211c0s7b1n0:37009:37037 [0] NCCL INFO Channel 02/0 : 100[7000] -> 96[7000] [receive] via NET/AWS Libfabric/3
x3210c0s19b0n0:52258:52281 [2] NCCL INFO Channel 03/0 : 95[c7000] -> 62[85000] [receive] via NET/AWS Libfabric/1
x3209c0s1b0n0:9090:9108 [2] NCCL INFO Channel 02 : 18[85000] -> 17[46000] via P2P/IPC/read
x3210c0s7b0n0:54378:54403 [2] NCCL INFO Channel 02 : 70[85000] -> 69[46000] via P2P/IPC/read
x3210c0s1b0n0:18621:18644 [1] NCCL INFO Channel 00/0 : 65[46000] -> 32[7000] [send] via NET/AWS Libfabric/3
x3209c0s31b0n0:21439:21465 [0] NCCL INFO Channel 02/0 : 60[7000] -> 28[7000] [receive] via NET/AWS Libfabric/3
x3211c0s37b1n0:47773:47794 [2] NCCL INFO Channel 02 : 90[85000] -> 89[46000] via P2P/IPC/read
x3212c0s1b0n0:26901:26922 [3] NCCL INFO Connected all trees
x3212c0s1b0n0:26901:26922 [3] NCCL INFO MSCCL_XML_FILES set by environment to /home/yuke/ncclPG/CCL-LYD/msccl_tools_lyd/examples/xml/allreduce_binary_tree_p_gpu01_32nodes_channel4_reverse_chunk512.xml
