x3210c0s13b0n0:63010:63032 [2] NCCL INFO Channel 03/0 : 59[c7000] -> 54[85000] [receive] via NET/AWS Libfabric/1
x3211c0s31b0n0:31148:31165 [3] NCCL INFO Channel 03/0 : 71[c7000] -> 79[c7000] [receive] via NET/AWS Libfabric/1
x3212c0s31b0n0:63680:63701 [3] NCCL INFO Channel 03/0 : 63[c7000] -> 127[c7000] [receive] via NET/AWS Libfabric/1
x3210c0s13b1n0:37826:37848 [1] NCCL INFO Channel 00/0 : 57[46000] -> 52[7000] [send] via NET/AWS Libfabric/3
x3211c0s7b1n0:52658:52685 [0] NCCL INFO Channel 02/0 : 96[7000] -> 100[7000] [send] via NET/AWS Libfabric/3
x3209c0s13b0n0:63960:63983 [1] NCCL INFO Channel 02 : 1[46000] -> 2[85000] via P2P/IPC/read
x3210c0s13b1n0:37825:37850 [0] NCCL INFO Channel 00/0 : 56[7000] -> 60[7000] [send] via NET/AWS Libfabric/3
x3210c0s7b1n0:45602:45624 [2] NCCL INFO Channel 01/0 : 74[85000] -> 71[c7000] [send] via NET/AWS Libfabric/1
x3209c0s19b0n0:44966:44989 [1] NCCL INFO Channel 02 : 9[46000] -> 10[85000] via P2P/IPC/read
x3212c0s1b1n0:26552:26576 [2] NCCL INFO Channel 02 : 114[85000] -> 115[c7000] via P2P/IPC/read
x3211c0s7b1n0:52659:52684 [1] NCCL INFO Channel 00/0 : 80[7000] -> 97[46000] [receive] via NET/AWS Libfabric/3
x3210c0s19b0n0:494:519 [1] NCCL INFO Channel 03 : 61[46000] -> 62[85000] via P2P/IPC/read
x3209c0s19b0n0:44967:44988 [2] NCCL INFO Channel 03 : 10[85000] -> 11[c7000] via P2P/IPC/read
x3212c0s13b1n0:1283:1306 [1] NCCL INFO Channel 03 : 101[46000] -> 102[85000] via P2P/IPC/read
x3209c0s1b0n0:24176:24198 [1] NCCL INFO Channel 01 : 17[46000] -> 18[85000] via P2P/IPC/read
x3209c0s25b0n0:64835:64858 [1] NCCL INFO Channel 02 : 21[46000] -> 22[85000] via P2P/IPC/read
x3209c0s25b0n0:64836:64857 [2] NCCL INFO Channel 03 : 22[85000] -> 23[c7000] via P2P/IPC/read
x3212c0s1b0n0:41789:41813 [1] NCCL INFO Channel 02/0 : 116[7000] -> 109[46000] [receive] via NET/AWS Libfabric/3
x3210c0s1b0n0:31938:31960 [3] NCCL INFO Channel 01/0 : 67[c7000] -> 99[c7000] [send] via NET/AWS Libfabric/1
x3210c0s7b0n0:4077:4101 [1] NCCL INFO Channel 02 : 69[46000] -> 70[85000] via P2P/IPC/read
x3210c0s7b1n0:45603:45626 [3] NCCL INFO Channel 03/0 : 70[85000] -> 75[c7000] [receive] via NET/AWS Libfabric/1
x3211c0s37b1n0:63059:63083 [1] NCCL INFO Channel 02 : 89[46000] -> 90[85000] via P2P/IPC/read
x3212c0s25b0n0:47115:47138 [3] NCCL INFO Channel 01/0 : 119[c7000] -> 122[85000] [send] via NET/AWS Libfabric/1
x3212c0s31b0n0:63680:63701 [3] NCCL INFO Channel 03/0 : 127[c7000] -> 63[c7000] [send] via NET/AWS Libfabric/1
x3209c0s1b0n0:24180:24199 [3] NCCL INFO Channel 03/0 : 19[c7000] -> 23[c7000] [send] via NET/AWS Libfabric/1
x3212c0s25b0n0:47112:47137 [0] NCCL INFO Channel 02/0 : 116[7000] -> 109[46000] [send] via NET/AWS Libfabric/3
x3209c0s37b0n0:45235:45258 [2] NCCL INFO Channel 03 : 38[85000] -> 39[c7000] via P2P/IPC/read
x3209c0s25b0n0:64835:64858 [1] NCCL INFO Channel 03 : 21[46000] -> 22[85000] via P2P/IPC/read
x3211c0s7b0n0:29340:29363 [2] NCCL INFO Channel 03/0 : 111[c7000] -> 94[85000] [receive] via NET/AWS Libfabric/1
x3212c0s25b1n0:506:531 [0] NCCL INFO Channel 00/0 : 120[7000] -> 112[7000] [send] via NET/AWS Libfabric/3
x3209c0s1b0n0:24176:24198 [1] NCCL INFO Channel 02 : 17[46000] -> 18[85000] via P2P/IPC/read
x3209c0s7b1n0:11086:11107 [3] NCCL INFO Channel 01/0 : 51[c7000] -> 59[c7000] [send] via NET/AWS Libfabric/1
x3209c0s13b0n0:63960:63983 [1] NCCL INFO Channel 03 : 1[46000] -> 2[85000] via P2P/IPC/read
x3212c0s1b1n0:26552:26576 [2] NCCL INFO Channel 03 : 114[85000] -> 115[c7000] via P2P/IPC/read
x3209c0s19b0n0:44966:44989 [1] NCCL INFO Channel 03 : 9[46000] -> 10[85000] via P2P/IPC/read
x3209c0s7b0n0:50039:50062 [1] NCCL INFO Channel 02/0 : 45[46000] -> 52[7000] [send] via NET/AWS Libfabric/3
x3212c0s1b1n0:26550:26575 [0] NCCL INFO Channel 00/0 : 96[7000] -> 112[7000] [receive] via NET/AWS Libfabric/3
x3212c0s25b0n0:47112:47137 [0] NCCL INFO Channel 00/0 : 121[46000] -> 116[7000] [receive] via NET/AWS Libfabric/3
x3210c0s7b0n0:4079:4100 [3] NCCL INFO Channel 03/0 : 71[c7000] -> 79[c7000] [send] via NET/AWS Libfabric/1
x3211c0s37b1n0:63059:63083 [1] NCCL INFO Channel 03 : 89[46000] -> 90[85000] via P2P/IPC/read
x3209c0s7b0n0:50041:50061 [3] NCCL INFO Channel 01/0 : 43[c7000] -> 47[c7000] [receive] via NET/AWS Libfabric/1
x3210c0s13b0n0:63011:63030 [3] NCCL INFO Channel 03/0 : 46[85000] -> 55[c7000] [receive] via NET/AWS Libfabric/1
x3212c0s1b0n0:41791:41811 [3] NCCL INFO Channel 03/0 : 111[c7000] -> 94[85000] [send] via NET/AWS Libfabric/1
x3211c0s37b1n0:63061:63080 [3] NCCL INFO Channel 01/0 : 91[c7000] -> 95[c7000] [send] via NET/AWS Libfabric/1
x3210c0s7b0n0:4077:4101 [1] NCCL INFO Channel 03 : 69[46000] -> 70[85000] via P2P/IPC/read
x3209c0s1b0n0:24176:24198 [1] NCCL INFO Channel 03 : 17[46000] -> 18[85000] via P2P/IPC/read
x3212c0s25b0n0:47114:47135 [2] NCCL INFO Channel 03/0 : 123[c7000] -> 118[85000] [receive] via NET/AWS Libfabric/1
x3209c0s19b0n0:44968:44990 [3] NCCL INFO Channel 01/0 : 11[c7000] -> 15[c7000] [send] via NET/AWS Libfabric/1
x3209c0s25b0n0:64837:64856 [3] NCCL INFO Channel 01/0 : 23[c7000] -> 26[85000] [send] via NET/AWS Libfabric/1
x3212c0s25b1n0:508:529 [2] NCCL INFO Channel 01/0 : 122[85000] -> 119[c7000] [send] via NET/AWS Libfabric/1
x3210c0s13b1n0:37828:37847 [3] NCCL INFO Channel 01/0 : 59[c7000] -> 51[c7000] [send] via NET/AWS Libfabric/1
x3210c0s19b0n0:495:520 [2] NCCL INFO Channel 03/0 : 62[85000] -> 95[c7000] [send] via NET/AWS Libfabric/1
x3211c0s7b0n0:29340:29363 [2] NCCL INFO Channel 00 : 94[85000] -> 93[46000] via P2P/IPC/read
x3209c0s7b0n0:50040:50064 [2] NCCL INFO Channel 03/0 : 46[85000] -> 55[c7000] [send] via NET/AWS Libfabric/1
x3210c0s19b0n0:493:521 [0] NCCL INFO Channel 00/0 : 56[7000] -> 60[7000] [receive] via NET/AWS Libfabric/3
x3209c0s13b0n0:63961:63982 [2] NCCL INFO Channel 00 : 2[85000] -> 1[46000] via P2P/IPC/read
x3212c0s25b0n0:47115:47138 [3] NCCL INFO Channel 03/0 : 115[c7000] -> 119[c7000] [receive] via NET/AWS Libfabric/1
x3212c0s1b0n0:41791:41811 [3] NCCL INFO Channel 03/0 : 111[c7000] -> 103[c7000] [send] via NET/AWS Libfabric/1
x3210c0s13b0n0:63008:63033 [0] NCCL INFO Channel 02/0 : 52[7000] -> 45[46000] [send] via NET/AWS Libfabric/3
x3212c0s13b1n0:1282:1305 [0] NCCL INFO Channel 02/0 : 96[7000] -> 100[7000] [receive] via NET/AWS Libfabric/3
x3211c0s31b0n0:31148:31165 [3] NCCL INFO Channel 03/0 : 79[c7000] -> 95[c7000] [send] via NET/AWS Libfabric/1
x3212c0s25b1n0:509:530 [3] NCCL INFO Channel 01/0 : 115[c7000] -> 123[c7000] [receive] via NET/AWS Libfabric/1
x3212c0s13b1n0:1284:1307 [2] NCCL INFO Channel 03/0 : 102[85000] -> 107[c7000] [send] via NET/AWS Libfabric/1
x3212c0s1b1n0:26553:26574 [3] NCCL INFO Channel 03/0 : 115[c7000] -> 119[c7000] [send] via NET/AWS Libfabric/1
x3210c0s7b0n0:4079:4100 [3] NCCL INFO Channel 03/0 : 79[c7000] -> 71[c7000] [receive] via NET/AWS Libfabric/1
x3211c0s37b1n0:63061:63080 [3] NCCL INFO Channel 03/0 : 86[85000] -> 91[c7000] [receive] via NET/AWS Libfabric/1
x3209c0s25b0n0:64834:64859 [0] NCCL INFO Channel 02/0 : 16[7000] -> 20[7000] [receive] via NET/AWS Libfabric/3
x3212c0s1b1n0:26551:26577 [1] NCCL INFO Channel 00/0 : 104[7000] -> 113[46000] [receive] via NET/AWS Libfabric/3
x3209c0s19b1n0:8806:8827 [3] NCCL INFO Channel 03/0 : 7[c7000] -> 15[c7000] [receive] via NET/AWS Libfabric/1
x3209c0s19b0n0:44968:44990 [3] NCCL INFO Channel 03/0 : 6[85000] -> 11[c7000] [receive] via NET/AWS Libfabric/1
x3209c0s37b0n0:45234:45257 [1] NCCL INFO Channel 02/0 : 37[46000] -> 40[7000] [send] via NET/AWS Libfabric/3
x3209c0s7b0n0:50039:50062 [1] NCCL INFO Channel 02/0 : 52[7000] -> 45[46000] [receive] via NET/AWS Libfabric/3
x3209c0s25b0n0:64837:64856 [3] NCCL INFO Channel 03/0 : 19[c7000] -> 23[c7000] [receive] via NET/AWS Libfabric/1
x3212c0s25b0n0:47112:47137 [0] NCCL INFO Channel 02/0 : 116[7000] -> 112[7000] [send] via NET/AWS Libfabric/3
x3209c0s37b1n0:49774:49796 [3] NCCL INFO Channel 03/0 : 38[85000] -> 43[c7000] [receive] via NET/AWS Libfabric/1
x3210c0s19b0n0:494:519 [1] NCCL INFO Channel 02/0 : 61[46000] -> 92[7000] [send] via NET/AWS Libfabric/3
x3209c0s13b0n0:63959:63981 [0] NCCL INFO Channel 02/0 : 0[7000] -> 4[7000] [send] via NET/AWS Libfabric/3
x3212c0s13b1n0:1283:1306 [1] NCCL INFO Channel 02/0 : 101[46000] -> 104[7000] [send] via NET/AWS Libfabric/3
x3209c0s37b0n0:45236:45256 [3] NCCL INFO Channel 01/0 : 39[c7000] -> 42[85000] [send] via NET/AWS Libfabric/1
x3210c0s7b0n0:4078:4102 [2] NCCL INFO Channel 03/0 : 70[85000] -> 75[c7000] [send] via NET/AWS Libfabric/1
x3209c0s7b1n0:11086:11107 [3] NCCL INFO Channel 01/0 : 35[c7000] -> 51[c7000] [receive] via NET/AWS Libfabric/1
x3209c0s25b1n0:46319:46341 [2] NCCL INFO Channel 01/0 : 26[85000] -> 23[c7000] [send] via NET/AWS Libfabric/1
x3212c0s13b1n0:1285:1304 [3] NCCL INFO Channel 03/0 : 103[c7000] -> 99[c7000] [send] via NET/AWS Libfabric/1
x3211c0s7b0n0:29341:29364 [3] NCCL INFO Channel 03/0 : 79[c7000] -> 95[c7000] [receive] via NET/AWS Libfabric/1
x3209c0s13b0n0:63961:63982 [2] NCCL INFO Channel 02 : 2[85000] -> 1[46000] via P2P/IPC/read
x3209c0s19b0n0:44965:44987 [0] NCCL INFO Channel 02/0 : 5[46000] -> 8[7000] [receive] via NET/AWS Libfabric/3
x3209c0s37b0n0:45235:45258 [2] NCCL INFO Channel 03/0 : 38[85000] -> 43[c7000] [send] via NET/AWS Libfabric/1
x3211c0s7b0n0:29340:29363 [2] NCCL INFO Channel 02 : 94[85000] -> 93[46000] via P2P/IPC/read
x3209c0s7b0n0:50041:50061 [3] NCCL INFO Channel 03/0 : 39[c7000] -> 47[c7000] [receive] via NET/AWS Libfabric/1
x3211c0s37b1n0:63060:63081 [2] NCCL INFO Channel 01/0 : 87[c7000] -> 90[85000] [receive] via NET/AWS Libfabric/1
x3209c0s25b0n0:64835:64858 [1] NCCL INFO Channel 02/0 : 21[46000] -> 24[7000] [send] via NET/AWS Libfabric/3
x3209c0s25b0n0:64836:64857 [2] NCCL INFO Channel 03/0 : 22[85000] -> 27[c7000] [send] via NET/AWS Libfabric/1
x3210c0s13b1n0:37825:37850 [0] NCCL INFO Channel 00/0 : 48[7000] -> 56[7000] [receive] via NET/AWS Libfabric/3
x3212c0s1b1n0:26553:26574 [3] NCCL INFO Channel 01/0 : 115[c7000] -> 123[c7000] [send] via NET/AWS Libfabric/1
x3212c0s1b0n0:41791:41811 [3] NCCL INFO Channel 01/0 : 111[c7000] -> 107[c7000] [send] via NET/AWS Libfabric/1
x3211c0s37b0n0:32461:32484 [2] NCCL INFO Channel 03/0 : 91[c7000] -> 86[85000] [receive] via NET/AWS Libfabric/1
x3209c0s19b0n0:44967:44988 [2] NCCL INFO Channel 01/0 : 7[c7000] -> 10[85000] [receive] via NET/AWS Libfabric/1
x3211c0s37b1n0:63058:63082 [0] NCCL INFO Channel 02/0 : 85[46000] -> 88[7000] [receive] via NET/AWS Libfabric/3
x3209c0s13b0n0:63959:63981 [0] NCCL INFO Channel 00/0 : 64[7000] -> 0[7000] [receive] via NET/AWS Libfabric/3
x3209c0s13b0n0:63959:63981 [0] NCCL INFO Channel 00/0 : 0[7000] -> 64[7000] [send] via NET/AWS Libfabric/3
x3209c0s13b1n0:63411:63435 [1] NCCL INFO Channel 02/0 : 8[7000] -> 5[46000] [receive] via NET/AWS Libfabric/3
x3210c0s13b0n0:63011:63030 [3] NCCL INFO Channel 03/0 : 55[c7000] -> 46[85000] [send] via NET/AWS Libfabric/1
x3210c0s7b0n0:4077:4101 [1] NCCL INFO Channel 02/0 : 69[46000] -> 72[7000] [send] via NET/AWS Libfabric/3
x3209c0s7b0n0:50040:50064 [2] NCCL INFO Channel 03/0 : 55[c7000] -> 46[85000] [receive] via NET/AWS Libfabric/1
x3212c0s19b1n0:9502:9528 [0] NCCL INFO Channel 00/0 : 104[7000] -> 108[7000] [send] via NET/AWS Libfabric/3
x3209c0s19b0n0:44966:44989 [1] NCCL INFO Channel 00/0 : 4[7000] -> 9[46000] [receive] via NET/AWS Libfabric/3
x3212c0s1b1n0:26552:26576 [2] NCCL INFO Channel 01/0 : 107[c7000] -> 114[85000] [receive] via NET/AWS Libfabric/1
x3209c0s1b0n0:24180:24199 [3] NCCL INFO Channel 01/0 : 19[c7000] -> 27[c7000] [send] via NET/AWS Libfabric/1
x3210c0s19b0n0:493:521 [0] NCCL INFO Channel 02/0 : 28[7000] -> 60[7000] [receive] via NET/AWS Libfabric/3
x3211c0s7b1n0:52658:52685 [0] NCCL INFO Channel 00/0 : 96[7000] -> 112[7000] [send] via NET/AWS Libfabric/3
x3209c0s1b0n0:24174:24200 [0] NCCL INFO Channel 02/0 : 16[7000] -> 20[7000] [send] via NET/AWS Libfabric/3
x3212c0s13b1n0:1284:1307 [2] NCCL INFO Channel 03/0 : 107[c7000] -> 102[85000] [receive] via NET/AWS Libfabric/1
x3209c0s37b1n0:49771:49795 [0] NCCL INFO Channel 00/0 : 40[7000] -> 44[7000] [send] via NET/AWS Libfabric/3
x3209c0s13b1n0:63410:63436 [0] NCCL INFO Channel 00/0 : 4[7000] -> 9[46000] [send] via NET/AWS Libfabric/3
x3210c0s7b0n0:4076:4099 [0] NCCL INFO Channel 02/0 : 64[7000] -> 68[7000] [receive] via NET/AWS Libfabric/3
x3212c0s19b1n0:9505:9526 [3] NCCL INFO Channel 01/0 : 107[c7000] -> 114[85000] [send] via NET/AWS Libfabric/1
x3209c0s25b1n0:46317:46342 [0] NCCL INFO Channel 00/0 : 24[7000] -> 28[7000] [send] via NET/AWS Libfabric/3
x3209c0s13b0n0:63960:63983 [1] NCCL INFO Connected all trees
x3209c0s13b0n0:63960:63983 [1] NCCL INFO MSCCL_XML_FILES set by environment to /home/yuke/ncclPG/CCL-LYD/msccl_tools_lyd/examples/xml/allreduce_binary_tree_p_gpu01_32nodes_channel4_reverse_chunk512.xml
x3209c0s13b0n0:63960:63983 [1] NCCL INFO MSCCL: Parsing algorithm /home/yuke/ncclPG/CCL-LYD/msccl_tools_lyd/examples/xml/allreduce_binary_tree_p_gpu01_32nodes_channel4_reverse_chunk512.xml
x3209c0s13b0n0:63961:63982 [2] NCCL INFO Connected all trees
x3209c0s13b0n0:63961:63982 [2] NCCL INFO MSCCL_XML_FILES set by environment to /home/yuke/ncclPG/CCL-LYD/msccl_tools_lyd/examples/xml/allreduce_binary_tree_p_gpu01_32nodes_channel4_reverse_chunk512.xml
x3209c0s13b0n0:63961:63982 [2] NCCL INFO MSCCL: Parsing algorithm /home/yuke/ncclPG/CCL-LYD/msccl_tools_lyd/examples/xml/allreduce_binary_tree_p_gpu01_32nodes_channel4_reverse_chunk512.xml
x3212c0s31b0n0:63678:63703 [1] NCCL INFO Parsed MSCCL Algorithm /home/yuke/ncclPG/CCL-LYD/msccl_tools_lyd/examples/xml/allreduce_binary_tree_p_gpu01_32nodes_channel4_reverse_chunk512.xml successfully.
x3212c0s31b0n0:63678:63703 [1] NCCL INFO Connected 1 MSCCL algorithms
x3212c0s31b0n0:63678:63703 [1] NCCL INFO NCCL_NTHREADS set by environment to 512.
x3212c0s31b0n0:63678:63703 [1] NCCL INFO NCCL_PROTO set by environment to Simple
x3212c0s31b0n0:63678:63703 [1] NCCL INFO NCCL_ALGO set by environment to MSCCL,TREE,RING
x3212c0s31b0n0:63678:63703 [1] NCCL INFO threadThresholds 8/8/64 | 1024/8/64 | 8/8/64 | 8/8/512
x3212c0s31b0n0:63678:63703 [1] NCCL INFO 4 coll channels, 4 p2p channels, 2 p2p channels per peer
x3212c0s31b0n0:63679:63700 [2] NCCL INFO Parsed MSCCL Algorithm /home/yuke/ncclPG/CCL-LYD/msccl_tools_lyd/examples/xml/allreduce_binary_tree_p_gpu01_32nodes_channel4_reverse_chunk512.xml successfully.
x3212c0s31b0n0:63679:63700 [2] NCCL INFO Connected 1 MSCCL algorithms
x3212c0s31b0n0:63679:63700 [2] NCCL INFO NCCL_NTHREADS set by environment to 512.
x3212c0s31b0n0:63679:63700 [2] NCCL INFO NCCL_PROTO set by environment to Simple
x3212c0s31b0n0:63679:63700 [2] NCCL INFO NCCL_ALGO set by environment to MSCCL,TREE,RING
x3212c0s31b0n0:63679:63700 [2] NCCL INFO threadThresholds 8/8/64 | 1024/8/64 | 8/8/64 | 8/8/512
x3212c0s31b0n0:63679:63700 [2] NCCL INFO 4 coll channels, 4 p2p channels, 2 p2p channels per peer
x3210c0s7b1n0:45603:45626 [3] NCCL INFO Channel 01/0 : 75[c7000] -> 82[85000] [send] via NET/AWS Libfabric/1
x3209c0s37b1n0:49771:49795 [0] NCCL INFO Channel 00/0 : 40[7000] -> 49[46000] [send] via NET/AWS Libfabric/3
x3209c0s37b1n0:49773:49797 [2] NCCL INFO Channel 01/0 : 42[85000] -> 39[c7000] [send] via NET/AWS Libfabric/1
x3211c0s37b1n0:63059:63083 [1] NCCL INFO Channel 00/0 : 84[7000] -> 89[46000] [receive] via NET/AWS Libfabric/3
x3212c0s25b1n0:509:530 [3] NCCL INFO Channel 01/0 : 123[c7000] -> 115[c7000] [send] via NET/AWS Libfabric/1
x3209c0s25b0n0:64835:64858 [1] NCCL INFO Channel 02/0 : 24[7000] -> 21[46000] [receive] via NET/AWS Libfabric/3
x3209c0s7b0n0:50040:50064 [2] NCCL INFO Channel 00 : 46[85000] -> 45[46000] via P2P/IPC/read
x3210c0s13b0n0:63011:63030 [3] NCCL INFO Channel 03/0 : 55[c7000] -> 51[c7000] [send] via NET/AWS Libfabric/1
x3209c0s37b0n0:45234:45257 [1] NCCL INFO Channel 02/0 : 40[7000] -> 37[46000] [receive] via NET/AWS Libfabric/3
x3212c0s25b0n0:47115:47138 [3] NCCL INFO Channel 03/0 : 110[85000] -> 119[c7000] [receive] via NET/AWS Libfabric/1
x3209c0s13b1n0:63412:63433 [2] NCCL INFO Channel 03/0 : 11[c7000] -> 6[85000] [receive] via NET/AWS Libfabric/1
x3212c0s13b1n0:1282:1305 [0] NCCL INFO Channel 00/0 : 100[7000] -> 105[46000] [send] via NET/AWS Libfabric/3
x3212c0s13b1n0:1283:1306 [1] NCCL INFO Channel 02/0 : 104[7000] -> 101[46000] [receive] via NET/AWS Libfabric/3
x3209c0s1b0n0:24174:24200 [0] NCCL INFO Channel 00/0 : 16[7000] -> 24[7000] [send] via NET/AWS Libfabric/3
x3209c0s1b0n0:24178:24197 [2] NCCL INFO Channel 01/0 : 11[c7000] -> 18[85000] [receive] via NET/AWS Libfabric/1
x3209c0s13b1n0:63413:63434 [3] NCCL INFO Channel 03/0 : 3[c7000] -> 7[c7000] [receive] via NET/AWS Libfabric/1
x3210c0s7b0n0:4077:4101 [1] NCCL INFO Channel 02/0 : 72[7000] -> 69[46000] [receive] via NET/AWS Libfabric/3
x3210c0s7b0n0:4078:4102 [2] NCCL INFO Channel 03/0 : 75[c7000] -> 70[85000] [receive] via NET/AWS Libfabric/1
x3211c0s37b1n0:63061:63080 [3] NCCL INFO Channel 01/0 : 83[c7000] -> 91[c7000] [receive] via NET/AWS Libfabric/1
x3209c0s19b0n0:44968:44990 [3] NCCL INFO Channel 01/0 : 11[c7000] -> 18[85000] [send] via NET/AWS Libfabric/1
x3209c0s1b0n0:24176:24198 [1] NCCL INFO Channel 00/0 : 8[7000] -> 17[46000] [receive] via NET/AWS Libfabric/3
x3209c0s37b1n0:49774:49796 [3] NCCL INFO Channel 01/0 : 43[c7000] -> 50[85000] [send] via NET/AWS Libfabric/1
x3209c0s37b0n0:45235:45258 [2] NCCL INFO Channel 03/0 : 43[c7000] -> 38[85000] [receive] via NET/AWS Libfabric/1
x3209c0s25b0n0:64836:64857 [2] NCCL INFO Channel 03/0 : 27[c7000] -> 22[85000] [receive] via NET/AWS Libfabric/1
x3209c0s25b0n0:64837:64856 [3] NCCL INFO Channel 03/0 : 14[85000] -> 23[c7000] [receive] via NET/AWS Libfabric/1
x3212c0s1b1n0:26550:26575 [0] NCCL INFO Channel 00/0 : 112[7000] -> 96[7000] [send] via NET/AWS Libfabric/3
x3209c0s37b0n0:45236:45256 [3] NCCL INFO Channel 03/0 : 35[c7000] -> 39[c7000] [receive] via NET/AWS Libfabric/1
x3209c0s25b0n0:64834:64859 [0] NCCL INFO Channel 00/0 : 20[7000] -> 25[46000] [send] via NET/AWS Libfabric/3
x3209c0s7b0n0:50038:50063 [0] NCCL INFO Channel 02/0 : 36[7000] -> 44[7000] [receive] via NET/AWS Libfabric/3
x3209c0s7b1n0:11083:11108 [0] NCCL INFO Channel 00/0 : 32[7000] -> 48[7000] [receive] via NET/AWS Libfabric/3
x3209c0s7b1n0:11084:11109 [1] NCCL INFO Channel 00/0 : 49[46000] -> 40[7000] [send] via NET/AWS Libfabric/3
x3209c0s25b1n0:46320:46340 [3] NCCL INFO Channel 01/0 : 19[c7000] -> 27[c7000] [receive] via NET/AWS Libfabric/1
x3212c0s13b1n0:1282:1305 [0] NCCL INFO Channel 02/0 : 100[7000] -> 108[7000] [send] via NET/AWS Libfabric/3
x3210c0s7b1n0:45600:45627 [0] NCCL INFO Channel 00/0 : 72[7000] -> 76[7000] [send] via NET/AWS Libfabric/3
x3209c0s19b0n0:44965:44987 [0] NCCL INFO Channel 00/0 : 8[7000] -> 12[7000] [send] via NET/AWS Libfabric/3
x3210c0s13b1n0:37825:37850 [0] NCCL INFO Channel 00/0 : 56[7000] -> 48[7000] [send] via NET/AWS Libfabric/3
x3211c0s31b0n0:31148:31165 [3] NCCL INFO Channel 03/0 : 95[c7000] -> 79[c7000] [receive] via NET/AWS Libfabric/1
x3212c0s19b1n0:9502:9528 [0] NCCL INFO Channel 00/0 : 104[7000] -> 113[46000] [send] via NET/AWS Libfabric/3
x3211c0s37b0n0:32462:32485 [3] NCCL INFO Channel 03/0 : 83[c7000] -> 87[c7000] [receive] via NET/AWS Libfabric/1
x3209c0s19b0n0:44967:44988 [2] NCCL INFO Channel 01/0 : 10[85000] -> 7[c7000] [send] via NET/AWS Libfabric/1
x3209c0s31b0n0:35174:35200 [0] NCCL INFO Channel 02/0 : 12[7000] -> 28[7000] [receive] via NET/AWS Libfabric/3
x3211c0s7b0n0:29341:29364 [3] NCCL INFO Channel 03/0 : 62[85000] -> 95[c7000] [receive] via NET/AWS Libfabric/1
x3209c0s7b0n0:50040:50064 [2] NCCL INFO Channel 02 : 46[85000] -> 45[46000] via P2P/IPC/read
x3211c0s37b0n0:32459:32483 [0] NCCL INFO Channel 02/0 : 77[46000] -> 84[7000] [receive] via NET/AWS Libfabric/3
x3209c0s13b1n0:63410:63436 [0] NCCL INFO Channel 02/0 : 4[7000] -> 12[7000] [send] via NET/AWS Libfabric/3
x3212c0s1b0n0:41788:41814 [0] NCCL INFO Channel 02/0 : 100[7000] -> 108[7000] [receive] via NET/AWS Libfabric/3
x3212c0s1b1n0:26553:26574 [3] NCCL INFO Channel 01/0 : 99[c7000] -> 115[c7000] [receive] via NET/AWS Libfabric/1
x3211c0s7b1n0:52658:52685 [0] NCCL INFO Channel 00/0 : 64[7000] -> 96[7000] [receive] via NET/AWS Libfabric/3
x3210c0s1b0n0:31935:31959 [0] NCCL INFO Channel 00/0 : 64[7000] -> 96[7000] [send] via NET/AWS Libfabric/3
x3210c0s13b0n0:63008:63033 [0] NCCL INFO Channel 00/0 : 57[46000] -> 52[7000] [receive] via NET/AWS Libfabric/3
x3212c0s19b1n0:9503:9527 [1] NCCL INFO Channel 00/0 : 105[46000] -> 100[7000] [send] via NET/AWS Libfabric/3
x3211c0s37b0n0:32460:32486 [1] NCCL INFO Channel 02/0 : 88[7000] -> 85[46000] [receive] via NET/AWS Libfabric/3
x3210c0s7b1n0:45603:45626 [3] NCCL INFO Channel 01/0 : 82[85000] -> 75[c7000] [receive] via NET/AWS Libfabric/1
x3209c0s25b1n0:46317:46342 [0] NCCL INFO Channel 00/0 : 16[7000] -> 24[7000] [receive] via NET/AWS Libfabric/3
x3211c0s31b1n0:22508:22530 [2] NCCL INFO Channel 01/0 : 82[85000] -> 75[c7000] [send] via NET/AWS Libfabric/1
x3211c0s37b1n0:63059:63083 [1] NCCL INFO Channel 00/0 : 89[46000] -> 84[7000] [send] via NET/AWS Libfabric/3
x3209c0s19b0n0:44968:44990 [3] NCCL INFO Channel 01/0 : 18[85000] -> 11[c7000] [receive] via NET/AWS Libfabric/1
x3211c0s37b1n0:63060:63081 [2] NCCL INFO Channel 01/0 : 90[85000] -> 87[c7000] [send] via NET/AWS Libfabric/1
x3212c0s19b1n0:9505:9526 [3] NCCL INFO Channel 01/0 : 114[85000] -> 107[c7000] [receive] via NET/AWS Libfabric/1
x3209c0s19b0n0:44965:44987 [0] NCCL INFO Channel 00/0 : 8[7000] -> 17[46000] [send] via NET/AWS Libfabric/3
x3212c0s1b0n0:41790:41812 [2] NCCL INFO Channel 03/0 : 119[c7000] -> 110[85000] [receive] via NET/AWS Libfabric/1
x3212c0s1b1n0:26552:26576 [2] NCCL INFO Channel 01/0 : 114[85000] -> 107[c7000] [send] via NET/AWS Libfabric/1
x3209c0s37b1n0:49774:49796 [3] NCCL INFO Channel 01/0 : 50[85000] -> 43[c7000] [receive] via NET/AWS Libfabric/1
x3209c0s13b0n0:63962:63984 [3] NCCL INFO Channel 01/0 : 67[c7000] -> 3[c7000] [receive] via NET/AWS Libfabric/1
x3211c0s37b1n0:63058:63082 [0] NCCL INFO Channel 00/0 : 88[7000] -> 92[7000] [send] via NET/AWS Libfabric/3
x3209c0s7b1n0:11085:11106 [2] NCCL INFO Channel 01/0 : 50[85000] -> 43[c7000] [send] via NET/AWS Libfabric/1
x3212c0s1b1n0:26551:26577 [1] NCCL INFO Channel 00/0 : 113[46000] -> 104[7000] [send] via NET/AWS Libfabric/3
x3211c0s31b0n0:31144:31168 [0] NCCL INFO Channel 02/0 : 68[7000] -> 76[7000] [receive] via NET/AWS Libfabric/3
x3211c0s31b1n0:22508:22530 [2] NCCL INFO Channel 00 : 82[85000] -> 81[46000] via P2P/IPC/read
x3212c0s19b1n0:9502:9528 [0] NCCL INFO Channel 00/0 : 113[46000] -> 104[7000] [receive] via NET/AWS Libfabric/3
x3211c0s31b1n0:22509:22529 [3] NCCL INFO Channel 01/0 : 83[c7000] -> 91[c7000] [send] via NET/AWS Libfabric/1
x3209c0s31b1n0:17152:17172 [3] NCCL INFO Channel 01/0 : 35[c7000] -> 51[c7000] [send] via NET/AWS Libfabric/1
x3209c0s13b1n0:63413:63434 [3] NCCL INFO Channel 03/0 : 7[c7000] -> 15[c7000] [send] via NET/AWS Libfabric/1
x3209c0s7b0n0:50040:50064 [2] NCCL INFO Connected all trees
x3209c0s7b0n0:50040:50064 [2] NCCL INFO MSCCL_XML_FILES set by environment to /home/yuke/ncclPG/CCL-LYD/msccl_tools_lyd/examples/xml/allreduce_binary_tree_p_gpu01_32nodes_channel4_reverse_chunk512.xml
x3209c0s7b0n0:50040:50064 [2] NCCL INFO MSCCL: Parsing algorithm /home/yuke/ncclPG/CCL-LYD/msccl_tools_lyd/examples/xml/allreduce_binary_tree_p_gpu01_32nodes_channel4_reverse_chunk512.xml
x3209c0s7b0n0:50039:50062 [1] NCCL INFO Connected all trees
x3209c0s7b0n0:50039:50062 [1] NCCL INFO MSCCL_XML_FILES set by environment to /home/yuke/ncclPG/CCL-LYD/msccl_tools_lyd/examples/xml/allreduce_binary_tree_p_gpu01_32nodes_channel4_reverse_chunk512.xml
x3209c0s7b0n0:50039:50062 [1] NCCL INFO MSCCL: Parsing algorithm /home/yuke/ncclPG/CCL-LYD/msccl_tools_lyd/examples/xml/allreduce_binary_tree_p_gpu01_32nodes_channel4_reverse_chunk512.xml
x3212c0s1b1n0:26552:26576 [2] NCCL INFO Channel 00 : 114[85000] -> 113[46000] via P2P/IPC/read
x3209c0s19b0n0:44966:44989 [1] NCCL INFO Channel 00/0 : 9[46000] -> 4[7000] [send] via NET/AWS Libfabric/3
x3209c0s7b1n0:11085:11106 [2] NCCL INFO Channel 00 : 50[85000] -> 49[46000] via P2P/IPC/read
x3209c0s37b1n0:49771:49795 [0] NCCL INFO Channel 00/0 : 49[46000] -> 40[7000] [receive] via NET/AWS Libfabric/3
x3211c0s31b0n0:31145:31166 [1] NCCL INFO Channel 02/0 : 84[7000] -> 77[46000] [receive] via NET/AWS Libfabric/3
x3212c0s25b0n0:47115:47138 [3] NCCL INFO Channel 03/0 : 119[c7000] -> 110[85000] [send] via NET/AWS Libfabric/1
x3210c0s7b0n0:4076:4099 [0] NCCL INFO Channel 00/0 : 68[7000] -> 73[46000] [send] via NET/AWS Libfabric/3
x3209c0s25b1n0:46318:46343 [1] NCCL INFO Channel 00/0 : 25[46000] -> 20[7000] [send] via NET/AWS Libfabric/3
x3209c0s25b0n0:64834:64859 [0] NCCL INFO Channel 02/0 : 13[46000] -> 20[7000] [receive] via NET/AWS Libfabric/3
x3209c0s7b1n0:11085:11106 [2] NCCL INFO Channel 02 : 50[85000] -> 49[46000] via P2P/IPC/read
x3209c0s37b0n0:45236:45256 [3] NCCL INFO Channel 03/0 : 39[c7000] -> 47[c7000] [send] via NET/AWS Libfabric/1
x3209c0s19b1n0:8806:8827 [3] NCCL INFO Channel 03/0 : 15[c7000] -> 31[c7000] [send] via NET/AWS Libfabric/1
x3209c0s1b0n0:24178:24197 [2] NCCL INFO Channel 01/0 : 18[85000] -> 11[c7000] [send] via NET/AWS Libfabric/1
x3209c0s7b1n0:11083:11108 [0] NCCL INFO Channel 00/0 : 48[7000] -> 32[7000] [send] via NET/AWS Libfabric/3
x3209c0s25b1n0:46320:46340 [3] NCCL INFO Channel 01/0 : 27[c7000] -> 19[c7000] [send] via NET/AWS Libfabric/1
x3212c0s13b1n0:1282:1305 [0] NCCL INFO Channel 02/0 : 108[7000] -> 100[7000] [receive] via NET/AWS Libfabric/3
x3210c0s7b1n0:45600:45627 [0] NCCL INFO Channel 00/0 : 72[7000] -> 81[46000] [send] via NET/AWS Libfabric/3
x3209c0s1b0n0:24176:24198 [1] NCCL INFO Channel 00/0 : 17[46000] -> 8[7000] [send] via NET/AWS Libfabric/3
x3212c0s1b1n0:26552:26576 [2] NCCL INFO Channel 02 : 114[85000] -> 113[46000] via P2P/IPC/read
x3209c0s31b1n0:17149:17173 [0] NCCL INFO Channel 00/0 : 32[7000] -> 65[46000] [send] via NET/AWS Libfabric/3
x3209c0s1b0n0:24180:24199 [3] NCCL INFO Channel 01/0 : 19[c7000] -> 34[85000] [send] via NET/AWS Libfabric/1
x3211c0s37b0n0:32459:32483 [0] NCCL INFO Channel 02/0 : 84[7000] -> 77[46000] [send] via NET/AWS Libfabric/3
x3209c0s1b0n0:24178:24197 [2] NCCL INFO Channel 00 : 18[85000] -> 17[46000] via P2P/IPC/read
x3210c0s19b0n0:495:520 [2] NCCL INFO Channel 03/0 : 95[c7000] -> 62[85000] [receive] via NET/AWS Libfabric/1
x3211c0s31b1n0:22508:22530 [2] NCCL INFO Channel 02 : 82[85000] -> 81[46000] via P2P/IPC/read
x3209c0s13b0n0:63962:63984 [3] NCCL INFO Channel 01/0 : 3[c7000] -> 67[c7000] [send] via NET/AWS Libfabric/1
x3210c0s1b0n0:31935:31959 [0] NCCL INFO Channel 00/0 : 0[7000] -> 64[7000] [receive] via NET/AWS Libfabric/3
x3210c0s1b0n0:31935:31959 [0] NCCL INFO Channel 00/0 : 64[7000] -> 0[7000] [send] via NET/AWS Libfabric/3
x3209c0s19b1n0:8803:8828 [0] NCCL INFO Channel 02/0 : 4[7000] -> 12[7000] [receive] via NET/AWS Libfabric/3
x3209c0s19b1n0:8805:8825 [2] NCCL INFO Channel 03/0 : 23[c7000] -> 14[85000] [receive] via NET/AWS Libfabric/1
x3211c0s37b1n0:63061:63080 [3] NCCL INFO Channel 01/0 : 91[c7000] -> 83[c7000] [send] via NET/AWS Libfabric/1
x3212c0s1b0n0:41790:41812 [2] NCCL INFO Channel 00 : 110[85000] -> 109[46000] via P2P/IPC/read
x3209c0s7b1n0:11086:11107 [3] NCCL INFO Channel 01/0 : 51[c7000] -> 35[c7000] [send] via NET/AWS Libfabric/1
x3212c0s25b0n0:47115:47138 [3] NCCL INFO Channel 03/0 : 119[c7000] -> 115[c7000] [send] via NET/AWS Libfabric/1
x3210c0s7b0n0:4076:4099 [0] NCCL INFO Channel 02/0 : 68[7000] -> 76[7000] [send] via NET/AWS Libfabric/3
x3211c0s7b1n0:52661:52683 [3] NCCL INFO Channel 01/0 : 67[c7000] -> 99[c7000] [receive] via NET/AWS Libfabric/1
x3211c0s37b0n0:32462:32485 [3] NCCL INFO Channel 03/0 : 78[85000] -> 87[c7000] [receive] via NET/AWS Libfabric/1
x3211c0s7b0n0:29338:29361 [0] NCCL INFO Channel 02/0 : 76[7000] -> 92[7000] [receive] via NET/AWS Libfabric/3
x3210c0s13b0n0:63008:63033 [0] NCCL INFO Channel 02/0 : 52[7000] -> 48[7000] [send] via NET/AWS Libfabric/3
x3209c0s37b0n0:45233:45255 [0] NCCL INFO Channel 02/0 : 44[7000] -> 36[7000] [receive] via NET/AWS Libfabric/3
x3212c0s1b0n0:41788:41814 [0] NCCL INFO Channel 02/0 : 93[46000] -> 108[7000] [receive] via NET/AWS Libfabric/3
x3211c0s37b1n0:63058:63082 [0] NCCL INFO Channel 00/0 : 80[7000] -> 88[7000] [receive] via NET/AWS Libfabric/3
x3209c0s1b0n0:24174:24200 [0] NCCL INFO Channel 00/0 : 16[7000] -> 33[46000] [send] via NET/AWS Libfabric/3
x3209c0s25b0n0:64837:64856 [3] NCCL INFO Channel 03/0 : 23[c7000] -> 14[85000] [send] via NET/AWS Libfabric/1
x3211c0s7b0n0:29341:29364 [3] NCCL INFO Channel 03/0 : 95[c7000] -> 62[85000] [send] via NET/AWS Libfabric/1
x3212c0s1b1n0:26553:26574 [3] NCCL INFO Channel 01/0 : 115[c7000] -> 99[c7000] [send] via NET/AWS Libfabric/1
x3209c0s31b1n0:17152:17172 [3] NCCL INFO Channel 01/0 : 35[c7000] -> 66[85000] [send] via NET/AWS Libfabric/1
x3212c0s19b1n0:9502:9528 [0] NCCL INFO Channel 00/0 : 108[7000] -> 104[7000] [receive] via NET/AWS Libfabric/3
x3212c0s19b1n0:9505:9526 [3] NCCL INFO Channel 03/0 : 107[c7000] -> 102[85000] [send] via NET/AWS Libfabric/1
x3209c0s7b0n0:50038:50063 [0] NCCL INFO Channel 02/0 : 29[46000] -> 44[7000] [receive] via NET/AWS Libfabric/3
x3211c0s7b1n0:52658:52685 [0] NCCL INFO Channel 00/0 : 96[7000] -> 64[7000] [send] via NET/AWS Libfabric/3
x3211c0s31b1n0:22509:22529 [3] NCCL INFO Channel 01/0 : 83[c7000] -> 98[85000] [send] via NET/AWS Libfabric/1
x3211c0s31b1n0:22507:22531 [1] NCCL INFO Channel 00/0 : 81[46000] -> 72[7000] [send] via NET/AWS Libfabric/3
x3209c0s37b0n0:45236:45256 [3] NCCL INFO Channel 03/0 : 47[c7000] -> 39[c7000] [receive] via NET/AWS Libfabric/1
x3209c0s31b1n0:17149:17173 [0] NCCL INFO Channel 00/0 : 65[46000] -> 32[7000] [receive] via NET/AWS Libfabric/3
x3210c0s7b1n0:45601:45625 [1] NCCL INFO Channel 00/0 : 73[46000] -> 68[7000] [send] via NET/AWS Libfabric/3
x3209c0s19b1n0:8805:8825 [2] NCCL INFO Channel 00 : 14[85000] -> 13[46000] via P2P/IPC/read
x3209c0s19b0n0:44968:44990 [3] NCCL INFO Channel 03/0 : 11[c7000] -> 6[85000] [send] via NET/AWS Libfabric/1
x3209c0s19b1n0:8805:8825 [2] NCCL INFO Channel 02 : 14[85000] -> 13[46000] via P2P/IPC/read
x3210c0s7b1n0:45603:45626 [3] NCCL INFO Channel 03/0 : 75[c7000] -> 70[85000] [send] via NET/AWS Libfabric/1
x3209c0s31b1n0:17151:17174 [2] NCCL INFO Channel 01/0 : 34[85000] -> 19[c7000] [send] via NET/AWS Libfabric/1
x3212c0s1b1n0:26551:26577 [1] NCCL INFO Connected all trees
x3212c0s1b1n0:26551:26577 [1] NCCL INFO MSCCL_XML_FILES set by environment to /home/yuke/ncclPG/CCL-LYD/msccl_tools_lyd/examples/xml/allreduce_binary_tree_p_gpu01_32nodes_channel4_reverse_chunk512.xml
x3212c0s1b1n0:26551:26577 [1] NCCL INFO MSCCL: Parsing algorithm /home/yuke/ncclPG/CCL-LYD/msccl_tools_lyd/examples/xml/allreduce_binary_tree_p_gpu01_32nodes_channel4_reverse_chunk512.xml
x3212c0s1b1n0:26552:26576 [2] NCCL INFO Connected all trees
x3212c0s1b1n0:26552:26576 [2] NCCL INFO MSCCL_XML_FILES set by environment to /home/yuke/ncclPG/CCL-LYD/msccl_tools_lyd/examples/xml/allreduce_binary_tree_p_gpu01_32nodes_channel4_reverse_chunk512.xml
x3212c0s1b1n0:26552:26576 [2] NCCL INFO MSCCL: Parsing algorithm /home/yuke/ncclPG/CCL-LYD/msccl_tools_lyd/examples/xml/allreduce_binary_tree_p_gpu01_32nodes_channel4_reverse_chunk512.xml
x3209c0s1b0n0:24180:24199 [3] NCCL INFO Channel 01/0 : 34[85000] -> 19[c7000] [receive] via NET/AWS Libfabric/1
x3209c0s31b0n0:35180:35198 [3] NCCL INFO Channel 03/0 : 31[c7000] -> 63[c7000] [send] via NET/AWS Libfabric/1
x3210c0s7b1n0:45600:45627 [0] NCCL INFO Channel 00/0 : 81[46000] -> 72[7000] [receive] via NET/AWS Libfabric/3
x3209c0s19b1n0:8804:8826 [1] NCCL INFO Channel 02/0 : 20[7000] -> 13[46000] [receive] via NET/AWS Libfabric/3
x3209c0s25b1n0:46317:46342 [0] NCCL INFO Channel 00/0 : 24[7000] -> 16[7000] [send] via NET/AWS Libfabric/3
x3210c0s1b0n0:31936:31958 [1] NCCL INFO Channel 00/0 : 65[46000] -> 32[7000] [send] via NET/AWS Libfabric/3
x3209c0s1b0n0:24174:24200 [0] NCCL INFO Channel 00/0 : 33[46000] -> 16[7000] [receive] via NET/AWS Libfabric/3
x3209c0s1b0n0:24178:24197 [2] NCCL INFO Channel 02 : 18[85000] -> 17[46000] via P2P/IPC/read
x3212c0s1b0n0:41790:41812 [2] NCCL INFO Channel 02 : 110[85000] -> 109[46000] via P2P/IPC/read
x3209c0s13b1n0:63413:63434 [3] NCCL INFO Channel 03/0 : 15[c7000] -> 7[c7000] [receive] via NET/AWS Libfabric/1
x3209c0s31b1n0:17151:17174 [2] NCCL INFO Channel 00 : 34[85000] -> 33[46000] via P2P/IPC/read
x3211c0s37b0n0:32459:32483 [0] NCCL INFO Channel 00/0 : 89[46000] -> 84[7000] [receive] via NET/AWS Libfabric/3
x3209c0s19b0n0:44965:44987 [0] NCCL INFO Channel 00/0 : 17[46000] -> 8[7000] [receive] via NET/AWS Libfabric/3
x3212c0s13b1n0:1284:1307 [2] NCCL INFO Channel 00 : 102[85000] -> 101[46000] via P2P/IPC/read
x3212c0s13b1n0:1284:1307 [2] NCCL INFO Channel 02 : 102[85000] -> 101[46000] via P2P/IPC/read
x3209c0s37b1n0:49774:49796 [3] NCCL INFO Channel 03/0 : 43[c7000] -> 38[85000] [send] via NET/AWS Libfabric/1
x3211c0s7b0n0:29341:29364 [3] NCCL INFO Channel 03/0 : 95[c7000] -> 79[c7000] [send] via NET/AWS Libfabric/1
x3209c0s7b0n0:50041:50061 [3] NCCL INFO Channel 03/0 : 30[85000] -> 47[c7000] [receive] via NET/AWS Libfabric/1
x3211c0s31b0n0:31144:31168 [0] NCCL INFO Channel 02/0 : 76[7000] -> 92[7000] [send] via NET/AWS Libfabric/3
x3209c0s25b0n0:64837:64856 [3] NCCL INFO Channel 03/0 : 23[c7000] -> 19[c7000] [send] via NET/AWS Libfabric/1
x3209c0s25b0n0:64834:64859 [0] NCCL INFO Channel 02/0 : 20[7000] -> 13[46000] [send] via NET/AWS Libfabric/3
x3210c0s7b0n0:4078:4102 [2] NCCL INFO Channel 00 : 70[85000] -> 69[46000] via P2P/IPC/read
x3209c0s31b1n0:17150:17171 [1] NCCL INFO Channel 00/0 : 33[46000] -> 16[7000] [send] via NET/AWS Libfabric/3
x3209c0s13b1n0:63410:63436 [0] NCCL INFO Channel 02/0 : 12[7000] -> 4[7000] [receive] via NET/AWS Libfabric/3
x3211c0s7b0n0:29339:29362 [1] NCCL INFO Channel 02/0 : 108[7000] -> 93[46000] [receive] via NET/AWS Libfabric/3
x3210c0s19b0n0:495:520 [2] NCCL INFO Channel 00 : 62[85000] -> 61[46000] via P2P/IPC/read
x3209c0s31b0n0:35177:35199 [1] NCCL INFO Channel 02/0 : 44[7000] -> 29[46000] [receive] via NET/AWS Libfabric/3
x3211c0s31b0n0:31148:31165 [3] NCCL INFO Channel 03/0 : 79[c7000] -> 71[c7000] [send] via NET/AWS Libfabric/1
x3209c0s31b1n0:17152:17172 [3] NCCL INFO Channel 01/0 : 66[85000] -> 35[c7000] [receive] via NET/AWS Libfabric/1
x3209c0s31b1n0:17151:17174 [2] NCCL INFO Channel 02 : 34[85000] -> 33[46000] via P2P/IPC/read
x3211c0s31b1n0:22509:22529 [3] NCCL INFO Channel 01/0 : 98[85000] -> 83[c7000] [receive] via NET/AWS Libfabric/1
x3212c0s19b1n0:9505:9526 [3] NCCL INFO Channel 01/0 : 111[c7000] -> 107[c7000] [receive] via NET/AWS Libfabric/1
x3210c0s7b1n0:45603:45626 [3] NCCL INFO Channel 01/0 : 79[c7000] -> 75[c7000] [receive] via NET/AWS Libfabric/1
x3209c0s19b1n0:8806:8827 [3] NCCL INFO Channel 03/0 : 31[c7000] -> 15[c7000] [receive] via NET/AWS Libfabric/1
x3212c0s1b0n0:41790:41812 [2] NCCL INFO Connected all trees
x3212c0s1b0n0:41790:41812 [2] NCCL INFO MSCCL_XML_FILES set by environment to /home/yuke/ncclPG/CCL-LYD/msccl_tools_lyd/examples/xml/allreduce_binary_tree_p_gpu01_32nodes_channel4_reverse_chunk512.xml
x3212c0s1b0n0:41790:41812 [2] NCCL INFO MSCCL: Parsing algorithm /home/yuke/ncclPG/CCL-LYD/msccl_tools_lyd/examples/xml/allreduce_binary_tree_p_gpu01_32nodes_channel4_reverse_chunk512.xml
x3211c0s7b1n0:52660:52682 [2] NCCL INFO Channel 01/0 : 98[85000] -> 83[c7000] [send] via NET/AWS Libfabric/1
x3212c0s1b0n0:41789:41813 [1] NCCL INFO Connected all trees
x3212c0s1b0n0:41789:41813 [1] NCCL INFO MSCCL_XML_FILES set by environment to /home/yuke/ncclPG/CCL-LYD/msccl_tools_lyd/examples/xml/allreduce_binary_tree_p_gpu01_32nodes_channel4_reverse_chunk512.xml
x3212c0s1b0n0:41789:41813 [1] NCCL INFO MSCCL: Parsing algorithm /home/yuke/ncclPG/CCL-LYD/msccl_tools_lyd/examples/xml/allreduce_binary_tree_p_gpu01_32nodes_channel4_reverse_chunk512.xml
x3209c0s37b0n0:45235:45258 [2] NCCL INFO Channel 00 : 38[85000] -> 37[46000] via P2P/IPC/read
x3211c0s7b1n0:52661:52683 [3] NCCL INFO Channel 01/0 : 99[c7000] -> 67[c7000] [send] via NET/AWS Libfabric/1
x3210c0s7b0n0:4076:4099 [0] NCCL INFO Channel 02/0 : 76[7000] -> 68[7000] [receive] via NET/AWS Libfabric/3
x3211c0s7b1n0:52660:52682 [2] NCCL INFO Channel 00 : 98[85000] -> 97[46000] via P2P/IPC/read
x3210c0s19b0n0:495:520 [2] NCCL INFO Channel 02 : 62[85000] -> 61[46000] via P2P/IPC/read
x3210c0s7b0n0:4078:4102 [2] NCCL INFO Channel 02 : 70[85000] -> 69[46000] via P2P/IPC/read
x3209c0s13b1n0:63412:63433 [2] NCCL INFO Channel 00 : 6[85000] -> 5[46000] via P2P/IPC/read
x3209c0s13b1n0:63412:63433 [2] NCCL INFO Channel 02 : 6[85000] -> 5[46000] via P2P/IPC/read
x3210c0s1b0n0:31935:31959 [0] NCCL INFO Channel 00/0 : 96[7000] -> 64[7000] [receive] via NET/AWS Libfabric/3
x3210c0s1b0n0:31937:31961 [2] NCCL INFO Channel 01/0 : 66[85000] -> 35[c7000] [send] via NET/AWS Libfabric/1
x3211c0s31b1n0:22508:22530 [2] NCCL INFO Connected all trees
x3211c0s31b1n0:22508:22530 [2] NCCL INFO MSCCL_XML_FILES set by environment to /home/yuke/ncclPG/CCL-LYD/msccl_tools_lyd/examples/xml/allreduce_binary_tree_p_gpu01_32nodes_channel4_reverse_chunk512.xml
x3211c0s31b1n0:22508:22530 [2] NCCL INFO MSCCL: Parsing algorithm /home/yuke/ncclPG/CCL-LYD/msccl_tools_lyd/examples/xml/allreduce_binary_tree_p_gpu01_32nodes_channel4_reverse_chunk512.xml
x3211c0s31b1n0:22507:22531 [1] NCCL INFO Connected all trees
x3211c0s31b1n0:22507:22531 [1] NCCL INFO MSCCL_XML_FILES set by environment to /home/yuke/ncclPG/CCL-LYD/msccl_tools_lyd/examples/xml/allreduce_binary_tree_p_gpu01_32nodes_channel4_reverse_chunk512.xml
x3211c0s31b1n0:22507:22531 [1] NCCL INFO MSCCL: Parsing algorithm /home/yuke/ncclPG/CCL-LYD/msccl_tools_lyd/examples/xml/allreduce_binary_tree_p_gpu01_32nodes_channel4_reverse_chunk512.xml
x3211c0s31b1n0:22506:22532 [0] NCCL INFO Channel 00/0 : 80[7000] -> 97[46000] [send] via NET/AWS Libfabric/3
x3210c0s19b0n0:496:518 [3] NCCL INFO Channel 03/0 : 127[c7000] -> 63[c7000] [receive] via NET/AWS Libfabric/1
x3212c0s1b0n0:41788:41814 [0] NCCL INFO Channel 02/0 : 108[7000] -> 93[46000] [send] via NET/AWS Libfabric/3
x3211c0s37b1n0:63058:63082 [0] NCCL INFO Channel 00/0 : 88[7000] -> 80[7000] [send] via NET/AWS Libfabric/3
x3211c0s31b0n0:31147:31167 [2] NCCL INFO Channel 03/0 : 87[c7000] -> 78[85000] [receive] via NET/AWS Libfabric/1
x3209c0s7b0n0:50038:50063 [0] NCCL INFO Channel 02/0 : 44[7000] -> 29[46000] [send] via NET/AWS Libfabric/3
x3209c0s25b0n0:64834:64859 [0] NCCL INFO Channel 00/0 : 25[46000] -> 20[7000] [receive] via NET/AWS Libfabric/3
x3209c0s37b1n0:49774:49796 [3] NCCL INFO Channel 01/0 : 47[c7000] -> 43[c7000] [receive] via NET/AWS Libfabric/1
x3211c0s7b0n0:29338:29361 [0] NCCL INFO Channel 02/0 : 61[46000] -> 92[7000] [receive] via NET/AWS Libfabric/3
x3209c0s37b1n0:49771:49795 [0] NCCL INFO Channel 00/0 : 44[7000] -> 40[7000] [receive] via NET/AWS Libfabric/3
x3211c0s37b0n0:32462:32485 [3] NCCL INFO Channel 03/0 : 87[c7000] -> 78[85000] [send] via NET/AWS Libfabric/1
x3209c0s19b0n0:44968:44990 [3] NCCL INFO Channel 01/0 : 15[c7000] -> 11[c7000] [receive] via NET/AWS Libfabric/1
x3210c0s1b0n0:31937:31961 [2] NCCL INFO Channel 00 : 66[85000] -> 65[46000] via P2P/IPC/read
x3212c0s19b1n0:9505:9526 [3] NCCL INFO Connected all trees
x3212c0s19b1n0:9505:9526 [3] NCCL INFO MSCCL_XML_FILES set by environment to /home/yuke/ncclPG/CCL-LYD/msccl_tools_lyd/examples/xml/allreduce_binary_tree_p_gpu01_32nodes_channel4_reverse_chunk512.xml
x3212c0s19b1n0:9505:9526 [3] NCCL INFO MSCCL: Parsing algorithm /home/yuke/ncclPG/CCL-LYD/msccl_tools_lyd/examples/xml/allreduce_binary_tree_p_gpu01_32nodes_channel4_reverse_chunk512.xml
x3211c0s7b1n0:52660:52682 [2] NCCL INFO Channel 02 : 98[85000] -> 97[46000] via P2P/IPC/read
x3210c0s1b0n0:31938:31960 [3] NCCL INFO Channel 01/0 : 3[c7000] -> 67[c7000] [receive] via NET/AWS Libfabric/1
x3209c0s19b1n0:8803:8828 [0] NCCL INFO Channel 02/0 : 12[7000] -> 28[7000] [send] via NET/AWS Libfabric/3
x3209c0s7b1n0:11084:11109 [1] NCCL INFO Connected all trees
x3209c0s7b1n0:11084:11109 [1] NCCL INFO MSCCL_XML_FILES set by environment to /home/yuke/ncclPG/CCL-LYD/msccl_tools_lyd/examples/xml/allreduce_binary_tree_p_gpu01_32nodes_channel4_reverse_chunk512.xml
x3209c0s7b1n0:11084:11109 [1] NCCL INFO MSCCL: Parsing algorithm /home/yuke/ncclPG/CCL-LYD/msccl_tools_lyd/examples/xml/allreduce_binary_tree_p_gpu01_32nodes_channel4_reverse_chunk512.xml
x3209c0s7b1n0:11085:11106 [2] NCCL INFO Connected all trees
x3209c0s7b1n0:11085:11106 [2] NCCL INFO MSCCL_XML_FILES set by environment to /home/yuke/ncclPG/CCL-LYD/msccl_tools_lyd/examples/xml/allreduce_binary_tree_p_gpu01_32nodes_channel4_reverse_chunk512.xml
x3209c0s7b1n0:11085:11106 [2] NCCL INFO MSCCL: Parsing algorithm /home/yuke/ncclPG/CCL-LYD/msccl_tools_lyd/examples/xml/allreduce_binary_tree_p_gpu01_32nodes_channel4_reverse_chunk512.xml
x3211c0s7b0n0:29341:29364 [3] NCCL INFO Channel 01/0 : 95[c7000] -> 91[c7000] [send] via NET/AWS Libfabric/1
x3211c0s31b1n0:22506:22532 [0] NCCL INFO Channel 00/0 : 97[46000] -> 80[7000] [receive] via NET/AWS Libfabric/3
x3209c0s37b0n0:45235:45258 [2] NCCL INFO Channel 02 : 38[85000] -> 37[46000] via P2P/IPC/read
x3212c0s1b0n0:41791:41811 [3] NCCL INFO Connected all trees
x3212c0s1b0n0:41791:41811 [3] NCCL INFO MSCCL_XML_FILES set by environment to /home/yuke/ncclPG/CCL-LYD/msccl_tools_lyd/examples/xml/allreduce_binary_tree_p_gpu01_32nodes_channel4_reverse_chunk512.xml
x3212c0s1b0n0:41791:41811 [3] NCCL INFO MSCCL: Parsing algorithm /home/yuke/ncclPG/CCL-LYD/msccl_tools_lyd/examples/xml/allreduce_binary_tree_p_gpu01_32nodes_channel4_reverse_chunk512.xml
x3209c0s1b0n0:24180:24199 [3] NCCL INFO Channel 01/0 : 27[c7000] -> 19[c7000] [receive] via NET/AWS Libfabric/1
x3209c0s31b1n0:17149:17173 [0] NCCL INFO Channel 00/0 : 48[7000] -> 32[7000] [receive] via NET/AWS Libfabric/3
x3209c0s31b0n0:35180:35198 [3] NCCL INFO Channel 03/0 : 63[c7000] -> 31[c7000] [receive] via NET/AWS Libfabric/1
x3212c0s1b0n0:41788:41814 [0] NCCL INFO Channel 02/0 : 108[7000] -> 100[7000] [send] via NET/AWS Libfabric/3
x3210c0s7b0n0:4079:4100 [3] NCCL INFO Channel 03/0 : 71[c7000] -> 67[c7000] [send] via NET/AWS Libfabric/1
x3210c0s1b0n0:31937:31961 [2] NCCL INFO Channel 02 : 66[85000] -> 65[46000] via P2P/IPC/read
x3210c0s7b1n0:45600:45627 [0] NCCL INFO Channel 00/0 : 76[7000] -> 72[7000] [receive] via NET/AWS Libfabric/3
x3210c0s1b0n0:31938:31960 [3] NCCL INFO Channel 01/0 : 67[c7000] -> 3[c7000] [send] via NET/AWS Libfabric/1
x3211c0s7b1n0:52659:52684 [1] NCCL INFO Channel 00/0 : 97[46000] -> 80[7000] [send] via NET/AWS Libfabric/3
x3209c0s31b1n0:17150:17171 [1] NCCL INFO Connected all trees
x3209c0s31b1n0:17150:17171 [1] NCCL INFO MSCCL_XML_FILES set by environment to /home/yuke/ncclPG/CCL-LYD/msccl_tools_lyd/examples/xml/allreduce_binary_tree_p_gpu01_32nodes_channel4_reverse_chunk512.xml
x3209c0s31b1n0:17150:17171 [1] NCCL INFO MSCCL: Parsing algorithm /home/yuke/ncclPG/CCL-LYD/msccl_tools_lyd/examples/xml/allreduce_binary_tree_p_gpu01_32nodes_channel4_reverse_chunk512.xml
x3209c0s31b1n0:17151:17174 [2] NCCL INFO Connected all trees
x3209c0s31b1n0:17151:17174 [2] NCCL INFO MSCCL_XML_FILES set by environment to /home/yuke/ncclPG/CCL-LYD/msccl_tools_lyd/examples/xml/allreduce_binary_tree_p_gpu01_32nodes_channel4_reverse_chunk512.xml
x3209c0s31b1n0:17151:17174 [2] NCCL INFO MSCCL: Parsing algorithm /home/yuke/ncclPG/CCL-LYD/msccl_tools_lyd/examples/xml/allreduce_binary_tree_p_gpu01_32nodes_channel4_reverse_chunk512.xml
x3211c0s31b0n0:31147:31167 [2] NCCL INFO Channel 00 : 78[85000] -> 77[46000] via P2P/IPC/read
x3209c0s13b0n0:63959:63981 [0] NCCL INFO Channel 02/0 : 4[7000] -> 0[7000] [receive] via NET/AWS Libfabric/3
x3211c0s37b0n0:32462:32485 [3] NCCL INFO Channel 03/0 : 87[c7000] -> 83[c7000] [send] via NET/AWS Libfabric/1
x3209c0s7b0n0:50041:50061 [3] NCCL INFO Channel 03/0 : 47[c7000] -> 30[85000] [send] via NET/AWS Libfabric/1
x3211c0s31b0n0:31148:31165 [3] NCCL INFO Channel 01/0 : 79[c7000] -> 75[c7000] [send] via NET/AWS Libfabric/1
x3209c0s19b1n0:8804:8826 [1] NCCL INFO Connected all trees
x3209c0s19b1n0:8804:8826 [1] NCCL INFO MSCCL_XML_FILES set by environment to /home/yuke/ncclPG/CCL-LYD/msccl_tools_lyd/examples/xml/allreduce_binary_tree_p_gpu01_32nodes_channel4_reverse_chunk512.xml
x3209c0s19b1n0:8804:8826 [1] NCCL INFO MSCCL: Parsing algorithm /home/yuke/ncclPG/CCL-LYD/msccl_tools_lyd/examples/xml/allreduce_binary_tree_p_gpu01_32nodes_channel4_reverse_chunk512.xml
x3209c0s19b1n0:8805:8825 [2] NCCL INFO Connected all trees
x3209c0s19b1n0:8805:8825 [2] NCCL INFO MSCCL_XML_FILES set by environment to /home/yuke/ncclPG/CCL-LYD/msccl_tools_lyd/examples/xml/allreduce_binary_tree_p_gpu01_32nodes_channel4_reverse_chunk512.xml
x3209c0s19b1n0:8805:8825 [2] NCCL INFO MSCCL: Parsing algorithm /home/yuke/ncclPG/CCL-LYD/msccl_tools_lyd/examples/xml/allreduce_binary_tree_p_gpu01_32nodes_channel4_reverse_chunk512.xml
x3209c0s31b0n0:35179:35197 [2] NCCL INFO Channel 03/0 : 47[c7000] -> 30[85000] [receive] via NET/AWS Libfabric/1
x3211c0s31b0n0:31144:31168 [0] NCCL INFO Channel 02/0 : 92[7000] -> 76[7000] [receive] via NET/AWS Libfabric/3
x3209c0s7b0n0:50038:50063 [0] NCCL INFO Channel 02/0 : 44[7000] -> 36[7000] [send] via NET/AWS Libfabric/3
x3211c0s31b0n0:31147:31167 [2] NCCL INFO Channel 02 : 78[85000] -> 77[46000] via P2P/IPC/read
x3211c0s31b0n0:31148:31165 [3] NCCL INFO Connected all trees
x3211c0s31b0n0:31148:31165 [3] NCCL INFO MSCCL_XML_FILES set by environment to /home/yuke/ncclPG/CCL-LYD/msccl_tools_lyd/examples/xml/allreduce_binary_tree_p_gpu01_32nodes_channel4_reverse_chunk512.xml
x3211c0s31b0n0:31148:31165 [3] NCCL INFO MSCCL: Parsing algorithm /home/yuke/ncclPG/CCL-LYD/msccl_tools_lyd/examples/xml/allreduce_binary_tree_p_gpu01_32nodes_channel4_reverse_chunk512.xml
x3209c0s19b1n0:8803:8828 [0] NCCL INFO Channel 02/0 : 28[7000] -> 12[7000] [receive] via NET/AWS Libfabric/3
x3209c0s19b0n0:44965:44987 [0] NCCL INFO Channel 00/0 : 12[7000] -> 8[7000] [receive] via NET/AWS Libfabric/3
x3210c0s1b0n0:31936:31958 [1] NCCL INFO Connected all trees
x3210c0s1b0n0:31936:31958 [1] NCCL INFO MSCCL_XML_FILES set by environment to /home/yuke/ncclPG/CCL-LYD/msccl_tools_lyd/examples/xml/allreduce_binary_tree_p_gpu01_32nodes_channel4_reverse_chunk512.xml
x3210c0s1b0n0:31936:31958 [1] NCCL INFO MSCCL: Parsing algorithm /home/yuke/ncclPG/CCL-LYD/msccl_tools_lyd/examples/xml/allreduce_binary_tree_p_gpu01_32nodes_channel4_reverse_chunk512.xml
x3211c0s31b1n0:22509:22529 [3] NCCL INFO Channel 01/0 : 91[c7000] -> 83[c7000] [receive] via NET/AWS Libfabric/1
x3210c0s1b0n0:31937:31961 [2] NCCL INFO Connected all trees
x3210c0s1b0n0:31937:31961 [2] NCCL INFO MSCCL_XML_FILES set by environment to /home/yuke/ncclPG/CCL-LYD/msccl_tools_lyd/examples/xml/allreduce_binary_tree_p_gpu01_32nodes_channel4_reverse_chunk512.xml
x3210c0s1b0n0:31937:31961 [2] NCCL INFO MSCCL: Parsing algorithm /home/yuke/ncclPG/CCL-LYD/msccl_tools_lyd/examples/xml/allreduce_binary_tree_p_gpu01_32nodes_channel4_reverse_chunk512.xml
x3209c0s7b1n0:11083:11108 [0] NCCL INFO Channel 00/0 : 56[7000] -> 48[7000] [receive] via NET/AWS Libfabric/3
x3209c0s31b0n0:35179:35197 [2] NCCL INFO Channel 00 : 30[85000] -> 29[46000] via P2P/IPC/read
x3209c0s31b0n0:35179:35197 [2] NCCL INFO Channel 02 : 30[85000] -> 29[46000] via P2P/IPC/read
x3209c0s31b0n0:35174:35200 [0] NCCL INFO Channel 02/0 : 28[7000] -> 60[7000] [send] via NET/AWS Libfabric/3
x3209c0s31b0n0:35177:35199 [1] NCCL INFO Connected all trees
x3209c0s31b0n0:35177:35199 [1] NCCL INFO MSCCL_XML_FILES set by environment to /home/yuke/ncclPG/CCL-LYD/msccl_tools_lyd/examples/xml/allreduce_binary_tree_p_gpu01_32nodes_channel4_reverse_chunk512.xml
x3209c0s31b0n0:35177:35199 [1] NCCL INFO MSCCL: Parsing algorithm /home/yuke/ncclPG/CCL-LYD/msccl_tools_lyd/examples/xml/allreduce_binary_tree_p_gpu01_32nodes_channel4_reverse_chunk512.xml
x3209c0s31b0n0:35179:35197 [2] NCCL INFO Connected all trees
x3209c0s31b0n0:35179:35197 [2] NCCL INFO MSCCL_XML_FILES set by environment to /home/yuke/ncclPG/CCL-LYD/msccl_tools_lyd/examples/xml/allreduce_binary_tree_p_gpu01_32nodes_channel4_reverse_chunk512.xml
x3209c0s31b0n0:35179:35197 [2] NCCL INFO MSCCL: Parsing algorithm /home/yuke/ncclPG/CCL-LYD/msccl_tools_lyd/examples/xml/allreduce_binary_tree_p_gpu01_32nodes_channel4_reverse_chunk512.xml
x3210c0s7b1n0:45603:45626 [3] NCCL INFO Connected all trees
x3210c0s7b1n0:45603:45626 [3] NCCL INFO MSCCL_XML_FILES set by environment to /home/yuke/ncclPG/CCL-LYD/msccl_tools_lyd/examples/xml/allreduce_binary_tree_p_gpu01_32nodes_channel4_reverse_chunk512.xml
x3210c0s7b1n0:45603:45626 [3] NCCL INFO MSCCL: Parsing algorithm /home/yuke/ncclPG/CCL-LYD/msccl_tools_lyd/examples/xml/allreduce_binary_tree_p_gpu01_32nodes_channel4_reverse_chunk512.xml
x3209c0s1b0n0:24174:24200 [0] NCCL INFO Channel 00/0 : 24[7000] -> 16[7000] [receive] via NET/AWS Libfabric/3
x3210c0s19b0n0:496:518 [3] NCCL INFO Channel 03/0 : 63[c7000] -> 127[c7000] [send] via NET/AWS Libfabric/1
x3209c0s25b1n0:46317:46342 [0] NCCL INFO Channel 00/0 : 28[7000] -> 24[7000] [receive] via NET/AWS Libfabric/3
x3209c0s7b0n0:50041:50061 [3] NCCL INFO Channel 03/0 : 47[c7000] -> 39[c7000] [send] via NET/AWS Libfabric/1
x3211c0s37b0n0:32459:32483 [0] NCCL INFO Channel 02/0 : 84[7000] -> 80[7000] [send] via NET/AWS Libfabric/3
x3209c0s1b0n0:24176:24198 [1] NCCL INFO Connected all trees
x3209c0s1b0n0:24176:24198 [1] NCCL INFO MSCCL_XML_FILES set by environment to /home/yuke/ncclPG/CCL-LYD/msccl_tools_lyd/examples/xml/allreduce_binary_tree_p_gpu01_32nodes_channel4_reverse_chunk512.xml
x3209c0s1b0n0:24176:24198 [1] NCCL INFO MSCCL: Parsing algorithm /home/yuke/ncclPG/CCL-LYD/msccl_tools_lyd/examples/xml/allreduce_binary_tree_p_gpu01_32nodes_channel4_reverse_chunk512.xml
x3209c0s1b0n0:24178:24197 [2] NCCL INFO Connected all trees
x3209c0s1b0n0:24178:24197 [2] NCCL INFO MSCCL_XML_FILES set by environment to /home/yuke/ncclPG/CCL-LYD/msccl_tools_lyd/examples/xml/allreduce_binary_tree_p_gpu01_32nodes_channel4_reverse_chunk512.xml
