x3211c0s31b0n0:27492:27517 [0] NCCL INFO Channel 00/0 : 72[7000] -> 76[7000] [receive] via NET/AWS Libfabric/3
x3211c0s37b0n0:62154:62175 [3] NCCL INFO Channel 01/0 : 87[c7000] -> 90[85000] [send] via NET/AWS Libfabric/1
x3212c0s1b0n0:54685:54706 [1] NCCL INFO Channel 02/0 : 109[46000] -> 116[7000] [send] via NET/AWS Libfabric/3
x3212c0s1b0n0:54686:54708 [2] NCCL INFO Channel 03/0 : 110[85000] -> 119[c7000] [send] via NET/AWS Libfabric/1
x3209c0s31b1n0:39267:39289 [2] NCCL INFO Channel 01/0 : 19[c7000] -> 34[85000] [receive] via NET/AWS Libfabric/1
x3209c0s37b0n0:25181:25203 [1] NCCL INFO Channel 00 : 37[46000] -> 38[85000] via P2P/IPC/read
x3209c0s37b0n0:25181:25203 [1] NCCL INFO Channel 01 : 37[46000] -> 38[85000] via P2P/IPC/read
x3209c0s37b0n0:25181:25203 [1] NCCL INFO Channel 02 : 37[46000] -> 38[85000] via P2P/IPC/read
x3209c0s37b0n0:25181:25203 [1] NCCL INFO Channel 03 : 37[46000] -> 38[85000] via P2P/IPC/read
x3209c0s19b1n0:47966:47992 [0] NCCL INFO Channel 00/0 : 8[7000] -> 12[7000] [receive] via NET/AWS Libfabric/3
x3210c0s7b0n0:41226:41249 [2] NCCL INFO Channel 00 : 70[85000] -> 71[c7000] via P2P/IPC/read
x3209c0s13b1n0:48143:48167 [0] NCCL INFO Channel 00/0 : 4[7000] -> 9[46000] [send] via NET/AWS Libfabric/3
x3210c0s1b0n0:45670:45693 [1] NCCL INFO Channel 00/0 : 32[7000] -> 65[46000] [receive] via NET/AWS Libfabric/3
x3211c0s31b0n0:27496:27516 [2] NCCL INFO Channel 00 : 78[85000] -> 79[c7000] via P2P/IPC/read
x3211c0s7b1n0:18267:18288 [1] NCCL INFO Channel 03 : 97[46000] -> 98[85000] via P2P/IPC/read
x3211c0s31b0n0:27496:27516 [2] NCCL INFO Channel 01 : 78[85000] -> 79[c7000] via P2P/IPC/read
x3211c0s31b0n0:27496:27516 [2] NCCL INFO Channel 02 : 78[85000] -> 79[c7000] via P2P/IPC/read
x3211c0s31b0n0:27496:27516 [2] NCCL INFO Channel 03 : 78[85000] -> 79[c7000] via P2P/IPC/read
x3211c0s37b0n0:62153:62176 [2] NCCL INFO Channel 03/0 : 86[85000] -> 91[c7000] [send] via NET/AWS Libfabric/1
x3209c0s19b0n0:46121:46141 [3] NCCL INFO Channel 03/0 : 6[85000] -> 11[c7000] [receive] via NET/AWS Libfabric/1
x3209c0s7b1n0:15269:15291 [1] NCCL INFO Channel 00 : 49[46000] -> 50[85000] via P2P/IPC/read
x3209c0s7b1n0:15270:15292 [2] NCCL INFO Channel 03 : 50[85000] -> 51[c7000] via P2P/IPC/read
x3209c0s37b1n0:27409:27428 [2] NCCL INFO Channel 01/0 : 39[c7000] -> 42[85000] [receive] via NET/AWS Libfabric/1
x3210c0s13b0n0:49580:49604 [0] NCCL INFO Channel 02/0 : 48[7000] -> 52[7000] [receive] via NET/AWS Libfabric/3
x3211c0s37b0n0:62154:62175 [3] NCCL INFO Channel 03/0 : 83[c7000] -> 87[c7000] [receive] via NET/AWS Libfabric/1
x3211c0s7b0n0:35122:35142 [2] NCCL INFO Channel 03/0 : 94[85000] -> 111[c7000] [send] via NET/AWS Libfabric/1
x3209c0s13b1n0:48146:48166 [3] NCCL INFO Channel 03/0 : 3[c7000] -> 7[c7000] [receive] via NET/AWS Libfabric/1
x3212c0s25b0n0:38737:38761 [1] NCCL INFO Channel 03 : 117[46000] -> 118[85000] via P2P/IPC/read
x3212c0s25b0n0:38738:38760 [2] NCCL INFO Channel 00 : 118[85000] -> 119[c7000] via P2P/IPC/read
x3210c0s13b0n0:49582:49605 [2] NCCL INFO Channel 03/0 : 54[85000] -> 59[c7000] [send] via NET/AWS Libfabric/1
x3209c0s25b1n0:56890:56913 [1] NCCL INFO Channel 00/0 : 20[7000] -> 25[46000] [receive] via NET/AWS Libfabric/3
x3209c0s25b1n0:56892:56912 [3] NCCL INFO Channel 03/0 : 22[85000] -> 27[c7000] [receive] via NET/AWS Libfabric/1
x3209c0s37b0n0:25182:25201 [2] NCCL INFO Channel 03/0 : 38[85000] -> 43[c7000] [send] via NET/AWS Libfabric/1
x3209c0s13b1n0:48144:48165 [1] NCCL INFO Channel 02/0 : 8[7000] -> 5[46000] [receive] via NET/AWS Libfabric/3
x3212c0s19b1n0:50303:50327 [1] NCCL INFO Channel 00 : 105[46000] -> 106[85000] via P2P/IPC/read
x3211c0s37b0n0:62152:62174 [1] NCCL INFO Channel 02/0 : 85[46000] -> 88[7000] [send] via NET/AWS Libfabric/3
x3212c0s19b1n0:50305:50328 [3] NCCL INFO Channel 03/0 : 102[85000] -> 107[c7000] [receive] via NET/AWS Libfabric/1
x3209c0s25b0n0:55205:55227 [3] NCCL INFO Channel 01/0 : 23[c7000] -> 26[85000] [send] via NET/AWS Libfabric/1
x3209c0s31b0n0:25650:25669 [3] NCCL INFO Channel 03/0 : 15[c7000] -> 31[c7000] [receive] via NET/AWS Libfabric/1
x3212c0s13b1n0:12052:12078 [0] NCCL INFO Channel 02/0 : 96[7000] -> 100[7000] [receive] via NET/AWS Libfabric/3
x3209c0s7b0n0:43983:44006 [0] NCCL INFO Channel 00/0 : 40[7000] -> 44[7000] [receive] via NET/AWS Libfabric/3
x3209c0s1b0n0:58819:58844 [0] NCCL INFO Channel 00/0 : 16[7000] -> 24[7000] [send] via NET/AWS Libfabric/3
x3209c0s25b0n0:55202:55228 [0] NCCL INFO Channel 00/0 : 20[7000] -> 25[46000] [send] via NET/AWS Libfabric/3
x3209c0s13b1n0:48143:48167 [0] NCCL INFO Channel 02/0 : 4[7000] -> 12[7000] [send] via NET/AWS Libfabric/3
x3210c0s13b0n0:49581:49606 [1] NCCL INFO Channel 02/0 : 53[46000] -> 56[7000] [send] via NET/AWS Libfabric/3
x3210c0s7b0n0:41226:41249 [2] NCCL INFO Channel 01 : 70[85000] -> 71[c7000] via P2P/IPC/read
x3209c0s19b0n0:46118:46144 [0] NCCL INFO Channel 00/0 : 8[7000] -> 12[7000] [send] via NET/AWS Libfabric/3
x3210c0s7b0n0:41226:41249 [2] NCCL INFO Channel 02 : 70[85000] -> 71[c7000] via P2P/IPC/read
x3210c0s7b0n0:41226:41249 [2] NCCL INFO Channel 03 : 70[85000] -> 71[c7000] via P2P/IPC/read
x3211c0s31b0n0:27497:27515 [3] NCCL INFO Channel 01/0 : 75[c7000] -> 79[c7000] [receive] via NET/AWS Libfabric/1
x3209c0s19b0n0:46119:46142 [1] NCCL INFO Channel 00/0 : 9[46000] -> 4[7000] [send] via NET/AWS Libfabric/3
x3211c0s7b1n0:18266:18291 [0] NCCL INFO Channel 02/0 : 96[7000] -> 100[7000] [send] via NET/AWS Libfabric/3
x3211c0s7b1n0:18268:18290 [2] NCCL INFO Channel 01/0 : 83[c7000] -> 98[85000] [receive] via NET/AWS Libfabric/1
x3209c0s7b1n0:15269:15291 [1] NCCL INFO Channel 01 : 49[46000] -> 50[85000] via P2P/IPC/read
x3209c0s25b1n0:56891:56911 [2] NCCL INFO Channel 01/0 : 23[c7000] -> 26[85000] [receive] via NET/AWS Libfabric/1
x3211c0s7b0n0:35121:35143 [1] NCCL INFO Channel 02/0 : 93[46000] -> 108[7000] [send] via NET/AWS Libfabric/3
x3210c0s7b0n0:41224:41250 [0] NCCL INFO Channel 02/0 : 64[7000] -> 68[7000] [receive] via NET/AWS Libfabric/3
x3211c0s31b0n0:27494:27518 [1] NCCL INFO Channel 02/0 : 77[46000] -> 84[7000] [send] via NET/AWS Libfabric/3
x3209c0s25b1n0:56889:56914 [0] NCCL INFO Channel 02/0 : 21[46000] -> 24[7000] [receive] via NET/AWS Libfabric/3
x3209c0s7b0n0:43985:44005 [2] NCCL INFO Channel 03/0 : 46[85000] -> 55[c7000] [send] via NET/AWS Libfabric/1
x3209c0s25b0n0:55203:55226 [1] NCCL INFO Channel 02/0 : 21[46000] -> 24[7000] [send] via NET/AWS Libfabric/3
x3212c0s19b1n0:50303:50327 [1] NCCL INFO Channel 01 : 105[46000] -> 106[85000] via P2P/IPC/read
x3211c0s37b1n0:56756:56776 [3] NCCL INFO Channel 01/0 : 83[c7000] -> 91[c7000] [receive] via NET/AWS Libfabric/1
x3209c0s19b0n0:46120:46143 [2] NCCL INFO Channel 01/0 : 10[85000] -> 7[c7000] [send] via NET/AWS Libfabric/1
x3209c0s37b0n0:25181:25203 [1] NCCL INFO Channel 02/0 : 37[46000] -> 40[7000] [send] via NET/AWS Libfabric/3
x3209c0s13b0n0:63109:63129 [3] NCCL INFO Channel 01/0 : 67[c7000] -> 3[c7000] [receive] via NET/AWS Libfabric/1
x3209c0s37b0n0:25180:25204 [0] NCCL INFO Channel 02/0 : 32[7000] -> 36[7000] [receive] via NET/AWS Libfabric/3
x3209c0s7b1n0:15271:15290 [3] NCCL INFO Channel 03/0 : 51[c7000] -> 55[c7000] [send] via NET/AWS Libfabric/1
x3210c0s7b0n0:41225:41247 [1] NCCL INFO Channel 02/0 : 69[46000] -> 72[7000] [send] via NET/AWS Libfabric/3
x3211c0s31b1n0:15557:15578 [3] NCCL INFO Channel 01/0 : 83[c7000] -> 91[c7000] [send] via NET/AWS Libfabric/1
x3210c0s13b0n0:49583:49603 [3] NCCL INFO Channel 03/0 : 51[c7000] -> 55[c7000] [receive] via NET/AWS Libfabric/1
x3211c0s31b0n0:27496:27516 [2] NCCL INFO Channel 03/0 : 78[85000] -> 87[c7000] [send] via NET/AWS Libfabric/1
x3209c0s25b0n0:55204:55225 [2] NCCL INFO Channel 03/0 : 22[85000] -> 27[c7000] [send] via NET/AWS Libfabric/1
x3212c0s25b0n0:38738:38760 [2] NCCL INFO Channel 01 : 118[85000] -> 119[c7000] via P2P/IPC/read
x3210c0s13b1n0:46072:46092 [2] NCCL INFO Channel 01/0 : 58[85000] -> 55[c7000] [send] via NET/AWS Libfabric/1
x3211c0s37b1n0:56753:56778 [0] NCCL INFO Channel 00/0 : 88[7000] -> 92[7000] [send] via NET/AWS Libfabric/3
x3212c0s1b0n0:54684:54709 [0] NCCL INFO Channel 00/0 : 104[7000] -> 108[7000] [receive] via NET/AWS Libfabric/3
x3210c0s7b0n0:41227:41248 [3] NCCL INFO Channel 01/0 : 71[c7000] -> 74[85000] [send] via NET/AWS Libfabric/1
x3211c0s37b0n0:62153:62176 [2] NCCL INFO Channel 03/0 : 91[c7000] -> 86[85000] [receive] via NET/AWS Libfabric/1
x3211c0s7b0n0:35120:35145 [0] NCCL INFO Channel 00/0 : 88[7000] -> 92[7000] [receive] via NET/AWS Libfabric/3
x3211c0s7b1n0:18267:18288 [1] NCCL INFO Channel 00/0 : 80[7000] -> 97[46000] [receive] via NET/AWS Libfabric/3
x3211c0s37b1n0:56755:56775 [2] NCCL INFO Channel 01/0 : 90[85000] -> 87[c7000] [send] via NET/AWS Libfabric/1
x3211c0s37b0n0:62151:62177 [0] NCCL INFO Channel 02/0 : 80[7000] -> 84[7000] [receive] via NET/AWS Libfabric/3
x3211c0s37b0n0:62152:62174 [1] NCCL INFO Channel 02/0 : 88[7000] -> 85[46000] [receive] via NET/AWS Libfabric/3
x3210c0s13b1n0:46073:46094 [3] NCCL INFO Channel 01/0 : 51[c7000] -> 59[c7000] [receive] via NET/AWS Libfabric/1
x3209c0s19b1n0:47972:47990 [3] NCCL INFO Channel 03/0 : 7[c7000] -> 15[c7000] [receive] via NET/AWS Libfabric/1
x3209c0s7b1n0:15269:15291 [1] NCCL INFO Channel 02 : 49[46000] -> 50[85000] via P2P/IPC/read
x3211c0s37b1n0:56756:56776 [3] NCCL INFO Channel 01/0 : 91[c7000] -> 83[c7000] [send] via NET/AWS Libfabric/1
x3209c0s25b1n0:56890:56913 [1] NCCL INFO Channel 00/0 : 25[46000] -> 20[7000] [send] via NET/AWS Libfabric/3
x3210c0s13b1n0:46070:46095 [0] NCCL INFO Channel 00/0 : 56[7000] -> 60[7000] [send] via NET/AWS Libfabric/3
x3210c0s13b0n0:49581:49606 [1] NCCL INFO Channel 02/0 : 56[7000] -> 53[46000] [receive] via NET/AWS Libfabric/3
x3209c0s19b1n0:47966:47992 [0] NCCL INFO Channel 02/0 : 4[7000] -> 12[7000] [receive] via NET/AWS Libfabric/3
x3209c0s37b0n0:25183:25202 [3] NCCL INFO Channel 03/0 : 35[c7000] -> 39[c7000] [receive] via NET/AWS Libfabric/1
x3212c0s19b1n0:50303:50327 [1] NCCL INFO Channel 02 : 105[46000] -> 106[85000] via P2P/IPC/read
x3212c0s25b0n0:38738:38760 [2] NCCL INFO Channel 02 : 118[85000] -> 119[c7000] via P2P/IPC/read
x3210c0s13b0n0:49582:49605 [2] NCCL INFO Channel 03/0 : 59[c7000] -> 54[85000] [receive] via NET/AWS Libfabric/1
x3209c0s19b0n0:46118:46144 [0] NCCL INFO Channel 00/0 : 8[7000] -> 17[46000] [send] via NET/AWS Libfabric/3
x3212c0s1b0n0:54687:54707 [3] NCCL INFO Channel 03/0 : 103[c7000] -> 111[c7000] [receive] via NET/AWS Libfabric/1
x3209c0s13b1n0:48146:48166 [3] NCCL INFO Channel 03/0 : 7[c7000] -> 15[c7000] [send] via NET/AWS Libfabric/1
x3210c0s7b0n0:41226:41249 [2] NCCL INFO Channel 03/0 : 70[85000] -> 75[c7000] [send] via NET/AWS Libfabric/1
x3212c0s19b1n0:50303:50327 [1] NCCL INFO Channel 03 : 105[46000] -> 106[85000] via P2P/IPC/read
x3209c0s7b0n0:43986:44004 [3] NCCL INFO Channel 01/0 : 43[c7000] -> 47[c7000] [receive] via NET/AWS Libfabric/1
x3209c0s37b1n0:27409:27428 [2] NCCL INFO Channel 01/0 : 42[85000] -> 39[c7000] [send] via NET/AWS Libfabric/1
x3211c0s7b1n0:18266:18291 [0] NCCL INFO Channel 00/0 : 96[7000] -> 112[7000] [send] via NET/AWS Libfabric/3
x3211c0s37b0n0:62154:62175 [3] NCCL INFO Channel 03/0 : 78[85000] -> 87[c7000] [receive] via NET/AWS Libfabric/1
x3209c0s7b1n0:15269:15291 [1] NCCL INFO Channel 03 : 49[46000] -> 50[85000] via P2P/IPC/read
x3209c0s7b1n0:15271:15290 [3] NCCL INFO Channel 01/0 : 51[c7000] -> 59[c7000] [send] via NET/AWS Libfabric/1
x3209c0s25b0n0:55205:55227 [3] NCCL INFO Channel 03/0 : 19[c7000] -> 23[c7000] [receive] via NET/AWS Libfabric/1
x3210c0s7b0n0:41227:41248 [3] NCCL INFO Channel 03/0 : 67[c7000] -> 71[c7000] [receive] via NET/AWS Libfabric/1
x3210c0s7b0n0:41225:41247 [1] NCCL INFO Channel 02/0 : 72[7000] -> 69[46000] [receive] via NET/AWS Libfabric/3
x3209c0s37b0n0:25181:25203 [1] NCCL INFO Channel 02/0 : 40[7000] -> 37[46000] [receive] via NET/AWS Libfabric/3
x3210c0s19b0n0:43323:43348 [0] NCCL INFO Channel 02/0 : 28[7000] -> 60[7000] [receive] via NET/AWS Libfabric/3
x3209c0s13b1n0:48145:48168 [2] NCCL INFO Channel 03/0 : 11[c7000] -> 6[85000] [receive] via NET/AWS Libfabric/1
x3209c0s13b0n0:63109:63129 [3] NCCL INFO Channel 01/0 : 3[c7000] -> 67[c7000] [send] via NET/AWS Libfabric/1
x3209c0s25b0n0:55203:55226 [1] NCCL INFO Channel 02/0 : 24[7000] -> 21[46000] [receive] via NET/AWS Libfabric/3
x3209c0s19b0n0:46118:46144 [0] NCCL INFO Channel 00/0 : 17[46000] -> 8[7000] [receive] via NET/AWS Libfabric/3
x3209c0s25b0n0:55204:55225 [2] NCCL INFO Channel 03/0 : 27[c7000] -> 22[85000] [receive] via NET/AWS Libfabric/1
x3209c0s37b1n0:27407:27431 [0] NCCL INFO Channel 00/0 : 40[7000] -> 44[7000] [send] via NET/AWS Libfabric/3
x3209c0s31b1n0:39265:39288 [0] NCCL INFO Channel 00/0 : 32[7000] -> 48[7000] [send] via NET/AWS Libfabric/3
x3209c0s19b0n0:46121:46141 [3] NCCL INFO Channel 01/0 : 11[c7000] -> 18[85000] [send] via NET/AWS Libfabric/1
x3212c0s13b1n0:12054:12075 [2] NCCL INFO Channel 03/0 : 107[c7000] -> 102[85000] [receive] via NET/AWS Libfabric/1
x3209c0s31b1n0:39268:39291 [3] NCCL INFO Channel 01/0 : 35[c7000] -> 51[c7000] [send] via NET/AWS Libfabric/1
x3209c0s25b0n0:55202:55228 [0] NCCL INFO Channel 02/0 : 13[46000] -> 20[7000] [receive] via NET/AWS Libfabric/3
x3210c0s7b1n0:18826:18845 [3] NCCL INFO Channel 03/0 : 70[85000] -> 75[c7000] [receive] via NET/AWS Libfabric/1
x3210c0s1b0n0:45669:45692 [0] NCCL INFO Channel 00/0 : 64[7000] -> 96[7000] [send] via NET/AWS Libfabric/3
x3212c0s19b1n0:50305:50328 [3] NCCL INFO Channel 01/0 : 107[c7000] -> 114[85000] [send] via NET/AWS Libfabric/1
x3212c0s13b1n0:12052:12078 [0] NCCL INFO Channel 00/0 : 100[7000] -> 105[46000] [send] via NET/AWS Libfabric/3
x3209c0s25b1n0:56889:56914 [0] NCCL INFO Channel 00/0 : 24[7000] -> 28[7000] [send] via NET/AWS Libfabric/3
x3209c0s25b1n0:56892:56912 [3] NCCL INFO Channel 01/0 : 19[c7000] -> 27[c7000] [receive] via NET/AWS Libfabric/1
x3209c0s25b1n0:56891:56911 [2] NCCL INFO Channel 01/0 : 26[85000] -> 23[c7000] [send] via NET/AWS Libfabric/1
x3212c0s25b0n0:38738:38760 [2] NCCL INFO Channel 03 : 118[85000] -> 119[c7000] via P2P/IPC/read
x3211c0s31b1n0:15557:15578 [3] NCCL INFO Channel 01/0 : 83[c7000] -> 98[85000] [send] via NET/AWS Libfabric/1
x3209c0s37b0n0:25180:25204 [0] NCCL INFO Channel 00/0 : 36[7000] -> 41[46000] [send] via NET/AWS Libfabric/3
x3210c0s7b0n0:41224:41250 [0] NCCL INFO Channel 00/0 : 68[7000] -> 73[46000] [send] via NET/AWS Libfabric/3
x3210c0s7b1n0:18823:18848 [0] NCCL INFO Channel 00/0 : 72[7000] -> 76[7000] [send] via NET/AWS Libfabric/3
x3209c0s37b1n0:27410:27429 [3] NCCL INFO Channel 03/0 : 38[85000] -> 43[c7000] [receive] via NET/AWS Libfabric/1
x3210c0s13b0n0:49583:49603 [3] NCCL INFO Channel 03/0 : 46[85000] -> 55[c7000] [receive] via NET/AWS Libfabric/1
x3209c0s1b0n0:58820:58843 [1] NCCL INFO Channel 00/0 : 17[46000] -> 8[7000] [send] via NET/AWS Libfabric/3
x3212c0s25b0n0:38736:38763 [0] NCCL INFO Channel 02/0 : 112[7000] -> 116[7000] [receive] via NET/AWS Libfabric/3
x3211c0s37b1n0:56753:56778 [0] NCCL INFO Channel 00/0 : 80[7000] -> 88[7000] [receive] via NET/AWS Libfabric/3
x3209c0s1b0n0:58822:58842 [3] NCCL INFO Channel 01/0 : 19[c7000] -> 27[c7000] [send] via NET/AWS Libfabric/1
x3210c0s1b0n0:45672:45694 [3] NCCL INFO Channel 01/0 : 67[c7000] -> 99[c7000] [send] via NET/AWS Libfabric/1
x3211c0s31b0n0:27497:27515 [3] NCCL INFO Channel 03/0 : 71[c7000] -> 79[c7000] [receive] via NET/AWS Libfabric/1
x3210c0s13b1n0:46070:46095 [0] NCCL INFO Channel 00/0 : 48[7000] -> 56[7000] [receive] via NET/AWS Libfabric/3
x3209c0s25b1n0:56889:56914 [0] NCCL INFO Channel 00/0 : 16[7000] -> 24[7000] [receive] via NET/AWS Libfabric/3
x3212c0s25b0n0:38739:38762 [3] NCCL INFO Channel 01/0 : 119[c7000] -> 122[85000] [send] via NET/AWS Libfabric/1
x3212c0s19b1n0:50305:50328 [3] NCCL INFO Channel 01/0 : 114[85000] -> 107[c7000] [receive] via NET/AWS Libfabric/1
x3211c0s31b0n0:27496:27516 [2] NCCL INFO Channel 03/0 : 87[c7000] -> 78[85000] [receive] via NET/AWS Libfabric/1
x3209c0s19b0n0:46121:46141 [3] NCCL INFO Channel 01/0 : 18[85000] -> 11[c7000] [receive] via NET/AWS Libfabric/1
x3211c0s31b1n0:15557:15578 [3] NCCL INFO Channel 01/0 : 98[85000] -> 83[c7000] [receive] via NET/AWS Libfabric/1
x3209c0s1b0n0:58821:58841 [2] NCCL INFO Channel 01/0 : 18[85000] -> 11[c7000] [send] via NET/AWS Libfabric/1
x3211c0s7b0n0:35120:35145 [0] NCCL INFO Channel 02/0 : 76[7000] -> 92[7000] [receive] via NET/AWS Libfabric/3
x3211c0s31b1n0:15554:15577 [0] NCCL INFO Channel 00/0 : 80[7000] -> 88[7000] [send] via NET/AWS Libfabric/3
x3209c0s37b0n0:25183:25202 [3] NCCL INFO Channel 03/0 : 39[c7000] -> 47[c7000] [send] via NET/AWS Libfabric/1
x3210c0s7b1n0:18824:18847 [1] NCCL INFO Channel 00/0 : 73[46000] -> 68[7000] [send] via NET/AWS Libfabric/3
x3209c0s37b0n0:25180:25204 [0] NCCL INFO Channel 02/0 : 36[7000] -> 44[7000] [send] via NET/AWS Libfabric/3
x3210c0s7b1n0:18825:18846 [2] NCCL INFO Channel 01/0 : 74[85000] -> 71[c7000] [send] via NET/AWS Libfabric/1
x3209c0s13b1n0:48146:48166 [3] NCCL INFO Channel 03/0 : 15[c7000] -> 7[c7000] [receive] via NET/AWS Libfabric/1
x3210c0s7b0n0:41224:41250 [0] NCCL INFO Channel 02/0 : 68[7000] -> 76[7000] [send] via NET/AWS Libfabric/3
x3212c0s19b1n0:50302:50325 [0] NCCL INFO Channel 02/0 : 101[46000] -> 104[7000] [receive] via NET/AWS Libfabric/3
x3209c0s1b0n0:58821:58841 [2] NCCL INFO Channel 00 : 18[85000] -> 17[46000] via P2P/IPC/read
x3212c0s1b1n0:57448:57470 [2] NCCL INFO Channel 01/0 : 114[85000] -> 107[c7000] [send] via NET/AWS Libfabric/1
x3209c0s13b1n0:48143:48167 [0] NCCL INFO Channel 02/0 : 12[7000] -> 4[7000] [receive] via NET/AWS Libfabric/3
x3209c0s7b1n0:15271:15290 [3] NCCL INFO Channel 01/0 : 35[c7000] -> 51[c7000] [receive] via NET/AWS Libfabric/1
x3209c0s25b0n0:55205:55227 [3] NCCL INFO Channel 03/0 : 14[85000] -> 23[c7000] [receive] via NET/AWS Libfabric/1
x3211c0s7b1n0:18268:18290 [2] NCCL INFO Channel 01/0 : 98[85000] -> 83[c7000] [send] via NET/AWS Libfabric/1
x3212c0s19b1n0:50304:50326 [2] NCCL INFO Channel 01/0 : 103[c7000] -> 106[85000] [receive] via NET/AWS Libfabric/1
x3210c0s13b1n0:46073:46094 [3] NCCL INFO Channel 01/0 : 59[c7000] -> 51[c7000] [send] via NET/AWS Libfabric/1
x3209c0s7b1n0:15270:15292 [2] NCCL INFO Channel 01/0 : 43[c7000] -> 50[85000] [receive] via NET/AWS Libfabric/1
x3212c0s1b1n0:57448:57470 [2] NCCL INFO Channel 00 : 114[85000] -> 113[46000] via P2P/IPC/read
x3212c0s25b0n0:38737:38761 [1] NCCL INFO Channel 02/0 : 117[46000] -> 120[7000] [send] via NET/AWS Libfabric/3
x3210c0s7b0n0:41227:41248 [3] NCCL INFO Channel 03/0 : 71[c7000] -> 79[c7000] [send] via NET/AWS Libfabric/1
x3209c0s19b1n0:47972:47990 [3] NCCL INFO Channel 03/0 : 15[c7000] -> 31[c7000] [send] via NET/AWS Libfabric/1
x3212c0s19b1n0:50303:50327 [1] NCCL INFO Channel 00/0 : 100[7000] -> 105[46000] [receive] via NET/AWS Libfabric/3
x3209c0s7b0n0:43983:44006 [0] NCCL INFO Channel 02/0 : 36[7000] -> 44[7000] [receive] via NET/AWS Libfabric/3
x3211c0s37b0n0:62151:62177 [0] NCCL INFO Channel 00/0 : 84[7000] -> 89[46000] [send] via NET/AWS Libfabric/3
x3209c0s31b0n0:25647:25672 [0] NCCL INFO Channel 02/0 : 12[7000] -> 28[7000] [receive] via NET/AWS Libfabric/3
x3209c0s19b1n0:47966:47992 [0] NCCL INFO Channel 02/0 : 12[7000] -> 28[7000] [send] via NET/AWS Libfabric/3
x3211c0s7b1n0:18268:18290 [2] NCCL INFO Channel 00 : 98[85000] -> 97[46000] via P2P/IPC/read
x3211c0s37b0n0:62154:62175 [3] NCCL INFO Channel 03/0 : 87[c7000] -> 78[85000] [send] via NET/AWS Libfabric/1
x3212c0s25b0n0:38738:38760 [2] NCCL INFO Channel 03/0 : 118[85000] -> 123[c7000] [send] via NET/AWS Libfabric/1
x3212c0s25b0n0:38739:38762 [3] NCCL INFO Channel 03/0 : 115[c7000] -> 119[c7000] [receive] via NET/AWS Libfabric/1
x3209c0s7b0n0:43986:44004 [3] NCCL INFO Channel 03/0 : 39[c7000] -> 47[c7000] [receive] via NET/AWS Libfabric/1
x3209c0s7b1n0:15268:15293 [0] NCCL INFO Channel 02/0 : 48[7000] -> 52[7000] [send] via NET/AWS Libfabric/3
x3209c0s37b1n0:27410:27429 [3] NCCL INFO Channel 01/0 : 43[c7000] -> 50[85000] [send] via NET/AWS Libfabric/1
x3210c0s7b1n0:18823:18848 [0] NCCL INFO Channel 00/0 : 72[7000] -> 81[46000] [send] via NET/AWS Libfabric/3
x3209c0s37b1n0:27407:27431 [0] NCCL INFO Channel 00/0 : 40[7000] -> 49[46000] [send] via NET/AWS Libfabric/3
x3209c0s19b0n0:46118:46144 [0] NCCL INFO Channel 00/0 : 12[7000] -> 8[7000] [receive] via NET/AWS Libfabric/3
x3211c0s7b1n0:18268:18290 [2] NCCL INFO Channel 02 : 98[85000] -> 97[46000] via P2P/IPC/read
x3209c0s1b0n0:58821:58841 [2] NCCL INFO Channel 02 : 18[85000] -> 17[46000] via P2P/IPC/read
x3212c0s1b1n0:57448:57470 [2] NCCL INFO Channel 02 : 114[85000] -> 113[46000] via P2P/IPC/read
x3209c0s37b0n0:25182:25201 [2] NCCL INFO Channel 03/0 : 43[c7000] -> 38[85000] [receive] via NET/AWS Libfabric/1
x3212c0s25b0n0:38737:38761 [1] NCCL INFO Channel 02/0 : 120[7000] -> 117[46000] [receive] via NET/AWS Libfabric/3
x3209c0s31b0n0:25650:25669 [3] NCCL INFO Channel 03/0 : 31[c7000] -> 63[c7000] [send] via NET/AWS Libfabric/1
x3211c0s31b0n0:27496:27516 [2] NCCL INFO Channel 00 : 78[85000] -> 77[46000] via P2P/IPC/read
x3209c0s19b0n0:46121:46141 [3] NCCL INFO Channel 03/0 : 11[c7000] -> 6[85000] [send] via NET/AWS Libfabric/1
x3212c0s25b1n0:49722:49745 [0] NCCL INFO Channel 00/0 : 120[7000] -> 124[7000] [send] via NET/AWS Libfabric/3
x3209c0s37b1n0:27410:27429 [3] NCCL INFO Channel 01/0 : 50[85000] -> 43[c7000] [receive] via NET/AWS Libfabric/1
x3209c0s19b1n0:47966:47992 [0] NCCL INFO Channel 02/0 : 28[7000] -> 12[7000] [receive] via NET/AWS Libfabric/3
x3212c0s13b1n0:12053:12076 [1] NCCL INFO Channel 02/0 : 104[7000] -> 101[46000] [receive] via NET/AWS Libfabric/3
x3209c0s1b0n0:58822:58842 [3] NCCL INFO Channel 01/0 : 19[c7000] -> 34[85000] [send] via NET/AWS Libfabric/1
x3209c0s1b0n0:58821:58841 [2] NCCL INFO Connected all trees
x3209c0s1b0n0:58821:58841 [2] NCCL INFO MSCCL_XML_FILES set by environment to /home/yuke/ncclPG/CCL-LYD/msccl_tools_lyd/examples/xml/allreduce_binary_tree_p_gpu01_32nodes_channel4_reverse_chunk16.xml
x3209c0s1b0n0:58821:58841 [2] NCCL INFO MSCCL: Parsing algorithm /home/yuke/ncclPG/CCL-LYD/msccl_tools_lyd/examples/xml/allreduce_binary_tree_p_gpu01_32nodes_channel4_reverse_chunk16.xml
x3209c0s1b0n0:58820:58843 [1] NCCL INFO Connected all trees
x3209c0s1b0n0:58820:58843 [1] NCCL INFO MSCCL_XML_FILES set by environment to /home/yuke/ncclPG/CCL-LYD/msccl_tools_lyd/examples/xml/allreduce_binary_tree_p_gpu01_32nodes_channel4_reverse_chunk16.xml
x3209c0s1b0n0:58820:58843 [1] NCCL INFO MSCCL: Parsing algorithm /home/yuke/ncclPG/CCL-LYD/msccl_tools_lyd/examples/xml/allreduce_binary_tree_p_gpu01_32nodes_channel4_reverse_chunk16.xml
x3210c0s7b0n0:41227:41248 [3] NCCL INFO Channel 03/0 : 79[c7000] -> 71[c7000] [receive] via NET/AWS Libfabric/1
x3211c0s31b1n0:15554:15577 [0] NCCL INFO Channel 00/0 : 80[7000] -> 97[46000] [send] via NET/AWS Libfabric/3
x3212c0s25b1n0:49724:49743 [2] NCCL INFO Channel 01/0 : 122[85000] -> 119[c7000] [send] via NET/AWS Libfabric/1
x3212c0s25b1n0:49725:49742 [3] NCCL INFO Channel 01/0 : 115[c7000] -> 123[c7000] [receive] via NET/AWS Libfabric/1
x3209c0s25b1n0:56892:56912 [3] NCCL INFO Channel 01/0 : 27[c7000] -> 19[c7000] [send] via NET/AWS Libfabric/1
x3209c0s7b1n0:15269:15291 [1] NCCL INFO Channel 00/0 : 40[7000] -> 49[46000] [receive] via NET/AWS Libfabric/3
x3209c0s37b1n0:27408:27430 [1] NCCL INFO Channel 00/0 : 41[46000] -> 36[7000] [send] via NET/AWS Libfabric/3
x3209c0s25b0n0:55202:55228 [0] NCCL INFO Channel 02/0 : 20[7000] -> 13[46000] [send] via NET/AWS Libfabric/3
x3209c0s19b1n0:47968:47989 [1] NCCL INFO Channel 02/0 : 20[7000] -> 13[46000] [receive] via NET/AWS Libfabric/3
x3209c0s19b1n0:47972:47990 [3] NCCL INFO Channel 03/0 : 31[c7000] -> 15[c7000] [receive] via NET/AWS Libfabric/1
x3212c0s1b1n0:57446:57471 [0] NCCL INFO Channel 00/0 : 112[7000] -> 120[7000] [send] via NET/AWS Libfabric/3
x3209c0s1b0n0:58819:58844 [0] NCCL INFO Channel 00/0 : 16[7000] -> 33[46000] [send] via NET/AWS Libfabric/3
x3212c0s25b0n0:38736:38763 [0] NCCL INFO Channel 00/0 : 116[7000] -> 121[46000] [send] via NET/AWS Libfabric/3
x3210c0s7b0n0:41226:41249 [2] NCCL INFO Channel 03/0 : 75[c7000] -> 70[85000] [receive] via NET/AWS Libfabric/1
x3211c0s37b1n0:56754:56777 [1] NCCL INFO Channel 00/0 : 89[46000] -> 84[7000] [send] via NET/AWS Libfabric/3
x3211c0s31b1n0:15555:15576 [1] NCCL INFO Channel 00/0 : 81[46000] -> 72[7000] [send] via NET/AWS Libfabric/3
x3209c0s25b1n0:56889:56914 [0] NCCL INFO Channel 00/0 : 24[7000] -> 16[7000] [send] via NET/AWS Libfabric/3
x3209c0s7b0n0:43985:44005 [2] NCCL INFO Channel 03/0 : 55[c7000] -> 46[85000] [receive] via NET/AWS Libfabric/1
x3211c0s37b1n0:56753:56778 [0] NCCL INFO Channel 00/0 : 88[7000] -> 80[7000] [send] via NET/AWS Libfabric/3
x3210c0s7b1n0:18826:18845 [3] NCCL INFO Channel 01/0 : 75[c7000] -> 82[85000] [send] via NET/AWS Libfabric/1
x3211c0s37b0n0:62151:62177 [0] NCCL INFO Channel 02/0 : 77[46000] -> 84[7000] [receive] via NET/AWS Libfabric/3
x3212c0s13b1n0:12055:12077 [3] NCCL INFO Channel 03/0 : 99[c7000] -> 103[c7000] [receive] via NET/AWS Libfabric/1
x3209c0s1b0n0:58821:58841 [2] NCCL INFO Parsed MSCCL Algorithm /home/yuke/ncclPG/CCL-LYD/msccl_tools_lyd/examples/xml/allreduce_binary_tree_p_gpu01_32nodes_channel4_reverse_chunk16.xml successfully.
x3209c0s1b0n0:58821:58841 [2] NCCL INFO Connected 1 MSCCL algorithms
x3211c0s31b0n0:27492:27517 [0] NCCL INFO Channel 02/0 : 68[7000] -> 76[7000] [receive] via NET/AWS Libfabric/3
x3209c0s1b0n0:58821:58841 [2] NCCL INFO NCCL_NTHREADS set by environment to 256.
x3209c0s1b0n0:58821:58841 [2] NCCL INFO NCCL_PROTO set by environment to Simple
x3209c0s1b0n0:58821:58841 [2] NCCL INFO NCCL_ALGO set by environment to MSCCL,TREE,RING
x3209c0s1b0n0:58821:58841 [2] NCCL INFO threadThresholds 8/8/64 | 1024/8/64 | 8/8/64 | 8/8/512
x3209c0s1b0n0:58821:58841 [2] NCCL INFO 4 coll channels, 4 p2p channels, 2 p2p channels per peer
x3209c0s1b0n0:58820:58843 [1] NCCL INFO Parsed MSCCL Algorithm /home/yuke/ncclPG/CCL-LYD/msccl_tools_lyd/examples/xml/allreduce_binary_tree_p_gpu01_32nodes_channel4_reverse_chunk16.xml successfully.
x3209c0s1b0n0:58820:58843 [1] NCCL INFO Connected 1 MSCCL algorithms
x3209c0s1b0n0:58820:58843 [1] NCCL INFO NCCL_NTHREADS set by environment to 256.
x3209c0s1b0n0:58820:58843 [1] NCCL INFO NCCL_PROTO set by environment to Simple
x3209c0s1b0n0:58820:58843 [1] NCCL INFO NCCL_ALGO set by environment to MSCCL,TREE,RING
x3209c0s1b0n0:58820:58843 [1] NCCL INFO threadThresholds 8/8/64 | 1024/8/64 | 8/8/64 | 8/8/512
x3209c0s1b0n0:58820:58843 [1] NCCL INFO 4 coll channels, 4 p2p channels, 2 p2p channels per peer
x3212c0s1b1n0:57449:57472 [3] NCCL INFO Channel 01/0 : 115[c7000] -> 123[c7000] [send] via NET/AWS Libfabric/1
x3212c0s25b0n0:38738:38760 [2] NCCL INFO Channel 03/0 : 123[c7000] -> 118[85000] [receive] via NET/AWS Libfabric/1
x3209c0s13b1n0:48145:48168 [2] NCCL INFO Channel 00 : 6[85000] -> 5[46000] via P2P/IPC/read
x3211c0s31b0n0:27496:27516 [2] NCCL INFO Channel 02 : 78[85000] -> 77[46000] via P2P/IPC/read
x3212c0s13b1n0:12052:12078 [0] NCCL INFO Channel 02/0 : 100[7000] -> 108[7000] [send] via NET/AWS Libfabric/3
x3210c0s7b1n0:18823:18848 [0] NCCL INFO Channel 00/0 : 81[46000] -> 72[7000] [receive] via NET/AWS Libfabric/3
x3211c0s31b1n0:15554:15577 [0] NCCL INFO Channel 00/0 : 97[46000] -> 80[7000] [receive] via NET/AWS Libfabric/3
x3209c0s7b1n0:15270:15292 [2] NCCL INFO Channel 01/0 : 50[85000] -> 43[c7000] [send] via NET/AWS Libfabric/1
x3209c0s7b1n0:15271:15290 [3] NCCL INFO Channel 01/0 : 51[c7000] -> 35[c7000] [send] via NET/AWS Libfabric/1
x3210c0s13b0n0:49580:49604 [0] NCCL INFO Channel 00/0 : 52[7000] -> 57[46000] [send] via NET/AWS Libfabric/3
x3211c0s31b0n0:27497:27515 [3] NCCL INFO Channel 03/0 : 79[c7000] -> 95[c7000] [send] via NET/AWS Libfabric/1
x3211c0s37b0n0:62154:62175 [3] NCCL INFO Channel 03/0 : 87[c7000] -> 83[c7000] [send] via NET/AWS Libfabric/1
x3209c0s37b0n0:25183:25202 [3] NCCL INFO Channel 03/0 : 47[c7000] -> 39[c7000] [receive] via NET/AWS Libfabric/1
x3209c0s19b0n0:46121:46141 [3] NCCL INFO Channel 01/0 : 15[c7000] -> 11[c7000] [receive] via NET/AWS Libfabric/1
x3209c0s19b1n0:47970:47991 [2] NCCL INFO Channel 03/0 : 23[c7000] -> 14[85000] [receive] via NET/AWS Libfabric/1
x3209c0s7b1n0:15270:15292 [2] NCCL INFO Channel 00 : 50[85000] -> 49[46000] via P2P/IPC/read
x3209c0s7b1n0:15268:15293 [0] NCCL INFO Channel 00/0 : 48[7000] -> 56[7000] [send] via NET/AWS Libfabric/3
x3210c0s7b1n0:18826:18845 [3] NCCL INFO Channel 01/0 : 82[85000] -> 75[c7000] [receive] via NET/AWS Libfabric/1
x3212c0s19b1n0:50305:50328 [3] NCCL INFO Channel 03/0 : 107[c7000] -> 102[85000] [send] via NET/AWS Libfabric/1
x3209c0s31b0n0:25647:25672 [0] NCCL INFO Channel 02/0 : 28[7000] -> 60[7000] [send] via NET/AWS Libfabric/3
x3212c0s19b1n0:50302:50325 [0] NCCL INFO Channel 00/0 : 104[7000] -> 108[7000] [send] via NET/AWS Libfabric/3
x3209c0s1b0n0:58822:58842 [3] NCCL INFO Channel 01/0 : 34[85000] -> 19[c7000] [receive] via NET/AWS Libfabric/1
x3212c0s31b0n0:17504:17530 [0] NCCL INFO Channel 02/0 : 60[7000] -> 124[7000] [receive] via NET/AWS Libfabric/3
x3209c0s25b0n0:55205:55227 [3] NCCL INFO Channel 03/0 : 23[c7000] -> 14[85000] [send] via NET/AWS Libfabric/1
x3209c0s7b0n0:43983:44006 [0] NCCL INFO Channel 02/0 : 29[46000] -> 44[7000] [receive] via NET/AWS Libfabric/3
x3212c0s25b1n0:49723:49744 [1] NCCL INFO Channel 00/0 : 121[46000] -> 116[7000] [send] via NET/AWS Libfabric/3
x3212c0s25b0n0:38736:38763 [0] NCCL INFO Channel 02/0 : 109[46000] -> 116[7000] [receive] via NET/AWS Libfabric/3
x3209c0s31b1n0:39268:39291 [3] NCCL INFO Channel 01/0 : 35[c7000] -> 66[85000] [send] via NET/AWS Libfabric/1
x3209c0s1b0n0:58819:58844 [0] NCCL INFO Channel 00/0 : 33[46000] -> 16[7000] [receive] via NET/AWS Libfabric/3
x3209c0s25b0n0:55202:55228 [0] NCCL INFO Channel 00/0 : 25[46000] -> 20[7000] [receive] via NET/AWS Libfabric/3
x3209c0s31b1n0:39267:39289 [2] NCCL INFO Channel 01/0 : 34[85000] -> 19[c7000] [send] via NET/AWS Libfabric/1
x3210c0s13b0n0:49583:49603 [3] NCCL INFO Channel 03/0 : 55[c7000] -> 46[85000] [send] via NET/AWS Libfabric/1
x3209c0s37b1n0:27407:27431 [0] NCCL INFO Channel 00/0 : 49[46000] -> 40[7000] [receive] via NET/AWS Libfabric/3
x3211c0s31b0n0:27494:27518 [1] NCCL INFO Channel 02/0 : 84[7000] -> 77[46000] [receive] via NET/AWS Libfabric/3
x3212c0s13b1n0:12054:12075 [2] NCCL INFO Channel 00 : 102[85000] -> 101[46000] via P2P/IPC/read
x3209c0s7b1n0:15270:15292 [2] NCCL INFO Channel 02 : 50[85000] -> 49[46000] via P2P/IPC/read
x3212c0s25b0n0:38739:38762 [3] NCCL INFO Channel 03/0 : 110[85000] -> 119[c7000] [receive] via NET/AWS Libfabric/1
x3209c0s37b0n0:25180:25204 [0] NCCL INFO Channel 02/0 : 44[7000] -> 36[7000] [receive] via NET/AWS Libfabric/3
x3209c0s31b1n0:39266:39290 [1] NCCL INFO Channel 00/0 : 33[46000] -> 16[7000] [send] via NET/AWS Libfabric/3
x3212c0s19b1n0:50303:50327 [1] NCCL INFO Channel 00/0 : 105[46000] -> 100[7000] [send] via NET/AWS Libfabric/3
x3209c0s31b1n0:39267:39289 [2] NCCL INFO Channel 00 : 34[85000] -> 33[46000] via P2P/IPC/read
x3209c0s31b1n0:39268:39291 [3] NCCL INFO Channel 01/0 : 66[85000] -> 35[c7000] [receive] via NET/AWS Libfabric/1
x3209c0s13b1n0:48145:48168 [2] NCCL INFO Channel 02 : 6[85000] -> 5[46000] via P2P/IPC/read
x3211c0s31b1n0:15557:15578 [3] NCCL INFO Channel 01/0 : 91[c7000] -> 83[c7000] [receive] via NET/AWS Libfabric/1
x3212c0s25b1n0:49725:49742 [3] NCCL INFO Channel 01/0 : 123[c7000] -> 115[c7000] [send] via NET/AWS Libfabric/1
x3212c0s1b0n0:54684:54709 [0] NCCL INFO Channel 02/0 : 100[7000] -> 108[7000] [receive] via NET/AWS Libfabric/3
x3209c0s19b1n0:47970:47991 [2] NCCL INFO Channel 00 : 14[85000] -> 13[46000] via P2P/IPC/read
x3212c0s19b1n0:50302:50325 [0] NCCL INFO Channel 00/0 : 104[7000] -> 113[46000] [send] via NET/AWS Libfabric/3
x3212c0s19b1n0:50304:50326 [2] NCCL INFO Channel 01/0 : 106[85000] -> 103[c7000] [send] via NET/AWS Libfabric/1
x3212c0s25b1n0:49722:49745 [0] NCCL INFO Channel 00/0 : 112[7000] -> 120[7000] [receive] via NET/AWS Libfabric/3
x3209c0s25b0n0:55205:55227 [3] NCCL INFO Channel 03/0 : 23[c7000] -> 19[c7000] [send] via NET/AWS Libfabric/1
x3210c0s13b1n0:46071:46093 [1] NCCL INFO Channel 00/0 : 57[46000] -> 52[7000] [send] via NET/AWS Libfabric/3
x3212c0s19b1n0:50305:50328 [3] NCCL INFO Channel 01/0 : 111[c7000] -> 107[c7000] [receive] via NET/AWS Libfabric/1
x3211c0s31b0n0:27497:27515 [3] NCCL INFO Channel 03/0 : 95[c7000] -> 79[c7000] [receive] via NET/AWS Libfabric/1
x3209c0s7b0n0:43986:44004 [3] NCCL INFO Channel 03/0 : 30[85000] -> 47[c7000] [receive] via NET/AWS Libfabric/1
x3209c0s7b0n0:43985:44005 [2] NCCL INFO Channel 00 : 46[85000] -> 45[46000] via P2P/IPC/read
x3210c0s19b0n0:43323:43348 [0] NCCL INFO Channel 02/0 : 124[7000] -> 60[7000] [receive] via NET/AWS Libfabric/3
x3209c0s7b1n0:15269:15291 [1] NCCL INFO Channel 00/0 : 49[46000] -> 40[7000] [send] via NET/AWS Libfabric/3
x3209c0s31b0n0:25650:25669 [3] NCCL INFO Channel 03/0 : 63[c7000] -> 31[c7000] [receive] via NET/AWS Libfabric/1
x3210c0s13b0n0:49583:49603 [3] NCCL INFO Channel 03/0 : 55[c7000] -> 51[c7000] [send] via NET/AWS Libfabric/1
x3209c0s31b0n0:25647:25672 [0] NCCL INFO Channel 02/0 : 60[7000] -> 28[7000] [receive] via NET/AWS Libfabric/3
x3211c0s7b1n0:18267:18288 [1] NCCL INFO Channel 00/0 : 97[46000] -> 80[7000] [send] via NET/AWS Libfabric/3
x3211c0s37b0n0:62151:62177 [0] NCCL INFO Channel 02/0 : 84[7000] -> 77[46000] [send] via NET/AWS Libfabric/3
x3211c0s7b1n0:18269:18289 [3] NCCL INFO Channel 01/0 : 99[c7000] -> 115[c7000] [send] via NET/AWS Libfabric/1
x3211c0s31b1n0:15556:15579 [2] NCCL INFO Channel 01/0 : 82[85000] -> 75[c7000] [send] via NET/AWS Libfabric/1
x3212c0s1b1n0:57449:57472 [3] NCCL INFO Channel 01/0 : 99[c7000] -> 115[c7000] [receive] via NET/AWS Libfabric/1
x3212c0s1b0n0:54685:54706 [1] NCCL INFO Channel 02/0 : 116[7000] -> 109[46000] [receive] via NET/AWS Libfabric/3
x3212c0s13b1n0:12054:12075 [2] NCCL INFO Channel 02 : 102[85000] -> 101[46000] via P2P/IPC/read
x3212c0s13b1n0:12055:12077 [3] NCCL INFO Channel 03/0 : 103[c7000] -> 111[c7000] [send] via NET/AWS Libfabric/1
x3210c0s1b0n0:45671:45695 [2] NCCL INFO Channel 01/0 : 66[85000] -> 35[c7000] [send] via NET/AWS Libfabric/1
x3210c0s19b0n0:43326:43349 [3] NCCL INFO Channel 03/0 : 127[c7000] -> 63[c7000] [receive] via NET/AWS Libfabric/1
x3209c0s31b1n0:39267:39289 [2] NCCL INFO Channel 02 : 34[85000] -> 33[46000] via P2P/IPC/read
x3212c0s31b0n0:17504:17530 [0] NCCL INFO Channel 02/0 : 124[7000] -> 60[7000] [send] via NET/AWS Libfabric/3
x3210c0s13b1n0:46070:46095 [0] NCCL INFO Channel 00/0 : 56[7000] -> 48[7000] [send] via NET/AWS Libfabric/3
x3211c0s31b1n0:15556:15579 [2] NCCL INFO Channel 00 : 82[85000] -> 81[46000] via P2P/IPC/read
x3210c0s1b0n0:45671:45695 [2] NCCL INFO Channel 00 : 66[85000] -> 65[46000] via P2P/IPC/read
x3209c0s19b1n0:47970:47991 [2] NCCL INFO Channel 02 : 14[85000] -> 13[46000] via P2P/IPC/read
x3209c0s7b0n0:43985:44005 [2] NCCL INFO Channel 02 : 46[85000] -> 45[46000] via P2P/IPC/read
x3209c0s7b1n0:15268:15293 [0] NCCL INFO Channel 00/0 : 32[7000] -> 48[7000] [receive] via NET/AWS Libfabric/3
x3210c0s13b0n0:49580:49604 [0] NCCL INFO Channel 02/0 : 45[46000] -> 52[7000] [receive] via NET/AWS Libfabric/3
x3210c0s7b0n0:41224:41250 [0] NCCL INFO Channel 02/0 : 76[7000] -> 68[7000] [receive] via NET/AWS Libfabric/3
x3210c0s7b1n0:18823:18848 [0] NCCL INFO Channel 00/0 : 76[7000] -> 72[7000] [receive] via NET/AWS Libfabric/3
x3209c0s19b1n0:47968:47989 [1] NCCL INFO Connected all trees
x3209c0s19b1n0:47968:47989 [1] NCCL INFO MSCCL_XML_FILES set by environment to /home/yuke/ncclPG/CCL-LYD/msccl_tools_lyd/examples/xml/allreduce_binary_tree_p_gpu01_32nodes_channel4_reverse_chunk16.xml
x3209c0s19b1n0:47968:47989 [1] NCCL INFO MSCCL: Parsing algorithm /home/yuke/ncclPG/CCL-LYD/msccl_tools_lyd/examples/xml/allreduce_binary_tree_p_gpu01_32nodes_channel4_reverse_chunk16.xml
x3209c0s19b1n0:47970:47991 [2] NCCL INFO Connected all trees
x3209c0s19b1n0:47970:47991 [2] NCCL INFO MSCCL_XML_FILES set by environment to /home/yuke/ncclPG/CCL-LYD/msccl_tools_lyd/examples/xml/allreduce_binary_tree_p_gpu01_32nodes_channel4_reverse_chunk16.xml
x3209c0s19b1n0:47970:47991 [2] NCCL INFO MSCCL: Parsing algorithm /home/yuke/ncclPG/CCL-LYD/msccl_tools_lyd/examples/xml/allreduce_binary_tree_p_gpu01_32nodes_channel4_reverse_chunk16.xml
x3211c0s37b0n0:62151:62177 [0] NCCL INFO Channel 00/0 : 89[46000] -> 84[7000] [receive] via NET/AWS Libfabric/3
x3209c0s37b1n0:27410:27429 [3] NCCL INFO Channel 03/0 : 43[c7000] -> 38[85000] [send] via NET/AWS Libfabric/1
x3212c0s1b1n0:57447:57469 [1] NCCL INFO Channel 00/0 : 113[46000] -> 104[7000] [send] via NET/AWS Libfabric/3
x3211c0s7b0n0:35123:35144 [3] NCCL INFO Channel 03/0 : 62[85000] -> 95[c7000] [receive] via NET/AWS Libfabric/1
x3211c0s31b1n0:15554:15577 [0] NCCL INFO Channel 00/0 : 88[7000] -> 80[7000] [receive] via NET/AWS Libfabric/3
x3212c0s13b1n0:12055:12077 [3] NCCL INFO Channel 03/0 : 111[c7000] -> 103[c7000] [receive] via NET/AWS Libfabric/1
x3211c0s31b0n0:27492:27517 [0] NCCL INFO Channel 02/0 : 76[7000] -> 92[7000] [send] via NET/AWS Libfabric/3
x3210c0s19b0n0:43326:43349 [3] NCCL INFO Channel 03/0 : 63[c7000] -> 127[c7000] [send] via NET/AWS Libfabric/1
x3210c0s7b1n0:18826:18845 [3] NCCL INFO Channel 03/0 : 75[c7000] -> 70[85000] [send] via NET/AWS Libfabric/1
x3210c0s1b0n0:45671:45695 [2] NCCL INFO Channel 02 : 66[85000] -> 65[46000] via P2P/IPC/read
x3211c0s37b1n0:56756:56776 [3] NCCL INFO Channel 03/0 : 91[c7000] -> 86[85000] [send] via NET/AWS Libfabric/1
x3209c0s25b0n0:55202:55228 [0] NCCL INFO Channel 02/0 : 20[7000] -> 16[7000] [send] via NET/AWS Libfabric/3
x3209c0s31b0n0:25649:25670 [2] NCCL INFO Channel 03/0 : 47[c7000] -> 30[85000] [receive] via NET/AWS Libfabric/1
x3209c0s37b1n0:27407:27431 [0] NCCL INFO Channel 00/0 : 44[7000] -> 40[7000] [receive] via NET/AWS Libfabric/3
x3212c0s25b0n0:38736:38763 [0] NCCL INFO Channel 02/0 : 116[7000] -> 109[46000] [send] via NET/AWS Libfabric/3
x3211c0s31b1n0:15556:15579 [2] NCCL INFO Channel 02 : 82[85000] -> 81[46000] via P2P/IPC/read
x3209c0s19b1n0:47968:47989 [1] NCCL INFO Parsed MSCCL Algorithm /home/yuke/ncclPG/CCL-LYD/msccl_tools_lyd/examples/xml/allreduce_binary_tree_p_gpu01_32nodes_channel4_reverse_chunk16.xml successfully.
x3209c0s19b1n0:47968:47989 [1] NCCL INFO Connected 1 MSCCL algorithms
x3209c0s19b1n0:47968:47989 [1] NCCL INFO NCCL_NTHREADS set by environment to 256.
x3209c0s19b1n0:47968:47989 [1] NCCL INFO NCCL_PROTO set by environment to Simple
x3209c0s19b1n0:47968:47989 [1] NCCL INFO NCCL_ALGO set by environment to MSCCL,TREE,RING
x3209c0s19b1n0:47968:47989 [1] NCCL INFO threadThresholds 8/8/64 | 1024/8/64 | 8/8/64 | 8/8/512
x3209c0s19b1n0:47968:47989 [1] NCCL INFO 4 coll channels, 4 p2p channels, 2 p2p channels per peer
x3209c0s19b1n0:47970:47991 [2] NCCL INFO Parsed MSCCL Algorithm /home/yuke/ncclPG/CCL-LYD/msccl_tools_lyd/examples/xml/allreduce_binary_tree_p_gpu01_32nodes_channel4_reverse_chunk16.xml successfully.
x3209c0s19b1n0:47970:47991 [2] NCCL INFO Connected 1 MSCCL algorithms
x3209c0s19b1n0:47970:47991 [2] NCCL INFO NCCL_NTHREADS set by environment to 256.
x3209c0s19b1n0:47970:47991 [2] NCCL INFO NCCL_PROTO set by environment to Simple
x3209c0s19b1n0:47970:47991 [2] NCCL INFO NCCL_ALGO set by environment to MSCCL,TREE,RING
x3209c0s19b1n0:47970:47991 [2] NCCL INFO threadThresholds 8/8/64 | 1024/8/64 | 8/8/64 | 8/8/512
x3209c0s19b1n0:47970:47991 [2] NCCL INFO 4 coll channels, 4 p2p channels, 2 p2p channels per peer
x3209c0s37b1n0:27410:27429 [3] NCCL INFO Channel 01/0 : 47[c7000] -> 43[c7000] [receive] via NET/AWS Libfabric/1
x3212c0s19b1n0:50302:50325 [0] NCCL INFO Channel 00/0 : 113[46000] -> 104[7000] [receive] via NET/AWS Libfabric/3
x3209c0s7b1n0:15270:15292 [2] NCCL INFO Connected all trees
x3209c0s7b1n0:15269:15291 [1] NCCL INFO Connected all trees
x3209c0s7b1n0:15269:15291 [1] NCCL INFO MSCCL_XML_FILES set by environment to /home/yuke/ncclPG/CCL-LYD/msccl_tools_lyd/examples/xml/allreduce_binary_tree_p_gpu01_32nodes_channel4_reverse_chunk16.xml
x3209c0s7b1n0:15269:15291 [1] NCCL INFO MSCCL: Parsing algorithm /home/yuke/ncclPG/CCL-LYD/msccl_tools_lyd/examples/xml/allreduce_binary_tree_p_gpu01_32nodes_channel4_reverse_chunk16.xml
x3209c0s7b1n0:15270:15292 [2] NCCL INFO MSCCL_XML_FILES set by environment to /home/yuke/ncclPG/CCL-LYD/msccl_tools_lyd/examples/xml/allreduce_binary_tree_p_gpu01_32nodes_channel4_reverse_chunk16.xml
x3209c0s7b1n0:15270:15292 [2] NCCL INFO MSCCL: Parsing algorithm /home/yuke/ncclPG/CCL-LYD/msccl_tools_lyd/examples/xml/allreduce_binary_tree_p_gpu01_32nodes_channel4_reverse_chunk16.xml
x3210c0s19b0n0:43323:43348 [0] NCCL INFO Channel 02/0 : 60[7000] -> 124[7000] [send] via NET/AWS Libfabric/3
x3209c0s37b0n0:25182:25201 [2] NCCL INFO Channel 00 : 38[85000] -> 37[46000] via P2P/IPC/read
x3209c0s1b0n0:58819:58844 [0] NCCL INFO Channel 00/0 : 24[7000] -> 16[7000] [receive] via NET/AWS Libfabric/3
x3211c0s37b0n0:62153:62176 [2] NCCL INFO Channel 00 : 86[85000] -> 85[46000] via P2P/IPC/read
x3211c0s31b1n0:15557:15578 [3] NCCL INFO Channel 03/0 : 87[c7000] -> 83[c7000] [receive] via NET/AWS Libfabric/1
x3211c0s7b1n0:18269:18289 [3] NCCL INFO Channel 01/0 : 67[c7000] -> 99[c7000] [receive] via NET/AWS Libfabric/1
x3209c0s1b0n0:58822:58842 [3] NCCL INFO Channel 01/0 : 27[c7000] -> 19[c7000] [receive] via NET/AWS Libfabric/1
x3212c0s1b0n0:54684:54709 [0] NCCL INFO Channel 02/0 : 93[46000] -> 108[7000] [receive] via NET/AWS Libfabric/3
x3212c0s1b0n0:54687:54707 [3] NCCL INFO Channel 03/0 : 94[85000] -> 111[c7000] [receive] via NET/AWS Libfabric/1
x3212c0s25b0n0:38739:38762 [3] NCCL INFO Channel 03/0 : 119[c7000] -> 110[85000] [send] via NET/AWS Libfabric/1
x3212c0s25b1n0:49722:49745 [0] NCCL INFO Channel 00/0 : 120[7000] -> 112[7000] [send] via NET/AWS Libfabric/3
x3211c0s31b1n0:15556:15579 [2] NCCL INFO Connected all trees
x3211c0s31b1n0:15556:15579 [2] NCCL INFO MSCCL_XML_FILES set by environment to /home/yuke/ncclPG/CCL-LYD/msccl_tools_lyd/examples/xml/allreduce_binary_tree_p_gpu01_32nodes_channel4_reverse_chunk16.xml
x3211c0s31b1n0:15556:15579 [2] NCCL INFO MSCCL: Parsing algorithm /home/yuke/ncclPG/CCL-LYD/msccl_tools_lyd/examples/xml/allreduce_binary_tree_p_gpu01_32nodes_channel4_reverse_chunk16.xml
x3209c0s7b1n0:15270:15292 [2] NCCL INFO Parsed MSCCL Algorithm /home/yuke/ncclPG/CCL-LYD/msccl_tools_lyd/examples/xml/allreduce_binary_tree_p_gpu01_32nodes_channel4_reverse_chunk16.xml successfully.
x3209c0s7b1n0:15269:15291 [1] NCCL INFO Parsed MSCCL Algorithm /home/yuke/ncclPG/CCL-LYD/msccl_tools_lyd/examples/xml/allreduce_binary_tree_p_gpu01_32nodes_channel4_reverse_chunk16.xml successfully.
x3209c0s7b1n0:15269:15291 [1] NCCL INFO Connected 1 MSCCL algorithms
x3209c0s7b1n0:15269:15291 [1] NCCL INFO NCCL_NTHREADS set by environment to 256.
x3209c0s7b1n0:15269:15291 [1] NCCL INFO NCCL_PROTO set by environment to Simple
x3209c0s7b1n0:15269:15291 [1] NCCL INFO NCCL_ALGO set by environment to MSCCL,TREE,RING
x3209c0s7b1n0:15269:15291 [1] NCCL INFO threadThresholds 8/8/64 | 1024/8/64 | 8/8/64 | 8/8/512
x3209c0s7b1n0:15269:15291 [1] NCCL INFO 4 coll channels, 4 p2p channels, 2 p2p channels per peer
x3209c0s7b1n0:15270:15292 [2] NCCL INFO Connected 1 MSCCL algorithms
x3209c0s7b1n0:15270:15292 [2] NCCL INFO NCCL_NTHREADS set by environment to 256.
x3209c0s7b1n0:15270:15292 [2] NCCL INFO NCCL_PROTO set by environment to Simple
x3209c0s7b1n0:15270:15292 [2] NCCL INFO NCCL_ALGO set by environment to MSCCL,TREE,RING
x3209c0s7b1n0:15270:15292 [2] NCCL INFO threadThresholds 8/8/64 | 1024/8/64 | 8/8/64 | 8/8/512
x3209c0s7b1n0:15270:15292 [2] NCCL INFO 4 coll channels, 4 p2p channels, 2 p2p channels per peer
x3209c0s7b0n0:43983:44006 [0] NCCL INFO Channel 02/0 : 44[7000] -> 29[46000] [send] via NET/AWS Libfabric/3
x3212c0s13b1n0:12052:12078 [0] NCCL INFO Channel 02/0 : 108[7000] -> 100[7000] [receive] via NET/AWS Libfabric/3
x3211c0s31b1n0:15555:15576 [1] NCCL INFO Connected all trees
x3211c0s31b1n0:15555:15576 [1] NCCL INFO MSCCL_XML_FILES set by environment to /home/yuke/ncclPG/CCL-LYD/msccl_tools_lyd/examples/xml/allreduce_binary_tree_p_gpu01_32nodes_channel4_reverse_chunk16.xml
x3211c0s31b1n0:15555:15576 [1] NCCL INFO MSCCL: Parsing algorithm /home/yuke/ncclPG/CCL-LYD/msccl_tools_lyd/examples/xml/allreduce_binary_tree_p_gpu01_32nodes_channel4_reverse_chunk16.xml
x3209c0s31b1n0:39267:39289 [2] NCCL INFO Connected all trees
x3209c0s31b1n0:39266:39290 [1] NCCL INFO Connected all trees
x3209c0s31b1n0:39266:39290 [1] NCCL INFO MSCCL_XML_FILES set by environment to /home/yuke/ncclPG/CCL-LYD/msccl_tools_lyd/examples/xml/allreduce_binary_tree_p_gpu01_32nodes_channel4_reverse_chunk16.xml
x3209c0s31b1n0:39266:39290 [1] NCCL INFO MSCCL: Parsing algorithm /home/yuke/ncclPG/CCL-LYD/msccl_tools_lyd/examples/xml/allreduce_binary_tree_p_gpu01_32nodes_channel4_reverse_chunk16.xml
x3209c0s31b1n0:39267:39289 [2] NCCL INFO MSCCL_XML_FILES set by environment to /home/yuke/ncclPG/CCL-LYD/msccl_tools_lyd/examples/xml/allreduce_binary_tree_p_gpu01_32nodes_channel4_reverse_chunk16.xml
x3209c0s31b1n0:39267:39289 [2] NCCL INFO MSCCL: Parsing algorithm /home/yuke/ncclPG/CCL-LYD/msccl_tools_lyd/examples/xml/allreduce_binary_tree_p_gpu01_32nodes_channel4_reverse_chunk16.xml
x3211c0s31b0n0:27492:27517 [0] NCCL INFO Channel 02/0 : 92[7000] -> 76[7000] [receive] via NET/AWS Libfabric/3
x3212c0s1b0n0:54686:54708 [2] NCCL INFO Channel 03/0 : 119[c7000] -> 110[85000] [receive] via NET/AWS Libfabric/1
x3212c0s25b0n0:38736:38763 [0] NCCL INFO Channel 00/0 : 121[46000] -> 116[7000] [receive] via NET/AWS Libfabric/3
x3212c0s1b1n0:57446:57471 [0] NCCL INFO Channel 00/0 : 96[7000] -> 112[7000] [receive] via NET/AWS Libfabric/3
x3211c0s7b1n0:18267:18288 [1] NCCL INFO Connected all trees
x3211c0s7b1n0:18267:18288 [1] NCCL INFO MSCCL_XML_FILES set by environment to /home/yuke/ncclPG/CCL-LYD/msccl_tools_lyd/examples/xml/allreduce_binary_tree_p_gpu01_32nodes_channel4_reverse_chunk16.xml
x3211c0s7b1n0:18267:18288 [1] NCCL INFO MSCCL: Parsing algorithm /home/yuke/ncclPG/CCL-LYD/msccl_tools_lyd/examples/xml/allreduce_binary_tree_p_gpu01_32nodes_channel4_reverse_chunk16.xml
x3211c0s7b1n0:18268:18290 [2] NCCL INFO Connected all trees
x3211c0s7b1n0:18268:18290 [2] NCCL INFO MSCCL_XML_FILES set by environment to /home/yuke/ncclPG/CCL-LYD/msccl_tools_lyd/examples/xml/allreduce_binary_tree_p_gpu01_32nodes_channel4_reverse_chunk16.xml
x3211c0s7b1n0:18268:18290 [2] NCCL INFO MSCCL: Parsing algorithm /home/yuke/ncclPG/CCL-LYD/msccl_tools_lyd/examples/xml/allreduce_binary_tree_p_gpu01_32nodes_channel4_reverse_chunk16.xml
x3210c0s7b0n0:41226:41249 [2] NCCL INFO Channel 00 : 70[85000] -> 69[46000] via P2P/IPC/read
x3212c0s1b1n0:57449:57472 [3] NCCL INFO Channel 01/0 : 115[c7000] -> 99[c7000] [send] via NET/AWS Libfabric/1
x3209c0s7b0n0:43986:44004 [3] NCCL INFO Channel 03/0 : 47[c7000] -> 30[85000] [send] via NET/AWS Libfabric/1
x3211c0s31b1n0:15556:15579 [2] NCCL INFO Parsed MSCCL Algorithm /home/yuke/ncclPG/CCL-LYD/msccl_tools_lyd/examples/xml/allreduce_binary_tree_p_gpu01_32nodes_channel4_reverse_chunk16.xml successfully.
x3211c0s7b0n0:35120:35145 [0] NCCL INFO Channel 02/0 : 61[46000] -> 92[7000] [receive] via NET/AWS Libfabric/3
x3209c0s37b0n0:25182:25201 [2] NCCL INFO Channel 02 : 38[85000] -> 37[46000] via P2P/IPC/read
x3209c0s31b1n0:39265:39288 [0] NCCL INFO Channel 00/0 : 32[7000] -> 65[46000] [send] via NET/AWS Libfabric/3
x3210c0s7b0n0:41226:41249 [2] NCCL INFO Channel 02 : 70[85000] -> 69[46000] via P2P/IPC/read
x3211c0s37b1n0:56756:56776 [3] NCCL INFO Channel 01/0 : 95[c7000] -> 91[c7000] [receive] via NET/AWS Libfabric/1
x3211c0s31b1n0:15556:15579 [2] NCCL INFO Connected 1 MSCCL algorithms
x3211c0s31b1n0:15556:15579 [2] NCCL INFO NCCL_NTHREADS set by environment to 256.
x3211c0s31b1n0:15556:15579 [2] NCCL INFO NCCL_PROTO set by environment to Simple
x3211c0s31b1n0:15556:15579 [2] NCCL INFO NCCL_ALGO set by environment to MSCCL,TREE,RING
x3211c0s31b1n0:15556:15579 [2] NCCL INFO threadThresholds 8/8/64 | 1024/8/64 | 8/8/64 | 8/8/512
x3211c0s31b1n0:15556:15579 [2] NCCL INFO 4 coll channels, 4 p2p channels, 2 p2p channels per peer
x3211c0s31b0n0:27494:27518 [1] NCCL INFO Connected all trees
x3211c0s31b0n0:27494:27518 [1] NCCL INFO MSCCL_XML_FILES set by environment to /home/yuke/ncclPG/CCL-LYD/msccl_tools_lyd/examples/xml/allreduce_binary_tree_p_gpu01_32nodes_channel4_reverse_chunk16.xml
x3211c0s31b0n0:27494:27518 [1] NCCL INFO MSCCL: Parsing algorithm /home/yuke/ncclPG/CCL-LYD/msccl_tools_lyd/examples/xml/allreduce_binary_tree_p_gpu01_32nodes_channel4_reverse_chunk16.xml
x3211c0s31b0n0:27496:27516 [2] NCCL INFO Connected all trees
x3211c0s31b0n0:27496:27516 [2] NCCL INFO MSCCL_XML_FILES set by environment to /home/yuke/ncclPG/CCL-LYD/msccl_tools_lyd/examples/xml/allreduce_binary_tree_p_gpu01_32nodes_channel4_reverse_chunk16.xml
x3211c0s31b0n0:27496:27516 [2] NCCL INFO MSCCL: Parsing algorithm /home/yuke/ncclPG/CCL-LYD/msccl_tools_lyd/examples/xml/allreduce_binary_tree_p_gpu01_32nodes_channel4_reverse_chunk16.xml
x3209c0s31b1n0:39268:39291 [3] NCCL INFO Channel 01/0 : 51[c7000] -> 35[c7000] [receive] via NET/AWS Libfabric/1
x3209c0s7b1n0:15268:15293 [0] NCCL INFO Channel 00/0 : 48[7000] -> 32[7000] [send] via NET/AWS Libfabric/3
x3211c0s31b1n0:15555:15576 [1] NCCL INFO Parsed MSCCL Algorithm /home/yuke/ncclPG/CCL-LYD/msccl_tools_lyd/examples/xml/allreduce_binary_tree_p_gpu01_32nodes_channel4_reverse_chunk16.xml successfully.
x3211c0s31b1n0:15555:15576 [1] NCCL INFO Connected 1 MSCCL algorithms
x3209c0s31b1n0:39266:39290 [1] NCCL INFO Parsed MSCCL Algorithm /home/yuke/ncclPG/CCL-LYD/msccl_tools_lyd/examples/xml/allreduce_binary_tree_p_gpu01_32nodes_channel4_reverse_chunk16.xml successfully.
x3209c0s31b1n0:39266:39290 [1] NCCL INFO Connected 1 MSCCL algorithms
x3209c0s31b1n0:39266:39290 [1] NCCL INFO NCCL_NTHREADS set by environment to 256.
x3209c0s31b1n0:39266:39290 [1] NCCL INFO NCCL_PROTO set by environment to Simple
