x3211c0s31b0n0:33343:33383 [2] NCCL INFO Channel 01 : 78[85000] -> 79[c7000] via P2P/IPC/read
x3212c0s31b0n0:23660:23717 [3] NCCL INFO Channel 01/0 : 123[c7000] -> 127[c7000] [receive] via NET/AWS Libfabric/1
x3210c0s13b0n0:56394:56488 [1] NCCL INFO Channel 01 : 53[46000] -> 54[85000] via P2P/IPC/read
x3210c0s13b0n0:56396:56489 [3] NCCL INFO Channel 01/0 : 55[c7000] -> 58[85000] [send] via NET/AWS Libfabric/1
x3211c0s31b0n0:33343:33383 [2] NCCL INFO Channel 00 : 78[85000] -> 77[46000] via P2P/IPC/read
x3211c0s31b1n0:21353:21410 [0] NCCL INFO Channel 00/0 : 80[7000] -> 88[7000] [send] via NET/AWS Libfabric/3
x3209c0s37b0n0:31387:31434 [2] NCCL INFO Channel 00 : 38[85000] -> 39[c7000] via P2P/IPC/read
x3209c0s7b1n0:21078:21127 [0] NCCL INFO Channel 00/0 : 48[7000] -> 56[7000] [send] via NET/AWS Libfabric/3
x3209c0s37b1n0:33224:33271 [3] NCCL INFO Channel 01/0 : 43[c7000] -> 47[c7000] [send] via NET/AWS Libfabric/1
x3209c0s19b1n0:53761:53808 [2] NCCL INFO Channel 00 : 14[85000] -> 15[c7000] via P2P/IPC/read
x3211c0s7b1n0:27696:27739 [2] NCCL INFO Channel 01 : 98[85000] -> 99[c7000] via P2P/IPC/read
x3209c0s31b0n0:31454:31513 [1] NCCL INFO Channel 01 : 29[46000] -> 30[85000] via P2P/IPC/read
x3210c0s19b0n0:49049:49101 [2] NCCL INFO Channel 01 : 62[85000] -> 63[c7000] via P2P/IPC/read
x3209c0s25b1n0:62693:62751 [0] NCCL INFO Channel 00/0 : 24[7000] -> 28[7000] [send] via NET/AWS Libfabric/3
x3209c0s25b1n0:62696:62750 [3] NCCL INFO Channel 01/0 : 27[c7000] -> 31[c7000] [send] via NET/AWS Libfabric/1
x3210c0s1b0n0:51410:51462 [3] NCCL INFO Channel 01/0 : 67[c7000] -> 99[c7000] [send] via NET/AWS Libfabric/1
x3212c0s19b1n0:62541:62594 [3] NCCL INFO Channel 01/0 : 107[c7000] -> 111[c7000] [send] via NET/AWS Libfabric/1
x3212c0s1b1n0:3556:3612 [1] NCCL INFO Channel 00 : 113[46000] -> 114[85000] via P2P/IPC/read
x3212c0s31b0n0:23659:23715 [2] NCCL INFO Channel 00 : 126[85000] -> 125[46000] via P2P/IPC/read
x3209c0s13b0n0:4444:4468 [1] NCCL INFO Channel 00 : 1[46000] -> 2[85000] via P2P/IPC/read
x3210c0s7b1n0:24628:24674 [1] NCCL INFO Channel 00/0 : 68[7000] -> 73[46000] [receive] via NET/AWS Libfabric/3
x3211c0s37b0n0:2943:2995 [1] NCCL INFO Channel 01 : 85[46000] -> 86[85000] via P2P/IPC/read
x3210c0s13b1n0:51808:51849 [2] NCCL INFO Channel 01/0 : 55[c7000] -> 58[85000] [receive] via NET/AWS Libfabric/1
x3209c0s25b0n0:61019:61068 [0] NCCL INFO Channel 00/0 : 20[7000] -> 25[46000] [send] via NET/AWS Libfabric/3
x3209c0s13b1n0:53946:54000 [2] NCCL INFO Channel 00 : 6[85000] -> 7[c7000] via P2P/IPC/read
x3212c0s19b1n0:62538:62593 [0] NCCL INFO Channel 00/0 : 104[7000] -> 108[7000] [send] via NET/AWS Libfabric/3
x3209c0s37b1n0:33222:33272 [1] NCCL INFO Channel 01 : 41[46000] -> 42[85000] via P2P/IPC/read
x3209c0s19b1n0:53760:53803 [1] NCCL INFO Channel 01 : 13[46000] -> 14[85000] via P2P/IPC/read
x3209c0s1b0n0:64622:64667 [2] NCCL INFO Channel 00 : 18[85000] -> 19[c7000] via P2P/IPC/read
x3211c0s7b0n0:46385:46429 [2] NCCL INFO Channel 00 : 94[85000] -> 95[c7000] via P2P/IPC/read
x3212c0s1b1n0:3557:3613 [2] NCCL INFO Channel 00 : 114[85000] -> 115[c7000] via P2P/IPC/read
x3211c0s7b1n0:27694:27743 [0] NCCL INFO Channel 00/0 : 96[7000] -> 112[7000] [send] via NET/AWS Libfabric/3
x3211c0s37b0n0:2944:2993 [2] NCCL INFO Channel 01 : 86[85000] -> 87[c7000] via P2P/IPC/read
x3209c0s25b0n0:61021:61065 [2] NCCL INFO Channel 01 : 22[85000] -> 23[c7000] via P2P/IPC/read
x3210c0s7b1n0:24630:24671 [3] NCCL INFO Channel 01/0 : 75[c7000] -> 79[c7000] [send] via NET/AWS Libfabric/1
x3212c0s13b1n0:21628:21692 [2] NCCL INFO Channel 01 : 102[85000] -> 103[c7000] via P2P/IPC/read
x3212c0s19b1n0:62539:62587 [1] NCCL INFO Channel 00/0 : 100[7000] -> 105[46000] [receive] via NET/AWS Libfabric/3
x3209c0s37b0n0:31387:31434 [2] NCCL INFO Channel 01 : 38[85000] -> 39[c7000] via P2P/IPC/read
x3211c0s31b0n0:33344:33389 [3] NCCL INFO Channel 01/0 : 75[c7000] -> 79[c7000] [receive] via NET/AWS Libfabric/1
x3212c0s1b0n0:61661:61730 [1] NCCL INFO Channel 00 : 109[46000] -> 110[85000] via P2P/IPC/read
x3209c0s37b0n0:31387:31434 [2] NCCL INFO Channel 00 : 38[85000] -> 37[46000] via P2P/IPC/read
x3209c0s25b0n0:61021:61065 [2] NCCL INFO Channel 00 : 22[85000] -> 21[46000] via P2P/IPC/read
x3210c0s7b1n0:24625:24675 [0] NCCL INFO Channel 00/0 : 72[7000] -> 76[7000] [send] via NET/AWS Libfabric/3
x3209c0s31b0n0:31455:31509 [2] NCCL INFO Channel 01 : 30[85000] -> 31[c7000] via P2P/IPC/read
x3210c0s7b0n0:46960:47006 [0] NCCL INFO Channel 00/0 : 68[7000] -> 73[46000] [send] via NET/AWS Libfabric/3
x3209c0s37b0n0:31385:31435 [0] NCCL INFO Channel 00/0 : 36[7000] -> 41[46000] [send] via NET/AWS Libfabric/3
x3212c0s25b1n0:61096:61141 [2] NCCL INFO Channel 01/0 : 119[c7000] -> 122[85000] [receive] via NET/AWS Libfabric/1
x3212c0s1b0n0:61662:61732 [2] NCCL INFO Channel 00 : 110[85000] -> 111[c7000] via P2P/IPC/read
x3210c0s13b0n0:56395:56490 [2] NCCL INFO Channel 00 : 54[85000] -> 53[46000] via P2P/IPC/read
x3210c0s7b0n0:46963:47011 [3] NCCL INFO Channel 01/0 : 74[85000] -> 71[c7000] [receive] via NET/AWS Libfabric/1
x3211c0s37b1n0:62554:62610 [1] NCCL INFO Channel 00 : 89[46000] -> 90[85000] via P2P/IPC/read
x3209c0s19b0n0:51904:51953 [3] NCCL INFO Channel 01/0 : 11[c7000] -> 15[c7000] [send] via NET/AWS Libfabric/1
x3210c0s19b0n0:49049:49101 [2] NCCL INFO Channel 00 : 62[85000] -> 61[46000] via P2P/IPC/read
x3212c0s13b1n0:21628:21692 [2] NCCL INFO Channel 00 : 102[85000] -> 101[46000] via P2P/IPC/read
x3209c0s13b0n0:4444:4468 [1] NCCL INFO Channel 01 : 1[46000] -> 2[85000] via P2P/IPC/read
x3209c0s7b1n0:21080:21126 [2] NCCL INFO Channel 00 : 50[85000] -> 51[c7000] via P2P/IPC/read
x3209c0s7b1n0:21080:21126 [2] NCCL INFO Channel 01 : 50[85000] -> 51[c7000] via P2P/IPC/read
x3209c0s31b1n0:45079:45133 [1] NCCL INFO Channel 00 : 33[46000] -> 34[85000] via P2P/IPC/read
x3209c0s31b1n0:45081:45132 [2] NCCL INFO Channel 01 : 34[85000] -> 35[c7000] via P2P/IPC/read
x3209c0s7b0n0:49768:49824 [2] NCCL INFO Channel 00 : 46[85000] -> 47[c7000] via P2P/IPC/read
x3210c0s13b0n0:56396:56489 [3] NCCL INFO Channel 01/0 : 58[85000] -> 55[c7000] [receive] via NET/AWS Libfabric/1
x3211c0s31b0n0:33341:33390 [1] NCCL INFO Connected all trees
x3211c0s31b0n0:33341:33390 [1] NCCL INFO NCCL_NTHREADS set by environment to 512.
x3211c0s31b0n0:33341:33390 [1] NCCL INFO NCCL_PROTO set by environment to Simple
x3211c0s31b0n0:33341:33390 [1] NCCL INFO NCCL_ALGO set by environment to Tree
x3211c0s31b0n0:33341:33390 [1] NCCL INFO threadThresholds 8/8/64 | 1024/8/64 | 8/8/512
x3211c0s31b0n0:33341:33390 [1] NCCL INFO 2 coll channels, 2 p2p channels, 2 p2p channels per peer
x3211c0s31b0n0:33343:33383 [2] NCCL INFO Connected all trees
x3211c0s31b0n0:33343:33383 [2] NCCL INFO NCCL_NTHREADS set by environment to 512.
x3211c0s31b0n0:33343:33383 [2] NCCL INFO NCCL_PROTO set by environment to Simple
x3211c0s31b0n0:33343:33383 [2] NCCL INFO NCCL_ALGO set by environment to Tree
x3211c0s31b0n0:33343:33383 [2] NCCL INFO threadThresholds 8/8/64 | 1024/8/64 | 8/8/512
x3211c0s31b0n0:33343:33383 [2] NCCL INFO 2 coll channels, 2 p2p channels, 2 p2p channels per peer
x3211c0s37b0n0:2944:2993 [2] NCCL INFO Channel 00 : 86[85000] -> 85[46000] via P2P/IPC/read
x3212c0s25b1n0:61092:61137 [0] NCCL INFO Channel 00/0 : 120[7000] -> 124[7000] [send] via NET/AWS Libfabric/3
x3212c0s25b1n0:61097:61142 [3] NCCL INFO Channel 01/0 : 123[c7000] -> 127[c7000] [send] via NET/AWS Libfabric/1
x3211c0s37b1n0:62554:62610 [1] NCCL INFO Channel 01 : 89[46000] -> 90[85000] via P2P/IPC/read
x3211c0s31b1n0:21356:21409 [3] NCCL INFO Channel 01/0 : 83[c7000] -> 91[c7000] [send] via NET/AWS Libfabric/1
x3209c0s31b0n0:31455:31509 [2] NCCL INFO Channel 00 : 30[85000] -> 29[46000] via P2P/IPC/read
x3209c0s13b0n0:4445:4473 [2] NCCL INFO Channel 00 : 2[85000] -> 3[c7000] via P2P/IPC/read
x3210c0s7b0n0:46961:47013 [1] NCCL INFO Connected all trees
x3210c0s7b0n0:46961:47013 [1] NCCL INFO NCCL_NTHREADS set by environment to 512.
x3210c0s7b0n0:46961:47013 [1] NCCL INFO NCCL_PROTO set by environment to Simple
x3210c0s7b0n0:46961:47013 [1] NCCL INFO NCCL_ALGO set by environment to Tree
x3210c0s7b0n0:46961:47013 [1] NCCL INFO threadThresholds 8/8/64 | 1024/8/64 | 8/8/512
x3210c0s7b0n0:46961:47013 [1] NCCL INFO 2 coll channels, 2 p2p channels, 2 p2p channels per peer
x3210c0s7b0n0:46962:47012 [2] NCCL INFO Connected all trees
x3210c0s7b0n0:46962:47012 [2] NCCL INFO NCCL_NTHREADS set by environment to 512.
x3210c0s7b0n0:46962:47012 [2] NCCL INFO NCCL_PROTO set by environment to Simple
x3210c0s7b0n0:46962:47012 [2] NCCL INFO NCCL_ALGO set by environment to Tree
x3210c0s7b0n0:46962:47012 [2] NCCL INFO threadThresholds 8/8/64 | 1024/8/64 | 8/8/512
x3210c0s7b0n0:46962:47012 [2] NCCL INFO 2 coll channels, 2 p2p channels, 2 p2p channels per peer
x3211c0s31b0n0:33344:33389 [3] NCCL INFO Channel 01/0 : 79[c7000] -> 75[c7000] [send] via NET/AWS Libfabric/1
x3209c0s25b1n0:62694:62746 [1] NCCL INFO Channel 00/0 : 20[7000] -> 25[46000] [receive] via NET/AWS Libfabric/3
x3212c0s25b1n0:61095:61140 [1] NCCL INFO Channel 00/0 : 116[7000] -> 121[46000] [receive] via NET/AWS Libfabric/3
x3210c0s1b0n0:51407:51463 [0] NCCL INFO Channel 00/0 : 64[7000] -> 96[7000] [send] via NET/AWS Libfabric/3
x3212c0s13b1n0:21629:21693 [3] NCCL INFO Channel 01/0 : 103[c7000] -> 106[85000] [send] via NET/AWS Libfabric/1
x3212c0s31b0n0:23657:23718 [0] NCCL INFO Channel 00/0 : 120[7000] -> 124[7000] [receive] via NET/AWS Libfabric/3
x3209c0s37b1n0:33223:33265 [2] NCCL INFO Channel 01/0 : 39[c7000] -> 42[85000] [receive] via NET/AWS Libfabric/1
x3209c0s19b0n0:51902:51955 [1] NCCL INFO Channel 00 : 9[46000] -> 10[85000] via P2P/IPC/read
x3209c0s1b0n0:64620:64671 [0] NCCL INFO Channel 00/0 : 16[7000] -> 24[7000] [send] via NET/AWS Libfabric/3
x3212c0s25b0n0:46322:46374 [1] NCCL INFO Channel 00 : 117[46000] -> 118[85000] via P2P/IPC/read
x3209c0s25b0n0:61022:61070 [3] NCCL INFO Channel 01/0 : 23[c7000] -> 26[85000] [send] via NET/AWS Libfabric/1
x3210c0s7b1n0:24630:24671 [3] NCCL INFO Channel 01/0 : 75[c7000] -> 82[85000] [send] via NET/AWS Libfabric/1
x3212c0s31b0n0:23658:23716 [1] NCCL INFO Connected all trees
x3212c0s31b0n0:23658:23716 [1] NCCL INFO NCCL_NTHREADS set by environment to 512.
x3212c0s31b0n0:23658:23716 [1] NCCL INFO NCCL_PROTO set by environment to Simple
x3212c0s31b0n0:23658:23716 [1] NCCL INFO NCCL_ALGO set by environment to Tree
x3212c0s31b0n0:23658:23716 [1] NCCL INFO threadThresholds 8/8/64 | 1024/8/64 | 8/8/512
x3212c0s31b0n0:23658:23716 [1] NCCL INFO 2 coll channels, 2 p2p channels, 2 p2p channels per peer
x3212c0s31b0n0:23659:23715 [2] NCCL INFO Connected all trees
x3212c0s31b0n0:23659:23715 [2] NCCL INFO NCCL_NTHREADS set by environment to 512.
x3212c0s31b0n0:23659:23715 [2] NCCL INFO NCCL_PROTO set by environment to Simple
x3212c0s31b0n0:23659:23715 [2] NCCL INFO NCCL_ALGO set by environment to Tree
x3212c0s31b0n0:23659:23715 [2] NCCL INFO threadThresholds 8/8/64 | 1024/8/64 | 8/8/512
x3212c0s31b0n0:23659:23715 [2] NCCL INFO 2 coll channels, 2 p2p channels, 2 p2p channels per peer
x3212c0s13b1n0:21625:21694 [0] NCCL INFO Channel 00/0 : 100[7000] -> 105[46000] [send] via NET/AWS Libfabric/3
x3209c0s7b0n0:49767:49817 [1] NCCL INFO Channel 00 : 45[46000] -> 46[85000] via P2P/IPC/read
x3210c0s13b0n0:56393:56491 [0] NCCL INFO Channel 00/0 : 52[7000] -> 57[46000] [send] via NET/AWS Libfabric/3
x3211c0s7b0n0:46385:46429 [2] NCCL INFO Channel 01 : 94[85000] -> 95[c7000] via P2P/IPC/read
x3211c0s37b1n0:62556:62606 [3] NCCL INFO Channel 01/0 : 91[c7000] -> 95[c7000] [send] via NET/AWS Libfabric/1
x3212c0s19b1n0:62540:62588 [2] NCCL INFO Channel 01/0 : 103[c7000] -> 106[85000] [receive] via NET/AWS Libfabric/1
x3211c0s31b1n0:21354:21405 [1] NCCL INFO Channel 00/0 : 72[7000] -> 81[46000] [receive] via NET/AWS Libfabric/3
x3212c0s1b1n0:3556:3612 [1] NCCL INFO Channel 01 : 113[46000] -> 114[85000] via P2P/IPC/read
x3209c0s13b1n0:53946:54000 [2] NCCL INFO Channel 01 : 6[85000] -> 7[c7000] via P2P/IPC/read
x3209c0s19b1n0:53761:53808 [2] NCCL INFO Channel 01 : 14[85000] -> 15[c7000] via P2P/IPC/read
x3211c0s37b0n0:2945:2992 [3] NCCL INFO Channel 01/0 : 87[c7000] -> 90[85000] [send] via NET/AWS Libfabric/1
x3209c0s1b0n0:64622:64667 [2] NCCL INFO Channel 01 : 18[85000] -> 19[c7000] via P2P/IPC/read
x3210c0s19b0n0:49047:49106 [0] NCCL INFO Channel 00/0 : 56[7000] -> 60[7000] [receive] via NET/AWS Libfabric/3
x3210c0s19b0n0:49048:49104 [1] NCCL INFO Connected all trees
x3209c0s37b0n0:31387:31434 [2] NCCL INFO Connected all trees
x3209c0s37b0n0:31386:31429 [1] NCCL INFO Connected all trees
x3209c0s37b0n0:31386:31429 [1] NCCL INFO NCCL_NTHREADS set by environment to 512.
x3209c0s37b0n0:31386:31429 [1] NCCL INFO NCCL_PROTO set by environment to Simple
x3209c0s37b0n0:31386:31429 [1] NCCL INFO NCCL_ALGO set by environment to Tree
x3209c0s37b0n0:31386:31429 [1] NCCL INFO threadThresholds 8/8/64 | 1024/8/64 | 8/8/512
x3209c0s37b0n0:31386:31429 [1] NCCL INFO 2 coll channels, 2 p2p channels, 2 p2p channels per peer
x3209c0s37b0n0:31387:31434 [2] NCCL INFO NCCL_NTHREADS set by environment to 512.
x3209c0s37b0n0:31387:31434 [2] NCCL INFO NCCL_PROTO set by environment to Simple
x3209c0s37b0n0:31387:31434 [2] NCCL INFO NCCL_ALGO set by environment to Tree
x3209c0s37b0n0:31387:31434 [2] NCCL INFO threadThresholds 8/8/64 | 1024/8/64 | 8/8/512
x3209c0s37b0n0:31387:31434 [2] NCCL INFO 2 coll channels, 2 p2p channels, 2 p2p channels per peer
x3209c0s31b0n0:31454:31513 [1] NCCL INFO Connected all trees
x3209c0s31b0n0:31454:31513 [1] NCCL INFO NCCL_NTHREADS set by environment to 512.
x3209c0s31b0n0:31454:31513 [1] NCCL INFO NCCL_PROTO set by environment to Simple
x3209c0s31b0n0:31454:31513 [1] NCCL INFO NCCL_ALGO set by environment to Tree
x3209c0s31b0n0:31454:31513 [1] NCCL INFO threadThresholds 8/8/64 | 1024/8/64 | 8/8/512
x3209c0s31b0n0:31454:31513 [1] NCCL INFO 2 coll channels, 2 p2p channels, 2 p2p channels per peer
x3209c0s31b0n0:31455:31509 [2] NCCL INFO Connected all trees
x3209c0s31b0n0:31455:31509 [2] NCCL INFO NCCL_NTHREADS set by environment to 512.
x3209c0s31b0n0:31455:31509 [2] NCCL INFO NCCL_PROTO set by environment to Simple
x3209c0s31b0n0:31455:31509 [2] NCCL INFO NCCL_ALGO set by environment to Tree
x3209c0s31b0n0:31455:31509 [2] NCCL INFO threadThresholds 8/8/64 | 1024/8/64 | 8/8/512
x3209c0s31b0n0:31455:31509 [2] NCCL INFO 2 coll channels, 2 p2p channels, 2 p2p channels per peer
x3209c0s31b0n0:31456:31511 [3] NCCL INFO Channel 01/0 : 27[c7000] -> 31[c7000] [receive] via NET/AWS Libfabric/1
x3209c0s37b1n0:33221:33267 [0] NCCL INFO Channel 00/0 : 40[7000] -> 44[7000] [send] via NET/AWS Libfabric/3
x3212c0s1b1n0:3557:3613 [2] NCCL INFO Channel 01 : 114[85000] -> 115[c7000] via P2P/IPC/read
x3209c0s25b1n0:62695:62752 [2] NCCL INFO Channel 01/0 : 23[c7000] -> 26[85000] [receive] via NET/AWS Libfabric/1
x3211c0s37b0n0:2943:2995 [1] NCCL INFO Connected all trees
x3211c0s37b0n0:2943:2995 [1] NCCL INFO NCCL_NTHREADS set by environment to 512.
x3211c0s37b0n0:2943:2995 [1] NCCL INFO NCCL_PROTO set by environment to Simple
x3211c0s37b0n0:2943:2995 [1] NCCL INFO NCCL_ALGO set by environment to Tree
x3211c0s37b0n0:2943:2995 [1] NCCL INFO threadThresholds 8/8/64 | 1024/8/64 | 8/8/512
x3211c0s37b0n0:2943:2995 [1] NCCL INFO 2 coll channels, 2 p2p channels, 2 p2p channels per peer
x3210c0s19b0n0:49048:49104 [1] NCCL INFO NCCL_NTHREADS set by environment to 512.
x3210c0s19b0n0:49048:49104 [1] NCCL INFO NCCL_PROTO set by environment to Simple
x3210c0s19b0n0:49048:49104 [1] NCCL INFO NCCL_ALGO set by environment to Tree
x3210c0s19b0n0:49048:49104 [1] NCCL INFO threadThresholds 8/8/64 | 1024/8/64 | 8/8/512
x3210c0s19b0n0:49048:49104 [1] NCCL INFO 2 coll channels, 2 p2p channels, 2 p2p channels per peer
x3211c0s37b0n0:2944:2993 [2] NCCL INFO Connected all trees
x3211c0s37b0n0:2944:2993 [2] NCCL INFO NCCL_NTHREADS set by environment to 512.
x3211c0s37b0n0:2944:2993 [2] NCCL INFO NCCL_PROTO set by environment to Simple
x3211c0s37b0n0:2944:2993 [2] NCCL INFO NCCL_ALGO set by environment to Tree
x3211c0s37b0n0:2944:2993 [2] NCCL INFO threadThresholds 8/8/64 | 1024/8/64 | 8/8/512
x3211c0s37b0n0:2944:2993 [2] NCCL INFO 2 coll channels, 2 p2p channels, 2 p2p channels per peer
x3210c0s19b0n0:49049:49101 [2] NCCL INFO Connected all trees
x3210c0s19b0n0:49049:49101 [2] NCCL INFO NCCL_NTHREADS set by environment to 512.
x3210c0s19b0n0:49049:49101 [2] NCCL INFO NCCL_PROTO set by environment to Simple
x3210c0s19b0n0:49049:49101 [2] NCCL INFO NCCL_ALGO set by environment to Tree
x3210c0s19b0n0:49049:49101 [2] NCCL INFO threadThresholds 8/8/64 | 1024/8/64 | 8/8/512
x3210c0s19b0n0:49049:49101 [2] NCCL INFO 2 coll channels, 2 p2p channels, 2 p2p channels per peer
x3209c0s7b1n0:21081:21123 [3] NCCL INFO Channel 01/0 : 51[c7000] -> 59[c7000] [send] via NET/AWS Libfabric/1
x3210c0s1b0n0:51408:51459 [1] NCCL INFO Channel 00/0 : 32[7000] -> 65[46000] [receive] via NET/AWS Libfabric/3
x3210c0s7b0n0:46960:47006 [0] NCCL INFO Channel 00/0 : 73[46000] -> 68[7000] [receive] via NET/AWS Libfabric/3
x3211c0s37b0n0:2942:2988 [0] NCCL INFO Channel 00/0 : 84[7000] -> 89[46000] [send] via NET/AWS Libfabric/3
x3212c0s1b0n0:61661:61730 [1] NCCL INFO Channel 01 : 109[46000] -> 110[85000] via P2P/IPC/read
x3212c0s1b0n0:61662:61732 [2] NCCL INFO Channel 01 : 110[85000] -> 111[c7000] via P2P/IPC/read
x3209c0s25b0n0:61022:61070 [3] NCCL INFO Channel 01/0 : 26[85000] -> 23[c7000] [receive] via NET/AWS Libfabric/1
x3209c0s19b1n0:53761:53808 [2] NCCL INFO Channel 00 : 14[85000] -> 13[46000] via P2P/IPC/read
x3209c0s19b0n0:51902:51955 [1] NCCL INFO Channel 01 : 9[46000] -> 10[85000] via P2P/IPC/read
x3212c0s25b1n0:61097:61142 [3] NCCL INFO Channel 01/0 : 115[c7000] -> 123[c7000] [receive] via NET/AWS Libfabric/1
x3212c0s13b1n0:21626:21691 [1] NCCL INFO Connected all trees
x3212c0s13b1n0:21626:21691 [1] NCCL INFO NCCL_NTHREADS set by environment to 512.
x3212c0s13b1n0:21626:21691 [1] NCCL INFO NCCL_PROTO set by environment to Simple
x3212c0s13b1n0:21626:21691 [1] NCCL INFO NCCL_ALGO set by environment to Tree
x3212c0s13b1n0:21626:21691 [1] NCCL INFO threadThresholds 8/8/64 | 1024/8/64 | 8/8/512
x3212c0s13b1n0:21626:21691 [1] NCCL INFO 2 coll channels, 2 p2p channels, 2 p2p channels per peer
x3212c0s13b1n0:21628:21692 [2] NCCL INFO Connected all trees
x3212c0s13b1n0:21628:21692 [2] NCCL INFO NCCL_NTHREADS set by environment to 512.
x3212c0s13b1n0:21628:21692 [2] NCCL INFO NCCL_PROTO set by environment to Simple
x3212c0s13b1n0:21628:21692 [2] NCCL INFO NCCL_ALGO set by environment to Tree
x3212c0s13b1n0:21628:21692 [2] NCCL INFO threadThresholds 8/8/64 | 1024/8/64 | 8/8/512
x3212c0s13b1n0:21628:21692 [2] NCCL INFO 2 coll channels, 2 p2p channels, 2 p2p channels per peer
x3211c0s7b1n0:27695:27741 [1] NCCL INFO Channel 00/0 : 80[7000] -> 97[46000] [receive] via NET/AWS Libfabric/3
x3209c0s31b1n0:45079:45133 [1] NCCL INFO Channel 01 : 33[46000] -> 34[85000] via P2P/IPC/read
x3210c0s7b1n0:24629:24670 [2] NCCL INFO Channel 01/0 : 74[85000] -> 71[c7000] [send] via NET/AWS Libfabric/1
x3211c0s7b1n0:27697:27744 [3] NCCL INFO Channel 01/0 : 99[c7000] -> 115[c7000] [send] via NET/AWS Libfabric/1
x3209c0s7b1n0:21079:21122 [1] NCCL INFO Channel 00/0 : 40[7000] -> 49[46000] [receive] via NET/AWS Libfabric/3
x3209c0s31b0n0:31453:31510 [0] NCCL INFO Channel 00/0 : 24[7000] -> 28[7000] [receive] via NET/AWS Libfabric/3
x3209c0s37b1n0:33222:33272 [1] NCCL INFO Channel 00/0 : 36[7000] -> 41[46000] [receive] via NET/AWS Libfabric/3
x3210c0s1b0n0:51409:51458 [2] NCCL INFO Channel 01/0 : 35[c7000] -> 66[85000] [receive] via NET/AWS Libfabric/1
x3209c0s7b0n0:49768:49824 [2] NCCL INFO Channel 01 : 46[85000] -> 47[c7000] via P2P/IPC/read
x3211c0s31b1n0:21355:21406 [2] NCCL INFO Channel 01/0 : 75[c7000] -> 82[85000] [receive] via NET/AWS Libfabric/1
x3210c0s13b0n0:56394:56488 [1] NCCL INFO Connected all trees
x3210c0s13b0n0:56394:56488 [1] NCCL INFO NCCL_NTHREADS set by environment to 512.
x3210c0s13b0n0:56394:56488 [1] NCCL INFO NCCL_PROTO set by environment to Simple
x3210c0s13b0n0:56394:56488 [1] NCCL INFO NCCL_ALGO set by environment to Tree
x3210c0s13b0n0:56394:56488 [1] NCCL INFO threadThresholds 8/8/64 | 1024/8/64 | 8/8/512
x3210c0s13b0n0:56394:56488 [1] NCCL INFO 2 coll channels, 2 p2p channels, 2 p2p channels per peer
x3210c0s13b0n0:56395:56490 [2] NCCL INFO Connected all trees
x3210c0s13b0n0:56395:56490 [2] NCCL INFO NCCL_NTHREADS set by environment to 512.
x3210c0s13b0n0:56395:56490 [2] NCCL INFO NCCL_PROTO set by environment to Simple
x3210c0s13b0n0:56395:56490 [2] NCCL INFO NCCL_ALGO set by environment to Tree
x3210c0s13b0n0:56395:56490 [2] NCCL INFO threadThresholds 8/8/64 | 1024/8/64 | 8/8/512
x3210c0s13b0n0:56395:56490 [2] NCCL INFO 2 coll channels, 2 p2p channels, 2 p2p channels per peer
x3209c0s7b0n0:49767:49817 [1] NCCL INFO Channel 01 : 45[46000] -> 46[85000] via P2P/IPC/read
x3210c0s19b0n0:49050:49105 [3] NCCL INFO Channel 01/0 : 59[c7000] -> 63[c7000] [receive] via NET/AWS Libfabric/1
x3211c0s31b0n0:33340:33386 [0] NCCL INFO Channel 00/0 : 72[7000] -> 76[7000] [receive] via NET/AWS Libfabric/3
x3209c0s13b0n0:4445:4473 [2] NCCL INFO Channel 01 : 2[85000] -> 3[c7000] via P2P/IPC/read
x3209c0s25b0n0:61021:61065 [2] NCCL INFO Connected all trees
x3209c0s25b0n0:61020:61071 [1] NCCL INFO Connected all trees
x3209c0s25b0n0:61020:61071 [1] NCCL INFO NCCL_NTHREADS set by environment to 512.
x3209c0s25b0n0:61020:61071 [1] NCCL INFO NCCL_PROTO set by environment to Simple
x3209c0s25b0n0:61020:61071 [1] NCCL INFO NCCL_ALGO set by environment to Tree
x3209c0s25b0n0:61020:61071 [1] NCCL INFO threadThresholds 8/8/64 | 1024/8/64 | 8/8/512
x3209c0s25b0n0:61020:61071 [1] NCCL INFO 2 coll channels, 2 p2p channels, 2 p2p channels per peer
x3209c0s25b0n0:61021:61065 [2] NCCL INFO NCCL_NTHREADS set by environment to 512.
x3209c0s25b0n0:61021:61065 [2] NCCL INFO NCCL_PROTO set by environment to Simple
x3209c0s25b0n0:61021:61065 [2] NCCL INFO NCCL_ALGO set by environment to Tree
x3209c0s25b0n0:61021:61065 [2] NCCL INFO threadThresholds 8/8/64 | 1024/8/64 | 8/8/512
x3209c0s25b0n0:61021:61065 [2] NCCL INFO 2 coll channels, 2 p2p channels, 2 p2p channels per peer
x3212c0s31b0n0:23660:23717 [3] NCCL INFO Channel 01/0 : 127[c7000] -> 123[c7000] [send] via NET/AWS Libfabric/1
x3210c0s7b1n0:24629:24670 [2] NCCL INFO Channel 00 : 74[85000] -> 73[46000] via P2P/IPC/read
x3209c0s37b0n0:31388:31436 [3] NCCL INFO Channel 01/0 : 39[c7000] -> 42[85000] [send] via NET/AWS Libfabric/1
x3209c0s19b1n0:53762:53811 [3] NCCL INFO Channel 01/0 : 11[c7000] -> 15[c7000] [receive] via NET/AWS Libfabric/1
x3209c0s31b1n0:45082:45134 [3] NCCL INFO Channel 01/0 : 35[c7000] -> 51[c7000] [send] via NET/AWS Libfabric/1
x3209c0s7b1n0:21080:21126 [2] NCCL INFO Channel 01/0 : 43[c7000] -> 50[85000] [receive] via NET/AWS Libfabric/1
x3212c0s25b0n0:46322:46374 [1] NCCL INFO Channel 01 : 117[46000] -> 118[85000] via P2P/IPC/read
x3212c0s25b1n0:61092:61137 [0] NCCL INFO Channel 00/0 : 112[7000] -> 120[7000] [receive] via NET/AWS Libfabric/3
x3209c0s13b0n0:4443:4466 [0] NCCL INFO Channel 00/0 : 64[7000] -> 0[7000] [receive] via NET/AWS Libfabric/3
x3209c0s13b1n0:53946:54000 [2] NCCL INFO Channel 00 : 6[85000] -> 5[46000] via P2P/IPC/read
x3210c0s7b0n0:46963:47011 [3] NCCL INFO Connected all trees
x3210c0s7b0n0:46963:47011 [3] NCCL INFO NCCL_NTHREADS set by environment to 512.
x3210c0s7b0n0:46963:47011 [3] NCCL INFO NCCL_PROTO set by environment to Simple
x3210c0s7b0n0:46963:47011 [3] NCCL INFO NCCL_ALGO set by environment to Tree
x3210c0s7b0n0:46963:47011 [3] NCCL INFO threadThresholds 8/8/64 | 1024/8/64 | 8/8/512
x3210c0s7b0n0:46963:47011 [3] NCCL INFO 2 coll channels, 2 p2p channels, 2 p2p channels per peer
x3211c0s7b0n0:46385:46429 [2] NCCL INFO Channel 00 : 94[85000] -> 93[46000] via P2P/IPC/read
x3211c0s7b0n0:46386:46433 [3] NCCL INFO Channel 01/0 : 91[c7000] -> 95[c7000] [receive] via NET/AWS Libfabric/1
x3209c0s19b1n0:53760:53803 [1] NCCL INFO Connected all trees
x3209c0s19b1n0:53760:53803 [1] NCCL INFO NCCL_NTHREADS set by environment to 512.
x3209c0s19b1n0:53760:53803 [1] NCCL INFO NCCL_PROTO set by environment to Simple
x3209c0s19b1n0:53760:53803 [1] NCCL INFO NCCL_ALGO set by environment to Tree
x3209c0s19b1n0:53760:53803 [1] NCCL INFO threadThresholds 8/8/64 | 1024/8/64 | 8/8/512
x3209c0s19b1n0:53760:53803 [1] NCCL INFO 2 coll channels, 2 p2p channels, 2 p2p channels per peer
x3209c0s19b1n0:53761:53808 [2] NCCL INFO Connected all trees
x3209c0s19b1n0:53761:53808 [2] NCCL INFO NCCL_NTHREADS set by environment to 512.
x3209c0s19b1n0:53761:53808 [2] NCCL INFO NCCL_PROTO set by environment to Simple
x3209c0s19b1n0:53761:53808 [2] NCCL INFO NCCL_ALGO set by environment to Tree
x3209c0s19b1n0:53761:53808 [2] NCCL INFO threadThresholds 8/8/64 | 1024/8/64 | 8/8/512
x3209c0s19b1n0:53761:53808 [2] NCCL INFO 2 coll channels, 2 p2p channels, 2 p2p channels per peer
x3212c0s13b1n0:21625:21694 [0] NCCL INFO Channel 00/0 : 105[46000] -> 100[7000] [receive] via NET/AWS Libfabric/3
x3209c0s25b0n0:61019:61068 [0] NCCL INFO Channel 00/0 : 25[46000] -> 20[7000] [receive] via NET/AWS Libfabric/3
x3210c0s13b1n0:51806:51859 [0] NCCL INFO Channel 00/0 : 48[7000] -> 56[7000] [receive] via NET/AWS Libfabric/3
x3209c0s25b1n0:62696:62750 [3] NCCL INFO Channel 01/0 : 19[c7000] -> 27[c7000] [receive] via NET/AWS Libfabric/1
x3210c0s7b1n0:24628:24674 [1] NCCL INFO Channel 00/0 : 73[46000] -> 68[7000] [send] via NET/AWS Libfabric/3
x3212c0s25b0n0:46324:46373 [3] NCCL INFO Channel 01/0 : 119[c7000] -> 122[85000] [send] via NET/AWS Libfabric/1
x3209c0s19b1n0:53759:53809 [0] NCCL INFO Channel 00/0 : 8[7000] -> 12[7000] [receive] via NET/AWS Libfabric/3
x3210c0s13b0n0:56393:56491 [0] NCCL INFO Channel 00/0 : 57[46000] -> 52[7000] [receive] via NET/AWS Libfabric/3
x3212c0s19b1n0:62540:62588 [2] NCCL INFO Channel 01/0 : 106[85000] -> 103[c7000] [send] via NET/AWS Libfabric/1
x3212c0s13b1n0:21629:21693 [3] NCCL INFO Channel 01/0 : 106[85000] -> 103[c7000] [receive] via NET/AWS Libfabric/1
x3211c0s7b0n0:46383:46434 [0] NCCL INFO Channel 00/0 : 88[7000] -> 92[7000] [receive] via NET/AWS Libfabric/3
x3210c0s13b1n0:51808:51849 [2] NCCL INFO Channel 01/0 : 58[85000] -> 55[c7000] [send] via NET/AWS Libfabric/1
x3212c0s1b1n0:3555:3615 [0] NCCL INFO Channel 00/0 : 112[7000] -> 120[7000] [send] via NET/AWS Libfabric/3
x3209c0s7b0n0:49768:49824 [2] NCCL INFO Channel 00 : 46[85000] -> 45[46000] via P2P/IPC/read
x3209c0s25b1n0:62693:62751 [0] NCCL INFO Channel 00/0 : 16[7000] -> 24[7000] [receive] via NET/AWS Libfabric/3
x3212c0s31b0n0:23657:23718 [0] NCCL INFO Channel 00/0 : 124[7000] -> 120[7000] [send] via NET/AWS Libfabric/3
x3211c0s37b1n0:62555:62605 [2] NCCL INFO Channel 01/0 : 87[c7000] -> 90[85000] [receive] via NET/AWS Libfabric/1
x3211c0s7b1n0:27696:27739 [2] NCCL INFO Channel 01/0 : 83[c7000] -> 98[85000] [receive] via NET/AWS Libfabric/1
x3212c0s19b1n0:62540:62588 [2] NCCL INFO Channel 00 : 106[85000] -> 105[46000] via P2P/IPC/read
x3212c0s13b1n0:21629:21693 [3] NCCL INFO Connected all trees
x3212c0s13b1n0:21629:21693 [3] NCCL INFO NCCL_NTHREADS set by environment to 512.
x3212c0s13b1n0:21629:21693 [3] NCCL INFO NCCL_PROTO set by environment to Simple
x3212c0s13b1n0:21629:21693 [3] NCCL INFO NCCL_ALGO set by environment to Tree
x3212c0s13b1n0:21629:21693 [3] NCCL INFO threadThresholds 8/8/64 | 1024/8/64 | 8/8/512
x3212c0s13b1n0:21629:21693 [3] NCCL INFO 2 coll channels, 2 p2p channels, 2 p2p channels per peer
x3210c0s13b1n0:51808:51849 [2] NCCL INFO Channel 00 : 58[85000] -> 57[46000] via P2P/IPC/read
x3209c0s13b1n0:53947:53997 [3] NCCL INFO Channel 01/0 : 7[c7000] -> 10[85000] [send] via NET/AWS Libfabric/1
x3211c0s7b0n0:46386:46433 [3] NCCL INFO Channel 01/0 : 95[c7000] -> 91[c7000] [send] via NET/AWS Libfabric/1
x3209c0s13b0n0:4445:4473 [2] NCCL INFO Channel 00 : 2[85000] -> 1[46000] via P2P/IPC/read
x3212c0s1b0n0:61662:61732 [2] NCCL INFO Channel 00 : 110[85000] -> 109[46000] via P2P/IPC/read
x3209c0s1b0n0:64623:64673 [3] NCCL INFO Channel 01/0 : 19[c7000] -> 27[c7000] [send] via NET/AWS Libfabric/1
x3210c0s7b0n0:46960:47006 [0] NCCL INFO Connected all trees
x3210c0s7b0n0:46960:47006 [0] NCCL INFO NCCL_NTHREADS set by environment to 512.
x3210c0s7b0n0:46960:47006 [0] NCCL INFO NCCL_PROTO set by environment to Simple
x3210c0s7b0n0:46960:47006 [0] NCCL INFO NCCL_ALGO set by environment to Tree
x3210c0s7b0n0:46960:47006 [0] NCCL INFO threadThresholds 8/8/64 | 1024/8/64 | 8/8/512
x3210c0s7b0n0:46960:47006 [0] NCCL INFO 2 coll channels, 2 p2p channels, 2 p2p channels per peer
x3211c0s37b1n0:62553:62609 [0] NCCL INFO Channel 00/0 : 88[7000] -> 92[7000] [send] via NET/AWS Libfabric/3
x3209c0s37b1n0:33223:33265 [2] NCCL INFO Channel 01/0 : 42[85000] -> 39[c7000] [send] via NET/AWS Libfabric/1
x3209c0s19b0n0:51904:51953 [3] NCCL INFO Channel 01/0 : 11[c7000] -> 18[85000] [send] via NET/AWS Libfabric/1
x3209c0s19b0n0:51901:51956 [0] NCCL INFO Channel 00/0 : 8[7000] -> 12[7000] [send] via NET/AWS Libfabric/3
x3212c0s25b0n0:46323:46375 [2] NCCL INFO Channel 00 : 118[85000] -> 117[46000] via P2P/IPC/read
x3210c0s13b1n0:51807:51858 [1] NCCL INFO Channel 00/0 : 57[46000] -> 52[7000] [send] via NET/AWS Libfabric/3
x3210c0s7b0n0:46960:47006 [0] NCCL INFO comm 0x14baf80010c0 rank 68 nranks 128 cudaDev 0 busId 7000 - Init COMPLETE
x3210c0s7b0n0:46961:47013 [1] NCCL INFO comm 0x14d36c0010c0 rank 69 nranks 128 cudaDev 1 busId 46000 - Init COMPLETE
x3210c0s7b0n0:46962:47012 [2] NCCL INFO comm 0x153fc80010c0 rank 70 nranks 128 cudaDev 2 busId 85000 - Init COMPLETE
x3210c0s7b0n0:46963:47011 [3] NCCL INFO comm 0x14cb500010c0 rank 71 nranks 128 cudaDev 3 busId c7000 - Init COMPLETE
x3209c0s13b0n0:4443:4466 [0] NCCL INFO Channel 00/0 : 0[7000] -> 64[7000] [send] via NET/AWS Libfabric/3
x3212c0s1b1n0:3558:3614 [3] NCCL INFO Channel 01/0 : 115[c7000] -> 123[c7000] [send] via NET/AWS Libfabric/1
x3210c0s13b0n0:56396:56489 [3] NCCL INFO Connected all trees
x3210c0s13b0n0:56396:56489 [3] NCCL INFO NCCL_NTHREADS set by environment to 512.
x3210c0s13b0n0:56396:56489 [3] NCCL INFO NCCL_PROTO set by environment to Simple
x3210c0s13b0n0:56396:56489 [3] NCCL INFO NCCL_ALGO set by environment to Tree
x3210c0s13b0n0:56396:56489 [3] NCCL INFO threadThresholds 8/8/64 | 1024/8/64 | 8/8/512
x3210c0s13b0n0:56396:56489 [3] NCCL INFO 2 coll channels, 2 p2p channels, 2 p2p channels per peer
x3209c0s1b0n0:64621:64666 [1] NCCL INFO Channel 00/0 : 8[7000] -> 17[46000] [receive] via NET/AWS Libfabric/3
x3212c0s1b0n0:61660:61729 [0] NCCL INFO Channel 00/0 : 104[7000] -> 108[7000] [receive] via NET/AWS Libfabric/3
x3211c0s7b0n0:46384:46430 [1] NCCL INFO Connected all trees
x3211c0s7b0n0:46384:46430 [1] NCCL INFO NCCL_NTHREADS set by environment to 512.
x3211c0s7b0n0:46384:46430 [1] NCCL INFO NCCL_PROTO set by environment to Simple
x3211c0s7b0n0:46384:46430 [1] NCCL INFO NCCL_ALGO set by environment to Tree
x3211c0s7b0n0:46384:46430 [1] NCCL INFO threadThresholds 8/8/64 | 1024/8/64 | 8/8/512
x3211c0s7b0n0:46384:46430 [1] NCCL INFO 2 coll channels, 2 p2p channels, 2 p2p channels per peer
x3211c0s7b0n0:46385:46429 [2] NCCL INFO Connected all trees
x3211c0s7b0n0:46385:46429 [2] NCCL INFO NCCL_NTHREADS set by environment to 512.
x3211c0s7b0n0:46385:46429 [2] NCCL INFO NCCL_PROTO set by environment to Simple
x3211c0s7b0n0:46385:46429 [2] NCCL INFO NCCL_ALGO set by environment to Tree
x3211c0s7b0n0:46385:46429 [2] NCCL INFO threadThresholds 8/8/64 | 1024/8/64 | 8/8/512
x3211c0s7b0n0:46385:46429 [2] NCCL INFO 2 coll channels, 2 p2p channels, 2 p2p channels per peer
x3210c0s19b0n0:49047:49106 [0] NCCL INFO Channel 00/0 : 60[7000] -> 56[7000] [send] via NET/AWS Libfabric/3
x3209c0s13b1n0:53945:53995 [1] NCCL INFO Connected all trees
x3209c0s13b1n0:53945:53995 [1] NCCL INFO NCCL_NTHREADS set by environment to 512.
x3209c0s13b1n0:53945:53995 [1] NCCL INFO NCCL_PROTO set by environment to Simple
x3209c0s13b1n0:53945:53995 [1] NCCL INFO NCCL_ALGO set by environment to Tree
x3209c0s13b1n0:53945:53995 [1] NCCL INFO threadThresholds 8/8/64 | 1024/8/64 | 8/8/512
x3209c0s13b1n0:53945:53995 [1] NCCL INFO 2 coll channels, 2 p2p channels, 2 p2p channels per peer
x3209c0s13b1n0:53946:54000 [2] NCCL INFO Connected all trees
x3209c0s13b1n0:53946:54000 [2] NCCL INFO NCCL_NTHREADS set by environment to 512.
x3209c0s13b1n0:53946:54000 [2] NCCL INFO NCCL_PROTO set by environment to Simple
x3209c0s13b1n0:53946:54000 [2] NCCL INFO NCCL_ALGO set by environment to Tree
x3209c0s13b1n0:53946:54000 [2] NCCL INFO threadThresholds 8/8/64 | 1024/8/64 | 8/8/512
x3209c0s13b1n0:53946:54000 [2] NCCL INFO 2 coll channels, 2 p2p channels, 2 p2p channels per peer
x3211c0s37b1n0:62556:62606 [3] NCCL INFO Channel 01/0 : 83[c7000] -> 91[c7000] [receive] via NET/AWS Libfabric/1
x3212c0s19b1n0:62539:62587 [1] NCCL INFO Channel 00/0 : 105[46000] -> 100[7000] [send] via NET/AWS Libfabric/3
x3212c0s25b0n0:46324:46373 [3] NCCL INFO Channel 01/0 : 122[85000] -> 119[c7000] [receive] via NET/AWS Libfabric/1
x3212c0s25b1n0:61096:61141 [2] NCCL INFO Channel 01/0 : 122[85000] -> 119[c7000] [send] via NET/AWS Libfabric/1
x3209c0s25b1n0:62694:62746 [1] NCCL INFO Channel 00/0 : 25[46000] -> 20[7000] [send] via NET/AWS Libfabric/3
x3209c0s25b1n0:62695:62752 [2] NCCL INFO Channel 01/0 : 26[85000] -> 23[c7000] [send] via NET/AWS Libfabric/1
x3212c0s25b0n0:46321:46376 [0] NCCL INFO Channel 00/0 : 116[7000] -> 121[46000] [send] via NET/AWS Libfabric/3
x3209c0s31b0n0:31453:31510 [0] NCCL INFO Channel 00/0 : 28[7000] -> 24[7000] [send] via NET/AWS Libfabric/3
x3211c0s37b1n0:62554:62610 [1] NCCL INFO Channel 00/0 : 84[7000] -> 89[46000] [receive] via NET/AWS Libfabric/3
x3209c0s25b1n0:62695:62752 [2] NCCL INFO Channel 00 : 26[85000] -> 25[46000] via P2P/IPC/read
x3210c0s19b0n0:49050:49105 [3] NCCL INFO Channel 01/0 : 63[c7000] -> 59[c7000] [send] via NET/AWS Libfabric/1
x3211c0s37b0n0:2945:2992 [3] NCCL INFO Channel 01/0 : 90[85000] -> 87[c7000] [receive] via NET/AWS Libfabric/1
x3209c0s31b1n0:45077:45135 [0] NCCL INFO Channel 00/0 : 32[7000] -> 48[7000] [send] via NET/AWS Libfabric/3
x3210c0s13b0n0:56393:56491 [0] NCCL INFO Connected all trees
x3210c0s13b0n0:56393:56491 [0] NCCL INFO NCCL_NTHREADS set by environment to 512.
x3210c0s13b0n0:56393:56491 [0] NCCL INFO NCCL_PROTO set by environment to Simple
x3210c0s13b0n0:56393:56491 [0] NCCL INFO NCCL_ALGO set by environment to Tree
x3210c0s13b0n0:56393:56491 [0] NCCL INFO threadThresholds 8/8/64 | 1024/8/64 | 8/8/512
x3210c0s13b0n0:56393:56491 [0] NCCL INFO 2 coll channels, 2 p2p channels, 2 p2p channels per peer
x3209c0s7b0n0:49766:49821 [0] NCCL INFO Channel 00/0 : 40[7000] -> 44[7000] [receive] via NET/AWS Libfabric/3
x3209c0s19b0n0:51902:51955 [1] NCCL INFO Channel 00/0 : 4[7000] -> 9[46000] [receive] via NET/AWS Libfabric/3
x3210c0s7b1n0:24630:24671 [3] NCCL INFO Channel 01/0 : 82[85000] -> 75[c7000] [receive] via NET/AWS Libfabric/1
x3209c0s7b0n0:49767:49817 [1] NCCL INFO Connected all trees
x3209c0s7b0n0:49767:49817 [1] NCCL INFO NCCL_NTHREADS set by environment to 512.
x3209c0s7b0n0:49767:49817 [1] NCCL INFO NCCL_PROTO set by environment to Simple
x3209c0s7b0n0:49767:49817 [1] NCCL INFO NCCL_ALGO set by environment to Tree
x3209c0s7b0n0:49767:49817 [1] NCCL INFO threadThresholds 8/8/64 | 1024/8/64 | 8/8/512
x3209c0s7b0n0:49767:49817 [1] NCCL INFO 2 coll channels, 2 p2p channels, 2 p2p channels per peer
x3209c0s7b0n0:49768:49824 [2] NCCL INFO Connected all trees
x3209c0s7b0n0:49768:49824 [2] NCCL INFO NCCL_NTHREADS set by environment to 512.
x3209c0s7b0n0:49768:49824 [2] NCCL INFO NCCL_PROTO set by environment to Simple
x3209c0s7b0n0:49768:49824 [2] NCCL INFO NCCL_ALGO set by environment to Tree
x3209c0s7b0n0:49768:49824 [2] NCCL INFO threadThresholds 8/8/64 | 1024/8/64 | 8/8/512
x3209c0s7b0n0:49768:49824 [2] NCCL INFO 2 coll channels, 2 p2p channels, 2 p2p channels per peer
x3211c0s31b1n0:21355:21406 [2] NCCL INFO Channel 01/0 : 82[85000] -> 75[c7000] [send] via NET/AWS Libfabric/1
x3210c0s7b1n0:24628:24674 [1] NCCL INFO Connected all trees
x3210c0s7b1n0:24628:24674 [1] NCCL INFO NCCL_NTHREADS set by environment to 512.
x3210c0s7b1n0:24628:24674 [1] NCCL INFO NCCL_PROTO set by environment to Simple
x3210c0s7b1n0:24628:24674 [1] NCCL INFO NCCL_ALGO set by environment to Tree
x3210c0s7b1n0:24628:24674 [1] NCCL INFO threadThresholds 8/8/64 | 1024/8/64 | 8/8/512
x3210c0s7b1n0:24628:24674 [1] NCCL INFO 2 coll channels, 2 p2p channels, 2 p2p channels per peer
x3210c0s7b1n0:24629:24670 [2] NCCL INFO Connected all trees
x3210c0s7b1n0:24629:24670 [2] NCCL INFO NCCL_NTHREADS set by environment to 512.
x3210c0s7b1n0:24629:24670 [2] NCCL INFO NCCL_PROTO set by environment to Simple
x3210c0s7b1n0:24629:24670 [2] NCCL INFO NCCL_ALGO set by environment to Tree
x3210c0s7b1n0:24629:24670 [2] NCCL INFO threadThresholds 8/8/64 | 1024/8/64 | 8/8/512
x3210c0s7b1n0:24629:24670 [2] NCCL INFO 2 coll channels, 2 p2p channels, 2 p2p channels per peer
x3209c0s7b1n0:21078:21127 [0] NCCL INFO Channel 00/0 : 32[7000] -> 48[7000] [receive] via NET/AWS Libfabric/3
x3210c0s13b1n0:51809:51857 [3] NCCL INFO Channel 01/0 : 51[c7000] -> 59[c7000] [receive] via NET/AWS Libfabric/1
x3209c0s19b0n0:51903:51954 [2] NCCL INFO Channel 01/0 : 7[c7000] -> 10[85000] [receive] via NET/AWS Libfabric/1
x3209c0s31b1n0:45081:45132 [2] NCCL INFO Channel 01/0 : 19[c7000] -> 34[85000] [receive] via NET/AWS Libfabric/1
x3209c0s31b0n0:31456:31511 [3] NCCL INFO Channel 01/0 : 31[c7000] -> 27[c7000] [send] via NET/AWS Libfabric/1
x3210c0s13b1n0:51808:51849 [2] NCCL INFO Connected all trees
x3210c0s13b1n0:51807:51858 [1] NCCL INFO Connected all trees
x3210c0s13b1n0:51807:51858 [1] NCCL INFO NCCL_NTHREADS set by environment to 512.
x3210c0s13b1n0:51807:51858 [1] NCCL INFO NCCL_PROTO set by environment to Simple
x3210c0s13b1n0:51807:51858 [1] NCCL INFO NCCL_ALGO set by environment to Tree
x3210c0s13b1n0:51807:51858 [1] NCCL INFO threadThresholds 8/8/64 | 1024/8/64 | 8/8/512
x3210c0s13b1n0:51807:51858 [1] NCCL INFO 2 coll channels, 2 p2p channels, 2 p2p channels per peer
x3210c0s13b1n0:51808:51849 [2] NCCL INFO NCCL_NTHREADS set by environment to 512.
x3210c0s13b1n0:51808:51849 [2] NCCL INFO NCCL_PROTO set by environment to Simple
x3210c0s13b1n0:51808:51849 [2] NCCL INFO NCCL_ALGO set by environment to Tree
x3210c0s13b1n0:51808:51849 [2] NCCL INFO threadThresholds 8/8/64 | 1024/8/64 | 8/8/512
x3210c0s13b1n0:51808:51849 [2] NCCL INFO 2 coll channels, 2 p2p channels, 2 p2p channels per peer
x3211c0s37b1n0:62555:62605 [2] NCCL INFO Channel 01/0 : 90[85000] -> 87[c7000] [send] via NET/AWS Libfabric/1
x3211c0s37b1n0:62553:62609 [0] NCCL INFO Channel 00/0 : 80[7000] -> 88[7000] [receive] via NET/AWS Libfabric/3
x3212c0s25b1n0:61096:61141 [2] NCCL INFO Channel 00 : 122[85000] -> 121[46000] via P2P/IPC/read
x3212c0s13b1n0:21625:21694 [0] NCCL INFO Connected all trees
x3212c0s13b1n0:21625:21694 [0] NCCL INFO NCCL_NTHREADS set by environment to 512.
x3212c0s13b1n0:21625:21694 [0] NCCL INFO NCCL_PROTO set by environment to Simple
x3212c0s13b1n0:21625:21694 [0] NCCL INFO NCCL_ALGO set by environment to Tree
x3212c0s13b1n0:21625:21694 [0] NCCL INFO threadThresholds 8/8/64 | 1024/8/64 | 8/8/512
x3212c0s13b1n0:21625:21694 [0] NCCL INFO 2 coll channels, 2 p2p channels, 2 p2p channels per peer
x3212c0s1b0n0:61661:61730 [1] NCCL INFO Connected all trees
x3212c0s1b0n0:61661:61730 [1] NCCL INFO NCCL_NTHREADS set by environment to 512.
x3212c0s1b0n0:61661:61730 [1] NCCL INFO NCCL_PROTO set by environment to Simple
x3212c0s1b0n0:61661:61730 [1] NCCL INFO NCCL_ALGO set by environment to Tree
x3212c0s1b0n0:61661:61730 [1] NCCL INFO threadThresholds 8/8/64 | 1024/8/64 | 8/8/512
x3212c0s1b0n0:61661:61730 [1] NCCL INFO 2 coll channels, 2 p2p channels, 2 p2p channels per peer
x3212c0s1b0n0:61662:61732 [2] NCCL INFO Connected all trees
x3212c0s1b0n0:61662:61732 [2] NCCL INFO NCCL_NTHREADS set by environment to 512.
x3212c0s1b0n0:61662:61732 [2] NCCL INFO NCCL_PROTO set by environment to Simple
x3212c0s1b0n0:61662:61732 [2] NCCL INFO NCCL_ALGO set by environment to Tree
x3212c0s1b0n0:61662:61732 [2] NCCL INFO threadThresholds 8/8/64 | 1024/8/64 | 8/8/512
x3212c0s1b0n0:61662:61732 [2] NCCL INFO 2 coll channels, 2 p2p channels, 2 p2p channels per peer
x3212c0s25b1n0:61097:61142 [3] NCCL INFO Channel 01/0 : 123[c7000] -> 115[c7000] [send] via NET/AWS Libfabric/1
x3210c0s7b1n0:24625:24675 [0] NCCL INFO Channel 00/0 : 72[7000] -> 81[46000] [send] via NET/AWS Libfabric/3
x3209c0s7b0n0:49769:49823 [3] NCCL INFO Channel 01/0 : 43[c7000] -> 47[c7000] [receive] via NET/AWS Libfabric/1
x3211c0s37b1n0:62555:62605 [2] NCCL INFO Channel 00 : 90[85000] -> 89[46000] via P2P/IPC/read
x3209c0s31b1n0:45079:45133 [1] NCCL INFO Channel 00/0 : 16[7000] -> 33[46000] [receive] via NET/AWS Libfabric/3
x3209c0s37b0n0:31388:31436 [3] NCCL INFO Channel 01/0 : 42[85000] -> 39[c7000] [receive] via NET/AWS Libfabric/1
x3210c0s13b1n0:51806:51859 [0] NCCL INFO Channel 00/0 : 56[7000] -> 48[7000] [send] via NET/AWS Libfabric/3
x3211c0s31b1n0:21355:21406 [2] NCCL INFO Channel 00 : 82[85000] -> 81[46000] via P2P/IPC/read
x3211c0s37b0n0:2945:2992 [3] NCCL INFO Connected all trees
x3211c0s37b0n0:2945:2992 [3] NCCL INFO NCCL_NTHREADS set by environment to 512.
x3211c0s37b0n0:2945:2992 [3] NCCL INFO NCCL_PROTO set by environment to Simple
x3211c0s37b0n0:2945:2992 [3] NCCL INFO NCCL_ALGO set by environment to Tree
x3211c0s37b0n0:2945:2992 [3] NCCL INFO threadThresholds 8/8/64 | 1024/8/64 | 8/8/512
x3211c0s37b0n0:2945:2992 [3] NCCL INFO 2 coll channels, 2 p2p channels, 2 p2p channels per peer
x3209c0s19b0n0:51901:51956 [0] NCCL INFO Channel 00/0 : 8[7000] -> 17[46000] [send] via NET/AWS Libfabric/3
x3212c0s25b0n0:46324:46373 [3] NCCL INFO Connected all trees
x3212c0s25b0n0:46324:46373 [3] NCCL INFO NCCL_NTHREADS set by environment to 512.
x3212c0s25b0n0:46324:46373 [3] NCCL INFO NCCL_PROTO set by environment to Simple
x3212c0s25b0n0:46324:46373 [3] NCCL INFO NCCL_ALGO set by environment to Tree
x3212c0s25b0n0:46324:46373 [3] NCCL INFO threadThresholds 8/8/64 | 1024/8/64 | 8/8/512
x3212c0s25b0n0:46324:46373 [3] NCCL INFO 2 coll channels, 2 p2p channels, 2 p2p channels per peer
x3209c0s13b0n0:4444:4468 [1] NCCL INFO Connected all trees
x3209c0s13b0n0:4444:4468 [1] NCCL INFO NCCL_NTHREADS set by environment to 512.
x3209c0s13b0n0:4444:4468 [1] NCCL INFO NCCL_PROTO set by environment to Simple
x3209c0s13b0n0:4444:4468 [1] NCCL INFO NCCL_ALGO set by environment to Tree
x3209c0s13b0n0:4444:4468 [1] NCCL INFO threadThresholds 8/8/64 | 1024/8/64 | 8/8/512
x3209c0s13b0n0:4444:4468 [1] NCCL INFO 2 coll channels, 2 p2p channels, 2 p2p channels per peer
x3209c0s13b0n0:4445:4473 [2] NCCL INFO Connected all trees
x3209c0s13b0n0:4445:4473 [2] NCCL INFO NCCL_NTHREADS set by environment to 512.
x3209c0s13b0n0:4445:4473 [2] NCCL INFO NCCL_PROTO set by environment to Simple
x3209c0s13b0n0:4445:4473 [2] NCCL INFO NCCL_ALGO set by environment to Tree
x3209c0s13b0n0:4445:4473 [2] NCCL INFO threadThresholds 8/8/64 | 1024/8/64 | 8/8/512
x3209c0s13b0n0:4445:4473 [2] NCCL INFO 2 coll channels, 2 p2p channels, 2 p2p channels per peer
x3212c0s25b0n0:46322:46374 [1] NCCL INFO Connected all trees
x3212c0s25b0n0:46322:46374 [1] NCCL INFO NCCL_NTHREADS set by environment to 512.
x3212c0s25b0n0:46322:46374 [1] NCCL INFO NCCL_PROTO set by environment to Simple
x3212c0s25b0n0:46322:46374 [1] NCCL INFO NCCL_ALGO set by environment to Tree
x3212c0s25b0n0:46322:46374 [1] NCCL INFO threadThresholds 8/8/64 | 1024/8/64 | 8/8/512
x3212c0s25b0n0:46322:46374 [1] NCCL INFO 2 coll channels, 2 p2p channels, 2 p2p channels per peer
x3212c0s25b0n0:46323:46375 [2] NCCL INFO Connected all trees
x3212c0s25b0n0:46323:46375 [2] NCCL INFO NCCL_NTHREADS set by environment to 512.
x3212c0s25b0n0:46323:46375 [2] NCCL INFO NCCL_PROTO set by environment to Simple
x3212c0s25b0n0:46323:46375 [2] NCCL INFO NCCL_ALGO set by environment to Tree
x3212c0s25b0n0:46323:46375 [2] NCCL INFO threadThresholds 8/8/64 | 1024/8/64 | 8/8/512
x3212c0s25b0n0:46323:46375 [2] NCCL INFO 2 coll channels, 2 p2p channels, 2 p2p channels per peer
x3211c0s31b0n0:33340:33386 [0] NCCL INFO Channel 00/0 : 76[7000] -> 72[7000] [send] via NET/AWS Libfabric/3
x3209c0s37b0n0:31385:31435 [0] NCCL INFO Channel 00/0 : 41[46000] -> 36[7000] [receive] via NET/AWS Libfabric/3
x3212c0s1b1n0:3556:3612 [1] NCCL INFO Channel 00/0 : 104[7000] -> 113[46000] [receive] via NET/AWS Libfabric/3
x3209c0s1b0n0:64623:64673 [3] NCCL INFO Channel 01/0 : 19[c7000] -> 34[85000] [send] via NET/AWS Libfabric/1
x3212c0s1b0n0:61663:61731 [3] NCCL INFO Channel 01/0 : 107[c7000] -> 111[c7000] [receive] via NET/AWS Libfabric/1
x3209c0s37b1n0:33222:33272 [1] NCCL INFO Channel 00/0 : 41[46000] -> 36[7000] [send] via NET/AWS Libfabric/3
x3212c0s13b1n0:21625:21694 [0] NCCL INFO comm 0x15410c0010c0 rank 100 nranks 128 cudaDev 0 busId 7000 - Init COMPLETE
x3212c0s13b1n0:21626:21691 [1] NCCL INFO comm 0x14b7580010c0 rank 101 nranks 128 cudaDev 1 busId 46000 - Init COMPLETE
x3212c0s13b1n0:21628:21692 [2] NCCL INFO comm 0x14c5f80010c0 rank 102 nranks 128 cudaDev 2 busId 85000 - Init COMPLETE
x3212c0s13b1n0:21629:21693 [3] NCCL INFO comm 0x1507a80010c0 rank 103 nranks 128 cudaDev 3 busId c7000 - Init COMPLETE
x3209c0s1b0n0:64620:64671 [0] NCCL INFO Channel 00/0 : 16[7000] -> 33[46000] [send] via NET/AWS Libfabric/3
x3209c0s25b0n0:61019:61068 [0] NCCL INFO Connected all trees
x3209c0s25b0n0:61019:61068 [0] NCCL INFO NCCL_NTHREADS set by environment to 512.
x3209c0s25b0n0:61019:61068 [0] NCCL INFO NCCL_PROTO set by environment to Simple
x3209c0s25b0n0:61019:61068 [0] NCCL INFO NCCL_ALGO set by environment to Tree
x3209c0s25b0n0:61019:61068 [0] NCCL INFO threadThresholds 8/8/64 | 1024/8/64 | 8/8/512
x3209c0s25b0n0:61019:61068 [0] NCCL INFO 2 coll channels, 2 p2p channels, 2 p2p channels per peer
x3209c0s13b0n0:4446:4474 [3] NCCL INFO Channel 01/0 : 67[c7000] -> 3[c7000] [receive] via NET/AWS Libfabric/1
x3212c0s25b0n0:46321:46376 [0] NCCL INFO Channel 00/0 : 121[46000] -> 116[7000] [receive] via NET/AWS Libfabric/3
x3212c0s19b1n0:62539:62587 [1] NCCL INFO Connected all trees
x3212c0s19b1n0:62539:62587 [1] NCCL INFO NCCL_NTHREADS set by environment to 512.
x3212c0s19b1n0:62539:62587 [1] NCCL INFO NCCL_PROTO set by environment to Simple
x3212c0s19b1n0:62539:62587 [1] NCCL INFO NCCL_ALGO set by environment to Tree
x3212c0s19b1n0:62539:62587 [1] NCCL INFO threadThresholds 8/8/64 | 1024/8/64 | 8/8/512
x3212c0s19b1n0:62539:62587 [1] NCCL INFO 2 coll channels, 2 p2p channels, 2 p2p channels per peer
x3212c0s19b1n0:62540:62588 [2] NCCL INFO Connected all trees
x3212c0s19b1n0:62540:62588 [2] NCCL INFO NCCL_NTHREADS set by environment to 512.
x3212c0s19b1n0:62540:62588 [2] NCCL INFO NCCL_PROTO set by environment to Simple
x3212c0s19b1n0:62540:62588 [2] NCCL INFO NCCL_ALGO set by environment to Tree
x3212c0s19b1n0:62540:62588 [2] NCCL INFO threadThresholds 8/8/64 | 1024/8/64 | 8/8/512
x3212c0s19b1n0:62540:62588 [2] NCCL INFO 2 coll channels, 2 p2p channels, 2 p2p channels per peer
x3209c0s25b1n0:62695:62752 [2] NCCL INFO Connected all trees
x3209c0s25b1n0:62694:62746 [1] NCCL INFO Connected all trees
x3209c0s25b1n0:62694:62746 [1] NCCL INFO NCCL_NTHREADS set by environment to 512.
x3209c0s25b1n0:62694:62746 [1] NCCL INFO NCCL_PROTO set by environment to Simple
x3209c0s25b1n0:62694:62746 [1] NCCL INFO NCCL_ALGO set by environment to Tree
x3209c0s25b1n0:62694:62746 [1] NCCL INFO threadThresholds 8/8/64 | 1024/8/64 | 8/8/512
x3209c0s25b1n0:62694:62746 [1] NCCL INFO 2 coll channels, 2 p2p channels, 2 p2p channels per peer
x3209c0s25b1n0:62695:62752 [2] NCCL INFO NCCL_NTHREADS set by environment to 512.
x3209c0s25b1n0:62695:62752 [2] NCCL INFO NCCL_PROTO set by environment to Simple
x3209c0s25b1n0:62695:62752 [2] NCCL INFO NCCL_ALGO set by environment to Tree
x3209c0s25b1n0:62695:62752 [2] NCCL INFO threadThresholds 8/8/64 | 1024/8/64 | 8/8/512
x3209c0s25b1n0:62695:62752 [2] NCCL INFO 2 coll channels, 2 p2p channels, 2 p2p channels per peer
x3209c0s25b0n0:61022:61070 [3] NCCL INFO Connected all trees
x3212c0s1b1n0:3558:3614 [3] NCCL INFO Channel 01/0 : 99[c7000] -> 115[c7000] [receive] via NET/AWS Libfabric/1
x3209c0s25b0n0:61022:61070 [3] NCCL INFO NCCL_NTHREADS set by environment to 512.
x3209c0s25b0n0:61022:61070 [3] NCCL INFO NCCL_PROTO set by environment to Simple
x3209c0s25b0n0:61022:61070 [3] NCCL INFO NCCL_ALGO set by environment to Tree
x3209c0s25b0n0:61022:61070 [3] NCCL INFO threadThresholds 8/8/64 | 1024/8/64 | 8/8/512
x3209c0s25b0n0:61022:61070 [3] NCCL INFO 2 coll channels, 2 p2p channels, 2 p2p channels per peer
x3211c0s31b1n0:21353:21410 [0] NCCL INFO Channel 00/0 : 80[7000] -> 97[46000] [send] via NET/AWS Libfabric/3
x3212c0s1b1n0:3555:3615 [0] NCCL INFO Channel 00/0 : 96[7000] -> 112[7000] [receive] via NET/AWS Libfabric/3
x3209c0s19b1n0:53762:53811 [3] NCCL INFO Channel 01/0 : 15[c7000] -> 11[c7000] [send] via NET/AWS Libfabric/1
x3212c0s25b1n0:61092:61137 [0] NCCL INFO Channel 00/0 : 120[7000] -> 112[7000] [send] via NET/AWS Libfabric/3
x3209c0s25b1n0:62696:62750 [3] NCCL INFO Channel 01/0 : 27[c7000] -> 19[c7000] [send] via NET/AWS Libfabric/1
x3211c0s7b0n0:46383:46434 [0] NCCL INFO Channel 00/0 : 92[7000] -> 88[7000] [send] via NET/AWS Libfabric/3
x3209c0s37b1n0:33223:33265 [2] NCCL INFO Channel 00 : 42[85000] -> 41[46000] via P2P/IPC/read
x3212c0s1b1n0:3557:3613 [2] NCCL INFO Channel 01/0 : 107[c7000] -> 114[85000] [receive] via NET/AWS Libfabric/1
x3210c0s7b1n0:24625:24675 [0] NCCL INFO Channel 00/0 : 81[46000] -> 72[7000] [receive] via NET/AWS Libfabric/3
x3210c0s13b0n0:56393:56491 [0] NCCL INFO comm 0x1546e80010c0 rank 52 nranks 128 cudaDev 0 busId 7000 - Init COMPLETE
x3210c0s13b0n0:56394:56488 [1] NCCL INFO comm 0x14c9b80010c0 rank 53 nranks 128 cudaDev 1 busId 46000 - Init COMPLETE
x3210c0s13b0n0:56396:56489 [3] NCCL INFO comm 0x14cdc80010c0 rank 55 nranks 128 cudaDev 3 busId c7000 - Init COMPLETE
x3210c0s13b0n0:56395:56490 [2] NCCL INFO comm 0x14dff80010c0 rank 54 nranks 128 cudaDev 2 busId 85000 - Init COMPLETE
