x3212c0s13b0n0:25224:25249 [2] NCCL INFO Channel 03 : 98[85000] -> 99[c7000] via P2P/IPC/read
x3212c0s13b1n0:46359:46381 [2] NCCL INFO Channel 03/0 : 102[85000] -> 107[c7000] [send] via NET/AWS Libfabric/1
x3209c0s13b1n0:12205:12232 [3] NCCL INFO Connected all rings
x3211c0s25b1n0:3383:3407 [3] NCCL INFO Channel 01/0 : 87[c7000] -> 90[85000] [send] via NET/AWS Libfabric/1
x3210c0s19b1n0:60153:60181 [0] NCCL INFO Channel 01 : 56[7000] -> 57[46000] via P2P/IPC/read
x3211c0s1b0n0:61213:61239 [1] NCCL INFO Channel 00 : 73[46000] -> 74[85000] via P2P/IPC/read
x3211c0s1b0n0:61213:61239 [1] NCCL INFO Channel 01 : 73[46000] -> 74[85000] via P2P/IPC/read
x3211c0s1b0n0:61213:61239 [1] NCCL INFO Channel 02 : 73[46000] -> 74[85000] via P2P/IPC/read
x3211c0s1b0n0:61213:61239 [1] NCCL INFO Channel 03 : 73[46000] -> 74[85000] via P2P/IPC/read
x3209c0s1b0n0:37706:37731 [1] NCCL INFO Channel 00 : 17[46000] -> 18[85000] via P2P/IPC/read
x3212c0s13b1n0:46357:46383 [1] NCCL INFO Channel 02/0 : 101[46000] -> 104[7000] [send] via NET/AWS Libfabric/3
x3209c0s1b0n0:37706:37731 [1] NCCL INFO Channel 01 : 17[46000] -> 18[85000] via P2P/IPC/read
x3209c0s1b0n0:37706:37731 [1] NCCL INFO Channel 02 : 17[46000] -> 18[85000] via P2P/IPC/read
x3209c0s1b0n0:37706:37731 [1] NCCL INFO Channel 03 : 17[46000] -> 18[85000] via P2P/IPC/read
x3209c0s37b0n0:42752:42778 [2] NCCL INFO Channel 02 : 38[85000] -> 39[c7000] via P2P/IPC/read
x3211c0s25b1n0:3380:3406 [1] NCCL INFO Channel 02/0 : 85[46000] -> 88[7000] [send] via NET/AWS Libfabric/3
x3209c0s13b1n0:12203:12230 [1] NCCL INFO Connected all rings
x3209c0s13b1n0:12204:12229 [2] NCCL INFO Connected all rings
x3211c0s1b1n0:42872:42893 [2] NCCL INFO Channel 03/0 : 78[85000] -> 87[c7000] [send] via NET/AWS Libfabric/1
x3209c0s37b0n0:42752:42778 [2] NCCL INFO Channel 03 : 38[85000] -> 39[c7000] via P2P/IPC/read
x3212c0s25b0n0:20882:20908 [2] NCCL INFO Channel 01/0 : 119[c7000] -> 122[85000] [receive] via NET/AWS Libfabric/1
x3210c0s13b1n0:8371:8397 [2] NCCL INFO Channel 00 : 54[85000] -> 55[c7000] via P2P/IPC/read
x3209c0s7b0n0:40171:40198 [1] NCCL INFO Channel 00 : 45[46000] -> 46[85000] via P2P/IPC/read
x3210c0s13b1n0:8371:8397 [2] NCCL INFO Channel 01 : 54[85000] -> 55[c7000] via P2P/IPC/read
x3209c0s7b0n0:40171:40198 [1] NCCL INFO Channel 01 : 45[46000] -> 46[85000] via P2P/IPC/read
x3209c0s7b0n0:40171:40198 [1] NCCL INFO Channel 02 : 45[46000] -> 46[85000] via P2P/IPC/read
x3209c0s7b0n0:40171:40198 [1] NCCL INFO Channel 03 : 45[46000] -> 46[85000] via P2P/IPC/read
x3210c0s13b1n0:8371:8397 [2] NCCL INFO Channel 02 : 54[85000] -> 55[c7000] via P2P/IPC/read
x3210c0s13b1n0:8371:8397 [2] NCCL INFO Channel 03 : 54[85000] -> 55[c7000] via P2P/IPC/read
x3211c0s31b1n0:22511:22537 [0] NCCL INFO Channel 02 : 92[7000] -> 93[46000] via P2P/IPC/read
x3212c0s1b0n0:36563:36587 [1] NCCL INFO Channel 00 : 113[46000] -> 114[85000] via P2P/IPC/read
x3210c0s13b0n0:6629:6655 [0] NCCL INFO Channel 02/0 : 48[7000] -> 52[7000] [send] via NET/AWS Libfabric/3
x3209c0s19b0n0:56532:56558 [0] NCCL INFO Channel 02 : 8[7000] -> 9[46000] via P2P/IPC/read
x3211c0s25b1n0:3378:3405 [0] NCCL INFO Channel 02/0 : 80[7000] -> 84[7000] [receive] via NET/AWS Libfabric/3
x3209c0s37b1n0:13651:13678 [2] NCCL INFO Channel 01/0 : 39[c7000] -> 42[85000] [receive] via NET/AWS Libfabric/1
x3212c0s19b1n0:13806:13837 [0] NCCL INFO Channel 00/0 : 104[7000] -> 108[7000] [receive] via NET/AWS Libfabric/3
x3211c0s31b0n0:27890:27912 [2] NCCL INFO Channel 00 : 90[85000] -> 91[c7000] via P2P/IPC/read
x3211c0s1b0n0:61214:61240 [2] NCCL INFO Channel 00 : 74[85000] -> 75[c7000] via P2P/IPC/read
x3211c0s1b0n0:61214:61240 [2] NCCL INFO Channel 01 : 74[85000] -> 75[c7000] via P2P/IPC/read
x3211c0s1b0n0:61214:61240 [2] NCCL INFO Channel 02 : 74[85000] -> 75[c7000] via P2P/IPC/read
x3211c0s1b0n0:61214:61240 [2] NCCL INFO Channel 03 : 74[85000] -> 75[c7000] via P2P/IPC/read
x3209c0s25b0n0:13511:13538 [2] NCCL INFO Channel 00 : 22[85000] -> 23[c7000] via P2P/IPC/read
x3210c0s13b0n0:6632:6657 [3] NCCL INFO Channel 03/0 : 51[c7000] -> 55[c7000] [send] via NET/AWS Libfabric/1
x3210c0s31b1n0:12063:12085 [2] NCCL INFO Channel 02 : 66[85000] -> 67[c7000] via P2P/IPC/read
x3212c0s19b1n0:13808:13835 [2] NCCL INFO Channel 00 : 110[85000] -> 111[c7000] via P2P/IPC/read
x3210c0s1b0n0:35711:35735 [2] NCCL INFO Channel 03/0 : 62[85000] -> 95[c7000] [send] via NET/AWS Libfabric/1
x3209c0s19b0n0:56535:56559 [3] NCCL INFO Channel 01/0 : 11[c7000] -> 15[c7000] [send] via NET/AWS Libfabric/1
x3212c0s13b1n0:46360:46382 [3] NCCL INFO Channel 03/0 : 99[c7000] -> 103[c7000] [receive] via NET/AWS Libfabric/1
x3209c0s7b0n0:40171:40198 [1] NCCL INFO Channel 02/0 : 45[46000] -> 52[7000] [send] via NET/AWS Libfabric/3
x3211c0s1b1n0:42870:42895 [0] NCCL INFO Channel 00/0 : 72[7000] -> 76[7000] [receive] via NET/AWS Libfabric/3
x3211c0s1b1n0:42873:42896 [3] NCCL INFO Channel 01/0 : 75[c7000] -> 79[c7000] [receive] via NET/AWS Libfabric/1
x3210c0s31b1n0:12062:12087 [1] NCCL INFO Channel 02 : 65[46000] -> 66[85000] via P2P/IPC/read
x3209c0s31b0n0:47654:47681 [0] NCCL INFO Channel 01 : 28[7000] -> 29[46000] via P2P/IPC/read
x3209c0s31b0n0:47656:47679 [2] NCCL INFO Channel 00 : 30[85000] -> 31[c7000] via P2P/IPC/read
x3211c0s25b1n0:3382:3408 [2] NCCL INFO Channel 03/0 : 86[85000] -> 91[c7000] [send] via NET/AWS Libfabric/1
x3210c0s37b0n0:19175:19196 [2] NCCL INFO Channel 00 : 70[85000] -> 71[c7000] via P2P/IPC/read
x3210c0s37b0n0:19175:19196 [2] NCCL INFO Channel 01 : 70[85000] -> 71[c7000] via P2P/IPC/read
x3210c0s31b1n0:12062:12087 [1] NCCL INFO Channel 03 : 65[46000] -> 66[85000] via P2P/IPC/read
x3210c0s37b0n0:19175:19196 [2] NCCL INFO Channel 02 : 70[85000] -> 71[c7000] via P2P/IPC/read
x3210c0s37b0n0:19175:19196 [2] NCCL INFO Channel 03 : 70[85000] -> 71[c7000] via P2P/IPC/read
x3209c0s13b0n0:39022:39050 [1] NCCL INFO Channel 00 : 1[46000] -> 2[85000] via P2P/IPC/read
x3209c0s13b0n0:39022:39050 [1] NCCL INFO Channel 01 : 1[46000] -> 2[85000] via P2P/IPC/read
x3209c0s31b1n0:27804:27831 [0] NCCL INFO Channel 02/0 : 32[7000] -> 36[7000] [send] via NET/AWS Libfabric/3
x3209c0s13b0n0:39022:39050 [1] NCCL INFO Channel 02 : 1[46000] -> 2[85000] via P2P/IPC/read
x3212c0s13b0n0:25222:25248 [0] NCCL INFO Channel 02 : 96[7000] -> 97[46000] via P2P/IPC/read
x3209c0s13b0n0:39022:39050 [1] NCCL INFO Channel 03 : 1[46000] -> 2[85000] via P2P/IPC/read
x3212c0s13b0n0:25225:25250 [3] NCCL INFO Channel 03/0 : 99[c7000] -> 103[c7000] [send] via NET/AWS Libfabric/1
x3209c0s25b1n0:14988:15016 [1] NCCL INFO Channel 00 : 25[46000] -> 26[85000] via P2P/IPC/read
x3209c0s25b1n0:14988:15016 [1] NCCL INFO Channel 01 : 25[46000] -> 26[85000] via P2P/IPC/read
x3209c0s25b1n0:14988:15016 [1] NCCL INFO Channel 02 : 25[46000] -> 26[85000] via P2P/IPC/read
x3209c0s25b1n0:14988:15016 [1] NCCL INFO Channel 03 : 25[46000] -> 26[85000] via P2P/IPC/read
x3211c0s31b1n0:22513:22540 [2] NCCL INFO Channel 00 : 94[85000] -> 95[c7000] via P2P/IPC/read
x3211c0s31b1n0:22513:22540 [2] NCCL INFO Channel 01 : 94[85000] -> 95[c7000] via P2P/IPC/read
x3210c0s19b1n0:60153:60181 [0] NCCL INFO Channel 02 : 56[7000] -> 57[46000] via P2P/IPC/read
x3211c0s31b1n0:22513:22540 [2] NCCL INFO Channel 02 : 94[85000] -> 95[c7000] via P2P/IPC/read
x3211c0s31b1n0:22513:22540 [2] NCCL INFO Channel 03 : 94[85000] -> 95[c7000] via P2P/IPC/read
x3212c0s25b1n0:8179:8204 [3] NCCL INFO Channel 01/0 : 123[c7000] -> 127[c7000] [receive] via NET/AWS Libfabric/1
x3209c0s37b1n0:13650:13675 [1] NCCL INFO Channel 00/0 : 36[7000] -> 41[46000] [receive] via NET/AWS Libfabric/3
x3210c0s1b0n0:35707:35734 [0] NCCL INFO Channel 00/0 : 56[7000] -> 60[7000] [receive] via NET/AWS Libfabric/3
x3209c0s19b1n0:21494:21521 [0] NCCL INFO Channel 00/0 : 8[7000] -> 12[7000] [receive] via NET/AWS Libfabric/3
x3211c0s31b1n0:22511:22537 [0] NCCL INFO Channel 03 : 92[7000] -> 93[46000] via P2P/IPC/read
x3212c0s25b1n0:8176:8302 [0] NCCL INFO Channel 00/0 : 120[7000] -> 124[7000] [receive] via NET/AWS Libfabric/3
x3210c0s13b1n0:8369:8394 [1] NCCL INFO Channel 02/0 : 53[46000] -> 56[7000] [send] via NET/AWS Libfabric/3
x3210c0s13b0n0:6631:6658 [2] NCCL INFO Channel 01/0 : 43[c7000] -> 50[85000] [receive] via NET/AWS Libfabric/1
x3210c0s13b0n0:6630:6656 [1] NCCL INFO Channel 00/0 : 40[7000] -> 49[46000] [receive] via NET/AWS Libfabric/3
x3209c0s31b1n0:27806:27834 [2] NCCL INFO Channel 00 : 34[85000] -> 35[c7000] via P2P/IPC/read
x3209c0s31b1n0:27806:27834 [2] NCCL INFO Channel 01 : 34[85000] -> 35[c7000] via P2P/IPC/read
x3209c0s31b1n0:27806:27834 [2] NCCL INFO Channel 02 : 34[85000] -> 35[c7000] via P2P/IPC/read
x3209c0s31b1n0:27806:27834 [2] NCCL INFO Channel 03 : 34[85000] -> 35[c7000] via P2P/IPC/read
x3211c0s25b0n0:22621:22644 [1] NCCL INFO Channel 00 : 81[46000] -> 82[85000] via P2P/IPC/read
x3209c0s7b0n0:40172:40196 [2] NCCL INFO Channel 03/0 : 46[85000] -> 55[c7000] [send] via NET/AWS Libfabric/1
x3212c0s25b0n0:20881:20910 [1] NCCL INFO Channel 00/0 : 116[7000] -> 121[46000] [receive] via NET/AWS Libfabric/3
x3212c0s19b1n0:13808:13835 [2] NCCL INFO Channel 01 : 110[85000] -> 111[c7000] via P2P/IPC/read
x3212c0s19b1n0:13808:13835 [2] NCCL INFO Channel 02 : 110[85000] -> 111[c7000] via P2P/IPC/read
x3212c0s19b1n0:13808:13835 [2] NCCL INFO Channel 03 : 110[85000] -> 111[c7000] via P2P/IPC/read
x3210c0s1b0n0:35709:35733 [1] NCCL INFO Channel 02/0 : 61[46000] -> 92[7000] [send] via NET/AWS Libfabric/3
x3210c0s31b1n0:12063:12085 [2] NCCL INFO Channel 03 : 66[85000] -> 67[c7000] via P2P/IPC/read
x3209c0s19b0n0:56533:56557 [1] NCCL INFO Channel 00 : 9[46000] -> 10[85000] via P2P/IPC/read
x3209c0s19b0n0:56532:56558 [0] NCCL INFO Channel 03 : 8[7000] -> 9[46000] via P2P/IPC/read
x3209c0s25b0n0:13511:13538 [2] NCCL INFO Channel 01 : 22[85000] -> 23[c7000] via P2P/IPC/read
x3212c0s1b0n0:36563:36587 [1] NCCL INFO Channel 01 : 113[46000] -> 114[85000] via P2P/IPC/read
x3212c0s1b1n0:49083:49109 [3] NCCL INFO Channel 03/0 : 115[c7000] -> 119[c7000] [receive] via NET/AWS Libfabric/1
x3209c0s31b0n0:47656:47679 [2] NCCL INFO Channel 01 : 30[85000] -> 31[c7000] via P2P/IPC/read
x3212c0s13b1n0:46357:46383 [1] NCCL INFO Channel 02/0 : 104[7000] -> 101[46000] [receive] via NET/AWS Libfabric/3
x3209c0s31b0n0:47655:47682 [1] NCCL INFO Channel 00 : 29[46000] -> 30[85000] via P2P/IPC/read
x3209c0s31b0n0:47655:47682 [1] NCCL INFO Channel 01 : 29[46000] -> 30[85000] via P2P/IPC/read
x3209c0s31b0n0:47655:47682 [1] NCCL INFO Channel 02 : 29[46000] -> 30[85000] via P2P/IPC/read
x3209c0s31b0n0:47655:47682 [1] NCCL INFO Channel 03 : 29[46000] -> 30[85000] via P2P/IPC/read
x3211c0s1b0n0:61216:61238 [3] NCCL INFO Channel 01/0 : 75[c7000] -> 79[c7000] [send] via NET/AWS Libfabric/1
x3209c0s1b0n0:37704:37730 [0] NCCL INFO Channel 02/0 : 16[7000] -> 20[7000] [send] via NET/AWS Libfabric/3
x3210c0s13b1n0:8373:8396 [3] NCCL INFO Channel 01/0 : 55[c7000] -> 58[85000] [send] via NET/AWS Libfabric/1
x3210c0s13b1n0:8367:8395 [0] NCCL INFO Channel 00/0 : 52[7000] -> 57[46000] [send] via NET/AWS Libfabric/3
x3212c0s25b0n0:20880:20909 [0] NCCL INFO Channel 02/0 : 117[46000] -> 120[7000] [receive] via NET/AWS Libfabric/3
x3212c0s13b1n0:46356:46384 [0] NCCL INFO Channel 02/0 : 96[7000] -> 100[7000] [receive] via NET/AWS Libfabric/3
x3212c0s13b1n0:46360:46382 [3] NCCL INFO Channel 03/0 : 103[c7000] -> 111[c7000] [send] via NET/AWS Libfabric/1
x3209c0s13b0n0:39021:39047 [0] NCCL INFO Channel 02/0 : 0[7000] -> 4[7000] [send] via NET/AWS Libfabric/3
x3209c0s37b0n0:42751:42781 [1] NCCL INFO Channel 02/0 : 37[46000] -> 40[7000] [send] via NET/AWS Libfabric/3
x3209c0s13b0n0:39023:39048 [2] NCCL INFO Channel 00 : 2[85000] -> 3[c7000] via P2P/IPC/read
x3210c0s13b1n0:8371:8397 [2] NCCL INFO Channel 03/0 : 54[85000] -> 59[c7000] [send] via NET/AWS Libfabric/1
x3209c0s37b0n0:42753:42780 [3] NCCL INFO Channel 01/0 : 39[c7000] -> 42[85000] [send] via NET/AWS Libfabric/1
x3212c0s1b0n0:36563:36587 [1] NCCL INFO Channel 02 : 113[46000] -> 114[85000] via P2P/IPC/read
x3212c0s1b0n0:36563:36587 [1] NCCL INFO Channel 03 : 113[46000] -> 114[85000] via P2P/IPC/read
x3209c0s13b0n0:39023:39048 [2] NCCL INFO Channel 01 : 2[85000] -> 3[c7000] via P2P/IPC/read
x3209c0s13b0n0:39023:39048 [2] NCCL INFO Channel 02 : 2[85000] -> 3[c7000] via P2P/IPC/read
x3209c0s13b0n0:39023:39048 [2] NCCL INFO Channel 03 : 2[85000] -> 3[c7000] via P2P/IPC/read
x3210c0s37b0n0:19171:19199 [0] NCCL INFO Channel 02/0 : 64[7000] -> 68[7000] [receive] via NET/AWS Libfabric/3
x3211c0s31b1n0:22512:22539 [1] NCCL INFO Channel 00 : 93[46000] -> 94[85000] via P2P/IPC/read
x3211c0s31b1n0:22512:22539 [1] NCCL INFO Channel 01 : 93[46000] -> 94[85000] via P2P/IPC/read
x3211c0s31b1n0:22512:22539 [1] NCCL INFO Channel 02 : 93[46000] -> 94[85000] via P2P/IPC/read
x3211c0s31b1n0:22512:22539 [1] NCCL INFO Channel 03 : 93[46000] -> 94[85000] via P2P/IPC/read
x3212c0s19b0n0:33627:33729 [0] NCCL INFO Channel 00/0 : 104[7000] -> 108[7000] [send] via NET/AWS Libfabric/3
x3212c0s19b1n0:13809:13834 [3] NCCL INFO Channel 01/0 : 107[c7000] -> 111[c7000] [receive] via NET/AWS Libfabric/1
x3210c0s31b1n0:12060:12086 [0] NCCL INFO Channel 02/0 : 64[7000] -> 68[7000] [send] via NET/AWS Libfabric/3
x3209c0s13b0n0:39023:39048 [2] NCCL INFO Channel 00 : 2[85000] -> 1[46000] via P2P/IPC/read
x3210c0s37b0n0:19173:19198 [1] NCCL INFO Channel 02/0 : 69[46000] -> 72[7000] [send] via NET/AWS Libfabric/3
x3209c0s25b0n0:13511:13538 [2] NCCL INFO Channel 02 : 22[85000] -> 23[c7000] via P2P/IPC/read
x3209c0s7b0n0:40173:40197 [3] NCCL INFO Channel 01/0 : 43[c7000] -> 47[c7000] [receive] via NET/AWS Libfabric/1
x3212c0s13b0n0:25222:25248 [0] NCCL INFO Channel 03 : 96[7000] -> 97[46000] via P2P/IPC/read
x3212c0s1b0n0:36564:36588 [2] NCCL INFO Channel 00 : 114[85000] -> 115[c7000] via P2P/IPC/read
x3212c0s1b0n0:36564:36588 [2] NCCL INFO Channel 01 : 114[85000] -> 115[c7000] via P2P/IPC/read
x3212c0s1b0n0:36564:36588 [2] NCCL INFO Channel 02 : 114[85000] -> 115[c7000] via P2P/IPC/read
x3212c0s1b0n0:36564:36588 [2] NCCL INFO Channel 03 : 114[85000] -> 115[c7000] via P2P/IPC/read
x3209c0s31b0n0:47654:47681 [0] NCCL INFO Channel 02 : 28[7000] -> 29[46000] via P2P/IPC/read
x3209c0s19b1n0:21496:21523 [2] NCCL INFO Channel 03/0 : 14[85000] -> 23[c7000] [send] via NET/AWS Libfabric/1
x3210c0s37b0n0:19176:19197 [3] NCCL INFO Channel 01/0 : 71[c7000] -> 74[85000] [send] via NET/AWS Libfabric/1
x3212c0s13b0n0:25225:25250 [3] NCCL INFO Channel 01/0 : 99[c7000] -> 115[c7000] [send] via NET/AWS Libfabric/1
x3209c0s37b1n0:13649:13677 [0] NCCL INFO Channel 02/0 : 37[46000] -> 40[7000] [receive] via NET/AWS Libfabric/3
x3211c0s31b0n0:27890:27912 [2] NCCL INFO Channel 01 : 90[85000] -> 91[c7000] via P2P/IPC/read
x3209c0s7b0n0:40170:40195 [0] NCCL INFO Channel 00/0 : 40[7000] -> 44[7000] [receive] via NET/AWS Libfabric/3
x3212c0s19b0n0:33629:33731 [2] NCCL INFO Channel 01/0 : 106[85000] -> 103[c7000] [send] via NET/AWS Libfabric/1
x3210c0s19b1n0:60153:60181 [0] NCCL INFO Channel 03 : 56[7000] -> 57[46000] via P2P/IPC/read
x3211c0s25b0n0:22622:22647 [2] NCCL INFO Channel 00 : 82[85000] -> 83[c7000] via P2P/IPC/read
x3210c0s13b0n0:6629:6655 [0] NCCL INFO Channel 00/0 : 48[7000] -> 56[7000] [send] via NET/AWS Libfabric/3
x3209c0s19b0n0:56533:56557 [1] NCCL INFO Channel 01 : 9[46000] -> 10[85000] via P2P/IPC/read
x3209c0s31b0n0:47656:47679 [2] NCCL INFO Channel 02 : 30[85000] -> 31[c7000] via P2P/IPC/read
x3209c0s31b0n0:47656:47679 [2] NCCL INFO Channel 03 : 30[85000] -> 31[c7000] via P2P/IPC/read
x3212c0s25b0n0:20882:20908 [2] NCCL INFO Channel 01/0 : 122[85000] -> 119[c7000] [send] via NET/AWS Libfabric/1
x3209c0s25b1n0:14987:15017 [0] NCCL INFO Channel 02/0 : 21[46000] -> 24[7000] [receive] via NET/AWS Libfabric/3
x3209c0s37b0n0:42750:42779 [0] NCCL INFO Channel 00/0 : 36[7000] -> 41[46000] [send] via NET/AWS Libfabric/3
x3209c0s31b1n0:27809:27833 [3] NCCL INFO Channel 03/0 : 35[c7000] -> 39[c7000] [send] via NET/AWS Libfabric/1
x3211c0s25b0n0:22622:22647 [2] NCCL INFO Channel 01 : 82[85000] -> 83[c7000] via P2P/IPC/read
x3211c0s25b0n0:22622:22647 [2] NCCL INFO Channel 02 : 82[85000] -> 83[c7000] via P2P/IPC/read
x3211c0s25b0n0:22622:22647 [2] NCCL INFO Channel 03 : 82[85000] -> 83[c7000] via P2P/IPC/read
x3212c0s1b0n0:36565:36589 [3] NCCL INFO Channel 03/0 : 115[c7000] -> 119[c7000] [send] via NET/AWS Libfabric/1
x3209c0s37b0n0:42752:42778 [2] NCCL INFO Channel 03/0 : 38[85000] -> 43[c7000] [send] via NET/AWS Libfabric/1
x3212c0s1b1n0:49081:49108 [1] NCCL INFO Channel 02/0 : 120[7000] -> 117[46000] [receive] via NET/AWS Libfabric/3
x3211c0s25b0n0:22621:22644 [1] NCCL INFO Channel 01 : 81[46000] -> 82[85000] via P2P/IPC/read
x3209c0s19b0n0:56533:56557 [1] NCCL INFO Channel 02 : 9[46000] -> 10[85000] via P2P/IPC/read
x3209c0s19b0n0:56533:56557 [1] NCCL INFO Channel 03 : 9[46000] -> 10[85000] via P2P/IPC/read
x3212c0s19b1n0:13807:13836 [1] NCCL INFO Channel 02/0 : 109[46000] -> 116[7000] [send] via NET/AWS Libfabric/3
x3212c0s19b1n0:13809:13834 [3] NCCL INFO Channel 03/0 : 103[c7000] -> 111[c7000] [receive] via NET/AWS Libfabric/1
x3209c0s25b1n0:14989:15014 [2] NCCL INFO Channel 00 : 26[85000] -> 27[c7000] via P2P/IPC/read
x3210c0s31b1n0:12064:12084 [3] NCCL INFO Channel 03/0 : 67[c7000] -> 71[c7000] [send] via NET/AWS Libfabric/1
x3211c0s1b0n0:61213:61239 [1] NCCL INFO Channel 00/0 : 68[7000] -> 73[46000] [receive] via NET/AWS Libfabric/3
x3211c0s1b0n0:61214:61240 [2] NCCL INFO Channel 01/0 : 71[c7000] -> 74[85000] [receive] via NET/AWS Libfabric/1
x3209c0s13b0n0:39024:39049 [3] NCCL INFO Channel 03/0 : 3[c7000] -> 7[c7000] [send] via NET/AWS Libfabric/1
x3210c0s37b0n0:19175:19196 [2] NCCL INFO Channel 03/0 : 70[85000] -> 75[c7000] [send] via NET/AWS Libfabric/1
x3212c0s1b0n0:36562:36590 [0] NCCL INFO Channel 02/0 : 112[7000] -> 116[7000] [send] via NET/AWS Libfabric/3
x3210c0s19b1n0:60155:60180 [2] NCCL INFO Channel 00 : 58[85000] -> 59[c7000] via P2P/IPC/read
x3209c0s13b0n0:39023:39048 [2] NCCL INFO Channel 02 : 2[85000] -> 1[46000] via P2P/IPC/read
x3210c0s19b1n0:60155:60180 [2] NCCL INFO Channel 01 : 58[85000] -> 59[c7000] via P2P/IPC/read
x3210c0s19b1n0:60155:60180 [2] NCCL INFO Channel 02 : 58[85000] -> 59[c7000] via P2P/IPC/read
x3210c0s19b1n0:60155:60180 [2] NCCL INFO Channel 03 : 58[85000] -> 59[c7000] via P2P/IPC/read
x3211c0s1b0n0:61216:61238 [3] NCCL INFO Channel 03/0 : 70[85000] -> 75[c7000] [receive] via NET/AWS Libfabric/1
x3209c0s31b1n0:27804:27831 [0] NCCL INFO Channel 00/0 : 32[7000] -> 48[7000] [send] via NET/AWS Libfabric/3
x3211c0s31b0n0:27890:27912 [2] NCCL INFO Channel 02 : 90[85000] -> 91[c7000] via P2P/IPC/read
x3211c0s31b0n0:27890:27912 [2] NCCL INFO Channel 03 : 90[85000] -> 91[c7000] via P2P/IPC/read
x3211c0s1b0n0:61211:61241 [0] NCCL INFO Channel 02/0 : 69[46000] -> 72[7000] [receive] via NET/AWS Libfabric/3
x3209c0s37b0n0:42753:42780 [3] NCCL INFO Channel 03/0 : 35[c7000] -> 39[c7000] [receive] via NET/AWS Libfabric/1
x3209c0s31b1n0:27805:27832 [1] NCCL INFO Channel 00/0 : 16[7000] -> 33[46000] [receive] via NET/AWS Libfabric/3
x3212c0s25b0n0:20883:20907 [3] NCCL INFO Channel 03/0 : 118[85000] -> 123[c7000] [receive] via NET/AWS Libfabric/1
x3210c0s31b1n0:12060:12086 [0] NCCL INFO Channel 00/0 : 64[7000] -> 96[7000] [send] via NET/AWS Libfabric/3
x3211c0s25b0n0:22621:22644 [1] NCCL INFO Channel 02 : 81[46000] -> 82[85000] via P2P/IPC/read
x3212c0s1b1n0:49083:49109 [3] NCCL INFO Channel 03/0 : 110[85000] -> 119[c7000] [receive] via NET/AWS Libfabric/1
x3209c0s37b1n0:13651:13678 [2] NCCL INFO Channel 01/0 : 42[85000] -> 39[c7000] [send] via NET/AWS Libfabric/1
x3209c0s37b1n0:13652:13676 [3] NCCL INFO Channel 03/0 : 38[85000] -> 43[c7000] [receive] via NET/AWS Libfabric/1
x3212c0s13b0n0:25224:25249 [2] NCCL INFO Channel 01/0 : 83[c7000] -> 98[85000] [receive] via NET/AWS Libfabric/1
x3211c0s31b1n0:22513:22540 [2] NCCL INFO Channel 03/0 : 94[85000] -> 111[c7000] [send] via NET/AWS Libfabric/1
x3209c0s1b0n0:37704:37730 [0] NCCL INFO Channel 00/0 : 16[7000] -> 24[7000] [send] via NET/AWS Libfabric/3
x3212c0s1b0n0:36565:36589 [3] NCCL INFO Channel 01/0 : 115[c7000] -> 123[c7000] [send] via NET/AWS Libfabric/1
x3209c0s19b1n0:21497:21522 [3] NCCL INFO Channel 01/0 : 11[c7000] -> 15[c7000] [receive] via NET/AWS Libfabric/1
x3212c0s19b1n0:13808:13835 [2] NCCL INFO Channel 03/0 : 110[85000] -> 119[c7000] [send] via NET/AWS Libfabric/1
x3211c0s31b1n0:22514:22538 [3] NCCL INFO Channel 01/0 : 91[c7000] -> 95[c7000] [receive] via NET/AWS Libfabric/1
x3212c0s19b1n0:13809:13834 [3] NCCL INFO Channel 03/0 : 94[85000] -> 111[c7000] [receive] via NET/AWS Libfabric/1
x3212c0s19b1n0:13806:13837 [0] NCCL INFO Channel 02/0 : 100[7000] -> 108[7000] [receive] via NET/AWS Libfabric/3
x3211c0s31b0n0:27889:27915 [1] NCCL INFO Channel 00 : 89[46000] -> 90[85000] via P2P/IPC/read
x3209c0s31b0n0:47657:47680 [3] NCCL INFO Channel 01/0 : 27[c7000] -> 31[c7000] [receive] via NET/AWS Libfabric/1
x3209c0s25b0n0:13511:13538 [2] NCCL INFO Channel 03 : 22[85000] -> 23[c7000] via P2P/IPC/read
x3211c0s31b1n0:22512:22539 [1] NCCL INFO Channel 02/0 : 93[46000] -> 108[7000] [send] via NET/AWS Libfabric/3
x3209c0s1b0n0:37708:37733 [2] NCCL INFO Channel 00 : 18[85000] -> 19[c7000] via P2P/IPC/read
x3209c0s31b0n0:47654:47681 [0] NCCL INFO Channel 03 : 28[7000] -> 29[46000] via P2P/IPC/read
x3209c0s13b1n0:12203:12230 [1] NCCL INFO Channel 00 : 5[46000] -> 6[85000] via P2P/IPC/read
x3209c0s37b1n0:13650:13675 [1] NCCL INFO Channel 00/0 : 41[46000] -> 36[7000] [send] via NET/AWS Libfabric/3
x3211c0s31b0n0:27889:27915 [1] NCCL INFO Channel 01 : 89[46000] -> 90[85000] via P2P/IPC/read
x3209c0s19b0n0:56534:56560 [2] NCCL INFO Channel 01/0 : 7[c7000] -> 10[85000] [receive] via NET/AWS Libfabric/1
x3212c0s19b0n0:33627:33729 [0] NCCL INFO Channel 00/0 : 104[7000] -> 113[46000] [send] via NET/AWS Libfabric/3
x3209c0s37b0n0:42751:42781 [1] NCCL INFO Channel 02/0 : 40[7000] -> 37[46000] [receive] via NET/AWS Libfabric/3
x3211c0s31b0n0:27891:27914 [3] NCCL INFO Channel 01/0 : 91[c7000] -> 95[c7000] [send] via NET/AWS Libfabric/1
x3209c0s13b0n0:39022:39050 [1] NCCL INFO Connected all trees
x3209c0s13b0n0:39022:39050 [1] NCCL INFO NCCL_NTHREADS set by environment to 64.
x3209c0s13b0n0:39022:39050 [1] NCCL INFO NCCL_PROTO set by environment to Simple
x3209c0s13b0n0:39022:39050 [1] NCCL INFO NCCL_ALGO set by environment to TREE
x3209c0s13b0n0:39022:39050 [1] NCCL INFO threadThresholds 8/8/64 | 1024/8/64 | 8/8/64 | 8/8/512
x3209c0s13b0n0:39022:39050 [1] NCCL INFO 4 coll channels, 4 p2p channels, 2 p2p channels per peer
x3209c0s13b0n0:39023:39048 [2] NCCL INFO Connected all trees
x3209c0s13b0n0:39023:39048 [2] NCCL INFO NCCL_NTHREADS set by environment to 64.
x3209c0s13b0n0:39023:39048 [2] NCCL INFO NCCL_PROTO set by environment to Simple
x3209c0s13b0n0:39023:39048 [2] NCCL INFO NCCL_ALGO set by environment to TREE
x3209c0s13b0n0:39023:39048 [2] NCCL INFO threadThresholds 8/8/64 | 1024/8/64 | 8/8/64 | 8/8/512
x3209c0s13b0n0:39023:39048 [2] NCCL INFO 4 coll channels, 4 p2p channels, 2 p2p channels per peer
x3210c0s19b1n0:60156:60183 [3] NCCL INFO Channel 01/0 : 59[c7000] -> 63[c7000] [send] via NET/AWS Libfabric/1
x3212c0s25b0n0:20880:20909 [0] NCCL INFO Channel 00/0 : 120[7000] -> 124[7000] [send] via NET/AWS Libfabric/3
x3211c0s25b0n0:22623:22645 [3] NCCL INFO Channel 03/0 : 83[c7000] -> 87[c7000] [send] via NET/AWS Libfabric/1
x3211c0s1b1n0:42873:42896 [3] NCCL INFO Channel 03/0 : 71[c7000] -> 79[c7000] [receive] via NET/AWS Libfabric/1
x3209c0s25b0n0:13509:13535 [0] NCCL INFO Channel 00/0 : 20[7000] -> 25[46000] [send] via NET/AWS Libfabric/3
x3209c0s31b0n0:47656:47679 [2] NCCL INFO Channel 03/0 : 30[85000] -> 47[c7000] [send] via NET/AWS Libfabric/1
x3209c0s25b1n0:14989:15014 [2] NCCL INFO Channel 01 : 26[85000] -> 27[c7000] via P2P/IPC/read
x3210c0s37b0n0:19175:19196 [2] NCCL INFO Channel 03/0 : 75[c7000] -> 70[85000] [receive] via NET/AWS Libfabric/1
x3212c0s1b1n0:49083:49109 [3] NCCL INFO Channel 03/0 : 119[c7000] -> 110[85000] [send] via NET/AWS Libfabric/1
x3211c0s25b0n0:22621:22644 [1] NCCL INFO Channel 03 : 81[46000] -> 82[85000] via P2P/IPC/read
x3210c0s31b1n0:12062:12087 [1] NCCL INFO Channel 00/0 : 32[7000] -> 65[46000] [receive] via NET/AWS Libfabric/3
x3210c0s31b1n0:12063:12085 [2] NCCL INFO Channel 01/0 : 35[c7000] -> 66[85000] [receive] via NET/AWS Libfabric/1
x3210c0s37b0n0:19171:19199 [0] NCCL INFO Channel 00/0 : 68[7000] -> 73[46000] [send] via NET/AWS Libfabric/3
x3212c0s25b1n0:8179:8204 [3] NCCL INFO Channel 03/0 : 63[c7000] -> 127[c7000] [receive] via NET/AWS Libfabric/1
x3212c0s19b0n0:33630:33730 [3] NCCL INFO Channel 03/0 : 102[85000] -> 107[c7000] [receive] via NET/AWS Libfabric/1
x3209c0s37b0n0:42750:42779 [0] NCCL INFO Channel 02/0 : 36[7000] -> 44[7000] [send] via NET/AWS Libfabric/3
x3210c0s37b0n0:19176:19197 [3] NCCL INFO Channel 03/0 : 67[c7000] -> 71[c7000] [receive] via NET/AWS Libfabric/1
x3209c0s37b1n0:13649:13677 [0] NCCL INFO Channel 00/0 : 40[7000] -> 44[7000] [send] via NET/AWS Libfabric/3
x3209c0s13b1n0:12203:12230 [1] NCCL INFO Channel 01 : 5[46000] -> 6[85000] via P2P/IPC/read
x3212c0s1b1n0:49080:49106 [0] NCCL INFO Channel 00/0 : 116[7000] -> 121[46000] [send] via NET/AWS Libfabric/3
x3212c0s13b0n0:25223:25251 [1] NCCL INFO Channel 00/0 : 80[7000] -> 97[46000] [receive] via NET/AWS Libfabric/3
x3212c0s1b0n0:36563:36587 [1] NCCL INFO Channel 00/0 : 104[7000] -> 113[46000] [receive] via NET/AWS Libfabric/3
x3212c0s1b0n0:36564:36588 [2] NCCL INFO Channel 01/0 : 107[c7000] -> 114[85000] [receive] via NET/AWS Libfabric/1
x3210c0s19b1n0:60154:60182 [1] NCCL INFO Channel 00 : 57[46000] -> 58[85000] via P2P/IPC/read
x3209c0s31b1n0:27806:27834 [2] NCCL INFO Channel 01/0 : 19[c7000] -> 34[85000] [receive] via NET/AWS Libfabric/1
x3209c0s31b1n0:27809:27833 [3] NCCL INFO Channel 01/0 : 35[c7000] -> 51[c7000] [send] via NET/AWS Libfabric/1
x3211c0s31b0n0:27889:27915 [1] NCCL INFO Channel 02 : 89[46000] -> 90[85000] via P2P/IPC/read
x3211c0s31b0n0:27889:27915 [1] NCCL INFO Channel 03 : 89[46000] -> 90[85000] via P2P/IPC/read
x3209c0s19b0n0:56533:56557 [1] NCCL INFO Channel 00/0 : 4[7000] -> 9[46000] [receive] via NET/AWS Libfabric/3
x3211c0s31b1n0:22511:22537 [0] NCCL INFO Channel 00/0 : 88[7000] -> 92[7000] [receive] via NET/AWS Libfabric/3
x3210c0s37b0n0:19173:19198 [1] NCCL INFO Channel 02/0 : 72[7000] -> 69[46000] [receive] via NET/AWS Libfabric/3
x3212c0s19b1n0:13808:13835 [2] NCCL INFO Channel 03/0 : 119[c7000] -> 110[85000] [receive] via NET/AWS Libfabric/1
x3211c0s1b0n0:61214:61240 [2] NCCL INFO Channel 01/0 : 74[85000] -> 71[c7000] [send] via NET/AWS Libfabric/1
x3212c0s25b1n0:8179:8204 [3] NCCL INFO Channel 03/0 : 127[c7000] -> 63[c7000] [send] via NET/AWS Libfabric/1
x3209c0s1b0n0:37708:37733 [2] NCCL INFO Channel 01 : 18[85000] -> 19[c7000] via P2P/IPC/read
x3209c0s25b0n0:13510:13536 [1] NCCL INFO Channel 02/0 : 21[46000] -> 24[7000] [send] via NET/AWS Libfabric/3
x3209c0s25b0n0:13512:13537 [3] NCCL INFO Channel 01/0 : 23[c7000] -> 26[85000] [send] via NET/AWS Libfabric/1
x3211c0s31b0n0:27891:27914 [3] NCCL INFO Channel 03/0 : 86[85000] -> 91[c7000] [receive] via NET/AWS Libfabric/1
x3212c0s13b0n0:25222:25248 [0] NCCL INFO Channel 02/0 : 96[7000] -> 100[7000] [send] via NET/AWS Libfabric/3
x3209c0s7b0n0:40173:40197 [3] NCCL INFO Channel 03/0 : 39[c7000] -> 47[c7000] [receive] via NET/AWS Libfabric/1
x3209c0s37b0n0:42752:42778 [2] NCCL INFO Channel 03/0 : 43[c7000] -> 38[85000] [receive] via NET/AWS Libfabric/1
x3212c0s25b0n0:20880:20909 [0] NCCL INFO Channel 00/0 : 112[7000] -> 120[7000] [receive] via NET/AWS Libfabric/3
x3209c0s13b1n0:12204:12229 [2] NCCL INFO Channel 00 : 6[85000] -> 7[c7000] via P2P/IPC/read
x3209c0s37b1n0:13649:13677 [0] NCCL INFO Channel 00/0 : 40[7000] -> 49[46000] [send] via NET/AWS Libfabric/3
x3211c0s25b0n0:22620:22646 [0] NCCL INFO Channel 02/0 : 80[7000] -> 84[7000] [send] via NET/AWS Libfabric/3
x3209c0s19b0n0:56532:56558 [0] NCCL INFO Channel 02/0 : 5[46000] -> 8[7000] [receive] via NET/AWS Libfabric/3
x3209c0s19b0n0:56535:56559 [3] NCCL INFO Channel 03/0 : 6[85000] -> 11[c7000] [receive] via NET/AWS Libfabric/1
x3212c0s13b1n0:46360:46382 [3] NCCL INFO Channel 03/0 : 111[c7000] -> 103[c7000] [receive] via NET/AWS Libfabric/1
x3210c0s37b0n0:19171:19199 [0] NCCL INFO Channel 02/0 : 68[7000] -> 76[7000] [send] via NET/AWS Libfabric/3
x3211c0s31b1n0:22513:22540 [2] NCCL INFO Channel 03/0 : 111[c7000] -> 94[85000] [receive] via NET/AWS Libfabric/1
x3209c0s25b1n0:14989:15014 [2] NCCL INFO Channel 02 : 26[85000] -> 27[c7000] via P2P/IPC/read
x3211c0s1b0n0:61211:61241 [0] NCCL INFO Channel 00/0 : 72[7000] -> 76[7000] [send] via NET/AWS Libfabric/3
x3211c0s1b0n0:61213:61239 [1] NCCL INFO Channel 00/0 : 73[46000] -> 68[7000] [send] via NET/AWS Libfabric/3
x3212c0s19b1n0:13809:13834 [3] NCCL INFO Channel 03/0 : 111[c7000] -> 94[85000] [send] via NET/AWS Libfabric/1
x3212c0s1b0n0:36562:36590 [0] NCCL INFO Channel 00/0 : 112[7000] -> 120[7000] [send] via NET/AWS Libfabric/3
x3209c0s13b1n0:12203:12230 [1] NCCL INFO Channel 02 : 5[46000] -> 6[85000] via P2P/IPC/read
x3210c0s31b1n0:12064:12084 [3] NCCL INFO Channel 01/0 : 67[c7000] -> 99[c7000] [send] via NET/AWS Libfabric/1
x3209c0s31b0n0:47655:47682 [1] NCCL INFO Channel 02/0 : 29[46000] -> 44[7000] [send] via NET/AWS Libfabric/3
x3212c0s1b1n0:49082:49107 [2] NCCL INFO Channel 03/0 : 123[c7000] -> 118[85000] [receive] via NET/AWS Libfabric/1
x3211c0s25b0n0:22622:22647 [2] NCCL INFO Channel 01/0 : 75[c7000] -> 82[85000] [receive] via NET/AWS Libfabric/1
x3211c0s1b0n0:61216:61238 [3] NCCL INFO Channel 01/0 : 75[c7000] -> 82[85000] [send] via NET/AWS Libfabric/1
x3209c0s25b0n0:13510:13536 [1] NCCL INFO Channel 02/0 : 24[7000] -> 21[46000] [receive] via NET/AWS Libfabric/3
x3212c0s13b1n0:46359:46381 [2] NCCL INFO Channel 03/0 : 107[c7000] -> 102[85000] [receive] via NET/AWS Libfabric/1
x3212c0s19b1n0:13808:13835 [2] NCCL INFO Channel 00 : 110[85000] -> 109[46000] via P2P/IPC/read
x3210c0s19b1n0:60156:60183 [3] NCCL INFO Channel 03/0 : 54[85000] -> 59[c7000] [receive] via NET/AWS Libfabric/1
x3209c0s7b0n0:40170:40195 [0] NCCL INFO Channel 02/0 : 36[7000] -> 44[7000] [receive] via NET/AWS Libfabric/3
x3209c0s19b1n0:21497:21522 [3] NCCL INFO Channel 03/0 : 7[c7000] -> 15[c7000] [receive] via NET/AWS Libfabric/1
x3209c0s25b0n0:13511:13538 [2] NCCL INFO Channel 03/0 : 22[85000] -> 27[c7000] [send] via NET/AWS Libfabric/1
x3210c0s19b1n0:60154:60182 [1] NCCL INFO Channel 01 : 57[46000] -> 58[85000] via P2P/IPC/read
x3210c0s1b0n0:35712:35732 [3] NCCL INFO Channel 03/0 : 31[c7000] -> 63[c7000] [receive] via NET/AWS Libfabric/1
x3211c0s31b1n0:22513:22540 [2] NCCL INFO Channel 00 : 94[85000] -> 93[46000] via P2P/IPC/read
x3211c0s1b0n0:61211:61241 [0] NCCL INFO Channel 00/0 : 72[7000] -> 81[46000] [send] via NET/AWS Libfabric/3
x3209c0s37b0n0:42753:42780 [3] NCCL INFO Channel 03/0 : 39[c7000] -> 47[c7000] [send] via NET/AWS Libfabric/1
x3209c0s13b1n0:12203:12230 [1] NCCL INFO Channel 03 : 5[46000] -> 6[85000] via P2P/IPC/read
x3211c0s25b0n0:22621:22644 [1] NCCL INFO Channel 00/0 : 72[7000] -> 81[46000] [receive] via NET/AWS Libfabric/3
x3209c0s25b1n0:14987:15017 [0] NCCL INFO Channel 00/0 : 24[7000] -> 28[7000] [send] via NET/AWS Libfabric/3
x3211c0s31b0n0:27890:27912 [2] NCCL INFO Channel 01/0 : 87[c7000] -> 90[85000] [receive] via NET/AWS Libfabric/1
x3211c0s31b1n0:22514:22538 [3] NCCL INFO Channel 03/0 : 79[c7000] -> 95[c7000] [receive] via NET/AWS Libfabric/1
x3212c0s25b1n0:8176:8302 [0] NCCL INFO Channel 02/0 : 60[7000] -> 124[7000] [receive] via NET/AWS Libfabric/3
x3212c0s25b0n0:20881:20910 [1] NCCL INFO Channel 00/0 : 121[46000] -> 116[7000] [send] via NET/AWS Libfabric/3
x3209c0s37b1n0:13652:13676 [3] NCCL INFO Channel 01/0 : 43[c7000] -> 50[85000] [send] via NET/AWS Libfabric/1
x3211c0s31b0n0:27887:27913 [0] NCCL INFO Channel 02/0 : 85[46000] -> 88[7000] [receive] via NET/AWS Libfabric/3
x3209c0s1b0n0:37708:37733 [2] NCCL INFO Channel 02 : 18[85000] -> 19[c7000] via P2P/IPC/read
x3212c0s19b1n0:13809:13834 [3] NCCL INFO Channel 03/0 : 111[c7000] -> 103[c7000] [send] via NET/AWS Libfabric/1
x3212c0s19b0n0:33630:33730 [3] NCCL INFO Channel 01/0 : 107[c7000] -> 114[85000] [send] via NET/AWS Libfabric/1
x3209c0s13b1n0:12204:12229 [2] NCCL INFO Channel 01 : 6[85000] -> 7[c7000] via P2P/IPC/read
x3211c0s31b0n0:27889:27915 [1] NCCL INFO Channel 00/0 : 84[7000] -> 89[46000] [receive] via NET/AWS Libfabric/3
x3210c0s37b0n0:19176:19197 [3] NCCL INFO Channel 03/0 : 71[c7000] -> 79[c7000] [send] via NET/AWS Libfabric/1
x3212c0s1b0n0:36563:36587 [1] NCCL INFO Channel 00/0 : 113[46000] -> 104[7000] [send] via NET/AWS Libfabric/3
x3212c0s19b0n0:33627:33729 [0] NCCL INFO Channel 00/0 : 113[46000] -> 104[7000] [receive] via NET/AWS Libfabric/3
x3211c0s25b1n0:3378:3405 [0] NCCL INFO Channel 00/0 : 84[7000] -> 89[46000] [send] via NET/AWS Libfabric/3
x3209c0s25b1n0:14989:15014 [2] NCCL INFO Channel 03 : 26[85000] -> 27[c7000] via P2P/IPC/read
x3212c0s19b1n0:13808:13835 [2] NCCL INFO Channel 02 : 110[85000] -> 109[46000] via P2P/IPC/read
x3212c0s25b0n0:20883:20907 [3] NCCL INFO Channel 01/0 : 115[c7000] -> 123[c7000] [receive] via NET/AWS Libfabric/1
x3210c0s13b0n0:6630:6656 [1] NCCL INFO Channel 00/0 : 49[46000] -> 40[7000] [send] via NET/AWS Libfabric/3
x3212c0s13b1n0:46360:46382 [3] NCCL INFO Channel 03/0 : 103[c7000] -> 99[c7000] [send] via NET/AWS Libfabric/1
x3211c0s1b1n0:42870:42895 [0] NCCL INFO Channel 02/0 : 68[7000] -> 76[7000] [receive] via NET/AWS Libfabric/3
x3211c0s31b1n0:22513:22540 [2] NCCL INFO Channel 02 : 94[85000] -> 93[46000] via P2P/IPC/read
x3211c0s1b0n0:61216:61238 [3] NCCL INFO Channel 01/0 : 82[85000] -> 75[c7000] [receive] via NET/AWS Libfabric/1
x3212c0s1b1n0:49080:49106 [0] NCCL INFO Channel 02/0 : 109[46000] -> 116[7000] [receive] via NET/AWS Libfabric/3
x3210c0s13b1n0:8371:8397 [2] NCCL INFO Channel 03/0 : 59[c7000] -> 54[85000] [receive] via NET/AWS Libfabric/1
x3211c0s25b0n0:22620:22646 [0] NCCL INFO Channel 00/0 : 80[7000] -> 88[7000] [send] via NET/AWS Libfabric/3
x3209c0s37b1n0:13649:13677 [0] NCCL INFO Channel 00/0 : 49[46000] -> 40[7000] [receive] via NET/AWS Libfabric/3
x3209c0s37b0n0:42753:42780 [3] NCCL INFO Channel 03/0 : 47[c7000] -> 39[c7000] [receive] via NET/AWS Libfabric/1
x3210c0s19b1n0:60154:60182 [1] NCCL INFO Channel 02 : 57[46000] -> 58[85000] via P2P/IPC/read
x3212c0s13b1n0:46356:46384 [0] NCCL INFO Channel 00/0 : 100[7000] -> 105[46000] [send] via NET/AWS Libfabric/3
x3212c0s19b0n0:33627:33729 [0] NCCL INFO Channel 00/0 : 108[7000] -> 104[7000] [receive] via NET/AWS Libfabric/3
x3212c0s1b1n0:49083:49109 [3] NCCL INFO Channel 03/0 : 119[c7000] -> 115[c7000] [send] via NET/AWS Libfabric/1
x3209c0s37b1n0:13652:13676 [3] NCCL INFO Channel 01/0 : 50[85000] -> 43[c7000] [receive] via NET/AWS Libfabric/1
x3210c0s13b0n0:6631:6658 [2] NCCL INFO Channel 01/0 : 50[85000] -> 43[c7000] [send] via NET/AWS Libfabric/1
x3209c0s31b0n0:47654:47681 [0] NCCL INFO Channel 00/0 : 24[7000] -> 28[7000] [receive] via NET/AWS Libfabric/3
x3212c0s25b0n0:20880:20909 [0] NCCL INFO Channel 00/0 : 120[7000] -> 112[7000] [send] via NET/AWS Libfabric/3
x3211c0s25b0n0:22622:22647 [2] NCCL INFO Channel 01/0 : 82[85000] -> 75[c7000] [send] via NET/AWS Libfabric/1
x3211c0s25b1n0:3380:3406 [1] NCCL INFO Channel 02/0 : 88[7000] -> 85[46000] [receive] via NET/AWS Libfabric/3
x3211c0s1b1n0:42873:42896 [3] NCCL INFO Channel 03/0 : 79[c7000] -> 95[c7000] [send] via NET/AWS Libfabric/1
x3209c0s1b0n0:37708:37733 [2] NCCL INFO Channel 03 : 18[85000] -> 19[c7000] via P2P/IPC/read
x3212c0s19b0n0:33630:33730 [3] NCCL INFO Channel 01/0 : 114[85000] -> 107[c7000] [receive] via NET/AWS Libfabric/1
x3212c0s25b1n0:8176:8302 [0] NCCL INFO Channel 02/0 : 124[7000] -> 60[7000] [send] via NET/AWS Libfabric/3
x3212c0s1b0n0:36562:36590 [0] NCCL INFO Channel 00/0 : 96[7000] -> 112[7000] [receive] via NET/AWS Libfabric/3
x3211c0s25b1n0:3382:3408 [2] NCCL INFO Channel 03/0 : 91[c7000] -> 86[85000] [receive] via NET/AWS Libfabric/1
x3212c0s13b0n0:25222:25248 [0] NCCL INFO Channel 00/0 : 96[7000] -> 112[7000] [send] via NET/AWS Libfabric/3
x3210c0s37b0n0:19176:19197 [3] NCCL INFO Channel 03/0 : 79[c7000] -> 71[c7000] [receive] via NET/AWS Libfabric/1
x3211c0s25b0n0:22622:22647 [2] NCCL INFO Channel 00 : 82[85000] -> 81[46000] via P2P/IPC/read
x3210c0s13b0n0:6631:6658 [2] NCCL INFO Channel 00 : 50[85000] -> 49[46000] via P2P/IPC/read
x3211c0s31b0n0:27891:27914 [3] NCCL INFO Channel 01/0 : 83[c7000] -> 91[c7000] [receive] via NET/AWS Libfabric/1
x3209c0s13b1n0:12204:12229 [2] NCCL INFO Channel 02 : 6[85000] -> 7[c7000] via P2P/IPC/read
x3211c0s1b0n0:61211:61241 [0] NCCL INFO Channel 00/0 : 81[46000] -> 72[7000] [receive] via NET/AWS Libfabric/3
x3209c0s37b0n0:42750:42779 [0] NCCL INFO Channel 02/0 : 44[7000] -> 36[7000] [receive] via NET/AWS Libfabric/3
x3212c0s1b0n0:36564:36588 [2] NCCL INFO Channel 01/0 : 114[85000] -> 107[c7000] [send] via NET/AWS Libfabric/1
x3211c0s25b0n0:22621:22644 [1] NCCL INFO Channel 00/0 : 81[46000] -> 72[7000] [send] via NET/AWS Libfabric/3
x3211c0s25b1n0:3383:3407 [3] NCCL INFO Channel 03/0 : 83[c7000] -> 87[c7000] [receive] via NET/AWS Libfabric/1
x3209c0s7b0n0:40170:40195 [0] NCCL INFO Channel 02/0 : 29[46000] -> 44[7000] [receive] via NET/AWS Libfabric/3
x3212c0s19b1n0:13809:13834 [3] NCCL INFO Channel 01/0 : 111[c7000] -> 107[c7000] [send] via NET/AWS Libfabric/1
x3212c0s1b0n0:36564:36588 [2] NCCL INFO Channel 00 : 114[85000] -> 113[46000] via P2P/IPC/read
x3211c0s25b0n0:22622:22647 [2] NCCL INFO Channel 02 : 82[85000] -> 81[46000] via P2P/IPC/read
x3211c0s31b0n0:27887:27913 [0] NCCL INFO Channel 00/0 : 88[7000] -> 92[7000] [send] via NET/AWS Libfabric/3
x3210c0s19b1n0:60154:60182 [1] NCCL INFO Channel 03 : 57[46000] -> 58[85000] via P2P/IPC/read
x3211c0s31b0n0:27890:27912 [2] NCCL INFO Channel 01/0 : 90[85000] -> 87[c7000] [send] via NET/AWS Libfabric/1
x3212c0s19b1n0:13807:13836 [1] NCCL INFO Channel 02/0 : 116[7000] -> 109[46000] [receive] via NET/AWS Libfabric/3
x3209c0s13b1n0:12202:12231 [0] NCCL INFO Channel 02/0 : 0[7000] -> 4[7000] [receive] via NET/AWS Libfabric/3
x3212c0s25b0n0:20883:20907 [3] NCCL INFO Channel 01/0 : 123[c7000] -> 115[c7000] [send] via NET/AWS Libfabric/1
x3209c0s7b0n0:40173:40197 [3] NCCL INFO Channel 03/0 : 30[85000] -> 47[c7000] [receive] via NET/AWS Libfabric/1
x3210c0s13b0n0:6631:6658 [2] NCCL INFO Channel 02 : 50[85000] -> 49[46000] via P2P/IPC/read
x3211c0s25b1n0:3378:3405 [0] NCCL INFO Channel 02/0 : 77[46000] -> 84[7000] [receive] via NET/AWS Libfabric/3
x3210c0s19b1n0:60156:60183 [3] NCCL INFO Channel 01/0 : 51[c7000] -> 59[c7000] [receive] via NET/AWS Libfabric/1
x3209c0s37b1n0:13652:13676 [3] NCCL INFO Channel 03/0 : 43[c7000] -> 38[85000] [send] via NET/AWS Libfabric/1
x3212c0s13b0n0:25222:25248 [0] NCCL INFO Channel 00/0 : 64[7000] -> 96[7000] [receive] via NET/AWS Libfabric/3
x3212c0s13b1n0:46356:46384 [0] NCCL INFO Channel 02/0 : 100[7000] -> 108[7000] [send] via NET/AWS Libfabric/3
x3209c0s25b1n0:14990:15015 [3] NCCL INFO Channel 01/0 : 27[c7000] -> 31[c7000] [send] via NET/AWS Libfabric/1
x3211c0s31b0n0:27889:27915 [1] NCCL INFO Channel 00/0 : 89[46000] -> 84[7000] [send] via NET/AWS Libfabric/3
x3209c0s25b1n0:14988:15016 [1] NCCL INFO Channel 00/0 : 20[7000] -> 25[46000] [receive] via NET/AWS Libfabric/3
x3212c0s1b1n0:49080:49106 [0] NCCL INFO Channel 02/0 : 116[7000] -> 109[46000] [send] via NET/AWS Libfabric/3
x3211c0s31b1n0:22514:22538 [3] NCCL INFO Channel 03/0 : 62[85000] -> 95[c7000] [receive] via NET/AWS Libfabric/1
x3212c0s19b0n0:33628:33728 [1] NCCL INFO Channel 00/0 : 105[46000] -> 100[7000] [send] via NET/AWS Libfabric/3
x3211c0s25b0n0:22623:22645 [3] NCCL INFO Channel 01/0 : 83[c7000] -> 91[c7000] [send] via NET/AWS Libfabric/1
x3209c0s13b1n0:12204:12229 [2] NCCL INFO Channel 03 : 6[85000] -> 7[c7000] via P2P/IPC/read
x3212c0s1b0n0:36564:36588 [2] NCCL INFO Channel 02 : 114[85000] -> 113[46000] via P2P/IPC/read
x3211c0s1b1n0:42870:42895 [0] NCCL INFO Channel 02/0 : 76[7000] -> 92[7000] [send] via NET/AWS Libfabric/3
x3209c0s25b1n0:14987:15017 [0] NCCL INFO Channel 00/0 : 16[7000] -> 24[7000] [receive] via NET/AWS Libfabric/3
x3212c0s1b0n0:36562:36590 [0] NCCL INFO Channel 00/0 : 112[7000] -> 96[7000] [send] via NET/AWS Libfabric/3
x3212c0s1b0n0:36565:36589 [3] NCCL INFO Channel 01/0 : 99[c7000] -> 115[c7000] [receive] via NET/AWS Libfabric/1
x3209c0s1b0n0:37709:37732 [3] NCCL INFO Channel 03/0 : 19[c7000] -> 23[c7000] [send] via NET/AWS Libfabric/1
x3209c0s37b1n0:13649:13677 [0] NCCL INFO Channel 00/0 : 44[7000] -> 40[7000] [receive] via NET/AWS Libfabric/3
x3211c0s1b1n0:42873:42896 [3] NCCL INFO Channel 03/0 : 95[c7000] -> 79[c7000] [receive] via NET/AWS Libfabric/1
x3211c0s31b0n0:27887:27913 [0] NCCL INFO Channel 00/0 : 80[7000] -> 88[7000] [receive] via NET/AWS Libfabric/3
x3210c0s37b0n0:19171:19199 [0] NCCL INFO Channel 02/0 : 76[7000] -> 68[7000] [receive] via NET/AWS Libfabric/3
x3209c0s1b0n0:37706:37731 [1] NCCL INFO Channel 00/0 : 8[7000] -> 17[46000] [receive] via NET/AWS Libfabric/3
x3209c0s37b0n0:42752:42778 [2] NCCL INFO Channel 00 : 38[85000] -> 37[46000] via P2P/IPC/read
x3212c0s1b0n0:36563:36587 [1] NCCL INFO Connected all trees
x3212c0s1b0n0:36563:36587 [1] NCCL INFO NCCL_NTHREADS set by environment to 64.
x3212c0s1b0n0:36563:36587 [1] NCCL INFO NCCL_PROTO set by environment to Simple
x3212c0s1b0n0:36563:36587 [1] NCCL INFO NCCL_ALGO set by environment to TREE
x3212c0s1b0n0:36563:36587 [1] NCCL INFO threadThresholds 8/8/64 | 1024/8/64 | 8/8/64 | 8/8/512
x3212c0s1b0n0:36563:36587 [1] NCCL INFO 4 coll channels, 4 p2p channels, 2 p2p channels per peer
x3212c0s1b0n0:36564:36588 [2] NCCL INFO Connected all trees
x3212c0s1b0n0:36564:36588 [2] NCCL INFO NCCL_NTHREADS set by environment to 64.
x3212c0s1b0n0:36564:36588 [2] NCCL INFO NCCL_PROTO set by environment to Simple
x3212c0s1b0n0:36564:36588 [2] NCCL INFO NCCL_ALGO set by environment to TREE
x3212c0s1b0n0:36564:36588 [2] NCCL INFO threadThresholds 8/8/64 | 1024/8/64 | 8/8/64 | 8/8/512
x3212c0s1b0n0:36564:36588 [2] NCCL INFO 4 coll channels, 4 p2p channels, 2 p2p channels per peer
x3211c0s25b0n0:22622:22647 [2] NCCL INFO Connected all trees
x3211c0s25b0n0:22622:22647 [2] NCCL INFO NCCL_NTHREADS set by environment to 64.
x3211c0s25b0n0:22622:22647 [2] NCCL INFO NCCL_PROTO set by environment to Simple
x3211c0s25b0n0:22622:22647 [2] NCCL INFO NCCL_ALGO set by environment to TREE
x3211c0s25b0n0:22622:22647 [2] NCCL INFO threadThresholds 8/8/64 | 1024/8/64 | 8/8/64 | 8/8/512
x3211c0s25b0n0:22622:22647 [2] NCCL INFO 4 coll channels, 4 p2p channels, 2 p2p channels per peer
x3211c0s25b0n0:22621:22644 [1] NCCL INFO Connected all trees
x3211c0s25b0n0:22621:22644 [1] NCCL INFO NCCL_NTHREADS set by environment to 64.
x3211c0s25b0n0:22621:22644 [1] NCCL INFO NCCL_PROTO set by environment to Simple
x3211c0s25b0n0:22621:22644 [1] NCCL INFO NCCL_ALGO set by environment to TREE
x3211c0s25b0n0:22621:22644 [1] NCCL INFO threadThresholds 8/8/64 | 1024/8/64 | 8/8/64 | 8/8/512
x3211c0s25b0n0:22621:22644 [1] NCCL INFO 4 coll channels, 4 p2p channels, 2 p2p channels per peer
x3209c0s31b0n0:47654:47681 [0] NCCL INFO Channel 02/0 : 12[7000] -> 28[7000] [receive] via NET/AWS Libfabric/3
x3211c0s31b1n0:22511:22537 [0] NCCL INFO Channel 02/0 : 76[7000] -> 92[7000] [receive] via NET/AWS Libfabric/3
x3211c0s1b0n0:61216:61238 [3] NCCL INFO Channel 03/0 : 75[c7000] -> 70[85000] [send] via NET/AWS Libfabric/1
x3209c0s25b0n0:13509:13535 [0] NCCL INFO Channel 02/0 : 13[46000] -> 20[7000] [receive] via NET/AWS Libfabric/3
x3209c0s31b0n0:47655:47682 [1] NCCL INFO Channel 02/0 : 44[7000] -> 29[46000] [receive] via NET/AWS Libfabric/3
x3210c0s13b0n0:6630:6656 [1] NCCL INFO Connected all trees
x3210c0s13b0n0:6630:6656 [1] NCCL INFO NCCL_NTHREADS set by environment to 64.
x3210c0s13b0n0:6630:6656 [1] NCCL INFO NCCL_PROTO set by environment to Simple
x3210c0s13b0n0:6630:6656 [1] NCCL INFO NCCL_ALGO set by environment to TREE
x3210c0s13b0n0:6630:6656 [1] NCCL INFO threadThresholds 8/8/64 | 1024/8/64 | 8/8/64 | 8/8/512
x3210c0s13b0n0:6630:6656 [1] NCCL INFO 4 coll channels, 4 p2p channels, 2 p2p channels per peer
x3210c0s13b0n0:6631:6658 [2] NCCL INFO Connected all trees
x3210c0s13b0n0:6631:6658 [2] NCCL INFO NCCL_NTHREADS set by environment to 64.
x3210c0s13b0n0:6631:6658 [2] NCCL INFO NCCL_PROTO set by environment to Simple
x3210c0s13b0n0:6631:6658 [2] NCCL INFO NCCL_ALGO set by environment to TREE
x3210c0s13b0n0:6631:6658 [2] NCCL INFO threadThresholds 8/8/64 | 1024/8/64 | 8/8/64 | 8/8/512
x3210c0s13b0n0:6631:6658 [2] NCCL INFO 4 coll channels, 4 p2p channels, 2 p2p channels per peer
x3209c0s37b1n0:13652:13676 [3] NCCL INFO Channel 01/0 : 47[c7000] -> 43[c7000] [receive] via NET/AWS Libfabric/1
x3212c0s13b1n0:46356:46384 [0] NCCL INFO Channel 02/0 : 108[7000] -> 100[7000] [receive] via NET/AWS Libfabric/3
x3212c0s1b1n0:49080:49106 [0] NCCL INFO Channel 00/0 : 121[46000] -> 116[7000] [receive] via NET/AWS Libfabric/3
x3209c0s25b1n0:14990:15015 [3] NCCL INFO Channel 03/0 : 22[85000] -> 27[c7000] [receive] via NET/AWS Libfabric/1
x3211c0s25b1n0:3383:3407 [3] NCCL INFO Channel 03/0 : 78[85000] -> 87[c7000] [receive] via NET/AWS Libfabric/1
x3209c0s25b1n0:14989:15014 [2] NCCL INFO Channel 01/0 : 23[c7000] -> 26[85000] [receive] via NET/AWS Libfabric/1
x3209c0s7b0n0:40170:40195 [0] NCCL INFO Channel 02/0 : 44[7000] -> 29[46000] [send] via NET/AWS Libfabric/3
x3209c0s13b0n0:39021:39047 [0] NCCL INFO Channel 00/0 : 64[7000] -> 0[7000] [receive] via NET/AWS Libfabric/3
x3209c0s13b0n0:39021:39047 [0] NCCL INFO Channel 00/0 : 0[7000] -> 64[7000] [send] via NET/AWS Libfabric/3
x3211c0s31b0n0:27891:27914 [3] NCCL INFO Channel 01/0 : 91[c7000] -> 83[c7000] [send] via NET/AWS Libfabric/1
x3211c0s1b0n0:61211:61241 [0] NCCL INFO Channel 00/0 : 76[7000] -> 72[7000] [receive] via NET/AWS Libfabric/3
x3209c0s37b0n0:42752:42778 [2] NCCL INFO Channel 02 : 38[85000] -> 37[46000] via P2P/IPC/read
x3212c0s19b0n0:33630:33730 [3] NCCL INFO Channel 03/0 : 107[c7000] -> 102[85000] [send] via NET/AWS Libfabric/1
x3209c0s25b1n0:14988:15016 [1] NCCL INFO Channel 00/0 : 25[46000] -> 20[7000] [send] via NET/AWS Libfabric/3
x3211c0s1b0n0:61216:61238 [3] NCCL INFO Channel 01/0 : 79[c7000] -> 75[c7000] [receive] via NET/AWS Libfabric/1
x3211c0s25b0n0:22623:22645 [3] NCCL INFO Channel 01/0 : 83[c7000] -> 98[85000] [send] via NET/AWS Libfabric/1
x3209c0s13b1n0:12202:12231 [0] NCCL INFO Channel 00/0 : 4[7000] -> 9[46000] [send] via NET/AWS Libfabric/3
x3210c0s37b0n0:19175:19196 [2] NCCL INFO Channel 00 : 70[85000] -> 69[46000] via P2P/IPC/read
x3209c0s13b1n0:12203:12230 [1] NCCL INFO Channel 02/0 : 5[46000] -> 8[7000] [send] via NET/AWS Libfabric/3
x3209c0s31b0n0:47657:47680 [3] NCCL INFO Channel 03/0 : 15[c7000] -> 31[c7000] [receive] via NET/AWS Libfabric/1
x3209c0s13b1n0:12205:12232 [3] NCCL INFO Channel 01/0 : 7[c7000] -> 10[85000] [send] via NET/AWS Libfabric/1
x3209c0s31b0n0:47656:47679 [2] NCCL INFO Channel 03/0 : 47[c7000] -> 30[85000] [receive] via NET/AWS Libfabric/1
x3209c0s7b0n0:40173:40197 [3] NCCL INFO Channel 03/0 : 47[c7000] -> 30[85000] [send] via NET/AWS Libfabric/1
x3211c0s25b1n0:3378:3405 [0] NCCL INFO Channel 02/0 : 84[7000] -> 77[46000] [send] via NET/AWS Libfabric/3
x3210c0s1b0n0:35711:35735 [2] NCCL INFO Channel 03/0 : 95[c7000] -> 62[85000] [receive] via NET/AWS Libfabric/1
x3209c0s25b0n0:13511:13538 [2] NCCL INFO Channel 03/0 : 27[c7000] -> 22[85000] [receive] via NET/AWS Libfabric/1
x3212c0s13b1n0:46359:46381 [2] NCCL INFO Channel 00 : 102[85000] -> 101[46000] via P2P/IPC/read
x3212c0s1b0n0:36565:36589 [3] NCCL INFO Channel 01/0 : 115[c7000] -> 99[c7000] [send] via NET/AWS Libfabric/1
x3209c0s7b0n0:40170:40195 [0] NCCL INFO Channel 02/0 : 44[7000] -> 36[7000] [send] via NET/AWS Libfabric/3
x3212c0s19b1n0:13806:13837 [0] NCCL INFO Channel 02/0 : 93[46000] -> 108[7000] [receive] via NET/AWS Libfabric/3
x3210c0s19b1n0:60155:60180 [2] NCCL INFO Channel 01/0 : 55[c7000] -> 58[85000] [receive] via NET/AWS Libfabric/1
x3209c0s1b0n0:37704:37730 [0] NCCL INFO Channel 00/0 : 16[7000] -> 33[46000] [send] via NET/AWS Libfabric/3
x3211c0s1b1n0:42871:42894 [1] NCCL INFO Channel 02/0 : 84[7000] -> 77[46000] [receive] via NET/AWS Libfabric/3
x3210c0s19b1n0:60153:60181 [0] NCCL INFO Channel 02/0 : 53[46000] -> 56[7000] [receive] via NET/AWS Libfabric/3
x3209c0s31b0n0:47656:47679 [2] NCCL INFO Channel 00 : 30[85000] -> 29[46000] via P2P/IPC/read
x3212c0s19b1n0:13807:13836 [1] NCCL INFO Connected all trees
x3212c0s19b1n0:13807:13836 [1] NCCL INFO NCCL_NTHREADS set by environment to 64.
x3212c0s19b1n0:13807:13836 [1] NCCL INFO NCCL_PROTO set by environment to Simple
x3212c0s19b1n0:13807:13836 [1] NCCL INFO NCCL_ALGO set by environment to TREE
x3212c0s19b1n0:13807:13836 [1] NCCL INFO threadThresholds 8/8/64 | 1024/8/64 | 8/8/64 | 8/8/512
x3212c0s19b1n0:13807:13836 [1] NCCL INFO 4 coll channels, 4 p2p channels, 2 p2p channels per peer
x3209c0s13b1n0:12202:12231 [0] NCCL INFO Channel 02/0 : 4[7000] -> 12[7000] [send] via NET/AWS Libfabric/3
x3210c0s37b0n0:19175:19196 [2] NCCL INFO Channel 02 : 70[85000] -> 69[46000] via P2P/IPC/read
x3212c0s19b0n0:33630:33730 [3] NCCL INFO Channel 01/0 : 111[c7000] -> 107[c7000] [receive] via NET/AWS Libfabric/1
x3211c0s31b1n0:22514:22538 [3] NCCL INFO Channel 03/0 : 95[c7000] -> 62[85000] [send] via NET/AWS Libfabric/1
x3209c0s1b0n0:37708:37733 [2] NCCL INFO Channel 01/0 : 11[c7000] -> 18[85000] [receive] via NET/AWS Libfabric/1
x3209c0s25b1n0:14987:15017 [0] NCCL INFO Channel 00/0 : 24[7000] -> 16[7000] [send] via NET/AWS Libfabric/3
x3209c0s25b0n0:13512:13537 [3] NCCL INFO Channel 03/0 : 19[c7000] -> 23[c7000] [receive] via NET/AWS Libfabric/1
x3210c0s19b1n0:60154:60182 [1] NCCL INFO Channel 00/0 : 52[7000] -> 57[46000] [receive] via NET/AWS Libfabric/3
x3211c0s25b0n0:22623:22645 [3] NCCL INFO Channel 01/0 : 98[85000] -> 83[c7000] [receive] via NET/AWS Libfabric/1
x3210c0s31b1n0:12060:12086 [0] NCCL INFO Channel 00/0 : 0[7000] -> 64[7000] [receive] via NET/AWS Libfabric/3
