x3211c0s37b0n0:22536:22557 [3] NCCL INFO Channel 03/0 : 83[c7000] -> 87[c7000] [receive] via NET/AWS Libfabric/1
x3212c0s13b1n0:55862:55881 [2] NCCL INFO Channel 03/0 : 107[c7000] -> 102[85000] [receive] via NET/AWS Libfabric/1
x3209c0s31b1n0:8724:8749 [0] NCCL INFO Channel 00/0 : 32[7000] -> 48[7000] [send] via NET/AWS Libfabric/3
x3212c0s1b1n0:14157:14177 [3] NCCL INFO Channel 03/0 : 115[c7000] -> 119[c7000] [send] via NET/AWS Libfabric/1
x3209c0s25b1n0:36836:36856 [2] NCCL INFO Channel 01/0 : 26[85000] -> 23[c7000] [send] via NET/AWS Libfabric/1
x3209c0s25b1n0:36837:36858 [3] NCCL INFO Channel 01/0 : 19[c7000] -> 27[c7000] [receive] via NET/AWS Libfabric/1
x3211c0s31b0n0:19831:19850 [2] NCCL INFO Channel 00 : 78[85000] -> 79[c7000] via P2P/IPC/read
x3209c0s13b1n0:52999:53022 [1] NCCL INFO Channel 01 : 5[46000] -> 6[85000] via P2P/IPC/read
x3210c0s13b0n0:53659:53683 [0] NCCL INFO Channel 02/0 : 45[46000] -> 52[7000] [receive] via NET/AWS Libfabric/3
x3210c0s7b1n0:34810:34830 [1] NCCL INFO Channel 01 : 73[46000] -> 74[85000] via P2P/IPC/read
x3211c0s7b1n0:40942:40963 [3] NCCL INFO Channel 01/0 : 99[c7000] -> 115[c7000] [send] via NET/AWS Libfabric/1
x3212c0s25b1n0:48052:48077 [1] NCCL INFO Channel 00/0 : 116[7000] -> 121[46000] [receive] via NET/AWS Libfabric/3
x3209c0s13b0n0:50398:50421 [1] NCCL INFO Channel 00 : 1[46000] -> 2[85000] via P2P/IPC/read
x3212c0s1b1n0:14154:14178 [0] NCCL INFO Channel 00/0 : 112[7000] -> 120[7000] [send] via NET/AWS Libfabric/3
x3209c0s13b1n0:53000:53024 [2] NCCL INFO Channel 01 : 6[85000] -> 7[c7000] via P2P/IPC/read
x3209c0s7b1n0:853:873 [3] NCCL INFO Channel 01/0 : 51[c7000] -> 59[c7000] [send] via NET/AWS Libfabric/1
x3212c0s19b1n0:61546:61566 [3] NCCL INFO Channel 01/0 : 107[c7000] -> 114[85000] [send] via NET/AWS Libfabric/1
x3211c0s37b0n0:22533:22556 [0] NCCL INFO Channel 02/0 : 80[7000] -> 84[7000] [receive] via NET/AWS Libfabric/3
x3211c0s7b0n0:19163:19182 [3] NCCL INFO Channel 01/0 : 91[c7000] -> 95[c7000] [receive] via NET/AWS Libfabric/1
x3209c0s25b1n0:36835:36857 [1] NCCL INFO Channel 00/0 : 25[46000] -> 20[7000] [send] via NET/AWS Libfabric/3
x3212c0s19b1n0:61543:61568 [0] NCCL INFO Channel 02/0 : 101[46000] -> 104[7000] [receive] via NET/AWS Libfabric/3
x3209c0s13b1n0:52999:53022 [1] NCCL INFO Channel 02 : 5[46000] -> 6[85000] via P2P/IPC/read
x3210c0s13b1n0:28926:28951 [0] NCCL INFO Channel 00/0 : 48[7000] -> 56[7000] [receive] via NET/AWS Libfabric/3
x3212c0s1b1n0:14156:14176 [2] NCCL INFO Channel 01/0 : 107[c7000] -> 114[85000] [receive] via NET/AWS Libfabric/1
x3211c0s37b0n0:22534:22558 [1] NCCL INFO Channel 02/0 : 85[46000] -> 88[7000] [send] via NET/AWS Libfabric/3
x3209c0s37b1n0:40509:40531 [1] NCCL INFO Channel 02 : 41[46000] -> 42[85000] via P2P/IPC/read
x3212c0s1b1n0:14155:14175 [1] NCCL INFO Channel 00/0 : 104[7000] -> 113[46000] [receive] via NET/AWS Libfabric/3
x3212c0s1b1n0:14157:14177 [3] NCCL INFO Channel 01/0 : 115[c7000] -> 123[c7000] [send] via NET/AWS Libfabric/1
x3212c0s25b0n0:38386:38412 [0] NCCL INFO Channel 00/0 : 116[7000] -> 121[46000] [send] via NET/AWS Libfabric/3
x3211c0s31b0n0:19831:19850 [2] NCCL INFO Channel 01 : 78[85000] -> 79[c7000] via P2P/IPC/read
x3210c0s19b0n0:56566:56589 [2] NCCL INFO Channel 02 : 62[85000] -> 63[c7000] via P2P/IPC/read
x3211c0s37b1n0:51724:51748 [2] NCCL INFO Channel 01/0 : 90[85000] -> 87[c7000] [send] via NET/AWS Libfabric/1
x3209c0s1b0n0:13086:13106 [3] NCCL INFO Channel 01/0 : 19[c7000] -> 27[c7000] [send] via NET/AWS Libfabric/1
x3210c0s7b0n0:58756:58780 [1] NCCL INFO Channel 01 : 69[46000] -> 70[85000] via P2P/IPC/read
x3210c0s13b0n0:53662:53682 [3] NCCL INFO Channel 03/0 : 46[85000] -> 55[c7000] [receive] via NET/AWS Libfabric/1
x3212c0s25b0n0:38389:38410 [3] NCCL INFO Channel 03/0 : 110[85000] -> 119[c7000] [receive] via NET/AWS Libfabric/1
x3209c0s25b0n0:55166:55193 [0] NCCL INFO Channel 02/0 : 13[46000] -> 20[7000] [receive] via NET/AWS Libfabric/3
x3210c0s7b1n0:34810:34830 [1] NCCL INFO Channel 02 : 73[46000] -> 74[85000] via P2P/IPC/read
x3212c0s19b1n0:61544:61567 [1] NCCL INFO Channel 00/0 : 105[46000] -> 100[7000] [send] via NET/AWS Libfabric/3
x3212c0s25b1n0:48054:48076 [3] NCCL INFO Channel 01/0 : 123[c7000] -> 115[c7000] [send] via NET/AWS Libfabric/1
x3210c0s7b1n0:34812:34833 [3] NCCL INFO Channel 01/0 : 75[c7000] -> 79[c7000] [send] via NET/AWS Libfabric/1
x3209c0s7b0n0:41185:41210 [1] NCCL INFO Channel 02/0 : 52[7000] -> 45[46000] [receive] via NET/AWS Libfabric/3
x3212c0s31b0n0:56385:56409 [1] NCCL INFO Connected all trees
x3212c0s31b0n0:56385:56409 [1] NCCL INFO MSCCL_XML_FILES set by environment to /home/yuke/ncclPG/CCL-LYD/msccl_tools_lyd/examples/xml/allreduce_binary_tree_p_gpu01_32nodes_channel4_reverse_chunk512.xml
x3212c0s31b0n0:56385:56409 [1] NCCL INFO MSCCL: Parsing algorithm /home/yuke/ncclPG/CCL-LYD/msccl_tools_lyd/examples/xml/allreduce_binary_tree_p_gpu01_32nodes_channel4_reverse_chunk512.xml
x3209c0s13b0n0:50398:50421 [1] NCCL INFO Channel 01 : 1[46000] -> 2[85000] via P2P/IPC/read
x3212c0s31b0n0:56386:56408 [2] NCCL INFO Connected all trees
x3212c0s31b0n0:56386:56408 [2] NCCL INFO MSCCL_XML_FILES set by environment to /home/yuke/ncclPG/CCL-LYD/msccl_tools_lyd/examples/xml/allreduce_binary_tree_p_gpu01_32nodes_channel4_reverse_chunk512.xml
x3212c0s31b0n0:56386:56408 [2] NCCL INFO MSCCL: Parsing algorithm /home/yuke/ncclPG/CCL-LYD/msccl_tools_lyd/examples/xml/allreduce_binary_tree_p_gpu01_32nodes_channel4_reverse_chunk512.xml
x3210c0s19b0n0:56564:56586 [0] NCCL INFO Channel 02/0 : 28[7000] -> 60[7000] [receive] via NET/AWS Libfabric/3
x3209c0s25b1n0:36834:36859 [0] NCCL INFO Channel 00/0 : 16[7000] -> 24[7000] [receive] via NET/AWS Libfabric/3
x3210c0s7b0n0:58758:58777 [3] NCCL INFO Channel 01/0 : 71[c7000] -> 74[85000] [send] via NET/AWS Libfabric/1
x3209c0s7b1n0:852:872 [2] NCCL INFO Channel 01/0 : 50[85000] -> 43[c7000] [send] via NET/AWS Libfabric/1
x3209c0s13b1n0:53000:53024 [2] NCCL INFO Channel 02 : 6[85000] -> 7[c7000] via P2P/IPC/read
x3212c0s13b1n0:55863:55880 [3] NCCL INFO Channel 03/0 : 103[c7000] -> 111[c7000] [send] via NET/AWS Libfabric/1
x3209c0s37b1n0:40511:40530 [3] NCCL INFO Channel 01/0 : 50[85000] -> 43[c7000] [receive] via NET/AWS Libfabric/1
x3209c0s25b0n0:55169:55190 [3] NCCL INFO Channel 03/0 : 14[85000] -> 23[c7000] [receive] via NET/AWS Libfabric/1
x3211c0s37b1n0:51722:51749 [0] NCCL INFO Channel 00/0 : 88[7000] -> 92[7000] [send] via NET/AWS Libfabric/3
x3211c0s31b1n0:13476:13498 [3] NCCL INFO Channel 01/0 : 83[c7000] -> 91[c7000] [send] via NET/AWS Libfabric/1
x3209c0s13b1n0:52999:53022 [1] NCCL INFO Channel 03 : 5[46000] -> 6[85000] via P2P/IPC/read
x3212c0s13b1n0:55859:55883 [0] NCCL INFO Channel 02/0 : 100[7000] -> 108[7000] [send] via NET/AWS Libfabric/3
x3211c0s37b0n0:22534:22558 [1] NCCL INFO Channel 02/0 : 88[7000] -> 85[46000] [receive] via NET/AWS Libfabric/3
x3209c0s37b1n0:40509:40531 [1] NCCL INFO Channel 03 : 41[46000] -> 42[85000] via P2P/IPC/read
x3212c0s25b1n0:48051:48078 [0] NCCL INFO Channel 02/0 : 117[46000] -> 120[7000] [receive] via NET/AWS Libfabric/3
x3209c0s31b0n0:25368:25392 [0] NCCL INFO Channel 02/0 : 12[7000] -> 28[7000] [receive] via NET/AWS Libfabric/3
x3209c0s7b1n0:852:872 [2] NCCL INFO Channel 00 : 50[85000] -> 49[46000] via P2P/IPC/read
x3211c0s31b0n0:19831:19850 [2] NCCL INFO Channel 02 : 78[85000] -> 79[c7000] via P2P/IPC/read
x3210c0s13b0n0:53659:53683 [0] NCCL INFO Channel 02/0 : 52[7000] -> 45[46000] [send] via NET/AWS Libfabric/3
x3212c0s19b1n0:61546:61566 [3] NCCL INFO Channel 01/0 : 114[85000] -> 107[c7000] [receive] via NET/AWS Libfabric/1
x3210c0s19b0n0:56566:56589 [2] NCCL INFO Channel 03 : 62[85000] -> 63[c7000] via P2P/IPC/read
x3210c0s7b0n0:58756:58780 [1] NCCL INFO Channel 02 : 69[46000] -> 70[85000] via P2P/IPC/read
x3212c0s31b0n0:56384:56410 [0] NCCL INFO Channel 00/0 : 120[7000] -> 124[7000] [receive] via NET/AWS Libfabric/3
x3209c0s19b1n0:63320:63344 [1] NCCL INFO Channel 02/0 : 20[7000] -> 13[46000] [receive] via NET/AWS Libfabric/3
x3212c0s19b1n0:61543:61568 [0] NCCL INFO Channel 00/0 : 104[7000] -> 108[7000] [send] via NET/AWS Libfabric/3
x3212c0s13b1n0:55861:55882 [1] NCCL INFO Channel 02/0 : 104[7000] -> 101[46000] [receive] via NET/AWS Libfabric/3
x3211c0s37b1n0:51725:51747 [3] NCCL INFO Channel 03/0 : 86[85000] -> 91[c7000] [receive] via NET/AWS Libfabric/1
x3211c0s37b0n0:22536:22557 [3] NCCL INFO Channel 03/0 : 78[85000] -> 87[c7000] [receive] via NET/AWS Libfabric/1
x3209c0s1b0n0:13086:13106 [3] NCCL INFO Channel 01/0 : 19[c7000] -> 34[85000] [send] via NET/AWS Libfabric/1
x3209c0s7b1n0:852:872 [2] NCCL INFO Channel 02 : 50[85000] -> 49[46000] via P2P/IPC/read
x3210c0s7b1n0:34810:34830 [1] NCCL INFO Channel 03 : 73[46000] -> 74[85000] via P2P/IPC/read
x3209c0s13b0n0:50398:50421 [1] NCCL INFO Channel 02 : 1[46000] -> 2[85000] via P2P/IPC/read
x3211c0s31b1n0:13473:13497 [0] NCCL INFO Channel 00/0 : 80[7000] -> 88[7000] [send] via NET/AWS Libfabric/3
x3212c0s13b1n0:55863:55880 [3] NCCL INFO Channel 03/0 : 111[c7000] -> 103[c7000] [receive] via NET/AWS Libfabric/1
x3212c0s1b1n0:14156:14176 [2] NCCL INFO Channel 01/0 : 114[85000] -> 107[c7000] [send] via NET/AWS Libfabric/1
x3212c0s25b0n0:38387:38409 [1] NCCL INFO Channel 02/0 : 120[7000] -> 117[46000] [receive] via NET/AWS Libfabric/3
x3209c0s13b1n0:53000:53024 [2] NCCL INFO Channel 03 : 6[85000] -> 7[c7000] via P2P/IPC/read
x3209c0s13b0n0:50400:50420 [3] NCCL INFO Channel 03/0 : 3[c7000] -> 7[c7000] [send] via NET/AWS Libfabric/1
x3212c0s25b0n0:38386:38412 [0] NCCL INFO Channel 02/0 : 109[46000] -> 116[7000] [receive] via NET/AWS Libfabric/3
x3211c0s37b0n0:22533:22556 [0] NCCL INFO Channel 00/0 : 84[7000] -> 89[46000] [send] via NET/AWS Libfabric/3
x3212c0s25b1n0:48052:48077 [1] NCCL INFO Channel 00/0 : 121[46000] -> 116[7000] [send] via NET/AWS Libfabric/3
x3210c0s13b1n0:28926:28951 [0] NCCL INFO Channel 00/0 : 56[7000] -> 48[7000] [send] via NET/AWS Libfabric/3
x3209c0s7b0n0:41186:41209 [2] NCCL INFO Channel 03/0 : 55[c7000] -> 46[85000] [receive] via NET/AWS Libfabric/1
x3209c0s25b1n0:36837:36858 [3] NCCL INFO Channel 01/0 : 27[c7000] -> 19[c7000] [send] via NET/AWS Libfabric/1
x3210c0s13b0n0:53659:53683 [0] NCCL INFO Channel 00/0 : 57[46000] -> 52[7000] [receive] via NET/AWS Libfabric/3
x3209c0s1b0n0:13083:13105 [0] NCCL INFO Channel 00/0 : 16[7000] -> 33[46000] [send] via NET/AWS Libfabric/3
x3209c0s7b1n0:850:874 [0] NCCL INFO Channel 00/0 : 32[7000] -> 48[7000] [receive] via NET/AWS Libfabric/3
x3212c0s1b1n0:14156:14176 [2] NCCL INFO Channel 00 : 114[85000] -> 113[46000] via P2P/IPC/read
x3212c0s1b1n0:14157:14177 [3] NCCL INFO Channel 01/0 : 99[c7000] -> 115[c7000] [receive] via NET/AWS Libfabric/1
x3211c0s31b0n0:19831:19850 [2] NCCL INFO Channel 03 : 78[85000] -> 79[c7000] via P2P/IPC/read
x3211c0s7b0n0:19160:19183 [0] NCCL INFO Channel 02/0 : 76[7000] -> 92[7000] [receive] via NET/AWS Libfabric/3
x3210c0s13b0n0:53662:53682 [3] NCCL INFO Channel 03/0 : 55[c7000] -> 46[85000] [send] via NET/AWS Libfabric/1
x3209c0s25b0n0:55166:55193 [0] NCCL INFO Channel 02/0 : 20[7000] -> 13[46000] [send] via NET/AWS Libfabric/3
x3210c0s7b0n0:58756:58780 [1] NCCL INFO Channel 03 : 69[46000] -> 70[85000] via P2P/IPC/read
x3212c0s19b1n0:61543:61568 [0] NCCL INFO Channel 00/0 : 104[7000] -> 113[46000] [send] via NET/AWS Libfabric/3
x3209c0s1b0n0:13086:13106 [3] NCCL INFO Channel 01/0 : 34[85000] -> 19[c7000] [receive] via NET/AWS Libfabric/1
x3212c0s1b0n0:30258:30278 [2] NCCL INFO Channel 03/0 : 119[c7000] -> 110[85000] [receive] via NET/AWS Libfabric/1
x3209c0s37b1n0:40511:40530 [3] NCCL INFO Channel 03/0 : 43[c7000] -> 38[85000] [send] via NET/AWS Libfabric/1
x3209c0s37b1n0:40510:40532 [2] NCCL INFO Channel 01/0 : 39[c7000] -> 42[85000] [receive] via NET/AWS Libfabric/1
x3209c0s25b1n0:36834:36859 [0] NCCL INFO Channel 00/0 : 24[7000] -> 16[7000] [send] via NET/AWS Libfabric/3
x3212c0s25b0n0:38389:38410 [3] NCCL INFO Channel 03/0 : 119[c7000] -> 110[85000] [send] via NET/AWS Libfabric/1
x3212c0s1b0n0:30259:30280 [3] NCCL INFO Channel 03/0 : 94[85000] -> 111[c7000] [receive] via NET/AWS Libfabric/1
x3211c0s7b0n0:19163:19182 [3] NCCL INFO Channel 03/0 : 79[c7000] -> 95[c7000] [receive] via NET/AWS Libfabric/1
x3209c0s19b1n0:63321:63342 [2] NCCL INFO Channel 03/0 : 23[c7000] -> 14[85000] [receive] via NET/AWS Libfabric/1
x3211c0s37b1n0:51722:51749 [0] NCCL INFO Channel 00/0 : 80[7000] -> 88[7000] [receive] via NET/AWS Libfabric/3
x3211c0s37b0n0:22535:22559 [2] NCCL INFO Channel 03/0 : 91[c7000] -> 86[85000] [receive] via NET/AWS Libfabric/1
x3212c0s25b1n0:48051:48078 [0] NCCL INFO Channel 00/0 : 120[7000] -> 124[7000] [send] via NET/AWS Libfabric/3
x3209c0s7b1n0:850:874 [0] NCCL INFO Channel 00/0 : 48[7000] -> 32[7000] [send] via NET/AWS Libfabric/3
x3209c0s13b0n0:50398:50421 [1] NCCL INFO Channel 03 : 1[46000] -> 2[85000] via P2P/IPC/read
x3210c0s19b0n0:56567:56588 [3] NCCL INFO Channel 01/0 : 59[c7000] -> 63[c7000] [receive] via NET/AWS Libfabric/1
x3209c0s13b1n0:52998:53025 [0] NCCL INFO Channel 02/0 : 0[7000] -> 4[7000] [receive] via NET/AWS Libfabric/3
x3209c0s31b1n0:8727:8748 [2] NCCL INFO Channel 01/0 : 34[85000] -> 19[c7000] [send] via NET/AWS Libfabric/1
x3209c0s37b1n0:40508:40533 [0] NCCL INFO Channel 02/0 : 37[46000] -> 40[7000] [receive] via NET/AWS Libfabric/3
x3211c0s37b1n0:51723:51746 [1] NCCL INFO Channel 00/0 : 89[46000] -> 84[7000] [send] via NET/AWS Libfabric/3
x3212c0s1b1n0:14156:14176 [2] NCCL INFO Channel 02 : 114[85000] -> 113[46000] via P2P/IPC/read
x3209c0s7b0n0:41186:41209 [2] NCCL INFO Channel 00 : 46[85000] -> 45[46000] via P2P/IPC/read
x3209c0s25b0n0:55166:55193 [0] NCCL INFO Channel 00/0 : 25[46000] -> 20[7000] [receive] via NET/AWS Libfabric/3
x3212c0s1b0n0:30256:30281 [0] NCCL INFO Channel 02/0 : 100[7000] -> 108[7000] [receive] via NET/AWS Libfabric/3
x3209c0s31b1n0:8727:8748 [2] NCCL INFO Channel 00 : 34[85000] -> 33[46000] via P2P/IPC/read
x3209c0s25b0n0:55169:55190 [3] NCCL INFO Channel 03/0 : 23[c7000] -> 14[85000] [send] via NET/AWS Libfabric/1
x3209c0s1b0n0:13083:13105 [0] NCCL INFO Channel 00/0 : 33[46000] -> 16[7000] [receive] via NET/AWS Libfabric/3
x3212c0s1b0n0:30258:30278 [2] NCCL INFO Channel 00 : 110[85000] -> 109[46000] via P2P/IPC/read
x3211c0s37b0n0:22533:22556 [0] NCCL INFO Channel 02/0 : 77[46000] -> 84[7000] [receive] via NET/AWS Libfabric/3
x3210c0s19b0n0:56565:56587 [1] NCCL INFO Channel 02/0 : 61[46000] -> 92[7000] [send] via NET/AWS Libfabric/3
x3209c0s37b0n0:35518:35542 [2] NCCL INFO Channel 00 : 38[85000] -> 37[46000] via P2P/IPC/read
x3210c0s7b1n0:34811:34831 [2] NCCL INFO Channel 01/0 : 71[c7000] -> 74[85000] [receive] via NET/AWS Libfabric/1
x3210c0s7b1n0:34809:34832 [0] NCCL INFO Channel 02/0 : 69[46000] -> 72[7000] [receive] via NET/AWS Libfabric/3
x3212c0s25b0n0:38389:38410 [3] NCCL INFO Channel 03/0 : 119[c7000] -> 115[c7000] [send] via NET/AWS Libfabric/1
x3209c0s31b1n0:8726:8746 [1] NCCL INFO Channel 00/0 : 33[46000] -> 16[7000] [send] via NET/AWS Libfabric/3
x3209c0s37b0n0:35519:35541 [3] NCCL INFO Channel 03/0 : 35[c7000] -> 39[c7000] [receive] via NET/AWS Libfabric/1
x3212c0s1b0n0:30258:30278 [2] NCCL INFO Channel 02 : 110[85000] -> 109[46000] via P2P/IPC/read
x3212c0s25b1n0:48051:48078 [0] NCCL INFO Channel 00/0 : 112[7000] -> 120[7000] [receive] via NET/AWS Libfabric/3
x3209c0s13b1n0:52999:53022 [1] NCCL INFO Channel 02/0 : 5[46000] -> 8[7000] [send] via NET/AWS Libfabric/3
x3209c0s37b1n0:40509:40531 [1] NCCL INFO Channel 00/0 : 36[7000] -> 41[46000] [receive] via NET/AWS Libfabric/3
x3209c0s19b1n0:63321:63342 [2] NCCL INFO Channel 00 : 14[85000] -> 13[46000] via P2P/IPC/read
x3210c0s7b0n0:58758:58777 [3] NCCL INFO Channel 03/0 : 67[c7000] -> 71[c7000] [receive] via NET/AWS Libfabric/1
x3209c0s37b1n0:40511:40530 [3] NCCL INFO Channel 01/0 : 47[c7000] -> 43[c7000] [receive] via NET/AWS Libfabric/1
x3212c0s1b1n0:14155:14175 [1] NCCL INFO Channel 00/0 : 113[46000] -> 104[7000] [send] via NET/AWS Libfabric/3
x3209c0s13b1n0:53001:53023 [3] NCCL INFO Channel 01/0 : 7[c7000] -> 10[85000] [send] via NET/AWS Libfabric/1
x3210c0s13b1n0:28929:28950 [3] NCCL INFO Channel 03/0 : 54[85000] -> 59[c7000] [receive] via NET/AWS Libfabric/1
x3210c0s13b0n0:53662:53682 [3] NCCL INFO Channel 03/0 : 55[c7000] -> 51[c7000] [send] via NET/AWS Libfabric/1
x3209c0s25b0n0:55169:55190 [3] NCCL INFO Channel 03/0 : 23[c7000] -> 19[c7000] [send] via NET/AWS Libfabric/1
x3209c0s7b0n0:41186:41209 [2] NCCL INFO Channel 02 : 46[85000] -> 45[46000] via P2P/IPC/read
x3212c0s1b0n0:30257:30279 [1] NCCL INFO Channel 02/0 : 116[7000] -> 109[46000] [receive] via NET/AWS Libfabric/3
x3212c0s19b1n0:61546:61566 [3] NCCL INFO Channel 03/0 : 107[c7000] -> 102[85000] [send] via NET/AWS Libfabric/1
x3209c0s13b0n0:50399:50419 [2] NCCL INFO Channel 00 : 2[85000] -> 1[46000] via P2P/IPC/read
x3209c0s31b1n0:8727:8748 [2] NCCL INFO Channel 02 : 34[85000] -> 33[46000] via P2P/IPC/read
x3209c0s37b0n0:35518:35542 [2] NCCL INFO Channel 02 : 38[85000] -> 37[46000] via P2P/IPC/read
x3210c0s19b0n0:56566:56589 [2] NCCL INFO Channel 03/0 : 62[85000] -> 95[c7000] [send] via NET/AWS Libfabric/1
x3209c0s37b0n0:35517:35543 [1] NCCL INFO Channel 02/0 : 40[7000] -> 37[46000] [receive] via NET/AWS Libfabric/3
x3211c0s31b0n0:19830:19851 [1] NCCL INFO Channel 02/0 : 77[46000] -> 84[7000] [send] via NET/AWS Libfabric/3
x3210c0s7b1n0:34811:34831 [2] NCCL INFO Channel 01/0 : 74[85000] -> 71[c7000] [send] via NET/AWS Libfabric/1
x3210c0s7b0n0:58757:58779 [2] NCCL INFO Channel 03/0 : 70[85000] -> 75[c7000] [send] via NET/AWS Libfabric/1
x3211c0s37b1n0:51725:51747 [3] NCCL INFO Channel 01/0 : 83[c7000] -> 91[c7000] [receive] via NET/AWS Libfabric/1
x3209c0s19b0n0:35208:35235 [0] NCCL INFO Channel 00/0 : 8[7000] -> 12[7000] [send] via NET/AWS Libfabric/3
x3212c0s1b1n0:14157:14177 [3] NCCL INFO Channel 01/0 : 115[c7000] -> 99[c7000] [send] via NET/AWS Libfabric/1
x3209c0s31b1n0:8724:8749 [0] NCCL INFO Channel 00/0 : 32[7000] -> 65[46000] [send] via NET/AWS Libfabric/3
x3209c0s37b1n0:40510:40532 [2] NCCL INFO Channel 01/0 : 42[85000] -> 39[c7000] [send] via NET/AWS Libfabric/1
x3211c0s7b1n0:40942:40963 [3] NCCL INFO Channel 01/0 : 67[c7000] -> 99[c7000] [receive] via NET/AWS Libfabric/1
x3211c0s31b0n0:19832:19849 [3] NCCL INFO Channel 01/0 : 75[c7000] -> 79[c7000] [receive] via NET/AWS Libfabric/1
x3212c0s13b1n0:55859:55883 [0] NCCL INFO Channel 02/0 : 108[7000] -> 100[7000] [receive] via NET/AWS Libfabric/3
x3210c0s13b0n0:53659:53683 [0] NCCL INFO Channel 02/0 : 52[7000] -> 48[7000] [send] via NET/AWS Libfabric/3
x3210c0s19b0n0:56567:56588 [3] NCCL INFO Channel 03/0 : 31[c7000] -> 63[c7000] [receive] via NET/AWS Libfabric/1
x3209c0s13b0n0:50399:50419 [2] NCCL INFO Channel 02 : 2[85000] -> 1[46000] via P2P/IPC/read
x3212c0s31b0n0:56384:56410 [0] NCCL INFO Channel 02/0 : 60[7000] -> 124[7000] [receive] via NET/AWS Libfabric/3
x3210c0s7b1n0:34810:34830 [1] NCCL INFO Channel 00/0 : 68[7000] -> 73[46000] [receive] via NET/AWS Libfabric/3
x3209c0s13b1n0:53000:53024 [2] NCCL INFO Channel 03/0 : 6[85000] -> 11[c7000] [send] via NET/AWS Libfabric/1
x3212c0s19b1n0:61543:61568 [0] NCCL INFO Channel 00/0 : 113[46000] -> 104[7000] [receive] via NET/AWS Libfabric/3
x3212c0s25b0n0:38386:38412 [0] NCCL INFO Channel 02/0 : 116[7000] -> 109[46000] [send] via NET/AWS Libfabric/3
x3210c0s1b0n0:22948:22971 [3] NCCL INFO Channel 01/0 : 67[c7000] -> 99[c7000] [send] via NET/AWS Libfabric/1
x3209c0s19b1n0:63321:63342 [2] NCCL INFO Channel 02 : 14[85000] -> 13[46000] via P2P/IPC/read
x3210c0s13b0n0:53661:53684 [2] NCCL INFO Channel 03/0 : 59[c7000] -> 54[85000] [receive] via NET/AWS Libfabric/1
x3212c0s13b1n0:55862:55881 [2] NCCL INFO Channel 00 : 102[85000] -> 101[46000] via P2P/IPC/read
x3209c0s13b0n0:50397:50418 [0] NCCL INFO Channel 02/0 : 0[7000] -> 4[7000] [send] via NET/AWS Libfabric/3
x3209c0s13b1n0:52999:53022 [1] NCCL INFO Channel 02/0 : 8[7000] -> 5[46000] [receive] via NET/AWS Libfabric/3
x3209c0s7b0n0:41186:41209 [2] NCCL INFO Connected all trees
x3209c0s7b0n0:41186:41209 [2] NCCL INFO MSCCL_XML_FILES set by environment to /home/yuke/ncclPG/CCL-LYD/msccl_tools_lyd/examples/xml/allreduce_binary_tree_p_gpu01_32nodes_channel4_reverse_chunk512.xml
x3209c0s7b0n0:41186:41209 [2] NCCL INFO MSCCL: Parsing algorithm /home/yuke/ncclPG/CCL-LYD/msccl_tools_lyd/examples/xml/allreduce_binary_tree_p_gpu01_32nodes_channel4_reverse_chunk512.xml
x3209c0s7b0n0:41185:41210 [1] NCCL INFO Connected all trees
x3209c0s7b0n0:41185:41210 [1] NCCL INFO MSCCL_XML_FILES set by environment to /home/yuke/ncclPG/CCL-LYD/msccl_tools_lyd/examples/xml/allreduce_binary_tree_p_gpu01_32nodes_channel4_reverse_chunk512.xml
x3209c0s7b0n0:41185:41210 [1] NCCL INFO MSCCL: Parsing algorithm /home/yuke/ncclPG/CCL-LYD/msccl_tools_lyd/examples/xml/allreduce_binary_tree_p_gpu01_32nodes_channel4_reverse_chunk512.xml
x3210c0s7b0n0:58756:58780 [1] NCCL INFO Channel 02/0 : 69[46000] -> 72[7000] [send] via NET/AWS Libfabric/3
x3210c0s7b0n0:58755:58778 [0] NCCL INFO Channel 02/0 : 64[7000] -> 68[7000] [receive] via NET/AWS Libfabric/3
x3209c0s37b1n0:40508:40533 [0] NCCL INFO Channel 00/0 : 40[7000] -> 44[7000] [send] via NET/AWS Libfabric/3
x3211c0s37b1n0:51722:51749 [0] NCCL INFO Channel 00/0 : 88[7000] -> 80[7000] [send] via NET/AWS Libfabric/3
x3209c0s19b0n0:35210:35234 [2] NCCL INFO Channel 01/0 : 10[85000] -> 7[c7000] [send] via NET/AWS Libfabric/1
x3212c0s19b1n0:61546:61566 [3] NCCL INFO Channel 01/0 : 111[c7000] -> 107[c7000] [receive] via NET/AWS Libfabric/1
x3211c0s31b1n0:13473:13497 [0] NCCL INFO Channel 00/0 : 80[7000] -> 97[46000] [send] via NET/AWS Libfabric/3
x3209c0s1b0n0:13086:13106 [3] NCCL INFO Channel 01/0 : 27[c7000] -> 19[c7000] [receive] via NET/AWS Libfabric/1
x3211c0s31b0n0:19831:19850 [2] NCCL INFO Channel 03/0 : 78[85000] -> 87[c7000] [send] via NET/AWS Libfabric/1
x3210c0s7b0n0:58758:58777 [3] NCCL INFO Channel 03/0 : 71[c7000] -> 79[c7000] [send] via NET/AWS Libfabric/1
x3212c0s1b0n0:30256:30281 [0] NCCL INFO Channel 02/0 : 93[46000] -> 108[7000] [receive] via NET/AWS Libfabric/3
x3209c0s19b1n0:63319:63345 [0] NCCL INFO Channel 02/0 : 4[7000] -> 12[7000] [receive] via NET/AWS Libfabric/3
x3209c0s31b1n0:8729:8747 [3] NCCL INFO Channel 01/0 : 35[c7000] -> 51[c7000] [send] via NET/AWS Libfabric/1
x3211c0s31b0n0:19830:19851 [1] NCCL INFO Channel 02/0 : 84[7000] -> 77[46000] [receive] via NET/AWS Libfabric/3
x3211c0s7b0n0:19162:19181 [2] NCCL INFO Channel 03/0 : 111[c7000] -> 94[85000] [receive] via NET/AWS Libfabric/1
x3210c0s1b0n0:22946:22970 [1] NCCL INFO Channel 00/0 : 65[46000] -> 32[7000] [send] via NET/AWS Libfabric/3
x3209c0s19b1n0:63320:63344 [1] NCCL INFO Connected all trees
x3209c0s19b1n0:63320:63344 [1] NCCL INFO MSCCL_XML_FILES set by environment to /home/yuke/ncclPG/CCL-LYD/msccl_tools_lyd/examples/xml/allreduce_binary_tree_p_gpu01_32nodes_channel4_reverse_chunk512.xml
x3209c0s19b1n0:63320:63344 [1] NCCL INFO MSCCL: Parsing algorithm /home/yuke/ncclPG/CCL-LYD/msccl_tools_lyd/examples/xml/allreduce_binary_tree_p_gpu01_32nodes_channel4_reverse_chunk512.xml
x3209c0s19b1n0:63321:63342 [2] NCCL INFO Connected all trees
x3209c0s19b1n0:63321:63342 [2] NCCL INFO MSCCL_XML_FILES set by environment to /home/yuke/ncclPG/CCL-LYD/msccl_tools_lyd/examples/xml/allreduce_binary_tree_p_gpu01_32nodes_channel4_reverse_chunk512.xml
x3209c0s19b1n0:63321:63342 [2] NCCL INFO MSCCL: Parsing algorithm /home/yuke/ncclPG/CCL-LYD/msccl_tools_lyd/examples/xml/allreduce_binary_tree_p_gpu01_32nodes_channel4_reverse_chunk512.xml
x3209c0s31b1n0:8724:8749 [0] NCCL INFO Channel 00/0 : 65[46000] -> 32[7000] [receive] via NET/AWS Libfabric/3
x3212c0s1b0n0:30259:30280 [3] NCCL INFO Channel 03/0 : 111[c7000] -> 94[85000] [send] via NET/AWS Libfabric/1
x3212c0s13b1n0:55862:55881 [2] NCCL INFO Channel 02 : 102[85000] -> 101[46000] via P2P/IPC/read
x3212c0s25b1n0:48051:48078 [0] NCCL INFO Channel 00/0 : 120[7000] -> 112[7000] [send] via NET/AWS Libfabric/3
x3209c0s25b0n0:55166:55193 [0] NCCL INFO Channel 02/0 : 20[7000] -> 16[7000] [send] via NET/AWS Libfabric/3
x3209c0s31b1n0:8726:8746 [1] NCCL INFO Connected all trees
x3209c0s31b1n0:8726:8746 [1] NCCL INFO MSCCL_XML_FILES set by environment to /home/yuke/ncclPG/CCL-LYD/msccl_tools_lyd/examples/xml/allreduce_binary_tree_p_gpu01_32nodes_channel4_reverse_chunk512.xml
x3209c0s31b1n0:8726:8746 [1] NCCL INFO MSCCL: Parsing algorithm /home/yuke/ncclPG/CCL-LYD/msccl_tools_lyd/examples/xml/allreduce_binary_tree_p_gpu01_32nodes_channel4_reverse_chunk512.xml
x3209c0s37b1n0:40508:40533 [0] NCCL INFO Channel 00/0 : 40[7000] -> 49[46000] [send] via NET/AWS Libfabric/3
x3209c0s37b1n0:40509:40531 [1] NCCL INFO Channel 00/0 : 41[46000] -> 36[7000] [send] via NET/AWS Libfabric/3
x3209c0s13b1n0:52998:53025 [0] NCCL INFO Channel 00/0 : 4[7000] -> 9[46000] [send] via NET/AWS Libfabric/3
x3209c0s31b1n0:8727:8748 [2] NCCL INFO Connected all trees
x3209c0s31b1n0:8727:8748 [2] NCCL INFO MSCCL_XML_FILES set by environment to /home/yuke/ncclPG/CCL-LYD/msccl_tools_lyd/examples/xml/allreduce_binary_tree_p_gpu01_32nodes_channel4_reverse_chunk512.xml
x3209c0s31b1n0:8727:8748 [2] NCCL INFO MSCCL: Parsing algorithm /home/yuke/ncclPG/CCL-LYD/msccl_tools_lyd/examples/xml/allreduce_binary_tree_p_gpu01_32nodes_channel4_reverse_chunk512.xml
x3210c0s7b1n0:34812:34833 [3] NCCL INFO Channel 03/0 : 70[85000] -> 75[c7000] [receive] via NET/AWS Libfabric/1
x3209c0s13b0n0:50398:50421 [1] NCCL INFO Connected all trees
x3209c0s13b0n0:50398:50421 [1] NCCL INFO MSCCL_XML_FILES set by environment to /home/yuke/ncclPG/CCL-LYD/msccl_tools_lyd/examples/xml/allreduce_binary_tree_p_gpu01_32nodes_channel4_reverse_chunk512.xml
x3209c0s13b0n0:50398:50421 [1] NCCL INFO MSCCL: Parsing algorithm /home/yuke/ncclPG/CCL-LYD/msccl_tools_lyd/examples/xml/allreduce_binary_tree_p_gpu01_32nodes_channel4_reverse_chunk512.xml
x3209c0s13b0n0:50399:50419 [2] NCCL INFO Connected all trees
x3209c0s13b0n0:50399:50419 [2] NCCL INFO MSCCL_XML_FILES set by environment to /home/yuke/ncclPG/CCL-LYD/msccl_tools_lyd/examples/xml/allreduce_binary_tree_p_gpu01_32nodes_channel4_reverse_chunk512.xml
x3209c0s13b0n0:50399:50419 [2] NCCL INFO MSCCL: Parsing algorithm /home/yuke/ncclPG/CCL-LYD/msccl_tools_lyd/examples/xml/allreduce_binary_tree_p_gpu01_32nodes_channel4_reverse_chunk512.xml
x3209c0s13b1n0:53001:53023 [3] NCCL INFO Channel 03/0 : 3[c7000] -> 7[c7000] [receive] via NET/AWS Libfabric/1
x3212c0s1b1n0:14154:14178 [0] NCCL INFO Channel 00/0 : 96[7000] -> 112[7000] [receive] via NET/AWS Libfabric/3
x3209c0s25b1n0:36837:36858 [3] NCCL INFO Channel 03/0 : 27[c7000] -> 22[85000] [send] via NET/AWS Libfabric/1
x3209c0s37b0n0:35519:35541 [3] NCCL INFO Channel 03/0 : 39[c7000] -> 47[c7000] [send] via NET/AWS Libfabric/1
x3210c0s7b1n0:34809:34832 [0] NCCL INFO Channel 00/0 : 72[7000] -> 76[7000] [send] via NET/AWS Libfabric/3
x3212c0s25b0n0:38386:38412 [0] NCCL INFO Channel 00/0 : 121[46000] -> 116[7000] [receive] via NET/AWS Libfabric/3
x3211c0s7b1n0:40940:40962 [1] NCCL INFO Channel 00/0 : 97[46000] -> 80[7000] [send] via NET/AWS Libfabric/3
x3211c0s37b0n0:22533:22556 [0] NCCL INFO Channel 02/0 : 84[7000] -> 77[46000] [send] via NET/AWS Libfabric/3
x3211c0s31b1n0:13473:13497 [0] NCCL INFO Channel 00/0 : 97[46000] -> 80[7000] [receive] via NET/AWS Libfabric/3
x3209c0s37b0n0:35516:35544 [0] NCCL INFO Channel 02/0 : 36[7000] -> 44[7000] [send] via NET/AWS Libfabric/3
x3209c0s13b0n0:50397:50418 [0] NCCL INFO Channel 00/0 : 64[7000] -> 0[7000] [receive] via NET/AWS Libfabric/3
x3212c0s31b0n0:56384:56410 [0] NCCL INFO Channel 02/0 : 124[7000] -> 60[7000] [send] via NET/AWS Libfabric/3
x3211c0s7b0n0:19162:19181 [2] NCCL INFO Channel 00 : 94[85000] -> 93[46000] via P2P/IPC/read
x3209c0s1b0n0:13083:13105 [0] NCCL INFO Channel 00/0 : 24[7000] -> 16[7000] [receive] via NET/AWS Libfabric/3
x3211c0s37b0n0:22536:22557 [3] NCCL INFO Channel 03/0 : 87[c7000] -> 78[85000] [send] via NET/AWS Libfabric/1
x3209c0s19b0n0:35208:35235 [0] NCCL INFO Channel 00/0 : 8[7000] -> 17[46000] [send] via NET/AWS Libfabric/3
x3210c0s7b0n0:58756:58780 [1] NCCL INFO Channel 02/0 : 72[7000] -> 69[46000] [receive] via NET/AWS Libfabric/3
x3209c0s13b1n0:53000:53024 [2] NCCL INFO Channel 03/0 : 11[c7000] -> 6[85000] [receive] via NET/AWS Libfabric/1
x3210c0s13b1n0:28929:28950 [3] NCCL INFO Channel 01/0 : 51[c7000] -> 59[c7000] [receive] via NET/AWS Libfabric/1
x3210c0s1b0n0:22945:22972 [0] NCCL INFO Channel 00/0 : 64[7000] -> 96[7000] [send] via NET/AWS Libfabric/3
x3211c0s7b0n0:19162:19181 [2] NCCL INFO Channel 02 : 94[85000] -> 93[46000] via P2P/IPC/read
x3210c0s7b1n0:34809:34832 [0] NCCL INFO Channel 00/0 : 72[7000] -> 81[46000] [send] via NET/AWS Libfabric/3
x3210c0s1b0n0:22948:22971 [3] NCCL INFO Channel 01/0 : 3[c7000] -> 67[c7000] [receive] via NET/AWS Libfabric/1
x3211c0s7b1n0:40942:40963 [3] NCCL INFO Channel 01/0 : 99[c7000] -> 67[c7000] [send] via NET/AWS Libfabric/1
x3211c0s31b1n0:13476:13498 [3] NCCL INFO Channel 01/0 : 83[c7000] -> 98[85000] [send] via NET/AWS Libfabric/1
x3209c0s19b0n0:35209:35233 [1] NCCL INFO Channel 00/0 : 9[46000] -> 4[7000] [send] via NET/AWS Libfabric/3
x3209c0s19b0n0:35211:35232 [3] NCCL INFO Channel 01/0 : 11[c7000] -> 18[85000] [send] via NET/AWS Libfabric/1
x3211c0s7b0n0:19161:19184 [1] NCCL INFO Channel 02/0 : 108[7000] -> 93[46000] [receive] via NET/AWS Libfabric/3
x3211c0s37b1n0:51725:51747 [3] NCCL INFO Channel 01/0 : 91[c7000] -> 83[c7000] [send] via NET/AWS Libfabric/1
x3211c0s31b0n0:19831:19850 [2] NCCL INFO Channel 03/0 : 87[c7000] -> 78[85000] [receive] via NET/AWS Libfabric/1
x3209c0s25b0n0:55168:55192 [2] NCCL INFO Channel 00 : 22[85000] -> 21[46000] via P2P/IPC/read
x3209c0s25b0n0:55168:55192 [2] NCCL INFO Channel 02 : 22[85000] -> 21[46000] via P2P/IPC/read
x3209c0s7b0n0:41187:41207 [3] NCCL INFO Channel 03/0 : 30[85000] -> 47[c7000] [receive] via NET/AWS Libfabric/1
x3209c0s37b0n0:35519:35541 [3] NCCL INFO Channel 03/0 : 47[c7000] -> 39[c7000] [receive] via NET/AWS Libfabric/1
x3212c0s1b0n0:30259:30280 [3] NCCL INFO Channel 03/0 : 111[c7000] -> 103[c7000] [send] via NET/AWS Libfabric/1
x3209c0s1b0n0:13085:13103 [2] NCCL INFO Channel 01/0 : 18[85000] -> 11[c7000] [send] via NET/AWS Libfabric/1
x3209c0s13b1n0:52998:53025 [0] NCCL INFO Channel 02/0 : 4[7000] -> 12[7000] [send] via NET/AWS Libfabric/3
x3210c0s7b0n0:58757:58779 [2] NCCL INFO Channel 03/0 : 75[c7000] -> 70[85000] [receive] via NET/AWS Libfabric/1
x3209c0s19b0n0:35208:35235 [0] NCCL INFO Channel 00/0 : 17[46000] -> 8[7000] [receive] via NET/AWS Libfabric/3
x3209c0s13b0n0:50397:50418 [0] NCCL INFO Channel 00/0 : 0[7000] -> 64[7000] [send] via NET/AWS Libfabric/3
x3212c0s1b0n0:30257:30279 [1] NCCL INFO Connected all trees
x3212c0s1b0n0:30257:30279 [1] NCCL INFO MSCCL_XML_FILES set by environment to /home/yuke/ncclPG/CCL-LYD/msccl_tools_lyd/examples/xml/allreduce_binary_tree_p_gpu01_32nodes_channel4_reverse_chunk512.xml
x3212c0s1b0n0:30257:30279 [1] NCCL INFO MSCCL: Parsing algorithm /home/yuke/ncclPG/CCL-LYD/msccl_tools_lyd/examples/xml/allreduce_binary_tree_p_gpu01_32nodes_channel4_reverse_chunk512.xml
x3212c0s1b0n0:30258:30278 [2] NCCL INFO Connected all trees
x3212c0s1b0n0:30258:30278 [2] NCCL INFO MSCCL_XML_FILES set by environment to /home/yuke/ncclPG/CCL-LYD/msccl_tools_lyd/examples/xml/allreduce_binary_tree_p_gpu01_32nodes_channel4_reverse_chunk512.xml
x3212c0s1b0n0:30258:30278 [2] NCCL INFO MSCCL: Parsing algorithm /home/yuke/ncclPG/CCL-LYD/msccl_tools_lyd/examples/xml/allreduce_binary_tree_p_gpu01_32nodes_channel4_reverse_chunk512.xml
x3210c0s1b0n0:22948:22971 [3] NCCL INFO Channel 01/0 : 67[c7000] -> 3[c7000] [send] via NET/AWS Libfabric/1
x3211c0s31b0n0:19828:19852 [0] NCCL INFO Channel 02/0 : 68[7000] -> 76[7000] [receive] via NET/AWS Libfabric/3
x3209c0s7b0n0:41184:41208 [0] NCCL INFO Channel 02/0 : 36[7000] -> 44[7000] [receive] via NET/AWS Libfabric/3
x3209c0s37b1n0:40508:40533 [0] NCCL INFO Channel 00/0 : 49[46000] -> 40[7000] [receive] via NET/AWS Libfabric/3
x3211c0s31b0n0:19831:19850 [2] NCCL INFO Channel 00 : 78[85000] -> 77[46000] via P2P/IPC/read
x3212c0s19b1n0:61543:61568 [0] NCCL INFO Channel 00/0 : 108[7000] -> 104[7000] [receive] via NET/AWS Libfabric/3
x3209c0s13b0n0:50400:50420 [3] NCCL INFO Channel 01/0 : 67[c7000] -> 3[c7000] [receive] via NET/AWS Libfabric/1
x3211c0s31b0n0:19832:19849 [3] NCCL INFO Channel 03/0 : 71[c7000] -> 79[c7000] [receive] via NET/AWS Libfabric/1
x3211c0s31b1n0:13474:13495 [1] NCCL INFO Channel 00/0 : 81[46000] -> 72[7000] [send] via NET/AWS Libfabric/3
x3209c0s31b1n0:8724:8749 [0] NCCL INFO Channel 00/0 : 48[7000] -> 32[7000] [receive] via NET/AWS Libfabric/3
x3212c0s1b1n0:14155:14175 [1] NCCL INFO Connected all trees
x3212c0s1b1n0:14155:14175 [1] NCCL INFO MSCCL_XML_FILES set by environment to /home/yuke/ncclPG/CCL-LYD/msccl_tools_lyd/examples/xml/allreduce_binary_tree_p_gpu01_32nodes_channel4_reverse_chunk512.xml
x3212c0s1b1n0:14155:14175 [1] NCCL INFO MSCCL: Parsing algorithm /home/yuke/ncclPG/CCL-LYD/msccl_tools_lyd/examples/xml/allreduce_binary_tree_p_gpu01_32nodes_channel4_reverse_chunk512.xml
x3212c0s1b1n0:14156:14176 [2] NCCL INFO Connected all trees
x3212c0s1b1n0:14156:14176 [2] NCCL INFO MSCCL_XML_FILES set by environment to /home/yuke/ncclPG/CCL-LYD/msccl_tools_lyd/examples/xml/allreduce_binary_tree_p_gpu01_32nodes_channel4_reverse_chunk512.xml
x3212c0s1b1n0:14156:14176 [2] NCCL INFO MSCCL: Parsing algorithm /home/yuke/ncclPG/CCL-LYD/msccl_tools_lyd/examples/xml/allreduce_binary_tree_p_gpu01_32nodes_channel4_reverse_chunk512.xml
x3209c0s25b1n0:36834:36859 [0] NCCL INFO Channel 00/0 : 28[7000] -> 24[7000] [receive] via NET/AWS Libfabric/3
x3211c0s31b1n0:13473:13497 [0] NCCL INFO Channel 00/0 : 88[7000] -> 80[7000] [receive] via NET/AWS Libfabric/3
x3211c0s31b1n0:13476:13498 [3] NCCL INFO Channel 01/0 : 98[85000] -> 83[c7000] [receive] via NET/AWS Libfabric/1
x3209c0s1b0n0:13086:13106 [3] NCCL INFO Channel 03/0 : 23[c7000] -> 19[c7000] [receive] via NET/AWS Libfabric/1
x3210c0s7b0n0:58755:58778 [0] NCCL INFO Channel 00/0 : 68[7000] -> 73[46000] [send] via NET/AWS Libfabric/3
x3212c0s13b1n0:55863:55880 [3] NCCL INFO Channel 03/0 : 103[c7000] -> 99[c7000] [send] via NET/AWS Libfabric/1
x3211c0s37b0n0:22533:22556 [0] NCCL INFO Channel 00/0 : 89[46000] -> 84[7000] [receive] via NET/AWS Libfabric/3
x3212c0s1b0n0:30256:30281 [0] NCCL INFO Channel 02/0 : 108[7000] -> 93[46000] [send] via NET/AWS Libfabric/3
x3209c0s7b1n0:851:875 [1] NCCL INFO Channel 00/0 : 49[46000] -> 40[7000] [send] via NET/AWS Libfabric/3
x3210c0s7b0n0:58755:58778 [0] NCCL INFO Channel 02/0 : 68[7000] -> 76[7000] [send] via NET/AWS Libfabric/3
x3209c0s25b1n0:36837:36858 [3] NCCL INFO Channel 01/0 : 31[c7000] -> 27[c7000] [receive] via NET/AWS Libfabric/1
x3209c0s1b0n0:13084:13104 [1] NCCL INFO Channel 00/0 : 17[46000] -> 8[7000] [send] via NET/AWS Libfabric/3
x3209c0s1b0n0:13086:13106 [3] NCCL INFO Connected all trees
x3209c0s1b0n0:13086:13106 [3] NCCL INFO MSCCL_XML_FILES set by environment to /home/yuke/ncclPG/CCL-LYD/msccl_tools_lyd/examples/xml/allreduce_binary_tree_p_gpu01_32nodes_channel4_reverse_chunk512.xml
x3209c0s1b0n0:13086:13106 [3] NCCL INFO MSCCL: Parsing algorithm /home/yuke/ncclPG/CCL-LYD/msccl_tools_lyd/examples/xml/allreduce_binary_tree_p_gpu01_32nodes_channel4_reverse_chunk512.xml
x3212c0s1b1n0:14154:14178 [0] NCCL INFO Channel 00/0 : 112[7000] -> 96[7000] [send] via NET/AWS Libfabric/3
x3209c0s13b1n0:53001:53023 [3] NCCL INFO Channel 03/0 : 7[c7000] -> 15[c7000] [send] via NET/AWS Libfabric/1
x3209c0s19b1n0:63319:63345 [0] NCCL INFO Channel 02/0 : 12[7000] -> 28[7000] [send] via NET/AWS Libfabric/3
x3211c0s31b0n0:19831:19850 [2] NCCL INFO Channel 02 : 78[85000] -> 77[46000] via P2P/IPC/read
x3212c0s25b0n0:38386:38412 [0] NCCL INFO Channel 02/0 : 116[7000] -> 112[7000] [send] via NET/AWS Libfabric/3
x3209c0s13b1n0:52998:53025 [0] NCCL INFO Channel 02/0 : 12[7000] -> 4[7000] [receive] via NET/AWS Libfabric/3
x3211c0s7b1n0:40939:40964 [0] NCCL INFO Channel 00/0 : 64[7000] -> 96[7000] [receive] via NET/AWS Libfabric/3
x3210c0s7b1n0:34809:34832 [0] NCCL INFO Channel 00/0 : 81[46000] -> 72[7000] [receive] via NET/AWS Libfabric/3
x3210c0s7b1n0:34812:34833 [3] NCCL INFO Channel 01/0 : 75[c7000] -> 82[85000] [send] via NET/AWS Libfabric/1
x3209c0s19b0n0:35211:35232 [3] NCCL INFO Channel 01/0 : 18[85000] -> 11[c7000] [receive] via NET/AWS Libfabric/1
x3209c0s31b0n0:25370:25390 [2] NCCL INFO Channel 03/0 : 47[c7000] -> 30[85000] [receive] via NET/AWS Libfabric/1
x3210c0s13b1n0:28929:28950 [3] NCCL INFO Channel 01/0 : 59[c7000] -> 51[c7000] [send] via NET/AWS Libfabric/1
x3209c0s1b0n0:13083:13105 [0] NCCL INFO Channel 02/0 : 20[7000] -> 16[7000] [receive] via NET/AWS Libfabric/3
x3212c0s1b0n0:30256:30281 [0] NCCL INFO Channel 02/0 : 108[7000] -> 100[7000] [send] via NET/AWS Libfabric/3
x3211c0s7b1n0:40941:40961 [2] NCCL INFO Channel 01/0 : 98[85000] -> 83[c7000] [send] via NET/AWS Libfabric/1
x3212c0s1b0n0:30259:30280 [3] NCCL INFO Channel 01/0 : 111[c7000] -> 107[c7000] [send] via NET/AWS Libfabric/1
x3209c0s37b0n0:35516:35544 [0] NCCL INFO Channel 02/0 : 44[7000] -> 36[7000] [receive] via NET/AWS Libfabric/3
x3212c0s31b0n0:56385:56409 [1] NCCL INFO Parsed MSCCL Algorithm /home/yuke/ncclPG/CCL-LYD/msccl_tools_lyd/examples/xml/allreduce_binary_tree_p_gpu01_32nodes_channel4_reverse_chunk512.xml successfully.
x3212c0s31b0n0:56385:56409 [1] NCCL INFO Connected 1 MSCCL algorithms
x3212c0s31b0n0:56385:56409 [1] NCCL INFO NCCL_NTHREADS set by environment to 256.
x3212c0s31b0n0:56385:56409 [1] NCCL INFO NCCL_PROTO set by environment to Simple
x3212c0s31b0n0:56385:56409 [1] NCCL INFO NCCL_ALGO set by environment to MSCCL,TREE,RING
x3212c0s31b0n0:56385:56409 [1] NCCL INFO threadThresholds 8/8/64 | 1024/8/64 | 8/8/64 | 8/8/512
x3212c0s31b0n0:56385:56409 [1] NCCL INFO 4 coll channels, 4 p2p channels, 2 p2p channels per peer
x3210c0s7b1n0:34810:34830 [1] NCCL INFO Channel 00/0 : 73[46000] -> 68[7000] [send] via NET/AWS Libfabric/3
x3211c0s37b0n0:22536:22557 [3] NCCL INFO Channel 03/0 : 87[c7000] -> 83[c7000] [send] via NET/AWS Libfabric/1
x3209c0s7b1n0:853:873 [3] NCCL INFO Channel 01/0 : 35[c7000] -> 51[c7000] [receive] via NET/AWS Libfabric/1
x3211c0s37b1n0:51722:51749 [0] NCCL INFO Channel 00/0 : 92[7000] -> 88[7000] [receive] via NET/AWS Libfabric/3
x3209c0s25b0n0:55166:55193 [0] NCCL INFO Connected all trees
x3209c0s25b0n0:55166:55193 [0] NCCL INFO MSCCL_XML_FILES set by environment to /home/yuke/ncclPG/CCL-LYD/msccl_tools_lyd/examples/xml/allreduce_binary_tree_p_gpu01_32nodes_channel4_reverse_chunk512.xml
x3209c0s25b0n0:55166:55193 [0] NCCL INFO MSCCL: Parsing algorithm /home/yuke/ncclPG/CCL-LYD/msccl_tools_lyd/examples/xml/allreduce_binary_tree_p_gpu01_32nodes_channel4_reverse_chunk512.xml
x3212c0s31b0n0:56386:56408 [2] NCCL INFO Parsed MSCCL Algorithm /home/yuke/ncclPG/CCL-LYD/msccl_tools_lyd/examples/xml/allreduce_binary_tree_p_gpu01_32nodes_channel4_reverse_chunk512.xml successfully.
x3212c0s31b0n0:56386:56408 [2] NCCL INFO Connected 1 MSCCL algorithms
x3212c0s31b0n0:56386:56408 [2] NCCL INFO NCCL_NTHREADS set by environment to 256.
x3212c0s31b0n0:56386:56408 [2] NCCL INFO NCCL_PROTO set by environment to Simple
x3212c0s31b0n0:56386:56408 [2] NCCL INFO NCCL_ALGO set by environment to MSCCL,TREE,RING
x3212c0s31b0n0:56386:56408 [2] NCCL INFO threadThresholds 8/8/64 | 1024/8/64 | 8/8/64 | 8/8/512
x3212c0s31b0n0:56386:56408 [2] NCCL INFO 4 coll channels, 4 p2p channels, 2 p2p channels per peer
x3210c0s7b1n0:34812:34833 [3] NCCL INFO Channel 01/0 : 82[85000] -> 75[c7000] [receive] via NET/AWS Libfabric/1
x3209c0s19b1n0:63322:63343 [3] NCCL INFO Channel 03/0 : 15[c7000] -> 31[c7000] [send] via NET/AWS Libfabric/1
x3209c0s13b0n0:50400:50420 [3] NCCL INFO Channel 01/0 : 3[c7000] -> 67[c7000] [send] via NET/AWS Libfabric/1
x3211c0s7b1n0:40941:40961 [2] NCCL INFO Channel 00 : 98[85000] -> 97[46000] via P2P/IPC/read
x3209c0s1b0n0:13085:13103 [2] NCCL INFO Channel 00 : 18[85000] -> 17[46000] via P2P/IPC/read
x3212c0s19b1n0:61546:61566 [3] NCCL INFO Connected all trees
x3212c0s19b1n0:61546:61566 [3] NCCL INFO MSCCL_XML_FILES set by environment to /home/yuke/ncclPG/CCL-LYD/msccl_tools_lyd/examples/xml/allreduce_binary_tree_p_gpu01_32nodes_channel4_reverse_chunk512.xml
x3212c0s19b1n0:61546:61566 [3] NCCL INFO MSCCL: Parsing algorithm /home/yuke/ncclPG/CCL-LYD/msccl_tools_lyd/examples/xml/allreduce_binary_tree_p_gpu01_32nodes_channel4_reverse_chunk512.xml
x3212c0s1b0n0:30259:30280 [3] NCCL INFO Connected all trees
x3212c0s1b0n0:30259:30280 [3] NCCL INFO MSCCL_XML_FILES set by environment to /home/yuke/ncclPG/CCL-LYD/msccl_tools_lyd/examples/xml/allreduce_binary_tree_p_gpu01_32nodes_channel4_reverse_chunk512.xml
x3212c0s1b0n0:30259:30280 [3] NCCL INFO MSCCL: Parsing algorithm /home/yuke/ncclPG/CCL-LYD/msccl_tools_lyd/examples/xml/allreduce_binary_tree_p_gpu01_32nodes_channel4_reverse_chunk512.xml
x3209c0s1b0n0:13083:13105 [0] NCCL INFO Connected all trees
x3209c0s1b0n0:13083:13105 [0] NCCL INFO MSCCL_XML_FILES set by environment to /home/yuke/ncclPG/CCL-LYD/msccl_tools_lyd/examples/xml/allreduce_binary_tree_p_gpu01_32nodes_channel4_reverse_chunk512.xml
x3209c0s1b0n0:13083:13105 [0] NCCL INFO MSCCL: Parsing algorithm /home/yuke/ncclPG/CCL-LYD/msccl_tools_lyd/examples/xml/allreduce_binary_tree_p_gpu01_32nodes_channel4_reverse_chunk512.xml
x3209c0s13b1n0:53001:53023 [3] NCCL INFO Channel 03/0 : 15[c7000] -> 7[c7000] [receive] via NET/AWS Libfabric/1
x3209c0s7b0n0:41187:41207 [3] NCCL INFO Channel 03/0 : 47[c7000] -> 30[85000] [send] via NET/AWS Libfabric/1
x3211c0s37b0n0:22533:22556 [0] NCCL INFO Channel 02/0 : 84[7000] -> 80[7000] [send] via NET/AWS Libfabric/3
x3209c0s19b0n0:35208:35235 [0] NCCL INFO Channel 00/0 : 12[7000] -> 8[7000] [receive] via NET/AWS Libfabric/3
x3211c0s31b0n0:19830:19851 [1] NCCL INFO Connected all trees
x3211c0s31b0n0:19830:19851 [1] NCCL INFO MSCCL_XML_FILES set by environment to /home/yuke/ncclPG/CCL-LYD/msccl_tools_lyd/examples/xml/allreduce_binary_tree_p_gpu01_32nodes_channel4_reverse_chunk512.xml
x3211c0s31b0n0:19830:19851 [1] NCCL INFO MSCCL: Parsing algorithm /home/yuke/ncclPG/CCL-LYD/msccl_tools_lyd/examples/xml/allreduce_binary_tree_p_gpu01_32nodes_channel4_reverse_chunk512.xml
x3211c0s31b0n0:19831:19850 [2] NCCL INFO Connected all trees
x3211c0s31b0n0:19831:19850 [2] NCCL INFO MSCCL_XML_FILES set by environment to /home/yuke/ncclPG/CCL-LYD/msccl_tools_lyd/examples/xml/allreduce_binary_tree_p_gpu01_32nodes_channel4_reverse_chunk512.xml
x3211c0s31b0n0:19831:19850 [2] NCCL INFO MSCCL: Parsing algorithm /home/yuke/ncclPG/CCL-LYD/msccl_tools_lyd/examples/xml/allreduce_binary_tree_p_gpu01_32nodes_channel4_reverse_chunk512.xml
x3209c0s31b0n0:25368:25392 [0] NCCL INFO Channel 02/0 : 28[7000] -> 60[7000] [send] via NET/AWS Libfabric/3
x3211c0s31b1n0:13475:13496 [2] NCCL INFO Channel 01/0 : 82[85000] -> 75[c7000] [send] via NET/AWS Libfabric/1
x3209c0s37b1n0:40508:40533 [0] NCCL INFO Channel 00/0 : 44[7000] -> 40[7000] [receive] via NET/AWS Libfabric/3
x3209c0s7b1n0:851:875 [1] NCCL INFO Connected all trees
x3209c0s7b1n0:851:875 [1] NCCL INFO MSCCL_XML_FILES set by environment to /home/yuke/ncclPG/CCL-LYD/msccl_tools_lyd/examples/xml/allreduce_binary_tree_p_gpu01_32nodes_channel4_reverse_chunk512.xml
x3209c0s7b1n0:851:875 [1] NCCL INFO MSCCL: Parsing algorithm /home/yuke/ncclPG/CCL-LYD/msccl_tools_lyd/examples/xml/allreduce_binary_tree_p_gpu01_32nodes_channel4_reverse_chunk512.xml
x3209c0s7b1n0:852:872 [2] NCCL INFO Connected all trees
x3209c0s7b1n0:852:872 [2] NCCL INFO MSCCL_XML_FILES set by environment to /home/yuke/ncclPG/CCL-LYD/msccl_tools_lyd/examples/xml/allreduce_binary_tree_p_gpu01_32nodes_channel4_reverse_chunk512.xml
x3209c0s7b1n0:852:872 [2] NCCL INFO MSCCL: Parsing algorithm /home/yuke/ncclPG/CCL-LYD/msccl_tools_lyd/examples/xml/allreduce_binary_tree_p_gpu01_32nodes_channel4_reverse_chunk512.xml
x3211c0s7b0n0:19161:19184 [1] NCCL INFO Connected all trees
x3211c0s7b0n0:19161:19184 [1] NCCL INFO MSCCL_XML_FILES set by environment to /home/yuke/ncclPG/CCL-LYD/msccl_tools_lyd/examples/xml/allreduce_binary_tree_p_gpu01_32nodes_channel4_reverse_chunk512.xml
x3211c0s7b0n0:19161:19184 [1] NCCL INFO MSCCL: Parsing algorithm /home/yuke/ncclPG/CCL-LYD/msccl_tools_lyd/examples/xml/allreduce_binary_tree_p_gpu01_32nodes_channel4_reverse_chunk512.xml
x3211c0s7b0n0:19162:19181 [2] NCCL INFO Connected all trees
x3211c0s7b0n0:19162:19181 [2] NCCL INFO MSCCL_XML_FILES set by environment to /home/yuke/ncclPG/CCL-LYD/msccl_tools_lyd/examples/xml/allreduce_binary_tree_p_gpu01_32nodes_channel4_reverse_chunk512.xml
x3211c0s7b0n0:19162:19181 [2] NCCL INFO MSCCL: Parsing algorithm /home/yuke/ncclPG/CCL-LYD/msccl_tools_lyd/examples/xml/allreduce_binary_tree_p_gpu01_32nodes_channel4_reverse_chunk512.xml
x3209c0s7b1n0:850:874 [0] NCCL INFO Channel 00/0 : 56[7000] -> 48[7000] [receive] via NET/AWS Libfabric/3
x3209c0s31b1n0:8724:8749 [0] NCCL INFO Channel 02/0 : 36[7000] -> 32[7000] [receive] via NET/AWS Libfabric/3
x3209c0s7b0n0:41184:41208 [0] NCCL INFO Channel 02/0 : 29[46000] -> 44[7000] [receive] via NET/AWS Libfabric/3
x3211c0s31b0n0:19832:19849 [3] NCCL INFO Channel 03/0 : 79[c7000] -> 95[c7000] [send] via NET/AWS Libfabric/1
x3211c0s31b1n0:13473:13497 [0] NCCL INFO Channel 02/0 : 84[7000] -> 80[7000] [receive] via NET/AWS Libfabric/3
x3211c0s31b1n0:13475:13496 [2] NCCL INFO Channel 00 : 82[85000] -> 81[46000] via P2P/IPC/read
x3209c0s1b0n0:13085:13103 [2] NCCL INFO Channel 02 : 18[85000] -> 17[46000] via P2P/IPC/read
x3209c0s31b0n0:25370:25390 [2] NCCL INFO Channel 00 : 30[85000] -> 29[46000] via P2P/IPC/read
x3211c0s7b1n0:40941:40961 [2] NCCL INFO Channel 02 : 98[85000] -> 97[46000] via P2P/IPC/read
x3209c0s7b0n0:41187:41207 [3] NCCL INFO Channel 03/0 : 47[c7000] -> 39[c7000] [send] via NET/AWS Libfabric/1
x3211c0s7b1n0:40941:40961 [2] NCCL INFO Connected all trees
x3211c0s7b1n0:40941:40961 [2] NCCL INFO MSCCL_XML_FILES set by environment to /home/yuke/ncclPG/CCL-LYD/msccl_tools_lyd/examples/xml/allreduce_binary_tree_p_gpu01_32nodes_channel4_reverse_chunk512.xml
x3211c0s7b1n0:40941:40961 [2] NCCL INFO MSCCL: Parsing algorithm /home/yuke/ncclPG/CCL-LYD/msccl_tools_lyd/examples/xml/allreduce_binary_tree_p_gpu01_32nodes_channel4_reverse_chunk512.xml
x3211c0s7b1n0:40940:40962 [1] NCCL INFO Connected all trees
x3211c0s7b1n0:40940:40962 [1] NCCL INFO MSCCL_XML_FILES set by environment to /home/yuke/ncclPG/CCL-LYD/msccl_tools_lyd/examples/xml/allreduce_binary_tree_p_gpu01_32nodes_channel4_reverse_chunk512.xml
x3211c0s7b1n0:40940:40962 [1] NCCL INFO MSCCL: Parsing algorithm /home/yuke/ncclPG/CCL-LYD/msccl_tools_lyd/examples/xml/allreduce_binary_tree_p_gpu01_32nodes_channel4_reverse_chunk512.xml
x3209c0s31b0n0:25369:25391 [1] NCCL INFO Channel 02/0 : 44[7000] -> 29[46000] [receive] via NET/AWS Libfabric/3
x3212c0s13b1n0:55859:55883 [0] NCCL INFO Channel 00/0 : 105[46000] -> 100[7000] [receive] via NET/AWS Libfabric/3
x3210c0s7b0n0:58758:58777 [3] NCCL INFO Channel 03/0 : 79[c7000] -> 71[c7000] [receive] via NET/AWS Libfabric/1
x3211c0s31b1n0:13476:13498 [3] NCCL INFO Channel 01/0 : 91[c7000] -> 83[c7000] [receive] via NET/AWS Libfabric/1
x3209c0s19b1n0:63319:63345 [0] NCCL INFO Channel 02/0 : 28[7000] -> 12[7000] [receive] via NET/AWS Libfabric/3
x3211c0s31b0n0:19828:19852 [0] NCCL INFO Channel 02/0 : 76[7000] -> 92[7000] [send] via NET/AWS Libfabric/3
x3210c0s7b0n0:58755:58778 [0] NCCL INFO Channel 02/0 : 76[7000] -> 68[7000] [receive] via NET/AWS Libfabric/3
x3209c0s25b0n0:55169:55190 [3] NCCL INFO Channel 01/0 : 26[85000] -> 23[c7000] [receive] via NET/AWS Libfabric/1
x3209c0s1b0n0:13084:13104 [1] NCCL INFO Connected all trees
x3209c0s1b0n0:13084:13104 [1] NCCL INFO MSCCL_XML_FILES set by environment to /home/yuke/ncclPG/CCL-LYD/msccl_tools_lyd/examples/xml/allreduce_binary_tree_p_gpu01_32nodes_channel4_reverse_chunk512.xml
x3209c0s1b0n0:13084:13104 [1] NCCL INFO MSCCL: Parsing algorithm /home/yuke/ncclPG/CCL-LYD/msccl_tools_lyd/examples/xml/allreduce_binary_tree_p_gpu01_32nodes_channel4_reverse_chunk512.xml
x3209c0s1b0n0:13085:13103 [2] NCCL INFO Connected all trees
x3209c0s1b0n0:13085:13103 [2] NCCL INFO MSCCL_XML_FILES set by environment to /home/yuke/ncclPG/CCL-LYD/msccl_tools_lyd/examples/xml/allreduce_binary_tree_p_gpu01_32nodes_channel4_reverse_chunk512.xml
x3209c0s1b0n0:13085:13103 [2] NCCL INFO MSCCL: Parsing algorithm /home/yuke/ncclPG/CCL-LYD/msccl_tools_lyd/examples/xml/allreduce_binary_tree_p_gpu01_32nodes_channel4_reverse_chunk512.xml
x3209c0s31b0n0:25371:25389 [3] NCCL INFO Channel 03/0 : 31[c7000] -> 63[c7000] [send] via NET/AWS Libfabric/1
x3210c0s7b1n0:34809:34832 [0] NCCL INFO Channel 00/0 : 76[7000] -> 72[7000] [receive] via NET/AWS Libfabric/3
x3211c0s31b1n0:13473:13497 [0] NCCL INFO Connected all trees
x3211c0s31b1n0:13473:13497 [0] NCCL INFO MSCCL_XML_FILES set by environment to /home/yuke/ncclPG/CCL-LYD/msccl_tools_lyd/examples/xml/allreduce_binary_tree_p_gpu01_32nodes_channel4_reverse_chunk512.xml
x3211c0s31b1n0:13473:13497 [0] NCCL INFO MSCCL: Parsing algorithm /home/yuke/ncclPG/CCL-LYD/msccl_tools_lyd/examples/xml/allreduce_binary_tree_p_gpu01_32nodes_channel4_reverse_chunk512.xml
x3211c0s37b0n0:22533:22556 [0] NCCL INFO Connected all trees
x3211c0s37b0n0:22533:22556 [0] NCCL INFO MSCCL_XML_FILES set by environment to /home/yuke/ncclPG/CCL-LYD/msccl_tools_lyd/examples/xml/allreduce_binary_tree_p_gpu01_32nodes_channel4_reverse_chunk512.xml
x3211c0s37b0n0:22533:22556 [0] NCCL INFO MSCCL: Parsing algorithm /home/yuke/ncclPG/CCL-LYD/msccl_tools_lyd/examples/xml/allreduce_binary_tree_p_gpu01_32nodes_channel4_reverse_chunk512.xml
x3209c0s31b1n0:8729:8747 [3] NCCL INFO Channel 01/0 : 35[c7000] -> 66[85000] [send] via NET/AWS Libfabric/1
x3209c0s31b0n0:25370:25390 [2] NCCL INFO Channel 02 : 30[85000] -> 29[46000] via P2P/IPC/read
x3209c0s19b0n0:35211:35232 [3] NCCL INFO Channel 03/0 : 11[c7000] -> 6[85000] [send] via NET/AWS Libfabric/1
x3211c0s31b1n0:13475:13496 [2] NCCL INFO Channel 02 : 82[85000] -> 81[46000] via P2P/IPC/read
