x3209c0s37b1n0:24898:24917 [3] NCCL INFO Channel 01/0 : 18[85000] -> 11[c7000] [receive] via NET/AWS Libfabric/1
x3211c0s31b1n0:35904:35927 [0] NCCL INFO Channel 02/0 : 92[7000] -> 61[46000] [send] via NET/AWS Libfabric/3
x3212c0s13b1n0:43789:43813 [0] NCCL INFO Channel 00/0 : 100[7000] -> 105[46000] [send] via NET/AWS Libfabric/3
x3212c0s13b0n0:19523:19546 [0] NCCL INFO Channel 00/0 : 96[7000] -> 112[7000] [send] via NET/AWS Libfabric/3
x3211c0s13b1n0:4802:4826 [1] NCCL INFO Channel 02/0 : 92[7000] -> 61[46000] [receive] via NET/AWS Libfabric/3
x3210c0s31b0n0:12100:12125 [0] NCCL INFO Connected all trees
x3210c0s31b0n0:12100:12125 [0] NCCL INFO NCCL_NTHREADS set by environment to 64.
x3210c0s31b0n0:12100:12125 [0] NCCL INFO NCCL_PROTO set by environment to Simple
x3210c0s31b0n0:12100:12125 [0] NCCL INFO NCCL_ALGO set by environment to TREE
x3210c0s31b0n0:12100:12125 [0] NCCL INFO threadThresholds 8/8/64 | 1024/8/64 | 8/8/64 | 8/8/512
x3210c0s31b0n0:12100:12125 [0] NCCL INFO 4 coll channels, 4 p2p channels, 2 p2p channels per peer
x3210c0s31b0n0:12103:12122 [3] NCCL INFO Channel 01/0 : 47[c7000] -> 43[c7000] [send] via NET/AWS Libfabric/1
x3211c0s19b0n0:51765:51785 [2] NCCL INFO Channel 01/0 : 66[85000] -> 35[c7000] [send] via NET/AWS Libfabric/1
x3212c0s19b1n0:18013:18033 [2] NCCL INFO Channel 03/0 : 119[c7000] -> 110[85000] [receive] via NET/AWS Libfabric/1
x3210c0s19b1n0:16202:16225 [1] NCCL INFO Channel 00/0 : 25[46000] -> 20[7000] [send] via NET/AWS Libfabric/3
x3210c0s1b0n0:6792:6812 [3] NCCL INFO Channel 03/0 : 31[c7000] -> 63[c7000] [send] via NET/AWS Libfabric/1
x3210c0s1b0n0:6789:6815 [0] NCCL INFO Channel 02/0 : 12[7000] -> 28[7000] [receive] via NET/AWS Libfabric/3
x3211c0s1b1n0:46713:46734 [2] NCCL INFO Channel 02 : 78[85000] -> 77[46000] via P2P/IPC/read
x3212c0s19b0n0:34946:34969 [3] NCCL INFO Channel 03/0 : 102[85000] -> 107[c7000] [receive] via NET/AWS Libfabric/1
x3209c0s7b0n0:13329:13348 [3] NCCL INFO Channel 03/0 : 31[c7000] -> 15[c7000] [receive] via NET/AWS Libfabric/1
x3211c0s19b0n0:51765:51785 [2] NCCL INFO Channel 00 : 66[85000] -> 65[46000] via P2P/IPC/read
x3210c0s31b0n0:12103:12122 [3] NCCL INFO Connected all trees
x3210c0s31b0n0:12103:12122 [3] NCCL INFO NCCL_NTHREADS set by environment to 64.
x3210c0s31b0n0:12103:12122 [3] NCCL INFO NCCL_PROTO set by environment to Simple
x3210c0s31b0n0:12103:12122 [3] NCCL INFO NCCL_ALGO set by environment to TREE
x3210c0s31b0n0:12103:12122 [3] NCCL INFO threadThresholds 8/8/64 | 1024/8/64 | 8/8/64 | 8/8/512
x3210c0s31b0n0:12103:12122 [3] NCCL INFO 4 coll channels, 4 p2p channels, 2 p2p channels per peer
x3210c0s25b1n0:60778:60802 [0] NCCL INFO Channel 02/0 : 40[7000] -> 37[46000] [send] via NET/AWS Libfabric/3
x3211c0s31b1n0:35904:35927 [0] NCCL INFO Channel 02/0 : 92[7000] -> 76[7000] [send] via NET/AWS Libfabric/3
x3212c0s1b1n0:11652:11674 [2] NCCL INFO Channel 03/0 : 123[c7000] -> 118[85000] [receive] via NET/AWS Libfabric/1
x3209c0s37b1n0:24894:24915 [0] NCCL INFO Channel 00/0 : 17[46000] -> 8[7000] [receive] via NET/AWS Libfabric/3
x3210c0s25b1n0:60781:60801 [3] NCCL INFO Connected all trees
x3210c0s25b1n0:60781:60801 [3] NCCL INFO NCCL_NTHREADS set by environment to 64.
x3210c0s25b1n0:60781:60801 [3] NCCL INFO NCCL_PROTO set by environment to Simple
x3210c0s25b1n0:60781:60801 [3] NCCL INFO NCCL_ALGO set by environment to TREE
x3210c0s25b1n0:60781:60801 [3] NCCL INFO threadThresholds 8/8/64 | 1024/8/64 | 8/8/64 | 8/8/512
x3210c0s25b1n0:60781:60801 [3] NCCL INFO 4 coll channels, 4 p2p channels, 2 p2p channels per peer
x3212c0s1b1n0:11651:11672 [1] NCCL INFO Channel 02/0 : 117[46000] -> 120[7000] [send] via NET/AWS Libfabric/3
x3210c0s19b1n0:16201:16226 [0] NCCL INFO Channel 00/0 : 16[7000] -> 24[7000] [receive] via NET/AWS Libfabric/3
x3211c0s25b0n0:34058:34081 [3] NCCL INFO Channel 01/0 : 98[85000] -> 83[c7000] [receive] via NET/AWS Libfabric/1
x3210c0s13b0n0:65191:65215 [2] NCCL INFO Channel 01/0 : 18[85000] -> 11[c7000] [send] via NET/AWS Libfabric/1
x3210c0s13b0n0:65192:65213 [3] NCCL INFO Channel 01/0 : 19[c7000] -> 34[85000] [send] via NET/AWS Libfabric/1
x3211c0s19b0n0:51763:51788 [1] NCCL INFO Channel 00/0 : 65[46000] -> 32[7000] [send] via NET/AWS Libfabric/3
x3210c0s25b0n0:53291:53314 [2] NCCL INFO Channel 02 : 38[85000] -> 37[46000] via P2P/IPC/read
x3211c0s1b1n0:46714:46733 [3] NCCL INFO Channel 03/0 : 95[c7000] -> 79[c7000] [receive] via NET/AWS Libfabric/1
x3211c0s31b1n0:35907:35928 [3] NCCL INFO Channel 03/0 : 62[85000] -> 95[c7000] [receive] via NET/AWS Libfabric/1
x3210c0s19b1n0:16204:16227 [3] NCCL INFO Channel 01/0 : 27[c7000] -> 19[c7000] [send] via NET/AWS Libfabric/1
x3212c0s13b0n0:19525:19548 [2] NCCL INFO Channel 01/0 : 98[85000] -> 83[c7000] [send] via NET/AWS Libfabric/1
x3210c0s25b1n0:60778:60802 [0] NCCL INFO Connected all trees
x3210c0s25b1n0:60778:60802 [0] NCCL INFO NCCL_NTHREADS set by environment to 64.
x3210c0s25b1n0:60778:60802 [0] NCCL INFO NCCL_PROTO set by environment to Simple
x3210c0s25b1n0:60778:60802 [0] NCCL INFO NCCL_ALGO set by environment to TREE
x3210c0s25b1n0:60778:60802 [0] NCCL INFO threadThresholds 8/8/64 | 1024/8/64 | 8/8/64 | 8/8/512
x3210c0s25b1n0:60778:60802 [0] NCCL INFO 4 coll channels, 4 p2p channels, 2 p2p channels per peer
x3210c0s13b1n0:15058:15082 [0] NCCL INFO Channel 02/0 : 13[46000] -> 20[7000] [receive] via NET/AWS Libfabric/3
x3210c0s13b0n0:65191:65215 [2] NCCL INFO Channel 00 : 18[85000] -> 17[46000] via P2P/IPC/read
x3212c0s19b1n0:18013:18033 [2] NCCL INFO Channel 00 : 110[85000] -> 109[46000] via P2P/IPC/read
x3212c0s19b0n0:34944:34970 [1] NCCL INFO Channel 00/0 : 105[46000] -> 100[7000] [send] via NET/AWS Libfabric/3
x3209c0s37b1n0:24898:24917 [3] NCCL INFO Channel 03/0 : 11[c7000] -> 6[85000] [send] via NET/AWS Libfabric/1
x3211c0s1b1n0:46712:46735 [1] NCCL INFO Connected all trees
x3211c0s1b1n0:46712:46735 [1] NCCL INFO NCCL_NTHREADS set by environment to 64.
x3211c0s1b1n0:46712:46735 [1] NCCL INFO NCCL_PROTO set by environment to Simple
x3211c0s1b1n0:46712:46735 [1] NCCL INFO NCCL_ALGO set by environment to TREE
x3211c0s1b1n0:46712:46735 [1] NCCL INFO threadThresholds 8/8/64 | 1024/8/64 | 8/8/64 | 8/8/512
x3211c0s1b1n0:46712:46735 [1] NCCL INFO 4 coll channels, 4 p2p channels, 2 p2p channels per peer
x3212c0s13b0n0:19525:19548 [2] NCCL INFO Channel 00 : 98[85000] -> 97[46000] via P2P/IPC/read
x3210c0s31b0n0:12101:12123 [1] NCCL INFO comm 0x150d5ce60010 rank 45 nranks 128 cudaDev 1 busId 46000 - Init COMPLETE
x3210c0s31b0n0:12103:12122 [3] NCCL INFO comm 0x1469ea45a010 rank 47 nranks 128 cudaDev 3 busId c7000 - Init COMPLETE
x3211c0s1b1n0:46713:46734 [2] NCCL INFO Connected all trees
x3211c0s1b1n0:46713:46734 [2] NCCL INFO NCCL_NTHREADS set by environment to 64.
x3211c0s1b1n0:46713:46734 [2] NCCL INFO NCCL_PROTO set by environment to Simple
x3211c0s1b1n0:46713:46734 [2] NCCL INFO NCCL_ALGO set by environment to TREE
x3211c0s1b1n0:46713:46734 [2] NCCL INFO threadThresholds 8/8/64 | 1024/8/64 | 8/8/64 | 8/8/512
x3211c0s1b1n0:46713:46734 [2] NCCL INFO 4 coll channels, 4 p2p channels, 2 p2p channels per peer
x3210c0s31b0n0:12100:12125 [0] NCCL INFO comm 0x14cda0259010 rank 44 nranks 128 cudaDev 0 busId 7000 - Init COMPLETE
x3210c0s31b0n0:12102:12124 [2] NCCL INFO comm 0x1461ac45a010 rank 46 nranks 128 cudaDev 2 busId 85000 - Init COMPLETE
x3210c0s1b1n0:39560:39578 [3] NCCL INFO Channel 01/0 : 51[c7000] -> 35[c7000] [receive] via NET/AWS Libfabric/1
x3210c0s13b0n0:65192:65213 [3] NCCL INFO Channel 01/0 : 34[85000] -> 19[c7000] [receive] via NET/AWS Libfabric/1
x3210c0s1b1n0:39558:39579 [2] NCCL INFO Channel 01/0 : 34[85000] -> 19[c7000] [send] via NET/AWS Libfabric/1
x3212c0s19b0n0:34943:34968 [0] NCCL INFO Channel 00/0 : 108[7000] -> 104[7000] [receive] via NET/AWS Libfabric/3
x3209c0s7b0n0:13325:13349 [0] NCCL INFO Channel 02/0 : 28[7000] -> 12[7000] [receive] via NET/AWS Libfabric/3
x3212c0s19b1n0:18014:18034 [3] NCCL INFO Channel 03/0 : 103[c7000] -> 111[c7000] [receive] via NET/AWS Libfabric/1
x3211c0s25b0n0:34055:34080 [0] NCCL INFO Channel 00/0 : 97[46000] -> 80[7000] [receive] via NET/AWS Libfabric/3
x3210c0s13b0n0:65190:65212 [1] NCCL INFO Channel 00/0 : 17[46000] -> 8[7000] [send] via NET/AWS Libfabric/3
x3211c0s13b1n0:4804:4827 [3] NCCL INFO Channel 03/0 : 127[c7000] -> 63[c7000] [receive] via NET/AWS Libfabric/1
x3209c0s7b0n0:13328:13347 [2] NCCL INFO Channel 03/0 : 23[c7000] -> 14[85000] [receive] via NET/AWS Libfabric/1
x3211c0s19b0n0:51765:51785 [2] NCCL INFO Channel 02 : 66[85000] -> 65[46000] via P2P/IPC/read
x3210c0s1b1n0:39558:39579 [2] NCCL INFO Channel 00 : 34[85000] -> 33[46000] via P2P/IPC/read
x3210c0s25b0n0:53289:53315 [0] NCCL INFO Channel 00/0 : 41[46000] -> 36[7000] [receive] via NET/AWS Libfabric/3
x3211c0s1b1n0:46711:46736 [0] NCCL INFO Channel 02/0 : 76[7000] -> 68[7000] [send] via NET/AWS Libfabric/3
x3212c0s1b1n0:11651:11672 [1] NCCL INFO Channel 02/0 : 120[7000] -> 117[46000] [receive] via NET/AWS Libfabric/3
x3209c0s37b0n0:50836:50861 [2] NCCL INFO Channel 00 : 6[85000] -> 5[46000] via P2P/IPC/read
x3210c0s1b0n0:6792:6812 [3] NCCL INFO Channel 03/0 : 63[c7000] -> 31[c7000] [receive] via NET/AWS Libfabric/1
x3212c0s19b1n0:18013:18033 [2] NCCL INFO Channel 02 : 110[85000] -> 109[46000] via P2P/IPC/read
x3212c0s13b0n0:19525:19548 [2] NCCL INFO Channel 02 : 98[85000] -> 97[46000] via P2P/IPC/read
x3212c0s1b1n0:11650:11675 [0] NCCL INFO Channel 00/0 : 116[7000] -> 121[46000] [send] via NET/AWS Libfabric/3
x3212c0s25b0n0:53667:53692 [0] NCCL INFO Channel 00/0 : 120[7000] -> 124[7000] [send] via NET/AWS Libfabric/3
x3210c0s1b1n0:39555:39580 [0] NCCL INFO Channel 00/0 : 48[7000] -> 32[7000] [receive] via NET/AWS Libfabric/3
x3210c0s13b0n0:65191:65215 [2] NCCL INFO Channel 02 : 18[85000] -> 17[46000] via P2P/IPC/read
x3211c0s31b1n0:35904:35927 [0] NCCL INFO Channel 00/0 : 92[7000] -> 88[7000] [send] via NET/AWS Libfabric/3
x3212c0s13b1n0:43789:43813 [0] NCCL INFO Channel 02/0 : 100[7000] -> 108[7000] [send] via NET/AWS Libfabric/3
x3211c0s13b1n0:4803:4828 [2] NCCL INFO Channel 03/0 : 95[c7000] -> 62[85000] [receive] via NET/AWS Libfabric/1
x3212c0s25b0n0:53672:53691 [3] NCCL INFO Channel 01/0 : 115[c7000] -> 123[c7000] [receive] via NET/AWS Libfabric/1
x3210c0s13b1n0:15064:15083 [3] NCCL INFO Channel 03/0 : 23[c7000] -> 14[85000] [send] via NET/AWS Libfabric/1
x3212c0s13b0n0:19524:19547 [1] NCCL INFO Channel 00/0 : 97[46000] -> 80[7000] [send] via NET/AWS Libfabric/3
x3212c0s1b1n0:11653:11673 [3] NCCL INFO Channel 03/0 : 119[c7000] -> 115[c7000] [send] via NET/AWS Libfabric/1
x3210c0s1b1n0:39558:39579 [2] NCCL INFO Channel 02 : 34[85000] -> 33[46000] via P2P/IPC/read
x3209c0s37b0n0:50836:50861 [2] NCCL INFO Channel 02 : 6[85000] -> 5[46000] via P2P/IPC/read
x3210c0s19b1n0:16201:16226 [0] NCCL INFO Channel 00/0 : 24[7000] -> 16[7000] [send] via NET/AWS Libfabric/3
x3212c0s1b0n0:36998:37022 [0] NCCL INFO Channel 00/0 : 112[7000] -> 120[7000] [send] via NET/AWS Libfabric/3
x3209c0s7b0n0:13327:13346 [1] NCCL INFO Channel 02/0 : 20[7000] -> 13[46000] [receive] via NET/AWS Libfabric/3
x3210c0s31b1n0:1944:1967 [3] NCCL INFO Channel 01/0 : 59[c7000] -> 51[c7000] [receive] via NET/AWS Libfabric/1
x3211c0s25b0n0:34058:34081 [3] NCCL INFO Channel 01/0 : 91[c7000] -> 83[c7000] [receive] via NET/AWS Libfabric/1
x3210c0s13b1n0:15064:15083 [3] NCCL INFO Channel 03/0 : 23[c7000] -> 19[c7000] [send] via NET/AWS Libfabric/1
x3212c0s19b0n0:34946:34969 [3] NCCL INFO Channel 01/0 : 107[c7000] -> 114[85000] [send] via NET/AWS Libfabric/1
x3211c0s19b0n0:51763:51788 [1] NCCL INFO Connected all trees
x3211c0s19b0n0:51763:51788 [1] NCCL INFO NCCL_NTHREADS set by environment to 64.
x3211c0s19b0n0:51763:51788 [1] NCCL INFO NCCL_PROTO set by environment to Simple
x3211c0s19b0n0:51763:51788 [1] NCCL INFO NCCL_ALGO set by environment to TREE
x3211c0s19b0n0:51763:51788 [1] NCCL INFO threadThresholds 8/8/64 | 1024/8/64 | 8/8/64 | 8/8/512
x3211c0s19b0n0:51763:51788 [1] NCCL INFO 4 coll channels, 4 p2p channels, 2 p2p channels per peer
x3211c0s19b0n0:51765:51785 [2] NCCL INFO Connected all trees
x3211c0s19b0n0:51765:51785 [2] NCCL INFO NCCL_NTHREADS set by environment to 64.
x3211c0s19b0n0:51765:51785 [2] NCCL INFO NCCL_PROTO set by environment to Simple
x3211c0s19b0n0:51765:51785 [2] NCCL INFO NCCL_ALGO set by environment to TREE
x3211c0s19b0n0:51765:51785 [2] NCCL INFO threadThresholds 8/8/64 | 1024/8/64 | 8/8/64 | 8/8/512
x3211c0s19b0n0:51765:51785 [2] NCCL INFO 4 coll channels, 4 p2p channels, 2 p2p channels per peer
x3211c0s31b1n0:35907:35928 [3] NCCL INFO Channel 03/0 : 95[c7000] -> 62[85000] [send] via NET/AWS Libfabric/1
x3209c0s37b1n0:24894:24915 [0] NCCL INFO Channel 00/0 : 12[7000] -> 8[7000] [receive] via NET/AWS Libfabric/3
x3210c0s1b0n0:6789:6815 [0] NCCL INFO Channel 02/0 : 28[7000] -> 60[7000] [send] via NET/AWS Libfabric/3
x3209c0s7b0n0:13328:13347 [2] NCCL INFO Channel 00 : 14[85000] -> 13[46000] via P2P/IPC/read
x3211c0s31b0n0:30428:30449 [3] NCCL INFO Channel 03/0 : 91[c7000] -> 86[85000] [send] via NET/AWS Libfabric/1
x3211c0s19b1n0:30523:30548 [0] NCCL INFO Channel 00/0 : 73[46000] -> 68[7000] [receive] via NET/AWS Libfabric/3
x3212c0s31b0n0:3973:3997 [0] NCCL INFO Channel 02/0 : 60[7000] -> 124[7000] [receive] via NET/AWS Libfabric/3
x3210c0s13b0n0:65189:65214 [0] NCCL INFO Channel 00/0 : 16[7000] -> 33[46000] [send] via NET/AWS Libfabric/3
x3210c0s25b0n0:53290:53317 [1] NCCL INFO Connected all trees
x3210c0s25b0n0:53290:53317 [1] NCCL INFO NCCL_NTHREADS set by environment to 64.
x3210c0s25b0n0:53290:53317 [1] NCCL INFO NCCL_PROTO set by environment to Simple
x3210c0s25b0n0:53290:53317 [1] NCCL INFO NCCL_ALGO set by environment to TREE
x3210c0s25b0n0:53290:53317 [1] NCCL INFO threadThresholds 8/8/64 | 1024/8/64 | 8/8/64 | 8/8/512
x3210c0s25b0n0:53290:53317 [1] NCCL INFO 4 coll channels, 4 p2p channels, 2 p2p channels per peer
x3210c0s25b0n0:53291:53314 [2] NCCL INFO Connected all trees
x3210c0s25b0n0:53291:53314 [2] NCCL INFO NCCL_NTHREADS set by environment to 64.
x3210c0s25b0n0:53291:53314 [2] NCCL INFO NCCL_PROTO set by environment to Simple
x3210c0s25b0n0:53291:53314 [2] NCCL INFO NCCL_ALGO set by environment to TREE
x3210c0s25b0n0:53291:53314 [2] NCCL INFO threadThresholds 8/8/64 | 1024/8/64 | 8/8/64 | 8/8/512
x3210c0s25b0n0:53291:53314 [2] NCCL INFO 4 coll channels, 4 p2p channels, 2 p2p channels per peer
x3212c0s13b1n0:43792:43814 [3] NCCL INFO Channel 03/0 : 111[c7000] -> 103[c7000] [receive] via NET/AWS Libfabric/1
x3211c0s1b1n0:46711:46736 [0] NCCL INFO Channel 00/0 : 76[7000] -> 72[7000] [send] via NET/AWS Libfabric/3
x3212c0s25b0n0:53669:53693 [1] NCCL INFO Channel 00/0 : 121[46000] -> 116[7000] [send] via NET/AWS Libfabric/3
x3211c0s13b1n0:4804:4827 [3] NCCL INFO Channel 03/0 : 63[c7000] -> 127[c7000] [send] via NET/AWS Libfabric/1
x3210c0s31b1n0:1941:1966 [0] NCCL INFO Channel 00/0 : 56[7000] -> 48[7000] [receive] via NET/AWS Libfabric/3
x3209c0s37b1n0:24898:24917 [3] NCCL INFO Channel 01/0 : 15[c7000] -> 11[c7000] [receive] via NET/AWS Libfabric/1
x3210c0s13b1n0:15058:15082 [0] NCCL INFO Channel 02/0 : 20[7000] -> 13[46000] [send] via NET/AWS Libfabric/3
x3210c0s1b0n0:6789:6815 [0] NCCL INFO Channel 02/0 : 60[7000] -> 28[7000] [receive] via NET/AWS Libfabric/3
x3210c0s25b0n0:53289:53315 [0] NCCL INFO Channel 02/0 : 36[7000] -> 32[7000] [send] via NET/AWS Libfabric/3
x3210c0s13b0n0:65192:65213 [3] NCCL INFO Channel 01/0 : 27[c7000] -> 19[c7000] [receive] via NET/AWS Libfabric/1
x3211c0s25b1n0:10034:10056 [2] NCCL INFO Channel 00 : 86[85000] -> 85[46000] via P2P/IPC/read
x3211c0s1b1n0:46711:46736 [0] NCCL INFO Connected all trees
x3211c0s1b1n0:46711:46736 [0] NCCL INFO NCCL_NTHREADS set by environment to 64.
x3211c0s1b1n0:46711:46736 [0] NCCL INFO NCCL_PROTO set by environment to Simple
x3211c0s1b1n0:46711:46736 [0] NCCL INFO NCCL_ALGO set by environment to TREE
x3211c0s1b1n0:46711:46736 [0] NCCL INFO threadThresholds 8/8/64 | 1024/8/64 | 8/8/64 | 8/8/512
x3211c0s1b1n0:46711:46736 [0] NCCL INFO 4 coll channels, 4 p2p channels, 2 p2p channels per peer
x3210c0s1b1n0:39560:39578 [3] NCCL INFO Channel 03/0 : 39[c7000] -> 35[c7000] [receive] via NET/AWS Libfabric/1
x3210c0s13b0n0:65190:65212 [1] NCCL INFO Connected all trees
x3210c0s13b0n0:65190:65212 [1] NCCL INFO NCCL_NTHREADS set by environment to 64.
x3210c0s13b0n0:65190:65212 [1] NCCL INFO NCCL_PROTO set by environment to Simple
x3210c0s13b0n0:65190:65212 [1] NCCL INFO NCCL_ALGO set by environment to TREE
x3210c0s13b0n0:65190:65212 [1] NCCL INFO threadThresholds 8/8/64 | 1024/8/64 | 8/8/64 | 8/8/512
x3210c0s13b0n0:65190:65212 [1] NCCL INFO 4 coll channels, 4 p2p channels, 2 p2p channels per peer
x3210c0s13b0n0:65191:65215 [2] NCCL INFO Connected all trees
x3210c0s13b0n0:65191:65215 [2] NCCL INFO NCCL_NTHREADS set by environment to 64.
x3210c0s13b0n0:65191:65215 [2] NCCL INFO NCCL_PROTO set by environment to Simple
x3210c0s13b0n0:65191:65215 [2] NCCL INFO NCCL_ALGO set by environment to TREE
x3210c0s13b0n0:65191:65215 [2] NCCL INFO threadThresholds 8/8/64 | 1024/8/64 | 8/8/64 | 8/8/512
x3210c0s13b0n0:65191:65215 [2] NCCL INFO 4 coll channels, 4 p2p channels, 2 p2p channels per peer
x3211c0s31b1n0:35907:35928 [3] NCCL INFO Channel 03/0 : 95[c7000] -> 79[c7000] [send] via NET/AWS Libfabric/1
x3211c0s13b0n0:28139:28159 [3] NCCL INFO Channel 03/0 : 59[c7000] -> 54[85000] [send] via NET/AWS Libfabric/1
x3212c0s13b1n0:43791:43815 [2] NCCL INFO Channel 03/0 : 107[c7000] -> 102[85000] [receive] via NET/AWS Libfabric/1
x3211c0s25b0n0:34055:34080 [0] NCCL INFO Channel 00/0 : 88[7000] -> 80[7000] [receive] via NET/AWS Libfabric/3
x3212c0s19b1n0:18011:18036 [0] NCCL INFO Channel 02/0 : 93[46000] -> 108[7000] [receive] via NET/AWS Libfabric/3
x3211c0s1b0n0:48747:48773 [0] NCCL INFO Channel 02/0 : 72[7000] -> 69[46000] [send] via NET/AWS Libfabric/3
x3209c0s7b0n0:13328:13347 [2] NCCL INFO Channel 02 : 14[85000] -> 13[46000] via P2P/IPC/read
x3212c0s1b0n0:37000:37021 [2] NCCL INFO Channel 01/0 : 114[85000] -> 107[c7000] [send] via NET/AWS Libfabric/1
x3211c0s31b0n0:30428:30449 [3] NCCL INFO Channel 01/0 : 95[c7000] -> 91[c7000] [receive] via NET/AWS Libfabric/1
x3212c0s19b0n0:34946:34969 [3] NCCL INFO Channel 01/0 : 114[85000] -> 107[c7000] [receive] via NET/AWS Libfabric/1
x3212c0s1b1n0:11650:11675 [0] NCCL INFO Channel 02/0 : 109[46000] -> 116[7000] [receive] via NET/AWS Libfabric/3
x3211c0s1b0n0:48747:48773 [0] NCCL INFO Connected all trees
x3211c0s1b0n0:48747:48773 [0] NCCL INFO NCCL_NTHREADS set by environment to 64.
x3211c0s1b0n0:48747:48773 [0] NCCL INFO NCCL_PROTO set by environment to Simple
x3211c0s1b0n0:48747:48773 [0] NCCL INFO NCCL_ALGO set by environment to TREE
x3211c0s1b0n0:48747:48773 [0] NCCL INFO threadThresholds 8/8/64 | 1024/8/64 | 8/8/64 | 8/8/512
x3211c0s1b0n0:48747:48773 [0] NCCL INFO 4 coll channels, 4 p2p channels, 2 p2p channels per peer
x3210c0s13b0n0:65189:65214 [0] NCCL INFO Channel 00/0 : 33[46000] -> 16[7000] [receive] via NET/AWS Libfabric/3
x3212c0s25b0n0:53667:53692 [0] NCCL INFO Channel 00/0 : 112[7000] -> 120[7000] [receive] via NET/AWS Libfabric/3
x3211c0s25b1n0:10034:10056 [2] NCCL INFO Channel 02 : 86[85000] -> 85[46000] via P2P/IPC/read
x3212c0s19b1n0:18014:18034 [3] NCCL INFO Channel 03/0 : 94[85000] -> 111[c7000] [receive] via NET/AWS Libfabric/1
x3210c0s1b1n0:39560:39578 [3] NCCL INFO Connected all trees
x3210c0s1b1n0:39560:39578 [3] NCCL INFO NCCL_NTHREADS set by environment to 64.
x3210c0s1b1n0:39560:39578 [3] NCCL INFO NCCL_PROTO set by environment to Simple
x3210c0s1b1n0:39560:39578 [3] NCCL INFO NCCL_ALGO set by environment to TREE
x3210c0s1b1n0:39560:39578 [3] NCCL INFO threadThresholds 8/8/64 | 1024/8/64 | 8/8/64 | 8/8/512
x3210c0s1b1n0:39560:39578 [3] NCCL INFO 4 coll channels, 4 p2p channels, 2 p2p channels per peer
x3211c0s13b1n0:4803:4828 [2] NCCL INFO Channel 00 : 62[85000] -> 61[46000] via P2P/IPC/read
x3210c0s1b1n0:39555:39580 [0] NCCL INFO Channel 02/0 : 36[7000] -> 32[7000] [receive] via NET/AWS Libfabric/3
x3210c0s25b0n0:53292:53316 [3] NCCL INFO Channel 01/0 : 42[85000] -> 39[c7000] [receive] via NET/AWS Libfabric/1
x3212c0s13b1n0:43789:43813 [0] NCCL INFO Channel 02/0 : 108[7000] -> 100[7000] [receive] via NET/AWS Libfabric/3
x3212c0s1b0n0:37000:37021 [2] NCCL INFO Channel 00 : 114[85000] -> 113[46000] via P2P/IPC/read
x3212c0s1b0n0:37001:37023 [3] NCCL INFO Channel 01/0 : 99[c7000] -> 115[c7000] [receive] via NET/AWS Libfabric/1
x3211c0s31b1n0:35905:35929 [1] NCCL INFO Channel 02/0 : 108[7000] -> 93[46000] [receive] via NET/AWS Libfabric/3
x3212c0s13b0n0:19524:19547 [1] NCCL INFO Connected all trees
x3212c0s13b0n0:19524:19547 [1] NCCL INFO NCCL_NTHREADS set by environment to 64.
x3212c0s13b0n0:19524:19547 [1] NCCL INFO NCCL_PROTO set by environment to Simple
x3212c0s13b0n0:19524:19547 [1] NCCL INFO NCCL_ALGO set by environment to TREE
x3212c0s13b0n0:19524:19547 [1] NCCL INFO threadThresholds 8/8/64 | 1024/8/64 | 8/8/64 | 8/8/512
x3212c0s13b0n0:19524:19547 [1] NCCL INFO 4 coll channels, 4 p2p channels, 2 p2p channels per peer
x3212c0s13b0n0:19525:19548 [2] NCCL INFO Connected all trees
x3212c0s13b0n0:19525:19548 [2] NCCL INFO NCCL_NTHREADS set by environment to 64.
x3212c0s13b0n0:19525:19548 [2] NCCL INFO NCCL_PROTO set by environment to Simple
x3212c0s13b0n0:19525:19548 [2] NCCL INFO NCCL_ALGO set by environment to TREE
x3212c0s13b0n0:19525:19548 [2] NCCL INFO threadThresholds 8/8/64 | 1024/8/64 | 8/8/64 | 8/8/512
x3212c0s13b0n0:19525:19548 [2] NCCL INFO 4 coll channels, 4 p2p channels, 2 p2p channels per peer
x3211c0s13b0n0:28136:28162 [0] NCCL INFO Channel 00/0 : 60[7000] -> 56[7000] [receive] via NET/AWS Libfabric/3
x3210c0s13b1n0:15058:15082 [0] NCCL INFO Channel 00/0 : 25[46000] -> 20[7000] [receive] via NET/AWS Libfabric/3
x3211c0s19b1n0:30523:30548 [0] NCCL INFO Channel 02/0 : 68[7000] -> 64[7000] [send] via NET/AWS Libfabric/3
x3212c0s31b0n0:3973:3997 [0] NCCL INFO Channel 02/0 : 124[7000] -> 60[7000] [send] via NET/AWS Libfabric/3
x3210c0s19b1n0:16204:16227 [3] NCCL INFO Channel 03/0 : 27[c7000] -> 22[85000] [send] via NET/AWS Libfabric/1
x3212c0s25b0n0:53672:53691 [3] NCCL INFO Channel 01/0 : 123[c7000] -> 115[c7000] [send] via NET/AWS Libfabric/1
x3210c0s37b0n0:21640:21664 [2] NCCL INFO Channel 00 : 54[85000] -> 53[46000] via P2P/IPC/read
x3211c0s25b0n0:34058:34081 [3] NCCL INFO Channel 03/0 : 87[c7000] -> 83[c7000] [receive] via NET/AWS Libfabric/1
x3210c0s25b1n0:60780:60803 [2] NCCL INFO Channel 00 : 42[85000] -> 41[46000] via P2P/IPC/read
x3211c0s13b1n0:4803:4828 [2] NCCL INFO Channel 02 : 62[85000] -> 61[46000] via P2P/IPC/read
x3210c0s1b1n0:39556:39577 [1] NCCL INFO Channel 00/0 : 33[46000] -> 16[7000] [send] via NET/AWS Libfabric/3
x3210c0s25b0n0:53292:53316 [3] NCCL INFO Connected all trees
x3210c0s25b0n0:53292:53316 [3] NCCL INFO NCCL_NTHREADS set by environment to 64.
x3210c0s25b0n0:53292:53316 [3] NCCL INFO NCCL_PROTO set by environment to Simple
x3210c0s25b0n0:53292:53316 [3] NCCL INFO NCCL_ALGO set by environment to TREE
x3210c0s25b0n0:53292:53316 [3] NCCL INFO threadThresholds 8/8/64 | 1024/8/64 | 8/8/64 | 8/8/512
x3210c0s25b0n0:53292:53316 [3] NCCL INFO 4 coll channels, 4 p2p channels, 2 p2p channels per peer
x3210c0s25b0n0:53289:53315 [0] NCCL INFO Connected all trees
x3210c0s25b0n0:53289:53315 [0] NCCL INFO NCCL_NTHREADS set by environment to 64.
x3210c0s25b0n0:53289:53315 [0] NCCL INFO NCCL_PROTO set by environment to Simple
x3210c0s25b0n0:53289:53315 [0] NCCL INFO NCCL_ALGO set by environment to TREE
x3210c0s25b0n0:53289:53315 [0] NCCL INFO threadThresholds 8/8/64 | 1024/8/64 | 8/8/64 | 8/8/512
x3210c0s25b0n0:53289:53315 [0] NCCL INFO 4 coll channels, 4 p2p channels, 2 p2p channels per peer
x3211c0s19b1n0:30524:30547 [1] NCCL INFO Connected all trees
x3211c0s19b1n0:30524:30547 [1] NCCL INFO NCCL_NTHREADS set by environment to 64.
x3211c0s19b1n0:30524:30547 [1] NCCL INFO NCCL_PROTO set by environment to Simple
x3211c0s19b1n0:30524:30547 [1] NCCL INFO NCCL_ALGO set by environment to TREE
x3211c0s19b1n0:30524:30547 [1] NCCL INFO threadThresholds 8/8/64 | 1024/8/64 | 8/8/64 | 8/8/512
x3211c0s19b1n0:30524:30547 [1] NCCL INFO 4 coll channels, 4 p2p channels, 2 p2p channels per peer
x3211c0s19b1n0:30525:30549 [2] NCCL INFO Connected all trees
x3211c0s19b1n0:30525:30549 [2] NCCL INFO NCCL_NTHREADS set by environment to 64.
x3211c0s19b1n0:30525:30549 [2] NCCL INFO NCCL_PROTO set by environment to Simple
x3211c0s19b1n0:30525:30549 [2] NCCL INFO NCCL_ALGO set by environment to TREE
x3211c0s19b1n0:30525:30549 [2] NCCL INFO threadThresholds 8/8/64 | 1024/8/64 | 8/8/64 | 8/8/512
x3211c0s19b1n0:30525:30549 [2] NCCL INFO 4 coll channels, 4 p2p channels, 2 p2p channels per peer
x3212c0s1b0n0:37000:37021 [2] NCCL INFO Channel 02 : 114[85000] -> 113[46000] via P2P/IPC/read
x3211c0s1b1n0:46714:46733 [3] NCCL INFO Channel 03/0 : 79[c7000] -> 71[c7000] [send] via NET/AWS Libfabric/1
x3211c0s31b1n0:35907:35928 [3] NCCL INFO Channel 01/0 : 95[c7000] -> 91[c7000] [send] via NET/AWS Libfabric/1
x3212c0s19b1n0:18012:18035 [1] NCCL INFO Channel 02/0 : 116[7000] -> 109[46000] [receive] via NET/AWS Libfabric/3
x3211c0s13b1n0:4801:4825 [0] NCCL INFO Channel 02/0 : 124[7000] -> 60[7000] [receive] via NET/AWS Libfabric/3
x3210c0s13b1n0:15062:15084 [2] NCCL INFO Channel 00 : 22[85000] -> 21[46000] via P2P/IPC/read
x3211c0s31b0n0:30425:30450 [0] NCCL INFO Channel 00/0 : 92[7000] -> 88[7000] [receive] via NET/AWS Libfabric/3
x3212c0s19b0n0:34946:34969 [3] NCCL INFO Channel 03/0 : 107[c7000] -> 102[85000] [send] via NET/AWS Libfabric/1
x3211c0s25b0n0:34058:34081 [3] NCCL INFO Connected all trees
x3211c0s25b0n0:34058:34081 [3] NCCL INFO NCCL_NTHREADS set by environment to 64.
x3211c0s25b0n0:34058:34081 [3] NCCL INFO NCCL_PROTO set by environment to Simple
x3211c0s25b0n0:34058:34081 [3] NCCL INFO NCCL_ALGO set by environment to TREE
x3211c0s25b0n0:34058:34081 [3] NCCL INFO threadThresholds 8/8/64 | 1024/8/64 | 8/8/64 | 8/8/512
x3211c0s25b0n0:34058:34081 [3] NCCL INFO 4 coll channels, 4 p2p channels, 2 p2p channels per peer
x3212c0s19b1n0:18011:18036 [0] NCCL INFO Channel 02/0 : 108[7000] -> 93[46000] [send] via NET/AWS Libfabric/3
x3210c0s1b1n0:39555:39580 [0] NCCL INFO Connected all trees
x3210c0s1b1n0:39555:39580 [0] NCCL INFO NCCL_NTHREADS set by environment to 64.
x3210c0s1b1n0:39555:39580 [0] NCCL INFO NCCL_PROTO set by environment to Simple
x3210c0s1b1n0:39555:39580 [0] NCCL INFO NCCL_ALGO set by environment to TREE
x3210c0s1b1n0:39555:39580 [0] NCCL INFO threadThresholds 8/8/64 | 1024/8/64 | 8/8/64 | 8/8/512
x3210c0s1b1n0:39555:39580 [0] NCCL INFO 4 coll channels, 4 p2p channels, 2 p2p channels per peer
x3211c0s13b0n0:28139:28159 [3] NCCL INFO Channel 01/0 : 63[c7000] -> 59[c7000] [receive] via NET/AWS Libfabric/1
x3210c0s31b1n0:1944:1967 [3] NCCL INFO Channel 03/0 : 55[c7000] -> 51[c7000] [receive] via NET/AWS Libfabric/1
x3209c0s7b0n0:13327:13346 [1] NCCL INFO Connected all trees
x3209c0s7b0n0:13327:13346 [1] NCCL INFO NCCL_NTHREADS set by environment to 64.
x3209c0s7b0n0:13327:13346 [1] NCCL INFO NCCL_PROTO set by environment to Simple
x3209c0s7b0n0:13327:13346 [1] NCCL INFO NCCL_ALGO set by environment to TREE
x3209c0s7b0n0:13327:13346 [1] NCCL INFO threadThresholds 8/8/64 | 1024/8/64 | 8/8/64 | 8/8/512
x3209c0s7b0n0:13327:13346 [1] NCCL INFO 4 coll channels, 4 p2p channels, 2 p2p channels per peer
x3209c0s7b0n0:13328:13347 [2] NCCL INFO Connected all trees
x3209c0s7b0n0:13328:13347 [2] NCCL INFO NCCL_NTHREADS set by environment to 64.
x3209c0s7b0n0:13328:13347 [2] NCCL INFO NCCL_PROTO set by environment to Simple
x3209c0s7b0n0:13328:13347 [2] NCCL INFO NCCL_ALGO set by environment to TREE
x3209c0s7b0n0:13328:13347 [2] NCCL INFO threadThresholds 8/8/64 | 1024/8/64 | 8/8/64 | 8/8/512
x3209c0s7b0n0:13328:13347 [2] NCCL INFO 4 coll channels, 4 p2p channels, 2 p2p channels per peer
x3210c0s37b0n0:21640:21664 [2] NCCL INFO Channel 02 : 54[85000] -> 53[46000] via P2P/IPC/read
x3211c0s31b1n0:35907:35928 [3] NCCL INFO Connected all trees
x3211c0s31b1n0:35907:35928 [3] NCCL INFO NCCL_NTHREADS set by environment to 64.
x3211c0s31b1n0:35907:35928 [3] NCCL INFO NCCL_PROTO set by environment to Simple
x3211c0s31b1n0:35907:35928 [3] NCCL INFO NCCL_ALGO set by environment to TREE
x3211c0s31b1n0:35907:35928 [3] NCCL INFO threadThresholds 8/8/64 | 1024/8/64 | 8/8/64 | 8/8/512
x3211c0s31b1n0:35907:35928 [3] NCCL INFO 4 coll channels, 4 p2p channels, 2 p2p channels per peer
x3212c0s1b0n0:36998:37022 [0] NCCL INFO Channel 00/0 : 96[7000] -> 112[7000] [receive] via NET/AWS Libfabric/3
x3210c0s25b1n0:60780:60803 [2] NCCL INFO Channel 02 : 42[85000] -> 41[46000] via P2P/IPC/read
x3211c0s31b0n0:30428:30449 [3] NCCL INFO Connected all trees
x3211c0s31b0n0:30428:30449 [3] NCCL INFO NCCL_NTHREADS set by environment to 64.
x3211c0s31b0n0:30428:30449 [3] NCCL INFO NCCL_PROTO set by environment to Simple
x3211c0s31b0n0:30428:30449 [3] NCCL INFO NCCL_ALGO set by environment to TREE
x3211c0s31b0n0:30428:30449 [3] NCCL INFO threadThresholds 8/8/64 | 1024/8/64 | 8/8/64 | 8/8/512
x3211c0s31b0n0:30428:30449 [3] NCCL INFO 4 coll channels, 4 p2p channels, 2 p2p channels per peer
x3211c0s13b1n0:4803:4828 [2] NCCL INFO Connected all trees
x3211c0s13b1n0:4803:4828 [2] NCCL INFO NCCL_NTHREADS set by environment to 64.
x3211c0s13b1n0:4803:4828 [2] NCCL INFO NCCL_PROTO set by environment to Simple
x3211c0s13b1n0:4803:4828 [2] NCCL INFO NCCL_ALGO set by environment to TREE
x3211c0s13b1n0:4803:4828 [2] NCCL INFO threadThresholds 8/8/64 | 1024/8/64 | 8/8/64 | 8/8/512
x3211c0s13b1n0:4803:4828 [2] NCCL INFO 4 coll channels, 4 p2p channels, 2 p2p channels per peer
x3211c0s31b1n0:35904:35927 [0] NCCL INFO Connected all trees
x3211c0s31b1n0:35904:35927 [0] NCCL INFO NCCL_NTHREADS set by environment to 64.
x3211c0s31b1n0:35904:35927 [0] NCCL INFO NCCL_PROTO set by environment to Simple
x3211c0s31b1n0:35904:35927 [0] NCCL INFO NCCL_ALGO set by environment to TREE
x3211c0s31b1n0:35904:35927 [0] NCCL INFO threadThresholds 8/8/64 | 1024/8/64 | 8/8/64 | 8/8/512
x3211c0s31b1n0:35904:35927 [0] NCCL INFO 4 coll channels, 4 p2p channels, 2 p2p channels per peer
x3211c0s25b0n0:34055:34080 [0] NCCL INFO Channel 02/0 : 84[7000] -> 80[7000] [receive] via NET/AWS Libfabric/3
x3211c0s13b1n0:4804:4827 [3] NCCL INFO Channel 03/0 : 63[c7000] -> 31[c7000] [send] via NET/AWS Libfabric/1
x3211c0s13b1n0:4802:4826 [1] NCCL INFO Connected all trees
x3211c0s13b1n0:4802:4826 [1] NCCL INFO NCCL_NTHREADS set by environment to 64.
x3211c0s13b1n0:4802:4826 [1] NCCL INFO NCCL_PROTO set by environment to Simple
x3211c0s13b1n0:4802:4826 [1] NCCL INFO NCCL_ALGO set by environment to TREE
x3211c0s13b1n0:4802:4826 [1] NCCL INFO threadThresholds 8/8/64 | 1024/8/64 | 8/8/64 | 8/8/512
x3211c0s13b1n0:4802:4826 [1] NCCL INFO 4 coll channels, 4 p2p channels, 2 p2p channels per peer
x3210c0s13b1n0:15062:15084 [2] NCCL INFO Channel 02 : 22[85000] -> 21[46000] via P2P/IPC/read
x3210c0s13b0n0:65192:65213 [3] NCCL INFO Channel 03/0 : 23[c7000] -> 19[c7000] [receive] via NET/AWS Libfabric/1
x3212c0s13b1n0:43791:43815 [2] NCCL INFO Channel 00 : 102[85000] -> 101[46000] via P2P/IPC/read
x3210c0s25b1n0:60779:60800 [1] NCCL INFO Connected all trees
x3210c0s25b1n0:60779:60800 [1] NCCL INFO NCCL_NTHREADS set by environment to 64.
x3210c0s25b1n0:60779:60800 [1] NCCL INFO NCCL_PROTO set by environment to Simple
x3210c0s25b1n0:60779:60800 [1] NCCL INFO NCCL_ALGO set by environment to TREE
x3210c0s25b1n0:60779:60800 [1] NCCL INFO threadThresholds 8/8/64 | 1024/8/64 | 8/8/64 | 8/8/512
x3210c0s25b1n0:60779:60800 [1] NCCL INFO 4 coll channels, 4 p2p channels, 2 p2p channels per peer
x3210c0s25b1n0:60780:60803 [2] NCCL INFO Connected all trees
x3210c0s25b1n0:60780:60803 [2] NCCL INFO NCCL_NTHREADS set by environment to 64.
x3210c0s25b1n0:60780:60803 [2] NCCL INFO NCCL_PROTO set by environment to Simple
x3210c0s25b1n0:60780:60803 [2] NCCL INFO NCCL_ALGO set by environment to TREE
x3210c0s25b1n0:60780:60803 [2] NCCL INFO threadThresholds 8/8/64 | 1024/8/64 | 8/8/64 | 8/8/512
x3210c0s25b1n0:60780:60803 [2] NCCL INFO 4 coll channels, 4 p2p channels, 2 p2p channels per peer
x3210c0s19b1n0:16204:16227 [3] NCCL INFO Channel 01/0 : 31[c7000] -> 27[c7000] [receive] via NET/AWS Libfabric/1
x3210c0s13b0n0:65189:65214 [0] NCCL INFO Channel 00/0 : 24[7000] -> 16[7000] [receive] via NET/AWS Libfabric/3
x3212c0s19b1n0:18011:18036 [0] NCCL INFO Channel 02/0 : 108[7000] -> 100[7000] [send] via NET/AWS Libfabric/3
x3212c0s1b0n0:36999:37020 [1] NCCL INFO Connected all trees
x3212c0s1b0n0:36999:37020 [1] NCCL INFO NCCL_NTHREADS set by environment to 64.
x3212c0s1b0n0:36999:37020 [1] NCCL INFO NCCL_PROTO set by environment to Simple
x3212c0s1b0n0:36999:37020 [1] NCCL INFO NCCL_ALGO set by environment to TREE
x3212c0s1b0n0:36999:37020 [1] NCCL INFO threadThresholds 8/8/64 | 1024/8/64 | 8/8/64 | 8/8/512
x3212c0s1b0n0:36999:37020 [1] NCCL INFO 4 coll channels, 4 p2p channels, 2 p2p channels per peer
x3212c0s1b0n0:37000:37021 [2] NCCL INFO Connected all trees
x3212c0s1b0n0:37000:37021 [2] NCCL INFO NCCL_NTHREADS set by environment to 64.
x3212c0s1b0n0:37000:37021 [2] NCCL INFO NCCL_PROTO set by environment to Simple
x3212c0s1b0n0:37000:37021 [2] NCCL INFO NCCL_ALGO set by environment to TREE
x3212c0s1b0n0:37000:37021 [2] NCCL INFO threadThresholds 8/8/64 | 1024/8/64 | 8/8/64 | 8/8/512
x3212c0s1b0n0:37000:37021 [2] NCCL INFO 4 coll channels, 4 p2p channels, 2 p2p channels per peer
x3212c0s1b1n0:11650:11675 [0] NCCL INFO Channel 02/0 : 116[7000] -> 109[46000] [send] via NET/AWS Libfabric/3
x3212c0s19b0n0:34946:34969 [3] NCCL INFO Channel 01/0 : 111[c7000] -> 107[c7000] [receive] via NET/AWS Libfabric/1
x3210c0s13b1n0:15058:15082 [0] NCCL INFO Channel 02/0 : 20[7000] -> 16[7000] [send] via NET/AWS Libfabric/3
x3210c0s25b0n0:53290:53317 [1] NCCL INFO comm 0x1489616b1010 rank 37 nranks 128 cudaDev 1 busId 46000 - Init COMPLETE
x3210c0s25b0n0:53292:53316 [3] NCCL INFO comm 0x14e3f0259010 rank 39 nranks 128 cudaDev 3 busId c7000 - Init COMPLETE
x3210c0s25b0n0:53289:53315 [0] NCCL INFO comm 0x14971045a010 rank 36 nranks 128 cudaDev 0 busId 7000 - Init COMPLETE
x3210c0s25b0n0:53291:53314 [2] NCCL INFO comm 0x14ba4845a010 rank 38 nranks 128 cudaDev 2 busId 85000 - Init COMPLETE
x3211c0s19b1n0:30526:30546 [3] NCCL INFO Channel 03/0 : 71[c7000] -> 67[c7000] [send] via NET/AWS Libfabric/1
x3212c0s31b0n0:3976:3996 [3] NCCL INFO Channel 01/0 : 127[c7000] -> 123[c7000] [send] via NET/AWS Libfabric/1
x3210c0s31b1n0:1941:1966 [0] NCCL INFO Channel 02/0 : 52[7000] -> 48[7000] [receive] via NET/AWS Libfabric/3
x3210c0s31b1n0:1944:1967 [3] NCCL INFO Connected all trees
x3210c0s31b1n0:1944:1967 [3] NCCL INFO NCCL_NTHREADS set by environment to 64.
x3210c0s31b1n0:1944:1967 [3] NCCL INFO NCCL_PROTO set by environment to Simple
x3210c0s31b1n0:1944:1967 [3] NCCL INFO NCCL_ALGO set by environment to TREE
x3210c0s31b1n0:1944:1967 [3] NCCL INFO threadThresholds 8/8/64 | 1024/8/64 | 8/8/64 | 8/8/512
x3210c0s31b1n0:1944:1967 [3] NCCL INFO 4 coll channels, 4 p2p channels, 2 p2p channels per peer
x3211c0s25b0n0:34055:34080 [0] NCCL INFO Connected all trees
x3211c0s25b0n0:34055:34080 [0] NCCL INFO NCCL_NTHREADS set by environment to 64.
x3211c0s25b0n0:34055:34080 [0] NCCL INFO NCCL_PROTO set by environment to Simple
x3211c0s25b0n0:34055:34080 [0] NCCL INFO NCCL_ALGO set by environment to TREE
x3211c0s25b0n0:34055:34080 [0] NCCL INFO threadThresholds 8/8/64 | 1024/8/64 | 8/8/64 | 8/8/512
x3211c0s25b0n0:34055:34080 [0] NCCL INFO 4 coll channels, 4 p2p channels, 2 p2p channels per peer
x3211c0s25b1n0:10032:10057 [0] NCCL INFO Connected all trees
x3211c0s25b1n0:10032:10057 [0] NCCL INFO NCCL_NTHREADS set by environment to 64.
x3211c0s25b1n0:10032:10057 [0] NCCL INFO NCCL_PROTO set by environment to Simple
x3211c0s25b1n0:10032:10057 [0] NCCL INFO NCCL_ALGO set by environment to TREE
x3211c0s25b1n0:10032:10057 [0] NCCL INFO threadThresholds 8/8/64 | 1024/8/64 | 8/8/64 | 8/8/512
x3211c0s25b1n0:10032:10057 [0] NCCL INFO 4 coll channels, 4 p2p channels, 2 p2p channels per peer
x3212c0s25b0n0:53667:53692 [0] NCCL INFO Channel 00/0 : 120[7000] -> 112[7000] [send] via NET/AWS Libfabric/3
x3211c0s1b1n0:46714:46733 [3] NCCL INFO Channel 01/0 : 79[c7000] -> 75[c7000] [send] via NET/AWS Libfabric/1
x3212c0s13b0n0:19526:19549 [3] NCCL INFO Channel 01/0 : 67[c7000] -> 99[c7000] [receive] via NET/AWS Libfabric/1
x3212c0s1b0n0:37001:37023 [3] NCCL INFO Channel 01/0 : 115[c7000] -> 99[c7000] [send] via NET/AWS Libfabric/1
x3211c0s25b1n0:10035:10058 [3] NCCL INFO Channel 01/0 : 90[85000] -> 87[c7000] [receive] via NET/AWS Libfabric/1
x3212c0s13b1n0:43791:43815 [2] NCCL INFO Channel 02 : 102[85000] -> 101[46000] via P2P/IPC/read
x3210c0s13b0n0:65192:65213 [3] NCCL INFO Connected all trees
x3210c0s13b0n0:65192:65213 [3] NCCL INFO NCCL_NTHREADS set by environment to 64.
x3210c0s13b0n0:65192:65213 [3] NCCL INFO NCCL_PROTO set by environment to Simple
x3210c0s13b0n0:65192:65213 [3] NCCL INFO NCCL_ALGO set by environment to TREE
x3210c0s13b0n0:65192:65213 [3] NCCL INFO threadThresholds 8/8/64 | 1024/8/64 | 8/8/64 | 8/8/512
x3210c0s13b0n0:65192:65213 [3] NCCL INFO 4 coll channels, 4 p2p channels, 2 p2p channels per peer
x3211c0s13b1n0:4801:4825 [0] NCCL INFO Channel 02/0 : 60[7000] -> 124[7000] [send] via NET/AWS Libfabric/3
x3211c0s13b1n0:4804:4827 [3] NCCL INFO Channel 01/0 : 63[c7000] -> 59[c7000] [send] via NET/AWS Libfabric/1
x3211c0s1b1n0:46714:46733 [3] NCCL INFO Connected all trees
x3211c0s1b1n0:46714:46733 [3] NCCL INFO NCCL_NTHREADS set by environment to 64.
x3211c0s1b1n0:46714:46733 [3] NCCL INFO NCCL_PROTO set by environment to Simple
x3211c0s1b1n0:46714:46733 [3] NCCL INFO NCCL_ALGO set by environment to TREE
x3211c0s1b1n0:46714:46733 [3] NCCL INFO threadThresholds 8/8/64 | 1024/8/64 | 8/8/64 | 8/8/512
x3211c0s1b1n0:46714:46733 [3] NCCL INFO 4 coll channels, 4 p2p channels, 2 p2p channels per peer
x3212c0s19b1n0:18014:18034 [3] NCCL INFO Channel 03/0 : 111[c7000] -> 94[85000] [send] via NET/AWS Libfabric/1
x3210c0s37b0n0:21638:21661 [0] NCCL INFO Connected all trees
x3210c0s37b0n0:21638:21661 [0] NCCL INFO NCCL_NTHREADS set by environment to 64.
x3210c0s37b0n0:21638:21661 [0] NCCL INFO NCCL_PROTO set by environment to Simple
x3210c0s37b0n0:21638:21661 [0] NCCL INFO NCCL_ALGO set by environment to TREE
x3210c0s37b0n0:21638:21661 [0] NCCL INFO threadThresholds 8/8/64 | 1024/8/64 | 8/8/64 | 8/8/512
x3210c0s37b0n0:21638:21661 [0] NCCL INFO 4 coll channels, 4 p2p channels, 2 p2p channels per peer
x3210c0s1b1n0:39556:39577 [1] NCCL INFO Connected all trees
x3210c0s1b1n0:39556:39577 [1] NCCL INFO NCCL_NTHREADS set by environment to 64.
x3210c0s1b1n0:39556:39577 [1] NCCL INFO NCCL_PROTO set by environment to Simple
x3210c0s1b1n0:39556:39577 [1] NCCL INFO NCCL_ALGO set by environment to TREE
x3210c0s1b1n0:39556:39577 [1] NCCL INFO threadThresholds 8/8/64 | 1024/8/64 | 8/8/64 | 8/8/512
x3210c0s1b1n0:39556:39577 [1] NCCL INFO 4 coll channels, 4 p2p channels, 2 p2p channels per peer
x3210c0s1b1n0:39558:39579 [2] NCCL INFO Connected all trees
x3210c0s1b1n0:39558:39579 [2] NCCL INFO NCCL_NTHREADS set by environment to 64.
x3210c0s1b1n0:39558:39579 [2] NCCL INFO NCCL_PROTO set by environment to Simple
x3210c0s1b1n0:39558:39579 [2] NCCL INFO NCCL_ALGO set by environment to TREE
x3210c0s1b1n0:39558:39579 [2] NCCL INFO threadThresholds 8/8/64 | 1024/8/64 | 8/8/64 | 8/8/512
x3210c0s1b1n0:39558:39579 [2] NCCL INFO 4 coll channels, 4 p2p channels, 2 p2p channels per peer
x3211c0s31b0n0:30427:30448 [2] NCCL INFO Channel 00 : 90[85000] -> 89[46000] via P2P/IPC/read
x3210c0s31b1n0:1941:1966 [0] NCCL INFO Connected all trees
x3210c0s31b1n0:1941:1966 [0] NCCL INFO NCCL_NTHREADS set by environment to 64.
x3210c0s31b1n0:1941:1966 [0] NCCL INFO NCCL_PROTO set by environment to Simple
x3210c0s31b1n0:1941:1966 [0] NCCL INFO NCCL_ALGO set by environment to TREE
x3210c0s31b1n0:1941:1966 [0] NCCL INFO threadThresholds 8/8/64 | 1024/8/64 | 8/8/64 | 8/8/512
x3210c0s31b1n0:1941:1966 [0] NCCL INFO 4 coll channels, 4 p2p channels, 2 p2p channels per peer
x3211c0s13b1n0:4804:4827 [3] NCCL INFO Connected all trees
x3211c0s13b1n0:4804:4827 [3] NCCL INFO NCCL_NTHREADS set by environment to 64.
x3211c0s13b1n0:4804:4827 [3] NCCL INFO NCCL_PROTO set by environment to Simple
x3211c0s13b1n0:4804:4827 [3] NCCL INFO NCCL_ALGO set by environment to TREE
x3211c0s13b1n0:4804:4827 [3] NCCL INFO threadThresholds 8/8/64 | 1024/8/64 | 8/8/64 | 8/8/512
x3211c0s13b1n0:4804:4827 [3] NCCL INFO 4 coll channels, 4 p2p channels, 2 p2p channels per peer
x3211c0s1b0n0:48750:48772 [3] NCCL INFO Connected all trees
x3212c0s1b1n0:11650:11675 [0] NCCL INFO Channel 00/0 : 121[46000] -> 116[7000] [receive] via NET/AWS Libfabric/3
x3211c0s25b1n0:10035:10058 [3] NCCL INFO Connected all trees
x3211c0s25b1n0:10035:10058 [3] NCCL INFO NCCL_NTHREADS set by environment to 64.
x3211c0s25b1n0:10035:10058 [3] NCCL INFO NCCL_PROTO set by environment to Simple
x3211c0s25b1n0:10035:10058 [3] NCCL INFO NCCL_ALGO set by environment to TREE
x3211c0s25b1n0:10035:10058 [3] NCCL INFO threadThresholds 8/8/64 | 1024/8/64 | 8/8/64 | 8/8/512
x3211c0s25b1n0:10035:10058 [3] NCCL INFO 4 coll channels, 4 p2p channels, 2 p2p channels per peer
x3211c0s31b0n0:30425:30450 [0] NCCL INFO Channel 02/0 : 88[7000] -> 85[46000] [send] via NET/AWS Libfabric/3
x3211c0s25b0n0:34055:34080 [0] NCCL INFO comm 0x1526796b1010 rank 80 nranks 128 cudaDev 0 busId 7000 - Init COMPLETE
x3211c0s25b0n0:34058:34081 [3] NCCL INFO comm 0x14c3c645a010 rank 83 nranks 128 cudaDev 3 busId c7000 - Init COMPLETE
x3211c0s25b0n0:34056:34079 [1] NCCL INFO comm 0x14deec45a010 rank 81 nranks 128 cudaDev 1 busId 46000 - Init COMPLETE
x3211c0s25b0n0:34057:34078 [2] NCCL INFO comm 0x1541b645a010 rank 82 nranks 128 cudaDev 2 busId 85000 - Init COMPLETE
x3212c0s19b1n0:18011:18036 [0] NCCL INFO Channel 00/0 : 108[7000] -> 104[7000] [send] via NET/AWS Libfabric/3
x3211c0s1b0n0:48750:48772 [3] NCCL INFO NCCL_NTHREADS set by environment to 64.
x3211c0s1b0n0:48750:48772 [3] NCCL INFO NCCL_PROTO set by environment to Simple
x3211c0s1b0n0:48750:48772 [3] NCCL INFO NCCL_ALGO set by environment to TREE
x3211c0s1b0n0:48750:48772 [3] NCCL INFO threadThresholds 8/8/64 | 1024/8/64 | 8/8/64 | 8/8/512
x3211c0s1b0n0:48750:48772 [3] NCCL INFO 4 coll channels, 4 p2p channels, 2 p2p channels per peer
x3211c0s31b1n0:35906:35930 [2] NCCL INFO Channel 03/0 : 111[c7000] -> 94[85000] [receive] via NET/AWS Libfabric/1
x3212c0s13b1n0:43789:43813 [0] NCCL INFO Channel 00/0 : 105[46000] -> 100[7000] [receive] via NET/AWS Libfabric/3
x3210c0s1b0n0:6792:6812 [3] NCCL INFO Channel 03/0 : 31[c7000] -> 15[c7000] [send] via NET/AWS Libfabric/1
x3211c0s31b0n0:30425:30450 [0] NCCL INFO Connected all trees
x3211c0s31b0n0:30425:30450 [0] NCCL INFO NCCL_NTHREADS set by environment to 64.
x3211c0s31b0n0:30425:30450 [0] NCCL INFO NCCL_PROTO set by environment to Simple
x3211c0s31b0n0:30425:30450 [0] NCCL INFO NCCL_ALGO set by environment to TREE
x3211c0s31b0n0:30425:30450 [0] NCCL INFO threadThresholds 8/8/64 | 1024/8/64 | 8/8/64 | 8/8/512
x3211c0s31b0n0:30425:30450 [0] NCCL INFO 4 coll channels, 4 p2p channels, 2 p2p channels per peer
x3211c0s13b0n0:28139:28159 [3] NCCL INFO Connected all trees
x3211c0s13b0n0:28139:28159 [3] NCCL INFO NCCL_NTHREADS set by environment to 64.
x3211c0s13b0n0:28139:28159 [3] NCCL INFO NCCL_PROTO set by environment to Simple
x3211c0s13b0n0:28139:28159 [3] NCCL INFO NCCL_ALGO set by environment to TREE
x3211c0s13b0n0:28139:28159 [3] NCCL INFO threadThresholds 8/8/64 | 1024/8/64 | 8/8/64 | 8/8/512
x3211c0s13b0n0:28139:28159 [3] NCCL INFO 4 coll channels, 4 p2p channels, 2 p2p channels per peer
x3212c0s1b0n0:36998:37022 [0] NCCL INFO Channel 00/0 : 112[7000] -> 96[7000] [send] via NET/AWS Libfabric/3
x3210c0s37b0n0:21641:21663 [3] NCCL INFO Channel 01/0 : 58[85000] -> 55[c7000] [receive] via NET/AWS Libfabric/1
x3212c0s19b1n0:18011:18036 [0] NCCL INFO Connected all trees
x3212c0s19b1n0:18011:18036 [0] NCCL INFO NCCL_NTHREADS set by environment to 64.
x3212c0s19b1n0:18011:18036 [0] NCCL INFO NCCL_PROTO set by environment to Simple
x3212c0s19b1n0:18011:18036 [0] NCCL INFO NCCL_ALGO set by environment to TREE
x3212c0s19b1n0:18011:18036 [0] NCCL INFO threadThresholds 8/8/64 | 1024/8/64 | 8/8/64 | 8/8/512
x3212c0s19b1n0:18011:18036 [0] NCCL INFO 4 coll channels, 4 p2p channels, 2 p2p channels per peer
x3211c0s1b1n0:46712:46735 [1] NCCL INFO comm 0x150440f9b010 rank 77 nranks 128 cudaDev 1 busId 46000 - Init COMPLETE
x3211c0s1b1n0:46714:46733 [3] NCCL INFO comm 0x14b8fa45a010 rank 79 nranks 128 cudaDev 3 busId c7000 - Init COMPLETE
x3211c0s1b1n0:46711:46736 [0] NCCL INFO comm 0x14b0ec45a010 rank 76 nranks 128 cudaDev 0 busId 7000 - Init COMPLETE
x3211c0s1b1n0:46713:46734 [2] NCCL INFO comm 0x153041029010 rank 78 nranks 128 cudaDev 2 busId 85000 - Init COMPLETE
x3210c0s25b1n0:60778:60802 [0] NCCL INFO comm 0x147c20f9a010 rank 40 nranks 128 cudaDev 0 busId 7000 - Init COMPLETE
x3210c0s25b1n0:60779:60800 [1] NCCL INFO comm 0x145b9c45a010 rank 41 nranks 128 cudaDev 1 busId 46000 - Init COMPLETE
x3210c0s25b1n0:60780:60803 [2] NCCL INFO comm 0x150cd981a010 rank 42 nranks 128 cudaDev 2 busId 85000 - Init COMPLETE
x3210c0s25b1n0:60781:60801 [3] NCCL INFO comm 0x14b25c45a010 rank 43 nranks 128 cudaDev 3 busId c7000 - Init COMPLETE
x3210c0s13b1n0:15064:15083 [3] NCCL INFO Channel 01/0 : 26[85000] -> 23[c7000] [receive] via NET/AWS Libfabric/1
x3212c0s13b0n0:19523:19546 [0] NCCL INFO Channel 00/0 : 64[7000] -> 96[7000] [receive] via NET/AWS Libfabric/3
x3211c0s13b0n0:28138:28161 [2] NCCL INFO Channel 00 : 58[85000] -> 57[46000] via P2P/IPC/read
x3211c0s31b0n0:30427:30448 [2] NCCL INFO Channel 02 : 90[85000] -> 89[46000] via P2P/IPC/read
x3212c0s13b0n0:19526:19549 [3] NCCL INFO Channel 01/0 : 99[c7000] -> 67[c7000] [send] via NET/AWS Libfabric/1
x3211c0s19b0n0:51767:51786 [3] NCCL INFO Channel 01/0 : 3[c7000] -> 67[c7000] [receive] via NET/AWS Libfabric/1
x3210c0s37b0n0:21641:21663 [3] NCCL INFO Connected all trees
x3210c0s37b0n0:21641:21663 [3] NCCL INFO NCCL_NTHREADS set by environment to 64.
x3210c0s37b0n0:21641:21663 [3] NCCL INFO NCCL_PROTO set by environment to Simple
x3210c0s37b0n0:21641:21663 [3] NCCL INFO NCCL_ALGO set by environment to TREE
x3210c0s37b0n0:21641:21663 [3] NCCL INFO threadThresholds 8/8/64 | 1024/8/64 | 8/8/64 | 8/8/512
x3210c0s37b0n0:21641:21663 [3] NCCL INFO 4 coll channels, 4 p2p channels, 2 p2p channels per peer
x3211c0s13b0n0:28138:28161 [2] NCCL INFO Channel 02 : 58[85000] -> 57[46000] via P2P/IPC/read
x3210c0s13b0n0:65189:65214 [0] NCCL INFO Channel 02/0 : 20[7000] -> 16[7000] [receive] via NET/AWS Libfabric/3
x3210c0s1b1n0:39558:39579 [2] NCCL INFO comm 0x1515e045a010 rank 34 nranks 128 cudaDev 2 busId 85000 - Init COMPLETE
x3210c0s1b1n0:39560:39578 [3] NCCL INFO comm 0x148350ef6010 rank 35 nranks 128 cudaDev 3 busId c7000 - Init COMPLETE
x3210c0s1b1n0:39555:39580 [0] NCCL INFO comm 0x148d8a45a010 rank 32 nranks 128 cudaDev 0 busId 7000 - Init COMPLETE
x3210c0s1b1n0:39556:39577 [1] NCCL INFO comm 0x1515b181a010 rank 33 nranks 128 cudaDev 1 busId 46000 - Init COMPLETE
x3212c0s19b0n0:34943:34968 [0] NCCL INFO Channel 02/0 : 104[7000] -> 101[46000] [send] via NET/AWS Libfabric/3
x3210c0s31b1n0:1944:1967 [3] NCCL INFO comm 0x1534bc4d5010 rank 51 nranks 128 cudaDev 3 busId c7000 - Init COMPLETE
x3210c0s31b1n0:1941:1966 [0] NCCL INFO comm 0x1472fa45a010 rank 48 nranks 128 cudaDev 0 busId 7000 - Init COMPLETE
x3210c0s31b1n0:1942:1965 [1] NCCL INFO comm 0x15273045a010 rank 49 nranks 128 cudaDev 1 busId 46000 - Init COMPLETE
x3210c0s31b1n0:1943:1964 [2] NCCL INFO comm 0x1500001e8010 rank 50 nranks 128 cudaDev 2 busId 85000 - Init COMPLETE
x3212c0s19b1n0:18012:18035 [1] NCCL INFO Connected all trees
x3212c0s19b1n0:18012:18035 [1] NCCL INFO NCCL_NTHREADS set by environment to 64.
x3212c0s19b1n0:18012:18035 [1] NCCL INFO NCCL_PROTO set by environment to Simple
x3212c0s19b1n0:18012:18035 [1] NCCL INFO NCCL_ALGO set by environment to TREE
x3212c0s19b1n0:18012:18035 [1] NCCL INFO threadThresholds 8/8/64 | 1024/8/64 | 8/8/64 | 8/8/512
x3212c0s19b1n0:18012:18035 [1] NCCL INFO 4 coll channels, 4 p2p channels, 2 p2p channels per peer
x3212c0s19b1n0:18013:18033 [2] NCCL INFO Connected all trees
x3212c0s19b1n0:18013:18033 [2] NCCL INFO NCCL_NTHREADS set by environment to 64.
x3212c0s19b1n0:18013:18033 [2] NCCL INFO NCCL_PROTO set by environment to Simple
x3212c0s19b1n0:18013:18033 [2] NCCL INFO NCCL_ALGO set by environment to TREE
x3212c0s19b1n0:18013:18033 [2] NCCL INFO threadThresholds 8/8/64 | 1024/8/64 | 8/8/64 | 8/8/512
x3212c0s19b1n0:18013:18033 [2] NCCL INFO 4 coll channels, 4 p2p channels, 2 p2p channels per peer
x3210c0s13b1n0:15064:15083 [3] NCCL INFO Connected all trees
x3210c0s13b1n0:15064:15083 [3] NCCL INFO NCCL_NTHREADS set by environment to 64.
x3210c0s13b1n0:15064:15083 [3] NCCL INFO NCCL_PROTO set by environment to Simple
x3210c0s13b1n0:15064:15083 [3] NCCL INFO NCCL_ALGO set by environment to TREE
x3210c0s13b1n0:15064:15083 [3] NCCL INFO threadThresholds 8/8/64 | 1024/8/64 | 8/8/64 | 8/8/512
x3210c0s13b1n0:15064:15083 [3] NCCL INFO 4 coll channels, 4 p2p channels, 2 p2p channels per peer
x3211c0s31b1n0:35906:35930 [2] NCCL INFO Channel 00 : 94[85000] -> 93[46000] via P2P/IPC/read
x3210c0s19b1n0:16203:16224 [2] NCCL INFO Channel 00 : 26[85000] -> 25[46000] via P2P/IPC/read
x3211c0s31b1n0:35906:35930 [2] NCCL INFO Channel 02 : 94[85000] -> 93[46000] via P2P/IPC/read
x3212c0s31b0n0:3973:3997 [0] NCCL INFO Channel 00/0 : 124[7000] -> 120[7000] [send] via NET/AWS Libfabric/3
x3209c0s7b0n0:13329:13348 [3] NCCL INFO Channel 03/0 : 15[c7000] -> 7[c7000] [send] via NET/AWS Libfabric/1
x3210c0s13b0n0:65189:65214 [0] NCCL INFO Connected all trees
x3210c0s13b0n0:65189:65214 [0] NCCL INFO NCCL_NTHREADS set by environment to 64.
x3210c0s13b0n0:65189:65214 [0] NCCL INFO NCCL_PROTO set by environment to Simple
x3210c0s13b0n0:65189:65214 [0] NCCL INFO NCCL_ALGO set by environment to TREE
x3210c0s13b0n0:65189:65214 [0] NCCL INFO threadThresholds 8/8/64 | 1024/8/64 | 8/8/64 | 8/8/512
