x3210c0s13b1n0:27298:27323 [0] NCCL INFO Channel 00/0 : 56[7000] -> 60[7000] [send] via NET/AWS Libfabric/3
x3210c0s7b0n0:22485:22506 [1] NCCL INFO Channel 00 : 69[46000] -> 70[85000] via P2P/IPC/read
x3210c0s7b0n0:22485:22506 [1] NCCL INFO Channel 01 : 69[46000] -> 70[85000] via P2P/IPC/read
x3211c0s31b1n0:27350:27374 [2] NCCL INFO Channel 01 : 82[85000] -> 83[c7000] via P2P/IPC/read
x3211c0s37b1n0:41513:41536 [2] NCCL INFO Channel 01/0 : 87[c7000] -> 90[85000] [receive] via NET/AWS Libfabric/1
x3209c0s7b1n0:61323:61345 [2] NCCL INFO Channel 01 : 50[85000] -> 51[c7000] via P2P/IPC/read
x3209c0s31b1n0:20982:21005 [2] NCCL INFO Channel 00 : 34[85000] -> 35[c7000] via P2P/IPC/read
x3209c0s13b1n0:29512:29536 [1] NCCL INFO Channel 00 : 5[46000] -> 6[85000] via P2P/IPC/read
x3209c0s13b1n0:29512:29536 [1] NCCL INFO Channel 01 : 5[46000] -> 6[85000] via P2P/IPC/read
x3212c0s13b1n0:37229:37251 [1] NCCL INFO Channel 00 : 101[46000] -> 102[85000] via P2P/IPC/read
x3211c0s7b1n0:28942:28967 [1] NCCL INFO Channel 00/0 : 80[7000] -> 97[46000] [receive] via NET/AWS Libfabric/3
x3211c0s37b0n0:17182:17202 [2] NCCL INFO Channel 00 : 86[85000] -> 87[c7000] via P2P/IPC/read
x3211c0s37b0n0:17182:17202 [2] NCCL INFO Channel 01 : 86[85000] -> 87[c7000] via P2P/IPC/read
x3209c0s19b0n0:27376:27402 [0] NCCL INFO Channel 01 : 8[7000] -> 9[46000] via P2P/IPC/read
x3209c0s13b0n0:46157:46178 [2] NCCL INFO Channel 00 : 2[85000] -> 3[c7000] via P2P/IPC/read
x3209c0s31b1n0:20980:21003 [0] NCCL INFO Channel 01 : 32[7000] -> 33[46000] via P2P/IPC/read
x3212c0s1b1n0:11811:11835 [1] NCCL INFO Channel 00 : 113[46000] -> 114[85000] via P2P/IPC/read
x3209c0s13b0n0:46157:46178 [2] NCCL INFO Channel 01 : 2[85000] -> 3[c7000] via P2P/IPC/read
x3210c0s13b1n0:27301:27322 [3] NCCL INFO Channel 01/0 : 59[c7000] -> 63[c7000] [send] via NET/AWS Libfabric/1
x3210c0s13b0n0:32369:32392 [2] NCCL INFO Channel 00 : 54[85000] -> 55[c7000] via P2P/IPC/read
x3211c0s7b1n0:28941:28968 [0] NCCL INFO Channel 00/0 : 96[7000] -> 112[7000] [send] via NET/AWS Libfabric/3
x3209c0s37b0n0:7091:7115 [0] NCCL INFO Channel 00/0 : 36[7000] -> 41[46000] [send] via NET/AWS Libfabric/3
x3209c0s37b0n0:7093:7112 [2] NCCL INFO Channel 00 : 38[85000] -> 39[c7000] via P2P/IPC/read
x3209c0s37b0n0:7093:7112 [2] NCCL INFO Channel 01 : 38[85000] -> 39[c7000] via P2P/IPC/read
x3211c0s31b0n0:65327:65348 [2] NCCL INFO Channel 00 : 78[85000] -> 79[c7000] via P2P/IPC/read
x3211c0s31b0n0:65327:65348 [2] NCCL INFO Channel 01 : 78[85000] -> 79[c7000] via P2P/IPC/read
x3210c0s19b0n0:24456:24478 [1] NCCL INFO Channel 00 : 61[46000] -> 62[85000] via P2P/IPC/read
x3212c0s13b1n0:37231:37253 [2] NCCL INFO Channel 01 : 102[85000] -> 103[c7000] via P2P/IPC/read
x3209c0s7b1n0:61322:61346 [1] NCCL INFO Channel 00 : 49[46000] -> 50[85000] via P2P/IPC/read
x3209c0s7b1n0:61322:61346 [1] NCCL INFO Channel 01 : 49[46000] -> 50[85000] via P2P/IPC/read
x3209c0s37b0n0:7093:7112 [2] NCCL INFO Channel 00 : 38[85000] -> 37[46000] via P2P/IPC/read
x3209c0s31b1n0:20981:21006 [1] NCCL INFO Channel 00 : 33[46000] -> 34[85000] via P2P/IPC/read
x3209c0s31b1n0:20981:21006 [1] NCCL INFO Channel 01 : 33[46000] -> 34[85000] via P2P/IPC/read
x3209c0s13b0n0:46157:46178 [2] NCCL INFO Channel 00 : 2[85000] -> 1[46000] via P2P/IPC/read
x3210c0s7b0n0:22484:22509 [0] NCCL INFO Channel 01 : 68[7000] -> 69[46000] via P2P/IPC/read
x3212c0s25b1n0:61978:62003 [0] NCCL INFO Channel 00/0 : 120[7000] -> 124[7000] [send] via NET/AWS Libfabric/3
x3212c0s31b0n0:6191:6216 [1] NCCL INFO Channel 00 : 125[46000] -> 126[85000] via P2P/IPC/read
x3212c0s31b0n0:6191:6216 [1] NCCL INFO Channel 01 : 125[46000] -> 126[85000] via P2P/IPC/read
x3209c0s19b0n0:27377:27401 [1] NCCL INFO Channel 00 : 9[46000] -> 10[85000] via P2P/IPC/read
x3212c0s25b1n0:61979:62002 [1] NCCL INFO Channel 00/0 : 116[7000] -> 121[46000] [receive] via NET/AWS Libfabric/3
x3209c0s25b0n0:36570:36593 [3] NCCL INFO Channel 01/0 : 23[c7000] -> 26[85000] [send] via NET/AWS Libfabric/1
x3211c0s7b0n0:31331:31357 [1] NCCL INFO Channel 01 : 93[46000] -> 94[85000] via P2P/IPC/read
x3212c0s25b0n0:42460:42478 [2] NCCL INFO Channel 01 : 118[85000] -> 119[c7000] via P2P/IPC/read
x3211c0s7b0n0:31333:31354 [3] NCCL INFO Channel 01/0 : 91[c7000] -> 95[c7000] [receive] via NET/AWS Libfabric/1
x3211c0s7b1n0:28943:28965 [2] NCCL INFO Channel 01/0 : 83[c7000] -> 98[85000] [receive] via NET/AWS Libfabric/1
x3210c0s19b0n0:24457:24479 [2] NCCL INFO Channel 00 : 62[85000] -> 63[c7000] via P2P/IPC/read
x3210c0s19b0n0:24457:24479 [2] NCCL INFO Channel 01 : 62[85000] -> 63[c7000] via P2P/IPC/read
x3212c0s31b0n0:6192:6215 [2] NCCL INFO Channel 00 : 126[85000] -> 125[46000] via P2P/IPC/read
x3211c0s31b0n0:65327:65348 [2] NCCL INFO Channel 00 : 78[85000] -> 77[46000] via P2P/IPC/read
x3212c0s1b0n0:13402:13424 [3] NCCL INFO Channel 01/0 : 107[c7000] -> 111[c7000] [receive] via NET/AWS Libfabric/1
x3209c0s7b0n0:25268:25289 [2] NCCL INFO Channel 01 : 46[85000] -> 47[c7000] via P2P/IPC/read
x3212c0s31b0n0:6193:6214 [3] NCCL INFO Channel 01/0 : 123[c7000] -> 127[c7000] [receive] via NET/AWS Libfabric/1
x3210c0s7b1n0:28825:28850 [1] NCCL INFO Channel 00/0 : 68[7000] -> 73[46000] [receive] via NET/AWS Libfabric/3
x3209c0s19b1n0:29258:29278 [2] NCCL INFO Channel 01 : 14[85000] -> 15[c7000] via P2P/IPC/read
x3211c0s37b0n0:17181:17204 [1] NCCL INFO Channel 00 : 85[46000] -> 86[85000] via P2P/IPC/read
x3209c0s31b0n0:6713:6742 [2] NCCL INFO Channel 00 : 30[85000] -> 31[c7000] via P2P/IPC/read
x3210c0s13b1n0:27299:27325 [1] NCCL INFO Channel 00/0 : 52[7000] -> 57[46000] [receive] via NET/AWS Libfabric/3
x3211c0s37b1n0:41514:41534 [3] NCCL INFO Channel 01/0 : 91[c7000] -> 95[c7000] [send] via NET/AWS Libfabric/1
x3210c0s19b0n0:24456:24478 [1] NCCL INFO Channel 01 : 61[46000] -> 62[85000] via P2P/IPC/read
x3209c0s13b1n0:29513:29534 [2] NCCL INFO Channel 00 : 6[85000] -> 5[46000] via P2P/IPC/read
x3209c0s1b0n0:40702:40726 [2] NCCL INFO Channel 01/0 : 11[c7000] -> 18[85000] [receive] via NET/AWS Libfabric/1
x3209c0s13b1n0:29511:29537 [0] NCCL INFO Channel 00/0 : 4[7000] -> 9[46000] [send] via NET/AWS Libfabric/3
x3209c0s37b1n0:8684:8709 [1] NCCL INFO Channel 00/0 : 36[7000] -> 41[46000] [receive] via NET/AWS Libfabric/3
x3212c0s19b1n0:39180:39202 [2] NCCL INFO Channel 01 : 106[85000] -> 107[c7000] via P2P/IPC/read
x3212c0s25b1n0:61981:62000 [3] NCCL INFO Channel 01/0 : 123[c7000] -> 127[c7000] [send] via NET/AWS Libfabric/1
x3210c0s7b1n0:28826:28849 [2] NCCL INFO Channel 01/0 : 71[c7000] -> 74[85000] [receive] via NET/AWS Libfabric/1
x3211c0s37b0n0:17181:17204 [1] NCCL INFO Channel 01 : 85[46000] -> 86[85000] via P2P/IPC/read
x3212c0s19b1n0:39178:39205 [0] NCCL INFO Channel 00/0 : 104[7000] -> 108[7000] [send] via NET/AWS Libfabric/3
x3212c0s1b0n0:13400:13423 [1] NCCL INFO Connected all trees
x3212c0s1b0n0:13400:13423 [1] NCCL INFO NCCL_NTHREADS set by environment to 64.
x3212c0s1b0n0:13400:13423 [1] NCCL INFO NCCL_PROTO set by environment to Simple
x3212c0s1b0n0:13400:13423 [1] NCCL INFO NCCL_ALGO set by environment to Tree
x3212c0s1b0n0:13400:13423 [1] NCCL INFO threadThresholds 8/8/64 | 1024/8/64 | 8/8/512
x3212c0s1b0n0:13400:13423 [1] NCCL INFO 2 coll channels, 2 p2p channels, 2 p2p channels per peer
x3212c0s1b0n0:13401:13422 [2] NCCL INFO Connected all trees
x3212c0s1b0n0:13401:13422 [2] NCCL INFO NCCL_NTHREADS set by environment to 64.
x3212c0s1b0n0:13401:13422 [2] NCCL INFO NCCL_PROTO set by environment to Simple
x3212c0s1b0n0:13401:13422 [2] NCCL INFO NCCL_ALGO set by environment to Tree
x3212c0s1b0n0:13401:13422 [2] NCCL INFO threadThresholds 8/8/64 | 1024/8/64 | 8/8/512
x3212c0s1b0n0:13401:13422 [2] NCCL INFO 2 coll channels, 2 p2p channels, 2 p2p channels per peer
x3210c0s7b1n0:28824:28847 [0] NCCL INFO Channel 00/0 : 72[7000] -> 76[7000] [send] via NET/AWS Libfabric/3
x3211c0s37b0n0:17182:17202 [2] NCCL INFO Channel 00 : 86[85000] -> 85[46000] via P2P/IPC/read
x3209c0s31b1n0:20982:21005 [2] NCCL INFO Channel 01 : 34[85000] -> 35[c7000] via P2P/IPC/read
x3209c0s25b1n0:38179:38201 [1] NCCL INFO Channel 00 : 25[46000] -> 26[85000] via P2P/IPC/read
x3212c0s1b1n0:11811:11835 [1] NCCL INFO Channel 01 : 113[46000] -> 114[85000] via P2P/IPC/read
x3209c0s37b0n0:7094:7114 [3] NCCL INFO Channel 01/0 : 39[c7000] -> 42[85000] [send] via NET/AWS Libfabric/1
x3210c0s13b0n0:32369:32392 [2] NCCL INFO Channel 01 : 54[85000] -> 55[c7000] via P2P/IPC/read
x3209c0s37b1n0:8683:8710 [0] NCCL INFO Channel 00/0 : 40[7000] -> 44[7000] [send] via NET/AWS Libfabric/3
x3210c0s1b0n0:26882:26904 [1] NCCL INFO Channel 00 : 65[46000] -> 66[85000] via P2P/IPC/read
x3210c0s1b0n0:26882:26904 [1] NCCL INFO Channel 01 : 65[46000] -> 66[85000] via P2P/IPC/read
x3212c0s13b1n0:37229:37251 [1] NCCL INFO Channel 01 : 101[46000] -> 102[85000] via P2P/IPC/read
x3212c0s13b1n0:37232:37252 [3] NCCL INFO Channel 01/0 : 103[c7000] -> 106[85000] [send] via NET/AWS Libfabric/1
x3210c0s13b1n0:27300:27324 [2] NCCL INFO Channel 01/0 : 55[c7000] -> 58[85000] [receive] via NET/AWS Libfabric/1
x3209c0s25b1n0:38179:38201 [1] NCCL INFO Channel 01 : 25[46000] -> 26[85000] via P2P/IPC/read
x3209c0s25b1n0:38181:38203 [3] NCCL INFO Channel 01/0 : 27[c7000] -> 31[c7000] [send] via NET/AWS Libfabric/1
x3212c0s31b0n0:6191:6216 [1] NCCL INFO Connected all trees
x3212c0s31b0n0:6191:6216 [1] NCCL INFO NCCL_NTHREADS set by environment to 64.
x3212c0s31b0n0:6191:6216 [1] NCCL INFO NCCL_PROTO set by environment to Simple
x3212c0s31b0n0:6191:6216 [1] NCCL INFO NCCL_ALGO set by environment to Tree
x3212c0s31b0n0:6191:6216 [1] NCCL INFO threadThresholds 8/8/64 | 1024/8/64 | 8/8/512
x3212c0s31b0n0:6191:6216 [1] NCCL INFO 2 coll channels, 2 p2p channels, 2 p2p channels per peer
x3212c0s31b0n0:6192:6215 [2] NCCL INFO Connected all trees
x3212c0s31b0n0:6192:6215 [2] NCCL INFO NCCL_NTHREADS set by environment to 64.
x3212c0s31b0n0:6192:6215 [2] NCCL INFO NCCL_PROTO set by environment to Simple
x3212c0s31b0n0:6192:6215 [2] NCCL INFO NCCL_ALGO set by environment to Tree
x3212c0s31b0n0:6192:6215 [2] NCCL INFO threadThresholds 8/8/64 | 1024/8/64 | 8/8/512
x3212c0s31b0n0:6192:6215 [2] NCCL INFO 2 coll channels, 2 p2p channels, 2 p2p channels per peer
x3210c0s13b0n0:32369:32392 [2] NCCL INFO Channel 00 : 54[85000] -> 53[46000] via P2P/IPC/read
x3209c0s19b1n0:29257:29279 [1] NCCL INFO Channel 01 : 13[46000] -> 14[85000] via P2P/IPC/read
x3211c0s31b1n0:27351:27371 [3] NCCL INFO Channel 01/0 : 83[c7000] -> 91[c7000] [send] via NET/AWS Libfabric/1
x3209c0s19b0n0:27378:27399 [2] NCCL INFO Channel 00 : 10[85000] -> 11[c7000] via P2P/IPC/read
x3209c0s19b0n0:27378:27399 [2] NCCL INFO Channel 01 : 10[85000] -> 11[c7000] via P2P/IPC/read
x3212c0s1b0n0:13399:13421 [0] NCCL INFO Channel 00/0 : 104[7000] -> 108[7000] [receive] via NET/AWS Libfabric/3
x3211c0s7b0n0:31332:31355 [2] NCCL INFO Channel 00 : 94[85000] -> 93[46000] via P2P/IPC/read
x3209c0s7b0n0:25268:25289 [2] NCCL INFO Channel 00 : 46[85000] -> 45[46000] via P2P/IPC/read
x3209c0s1b0n0:40701:40724 [1] NCCL INFO Channel 00/0 : 8[7000] -> 17[46000] [receive] via NET/AWS Libfabric/3
x3212c0s25b0n0:42459:42479 [1] NCCL INFO Channel 00 : 117[46000] -> 118[85000] via P2P/IPC/read
x3210c0s1b0n0:26883:26906 [2] NCCL INFO Channel 00 : 66[85000] -> 67[c7000] via P2P/IPC/read
x3212c0s13b1n0:37231:37253 [2] NCCL INFO Channel 00 : 102[85000] -> 101[46000] via P2P/IPC/read
x3209c0s13b0n0:46157:46178 [2] NCCL INFO Connected all trees
x3209c0s13b0n0:46157:46178 [2] NCCL INFO NCCL_NTHREADS set by environment to 64.
x3209c0s13b0n0:46157:46178 [2] NCCL INFO NCCL_PROTO set by environment to Simple
x3209c0s13b0n0:46156:46177 [1] NCCL INFO Connected all trees
x3209c0s13b0n0:46157:46178 [2] NCCL INFO NCCL_ALGO set by environment to Tree
x3209c0s13b0n0:46157:46178 [2] NCCL INFO threadThresholds 8/8/64 | 1024/8/64 | 8/8/512
x3209c0s13b0n0:46157:46178 [2] NCCL INFO 2 coll channels, 2 p2p channels, 2 p2p channels per peer
x3209c0s13b0n0:46156:46177 [1] NCCL INFO NCCL_NTHREADS set by environment to 64.
x3209c0s13b0n0:46156:46177 [1] NCCL INFO NCCL_PROTO set by environment to Simple
x3209c0s13b0n0:46156:46177 [1] NCCL INFO NCCL_ALGO set by environment to Tree
x3209c0s13b0n0:46156:46177 [1] NCCL INFO threadThresholds 8/8/64 | 1024/8/64 | 8/8/512
x3209c0s13b0n0:46156:46177 [1] NCCL INFO 2 coll channels, 2 p2p channels, 2 p2p channels per peer
x3209c0s37b0n0:7092:7113 [1] NCCL INFO Connected all trees
x3209c0s37b0n0:7092:7113 [1] NCCL INFO NCCL_NTHREADS set by environment to 64.
x3209c0s37b0n0:7092:7113 [1] NCCL INFO NCCL_PROTO set by environment to Simple
x3209c0s37b0n0:7092:7113 [1] NCCL INFO NCCL_ALGO set by environment to Tree
x3209c0s37b0n0:7092:7113 [1] NCCL INFO threadThresholds 8/8/64 | 1024/8/64 | 8/8/512
x3209c0s37b0n0:7092:7113 [1] NCCL INFO 2 coll channels, 2 p2p channels, 2 p2p channels per peer
x3209c0s37b0n0:7093:7112 [2] NCCL INFO Connected all trees
x3209c0s37b0n0:7093:7112 [2] NCCL INFO NCCL_NTHREADS set by environment to 64.
x3209c0s37b0n0:7093:7112 [2] NCCL INFO NCCL_PROTO set by environment to Simple
x3209c0s37b0n0:7093:7112 [2] NCCL INFO NCCL_ALGO set by environment to Tree
x3209c0s37b0n0:7093:7112 [2] NCCL INFO threadThresholds 8/8/64 | 1024/8/64 | 8/8/512
x3209c0s37b0n0:7093:7112 [2] NCCL INFO 2 coll channels, 2 p2p channels, 2 p2p channels per peer
x3209c0s31b0n0:6711:6741 [0] NCCL INFO Channel 00/0 : 24[7000] -> 28[7000] [receive] via NET/AWS Libfabric/3
x3211c0s7b0n0:31333:31354 [3] NCCL INFO Channel 01/0 : 95[c7000] -> 91[c7000] [send] via NET/AWS Libfabric/1
x3209c0s37b1n0:8686:8708 [3] NCCL INFO Channel 01/0 : 43[c7000] -> 47[c7000] [send] via NET/AWS Libfabric/1
x3210c0s19b0n0:24457:24479 [2] NCCL INFO Channel 00 : 62[85000] -> 61[46000] via P2P/IPC/read
x3210c0s7b0n0:22486:22508 [2] NCCL INFO Channel 00 : 70[85000] -> 71[c7000] via P2P/IPC/read
x3209c0s7b1n0:61324:61344 [3] NCCL INFO Channel 01/0 : 51[c7000] -> 59[c7000] [send] via NET/AWS Libfabric/1
x3212c0s25b0n0:42461:42481 [3] NCCL INFO Channel 01/0 : 119[c7000] -> 122[85000] [send] via NET/AWS Libfabric/1
x3209c0s13b1n0:29512:29536 [1] NCCL INFO Connected all trees
x3209c0s13b1n0:29512:29536 [1] NCCL INFO NCCL_NTHREADS set by environment to 64.
x3209c0s13b1n0:29512:29536 [1] NCCL INFO NCCL_PROTO set by environment to Simple
x3209c0s13b1n0:29512:29536 [1] NCCL INFO NCCL_ALGO set by environment to Tree
x3209c0s13b1n0:29512:29536 [1] NCCL INFO threadThresholds 8/8/64 | 1024/8/64 | 8/8/512
x3209c0s13b1n0:29512:29536 [1] NCCL INFO 2 coll channels, 2 p2p channels, 2 p2p channels per peer
x3209c0s13b1n0:29513:29534 [2] NCCL INFO Connected all trees
x3209c0s13b1n0:29513:29534 [2] NCCL INFO NCCL_NTHREADS set by environment to 64.
x3209c0s13b1n0:29513:29534 [2] NCCL INFO NCCL_PROTO set by environment to Simple
x3209c0s13b1n0:29513:29534 [2] NCCL INFO NCCL_ALGO set by environment to Tree
x3209c0s13b1n0:29513:29534 [2] NCCL INFO threadThresholds 8/8/64 | 1024/8/64 | 8/8/512
x3209c0s13b1n0:29513:29534 [2] NCCL INFO 2 coll channels, 2 p2p channels, 2 p2p channels per peer
x3209c0s19b0n0:27377:27401 [1] NCCL INFO Channel 01 : 9[46000] -> 10[85000] via P2P/IPC/read
x3211c0s37b0n0:17183:17203 [3] NCCL INFO Channel 01/0 : 87[c7000] -> 90[85000] [send] via NET/AWS Libfabric/1
x3211c0s31b1n0:27349:27372 [1] NCCL INFO Channel 00/0 : 72[7000] -> 81[46000] [receive] via NET/AWS Libfabric/3
x3211c0s37b0n0:17180:17205 [0] NCCL INFO Channel 00/0 : 84[7000] -> 89[46000] [send] via NET/AWS Libfabric/3
x3209c0s31b0n0:6713:6742 [2] NCCL INFO Channel 01 : 30[85000] -> 31[c7000] via P2P/IPC/read
x3210c0s7b0n0:22486:22508 [2] NCCL INFO Channel 01 : 70[85000] -> 71[c7000] via P2P/IPC/read
x3211c0s37b1n0:41514:41534 [3] NCCL INFO Channel 01/0 : 83[c7000] -> 91[c7000] [receive] via NET/AWS Libfabric/1
x3209c0s7b0n0:25266:25290 [0] NCCL INFO Channel 00/0 : 40[7000] -> 44[7000] [receive] via NET/AWS Libfabric/3
x3212c0s25b0n0:42459:42479 [1] NCCL INFO Channel 01 : 117[46000] -> 118[85000] via P2P/IPC/read
x3209c0s19b1n0:29258:29278 [2] NCCL INFO Channel 00 : 14[85000] -> 13[46000] via P2P/IPC/read
x3211c0s31b0n0:65327:65348 [2] NCCL INFO Connected all trees
x3211c0s31b0n0:65326:65347 [1] NCCL INFO Connected all trees
x3211c0s31b0n0:65326:65347 [1] NCCL INFO NCCL_NTHREADS set by environment to 64.
x3211c0s31b0n0:65326:65347 [1] NCCL INFO NCCL_PROTO set by environment to Simple
x3211c0s31b0n0:65326:65347 [1] NCCL INFO NCCL_ALGO set by environment to Tree
x3211c0s31b0n0:65326:65347 [1] NCCL INFO threadThresholds 8/8/64 | 1024/8/64 | 8/8/512
x3211c0s31b0n0:65326:65347 [1] NCCL INFO 2 coll channels, 2 p2p channels, 2 p2p channels per peer
x3211c0s31b0n0:65327:65348 [2] NCCL INFO NCCL_NTHREADS set by environment to 64.
x3211c0s31b0n0:65327:65348 [2] NCCL INFO NCCL_PROTO set by environment to Simple
x3211c0s31b0n0:65327:65348 [2] NCCL INFO NCCL_ALGO set by environment to Tree
x3211c0s31b0n0:65327:65348 [2] NCCL INFO threadThresholds 8/8/64 | 1024/8/64 | 8/8/512
x3211c0s31b0n0:65327:65348 [2] NCCL INFO 2 coll channels, 2 p2p channels, 2 p2p channels per peer
x3211c0s37b0n0:17181:17204 [1] NCCL INFO Connected all trees
x3211c0s37b0n0:17181:17204 [1] NCCL INFO NCCL_NTHREADS set by environment to 64.
x3211c0s37b0n0:17181:17204 [1] NCCL INFO NCCL_PROTO set by environment to Simple
x3211c0s37b0n0:17181:17204 [1] NCCL INFO NCCL_ALGO set by environment to Tree
x3211c0s37b0n0:17181:17204 [1] NCCL INFO threadThresholds 8/8/64 | 1024/8/64 | 8/8/512
x3211c0s37b0n0:17181:17204 [1] NCCL INFO 2 coll channels, 2 p2p channels, 2 p2p channels per peer
x3212c0s1b1n0:11810:11837 [0] NCCL INFO Channel 00/0 : 112[7000] -> 120[7000] [send] via NET/AWS Libfabric/3
x3211c0s37b0n0:17182:17202 [2] NCCL INFO Connected all trees
x3211c0s37b0n0:17182:17202 [2] NCCL INFO NCCL_NTHREADS set by environment to 64.
x3211c0s37b0n0:17182:17202 [2] NCCL INFO NCCL_PROTO set by environment to Simple
x3211c0s37b0n0:17182:17202 [2] NCCL INFO NCCL_ALGO set by environment to Tree
x3211c0s37b0n0:17182:17202 [2] NCCL INFO threadThresholds 8/8/64 | 1024/8/64 | 8/8/512
x3211c0s37b0n0:17182:17202 [2] NCCL INFO 2 coll channels, 2 p2p channels, 2 p2p channels per peer
x3210c0s13b0n0:32368:32390 [1] NCCL INFO Connected all trees
x3209c0s13b0n0:46158:46179 [3] NCCL INFO Channel 01/0 : 67[c7000] -> 3[c7000] [receive] via NET/AWS Libfabric/1
x3212c0s19b1n0:39178:39205 [0] NCCL INFO Channel 00/0 : 104[7000] -> 113[46000] [send] via NET/AWS Libfabric/3
x3210c0s13b0n0:32367:32393 [0] NCCL INFO Channel 00/0 : 52[7000] -> 57[46000] [send] via NET/AWS Libfabric/3
x3210c0s13b0n0:32368:32390 [1] NCCL INFO NCCL_NTHREADS set by environment to 64.
x3210c0s13b0n0:32368:32390 [1] NCCL INFO NCCL_PROTO set by environment to Simple
x3210c0s13b0n0:32368:32390 [1] NCCL INFO NCCL_ALGO set by environment to Tree
x3210c0s13b0n0:32368:32390 [1] NCCL INFO threadThresholds 8/8/64 | 1024/8/64 | 8/8/512
x3210c0s13b0n0:32368:32390 [1] NCCL INFO 2 coll channels, 2 p2p channels, 2 p2p channels per peer
x3209c0s37b1n0:8685:8707 [2] NCCL INFO Channel 01/0 : 39[c7000] -> 42[85000] [receive] via NET/AWS Libfabric/1
x3209c0s7b0n0:25269:25292 [3] NCCL INFO Channel 01/0 : 43[c7000] -> 47[c7000] [receive] via NET/AWS Libfabric/1
x3210c0s13b0n0:32369:32392 [2] NCCL INFO Connected all trees
x3210c0s13b0n0:32369:32392 [2] NCCL INFO NCCL_NTHREADS set by environment to 64.
x3210c0s13b0n0:32369:32392 [2] NCCL INFO NCCL_PROTO set by environment to Simple
x3210c0s13b0n0:32369:32392 [2] NCCL INFO NCCL_ALGO set by environment to Tree
x3210c0s13b0n0:32369:32392 [2] NCCL INFO threadThresholds 8/8/64 | 1024/8/64 | 8/8/512
x3210c0s13b0n0:32369:32392 [2] NCCL INFO 2 coll channels, 2 p2p channels, 2 p2p channels per peer
x3210c0s13b0n0:32370:32391 [3] NCCL INFO Channel 01/0 : 55[c7000] -> 58[85000] [send] via NET/AWS Libfabric/1
x3212c0s25b1n0:61981:62000 [3] NCCL INFO Channel 01/0 : 115[c7000] -> 123[c7000] [receive] via NET/AWS Libfabric/1
x3212c0s25b1n0:61980:62001 [2] NCCL INFO Channel 01/0 : 119[c7000] -> 122[85000] [receive] via NET/AWS Libfabric/1
x3209c0s1b0n0:40700:40725 [0] NCCL INFO Channel 00/0 : 16[7000] -> 24[7000] [send] via NET/AWS Libfabric/3
x3212c0s13b1n0:37229:37251 [1] NCCL INFO Connected all trees
x3212c0s13b1n0:37229:37251 [1] NCCL INFO NCCL_NTHREADS set by environment to 64.
x3212c0s13b1n0:37229:37251 [1] NCCL INFO NCCL_PROTO set by environment to Simple
x3212c0s13b1n0:37229:37251 [1] NCCL INFO NCCL_ALGO set by environment to Tree
x3212c0s13b1n0:37229:37251 [1] NCCL INFO threadThresholds 8/8/64 | 1024/8/64 | 8/8/512
x3212c0s13b1n0:37229:37251 [1] NCCL INFO 2 coll channels, 2 p2p channels, 2 p2p channels per peer
x3212c0s13b1n0:37231:37253 [2] NCCL INFO Connected all trees
x3212c0s13b1n0:37231:37253 [2] NCCL INFO NCCL_NTHREADS set by environment to 64.
x3212c0s13b1n0:37231:37253 [2] NCCL INFO NCCL_PROTO set by environment to Simple
x3212c0s13b1n0:37231:37253 [2] NCCL INFO NCCL_ALGO set by environment to Tree
x3212c0s13b1n0:37231:37253 [2] NCCL INFO threadThresholds 8/8/64 | 1024/8/64 | 8/8/512
x3212c0s13b1n0:37231:37253 [2] NCCL INFO 2 coll channels, 2 p2p channels, 2 p2p channels per peer
x3211c0s7b0n0:31330:31356 [0] NCCL INFO Channel 00/0 : 88[7000] -> 92[7000] [receive] via NET/AWS Libfabric/3
x3209c0s13b0n0:46155:46176 [0] NCCL INFO Channel 00/0 : 64[7000] -> 0[7000] [receive] via NET/AWS Libfabric/3
x3212c0s13b1n0:37228:37250 [0] NCCL INFO Channel 00/0 : 100[7000] -> 105[46000] [send] via NET/AWS Libfabric/3
x3211c0s7b0n0:31331:31357 [1] NCCL INFO Connected all trees
x3211c0s7b0n0:31331:31357 [1] NCCL INFO NCCL_NTHREADS set by environment to 64.
x3211c0s7b0n0:31331:31357 [1] NCCL INFO NCCL_PROTO set by environment to Simple
x3211c0s7b0n0:31331:31357 [1] NCCL INFO NCCL_ALGO set by environment to Tree
x3211c0s7b0n0:31331:31357 [1] NCCL INFO threadThresholds 8/8/64 | 1024/8/64 | 8/8/512
x3211c0s7b0n0:31331:31357 [1] NCCL INFO 2 coll channels, 2 p2p channels, 2 p2p channels per peer
x3209c0s19b0n0:27379:27400 [3] NCCL INFO Channel 01/0 : 11[c7000] -> 15[c7000] [send] via NET/AWS Libfabric/1
x3211c0s7b0n0:31332:31355 [2] NCCL INFO Connected all trees
x3211c0s7b0n0:31332:31355 [2] NCCL INFO NCCL_NTHREADS set by environment to 64.
x3211c0s7b0n0:31332:31355 [2] NCCL INFO NCCL_PROTO set by environment to Simple
x3211c0s7b0n0:31332:31355 [2] NCCL INFO NCCL_ALGO set by environment to Tree
x3211c0s7b0n0:31332:31355 [2] NCCL INFO threadThresholds 8/8/64 | 1024/8/64 | 8/8/512
x3211c0s7b0n0:31332:31355 [2] NCCL INFO 2 coll channels, 2 p2p channels, 2 p2p channels per peer
x3209c0s7b1n0:61321:61347 [0] NCCL INFO Channel 00/0 : 48[7000] -> 56[7000] [send] via NET/AWS Libfabric/3
x3210c0s1b0n0:26883:26906 [2] NCCL INFO Channel 01 : 66[85000] -> 67[c7000] via P2P/IPC/read
x3211c0s31b0n0:65328:65349 [3] NCCL INFO Channel 01/0 : 75[c7000] -> 79[c7000] [receive] via NET/AWS Libfabric/1
x3209c0s13b0n0:46158:46179 [3] NCCL INFO Channel 01/0 : 3[c7000] -> 67[c7000] [send] via NET/AWS Libfabric/1
x3209c0s37b0n0:7091:7115 [0] NCCL INFO Channel 00/0 : 41[46000] -> 36[7000] [receive] via NET/AWS Libfabric/3
x3209c0s31b1n0:20981:21006 [1] NCCL INFO Channel 00/0 : 16[7000] -> 33[46000] [receive] via NET/AWS Libfabric/3
x3209c0s13b1n0:29514:29535 [3] NCCL INFO Channel 01/0 : 7[c7000] -> 10[85000] [send] via NET/AWS Libfabric/1
x3212c0s1b1n0:11812:11833 [2] NCCL INFO Channel 01/0 : 107[c7000] -> 114[85000] [receive] via NET/AWS Libfabric/1
x3209c0s31b0n0:6713:6742 [2] NCCL INFO Channel 00 : 30[85000] -> 29[46000] via P2P/IPC/read
x3209c0s31b1n0:20983:21004 [3] NCCL INFO Channel 01/0 : 35[c7000] -> 51[c7000] [send] via NET/AWS Libfabric/1
x3212c0s31b0n0:6193:6214 [3] NCCL INFO Channel 01/0 : 127[c7000] -> 123[c7000] [send] via NET/AWS Libfabric/1
x3209c0s19b1n0:29259:29280 [3] NCCL INFO Channel 01/0 : 11[c7000] -> 15[c7000] [receive] via NET/AWS Libfabric/1
x3210c0s19b0n0:24458:24481 [3] NCCL INFO Channel 01/0 : 59[c7000] -> 63[c7000] [receive] via NET/AWS Libfabric/1
x3209c0s25b1n0:38178:38204 [0] NCCL INFO Channel 00/0 : 24[7000] -> 28[7000] [send] via NET/AWS Libfabric/3
x3212c0s31b0n0:6190:6217 [0] NCCL INFO Channel 00/0 : 120[7000] -> 124[7000] [receive] via NET/AWS Libfabric/3
x3209c0s7b0n0:25267:25291 [1] NCCL INFO Connected all trees
x3209c0s7b0n0:25267:25291 [1] NCCL INFO NCCL_NTHREADS set by environment to 64.
x3209c0s7b0n0:25267:25291 [1] NCCL INFO NCCL_PROTO set by environment to Simple
x3209c0s7b0n0:25267:25291 [1] NCCL INFO NCCL_ALGO set by environment to Tree
x3209c0s7b0n0:25267:25291 [1] NCCL INFO threadThresholds 8/8/64 | 1024/8/64 | 8/8/512
x3209c0s7b0n0:25267:25291 [1] NCCL INFO 2 coll channels, 2 p2p channels, 2 p2p channels per peer
x3209c0s19b1n0:29256:29281 [0] NCCL INFO Channel 00/0 : 8[7000] -> 12[7000] [receive] via NET/AWS Libfabric/3
x3209c0s7b0n0:25268:25289 [2] NCCL INFO Connected all trees
x3209c0s7b0n0:25268:25289 [2] NCCL INFO NCCL_NTHREADS set by environment to 64.
x3209c0s7b0n0:25268:25289 [2] NCCL INFO NCCL_PROTO set by environment to Simple
x3209c0s7b0n0:25268:25289 [2] NCCL INFO NCCL_ALGO set by environment to Tree
x3209c0s7b0n0:25268:25289 [2] NCCL INFO threadThresholds 8/8/64 | 1024/8/64 | 8/8/512
x3209c0s7b0n0:25268:25289 [2] NCCL INFO 2 coll channels, 2 p2p channels, 2 p2p channels per peer
x3212c0s19b1n0:39181:39203 [3] NCCL INFO Channel 01/0 : 107[c7000] -> 111[c7000] [send] via NET/AWS Libfabric/1
x3211c0s37b0n0:17180:17205 [0] NCCL INFO Channel 00/0 : 89[46000] -> 84[7000] [receive] via NET/AWS Libfabric/3
x3212c0s19b1n0:39179:39204 [1] NCCL INFO Channel 00/0 : 100[7000] -> 105[46000] [receive] via NET/AWS Libfabric/3
x3212c0s1b1n0:11811:11835 [1] NCCL INFO Channel 00/0 : 104[7000] -> 113[46000] [receive] via NET/AWS Libfabric/3
x3210c0s19b0n0:24456:24478 [1] NCCL INFO Connected all trees
x3210c0s19b0n0:24456:24478 [1] NCCL INFO NCCL_NTHREADS set by environment to 64.
x3210c0s19b0n0:24456:24478 [1] NCCL INFO NCCL_PROTO set by environment to Simple
x3210c0s19b0n0:24456:24478 [1] NCCL INFO NCCL_ALGO set by environment to Tree
x3210c0s19b0n0:24456:24478 [1] NCCL INFO threadThresholds 8/8/64 | 1024/8/64 | 8/8/512
x3210c0s19b0n0:24456:24478 [1] NCCL INFO 2 coll channels, 2 p2p channels, 2 p2p channels per peer
x3210c0s19b0n0:24457:24479 [2] NCCL INFO Connected all trees
x3210c0s19b0n0:24457:24479 [2] NCCL INFO NCCL_NTHREADS set by environment to 64.
x3210c0s19b0n0:24457:24479 [2] NCCL INFO NCCL_PROTO set by environment to Simple
x3210c0s19b0n0:24457:24479 [2] NCCL INFO NCCL_ALGO set by environment to Tree
x3210c0s19b0n0:24457:24479 [2] NCCL INFO threadThresholds 8/8/64 | 1024/8/64 | 8/8/512
x3210c0s19b0n0:24457:24479 [2] NCCL INFO 2 coll channels, 2 p2p channels, 2 p2p channels per peer
x3209c0s13b0n0:46155:46176 [0] NCCL INFO Channel 00/0 : 0[7000] -> 64[7000] [send] via NET/AWS Libfabric/3
x3210c0s1b0n0:26881:26907 [0] NCCL INFO Channel 00/0 : 64[7000] -> 96[7000] [send] via NET/AWS Libfabric/3
x3211c0s37b1n0:41513:41536 [2] NCCL INFO Channel 01/0 : 90[85000] -> 87[c7000] [send] via NET/AWS Libfabric/1
x3209c0s19b0n0:27379:27400 [3] NCCL INFO Channel 01/0 : 11[c7000] -> 18[85000] [send] via NET/AWS Libfabric/1
x3212c0s25b0n0:42460:42478 [2] NCCL INFO Channel 00 : 118[85000] -> 117[46000] via P2P/IPC/read
x3209c0s37b1n0:8684:8709 [1] NCCL INFO Channel 00/0 : 41[46000] -> 36[7000] [send] via NET/AWS Libfabric/3
x3211c0s31b1n0:27351:27371 [3] NCCL INFO Channel 01/0 : 83[c7000] -> 98[85000] [send] via NET/AWS Libfabric/1
x3209c0s19b1n0:29257:29279 [1] NCCL INFO Connected all trees
x3209c0s19b1n0:29257:29279 [1] NCCL INFO NCCL_NTHREADS set by environment to 64.
x3209c0s19b1n0:29257:29279 [1] NCCL INFO NCCL_PROTO set by environment to Simple
x3209c0s19b1n0:29257:29279 [1] NCCL INFO NCCL_ALGO set by environment to Tree
x3209c0s19b1n0:29257:29279 [1] NCCL INFO threadThresholds 8/8/64 | 1024/8/64 | 8/8/512
x3209c0s19b1n0:29257:29279 [1] NCCL INFO 2 coll channels, 2 p2p channels, 2 p2p channels per peer
x3209c0s19b1n0:29258:29278 [2] NCCL INFO Connected all trees
x3209c0s19b1n0:29258:29278 [2] NCCL INFO NCCL_NTHREADS set by environment to 64.
x3209c0s19b1n0:29258:29278 [2] NCCL INFO NCCL_PROTO set by environment to Simple
x3209c0s19b1n0:29258:29278 [2] NCCL INFO NCCL_ALGO set by environment to Tree
x3209c0s19b1n0:29258:29278 [2] NCCL INFO threadThresholds 8/8/64 | 1024/8/64 | 8/8/512
x3209c0s19b1n0:29258:29278 [2] NCCL INFO 2 coll channels, 2 p2p channels, 2 p2p channels per peer
x3210c0s19b0n0:24455:24480 [0] NCCL INFO Channel 00/0 : 56[7000] -> 60[7000] [receive] via NET/AWS Libfabric/3
x3209c0s25b1n0:38180:38202 [2] NCCL INFO Channel 01/0 : 23[c7000] -> 26[85000] [receive] via NET/AWS Libfabric/1
x3209c0s25b1n0:38179:38201 [1] NCCL INFO Channel 00/0 : 20[7000] -> 25[46000] [receive] via NET/AWS Libfabric/3
x3209c0s31b1n0:20980:21003 [0] NCCL INFO Channel 00/0 : 32[7000] -> 48[7000] [send] via NET/AWS Libfabric/3
x3209c0s7b1n0:61322:61346 [1] NCCL INFO Channel 00/0 : 40[7000] -> 49[46000] [receive] via NET/AWS Libfabric/3
x3211c0s31b1n0:27350:27374 [2] NCCL INFO Channel 01/0 : 75[c7000] -> 82[85000] [receive] via NET/AWS Libfabric/1
x3209c0s37b1n0:8683:8710 [0] NCCL INFO Channel 00/0 : 40[7000] -> 49[46000] [send] via NET/AWS Libfabric/3
x3210c0s7b1n0:28827:28848 [3] NCCL INFO Channel 01/0 : 75[c7000] -> 82[85000] [send] via NET/AWS Libfabric/1
x3209c0s31b1n0:20982:21005 [2] NCCL INFO Channel 01/0 : 19[c7000] -> 34[85000] [receive] via NET/AWS Libfabric/1
x3210c0s13b1n0:27300:27324 [2] NCCL INFO Channel 01/0 : 58[85000] -> 55[c7000] [send] via NET/AWS Libfabric/1
x3212c0s1b1n0:11813:11834 [3] NCCL INFO Channel 01/0 : 99[c7000] -> 115[c7000] [receive] via NET/AWS Libfabric/1
x3210c0s13b0n0:32370:32391 [3] NCCL INFO Channel 01/0 : 58[85000] -> 55[c7000] [receive] via NET/AWS Libfabric/1
x3209c0s37b0n0:7094:7114 [3] NCCL INFO Channel 01/0 : 42[85000] -> 39[c7000] [receive] via NET/AWS Libfabric/1
x3209c0s7b1n0:61323:61345 [2] NCCL INFO Channel 01/0 : 43[c7000] -> 50[85000] [receive] via NET/AWS Libfabric/1
x3209c0s31b0n0:6714:6740 [3] NCCL INFO Channel 01/0 : 27[c7000] -> 31[c7000] [receive] via NET/AWS Libfabric/1
x3209c0s31b0n0:6712:6739 [1] NCCL INFO Connected all trees
x3209c0s31b0n0:6712:6739 [1] NCCL INFO NCCL_NTHREADS set by environment to 64.
x3209c0s31b0n0:6712:6739 [1] NCCL INFO NCCL_PROTO set by environment to Simple
x3209c0s31b0n0:6712:6739 [1] NCCL INFO NCCL_ALGO set by environment to Tree
x3209c0s31b0n0:6712:6739 [1] NCCL INFO threadThresholds 8/8/64 | 1024/8/64 | 8/8/512
x3209c0s31b0n0:6712:6739 [1] NCCL INFO 2 coll channels, 2 p2p channels, 2 p2p channels per peer
x3209c0s31b0n0:6713:6742 [2] NCCL INFO Connected all trees
x3209c0s31b0n0:6713:6742 [2] NCCL INFO NCCL_NTHREADS set by environment to 64.
x3209c0s31b0n0:6713:6742 [2] NCCL INFO NCCL_PROTO set by environment to Simple
x3209c0s31b0n0:6713:6742 [2] NCCL INFO NCCL_ALGO set by environment to Tree
x3209c0s31b0n0:6713:6742 [2] NCCL INFO threadThresholds 8/8/64 | 1024/8/64 | 8/8/512
x3209c0s31b0n0:6713:6742 [2] NCCL INFO 2 coll channels, 2 p2p channels, 2 p2p channels per peer
x3209c0s37b1n0:8686:8708 [3] NCCL INFO Channel 01/0 : 43[c7000] -> 50[85000] [send] via NET/AWS Libfabric/1
x3210c0s7b0n0:22486:22508 [2] NCCL INFO Channel 00 : 70[85000] -> 69[46000] via P2P/IPC/read
x3211c0s31b0n0:65325:65350 [0] NCCL INFO Channel 00/0 : 72[7000] -> 76[7000] [receive] via NET/AWS Libfabric/3
x3209c0s19b0n0:27376:27402 [0] NCCL INFO Channel 00/0 : 8[7000] -> 12[7000] [send] via NET/AWS Libfabric/3
x3210c0s13b0n0:32367:32393 [0] NCCL INFO Channel 00/0 : 57[46000] -> 52[7000] [receive] via NET/AWS Libfabric/3
x3210c0s13b1n0:27300:27324 [2] NCCL INFO Channel 00 : 58[85000] -> 57[46000] via P2P/IPC/read
x3209c0s19b0n0:27378:27399 [2] NCCL INFO Channel 01/0 : 7[c7000] -> 10[85000] [receive] via NET/AWS Libfabric/1
x3212c0s19b1n0:39181:39203 [3] NCCL INFO Channel 01/0 : 107[c7000] -> 114[85000] [send] via NET/AWS Libfabric/1
x3210c0s13b0n0:32370:32391 [3] NCCL INFO Connected all trees
x3212c0s1b0n0:13402:13424 [3] NCCL INFO Channel 01/0 : 111[c7000] -> 107[c7000] [send] via NET/AWS Libfabric/1
x3210c0s13b1n0:27299:27325 [1] NCCL INFO Channel 00/0 : 57[46000] -> 52[7000] [send] via NET/AWS Libfabric/3
x3210c0s13b0n0:32370:32391 [3] NCCL INFO NCCL_NTHREADS set by environment to 64.
x3210c0s13b0n0:32370:32391 [3] NCCL INFO NCCL_PROTO set by environment to Simple
x3210c0s13b0n0:32370:32391 [3] NCCL INFO NCCL_ALGO set by environment to Tree
x3210c0s13b0n0:32370:32391 [3] NCCL INFO threadThresholds 8/8/64 | 1024/8/64 | 8/8/512
x3210c0s13b0n0:32370:32391 [3] NCCL INFO 2 coll channels, 2 p2p channels, 2 p2p channels per peer
x3209c0s37b0n0:7091:7115 [0] NCCL INFO Connected all trees
x3209c0s37b0n0:7091:7115 [0] NCCL INFO NCCL_NTHREADS set by environment to 64.
x3209c0s37b0n0:7091:7115 [0] NCCL INFO NCCL_PROTO set by environment to Simple
x3209c0s37b0n0:7091:7115 [0] NCCL INFO NCCL_ALGO set by environment to Tree
x3209c0s37b0n0:7091:7115 [0] NCCL INFO threadThresholds 8/8/64 | 1024/8/64 | 8/8/512
x3209c0s37b0n0:7091:7115 [0] NCCL INFO 2 coll channels, 2 p2p channels, 2 p2p channels per peer
x3211c0s37b1n0:41514:41534 [3] NCCL INFO Channel 01/0 : 91[c7000] -> 83[c7000] [send] via NET/AWS Libfabric/1
x3210c0s7b0n0:22484:22509 [0] NCCL INFO Channel 00/0 : 68[7000] -> 73[46000] [send] via NET/AWS Libfabric/3
x3211c0s37b0n0:17183:17203 [3] NCCL INFO Channel 01/0 : 90[85000] -> 87[c7000] [receive] via NET/AWS Libfabric/1
x3209c0s19b0n0:27379:27400 [3] NCCL INFO Channel 01/0 : 18[85000] -> 11[c7000] [receive] via NET/AWS Libfabric/1
x3212c0s1b0n0:13399:13421 [0] NCCL INFO Channel 00/0 : 108[7000] -> 104[7000] [send] via NET/AWS Libfabric/3
x3209c0s25b0n0:36567:36591 [0] NCCL INFO Channel 00/0 : 25[46000] -> 20[7000] [receive] via NET/AWS Libfabric/3
x3210c0s13b1n0:27301:27322 [3] NCCL INFO Channel 01/0 : 51[c7000] -> 59[c7000] [receive] via NET/AWS Libfabric/1
x3212c0s13b1n0:37228:37250 [0] NCCL INFO Channel 00/0 : 105[46000] -> 100[7000] [receive] via NET/AWS Libfabric/3
x3211c0s37b1n0:41512:41535 [1] NCCL INFO Channel 00/0 : 89[46000] -> 84[7000] [send] via NET/AWS Libfabric/3
x3212c0s19b1n0:39180:39202 [2] NCCL INFO Channel 01/0 : 103[c7000] -> 106[85000] [receive] via NET/AWS Libfabric/1
x3212c0s25b1n0:61980:62001 [2] NCCL INFO Channel 01/0 : 122[85000] -> 119[c7000] [send] via NET/AWS Libfabric/1
x3209c0s1b0n0:40702:40726 [2] NCCL INFO Channel 01/0 : 18[85000] -> 11[c7000] [send] via NET/AWS Libfabric/1
x3212c0s25b0n0:42458:42480 [0] NCCL INFO Channel 00/0 : 116[7000] -> 121[46000] [send] via NET/AWS Libfabric/3
x3209c0s7b0n0:25266:25290 [0] NCCL INFO Channel 00/0 : 44[7000] -> 40[7000] [send] via NET/AWS Libfabric/3
x3210c0s13b1n0:27298:27323 [0] NCCL INFO Channel 00/0 : 48[7000] -> 56[7000] [receive] via NET/AWS Libfabric/3
x3210c0s13b1n0:27299:27325 [1] NCCL INFO Connected all trees
x3209c0s25b1n0:38178:38204 [0] NCCL INFO Channel 00/0 : 16[7000] -> 24[7000] [receive] via NET/AWS Libfabric/3
x3209c0s31b0n0:6711:6741 [0] NCCL INFO Channel 00/0 : 28[7000] -> 24[7000] [send] via NET/AWS Libfabric/3
x3210c0s13b1n0:27299:27325 [1] NCCL INFO NCCL_NTHREADS set by environment to 64.
x3210c0s13b1n0:27299:27325 [1] NCCL INFO NCCL_PROTO set by environment to Simple
x3210c0s13b1n0:27299:27325 [1] NCCL INFO NCCL_ALGO set by environment to Tree
x3210c0s13b1n0:27299:27325 [1] NCCL INFO threadThresholds 8/8/64 | 1024/8/64 | 8/8/512
x3210c0s13b1n0:27299:27325 [1] NCCL INFO 2 coll channels, 2 p2p channels, 2 p2p channels per peer
x3210c0s13b0n0:32367:32393 [0] NCCL INFO Connected all trees
x3210c0s13b1n0:27300:27324 [2] NCCL INFO Connected all trees
x3210c0s13b1n0:27300:27324 [2] NCCL INFO NCCL_NTHREADS set by environment to 64.
x3210c0s13b1n0:27300:27324 [2] NCCL INFO NCCL_PROTO set by environment to Simple
x3210c0s13b1n0:27300:27324 [2] NCCL INFO NCCL_ALGO set by environment to Tree
x3210c0s13b1n0:27300:27324 [2] NCCL INFO threadThresholds 8/8/64 | 1024/8/64 | 8/8/512
x3210c0s13b1n0:27300:27324 [2] NCCL INFO 2 coll channels, 2 p2p channels, 2 p2p channels per peer
x3210c0s13b0n0:32367:32393 [0] NCCL INFO NCCL_NTHREADS set by environment to 64.
x3210c0s13b0n0:32367:32393 [0] NCCL INFO NCCL_PROTO set by environment to Simple
x3210c0s13b0n0:32367:32393 [0] NCCL INFO NCCL_ALGO set by environment to Tree
x3210c0s13b0n0:32367:32393 [0] NCCL INFO threadThresholds 8/8/64 | 1024/8/64 | 8/8/512
x3210c0s13b0n0:32367:32393 [0] NCCL INFO 2 coll channels, 2 p2p channels, 2 p2p channels per peer
x3210c0s7b0n0:22485:22506 [1] NCCL INFO Connected all trees
x3210c0s7b0n0:22485:22506 [1] NCCL INFO NCCL_NTHREADS set by environment to 64.
x3210c0s7b0n0:22485:22506 [1] NCCL INFO NCCL_PROTO set by environment to Simple
x3210c0s7b0n0:22485:22506 [1] NCCL INFO NCCL_ALGO set by environment to Tree
x3210c0s7b0n0:22485:22506 [1] NCCL INFO threadThresholds 8/8/64 | 1024/8/64 | 8/8/512
x3210c0s7b0n0:22485:22506 [1] NCCL INFO 2 coll channels, 2 p2p channels, 2 p2p channels per peer
x3210c0s7b0n0:22486:22508 [2] NCCL INFO Connected all trees
x3210c0s7b0n0:22486:22508 [2] NCCL INFO NCCL_NTHREADS set by environment to 64.
x3210c0s7b0n0:22486:22508 [2] NCCL INFO NCCL_PROTO set by environment to Simple
x3210c0s7b0n0:22486:22508 [2] NCCL INFO NCCL_ALGO set by environment to Tree
x3210c0s7b0n0:22486:22508 [2] NCCL INFO threadThresholds 8/8/64 | 1024/8/64 | 8/8/512
x3210c0s7b0n0:22486:22508 [2] NCCL INFO 2 coll channels, 2 p2p channels, 2 p2p channels per peer
x3211c0s31b0n0:65328:65349 [3] NCCL INFO Channel 01/0 : 79[c7000] -> 75[c7000] [send] via NET/AWS Libfabric/1
x3209c0s37b1n0:8685:8707 [2] NCCL INFO Channel 01/0 : 42[85000] -> 39[c7000] [send] via NET/AWS Libfabric/1
x3209c0s25b0n0:36570:36593 [3] NCCL INFO Channel 01/0 : 26[85000] -> 23[c7000] [receive] via NET/AWS Libfabric/1
x3209c0s19b0n0:27376:27402 [0] NCCL INFO Channel 00/0 : 8[7000] -> 17[46000] [send] via NET/AWS Libfabric/3
x3210c0s1b0n0:26882:26904 [1] NCCL INFO Channel 00/0 : 32[7000] -> 65[46000] [receive] via NET/AWS Libfabric/3
x3212c0s19b1n0:39179:39204 [1] NCCL INFO Channel 00/0 : 105[46000] -> 100[7000] [send] via NET/AWS Libfabric/3
x3209c0s1b0n0:40702:40726 [2] NCCL INFO Channel 00 : 18[85000] -> 17[46000] via P2P/IPC/read
x3209c0s7b0n0:25269:25292 [3] NCCL INFO Channel 01/0 : 47[c7000] -> 43[c7000] [send] via NET/AWS Libfabric/1
x3212c0s25b1n0:61978:62003 [0] NCCL INFO Channel 00/0 : 112[7000] -> 120[7000] [receive] via NET/AWS Libfabric/3
x3212c0s25b0n0:42459:42479 [1] NCCL INFO Connected all trees
x3212c0s25b0n0:42459:42479 [1] NCCL INFO NCCL_NTHREADS set by environment to 64.
x3212c0s25b0n0:42459:42479 [1] NCCL INFO NCCL_PROTO set by environment to Simple
x3212c0s25b0n0:42459:42479 [1] NCCL INFO NCCL_ALGO set by environment to Tree
x3212c0s25b0n0:42459:42479 [1] NCCL INFO threadThresholds 8/8/64 | 1024/8/64 | 8/8/512
x3212c0s25b0n0:42459:42479 [1] NCCL INFO 2 coll channels, 2 p2p channels, 2 p2p channels per peer
x3212c0s25b0n0:42460:42478 [2] NCCL INFO Connected all trees
x3212c0s25b0n0:42460:42478 [2] NCCL INFO NCCL_NTHREADS set by environment to 64.
x3212c0s25b0n0:42460:42478 [2] NCCL INFO NCCL_PROTO set by environment to Simple
x3212c0s25b0n0:42460:42478 [2] NCCL INFO NCCL_ALGO set by environment to Tree
x3212c0s25b0n0:42460:42478 [2] NCCL INFO threadThresholds 8/8/64 | 1024/8/64 | 8/8/512
x3212c0s25b0n0:42460:42478 [2] NCCL INFO 2 coll channels, 2 p2p channels, 2 p2p channels per peer
x3209c0s37b1n0:8685:8707 [2] NCCL INFO Channel 00 : 42[85000] -> 41[46000] via P2P/IPC/read
x3209c0s19b1n0:29259:29280 [3] NCCL INFO Channel 01/0 : 15[c7000] -> 11[c7000] [send] via NET/AWS Libfabric/1
x3210c0s7b0n0:22487:22507 [3] NCCL INFO Channel 01/0 : 71[c7000] -> 74[85000] [send] via NET/AWS Libfabric/1
x3212c0s1b1n0:11811:11835 [1] NCCL INFO Channel 00/0 : 113[46000] -> 104[7000] [send] via NET/AWS Libfabric/3
x3212c0s1b1n0:11812:11833 [2] NCCL INFO Channel 01/0 : 114[85000] -> 107[c7000] [send] via NET/AWS Libfabric/1
x3209c0s19b0n0:27377:27401 [1] NCCL INFO Channel 00/0 : 4[7000] -> 9[46000] [receive] via NET/AWS Libfabric/3
x3209c0s7b1n0:61322:61346 [1] NCCL INFO Channel 00/0 : 49[46000] -> 40[7000] [send] via NET/AWS Libfabric/3
x3209c0s7b1n0:61323:61345 [2] NCCL INFO Channel 01/0 : 50[85000] -> 43[c7000] [send] via NET/AWS Libfabric/1
x3212c0s25b0n0:42461:42481 [3] NCCL INFO Channel 01/0 : 122[85000] -> 119[c7000] [receive] via NET/AWS Libfabric/1
x3209c0s13b1n0:29514:29535 [3] NCCL INFO Channel 01/0 : 10[85000] -> 7[c7000] [receive] via NET/AWS Libfabric/1
x3210c0s7b0n0:22484:22509 [0] NCCL INFO Channel 00/0 : 73[46000] -> 68[7000] [receive] via NET/AWS Libfabric/3
x3211c0s37b1n0:41513:41536 [2] NCCL INFO Channel 00 : 90[85000] -> 89[46000] via P2P/IPC/read
x3211c0s37b0n0:17183:17203 [3] NCCL INFO Connected all trees
x3211c0s37b0n0:17183:17203 [3] NCCL INFO NCCL_NTHREADS set by environment to 64.
x3211c0s37b0n0:17183:17203 [3] NCCL INFO NCCL_PROTO set by environment to Simple
x3211c0s37b0n0:17183:17203 [3] NCCL INFO NCCL_ALGO set by environment to Tree
x3211c0s37b0n0:17183:17203 [3] NCCL INFO threadThresholds 8/8/64 | 1024/8/64 | 8/8/512
x3211c0s37b0n0:17183:17203 [3] NCCL INFO 2 coll channels, 2 p2p channels, 2 p2p channels per peer
x3211c0s31b1n0:27350:27374 [2] NCCL INFO Channel 01/0 : 82[85000] -> 75[c7000] [send] via NET/AWS Libfabric/1
x3212c0s25b1n0:61981:62000 [3] NCCL INFO Channel 01/0 : 123[c7000] -> 115[c7000] [send] via NET/AWS Libfabric/1
x3211c0s37b0n0:17180:17205 [0] NCCL INFO Connected all trees
x3211c0s37b0n0:17180:17205 [0] NCCL INFO NCCL_NTHREADS set by environment to 64.
x3211c0s37b0n0:17180:17205 [0] NCCL INFO NCCL_PROTO set by environment to Simple
x3211c0s37b0n0:17180:17205 [0] NCCL INFO NCCL_ALGO set by environment to Tree
x3211c0s37b0n0:17180:17205 [0] NCCL INFO threadThresholds 8/8/64 | 1024/8/64 | 8/8/512
x3211c0s37b0n0:17180:17205 [0] NCCL INFO 2 coll channels, 2 p2p channels, 2 p2p channels per peer
x3210c0s1b0n0:26884:26905 [3] NCCL INFO Channel 01/0 : 67[c7000] -> 99[c7000] [send] via NET/AWS Libfabric/1
x3212c0s19b1n0:39178:39205 [0] NCCL INFO Channel 00/0 : 113[46000] -> 104[7000] [receive] via NET/AWS Libfabric/3
x3211c0s31b1n0:27351:27371 [3] NCCL INFO Channel 01/0 : 98[85000] -> 83[c7000] [receive] via NET/AWS Libfabric/1
x3212c0s31b0n0:6190:6217 [0] NCCL INFO Channel 00/0 : 124[7000] -> 120[7000] [send] via NET/AWS Libfabric/3
x3209c0s37b0n0:7094:7114 [3] NCCL INFO Connected all trees
x3209c0s37b0n0:7094:7114 [3] NCCL INFO NCCL_NTHREADS set by environment to 64.
x3209c0s37b0n0:7094:7114 [3] NCCL INFO NCCL_PROTO set by environment to Simple
x3209c0s37b0n0:7094:7114 [3] NCCL INFO NCCL_ALGO set by environment to Tree
x3209c0s37b0n0:7094:7114 [3] NCCL INFO threadThresholds 8/8/64 | 1024/8/64 | 8/8/512
x3209c0s37b0n0:7094:7114 [3] NCCL INFO 2 coll channels, 2 p2p channels, 2 p2p channels per peer
x3211c0s7b0n0:31330:31356 [0] NCCL INFO Channel 00/0 : 92[7000] -> 88[7000] [send] via NET/AWS Libfabric/3
x3210c0s19b0n0:24458:24481 [3] NCCL INFO Channel 01/0 : 63[c7000] -> 59[c7000] [send] via NET/AWS Libfabric/1
x3209c0s25b1n0:38181:38203 [3] NCCL INFO Channel 01/0 : 19[c7000] -> 27[c7000] [receive] via NET/AWS Libfabric/1
x3210c0s1b0n0:26883:26906 [2] NCCL INFO Channel 01/0 : 35[c7000] -> 66[85000] [receive] via NET/AWS Libfabric/1
x3211c0s7b1n0:28943:28965 [2] NCCL INFO Channel 01/0 : 98[85000] -> 83[c7000] [send] via NET/AWS Libfabric/1
x3211c0s37b1n0:41513:41536 [2] NCCL INFO Connected all trees
x3211c0s37b1n0:41512:41535 [1] NCCL INFO Connected all trees
x3211c0s37b1n0:41512:41535 [1] NCCL INFO NCCL_NTHREADS set by environment to 64.
x3211c0s37b1n0:41513:41536 [2] NCCL INFO NCCL_NTHREADS set by environment to 64.
x3211c0s37b1n0:41513:41536 [2] NCCL INFO NCCL_PROTO set by environment to Simple
x3211c0s37b1n0:41513:41536 [2] NCCL INFO NCCL_ALGO set by environment to Tree
x3211c0s37b1n0:41513:41536 [2] NCCL INFO threadThresholds 8/8/64 | 1024/8/64 | 8/8/512
x3211c0s37b1n0:41513:41536 [2] NCCL INFO 2 coll channels, 2 p2p channels, 2 p2p channels per peer
x3211c0s37b1n0:41512:41535 [1] NCCL INFO NCCL_PROTO set by environment to Simple
x3211c0s37b1n0:41512:41535 [1] NCCL INFO NCCL_ALGO set by environment to Tree
x3211c0s37b1n0:41512:41535 [1] NCCL INFO threadThresholds 8/8/64 | 1024/8/64 | 8/8/512
x3211c0s37b1n0:41512:41535 [1] NCCL INFO 2 coll channels, 2 p2p channels, 2 p2p channels per peer
x3209c0s1b0n0:40701:40724 [1] NCCL INFO Channel 00/0 : 17[46000] -> 8[7000] [send] via NET/AWS Libfabric/3
x3212c0s13b1n0:37228:37250 [0] NCCL INFO Connected all trees
x3212c0s13b1n0:37228:37250 [0] NCCL INFO NCCL_NTHREADS set by environment to 64.
x3212c0s13b1n0:37228:37250 [0] NCCL INFO NCCL_PROTO set by environment to Simple
x3212c0s13b1n0:37228:37250 [0] NCCL INFO NCCL_ALGO set by environment to Tree
x3212c0s13b1n0:37228:37250 [0] NCCL INFO threadThresholds 8/8/64 | 1024/8/64 | 8/8/512
x3212c0s13b1n0:37228:37250 [0] NCCL INFO 2 coll channels, 2 p2p channels, 2 p2p channels per peer
x3209c0s25b1n0:38179:38201 [1] NCCL INFO Channel 00/0 : 25[46000] -> 20[7000] [send] via NET/AWS Libfabric/3
x3209c0s37b1n0:8684:8709 [1] NCCL INFO Connected all trees
x3209c0s37b1n0:8684:8709 [1] NCCL INFO NCCL_NTHREADS set by environment to 64.
x3209c0s37b1n0:8684:8709 [1] NCCL INFO NCCL_PROTO set by environment to Simple
x3209c0s37b1n0:8684:8709 [1] NCCL INFO NCCL_ALGO set by environment to Tree
x3209c0s37b1n0:8684:8709 [1] NCCL INFO threadThresholds 8/8/64 | 1024/8/64 | 8/8/512
x3209c0s37b1n0:8684:8709 [1] NCCL INFO 2 coll channels, 2 p2p channels, 2 p2p channels per peer
x3209c0s37b1n0:8685:8707 [2] NCCL INFO Connected all trees
x3209c0s37b1n0:8685:8707 [2] NCCL INFO NCCL_NTHREADS set by environment to 64.
x3209c0s37b1n0:8685:8707 [2] NCCL INFO NCCL_PROTO set by environment to Simple
x3209c0s37b1n0:8685:8707 [2] NCCL INFO NCCL_ALGO set by environment to Tree
x3209c0s37b1n0:8685:8707 [2] NCCL INFO threadThresholds 8/8/64 | 1024/8/64 | 8/8/512
x3209c0s37b1n0:8685:8707 [2] NCCL INFO 2 coll channels, 2 p2p channels, 2 p2p channels per peer
x3212c0s25b0n0:42458:42480 [0] NCCL INFO Channel 00/0 : 121[46000] -> 116[7000] [receive] via NET/AWS Libfabric/3
x3212c0s25b1n0:61979:62002 [1] NCCL INFO Channel 00/0 : 121[46000] -> 116[7000] [send] via NET/AWS Libfabric/3
x3209c0s37b0n0:7091:7115 [0] NCCL INFO comm 0x1549f80010c0 rank 36 nranks 128 cudaDev 0 busId 7000 - Init COMPLETE
x3209c0s37b0n0:7092:7113 [1] NCCL INFO comm 0x1460180010c0 rank 37 nranks 128 cudaDev 1 busId 46000 - Init COMPLETE
x3209c0s37b0n0:7094:7114 [3] NCCL INFO comm 0x1550900010c0 rank 39 nranks 128 cudaDev 3 busId c7000 - Init COMPLETE
x3209c0s37b0n0:7093:7112 [2] NCCL INFO comm 0x1553ec0010c0 rank 38 nranks 128 cudaDev 2 busId 85000 - Init COMPLETE
x3212c0s1b1n0:11813:11834 [3] NCCL INFO Channel 01/0 : 115[c7000] -> 99[c7000] [send] via NET/AWS Libfabric/1
x3209c0s37b1n0:8686:8708 [3] NCCL INFO Channel 01/0 : 50[85000] -> 43[c7000] [receive] via NET/AWS Libfabric/1
x3212c0s25b1n0:61980:62001 [2] NCCL INFO Channel 00 : 122[85000] -> 121[46000] via P2P/IPC/read
x3209c0s31b0n0:6714:6740 [3] NCCL INFO Channel 01/0 : 31[c7000] -> 27[c7000] [send] via NET/AWS Libfabric/1
x3210c0s7b1n0:28824:28847 [0] NCCL INFO Channel 00/0 : 72[7000] -> 81[46000] [send] via NET/AWS Libfabric/3
x3212c0s25b0n0:42461:42481 [3] NCCL INFO Connected all trees
x3212c0s25b0n0:42461:42481 [3] NCCL INFO NCCL_NTHREADS set by environment to 64.
x3212c0s25b0n0:42461:42481 [3] NCCL INFO NCCL_PROTO set by environment to Simple
x3212c0s25b0n0:42461:42481 [3] NCCL INFO NCCL_ALGO set by environment to Tree
x3212c0s25b0n0:42461:42481 [3] NCCL INFO threadThresholds 8/8/64 | 1024/8/64 | 8/8/512
x3212c0s25b0n0:42461:42481 [3] NCCL INFO 2 coll channels, 2 p2p channels, 2 p2p channels per peer
x3212c0s19b1n0:39181:39203 [3] NCCL INFO Channel 01/0 : 114[85000] -> 107[c7000] [receive] via NET/AWS Libfabric/1
x3209c0s25b1n0:38180:38202 [2] NCCL INFO Channel 01/0 : 26[85000] -> 23[c7000] [send] via NET/AWS Libfabric/1
x3210c0s7b1n0:28827:28848 [3] NCCL INFO Channel 01/0 : 82[85000] -> 75[c7000] [receive] via NET/AWS Libfabric/1
x3209c0s19b1n0:29256:29281 [0] NCCL INFO Channel 00/0 : 12[7000] -> 8[7000] [send] via NET/AWS Libfabric/3
x3211c0s7b1n0:28943:28965 [2] NCCL INFO Channel 00 : 98[85000] -> 97[46000] via P2P/IPC/read
x3211c0s7b1n0:28944:28966 [3] NCCL INFO Channel 01/0 : 67[c7000] -> 99[c7000] [receive] via NET/AWS Libfabric/1
x3210c0s19b0n0:24455:24480 [0] NCCL INFO Channel 00/0 : 60[7000] -> 56[7000] [send] via NET/AWS Libfabric/3
x3210c0s7b0n0:22487:22507 [3] NCCL INFO Channel 01/0 : 74[85000] -> 71[c7000] [receive] via NET/AWS Libfabric/1
x3209c0s37b1n0:8683:8710 [0] NCCL INFO Channel 00/0 : 49[46000] -> 40[7000] [receive] via NET/AWS Libfabric/3
x3210c0s13b0n0:32367:32393 [0] NCCL INFO comm 0x147d680010c0 rank 52 nranks 128 cudaDev 0 busId 7000 - Init COMPLETE
x3210c0s13b0n0:32370:32391 [3] NCCL INFO comm 0x146d9c0010c0 rank 55 nranks 128 cudaDev 3 busId c7000 - Init COMPLETE
x3210c0s13b0n0:32368:32390 [1] NCCL INFO comm 0x146bf80010c0 rank 53 nranks 128 cudaDev 1 busId 46000 - Init COMPLETE
x3210c0s13b0n0:32369:32392 [2] NCCL INFO comm 0x1539880010c0 rank 54 nranks 128 cudaDev 2 busId 85000 - Init COMPLETE
x3209c0s25b1n0:38180:38202 [2] NCCL INFO Channel 00 : 26[85000] -> 25[46000] via P2P/IPC/read
x3210c0s7b1n0:28825:28850 [1] NCCL INFO Channel 00/0 : 73[46000] -> 68[7000] [send] via NET/AWS Libfabric/3
x3212c0s1b1n0:11812:11833 [2] NCCL INFO Channel 00 : 114[85000] -> 113[46000] via P2P/IPC/read
x3209c0s25b0n0:36567:36591 [0] NCCL INFO Connected all trees
x3209c0s25b0n0:36567:36591 [0] NCCL INFO NCCL_NTHREADS set by environment to 64.
x3209c0s25b0n0:36567:36591 [0] NCCL INFO NCCL_PROTO set by environment to Simple
x3209c0s25b0n0:36567:36591 [0] NCCL INFO NCCL_ALGO set by environment to Tree
x3209c0s25b0n0:36567:36591 [0] NCCL INFO threadThresholds 8/8/64 | 1024/8/64 | 8/8/512
x3209c0s25b0n0:36567:36591 [0] NCCL INFO 2 coll channels, 2 p2p channels, 2 p2p channels per peer
x3210c0s7b1n0:28826:28849 [2] NCCL INFO Channel 01/0 : 74[85000] -> 71[c7000] [send] via NET/AWS Libfabric/1
x3209c0s25b0n0:36570:36593 [3] NCCL INFO Connected all trees
x3209c0s25b0n0:36570:36593 [3] NCCL INFO NCCL_NTHREADS set by environment to 64.
x3209c0s25b0n0:36570:36593 [3] NCCL INFO NCCL_PROTO set by environment to Simple
