TACC:  Starting up job 6212448 
TACC:  Starting parallel tasks... 
# nThread 1 nGpus 1 minBytes 65536 maxBytes 268435456 step: 2(factor) warmup iters: 5 iters: 60 agg iters: 1 validation: 1 graph: 0
#
# Using devices
#  Rank  0 Group  0 Pid  14084 on   c197-031 device  0 [0x02] Quadro RTX 5000
#  Rank  1 Group  0 Pid  14085 on   c197-031 device  1 [0x03] Quadro RTX 5000
#  Rank  2 Group  0 Pid  14086 on   c197-031 device  2 [0x82] Quadro RTX 5000
#  Rank  3 Group  0 Pid  14087 on   c197-031 device  3 [0x83] Quadro RTX 5000
#  Rank  4 Group  0 Pid  25142 on   c197-032 device  0 [0x02] Quadro RTX 5000
#  Rank  5 Group  0 Pid  25143 on   c197-032 device  1 [0x03] Quadro RTX 5000
#  Rank  6 Group  0 Pid  25144 on   c197-032 device  2 [0x82] Quadro RTX 5000
#  Rank  7 Group  0 Pid  25145 on   c197-032 device  3 [0x83] Quadro RTX 5000
#  Rank  8 Group  0 Pid  25374 on   c197-041 device  0 [0x02] Quadro RTX 5000
#  Rank  9 Group  0 Pid  25375 on   c197-041 device  1 [0x03] Quadro RTX 5000
#  Rank 10 Group  0 Pid  25376 on   c197-041 device  2 [0x82] Quadro RTX 5000
#  Rank 11 Group  0 Pid  25377 on   c197-041 device  3 [0x83] Quadro RTX 5000
#  Rank 12 Group  0 Pid  14102 on   c198-031 device  0 [0x02] Quadro RTX 5000
#  Rank 13 Group  0 Pid  14103 on   c198-031 device  1 [0x03] Quadro RTX 5000
#  Rank 14 Group  0 Pid  14104 on   c198-031 device  2 [0x82] Quadro RTX 5000
#  Rank 15 Group  0 Pid  14105 on   c198-031 device  3 [0x83] Quadro RTX 5000
#  Rank 16 Group  0 Pid   7951 on   c198-032 device  0 [0x02] Quadro RTX 5000
#  Rank 17 Group  0 Pid   7952 on   c198-032 device  1 [0x03] Quadro RTX 5000
#  Rank 18 Group  0 Pid   7953 on   c198-032 device  2 [0x82] Quadro RTX 5000
#  Rank 19 Group  0 Pid   7954 on   c198-032 device  3 [0x83] Quadro RTX 5000
#  Rank 20 Group  0 Pid  27460 on   c198-041 device  0 [0x02] Quadro RTX 5000
#  Rank 21 Group  0 Pid  27461 on   c198-041 device  1 [0x03] Quadro RTX 5000
#  Rank 22 Group  0 Pid  27462 on   c198-041 device  2 [0x82] Quadro RTX 5000
#  Rank 23 Group  0 Pid  27463 on   c198-041 device  3 [0x83] Quadro RTX 5000
#  Rank 24 Group  0 Pid  29655 on   c198-042 device  0 [0x02] Quadro RTX 5000
#  Rank 25 Group  0 Pid  29656 on   c198-042 device  1 [0x03] Quadro RTX 5000
#  Rank 26 Group  0 Pid  29657 on   c198-042 device  2 [0x82] Quadro RTX 5000
#  Rank 27 Group  0 Pid  29658 on   c198-042 device  3 [0x83] Quadro RTX 5000
#  Rank 28 Group  0 Pid   8012 on   c198-051 device  0 [0x02] Quadro RTX 5000
#  Rank 29 Group  0 Pid   8013 on   c198-051 device  1 [0x03] Quadro RTX 5000
#  Rank 30 Group  0 Pid   8014 on   c198-051 device  2 [0x82] Quadro RTX 5000
#  Rank 31 Group  0 Pid   8015 on   c198-051 device  3 [0x83] Quadro RTX 5000
#  Rank 32 Group  0 Pid   6140 on   c198-052 device  0 [0x02] Quadro RTX 5000
#  Rank 33 Group  0 Pid   6141 on   c198-052 device  1 [0x03] Quadro RTX 5000
#  Rank 34 Group  0 Pid   6142 on   c198-052 device  2 [0x82] Quadro RTX 5000
#  Rank 35 Group  0 Pid   6143 on   c198-052 device  3 [0x83] Quadro RTX 5000
#  Rank 36 Group  0 Pid  30966 on   c198-061 device  0 [0x02] Quadro RTX 5000
#  Rank 37 Group  0 Pid  30967 on   c198-061 device  1 [0x03] Quadro RTX 5000
#  Rank 38 Group  0 Pid  30968 on   c198-061 device  2 [0x82] Quadro RTX 5000
#  Rank 39 Group  0 Pid  30969 on   c198-061 device  3 [0x83] Quadro RTX 5000
#  Rank 40 Group  0 Pid  17254 on   c198-062 device  0 [0x02] Quadro RTX 5000
#  Rank 41 Group  0 Pid  17255 on   c198-062 device  1 [0x03] Quadro RTX 5000
#  Rank 42 Group  0 Pid  17256 on   c198-062 device  2 [0x82] Quadro RTX 5000
#  Rank 43 Group  0 Pid  17257 on   c198-062 device  3 [0x83] Quadro RTX 5000
#  Rank 44 Group  0 Pid   7282 on   c198-071 device  0 [0x02] Quadro RTX 5000
#  Rank 45 Group  0 Pid   7283 on   c198-071 device  1 [0x03] Quadro RTX 5000
#  Rank 46 Group  0 Pid   7284 on   c198-071 device  2 [0x82] Quadro RTX 5000
#  Rank 47 Group  0 Pid   7285 on   c198-071 device  3 [0x83] Quadro RTX 5000
#  Rank 48 Group  0 Pid    708 on   c198-072 device  0 [0x02] Quadro RTX 5000
#  Rank 49 Group  0 Pid    709 on   c198-072 device  1 [0x03] Quadro RTX 5000
#  Rank 50 Group  0 Pid    710 on   c198-072 device  2 [0x82] Quadro RTX 5000
#  Rank 51 Group  0 Pid    711 on   c198-072 device  3 [0x83] Quadro RTX 5000
#  Rank 52 Group  0 Pid  15075 on   c198-102 device  0 [0x02] Quadro RTX 5000
#  Rank 53 Group  0 Pid  15076 on   c198-102 device  1 [0x03] Quadro RTX 5000
#  Rank 54 Group  0 Pid  15077 on   c198-102 device  2 [0x82] Quadro RTX 5000
#  Rank 55 Group  0 Pid  15078 on   c198-102 device  3 [0x83] Quadro RTX 5000
#  Rank 56 Group  0 Pid   3127 on   c198-111 device  0 [0x02] Quadro RTX 5000
#  Rank 57 Group  0 Pid   3128 on   c198-111 device  1 [0x03] Quadro RTX 5000
#  Rank 58 Group  0 Pid   3129 on   c198-111 device  2 [0x82] Quadro RTX 5000
#  Rank 59 Group  0 Pid   3130 on   c198-111 device  3 [0x83] Quadro RTX 5000
#  Rank 60 Group  0 Pid  11258 on   c198-112 device  0 [0x02] Quadro RTX 5000
#  Rank 61 Group  0 Pid  11259 on   c198-112 device  1 [0x03] Quadro RTX 5000
#  Rank 62 Group  0 Pid  11260 on   c198-112 device  2 [0x82] Quadro RTX 5000
#  Rank 63 Group  0 Pid  11261 on   c198-112 device  3 [0x83] Quadro RTX 5000
The MSCCL XML file exists: /home1/09168/ldai1/ccl-build/msccl_tools_lyd/examples/xml/xml_lyd/binary_tree/allreduce_binary_tree_1ch_2tree_1chunk_16node_64gpu.xml
c197-031:14084:14084 [0] NCCL INFO Bootstrap : Using ib0:192.168.44.127<0>
c197-031:14084:14084 [0] NCCL INFO NET/Plugin : No plugin found (libnccl-net.so), using internal implementation
c197-031:14084:14084 [0] NCCL INFO NET/IB : Using [0]mlx4_0:1/IB [RO]; OOB ib0:192.168.44.127<0>
c197-031:14084:14084 [0] NCCL INFO Using network IB
NCCL version 2.12.12.MSCCL.0.7.4+cuda11.3
c197-031:14086:14086 [2] NCCL INFO Bootstrap : Using ib0:192.168.44.127<0>
c197-031:14086:14086 [2] NCCL INFO NET/Plugin : No plugin found (libnccl-net.so), using internal implementation
c197-031:14086:14086 [2] NCCL INFO NET/IB : Using [0]mlx4_0:1/IB [RO]; OOB ib0:192.168.44.127<0>
c197-031:14086:14086 [2] NCCL INFO Using network IB
c197-031:14085:14085 [1] NCCL INFO Bootstrap : Using ib0:192.168.44.127<0>
c197-031:14085:14085 [1] NCCL INFO NET/Plugin : No plugin found (libnccl-net.so), using internal implementation
c197-031:14087:14087 [3] NCCL INFO Bootstrap : Using ib0:192.168.44.127<0>
c197-031:14087:14087 [3] NCCL INFO NET/Plugin : No plugin found (libnccl-net.so), using internal implementation
c197-031:14087:14087 [3] NCCL INFO NET/IB : Using [0]mlx4_0:1/IB [RO]; OOB ib0:192.168.44.127<0>
c197-031:14087:14087 [3] NCCL INFO Using network IB
c197-031:14085:14085 [1] NCCL INFO NET/IB : Using [0]mlx4_0:1/IB [RO]; OOB ib0:192.168.44.127<0>
c197-031:14085:14085 [1] NCCL INFO Using network IB
c198-071:7284:7284 [2] NCCL INFO Bootstrap : Using ib0:192.168.44.157<0>
c198-071:7284:7284 [2] NCCL INFO NET/Plugin : No plugin found (libnccl-net.so), using internal implementation
c198-071:7284:7284 [2] NCCL INFO NET/IB : Using [0]mlx4_0:1/IB [RO]; OOB ib0:192.168.44.157<0>
c198-071:7284:7284 [2] NCCL INFO Using network IB
c198-071:7285:7285 [3] NCCL INFO Bootstrap : Using ib0:192.168.44.157<0>
c198-071:7285:7285 [3] NCCL INFO NET/Plugin : No plugin found (libnccl-net.so), using internal implementation
c198-071:7285:7285 [3] NCCL INFO NET/IB : Using [0]mlx4_0:1/IB [RO]; OOB ib0:192.168.44.157<0>
c198-071:7285:7285 [3] NCCL INFO Using network IB
c198-111:3129:3129 [2] NCCL INFO Bootstrap : Using ib0:192.168.44.165<0>
c198-111:3129:3129 [2] NCCL INFO NET/Plugin : No plugin found (libnccl-net.so), using internal implementation
c198-031:14105:14105 [3] NCCL INFO Bootstrap : Using ib0:192.168.44.149<0>
c198-031:14105:14105 [3] NCCL INFO NET/Plugin : No plugin found (libnccl-net.so), using internal implementation
c198-111:3130:3130 [3] NCCL INFO Bootstrap : Using ib0:192.168.44.165<0>
c198-111:3128:3128 [1] NCCL INFO Bootstrap : Using ib0:192.168.44.165<0>
c198-111:3130:3130 [3] NCCL INFO NET/Plugin : No plugin found (libnccl-net.so), using internal implementation
c198-111:3128:3128 [1] NCCL INFO NET/Plugin : No plugin found (libnccl-net.so), using internal implementation
c198-111:3129:3129 [2] NCCL INFO NET/IB : Using [0]mlx4_0:1/IB [RO]; OOB ib0:192.168.44.165<0>
c198-111:3129:3129 [2] NCCL INFO Using network IB
c198-031:14104:14104 [2] NCCL INFO Bootstrap : Using ib0:192.168.44.149<0>
c198-031:14103:14103 [1] NCCL INFO Bootstrap : Using ib0:192.168.44.149<0>
c198-031:14104:14104 [2] NCCL INFO NET/Plugin : No plugin found (libnccl-net.so), using internal implementation
c198-031:14103:14103 [1] NCCL INFO NET/Plugin : No plugin found (libnccl-net.so), using internal implementation
c198-111:3130:3130 [3] NCCL INFO NET/IB : Using [0]mlx4_0:1/IB [RO]; OOB ib0:192.168.44.165<0>
c198-111:3130:3130 [3] NCCL INFO Using network IB
c198-031:14105:14105 [3] NCCL INFO NET/IB : Using [0]mlx4_0:1/IB [RO]; OOB ib0:192.168.44.149<0>
c198-031:14105:14105 [3] NCCL INFO Using network IB
c198-111:3128:3128 [1] NCCL INFO NET/IB : Using [0]mlx4_0:1/IB [RO]; OOB ib0:192.168.44.165<0>
c198-111:3128:3128 [1] NCCL INFO Using network IB
c198-111:3127:3127 [0] NCCL INFO Bootstrap : Using ib0:192.168.44.165<0>
c198-111:3127:3127 [0] NCCL INFO NET/Plugin : No plugin found (libnccl-net.so), using internal implementation
c198-031:14102:14102 [0] NCCL INFO Bootstrap : Using ib0:192.168.44.149<0>
c198-031:14102:14102 [0] NCCL INFO NET/Plugin : No plugin found (libnccl-net.so), using internal implementation
c198-031:14104:14104 [2] NCCL INFO NET/IB : Using [0]mlx4_0:1/IB [RO]; OOB ib0:192.168.44.149<0>
c198-031:14104:14104 [2] NCCL INFO Using network IB
c198-111:3127:3127 [0] NCCL INFO NET/IB : Using [0]mlx4_0:1/IB [RO]; OOB ib0:192.168.44.165<0>
c198-111:3127:3127 [0] NCCL INFO Using network IB
c198-031:14103:14103 [1] NCCL INFO NET/IB : Using [0]mlx4_0:1/IB [RO]; OOB ib0:192.168.44.149<0>
c198-031:14103:14103 [1] NCCL INFO Using network IB
c197-041:25377:25377 [3] NCCL INFO Bootstrap : Using ib0:192.168.44.129<0>
c197-041:25377:25377 [3] NCCL INFO NET/Plugin : No plugin found (libnccl-net.so), using internal implementation
c198-071:7283:7283 [1] NCCL INFO Bootstrap : Using ib0:192.168.44.157<0>
c198-071:7282:7282 [0] NCCL INFO Bootstrap : Using ib0:192.168.44.157<0>
c198-071:7282:7282 [0] NCCL INFO NET/Plugin : No plugin found (libnccl-net.so), using internal implementation
c198-071:7283:7283 [1] NCCL INFO NET/Plugin : No plugin found (libnccl-net.so), using internal implementation
c198-031:14102:14102 [0] NCCL INFO NET/IB : Using [0]mlx4_0:1/IB [RO]; OOB ib0:192.168.44.149<0>
c198-031:14102:14102 [0] NCCL INFO Using network IB
c198-071:7283:7283 [1] NCCL INFO NET/IB : Using [0]mlx4_0:1/IB [RO]; OOB ib0:192.168.44.157<0>
c198-071:7283:7283 [1] NCCL INFO Using network IB
c198-071:7282:7282 [0] NCCL INFO NET/IB : Using [0]mlx4_0:1/IB [RO]; OOB ib0:192.168.44.157<0>
c198-071:7282:7282 [0] NCCL INFO Using network IB
c198-032:7952:7952 [1] NCCL INFO Bootstrap : Using ib0:192.168.44.150<0>
c198-032:7952:7952 [1] NCCL INFO NET/Plugin : No plugin found (libnccl-net.so), using internal implementation
c197-041:25376:25376 [2] NCCL INFO Bootstrap : Using ib0:192.168.44.129<0>
c197-041:25375:25375 [1] NCCL INFO Bootstrap : Using ib0:192.168.44.129<0>
c197-041:25376:25376 [2] NCCL INFO NET/Plugin : No plugin found (libnccl-net.so), using internal implementation
c197-041:25375:25375 [1] NCCL INFO NET/Plugin : No plugin found (libnccl-net.so), using internal implementation
c197-041:25377:25377 [3] NCCL INFO NET/IB : Using [0]mlx4_0:1/IB [RO]; OOB ib0:192.168.44.129<0>
c197-041:25377:25377 [3] NCCL INFO Using network IB
c197-041:25374:25374 [0] NCCL INFO Bootstrap : Using ib0:192.168.44.129<0>
c197-041:25374:25374 [0] NCCL INFO NET/Plugin : No plugin found (libnccl-net.so), using internal implementation
c197-041:25375:25375 [1] NCCL INFO NET/IB : Using [0]mlx4_0:1/IB [RO]; OOB ib0:192.168.44.129<0>
c197-041:25375:25375 [1] NCCL INFO Using network IB
c198-052:6140:6140 [0] NCCL INFO Bootstrap : Using ib0:192.168.44.154<0>
c198-052:6143:6143 [3] NCCL INFO Bootstrap : Using ib0:192.168.44.154<0>
c198-052:6141:6141 [1] NCCL INFO Bootstrap : Using ib0:192.168.44.154<0>
c197-041:25376:25376 [2] NCCL INFO NET/IB : Using [0]mlx4_0:1/IB [RO]; OOB ib0:192.168.44.129<0>
c197-041:25376:25376 [2] NCCL INFO Using network IB
c198-052:6140:6140 [0] NCCL INFO NET/Plugin : No plugin found (libnccl-net.so), using internal implementation
c198-052:6141:6141 [1] NCCL INFO NET/Plugin : No plugin found (libnccl-net.so), using internal implementation
c198-052:6143:6143 [3] NCCL INFO NET/Plugin : No plugin found (libnccl-net.so), using internal implementation
c197-041:25374:25374 [0] NCCL INFO NET/IB : Using [0]mlx4_0:1/IB [RO]; OOB ib0:192.168.44.129<0>
c197-041:25374:25374 [0] NCCL INFO Using network IB
c198-032:7951:7951 [0] NCCL INFO Bootstrap : Using ib0:192.168.44.150<0>
c198-032:7953:7953 [2] NCCL INFO Bootstrap : Using ib0:192.168.44.150<0>
c198-032:7951:7951 [0] NCCL INFO NET/Plugin : No plugin found (libnccl-net.so), using internal implementation
c198-032:7953:7953 [2] NCCL INFO NET/Plugin : No plugin found (libnccl-net.so), using internal implementation
c198-032:7954:7954 [3] NCCL INFO Bootstrap : Using ib0:192.168.44.150<0>
c198-032:7954:7954 [3] NCCL INFO NET/Plugin : No plugin found (libnccl-net.so), using internal implementation
c198-032:7952:7952 [1] NCCL INFO NET/IB : Using [0]mlx4_0:1/IB [RO]; OOB ib0:192.168.44.150<0>
c198-032:7952:7952 [1] NCCL INFO Using network IB
c198-032:7951:7951 [0] NCCL INFO NET/IB : Using [0]mlx4_0:1/IB [RO]; OOB ib0:192.168.44.150<0>
c198-032:7951:7951 [0] NCCL INFO Using network IB
c198-032:7953:7953 [2] NCCL INFO NET/IB : Using [0]mlx4_0:1/IB [RO]; OOB ib0:192.168.44.150<0>
c198-032:7953:7953 [2] NCCL INFO Using network IB
c198-032:7954:7954 [3] NCCL INFO NET/IB : Using [0]mlx4_0:1/IB [RO]; OOB ib0:192.168.44.150<0>
c198-032:7954:7954 [3] NCCL INFO Using network IB
c198-052:6142:6142 [2] NCCL INFO Bootstrap : Using ib0:192.168.44.154<0>
c198-052:6142:6142 [2] NCCL INFO NET/Plugin : No plugin found (libnccl-net.so), using internal implementation
c198-052:6140:6140 [0] NCCL INFO NET/IB : Using [0]mlx4_0:1/IB [RO]; OOB ib0:192.168.44.154<0>
c198-052:6140:6140 [0] NCCL INFO Using network IB
c198-052:6141:6141 [1] NCCL INFO NET/IB : Using [0]mlx4_0:1/IB [RO]; OOB ib0:192.168.44.154<0>
c198-052:6141:6141 [1] NCCL INFO Using network IB
c198-052:6143:6143 [3] NCCL INFO NET/IB : Using [0]mlx4_0:1/IB [RO]; OOB ib0:192.168.44.154<0>
c198-052:6143:6143 [3] NCCL INFO Using network IB
c198-052:6142:6142 [2] NCCL INFO NET/IB : Using [0]mlx4_0:1/IB [RO]; OOB ib0:192.168.44.154<0>
c198-052:6142:6142 [2] NCCL INFO Using network IB
c198-061:30969:30969 [3] NCCL INFO Bootstrap : Using ib0:192.168.44.155<0>
c198-061:30969:30969 [3] NCCL INFO NET/Plugin : No plugin found (libnccl-net.so), using internal implementation
c198-051:8014:8014 [2] NCCL INFO Bootstrap : Using ib0:192.168.44.153<0>
c198-051:8015:8015 [3] NCCL INFO Bootstrap : Using ib0:192.168.44.153<0>
c198-051:8014:8014 [2] NCCL INFO NET/Plugin : No plugin found (libnccl-net.so), using internal implementation
c198-051:8015:8015 [3] NCCL INFO NET/Plugin : No plugin found (libnccl-net.so), using internal implementation
c198-061:30969:30969 [3] NCCL INFO NET/IB : Using [0]mlx4_0:1/IB [RO]; OOB ib0:192.168.44.155<0>
c198-061:30969:30969 [3] NCCL INFO Using network IB
c198-062:17256:17256 [2] NCCL INFO Bootstrap : Using ib0:192.168.44.156<0>
c198-062:17257:17257 [3] NCCL INFO Bootstrap : Using ib0:192.168.44.156<0>
c198-062:17256:17256 [2] NCCL INFO NET/Plugin : No plugin found (libnccl-net.so), using internal implementation
c198-062:17257:17257 [3] NCCL INFO NET/Plugin : No plugin found (libnccl-net.so), using internal implementation
c198-051:8014:8014 [2] NCCL INFO NET/IB : Using [0]mlx4_0:1/IB [RO]; OOB ib0:192.168.44.153<0>
c198-051:8014:8014 [2] NCCL INFO Using network IB
c198-051:8015:8015 [3] NCCL INFO NET/IB : Using [0]mlx4_0:1/IB [RO]; OOB ib0:192.168.44.153<0>
c198-051:8015:8015 [3] NCCL INFO Using network IB
c198-062:17257:17257 [3] NCCL INFO NET/IB : Using [0]mlx4_0:1/IB [RO]; OOB ib0:192.168.44.156<0>
c198-062:17257:17257 [3] NCCL INFO Using network IB
c198-062:17256:17256 [2] NCCL INFO NET/IB : Using [0]mlx4_0:1/IB [RO]; OOB ib0:192.168.44.156<0>
c198-062:17256:17256 [2] NCCL INFO Using network IB
c198-061:30968:30968 [2] NCCL INFO Bootstrap : Using ib0:192.168.44.155<0>
c198-061:30968:30968 [2] NCCL INFO NET/Plugin : No plugin found (libnccl-net.so), using internal implementation
c198-061:30968:30968 [2] NCCL INFO NET/IB : Using [0]mlx4_0:1/IB [RO]; OOB ib0:192.168.44.155<0>
c198-061:30968:30968 [2] NCCL INFO Using network IB
c197-032:25144:25144 [2] NCCL INFO Bootstrap : Using ib0:192.168.44.128<0>
c197-032:25145:25145 [3] NCCL INFO Bootstrap : Using ib0:192.168.44.128<0>
c197-032:25144:25144 [2] NCCL INFO NET/Plugin : No plugin found (libnccl-net.so), using internal implementation
c197-032:25145:25145 [3] NCCL INFO NET/Plugin : No plugin found (libnccl-net.so), using internal implementation
c198-042:29657:29657 [2] NCCL INFO Bootstrap : Using ib0:192.168.44.152<0>
c198-042:29658:29658 [3] NCCL INFO Bootstrap : Using ib0:192.168.44.152<0>
c198-042:29657:29657 [2] NCCL INFO NET/Plugin : No plugin found (libnccl-net.so), using internal implementation
c198-042:29658:29658 [3] NCCL INFO NET/Plugin : No plugin found (libnccl-net.so), using internal implementation
c197-032:25144:25144 [2] NCCL INFO NET/IB : Using [0]mlx4_0:1/IB [RO]; OOB ib0:192.168.44.128<0>
c197-032:25144:25144 [2] NCCL INFO Using network IB
c197-032:25145:25145 [3] NCCL INFO NET/IB : Using [0]mlx4_0:1/IB [RO]; OOB ib0:192.168.44.128<0>
c197-032:25145:25145 [3] NCCL INFO Using network IB
c198-041:27460:27460 [0] NCCL INFO Bootstrap : Using ib0:192.168.44.151<0>
c198-041:27461:27461 [1] NCCL INFO Bootstrap : Using ib0:192.168.44.151<0>
c198-041:27462:27462 [2] NCCL INFO Bootstrap : Using ib0:192.168.44.151<0>
c198-041:27463:27463 [3] NCCL INFO Bootstrap : Using ib0:192.168.44.151<0>
c198-041:27460:27460 [0] NCCL INFO NET/Plugin : No plugin found (libnccl-net.so), using internal implementation
c198-041:27461:27461 [1] NCCL INFO NET/Plugin : No plugin found (libnccl-net.so), using internal implementation
c198-041:27462:27462 [2] NCCL INFO NET/Plugin : No plugin found (libnccl-net.so), using internal implementation
c198-041:27463:27463 [3] NCCL INFO NET/Plugin : No plugin found (libnccl-net.so), using internal implementation
c198-061:30967:30967 [1] NCCL INFO Bootstrap : Using ib0:192.168.44.155<0>
c198-061:30966:30966 [0] NCCL INFO Bootstrap : Using ib0:192.168.44.155<0>
c198-061:30966:30966 [0] NCCL INFO NET/Plugin : No plugin found (libnccl-net.so), using internal implementation
c198-072:711:711 [3] NCCL INFO Bootstrap : Using ib0:192.168.44.158<0>
c198-061:30967:30967 [1] NCCL INFO NET/Plugin : No plugin found (libnccl-net.so), using internal implementation
c198-072:711:711 [3] NCCL INFO NET/Plugin : No plugin found (libnccl-net.so), using internal implementation
c198-042:29658:29658 [3] NCCL INFO NET/IB : Using [0]mlx4_0:1/IB [RO]; OOB ib0:192.168.44.152<0>
c198-042:29658:29658 [3] NCCL INFO Using network IB
c198-042:29657:29657 [2] NCCL INFO NET/IB : Using [0]mlx4_0:1/IB [RO]; OOB ib0:192.168.44.152<0>
c198-042:29657:29657 [2] NCCL INFO Using network IB
c198-112:11260:11260 [2] NCCL INFO Bootstrap : Using ib0:192.168.44.166<0>
c198-112:11260:11260 [2] NCCL INFO NET/Plugin : No plugin found (libnccl-net.so), using internal implementation
c197-032:25143:25143 [1] NCCL INFO Bootstrap : Using ib0:192.168.44.128<0>
c197-032:25143:25143 [1] NCCL INFO NET/Plugin : No plugin found (libnccl-net.so), using internal implementation
c198-062:17255:17255 [1] NCCL INFO Bootstrap : Using ib0:192.168.44.156<0>
c198-072:708:708 [0] NCCL INFO Bootstrap : Using ib0:192.168.44.158<0>
c198-062:17254:17254 [0] NCCL INFO Bootstrap : Using ib0:192.168.44.156<0>
c198-072:708:708 [0] NCCL INFO NET/Plugin : No plugin found (libnccl-net.so), using internal implementation
c198-062:17254:17254 [0] NCCL INFO NET/Plugin : No plugin found (libnccl-net.so), using internal implementation
c198-061:30966:30966 [0] NCCL INFO NET/IB : Using [0]mlx4_0:1/IB [RO]; OOB ib0:192.168.44.155<0>
c198-062:17255:17255 [1] NCCL INFO NET/Plugin : No plugin found (libnccl-net.so), using internal implementation
c198-061:30966:30966 [0] NCCL INFO Using network IB
c198-061:30967:30967 [1] NCCL INFO NET/IB : Using [0]mlx4_0:1/IB [RO]; OOB ib0:192.168.44.155<0>
c198-061:30967:30967 [1] NCCL INFO Using network IB
c198-072:711:711 [3] NCCL INFO NET/IB : Using [0]mlx4_0:1/IB [RO]; OOB ib0:192.168.44.158<0>
c198-072:711:711 [3] NCCL INFO Using network IB
c198-051:8012:8012 [0] NCCL INFO Bootstrap : Using ib0:192.168.44.153<0>
c198-051:8013:8013 [1] NCCL INFO Bootstrap : Using ib0:192.168.44.153<0>
c198-051:8012:8012 [0] NCCL INFO NET/Plugin : No plugin found (libnccl-net.so), using internal implementation
c198-051:8013:8013 [1] NCCL INFO NET/Plugin : No plugin found (libnccl-net.so), using internal implementation
c198-072:709:709 [1] NCCL INFO Bootstrap : Using ib0:192.168.44.158<0>
c198-072:709:709 [1] NCCL INFO NET/Plugin : No plugin found (libnccl-net.so), using internal implementation
c198-072:708:708 [0] NCCL INFO NET/IB : Using [0]mlx4_0:1/IB [RO]; OOB ib0:192.168.44.158<0>
c198-072:708:708 [0] NCCL INFO Using network IB
c197-032:25143:25143 [1] NCCL INFO NET/IB : Using [0]mlx4_0:1/IB [RO]; OOB ib0:192.168.44.128<0>
c197-032:25143:25143 [1] NCCL INFO Using network IB
c198-072:709:709 [1] NCCL INFO NET/IB : Using [0]mlx4_0:1/IB [RO]; OOB ib0:192.168.44.158<0>
c198-072:709:709 [1] NCCL INFO Using network IB
c198-112:11261:11261 [3] NCCL INFO Bootstrap : Using ib0:192.168.44.166<0>
c198-112:11261:11261 [3] NCCL INFO NET/Plugin : No plugin found (libnccl-net.so), using internal implementation
c198-112:11260:11260 [2] NCCL INFO NET/IB : Using [0]mlx4_0:1/IB [RO]; OOB ib0:192.168.44.166<0>
c198-112:11260:11260 [2] NCCL INFO Using network IB
c198-062:17254:17254 [0] NCCL INFO NET/IB : Using [0]mlx4_0:1/IB [RO]; OOB ib0:192.168.44.156<0>
c198-062:17254:17254 [0] NCCL INFO Using network IB
c198-062:17255:17255 [1] NCCL INFO NET/IB : Using [0]mlx4_0:1/IB [RO]; OOB ib0:192.168.44.156<0>
c198-062:17255:17255 [1] NCCL INFO Using network IB
c198-041:27460:27460 [0] NCCL INFO NET/IB : Using [0]mlx4_0:1/IB [RO]; OOB ib0:192.168.44.151<0>
c198-041:27460:27460 [0] NCCL INFO Using network IB
c198-041:27461:27461 [1] NCCL INFO NET/IB : Using [0]mlx4_0:1/IB [RO]; OOB ib0:192.168.44.151<0>
c198-041:27461:27461 [1] NCCL INFO Using network IB
c198-041:27462:27462 [2] NCCL INFO NET/IB : Using [0]mlx4_0:1/IB [RO]; OOB ib0:192.168.44.151<0>
c198-041:27462:27462 [2] NCCL INFO Using network IB
c198-041:27463:27463 [3] NCCL INFO NET/IB : Using [0]mlx4_0:1/IB [RO]; OOB ib0:192.168.44.151<0>
c198-041:27463:27463 [3] NCCL INFO Using network IB
c198-102:15075:15075 [0] NCCL INFO Bootstrap : Using ib0:192.168.44.164<0>
c198-102:15076:15076 [1] NCCL INFO Bootstrap : Using ib0:192.168.44.164<0>
c198-102:15077:15077 [2] NCCL INFO Bootstrap : Using ib0:192.168.44.164<0>
c198-102:15075:15075 [0] NCCL INFO NET/Plugin : No plugin found (libnccl-net.so), using internal implementation
c198-072:710:710 [2] NCCL INFO Bootstrap : Using ib0:192.168.44.158<0>
c198-102:15076:15076 [1] NCCL INFO NET/Plugin : No plugin found (libnccl-net.so), using internal implementation
c198-051:8012:8012 [0] NCCL INFO NET/IB : Using [0]mlx4_0:1/IB [RO]; OOB ib0:192.168.44.153<0>
c198-051:8012:8012 [0] NCCL INFO Using network IB
c198-102:15077:15077 [2] NCCL INFO NET/Plugin : No plugin found (libnccl-net.so), using internal implementation
c198-072:710:710 [2] NCCL INFO NET/Plugin : No plugin found (libnccl-net.so), using internal implementation
c198-051:8013:8013 [1] NCCL INFO NET/IB : Using [0]mlx4_0:1/IB [RO]; OOB ib0:192.168.44.153<0>
c198-051:8013:8013 [1] NCCL INFO Using network IB
c198-112:11259:11259 [1] NCCL INFO Bootstrap : Using ib0:192.168.44.166<0>
c198-112:11259:11259 [1] NCCL INFO NET/Plugin : No plugin found (libnccl-net.so), using internal implementation
c198-112:11261:11261 [3] NCCL INFO NET/IB : Using [0]mlx4_0:1/IB [RO]; OOB ib0:192.168.44.166<0>
c198-112:11261:11261 [3] NCCL INFO Using network IB
c197-032:25142:25142 [0] NCCL INFO Bootstrap : Using ib0:192.168.44.128<0>
c197-032:25142:25142 [0] NCCL INFO NET/Plugin : No plugin found (libnccl-net.so), using internal implementation
c198-072:710:710 [2] NCCL INFO NET/IB : Using [0]mlx4_0:1/IB [RO]; OOB ib0:192.168.44.158<0>
c198-072:710:710 [2] NCCL INFO Using network IB
c198-112:11258:11258 [0] NCCL INFO Bootstrap : Using ib0:192.168.44.166<0>
c198-112:11258:11258 [0] NCCL INFO NET/Plugin : No plugin found (libnccl-net.so), using internal implementation
c197-032:25142:25142 [0] NCCL INFO NET/IB : Using [0]mlx4_0:1/IB [RO]; OOB ib0:192.168.44.128<0>
c197-032:25142:25142 [0] NCCL INFO Using network IB
c198-112:11259:11259 [1] NCCL INFO NET/IB : Using [0]mlx4_0:1/IB [RO]; OOB ib0:192.168.44.166<0>
c198-112:11259:11259 [1] NCCL INFO Using network IB
c198-042:29655:29655 [0] NCCL INFO Bootstrap : Using ib0:192.168.44.152<0>
c198-112:11258:11258 [0] NCCL INFO NET/IB : Using [0]mlx4_0:1/IB [RO]; OOB ib0:192.168.44.166<0>
c198-112:11258:11258 [0] NCCL INFO Using network IB
c198-042:29656:29656 [1] NCCL INFO Bootstrap : Using ib0:192.168.44.152<0>
c198-042:29655:29655 [0] NCCL INFO NET/Plugin : No plugin found (libnccl-net.so), using internal implementation
c198-042:29656:29656 [1] NCCL INFO NET/Plugin : No plugin found (libnccl-net.so), using internal implementation
c198-102:15078:15078 [3] NCCL INFO Bootstrap : Using ib0:192.168.44.164<0>
c198-102:15078:15078 [3] NCCL INFO NET/Plugin : No plugin found (libnccl-net.so), using internal implementation
c198-042:29655:29655 [0] NCCL INFO NET/IB : Using [0]mlx4_0:1/IB [RO]; OOB ib0:192.168.44.152<0>
c198-042:29655:29655 [0] NCCL INFO Using network IB
c198-042:29656:29656 [1] NCCL INFO NET/IB : Using [0]mlx4_0:1/IB [RO]; OOB ib0:192.168.44.152<0>
c198-042:29656:29656 [1] NCCL INFO Using network IB
c198-102:15077:15077 [2] NCCL INFO NET/IB : Using [0]mlx4_0:1/IB [RO]; OOB ib0:192.168.44.164<0>
c198-102:15075:15075 [0] NCCL INFO NET/IB : Using [0]mlx4_0:1/IB [RO]; OOB ib0:192.168.44.164<0>
c198-102:15075:15075 [0] NCCL INFO Using network IB
c198-102:15077:15077 [2] NCCL INFO Using network IB
c198-102:15076:15076 [1] NCCL INFO NET/IB : Using [0]mlx4_0:1/IB [RO]; OOB ib0:192.168.44.164<0>
c198-102:15076:15076 [1] NCCL INFO Using network IB
c198-102:15078:15078 [3] NCCL INFO NET/IB : Using [0]mlx4_0:1/IB [RO]; OOB ib0:192.168.44.164<0>
c198-102:15078:15078 [3] NCCL INFO Using network IB
c197-031:14084:14138 [0] NCCL INFO Setting affinity for GPU 0 to 0f000f
c197-031:14085:14147 [1] NCCL INFO Setting affinity for GPU 1 to f000f0
c197-031:14087:14145 [3] NCCL INFO Setting affinity for GPU 3 to f000f000
c197-031:14086:14143 [2] NCCL INFO Setting affinity for GPU 2 to 0f000f00
c198-062:17257:17308 [3] NCCL INFO Setting affinity for GPU 3 to f000f000
c198-032:7954:8010 [3] NCCL INFO Setting affinity for GPU 3 to f000f000
c198-031:14105:14155 [3] NCCL INFO Setting affinity for GPU 3 to f000f000
c198-111:3130:3182 [3] NCCL INFO Setting affinity for GPU 3 to f000f000
c198-072:711:764 [3] NCCL INFO Setting affinity for GPU 3 to f000f000
c198-051:8015:8067 [3] NCCL INFO Setting affinity for GPU 3 to f000f000
c198-041:27463:27519 [3] NCCL INFO Setting affinity for GPU 3 to f000f000
c197-032:25145:25198 [3] NCCL INFO Setting affinity for GPU 3 to f000f000
c197-041:25377:25429 [3] NCCL INFO Setting affinity for GPU 3 to f000f000
c198-042:29658:29709 [3] NCCL INFO Setting affinity for GPU 3 to f000f000
c198-052:6143:6197 [3] NCCL INFO Setting affinity for GPU 3 to f000f000
c198-061:30969:31019 [3] NCCL INFO Setting affinity for GPU 3 to f000f000
c198-102:15078:15137 [3] NCCL INFO Setting affinity for GPU 3 to f000f000
c198-112:11261:11313 [3] NCCL INFO Setting affinity for GPU 3 to f000f000
c198-071:7285:7339 [3] NCCL INFO Setting affinity for GPU 3 to f000f000
c198-062:17256:17309 [2] NCCL INFO Setting affinity for GPU 2 to 0f000f00
c198-061:30968:31021 [2] NCCL INFO Setting affinity for GPU 2 to 0f000f00
c198-071:7284:7337 [2] NCCL INFO Setting affinity for GPU 2 to 0f000f00
c198-062:17254:17312 [0] NCCL INFO Setting affinity for GPU 0 to 0f000f
c198-112:11258:11317 [0] NCCL INFO Setting affinity for GPU 0 to 0f000f
c198-052:6140:6193 [0] NCCL INFO Setting affinity for GPU 0 to 0f000f
c198-042:29655:29713 [0] NCCL INFO Setting affinity for GPU 0 to 0f000f
c198-052:6142:6199 [2] NCCL INFO Setting affinity for GPU 2 to 0f000f00
c198-061:30967:31025 [1] NCCL INFO Setting affinity for GPU 1 to f000f0
c197-032:25144:25197 [2] NCCL INFO Setting affinity for GPU 2 to 0f000f00
c198-072:710:771 [2] NCCL INFO Setting affinity for GPU 2 to 0f000f00
c198-052:6141:6195 [1] NCCL INFO Setting affinity for GPU 1 to f000f0
c198-102:15075:15134 [0] NCCL INFO Setting affinity for GPU 0 to 0f000f
c198-051:8012:8070 [0] NCCL INFO Setting affinity for GPU 0 to 0f000f
c198-061:30966:31024 [0] NCCL INFO Setting affinity for GPU 0 to 0f000f
c198-062:17255:17313 [1] NCCL INFO Setting affinity for GPU 1 to f000f0
c198-041:27460:27515 [0] NCCL INFO Setting affinity for GPU 0 to 0f000f
c197-041:25374:25434 [0] NCCL INFO Setting affinity for GPU 0 to 0f000f
c198-041:27461:27516 [1] NCCL INFO Setting affinity for GPU 1 to f000f0
c198-112:11260:11311 [2] NCCL INFO Setting affinity for GPU 2 to 0f000f00
c198-042:29657:29710 [2] NCCL INFO Setting affinity for GPU 2 to 0f000f00
c198-111:3127:3186 [0] NCCL INFO Setting affinity for GPU 0 to 0f000f
c198-031:14102:14161 [0] NCCL INFO Setting affinity for GPU 0 to 0f000f
c198-072:708:766 [0] NCCL INFO Setting affinity for GPU 0 to 0f000f
c198-031:14104:14157 [2] NCCL INFO Setting affinity for GPU 2 to 0f000f00
c198-051:8014:8066 [2] NCCL INFO Setting affinity for GPU 2 to 0f000f00
c198-071:7282:7343 [0] NCCL INFO Setting affinity for GPU 0 to 0f000f
c198-071:7283:7342 [1] NCCL INFO Setting affinity for GPU 1 to f000f0
c198-111:3128:3184 [1] NCCL INFO Setting affinity for GPU 1 to f000f0
c198-032:7951:8006 [0] NCCL INFO Setting affinity for GPU 0 to 0f000f
c198-042:29656:29714 [1] NCCL INFO Setting affinity for GPU 1 to f000f0
c198-032:7953:8008 [2] NCCL INFO Setting affinity for GPU 2 to 0f000f00
c198-031:14103:14159 [1] NCCL INFO Setting affinity for GPU 1 to f000f0
c198-112:11259:11315 [1] NCCL INFO Setting affinity for GPU 1 to f000f0
c198-032:7952:8004 [1] NCCL INFO Setting affinity for GPU 1 to f000f0
c198-041:27462:27517 [2] NCCL INFO Setting affinity for GPU 2 to 0f000f00
c197-041:25376:25435 [2] NCCL INFO Setting affinity for GPU 2 to 0f000f00
c198-111:3129:3180 [2] NCCL INFO Setting affinity for GPU 2 to 0f000f00
c198-051:8013:8071 [1] NCCL INFO Setting affinity for GPU 1 to f000f0
c198-072:709:769 [1] NCCL INFO Setting affinity for GPU 1 to f000f0
c197-041:25375:25431 [1] NCCL INFO Setting affinity for GPU 1 to f000f0
c198-102:15077:15133 [2] NCCL INFO Setting affinity for GPU 2 to 0f000f00
c197-032:25143:25200 [1] NCCL INFO Setting affinity for GPU 1 to f000f0
c197-032:25142:25202 [0] NCCL INFO Setting affinity for GPU 0 to 0f000f
c198-102:15076:15135 [1] NCCL INFO Setting affinity for GPU 1 to f000f0
c198-072:710:771 [2] NCCL INFO Trees [0] 51/-1/-1->50->49 [1] 51/-1/-1->50->49
c198-102:15075:15134 [0] NCCL INFO Trees [0] 53/-1/-1->52->57 [1] 53/48/-1->52->45
c198-062:17257:17308 [3] NCCL INFO Trees [0] -1/-1/-1->43->42 [1] -1/-1/-1->43->42
c198-072:711:764 [3] NCCL INFO Trees [0] -1/-1/-1->51->50 [1] -1/-1/-1->51->50
c198-071:7285:7339 [3] NCCL INFO Trees [0] -1/-1/-1->47->46 [1] -1/-1/-1->47->46
c198-072:708:766 [0] NCCL INFO Trees [0] 49/56/-1->48->32 [1] 49/-1/-1->48->52
c198-071:7284:7337 [2] NCCL INFO Trees [0] 47/-1/-1->46->45 [1] 47/-1/-1->46->45
c198-072:709:769 [1] NCCL INFO Trees [0] 50/40/-1->49->48 [1] 50/-1/-1->49->48
c198-071:7283:7342 [1] NCCL INFO Trees [0] 46/-1/-1->45->44 [1] 46/52/-1->45->44
c198-062:17256:17309 [2] NCCL INFO Trees [0] 43/-1/-1->42->41 [1] 43/-1/-1->42->41
c198-071:7282:7343 [0] NCCL INFO Trees [0] 45/-1/-1->44->40 [1] 45/36/-1->44->29
c198-061:30969:31019 [3] NCCL INFO Trees [0] -1/-1/-1->39->38 [1] -1/-1/-1->39->38
c198-062:17254:17312 [0] NCCL INFO Trees [0] 41/44/-1->40->49 [1] 41/-1/-1->40->37
c198-061:30968:31021 [2] NCCL INFO Trees [0] 39/-1/-1->38->37 [1] 39/-1/-1->38->37
c198-062:17255:17313 [1] NCCL INFO Trees [0] 42/36/-1->41->40 [1] 42/-1/-1->41->40
c198-102:15077:15133 [2] NCCL INFO Trees [0] 55/-1/-1->54->53 [1] 55/-1/-1->54->53
c198-051:8015:8067 [3] NCCL INFO Trees [0] -1/-1/-1->31->30 [1] -1/-1/-1->31->30
c198-061:30967:31025 [1] NCCL INFO Trees [0] 38/-1/-1->37->36 [1] 38/40/-1->37->36
c198-052:6142:6199 [2] NCCL INFO Trees [0] 35/-1/-1->34->33 [1] 35/-1/-1->34->33
c198-102:15078:15137 [3] NCCL INFO Trees [0] -1/-1/-1->55->54 [1] -1/-1/-1->55->54
c198-051:8014:8066 [2] NCCL INFO Trees [0] 31/-1/-1->30->29 [1] 31/-1/-1->30->29
c198-061:30966:31024 [0] NCCL INFO Trees [0] 37/-1/-1->36->41 [1] 37/32/-1->36->44
c198-052:6143:6197 [3] NCCL INFO Trees [0] -1/-1/-1->35->34 [1] -1/-1/-1->35->34
c198-042:29658:29709 [3] NCCL INFO Trees [0] -1/-1/-1->27->26 [1] -1/-1/-1->27->26
c198-102:15076:15135 [1] NCCL INFO Trees [0] 54/-1/-1->53->52 [1] 54/56/-1->53->52
c198-051:8012:8070 [0] NCCL INFO Trees [0] 29/-1/-1->28->24 [1] 29/12/-1->28->60
c198-052:6141:6195 [1] NCCL INFO Trees [0] 34/16/-1->33->32 [1] 34/-1/-1->33->32
c198-042:29657:29710 [2] NCCL INFO Trees [0] 27/-1/-1->26->25 [1] 27/-1/-1->26->25
c198-051:8013:8071 [1] NCCL INFO Trees [0] 30/-1/-1->29->28 [1] 30/44/-1->29->28
c198-052:6140:6193 [0] NCCL INFO Trees [0] 33/48/-1->32->0 [1] 33/-1/-1->32->36
c198-042:29656:29714 [1] NCCL INFO Trees [0] 26/20/-1->25->24 [1] 26/-1/-1->25->24
c198-032:7954:8010 [3] NCCL INFO Trees [0] -1/-1/-1->19->18 [1] -1/-1/-1->19->18
c198-041:27461:27516 [1] NCCL INFO Trees [0] 22/-1/-1->21->20 [1] 22/24/-1->21->20
c198-042:29655:29713 [0] NCCL INFO Trees [0] 25/28/-1->24->16 [1] 25/-1/-1->24->21
c197-031:14084:14138 [0] NCCL INFO Channel 00/02 :    0   1   2   3   4   5   6   7   8   9  10  11  12  13  14  15  16  17  18  19
c197-031:14084:14138 [0] NCCL INFO Channel 01/02 :    0   1   2   3   4   5   6   7   8   9  10  11  12  13  14  15  16  17  18  19
c198-032:7953:8008 [2] NCCL INFO Trees [0] 19/-1/-1->18->17 [1] 19/-1/-1->18->17
c197-041:25374:25434 [0] NCCL INFO Trees [0] 9/12/-1->8->17 [1] 9/-1/-1->8->5
c198-031:14104:14157 [2] NCCL INFO Trees [0] 15/-1/-1->14->13 [1] 15/-1/-1->14->13
c198-112:11258:11317 [0] NCCL INFO Trees [0] 61/-1/-1->60->56 [1] 61/28/-1->60->-1
c198-041:27462:27517 [2] NCCL INFO Trees [0] 23/-1/-1->22->21 [1] 23/-1/-1->22->21
c198-111:3127:3186 [0] NCCL INFO Trees [0] 57/60/-1->56->48 [1] 57/-1/-1->56->53
c197-031:14084:14138 [0] NCCL INFO Trees [0] 1/32/-1->0->-1 [1] 1/-1/-1->0->4
c198-032:7952:8004 [1] NCCL INFO Trees [0] 18/8/-1->17->16 [1] 18/-1/-1->17->16
c197-032:25143:25200 [1] NCCL INFO Trees [0] 6/-1/-1->5->4 [1] 6/8/-1->5->4
c197-041:25376:25435 [2] NCCL INFO Trees [0] 11/-1/-1->10->9 [1] 11/-1/-1->10->9
c198-031:14105:14155 [3] NCCL INFO Trees [0] -1/-1/-1->15->14 [1] -1/-1/-1->15->14
c198-112:11261:11313 [3] NCCL INFO Trees [0] -1/-1/-1->63->62 [1] -1/-1/-1->63->62
c198-041:27463:27519 [3] NCCL INFO Trees [0] -1/-1/-1->23->22 [1] -1/-1/-1->23->22
c198-111:3129:3180 [2] NCCL INFO Trees [0] 59/-1/-1->58->57 [1] 59/-1/-1->58->57
c197-031:14085:14147 [1] NCCL INFO Trees [0] 2/-1/-1->1->0 [1] 2/-1/-1->1->0
c198-032:7951:8006 [0] NCCL INFO Trees [0] 17/24/-1->16->33 [1] 17/-1/-1->16->20
c197-032:25142:25202 [0] NCCL INFO Trees [0] 5/-1/-1->4->9 [1] 5/0/-1->4->12
c197-041:25375:25431 [1] NCCL INFO Trees [0] 10/4/-1->9->8 [1] 10/-1/-1->9->8
c198-031:14103:14159 [1] NCCL INFO Trees [0] 14/-1/-1->13->12 [1] 14/20/-1->13->12
c198-112:11260:11311 [2] NCCL INFO Trees [0] 63/-1/-1->62->61 [1] 63/-1/-1->62->61
c198-041:27460:27515 [0] NCCL INFO Trees [0] 21/-1/-1->20->25 [1] 21/16/-1->20->13
c198-111:3130:3182 [3] NCCL INFO Trees [0] -1/-1/-1->59->58 [1] -1/-1/-1->59->58
c197-031:14087:14145 [3] NCCL INFO Trees [0] -1/-1/-1->3->2 [1] -1/-1/-1->3->2
c197-032:25144:25197 [2] NCCL INFO Trees [0] 7/-1/-1->6->5 [1] 7/-1/-1->6->5
c197-041:25377:25429 [3] NCCL INFO Trees [0] -1/-1/-1->11->10 [1] -1/-1/-1->11->10
c198-031:14102:14161 [0] NCCL INFO Trees [0] 13/-1/-1->12->8 [1] 13/4/-1->12->28
c198-112:11259:11315 [1] NCCL INFO Trees [0] 62/-1/-1->61->60 [1] 62/-1/-1->61->60
c198-111:3128:3184 [1] NCCL INFO Trees [0] 58/52/-1->57->56 [1] 58/-1/-1->57->56
c197-031:14086:14143 [2] NCCL INFO Trees [0] 3/-1/-1->2->1 [1] 3/-1/-1->2->1
c197-032:25145:25198 [3] NCCL INFO Trees [0] -1/-1/-1->7->6 [1] -1/-1/-1->7->6
c198-102:15075:15134 [0] NCCL INFO Channel 00/0 : 51[83000] -> 52[2000] [receive] via NET/IB/0
c198-072:708:766 [0] NCCL INFO Channel 00/0 : 47[83000] -> 48[2000] [receive] via NET/IB/0
c198-062:17254:17312 [0] NCCL INFO Channel 00/0 : 39[83000] -> 40[2000] [receive] via NET/IB/0
c198-071:7282:7343 [0] NCCL INFO Channel 00/0 : 43[83000] -> 44[2000] [receive] via NET/IB/0
c198-061:30966:31024 [0] NCCL INFO Channel 00/0 : 35[83000] -> 36[2000] [receive] via NET/IB/0
c198-051:8012:8070 [0] NCCL INFO Channel 00/0 : 27[83000] -> 28[2000] [receive] via NET/IB/0
c198-112:11258:11317 [0] NCCL INFO Channel 00/0 : 59[83000] -> 60[2000] [receive] via NET/IB/0
c197-041:25374:25434 [0] NCCL INFO Channel 00/0 : 7[83000] -> 8[2000] [receive] via NET/IB/0
c198-031:14102:14161 [0] NCCL INFO Channel 00/0 : 11[83000] -> 12[2000] [receive] via NET/IB/0
c197-032:25142:25202 [0] NCCL INFO Channel 00/0 : 3[83000] -> 4[2000] [receive] via NET/IB/0
c198-052:6140:6193 [0] NCCL INFO Channel 00/0 : 31[83000] -> 32[2000] [receive] via NET/IB/0
c197-031:14084:14138 [0] NCCL INFO Channel 00/0 : 63[83000] -> 0[2000] [receive] via NET/IB/0
c198-041:27460:27515 [0] NCCL INFO Channel 00/0 : 19[83000] -> 20[2000] [receive] via NET/IB/0
c198-042:29655:29713 [0] NCCL INFO Channel 00/0 : 23[83000] -> 24[2000] [receive] via NET/IB/0
c198-032:7951:8006 [0] NCCL INFO Channel 00/0 : 15[83000] -> 16[2000] [receive] via NET/IB/0
c198-111:3127:3186 [0] NCCL INFO Channel 00/0 : 55[83000] -> 56[2000] [receive] via NET/IB/0
c198-071:7284:7337 [2] NCCL INFO Channel 00 : 46[82000] -> 47[83000] via direct shared memory
c198-071:7284:7337 [2] NCCL INFO Channel 01 : 46[82000] -> 47[83000] via direct shared memory
c198-072:710:771 [2] NCCL INFO Channel 00 : 50[82000] -> 51[83000] via direct shared memory
c198-072:710:771 [2] NCCL INFO Channel 01 : 50[82000] -> 51[83000] via direct shared memory
c198-061:30968:31021 [2] NCCL INFO Channel 00 : 38[82000] -> 39[83000] via direct shared memory
c198-062:17256:17309 [2] NCCL INFO Channel 00 : 42[82000] -> 43[83000] via direct shared memory
c198-061:30968:31021 [2] NCCL INFO Channel 01 : 38[82000] -> 39[83000] via direct shared memory
c198-062:17256:17309 [2] NCCL INFO Channel 01 : 42[82000] -> 43[83000] via direct shared memory
c198-051:8014:8066 [2] NCCL INFO Channel 00 : 30[82000] -> 31[83000] via direct shared memory
c198-031:14104:14157 [2] NCCL INFO Channel 00 : 14[82000] -> 15[83000] via direct shared memory
c198-112:11260:11311 [2] NCCL INFO Channel 00 : 62[82000] -> 63[83000] via direct shared memory
c198-102:15077:15133 [2] NCCL INFO Channel 00 : 54[82000] -> 55[83000] via direct shared memory
c198-051:8014:8066 [2] NCCL INFO Channel 01 : 30[82000] -> 31[83000] via direct shared memory
c198-112:11260:11311 [2] NCCL INFO Channel 01 : 62[82000] -> 63[83000] via direct shared memory
c198-042:29657:29710 [2] NCCL INFO Channel 00 : 26[82000] -> 27[83000] via direct shared memory
c198-061:30967:31025 [1] NCCL INFO Channel 00 : 37[3000] -> 38[82000] via direct shared memory
c198-031:14104:14157 [2] NCCL INFO Channel 01 : 14[82000] -> 15[83000] via direct shared memory
c198-071:7283:7342 [1] NCCL INFO Channel 00 : 45[3000] -> 46[82000] via direct shared memory
c198-042:29657:29710 [2] NCCL INFO Channel 01 : 26[82000] -> 27[83000] via direct shared memory
c198-102:15077:15133 [2] NCCL INFO Channel 01 : 54[82000] -> 55[83000] via direct shared memory
c198-061:30967:31025 [1] NCCL INFO Channel 01 : 37[3000] -> 38[82000] via direct shared memory
c198-032:7953:8008 [2] NCCL INFO Channel 00 : 18[82000] -> 19[83000] via direct shared memory
c197-041:25376:25435 [2] NCCL INFO Channel 00 : 10[82000] -> 11[83000] via direct shared memory
c198-032:7953:8008 [2] NCCL INFO Channel 01 : 18[82000] -> 19[83000] via direct shared memory
c197-041:25376:25435 [2] NCCL INFO Channel 01 : 10[82000] -> 11[83000] via direct shared memory
c198-071:7283:7342 [1] NCCL INFO Channel 01 : 45[3000] -> 46[82000] via direct shared memory
c197-032:25144:25197 [2] NCCL INFO Channel 00 : 6[82000] -> 7[83000] via direct shared memory
c197-032:25144:25197 [2] NCCL INFO Channel 01 : 6[82000] -> 7[83000] via direct shared memory
c198-052:6142:6199 [2] NCCL INFO Channel 00 : 34[82000] -> 35[83000] via direct shared memory
c198-031:14103:14159 [1] NCCL INFO Channel 00 : 13[3000] -> 14[82000] via direct shared memory
c198-052:6141:6195 [1] NCCL INFO Channel 00 : 33[3000] -> 34[82000] via direct shared memory
c198-031:14103:14159 [1] NCCL INFO Channel 01 : 13[3000] -> 14[82000] via direct shared memory
c198-052:6142:6199 [2] NCCL INFO Channel 01 : 34[82000] -> 35[83000] via direct shared memory
c198-052:6141:6195 [1] NCCL INFO Channel 01 : 33[3000] -> 34[82000] via direct shared memory
c197-032:25143:25200 [1] NCCL INFO Channel 00 : 5[3000] -> 6[82000] via direct shared memory
c198-041:27462:27517 [2] NCCL INFO Channel 00 : 22[82000] -> 23[83000] via direct shared memory
c197-032:25143:25200 [1] NCCL INFO Channel 01 : 5[3000] -> 6[82000] via direct shared memory
c198-041:27461:27516 [1] NCCL INFO Channel 00 : 21[3000] -> 22[82000] via direct shared memory
c198-041:27462:27517 [2] NCCL INFO Channel 01 : 22[82000] -> 23[83000] via direct shared memory
c198-041:27461:27516 [1] NCCL INFO Channel 01 : 21[3000] -> 22[82000] via direct shared memory
c198-032:7952:8004 [1] NCCL INFO Channel 00 : 17[3000] -> 18[82000] via direct shared memory
c198-032:7952:8004 [1] NCCL INFO Channel 01 : 17[3000] -> 18[82000] via direct shared memory
c197-031:14086:14143 [2] NCCL INFO Channel 00 : 2[82000] -> 3[83000] via direct shared memory
c197-031:14085:14147 [1] NCCL INFO Channel 00 : 1[3000] -> 2[82000] via direct shared memory
c197-031:14086:14143 [2] NCCL INFO Channel 01 : 2[82000] -> 3[83000] via direct shared memory
c197-031:14085:14147 [1] NCCL INFO Channel 01 : 1[3000] -> 2[82000] via direct shared memory
c198-111:3129:3180 [2] NCCL INFO Channel 00 : 58[82000] -> 59[83000] via direct shared memory
c198-071:7285:7339 [3] NCCL INFO Channel 00/0 : 47[83000] -> 48[2000] [send] via NET/IB/0
c198-111:3128:3184 [1] NCCL INFO Channel 00 : 57[3000] -> 58[82000] via direct shared memory
c198-111:3129:3180 [2] NCCL INFO Channel 01 : 58[82000] -> 59[83000] via direct shared memory
c198-072:711:764 [3] NCCL INFO Channel 00/0 : 51[83000] -> 52[2000] [send] via NET/IB/0
c198-111:3128:3184 [1] NCCL INFO Channel 01 : 57[3000] -> 58[82000] via direct shared memory
c198-062:17257:17308 [3] NCCL INFO Channel 00/0 : 43[83000] -> 44[2000] [send] via NET/IB/0
c198-061:30969:31019 [3] NCCL INFO Channel 00/0 : 39[83000] -> 40[2000] [send] via NET/IB/0
c198-051:8015:8067 [3] NCCL INFO Channel 00/0 : 31[83000] -> 32[2000] [send] via NET/IB/0
c198-112:11261:11313 [3] NCCL INFO Channel 00/0 : 63[83000] -> 0[2000] [send] via NET/IB/0
c198-031:14105:14155 [3] NCCL INFO Channel 00/0 : 15[83000] -> 16[2000] [send] via NET/IB/0
c198-042:29658:29709 [3] NCCL INFO Channel 00/0 : 27[83000] -> 28[2000] [send] via NET/IB/0
c197-041:25377:25429 [3] NCCL INFO Channel 00/0 : 11[83000] -> 12[2000] [send] via NET/IB/0
c198-041:27463:27519 [3] NCCL INFO Channel 00/0 : 23[83000] -> 24[2000] [send] via NET/IB/0
c198-102:15078:15137 [3] NCCL INFO Channel 00/0 : 55[83000] -> 56[2000] [send] via NET/IB/0
c198-032:7954:8010 [3] NCCL INFO Channel 00/0 : 19[83000] -> 20[2000] [send] via NET/IB/0
c197-032:25145:25198 [3] NCCL INFO Channel 00/0 : 7[83000] -> 8[2000] [send] via NET/IB/0
c198-052:6143:6197 [3] NCCL INFO Channel 00/0 : 35[83000] -> 36[2000] [send] via NET/IB/0
c198-072:709:769 [1] NCCL INFO Channel 00 : 49[3000] -> 50[82000] via direct shared memory
c198-072:709:769 [1] NCCL INFO Channel 01 : 49[3000] -> 50[82000] via direct shared memory
c197-031:14087:14145 [3] NCCL INFO Channel 00/0 : 3[83000] -> 4[2000] [send] via NET/IB/0
c198-051:8013:8071 [1] NCCL INFO Channel 00 : 29[3000] -> 30[82000] via direct shared memory
c198-051:8013:8071 [1] NCCL INFO Channel 01 : 29[3000] -> 30[82000] via direct shared memory
c198-111:3130:3182 [3] NCCL INFO Channel 00/0 : 59[83000] -> 60[2000] [send] via NET/IB/0
c197-041:25375:25431 [1] NCCL INFO Channel 00 : 9[3000] -> 10[82000] via direct shared memory
c198-102:15076:15135 [1] NCCL INFO Channel 00 : 53[3000] -> 54[82000] via direct shared memory
c197-041:25375:25431 [1] NCCL INFO Channel 01 : 9[3000] -> 10[82000] via direct shared memory
c198-102:15076:15135 [1] NCCL INFO Channel 01 : 53[3000] -> 54[82000] via direct shared memory
c198-112:11259:11315 [1] NCCL INFO Channel 00 : 61[3000] -> 62[82000] via direct shared memory
c198-062:17255:17313 [1] NCCL INFO Channel 00 : 41[3000] -> 42[82000] via direct shared memory
c198-112:11259:11315 [1] NCCL INFO Channel 01 : 61[3000] -> 62[82000] via direct shared memory
c198-062:17255:17313 [1] NCCL INFO Channel 01 : 41[3000] -> 42[82000] via direct shared memory
c198-042:29656:29714 [1] NCCL INFO Channel 00 : 25[3000] -> 26[82000] via direct shared memory
c198-042:29656:29714 [1] NCCL INFO Channel 01 : 25[3000] -> 26[82000] via direct shared memory
c198-102:15075:15134 [0] NCCL INFO Channel 01/0 : 51[83000] -> 52[2000] [receive] via NET/IB/0
c198-102:15075:15134 [0] NCCL INFO Channel 00 : 52[2000] -> 53[3000] via direct shared memory
c198-102:15075:15134 [0] NCCL INFO Channel 01 : 52[2000] -> 53[3000] via direct shared memory
c198-062:17254:17312 [0] NCCL INFO Channel 01/0 : 39[83000] -> 40[2000] [receive] via NET/IB/0
c198-071:7282:7343 [0] NCCL INFO Channel 01/0 : 43[83000] -> 44[2000] [receive] via NET/IB/0
c198-072:708:766 [0] NCCL INFO Channel 01/0 : 47[83000] -> 48[2000] [receive] via NET/IB/0
c198-062:17254:17312 [0] NCCL INFO Channel 00 : 40[2000] -> 41[3000] via direct shared memory
c198-071:7282:7343 [0] NCCL INFO Channel 00 : 44[2000] -> 45[3000] via direct shared memory
c198-072:708:766 [0] NCCL INFO Channel 00 : 48[2000] -> 49[3000] via direct shared memory
c198-062:17254:17312 [0] NCCL INFO Channel 01 : 40[2000] -> 41[3000] via direct shared memory
c198-071:7282:7343 [0] NCCL INFO Channel 01 : 44[2000] -> 45[3000] via direct shared memory
c198-072:708:766 [0] NCCL INFO Channel 01 : 48[2000] -> 49[3000] via direct shared memory
c198-061:30966:31024 [0] NCCL INFO Channel 01/0 : 35[83000] -> 36[2000] [receive] via NET/IB/0
c198-051:8012:8070 [0] NCCL INFO Channel 01/0 : 27[83000] -> 28[2000] [receive] via NET/IB/0
c198-061:30966:31024 [0] NCCL INFO Channel 00 : 36[2000] -> 37[3000] via direct shared memory
c198-051:8012:8070 [0] NCCL INFO Channel 00 : 28[2000] -> 29[3000] via direct shared memory
c197-032:25142:25202 [0] NCCL INFO Channel 01/0 : 3[83000] -> 4[2000] [receive] via NET/IB/0
c197-041:25374:25434 [0] NCCL INFO Channel 01/0 : 7[83000] -> 8[2000] [receive] via NET/IB/0
c198-061:30966:31024 [0] NCCL INFO Channel 01 : 36[2000] -> 37[3000] via direct shared memory
c198-112:11258:11317 [0] NCCL INFO Channel 01/0 : 59[83000] -> 60[2000] [receive] via NET/IB/0
c198-041:27460:27515 [0] NCCL INFO Channel 01/0 : 19[83000] -> 20[2000] [receive] via NET/IB/0
c197-031:14084:14138 [0] NCCL INFO Channel 01/0 : 63[83000] -> 0[2000] [receive] via NET/IB/0
c198-051:8012:8070 [0] NCCL INFO Channel 01 : 28[2000] -> 29[3000] via direct shared memory
c197-032:25142:25202 [0] NCCL INFO Channel 00 : 4[2000] -> 5[3000] via direct shared memory
c198-112:11258:11317 [0] NCCL INFO Channel 00 : 60[2000] -> 61[3000] via direct shared memory
c197-041:25374:25434 [0] NCCL INFO Channel 00 : 8[2000] -> 9[3000] via direct shared memory
c198-041:27460:27515 [0] NCCL INFO Channel 00 : 20[2000] -> 21[3000] via direct shared memory
c197-032:25142:25202 [0] NCCL INFO Channel 01 : 4[2000] -> 5[3000] via direct shared memory
c198-112:11258:11317 [0] NCCL INFO Channel 01 : 60[2000] -> 61[3000] via direct shared memory
c197-041:25374:25434 [0] NCCL INFO Channel 01 : 8[2000] -> 9[3000] via direct shared memory
c198-031:14102:14161 [0] NCCL INFO Channel 01/0 : 11[83000] -> 12[2000] [receive] via NET/IB/0
c198-041:27460:27515 [0] NCCL INFO Channel 01 : 20[2000] -> 21[3000] via direct shared memory
c197-031:14084:14138 [0] NCCL INFO Channel 00 : 0[2000] -> 1[3000] via direct shared memory
c198-052:6140:6193 [0] NCCL INFO Channel 01/0 : 31[83000] -> 32[2000] [receive] via NET/IB/0
c198-042:29655:29713 [0] NCCL INFO Channel 01/0 : 23[83000] -> 24[2000] [receive] via NET/IB/0
c197-031:14084:14138 [0] NCCL INFO Channel 01 : 0[2000] -> 1[3000] via direct shared memory
c198-031:14102:14161 [0] NCCL INFO Channel 00 : 12[2000] -> 13[3000] via direct shared memory
c198-052:6140:6193 [0] NCCL INFO Channel 00 : 32[2000] -> 33[3000] via direct shared memory
c198-031:14102:14161 [0] NCCL INFO Channel 01 : 12[2000] -> 13[3000] via direct shared memory
c198-042:29655:29713 [0] NCCL INFO Channel 00 : 24[2000] -> 25[3000] via direct shared memory
c198-052:6140:6193 [0] NCCL INFO Channel 01 : 32[2000] -> 33[3000] via direct shared memory
c198-042:29655:29713 [0] NCCL INFO Channel 01 : 24[2000] -> 25[3000] via direct shared memory
c198-032:7951:8006 [0] NCCL INFO Channel 01/0 : 15[83000] -> 16[2000] [receive] via NET/IB/0
c198-032:7951:8006 [0] NCCL INFO Channel 00 : 16[2000] -> 17[3000] via direct shared memory
c198-032:7951:8006 [0] NCCL INFO Channel 01 : 16[2000] -> 17[3000] via direct shared memory
