TACC:  Starting up job 6212663 
TACC:  Starting parallel tasks... 
# nThread 1 nGpus 1 minBytes 65536 maxBytes 268435456 step: 2(factor) warmup iters: 5 iters: 60 agg iters: 1 validation: 1 graph: 0
#
# Using devices
#  Rank  0 Group  0 Pid  24521 on   c196-042 device  0 [0x02] Quadro RTX 5000
#  Rank  1 Group  0 Pid  24522 on   c196-042 device  1 [0x03] Quadro RTX 5000
#  Rank  2 Group  0 Pid  24523 on   c196-042 device  2 [0x82] Quadro RTX 5000
#  Rank  3 Group  0 Pid  24524 on   c196-042 device  3 [0x83] Quadro RTX 5000
#  Rank  4 Group  0 Pid   9390 on   c196-051 device  0 [0x02] Quadro RTX 5000
#  Rank  5 Group  0 Pid   9391 on   c196-051 device  1 [0x03] Quadro RTX 5000
#  Rank  6 Group  0 Pid   9392 on   c196-051 device  2 [0x82] Quadro RTX 5000
#  Rank  7 Group  0 Pid   9393 on   c196-051 device  3 [0x83] Quadro RTX 5000
#  Rank  8 Group  0 Pid  18119 on   c198-011 device  0 [0x02] Quadro RTX 5000
#  Rank  9 Group  0 Pid  18120 on   c198-011 device  1 [0x03] Quadro RTX 5000
#  Rank 10 Group  0 Pid  18121 on   c198-011 device  2 [0x82] Quadro RTX 5000
#  Rank 11 Group  0 Pid  18122 on   c198-011 device  3 [0x83] Quadro RTX 5000
#  Rank 12 Group  0 Pid  15174 on   c198-012 device  0 [0x02] Quadro RTX 5000
#  Rank 13 Group  0 Pid  15175 on   c198-012 device  1 [0x03] Quadro RTX 5000
#  Rank 14 Group  0 Pid  15176 on   c198-012 device  2 [0x82] Quadro RTX 5000
#  Rank 15 Group  0 Pid  15177 on   c198-012 device  3 [0x83] Quadro RTX 5000
#  Rank 16 Group  0 Pid  27119 on   c198-021 device  0 [0x02] Quadro RTX 5000
#  Rank 17 Group  0 Pid  27120 on   c198-021 device  1 [0x03] Quadro RTX 5000
#  Rank 18 Group  0 Pid  27121 on   c198-021 device  2 [0x82] Quadro RTX 5000
#  Rank 19 Group  0 Pid  27122 on   c198-021 device  3 [0x83] Quadro RTX 5000
#  Rank 20 Group  0 Pid  23317 on   c198-022 device  0 [0x02] Quadro RTX 5000
#  Rank 21 Group  0 Pid  23318 on   c198-022 device  1 [0x03] Quadro RTX 5000
#  Rank 22 Group  0 Pid  23319 on   c198-022 device  2 [0x82] Quadro RTX 5000
#  Rank 23 Group  0 Pid  23320 on   c198-022 device  3 [0x83] Quadro RTX 5000
#  Rank 24 Group  0 Pid  27495 on   c198-031 device  0 [0x02] Quadro RTX 5000
#  Rank 25 Group  0 Pid  27496 on   c198-031 device  1 [0x03] Quadro RTX 5000
#  Rank 26 Group  0 Pid  27497 on   c198-031 device  2 [0x82] Quadro RTX 5000
#  Rank 27 Group  0 Pid  27498 on   c198-031 device  3 [0x83] Quadro RTX 5000
#  Rank 28 Group  0 Pid  21303 on   c198-032 device  0 [0x02] Quadro RTX 5000
#  Rank 29 Group  0 Pid  21304 on   c198-032 device  1 [0x03] Quadro RTX 5000
#  Rank 30 Group  0 Pid  21305 on   c198-032 device  2 [0x82] Quadro RTX 5000
#  Rank 31 Group  0 Pid  21306 on   c198-032 device  3 [0x83] Quadro RTX 5000
#  Rank 32 Group  0 Pid   8499 on   c198-041 device  0 [0x02] Quadro RTX 5000
#  Rank 33 Group  0 Pid   8500 on   c198-041 device  1 [0x03] Quadro RTX 5000
#  Rank 34 Group  0 Pid   8501 on   c198-041 device  2 [0x82] Quadro RTX 5000
#  Rank 35 Group  0 Pid   8502 on   c198-041 device  3 [0x83] Quadro RTX 5000
#  Rank 36 Group  0 Pid  10686 on   c198-042 device  0 [0x02] Quadro RTX 5000
#  Rank 37 Group  0 Pid  10687 on   c198-042 device  1 [0x03] Quadro RTX 5000
#  Rank 38 Group  0 Pid  10688 on   c198-042 device  2 [0x82] Quadro RTX 5000
#  Rank 39 Group  0 Pid  10689 on   c198-042 device  3 [0x83] Quadro RTX 5000
#  Rank 40 Group  0 Pid  21410 on   c198-051 device  0 [0x02] Quadro RTX 5000
#  Rank 41 Group  0 Pid  21411 on   c198-051 device  1 [0x03] Quadro RTX 5000
#  Rank 42 Group  0 Pid  21412 on   c198-051 device  2 [0x82] Quadro RTX 5000
#  Rank 43 Group  0 Pid  21413 on   c198-051 device  3 [0x83] Quadro RTX 5000
#  Rank 44 Group  0 Pid  19436 on   c198-052 device  0 [0x02] Quadro RTX 5000
#  Rank 45 Group  0 Pid  19437 on   c198-052 device  1 [0x03] Quadro RTX 5000
#  Rank 46 Group  0 Pid  19438 on   c198-052 device  2 [0x82] Quadro RTX 5000
#  Rank 47 Group  0 Pid  19439 on   c198-052 device  3 [0x83] Quadro RTX 5000
#  Rank 48 Group  0 Pid  12075 on   c198-061 device  0 [0x02] Quadro RTX 5000
#  Rank 49 Group  0 Pid  12076 on   c198-061 device  1 [0x03] Quadro RTX 5000
#  Rank 50 Group  0 Pid  12077 on   c198-061 device  2 [0x82] Quadro RTX 5000
#  Rank 51 Group  0 Pid  12078 on   c198-061 device  3 [0x83] Quadro RTX 5000
#  Rank 52 Group  0 Pid  30663 on   c198-062 device  0 [0x02] Quadro RTX 5000
#  Rank 53 Group  0 Pid  30664 on   c198-062 device  1 [0x03] Quadro RTX 5000
#  Rank 54 Group  0 Pid  30665 on   c198-062 device  2 [0x82] Quadro RTX 5000
#  Rank 55 Group  0 Pid  30666 on   c198-062 device  3 [0x83] Quadro RTX 5000
#  Rank 56 Group  0 Pid  27976 on   c198-071 device  0 [0x02] Quadro RTX 5000
#  Rank 57 Group  0 Pid  27977 on   c198-071 device  1 [0x03] Quadro RTX 5000
#  Rank 58 Group  0 Pid  27978 on   c198-071 device  2 [0x82] Quadro RTX 5000
#  Rank 59 Group  0 Pid  27979 on   c198-071 device  3 [0x83] Quadro RTX 5000
#  Rank 60 Group  0 Pid  21581 on   c198-072 device  0 [0x02] Quadro RTX 5000
#  Rank 61 Group  0 Pid  21582 on   c198-072 device  1 [0x03] Quadro RTX 5000
#  Rank 62 Group  0 Pid  21583 on   c198-072 device  2 [0x82] Quadro RTX 5000
#  Rank 63 Group  0 Pid  21584 on   c198-072 device  3 [0x83] Quadro RTX 5000
The MSCCL XML file exists: /home1/09168/ldai1/ccl-build/msccl_tools_lyd/examples/xml/xml_lyd/binary_tree/allreduce_binary_tree_2ch_2tree_1chunk_16node_64gpu.xml
c196-042:24521:24521 [0] NCCL INFO Bootstrap : Using ib0:192.168.44.108<0>
c196-042:24521:24521 [0] NCCL INFO NET/Plugin : No plugin found (libnccl-net.so), using internal implementation
c196-042:24521:24521 [0] NCCL INFO NET/IB : Using [0]mlx4_0:1/IB [RO]; OOB ib0:192.168.44.108<0>
c196-042:24521:24521 [0] NCCL INFO Using network IB
NCCL version 2.12.12.MSCCL.0.7.4+cuda11.3
c196-042:24523:24523 [2] NCCL INFO Bootstrap : Using ib0:192.168.44.108<0>
c196-042:24523:24523 [2] NCCL INFO NET/Plugin : No plugin found (libnccl-net.so), using internal implementation
c196-042:24524:24524 [3] NCCL INFO Bootstrap : Using ib0:192.168.44.108<0>
c196-042:24524:24524 [3] NCCL INFO NET/Plugin : No plugin found (libnccl-net.so), using internal implementation
c196-042:24523:24523 [2] NCCL INFO NET/IB : Using [0]mlx4_0:1/IB [RO]; OOB ib0:192.168.44.108<0>
c196-042:24523:24523 [2] NCCL INFO Using network IB
c196-042:24524:24524 [3] NCCL INFO NET/IB : Using [0]mlx4_0:1/IB [RO]; OOB ib0:192.168.44.108<0>
c196-042:24524:24524 [3] NCCL INFO Using network IB
c196-042:24522:24522 [1] NCCL INFO Bootstrap : Using ib0:192.168.44.108<0>
c196-042:24522:24522 [1] NCCL INFO NET/Plugin : No plugin found (libnccl-net.so), using internal implementation
c196-042:24522:24522 [1] NCCL INFO NET/IB : Using [0]mlx4_0:1/IB [RO]; OOB ib0:192.168.44.108<0>
c196-042:24522:24522 [1] NCCL INFO Using network IB
c198-032:21305:21305 [2] NCCL INFO Bootstrap : Using ib0:192.168.44.150<0>
c198-032:21305:21305 [2] NCCL INFO NET/Plugin : No plugin found (libnccl-net.so), using internal implementation
c198-032:21305:21305 [2] NCCL INFO NET/IB : Using [0]mlx4_0:1/IB [RO]; OOB ib0:192.168.44.150<0>
c198-032:21305:21305 [2] NCCL INFO Using network IB
c198-051:21411:21411 [1] NCCL INFO Bootstrap : Using ib0:192.168.44.153<0>
c198-051:21411:21411 [1] NCCL INFO NET/Plugin : No plugin found (libnccl-net.so), using internal implementation
c198-051:21411:21411 [1] NCCL INFO NET/IB : Using [0]mlx4_0:1/IB [RO]; OOB ib0:192.168.44.153<0>
c198-051:21411:21411 [1] NCCL INFO Using network IB
c196-051:9392:9392 [2] NCCL INFO Bootstrap : Using ib0:192.168.44.109<0>
c196-051:9392:9392 [2] NCCL INFO NET/Plugin : No plugin found (libnccl-net.so), using internal implementation
c196-051:9392:9392 [2] NCCL INFO NET/IB : Using [0]mlx4_0:1/IB [RO]; OOB ib0:192.168.44.109<0>
c196-051:9392:9392 [2] NCCL INFO Using network IB
c198-072:21583:21583 [2] NCCL INFO Bootstrap : Using ib0:192.168.44.158<0>
c198-072:21583:21583 [2] NCCL INFO NET/Plugin : No plugin found (libnccl-net.so), using internal implementation
c198-012:15177:15177 [3] NCCL INFO Bootstrap : Using ib0:192.168.44.146<0>
c198-012:15177:15177 [3] NCCL INFO NET/Plugin : No plugin found (libnccl-net.so), using internal implementation
c198-072:21583:21583 [2] NCCL INFO NET/IB : Using [0]mlx4_0:1/IB [RO]; OOB ib0:192.168.44.158<0>
c198-072:21583:21583 [2] NCCL INFO Using network IB
c198-072:21584:21584 [3] NCCL INFO Bootstrap : Using ib0:192.168.44.158<0>
c198-072:21584:21584 [3] NCCL INFO NET/Plugin : No plugin found (libnccl-net.so), using internal implementation
c198-012:15177:15177 [3] NCCL INFO NET/IB : Using [0]mlx4_0:1/IB [RO]; OOB ib0:192.168.44.146<0>
c198-012:15177:15177 [3] NCCL INFO Using network IB
c198-072:21584:21584 [3] NCCL INFO NET/IB : Using [0]mlx4_0:1/IB [RO]; OOB ib0:192.168.44.158<0>
c198-072:21584:21584 [3] NCCL INFO Using network IB
c198-061:12077:12077 [2] NCCL INFO Bootstrap : Using ib0:192.168.44.155<0>
c198-061:12077:12077 [2] NCCL INFO NET/Plugin : No plugin found (libnccl-net.so), using internal implementation
c198-072:21582:21582 [1] NCCL INFO Bootstrap : Using ib0:192.168.44.158<0>
c198-072:21582:21582 [1] NCCL INFO NET/Plugin : No plugin found (libnccl-net.so), using internal implementation
c196-051:9393:9393 [3] NCCL INFO Bootstrap : Using ib0:192.168.44.109<0>
c196-051:9393:9393 [3] NCCL INFO NET/Plugin : No plugin found (libnccl-net.so), using internal implementation
c198-072:21581:21581 [0] NCCL INFO Bootstrap : Using ib0:192.168.44.158<0>
c198-072:21581:21581 [0] NCCL INFO NET/Plugin : No plugin found (libnccl-net.so), using internal implementation
c198-072:21582:21582 [1] NCCL INFO NET/IB : Using [0]mlx4_0:1/IB [RO]; OOB ib0:192.168.44.158<0>
c198-072:21582:21582 [1] NCCL INFO Using network IB
c196-051:9393:9393 [3] NCCL INFO NET/IB : Using [0]mlx4_0:1/IB [RO]; OOB ib0:192.168.44.109<0>
c196-051:9393:9393 [3] NCCL INFO Using network IB
c198-072:21581:21581 [0] NCCL INFO NET/IB : Using [0]mlx4_0:1/IB [RO]; OOB ib0:192.168.44.158<0>
c198-072:21581:21581 [0] NCCL INFO Using network IB
c198-061:12077:12077 [2] NCCL INFO NET/IB : Using [0]mlx4_0:1/IB [RO]; OOB ib0:192.168.44.155<0>
c198-061:12077:12077 [2] NCCL INFO Using network IB
c198-012:15176:15176 [2] NCCL INFO Bootstrap : Using ib0:192.168.44.146<0>
c198-012:15174:15174 [0] NCCL INFO Bootstrap : Using ib0:192.168.44.146<0>
c198-061:12075:12075 [0] NCCL INFO Bootstrap : Using ib0:192.168.44.155<0>
c198-012:15175:15175 [1] NCCL INFO Bootstrap : Using ib0:192.168.44.146<0>
c198-061:12076:12076 [1] NCCL INFO Bootstrap : Using ib0:192.168.44.155<0>
c198-061:12078:12078 [3] NCCL INFO Bootstrap : Using ib0:192.168.44.155<0>
c198-012:15176:15176 [2] NCCL INFO NET/Plugin : No plugin found (libnccl-net.so), using internal implementation
c198-012:15174:15174 [0] NCCL INFO NET/Plugin : No plugin found (libnccl-net.so), using internal implementation
c198-061:12078:12078 [3] NCCL INFO NET/Plugin : No plugin found (libnccl-net.so), using internal implementation
c198-012:15175:15175 [1] NCCL INFO NET/Plugin : No plugin found (libnccl-net.so), using internal implementation
c198-061:12075:12075 [0] NCCL INFO NET/Plugin : No plugin found (libnccl-net.so), using internal implementation
c198-061:12076:12076 [1] NCCL INFO NET/Plugin : No plugin found (libnccl-net.so), using internal implementation
c198-021:27121:27121 [2] NCCL INFO Bootstrap : Using ib0:192.168.44.147<0>
c198-021:27122:27122 [3] NCCL INFO Bootstrap : Using ib0:192.168.44.147<0>
c198-021:27121:27121 [2] NCCL INFO NET/Plugin : No plugin found (libnccl-net.so), using internal implementation
c198-021:27122:27122 [3] NCCL INFO NET/Plugin : No plugin found (libnccl-net.so), using internal implementation
c198-062:30665:30665 [2] NCCL INFO Bootstrap : Using ib0:192.168.44.156<0>
c198-062:30665:30665 [2] NCCL INFO NET/Plugin : No plugin found (libnccl-net.so), using internal implementation
c198-052:19436:19436 [0] NCCL INFO Bootstrap : Using ib0:192.168.44.154<0>
c198-052:19438:19438 [2] NCCL INFO Bootstrap : Using ib0:192.168.44.154<0>
c198-052:19439:19439 [3] NCCL INFO Bootstrap : Using ib0:192.168.44.154<0>
c198-052:19437:19437 [1] NCCL INFO Bootstrap : Using ib0:192.168.44.154<0>
c198-052:19436:19436 [0] NCCL INFO NET/Plugin : No plugin found (libnccl-net.so), using internal implementation
c198-052:19437:19437 [1] NCCL INFO NET/Plugin : No plugin found (libnccl-net.so), using internal implementation
c198-052:19438:19438 [2] NCCL INFO NET/Plugin : No plugin found (libnccl-net.so), using internal implementation
c198-052:19439:19439 [3] NCCL INFO NET/Plugin : No plugin found (libnccl-net.so), using internal implementation
c198-021:27122:27122 [3] NCCL INFO NET/IB : Using [0]mlx4_0:1/IB [RO]; OOB ib0:192.168.44.147<0>
c198-021:27122:27122 [3] NCCL INFO Using network IB
c198-021:27121:27121 [2] NCCL INFO NET/IB : Using [0]mlx4_0:1/IB [RO]; OOB ib0:192.168.44.147<0>
c198-021:27121:27121 [2] NCCL INFO Using network IB
c198-012:15176:15176 [2] NCCL INFO NET/IB : Using [0]mlx4_0:1/IB [RO]; OOB ib0:192.168.44.146<0>
c198-012:15176:15176 [2] NCCL INFO Using network IB
c198-012:15174:15174 [0] NCCL INFO NET/IB : Using [0]mlx4_0:1/IB [RO]; OOB ib0:192.168.44.146<0>
c198-012:15174:15174 [0] NCCL INFO Using network IB
c198-012:15175:15175 [1] NCCL INFO NET/IB : Using [0]mlx4_0:1/IB [RO]; OOB ib0:192.168.44.146<0>
c198-012:15175:15175 [1] NCCL INFO Using network IB
c198-051:21410:21410 [0] NCCL INFO Bootstrap : Using ib0:192.168.44.153<0>
c198-051:21412:21412 [2] NCCL INFO Bootstrap : Using ib0:192.168.44.153<0>
c198-051:21410:21410 [0] NCCL INFO NET/Plugin : No plugin found (libnccl-net.so), using internal implementation
c198-051:21412:21412 [2] NCCL INFO NET/Plugin : No plugin found (libnccl-net.so), using internal implementation
c198-061:12078:12078 [3] NCCL INFO NET/IB : Using [0]mlx4_0:1/IB [RO]; OOB ib0:192.168.44.155<0>
c198-061:12078:12078 [3] NCCL INFO Using network IB
c198-061:12075:12075 [0] NCCL INFO NET/IB : Using [0]mlx4_0:1/IB [RO]; OOB ib0:192.168.44.155<0>
c198-061:12075:12075 [0] NCCL INFO Using network IB
c198-061:12076:12076 [1] NCCL INFO NET/IB : Using [0]mlx4_0:1/IB [RO]; OOB ib0:192.168.44.155<0>
c198-061:12076:12076 [1] NCCL INFO Using network IB
c196-051:9390:9390 [0] NCCL INFO Bootstrap : Using ib0:192.168.44.109<0>
c196-051:9391:9391 [1] NCCL INFO Bootstrap : Using ib0:192.168.44.109<0>
c196-051:9390:9390 [0] NCCL INFO NET/Plugin : No plugin found (libnccl-net.so), using internal implementation
c196-051:9391:9391 [1] NCCL INFO NET/Plugin : No plugin found (libnccl-net.so), using internal implementation
c198-021:27120:27120 [1] NCCL INFO Bootstrap : Using ib0:192.168.44.147<0>
c198-021:27120:27120 [1] NCCL INFO NET/Plugin : No plugin found (libnccl-net.so), using internal implementation
c198-041:8501:8501 [2] NCCL INFO Bootstrap : Using ib0:192.168.44.151<0>
c198-041:8502:8502 [3] NCCL INFO Bootstrap : Using ib0:192.168.44.151<0>
c198-041:8501:8501 [2] NCCL INFO NET/Plugin : No plugin found (libnccl-net.so), using internal implementation
c198-041:8502:8502 [3] NCCL INFO NET/Plugin : No plugin found (libnccl-net.so), using internal implementation
c198-062:30663:30663 [0] NCCL INFO Bootstrap : Using ib0:192.168.44.156<0>
c198-021:27120:27120 [1] NCCL INFO NET/IB : Using [0]mlx4_0:1/IB [RO]; OOB ib0:192.168.44.147<0>
c198-021:27120:27120 [1] NCCL INFO Using network IB
c198-062:30666:30666 [3] NCCL INFO Bootstrap : Using ib0:192.168.44.156<0>
c198-062:30664:30664 [1] NCCL INFO Bootstrap : Using ib0:192.168.44.156<0>
c198-062:30666:30666 [3] NCCL INFO NET/Plugin : No plugin found (libnccl-net.so), using internal implementation
c198-062:30663:30663 [0] NCCL INFO NET/Plugin : No plugin found (libnccl-net.so), using internal implementation
c198-062:30664:30664 [1] NCCL INFO NET/Plugin : No plugin found (libnccl-net.so), using internal implementation
c198-051:21413:21413 [3] NCCL INFO Bootstrap : Using ib0:192.168.44.153<0>
c198-051:21413:21413 [3] NCCL INFO NET/Plugin : No plugin found (libnccl-net.so), using internal implementation
c198-062:30665:30665 [2] NCCL INFO NET/IB : Using [0]mlx4_0:1/IB [RO]; OOB ib0:192.168.44.156<0>
c198-062:30665:30665 [2] NCCL INFO Using network IB
c198-051:21410:21410 [0] NCCL INFO NET/IB : Using [0]mlx4_0:1/IB [RO]; OOB ib0:192.168.44.153<0>
c198-051:21410:21410 [0] NCCL INFO Using network IB
c198-051:21412:21412 [2] NCCL INFO NET/IB : Using [0]mlx4_0:1/IB [RO]; OOB ib0:192.168.44.153<0>
c198-051:21412:21412 [2] NCCL INFO Using network IB
c198-052:19437:19437 [1] NCCL INFO NET/IB : Using [0]mlx4_0:1/IB [RO]; OOB ib0:192.168.44.154<0>
c198-052:19437:19437 [1] NCCL INFO Using network IB
c198-052:19436:19436 [0] NCCL INFO NET/IB : Using [0]mlx4_0:1/IB [RO]; OOB ib0:192.168.44.154<0>
c198-052:19436:19436 [0] NCCL INFO Using network IB
c198-052:19438:19438 [2] NCCL INFO NET/IB : Using [0]mlx4_0:1/IB [RO]; OOB ib0:192.168.44.154<0>
c198-052:19438:19438 [2] NCCL INFO Using network IB
c198-052:19439:19439 [3] NCCL INFO NET/IB : Using [0]mlx4_0:1/IB [RO]; OOB ib0:192.168.44.154<0>
c196-051:9391:9391 [1] NCCL INFO NET/IB : Using [0]mlx4_0:1/IB [RO]; OOB ib0:192.168.44.109<0>
c196-051:9391:9391 [1] NCCL INFO Using network IB
c198-052:19439:19439 [3] NCCL INFO Using network IB
c196-051:9390:9390 [0] NCCL INFO NET/IB : Using [0]mlx4_0:1/IB [RO]; OOB ib0:192.168.44.109<0>
c196-051:9390:9390 [0] NCCL INFO Using network IB
c198-051:21413:21413 [3] NCCL INFO NET/IB : Using [0]mlx4_0:1/IB [RO]; OOB ib0:192.168.44.153<0>
c198-051:21413:21413 [3] NCCL INFO Using network IB
c198-011:18119:18119 [0] NCCL INFO Bootstrap : Using ib0:192.168.44.145<0>
c198-011:18120:18120 [1] NCCL INFO Bootstrap : Using ib0:192.168.44.145<0>
c198-011:18119:18119 [0] NCCL INFO NET/Plugin : No plugin found (libnccl-net.so), using internal implementation
c198-041:8501:8501 [2] NCCL INFO NET/IB : Using [0]mlx4_0:1/IB [RO]; OOB ib0:192.168.44.151<0>
c198-041:8501:8501 [2] NCCL INFO Using network IB
c198-011:18120:18120 [1] NCCL INFO NET/Plugin : No plugin found (libnccl-net.so), using internal implementation
c198-011:18122:18122 [3] NCCL INFO Bootstrap : Using ib0:192.168.44.145<0>
c198-011:18122:18122 [3] NCCL INFO NET/Plugin : No plugin found (libnccl-net.so), using internal implementation
c198-041:8502:8502 [3] NCCL INFO NET/IB : Using [0]mlx4_0:1/IB [RO]; OOB ib0:192.168.44.151<0>
c198-041:8502:8502 [3] NCCL INFO Using network IB
c198-062:30666:30666 [3] NCCL INFO NET/IB : Using [0]mlx4_0:1/IB [RO]; OOB ib0:192.168.44.156<0>
c198-062:30666:30666 [3] NCCL INFO Using network IB
c198-062:30664:30664 [1] NCCL INFO NET/IB : Using [0]mlx4_0:1/IB [RO]; OOB ib0:192.168.44.156<0>
c198-062:30664:30664 [1] NCCL INFO Using network IB
c198-062:30663:30663 [0] NCCL INFO NET/IB : Using [0]mlx4_0:1/IB [RO]; OOB ib0:192.168.44.156<0>
c198-062:30663:30663 [0] NCCL INFO Using network IB
c198-032:21304:21304 [1] NCCL INFO Bootstrap : Using ib0:192.168.44.150<0>
c198-032:21304:21304 [1] NCCL INFO NET/Plugin : No plugin found (libnccl-net.so), using internal implementation
c198-041:8499:8499 [0] NCCL INFO Bootstrap : Using ib0:192.168.44.151<0>
c198-011:18119:18119 [0] NCCL INFO NET/IB : Using [0]mlx4_0:1/IB [RO]; OOB ib0:192.168.44.145<0>
c198-011:18119:18119 [0] NCCL INFO Using network IB
c198-011:18120:18120 [1] NCCL INFO NET/IB : Using [0]mlx4_0:1/IB [RO]; OOB ib0:192.168.44.145<0>
c198-011:18120:18120 [1] NCCL INFO Using network IB
c198-041:8499:8499 [0] NCCL INFO NET/Plugin : No plugin found (libnccl-net.so), using internal implementation
c198-011:18122:18122 [3] NCCL INFO NET/IB : Using [0]mlx4_0:1/IB [RO]; OOB ib0:192.168.44.145<0>
c198-011:18122:18122 [3] NCCL INFO Using network IB
c198-021:27119:27119 [0] NCCL INFO Bootstrap : Using ib0:192.168.44.147<0>
c198-031:27497:27497 [2] NCCL INFO Bootstrap : Using ib0:192.168.44.149<0>
c198-021:27119:27119 [0] NCCL INFO NET/Plugin : No plugin found (libnccl-net.so), using internal implementation
c198-031:27498:27498 [3] NCCL INFO Bootstrap : Using ib0:192.168.44.149<0>
c198-031:27497:27497 [2] NCCL INFO NET/Plugin : No plugin found (libnccl-net.so), using internal implementation
c198-031:27498:27498 [3] NCCL INFO NET/Plugin : No plugin found (libnccl-net.so), using internal implementation
c198-041:8499:8499 [0] NCCL INFO NET/IB : Using [0]mlx4_0:1/IB [RO]; OOB ib0:192.168.44.151<0>
c198-041:8499:8499 [0] NCCL INFO Using network IB
c198-032:21306:21306 [3] NCCL INFO Bootstrap : Using ib0:192.168.44.150<0>
c198-032:21306:21306 [3] NCCL INFO NET/Plugin : No plugin found (libnccl-net.so), using internal implementation
c198-032:21304:21304 [1] NCCL INFO NET/IB : Using [0]mlx4_0:1/IB [RO]; OOB ib0:192.168.44.150<0>
c198-032:21304:21304 [1] NCCL INFO Using network IB
c198-022:23320:23320 [3] NCCL INFO Bootstrap : Using ib0:192.168.44.148<0>
c198-022:23320:23320 [3] NCCL INFO NET/Plugin : No plugin found (libnccl-net.so), using internal implementation
c198-032:21306:21306 [3] NCCL INFO NET/IB : Using [0]mlx4_0:1/IB [RO]; OOB ib0:192.168.44.150<0>
c198-032:21306:21306 [3] NCCL INFO Using network IB
c198-032:21303:21303 [0] NCCL INFO Bootstrap : Using ib0:192.168.44.150<0>
c198-032:21303:21303 [0] NCCL INFO NET/Plugin : No plugin found (libnccl-net.so), using internal implementation
c198-021:27119:27119 [0] NCCL INFO NET/IB : Using [0]mlx4_0:1/IB [RO]; OOB ib0:192.168.44.147<0>
c198-021:27119:27119 [0] NCCL INFO Using network IB
c198-022:23320:23320 [3] NCCL INFO NET/IB : Using [0]mlx4_0:1/IB [RO]; OOB ib0:192.168.44.148<0>
c198-022:23320:23320 [3] NCCL INFO Using network IB
c198-031:27497:27497 [2] NCCL INFO NET/IB : Using [0]mlx4_0:1/IB [RO]; OOB ib0:192.168.44.149<0>
c198-031:27497:27497 [2] NCCL INFO Using network IB
c198-032:21303:21303 [0] NCCL INFO NET/IB : Using [0]mlx4_0:1/IB [RO]; OOB ib0:192.168.44.150<0>
c198-032:21303:21303 [0] NCCL INFO Using network IB
c198-031:27498:27498 [3] NCCL INFO NET/IB : Using [0]mlx4_0:1/IB [RO]; OOB ib0:192.168.44.149<0>
c198-031:27498:27498 [3] NCCL INFO Using network IB
c198-071:27976:27976 [0] NCCL INFO Bootstrap : Using ib0:192.168.44.157<0>
c198-071:27978:27978 [2] NCCL INFO Bootstrap : Using ib0:192.168.44.157<0>
c198-071:27979:27979 [3] NCCL INFO Bootstrap : Using ib0:192.168.44.157<0>
c198-071:27978:27978 [2] NCCL INFO NET/Plugin : No plugin found (libnccl-net.so), using internal implementation
c198-071:27979:27979 [3] NCCL INFO NET/Plugin : No plugin found (libnccl-net.so), using internal implementation
c198-071:27976:27976 [0] NCCL INFO NET/Plugin : No plugin found (libnccl-net.so), using internal implementation
c198-042:10686:10686 [0] NCCL INFO Bootstrap : Using ib0:192.168.44.152<0>
c198-042:10688:10688 [2] NCCL INFO Bootstrap : Using ib0:192.168.44.152<0>
c198-042:10687:10687 [1] NCCL INFO Bootstrap : Using ib0:192.168.44.152<0>
c198-042:10689:10689 [3] NCCL INFO Bootstrap : Using ib0:192.168.44.152<0>
c198-042:10688:10688 [2] NCCL INFO NET/Plugin : No plugin found (libnccl-net.so), using internal implementation
c198-042:10689:10689 [3] NCCL INFO NET/Plugin : No plugin found (libnccl-net.so), using internal implementation
c198-042:10686:10686 [0] NCCL INFO NET/Plugin : No plugin found (libnccl-net.so), using internal implementation
c198-042:10687:10687 [1] NCCL INFO NET/Plugin : No plugin found (libnccl-net.so), using internal implementation
c198-011:18121:18121 [2] NCCL INFO Bootstrap : Using ib0:192.168.44.145<0>
c198-011:18121:18121 [2] NCCL INFO NET/Plugin : No plugin found (libnccl-net.so), using internal implementation
c198-011:18121:18121 [2] NCCL INFO NET/IB : Using [0]mlx4_0:1/IB [RO]; OOB ib0:192.168.44.145<0>
c198-011:18121:18121 [2] NCCL INFO Using network IB
c198-041:8500:8500 [1] NCCL INFO Bootstrap : Using ib0:192.168.44.151<0>
c198-041:8500:8500 [1] NCCL INFO NET/Plugin : No plugin found (libnccl-net.so), using internal implementation
c198-022:23318:23318 [1] NCCL INFO Bootstrap : Using ib0:192.168.44.148<0>
c198-022:23319:23319 [2] NCCL INFO Bootstrap : Using ib0:192.168.44.148<0>
c198-031:27496:27496 [1] NCCL INFO Bootstrap : Using ib0:192.168.44.149<0>
c198-022:23317:23317 [0] NCCL INFO Bootstrap : Using ib0:192.168.44.148<0>
c198-022:23319:23319 [2] NCCL INFO NET/Plugin : No plugin found (libnccl-net.so), using internal implementation
c198-031:27496:27496 [1] NCCL INFO NET/Plugin : No plugin found (libnccl-net.so), using internal implementation
c198-022:23317:23317 [0] NCCL INFO NET/Plugin : No plugin found (libnccl-net.so), using internal implementation
c198-022:23318:23318 [1] NCCL INFO NET/Plugin : No plugin found (libnccl-net.so), using internal implementation
c198-071:27978:27978 [2] NCCL INFO NET/IB : Using [0]mlx4_0:1/IB [RO]; OOB ib0:192.168.44.157<0>
c198-071:27978:27978 [2] NCCL INFO Using network IB
c198-071:27976:27976 [0] NCCL INFO NET/IB : Using [0]mlx4_0:1/IB [RO]; OOB ib0:192.168.44.157<0>
c198-071:27976:27976 [0] NCCL INFO Using network IB
c198-041:8500:8500 [1] NCCL INFO NET/IB : Using [0]mlx4_0:1/IB [RO]; OOB ib0:192.168.44.151<0>
c198-041:8500:8500 [1] NCCL INFO Using network IB
c198-071:27979:27979 [3] NCCL INFO NET/IB : Using [0]mlx4_0:1/IB [RO]; OOB ib0:192.168.44.157<0>
c198-071:27979:27979 [3] NCCL INFO Using network IB
c198-071:27977:27977 [1] NCCL INFO Bootstrap : Using ib0:192.168.44.157<0>
c198-071:27977:27977 [1] NCCL INFO NET/Plugin : No plugin found (libnccl-net.so), using internal implementation
c198-031:27496:27496 [1] NCCL INFO NET/IB : Using [0]mlx4_0:1/IB [RO]; OOB ib0:192.168.44.149<0>
c198-031:27496:27496 [1] NCCL INFO Using network IB
c198-042:10689:10689 [3] NCCL INFO NET/IB : Using [0]mlx4_0:1/IB [RO]; OOB ib0:192.168.44.152<0>
c198-042:10689:10689 [3] NCCL INFO Using network IB
c198-042:10688:10688 [2] NCCL INFO NET/IB : Using [0]mlx4_0:1/IB [RO]; OOB ib0:192.168.44.152<0>
c198-042:10688:10688 [2] NCCL INFO Using network IB
c198-042:10686:10686 [0] NCCL INFO NET/IB : Using [0]mlx4_0:1/IB [RO]; OOB ib0:192.168.44.152<0>
c198-042:10686:10686 [0] NCCL INFO Using network IB
c198-042:10687:10687 [1] NCCL INFO NET/IB : Using [0]mlx4_0:1/IB [RO]; OOB ib0:192.168.44.152<0>
c198-042:10687:10687 [1] NCCL INFO Using network IB
c198-071:27977:27977 [1] NCCL INFO NET/IB : Using [0]mlx4_0:1/IB [RO]; OOB ib0:192.168.44.157<0>
c198-071:27977:27977 [1] NCCL INFO Using network IB
c198-031:27495:27495 [0] NCCL INFO Bootstrap : Using ib0:192.168.44.149<0>
c198-031:27495:27495 [0] NCCL INFO NET/Plugin : No plugin found (libnccl-net.so), using internal implementation
c198-022:23319:23319 [2] NCCL INFO NET/IB : Using [0]mlx4_0:1/IB [RO]; OOB ib0:192.168.44.148<0>
c198-022:23319:23319 [2] NCCL INFO Using network IB
c198-022:23317:23317 [0] NCCL INFO NET/IB : Using [0]mlx4_0:1/IB [RO]; OOB ib0:192.168.44.148<0>
c198-022:23317:23317 [0] NCCL INFO Using network IB
c198-022:23318:23318 [1] NCCL INFO NET/IB : Using [0]mlx4_0:1/IB [RO]; OOB ib0:192.168.44.148<0>
c198-022:23318:23318 [1] NCCL INFO Using network IB
c198-031:27495:27495 [0] NCCL INFO NET/IB : Using [0]mlx4_0:1/IB [RO]; OOB ib0:192.168.44.149<0>
c198-031:27495:27495 [0] NCCL INFO Using network IB
c196-042:24521:24573 [0] NCCL INFO Setting affinity for GPU 0 to 0f000f
c196-051:9393:9446 [3] NCCL INFO Setting affinity for GPU 3 to f000f000
c198-061:12078:12132 [3] NCCL INFO Setting affinity for GPU 3 to f000f000
c198-032:21306:21360 [3] NCCL INFO Setting affinity for GPU 3 to f000f000
c198-051:21413:21469 [3] NCCL INFO Setting affinity for GPU 3 to f000f000
c198-072:21584:21638 [3] NCCL INFO Setting affinity for GPU 3 to f000f000
c198-022:23320:23372 [3] NCCL INFO Setting affinity for GPU 3 to f000f000
c198-071:27979:28035 [3] NCCL INFO Setting affinity for GPU 3 to f000f000
c198-042:10689:10739 [3] NCCL INFO Setting affinity for GPU 3 to f000f000
c198-021:27122:27173 [3] NCCL INFO Setting affinity for GPU 3 to f000f000
c198-062:30666:30719 [3] NCCL INFO Setting affinity for GPU 3 to f000f000
c198-031:27498:27550 [3] NCCL INFO Setting affinity for GPU 3 to f000f000
c198-041:8502:8554 [3] NCCL INFO Setting affinity for GPU 3 to f000f000
c198-011:18122:18176 [3] NCCL INFO Setting affinity for GPU 3 to f000f000
c198-052:19439:19495 [3] NCCL INFO Setting affinity for GPU 3 to f000f000
c198-012:15177:15227 [3] NCCL INFO Setting affinity for GPU 3 to f000f000
c196-042:24522:24583 [1] NCCL INFO Setting affinity for GPU 1 to f000f0
c196-042:24524:24581 [3] NCCL INFO Setting affinity for GPU 3 to f000f000
c196-042:24523:24579 [2] NCCL INFO Setting affinity for GPU 2 to 0f000f00
c198-061:12077:12129 [2] NCCL INFO Setting affinity for GPU 2 to 0f000f00
c198-062:30663:30722 [0] NCCL INFO Setting affinity for GPU 0 to 0f000f
c198-051:21411:21463 [1] NCCL INFO Setting affinity for GPU 1 to f000f0
c198-071:27978:28033 [2] NCCL INFO Setting affinity for GPU 2 to 0f000f00
c198-021:27119:27178 [0] NCCL INFO Setting affinity for GPU 0 to 0f000f
c198-021:27121:27174 [2] NCCL INFO Setting affinity for GPU 2 to 0f000f00
c198-072:21582:21640 [1] NCCL INFO Setting affinity for GPU 1 to f000f0
c198-071:27976:28034 [0] NCCL INFO Setting affinity for GPU 0 to 0f000f
c198-031:27495:27554 [0] NCCL INFO Setting affinity for GPU 0 to 0f000f
c198-022:23317:23377 [0] NCCL INFO Setting affinity for GPU 0 to 0f000f
c198-041:8499:8556 [0] NCCL INFO Setting affinity for GPU 0 to 0f000f
c198-051:21410:21466 [0] NCCL INFO Setting affinity for GPU 0 to 0f000f
c198-022:23319:23374 [2] NCCL INFO Setting affinity for GPU 2 to 0f000f00
c198-011:18119:18174 [0] NCCL INFO Setting affinity for GPU 0 to 0f000f
c198-041:8501:8552 [2] NCCL INFO Setting affinity for GPU 2 to 0f000f00
c198-031:27496:27552 [1] NCCL INFO Setting affinity for GPU 1 to f000f0
c198-031:27497:27549 [2] NCCL INFO Setting affinity for GPU 2 to 0f000f00
c198-051:21412:21467 [2] NCCL INFO Setting affinity for GPU 2 to 0f000f00
c198-022:23318:23378 [1] NCCL INFO Setting affinity for GPU 1 to f000f0
c196-051:9390:9450 [0] NCCL INFO Setting affinity for GPU 0 to 0f000f
c198-071:27977:28037 [1] NCCL INFO Setting affinity for GPU 1 to f000f0
c198-061:12075:12134 [0] NCCL INFO Setting affinity for GPU 0 to 0f000f
c198-061:12076:12135 [1] NCCL INFO Setting affinity for GPU 1 to f000f0
c198-011:18121:18178 [2] NCCL INFO Setting affinity for GPU 2 to 0f000f00
c198-072:21581:21642 [0] NCCL INFO Setting affinity for GPU 0 to 0f000f
c198-062:30664:30721 [1] NCCL INFO Setting affinity for GPU 1 to f000f0
c198-072:21583:21636 [2] NCCL INFO Setting affinity for GPU 2 to 0f000f00
c198-011:18120:18173 [1] NCCL INFO Setting affinity for GPU 1 to f000f0
c198-041:8500:8558 [1] NCCL INFO Setting affinity for GPU 1 to f000f0
c198-052:19436:19491 [0] NCCL INFO Setting affinity for GPU 0 to 0f000f
c198-052:19437:19489 [1] NCCL INFO Setting affinity for GPU 1 to f000f0
c198-052:19438:19494 [2] NCCL INFO Setting affinity for GPU 2 to 0f000f00
c196-051:9391:9449 [1] NCCL INFO Setting affinity for GPU 1 to f000f0
c198-062:30665:30716 [2] NCCL INFO Setting affinity for GPU 2 to 0f000f00
c196-051:9392:9444 [2] NCCL INFO Setting affinity for GPU 2 to 0f000f00
c198-032:21303:21362 [0] NCCL INFO Setting affinity for GPU 0 to 0f000f
c198-032:21304:21358 [1] NCCL INFO Setting affinity for GPU 1 to f000f0
c198-032:21305:21356 [2] NCCL INFO Setting affinity for GPU 2 to 0f000f00
c198-021:27120:27176 [1] NCCL INFO Setting affinity for GPU 1 to f000f0
c198-012:15175:15233 [1] NCCL INFO Setting affinity for GPU 1 to f000f0
c198-012:15174:15232 [0] NCCL INFO Setting affinity for GPU 0 to 0f000f
c198-012:15176:15229 [2] NCCL INFO Setting affinity for GPU 2 to 0f000f00
c198-042:10686:10743 [0] NCCL INFO Setting affinity for GPU 0 to 0f000f
c198-042:10687:10745 [1] NCCL INFO Setting affinity for GPU 1 to f000f0
c198-042:10688:10742 [2] NCCL INFO Setting affinity for GPU 2 to 0f000f00
c198-042:10688:10742 [2] NCCL INFO Trees [0] 39/-1/-1->38->37 [1] 39/-1/-1->38->37
c198-042:10689:10739 [3] NCCL INFO Trees [0] -1/-1/-1->39->38 [1] -1/-1/-1->39->38
c198-042:10687:10745 [1] NCCL INFO Trees [0] 38/-1/-1->37->36 [1] 38/40/-1->37->36
c198-051:21410:21466 [0] NCCL INFO Trees [0] 41/44/-1->40->49 [1] 41/-1/-1->40->37
c198-041:8501:8552 [2] NCCL INFO Trees [0] 35/-1/-1->34->33 [1] 35/-1/-1->34->33
c198-042:10686:10743 [0] NCCL INFO Trees [0] 37/-1/-1->36->41 [1] 37/32/-1->36->44
c198-041:8502:8554 [3] NCCL INFO Trees [0] -1/-1/-1->35->34 [1] -1/-1/-1->35->34
c198-041:8500:8558 [1] NCCL INFO Trees [0] 34/16/-1->33->32 [1] 34/-1/-1->33->32
c198-041:8499:8556 [0] NCCL INFO Trees [0] 33/48/-1->32->0 [1] 33/-1/-1->32->36
c198-032:21306:21360 [3] NCCL INFO Trees [0] -1/-1/-1->31->30 [1] -1/-1/-1->31->30
c198-032:21305:21356 [2] NCCL INFO Trees [0] 31/-1/-1->30->29 [1] 31/-1/-1->30->29
c198-032:21304:21358 [1] NCCL INFO Trees [0] 30/-1/-1->29->28 [1] 30/44/-1->29->28
c198-032:21303:21362 [0] NCCL INFO Trees [0] 29/-1/-1->28->24 [1] 29/12/-1->28->60
c198-031:27498:27550 [3] NCCL INFO Trees [0] -1/-1/-1->27->26 [1] -1/-1/-1->27->26
c198-031:27497:27549 [2] NCCL INFO Trees [0] 27/-1/-1->26->25 [1] 27/-1/-1->26->25
c198-022:23320:23372 [3] NCCL INFO Trees [0] -1/-1/-1->23->22 [1] -1/-1/-1->23->22
c198-021:27122:27173 [3] NCCL INFO Trees [0] -1/-1/-1->19->18 [1] -1/-1/-1->19->18
c198-031:27496:27552 [1] NCCL INFO Trees [0] 26/20/-1->25->24 [1] 26/-1/-1->25->24
c198-051:21411:21463 [1] NCCL INFO Trees [0] 42/36/-1->41->40 [1] 42/-1/-1->41->40
c198-022:23319:23374 [2] NCCL INFO Trees [0] 23/-1/-1->22->21 [1] 23/-1/-1->22->21
c198-021:27121:27174 [2] NCCL INFO Trees [0] 19/-1/-1->18->17 [1] 19/-1/-1->18->17
c198-031:27495:27554 [0] NCCL INFO Trees [0] 25/28/-1->24->16 [1] 25/-1/-1->24->21
c198-022:23317:23377 [0] NCCL INFO Trees [0] 21/-1/-1->20->25 [1] 21/16/-1->20->13
c198-021:27119:27178 [0] NCCL INFO Trees [0] 17/24/-1->16->33 [1] 17/-1/-1->16->20
c198-051:21412:21467 [2] NCCL INFO Trees [0] 43/-1/-1->42->41 [1] 43/-1/-1->42->41
c198-022:23318:23378 [1] NCCL INFO Trees [0] 22/-1/-1->21->20 [1] 22/24/-1->21->20
c198-021:27120:27176 [1] NCCL INFO Trees [0] 18/8/-1->17->16 [1] 18/-1/-1->17->16
c198-051:21413:21469 [3] NCCL INFO Trees [0] -1/-1/-1->43->42 [1] -1/-1/-1->43->42
c198-012:15177:15227 [3] NCCL INFO Trees [0] -1/-1/-1->15->14 [1] -1/-1/-1->15->14
c198-012:15176:15229 [2] NCCL INFO Trees [0] 15/-1/-1->14->13 [1] 15/-1/-1->14->13
c198-011:18120:18173 [1] NCCL INFO Trees [0] 10/4/-1->9->8 [1] 10/-1/-1->9->8
c196-042:24521:24573 [0] NCCL INFO Channel 00/02 :    0   1   2   3   4   5   6   7   8   9  10  11  12  13  14  15  16  17  18  19
c196-042:24521:24573 [0] NCCL INFO Channel 01/02 :    0   1   2   3   4   5   6   7   8   9  10  11  12  13  14  15  16  17  18  19
c198-012:15174:15232 [0] NCCL INFO Trees [0] 13/-1/-1->12->8 [1] 13/4/-1->12->28
c196-051:9393:9446 [3] NCCL INFO Trees [0] -1/-1/-1->7->6 [1] -1/-1/-1->7->6
c198-011:18121:18178 [2] NCCL INFO Trees [0] 11/-1/-1->10->9 [1] 11/-1/-1->10->9
c198-052:19436:19491 [0] NCCL INFO Trees [0] 45/-1/-1->44->40 [1] 45/36/-1->44->29
c196-042:24523:24579 [2] NCCL INFO Trees [0] 3/-1/-1->2->1 [1] 3/-1/-1->2->1
c198-072:21581:21642 [0] NCCL INFO Trees [0] 61/-1/-1->60->56 [1] 61/28/-1->60->-1
c198-062:30663:30722 [0] NCCL INFO Trees [0] 53/-1/-1->52->57 [1] 53/48/-1->52->45
c198-012:15175:15233 [1] NCCL INFO Trees [0] 14/-1/-1->13->12 [1] 14/20/-1->13->12
c198-071:27979:28035 [3] NCCL INFO Trees [0] -1/-1/-1->59->58 [1] -1/-1/-1->59->58
c196-051:9390:9450 [0] NCCL INFO Trees [0] 5/-1/-1->4->9 [1] 5/0/-1->4->12
c198-061:12075:12134 [0] NCCL INFO Trees [0] 49/56/-1->48->32 [1] 49/-1/-1->48->52
c198-011:18122:18176 [3] NCCL INFO Trees [0] -1/-1/-1->11->10 [1] -1/-1/-1->11->10
c198-052:19437:19489 [1] NCCL INFO Trees [0] 46/-1/-1->45->44 [1] 46/52/-1->45->44
c196-042:24524:24581 [3] NCCL INFO Trees [0] -1/-1/-1->3->2 [1] -1/-1/-1->3->2
c198-072:21583:21636 [2] NCCL INFO Trees [0] 63/-1/-1->62->61 [1] 63/-1/-1->62->61
c198-062:30664:30721 [1] NCCL INFO Trees [0] 54/-1/-1->53->52 [1] 54/56/-1->53->52
c198-071:27976:28034 [0] NCCL INFO Trees [0] 57/60/-1->56->48 [1] 57/-1/-1->56->53
c196-051:9391:9449 [1] NCCL INFO Trees [0] 6/-1/-1->5->4 [1] 6/8/-1->5->4
c198-061:12076:12135 [1] NCCL INFO Trees [0] 50/40/-1->49->48 [1] 50/-1/-1->49->48
c198-011:18119:18174 [0] NCCL INFO Trees [0] 9/12/-1->8->17 [1] 9/-1/-1->8->5
c198-052:19438:19494 [2] NCCL INFO Trees [0] 47/-1/-1->46->45 [1] 47/-1/-1->46->45
c196-042:24521:24573 [0] NCCL INFO Trees [0] 1/32/-1->0->-1 [1] 1/-1/-1->0->4
c198-072:21584:21638 [3] NCCL INFO Trees [0] -1/-1/-1->63->62 [1] -1/-1/-1->63->62
c198-062:30665:30716 [2] NCCL INFO Trees [0] 55/-1/-1->54->53 [1] 55/-1/-1->54->53
c198-071:27977:28037 [1] NCCL INFO Trees [0] 58/52/-1->57->56 [1] 58/-1/-1->57->56
c196-051:9392:9444 [2] NCCL INFO Trees [0] 7/-1/-1->6->5 [1] 7/-1/-1->6->5
c198-061:12077:12129 [2] NCCL INFO Trees [0] 51/-1/-1->50->49 [1] 51/-1/-1->50->49
c198-052:19439:19495 [3] NCCL INFO Trees [0] -1/-1/-1->47->46 [1] -1/-1/-1->47->46
c196-042:24522:24583 [1] NCCL INFO Trees [0] 2/-1/-1->1->0 [1] 2/-1/-1->1->0
c198-072:21582:21640 [1] NCCL INFO Trees [0] 62/-1/-1->61->60 [1] 62/-1/-1->61->60
c198-062:30666:30719 [3] NCCL INFO Trees [0] -1/-1/-1->55->54 [1] -1/-1/-1->55->54
c198-071:27978:28033 [2] NCCL INFO Trees [0] 59/-1/-1->58->57 [1] 59/-1/-1->58->57
c198-061:12078:12132 [3] NCCL INFO Trees [0] -1/-1/-1->51->50 [1] -1/-1/-1->51->50
c198-051:21410:21466 [0] NCCL INFO Channel 00/0 : 39[83000] -> 40[2000] [receive] via NET/IB/0
c198-042:10686:10743 [0] NCCL INFO Channel 00/0 : 35[83000] -> 36[2000] [receive] via NET/IB/0
c198-041:8499:8556 [0] NCCL INFO Channel 00/0 : 31[83000] -> 32[2000] [receive] via NET/IB/0
c198-031:27495:27554 [0] NCCL INFO Channel 00/0 : 23[83000] -> 24[2000] [receive] via NET/IB/0
c198-032:21303:21362 [0] NCCL INFO Channel 00/0 : 27[83000] -> 28[2000] [receive] via NET/IB/0
c198-021:27119:27178 [0] NCCL INFO Channel 00/0 : 15[83000] -> 16[2000] [receive] via NET/IB/0
c198-022:23317:23377 [0] NCCL INFO Channel 00/0 : 19[83000] -> 20[2000] [receive] via NET/IB/0
c198-052:19436:19491 [0] NCCL INFO Channel 00/0 : 43[83000] -> 44[2000] [receive] via NET/IB/0
c196-051:9390:9450 [0] NCCL INFO Channel 00/0 : 3[83000] -> 4[2000] [receive] via NET/IB/0
c198-012:15174:15232 [0] NCCL INFO Channel 00/0 : 11[83000] -> 12[2000] [receive] via NET/IB/0
c198-071:27976:28034 [0] NCCL INFO Channel 00/0 : 55[83000] -> 56[2000] [receive] via NET/IB/0
c198-011:18119:18174 [0] NCCL INFO Channel 00/0 : 7[83000] -> 8[2000] [receive] via NET/IB/0
c196-042:24521:24573 [0] NCCL INFO Channel 00/0 : 63[83000] -> 0[2000] [receive] via NET/IB/0
c198-072:21581:21642 [0] NCCL INFO Channel 00/0 : 59[83000] -> 60[2000] [receive] via NET/IB/0
c198-061:12075:12134 [0] NCCL INFO Channel 00/0 : 47[83000] -> 48[2000] [receive] via NET/IB/0
c198-062:30663:30722 [0] NCCL INFO Channel 00/0 : 51[83000] -> 52[2000] [receive] via NET/IB/0
c198-031:27497:27549 [2] NCCL INFO Channel 00 : 26[82000] -> 27[83000] via direct shared memory
c198-042:10688:10742 [2] NCCL INFO Channel 00 : 38[82000] -> 39[83000] via direct shared memory
c198-031:27497:27549 [2] NCCL INFO Channel 01 : 26[82000] -> 27[83000] via direct shared memory
c198-042:10687:10745 [1] NCCL INFO Channel 00 : 37[3000] -> 38[82000] via direct shared memory
c198-042:10688:10742 [2] NCCL INFO Channel 01 : 38[82000] -> 39[83000] via direct shared memory
c198-032:21305:21356 [2] NCCL INFO Channel 00 : 30[82000] -> 31[83000] via direct shared memory
c198-042:10687:10745 [1] NCCL INFO Channel 01 : 37[3000] -> 38[82000] via direct shared memory
c198-071:27978:28033 [2] NCCL INFO Channel 00 : 58[82000] -> 59[83000] via direct shared memory
c198-032:21305:21356 [2] NCCL INFO Channel 01 : 30[82000] -> 31[83000] via direct shared memory
c198-022:23319:23374 [2] NCCL INFO Channel 00 : 22[82000] -> 23[83000] via direct shared memory
c198-021:27121:27174 [2] NCCL INFO Channel 00 : 18[82000] -> 19[83000] via direct shared memory
c198-012:15176:15229 [2] NCCL INFO Channel 00 : 14[82000] -> 15[83000] via direct shared memory
c198-062:30665:30716 [2] NCCL INFO Channel 00 : 54[82000] -> 55[83000] via direct shared memory
c198-021:27121:27174 [2] NCCL INFO Channel 01 : 18[82000] -> 19[83000] via direct shared memory
c198-031:27496:27552 [1] NCCL INFO Channel 00 : 25[3000] -> 26[82000] via direct shared memory
c198-071:27978:28033 [2] NCCL INFO Channel 01 : 58[82000] -> 59[83000] via direct shared memory
c198-032:21304:21358 [1] NCCL INFO Channel 00 : 29[3000] -> 30[82000] via direct shared memory
c198-031:27496:27552 [1] NCCL INFO Channel 01 : 25[3000] -> 26[82000] via direct shared memory
c198-071:27977:28037 [1] NCCL INFO Channel 00 : 57[3000] -> 58[82000] via direct shared memory
c198-041:8501:8552 [2] NCCL INFO Channel 00 : 34[82000] -> 35[83000] via direct shared memory
c198-061:12077:12129 [2] NCCL INFO Channel 00 : 50[82000] -> 51[83000] via direct shared memory
c198-011:18121:18178 [2] NCCL INFO Channel 00 : 10[82000] -> 11[83000] via direct shared memory
c198-072:21583:21636 [2] NCCL INFO Channel 00 : 62[82000] -> 63[83000] via direct shared memory
c198-032:21304:21358 [1] NCCL INFO Channel 01 : 29[3000] -> 30[82000] via direct shared memory
c198-062:30665:30716 [2] NCCL INFO Channel 01 : 54[82000] -> 55[83000] via direct shared memory
c198-051:21411:21463 [1] NCCL INFO Channel 00 : 41[3000] -> 42[82000] via direct shared memory
c198-022:23319:23374 [2] NCCL INFO Channel 01 : 22[82000] -> 23[83000] via direct shared memory
c198-012:15176:15229 [2] NCCL INFO Channel 01 : 14[82000] -> 15[83000] via direct shared memory
c198-041:8500:8558 [1] NCCL INFO Channel 00 : 33[3000] -> 34[82000] via direct shared memory
c198-011:18121:18178 [2] NCCL INFO Channel 01 : 10[82000] -> 11[83000] via direct shared memory
c198-072:21582:21640 [1] NCCL INFO Channel 00 : 61[3000] -> 62[82000] via direct shared memory
c198-021:27120:27176 [1] NCCL INFO Channel 00 : 17[3000] -> 18[82000] via direct shared memory
c198-062:30664:30721 [1] NCCL INFO Channel 00 : 53[3000] -> 54[82000] via direct shared memory
c198-051:21411:21463 [1] NCCL INFO Channel 01 : 41[3000] -> 42[82000] via direct shared memory
c198-022:23318:23378 [1] NCCL INFO Channel 00 : 21[3000] -> 22[82000] via direct shared memory
c198-012:15175:15233 [1] NCCL INFO Channel 00 : 13[3000] -> 14[82000] via direct shared memory
c198-071:27977:28037 [1] NCCL INFO Channel 01 : 57[3000] -> 58[82000] via direct shared memory
c198-041:8501:8552 [2] NCCL INFO Channel 01 : 34[82000] -> 35[83000] via direct shared memory
c198-061:12077:12129 [2] NCCL INFO Channel 01 : 50[82000] -> 51[83000] via direct shared memory
c198-072:21583:21636 [2] NCCL INFO Channel 01 : 62[82000] -> 63[83000] via direct shared memory
c198-021:27120:27176 [1] NCCL INFO Channel 01 : 17[3000] -> 18[82000] via direct shared memory
c198-062:30664:30721 [1] NCCL INFO Channel 01 : 53[3000] -> 54[82000] via direct shared memory
c198-051:21412:21467 [2] NCCL INFO Channel 00 : 42[82000] -> 43[83000] via direct shared memory
c198-022:23318:23378 [1] NCCL INFO Channel 01 : 21[3000] -> 22[82000] via direct shared memory
c198-012:15175:15233 [1] NCCL INFO Channel 01 : 13[3000] -> 14[82000] via direct shared memory
c198-041:8500:8558 [1] NCCL INFO Channel 01 : 33[3000] -> 34[82000] via direct shared memory
c198-052:19437:19489 [1] NCCL INFO Channel 00 : 45[3000] -> 46[82000] via direct shared memory
c198-072:21582:21640 [1] NCCL INFO Channel 01 : 61[3000] -> 62[82000] via direct shared memory
c198-051:21412:21467 [2] NCCL INFO Channel 01 : 42[82000] -> 43[83000] via direct shared memory
c198-052:19437:19489 [1] NCCL INFO Channel 01 : 45[3000] -> 46[82000] via direct shared memory
c196-051:9392:9444 [2] NCCL INFO Channel 00 : 6[82000] -> 7[83000] via direct shared memory
c198-061:12076:12135 [1] NCCL INFO Channel 00 : 49[3000] -> 50[82000] via direct shared memory
c198-052:19438:19494 [2] NCCL INFO Channel 00 : 46[82000] -> 47[83000] via direct shared memory
c196-051:9391:9449 [1] NCCL INFO Channel 00 : 5[3000] -> 6[82000] via direct shared memory
c198-061:12076:12135 [1] NCCL INFO Channel 01 : 49[3000] -> 50[82000] via direct shared memory
c198-011:18120:18173 [1] NCCL INFO Channel 00 : 9[3000] -> 10[82000] via direct shared memory
c198-052:19438:19494 [2] NCCL INFO Channel 01 : 46[82000] -> 47[83000] via direct shared memory
c196-051:9392:9444 [2] NCCL INFO Channel 01 : 6[82000] -> 7[83000] via direct shared memory
c196-051:9391:9449 [1] NCCL INFO Channel 01 : 5[3000] -> 6[82000] via direct shared memory
c198-011:18120:18173 [1] NCCL INFO Channel 01 : 9[3000] -> 10[82000] via direct shared memory
c196-042:24523:24579 [2] NCCL INFO Channel 00 : 2[82000] -> 3[83000] via direct shared memory
c196-042:24522:24583 [1] NCCL INFO Channel 00 : 1[3000] -> 2[82000] via direct shared memory
c196-042:24523:24579 [2] NCCL INFO Channel 01 : 2[82000] -> 3[83000] via direct shared memory
c196-042:24522:24583 [1] NCCL INFO Channel 01 : 1[3000] -> 2[82000] via direct shared memory
c198-042:10689:10739 [3] NCCL INFO Channel 00/0 : 39[83000] -> 40[2000] [send] via NET/IB/0
c198-032:21306:21360 [3] NCCL INFO Channel 00/0 : 31[83000] -> 32[2000] [send] via NET/IB/0
c198-031:27498:27550 [3] NCCL INFO Channel 00/0 : 27[83000] -> 28[2000] [send] via NET/IB/0
c198-071:27979:28035 [3] NCCL INFO Channel 00/0 : 59[83000] -> 60[2000] [send] via NET/IB/0
c198-041:8502:8554 [3] NCCL INFO Channel 00/0 : 35[83000] -> 36[2000] [send] via NET/IB/0
c198-072:21584:21638 [3] NCCL INFO Channel 00/0 : 63[83000] -> 0[2000] [send] via NET/IB/0
c198-021:27122:27173 [3] NCCL INFO Channel 00/0 : 19[83000] -> 20[2000] [send] via NET/IB/0
c198-012:15177:15227 [3] NCCL INFO Channel 00/0 : 15[83000] -> 16[2000] [send] via NET/IB/0
c198-022:23320:23372 [3] NCCL INFO Channel 00/0 : 23[83000] -> 24[2000] [send] via NET/IB/0
c198-062:30666:30719 [3] NCCL INFO Channel 00/0 : 55[83000] -> 56[2000] [send] via NET/IB/0
c198-011:18122:18176 [3] NCCL INFO Channel 00/0 : 11[83000] -> 12[2000] [send] via NET/IB/0
c198-061:12078:12132 [3] NCCL INFO Channel 00/0 : 51[83000] -> 52[2000] [send] via NET/IB/0
c198-051:21413:21469 [3] NCCL INFO Channel 00/0 : 43[83000] -> 44[2000] [send] via NET/IB/0
c196-051:9393:9446 [3] NCCL INFO Channel 00/0 : 7[83000] -> 8[2000] [send] via NET/IB/0
c198-052:19439:19495 [3] NCCL INFO Channel 00/0 : 47[83000] -> 48[2000] [send] via NET/IB/0
c196-042:24524:24581 [3] NCCL INFO Channel 00/0 : 3[83000] -> 4[2000] [send] via NET/IB/0
c198-051:21410:21466 [0] NCCL INFO Channel 01/0 : 39[83000] -> 40[2000] [receive] via NET/IB/0
c198-051:21410:21466 [0] NCCL INFO Channel 00 : 40[2000] -> 41[3000] via direct shared memory
c198-051:21410:21466 [0] NCCL INFO Channel 01 : 40[2000] -> 41[3000] via direct shared memory
c198-041:8499:8556 [0] NCCL INFO Channel 01/0 : 31[83000] -> 32[2000] [receive] via NET/IB/0
c198-032:21303:21362 [0] NCCL INFO Channel 01/0 : 27[83000] -> 28[2000] [receive] via NET/IB/0
c198-041:8499:8556 [0] NCCL INFO Channel 00 : 32[2000] -> 33[3000] via direct shared memory
c198-042:10686:10743 [0] NCCL INFO Channel 01/0 : 35[83000] -> 36[2000] [receive] via NET/IB/0
c198-071:27976:28034 [0] NCCL INFO Channel 01/0 : 55[83000] -> 56[2000] [receive] via NET/IB/0
c198-032:21303:21362 [0] NCCL INFO Channel 00 : 28[2000] -> 29[3000] via direct shared memory
c198-041:8499:8556 [0] NCCL INFO Channel 01 : 32[2000] -> 33[3000] via direct shared memory
c198-042:10686:10743 [0] NCCL INFO Channel 00 : 36[2000] -> 37[3000] via direct shared memory
c198-031:27495:27554 [0] NCCL INFO Channel 01/0 : 23[83000] -> 24[2000] [receive] via NET/IB/0
c198-032:21303:21362 [0] NCCL INFO Channel 01 : 28[2000] -> 29[3000] via direct shared memory
c198-071:27976:28034 [0] NCCL INFO Channel 00 : 56[2000] -> 57[3000] via direct shared memory
c198-042:10686:10743 [0] NCCL INFO Channel 01 : 36[2000] -> 37[3000] via direct shared memory
c196-042:24521:24573 [0] NCCL INFO Channel 01/0 : 63[83000] -> 0[2000] [receive] via NET/IB/0
c198-012:15174:15232 [0] NCCL INFO Channel 01/0 : 11[83000] -> 12[2000] [receive] via NET/IB/0
c198-071:27976:28034 [0] NCCL INFO Channel 01 : 56[2000] -> 57[3000] via direct shared memory
c198-011:18119:18174 [0] NCCL INFO Channel 01/0 : 7[83000] -> 8[2000] [receive] via NET/IB/0
c198-031:27495:27554 [0] NCCL INFO Channel 00 : 24[2000] -> 25[3000] via direct shared memory
c198-052:19436:19491 [0] NCCL INFO Channel 01/0 : 43[83000] -> 44[2000] [receive] via NET/IB/0
c196-042:24521:24573 [0] NCCL INFO Channel 00 : 0[2000] -> 1[3000] via direct shared memory
c198-031:27495:27554 [0] NCCL INFO Channel 01 : 24[2000] -> 25[3000] via direct shared memory
c198-012:15174:15232 [0] NCCL INFO Channel 00 : 12[2000] -> 13[3000] via direct shared memory
c198-011:18119:18174 [0] NCCL INFO Channel 00 : 8[2000] -> 9[3000] via direct shared memory
c198-052:19436:19491 [0] NCCL INFO Channel 00 : 44[2000] -> 45[3000] via direct shared memory
c196-042:24521:24573 [0] NCCL INFO Channel 01 : 0[2000] -> 1[3000] via direct shared memory
c196-051:9390:9450 [0] NCCL INFO Channel 01/0 : 3[83000] -> 4[2000] [receive] via NET/IB/0
c198-021:27119:27178 [0] NCCL INFO Channel 01/0 : 15[83000] -> 16[2000] [receive] via NET/IB/0
c198-012:15174:15232 [0] NCCL INFO Channel 01 : 12[2000] -> 13[3000] via direct shared memory
c198-011:18119:18174 [0] NCCL INFO Channel 01 : 8[2000] -> 9[3000] via direct shared memory
c198-052:19436:19491 [0] NCCL INFO Channel 01 : 44[2000] -> 45[3000] via direct shared memory
c198-022:23317:23377 [0] NCCL INFO Channel 01/0 : 19[83000] -> 20[2000] [receive] via NET/IB/0
c198-072:21581:21642 [0] NCCL INFO Channel 01/0 : 59[83000] -> 60[2000] [receive] via NET/IB/0
c196-051:9390:9450 [0] NCCL INFO Channel 00 : 4[2000] -> 5[3000] via direct shared memory
c198-061:12075:12134 [0] NCCL INFO Channel 01/0 : 47[83000] -> 48[2000] [receive] via NET/IB/0
c198-021:27119:27178 [0] NCCL INFO Channel 00 : 16[2000] -> 17[3000] via direct shared memory
c198-022:23317:23377 [0] NCCL INFO Channel 00 : 20[2000] -> 21[3000] via direct shared memory
c196-051:9390:9450 [0] NCCL INFO Channel 01 : 4[2000] -> 5[3000] via direct shared memory
c198-021:27119:27178 [0] NCCL INFO Channel 01 : 16[2000] -> 17[3000] via direct shared memory
c198-061:12075:12134 [0] NCCL INFO Channel 00 : 48[2000] -> 49[3000] via direct shared memory
c198-072:21581:21642 [0] NCCL INFO Channel 00 : 60[2000] -> 61[3000] via direct shared memory
