TACC:  Starting up job 6207112 
TACC:  Starting parallel tasks... 
# nThread 1 nGpus 1 minBytes 65536 maxBytes 268435456 step: 2(factor) warmup iters: 5 iters: 60 agg iters: 1 validation: 1 graph: 0
#
# Using devices
#  Rank  0 Group  0 Pid   3410 on   c198-061 device  0 [0x02] Quadro RTX 5000
#  Rank  1 Group  0 Pid   3411 on   c198-061 device  1 [0x03] Quadro RTX 5000
#  Rank  2 Group  0 Pid   3412 on   c198-061 device  2 [0x82] Quadro RTX 5000
#  Rank  3 Group  0 Pid   3413 on   c198-061 device  3 [0x83] Quadro RTX 5000
#  Rank  4 Group  0 Pid  22233 on   c198-062 device  0 [0x02] Quadro RTX 5000
#  Rank  5 Group  0 Pid  22234 on   c198-062 device  1 [0x03] Quadro RTX 5000
#  Rank  6 Group  0 Pid  22235 on   c198-062 device  2 [0x82] Quadro RTX 5000
#  Rank  7 Group  0 Pid  22236 on   c198-062 device  3 [0x83] Quadro RTX 5000
#  Rank  8 Group  0 Pid   9924 on   c198-071 device  0 [0x02] Quadro RTX 5000
#  Rank  9 Group  0 Pid   9925 on   c198-071 device  1 [0x03] Quadro RTX 5000
#  Rank 10 Group  0 Pid   9926 on   c198-071 device  2 [0x82] Quadro RTX 5000
#  Rank 11 Group  0 Pid   9927 on   c198-071 device  3 [0x83] Quadro RTX 5000
#  Rank 12 Group  0 Pid   3521 on   c198-072 device  0 [0x02] Quadro RTX 5000
#  Rank 13 Group  0 Pid   3522 on   c198-072 device  1 [0x03] Quadro RTX 5000
#  Rank 14 Group  0 Pid   3523 on   c198-072 device  2 [0x82] Quadro RTX 5000
#  Rank 15 Group  0 Pid   3524 on   c198-072 device  3 [0x83] Quadro RTX 5000
The MSCCL XML file exists: /home1/09168/ldai1/ccl-build/msccl_tools_lyd/examples/xml/xml_lyd/binary_tree/allreduce_binary_tree_2ch_2tree_4chunk_4node_16gpu.xml
c198-061:3410:3410 [0] NCCL INFO Bootstrap : Using ib0:192.168.44.155<0>
c198-061:3410:3410 [0] NCCL INFO NET/Plugin : No plugin found (libnccl-net.so), using internal implementation
c198-061:3410:3410 [0] NCCL INFO NET/IB : Using [0]mlx4_0:1/IB [RO]; OOB ib0:192.168.44.155<0>
c198-061:3410:3410 [0] NCCL INFO Using network IB
NCCL version 2.12.12.MSCCL.0.7.4+cuda11.3
c198-061:3412:3412 [2] NCCL INFO Bootstrap : Using ib0:192.168.44.155<0>
c198-061:3413:3413 [3] NCCL INFO Bootstrap : Using ib0:192.168.44.155<0>
c198-061:3412:3412 [2] NCCL INFO NET/Plugin : No plugin found (libnccl-net.so), using internal implementation
c198-061:3413:3413 [3] NCCL INFO NET/Plugin : No plugin found (libnccl-net.so), using internal implementation
c198-061:3412:3412 [2] NCCL INFO NET/IB : Using [0]mlx4_0:1/IB [RO]; OOB ib0:192.168.44.155<0>
c198-061:3412:3412 [2] NCCL INFO Using network IB
c198-061:3413:3413 [3] NCCL INFO NET/IB : Using [0]mlx4_0:1/IB [RO]; OOB ib0:192.168.44.155<0>
c198-061:3413:3413 [3] NCCL INFO Using network IB
c198-061:3411:3411 [1] NCCL INFO Bootstrap : Using ib0:192.168.44.155<0>
c198-061:3411:3411 [1] NCCL INFO NET/Plugin : No plugin found (libnccl-net.so), using internal implementation
c198-061:3411:3411 [1] NCCL INFO NET/IB : Using [0]mlx4_0:1/IB [RO]; OOB ib0:192.168.44.155<0>
c198-061:3411:3411 [1] NCCL INFO Using network IB
c198-072:3522:3522 [1] NCCL INFO Bootstrap : Using ib0:192.168.44.158<0>
c198-072:3522:3522 [1] NCCL INFO NET/Plugin : No plugin found (libnccl-net.so), using internal implementation
c198-072:3522:3522 [1] NCCL INFO NET/IB : Using [0]mlx4_0:1/IB [RO]; OOB ib0:192.168.44.158<0>
c198-072:3522:3522 [1] NCCL INFO Using network IB
c198-072:3521:3521 [0] NCCL INFO Bootstrap : Using ib0:192.168.44.158<0>
c198-072:3523:3523 [2] NCCL INFO Bootstrap : Using ib0:192.168.44.158<0>
c198-072:3524:3524 [3] NCCL INFO Bootstrap : Using ib0:192.168.44.158<0>
c198-072:3521:3521 [0] NCCL INFO NET/Plugin : No plugin found (libnccl-net.so), using internal implementation
c198-072:3523:3523 [2] NCCL INFO NET/Plugin : No plugin found (libnccl-net.so), using internal implementation
c198-072:3524:3524 [3] NCCL INFO NET/Plugin : No plugin found (libnccl-net.so), using internal implementation
c198-072:3521:3521 [0] NCCL INFO NET/IB : Using [0]mlx4_0:1/IB [RO]; OOB ib0:192.168.44.158<0>
c198-072:3521:3521 [0] NCCL INFO Using network IB
c198-072:3523:3523 [2] NCCL INFO NET/IB : Using [0]mlx4_0:1/IB [RO]; OOB ib0:192.168.44.158<0>
c198-072:3523:3523 [2] NCCL INFO Using network IB
c198-072:3524:3524 [3] NCCL INFO NET/IB : Using [0]mlx4_0:1/IB [RO]; OOB ib0:192.168.44.158<0>
c198-072:3524:3524 [3] NCCL INFO Using network IB
c198-062:22235:22235 [2] NCCL INFO Bootstrap : Using ib0:192.168.44.156<0>
c198-062:22236:22236 [3] NCCL INFO Bootstrap : Using ib0:192.168.44.156<0>
c198-062:22235:22235 [2] NCCL INFO NET/Plugin : No plugin found (libnccl-net.so), using internal implementation
c198-062:22236:22236 [3] NCCL INFO NET/Plugin : No plugin found (libnccl-net.so), using internal implementation
c198-062:22236:22236 [3] NCCL INFO NET/IB : Using [0]mlx4_0:1/IB [RO]; OOB ib0:192.168.44.156<0>
c198-062:22236:22236 [3] NCCL INFO Using network IB
c198-062:22235:22235 [2] NCCL INFO NET/IB : Using [0]mlx4_0:1/IB [RO]; OOB ib0:192.168.44.156<0>
c198-062:22235:22235 [2] NCCL INFO Using network IB
c198-062:22233:22233 [0] NCCL INFO Bootstrap : Using ib0:192.168.44.156<0>
c198-062:22233:22233 [0] NCCL INFO NET/Plugin : No plugin found (libnccl-net.so), using internal implementation
c198-062:22233:22233 [0] NCCL INFO NET/IB : Using [0]mlx4_0:1/IB [RO]; OOB ib0:192.168.44.156<0>
c198-062:22233:22233 [0] NCCL INFO Using network IB
c198-062:22234:22234 [1] NCCL INFO Bootstrap : Using ib0:192.168.44.156<0>
c198-062:22234:22234 [1] NCCL INFO NET/Plugin : No plugin found (libnccl-net.so), using internal implementation
c198-062:22234:22234 [1] NCCL INFO NET/IB : Using [0]mlx4_0:1/IB [RO]; OOB ib0:192.168.44.156<0>
c198-062:22234:22234 [1] NCCL INFO Using network IB
c198-071:9926:9926 [2] NCCL INFO Bootstrap : Using ib0:192.168.44.157<0>
c198-071:9927:9927 [3] NCCL INFO Bootstrap : Using ib0:192.168.44.157<0>
c198-071:9926:9926 [2] NCCL INFO NET/Plugin : No plugin found (libnccl-net.so), using internal implementation
c198-071:9927:9927 [3] NCCL INFO NET/Plugin : No plugin found (libnccl-net.so), using internal implementation
c198-071:9927:9927 [3] NCCL INFO NET/IB : Using [0]mlx4_0:1/IB [RO]; OOB ib0:192.168.44.157<0>
c198-071:9927:9927 [3] NCCL INFO Using network IB
c198-071:9926:9926 [2] NCCL INFO NET/IB : Using [0]mlx4_0:1/IB [RO]; OOB ib0:192.168.44.157<0>
c198-071:9926:9926 [2] NCCL INFO Using network IB
c198-071:9924:9924 [0] NCCL INFO Bootstrap : Using ib0:192.168.44.157<0>
c198-071:9924:9924 [0] NCCL INFO NET/Plugin : No plugin found (libnccl-net.so), using internal implementation
c198-071:9924:9924 [0] NCCL INFO NET/IB : Using [0]mlx4_0:1/IB [RO]; OOB ib0:192.168.44.157<0>
c198-071:9924:9924 [0] NCCL INFO Using network IB
c198-071:9925:9925 [1] NCCL INFO Bootstrap : Using ib0:192.168.44.157<0>
c198-071:9925:9925 [1] NCCL INFO NET/Plugin : No plugin found (libnccl-net.so), using internal implementation
c198-071:9925:9925 [1] NCCL INFO NET/IB : Using [0]mlx4_0:1/IB [RO]; OOB ib0:192.168.44.157<0>
c198-071:9925:9925 [1] NCCL INFO Using network IB
c198-061:3410:3441 [0] NCCL INFO Setting affinity for GPU 0 to 0f000f
c198-061:3412:3446 [2] NCCL INFO Setting affinity for GPU 2 to 0f000f00
c198-061:3413:3448 [3] NCCL INFO Setting affinity for GPU 3 to f000f000
c198-071:9926:9960 [2] NCCL INFO Setting affinity for GPU 2 to 0f000f00
c198-071:9927:9959 [3] NCCL INFO Setting affinity for GPU 3 to f000f000
c198-062:22235:22269 [2] NCCL INFO Setting affinity for GPU 2 to 0f000f00
c198-072:3523:3561 [2] NCCL INFO Setting affinity for GPU 2 to 0f000f00
c198-072:3524:3562 [3] NCCL INFO Setting affinity for GPU 3 to f000f000
c198-062:22236:22268 [3] NCCL INFO Setting affinity for GPU 3 to f000f000
c198-071:9924:9962 [0] NCCL INFO Setting affinity for GPU 0 to 0f000f
c198-071:9925:9964 [1] NCCL INFO Setting affinity for GPU 1 to f000f0
c198-072:3522:3556 [1] NCCL INFO Setting affinity for GPU 1 to f000f0
c198-061:3411:3450 [1] NCCL INFO Setting affinity for GPU 1 to f000f0
c198-062:22234:22273 [1] NCCL INFO Setting affinity for GPU 1 to f000f0
c198-062:22233:22271 [0] NCCL INFO Setting affinity for GPU 0 to 0f000f
c198-072:3521:3558 [0] NCCL INFO Setting affinity for GPU 0 to 0f000f
c198-072:3521:3558 [0] NCCL INFO Trees [0] 13/-1/-1->12->8 [1] 13/4/-1->12->-1
c198-072:3522:3556 [1] NCCL INFO Trees [0] 14/-1/-1->13->12 [1] 14/-1/-1->13->12
c198-061:3410:3441 [0] NCCL INFO Channel 00/02 :    0   1   2   3   4   5   6   7   8   9  10  11  12  13  14  15
c198-061:3410:3441 [0] NCCL INFO Channel 01/02 :    0   1   2   3   4   5   6   7   8   9  10  11  12  13  14  15
c198-061:3410:3441 [0] NCCL INFO Trees [0] 1/8/-1->0->-1 [1] 1/-1/-1->0->4
c198-071:9925:9964 [1] NCCL INFO Trees [0] 10/4/-1->9->8 [1] 10/-1/-1->9->8
c198-072:3523:3561 [2] NCCL INFO Trees [0] 15/-1/-1->14->13 [1] 15/-1/-1->14->13
c198-061:3413:3448 [3] NCCL INFO Trees [0] -1/-1/-1->3->2 [1] -1/-1/-1->3->2
c198-062:22233:22271 [0] NCCL INFO Trees [0] 5/-1/-1->4->9 [1] 5/0/-1->4->12
c198-071:9926:9960 [2] NCCL INFO Trees [0] 11/-1/-1->10->9 [1] 11/-1/-1->10->9
c198-072:3524:3562 [3] NCCL INFO Trees [0] -1/-1/-1->15->14 [1] -1/-1/-1->15->14
c198-061:3411:3450 [1] NCCL INFO Trees [0] 2/-1/-1->1->0 [1] 2/-1/-1->1->0
c198-062:22234:22273 [1] NCCL INFO Trees [0] 6/-1/-1->5->4 [1] 6/8/-1->5->4
c198-071:9927:9959 [3] NCCL INFO Trees [0] -1/-1/-1->11->10 [1] -1/-1/-1->11->10
c198-061:3412:3446 [2] NCCL INFO Trees [0] 3/-1/-1->2->1 [1] 3/-1/-1->2->1
c198-062:22235:22269 [2] NCCL INFO Trees [0] 7/-1/-1->6->5 [1] 7/-1/-1->6->5
c198-071:9924:9962 [0] NCCL INFO Trees [0] 9/12/-1->8->0 [1] 9/-1/-1->8->5
c198-062:22236:22268 [3] NCCL INFO Trees [0] -1/-1/-1->7->6 [1] -1/-1/-1->7->6
c198-072:3521:3558 [0] NCCL INFO Channel 00/0 : 11[83000] -> 12[2000] [receive] via NET/IB/0
c198-071:9924:9962 [0] NCCL INFO Channel 00/0 : 7[83000] -> 8[2000] [receive] via NET/IB/0
c198-062:22233:22271 [0] NCCL INFO Channel 00/0 : 3[83000] -> 4[2000] [receive] via NET/IB/0
c198-061:3410:3441 [0] NCCL INFO Channel 00/0 : 15[83000] -> 0[2000] [receive] via NET/IB/0
c198-071:9926:9960 [2] NCCL INFO Channel 00 : 10[82000] -> 11[83000] via direct shared memory
c198-071:9926:9960 [2] NCCL INFO Channel 01 : 10[82000] -> 11[83000] via direct shared memory
c198-072:3523:3561 [2] NCCL INFO Channel 00 : 14[82000] -> 15[83000] via direct shared memory
c198-072:3522:3556 [1] NCCL INFO Channel 00 : 13[3000] -> 14[82000] via direct shared memory
c198-072:3523:3561 [2] NCCL INFO Channel 01 : 14[82000] -> 15[83000] via direct shared memory
c198-072:3522:3556 [1] NCCL INFO Channel 01 : 13[3000] -> 14[82000] via direct shared memory
c198-061:3412:3446 [2] NCCL INFO Channel 00 : 2[82000] -> 3[83000] via direct shared memory
c198-071:9925:9964 [1] NCCL INFO Channel 00 : 9[3000] -> 10[82000] via direct shared memory
c198-062:22235:22269 [2] NCCL INFO Channel 00 : 6[82000] -> 7[83000] via direct shared memory
c198-071:9925:9964 [1] NCCL INFO Channel 01 : 9[3000] -> 10[82000] via direct shared memory
c198-062:22235:22269 [2] NCCL INFO Channel 01 : 6[82000] -> 7[83000] via direct shared memory
c198-061:3412:3446 [2] NCCL INFO Channel 01 : 2[82000] -> 3[83000] via direct shared memory
c198-062:22234:22273 [1] NCCL INFO Channel 00 : 5[3000] -> 6[82000] via direct shared memory
c198-061:3411:3450 [1] NCCL INFO Channel 00 : 1[3000] -> 2[82000] via direct shared memory
c198-062:22234:22273 [1] NCCL INFO Channel 01 : 5[3000] -> 6[82000] via direct shared memory
c198-061:3411:3450 [1] NCCL INFO Channel 01 : 1[3000] -> 2[82000] via direct shared memory
c198-071:9927:9959 [3] NCCL INFO Channel 00/0 : 11[83000] -> 12[2000] [send] via NET/IB/0
c198-072:3524:3562 [3] NCCL INFO Channel 00/0 : 15[83000] -> 0[2000] [send] via NET/IB/0
c198-061:3413:3448 [3] NCCL INFO Channel 00/0 : 3[83000] -> 4[2000] [send] via NET/IB/0
c198-062:22236:22268 [3] NCCL INFO Channel 00/0 : 7[83000] -> 8[2000] [send] via NET/IB/0
c198-072:3521:3558 [0] NCCL INFO Channel 01/0 : 11[83000] -> 12[2000] [receive] via NET/IB/0
c198-062:22233:22271 [0] NCCL INFO Channel 01/0 : 3[83000] -> 4[2000] [receive] via NET/IB/0
c198-072:3521:3558 [0] NCCL INFO Channel 00 : 12[2000] -> 13[3000] via direct shared memory
c198-062:22233:22271 [0] NCCL INFO Channel 00 : 4[2000] -> 5[3000] via direct shared memory
c198-072:3521:3558 [0] NCCL INFO Channel 01 : 12[2000] -> 13[3000] via direct shared memory
c198-062:22233:22271 [0] NCCL INFO Channel 01 : 4[2000] -> 5[3000] via direct shared memory
c198-071:9924:9962 [0] NCCL INFO Channel 01/0 : 7[83000] -> 8[2000] [receive] via NET/IB/0
c198-071:9924:9962 [0] NCCL INFO Channel 00 : 8[2000] -> 9[3000] via direct shared memory
c198-071:9924:9962 [0] NCCL INFO Channel 01 : 8[2000] -> 9[3000] via direct shared memory
c198-061:3410:3441 [0] NCCL INFO Channel 01/0 : 15[83000] -> 0[2000] [receive] via NET/IB/0
c198-061:3410:3441 [0] NCCL INFO Channel 00 : 0[2000] -> 1[3000] via direct shared memory
c198-061:3410:3441 [0] NCCL INFO Channel 01 : 0[2000] -> 1[3000] via direct shared memory
c198-072:3522:3556 [1] NCCL INFO Connected all rings
c198-071:9925:9964 [1] NCCL INFO Connected all rings
c198-062:22234:22273 [1] NCCL INFO Connected all rings
c198-061:3411:3450 [1] NCCL INFO Connected all rings
c198-062:22234:22273 [1] NCCL INFO Channel 01/0 : 5[3000] -> 8[2000] [send] via NET/IB/0
c198-071:9925:9964 [1] NCCL INFO Channel 00/0 : 4[2000] -> 9[3000] [receive] via NET/IB/0
c198-071:9927:9959 [3] NCCL INFO Channel 01/0 : 11[83000] -> 12[2000] [send] via NET/IB/0
c198-072:3524:3562 [3] NCCL INFO Channel 01/0 : 15[83000] -> 0[2000] [send] via NET/IB/0
c198-062:22236:22268 [3] NCCL INFO Channel 01/0 : 7[83000] -> 8[2000] [send] via NET/IB/0
c198-061:3413:3448 [3] NCCL INFO Channel 01/0 : 3[83000] -> 4[2000] [send] via NET/IB/0
c198-071:9926:9960 [2] NCCL INFO Connected all rings
c198-072:3523:3561 [2] NCCL INFO Connected all rings
c198-062:22235:22269 [2] NCCL INFO Connected all rings
c198-072:3522:3556 [1] NCCL INFO Channel 00 : 13[3000] -> 12[2000] via direct shared memory
c198-072:3522:3556 [1] NCCL INFO Channel 01 : 13[3000] -> 12[2000] via direct shared memory
c198-061:3412:3446 [2] NCCL INFO Connected all rings
c198-061:3411:3450 [1] NCCL INFO Channel 00 : 1[3000] -> 0[2000] via direct shared memory
c198-061:3411:3450 [1] NCCL INFO Channel 01 : 1[3000] -> 0[2000] via direct shared memory
c198-071:9927:9959 [3] NCCL INFO Connected all rings
c198-071:9927:9959 [3] NCCL INFO Channel 00 : 11[83000] -> 10[82000] via direct shared memory
c198-071:9927:9959 [3] NCCL INFO Channel 01 : 11[83000] -> 10[82000] via direct shared memory
c198-072:3524:3562 [3] NCCL INFO Connected all rings
c198-072:3524:3562 [3] NCCL INFO Channel 00 : 15[83000] -> 14[82000] via direct shared memory
c198-061:3413:3448 [3] NCCL INFO Connected all rings
c198-062:22236:22268 [3] NCCL INFO Connected all rings
c198-072:3524:3562 [3] NCCL INFO Channel 01 : 15[83000] -> 14[82000] via direct shared memory
c198-061:3413:3448 [3] NCCL INFO Channel 00 : 3[83000] -> 2[82000] via direct shared memory
c198-062:22236:22268 [3] NCCL INFO Channel 00 : 7[83000] -> 6[82000] via direct shared memory
c198-061:3413:3448 [3] NCCL INFO Channel 01 : 3[83000] -> 2[82000] via direct shared memory
c198-062:22236:22268 [3] NCCL INFO Channel 01 : 7[83000] -> 6[82000] via direct shared memory
c198-072:3521:3558 [0] NCCL INFO Connected all rings
c198-072:3523:3561 [2] NCCL INFO Channel 00 : 14[82000] -> 13[3000] via direct shared memory
c198-071:9924:9962 [0] NCCL INFO Connected all rings
c198-072:3523:3561 [2] NCCL INFO Channel 01 : 14[82000] -> 13[3000] via direct shared memory
c198-071:9926:9960 [2] NCCL INFO Channel 00 : 10[82000] -> 9[3000] via direct shared memory
c198-062:22233:22271 [0] NCCL INFO Connected all rings
c198-071:9926:9960 [2] NCCL INFO Channel 01 : 10[82000] -> 9[3000] via direct shared memory
c198-061:3410:3441 [0] NCCL INFO Connected all rings
c198-062:22235:22269 [2] NCCL INFO Channel 00 : 6[82000] -> 5[3000] via direct shared memory
c198-062:22235:22269 [2] NCCL INFO Channel 01 : 6[82000] -> 5[3000] via direct shared memory
c198-072:3524:3562 [3] NCCL INFO Connected all trees
c198-072:3524:3562 [3] NCCL INFO MSCCL_XML_FILES set by environment to /home1/09168/ldai1/ccl-build/msccl_tools_lyd/examples/xml/xml_lyd/binary_tree/allreduce_binary_tree_2ch_2tree_4chunk_4node_16gpu.xml
c198-072:3524:3562 [3] NCCL INFO MSCCL: Parsing algorithm /home1/09168/ldai1/ccl-build/msccl_tools_lyd/examples/xml/xml_lyd/binary_tree/allreduce_binary_tree_2ch_2tree_4chunk_4node_16gpu.xml
c198-061:3412:3446 [2] NCCL INFO Channel 00 : 2[82000] -> 1[3000] via direct shared memory
c198-061:3412:3446 [2] NCCL INFO Channel 01 : 2[82000] -> 1[3000] via direct shared memory
c198-072:3523:3561 [2] NCCL INFO Connected all trees
c198-072:3523:3561 [2] NCCL INFO MSCCL_XML_FILES set by environment to /home1/09168/ldai1/ccl-build/msccl_tools_lyd/examples/xml/xml_lyd/binary_tree/allreduce_binary_tree_2ch_2tree_4chunk_4node_16gpu.xml
c198-072:3523:3561 [2] NCCL INFO MSCCL: Parsing algorithm /home1/09168/ldai1/ccl-build/msccl_tools_lyd/examples/xml/xml_lyd/binary_tree/allreduce_binary_tree_2ch_2tree_4chunk_4node_16gpu.xml
c198-071:9927:9959 [3] NCCL INFO Connected all trees
c198-071:9927:9959 [3] NCCL INFO MSCCL_XML_FILES set by environment to /home1/09168/ldai1/ccl-build/msccl_tools_lyd/examples/xml/xml_lyd/binary_tree/allreduce_binary_tree_2ch_2tree_4chunk_4node_16gpu.xml
c198-071:9927:9959 [3] NCCL INFO MSCCL: Parsing algorithm /home1/09168/ldai1/ccl-build/msccl_tools_lyd/examples/xml/xml_lyd/binary_tree/allreduce_binary_tree_2ch_2tree_4chunk_4node_16gpu.xml
c198-062:22236:22268 [3] NCCL INFO Connected all trees
c198-062:22236:22268 [3] NCCL INFO MSCCL_XML_FILES set by environment to /home1/09168/ldai1/ccl-build/msccl_tools_lyd/examples/xml/xml_lyd/binary_tree/allreduce_binary_tree_2ch_2tree_4chunk_4node_16gpu.xml
c198-062:22236:22268 [3] NCCL INFO MSCCL: Parsing algorithm /home1/09168/ldai1/ccl-build/msccl_tools_lyd/examples/xml/xml_lyd/binary_tree/allreduce_binary_tree_2ch_2tree_4chunk_4node_16gpu.xml
c198-061:3413:3448 [3] NCCL INFO Connected all trees
c198-061:3413:3448 [3] NCCL INFO MSCCL_XML_FILES set by environment to /home1/09168/ldai1/ccl-build/msccl_tools_lyd/examples/xml/xml_lyd/binary_tree/allreduce_binary_tree_2ch_2tree_4chunk_4node_16gpu.xml
c198-061:3413:3448 [3] NCCL INFO MSCCL: Parsing algorithm /home1/09168/ldai1/ccl-build/msccl_tools_lyd/examples/xml/xml_lyd/binary_tree/allreduce_binary_tree_2ch_2tree_4chunk_4node_16gpu.xml
c198-061:3412:3446 [2] NCCL INFO Connected all trees
c198-061:3412:3446 [2] NCCL INFO MSCCL_XML_FILES set by environment to /home1/09168/ldai1/ccl-build/msccl_tools_lyd/examples/xml/xml_lyd/binary_tree/allreduce_binary_tree_2ch_2tree_4chunk_4node_16gpu.xml
c198-061:3412:3446 [2] NCCL INFO MSCCL: Parsing algorithm /home1/09168/ldai1/ccl-build/msccl_tools_lyd/examples/xml/xml_lyd/binary_tree/allreduce_binary_tree_2ch_2tree_4chunk_4node_16gpu.xml
c198-072:3521:3558 [0] NCCL INFO Channel 00/0 : 8[2000] -> 12[2000] [receive] via NET/IB/0
c198-071:9924:9962 [0] NCCL INFO Channel 01/0 : 5[3000] -> 8[2000] [receive] via NET/IB/0
c198-062:22233:22271 [0] NCCL INFO Channel 01/0 : 0[2000] -> 4[2000] [receive] via NET/IB/0
c198-061:3410:3441 [0] NCCL INFO Channel 01/0 : 0[2000] -> 4[2000] [send] via NET/IB/0
c198-062:22236:22268 [3] NCCL INFO Parsed MSCCL Algorithm /home1/09168/ldai1/ccl-build/msccl_tools_lyd/examples/xml/xml_lyd/binary_tree/allreduce_binary_tree_2ch_2tree_4chunk_4node_16gpu.xml successfully.
c198-072:3524:3562 [3] NCCL INFO Parsed MSCCL Algorithm /home1/09168/ldai1/ccl-build/msccl_tools_lyd/examples/xml/xml_lyd/binary_tree/allreduce_binary_tree_2ch_2tree_4chunk_4node_16gpu.xml successfully.
c198-061:3413:3448 [3] NCCL INFO Parsed MSCCL Algorithm /home1/09168/ldai1/ccl-build/msccl_tools_lyd/examples/xml/xml_lyd/binary_tree/allreduce_binary_tree_2ch_2tree_4chunk_4node_16gpu.xml successfully.
c198-072:3523:3561 [2] NCCL INFO Parsed MSCCL Algorithm /home1/09168/ldai1/ccl-build/msccl_tools_lyd/examples/xml/xml_lyd/binary_tree/allreduce_binary_tree_2ch_2tree_4chunk_4node_16gpu.xml successfully.
c198-071:9927:9959 [3] NCCL INFO Parsed MSCCL Algorithm /home1/09168/ldai1/ccl-build/msccl_tools_lyd/examples/xml/xml_lyd/binary_tree/allreduce_binary_tree_2ch_2tree_4chunk_4node_16gpu.xml successfully.
c198-061:3412:3446 [2] NCCL INFO Parsed MSCCL Algorithm /home1/09168/ldai1/ccl-build/msccl_tools_lyd/examples/xml/xml_lyd/binary_tree/allreduce_binary_tree_2ch_2tree_4chunk_4node_16gpu.xml successfully.
c198-072:3523:3561 [2] NCCL INFO Channel 02 : 14[82000] -> 15[83000] via direct shared memory
c198-072:3523:3561 [2] NCCL INFO Channel 03 : 14[82000] -> 15[83000] via direct shared memory
c198-061:3412:3446 [2] NCCL INFO Channel 02 : 2[82000] -> 3[83000] via direct shared memory
c198-061:3412:3446 [2] NCCL INFO Channel 03 : 2[82000] -> 3[83000] via direct shared memory
c198-072:3524:3562 [3] NCCL INFO Channel 01/0 : 11[83000] -> 15[83000] [receive] via NET/IB/0
c198-061:3413:3448 [3] NCCL INFO Channel 03/0 : 3[83000] -> 7[83000] [send] via NET/IB/0
c198-062:22234:22273 [1] NCCL INFO Channel 01/0 : 8[2000] -> 5[3000] [receive] via NET/IB/0
c198-071:9924:9962 [0] NCCL INFO Channel 00/0 : 8[2000] -> 12[2000] [send] via NET/IB/0
c198-061:3410:3441 [0] NCCL INFO Channel 00/0 : 8[2000] -> 0[2000] [receive] via NET/IB/0
c198-062:22233:22271 [0] NCCL INFO Channel 00/0 : 4[2000] -> 9[3000] [send] via NET/IB/0
c198-061:3410:3441 [0] NCCL INFO Channel 00/0 : 0[2000] -> 8[2000] [send] via NET/IB/0
c198-071:9924:9962 [0] NCCL INFO Channel 00/0 : 0[2000] -> 8[2000] [receive] via NET/IB/0
c198-072:3521:3558 [0] NCCL INFO Channel 01/0 : 4[2000] -> 12[2000] [receive] via NET/IB/0
c198-062:22233:22271 [0] NCCL INFO Channel 01/0 : 12[2000] -> 4[2000] [receive] via NET/IB/0
c198-071:9925:9964 [1] NCCL INFO Channel 00/0 : 9[3000] -> 4[2000] [send] via NET/IB/0
c198-071:9924:9962 [0] NCCL INFO Channel 00/0 : 8[2000] -> 0[2000] [send] via NET/IB/0
c198-072:3521:3558 [0] NCCL INFO Channel 01/0 : 12[2000] -> 4[2000] [send] via NET/IB/0
c198-062:22233:22271 [0] NCCL INFO Channel 01/0 : 4[2000] -> 12[2000] [send] via NET/IB/0
c198-071:9924:9962 [0] NCCL INFO Channel 00/0 : 12[2000] -> 8[2000] [receive] via NET/IB/0
c198-072:3521:3558 [0] NCCL INFO Channel 00/0 : 12[2000] -> 8[2000] [send] via NET/IB/0
c198-062:22233:22271 [0] NCCL INFO Channel 00/0 : 9[3000] -> 4[2000] [receive] via NET/IB/0
c198-061:3410:3441 [0] NCCL INFO Channel 01/0 : 4[2000] -> 0[2000] [receive] via NET/IB/0
c198-072:3521:3558 [0] NCCL INFO Connected all trees
c198-072:3521:3558 [0] NCCL INFO MSCCL_XML_FILES set by environment to /home1/09168/ldai1/ccl-build/msccl_tools_lyd/examples/xml/xml_lyd/binary_tree/allreduce_binary_tree_2ch_2tree_4chunk_4node_16gpu.xml
c198-072:3521:3558 [0] NCCL INFO MSCCL: Parsing algorithm /home1/09168/ldai1/ccl-build/msccl_tools_lyd/examples/xml/xml_lyd/binary_tree/allreduce_binary_tree_2ch_2tree_4chunk_4node_16gpu.xml
c198-071:9925:9964 [1] NCCL INFO Channel 00 : 9[3000] -> 8[2000] via direct shared memory
c198-071:9925:9964 [1] NCCL INFO Channel 01 : 9[3000] -> 8[2000] via direct shared memory
c198-072:3522:3556 [1] NCCL INFO Connected all trees
c198-072:3522:3556 [1] NCCL INFO MSCCL_XML_FILES set by environment to /home1/09168/ldai1/ccl-build/msccl_tools_lyd/examples/xml/xml_lyd/binary_tree/allreduce_binary_tree_2ch_2tree_4chunk_4node_16gpu.xml
c198-072:3522:3556 [1] NCCL INFO MSCCL: Parsing algorithm /home1/09168/ldai1/ccl-build/msccl_tools_lyd/examples/xml/xml_lyd/binary_tree/allreduce_binary_tree_2ch_2tree_4chunk_4node_16gpu.xml
c198-071:9926:9960 [2] NCCL INFO Connected all trees
c198-071:9926:9960 [2] NCCL INFO MSCCL_XML_FILES set by environment to /home1/09168/ldai1/ccl-build/msccl_tools_lyd/examples/xml/xml_lyd/binary_tree/allreduce_binary_tree_2ch_2tree_4chunk_4node_16gpu.xml
c198-071:9926:9960 [2] NCCL INFO MSCCL: Parsing algorithm /home1/09168/ldai1/ccl-build/msccl_tools_lyd/examples/xml/xml_lyd/binary_tree/allreduce_binary_tree_2ch_2tree_4chunk_4node_16gpu.xml
c198-072:3521:3558 [0] NCCL INFO Parsed MSCCL Algorithm /home1/09168/ldai1/ccl-build/msccl_tools_lyd/examples/xml/xml_lyd/binary_tree/allreduce_binary_tree_2ch_2tree_4chunk_4node_16gpu.xml successfully.
c198-072:3521:3558 [0] NCCL INFO Channel 02 : 12[2000] -> 13[3000] via direct shared memory
c198-072:3521:3558 [0] NCCL INFO Channel 03 : 12[2000] -> 13[3000] via direct shared memory
c198-072:3522:3556 [1] NCCL INFO Parsed MSCCL Algorithm /home1/09168/ldai1/ccl-build/msccl_tools_lyd/examples/xml/xml_lyd/binary_tree/allreduce_binary_tree_2ch_2tree_4chunk_4node_16gpu.xml successfully.
c198-071:9926:9960 [2] NCCL INFO Parsed MSCCL Algorithm /home1/09168/ldai1/ccl-build/msccl_tools_lyd/examples/xml/xml_lyd/binary_tree/allreduce_binary_tree_2ch_2tree_4chunk_4node_16gpu.xml successfully.
c198-072:3522:3556 [1] NCCL INFO Channel 02 : 13[3000] -> 14[82000] via direct shared memory
c198-072:3522:3556 [1] NCCL INFO Channel 03 : 13[3000] -> 14[82000] via direct shared memory
c198-071:9926:9960 [2] NCCL INFO Channel 02 : 10[82000] -> 11[83000] via direct shared memory
c198-062:22233:22271 [0] NCCL INFO Channel 01/0 : 4[2000] -> 0[2000] [send] via NET/IB/0
c198-071:9926:9960 [2] NCCL INFO Channel 03 : 10[82000] -> 11[83000] via direct shared memory
c198-072:3521:3558 [0] NCCL INFO Channel 02/0 : 4[2000] -> 12[2000] [receive] via NET/IB/0
c198-071:9927:9959 [3] NCCL INFO Channel 01/0 : 11[83000] -> 15[83000] [send] via NET/IB/0
c198-071:9924:9962 [0] NCCL INFO Channel 01/0 : 8[2000] -> 5[3000] [send] via NET/IB/0
c198-072:3522:3556 [1] NCCL INFO Channel 02 : 13[3000] -> 12[2000] via direct shared memory
c198-072:3522:3556 [1] NCCL INFO Channel 03 : 13[3000] -> 12[2000] via direct shared memory
c198-072:3523:3561 [2] NCCL INFO Channel 02 : 14[82000] -> 13[3000] via direct shared memory
c198-072:3523:3561 [2] NCCL INFO Channel 03 : 14[82000] -> 13[3000] via direct shared memory
c198-071:9924:9962 [0] NCCL INFO Connected all trees
c198-071:9924:9962 [0] NCCL INFO MSCCL_XML_FILES set by environment to /home1/09168/ldai1/ccl-build/msccl_tools_lyd/examples/xml/xml_lyd/binary_tree/allreduce_binary_tree_2ch_2tree_4chunk_4node_16gpu.xml
c198-071:9924:9962 [0] NCCL INFO MSCCL: Parsing algorithm /home1/09168/ldai1/ccl-build/msccl_tools_lyd/examples/xml/xml_lyd/binary_tree/allreduce_binary_tree_2ch_2tree_4chunk_4node_16gpu.xml
c198-062:22234:22273 [1] NCCL INFO Channel 00 : 5[3000] -> 4[2000] via direct shared memory
c198-071:9925:9964 [1] NCCL INFO Connected all trees
c198-071:9925:9964 [1] NCCL INFO MSCCL_XML_FILES set by environment to /home1/09168/ldai1/ccl-build/msccl_tools_lyd/examples/xml/xml_lyd/binary_tree/allreduce_binary_tree_2ch_2tree_4chunk_4node_16gpu.xml
c198-071:9925:9964 [1] NCCL INFO MSCCL: Parsing algorithm /home1/09168/ldai1/ccl-build/msccl_tools_lyd/examples/xml/xml_lyd/binary_tree/allreduce_binary_tree_2ch_2tree_4chunk_4node_16gpu.xml
c198-062:22234:22273 [1] NCCL INFO Channel 01 : 5[3000] -> 4[2000] via direct shared memory
c198-061:3410:3441 [0] NCCL INFO Connected all trees
c198-061:3410:3441 [0] NCCL INFO MSCCL_XML_FILES set by environment to /home1/09168/ldai1/ccl-build/msccl_tools_lyd/examples/xml/xml_lyd/binary_tree/allreduce_binary_tree_2ch_2tree_4chunk_4node_16gpu.xml
c198-061:3410:3441 [0] NCCL INFO MSCCL: Parsing algorithm /home1/09168/ldai1/ccl-build/msccl_tools_lyd/examples/xml/xml_lyd/binary_tree/allreduce_binary_tree_2ch_2tree_4chunk_4node_16gpu.xml
c198-062:22233:22271 [0] NCCL INFO Connected all trees
c198-062:22233:22271 [0] NCCL INFO MSCCL_XML_FILES set by environment to /home1/09168/ldai1/ccl-build/msccl_tools_lyd/examples/xml/xml_lyd/binary_tree/allreduce_binary_tree_2ch_2tree_4chunk_4node_16gpu.xml
c198-062:22233:22271 [0] NCCL INFO MSCCL: Parsing algorithm /home1/09168/ldai1/ccl-build/msccl_tools_lyd/examples/xml/xml_lyd/binary_tree/allreduce_binary_tree_2ch_2tree_4chunk_4node_16gpu.xml
c198-061:3411:3450 [1] NCCL INFO Connected all trees
c198-061:3411:3450 [1] NCCL INFO MSCCL_XML_FILES set by environment to /home1/09168/ldai1/ccl-build/msccl_tools_lyd/examples/xml/xml_lyd/binary_tree/allreduce_binary_tree_2ch_2tree_4chunk_4node_16gpu.xml
c198-061:3411:3450 [1] NCCL INFO MSCCL: Parsing algorithm /home1/09168/ldai1/ccl-build/msccl_tools_lyd/examples/xml/xml_lyd/binary_tree/allreduce_binary_tree_2ch_2tree_4chunk_4node_16gpu.xml
c198-071:9924:9962 [0] NCCL INFO Parsed MSCCL Algorithm /home1/09168/ldai1/ccl-build/msccl_tools_lyd/examples/xml/xml_lyd/binary_tree/allreduce_binary_tree_2ch_2tree_4chunk_4node_16gpu.xml successfully.
c198-062:22234:22273 [1] NCCL INFO Connected all trees
c198-062:22234:22273 [1] NCCL INFO MSCCL_XML_FILES set by environment to /home1/09168/ldai1/ccl-build/msccl_tools_lyd/examples/xml/xml_lyd/binary_tree/allreduce_binary_tree_2ch_2tree_4chunk_4node_16gpu.xml
c198-062:22234:22273 [1] NCCL INFO MSCCL: Parsing algorithm /home1/09168/ldai1/ccl-build/msccl_tools_lyd/examples/xml/xml_lyd/binary_tree/allreduce_binary_tree_2ch_2tree_4chunk_4node_16gpu.xml
c198-062:22235:22269 [2] NCCL INFO Connected all trees
c198-062:22235:22269 [2] NCCL INFO MSCCL_XML_FILES set by environment to /home1/09168/ldai1/ccl-build/msccl_tools_lyd/examples/xml/xml_lyd/binary_tree/allreduce_binary_tree_2ch_2tree_4chunk_4node_16gpu.xml
c198-062:22235:22269 [2] NCCL INFO MSCCL: Parsing algorithm /home1/09168/ldai1/ccl-build/msccl_tools_lyd/examples/xml/xml_lyd/binary_tree/allreduce_binary_tree_2ch_2tree_4chunk_4node_16gpu.xml
c198-071:9924:9962 [0] NCCL INFO Channel 02 : 8[2000] -> 9[3000] via direct shared memory
c198-071:9924:9962 [0] NCCL INFO Channel 03 : 8[2000] -> 9[3000] via direct shared memory
c198-071:9925:9964 [1] NCCL INFO Parsed MSCCL Algorithm /home1/09168/ldai1/ccl-build/msccl_tools_lyd/examples/xml/xml_lyd/binary_tree/allreduce_binary_tree_2ch_2tree_4chunk_4node_16gpu.xml successfully.
c198-062:22233:22271 [0] NCCL INFO Parsed MSCCL Algorithm /home1/09168/ldai1/ccl-build/msccl_tools_lyd/examples/xml/xml_lyd/binary_tree/allreduce_binary_tree_2ch_2tree_4chunk_4node_16gpu.xml successfully.
c198-061:3410:3441 [0] NCCL INFO Parsed MSCCL Algorithm /home1/09168/ldai1/ccl-build/msccl_tools_lyd/examples/xml/xml_lyd/binary_tree/allreduce_binary_tree_2ch_2tree_4chunk_4node_16gpu.xml successfully.
c198-062:22233:22271 [0] NCCL INFO Channel 02 : 4[2000] -> 5[3000] via direct shared memory
c198-062:22233:22271 [0] NCCL INFO Channel 03 : 4[2000] -> 5[3000] via direct shared memory
c198-061:3410:3441 [0] NCCL INFO Channel 02 : 0[2000] -> 1[3000] via direct shared memory
c198-061:3410:3441 [0] NCCL INFO Channel 03 : 0[2000] -> 1[3000] via direct shared memory
c198-062:22234:22273 [1] NCCL INFO Parsed MSCCL Algorithm /home1/09168/ldai1/ccl-build/msccl_tools_lyd/examples/xml/xml_lyd/binary_tree/allreduce_binary_tree_2ch_2tree_4chunk_4node_16gpu.xml successfully.
c198-061:3411:3450 [1] NCCL INFO Parsed MSCCL Algorithm /home1/09168/ldai1/ccl-build/msccl_tools_lyd/examples/xml/xml_lyd/binary_tree/allreduce_binary_tree_2ch_2tree_4chunk_4node_16gpu.xml successfully.
c198-062:22235:22269 [2] NCCL INFO Parsed MSCCL Algorithm /home1/09168/ldai1/ccl-build/msccl_tools_lyd/examples/xml/xml_lyd/binary_tree/allreduce_binary_tree_2ch_2tree_4chunk_4node_16gpu.xml successfully.
c198-072:3521:3558 [0] NCCL INFO Channel 02/0 : 12[2000] -> 4[2000] [send] via NET/IB/0
c198-071:9925:9964 [1] NCCL INFO Channel 02 : 9[3000] -> 10[82000] via direct shared memory
c198-071:9925:9964 [1] NCCL INFO Channel 03 : 9[3000] -> 10[82000] via direct shared memory
c198-071:9927:9959 [3] NCCL INFO Channel 03/0 : 6[82000] -> 11[83000] [receive] via NET/IB/0
c198-071:9924:9962 [0] NCCL INFO Channel 02/0 : 5[3000] -> 8[2000] [receive] via NET/IB/0
c198-062:22234:22273 [1] NCCL INFO Channel 02 : 5[3000] -> 6[82000] via direct shared memory
c198-072:3524:3562 [3] NCCL INFO Channel 03/0 : 7[83000] -> 15[83000] [receive] via NET/IB/0
c198-062:22234:22273 [1] NCCL INFO Channel 03 : 5[3000] -> 6[82000] via direct shared memory
c198-061:3411:3450 [1] NCCL INFO Channel 02 : 1[3000] -> 2[82000] via direct shared memory
c198-062:22235:22269 [2] NCCL INFO Channel 02 : 6[82000] -> 7[83000] via direct shared memory
c198-061:3411:3450 [1] NCCL INFO Channel 03 : 1[3000] -> 2[82000] via direct shared memory
c198-062:22235:22269 [2] NCCL INFO Channel 03 : 6[82000] -> 7[83000] via direct shared memory
c198-062:22236:22268 [3] NCCL INFO Channel 01/0 : 7[83000] -> 10[82000] [send] via NET/IB/0
c198-071:9926:9960 [2] NCCL INFO Channel 01/0 : 7[83000] -> 10[82000] [receive] via NET/IB/0
c198-062:22233:22271 [0] NCCL INFO Channel 02/0 : 0[2000] -> 4[2000] [receive] via NET/IB/0
c198-062:22234:22273 [1] NCCL INFO Channel 02/0 : 5[3000] -> 8[2000] [send] via NET/IB/0
c198-062:22235:22269 [2] NCCL INFO Channel 03/0 : 6[82000] -> 11[83000] [send] via NET/IB/0
c198-071:9925:9964 [1] NCCL INFO Channel 02 : 9[3000] -> 8[2000] via direct shared memory
c198-071:9925:9964 [1] NCCL INFO Channel 03 : 9[3000] -> 8[2000] via direct shared memory
c198-061:3411:3450 [1] NCCL INFO Channel 02 : 1[3000] -> 0[2000] via direct shared memory
c198-061:3411:3450 [1] NCCL INFO Channel 03 : 1[3000] -> 0[2000] via direct shared memory
c198-061:3412:3446 [2] NCCL INFO Channel 02 : 2[82000] -> 1[3000] via direct shared memory
c198-061:3412:3446 [2] NCCL INFO Channel 03 : 2[82000] -> 1[3000] via direct shared memory
c198-072:3524:3562 [3] NCCL INFO Channel 03/0 : 15[83000] -> 7[83000] [send] via NET/IB/0
c198-061:3410:3441 [0] NCCL INFO Channel 02/0 : 0[2000] -> 4[2000] [send] via NET/IB/0
c198-062:22236:22268 [3] NCCL INFO Channel 03/0 : 3[83000] -> 7[83000] [receive] via NET/IB/0
c198-071:9926:9960 [2] NCCL INFO Channel 01/0 : 10[82000] -> 7[83000] [send] via NET/IB/0
c198-062:22234:22273 [1] NCCL INFO Channel 02/0 : 8[2000] -> 5[3000] [receive] via NET/IB/0
c198-071:9924:9962 [0] NCCL INFO Channel 02/0 : 8[2000] -> 5[3000] [send] via NET/IB/0
c198-062:22235:22269 [2] NCCL INFO Channel 03/0 : 11[83000] -> 6[82000] [receive] via NET/IB/0
c198-071:9927:9959 [3] NCCL INFO Channel 01/0 : 3[83000] -> 11[83000] [receive] via NET/IB/0
c198-071:9924:9962 [0] NCCL INFO Connected 1 MSCCL algorithms
c198-071:9924:9962 [0] NCCL INFO NCCL_PROTO set by environment to Simple
c198-071:9924:9962 [0] NCCL INFO NCCL_ALGO set by environment to MSCCL,TREE,RING
c198-071:9924:9962 [0] NCCL INFO threadThresholds 8/8/64 | 128/8/64 | 8/8/64 | 8/8/512
c198-071:9924:9962 [0] NCCL INFO 4 coll channels, 2 p2p channels, 2 p2p channels per peer
c198-062:22234:22273 [1] NCCL INFO Channel 02 : 5[3000] -> 4[2000] via direct shared memory
c198-062:22234:22273 [1] NCCL INFO Channel 03 : 5[3000] -> 4[2000] via direct shared memory
c198-062:22233:22271 [0] NCCL INFO Channel 02/0 : 12[2000] -> 4[2000] [receive] via NET/IB/0
c198-061:3410:3441 [0] NCCL INFO Channel 02/0 : 4[2000] -> 0[2000] [receive] via NET/IB/0
c198-071:9927:9959 [3] NCCL INFO Channel 01/0 : 11[83000] -> 3[83000] [send] via NET/IB/0
c198-061:3413:3448 [3] NCCL INFO Channel 01/0 : 11[83000] -> 3[83000] [receive] via NET/IB/0
c198-062:22236:22268 [3] NCCL INFO Channel 03/0 : 15[83000] -> 7[83000] [receive] via NET/IB/0
c198-062:22233:22271 [0] NCCL INFO Channel 02/0 : 4[2000] -> 12[2000] [send] via NET/IB/0
c198-061:3413:3448 [3] NCCL INFO Channel 01/0 : 3[83000] -> 11[83000] [send] via NET/IB/0
c198-062:22236:22268 [3] NCCL INFO Channel 03/0 : 7[83000] -> 15[83000] [send] via NET/IB/0
c198-072:3521:3558 [0] NCCL INFO Connected 1 MSCCL algorithms
c198-072:3521:3558 [0] NCCL INFO NCCL_PROTO set by environment to Simple
c198-072:3521:3558 [0] NCCL INFO NCCL_ALGO set by environment to MSCCL,TREE,RING
c198-072:3521:3558 [0] NCCL INFO threadThresholds 8/8/64 | 128/8/64 | 8/8/64 | 8/8/512
c198-072:3521:3558 [0] NCCL INFO 4 coll channels, 2 p2p channels, 2 p2p channels per peer
c198-072:3522:3556 [1] NCCL INFO Connected 1 MSCCL algorithms
c198-072:3522:3556 [1] NCCL INFO NCCL_PROTO set by environment to Simple
c198-072:3522:3556 [1] NCCL INFO NCCL_ALGO set by environment to MSCCL,TREE,RING
c198-072:3522:3556 [1] NCCL INFO threadThresholds 8/8/64 | 128/8/64 | 8/8/64 | 8/8/512
c198-072:3522:3556 [1] NCCL INFO 4 coll channels, 2 p2p channels, 2 p2p channels per peer
c198-062:22233:22271 [0] NCCL INFO Channel 02/0 : 4[2000] -> 0[2000] [send] via NET/IB/0
c198-061:3413:3448 [3] NCCL INFO Channel 03/0 : 7[83000] -> 3[83000] [receive] via NET/IB/0
c198-071:9927:9959 [3] NCCL INFO Channel 03/0 : 11[83000] -> 6[82000] [send] via NET/IB/0
c198-062:22236:22268 [3] NCCL INFO Channel 03/0 : 7[83000] -> 3[83000] [send] via NET/IB/0
c198-072:3524:3562 [3] NCCL INFO Channel 01/0 : 15[83000] -> 11[83000] [send] via NET/IB/0
c198-061:3413:3448 [3] NCCL INFO Channel 02 : 3[83000] -> 2[82000] via direct shared memory
c198-061:3413:3448 [3] NCCL INFO Channel 03 : 3[83000] -> 2[82000] via direct shared memory
c198-061:3413:3448 [3] NCCL INFO Connected 1 MSCCL algorithms
c198-061:3413:3448 [3] NCCL INFO NCCL_PROTO set by environment to Simple
c198-061:3413:3448 [3] NCCL INFO NCCL_ALGO set by environment to MSCCL,TREE,RING
c198-061:3413:3448 [3] NCCL INFO threadThresholds 8/8/64 | 128/8/64 | 8/8/64 | 8/8/512
c198-061:3413:3448 [3] NCCL INFO 4 coll channels, 2 p2p channels, 2 p2p channels per peer
c198-061:3412:3446 [2] NCCL INFO Connected 1 MSCCL algorithms
c198-061:3412:3446 [2] NCCL INFO NCCL_PROTO set by environment to Simple
c198-061:3412:3446 [2] NCCL INFO NCCL_ALGO set by environment to MSCCL,TREE,RING
c198-061:3412:3446 [2] NCCL INFO threadThresholds 8/8/64 | 128/8/64 | 8/8/64 | 8/8/512
c198-061:3412:3446 [2] NCCL INFO 4 coll channels, 2 p2p channels, 2 p2p channels per peer
c198-062:22233:22271 [0] NCCL INFO Connected 1 MSCCL algorithms
c198-062:22233:22271 [0] NCCL INFO NCCL_PROTO set by environment to Simple
c198-062:22233:22271 [0] NCCL INFO NCCL_ALGO set by environment to MSCCL,TREE,RING
c198-062:22233:22271 [0] NCCL INFO threadThresholds 8/8/64 | 128/8/64 | 8/8/64 | 8/8/512
c198-062:22233:22271 [0] NCCL INFO 4 coll channels, 2 p2p channels, 2 p2p channels per peer
c198-061:3410:3441 [0] NCCL INFO Connected 1 MSCCL algorithms
c198-061:3410:3441 [0] NCCL INFO NCCL_PROTO set by environment to Simple
c198-061:3410:3441 [0] NCCL INFO NCCL_ALGO set by environment to MSCCL,TREE,RING
c198-061:3410:3441 [0] NCCL INFO threadThresholds 8/8/64 | 128/8/64 | 8/8/64 | 8/8/512
c198-061:3410:3441 [0] NCCL INFO 4 coll channels, 2 p2p channels, 2 p2p channels per peer
c198-061:3411:3450 [1] NCCL INFO Connected 1 MSCCL algorithms
c198-061:3411:3450 [1] NCCL INFO NCCL_PROTO set by environment to Simple
c198-061:3411:3450 [1] NCCL INFO NCCL_ALGO set by environment to MSCCL,TREE,RING
c198-061:3411:3450 [1] NCCL INFO threadThresholds 8/8/64 | 128/8/64 | 8/8/64 | 8/8/512
c198-061:3411:3450 [1] NCCL INFO 4 coll channels, 2 p2p channels, 2 p2p channels per peer
c198-062:22235:22269 [2] NCCL INFO Channel 02 : 6[82000] -> 5[3000] via direct shared memory
c198-062:22235:22269 [2] NCCL INFO Channel 03 : 6[82000] -> 5[3000] via direct shared memory
c198-062:22234:22273 [1] NCCL INFO Connected 1 MSCCL algorithms
c198-062:22234:22273 [1] NCCL INFO NCCL_PROTO set by environment to Simple
c198-062:22234:22273 [1] NCCL INFO NCCL_ALGO set by environment to MSCCL,TREE,RING
c198-062:22234:22273 [1] NCCL INFO threadThresholds 8/8/64 | 128/8/64 | 8/8/64 | 8/8/512
c198-062:22234:22273 [1] NCCL INFO 4 coll channels, 2 p2p channels, 2 p2p channels per peer
c198-071:9927:9959 [3] NCCL INFO Channel 01/0 : 15[83000] -> 11[83000] [receive] via NET/IB/0
c198-062:22236:22268 [3] NCCL INFO Channel 01/0 : 10[82000] -> 7[83000] [receive] via NET/IB/0
c198-072:3524:3562 [3] NCCL INFO Channel 02 : 15[83000] -> 14[82000] via direct shared memory
c198-072:3524:3562 [3] NCCL INFO Channel 03 : 15[83000] -> 14[82000] via direct shared memory
c198-071:9927:9959 [3] NCCL INFO Channel 02 : 11[83000] -> 10[82000] via direct shared memory
c198-071:9927:9959 [3] NCCL INFO Channel 03 : 11[83000] -> 10[82000] via direct shared memory
c198-072:3524:3562 [3] NCCL INFO Connected 1 MSCCL algorithms
c198-072:3524:3562 [3] NCCL INFO NCCL_PROTO set by environment to Simple
c198-072:3524:3562 [3] NCCL INFO NCCL_ALGO set by environment to MSCCL,TREE,RING
c198-072:3524:3562 [3] NCCL INFO threadThresholds 8/8/64 | 128/8/64 | 8/8/64 | 8/8/512
c198-072:3524:3562 [3] NCCL INFO 4 coll channels, 2 p2p channels, 2 p2p channels per peer
c198-062:22236:22268 [3] NCCL INFO Channel 02 : 7[83000] -> 6[82000] via direct shared memory
c198-062:22236:22268 [3] NCCL INFO Channel 03 : 7[83000] -> 6[82000] via direct shared memory
c198-072:3523:3561 [2] NCCL INFO Connected 1 MSCCL algorithms
c198-072:3523:3561 [2] NCCL INFO NCCL_PROTO set by environment to Simple
c198-072:3523:3561 [2] NCCL INFO NCCL_ALGO set by environment to MSCCL,TREE,RING
c198-072:3523:3561 [2] NCCL INFO threadThresholds 8/8/64 | 128/8/64 | 8/8/64 | 8/8/512
c198-072:3523:3561 [2] NCCL INFO 4 coll channels, 2 p2p channels, 2 p2p channels per peer
c198-062:22236:22268 [3] NCCL INFO Connected 1 MSCCL algorithms
c198-062:22236:22268 [3] NCCL INFO NCCL_PROTO set by environment to Simple
c198-062:22236:22268 [3] NCCL INFO NCCL_ALGO set by environment to MSCCL,TREE,RING
c198-062:22236:22268 [3] NCCL INFO threadThresholds 8/8/64 | 128/8/64 | 8/8/64 | 8/8/512
c198-062:22236:22268 [3] NCCL INFO 4 coll channels, 2 p2p channels, 2 p2p channels per peer
c198-062:22235:22269 [2] NCCL INFO Connected 1 MSCCL algorithms
c198-062:22235:22269 [2] NCCL INFO NCCL_PROTO set by environment to Simple
c198-062:22235:22269 [2] NCCL INFO NCCL_ALGO set by environment to MSCCL,TREE,RING
c198-062:22235:22269 [2] NCCL INFO threadThresholds 8/8/64 | 128/8/64 | 8/8/64 | 8/8/512
c198-062:22235:22269 [2] NCCL INFO 4 coll channels, 2 p2p channels, 2 p2p channels per peer
c198-061:3410:3441 [0] NCCL INFO comm 0x2b46e1f40010 rank 0 nranks 16 cudaDev 0 busId 2000 - Init COMPLETE
c198-061:3412:3446 [2] NCCL INFO comm 0x2ad76e000010 rank 2 nranks 16 cudaDev 2 busId 82000 - Init COMPLETE
c198-061:3413:3448 [3] NCCL INFO comm 0x2aff6e000010 rank 3 nranks 16 cudaDev 3 busId 83000 - Init COMPLETE
#
#                                                              out-of-place                       in-place          
#       size         count      type   redop    root     time   algbw   busbw #wrong     time   algbw   busbw #wrong
#        (B)    (elements)                               (us)  (GB/s)  (GB/s)            (us)  (GB/s)  (GB/s)       
c198-061:3411:3450 [1] NCCL INFO comm 0x2b96fe000010 rank 1 nranks 16 cudaDev 1 busId 3000 - Init COMPLETE
c198-071:9926:9960 [2] NCCL INFO Channel 02 : 10[82000] -> 9[3000] via direct shared memory
c198-071:9926:9960 [2] NCCL INFO Channel 03 : 10[82000] -> 9[3000] via direct shared memory
c198-071:9927:9959 [3] NCCL INFO Connected 1 MSCCL algorithms
c198-071:9927:9959 [3] NCCL INFO NCCL_PROTO set by environment to Simple
c198-071:9927:9959 [3] NCCL INFO NCCL_ALGO set by environment to MSCCL,TREE,RING
c198-071:9927:9959 [3] NCCL INFO threadThresholds 8/8/64 | 128/8/64 | 8/8/64 | 8/8/512
c198-071:9927:9959 [3] NCCL INFO 4 coll channels, 2 p2p channels, 2 p2p channels per peer
c198-071:9926:9960 [2] NCCL INFO Connected 1 MSCCL algorithms
c198-071:9926:9960 [2] NCCL INFO NCCL_PROTO set by environment to Simple
c198-071:9926:9960 [2] NCCL INFO NCCL_ALGO set by environment to MSCCL,TREE,RING
c198-071:9926:9960 [2] NCCL INFO threadThresholds 8/8/64 | 128/8/64 | 8/8/64 | 8/8/512
c198-071:9926:9960 [2] NCCL INFO 4 coll channels, 2 p2p channels, 2 p2p channels per peer
c198-071:9925:9964 [1] NCCL INFO Connected 1 MSCCL algorithms
c198-071:9925:9964 [1] NCCL INFO NCCL_PROTO set by environment to Simple
c198-071:9925:9964 [1] NCCL INFO NCCL_ALGO set by environment to MSCCL,TREE,RING
c198-071:9925:9964 [1] NCCL INFO threadThresholds 8/8/64 | 128/8/64 | 8/8/64 | 8/8/512
c198-071:9925:9964 [1] NCCL INFO 4 coll channels, 2 p2p channels, 2 p2p channels per peer
c198-072:3522:3556 [1] NCCL INFO comm 0x2b2472000010 rank 13 nranks 16 cudaDev 1 busId 3000 - Init COMPLETE
c198-072:3524:3562 [3] NCCL INFO comm 0x2b1d9e000010 rank 15 nranks 16 cudaDev 3 busId 83000 - Init COMPLETE
c198-072:3521:3558 [0] NCCL INFO comm 0x2b860d0d9010 rank 12 nranks 16 cudaDev 0 busId 2000 - Init COMPLETE
c198-072:3523:3561 [2] NCCL INFO comm 0x2ad3fda1d010 rank 14 nranks 16 cudaDev 2 busId 82000 - Init COMPLETE
c198-062:22236:22268 [3] NCCL INFO comm 0x2b5052000010 rank 7 nranks 16 cudaDev 3 busId 83000 - Init COMPLETE
c198-062:22233:22271 [0] NCCL INFO comm 0x2b477e000010 rank 4 nranks 16 cudaDev 0 busId 2000 - Init COMPLETE
c198-062:22235:22269 [2] NCCL INFO comm 0x2b7622000010 rank 6 nranks 16 cudaDev 2 busId 82000 - Init COMPLETE
c198-062:22234:22273 [1] NCCL INFO comm 0x2b45a2000010 rank 5 nranks 16 cudaDev 1 busId 3000 - Init COMPLETE
c198-071:9926:9960 [2] NCCL INFO comm 0x2b4c82000010 rank 10 nranks 16 cudaDev 2 busId 82000 - Init COMPLETE
c198-071:9927:9959 [3] NCCL INFO comm 0x2b35dd23a010 rank 11 nranks 16 cudaDev 3 busId 83000 - Init COMPLETE
c198-071:9925:9964 [1] NCCL INFO comm 0x2b4d1e000010 rank 9 nranks 16 cudaDev 1 busId 3000 - Init COMPLETE
c198-071:9924:9962 [0] NCCL INFO comm 0x2b582d039010 rank 8 nranks 16 cudaDev 0 busId 2000 - Init COMPLETE
c198-061:3410:3410 [0] NCCL INFO Launch mode Parallel
       65536         16384     float     sum      -1    184.8    0.35    0.66      0    191.0    0.34    0.64      0
      131072         32768     float     sum      -1    201.0    0.65    1.22      0    198.1    0.66    1.24      0
      262144         65536     float     sum      -1    234.3    1.12    2.10      0    232.4    1.13    2.11      0
      524288        131072     float     sum      -1    345.2    1.52    2.85      0    345.9    1.52    2.84      0
     1048576        262144     float     sum      -1    606.7    1.73    3.24      0    618.4    1.70    3.18      0
     2097152        524288     float     sum      -1   1240.8    1.69    3.17      0   1244.7    1.68    3.16      0
     4194304       1048576     float     sum      -1   2390.7    1.75    3.29      0   2389.4    1.76    3.29      0
     8388608       2097152     float     sum      -1   4669.6    1.80    3.37      0   4689.5    1.79    3.35      0
    16777216       4194304     float     sum      -1   9320.5    1.80    3.38      0   9331.7    1.80    3.37      0
    33554432       8388608     float     sum      -1    18692    1.80    3.37      0    18628    1.80    3.38      0
    67108864      16777216     float     sum      -1    36674    1.83    3.43      0    36516    1.84    3.45      0
   134217728      33554432     float     sum      -1    72818    1.84    3.46      0    72715    1.85    3.46      0
   268435456      67108864     float     sum      -1   145289    1.85    3.46      0   145409    1.85    3.46      0
c198-061:3412:3412 [2] NCCL INFO comm 0x2ad76e000010 rank 2 nranks 16 cudaDev 2 busId 82000 - Destroy COMPLETE
c198-071:9927:9927 [3] NCCL INFO comm 0x2b35dd23a010 rank 11 nranks 16 cudaDev 3 busId 83000 - Destroy COMPLETE
c198-072:3522:3522 [1] NCCL INFO comm 0x2b2472000010 rank 13 nranks 16 cudaDev 1 busId 3000 - Destroy COMPLETE
c198-072:3524:3524 [3] NCCL INFO comm 0x2b1d9e000010 rank 15 nranks 16 cudaDev 3 busId 83000 - Destroy COMPLETE
c198-071:9924:9924 [0] NCCL INFO comm 0x2b582d039010 rank 8 nranks 16 cudaDev 0 busId 2000 - Destroy COMPLETE
c198-072:3521:3521 [0] NCCL INFO comm 0x2b860d0d9010 rank 12 nranks 16 cudaDev 0 busId 2000 - Destroy COMPLETE
c198-061:3410:3410 [0] NCCL INFO comm 0x2b46e1f40010 rank 0 nranks 16 cudaDev 0 busId 2000 - Destroy COMPLETE
c198-062:22235:22235 [2] NCCL INFO comm 0x2b7622000010 rank 6 nranks 16 cudaDev 2 busId 82000 - Destroy COMPLETE
c198-061:3413:3413 [3] NCCL INFO comm 0x2aff6e000010 rank 3 nranks 16 cudaDev 3 busId 83000 - Destroy COMPLETE
c198-061:3411:3411 [1] NCCL INFO comm 0x2b96fe000010 rank 1 nranks 16 cudaDev 1 busId 3000 - Destroy COMPLETE
c198-062:22236:22236 [3] NCCL INFO comm 0x2b5052000010 rank 7 nranks 16 cudaDev 3 busId 83000 - Destroy COMPLETE
c198-072:3523:3523 [2] NCCL INFO comm 0x2ad3fda1d010 rank 14 nranks 16 cudaDev 2 busId 82000 - Destroy COMPLETE
c198-071:9925:9925 [1] NCCL INFO comm 0x2b4d1e000010 rank 9 nranks 16 cudaDev 1 busId 3000 - Destroy COMPLETE
# Out of bounds values : 0 OK
# Avg bus bandwidth    : 2.84361 
#
c198-071:9926:9926 [2] NCCL INFO comm 0x2b4c82000010 rank 10 nranks 16 cudaDev 2 busId 82000 - Destroy COMPLETE
c198-062:22233:22233 [0] NCCL INFO comm 0x2b477e000010 rank 4 nranks 16 cudaDev 0 busId 2000 - Destroy COMPLETE
c198-062:22234:22234 [1] NCCL INFO comm 0x2b45a2000010 rank 5 nranks 16 cudaDev 1 busId 3000 - Destroy COMPLETE

TACC:  Shutdown complete. Exiting. 
