c197-111:28152:28211 [0] NCCL INFO Channel 01/0 : 8[2000] -> 5[3000] [send] via NET/IB/0
c198-021:15000:15059 [0] NCCL INFO Connected all trees
c198-021:15000:15059 [0] NCCL INFO MSCCL_XML_FILES set by environment to /home1/09168/ldai1/ccl-build/msccl_tools_lyd/examples/xml/xml_lyd/binary_tree/allreduce_binary_tree_2ch_2tree_64chunk_8node_32gpu.xml
c198-021:15000:15059 [0] NCCL INFO MSCCL: Parsing algorithm /home1/09168/ldai1/ccl-build/msccl_tools_lyd/examples/xml/xml_lyd/binary_tree/allreduce_binary_tree_2ch_2tree_64chunk_8node_32gpu.xml
c198-021:15001:15057 [1] NCCL INFO Connected all trees
c198-021:15001:15057 [1] NCCL INFO MSCCL_XML_FILES set by environment to /home1/09168/ldai1/ccl-build/msccl_tools_lyd/examples/xml/xml_lyd/binary_tree/allreduce_binary_tree_2ch_2tree_64chunk_8node_32gpu.xml
c198-021:15001:15057 [1] NCCL INFO MSCCL: Parsing algorithm /home1/09168/ldai1/ccl-build/msccl_tools_lyd/examples/xml/xml_lyd/binary_tree/allreduce_binary_tree_2ch_2tree_64chunk_8node_32gpu.xml
c198-012:3043:3101 [1] NCCL INFO Channel 00 : 21[3000] -> 20[2000] via direct shared memory
c198-012:3043:3101 [1] NCCL INFO Channel 01 : 21[3000] -> 20[2000] via direct shared memory
c198-012:3042:3099 [0] NCCL INFO Connected all trees
c198-012:3042:3099 [0] NCCL INFO MSCCL_XML_FILES set by environment to /home1/09168/ldai1/ccl-build/msccl_tools_lyd/examples/xml/xml_lyd/binary_tree/allreduce_binary_tree_2ch_2tree_64chunk_8node_32gpu.xml
c198-012:3042:3099 [0] NCCL INFO MSCCL: Parsing algorithm /home1/09168/ldai1/ccl-build/msccl_tools_lyd/examples/xml/xml_lyd/binary_tree/allreduce_binary_tree_2ch_2tree_64chunk_8node_32gpu.xml
c198-012:3043:3101 [1] NCCL INFO Connected all trees
c198-012:3043:3101 [1] NCCL INFO MSCCL_XML_FILES set by environment to /home1/09168/ldai1/ccl-build/msccl_tools_lyd/examples/xml/xml_lyd/binary_tree/allreduce_binary_tree_2ch_2tree_64chunk_8node_32gpu.xml
c198-012:3043:3101 [1] NCCL INFO MSCCL: Parsing algorithm /home1/09168/ldai1/ccl-build/msccl_tools_lyd/examples/xml/xml_lyd/binary_tree/allreduce_binary_tree_2ch_2tree_64chunk_8node_32gpu.xml
c198-012:3044:3097 [2] NCCL INFO Connected all trees
c198-012:3044:3097 [2] NCCL INFO MSCCL_XML_FILES set by environment to /home1/09168/ldai1/ccl-build/msccl_tools_lyd/examples/xml/xml_lyd/binary_tree/allreduce_binary_tree_2ch_2tree_64chunk_8node_32gpu.xml
c198-012:3044:3097 [2] NCCL INFO MSCCL: Parsing algorithm /home1/09168/ldai1/ccl-build/msccl_tools_lyd/examples/xml/xml_lyd/binary_tree/allreduce_binary_tree_2ch_2tree_64chunk_8node_32gpu.xml
c197-111:28152:28211 [0] NCCL INFO Connected all trees
c197-111:28152:28211 [0] NCCL INFO MSCCL_XML_FILES set by environment to /home1/09168/ldai1/ccl-build/msccl_tools_lyd/examples/xml/xml_lyd/binary_tree/allreduce_binary_tree_2ch_2tree_64chunk_8node_32gpu.xml
c197-111:28152:28211 [0] NCCL INFO MSCCL: Parsing algorithm /home1/09168/ldai1/ccl-build/msccl_tools_lyd/examples/xml/xml_lyd/binary_tree/allreduce_binary_tree_2ch_2tree_64chunk_8node_32gpu.xml
c198-021:15003:15055 [3] NCCL INFO Channel 03/0 : 22[82000] -> 27[83000] [receive] via NET/IB/0
c197-101:6783:6834 [0] NCCL INFO Connected all trees
c197-101:6783:6834 [0] NCCL INFO MSCCL_XML_FILES set by environment to /home1/09168/ldai1/ccl-build/msccl_tools_lyd/examples/xml/xml_lyd/binary_tree/allreduce_binary_tree_2ch_2tree_64chunk_8node_32gpu.xml
c197-101:6783:6834 [0] NCCL INFO MSCCL: Parsing algorithm /home1/09168/ldai1/ccl-build/msccl_tools_lyd/examples/xml/xml_lyd/binary_tree/allreduce_binary_tree_2ch_2tree_64chunk_8node_32gpu.xml
c197-102:16863:16916 [1] NCCL INFO Channel 00 : 5[3000] -> 4[2000] via direct shared memory
c197-102:16863:16916 [1] NCCL INFO Channel 01 : 5[3000] -> 4[2000] via direct shared memory
c197-111:28153:28210 [1] NCCL INFO Connected all trees
c197-111:28153:28210 [1] NCCL INFO MSCCL_XML_FILES set by environment to /home1/09168/ldai1/ccl-build/msccl_tools_lyd/examples/xml/xml_lyd/binary_tree/allreduce_binary_tree_2ch_2tree_64chunk_8node_32gpu.xml
c197-111:28153:28210 [1] NCCL INFO MSCCL: Parsing algorithm /home1/09168/ldai1/ccl-build/msccl_tools_lyd/examples/xml/xml_lyd/binary_tree/allreduce_binary_tree_2ch_2tree_64chunk_8node_32gpu.xml
c197-102:16862:16917 [0] NCCL INFO Connected all trees
c197-102:16862:16917 [0] NCCL INFO MSCCL_XML_FILES set by environment to /home1/09168/ldai1/ccl-build/msccl_tools_lyd/examples/xml/xml_lyd/binary_tree/allreduce_binary_tree_2ch_2tree_64chunk_8node_32gpu.xml
c197-102:16862:16917 [0] NCCL INFO MSCCL: Parsing algorithm /home1/09168/ldai1/ccl-build/msccl_tools_lyd/examples/xml/xml_lyd/binary_tree/allreduce_binary_tree_2ch_2tree_64chunk_8node_32gpu.xml
c198-022:4156:4210 [3] NCCL INFO Channel 03/0 : 15[83000] -> 31[83000] [receive] via NET/IB/0
c197-102:16863:16916 [1] NCCL INFO Connected all trees
c197-102:16863:16916 [1] NCCL INFO MSCCL_XML_FILES set by environment to /home1/09168/ldai1/ccl-build/msccl_tools_lyd/examples/xml/xml_lyd/binary_tree/allreduce_binary_tree_2ch_2tree_64chunk_8node_32gpu.xml
c197-102:16863:16916 [1] NCCL INFO MSCCL: Parsing algorithm /home1/09168/ldai1/ccl-build/msccl_tools_lyd/examples/xml/xml_lyd/binary_tree/allreduce_binary_tree_2ch_2tree_64chunk_8node_32gpu.xml
c197-101:6784:6843 [1] NCCL INFO Connected all trees
c197-101:6784:6843 [1] NCCL INFO MSCCL_XML_FILES set by environment to /home1/09168/ldai1/ccl-build/msccl_tools_lyd/examples/xml/xml_lyd/binary_tree/allreduce_binary_tree_2ch_2tree_64chunk_8node_32gpu.xml
c197-101:6784:6843 [1] NCCL INFO MSCCL: Parsing algorithm /home1/09168/ldai1/ccl-build/msccl_tools_lyd/examples/xml/xml_lyd/binary_tree/allreduce_binary_tree_2ch_2tree_64chunk_8node_32gpu.xml
c197-102:16864:16920 [2] NCCL INFO Connected all trees
c197-102:16864:16920 [2] NCCL INFO MSCCL_XML_FILES set by environment to /home1/09168/ldai1/ccl-build/msccl_tools_lyd/examples/xml/xml_lyd/binary_tree/allreduce_binary_tree_2ch_2tree_64chunk_8node_32gpu.xml
c197-102:16864:16920 [2] NCCL INFO MSCCL: Parsing algorithm /home1/09168/ldai1/ccl-build/msccl_tools_lyd/examples/xml/xml_lyd/binary_tree/allreduce_binary_tree_2ch_2tree_64chunk_8node_32gpu.xml
c198-011:5645:5704 [0] NCCL INFO Parsed MSCCL Algorithm /home1/09168/ldai1/ccl-build/msccl_tools_lyd/examples/xml/xml_lyd/binary_tree/allreduce_binary_tree_2ch_2tree_64chunk_8node_32gpu.xml successfully.
c198-011:5645:5704 [0] NCCL INFO Channel 02 : 16[2000] -> 17[3000] via direct shared memory
c198-011:5645:5704 [0] NCCL INFO Channel 03 : 16[2000] -> 17[3000] via direct shared memory
c198-022:4153:4212 [0] NCCL INFO Parsed MSCCL Algorithm /home1/09168/ldai1/ccl-build/msccl_tools_lyd/examples/xml/xml_lyd/binary_tree/allreduce_binary_tree_2ch_2tree_64chunk_8node_32gpu.xml successfully.
c198-022:4153:4212 [0] NCCL INFO Channel 02 : 28[2000] -> 29[3000] via direct shared memory
c198-022:4153:4212 [0] NCCL INFO Channel 03 : 28[2000] -> 29[3000] via direct shared memory
c198-011:5646:5702 [1] NCCL INFO Parsed MSCCL Algorithm /home1/09168/ldai1/ccl-build/msccl_tools_lyd/examples/xml/xml_lyd/binary_tree/allreduce_binary_tree_2ch_2tree_64chunk_8node_32gpu.xml successfully.
c198-022:4154:4208 [1] NCCL INFO Parsed MSCCL Algorithm /home1/09168/ldai1/ccl-build/msccl_tools_lyd/examples/xml/xml_lyd/binary_tree/allreduce_binary_tree_2ch_2tree_64chunk_8node_32gpu.xml successfully.
c198-022:4156:4210 [3] NCCL INFO Channel 03/0 : 31[83000] -> 15[83000] [send] via NET/IB/0
c197-111:28154:28205 [2] NCCL INFO Parsed MSCCL Algorithm /home1/09168/ldai1/ccl-build/msccl_tools_lyd/examples/xml/xml_lyd/binary_tree/allreduce_binary_tree_2ch_2tree_64chunk_8node_32gpu.xml successfully.
c197-112:6955:7013 [0] NCCL INFO Parsed MSCCL Algorithm /home1/09168/ldai1/ccl-build/msccl_tools_lyd/examples/xml/xml_lyd/binary_tree/allreduce_binary_tree_2ch_2tree_64chunk_8node_32gpu.xml successfully.
c197-112:6955:7013 [0] NCCL INFO Channel 02 : 12[2000] -> 13[3000] via direct shared memory
c197-112:6955:7013 [0] NCCL INFO Channel 03 : 12[2000] -> 13[3000] via direct shared memory
c197-112:6956:7015 [1] NCCL INFO Parsed MSCCL Algorithm /home1/09168/ldai1/ccl-build/msccl_tools_lyd/examples/xml/xml_lyd/binary_tree/allreduce_binary_tree_2ch_2tree_64chunk_8node_32gpu.xml successfully.
c198-011:5646:5702 [1] NCCL INFO Channel 02 : 17[3000] -> 18[82000] via direct shared memory
c198-011:5646:5702 [1] NCCL INFO Channel 03 : 17[3000] -> 18[82000] via direct shared memory
c198-022:4154:4208 [1] NCCL INFO Channel 02 : 29[3000] -> 30[82000] via direct shared memory
c198-022:4154:4208 [1] NCCL INFO Channel 03 : 29[3000] -> 30[82000] via direct shared memory
c198-011:5645:5704 [0] NCCL INFO Channel 02/0 : 16[2000] -> 20[2000] [send] via NET/IB/0
c198-022:4153:4212 [0] NCCL INFO Channel 02/0 : 12[2000] -> 28[2000] [receive] via NET/IB/0
c198-011:5647:5700 [2] NCCL INFO Channel 01/0 : 11[83000] -> 18[82000] [receive] via NET/IB/0
c197-111:28154:28205 [2] NCCL INFO Channel 02 : 10[82000] -> 11[83000] via direct shared memory
c197-111:28154:28205 [2] NCCL INFO Channel 03 : 10[82000] -> 11[83000] via direct shared memory
c197-111:28155:28207 [3] NCCL INFO Channel 01/0 : 11[83000] -> 15[83000] [send] via NET/IB/0
c197-112:6956:7015 [1] NCCL INFO Channel 02 : 13[3000] -> 14[82000] via direct shared memory
c197-112:6956:7015 [1] NCCL INFO Channel 03 : 13[3000] -> 14[82000] via direct shared memory
c197-112:6955:7013 [0] NCCL INFO Channel 02/0 : 4[2000] -> 12[2000] [receive] via NET/IB/0
c198-011:5646:5702 [1] NCCL INFO Channel 02 : 17[3000] -> 16[2000] via direct shared memory
c198-011:5646:5702 [1] NCCL INFO Channel 03 : 17[3000] -> 16[2000] via direct shared memory
c197-112:6956:7015 [1] NCCL INFO Channel 02/0 : 13[3000] -> 20[2000] [send] via NET/IB/0
c198-022:4155:4214 [2] NCCL INFO Channel 02 : 30[82000] -> 29[3000] via direct shared memory
c198-022:4155:4214 [2] NCCL INFO Channel 03 : 30[82000] -> 29[3000] via direct shared memory
c198-022:4154:4208 [1] NCCL INFO Channel 02 : 29[3000] -> 28[2000] via direct shared memory
c198-022:4154:4208 [1] NCCL INFO Channel 03 : 29[3000] -> 28[2000] via direct shared memory
c198-021:15000:15059 [0] NCCL INFO Parsed MSCCL Algorithm /home1/09168/ldai1/ccl-build/msccl_tools_lyd/examples/xml/xml_lyd/binary_tree/allreduce_binary_tree_2ch_2tree_64chunk_8node_32gpu.xml successfully.
c197-112:6957:7011 [2] NCCL INFO Channel 03/0 : 14[82000] -> 23[83000] [send] via NET/IB/0
c198-021:15000:15059 [0] NCCL INFO Channel 02 : 24[2000] -> 25[3000] via direct shared memory
c198-021:15000:15059 [0] NCCL INFO Channel 03 : 24[2000] -> 25[3000] via direct shared memory
c198-021:15001:15057 [1] NCCL INFO Parsed MSCCL Algorithm /home1/09168/ldai1/ccl-build/msccl_tools_lyd/examples/xml/xml_lyd/binary_tree/allreduce_binary_tree_2ch_2tree_64chunk_8node_32gpu.xml successfully.
c198-012:3044:3097 [2] NCCL INFO Parsed MSCCL Algorithm /home1/09168/ldai1/ccl-build/msccl_tools_lyd/examples/xml/xml_lyd/binary_tree/allreduce_binary_tree_2ch_2tree_64chunk_8node_32gpu.xml successfully.
c198-012:3042:3099 [0] NCCL INFO Parsed MSCCL Algorithm /home1/09168/ldai1/ccl-build/msccl_tools_lyd/examples/xml/xml_lyd/binary_tree/allreduce_binary_tree_2ch_2tree_64chunk_8node_32gpu.xml successfully.
c198-012:3042:3099 [0] NCCL INFO Channel 02 : 20[2000] -> 21[3000] via direct shared memory
c198-012:3042:3099 [0] NCCL INFO Channel 03 : 20[2000] -> 21[3000] via direct shared memory
c198-012:3043:3101 [1] NCCL INFO Parsed MSCCL Algorithm /home1/09168/ldai1/ccl-build/msccl_tools_lyd/examples/xml/xml_lyd/binary_tree/allreduce_binary_tree_2ch_2tree_64chunk_8node_32gpu.xml successfully.
c197-111:28152:28211 [0] NCCL INFO Parsed MSCCL Algorithm /home1/09168/ldai1/ccl-build/msccl_tools_lyd/examples/xml/xml_lyd/binary_tree/allreduce_binary_tree_2ch_2tree_64chunk_8node_32gpu.xml successfully.
c198-021:15001:15057 [1] NCCL INFO Channel 02 : 25[3000] -> 26[82000] via direct shared memory
c198-021:15001:15057 [1] NCCL INFO Channel 03 : 25[3000] -> 26[82000] via direct shared memory
c197-111:28152:28211 [0] NCCL INFO Channel 02 : 8[2000] -> 9[3000] via direct shared memory
c197-111:28152:28211 [0] NCCL INFO Channel 03 : 8[2000] -> 9[3000] via direct shared memory
c197-102:16864:16920 [2] NCCL INFO Parsed MSCCL Algorithm /home1/09168/ldai1/ccl-build/msccl_tools_lyd/examples/xml/xml_lyd/binary_tree/allreduce_binary_tree_2ch_2tree_64chunk_8node_32gpu.xml successfully.
c198-021:15000:15059 [0] NCCL INFO Channel 02/0 : 21[3000] -> 24[2000] [receive] via NET/IB/0
c197-102:16862:16917 [0] NCCL INFO Parsed MSCCL Algorithm /home1/09168/ldai1/ccl-build/msccl_tools_lyd/examples/xml/xml_lyd/binary_tree/allreduce_binary_tree_2ch_2tree_64chunk_8node_32gpu.xml successfully.
c197-111:28153:28210 [1] NCCL INFO Parsed MSCCL Algorithm /home1/09168/ldai1/ccl-build/msccl_tools_lyd/examples/xml/xml_lyd/binary_tree/allreduce_binary_tree_2ch_2tree_64chunk_8node_32gpu.xml successfully.
c197-101:6783:6834 [0] NCCL INFO Parsed MSCCL Algorithm /home1/09168/ldai1/ccl-build/msccl_tools_lyd/examples/xml/xml_lyd/binary_tree/allreduce_binary_tree_2ch_2tree_64chunk_8node_32gpu.xml successfully.
c198-012:3044:3097 [2] NCCL INFO Channel 02 : 22[82000] -> 23[83000] via direct shared memory
c198-012:3044:3097 [2] NCCL INFO Channel 03 : 22[82000] -> 23[83000] via direct shared memory
c197-102:16863:16916 [1] NCCL INFO Parsed MSCCL Algorithm /home1/09168/ldai1/ccl-build/msccl_tools_lyd/examples/xml/xml_lyd/binary_tree/allreduce_binary_tree_2ch_2tree_64chunk_8node_32gpu.xml successfully.
c197-102:16862:16917 [0] NCCL INFO Channel 02 : 4[2000] -> 5[3000] via direct shared memory
c197-102:16862:16917 [0] NCCL INFO Channel 03 : 4[2000] -> 5[3000] via direct shared memory
c198-012:3045:3095 [3] NCCL INFO Channel 01/0 : 23[83000] -> 26[82000] [send] via NET/IB/0
c197-101:6783:6834 [0] NCCL INFO Channel 02 : 0[2000] -> 1[3000] via direct shared memory
c197-101:6783:6834 [0] NCCL INFO Channel 03 : 0[2000] -> 1[3000] via direct shared memory
c198-022:4153:4212 [0] NCCL INFO Channel 02/0 : 28[2000] -> 12[2000] [send] via NET/IB/0
c198-021:15002:15053 [2] NCCL INFO Channel 01/0 : 23[83000] -> 26[82000] [receive] via NET/IB/0
c197-101:6784:6843 [1] NCCL INFO Parsed MSCCL Algorithm /home1/09168/ldai1/ccl-build/msccl_tools_lyd/examples/xml/xml_lyd/binary_tree/allreduce_binary_tree_2ch_2tree_64chunk_8node_32gpu.xml successfully.
c198-012:3043:3101 [1] NCCL INFO Channel 02 : 21[3000] -> 22[82000] via direct shared memory
c198-012:3043:3101 [1] NCCL INFO Channel 03 : 21[3000] -> 22[82000] via direct shared memory
c197-111:28155:28207 [3] NCCL INFO Channel 03/0 : 6[82000] -> 11[83000] [receive] via NET/IB/0
c198-012:3042:3099 [0] NCCL INFO Channel 02/0 : 16[2000] -> 20[2000] [receive] via NET/IB/0
c197-102:16864:16920 [2] NCCL INFO Channel 02 : 6[82000] -> 7[83000] via direct shared memory
c197-102:16864:16920 [2] NCCL INFO Channel 03 : 6[82000] -> 7[83000] via direct shared memory
c198-012:3043:3101 [1] NCCL INFO Channel 02/0 : 21[3000] -> 24[2000] [send] via NET/IB/0
c198-021:15001:15057 [1] NCCL INFO Channel 02 : 25[3000] -> 24[2000] via direct shared memory
c198-021:15001:15057 [1] NCCL INFO Channel 03 : 25[3000] -> 24[2000] via direct shared memory
c197-112:6958:7009 [3] NCCL INFO Channel 03/0 : 7[83000] -> 15[83000] [receive] via NET/IB/0
c197-102:16865:16921 [3] NCCL INFO Channel 01/0 : 7[83000] -> 10[82000] [send] via NET/IB/0
c197-111:28153:28210 [1] NCCL INFO Channel 02 : 9[3000] -> 10[82000] via direct shared memory
c197-111:28153:28210 [1] NCCL INFO Channel 03 : 9[3000] -> 10[82000] via direct shared memory
c197-102:16863:16916 [1] NCCL INFO Channel 02 : 5[3000] -> 6[82000] via direct shared memory
c198-012:3044:3097 [2] NCCL INFO Channel 03/0 : 22[82000] -> 27[83000] [send] via NET/IB/0
c197-102:16863:16916 [1] NCCL INFO Channel 03 : 5[3000] -> 6[82000] via direct shared memory
c197-111:28152:28211 [0] NCCL INFO Channel 02/0 : 5[3000] -> 8[2000] [receive] via NET/IB/0
c197-102:16862:16917 [0] NCCL INFO Channel 02/0 : 0[2000] -> 4[2000] [receive] via NET/IB/0
c197-102:16863:16916 [1] NCCL INFO Channel 02/0 : 5[3000] -> 8[2000] [send] via NET/IB/0
c197-101:6784:6843 [1] NCCL INFO Channel 02 : 1[3000] -> 2[82000] via direct shared memory
c197-101:6784:6843 [1] NCCL INFO Channel 03 : 1[3000] -> 2[82000] via direct shared memory
c197-111:28154:28205 [2] NCCL INFO Channel 01/0 : 7[83000] -> 10[82000] [receive] via NET/IB/0
c197-102:16864:16920 [2] NCCL INFO Channel 03/0 : 6[82000] -> 11[83000] [send] via NET/IB/0
c197-101:6783:6834 [0] NCCL INFO Channel 02/0 : 0[2000] -> 4[2000] [send] via NET/IB/0
c197-111:28153:28210 [1] NCCL INFO Channel 02 : 9[3000] -> 8[2000] via direct shared memory
c197-111:28153:28210 [1] NCCL INFO Channel 03 : 9[3000] -> 8[2000] via direct shared memory
c197-101:6784:6843 [1] NCCL INFO Channel 02 : 1[3000] -> 0[2000] via direct shared memory
c197-101:6784:6843 [1] NCCL INFO Channel 03 : 1[3000] -> 0[2000] via direct shared memory
c197-101:6785:6839 [2] NCCL INFO Channel 02 : 2[82000] -> 1[3000] via direct shared memory
c197-101:6785:6839 [2] NCCL INFO Channel 03 : 2[82000] -> 1[3000] via direct shared memory
c198-012:3045:3095 [3] NCCL INFO Channel 03/0 : 19[83000] -> 23[83000] [receive] via NET/IB/0
c198-021:15002:15053 [2] NCCL INFO Channel 01/0 : 26[82000] -> 23[83000] [send] via NET/IB/0
c198-011:5645:5704 [0] NCCL INFO Channel 02/0 : 20[2000] -> 16[2000] [receive] via NET/IB/0
c198-012:3042:3099 [0] NCCL INFO Channel 02/0 : 13[3000] -> 20[2000] [receive] via NET/IB/0
c198-021:15000:15059 [0] NCCL INFO Channel 02/0 : 24[2000] -> 21[3000] [send] via NET/IB/0
c198-012:3044:3097 [2] NCCL INFO Channel 03/0 : 27[83000] -> 22[82000] [receive] via NET/IB/0
c198-012:3043:3101 [1] NCCL INFO Channel 02/0 : 24[2000] -> 21[3000] [receive] via NET/IB/0
c198-021:15003:15055 [3] NCCL INFO Channel 01/0 : 19[83000] -> 27[83000] [receive] via NET/IB/0
c197-102:16863:16916 [1] NCCL INFO Channel 02/0 : 8[2000] -> 5[3000] [receive] via NET/IB/0
c197-111:28152:28211 [0] NCCL INFO Channel 02/0 : 8[2000] -> 5[3000] [send] via NET/IB/0
c197-102:16865:16921 [3] NCCL INFO Channel 03/0 : 3[83000] -> 7[83000] [receive] via NET/IB/0
c197-111:28154:28205 [2] NCCL INFO Channel 01/0 : 10[82000] -> 7[83000] [send] via NET/IB/0
c197-102:16864:16920 [2] NCCL INFO Channel 03/0 : 11[83000] -> 6[82000] [receive] via NET/IB/0
c197-111:28155:28207 [3] NCCL INFO Channel 01/0 : 11[83000] -> 18[82000] [send] via NET/IB/0
c197-101:6783:6834 [0] NCCL INFO Channel 02/0 : 4[2000] -> 0[2000] [receive] via NET/IB/0
c197-102:16862:16917 [0] NCCL INFO Channel 02/0 : 4[2000] -> 12[2000] [send] via NET/IB/0
c198-012:3043:3101 [1] NCCL INFO Channel 02 : 21[3000] -> 20[2000] via direct shared memory
c198-012:3043:3101 [1] NCCL INFO Channel 03 : 21[3000] -> 20[2000] via direct shared memory
c197-111:28152:28211 [0] NCCL INFO Connected 1 MSCCL algorithms
c197-111:28152:28211 [0] NCCL INFO NCCL_PROTO set by environment to Simple
c197-111:28152:28211 [0] NCCL INFO NCCL_ALGO set by environment to MSCCL,TREE,RING
c197-111:28152:28211 [0] NCCL INFO threadThresholds 8/8/64 | 256/8/64 | 8/8/64 | 8/8/512
c197-111:28152:28211 [0] NCCL INFO 4 coll channels, 2 p2p channels, 2 p2p channels per peer
c198-021:15000:15059 [0] NCCL INFO Connected 1 MSCCL algorithms
c198-021:15000:15059 [0] NCCL INFO NCCL_PROTO set by environment to Simple
c198-021:15000:15059 [0] NCCL INFO NCCL_ALGO set by environment to MSCCL,TREE,RING
c198-021:15000:15059 [0] NCCL INFO threadThresholds 8/8/64 | 256/8/64 | 8/8/64 | 8/8/512
c198-021:15000:15059 [0] NCCL INFO 4 coll channels, 2 p2p channels, 2 p2p channels per peer
c197-102:16863:16916 [1] NCCL INFO Channel 02 : 5[3000] -> 4[2000] via direct shared memory
c197-102:16863:16916 [1] NCCL INFO Channel 03 : 5[3000] -> 4[2000] via direct shared memory
c198-011:5648:5698 [3] NCCL INFO Channel 01/0 : 19[83000] -> 27[83000] [send] via NET/IB/0
c198-012:3045:3095 [3] NCCL INFO Channel 03/0 : 14[82000] -> 23[83000] [receive] via NET/IB/0
c197-112:6956:7015 [1] NCCL INFO Channel 02/0 : 20[2000] -> 13[3000] [receive] via NET/IB/0
c198-012:3042:3099 [0] NCCL INFO Channel 02/0 : 20[2000] -> 13[3000] [send] via NET/IB/0
c197-102:16865:16921 [3] NCCL INFO Channel 03/0 : 7[83000] -> 15[83000] [send] via NET/IB/0
c197-111:28155:28207 [3] NCCL INFO Channel 01/0 : 18[82000] -> 11[83000] [receive] via NET/IB/0
c197-102:16862:16917 [0] NCCL INFO Channel 02/0 : 12[2000] -> 4[2000] [receive] via NET/IB/0
c198-011:5647:5700 [2] NCCL INFO Channel 01/0 : 18[82000] -> 11[83000] [send] via NET/IB/0
c197-101:6786:6841 [3] NCCL INFO Channel 01/0 : 19[83000] -> 3[83000] [receive] via NET/IB/0
c197-112:6955:7013 [0] NCCL INFO Channel 02/0 : 28[2000] -> 12[2000] [receive] via NET/IB/0
c197-112:6956:7015 [1] NCCL INFO Channel 02 : 13[3000] -> 12[2000] via direct shared memory
c197-112:6956:7015 [1] NCCL INFO Channel 03 : 13[3000] -> 12[2000] via direct shared memory
c198-011:5647:5700 [2] NCCL INFO Channel 02 : 18[82000] -> 17[3000] via direct shared memory
c198-011:5647:5700 [2] NCCL INFO Channel 03 : 18[82000] -> 17[3000] via direct shared memory
c198-011:5648:5698 [3] NCCL INFO Channel 01/0 : 3[83000] -> 19[83000] [receive] via NET/IB/0
c198-021:15003:15055 [3] NCCL INFO Channel 01/0 : 27[83000] -> 19[83000] [send] via NET/IB/0
c197-112:6957:7011 [2] NCCL INFO Channel 03/0 : 23[83000] -> 14[82000] [receive] via NET/IB/0
c198-012:3045:3095 [3] NCCL INFO Channel 03/0 : 23[83000] -> 14[82000] [send] via NET/IB/0
c198-012:3042:3099 [0] NCCL INFO Channel 02/0 : 20[2000] -> 16[2000] [send] via NET/IB/0
c197-101:6786:6841 [3] NCCL INFO Channel 01/0 : 3[83000] -> 19[83000] [send] via NET/IB/0
c197-112:6955:7013 [0] NCCL INFO Channel 02/0 : 12[2000] -> 28[2000] [send] via NET/IB/0
c197-102:16865:16921 [3] NCCL INFO Channel 03/0 : 15[83000] -> 7[83000] [receive] via NET/IB/0
c197-112:6958:7009 [3] NCCL INFO Channel 03/0 : 31[83000] -> 15[83000] [receive] via NET/IB/0
c197-112:6957:7011 [2] NCCL INFO Channel 02 : 14[82000] -> 13[3000] via direct shared memory
c197-112:6957:7011 [2] NCCL INFO Channel 03 : 14[82000] -> 13[3000] via direct shared memory
c197-111:28155:28207 [3] NCCL INFO Channel 03/0 : 11[83000] -> 6[82000] [send] via NET/IB/0
c198-011:5648:5698 [3] NCCL INFO Channel 01/0 : 19[83000] -> 3[83000] [send] via NET/IB/0
c198-011:5645:5704 [0] NCCL INFO Connected 1 MSCCL algorithms
c198-011:5645:5704 [0] NCCL INFO NCCL_PROTO set by environment to Simple
c198-011:5645:5704 [0] NCCL INFO NCCL_ALGO set by environment to MSCCL,TREE,RING
c198-011:5645:5704 [0] NCCL INFO threadThresholds 8/8/64 | 256/8/64 | 8/8/64 | 8/8/512
c198-011:5645:5704 [0] NCCL INFO 4 coll channels, 2 p2p channels, 2 p2p channels per peer
c198-012:3042:3099 [0] NCCL INFO Connected 1 MSCCL algorithms
c198-012:3042:3099 [0] NCCL INFO NCCL_PROTO set by environment to Simple
c198-012:3042:3099 [0] NCCL INFO NCCL_ALGO set by environment to MSCCL,TREE,RING
c198-012:3042:3099 [0] NCCL INFO threadThresholds 8/8/64 | 256/8/64 | 8/8/64 | 8/8/512
c198-012:3042:3099 [0] NCCL INFO 4 coll channels, 2 p2p channels, 2 p2p channels per peer
c198-011:5646:5702 [1] NCCL INFO Connected 1 MSCCL algorithms
c198-011:5646:5702 [1] NCCL INFO NCCL_PROTO set by environment to Simple
c198-011:5646:5702 [1] NCCL INFO NCCL_ALGO set by environment to MSCCL,TREE,RING
c198-011:5646:5702 [1] NCCL INFO threadThresholds 8/8/64 | 256/8/64 | 8/8/64 | 8/8/512
c198-011:5646:5702 [1] NCCL INFO 4 coll channels, 2 p2p channels, 2 p2p channels per peer
c198-022:4153:4212 [0] NCCL INFO Connected 1 MSCCL algorithms
c198-022:4153:4212 [0] NCCL INFO NCCL_PROTO set by environment to Simple
c198-022:4153:4212 [0] NCCL INFO NCCL_ALGO set by environment to MSCCL,TREE,RING
c198-022:4153:4212 [0] NCCL INFO threadThresholds 8/8/64 | 256/8/64 | 8/8/64 | 8/8/512
c198-022:4153:4212 [0] NCCL INFO 4 coll channels, 2 p2p channels, 2 p2p channels per peer
c197-102:16864:16920 [2] NCCL INFO Channel 02 : 6[82000] -> 5[3000] via direct shared memory
c197-102:16864:16920 [2] NCCL INFO Channel 03 : 6[82000] -> 5[3000] via direct shared memory
c198-012:3045:3095 [3] NCCL INFO Channel 03/0 : 23[83000] -> 19[83000] [send] via NET/IB/0
c198-022:4154:4208 [1] NCCL INFO Connected 1 MSCCL algorithms
c198-022:4154:4208 [1] NCCL INFO NCCL_PROTO set by environment to Simple
c198-022:4154:4208 [1] NCCL INFO NCCL_ALGO set by environment to MSCCL,TREE,RING
c198-022:4154:4208 [1] NCCL INFO threadThresholds 8/8/64 | 256/8/64 | 8/8/64 | 8/8/512
c198-022:4154:4208 [1] NCCL INFO 4 coll channels, 2 p2p channels, 2 p2p channels per peer
c197-112:6958:7009 [3] NCCL INFO Channel 03/0 : 15[83000] -> 31[83000] [send] via NET/IB/0
c197-111:28155:28207 [3] NCCL INFO Channel 01/0 : 15[83000] -> 11[83000] [receive] via NET/IB/0
c197-112:6955:7013 [0] NCCL INFO Channel 02/0 : 12[2000] -> 4[2000] [send] via NET/IB/0
c198-011:5648:5698 [3] NCCL INFO Channel 01/0 : 27[83000] -> 19[83000] [receive] via NET/IB/0
c197-112:6955:7013 [0] NCCL INFO Connected 1 MSCCL algorithms
c197-112:6955:7013 [0] NCCL INFO NCCL_PROTO set by environment to Simple
c197-112:6955:7013 [0] NCCL INFO NCCL_ALGO set by environment to MSCCL,TREE,RING
c197-112:6955:7013 [0] NCCL INFO threadThresholds 8/8/64 | 256/8/64 | 8/8/64 | 8/8/512
c197-112:6955:7013 [0] NCCL INFO 4 coll channels, 2 p2p channels, 2 p2p channels per peer
c197-101:6786:6841 [3] NCCL INFO Channel 03/0 : 7[83000] -> 3[83000] [receive] via NET/IB/0
c197-112:6956:7015 [1] NCCL INFO Connected 1 MSCCL algorithms
c197-112:6956:7015 [1] NCCL INFO NCCL_PROTO set by environment to Simple
c197-112:6956:7015 [1] NCCL INFO NCCL_ALGO set by environment to MSCCL,TREE,RING
c197-112:6956:7015 [1] NCCL INFO threadThresholds 8/8/64 | 256/8/64 | 8/8/64 | 8/8/512
c197-112:6956:7015 [1] NCCL INFO 4 coll channels, 2 p2p channels, 2 p2p channels per peer
c197-112:6958:7009 [3] NCCL INFO Channel 03/0 : 15[83000] -> 7[83000] [send] via NET/IB/0
c198-022:4156:4210 [3] NCCL INFO Channel 01/0 : 31[83000] -> 27[83000] [send] via NET/IB/0
c197-102:16862:16917 [0] NCCL INFO Channel 02/0 : 4[2000] -> 0[2000] [send] via NET/IB/0
c198-021:15003:15055 [3] NCCL INFO Channel 03/0 : 27[83000] -> 22[82000] [send] via NET/IB/0
c198-011:5648:5698 [3] NCCL INFO Channel 03/0 : 23[83000] -> 19[83000] [receive] via NET/IB/0
c197-102:16862:16917 [0] NCCL INFO Connected 1 MSCCL algorithms
c197-102:16862:16917 [0] NCCL INFO NCCL_PROTO set by environment to Simple
c197-102:16862:16917 [0] NCCL INFO NCCL_ALGO set by environment to MSCCL,TREE,RING
c197-102:16862:16917 [0] NCCL INFO threadThresholds 8/8/64 | 256/8/64 | 8/8/64 | 8/8/512
c197-102:16862:16917 [0] NCCL INFO 4 coll channels, 2 p2p channels, 2 p2p channels per peer
c198-011:5648:5698 [3] NCCL INFO Channel 02 : 19[83000] -> 18[82000] via direct shared memory
c198-011:5648:5698 [3] NCCL INFO Channel 03 : 19[83000] -> 18[82000] via direct shared memory
c197-102:16863:16916 [1] NCCL INFO Connected 1 MSCCL algorithms
c197-102:16863:16916 [1] NCCL INFO NCCL_PROTO set by environment to Simple
c197-102:16863:16916 [1] NCCL INFO NCCL_ALGO set by environment to MSCCL,TREE,RING
c197-102:16863:16916 [1] NCCL INFO threadThresholds 8/8/64 | 256/8/64 | 8/8/64 | 8/8/512
c197-102:16863:16916 [1] NCCL INFO 4 coll channels, 2 p2p channels, 2 p2p channels per peer
c197-101:6783:6834 [0] NCCL INFO Connected 1 MSCCL algorithms
c197-101:6783:6834 [0] NCCL INFO NCCL_PROTO set by environment to Simple
c197-101:6783:6834 [0] NCCL INFO NCCL_ALGO set by environment to MSCCL,TREE,RING
c197-101:6783:6834 [0] NCCL INFO threadThresholds 8/8/64 | 256/8/64 | 8/8/64 | 8/8/512
c197-101:6783:6834 [0] NCCL INFO 4 coll channels, 2 p2p channels, 2 p2p channels per peer
c198-011:5648:5698 [3] NCCL INFO Connected 1 MSCCL algorithms
c198-011:5648:5698 [3] NCCL INFO NCCL_PROTO set by environment to Simple
c198-011:5648:5698 [3] NCCL INFO NCCL_ALGO set by environment to MSCCL,TREE,RING
c198-011:5648:5698 [3] NCCL INFO threadThresholds 8/8/64 | 256/8/64 | 8/8/64 | 8/8/512
c198-011:5648:5698 [3] NCCL INFO 4 coll channels, 2 p2p channels, 2 p2p channels per peer
c197-101:6784:6843 [1] NCCL INFO Connected 1 MSCCL algorithms
c197-101:6784:6843 [1] NCCL INFO NCCL_PROTO set by environment to Simple
c197-101:6784:6843 [1] NCCL INFO NCCL_ALGO set by environment to MSCCL,TREE,RING
c197-101:6784:6843 [1] NCCL INFO threadThresholds 8/8/64 | 256/8/64 | 8/8/64 | 8/8/512
c197-101:6784:6843 [1] NCCL INFO 4 coll channels, 2 p2p channels, 2 p2p channels per peer
c198-011:5647:5700 [2] NCCL INFO Connected 1 MSCCL algorithms
c198-011:5647:5700 [2] NCCL INFO NCCL_PROTO set by environment to Simple
c198-011:5647:5700 [2] NCCL INFO NCCL_ALGO set by environment to MSCCL,TREE,RING
c198-011:5647:5700 [2] NCCL INFO threadThresholds 8/8/64 | 256/8/64 | 8/8/64 | 8/8/512
c198-011:5647:5700 [2] NCCL INFO 4 coll channels, 2 p2p channels, 2 p2p channels per peer
c197-112:6958:7009 [3] NCCL INFO Channel 01/0 : 15[83000] -> 11[83000] [send] via NET/IB/0
c198-012:3044:3097 [2] NCCL INFO Channel 02 : 22[82000] -> 21[3000] via direct shared memory
c198-012:3044:3097 [2] NCCL INFO Channel 03 : 22[82000] -> 21[3000] via direct shared memory
c197-102:16865:16921 [3] NCCL INFO Channel 03/0 : 7[83000] -> 3[83000] [send] via NET/IB/0
c198-012:3043:3101 [1] NCCL INFO Connected 1 MSCCL algorithms
c198-012:3043:3101 [1] NCCL INFO NCCL_PROTO set by environment to Simple
c198-012:3043:3101 [1] NCCL INFO NCCL_ALGO set by environment to MSCCL,TREE,RING
c198-012:3043:3101 [1] NCCL INFO threadThresholds 8/8/64 | 256/8/64 | 8/8/64 | 8/8/512
c198-012:3043:3101 [1] NCCL INFO 4 coll channels, 2 p2p channels, 2 p2p channels per peer
c197-112:6958:7009 [3] NCCL INFO Channel 02 : 15[83000] -> 14[82000] via direct shared memory
c197-112:6958:7009 [3] NCCL INFO Channel 03 : 15[83000] -> 14[82000] via direct shared memory
c197-111:28155:28207 [3] NCCL INFO Channel 02 : 11[83000] -> 10[82000] via direct shared memory
c197-111:28155:28207 [3] NCCL INFO Channel 03 : 11[83000] -> 10[82000] via direct shared memory
c197-112:6958:7009 [3] NCCL INFO Connected 1 MSCCL algorithms
c197-112:6958:7009 [3] NCCL INFO NCCL_PROTO set by environment to Simple
c197-112:6958:7009 [3] NCCL INFO NCCL_ALGO set by environment to MSCCL,TREE,RING
c197-112:6958:7009 [3] NCCL INFO threadThresholds 8/8/64 | 256/8/64 | 8/8/64 | 8/8/512
c197-112:6958:7009 [3] NCCL INFO 4 coll channels, 2 p2p channels, 2 p2p channels per peer
c197-112:6957:7011 [2] NCCL INFO Connected 1 MSCCL algorithms
c197-112:6957:7011 [2] NCCL INFO NCCL_PROTO set by environment to Simple
c197-112:6957:7011 [2] NCCL INFO NCCL_ALGO set by environment to MSCCL,TREE,RING
c197-112:6957:7011 [2] NCCL INFO threadThresholds 8/8/64 | 256/8/64 | 8/8/64 | 8/8/512
c197-112:6957:7011 [2] NCCL INFO 4 coll channels, 2 p2p channels, 2 p2p channels per peer
c197-101:6786:6841 [3] NCCL INFO Channel 02 : 3[83000] -> 2[82000] via direct shared memory
c197-101:6786:6841 [3] NCCL INFO Channel 03 : 3[83000] -> 2[82000] via direct shared memory
c197-101:6786:6841 [3] NCCL INFO Connected 1 MSCCL algorithms
c197-101:6786:6841 [3] NCCL INFO NCCL_PROTO set by environment to Simple
c197-101:6786:6841 [3] NCCL INFO NCCL_ALGO set by environment to MSCCL,TREE,RING
c197-101:6786:6841 [3] NCCL INFO threadThresholds 8/8/64 | 256/8/64 | 8/8/64 | 8/8/512
c197-101:6786:6841 [3] NCCL INFO 4 coll channels, 2 p2p channels, 2 p2p channels per peer
c197-101:6785:6839 [2] NCCL INFO Connected 1 MSCCL algorithms
c197-101:6785:6839 [2] NCCL INFO NCCL_PROTO set by environment to Simple
c197-101:6785:6839 [2] NCCL INFO NCCL_ALGO set by environment to MSCCL,TREE,RING
c197-101:6785:6839 [2] NCCL INFO threadThresholds 8/8/64 | 256/8/64 | 8/8/64 | 8/8/512
c197-101:6785:6839 [2] NCCL INFO 4 coll channels, 2 p2p channels, 2 p2p channels per peer
c198-021:15003:15055 [3] NCCL INFO Channel 01/0 : 31[83000] -> 27[83000] [receive] via NET/IB/0
c198-012:3045:3095 [3] NCCL INFO Channel 01/0 : 26[82000] -> 23[83000] [receive] via NET/IB/0
c198-022:4156:4210 [3] NCCL INFO Channel 02 : 31[83000] -> 30[82000] via direct shared memory
c198-022:4156:4210 [3] NCCL INFO Channel 03 : 31[83000] -> 30[82000] via direct shared memory
c198-021:15003:15055 [3] NCCL INFO Channel 02 : 27[83000] -> 26[82000] via direct shared memory
c198-021:15003:15055 [3] NCCL INFO Channel 03 : 27[83000] -> 26[82000] via direct shared memory
c198-022:4156:4210 [3] NCCL INFO Connected 1 MSCCL algorithms
c198-022:4156:4210 [3] NCCL INFO NCCL_PROTO set by environment to Simple
c198-012:3045:3095 [3] NCCL INFO Channel 02 : 23[83000] -> 22[82000] via direct shared memory
c198-022:4156:4210 [3] NCCL INFO NCCL_ALGO set by environment to MSCCL,TREE,RING
c198-022:4156:4210 [3] NCCL INFO threadThresholds 8/8/64 | 256/8/64 | 8/8/64 | 8/8/512
c198-022:4156:4210 [3] NCCL INFO 4 coll channels, 2 p2p channels, 2 p2p channels per peer
c198-012:3045:3095 [3] NCCL INFO Channel 03 : 23[83000] -> 22[82000] via direct shared memory
c198-022:4155:4214 [2] NCCL INFO Connected 1 MSCCL algorithms
c198-022:4155:4214 [2] NCCL INFO NCCL_PROTO set by environment to Simple
c198-022:4155:4214 [2] NCCL INFO NCCL_ALGO set by environment to MSCCL,TREE,RING
c198-022:4155:4214 [2] NCCL INFO threadThresholds 8/8/64 | 256/8/64 | 8/8/64 | 8/8/512
c198-022:4155:4214 [2] NCCL INFO 4 coll channels, 2 p2p channels, 2 p2p channels per peer
c198-011:5648:5698 [3] NCCL INFO comm 0x2ad6ce000010 rank 19 nranks 32 cudaDev 3 busId 83000 - Init COMPLETE
c198-011:5647:5700 [2] NCCL INFO comm 0x2ac9f1e34010 rank 18 nranks 32 cudaDev 2 busId 82000 - Init COMPLETE
c198-011:5646:5702 [1] NCCL INFO comm 0x2b0bc5a50010 rank 17 nranks 32 cudaDev 1 busId 3000 - Init COMPLETE
c198-011:5645:5704 [0] NCCL INFO comm 0x2b8690000010 rank 16 nranks 32 cudaDev 0 busId 2000 - Init COMPLETE
c198-012:3045:3095 [3] NCCL INFO Connected 1 MSCCL algorithms
c198-012:3045:3095 [3] NCCL INFO NCCL_PROTO set by environment to Simple
c198-012:3045:3095 [3] NCCL INFO NCCL_ALGO set by environment to MSCCL,TREE,RING
c198-012:3045:3095 [3] NCCL INFO threadThresholds 8/8/64 | 256/8/64 | 8/8/64 | 8/8/512
c198-012:3045:3095 [3] NCCL INFO 4 coll channels, 2 p2p channels, 2 p2p channels per peer
c198-012:3044:3097 [2] NCCL INFO Connected 1 MSCCL algorithms
c198-012:3044:3097 [2] NCCL INFO NCCL_PROTO set by environment to Simple
c198-012:3044:3097 [2] NCCL INFO NCCL_ALGO set by environment to MSCCL,TREE,RING
c198-012:3044:3097 [2] NCCL INFO threadThresholds 8/8/64 | 256/8/64 | 8/8/64 | 8/8/512
c198-012:3044:3097 [2] NCCL INFO 4 coll channels, 2 p2p channels, 2 p2p channels per peer
c197-102:16865:16921 [3] NCCL INFO Channel 01/0 : 10[82000] -> 7[83000] [receive] via NET/IB/0
c198-021:15002:15053 [2] NCCL INFO Channel 02 : 26[82000] -> 25[3000] via direct shared memory
c198-021:15002:15053 [2] NCCL INFO Channel 03 : 26[82000] -> 25[3000] via direct shared memory
c198-021:15003:15055 [3] NCCL INFO Connected 1 MSCCL algorithms
c198-021:15003:15055 [3] NCCL INFO NCCL_PROTO set by environment to Simple
c198-021:15003:15055 [3] NCCL INFO NCCL_ALGO set by environment to MSCCL,TREE,RING
c198-021:15003:15055 [3] NCCL INFO threadThresholds 8/8/64 | 256/8/64 | 8/8/64 | 8/8/512
c198-021:15003:15055 [3] NCCL INFO 4 coll channels, 2 p2p channels, 2 p2p channels per peer
c198-021:15002:15053 [2] NCCL INFO Connected 1 MSCCL algorithms
c198-021:15001:15057 [1] NCCL INFO Connected 1 MSCCL algorithms
c198-021:15002:15053 [2] NCCL INFO NCCL_PROTO set by environment to Simple
c198-021:15002:15053 [2] NCCL INFO NCCL_ALGO set by environment to MSCCL,TREE,RING
c198-021:15002:15053 [2] NCCL INFO threadThresholds 8/8/64 | 256/8/64 | 8/8/64 | 8/8/512
c198-021:15002:15053 [2] NCCL INFO 4 coll channels, 2 p2p channels, 2 p2p channels per peer
c198-021:15001:15057 [1] NCCL INFO NCCL_PROTO set by environment to Simple
c198-021:15001:15057 [1] NCCL INFO NCCL_ALGO set by environment to MSCCL,TREE,RING
c198-021:15001:15057 [1] NCCL INFO threadThresholds 8/8/64 | 256/8/64 | 8/8/64 | 8/8/512
c198-021:15001:15057 [1] NCCL INFO 4 coll channels, 2 p2p channels, 2 p2p channels per peer
c197-112:6958:7009 [3] NCCL INFO comm 0x2b173528c010 rank 15 nranks 32 cudaDev 3 busId 83000 - Init COMPLETE
c197-112:6956:7015 [1] NCCL INFO comm 0x2aeddcdb7010 rank 13 nranks 32 cudaDev 1 busId 3000 - Init COMPLETE
c197-112:6955:7013 [0] NCCL INFO comm 0x2b2aa4000010 rank 12 nranks 32 cudaDev 0 busId 2000 - Init COMPLETE
c197-112:6957:7011 [2] NCCL INFO comm 0x2b025dcff010 rank 14 nranks 32 cudaDev 2 busId 82000 - Init COMPLETE
c197-102:16865:16921 [3] NCCL INFO Channel 02 : 7[83000] -> 6[82000] via direct shared memory
c197-102:16865:16921 [3] NCCL INFO Channel 03 : 7[83000] -> 6[82000] via direct shared memory
c197-102:16865:16921 [3] NCCL INFO Connected 1 MSCCL algorithms
c197-102:16865:16921 [3] NCCL INFO NCCL_PROTO set by environment to Simple
c197-102:16865:16921 [3] NCCL INFO NCCL_ALGO set by environment to MSCCL,TREE,RING
c197-102:16865:16921 [3] NCCL INFO threadThresholds 8/8/64 | 256/8/64 | 8/8/64 | 8/8/512
c197-102:16865:16921 [3] NCCL INFO 4 coll channels, 2 p2p channels, 2 p2p channels per peer
c197-102:16864:16920 [2] NCCL INFO Connected 1 MSCCL algorithms
c197-102:16864:16920 [2] NCCL INFO NCCL_PROTO set by environment to Simple
c197-102:16864:16920 [2] NCCL INFO NCCL_ALGO set by environment to MSCCL,TREE,RING
c197-102:16864:16920 [2] NCCL INFO threadThresholds 8/8/64 | 256/8/64 | 8/8/64 | 8/8/512
c197-102:16864:16920 [2] NCCL INFO 4 coll channels, 2 p2p channels, 2 p2p channels per peer
c197-101:6784:6843 [1] NCCL INFO comm 0x2ae18d85d010 rank 1 nranks 32 cudaDev 1 busId 3000 - Init COMPLETE
c197-101:6786:6841 [3] NCCL INFO comm 0x2b314e000010 rank 3 nranks 32 cudaDev 3 busId 83000 - Init COMPLETE
c197-101:6785:6839 [2] NCCL INFO comm 0x2abdc2000010 rank 2 nranks 32 cudaDev 2 busId 82000 - Init COMPLETE
c197-101:6783:6834 [0] NCCL INFO comm 0x2b77fe000010 rank 0 nranks 32 cudaDev 0 busId 2000 - Init COMPLETE
#
#                                                              out-of-place                       in-place          
#       size         count      type   redop    root     time   algbw   busbw #wrong     time   algbw   busbw #wrong
#        (B)    (elements)                               (us)  (GB/s)  (GB/s)            (us)  (GB/s)  (GB/s)       
c197-111:28154:28205 [2] NCCL INFO Channel 02 : 10[82000] -> 9[3000] via direct shared memory
c197-111:28154:28205 [2] NCCL INFO Channel 03 : 10[82000] -> 9[3000] via direct shared memory
c197-111:28154:28205 [2] NCCL INFO Connected 1 MSCCL algorithms
c197-111:28154:28205 [2] NCCL INFO NCCL_PROTO set by environment to Simple
c197-111:28154:28205 [2] NCCL INFO NCCL_ALGO set by environment to MSCCL,TREE,RING
c197-111:28154:28205 [2] NCCL INFO threadThresholds 8/8/64 | 256/8/64 | 8/8/64 | 8/8/512
c197-111:28154:28205 [2] NCCL INFO 4 coll channels, 2 p2p channels, 2 p2p channels per peer
c197-111:28155:28207 [3] NCCL INFO Connected 1 MSCCL algorithms
c197-111:28155:28207 [3] NCCL INFO NCCL_PROTO set by environment to Simple
c197-111:28155:28207 [3] NCCL INFO NCCL_ALGO set by environment to MSCCL,TREE,RING
c197-111:28155:28207 [3] NCCL INFO threadThresholds 8/8/64 | 256/8/64 | 8/8/64 | 8/8/512
c197-111:28155:28207 [3] NCCL INFO 4 coll channels, 2 p2p channels, 2 p2p channels per peer
c197-111:28153:28210 [1] NCCL INFO Connected 1 MSCCL algorithms
c197-111:28153:28210 [1] NCCL INFO NCCL_PROTO set by environment to Simple
c197-111:28153:28210 [1] NCCL INFO NCCL_ALGO set by environment to MSCCL,TREE,RING
c197-111:28153:28210 [1] NCCL INFO threadThresholds 8/8/64 | 256/8/64 | 8/8/64 | 8/8/512
c197-111:28153:28210 [1] NCCL INFO 4 coll channels, 2 p2p channels, 2 p2p channels per peer
c198-022:4156:4210 [3] NCCL INFO comm 0x2b6e7e000010 rank 31 nranks 32 cudaDev 3 busId 83000 - Init COMPLETE
c198-022:4155:4214 [2] NCCL INFO comm 0x2b5a04000010 rank 30 nranks 32 cudaDev 2 busId 82000 - Init COMPLETE
c198-022:4153:4212 [0] NCCL INFO comm 0x2b227e000010 rank 28 nranks 32 cudaDev 0 busId 2000 - Init COMPLETE
c198-022:4154:4208 [1] NCCL INFO comm 0x2b8442000010 rank 29 nranks 32 cudaDev 1 busId 3000 - Init COMPLETE
c198-012:3044:3097 [2] NCCL INFO comm 0x2ba782000010 rank 22 nranks 32 cudaDev 2 busId 82000 - Init COMPLETE
c198-012:3045:3095 [3] NCCL INFO comm 0x2afdbcdb7010 rank 23 nranks 32 cudaDev 3 busId 83000 - Init COMPLETE
c198-012:3043:3101 [1] NCCL INFO comm 0x2b2f7150e010 rank 21 nranks 32 cudaDev 1 busId 3000 - Init COMPLETE
c198-012:3042:3099 [0] NCCL INFO comm 0x2af132000010 rank 20 nranks 32 cudaDev 0 busId 2000 - Init COMPLETE
c198-021:15000:15059 [0] NCCL INFO comm 0x2b395e000010 rank 24 nranks 32 cudaDev 0 busId 2000 - Init COMPLETE
c198-021:15003:15055 [3] NCCL INFO comm 0x2b745e402010 rank 27 nranks 32 cudaDev 3 busId 83000 - Init COMPLETE
c198-021:15001:15057 [1] NCCL INFO comm 0x2b869e000010 rank 25 nranks 32 cudaDev 1 busId 3000 - Init COMPLETE
c198-021:15002:15053 [2] NCCL INFO comm 0x2b4e5e000010 rank 26 nranks 32 cudaDev 2 busId 82000 - Init COMPLETE
c197-102:16863:16916 [1] NCCL INFO comm 0x2aaf60000010 rank 5 nranks 32 cudaDev 1 busId 3000 - Init COMPLETE
c197-102:16865:16921 [3] NCCL INFO comm 0x2b9c0cc6c010 rank 7 nranks 32 cudaDev 3 busId 83000 - Init COMPLETE
c197-102:16864:16920 [2] NCCL INFO comm 0x2ade54000010 rank 6 nranks 32 cudaDev 2 busId 82000 - Init COMPLETE
c197-102:16862:16917 [0] NCCL INFO comm 0x2ae7b4000010 rank 4 nranks 32 cudaDev 0 busId 2000 - Init COMPLETE
c197-111:28152:28211 [0] NCCL INFO comm 0x2afd72000010 rank 8 nranks 32 cudaDev 0 busId 2000 - Init COMPLETE
c197-111:28154:28205 [2] NCCL INFO comm 0x2ab742000010 rank 10 nranks 32 cudaDev 2 busId 82000 - Init COMPLETE
c197-111:28153:28210 [1] NCCL INFO comm 0x2b146ce6b010 rank 9 nranks 32 cudaDev 1 busId 3000 - Init COMPLETE
c197-111:28155:28207 [3] NCCL INFO comm 0x2b6dee3b0010 rank 11 nranks 32 cudaDev 3 busId 83000 - Init COMPLETE
c197-101:6783:6783 [0] NCCL INFO Launch mode Parallel
       65536         16384     float     sum      -1   2294.4    0.03    0.06      0   2317.6    0.03    0.05      0
      131072         32768     float     sum      -1   2291.7    0.06    0.11      0   2337.0    0.06    0.11      0
      262144         65536     float     sum      -1   2364.2    0.11    0.21      0   2306.8    0.11    0.22      0
      524288        131072     float     sum      -1   2317.7    0.23    0.44      0   2318.7    0.23    0.44      0
     1048576        262144     float     sum      -1   2436.8    0.43    0.83      0   2354.8    0.45    0.86      0
     2097152        524288     float     sum      -1   2502.7    0.84    1.62      0   2503.3    0.84    1.62      0
     4194304       1048576     float     sum      -1   2755.6    1.52    2.95      0   2738.9    1.53    2.97      0
     8388608       2097152     float     sum      -1   4473.9    1.88    3.63      0   4422.1    1.90    3.68      0
    16777216       4194304     float     sum      -1   8679.8    1.93    3.75      0   8650.2    1.94    3.76      0
    33554432       8388608     float     sum      -1    18512    1.81    3.51      0    18525    1.81    3.51      0
    67108864      16777216     float     sum      -1    37194    1.80    3.50      0    37329    1.80    3.48      0
   134217728      33554432     float     sum      -1    74057    1.81    3.51      0    73907    1.82    3.52      0
   268435456      67108864     float     sum      -1   147579    1.82    3.52      0   147378    1.82    3.53      0
c197-102:16865:16865 [3] NCCL INFO comm 0x2b9c0cc6c010 rank 7 nranks 32 cudaDev 3 busId 83000 - Destroy COMPLETE
c198-021:15003:15003 [3] NCCL INFO comm 0x2b745e402010 rank 27 nranks 32 cudaDev 3 busId 83000 - Destroy COMPLETE
c198-012:3045:3045 [3] NCCL INFO comm 0x2afdbcdb7010 rank 23 nranks 32 cudaDev 3 busId 83000 - Destroy COMPLETE
c197-101:6786:6786 [3] NCCL INFO comm 0x2b314e000010 rank 3 nranks 32 cudaDev 3 busId 83000 - Destroy COMPLETE
c198-011:5648:5648 [3] NCCL INFO comm 0x2ad6ce000010 rank 19 nranks 32 cudaDev 3 busId 83000 - Destroy COMPLETE
c197-101:6784:6784 [1] NCCL INFO comm 0x2ae18d85d010 rank 1 nranks 32 cudaDev 1 busId 3000 - Destroy COMPLETE
c198-011:5645:5645 [0] NCCL INFO comm 0x2b8690000010 rank 16 nranks 32 cudaDev 0 busId 2000 - Destroy COMPLETE
c198-022:4156:4156 [3] NCCL INFO comm 0x2b6e7e000010 rank 31 nranks 32 cudaDev 3 busId 83000 - Destroy COMPLETE
c197-111:28155:28155 [3] NCCL INFO comm 0x2b6dee3b0010 rank 11 nranks 32 cudaDev 3 busId 83000 - Destroy COMPLETE
c198-021:15001:15001 [1] NCCL INFO comm 0x2b869e000010 rank 25 nranks 32 cudaDev 1 busId 3000 - Destroy COMPLETE
c197-112:6957:6957 [2] NCCL INFO comm 0x2b025dcff010 rank 14 nranks 32 cudaDev 2 busId 82000 - Destroy COMPLETE
c198-022:4154:4154 [1] NCCL INFO comm 0x2b8442000010 rank 29 nranks 32 cudaDev 1 busId 3000 - Destroy COMPLETE
c197-111:28152:28152 [0] NCCL INFO comm 0x2afd72000010 rank 8 nranks 32 cudaDev 0 busId 2000 - Destroy COMPLETE
c198-012:3044:3044 [2] NCCL INFO comm 0x2ba782000010 rank 22 nranks 32 cudaDev 2 busId 82000 - Destroy COMPLETE
c197-112:6958:6958 [3] NCCL INFO comm 0x2b173528c010 rank 15 nranks 32 cudaDev 3 busId 83000 - Destroy COMPLETE
c197-101:6783:6783 [0] NCCL INFO comm 0x2b77fe000010 rank 0 nranks 32 cudaDev 0 busId 2000 - Destroy COMPLETE
c198-022:4153:4153 [0] NCCL INFO comm 0x2b227e000010 rank 28 nranks 32 cudaDev 0 busId 2000 - Destroy COMPLETE
c198-021:15000:15000 [0] NCCL INFO comm 0x2b395e000010 rank 24 nranks 32 cudaDev 0 busId 2000 - Destroy COMPLETE
c198-012:3042:3042 [0] NCCL INFO comm 0x2af132000010 rank 20 nranks 32 cudaDev 0 busId 2000 - Destroy COMPLETE
c198-022:4155:4155 [2] NCCL INFO comm 0x2b5a04000010 rank 30 nranks 32 cudaDev 2 busId 82000 - Destroy COMPLETE
c197-102:16862:16862 [0] NCCL INFO comm 0x2ae7b4000010 rank 4 nranks 32 cudaDev 0 busId 2000 - Destroy COMPLETE
c198-021:15002:15002 [2] NCCL INFO comm 0x2b4e5e000010 rank 26 nranks 32 cudaDev 2 busId 82000 - Destroy COMPLETE
c197-101:6785:6785 [2] NCCL INFO comm 0x2abdc2000010 rank 2 nranks 32 cudaDev 2 busId 82000 - Destroy COMPLETE
c198-011:5646:5646 [1] NCCL INFO comm 0x2b0bc5a50010 rank 17 nranks 32 cudaDev 1 busId 3000 - Destroy COMPLETE
c197-102:16864:16864 [2] NCCL INFO comm 0x2ade54000010 rank 6 nranks 32 cudaDev 2 busId 82000 - Destroy COMPLETE
c198-011:5647:5647 [2] NCCL INFO comm 0x2ac9f1e34010 rank 18 nranks 32 cudaDev 2 busId 82000 - Destroy COMPLETE
c197-112:6955:6955 [0] NCCL INFO comm 0x2b2aa4000010 rank 12 nranks 32 cudaDev 0 busId 2000 - Destroy COMPLETE
c197-111:28153:28153 [1] NCCL INFO comm 0x2b146ce6b010 rank 9 nranks 32 cudaDev 1 busId 3000 - Destroy COMPLETE
# Out of bounds values : 0 OK
# Avg bus bandwidth    : 2.13057 
#
c197-111:28154:28154 [2] NCCL INFO comm 0x2ab742000010 rank 10 nranks 32 cudaDev 2 busId 82000 - Destroy COMPLETE
c198-012:3043:3043 [1] NCCL INFO comm 0x2b2f7150e010 rank 21 nranks 32 cudaDev 1 busId 3000 - Destroy COMPLETE
c197-102:16863:16863 [1] NCCL INFO comm 0x2aaf60000010 rank 5 nranks 32 cudaDev 1 busId 3000 - Destroy COMPLETE
c197-112:6956:6956 [1] NCCL INFO comm 0x2aeddcdb7010 rank 13 nranks 32 cudaDev 1 busId 3000 - Destroy COMPLETE

TACC:  Shutdown complete. Exiting. 
