TACC:  Starting up job 6212663 
TACC:  Starting parallel tasks... 
# nThread 1 nGpus 1 minBytes 65536 maxBytes 268435456 step: 2(factor) warmup iters: 5 iters: 60 agg iters: 1 validation: 1 graph: 0
#
# Using devices
#  Rank  0 Group  0 Pid  26234 on   c196-042 device  0 [0x02] Quadro RTX 5000
#  Rank  1 Group  0 Pid  26235 on   c196-042 device  1 [0x03] Quadro RTX 5000
#  Rank  2 Group  0 Pid  26236 on   c196-042 device  2 [0x82] Quadro RTX 5000
#  Rank  3 Group  0 Pid  26237 on   c196-042 device  3 [0x83] Quadro RTX 5000
#  Rank  4 Group  0 Pid  10985 on   c196-051 device  0 [0x02] Quadro RTX 5000
#  Rank  5 Group  0 Pid  10986 on   c196-051 device  1 [0x03] Quadro RTX 5000
#  Rank  6 Group  0 Pid  10987 on   c196-051 device  2 [0x82] Quadro RTX 5000
#  Rank  7 Group  0 Pid  10988 on   c196-051 device  3 [0x83] Quadro RTX 5000
#  Rank  8 Group  0 Pid  19411 on   c198-011 device  0 [0x02] Quadro RTX 5000
#  Rank  9 Group  0 Pid  19412 on   c198-011 device  1 [0x03] Quadro RTX 5000
#  Rank 10 Group  0 Pid  19413 on   c198-011 device  2 [0x82] Quadro RTX 5000
#  Rank 11 Group  0 Pid  19414 on   c198-011 device  3 [0x83] Quadro RTX 5000
#  Rank 12 Group  0 Pid  16464 on   c198-012 device  0 [0x02] Quadro RTX 5000
#  Rank 13 Group  0 Pid  16465 on   c198-012 device  1 [0x03] Quadro RTX 5000
#  Rank 14 Group  0 Pid  16466 on   c198-012 device  2 [0x82] Quadro RTX 5000
#  Rank 15 Group  0 Pid  16467 on   c198-012 device  3 [0x83] Quadro RTX 5000
#  Rank 16 Group  0 Pid  28397 on   c198-021 device  0 [0x02] Quadro RTX 5000
#  Rank 17 Group  0 Pid  28398 on   c198-021 device  1 [0x03] Quadro RTX 5000
#  Rank 18 Group  0 Pid  28399 on   c198-021 device  2 [0x82] Quadro RTX 5000
#  Rank 19 Group  0 Pid  28400 on   c198-021 device  3 [0x83] Quadro RTX 5000
#  Rank 20 Group  0 Pid  24914 on   c198-022 device  0 [0x02] Quadro RTX 5000
#  Rank 21 Group  0 Pid  24915 on   c198-022 device  1 [0x03] Quadro RTX 5000
#  Rank 22 Group  0 Pid  24916 on   c198-022 device  2 [0x82] Quadro RTX 5000
#  Rank 23 Group  0 Pid  24917 on   c198-022 device  3 [0x83] Quadro RTX 5000
#  Rank 24 Group  0 Pid  28799 on   c198-031 device  0 [0x02] Quadro RTX 5000
#  Rank 25 Group  0 Pid  28800 on   c198-031 device  1 [0x03] Quadro RTX 5000
#  Rank 26 Group  0 Pid  28801 on   c198-031 device  2 [0x82] Quadro RTX 5000
#  Rank 27 Group  0 Pid  28802 on   c198-031 device  3 [0x83] Quadro RTX 5000
#  Rank 28 Group  0 Pid  22597 on   c198-032 device  0 [0x02] Quadro RTX 5000
#  Rank 29 Group  0 Pid  22598 on   c198-032 device  1 [0x03] Quadro RTX 5000
#  Rank 30 Group  0 Pid  22599 on   c198-032 device  2 [0x82] Quadro RTX 5000
#  Rank 31 Group  0 Pid  22600 on   c198-032 device  3 [0x83] Quadro RTX 5000
#  Rank 32 Group  0 Pid   9790 on   c198-041 device  0 [0x02] Quadro RTX 5000
#  Rank 33 Group  0 Pid   9791 on   c198-041 device  1 [0x03] Quadro RTX 5000
#  Rank 34 Group  0 Pid   9792 on   c198-041 device  2 [0x82] Quadro RTX 5000
#  Rank 35 Group  0 Pid   9793 on   c198-041 device  3 [0x83] Quadro RTX 5000
#  Rank 36 Group  0 Pid  11979 on   c198-042 device  0 [0x02] Quadro RTX 5000
#  Rank 37 Group  0 Pid  11980 on   c198-042 device  1 [0x03] Quadro RTX 5000
#  Rank 38 Group  0 Pid  11981 on   c198-042 device  2 [0x82] Quadro RTX 5000
#  Rank 39 Group  0 Pid  11982 on   c198-042 device  3 [0x83] Quadro RTX 5000
#  Rank 40 Group  0 Pid  22763 on   c198-051 device  0 [0x02] Quadro RTX 5000
#  Rank 41 Group  0 Pid  22764 on   c198-051 device  1 [0x03] Quadro RTX 5000
#  Rank 42 Group  0 Pid  22765 on   c198-051 device  2 [0x82] Quadro RTX 5000
#  Rank 43 Group  0 Pid  22766 on   c198-051 device  3 [0x83] Quadro RTX 5000
#  Rank 44 Group  0 Pid  20713 on   c198-052 device  0 [0x02] Quadro RTX 5000
#  Rank 45 Group  0 Pid  20714 on   c198-052 device  1 [0x03] Quadro RTX 5000
#  Rank 46 Group  0 Pid  20715 on   c198-052 device  2 [0x82] Quadro RTX 5000
#  Rank 47 Group  0 Pid  20716 on   c198-052 device  3 [0x83] Quadro RTX 5000
#  Rank 48 Group  0 Pid  13358 on   c198-061 device  0 [0x02] Quadro RTX 5000
#  Rank 49 Group  0 Pid  13359 on   c198-061 device  1 [0x03] Quadro RTX 5000
#  Rank 50 Group  0 Pid  13360 on   c198-061 device  2 [0x82] Quadro RTX 5000
#  Rank 51 Group  0 Pid  13361 on   c198-061 device  3 [0x83] Quadro RTX 5000
#  Rank 52 Group  0 Pid  31959 on   c198-062 device  0 [0x02] Quadro RTX 5000
#  Rank 53 Group  0 Pid  31960 on   c198-062 device  1 [0x03] Quadro RTX 5000
#  Rank 54 Group  0 Pid  31961 on   c198-062 device  2 [0x82] Quadro RTX 5000
#  Rank 55 Group  0 Pid  31962 on   c198-062 device  3 [0x83] Quadro RTX 5000
#  Rank 56 Group  0 Pid  29569 on   c198-071 device  0 [0x02] Quadro RTX 5000
#  Rank 57 Group  0 Pid  29570 on   c198-071 device  1 [0x03] Quadro RTX 5000
#  Rank 58 Group  0 Pid  29571 on   c198-071 device  2 [0x82] Quadro RTX 5000
#  Rank 59 Group  0 Pid  29572 on   c198-071 device  3 [0x83] Quadro RTX 5000
#  Rank 60 Group  0 Pid  23176 on   c198-072 device  0 [0x02] Quadro RTX 5000
#  Rank 61 Group  0 Pid  23177 on   c198-072 device  1 [0x03] Quadro RTX 5000
#  Rank 62 Group  0 Pid  23178 on   c198-072 device  2 [0x82] Quadro RTX 5000
#  Rank 63 Group  0 Pid  23179 on   c198-072 device  3 [0x83] Quadro RTX 5000
The MSCCL XML file exists: /home1/09168/ldai1/ccl-build/msccl_tools_lyd/examples/xml/xml_lyd/binary_tree/allreduce_binary_tree_4ch_2tree_64chunk_16node_64gpu.xml
c196-042:26234:26234 [0] NCCL INFO Bootstrap : Using ib0:192.168.44.108<0>
c196-042:26234:26234 [0] NCCL INFO NET/Plugin : No plugin found (libnccl-net.so), using internal implementation
c196-042:26234:26234 [0] NCCL INFO NET/IB : Using [0]mlx4_0:1/IB [RO]; OOB ib0:192.168.44.108<0>
c196-042:26234:26234 [0] NCCL INFO Using network IB
NCCL version 2.12.12.MSCCL.0.7.4+cuda11.3
c196-042:26236:26236 [2] NCCL INFO Bootstrap : Using ib0:192.168.44.108<0>
c196-042:26236:26236 [2] NCCL INFO NET/Plugin : No plugin found (libnccl-net.so), using internal implementation
c196-042:26236:26236 [2] NCCL INFO NET/IB : Using [0]mlx4_0:1/IB [RO]; OOB ib0:192.168.44.108<0>
c196-042:26236:26236 [2] NCCL INFO Using network IB
c196-042:26237:26237 [3] NCCL INFO Bootstrap : Using ib0:192.168.44.108<0>
c196-042:26237:26237 [3] NCCL INFO NET/Plugin : No plugin found (libnccl-net.so), using internal implementation
c196-042:26237:26237 [3] NCCL INFO NET/IB : Using [0]mlx4_0:1/IB [RO]; OOB ib0:192.168.44.108<0>
c196-042:26237:26237 [3] NCCL INFO Using network IB
c196-042:26235:26235 [1] NCCL INFO Bootstrap : Using ib0:192.168.44.108<0>
c196-042:26235:26235 [1] NCCL INFO NET/Plugin : No plugin found (libnccl-net.so), using internal implementation
c196-042:26235:26235 [1] NCCL INFO NET/IB : Using [0]mlx4_0:1/IB [RO]; OOB ib0:192.168.44.108<0>
c196-042:26235:26235 [1] NCCL INFO Using network IB
c198-052:20715:20715 [2] NCCL INFO Bootstrap : Using ib0:192.168.44.154<0>
c198-052:20715:20715 [2] NCCL INFO NET/Plugin : No plugin found (libnccl-net.so), using internal implementation
c198-052:20715:20715 [2] NCCL INFO NET/IB : Using [0]mlx4_0:1/IB [RO]; OOB ib0:192.168.44.154<0>
c198-052:20715:20715 [2] NCCL INFO Using network IB
c198-012:16465:16465 [1] NCCL INFO Bootstrap : Using ib0:192.168.44.146<0>
c198-012:16465:16465 [1] NCCL INFO NET/Plugin : No plugin found (libnccl-net.so), using internal implementation
c198-072:23176:23176 [0] NCCL INFO Bootstrap : Using ib0:192.168.44.158<0>
c198-072:23176:23176 [0] NCCL INFO NET/Plugin : No plugin found (libnccl-net.so), using internal implementation
c198-051:22765:22765 [2] NCCL INFO Bootstrap : Using ib0:192.168.44.153<0>
c198-051:22765:22765 [2] NCCL INFO NET/Plugin : No plugin found (libnccl-net.so), using internal implementation
c198-012:16465:16465 [1] NCCL INFO NET/IB : Using [0]mlx4_0:1/IB [RO]; OOB ib0:192.168.44.146<0>
c198-012:16465:16465 [1] NCCL INFO Using network IB
c198-072:23176:23176 [0] NCCL INFO NET/IB : Using [0]mlx4_0:1/IB [RO]; OOB ib0:192.168.44.158<0>
c198-072:23176:23176 [0] NCCL INFO Using network IB
c198-051:22765:22765 [2] NCCL INFO NET/IB : Using [0]mlx4_0:1/IB [RO]; OOB ib0:192.168.44.153<0>
c198-051:22765:22765 [2] NCCL INFO Using network IB
c198-021:28398:28398 [1] NCCL INFO Bootstrap : Using ib0:192.168.44.147<0>
c198-021:28399:28399 [2] NCCL INFO Bootstrap : Using ib0:192.168.44.147<0>
c198-021:28400:28400 [3] NCCL INFO Bootstrap : Using ib0:192.168.44.147<0>
c198-021:28397:28397 [0] NCCL INFO Bootstrap : Using ib0:192.168.44.147<0>
c198-021:28399:28399 [2] NCCL INFO NET/Plugin : No plugin found (libnccl-net.so), using internal implementation
c198-021:28400:28400 [3] NCCL INFO NET/Plugin : No plugin found (libnccl-net.so), using internal implementation
c198-021:28397:28397 [0] NCCL INFO NET/Plugin : No plugin found (libnccl-net.so), using internal implementation
c198-021:28398:28398 [1] NCCL INFO NET/Plugin : No plugin found (libnccl-net.so), using internal implementation
c198-061:13360:13360 [2] NCCL INFO Bootstrap : Using ib0:192.168.44.155<0>
c198-072:23178:23178 [2] NCCL INFO Bootstrap : Using ib0:192.168.44.158<0>
c198-061:13361:13361 [3] NCCL INFO Bootstrap : Using ib0:192.168.44.155<0>
c198-072:23179:23179 [3] NCCL INFO Bootstrap : Using ib0:192.168.44.158<0>
c198-072:23178:23178 [2] NCCL INFO NET/Plugin : No plugin found (libnccl-net.so), using internal implementation
c198-061:13360:13360 [2] NCCL INFO NET/Plugin : No plugin found (libnccl-net.so), using internal implementation
c198-072:23179:23179 [3] NCCL INFO NET/Plugin : No plugin found (libnccl-net.so), using internal implementation
c198-012:16466:16466 [2] NCCL INFO Bootstrap : Using ib0:192.168.44.146<0>
c198-061:13361:13361 [3] NCCL INFO NET/Plugin : No plugin found (libnccl-net.so), using internal implementation
c198-012:16467:16467 [3] NCCL INFO Bootstrap : Using ib0:192.168.44.146<0>
c198-012:16466:16466 [2] NCCL INFO NET/Plugin : No plugin found (libnccl-net.so), using internal implementation
c198-012:16467:16467 [3] NCCL INFO NET/Plugin : No plugin found (libnccl-net.so), using internal implementation
c198-021:28397:28397 [0] NCCL INFO NET/IB : Using [0]mlx4_0:1/IB [RO]; OOB ib0:192.168.44.147<0>
c198-021:28397:28397 [0] NCCL INFO Using network IB
c198-021:28399:28399 [2] NCCL INFO NET/IB : Using [0]mlx4_0:1/IB [RO]; OOB ib0:192.168.44.147<0>
c198-021:28399:28399 [2] NCCL INFO Using network IB
c198-021:28398:28398 [1] NCCL INFO NET/IB : Using [0]mlx4_0:1/IB [RO]; OOB ib0:192.168.44.147<0>
c198-021:28398:28398 [1] NCCL INFO Using network IB
c198-021:28400:28400 [3] NCCL INFO NET/IB : Using [0]mlx4_0:1/IB [RO]; OOB ib0:192.168.44.147<0>
c198-021:28400:28400 [3] NCCL INFO Using network IB
c198-011:19413:19413 [2] NCCL INFO Bootstrap : Using ib0:192.168.44.145<0>
c198-011:19413:19413 [2] NCCL INFO NET/Plugin : No plugin found (libnccl-net.so), using internal implementation
c198-031:28801:28801 [2] NCCL INFO Bootstrap : Using ib0:192.168.44.149<0>
c198-031:28802:28802 [3] NCCL INFO Bootstrap : Using ib0:192.168.44.149<0>
c198-031:28801:28801 [2] NCCL INFO NET/Plugin : No plugin found (libnccl-net.so), using internal implementation
c198-031:28802:28802 [3] NCCL INFO NET/Plugin : No plugin found (libnccl-net.so), using internal implementation
c198-072:23179:23179 [3] NCCL INFO NET/IB : Using [0]mlx4_0:1/IB [RO]; OOB ib0:192.168.44.158<0>
c198-072:23179:23179 [3] NCCL INFO Using network IB
c198-072:23178:23178 [2] NCCL INFO NET/IB : Using [0]mlx4_0:1/IB [RO]; OOB ib0:192.168.44.158<0>
c198-072:23178:23178 [2] NCCL INFO Using network IB
c198-012:16467:16467 [3] NCCL INFO NET/IB : Using [0]mlx4_0:1/IB [RO]; OOB ib0:192.168.44.146<0>
c198-012:16467:16467 [3] NCCL INFO Using network IB
c198-061:13360:13360 [2] NCCL INFO NET/IB : Using [0]mlx4_0:1/IB [RO]; OOB ib0:192.168.44.155<0>
c198-061:13360:13360 [2] NCCL INFO Using network IB
c198-012:16466:16466 [2] NCCL INFO NET/IB : Using [0]mlx4_0:1/IB [RO]; OOB ib0:192.168.44.146<0>
c198-012:16466:16466 [2] NCCL INFO Using network IB
c198-061:13361:13361 [3] NCCL INFO NET/IB : Using [0]mlx4_0:1/IB [RO]; OOB ib0:192.168.44.155<0>
c198-061:13361:13361 [3] NCCL INFO Using network IB
c198-011:19413:19413 [2] NCCL INFO NET/IB : Using [0]mlx4_0:1/IB [RO]; OOB ib0:192.168.44.145<0>
c198-011:19413:19413 [2] NCCL INFO Using network IB
c198-062:31961:31961 [2] NCCL INFO Bootstrap : Using ib0:192.168.44.156<0>
c198-062:31961:31961 [2] NCCL INFO NET/Plugin : No plugin found (libnccl-net.so), using internal implementation
c198-041:9793:9793 [3] NCCL INFO Bootstrap : Using ib0:192.168.44.151<0>
c198-041:9792:9792 [2] NCCL INFO Bootstrap : Using ib0:192.168.44.151<0>
c198-041:9792:9792 [2] NCCL INFO NET/Plugin : No plugin found (libnccl-net.so), using internal implementation
c198-041:9793:9793 [3] NCCL INFO NET/Plugin : No plugin found (libnccl-net.so), using internal implementation
c198-031:28801:28801 [2] NCCL INFO NET/IB : Using [0]mlx4_0:1/IB [RO]; OOB ib0:192.168.44.149<0>
c198-031:28801:28801 [2] NCCL INFO Using network IB
c198-031:28802:28802 [3] NCCL INFO NET/IB : Using [0]mlx4_0:1/IB [RO]; OOB ib0:192.168.44.149<0>
c198-031:28802:28802 [3] NCCL INFO Using network IB
c198-062:31961:31961 [2] NCCL INFO NET/IB : Using [0]mlx4_0:1/IB [RO]; OOB ib0:192.168.44.156<0>
c198-062:31961:31961 [2] NCCL INFO Using network IB
c198-062:31960:31960 [1] NCCL INFO Bootstrap : Using ib0:192.168.44.156<0>
c198-062:31960:31960 [1] NCCL INFO NET/Plugin : No plugin found (libnccl-net.so), using internal implementation
c198-061:13359:13359 [1] NCCL INFO Bootstrap : Using ib0:192.168.44.155<0>
c198-061:13358:13358 [0] NCCL INFO Bootstrap : Using ib0:192.168.44.155<0>
c198-061:13358:13358 [0] NCCL INFO NET/Plugin : No plugin found (libnccl-net.so), using internal implementation
c198-061:13359:13359 [1] NCCL INFO NET/Plugin : No plugin found (libnccl-net.so), using internal implementation
c198-012:16464:16464 [0] NCCL INFO Bootstrap : Using ib0:192.168.44.146<0>
c198-012:16464:16464 [0] NCCL INFO NET/Plugin : No plugin found (libnccl-net.so), using internal implementation
c198-011:19414:19414 [3] NCCL INFO Bootstrap : Using ib0:192.168.44.145<0>
c198-011:19414:19414 [3] NCCL INFO NET/Plugin : No plugin found (libnccl-net.so), using internal implementation
c198-071:29570:29570 [1] NCCL INFO Bootstrap : Using ib0:192.168.44.157<0>
c198-071:29571:29571 [2] NCCL INFO Bootstrap : Using ib0:192.168.44.157<0>
c198-071:29572:29572 [3] NCCL INFO Bootstrap : Using ib0:192.168.44.157<0>
c198-071:29569:29569 [0] NCCL INFO Bootstrap : Using ib0:192.168.44.157<0>
c198-071:29571:29571 [2] NCCL INFO NET/Plugin : No plugin found (libnccl-net.so), using internal implementation
c198-071:29572:29572 [3] NCCL INFO NET/Plugin : No plugin found (libnccl-net.so), using internal implementation
c198-071:29569:29569 [0] NCCL INFO NET/Plugin : No plugin found (libnccl-net.so), using internal implementation
c198-052:20713:20713 [0] NCCL INFO Bootstrap : Using ib0:192.168.44.154<0>
c198-071:29570:29570 [1] NCCL INFO NET/Plugin : No plugin found (libnccl-net.so), using internal implementation
c198-052:20714:20714 [1] NCCL INFO Bootstrap : Using ib0:192.168.44.154<0>
c198-052:20713:20713 [0] NCCL INFO NET/Plugin : No plugin found (libnccl-net.so), using internal implementation
c198-052:20714:20714 [1] NCCL INFO NET/Plugin : No plugin found (libnccl-net.so), using internal implementation
c198-012:16464:16464 [0] NCCL INFO NET/IB : Using [0]mlx4_0:1/IB [RO]; OOB ib0:192.168.44.146<0>
c198-012:16464:16464 [0] NCCL INFO Using network IB
c198-061:13359:13359 [1] NCCL INFO NET/IB : Using [0]mlx4_0:1/IB [RO]; OOB ib0:192.168.44.155<0>
c198-061:13359:13359 [1] NCCL INFO Using network IB
c198-062:31959:31959 [0] NCCL INFO Bootstrap : Using ib0:192.168.44.156<0>
c198-061:13358:13358 [0] NCCL INFO NET/IB : Using [0]mlx4_0:1/IB [RO]; OOB ib0:192.168.44.155<0>
c198-061:13358:13358 [0] NCCL INFO Using network IB
c198-062:31962:31962 [3] NCCL INFO Bootstrap : Using ib0:192.168.44.156<0>
c198-062:31959:31959 [0] NCCL INFO NET/Plugin : No plugin found (libnccl-net.so), using internal implementation
c198-062:31962:31962 [3] NCCL INFO NET/Plugin : No plugin found (libnccl-net.so), using internal implementation
c198-041:9790:9790 [0] NCCL INFO Bootstrap : Using ib0:192.168.44.151<0>
c198-041:9791:9791 [1] NCCL INFO Bootstrap : Using ib0:192.168.44.151<0>
c198-041:9790:9790 [0] NCCL INFO NET/Plugin : No plugin found (libnccl-net.so), using internal implementation
c198-041:9791:9791 [1] NCCL INFO NET/Plugin : No plugin found (libnccl-net.so), using internal implementation
c198-062:31960:31960 [1] NCCL INFO NET/IB : Using [0]mlx4_0:1/IB [RO]; OOB ib0:192.168.44.156<0>
c198-062:31960:31960 [1] NCCL INFO Using network IB
c198-041:9793:9793 [3] NCCL INFO NET/IB : Using [0]mlx4_0:1/IB [RO]; OOB ib0:192.168.44.151<0>
c198-041:9793:9793 [3] NCCL INFO Using network IB
c198-041:9792:9792 [2] NCCL INFO NET/IB : Using [0]mlx4_0:1/IB [RO]; OOB ib0:192.168.44.151<0>
c198-041:9792:9792 [2] NCCL INFO Using network IB
c198-072:23177:23177 [1] NCCL INFO Bootstrap : Using ib0:192.168.44.158<0>
c198-072:23177:23177 [1] NCCL INFO NET/Plugin : No plugin found (libnccl-net.so), using internal implementation
c198-062:31959:31959 [0] NCCL INFO NET/IB : Using [0]mlx4_0:1/IB [RO]; OOB ib0:192.168.44.156<0>
c198-062:31959:31959 [0] NCCL INFO Using network IB
c198-062:31962:31962 [3] NCCL INFO NET/IB : Using [0]mlx4_0:1/IB [RO]; OOB ib0:192.168.44.156<0>
c198-062:31962:31962 [3] NCCL INFO Using network IB
c198-031:28799:28799 [0] NCCL INFO Bootstrap : Using ib0:192.168.44.149<0>
c198-031:28800:28800 [1] NCCL INFO Bootstrap : Using ib0:192.168.44.149<0>
c198-031:28799:28799 [0] NCCL INFO NET/Plugin : No plugin found (libnccl-net.so), using internal implementation
c198-041:9791:9791 [1] NCCL INFO NET/IB : Using [0]mlx4_0:1/IB [RO]; OOB ib0:192.168.44.151<0>
c198-041:9791:9791 [1] NCCL INFO Using network IB
c198-031:28800:28800 [1] NCCL INFO NET/Plugin : No plugin found (libnccl-net.so), using internal implementation
c198-041:9790:9790 [0] NCCL INFO NET/IB : Using [0]mlx4_0:1/IB [RO]; OOB ib0:192.168.44.151<0>
c198-041:9790:9790 [0] NCCL INFO Using network IB
c198-072:23177:23177 [1] NCCL INFO NET/IB : Using [0]mlx4_0:1/IB [RO]; OOB ib0:192.168.44.158<0>
c198-022:24916:24916 [2] NCCL INFO Bootstrap : Using ib0:192.168.44.148<0>
c198-072:23177:23177 [1] NCCL INFO Using network IB
c198-022:24915:24915 [1] NCCL INFO Bootstrap : Using ib0:192.168.44.148<0>
c198-022:24917:24917 [3] NCCL INFO Bootstrap : Using ib0:192.168.44.148<0>
c198-022:24916:24916 [2] NCCL INFO NET/Plugin : No plugin found (libnccl-net.so), using internal implementation
c198-022:24917:24917 [3] NCCL INFO NET/Plugin : No plugin found (libnccl-net.so), using internal implementation
c198-022:24915:24915 [1] NCCL INFO NET/Plugin : No plugin found (libnccl-net.so), using internal implementation
c198-022:24914:24914 [0] NCCL INFO Bootstrap : Using ib0:192.168.44.148<0>
c198-022:24914:24914 [0] NCCL INFO NET/Plugin : No plugin found (libnccl-net.so), using internal implementation
c198-011:19411:19411 [0] NCCL INFO Bootstrap : Using ib0:192.168.44.145<0>
c198-011:19412:19412 [1] NCCL INFO Bootstrap : Using ib0:192.168.44.145<0>
c198-011:19411:19411 [0] NCCL INFO NET/Plugin : No plugin found (libnccl-net.so), using internal implementation
c198-011:19412:19412 [1] NCCL INFO NET/Plugin : No plugin found (libnccl-net.so), using internal implementation
c198-052:20716:20716 [3] NCCL INFO Bootstrap : Using ib0:192.168.44.154<0>
c198-052:20716:20716 [3] NCCL INFO NET/Plugin : No plugin found (libnccl-net.so), using internal implementation
c198-011:19414:19414 [3] NCCL INFO NET/IB : Using [0]mlx4_0:1/IB [RO]; OOB ib0:192.168.44.145<0>
c198-011:19414:19414 [3] NCCL INFO Using network IB
c198-052:20714:20714 [1] NCCL INFO NET/IB : Using [0]mlx4_0:1/IB [RO]; OOB ib0:192.168.44.154<0>
c198-052:20714:20714 [1] NCCL INFO Using network IB
c198-052:20713:20713 [0] NCCL INFO NET/IB : Using [0]mlx4_0:1/IB [RO]; OOB ib0:192.168.44.154<0>
c198-052:20713:20713 [0] NCCL INFO Using network IB
c196-051:10987:10987 [2] NCCL INFO Bootstrap : Using ib0:192.168.44.109<0>
c196-051:10988:10988 [3] NCCL INFO Bootstrap : Using ib0:192.168.44.109<0>
c198-052:20716:20716 [3] NCCL INFO NET/IB : Using [0]mlx4_0:1/IB [RO]; OOB ib0:192.168.44.154<0>
c198-052:20716:20716 [3] NCCL INFO Using network IB
c196-051:10987:10987 [2] NCCL INFO NET/Plugin : No plugin found (libnccl-net.so), using internal implementation
c196-051:10988:10988 [3] NCCL INFO NET/Plugin : No plugin found (libnccl-net.so), using internal implementation
c198-011:19412:19412 [1] NCCL INFO NET/IB : Using [0]mlx4_0:1/IB [RO]; OOB ib0:192.168.44.145<0>
c198-011:19412:19412 [1] NCCL INFO Using network IB
c198-011:19411:19411 [0] NCCL INFO NET/IB : Using [0]mlx4_0:1/IB [RO]; OOB ib0:192.168.44.145<0>
c198-011:19411:19411 [0] NCCL INFO Using network IB
c198-031:28799:28799 [0] NCCL INFO NET/IB : Using [0]mlx4_0:1/IB [RO]; OOB ib0:192.168.44.149<0>
c198-031:28799:28799 [0] NCCL INFO Using network IB
c198-031:28800:28800 [1] NCCL INFO NET/IB : Using [0]mlx4_0:1/IB [RO]; OOB ib0:192.168.44.149<0>
c198-031:28800:28800 [1] NCCL INFO Using network IB
c198-071:29570:29570 [1] NCCL INFO NET/IB : Using [0]mlx4_0:1/IB [RO]; OOB ib0:192.168.44.157<0>
c198-071:29570:29570 [1] NCCL INFO Using network IB
c198-071:29569:29569 [0] NCCL INFO NET/IB : Using [0]mlx4_0:1/IB [RO]; OOB ib0:192.168.44.157<0>
c198-071:29569:29569 [0] NCCL INFO Using network IB
c198-042:11981:11981 [2] NCCL INFO Bootstrap : Using ib0:192.168.44.152<0>
c198-071:29571:29571 [2] NCCL INFO NET/IB : Using [0]mlx4_0:1/IB [RO]; OOB ib0:192.168.44.157<0>
c198-071:29571:29571 [2] NCCL INFO Using network IB
c198-071:29572:29572 [3] NCCL INFO NET/IB : Using [0]mlx4_0:1/IB [RO]; OOB ib0:192.168.44.157<0>
c198-071:29572:29572 [3] NCCL INFO Using network IB
c198-042:11981:11981 [2] NCCL INFO NET/Plugin : No plugin found (libnccl-net.so), using internal implementation
c196-051:10987:10987 [2] NCCL INFO NET/IB : Using [0]mlx4_0:1/IB [RO]; OOB ib0:192.168.44.109<0>
c196-051:10987:10987 [2] NCCL INFO Using network IB
c196-051:10988:10988 [3] NCCL INFO NET/IB : Using [0]mlx4_0:1/IB [RO]; OOB ib0:192.168.44.109<0>
c196-051:10988:10988 [3] NCCL INFO Using network IB
c198-022:24914:24914 [0] NCCL INFO NET/IB : Using [0]mlx4_0:1/IB [RO]; OOB ib0:192.168.44.148<0>
c198-022:24914:24914 [0] NCCL INFO Using network IB
c198-022:24916:24916 [2] NCCL INFO NET/IB : Using [0]mlx4_0:1/IB [RO]; OOB ib0:192.168.44.148<0>
c198-022:24916:24916 [2] NCCL INFO Using network IB
c198-022:24917:24917 [3] NCCL INFO NET/IB : Using [0]mlx4_0:1/IB [RO]; OOB ib0:192.168.44.148<0>
c198-022:24917:24917 [3] NCCL INFO Using network IB
c198-022:24915:24915 [1] NCCL INFO NET/IB : Using [0]mlx4_0:1/IB [RO]; OOB ib0:192.168.44.148<0>
c198-022:24915:24915 [1] NCCL INFO Using network IB
c198-032:22597:22597 [0] NCCL INFO Bootstrap : Using ib0:192.168.44.150<0>
c198-032:22598:22598 [1] NCCL INFO Bootstrap : Using ib0:192.168.44.150<0>
c198-032:22599:22599 [2] NCCL INFO Bootstrap : Using ib0:192.168.44.150<0>
c198-032:22600:22600 [3] NCCL INFO Bootstrap : Using ib0:192.168.44.150<0>
c198-032:22597:22597 [0] NCCL INFO NET/Plugin : No plugin found (libnccl-net.so), using internal implementation
c198-032:22598:22598 [1] NCCL INFO NET/Plugin : No plugin found (libnccl-net.so), using internal implementation
c198-032:22599:22599 [2] NCCL INFO NET/Plugin : No plugin found (libnccl-net.so), using internal implementation
c198-032:22600:22600 [3] NCCL INFO NET/Plugin : No plugin found (libnccl-net.so), using internal implementation
c198-042:11982:11982 [3] NCCL INFO Bootstrap : Using ib0:192.168.44.152<0>
c198-042:11980:11980 [1] NCCL INFO Bootstrap : Using ib0:192.168.44.152<0>
c198-042:11982:11982 [3] NCCL INFO NET/Plugin : No plugin found (libnccl-net.so), using internal implementation
c198-042:11980:11980 [1] NCCL INFO NET/Plugin : No plugin found (libnccl-net.so), using internal implementation
c198-042:11981:11981 [2] NCCL INFO NET/IB : Using [0]mlx4_0:1/IB [RO]; OOB ib0:192.168.44.152<0>
c198-042:11981:11981 [2] NCCL INFO Using network IB
c198-042:11982:11982 [3] NCCL INFO NET/IB : Using [0]mlx4_0:1/IB [RO]; OOB ib0:192.168.44.152<0>
c198-042:11982:11982 [3] NCCL INFO Using network IB
c198-042:11980:11980 [1] NCCL INFO NET/IB : Using [0]mlx4_0:1/IB [RO]; OOB ib0:192.168.44.152<0>
c198-042:11980:11980 [1] NCCL INFO Using network IB
c196-051:10985:10985 [0] NCCL INFO Bootstrap : Using ib0:192.168.44.109<0>
c196-051:10986:10986 [1] NCCL INFO Bootstrap : Using ib0:192.168.44.109<0>
c196-051:10985:10985 [0] NCCL INFO NET/Plugin : No plugin found (libnccl-net.so), using internal implementation
c196-051:10986:10986 [1] NCCL INFO NET/Plugin : No plugin found (libnccl-net.so), using internal implementation
c198-042:11979:11979 [0] NCCL INFO Bootstrap : Using ib0:192.168.44.152<0>
c198-042:11979:11979 [0] NCCL INFO NET/Plugin : No plugin found (libnccl-net.so), using internal implementation
c198-042:11979:11979 [0] NCCL INFO NET/IB : Using [0]mlx4_0:1/IB [RO]; OOB ib0:192.168.44.152<0>
c198-042:11979:11979 [0] NCCL INFO Using network IB
c198-032:22598:22598 [1] NCCL INFO NET/IB : Using [0]mlx4_0:1/IB [RO]; OOB ib0:192.168.44.150<0>
c198-032:22598:22598 [1] NCCL INFO Using network IB
c198-032:22600:22600 [3] NCCL INFO NET/IB : Using [0]mlx4_0:1/IB [RO]; OOB ib0:192.168.44.150<0>
c198-032:22600:22600 [3] NCCL INFO Using network IB
c198-032:22599:22599 [2] NCCL INFO NET/IB : Using [0]mlx4_0:1/IB [RO]; OOB ib0:192.168.44.150<0>
c198-032:22599:22599 [2] NCCL INFO Using network IB
c198-032:22597:22597 [0] NCCL INFO NET/IB : Using [0]mlx4_0:1/IB [RO]; OOB ib0:192.168.44.150<0>
c198-032:22597:22597 [0] NCCL INFO Using network IB
c196-051:10985:10985 [0] NCCL INFO NET/IB : Using [0]mlx4_0:1/IB [RO]; OOB ib0:192.168.44.109<0>
c196-051:10985:10985 [0] NCCL INFO Using network IB
c196-051:10986:10986 [1] NCCL INFO NET/IB : Using [0]mlx4_0:1/IB [RO]; OOB ib0:192.168.44.109<0>
c196-051:10986:10986 [1] NCCL INFO Using network IB
c198-051:22763:22763 [0] NCCL INFO Bootstrap : Using ib0:192.168.44.153<0>
c198-051:22764:22764 [1] NCCL INFO Bootstrap : Using ib0:192.168.44.153<0>
c198-051:22766:22766 [3] NCCL INFO Bootstrap : Using ib0:192.168.44.153<0>
c198-051:22763:22763 [0] NCCL INFO NET/Plugin : No plugin found (libnccl-net.so), using internal implementation
c198-051:22764:22764 [1] NCCL INFO NET/Plugin : No plugin found (libnccl-net.so), using internal implementation
c198-051:22766:22766 [3] NCCL INFO NET/Plugin : No plugin found (libnccl-net.so), using internal implementation
c198-051:22763:22763 [0] NCCL INFO NET/IB : Using [0]mlx4_0:1/IB [RO]; OOB ib0:192.168.44.153<0>
c198-051:22763:22763 [0] NCCL INFO Using network IB
c198-051:22764:22764 [1] NCCL INFO NET/IB : Using [0]mlx4_0:1/IB [RO]; OOB ib0:192.168.44.153<0>
c198-051:22764:22764 [1] NCCL INFO Using network IB
c198-051:22766:22766 [3] NCCL INFO NET/IB : Using [0]mlx4_0:1/IB [RO]; OOB ib0:192.168.44.153<0>
c198-051:22766:22766 [3] NCCL INFO Using network IB
c196-042:26234:26287 [0] NCCL INFO Setting affinity for GPU 0 to 0f000f
c198-071:29572:29630 [3] NCCL INFO Setting affinity for GPU 3 to f000f000
c198-061:13361:13413 [3] NCCL INFO Setting affinity for GPU 3 to f000f000
c198-032:22600:22653 [3] NCCL INFO Setting affinity for GPU 3 to f000f000
c198-031:28802:28854 [3] NCCL INFO Setting affinity for GPU 3 to f000f000
c196-051:10988:11042 [3] NCCL INFO Setting affinity for GPU 3 to f000f000
c198-011:19414:19466 [3] NCCL INFO Setting affinity for GPU 3 to f000f000
c198-012:16467:16521 [3] NCCL INFO Setting affinity for GPU 3 to f000f000
c198-041:9793:9844 [3] NCCL INFO Setting affinity for GPU 3 to f000f000
c198-052:20716:20772 [3] NCCL INFO Setting affinity for GPU 3 to f000f000
c198-042:11982:12034 [3] NCCL INFO Setting affinity for GPU 3 to f000f000
c198-022:24917:24972 [3] NCCL INFO Setting affinity for GPU 3 to f000f000
c198-021:28400:28455 [3] NCCL INFO Setting affinity for GPU 3 to f000f000
c198-072:23179:23234 [3] NCCL INFO Setting affinity for GPU 3 to f000f000
c198-062:31962:32018 [3] NCCL INFO Setting affinity for GPU 3 to f000f000
c198-051:22766:22822 [3] NCCL INFO Setting affinity for GPU 3 to f000f000
c196-042:26236:26293 [2] NCCL INFO Setting affinity for GPU 2 to 0f000f00
c196-042:26235:26297 [1] NCCL INFO Setting affinity for GPU 1 to f000f0
c196-042:26237:26295 [3] NCCL INFO Setting affinity for GPU 3 to f000f000
c198-061:13360:13412 [2] NCCL INFO Setting affinity for GPU 2 to 0f000f00
c198-062:31961:32012 [2] NCCL INFO Setting affinity for GPU 2 to 0f000f00
c198-051:22764:22821 [1] NCCL INFO Setting affinity for GPU 1 to f000f0
c198-051:22765:22816 [2] NCCL INFO Setting affinity for GPU 2 to 0f000f00
c198-042:11979:12038 [0] NCCL INFO Setting affinity for GPU 0 to 0f000f
c198-072:23176:23231 [0] NCCL INFO Setting affinity for GPU 0 to 0f000f
c198-022:24914:24968 [0] NCCL INFO Setting affinity for GPU 0 to 0f000f
c198-041:9790:9849 [0] NCCL INFO Setting affinity for GPU 0 to 0f000f
c198-072:23178:23235 [2] NCCL INFO Setting affinity for GPU 2 to 0f000f00
c198-031:28799:28857 [0] NCCL INFO Setting affinity for GPU 0 to 0f000f
c198-042:11980:12036 [1] NCCL INFO Setting affinity for GPU 1 to f000f0
c198-041:9792:9845 [2] NCCL INFO Setting affinity for GPU 2 to 0f000f00
c198-021:28398:28454 [1] NCCL INFO Setting affinity for GPU 1 to f000f0
c198-061:13359:13416 [1] NCCL INFO Setting affinity for GPU 1 to f000f0
c198-022:24916:24971 [2] NCCL INFO Setting affinity for GPU 2 to 0f000f00
c198-022:24915:24974 [1] NCCL INFO Setting affinity for GPU 1 to f000f0
c198-032:22597:22656 [0] NCCL INFO Setting affinity for GPU 0 to 0f000f
c198-061:13358:13417 [0] NCCL INFO Setting affinity for GPU 0 to 0f000f
c198-021:28399:28456 [2] NCCL INFO Setting affinity for GPU 2 to 0f000f00
c198-062:31959:32017 [0] NCCL INFO Setting affinity for GPU 0 to 0f000f
c198-031:28801:28853 [2] NCCL INFO Setting affinity for GPU 2 to 0f000f00
c198-071:29570:29624 [1] NCCL INFO Setting affinity for GPU 1 to f000f0
c198-012:16465:16518 [1] NCCL INFO Setting affinity for GPU 1 to f000f0
c198-041:9791:9848 [1] NCCL INFO Setting affinity for GPU 1 to f000f0
c198-052:20714:20769 [1] NCCL INFO Setting affinity for GPU 1 to f000f0
c198-032:22598:22652 [1] NCCL INFO Setting affinity for GPU 1 to f000f0
c198-032:22599:22654 [2] NCCL INFO Setting affinity for GPU 2 to 0f000f00
c198-011:19413:19464 [2] NCCL INFO Setting affinity for GPU 2 to 0f000f00
c198-012:16464:16524 [0] NCCL INFO Setting affinity for GPU 0 to 0f000f
c198-011:19412:19469 [1] NCCL INFO Setting affinity for GPU 1 to f000f0
c198-072:23177:23237 [1] NCCL INFO Setting affinity for GPU 1 to f000f0
c198-042:11981:12032 [2] NCCL INFO Setting affinity for GPU 2 to 0f000f00
c198-062:31960:32014 [1] NCCL INFO Setting affinity for GPU 1 to f000f0
c198-052:20715:20766 [2] NCCL INFO Setting affinity for GPU 2 to 0f000f00
c198-051:22763:22819 [0] NCCL INFO Setting affinity for GPU 0 to 0f000f
c198-071:29569:29627 [0] NCCL INFO Setting affinity for GPU 0 to 0f000f
c198-021:28397:28451 [0] NCCL INFO Setting affinity for GPU 0 to 0f000f
c198-031:28800:28858 [1] NCCL INFO Setting affinity for GPU 1 to f000f0
c198-012:16466:16522 [2] NCCL INFO Setting affinity for GPU 2 to 0f000f00
c198-071:29571:29629 [2] NCCL INFO Setting affinity for GPU 2 to 0f000f00
c198-052:20713:20770 [0] NCCL INFO Setting affinity for GPU 0 to 0f000f
c196-051:10985:11045 [0] NCCL INFO Setting affinity for GPU 0 to 0f000f
c198-011:19411:19470 [0] NCCL INFO Setting affinity for GPU 0 to 0f000f
c196-051:10987:11041 [2] NCCL INFO Setting affinity for GPU 2 to 0f000f00
c196-051:10986:11046 [1] NCCL INFO Setting affinity for GPU 1 to f000f0
c196-042:26236:26293 [2] NCCL INFO Trees [0] 3/-1/-1->2->1 [1] 3/-1/-1->2->1
c196-051:10987:11041 [2] NCCL INFO Trees [0] 7/-1/-1->6->5 [1] 7/-1/-1->6->5
c196-042:26237:26295 [3] NCCL INFO Trees [0] -1/-1/-1->3->2 [1] -1/-1/-1->3->2
c196-051:10986:11046 [1] NCCL INFO Trees [0] 6/-1/-1->5->4 [1] 6/8/-1->5->4
c196-042:26234:26287 [0] NCCL INFO Channel 00/02 :    0   1   2   3   4   5   6   7   8   9  10  11  12  13  14  15  16  17  18  19
c196-051:10985:11045 [0] NCCL INFO Trees [0] 5/-1/-1->4->9 [1] 5/0/-1->4->12
c196-042:26235:26297 [1] NCCL INFO Trees [0] 2/-1/-1->1->0 [1] 2/-1/-1->1->0
c198-072:23179:23234 [3] NCCL INFO Trees [0] -1/-1/-1->63->62 [1] -1/-1/-1->63->62
c196-051:10988:11042 [3] NCCL INFO Trees [0] -1/-1/-1->7->6 [1] -1/-1/-1->7->6
c196-042:26234:26287 [0] NCCL INFO Channel 01/02 :    0   1   2   3   4   5   6   7   8   9  10  11  12  13  14  15  16  17  18  19
c196-042:26234:26287 [0] NCCL INFO Trees [0] 1/32/-1->0->-1 [1] 1/-1/-1->0->4
c198-072:23178:23235 [2] NCCL INFO Trees [0] 63/-1/-1->62->61 [1] 63/-1/-1->62->61
c198-071:29571:29629 [2] NCCL INFO Trees [0] 59/-1/-1->58->57 [1] 59/-1/-1->58->57
c198-072:23177:23237 [1] NCCL INFO Trees [0] 62/-1/-1->61->60 [1] 62/-1/-1->61->60
c198-011:19411:19470 [0] NCCL INFO Trees [0] 9/12/-1->8->17 [1] 9/-1/-1->8->5
c198-071:29572:29630 [3] NCCL INFO Trees [0] -1/-1/-1->59->58 [1] -1/-1/-1->59->58
c198-072:23176:23231 [0] NCCL INFO Trees [0] 61/-1/-1->60->56 [1] 61/28/-1->60->-1
c198-012:16464:16524 [0] NCCL INFO Trees [0] 13/-1/-1->12->8 [1] 13/4/-1->12->28
c198-052:20716:20772 [3] NCCL INFO Trees [0] -1/-1/-1->47->46 [1] -1/-1/-1->47->46
c198-062:31960:32014 [1] NCCL INFO Trees [0] 54/-1/-1->53->52 [1] 54/56/-1->53->52
c198-011:19412:19469 [1] NCCL INFO Trees [0] 10/4/-1->9->8 [1] 10/-1/-1->9->8
c198-031:28802:28854 [3] NCCL INFO Trees [0] -1/-1/-1->27->26 [1] -1/-1/-1->27->26
c198-071:29570:29624 [1] NCCL INFO Trees [0] 58/52/-1->57->56 [1] 58/-1/-1->57->56
c198-061:13360:13412 [2] NCCL INFO Trees [0] 51/-1/-1->50->49 [1] 51/-1/-1->50->49
c198-032:22599:22654 [2] NCCL INFO Trees [0] 31/-1/-1->30->29 [1] 31/-1/-1->30->29
c198-021:28398:28454 [1] NCCL INFO Trees [0] 18/8/-1->17->16 [1] 18/-1/-1->17->16
c198-052:20715:20766 [2] NCCL INFO Trees [0] 47/-1/-1->46->45 [1] 47/-1/-1->46->45
c198-062:31961:32012 [2] NCCL INFO Trees [0] 55/-1/-1->54->53 [1] 55/-1/-1->54->53
c198-051:22764:22821 [1] NCCL INFO Trees [0] 42/36/-1->41->40 [1] 42/-1/-1->41->40
c198-011:19413:19464 [2] NCCL INFO Trees [0] 11/-1/-1->10->9 [1] 11/-1/-1->10->9
c198-031:28801:28853 [2] NCCL INFO Trees [0] 27/-1/-1->26->25 [1] 27/-1/-1->26->25
c198-071:29569:29627 [0] NCCL INFO Trees [0] 57/60/-1->56->48 [1] 57/-1/-1->56->53
c198-041:9790:9849 [0] NCCL INFO Trees [0] 33/48/-1->32->0 [1] 33/-1/-1->32->36
c198-061:13361:13413 [3] NCCL INFO Trees [0] -1/-1/-1->51->50 [1] -1/-1/-1->51->50
c198-022:24916:24971 [2] NCCL INFO Trees [0] 23/-1/-1->22->21 [1] 23/-1/-1->22->21
c198-032:22600:22653 [3] NCCL INFO Trees [0] -1/-1/-1->31->30 [1] -1/-1/-1->31->30
c198-021:28399:28456 [2] NCCL INFO Trees [0] 19/-1/-1->18->17 [1] 19/-1/-1->18->17
c198-012:16466:16522 [2] NCCL INFO Trees [0] 15/-1/-1->14->13 [1] 15/-1/-1->14->13
c198-052:20713:20770 [0] NCCL INFO Trees [0] 45/-1/-1->44->40 [1] 45/36/-1->44->29
c198-062:31962:32018 [3] NCCL INFO Trees [0] -1/-1/-1->55->54 [1] -1/-1/-1->55->54
c198-051:22765:22816 [2] NCCL INFO Trees [0] 43/-1/-1->42->41 [1] 43/-1/-1->42->41
c198-011:19414:19466 [3] NCCL INFO Trees [0] -1/-1/-1->11->10 [1] -1/-1/-1->11->10
c198-031:28800:28858 [1] NCCL INFO Trees [0] 26/20/-1->25->24 [1] 26/-1/-1->25->24
c198-042:11979:12038 [0] NCCL INFO Trees [0] 37/-1/-1->36->41 [1] 37/32/-1->36->44
c198-041:9791:9848 [1] NCCL INFO Trees [0] 34/16/-1->33->32 [1] 34/-1/-1->33->32
c198-061:13359:13416 [1] NCCL INFO Trees [0] 50/40/-1->49->48 [1] 50/-1/-1->49->48
c198-022:24917:24972 [3] NCCL INFO Trees [0] -1/-1/-1->23->22 [1] -1/-1/-1->23->22
c198-032:22597:22656 [0] NCCL INFO Trees [0] 29/-1/-1->28->24 [1] 29/12/-1->28->60
c198-021:28400:28455 [3] NCCL INFO Trees [0] -1/-1/-1->19->18 [1] -1/-1/-1->19->18
c198-012:16465:16518 [1] NCCL INFO Trees [0] 14/-1/-1->13->12 [1] 14/20/-1->13->12
c198-052:20714:20769 [1] NCCL INFO Trees [0] 46/-1/-1->45->44 [1] 46/52/-1->45->44
c198-062:31959:32017 [0] NCCL INFO Trees [0] 53/-1/-1->52->57 [1] 53/48/-1->52->45
c198-051:22766:22822 [3] NCCL INFO Trees [0] -1/-1/-1->43->42 [1] -1/-1/-1->43->42
c198-031:28799:28857 [0] NCCL INFO Trees [0] 25/28/-1->24->16 [1] 25/-1/-1->24->21
c198-042:11980:12036 [1] NCCL INFO Trees [0] 38/-1/-1->37->36 [1] 38/40/-1->37->36
c198-041:9793:9844 [3] NCCL INFO Trees [0] -1/-1/-1->35->34 [1] -1/-1/-1->35->34
c198-061:13358:13417 [0] NCCL INFO Trees [0] 49/56/-1->48->32 [1] 49/-1/-1->48->52
c198-022:24914:24968 [0] NCCL INFO Trees [0] 21/-1/-1->20->25 [1] 21/16/-1->20->13
c198-032:22598:22652 [1] NCCL INFO Trees [0] 30/-1/-1->29->28 [1] 30/44/-1->29->28
c198-021:28397:28451 [0] NCCL INFO Trees [0] 17/24/-1->16->33 [1] 17/-1/-1->16->20
c198-012:16467:16521 [3] NCCL INFO Trees [0] -1/-1/-1->15->14 [1] -1/-1/-1->15->14
c198-051:22763:22819 [0] NCCL INFO Trees [0] 41/44/-1->40->49 [1] 41/-1/-1->40->37
c198-042:11981:12032 [2] NCCL INFO Trees [0] 39/-1/-1->38->37 [1] 39/-1/-1->38->37
c198-041:9792:9845 [2] NCCL INFO Trees [0] 35/-1/-1->34->33 [1] 35/-1/-1->34->33
c198-022:24915:24974 [1] NCCL INFO Trees [0] 22/-1/-1->21->20 [1] 22/24/-1->21->20
c198-042:11982:12034 [3] NCCL INFO Trees [0] -1/-1/-1->39->38 [1] -1/-1/-1->39->38
c198-072:23176:23231 [0] NCCL INFO Channel 00/0 : 59[83000] -> 60[2000] [receive] via NET/IB/0
c196-051:10985:11045 [0] NCCL INFO Channel 00/0 : 3[83000] -> 4[2000] [receive] via NET/IB/0
c196-042:26234:26287 [0] NCCL INFO Channel 00/0 : 63[83000] -> 0[2000] [receive] via NET/IB/0
c198-012:16464:16524 [0] NCCL INFO Channel 00/0 : 11[83000] -> 12[2000] [receive] via NET/IB/0
c198-071:29569:29627 [0] NCCL INFO Channel 00/0 : 55[83000] -> 56[2000] [receive] via NET/IB/0
c198-061:13358:13417 [0] NCCL INFO Channel 00/0 : 47[83000] -> 48[2000] [receive] via NET/IB/0
c198-022:24914:24968 [0] NCCL INFO Channel 00/0 : 19[83000] -> 20[2000] [receive] via NET/IB/0
c198-031:28799:28857 [0] NCCL INFO Channel 00/0 : 23[83000] -> 24[2000] [receive] via NET/IB/0
c198-052:20713:20770 [0] NCCL INFO Channel 00/0 : 43[83000] -> 44[2000] [receive] via NET/IB/0
c198-032:22597:22656 [0] NCCL INFO Channel 00/0 : 27[83000] -> 28[2000] [receive] via NET/IB/0
c198-041:9790:9849 [0] NCCL INFO Channel 00/0 : 31[83000] -> 32[2000] [receive] via NET/IB/0
c198-042:11979:12038 [0] NCCL INFO Channel 00/0 : 35[83000] -> 36[2000] [receive] via NET/IB/0
c198-062:31959:32017 [0] NCCL INFO Channel 00/0 : 51[83000] -> 52[2000] [receive] via NET/IB/0
c198-051:22763:22819 [0] NCCL INFO Channel 00/0 : 39[83000] -> 40[2000] [receive] via NET/IB/0
c198-021:28397:28451 [0] NCCL INFO Channel 00/0 : 15[83000] -> 16[2000] [receive] via NET/IB/0
c198-011:19411:19470 [0] NCCL INFO Channel 00/0 : 7[83000] -> 8[2000] [receive] via NET/IB/0
c198-071:29571:29629 [2] NCCL INFO Channel 00 : 58[82000] -> 59[83000] via direct shared memory
c198-071:29571:29629 [2] NCCL INFO Channel 01 : 58[82000] -> 59[83000] via direct shared memory
c196-051:10987:11041 [2] NCCL INFO Channel 00 : 6[82000] -> 7[83000] via direct shared memory
c196-051:10987:11041 [2] NCCL INFO Channel 01 : 6[82000] -> 7[83000] via direct shared memory
c198-061:13360:13412 [2] NCCL INFO Channel 00 : 50[82000] -> 51[83000] via direct shared memory
c198-061:13360:13412 [2] NCCL INFO Channel 01 : 50[82000] -> 51[83000] via direct shared memory
c198-052:20715:20766 [2] NCCL INFO Channel 00 : 46[82000] -> 47[83000] via direct shared memory
c198-052:20715:20766 [2] NCCL INFO Channel 01 : 46[82000] -> 47[83000] via direct shared memory
c198-071:29570:29624 [1] NCCL INFO Channel 00 : 57[3000] -> 58[82000] via direct shared memory
c198-032:22599:22654 [2] NCCL INFO Channel 00 : 30[82000] -> 31[83000] via direct shared memory
c198-021:28399:28456 [2] NCCL INFO Channel 00 : 18[82000] -> 19[83000] via direct shared memory
c198-042:11981:12032 [2] NCCL INFO Channel 00 : 38[82000] -> 39[83000] via direct shared memory
c198-062:31961:32012 [2] NCCL INFO Channel 00 : 54[82000] -> 55[83000] via direct shared memory
c198-072:23178:23235 [2] NCCL INFO Channel 00 : 62[82000] -> 63[83000] via direct shared memory
c198-021:28399:28456 [2] NCCL INFO Channel 01 : 18[82000] -> 19[83000] via direct shared memory
c198-052:20714:20769 [1] NCCL INFO Channel 00 : 45[3000] -> 46[82000] via direct shared memory
c198-062:31961:32012 [2] NCCL INFO Channel 01 : 54[82000] -> 55[83000] via direct shared memory
c196-051:10986:11046 [1] NCCL INFO Channel 00 : 5[3000] -> 6[82000] via direct shared memory
c198-031:28801:28853 [2] NCCL INFO Channel 00 : 26[82000] -> 27[83000] via direct shared memory
c198-071:29570:29624 [1] NCCL INFO Channel 01 : 57[3000] -> 58[82000] via direct shared memory
c198-072:23177:23237 [1] NCCL INFO Channel 00 : 61[3000] -> 62[82000] via direct shared memory
c198-042:11981:12032 [2] NCCL INFO Channel 01 : 38[82000] -> 39[83000] via direct shared memory
c198-061:13359:13416 [1] NCCL INFO Channel 00 : 49[3000] -> 50[82000] via direct shared memory
c198-022:24916:24971 [2] NCCL INFO Channel 00 : 22[82000] -> 23[83000] via direct shared memory
c198-032:22599:22654 [2] NCCL INFO Channel 01 : 30[82000] -> 31[83000] via direct shared memory
c198-072:23178:23235 [2] NCCL INFO Channel 01 : 62[82000] -> 63[83000] via direct shared memory
c198-052:20714:20769 [1] NCCL INFO Channel 01 : 45[3000] -> 46[82000] via direct shared memory
c198-051:22765:22816 [2] NCCL INFO Channel 00 : 42[82000] -> 43[83000] via direct shared memory
c196-051:10986:11046 [1] NCCL INFO Channel 01 : 5[3000] -> 6[82000] via direct shared memory
c198-072:23177:23237 [1] NCCL INFO Channel 01 : 61[3000] -> 62[82000] via direct shared memory
c198-051:22765:22816 [2] NCCL INFO Channel 01 : 42[82000] -> 43[83000] via direct shared memory
c198-031:28800:28858 [1] NCCL INFO Channel 00 : 25[3000] -> 26[82000] via direct shared memory
c198-042:11980:12036 [1] NCCL INFO Channel 00 : 37[3000] -> 38[82000] via direct shared memory
c198-061:13359:13416 [1] NCCL INFO Channel 01 : 49[3000] -> 50[82000] via direct shared memory
c198-022:24915:24974 [1] NCCL INFO Channel 00 : 21[3000] -> 22[82000] via direct shared memory
c198-021:28398:28454 [1] NCCL INFO Channel 00 : 17[3000] -> 18[82000] via direct shared memory
c198-012:16466:16522 [2] NCCL INFO Channel 00 : 14[82000] -> 15[83000] via direct shared memory
c198-031:28801:28853 [2] NCCL INFO Channel 01 : 26[82000] -> 27[83000] via direct shared memory
c198-022:24916:24971 [2] NCCL INFO Channel 01 : 22[82000] -> 23[83000] via direct shared memory
c198-051:22764:22821 [1] NCCL INFO Channel 00 : 41[3000] -> 42[82000] via direct shared memory
c198-031:28800:28858 [1] NCCL INFO Channel 01 : 25[3000] -> 26[82000] via direct shared memory
c198-042:11980:12036 [1] NCCL INFO Channel 01 : 37[3000] -> 38[82000] via direct shared memory
c198-022:24915:24974 [1] NCCL INFO Channel 01 : 21[3000] -> 22[82000] via direct shared memory
c198-032:22598:22652 [1] NCCL INFO Channel 00 : 29[3000] -> 30[82000] via direct shared memory
c198-021:28398:28454 [1] NCCL INFO Channel 01 : 17[3000] -> 18[82000] via direct shared memory
c198-012:16465:16518 [1] NCCL INFO Channel 00 : 13[3000] -> 14[82000] via direct shared memory
c198-051:22764:22821 [1] NCCL INFO Channel 01 : 41[3000] -> 42[82000] via direct shared memory
c198-011:19413:19464 [2] NCCL INFO Channel 00 : 10[82000] -> 11[83000] via direct shared memory
c198-041:9792:9845 [2] NCCL INFO Channel 00 : 34[82000] -> 35[83000] via direct shared memory
c196-042:26236:26293 [2] NCCL INFO Channel 00 : 2[82000] -> 3[83000] via direct shared memory
c198-012:16466:16522 [2] NCCL INFO Channel 01 : 14[82000] -> 15[83000] via direct shared memory
c198-041:9791:9848 [1] NCCL INFO Channel 00 : 33[3000] -> 34[82000] via direct shared memory
c198-032:22598:22652 [1] NCCL INFO Channel 01 : 29[3000] -> 30[82000] via direct shared memory
c196-042:26235:26297 [1] NCCL INFO Channel 00 : 1[3000] -> 2[82000] via direct shared memory
c198-012:16465:16518 [1] NCCL INFO Channel 01 : 13[3000] -> 14[82000] via direct shared memory
c198-011:19412:19469 [1] NCCL INFO Channel 00 : 9[3000] -> 10[82000] via direct shared memory
c198-041:9792:9845 [2] NCCL INFO Channel 01 : 34[82000] -> 35[83000] via direct shared memory
c196-042:26236:26293 [2] NCCL INFO Channel 01 : 2[82000] -> 3[83000] via direct shared memory
c198-041:9791:9848 [1] NCCL INFO Channel 01 : 33[3000] -> 34[82000] via direct shared memory
c198-011:19413:19464 [2] NCCL INFO Channel 01 : 10[82000] -> 11[83000] via direct shared memory
c196-042:26235:26297 [1] NCCL INFO Channel 01 : 1[3000] -> 2[82000] via direct shared memory
c198-011:19412:19469 [1] NCCL INFO Channel 01 : 9[3000] -> 10[82000] via direct shared memory
c198-062:31960:32014 [1] NCCL INFO Channel 00 : 53[3000] -> 54[82000] via direct shared memory
c198-062:31960:32014 [1] NCCL INFO Channel 01 : 53[3000] -> 54[82000] via direct shared memory
c198-071:29572:29630 [3] NCCL INFO Channel 00/0 : 59[83000] -> 60[2000] [send] via NET/IB/0
c198-061:13361:13413 [3] NCCL INFO Channel 00/0 : 51[83000] -> 52[2000] [send] via NET/IB/0
c196-051:10988:11042 [3] NCCL INFO Channel 00/0 : 7[83000] -> 8[2000] [send] via NET/IB/0
c198-031:28802:28854 [3] NCCL INFO Channel 00/0 : 27[83000] -> 28[2000] [send] via NET/IB/0
c198-042:11982:12034 [3] NCCL INFO Channel 00/0 : 39[83000] -> 40[2000] [send] via NET/IB/0
c198-072:23179:23234 [3] NCCL INFO Channel 00/0 : 63[83000] -> 0[2000] [send] via NET/IB/0
c198-052:20716:20772 [3] NCCL INFO Channel 00/0 : 47[83000] -> 48[2000] [send] via NET/IB/0
c198-021:28400:28455 [3] NCCL INFO Channel 00/0 : 19[83000] -> 20[2000] [send] via NET/IB/0
c198-051:22766:22822 [3] NCCL INFO Channel 00/0 : 43[83000] -> 44[2000] [send] via NET/IB/0
c198-022:24917:24972 [3] NCCL INFO Channel 00/0 : 23[83000] -> 24[2000] [send] via NET/IB/0
c198-032:22600:22653 [3] NCCL INFO Channel 00/0 : 31[83000] -> 32[2000] [send] via NET/IB/0
c198-041:9793:9844 [3] NCCL INFO Channel 00/0 : 35[83000] -> 36[2000] [send] via NET/IB/0
c198-062:31962:32018 [3] NCCL INFO Channel 00/0 : 55[83000] -> 56[2000] [send] via NET/IB/0
c198-012:16467:16521 [3] NCCL INFO Channel 00/0 : 15[83000] -> 16[2000] [send] via NET/IB/0
c198-011:19414:19466 [3] NCCL INFO Channel 00/0 : 11[83000] -> 12[2000] [send] via NET/IB/0
c196-042:26237:26295 [3] NCCL INFO Channel 00/0 : 3[83000] -> 4[2000] [send] via NET/IB/0
c198-072:23176:23231 [0] NCCL INFO Channel 01/0 : 59[83000] -> 60[2000] [receive] via NET/IB/0
c198-031:28799:28857 [0] NCCL INFO Channel 01/0 : 23[83000] -> 24[2000] [receive] via NET/IB/0
c198-071:29569:29627 [0] NCCL INFO Channel 01/0 : 55[83000] -> 56[2000] [receive] via NET/IB/0
c198-072:23176:23231 [0] NCCL INFO Channel 00 : 60[2000] -> 61[3000] via direct shared memory
c196-042:26234:26287 [0] NCCL INFO Channel 01/0 : 63[83000] -> 0[2000] [receive] via NET/IB/0
c198-072:23176:23231 [0] NCCL INFO Channel 01 : 60[2000] -> 61[3000] via direct shared memory
c198-011:19411:19470 [0] NCCL INFO Channel 01/0 : 7[83000] -> 8[2000] [receive] via NET/IB/0
c198-031:28799:28857 [0] NCCL INFO Channel 00 : 24[2000] -> 25[3000] via direct shared memory
c198-071:29569:29627 [0] NCCL INFO Channel 00 : 56[2000] -> 57[3000] via direct shared memory
c198-062:31959:32017 [0] NCCL INFO Channel 01/0 : 51[83000] -> 52[2000] [receive] via NET/IB/0
c198-012:16464:16524 [0] NCCL INFO Channel 01/0 : 11[83000] -> 12[2000] [receive] via NET/IB/0
c198-052:20713:20770 [0] NCCL INFO Channel 01/0 : 43[83000] -> 44[2000] [receive] via NET/IB/0
c198-031:28799:28857 [0] NCCL INFO Channel 01 : 24[2000] -> 25[3000] via direct shared memory
c198-071:29569:29627 [0] NCCL INFO Channel 01 : 56[2000] -> 57[3000] via direct shared memory
c198-011:19411:19470 [0] NCCL INFO Channel 00 : 8[2000] -> 9[3000] via direct shared memory
c196-042:26234:26287 [0] NCCL INFO Channel 00 : 0[2000] -> 1[3000] via direct shared memory
c198-062:31959:32017 [0] NCCL INFO Channel 00 : 52[2000] -> 53[3000] via direct shared memory
c198-012:16464:16524 [0] NCCL INFO Channel 00 : 12[2000] -> 13[3000] via direct shared memory
c198-021:28397:28451 [0] NCCL INFO Channel 01/0 : 15[83000] -> 16[2000] [receive] via NET/IB/0
c198-052:20713:20770 [0] NCCL INFO Channel 00 : 44[2000] -> 45[3000] via direct shared memory
c198-011:19411:19470 [0] NCCL INFO Channel 01 : 8[2000] -> 9[3000] via direct shared memory
c198-022:24914:24968 [0] NCCL INFO Channel 01/0 : 19[83000] -> 20[2000] [receive] via NET/IB/0
c198-032:22597:22656 [0] NCCL INFO Channel 01/0 : 27[83000] -> 28[2000] [receive] via NET/IB/0
c196-042:26234:26287 [0] NCCL INFO Channel 01 : 0[2000] -> 1[3000] via direct shared memory
c198-062:31959:32017 [0] NCCL INFO Channel 01 : 52[2000] -> 53[3000] via direct shared memory
c196-051:10985:11045 [0] NCCL INFO Channel 01/0 : 3[83000] -> 4[2000] [receive] via NET/IB/0
c198-041:9790:9849 [0] NCCL INFO Channel 01/0 : 31[83000] -> 32[2000] [receive] via NET/IB/0
c198-061:13358:13417 [0] NCCL INFO Channel 01/0 : 47[83000] -> 48[2000] [receive] via NET/IB/0
c198-052:20713:20770 [0] NCCL INFO Channel 01 : 44[2000] -> 45[3000] via direct shared memory
c198-012:16464:16524 [0] NCCL INFO Channel 01 : 12[2000] -> 13[3000] via direct shared memory
c198-042:11979:12038 [0] NCCL INFO Channel 01/0 : 35[83000] -> 36[2000] [receive] via NET/IB/0
c198-021:28397:28451 [0] NCCL INFO Channel 00 : 16[2000] -> 17[3000] via direct shared memory
c198-051:22763:22819 [0] NCCL INFO Channel 01/0 : 39[83000] -> 40[2000] [receive] via NET/IB/0
c198-032:22597:22656 [0] NCCL INFO Channel 00 : 28[2000] -> 29[3000] via direct shared memory
c198-041:9790:9849 [0] NCCL INFO Channel 00 : 32[2000] -> 33[3000] via direct shared memory
c198-061:13358:13417 [0] NCCL INFO Channel 00 : 48[2000] -> 49[3000] via direct shared memory
c198-032:22597:22656 [0] NCCL INFO Channel 01 : 28[2000] -> 29[3000] via direct shared memory
c198-021:28397:28451 [0] NCCL INFO Channel 01 : 16[2000] -> 17[3000] via direct shared memory
c196-051:10985:11045 [0] NCCL INFO Channel 00 : 4[2000] -> 5[3000] via direct shared memory
c198-042:11979:12038 [0] NCCL INFO Channel 00 : 36[2000] -> 37[3000] via direct shared memory
c198-041:9790:9849 [0] NCCL INFO Channel 01 : 32[2000] -> 33[3000] via direct shared memory
