TACC:  Starting up job 6212447 
TACC:  Starting parallel tasks... 
# nThread 1 nGpus 1 minBytes 65536 maxBytes 268435456 step: 2(factor) warmup iters: 5 iters: 60 agg iters: 1 validation: 1 graph: 0
#
# Using devices
#  Rank  0 Group  0 Pid   6314 on   c197-101 device  0 [0x02] Quadro RTX 5000
#  Rank  1 Group  0 Pid   6315 on   c197-101 device  1 [0x03] Quadro RTX 5000
#  Rank  2 Group  0 Pid   6316 on   c197-101 device  2 [0x82] Quadro RTX 5000
#  Rank  3 Group  0 Pid   6317 on   c197-101 device  3 [0x83] Quadro RTX 5000
#  Rank  4 Group  0 Pid  16388 on   c197-102 device  0 [0x02] Quadro RTX 5000
#  Rank  5 Group  0 Pid  16389 on   c197-102 device  1 [0x03] Quadro RTX 5000
#  Rank  6 Group  0 Pid  16390 on   c197-102 device  2 [0x82] Quadro RTX 5000
#  Rank  7 Group  0 Pid  16391 on   c197-102 device  3 [0x83] Quadro RTX 5000
#  Rank  8 Group  0 Pid  27675 on   c197-111 device  0 [0x02] Quadro RTX 5000
#  Rank  9 Group  0 Pid  27676 on   c197-111 device  1 [0x03] Quadro RTX 5000
#  Rank 10 Group  0 Pid  27677 on   c197-111 device  2 [0x82] Quadro RTX 5000
#  Rank 11 Group  0 Pid  27678 on   c197-111 device  3 [0x83] Quadro RTX 5000
#  Rank 12 Group  0 Pid   6481 on   c197-112 device  0 [0x02] Quadro RTX 5000
#  Rank 13 Group  0 Pid   6482 on   c197-112 device  1 [0x03] Quadro RTX 5000
#  Rank 14 Group  0 Pid   6483 on   c197-112 device  2 [0x82] Quadro RTX 5000
#  Rank 15 Group  0 Pid   6484 on   c197-112 device  3 [0x83] Quadro RTX 5000
#  Rank 16 Group  0 Pid   5093 on   c198-011 device  0 [0x02] Quadro RTX 5000
#  Rank 17 Group  0 Pid   5094 on   c198-011 device  1 [0x03] Quadro RTX 5000
#  Rank 18 Group  0 Pid   5095 on   c198-011 device  2 [0x82] Quadro RTX 5000
#  Rank 19 Group  0 Pid   5096 on   c198-011 device  3 [0x83] Quadro RTX 5000
#  Rank 20 Group  0 Pid   2559 on   c198-012 device  0 [0x02] Quadro RTX 5000
#  Rank 21 Group  0 Pid   2560 on   c198-012 device  1 [0x03] Quadro RTX 5000
#  Rank 22 Group  0 Pid   2561 on   c198-012 device  2 [0x82] Quadro RTX 5000
#  Rank 23 Group  0 Pid   2562 on   c198-012 device  3 [0x83] Quadro RTX 5000
#  Rank 24 Group  0 Pid  14523 on   c198-021 device  0 [0x02] Quadro RTX 5000
#  Rank 25 Group  0 Pid  14524 on   c198-021 device  1 [0x03] Quadro RTX 5000
#  Rank 26 Group  0 Pid  14525 on   c198-021 device  2 [0x82] Quadro RTX 5000
#  Rank 27 Group  0 Pid  14526 on   c198-021 device  3 [0x83] Quadro RTX 5000
#  Rank 28 Group  0 Pid   3496 on   c198-022 device  0 [0x02] Quadro RTX 5000
#  Rank 29 Group  0 Pid   3497 on   c198-022 device  1 [0x03] Quadro RTX 5000
#  Rank 30 Group  0 Pid   3498 on   c198-022 device  2 [0x82] Quadro RTX 5000
#  Rank 31 Group  0 Pid   3499 on   c198-022 device  3 [0x83] Quadro RTX 5000
The MSCCL XML file exists: /home1/09168/ldai1/ccl-build/msccl_tools_lyd/examples/xml/xml_lyd/binary_tree/allreduce_binary_tree_2ch_2tree_1chunk_8node_32gpu.xml
c197-101:6314:6314 [0] NCCL INFO Bootstrap : Using ib0:192.168.44.141<0>
c197-101:6314:6314 [0] NCCL INFO NET/Plugin : No plugin found (libnccl-net.so), using internal implementation
c197-101:6314:6314 [0] NCCL INFO NET/IB : Using [0]mlx4_0:1/IB [RO]; OOB ib0:192.168.44.141<0>
c197-101:6314:6314 [0] NCCL INFO Using network IB
NCCL version 2.12.12.MSCCL.0.7.4+cuda11.3
c197-101:6316:6316 [2] NCCL INFO Bootstrap : Using ib0:192.168.44.141<0>
c197-101:6316:6316 [2] NCCL INFO NET/Plugin : No plugin found (libnccl-net.so), using internal implementation
c197-101:6315:6315 [1] NCCL INFO Bootstrap : Using ib0:192.168.44.141<0>
c197-101:6315:6315 [1] NCCL INFO NET/Plugin : No plugin found (libnccl-net.so), using internal implementation
c197-101:6316:6316 [2] NCCL INFO NET/IB : Using [0]mlx4_0:1/IB [RO]; OOB ib0:192.168.44.141<0>
c197-101:6316:6316 [2] NCCL INFO Using network IB
c197-101:6317:6317 [3] NCCL INFO Bootstrap : Using ib0:192.168.44.141<0>
c197-101:6317:6317 [3] NCCL INFO NET/Plugin : No plugin found (libnccl-net.so), using internal implementation
c197-101:6317:6317 [3] NCCL INFO NET/IB : Using [0]mlx4_0:1/IB [RO]; OOB ib0:192.168.44.141<0>
c197-101:6317:6317 [3] NCCL INFO Using network IB
c197-101:6315:6315 [1] NCCL INFO NET/IB : Using [0]mlx4_0:1/IB [RO]; OOB ib0:192.168.44.141<0>
c197-101:6315:6315 [1] NCCL INFO Using network IB
c198-012:2561:2561 [2] NCCL INFO Bootstrap : Using ib0:192.168.44.146<0>
c198-012:2561:2561 [2] NCCL INFO NET/Plugin : No plugin found (libnccl-net.so), using internal implementation
c198-012:2561:2561 [2] NCCL INFO NET/IB : Using [0]mlx4_0:1/IB [RO]; OOB ib0:192.168.44.146<0>
c198-012:2561:2561 [2] NCCL INFO Using network IB
c197-111:27675:27675 [0] NCCL INFO Bootstrap : Using ib0:192.168.44.143<0>
c197-111:27678:27678 [3] NCCL INFO Bootstrap : Using ib0:192.168.44.143<0>
c197-111:27676:27676 [1] NCCL INFO Bootstrap : Using ib0:192.168.44.143<0>
c197-111:27677:27677 [2] NCCL INFO Bootstrap : Using ib0:192.168.44.143<0>
c197-111:27675:27675 [0] NCCL INFO NET/Plugin : No plugin found (libnccl-net.so), using internal implementation
c197-111:27676:27676 [1] NCCL INFO NET/Plugin : No plugin found (libnccl-net.so), using internal implementation
c197-111:27677:27677 [2] NCCL INFO NET/Plugin : No plugin found (libnccl-net.so), using internal implementation
c197-111:27678:27678 [3] NCCL INFO NET/Plugin : No plugin found (libnccl-net.so), using internal implementation
c198-012:2559:2559 [0] NCCL INFO Bootstrap : Using ib0:192.168.44.146<0>
c198-012:2559:2559 [0] NCCL INFO NET/Plugin : No plugin found (libnccl-net.so), using internal implementation
c198-012:2560:2560 [1] NCCL INFO Bootstrap : Using ib0:192.168.44.146<0>
c198-012:2562:2562 [3] NCCL INFO Bootstrap : Using ib0:192.168.44.146<0>
c198-012:2560:2560 [1] NCCL INFO NET/Plugin : No plugin found (libnccl-net.so), using internal implementation
c198-012:2562:2562 [3] NCCL INFO NET/Plugin : No plugin found (libnccl-net.so), using internal implementation
c198-012:2559:2559 [0] NCCL INFO NET/IB : Using [0]mlx4_0:1/IB [RO]; OOB ib0:192.168.44.146<0>
c198-012:2559:2559 [0] NCCL INFO Using network IB
c197-111:27678:27678 [3] NCCL INFO NET/IB : Using [0]mlx4_0:1/IB [RO]; OOB ib0:192.168.44.143<0>
c197-111:27678:27678 [3] NCCL INFO Using network IB
c197-111:27675:27675 [0] NCCL INFO NET/IB : Using [0]mlx4_0:1/IB [RO]; OOB ib0:192.168.44.143<0>
c197-111:27675:27675 [0] NCCL INFO Using network IB
c197-111:27676:27676 [1] NCCL INFO NET/IB : Using [0]mlx4_0:1/IB [RO]; OOB ib0:192.168.44.143<0>
c197-111:27676:27676 [1] NCCL INFO Using network IB
c197-111:27677:27677 [2] NCCL INFO NET/IB : Using [0]mlx4_0:1/IB [RO]; OOB ib0:192.168.44.143<0>
c197-111:27677:27677 [2] NCCL INFO Using network IB
c198-012:2560:2560 [1] NCCL INFO NET/IB : Using [0]mlx4_0:1/IB [RO]; OOB ib0:192.168.44.146<0>
c198-012:2560:2560 [1] NCCL INFO Using network IB
c198-012:2562:2562 [3] NCCL INFO NET/IB : Using [0]mlx4_0:1/IB [RO]; OOB ib0:192.168.44.146<0>
c198-012:2562:2562 [3] NCCL INFO Using network IB
c198-021:14525:14525 [2] NCCL INFO Bootstrap : Using ib0:192.168.44.147<0>
c198-021:14526:14526 [3] NCCL INFO Bootstrap : Using ib0:192.168.44.147<0>
c198-021:14525:14525 [2] NCCL INFO NET/Plugin : No plugin found (libnccl-net.so), using internal implementation
c198-021:14526:14526 [3] NCCL INFO NET/Plugin : No plugin found (libnccl-net.so), using internal implementation
c198-011:5095:5095 [2] NCCL INFO Bootstrap : Using ib0:192.168.44.145<0>
c198-011:5096:5096 [3] NCCL INFO Bootstrap : Using ib0:192.168.44.145<0>
c198-011:5095:5095 [2] NCCL INFO NET/Plugin : No plugin found (libnccl-net.so), using internal implementation
c198-011:5096:5096 [3] NCCL INFO NET/Plugin : No plugin found (libnccl-net.so), using internal implementation
c198-021:14524:14524 [1] NCCL INFO Bootstrap : Using ib0:192.168.44.147<0>
c198-021:14524:14524 [1] NCCL INFO NET/Plugin : No plugin found (libnccl-net.so), using internal implementation
c198-021:14525:14525 [2] NCCL INFO NET/IB : Using [0]mlx4_0:1/IB [RO]; OOB ib0:192.168.44.147<0>
c198-021:14525:14525 [2] NCCL INFO Using network IB
c198-011:5096:5096 [3] NCCL INFO NET/IB : Using [0]mlx4_0:1/IB [RO]; OOB ib0:192.168.44.145<0>
c198-011:5096:5096 [3] NCCL INFO Using network IB
c198-011:5095:5095 [2] NCCL INFO NET/IB : Using [0]mlx4_0:1/IB [RO]; OOB ib0:192.168.44.145<0>
c198-011:5095:5095 [2] NCCL INFO Using network IB
c198-021:14526:14526 [3] NCCL INFO NET/IB : Using [0]mlx4_0:1/IB [RO]; OOB ib0:192.168.44.147<0>
c198-021:14526:14526 [3] NCCL INFO Using network IB
c197-102:16391:16391 [3] NCCL INFO Bootstrap : Using ib0:192.168.44.142<0>
c197-102:16391:16391 [3] NCCL INFO NET/Plugin : No plugin found (libnccl-net.so), using internal implementation
c198-021:14524:14524 [1] NCCL INFO NET/IB : Using [0]mlx4_0:1/IB [RO]; OOB ib0:192.168.44.147<0>
c198-021:14524:14524 [1] NCCL INFO Using network IB
c197-102:16391:16391 [3] NCCL INFO NET/IB : Using [0]mlx4_0:1/IB [RO]; OOB ib0:192.168.44.142<0>
c197-102:16391:16391 [3] NCCL INFO Using network IB
c198-022:3498:3498 [2] NCCL INFO Bootstrap : Using ib0:192.168.44.148<0>
c198-022:3499:3499 [3] NCCL INFO Bootstrap : Using ib0:192.168.44.148<0>
c198-022:3498:3498 [2] NCCL INFO NET/Plugin : No plugin found (libnccl-net.so), using internal implementation
c198-022:3499:3499 [3] NCCL INFO NET/Plugin : No plugin found (libnccl-net.so), using internal implementation
c198-021:14523:14523 [0] NCCL INFO Bootstrap : Using ib0:192.168.44.147<0>
c198-021:14523:14523 [0] NCCL INFO NET/Plugin : No plugin found (libnccl-net.so), using internal implementation
c197-112:6484:6484 [3] NCCL INFO Bootstrap : Using ib0:192.168.44.144<0>
c197-112:6484:6484 [3] NCCL INFO NET/Plugin : No plugin found (libnccl-net.so), using internal implementation
c198-022:3497:3497 [1] NCCL INFO Bootstrap : Using ib0:192.168.44.148<0>
c198-022:3497:3497 [1] NCCL INFO NET/Plugin : No plugin found (libnccl-net.so), using internal implementation
c197-102:16390:16390 [2] NCCL INFO Bootstrap : Using ib0:192.168.44.142<0>
c197-102:16390:16390 [2] NCCL INFO NET/Plugin : No plugin found (libnccl-net.so), using internal implementation
c198-022:3498:3498 [2] NCCL INFO NET/IB : Using [0]mlx4_0:1/IB [RO]; OOB ib0:192.168.44.148<0>
c198-022:3498:3498 [2] NCCL INFO Using network IB
c198-021:14523:14523 [0] NCCL INFO NET/IB : Using [0]mlx4_0:1/IB [RO]; OOB ib0:192.168.44.147<0>
c198-021:14523:14523 [0] NCCL INFO Using network IB
c198-022:3499:3499 [3] NCCL INFO NET/IB : Using [0]mlx4_0:1/IB [RO]; OOB ib0:192.168.44.148<0>
c198-022:3499:3499 [3] NCCL INFO Using network IB
c198-022:3497:3497 [1] NCCL INFO NET/IB : Using [0]mlx4_0:1/IB [RO]; OOB ib0:192.168.44.148<0>
c198-022:3497:3497 [1] NCCL INFO Using network IB
c197-112:6484:6484 [3] NCCL INFO NET/IB : Using [0]mlx4_0:1/IB [RO]; OOB ib0:192.168.44.144<0>
c197-112:6484:6484 [3] NCCL INFO Using network IB
c197-102:16390:16390 [2] NCCL INFO NET/IB : Using [0]mlx4_0:1/IB [RO]; OOB ib0:192.168.44.142<0>
c197-102:16390:16390 [2] NCCL INFO Using network IB
c198-011:5094:5094 [1] NCCL INFO Bootstrap : Using ib0:192.168.44.145<0>
c198-011:5093:5093 [0] NCCL INFO Bootstrap : Using ib0:192.168.44.145<0>
c198-011:5093:5093 [0] NCCL INFO NET/Plugin : No plugin found (libnccl-net.so), using internal implementation
c198-011:5094:5094 [1] NCCL INFO NET/Plugin : No plugin found (libnccl-net.so), using internal implementation
c198-022:3496:3496 [0] NCCL INFO Bootstrap : Using ib0:192.168.44.148<0>
c198-022:3496:3496 [0] NCCL INFO NET/Plugin : No plugin found (libnccl-net.so), using internal implementation
c197-112:6483:6483 [2] NCCL INFO Bootstrap : Using ib0:192.168.44.144<0>
c197-112:6483:6483 [2] NCCL INFO NET/Plugin : No plugin found (libnccl-net.so), using internal implementation
c198-022:3496:3496 [0] NCCL INFO NET/IB : Using [0]mlx4_0:1/IB [RO]; OOB ib0:192.168.44.148<0>
c198-022:3496:3496 [0] NCCL INFO Using network IB
c198-011:5093:5093 [0] NCCL INFO NET/IB : Using [0]mlx4_0:1/IB [RO]; OOB ib0:192.168.44.145<0>
c198-011:5093:5093 [0] NCCL INFO Using network IB
c198-011:5094:5094 [1] NCCL INFO NET/IB : Using [0]mlx4_0:1/IB [RO]; OOB ib0:192.168.44.145<0>
c198-011:5094:5094 [1] NCCL INFO Using network IB
c197-112:6483:6483 [2] NCCL INFO NET/IB : Using [0]mlx4_0:1/IB [RO]; OOB ib0:192.168.44.144<0>
c197-112:6483:6483 [2] NCCL INFO Using network IB
c197-102:16389:16389 [1] NCCL INFO Bootstrap : Using ib0:192.168.44.142<0>
c197-102:16388:16388 [0] NCCL INFO Bootstrap : Using ib0:192.168.44.142<0>
c197-102:16388:16388 [0] NCCL INFO NET/Plugin : No plugin found (libnccl-net.so), using internal implementation
c197-102:16389:16389 [1] NCCL INFO NET/Plugin : No plugin found (libnccl-net.so), using internal implementation
c197-102:16388:16388 [0] NCCL INFO NET/IB : Using [0]mlx4_0:1/IB [RO]; OOB ib0:192.168.44.142<0>
c197-102:16388:16388 [0] NCCL INFO Using network IB
c197-102:16389:16389 [1] NCCL INFO NET/IB : Using [0]mlx4_0:1/IB [RO]; OOB ib0:192.168.44.142<0>
c197-102:16389:16389 [1] NCCL INFO Using network IB
c197-112:6481:6481 [0] NCCL INFO Bootstrap : Using ib0:192.168.44.144<0>
c197-112:6482:6482 [1] NCCL INFO Bootstrap : Using ib0:192.168.44.144<0>
c197-112:6481:6481 [0] NCCL INFO NET/Plugin : No plugin found (libnccl-net.so), using internal implementation
c197-112:6482:6482 [1] NCCL INFO NET/Plugin : No plugin found (libnccl-net.so), using internal implementation
c197-112:6482:6482 [1] NCCL INFO NET/IB : Using [0]mlx4_0:1/IB [RO]; OOB ib0:192.168.44.144<0>
c197-112:6482:6482 [1] NCCL INFO Using network IB
c197-112:6481:6481 [0] NCCL INFO NET/IB : Using [0]mlx4_0:1/IB [RO]; OOB ib0:192.168.44.144<0>
c197-112:6481:6481 [0] NCCL INFO Using network IB
c197-101:6314:6365 [0] NCCL INFO Setting affinity for GPU 0 to 0f000f
c198-022:3499:3552 [3] NCCL INFO Setting affinity for GPU 3 to f000f000
c197-102:16391:16441 [3] NCCL INFO Setting affinity for GPU 3 to f000f000
c198-011:5096:5147 [3] NCCL INFO Setting affinity for GPU 3 to f000f000
c198-012:2562:2618 [3] NCCL INFO Setting affinity for GPU 3 to f000f000
c197-112:6484:6534 [3] NCCL INFO Setting affinity for GPU 3 to f000f000
c198-021:14526:14578 [3] NCCL INFO Setting affinity for GPU 3 to f000f000
c197-111:27678:27729 [3] NCCL INFO Setting affinity for GPU 3 to f000f000
c197-101:6316:6370 [2] NCCL INFO Setting affinity for GPU 2 to 0f000f00
c197-101:6317:6372 [3] NCCL INFO Setting affinity for GPU 3 to f000f000
c198-011:5095:5148 [2] NCCL INFO Setting affinity for GPU 2 to 0f000f00
c197-101:6315:6374 [1] NCCL INFO Setting affinity for GPU 1 to f000f0
c198-022:3498:3550 [2] NCCL INFO Setting affinity for GPU 2 to 0f000f00
c197-112:6481:6540 [0] NCCL INFO Setting affinity for GPU 0 to 0f000f
c198-012:2560:2617 [1] NCCL INFO Setting affinity for GPU 1 to f000f0
c197-111:27677:27734 [2] NCCL INFO Setting affinity for GPU 2 to 0f000f00
c198-021:14523:14582 [0] NCCL INFO Setting affinity for GPU 0 to 0f000f
c197-111:27675:27731 [0] NCCL INFO Setting affinity for GPU 0 to 0f000f
c197-112:6482:6539 [1] NCCL INFO Setting affinity for GPU 1 to f000f0
c198-022:3497:3554 [1] NCCL INFO Setting affinity for GPU 1 to f000f0
c198-021:14525:14577 [2] NCCL INFO Setting affinity for GPU 2 to 0f000f00
c197-111:27676:27733 [1] NCCL INFO Setting affinity for GPU 1 to f000f0
c198-022:3496:3556 [0] NCCL INFO Setting affinity for GPU 0 to 0f000f
c197-112:6483:6536 [2] NCCL INFO Setting affinity for GPU 2 to 0f000f00
c198-021:14524:14580 [1] NCCL INFO Setting affinity for GPU 1 to f000f0
c197-102:16388:16446 [0] NCCL INFO Setting affinity for GPU 0 to 0f000f
c198-012:2559:2614 [0] NCCL INFO Setting affinity for GPU 0 to 0f000f
c197-102:16389:16447 [1] NCCL INFO Setting affinity for GPU 1 to f000f0
c197-102:16390:16443 [2] NCCL INFO Setting affinity for GPU 2 to 0f000f00
c198-011:5094:5152 [1] NCCL INFO Setting affinity for GPU 1 to f000f0
c198-011:5093:5151 [0] NCCL INFO Setting affinity for GPU 0 to 0f000f
c198-012:2561:2612 [2] NCCL INFO Setting affinity for GPU 2 to 0f000f00
c198-012:2561:2612 [2] NCCL INFO Trees [0] 23/-1/-1->22->21 [1] 23/-1/-1->22->21
c198-012:2562:2618 [3] NCCL INFO Trees [0] -1/-1/-1->23->22 [1] -1/-1/-1->23->22
c198-012:2560:2617 [1] NCCL INFO Trees [0] 22/-1/-1->21->20 [1] 22/24/-1->21->20
c198-021:14523:14582 [0] NCCL INFO Trees [0] 25/28/-1->24->16 [1] 25/-1/-1->24->21
c198-011:5093:5151 [0] NCCL INFO Trees [0] 17/24/-1->16->0 [1] 17/-1/-1->16->20
c198-022:3499:3552 [3] NCCL INFO Trees [0] -1/-1/-1->31->30 [1] -1/-1/-1->31->30
c198-012:2559:2614 [0] NCCL INFO Trees [0] 21/-1/-1->20->25 [1] 21/16/-1->20->13
c197-112:6484:6534 [3] NCCL INFO Trees [0] -1/-1/-1->15->14 [1] -1/-1/-1->15->14
c197-101:6314:6365 [0] NCCL INFO Channel 00/02 :    0   1   2   3   4   5   6   7   8   9  10  11  12  13  14  15  16  17  18  19
c197-101:6314:6365 [0] NCCL INFO Channel 01/02 :    0   1   2   3   4   5   6   7   8   9  10  11  12  13  14  15  16  17  18  19
c197-101:6314:6365 [0] NCCL INFO Trees [0] 1/16/-1->0->-1 [1] 1/-1/-1->0->4
c198-021:14525:14577 [2] NCCL INFO Trees [0] 27/-1/-1->26->25 [1] 27/-1/-1->26->25
c198-011:5094:5152 [1] NCCL INFO Trees [0] 18/8/-1->17->16 [1] 18/-1/-1->17->16
c197-102:16391:16441 [3] NCCL INFO Trees [0] -1/-1/-1->7->6 [1] -1/-1/-1->7->6
c197-111:27677:27734 [2] NCCL INFO Trees [0] 11/-1/-1->10->9 [1] 11/-1/-1->10->9
c198-022:3496:3556 [0] NCCL INFO Trees [0] 29/-1/-1->28->24 [1] 29/12/-1->28->-1
c197-112:6482:6539 [1] NCCL INFO Trees [0] 14/-1/-1->13->12 [1] 14/20/-1->13->12
c197-101:6315:6374 [1] NCCL INFO Trees [0] 2/-1/-1->1->0 [1] 2/-1/-1->1->0
c198-021:14526:14578 [3] NCCL INFO Trees [0] -1/-1/-1->27->26 [1] -1/-1/-1->27->26
c198-011:5095:5148 [2] NCCL INFO Trees [0] 19/-1/-1->18->17 [1] 19/-1/-1->18->17
c197-102:16388:16446 [0] NCCL INFO Trees [0] 5/-1/-1->4->9 [1] 5/0/-1->4->12
c197-111:27678:27729 [3] NCCL INFO Trees [0] -1/-1/-1->11->10 [1] -1/-1/-1->11->10
c198-022:3497:3554 [1] NCCL INFO Trees [0] 30/-1/-1->29->28 [1] 30/-1/-1->29->28
c197-112:6483:6536 [2] NCCL INFO Trees [0] 15/-1/-1->14->13 [1] 15/-1/-1->14->13
c197-101:6316:6370 [2] NCCL INFO Trees [0] 3/-1/-1->2->1 [1] 3/-1/-1->2->1
c198-021:14524:14580 [1] NCCL INFO Trees [0] 26/20/-1->25->24 [1] 26/-1/-1->25->24
c198-011:5096:5147 [3] NCCL INFO Trees [0] -1/-1/-1->19->18 [1] -1/-1/-1->19->18
c197-102:16389:16447 [1] NCCL INFO Trees [0] 6/-1/-1->5->4 [1] 6/8/-1->5->4
c197-111:27675:27731 [0] NCCL INFO Trees [0] 9/12/-1->8->17 [1] 9/-1/-1->8->5
c198-022:3498:3550 [2] NCCL INFO Trees [0] 31/-1/-1->30->29 [1] 31/-1/-1->30->29
c197-112:6481:6540 [0] NCCL INFO Trees [0] 13/-1/-1->12->8 [1] 13/4/-1->12->28
c197-101:6317:6372 [3] NCCL INFO Trees [0] -1/-1/-1->3->2 [1] -1/-1/-1->3->2
c197-102:16390:16443 [2] NCCL INFO Trees [0] 7/-1/-1->6->5 [1] 7/-1/-1->6->5
c197-111:27676:27733 [1] NCCL INFO Trees [0] 10/4/-1->9->8 [1] 10/-1/-1->9->8
c198-012:2559:2614 [0] NCCL INFO Channel 00/0 : 19[83000] -> 20[2000] [receive] via NET/IB/0
c198-021:14523:14582 [0] NCCL INFO Channel 00/0 : 23[83000] -> 24[2000] [receive] via NET/IB/0
c197-102:16388:16446 [0] NCCL INFO Channel 00/0 : 3[83000] -> 4[2000] [receive] via NET/IB/0
c197-112:6481:6540 [0] NCCL INFO Channel 00/0 : 11[83000] -> 12[2000] [receive] via NET/IB/0
c198-022:3496:3556 [0] NCCL INFO Channel 00/0 : 27[83000] -> 28[2000] [receive] via NET/IB/0
c197-101:6314:6365 [0] NCCL INFO Channel 00/0 : 31[83000] -> 0[2000] [receive] via NET/IB/0
c197-111:27675:27731 [0] NCCL INFO Channel 00/0 : 7[83000] -> 8[2000] [receive] via NET/IB/0
c198-011:5093:5151 [0] NCCL INFO Channel 00/0 : 15[83000] -> 16[2000] [receive] via NET/IB/0
c198-021:14525:14577 [2] NCCL INFO Channel 00 : 26[82000] -> 27[83000] via direct shared memory
c198-012:2561:2612 [2] NCCL INFO Channel 00 : 22[82000] -> 23[83000] via direct shared memory
c198-021:14525:14577 [2] NCCL INFO Channel 01 : 26[82000] -> 27[83000] via direct shared memory
c198-012:2561:2612 [2] NCCL INFO Channel 01 : 22[82000] -> 23[83000] via direct shared memory
c198-012:2560:2617 [1] NCCL INFO Channel 00 : 21[3000] -> 22[82000] via direct shared memory
c198-012:2560:2617 [1] NCCL INFO Channel 01 : 21[3000] -> 22[82000] via direct shared memory
c197-111:27677:27734 [2] NCCL INFO Channel 00 : 10[82000] -> 11[83000] via direct shared memory
c198-022:3498:3550 [2] NCCL INFO Channel 00 : 30[82000] -> 31[83000] via direct shared memory
c197-112:6483:6536 [2] NCCL INFO Channel 00 : 14[82000] -> 15[83000] via direct shared memory
c198-021:14524:14580 [1] NCCL INFO Channel 00 : 25[3000] -> 26[82000] via direct shared memory
c198-022:3497:3554 [1] NCCL INFO Channel 00 : 29[3000] -> 30[82000] via direct shared memory
c197-112:6483:6536 [2] NCCL INFO Channel 01 : 14[82000] -> 15[83000] via direct shared memory
c198-021:14524:14580 [1] NCCL INFO Channel 01 : 25[3000] -> 26[82000] via direct shared memory
c197-111:27677:27734 [2] NCCL INFO Channel 01 : 10[82000] -> 11[83000] via direct shared memory
c198-022:3498:3550 [2] NCCL INFO Channel 01 : 30[82000] -> 31[83000] via direct shared memory
c197-112:6482:6539 [1] NCCL INFO Channel 00 : 13[3000] -> 14[82000] via direct shared memory
c197-102:16390:16443 [2] NCCL INFO Channel 00 : 6[82000] -> 7[83000] via direct shared memory
c198-022:3497:3554 [1] NCCL INFO Channel 01 : 29[3000] -> 30[82000] via direct shared memory
c198-011:5095:5148 [2] NCCL INFO Channel 00 : 18[82000] -> 19[83000] via direct shared memory
c197-102:16389:16447 [1] NCCL INFO Channel 00 : 5[3000] -> 6[82000] via direct shared memory
c197-111:27676:27733 [1] NCCL INFO Channel 00 : 9[3000] -> 10[82000] via direct shared memory
c197-112:6482:6539 [1] NCCL INFO Channel 01 : 13[3000] -> 14[82000] via direct shared memory
c198-011:5094:5152 [1] NCCL INFO Channel 00 : 17[3000] -> 18[82000] via direct shared memory
c197-102:16390:16443 [2] NCCL INFO Channel 01 : 6[82000] -> 7[83000] via direct shared memory
c197-102:16389:16447 [1] NCCL INFO Channel 01 : 5[3000] -> 6[82000] via direct shared memory
c197-111:27676:27733 [1] NCCL INFO Channel 01 : 9[3000] -> 10[82000] via direct shared memory
c198-011:5095:5148 [2] NCCL INFO Channel 01 : 18[82000] -> 19[83000] via direct shared memory
c198-011:5094:5152 [1] NCCL INFO Channel 01 : 17[3000] -> 18[82000] via direct shared memory
c197-101:6315:6374 [1] NCCL INFO Channel 00 : 1[3000] -> 2[82000] via direct shared memory
c197-101:6315:6374 [1] NCCL INFO Channel 01 : 1[3000] -> 2[82000] via direct shared memory
c197-101:6316:6370 [2] NCCL INFO Channel 00 : 2[82000] -> 3[83000] via direct shared memory
c197-101:6316:6370 [2] NCCL INFO Channel 01 : 2[82000] -> 3[83000] via direct shared memory
c198-012:2562:2618 [3] NCCL INFO Channel 00/0 : 23[83000] -> 24[2000] [send] via NET/IB/0
c198-021:14526:14578 [3] NCCL INFO Channel 00/0 : 27[83000] -> 28[2000] [send] via NET/IB/0
c198-022:3499:3552 [3] NCCL INFO Channel 00/0 : 31[83000] -> 0[2000] [send] via NET/IB/0
c197-112:6484:6534 [3] NCCL INFO Channel 00/0 : 15[83000] -> 16[2000] [send] via NET/IB/0
c197-111:27678:27729 [3] NCCL INFO Channel 00/0 : 11[83000] -> 12[2000] [send] via NET/IB/0
c198-011:5096:5147 [3] NCCL INFO Channel 00/0 : 19[83000] -> 20[2000] [send] via NET/IB/0
c197-102:16391:16441 [3] NCCL INFO Channel 00/0 : 7[83000] -> 8[2000] [send] via NET/IB/0
c197-101:6317:6372 [3] NCCL INFO Channel 00/0 : 3[83000] -> 4[2000] [send] via NET/IB/0
c198-012:2559:2614 [0] NCCL INFO Channel 01/0 : 19[83000] -> 20[2000] [receive] via NET/IB/0
c198-012:2559:2614 [0] NCCL INFO Channel 00 : 20[2000] -> 21[3000] via direct shared memory
c198-012:2559:2614 [0] NCCL INFO Channel 01 : 20[2000] -> 21[3000] via direct shared memory
c197-111:27675:27731 [0] NCCL INFO Channel 01/0 : 7[83000] -> 8[2000] [receive] via NET/IB/0
c198-022:3496:3556 [0] NCCL INFO Channel 01/0 : 27[83000] -> 28[2000] [receive] via NET/IB/0
c197-111:27675:27731 [0] NCCL INFO Channel 00 : 8[2000] -> 9[3000] via direct shared memory
c198-011:5093:5151 [0] NCCL INFO Channel 01/0 : 15[83000] -> 16[2000] [receive] via NET/IB/0
c197-112:6481:6540 [0] NCCL INFO Channel 01/0 : 11[83000] -> 12[2000] [receive] via NET/IB/0
c197-102:16388:16446 [0] NCCL INFO Channel 01/0 : 3[83000] -> 4[2000] [receive] via NET/IB/0
c197-111:27675:27731 [0] NCCL INFO Channel 01 : 8[2000] -> 9[3000] via direct shared memory
c198-022:3496:3556 [0] NCCL INFO Channel 00 : 28[2000] -> 29[3000] via direct shared memory
c197-101:6314:6365 [0] NCCL INFO Channel 01/0 : 31[83000] -> 0[2000] [receive] via NET/IB/0
c197-112:6481:6540 [0] NCCL INFO Channel 00 : 12[2000] -> 13[3000] via direct shared memory
c198-011:5093:5151 [0] NCCL INFO Channel 00 : 16[2000] -> 17[3000] via direct shared memory
c198-022:3496:3556 [0] NCCL INFO Channel 01 : 28[2000] -> 29[3000] via direct shared memory
c197-112:6481:6540 [0] NCCL INFO Channel 01 : 12[2000] -> 13[3000] via direct shared memory
c197-102:16388:16446 [0] NCCL INFO Channel 00 : 4[2000] -> 5[3000] via direct shared memory
c197-101:6314:6365 [0] NCCL INFO Channel 00 : 0[2000] -> 1[3000] via direct shared memory
c198-021:14523:14582 [0] NCCL INFO Channel 01/0 : 23[83000] -> 24[2000] [receive] via NET/IB/0
c198-011:5093:5151 [0] NCCL INFO Channel 01 : 16[2000] -> 17[3000] via direct shared memory
c197-102:16388:16446 [0] NCCL INFO Channel 01 : 4[2000] -> 5[3000] via direct shared memory
c197-101:6314:6365 [0] NCCL INFO Channel 01 : 0[2000] -> 1[3000] via direct shared memory
c198-021:14523:14582 [0] NCCL INFO Channel 00 : 24[2000] -> 25[3000] via direct shared memory
c198-021:14523:14582 [0] NCCL INFO Channel 01 : 24[2000] -> 25[3000] via direct shared memory
c198-012:2560:2617 [1] NCCL INFO Connected all rings
c197-102:16389:16447 [1] NCCL INFO Connected all rings
c197-112:6482:6539 [1] NCCL INFO Connected all rings
c198-011:5094:5152 [1] NCCL INFO Connected all rings
c198-021:14524:14580 [1] NCCL INFO Connected all rings
c197-101:6315:6374 [1] NCCL INFO Connected all rings
c197-111:27676:27733 [1] NCCL INFO Connected all rings
c198-022:3497:3554 [1] NCCL INFO Connected all rings
c198-012:2560:2617 [1] NCCL INFO Channel 01/0 : 21[3000] -> 24[2000] [send] via NET/IB/0
c197-102:16389:16447 [1] NCCL INFO Channel 01/0 : 5[3000] -> 8[2000] [send] via NET/IB/0
c197-112:6482:6539 [1] NCCL INFO Channel 01/0 : 13[3000] -> 20[2000] [send] via NET/IB/0
c198-021:14524:14580 [1] NCCL INFO Channel 00/0 : 20[2000] -> 25[3000] [receive] via NET/IB/0
c198-011:5094:5152 [1] NCCL INFO Channel 00/0 : 8[2000] -> 17[3000] [receive] via NET/IB/0
c197-111:27676:27733 [1] NCCL INFO Channel 00/0 : 4[2000] -> 9[3000] [receive] via NET/IB/0
c198-012:2562:2618 [3] NCCL INFO Channel 01/0 : 23[83000] -> 24[2000] [send] via NET/IB/0
c198-021:14526:14578 [3] NCCL INFO Channel 01/0 : 27[83000] -> 28[2000] [send] via NET/IB/0
c197-111:27678:27729 [3] NCCL INFO Channel 01/0 : 11[83000] -> 12[2000] [send] via NET/IB/0
c198-022:3499:3552 [3] NCCL INFO Channel 01/0 : 31[83000] -> 0[2000] [send] via NET/IB/0
c198-011:5096:5147 [3] NCCL INFO Channel 01/0 : 19[83000] -> 20[2000] [send] via NET/IB/0
c197-112:6484:6534 [3] NCCL INFO Channel 01/0 : 15[83000] -> 16[2000] [send] via NET/IB/0
c197-102:16391:16441 [3] NCCL INFO Channel 01/0 : 7[83000] -> 8[2000] [send] via NET/IB/0
c197-101:6317:6372 [3] NCCL INFO Channel 01/0 : 3[83000] -> 4[2000] [send] via NET/IB/0
c198-012:2561:2612 [2] NCCL INFO Connected all rings
c198-021:14525:14577 [2] NCCL INFO Connected all rings
c198-022:3498:3550 [2] NCCL INFO Connected all rings
c197-111:27677:27734 [2] NCCL INFO Connected all rings
c197-102:16390:16443 [2] NCCL INFO Connected all rings
c197-112:6483:6536 [2] NCCL INFO Connected all rings
c198-011:5095:5148 [2] NCCL INFO Connected all rings
c197-101:6316:6370 [2] NCCL INFO Connected all rings
c198-022:3497:3554 [1] NCCL INFO Channel 00 : 29[3000] -> 28[2000] via direct shared memory
c198-022:3497:3554 [1] NCCL INFO Channel 01 : 29[3000] -> 28[2000] via direct shared memory
c197-101:6315:6374 [1] NCCL INFO Channel 00 : 1[3000] -> 0[2000] via direct shared memory
c197-101:6315:6374 [1] NCCL INFO Channel 01 : 1[3000] -> 0[2000] via direct shared memory
c198-021:14526:14578 [3] NCCL INFO Connected all rings
c198-012:2562:2618 [3] NCCL INFO Connected all rings
c198-021:14526:14578 [3] NCCL INFO Channel 00 : 27[83000] -> 26[82000] via direct shared memory
c198-012:2562:2618 [3] NCCL INFO Channel 00 : 23[83000] -> 22[82000] via direct shared memory
c198-012:2562:2618 [3] NCCL INFO Channel 01 : 23[83000] -> 22[82000] via direct shared memory
c198-021:14526:14578 [3] NCCL INFO Channel 01 : 27[83000] -> 26[82000] via direct shared memory
c198-022:3499:3552 [3] NCCL INFO Connected all rings
c198-022:3499:3552 [3] NCCL INFO Channel 00 : 31[83000] -> 30[82000] via direct shared memory
c197-112:6484:6534 [3] NCCL INFO Connected all rings
c197-102:16391:16441 [3] NCCL INFO Connected all rings
c198-022:3499:3552 [3] NCCL INFO Channel 01 : 31[83000] -> 30[82000] via direct shared memory
c198-011:5096:5147 [3] NCCL INFO Connected all rings
c197-102:16391:16441 [3] NCCL INFO Channel 00 : 7[83000] -> 6[82000] via direct shared memory
c197-112:6484:6534 [3] NCCL INFO Channel 00 : 15[83000] -> 14[82000] via direct shared memory
c198-011:5096:5147 [3] NCCL INFO Channel 00 : 19[83000] -> 18[82000] via direct shared memory
c197-102:16391:16441 [3] NCCL INFO Channel 01 : 7[83000] -> 6[82000] via direct shared memory
c197-112:6484:6534 [3] NCCL INFO Channel 01 : 15[83000] -> 14[82000] via direct shared memory
c198-011:5096:5147 [3] NCCL INFO Channel 01 : 19[83000] -> 18[82000] via direct shared memory
c197-111:27678:27729 [3] NCCL INFO Connected all rings
c197-111:27678:27729 [3] NCCL INFO Channel 00 : 11[83000] -> 10[82000] via direct shared memory
c197-111:27678:27729 [3] NCCL INFO Channel 01 : 11[83000] -> 10[82000] via direct shared memory
c198-021:14523:14582 [0] NCCL INFO Connected all rings
c198-022:3496:3556 [0] NCCL INFO Connected all rings
c197-101:6317:6372 [3] NCCL INFO Connected all rings
c197-101:6317:6372 [3] NCCL INFO Channel 00 : 3[83000] -> 2[82000] via direct shared memory
c197-101:6317:6372 [3] NCCL INFO Channel 01 : 3[83000] -> 2[82000] via direct shared memory
c197-112:6481:6540 [0] NCCL INFO Connected all rings
c197-111:27675:27731 [0] NCCL INFO Connected all rings
c198-012:2561:2612 [2] NCCL INFO Channel 00 : 22[82000] -> 21[3000] via direct shared memory
c198-011:5093:5151 [0] NCCL INFO Connected all rings
c198-012:2559:2614 [0] NCCL INFO Connected all rings
c198-012:2561:2612 [2] NCCL INFO Channel 01 : 22[82000] -> 21[3000] via direct shared memory
c197-101:6314:6365 [0] NCCL INFO Connected all rings
c198-021:14525:14577 [2] NCCL INFO Channel 00 : 26[82000] -> 25[3000] via direct shared memory
c197-111:27677:27734 [2] NCCL INFO Channel 00 : 10[82000] -> 9[3000] via direct shared memory
c198-021:14525:14577 [2] NCCL INFO Channel 01 : 26[82000] -> 25[3000] via direct shared memory
c197-111:27677:27734 [2] NCCL INFO Channel 01 : 10[82000] -> 9[3000] via direct shared memory
c198-022:3498:3550 [2] NCCL INFO Channel 00 : 30[82000] -> 29[3000] via direct shared memory
c198-022:3498:3550 [2] NCCL INFO Channel 01 : 30[82000] -> 29[3000] via direct shared memory
c197-102:16390:16443 [2] NCCL INFO Channel 00 : 6[82000] -> 5[3000] via direct shared memory
c197-102:16388:16446 [0] NCCL INFO Connected all rings
c197-102:16390:16443 [2] NCCL INFO Channel 01 : 6[82000] -> 5[3000] via direct shared memory
c197-112:6483:6536 [2] NCCL INFO Channel 00 : 14[82000] -> 13[3000] via direct shared memory
c197-112:6483:6536 [2] NCCL INFO Channel 01 : 14[82000] -> 13[3000] via direct shared memory
c198-012:2562:2618 [3] NCCL INFO Connected all trees
c198-011:5095:5148 [2] NCCL INFO Channel 00 : 18[82000] -> 17[3000] via direct shared memory
c198-012:2562:2618 [3] NCCL INFO MSCCL_XML_FILES set by environment to /home1/09168/ldai1/ccl-build/msccl_tools_lyd/examples/xml/xml_lyd/binary_tree/allreduce_binary_tree_2ch_2tree_1chunk_8node_32gpu.xml
c198-012:2562:2618 [3] NCCL INFO MSCCL: Parsing algorithm /home1/09168/ldai1/ccl-build/msccl_tools_lyd/examples/xml/xml_lyd/binary_tree/allreduce_binary_tree_2ch_2tree_1chunk_8node_32gpu.xml
c198-011:5095:5148 [2] NCCL INFO Channel 01 : 18[82000] -> 17[3000] via direct shared memory
c198-021:14526:14578 [3] NCCL INFO Connected all trees
c198-021:14526:14578 [3] NCCL INFO MSCCL_XML_FILES set by environment to /home1/09168/ldai1/ccl-build/msccl_tools_lyd/examples/xml/xml_lyd/binary_tree/allreduce_binary_tree_2ch_2tree_1chunk_8node_32gpu.xml
c198-021:14526:14578 [3] NCCL INFO MSCCL: Parsing algorithm /home1/09168/ldai1/ccl-build/msccl_tools_lyd/examples/xml/xml_lyd/binary_tree/allreduce_binary_tree_2ch_2tree_1chunk_8node_32gpu.xml
c197-111:27678:27729 [3] NCCL INFO Connected all trees
c197-111:27678:27729 [3] NCCL INFO MSCCL_XML_FILES set by environment to /home1/09168/ldai1/ccl-build/msccl_tools_lyd/examples/xml/xml_lyd/binary_tree/allreduce_binary_tree_2ch_2tree_1chunk_8node_32gpu.xml
c197-111:27678:27729 [3] NCCL INFO MSCCL: Parsing algorithm /home1/09168/ldai1/ccl-build/msccl_tools_lyd/examples/xml/xml_lyd/binary_tree/allreduce_binary_tree_2ch_2tree_1chunk_8node_32gpu.xml
c197-101:6316:6370 [2] NCCL INFO Channel 00 : 2[82000] -> 1[3000] via direct shared memory
c197-101:6316:6370 [2] NCCL INFO Channel 01 : 2[82000] -> 1[3000] via direct shared memory
c198-022:3499:3552 [3] NCCL INFO Connected all trees
c197-102:16391:16441 [3] NCCL INFO Connected all trees
c198-022:3499:3552 [3] NCCL INFO MSCCL_XML_FILES set by environment to /home1/09168/ldai1/ccl-build/msccl_tools_lyd/examples/xml/xml_lyd/binary_tree/allreduce_binary_tree_2ch_2tree_1chunk_8node_32gpu.xml
c197-102:16391:16441 [3] NCCL INFO MSCCL_XML_FILES set by environment to /home1/09168/ldai1/ccl-build/msccl_tools_lyd/examples/xml/xml_lyd/binary_tree/allreduce_binary_tree_2ch_2tree_1chunk_8node_32gpu.xml
c197-102:16391:16441 [3] NCCL INFO MSCCL: Parsing algorithm /home1/09168/ldai1/ccl-build/msccl_tools_lyd/examples/xml/xml_lyd/binary_tree/allreduce_binary_tree_2ch_2tree_1chunk_8node_32gpu.xml
c198-022:3499:3552 [3] NCCL INFO MSCCL: Parsing algorithm /home1/09168/ldai1/ccl-build/msccl_tools_lyd/examples/xml/xml_lyd/binary_tree/allreduce_binary_tree_2ch_2tree_1chunk_8node_32gpu.xml
c198-022:3498:3550 [2] NCCL INFO Connected all trees
c198-022:3498:3550 [2] NCCL INFO MSCCL_XML_FILES set by environment to /home1/09168/ldai1/ccl-build/msccl_tools_lyd/examples/xml/xml_lyd/binary_tree/allreduce_binary_tree_2ch_2tree_1chunk_8node_32gpu.xml
c198-022:3498:3550 [2] NCCL INFO MSCCL: Parsing algorithm /home1/09168/ldai1/ccl-build/msccl_tools_lyd/examples/xml/xml_lyd/binary_tree/allreduce_binary_tree_2ch_2tree_1chunk_8node_32gpu.xml
c197-112:6484:6534 [3] NCCL INFO Connected all trees
c197-112:6484:6534 [3] NCCL INFO MSCCL_XML_FILES set by environment to /home1/09168/ldai1/ccl-build/msccl_tools_lyd/examples/xml/xml_lyd/binary_tree/allreduce_binary_tree_2ch_2tree_1chunk_8node_32gpu.xml
c197-112:6484:6534 [3] NCCL INFO MSCCL: Parsing algorithm /home1/09168/ldai1/ccl-build/msccl_tools_lyd/examples/xml/xml_lyd/binary_tree/allreduce_binary_tree_2ch_2tree_1chunk_8node_32gpu.xml
c198-011:5096:5147 [3] NCCL INFO Connected all trees
c198-011:5096:5147 [3] NCCL INFO MSCCL_XML_FILES set by environment to /home1/09168/ldai1/ccl-build/msccl_tools_lyd/examples/xml/xml_lyd/binary_tree/allreduce_binary_tree_2ch_2tree_1chunk_8node_32gpu.xml
c198-011:5096:5147 [3] NCCL INFO MSCCL: Parsing algorithm /home1/09168/ldai1/ccl-build/msccl_tools_lyd/examples/xml/xml_lyd/binary_tree/allreduce_binary_tree_2ch_2tree_1chunk_8node_32gpu.xml
c197-101:6317:6372 [3] NCCL INFO Connected all trees
c197-101:6317:6372 [3] NCCL INFO MSCCL_XML_FILES set by environment to /home1/09168/ldai1/ccl-build/msccl_tools_lyd/examples/xml/xml_lyd/binary_tree/allreduce_binary_tree_2ch_2tree_1chunk_8node_32gpu.xml
c197-101:6317:6372 [3] NCCL INFO MSCCL: Parsing algorithm /home1/09168/ldai1/ccl-build/msccl_tools_lyd/examples/xml/xml_lyd/binary_tree/allreduce_binary_tree_2ch_2tree_1chunk_8node_32gpu.xml
c197-101:6316:6370 [2] NCCL INFO Connected all trees
c197-101:6316:6370 [2] NCCL INFO MSCCL_XML_FILES set by environment to /home1/09168/ldai1/ccl-build/msccl_tools_lyd/examples/xml/xml_lyd/binary_tree/allreduce_binary_tree_2ch_2tree_1chunk_8node_32gpu.xml
c197-101:6316:6370 [2] NCCL INFO MSCCL: Parsing algorithm /home1/09168/ldai1/ccl-build/msccl_tools_lyd/examples/xml/xml_lyd/binary_tree/allreduce_binary_tree_2ch_2tree_1chunk_8node_32gpu.xml
c198-022:3496:3556 [0] NCCL INFO Channel 00/0 : 24[2000] -> 28[2000] [receive] via NET/IB/0
c198-021:14523:14582 [0] NCCL INFO Channel 01/0 : 21[3000] -> 24[2000] [receive] via NET/IB/0
c197-111:27675:27731 [0] NCCL INFO Channel 01/0 : 5[3000] -> 8[2000] [receive] via NET/IB/0
c198-011:5093:5151 [0] NCCL INFO Channel 01/0 : 16[2000] -> 20[2000] [send] via NET/IB/0
c197-112:6481:6540 [0] NCCL INFO Channel 00/0 : 8[2000] -> 12[2000] [receive] via NET/IB/0
c197-101:6314:6365 [0] NCCL INFO Channel 01/0 : 0[2000] -> 4[2000] [send] via NET/IB/0
c198-012:2559:2614 [0] NCCL INFO Channel 01/0 : 16[2000] -> 20[2000] [receive] via NET/IB/0
c197-102:16388:16446 [0] NCCL INFO Channel 01/0 : 0[2000] -> 4[2000] [receive] via NET/IB/0
c198-022:3499:3552 [3] NCCL INFO Parsed MSCCL Algorithm /home1/09168/ldai1/ccl-build/msccl_tools_lyd/examples/xml/xml_lyd/binary_tree/allreduce_binary_tree_2ch_2tree_1chunk_8node_32gpu.xml successfully.
c197-102:16391:16441 [3] NCCL INFO Parsed MSCCL Algorithm /home1/09168/ldai1/ccl-build/msccl_tools_lyd/examples/xml/xml_lyd/binary_tree/allreduce_binary_tree_2ch_2tree_1chunk_8node_32gpu.xml successfully.
c198-022:3498:3550 [2] NCCL INFO Parsed MSCCL Algorithm /home1/09168/ldai1/ccl-build/msccl_tools_lyd/examples/xml/xml_lyd/binary_tree/allreduce_binary_tree_2ch_2tree_1chunk_8node_32gpu.xml successfully.
c198-011:5096:5147 [3] NCCL INFO Parsed MSCCL Algorithm /home1/09168/ldai1/ccl-build/msccl_tools_lyd/examples/xml/xml_lyd/binary_tree/allreduce_binary_tree_2ch_2tree_1chunk_8node_32gpu.xml successfully.
c197-111:27678:27729 [3] NCCL INFO Parsed MSCCL Algorithm /home1/09168/ldai1/ccl-build/msccl_tools_lyd/examples/xml/xml_lyd/binary_tree/allreduce_binary_tree_2ch_2tree_1chunk_8node_32gpu.xml successfully.
c198-012:2562:2618 [3] NCCL INFO Parsed MSCCL Algorithm /home1/09168/ldai1/ccl-build/msccl_tools_lyd/examples/xml/xml_lyd/binary_tree/allreduce_binary_tree_2ch_2tree_1chunk_8node_32gpu.xml successfully.
c197-112:6484:6534 [3] NCCL INFO Parsed MSCCL Algorithm /home1/09168/ldai1/ccl-build/msccl_tools_lyd/examples/xml/xml_lyd/binary_tree/allreduce_binary_tree_2ch_2tree_1chunk_8node_32gpu.xml successfully.
c198-021:14526:14578 [3] NCCL INFO Parsed MSCCL Algorithm /home1/09168/ldai1/ccl-build/msccl_tools_lyd/examples/xml/xml_lyd/binary_tree/allreduce_binary_tree_2ch_2tree_1chunk_8node_32gpu.xml successfully.
c197-101:6316:6370 [2] NCCL INFO Parsed MSCCL Algorithm /home1/09168/ldai1/ccl-build/msccl_tools_lyd/examples/xml/xml_lyd/binary_tree/allreduce_binary_tree_2ch_2tree_1chunk_8node_32gpu.xml successfully.
c197-101:6317:6372 [3] NCCL INFO Parsed MSCCL Algorithm /home1/09168/ldai1/ccl-build/msccl_tools_lyd/examples/xml/xml_lyd/binary_tree/allreduce_binary_tree_2ch_2tree_1chunk_8node_32gpu.xml successfully.
c198-022:3498:3550 [2] NCCL INFO Channel 02 : 30[82000] -> 31[83000] via direct shared memory
c198-022:3498:3550 [2] NCCL INFO Channel 03 : 30[82000] -> 31[83000] via direct shared memory
c197-101:6316:6370 [2] NCCL INFO Channel 02 : 2[82000] -> 3[83000] via direct shared memory
c197-101:6316:6370 [2] NCCL INFO Channel 03 : 2[82000] -> 3[83000] via direct shared memory
c198-022:3499:3552 [3] NCCL INFO Channel 01/0 : 27[83000] -> 31[83000] [receive] via NET/IB/0
c197-101:6317:6372 [3] NCCL INFO Channel 03/0 : 3[83000] -> 7[83000] [send] via NET/IB/0
c198-011:5093:5151 [0] NCCL INFO Channel 00/0 : 16[2000] -> 24[2000] [send] via NET/IB/0
c198-021:14523:14582 [0] NCCL INFO Channel 00/0 : 24[2000] -> 28[2000] [send] via NET/IB/0
c197-111:27675:27731 [0] NCCL INFO Channel 00/0 : 8[2000] -> 12[2000] [send] via NET/IB/0
c197-102:16389:16447 [1] NCCL INFO Channel 01/0 : 8[2000] -> 5[3000] [receive] via NET/IB/0
c198-012:2559:2614 [0] NCCL INFO Channel 00/0 : 20[2000] -> 25[3000] [send] via NET/IB/0
c198-012:2560:2617 [1] NCCL INFO Channel 01/0 : 24[2000] -> 21[3000] [receive] via NET/IB/0
c197-102:16388:16446 [0] NCCL INFO Channel 00/0 : 4[2000] -> 9[3000] [send] via NET/IB/0
c197-101:6314:6365 [0] NCCL INFO Channel 00/0 : 16[2000] -> 0[2000] [receive] via NET/IB/0
c197-101:6314:6365 [0] NCCL INFO Channel 00/0 : 0[2000] -> 16[2000] [send] via NET/IB/0
c198-012:2559:2614 [0] NCCL INFO Channel 01/0 : 13[3000] -> 20[2000] [receive] via NET/IB/0
c198-021:14523:14582 [0] NCCL INFO Channel 00/0 : 16[2000] -> 24[2000] [receive] via NET/IB/0
c197-111:27675:27731 [0] NCCL INFO Channel 00/0 : 8[2000] -> 17[3000] [send] via NET/IB/0
c198-022:3496:3556 [0] NCCL INFO Channel 01/0 : 12[2000] -> 28[2000] [receive] via NET/IB/0
c198-021:14524:14580 [1] NCCL INFO Channel 00/0 : 25[3000] -> 20[2000] [send] via NET/IB/0
c197-102:16388:16446 [0] NCCL INFO Channel 01/0 : 4[2000] -> 12[2000] [send] via NET/IB/0
c197-112:6481:6540 [0] NCCL INFO Channel 01/0 : 4[2000] -> 12[2000] [receive] via NET/IB/0
c197-111:27676:27733 [1] NCCL INFO Channel 00/0 : 9[3000] -> 4[2000] [send] via NET/IB/0
c198-022:3496:3556 [0] NCCL INFO Channel 01/0 : 28[2000] -> 12[2000] [send] via NET/IB/0
c197-111:27675:27731 [0] NCCL INFO Channel 00/0 : 17[3000] -> 8[2000] [receive] via NET/IB/0
c198-011:5093:5151 [0] NCCL INFO Channel 00/0 : 0[2000] -> 16[2000] [receive] via NET/IB/0
c197-112:6482:6539 [1] NCCL INFO Channel 01/0 : 20[2000] -> 13[3000] [receive] via NET/IB/0
c197-102:16388:16446 [0] NCCL INFO Channel 01/0 : 12[2000] -> 4[2000] [receive] via NET/IB/0
c198-012:2559:2614 [0] NCCL INFO Channel 01/0 : 20[2000] -> 13[3000] [send] via NET/IB/0
c198-021:14523:14582 [0] NCCL INFO Channel 00/0 : 24[2000] -> 16[2000] [send] via NET/IB/0
c197-112:6481:6540 [0] NCCL INFO Channel 01/0 : 28[2000] -> 12[2000] [receive] via NET/IB/0
c198-011:5094:5152 [1] NCCL INFO Channel 00/0 : 17[3000] -> 8[2000] [send] via NET/IB/0
c197-112:6482:6539 [1] NCCL INFO Channel 00 : 13[3000] -> 12[2000] via direct shared memory
c197-112:6482:6539 [1] NCCL INFO Channel 01 : 13[3000] -> 12[2000] via direct shared memory
c197-112:6483:6536 [2] NCCL INFO Connected all trees
c197-112:6483:6536 [2] NCCL INFO MSCCL_XML_FILES set by environment to /home1/09168/ldai1/ccl-build/msccl_tools_lyd/examples/xml/xml_lyd/binary_tree/allreduce_binary_tree_2ch_2tree_1chunk_8node_32gpu.xml
c197-112:6483:6536 [2] NCCL INFO MSCCL: Parsing algorithm /home1/09168/ldai1/ccl-build/msccl_tools_lyd/examples/xml/xml_lyd/binary_tree/allreduce_binary_tree_2ch_2tree_1chunk_8node_32gpu.xml
c198-011:5094:5152 [1] NCCL INFO Channel 00 : 17[3000] -> 16[2000] via direct shared memory
c198-011:5094:5152 [1] NCCL INFO Channel 01 : 17[3000] -> 16[2000] via direct shared memory
c197-112:6483:6536 [2] NCCL INFO Parsed MSCCL Algorithm /home1/09168/ldai1/ccl-build/msccl_tools_lyd/examples/xml/xml_lyd/binary_tree/allreduce_binary_tree_2ch_2tree_1chunk_8node_32gpu.xml successfully.
c198-011:5095:5148 [2] NCCL INFO Connected all trees
c198-011:5095:5148 [2] NCCL INFO MSCCL_XML_FILES set by environment to /home1/09168/ldai1/ccl-build/msccl_tools_lyd/examples/xml/xml_lyd/binary_tree/allreduce_binary_tree_2ch_2tree_1chunk_8node_32gpu.xml
c198-011:5095:5148 [2] NCCL INFO MSCCL: Parsing algorithm /home1/09168/ldai1/ccl-build/msccl_tools_lyd/examples/xml/xml_lyd/binary_tree/allreduce_binary_tree_2ch_2tree_1chunk_8node_32gpu.xml
c198-011:5093:5151 [0] NCCL INFO Channel 00/0 : 16[2000] -> 0[2000] [send] via NET/IB/0
c198-011:5095:5148 [2] NCCL INFO Parsed MSCCL Algorithm /home1/09168/ldai1/ccl-build/msccl_tools_lyd/examples/xml/xml_lyd/binary_tree/allreduce_binary_tree_2ch_2tree_1chunk_8node_32gpu.xml successfully.
c197-112:6481:6540 [0] NCCL INFO Channel 01/0 : 12[2000] -> 28[2000] [send] via NET/IB/0
c198-012:2559:2614 [0] NCCL INFO Channel 00/0 : 25[3000] -> 20[2000] [receive] via NET/IB/0
c197-112:6483:6536 [2] NCCL INFO Channel 02 : 14[82000] -> 15[83000] via direct shared memory
c197-112:6483:6536 [2] NCCL INFO Channel 03 : 14[82000] -> 15[83000] via direct shared memory
c197-112:6484:6534 [3] NCCL INFO Channel 01/0 : 11[83000] -> 15[83000] [receive] via NET/IB/0
c197-111:27675:27731 [0] NCCL INFO Channel 00/0 : 12[2000] -> 8[2000] [receive] via NET/IB/0
c198-011:5095:5148 [2] NCCL INFO Channel 02 : 18[82000] -> 19[83000] via direct shared memory
c198-011:5095:5148 [2] NCCL INFO Channel 03 : 18[82000] -> 19[83000] via direct shared memory
c198-011:5096:5147 [3] NCCL INFO Channel 03/0 : 19[83000] -> 23[83000] [send] via NET/IB/0
c198-021:14524:14580 [1] NCCL INFO Channel 00 : 25[3000] -> 24[2000] via direct shared memory
c198-021:14524:14580 [1] NCCL INFO Channel 01 : 25[3000] -> 24[2000] via direct shared memory
c198-021:14525:14577 [2] NCCL INFO Connected all trees
c198-021:14525:14577 [2] NCCL INFO MSCCL_XML_FILES set by environment to /home1/09168/ldai1/ccl-build/msccl_tools_lyd/examples/xml/xml_lyd/binary_tree/allreduce_binary_tree_2ch_2tree_1chunk_8node_32gpu.xml
c198-021:14525:14577 [2] NCCL INFO MSCCL: Parsing algorithm /home1/09168/ldai1/ccl-build/msccl_tools_lyd/examples/xml/xml_lyd/binary_tree/allreduce_binary_tree_2ch_2tree_1chunk_8node_32gpu.xml
c198-021:14525:14577 [2] NCCL INFO Parsed MSCCL Algorithm /home1/09168/ldai1/ccl-build/msccl_tools_lyd/examples/xml/xml_lyd/binary_tree/allreduce_binary_tree_2ch_2tree_1chunk_8node_32gpu.xml successfully.
c198-021:14525:14577 [2] NCCL INFO Channel 02 : 26[82000] -> 27[83000] via direct shared memory
c198-021:14525:14577 [2] NCCL INFO Channel 03 : 26[82000] -> 27[83000] via direct shared memory
c198-011:5093:5151 [0] NCCL INFO Channel 00/0 : 24[2000] -> 16[2000] [receive] via NET/IB/0
c197-101:6314:6365 [0] NCCL INFO Channel 01/0 : 4[2000] -> 0[2000] [receive] via NET/IB/0
c198-021:14526:14578 [3] NCCL INFO Channel 01/0 : 27[83000] -> 31[83000] [send] via NET/IB/0
c198-012:2559:2614 [0] NCCL INFO Channel 01/0 : 20[2000] -> 16[2000] [send] via NET/IB/0
c197-112:6481:6540 [0] NCCL INFO Channel 01/0 : 12[2000] -> 4[2000] [send] via NET/IB/0
c198-022:3496:3556 [0] NCCL INFO Channel 00/0 : 28[2000] -> 24[2000] [send] via NET/IB/0
c198-021:14526:14578 [3] NCCL INFO Channel 03/0 : 22[82000] -> 27[83000] [receive] via NET/IB/0
c198-021:14523:14582 [0] NCCL INFO Channel 00/0 : 28[2000] -> 24[2000] [receive] via NET/IB/0
c198-011:5093:5151 [0] NCCL INFO Channel 01/0 : 20[2000] -> 16[2000] [receive] via NET/IB/0
c198-022:3499:3552 [3] NCCL INFO Channel 03/0 : 15[83000] -> 31[83000] [receive] via NET/IB/0
c197-112:6481:6540 [0] NCCL INFO Channel 00/0 : 12[2000] -> 8[2000] [send] via NET/IB/0
c197-102:16388:16446 [0] NCCL INFO Channel 00/0 : 9[3000] -> 4[2000] [receive] via NET/IB/0
c198-022:3496:3556 [0] NCCL INFO Connected all trees
c198-022:3496:3556 [0] NCCL INFO MSCCL_XML_FILES set by environment to /home1/09168/ldai1/ccl-build/msccl_tools_lyd/examples/xml/xml_lyd/binary_tree/allreduce_binary_tree_2ch_2tree_1chunk_8node_32gpu.xml
c198-022:3496:3556 [0] NCCL INFO MSCCL: Parsing algorithm /home1/09168/ldai1/ccl-build/msccl_tools_lyd/examples/xml/xml_lyd/binary_tree/allreduce_binary_tree_2ch_2tree_1chunk_8node_32gpu.xml
c198-011:5093:5151 [0] NCCL INFO Connected all trees
c198-011:5093:5151 [0] NCCL INFO MSCCL_XML_FILES set by environment to /home1/09168/ldai1/ccl-build/msccl_tools_lyd/examples/xml/xml_lyd/binary_tree/allreduce_binary_tree_2ch_2tree_1chunk_8node_32gpu.xml
c198-011:5093:5151 [0] NCCL INFO MSCCL: Parsing algorithm /home1/09168/ldai1/ccl-build/msccl_tools_lyd/examples/xml/xml_lyd/binary_tree/allreduce_binary_tree_2ch_2tree_1chunk_8node_32gpu.xml
c197-112:6481:6540 [0] NCCL INFO Connected all trees
c197-112:6481:6540 [0] NCCL INFO MSCCL_XML_FILES set by environment to /home1/09168/ldai1/ccl-build/msccl_tools_lyd/examples/xml/xml_lyd/binary_tree/allreduce_binary_tree_2ch_2tree_1chunk_8node_32gpu.xml
c197-112:6481:6540 [0] NCCL INFO MSCCL: Parsing algorithm /home1/09168/ldai1/ccl-build/msccl_tools_lyd/examples/xml/xml_lyd/binary_tree/allreduce_binary_tree_2ch_2tree_1chunk_8node_32gpu.xml
c197-111:27676:27733 [1] NCCL INFO Channel 00 : 9[3000] -> 8[2000] via direct shared memory
c197-111:27676:27733 [1] NCCL INFO Channel 01 : 9[3000] -> 8[2000] via direct shared memory
c198-022:3497:3554 [1] NCCL INFO Connected all trees
c198-022:3497:3554 [1] NCCL INFO MSCCL_XML_FILES set by environment to /home1/09168/ldai1/ccl-build/msccl_tools_lyd/examples/xml/xml_lyd/binary_tree/allreduce_binary_tree_2ch_2tree_1chunk_8node_32gpu.xml
c198-022:3497:3554 [1] NCCL INFO MSCCL: Parsing algorithm /home1/09168/ldai1/ccl-build/msccl_tools_lyd/examples/xml/xml_lyd/binary_tree/allreduce_binary_tree_2ch_2tree_1chunk_8node_32gpu.xml
c198-011:5094:5152 [1] NCCL INFO Connected all trees
c198-011:5094:5152 [1] NCCL INFO MSCCL_XML_FILES set by environment to /home1/09168/ldai1/ccl-build/msccl_tools_lyd/examples/xml/xml_lyd/binary_tree/allreduce_binary_tree_2ch_2tree_1chunk_8node_32gpu.xml
c198-011:5094:5152 [1] NCCL INFO MSCCL: Parsing algorithm /home1/09168/ldai1/ccl-build/msccl_tools_lyd/examples/xml/xml_lyd/binary_tree/allreduce_binary_tree_2ch_2tree_1chunk_8node_32gpu.xml
c197-112:6482:6539 [1] NCCL INFO Connected all trees
c197-112:6482:6539 [1] NCCL INFO MSCCL_XML_FILES set by environment to /home1/09168/ldai1/ccl-build/msccl_tools_lyd/examples/xml/xml_lyd/binary_tree/allreduce_binary_tree_2ch_2tree_1chunk_8node_32gpu.xml
c197-112:6482:6539 [1] NCCL INFO MSCCL: Parsing algorithm /home1/09168/ldai1/ccl-build/msccl_tools_lyd/examples/xml/xml_lyd/binary_tree/allreduce_binary_tree_2ch_2tree_1chunk_8node_32gpu.xml
c198-022:3496:3556 [0] NCCL INFO Parsed MSCCL Algorithm /home1/09168/ldai1/ccl-build/msccl_tools_lyd/examples/xml/xml_lyd/binary_tree/allreduce_binary_tree_2ch_2tree_1chunk_8node_32gpu.xml successfully.
c198-011:5093:5151 [0] NCCL INFO Parsed MSCCL Algorithm /home1/09168/ldai1/ccl-build/msccl_tools_lyd/examples/xml/xml_lyd/binary_tree/allreduce_binary_tree_2ch_2tree_1chunk_8node_32gpu.xml successfully.
c197-111:27677:27734 [2] NCCL INFO Connected all trees
