c197-111:27835:27888 [2] NCCL INFO MSCCL: Parsing algorithm /home1/09168/ldai1/ccl-build/msccl_tools_lyd/examples/xml/xml_lyd/binary_tree/allreduce_binary_tree_2ch_2tree_4chunk_8node_32gpu.xml
c198-011:5328:5387 [0] NCCL INFO Parsed MSCCL Algorithm /home1/09168/ldai1/ccl-build/msccl_tools_lyd/examples/xml/xml_lyd/binary_tree/allreduce_binary_tree_2ch_2tree_4chunk_8node_32gpu.xml successfully.
c198-022:3691:3748 [0] NCCL INFO Channel 02 : 28[2000] -> 29[3000] via direct shared memory
c198-022:3691:3748 [0] NCCL INFO Channel 03 : 28[2000] -> 29[3000] via direct shared memory
c197-112:6638:6691 [0] NCCL INFO Parsed MSCCL Algorithm /home1/09168/ldai1/ccl-build/msccl_tools_lyd/examples/xml/xml_lyd/binary_tree/allreduce_binary_tree_2ch_2tree_4chunk_8node_32gpu.xml successfully.
c198-011:5328:5387 [0] NCCL INFO Channel 02 : 16[2000] -> 17[3000] via direct shared memory
c198-011:5328:5387 [0] NCCL INFO Channel 03 : 16[2000] -> 17[3000] via direct shared memory
c198-022:3692:3750 [1] NCCL INFO Parsed MSCCL Algorithm /home1/09168/ldai1/ccl-build/msccl_tools_lyd/examples/xml/xml_lyd/binary_tree/allreduce_binary_tree_2ch_2tree_4chunk_8node_32gpu.xml successfully.
c197-112:6638:6691 [0] NCCL INFO Channel 02 : 12[2000] -> 13[3000] via direct shared memory
c197-112:6638:6691 [0] NCCL INFO Channel 03 : 12[2000] -> 13[3000] via direct shared memory
c198-011:5329:5385 [1] NCCL INFO Parsed MSCCL Algorithm /home1/09168/ldai1/ccl-build/msccl_tools_lyd/examples/xml/xml_lyd/binary_tree/allreduce_binary_tree_2ch_2tree_4chunk_8node_32gpu.xml successfully.
c197-112:6639:6693 [1] NCCL INFO Parsed MSCCL Algorithm /home1/09168/ldai1/ccl-build/msccl_tools_lyd/examples/xml/xml_lyd/binary_tree/allreduce_binary_tree_2ch_2tree_4chunk_8node_32gpu.xml successfully.
c197-111:27835:27888 [2] NCCL INFO Parsed MSCCL Algorithm /home1/09168/ldai1/ccl-build/msccl_tools_lyd/examples/xml/xml_lyd/binary_tree/allreduce_binary_tree_2ch_2tree_4chunk_8node_32gpu.xml successfully.
c198-021:14681:14738 [0] NCCL INFO Channel 01/0 : 24[2000] -> 21[3000] [send] via NET/IB/0
c198-022:3692:3750 [1] NCCL INFO Channel 02 : 29[3000] -> 30[82000] via direct shared memory
c198-022:3692:3750 [1] NCCL INFO Channel 03 : 29[3000] -> 30[82000] via direct shared memory
c198-011:5329:5385 [1] NCCL INFO Channel 02 : 17[3000] -> 18[82000] via direct shared memory
c198-011:5329:5385 [1] NCCL INFO Channel 03 : 17[3000] -> 18[82000] via direct shared memory
c197-112:6639:6693 [1] NCCL INFO Channel 02 : 13[3000] -> 14[82000] via direct shared memory
c197-112:6639:6693 [1] NCCL INFO Channel 03 : 13[3000] -> 14[82000] via direct shared memory
c197-111:27833:27890 [0] NCCL INFO Channel 01/0 : 8[2000] -> 5[3000] [send] via NET/IB/0
c198-022:3694:3752 [3] NCCL INFO Channel 03/0 : 31[83000] -> 15[83000] [send] via NET/IB/0
c198-022:3691:3748 [0] NCCL INFO Channel 02/0 : 12[2000] -> 28[2000] [receive] via NET/IB/0
c198-011:5328:5387 [0] NCCL INFO Channel 02/0 : 16[2000] -> 20[2000] [send] via NET/IB/0
c197-102:16547:16606 [0] NCCL INFO Channel 01/0 : 4[2000] -> 0[2000] [send] via NET/IB/0
c197-112:6638:6691 [0] NCCL INFO Channel 02/0 : 4[2000] -> 12[2000] [receive] via NET/IB/0
c197-112:6639:6693 [1] NCCL INFO Channel 02/0 : 13[3000] -> 20[2000] [send] via NET/IB/0
c197-111:27835:27888 [2] NCCL INFO Channel 02 : 10[82000] -> 11[83000] via direct shared memory
c197-111:27835:27888 [2] NCCL INFO Channel 03 : 10[82000] -> 11[83000] via direct shared memory
c197-111:27836:27886 [3] NCCL INFO Channel 01/0 : 11[83000] -> 15[83000] [send] via NET/IB/0
c198-011:5330:5383 [2] NCCL INFO Channel 01/0 : 11[83000] -> 18[82000] [receive] via NET/IB/0
c197-112:6640:6697 [2] NCCL INFO Channel 03/0 : 14[82000] -> 23[83000] [send] via NET/IB/0
c198-021:14681:14738 [0] NCCL INFO Connected all trees
c198-021:14681:14738 [0] NCCL INFO MSCCL_XML_FILES set by environment to /home1/09168/ldai1/ccl-build/msccl_tools_lyd/examples/xml/xml_lyd/binary_tree/allreduce_binary_tree_2ch_2tree_4chunk_8node_32gpu.xml
c198-021:14681:14738 [0] NCCL INFO MSCCL: Parsing algorithm /home1/09168/ldai1/ccl-build/msccl_tools_lyd/examples/xml/xml_lyd/binary_tree/allreduce_binary_tree_2ch_2tree_4chunk_8node_32gpu.xml
c198-022:3693:3746 [2] NCCL INFO Channel 02 : 30[82000] -> 29[3000] via direct shared memory
c198-022:3693:3746 [2] NCCL INFO Channel 03 : 30[82000] -> 29[3000] via direct shared memory
c198-022:3692:3750 [1] NCCL INFO Channel 02 : 29[3000] -> 28[2000] via direct shared memory
c198-022:3692:3750 [1] NCCL INFO Channel 03 : 29[3000] -> 28[2000] via direct shared memory
c198-011:5329:5385 [1] NCCL INFO Channel 02 : 17[3000] -> 16[2000] via direct shared memory
c198-011:5329:5385 [1] NCCL INFO Channel 03 : 17[3000] -> 16[2000] via direct shared memory
c198-012:2723:2784 [1] NCCL INFO Channel 00 : 21[3000] -> 20[2000] via direct shared memory
c198-012:2723:2784 [1] NCCL INFO Channel 01 : 21[3000] -> 20[2000] via direct shared memory
c198-012:2722:2781 [0] NCCL INFO Connected all trees
c198-012:2722:2781 [0] NCCL INFO MSCCL_XML_FILES set by environment to /home1/09168/ldai1/ccl-build/msccl_tools_lyd/examples/xml/xml_lyd/binary_tree/allreduce_binary_tree_2ch_2tree_4chunk_8node_32gpu.xml
c198-012:2722:2781 [0] NCCL INFO MSCCL: Parsing algorithm /home1/09168/ldai1/ccl-build/msccl_tools_lyd/examples/xml/xml_lyd/binary_tree/allreduce_binary_tree_2ch_2tree_4chunk_8node_32gpu.xml
c198-021:14682:14740 [1] NCCL INFO Connected all trees
c198-021:14682:14740 [1] NCCL INFO MSCCL_XML_FILES set by environment to /home1/09168/ldai1/ccl-build/msccl_tools_lyd/examples/xml/xml_lyd/binary_tree/allreduce_binary_tree_2ch_2tree_4chunk_8node_32gpu.xml
c198-021:14682:14740 [1] NCCL INFO MSCCL: Parsing algorithm /home1/09168/ldai1/ccl-build/msccl_tools_lyd/examples/xml/xml_lyd/binary_tree/allreduce_binary_tree_2ch_2tree_4chunk_8node_32gpu.xml
c198-012:2723:2784 [1] NCCL INFO Connected all trees
c198-012:2723:2784 [1] NCCL INFO MSCCL_XML_FILES set by environment to /home1/09168/ldai1/ccl-build/msccl_tools_lyd/examples/xml/xml_lyd/binary_tree/allreduce_binary_tree_2ch_2tree_4chunk_8node_32gpu.xml
c198-012:2723:2784 [1] NCCL INFO MSCCL: Parsing algorithm /home1/09168/ldai1/ccl-build/msccl_tools_lyd/examples/xml/xml_lyd/binary_tree/allreduce_binary_tree_2ch_2tree_4chunk_8node_32gpu.xml
c198-012:2724:2777 [2] NCCL INFO Connected all trees
c198-012:2724:2777 [2] NCCL INFO MSCCL_XML_FILES set by environment to /home1/09168/ldai1/ccl-build/msccl_tools_lyd/examples/xml/xml_lyd/binary_tree/allreduce_binary_tree_2ch_2tree_4chunk_8node_32gpu.xml
c198-012:2724:2777 [2] NCCL INFO MSCCL: Parsing algorithm /home1/09168/ldai1/ccl-build/msccl_tools_lyd/examples/xml/xml_lyd/binary_tree/allreduce_binary_tree_2ch_2tree_4chunk_8node_32gpu.xml
c197-102:16548:16605 [1] NCCL INFO Channel 00 : 5[3000] -> 4[2000] via direct shared memory
c198-021:14681:14738 [0] NCCL INFO Parsed MSCCL Algorithm /home1/09168/ldai1/ccl-build/msccl_tools_lyd/examples/xml/xml_lyd/binary_tree/allreduce_binary_tree_2ch_2tree_4chunk_8node_32gpu.xml successfully.
c197-102:16548:16605 [1] NCCL INFO Channel 01 : 5[3000] -> 4[2000] via direct shared memory
c197-111:27833:27890 [0] NCCL INFO Connected all trees
c197-111:27833:27890 [0] NCCL INFO MSCCL_XML_FILES set by environment to /home1/09168/ldai1/ccl-build/msccl_tools_lyd/examples/xml/xml_lyd/binary_tree/allreduce_binary_tree_2ch_2tree_4chunk_8node_32gpu.xml
c197-111:27833:27890 [0] NCCL INFO MSCCL: Parsing algorithm /home1/09168/ldai1/ccl-build/msccl_tools_lyd/examples/xml/xml_lyd/binary_tree/allreduce_binary_tree_2ch_2tree_4chunk_8node_32gpu.xml
c197-102:16547:16606 [0] NCCL INFO Connected all trees
c197-102:16547:16606 [0] NCCL INFO MSCCL_XML_FILES set by environment to /home1/09168/ldai1/ccl-build/msccl_tools_lyd/examples/xml/xml_lyd/binary_tree/allreduce_binary_tree_2ch_2tree_4chunk_8node_32gpu.xml
c197-102:16547:16606 [0] NCCL INFO MSCCL: Parsing algorithm /home1/09168/ldai1/ccl-build/msccl_tools_lyd/examples/xml/xml_lyd/binary_tree/allreduce_binary_tree_2ch_2tree_4chunk_8node_32gpu.xml
c198-021:14681:14738 [0] NCCL INFO Channel 02 : 24[2000] -> 25[3000] via direct shared memory
c198-021:14681:14738 [0] NCCL INFO Channel 03 : 24[2000] -> 25[3000] via direct shared memory
c197-101:6470:6521 [0] NCCL INFO Connected all trees
c197-101:6470:6521 [0] NCCL INFO MSCCL_XML_FILES set by environment to /home1/09168/ldai1/ccl-build/msccl_tools_lyd/examples/xml/xml_lyd/binary_tree/allreduce_binary_tree_2ch_2tree_4chunk_8node_32gpu.xml
c197-101:6470:6521 [0] NCCL INFO MSCCL: Parsing algorithm /home1/09168/ldai1/ccl-build/msccl_tools_lyd/examples/xml/xml_lyd/binary_tree/allreduce_binary_tree_2ch_2tree_4chunk_8node_32gpu.xml
c198-021:14682:14740 [1] NCCL INFO Parsed MSCCL Algorithm /home1/09168/ldai1/ccl-build/msccl_tools_lyd/examples/xml/xml_lyd/binary_tree/allreduce_binary_tree_2ch_2tree_4chunk_8node_32gpu.xml successfully.
c198-012:2722:2781 [0] NCCL INFO Parsed MSCCL Algorithm /home1/09168/ldai1/ccl-build/msccl_tools_lyd/examples/xml/xml_lyd/binary_tree/allreduce_binary_tree_2ch_2tree_4chunk_8node_32gpu.xml successfully.
c197-102:16548:16605 [1] NCCL INFO Connected all trees
c197-102:16548:16605 [1] NCCL INFO MSCCL_XML_FILES set by environment to /home1/09168/ldai1/ccl-build/msccl_tools_lyd/examples/xml/xml_lyd/binary_tree/allreduce_binary_tree_2ch_2tree_4chunk_8node_32gpu.xml
c197-102:16548:16605 [1] NCCL INFO MSCCL: Parsing algorithm /home1/09168/ldai1/ccl-build/msccl_tools_lyd/examples/xml/xml_lyd/binary_tree/allreduce_binary_tree_2ch_2tree_4chunk_8node_32gpu.xml
c197-111:27834:27892 [1] NCCL INFO Connected all trees
c197-111:27834:27892 [1] NCCL INFO MSCCL_XML_FILES set by environment to /home1/09168/ldai1/ccl-build/msccl_tools_lyd/examples/xml/xml_lyd/binary_tree/allreduce_binary_tree_2ch_2tree_4chunk_8node_32gpu.xml
c197-111:27834:27892 [1] NCCL INFO MSCCL: Parsing algorithm /home1/09168/ldai1/ccl-build/msccl_tools_lyd/examples/xml/xml_lyd/binary_tree/allreduce_binary_tree_2ch_2tree_4chunk_8node_32gpu.xml
c197-102:16549:16600 [2] NCCL INFO Connected all trees
c197-102:16549:16600 [2] NCCL INFO MSCCL_XML_FILES set by environment to /home1/09168/ldai1/ccl-build/msccl_tools_lyd/examples/xml/xml_lyd/binary_tree/allreduce_binary_tree_2ch_2tree_4chunk_8node_32gpu.xml
c197-102:16549:16600 [2] NCCL INFO MSCCL: Parsing algorithm /home1/09168/ldai1/ccl-build/msccl_tools_lyd/examples/xml/xml_lyd/binary_tree/allreduce_binary_tree_2ch_2tree_4chunk_8node_32gpu.xml
c198-012:2723:2784 [1] NCCL INFO Parsed MSCCL Algorithm /home1/09168/ldai1/ccl-build/msccl_tools_lyd/examples/xml/xml_lyd/binary_tree/allreduce_binary_tree_2ch_2tree_4chunk_8node_32gpu.xml successfully.
c198-012:2722:2781 [0] NCCL INFO Channel 02 : 20[2000] -> 21[3000] via direct shared memory
c198-012:2722:2781 [0] NCCL INFO Channel 03 : 20[2000] -> 21[3000] via direct shared memory
c197-101:6471:6530 [1] NCCL INFO Connected all trees
c197-101:6471:6530 [1] NCCL INFO MSCCL_XML_FILES set by environment to /home1/09168/ldai1/ccl-build/msccl_tools_lyd/examples/xml/xml_lyd/binary_tree/allreduce_binary_tree_2ch_2tree_4chunk_8node_32gpu.xml
c197-101:6471:6530 [1] NCCL INFO MSCCL: Parsing algorithm /home1/09168/ldai1/ccl-build/msccl_tools_lyd/examples/xml/xml_lyd/binary_tree/allreduce_binary_tree_2ch_2tree_4chunk_8node_32gpu.xml
c198-012:2724:2777 [2] NCCL INFO Parsed MSCCL Algorithm /home1/09168/ldai1/ccl-build/msccl_tools_lyd/examples/xml/xml_lyd/binary_tree/allreduce_binary_tree_2ch_2tree_4chunk_8node_32gpu.xml successfully.
c197-102:16547:16606 [0] NCCL INFO Parsed MSCCL Algorithm /home1/09168/ldai1/ccl-build/msccl_tools_lyd/examples/xml/xml_lyd/binary_tree/allreduce_binary_tree_2ch_2tree_4chunk_8node_32gpu.xml successfully.
c197-111:27833:27890 [0] NCCL INFO Parsed MSCCL Algorithm /home1/09168/ldai1/ccl-build/msccl_tools_lyd/examples/xml/xml_lyd/binary_tree/allreduce_binary_tree_2ch_2tree_4chunk_8node_32gpu.xml successfully.
c197-101:6470:6521 [0] NCCL INFO Parsed MSCCL Algorithm /home1/09168/ldai1/ccl-build/msccl_tools_lyd/examples/xml/xml_lyd/binary_tree/allreduce_binary_tree_2ch_2tree_4chunk_8node_32gpu.xml successfully.
c197-102:16547:16606 [0] NCCL INFO Channel 02 : 4[2000] -> 5[3000] via direct shared memory
c197-102:16547:16606 [0] NCCL INFO Channel 03 : 4[2000] -> 5[3000] via direct shared memory
c197-111:27833:27890 [0] NCCL INFO Channel 02 : 8[2000] -> 9[3000] via direct shared memory
c197-111:27833:27890 [0] NCCL INFO Channel 03 : 8[2000] -> 9[3000] via direct shared memory
c197-101:6470:6521 [0] NCCL INFO Channel 02 : 0[2000] -> 1[3000] via direct shared memory
c197-101:6470:6521 [0] NCCL INFO Channel 03 : 0[2000] -> 1[3000] via direct shared memory
c197-102:16548:16605 [1] NCCL INFO Parsed MSCCL Algorithm /home1/09168/ldai1/ccl-build/msccl_tools_lyd/examples/xml/xml_lyd/binary_tree/allreduce_binary_tree_2ch_2tree_4chunk_8node_32gpu.xml successfully.
c197-111:27834:27892 [1] NCCL INFO Parsed MSCCL Algorithm /home1/09168/ldai1/ccl-build/msccl_tools_lyd/examples/xml/xml_lyd/binary_tree/allreduce_binary_tree_2ch_2tree_4chunk_8node_32gpu.xml successfully.
c197-102:16549:16600 [2] NCCL INFO Parsed MSCCL Algorithm /home1/09168/ldai1/ccl-build/msccl_tools_lyd/examples/xml/xml_lyd/binary_tree/allreduce_binary_tree_2ch_2tree_4chunk_8node_32gpu.xml successfully.
c197-101:6471:6530 [1] NCCL INFO Parsed MSCCL Algorithm /home1/09168/ldai1/ccl-build/msccl_tools_lyd/examples/xml/xml_lyd/binary_tree/allreduce_binary_tree_2ch_2tree_4chunk_8node_32gpu.xml successfully.
c198-022:3691:3748 [0] NCCL INFO Channel 02/0 : 28[2000] -> 12[2000] [send] via NET/IB/0
c198-021:14682:14740 [1] NCCL INFO Channel 02 : 25[3000] -> 26[82000] via direct shared memory
c198-021:14682:14740 [1] NCCL INFO Channel 03 : 25[3000] -> 26[82000] via direct shared memory
c198-012:2723:2784 [1] NCCL INFO Channel 02 : 21[3000] -> 22[82000] via direct shared memory
c198-012:2723:2784 [1] NCCL INFO Channel 03 : 21[3000] -> 22[82000] via direct shared memory
c198-021:14681:14738 [0] NCCL INFO Channel 02/0 : 21[3000] -> 24[2000] [receive] via NET/IB/0
c198-012:2724:2777 [2] NCCL INFO Channel 02 : 22[82000] -> 23[83000] via direct shared memory
c198-012:2724:2777 [2] NCCL INFO Channel 03 : 22[82000] -> 23[83000] via direct shared memory
c198-012:2725:2779 [3] NCCL INFO Channel 01/0 : 23[83000] -> 26[82000] [send] via NET/IB/0
c198-012:2722:2781 [0] NCCL INFO Channel 02/0 : 16[2000] -> 20[2000] [receive] via NET/IB/0
c198-021:14683:14736 [2] NCCL INFO Channel 01/0 : 23[83000] -> 26[82000] [receive] via NET/IB/0
c198-012:2723:2784 [1] NCCL INFO Channel 02/0 : 21[3000] -> 24[2000] [send] via NET/IB/0
c197-111:27836:27886 [3] NCCL INFO Channel 03/0 : 6[82000] -> 11[83000] [receive] via NET/IB/0
c197-102:16548:16605 [1] NCCL INFO Channel 02 : 5[3000] -> 6[82000] via direct shared memory
c197-102:16548:16605 [1] NCCL INFO Channel 03 : 5[3000] -> 6[82000] via direct shared memory
c197-112:6641:6695 [3] NCCL INFO Channel 03/0 : 7[83000] -> 15[83000] [receive] via NET/IB/0
c197-102:16549:16600 [2] NCCL INFO Channel 02 : 6[82000] -> 7[83000] via direct shared memory
c198-012:2724:2777 [2] NCCL INFO Channel 03/0 : 22[82000] -> 27[83000] [send] via NET/IB/0
c197-102:16549:16600 [2] NCCL INFO Channel 03 : 6[82000] -> 7[83000] via direct shared memory
c197-102:16550:16602 [3] NCCL INFO Channel 01/0 : 7[83000] -> 10[82000] [send] via NET/IB/0
c197-101:6471:6530 [1] NCCL INFO Channel 02 : 1[3000] -> 2[82000] via direct shared memory
c197-101:6471:6530 [1] NCCL INFO Channel 03 : 1[3000] -> 2[82000] via direct shared memory
c197-111:27834:27892 [1] NCCL INFO Channel 02 : 9[3000] -> 10[82000] via direct shared memory
c197-111:27834:27892 [1] NCCL INFO Channel 03 : 9[3000] -> 10[82000] via direct shared memory
c197-102:16547:16606 [0] NCCL INFO Channel 02/0 : 0[2000] -> 4[2000] [receive] via NET/IB/0
c197-102:16548:16605 [1] NCCL INFO Channel 02/0 : 5[3000] -> 8[2000] [send] via NET/IB/0
c197-111:27833:27890 [0] NCCL INFO Channel 02/0 : 5[3000] -> 8[2000] [receive] via NET/IB/0
c198-021:14682:14740 [1] NCCL INFO Channel 02 : 25[3000] -> 24[2000] via direct shared memory
c198-021:14682:14740 [1] NCCL INFO Channel 03 : 25[3000] -> 24[2000] via direct shared memory
c197-102:16549:16600 [2] NCCL INFO Channel 03/0 : 6[82000] -> 11[83000] [send] via NET/IB/0
c197-111:27835:27888 [2] NCCL INFO Channel 01/0 : 7[83000] -> 10[82000] [receive] via NET/IB/0
c197-101:6471:6530 [1] NCCL INFO Channel 02 : 1[3000] -> 0[2000] via direct shared memory
c197-101:6471:6530 [1] NCCL INFO Channel 03 : 1[3000] -> 0[2000] via direct shared memory
c197-101:6472:6526 [2] NCCL INFO Channel 02 : 2[82000] -> 1[3000] via direct shared memory
c197-111:27834:27892 [1] NCCL INFO Channel 02 : 9[3000] -> 8[2000] via direct shared memory
c197-101:6472:6526 [2] NCCL INFO Channel 03 : 2[82000] -> 1[3000] via direct shared memory
c197-111:27834:27892 [1] NCCL INFO Channel 03 : 9[3000] -> 8[2000] via direct shared memory
c198-011:5328:5387 [0] NCCL INFO Channel 02/0 : 20[2000] -> 16[2000] [receive] via NET/IB/0
c197-101:6470:6521 [0] NCCL INFO Channel 02/0 : 0[2000] -> 4[2000] [send] via NET/IB/0
c198-012:2725:2779 [3] NCCL INFO Channel 03/0 : 19[83000] -> 23[83000] [receive] via NET/IB/0
c198-012:2722:2781 [0] NCCL INFO Channel 02/0 : 13[3000] -> 20[2000] [receive] via NET/IB/0
c198-012:2723:2784 [1] NCCL INFO Channel 02/0 : 24[2000] -> 21[3000] [receive] via NET/IB/0
c198-021:14681:14738 [0] NCCL INFO Channel 02/0 : 24[2000] -> 21[3000] [send] via NET/IB/0
c198-021:14683:14736 [2] NCCL INFO Channel 01/0 : 26[82000] -> 23[83000] [send] via NET/IB/0
c198-012:2724:2777 [2] NCCL INFO Channel 03/0 : 27[83000] -> 22[82000] [receive] via NET/IB/0
c198-021:14684:14734 [3] NCCL INFO Channel 01/0 : 19[83000] -> 27[83000] [receive] via NET/IB/0
c197-102:16548:16605 [1] NCCL INFO Channel 02/0 : 8[2000] -> 5[3000] [receive] via NET/IB/0
c197-102:16549:16600 [2] NCCL INFO Channel 03/0 : 11[83000] -> 6[82000] [receive] via NET/IB/0
c197-111:27833:27890 [0] NCCL INFO Channel 02/0 : 8[2000] -> 5[3000] [send] via NET/IB/0
c197-111:27836:27886 [3] NCCL INFO Channel 01/0 : 11[83000] -> 18[82000] [send] via NET/IB/0
c197-102:16550:16602 [3] NCCL INFO Channel 03/0 : 3[83000] -> 7[83000] [receive] via NET/IB/0
c197-111:27835:27888 [2] NCCL INFO Channel 01/0 : 10[82000] -> 7[83000] [send] via NET/IB/0
c198-021:14681:14738 [0] NCCL INFO Connected 1 MSCCL algorithms
c198-021:14681:14738 [0] NCCL INFO NCCL_PROTO set by environment to Simple
c198-021:14681:14738 [0] NCCL INFO NCCL_ALGO set by environment to MSCCL,TREE,RING
c198-021:14681:14738 [0] NCCL INFO threadThresholds 8/8/64 | 256/8/64 | 8/8/64 | 8/8/512
c198-021:14681:14738 [0] NCCL INFO 4 coll channels, 2 p2p channels, 2 p2p channels per peer
c198-012:2723:2784 [1] NCCL INFO Channel 02 : 21[3000] -> 20[2000] via direct shared memory
c198-012:2723:2784 [1] NCCL INFO Channel 03 : 21[3000] -> 20[2000] via direct shared memory
c197-102:16548:16605 [1] NCCL INFO Channel 02 : 5[3000] -> 4[2000] via direct shared memory
c197-102:16548:16605 [1] NCCL INFO Channel 03 : 5[3000] -> 4[2000] via direct shared memory
c197-111:27833:27890 [0] NCCL INFO Connected 1 MSCCL algorithms
c197-111:27833:27890 [0] NCCL INFO NCCL_PROTO set by environment to Simple
c197-111:27833:27890 [0] NCCL INFO NCCL_ALGO set by environment to MSCCL,TREE,RING
c197-111:27833:27890 [0] NCCL INFO threadThresholds 8/8/64 | 256/8/64 | 8/8/64 | 8/8/512
c197-111:27833:27890 [0] NCCL INFO 4 coll channels, 2 p2p channels, 2 p2p channels per peer
c198-011:5331:5381 [3] NCCL INFO Channel 01/0 : 19[83000] -> 27[83000] [send] via NET/IB/0
c197-101:6470:6521 [0] NCCL INFO Channel 02/0 : 4[2000] -> 0[2000] [receive] via NET/IB/0
c197-112:6639:6693 [1] NCCL INFO Channel 02/0 : 20[2000] -> 13[3000] [receive] via NET/IB/0
c197-102:16547:16606 [0] NCCL INFO Channel 02/0 : 4[2000] -> 12[2000] [send] via NET/IB/0
c198-012:2725:2779 [3] NCCL INFO Channel 03/0 : 14[82000] -> 23[83000] [receive] via NET/IB/0
c198-012:2722:2781 [0] NCCL INFO Channel 02/0 : 20[2000] -> 13[3000] [send] via NET/IB/0
c197-111:27836:27886 [3] NCCL INFO Channel 01/0 : 18[82000] -> 11[83000] [receive] via NET/IB/0
c197-101:6473:6528 [3] NCCL INFO Channel 01/0 : 19[83000] -> 3[83000] [receive] via NET/IB/0
c198-011:5330:5383 [2] NCCL INFO Channel 01/0 : 18[82000] -> 11[83000] [send] via NET/IB/0
c197-102:16550:16602 [3] NCCL INFO Channel 03/0 : 7[83000] -> 15[83000] [send] via NET/IB/0
c197-112:6639:6693 [1] NCCL INFO Channel 02 : 13[3000] -> 12[2000] via direct shared memory
c197-112:6639:6693 [1] NCCL INFO Channel 03 : 13[3000] -> 12[2000] via direct shared memory
c198-011:5330:5383 [2] NCCL INFO Channel 02 : 18[82000] -> 17[3000] via direct shared memory
c198-011:5330:5383 [2] NCCL INFO Channel 03 : 18[82000] -> 17[3000] via direct shared memory
c198-011:5331:5381 [3] NCCL INFO Channel 01/0 : 3[83000] -> 19[83000] [receive] via NET/IB/0
c197-102:16547:16606 [0] NCCL INFO Channel 02/0 : 12[2000] -> 4[2000] [receive] via NET/IB/0
c198-021:14684:14734 [3] NCCL INFO Channel 01/0 : 27[83000] -> 19[83000] [send] via NET/IB/0
c197-112:6640:6697 [2] NCCL INFO Channel 03/0 : 23[83000] -> 14[82000] [receive] via NET/IB/0
c197-112:6638:6691 [0] NCCL INFO Channel 02/0 : 28[2000] -> 12[2000] [receive] via NET/IB/0
c198-012:2722:2781 [0] NCCL INFO Channel 02/0 : 20[2000] -> 16[2000] [send] via NET/IB/0
c198-012:2725:2779 [3] NCCL INFO Channel 03/0 : 23[83000] -> 14[82000] [send] via NET/IB/0
c197-101:6473:6528 [3] NCCL INFO Channel 01/0 : 3[83000] -> 19[83000] [send] via NET/IB/0
c197-102:16550:16602 [3] NCCL INFO Channel 03/0 : 15[83000] -> 7[83000] [receive] via NET/IB/0
c197-111:27836:27886 [3] NCCL INFO Channel 03/0 : 11[83000] -> 6[82000] [send] via NET/IB/0
c197-112:6641:6695 [3] NCCL INFO Channel 03/0 : 31[83000] -> 15[83000] [receive] via NET/IB/0
c198-012:2722:2781 [0] NCCL INFO Connected 1 MSCCL algorithms
c198-012:2722:2781 [0] NCCL INFO NCCL_PROTO set by environment to Simple
c198-012:2722:2781 [0] NCCL INFO NCCL_ALGO set by environment to MSCCL,TREE,RING
c198-012:2722:2781 [0] NCCL INFO threadThresholds 8/8/64 | 256/8/64 | 8/8/64 | 8/8/512
c198-012:2722:2781 [0] NCCL INFO 4 coll channels, 2 p2p channels, 2 p2p channels per peer
c197-112:6640:6697 [2] NCCL INFO Channel 02 : 14[82000] -> 13[3000] via direct shared memory
c197-112:6640:6697 [2] NCCL INFO Channel 03 : 14[82000] -> 13[3000] via direct shared memory
c198-011:5328:5387 [0] NCCL INFO Connected 1 MSCCL algorithms
c198-011:5328:5387 [0] NCCL INFO NCCL_PROTO set by environment to Simple
c198-011:5328:5387 [0] NCCL INFO NCCL_ALGO set by environment to MSCCL,TREE,RING
c198-011:5328:5387 [0] NCCL INFO threadThresholds 8/8/64 | 256/8/64 | 8/8/64 | 8/8/512
c198-011:5328:5387 [0] NCCL INFO 4 coll channels, 2 p2p channels, 2 p2p channels per peer
c198-011:5329:5385 [1] NCCL INFO Connected 1 MSCCL algorithms
c198-011:5329:5385 [1] NCCL INFO NCCL_PROTO set by environment to Simple
c198-011:5329:5385 [1] NCCL INFO NCCL_ALGO set by environment to MSCCL,TREE,RING
c198-011:5329:5385 [1] NCCL INFO threadThresholds 8/8/64 | 256/8/64 | 8/8/64 | 8/8/512
c198-011:5329:5385 [1] NCCL INFO 4 coll channels, 2 p2p channels, 2 p2p channels per peer
c197-102:16549:16600 [2] NCCL INFO Channel 02 : 6[82000] -> 5[3000] via direct shared memory
c198-011:5331:5381 [3] NCCL INFO Channel 01/0 : 19[83000] -> 3[83000] [send] via NET/IB/0
c197-102:16549:16600 [2] NCCL INFO Channel 03 : 6[82000] -> 5[3000] via direct shared memory
c197-112:6638:6691 [0] NCCL INFO Channel 02/0 : 12[2000] -> 28[2000] [send] via NET/IB/0
c198-012:2725:2779 [3] NCCL INFO Channel 03/0 : 23[83000] -> 19[83000] [send] via NET/IB/0
c197-112:6641:6695 [3] NCCL INFO Channel 03/0 : 15[83000] -> 31[83000] [send] via NET/IB/0
c197-111:27836:27886 [3] NCCL INFO Channel 01/0 : 15[83000] -> 11[83000] [receive] via NET/IB/0
c198-022:3691:3748 [0] NCCL INFO Connected 1 MSCCL algorithms
c198-022:3691:3748 [0] NCCL INFO NCCL_PROTO set by environment to Simple
c198-022:3691:3748 [0] NCCL INFO NCCL_ALGO set by environment to MSCCL,TREE,RING
c198-022:3691:3748 [0] NCCL INFO threadThresholds 8/8/64 | 256/8/64 | 8/8/64 | 8/8/512
c198-022:3691:3748 [0] NCCL INFO 4 coll channels, 2 p2p channels, 2 p2p channels per peer
c198-022:3692:3750 [1] NCCL INFO Connected 1 MSCCL algorithms
c198-022:3692:3750 [1] NCCL INFO NCCL_PROTO set by environment to Simple
c198-022:3692:3750 [1] NCCL INFO NCCL_ALGO set by environment to MSCCL,TREE,RING
c198-022:3692:3750 [1] NCCL INFO threadThresholds 8/8/64 | 256/8/64 | 8/8/64 | 8/8/512
c198-022:3692:3750 [1] NCCL INFO 4 coll channels, 2 p2p channels, 2 p2p channels per peer
c198-011:5331:5381 [3] NCCL INFO Channel 01/0 : 27[83000] -> 19[83000] [receive] via NET/IB/0
c197-101:6473:6528 [3] NCCL INFO Channel 03/0 : 7[83000] -> 3[83000] [receive] via NET/IB/0
c197-112:6638:6691 [0] NCCL INFO Channel 02/0 : 12[2000] -> 4[2000] [send] via NET/IB/0
c197-112:6641:6695 [3] NCCL INFO Channel 03/0 : 15[83000] -> 7[83000] [send] via NET/IB/0
c198-022:3694:3752 [3] NCCL INFO Channel 01/0 : 31[83000] -> 27[83000] [send] via NET/IB/0
c197-112:6638:6691 [0] NCCL INFO Connected 1 MSCCL algorithms
c197-112:6638:6691 [0] NCCL INFO NCCL_PROTO set by environment to Simple
c197-112:6638:6691 [0] NCCL INFO NCCL_ALGO set by environment to MSCCL,TREE,RING
c197-112:6638:6691 [0] NCCL INFO threadThresholds 8/8/64 | 256/8/64 | 8/8/64 | 8/8/512
c197-112:6638:6691 [0] NCCL INFO 4 coll channels, 2 p2p channels, 2 p2p channels per peer
c197-112:6639:6693 [1] NCCL INFO Connected 1 MSCCL algorithms
c197-112:6639:6693 [1] NCCL INFO NCCL_PROTO set by environment to Simple
c197-112:6639:6693 [1] NCCL INFO NCCL_ALGO set by environment to MSCCL,TREE,RING
c197-112:6639:6693 [1] NCCL INFO threadThresholds 8/8/64 | 256/8/64 | 8/8/64 | 8/8/512
c197-112:6639:6693 [1] NCCL INFO 4 coll channels, 2 p2p channels, 2 p2p channels per peer
c198-021:14684:14734 [3] NCCL INFO Channel 03/0 : 27[83000] -> 22[82000] [send] via NET/IB/0
c198-011:5331:5381 [3] NCCL INFO Channel 03/0 : 23[83000] -> 19[83000] [receive] via NET/IB/0
c197-102:16547:16606 [0] NCCL INFO Channel 02/0 : 4[2000] -> 0[2000] [send] via NET/IB/0
c198-011:5331:5381 [3] NCCL INFO Channel 02 : 19[83000] -> 18[82000] via direct shared memory
c198-011:5331:5381 [3] NCCL INFO Channel 03 : 19[83000] -> 18[82000] via direct shared memory
c198-011:5331:5381 [3] NCCL INFO Connected 1 MSCCL algorithms
c198-011:5331:5381 [3] NCCL INFO NCCL_PROTO set by environment to Simple
c198-011:5331:5381 [3] NCCL INFO NCCL_ALGO set by environment to MSCCL,TREE,RING
c198-011:5331:5381 [3] NCCL INFO threadThresholds 8/8/64 | 256/8/64 | 8/8/64 | 8/8/512
c198-011:5331:5381 [3] NCCL INFO 4 coll channels, 2 p2p channels, 2 p2p channels per peer
c198-011:5330:5383 [2] NCCL INFO Connected 1 MSCCL algorithms
c198-011:5330:5383 [2] NCCL INFO NCCL_PROTO set by environment to Simple
c198-011:5330:5383 [2] NCCL INFO NCCL_ALGO set by environment to MSCCL,TREE,RING
c198-011:5330:5383 [2] NCCL INFO threadThresholds 8/8/64 | 256/8/64 | 8/8/64 | 8/8/512
c198-011:5330:5383 [2] NCCL INFO 4 coll channels, 2 p2p channels, 2 p2p channels per peer
c197-112:6641:6695 [3] NCCL INFO Channel 01/0 : 15[83000] -> 11[83000] [send] via NET/IB/0
c197-102:16550:16602 [3] NCCL INFO Channel 03/0 : 7[83000] -> 3[83000] [send] via NET/IB/0
c198-012:2724:2777 [2] NCCL INFO Channel 02 : 22[82000] -> 21[3000] via direct shared memory
c198-012:2724:2777 [2] NCCL INFO Channel 03 : 22[82000] -> 21[3000] via direct shared memory
c197-112:6641:6695 [3] NCCL INFO Channel 02 : 15[83000] -> 14[82000] via direct shared memory
c197-112:6641:6695 [3] NCCL INFO Channel 03 : 15[83000] -> 14[82000] via direct shared memory
c197-111:27836:27886 [3] NCCL INFO Channel 02 : 11[83000] -> 10[82000] via direct shared memory
c197-111:27836:27886 [3] NCCL INFO Channel 03 : 11[83000] -> 10[82000] via direct shared memory
c197-101:6473:6528 [3] NCCL INFO Channel 02 : 3[83000] -> 2[82000] via direct shared memory
c197-101:6473:6528 [3] NCCL INFO Channel 03 : 3[83000] -> 2[82000] via direct shared memory
c198-012:2723:2784 [1] NCCL INFO Connected 1 MSCCL algorithms
c198-012:2723:2784 [1] NCCL INFO NCCL_PROTO set by environment to Simple
c198-012:2723:2784 [1] NCCL INFO NCCL_ALGO set by environment to MSCCL,TREE,RING
c198-012:2723:2784 [1] NCCL INFO threadThresholds 8/8/64 | 256/8/64 | 8/8/64 | 8/8/512
c198-012:2723:2784 [1] NCCL INFO 4 coll channels, 2 p2p channels, 2 p2p channels per peer
c197-112:6641:6695 [3] NCCL INFO Connected 1 MSCCL algorithms
c197-112:6641:6695 [3] NCCL INFO NCCL_PROTO set by environment to Simple
c197-112:6641:6695 [3] NCCL INFO NCCL_ALGO set by environment to MSCCL,TREE,RING
c197-112:6641:6695 [3] NCCL INFO threadThresholds 8/8/64 | 256/8/64 | 8/8/64 | 8/8/512
c197-112:6641:6695 [3] NCCL INFO 4 coll channels, 2 p2p channels, 2 p2p channels per peer
c197-112:6640:6697 [2] NCCL INFO Connected 1 MSCCL algorithms
c197-112:6640:6697 [2] NCCL INFO NCCL_PROTO set by environment to Simple
c197-112:6640:6697 [2] NCCL INFO NCCL_ALGO set by environment to MSCCL,TREE,RING
c197-112:6640:6697 [2] NCCL INFO threadThresholds 8/8/64 | 256/8/64 | 8/8/64 | 8/8/512
c197-112:6640:6697 [2] NCCL INFO 4 coll channels, 2 p2p channels, 2 p2p channels per peer
c197-102:16547:16606 [0] NCCL INFO Connected 1 MSCCL algorithms
c197-102:16547:16606 [0] NCCL INFO NCCL_PROTO set by environment to Simple
c197-102:16547:16606 [0] NCCL INFO NCCL_ALGO set by environment to MSCCL,TREE,RING
c197-102:16547:16606 [0] NCCL INFO threadThresholds 8/8/64 | 256/8/64 | 8/8/64 | 8/8/512
c197-102:16547:16606 [0] NCCL INFO 4 coll channels, 2 p2p channels, 2 p2p channels per peer
c197-101:6473:6528 [3] NCCL INFO Connected 1 MSCCL algorithms
c197-101:6473:6528 [3] NCCL INFO NCCL_PROTO set by environment to Simple
c197-101:6473:6528 [3] NCCL INFO NCCL_ALGO set by environment to MSCCL,TREE,RING
c197-101:6473:6528 [3] NCCL INFO threadThresholds 8/8/64 | 256/8/64 | 8/8/64 | 8/8/512
c197-101:6473:6528 [3] NCCL INFO 4 coll channels, 2 p2p channels, 2 p2p channels per peer
c197-101:6472:6526 [2] NCCL INFO Connected 1 MSCCL algorithms
c197-101:6472:6526 [2] NCCL INFO NCCL_PROTO set by environment to Simple
c197-101:6472:6526 [2] NCCL INFO NCCL_ALGO set by environment to MSCCL,TREE,RING
c197-101:6472:6526 [2] NCCL INFO threadThresholds 8/8/64 | 256/8/64 | 8/8/64 | 8/8/512
c197-101:6472:6526 [2] NCCL INFO 4 coll channels, 2 p2p channels, 2 p2p channels per peer
c197-101:6470:6521 [0] NCCL INFO Connected 1 MSCCL algorithms
c197-101:6470:6521 [0] NCCL INFO NCCL_PROTO set by environment to Simple
c197-101:6470:6521 [0] NCCL INFO NCCL_ALGO set by environment to MSCCL,TREE,RING
c197-101:6470:6521 [0] NCCL INFO threadThresholds 8/8/64 | 256/8/64 | 8/8/64 | 8/8/512
c197-101:6470:6521 [0] NCCL INFO 4 coll channels, 2 p2p channels, 2 p2p channels per peer
c197-102:16548:16605 [1] NCCL INFO Connected 1 MSCCL algorithms
c197-102:16548:16605 [1] NCCL INFO NCCL_PROTO set by environment to Simple
c197-102:16548:16605 [1] NCCL INFO NCCL_ALGO set by environment to MSCCL,TREE,RING
c197-102:16548:16605 [1] NCCL INFO threadThresholds 8/8/64 | 256/8/64 | 8/8/64 | 8/8/512
c197-102:16548:16605 [1] NCCL INFO 4 coll channels, 2 p2p channels, 2 p2p channels per peer
c197-101:6471:6530 [1] NCCL INFO Connected 1 MSCCL algorithms
c197-101:6471:6530 [1] NCCL INFO NCCL_PROTO set by environment to Simple
c197-101:6471:6530 [1] NCCL INFO NCCL_ALGO set by environment to MSCCL,TREE,RING
c197-101:6471:6530 [1] NCCL INFO threadThresholds 8/8/64 | 256/8/64 | 8/8/64 | 8/8/512
c197-101:6471:6530 [1] NCCL INFO 4 coll channels, 2 p2p channels, 2 p2p channels per peer
c198-021:14684:14734 [3] NCCL INFO Channel 01/0 : 31[83000] -> 27[83000] [receive] via NET/IB/0
c198-012:2725:2779 [3] NCCL INFO Channel 01/0 : 26[82000] -> 23[83000] [receive] via NET/IB/0
c198-022:3694:3752 [3] NCCL INFO Channel 02 : 31[83000] -> 30[82000] via direct shared memory
c198-022:3694:3752 [3] NCCL INFO Channel 03 : 31[83000] -> 30[82000] via direct shared memory
c198-021:14684:14734 [3] NCCL INFO Channel 02 : 27[83000] -> 26[82000] via direct shared memory
c198-021:14684:14734 [3] NCCL INFO Channel 03 : 27[83000] -> 26[82000] via direct shared memory
c198-012:2725:2779 [3] NCCL INFO Channel 02 : 23[83000] -> 22[82000] via direct shared memory
c198-012:2725:2779 [3] NCCL INFO Channel 03 : 23[83000] -> 22[82000] via direct shared memory
c198-011:5331:5381 [3] NCCL INFO comm 0x2b1060000010 rank 19 nranks 32 cudaDev 3 busId 83000 - Init COMPLETE
c198-022:3694:3752 [3] NCCL INFO Connected 1 MSCCL algorithms
c198-022:3694:3752 [3] NCCL INFO NCCL_PROTO set by environment to Simple
c198-022:3694:3752 [3] NCCL INFO NCCL_ALGO set by environment to MSCCL,TREE,RING
c198-022:3694:3752 [3] NCCL INFO threadThresholds 8/8/64 | 256/8/64 | 8/8/64 | 8/8/512
c198-022:3694:3752 [3] NCCL INFO 4 coll channels, 2 p2p channels, 2 p2p channels per peer
c198-022:3693:3746 [2] NCCL INFO Connected 1 MSCCL algorithms
c198-022:3693:3746 [2] NCCL INFO NCCL_PROTO set by environment to Simple
c198-022:3693:3746 [2] NCCL INFO NCCL_ALGO set by environment to MSCCL,TREE,RING
c198-022:3693:3746 [2] NCCL INFO threadThresholds 8/8/64 | 256/8/64 | 8/8/64 | 8/8/512
c198-022:3693:3746 [2] NCCL INFO 4 coll channels, 2 p2p channels, 2 p2p channels per peer
c198-011:5330:5383 [2] NCCL INFO comm 0x2af48e000010 rank 18 nranks 32 cudaDev 2 busId 82000 - Init COMPLETE
c198-011:5329:5385 [1] NCCL INFO comm 0x2b450e000010 rank 17 nranks 32 cudaDev 1 busId 3000 - Init COMPLETE
c198-011:5328:5387 [0] NCCL INFO comm 0x2abc1cfb8010 rank 16 nranks 32 cudaDev 0 busId 2000 - Init COMPLETE
c198-012:2725:2779 [3] NCCL INFO Connected 1 MSCCL algorithms
c198-012:2725:2779 [3] NCCL INFO NCCL_PROTO set by environment to Simple
c198-012:2725:2779 [3] NCCL INFO NCCL_ALGO set by environment to MSCCL,TREE,RING
c198-012:2725:2779 [3] NCCL INFO threadThresholds 8/8/64 | 256/8/64 | 8/8/64 | 8/8/512
c198-012:2725:2779 [3] NCCL INFO 4 coll channels, 2 p2p channels, 2 p2p channels per peer
c198-012:2724:2777 [2] NCCL INFO Connected 1 MSCCL algorithms
c198-012:2724:2777 [2] NCCL INFO NCCL_PROTO set by environment to Simple
c198-012:2724:2777 [2] NCCL INFO NCCL_ALGO set by environment to MSCCL,TREE,RING
c198-012:2724:2777 [2] NCCL INFO threadThresholds 8/8/64 | 256/8/64 | 8/8/64 | 8/8/512
c198-012:2724:2777 [2] NCCL INFO 4 coll channels, 2 p2p channels, 2 p2p channels per peer
c197-102:16550:16602 [3] NCCL INFO Channel 01/0 : 10[82000] -> 7[83000] [receive] via NET/IB/0
c197-112:6641:6695 [3] NCCL INFO comm 0x2b1400000010 rank 15 nranks 32 cudaDev 3 busId 83000 - Init COMPLETE
c198-021:14683:14736 [2] NCCL INFO Channel 02 : 26[82000] -> 25[3000] via direct shared memory
c198-021:14683:14736 [2] NCCL INFO Channel 03 : 26[82000] -> 25[3000] via direct shared memory
c197-112:6639:6693 [1] NCCL INFO comm 0x2ad382615010 rank 13 nranks 32 cudaDev 1 busId 3000 - Init COMPLETE
c197-112:6638:6691 [0] NCCL INFO comm 0x2b27b6201010 rank 12 nranks 32 cudaDev 0 busId 2000 - Init COMPLETE
c197-102:16550:16602 [3] NCCL INFO Channel 02 : 7[83000] -> 6[82000] via direct shared memory
c197-102:16550:16602 [3] NCCL INFO Channel 03 : 7[83000] -> 6[82000] via direct shared memory
c197-112:6640:6697 [2] NCCL INFO comm 0x2b840e000010 rank 14 nranks 32 cudaDev 2 busId 82000 - Init COMPLETE
c198-021:14684:14734 [3] NCCL INFO Connected 1 MSCCL algorithms
c198-021:14684:14734 [3] NCCL INFO NCCL_PROTO set by environment to Simple
c198-021:14684:14734 [3] NCCL INFO NCCL_ALGO set by environment to MSCCL,TREE,RING
c198-021:14684:14734 [3] NCCL INFO threadThresholds 8/8/64 | 256/8/64 | 8/8/64 | 8/8/512
c198-021:14684:14734 [3] NCCL INFO 4 coll channels, 2 p2p channels, 2 p2p channels per peer
c198-021:14683:14736 [2] NCCL INFO Connected 1 MSCCL algorithms
c198-021:14683:14736 [2] NCCL INFO NCCL_PROTO set by environment to Simple
c198-021:14683:14736 [2] NCCL INFO NCCL_ALGO set by environment to MSCCL,TREE,RING
c198-021:14683:14736 [2] NCCL INFO threadThresholds 8/8/64 | 256/8/64 | 8/8/64 | 8/8/512
c198-021:14683:14736 [2] NCCL INFO 4 coll channels, 2 p2p channels, 2 p2p channels per peer
c198-021:14682:14740 [1] NCCL INFO Connected 1 MSCCL algorithms
c198-021:14682:14740 [1] NCCL INFO NCCL_PROTO set by environment to Simple
c198-021:14682:14740 [1] NCCL INFO NCCL_ALGO set by environment to MSCCL,TREE,RING
c198-021:14682:14740 [1] NCCL INFO threadThresholds 8/8/64 | 256/8/64 | 8/8/64 | 8/8/512
c198-021:14682:14740 [1] NCCL INFO 4 coll channels, 2 p2p channels, 2 p2p channels per peer
c197-101:6473:6528 [3] NCCL INFO comm 0x2aafc0000010 rank 3 nranks 32 cudaDev 3 busId 83000 - Init COMPLETE
c197-102:16550:16602 [3] NCCL INFO Connected 1 MSCCL algorithms
c197-102:16550:16602 [3] NCCL INFO NCCL_PROTO set by environment to Simple
c197-102:16550:16602 [3] NCCL INFO NCCL_ALGO set by environment to MSCCL,TREE,RING
c197-102:16550:16602 [3] NCCL INFO threadThresholds 8/8/64 | 256/8/64 | 8/8/64 | 8/8/512
c197-102:16550:16602 [3] NCCL INFO 4 coll channels, 2 p2p channels, 2 p2p channels per peer
c197-101:6471:6530 [1] NCCL INFO comm 0x2b1bc0000010 rank 1 nranks 32 cudaDev 1 busId 3000 - Init COMPLETE
c197-101:6470:6521 [0] NCCL INFO comm 0x2ac2c2000010 rank 0 nranks 32 cudaDev 0 busId 2000 - Init COMPLETE
#
#                                                              out-of-place                       in-place          
#       size         count      type   redop    root     time   algbw   busbw #wrong     time   algbw   busbw #wrong
#        (B)    (elements)                               (us)  (GB/s)  (GB/s)            (us)  (GB/s)  (GB/s)       
c197-102:16549:16600 [2] NCCL INFO Connected 1 MSCCL algorithms
c197-102:16549:16600 [2] NCCL INFO NCCL_PROTO set by environment to Simple
c197-101:6472:6526 [2] NCCL INFO comm 0x2b43c4000010 rank 2 nranks 32 cudaDev 2 busId 82000 - Init COMPLETE
c197-102:16549:16600 [2] NCCL INFO NCCL_ALGO set by environment to MSCCL,TREE,RING
c197-102:16549:16600 [2] NCCL INFO threadThresholds 8/8/64 | 256/8/64 | 8/8/64 | 8/8/512
c197-102:16549:16600 [2] NCCL INFO 4 coll channels, 2 p2p channels, 2 p2p channels per peer
c197-111:27835:27888 [2] NCCL INFO Channel 02 : 10[82000] -> 9[3000] via direct shared memory
c197-111:27835:27888 [2] NCCL INFO Channel 03 : 10[82000] -> 9[3000] via direct shared memory
c197-111:27836:27886 [3] NCCL INFO Connected 1 MSCCL algorithms
c197-111:27836:27886 [3] NCCL INFO NCCL_PROTO set by environment to Simple
c197-111:27836:27886 [3] NCCL INFO NCCL_ALGO set by environment to MSCCL,TREE,RING
c197-111:27836:27886 [3] NCCL INFO threadThresholds 8/8/64 | 256/8/64 | 8/8/64 | 8/8/512
c197-111:27836:27886 [3] NCCL INFO 4 coll channels, 2 p2p channels, 2 p2p channels per peer
c197-111:27835:27888 [2] NCCL INFO Connected 1 MSCCL algorithms
c197-111:27835:27888 [2] NCCL INFO NCCL_PROTO set by environment to Simple
c197-111:27835:27888 [2] NCCL INFO NCCL_ALGO set by environment to MSCCL,TREE,RING
c197-111:27835:27888 [2] NCCL INFO threadThresholds 8/8/64 | 256/8/64 | 8/8/64 | 8/8/512
c197-111:27834:27892 [1] NCCL INFO Connected 1 MSCCL algorithms
c197-111:27835:27888 [2] NCCL INFO 4 coll channels, 2 p2p channels, 2 p2p channels per peer
c197-111:27834:27892 [1] NCCL INFO NCCL_PROTO set by environment to Simple
c197-111:27834:27892 [1] NCCL INFO NCCL_ALGO set by environment to MSCCL,TREE,RING
c197-111:27834:27892 [1] NCCL INFO threadThresholds 8/8/64 | 256/8/64 | 8/8/64 | 8/8/512
c197-111:27834:27892 [1] NCCL INFO 4 coll channels, 2 p2p channels, 2 p2p channels per peer
c198-022:3694:3752 [3] NCCL INFO comm 0x2b86ae000010 rank 31 nranks 32 cudaDev 3 busId 83000 - Init COMPLETE
c198-022:3692:3750 [1] NCCL INFO comm 0x2b6691d3f010 rank 29 nranks 32 cudaDev 1 busId 3000 - Init COMPLETE
c198-022:3691:3748 [0] NCCL INFO comm 0x2b4912402010 rank 28 nranks 32 cudaDev 0 busId 2000 - Init COMPLETE
c198-022:3693:3746 [2] NCCL INFO comm 0x2ac02e000010 rank 30 nranks 32 cudaDev 2 busId 82000 - Init COMPLETE
c198-012:2725:2779 [3] NCCL INFO comm 0x2ab61e000010 rank 23 nranks 32 cudaDev 3 busId 83000 - Init COMPLETE
c198-012:2723:2784 [1] NCCL INFO comm 0x2acd72000010 rank 21 nranks 32 cudaDev 1 busId 3000 - Init COMPLETE
c198-012:2724:2777 [2] NCCL INFO comm 0x2b8e94000010 rank 22 nranks 32 cudaDev 2 busId 82000 - Init COMPLETE
c198-012:2722:2781 [0] NCCL INFO comm 0x2aeb9e201010 rank 20 nranks 32 cudaDev 0 busId 2000 - Init COMPLETE
c198-021:14683:14736 [2] NCCL INFO comm 0x2b27fd4db010 rank 26 nranks 32 cudaDev 2 busId 82000 - Init COMPLETE
c198-021:14684:14734 [3] NCCL INFO comm 0x2ab91e000010 rank 27 nranks 32 cudaDev 3 busId 83000 - Init COMPLETE
c198-021:14681:14738 [0] NCCL INFO comm 0x2b88ad259010 rank 24 nranks 32 cudaDev 0 busId 2000 - Init COMPLETE
c197-102:16549:16600 [2] NCCL INFO comm 0x2b3e1e000010 rank 6 nranks 32 cudaDev 2 busId 82000 - Init COMPLETE
c197-102:16550:16602 [3] NCCL INFO comm 0x2b3bae000010 rank 7 nranks 32 cudaDev 3 busId 83000 - Init COMPLETE
c197-102:16547:16606 [0] NCCL INFO comm 0x2b719e000010 rank 4 nranks 32 cudaDev 0 busId 2000 - Init COMPLETE
c198-021:14682:14740 [1] NCCL INFO comm 0x2ab6be000010 rank 25 nranks 32 cudaDev 1 busId 3000 - Init COMPLETE
c197-102:16548:16605 [1] NCCL INFO comm 0x2b228c000010 rank 5 nranks 32 cudaDev 1 busId 3000 - Init COMPLETE
c197-111:27836:27886 [3] NCCL INFO comm 0x2b6bb2615010 rank 11 nranks 32 cudaDev 3 busId 83000 - Init COMPLETE
c197-111:27834:27892 [1] NCCL INFO comm 0x2ab7ece6b010 rank 9 nranks 32 cudaDev 1 busId 3000 - Init COMPLETE
c197-111:27835:27888 [2] NCCL INFO comm 0x2b5cb0000010 rank 10 nranks 32 cudaDev 2 busId 82000 - Init COMPLETE
c197-111:27833:27890 [0] NCCL INFO comm 0x2b474e000010 rank 8 nranks 32 cudaDev 0 busId 2000 - Init COMPLETE
c197-101:6470:6470 [0] NCCL INFO Launch mode Parallel
       65536         16384     float     sum      -1    292.4    0.22    0.43      0    303.8    0.22    0.42      0
      131072         32768     float     sum      -1    299.3    0.44    0.85      0    299.6    0.44    0.85      0
      262144         65536     float     sum      -1    333.1    0.79    1.52      0    351.9    0.75    1.44      0
      524288        131072     float     sum      -1    487.0    1.08    2.09      0    477.0    1.10    2.13      0
     1048576        262144     float     sum      -1    786.8    1.33    2.58      0    813.0    1.29    2.50      0
     2097152        524288     float     sum      -1   1463.1    1.43    2.78      0   1465.9    1.43    2.77      0
     4194304       1048576     float     sum      -1   2878.0    1.46    2.82      0   2815.1    1.49    2.89      0
     8388608       2097152     float     sum      -1   5508.9    1.52    2.95      0   5511.7    1.52    2.95      0
    16777216       4194304     float     sum      -1    10642    1.58    3.05      0    10747    1.56    3.02      0
    33554432       8388608     float     sum      -1    20799    1.61    3.13      0    20733    1.62    3.14      0
    67108864      16777216     float     sum      -1    36595    1.83    3.55      0    36623    1.83    3.55      0
   134217728      33554432     float     sum      -1    72691    1.85    3.58      0    72426    1.85    3.59      0
   268435456      67108864     float     sum      -1   144492    1.86    3.60      0   144563    1.86    3.60      0
c198-022:3694:3694 [3] NCCL INFO comm 0x2b86ae000010 rank 31 nranks 32 cudaDev 3 busId 83000 - Destroy COMPLETE
c198-022:3692:3692 [1] NCCL INFO comm 0x2b6691d3f010 rank 29 nranks 32 cudaDev 1 busId 3000 - Destroy COMPLETE
c197-101:6473:6473 [3] NCCL INFO comm 0x2aafc0000010 rank 3 nranks 32 cudaDev 3 busId 83000 - Destroy COMPLETE
c197-111:27836:27836 [3] NCCL INFO comm 0x2b6bb2615010 rank 11 nranks 32 cudaDev 3 busId 83000 - Destroy COMPLETE
c198-011:5331:5331 [3] NCCL INFO comm 0x2b1060000010 rank 19 nranks 32 cudaDev 3 busId 83000 - Destroy COMPLETE
c197-101:6471:6471 [1] NCCL INFO comm 0x2b1bc0000010 rank 1 nranks 32 cudaDev 1 busId 3000 - Destroy COMPLETE
c198-021:14684:14684 [3] NCCL INFO comm 0x2ab91e000010 rank 27 nranks 32 cudaDev 3 busId 83000 - Destroy COMPLETE
c197-102:16550:16550 [3] NCCL INFO comm 0x2b3bae000010 rank 7 nranks 32 cudaDev 3 busId 83000 - Destroy COMPLETE
c197-112:6641:6641 [3] NCCL INFO comm 0x2b1400000010 rank 15 nranks 32 cudaDev 3 busId 83000 - Destroy COMPLETE
c198-012:2724:2724 [2] NCCL INFO comm 0x2b8e94000010 rank 22 nranks 32 cudaDev 2 busId 82000 - Destroy COMPLETE
c198-021:14681:14681 [0] NCCL INFO comm 0x2b88ad259010 rank 24 nranks 32 cudaDev 0 busId 2000 - Destroy COMPLETE
c198-021:14683:14683 [2] NCCL INFO comm 0x2b27fd4db010 rank 26 nranks 32 cudaDev 2 busId 82000 - Destroy COMPLETE
c197-101:6470:6470 [0] NCCL INFO comm 0x2ac2c2000010 rank 0 nranks 32 cudaDev 0 busId 2000 - Destroy COMPLETE
c198-011:5328:5328 [0] NCCL INFO comm 0x2abc1cfb8010 rank 16 nranks 32 cudaDev 0 busId 2000 - Destroy COMPLETE
c197-111:27834:27834 [1] NCCL INFO comm 0x2ab7ece6b010 rank 9 nranks 32 cudaDev 1 busId 3000 - Destroy COMPLETE
c198-022:3691:3691 [0] NCCL INFO comm 0x2b4912402010 rank 28 nranks 32 cudaDev 0 busId 2000 - Destroy COMPLETE
c198-021:14682:14682 [1] NCCL INFO comm 0x2ab6be000010 rank 25 nranks 32 cudaDev 1 busId 3000 - Destroy COMPLETE
c197-112:6640:6640 [2] NCCL INFO comm 0x2b840e000010 rank 14 nranks 32 cudaDev 2 busId 82000 - Destroy COMPLETE
c198-022:3693:3693 [2] NCCL INFO comm 0x2ac02e000010 rank 30 nranks 32 cudaDev 2 busId 82000 - Destroy COMPLETE
c197-112:6638:6638 [0] NCCL INFO comm 0x2b27b6201010 rank 12 nranks 32 cudaDev 0 busId 2000 - Destroy COMPLETE
c198-012:2725:2725 [3] NCCL INFO comm 0x2ab61e000010 rank 23 nranks 32 cudaDev 3 busId 83000 - Destroy COMPLETE
c197-111:27833:27833 [0] NCCL INFO comm 0x2b474e000010 rank 8 nranks 32 cudaDev 0 busId 2000 - Destroy COMPLETE
c197-101:6472:6472 [2] NCCL INFO comm 0x2b43c4000010 rank 2 nranks 32 cudaDev 2 busId 82000 - Destroy COMPLETE
c198-011:5330:5330 [2] NCCL INFO comm 0x2af48e000010 rank 18 nranks 32 cudaDev 2 busId 82000 - Destroy COMPLETE
c197-102:16547:16547 [0] NCCL INFO comm 0x2b719e000010 rank 4 nranks 32 cudaDev 0 busId 2000 - Destroy COMPLETE
c198-011:5329:5329 [1] NCCL INFO comm 0x2b450e000010 rank 17 nranks 32 cudaDev 1 busId 3000 - Destroy COMPLETE
c198-012:2722:2722 [0] NCCL INFO comm 0x2aeb9e201010 rank 20 nranks 32 cudaDev 0 busId 2000 - Destroy COMPLETE
c197-102:16548:16548 [1] NCCL INFO comm 0x2b228c000010 rank 5 nranks 32 cudaDev 1 busId 3000 - Destroy COMPLETE
# Out of bounds values : 0 OK
# Avg bus bandwidth    : 2.53001 
#
c197-102:16549:16549 [2] NCCL INFO comm 0x2b3e1e000010 rank 6 nranks 32 cudaDev 2 busId 82000 - Destroy COMPLETE
c198-012:2723:2723 [1] NCCL INFO comm 0x2acd72000010 rank 21 nranks 32 cudaDev 1 busId 3000 - Destroy COMPLETE
c197-111:27835:27835 [2] NCCL INFO comm 0x2b5cb0000010 rank 10 nranks 32 cudaDev 2 busId 82000 - Destroy COMPLETE
c197-112:6639:6639 [1] NCCL INFO comm 0x2ad382615010 rank 13 nranks 32 cudaDev 1 busId 3000 - Destroy COMPLETE

TACC:  Shutdown complete. Exiting. 
