TACC:  Starting up job 6212448 
TACC:  Starting parallel tasks... 
# nThread 1 nGpus 1 minBytes 65536 maxBytes 268435456 step: 2(factor) warmup iters: 5 iters: 60 agg iters: 1 validation: 1 graph: 0
#
# Using devices
#  Rank  0 Group  0 Pid  14609 on   c197-031 device  0 [0x02] Quadro RTX 5000
#  Rank  1 Group  0 Pid  14610 on   c197-031 device  1 [0x03] Quadro RTX 5000
#  Rank  2 Group  0 Pid  14611 on   c197-031 device  2 [0x82] Quadro RTX 5000
#  Rank  3 Group  0 Pid  14612 on   c197-031 device  3 [0x83] Quadro RTX 5000
#  Rank  4 Group  0 Pid  25618 on   c197-032 device  0 [0x02] Quadro RTX 5000
#  Rank  5 Group  0 Pid  25619 on   c197-032 device  1 [0x03] Quadro RTX 5000
#  Rank  6 Group  0 Pid  25620 on   c197-032 device  2 [0x82] Quadro RTX 5000
#  Rank  7 Group  0 Pid  25621 on   c197-032 device  3 [0x83] Quadro RTX 5000
#  Rank  8 Group  0 Pid  25955 on   c197-041 device  0 [0x02] Quadro RTX 5000
#  Rank  9 Group  0 Pid  25956 on   c197-041 device  1 [0x03] Quadro RTX 5000
#  Rank 10 Group  0 Pid  25957 on   c197-041 device  2 [0x82] Quadro RTX 5000
#  Rank 11 Group  0 Pid  25958 on   c197-041 device  3 [0x83] Quadro RTX 5000
#  Rank 12 Group  0 Pid  14577 on   c198-031 device  0 [0x02] Quadro RTX 5000
#  Rank 13 Group  0 Pid  14578 on   c198-031 device  1 [0x03] Quadro RTX 5000
#  Rank 14 Group  0 Pid  14579 on   c198-031 device  2 [0x82] Quadro RTX 5000
#  Rank 15 Group  0 Pid  14580 on   c198-031 device  3 [0x83] Quadro RTX 5000
#  Rank 16 Group  0 Pid   8426 on   c198-032 device  0 [0x02] Quadro RTX 5000
#  Rank 17 Group  0 Pid   8427 on   c198-032 device  1 [0x03] Quadro RTX 5000
#  Rank 18 Group  0 Pid   8428 on   c198-032 device  2 [0x82] Quadro RTX 5000
#  Rank 19 Group  0 Pid   8429 on   c198-032 device  3 [0x83] Quadro RTX 5000
#  Rank 20 Group  0 Pid  27937 on   c198-041 device  0 [0x02] Quadro RTX 5000
#  Rank 21 Group  0 Pid  27938 on   c198-041 device  1 [0x03] Quadro RTX 5000
#  Rank 22 Group  0 Pid  27939 on   c198-041 device  2 [0x82] Quadro RTX 5000
#  Rank 23 Group  0 Pid  27940 on   c198-041 device  3 [0x83] Quadro RTX 5000
#  Rank 24 Group  0 Pid  30130 on   c198-042 device  0 [0x02] Quadro RTX 5000
#  Rank 25 Group  0 Pid  30131 on   c198-042 device  1 [0x03] Quadro RTX 5000
#  Rank 26 Group  0 Pid  30132 on   c198-042 device  2 [0x82] Quadro RTX 5000
#  Rank 27 Group  0 Pid  30133 on   c198-042 device  3 [0x83] Quadro RTX 5000
#  Rank 28 Group  0 Pid   8488 on   c198-051 device  0 [0x02] Quadro RTX 5000
#  Rank 29 Group  0 Pid   8489 on   c198-051 device  1 [0x03] Quadro RTX 5000
#  Rank 30 Group  0 Pid   8490 on   c198-051 device  2 [0x82] Quadro RTX 5000
#  Rank 31 Group  0 Pid   8491 on   c198-051 device  3 [0x83] Quadro RTX 5000
#  Rank 32 Group  0 Pid   6614 on   c198-052 device  0 [0x02] Quadro RTX 5000
#  Rank 33 Group  0 Pid   6615 on   c198-052 device  1 [0x03] Quadro RTX 5000
#  Rank 34 Group  0 Pid   6616 on   c198-052 device  2 [0x82] Quadro RTX 5000
#  Rank 35 Group  0 Pid   6617 on   c198-052 device  3 [0x83] Quadro RTX 5000
#  Rank 36 Group  0 Pid  31442 on   c198-061 device  0 [0x02] Quadro RTX 5000
#  Rank 37 Group  0 Pid  31443 on   c198-061 device  1 [0x03] Quadro RTX 5000
#  Rank 38 Group  0 Pid  31444 on   c198-061 device  2 [0x82] Quadro RTX 5000
#  Rank 39 Group  0 Pid  31445 on   c198-061 device  3 [0x83] Quadro RTX 5000
#  Rank 40 Group  0 Pid  17729 on   c198-062 device  0 [0x02] Quadro RTX 5000
#  Rank 41 Group  0 Pid  17730 on   c198-062 device  1 [0x03] Quadro RTX 5000
#  Rank 42 Group  0 Pid  17731 on   c198-062 device  2 [0x82] Quadro RTX 5000
#  Rank 43 Group  0 Pid  17732 on   c198-062 device  3 [0x83] Quadro RTX 5000
#  Rank 44 Group  0 Pid   7863 on   c198-071 device  0 [0x02] Quadro RTX 5000
#  Rank 45 Group  0 Pid   7864 on   c198-071 device  1 [0x03] Quadro RTX 5000
#  Rank 46 Group  0 Pid   7865 on   c198-071 device  2 [0x82] Quadro RTX 5000
#  Rank 47 Group  0 Pid   7866 on   c198-071 device  3 [0x83] Quadro RTX 5000
#  Rank 48 Group  0 Pid   1348 on   c198-072 device  0 [0x02] Quadro RTX 5000
#  Rank 49 Group  0 Pid   1349 on   c198-072 device  1 [0x03] Quadro RTX 5000
#  Rank 50 Group  0 Pid   1350 on   c198-072 device  2 [0x82] Quadro RTX 5000
#  Rank 51 Group  0 Pid   1351 on   c198-072 device  3 [0x83] Quadro RTX 5000
#  Rank 52 Group  0 Pid  15656 on   c198-102 device  0 [0x02] Quadro RTX 5000
#  Rank 53 Group  0 Pid  15657 on   c198-102 device  1 [0x03] Quadro RTX 5000
#  Rank 54 Group  0 Pid  15658 on   c198-102 device  2 [0x82] Quadro RTX 5000
#  Rank 55 Group  0 Pid  15659 on   c198-102 device  3 [0x83] Quadro RTX 5000
#  Rank 56 Group  0 Pid   3606 on   c198-111 device  0 [0x02] Quadro RTX 5000
#  Rank 57 Group  0 Pid   3607 on   c198-111 device  1 [0x03] Quadro RTX 5000
#  Rank 58 Group  0 Pid   3608 on   c198-111 device  2 [0x82] Quadro RTX 5000
#  Rank 59 Group  0 Pid   3609 on   c198-111 device  3 [0x83] Quadro RTX 5000
#  Rank 60 Group  0 Pid  11736 on   c198-112 device  0 [0x02] Quadro RTX 5000
#  Rank 61 Group  0 Pid  11737 on   c198-112 device  1 [0x03] Quadro RTX 5000
#  Rank 62 Group  0 Pid  11738 on   c198-112 device  2 [0x82] Quadro RTX 5000
#  Rank 63 Group  0 Pid  11739 on   c198-112 device  3 [0x83] Quadro RTX 5000
The MSCCL XML file exists: /home1/09168/ldai1/ccl-build/msccl_tools_lyd/examples/xml/xml_lyd/binary_tree/allreduce_binary_tree_1ch_2tree_64chunk_16node_64gpu.xml
c197-031:14609:14609 [0] NCCL INFO Bootstrap : Using ib0:192.168.44.127<0>
c197-031:14609:14609 [0] NCCL INFO NET/Plugin : No plugin found (libnccl-net.so), using internal implementation
c197-031:14609:14609 [0] NCCL INFO NET/IB : Using [0]mlx4_0:1/IB [RO]; OOB ib0:192.168.44.127<0>
c197-031:14609:14609 [0] NCCL INFO Using network IB
NCCL version 2.12.12.MSCCL.0.7.4+cuda11.3
c197-031:14610:14610 [1] NCCL INFO Bootstrap : Using ib0:192.168.44.127<0>
c197-031:14611:14611 [2] NCCL INFO Bootstrap : Using ib0:192.168.44.127<0>
c197-031:14611:14611 [2] NCCL INFO NET/Plugin : No plugin found (libnccl-net.so), using internal implementation
c197-031:14610:14610 [1] NCCL INFO NET/Plugin : No plugin found (libnccl-net.so), using internal implementation
c197-031:14612:14612 [3] NCCL INFO Bootstrap : Using ib0:192.168.44.127<0>
c197-031:14612:14612 [3] NCCL INFO NET/Plugin : No plugin found (libnccl-net.so), using internal implementation
c197-031:14612:14612 [3] NCCL INFO NET/IB : Using [0]mlx4_0:1/IB [RO]; OOB ib0:192.168.44.127<0>
c197-031:14612:14612 [3] NCCL INFO Using network IB
c197-031:14610:14610 [1] NCCL INFO NET/IB : Using [0]mlx4_0:1/IB [RO]; OOB ib0:192.168.44.127<0>
c197-031:14610:14610 [1] NCCL INFO Using network IB
c197-031:14611:14611 [2] NCCL INFO NET/IB : Using [0]mlx4_0:1/IB [RO]; OOB ib0:192.168.44.127<0>
c197-031:14611:14611 [2] NCCL INFO Using network IB
c198-102:15656:15656 [0] NCCL INFO Bootstrap : Using ib0:192.168.44.164<0>
c198-102:15656:15656 [0] NCCL INFO NET/Plugin : No plugin found (libnccl-net.so), using internal implementation
c198-102:15656:15656 [0] NCCL INFO NET/IB : Using [0]mlx4_0:1/IB [RO]; OOB ib0:192.168.44.164<0>
c198-102:15656:15656 [0] NCCL INFO Using network IB
c198-112:11737:11737 [1] NCCL INFO Bootstrap : Using ib0:192.168.44.166<0>
c198-112:11737:11737 [1] NCCL INFO NET/Plugin : No plugin found (libnccl-net.so), using internal implementation
c198-112:11737:11737 [1] NCCL INFO NET/IB : Using [0]mlx4_0:1/IB [RO]; OOB ib0:192.168.44.166<0>
c198-112:11737:11737 [1] NCCL INFO Using network IB
c198-071:7866:7866 [3] NCCL INFO Bootstrap : Using ib0:192.168.44.157<0>
c198-071:7866:7866 [3] NCCL INFO NET/Plugin : No plugin found (libnccl-net.so), using internal implementation
c198-071:7866:7866 [3] NCCL INFO NET/IB : Using [0]mlx4_0:1/IB [RO]; OOB ib0:192.168.44.157<0>
c198-071:7866:7866 [3] NCCL INFO Using network IB
c198-052:6616:6616 [2] NCCL INFO Bootstrap : Using ib0:192.168.44.154<0>
c198-052:6616:6616 [2] NCCL INFO NET/Plugin : No plugin found (libnccl-net.so), using internal implementation
c198-102:15658:15658 [2] NCCL INFO Bootstrap : Using ib0:192.168.44.164<0>
c198-102:15658:15658 [2] NCCL INFO NET/Plugin : No plugin found (libnccl-net.so), using internal implementation
c197-041:25957:25957 [2] NCCL INFO Bootstrap : Using ib0:192.168.44.129<0>
c197-041:25957:25957 [2] NCCL INFO NET/Plugin : No plugin found (libnccl-net.so), using internal implementation
c198-072:1349:1349 [1] NCCL INFO Bootstrap : Using ib0:192.168.44.158<0>
c198-072:1349:1349 [1] NCCL INFO NET/Plugin : No plugin found (libnccl-net.so), using internal implementation
c198-052:6614:6614 [0] NCCL INFO Bootstrap : Using ib0:192.168.44.154<0>
c198-052:6615:6615 [1] NCCL INFO Bootstrap : Using ib0:192.168.44.154<0>
c198-052:6614:6614 [0] NCCL INFO NET/Plugin : No plugin found (libnccl-net.so), using internal implementation
c198-052:6615:6615 [1] NCCL INFO NET/Plugin : No plugin found (libnccl-net.so), using internal implementation
c198-102:15658:15658 [2] NCCL INFO NET/IB : Using [0]mlx4_0:1/IB [RO]; OOB ib0:192.168.44.164<0>
c198-102:15658:15658 [2] NCCL INFO Using network IB
c198-052:6616:6616 [2] NCCL INFO NET/IB : Using [0]mlx4_0:1/IB [RO]; OOB ib0:192.168.44.154<0>
c198-052:6616:6616 [2] NCCL INFO Using network IB
c198-072:1349:1349 [1] NCCL INFO NET/IB : Using [0]mlx4_0:1/IB [RO]; OOB ib0:192.168.44.158<0>
c198-072:1349:1349 [1] NCCL INFO Using network IB
c198-052:6614:6614 [0] NCCL INFO NET/IB : Using [0]mlx4_0:1/IB [RO]; OOB ib0:192.168.44.154<0>
c198-052:6614:6614 [0] NCCL INFO Using network IB
c198-052:6615:6615 [1] NCCL INFO NET/IB : Using [0]mlx4_0:1/IB [RO]; OOB ib0:192.168.44.154<0>
c198-052:6615:6615 [1] NCCL INFO Using network IB
c197-041:25958:25958 [3] NCCL INFO Bootstrap : Using ib0:192.168.44.129<0>
c197-041:25958:25958 [3] NCCL INFO NET/Plugin : No plugin found (libnccl-net.so), using internal implementation
c198-062:17731:17731 [2] NCCL INFO Bootstrap : Using ib0:192.168.44.156<0>
c198-062:17732:17732 [3] NCCL INFO Bootstrap : Using ib0:192.168.44.156<0>
c198-062:17731:17731 [2] NCCL INFO NET/Plugin : No plugin found (libnccl-net.so), using internal implementation
c198-062:17732:17732 [3] NCCL INFO NET/Plugin : No plugin found (libnccl-net.so), using internal implementation
c198-031:14579:14579 [2] NCCL INFO Bootstrap : Using ib0:192.168.44.149<0>
c198-031:14579:14579 [2] NCCL INFO NET/Plugin : No plugin found (libnccl-net.so), using internal implementation
c197-041:25957:25957 [2] NCCL INFO NET/IB : Using [0]mlx4_0:1/IB [RO]; OOB ib0:192.168.44.129<0>
c197-041:25957:25957 [2] NCCL INFO Using network IB
c197-041:25958:25958 [3] NCCL INFO NET/IB : Using [0]mlx4_0:1/IB [RO]; OOB ib0:192.168.44.129<0>
c197-041:25958:25958 [3] NCCL INFO Using network IB
c198-031:14579:14579 [2] NCCL INFO NET/IB : Using [0]mlx4_0:1/IB [RO]; OOB ib0:192.168.44.149<0>
c198-031:14579:14579 [2] NCCL INFO Using network IB
c198-102:15659:15659 [3] NCCL INFO Bootstrap : Using ib0:192.168.44.164<0>
c198-102:15657:15657 [1] NCCL INFO Bootstrap : Using ib0:192.168.44.164<0>
c198-102:15659:15659 [3] NCCL INFO NET/Plugin : No plugin found (libnccl-net.so), using internal implementation
c198-102:15657:15657 [1] NCCL INFO NET/Plugin : No plugin found (libnccl-net.so), using internal implementation
c198-051:8490:8490 [2] NCCL INFO Bootstrap : Using ib0:192.168.44.153<0>
c198-051:8491:8491 [3] NCCL INFO Bootstrap : Using ib0:192.168.44.153<0>
c198-051:8490:8490 [2] NCCL INFO NET/Plugin : No plugin found (libnccl-net.so), using internal implementation
c198-051:8491:8491 [3] NCCL INFO NET/Plugin : No plugin found (libnccl-net.so), using internal implementation
c198-032:8426:8426 [0] NCCL INFO Bootstrap : Using ib0:192.168.44.150<0>
c198-062:17730:17730 [1] NCCL INFO Bootstrap : Using ib0:192.168.44.156<0>
c198-032:8426:8426 [0] NCCL INFO NET/Plugin : No plugin found (libnccl-net.so), using internal implementation
c198-062:17729:17729 [0] NCCL INFO Bootstrap : Using ib0:192.168.44.156<0>
c198-062:17730:17730 [1] NCCL INFO NET/Plugin : No plugin found (libnccl-net.so), using internal implementation
c198-062:17729:17729 [0] NCCL INFO NET/Plugin : No plugin found (libnccl-net.so), using internal implementation
c198-031:14580:14580 [3] NCCL INFO Bootstrap : Using ib0:192.168.44.149<0>
c197-041:25955:25955 [0] NCCL INFO Bootstrap : Using ib0:192.168.44.129<0>
c198-031:14580:14580 [3] NCCL INFO NET/Plugin : No plugin found (libnccl-net.so), using internal implementation
c197-041:25956:25956 [1] NCCL INFO Bootstrap : Using ib0:192.168.44.129<0>
c197-041:25955:25955 [0] NCCL INFO NET/Plugin : No plugin found (libnccl-net.so), using internal implementation
c198-102:15659:15659 [3] NCCL INFO NET/IB : Using [0]mlx4_0:1/IB [RO]; OOB ib0:192.168.44.164<0>
c198-102:15659:15659 [3] NCCL INFO Using network IB
c197-041:25956:25956 [1] NCCL INFO NET/Plugin : No plugin found (libnccl-net.so), using internal implementation
c198-102:15657:15657 [1] NCCL INFO NET/IB : Using [0]mlx4_0:1/IB [RO]; OOB ib0:192.168.44.164<0>
c198-102:15657:15657 [1] NCCL INFO Using network IB
c198-062:17732:17732 [3] NCCL INFO NET/IB : Using [0]mlx4_0:1/IB [RO]; OOB ib0:192.168.44.156<0>
c198-062:17732:17732 [3] NCCL INFO Using network IB
c198-062:17731:17731 [2] NCCL INFO NET/IB : Using [0]mlx4_0:1/IB [RO]; OOB ib0:192.168.44.156<0>
c198-062:17731:17731 [2] NCCL INFO Using network IB
c198-062:17730:17730 [1] NCCL INFO NET/IB : Using [0]mlx4_0:1/IB [RO]; OOB ib0:192.168.44.156<0>
c198-062:17730:17730 [1] NCCL INFO Using network IB
c198-062:17729:17729 [0] NCCL INFO NET/IB : Using [0]mlx4_0:1/IB [RO]; OOB ib0:192.168.44.156<0>
c198-062:17729:17729 [0] NCCL INFO Using network IB
c198-051:8490:8490 [2] NCCL INFO NET/IB : Using [0]mlx4_0:1/IB [RO]; OOB ib0:192.168.44.153<0>
c198-051:8490:8490 [2] NCCL INFO Using network IB
c198-051:8491:8491 [3] NCCL INFO NET/IB : Using [0]mlx4_0:1/IB [RO]; OOB ib0:192.168.44.153<0>
c198-051:8491:8491 [3] NCCL INFO Using network IB
c198-031:14578:14578 [1] NCCL INFO Bootstrap : Using ib0:192.168.44.149<0>
c198-111:3608:3608 [2] NCCL INFO Bootstrap : Using ib0:192.168.44.165<0>
c198-031:14578:14578 [1] NCCL INFO NET/Plugin : No plugin found (libnccl-net.so), using internal implementation
c198-111:3608:3608 [2] NCCL INFO NET/Plugin : No plugin found (libnccl-net.so), using internal implementation
c198-031:14580:14580 [3] NCCL INFO NET/IB : Using [0]mlx4_0:1/IB [RO]; OOB ib0:192.168.44.149<0>
c198-031:14580:14580 [3] NCCL INFO Using network IB
c198-061:31444:31444 [2] NCCL INFO Bootstrap : Using ib0:192.168.44.155<0>
c197-041:25956:25956 [1] NCCL INFO NET/IB : Using [0]mlx4_0:1/IB [RO]; OOB ib0:192.168.44.129<0>
c197-041:25956:25956 [1] NCCL INFO Using network IB
c198-061:31445:31445 [3] NCCL INFO Bootstrap : Using ib0:192.168.44.155<0>
c197-041:25955:25955 [0] NCCL INFO NET/IB : Using [0]mlx4_0:1/IB [RO]; OOB ib0:192.168.44.129<0>
c198-061:31444:31444 [2] NCCL INFO NET/Plugin : No plugin found (libnccl-net.so), using internal implementation
c198-031:14578:14578 [1] NCCL INFO NET/IB : Using [0]mlx4_0:1/IB [RO]; OOB ib0:192.168.44.149<0>
c198-031:14578:14578 [1] NCCL INFO Using network IB
c197-041:25955:25955 [0] NCCL INFO Using network IB
c198-061:31445:31445 [3] NCCL INFO NET/Plugin : No plugin found (libnccl-net.so), using internal implementation
c198-111:3608:3608 [2] NCCL INFO NET/IB : Using [0]mlx4_0:1/IB [RO]; OOB ib0:192.168.44.165<0>
c198-111:3608:3608 [2] NCCL INFO Using network IB
c198-032:8426:8426 [0] NCCL INFO NET/IB : Using [0]mlx4_0:1/IB [RO]; OOB ib0:192.168.44.150<0>
c198-032:8426:8426 [0] NCCL INFO Using network IB
c198-032:8427:8427 [1] NCCL INFO Bootstrap : Using ib0:192.168.44.150<0>
c198-032:8429:8429 [3] NCCL INFO Bootstrap : Using ib0:192.168.44.150<0>
c198-032:8428:8428 [2] NCCL INFO Bootstrap : Using ib0:192.168.44.150<0>
c198-032:8427:8427 [1] NCCL INFO NET/Plugin : No plugin found (libnccl-net.so), using internal implementation
c198-032:8428:8428 [2] NCCL INFO NET/Plugin : No plugin found (libnccl-net.so), using internal implementation
c198-032:8429:8429 [3] NCCL INFO NET/Plugin : No plugin found (libnccl-net.so), using internal implementation
c198-051:8488:8488 [0] NCCL INFO Bootstrap : Using ib0:192.168.44.153<0>
c198-051:8489:8489 [1] NCCL INFO Bootstrap : Using ib0:192.168.44.153<0>
c198-051:8488:8488 [0] NCCL INFO NET/Plugin : No plugin found (libnccl-net.so), using internal implementation
c198-051:8489:8489 [1] NCCL INFO NET/Plugin : No plugin found (libnccl-net.so), using internal implementation
c198-031:14577:14577 [0] NCCL INFO Bootstrap : Using ib0:192.168.44.149<0>
c198-031:14577:14577 [0] NCCL INFO NET/Plugin : No plugin found (libnccl-net.so), using internal implementation
c198-052:6617:6617 [3] NCCL INFO Bootstrap : Using ib0:192.168.44.154<0>
c198-052:6617:6617 [3] NCCL INFO NET/Plugin : No plugin found (libnccl-net.so), using internal implementation
c198-052:6617:6617 [3] NCCL INFO NET/IB : Using [0]mlx4_0:1/IB [RO]; OOB ib0:192.168.44.154<0>
c198-052:6617:6617 [3] NCCL INFO Using network IB
c198-031:14577:14577 [0] NCCL INFO NET/IB : Using [0]mlx4_0:1/IB [RO]; OOB ib0:192.168.44.149<0>
c198-031:14577:14577 [0] NCCL INFO Using network IB
c198-061:31443:31443 [1] NCCL INFO Bootstrap : Using ib0:192.168.44.155<0>
c198-061:31443:31443 [1] NCCL INFO NET/Plugin : No plugin found (libnccl-net.so), using internal implementation
c198-061:31442:31442 [0] NCCL INFO Bootstrap : Using ib0:192.168.44.155<0>
c198-061:31442:31442 [0] NCCL INFO NET/Plugin : No plugin found (libnccl-net.so), using internal implementation
c198-051:8489:8489 [1] NCCL INFO NET/IB : Using [0]mlx4_0:1/IB [RO]; OOB ib0:192.168.44.153<0>
c198-051:8489:8489 [1] NCCL INFO Using network IB
c198-051:8488:8488 [0] NCCL INFO NET/IB : Using [0]mlx4_0:1/IB [RO]; OOB ib0:192.168.44.153<0>
c198-051:8488:8488 [0] NCCL INFO Using network IB
c198-032:8427:8427 [1] NCCL INFO NET/IB : Using [0]mlx4_0:1/IB [RO]; OOB ib0:192.168.44.150<0>
c198-032:8427:8427 [1] NCCL INFO Using network IB
c198-061:31444:31444 [2] NCCL INFO NET/IB : Using [0]mlx4_0:1/IB [RO]; OOB ib0:192.168.44.155<0>
c198-061:31444:31444 [2] NCCL INFO Using network IB
c198-061:31445:31445 [3] NCCL INFO NET/IB : Using [0]mlx4_0:1/IB [RO]; OOB ib0:192.168.44.155<0>
c198-061:31445:31445 [3] NCCL INFO Using network IB
c198-032:8428:8428 [2] NCCL INFO NET/IB : Using [0]mlx4_0:1/IB [RO]; OOB ib0:192.168.44.150<0>
c198-032:8428:8428 [2] NCCL INFO Using network IB
c198-032:8429:8429 [3] NCCL INFO NET/IB : Using [0]mlx4_0:1/IB [RO]; OOB ib0:192.168.44.150<0>
c198-032:8429:8429 [3] NCCL INFO Using network IB
c198-112:11739:11739 [3] NCCL INFO Bootstrap : Using ib0:192.168.44.166<0>
c198-061:31443:31443 [1] NCCL INFO NET/IB : Using [0]mlx4_0:1/IB [RO]; OOB ib0:192.168.44.155<0>
c198-061:31443:31443 [1] NCCL INFO Using network IB
c198-061:31442:31442 [0] NCCL INFO NET/IB : Using [0]mlx4_0:1/IB [RO]; OOB ib0:192.168.44.155<0>
c198-061:31442:31442 [0] NCCL INFO Using network IB
c198-112:11739:11739 [3] NCCL INFO NET/Plugin : No plugin found (libnccl-net.so), using internal implementation
c198-111:3609:3609 [3] NCCL INFO Bootstrap : Using ib0:192.168.44.165<0>
c198-111:3609:3609 [3] NCCL INFO NET/Plugin : No plugin found (libnccl-net.so), using internal implementation
c198-112:11739:11739 [3] NCCL INFO NET/IB : Using [0]mlx4_0:1/IB [RO]; OOB ib0:192.168.44.166<0>
c198-112:11739:11739 [3] NCCL INFO Using network IB
c198-071:7865:7865 [2] NCCL INFO Bootstrap : Using ib0:192.168.44.157<0>
c198-071:7865:7865 [2] NCCL INFO NET/Plugin : No plugin found (libnccl-net.so), using internal implementation
c198-072:1348:1348 [0] NCCL INFO Bootstrap : Using ib0:192.168.44.158<0>
c198-072:1350:1350 [2] NCCL INFO Bootstrap : Using ib0:192.168.44.158<0>
c198-111:3606:3606 [0] NCCL INFO Bootstrap : Using ib0:192.168.44.165<0>
c198-072:1348:1348 [0] NCCL INFO NET/Plugin : No plugin found (libnccl-net.so), using internal implementation
c198-111:3607:3607 [1] NCCL INFO Bootstrap : Using ib0:192.168.44.165<0>
c198-072:1350:1350 [2] NCCL INFO NET/Plugin : No plugin found (libnccl-net.so), using internal implementation
c198-111:3606:3606 [0] NCCL INFO NET/Plugin : No plugin found (libnccl-net.so), using internal implementation
c198-111:3607:3607 [1] NCCL INFO NET/Plugin : No plugin found (libnccl-net.so), using internal implementation
c198-071:7865:7865 [2] NCCL INFO NET/IB : Using [0]mlx4_0:1/IB [RO]; OOB ib0:192.168.44.157<0>
c198-071:7865:7865 [2] NCCL INFO Using network IB
c198-111:3609:3609 [3] NCCL INFO NET/IB : Using [0]mlx4_0:1/IB [RO]; OOB ib0:192.168.44.165<0>
c198-111:3609:3609 [3] NCCL INFO Using network IB
c197-032:25620:25620 [2] NCCL INFO Bootstrap : Using ib0:192.168.44.128<0>
c197-032:25621:25621 [3] NCCL INFO Bootstrap : Using ib0:192.168.44.128<0>
c197-032:25620:25620 [2] NCCL INFO NET/Plugin : No plugin found (libnccl-net.so), using internal implementation
c197-032:25621:25621 [3] NCCL INFO NET/Plugin : No plugin found (libnccl-net.so), using internal implementation
c198-111:3606:3606 [0] NCCL INFO NET/IB : Using [0]mlx4_0:1/IB [RO]; OOB ib0:192.168.44.165<0>
c198-111:3606:3606 [0] NCCL INFO Using network IB
c198-111:3607:3607 [1] NCCL INFO NET/IB : Using [0]mlx4_0:1/IB [RO]; OOB ib0:192.168.44.165<0>
c198-111:3607:3607 [1] NCCL INFO Using network IB
c198-072:1348:1348 [0] NCCL INFO NET/IB : Using [0]mlx4_0:1/IB [RO]; OOB ib0:192.168.44.158<0>
c198-072:1348:1348 [0] NCCL INFO Using network IB
c198-072:1350:1350 [2] NCCL INFO NET/IB : Using [0]mlx4_0:1/IB [RO]; OOB ib0:192.168.44.158<0>
c198-072:1350:1350 [2] NCCL INFO Using network IB
c198-112:11738:11738 [2] NCCL INFO Bootstrap : Using ib0:192.168.44.166<0>
c198-112:11736:11736 [0] NCCL INFO Bootstrap : Using ib0:192.168.44.166<0>
c198-112:11738:11738 [2] NCCL INFO NET/Plugin : No plugin found (libnccl-net.so), using internal implementation
c198-112:11736:11736 [0] NCCL INFO NET/Plugin : No plugin found (libnccl-net.so), using internal implementation
c197-032:25621:25621 [3] NCCL INFO NET/IB : Using [0]mlx4_0:1/IB [RO]; OOB ib0:192.168.44.128<0>
c197-032:25621:25621 [3] NCCL INFO Using network IB
c197-032:25620:25620 [2] NCCL INFO NET/IB : Using [0]mlx4_0:1/IB [RO]; OOB ib0:192.168.44.128<0>
c197-032:25620:25620 [2] NCCL INFO Using network IB
c198-072:1351:1351 [3] NCCL INFO Bootstrap : Using ib0:192.168.44.158<0>
c198-072:1351:1351 [3] NCCL INFO NET/Plugin : No plugin found (libnccl-net.so), using internal implementation
c198-112:11738:11738 [2] NCCL INFO NET/IB : Using [0]mlx4_0:1/IB [RO]; OOB ib0:192.168.44.166<0>
c198-112:11738:11738 [2] NCCL INFO Using network IB
c198-112:11736:11736 [0] NCCL INFO NET/IB : Using [0]mlx4_0:1/IB [RO]; OOB ib0:192.168.44.166<0>
c198-112:11736:11736 [0] NCCL INFO Using network IB
c198-071:7863:7863 [0] NCCL INFO Bootstrap : Using ib0:192.168.44.157<0>
c198-071:7863:7863 [0] NCCL INFO NET/Plugin : No plugin found (libnccl-net.so), using internal implementation
c198-072:1351:1351 [3] NCCL INFO NET/IB : Using [0]mlx4_0:1/IB [RO]; OOB ib0:192.168.44.158<0>
c198-072:1351:1351 [3] NCCL INFO Using network IB
c198-071:7863:7863 [0] NCCL INFO NET/IB : Using [0]mlx4_0:1/IB [RO]; OOB ib0:192.168.44.157<0>
c198-071:7863:7863 [0] NCCL INFO Using network IB
c198-071:7864:7864 [1] NCCL INFO Bootstrap : Using ib0:192.168.44.157<0>
c198-071:7864:7864 [1] NCCL INFO NET/Plugin : No plugin found (libnccl-net.so), using internal implementation
c197-032:25618:25618 [0] NCCL INFO Bootstrap : Using ib0:192.168.44.128<0>
c197-032:25619:25619 [1] NCCL INFO Bootstrap : Using ib0:192.168.44.128<0>
c197-032:25618:25618 [0] NCCL INFO NET/Plugin : No plugin found (libnccl-net.so), using internal implementation
c197-032:25619:25619 [1] NCCL INFO NET/Plugin : No plugin found (libnccl-net.so), using internal implementation
c198-071:7864:7864 [1] NCCL INFO NET/IB : Using [0]mlx4_0:1/IB [RO]; OOB ib0:192.168.44.157<0>
c198-071:7864:7864 [1] NCCL INFO Using network IB
c198-041:27937:27937 [0] NCCL INFO Bootstrap : Using ib0:192.168.44.151<0>
c198-041:27940:27940 [3] NCCL INFO Bootstrap : Using ib0:192.168.44.151<0>
c198-041:27938:27938 [1] NCCL INFO Bootstrap : Using ib0:192.168.44.151<0>
c198-041:27939:27939 [2] NCCL INFO Bootstrap : Using ib0:192.168.44.151<0>
c198-041:27937:27937 [0] NCCL INFO NET/Plugin : No plugin found (libnccl-net.so), using internal implementation
c198-041:27938:27938 [1] NCCL INFO NET/Plugin : No plugin found (libnccl-net.so), using internal implementation
c198-041:27939:27939 [2] NCCL INFO NET/Plugin : No plugin found (libnccl-net.so), using internal implementation
c198-041:27940:27940 [3] NCCL INFO NET/Plugin : No plugin found (libnccl-net.so), using internal implementation
c197-032:25619:25619 [1] NCCL INFO NET/IB : Using [0]mlx4_0:1/IB [RO]; OOB ib0:192.168.44.128<0>
c197-032:25619:25619 [1] NCCL INFO Using network IB
c197-032:25618:25618 [0] NCCL INFO NET/IB : Using [0]mlx4_0:1/IB [RO]; OOB ib0:192.168.44.128<0>
c197-032:25618:25618 [0] NCCL INFO Using network IB
c198-041:27938:27938 [1] NCCL INFO NET/IB : Using [0]mlx4_0:1/IB [RO]; OOB ib0:192.168.44.151<0>
c198-041:27938:27938 [1] NCCL INFO Using network IB
c198-041:27937:27937 [0] NCCL INFO NET/IB : Using [0]mlx4_0:1/IB [RO]; OOB ib0:192.168.44.151<0>
c198-041:27937:27937 [0] NCCL INFO Using network IB
c198-041:27940:27940 [3] NCCL INFO NET/IB : Using [0]mlx4_0:1/IB [RO]; OOB ib0:192.168.44.151<0>
c198-041:27940:27940 [3] NCCL INFO Using network IB
c198-041:27939:27939 [2] NCCL INFO NET/IB : Using [0]mlx4_0:1/IB [RO]; OOB ib0:192.168.44.151<0>
c198-041:27939:27939 [2] NCCL INFO Using network IB
c198-042:30131:30131 [1] NCCL INFO Bootstrap : Using ib0:192.168.44.152<0>
c198-042:30132:30132 [2] NCCL INFO Bootstrap : Using ib0:192.168.44.152<0>
c198-042:30133:30133 [3] NCCL INFO Bootstrap : Using ib0:192.168.44.152<0>
c198-042:30132:30132 [2] NCCL INFO NET/Plugin : No plugin found (libnccl-net.so), using internal implementation
c198-042:30133:30133 [3] NCCL INFO NET/Plugin : No plugin found (libnccl-net.so), using internal implementation
c198-042:30131:30131 [1] NCCL INFO NET/Plugin : No plugin found (libnccl-net.so), using internal implementation
c198-042:30130:30130 [0] NCCL INFO Bootstrap : Using ib0:192.168.44.152<0>
c198-042:30130:30130 [0] NCCL INFO NET/Plugin : No plugin found (libnccl-net.so), using internal implementation
c198-042:30132:30132 [2] NCCL INFO NET/IB : Using [0]mlx4_0:1/IB [RO]; OOB ib0:192.168.44.152<0>
c198-042:30132:30132 [2] NCCL INFO Using network IB
c198-042:30133:30133 [3] NCCL INFO NET/IB : Using [0]mlx4_0:1/IB [RO]; OOB ib0:192.168.44.152<0>
c198-042:30133:30133 [3] NCCL INFO Using network IB
c198-042:30131:30131 [1] NCCL INFO NET/IB : Using [0]mlx4_0:1/IB [RO]; OOB ib0:192.168.44.152<0>
c198-042:30131:30131 [1] NCCL INFO Using network IB
c198-042:30130:30130 [0] NCCL INFO NET/IB : Using [0]mlx4_0:1/IB [RO]; OOB ib0:192.168.44.152<0>
c198-042:30130:30130 [0] NCCL INFO Using network IB
c197-031:14609:14660 [0] NCCL INFO Setting affinity for GPU 0 to 0f000f
c198-072:1351:1408 [3] NCCL INFO Setting affinity for GPU 3 to f000f000
c198-062:17732:17782 [3] NCCL INFO Setting affinity for GPU 3 to f000f000
c198-042:30133:30186 [3] NCCL INFO Setting affinity for GPU 3 to f000f000
c198-102:15659:15719 [3] NCCL INFO Setting affinity for GPU 3 to f000f000
c198-071:7866:7920 [3] NCCL INFO Setting affinity for GPU 3 to f000f000
c198-051:8491:8542 [3] NCCL INFO Setting affinity for GPU 3 to f000f000
c197-032:25621:25672 [3] NCCL INFO Setting affinity for GPU 3 to f000f000
c198-061:31445:31497 [3] NCCL INFO Setting affinity for GPU 3 to f000f000
c198-041:27940:27995 [3] NCCL INFO Setting affinity for GPU 3 to f000f000
c198-052:6617:6673 [3] NCCL INFO Setting affinity for GPU 3 to f000f000
c198-111:3609:3661 [3] NCCL INFO Setting affinity for GPU 3 to f000f000
c198-112:11739:11791 [3] NCCL INFO Setting affinity for GPU 3 to f000f000
c197-041:25958:26011 [3] NCCL INFO Setting affinity for GPU 3 to f000f000
c198-031:14580:14633 [3] NCCL INFO Setting affinity for GPU 3 to f000f000
c198-032:8429:8485 [3] NCCL INFO Setting affinity for GPU 3 to f000f000
c197-031:14610:14668 [1] NCCL INFO Setting affinity for GPU 1 to f000f0
c197-031:14611:14669 [2] NCCL INFO Setting affinity for GPU 2 to 0f000f00
c197-031:14612:14665 [3] NCCL INFO Setting affinity for GPU 3 to f000f000
c198-111:3607:3664 [1] NCCL INFO Setting affinity for GPU 1 to f000f0
c198-032:8427:8481 [1] NCCL INFO Setting affinity for GPU 1 to f000f0
c198-072:1348:1405 [0] NCCL INFO Setting affinity for GPU 0 to 0f000f
c198-061:31442:31501 [0] NCCL INFO Setting affinity for GPU 0 to 0f000f
c198-072:1350:1406 [2] NCCL INFO Setting affinity for GPU 2 to 0f000f00
c198-051:8490:8543 [2] NCCL INFO Setting affinity for GPU 2 to 0f000f00
c198-061:31443:31500 [1] NCCL INFO Setting affinity for GPU 1 to f000f0
c198-072:1349:1402 [1] NCCL INFO Setting affinity for GPU 1 to f000f0
c198-031:14579:14631 [2] NCCL INFO Setting affinity for GPU 2 to 0f000f00
c198-102:15656:15714 [0] NCCL INFO Setting affinity for GPU 0 to 0f000f
c198-111:3608:3659 [2] NCCL INFO Setting affinity for GPU 2 to 0f000f00
c198-071:7863:7924 [0] NCCL INFO Setting affinity for GPU 0 to 0f000f
c198-042:30132:30185 [2] NCCL INFO Setting affinity for GPU 2 to 0f000f00
c198-111:3606:3665 [0] NCCL INFO Setting affinity for GPU 0 to 0f000f
c198-032:8426:8479 [0] NCCL INFO Setting affinity for GPU 0 to 0f000f
c198-071:7865:7922 [2] NCCL INFO Setting affinity for GPU 2 to 0f000f00
c198-052:6614:6670 [0] NCCL INFO Setting affinity for GPU 0 to 0f000f
c198-032:8428:8484 [2] NCCL INFO Setting affinity for GPU 2 to 0f000f00
c198-071:7864:7926 [1] NCCL INFO Setting affinity for GPU 1 to f000f0
c198-052:6616:6667 [2] NCCL INFO Setting affinity for GPU 2 to 0f000f00
c198-052:6615:6671 [1] NCCL INFO Setting affinity for GPU 1 to f000f0
c198-051:8488:8547 [0] NCCL INFO Setting affinity for GPU 0 to 0f000f
c198-062:17731:17784 [2] NCCL INFO Setting affinity for GPU 2 to 0f000f00
c198-062:17730:17787 [1] NCCL INFO Setting affinity for GPU 1 to f000f0
c198-112:11737:11789 [1] NCCL INFO Setting affinity for GPU 1 to f000f0
c198-112:11736:11795 [0] NCCL INFO Setting affinity for GPU 0 to 0f000f
c198-062:17729:17788 [0] NCCL INFO Setting affinity for GPU 0 to 0f000f
c198-112:11738:11794 [2] NCCL INFO Setting affinity for GPU 2 to 0f000f00
c198-102:15657:15720 [1] NCCL INFO Setting affinity for GPU 1 to f000f0
c198-061:31444:31496 [2] NCCL INFO Setting affinity for GPU 2 to 0f000f00
c198-031:14578:14635 [1] NCCL INFO Setting affinity for GPU 1 to f000f0
c198-102:15658:15716 [2] NCCL INFO Setting affinity for GPU 2 to 0f000f00
c197-041:25955:26014 [0] NCCL INFO Setting affinity for GPU 0 to 0f000f
c198-041:27938:27991 [1] NCCL INFO Setting affinity for GPU 1 to f000f0
c198-051:8489:8546 [1] NCCL INFO Setting affinity for GPU 1 to f000f0
c198-031:14577:14637 [0] NCCL INFO Setting affinity for GPU 0 to 0f000f
c198-041:27937:27992 [0] NCCL INFO Setting affinity for GPU 0 to 0f000f
c197-041:25957:26009 [2] NCCL INFO Setting affinity for GPU 2 to 0f000f00
c198-041:27939:27996 [2] NCCL INFO Setting affinity for GPU 2 to 0f000f00
c197-032:25618:25677 [0] NCCL INFO Setting affinity for GPU 0 to 0f000f
c197-032:25619:25676 [1] NCCL INFO Setting affinity for GPU 1 to f000f0
c197-032:25620:25673 [2] NCCL INFO Setting affinity for GPU 2 to 0f000f00
c197-041:25956:26015 [1] NCCL INFO Setting affinity for GPU 1 to f000f0
c198-042:30131:30187 [1] NCCL INFO Setting affinity for GPU 1 to f000f0
c198-042:30130:30189 [0] NCCL INFO Setting affinity for GPU 0 to 0f000f
c198-042:30130:30189 [0] NCCL INFO Trees [0] 25/28/-1->24->16 [1] 25/-1/-1->24->21
c198-041:27938:27991 [1] NCCL INFO Trees [0] 22/-1/-1->21->20 [1] 22/24/-1->21->20
c198-051:8488:8547 [0] NCCL INFO Trees [0] 29/-1/-1->28->24 [1] 29/12/-1->28->60
c198-032:8429:8485 [3] NCCL INFO Trees [0] -1/-1/-1->19->18 [1] -1/-1/-1->19->18
c198-052:6614:6670 [0] NCCL INFO Trees [0] 33/48/-1->32->0 [1] 33/-1/-1->32->36
c198-042:30132:30185 [2] NCCL INFO Trees [0] 27/-1/-1->26->25 [1] 27/-1/-1->26->25
c198-041:27940:27995 [3] NCCL INFO Trees [0] -1/-1/-1->23->22 [1] -1/-1/-1->23->22
c198-051:8489:8546 [1] NCCL INFO Trees [0] 30/-1/-1->29->28 [1] 30/44/-1->29->28
c198-032:8428:8484 [2] NCCL INFO Trees [0] 19/-1/-1->18->17 [1] 19/-1/-1->18->17
c198-031:14580:14633 [3] NCCL INFO Trees [0] -1/-1/-1->15->14 [1] -1/-1/-1->15->14
c198-052:6615:6671 [1] NCCL INFO Trees [0] 34/16/-1->33->32 [1] 34/-1/-1->33->32
c198-042:30133:30186 [3] NCCL INFO Trees [0] -1/-1/-1->27->26 [1] -1/-1/-1->27->26
c198-041:27937:27992 [0] NCCL INFO Trees [0] 21/-1/-1->20->25 [1] 21/16/-1->20->13
c198-051:8491:8542 [3] NCCL INFO Trees [0] -1/-1/-1->31->30 [1] -1/-1/-1->31->30
c198-032:8426:8479 [0] NCCL INFO Trees [0] 17/24/-1->16->33 [1] 17/-1/-1->16->20
c198-031:14579:14631 [2] NCCL INFO Trees [0] 15/-1/-1->14->13 [1] 15/-1/-1->14->13
c198-052:6616:6667 [2] NCCL INFO Trees [0] 35/-1/-1->34->33 [1] 35/-1/-1->34->33
c198-042:30131:30187 [1] NCCL INFO Trees [0] 26/20/-1->25->24 [1] 26/-1/-1->25->24
c198-041:27939:27996 [2] NCCL INFO Trees [0] 23/-1/-1->22->21 [1] 23/-1/-1->22->21
c198-072:1348:1405 [0] NCCL INFO Trees [0] 49/56/-1->48->32 [1] 49/-1/-1->48->52
c198-051:8490:8543 [2] NCCL INFO Trees [0] 31/-1/-1->30->29 [1] 31/-1/-1->30->29
c198-032:8427:8481 [1] NCCL INFO Trees [0] 18/8/-1->17->16 [1] 18/-1/-1->17->16
c198-031:14578:14635 [1] NCCL INFO Trees [0] 14/-1/-1->13->12 [1] 14/20/-1->13->12
c198-052:6617:6673 [3] NCCL INFO Trees [0] -1/-1/-1->35->34 [1] -1/-1/-1->35->34
c198-071:7863:7924 [0] NCCL INFO Trees [0] 45/-1/-1->44->40 [1] 45/36/-1->44->29
c198-062:17731:17784 [2] NCCL INFO Trees [0] 43/-1/-1->42->41 [1] 43/-1/-1->42->41
c198-102:15656:15714 [0] NCCL INFO Trees [0] 53/-1/-1->52->57 [1] 53/48/-1->52->45
c197-041:25957:26009 [2] NCCL INFO Trees [0] 11/-1/-1->10->9 [1] 11/-1/-1->10->9
c198-061:31442:31501 [0] NCCL INFO Trees [0] 37/-1/-1->36->41 [1] 37/32/-1->36->44
c198-072:1351:1408 [3] NCCL INFO Trees [0] -1/-1/-1->51->50 [1] -1/-1/-1->51->50
c197-032:25621:25672 [3] NCCL INFO Trees [0] -1/-1/-1->7->6 [1] -1/-1/-1->7->6
c198-031:14577:14637 [0] NCCL INFO Trees [0] 13/-1/-1->12->8 [1] 13/4/-1->12->28
c198-071:7864:7926 [1] NCCL INFO Trees [0] 46/-1/-1->45->44 [1] 46/52/-1->45->44
c198-062:17732:17782 [3] NCCL INFO Trees [0] -1/-1/-1->43->42 [1] -1/-1/-1->43->42
c197-041:25958:26011 [3] NCCL INFO Trees [0] -1/-1/-1->11->10 [1] -1/-1/-1->11->10
c198-061:31443:31500 [1] NCCL INFO Trees [0] 38/-1/-1->37->36 [1] 38/40/-1->37->36
c197-031:14609:14660 [0] NCCL INFO Channel 00/02 :    0   1   2   3   4   5   6   7   8   9  10  11  12  13  14  15  16  17  18  19
c197-031:14609:14660 [0] NCCL INFO Channel 01/02 :    0   1   2   3   4   5   6   7   8   9  10  11  12  13  14  15  16  17  18  19
c198-072:1349:1402 [1] NCCL INFO Trees [0] 50/40/-1->49->48 [1] 50/-1/-1->49->48
c197-032:25620:25673 [2] NCCL INFO Trees [0] 7/-1/-1->6->5 [1] 7/-1/-1->6->5
c198-071:7865:7922 [2] NCCL INFO Trees [0] 47/-1/-1->46->45 [1] 47/-1/-1->46->45
c198-062:17729:17788 [0] NCCL INFO Trees [0] 41/44/-1->40->49 [1] 41/-1/-1->40->37
c198-102:15658:15716 [2] NCCL INFO Trees [0] 55/-1/-1->54->53 [1] 55/-1/-1->54->53
c197-041:25956:26015 [1] NCCL INFO Trees [0] 10/4/-1->9->8 [1] 10/-1/-1->9->8
c198-061:31444:31496 [2] NCCL INFO Trees [0] 39/-1/-1->38->37 [1] 39/-1/-1->38->37
c197-031:14610:14668 [1] NCCL INFO Trees [0] 2/-1/-1->1->0 [1] 2/-1/-1->1->0
c198-072:1350:1406 [2] NCCL INFO Trees [0] 51/-1/-1->50->49 [1] 51/-1/-1->50->49
c197-032:25619:25676 [1] NCCL INFO Trees [0] 6/-1/-1->5->4 [1] 6/8/-1->5->4
c198-071:7866:7920 [3] NCCL INFO Trees [0] -1/-1/-1->47->46 [1] -1/-1/-1->47->46
c198-062:17730:17787 [1] NCCL INFO Trees [0] 42/36/-1->41->40 [1] 42/-1/-1->41->40
c198-102:15659:15719 [3] NCCL INFO Trees [0] -1/-1/-1->55->54 [1] -1/-1/-1->55->54
c197-041:25955:26014 [0] NCCL INFO Trees [0] 9/12/-1->8->17 [1] 9/-1/-1->8->5
c198-061:31445:31497 [3] NCCL INFO Trees [0] -1/-1/-1->39->38 [1] -1/-1/-1->39->38
c197-031:14611:14669 [2] NCCL INFO Trees [0] 3/-1/-1->2->1 [1] 3/-1/-1->2->1
c197-032:25618:25677 [0] NCCL INFO Trees [0] 5/-1/-1->4->9 [1] 5/0/-1->4->12
c198-112:11738:11794 [2] NCCL INFO Trees [0] 63/-1/-1->62->61 [1] 63/-1/-1->62->61
c198-102:15657:15720 [1] NCCL INFO Trees [0] 54/-1/-1->53->52 [1] 54/56/-1->53->52
c197-031:14612:14665 [3] NCCL INFO Trees [0] -1/-1/-1->3->2 [1] -1/-1/-1->3->2
c198-111:3606:3665 [0] NCCL INFO Trees [0] 57/60/-1->56->48 [1] 57/-1/-1->56->53
c198-112:11739:11791 [3] NCCL INFO Trees [0] -1/-1/-1->63->62 [1] -1/-1/-1->63->62
c197-031:14609:14660 [0] NCCL INFO Trees [0] 1/32/-1->0->-1 [1] 1/-1/-1->0->4
c198-111:3608:3659 [2] NCCL INFO Trees [0] 59/-1/-1->58->57 [1] 59/-1/-1->58->57
c198-112:11736:11795 [0] NCCL INFO Trees [0] 61/-1/-1->60->56 [1] 61/28/-1->60->-1
c198-111:3609:3661 [3] NCCL INFO Trees [0] -1/-1/-1->59->58 [1] -1/-1/-1->59->58
c198-112:11737:11789 [1] NCCL INFO Trees [0] 62/-1/-1->61->60 [1] 62/-1/-1->61->60
c198-111:3607:3664 [1] NCCL INFO Trees [0] 58/52/-1->57->56 [1] 58/-1/-1->57->56
c198-102:15656:15714 [0] NCCL INFO Channel 00/0 : 51[83000] -> 52[2000] [receive] via NET/IB/0
c198-051:8488:8547 [0] NCCL INFO Channel 00/0 : 27[83000] -> 28[2000] [receive] via NET/IB/0
c198-042:30130:30189 [0] NCCL INFO Channel 00/0 : 23[83000] -> 24[2000] [receive] via NET/IB/0
c198-052:6614:6670 [0] NCCL INFO Channel 00/0 : 31[83000] -> 32[2000] [receive] via NET/IB/0
c198-041:27937:27992 [0] NCCL INFO Channel 00/0 : 19[83000] -> 20[2000] [receive] via NET/IB/0
c198-072:1348:1405 [0] NCCL INFO Channel 00/0 : 47[83000] -> 48[2000] [receive] via NET/IB/0
c198-032:8426:8479 [0] NCCL INFO Channel 00/0 : 15[83000] -> 16[2000] [receive] via NET/IB/0
c198-061:31442:31501 [0] NCCL INFO Channel 00/0 : 35[83000] -> 36[2000] [receive] via NET/IB/0
c198-031:14577:14637 [0] NCCL INFO Channel 00/0 : 11[83000] -> 12[2000] [receive] via NET/IB/0
c198-071:7863:7924 [0] NCCL INFO Channel 00/0 : 43[83000] -> 44[2000] [receive] via NET/IB/0
c198-062:17729:17788 [0] NCCL INFO Channel 00/0 : 39[83000] -> 40[2000] [receive] via NET/IB/0
c197-032:25618:25677 [0] NCCL INFO Channel 00/0 : 3[83000] -> 4[2000] [receive] via NET/IB/0
c198-111:3606:3665 [0] NCCL INFO Channel 00/0 : 55[83000] -> 56[2000] [receive] via NET/IB/0
c198-112:11736:11795 [0] NCCL INFO Channel 00/0 : 59[83000] -> 60[2000] [receive] via NET/IB/0
c197-041:25955:26014 [0] NCCL INFO Channel 00/0 : 7[83000] -> 8[2000] [receive] via NET/IB/0
c197-031:14609:14660 [0] NCCL INFO Channel 00/0 : 63[83000] -> 0[2000] [receive] via NET/IB/0
c198-071:7865:7922 [2] NCCL INFO Channel 00 : 46[82000] -> 47[83000] via direct shared memory
c198-062:17731:17784 [2] NCCL INFO Channel 00 : 42[82000] -> 43[83000] via direct shared memory
c198-062:17731:17784 [2] NCCL INFO Channel 01 : 42[82000] -> 43[83000] via direct shared memory
c198-071:7865:7922 [2] NCCL INFO Channel 01 : 46[82000] -> 47[83000] via direct shared memory
c198-072:1350:1406 [2] NCCL INFO Channel 00 : 50[82000] -> 51[83000] via direct shared memory
c197-041:25957:26009 [2] NCCL INFO Channel 00 : 10[82000] -> 11[83000] via direct shared memory
c198-072:1349:1402 [1] NCCL INFO Channel 00 : 49[3000] -> 50[82000] via direct shared memory
c198-072:1350:1406 [2] NCCL INFO Channel 01 : 50[82000] -> 51[83000] via direct shared memory
c198-071:7864:7926 [1] NCCL INFO Channel 00 : 45[3000] -> 46[82000] via direct shared memory
c197-041:25957:26009 [2] NCCL INFO Channel 01 : 10[82000] -> 11[83000] via direct shared memory
c198-072:1349:1402 [1] NCCL INFO Channel 01 : 49[3000] -> 50[82000] via direct shared memory
c197-032:25620:25673 [2] NCCL INFO Channel 00 : 6[82000] -> 7[83000] via direct shared memory
c197-032:25620:25673 [2] NCCL INFO Channel 01 : 6[82000] -> 7[83000] via direct shared memory
c198-071:7864:7926 [1] NCCL INFO Channel 01 : 45[3000] -> 46[82000] via direct shared memory
c198-052:6616:6667 [2] NCCL INFO Channel 00 : 34[82000] -> 35[83000] via direct shared memory
c198-031:14579:14631 [2] NCCL INFO Channel 00 : 14[82000] -> 15[83000] via direct shared memory
c198-052:6616:6667 [2] NCCL INFO Channel 01 : 34[82000] -> 35[83000] via direct shared memory
c198-102:15657:15720 [1] NCCL INFO Channel 00 : 53[3000] -> 54[82000] via direct shared memory
c198-042:30132:30185 [2] NCCL INFO Channel 00 : 26[82000] -> 27[83000] via direct shared memory
c198-061:31444:31496 [2] NCCL INFO Channel 00 : 38[82000] -> 39[83000] via direct shared memory
c198-031:14578:14635 [1] NCCL INFO Channel 00 : 13[3000] -> 14[82000] via direct shared memory
c198-052:6615:6671 [1] NCCL INFO Channel 00 : 33[3000] -> 34[82000] via direct shared memory
c198-042:30131:30187 [1] NCCL INFO Channel 00 : 25[3000] -> 26[82000] via direct shared memory
c198-041:27938:27991 [1] NCCL INFO Channel 00 : 21[3000] -> 22[82000] via direct shared memory
c198-102:15658:15716 [2] NCCL INFO Channel 00 : 54[82000] -> 55[83000] via direct shared memory
c198-031:14579:14631 [2] NCCL INFO Channel 01 : 14[82000] -> 15[83000] via direct shared memory
c198-052:6615:6671 [1] NCCL INFO Channel 01 : 33[3000] -> 34[82000] via direct shared memory
c198-042:30132:30185 [2] NCCL INFO Channel 01 : 26[82000] -> 27[83000] via direct shared memory
c198-041:27938:27991 [1] NCCL INFO Channel 01 : 21[3000] -> 22[82000] via direct shared memory
c198-102:15657:15720 [1] NCCL INFO Channel 01 : 53[3000] -> 54[82000] via direct shared memory
c198-061:31443:31500 [1] NCCL INFO Channel 00 : 37[3000] -> 38[82000] via direct shared memory
c198-051:8490:8543 [2] NCCL INFO Channel 00 : 30[82000] -> 31[83000] via direct shared memory
c198-031:14578:14635 [1] NCCL INFO Channel 01 : 13[3000] -> 14[82000] via direct shared memory
c198-042:30131:30187 [1] NCCL INFO Channel 01 : 25[3000] -> 26[82000] via direct shared memory
c198-041:27939:27996 [2] NCCL INFO Channel 00 : 22[82000] -> 23[83000] via direct shared memory
c198-102:15658:15716 [2] NCCL INFO Channel 01 : 54[82000] -> 55[83000] via direct shared memory
c198-061:31444:31496 [2] NCCL INFO Channel 01 : 38[82000] -> 39[83000] via direct shared memory
c198-051:8489:8546 [1] NCCL INFO Channel 00 : 29[3000] -> 30[82000] via direct shared memory
c198-041:27939:27996 [2] NCCL INFO Channel 01 : 22[82000] -> 23[83000] via direct shared memory
c198-061:31443:31500 [1] NCCL INFO Channel 01 : 37[3000] -> 38[82000] via direct shared memory
c198-051:8490:8543 [2] NCCL INFO Channel 01 : 30[82000] -> 31[83000] via direct shared memory
c198-051:8489:8546 [1] NCCL INFO Channel 01 : 29[3000] -> 30[82000] via direct shared memory
c197-032:25619:25676 [1] NCCL INFO Channel 00 : 5[3000] -> 6[82000] via direct shared memory
c198-032:8427:8481 [1] NCCL INFO Channel 00 : 17[3000] -> 18[82000] via direct shared memory
c198-112:11738:11794 [2] NCCL INFO Channel 00 : 62[82000] -> 63[83000] via direct shared memory
c198-032:8428:8484 [2] NCCL INFO Channel 00 : 18[82000] -> 19[83000] via direct shared memory
c198-112:11737:11789 [1] NCCL INFO Channel 00 : 61[3000] -> 62[82000] via direct shared memory
c198-112:11738:11794 [2] NCCL INFO Channel 01 : 62[82000] -> 63[83000] via direct shared memory
c198-032:8427:8481 [1] NCCL INFO Channel 01 : 17[3000] -> 18[82000] via direct shared memory
c198-062:17730:17787 [1] NCCL INFO Channel 00 : 41[3000] -> 42[82000] via direct shared memory
c198-111:3607:3664 [1] NCCL INFO Channel 00 : 57[3000] -> 58[82000] via direct shared memory
c197-041:25956:26015 [1] NCCL INFO Channel 00 : 9[3000] -> 10[82000] via direct shared memory
c197-032:25619:25676 [1] NCCL INFO Channel 01 : 5[3000] -> 6[82000] via direct shared memory
c198-032:8428:8484 [2] NCCL INFO Channel 01 : 18[82000] -> 19[83000] via direct shared memory
c198-111:3608:3659 [2] NCCL INFO Channel 00 : 58[82000] -> 59[83000] via direct shared memory
c198-112:11737:11789 [1] NCCL INFO Channel 01 : 61[3000] -> 62[82000] via direct shared memory
c197-031:14610:14668 [1] NCCL INFO Channel 00 : 1[3000] -> 2[82000] via direct shared memory
c198-062:17730:17787 [1] NCCL INFO Channel 01 : 41[3000] -> 42[82000] via direct shared memory
c198-111:3607:3664 [1] NCCL INFO Channel 01 : 57[3000] -> 58[82000] via direct shared memory
c198-111:3608:3659 [2] NCCL INFO Channel 01 : 58[82000] -> 59[83000] via direct shared memory
c197-041:25956:26015 [1] NCCL INFO Channel 01 : 9[3000] -> 10[82000] via direct shared memory
c197-031:14611:14669 [2] NCCL INFO Channel 00 : 2[82000] -> 3[83000] via direct shared memory
c197-031:14610:14668 [1] NCCL INFO Channel 01 : 1[3000] -> 2[82000] via direct shared memory
c197-031:14611:14669 [2] NCCL INFO Channel 01 : 2[82000] -> 3[83000] via direct shared memory
c198-072:1351:1408 [3] NCCL INFO Channel 00/0 : 51[83000] -> 52[2000] [send] via NET/IB/0
c198-071:7866:7920 [3] NCCL INFO Channel 00/0 : 47[83000] -> 48[2000] [send] via NET/IB/0
c198-062:17732:17782 [3] NCCL INFO Channel 00/0 : 43[83000] -> 44[2000] [send] via NET/IB/0
c197-041:25958:26011 [3] NCCL INFO Channel 00/0 : 11[83000] -> 12[2000] [send] via NET/IB/0
c197-032:25621:25672 [3] NCCL INFO Channel 00/0 : 7[83000] -> 8[2000] [send] via NET/IB/0
c198-052:6617:6673 [3] NCCL INFO Channel 00/0 : 35[83000] -> 36[2000] [send] via NET/IB/0
c198-042:30133:30186 [3] NCCL INFO Channel 00/0 : 27[83000] -> 28[2000] [send] via NET/IB/0
c198-102:15659:15719 [3] NCCL INFO Channel 00/0 : 55[83000] -> 56[2000] [send] via NET/IB/0
c198-061:31445:31497 [3] NCCL INFO Channel 00/0 : 39[83000] -> 40[2000] [send] via NET/IB/0
c198-051:8491:8542 [3] NCCL INFO Channel 00/0 : 31[83000] -> 32[2000] [send] via NET/IB/0
c198-031:14580:14633 [3] NCCL INFO Channel 00/0 : 15[83000] -> 16[2000] [send] via NET/IB/0
c198-112:11739:11791 [3] NCCL INFO Channel 00/0 : 63[83000] -> 0[2000] [send] via NET/IB/0
c198-041:27940:27995 [3] NCCL INFO Channel 00/0 : 23[83000] -> 24[2000] [send] via NET/IB/0
c198-111:3609:3661 [3] NCCL INFO Channel 00/0 : 59[83000] -> 60[2000] [send] via NET/IB/0
c198-032:8429:8485 [3] NCCL INFO Channel 00/0 : 19[83000] -> 20[2000] [send] via NET/IB/0
c197-031:14612:14665 [3] NCCL INFO Channel 00/0 : 3[83000] -> 4[2000] [send] via NET/IB/0
c198-102:15656:15714 [0] NCCL INFO Channel 01/0 : 51[83000] -> 52[2000] [receive] via NET/IB/0
c198-102:15656:15714 [0] NCCL INFO Channel 00 : 52[2000] -> 53[3000] via direct shared memory
c198-051:8488:8547 [0] NCCL INFO Channel 01/0 : 27[83000] -> 28[2000] [receive] via NET/IB/0
c198-102:15656:15714 [0] NCCL INFO Channel 01 : 52[2000] -> 53[3000] via direct shared memory
c198-051:8488:8547 [0] NCCL INFO Channel 00 : 28[2000] -> 29[3000] via direct shared memory
c198-032:8426:8479 [0] NCCL INFO Channel 01/0 : 15[83000] -> 16[2000] [receive] via NET/IB/0
c198-041:27937:27992 [0] NCCL INFO Channel 01/0 : 19[83000] -> 20[2000] [receive] via NET/IB/0
c198-051:8488:8547 [0] NCCL INFO Channel 01 : 28[2000] -> 29[3000] via direct shared memory
c198-071:7863:7924 [0] NCCL INFO Channel 01/0 : 43[83000] -> 44[2000] [receive] via NET/IB/0
c198-032:8426:8479 [0] NCCL INFO Channel 00 : 16[2000] -> 17[3000] via direct shared memory
c198-041:27937:27992 [0] NCCL INFO Channel 00 : 20[2000] -> 21[3000] via direct shared memory
c198-072:1348:1405 [0] NCCL INFO Channel 01/0 : 47[83000] -> 48[2000] [receive] via NET/IB/0
c198-032:8426:8479 [0] NCCL INFO Channel 01 : 16[2000] -> 17[3000] via direct shared memory
c198-031:14577:14637 [0] NCCL INFO Channel 01/0 : 11[83000] -> 12[2000] [receive] via NET/IB/0
c198-071:7863:7924 [0] NCCL INFO Channel 00 : 44[2000] -> 45[3000] via direct shared memory
c198-041:27937:27992 [0] NCCL INFO Channel 01 : 20[2000] -> 21[3000] via direct shared memory
c198-052:6614:6670 [0] NCCL INFO Channel 01/0 : 31[83000] -> 32[2000] [receive] via NET/IB/0
c198-042:30130:30189 [0] NCCL INFO Channel 01/0 : 23[83000] -> 24[2000] [receive] via NET/IB/0
c198-072:1348:1405 [0] NCCL INFO Channel 00 : 48[2000] -> 49[3000] via direct shared memory
c198-071:7863:7924 [0] NCCL INFO Channel 01 : 44[2000] -> 45[3000] via direct shared memory
c198-061:31442:31501 [0] NCCL INFO Channel 01/0 : 35[83000] -> 36[2000] [receive] via NET/IB/0
c198-031:14577:14637 [0] NCCL INFO Channel 00 : 12[2000] -> 13[3000] via direct shared memory
c198-052:6614:6670 [0] NCCL INFO Channel 00 : 32[2000] -> 33[3000] via direct shared memory
c198-072:1348:1405 [0] NCCL INFO Channel 01 : 48[2000] -> 49[3000] via direct shared memory
c198-111:3606:3665 [0] NCCL INFO Channel 01/0 : 55[83000] -> 56[2000] [receive] via NET/IB/0
c198-031:14577:14637 [0] NCCL INFO Channel 01 : 12[2000] -> 13[3000] via direct shared memory
c198-042:30130:30189 [0] NCCL INFO Channel 00 : 24[2000] -> 25[3000] via direct shared memory
c198-052:6614:6670 [0] NCCL INFO Channel 01 : 32[2000] -> 33[3000] via direct shared memory
c198-061:31442:31501 [0] NCCL INFO Channel 00 : 36[2000] -> 37[3000] via direct shared memory
c198-042:30130:30189 [0] NCCL INFO Channel 01 : 24[2000] -> 25[3000] via direct shared memory
c198-111:3606:3665 [0] NCCL INFO Channel 00 : 56[2000] -> 57[3000] via direct shared memory
c198-061:31442:31501 [0] NCCL INFO Channel 01 : 36[2000] -> 37[3000] via direct shared memory
c197-032:25618:25677 [0] NCCL INFO Channel 01/0 : 3[83000] -> 4[2000] [receive] via NET/IB/0
c198-111:3606:3665 [0] NCCL INFO Channel 01 : 56[2000] -> 57[3000] via direct shared memory
c198-112:11736:11795 [0] NCCL INFO Channel 01/0 : 59[83000] -> 60[2000] [receive] via NET/IB/0
c197-041:25955:26014 [0] NCCL INFO Channel 01/0 : 7[83000] -> 8[2000] [receive] via NET/IB/0
c197-031:14609:14660 [0] NCCL INFO Channel 01/0 : 63[83000] -> 0[2000] [receive] via NET/IB/0
c198-112:11736:11795 [0] NCCL INFO Channel 00 : 60[2000] -> 61[3000] via direct shared memory
c198-062:17729:17788 [0] NCCL INFO Channel 01/0 : 39[83000] -> 40[2000] [receive] via NET/IB/0
c197-041:25955:26014 [0] NCCL INFO Channel 00 : 8[2000] -> 9[3000] via direct shared memory
c197-032:25618:25677 [0] NCCL INFO Channel 00 : 4[2000] -> 5[3000] via direct shared memory
c198-112:11736:11795 [0] NCCL INFO Channel 01 : 60[2000] -> 61[3000] via direct shared memory
c197-032:25618:25677 [0] NCCL INFO Channel 01 : 4[2000] -> 5[3000] via direct shared memory
c197-041:25955:26014 [0] NCCL INFO Channel 01 : 8[2000] -> 9[3000] via direct shared memory
