c198-111:3127:3186 [0] NCCL INFO Channel 01/0 : 55[83000] -> 56[2000] [receive] via NET/IB/0
c198-111:3127:3186 [0] NCCL INFO Channel 00 : 56[2000] -> 57[3000] via direct shared memory
c198-111:3127:3186 [0] NCCL INFO Channel 01 : 56[2000] -> 57[3000] via direct shared memory
c198-071:7283:7342 [1] NCCL INFO Connected all rings
c198-062:17255:17313 [1] NCCL INFO Connected all rings
c198-061:30967:31025 [1] NCCL INFO Connected all rings
c198-072:709:769 [1] NCCL INFO Connected all rings
c197-041:25375:25431 [1] NCCL INFO Connected all rings
c197-032:25143:25200 [1] NCCL INFO Connected all rings
c198-052:6141:6195 [1] NCCL INFO Connected all rings
c197-031:14085:14147 [1] NCCL INFO Connected all rings
c198-031:14103:14159 [1] NCCL INFO Connected all rings
c198-041:27461:27516 [1] NCCL INFO Connected all rings
c198-102:15076:15135 [1] NCCL INFO Connected all rings
c198-112:11259:11315 [1] NCCL INFO Connected all rings
c198-111:3128:3184 [1] NCCL INFO Connected all rings
c198-032:7952:8004 [1] NCCL INFO Connected all rings
c198-071:7283:7342 [1] NCCL INFO Channel 01/0 : 45[3000] -> 52[2000] [send] via NET/IB/0
c198-051:8013:8071 [1] NCCL INFO Connected all rings
c198-042:29656:29714 [1] NCCL INFO Connected all rings
c198-061:30967:31025 [1] NCCL INFO Channel 01/0 : 37[3000] -> 40[2000] [send] via NET/IB/0
c198-072:709:769 [1] NCCL INFO Channel 00/0 : 40[2000] -> 49[3000] [receive] via NET/IB/0
c197-041:25375:25431 [1] NCCL INFO Channel 00/0 : 4[2000] -> 9[3000] [receive] via NET/IB/0
c197-032:25143:25200 [1] NCCL INFO Channel 01/0 : 5[3000] -> 8[2000] [send] via NET/IB/0
c198-052:6141:6195 [1] NCCL INFO Channel 00/0 : 16[2000] -> 33[3000] [receive] via NET/IB/0
c198-041:27461:27516 [1] NCCL INFO Channel 01/0 : 21[3000] -> 24[2000] [send] via NET/IB/0
c198-102:15076:15135 [1] NCCL INFO Channel 01/0 : 53[3000] -> 56[2000] [send] via NET/IB/0
c198-031:14103:14159 [1] NCCL INFO Channel 01/0 : 13[3000] -> 20[2000] [send] via NET/IB/0
c198-032:7952:8004 [1] NCCL INFO Channel 00/0 : 8[2000] -> 17[3000] [receive] via NET/IB/0
c198-111:3128:3184 [1] NCCL INFO Channel 00/0 : 52[2000] -> 57[3000] [receive] via NET/IB/0
c198-051:8013:8071 [1] NCCL INFO Channel 01/0 : 29[3000] -> 44[2000] [send] via NET/IB/0
c198-042:29656:29714 [1] NCCL INFO Channel 00/0 : 20[2000] -> 25[3000] [receive] via NET/IB/0
c198-062:17255:17313 [1] NCCL INFO Channel 00/0 : 36[2000] -> 41[3000] [receive] via NET/IB/0
c198-062:17257:17308 [3] NCCL INFO Channel 01/0 : 43[83000] -> 44[2000] [send] via NET/IB/0
c198-071:7285:7339 [3] NCCL INFO Channel 01/0 : 47[83000] -> 48[2000] [send] via NET/IB/0
c198-072:711:764 [3] NCCL INFO Channel 01/0 : 51[83000] -> 52[2000] [send] via NET/IB/0
c198-061:30969:31019 [3] NCCL INFO Channel 01/0 : 39[83000] -> 40[2000] [send] via NET/IB/0
c198-102:15078:15137 [3] NCCL INFO Channel 01/0 : 55[83000] -> 56[2000] [send] via NET/IB/0
c198-051:8015:8067 [3] NCCL INFO Channel 01/0 : 31[83000] -> 32[2000] [send] via NET/IB/0
c197-041:25377:25429 [3] NCCL INFO Channel 01/0 : 11[83000] -> 12[2000] [send] via NET/IB/0
c198-032:7954:8010 [3] NCCL INFO Channel 01/0 : 19[83000] -> 20[2000] [send] via NET/IB/0
c197-032:25145:25198 [3] NCCL INFO Channel 01/0 : 7[83000] -> 8[2000] [send] via NET/IB/0
c198-112:11261:11313 [3] NCCL INFO Channel 01/0 : 63[83000] -> 0[2000] [send] via NET/IB/0
c198-041:27463:27519 [3] NCCL INFO Channel 01/0 : 23[83000] -> 24[2000] [send] via NET/IB/0
c198-031:14105:14155 [3] NCCL INFO Channel 01/0 : 15[83000] -> 16[2000] [send] via NET/IB/0
c198-052:6143:6197 [3] NCCL INFO Channel 01/0 : 35[83000] -> 36[2000] [send] via NET/IB/0
c198-042:29658:29709 [3] NCCL INFO Channel 01/0 : 27[83000] -> 28[2000] [send] via NET/IB/0
c197-031:14087:14145 [3] NCCL INFO Channel 01/0 : 3[83000] -> 4[2000] [send] via NET/IB/0
c198-111:3130:3182 [3] NCCL INFO Channel 01/0 : 59[83000] -> 60[2000] [send] via NET/IB/0
c198-062:17256:17309 [2] NCCL INFO Connected all rings
c198-061:30968:31021 [2] NCCL INFO Connected all rings
c198-072:710:771 [2] NCCL INFO Connected all rings
c198-071:7284:7337 [2] NCCL INFO Connected all rings
c198-112:11260:11311 [2] NCCL INFO Connected all rings
c198-102:15077:15133 [2] NCCL INFO Connected all rings
c198-051:8014:8066 [2] NCCL INFO Connected all rings
c197-032:25144:25197 [2] NCCL INFO Connected all rings
c198-052:6142:6199 [2] NCCL INFO Connected all rings
c198-032:7953:8008 [2] NCCL INFO Connected all rings
c198-031:14104:14157 [2] NCCL INFO Connected all rings
c198-042:29657:29710 [2] NCCL INFO Connected all rings
c197-041:25376:25435 [2] NCCL INFO Connected all rings
c198-041:27462:27517 [2] NCCL INFO Connected all rings
c197-031:14086:14143 [2] NCCL INFO Connected all rings
c198-111:3129:3180 [2] NCCL INFO Connected all rings
c197-031:14085:14147 [1] NCCL INFO Channel 00 : 1[3000] -> 0[2000] via direct shared memory
c197-031:14085:14147 [1] NCCL INFO Channel 01 : 1[3000] -> 0[2000] via direct shared memory
c198-112:11259:11315 [1] NCCL INFO Channel 00 : 61[3000] -> 60[2000] via direct shared memory
c198-112:11259:11315 [1] NCCL INFO Channel 01 : 61[3000] -> 60[2000] via direct shared memory
c198-072:711:764 [3] NCCL INFO Connected all rings
c198-072:711:764 [3] NCCL INFO Channel 00 : 51[83000] -> 50[82000] via direct shared memory
c198-062:17257:17308 [3] NCCL INFO Connected all rings
c198-072:711:764 [3] NCCL INFO Channel 01 : 51[83000] -> 50[82000] via direct shared memory
c198-062:17257:17308 [3] NCCL INFO Channel 00 : 43[83000] -> 42[82000] via direct shared memory
c198-062:17257:17308 [3] NCCL INFO Channel 01 : 43[83000] -> 42[82000] via direct shared memory
c198-102:15078:15137 [3] NCCL INFO Connected all rings
c198-102:15078:15137 [3] NCCL INFO Channel 00 : 55[83000] -> 54[82000] via direct shared memory
c198-061:30969:31019 [3] NCCL INFO Connected all rings
c198-032:7954:8010 [3] NCCL INFO Connected all rings
c198-051:8015:8067 [3] NCCL INFO Connected all rings
c198-102:15078:15137 [3] NCCL INFO Channel 01 : 55[83000] -> 54[82000] via direct shared memory
c198-032:7954:8010 [3] NCCL INFO Channel 00 : 19[83000] -> 18[82000] via direct shared memory
c198-061:30969:31019 [3] NCCL INFO Channel 00 : 39[83000] -> 38[82000] via direct shared memory
c198-051:8015:8067 [3] NCCL INFO Channel 00 : 31[83000] -> 30[82000] via direct shared memory
c198-061:30969:31019 [3] NCCL INFO Channel 01 : 39[83000] -> 38[82000] via direct shared memory
c198-032:7954:8010 [3] NCCL INFO Channel 01 : 19[83000] -> 18[82000] via direct shared memory
c197-041:25377:25429 [3] NCCL INFO Connected all rings
c198-071:7285:7339 [3] NCCL INFO Connected all rings
c198-112:11261:11313 [3] NCCL INFO Connected all rings
c198-051:8015:8067 [3] NCCL INFO Channel 01 : 31[83000] -> 30[82000] via direct shared memory
c197-041:25377:25429 [3] NCCL INFO Channel 00 : 11[83000] -> 10[82000] via direct shared memory
c198-112:11261:11313 [3] NCCL INFO Channel 00 : 63[83000] -> 62[82000] via direct shared memory
c198-071:7285:7339 [3] NCCL INFO Channel 00 : 47[83000] -> 46[82000] via direct shared memory
c198-071:7285:7339 [3] NCCL INFO Channel 01 : 47[83000] -> 46[82000] via direct shared memory
c197-041:25377:25429 [3] NCCL INFO Channel 01 : 11[83000] -> 10[82000] via direct shared memory
c198-112:11261:11313 [3] NCCL INFO Channel 01 : 63[83000] -> 62[82000] via direct shared memory
c197-032:25145:25198 [3] NCCL INFO Connected all rings
c198-052:6143:6197 [3] NCCL INFO Connected all rings
c198-031:14105:14155 [3] NCCL INFO Connected all rings
c197-032:25145:25198 [3] NCCL INFO Channel 00 : 7[83000] -> 6[82000] via direct shared memory
c198-052:6143:6197 [3] NCCL INFO Channel 00 : 35[83000] -> 34[82000] via direct shared memory
c198-031:14105:14155 [3] NCCL INFO Channel 00 : 15[83000] -> 14[82000] via direct shared memory
c197-032:25145:25198 [3] NCCL INFO Channel 01 : 7[83000] -> 6[82000] via direct shared memory
c198-052:6143:6197 [3] NCCL INFO Channel 01 : 35[83000] -> 34[82000] via direct shared memory
c198-031:14105:14155 [3] NCCL INFO Channel 01 : 15[83000] -> 14[82000] via direct shared memory
c198-042:29658:29709 [3] NCCL INFO Connected all rings
c198-042:29658:29709 [3] NCCL INFO Channel 00 : 27[83000] -> 26[82000] via direct shared memory
c198-041:27463:27519 [3] NCCL INFO Connected all rings
c198-041:27463:27519 [3] NCCL INFO Channel 00 : 23[83000] -> 22[82000] via direct shared memory
c198-042:29658:29709 [3] NCCL INFO Channel 01 : 27[83000] -> 26[82000] via direct shared memory
c198-041:27463:27519 [3] NCCL INFO Channel 01 : 23[83000] -> 22[82000] via direct shared memory
c197-031:14087:14145 [3] NCCL INFO Connected all rings
c198-071:7282:7343 [0] NCCL INFO Connected all rings
c197-031:14087:14145 [3] NCCL INFO Channel 00 : 3[83000] -> 2[82000] via direct shared memory
c198-111:3130:3182 [3] NCCL INFO Connected all rings
c197-031:14087:14145 [3] NCCL INFO Channel 01 : 3[83000] -> 2[82000] via direct shared memory
c198-111:3130:3182 [3] NCCL INFO Channel 00 : 59[83000] -> 58[82000] via direct shared memory
c198-062:17256:17309 [2] NCCL INFO Channel 00 : 42[82000] -> 41[3000] via direct shared memory
c198-111:3130:3182 [3] NCCL INFO Channel 01 : 59[83000] -> 58[82000] via direct shared memory
c198-062:17256:17309 [2] NCCL INFO Channel 01 : 42[82000] -> 41[3000] via direct shared memory
c198-072:708:766 [0] NCCL INFO Connected all rings
c198-102:15075:15134 [0] NCCL INFO Connected all rings
c198-031:14102:14161 [0] NCCL INFO Connected all rings
c198-072:710:771 [2] NCCL INFO Channel 00 : 50[82000] -> 49[3000] via direct shared memory
c198-041:27460:27515 [0] NCCL INFO Connected all rings
c198-072:710:771 [2] NCCL INFO Channel 01 : 50[82000] -> 49[3000] via direct shared memory
c198-052:6140:6193 [0] NCCL INFO Connected all rings
c197-041:25374:25434 [0] NCCL INFO Connected all rings
c198-112:11260:11311 [2] NCCL INFO Channel 00 : 62[82000] -> 61[3000] via direct shared memory
c198-112:11260:11311 [2] NCCL INFO Channel 01 : 62[82000] -> 61[3000] via direct shared memory
c198-071:7284:7337 [2] NCCL INFO Channel 00 : 46[82000] -> 45[3000] via direct shared memory
c197-032:25144:25197 [2] NCCL INFO Channel 00 : 6[82000] -> 5[3000] via direct shared memory
c198-062:17254:17312 [0] NCCL INFO Connected all rings
c198-102:15077:15133 [2] NCCL INFO Channel 00 : 54[82000] -> 53[3000] via direct shared memory
c198-032:7951:8006 [0] NCCL INFO Connected all rings
c197-032:25144:25197 [2] NCCL INFO Channel 01 : 6[82000] -> 5[3000] via direct shared memory
c198-071:7284:7337 [2] NCCL INFO Channel 01 : 46[82000] -> 45[3000] via direct shared memory
c198-042:29655:29713 [0] NCCL INFO Connected all rings
c198-102:15077:15133 [2] NCCL INFO Channel 01 : 54[82000] -> 53[3000] via direct shared memory
c197-031:14084:14138 [0] NCCL INFO Connected all rings
c198-111:3127:3186 [0] NCCL INFO Connected all rings
c198-061:30966:31024 [0] NCCL INFO Connected all rings
c198-061:30968:31021 [2] NCCL INFO Channel 00 : 38[82000] -> 37[3000] via direct shared memory
c198-061:30968:31021 [2] NCCL INFO Channel 01 : 38[82000] -> 37[3000] via direct shared memory
c198-031:14104:14157 [2] NCCL INFO Channel 00 : 14[82000] -> 13[3000] via direct shared memory
c198-051:8012:8070 [0] NCCL INFO Connected all rings
c198-032:7953:8008 [2] NCCL INFO Channel 00 : 18[82000] -> 17[3000] via direct shared memory
c198-031:14104:14157 [2] NCCL INFO Channel 01 : 14[82000] -> 13[3000] via direct shared memory
c197-041:25376:25435 [2] NCCL INFO Channel 00 : 10[82000] -> 9[3000] via direct shared memory
c198-032:7953:8008 [2] NCCL INFO Channel 01 : 18[82000] -> 17[3000] via direct shared memory
c197-041:25376:25435 [2] NCCL INFO Channel 01 : 10[82000] -> 9[3000] via direct shared memory
c198-111:3129:3180 [2] NCCL INFO Channel 00 : 58[82000] -> 57[3000] via direct shared memory
c198-042:29657:29710 [2] NCCL INFO Channel 00 : 26[82000] -> 25[3000] via direct shared memory
c198-111:3129:3180 [2] NCCL INFO Channel 01 : 58[82000] -> 57[3000] via direct shared memory
c198-042:29657:29710 [2] NCCL INFO Channel 01 : 26[82000] -> 25[3000] via direct shared memory
c198-041:27462:27517 [2] NCCL INFO Channel 00 : 22[82000] -> 21[3000] via direct shared memory
c198-051:8014:8066 [2] NCCL INFO Channel 00 : 30[82000] -> 29[3000] via direct shared memory
c198-051:8014:8066 [2] NCCL INFO Channel 01 : 30[82000] -> 29[3000] via direct shared memory
c198-041:27462:27517 [2] NCCL INFO Channel 01 : 22[82000] -> 21[3000] via direct shared memory
c198-112:11258:11317 [0] NCCL INFO Connected all rings
c198-062:17257:17308 [3] NCCL INFO Connected all trees
c198-062:17257:17308 [3] NCCL INFO MSCCL_XML_FILES set by environment to /home1/09168/ldai1/ccl-build/msccl_tools_lyd/examples/xml/xml_lyd/binary_tree/allreduce_binary_tree_1ch_2tree_1chunk_16node_64gpu.xml
c198-062:17257:17308 [3] NCCL INFO MSCCL: Parsing algorithm /home1/09168/ldai1/ccl-build/msccl_tools_lyd/examples/xml/xml_lyd/binary_tree/allreduce_binary_tree_1ch_2tree_1chunk_16node_64gpu.xml
c198-052:6142:6199 [2] NCCL INFO Channel 00 : 34[82000] -> 33[3000] via direct shared memory
c198-052:6142:6199 [2] NCCL INFO Channel 01 : 34[82000] -> 33[3000] via direct shared memory
c197-032:25142:25202 [0] NCCL INFO Connected all rings
c198-072:711:764 [3] NCCL INFO Connected all trees
c198-072:711:764 [3] NCCL INFO MSCCL_XML_FILES set by environment to /home1/09168/ldai1/ccl-build/msccl_tools_lyd/examples/xml/xml_lyd/binary_tree/allreduce_binary_tree_1ch_2tree_1chunk_16node_64gpu.xml
c198-072:711:764 [3] NCCL INFO MSCCL: Parsing algorithm /home1/09168/ldai1/ccl-build/msccl_tools_lyd/examples/xml/xml_lyd/binary_tree/allreduce_binary_tree_1ch_2tree_1chunk_16node_64gpu.xml
c198-112:11261:11313 [3] NCCL INFO Connected all trees
c198-071:7285:7339 [3] NCCL INFO Connected all trees
c198-112:11261:11313 [3] NCCL INFO MSCCL_XML_FILES set by environment to /home1/09168/ldai1/ccl-build/msccl_tools_lyd/examples/xml/xml_lyd/binary_tree/allreduce_binary_tree_1ch_2tree_1chunk_16node_64gpu.xml
c198-071:7285:7339 [3] NCCL INFO MSCCL_XML_FILES set by environment to /home1/09168/ldai1/ccl-build/msccl_tools_lyd/examples/xml/xml_lyd/binary_tree/allreduce_binary_tree_1ch_2tree_1chunk_16node_64gpu.xml
c198-112:11261:11313 [3] NCCL INFO MSCCL: Parsing algorithm /home1/09168/ldai1/ccl-build/msccl_tools_lyd/examples/xml/xml_lyd/binary_tree/allreduce_binary_tree_1ch_2tree_1chunk_16node_64gpu.xml
c198-071:7285:7339 [3] NCCL INFO MSCCL: Parsing algorithm /home1/09168/ldai1/ccl-build/msccl_tools_lyd/examples/xml/xml_lyd/binary_tree/allreduce_binary_tree_1ch_2tree_1chunk_16node_64gpu.xml
c197-032:25145:25198 [3] NCCL INFO Connected all trees
c197-032:25145:25198 [3] NCCL INFO MSCCL_XML_FILES set by environment to /home1/09168/ldai1/ccl-build/msccl_tools_lyd/examples/xml/xml_lyd/binary_tree/allreduce_binary_tree_1ch_2tree_1chunk_16node_64gpu.xml
c198-102:15078:15137 [3] NCCL INFO Connected all trees
c198-102:15078:15137 [3] NCCL INFO MSCCL_XML_FILES set by environment to /home1/09168/ldai1/ccl-build/msccl_tools_lyd/examples/xml/xml_lyd/binary_tree/allreduce_binary_tree_1ch_2tree_1chunk_16node_64gpu.xml
c197-032:25145:25198 [3] NCCL INFO MSCCL: Parsing algorithm /home1/09168/ldai1/ccl-build/msccl_tools_lyd/examples/xml/xml_lyd/binary_tree/allreduce_binary_tree_1ch_2tree_1chunk_16node_64gpu.xml
c198-102:15078:15137 [3] NCCL INFO MSCCL: Parsing algorithm /home1/09168/ldai1/ccl-build/msccl_tools_lyd/examples/xml/xml_lyd/binary_tree/allreduce_binary_tree_1ch_2tree_1chunk_16node_64gpu.xml
c198-061:30969:31019 [3] NCCL INFO Connected all trees
c198-061:30969:31019 [3] NCCL INFO MSCCL_XML_FILES set by environment to /home1/09168/ldai1/ccl-build/msccl_tools_lyd/examples/xml/xml_lyd/binary_tree/allreduce_binary_tree_1ch_2tree_1chunk_16node_64gpu.xml
c198-061:30969:31019 [3] NCCL INFO MSCCL: Parsing algorithm /home1/09168/ldai1/ccl-build/msccl_tools_lyd/examples/xml/xml_lyd/binary_tree/allreduce_binary_tree_1ch_2tree_1chunk_16node_64gpu.xml
c197-031:14086:14143 [2] NCCL INFO Channel 00 : 2[82000] -> 1[3000] via direct shared memory
c198-032:7954:8010 [3] NCCL INFO Connected all trees
c198-031:14105:14155 [3] NCCL INFO Connected all trees
c198-112:11260:11311 [2] NCCL INFO Connected all trees
c197-031:14086:14143 [2] NCCL INFO Channel 01 : 2[82000] -> 1[3000] via direct shared memory
c198-032:7954:8010 [3] NCCL INFO MSCCL_XML_FILES set by environment to /home1/09168/ldai1/ccl-build/msccl_tools_lyd/examples/xml/xml_lyd/binary_tree/allreduce_binary_tree_1ch_2tree_1chunk_16node_64gpu.xml
c198-032:7954:8010 [3] NCCL INFO MSCCL: Parsing algorithm /home1/09168/ldai1/ccl-build/msccl_tools_lyd/examples/xml/xml_lyd/binary_tree/allreduce_binary_tree_1ch_2tree_1chunk_16node_64gpu.xml
c198-031:14105:14155 [3] NCCL INFO MSCCL_XML_FILES set by environment to /home1/09168/ldai1/ccl-build/msccl_tools_lyd/examples/xml/xml_lyd/binary_tree/allreduce_binary_tree_1ch_2tree_1chunk_16node_64gpu.xml
c198-112:11260:11311 [2] NCCL INFO MSCCL_XML_FILES set by environment to /home1/09168/ldai1/ccl-build/msccl_tools_lyd/examples/xml/xml_lyd/binary_tree/allreduce_binary_tree_1ch_2tree_1chunk_16node_64gpu.xml
c198-112:11260:11311 [2] NCCL INFO MSCCL: Parsing algorithm /home1/09168/ldai1/ccl-build/msccl_tools_lyd/examples/xml/xml_lyd/binary_tree/allreduce_binary_tree_1ch_2tree_1chunk_16node_64gpu.xml
c198-031:14105:14155 [3] NCCL INFO MSCCL: Parsing algorithm /home1/09168/ldai1/ccl-build/msccl_tools_lyd/examples/xml/xml_lyd/binary_tree/allreduce_binary_tree_1ch_2tree_1chunk_16node_64gpu.xml
c197-041:25377:25429 [3] NCCL INFO Connected all trees
c197-041:25377:25429 [3] NCCL INFO MSCCL_XML_FILES set by environment to /home1/09168/ldai1/ccl-build/msccl_tools_lyd/examples/xml/xml_lyd/binary_tree/allreduce_binary_tree_1ch_2tree_1chunk_16node_64gpu.xml
c197-041:25377:25429 [3] NCCL INFO MSCCL: Parsing algorithm /home1/09168/ldai1/ccl-build/msccl_tools_lyd/examples/xml/xml_lyd/binary_tree/allreduce_binary_tree_1ch_2tree_1chunk_16node_64gpu.xml
c198-111:3130:3182 [3] NCCL INFO Connected all trees
c198-111:3130:3182 [3] NCCL INFO MSCCL_XML_FILES set by environment to /home1/09168/ldai1/ccl-build/msccl_tools_lyd/examples/xml/xml_lyd/binary_tree/allreduce_binary_tree_1ch_2tree_1chunk_16node_64gpu.xml
c198-041:27463:27519 [3] NCCL INFO Connected all trees
c198-041:27463:27519 [3] NCCL INFO MSCCL_XML_FILES set by environment to /home1/09168/ldai1/ccl-build/msccl_tools_lyd/examples/xml/xml_lyd/binary_tree/allreduce_binary_tree_1ch_2tree_1chunk_16node_64gpu.xml
c198-111:3130:3182 [3] NCCL INFO MSCCL: Parsing algorithm /home1/09168/ldai1/ccl-build/msccl_tools_lyd/examples/xml/xml_lyd/binary_tree/allreduce_binary_tree_1ch_2tree_1chunk_16node_64gpu.xml
c198-041:27463:27519 [3] NCCL INFO MSCCL: Parsing algorithm /home1/09168/ldai1/ccl-build/msccl_tools_lyd/examples/xml/xml_lyd/binary_tree/allreduce_binary_tree_1ch_2tree_1chunk_16node_64gpu.xml
c198-051:8015:8067 [3] NCCL INFO Connected all trees
c198-042:29658:29709 [3] NCCL INFO Connected all trees
c198-042:29658:29709 [3] NCCL INFO MSCCL_XML_FILES set by environment to /home1/09168/ldai1/ccl-build/msccl_tools_lyd/examples/xml/xml_lyd/binary_tree/allreduce_binary_tree_1ch_2tree_1chunk_16node_64gpu.xml
c198-042:29658:29709 [3] NCCL INFO MSCCL: Parsing algorithm /home1/09168/ldai1/ccl-build/msccl_tools_lyd/examples/xml/xml_lyd/binary_tree/allreduce_binary_tree_1ch_2tree_1chunk_16node_64gpu.xml
c198-051:8015:8067 [3] NCCL INFO MSCCL_XML_FILES set by environment to /home1/09168/ldai1/ccl-build/msccl_tools_lyd/examples/xml/xml_lyd/binary_tree/allreduce_binary_tree_1ch_2tree_1chunk_16node_64gpu.xml
c198-051:8015:8067 [3] NCCL INFO MSCCL: Parsing algorithm /home1/09168/ldai1/ccl-build/msccl_tools_lyd/examples/xml/xml_lyd/binary_tree/allreduce_binary_tree_1ch_2tree_1chunk_16node_64gpu.xml
c198-052:6143:6197 [3] NCCL INFO Connected all trees
c198-052:6143:6197 [3] NCCL INFO MSCCL_XML_FILES set by environment to /home1/09168/ldai1/ccl-build/msccl_tools_lyd/examples/xml/xml_lyd/binary_tree/allreduce_binary_tree_1ch_2tree_1chunk_16node_64gpu.xml
c198-052:6143:6197 [3] NCCL INFO MSCCL: Parsing algorithm /home1/09168/ldai1/ccl-build/msccl_tools_lyd/examples/xml/xml_lyd/binary_tree/allreduce_binary_tree_1ch_2tree_1chunk_16node_64gpu.xml
c197-031:14087:14145 [3] NCCL INFO Connected all trees
c197-031:14087:14145 [3] NCCL INFO MSCCL_XML_FILES set by environment to /home1/09168/ldai1/ccl-build/msccl_tools_lyd/examples/xml/xml_lyd/binary_tree/allreduce_binary_tree_1ch_2tree_1chunk_16node_64gpu.xml
c197-031:14087:14145 [3] NCCL INFO MSCCL: Parsing algorithm /home1/09168/ldai1/ccl-build/msccl_tools_lyd/examples/xml/xml_lyd/binary_tree/allreduce_binary_tree_1ch_2tree_1chunk_16node_64gpu.xml
c197-031:14086:14143 [2] NCCL INFO Connected all trees
c197-031:14086:14143 [2] NCCL INFO MSCCL_XML_FILES set by environment to /home1/09168/ldai1/ccl-build/msccl_tools_lyd/examples/xml/xml_lyd/binary_tree/allreduce_binary_tree_1ch_2tree_1chunk_16node_64gpu.xml
c197-031:14086:14143 [2] NCCL INFO MSCCL: Parsing algorithm /home1/09168/ldai1/ccl-build/msccl_tools_lyd/examples/xml/xml_lyd/binary_tree/allreduce_binary_tree_1ch_2tree_1chunk_16node_64gpu.xml
c198-032:7954:8010 [3] NCCL INFO Parsed MSCCL Algorithm /home1/09168/ldai1/ccl-build/msccl_tools_lyd/examples/xml/xml_lyd/binary_tree/allreduce_binary_tree_1ch_2tree_1chunk_16node_64gpu.xml successfully.
c198-072:711:764 [3] NCCL INFO Parsed MSCCL Algorithm /home1/09168/ldai1/ccl-build/msccl_tools_lyd/examples/xml/xml_lyd/binary_tree/allreduce_binary_tree_1ch_2tree_1chunk_16node_64gpu.xml successfully.
c198-112:11261:11313 [3] NCCL INFO Parsed MSCCL Algorithm /home1/09168/ldai1/ccl-build/msccl_tools_lyd/examples/xml/xml_lyd/binary_tree/allreduce_binary_tree_1ch_2tree_1chunk_16node_64gpu.xml successfully.
c198-071:7285:7339 [3] NCCL INFO Parsed MSCCL Algorithm /home1/09168/ldai1/ccl-build/msccl_tools_lyd/examples/xml/xml_lyd/binary_tree/allreduce_binary_tree_1ch_2tree_1chunk_16node_64gpu.xml successfully.
c198-032:7954:8010 [3] NCCL INFO Connected 1 MSCCL algorithms
c198-072:711:764 [3] NCCL INFO Connected 1 MSCCL algorithms
c198-112:11261:11313 [3] NCCL INFO Connected 1 MSCCL algorithms
c198-071:7285:7339 [3] NCCL INFO Connected 1 MSCCL algorithms
c198-042:29658:29709 [3] NCCL INFO Parsed MSCCL Algorithm /home1/09168/ldai1/ccl-build/msccl_tools_lyd/examples/xml/xml_lyd/binary_tree/allreduce_binary_tree_1ch_2tree_1chunk_16node_64gpu.xml successfully.
c198-111:3130:3182 [3] NCCL INFO Parsed MSCCL Algorithm /home1/09168/ldai1/ccl-build/msccl_tools_lyd/examples/xml/xml_lyd/binary_tree/allreduce_binary_tree_1ch_2tree_1chunk_16node_64gpu.xml successfully.
c198-032:7954:8010 [3] NCCL INFO NCCL_PROTO set by environment to Simple
c198-032:7954:8010 [3] NCCL INFO NCCL_ALGO set by environment to MSCCL,TREE,RING
c197-032:25145:25198 [3] NCCL INFO Parsed MSCCL Algorithm /home1/09168/ldai1/ccl-build/msccl_tools_lyd/examples/xml/xml_lyd/binary_tree/allreduce_binary_tree_1ch_2tree_1chunk_16node_64gpu.xml successfully.
c198-052:6143:6197 [3] NCCL INFO Parsed MSCCL Algorithm /home1/09168/ldai1/ccl-build/msccl_tools_lyd/examples/xml/xml_lyd/binary_tree/allreduce_binary_tree_1ch_2tree_1chunk_16node_64gpu.xml successfully.
c198-072:711:764 [3] NCCL INFO NCCL_PROTO set by environment to Simple
c198-072:711:764 [3] NCCL INFO NCCL_ALGO set by environment to MSCCL,TREE,RING
c198-112:11261:11313 [3] NCCL INFO NCCL_PROTO set by environment to Simple
c198-112:11261:11313 [3] NCCL INFO NCCL_ALGO set by environment to MSCCL,TREE,RING
c198-071:7285:7339 [3] NCCL INFO NCCL_PROTO set by environment to Simple
c198-071:7285:7339 [3] NCCL INFO NCCL_ALGO set by environment to MSCCL,TREE,RING
c198-042:29658:29709 [3] NCCL INFO Connected 1 MSCCL algorithms
c198-111:3130:3182 [3] NCCL INFO Connected 1 MSCCL algorithms
c198-032:7954:8010 [3] NCCL INFO threadThresholds 8/8/64 | 512/8/64 | 8/8/64 | 8/8/512
c197-032:25145:25198 [3] NCCL INFO Connected 1 MSCCL algorithms
c198-052:6143:6197 [3] NCCL INFO Connected 1 MSCCL algorithms
c198-072:711:764 [3] NCCL INFO threadThresholds 8/8/64 | 512/8/64 | 8/8/64 | 8/8/512
c198-112:11261:11313 [3] NCCL INFO threadThresholds 8/8/64 | 512/8/64 | 8/8/64 | 8/8/512
c198-112:11261:11313 [3] NCCL INFO 2 coll channels, 2 p2p channels, 2 p2p channels per peer
c198-071:7285:7339 [3] NCCL INFO threadThresholds 8/8/64 | 512/8/64 | 8/8/64 | 8/8/512
c198-041:27463:27519 [3] NCCL INFO Parsed MSCCL Algorithm /home1/09168/ldai1/ccl-build/msccl_tools_lyd/examples/xml/xml_lyd/binary_tree/allreduce_binary_tree_1ch_2tree_1chunk_16node_64gpu.xml successfully.
c198-042:29658:29709 [3] NCCL INFO NCCL_PROTO set by environment to Simple
c198-042:29658:29709 [3] NCCL INFO NCCL_ALGO set by environment to MSCCL,TREE,RING
c198-102:15078:15137 [3] NCCL INFO Parsed MSCCL Algorithm /home1/09168/ldai1/ccl-build/msccl_tools_lyd/examples/xml/xml_lyd/binary_tree/allreduce_binary_tree_1ch_2tree_1chunk_16node_64gpu.xml successfully.
c198-111:3130:3182 [3] NCCL INFO NCCL_PROTO set by environment to Simple
c198-111:3130:3182 [3] NCCL INFO NCCL_ALGO set by environment to MSCCL,TREE,RING
c198-111:3130:3182 [3] NCCL INFO threadThresholds 8/8/64 | 512/8/64 | 8/8/64 | 8/8/512
c198-032:7954:8010 [3] NCCL INFO 2 coll channels, 2 p2p channels, 2 p2p channels per peer
c197-032:25145:25198 [3] NCCL INFO NCCL_PROTO set by environment to Simple
c197-032:25145:25198 [3] NCCL INFO NCCL_ALGO set by environment to MSCCL,TREE,RING
c198-052:6143:6197 [3] NCCL INFO NCCL_PROTO set by environment to Simple
c198-072:711:764 [3] NCCL INFO 2 coll channels, 2 p2p channels, 2 p2p channels per peer
c198-112:11260:11311 [2] NCCL INFO Parsed MSCCL Algorithm /home1/09168/ldai1/ccl-build/msccl_tools_lyd/examples/xml/xml_lyd/binary_tree/allreduce_binary_tree_1ch_2tree_1chunk_16node_64gpu.xml successfully.
c198-071:7285:7339 [3] NCCL INFO 2 coll channels, 2 p2p channels, 2 p2p channels per peer
c198-041:27463:27519 [3] NCCL INFO Connected 1 MSCCL algorithms
c198-042:29658:29709 [3] NCCL INFO threadThresholds 8/8/64 | 512/8/64 | 8/8/64 | 8/8/512
c198-102:15078:15137 [3] NCCL INFO Connected 1 MSCCL algorithms
c198-111:3130:3182 [3] NCCL INFO 2 coll channels, 2 p2p channels, 2 p2p channels per peer
c197-032:25145:25198 [3] NCCL INFO threadThresholds 8/8/64 | 512/8/64 | 8/8/64 | 8/8/512
c198-052:6143:6197 [3] NCCL INFO NCCL_ALGO set by environment to MSCCL,TREE,RING
c197-041:25377:25429 [3] NCCL INFO Parsed MSCCL Algorithm /home1/09168/ldai1/ccl-build/msccl_tools_lyd/examples/xml/xml_lyd/binary_tree/allreduce_binary_tree_1ch_2tree_1chunk_16node_64gpu.xml successfully.
c198-112:11260:11311 [2] NCCL INFO Connected 1 MSCCL algorithms
c198-041:27463:27519 [3] NCCL INFO NCCL_PROTO set by environment to Simple
c198-041:27463:27519 [3] NCCL INFO NCCL_ALGO set by environment to MSCCL,TREE,RING
c198-042:29658:29709 [3] NCCL INFO 2 coll channels, 2 p2p channels, 2 p2p channels per peer
c198-102:15078:15137 [3] NCCL INFO NCCL_PROTO set by environment to Simple
c198-102:15078:15137 [3] NCCL INFO NCCL_ALGO set by environment to MSCCL,TREE,RING
c197-031:14086:14143 [2] NCCL INFO Parsed MSCCL Algorithm /home1/09168/ldai1/ccl-build/msccl_tools_lyd/examples/xml/xml_lyd/binary_tree/allreduce_binary_tree_1ch_2tree_1chunk_16node_64gpu.xml successfully.
c197-032:25145:25198 [3] NCCL INFO 2 coll channels, 2 p2p channels, 2 p2p channels per peer
c198-052:6143:6197 [3] NCCL INFO threadThresholds 8/8/64 | 512/8/64 | 8/8/64 | 8/8/512
c198-112:11260:11311 [2] NCCL INFO NCCL_PROTO set by environment to Simple
c198-112:11260:11311 [2] NCCL INFO NCCL_ALGO set by environment to MSCCL,TREE,RING
c198-041:27463:27519 [3] NCCL INFO threadThresholds 8/8/64 | 512/8/64 | 8/8/64 | 8/8/512
c198-102:15078:15137 [3] NCCL INFO threadThresholds 8/8/64 | 512/8/64 | 8/8/64 | 8/8/512
c198-052:6143:6197 [3] NCCL INFO 2 coll channels, 2 p2p channels, 2 p2p channels per peer
c197-041:25377:25429 [3] NCCL INFO Connected 1 MSCCL algorithms
c198-031:14105:14155 [3] NCCL INFO Parsed MSCCL Algorithm /home1/09168/ldai1/ccl-build/msccl_tools_lyd/examples/xml/xml_lyd/binary_tree/allreduce_binary_tree_1ch_2tree_1chunk_16node_64gpu.xml successfully.
c198-112:11260:11311 [2] NCCL INFO threadThresholds 8/8/64 | 512/8/64 | 8/8/64 | 8/8/512
c198-041:27463:27519 [3] NCCL INFO 2 coll channels, 2 p2p channels, 2 p2p channels per peer
c198-102:15078:15137 [3] NCCL INFO 2 coll channels, 2 p2p channels, 2 p2p channels per peer
c197-031:14086:14143 [2] NCCL INFO Connected 1 MSCCL algorithms
c198-051:8015:8067 [3] NCCL INFO Parsed MSCCL Algorithm /home1/09168/ldai1/ccl-build/msccl_tools_lyd/examples/xml/xml_lyd/binary_tree/allreduce_binary_tree_1ch_2tree_1chunk_16node_64gpu.xml successfully.
c197-041:25377:25429 [3] NCCL INFO NCCL_PROTO set by environment to Simple
c198-031:14105:14155 [3] NCCL INFO Connected 1 MSCCL algorithms
c198-112:11260:11311 [2] NCCL INFO 2 coll channels, 2 p2p channels, 2 p2p channels per peer
c197-031:14086:14143 [2] NCCL INFO NCCL_PROTO set by environment to Simple
c197-031:14086:14143 [2] NCCL INFO NCCL_ALGO set by environment to MSCCL,TREE,RING
c197-041:25377:25429 [3] NCCL INFO NCCL_ALGO set by environment to MSCCL,TREE,RING
c197-041:25377:25429 [3] NCCL INFO threadThresholds 8/8/64 | 512/8/64 | 8/8/64 | 8/8/512
c197-041:25377:25429 [3] NCCL INFO 2 coll channels, 2 p2p channels, 2 p2p channels per peer
c198-031:14105:14155 [3] NCCL INFO NCCL_PROTO set by environment to Simple
c198-031:14105:14155 [3] NCCL INFO NCCL_ALGO set by environment to MSCCL,TREE,RING
c197-031:14087:14145 [3] NCCL INFO Parsed MSCCL Algorithm /home1/09168/ldai1/ccl-build/msccl_tools_lyd/examples/xml/xml_lyd/binary_tree/allreduce_binary_tree_1ch_2tree_1chunk_16node_64gpu.xml successfully.
c198-031:14105:14155 [3] NCCL INFO threadThresholds 8/8/64 | 512/8/64 | 8/8/64 | 8/8/512
c197-031:14086:14143 [2] NCCL INFO threadThresholds 8/8/64 | 512/8/64 | 8/8/64 | 8/8/512
c197-031:14086:14143 [2] NCCL INFO 2 coll channels, 2 p2p channels, 2 p2p channels per peer
c198-051:8015:8067 [3] NCCL INFO Connected 1 MSCCL algorithms
c198-062:17257:17308 [3] NCCL INFO Parsed MSCCL Algorithm /home1/09168/ldai1/ccl-build/msccl_tools_lyd/examples/xml/xml_lyd/binary_tree/allreduce_binary_tree_1ch_2tree_1chunk_16node_64gpu.xml successfully.
c198-031:14105:14155 [3] NCCL INFO 2 coll channels, 2 p2p channels, 2 p2p channels per peer
c197-031:14087:14145 [3] NCCL INFO Connected 1 MSCCL algorithms
c198-051:8015:8067 [3] NCCL INFO NCCL_PROTO set by environment to Simple
c198-051:8015:8067 [3] NCCL INFO NCCL_ALGO set by environment to MSCCL,TREE,RING
c197-031:14087:14145 [3] NCCL INFO NCCL_PROTO set by environment to Simple
c198-051:8015:8067 [3] NCCL INFO threadThresholds 8/8/64 | 512/8/64 | 8/8/64 | 8/8/512
c197-031:14087:14145 [3] NCCL INFO NCCL_ALGO set by environment to MSCCL,TREE,RING
c197-031:14087:14145 [3] NCCL INFO threadThresholds 8/8/64 | 512/8/64 | 8/8/64 | 8/8/512
c198-051:8015:8067 [3] NCCL INFO 2 coll channels, 2 p2p channels, 2 p2p channels per peer
c197-031:14087:14145 [3] NCCL INFO 2 coll channels, 2 p2p channels, 2 p2p channels per peer
c198-061:30969:31019 [3] NCCL INFO Parsed MSCCL Algorithm /home1/09168/ldai1/ccl-build/msccl_tools_lyd/examples/xml/xml_lyd/binary_tree/allreduce_binary_tree_1ch_2tree_1chunk_16node_64gpu.xml successfully.
c198-061:30969:31019 [3] NCCL INFO Connected 1 MSCCL algorithms
c198-062:17257:17308 [3] NCCL INFO Connected 1 MSCCL algorithms
c198-061:30969:31019 [3] NCCL INFO NCCL_PROTO set by environment to Simple
c198-061:30969:31019 [3] NCCL INFO NCCL_ALGO set by environment to MSCCL,TREE,RING
c198-062:17257:17308 [3] NCCL INFO NCCL_PROTO set by environment to Simple
c198-061:30969:31019 [3] NCCL INFO threadThresholds 8/8/64 | 512/8/64 | 8/8/64 | 8/8/512
c198-061:30969:31019 [3] NCCL INFO 2 coll channels, 2 p2p channels, 2 p2p channels per peer
c198-062:17257:17308 [3] NCCL INFO NCCL_ALGO set by environment to MSCCL,TREE,RING
c198-062:17257:17308 [3] NCCL INFO threadThresholds 8/8/64 | 512/8/64 | 8/8/64 | 8/8/512
c198-062:17257:17308 [3] NCCL INFO 2 coll channels, 2 p2p channels, 2 p2p channels per peer
c198-071:7282:7343 [0] NCCL INFO Channel 00/0 : 40[2000] -> 44[2000] [receive] via NET/IB/0
c198-041:27460:27515 [0] NCCL INFO Channel 01/0 : 16[2000] -> 20[2000] [receive] via NET/IB/0
c198-072:708:766 [0] NCCL INFO Channel 01/0 : 48[2000] -> 52[2000] [send] via NET/IB/0
c198-052:6140:6193 [0] NCCL INFO Channel 01/0 : 32[2000] -> 36[2000] [send] via NET/IB/0
c198-031:14102:14161 [0] NCCL INFO Channel 00/0 : 8[2000] -> 12[2000] [receive] via NET/IB/0
c198-102:15075:15134 [0] NCCL INFO Channel 01/0 : 48[2000] -> 52[2000] [receive] via NET/IB/0
c197-041:25374:25434 [0] NCCL INFO Channel 01/0 : 5[3000] -> 8[2000] [receive] via NET/IB/0
c198-032:7951:8006 [0] NCCL INFO Channel 01/0 : 16[2000] -> 20[2000] [send] via NET/IB/0
c197-031:14084:14138 [0] NCCL INFO Channel 01/0 : 0[2000] -> 4[2000] [send] via NET/IB/0
c198-062:17254:17312 [0] NCCL INFO Channel 01/0 : 37[3000] -> 40[2000] [receive] via NET/IB/0
c198-042:29655:29713 [0] NCCL INFO Channel 01/0 : 21[3000] -> 24[2000] [receive] via NET/IB/0
c198-061:30966:31024 [0] NCCL INFO Channel 01/0 : 32[2000] -> 36[2000] [receive] via NET/IB/0
c198-111:3127:3186 [0] NCCL INFO Channel 01/0 : 53[3000] -> 56[2000] [receive] via NET/IB/0
c198-051:8012:8070 [0] NCCL INFO Channel 00/0 : 24[2000] -> 28[2000] [receive] via NET/IB/0
c197-032:25142:25202 [0] NCCL INFO Channel 01/0 : 0[2000] -> 4[2000] [receive] via NET/IB/0
c198-112:11258:11317 [0] NCCL INFO Channel 00/0 : 56[2000] -> 60[2000] [receive] via NET/IB/0
c198-072:708:766 [0] NCCL INFO Channel 00/0 : 48[2000] -> 56[2000] [send] via NET/IB/0
c197-032:25143:25200 [1] NCCL INFO Channel 01/0 : 8[2000] -> 5[3000] [receive] via NET/IB/0
c198-052:6140:6193 [0] NCCL INFO Channel 00/0 : 32[2000] -> 48[2000] [send] via NET/IB/0
c198-062:17254:17312 [0] NCCL INFO Channel 00/0 : 40[2000] -> 44[2000] [send] via NET/IB/0
c198-041:27461:27516 [1] NCCL INFO Channel 01/0 : 24[2000] -> 21[3000] [receive] via NET/IB/0
c198-042:29655:29713 [0] NCCL INFO Channel 00/0 : 24[2000] -> 28[2000] [send] via NET/IB/0
c197-041:25374:25434 [0] NCCL INFO Channel 00/0 : 8[2000] -> 12[2000] [send] via NET/IB/0
c198-041:27460:27515 [0] NCCL INFO Channel 00/0 : 20[2000] -> 25[3000] [send] via NET/IB/0
c198-061:30966:31024 [0] NCCL INFO Channel 00/0 : 36[2000] -> 41[3000] [send] via NET/IB/0
c198-111:3127:3186 [0] NCCL INFO Channel 00/0 : 56[2000] -> 60[2000] [send] via NET/IB/0
c198-102:15075:15134 [0] NCCL INFO Channel 00/0 : 52[2000] -> 57[3000] [send] via NET/IB/0
c197-032:25142:25202 [0] NCCL INFO Channel 00/0 : 4[2000] -> 9[3000] [send] via NET/IB/0
c198-061:30967:31025 [1] NCCL INFO Channel 01/0 : 40[2000] -> 37[3000] [receive] via NET/IB/0
c198-102:15076:15135 [1] NCCL INFO Channel 01/0 : 56[2000] -> 53[3000] [receive] via NET/IB/0
c198-032:7951:8006 [0] NCCL INFO Channel 00/0 : 16[2000] -> 24[2000] [send] via NET/IB/0
c197-031:14084:14138 [0] NCCL INFO Channel 00/0 : 32[2000] -> 0[2000] [receive] via NET/IB/0
c197-031:14084:14138 [0] NCCL INFO Channel 00/0 : 0[2000] -> 32[2000] [send] via NET/IB/0
c198-062:17254:17312 [0] NCCL INFO Channel 00/0 : 40[2000] -> 49[3000] [send] via NET/IB/0
c198-042:29655:29713 [0] NCCL INFO Channel 00/0 : 16[2000] -> 24[2000] [receive] via NET/IB/0
c197-041:25374:25434 [0] NCCL INFO Channel 00/0 : 8[2000] -> 17[3000] [send] via NET/IB/0
c198-041:27460:27515 [0] NCCL INFO Channel 01/0 : 13[3000] -> 20[2000] [receive] via NET/IB/0
c198-071:7282:7343 [0] NCCL INFO Channel 01/0 : 36[2000] -> 44[2000] [receive] via NET/IB/0
c198-061:30966:31024 [0] NCCL INFO Channel 01/0 : 36[2000] -> 44[2000] [send] via NET/IB/0
c198-111:3127:3186 [0] NCCL INFO Channel 00/0 : 48[2000] -> 56[2000] [receive] via NET/IB/0
c198-102:15075:15134 [0] NCCL INFO Channel 01/0 : 45[3000] -> 52[2000] [receive] via NET/IB/0
c198-051:8012:8070 [0] NCCL INFO Channel 01/0 : 12[2000] -> 28[2000] [receive] via NET/IB/0
c198-112:11258:11317 [0] NCCL INFO Channel 01/0 : 28[2000] -> 60[2000] [receive] via NET/IB/0
c198-042:29656:29714 [1] NCCL INFO Channel 00/0 : 25[3000] -> 20[2000] [send] via NET/IB/0
c198-111:3128:3184 [1] NCCL INFO Channel 00/0 : 57[3000] -> 52[2000] [send] via NET/IB/0
c197-041:25375:25431 [1] NCCL INFO Channel 00/0 : 9[3000] -> 4[2000] [send] via NET/IB/0
c198-062:17255:17313 [1] NCCL INFO Channel 00/0 : 41[3000] -> 36[2000] [send] via NET/IB/0
c198-031:14102:14161 [0] NCCL INFO Channel 01/0 : 4[2000] -> 12[2000] [receive] via NET/IB/0
c197-032:25142:25202 [0] NCCL INFO Channel 01/0 : 4[2000] -> 12[2000] [send] via NET/IB/0
c198-112:11258:11317 [0] NCCL INFO Channel 01/0 : 60[2000] -> 28[2000] [send] via NET/IB/0
c198-062:17254:17312 [0] NCCL INFO Channel 00/0 : 49[3000] -> 40[2000] [receive] via NET/IB/0
c197-041:25374:25434 [0] NCCL INFO Channel 00/0 : 17[3000] -> 8[2000] [receive] via NET/IB/0
c198-042:29655:29713 [0] NCCL INFO Channel 00/0 : 24[2000] -> 16[2000] [send] via NET/IB/0
c198-061:30966:31024 [0] NCCL INFO Channel 01/0 : 44[2000] -> 36[2000] [receive] via NET/IB/0
c198-032:7952:8004 [1] NCCL INFO Channel 00/0 : 17[3000] -> 8[2000] [send] via NET/IB/0
c198-041:27460:27515 [0] NCCL INFO Channel 01/0 : 20[2000] -> 13[3000] [send] via NET/IB/0
c198-071:7283:7342 [1] NCCL INFO Channel 01/0 : 52[2000] -> 45[3000] [receive] via NET/IB/0
c198-072:709:769 [1] NCCL INFO Channel 00/0 : 49[3000] -> 40[2000] [send] via NET/IB/0
c198-072:708:766 [0] NCCL INFO Channel 00/0 : 32[2000] -> 48[2000] [receive] via NET/IB/0
c198-071:7282:7343 [0] NCCL INFO Channel 01/0 : 29[3000] -> 44[2000] [receive] via NET/IB/0
c198-031:14103:14159 [1] NCCL INFO Channel 01/0 : 20[2000] -> 13[3000] [receive] via NET/IB/0
c198-102:15075:15134 [0] NCCL INFO Channel 01/0 : 52[2000] -> 45[3000] [send] via NET/IB/0
c198-032:7951:8006 [0] NCCL INFO Channel 00/0 : 16[2000] -> 33[3000] [send] via NET/IB/0
c198-111:3127:3186 [0] NCCL INFO Channel 00/0 : 56[2000] -> 48[2000] [send] via NET/IB/0
c198-031:14102:14161 [0] NCCL INFO Channel 01/0 : 12[2000] -> 28[2000] [send] via NET/IB/0
c197-032:25142:25202 [0] NCCL INFO Channel 01/0 : 12[2000] -> 4[2000] [receive] via NET/IB/0
c198-072:709:769 [1] NCCL INFO Channel 00 : 49[3000] -> 48[2000] via direct shared memory
c198-072:709:769 [1] NCCL INFO Channel 01 : 49[3000] -> 48[2000] via direct shared memory
c198-032:7952:8004 [1] NCCL INFO Channel 00 : 17[3000] -> 16[2000] via direct shared memory
c198-032:7952:8004 [1] NCCL INFO Channel 01 : 17[3000] -> 16[2000] via direct shared memory
c198-072:710:771 [2] NCCL INFO Connected all trees
c198-072:710:771 [2] NCCL INFO MSCCL_XML_FILES set by environment to /home1/09168/ldai1/ccl-build/msccl_tools_lyd/examples/xml/xml_lyd/binary_tree/allreduce_binary_tree_1ch_2tree_1chunk_16node_64gpu.xml
c198-072:710:771 [2] NCCL INFO MSCCL: Parsing algorithm /home1/09168/ldai1/ccl-build/msccl_tools_lyd/examples/xml/xml_lyd/binary_tree/allreduce_binary_tree_1ch_2tree_1chunk_16node_64gpu.xml
c198-071:7283:7342 [1] NCCL INFO Channel 00 : 45[3000] -> 44[2000] via direct shared memory
c198-071:7283:7342 [1] NCCL INFO Channel 01 : 45[3000] -> 44[2000] via direct shared memory
c198-032:7953:8008 [2] NCCL INFO Connected all trees
c198-032:7953:8008 [2] NCCL INFO MSCCL_XML_FILES set by environment to /home1/09168/ldai1/ccl-build/msccl_tools_lyd/examples/xml/xml_lyd/binary_tree/allreduce_binary_tree_1ch_2tree_1chunk_16node_64gpu.xml
c198-032:7953:8008 [2] NCCL INFO MSCCL: Parsing algorithm /home1/09168/ldai1/ccl-build/msccl_tools_lyd/examples/xml/xml_lyd/binary_tree/allreduce_binary_tree_1ch_2tree_1chunk_16node_64gpu.xml
c198-031:14103:14159 [1] NCCL INFO Channel 00 : 13[3000] -> 12[2000] via direct shared memory
c198-031:14103:14159 [1] NCCL INFO Channel 01 : 13[3000] -> 12[2000] via direct shared memory
c198-071:7284:7337 [2] NCCL INFO Connected all trees
c198-071:7284:7337 [2] NCCL INFO MSCCL_XML_FILES set by environment to /home1/09168/ldai1/ccl-build/msccl_tools_lyd/examples/xml/xml_lyd/binary_tree/allreduce_binary_tree_1ch_2tree_1chunk_16node_64gpu.xml
c198-071:7284:7337 [2] NCCL INFO MSCCL: Parsing algorithm /home1/09168/ldai1/ccl-build/msccl_tools_lyd/examples/xml/xml_lyd/binary_tree/allreduce_binary_tree_1ch_2tree_1chunk_16node_64gpu.xml
c198-031:14104:14157 [2] NCCL INFO Connected all trees
c198-031:14104:14157 [2] NCCL INFO MSCCL_XML_FILES set by environment to /home1/09168/ldai1/ccl-build/msccl_tools_lyd/examples/xml/xml_lyd/binary_tree/allreduce_binary_tree_1ch_2tree_1chunk_16node_64gpu.xml
c198-031:14104:14157 [2] NCCL INFO MSCCL: Parsing algorithm /home1/09168/ldai1/ccl-build/msccl_tools_lyd/examples/xml/xml_lyd/binary_tree/allreduce_binary_tree_1ch_2tree_1chunk_16node_64gpu.xml
c198-072:710:771 [2] NCCL INFO Parsed MSCCL Algorithm /home1/09168/ldai1/ccl-build/msccl_tools_lyd/examples/xml/xml_lyd/binary_tree/allreduce_binary_tree_1ch_2tree_1chunk_16node_64gpu.xml successfully.
c198-072:710:771 [2] NCCL INFO Connected 1 MSCCL algorithms
c198-072:710:771 [2] NCCL INFO NCCL_PROTO set by environment to Simple
c198-072:710:771 [2] NCCL INFO NCCL_ALGO set by environment to MSCCL,TREE,RING
c198-072:710:771 [2] NCCL INFO threadThresholds 8/8/64 | 512/8/64 | 8/8/64 | 8/8/512
c198-072:710:771 [2] NCCL INFO 2 coll channels, 2 p2p channels, 2 p2p channels per peer
c198-032:7953:8008 [2] NCCL INFO Parsed MSCCL Algorithm /home1/09168/ldai1/ccl-build/msccl_tools_lyd/examples/xml/xml_lyd/binary_tree/allreduce_binary_tree_1ch_2tree_1chunk_16node_64gpu.xml successfully.
c198-032:7953:8008 [2] NCCL INFO Connected 1 MSCCL algorithms
c198-032:7953:8008 [2] NCCL INFO NCCL_PROTO set by environment to Simple
c198-032:7953:8008 [2] NCCL INFO NCCL_ALGO set by environment to MSCCL,TREE,RING
c198-032:7953:8008 [2] NCCL INFO threadThresholds 8/8/64 | 512/8/64 | 8/8/64 | 8/8/512
c198-032:7953:8008 [2] NCCL INFO 2 coll channels, 2 p2p channels, 2 p2p channels per peer
c198-071:7284:7337 [2] NCCL INFO Parsed MSCCL Algorithm /home1/09168/ldai1/ccl-build/msccl_tools_lyd/examples/xml/xml_lyd/binary_tree/allreduce_binary_tree_1ch_2tree_1chunk_16node_64gpu.xml successfully.
c198-071:7284:7337 [2] NCCL INFO Connected 1 MSCCL algorithms
c198-071:7284:7337 [2] NCCL INFO NCCL_PROTO set by environment to Simple
c198-071:7284:7337 [2] NCCL INFO NCCL_ALGO set by environment to MSCCL,TREE,RING
c198-071:7284:7337 [2] NCCL INFO threadThresholds 8/8/64 | 512/8/64 | 8/8/64 | 8/8/512
c198-071:7284:7337 [2] NCCL INFO 2 coll channels, 2 p2p channels, 2 p2p channels per peer
c198-031:14104:14157 [2] NCCL INFO Parsed MSCCL Algorithm /home1/09168/ldai1/ccl-build/msccl_tools_lyd/examples/xml/xml_lyd/binary_tree/allreduce_binary_tree_1ch_2tree_1chunk_16node_64gpu.xml successfully.
c198-031:14104:14157 [2] NCCL INFO Connected 1 MSCCL algorithms
c198-031:14104:14157 [2] NCCL INFO NCCL_PROTO set by environment to Simple
c198-031:14104:14157 [2] NCCL INFO NCCL_ALGO set by environment to MSCCL,TREE,RING
c198-031:14104:14157 [2] NCCL INFO threadThresholds 8/8/64 | 512/8/64 | 8/8/64 | 8/8/512
c198-031:14104:14157 [2] NCCL INFO 2 coll channels, 2 p2p channels, 2 p2p channels per peer
c198-052:6140:6193 [0] NCCL INFO Channel 00/0 : 0[2000] -> 32[2000] [receive] via NET/IB/0
c197-041:25374:25434 [0] NCCL INFO Channel 00/0 : 12[2000] -> 8[2000] [receive] via NET/IB/0
c198-041:27460:27515 [0] NCCL INFO Channel 00/0 : 25[3000] -> 20[2000] [receive] via NET/IB/0
c198-062:17254:17312 [0] NCCL INFO Channel 00/0 : 44[2000] -> 40[2000] [receive] via NET/IB/0
c198-072:708:766 [0] NCCL INFO Channel 00/0 : 48[2000] -> 32[2000] [send] via NET/IB/0
c198-102:15075:15134 [0] NCCL INFO Channel 00/0 : 57[3000] -> 52[2000] [receive] via NET/IB/0
c198-051:8013:8071 [1] NCCL INFO Channel 01/0 : 44[2000] -> 29[3000] [receive] via NET/IB/0
c198-032:7951:8006 [0] NCCL INFO Channel 00/0 : 33[3000] -> 16[2000] [receive] via NET/IB/0
c198-071:7282:7343 [0] NCCL INFO Channel 01/0 : 44[2000] -> 29[3000] [send] via NET/IB/0
c198-031:14102:14161 [0] NCCL INFO Channel 01/0 : 28[2000] -> 12[2000] [receive] via NET/IB/0
c198-051:8012:8070 [0] NCCL INFO Channel 01/0 : 60[2000] -> 28[2000] [receive] via NET/IB/0
c198-052:6141:6195 [1] NCCL INFO Channel 00/0 : 33[3000] -> 16[2000] [send] via NET/IB/0
c198-042:29656:29714 [1] NCCL INFO Channel 00 : 25[3000] -> 24[2000] via direct shared memory
c198-042:29656:29714 [1] NCCL INFO Channel 01 : 25[3000] -> 24[2000] via direct shared memory
c198-051:8013:8071 [1] NCCL INFO Channel 00 : 29[3000] -> 28[2000] via direct shared memory
c198-051:8013:8071 [1] NCCL INFO Channel 01 : 29[3000] -> 28[2000] via direct shared memory
c198-111:3128:3184 [1] NCCL INFO Channel 00 : 57[3000] -> 56[2000] via direct shared memory
c198-042:29657:29710 [2] NCCL INFO Connected all trees
c198-042:29657:29710 [2] NCCL INFO MSCCL_XML_FILES set by environment to /home1/09168/ldai1/ccl-build/msccl_tools_lyd/examples/xml/xml_lyd/binary_tree/allreduce_binary_tree_1ch_2tree_1chunk_16node_64gpu.xml
c198-111:3128:3184 [1] NCCL INFO Channel 01 : 57[3000] -> 56[2000] via direct shared memory
c198-042:29657:29710 [2] NCCL INFO MSCCL: Parsing algorithm /home1/09168/ldai1/ccl-build/msccl_tools_lyd/examples/xml/xml_lyd/binary_tree/allreduce_binary_tree_1ch_2tree_1chunk_16node_64gpu.xml
c198-051:8014:8066 [2] NCCL INFO Connected all trees
c198-051:8014:8066 [2] NCCL INFO MSCCL_XML_FILES set by environment to /home1/09168/ldai1/ccl-build/msccl_tools_lyd/examples/xml/xml_lyd/binary_tree/allreduce_binary_tree_1ch_2tree_1chunk_16node_64gpu.xml
c198-051:8014:8066 [2] NCCL INFO MSCCL: Parsing algorithm /home1/09168/ldai1/ccl-build/msccl_tools_lyd/examples/xml/xml_lyd/binary_tree/allreduce_binary_tree_1ch_2tree_1chunk_16node_64gpu.xml
c198-111:3129:3180 [2] NCCL INFO Connected all trees
c198-111:3129:3180 [2] NCCL INFO MSCCL_XML_FILES set by environment to /home1/09168/ldai1/ccl-build/msccl_tools_lyd/examples/xml/xml_lyd/binary_tree/allreduce_binary_tree_1ch_2tree_1chunk_16node_64gpu.xml
c198-111:3129:3180 [2] NCCL INFO MSCCL: Parsing algorithm /home1/09168/ldai1/ccl-build/msccl_tools_lyd/examples/xml/xml_lyd/binary_tree/allreduce_binary_tree_1ch_2tree_1chunk_16node_64gpu.xml
c198-042:29657:29710 [2] NCCL INFO Parsed MSCCL Algorithm /home1/09168/ldai1/ccl-build/msccl_tools_lyd/examples/xml/xml_lyd/binary_tree/allreduce_binary_tree_1ch_2tree_1chunk_16node_64gpu.xml successfully.
c198-042:29657:29710 [2] NCCL INFO Connected 1 MSCCL algorithms
c198-042:29657:29710 [2] NCCL INFO NCCL_PROTO set by environment to Simple
c198-042:29657:29710 [2] NCCL INFO NCCL_ALGO set by environment to MSCCL,TREE,RING
c198-042:29657:29710 [2] NCCL INFO threadThresholds 8/8/64 | 512/8/64 | 8/8/64 | 8/8/512
c198-042:29657:29710 [2] NCCL INFO 2 coll channels, 2 p2p channels, 2 p2p channels per peer
c198-052:6141:6195 [1] NCCL INFO Channel 00 : 33[3000] -> 32[2000] via direct shared memory
c198-052:6141:6195 [1] NCCL INFO Channel 01 : 33[3000] -> 32[2000] via direct shared memory
c198-051:8014:8066 [2] NCCL INFO Parsed MSCCL Algorithm /home1/09168/ldai1/ccl-build/msccl_tools_lyd/examples/xml/xml_lyd/binary_tree/allreduce_binary_tree_1ch_2tree_1chunk_16node_64gpu.xml successfully.
c198-051:8014:8066 [2] NCCL INFO Connected 1 MSCCL algorithms
c198-051:8014:8066 [2] NCCL INFO NCCL_PROTO set by environment to Simple
c198-051:8014:8066 [2] NCCL INFO NCCL_ALGO set by environment to MSCCL,TREE,RING
c198-051:8014:8066 [2] NCCL INFO threadThresholds 8/8/64 | 512/8/64 | 8/8/64 | 8/8/512
c198-051:8014:8066 [2] NCCL INFO 2 coll channels, 2 p2p channels, 2 p2p channels per peer
c198-111:3129:3180 [2] NCCL INFO Parsed MSCCL Algorithm /home1/09168/ldai1/ccl-build/msccl_tools_lyd/examples/xml/xml_lyd/binary_tree/allreduce_binary_tree_1ch_2tree_1chunk_16node_64gpu.xml successfully.
c198-111:3129:3180 [2] NCCL INFO Connected 1 MSCCL algorithms
c198-111:3129:3180 [2] NCCL INFO NCCL_PROTO set by environment to Simple
c198-111:3129:3180 [2] NCCL INFO NCCL_ALGO set by environment to MSCCL,TREE,RING
c198-111:3129:3180 [2] NCCL INFO threadThresholds 8/8/64 | 512/8/64 | 8/8/64 | 8/8/512
c198-111:3129:3180 [2] NCCL INFO 2 coll channels, 2 p2p channels, 2 p2p channels per peer
c198-052:6142:6199 [2] NCCL INFO Connected all trees
c198-052:6142:6199 [2] NCCL INFO MSCCL_XML_FILES set by environment to /home1/09168/ldai1/ccl-build/msccl_tools_lyd/examples/xml/xml_lyd/binary_tree/allreduce_binary_tree_1ch_2tree_1chunk_16node_64gpu.xml
c198-052:6142:6199 [2] NCCL INFO MSCCL: Parsing algorithm /home1/09168/ldai1/ccl-build/msccl_tools_lyd/examples/xml/xml_lyd/binary_tree/allreduce_binary_tree_1ch_2tree_1chunk_16node_64gpu.xml
c198-052:6140:6193 [0] NCCL INFO Channel 00/0 : 32[2000] -> 0[2000] [send] via NET/IB/0
c198-052:6142:6199 [2] NCCL INFO Parsed MSCCL Algorithm /home1/09168/ldai1/ccl-build/msccl_tools_lyd/examples/xml/xml_lyd/binary_tree/allreduce_binary_tree_1ch_2tree_1chunk_16node_64gpu.xml successfully.
c198-052:6142:6199 [2] NCCL INFO Connected 1 MSCCL algorithms
c198-052:6142:6199 [2] NCCL INFO NCCL_PROTO set by environment to Simple
c198-052:6142:6199 [2] NCCL INFO NCCL_ALGO set by environment to MSCCL,TREE,RING
c198-052:6142:6199 [2] NCCL INFO threadThresholds 8/8/64 | 512/8/64 | 8/8/64 | 8/8/512
c198-052:6142:6199 [2] NCCL INFO 2 coll channels, 2 p2p channels, 2 p2p channels per peer
c198-051:8012:8070 [0] NCCL INFO Channel 01/0 : 28[2000] -> 60[2000] [send] via NET/IB/0
c198-071:7282:7343 [0] NCCL INFO Channel 01/0 : 44[2000] -> 36[2000] [send] via NET/IB/0
c198-041:27460:27515 [0] NCCL INFO Channel 01/0 : 20[2000] -> 16[2000] [send] via NET/IB/0
c198-102:15075:15134 [0] NCCL INFO Channel 01/0 : 52[2000] -> 48[2000] [send] via NET/IB/0
c198-032:7951:8006 [0] NCCL INFO Channel 00/0 : 24[2000] -> 16[2000] [receive] via NET/IB/0
c198-052:6140:6193 [0] NCCL INFO Channel 00/0 : 48[2000] -> 32[2000] [receive] via NET/IB/0
c198-071:7282:7343 [0] NCCL INFO Channel 00/0 : 44[2000] -> 40[2000] [send] via NET/IB/0
c198-061:30966:31024 [0] NCCL INFO Channel 00/0 : 41[3000] -> 36[2000] [receive] via NET/IB/0
c198-051:8012:8070 [0] NCCL INFO Channel 01/0 : 28[2000] -> 12[2000] [send] via NET/IB/0
c198-112:11258:11317 [0] NCCL INFO Channel 00/0 : 60[2000] -> 56[2000] [send] via NET/IB/0
