c197-102:29650:29701 [2] NCCL INFO MSCCL: Parsing algorithm /home1/09168/ldai1/ccl-build/msccl_tools_lyd/examples/xml/xml_lyd/binary_tree/allreduce_binary_tree_2ch_2tree_256chunk_8node_32gpu.xml
c197-081:10211:10265 [2] NCCL INFO Parsed MSCCL Algorithm /home1/09168/ldai1/ccl-build/msccl_tools_lyd/examples/xml/xml_lyd/binary_tree/allreduce_binary_tree_2ch_2tree_256chunk_8node_32gpu.xml successfully.
c197-082:16632:16690 [1] NCCL INFO Channel 00 : 5[3000] -> 4[2000] via direct shared memory
c197-082:16632:16690 [1] NCCL INFO Channel 01 : 5[3000] -> 4[2000] via direct shared memory
c197-091:3795:3854 [1] NCCL INFO Connected all trees
c197-091:3795:3854 [1] NCCL INFO MSCCL_XML_FILES set by environment to /home1/09168/ldai1/ccl-build/msccl_tools_lyd/examples/xml/xml_lyd/binary_tree/allreduce_binary_tree_2ch_2tree_256chunk_8node_32gpu.xml
c197-091:3795:3854 [1] NCCL INFO MSCCL: Parsing algorithm /home1/09168/ldai1/ccl-build/msccl_tools_lyd/examples/xml/xml_lyd/binary_tree/allreduce_binary_tree_2ch_2tree_256chunk_8node_32gpu.xml
c197-082:16631:16691 [0] NCCL INFO Connected all trees
c197-082:16631:16691 [0] NCCL INFO MSCCL_XML_FILES set by environment to /home1/09168/ldai1/ccl-build/msccl_tools_lyd/examples/xml/xml_lyd/binary_tree/allreduce_binary_tree_2ch_2tree_256chunk_8node_32gpu.xml
c197-082:16631:16691 [0] NCCL INFO MSCCL: Parsing algorithm /home1/09168/ldai1/ccl-build/msccl_tools_lyd/examples/xml/xml_lyd/binary_tree/allreduce_binary_tree_2ch_2tree_256chunk_8node_32gpu.xml
c197-112:19641:19695 [2] NCCL INFO Parsed MSCCL Algorithm /home1/09168/ldai1/ccl-build/msccl_tools_lyd/examples/xml/xml_lyd/binary_tree/allreduce_binary_tree_2ch_2tree_256chunk_8node_32gpu.xml successfully.
c197-082:16632:16690 [1] NCCL INFO Connected all trees
c197-082:16632:16690 [1] NCCL INFO MSCCL_XML_FILES set by environment to /home1/09168/ldai1/ccl-build/msccl_tools_lyd/examples/xml/xml_lyd/binary_tree/allreduce_binary_tree_2ch_2tree_256chunk_8node_32gpu.xml
c197-082:16632:16690 [1] NCCL INFO MSCCL: Parsing algorithm /home1/09168/ldai1/ccl-build/msccl_tools_lyd/examples/xml/xml_lyd/binary_tree/allreduce_binary_tree_2ch_2tree_256chunk_8node_32gpu.xml
c197-082:16634:16685 [2] NCCL INFO Connected all trees
c197-082:16634:16685 [2] NCCL INFO MSCCL_XML_FILES set by environment to /home1/09168/ldai1/ccl-build/msccl_tools_lyd/examples/xml/xml_lyd/binary_tree/allreduce_binary_tree_2ch_2tree_256chunk_8node_32gpu.xml
c197-082:16634:16685 [2] NCCL INFO MSCCL: Parsing algorithm /home1/09168/ldai1/ccl-build/msccl_tools_lyd/examples/xml/xml_lyd/binary_tree/allreduce_binary_tree_2ch_2tree_256chunk_8node_32gpu.xml
c197-112:19642:19693 [3] NCCL INFO Parsed MSCCL Algorithm /home1/09168/ldai1/ccl-build/msccl_tools_lyd/examples/xml/xml_lyd/binary_tree/allreduce_binary_tree_2ch_2tree_256chunk_8node_32gpu.xml successfully.
c197-081:10212:10267 [3] NCCL INFO Parsed MSCCL Algorithm /home1/09168/ldai1/ccl-build/msccl_tools_lyd/examples/xml/xml_lyd/binary_tree/allreduce_binary_tree_2ch_2tree_256chunk_8node_32gpu.xml successfully.
c197-081:10211:10265 [2] NCCL INFO Channel 02 : 2[82000] -> 3[83000] via direct shared memory
c197-081:10211:10265 [2] NCCL INFO Channel 03 : 2[82000] -> 3[83000] via direct shared memory
c197-112:19641:19695 [2] NCCL INFO Channel 02 : 30[82000] -> 31[83000] via direct shared memory
c197-112:19641:19695 [2] NCCL INFO Channel 03 : 30[82000] -> 31[83000] via direct shared memory
c197-112:19642:19693 [3] NCCL INFO Channel 01/0 : 27[83000] -> 31[83000] [receive] via NET/IB/0
c197-081:10212:10267 [3] NCCL INFO Channel 03/0 : 3[83000] -> 7[83000] [send] via NET/IB/0
c197-101:19465:19516 [2] NCCL INFO Parsed MSCCL Algorithm /home1/09168/ldai1/ccl-build/msccl_tools_lyd/examples/xml/xml_lyd/binary_tree/allreduce_binary_tree_2ch_2tree_256chunk_8node_32gpu.xml successfully.
c197-092:14942:14994 [2] NCCL INFO Parsed MSCCL Algorithm /home1/09168/ldai1/ccl-build/msccl_tools_lyd/examples/xml/xml_lyd/binary_tree/allreduce_binary_tree_2ch_2tree_256chunk_8node_32gpu.xml successfully.
c197-101:19466:19518 [3] NCCL INFO Parsed MSCCL Algorithm /home1/09168/ldai1/ccl-build/msccl_tools_lyd/examples/xml/xml_lyd/binary_tree/allreduce_binary_tree_2ch_2tree_256chunk_8node_32gpu.xml successfully.
c197-092:14943:14995 [3] NCCL INFO Parsed MSCCL Algorithm /home1/09168/ldai1/ccl-build/msccl_tools_lyd/examples/xml/xml_lyd/binary_tree/allreduce_binary_tree_2ch_2tree_256chunk_8node_32gpu.xml successfully.
c197-101:19465:19516 [2] NCCL INFO Channel 02 : 18[82000] -> 19[83000] via direct shared memory
c197-101:19465:19516 [2] NCCL INFO Channel 03 : 18[82000] -> 19[83000] via direct shared memory
c197-092:14942:14994 [2] NCCL INFO Channel 02 : 14[82000] -> 15[83000] via direct shared memory
c197-092:14942:14994 [2] NCCL INFO Channel 03 : 14[82000] -> 15[83000] via direct shared memory
c197-101:19466:19518 [3] NCCL INFO Channel 03/0 : 19[83000] -> 23[83000] [send] via NET/IB/0
c197-092:14943:14995 [3] NCCL INFO Channel 01/0 : 11[83000] -> 15[83000] [receive] via NET/IB/0
c197-111:8628:8679 [2] NCCL INFO Parsed MSCCL Algorithm /home1/09168/ldai1/ccl-build/msccl_tools_lyd/examples/xml/xml_lyd/binary_tree/allreduce_binary_tree_2ch_2tree_256chunk_8node_32gpu.xml successfully.
c197-111:8629:8681 [3] NCCL INFO Parsed MSCCL Algorithm /home1/09168/ldai1/ccl-build/msccl_tools_lyd/examples/xml/xml_lyd/binary_tree/allreduce_binary_tree_2ch_2tree_256chunk_8node_32gpu.xml successfully.
c197-111:8628:8679 [2] NCCL INFO Channel 02 : 26[82000] -> 27[83000] via direct shared memory
c197-111:8628:8679 [2] NCCL INFO Channel 03 : 26[82000] -> 27[83000] via direct shared memory
c197-111:8629:8681 [3] NCCL INFO Channel 01/0 : 27[83000] -> 31[83000] [send] via NET/IB/0
c197-102:29651:29703 [3] NCCL INFO Parsed MSCCL Algorithm /home1/09168/ldai1/ccl-build/msccl_tools_lyd/examples/xml/xml_lyd/binary_tree/allreduce_binary_tree_2ch_2tree_256chunk_8node_32gpu.xml successfully.
c197-091:3797:3849 [3] NCCL INFO Parsed MSCCL Algorithm /home1/09168/ldai1/ccl-build/msccl_tools_lyd/examples/xml/xml_lyd/binary_tree/allreduce_binary_tree_2ch_2tree_256chunk_8node_32gpu.xml successfully.
c197-111:8629:8681 [3] NCCL INFO Channel 03/0 : 22[82000] -> 27[83000] [receive] via NET/IB/0
c197-112:19642:19693 [3] NCCL INFO Channel 03/0 : 15[83000] -> 31[83000] [receive] via NET/IB/0
c197-082:16635:16687 [3] NCCL INFO Parsed MSCCL Algorithm /home1/09168/ldai1/ccl-build/msccl_tools_lyd/examples/xml/xml_lyd/binary_tree/allreduce_binary_tree_2ch_2tree_256chunk_8node_32gpu.xml successfully.
c197-112:19640:19698 [1] NCCL INFO Parsed MSCCL Algorithm /home1/09168/ldai1/ccl-build/msccl_tools_lyd/examples/xml/xml_lyd/binary_tree/allreduce_binary_tree_2ch_2tree_256chunk_8node_32gpu.xml successfully.
c197-112:19639:19696 [0] NCCL INFO Parsed MSCCL Algorithm /home1/09168/ldai1/ccl-build/msccl_tools_lyd/examples/xml/xml_lyd/binary_tree/allreduce_binary_tree_2ch_2tree_256chunk_8node_32gpu.xml successfully.
c197-091:3796:3850 [2] NCCL INFO Parsed MSCCL Algorithm /home1/09168/ldai1/ccl-build/msccl_tools_lyd/examples/xml/xml_lyd/binary_tree/allreduce_binary_tree_2ch_2tree_256chunk_8node_32gpu.xml successfully.
c197-112:19639:19696 [0] NCCL INFO Channel 02 : 28[2000] -> 29[3000] via direct shared memory
c197-112:19639:19696 [0] NCCL INFO Channel 03 : 28[2000] -> 29[3000] via direct shared memory
c197-101:19463:19520 [0] NCCL INFO Parsed MSCCL Algorithm /home1/09168/ldai1/ccl-build/msccl_tools_lyd/examples/xml/xml_lyd/binary_tree/allreduce_binary_tree_2ch_2tree_256chunk_8node_32gpu.xml successfully.
c197-101:19463:19520 [0] NCCL INFO Channel 02 : 16[2000] -> 17[3000] via direct shared memory
c197-101:19463:19520 [0] NCCL INFO Channel 03 : 16[2000] -> 17[3000] via direct shared memory
c197-101:19464:19522 [1] NCCL INFO Parsed MSCCL Algorithm /home1/09168/ldai1/ccl-build/msccl_tools_lyd/examples/xml/xml_lyd/binary_tree/allreduce_binary_tree_2ch_2tree_256chunk_8node_32gpu.xml successfully.
c197-112:19642:19693 [3] NCCL INFO Channel 03/0 : 31[83000] -> 15[83000] [send] via NET/IB/0
c197-112:19640:19698 [1] NCCL INFO Channel 02 : 29[3000] -> 30[82000] via direct shared memory
c197-112:19640:19698 [1] NCCL INFO Channel 03 : 29[3000] -> 30[82000] via direct shared memory
c197-091:3796:3850 [2] NCCL INFO Channel 02 : 10[82000] -> 11[83000] via direct shared memory
c197-091:3796:3850 [2] NCCL INFO Channel 03 : 10[82000] -> 11[83000] via direct shared memory
c197-091:3797:3849 [3] NCCL INFO Channel 01/0 : 11[83000] -> 15[83000] [send] via NET/IB/0
c197-112:19639:19696 [0] NCCL INFO Channel 02/0 : 12[2000] -> 28[2000] [receive] via NET/IB/0
c197-092:14940:14998 [0] NCCL INFO Parsed MSCCL Algorithm /home1/09168/ldai1/ccl-build/msccl_tools_lyd/examples/xml/xml_lyd/binary_tree/allreduce_binary_tree_2ch_2tree_256chunk_8node_32gpu.xml successfully.
c197-092:14941:14999 [1] NCCL INFO Parsed MSCCL Algorithm /home1/09168/ldai1/ccl-build/msccl_tools_lyd/examples/xml/xml_lyd/binary_tree/allreduce_binary_tree_2ch_2tree_256chunk_8node_32gpu.xml successfully.
c197-092:14940:14998 [0] NCCL INFO Channel 02 : 12[2000] -> 13[3000] via direct shared memory
c197-092:14940:14998 [0] NCCL INFO Channel 03 : 12[2000] -> 13[3000] via direct shared memory
c197-101:19464:19522 [1] NCCL INFO Channel 02 : 17[3000] -> 18[82000] via direct shared memory
c197-101:19464:19522 [1] NCCL INFO Channel 03 : 17[3000] -> 18[82000] via direct shared memory
c197-101:19463:19520 [0] NCCL INFO Channel 02/0 : 16[2000] -> 20[2000] [send] via NET/IB/0
c197-101:19465:19516 [2] NCCL INFO Channel 01/0 : 11[83000] -> 18[82000] [receive] via NET/IB/0
c197-112:19640:19698 [1] NCCL INFO Channel 02 : 29[3000] -> 28[2000] via direct shared memory
c197-112:19640:19698 [1] NCCL INFO Channel 03 : 29[3000] -> 28[2000] via direct shared memory
c197-112:19641:19695 [2] NCCL INFO Channel 02 : 30[82000] -> 29[3000] via direct shared memory
c197-112:19641:19695 [2] NCCL INFO Channel 03 : 30[82000] -> 29[3000] via direct shared memory
c197-092:14941:14999 [1] NCCL INFO Channel 02 : 13[3000] -> 14[82000] via direct shared memory
c197-092:14941:14999 [1] NCCL INFO Channel 03 : 13[3000] -> 14[82000] via direct shared memory
c197-092:14940:14998 [0] NCCL INFO Channel 02/0 : 4[2000] -> 12[2000] [receive] via NET/IB/0
c197-101:19464:19522 [1] NCCL INFO Channel 02 : 17[3000] -> 16[2000] via direct shared memory
c197-101:19464:19522 [1] NCCL INFO Channel 03 : 17[3000] -> 16[2000] via direct shared memory
c197-092:14941:14999 [1] NCCL INFO Channel 02/0 : 13[3000] -> 20[2000] [send] via NET/IB/0
c197-092:14942:14994 [2] NCCL INFO Channel 03/0 : 14[82000] -> 23[83000] [send] via NET/IB/0
c197-102:29650:29701 [2] NCCL INFO Parsed MSCCL Algorithm /home1/09168/ldai1/ccl-build/msccl_tools_lyd/examples/xml/xml_lyd/binary_tree/allreduce_binary_tree_2ch_2tree_256chunk_8node_32gpu.xml successfully.
c197-102:29648:29706 [0] NCCL INFO Parsed MSCCL Algorithm /home1/09168/ldai1/ccl-build/msccl_tools_lyd/examples/xml/xml_lyd/binary_tree/allreduce_binary_tree_2ch_2tree_256chunk_8node_32gpu.xml successfully.
c197-102:29649:29707 [1] NCCL INFO Parsed MSCCL Algorithm /home1/09168/ldai1/ccl-build/msccl_tools_lyd/examples/xml/xml_lyd/binary_tree/allreduce_binary_tree_2ch_2tree_256chunk_8node_32gpu.xml successfully.
c197-102:29648:29706 [0] NCCL INFO Channel 02 : 20[2000] -> 21[3000] via direct shared memory
c197-102:29648:29706 [0] NCCL INFO Channel 03 : 20[2000] -> 21[3000] via direct shared memory
c197-081:10209:10260 [0] NCCL INFO Parsed MSCCL Algorithm /home1/09168/ldai1/ccl-build/msccl_tools_lyd/examples/xml/xml_lyd/binary_tree/allreduce_binary_tree_2ch_2tree_256chunk_8node_32gpu.xml successfully.
c197-081:10210:10269 [1] NCCL INFO Parsed MSCCL Algorithm /home1/09168/ldai1/ccl-build/msccl_tools_lyd/examples/xml/xml_lyd/binary_tree/allreduce_binary_tree_2ch_2tree_256chunk_8node_32gpu.xml successfully.
c197-081:10209:10260 [0] NCCL INFO Channel 02 : 0[2000] -> 1[3000] via direct shared memory
c197-081:10209:10260 [0] NCCL INFO Channel 03 : 0[2000] -> 1[3000] via direct shared memory
c197-082:16634:16685 [2] NCCL INFO Parsed MSCCL Algorithm /home1/09168/ldai1/ccl-build/msccl_tools_lyd/examples/xml/xml_lyd/binary_tree/allreduce_binary_tree_2ch_2tree_256chunk_8node_32gpu.xml successfully.
c197-112:19639:19696 [0] NCCL INFO Channel 02/0 : 28[2000] -> 12[2000] [send] via NET/IB/0
c197-091:3794:3852 [0] NCCL INFO Parsed MSCCL Algorithm /home1/09168/ldai1/ccl-build/msccl_tools_lyd/examples/xml/xml_lyd/binary_tree/allreduce_binary_tree_2ch_2tree_256chunk_8node_32gpu.xml successfully.
c197-091:3797:3849 [3] NCCL INFO Channel 03/0 : 6[82000] -> 11[83000] [receive] via NET/IB/0
c197-091:3794:3852 [0] NCCL INFO Channel 02 : 8[2000] -> 9[3000] via direct shared memory
c197-091:3794:3852 [0] NCCL INFO Channel 03 : 8[2000] -> 9[3000] via direct shared memory
c197-092:14943:14995 [3] NCCL INFO Channel 03/0 : 7[83000] -> 15[83000] [receive] via NET/IB/0
c197-111:8626:8683 [0] NCCL INFO Parsed MSCCL Algorithm /home1/09168/ldai1/ccl-build/msccl_tools_lyd/examples/xml/xml_lyd/binary_tree/allreduce_binary_tree_2ch_2tree_256chunk_8node_32gpu.xml successfully.
c197-102:29650:29701 [2] NCCL INFO Channel 02 : 22[82000] -> 23[83000] via direct shared memory
c197-102:29650:29701 [2] NCCL INFO Channel 03 : 22[82000] -> 23[83000] via direct shared memory
c197-102:29651:29703 [3] NCCL INFO Channel 01/0 : 23[83000] -> 26[82000] [send] via NET/IB/0
c197-111:8626:8683 [0] NCCL INFO Channel 02 : 24[2000] -> 25[3000] via direct shared memory
c197-111:8626:8683 [0] NCCL INFO Channel 03 : 24[2000] -> 25[3000] via direct shared memory
c197-102:29649:29707 [1] NCCL INFO Channel 02 : 21[3000] -> 22[82000] via direct shared memory
c197-102:29649:29707 [1] NCCL INFO Channel 03 : 21[3000] -> 22[82000] via direct shared memory
c197-081:10210:10269 [1] NCCL INFO Channel 02 : 1[3000] -> 2[82000] via direct shared memory
c197-081:10210:10269 [1] NCCL INFO Channel 03 : 1[3000] -> 2[82000] via direct shared memory
c197-111:8627:8685 [1] NCCL INFO Parsed MSCCL Algorithm /home1/09168/ldai1/ccl-build/msccl_tools_lyd/examples/xml/xml_lyd/binary_tree/allreduce_binary_tree_2ch_2tree_256chunk_8node_32gpu.xml successfully.
c197-091:3795:3854 [1] NCCL INFO Parsed MSCCL Algorithm /home1/09168/ldai1/ccl-build/msccl_tools_lyd/examples/xml/xml_lyd/binary_tree/allreduce_binary_tree_2ch_2tree_256chunk_8node_32gpu.xml successfully.
c197-102:29648:29706 [0] NCCL INFO Channel 02/0 : 16[2000] -> 20[2000] [receive] via NET/IB/0
c197-081:10209:10260 [0] NCCL INFO Channel 02/0 : 0[2000] -> 4[2000] [send] via NET/IB/0
c197-102:29649:29707 [1] NCCL INFO Channel 02/0 : 21[3000] -> 24[2000] [send] via NET/IB/0
c197-082:16634:16685 [2] NCCL INFO Channel 02 : 6[82000] -> 7[83000] via direct shared memory
c197-082:16634:16685 [2] NCCL INFO Channel 03 : 6[82000] -> 7[83000] via direct shared memory
c197-082:16635:16687 [3] NCCL INFO Channel 01/0 : 7[83000] -> 10[82000] [send] via NET/IB/0
c197-102:29650:29701 [2] NCCL INFO Channel 03/0 : 22[82000] -> 27[83000] [send] via NET/IB/0
c197-082:16631:16691 [0] NCCL INFO Parsed MSCCL Algorithm /home1/09168/ldai1/ccl-build/msccl_tools_lyd/examples/xml/xml_lyd/binary_tree/allreduce_binary_tree_2ch_2tree_256chunk_8node_32gpu.xml successfully.
c197-082:16632:16690 [1] NCCL INFO Parsed MSCCL Algorithm /home1/09168/ldai1/ccl-build/msccl_tools_lyd/examples/xml/xml_lyd/binary_tree/allreduce_binary_tree_2ch_2tree_256chunk_8node_32gpu.xml successfully.
c197-082:16631:16691 [0] NCCL INFO Channel 02 : 4[2000] -> 5[3000] via direct shared memory
c197-082:16631:16691 [0] NCCL INFO Channel 03 : 4[2000] -> 5[3000] via direct shared memory
c197-111:8627:8685 [1] NCCL INFO Channel 02 : 25[3000] -> 26[82000] via direct shared memory
c197-091:3795:3854 [1] NCCL INFO Channel 02 : 9[3000] -> 10[82000] via direct shared memory
c197-111:8627:8685 [1] NCCL INFO Channel 03 : 25[3000] -> 26[82000] via direct shared memory
c197-091:3795:3854 [1] NCCL INFO Channel 03 : 9[3000] -> 10[82000] via direct shared memory
c197-081:10210:10269 [1] NCCL INFO Channel 02 : 1[3000] -> 0[2000] via direct shared memory
c197-081:10210:10269 [1] NCCL INFO Channel 03 : 1[3000] -> 0[2000] via direct shared memory
c197-081:10211:10265 [2] NCCL INFO Channel 02 : 2[82000] -> 1[3000] via direct shared memory
c197-081:10211:10265 [2] NCCL INFO Channel 03 : 2[82000] -> 1[3000] via direct shared memory
c197-091:3794:3852 [0] NCCL INFO Channel 02/0 : 5[3000] -> 8[2000] [receive] via NET/IB/0
c197-111:8626:8683 [0] NCCL INFO Channel 02/0 : 21[3000] -> 24[2000] [receive] via NET/IB/0
c197-082:16632:16690 [1] NCCL INFO Channel 02 : 5[3000] -> 6[82000] via direct shared memory
c197-082:16632:16690 [1] NCCL INFO Channel 03 : 5[3000] -> 6[82000] via direct shared memory
c197-091:3796:3850 [2] NCCL INFO Channel 01/0 : 7[83000] -> 10[82000] [receive] via NET/IB/0
c197-111:8628:8679 [2] NCCL INFO Channel 01/0 : 23[83000] -> 26[82000] [receive] via NET/IB/0
c197-082:16631:16691 [0] NCCL INFO Channel 02/0 : 0[2000] -> 4[2000] [receive] via NET/IB/0
c197-082:16632:16690 [1] NCCL INFO Channel 02/0 : 5[3000] -> 8[2000] [send] via NET/IB/0
c197-082:16634:16685 [2] NCCL INFO Channel 03/0 : 6[82000] -> 11[83000] [send] via NET/IB/0
c197-091:3795:3854 [1] NCCL INFO Channel 02 : 9[3000] -> 8[2000] via direct shared memory
c197-111:8627:8685 [1] NCCL INFO Channel 02 : 25[3000] -> 24[2000] via direct shared memory
c197-111:8627:8685 [1] NCCL INFO Channel 03 : 25[3000] -> 24[2000] via direct shared memory
c197-091:3795:3854 [1] NCCL INFO Channel 03 : 9[3000] -> 8[2000] via direct shared memory
c197-101:19463:19520 [0] NCCL INFO Channel 02/0 : 20[2000] -> 16[2000] [receive] via NET/IB/0
c197-102:29648:29706 [0] NCCL INFO Channel 02/0 : 13[3000] -> 20[2000] [receive] via NET/IB/0
c197-102:29650:29701 [2] NCCL INFO Channel 03/0 : 27[83000] -> 22[82000] [receive] via NET/IB/0
c197-111:8629:8681 [3] NCCL INFO Channel 01/0 : 19[83000] -> 27[83000] [receive] via NET/IB/0
c197-102:29649:29707 [1] NCCL INFO Channel 02/0 : 24[2000] -> 21[3000] [receive] via NET/IB/0
c197-111:8626:8683 [0] NCCL INFO Channel 02/0 : 24[2000] -> 21[3000] [send] via NET/IB/0
c197-102:29651:29703 [3] NCCL INFO Channel 03/0 : 19[83000] -> 23[83000] [receive] via NET/IB/0
c197-082:16635:16687 [3] NCCL INFO Channel 03/0 : 3[83000] -> 7[83000] [receive] via NET/IB/0
c197-111:8628:8679 [2] NCCL INFO Channel 01/0 : 26[82000] -> 23[83000] [send] via NET/IB/0
c197-091:3796:3850 [2] NCCL INFO Channel 01/0 : 10[82000] -> 7[83000] [send] via NET/IB/0
c197-082:16632:16690 [1] NCCL INFO Channel 02/0 : 8[2000] -> 5[3000] [receive] via NET/IB/0
c197-091:3794:3852 [0] NCCL INFO Channel 02/0 : 8[2000] -> 5[3000] [send] via NET/IB/0
c197-082:16631:16691 [0] NCCL INFO Channel 02/0 : 4[2000] -> 12[2000] [send] via NET/IB/0
c197-081:10209:10260 [0] NCCL INFO Channel 02/0 : 4[2000] -> 0[2000] [receive] via NET/IB/0
c197-082:16634:16685 [2] NCCL INFO Channel 03/0 : 11[83000] -> 6[82000] [receive] via NET/IB/0
c197-091:3797:3849 [3] NCCL INFO Channel 01/0 : 11[83000] -> 18[82000] [send] via NET/IB/0
c197-111:8626:8683 [0] NCCL INFO Connected 1 MSCCL algorithms
c197-111:8626:8683 [0] NCCL INFO NCCL_PROTO set by environment to Simple
c197-111:8626:8683 [0] NCCL INFO NCCL_ALGO set by environment to MSCCL,TREE,RING
c197-111:8626:8683 [0] NCCL INFO threadThresholds 8/8/64 | 256/8/64 | 8/8/64 | 8/8/512
c197-111:8626:8683 [0] NCCL INFO 4 coll channels, 2 p2p channels, 2 p2p channels per peer
c197-102:29649:29707 [1] NCCL INFO Channel 02 : 21[3000] -> 20[2000] via direct shared memory
c197-102:29649:29707 [1] NCCL INFO Channel 03 : 21[3000] -> 20[2000] via direct shared memory
c197-091:3794:3852 [0] NCCL INFO Connected 1 MSCCL algorithms
c197-091:3794:3852 [0] NCCL INFO NCCL_PROTO set by environment to Simple
c197-092:14941:14999 [1] NCCL INFO Channel 02/0 : 20[2000] -> 13[3000] [receive] via NET/IB/0
c197-091:3794:3852 [0] NCCL INFO NCCL_ALGO set by environment to MSCCL,TREE,RING
c197-091:3794:3852 [0] NCCL INFO threadThresholds 8/8/64 | 256/8/64 | 8/8/64 | 8/8/512
c197-091:3794:3852 [0] NCCL INFO 4 coll channels, 2 p2p channels, 2 p2p channels per peer
c197-082:16632:16690 [1] NCCL INFO Channel 02 : 5[3000] -> 4[2000] via direct shared memory
c197-082:16632:16690 [1] NCCL INFO Channel 03 : 5[3000] -> 4[2000] via direct shared memory
c197-102:29648:29706 [0] NCCL INFO Channel 02/0 : 20[2000] -> 13[3000] [send] via NET/IB/0
c197-101:19466:19518 [3] NCCL INFO Channel 01/0 : 19[83000] -> 27[83000] [send] via NET/IB/0
c197-081:10212:10267 [3] NCCL INFO Channel 01/0 : 19[83000] -> 3[83000] [receive] via NET/IB/0
c197-102:29651:29703 [3] NCCL INFO Channel 03/0 : 14[82000] -> 23[83000] [receive] via NET/IB/0
c197-082:16635:16687 [3] NCCL INFO Channel 03/0 : 7[83000] -> 15[83000] [send] via NET/IB/0
c197-092:14941:14999 [1] NCCL INFO Channel 02 : 13[3000] -> 12[2000] via direct shared memory
c197-092:14941:14999 [1] NCCL INFO Channel 03 : 13[3000] -> 12[2000] via direct shared memory
c197-082:16631:16691 [0] NCCL INFO Channel 02/0 : 12[2000] -> 4[2000] [receive] via NET/IB/0
c197-101:19465:19516 [2] NCCL INFO Channel 01/0 : 18[82000] -> 11[83000] [send] via NET/IB/0
c197-091:3797:3849 [3] NCCL INFO Channel 01/0 : 18[82000] -> 11[83000] [receive] via NET/IB/0
c197-092:14940:14998 [0] NCCL INFO Channel 02/0 : 28[2000] -> 12[2000] [receive] via NET/IB/0
c197-102:29648:29706 [0] NCCL INFO Channel 02/0 : 20[2000] -> 16[2000] [send] via NET/IB/0
c197-101:19465:19516 [2] NCCL INFO Channel 02 : 18[82000] -> 17[3000] via direct shared memory
c197-101:19465:19516 [2] NCCL INFO Channel 03 : 18[82000] -> 17[3000] via direct shared memory
c197-081:10212:10267 [3] NCCL INFO Channel 01/0 : 3[83000] -> 19[83000] [send] via NET/IB/0
c197-101:19466:19518 [3] NCCL INFO Channel 01/0 : 3[83000] -> 19[83000] [receive] via NET/IB/0
c197-111:8629:8681 [3] NCCL INFO Channel 01/0 : 27[83000] -> 19[83000] [send] via NET/IB/0
c197-092:14940:14998 [0] NCCL INFO Channel 02/0 : 12[2000] -> 28[2000] [send] via NET/IB/0
c197-102:29648:29706 [0] NCCL INFO Connected 1 MSCCL algorithms
c197-102:29648:29706 [0] NCCL INFO NCCL_PROTO set by environment to Simple
c197-102:29648:29706 [0] NCCL INFO NCCL_ALGO set by environment to MSCCL,TREE,RING
c197-102:29648:29706 [0] NCCL INFO threadThresholds 8/8/64 | 256/8/64 | 8/8/64 | 8/8/512
c197-102:29648:29706 [0] NCCL INFO 4 coll channels, 2 p2p channels, 2 p2p channels per peer
c197-092:14942:14994 [2] NCCL INFO Channel 03/0 : 23[83000] -> 14[82000] [receive] via NET/IB/0
c197-082:16635:16687 [3] NCCL INFO Channel 03/0 : 15[83000] -> 7[83000] [receive] via NET/IB/0
c197-102:29651:29703 [3] NCCL INFO Channel 03/0 : 23[83000] -> 14[82000] [send] via NET/IB/0
c197-101:19463:19520 [0] NCCL INFO Connected 1 MSCCL algorithms
c197-101:19463:19520 [0] NCCL INFO NCCL_PROTO set by environment to Simple
c197-101:19463:19520 [0] NCCL INFO NCCL_ALGO set by environment to MSCCL,TREE,RING
c197-101:19463:19520 [0] NCCL INFO threadThresholds 8/8/64 | 256/8/64 | 8/8/64 | 8/8/512
c197-101:19463:19520 [0] NCCL INFO 4 coll channels, 2 p2p channels, 2 p2p channels per peer
c197-092:14943:14995 [3] NCCL INFO Channel 03/0 : 31[83000] -> 15[83000] [receive] via NET/IB/0
c197-101:19464:19522 [1] NCCL INFO Connected 1 MSCCL algorithms
c197-101:19464:19522 [1] NCCL INFO NCCL_PROTO set by environment to Simple
c197-101:19464:19522 [1] NCCL INFO NCCL_ALGO set by environment to MSCCL,TREE,RING
c197-101:19464:19522 [1] NCCL INFO threadThresholds 8/8/64 | 256/8/64 | 8/8/64 | 8/8/512
c197-101:19464:19522 [1] NCCL INFO 4 coll channels, 2 p2p channels, 2 p2p channels per peer
c197-091:3797:3849 [3] NCCL INFO Channel 03/0 : 11[83000] -> 6[82000] [send] via NET/IB/0
c197-092:14942:14994 [2] NCCL INFO Channel 02 : 14[82000] -> 13[3000] via direct shared memory
c197-092:14942:14994 [2] NCCL INFO Channel 03 : 14[82000] -> 13[3000] via direct shared memory
c197-112:19639:19696 [0] NCCL INFO Connected 1 MSCCL algorithms
c197-112:19639:19696 [0] NCCL INFO NCCL_PROTO set by environment to Simple
c197-112:19639:19696 [0] NCCL INFO NCCL_ALGO set by environment to MSCCL,TREE,RING
c197-112:19639:19696 [0] NCCL INFO threadThresholds 8/8/64 | 256/8/64 | 8/8/64 | 8/8/512
c197-112:19639:19696 [0] NCCL INFO 4 coll channels, 2 p2p channels, 2 p2p channels per peer
c197-082:16634:16685 [2] NCCL INFO Channel 02 : 6[82000] -> 5[3000] via direct shared memory
c197-082:16634:16685 [2] NCCL INFO Channel 03 : 6[82000] -> 5[3000] via direct shared memory
c197-112:19640:19698 [1] NCCL INFO Connected 1 MSCCL algorithms
c197-112:19640:19698 [1] NCCL INFO NCCL_PROTO set by environment to Simple
c197-112:19640:19698 [1] NCCL INFO NCCL_ALGO set by environment to MSCCL,TREE,RING
c197-112:19640:19698 [1] NCCL INFO threadThresholds 8/8/64 | 256/8/64 | 8/8/64 | 8/8/512
c197-112:19640:19698 [1] NCCL INFO 4 coll channels, 2 p2p channels, 2 p2p channels per peer
c197-101:19466:19518 [3] NCCL INFO Channel 01/0 : 19[83000] -> 3[83000] [send] via NET/IB/0
c197-092:14943:14995 [3] NCCL INFO Channel 03/0 : 15[83000] -> 31[83000] [send] via NET/IB/0
c197-102:29651:29703 [3] NCCL INFO Channel 03/0 : 23[83000] -> 19[83000] [send] via NET/IB/0
c197-091:3797:3849 [3] NCCL INFO Channel 01/0 : 15[83000] -> 11[83000] [receive] via NET/IB/0
c197-092:14940:14998 [0] NCCL INFO Channel 02/0 : 12[2000] -> 4[2000] [send] via NET/IB/0
c197-092:14940:14998 [0] NCCL INFO Connected 1 MSCCL algorithms
c197-092:14940:14998 [0] NCCL INFO NCCL_PROTO set by environment to Simple
c197-092:14940:14998 [0] NCCL INFO NCCL_ALGO set by environment to MSCCL,TREE,RING
c197-092:14940:14998 [0] NCCL INFO threadThresholds 8/8/64 | 256/8/64 | 8/8/64 | 8/8/512
c197-092:14940:14998 [0] NCCL INFO 4 coll channels, 2 p2p channels, 2 p2p channels per peer
c197-092:14941:14999 [1] NCCL INFO Connected 1 MSCCL algorithms
c197-092:14941:14999 [1] NCCL INFO NCCL_PROTO set by environment to Simple
c197-092:14941:14999 [1] NCCL INFO NCCL_ALGO set by environment to MSCCL,TREE,RING
c197-092:14941:14999 [1] NCCL INFO threadThresholds 8/8/64 | 256/8/64 | 8/8/64 | 8/8/512
c197-092:14941:14999 [1] NCCL INFO 4 coll channels, 2 p2p channels, 2 p2p channels per peer
c197-101:19466:19518 [3] NCCL INFO Channel 01/0 : 27[83000] -> 19[83000] [receive] via NET/IB/0
c197-081:10212:10267 [3] NCCL INFO Channel 03/0 : 7[83000] -> 3[83000] [receive] via NET/IB/0
c197-092:14943:14995 [3] NCCL INFO Channel 03/0 : 15[83000] -> 7[83000] [send] via NET/IB/0
c197-112:19642:19693 [3] NCCL INFO Channel 01/0 : 31[83000] -> 27[83000] [send] via NET/IB/0
c197-082:16631:16691 [0] NCCL INFO Channel 02/0 : 4[2000] -> 0[2000] [send] via NET/IB/0
c197-082:16631:16691 [0] NCCL INFO Connected 1 MSCCL algorithms
c197-082:16631:16691 [0] NCCL INFO NCCL_PROTO set by environment to Simple
c197-082:16631:16691 [0] NCCL INFO NCCL_ALGO set by environment to MSCCL,TREE,RING
c197-082:16631:16691 [0] NCCL INFO threadThresholds 8/8/64 | 256/8/64 | 8/8/64 | 8/8/512
c197-082:16631:16691 [0] NCCL INFO 4 coll channels, 2 p2p channels, 2 p2p channels per peer
c197-081:10209:10260 [0] NCCL INFO Connected 1 MSCCL algorithms
c197-081:10209:10260 [0] NCCL INFO NCCL_PROTO set by environment to Simple
c197-081:10209:10260 [0] NCCL INFO NCCL_ALGO set by environment to MSCCL,TREE,RING
c197-081:10209:10260 [0] NCCL INFO threadThresholds 8/8/64 | 256/8/64 | 8/8/64 | 8/8/512
c197-081:10209:10260 [0] NCCL INFO 4 coll channels, 2 p2p channels, 2 p2p channels per peer
c197-082:16632:16690 [1] NCCL INFO Connected 1 MSCCL algorithms
c197-082:16632:16690 [1] NCCL INFO NCCL_PROTO set by environment to Simple
c197-082:16632:16690 [1] NCCL INFO NCCL_ALGO set by environment to MSCCL,TREE,RING
c197-082:16632:16690 [1] NCCL INFO threadThresholds 8/8/64 | 256/8/64 | 8/8/64 | 8/8/512
c197-082:16632:16690 [1] NCCL INFO 4 coll channels, 2 p2p channels, 2 p2p channels per peer
c197-081:10210:10269 [1] NCCL INFO Connected 1 MSCCL algorithms
c197-081:10210:10269 [1] NCCL INFO NCCL_PROTO set by environment to Simple
c197-081:10210:10269 [1] NCCL INFO NCCL_ALGO set by environment to MSCCL,TREE,RING
c197-081:10210:10269 [1] NCCL INFO threadThresholds 8/8/64 | 256/8/64 | 8/8/64 | 8/8/512
c197-081:10210:10269 [1] NCCL INFO 4 coll channels, 2 p2p channels, 2 p2p channels per peer
c197-111:8629:8681 [3] NCCL INFO Channel 03/0 : 27[83000] -> 22[82000] [send] via NET/IB/0
c197-101:19466:19518 [3] NCCL INFO Channel 03/0 : 23[83000] -> 19[83000] [receive] via NET/IB/0
c197-092:14943:14995 [3] NCCL INFO Channel 01/0 : 15[83000] -> 11[83000] [send] via NET/IB/0
c197-082:16635:16687 [3] NCCL INFO Channel 03/0 : 7[83000] -> 3[83000] [send] via NET/IB/0
c197-101:19466:19518 [3] NCCL INFO Channel 02 : 19[83000] -> 18[82000] via direct shared memory
c197-101:19466:19518 [3] NCCL INFO Channel 03 : 19[83000] -> 18[82000] via direct shared memory
c197-101:19466:19518 [3] NCCL INFO Connected 1 MSCCL algorithms
c197-101:19466:19518 [3] NCCL INFO NCCL_PROTO set by environment to Simple
c197-101:19466:19518 [3] NCCL INFO NCCL_ALGO set by environment to MSCCL,TREE,RING
c197-101:19466:19518 [3] NCCL INFO threadThresholds 8/8/64 | 256/8/64 | 8/8/64 | 8/8/512
c197-101:19466:19518 [3] NCCL INFO 4 coll channels, 2 p2p channels, 2 p2p channels per peer
c197-101:19465:19516 [2] NCCL INFO Connected 1 MSCCL algorithms
c197-101:19465:19516 [2] NCCL INFO NCCL_PROTO set by environment to Simple
c197-101:19465:19516 [2] NCCL INFO NCCL_ALGO set by environment to MSCCL,TREE,RING
c197-101:19465:19516 [2] NCCL INFO threadThresholds 8/8/64 | 256/8/64 | 8/8/64 | 8/8/512
c197-101:19465:19516 [2] NCCL INFO 4 coll channels, 2 p2p channels, 2 p2p channels per peer
c197-092:14943:14995 [3] NCCL INFO Channel 02 : 15[83000] -> 14[82000] via direct shared memory
c197-092:14943:14995 [3] NCCL INFO Channel 03 : 15[83000] -> 14[82000] via direct shared memory
c197-091:3797:3849 [3] NCCL INFO Channel 02 : 11[83000] -> 10[82000] via direct shared memory
c197-091:3797:3849 [3] NCCL INFO Channel 03 : 11[83000] -> 10[82000] via direct shared memory
c197-081:10212:10267 [3] NCCL INFO Channel 02 : 3[83000] -> 2[82000] via direct shared memory
c197-081:10212:10267 [3] NCCL INFO Channel 03 : 3[83000] -> 2[82000] via direct shared memory
c197-092:14943:14995 [3] NCCL INFO Connected 1 MSCCL algorithms
c197-092:14943:14995 [3] NCCL INFO NCCL_PROTO set by environment to Simple
c197-092:14943:14995 [3] NCCL INFO NCCL_ALGO set by environment to MSCCL,TREE,RING
c197-092:14943:14995 [3] NCCL INFO threadThresholds 8/8/64 | 256/8/64 | 8/8/64 | 8/8/512
c197-092:14943:14995 [3] NCCL INFO 4 coll channels, 2 p2p channels, 2 p2p channels per peer
c197-092:14942:14994 [2] NCCL INFO Connected 1 MSCCL algorithms
c197-092:14942:14994 [2] NCCL INFO NCCL_PROTO set by environment to Simple
c197-092:14942:14994 [2] NCCL INFO NCCL_ALGO set by environment to MSCCL,TREE,RING
c197-092:14942:14994 [2] NCCL INFO threadThresholds 8/8/64 | 256/8/64 | 8/8/64 | 8/8/512
c197-092:14942:14994 [2] NCCL INFO 4 coll channels, 2 p2p channels, 2 p2p channels per peer
c197-081:10212:10267 [3] NCCL INFO Connected 1 MSCCL algorithms
c197-081:10212:10267 [3] NCCL INFO NCCL_PROTO set by environment to Simple
c197-081:10212:10267 [3] NCCL INFO NCCL_ALGO set by environment to MSCCL,TREE,RING
c197-081:10212:10267 [3] NCCL INFO threadThresholds 8/8/64 | 256/8/64 | 8/8/64 | 8/8/512
c197-081:10212:10267 [3] NCCL INFO 4 coll channels, 2 p2p channels, 2 p2p channels per peer
c197-081:10211:10265 [2] NCCL INFO Connected 1 MSCCL algorithms
c197-081:10211:10265 [2] NCCL INFO NCCL_PROTO set by environment to Simple
c197-081:10211:10265 [2] NCCL INFO NCCL_ALGO set by environment to MSCCL,TREE,RING
c197-081:10211:10265 [2] NCCL INFO threadThresholds 8/8/64 | 256/8/64 | 8/8/64 | 8/8/512
c197-081:10211:10265 [2] NCCL INFO 4 coll channels, 2 p2p channels, 2 p2p channels per peer
c197-102:29650:29701 [2] NCCL INFO Channel 02 : 22[82000] -> 21[3000] via direct shared memory
c197-102:29650:29701 [2] NCCL INFO Channel 03 : 22[82000] -> 21[3000] via direct shared memory
c197-102:29649:29707 [1] NCCL INFO Connected 1 MSCCL algorithms
c197-102:29649:29707 [1] NCCL INFO NCCL_PROTO set by environment to Simple
c197-102:29649:29707 [1] NCCL INFO NCCL_ALGO set by environment to MSCCL,TREE,RING
c197-102:29649:29707 [1] NCCL INFO threadThresholds 8/8/64 | 256/8/64 | 8/8/64 | 8/8/512
c197-102:29649:29707 [1] NCCL INFO 4 coll channels, 2 p2p channels, 2 p2p channels per peer
c197-111:8629:8681 [3] NCCL INFO Channel 01/0 : 31[83000] -> 27[83000] [receive] via NET/IB/0
c197-102:29651:29703 [3] NCCL INFO Channel 01/0 : 26[82000] -> 23[83000] [receive] via NET/IB/0
c197-112:19642:19693 [3] NCCL INFO Channel 02 : 31[83000] -> 30[82000] via direct shared memory
c197-112:19642:19693 [3] NCCL INFO Channel 03 : 31[83000] -> 30[82000] via direct shared memory
c197-111:8629:8681 [3] NCCL INFO Channel 02 : 27[83000] -> 26[82000] via direct shared memory
c197-082:16635:16687 [3] NCCL INFO Channel 01/0 : 10[82000] -> 7[83000] [receive] via NET/IB/0
c197-111:8629:8681 [3] NCCL INFO Channel 03 : 27[83000] -> 26[82000] via direct shared memory
c197-112:19642:19693 [3] NCCL INFO Connected 1 MSCCL algorithms
c197-112:19642:19693 [3] NCCL INFO NCCL_PROTO set by environment to Simple
c197-112:19642:19693 [3] NCCL INFO NCCL_ALGO set by environment to MSCCL,TREE,RING
c197-112:19642:19693 [3] NCCL INFO threadThresholds 8/8/64 | 256/8/64 | 8/8/64 | 8/8/512
c197-112:19642:19693 [3] NCCL INFO 4 coll channels, 2 p2p channels, 2 p2p channels per peer
c197-102:29651:29703 [3] NCCL INFO Channel 02 : 23[83000] -> 22[82000] via direct shared memory
c197-102:29651:29703 [3] NCCL INFO Channel 03 : 23[83000] -> 22[82000] via direct shared memory
c197-101:19466:19518 [3] NCCL INFO comm 0x2bab1e000010 rank 19 nranks 32 cudaDev 3 busId 83000 - Init COMPLETE
c197-101:19463:19520 [0] NCCL INFO comm 0x2b741e000010 rank 16 nranks 32 cudaDev 0 busId 2000 - Init COMPLETE
c197-112:19641:19695 [2] NCCL INFO Connected 1 MSCCL algorithms
c197-112:19641:19695 [2] NCCL INFO NCCL_PROTO set by environment to Simple
c197-112:19641:19695 [2] NCCL INFO NCCL_ALGO set by environment to MSCCL,TREE,RING
c197-112:19641:19695 [2] NCCL INFO threadThresholds 8/8/64 | 256/8/64 | 8/8/64 | 8/8/512
c197-112:19641:19695 [2] NCCL INFO 4 coll channels, 2 p2p channels, 2 p2p channels per peer
c197-101:19465:19516 [2] NCCL INFO comm 0x2af77e000010 rank 18 nranks 32 cudaDev 2 busId 82000 - Init COMPLETE
c197-101:19464:19522 [1] NCCL INFO comm 0x2b34dda91010 rank 17 nranks 32 cudaDev 1 busId 3000 - Init COMPLETE
c197-102:29651:29703 [3] NCCL INFO Connected 1 MSCCL algorithms
c197-102:29651:29703 [3] NCCL INFO NCCL_PROTO set by environment to Simple
c197-102:29651:29703 [3] NCCL INFO NCCL_ALGO set by environment to MSCCL,TREE,RING
c197-102:29651:29703 [3] NCCL INFO threadThresholds 8/8/64 | 256/8/64 | 8/8/64 | 8/8/512
c197-102:29651:29703 [3] NCCL INFO 4 coll channels, 2 p2p channels, 2 p2p channels per peer
c197-102:29650:29701 [2] NCCL INFO Connected 1 MSCCL algorithms
c197-102:29650:29701 [2] NCCL INFO NCCL_PROTO set by environment to Simple
c197-102:29650:29701 [2] NCCL INFO NCCL_ALGO set by environment to MSCCL,TREE,RING
c197-102:29650:29701 [2] NCCL INFO threadThresholds 8/8/64 | 256/8/64 | 8/8/64 | 8/8/512
c197-102:29650:29701 [2] NCCL INFO 4 coll channels, 2 p2p channels, 2 p2p channels per peer
c197-092:14943:14995 [3] NCCL INFO comm 0x2af0e0000010 rank 15 nranks 32 cudaDev 3 busId 83000 - Init COMPLETE
c197-092:14941:14999 [1] NCCL INFO comm 0x2b3904000010 rank 13 nranks 32 cudaDev 1 busId 3000 - Init COMPLETE
c197-092:14942:14994 [2] NCCL INFO comm 0x2afb5e000010 rank 14 nranks 32 cudaDev 2 busId 82000 - Init COMPLETE
c197-092:14940:14998 [0] NCCL INFO comm 0x2ae0fc000010 rank 12 nranks 32 cudaDev 0 busId 2000 - Init COMPLETE
c197-082:16635:16687 [3] NCCL INFO Channel 02 : 7[83000] -> 6[82000] via direct shared memory
c197-082:16635:16687 [3] NCCL INFO Channel 03 : 7[83000] -> 6[82000] via direct shared memory
c197-081:10212:10267 [3] NCCL INFO comm 0x2ae322000010 rank 3 nranks 32 cudaDev 3 busId 83000 - Init COMPLETE
c197-081:10209:10260 [0] NCCL INFO comm 0x2b5d6e000010 rank 0 nranks 32 cudaDev 0 busId 2000 - Init COMPLETE
c197-081:10210:10269 [1] NCCL INFO comm 0x2ae72e000010 rank 1 nranks 32 cudaDev 1 busId 3000 - Init COMPLETE
#
#                                                              out-of-place                       in-place          
#       size         count      type   redop    root     time   algbw   busbw #wrong     time   algbw   busbw #wrong
#        (B)    (elements)                               (us)  (GB/s)  (GB/s)            (us)  (GB/s)  (GB/s)       
c197-081:10211:10265 [2] NCCL INFO comm 0x2b0f32000010 rank 2 nranks 32 cudaDev 2 busId 82000 - Init COMPLETE
c197-082:16635:16687 [3] NCCL INFO Connected 1 MSCCL algorithms
c197-082:16635:16687 [3] NCCL INFO NCCL_PROTO set by environment to Simple
c197-082:16635:16687 [3] NCCL INFO NCCL_ALGO set by environment to MSCCL,TREE,RING
c197-082:16635:16687 [3] NCCL INFO threadThresholds 8/8/64 | 256/8/64 | 8/8/64 | 8/8/512
c197-082:16635:16687 [3] NCCL INFO 4 coll channels, 2 p2p channels, 2 p2p channels per peer
c197-082:16634:16685 [2] NCCL INFO Connected 1 MSCCL algorithms
c197-082:16634:16685 [2] NCCL INFO NCCL_PROTO set by environment to Simple
c197-082:16634:16685 [2] NCCL INFO NCCL_ALGO set by environment to MSCCL,TREE,RING
c197-082:16634:16685 [2] NCCL INFO threadThresholds 8/8/64 | 256/8/64 | 8/8/64 | 8/8/512
c197-082:16634:16685 [2] NCCL INFO 4 coll channels, 2 p2p channels, 2 p2p channels per peer
c197-111:8628:8679 [2] NCCL INFO Channel 02 : 26[82000] -> 25[3000] via direct shared memory
c197-111:8628:8679 [2] NCCL INFO Channel 03 : 26[82000] -> 25[3000] via direct shared memory
c197-111:8629:8681 [3] NCCL INFO Connected 1 MSCCL algorithms
c197-111:8629:8681 [3] NCCL INFO NCCL_PROTO set by environment to Simple
c197-111:8629:8681 [3] NCCL INFO NCCL_ALGO set by environment to MSCCL,TREE,RING
c197-111:8629:8681 [3] NCCL INFO threadThresholds 8/8/64 | 256/8/64 | 8/8/64 | 8/8/512
c197-111:8629:8681 [3] NCCL INFO 4 coll channels, 2 p2p channels, 2 p2p channels per peer
c197-111:8627:8685 [1] NCCL INFO Connected 1 MSCCL algorithms
c197-111:8627:8685 [1] NCCL INFO NCCL_PROTO set by environment to Simple
c197-111:8628:8679 [2] NCCL INFO Connected 1 MSCCL algorithms
c197-111:8627:8685 [1] NCCL INFO NCCL_ALGO set by environment to MSCCL,TREE,RING
c197-111:8627:8685 [1] NCCL INFO threadThresholds 8/8/64 | 256/8/64 | 8/8/64 | 8/8/512
c197-111:8628:8679 [2] NCCL INFO NCCL_PROTO set by environment to Simple
c197-111:8628:8679 [2] NCCL INFO NCCL_ALGO set by environment to MSCCL,TREE,RING
c197-111:8628:8679 [2] NCCL INFO threadThresholds 8/8/64 | 256/8/64 | 8/8/64 | 8/8/512
c197-111:8627:8685 [1] NCCL INFO 4 coll channels, 2 p2p channels, 2 p2p channels per peer
c197-111:8628:8679 [2] NCCL INFO 4 coll channels, 2 p2p channels, 2 p2p channels per peer
c197-091:3796:3850 [2] NCCL INFO Channel 02 : 10[82000] -> 9[3000] via direct shared memory
c197-091:3796:3850 [2] NCCL INFO Channel 03 : 10[82000] -> 9[3000] via direct shared memory
c197-091:3797:3849 [3] NCCL INFO Connected 1 MSCCL algorithms
c197-091:3797:3849 [3] NCCL INFO NCCL_PROTO set by environment to Simple
c197-091:3797:3849 [3] NCCL INFO NCCL_ALGO set by environment to MSCCL,TREE,RING
c197-091:3797:3849 [3] NCCL INFO threadThresholds 8/8/64 | 256/8/64 | 8/8/64 | 8/8/512
c197-091:3797:3849 [3] NCCL INFO 4 coll channels, 2 p2p channels, 2 p2p channels per peer
c197-091:3796:3850 [2] NCCL INFO Connected 1 MSCCL algorithms
c197-091:3796:3850 [2] NCCL INFO NCCL_PROTO set by environment to Simple
c197-091:3796:3850 [2] NCCL INFO NCCL_ALGO set by environment to MSCCL,TREE,RING
c197-091:3796:3850 [2] NCCL INFO threadThresholds 8/8/64 | 256/8/64 | 8/8/64 | 8/8/512
c197-091:3796:3850 [2] NCCL INFO 4 coll channels, 2 p2p channels, 2 p2p channels per peer
c197-091:3795:3854 [1] NCCL INFO Connected 1 MSCCL algorithms
c197-091:3795:3854 [1] NCCL INFO NCCL_PROTO set by environment to Simple
c197-091:3795:3854 [1] NCCL INFO NCCL_ALGO set by environment to MSCCL,TREE,RING
c197-091:3795:3854 [1] NCCL INFO threadThresholds 8/8/64 | 256/8/64 | 8/8/64 | 8/8/512
c197-091:3795:3854 [1] NCCL INFO 4 coll channels, 2 p2p channels, 2 p2p channels per peer
c197-112:19641:19695 [2] NCCL INFO comm 0x2abd3232f010 rank 30 nranks 32 cudaDev 2 busId 82000 - Init COMPLETE
c197-112:19642:19693 [3] NCCL INFO comm 0x2b1efe000010 rank 31 nranks 32 cudaDev 3 busId 83000 - Init COMPLETE
c197-112:19639:19696 [0] NCCL INFO comm 0x2abab4000010 rank 28 nranks 32 cudaDev 0 busId 2000 - Init COMPLETE
c197-112:19640:19698 [1] NCCL INFO comm 0x2ab2ae000010 rank 29 nranks 32 cudaDev 1 busId 3000 - Init COMPLETE
c197-102:29651:29703 [3] NCCL INFO comm 0x2b574600d010 rank 23 nranks 32 cudaDev 3 busId 83000 - Init COMPLETE
c197-102:29648:29706 [0] NCCL INFO comm 0x2b8e5e000010 rank 20 nranks 32 cudaDev 0 busId 2000 - Init COMPLETE
c197-102:29650:29701 [2] NCCL INFO comm 0x2ad380000010 rank 22 nranks 32 cudaDev 2 busId 82000 - Init COMPLETE
c197-102:29649:29707 [1] NCCL INFO comm 0x2b27a1fda010 rank 21 nranks 32 cudaDev 1 busId 3000 - Init COMPLETE
c197-082:16635:16687 [3] NCCL INFO comm 0x2ad8a2000010 rank 7 nranks 32 cudaDev 3 busId 83000 - Init COMPLETE
c197-082:16634:16685 [2] NCCL INFO comm 0x2b509e000010 rank 6 nranks 32 cudaDev 2 busId 82000 - Init COMPLETE
c197-082:16632:16690 [1] NCCL INFO comm 0x2b9cac000010 rank 5 nranks 32 cudaDev 1 busId 3000 - Init COMPLETE
c197-082:16631:16691 [0] NCCL INFO comm 0x2ac08e201010 rank 4 nranks 32 cudaDev 0 busId 2000 - Init COMPLETE
c197-111:8629:8681 [3] NCCL INFO comm 0x2b6c41f0e010 rank 27 nranks 32 cudaDev 3 busId 83000 - Init COMPLETE
c197-111:8628:8679 [2] NCCL INFO comm 0x2b81be000010 rank 26 nranks 32 cudaDev 2 busId 82000 - Init COMPLETE
c197-111:8627:8685 [1] NCCL INFO comm 0x2b179d358010 rank 25 nranks 32 cudaDev 1 busId 3000 - Init COMPLETE
c197-111:8626:8683 [0] NCCL INFO comm 0x2b8a6e000010 rank 24 nranks 32 cudaDev 0 busId 2000 - Init COMPLETE
c197-091:3797:3849 [3] NCCL INFO comm 0x2b77b5890010 rank 11 nranks 32 cudaDev 3 busId 83000 - Init COMPLETE
c197-091:3794:3852 [0] NCCL INFO comm 0x2b49f2000010 rank 8 nranks 32 cudaDev 0 busId 2000 - Init COMPLETE
c197-091:3796:3850 [2] NCCL INFO comm 0x2b36de000010 rank 10 nranks 32 cudaDev 2 busId 82000 - Init COMPLETE
c197-091:3795:3854 [1] NCCL INFO comm 0x2b56ac000010 rank 9 nranks 32 cudaDev 1 busId 3000 - Init COMPLETE
c197-081:10209:10209 [0] NCCL INFO Launch mode Parallel
       65536         16384     float     sum      -1   8782.3    0.01    0.01      0   8643.5    0.01    0.01      0
      131072         32768     float     sum      -1   8631.4    0.02    0.03      0   8655.1    0.02    0.03      0
      262144         65536     float     sum      -1   8635.0    0.03    0.06      0   8618.7    0.03    0.06      0
      524288        131072     float     sum      -1   8626.3    0.06    0.12      0   8642.1    0.06    0.12      0
     1048576        262144     float     sum      -1   8647.0    0.12    0.23      0   8631.6    0.12    0.24      0
     2097152        524288     float     sum      -1   8659.6    0.24    0.47      0   8703.8    0.24    0.47      0
     4194304       1048576     float     sum      -1   8840.7    0.47    0.92      0   8882.3    0.47    0.91      0
     8388608       2097152     float     sum      -1   9415.1    0.89    1.73      0   9416.1    0.89    1.73      0
    16777216       4194304     float     sum      -1    10313    1.63    3.15      0    10293    1.63    3.16      0
    33554432       8388608     float     sum      -1    17183    1.95    3.78      0    17221    1.95    3.78      0
    67108864      16777216     float     sum      -1    32925    2.04    3.95      0    32927    2.04    3.95      0
   134217728      33554432     float     sum      -1    66453    2.02    3.91      0    66033    2.03    3.94      0
   268435456      67108864     float     sum      -1   134505    2.00    3.87      0   134602    1.99    3.86      0
c197-081:10210:10210 [1] NCCL INFO comm 0x2ae72e000010 rank 1 nranks 32 cudaDev 1 busId 3000 - Destroy COMPLETE
c197-081:10212:10212 [3] NCCL INFO comm 0x2ae322000010 rank 3 nranks 32 cudaDev 3 busId 83000 - Destroy COMPLETE
c197-082:16635:16635 [3] NCCL INFO comm 0x2ad8a2000010 rank 7 nranks 32 cudaDev 3 busId 83000 - Destroy COMPLETE
c197-112:19642:19642 [3] NCCL INFO comm 0x2b1efe000010 rank 31 nranks 32 cudaDev 3 busId 83000 - Destroy COMPLETE
c197-092:14942:14942 [2] NCCL INFO comm 0x2afb5e000010 rank 14 nranks 32 cudaDev 2 busId 82000 - Destroy COMPLETE
c197-101:19466:19466 [3] NCCL INFO comm 0x2bab1e000010 rank 19 nranks 32 cudaDev 3 busId 83000 - Destroy COMPLETE
c197-111:8629:8629 [3] NCCL INFO comm 0x2b6c41f0e010 rank 27 nranks 32 cudaDev 3 busId 83000 - Destroy COMPLETE
c197-081:10209:10209 [0] NCCL INFO comm 0x2b5d6e000010 rank 0 nranks 32 cudaDev 0 busId 2000 - Destroy COMPLETE
c197-102:29651:29651 [3] NCCL INFO comm 0x2b574600d010 rank 23 nranks 32 cudaDev 3 busId 83000 - Destroy COMPLETE
c197-112:19640:19640 [1] NCCL INFO comm 0x2ab2ae000010 rank 29 nranks 32 cudaDev 1 busId 3000 - Destroy COMPLETE
c197-092:14943:14943 [3] NCCL INFO comm 0x2af0e0000010 rank 15 nranks 32 cudaDev 3 busId 83000 - Destroy COMPLETE
c197-081:10211:10211 [2] NCCL INFO comm 0x2b0f32000010 rank 2 nranks 32 cudaDev 2 busId 82000 - Destroy COMPLETE
c197-091:3797:3797 [3] NCCL INFO comm 0x2b77b5890010 rank 11 nranks 32 cudaDev 3 busId 83000 - Destroy COMPLETE
c197-111:8626:8626 [0] NCCL INFO comm 0x2b8a6e000010 rank 24 nranks 32 cudaDev 0 busId 2000 - Destroy COMPLETE
c197-112:19641:19641 [2] NCCL INFO comm 0x2abd3232f010 rank 30 nranks 32 cudaDev 2 busId 82000 - Destroy COMPLETE
c197-091:3796:3796 [2] NCCL INFO comm 0x2b36de000010 rank 10 nranks 32 cudaDev 2 busId 82000 - Destroy COMPLETE
c197-101:19463:19463 [0] NCCL INFO comm 0x2b741e000010 rank 16 nranks 32 cudaDev 0 busId 2000 - Destroy COMPLETE
c197-112:19639:19639 [0] NCCL INFO comm 0x2abab4000010 rank 28 nranks 32 cudaDev 0 busId 2000 - Destroy COMPLETE
c197-091:3794:3794 [0] NCCL INFO comm 0x2b49f2000010 rank 8 nranks 32 cudaDev 0 busId 2000 - Destroy COMPLETE
c197-101:19464:19464 [1] NCCL INFO comm 0x2b34dda91010 rank 17 nranks 32 cudaDev 1 busId 3000 - Destroy COMPLETE
c197-082:16631:16631 [0] NCCL INFO comm 0x2ac08e201010 rank 4 nranks 32 cudaDev 0 busId 2000 - Destroy COMPLETE
c197-092:14940:14940 [0] NCCL INFO comm 0x2ae0fc000010 rank 12 nranks 32 cudaDev 0 busId 2000 - Destroy COMPLETE
c197-082:16634:16634 [2] NCCL INFO comm 0x2b509e000010 rank 6 nranks 32 cudaDev 2 busId 82000 - Destroy COMPLETE
# Out of bounds values : 0 OK
# Avg bus bandwidth    : 1.71087 
#
c197-102:29648:29648 [0] NCCL INFO comm 0x2b8e5e000010 rank 20 nranks 32 cudaDev 0 busId 2000 - Destroy COMPLETE
c197-111:8628:8628 [2] NCCL INFO comm 0x2b81be000010 rank 26 nranks 32 cudaDev 2 busId 82000 - Destroy COMPLETE
c197-101:19465:19465 [2] NCCL INFO comm 0x2af77e000010 rank 18 nranks 32 cudaDev 2 busId 82000 - Destroy COMPLETE
c197-111:8627:8627 [1] NCCL INFO comm 0x2b179d358010 rank 25 nranks 32 cudaDev 1 busId 3000 - Destroy COMPLETE
c197-102:29650:29650 [2] NCCL INFO comm 0x2ad380000010 rank 22 nranks 32 cudaDev 2 busId 82000 - Destroy COMPLETE
c197-091:3795:3795 [1] NCCL INFO comm 0x2b56ac000010 rank 9 nranks 32 cudaDev 1 busId 3000 - Destroy COMPLETE
c197-082:16632:16632 [1] NCCL INFO comm 0x2b9cac000010 rank 5 nranks 32 cudaDev 1 busId 3000 - Destroy COMPLETE
c197-092:14941:14941 [1] NCCL INFO comm 0x2b3904000010 rank 13 nranks 32 cudaDev 1 busId 3000 - Destroy COMPLETE
c197-102:29649:29649 [1] NCCL INFO comm 0x2b27a1fda010 rank 21 nranks 32 cudaDev 1 busId 3000 - Destroy COMPLETE

TACC:  Shutdown complete. Exiting. 
