TACC:  Starting up job 6207112 
TACC:  Starting parallel tasks... 
# nThread 1 nGpus 1 minBytes 65536 maxBytes 268435456 step: 2(factor) warmup iters: 5 iters: 60 agg iters: 1 validation: 1 graph: 0
#
# Using devices
#  Rank  0 Group  0 Pid   3150 on   c198-061 device  0 [0x02] Quadro RTX 5000
#  Rank  1 Group  0 Pid   3151 on   c198-061 device  1 [0x03] Quadro RTX 5000
#  Rank  2 Group  0 Pid   3152 on   c198-061 device  2 [0x82] Quadro RTX 5000
#  Rank  3 Group  0 Pid   3153 on   c198-061 device  3 [0x83] Quadro RTX 5000
#  Rank  4 Group  0 Pid  21958 on   c198-062 device  0 [0x02] Quadro RTX 5000
#  Rank  5 Group  0 Pid  21959 on   c198-062 device  1 [0x03] Quadro RTX 5000
#  Rank  6 Group  0 Pid  21960 on   c198-062 device  2 [0x82] Quadro RTX 5000
#  Rank  7 Group  0 Pid  21961 on   c198-062 device  3 [0x83] Quadro RTX 5000
#  Rank  8 Group  0 Pid   9581 on   c198-071 device  0 [0x02] Quadro RTX 5000
#  Rank  9 Group  0 Pid   9582 on   c198-071 device  1 [0x03] Quadro RTX 5000
#  Rank 10 Group  0 Pid   9583 on   c198-071 device  2 [0x82] Quadro RTX 5000
#  Rank 11 Group  0 Pid   9584 on   c198-071 device  3 [0x83] Quadro RTX 5000
#  Rank 12 Group  0 Pid   3176 on   c198-072 device  0 [0x02] Quadro RTX 5000
#  Rank 13 Group  0 Pid   3177 on   c198-072 device  1 [0x03] Quadro RTX 5000
#  Rank 14 Group  0 Pid   3178 on   c198-072 device  2 [0x82] Quadro RTX 5000
#  Rank 15 Group  0 Pid   3179 on   c198-072 device  3 [0x83] Quadro RTX 5000
The MSCCL XML file exists: /home1/09168/ldai1/ccl-build/msccl_tools_lyd/examples/xml/xml_lyd/binary_tree/allreduce_binary_tree_1ch_2tree_256chunk_4node_16gpu.xml
c198-061:3150:3150 [0] NCCL INFO Bootstrap : Using ib0:192.168.44.155<0>
c198-061:3150:3150 [0] NCCL INFO NET/Plugin : No plugin found (libnccl-net.so), using internal implementation
c198-061:3150:3150 [0] NCCL INFO NET/IB : Using [0]mlx4_0:1/IB [RO]; OOB ib0:192.168.44.155<0>
c198-061:3150:3150 [0] NCCL INFO Using network IB
NCCL version 2.12.12.MSCCL.0.7.4+cuda11.3
c198-061:3153:3153 [3] NCCL INFO Bootstrap : Using ib0:192.168.44.155<0>
c198-061:3153:3153 [3] NCCL INFO NET/Plugin : No plugin found (libnccl-net.so), using internal implementation
c198-061:3153:3153 [3] NCCL INFO NET/IB : Using [0]mlx4_0:1/IB [RO]; OOB ib0:192.168.44.155<0>
c198-061:3153:3153 [3] NCCL INFO Using network IB
c198-061:3152:3152 [2] NCCL INFO Bootstrap : Using ib0:192.168.44.155<0>
c198-061:3152:3152 [2] NCCL INFO NET/Plugin : No plugin found (libnccl-net.so), using internal implementation
c198-061:3152:3152 [2] NCCL INFO NET/IB : Using [0]mlx4_0:1/IB [RO]; OOB ib0:192.168.44.155<0>
c198-061:3152:3152 [2] NCCL INFO Using network IB
c198-061:3151:3151 [1] NCCL INFO Bootstrap : Using ib0:192.168.44.155<0>
c198-061:3151:3151 [1] NCCL INFO NET/Plugin : No plugin found (libnccl-net.so), using internal implementation
c198-061:3151:3151 [1] NCCL INFO NET/IB : Using [0]mlx4_0:1/IB [RO]; OOB ib0:192.168.44.155<0>
c198-061:3151:3151 [1] NCCL INFO Using network IB
c198-062:21959:21959 [1] NCCL INFO Bootstrap : Using ib0:192.168.44.156<0>
c198-062:21960:21960 [2] NCCL INFO Bootstrap : Using ib0:192.168.44.156<0>
c198-062:21961:21961 [3] NCCL INFO Bootstrap : Using ib0:192.168.44.156<0>
c198-062:21958:21958 [0] NCCL INFO Bootstrap : Using ib0:192.168.44.156<0>
c198-062:21958:21958 [0] NCCL INFO NET/Plugin : No plugin found (libnccl-net.so), using internal implementation
c198-062:21959:21959 [1] NCCL INFO NET/Plugin : No plugin found (libnccl-net.so), using internal implementation
c198-062:21960:21960 [2] NCCL INFO NET/Plugin : No plugin found (libnccl-net.so), using internal implementation
c198-062:21961:21961 [3] NCCL INFO NET/Plugin : No plugin found (libnccl-net.so), using internal implementation
c198-062:21961:21961 [3] NCCL INFO NET/IB : Using [0]mlx4_0:1/IB [RO]; OOB ib0:192.168.44.156<0>
c198-062:21961:21961 [3] NCCL INFO Using network IB
c198-062:21958:21958 [0] NCCL INFO NET/IB : Using [0]mlx4_0:1/IB [RO]; OOB ib0:192.168.44.156<0>
c198-062:21958:21958 [0] NCCL INFO Using network IB
c198-062:21959:21959 [1] NCCL INFO NET/IB : Using [0]mlx4_0:1/IB [RO]; OOB ib0:192.168.44.156<0>
c198-062:21959:21959 [1] NCCL INFO Using network IB
c198-062:21960:21960 [2] NCCL INFO NET/IB : Using [0]mlx4_0:1/IB [RO]; OOB ib0:192.168.44.156<0>
c198-062:21960:21960 [2] NCCL INFO Using network IB
c198-071:9583:9583 [2] NCCL INFO Bootstrap : Using ib0:192.168.44.157<0>
c198-071:9584:9584 [3] NCCL INFO Bootstrap : Using ib0:192.168.44.157<0>
c198-071:9583:9583 [2] NCCL INFO NET/Plugin : No plugin found (libnccl-net.so), using internal implementation
c198-071:9584:9584 [3] NCCL INFO NET/Plugin : No plugin found (libnccl-net.so), using internal implementation
c198-071:9583:9583 [2] NCCL INFO NET/IB : Using [0]mlx4_0:1/IB [RO]; OOB ib0:192.168.44.157<0>
c198-071:9583:9583 [2] NCCL INFO Using network IB
c198-071:9584:9584 [3] NCCL INFO NET/IB : Using [0]mlx4_0:1/IB [RO]; OOB ib0:192.168.44.157<0>
c198-071:9584:9584 [3] NCCL INFO Using network IB
c198-071:9581:9581 [0] NCCL INFO Bootstrap : Using ib0:192.168.44.157<0>
c198-071:9582:9582 [1] NCCL INFO Bootstrap : Using ib0:192.168.44.157<0>
c198-071:9581:9581 [0] NCCL INFO NET/Plugin : No plugin found (libnccl-net.so), using internal implementation
c198-071:9582:9582 [1] NCCL INFO NET/Plugin : No plugin found (libnccl-net.so), using internal implementation
c198-071:9581:9581 [0] NCCL INFO NET/IB : Using [0]mlx4_0:1/IB [RO]; OOB ib0:192.168.44.157<0>
c198-071:9581:9581 [0] NCCL INFO Using network IB
c198-071:9582:9582 [1] NCCL INFO NET/IB : Using [0]mlx4_0:1/IB [RO]; OOB ib0:192.168.44.157<0>
c198-071:9582:9582 [1] NCCL INFO Using network IB
c198-072:3178:3178 [2] NCCL INFO Bootstrap : Using ib0:192.168.44.158<0>
c198-072:3179:3179 [3] NCCL INFO Bootstrap : Using ib0:192.168.44.158<0>
c198-072:3178:3178 [2] NCCL INFO NET/Plugin : No plugin found (libnccl-net.so), using internal implementation
c198-072:3179:3179 [3] NCCL INFO NET/Plugin : No plugin found (libnccl-net.so), using internal implementation
c198-072:3176:3176 [0] NCCL INFO Bootstrap : Using ib0:192.168.44.158<0>
c198-072:3176:3176 [0] NCCL INFO NET/Plugin : No plugin found (libnccl-net.so), using internal implementation
c198-072:3179:3179 [3] NCCL INFO NET/IB : Using [0]mlx4_0:1/IB [RO]; OOB ib0:192.168.44.158<0>
c198-072:3179:3179 [3] NCCL INFO Using network IB
c198-072:3178:3178 [2] NCCL INFO NET/IB : Using [0]mlx4_0:1/IB [RO]; OOB ib0:192.168.44.158<0>
c198-072:3178:3178 [2] NCCL INFO Using network IB
c198-072:3176:3176 [0] NCCL INFO NET/IB : Using [0]mlx4_0:1/IB [RO]; OOB ib0:192.168.44.158<0>
c198-072:3176:3176 [0] NCCL INFO Using network IB
c198-072:3177:3177 [1] NCCL INFO Bootstrap : Using ib0:192.168.44.158<0>
c198-072:3177:3177 [1] NCCL INFO NET/Plugin : No plugin found (libnccl-net.so), using internal implementation
c198-072:3177:3177 [1] NCCL INFO NET/IB : Using [0]mlx4_0:1/IB [RO]; OOB ib0:192.168.44.158<0>
c198-072:3177:3177 [1] NCCL INFO Using network IB
c198-061:3150:3182 [0] NCCL INFO Setting affinity for GPU 0 to 0f000f
c198-061:3152:3189 [2] NCCL INFO Setting affinity for GPU 2 to 0f000f00
c198-061:3153:3187 [3] NCCL INFO Setting affinity for GPU 3 to f000f000
c198-062:21960:21996 [2] NCCL INFO Setting affinity for GPU 2 to 0f000f00
c198-071:9583:9616 [2] NCCL INFO Setting affinity for GPU 2 to 0f000f00
c198-061:3151:3191 [1] NCCL INFO Setting affinity for GPU 1 to f000f0
c198-071:9584:9617 [3] NCCL INFO Setting affinity for GPU 3 to f000f000
c198-072:3178:3212 [2] NCCL INFO Setting affinity for GPU 2 to 0f000f00
c198-072:3179:3211 [3] NCCL INFO Setting affinity for GPU 3 to f000f000
c198-062:21961:21997 [3] NCCL INFO Setting affinity for GPU 3 to f000f000
c198-062:21958:21993 [0] NCCL INFO Setting affinity for GPU 0 to 0f000f
c198-071:9582:9621 [1] NCCL INFO Setting affinity for GPU 1 to f000f0
c198-062:21959:21995 [1] NCCL INFO Setting affinity for GPU 1 to f000f0
c198-071:9581:9620 [0] NCCL INFO Setting affinity for GPU 0 to 0f000f
c198-072:3177:3216 [1] NCCL INFO Setting affinity for GPU 1 to f000f0
c198-072:3176:3214 [0] NCCL INFO Setting affinity for GPU 0 to 0f000f
c198-071:9584:9617 [3] NCCL INFO Trees [0] -1/-1/-1->11->10 [1] -1/-1/-1->11->10
c198-061:3150:3182 [0] NCCL INFO Channel 00/02 :    0   1   2   3   4   5   6   7   8   9  10  11  12  13  14  15
c198-061:3150:3182 [0] NCCL INFO Channel 01/02 :    0   1   2   3   4   5   6   7   8   9  10  11  12  13  14  15
c198-061:3150:3182 [0] NCCL INFO Trees [0] 1/8/-1->0->-1 [1] 1/-1/-1->0->4
c198-071:9581:9620 [0] NCCL INFO Trees [0] 9/12/-1->8->0 [1] 9/-1/-1->8->5
c198-062:21960:21996 [2] NCCL INFO Trees [0] 7/-1/-1->6->5 [1] 7/-1/-1->6->5
c198-061:3152:3189 [2] NCCL INFO Trees [0] 3/-1/-1->2->1 [1] 3/-1/-1->2->1
c198-072:3178:3212 [2] NCCL INFO Trees [0] 15/-1/-1->14->13 [1] 15/-1/-1->14->13
c198-071:9582:9621 [1] NCCL INFO Trees [0] 10/4/-1->9->8 [1] 10/-1/-1->9->8
c198-062:21961:21997 [3] NCCL INFO Trees [0] -1/-1/-1->7->6 [1] -1/-1/-1->7->6
c198-061:3153:3187 [3] NCCL INFO Trees [0] -1/-1/-1->3->2 [1] -1/-1/-1->3->2
c198-072:3179:3211 [3] NCCL INFO Trees [0] -1/-1/-1->15->14 [1] -1/-1/-1->15->14
c198-071:9583:9616 [2] NCCL INFO Trees [0] 11/-1/-1->10->9 [1] 11/-1/-1->10->9
c198-062:21958:21993 [0] NCCL INFO Trees [0] 5/-1/-1->4->9 [1] 5/0/-1->4->12
c198-061:3151:3191 [1] NCCL INFO Trees [0] 2/-1/-1->1->0 [1] 2/-1/-1->1->0
c198-072:3177:3216 [1] NCCL INFO Trees [0] 14/-1/-1->13->12 [1] 14/-1/-1->13->12
c198-062:21959:21995 [1] NCCL INFO Trees [0] 6/-1/-1->5->4 [1] 6/8/-1->5->4
c198-072:3176:3214 [0] NCCL INFO Trees [0] 13/-1/-1->12->8 [1] 13/4/-1->12->-1
c198-071:9581:9620 [0] NCCL INFO Channel 00/0 : 7[83000] -> 8[2000] [receive] via NET/IB/0
c198-072:3176:3214 [0] NCCL INFO Channel 00/0 : 11[83000] -> 12[2000] [receive] via NET/IB/0
c198-061:3150:3182 [0] NCCL INFO Channel 00/0 : 15[83000] -> 0[2000] [receive] via NET/IB/0
c198-062:21958:21993 [0] NCCL INFO Channel 00/0 : 3[83000] -> 4[2000] [receive] via NET/IB/0
c198-062:21960:21996 [2] NCCL INFO Channel 00 : 6[82000] -> 7[83000] via direct shared memory
c198-062:21960:21996 [2] NCCL INFO Channel 01 : 6[82000] -> 7[83000] via direct shared memory
c198-071:9582:9621 [1] NCCL INFO Channel 00 : 9[3000] -> 10[82000] via direct shared memory
c198-071:9582:9621 [1] NCCL INFO Channel 01 : 9[3000] -> 10[82000] via direct shared memory
c198-071:9583:9616 [2] NCCL INFO Channel 00 : 10[82000] -> 11[83000] via direct shared memory
c198-061:3152:3189 [2] NCCL INFO Channel 00 : 2[82000] -> 3[83000] via direct shared memory
c198-061:3151:3191 [1] NCCL INFO Channel 00 : 1[3000] -> 2[82000] via direct shared memory
c198-071:9583:9616 [2] NCCL INFO Channel 01 : 10[82000] -> 11[83000] via direct shared memory
c198-072:3178:3212 [2] NCCL INFO Channel 00 : 14[82000] -> 15[83000] via direct shared memory
c198-061:3152:3189 [2] NCCL INFO Channel 01 : 2[82000] -> 3[83000] via direct shared memory
c198-061:3151:3191 [1] NCCL INFO Channel 01 : 1[3000] -> 2[82000] via direct shared memory
c198-072:3177:3216 [1] NCCL INFO Channel 00 : 13[3000] -> 14[82000] via direct shared memory
c198-072:3178:3212 [2] NCCL INFO Channel 01 : 14[82000] -> 15[83000] via direct shared memory
c198-072:3177:3216 [1] NCCL INFO Channel 01 : 13[3000] -> 14[82000] via direct shared memory
c198-062:21959:21995 [1] NCCL INFO Channel 00 : 5[3000] -> 6[82000] via direct shared memory
c198-062:21959:21995 [1] NCCL INFO Channel 01 : 5[3000] -> 6[82000] via direct shared memory
c198-062:21961:21997 [3] NCCL INFO Channel 00/0 : 7[83000] -> 8[2000] [send] via NET/IB/0
c198-072:3179:3211 [3] NCCL INFO Channel 00/0 : 15[83000] -> 0[2000] [send] via NET/IB/0
c198-061:3153:3187 [3] NCCL INFO Channel 00/0 : 3[83000] -> 4[2000] [send] via NET/IB/0
c198-071:9584:9617 [3] NCCL INFO Channel 00/0 : 11[83000] -> 12[2000] [send] via NET/IB/0
c198-071:9581:9620 [0] NCCL INFO Channel 01/0 : 7[83000] -> 8[2000] [receive] via NET/IB/0
c198-071:9581:9620 [0] NCCL INFO Channel 00 : 8[2000] -> 9[3000] via direct shared memory
c198-071:9581:9620 [0] NCCL INFO Channel 01 : 8[2000] -> 9[3000] via direct shared memory
c198-072:3176:3214 [0] NCCL INFO Channel 01/0 : 11[83000] -> 12[2000] [receive] via NET/IB/0
c198-062:21958:21993 [0] NCCL INFO Channel 01/0 : 3[83000] -> 4[2000] [receive] via NET/IB/0
c198-061:3150:3182 [0] NCCL INFO Channel 01/0 : 15[83000] -> 0[2000] [receive] via NET/IB/0
c198-072:3176:3214 [0] NCCL INFO Channel 00 : 12[2000] -> 13[3000] via direct shared memory
c198-062:21958:21993 [0] NCCL INFO Channel 00 : 4[2000] -> 5[3000] via direct shared memory
c198-072:3176:3214 [0] NCCL INFO Channel 01 : 12[2000] -> 13[3000] via direct shared memory
c198-062:21958:21993 [0] NCCL INFO Channel 01 : 4[2000] -> 5[3000] via direct shared memory
c198-061:3150:3182 [0] NCCL INFO Channel 00 : 0[2000] -> 1[3000] via direct shared memory
c198-061:3150:3182 [0] NCCL INFO Channel 01 : 0[2000] -> 1[3000] via direct shared memory
c198-071:9582:9621 [1] NCCL INFO Connected all rings
c198-072:3177:3216 [1] NCCL INFO Connected all rings
c198-061:3151:3191 [1] NCCL INFO Connected all rings
c198-062:21959:21995 [1] NCCL INFO Connected all rings
c198-071:9582:9621 [1] NCCL INFO Channel 00/0 : 4[2000] -> 9[3000] [receive] via NET/IB/0
c198-062:21959:21995 [1] NCCL INFO Channel 01/0 : 5[3000] -> 8[2000] [send] via NET/IB/0
c198-072:3179:3211 [3] NCCL INFO Channel 01/0 : 15[83000] -> 0[2000] [send] via NET/IB/0
c198-062:21961:21997 [3] NCCL INFO Channel 01/0 : 7[83000] -> 8[2000] [send] via NET/IB/0
c198-061:3153:3187 [3] NCCL INFO Channel 01/0 : 3[83000] -> 4[2000] [send] via NET/IB/0
c198-071:9584:9617 [3] NCCL INFO Channel 01/0 : 11[83000] -> 12[2000] [send] via NET/IB/0
c198-072:3178:3212 [2] NCCL INFO Connected all rings
c198-061:3152:3189 [2] NCCL INFO Connected all rings
c198-071:9583:9616 [2] NCCL INFO Connected all rings
c198-062:21960:21996 [2] NCCL INFO Connected all rings
c198-072:3177:3216 [1] NCCL INFO Channel 00 : 13[3000] -> 12[2000] via direct shared memory
c198-072:3177:3216 [1] NCCL INFO Channel 01 : 13[3000] -> 12[2000] via direct shared memory
c198-061:3151:3191 [1] NCCL INFO Channel 00 : 1[3000] -> 0[2000] via direct shared memory
c198-061:3151:3191 [1] NCCL INFO Channel 01 : 1[3000] -> 0[2000] via direct shared memory
c198-072:3179:3211 [3] NCCL INFO Connected all rings
c198-072:3179:3211 [3] NCCL INFO Channel 00 : 15[83000] -> 14[82000] via direct shared memory
c198-072:3179:3211 [3] NCCL INFO Channel 01 : 15[83000] -> 14[82000] via direct shared memory
c198-071:9584:9617 [3] NCCL INFO Connected all rings
c198-071:9584:9617 [3] NCCL INFO Channel 00 : 11[83000] -> 10[82000] via direct shared memory
c198-071:9584:9617 [3] NCCL INFO Channel 01 : 11[83000] -> 10[82000] via direct shared memory
c198-061:3153:3187 [3] NCCL INFO Connected all rings
c198-061:3153:3187 [3] NCCL INFO Channel 00 : 3[83000] -> 2[82000] via direct shared memory
c198-061:3153:3187 [3] NCCL INFO Channel 01 : 3[83000] -> 2[82000] via direct shared memory
c198-072:3176:3214 [0] NCCL INFO Connected all rings
c198-061:3150:3182 [0] NCCL INFO Connected all rings
c198-072:3178:3212 [2] NCCL INFO Channel 00 : 14[82000] -> 13[3000] via direct shared memory
c198-072:3178:3212 [2] NCCL INFO Channel 01 : 14[82000] -> 13[3000] via direct shared memory
c198-062:21961:21997 [3] NCCL INFO Connected all rings
c198-071:9583:9616 [2] NCCL INFO Channel 00 : 10[82000] -> 9[3000] via direct shared memory
c198-071:9583:9616 [2] NCCL INFO Channel 01 : 10[82000] -> 9[3000] via direct shared memory
c198-061:3152:3189 [2] NCCL INFO Channel 00 : 2[82000] -> 1[3000] via direct shared memory
c198-062:21961:21997 [3] NCCL INFO Channel 00 : 7[83000] -> 6[82000] via direct shared memory
c198-061:3152:3189 [2] NCCL INFO Channel 01 : 2[82000] -> 1[3000] via direct shared memory
c198-062:21961:21997 [3] NCCL INFO Channel 01 : 7[83000] -> 6[82000] via direct shared memory
c198-062:21958:21993 [0] NCCL INFO Connected all rings
c198-062:21960:21996 [2] NCCL INFO Channel 00 : 6[82000] -> 5[3000] via direct shared memory
c198-062:21960:21996 [2] NCCL INFO Channel 01 : 6[82000] -> 5[3000] via direct shared memory
c198-071:9581:9620 [0] NCCL INFO Connected all rings
c198-072:3179:3211 [3] NCCL INFO Connected all trees
c198-072:3179:3211 [3] NCCL INFO MSCCL_XML_FILES set by environment to /home1/09168/ldai1/ccl-build/msccl_tools_lyd/examples/xml/xml_lyd/binary_tree/allreduce_binary_tree_1ch_2tree_256chunk_4node_16gpu.xml
c198-072:3179:3211 [3] NCCL INFO MSCCL: Parsing algorithm /home1/09168/ldai1/ccl-build/msccl_tools_lyd/examples/xml/xml_lyd/binary_tree/allreduce_binary_tree_1ch_2tree_256chunk_4node_16gpu.xml
c198-072:3178:3212 [2] NCCL INFO Connected all trees
c198-072:3178:3212 [2] NCCL INFO MSCCL_XML_FILES set by environment to /home1/09168/ldai1/ccl-build/msccl_tools_lyd/examples/xml/xml_lyd/binary_tree/allreduce_binary_tree_1ch_2tree_256chunk_4node_16gpu.xml
c198-071:9584:9617 [3] NCCL INFO Connected all trees
c198-072:3178:3212 [2] NCCL INFO MSCCL: Parsing algorithm /home1/09168/ldai1/ccl-build/msccl_tools_lyd/examples/xml/xml_lyd/binary_tree/allreduce_binary_tree_1ch_2tree_256chunk_4node_16gpu.xml
c198-071:9584:9617 [3] NCCL INFO MSCCL_XML_FILES set by environment to /home1/09168/ldai1/ccl-build/msccl_tools_lyd/examples/xml/xml_lyd/binary_tree/allreduce_binary_tree_1ch_2tree_256chunk_4node_16gpu.xml
c198-071:9584:9617 [3] NCCL INFO MSCCL: Parsing algorithm /home1/09168/ldai1/ccl-build/msccl_tools_lyd/examples/xml/xml_lyd/binary_tree/allreduce_binary_tree_1ch_2tree_256chunk_4node_16gpu.xml
c198-062:21961:21997 [3] NCCL INFO Connected all trees
c198-062:21961:21997 [3] NCCL INFO MSCCL_XML_FILES set by environment to /home1/09168/ldai1/ccl-build/msccl_tools_lyd/examples/xml/xml_lyd/binary_tree/allreduce_binary_tree_1ch_2tree_256chunk_4node_16gpu.xml
c198-062:21961:21997 [3] NCCL INFO MSCCL: Parsing algorithm /home1/09168/ldai1/ccl-build/msccl_tools_lyd/examples/xml/xml_lyd/binary_tree/allreduce_binary_tree_1ch_2tree_256chunk_4node_16gpu.xml
c198-061:3153:3187 [3] NCCL INFO Connected all trees
c198-061:3153:3187 [3] NCCL INFO MSCCL_XML_FILES set by environment to /home1/09168/ldai1/ccl-build/msccl_tools_lyd/examples/xml/xml_lyd/binary_tree/allreduce_binary_tree_1ch_2tree_256chunk_4node_16gpu.xml
c198-061:3153:3187 [3] NCCL INFO MSCCL: Parsing algorithm /home1/09168/ldai1/ccl-build/msccl_tools_lyd/examples/xml/xml_lyd/binary_tree/allreduce_binary_tree_1ch_2tree_256chunk_4node_16gpu.xml
c198-061:3152:3189 [2] NCCL INFO Connected all trees
c198-061:3152:3189 [2] NCCL INFO MSCCL_XML_FILES set by environment to /home1/09168/ldai1/ccl-build/msccl_tools_lyd/examples/xml/xml_lyd/binary_tree/allreduce_binary_tree_1ch_2tree_256chunk_4node_16gpu.xml
c198-061:3152:3189 [2] NCCL INFO MSCCL: Parsing algorithm /home1/09168/ldai1/ccl-build/msccl_tools_lyd/examples/xml/xml_lyd/binary_tree/allreduce_binary_tree_1ch_2tree_256chunk_4node_16gpu.xml
c198-072:3176:3214 [0] NCCL INFO Channel 00/0 : 8[2000] -> 12[2000] [receive] via NET/IB/0
c198-061:3150:3182 [0] NCCL INFO Channel 01/0 : 0[2000] -> 4[2000] [send] via NET/IB/0
c198-062:21958:21993 [0] NCCL INFO Channel 01/0 : 0[2000] -> 4[2000] [receive] via NET/IB/0
c198-071:9581:9620 [0] NCCL INFO Channel 01/0 : 5[3000] -> 8[2000] [receive] via NET/IB/0
c198-061:3150:3182 [0] NCCL INFO Channel 00/0 : 8[2000] -> 0[2000] [receive] via NET/IB/0
c198-071:9581:9620 [0] NCCL INFO Channel 00/0 : 8[2000] -> 12[2000] [send] via NET/IB/0
c198-062:21958:21993 [0] NCCL INFO Channel 00/0 : 4[2000] -> 9[3000] [send] via NET/IB/0
c198-062:21959:21995 [1] NCCL INFO Channel 01/0 : 8[2000] -> 5[3000] [receive] via NET/IB/0
c198-061:3150:3182 [0] NCCL INFO Channel 00/0 : 0[2000] -> 8[2000] [send] via NET/IB/0
c198-072:3178:3212 [2] NCCL INFO Parsed MSCCL Algorithm /home1/09168/ldai1/ccl-build/msccl_tools_lyd/examples/xml/xml_lyd/binary_tree/allreduce_binary_tree_1ch_2tree_256chunk_4node_16gpu.xml successfully.
c198-072:3178:3212 [2] NCCL INFO Connected 1 MSCCL algorithms
c198-072:3178:3212 [2] NCCL INFO NCCL_PROTO set by environment to Simple
c198-072:3178:3212 [2] NCCL INFO NCCL_ALGO set by environment to MSCCL,TREE,RING
c198-072:3178:3212 [2] NCCL INFO threadThresholds 8/8/64 | 128/8/64 | 8/8/64 | 8/8/512
c198-072:3178:3212 [2] NCCL INFO 2 coll channels, 2 p2p channels, 2 p2p channels per peer
c198-072:3179:3211 [3] NCCL INFO Parsed MSCCL Algorithm /home1/09168/ldai1/ccl-build/msccl_tools_lyd/examples/xml/xml_lyd/binary_tree/allreduce_binary_tree_1ch_2tree_256chunk_4node_16gpu.xml successfully.
c198-072:3179:3211 [3] NCCL INFO Connected 1 MSCCL algorithms
c198-072:3179:3211 [3] NCCL INFO NCCL_PROTO set by environment to Simple
c198-072:3179:3211 [3] NCCL INFO NCCL_ALGO set by environment to MSCCL,TREE,RING
c198-072:3179:3211 [3] NCCL INFO threadThresholds 8/8/64 | 128/8/64 | 8/8/64 | 8/8/512
c198-072:3179:3211 [3] NCCL INFO 2 coll channels, 2 p2p channels, 2 p2p channels per peer
c198-071:9581:9620 [0] NCCL INFO Channel 00/0 : 0[2000] -> 8[2000] [receive] via NET/IB/0
c198-062:21958:21993 [0] NCCL INFO Channel 01/0 : 12[2000] -> 4[2000] [receive] via NET/IB/0
c198-071:9582:9621 [1] NCCL INFO Channel 00/0 : 9[3000] -> 4[2000] [send] via NET/IB/0
c198-072:3176:3214 [0] NCCL INFO Channel 01/0 : 4[2000] -> 12[2000] [receive] via NET/IB/0
c198-062:21961:21997 [3] NCCL INFO Parsed MSCCL Algorithm /home1/09168/ldai1/ccl-build/msccl_tools_lyd/examples/xml/xml_lyd/binary_tree/allreduce_binary_tree_1ch_2tree_256chunk_4node_16gpu.xml successfully.
c198-062:21961:21997 [3] NCCL INFO Connected 1 MSCCL algorithms
c198-062:21961:21997 [3] NCCL INFO NCCL_PROTO set by environment to Simple
c198-062:21961:21997 [3] NCCL INFO NCCL_ALGO set by environment to MSCCL,TREE,RING
c198-062:21961:21997 [3] NCCL INFO threadThresholds 8/8/64 | 128/8/64 | 8/8/64 | 8/8/512
c198-062:21961:21997 [3] NCCL INFO 2 coll channels, 2 p2p channels, 2 p2p channels per peer
c198-071:9584:9617 [3] NCCL INFO Parsed MSCCL Algorithm /home1/09168/ldai1/ccl-build/msccl_tools_lyd/examples/xml/xml_lyd/binary_tree/allreduce_binary_tree_1ch_2tree_256chunk_4node_16gpu.xml successfully.
c198-071:9584:9617 [3] NCCL INFO Connected 1 MSCCL algorithms
c198-071:9584:9617 [3] NCCL INFO NCCL_PROTO set by environment to Simple
c198-071:9584:9617 [3] NCCL INFO NCCL_ALGO set by environment to MSCCL,TREE,RING
c198-071:9584:9617 [3] NCCL INFO threadThresholds 8/8/64 | 128/8/64 | 8/8/64 | 8/8/512
c198-071:9584:9617 [3] NCCL INFO 2 coll channels, 2 p2p channels, 2 p2p channels per peer
c198-061:3152:3189 [2] NCCL INFO Parsed MSCCL Algorithm /home1/09168/ldai1/ccl-build/msccl_tools_lyd/examples/xml/xml_lyd/binary_tree/allreduce_binary_tree_1ch_2tree_256chunk_4node_16gpu.xml successfully.
c198-061:3152:3189 [2] NCCL INFO Connected 1 MSCCL algorithms
c198-061:3153:3187 [3] NCCL INFO Parsed MSCCL Algorithm /home1/09168/ldai1/ccl-build/msccl_tools_lyd/examples/xml/xml_lyd/binary_tree/allreduce_binary_tree_1ch_2tree_256chunk_4node_16gpu.xml successfully.
c198-061:3152:3189 [2] NCCL INFO NCCL_PROTO set by environment to Simple
c198-061:3152:3189 [2] NCCL INFO NCCL_ALGO set by environment to MSCCL,TREE,RING
c198-061:3152:3189 [2] NCCL INFO threadThresholds 8/8/64 | 128/8/64 | 8/8/64 | 8/8/512
c198-061:3152:3189 [2] NCCL INFO 2 coll channels, 2 p2p channels, 2 p2p channels per peer
c198-061:3153:3187 [3] NCCL INFO Connected 1 MSCCL algorithms
c198-061:3153:3187 [3] NCCL INFO NCCL_PROTO set by environment to Simple
c198-061:3153:3187 [3] NCCL INFO NCCL_ALGO set by environment to MSCCL,TREE,RING
c198-061:3153:3187 [3] NCCL INFO threadThresholds 8/8/64 | 128/8/64 | 8/8/64 | 8/8/512
c198-061:3153:3187 [3] NCCL INFO 2 coll channels, 2 p2p channels, 2 p2p channels per peer
c198-071:9581:9620 [0] NCCL INFO Channel 00/0 : 8[2000] -> 0[2000] [send] via NET/IB/0
c198-062:21958:21993 [0] NCCL INFO Channel 01/0 : 4[2000] -> 12[2000] [send] via NET/IB/0
c198-072:3176:3214 [0] NCCL INFO Channel 01/0 : 12[2000] -> 4[2000] [send] via NET/IB/0
c198-071:9581:9620 [0] NCCL INFO Channel 00/0 : 12[2000] -> 8[2000] [receive] via NET/IB/0
c198-061:3150:3182 [0] NCCL INFO Channel 01/0 : 4[2000] -> 0[2000] [receive] via NET/IB/0
c198-072:3176:3214 [0] NCCL INFO Channel 00/0 : 12[2000] -> 8[2000] [send] via NET/IB/0
c198-062:21958:21993 [0] NCCL INFO Channel 00/0 : 9[3000] -> 4[2000] [receive] via NET/IB/0
c198-072:3176:3214 [0] NCCL INFO Connected all trees
c198-072:3176:3214 [0] NCCL INFO MSCCL_XML_FILES set by environment to /home1/09168/ldai1/ccl-build/msccl_tools_lyd/examples/xml/xml_lyd/binary_tree/allreduce_binary_tree_1ch_2tree_256chunk_4node_16gpu.xml
c198-072:3176:3214 [0] NCCL INFO MSCCL: Parsing algorithm /home1/09168/ldai1/ccl-build/msccl_tools_lyd/examples/xml/xml_lyd/binary_tree/allreduce_binary_tree_1ch_2tree_256chunk_4node_16gpu.xml
c198-071:9582:9621 [1] NCCL INFO Channel 00 : 9[3000] -> 8[2000] via direct shared memory
c198-071:9582:9621 [1] NCCL INFO Channel 01 : 9[3000] -> 8[2000] via direct shared memory
c198-072:3177:3216 [1] NCCL INFO Connected all trees
c198-072:3177:3216 [1] NCCL INFO MSCCL_XML_FILES set by environment to /home1/09168/ldai1/ccl-build/msccl_tools_lyd/examples/xml/xml_lyd/binary_tree/allreduce_binary_tree_1ch_2tree_256chunk_4node_16gpu.xml
c198-072:3177:3216 [1] NCCL INFO MSCCL: Parsing algorithm /home1/09168/ldai1/ccl-build/msccl_tools_lyd/examples/xml/xml_lyd/binary_tree/allreduce_binary_tree_1ch_2tree_256chunk_4node_16gpu.xml
c198-071:9583:9616 [2] NCCL INFO Connected all trees
c198-071:9583:9616 [2] NCCL INFO MSCCL_XML_FILES set by environment to /home1/09168/ldai1/ccl-build/msccl_tools_lyd/examples/xml/xml_lyd/binary_tree/allreduce_binary_tree_1ch_2tree_256chunk_4node_16gpu.xml
c198-071:9583:9616 [2] NCCL INFO MSCCL: Parsing algorithm /home1/09168/ldai1/ccl-build/msccl_tools_lyd/examples/xml/xml_lyd/binary_tree/allreduce_binary_tree_1ch_2tree_256chunk_4node_16gpu.xml
c198-062:21958:21993 [0] NCCL INFO Channel 01/0 : 4[2000] -> 0[2000] [send] via NET/IB/0
c198-071:9581:9620 [0] NCCL INFO Channel 01/0 : 8[2000] -> 5[3000] [send] via NET/IB/0
c198-061:3150:3182 [0] NCCL INFO Connected all trees
c198-061:3150:3182 [0] NCCL INFO MSCCL_XML_FILES set by environment to /home1/09168/ldai1/ccl-build/msccl_tools_lyd/examples/xml/xml_lyd/binary_tree/allreduce_binary_tree_1ch_2tree_256chunk_4node_16gpu.xml
c198-061:3150:3182 [0] NCCL INFO MSCCL: Parsing algorithm /home1/09168/ldai1/ccl-build/msccl_tools_lyd/examples/xml/xml_lyd/binary_tree/allreduce_binary_tree_1ch_2tree_256chunk_4node_16gpu.xml
c198-061:3151:3191 [1] NCCL INFO Connected all trees
c198-061:3151:3191 [1] NCCL INFO MSCCL_XML_FILES set by environment to /home1/09168/ldai1/ccl-build/msccl_tools_lyd/examples/xml/xml_lyd/binary_tree/allreduce_binary_tree_1ch_2tree_256chunk_4node_16gpu.xml
c198-061:3151:3191 [1] NCCL INFO MSCCL: Parsing algorithm /home1/09168/ldai1/ccl-build/msccl_tools_lyd/examples/xml/xml_lyd/binary_tree/allreduce_binary_tree_1ch_2tree_256chunk_4node_16gpu.xml
c198-062:21959:21995 [1] NCCL INFO Channel 00 : 5[3000] -> 4[2000] via direct shared memory
c198-062:21959:21995 [1] NCCL INFO Channel 01 : 5[3000] -> 4[2000] via direct shared memory
c198-062:21958:21993 [0] NCCL INFO Connected all trees
c198-062:21958:21993 [0] NCCL INFO MSCCL_XML_FILES set by environment to /home1/09168/ldai1/ccl-build/msccl_tools_lyd/examples/xml/xml_lyd/binary_tree/allreduce_binary_tree_1ch_2tree_256chunk_4node_16gpu.xml
c198-062:21958:21993 [0] NCCL INFO MSCCL: Parsing algorithm /home1/09168/ldai1/ccl-build/msccl_tools_lyd/examples/xml/xml_lyd/binary_tree/allreduce_binary_tree_1ch_2tree_256chunk_4node_16gpu.xml
c198-071:9581:9620 [0] NCCL INFO Connected all trees
c198-071:9581:9620 [0] NCCL INFO MSCCL_XML_FILES set by environment to /home1/09168/ldai1/ccl-build/msccl_tools_lyd/examples/xml/xml_lyd/binary_tree/allreduce_binary_tree_1ch_2tree_256chunk_4node_16gpu.xml
c198-071:9581:9620 [0] NCCL INFO MSCCL: Parsing algorithm /home1/09168/ldai1/ccl-build/msccl_tools_lyd/examples/xml/xml_lyd/binary_tree/allreduce_binary_tree_1ch_2tree_256chunk_4node_16gpu.xml
c198-071:9582:9621 [1] NCCL INFO Connected all trees
c198-071:9582:9621 [1] NCCL INFO MSCCL_XML_FILES set by environment to /home1/09168/ldai1/ccl-build/msccl_tools_lyd/examples/xml/xml_lyd/binary_tree/allreduce_binary_tree_1ch_2tree_256chunk_4node_16gpu.xml
c198-071:9582:9621 [1] NCCL INFO MSCCL: Parsing algorithm /home1/09168/ldai1/ccl-build/msccl_tools_lyd/examples/xml/xml_lyd/binary_tree/allreduce_binary_tree_1ch_2tree_256chunk_4node_16gpu.xml
c198-062:21959:21995 [1] NCCL INFO Connected all trees
c198-062:21959:21995 [1] NCCL INFO MSCCL_XML_FILES set by environment to /home1/09168/ldai1/ccl-build/msccl_tools_lyd/examples/xml/xml_lyd/binary_tree/allreduce_binary_tree_1ch_2tree_256chunk_4node_16gpu.xml
c198-062:21959:21995 [1] NCCL INFO MSCCL: Parsing algorithm /home1/09168/ldai1/ccl-build/msccl_tools_lyd/examples/xml/xml_lyd/binary_tree/allreduce_binary_tree_1ch_2tree_256chunk_4node_16gpu.xml
c198-062:21960:21996 [2] NCCL INFO Connected all trees
c198-062:21960:21996 [2] NCCL INFO MSCCL_XML_FILES set by environment to /home1/09168/ldai1/ccl-build/msccl_tools_lyd/examples/xml/xml_lyd/binary_tree/allreduce_binary_tree_1ch_2tree_256chunk_4node_16gpu.xml
c198-062:21960:21996 [2] NCCL INFO MSCCL: Parsing algorithm /home1/09168/ldai1/ccl-build/msccl_tools_lyd/examples/xml/xml_lyd/binary_tree/allreduce_binary_tree_1ch_2tree_256chunk_4node_16gpu.xml
c198-072:3176:3214 [0] NCCL INFO Parsed MSCCL Algorithm /home1/09168/ldai1/ccl-build/msccl_tools_lyd/examples/xml/xml_lyd/binary_tree/allreduce_binary_tree_1ch_2tree_256chunk_4node_16gpu.xml successfully.
c198-072:3176:3214 [0] NCCL INFO Connected 1 MSCCL algorithms
c198-072:3176:3214 [0] NCCL INFO NCCL_PROTO set by environment to Simple
c198-072:3176:3214 [0] NCCL INFO NCCL_ALGO set by environment to MSCCL,TREE,RING
c198-072:3176:3214 [0] NCCL INFO threadThresholds 8/8/64 | 128/8/64 | 8/8/64 | 8/8/512
c198-072:3176:3214 [0] NCCL INFO 2 coll channels, 2 p2p channels, 2 p2p channels per peer
c198-072:3177:3216 [1] NCCL INFO Parsed MSCCL Algorithm /home1/09168/ldai1/ccl-build/msccl_tools_lyd/examples/xml/xml_lyd/binary_tree/allreduce_binary_tree_1ch_2tree_256chunk_4node_16gpu.xml successfully.
c198-072:3177:3216 [1] NCCL INFO Connected 1 MSCCL algorithms
c198-072:3177:3216 [1] NCCL INFO NCCL_PROTO set by environment to Simple
c198-072:3177:3216 [1] NCCL INFO NCCL_ALGO set by environment to MSCCL,TREE,RING
c198-072:3177:3216 [1] NCCL INFO threadThresholds 8/8/64 | 128/8/64 | 8/8/64 | 8/8/512
c198-072:3177:3216 [1] NCCL INFO 2 coll channels, 2 p2p channels, 2 p2p channels per peer
c198-071:9583:9616 [2] NCCL INFO Parsed MSCCL Algorithm /home1/09168/ldai1/ccl-build/msccl_tools_lyd/examples/xml/xml_lyd/binary_tree/allreduce_binary_tree_1ch_2tree_256chunk_4node_16gpu.xml successfully.
c198-071:9583:9616 [2] NCCL INFO Connected 1 MSCCL algorithms
c198-071:9583:9616 [2] NCCL INFO NCCL_PROTO set by environment to Simple
c198-071:9583:9616 [2] NCCL INFO NCCL_ALGO set by environment to MSCCL,TREE,RING
c198-071:9583:9616 [2] NCCL INFO threadThresholds 8/8/64 | 128/8/64 | 8/8/64 | 8/8/512
c198-071:9583:9616 [2] NCCL INFO 2 coll channels, 2 p2p channels, 2 p2p channels per peer
c198-072:3176:3214 [0] NCCL INFO comm 0x2b221e042010 rank 12 nranks 16 cudaDev 0 busId 2000 - Init COMPLETE
c198-072:3177:3216 [1] NCCL INFO comm 0x2b4810000010 rank 13 nranks 16 cudaDev 1 busId 3000 - Init COMPLETE
c198-072:3178:3212 [2] NCCL INFO comm 0x2b13be000010 rank 14 nranks 16 cudaDev 2 busId 82000 - Init COMPLETE
c198-072:3179:3211 [3] NCCL INFO comm 0x2ab82e000010 rank 15 nranks 16 cudaDev 3 busId 83000 - Init COMPLETE
c198-061:3150:3182 [0] NCCL INFO Parsed MSCCL Algorithm /home1/09168/ldai1/ccl-build/msccl_tools_lyd/examples/xml/xml_lyd/binary_tree/allreduce_binary_tree_1ch_2tree_256chunk_4node_16gpu.xml successfully.
c198-061:3150:3182 [0] NCCL INFO Connected 1 MSCCL algorithms
c198-061:3150:3182 [0] NCCL INFO NCCL_PROTO set by environment to Simple
c198-061:3150:3182 [0] NCCL INFO NCCL_ALGO set by environment to MSCCL,TREE,RING
c198-061:3150:3182 [0] NCCL INFO threadThresholds 8/8/64 | 128/8/64 | 8/8/64 | 8/8/512
c198-061:3150:3182 [0] NCCL INFO 2 coll channels, 2 p2p channels, 2 p2p channels per peer
c198-061:3151:3191 [1] NCCL INFO Parsed MSCCL Algorithm /home1/09168/ldai1/ccl-build/msccl_tools_lyd/examples/xml/xml_lyd/binary_tree/allreduce_binary_tree_1ch_2tree_256chunk_4node_16gpu.xml successfully.
c198-061:3151:3191 [1] NCCL INFO Connected 1 MSCCL algorithms
c198-061:3151:3191 [1] NCCL INFO NCCL_PROTO set by environment to Simple
c198-061:3151:3191 [1] NCCL INFO NCCL_ALGO set by environment to MSCCL,TREE,RING
c198-061:3151:3191 [1] NCCL INFO threadThresholds 8/8/64 | 128/8/64 | 8/8/64 | 8/8/512
c198-061:3151:3191 [1] NCCL INFO 2 coll channels, 2 p2p channels, 2 p2p channels per peer
c198-062:21960:21996 [2] NCCL INFO Parsed MSCCL Algorithm /home1/09168/ldai1/ccl-build/msccl_tools_lyd/examples/xml/xml_lyd/binary_tree/allreduce_binary_tree_1ch_2tree_256chunk_4node_16gpu.xml successfully.
c198-062:21960:21996 [2] NCCL INFO Connected 1 MSCCL algorithms
c198-062:21960:21996 [2] NCCL INFO NCCL_PROTO set by environment to Simple
c198-062:21960:21996 [2] NCCL INFO NCCL_ALGO set by environment to MSCCL,TREE,RING
c198-062:21960:21996 [2] NCCL INFO threadThresholds 8/8/64 | 128/8/64 | 8/8/64 | 8/8/512
c198-062:21960:21996 [2] NCCL INFO 2 coll channels, 2 p2p channels, 2 p2p channels per peer
c198-061:3151:3191 [1] NCCL INFO comm 0x2b32ae000010 rank 1 nranks 16 cudaDev 1 busId 3000 - Init COMPLETE
c198-071:9581:9620 [0] NCCL INFO Parsed MSCCL Algorithm /home1/09168/ldai1/ccl-build/msccl_tools_lyd/examples/xml/xml_lyd/binary_tree/allreduce_binary_tree_1ch_2tree_256chunk_4node_16gpu.xml successfully.
c198-061:3152:3189 [2] NCCL INFO comm 0x2b9ad4000010 rank 2 nranks 16 cudaDev 2 busId 82000 - Init COMPLETE
c198-071:9581:9620 [0] NCCL INFO Connected 1 MSCCL algorithms
c198-071:9581:9620 [0] NCCL INFO NCCL_PROTO set by environment to Simple
c198-071:9581:9620 [0] NCCL INFO NCCL_ALGO set by environment to MSCCL,TREE,RING
c198-061:3150:3182 [0] NCCL INFO comm 0x2b18fe000010 rank 0 nranks 16 cudaDev 0 busId 2000 - Init COMPLETE
c198-071:9581:9620 [0] NCCL INFO threadThresholds 8/8/64 | 128/8/64 | 8/8/64 | 8/8/512
c198-071:9581:9620 [0] NCCL INFO 2 coll channels, 2 p2p channels, 2 p2p channels per peer
#
#                                                              out-of-place                       in-place          
#       size         count      type   redop    root     time   algbw   busbw #wrong     time   algbw   busbw #wrong
#        (B)    (elements)                               (us)  (GB/s)  (GB/s)            (us)  (GB/s)  (GB/s)       
c198-061:3153:3187 [3] NCCL INFO comm 0x2b2ac4000010 rank 3 nranks 16 cudaDev 3 busId 83000 - Init COMPLETE
c198-062:21959:21995 [1] NCCL INFO Parsed MSCCL Algorithm /home1/09168/ldai1/ccl-build/msccl_tools_lyd/examples/xml/xml_lyd/binary_tree/allreduce_binary_tree_1ch_2tree_256chunk_4node_16gpu.xml successfully.
c198-062:21959:21995 [1] NCCL INFO Connected 1 MSCCL algorithms
c198-062:21959:21995 [1] NCCL INFO NCCL_PROTO set by environment to Simple
c198-062:21959:21995 [1] NCCL INFO NCCL_ALGO set by environment to MSCCL,TREE,RING
c198-062:21959:21995 [1] NCCL INFO threadThresholds 8/8/64 | 128/8/64 | 8/8/64 | 8/8/512
c198-062:21959:21995 [1] NCCL INFO 2 coll channels, 2 p2p channels, 2 p2p channels per peer
c198-062:21958:21993 [0] NCCL INFO Parsed MSCCL Algorithm /home1/09168/ldai1/ccl-build/msccl_tools_lyd/examples/xml/xml_lyd/binary_tree/allreduce_binary_tree_1ch_2tree_256chunk_4node_16gpu.xml successfully.
c198-062:21958:21993 [0] NCCL INFO Connected 1 MSCCL algorithms
c198-062:21958:21993 [0] NCCL INFO NCCL_PROTO set by environment to Simple
c198-062:21958:21993 [0] NCCL INFO NCCL_ALGO set by environment to MSCCL,TREE,RING
c198-062:21958:21993 [0] NCCL INFO threadThresholds 8/8/64 | 128/8/64 | 8/8/64 | 8/8/512
c198-062:21958:21993 [0] NCCL INFO 2 coll channels, 2 p2p channels, 2 p2p channels per peer
c198-071:9582:9621 [1] NCCL INFO Parsed MSCCL Algorithm /home1/09168/ldai1/ccl-build/msccl_tools_lyd/examples/xml/xml_lyd/binary_tree/allreduce_binary_tree_1ch_2tree_256chunk_4node_16gpu.xml successfully.
c198-071:9582:9621 [1] NCCL INFO Connected 1 MSCCL algorithms
c198-071:9582:9621 [1] NCCL INFO NCCL_PROTO set by environment to Simple
c198-071:9582:9621 [1] NCCL INFO NCCL_ALGO set by environment to MSCCL,TREE,RING
c198-071:9582:9621 [1] NCCL INFO threadThresholds 8/8/64 | 128/8/64 | 8/8/64 | 8/8/512
c198-071:9582:9621 [1] NCCL INFO 2 coll channels, 2 p2p channels, 2 p2p channels per peer
c198-062:21960:21996 [2] NCCL INFO comm 0x2b28520d5010 rank 6 nranks 16 cudaDev 2 busId 82000 - Init COMPLETE
c198-062:21958:21993 [0] NCCL INFO comm 0x2af3cc000010 rank 4 nranks 16 cudaDev 0 busId 2000 - Init COMPLETE
c198-062:21959:21995 [1] NCCL INFO comm 0x2b779e216010 rank 5 nranks 16 cudaDev 1 busId 3000 - Init COMPLETE
c198-071:9582:9621 [1] NCCL INFO comm 0x2b2b2591c010 rank 9 nranks 16 cudaDev 1 busId 3000 - Init COMPLETE
c198-071:9581:9620 [0] NCCL INFO comm 0x2b3af177c010 rank 8 nranks 16 cudaDev 0 busId 2000 - Init COMPLETE
c198-071:9583:9616 [2] NCCL INFO comm 0x2ae202000010 rank 10 nranks 16 cudaDev 2 busId 82000 - Init COMPLETE
c198-062:21961:21997 [3] NCCL INFO comm 0x2b3bfe201010 rank 7 nranks 16 cudaDev 3 busId 83000 - Init COMPLETE
c198-071:9584:9617 [3] NCCL INFO comm 0x2b312e000010 rank 11 nranks 16 cudaDev 3 busId 83000 - Init COMPLETE
c198-061:3150:3150 [0] NCCL INFO Launch mode Parallel
       65536         16384     float     sum      -1   4208.9    0.02    0.03      0   4211.4    0.02    0.03      0
      131072         32768     float     sum      -1   4199.1    0.03    0.06      0   4200.9    0.03    0.06      0
      262144         65536     float     sum      -1   4208.5    0.06    0.12      0   4205.0    0.06    0.12      0
      524288        131072     float     sum      -1   4189.8    0.13    0.23      0   4188.6    0.13    0.23      0
     1048576        262144     float     sum      -1   4211.0    0.25    0.47      0   4224.4    0.25    0.47      0
     2097152        524288     float     sum      -1   4283.7    0.49    0.92      0   4264.6    0.49    0.92      0
     4194304       1048576     float     sum      -1   4567.8    0.92    1.72      0   4563.5    0.92    1.72      0
     8388608       2097152     float     sum      -1   5308.2    1.58    2.96      0   5313.0    1.58    2.96      0
    16777216       4194304     float     sum      -1   8623.8    1.95    3.65      0   8697.7    1.93    3.62      0
    33554432       8388608     float     sum      -1    15519    2.16    4.05      0    15481    2.17    4.06      0
    67108864      16777216     float     sum      -1    31195    2.15    4.03      0    31203    2.15    4.03      0
   134217728      33554432     float     sum      -1    65479    2.05    3.84      0    65455    2.05    3.84      0
   268435456      67108864     float     sum      -1   133753    2.01    3.76      0   134002    2.00    3.76      0
c198-071:9584:9584 [3] NCCL INFO comm 0x2b312e000010 rank 11 nranks 16 cudaDev 3 busId 83000 - Destroy COMPLETE
c198-072:3179:3179 [3] NCCL INFO comm 0x2ab82e000010 rank 15 nranks 16 cudaDev 3 busId 83000 - Destroy COMPLETE
c198-072:3178:3178 [2] NCCL INFO comm 0x2b13be000010 rank 14 nranks 16 cudaDev 2 busId 82000 - Destroy COMPLETE
c198-061:3153:3153 [3] NCCL INFO comm 0x2b2ac4000010 rank 3 nranks 16 cudaDev 3 busId 83000 - Destroy COMPLETE
c198-062:21961:21961 [3] NCCL INFO comm 0x2b3bfe201010 rank 7 nranks 16 cudaDev 3 busId 83000 - Destroy COMPLETE
c198-061:3152:3152 [2] NCCL INFO comm 0x2b9ad4000010 rank 2 nranks 16 cudaDev 2 busId 82000 - Destroy COMPLETE
c198-071:9583:9583 [2] NCCL INFO comm 0x2ae202000010 rank 10 nranks 16 cudaDev 2 busId 82000 - Destroy COMPLETE
c198-072:3177:3177 [1] NCCL INFO comm 0x2b4810000010 rank 13 nranks 16 cudaDev 1 busId 3000 - Destroy COMPLETE
c198-061:3151:3151 [1] NCCL INFO comm 0x2b32ae000010 rank 1 nranks 16 cudaDev 1 busId 3000 - Destroy COMPLETE
c198-062:21960:21960 [2] NCCL INFO comm 0x2b28520d5010 rank 6 nranks 16 cudaDev 2 busId 82000 - Destroy COMPLETE
c198-072:3176:3176 [0] NCCL INFO comm 0x2b221e042010 rank 12 nranks 16 cudaDev 0 busId 2000 - Destroy COMPLETE
c198-071:9582:9582 [1] NCCL INFO comm 0x2b2b2591c010 rank 9 nranks 16 cudaDev 1 busId 3000 - Destroy COMPLETE
c198-061:3150:3150 [0] NCCL INFO comm 0x2b18fe000010 rank 0 nranks 16 cudaDev 0 busId 2000 - Destroy COMPLETE
c198-071:9581:9581 [0] NCCL INFO comm 0x2b3af177c010 rank 8 nranks 16 cudaDev 0 busId 2000 - Destroy COMPLETE
c198-062:21959:21959 [1] NCCL INFO comm 0x2b779e216010 rank 5 nranks 16 cudaDev 1 busId 3000 - Destroy COMPLETE
c198-062:21958:21958 [0] NCCL INFO comm 0x2af3cc000010 rank 4 nranks 16 cudaDev 0 busId 2000 - Destroy COMPLETE
# Out of bounds values : 0 OK
# Avg bus bandwidth    : 1.9875 
#

TACC:  Shutdown complete. Exiting. 
