c198-062:30033:30091 [0] NCCL INFO Channel 01 : 52[2000] -> 53[3000] via direct shared memory
c198-032:20673:20731 [0] NCCL INFO Channel 01/0 : 27[83000] -> 28[2000] [receive] via NET/IB/0
c198-021:26489:26547 [0] NCCL INFO Channel 00 : 16[2000] -> 17[3000] via direct shared memory
c198-021:26489:26547 [0] NCCL INFO Channel 01 : 16[2000] -> 17[3000] via direct shared memory
c198-032:20673:20731 [0] NCCL INFO Channel 00 : 28[2000] -> 29[3000] via direct shared memory
c198-032:20673:20731 [0] NCCL INFO Channel 01 : 28[2000] -> 29[3000] via direct shared memory
c198-052:18807:18862 [1] NCCL INFO Connected all rings
c198-071:27203:27266 [1] NCCL INFO Connected all rings
c198-072:20812:20869 [1] NCCL INFO Connected all rings
c198-041:7866:7922 [1] NCCL INFO Connected all rings
c198-061:11443:11501 [1] NCCL INFO Connected all rings
c198-042:10053:10109 [1] NCCL INFO Connected all rings
c198-031:26864:26921 [1] NCCL INFO Connected all rings
c196-042:23689:23750 [1] NCCL INFO Connected all rings
c198-012:14541:14599 [1] NCCL INFO Connected all rings
c198-022:22549:22606 [1] NCCL INFO Connected all rings
c198-011:17488:17544 [1] NCCL INFO Connected all rings
c198-021:26490:26546 [1] NCCL INFO Connected all rings
c198-051:20784:20842 [1] NCCL INFO Connected all rings
c196-051:8620:8680 [1] NCCL INFO Connected all rings
c198-032:20674:20732 [1] NCCL INFO Connected all rings
c198-062:30034:30092 [1] NCCL INFO Connected all rings
c198-052:18807:18862 [1] NCCL INFO Channel 01/0 : 45[3000] -> 52[2000] [send] via NET/IB/0
c198-071:27203:27266 [1] NCCL INFO Channel 00/0 : 52[2000] -> 57[3000] [receive] via NET/IB/0
c198-041:7866:7922 [1] NCCL INFO Channel 00/0 : 16[2000] -> 33[3000] [receive] via NET/IB/0
c198-042:10053:10109 [1] NCCL INFO Channel 01/0 : 37[3000] -> 40[2000] [send] via NET/IB/0
c198-061:11443:11501 [1] NCCL INFO Channel 00/0 : 40[2000] -> 49[3000] [receive] via NET/IB/0
c198-012:14541:14599 [1] NCCL INFO Channel 01/0 : 13[3000] -> 20[2000] [send] via NET/IB/0
c198-022:22549:22606 [1] NCCL INFO Channel 01/0 : 21[3000] -> 24[2000] [send] via NET/IB/0
c198-031:26864:26921 [1] NCCL INFO Channel 00/0 : 20[2000] -> 25[3000] [receive] via NET/IB/0
c198-011:17488:17544 [1] NCCL INFO Channel 00/0 : 4[2000] -> 9[3000] [receive] via NET/IB/0
c198-021:26490:26546 [1] NCCL INFO Channel 00/0 : 8[2000] -> 17[3000] [receive] via NET/IB/0
c198-051:20784:20842 [1] NCCL INFO Channel 00/0 : 36[2000] -> 41[3000] [receive] via NET/IB/0
c196-051:8620:8680 [1] NCCL INFO Channel 01/0 : 5[3000] -> 8[2000] [send] via NET/IB/0
c198-032:20674:20732 [1] NCCL INFO Channel 01/0 : 29[3000] -> 44[2000] [send] via NET/IB/0
c198-062:30034:30092 [1] NCCL INFO Channel 01/0 : 53[3000] -> 56[2000] [send] via NET/IB/0
c198-072:20814:20867 [3] NCCL INFO Channel 01/0 : 63[83000] -> 0[2000] [send] via NET/IB/0
c198-071:27205:27262 [3] NCCL INFO Channel 01/0 : 59[83000] -> 60[2000] [send] via NET/IB/0
c198-012:14543:14593 [3] NCCL INFO Channel 01/0 : 15[83000] -> 16[2000] [send] via NET/IB/0
c198-052:18809:18860 [3] NCCL INFO Channel 01/0 : 47[83000] -> 48[2000] [send] via NET/IB/0
c198-011:17490:17546 [3] NCCL INFO Channel 01/0 : 11[83000] -> 12[2000] [send] via NET/IB/0
c198-062:30036:30088 [3] NCCL INFO Channel 01/0 : 55[83000] -> 56[2000] [send] via NET/IB/0
c198-021:26492:26542 [3] NCCL INFO Channel 01/0 : 19[83000] -> 20[2000] [send] via NET/IB/0
c196-051:8622:8676 [3] NCCL INFO Channel 01/0 : 7[83000] -> 8[2000] [send] via NET/IB/0
c198-041:7868:7921 [3] NCCL INFO Channel 01/0 : 35[83000] -> 36[2000] [send] via NET/IB/0
c198-032:20676:20728 [3] NCCL INFO Channel 01/0 : 31[83000] -> 32[2000] [send] via NET/IB/0
c198-042:10055:10106 [3] NCCL INFO Channel 01/0 : 39[83000] -> 40[2000] [send] via NET/IB/0
c198-061:11445:11496 [3] NCCL INFO Channel 01/0 : 51[83000] -> 52[2000] [send] via NET/IB/0
c198-022:22551:22604 [3] NCCL INFO Channel 01/0 : 23[83000] -> 24[2000] [send] via NET/IB/0
c198-051:20786:20837 [3] NCCL INFO Channel 01/0 : 43[83000] -> 44[2000] [send] via NET/IB/0
c196-042:23691:23748 [3] NCCL INFO Channel 01/0 : 3[83000] -> 4[2000] [send] via NET/IB/0
c198-031:26866:26918 [3] NCCL INFO Channel 01/0 : 27[83000] -> 28[2000] [send] via NET/IB/0
c198-062:30035:30086 [2] NCCL INFO Connected all rings
c198-071:27204:27260 [2] NCCL INFO Connected all rings
c196-051:8621:8674 [2] NCCL INFO Connected all rings
c198-011:17489:17540 [2] NCCL INFO Connected all rings
c198-072:20813:20865 [2] NCCL INFO Connected all rings
c198-061:11444:11497 [2] NCCL INFO Connected all rings
c198-052:18808:18863 [2] NCCL INFO Connected all rings
c198-041:7867:7919 [2] NCCL INFO Connected all rings
c198-032:20675:20726 [2] NCCL INFO Connected all rings
c198-021:26491:26548 [2] NCCL INFO Connected all rings
c198-022:22550:22603 [2] NCCL INFO Connected all rings
c198-051:20785:20841 [2] NCCL INFO Connected all rings
c198-072:20812:20869 [1] NCCL INFO Channel 00 : 61[3000] -> 60[2000] via direct shared memory
c198-072:20812:20869 [1] NCCL INFO Channel 01 : 61[3000] -> 60[2000] via direct shared memory
c196-042:23690:23746 [2] NCCL INFO Connected all rings
c198-042:10054:10107 [2] NCCL INFO Connected all rings
c198-012:14542:14598 [2] NCCL INFO Connected all rings
c198-031:26865:26917 [2] NCCL INFO Connected all rings
c196-042:23689:23750 [1] NCCL INFO Channel 00 : 1[3000] -> 0[2000] via direct shared memory
c196-042:23689:23750 [1] NCCL INFO Channel 01 : 1[3000] -> 0[2000] via direct shared memory
c198-072:20814:20867 [3] NCCL INFO Connected all rings
c198-071:27205:27262 [3] NCCL INFO Connected all rings
c198-072:20814:20867 [3] NCCL INFO Channel 00 : 63[83000] -> 62[82000] via direct shared memory
c198-071:27205:27262 [3] NCCL INFO Channel 00 : 59[83000] -> 58[82000] via direct shared memory
c198-072:20814:20867 [3] NCCL INFO Channel 01 : 63[83000] -> 62[82000] via direct shared memory
c198-071:27205:27262 [3] NCCL INFO Channel 01 : 59[83000] -> 58[82000] via direct shared memory
c198-052:18809:18860 [3] NCCL INFO Connected all rings
c198-021:26492:26542 [3] NCCL INFO Connected all rings
c198-052:18809:18860 [3] NCCL INFO Channel 00 : 47[83000] -> 46[82000] via direct shared memory
c198-011:17490:17546 [3] NCCL INFO Connected all rings
c198-052:18809:18860 [3] NCCL INFO Channel 01 : 47[83000] -> 46[82000] via direct shared memory
c198-012:14543:14593 [3] NCCL INFO Connected all rings
c198-021:26492:26542 [3] NCCL INFO Channel 00 : 19[83000] -> 18[82000] via direct shared memory
c198-042:10055:10106 [3] NCCL INFO Connected all rings
c198-012:14543:14593 [3] NCCL INFO Channel 00 : 15[83000] -> 14[82000] via direct shared memory
c198-011:17490:17546 [3] NCCL INFO Channel 00 : 11[83000] -> 10[82000] via direct shared memory
c198-062:30036:30088 [3] NCCL INFO Connected all rings
c198-021:26492:26542 [3] NCCL INFO Channel 01 : 19[83000] -> 18[82000] via direct shared memory
c198-042:10055:10106 [3] NCCL INFO Channel 00 : 39[83000] -> 38[82000] via direct shared memory
c198-041:7868:7921 [3] NCCL INFO Connected all rings
c198-061:11445:11496 [3] NCCL INFO Connected all rings
c198-011:17490:17546 [3] NCCL INFO Channel 01 : 11[83000] -> 10[82000] via direct shared memory
c198-062:30036:30088 [3] NCCL INFO Channel 00 : 55[83000] -> 54[82000] via direct shared memory
c198-041:7868:7921 [3] NCCL INFO Channel 00 : 35[83000] -> 34[82000] via direct shared memory
c198-012:14543:14593 [3] NCCL INFO Channel 01 : 15[83000] -> 14[82000] via direct shared memory
c198-032:20676:20728 [3] NCCL INFO Connected all rings
c198-042:10055:10106 [3] NCCL INFO Channel 01 : 39[83000] -> 38[82000] via direct shared memory
c198-041:7868:7921 [3] NCCL INFO Channel 01 : 35[83000] -> 34[82000] via direct shared memory
c198-061:11445:11496 [3] NCCL INFO Channel 00 : 51[83000] -> 50[82000] via direct shared memory
c198-051:20786:20837 [3] NCCL INFO Connected all rings
c198-062:30036:30088 [3] NCCL INFO Channel 01 : 55[83000] -> 54[82000] via direct shared memory
c198-032:20676:20728 [3] NCCL INFO Channel 00 : 31[83000] -> 30[82000] via direct shared memory
c198-061:11445:11496 [3] NCCL INFO Channel 01 : 51[83000] -> 50[82000] via direct shared memory
c196-051:8622:8676 [3] NCCL INFO Connected all rings
c198-051:20786:20837 [3] NCCL INFO Channel 00 : 43[83000] -> 42[82000] via direct shared memory
c198-022:22551:22604 [3] NCCL INFO Connected all rings
c198-032:20676:20728 [3] NCCL INFO Channel 01 : 31[83000] -> 30[82000] via direct shared memory
c198-051:20786:20837 [3] NCCL INFO Channel 01 : 43[83000] -> 42[82000] via direct shared memory
c196-051:8622:8676 [3] NCCL INFO Channel 00 : 7[83000] -> 6[82000] via direct shared memory
c198-022:22551:22604 [3] NCCL INFO Channel 00 : 23[83000] -> 22[82000] via direct shared memory
c196-051:8622:8676 [3] NCCL INFO Channel 01 : 7[83000] -> 6[82000] via direct shared memory
c198-022:22551:22604 [3] NCCL INFO Channel 01 : 23[83000] -> 22[82000] via direct shared memory
c196-042:23691:23748 [3] NCCL INFO Connected all rings
c196-042:23691:23748 [3] NCCL INFO Channel 00 : 3[83000] -> 2[82000] via direct shared memory
c196-042:23691:23748 [3] NCCL INFO Channel 01 : 3[83000] -> 2[82000] via direct shared memory
c198-031:26866:26918 [3] NCCL INFO Connected all rings
c198-031:26866:26918 [3] NCCL INFO Channel 00 : 27[83000] -> 26[82000] via direct shared memory
c196-042:23688:23741 [0] NCCL INFO Connected all rings
c198-031:26866:26918 [3] NCCL INFO Channel 01 : 27[83000] -> 26[82000] via direct shared memory
c198-011:17487:17542 [0] NCCL INFO Connected all rings
c198-071:27202:27265 [0] NCCL INFO Connected all rings
c198-012:14540:14596 [0] NCCL INFO Connected all rings
c198-072:20813:20865 [2] NCCL INFO Channel 00 : 62[82000] -> 61[3000] via direct shared memory
c198-072:20813:20865 [2] NCCL INFO Channel 01 : 62[82000] -> 61[3000] via direct shared memory
c198-041:7865:7924 [0] NCCL INFO Connected all rings
c198-072:20811:20871 [0] NCCL INFO Connected all rings
c198-022:22548:22608 [0] NCCL INFO Connected all rings
c198-071:27204:27260 [2] NCCL INFO Channel 00 : 58[82000] -> 57[3000] via direct shared memory
c198-042:10052:10111 [0] NCCL INFO Connected all rings
c198-071:27204:27260 [2] NCCL INFO Channel 01 : 58[82000] -> 57[3000] via direct shared memory
c198-061:11442:11499 [0] NCCL INFO Connected all rings
c198-051:20783:20838 [0] NCCL INFO Connected all rings
c198-062:30035:30086 [2] NCCL INFO Channel 00 : 54[82000] -> 53[3000] via direct shared memory
c198-061:11444:11497 [2] NCCL INFO Channel 00 : 50[82000] -> 49[3000] via direct shared memory
c198-062:30035:30086 [2] NCCL INFO Channel 01 : 54[82000] -> 53[3000] via direct shared memory
c198-061:11444:11497 [2] NCCL INFO Channel 01 : 50[82000] -> 49[3000] via direct shared memory
c198-052:18806:18865 [0] NCCL INFO Connected all rings
c196-051:8621:8674 [2] NCCL INFO Channel 00 : 6[82000] -> 5[3000] via direct shared memory
c198-021:26489:26547 [0] NCCL INFO Connected all rings
c196-051:8621:8674 [2] NCCL INFO Channel 01 : 6[82000] -> 5[3000] via direct shared memory
c198-062:30033:30091 [0] NCCL INFO Connected all rings
c198-022:22550:22603 [2] NCCL INFO Channel 00 : 22[82000] -> 21[3000] via direct shared memory
c198-022:22550:22603 [2] NCCL INFO Channel 01 : 22[82000] -> 21[3000] via direct shared memory
c198-041:7867:7919 [2] NCCL INFO Channel 00 : 34[82000] -> 33[3000] via direct shared memory
c198-041:7867:7919 [2] NCCL INFO Channel 01 : 34[82000] -> 33[3000] via direct shared memory
c198-031:26863:26922 [0] NCCL INFO Connected all rings
c198-032:20675:20726 [2] NCCL INFO Channel 00 : 30[82000] -> 29[3000] via direct shared memory
c198-051:20785:20841 [2] NCCL INFO Channel 00 : 42[82000] -> 41[3000] via direct shared memory
c198-032:20673:20731 [0] NCCL INFO Connected all rings
c198-011:17489:17540 [2] NCCL INFO Channel 00 : 10[82000] -> 9[3000] via direct shared memory
c198-032:20675:20726 [2] NCCL INFO Channel 01 : 30[82000] -> 29[3000] via direct shared memory
c198-051:20785:20841 [2] NCCL INFO Channel 01 : 42[82000] -> 41[3000] via direct shared memory
c198-052:18808:18863 [2] NCCL INFO Channel 00 : 46[82000] -> 45[3000] via direct shared memory
c198-012:14542:14598 [2] NCCL INFO Channel 00 : 14[82000] -> 13[3000] via direct shared memory
c198-011:17489:17540 [2] NCCL INFO Channel 01 : 10[82000] -> 9[3000] via direct shared memory
c198-021:26491:26548 [2] NCCL INFO Channel 00 : 18[82000] -> 17[3000] via direct shared memory
c198-052:18808:18863 [2] NCCL INFO Channel 01 : 46[82000] -> 45[3000] via direct shared memory
c198-042:10054:10107 [2] NCCL INFO Channel 00 : 38[82000] -> 37[3000] via direct shared memory
c198-012:14542:14598 [2] NCCL INFO Channel 01 : 14[82000] -> 13[3000] via direct shared memory
c198-021:26491:26548 [2] NCCL INFO Channel 01 : 18[82000] -> 17[3000] via direct shared memory
c198-042:10054:10107 [2] NCCL INFO Channel 01 : 38[82000] -> 37[3000] via direct shared memory
c196-051:8619:8678 [0] NCCL INFO Connected all rings
c198-031:26865:26917 [2] NCCL INFO Channel 00 : 26[82000] -> 25[3000] via direct shared memory
c198-031:26865:26917 [2] NCCL INFO Channel 01 : 26[82000] -> 25[3000] via direct shared memory
c196-042:23690:23746 [2] NCCL INFO Channel 00 : 2[82000] -> 1[3000] via direct shared memory
c198-072:20814:20867 [3] NCCL INFO Connected all trees
c198-072:20814:20867 [3] NCCL INFO MSCCL_XML_FILES set by environment to /home1/09168/ldai1/ccl-build/msccl_tools_lyd/examples/xml/xml_lyd/binary_tree/allreduce_binary_tree_1ch_2tree_4chunk_16node_64gpu.xml
c198-072:20814:20867 [3] NCCL INFO MSCCL: Parsing algorithm /home1/09168/ldai1/ccl-build/msccl_tools_lyd/examples/xml/xml_lyd/binary_tree/allreduce_binary_tree_1ch_2tree_4chunk_16node_64gpu.xml
c196-042:23690:23746 [2] NCCL INFO Channel 01 : 2[82000] -> 1[3000] via direct shared memory
c198-071:27205:27262 [3] NCCL INFO Connected all trees
c198-071:27205:27262 [3] NCCL INFO MSCCL_XML_FILES set by environment to /home1/09168/ldai1/ccl-build/msccl_tools_lyd/examples/xml/xml_lyd/binary_tree/allreduce_binary_tree_1ch_2tree_4chunk_16node_64gpu.xml
c198-071:27205:27262 [3] NCCL INFO MSCCL: Parsing algorithm /home1/09168/ldai1/ccl-build/msccl_tools_lyd/examples/xml/xml_lyd/binary_tree/allreduce_binary_tree_1ch_2tree_4chunk_16node_64gpu.xml
c198-072:20813:20865 [2] NCCL INFO Connected all trees
c198-072:20813:20865 [2] NCCL INFO MSCCL_XML_FILES set by environment to /home1/09168/ldai1/ccl-build/msccl_tools_lyd/examples/xml/xml_lyd/binary_tree/allreduce_binary_tree_1ch_2tree_4chunk_16node_64gpu.xml
c198-072:20813:20865 [2] NCCL INFO MSCCL: Parsing algorithm /home1/09168/ldai1/ccl-build/msccl_tools_lyd/examples/xml/xml_lyd/binary_tree/allreduce_binary_tree_1ch_2tree_4chunk_16node_64gpu.xml
c198-061:11445:11496 [3] NCCL INFO Connected all trees
c198-061:11445:11496 [3] NCCL INFO MSCCL_XML_FILES set by environment to /home1/09168/ldai1/ccl-build/msccl_tools_lyd/examples/xml/xml_lyd/binary_tree/allreduce_binary_tree_1ch_2tree_4chunk_16node_64gpu.xml
c198-061:11445:11496 [3] NCCL INFO MSCCL: Parsing algorithm /home1/09168/ldai1/ccl-build/msccl_tools_lyd/examples/xml/xml_lyd/binary_tree/allreduce_binary_tree_1ch_2tree_4chunk_16node_64gpu.xml
c198-062:30036:30088 [3] NCCL INFO Connected all trees
c198-062:30036:30088 [3] NCCL INFO MSCCL_XML_FILES set by environment to /home1/09168/ldai1/ccl-build/msccl_tools_lyd/examples/xml/xml_lyd/binary_tree/allreduce_binary_tree_1ch_2tree_4chunk_16node_64gpu.xml
c198-062:30036:30088 [3] NCCL INFO MSCCL: Parsing algorithm /home1/09168/ldai1/ccl-build/msccl_tools_lyd/examples/xml/xml_lyd/binary_tree/allreduce_binary_tree_1ch_2tree_4chunk_16node_64gpu.xml
c196-051:8622:8676 [3] NCCL INFO Connected all trees
c196-051:8622:8676 [3] NCCL INFO MSCCL_XML_FILES set by environment to /home1/09168/ldai1/ccl-build/msccl_tools_lyd/examples/xml/xml_lyd/binary_tree/allreduce_binary_tree_1ch_2tree_4chunk_16node_64gpu.xml
c196-051:8622:8676 [3] NCCL INFO MSCCL: Parsing algorithm /home1/09168/ldai1/ccl-build/msccl_tools_lyd/examples/xml/xml_lyd/binary_tree/allreduce_binary_tree_1ch_2tree_4chunk_16node_64gpu.xml
c198-041:7868:7921 [3] NCCL INFO Connected all trees
c198-041:7868:7921 [3] NCCL INFO MSCCL_XML_FILES set by environment to /home1/09168/ldai1/ccl-build/msccl_tools_lyd/examples/xml/xml_lyd/binary_tree/allreduce_binary_tree_1ch_2tree_4chunk_16node_64gpu.xml
c198-022:22551:22604 [3] NCCL INFO Connected all trees
c198-022:22551:22604 [3] NCCL INFO MSCCL_XML_FILES set by environment to /home1/09168/ldai1/ccl-build/msccl_tools_lyd/examples/xml/xml_lyd/binary_tree/allreduce_binary_tree_1ch_2tree_4chunk_16node_64gpu.xml
c198-041:7868:7921 [3] NCCL INFO MSCCL: Parsing algorithm /home1/09168/ldai1/ccl-build/msccl_tools_lyd/examples/xml/xml_lyd/binary_tree/allreduce_binary_tree_1ch_2tree_4chunk_16node_64gpu.xml
c198-022:22551:22604 [3] NCCL INFO MSCCL: Parsing algorithm /home1/09168/ldai1/ccl-build/msccl_tools_lyd/examples/xml/xml_lyd/binary_tree/allreduce_binary_tree_1ch_2tree_4chunk_16node_64gpu.xml
c198-021:26492:26542 [3] NCCL INFO Connected all trees
c198-021:26492:26542 [3] NCCL INFO MSCCL_XML_FILES set by environment to /home1/09168/ldai1/ccl-build/msccl_tools_lyd/examples/xml/xml_lyd/binary_tree/allreduce_binary_tree_1ch_2tree_4chunk_16node_64gpu.xml
c198-032:20676:20728 [3] NCCL INFO Connected all trees
c198-032:20676:20728 [3] NCCL INFO MSCCL_XML_FILES set by environment to /home1/09168/ldai1/ccl-build/msccl_tools_lyd/examples/xml/xml_lyd/binary_tree/allreduce_binary_tree_1ch_2tree_4chunk_16node_64gpu.xml
c198-051:20786:20837 [3] NCCL INFO Connected all trees
c198-051:20786:20837 [3] NCCL INFO MSCCL_XML_FILES set by environment to /home1/09168/ldai1/ccl-build/msccl_tools_lyd/examples/xml/xml_lyd/binary_tree/allreduce_binary_tree_1ch_2tree_4chunk_16node_64gpu.xml
c198-021:26492:26542 [3] NCCL INFO MSCCL: Parsing algorithm /home1/09168/ldai1/ccl-build/msccl_tools_lyd/examples/xml/xml_lyd/binary_tree/allreduce_binary_tree_1ch_2tree_4chunk_16node_64gpu.xml
c198-032:20676:20728 [3] NCCL INFO MSCCL: Parsing algorithm /home1/09168/ldai1/ccl-build/msccl_tools_lyd/examples/xml/xml_lyd/binary_tree/allreduce_binary_tree_1ch_2tree_4chunk_16node_64gpu.xml
c198-051:20786:20837 [3] NCCL INFO MSCCL: Parsing algorithm /home1/09168/ldai1/ccl-build/msccl_tools_lyd/examples/xml/xml_lyd/binary_tree/allreduce_binary_tree_1ch_2tree_4chunk_16node_64gpu.xml
c198-052:18809:18860 [3] NCCL INFO Connected all trees
c198-052:18809:18860 [3] NCCL INFO MSCCL_XML_FILES set by environment to /home1/09168/ldai1/ccl-build/msccl_tools_lyd/examples/xml/xml_lyd/binary_tree/allreduce_binary_tree_1ch_2tree_4chunk_16node_64gpu.xml
c198-011:17490:17546 [3] NCCL INFO Connected all trees
c198-052:18809:18860 [3] NCCL INFO MSCCL: Parsing algorithm /home1/09168/ldai1/ccl-build/msccl_tools_lyd/examples/xml/xml_lyd/binary_tree/allreduce_binary_tree_1ch_2tree_4chunk_16node_64gpu.xml
c198-012:14543:14593 [3] NCCL INFO Connected all trees
c198-011:17490:17546 [3] NCCL INFO MSCCL_XML_FILES set by environment to /home1/09168/ldai1/ccl-build/msccl_tools_lyd/examples/xml/xml_lyd/binary_tree/allreduce_binary_tree_1ch_2tree_4chunk_16node_64gpu.xml
c198-012:14543:14593 [3] NCCL INFO MSCCL_XML_FILES set by environment to /home1/09168/ldai1/ccl-build/msccl_tools_lyd/examples/xml/xml_lyd/binary_tree/allreduce_binary_tree_1ch_2tree_4chunk_16node_64gpu.xml
c198-011:17490:17546 [3] NCCL INFO MSCCL: Parsing algorithm /home1/09168/ldai1/ccl-build/msccl_tools_lyd/examples/xml/xml_lyd/binary_tree/allreduce_binary_tree_1ch_2tree_4chunk_16node_64gpu.xml
c198-012:14543:14593 [3] NCCL INFO MSCCL: Parsing algorithm /home1/09168/ldai1/ccl-build/msccl_tools_lyd/examples/xml/xml_lyd/binary_tree/allreduce_binary_tree_1ch_2tree_4chunk_16node_64gpu.xml
c198-042:10055:10106 [3] NCCL INFO Connected all trees
c198-042:10055:10106 [3] NCCL INFO MSCCL_XML_FILES set by environment to /home1/09168/ldai1/ccl-build/msccl_tools_lyd/examples/xml/xml_lyd/binary_tree/allreduce_binary_tree_1ch_2tree_4chunk_16node_64gpu.xml
c198-042:10055:10106 [3] NCCL INFO MSCCL: Parsing algorithm /home1/09168/ldai1/ccl-build/msccl_tools_lyd/examples/xml/xml_lyd/binary_tree/allreduce_binary_tree_1ch_2tree_4chunk_16node_64gpu.xml
c198-031:26866:26918 [3] NCCL INFO Connected all trees
c198-031:26866:26918 [3] NCCL INFO MSCCL_XML_FILES set by environment to /home1/09168/ldai1/ccl-build/msccl_tools_lyd/examples/xml/xml_lyd/binary_tree/allreduce_binary_tree_1ch_2tree_4chunk_16node_64gpu.xml
c198-031:26866:26918 [3] NCCL INFO MSCCL: Parsing algorithm /home1/09168/ldai1/ccl-build/msccl_tools_lyd/examples/xml/xml_lyd/binary_tree/allreduce_binary_tree_1ch_2tree_4chunk_16node_64gpu.xml
c196-042:23691:23748 [3] NCCL INFO Connected all trees
c196-042:23691:23748 [3] NCCL INFO MSCCL_XML_FILES set by environment to /home1/09168/ldai1/ccl-build/msccl_tools_lyd/examples/xml/xml_lyd/binary_tree/allreduce_binary_tree_1ch_2tree_4chunk_16node_64gpu.xml
c196-042:23691:23748 [3] NCCL INFO MSCCL: Parsing algorithm /home1/09168/ldai1/ccl-build/msccl_tools_lyd/examples/xml/xml_lyd/binary_tree/allreduce_binary_tree_1ch_2tree_4chunk_16node_64gpu.xml
c196-042:23690:23746 [2] NCCL INFO Connected all trees
c196-042:23690:23746 [2] NCCL INFO MSCCL_XML_FILES set by environment to /home1/09168/ldai1/ccl-build/msccl_tools_lyd/examples/xml/xml_lyd/binary_tree/allreduce_binary_tree_1ch_2tree_4chunk_16node_64gpu.xml
c196-042:23690:23746 [2] NCCL INFO MSCCL: Parsing algorithm /home1/09168/ldai1/ccl-build/msccl_tools_lyd/examples/xml/xml_lyd/binary_tree/allreduce_binary_tree_1ch_2tree_4chunk_16node_64gpu.xml
c198-071:27205:27262 [3] NCCL INFO Parsed MSCCL Algorithm /home1/09168/ldai1/ccl-build/msccl_tools_lyd/examples/xml/xml_lyd/binary_tree/allreduce_binary_tree_1ch_2tree_4chunk_16node_64gpu.xml successfully.
c198-071:27205:27262 [3] NCCL INFO Connected 1 MSCCL algorithms
c198-071:27205:27262 [3] NCCL INFO NCCL_PROTO set by environment to Simple
c198-071:27205:27262 [3] NCCL INFO NCCL_ALGO set by environment to MSCCL,TREE,RING
c198-071:27205:27262 [3] NCCL INFO threadThresholds 8/8/64 | 512/8/64 | 8/8/64 | 8/8/512
c198-071:27205:27262 [3] NCCL INFO 2 coll channels, 2 p2p channels, 2 p2p channels per peer
c198-061:11445:11496 [3] NCCL INFO Parsed MSCCL Algorithm /home1/09168/ldai1/ccl-build/msccl_tools_lyd/examples/xml/xml_lyd/binary_tree/allreduce_binary_tree_1ch_2tree_4chunk_16node_64gpu.xml successfully.
c198-022:22551:22604 [3] NCCL INFO Parsed MSCCL Algorithm /home1/09168/ldai1/ccl-build/msccl_tools_lyd/examples/xml/xml_lyd/binary_tree/allreduce_binary_tree_1ch_2tree_4chunk_16node_64gpu.xml successfully.
c198-061:11445:11496 [3] NCCL INFO Connected 1 MSCCL algorithms
c198-011:17490:17546 [3] NCCL INFO Parsed MSCCL Algorithm /home1/09168/ldai1/ccl-build/msccl_tools_lyd/examples/xml/xml_lyd/binary_tree/allreduce_binary_tree_1ch_2tree_4chunk_16node_64gpu.xml successfully.
c198-022:22551:22604 [3] NCCL INFO Connected 1 MSCCL algorithms
c198-062:30036:30088 [3] NCCL INFO Parsed MSCCL Algorithm /home1/09168/ldai1/ccl-build/msccl_tools_lyd/examples/xml/xml_lyd/binary_tree/allreduce_binary_tree_1ch_2tree_4chunk_16node_64gpu.xml successfully.
c198-011:17490:17546 [3] NCCL INFO Connected 1 MSCCL algorithms
c198-022:22551:22604 [3] NCCL INFO NCCL_PROTO set by environment to Simple
c198-022:22551:22604 [3] NCCL INFO NCCL_ALGO set by environment to MSCCL,TREE,RING
c198-062:30036:30088 [3] NCCL INFO Connected 1 MSCCL algorithms
c198-061:11445:11496 [3] NCCL INFO NCCL_PROTO set by environment to Simple
c198-011:17490:17546 [3] NCCL INFO NCCL_PROTO set by environment to Simple
c198-011:17490:17546 [3] NCCL INFO NCCL_ALGO set by environment to MSCCL,TREE,RING
c198-022:22551:22604 [3] NCCL INFO threadThresholds 8/8/64 | 512/8/64 | 8/8/64 | 8/8/512
c198-062:30036:30088 [3] NCCL INFO NCCL_PROTO set by environment to Simple
c198-061:11445:11496 [3] NCCL INFO NCCL_ALGO set by environment to MSCCL,TREE,RING
c198-061:11445:11496 [3] NCCL INFO threadThresholds 8/8/64 | 512/8/64 | 8/8/64 | 8/8/512
c198-011:17490:17546 [3] NCCL INFO threadThresholds 8/8/64 | 512/8/64 | 8/8/64 | 8/8/512
c198-022:22551:22604 [3] NCCL INFO 2 coll channels, 2 p2p channels, 2 p2p channels per peer
c198-062:30036:30088 [3] NCCL INFO NCCL_ALGO set by environment to MSCCL,TREE,RING
c198-062:30036:30088 [3] NCCL INFO threadThresholds 8/8/64 | 512/8/64 | 8/8/64 | 8/8/512
c198-042:10055:10106 [3] NCCL INFO Parsed MSCCL Algorithm /home1/09168/ldai1/ccl-build/msccl_tools_lyd/examples/xml/xml_lyd/binary_tree/allreduce_binary_tree_1ch_2tree_4chunk_16node_64gpu.xml successfully.
c198-061:11445:11496 [3] NCCL INFO 2 coll channels, 2 p2p channels, 2 p2p channels per peer
c198-052:18809:18860 [3] NCCL INFO Parsed MSCCL Algorithm /home1/09168/ldai1/ccl-build/msccl_tools_lyd/examples/xml/xml_lyd/binary_tree/allreduce_binary_tree_1ch_2tree_4chunk_16node_64gpu.xml successfully.
c198-011:17490:17546 [3] NCCL INFO 2 coll channels, 2 p2p channels, 2 p2p channels per peer
c198-062:30036:30088 [3] NCCL INFO 2 coll channels, 2 p2p channels, 2 p2p channels per peer
c198-042:10055:10106 [3] NCCL INFO Connected 1 MSCCL algorithms
c198-052:18809:18860 [3] NCCL INFO Connected 1 MSCCL algorithms
c198-042:10055:10106 [3] NCCL INFO NCCL_PROTO set by environment to Simple
c198-052:18809:18860 [3] NCCL INFO NCCL_PROTO set by environment to Simple
c198-012:14543:14593 [3] NCCL INFO Parsed MSCCL Algorithm /home1/09168/ldai1/ccl-build/msccl_tools_lyd/examples/xml/xml_lyd/binary_tree/allreduce_binary_tree_1ch_2tree_4chunk_16node_64gpu.xml successfully.
c198-021:26492:26542 [3] NCCL INFO Parsed MSCCL Algorithm /home1/09168/ldai1/ccl-build/msccl_tools_lyd/examples/xml/xml_lyd/binary_tree/allreduce_binary_tree_1ch_2tree_4chunk_16node_64gpu.xml successfully.
c198-042:10055:10106 [3] NCCL INFO NCCL_ALGO set by environment to MSCCL,TREE,RING
c198-042:10055:10106 [3] NCCL INFO threadThresholds 8/8/64 | 512/8/64 | 8/8/64 | 8/8/512
c198-052:18809:18860 [3] NCCL INFO NCCL_ALGO set by environment to MSCCL,TREE,RING
c198-052:18809:18860 [3] NCCL INFO threadThresholds 8/8/64 | 512/8/64 | 8/8/64 | 8/8/512
c198-012:14543:14593 [3] NCCL INFO Connected 1 MSCCL algorithms
c198-021:26492:26542 [3] NCCL INFO Connected 1 MSCCL algorithms
c198-042:10055:10106 [3] NCCL INFO 2 coll channels, 2 p2p channels, 2 p2p channels per peer
c198-052:18809:18860 [3] NCCL INFO 2 coll channels, 2 p2p channels, 2 p2p channels per peer
c198-012:14543:14593 [3] NCCL INFO NCCL_PROTO set by environment to Simple
c198-012:14543:14593 [3] NCCL INFO NCCL_ALGO set by environment to MSCCL,TREE,RING
c198-012:14543:14593 [3] NCCL INFO threadThresholds 8/8/64 | 512/8/64 | 8/8/64 | 8/8/512
c198-021:26492:26542 [3] NCCL INFO NCCL_PROTO set by environment to Simple
c198-012:14543:14593 [3] NCCL INFO 2 coll channels, 2 p2p channels, 2 p2p channels per peer
c198-072:20814:20867 [3] NCCL INFO Parsed MSCCL Algorithm /home1/09168/ldai1/ccl-build/msccl_tools_lyd/examples/xml/xml_lyd/binary_tree/allreduce_binary_tree_1ch_2tree_4chunk_16node_64gpu.xml successfully.
c198-021:26492:26542 [3] NCCL INFO NCCL_ALGO set by environment to MSCCL,TREE,RING
c198-021:26492:26542 [3] NCCL INFO threadThresholds 8/8/64 | 512/8/64 | 8/8/64 | 8/8/512
c198-072:20814:20867 [3] NCCL INFO Connected 1 MSCCL algorithms
c198-021:26492:26542 [3] NCCL INFO 2 coll channels, 2 p2p channels, 2 p2p channels per peer
c198-072:20814:20867 [3] NCCL INFO NCCL_PROTO set by environment to Simple
c198-072:20814:20867 [3] NCCL INFO NCCL_ALGO set by environment to MSCCL,TREE,RING
c198-072:20814:20867 [3] NCCL INFO threadThresholds 8/8/64 | 512/8/64 | 8/8/64 | 8/8/512
c198-072:20814:20867 [3] NCCL INFO 2 coll channels, 2 p2p channels, 2 p2p channels per peer
c198-032:20676:20728 [3] NCCL INFO Parsed MSCCL Algorithm /home1/09168/ldai1/ccl-build/msccl_tools_lyd/examples/xml/xml_lyd/binary_tree/allreduce_binary_tree_1ch_2tree_4chunk_16node_64gpu.xml successfully.
c196-051:8622:8676 [3] NCCL INFO Parsed MSCCL Algorithm /home1/09168/ldai1/ccl-build/msccl_tools_lyd/examples/xml/xml_lyd/binary_tree/allreduce_binary_tree_1ch_2tree_4chunk_16node_64gpu.xml successfully.
c198-032:20676:20728 [3] NCCL INFO Connected 1 MSCCL algorithms
c198-041:7868:7921 [3] NCCL INFO Parsed MSCCL Algorithm /home1/09168/ldai1/ccl-build/msccl_tools_lyd/examples/xml/xml_lyd/binary_tree/allreduce_binary_tree_1ch_2tree_4chunk_16node_64gpu.xml successfully.
c198-072:20813:20865 [2] NCCL INFO Parsed MSCCL Algorithm /home1/09168/ldai1/ccl-build/msccl_tools_lyd/examples/xml/xml_lyd/binary_tree/allreduce_binary_tree_1ch_2tree_4chunk_16node_64gpu.xml successfully.
c196-051:8622:8676 [3] NCCL INFO Connected 1 MSCCL algorithms
c198-032:20676:20728 [3] NCCL INFO NCCL_PROTO set by environment to Simple
c198-032:20676:20728 [3] NCCL INFO NCCL_ALGO set by environment to MSCCL,TREE,RING
c198-041:7868:7921 [3] NCCL INFO Connected 1 MSCCL algorithms
c198-072:20813:20865 [2] NCCL INFO Connected 1 MSCCL algorithms
c196-051:8622:8676 [3] NCCL INFO NCCL_PROTO set by environment to Simple
c196-051:8622:8676 [3] NCCL INFO NCCL_ALGO set by environment to MSCCL,TREE,RING
c198-032:20676:20728 [3] NCCL INFO threadThresholds 8/8/64 | 512/8/64 | 8/8/64 | 8/8/512
c198-041:7868:7921 [3] NCCL INFO NCCL_PROTO set by environment to Simple
c198-041:7868:7921 [3] NCCL INFO NCCL_ALGO set by environment to MSCCL,TREE,RING
c198-072:20813:20865 [2] NCCL INFO NCCL_PROTO set by environment to Simple
c198-072:20813:20865 [2] NCCL INFO NCCL_ALGO set by environment to MSCCL,TREE,RING
c196-051:8622:8676 [3] NCCL INFO threadThresholds 8/8/64 | 512/8/64 | 8/8/64 | 8/8/512
c198-032:20676:20728 [3] NCCL INFO 2 coll channels, 2 p2p channels, 2 p2p channels per peer
c198-041:7868:7921 [3] NCCL INFO threadThresholds 8/8/64 | 512/8/64 | 8/8/64 | 8/8/512
c198-051:20786:20837 [3] NCCL INFO Parsed MSCCL Algorithm /home1/09168/ldai1/ccl-build/msccl_tools_lyd/examples/xml/xml_lyd/binary_tree/allreduce_binary_tree_1ch_2tree_4chunk_16node_64gpu.xml successfully.
c198-072:20813:20865 [2] NCCL INFO threadThresholds 8/8/64 | 512/8/64 | 8/8/64 | 8/8/512
c196-051:8622:8676 [3] NCCL INFO 2 coll channels, 2 p2p channels, 2 p2p channels per peer
c198-041:7868:7921 [3] NCCL INFO 2 coll channels, 2 p2p channels, 2 p2p channels per peer
c198-072:20813:20865 [2] NCCL INFO 2 coll channels, 2 p2p channels, 2 p2p channels per peer
c198-031:26866:26918 [3] NCCL INFO Parsed MSCCL Algorithm /home1/09168/ldai1/ccl-build/msccl_tools_lyd/examples/xml/xml_lyd/binary_tree/allreduce_binary_tree_1ch_2tree_4chunk_16node_64gpu.xml successfully.
c198-031:26866:26918 [3] NCCL INFO Connected 1 MSCCL algorithms
c198-031:26866:26918 [3] NCCL INFO NCCL_PROTO set by environment to Simple
c198-031:26866:26918 [3] NCCL INFO NCCL_ALGO set by environment to MSCCL,TREE,RING
c198-031:26866:26918 [3] NCCL INFO threadThresholds 8/8/64 | 512/8/64 | 8/8/64 | 8/8/512
c198-031:26866:26918 [3] NCCL INFO 2 coll channels, 2 p2p channels, 2 p2p channels per peer
c198-051:20786:20837 [3] NCCL INFO Connected 1 MSCCL algorithms
c198-051:20786:20837 [3] NCCL INFO NCCL_PROTO set by environment to Simple
c198-051:20786:20837 [3] NCCL INFO NCCL_ALGO set by environment to MSCCL,TREE,RING
c198-051:20786:20837 [3] NCCL INFO threadThresholds 8/8/64 | 512/8/64 | 8/8/64 | 8/8/512
c198-051:20786:20837 [3] NCCL INFO 2 coll channels, 2 p2p channels, 2 p2p channels per peer
c196-042:23690:23746 [2] NCCL INFO Parsed MSCCL Algorithm /home1/09168/ldai1/ccl-build/msccl_tools_lyd/examples/xml/xml_lyd/binary_tree/allreduce_binary_tree_1ch_2tree_4chunk_16node_64gpu.xml successfully.
c196-042:23691:23748 [3] NCCL INFO Parsed MSCCL Algorithm /home1/09168/ldai1/ccl-build/msccl_tools_lyd/examples/xml/xml_lyd/binary_tree/allreduce_binary_tree_1ch_2tree_4chunk_16node_64gpu.xml successfully.
c196-042:23691:23748 [3] NCCL INFO Connected 1 MSCCL algorithms
c196-042:23690:23746 [2] NCCL INFO Connected 1 MSCCL algorithms
c196-042:23690:23746 [2] NCCL INFO NCCL_PROTO set by environment to Simple
c196-042:23690:23746 [2] NCCL INFO NCCL_ALGO set by environment to MSCCL,TREE,RING
c196-042:23691:23748 [3] NCCL INFO NCCL_PROTO set by environment to Simple
c196-042:23691:23748 [3] NCCL INFO NCCL_ALGO set by environment to MSCCL,TREE,RING
c196-042:23691:23748 [3] NCCL INFO threadThresholds 8/8/64 | 512/8/64 | 8/8/64 | 8/8/512
c196-042:23690:23746 [2] NCCL INFO threadThresholds 8/8/64 | 512/8/64 | 8/8/64 | 8/8/512
c196-042:23690:23746 [2] NCCL INFO 2 coll channels, 2 p2p channels, 2 p2p channels per peer
c196-042:23691:23748 [3] NCCL INFO 2 coll channels, 2 p2p channels, 2 p2p channels per peer
c198-071:27202:27265 [0] NCCL INFO Channel 01/0 : 53[3000] -> 56[2000] [receive] via NET/IB/0
c196-042:23688:23741 [0] NCCL INFO Channel 01/0 : 0[2000] -> 4[2000] [send] via NET/IB/0
c198-011:17487:17542 [0] NCCL INFO Channel 01/0 : 5[3000] -> 8[2000] [receive] via NET/IB/0
c198-012:14540:14596 [0] NCCL INFO Channel 00/0 : 8[2000] -> 12[2000] [receive] via NET/IB/0
c198-041:7865:7924 [0] NCCL INFO Channel 01/0 : 32[2000] -> 36[2000] [send] via NET/IB/0
c198-061:11442:11499 [0] NCCL INFO Channel 01/0 : 48[2000] -> 52[2000] [send] via NET/IB/0
c198-042:10052:10111 [0] NCCL INFO Channel 01/0 : 32[2000] -> 36[2000] [receive] via NET/IB/0
c198-022:22548:22608 [0] NCCL INFO Channel 01/0 : 16[2000] -> 20[2000] [receive] via NET/IB/0
c198-072:20811:20871 [0] NCCL INFO Channel 00/0 : 56[2000] -> 60[2000] [receive] via NET/IB/0
c198-052:18806:18865 [0] NCCL INFO Channel 00/0 : 40[2000] -> 44[2000] [receive] via NET/IB/0
c198-021:26489:26547 [0] NCCL INFO Channel 01/0 : 16[2000] -> 20[2000] [send] via NET/IB/0
c198-051:20783:20838 [0] NCCL INFO Channel 01/0 : 37[3000] -> 40[2000] [receive] via NET/IB/0
c198-031:26863:26922 [0] NCCL INFO Channel 01/0 : 21[3000] -> 24[2000] [receive] via NET/IB/0
c198-062:30033:30091 [0] NCCL INFO Channel 01/0 : 48[2000] -> 52[2000] [receive] via NET/IB/0
c196-051:8619:8678 [0] NCCL INFO Channel 01/0 : 0[2000] -> 4[2000] [receive] via NET/IB/0
c198-032:20673:20731 [0] NCCL INFO Channel 00/0 : 24[2000] -> 28[2000] [receive] via NET/IB/0
c198-021:26489:26547 [0] NCCL INFO Channel 00/0 : 16[2000] -> 24[2000] [send] via NET/IB/0
c198-041:7865:7924 [0] NCCL INFO Channel 00/0 : 32[2000] -> 48[2000] [send] via NET/IB/0
c196-051:8620:8680 [1] NCCL INFO Channel 01/0 : 8[2000] -> 5[3000] [receive] via NET/IB/0
c198-071:27202:27265 [0] NCCL INFO Channel 00/0 : 56[2000] -> 60[2000] [send] via NET/IB/0
c198-062:30034:30092 [1] NCCL INFO Channel 01/0 : 56[2000] -> 53[3000] [receive] via NET/IB/0
c198-011:17487:17542 [0] NCCL INFO Channel 00/0 : 8[2000] -> 12[2000] [send] via NET/IB/0
c198-061:11442:11499 [0] NCCL INFO Channel 00/0 : 48[2000] -> 56[2000] [send] via NET/IB/0
c198-031:26863:26922 [0] NCCL INFO Channel 00/0 : 24[2000] -> 28[2000] [send] via NET/IB/0
c196-042:23688:23741 [0] NCCL INFO Channel 00/0 : 32[2000] -> 0[2000] [receive] via NET/IB/0
c198-062:30033:30091 [0] NCCL INFO Channel 00/0 : 52[2000] -> 57[3000] [send] via NET/IB/0
c196-051:8619:8678 [0] NCCL INFO Channel 00/0 : 4[2000] -> 9[3000] [send] via NET/IB/0
c198-022:22549:22606 [1] NCCL INFO Channel 01/0 : 24[2000] -> 21[3000] [receive] via NET/IB/0
c198-042:10052:10111 [0] NCCL INFO Channel 00/0 : 36[2000] -> 41[3000] [send] via NET/IB/0
c198-051:20783:20838 [0] NCCL INFO Channel 00/0 : 40[2000] -> 44[2000] [send] via NET/IB/0
c198-022:22548:22608 [0] NCCL INFO Channel 00/0 : 20[2000] -> 25[3000] [send] via NET/IB/0
c198-042:10053:10109 [1] NCCL INFO Channel 01/0 : 40[2000] -> 37[3000] [receive] via NET/IB/0
c196-042:23688:23741 [0] NCCL INFO Channel 00/0 : 0[2000] -> 32[2000] [send] via NET/IB/0
c198-071:27202:27265 [0] NCCL INFO Channel 00/0 : 48[2000] -> 56[2000] [receive] via NET/IB/0
c198-072:20811:20871 [0] NCCL INFO Channel 01/0 : 28[2000] -> 60[2000] [receive] via NET/IB/0
c198-011:17487:17542 [0] NCCL INFO Channel 00/0 : 8[2000] -> 17[3000] [send] via NET/IB/0
c198-031:26863:26922 [0] NCCL INFO Channel 00/0 : 16[2000] -> 24[2000] [receive] via NET/IB/0
c198-062:30033:30091 [0] NCCL INFO Channel 01/0 : 45[3000] -> 52[2000] [receive] via NET/IB/0
c198-071:27203:27266 [1] NCCL INFO Channel 00/0 : 57[3000] -> 52[2000] [send] via NET/IB/0
c196-051:8619:8678 [0] NCCL INFO Channel 01/0 : 4[2000] -> 12[2000] [send] via NET/IB/0
c198-022:22548:22608 [0] NCCL INFO Channel 01/0 : 13[3000] -> 20[2000] [receive] via NET/IB/0
c198-051:20783:20838 [0] NCCL INFO Channel 00/0 : 40[2000] -> 49[3000] [send] via NET/IB/0
c198-032:20673:20731 [0] NCCL INFO Channel 01/0 : 12[2000] -> 28[2000] [receive] via NET/IB/0
c198-052:18806:18865 [0] NCCL INFO Channel 01/0 : 36[2000] -> 44[2000] [receive] via NET/IB/0
c198-051:20784:20842 [1] NCCL INFO Channel 00/0 : 41[3000] -> 36[2000] [send] via NET/IB/0
c198-011:17488:17544 [1] NCCL INFO Channel 00/0 : 9[3000] -> 4[2000] [send] via NET/IB/0
c198-031:26864:26921 [1] NCCL INFO Channel 00/0 : 25[3000] -> 20[2000] [send] via NET/IB/0
c198-012:14540:14596 [0] NCCL INFO Channel 01/0 : 4[2000] -> 12[2000] [receive] via NET/IB/0
c198-042:10052:10111 [0] NCCL INFO Channel 01/0 : 36[2000] -> 44[2000] [send] via NET/IB/0
c198-072:20811:20871 [0] NCCL INFO Channel 01/0 : 60[2000] -> 28[2000] [send] via NET/IB/0
c198-061:11442:11499 [0] NCCL INFO Channel 00/0 : 32[2000] -> 48[2000] [receive] via NET/IB/0
c198-071:27202:27265 [0] NCCL INFO Channel 00/0 : 56[2000] -> 48[2000] [send] via NET/IB/0
c198-011:17487:17542 [0] NCCL INFO Channel 00/0 : 17[3000] -> 8[2000] [receive] via NET/IB/0
c198-052:18807:18862 [1] NCCL INFO Channel 01/0 : 52[2000] -> 45[3000] [receive] via NET/IB/0
c198-051:20783:20838 [0] NCCL INFO Channel 00/0 : 49[3000] -> 40[2000] [receive] via NET/IB/0
c198-031:26863:26922 [0] NCCL INFO Channel 00/0 : 24[2000] -> 16[2000] [send] via NET/IB/0
c198-021:26489:26547 [0] NCCL INFO Channel 00/0 : 16[2000] -> 33[3000] [send] via NET/IB/0
c198-021:26490:26546 [1] NCCL INFO Channel 00/0 : 17[3000] -> 8[2000] [send] via NET/IB/0
c198-062:30033:30091 [0] NCCL INFO Channel 01/0 : 52[2000] -> 45[3000] [send] via NET/IB/0
c198-061:11443:11501 [1] NCCL INFO Channel 00/0 : 49[3000] -> 40[2000] [send] via NET/IB/0
c198-022:22548:22608 [0] NCCL INFO Channel 01/0 : 20[2000] -> 13[3000] [send] via NET/IB/0
c198-012:14541:14599 [1] NCCL INFO Channel 01/0 : 20[2000] -> 13[3000] [receive] via NET/IB/0
c196-051:8619:8678 [0] NCCL INFO Channel 01/0 : 12[2000] -> 4[2000] [receive] via NET/IB/0
c198-052:18806:18865 [0] NCCL INFO Channel 01/0 : 29[3000] -> 44[2000] [receive] via NET/IB/0
c198-042:10052:10111 [0] NCCL INFO Channel 01/0 : 44[2000] -> 36[2000] [receive] via NET/IB/0
c198-012:14540:14596 [0] NCCL INFO Channel 01/0 : 12[2000] -> 28[2000] [send] via NET/IB/0
c198-061:11443:11501 [1] NCCL INFO Channel 00 : 49[3000] -> 48[2000] via direct shared memory
c198-061:11443:11501 [1] NCCL INFO Channel 01 : 49[3000] -> 48[2000] via direct shared memory
c198-052:18807:18862 [1] NCCL INFO Channel 00 : 45[3000] -> 44[2000] via direct shared memory
c198-021:26490:26546 [1] NCCL INFO Channel 00 : 17[3000] -> 16[2000] via direct shared memory
c198-052:18807:18862 [1] NCCL INFO Channel 01 : 45[3000] -> 44[2000] via direct shared memory
c198-021:26490:26546 [1] NCCL INFO Channel 01 : 17[3000] -> 16[2000] via direct shared memory
c198-012:14541:14599 [1] NCCL INFO Channel 00 : 13[3000] -> 12[2000] via direct shared memory
c198-012:14541:14599 [1] NCCL INFO Channel 01 : 13[3000] -> 12[2000] via direct shared memory
c198-061:11444:11497 [2] NCCL INFO Connected all trees
c198-061:11444:11497 [2] NCCL INFO MSCCL_XML_FILES set by environment to /home1/09168/ldai1/ccl-build/msccl_tools_lyd/examples/xml/xml_lyd/binary_tree/allreduce_binary_tree_1ch_2tree_4chunk_16node_64gpu.xml
c198-061:11444:11497 [2] NCCL INFO MSCCL: Parsing algorithm /home1/09168/ldai1/ccl-build/msccl_tools_lyd/examples/xml/xml_lyd/binary_tree/allreduce_binary_tree_1ch_2tree_4chunk_16node_64gpu.xml
c198-021:26491:26548 [2] NCCL INFO Connected all trees
c198-021:26491:26548 [2] NCCL INFO MSCCL_XML_FILES set by environment to /home1/09168/ldai1/ccl-build/msccl_tools_lyd/examples/xml/xml_lyd/binary_tree/allreduce_binary_tree_1ch_2tree_4chunk_16node_64gpu.xml
c198-052:18808:18863 [2] NCCL INFO Connected all trees
c198-052:18808:18863 [2] NCCL INFO MSCCL_XML_FILES set by environment to /home1/09168/ldai1/ccl-build/msccl_tools_lyd/examples/xml/xml_lyd/binary_tree/allreduce_binary_tree_1ch_2tree_4chunk_16node_64gpu.xml
c198-052:18808:18863 [2] NCCL INFO MSCCL: Parsing algorithm /home1/09168/ldai1/ccl-build/msccl_tools_lyd/examples/xml/xml_lyd/binary_tree/allreduce_binary_tree_1ch_2tree_4chunk_16node_64gpu.xml
c198-021:26491:26548 [2] NCCL INFO MSCCL: Parsing algorithm /home1/09168/ldai1/ccl-build/msccl_tools_lyd/examples/xml/xml_lyd/binary_tree/allreduce_binary_tree_1ch_2tree_4chunk_16node_64gpu.xml
c198-012:14542:14598 [2] NCCL INFO Connected all trees
c198-012:14542:14598 [2] NCCL INFO MSCCL_XML_FILES set by environment to /home1/09168/ldai1/ccl-build/msccl_tools_lyd/examples/xml/xml_lyd/binary_tree/allreduce_binary_tree_1ch_2tree_4chunk_16node_64gpu.xml
c198-012:14542:14598 [2] NCCL INFO MSCCL: Parsing algorithm /home1/09168/ldai1/ccl-build/msccl_tools_lyd/examples/xml/xml_lyd/binary_tree/allreduce_binary_tree_1ch_2tree_4chunk_16node_64gpu.xml
c198-052:18808:18863 [2] NCCL INFO Parsed MSCCL Algorithm /home1/09168/ldai1/ccl-build/msccl_tools_lyd/examples/xml/xml_lyd/binary_tree/allreduce_binary_tree_1ch_2tree_4chunk_16node_64gpu.xml successfully.
c198-052:18808:18863 [2] NCCL INFO Connected 1 MSCCL algorithms
c198-052:18808:18863 [2] NCCL INFO NCCL_PROTO set by environment to Simple
c198-052:18808:18863 [2] NCCL INFO NCCL_ALGO set by environment to MSCCL,TREE,RING
c198-052:18808:18863 [2] NCCL INFO threadThresholds 8/8/64 | 512/8/64 | 8/8/64 | 8/8/512
c198-052:18808:18863 [2] NCCL INFO 2 coll channels, 2 p2p channels, 2 p2p channels per peer
c198-061:11444:11497 [2] NCCL INFO Parsed MSCCL Algorithm /home1/09168/ldai1/ccl-build/msccl_tools_lyd/examples/xml/xml_lyd/binary_tree/allreduce_binary_tree_1ch_2tree_4chunk_16node_64gpu.xml successfully.
c198-061:11444:11497 [2] NCCL INFO Connected 1 MSCCL algorithms
c198-061:11444:11497 [2] NCCL INFO NCCL_PROTO set by environment to Simple
c198-061:11444:11497 [2] NCCL INFO NCCL_ALGO set by environment to MSCCL,TREE,RING
c198-061:11444:11497 [2] NCCL INFO threadThresholds 8/8/64 | 512/8/64 | 8/8/64 | 8/8/512
c198-061:11444:11497 [2] NCCL INFO 2 coll channels, 2 p2p channels, 2 p2p channels per peer
c198-021:26491:26548 [2] NCCL INFO Parsed MSCCL Algorithm /home1/09168/ldai1/ccl-build/msccl_tools_lyd/examples/xml/xml_lyd/binary_tree/allreduce_binary_tree_1ch_2tree_4chunk_16node_64gpu.xml successfully.
c198-021:26491:26548 [2] NCCL INFO Connected 1 MSCCL algorithms
c198-021:26491:26548 [2] NCCL INFO NCCL_PROTO set by environment to Simple
c198-021:26491:26548 [2] NCCL INFO NCCL_ALGO set by environment to MSCCL,TREE,RING
c198-021:26491:26548 [2] NCCL INFO threadThresholds 8/8/64 | 512/8/64 | 8/8/64 | 8/8/512
c198-021:26491:26548 [2] NCCL INFO 2 coll channels, 2 p2p channels, 2 p2p channels per peer
c198-012:14542:14598 [2] NCCL INFO Parsed MSCCL Algorithm /home1/09168/ldai1/ccl-build/msccl_tools_lyd/examples/xml/xml_lyd/binary_tree/allreduce_binary_tree_1ch_2tree_4chunk_16node_64gpu.xml successfully.
c198-012:14542:14598 [2] NCCL INFO Connected 1 MSCCL algorithms
c198-012:14542:14598 [2] NCCL INFO NCCL_PROTO set by environment to Simple
c198-012:14542:14598 [2] NCCL INFO NCCL_ALGO set by environment to MSCCL,TREE,RING
c198-012:14542:14598 [2] NCCL INFO threadThresholds 8/8/64 | 512/8/64 | 8/8/64 | 8/8/512
c198-012:14542:14598 [2] NCCL INFO 2 coll channels, 2 p2p channels, 2 p2p channels per peer
c198-041:7865:7924 [0] NCCL INFO Channel 00/0 : 0[2000] -> 32[2000] [receive] via NET/IB/0
c198-061:11442:11499 [0] NCCL INFO Channel 00/0 : 48[2000] -> 32[2000] [send] via NET/IB/0
c198-062:30033:30091 [0] NCCL INFO Channel 00/0 : 57[3000] -> 52[2000] [receive] via NET/IB/0
c198-021:26489:26547 [0] NCCL INFO Channel 00/0 : 33[3000] -> 16[2000] [receive] via NET/IB/0
c198-041:7866:7922 [1] NCCL INFO Channel 00/0 : 33[3000] -> 16[2000] [send] via NET/IB/0
c198-011:17487:17542 [0] NCCL INFO Channel 00/0 : 12[2000] -> 8[2000] [receive] via NET/IB/0
c198-051:20783:20838 [0] NCCL INFO Channel 00/0 : 44[2000] -> 40[2000] [receive] via NET/IB/0
c198-022:22548:22608 [0] NCCL INFO Channel 00/0 : 25[3000] -> 20[2000] [receive] via NET/IB/0
c198-052:18806:18865 [0] NCCL INFO Channel 01/0 : 44[2000] -> 29[3000] [send] via NET/IB/0
c198-032:20674:20732 [1] NCCL INFO Channel 01/0 : 44[2000] -> 29[3000] [receive] via NET/IB/0
c198-032:20673:20731 [0] NCCL INFO Channel 01/0 : 60[2000] -> 28[2000] [receive] via NET/IB/0
c198-012:14540:14596 [0] NCCL INFO Channel 01/0 : 28[2000] -> 12[2000] [receive] via NET/IB/0
c198-071:27203:27266 [1] NCCL INFO Channel 00 : 57[3000] -> 56[2000] via direct shared memory
c198-071:27203:27266 [1] NCCL INFO Channel 01 : 57[3000] -> 56[2000] via direct shared memory
c198-041:7866:7922 [1] NCCL INFO Channel 00 : 33[3000] -> 32[2000] via direct shared memory
c198-041:7866:7922 [1] NCCL INFO Channel 01 : 33[3000] -> 32[2000] via direct shared memory
c198-071:27204:27260 [2] NCCL INFO Connected all trees
c198-071:27204:27260 [2] NCCL INFO MSCCL_XML_FILES set by environment to /home1/09168/ldai1/ccl-build/msccl_tools_lyd/examples/xml/xml_lyd/binary_tree/allreduce_binary_tree_1ch_2tree_4chunk_16node_64gpu.xml
c198-071:27204:27260 [2] NCCL INFO MSCCL: Parsing algorithm /home1/09168/ldai1/ccl-build/msccl_tools_lyd/examples/xml/xml_lyd/binary_tree/allreduce_binary_tree_1ch_2tree_4chunk_16node_64gpu.xml
c198-041:7867:7919 [2] NCCL INFO Connected all trees
c198-041:7867:7919 [2] NCCL INFO MSCCL_XML_FILES set by environment to /home1/09168/ldai1/ccl-build/msccl_tools_lyd/examples/xml/xml_lyd/binary_tree/allreduce_binary_tree_1ch_2tree_4chunk_16node_64gpu.xml
c198-041:7867:7919 [2] NCCL INFO MSCCL: Parsing algorithm /home1/09168/ldai1/ccl-build/msccl_tools_lyd/examples/xml/xml_lyd/binary_tree/allreduce_binary_tree_1ch_2tree_4chunk_16node_64gpu.xml
c198-031:26864:26921 [1] NCCL INFO Channel 00 : 25[3000] -> 24[2000] via direct shared memory
c198-031:26864:26921 [1] NCCL INFO Channel 01 : 25[3000] -> 24[2000] via direct shared memory
c198-032:20674:20732 [1] NCCL INFO Channel 00 : 29[3000] -> 28[2000] via direct shared memory
c198-032:20674:20732 [1] NCCL INFO Channel 01 : 29[3000] -> 28[2000] via direct shared memory
c198-031:26865:26917 [2] NCCL INFO Connected all trees
c198-031:26865:26917 [2] NCCL INFO MSCCL_XML_FILES set by environment to /home1/09168/ldai1/ccl-build/msccl_tools_lyd/examples/xml/xml_lyd/binary_tree/allreduce_binary_tree_1ch_2tree_4chunk_16node_64gpu.xml
c198-031:26865:26917 [2] NCCL INFO MSCCL: Parsing algorithm /home1/09168/ldai1/ccl-build/msccl_tools_lyd/examples/xml/xml_lyd/binary_tree/allreduce_binary_tree_1ch_2tree_4chunk_16node_64gpu.xml
c198-032:20675:20726 [2] NCCL INFO Connected all trees
c198-032:20675:20726 [2] NCCL INFO MSCCL_XML_FILES set by environment to /home1/09168/ldai1/ccl-build/msccl_tools_lyd/examples/xml/xml_lyd/binary_tree/allreduce_binary_tree_1ch_2tree_4chunk_16node_64gpu.xml
c198-032:20675:20726 [2] NCCL INFO MSCCL: Parsing algorithm /home1/09168/ldai1/ccl-build/msccl_tools_lyd/examples/xml/xml_lyd/binary_tree/allreduce_binary_tree_1ch_2tree_4chunk_16node_64gpu.xml
c198-071:27204:27260 [2] NCCL INFO Parsed MSCCL Algorithm /home1/09168/ldai1/ccl-build/msccl_tools_lyd/examples/xml/xml_lyd/binary_tree/allreduce_binary_tree_1ch_2tree_4chunk_16node_64gpu.xml successfully.
c198-071:27204:27260 [2] NCCL INFO Connected 1 MSCCL algorithms
c198-071:27204:27260 [2] NCCL INFO NCCL_PROTO set by environment to Simple
c198-071:27204:27260 [2] NCCL INFO NCCL_ALGO set by environment to MSCCL,TREE,RING
c198-071:27204:27260 [2] NCCL INFO threadThresholds 8/8/64 | 512/8/64 | 8/8/64 | 8/8/512
c198-071:27204:27260 [2] NCCL INFO 2 coll channels, 2 p2p channels, 2 p2p channels per peer
c198-041:7867:7919 [2] NCCL INFO Parsed MSCCL Algorithm /home1/09168/ldai1/ccl-build/msccl_tools_lyd/examples/xml/xml_lyd/binary_tree/allreduce_binary_tree_1ch_2tree_4chunk_16node_64gpu.xml successfully.
c198-041:7867:7919 [2] NCCL INFO Connected 1 MSCCL algorithms
c198-041:7867:7919 [2] NCCL INFO NCCL_PROTO set by environment to Simple
c198-041:7867:7919 [2] NCCL INFO NCCL_ALGO set by environment to MSCCL,TREE,RING
c198-041:7867:7919 [2] NCCL INFO threadThresholds 8/8/64 | 512/8/64 | 8/8/64 | 8/8/512
c198-041:7867:7919 [2] NCCL INFO 2 coll channels, 2 p2p channels, 2 p2p channels per peer
c198-041:7865:7924 [0] NCCL INFO Channel 00/0 : 32[2000] -> 0[2000] [send] via NET/IB/0
c198-032:20675:20726 [2] NCCL INFO Parsed MSCCL Algorithm /home1/09168/ldai1/ccl-build/msccl_tools_lyd/examples/xml/xml_lyd/binary_tree/allreduce_binary_tree_1ch_2tree_4chunk_16node_64gpu.xml successfully.
c198-032:20675:20726 [2] NCCL INFO Connected 1 MSCCL algorithms
c198-032:20675:20726 [2] NCCL INFO NCCL_PROTO set by environment to Simple
c198-032:20675:20726 [2] NCCL INFO NCCL_ALGO set by environment to MSCCL,TREE,RING
c198-032:20675:20726 [2] NCCL INFO threadThresholds 8/8/64 | 512/8/64 | 8/8/64 | 8/8/512
c198-032:20675:20726 [2] NCCL INFO 2 coll channels, 2 p2p channels, 2 p2p channels per peer
c198-031:26865:26917 [2] NCCL INFO Parsed MSCCL Algorithm /home1/09168/ldai1/ccl-build/msccl_tools_lyd/examples/xml/xml_lyd/binary_tree/allreduce_binary_tree_1ch_2tree_4chunk_16node_64gpu.xml successfully.
c198-031:26865:26917 [2] NCCL INFO Connected 1 MSCCL algorithms
c198-031:26865:26917 [2] NCCL INFO NCCL_PROTO set by environment to Simple
c198-031:26865:26917 [2] NCCL INFO NCCL_ALGO set by environment to MSCCL,TREE,RING
c198-031:26865:26917 [2] NCCL INFO threadThresholds 8/8/64 | 512/8/64 | 8/8/64 | 8/8/512
c198-031:26865:26917 [2] NCCL INFO 2 coll channels, 2 p2p channels, 2 p2p channels per peer
c198-062:30033:30091 [0] NCCL INFO Channel 01/0 : 52[2000] -> 48[2000] [send] via NET/IB/0
c198-021:26489:26547 [0] NCCL INFO Channel 00/0 : 24[2000] -> 16[2000] [receive] via NET/IB/0
c198-032:20673:20731 [0] NCCL INFO Channel 01/0 : 28[2000] -> 60[2000] [send] via NET/IB/0
