TACC:  Starting up job 6207112 
TACC:  Starting parallel tasks... 
# nThread 1 nGpus 1 minBytes 65536 maxBytes 268435456 step: 2(factor) warmup iters: 5 iters: 60 agg iters: 1 validation: 1 graph: 0
#
# Using devices
#  Rank  0 Group  0 Pid   2885 on   c198-061 device  0 [0x02] Quadro RTX 5000
#  Rank  1 Group  0 Pid   2886 on   c198-061 device  1 [0x03] Quadro RTX 5000
#  Rank  2 Group  0 Pid   2887 on   c198-061 device  2 [0x82] Quadro RTX 5000
#  Rank  3 Group  0 Pid   2888 on   c198-061 device  3 [0x83] Quadro RTX 5000
#  Rank  4 Group  0 Pid  21675 on   c198-062 device  0 [0x02] Quadro RTX 5000
#  Rank  5 Group  0 Pid  21676 on   c198-062 device  1 [0x03] Quadro RTX 5000
#  Rank  6 Group  0 Pid  21677 on   c198-062 device  2 [0x82] Quadro RTX 5000
#  Rank  7 Group  0 Pid  21678 on   c198-062 device  3 [0x83] Quadro RTX 5000
#  Rank  8 Group  0 Pid   9235 on   c198-071 device  0 [0x02] Quadro RTX 5000
#  Rank  9 Group  0 Pid   9236 on   c198-071 device  1 [0x03] Quadro RTX 5000
#  Rank 10 Group  0 Pid   9237 on   c198-071 device  2 [0x82] Quadro RTX 5000
#  Rank 11 Group  0 Pid   9238 on   c198-071 device  3 [0x83] Quadro RTX 5000
#  Rank 12 Group  0 Pid   2826 on   c198-072 device  0 [0x02] Quadro RTX 5000
#  Rank 13 Group  0 Pid   2827 on   c198-072 device  1 [0x03] Quadro RTX 5000
#  Rank 14 Group  0 Pid   2828 on   c198-072 device  2 [0x82] Quadro RTX 5000
#  Rank 15 Group  0 Pid   2829 on   c198-072 device  3 [0x83] Quadro RTX 5000
The MSCCL XML file exists: /home1/09168/ldai1/ccl-build/msccl_tools_lyd/examples/xml/xml_lyd/binary_tree/allreduce_binary_tree_1ch_2tree_16chunk_4node_16gpu.xml
c198-061:2885:2885 [0] NCCL INFO Bootstrap : Using ib0:192.168.44.155<0>
c198-061:2885:2885 [0] NCCL INFO NET/Plugin : No plugin found (libnccl-net.so), using internal implementation
c198-061:2885:2885 [0] NCCL INFO NET/IB : Using [0]mlx4_0:1/IB [RO]; OOB ib0:192.168.44.155<0>
c198-061:2885:2885 [0] NCCL INFO Using network IB
NCCL version 2.12.12.MSCCL.0.7.4+cuda11.3
c198-061:2887:2887 [2] NCCL INFO Bootstrap : Using ib0:192.168.44.155<0>
c198-061:2888:2888 [3] NCCL INFO Bootstrap : Using ib0:192.168.44.155<0>
c198-061:2887:2887 [2] NCCL INFO NET/Plugin : No plugin found (libnccl-net.so), using internal implementation
c198-061:2888:2888 [3] NCCL INFO NET/Plugin : No plugin found (libnccl-net.so), using internal implementation
c198-061:2887:2887 [2] NCCL INFO NET/IB : Using [0]mlx4_0:1/IB [RO]; OOB ib0:192.168.44.155<0>
c198-061:2887:2887 [2] NCCL INFO Using network IB
c198-061:2888:2888 [3] NCCL INFO NET/IB : Using [0]mlx4_0:1/IB [RO]; OOB ib0:192.168.44.155<0>
c198-061:2888:2888 [3] NCCL INFO Using network IB
c198-061:2886:2886 [1] NCCL INFO Bootstrap : Using ib0:192.168.44.155<0>
c198-061:2886:2886 [1] NCCL INFO NET/Plugin : No plugin found (libnccl-net.so), using internal implementation
c198-061:2886:2886 [1] NCCL INFO NET/IB : Using [0]mlx4_0:1/IB [RO]; OOB ib0:192.168.44.155<0>
c198-061:2886:2886 [1] NCCL INFO Using network IB
c198-071:9238:9238 [3] NCCL INFO Bootstrap : Using ib0:192.168.44.157<0>
c198-071:9238:9238 [3] NCCL INFO NET/Plugin : No plugin found (libnccl-net.so), using internal implementation
c198-071:9238:9238 [3] NCCL INFO NET/IB : Using [0]mlx4_0:1/IB [RO]; OOB ib0:192.168.44.157<0>
c198-071:9238:9238 [3] NCCL INFO Using network IB
c198-062:21677:21677 [2] NCCL INFO Bootstrap : Using ib0:192.168.44.156<0>
c198-062:21678:21678 [3] NCCL INFO Bootstrap : Using ib0:192.168.44.156<0>
c198-062:21677:21677 [2] NCCL INFO NET/Plugin : No plugin found (libnccl-net.so), using internal implementation
c198-062:21678:21678 [3] NCCL INFO NET/Plugin : No plugin found (libnccl-net.so), using internal implementation
c198-072:2827:2827 [1] NCCL INFO Bootstrap : Using ib0:192.168.44.158<0>
c198-072:2828:2828 [2] NCCL INFO Bootstrap : Using ib0:192.168.44.158<0>
c198-072:2826:2826 [0] NCCL INFO Bootstrap : Using ib0:192.168.44.158<0>
c198-072:2826:2826 [0] NCCL INFO NET/Plugin : No plugin found (libnccl-net.so), using internal implementation
c198-072:2827:2827 [1] NCCL INFO NET/Plugin : No plugin found (libnccl-net.so), using internal implementation
c198-072:2828:2828 [2] NCCL INFO NET/Plugin : No plugin found (libnccl-net.so), using internal implementation
c198-062:21678:21678 [3] NCCL INFO NET/IB : Using [0]mlx4_0:1/IB [RO]; OOB ib0:192.168.44.156<0>
c198-062:21678:21678 [3] NCCL INFO Using network IB
c198-062:21677:21677 [2] NCCL INFO NET/IB : Using [0]mlx4_0:1/IB [RO]; OOB ib0:192.168.44.156<0>
c198-062:21677:21677 [2] NCCL INFO Using network IB
c198-072:2829:2829 [3] NCCL INFO Bootstrap : Using ib0:192.168.44.158<0>
c198-072:2829:2829 [3] NCCL INFO NET/Plugin : No plugin found (libnccl-net.so), using internal implementation
c198-062:21675:21675 [0] NCCL INFO Bootstrap : Using ib0:192.168.44.156<0>
c198-072:2827:2827 [1] NCCL INFO NET/IB : Using [0]mlx4_0:1/IB [RO]; OOB ib0:192.168.44.158<0>
c198-072:2827:2827 [1] NCCL INFO Using network IB
c198-062:21675:21675 [0] NCCL INFO NET/Plugin : No plugin found (libnccl-net.so), using internal implementation
c198-072:2828:2828 [2] NCCL INFO NET/IB : Using [0]mlx4_0:1/IB [RO]; OOB ib0:192.168.44.158<0>
c198-072:2828:2828 [2] NCCL INFO Using network IB
c198-072:2826:2826 [0] NCCL INFO NET/IB : Using [0]mlx4_0:1/IB [RO]; OOB ib0:192.168.44.158<0>
c198-072:2826:2826 [0] NCCL INFO Using network IB
c198-072:2829:2829 [3] NCCL INFO NET/IB : Using [0]mlx4_0:1/IB [RO]; OOB ib0:192.168.44.158<0>
c198-072:2829:2829 [3] NCCL INFO Using network IB
c198-062:21675:21675 [0] NCCL INFO NET/IB : Using [0]mlx4_0:1/IB [RO]; OOB ib0:192.168.44.156<0>
c198-062:21675:21675 [0] NCCL INFO Using network IB
c198-062:21676:21676 [1] NCCL INFO Bootstrap : Using ib0:192.168.44.156<0>
c198-062:21676:21676 [1] NCCL INFO NET/Plugin : No plugin found (libnccl-net.so), using internal implementation
c198-062:21676:21676 [1] NCCL INFO NET/IB : Using [0]mlx4_0:1/IB [RO]; OOB ib0:192.168.44.156<0>
c198-062:21676:21676 [1] NCCL INFO Using network IB
c198-071:9237:9237 [2] NCCL INFO Bootstrap : Using ib0:192.168.44.157<0>
c198-071:9237:9237 [2] NCCL INFO NET/Plugin : No plugin found (libnccl-net.so), using internal implementation
c198-071:9237:9237 [2] NCCL INFO NET/IB : Using [0]mlx4_0:1/IB [RO]; OOB ib0:192.168.44.157<0>
c198-071:9237:9237 [2] NCCL INFO Using network IB
c198-071:9236:9236 [1] NCCL INFO Bootstrap : Using ib0:192.168.44.157<0>
c198-071:9236:9236 [1] NCCL INFO NET/Plugin : No plugin found (libnccl-net.so), using internal implementation
c198-071:9236:9236 [1] NCCL INFO NET/IB : Using [0]mlx4_0:1/IB [RO]; OOB ib0:192.168.44.157<0>
c198-071:9236:9236 [1] NCCL INFO Using network IB
c198-071:9235:9235 [0] NCCL INFO Bootstrap : Using ib0:192.168.44.157<0>
c198-071:9235:9235 [0] NCCL INFO NET/Plugin : No plugin found (libnccl-net.so), using internal implementation
c198-071:9235:9235 [0] NCCL INFO NET/IB : Using [0]mlx4_0:1/IB [RO]; OOB ib0:192.168.44.157<0>
c198-071:9235:9235 [0] NCCL INFO Using network IB
c198-061:2885:2917 [0] NCCL INFO Setting affinity for GPU 0 to 0f000f
c198-061:2888:2924 [3] NCCL INFO Setting affinity for GPU 3 to f000f000
c198-061:2887:2923 [2] NCCL INFO Setting affinity for GPU 2 to 0f000f00
c198-062:21677:21710 [2] NCCL INFO Setting affinity for GPU 2 to 0f000f00
c198-062:21678:21709 [3] NCCL INFO Setting affinity for GPU 3 to f000f000
c198-072:2828:2865 [2] NCCL INFO Setting affinity for GPU 2 to 0f000f00
c198-072:2829:2868 [3] NCCL INFO Setting affinity for GPU 3 to f000f000
c198-071:9237:9271 [2] NCCL INFO Setting affinity for GPU 2 to 0f000f00
c198-062:21675:21712 [0] NCCL INFO Setting affinity for GPU 0 to 0f000f
c198-061:2886:2926 [1] NCCL INFO Setting affinity for GPU 1 to f000f0
c198-071:9238:9269 [3] NCCL INFO Setting affinity for GPU 3 to f000f000
c198-062:21676:21714 [1] NCCL INFO Setting affinity for GPU 1 to f000f0
c198-072:2826:2866 [0] NCCL INFO Setting affinity for GPU 0 to 0f000f
c198-072:2827:2861 [1] NCCL INFO Setting affinity for GPU 1 to f000f0
c198-071:9235:9275 [0] NCCL INFO Setting affinity for GPU 0 to 0f000f
c198-071:9236:9273 [1] NCCL INFO Setting affinity for GPU 1 to f000f0
c198-071:9236:9273 [1] NCCL INFO Trees [0] 10/4/-1->9->8 [1] 10/-1/-1->9->8
c198-071:9238:9269 [3] NCCL INFO Trees [0] -1/-1/-1->11->10 [1] -1/-1/-1->11->10
c198-061:2885:2917 [0] NCCL INFO Channel 00/02 :    0   1   2   3   4   5   6   7   8   9  10  11  12  13  14  15
c198-061:2885:2917 [0] NCCL INFO Channel 01/02 :    0   1   2   3   4   5   6   7   8   9  10  11  12  13  14  15
c198-072:2826:2866 [0] NCCL INFO Trees [0] 13/-1/-1->12->8 [1] 13/4/-1->12->-1
c198-071:9237:9271 [2] NCCL INFO Trees [0] 11/-1/-1->10->9 [1] 11/-1/-1->10->9
c198-062:21677:21710 [2] NCCL INFO Trees [0] 7/-1/-1->6->5 [1] 7/-1/-1->6->5
c198-061:2886:2926 [1] NCCL INFO Trees [0] 2/-1/-1->1->0 [1] 2/-1/-1->1->0
c198-072:2827:2861 [1] NCCL INFO Trees [0] 14/-1/-1->13->12 [1] 14/-1/-1->13->12
c198-071:9235:9275 [0] NCCL INFO Trees [0] 9/12/-1->8->0 [1] 9/-1/-1->8->5
c198-062:21678:21709 [3] NCCL INFO Trees [0] -1/-1/-1->7->6 [1] -1/-1/-1->7->6
c198-061:2888:2924 [3] NCCL INFO Trees [0] -1/-1/-1->3->2 [1] -1/-1/-1->3->2
c198-072:2829:2868 [3] NCCL INFO Trees [0] -1/-1/-1->15->14 [1] -1/-1/-1->15->14
c198-062:21676:21714 [1] NCCL INFO Trees [0] 6/-1/-1->5->4 [1] 6/8/-1->5->4
c198-061:2885:2917 [0] NCCL INFO Trees [0] 1/8/-1->0->-1 [1] 1/-1/-1->0->4
c198-072:2828:2865 [2] NCCL INFO Trees [0] 15/-1/-1->14->13 [1] 15/-1/-1->14->13
c198-062:21675:21712 [0] NCCL INFO Trees [0] 5/-1/-1->4->9 [1] 5/0/-1->4->12
c198-061:2887:2923 [2] NCCL INFO Trees [0] 3/-1/-1->2->1 [1] 3/-1/-1->2->1
c198-061:2885:2917 [0] NCCL INFO Channel 00/0 : 15[83000] -> 0[2000] [receive] via NET/IB/0
c198-072:2826:2866 [0] NCCL INFO Channel 00/0 : 11[83000] -> 12[2000] [receive] via NET/IB/0
c198-071:9235:9275 [0] NCCL INFO Channel 00/0 : 7[83000] -> 8[2000] [receive] via NET/IB/0
c198-062:21675:21712 [0] NCCL INFO Channel 00/0 : 3[83000] -> 4[2000] [receive] via NET/IB/0
c198-072:2828:2865 [2] NCCL INFO Channel 00 : 14[82000] -> 15[83000] via direct shared memory
c198-071:9237:9271 [2] NCCL INFO Channel 00 : 10[82000] -> 11[83000] via direct shared memory
c198-072:2828:2865 [2] NCCL INFO Channel 01 : 14[82000] -> 15[83000] via direct shared memory
c198-071:9237:9271 [2] NCCL INFO Channel 01 : 10[82000] -> 11[83000] via direct shared memory
c198-062:21677:21710 [2] NCCL INFO Channel 00 : 6[82000] -> 7[83000] via direct shared memory
c198-062:21677:21710 [2] NCCL INFO Channel 01 : 6[82000] -> 7[83000] via direct shared memory
c198-061:2887:2923 [2] NCCL INFO Channel 00 : 2[82000] -> 3[83000] via direct shared memory
c198-071:9236:9273 [1] NCCL INFO Channel 00 : 9[3000] -> 10[82000] via direct shared memory
c198-061:2886:2926 [1] NCCL INFO Channel 00 : 1[3000] -> 2[82000] via direct shared memory
c198-061:2887:2923 [2] NCCL INFO Channel 01 : 2[82000] -> 3[83000] via direct shared memory
c198-072:2827:2861 [1] NCCL INFO Channel 00 : 13[3000] -> 14[82000] via direct shared memory
c198-062:21676:21714 [1] NCCL INFO Channel 00 : 5[3000] -> 6[82000] via direct shared memory
c198-071:9236:9273 [1] NCCL INFO Channel 01 : 9[3000] -> 10[82000] via direct shared memory
c198-061:2886:2926 [1] NCCL INFO Channel 01 : 1[3000] -> 2[82000] via direct shared memory
c198-072:2827:2861 [1] NCCL INFO Channel 01 : 13[3000] -> 14[82000] via direct shared memory
c198-062:21676:21714 [1] NCCL INFO Channel 01 : 5[3000] -> 6[82000] via direct shared memory
c198-072:2829:2868 [3] NCCL INFO Channel 00/0 : 15[83000] -> 0[2000] [send] via NET/IB/0
c198-071:9238:9269 [3] NCCL INFO Channel 00/0 : 11[83000] -> 12[2000] [send] via NET/IB/0
c198-062:21678:21709 [3] NCCL INFO Channel 00/0 : 7[83000] -> 8[2000] [send] via NET/IB/0
c198-061:2888:2924 [3] NCCL INFO Channel 00/0 : 3[83000] -> 4[2000] [send] via NET/IB/0
c198-072:2826:2866 [0] NCCL INFO Channel 01/0 : 11[83000] -> 12[2000] [receive] via NET/IB/0
c198-062:21675:21712 [0] NCCL INFO Channel 01/0 : 3[83000] -> 4[2000] [receive] via NET/IB/0
c198-061:2885:2917 [0] NCCL INFO Channel 01/0 : 15[83000] -> 0[2000] [receive] via NET/IB/0
c198-072:2826:2866 [0] NCCL INFO Channel 00 : 12[2000] -> 13[3000] via direct shared memory
c198-062:21675:21712 [0] NCCL INFO Channel 00 : 4[2000] -> 5[3000] via direct shared memory
c198-072:2826:2866 [0] NCCL INFO Channel 01 : 12[2000] -> 13[3000] via direct shared memory
c198-061:2885:2917 [0] NCCL INFO Channel 00 : 0[2000] -> 1[3000] via direct shared memory
c198-071:9235:9275 [0] NCCL INFO Channel 01/0 : 7[83000] -> 8[2000] [receive] via NET/IB/0
c198-062:21675:21712 [0] NCCL INFO Channel 01 : 4[2000] -> 5[3000] via direct shared memory
c198-061:2885:2917 [0] NCCL INFO Channel 01 : 0[2000] -> 1[3000] via direct shared memory
c198-071:9235:9275 [0] NCCL INFO Channel 00 : 8[2000] -> 9[3000] via direct shared memory
c198-071:9235:9275 [0] NCCL INFO Channel 01 : 8[2000] -> 9[3000] via direct shared memory
c198-062:21676:21714 [1] NCCL INFO Connected all rings
c198-071:9236:9273 [1] NCCL INFO Connected all rings
c198-072:2827:2861 [1] NCCL INFO Connected all rings
c198-061:2886:2926 [1] NCCL INFO Connected all rings
c198-062:21676:21714 [1] NCCL INFO Channel 01/0 : 5[3000] -> 8[2000] [send] via NET/IB/0
c198-071:9236:9273 [1] NCCL INFO Channel 00/0 : 4[2000] -> 9[3000] [receive] via NET/IB/0
c198-071:9238:9269 [3] NCCL INFO Channel 01/0 : 11[83000] -> 12[2000] [send] via NET/IB/0
c198-072:2829:2868 [3] NCCL INFO Channel 01/0 : 15[83000] -> 0[2000] [send] via NET/IB/0
c198-062:21678:21709 [3] NCCL INFO Channel 01/0 : 7[83000] -> 8[2000] [send] via NET/IB/0
c198-061:2888:2924 [3] NCCL INFO Channel 01/0 : 3[83000] -> 4[2000] [send] via NET/IB/0
c198-071:9237:9271 [2] NCCL INFO Connected all rings
c198-072:2828:2865 [2] NCCL INFO Connected all rings
c198-061:2887:2923 [2] NCCL INFO Connected all rings
c198-062:21677:21710 [2] NCCL INFO Connected all rings
c198-061:2886:2926 [1] NCCL INFO Channel 00 : 1[3000] -> 0[2000] via direct shared memory
c198-061:2886:2926 [1] NCCL INFO Channel 01 : 1[3000] -> 0[2000] via direct shared memory
c198-072:2827:2861 [1] NCCL INFO Channel 00 : 13[3000] -> 12[2000] via direct shared memory
c198-072:2827:2861 [1] NCCL INFO Channel 01 : 13[3000] -> 12[2000] via direct shared memory
c198-071:9238:9269 [3] NCCL INFO Connected all rings
c198-071:9238:9269 [3] NCCL INFO Channel 00 : 11[83000] -> 10[82000] via direct shared memory
c198-071:9238:9269 [3] NCCL INFO Channel 01 : 11[83000] -> 10[82000] via direct shared memory
c198-072:2829:2868 [3] NCCL INFO Connected all rings
c198-072:2829:2868 [3] NCCL INFO Channel 00 : 15[83000] -> 14[82000] via direct shared memory
c198-062:21678:21709 [3] NCCL INFO Connected all rings
c198-072:2829:2868 [3] NCCL INFO Channel 01 : 15[83000] -> 14[82000] via direct shared memory
c198-062:21678:21709 [3] NCCL INFO Channel 00 : 7[83000] -> 6[82000] via direct shared memory
c198-062:21678:21709 [3] NCCL INFO Channel 01 : 7[83000] -> 6[82000] via direct shared memory
c198-061:2888:2924 [3] NCCL INFO Connected all rings
c198-061:2888:2924 [3] NCCL INFO Channel 00 : 3[83000] -> 2[82000] via direct shared memory
c198-061:2888:2924 [3] NCCL INFO Channel 01 : 3[83000] -> 2[82000] via direct shared memory
c198-072:2826:2866 [0] NCCL INFO Connected all rings
c198-071:9235:9275 [0] NCCL INFO Connected all rings
c198-061:2885:2917 [0] NCCL INFO Connected all rings
c198-071:9237:9271 [2] NCCL INFO Channel 00 : 10[82000] -> 9[3000] via direct shared memory
c198-071:9237:9271 [2] NCCL INFO Channel 01 : 10[82000] -> 9[3000] via direct shared memory
c198-072:2828:2865 [2] NCCL INFO Channel 00 : 14[82000] -> 13[3000] via direct shared memory
c198-062:21675:21712 [0] NCCL INFO Connected all rings
c198-072:2828:2865 [2] NCCL INFO Channel 01 : 14[82000] -> 13[3000] via direct shared memory
c198-062:21677:21710 [2] NCCL INFO Channel 00 : 6[82000] -> 5[3000] via direct shared memory
c198-062:21677:21710 [2] NCCL INFO Channel 01 : 6[82000] -> 5[3000] via direct shared memory
c198-061:2887:2923 [2] NCCL INFO Channel 00 : 2[82000] -> 1[3000] via direct shared memory
c198-061:2887:2923 [2] NCCL INFO Channel 01 : 2[82000] -> 1[3000] via direct shared memory
c198-071:9238:9269 [3] NCCL INFO Connected all trees
c198-071:9238:9269 [3] NCCL INFO MSCCL_XML_FILES set by environment to /home1/09168/ldai1/ccl-build/msccl_tools_lyd/examples/xml/xml_lyd/binary_tree/allreduce_binary_tree_1ch_2tree_16chunk_4node_16gpu.xml
c198-071:9238:9269 [3] NCCL INFO MSCCL: Parsing algorithm /home1/09168/ldai1/ccl-build/msccl_tools_lyd/examples/xml/xml_lyd/binary_tree/allreduce_binary_tree_1ch_2tree_16chunk_4node_16gpu.xml
c198-072:2829:2868 [3] NCCL INFO Connected all trees
c198-072:2829:2868 [3] NCCL INFO MSCCL_XML_FILES set by environment to /home1/09168/ldai1/ccl-build/msccl_tools_lyd/examples/xml/xml_lyd/binary_tree/allreduce_binary_tree_1ch_2tree_16chunk_4node_16gpu.xml
c198-072:2829:2868 [3] NCCL INFO MSCCL: Parsing algorithm /home1/09168/ldai1/ccl-build/msccl_tools_lyd/examples/xml/xml_lyd/binary_tree/allreduce_binary_tree_1ch_2tree_16chunk_4node_16gpu.xml
c198-072:2828:2865 [2] NCCL INFO Connected all trees
c198-072:2828:2865 [2] NCCL INFO MSCCL_XML_FILES set by environment to /home1/09168/ldai1/ccl-build/msccl_tools_lyd/examples/xml/xml_lyd/binary_tree/allreduce_binary_tree_1ch_2tree_16chunk_4node_16gpu.xml
c198-072:2828:2865 [2] NCCL INFO MSCCL: Parsing algorithm /home1/09168/ldai1/ccl-build/msccl_tools_lyd/examples/xml/xml_lyd/binary_tree/allreduce_binary_tree_1ch_2tree_16chunk_4node_16gpu.xml
c198-062:21678:21709 [3] NCCL INFO Connected all trees
c198-062:21678:21709 [3] NCCL INFO MSCCL_XML_FILES set by environment to /home1/09168/ldai1/ccl-build/msccl_tools_lyd/examples/xml/xml_lyd/binary_tree/allreduce_binary_tree_1ch_2tree_16chunk_4node_16gpu.xml
c198-062:21678:21709 [3] NCCL INFO MSCCL: Parsing algorithm /home1/09168/ldai1/ccl-build/msccl_tools_lyd/examples/xml/xml_lyd/binary_tree/allreduce_binary_tree_1ch_2tree_16chunk_4node_16gpu.xml
c198-061:2888:2924 [3] NCCL INFO Connected all trees
c198-061:2888:2924 [3] NCCL INFO MSCCL_XML_FILES set by environment to /home1/09168/ldai1/ccl-build/msccl_tools_lyd/examples/xml/xml_lyd/binary_tree/allreduce_binary_tree_1ch_2tree_16chunk_4node_16gpu.xml
c198-061:2888:2924 [3] NCCL INFO MSCCL: Parsing algorithm /home1/09168/ldai1/ccl-build/msccl_tools_lyd/examples/xml/xml_lyd/binary_tree/allreduce_binary_tree_1ch_2tree_16chunk_4node_16gpu.xml
c198-061:2887:2923 [2] NCCL INFO Connected all trees
c198-061:2887:2923 [2] NCCL INFO MSCCL_XML_FILES set by environment to /home1/09168/ldai1/ccl-build/msccl_tools_lyd/examples/xml/xml_lyd/binary_tree/allreduce_binary_tree_1ch_2tree_16chunk_4node_16gpu.xml
c198-061:2887:2923 [2] NCCL INFO MSCCL: Parsing algorithm /home1/09168/ldai1/ccl-build/msccl_tools_lyd/examples/xml/xml_lyd/binary_tree/allreduce_binary_tree_1ch_2tree_16chunk_4node_16gpu.xml
c198-072:2826:2866 [0] NCCL INFO Channel 00/0 : 8[2000] -> 12[2000] [receive] via NET/IB/0
c198-061:2885:2917 [0] NCCL INFO Channel 01/0 : 0[2000] -> 4[2000] [send] via NET/IB/0
c198-071:9235:9275 [0] NCCL INFO Channel 01/0 : 5[3000] -> 8[2000] [receive] via NET/IB/0
c198-062:21675:21712 [0] NCCL INFO Channel 01/0 : 0[2000] -> 4[2000] [receive] via NET/IB/0
c198-061:2885:2917 [0] NCCL INFO Channel 00/0 : 8[2000] -> 0[2000] [receive] via NET/IB/0
c198-062:21676:21714 [1] NCCL INFO Channel 01/0 : 8[2000] -> 5[3000] [receive] via NET/IB/0
c198-071:9235:9275 [0] NCCL INFO Channel 00/0 : 8[2000] -> 12[2000] [send] via NET/IB/0
c198-062:21675:21712 [0] NCCL INFO Channel 00/0 : 4[2000] -> 9[3000] [send] via NET/IB/0
c198-061:2885:2917 [0] NCCL INFO Channel 00/0 : 0[2000] -> 8[2000] [send] via NET/IB/0
c198-071:9235:9275 [0] NCCL INFO Channel 00/0 : 0[2000] -> 8[2000] [receive] via NET/IB/0
c198-072:2826:2866 [0] NCCL INFO Channel 01/0 : 4[2000] -> 12[2000] [receive] via NET/IB/0
c198-062:21675:21712 [0] NCCL INFO Channel 01/0 : 12[2000] -> 4[2000] [receive] via NET/IB/0
c198-071:9236:9273 [1] NCCL INFO Channel 00/0 : 9[3000] -> 4[2000] [send] via NET/IB/0
c198-072:2828:2865 [2] NCCL INFO Parsed MSCCL Algorithm /home1/09168/ldai1/ccl-build/msccl_tools_lyd/examples/xml/xml_lyd/binary_tree/allreduce_binary_tree_1ch_2tree_16chunk_4node_16gpu.xml successfully.
c198-062:21678:21709 [3] NCCL INFO Parsed MSCCL Algorithm /home1/09168/ldai1/ccl-build/msccl_tools_lyd/examples/xml/xml_lyd/binary_tree/allreduce_binary_tree_1ch_2tree_16chunk_4node_16gpu.xml successfully.
c198-061:2888:2924 [3] NCCL INFO Parsed MSCCL Algorithm /home1/09168/ldai1/ccl-build/msccl_tools_lyd/examples/xml/xml_lyd/binary_tree/allreduce_binary_tree_1ch_2tree_16chunk_4node_16gpu.xml successfully.
c198-072:2828:2865 [2] NCCL INFO Connected 1 MSCCL algorithms
c198-071:9238:9269 [3] NCCL INFO Parsed MSCCL Algorithm /home1/09168/ldai1/ccl-build/msccl_tools_lyd/examples/xml/xml_lyd/binary_tree/allreduce_binary_tree_1ch_2tree_16chunk_4node_16gpu.xml successfully.
c198-062:21678:21709 [3] NCCL INFO Connected 1 MSCCL algorithms
c198-061:2888:2924 [3] NCCL INFO Connected 1 MSCCL algorithms
c198-072:2828:2865 [2] NCCL INFO NCCL_PROTO set by environment to Simple
c198-072:2828:2865 [2] NCCL INFO NCCL_ALGO set by environment to MSCCL,TREE,RING
c198-071:9238:9269 [3] NCCL INFO Connected 1 MSCCL algorithms
c198-062:21678:21709 [3] NCCL INFO NCCL_PROTO set by environment to Simple
c198-061:2888:2924 [3] NCCL INFO NCCL_PROTO set by environment to Simple
c198-061:2888:2924 [3] NCCL INFO NCCL_ALGO set by environment to MSCCL,TREE,RING
c198-072:2828:2865 [2] NCCL INFO threadThresholds 8/8/64 | 128/8/64 | 8/8/64 | 8/8/512
c198-071:9238:9269 [3] NCCL INFO NCCL_PROTO set by environment to Simple
c198-071:9238:9269 [3] NCCL INFO NCCL_ALGO set by environment to MSCCL,TREE,RING
c198-062:21678:21709 [3] NCCL INFO NCCL_ALGO set by environment to MSCCL,TREE,RING
c198-061:2888:2924 [3] NCCL INFO threadThresholds 8/8/64 | 128/8/64 | 8/8/64 | 8/8/512
c198-072:2828:2865 [2] NCCL INFO 2 coll channels, 2 p2p channels, 2 p2p channels per peer
c198-071:9238:9269 [3] NCCL INFO threadThresholds 8/8/64 | 128/8/64 | 8/8/64 | 8/8/512
c198-062:21678:21709 [3] NCCL INFO threadThresholds 8/8/64 | 128/8/64 | 8/8/64 | 8/8/512
c198-062:21678:21709 [3] NCCL INFO 2 coll channels, 2 p2p channels, 2 p2p channels per peer
c198-061:2888:2924 [3] NCCL INFO 2 coll channels, 2 p2p channels, 2 p2p channels per peer
c198-071:9238:9269 [3] NCCL INFO 2 coll channels, 2 p2p channels, 2 p2p channels per peer
c198-072:2829:2868 [3] NCCL INFO Parsed MSCCL Algorithm /home1/09168/ldai1/ccl-build/msccl_tools_lyd/examples/xml/xml_lyd/binary_tree/allreduce_binary_tree_1ch_2tree_16chunk_4node_16gpu.xml successfully.
c198-072:2829:2868 [3] NCCL INFO Connected 1 MSCCL algorithms
c198-072:2829:2868 [3] NCCL INFO NCCL_PROTO set by environment to Simple
c198-061:2887:2923 [2] NCCL INFO Parsed MSCCL Algorithm /home1/09168/ldai1/ccl-build/msccl_tools_lyd/examples/xml/xml_lyd/binary_tree/allreduce_binary_tree_1ch_2tree_16chunk_4node_16gpu.xml successfully.
c198-072:2829:2868 [3] NCCL INFO NCCL_ALGO set by environment to MSCCL,TREE,RING
c198-072:2829:2868 [3] NCCL INFO threadThresholds 8/8/64 | 128/8/64 | 8/8/64 | 8/8/512
c198-072:2829:2868 [3] NCCL INFO 2 coll channels, 2 p2p channels, 2 p2p channels per peer
c198-061:2887:2923 [2] NCCL INFO Connected 1 MSCCL algorithms
c198-061:2887:2923 [2] NCCL INFO NCCL_PROTO set by environment to Simple
c198-061:2887:2923 [2] NCCL INFO NCCL_ALGO set by environment to MSCCL,TREE,RING
c198-061:2887:2923 [2] NCCL INFO threadThresholds 8/8/64 | 128/8/64 | 8/8/64 | 8/8/512
c198-061:2887:2923 [2] NCCL INFO 2 coll channels, 2 p2p channels, 2 p2p channels per peer
c198-071:9235:9275 [0] NCCL INFO Channel 00/0 : 8[2000] -> 0[2000] [send] via NET/IB/0
c198-072:2826:2866 [0] NCCL INFO Channel 01/0 : 12[2000] -> 4[2000] [send] via NET/IB/0
c198-062:21675:21712 [0] NCCL INFO Channel 01/0 : 4[2000] -> 12[2000] [send] via NET/IB/0
c198-071:9235:9275 [0] NCCL INFO Channel 00/0 : 12[2000] -> 8[2000] [receive] via NET/IB/0
c198-072:2826:2866 [0] NCCL INFO Channel 00/0 : 12[2000] -> 8[2000] [send] via NET/IB/0
c198-062:21675:21712 [0] NCCL INFO Channel 00/0 : 9[3000] -> 4[2000] [receive] via NET/IB/0
c198-061:2885:2917 [0] NCCL INFO Channel 01/0 : 4[2000] -> 0[2000] [receive] via NET/IB/0
c198-072:2826:2866 [0] NCCL INFO Connected all trees
c198-072:2826:2866 [0] NCCL INFO MSCCL_XML_FILES set by environment to /home1/09168/ldai1/ccl-build/msccl_tools_lyd/examples/xml/xml_lyd/binary_tree/allreduce_binary_tree_1ch_2tree_16chunk_4node_16gpu.xml
c198-072:2826:2866 [0] NCCL INFO MSCCL: Parsing algorithm /home1/09168/ldai1/ccl-build/msccl_tools_lyd/examples/xml/xml_lyd/binary_tree/allreduce_binary_tree_1ch_2tree_16chunk_4node_16gpu.xml
c198-072:2827:2861 [1] NCCL INFO Connected all trees
c198-072:2827:2861 [1] NCCL INFO MSCCL_XML_FILES set by environment to /home1/09168/ldai1/ccl-build/msccl_tools_lyd/examples/xml/xml_lyd/binary_tree/allreduce_binary_tree_1ch_2tree_16chunk_4node_16gpu.xml
c198-072:2827:2861 [1] NCCL INFO MSCCL: Parsing algorithm /home1/09168/ldai1/ccl-build/msccl_tools_lyd/examples/xml/xml_lyd/binary_tree/allreduce_binary_tree_1ch_2tree_16chunk_4node_16gpu.xml
c198-071:9236:9273 [1] NCCL INFO Channel 00 : 9[3000] -> 8[2000] via direct shared memory
c198-071:9236:9273 [1] NCCL INFO Channel 01 : 9[3000] -> 8[2000] via direct shared memory
c198-071:9237:9271 [2] NCCL INFO Connected all trees
c198-071:9237:9271 [2] NCCL INFO MSCCL_XML_FILES set by environment to /home1/09168/ldai1/ccl-build/msccl_tools_lyd/examples/xml/xml_lyd/binary_tree/allreduce_binary_tree_1ch_2tree_16chunk_4node_16gpu.xml
c198-071:9237:9271 [2] NCCL INFO MSCCL: Parsing algorithm /home1/09168/ldai1/ccl-build/msccl_tools_lyd/examples/xml/xml_lyd/binary_tree/allreduce_binary_tree_1ch_2tree_16chunk_4node_16gpu.xml
c198-072:2826:2866 [0] NCCL INFO Parsed MSCCL Algorithm /home1/09168/ldai1/ccl-build/msccl_tools_lyd/examples/xml/xml_lyd/binary_tree/allreduce_binary_tree_1ch_2tree_16chunk_4node_16gpu.xml successfully.
c198-072:2826:2866 [0] NCCL INFO Connected 1 MSCCL algorithms
c198-072:2826:2866 [0] NCCL INFO NCCL_PROTO set by environment to Simple
c198-072:2826:2866 [0] NCCL INFO NCCL_ALGO set by environment to MSCCL,TREE,RING
c198-072:2826:2866 [0] NCCL INFO threadThresholds 8/8/64 | 128/8/64 | 8/8/64 | 8/8/512
c198-072:2826:2866 [0] NCCL INFO 2 coll channels, 2 p2p channels, 2 p2p channels per peer
c198-072:2827:2861 [1] NCCL INFO Parsed MSCCL Algorithm /home1/09168/ldai1/ccl-build/msccl_tools_lyd/examples/xml/xml_lyd/binary_tree/allreduce_binary_tree_1ch_2tree_16chunk_4node_16gpu.xml successfully.
c198-072:2827:2861 [1] NCCL INFO Connected 1 MSCCL algorithms
c198-072:2827:2861 [1] NCCL INFO NCCL_PROTO set by environment to Simple
c198-072:2827:2861 [1] NCCL INFO NCCL_ALGO set by environment to MSCCL,TREE,RING
c198-072:2827:2861 [1] NCCL INFO threadThresholds 8/8/64 | 128/8/64 | 8/8/64 | 8/8/512
c198-072:2827:2861 [1] NCCL INFO 2 coll channels, 2 p2p channels, 2 p2p channels per peer
c198-071:9237:9271 [2] NCCL INFO Parsed MSCCL Algorithm /home1/09168/ldai1/ccl-build/msccl_tools_lyd/examples/xml/xml_lyd/binary_tree/allreduce_binary_tree_1ch_2tree_16chunk_4node_16gpu.xml successfully.
c198-071:9237:9271 [2] NCCL INFO Connected 1 MSCCL algorithms
c198-071:9237:9271 [2] NCCL INFO NCCL_PROTO set by environment to Simple
c198-071:9237:9271 [2] NCCL INFO NCCL_ALGO set by environment to MSCCL,TREE,RING
c198-071:9237:9271 [2] NCCL INFO threadThresholds 8/8/64 | 128/8/64 | 8/8/64 | 8/8/512
c198-071:9237:9271 [2] NCCL INFO 2 coll channels, 2 p2p channels, 2 p2p channels per peer
c198-062:21675:21712 [0] NCCL INFO Channel 01/0 : 4[2000] -> 0[2000] [send] via NET/IB/0
c198-071:9235:9275 [0] NCCL INFO Channel 01/0 : 8[2000] -> 5[3000] [send] via NET/IB/0
c198-061:2885:2917 [0] NCCL INFO Connected all trees
c198-061:2885:2917 [0] NCCL INFO MSCCL_XML_FILES set by environment to /home1/09168/ldai1/ccl-build/msccl_tools_lyd/examples/xml/xml_lyd/binary_tree/allreduce_binary_tree_1ch_2tree_16chunk_4node_16gpu.xml
c198-061:2885:2917 [0] NCCL INFO MSCCL: Parsing algorithm /home1/09168/ldai1/ccl-build/msccl_tools_lyd/examples/xml/xml_lyd/binary_tree/allreduce_binary_tree_1ch_2tree_16chunk_4node_16gpu.xml
c198-071:9235:9275 [0] NCCL INFO Connected all trees
c198-071:9235:9275 [0] NCCL INFO MSCCL_XML_FILES set by environment to /home1/09168/ldai1/ccl-build/msccl_tools_lyd/examples/xml/xml_lyd/binary_tree/allreduce_binary_tree_1ch_2tree_16chunk_4node_16gpu.xml
c198-062:21676:21714 [1] NCCL INFO Channel 00 : 5[3000] -> 4[2000] via direct shared memory
c198-071:9235:9275 [0] NCCL INFO MSCCL: Parsing algorithm /home1/09168/ldai1/ccl-build/msccl_tools_lyd/examples/xml/xml_lyd/binary_tree/allreduce_binary_tree_1ch_2tree_16chunk_4node_16gpu.xml
c198-062:21676:21714 [1] NCCL INFO Channel 01 : 5[3000] -> 4[2000] via direct shared memory
c198-062:21675:21712 [0] NCCL INFO Connected all trees
c198-062:21675:21712 [0] NCCL INFO MSCCL_XML_FILES set by environment to /home1/09168/ldai1/ccl-build/msccl_tools_lyd/examples/xml/xml_lyd/binary_tree/allreduce_binary_tree_1ch_2tree_16chunk_4node_16gpu.xml
c198-062:21675:21712 [0] NCCL INFO MSCCL: Parsing algorithm /home1/09168/ldai1/ccl-build/msccl_tools_lyd/examples/xml/xml_lyd/binary_tree/allreduce_binary_tree_1ch_2tree_16chunk_4node_16gpu.xml
c198-072:2826:2866 [0] NCCL INFO comm 0x2b92b577c010 rank 12 nranks 16 cudaDev 0 busId 2000 - Init COMPLETE
c198-072:2829:2868 [3] NCCL INFO comm 0x2b729158f010 rank 15 nranks 16 cudaDev 3 busId 83000 - Init COMPLETE
c198-072:2827:2861 [1] NCCL INFO comm 0x2ae31e000010 rank 13 nranks 16 cudaDev 1 busId 3000 - Init COMPLETE
c198-061:2886:2926 [1] NCCL INFO Connected all trees
c198-061:2886:2926 [1] NCCL INFO MSCCL_XML_FILES set by environment to /home1/09168/ldai1/ccl-build/msccl_tools_lyd/examples/xml/xml_lyd/binary_tree/allreduce_binary_tree_1ch_2tree_16chunk_4node_16gpu.xml
c198-061:2886:2926 [1] NCCL INFO MSCCL: Parsing algorithm /home1/09168/ldai1/ccl-build/msccl_tools_lyd/examples/xml/xml_lyd/binary_tree/allreduce_binary_tree_1ch_2tree_16chunk_4node_16gpu.xml
c198-072:2828:2865 [2] NCCL INFO comm 0x2b366e000010 rank 14 nranks 16 cudaDev 2 busId 82000 - Init COMPLETE
c198-071:9236:9273 [1] NCCL INFO Connected all trees
c198-071:9236:9273 [1] NCCL INFO MSCCL_XML_FILES set by environment to /home1/09168/ldai1/ccl-build/msccl_tools_lyd/examples/xml/xml_lyd/binary_tree/allreduce_binary_tree_1ch_2tree_16chunk_4node_16gpu.xml
c198-071:9236:9273 [1] NCCL INFO MSCCL: Parsing algorithm /home1/09168/ldai1/ccl-build/msccl_tools_lyd/examples/xml/xml_lyd/binary_tree/allreduce_binary_tree_1ch_2tree_16chunk_4node_16gpu.xml
c198-062:21676:21714 [1] NCCL INFO Connected all trees
c198-062:21676:21714 [1] NCCL INFO MSCCL_XML_FILES set by environment to /home1/09168/ldai1/ccl-build/msccl_tools_lyd/examples/xml/xml_lyd/binary_tree/allreduce_binary_tree_1ch_2tree_16chunk_4node_16gpu.xml
c198-062:21676:21714 [1] NCCL INFO MSCCL: Parsing algorithm /home1/09168/ldai1/ccl-build/msccl_tools_lyd/examples/xml/xml_lyd/binary_tree/allreduce_binary_tree_1ch_2tree_16chunk_4node_16gpu.xml
c198-062:21677:21710 [2] NCCL INFO Connected all trees
c198-062:21677:21710 [2] NCCL INFO MSCCL_XML_FILES set by environment to /home1/09168/ldai1/ccl-build/msccl_tools_lyd/examples/xml/xml_lyd/binary_tree/allreduce_binary_tree_1ch_2tree_16chunk_4node_16gpu.xml
c198-062:21677:21710 [2] NCCL INFO MSCCL: Parsing algorithm /home1/09168/ldai1/ccl-build/msccl_tools_lyd/examples/xml/xml_lyd/binary_tree/allreduce_binary_tree_1ch_2tree_16chunk_4node_16gpu.xml
c198-061:2885:2917 [0] NCCL INFO Parsed MSCCL Algorithm /home1/09168/ldai1/ccl-build/msccl_tools_lyd/examples/xml/xml_lyd/binary_tree/allreduce_binary_tree_1ch_2tree_16chunk_4node_16gpu.xml successfully.
c198-061:2885:2917 [0] NCCL INFO Connected 1 MSCCL algorithms
c198-061:2885:2917 [0] NCCL INFO NCCL_PROTO set by environment to Simple
c198-061:2885:2917 [0] NCCL INFO NCCL_ALGO set by environment to MSCCL,TREE,RING
c198-061:2885:2917 [0] NCCL INFO threadThresholds 8/8/64 | 128/8/64 | 8/8/64 | 8/8/512
c198-061:2885:2917 [0] NCCL INFO 2 coll channels, 2 p2p channels, 2 p2p channels per peer
c198-071:9235:9275 [0] NCCL INFO Parsed MSCCL Algorithm /home1/09168/ldai1/ccl-build/msccl_tools_lyd/examples/xml/xml_lyd/binary_tree/allreduce_binary_tree_1ch_2tree_16chunk_4node_16gpu.xml successfully.
c198-071:9235:9275 [0] NCCL INFO Connected 1 MSCCL algorithms
c198-071:9235:9275 [0] NCCL INFO NCCL_PROTO set by environment to Simple
c198-071:9235:9275 [0] NCCL INFO NCCL_ALGO set by environment to MSCCL,TREE,RING
c198-071:9235:9275 [0] NCCL INFO threadThresholds 8/8/64 | 128/8/64 | 8/8/64 | 8/8/512
c198-071:9235:9275 [0] NCCL INFO 2 coll channels, 2 p2p channels, 2 p2p channels per peer
c198-062:21675:21712 [0] NCCL INFO Parsed MSCCL Algorithm /home1/09168/ldai1/ccl-build/msccl_tools_lyd/examples/xml/xml_lyd/binary_tree/allreduce_binary_tree_1ch_2tree_16chunk_4node_16gpu.xml successfully.
c198-062:21675:21712 [0] NCCL INFO Connected 1 MSCCL algorithms
c198-062:21675:21712 [0] NCCL INFO NCCL_PROTO set by environment to Simple
c198-062:21675:21712 [0] NCCL INFO NCCL_ALGO set by environment to MSCCL,TREE,RING
c198-062:21675:21712 [0] NCCL INFO threadThresholds 8/8/64 | 128/8/64 | 8/8/64 | 8/8/512
c198-062:21675:21712 [0] NCCL INFO 2 coll channels, 2 p2p channels, 2 p2p channels per peer
c198-061:2886:2926 [1] NCCL INFO Parsed MSCCL Algorithm /home1/09168/ldai1/ccl-build/msccl_tools_lyd/examples/xml/xml_lyd/binary_tree/allreduce_binary_tree_1ch_2tree_16chunk_4node_16gpu.xml successfully.
c198-061:2886:2926 [1] NCCL INFO Connected 1 MSCCL algorithms
c198-061:2886:2926 [1] NCCL INFO NCCL_PROTO set by environment to Simple
c198-061:2886:2926 [1] NCCL INFO NCCL_ALGO set by environment to MSCCL,TREE,RING
c198-061:2886:2926 [1] NCCL INFO threadThresholds 8/8/64 | 128/8/64 | 8/8/64 | 8/8/512
c198-061:2886:2926 [1] NCCL INFO 2 coll channels, 2 p2p channels, 2 p2p channels per peer
c198-071:9236:9273 [1] NCCL INFO Parsed MSCCL Algorithm /home1/09168/ldai1/ccl-build/msccl_tools_lyd/examples/xml/xml_lyd/binary_tree/allreduce_binary_tree_1ch_2tree_16chunk_4node_16gpu.xml successfully.
c198-071:9236:9273 [1] NCCL INFO Connected 1 MSCCL algorithms
c198-071:9236:9273 [1] NCCL INFO NCCL_PROTO set by environment to Simple
c198-071:9236:9273 [1] NCCL INFO NCCL_ALGO set by environment to MSCCL,TREE,RING
c198-071:9236:9273 [1] NCCL INFO threadThresholds 8/8/64 | 128/8/64 | 8/8/64 | 8/8/512
c198-071:9236:9273 [1] NCCL INFO 2 coll channels, 2 p2p channels, 2 p2p channels per peer
c198-062:21676:21714 [1] NCCL INFO Parsed MSCCL Algorithm /home1/09168/ldai1/ccl-build/msccl_tools_lyd/examples/xml/xml_lyd/binary_tree/allreduce_binary_tree_1ch_2tree_16chunk_4node_16gpu.xml successfully.
c198-062:21676:21714 [1] NCCL INFO Connected 1 MSCCL algorithms
c198-062:21676:21714 [1] NCCL INFO NCCL_PROTO set by environment to Simple
c198-062:21676:21714 [1] NCCL INFO NCCL_ALGO set by environment to MSCCL,TREE,RING
c198-062:21676:21714 [1] NCCL INFO threadThresholds 8/8/64 | 128/8/64 | 8/8/64 | 8/8/512
c198-062:21676:21714 [1] NCCL INFO 2 coll channels, 2 p2p channels, 2 p2p channels per peer
c198-062:21677:21710 [2] NCCL INFO Parsed MSCCL Algorithm /home1/09168/ldai1/ccl-build/msccl_tools_lyd/examples/xml/xml_lyd/binary_tree/allreduce_binary_tree_1ch_2tree_16chunk_4node_16gpu.xml successfully.
c198-062:21677:21710 [2] NCCL INFO Connected 1 MSCCL algorithms
c198-062:21677:21710 [2] NCCL INFO NCCL_PROTO set by environment to Simple
c198-062:21677:21710 [2] NCCL INFO NCCL_ALGO set by environment to MSCCL,TREE,RING
c198-062:21677:21710 [2] NCCL INFO threadThresholds 8/8/64 | 128/8/64 | 8/8/64 | 8/8/512
c198-062:21677:21710 [2] NCCL INFO 2 coll channels, 2 p2p channels, 2 p2p channels per peer
c198-061:2888:2924 [3] NCCL INFO comm 0x2b1641af3010 rank 3 nranks 16 cudaDev 3 busId 83000 - Init COMPLETE
c198-061:2885:2917 [0] NCCL INFO comm 0x2b61ee000010 rank 0 nranks 16 cudaDev 0 busId 2000 - Init COMPLETE
#
#                                                              out-of-place                       in-place          
#       size         count      type   redop    root     time   algbw   busbw #wrong     time   algbw   busbw #wrong
#        (B)    (elements)                               (us)  (GB/s)  (GB/s)            (us)  (GB/s)  (GB/s)       
c198-061:2887:2923 [2] NCCL INFO comm 0x2b28a2615010 rank 2 nranks 16 cudaDev 2 busId 82000 - Init COMPLETE
c198-061:2886:2926 [1] NCCL INFO comm 0x2b498e000010 rank 1 nranks 16 cudaDev 1 busId 3000 - Init COMPLETE
c198-071:9236:9273 [1] NCCL INFO comm 0x2adaae000010 rank 9 nranks 16 cudaDev 1 busId 3000 - Init COMPLETE
c198-071:9237:9271 [2] NCCL INFO comm 0x2b3afe000010 rank 10 nranks 16 cudaDev 2 busId 82000 - Init COMPLETE
c198-071:9235:9275 [0] NCCL INFO comm 0x2ad5d0000010 rank 8 nranks 16 cudaDev 0 busId 2000 - Init COMPLETE
c198-071:9238:9269 [3] NCCL INFO comm 0x2b5b62000010 rank 11 nranks 16 cudaDev 3 busId 83000 - Init COMPLETE
c198-062:21678:21709 [3] NCCL INFO comm 0x2b79a2000010 rank 7 nranks 16 cudaDev 3 busId 83000 - Init COMPLETE
c198-062:21676:21714 [1] NCCL INFO comm 0x2acb0df22010 rank 5 nranks 16 cudaDev 1 busId 3000 - Init COMPLETE
c198-062:21677:21710 [2] NCCL INFO comm 0x2b32f528c010 rank 6 nranks 16 cudaDev 2 busId 82000 - Init COMPLETE
c198-062:21675:21712 [0] NCCL INFO comm 0x2ac61e432010 rank 4 nranks 16 cudaDev 0 busId 2000 - Init COMPLETE
c198-061:2885:2885 [0] NCCL INFO Launch mode Parallel
       65536         16384     float     sum      -1    315.1    0.21    0.39      0    314.9    0.21    0.39      0
      131072         32768     float     sum      -1    328.1    0.40    0.75      0    324.7    0.40    0.76      0
      262144         65536     float     sum      -1    352.8    0.74    1.39      0    348.5    0.75    1.41      0
      524288        131072     float     sum      -1    415.9    1.26    2.36      0    415.4    1.26    2.37      0
     1048576        262144     float     sum      -1    639.5    1.64    3.07      0    651.1    1.61    3.02      0
     2097152        524288     float     sum      -1   1084.4    1.93    3.63      0   1083.9    1.93    3.63      0
     4194304       1048576     float     sum      -1   2105.8    1.99    3.73      0   2104.6    1.99    3.74      0
     8388608       2097152     float     sum      -1   4282.4    1.96    3.67      0   4260.9    1.97    3.69      0
    16777216       4194304     float     sum      -1   8801.4    1.91    3.57      0   8774.3    1.91    3.59      0
    33554432       8388608     float     sum      -1    17994    1.86    3.50      0    17759    1.89    3.54      0
    67108864      16777216     float     sum      -1    35993    1.86    3.50      0    36099    1.86    3.49      0
   134217728      33554432     float     sum      -1    71410    1.88    3.52      0    71083    1.89    3.54      0
   268435456      67108864     float     sum      -1   141842    1.89    3.55      0   141754    1.89    3.55      0
c198-071:9238:9238 [3] NCCL INFO comm 0x2b5b62000010 rank 11 nranks 16 cudaDev 3 busId 83000 - Destroy COMPLETE
c198-072:2829:2829 [3] NCCL INFO comm 0x2b729158f010 rank 15 nranks 16 cudaDev 3 busId 83000 - Destroy COMPLETE
c198-072:2828:2828 [2] NCCL INFO comm 0x2b366e000010 rank 14 nranks 16 cudaDev 2 busId 82000 - Destroy COMPLETE
c198-062:21678:21678 [3] NCCL INFO comm 0x2b79a2000010 rank 7 nranks 16 cudaDev 3 busId 83000 - Destroy COMPLETE
c198-061:2888:2888 [3] NCCL INFO comm 0x2b1641af3010 rank 3 nranks 16 cudaDev 3 busId 83000 - Destroy COMPLETE
c198-071:9237:9237 [2] NCCL INFO comm 0x2b3afe000010 rank 10 nranks 16 cudaDev 2 busId 82000 - Destroy COMPLETE
c198-062:21677:21677 [2] NCCL INFO comm 0x2b32f528c010 rank 6 nranks 16 cudaDev 2 busId 82000 - Destroy COMPLETE
c198-061:2887:2887 [2] NCCL INFO comm 0x2b28a2615010 rank 2 nranks 16 cudaDev 2 busId 82000 - Destroy COMPLETE
c198-072:2827:2827 [1] NCCL INFO comm 0x2ae31e000010 rank 13 nranks 16 cudaDev 1 busId 3000 - Destroy COMPLETE
c198-072:2826:2826 [0] NCCL INFO comm 0x2b92b577c010 rank 12 nranks 16 cudaDev 0 busId 2000 - Destroy COMPLETE
c198-061:2886:2886 [1] NCCL INFO comm 0x2b498e000010 rank 1 nranks 16 cudaDev 1 busId 3000 - Destroy COMPLETE
c198-071:9235:9235 [0] NCCL INFO comm 0x2ad5d0000010 rank 8 nranks 16 cudaDev 0 busId 2000 - Destroy COMPLETE
c198-071:9236:9236 [1] NCCL INFO comm 0x2adaae000010 rank 9 nranks 16 cudaDev 1 busId 3000 - Destroy COMPLETE
c198-062:21676:21676 [1] NCCL INFO comm 0x2acb0df22010 rank 5 nranks 16 cudaDev 1 busId 3000 - Destroy COMPLETE
c198-061:2885:2885 [0] NCCL INFO comm 0x2b61ee000010 rank 0 nranks 16 cudaDev 0 busId 2000 - Destroy COMPLETE
c198-062:21675:21675 [0] NCCL INFO comm 0x2ac61e432010 rank 4 nranks 16 cudaDev 0 busId 2000 - Destroy COMPLETE
# Out of bounds values : 0 OK
# Avg bus bandwidth    : 2.82101 
#

TACC:  Shutdown complete. Exiting. 
