TACC:  Starting up job 6212661 
TACC:  Starting parallel tasks... 
# nThread 1 nGpus 1 minBytes 65536 maxBytes 268435456 step: 2(factor) warmup iters: 5 iters: 60 agg iters: 1 validation: 1 graph: 0
#
# Using devices
#  Rank  0 Group  0 Pid  18836 on   c196-111 device  0 [0x02] Quadro RTX 5000
#  Rank  1 Group  0 Pid  18837 on   c196-111 device  1 [0x03] Quadro RTX 5000
#  Rank  2 Group  0 Pid  18838 on   c196-111 device  2 [0x82] Quadro RTX 5000
#  Rank  3 Group  0 Pid  18839 on   c196-111 device  3 [0x83] Quadro RTX 5000
#  Rank  4 Group  0 Pid   5329 on   c196-112 device  0 [0x02] Quadro RTX 5000
#  Rank  5 Group  0 Pid   5330 on   c196-112 device  1 [0x03] Quadro RTX 5000
#  Rank  6 Group  0 Pid   5331 on   c196-112 device  2 [0x82] Quadro RTX 5000
#  Rank  7 Group  0 Pid   5332 on   c196-112 device  3 [0x83] Quadro RTX 5000
#  Rank  8 Group  0 Pid   2895 on   c197-011 device  0 [0x02] Quadro RTX 5000
#  Rank  9 Group  0 Pid   2896 on   c197-011 device  1 [0x03] Quadro RTX 5000
#  Rank 10 Group  0 Pid   2897 on   c197-011 device  2 [0x82] Quadro RTX 5000
#  Rank 11 Group  0 Pid   2898 on   c197-011 device  3 [0x83] Quadro RTX 5000
#  Rank 12 Group  0 Pid  31073 on   c197-012 device  0 [0x02] Quadro RTX 5000
#  Rank 13 Group  0 Pid  31074 on   c197-012 device  1 [0x03] Quadro RTX 5000
#  Rank 14 Group  0 Pid  31075 on   c197-012 device  2 [0x82] Quadro RTX 5000
#  Rank 15 Group  0 Pid  31076 on   c197-012 device  3 [0x83] Quadro RTX 5000
The MSCCL XML file exists: /home1/09168/ldai1/ccl-build/msccl_tools_lyd/examples/xml/xml_lyd/binary_tree/allreduce_binary_tree_2ch_2tree_256chunk_4node_16gpu.xml
c196-111:18836:18836 [0] NCCL INFO Bootstrap : Using ib0:192.168.44.121<0>
c196-111:18836:18836 [0] NCCL INFO NET/Plugin : No plugin found (libnccl-net.so), using internal implementation
c196-111:18836:18836 [0] NCCL INFO NET/IB : Using [0]mlx4_0:1/IB [RO]; OOB ib0:192.168.44.121<0>
c196-111:18836:18836 [0] NCCL INFO Using network IB
NCCL version 2.12.12.MSCCL.0.7.4+cuda11.3
c196-111:18838:18838 [2] NCCL INFO Bootstrap : Using ib0:192.168.44.121<0>
c196-111:18838:18838 [2] NCCL INFO NET/Plugin : No plugin found (libnccl-net.so), using internal implementation
c196-111:18839:18839 [3] NCCL INFO Bootstrap : Using ib0:192.168.44.121<0>
c196-111:18837:18837 [1] NCCL INFO Bootstrap : Using ib0:192.168.44.121<0>
c196-111:18839:18839 [3] NCCL INFO NET/Plugin : No plugin found (libnccl-net.so), using internal implementation
c196-111:18837:18837 [1] NCCL INFO NET/Plugin : No plugin found (libnccl-net.so), using internal implementation
c196-111:18839:18839 [3] NCCL INFO NET/IB : Using [0]mlx4_0:1/IB [RO]; OOB ib0:192.168.44.121<0>
c196-111:18839:18839 [3] NCCL INFO Using network IB
c196-111:18838:18838 [2] NCCL INFO NET/IB : Using [0]mlx4_0:1/IB [RO]; OOB ib0:192.168.44.121<0>
c196-111:18838:18838 [2] NCCL INFO Using network IB
c196-111:18837:18837 [1] NCCL INFO NET/IB : Using [0]mlx4_0:1/IB [RO]; OOB ib0:192.168.44.121<0>
c196-111:18837:18837 [1] NCCL INFO Using network IB
c197-012:31074:31074 [1] NCCL INFO Bootstrap : Using ib0:192.168.44.124<0>
c197-012:31074:31074 [1] NCCL INFO NET/Plugin : No plugin found (libnccl-net.so), using internal implementation
c197-012:31074:31074 [1] NCCL INFO NET/IB : Using [0]mlx4_0:1/IB [RO]; OOB ib0:192.168.44.124<0>
c197-012:31074:31074 [1] NCCL INFO Using network IB
c197-012:31073:31073 [0] NCCL INFO Bootstrap : Using ib0:192.168.44.124<0>
c197-012:31076:31076 [3] NCCL INFO Bootstrap : Using ib0:192.168.44.124<0>
c197-012:31075:31075 [2] NCCL INFO Bootstrap : Using ib0:192.168.44.124<0>
c197-012:31073:31073 [0] NCCL INFO NET/Plugin : No plugin found (libnccl-net.so), using internal implementation
c197-012:31075:31075 [2] NCCL INFO NET/Plugin : No plugin found (libnccl-net.so), using internal implementation
c197-012:31076:31076 [3] NCCL INFO NET/Plugin : No plugin found (libnccl-net.so), using internal implementation
c197-012:31073:31073 [0] NCCL INFO NET/IB : Using [0]mlx4_0:1/IB [RO]; OOB ib0:192.168.44.124<0>
c197-012:31073:31073 [0] NCCL INFO Using network IB
c197-012:31075:31075 [2] NCCL INFO NET/IB : Using [0]mlx4_0:1/IB [RO]; OOB ib0:192.168.44.124<0>
c197-012:31075:31075 [2] NCCL INFO Using network IB
c197-012:31076:31076 [3] NCCL INFO NET/IB : Using [0]mlx4_0:1/IB [RO]; OOB ib0:192.168.44.124<0>
c197-012:31076:31076 [3] NCCL INFO Using network IB
c197-011:2896:2896 [1] NCCL INFO Bootstrap : Using ib0:192.168.44.123<0>
c197-011:2896:2896 [1] NCCL INFO NET/Plugin : No plugin found (libnccl-net.so), using internal implementation
c197-011:2896:2896 [1] NCCL INFO NET/IB : Using [0]mlx4_0:1/IB [RO]; OOB ib0:192.168.44.123<0>
c197-011:2896:2896 [1] NCCL INFO Using network IB
c196-112:5331:5331 [2] NCCL INFO Bootstrap : Using ib0:192.168.44.122<0>
c196-112:5332:5332 [3] NCCL INFO Bootstrap : Using ib0:192.168.44.122<0>
c196-112:5331:5331 [2] NCCL INFO NET/Plugin : No plugin found (libnccl-net.so), using internal implementation
c196-112:5332:5332 [3] NCCL INFO NET/Plugin : No plugin found (libnccl-net.so), using internal implementation
c197-011:2895:2895 [0] NCCL INFO Bootstrap : Using ib0:192.168.44.123<0>
c197-011:2895:2895 [0] NCCL INFO NET/Plugin : No plugin found (libnccl-net.so), using internal implementation
c196-112:5332:5332 [3] NCCL INFO NET/IB : Using [0]mlx4_0:1/IB [RO]; OOB ib0:192.168.44.122<0>
c196-112:5332:5332 [3] NCCL INFO Using network IB
c196-112:5331:5331 [2] NCCL INFO NET/IB : Using [0]mlx4_0:1/IB [RO]; OOB ib0:192.168.44.122<0>
c196-112:5331:5331 [2] NCCL INFO Using network IB
c196-112:5329:5329 [0] NCCL INFO Bootstrap : Using ib0:192.168.44.122<0>
c196-112:5330:5330 [1] NCCL INFO Bootstrap : Using ib0:192.168.44.122<0>
c196-112:5329:5329 [0] NCCL INFO NET/Plugin : No plugin found (libnccl-net.so), using internal implementation
c196-112:5330:5330 [1] NCCL INFO NET/Plugin : No plugin found (libnccl-net.so), using internal implementation
c197-011:2895:2895 [0] NCCL INFO NET/IB : Using [0]mlx4_0:1/IB [RO]; OOB ib0:192.168.44.123<0>
c197-011:2895:2895 [0] NCCL INFO Using network IB
c196-112:5330:5330 [1] NCCL INFO NET/IB : Using [0]mlx4_0:1/IB [RO]; OOB ib0:192.168.44.122<0>
c196-112:5330:5330 [1] NCCL INFO Using network IB
c196-112:5329:5329 [0] NCCL INFO NET/IB : Using [0]mlx4_0:1/IB [RO]; OOB ib0:192.168.44.122<0>
c196-112:5329:5329 [0] NCCL INFO Using network IB
c197-011:2897:2897 [2] NCCL INFO Bootstrap : Using ib0:192.168.44.123<0>
c197-011:2897:2897 [2] NCCL INFO NET/Plugin : No plugin found (libnccl-net.so), using internal implementation
c197-011:2897:2897 [2] NCCL INFO NET/IB : Using [0]mlx4_0:1/IB [RO]; OOB ib0:192.168.44.123<0>
c197-011:2897:2897 [2] NCCL INFO Using network IB
c197-011:2898:2898 [3] NCCL INFO Bootstrap : Using ib0:192.168.44.123<0>
c197-011:2898:2898 [3] NCCL INFO NET/Plugin : No plugin found (libnccl-net.so), using internal implementation
c197-011:2898:2898 [3] NCCL INFO NET/IB : Using [0]mlx4_0:1/IB [RO]; OOB ib0:192.168.44.123<0>
c197-011:2898:2898 [3] NCCL INFO Using network IB
c196-111:18836:18887 [0] NCCL INFO Setting affinity for GPU 0 to 0f000f
c197-012:31076:31132 [3] NCCL INFO Setting affinity for GPU 3 to f000f000
c196-112:5332:5383 [3] NCCL INFO Setting affinity for GPU 3 to f000f000
c197-011:2898:2954 [3] NCCL INFO Setting affinity for GPU 3 to f000f000
c196-111:18838:18894 [2] NCCL INFO Setting affinity for GPU 2 to 0f000f00
c196-111:18839:18892 [3] NCCL INFO Setting affinity for GPU 3 to f000f000
c196-111:18837:18896 [1] NCCL INFO Setting affinity for GPU 1 to f000f0
c197-012:31075:31131 [2] NCCL INFO Setting affinity for GPU 2 to 0f000f00
c196-112:5330:5387 [1] NCCL INFO Setting affinity for GPU 1 to f000f0
c197-011:2896:2948 [1] NCCL INFO Setting affinity for GPU 1 to f000f0
c197-011:2895:2950 [0] NCCL INFO Setting affinity for GPU 0 to 0f000f
c197-011:2897:2952 [2] NCCL INFO Setting affinity for GPU 2 to 0f000f00
c196-112:5329:5388 [0] NCCL INFO Setting affinity for GPU 0 to 0f000f
c196-112:5331:5384 [2] NCCL INFO Setting affinity for GPU 2 to 0f000f00
c197-012:31074:31126 [1] NCCL INFO Setting affinity for GPU 1 to f000f0
c197-012:31073:31129 [0] NCCL INFO Setting affinity for GPU 0 to 0f000f
c197-012:31073:31129 [0] NCCL INFO Trees [0] 13/-1/-1->12->8 [1] 13/4/-1->12->-1
c196-111:18836:18887 [0] NCCL INFO Channel 00/02 :    0   1   2   3   4   5   6   7   8   9  10  11  12  13  14  15
c196-111:18836:18887 [0] NCCL INFO Channel 01/02 :    0   1   2   3   4   5   6   7   8   9  10  11  12  13  14  15
c196-111:18836:18887 [0] NCCL INFO Trees [0] 1/8/-1->0->-1 [1] 1/-1/-1->0->4
c197-012:31074:31126 [1] NCCL INFO Trees [0] 14/-1/-1->13->12 [1] 14/-1/-1->13->12
c197-011:2898:2954 [3] NCCL INFO Trees [0] -1/-1/-1->11->10 [1] -1/-1/-1->11->10
c196-112:5330:5387 [1] NCCL INFO Trees [0] 6/-1/-1->5->4 [1] 6/8/-1->5->4
c196-111:18837:18896 [1] NCCL INFO Trees [0] 2/-1/-1->1->0 [1] 2/-1/-1->1->0
c197-012:31076:31132 [3] NCCL INFO Trees [0] -1/-1/-1->15->14 [1] -1/-1/-1->15->14
c197-011:2897:2952 [2] NCCL INFO Trees [0] 11/-1/-1->10->9 [1] 11/-1/-1->10->9
c196-112:5331:5384 [2] NCCL INFO Trees [0] 7/-1/-1->6->5 [1] 7/-1/-1->6->5
c196-111:18838:18894 [2] NCCL INFO Trees [0] 3/-1/-1->2->1 [1] 3/-1/-1->2->1
c197-012:31075:31131 [2] NCCL INFO Trees [0] 15/-1/-1->14->13 [1] 15/-1/-1->14->13
c197-011:2895:2950 [0] NCCL INFO Trees [0] 9/12/-1->8->0 [1] 9/-1/-1->8->5
c196-112:5329:5388 [0] NCCL INFO Trees [0] 5/-1/-1->4->9 [1] 5/0/-1->4->12
c196-111:18839:18892 [3] NCCL INFO Trees [0] -1/-1/-1->3->2 [1] -1/-1/-1->3->2
c197-011:2896:2948 [1] NCCL INFO Trees [0] 10/4/-1->9->8 [1] 10/-1/-1->9->8
c196-112:5332:5383 [3] NCCL INFO Trees [0] -1/-1/-1->7->6 [1] -1/-1/-1->7->6
c197-012:31073:31129 [0] NCCL INFO Channel 00/0 : 11[83000] -> 12[2000] [receive] via NET/IB/0
c196-112:5329:5388 [0] NCCL INFO Channel 00/0 : 3[83000] -> 4[2000] [receive] via NET/IB/0
c197-011:2895:2950 [0] NCCL INFO Channel 00/0 : 7[83000] -> 8[2000] [receive] via NET/IB/0
c196-111:18836:18887 [0] NCCL INFO Channel 00/0 : 15[83000] -> 0[2000] [receive] via NET/IB/0
c197-012:31074:31126 [1] NCCL INFO Channel 00 : 13[3000] -> 14[82000] via direct shared memory
c197-012:31075:31131 [2] NCCL INFO Channel 00 : 14[82000] -> 15[83000] via direct shared memory
c197-012:31074:31126 [1] NCCL INFO Channel 01 : 13[3000] -> 14[82000] via direct shared memory
c197-012:31075:31131 [2] NCCL INFO Channel 01 : 14[82000] -> 15[83000] via direct shared memory
c196-112:5331:5384 [2] NCCL INFO Channel 00 : 6[82000] -> 7[83000] via direct shared memory
c196-112:5331:5384 [2] NCCL INFO Channel 01 : 6[82000] -> 7[83000] via direct shared memory
c196-111:18838:18894 [2] NCCL INFO Channel 00 : 2[82000] -> 3[83000] via direct shared memory
c196-111:18837:18896 [1] NCCL INFO Channel 00 : 1[3000] -> 2[82000] via direct shared memory
c196-111:18838:18894 [2] NCCL INFO Channel 01 : 2[82000] -> 3[83000] via direct shared memory
c196-111:18837:18896 [1] NCCL INFO Channel 01 : 1[3000] -> 2[82000] via direct shared memory
c196-112:5330:5387 [1] NCCL INFO Channel 00 : 5[3000] -> 6[82000] via direct shared memory
c197-011:2897:2952 [2] NCCL INFO Channel 00 : 10[82000] -> 11[83000] via direct shared memory
c197-011:2896:2948 [1] NCCL INFO Channel 00 : 9[3000] -> 10[82000] via direct shared memory
c196-112:5330:5387 [1] NCCL INFO Channel 01 : 5[3000] -> 6[82000] via direct shared memory
c197-011:2897:2952 [2] NCCL INFO Channel 01 : 10[82000] -> 11[83000] via direct shared memory
c197-011:2896:2948 [1] NCCL INFO Channel 01 : 9[3000] -> 10[82000] via direct shared memory
c197-012:31076:31132 [3] NCCL INFO Channel 00/0 : 15[83000] -> 0[2000] [send] via NET/IB/0
c196-112:5332:5383 [3] NCCL INFO Channel 00/0 : 7[83000] -> 8[2000] [send] via NET/IB/0
c196-111:18839:18892 [3] NCCL INFO Channel 00/0 : 3[83000] -> 4[2000] [send] via NET/IB/0
c197-011:2898:2954 [3] NCCL INFO Channel 00/0 : 11[83000] -> 12[2000] [send] via NET/IB/0
c196-112:5329:5388 [0] NCCL INFO Channel 01/0 : 3[83000] -> 4[2000] [receive] via NET/IB/0
c197-012:31073:31129 [0] NCCL INFO Channel 01/0 : 11[83000] -> 12[2000] [receive] via NET/IB/0
c196-112:5329:5388 [0] NCCL INFO Channel 00 : 4[2000] -> 5[3000] via direct shared memory
c197-012:31073:31129 [0] NCCL INFO Channel 00 : 12[2000] -> 13[3000] via direct shared memory
c196-112:5329:5388 [0] NCCL INFO Channel 01 : 4[2000] -> 5[3000] via direct shared memory
c197-012:31073:31129 [0] NCCL INFO Channel 01 : 12[2000] -> 13[3000] via direct shared memory
c197-011:2895:2950 [0] NCCL INFO Channel 01/0 : 7[83000] -> 8[2000] [receive] via NET/IB/0
c197-011:2895:2950 [0] NCCL INFO Channel 00 : 8[2000] -> 9[3000] via direct shared memory
c197-011:2895:2950 [0] NCCL INFO Channel 01 : 8[2000] -> 9[3000] via direct shared memory
c196-111:18836:18887 [0] NCCL INFO Channel 01/0 : 15[83000] -> 0[2000] [receive] via NET/IB/0
c196-111:18836:18887 [0] NCCL INFO Channel 00 : 0[2000] -> 1[3000] via direct shared memory
c196-111:18836:18887 [0] NCCL INFO Channel 01 : 0[2000] -> 1[3000] via direct shared memory
c197-012:31074:31126 [1] NCCL INFO Connected all rings
c196-112:5330:5387 [1] NCCL INFO Connected all rings
c197-011:2896:2948 [1] NCCL INFO Connected all rings
c196-111:18837:18896 [1] NCCL INFO Connected all rings
c196-112:5330:5387 [1] NCCL INFO Channel 01/0 : 5[3000] -> 8[2000] [send] via NET/IB/0
c197-011:2896:2948 [1] NCCL INFO Channel 00/0 : 4[2000] -> 9[3000] [receive] via NET/IB/0
c197-012:31076:31132 [3] NCCL INFO Channel 01/0 : 15[83000] -> 0[2000] [send] via NET/IB/0
c196-112:5332:5383 [3] NCCL INFO Channel 01/0 : 7[83000] -> 8[2000] [send] via NET/IB/0
c196-111:18839:18892 [3] NCCL INFO Channel 01/0 : 3[83000] -> 4[2000] [send] via NET/IB/0
c197-011:2898:2954 [3] NCCL INFO Channel 01/0 : 11[83000] -> 12[2000] [send] via NET/IB/0
c197-012:31075:31131 [2] NCCL INFO Connected all rings
c197-012:31074:31126 [1] NCCL INFO Channel 00 : 13[3000] -> 12[2000] via direct shared memory
c197-012:31074:31126 [1] NCCL INFO Channel 01 : 13[3000] -> 12[2000] via direct shared memory
c196-111:18838:18894 [2] NCCL INFO Connected all rings
c197-011:2897:2952 [2] NCCL INFO Connected all rings
c196-112:5331:5384 [2] NCCL INFO Connected all rings
c196-111:18837:18896 [1] NCCL INFO Channel 00 : 1[3000] -> 0[2000] via direct shared memory
c196-111:18837:18896 [1] NCCL INFO Channel 01 : 1[3000] -> 0[2000] via direct shared memory
c197-012:31076:31132 [3] NCCL INFO Connected all rings
c197-012:31076:31132 [3] NCCL INFO Channel 00 : 15[83000] -> 14[82000] via direct shared memory
c197-012:31076:31132 [3] NCCL INFO Channel 01 : 15[83000] -> 14[82000] via direct shared memory
c196-111:18839:18892 [3] NCCL INFO Connected all rings
c196-112:5332:5383 [3] NCCL INFO Connected all rings
c196-111:18839:18892 [3] NCCL INFO Channel 00 : 3[83000] -> 2[82000] via direct shared memory
c196-112:5332:5383 [3] NCCL INFO Channel 00 : 7[83000] -> 6[82000] via direct shared memory
c196-111:18839:18892 [3] NCCL INFO Channel 01 : 3[83000] -> 2[82000] via direct shared memory
c196-112:5332:5383 [3] NCCL INFO Channel 01 : 7[83000] -> 6[82000] via direct shared memory
c197-011:2898:2954 [3] NCCL INFO Connected all rings
c197-011:2898:2954 [3] NCCL INFO Channel 00 : 11[83000] -> 10[82000] via direct shared memory
c197-011:2898:2954 [3] NCCL INFO Channel 01 : 11[83000] -> 10[82000] via direct shared memory
c196-111:18836:18887 [0] NCCL INFO Connected all rings
c197-012:31075:31131 [2] NCCL INFO Channel 00 : 14[82000] -> 13[3000] via direct shared memory
c197-012:31075:31131 [2] NCCL INFO Channel 01 : 14[82000] -> 13[3000] via direct shared memory
c197-011:2895:2950 [0] NCCL INFO Connected all rings
c196-112:5329:5388 [0] NCCL INFO Connected all rings
c197-012:31073:31129 [0] NCCL INFO Connected all rings
c196-112:5331:5384 [2] NCCL INFO Channel 00 : 6[82000] -> 5[3000] via direct shared memory
c196-112:5331:5384 [2] NCCL INFO Channel 01 : 6[82000] -> 5[3000] via direct shared memory
c197-011:2897:2952 [2] NCCL INFO Channel 00 : 10[82000] -> 9[3000] via direct shared memory
c197-011:2897:2952 [2] NCCL INFO Channel 01 : 10[82000] -> 9[3000] via direct shared memory
c196-111:18838:18894 [2] NCCL INFO Channel 00 : 2[82000] -> 1[3000] via direct shared memory
c196-111:18838:18894 [2] NCCL INFO Channel 01 : 2[82000] -> 1[3000] via direct shared memory
c197-012:31076:31132 [3] NCCL INFO Connected all trees
c197-012:31076:31132 [3] NCCL INFO MSCCL_XML_FILES set by environment to /home1/09168/ldai1/ccl-build/msccl_tools_lyd/examples/xml/xml_lyd/binary_tree/allreduce_binary_tree_2ch_2tree_256chunk_4node_16gpu.xml
c197-012:31076:31132 [3] NCCL INFO MSCCL: Parsing algorithm /home1/09168/ldai1/ccl-build/msccl_tools_lyd/examples/xml/xml_lyd/binary_tree/allreduce_binary_tree_2ch_2tree_256chunk_4node_16gpu.xml
c197-012:31075:31131 [2] NCCL INFO Connected all trees
c197-012:31075:31131 [2] NCCL INFO MSCCL_XML_FILES set by environment to /home1/09168/ldai1/ccl-build/msccl_tools_lyd/examples/xml/xml_lyd/binary_tree/allreduce_binary_tree_2ch_2tree_256chunk_4node_16gpu.xml
c197-012:31075:31131 [2] NCCL INFO MSCCL: Parsing algorithm /home1/09168/ldai1/ccl-build/msccl_tools_lyd/examples/xml/xml_lyd/binary_tree/allreduce_binary_tree_2ch_2tree_256chunk_4node_16gpu.xml
c196-112:5332:5383 [3] NCCL INFO Connected all trees
c196-112:5332:5383 [3] NCCL INFO MSCCL_XML_FILES set by environment to /home1/09168/ldai1/ccl-build/msccl_tools_lyd/examples/xml/xml_lyd/binary_tree/allreduce_binary_tree_2ch_2tree_256chunk_4node_16gpu.xml
c196-112:5332:5383 [3] NCCL INFO MSCCL: Parsing algorithm /home1/09168/ldai1/ccl-build/msccl_tools_lyd/examples/xml/xml_lyd/binary_tree/allreduce_binary_tree_2ch_2tree_256chunk_4node_16gpu.xml
c197-011:2898:2954 [3] NCCL INFO Connected all trees
c197-011:2898:2954 [3] NCCL INFO MSCCL_XML_FILES set by environment to /home1/09168/ldai1/ccl-build/msccl_tools_lyd/examples/xml/xml_lyd/binary_tree/allreduce_binary_tree_2ch_2tree_256chunk_4node_16gpu.xml
c197-011:2898:2954 [3] NCCL INFO MSCCL: Parsing algorithm /home1/09168/ldai1/ccl-build/msccl_tools_lyd/examples/xml/xml_lyd/binary_tree/allreduce_binary_tree_2ch_2tree_256chunk_4node_16gpu.xml
c196-111:18839:18892 [3] NCCL INFO Connected all trees
c196-111:18839:18892 [3] NCCL INFO MSCCL_XML_FILES set by environment to /home1/09168/ldai1/ccl-build/msccl_tools_lyd/examples/xml/xml_lyd/binary_tree/allreduce_binary_tree_2ch_2tree_256chunk_4node_16gpu.xml
c196-111:18839:18892 [3] NCCL INFO MSCCL: Parsing algorithm /home1/09168/ldai1/ccl-build/msccl_tools_lyd/examples/xml/xml_lyd/binary_tree/allreduce_binary_tree_2ch_2tree_256chunk_4node_16gpu.xml
c196-111:18838:18894 [2] NCCL INFO Connected all trees
c196-111:18838:18894 [2] NCCL INFO MSCCL_XML_FILES set by environment to /home1/09168/ldai1/ccl-build/msccl_tools_lyd/examples/xml/xml_lyd/binary_tree/allreduce_binary_tree_2ch_2tree_256chunk_4node_16gpu.xml
c196-111:18838:18894 [2] NCCL INFO MSCCL: Parsing algorithm /home1/09168/ldai1/ccl-build/msccl_tools_lyd/examples/xml/xml_lyd/binary_tree/allreduce_binary_tree_2ch_2tree_256chunk_4node_16gpu.xml
c196-111:18836:18887 [0] NCCL INFO Channel 01/0 : 0[2000] -> 4[2000] [send] via NET/IB/0
c197-011:2895:2950 [0] NCCL INFO Channel 01/0 : 5[3000] -> 8[2000] [receive] via NET/IB/0
c196-112:5329:5388 [0] NCCL INFO Channel 01/0 : 0[2000] -> 4[2000] [receive] via NET/IB/0
c197-012:31073:31129 [0] NCCL INFO Channel 00/0 : 8[2000] -> 12[2000] [receive] via NET/IB/0
c196-112:5330:5387 [1] NCCL INFO Channel 01/0 : 8[2000] -> 5[3000] [receive] via NET/IB/0
c196-111:18836:18887 [0] NCCL INFO Channel 00/0 : 8[2000] -> 0[2000] [receive] via NET/IB/0
c196-112:5329:5388 [0] NCCL INFO Channel 00/0 : 4[2000] -> 9[3000] [send] via NET/IB/0
c197-011:2895:2950 [0] NCCL INFO Channel 00/0 : 8[2000] -> 12[2000] [send] via NET/IB/0
c196-111:18836:18887 [0] NCCL INFO Channel 00/0 : 0[2000] -> 8[2000] [send] via NET/IB/0
c197-011:2895:2950 [0] NCCL INFO Channel 00/0 : 0[2000] -> 8[2000] [receive] via NET/IB/0
c196-112:5329:5388 [0] NCCL INFO Channel 01/0 : 12[2000] -> 4[2000] [receive] via NET/IB/0
c197-011:2896:2948 [1] NCCL INFO Channel 00/0 : 9[3000] -> 4[2000] [send] via NET/IB/0
c197-012:31073:31129 [0] NCCL INFO Channel 01/0 : 4[2000] -> 12[2000] [receive] via NET/IB/0
c197-011:2895:2950 [0] NCCL INFO Channel 00/0 : 8[2000] -> 0[2000] [send] via NET/IB/0
c196-112:5329:5388 [0] NCCL INFO Channel 01/0 : 4[2000] -> 12[2000] [send] via NET/IB/0
c197-012:31073:31129 [0] NCCL INFO Channel 01/0 : 12[2000] -> 4[2000] [send] via NET/IB/0
c196-111:18838:18894 [2] NCCL INFO Parsed MSCCL Algorithm /home1/09168/ldai1/ccl-build/msccl_tools_lyd/examples/xml/xml_lyd/binary_tree/allreduce_binary_tree_2ch_2tree_256chunk_4node_16gpu.xml successfully.
c197-012:31075:31131 [2] NCCL INFO Parsed MSCCL Algorithm /home1/09168/ldai1/ccl-build/msccl_tools_lyd/examples/xml/xml_lyd/binary_tree/allreduce_binary_tree_2ch_2tree_256chunk_4node_16gpu.xml successfully.
c197-012:31076:31132 [3] NCCL INFO Parsed MSCCL Algorithm /home1/09168/ldai1/ccl-build/msccl_tools_lyd/examples/xml/xml_lyd/binary_tree/allreduce_binary_tree_2ch_2tree_256chunk_4node_16gpu.xml successfully.
c196-111:18839:18892 [3] NCCL INFO Parsed MSCCL Algorithm /home1/09168/ldai1/ccl-build/msccl_tools_lyd/examples/xml/xml_lyd/binary_tree/allreduce_binary_tree_2ch_2tree_256chunk_4node_16gpu.xml successfully.
c197-012:31075:31131 [2] NCCL INFO Channel 02 : 14[82000] -> 15[83000] via direct shared memory
c197-012:31075:31131 [2] NCCL INFO Channel 03 : 14[82000] -> 15[83000] via direct shared memory
c196-111:18838:18894 [2] NCCL INFO Channel 02 : 2[82000] -> 3[83000] via direct shared memory
c196-111:18838:18894 [2] NCCL INFO Channel 03 : 2[82000] -> 3[83000] via direct shared memory
c196-111:18836:18887 [0] NCCL INFO Channel 01/0 : 4[2000] -> 0[2000] [receive] via NET/IB/0
c196-112:5329:5388 [0] NCCL INFO Channel 00/0 : 9[3000] -> 4[2000] [receive] via NET/IB/0
c197-011:2895:2950 [0] NCCL INFO Channel 00/0 : 12[2000] -> 8[2000] [receive] via NET/IB/0
c197-012:31076:31132 [3] NCCL INFO Channel 01/0 : 11[83000] -> 15[83000] [receive] via NET/IB/0
c197-012:31073:31129 [0] NCCL INFO Channel 00/0 : 12[2000] -> 8[2000] [send] via NET/IB/0
c196-111:18839:18892 [3] NCCL INFO Channel 03/0 : 3[83000] -> 7[83000] [send] via NET/IB/0
c197-012:31073:31129 [0] NCCL INFO Connected all trees
c197-012:31073:31129 [0] NCCL INFO MSCCL_XML_FILES set by environment to /home1/09168/ldai1/ccl-build/msccl_tools_lyd/examples/xml/xml_lyd/binary_tree/allreduce_binary_tree_2ch_2tree_256chunk_4node_16gpu.xml
c197-012:31073:31129 [0] NCCL INFO MSCCL: Parsing algorithm /home1/09168/ldai1/ccl-build/msccl_tools_lyd/examples/xml/xml_lyd/binary_tree/allreduce_binary_tree_2ch_2tree_256chunk_4node_16gpu.xml
c197-011:2896:2948 [1] NCCL INFO Channel 00 : 9[3000] -> 8[2000] via direct shared memory
c197-011:2896:2948 [1] NCCL INFO Channel 01 : 9[3000] -> 8[2000] via direct shared memory
c197-012:31074:31126 [1] NCCL INFO Connected all trees
c197-012:31074:31126 [1] NCCL INFO MSCCL_XML_FILES set by environment to /home1/09168/ldai1/ccl-build/msccl_tools_lyd/examples/xml/xml_lyd/binary_tree/allreduce_binary_tree_2ch_2tree_256chunk_4node_16gpu.xml
c197-012:31074:31126 [1] NCCL INFO MSCCL: Parsing algorithm /home1/09168/ldai1/ccl-build/msccl_tools_lyd/examples/xml/xml_lyd/binary_tree/allreduce_binary_tree_2ch_2tree_256chunk_4node_16gpu.xml
c197-011:2897:2952 [2] NCCL INFO Connected all trees
c197-011:2897:2952 [2] NCCL INFO MSCCL_XML_FILES set by environment to /home1/09168/ldai1/ccl-build/msccl_tools_lyd/examples/xml/xml_lyd/binary_tree/allreduce_binary_tree_2ch_2tree_256chunk_4node_16gpu.xml
c197-011:2897:2952 [2] NCCL INFO MSCCL: Parsing algorithm /home1/09168/ldai1/ccl-build/msccl_tools_lyd/examples/xml/xml_lyd/binary_tree/allreduce_binary_tree_2ch_2tree_256chunk_4node_16gpu.xml
c196-112:5329:5388 [0] NCCL INFO Channel 01/0 : 4[2000] -> 0[2000] [send] via NET/IB/0
c197-011:2898:2954 [3] NCCL INFO Parsed MSCCL Algorithm /home1/09168/ldai1/ccl-build/msccl_tools_lyd/examples/xml/xml_lyd/binary_tree/allreduce_binary_tree_2ch_2tree_256chunk_4node_16gpu.xml successfully.
c197-011:2895:2950 [0] NCCL INFO Channel 01/0 : 8[2000] -> 5[3000] [send] via NET/IB/0
c196-112:5332:5383 [3] NCCL INFO Parsed MSCCL Algorithm /home1/09168/ldai1/ccl-build/msccl_tools_lyd/examples/xml/xml_lyd/binary_tree/allreduce_binary_tree_2ch_2tree_256chunk_4node_16gpu.xml successfully.
c196-111:18836:18887 [0] NCCL INFO Connected all trees
c196-111:18836:18887 [0] NCCL INFO MSCCL_XML_FILES set by environment to /home1/09168/ldai1/ccl-build/msccl_tools_lyd/examples/xml/xml_lyd/binary_tree/allreduce_binary_tree_2ch_2tree_256chunk_4node_16gpu.xml
c196-111:18836:18887 [0] NCCL INFO MSCCL: Parsing algorithm /home1/09168/ldai1/ccl-build/msccl_tools_lyd/examples/xml/xml_lyd/binary_tree/allreduce_binary_tree_2ch_2tree_256chunk_4node_16gpu.xml
c196-111:18837:18896 [1] NCCL INFO Connected all trees
c196-111:18837:18896 [1] NCCL INFO MSCCL_XML_FILES set by environment to /home1/09168/ldai1/ccl-build/msccl_tools_lyd/examples/xml/xml_lyd/binary_tree/allreduce_binary_tree_2ch_2tree_256chunk_4node_16gpu.xml
c196-111:18837:18896 [1] NCCL INFO MSCCL: Parsing algorithm /home1/09168/ldai1/ccl-build/msccl_tools_lyd/examples/xml/xml_lyd/binary_tree/allreduce_binary_tree_2ch_2tree_256chunk_4node_16gpu.xml
c197-011:2895:2950 [0] NCCL INFO Connected all trees
c197-011:2895:2950 [0] NCCL INFO MSCCL_XML_FILES set by environment to /home1/09168/ldai1/ccl-build/msccl_tools_lyd/examples/xml/xml_lyd/binary_tree/allreduce_binary_tree_2ch_2tree_256chunk_4node_16gpu.xml
c197-011:2895:2950 [0] NCCL INFO MSCCL: Parsing algorithm /home1/09168/ldai1/ccl-build/msccl_tools_lyd/examples/xml/xml_lyd/binary_tree/allreduce_binary_tree_2ch_2tree_256chunk_4node_16gpu.xml
c196-112:5330:5387 [1] NCCL INFO Channel 00 : 5[3000] -> 4[2000] via direct shared memory
c196-112:5330:5387 [1] NCCL INFO Channel 01 : 5[3000] -> 4[2000] via direct shared memory
c196-112:5329:5388 [0] NCCL INFO Connected all trees
c196-112:5329:5388 [0] NCCL INFO MSCCL_XML_FILES set by environment to /home1/09168/ldai1/ccl-build/msccl_tools_lyd/examples/xml/xml_lyd/binary_tree/allreduce_binary_tree_2ch_2tree_256chunk_4node_16gpu.xml
c196-112:5329:5388 [0] NCCL INFO MSCCL: Parsing algorithm /home1/09168/ldai1/ccl-build/msccl_tools_lyd/examples/xml/xml_lyd/binary_tree/allreduce_binary_tree_2ch_2tree_256chunk_4node_16gpu.xml
c197-011:2896:2948 [1] NCCL INFO Connected all trees
c197-011:2896:2948 [1] NCCL INFO MSCCL_XML_FILES set by environment to /home1/09168/ldai1/ccl-build/msccl_tools_lyd/examples/xml/xml_lyd/binary_tree/allreduce_binary_tree_2ch_2tree_256chunk_4node_16gpu.xml
c197-011:2896:2948 [1] NCCL INFO MSCCL: Parsing algorithm /home1/09168/ldai1/ccl-build/msccl_tools_lyd/examples/xml/xml_lyd/binary_tree/allreduce_binary_tree_2ch_2tree_256chunk_4node_16gpu.xml
c196-112:5330:5387 [1] NCCL INFO Connected all trees
c196-112:5330:5387 [1] NCCL INFO MSCCL_XML_FILES set by environment to /home1/09168/ldai1/ccl-build/msccl_tools_lyd/examples/xml/xml_lyd/binary_tree/allreduce_binary_tree_2ch_2tree_256chunk_4node_16gpu.xml
c196-112:5330:5387 [1] NCCL INFO MSCCL: Parsing algorithm /home1/09168/ldai1/ccl-build/msccl_tools_lyd/examples/xml/xml_lyd/binary_tree/allreduce_binary_tree_2ch_2tree_256chunk_4node_16gpu.xml
c196-112:5331:5384 [2] NCCL INFO Connected all trees
c196-112:5331:5384 [2] NCCL INFO MSCCL_XML_FILES set by environment to /home1/09168/ldai1/ccl-build/msccl_tools_lyd/examples/xml/xml_lyd/binary_tree/allreduce_binary_tree_2ch_2tree_256chunk_4node_16gpu.xml
c196-112:5331:5384 [2] NCCL INFO MSCCL: Parsing algorithm /home1/09168/ldai1/ccl-build/msccl_tools_lyd/examples/xml/xml_lyd/binary_tree/allreduce_binary_tree_2ch_2tree_256chunk_4node_16gpu.xml
c197-012:31073:31129 [0] NCCL INFO Parsed MSCCL Algorithm /home1/09168/ldai1/ccl-build/msccl_tools_lyd/examples/xml/xml_lyd/binary_tree/allreduce_binary_tree_2ch_2tree_256chunk_4node_16gpu.xml successfully.
c197-012:31074:31126 [1] NCCL INFO Parsed MSCCL Algorithm /home1/09168/ldai1/ccl-build/msccl_tools_lyd/examples/xml/xml_lyd/binary_tree/allreduce_binary_tree_2ch_2tree_256chunk_4node_16gpu.xml successfully.
c197-012:31073:31129 [0] NCCL INFO Channel 02 : 12[2000] -> 13[3000] via direct shared memory
c197-012:31073:31129 [0] NCCL INFO Channel 03 : 12[2000] -> 13[3000] via direct shared memory
c197-011:2897:2952 [2] NCCL INFO Parsed MSCCL Algorithm /home1/09168/ldai1/ccl-build/msccl_tools_lyd/examples/xml/xml_lyd/binary_tree/allreduce_binary_tree_2ch_2tree_256chunk_4node_16gpu.xml successfully.
c197-012:31074:31126 [1] NCCL INFO Channel 02 : 13[3000] -> 14[82000] via direct shared memory
c197-012:31074:31126 [1] NCCL INFO Channel 03 : 13[3000] -> 14[82000] via direct shared memory
c197-012:31073:31129 [0] NCCL INFO Channel 02/0 : 4[2000] -> 12[2000] [receive] via NET/IB/0
c197-011:2897:2952 [2] NCCL INFO Channel 02 : 10[82000] -> 11[83000] via direct shared memory
c197-011:2897:2952 [2] NCCL INFO Channel 03 : 10[82000] -> 11[83000] via direct shared memory
c197-011:2898:2954 [3] NCCL INFO Channel 01/0 : 11[83000] -> 15[83000] [send] via NET/IB/0
c197-012:31074:31126 [1] NCCL INFO Channel 02 : 13[3000] -> 12[2000] via direct shared memory
c197-012:31075:31131 [2] NCCL INFO Channel 02 : 14[82000] -> 13[3000] via direct shared memory
c197-012:31074:31126 [1] NCCL INFO Channel 03 : 13[3000] -> 12[2000] via direct shared memory
c197-012:31075:31131 [2] NCCL INFO Channel 03 : 14[82000] -> 13[3000] via direct shared memory
c196-111:18837:18896 [1] NCCL INFO Parsed MSCCL Algorithm /home1/09168/ldai1/ccl-build/msccl_tools_lyd/examples/xml/xml_lyd/binary_tree/allreduce_binary_tree_2ch_2tree_256chunk_4node_16gpu.xml successfully.
c196-111:18836:18887 [0] NCCL INFO Parsed MSCCL Algorithm /home1/09168/ldai1/ccl-build/msccl_tools_lyd/examples/xml/xml_lyd/binary_tree/allreduce_binary_tree_2ch_2tree_256chunk_4node_16gpu.xml successfully.
c197-012:31073:31129 [0] NCCL INFO Channel 02/0 : 12[2000] -> 4[2000] [send] via NET/IB/0
c196-111:18836:18887 [0] NCCL INFO Channel 02 : 0[2000] -> 1[3000] via direct shared memory
c196-111:18836:18887 [0] NCCL INFO Channel 03 : 0[2000] -> 1[3000] via direct shared memory
c197-011:2895:2950 [0] NCCL INFO Parsed MSCCL Algorithm /home1/09168/ldai1/ccl-build/msccl_tools_lyd/examples/xml/xml_lyd/binary_tree/allreduce_binary_tree_2ch_2tree_256chunk_4node_16gpu.xml successfully.
c196-112:5331:5384 [2] NCCL INFO Parsed MSCCL Algorithm /home1/09168/ldai1/ccl-build/msccl_tools_lyd/examples/xml/xml_lyd/binary_tree/allreduce_binary_tree_2ch_2tree_256chunk_4node_16gpu.xml successfully.
c197-011:2895:2950 [0] NCCL INFO Channel 02 : 8[2000] -> 9[3000] via direct shared memory
c197-011:2895:2950 [0] NCCL INFO Channel 03 : 8[2000] -> 9[3000] via direct shared memory
c197-011:2896:2948 [1] NCCL INFO Parsed MSCCL Algorithm /home1/09168/ldai1/ccl-build/msccl_tools_lyd/examples/xml/xml_lyd/binary_tree/allreduce_binary_tree_2ch_2tree_256chunk_4node_16gpu.xml successfully.
c196-112:5329:5388 [0] NCCL INFO Parsed MSCCL Algorithm /home1/09168/ldai1/ccl-build/msccl_tools_lyd/examples/xml/xml_lyd/binary_tree/allreduce_binary_tree_2ch_2tree_256chunk_4node_16gpu.xml successfully.
c196-111:18837:18896 [1] NCCL INFO Channel 02 : 1[3000] -> 2[82000] via direct shared memory
c196-111:18837:18896 [1] NCCL INFO Channel 03 : 1[3000] -> 2[82000] via direct shared memory
c196-112:5330:5387 [1] NCCL INFO Parsed MSCCL Algorithm /home1/09168/ldai1/ccl-build/msccl_tools_lyd/examples/xml/xml_lyd/binary_tree/allreduce_binary_tree_2ch_2tree_256chunk_4node_16gpu.xml successfully.
c196-112:5329:5388 [0] NCCL INFO Channel 02 : 4[2000] -> 5[3000] via direct shared memory
c196-112:5329:5388 [0] NCCL INFO Channel 03 : 4[2000] -> 5[3000] via direct shared memory
c196-112:5331:5384 [2] NCCL INFO Channel 02 : 6[82000] -> 7[83000] via direct shared memory
c196-112:5331:5384 [2] NCCL INFO Channel 03 : 6[82000] -> 7[83000] via direct shared memory
c196-111:18836:18887 [0] NCCL INFO Channel 02/0 : 0[2000] -> 4[2000] [send] via NET/IB/0
c197-011:2898:2954 [3] NCCL INFO Channel 03/0 : 6[82000] -> 11[83000] [receive] via NET/IB/0
c196-112:5332:5383 [3] NCCL INFO Channel 01/0 : 7[83000] -> 10[82000] [send] via NET/IB/0
c197-011:2896:2948 [1] NCCL INFO Channel 02 : 9[3000] -> 10[82000] via direct shared memory
c197-012:31076:31132 [3] NCCL INFO Channel 03/0 : 7[83000] -> 15[83000] [receive] via NET/IB/0
c197-011:2896:2948 [1] NCCL INFO Channel 03 : 9[3000] -> 10[82000] via direct shared memory
c197-011:2895:2950 [0] NCCL INFO Channel 02/0 : 5[3000] -> 8[2000] [receive] via NET/IB/0
c197-011:2897:2952 [2] NCCL INFO Channel 01/0 : 7[83000] -> 10[82000] [receive] via NET/IB/0
c196-112:5330:5387 [1] NCCL INFO Channel 02 : 5[3000] -> 6[82000] via direct shared memory
c196-112:5330:5387 [1] NCCL INFO Channel 03 : 5[3000] -> 6[82000] via direct shared memory
c196-111:18837:18896 [1] NCCL INFO Channel 02 : 1[3000] -> 0[2000] via direct shared memory
c196-111:18838:18894 [2] NCCL INFO Channel 02 : 2[82000] -> 1[3000] via direct shared memory
c196-111:18837:18896 [1] NCCL INFO Channel 03 : 1[3000] -> 0[2000] via direct shared memory
c196-111:18838:18894 [2] NCCL INFO Channel 03 : 2[82000] -> 1[3000] via direct shared memory
c196-112:5329:5388 [0] NCCL INFO Channel 02/0 : 0[2000] -> 4[2000] [receive] via NET/IB/0
c196-112:5330:5387 [1] NCCL INFO Channel 02/0 : 5[3000] -> 8[2000] [send] via NET/IB/0
c197-011:2896:2948 [1] NCCL INFO Channel 02 : 9[3000] -> 8[2000] via direct shared memory
c197-011:2896:2948 [1] NCCL INFO Channel 03 : 9[3000] -> 8[2000] via direct shared memory
c196-112:5331:5384 [2] NCCL INFO Channel 03/0 : 6[82000] -> 11[83000] [send] via NET/IB/0
c197-012:31076:31132 [3] NCCL INFO Channel 03/0 : 15[83000] -> 7[83000] [send] via NET/IB/0
c196-112:5332:5383 [3] NCCL INFO Channel 03/0 : 3[83000] -> 7[83000] [receive] via NET/IB/0
c197-011:2897:2952 [2] NCCL INFO Channel 01/0 : 10[82000] -> 7[83000] [send] via NET/IB/0
c196-111:18836:18887 [0] NCCL INFO Channel 02/0 : 4[2000] -> 0[2000] [receive] via NET/IB/0
c196-112:5330:5387 [1] NCCL INFO Channel 02/0 : 8[2000] -> 5[3000] [receive] via NET/IB/0
c196-112:5329:5388 [0] NCCL INFO Channel 02/0 : 12[2000] -> 4[2000] [receive] via NET/IB/0
c196-112:5331:5384 [2] NCCL INFO Channel 03/0 : 11[83000] -> 6[82000] [receive] via NET/IB/0
c197-011:2895:2950 [0] NCCL INFO Channel 02/0 : 8[2000] -> 5[3000] [send] via NET/IB/0
c197-011:2898:2954 [3] NCCL INFO Channel 01/0 : 3[83000] -> 11[83000] [receive] via NET/IB/0
c197-011:2895:2950 [0] NCCL INFO Connected 1 MSCCL algorithms
c197-011:2895:2950 [0] NCCL INFO NCCL_PROTO set by environment to Simple
c197-011:2895:2950 [0] NCCL INFO NCCL_ALGO set by environment to MSCCL,TREE,RING
c196-112:5330:5387 [1] NCCL INFO Channel 02 : 5[3000] -> 4[2000] via direct shared memory
c197-011:2895:2950 [0] NCCL INFO threadThresholds 8/8/64 | 128/8/64 | 8/8/64 | 8/8/512
c197-011:2895:2950 [0] NCCL INFO 4 coll channels, 2 p2p channels, 2 p2p channels per peer
c196-112:5330:5387 [1] NCCL INFO Channel 03 : 5[3000] -> 4[2000] via direct shared memory
c196-111:18839:18892 [3] NCCL INFO Channel 01/0 : 11[83000] -> 3[83000] [receive] via NET/IB/0
c196-112:5332:5383 [3] NCCL INFO Channel 03/0 : 15[83000] -> 7[83000] [receive] via NET/IB/0
c196-112:5329:5388 [0] NCCL INFO Channel 02/0 : 4[2000] -> 12[2000] [send] via NET/IB/0
c197-011:2898:2954 [3] NCCL INFO Channel 01/0 : 11[83000] -> 3[83000] [send] via NET/IB/0
c197-012:31073:31129 [0] NCCL INFO Connected 1 MSCCL algorithms
c197-012:31073:31129 [0] NCCL INFO NCCL_PROTO set by environment to Simple
c197-012:31073:31129 [0] NCCL INFO NCCL_ALGO set by environment to MSCCL,TREE,RING
c197-012:31073:31129 [0] NCCL INFO threadThresholds 8/8/64 | 128/8/64 | 8/8/64 | 8/8/512
c197-012:31073:31129 [0] NCCL INFO 4 coll channels, 2 p2p channels, 2 p2p channels per peer
c197-012:31074:31126 [1] NCCL INFO Connected 1 MSCCL algorithms
c197-012:31074:31126 [1] NCCL INFO NCCL_PROTO set by environment to Simple
c197-012:31074:31126 [1] NCCL INFO NCCL_ALGO set by environment to MSCCL,TREE,RING
c197-012:31074:31126 [1] NCCL INFO threadThresholds 8/8/64 | 128/8/64 | 8/8/64 | 8/8/512
c197-012:31074:31126 [1] NCCL INFO 4 coll channels, 2 p2p channels, 2 p2p channels per peer
c196-111:18839:18892 [3] NCCL INFO Channel 01/0 : 3[83000] -> 11[83000] [send] via NET/IB/0
c196-112:5332:5383 [3] NCCL INFO Channel 03/0 : 7[83000] -> 15[83000] [send] via NET/IB/0
c196-112:5329:5388 [0] NCCL INFO Channel 02/0 : 4[2000] -> 0[2000] [send] via NET/IB/0
c196-111:18836:18887 [0] NCCL INFO Connected 1 MSCCL algorithms
c196-111:18836:18887 [0] NCCL INFO NCCL_PROTO set by environment to Simple
c196-111:18836:18887 [0] NCCL INFO NCCL_ALGO set by environment to MSCCL,TREE,RING
c196-111:18836:18887 [0] NCCL INFO threadThresholds 8/8/64 | 128/8/64 | 8/8/64 | 8/8/512
c196-111:18836:18887 [0] NCCL INFO 4 coll channels, 2 p2p channels, 2 p2p channels per peer
c196-111:18837:18896 [1] NCCL INFO Connected 1 MSCCL algorithms
c196-111:18837:18896 [1] NCCL INFO NCCL_PROTO set by environment to Simple
c196-111:18837:18896 [1] NCCL INFO NCCL_ALGO set by environment to MSCCL,TREE,RING
c196-111:18837:18896 [1] NCCL INFO threadThresholds 8/8/64 | 128/8/64 | 8/8/64 | 8/8/512
c196-111:18837:18896 [1] NCCL INFO 4 coll channels, 2 p2p channels, 2 p2p channels per peer
c196-112:5329:5388 [0] NCCL INFO Connected 1 MSCCL algorithms
c196-112:5329:5388 [0] NCCL INFO NCCL_PROTO set by environment to Simple
c196-112:5329:5388 [0] NCCL INFO NCCL_ALGO set by environment to MSCCL,TREE,RING
c196-112:5329:5388 [0] NCCL INFO threadThresholds 8/8/64 | 128/8/64 | 8/8/64 | 8/8/512
c196-112:5329:5388 [0] NCCL INFO 4 coll channels, 2 p2p channels, 2 p2p channels per peer
c196-111:18839:18892 [3] NCCL INFO Channel 03/0 : 7[83000] -> 3[83000] [receive] via NET/IB/0
c196-112:5332:5383 [3] NCCL INFO Channel 03/0 : 7[83000] -> 3[83000] [send] via NET/IB/0
c197-011:2898:2954 [3] NCCL INFO Channel 03/0 : 11[83000] -> 6[82000] [send] via NET/IB/0
c197-012:31076:31132 [3] NCCL INFO Channel 01/0 : 15[83000] -> 11[83000] [send] via NET/IB/0
c196-111:18839:18892 [3] NCCL INFO Channel 02 : 3[83000] -> 2[82000] via direct shared memory
c196-111:18839:18892 [3] NCCL INFO Channel 03 : 3[83000] -> 2[82000] via direct shared memory
c196-111:18839:18892 [3] NCCL INFO Connected 1 MSCCL algorithms
c196-111:18839:18892 [3] NCCL INFO NCCL_PROTO set by environment to Simple
c196-111:18839:18892 [3] NCCL INFO NCCL_ALGO set by environment to MSCCL,TREE,RING
c196-111:18839:18892 [3] NCCL INFO threadThresholds 8/8/64 | 128/8/64 | 8/8/64 | 8/8/512
c196-111:18839:18892 [3] NCCL INFO 4 coll channels, 2 p2p channels, 2 p2p channels per peer
c196-111:18838:18894 [2] NCCL INFO Connected 1 MSCCL algorithms
c196-111:18838:18894 [2] NCCL INFO NCCL_PROTO set by environment to Simple
c196-111:18838:18894 [2] NCCL INFO NCCL_ALGO set by environment to MSCCL,TREE,RING
c196-111:18838:18894 [2] NCCL INFO threadThresholds 8/8/64 | 128/8/64 | 8/8/64 | 8/8/512
c196-111:18838:18894 [2] NCCL INFO 4 coll channels, 2 p2p channels, 2 p2p channels per peer
c196-112:5331:5384 [2] NCCL INFO Channel 02 : 6[82000] -> 5[3000] via direct shared memory
c196-112:5331:5384 [2] NCCL INFO Channel 03 : 6[82000] -> 5[3000] via direct shared memory
c196-112:5330:5387 [1] NCCL INFO Connected 1 MSCCL algorithms
c196-112:5330:5387 [1] NCCL INFO NCCL_PROTO set by environment to Simple
c196-112:5330:5387 [1] NCCL INFO NCCL_ALGO set by environment to MSCCL,TREE,RING
c196-112:5330:5387 [1] NCCL INFO threadThresholds 8/8/64 | 128/8/64 | 8/8/64 | 8/8/512
c196-112:5330:5387 [1] NCCL INFO 4 coll channels, 2 p2p channels, 2 p2p channels per peer
c197-011:2898:2954 [3] NCCL INFO Channel 01/0 : 15[83000] -> 11[83000] [receive] via NET/IB/0
c196-112:5332:5383 [3] NCCL INFO Channel 01/0 : 10[82000] -> 7[83000] [receive] via NET/IB/0
c197-012:31076:31132 [3] NCCL INFO Channel 02 : 15[83000] -> 14[82000] via direct shared memory
c197-012:31076:31132 [3] NCCL INFO Channel 03 : 15[83000] -> 14[82000] via direct shared memory
c197-011:2898:2954 [3] NCCL INFO Channel 02 : 11[83000] -> 10[82000] via direct shared memory
c196-112:5332:5383 [3] NCCL INFO Channel 02 : 7[83000] -> 6[82000] via direct shared memory
c197-011:2898:2954 [3] NCCL INFO Channel 03 : 11[83000] -> 10[82000] via direct shared memory
c196-112:5332:5383 [3] NCCL INFO Channel 03 : 7[83000] -> 6[82000] via direct shared memory
c196-111:18837:18896 [1] NCCL INFO comm 0x2b291e000010 rank 1 nranks 16 cudaDev 1 busId 3000 - Init COMPLETE
c196-111:18839:18892 [3] NCCL INFO comm 0x2b76be000010 rank 3 nranks 16 cudaDev 3 busId 83000 - Init COMPLETE
c196-111:18836:18887 [0] NCCL INFO comm 0x2b708e000010 rank 0 nranks 16 cudaDev 0 busId 2000 - Init COMPLETE
c196-111:18838:18894 [2] NCCL INFO comm 0x2ba232000010 rank 2 nranks 16 cudaDev 2 busId 82000 - Init COMPLETE
#
#                                                              out-of-place                       in-place          
#       size         count      type   redop    root     time   algbw   busbw #wrong     time   algbw   busbw #wrong
#        (B)    (elements)                               (us)  (GB/s)  (GB/s)            (us)  (GB/s)  (GB/s)       
c197-012:31076:31132 [3] NCCL INFO Connected 1 MSCCL algorithms
c197-012:31076:31132 [3] NCCL INFO NCCL_PROTO set by environment to Simple
c197-012:31076:31132 [3] NCCL INFO NCCL_ALGO set by environment to MSCCL,TREE,RING
c197-012:31076:31132 [3] NCCL INFO threadThresholds 8/8/64 | 128/8/64 | 8/8/64 | 8/8/512
c197-012:31076:31132 [3] NCCL INFO 4 coll channels, 2 p2p channels, 2 p2p channels per peer
c196-112:5332:5383 [3] NCCL INFO Connected 1 MSCCL algorithms
c196-112:5332:5383 [3] NCCL INFO NCCL_PROTO set by environment to Simple
c196-112:5332:5383 [3] NCCL INFO NCCL_ALGO set by environment to MSCCL,TREE,RING
c196-112:5332:5383 [3] NCCL INFO threadThresholds 8/8/64 | 128/8/64 | 8/8/64 | 8/8/512
c196-112:5332:5383 [3] NCCL INFO 4 coll channels, 2 p2p channels, 2 p2p channels per peer
c197-012:31075:31131 [2] NCCL INFO Connected 1 MSCCL algorithms
c197-012:31075:31131 [2] NCCL INFO NCCL_PROTO set by environment to Simple
c197-012:31075:31131 [2] NCCL INFO NCCL_ALGO set by environment to MSCCL,TREE,RING
c197-012:31075:31131 [2] NCCL INFO threadThresholds 8/8/64 | 128/8/64 | 8/8/64 | 8/8/512
c197-012:31075:31131 [2] NCCL INFO 4 coll channels, 2 p2p channels, 2 p2p channels per peer
c196-112:5331:5384 [2] NCCL INFO Connected 1 MSCCL algorithms
c196-112:5331:5384 [2] NCCL INFO NCCL_PROTO set by environment to Simple
c196-112:5331:5384 [2] NCCL INFO NCCL_ALGO set by environment to MSCCL,TREE,RING
c196-112:5331:5384 [2] NCCL INFO threadThresholds 8/8/64 | 128/8/64 | 8/8/64 | 8/8/512
c196-112:5331:5384 [2] NCCL INFO 4 coll channels, 2 p2p channels, 2 p2p channels per peer
c197-011:2897:2952 [2] NCCL INFO Channel 02 : 10[82000] -> 9[3000] via direct shared memory
c197-011:2897:2952 [2] NCCL INFO Channel 03 : 10[82000] -> 9[3000] via direct shared memory
c197-011:2898:2954 [3] NCCL INFO Connected 1 MSCCL algorithms
c197-011:2898:2954 [3] NCCL INFO NCCL_PROTO set by environment to Simple
c197-011:2898:2954 [3] NCCL INFO NCCL_ALGO set by environment to MSCCL,TREE,RING
c197-011:2898:2954 [3] NCCL INFO threadThresholds 8/8/64 | 128/8/64 | 8/8/64 | 8/8/512
c197-011:2898:2954 [3] NCCL INFO 4 coll channels, 2 p2p channels, 2 p2p channels per peer
c197-011:2897:2952 [2] NCCL INFO Connected 1 MSCCL algorithms
c197-011:2897:2952 [2] NCCL INFO NCCL_PROTO set by environment to Simple
c197-011:2897:2952 [2] NCCL INFO NCCL_ALGO set by environment to MSCCL,TREE,RING
c197-011:2897:2952 [2] NCCL INFO threadThresholds 8/8/64 | 128/8/64 | 8/8/64 | 8/8/512
c197-011:2897:2952 [2] NCCL INFO 4 coll channels, 2 p2p channels, 2 p2p channels per peer
c197-011:2896:2948 [1] NCCL INFO Connected 1 MSCCL algorithms
c197-011:2896:2948 [1] NCCL INFO NCCL_PROTO set by environment to Simple
c197-011:2896:2948 [1] NCCL INFO NCCL_ALGO set by environment to MSCCL,TREE,RING
c197-011:2896:2948 [1] NCCL INFO threadThresholds 8/8/64 | 128/8/64 | 8/8/64 | 8/8/512
c197-011:2896:2948 [1] NCCL INFO 4 coll channels, 2 p2p channels, 2 p2p channels per peer
c197-012:31076:31132 [3] NCCL INFO comm 0x2b741e201010 rank 15 nranks 16 cudaDev 3 busId 83000 - Init COMPLETE
c197-012:31075:31131 [2] NCCL INFO comm 0x2ae3fe000010 rank 14 nranks 16 cudaDev 2 busId 82000 - Init COMPLETE
c197-012:31073:31129 [0] NCCL INFO comm 0x2b6ae0000010 rank 12 nranks 16 cudaDev 0 busId 2000 - Init COMPLETE
c197-012:31074:31126 [1] NCCL INFO comm 0x2b2122402010 rank 13 nranks 16 cudaDev 1 busId 3000 - Init COMPLETE
c196-112:5332:5383 [3] NCCL INFO comm 0x2b84f4000010 rank 7 nranks 16 cudaDev 3 busId 83000 - Init COMPLETE
c196-112:5331:5384 [2] NCCL INFO comm 0x2b98ed30d010 rank 6 nranks 16 cudaDev 2 busId 82000 - Init COMPLETE
c196-112:5330:5387 [1] NCCL INFO comm 0x2b7580000010 rank 5 nranks 16 cudaDev 1 busId 3000 - Init COMPLETE
c196-112:5329:5388 [0] NCCL INFO comm 0x2adb7145a010 rank 4 nranks 16 cudaDev 0 busId 2000 - Init COMPLETE
c197-011:2895:2950 [0] NCCL INFO comm 0x2b8132615010 rank 8 nranks 16 cudaDev 0 busId 2000 - Init COMPLETE
c197-011:2897:2952 [2] NCCL INFO comm 0x2b2c116fb010 rank 10 nranks 16 cudaDev 2 busId 82000 - Init COMPLETE
c197-011:2898:2954 [3] NCCL INFO comm 0x2b5a4c000010 rank 11 nranks 16 cudaDev 3 busId 83000 - Init COMPLETE
c197-011:2896:2948 [1] NCCL INFO comm 0x2b6a7e000010 rank 9 nranks 16 cudaDev 1 busId 3000 - Init COMPLETE
c196-111:18836:18836 [0] NCCL INFO Launch mode Parallel
       65536         16384     float     sum      -1   8324.1    0.01    0.01      0   8465.0    0.01    0.01      0
      131072         32768     float     sum      -1   8500.0    0.02    0.03      0   8499.6    0.02    0.03      0
      262144         65536     float     sum      -1   8490.4    0.03    0.06      0   8534.5    0.03    0.06      0
      524288        131072     float     sum      -1   8578.3    0.06    0.11      0   8559.5    0.06    0.11      0
     1048576        262144     float     sum      -1   8573.4    0.12    0.23      0   8619.3    0.12    0.23      0
     2097152        524288     float     sum      -1   8623.4    0.24    0.46      0   8595.8    0.24    0.46      0
     4194304       1048576     float     sum      -1   8738.0    0.48    0.90      0   8744.6    0.48    0.90      0
     8388608       2097152     float     sum      -1   9202.6    0.91    1.71      0   9215.0    0.91    1.71      0
    16777216       4194304     float     sum      -1    10092    1.66    3.12      0    10088    1.66    3.12      0
    33554432       8388608     float     sum      -1    16576    2.02    3.80      0    16602    2.02    3.79      0
    67108864      16777216     float     sum      -1    31961    2.10    3.94      0    31935    2.10    3.94      0
   134217728      33554432     float     sum      -1    64447    2.08    3.90      0    64798    2.07    3.88      0
   268435456      67108864     float     sum      -1   129086    2.08    3.90      0   127365    2.11    3.95      0
c196-111:18839:18839 [3] NCCL INFO comm 0x2b76be000010 rank 3 nranks 16 cudaDev 3 busId 83000 - Destroy COMPLETE
c196-111:18837:18837 [1] NCCL INFO comm 0x2b291e000010 rank 1 nranks 16 cudaDev 1 busId 3000 - Destroy COMPLETE
c197-012:31074:31074 [1] NCCL INFO comm 0x2b2122402010 rank 13 nranks 16 cudaDev 1 busId 3000 - Destroy COMPLETE
c197-012:31076:31076 [3] NCCL INFO comm 0x2b741e201010 rank 15 nranks 16 cudaDev 3 busId 83000 - Destroy COMPLETE
c196-112:5332:5332 [3] NCCL INFO comm 0x2b84f4000010 rank 7 nranks 16 cudaDev 3 busId 83000 - Destroy COMPLETE
c197-011:2898:2898 [3] NCCL INFO comm 0x2b5a4c000010 rank 11 nranks 16 cudaDev 3 busId 83000 - Destroy COMPLETE
c196-111:18836:18836 [0] NCCL INFO comm 0x2b708e000010 rank 0 nranks 16 cudaDev 0 busId 2000 - Destroy COMPLETE
c197-012:31073:31073 [0] NCCL INFO comm 0x2b6ae0000010 rank 12 nranks 16 cudaDev 0 busId 2000 - Destroy COMPLETE
c197-011:2895:2895 [0] NCCL INFO comm 0x2b8132615010 rank 8 nranks 16 cudaDev 0 busId 2000 - Destroy COMPLETE
c197-012:31075:31075 [2] NCCL INFO comm 0x2ae3fe000010 rank 14 nranks 16 cudaDev 2 busId 82000 - Destroy COMPLETE
c196-112:5331:5331 [2] NCCL INFO comm 0x2b98ed30d010 rank 6 nranks 16 cudaDev 2 busId 82000 - Destroy COMPLETE
c196-112:5329:5329 [0] NCCL INFO comm 0x2adb7145a010 rank 4 nranks 16 cudaDev 0 busId 2000 - Destroy COMPLETE
c196-111:18838:18838 [2] NCCL INFO comm 0x2ba232000010 rank 2 nranks 16 cudaDev 2 busId 82000 - Destroy COMPLETE
# Out of bounds values : 0 OK
# Avg bus bandwidth    : 1.70597 
#
c197-011:2896:2896 [1] NCCL INFO comm 0x2b6a7e000010 rank 9 nranks 16 cudaDev 1 busId 3000 - Destroy COMPLETE
c197-011:2897:2897 [2] NCCL INFO comm 0x2b2c116fb010 rank 10 nranks 16 cudaDev 2 busId 82000 - Destroy COMPLETE
c196-112:5330:5330 [1] NCCL INFO comm 0x2b7580000010 rank 5 nranks 16 cudaDev 1 busId 3000 - Destroy COMPLETE

TACC:  Shutdown complete. Exiting. 
