TACC:  Starting up job 6212661 
TACC:  Starting parallel tasks... 
# nThread 1 nGpus 1 minBytes 65536 maxBytes 268435456 step: 2(factor) warmup iters: 5 iters: 60 agg iters: 1 validation: 1 graph: 0
#
# Using devices
#  Rank  0 Group  0 Pid  17499 on   c196-111 device  0 [0x02] Quadro RTX 5000
#  Rank  1 Group  0 Pid  17500 on   c196-111 device  1 [0x03] Quadro RTX 5000
#  Rank  2 Group  0 Pid  17501 on   c196-111 device  2 [0x82] Quadro RTX 5000
#  Rank  3 Group  0 Pid  17502 on   c196-111 device  3 [0x83] Quadro RTX 5000
#  Rank  4 Group  0 Pid   3905 on   c196-112 device  0 [0x02] Quadro RTX 5000
#  Rank  5 Group  0 Pid   3906 on   c196-112 device  1 [0x03] Quadro RTX 5000
#  Rank  6 Group  0 Pid   3907 on   c196-112 device  2 [0x82] Quadro RTX 5000
#  Rank  7 Group  0 Pid   3908 on   c196-112 device  3 [0x83] Quadro RTX 5000
#  Rank  8 Group  0 Pid   1422 on   c197-011 device  0 [0x02] Quadro RTX 5000
#  Rank  9 Group  0 Pid   1423 on   c197-011 device  1 [0x03] Quadro RTX 5000
#  Rank 10 Group  0 Pid   1424 on   c197-011 device  2 [0x82] Quadro RTX 5000
#  Rank 11 Group  0 Pid   1425 on   c197-011 device  3 [0x83] Quadro RTX 5000
#  Rank 12 Group  0 Pid  29649 on   c197-012 device  0 [0x02] Quadro RTX 5000
#  Rank 13 Group  0 Pid  29650 on   c197-012 device  1 [0x03] Quadro RTX 5000
#  Rank 14 Group  0 Pid  29651 on   c197-012 device  2 [0x82] Quadro RTX 5000
#  Rank 15 Group  0 Pid  29652 on   c197-012 device  3 [0x83] Quadro RTX 5000
The MSCCL XML file exists: /home1/09168/ldai1/ccl-build/msccl_tools_lyd/examples/xml/xml_lyd/binary_tree/allreduce_binary_tree_1ch_2tree_1chunk_4node_16gpu.xml
c196-111:17499:17499 [0] NCCL INFO Bootstrap : Using ib0:192.168.44.121<0>
c196-111:17499:17499 [0] NCCL INFO NET/Plugin : No plugin found (libnccl-net.so), using internal implementation
c196-111:17499:17499 [0] NCCL INFO NET/IB : Using [0]mlx4_0:1/IB [RO]; OOB ib0:192.168.44.121<0>
c196-111:17499:17499 [0] NCCL INFO Using network IB
NCCL version 2.12.12.MSCCL.0.7.4+cuda11.3
c196-111:17501:17501 [2] NCCL INFO Bootstrap : Using ib0:192.168.44.121<0>
c196-111:17501:17501 [2] NCCL INFO NET/Plugin : No plugin found (libnccl-net.so), using internal implementation
c196-111:17502:17502 [3] NCCL INFO Bootstrap : Using ib0:192.168.44.121<0>
c196-111:17502:17502 [3] NCCL INFO NET/Plugin : No plugin found (libnccl-net.so), using internal implementation
c196-111:17502:17502 [3] NCCL INFO NET/IB : Using [0]mlx4_0:1/IB [RO]; OOB ib0:192.168.44.121<0>
c196-111:17502:17502 [3] NCCL INFO Using network IB
c196-111:17501:17501 [2] NCCL INFO NET/IB : Using [0]mlx4_0:1/IB [RO]; OOB ib0:192.168.44.121<0>
c196-111:17501:17501 [2] NCCL INFO Using network IB
c196-111:17500:17500 [1] NCCL INFO Bootstrap : Using ib0:192.168.44.121<0>
c196-111:17500:17500 [1] NCCL INFO NET/Plugin : No plugin found (libnccl-net.so), using internal implementation
c196-111:17500:17500 [1] NCCL INFO NET/IB : Using [0]mlx4_0:1/IB [RO]; OOB ib0:192.168.44.121<0>
c196-111:17500:17500 [1] NCCL INFO Using network IB
c197-012:29651:29651 [2] NCCL INFO Bootstrap : Using ib0:192.168.44.124<0>
c197-012:29652:29652 [3] NCCL INFO Bootstrap : Using ib0:192.168.44.124<0>
c197-012:29651:29651 [2] NCCL INFO NET/Plugin : No plugin found (libnccl-net.so), using internal implementation
c197-012:29652:29652 [3] NCCL INFO NET/Plugin : No plugin found (libnccl-net.so), using internal implementation
c197-012:29652:29652 [3] NCCL INFO NET/IB : Using [0]mlx4_0:1/IB [RO]; OOB ib0:192.168.44.124<0>
c197-012:29652:29652 [3] NCCL INFO Using network IB
c197-012:29651:29651 [2] NCCL INFO NET/IB : Using [0]mlx4_0:1/IB [RO]; OOB ib0:192.168.44.124<0>
c197-012:29651:29651 [2] NCCL INFO Using network IB
c197-012:29649:29649 [0] NCCL INFO Bootstrap : Using ib0:192.168.44.124<0>
c197-012:29650:29650 [1] NCCL INFO Bootstrap : Using ib0:192.168.44.124<0>
c197-012:29649:29649 [0] NCCL INFO NET/Plugin : No plugin found (libnccl-net.so), using internal implementation
c197-012:29650:29650 [1] NCCL INFO NET/Plugin : No plugin found (libnccl-net.so), using internal implementation
c197-012:29650:29650 [1] NCCL INFO NET/IB : Using [0]mlx4_0:1/IB [RO]; OOB ib0:192.168.44.124<0>
c197-012:29650:29650 [1] NCCL INFO Using network IB
c197-012:29649:29649 [0] NCCL INFO NET/IB : Using [0]mlx4_0:1/IB [RO]; OOB ib0:192.168.44.124<0>
c197-012:29649:29649 [0] NCCL INFO Using network IB
c197-011:1423:1423 [1] NCCL INFO Bootstrap : Using ib0:192.168.44.123<0>
c197-011:1423:1423 [1] NCCL INFO NET/Plugin : No plugin found (libnccl-net.so), using internal implementation
c197-011:1422:1422 [0] NCCL INFO Bootstrap : Using ib0:192.168.44.123<0>
c197-011:1425:1425 [3] NCCL INFO Bootstrap : Using ib0:192.168.44.123<0>
c197-011:1424:1424 [2] NCCL INFO Bootstrap : Using ib0:192.168.44.123<0>
c197-011:1422:1422 [0] NCCL INFO NET/Plugin : No plugin found (libnccl-net.so), using internal implementation
c197-011:1424:1424 [2] NCCL INFO NET/Plugin : No plugin found (libnccl-net.so), using internal implementation
c197-011:1425:1425 [3] NCCL INFO NET/Plugin : No plugin found (libnccl-net.so), using internal implementation
c197-011:1423:1423 [1] NCCL INFO NET/IB : Using [0]mlx4_0:1/IB [RO]; OOB ib0:192.168.44.123<0>
c197-011:1423:1423 [1] NCCL INFO Using network IB
c197-011:1422:1422 [0] NCCL INFO NET/IB : Using [0]mlx4_0:1/IB [RO]; OOB ib0:192.168.44.123<0>
c197-011:1422:1422 [0] NCCL INFO Using network IB
c197-011:1425:1425 [3] NCCL INFO NET/IB : Using [0]mlx4_0:1/IB [RO]; OOB ib0:192.168.44.123<0>
c197-011:1425:1425 [3] NCCL INFO Using network IB
c197-011:1424:1424 [2] NCCL INFO NET/IB : Using [0]mlx4_0:1/IB [RO]; OOB ib0:192.168.44.123<0>
c197-011:1424:1424 [2] NCCL INFO Using network IB
c196-112:3907:3907 [2] NCCL INFO Bootstrap : Using ib0:192.168.44.122<0>
c196-112:3908:3908 [3] NCCL INFO Bootstrap : Using ib0:192.168.44.122<0>
c196-112:3907:3907 [2] NCCL INFO NET/Plugin : No plugin found (libnccl-net.so), using internal implementation
c196-112:3908:3908 [3] NCCL INFO NET/Plugin : No plugin found (libnccl-net.so), using internal implementation
c196-112:3907:3907 [2] NCCL INFO NET/IB : Using [0]mlx4_0:1/IB [RO]; OOB ib0:192.168.44.122<0>
c196-112:3907:3907 [2] NCCL INFO Using network IB
c196-112:3908:3908 [3] NCCL INFO NET/IB : Using [0]mlx4_0:1/IB [RO]; OOB ib0:192.168.44.122<0>
c196-112:3908:3908 [3] NCCL INFO Using network IB
c196-112:3905:3905 [0] NCCL INFO Bootstrap : Using ib0:192.168.44.122<0>
c196-112:3906:3906 [1] NCCL INFO Bootstrap : Using ib0:192.168.44.122<0>
c196-112:3905:3905 [0] NCCL INFO NET/Plugin : No plugin found (libnccl-net.so), using internal implementation
c196-112:3906:3906 [1] NCCL INFO NET/Plugin : No plugin found (libnccl-net.so), using internal implementation
c196-112:3906:3906 [1] NCCL INFO NET/IB : Using [0]mlx4_0:1/IB [RO]; OOB ib0:192.168.44.122<0>
c196-112:3905:3905 [0] NCCL INFO NET/IB : Using [0]mlx4_0:1/IB [RO]; OOB ib0:192.168.44.122<0>
c196-112:3905:3905 [0] NCCL INFO Using network IB
c196-112:3906:3906 [1] NCCL INFO Using network IB
c196-111:17499:17551 [0] NCCL INFO Setting affinity for GPU 0 to 0f000f
c196-111:17502:17556 [3] NCCL INFO Setting affinity for GPU 3 to f000f000
c196-111:17501:17558 [2] NCCL INFO Setting affinity for GPU 2 to 0f000f00
c196-111:17500:17560 [1] NCCL INFO Setting affinity for GPU 1 to f000f0
c196-112:3908:3961 [3] NCCL INFO Setting affinity for GPU 3 to f000f000
c197-011:1425:1480 [3] NCCL INFO Setting affinity for GPU 3 to f000f000
c197-012:29652:29704 [3] NCCL INFO Setting affinity for GPU 3 to f000f000
c196-112:3907:3959 [2] NCCL INFO Setting affinity for GPU 2 to 0f000f00
c197-012:29651:29703 [2] NCCL INFO Setting affinity for GPU 2 to 0f000f00
c197-011:1424:1481 [2] NCCL INFO Setting affinity for GPU 2 to 0f000f00
c196-112:3905:3964 [0] NCCL INFO Setting affinity for GPU 0 to 0f000f
c196-112:3906:3965 [1] NCCL INFO Setting affinity for GPU 1 to f000f0
c197-011:1422:1478 [0] NCCL INFO Setting affinity for GPU 0 to 0f000f
c197-012:29649:29708 [0] NCCL INFO Setting affinity for GPU 0 to 0f000f
c197-012:29650:29707 [1] NCCL INFO Setting affinity for GPU 1 to f000f0
c197-011:1423:1475 [1] NCCL INFO Setting affinity for GPU 1 to f000f0
c196-111:17499:17551 [0] NCCL INFO Channel 00/02 :    0   1   2   3   4   5   6   7   8   9  10  11  12  13  14  15
c196-111:17499:17551 [0] NCCL INFO Channel 01/02 :    0   1   2   3   4   5   6   7   8   9  10  11  12  13  14  15
c197-012:29650:29707 [1] NCCL INFO Trees [0] 14/-1/-1->13->12 [1] 14/-1/-1->13->12
c197-011:1423:1475 [1] NCCL INFO Trees [0] 10/4/-1->9->8 [1] 10/-1/-1->9->8
c196-111:17501:17558 [2] NCCL INFO Trees [0] 3/-1/-1->2->1 [1] 3/-1/-1->2->1
c196-112:3905:3964 [0] NCCL INFO Trees [0] 5/-1/-1->4->9 [1] 5/0/-1->4->12
c197-012:29651:29703 [2] NCCL INFO Trees [0] 15/-1/-1->14->13 [1] 15/-1/-1->14->13
c197-011:1425:1480 [3] NCCL INFO Trees [0] -1/-1/-1->11->10 [1] -1/-1/-1->11->10
c196-111:17499:17551 [0] NCCL INFO Trees [0] 1/8/-1->0->-1 [1] 1/-1/-1->0->4
c196-112:3908:3961 [3] NCCL INFO Trees [0] -1/-1/-1->7->6 [1] -1/-1/-1->7->6
c197-012:29649:29708 [0] NCCL INFO Trees [0] 13/-1/-1->12->8 [1] 13/4/-1->12->-1
c197-011:1424:1481 [2] NCCL INFO Trees [0] 11/-1/-1->10->9 [1] 11/-1/-1->10->9
c196-111:17500:17560 [1] NCCL INFO Trees [0] 2/-1/-1->1->0 [1] 2/-1/-1->1->0
c196-112:3906:3965 [1] NCCL INFO Trees [0] 6/-1/-1->5->4 [1] 6/8/-1->5->4
c197-012:29652:29704 [3] NCCL INFO Trees [0] -1/-1/-1->15->14 [1] -1/-1/-1->15->14
c197-011:1422:1478 [0] NCCL INFO Trees [0] 9/12/-1->8->0 [1] 9/-1/-1->8->5
c196-111:17502:17556 [3] NCCL INFO Trees [0] -1/-1/-1->3->2 [1] -1/-1/-1->3->2
c196-112:3907:3959 [2] NCCL INFO Trees [0] 7/-1/-1->6->5 [1] 7/-1/-1->6->5
c197-012:29649:29708 [0] NCCL INFO Channel 00/0 : 11[83000] -> 12[2000] [receive] via NET/IB/0
c197-011:1422:1478 [0] NCCL INFO Channel 00/0 : 7[83000] -> 8[2000] [receive] via NET/IB/0
c196-111:17499:17551 [0] NCCL INFO Channel 00/0 : 15[83000] -> 0[2000] [receive] via NET/IB/0
c196-112:3905:3964 [0] NCCL INFO Channel 00/0 : 3[83000] -> 4[2000] [receive] via NET/IB/0
c197-012:29651:29703 [2] NCCL INFO Channel 00 : 14[82000] -> 15[83000] via direct shared memory
c197-012:29650:29707 [1] NCCL INFO Channel 00 : 13[3000] -> 14[82000] via direct shared memory
c197-012:29651:29703 [2] NCCL INFO Channel 01 : 14[82000] -> 15[83000] via direct shared memory
c197-012:29650:29707 [1] NCCL INFO Channel 01 : 13[3000] -> 14[82000] via direct shared memory
c196-111:17501:17558 [2] NCCL INFO Channel 00 : 2[82000] -> 3[83000] via direct shared memory
c196-111:17501:17558 [2] NCCL INFO Channel 01 : 2[82000] -> 3[83000] via direct shared memory
c196-111:17500:17560 [1] NCCL INFO Channel 00 : 1[3000] -> 2[82000] via direct shared memory
c196-112:3907:3959 [2] NCCL INFO Channel 00 : 6[82000] -> 7[83000] via direct shared memory
c197-011:1424:1481 [2] NCCL INFO Channel 00 : 10[82000] -> 11[83000] via direct shared memory
c197-011:1423:1475 [1] NCCL INFO Channel 00 : 9[3000] -> 10[82000] via direct shared memory
c196-112:3906:3965 [1] NCCL INFO Channel 00 : 5[3000] -> 6[82000] via direct shared memory
c197-011:1424:1481 [2] NCCL INFO Channel 01 : 10[82000] -> 11[83000] via direct shared memory
c196-111:17500:17560 [1] NCCL INFO Channel 01 : 1[3000] -> 2[82000] via direct shared memory
c196-112:3907:3959 [2] NCCL INFO Channel 01 : 6[82000] -> 7[83000] via direct shared memory
c197-011:1423:1475 [1] NCCL INFO Channel 01 : 9[3000] -> 10[82000] via direct shared memory
c196-112:3906:3965 [1] NCCL INFO Channel 01 : 5[3000] -> 6[82000] via direct shared memory
c197-012:29652:29704 [3] NCCL INFO Channel 00/0 : 15[83000] -> 0[2000] [send] via NET/IB/0
c196-111:17502:17556 [3] NCCL INFO Channel 00/0 : 3[83000] -> 4[2000] [send] via NET/IB/0
c197-011:1425:1480 [3] NCCL INFO Channel 00/0 : 11[83000] -> 12[2000] [send] via NET/IB/0
c196-112:3908:3961 [3] NCCL INFO Channel 00/0 : 7[83000] -> 8[2000] [send] via NET/IB/0
c197-012:29649:29708 [0] NCCL INFO Channel 01/0 : 11[83000] -> 12[2000] [receive] via NET/IB/0
c197-012:29649:29708 [0] NCCL INFO Channel 00 : 12[2000] -> 13[3000] via direct shared memory
c197-012:29649:29708 [0] NCCL INFO Channel 01 : 12[2000] -> 13[3000] via direct shared memory
c197-011:1422:1478 [0] NCCL INFO Channel 01/0 : 7[83000] -> 8[2000] [receive] via NET/IB/0
c197-011:1422:1478 [0] NCCL INFO Channel 00 : 8[2000] -> 9[3000] via direct shared memory
c197-011:1422:1478 [0] NCCL INFO Channel 01 : 8[2000] -> 9[3000] via direct shared memory
c196-112:3905:3964 [0] NCCL INFO Channel 01/0 : 3[83000] -> 4[2000] [receive] via NET/IB/0
c196-111:17499:17551 [0] NCCL INFO Channel 01/0 : 15[83000] -> 0[2000] [receive] via NET/IB/0
c196-112:3905:3964 [0] NCCL INFO Channel 00 : 4[2000] -> 5[3000] via direct shared memory
c196-111:17499:17551 [0] NCCL INFO Channel 00 : 0[2000] -> 1[3000] via direct shared memory
c196-112:3905:3964 [0] NCCL INFO Channel 01 : 4[2000] -> 5[3000] via direct shared memory
c196-111:17499:17551 [0] NCCL INFO Channel 01 : 0[2000] -> 1[3000] via direct shared memory
c197-011:1423:1475 [1] NCCL INFO Connected all rings
c197-012:29650:29707 [1] NCCL INFO Connected all rings
c196-112:3906:3965 [1] NCCL INFO Connected all rings
c196-111:17500:17560 [1] NCCL INFO Connected all rings
c197-011:1423:1475 [1] NCCL INFO Channel 00/0 : 4[2000] -> 9[3000] [receive] via NET/IB/0
c196-112:3906:3965 [1] NCCL INFO Channel 01/0 : 5[3000] -> 8[2000] [send] via NET/IB/0
c197-012:29652:29704 [3] NCCL INFO Channel 01/0 : 15[83000] -> 0[2000] [send] via NET/IB/0
c196-111:17502:17556 [3] NCCL INFO Channel 01/0 : 3[83000] -> 4[2000] [send] via NET/IB/0
c197-011:1425:1480 [3] NCCL INFO Channel 01/0 : 11[83000] -> 12[2000] [send] via NET/IB/0
c196-112:3908:3961 [3] NCCL INFO Channel 01/0 : 7[83000] -> 8[2000] [send] via NET/IB/0
c196-111:17501:17558 [2] NCCL INFO Connected all rings
c197-011:1424:1481 [2] NCCL INFO Connected all rings
c197-012:29650:29707 [1] NCCL INFO Channel 00 : 13[3000] -> 12[2000] via direct shared memory
c197-012:29651:29703 [2] NCCL INFO Connected all rings
c197-012:29650:29707 [1] NCCL INFO Channel 01 : 13[3000] -> 12[2000] via direct shared memory
c196-112:3907:3959 [2] NCCL INFO Connected all rings
c196-111:17500:17560 [1] NCCL INFO Channel 00 : 1[3000] -> 0[2000] via direct shared memory
c196-111:17500:17560 [1] NCCL INFO Channel 01 : 1[3000] -> 0[2000] via direct shared memory
c197-012:29652:29704 [3] NCCL INFO Connected all rings
c197-012:29652:29704 [3] NCCL INFO Channel 00 : 15[83000] -> 14[82000] via direct shared memory
c197-011:1425:1480 [3] NCCL INFO Connected all rings
c197-012:29652:29704 [3] NCCL INFO Channel 01 : 15[83000] -> 14[82000] via direct shared memory
c197-011:1425:1480 [3] NCCL INFO Channel 00 : 11[83000] -> 10[82000] via direct shared memory
c197-011:1425:1480 [3] NCCL INFO Channel 01 : 11[83000] -> 10[82000] via direct shared memory
c196-112:3908:3961 [3] NCCL INFO Connected all rings
c196-111:17502:17556 [3] NCCL INFO Connected all rings
c196-112:3908:3961 [3] NCCL INFO Channel 00 : 7[83000] -> 6[82000] via direct shared memory
c196-112:3908:3961 [3] NCCL INFO Channel 01 : 7[83000] -> 6[82000] via direct shared memory
c196-111:17502:17556 [3] NCCL INFO Channel 00 : 3[83000] -> 2[82000] via direct shared memory
c196-111:17502:17556 [3] NCCL INFO Channel 01 : 3[83000] -> 2[82000] via direct shared memory
c196-112:3905:3964 [0] NCCL INFO Connected all rings
c197-012:29649:29708 [0] NCCL INFO Connected all rings
c196-111:17499:17551 [0] NCCL INFO Connected all rings
c197-012:29651:29703 [2] NCCL INFO Channel 00 : 14[82000] -> 13[3000] via direct shared memory
c197-012:29651:29703 [2] NCCL INFO Channel 01 : 14[82000] -> 13[3000] via direct shared memory
c197-011:1422:1478 [0] NCCL INFO Connected all rings
c196-112:3907:3959 [2] NCCL INFO Channel 00 : 6[82000] -> 5[3000] via direct shared memory
c196-112:3907:3959 [2] NCCL INFO Channel 01 : 6[82000] -> 5[3000] via direct shared memory
c196-111:17501:17558 [2] NCCL INFO Channel 00 : 2[82000] -> 1[3000] via direct shared memory
c196-111:17501:17558 [2] NCCL INFO Channel 01 : 2[82000] -> 1[3000] via direct shared memory
c197-011:1424:1481 [2] NCCL INFO Channel 00 : 10[82000] -> 9[3000] via direct shared memory
c197-011:1424:1481 [2] NCCL INFO Channel 01 : 10[82000] -> 9[3000] via direct shared memory
c197-012:29652:29704 [3] NCCL INFO Connected all trees
c197-012:29652:29704 [3] NCCL INFO MSCCL_XML_FILES set by environment to /home1/09168/ldai1/ccl-build/msccl_tools_lyd/examples/xml/xml_lyd/binary_tree/allreduce_binary_tree_1ch_2tree_1chunk_4node_16gpu.xml
c197-012:29652:29704 [3] NCCL INFO MSCCL: Parsing algorithm /home1/09168/ldai1/ccl-build/msccl_tools_lyd/examples/xml/xml_lyd/binary_tree/allreduce_binary_tree_1ch_2tree_1chunk_4node_16gpu.xml
c196-112:3908:3961 [3] NCCL INFO Connected all trees
c196-112:3908:3961 [3] NCCL INFO MSCCL_XML_FILES set by environment to /home1/09168/ldai1/ccl-build/msccl_tools_lyd/examples/xml/xml_lyd/binary_tree/allreduce_binary_tree_1ch_2tree_1chunk_4node_16gpu.xml
c196-112:3908:3961 [3] NCCL INFO MSCCL: Parsing algorithm /home1/09168/ldai1/ccl-build/msccl_tools_lyd/examples/xml/xml_lyd/binary_tree/allreduce_binary_tree_1ch_2tree_1chunk_4node_16gpu.xml
c197-011:1425:1480 [3] NCCL INFO Connected all trees
c197-011:1425:1480 [3] NCCL INFO MSCCL_XML_FILES set by environment to /home1/09168/ldai1/ccl-build/msccl_tools_lyd/examples/xml/xml_lyd/binary_tree/allreduce_binary_tree_1ch_2tree_1chunk_4node_16gpu.xml
c197-011:1425:1480 [3] NCCL INFO MSCCL: Parsing algorithm /home1/09168/ldai1/ccl-build/msccl_tools_lyd/examples/xml/xml_lyd/binary_tree/allreduce_binary_tree_1ch_2tree_1chunk_4node_16gpu.xml
c196-111:17502:17556 [3] NCCL INFO Connected all trees
c196-111:17502:17556 [3] NCCL INFO MSCCL_XML_FILES set by environment to /home1/09168/ldai1/ccl-build/msccl_tools_lyd/examples/xml/xml_lyd/binary_tree/allreduce_binary_tree_1ch_2tree_1chunk_4node_16gpu.xml
c196-111:17502:17556 [3] NCCL INFO MSCCL: Parsing algorithm /home1/09168/ldai1/ccl-build/msccl_tools_lyd/examples/xml/xml_lyd/binary_tree/allreduce_binary_tree_1ch_2tree_1chunk_4node_16gpu.xml
c197-012:29651:29703 [2] NCCL INFO Connected all trees
c197-012:29651:29703 [2] NCCL INFO MSCCL_XML_FILES set by environment to /home1/09168/ldai1/ccl-build/msccl_tools_lyd/examples/xml/xml_lyd/binary_tree/allreduce_binary_tree_1ch_2tree_1chunk_4node_16gpu.xml
c197-012:29651:29703 [2] NCCL INFO MSCCL: Parsing algorithm /home1/09168/ldai1/ccl-build/msccl_tools_lyd/examples/xml/xml_lyd/binary_tree/allreduce_binary_tree_1ch_2tree_1chunk_4node_16gpu.xml
c196-111:17501:17558 [2] NCCL INFO Connected all trees
c196-111:17501:17558 [2] NCCL INFO MSCCL_XML_FILES set by environment to /home1/09168/ldai1/ccl-build/msccl_tools_lyd/examples/xml/xml_lyd/binary_tree/allreduce_binary_tree_1ch_2tree_1chunk_4node_16gpu.xml
c196-111:17501:17558 [2] NCCL INFO MSCCL: Parsing algorithm /home1/09168/ldai1/ccl-build/msccl_tools_lyd/examples/xml/xml_lyd/binary_tree/allreduce_binary_tree_1ch_2tree_1chunk_4node_16gpu.xml
c196-111:17502:17556 [3] NCCL INFO Parsed MSCCL Algorithm /home1/09168/ldai1/ccl-build/msccl_tools_lyd/examples/xml/xml_lyd/binary_tree/allreduce_binary_tree_1ch_2tree_1chunk_4node_16gpu.xml successfully.
c196-111:17502:17556 [3] NCCL INFO Connected 1 MSCCL algorithms
c196-111:17502:17556 [3] NCCL INFO NCCL_PROTO set by environment to Simple
c196-111:17502:17556 [3] NCCL INFO NCCL_ALGO set by environment to MSCCL,TREE,RING
c196-111:17502:17556 [3] NCCL INFO threadThresholds 8/8/64 | 128/8/64 | 8/8/64 | 8/8/512
c196-111:17502:17556 [3] NCCL INFO 2 coll channels, 2 p2p channels, 2 p2p channels per peer
c197-012:29651:29703 [2] NCCL INFO Parsed MSCCL Algorithm /home1/09168/ldai1/ccl-build/msccl_tools_lyd/examples/xml/xml_lyd/binary_tree/allreduce_binary_tree_1ch_2tree_1chunk_4node_16gpu.xml successfully.
c197-012:29651:29703 [2] NCCL INFO Connected 1 MSCCL algorithms
c197-012:29651:29703 [2] NCCL INFO NCCL_PROTO set by environment to Simple
c197-012:29651:29703 [2] NCCL INFO NCCL_ALGO set by environment to MSCCL,TREE,RING
c197-012:29651:29703 [2] NCCL INFO threadThresholds 8/8/64 | 128/8/64 | 8/8/64 | 8/8/512
c197-012:29651:29703 [2] NCCL INFO 2 coll channels, 2 p2p channels, 2 p2p channels per peer
c197-011:1425:1480 [3] NCCL INFO Parsed MSCCL Algorithm /home1/09168/ldai1/ccl-build/msccl_tools_lyd/examples/xml/xml_lyd/binary_tree/allreduce_binary_tree_1ch_2tree_1chunk_4node_16gpu.xml successfully.
c197-011:1425:1480 [3] NCCL INFO Connected 1 MSCCL algorithms
c197-011:1425:1480 [3] NCCL INFO NCCL_PROTO set by environment to Simple
c197-011:1425:1480 [3] NCCL INFO NCCL_ALGO set by environment to MSCCL,TREE,RING
c197-011:1425:1480 [3] NCCL INFO threadThresholds 8/8/64 | 128/8/64 | 8/8/64 | 8/8/512
c197-011:1425:1480 [3] NCCL INFO 2 coll channels, 2 p2p channels, 2 p2p channels per peer
c196-111:17501:17558 [2] NCCL INFO Parsed MSCCL Algorithm /home1/09168/ldai1/ccl-build/msccl_tools_lyd/examples/xml/xml_lyd/binary_tree/allreduce_binary_tree_1ch_2tree_1chunk_4node_16gpu.xml successfully.
c197-012:29652:29704 [3] NCCL INFO Parsed MSCCL Algorithm /home1/09168/ldai1/ccl-build/msccl_tools_lyd/examples/xml/xml_lyd/binary_tree/allreduce_binary_tree_1ch_2tree_1chunk_4node_16gpu.xml successfully.
c196-111:17501:17558 [2] NCCL INFO Connected 1 MSCCL algorithms
c196-112:3908:3961 [3] NCCL INFO Parsed MSCCL Algorithm /home1/09168/ldai1/ccl-build/msccl_tools_lyd/examples/xml/xml_lyd/binary_tree/allreduce_binary_tree_1ch_2tree_1chunk_4node_16gpu.xml successfully.
c196-111:17501:17558 [2] NCCL INFO NCCL_PROTO set by environment to Simple
c196-111:17501:17558 [2] NCCL INFO NCCL_ALGO set by environment to MSCCL,TREE,RING
c196-111:17501:17558 [2] NCCL INFO threadThresholds 8/8/64 | 128/8/64 | 8/8/64 | 8/8/512
c196-111:17501:17558 [2] NCCL INFO 2 coll channels, 2 p2p channels, 2 p2p channels per peer
c196-112:3908:3961 [3] NCCL INFO Connected 1 MSCCL algorithms
c197-012:29652:29704 [3] NCCL INFO Connected 1 MSCCL algorithms
c196-112:3908:3961 [3] NCCL INFO NCCL_PROTO set by environment to Simple
c196-112:3908:3961 [3] NCCL INFO NCCL_ALGO set by environment to MSCCL,TREE,RING
c197-012:29652:29704 [3] NCCL INFO NCCL_PROTO set by environment to Simple
c197-012:29652:29704 [3] NCCL INFO NCCL_ALGO set by environment to MSCCL,TREE,RING
c196-112:3908:3961 [3] NCCL INFO threadThresholds 8/8/64 | 128/8/64 | 8/8/64 | 8/8/512
c197-012:29652:29704 [3] NCCL INFO threadThresholds 8/8/64 | 128/8/64 | 8/8/64 | 8/8/512
c196-112:3908:3961 [3] NCCL INFO 2 coll channels, 2 p2p channels, 2 p2p channels per peer
c197-012:29652:29704 [3] NCCL INFO 2 coll channels, 2 p2p channels, 2 p2p channels per peer
c196-112:3905:3964 [0] NCCL INFO Channel 01/0 : 0[2000] -> 4[2000] [receive] via NET/IB/0
c197-012:29649:29708 [0] NCCL INFO Channel 00/0 : 8[2000] -> 12[2000] [receive] via NET/IB/0
c196-111:17499:17551 [0] NCCL INFO Channel 01/0 : 0[2000] -> 4[2000] [send] via NET/IB/0
c197-011:1422:1478 [0] NCCL INFO Channel 01/0 : 5[3000] -> 8[2000] [receive] via NET/IB/0
c196-112:3906:3965 [1] NCCL INFO Channel 01/0 : 8[2000] -> 5[3000] [receive] via NET/IB/0
c196-111:17499:17551 [0] NCCL INFO Channel 00/0 : 8[2000] -> 0[2000] [receive] via NET/IB/0
c197-011:1422:1478 [0] NCCL INFO Channel 00/0 : 8[2000] -> 12[2000] [send] via NET/IB/0
c196-112:3905:3964 [0] NCCL INFO Channel 00/0 : 4[2000] -> 9[3000] [send] via NET/IB/0
c196-111:17499:17551 [0] NCCL INFO Channel 00/0 : 0[2000] -> 8[2000] [send] via NET/IB/0
c197-012:29649:29708 [0] NCCL INFO Channel 01/0 : 4[2000] -> 12[2000] [receive] via NET/IB/0
c197-011:1422:1478 [0] NCCL INFO Channel 00/0 : 0[2000] -> 8[2000] [receive] via NET/IB/0
c196-112:3905:3964 [0] NCCL INFO Channel 01/0 : 12[2000] -> 4[2000] [receive] via NET/IB/0
c197-011:1423:1475 [1] NCCL INFO Channel 00/0 : 9[3000] -> 4[2000] [send] via NET/IB/0
c197-012:29649:29708 [0] NCCL INFO Channel 01/0 : 12[2000] -> 4[2000] [send] via NET/IB/0
c197-011:1422:1478 [0] NCCL INFO Channel 00/0 : 8[2000] -> 0[2000] [send] via NET/IB/0
c196-112:3905:3964 [0] NCCL INFO Channel 01/0 : 4[2000] -> 12[2000] [send] via NET/IB/0
c197-011:1422:1478 [0] NCCL INFO Channel 00/0 : 12[2000] -> 8[2000] [receive] via NET/IB/0
c196-112:3905:3964 [0] NCCL INFO Channel 00/0 : 9[3000] -> 4[2000] [receive] via NET/IB/0
c196-111:17499:17551 [0] NCCL INFO Channel 01/0 : 4[2000] -> 0[2000] [receive] via NET/IB/0
c197-012:29649:29708 [0] NCCL INFO Channel 00/0 : 12[2000] -> 8[2000] [send] via NET/IB/0
c197-011:1423:1475 [1] NCCL INFO Channel 00 : 9[3000] -> 8[2000] via direct shared memory
c197-011:1423:1475 [1] NCCL INFO Channel 01 : 9[3000] -> 8[2000] via direct shared memory
c197-012:29649:29708 [0] NCCL INFO Connected all trees
c197-012:29649:29708 [0] NCCL INFO MSCCL_XML_FILES set by environment to /home1/09168/ldai1/ccl-build/msccl_tools_lyd/examples/xml/xml_lyd/binary_tree/allreduce_binary_tree_1ch_2tree_1chunk_4node_16gpu.xml
c197-012:29649:29708 [0] NCCL INFO MSCCL: Parsing algorithm /home1/09168/ldai1/ccl-build/msccl_tools_lyd/examples/xml/xml_lyd/binary_tree/allreduce_binary_tree_1ch_2tree_1chunk_4node_16gpu.xml
c197-011:1424:1481 [2] NCCL INFO Connected all trees
c197-011:1424:1481 [2] NCCL INFO MSCCL_XML_FILES set by environment to /home1/09168/ldai1/ccl-build/msccl_tools_lyd/examples/xml/xml_lyd/binary_tree/allreduce_binary_tree_1ch_2tree_1chunk_4node_16gpu.xml
c197-011:1424:1481 [2] NCCL INFO MSCCL: Parsing algorithm /home1/09168/ldai1/ccl-build/msccl_tools_lyd/examples/xml/xml_lyd/binary_tree/allreduce_binary_tree_1ch_2tree_1chunk_4node_16gpu.xml
c197-012:29650:29707 [1] NCCL INFO Connected all trees
c197-012:29650:29707 [1] NCCL INFO MSCCL_XML_FILES set by environment to /home1/09168/ldai1/ccl-build/msccl_tools_lyd/examples/xml/xml_lyd/binary_tree/allreduce_binary_tree_1ch_2tree_1chunk_4node_16gpu.xml
c197-012:29650:29707 [1] NCCL INFO MSCCL: Parsing algorithm /home1/09168/ldai1/ccl-build/msccl_tools_lyd/examples/xml/xml_lyd/binary_tree/allreduce_binary_tree_1ch_2tree_1chunk_4node_16gpu.xml
c197-012:29649:29708 [0] NCCL INFO Parsed MSCCL Algorithm /home1/09168/ldai1/ccl-build/msccl_tools_lyd/examples/xml/xml_lyd/binary_tree/allreduce_binary_tree_1ch_2tree_1chunk_4node_16gpu.xml successfully.
c197-012:29649:29708 [0] NCCL INFO Connected 1 MSCCL algorithms
c197-012:29649:29708 [0] NCCL INFO NCCL_PROTO set by environment to Simple
c197-012:29649:29708 [0] NCCL INFO NCCL_ALGO set by environment to MSCCL,TREE,RING
c197-012:29649:29708 [0] NCCL INFO threadThresholds 8/8/64 | 128/8/64 | 8/8/64 | 8/8/512
c197-012:29649:29708 [0] NCCL INFO 2 coll channels, 2 p2p channels, 2 p2p channels per peer
c197-012:29650:29707 [1] NCCL INFO Parsed MSCCL Algorithm /home1/09168/ldai1/ccl-build/msccl_tools_lyd/examples/xml/xml_lyd/binary_tree/allreduce_binary_tree_1ch_2tree_1chunk_4node_16gpu.xml successfully.
c197-011:1424:1481 [2] NCCL INFO Parsed MSCCL Algorithm /home1/09168/ldai1/ccl-build/msccl_tools_lyd/examples/xml/xml_lyd/binary_tree/allreduce_binary_tree_1ch_2tree_1chunk_4node_16gpu.xml successfully.
c197-012:29650:29707 [1] NCCL INFO Connected 1 MSCCL algorithms
c197-011:1424:1481 [2] NCCL INFO Connected 1 MSCCL algorithms
c197-012:29650:29707 [1] NCCL INFO NCCL_PROTO set by environment to Simple
c197-012:29650:29707 [1] NCCL INFO NCCL_ALGO set by environment to MSCCL,TREE,RING
c197-012:29650:29707 [1] NCCL INFO threadThresholds 8/8/64 | 128/8/64 | 8/8/64 | 8/8/512
c197-011:1424:1481 [2] NCCL INFO NCCL_PROTO set by environment to Simple
c197-011:1424:1481 [2] NCCL INFO NCCL_ALGO set by environment to MSCCL,TREE,RING
c197-012:29650:29707 [1] NCCL INFO 2 coll channels, 2 p2p channels, 2 p2p channels per peer
c197-011:1424:1481 [2] NCCL INFO threadThresholds 8/8/64 | 128/8/64 | 8/8/64 | 8/8/512
c197-011:1424:1481 [2] NCCL INFO 2 coll channels, 2 p2p channels, 2 p2p channels per peer
c196-112:3905:3964 [0] NCCL INFO Channel 01/0 : 4[2000] -> 0[2000] [send] via NET/IB/0
c197-011:1422:1478 [0] NCCL INFO Channel 01/0 : 8[2000] -> 5[3000] [send] via NET/IB/0
c197-012:29649:29708 [0] NCCL INFO comm 0x2b29c1af0010 rank 12 nranks 16 cudaDev 0 busId 2000 - Init COMPLETE
c197-012:29650:29707 [1] NCCL INFO comm 0x2ace0e000010 rank 13 nranks 16 cudaDev 1 busId 3000 - Init COMPLETE
c197-012:29651:29703 [2] NCCL INFO comm 0x2b1cae000010 rank 14 nranks 16 cudaDev 2 busId 82000 - Init COMPLETE
c197-012:29652:29704 [3] NCCL INFO comm 0x2acdae201010 rank 15 nranks 16 cudaDev 3 busId 83000 - Init COMPLETE
c196-111:17499:17551 [0] NCCL INFO Connected all trees
c196-111:17499:17551 [0] NCCL INFO MSCCL_XML_FILES set by environment to /home1/09168/ldai1/ccl-build/msccl_tools_lyd/examples/xml/xml_lyd/binary_tree/allreduce_binary_tree_1ch_2tree_1chunk_4node_16gpu.xml
c196-111:17499:17551 [0] NCCL INFO MSCCL: Parsing algorithm /home1/09168/ldai1/ccl-build/msccl_tools_lyd/examples/xml/xml_lyd/binary_tree/allreduce_binary_tree_1ch_2tree_1chunk_4node_16gpu.xml
c196-112:3906:3965 [1] NCCL INFO Channel 00 : 5[3000] -> 4[2000] via direct shared memory
c196-112:3906:3965 [1] NCCL INFO Channel 01 : 5[3000] -> 4[2000] via direct shared memory
c196-112:3905:3964 [0] NCCL INFO Connected all trees
c196-112:3905:3964 [0] NCCL INFO MSCCL_XML_FILES set by environment to /home1/09168/ldai1/ccl-build/msccl_tools_lyd/examples/xml/xml_lyd/binary_tree/allreduce_binary_tree_1ch_2tree_1chunk_4node_16gpu.xml
c196-112:3905:3964 [0] NCCL INFO MSCCL: Parsing algorithm /home1/09168/ldai1/ccl-build/msccl_tools_lyd/examples/xml/xml_lyd/binary_tree/allreduce_binary_tree_1ch_2tree_1chunk_4node_16gpu.xml
c197-011:1422:1478 [0] NCCL INFO Connected all trees
c197-011:1422:1478 [0] NCCL INFO MSCCL_XML_FILES set by environment to /home1/09168/ldai1/ccl-build/msccl_tools_lyd/examples/xml/xml_lyd/binary_tree/allreduce_binary_tree_1ch_2tree_1chunk_4node_16gpu.xml
c197-011:1422:1478 [0] NCCL INFO MSCCL: Parsing algorithm /home1/09168/ldai1/ccl-build/msccl_tools_lyd/examples/xml/xml_lyd/binary_tree/allreduce_binary_tree_1ch_2tree_1chunk_4node_16gpu.xml
c196-111:17500:17560 [1] NCCL INFO Connected all trees
c196-111:17500:17560 [1] NCCL INFO MSCCL_XML_FILES set by environment to /home1/09168/ldai1/ccl-build/msccl_tools_lyd/examples/xml/xml_lyd/binary_tree/allreduce_binary_tree_1ch_2tree_1chunk_4node_16gpu.xml
c196-111:17500:17560 [1] NCCL INFO MSCCL: Parsing algorithm /home1/09168/ldai1/ccl-build/msccl_tools_lyd/examples/xml/xml_lyd/binary_tree/allreduce_binary_tree_1ch_2tree_1chunk_4node_16gpu.xml
c196-111:17499:17551 [0] NCCL INFO Parsed MSCCL Algorithm /home1/09168/ldai1/ccl-build/msccl_tools_lyd/examples/xml/xml_lyd/binary_tree/allreduce_binary_tree_1ch_2tree_1chunk_4node_16gpu.xml successfully.
c196-111:17499:17551 [0] NCCL INFO Connected 1 MSCCL algorithms
c196-111:17499:17551 [0] NCCL INFO NCCL_PROTO set by environment to Simple
c196-111:17499:17551 [0] NCCL INFO NCCL_ALGO set by environment to MSCCL,TREE,RING
c196-111:17499:17551 [0] NCCL INFO threadThresholds 8/8/64 | 128/8/64 | 8/8/64 | 8/8/512
c196-111:17499:17551 [0] NCCL INFO 2 coll channels, 2 p2p channels, 2 p2p channels per peer
c197-011:1423:1475 [1] NCCL INFO Connected all trees
c197-011:1423:1475 [1] NCCL INFO MSCCL_XML_FILES set by environment to /home1/09168/ldai1/ccl-build/msccl_tools_lyd/examples/xml/xml_lyd/binary_tree/allreduce_binary_tree_1ch_2tree_1chunk_4node_16gpu.xml
c197-011:1423:1475 [1] NCCL INFO MSCCL: Parsing algorithm /home1/09168/ldai1/ccl-build/msccl_tools_lyd/examples/xml/xml_lyd/binary_tree/allreduce_binary_tree_1ch_2tree_1chunk_4node_16gpu.xml
c196-112:3905:3964 [0] NCCL INFO Parsed MSCCL Algorithm /home1/09168/ldai1/ccl-build/msccl_tools_lyd/examples/xml/xml_lyd/binary_tree/allreduce_binary_tree_1ch_2tree_1chunk_4node_16gpu.xml successfully.
c196-112:3905:3964 [0] NCCL INFO Connected 1 MSCCL algorithms
c196-112:3906:3965 [1] NCCL INFO Connected all trees
c196-112:3906:3965 [1] NCCL INFO MSCCL_XML_FILES set by environment to /home1/09168/ldai1/ccl-build/msccl_tools_lyd/examples/xml/xml_lyd/binary_tree/allreduce_binary_tree_1ch_2tree_1chunk_4node_16gpu.xml
c196-112:3905:3964 [0] NCCL INFO NCCL_PROTO set by environment to Simple
c196-112:3905:3964 [0] NCCL INFO NCCL_ALGO set by environment to MSCCL,TREE,RING
c196-112:3905:3964 [0] NCCL INFO threadThresholds 8/8/64 | 128/8/64 | 8/8/64 | 8/8/512
c196-112:3906:3965 [1] NCCL INFO MSCCL: Parsing algorithm /home1/09168/ldai1/ccl-build/msccl_tools_lyd/examples/xml/xml_lyd/binary_tree/allreduce_binary_tree_1ch_2tree_1chunk_4node_16gpu.xml
c196-112:3905:3964 [0] NCCL INFO 2 coll channels, 2 p2p channels, 2 p2p channels per peer
c196-112:3907:3959 [2] NCCL INFO Connected all trees
c196-112:3907:3959 [2] NCCL INFO MSCCL_XML_FILES set by environment to /home1/09168/ldai1/ccl-build/msccl_tools_lyd/examples/xml/xml_lyd/binary_tree/allreduce_binary_tree_1ch_2tree_1chunk_4node_16gpu.xml
c196-112:3907:3959 [2] NCCL INFO MSCCL: Parsing algorithm /home1/09168/ldai1/ccl-build/msccl_tools_lyd/examples/xml/xml_lyd/binary_tree/allreduce_binary_tree_1ch_2tree_1chunk_4node_16gpu.xml
c197-011:1422:1478 [0] NCCL INFO Parsed MSCCL Algorithm /home1/09168/ldai1/ccl-build/msccl_tools_lyd/examples/xml/xml_lyd/binary_tree/allreduce_binary_tree_1ch_2tree_1chunk_4node_16gpu.xml successfully.
c197-011:1422:1478 [0] NCCL INFO Connected 1 MSCCL algorithms
c197-011:1422:1478 [0] NCCL INFO NCCL_PROTO set by environment to Simple
c197-011:1422:1478 [0] NCCL INFO NCCL_ALGO set by environment to MSCCL,TREE,RING
c197-011:1422:1478 [0] NCCL INFO threadThresholds 8/8/64 | 128/8/64 | 8/8/64 | 8/8/512
c197-011:1422:1478 [0] NCCL INFO 2 coll channels, 2 p2p channels, 2 p2p channels per peer
c196-111:17500:17560 [1] NCCL INFO Parsed MSCCL Algorithm /home1/09168/ldai1/ccl-build/msccl_tools_lyd/examples/xml/xml_lyd/binary_tree/allreduce_binary_tree_1ch_2tree_1chunk_4node_16gpu.xml successfully.
c196-111:17500:17560 [1] NCCL INFO Connected 1 MSCCL algorithms
c196-111:17500:17560 [1] NCCL INFO NCCL_PROTO set by environment to Simple
c196-111:17500:17560 [1] NCCL INFO NCCL_ALGO set by environment to MSCCL,TREE,RING
c196-111:17500:17560 [1] NCCL INFO threadThresholds 8/8/64 | 128/8/64 | 8/8/64 | 8/8/512
c196-111:17500:17560 [1] NCCL INFO 2 coll channels, 2 p2p channels, 2 p2p channels per peer
c197-011:1423:1475 [1] NCCL INFO Parsed MSCCL Algorithm /home1/09168/ldai1/ccl-build/msccl_tools_lyd/examples/xml/xml_lyd/binary_tree/allreduce_binary_tree_1ch_2tree_1chunk_4node_16gpu.xml successfully.
c197-011:1423:1475 [1] NCCL INFO Connected 1 MSCCL algorithms
c197-011:1423:1475 [1] NCCL INFO NCCL_PROTO set by environment to Simple
c197-011:1423:1475 [1] NCCL INFO NCCL_ALGO set by environment to MSCCL,TREE,RING
c197-011:1423:1475 [1] NCCL INFO threadThresholds 8/8/64 | 128/8/64 | 8/8/64 | 8/8/512
c197-011:1423:1475 [1] NCCL INFO 2 coll channels, 2 p2p channels, 2 p2p channels per peer
c196-112:3906:3965 [1] NCCL INFO Parsed MSCCL Algorithm /home1/09168/ldai1/ccl-build/msccl_tools_lyd/examples/xml/xml_lyd/binary_tree/allreduce_binary_tree_1ch_2tree_1chunk_4node_16gpu.xml successfully.
c196-112:3906:3965 [1] NCCL INFO Connected 1 MSCCL algorithms
c196-112:3906:3965 [1] NCCL INFO NCCL_PROTO set by environment to Simple
c196-112:3906:3965 [1] NCCL INFO NCCL_ALGO set by environment to MSCCL,TREE,RING
c196-112:3906:3965 [1] NCCL INFO threadThresholds 8/8/64 | 128/8/64 | 8/8/64 | 8/8/512
c196-112:3906:3965 [1] NCCL INFO 2 coll channels, 2 p2p channels, 2 p2p channels per peer
c196-112:3907:3959 [2] NCCL INFO Parsed MSCCL Algorithm /home1/09168/ldai1/ccl-build/msccl_tools_lyd/examples/xml/xml_lyd/binary_tree/allreduce_binary_tree_1ch_2tree_1chunk_4node_16gpu.xml successfully.
c196-112:3907:3959 [2] NCCL INFO Connected 1 MSCCL algorithms
c196-112:3907:3959 [2] NCCL INFO NCCL_PROTO set by environment to Simple
c196-112:3907:3959 [2] NCCL INFO NCCL_ALGO set by environment to MSCCL,TREE,RING
c196-112:3907:3959 [2] NCCL INFO threadThresholds 8/8/64 | 128/8/64 | 8/8/64 | 8/8/512
c196-112:3907:3959 [2] NCCL INFO 2 coll channels, 2 p2p channels, 2 p2p channels per peer
c196-111:17500:17560 [1] NCCL INFO comm 0x2b8f2dcbe010 rank 1 nranks 16 cudaDev 1 busId 3000 - Init COMPLETE
c196-111:17502:17556 [3] NCCL INFO comm 0x2b2cde000010 rank 3 nranks 16 cudaDev 3 busId 83000 - Init COMPLETE
c196-111:17499:17551 [0] NCCL INFO comm 0x2b3c82000010 rank 0 nranks 16 cudaDev 0 busId 2000 - Init COMPLETE
#
#                                                              out-of-place                       in-place          
#       size         count      type   redop    root     time   algbw   busbw #wrong     time   algbw   busbw #wrong
#        (B)    (elements)                               (us)  (GB/s)  (GB/s)            (us)  (GB/s)  (GB/s)       
c196-111:17501:17558 [2] NCCL INFO comm 0x2b780184f010 rank 2 nranks 16 cudaDev 2 busId 82000 - Init COMPLETE
c197-011:1423:1475 [1] NCCL INFO comm 0x2b4a70000010 rank 9 nranks 16 cudaDev 1 busId 3000 - Init COMPLETE
c197-011:1422:1478 [0] NCCL INFO comm 0x2b0e9e000010 rank 8 nranks 16 cudaDev 0 busId 2000 - Init COMPLETE
c197-011:1425:1480 [3] NCCL INFO comm 0x2b86660dc010 rank 11 nranks 16 cudaDev 3 busId 83000 - Init COMPLETE
c197-011:1424:1481 [2] NCCL INFO comm 0x2b05a0000010 rank 10 nranks 16 cudaDev 2 busId 82000 - Init COMPLETE
c196-112:3906:3965 [1] NCCL INFO comm 0x2af94e2fc010 rank 5 nranks 16 cudaDev 1 busId 3000 - Init COMPLETE
c196-112:3905:3964 [0] NCCL INFO comm 0x2b2de0000010 rank 4 nranks 16 cudaDev 0 busId 2000 - Init COMPLETE
c196-112:3908:3961 [3] NCCL INFO comm 0x2b644e402010 rank 7 nranks 16 cudaDev 3 busId 83000 - Init COMPLETE
c196-112:3907:3959 [2] NCCL INFO comm 0x2b5862000010 rank 6 nranks 16 cudaDev 2 busId 82000 - Init COMPLETE
c196-111:17499:17499 [0] NCCL INFO Launch mode Parallel
       65536         16384     float     sum      -1    210.3    0.31    0.58      0    196.1    0.33    0.63      0
      131072         32768     float     sum      -1    278.0    0.47    0.88      0    276.7    0.47    0.89      0
      262144         65536     float     sum      -1    423.1    0.62    1.16      0    469.7    0.56    1.05      0
      524288        131072     float     sum      -1    733.3    0.71    1.34      0    732.3    0.72    1.34      0
     1048576        262144     float     sum      -1   1215.8    0.86    1.62      0   1235.9    0.85    1.59      0
     2097152        524288     float     sum      -1   2256.2    0.93    1.74      0   2253.9    0.93    1.74      0
     4194304       1048576     float     sum      -1   4384.7    0.96    1.79      0   4292.9    0.98    1.83      0
     8388608       2097152     float     sum      -1   5662.3    1.48    2.78      0   5671.2    1.48    2.77      0
    16777216       4194304     float     sum      -1   9803.6    1.71    3.21      0   9779.0    1.72    3.22      0
    33554432       8388608     float     sum      -1    17869    1.88    3.52      0    18089    1.85    3.48      0
    67108864      16777216     float     sum      -1    36042    1.86    3.49      0    35871    1.87    3.51      0
   134217728      33554432     float     sum      -1    70244    1.91    3.58      0    69952    1.92    3.60      0
   268435456      67108864     float     sum      -1   138457    1.94    3.64      0   138172    1.94    3.64      0
c196-112:3908:3908 [3] NCCL INFO comm 0x2b644e402010 rank 7 nranks 16 cudaDev 3 busId 83000 - Destroy COMPLETE
c196-111:17502:17502 [3] NCCL INFO comm 0x2b2cde000010 rank 3 nranks 16 cudaDev 3 busId 83000 - Destroy COMPLETE
c197-011:1425:1425 [3] NCCL INFO comm 0x2b86660dc010 rank 11 nranks 16 cudaDev 3 busId 83000 - Destroy COMPLETE
c197-012:29652:29652 [3] NCCL INFO comm 0x2acdae201010 rank 15 nranks 16 cudaDev 3 busId 83000 - Destroy COMPLETE
c196-111:17501:17501 [2] NCCL INFO comm 0x2b780184f010 rank 2 nranks 16 cudaDev 2 busId 82000 - Destroy COMPLETE
c197-011:1424:1424 [2] NCCL INFO comm 0x2b05a0000010 rank 10 nranks 16 cudaDev 2 busId 82000 - Destroy COMPLETE
c196-112:3907:3907 [2] NCCL INFO comm 0x2b5862000010 rank 6 nranks 16 cudaDev 2 busId 82000 - Destroy COMPLETE
c197-012:29650:29650 [1] NCCL INFO comm 0x2ace0e000010 rank 13 nranks 16 cudaDev 1 busId 3000 - Destroy COMPLETE
c196-111:17499:17499 [0] NCCL INFO comm 0x2b3c82000010 rank 0 nranks 16 cudaDev 0 busId 2000 - Destroy COMPLETE
c196-111:17500:17500 [1] NCCL INFO comm 0x2b8f2dcbe010 rank 1 nranks 16 cudaDev 1 busId 3000 - Destroy COMPLETE
c197-012:29651:29651 [2] NCCL INFO comm 0x2b1cae000010 rank 14 nranks 16 cudaDev 2 busId 82000 - Destroy COMPLETE
c197-012:29649:29649 [0] NCCL INFO comm 0x2b29c1af0010 rank 12 nranks 16 cudaDev 0 busId 2000 - Destroy COMPLETE
c197-011:1423:1423 [1] NCCL INFO comm 0x2b4a70000010 rank 9 nranks 16 cudaDev 1 busId 3000 - Destroy COMPLETE
c196-112:3906:3906 [1] NCCL INFO comm 0x2af94e2fc010 rank 5 nranks 16 cudaDev 1 busId 3000 - Destroy COMPLETE
c196-112:3905:3905 [0] NCCL INFO comm 0x2b2de0000010 rank 4 nranks 16 cudaDev 0 busId 2000 - Destroy COMPLETE
# Out of bounds values : 0 OK
# Avg bus bandwidth    : 2.25491 
#
c197-011:1422:1422 [0] NCCL INFO comm 0x2b0e9e000010 rank 8 nranks 16 cudaDev 0 busId 2000 - Destroy COMPLETE

TACC:  Shutdown complete. Exiting. 
