c197-041:25763:25823 [0] NCCL INFO Channel 01 : 8[2000] -> 9[3000] via direct shared memory
c197-032:25461:25520 [0] NCCL INFO Channel 01 : 4[2000] -> 5[3000] via direct shared memory
c198-032:8268:8327 [0] NCCL INFO Channel 01 : 16[2000] -> 17[3000] via direct shared memory
c198-041:27778:27831 [0] NCCL INFO Channel 01 : 20[2000] -> 21[3000] via direct shared memory
c198-071:7672:7728 [1] NCCL INFO Connected all rings
c198-072:1138:1216 [1] NCCL INFO Connected all rings
c198-052:6458:6516 [1] NCCL INFO Connected all rings
c198-062:17573:17629 [1] NCCL INFO Connected all rings
c198-031:14421:14475 [1] NCCL INFO Connected all rings
c197-031:14436:14495 [1] NCCL INFO Connected all rings
c198-102:15465:15525 [1] NCCL INFO Connected all rings
c198-112:11578:11637 [1] NCCL INFO Connected all rings
c198-111:3446:3503 [1] NCCL INFO Connected all rings
c198-032:8269:8325 [1] NCCL INFO Connected all rings
c197-032:25462:25518 [1] NCCL INFO Connected all rings
c198-042:29973:30031 [1] NCCL INFO Connected all rings
c198-041:27779:27833 [1] NCCL INFO Connected all rings
c198-051:8331:8389 [1] NCCL INFO Connected all rings
c197-041:25764:25824 [1] NCCL INFO Connected all rings
c198-061:31285:31342 [1] NCCL INFO Connected all rings
c198-072:1138:1216 [1] NCCL INFO Channel 00/0 : 40[2000] -> 49[3000] [receive] via NET/IB/0
c198-071:7672:7728 [1] NCCL INFO Channel 01/0 : 45[3000] -> 52[2000] [send] via NET/IB/0
c198-031:14421:14475 [1] NCCL INFO Channel 01/0 : 13[3000] -> 20[2000] [send] via NET/IB/0
c198-062:17573:17629 [1] NCCL INFO Channel 00/0 : 36[2000] -> 41[3000] [receive] via NET/IB/0
c198-052:6458:6516 [1] NCCL INFO Channel 00/0 : 16[2000] -> 33[3000] [receive] via NET/IB/0
c198-102:15465:15525 [1] NCCL INFO Channel 01/0 : 53[3000] -> 56[2000] [send] via NET/IB/0
c197-032:25462:25518 [1] NCCL INFO Channel 01/0 : 5[3000] -> 8[2000] [send] via NET/IB/0
c198-111:3446:3503 [1] NCCL INFO Channel 00/0 : 52[2000] -> 57[3000] [receive] via NET/IB/0
c198-032:8269:8325 [1] NCCL INFO Channel 00/0 : 8[2000] -> 17[3000] [receive] via NET/IB/0
c198-041:27779:27833 [1] NCCL INFO Channel 01/0 : 21[3000] -> 24[2000] [send] via NET/IB/0
c198-042:29973:30031 [1] NCCL INFO Channel 00/0 : 20[2000] -> 25[3000] [receive] via NET/IB/0
c198-051:8331:8389 [1] NCCL INFO Channel 01/0 : 29[3000] -> 44[2000] [send] via NET/IB/0
c197-041:25764:25824 [1] NCCL INFO Channel 00/0 : 4[2000] -> 9[3000] [receive] via NET/IB/0
c198-061:31285:31342 [1] NCCL INFO Channel 01/0 : 37[3000] -> 40[2000] [send] via NET/IB/0
c198-072:1140:1212 [3] NCCL INFO Channel 01/0 : 51[83000] -> 52[2000] [send] via NET/IB/0
c197-041:25766:25818 [3] NCCL INFO Channel 01/0 : 11[83000] -> 12[2000] [send] via NET/IB/0
c198-071:7674:7732 [3] NCCL INFO Channel 01/0 : 47[83000] -> 48[2000] [send] via NET/IB/0
c198-062:17575:17627 [3] NCCL INFO Channel 01/0 : 43[83000] -> 44[2000] [send] via NET/IB/0
c198-031:14423:14473 [3] NCCL INFO Channel 01/0 : 15[83000] -> 16[2000] [send] via NET/IB/0
c198-052:6460:6514 [3] NCCL INFO Channel 01/0 : 35[83000] -> 36[2000] [send] via NET/IB/0
c198-061:31287:31339 [3] NCCL INFO Channel 01/0 : 39[83000] -> 40[2000] [send] via NET/IB/0
c198-102:15467:15519 [3] NCCL INFO Channel 01/0 : 55[83000] -> 56[2000] [send] via NET/IB/0
c198-051:8333:8383 [3] NCCL INFO Channel 01/0 : 31[83000] -> 32[2000] [send] via NET/IB/0
c197-032:25464:25516 [3] NCCL INFO Channel 01/0 : 7[83000] -> 8[2000] [send] via NET/IB/0
c198-112:11580:11633 [3] NCCL INFO Channel 01/0 : 63[83000] -> 0[2000] [send] via NET/IB/0
c198-032:8271:8322 [3] NCCL INFO Channel 01/0 : 19[83000] -> 20[2000] [send] via NET/IB/0
c197-031:14438:14491 [3] NCCL INFO Channel 01/0 : 3[83000] -> 4[2000] [send] via NET/IB/0
c198-041:27781:27837 [3] NCCL INFO Channel 01/0 : 23[83000] -> 24[2000] [send] via NET/IB/0
c198-042:29975:30029 [3] NCCL INFO Channel 01/0 : 27[83000] -> 28[2000] [send] via NET/IB/0
c198-111:3448:3501 [3] NCCL INFO Channel 01/0 : 59[83000] -> 60[2000] [send] via NET/IB/0
c198-072:1139:1209 [2] NCCL INFO Connected all rings
c198-052:6459:6510 [2] NCCL INFO Connected all rings
c198-031:14422:14479 [2] NCCL INFO Connected all rings
c198-071:7673:7726 [2] NCCL INFO Connected all rings
c198-051:8332:8385 [2] NCCL INFO Connected all rings
c198-032:8270:8323 [2] NCCL INFO Connected all rings
c198-061:31286:31337 [2] NCCL INFO Connected all rings
c198-102:15466:15521 [2] NCCL INFO Connected all rings
c198-112:11579:11632 [2] NCCL INFO Connected all rings
c198-062:17574:17626 [2] NCCL INFO Connected all rings
c198-111:3447:3500 [2] NCCL INFO Connected all rings
c197-041:25765:25820 [2] NCCL INFO Connected all rings
c198-042:29974:30025 [2] NCCL INFO Connected all rings
c197-032:25463:25515 [2] NCCL INFO Connected all rings
c198-041:27780:27835 [2] NCCL INFO Connected all rings
c197-031:14436:14495 [1] NCCL INFO Channel 00 : 1[3000] -> 0[2000] via direct shared memory
c197-031:14437:14493 [2] NCCL INFO Connected all rings
c197-031:14436:14495 [1] NCCL INFO Channel 01 : 1[3000] -> 0[2000] via direct shared memory
c198-112:11578:11637 [1] NCCL INFO Channel 00 : 61[3000] -> 60[2000] via direct shared memory
c198-112:11578:11637 [1] NCCL INFO Channel 01 : 61[3000] -> 60[2000] via direct shared memory
c198-072:1140:1212 [3] NCCL INFO Connected all rings
c198-072:1140:1212 [3] NCCL INFO Channel 00 : 51[83000] -> 50[82000] via direct shared memory
c198-072:1140:1212 [3] NCCL INFO Channel 01 : 51[83000] -> 50[82000] via direct shared memory
c197-041:25766:25818 [3] NCCL INFO Connected all rings
c197-041:25766:25818 [3] NCCL INFO Channel 00 : 11[83000] -> 10[82000] via direct shared memory
c198-071:7674:7732 [3] NCCL INFO Connected all rings
c197-041:25766:25818 [3] NCCL INFO Channel 01 : 11[83000] -> 10[82000] via direct shared memory
c198-071:7674:7732 [3] NCCL INFO Channel 00 : 47[83000] -> 46[82000] via direct shared memory
c198-062:17575:17627 [3] NCCL INFO Connected all rings
c198-071:7674:7732 [3] NCCL INFO Channel 01 : 47[83000] -> 46[82000] via direct shared memory
c198-062:17575:17627 [3] NCCL INFO Channel 00 : 43[83000] -> 42[82000] via direct shared memory
c198-062:17575:17627 [3] NCCL INFO Channel 01 : 43[83000] -> 42[82000] via direct shared memory
c198-061:31287:31339 [3] NCCL INFO Connected all rings
c198-061:31287:31339 [3] NCCL INFO Channel 00 : 39[83000] -> 38[82000] via direct shared memory
c198-061:31287:31339 [3] NCCL INFO Channel 01 : 39[83000] -> 38[82000] via direct shared memory
c198-102:15467:15519 [3] NCCL INFO Connected all rings
c198-041:27781:27837 [3] NCCL INFO Connected all rings
c198-102:15467:15519 [3] NCCL INFO Channel 00 : 55[83000] -> 54[82000] via direct shared memory
c198-041:27781:27837 [3] NCCL INFO Channel 00 : 23[83000] -> 22[82000] via direct shared memory
c198-102:15467:15519 [3] NCCL INFO Channel 01 : 55[83000] -> 54[82000] via direct shared memory
c198-051:8333:8383 [3] NCCL INFO Connected all rings
c198-031:14423:14473 [3] NCCL INFO Connected all rings
c198-041:27781:27837 [3] NCCL INFO Channel 01 : 23[83000] -> 22[82000] via direct shared memory
c198-051:8333:8383 [3] NCCL INFO Channel 00 : 31[83000] -> 30[82000] via direct shared memory
c198-052:6460:6514 [3] NCCL INFO Connected all rings
c198-112:11580:11633 [3] NCCL INFO Connected all rings
c198-032:8271:8322 [3] NCCL INFO Connected all rings
c198-051:8333:8383 [3] NCCL INFO Channel 01 : 31[83000] -> 30[82000] via direct shared memory
c197-031:14438:14491 [3] NCCL INFO Connected all rings
c198-042:29975:30029 [3] NCCL INFO Connected all rings
c198-052:6460:6514 [3] NCCL INFO Channel 00 : 35[83000] -> 34[82000] via direct shared memory
c198-112:11580:11633 [3] NCCL INFO Channel 00 : 63[83000] -> 62[82000] via direct shared memory
c197-031:14438:14491 [3] NCCL INFO Channel 00 : 3[83000] -> 2[82000] via direct shared memory
c198-042:29975:30029 [3] NCCL INFO Channel 00 : 27[83000] -> 26[82000] via direct shared memory
c197-032:25464:25516 [3] NCCL INFO Connected all rings
c198-052:6460:6514 [3] NCCL INFO Channel 01 : 35[83000] -> 34[82000] via direct shared memory
c198-032:8271:8322 [3] NCCL INFO Channel 00 : 19[83000] -> 18[82000] via direct shared memory
c198-111:3448:3501 [3] NCCL INFO Connected all rings
c198-031:14423:14473 [3] NCCL INFO Channel 00 : 15[83000] -> 14[82000] via direct shared memory
c198-042:29975:30029 [3] NCCL INFO Channel 01 : 27[83000] -> 26[82000] via direct shared memory
c197-032:25464:25516 [3] NCCL INFO Channel 00 : 7[83000] -> 6[82000] via direct shared memory
c198-112:11580:11633 [3] NCCL INFO Channel 01 : 63[83000] -> 62[82000] via direct shared memory
c198-111:3448:3501 [3] NCCL INFO Channel 00 : 59[83000] -> 58[82000] via direct shared memory
c197-031:14438:14491 [3] NCCL INFO Channel 01 : 3[83000] -> 2[82000] via direct shared memory
c197-032:25464:25516 [3] NCCL INFO Channel 01 : 7[83000] -> 6[82000] via direct shared memory
c198-031:14423:14473 [3] NCCL INFO Channel 01 : 15[83000] -> 14[82000] via direct shared memory
c198-032:8271:8322 [3] NCCL INFO Channel 01 : 19[83000] -> 18[82000] via direct shared memory
c198-111:3448:3501 [3] NCCL INFO Channel 01 : 59[83000] -> 58[82000] via direct shared memory
c198-102:15464:15523 [0] NCCL INFO Connected all rings
c198-072:1137:1214 [0] NCCL INFO Connected all rings
c198-072:1139:1209 [2] NCCL INFO Channel 00 : 50[82000] -> 49[3000] via direct shared memory
c198-061:31284:31343 [0] NCCL INFO Connected all rings
c198-072:1139:1209 [2] NCCL INFO Channel 01 : 50[82000] -> 49[3000] via direct shared memory
c198-031:14420:14477 [0] NCCL INFO Connected all rings
c198-032:8268:8327 [0] NCCL INFO Connected all rings
c198-071:7671:7731 [0] NCCL INFO Connected all rings
c198-031:14422:14479 [2] NCCL INFO Channel 00 : 14[82000] -> 13[3000] via direct shared memory
c198-031:14422:14479 [2] NCCL INFO Channel 01 : 14[82000] -> 13[3000] via direct shared memory
c197-032:25461:25520 [0] NCCL INFO Connected all rings
c198-052:6457:6512 [0] NCCL INFO Connected all rings
c198-071:7673:7726 [2] NCCL INFO Channel 00 : 46[82000] -> 45[3000] via direct shared memory
c198-062:17572:17631 [0] NCCL INFO Connected all rings
c198-071:7673:7726 [2] NCCL INFO Channel 01 : 46[82000] -> 45[3000] via direct shared memory
c198-062:17574:17626 [2] NCCL INFO Channel 00 : 42[82000] -> 41[3000] via direct shared memory
c198-062:17574:17626 [2] NCCL INFO Channel 01 : 42[82000] -> 41[3000] via direct shared memory
c198-042:29972:30028 [0] NCCL INFO Connected all rings
c198-111:3445:3505 [0] NCCL INFO Connected all rings
c197-031:14435:14486 [0] NCCL INFO Connected all rings
c198-052:6459:6510 [2] NCCL INFO Channel 00 : 34[82000] -> 33[3000] via direct shared memory
c198-052:6459:6510 [2] NCCL INFO Channel 01 : 34[82000] -> 33[3000] via direct shared memory
c198-051:8332:8385 [2] NCCL INFO Channel 00 : 30[82000] -> 29[3000] via direct shared memory
c198-041:27778:27831 [0] NCCL INFO Connected all rings
c198-032:8270:8323 [2] NCCL INFO Channel 00 : 18[82000] -> 17[3000] via direct shared memory
c198-061:31286:31337 [2] NCCL INFO Channel 00 : 38[82000] -> 37[3000] via direct shared memory
c198-051:8332:8385 [2] NCCL INFO Channel 01 : 30[82000] -> 29[3000] via direct shared memory
c198-032:8270:8323 [2] NCCL INFO Channel 01 : 18[82000] -> 17[3000] via direct shared memory
c197-041:25765:25820 [2] NCCL INFO Channel 00 : 10[82000] -> 9[3000] via direct shared memory
c198-051:8330:8388 [0] NCCL INFO Connected all rings
c197-041:25765:25820 [2] NCCL INFO Channel 01 : 10[82000] -> 9[3000] via direct shared memory
c197-032:25463:25515 [2] NCCL INFO Channel 00 : 6[82000] -> 5[3000] via direct shared memory
c197-032:25463:25515 [2] NCCL INFO Channel 01 : 6[82000] -> 5[3000] via direct shared memory
c198-102:15466:15521 [2] NCCL INFO Channel 00 : 54[82000] -> 53[3000] via direct shared memory
c198-061:31286:31337 [2] NCCL INFO Channel 01 : 38[82000] -> 37[3000] via direct shared memory
c198-112:11579:11632 [2] NCCL INFO Channel 00 : 62[82000] -> 61[3000] via direct shared memory
c197-041:25763:25823 [0] NCCL INFO Connected all rings
c198-102:15466:15521 [2] NCCL INFO Channel 01 : 54[82000] -> 53[3000] via direct shared memory
c198-041:27780:27835 [2] NCCL INFO Channel 00 : 22[82000] -> 21[3000] via direct shared memory
c198-112:11579:11632 [2] NCCL INFO Channel 01 : 62[82000] -> 61[3000] via direct shared memory
c198-041:27780:27835 [2] NCCL INFO Channel 01 : 22[82000] -> 21[3000] via direct shared memory
c198-072:1140:1212 [3] NCCL INFO Connected all trees
c198-072:1140:1212 [3] NCCL INFO MSCCL_XML_FILES set by environment to /home1/09168/ldai1/ccl-build/msccl_tools_lyd/examples/xml/xml_lyd/binary_tree/allreduce_binary_tree_1ch_2tree_16chunk_16node_64gpu.xml
c198-072:1140:1212 [3] NCCL INFO MSCCL: Parsing algorithm /home1/09168/ldai1/ccl-build/msccl_tools_lyd/examples/xml/xml_lyd/binary_tree/allreduce_binary_tree_1ch_2tree_16chunk_16node_64gpu.xml
c198-111:3447:3500 [2] NCCL INFO Channel 00 : 58[82000] -> 57[3000] via direct shared memory
c198-111:3447:3500 [2] NCCL INFO Channel 01 : 58[82000] -> 57[3000] via direct shared memory
c198-042:29974:30025 [2] NCCL INFO Channel 00 : 26[82000] -> 25[3000] via direct shared memory
c198-042:29974:30025 [2] NCCL INFO Channel 01 : 26[82000] -> 25[3000] via direct shared memory
c198-031:14423:14473 [3] NCCL INFO Connected all trees
c198-031:14423:14473 [3] NCCL INFO MSCCL_XML_FILES set by environment to /home1/09168/ldai1/ccl-build/msccl_tools_lyd/examples/xml/xml_lyd/binary_tree/allreduce_binary_tree_1ch_2tree_16chunk_16node_64gpu.xml
c198-031:14423:14473 [3] NCCL INFO MSCCL: Parsing algorithm /home1/09168/ldai1/ccl-build/msccl_tools_lyd/examples/xml/xml_lyd/binary_tree/allreduce_binary_tree_1ch_2tree_16chunk_16node_64gpu.xml
c197-031:14437:14493 [2] NCCL INFO Channel 00 : 2[82000] -> 1[3000] via direct shared memory
c197-031:14437:14493 [2] NCCL INFO Channel 01 : 2[82000] -> 1[3000] via direct shared memory
c198-071:7674:7732 [3] NCCL INFO Connected all trees
c198-071:7674:7732 [3] NCCL INFO MSCCL_XML_FILES set by environment to /home1/09168/ldai1/ccl-build/msccl_tools_lyd/examples/xml/xml_lyd/binary_tree/allreduce_binary_tree_1ch_2tree_16chunk_16node_64gpu.xml
c198-071:7674:7732 [3] NCCL INFO MSCCL: Parsing algorithm /home1/09168/ldai1/ccl-build/msccl_tools_lyd/examples/xml/xml_lyd/binary_tree/allreduce_binary_tree_1ch_2tree_16chunk_16node_64gpu.xml
c198-062:17575:17627 [3] NCCL INFO Connected all trees
c198-062:17575:17627 [3] NCCL INFO MSCCL_XML_FILES set by environment to /home1/09168/ldai1/ccl-build/msccl_tools_lyd/examples/xml/xml_lyd/binary_tree/allreduce_binary_tree_1ch_2tree_16chunk_16node_64gpu.xml
c198-062:17575:17627 [3] NCCL INFO MSCCL: Parsing algorithm /home1/09168/ldai1/ccl-build/msccl_tools_lyd/examples/xml/xml_lyd/binary_tree/allreduce_binary_tree_1ch_2tree_16chunk_16node_64gpu.xml
c198-112:11577:11635 [0] NCCL INFO Connected all rings
c198-052:6460:6514 [3] NCCL INFO Connected all trees
c198-032:8271:8322 [3] NCCL INFO Connected all trees
c198-052:6460:6514 [3] NCCL INFO MSCCL_XML_FILES set by environment to /home1/09168/ldai1/ccl-build/msccl_tools_lyd/examples/xml/xml_lyd/binary_tree/allreduce_binary_tree_1ch_2tree_16chunk_16node_64gpu.xml
c198-052:6460:6514 [3] NCCL INFO MSCCL: Parsing algorithm /home1/09168/ldai1/ccl-build/msccl_tools_lyd/examples/xml/xml_lyd/binary_tree/allreduce_binary_tree_1ch_2tree_16chunk_16node_64gpu.xml
c198-032:8271:8322 [3] NCCL INFO MSCCL_XML_FILES set by environment to /home1/09168/ldai1/ccl-build/msccl_tools_lyd/examples/xml/xml_lyd/binary_tree/allreduce_binary_tree_1ch_2tree_16chunk_16node_64gpu.xml
c198-032:8271:8322 [3] NCCL INFO MSCCL: Parsing algorithm /home1/09168/ldai1/ccl-build/msccl_tools_lyd/examples/xml/xml_lyd/binary_tree/allreduce_binary_tree_1ch_2tree_16chunk_16node_64gpu.xml
c198-051:8333:8383 [3] NCCL INFO Connected all trees
c198-051:8333:8383 [3] NCCL INFO MSCCL_XML_FILES set by environment to /home1/09168/ldai1/ccl-build/msccl_tools_lyd/examples/xml/xml_lyd/binary_tree/allreduce_binary_tree_1ch_2tree_16chunk_16node_64gpu.xml
c198-051:8333:8383 [3] NCCL INFO MSCCL: Parsing algorithm /home1/09168/ldai1/ccl-build/msccl_tools_lyd/examples/xml/xml_lyd/binary_tree/allreduce_binary_tree_1ch_2tree_16chunk_16node_64gpu.xml
c197-041:25766:25818 [3] NCCL INFO Connected all trees
c197-041:25766:25818 [3] NCCL INFO MSCCL_XML_FILES set by environment to /home1/09168/ldai1/ccl-build/msccl_tools_lyd/examples/xml/xml_lyd/binary_tree/allreduce_binary_tree_1ch_2tree_16chunk_16node_64gpu.xml
c197-041:25766:25818 [3] NCCL INFO MSCCL: Parsing algorithm /home1/09168/ldai1/ccl-build/msccl_tools_lyd/examples/xml/xml_lyd/binary_tree/allreduce_binary_tree_1ch_2tree_16chunk_16node_64gpu.xml
c198-061:31287:31339 [3] NCCL INFO Connected all trees
c198-061:31287:31339 [3] NCCL INFO MSCCL_XML_FILES set by environment to /home1/09168/ldai1/ccl-build/msccl_tools_lyd/examples/xml/xml_lyd/binary_tree/allreduce_binary_tree_1ch_2tree_16chunk_16node_64gpu.xml
c198-061:31287:31339 [3] NCCL INFO MSCCL: Parsing algorithm /home1/09168/ldai1/ccl-build/msccl_tools_lyd/examples/xml/xml_lyd/binary_tree/allreduce_binary_tree_1ch_2tree_16chunk_16node_64gpu.xml
c198-102:15467:15519 [3] NCCL INFO Connected all trees
c198-102:15467:15519 [3] NCCL INFO MSCCL_XML_FILES set by environment to /home1/09168/ldai1/ccl-build/msccl_tools_lyd/examples/xml/xml_lyd/binary_tree/allreduce_binary_tree_1ch_2tree_16chunk_16node_64gpu.xml
c198-102:15467:15519 [3] NCCL INFO MSCCL: Parsing algorithm /home1/09168/ldai1/ccl-build/msccl_tools_lyd/examples/xml/xml_lyd/binary_tree/allreduce_binary_tree_1ch_2tree_16chunk_16node_64gpu.xml
c197-032:25464:25516 [3] NCCL INFO Connected all trees
c197-032:25464:25516 [3] NCCL INFO MSCCL_XML_FILES set by environment to /home1/09168/ldai1/ccl-build/msccl_tools_lyd/examples/xml/xml_lyd/binary_tree/allreduce_binary_tree_1ch_2tree_16chunk_16node_64gpu.xml
c198-112:11580:11633 [3] NCCL INFO Connected all trees
c197-032:25464:25516 [3] NCCL INFO MSCCL: Parsing algorithm /home1/09168/ldai1/ccl-build/msccl_tools_lyd/examples/xml/xml_lyd/binary_tree/allreduce_binary_tree_1ch_2tree_16chunk_16node_64gpu.xml
c198-112:11580:11633 [3] NCCL INFO MSCCL_XML_FILES set by environment to /home1/09168/ldai1/ccl-build/msccl_tools_lyd/examples/xml/xml_lyd/binary_tree/allreduce_binary_tree_1ch_2tree_16chunk_16node_64gpu.xml
c198-112:11580:11633 [3] NCCL INFO MSCCL: Parsing algorithm /home1/09168/ldai1/ccl-build/msccl_tools_lyd/examples/xml/xml_lyd/binary_tree/allreduce_binary_tree_1ch_2tree_16chunk_16node_64gpu.xml
c198-041:27781:27837 [3] NCCL INFO Connected all trees
c198-041:27781:27837 [3] NCCL INFO MSCCL_XML_FILES set by environment to /home1/09168/ldai1/ccl-build/msccl_tools_lyd/examples/xml/xml_lyd/binary_tree/allreduce_binary_tree_1ch_2tree_16chunk_16node_64gpu.xml
c198-041:27781:27837 [3] NCCL INFO MSCCL: Parsing algorithm /home1/09168/ldai1/ccl-build/msccl_tools_lyd/examples/xml/xml_lyd/binary_tree/allreduce_binary_tree_1ch_2tree_16chunk_16node_64gpu.xml
c198-111:3448:3501 [3] NCCL INFO Connected all trees
c198-111:3448:3501 [3] NCCL INFO MSCCL_XML_FILES set by environment to /home1/09168/ldai1/ccl-build/msccl_tools_lyd/examples/xml/xml_lyd/binary_tree/allreduce_binary_tree_1ch_2tree_16chunk_16node_64gpu.xml
c198-111:3448:3501 [3] NCCL INFO MSCCL: Parsing algorithm /home1/09168/ldai1/ccl-build/msccl_tools_lyd/examples/xml/xml_lyd/binary_tree/allreduce_binary_tree_1ch_2tree_16chunk_16node_64gpu.xml
c198-042:29975:30029 [3] NCCL INFO Connected all trees
c198-042:29975:30029 [3] NCCL INFO MSCCL_XML_FILES set by environment to /home1/09168/ldai1/ccl-build/msccl_tools_lyd/examples/xml/xml_lyd/binary_tree/allreduce_binary_tree_1ch_2tree_16chunk_16node_64gpu.xml
c198-042:29975:30029 [3] NCCL INFO MSCCL: Parsing algorithm /home1/09168/ldai1/ccl-build/msccl_tools_lyd/examples/xml/xml_lyd/binary_tree/allreduce_binary_tree_1ch_2tree_16chunk_16node_64gpu.xml
c198-112:11579:11632 [2] NCCL INFO Connected all trees
c198-112:11579:11632 [2] NCCL INFO MSCCL_XML_FILES set by environment to /home1/09168/ldai1/ccl-build/msccl_tools_lyd/examples/xml/xml_lyd/binary_tree/allreduce_binary_tree_1ch_2tree_16chunk_16node_64gpu.xml
c198-112:11579:11632 [2] NCCL INFO MSCCL: Parsing algorithm /home1/09168/ldai1/ccl-build/msccl_tools_lyd/examples/xml/xml_lyd/binary_tree/allreduce_binary_tree_1ch_2tree_16chunk_16node_64gpu.xml
c197-031:14438:14491 [3] NCCL INFO Connected all trees
c197-031:14438:14491 [3] NCCL INFO MSCCL_XML_FILES set by environment to /home1/09168/ldai1/ccl-build/msccl_tools_lyd/examples/xml/xml_lyd/binary_tree/allreduce_binary_tree_1ch_2tree_16chunk_16node_64gpu.xml
c197-031:14438:14491 [3] NCCL INFO MSCCL: Parsing algorithm /home1/09168/ldai1/ccl-build/msccl_tools_lyd/examples/xml/xml_lyd/binary_tree/allreduce_binary_tree_1ch_2tree_16chunk_16node_64gpu.xml
c197-031:14437:14493 [2] NCCL INFO Connected all trees
c197-031:14437:14493 [2] NCCL INFO MSCCL_XML_FILES set by environment to /home1/09168/ldai1/ccl-build/msccl_tools_lyd/examples/xml/xml_lyd/binary_tree/allreduce_binary_tree_1ch_2tree_16chunk_16node_64gpu.xml
c197-031:14437:14493 [2] NCCL INFO MSCCL: Parsing algorithm /home1/09168/ldai1/ccl-build/msccl_tools_lyd/examples/xml/xml_lyd/binary_tree/allreduce_binary_tree_1ch_2tree_16chunk_16node_64gpu.xml
c198-102:15464:15523 [0] NCCL INFO Channel 01/0 : 48[2000] -> 52[2000] [receive] via NET/IB/0
c198-032:8268:8327 [0] NCCL INFO Channel 01/0 : 16[2000] -> 20[2000] [send] via NET/IB/0
c198-072:1137:1214 [0] NCCL INFO Channel 01/0 : 48[2000] -> 52[2000] [send] via NET/IB/0
c198-031:14420:14477 [0] NCCL INFO Channel 00/0 : 8[2000] -> 12[2000] [receive] via NET/IB/0
c198-061:31284:31343 [0] NCCL INFO Channel 01/0 : 32[2000] -> 36[2000] [receive] via NET/IB/0
c197-032:25461:25520 [0] NCCL INFO Channel 01/0 : 0[2000] -> 4[2000] [receive] via NET/IB/0
c198-071:7671:7731 [0] NCCL INFO Channel 00/0 : 40[2000] -> 44[2000] [receive] via NET/IB/0
c198-062:17572:17631 [0] NCCL INFO Channel 01/0 : 37[3000] -> 40[2000] [receive] via NET/IB/0
c198-052:6457:6512 [0] NCCL INFO Channel 01/0 : 32[2000] -> 36[2000] [send] via NET/IB/0
c198-042:29972:30028 [0] NCCL INFO Channel 01/0 : 21[3000] -> 24[2000] [receive] via NET/IB/0
c198-111:3445:3505 [0] NCCL INFO Channel 01/0 : 53[3000] -> 56[2000] [receive] via NET/IB/0
c198-051:8330:8388 [0] NCCL INFO Channel 00/0 : 24[2000] -> 28[2000] [receive] via NET/IB/0
c198-041:27778:27831 [0] NCCL INFO Channel 01/0 : 16[2000] -> 20[2000] [receive] via NET/IB/0
c197-031:14435:14486 [0] NCCL INFO Channel 01/0 : 0[2000] -> 4[2000] [send] via NET/IB/0
c197-041:25763:25823 [0] NCCL INFO Channel 01/0 : 5[3000] -> 8[2000] [receive] via NET/IB/0
c198-112:11577:11635 [0] NCCL INFO Channel 00/0 : 56[2000] -> 60[2000] [receive] via NET/IB/0
c198-112:11579:11632 [2] NCCL INFO Parsed MSCCL Algorithm /home1/09168/ldai1/ccl-build/msccl_tools_lyd/examples/xml/xml_lyd/binary_tree/allreduce_binary_tree_1ch_2tree_16chunk_16node_64gpu.xml successfully.
c198-112:11579:11632 [2] NCCL INFO Connected 1 MSCCL algorithms
c198-112:11579:11632 [2] NCCL INFO NCCL_PROTO set by environment to Simple
c198-112:11579:11632 [2] NCCL INFO NCCL_ALGO set by environment to MSCCL,TREE,RING
c198-112:11579:11632 [2] NCCL INFO threadThresholds 8/8/64 | 512/8/64 | 8/8/64 | 8/8/512
c198-112:11579:11632 [2] NCCL INFO 2 coll channels, 2 p2p channels, 2 p2p channels per peer
c198-112:11580:11633 [3] NCCL INFO Parsed MSCCL Algorithm /home1/09168/ldai1/ccl-build/msccl_tools_lyd/examples/xml/xml_lyd/binary_tree/allreduce_binary_tree_1ch_2tree_16chunk_16node_64gpu.xml successfully.
c198-112:11580:11633 [3] NCCL INFO Connected 1 MSCCL algorithms
c198-112:11580:11633 [3] NCCL INFO NCCL_PROTO set by environment to Simple
c198-112:11580:11633 [3] NCCL INFO NCCL_ALGO set by environment to MSCCL,TREE,RING
c198-112:11580:11633 [3] NCCL INFO threadThresholds 8/8/64 | 512/8/64 | 8/8/64 | 8/8/512
c198-112:11580:11633 [3] NCCL INFO 2 coll channels, 2 p2p channels, 2 p2p channels per peer
c197-031:14437:14493 [2] NCCL INFO Parsed MSCCL Algorithm /home1/09168/ldai1/ccl-build/msccl_tools_lyd/examples/xml/xml_lyd/binary_tree/allreduce_binary_tree_1ch_2tree_16chunk_16node_64gpu.xml successfully.
c197-031:14437:14493 [2] NCCL INFO Connected 1 MSCCL algorithms
c197-031:14437:14493 [2] NCCL INFO NCCL_PROTO set by environment to Simple
c197-031:14437:14493 [2] NCCL INFO NCCL_ALGO set by environment to MSCCL,TREE,RING
c197-031:14437:14493 [2] NCCL INFO threadThresholds 8/8/64 | 512/8/64 | 8/8/64 | 8/8/512
c197-031:14437:14493 [2] NCCL INFO 2 coll channels, 2 p2p channels, 2 p2p channels per peer
c198-031:14423:14473 [3] NCCL INFO Parsed MSCCL Algorithm /home1/09168/ldai1/ccl-build/msccl_tools_lyd/examples/xml/xml_lyd/binary_tree/allreduce_binary_tree_1ch_2tree_16chunk_16node_64gpu.xml successfully.
c198-031:14423:14473 [3] NCCL INFO Connected 1 MSCCL algorithms
c198-031:14423:14473 [3] NCCL INFO NCCL_PROTO set by environment to Simple
c198-031:14423:14473 [3] NCCL INFO NCCL_ALGO set by environment to MSCCL,TREE,RING
c198-031:14423:14473 [3] NCCL INFO threadThresholds 8/8/64 | 512/8/64 | 8/8/64 | 8/8/512
c198-031:14423:14473 [3] NCCL INFO 2 coll channels, 2 p2p channels, 2 p2p channels per peer
c197-031:14438:14491 [3] NCCL INFO Parsed MSCCL Algorithm /home1/09168/ldai1/ccl-build/msccl_tools_lyd/examples/xml/xml_lyd/binary_tree/allreduce_binary_tree_1ch_2tree_16chunk_16node_64gpu.xml successfully.
c197-031:14438:14491 [3] NCCL INFO Connected 1 MSCCL algorithms
c197-031:14438:14491 [3] NCCL INFO NCCL_PROTO set by environment to Simple
c197-031:14438:14491 [3] NCCL INFO NCCL_ALGO set by environment to MSCCL,TREE,RING
c197-031:14438:14491 [3] NCCL INFO threadThresholds 8/8/64 | 512/8/64 | 8/8/64 | 8/8/512
c197-031:14438:14491 [3] NCCL INFO 2 coll channels, 2 p2p channels, 2 p2p channels per peer
c198-062:17575:17627 [3] NCCL INFO Parsed MSCCL Algorithm /home1/09168/ldai1/ccl-build/msccl_tools_lyd/examples/xml/xml_lyd/binary_tree/allreduce_binary_tree_1ch_2tree_16chunk_16node_64gpu.xml successfully.
c198-072:1140:1212 [3] NCCL INFO Parsed MSCCL Algorithm /home1/09168/ldai1/ccl-build/msccl_tools_lyd/examples/xml/xml_lyd/binary_tree/allreduce_binary_tree_1ch_2tree_16chunk_16node_64gpu.xml successfully.
c198-062:17575:17627 [3] NCCL INFO Connected 1 MSCCL algorithms
c197-041:25766:25818 [3] NCCL INFO Parsed MSCCL Algorithm /home1/09168/ldai1/ccl-build/msccl_tools_lyd/examples/xml/xml_lyd/binary_tree/allreduce_binary_tree_1ch_2tree_16chunk_16node_64gpu.xml successfully.
c198-062:17575:17627 [3] NCCL INFO NCCL_PROTO set by environment to Simple
c198-062:17575:17627 [3] NCCL INFO NCCL_ALGO set by environment to MSCCL,TREE,RING
c197-041:25766:25818 [3] NCCL INFO Connected 1 MSCCL algorithms
c198-072:1140:1212 [3] NCCL INFO Connected 1 MSCCL algorithms
c198-062:17575:17627 [3] NCCL INFO threadThresholds 8/8/64 | 512/8/64 | 8/8/64 | 8/8/512
c197-041:25766:25818 [3] NCCL INFO NCCL_PROTO set by environment to Simple
c197-041:25766:25818 [3] NCCL INFO NCCL_ALGO set by environment to MSCCL,TREE,RING
c198-072:1140:1212 [3] NCCL INFO NCCL_PROTO set by environment to Simple
c198-072:1140:1212 [3] NCCL INFO NCCL_ALGO set by environment to MSCCL,TREE,RING
c198-062:17575:17627 [3] NCCL INFO 2 coll channels, 2 p2p channels, 2 p2p channels per peer
c197-041:25766:25818 [3] NCCL INFO threadThresholds 8/8/64 | 512/8/64 | 8/8/64 | 8/8/512
c198-072:1140:1212 [3] NCCL INFO threadThresholds 8/8/64 | 512/8/64 | 8/8/64 | 8/8/512
c197-041:25766:25818 [3] NCCL INFO 2 coll channels, 2 p2p channels, 2 p2p channels per peer
c198-072:1140:1212 [3] NCCL INFO 2 coll channels, 2 p2p channels, 2 p2p channels per peer
c198-111:3448:3501 [3] NCCL INFO Parsed MSCCL Algorithm /home1/09168/ldai1/ccl-build/msccl_tools_lyd/examples/xml/xml_lyd/binary_tree/allreduce_binary_tree_1ch_2tree_16chunk_16node_64gpu.xml successfully.
c198-061:31287:31339 [3] NCCL INFO Parsed MSCCL Algorithm /home1/09168/ldai1/ccl-build/msccl_tools_lyd/examples/xml/xml_lyd/binary_tree/allreduce_binary_tree_1ch_2tree_16chunk_16node_64gpu.xml successfully.
c198-111:3448:3501 [3] NCCL INFO Connected 1 MSCCL algorithms
c198-061:31287:31339 [3] NCCL INFO Connected 1 MSCCL algorithms
c198-111:3448:3501 [3] NCCL INFO NCCL_PROTO set by environment to Simple
c198-111:3448:3501 [3] NCCL INFO NCCL_ALGO set by environment to MSCCL,TREE,RING
c197-032:25464:25516 [3] NCCL INFO Parsed MSCCL Algorithm /home1/09168/ldai1/ccl-build/msccl_tools_lyd/examples/xml/xml_lyd/binary_tree/allreduce_binary_tree_1ch_2tree_16chunk_16node_64gpu.xml successfully.
c198-061:31287:31339 [3] NCCL INFO NCCL_PROTO set by environment to Simple
c198-061:31287:31339 [3] NCCL INFO NCCL_ALGO set by environment to MSCCL,TREE,RING
c198-032:8271:8322 [3] NCCL INFO Parsed MSCCL Algorithm /home1/09168/ldai1/ccl-build/msccl_tools_lyd/examples/xml/xml_lyd/binary_tree/allreduce_binary_tree_1ch_2tree_16chunk_16node_64gpu.xml successfully.
c198-111:3448:3501 [3] NCCL INFO threadThresholds 8/8/64 | 512/8/64 | 8/8/64 | 8/8/512
c198-061:31287:31339 [3] NCCL INFO threadThresholds 8/8/64 | 512/8/64 | 8/8/64 | 8/8/512
c198-071:7674:7732 [3] NCCL INFO Parsed MSCCL Algorithm /home1/09168/ldai1/ccl-build/msccl_tools_lyd/examples/xml/xml_lyd/binary_tree/allreduce_binary_tree_1ch_2tree_16chunk_16node_64gpu.xml successfully.
c198-032:8271:8322 [3] NCCL INFO Connected 1 MSCCL algorithms
c198-111:3448:3501 [3] NCCL INFO 2 coll channels, 2 p2p channels, 2 p2p channels per peer
c198-051:8333:8383 [3] NCCL INFO Parsed MSCCL Algorithm /home1/09168/ldai1/ccl-build/msccl_tools_lyd/examples/xml/xml_lyd/binary_tree/allreduce_binary_tree_1ch_2tree_16chunk_16node_64gpu.xml successfully.
c197-032:25464:25516 [3] NCCL INFO Connected 1 MSCCL algorithms
c198-061:31287:31339 [3] NCCL INFO 2 coll channels, 2 p2p channels, 2 p2p channels per peer
c198-071:7674:7732 [3] NCCL INFO Connected 1 MSCCL algorithms
c198-032:8271:8322 [3] NCCL INFO NCCL_PROTO set by environment to Simple
c198-032:8271:8322 [3] NCCL INFO NCCL_ALGO set by environment to MSCCL,TREE,RING
c198-051:8333:8383 [3] NCCL INFO Connected 1 MSCCL algorithms
c198-051:8333:8383 [3] NCCL INFO NCCL_PROTO set by environment to Simple
c197-032:25464:25516 [3] NCCL INFO NCCL_PROTO set by environment to Simple
c198-071:7674:7732 [3] NCCL INFO NCCL_PROTO set by environment to Simple
c198-071:7674:7732 [3] NCCL INFO NCCL_ALGO set by environment to MSCCL,TREE,RING
c198-032:8271:8322 [3] NCCL INFO threadThresholds 8/8/64 | 512/8/64 | 8/8/64 | 8/8/512
c198-051:8333:8383 [3] NCCL INFO NCCL_ALGO set by environment to MSCCL,TREE,RING
c198-051:8333:8383 [3] NCCL INFO threadThresholds 8/8/64 | 512/8/64 | 8/8/64 | 8/8/512
c197-032:25464:25516 [3] NCCL INFO NCCL_ALGO set by environment to MSCCL,TREE,RING
c197-032:25464:25516 [3] NCCL INFO threadThresholds 8/8/64 | 512/8/64 | 8/8/64 | 8/8/512
c198-071:7674:7732 [3] NCCL INFO threadThresholds 8/8/64 | 512/8/64 | 8/8/64 | 8/8/512
c198-032:8271:8322 [3] NCCL INFO 2 coll channels, 2 p2p channels, 2 p2p channels per peer
c198-051:8333:8383 [3] NCCL INFO 2 coll channels, 2 p2p channels, 2 p2p channels per peer
c197-032:25464:25516 [3] NCCL INFO 2 coll channels, 2 p2p channels, 2 p2p channels per peer
c198-071:7674:7732 [3] NCCL INFO 2 coll channels, 2 p2p channels, 2 p2p channels per peer
c198-042:29975:30029 [3] NCCL INFO Parsed MSCCL Algorithm /home1/09168/ldai1/ccl-build/msccl_tools_lyd/examples/xml/xml_lyd/binary_tree/allreduce_binary_tree_1ch_2tree_16chunk_16node_64gpu.xml successfully.
c198-042:29975:30029 [3] NCCL INFO Connected 1 MSCCL algorithms
c198-052:6460:6514 [3] NCCL INFO Parsed MSCCL Algorithm /home1/09168/ldai1/ccl-build/msccl_tools_lyd/examples/xml/xml_lyd/binary_tree/allreduce_binary_tree_1ch_2tree_16chunk_16node_64gpu.xml successfully.
c198-042:29975:30029 [3] NCCL INFO NCCL_PROTO set by environment to Simple
c198-042:29975:30029 [3] NCCL INFO NCCL_ALGO set by environment to MSCCL,TREE,RING
c198-042:29975:30029 [3] NCCL INFO threadThresholds 8/8/64 | 512/8/64 | 8/8/64 | 8/8/512
c198-052:6460:6514 [3] NCCL INFO Connected 1 MSCCL algorithms
c198-042:29975:30029 [3] NCCL INFO 2 coll channels, 2 p2p channels, 2 p2p channels per peer
c198-052:6460:6514 [3] NCCL INFO NCCL_PROTO set by environment to Simple
c198-041:27781:27837 [3] NCCL INFO Parsed MSCCL Algorithm /home1/09168/ldai1/ccl-build/msccl_tools_lyd/examples/xml/xml_lyd/binary_tree/allreduce_binary_tree_1ch_2tree_16chunk_16node_64gpu.xml successfully.
c198-052:6460:6514 [3] NCCL INFO NCCL_ALGO set by environment to MSCCL,TREE,RING
c198-052:6460:6514 [3] NCCL INFO threadThresholds 8/8/64 | 512/8/64 | 8/8/64 | 8/8/512
c198-052:6460:6514 [3] NCCL INFO 2 coll channels, 2 p2p channels, 2 p2p channels per peer
c198-041:27781:27837 [3] NCCL INFO Connected 1 MSCCL algorithms
c198-041:27781:27837 [3] NCCL INFO NCCL_PROTO set by environment to Simple
c198-041:27781:27837 [3] NCCL INFO NCCL_ALGO set by environment to MSCCL,TREE,RING
c198-041:27781:27837 [3] NCCL INFO threadThresholds 8/8/64 | 512/8/64 | 8/8/64 | 8/8/512
c198-041:27781:27837 [3] NCCL INFO 2 coll channels, 2 p2p channels, 2 p2p channels per peer
c198-102:15467:15519 [3] NCCL INFO Parsed MSCCL Algorithm /home1/09168/ldai1/ccl-build/msccl_tools_lyd/examples/xml/xml_lyd/binary_tree/allreduce_binary_tree_1ch_2tree_16chunk_16node_64gpu.xml successfully.
c198-102:15467:15519 [3] NCCL INFO Connected 1 MSCCL algorithms
c198-102:15467:15519 [3] NCCL INFO NCCL_PROTO set by environment to Simple
c198-102:15467:15519 [3] NCCL INFO NCCL_ALGO set by environment to MSCCL,TREE,RING
c198-102:15467:15519 [3] NCCL INFO threadThresholds 8/8/64 | 512/8/64 | 8/8/64 | 8/8/512
c198-102:15467:15519 [3] NCCL INFO 2 coll channels, 2 p2p channels, 2 p2p channels per peer
c198-072:1137:1214 [0] NCCL INFO Channel 00/0 : 48[2000] -> 56[2000] [send] via NET/IB/0
c198-052:6457:6512 [0] NCCL INFO Channel 00/0 : 32[2000] -> 48[2000] [send] via NET/IB/0
c198-041:27779:27833 [1] NCCL INFO Channel 01/0 : 24[2000] -> 21[3000] [receive] via NET/IB/0
c198-062:17572:17631 [0] NCCL INFO Channel 00/0 : 40[2000] -> 44[2000] [send] via NET/IB/0
c198-042:29972:30028 [0] NCCL INFO Channel 00/0 : 24[2000] -> 28[2000] [send] via NET/IB/0
c198-111:3445:3505 [0] NCCL INFO Channel 00/0 : 56[2000] -> 60[2000] [send] via NET/IB/0
c198-061:31284:31343 [0] NCCL INFO Channel 00/0 : 36[2000] -> 41[3000] [send] via NET/IB/0
c198-061:31285:31342 [1] NCCL INFO Channel 01/0 : 40[2000] -> 37[3000] [receive] via NET/IB/0
c198-032:8268:8327 [0] NCCL INFO Channel 00/0 : 16[2000] -> 24[2000] [send] via NET/IB/0
c198-041:27778:27831 [0] NCCL INFO Channel 00/0 : 20[2000] -> 25[3000] [send] via NET/IB/0
c197-031:14435:14486 [0] NCCL INFO Channel 00/0 : 32[2000] -> 0[2000] [receive] via NET/IB/0
c198-102:15464:15523 [0] NCCL INFO Channel 00/0 : 52[2000] -> 57[3000] [send] via NET/IB/0
c198-102:15465:15525 [1] NCCL INFO Channel 01/0 : 56[2000] -> 53[3000] [receive] via NET/IB/0
c197-041:25763:25823 [0] NCCL INFO Channel 00/0 : 8[2000] -> 12[2000] [send] via NET/IB/0
c197-032:25461:25520 [0] NCCL INFO Channel 00/0 : 4[2000] -> 9[3000] [send] via NET/IB/0
c197-032:25462:25518 [1] NCCL INFO Channel 01/0 : 8[2000] -> 5[3000] [receive] via NET/IB/0
c197-031:14435:14486 [0] NCCL INFO Channel 00/0 : 0[2000] -> 32[2000] [send] via NET/IB/0
c198-041:27778:27831 [0] NCCL INFO Channel 01/0 : 13[3000] -> 20[2000] [receive] via NET/IB/0
c198-042:29972:30028 [0] NCCL INFO Channel 00/0 : 16[2000] -> 24[2000] [receive] via NET/IB/0
c198-061:31284:31343 [0] NCCL INFO Channel 01/0 : 36[2000] -> 44[2000] [send] via NET/IB/0
c198-051:8330:8388 [0] NCCL INFO Channel 01/0 : 12[2000] -> 28[2000] [receive] via NET/IB/0
c198-062:17572:17631 [0] NCCL INFO Channel 00/0 : 40[2000] -> 49[3000] [send] via NET/IB/0
c198-071:7671:7731 [0] NCCL INFO Channel 01/0 : 36[2000] -> 44[2000] [receive] via NET/IB/0
c198-111:3445:3505 [0] NCCL INFO Channel 00/0 : 48[2000] -> 56[2000] [receive] via NET/IB/0
c198-102:15464:15523 [0] NCCL INFO Channel 01/0 : 45[3000] -> 52[2000] [receive] via NET/IB/0
c198-112:11577:11635 [0] NCCL INFO Channel 01/0 : 28[2000] -> 60[2000] [receive] via NET/IB/0
c198-062:17573:17629 [1] NCCL INFO Channel 00/0 : 41[3000] -> 36[2000] [send] via NET/IB/0
c198-042:29973:30031 [1] NCCL INFO Channel 00/0 : 25[3000] -> 20[2000] [send] via NET/IB/0
c197-041:25763:25823 [0] NCCL INFO Channel 00/0 : 8[2000] -> 17[3000] [send] via NET/IB/0
c197-032:25461:25520 [0] NCCL INFO Channel 01/0 : 4[2000] -> 12[2000] [send] via NET/IB/0
c198-111:3446:3503 [1] NCCL INFO Channel 00/0 : 57[3000] -> 52[2000] [send] via NET/IB/0
c197-041:25764:25824 [1] NCCL INFO Channel 00/0 : 9[3000] -> 4[2000] [send] via NET/IB/0
c198-031:14420:14477 [0] NCCL INFO Channel 01/0 : 4[2000] -> 12[2000] [receive] via NET/IB/0
c198-112:11577:11635 [0] NCCL INFO Channel 01/0 : 60[2000] -> 28[2000] [send] via NET/IB/0
c198-031:14421:14475 [1] NCCL INFO Channel 01/0 : 20[2000] -> 13[3000] [receive] via NET/IB/0
c198-061:31284:31343 [0] NCCL INFO Channel 01/0 : 44[2000] -> 36[2000] [receive] via NET/IB/0
c198-032:8268:8327 [0] NCCL INFO Channel 00/0 : 16[2000] -> 33[3000] [send] via NET/IB/0
c198-041:27778:27831 [0] NCCL INFO Channel 01/0 : 20[2000] -> 13[3000] [send] via NET/IB/0
c198-062:17572:17631 [0] NCCL INFO Channel 00/0 : 49[3000] -> 40[2000] [receive] via NET/IB/0
c198-042:29972:30028 [0] NCCL INFO Channel 00/0 : 24[2000] -> 16[2000] [send] via NET/IB/0
c198-071:7672:7728 [1] NCCL INFO Channel 01/0 : 52[2000] -> 45[3000] [receive] via NET/IB/0
c198-072:1137:1214 [0] NCCL INFO Channel 00/0 : 32[2000] -> 48[2000] [receive] via NET/IB/0
c198-111:3445:3505 [0] NCCL INFO Channel 00/0 : 56[2000] -> 48[2000] [send] via NET/IB/0
c198-102:15464:15523 [0] NCCL INFO Channel 01/0 : 52[2000] -> 45[3000] [send] via NET/IB/0
c197-041:25763:25823 [0] NCCL INFO Channel 00/0 : 17[3000] -> 8[2000] [receive] via NET/IB/0
c198-071:7671:7731 [0] NCCL INFO Channel 01/0 : 29[3000] -> 44[2000] [receive] via NET/IB/0
c198-072:1138:1216 [1] NCCL INFO Channel 00/0 : 49[3000] -> 40[2000] [send] via NET/IB/0
c198-032:8269:8325 [1] NCCL INFO Channel 00/0 : 17[3000] -> 8[2000] [send] via NET/IB/0
c197-032:25461:25520 [0] NCCL INFO Channel 01/0 : 12[2000] -> 4[2000] [receive] via NET/IB/0
c198-031:14420:14477 [0] NCCL INFO Channel 01/0 : 12[2000] -> 28[2000] [send] via NET/IB/0
c198-031:14421:14475 [1] NCCL INFO Channel 00 : 13[3000] -> 12[2000] via direct shared memory
c198-031:14421:14475 [1] NCCL INFO Channel 01 : 13[3000] -> 12[2000] via direct shared memory
c198-072:1138:1216 [1] NCCL INFO Channel 00 : 49[3000] -> 48[2000] via direct shared memory
c198-072:1138:1216 [1] NCCL INFO Channel 01 : 49[3000] -> 48[2000] via direct shared memory
c198-071:7672:7728 [1] NCCL INFO Channel 00 : 45[3000] -> 44[2000] via direct shared memory
c198-071:7672:7728 [1] NCCL INFO Channel 01 : 45[3000] -> 44[2000] via direct shared memory
c198-031:14422:14479 [2] NCCL INFO Connected all trees
c198-072:1139:1209 [2] NCCL INFO Connected all trees
c198-031:14422:14479 [2] NCCL INFO MSCCL_XML_FILES set by environment to /home1/09168/ldai1/ccl-build/msccl_tools_lyd/examples/xml/xml_lyd/binary_tree/allreduce_binary_tree_1ch_2tree_16chunk_16node_64gpu.xml
c198-072:1139:1209 [2] NCCL INFO MSCCL_XML_FILES set by environment to /home1/09168/ldai1/ccl-build/msccl_tools_lyd/examples/xml/xml_lyd/binary_tree/allreduce_binary_tree_1ch_2tree_16chunk_16node_64gpu.xml
c198-031:14422:14479 [2] NCCL INFO MSCCL: Parsing algorithm /home1/09168/ldai1/ccl-build/msccl_tools_lyd/examples/xml/xml_lyd/binary_tree/allreduce_binary_tree_1ch_2tree_16chunk_16node_64gpu.xml
c198-072:1139:1209 [2] NCCL INFO MSCCL: Parsing algorithm /home1/09168/ldai1/ccl-build/msccl_tools_lyd/examples/xml/xml_lyd/binary_tree/allreduce_binary_tree_1ch_2tree_16chunk_16node_64gpu.xml
c198-071:7673:7726 [2] NCCL INFO Connected all trees
c198-071:7673:7726 [2] NCCL INFO MSCCL_XML_FILES set by environment to /home1/09168/ldai1/ccl-build/msccl_tools_lyd/examples/xml/xml_lyd/binary_tree/allreduce_binary_tree_1ch_2tree_16chunk_16node_64gpu.xml
c198-071:7673:7726 [2] NCCL INFO MSCCL: Parsing algorithm /home1/09168/ldai1/ccl-build/msccl_tools_lyd/examples/xml/xml_lyd/binary_tree/allreduce_binary_tree_1ch_2tree_16chunk_16node_64gpu.xml
c198-032:8269:8325 [1] NCCL INFO Channel 00 : 17[3000] -> 16[2000] via direct shared memory
c198-032:8269:8325 [1] NCCL INFO Channel 01 : 17[3000] -> 16[2000] via direct shared memory
c198-032:8270:8323 [2] NCCL INFO Connected all trees
c198-032:8270:8323 [2] NCCL INFO MSCCL_XML_FILES set by environment to /home1/09168/ldai1/ccl-build/msccl_tools_lyd/examples/xml/xml_lyd/binary_tree/allreduce_binary_tree_1ch_2tree_16chunk_16node_64gpu.xml
c198-032:8270:8323 [2] NCCL INFO MSCCL: Parsing algorithm /home1/09168/ldai1/ccl-build/msccl_tools_lyd/examples/xml/xml_lyd/binary_tree/allreduce_binary_tree_1ch_2tree_16chunk_16node_64gpu.xml
c198-032:8268:8327 [0] NCCL INFO Channel 00/0 : 33[3000] -> 16[2000] [receive] via NET/IB/0
c198-102:15464:15523 [0] NCCL INFO Channel 00/0 : 57[3000] -> 52[2000] [receive] via NET/IB/0
c198-052:6458:6516 [1] NCCL INFO Channel 00/0 : 33[3000] -> 16[2000] [send] via NET/IB/0
c198-052:6457:6512 [0] NCCL INFO Channel 00/0 : 0[2000] -> 32[2000] [receive] via NET/IB/0
c198-051:8331:8389 [1] NCCL INFO Channel 01/0 : 44[2000] -> 29[3000] [receive] via NET/IB/0
c198-072:1137:1214 [0] NCCL INFO Channel 00/0 : 48[2000] -> 32[2000] [send] via NET/IB/0
c198-062:17572:17631 [0] NCCL INFO Channel 00/0 : 44[2000] -> 40[2000] [receive] via NET/IB/0
c197-041:25763:25823 [0] NCCL INFO Channel 00/0 : 12[2000] -> 8[2000] [receive] via NET/IB/0
c198-071:7671:7731 [0] NCCL INFO Channel 01/0 : 44[2000] -> 29[3000] [send] via NET/IB/0
c198-041:27778:27831 [0] NCCL INFO Channel 00/0 : 25[3000] -> 20[2000] [receive] via NET/IB/0
c198-031:14422:14479 [2] NCCL INFO Parsed MSCCL Algorithm /home1/09168/ldai1/ccl-build/msccl_tools_lyd/examples/xml/xml_lyd/binary_tree/allreduce_binary_tree_1ch_2tree_16chunk_16node_64gpu.xml successfully.
c198-031:14422:14479 [2] NCCL INFO Connected 1 MSCCL algorithms
c198-072:1139:1209 [2] NCCL INFO Parsed MSCCL Algorithm /home1/09168/ldai1/ccl-build/msccl_tools_lyd/examples/xml/xml_lyd/binary_tree/allreduce_binary_tree_1ch_2tree_16chunk_16node_64gpu.xml successfully.
c198-031:14422:14479 [2] NCCL INFO NCCL_PROTO set by environment to Simple
c198-031:14422:14479 [2] NCCL INFO NCCL_ALGO set by environment to MSCCL,TREE,RING
c198-031:14422:14479 [2] NCCL INFO threadThresholds 8/8/64 | 512/8/64 | 8/8/64 | 8/8/512
c198-072:1139:1209 [2] NCCL INFO Connected 1 MSCCL algorithms
c198-031:14422:14479 [2] NCCL INFO 2 coll channels, 2 p2p channels, 2 p2p channels per peer
c198-072:1139:1209 [2] NCCL INFO NCCL_PROTO set by environment to Simple
c198-072:1139:1209 [2] NCCL INFO NCCL_ALGO set by environment to MSCCL,TREE,RING
c198-072:1139:1209 [2] NCCL INFO threadThresholds 8/8/64 | 512/8/64 | 8/8/64 | 8/8/512
c198-072:1139:1209 [2] NCCL INFO 2 coll channels, 2 p2p channels, 2 p2p channels per peer
c198-071:7673:7726 [2] NCCL INFO Parsed MSCCL Algorithm /home1/09168/ldai1/ccl-build/msccl_tools_lyd/examples/xml/xml_lyd/binary_tree/allreduce_binary_tree_1ch_2tree_16chunk_16node_64gpu.xml successfully.
c198-071:7673:7726 [2] NCCL INFO Connected 1 MSCCL algorithms
c198-071:7673:7726 [2] NCCL INFO NCCL_PROTO set by environment to Simple
c198-071:7673:7726 [2] NCCL INFO NCCL_ALGO set by environment to MSCCL,TREE,RING
c198-071:7673:7726 [2] NCCL INFO threadThresholds 8/8/64 | 512/8/64 | 8/8/64 | 8/8/512
c198-071:7673:7726 [2] NCCL INFO 2 coll channels, 2 p2p channels, 2 p2p channels per peer
c198-051:8330:8388 [0] NCCL INFO Channel 01/0 : 60[2000] -> 28[2000] [receive] via NET/IB/0
c198-031:14420:14477 [0] NCCL INFO Channel 01/0 : 28[2000] -> 12[2000] [receive] via NET/IB/0
c198-032:8270:8323 [2] NCCL INFO Parsed MSCCL Algorithm /home1/09168/ldai1/ccl-build/msccl_tools_lyd/examples/xml/xml_lyd/binary_tree/allreduce_binary_tree_1ch_2tree_16chunk_16node_64gpu.xml successfully.
c198-032:8270:8323 [2] NCCL INFO Connected 1 MSCCL algorithms
c198-032:8270:8323 [2] NCCL INFO NCCL_PROTO set by environment to Simple
c198-032:8270:8323 [2] NCCL INFO NCCL_ALGO set by environment to MSCCL,TREE,RING
c198-032:8270:8323 [2] NCCL INFO threadThresholds 8/8/64 | 512/8/64 | 8/8/64 | 8/8/512
c198-032:8270:8323 [2] NCCL INFO 2 coll channels, 2 p2p channels, 2 p2p channels per peer
c198-052:6458:6516 [1] NCCL INFO Channel 00 : 33[3000] -> 32[2000] via direct shared memory
c198-052:6458:6516 [1] NCCL INFO Channel 01 : 33[3000] -> 32[2000] via direct shared memory
c198-111:3446:3503 [1] NCCL INFO Channel 00 : 57[3000] -> 56[2000] via direct shared memory
c198-111:3446:3503 [1] NCCL INFO Channel 01 : 57[3000] -> 56[2000] via direct shared memory
c198-042:29973:30031 [1] NCCL INFO Channel 00 : 25[3000] -> 24[2000] via direct shared memory
c198-042:29973:30031 [1] NCCL INFO Channel 01 : 25[3000] -> 24[2000] via direct shared memory
c198-051:8331:8389 [1] NCCL INFO Channel 00 : 29[3000] -> 28[2000] via direct shared memory
c198-051:8331:8389 [1] NCCL INFO Channel 01 : 29[3000] -> 28[2000] via direct shared memory
c198-052:6459:6510 [2] NCCL INFO Connected all trees
c198-052:6459:6510 [2] NCCL INFO MSCCL_XML_FILES set by environment to /home1/09168/ldai1/ccl-build/msccl_tools_lyd/examples/xml/xml_lyd/binary_tree/allreduce_binary_tree_1ch_2tree_16chunk_16node_64gpu.xml
c198-052:6459:6510 [2] NCCL INFO MSCCL: Parsing algorithm /home1/09168/ldai1/ccl-build/msccl_tools_lyd/examples/xml/xml_lyd/binary_tree/allreduce_binary_tree_1ch_2tree_16chunk_16node_64gpu.xml
c198-111:3447:3500 [2] NCCL INFO Connected all trees
c198-111:3447:3500 [2] NCCL INFO MSCCL_XML_FILES set by environment to /home1/09168/ldai1/ccl-build/msccl_tools_lyd/examples/xml/xml_lyd/binary_tree/allreduce_binary_tree_1ch_2tree_16chunk_16node_64gpu.xml
c198-111:3447:3500 [2] NCCL INFO MSCCL: Parsing algorithm /home1/09168/ldai1/ccl-build/msccl_tools_lyd/examples/xml/xml_lyd/binary_tree/allreduce_binary_tree_1ch_2tree_16chunk_16node_64gpu.xml
c198-042:29974:30025 [2] NCCL INFO Connected all trees
c198-042:29974:30025 [2] NCCL INFO MSCCL_XML_FILES set by environment to /home1/09168/ldai1/ccl-build/msccl_tools_lyd/examples/xml/xml_lyd/binary_tree/allreduce_binary_tree_1ch_2tree_16chunk_16node_64gpu.xml
c198-042:29974:30025 [2] NCCL INFO MSCCL: Parsing algorithm /home1/09168/ldai1/ccl-build/msccl_tools_lyd/examples/xml/xml_lyd/binary_tree/allreduce_binary_tree_1ch_2tree_16chunk_16node_64gpu.xml
c198-051:8332:8385 [2] NCCL INFO Connected all trees
c198-051:8332:8385 [2] NCCL INFO MSCCL_XML_FILES set by environment to /home1/09168/ldai1/ccl-build/msccl_tools_lyd/examples/xml/xml_lyd/binary_tree/allreduce_binary_tree_1ch_2tree_16chunk_16node_64gpu.xml
c198-051:8332:8385 [2] NCCL INFO MSCCL: Parsing algorithm /home1/09168/ldai1/ccl-build/msccl_tools_lyd/examples/xml/xml_lyd/binary_tree/allreduce_binary_tree_1ch_2tree_16chunk_16node_64gpu.xml
c198-052:6457:6512 [0] NCCL INFO Channel 00/0 : 32[2000] -> 0[2000] [send] via NET/IB/0
c198-102:15464:15523 [0] NCCL INFO Channel 01/0 : 52[2000] -> 48[2000] [send] via NET/IB/0
c198-032:8268:8327 [0] NCCL INFO Channel 00/0 : 24[2000] -> 16[2000] [receive] via NET/IB/0
c198-071:7671:7731 [0] NCCL INFO Channel 01/0 : 44[2000] -> 36[2000] [send] via NET/IB/0
c198-052:6459:6510 [2] NCCL INFO Parsed MSCCL Algorithm /home1/09168/ldai1/ccl-build/msccl_tools_lyd/examples/xml/xml_lyd/binary_tree/allreduce_binary_tree_1ch_2tree_16chunk_16node_64gpu.xml successfully.
c198-052:6459:6510 [2] NCCL INFO Connected 1 MSCCL algorithms
c198-052:6459:6510 [2] NCCL INFO NCCL_PROTO set by environment to Simple
c198-052:6459:6510 [2] NCCL INFO NCCL_ALGO set by environment to MSCCL,TREE,RING
c198-052:6459:6510 [2] NCCL INFO threadThresholds 8/8/64 | 512/8/64 | 8/8/64 | 8/8/512
c198-052:6459:6510 [2] NCCL INFO 2 coll channels, 2 p2p channels, 2 p2p channels per peer
c198-051:8330:8388 [0] NCCL INFO Channel 01/0 : 28[2000] -> 60[2000] [send] via NET/IB/0
c198-111:3447:3500 [2] NCCL INFO Parsed MSCCL Algorithm /home1/09168/ldai1/ccl-build/msccl_tools_lyd/examples/xml/xml_lyd/binary_tree/allreduce_binary_tree_1ch_2tree_16chunk_16node_64gpu.xml successfully.
c198-111:3447:3500 [2] NCCL INFO Connected 1 MSCCL algorithms
c198-111:3447:3500 [2] NCCL INFO NCCL_PROTO set by environment to Simple
c198-111:3447:3500 [2] NCCL INFO NCCL_ALGO set by environment to MSCCL,TREE,RING
c198-111:3447:3500 [2] NCCL INFO threadThresholds 8/8/64 | 512/8/64 | 8/8/64 | 8/8/512
c198-111:3447:3500 [2] NCCL INFO 2 coll channels, 2 p2p channels, 2 p2p channels per peer
c198-042:29974:30025 [2] NCCL INFO Parsed MSCCL Algorithm /home1/09168/ldai1/ccl-build/msccl_tools_lyd/examples/xml/xml_lyd/binary_tree/allreduce_binary_tree_1ch_2tree_16chunk_16node_64gpu.xml successfully.
c198-042:29974:30025 [2] NCCL INFO Connected 1 MSCCL algorithms
c198-042:29974:30025 [2] NCCL INFO NCCL_PROTO set by environment to Simple
c198-042:29974:30025 [2] NCCL INFO NCCL_ALGO set by environment to MSCCL,TREE,RING
c198-042:29974:30025 [2] NCCL INFO threadThresholds 8/8/64 | 512/8/64 | 8/8/64 | 8/8/512
c198-042:29974:30025 [2] NCCL INFO 2 coll channels, 2 p2p channels, 2 p2p channels per peer
c198-051:8332:8385 [2] NCCL INFO Parsed MSCCL Algorithm /home1/09168/ldai1/ccl-build/msccl_tools_lyd/examples/xml/xml_lyd/binary_tree/allreduce_binary_tree_1ch_2tree_16chunk_16node_64gpu.xml successfully.
c198-051:8332:8385 [2] NCCL INFO Connected 1 MSCCL algorithms
c198-051:8332:8385 [2] NCCL INFO NCCL_PROTO set by environment to Simple
c198-051:8332:8385 [2] NCCL INFO NCCL_ALGO set by environment to MSCCL,TREE,RING
c198-051:8332:8385 [2] NCCL INFO threadThresholds 8/8/64 | 512/8/64 | 8/8/64 | 8/8/512
c198-051:8332:8385 [2] NCCL INFO 2 coll channels, 2 p2p channels, 2 p2p channels per peer
c198-041:27778:27831 [0] NCCL INFO Channel 01/0 : 20[2000] -> 16[2000] [send] via NET/IB/0
c197-031:14435:14486 [0] NCCL INFO Channel 01/0 : 4[2000] -> 0[2000] [receive] via NET/IB/0
c198-052:6457:6512 [0] NCCL INFO Channel 00/0 : 48[2000] -> 32[2000] [receive] via NET/IB/0
c198-042:29972:30028 [0] NCCL INFO Channel 00/0 : 28[2000] -> 24[2000] [receive] via NET/IB/0
