c198-062:17729:17788 [0] NCCL INFO Channel 00 : 40[2000] -> 41[3000] via direct shared memory
c197-031:14609:14660 [0] NCCL INFO Channel 00 : 0[2000] -> 1[3000] via direct shared memory
c198-062:17729:17788 [0] NCCL INFO Channel 01 : 40[2000] -> 41[3000] via direct shared memory
c197-031:14609:14660 [0] NCCL INFO Channel 01 : 0[2000] -> 1[3000] via direct shared memory
c198-102:15657:15720 [1] NCCL INFO Connected all rings
c198-051:8489:8546 [1] NCCL INFO Connected all rings
c198-071:7864:7926 [1] NCCL INFO Connected all rings
c198-041:27938:27991 [1] NCCL INFO Connected all rings
c198-032:8427:8481 [1] NCCL INFO Connected all rings
c198-042:30131:30187 [1] NCCL INFO Connected all rings
c198-072:1349:1402 [1] NCCL INFO Connected all rings
c198-061:31443:31500 [1] NCCL INFO Connected all rings
c198-052:6615:6671 [1] NCCL INFO Connected all rings
c198-031:14578:14635 [1] NCCL INFO Connected all rings
c197-031:14610:14668 [1] NCCL INFO Connected all rings
c198-111:3607:3664 [1] NCCL INFO Connected all rings
c197-032:25619:25676 [1] NCCL INFO Connected all rings
c198-112:11737:11789 [1] NCCL INFO Connected all rings
c197-041:25956:26015 [1] NCCL INFO Connected all rings
c198-062:17730:17787 [1] NCCL INFO Connected all rings
c198-102:15657:15720 [1] NCCL INFO Channel 01/0 : 53[3000] -> 56[2000] [send] via NET/IB/0
c198-051:8489:8546 [1] NCCL INFO Channel 01/0 : 29[3000] -> 44[2000] [send] via NET/IB/0
c198-041:27938:27991 [1] NCCL INFO Channel 01/0 : 21[3000] -> 24[2000] [send] via NET/IB/0
c198-032:8427:8481 [1] NCCL INFO Channel 00/0 : 8[2000] -> 17[3000] [receive] via NET/IB/0
c198-072:1349:1402 [1] NCCL INFO Channel 00/0 : 40[2000] -> 49[3000] [receive] via NET/IB/0
c198-042:30131:30187 [1] NCCL INFO Channel 00/0 : 20[2000] -> 25[3000] [receive] via NET/IB/0
c198-071:7864:7926 [1] NCCL INFO Channel 01/0 : 45[3000] -> 52[2000] [send] via NET/IB/0
c198-061:31443:31500 [1] NCCL INFO Channel 01/0 : 37[3000] -> 40[2000] [send] via NET/IB/0
c198-052:6615:6671 [1] NCCL INFO Channel 00/0 : 16[2000] -> 33[3000] [receive] via NET/IB/0
c198-031:14578:14635 [1] NCCL INFO Channel 01/0 : 13[3000] -> 20[2000] [send] via NET/IB/0
c198-111:3607:3664 [1] NCCL INFO Channel 00/0 : 52[2000] -> 57[3000] [receive] via NET/IB/0
c197-032:25619:25676 [1] NCCL INFO Channel 01/0 : 5[3000] -> 8[2000] [send] via NET/IB/0
c197-041:25956:26015 [1] NCCL INFO Channel 00/0 : 4[2000] -> 9[3000] [receive] via NET/IB/0
c198-062:17730:17787 [1] NCCL INFO Channel 00/0 : 36[2000] -> 41[3000] [receive] via NET/IB/0
c197-032:25621:25672 [3] NCCL INFO Channel 01/0 : 7[83000] -> 8[2000] [send] via NET/IB/0
c197-041:25958:26011 [3] NCCL INFO Channel 01/0 : 11[83000] -> 12[2000] [send] via NET/IB/0
c198-071:7866:7920 [3] NCCL INFO Channel 01/0 : 47[83000] -> 48[2000] [send] via NET/IB/0
c198-062:17732:17782 [3] NCCL INFO Channel 01/0 : 43[83000] -> 44[2000] [send] via NET/IB/0
c198-072:1351:1408 [3] NCCL INFO Channel 01/0 : 51[83000] -> 52[2000] [send] via NET/IB/0
c198-031:14580:14633 [3] NCCL INFO Channel 01/0 : 15[83000] -> 16[2000] [send] via NET/IB/0
c198-052:6617:6673 [3] NCCL INFO Channel 01/0 : 35[83000] -> 36[2000] [send] via NET/IB/0
c198-042:30133:30186 [3] NCCL INFO Channel 01/0 : 27[83000] -> 28[2000] [send] via NET/IB/0
c198-102:15659:15719 [3] NCCL INFO Channel 01/0 : 55[83000] -> 56[2000] [send] via NET/IB/0
c198-061:31445:31497 [3] NCCL INFO Channel 01/0 : 39[83000] -> 40[2000] [send] via NET/IB/0
c198-051:8491:8542 [3] NCCL INFO Channel 01/0 : 31[83000] -> 32[2000] [send] via NET/IB/0
c198-112:11739:11791 [3] NCCL INFO Channel 01/0 : 63[83000] -> 0[2000] [send] via NET/IB/0
c198-032:8429:8485 [3] NCCL INFO Channel 01/0 : 19[83000] -> 20[2000] [send] via NET/IB/0
c198-041:27940:27995 [3] NCCL INFO Channel 01/0 : 23[83000] -> 24[2000] [send] via NET/IB/0
c198-111:3609:3661 [3] NCCL INFO Channel 01/0 : 59[83000] -> 60[2000] [send] via NET/IB/0
c197-031:14612:14665 [3] NCCL INFO Channel 01/0 : 3[83000] -> 4[2000] [send] via NET/IB/0
c198-062:17731:17784 [2] NCCL INFO Connected all rings
c198-071:7865:7922 [2] NCCL INFO Connected all rings
c197-041:25957:26009 [2] NCCL INFO Connected all rings
c198-072:1350:1406 [2] NCCL INFO Connected all rings
c198-052:6616:6667 [2] NCCL INFO Connected all rings
c198-102:15658:15716 [2] NCCL INFO Connected all rings
c197-032:25620:25673 [2] NCCL INFO Connected all rings
c198-061:31444:31496 [2] NCCL INFO Connected all rings
c198-051:8490:8543 [2] NCCL INFO Connected all rings
c198-112:11738:11794 [2] NCCL INFO Connected all rings
c198-032:8428:8484 [2] NCCL INFO Connected all rings
c198-031:14579:14631 [2] NCCL INFO Connected all rings
c198-042:30132:30185 [2] NCCL INFO Connected all rings
c198-111:3608:3659 [2] NCCL INFO Connected all rings
c198-041:27939:27996 [2] NCCL INFO Connected all rings
c197-031:14610:14668 [1] NCCL INFO Channel 00 : 1[3000] -> 0[2000] via direct shared memory
c197-031:14610:14668 [1] NCCL INFO Channel 01 : 1[3000] -> 0[2000] via direct shared memory
c197-031:14611:14669 [2] NCCL INFO Connected all rings
c198-112:11737:11789 [1] NCCL INFO Channel 00 : 61[3000] -> 60[2000] via direct shared memory
c198-112:11737:11789 [1] NCCL INFO Channel 01 : 61[3000] -> 60[2000] via direct shared memory
c198-072:1351:1408 [3] NCCL INFO Connected all rings
c198-071:7866:7920 [3] NCCL INFO Connected all rings
c198-071:7866:7920 [3] NCCL INFO Channel 00 : 47[83000] -> 46[82000] via direct shared memory
c198-072:1351:1408 [3] NCCL INFO Channel 00 : 51[83000] -> 50[82000] via direct shared memory
c198-072:1351:1408 [3] NCCL INFO Channel 01 : 51[83000] -> 50[82000] via direct shared memory
c198-071:7866:7920 [3] NCCL INFO Channel 01 : 47[83000] -> 46[82000] via direct shared memory
c198-062:17732:17782 [3] NCCL INFO Connected all rings
c198-062:17732:17782 [3] NCCL INFO Channel 00 : 43[83000] -> 42[82000] via direct shared memory
c198-062:17732:17782 [3] NCCL INFO Channel 01 : 43[83000] -> 42[82000] via direct shared memory
c198-102:15659:15719 [3] NCCL INFO Connected all rings
c197-032:25621:25672 [3] NCCL INFO Connected all rings
c198-052:6617:6673 [3] NCCL INFO Connected all rings
c198-102:15659:15719 [3] NCCL INFO Channel 00 : 55[83000] -> 54[82000] via direct shared memory
c198-052:6617:6673 [3] NCCL INFO Channel 00 : 35[83000] -> 34[82000] via direct shared memory
c198-031:14580:14633 [3] NCCL INFO Connected all rings
c197-032:25621:25672 [3] NCCL INFO Channel 00 : 7[83000] -> 6[82000] via direct shared memory
c198-052:6617:6673 [3] NCCL INFO Channel 01 : 35[83000] -> 34[82000] via direct shared memory
c198-042:30133:30186 [3] NCCL INFO Connected all rings
c198-102:15659:15719 [3] NCCL INFO Channel 01 : 55[83000] -> 54[82000] via direct shared memory
c197-041:25958:26011 [3] NCCL INFO Connected all rings
c198-051:8491:8542 [3] NCCL INFO Connected all rings
c198-031:14580:14633 [3] NCCL INFO Channel 00 : 15[83000] -> 14[82000] via direct shared memory
c198-042:30133:30186 [3] NCCL INFO Channel 00 : 27[83000] -> 26[82000] via direct shared memory
c198-061:31445:31497 [3] NCCL INFO Connected all rings
c198-051:8491:8542 [3] NCCL INFO Channel 00 : 31[83000] -> 30[82000] via direct shared memory
c197-032:25621:25672 [3] NCCL INFO Channel 01 : 7[83000] -> 6[82000] via direct shared memory
c197-041:25958:26011 [3] NCCL INFO Channel 00 : 11[83000] -> 10[82000] via direct shared memory
c198-061:31445:31497 [3] NCCL INFO Channel 00 : 39[83000] -> 38[82000] via direct shared memory
c198-051:8491:8542 [3] NCCL INFO Channel 01 : 31[83000] -> 30[82000] via direct shared memory
c198-031:14580:14633 [3] NCCL INFO Channel 01 : 15[83000] -> 14[82000] via direct shared memory
c198-042:30133:30186 [3] NCCL INFO Channel 01 : 27[83000] -> 26[82000] via direct shared memory
c197-041:25958:26011 [3] NCCL INFO Channel 01 : 11[83000] -> 10[82000] via direct shared memory
c198-061:31445:31497 [3] NCCL INFO Channel 01 : 39[83000] -> 38[82000] via direct shared memory
c198-112:11739:11791 [3] NCCL INFO Connected all rings
c198-112:11739:11791 [3] NCCL INFO Channel 00 : 63[83000] -> 62[82000] via direct shared memory
c198-112:11739:11791 [3] NCCL INFO Channel 01 : 63[83000] -> 62[82000] via direct shared memory
c198-041:27940:27995 [3] NCCL INFO Connected all rings
c198-041:27940:27995 [3] NCCL INFO Channel 00 : 23[83000] -> 22[82000] via direct shared memory
c198-041:27940:27995 [3] NCCL INFO Channel 01 : 23[83000] -> 22[82000] via direct shared memory
c198-032:8429:8485 [3] NCCL INFO Connected all rings
c198-032:8429:8485 [3] NCCL INFO Channel 00 : 19[83000] -> 18[82000] via direct shared memory
c198-032:8429:8485 [3] NCCL INFO Channel 01 : 19[83000] -> 18[82000] via direct shared memory
c198-111:3609:3661 [3] NCCL INFO Connected all rings
c198-111:3609:3661 [3] NCCL INFO Channel 00 : 59[83000] -> 58[82000] via direct shared memory
c198-111:3609:3661 [3] NCCL INFO Channel 01 : 59[83000] -> 58[82000] via direct shared memory
c197-041:25955:26014 [0] NCCL INFO Connected all rings
c197-031:14612:14665 [3] NCCL INFO Connected all rings
c198-032:8426:8479 [0] NCCL INFO Connected all rings
c197-031:14612:14665 [3] NCCL INFO Channel 00 : 3[83000] -> 2[82000] via direct shared memory
c197-031:14612:14665 [3] NCCL INFO Channel 01 : 3[83000] -> 2[82000] via direct shared memory
c198-062:17731:17784 [2] NCCL INFO Channel 00 : 42[82000] -> 41[3000] via direct shared memory
c198-062:17731:17784 [2] NCCL INFO Channel 01 : 42[82000] -> 41[3000] via direct shared memory
c198-111:3606:3665 [0] NCCL INFO Connected all rings
c198-031:14577:14637 [0] NCCL INFO Connected all rings
c198-072:1348:1405 [0] NCCL INFO Connected all rings
c198-102:15656:15714 [0] NCCL INFO Connected all rings
c198-061:31442:31501 [0] NCCL INFO Connected all rings
c198-071:7863:7924 [0] NCCL INFO Connected all rings
c198-052:6616:6667 [2] NCCL INFO Channel 00 : 34[82000] -> 33[3000] via direct shared memory
c198-102:15658:15716 [2] NCCL INFO Channel 00 : 54[82000] -> 53[3000] via direct shared memory
c198-061:31444:31496 [2] NCCL INFO Channel 00 : 38[82000] -> 37[3000] via direct shared memory
c198-052:6616:6667 [2] NCCL INFO Channel 01 : 34[82000] -> 33[3000] via direct shared memory
c198-071:7865:7922 [2] NCCL INFO Channel 00 : 46[82000] -> 45[3000] via direct shared memory
c198-061:31444:31496 [2] NCCL INFO Channel 01 : 38[82000] -> 37[3000] via direct shared memory
c198-042:30130:30189 [0] NCCL INFO Connected all rings
c198-071:7865:7922 [2] NCCL INFO Channel 01 : 46[82000] -> 45[3000] via direct shared memory
c198-052:6614:6670 [0] NCCL INFO Connected all rings
c198-042:30132:30185 [2] NCCL INFO Channel 00 : 26[82000] -> 25[3000] via direct shared memory
c198-102:15658:15716 [2] NCCL INFO Channel 01 : 54[82000] -> 53[3000] via direct shared memory
c198-042:30132:30185 [2] NCCL INFO Channel 01 : 26[82000] -> 25[3000] via direct shared memory
c198-072:1350:1406 [2] NCCL INFO Channel 00 : 50[82000] -> 49[3000] via direct shared memory
c198-051:8488:8547 [0] NCCL INFO Connected all rings
c197-041:25957:26009 [2] NCCL INFO Channel 00 : 10[82000] -> 9[3000] via direct shared memory
c198-072:1350:1406 [2] NCCL INFO Channel 01 : 50[82000] -> 49[3000] via direct shared memory
c197-041:25957:26009 [2] NCCL INFO Channel 01 : 10[82000] -> 9[3000] via direct shared memory
c198-062:17729:17788 [0] NCCL INFO Connected all rings
c197-032:25620:25673 [2] NCCL INFO Channel 00 : 6[82000] -> 5[3000] via direct shared memory
c197-031:14609:14660 [0] NCCL INFO Connected all rings
c198-041:27937:27992 [0] NCCL INFO Connected all rings
c197-032:25620:25673 [2] NCCL INFO Channel 01 : 6[82000] -> 5[3000] via direct shared memory
c198-051:8490:8543 [2] NCCL INFO Channel 00 : 30[82000] -> 29[3000] via direct shared memory
c198-112:11738:11794 [2] NCCL INFO Channel 00 : 62[82000] -> 61[3000] via direct shared memory
c198-051:8490:8543 [2] NCCL INFO Channel 01 : 30[82000] -> 29[3000] via direct shared memory
c198-112:11738:11794 [2] NCCL INFO Channel 01 : 62[82000] -> 61[3000] via direct shared memory
c198-031:14579:14631 [2] NCCL INFO Channel 00 : 14[82000] -> 13[3000] via direct shared memory
c198-111:3608:3659 [2] NCCL INFO Channel 00 : 58[82000] -> 57[3000] via direct shared memory
c198-031:14579:14631 [2] NCCL INFO Channel 01 : 14[82000] -> 13[3000] via direct shared memory
c198-111:3608:3659 [2] NCCL INFO Channel 01 : 58[82000] -> 57[3000] via direct shared memory
c198-032:8428:8484 [2] NCCL INFO Channel 00 : 18[82000] -> 17[3000] via direct shared memory
c198-032:8428:8484 [2] NCCL INFO Channel 01 : 18[82000] -> 17[3000] via direct shared memory
c198-112:11736:11795 [0] NCCL INFO Connected all rings
c197-032:25618:25677 [0] NCCL INFO Connected all rings
c198-062:17732:17782 [3] NCCL INFO Connected all trees
c198-062:17732:17782 [3] NCCL INFO MSCCL_XML_FILES set by environment to /home1/09168/ldai1/ccl-build/msccl_tools_lyd/examples/xml/xml_lyd/binary_tree/allreduce_binary_tree_1ch_2tree_64chunk_16node_64gpu.xml
c198-062:17732:17782 [3] NCCL INFO MSCCL: Parsing algorithm /home1/09168/ldai1/ccl-build/msccl_tools_lyd/examples/xml/xml_lyd/binary_tree/allreduce_binary_tree_1ch_2tree_64chunk_16node_64gpu.xml
c198-041:27939:27996 [2] NCCL INFO Channel 00 : 22[82000] -> 21[3000] via direct shared memory
c198-071:7866:7920 [3] NCCL INFO Connected all trees
c198-041:27939:27996 [2] NCCL INFO Channel 01 : 22[82000] -> 21[3000] via direct shared memory
c198-071:7866:7920 [3] NCCL INFO MSCCL_XML_FILES set by environment to /home1/09168/ldai1/ccl-build/msccl_tools_lyd/examples/xml/xml_lyd/binary_tree/allreduce_binary_tree_1ch_2tree_64chunk_16node_64gpu.xml
c198-071:7866:7920 [3] NCCL INFO MSCCL: Parsing algorithm /home1/09168/ldai1/ccl-build/msccl_tools_lyd/examples/xml/xml_lyd/binary_tree/allreduce_binary_tree_1ch_2tree_64chunk_16node_64gpu.xml
c198-061:31445:31497 [3] NCCL INFO Connected all trees
c198-061:31445:31497 [3] NCCL INFO MSCCL_XML_FILES set by environment to /home1/09168/ldai1/ccl-build/msccl_tools_lyd/examples/xml/xml_lyd/binary_tree/allreduce_binary_tree_1ch_2tree_64chunk_16node_64gpu.xml
c197-031:14611:14669 [2] NCCL INFO Channel 00 : 2[82000] -> 1[3000] via direct shared memory
c198-061:31445:31497 [3] NCCL INFO MSCCL: Parsing algorithm /home1/09168/ldai1/ccl-build/msccl_tools_lyd/examples/xml/xml_lyd/binary_tree/allreduce_binary_tree_1ch_2tree_64chunk_16node_64gpu.xml
c197-031:14611:14669 [2] NCCL INFO Channel 01 : 2[82000] -> 1[3000] via direct shared memory
c198-052:6617:6673 [3] NCCL INFO Connected all trees
c198-052:6617:6673 [3] NCCL INFO MSCCL_XML_FILES set by environment to /home1/09168/ldai1/ccl-build/msccl_tools_lyd/examples/xml/xml_lyd/binary_tree/allreduce_binary_tree_1ch_2tree_64chunk_16node_64gpu.xml
c198-102:15659:15719 [3] NCCL INFO Connected all trees
c198-052:6617:6673 [3] NCCL INFO MSCCL: Parsing algorithm /home1/09168/ldai1/ccl-build/msccl_tools_lyd/examples/xml/xml_lyd/binary_tree/allreduce_binary_tree_1ch_2tree_64chunk_16node_64gpu.xml
c198-102:15659:15719 [3] NCCL INFO MSCCL_XML_FILES set by environment to /home1/09168/ldai1/ccl-build/msccl_tools_lyd/examples/xml/xml_lyd/binary_tree/allreduce_binary_tree_1ch_2tree_64chunk_16node_64gpu.xml
c198-102:15659:15719 [3] NCCL INFO MSCCL: Parsing algorithm /home1/09168/ldai1/ccl-build/msccl_tools_lyd/examples/xml/xml_lyd/binary_tree/allreduce_binary_tree_1ch_2tree_64chunk_16node_64gpu.xml
c198-072:1351:1408 [3] NCCL INFO Connected all trees
c198-042:30133:30186 [3] NCCL INFO Connected all trees
c198-042:30133:30186 [3] NCCL INFO MSCCL_XML_FILES set by environment to /home1/09168/ldai1/ccl-build/msccl_tools_lyd/examples/xml/xml_lyd/binary_tree/allreduce_binary_tree_1ch_2tree_64chunk_16node_64gpu.xml
c198-072:1351:1408 [3] NCCL INFO MSCCL_XML_FILES set by environment to /home1/09168/ldai1/ccl-build/msccl_tools_lyd/examples/xml/xml_lyd/binary_tree/allreduce_binary_tree_1ch_2tree_64chunk_16node_64gpu.xml
c198-042:30133:30186 [3] NCCL INFO MSCCL: Parsing algorithm /home1/09168/ldai1/ccl-build/msccl_tools_lyd/examples/xml/xml_lyd/binary_tree/allreduce_binary_tree_1ch_2tree_64chunk_16node_64gpu.xml
c198-072:1351:1408 [3] NCCL INFO MSCCL: Parsing algorithm /home1/09168/ldai1/ccl-build/msccl_tools_lyd/examples/xml/xml_lyd/binary_tree/allreduce_binary_tree_1ch_2tree_64chunk_16node_64gpu.xml
c197-041:25958:26011 [3] NCCL INFO Connected all trees
c197-041:25958:26011 [3] NCCL INFO MSCCL_XML_FILES set by environment to /home1/09168/ldai1/ccl-build/msccl_tools_lyd/examples/xml/xml_lyd/binary_tree/allreduce_binary_tree_1ch_2tree_64chunk_16node_64gpu.xml
c197-041:25958:26011 [3] NCCL INFO MSCCL: Parsing algorithm /home1/09168/ldai1/ccl-build/msccl_tools_lyd/examples/xml/xml_lyd/binary_tree/allreduce_binary_tree_1ch_2tree_64chunk_16node_64gpu.xml
c197-032:25621:25672 [3] NCCL INFO Connected all trees
c197-032:25621:25672 [3] NCCL INFO MSCCL_XML_FILES set by environment to /home1/09168/ldai1/ccl-build/msccl_tools_lyd/examples/xml/xml_lyd/binary_tree/allreduce_binary_tree_1ch_2tree_64chunk_16node_64gpu.xml
c197-032:25621:25672 [3] NCCL INFO MSCCL: Parsing algorithm /home1/09168/ldai1/ccl-build/msccl_tools_lyd/examples/xml/xml_lyd/binary_tree/allreduce_binary_tree_1ch_2tree_64chunk_16node_64gpu.xml
c198-051:8491:8542 [3] NCCL INFO Connected all trees
c198-112:11739:11791 [3] NCCL INFO Connected all trees
c198-112:11739:11791 [3] NCCL INFO MSCCL_XML_FILES set by environment to /home1/09168/ldai1/ccl-build/msccl_tools_lyd/examples/xml/xml_lyd/binary_tree/allreduce_binary_tree_1ch_2tree_64chunk_16node_64gpu.xml
c198-051:8491:8542 [3] NCCL INFO MSCCL_XML_FILES set by environment to /home1/09168/ldai1/ccl-build/msccl_tools_lyd/examples/xml/xml_lyd/binary_tree/allreduce_binary_tree_1ch_2tree_64chunk_16node_64gpu.xml
c198-051:8491:8542 [3] NCCL INFO MSCCL: Parsing algorithm /home1/09168/ldai1/ccl-build/msccl_tools_lyd/examples/xml/xml_lyd/binary_tree/allreduce_binary_tree_1ch_2tree_64chunk_16node_64gpu.xml
c198-112:11739:11791 [3] NCCL INFO MSCCL: Parsing algorithm /home1/09168/ldai1/ccl-build/msccl_tools_lyd/examples/xml/xml_lyd/binary_tree/allreduce_binary_tree_1ch_2tree_64chunk_16node_64gpu.xml
c198-111:3609:3661 [3] NCCL INFO Connected all trees
c198-031:14580:14633 [3] NCCL INFO Connected all trees
c198-111:3609:3661 [3] NCCL INFO MSCCL_XML_FILES set by environment to /home1/09168/ldai1/ccl-build/msccl_tools_lyd/examples/xml/xml_lyd/binary_tree/allreduce_binary_tree_1ch_2tree_64chunk_16node_64gpu.xml
c198-111:3609:3661 [3] NCCL INFO MSCCL: Parsing algorithm /home1/09168/ldai1/ccl-build/msccl_tools_lyd/examples/xml/xml_lyd/binary_tree/allreduce_binary_tree_1ch_2tree_64chunk_16node_64gpu.xml
c198-031:14580:14633 [3] NCCL INFO MSCCL_XML_FILES set by environment to /home1/09168/ldai1/ccl-build/msccl_tools_lyd/examples/xml/xml_lyd/binary_tree/allreduce_binary_tree_1ch_2tree_64chunk_16node_64gpu.xml
c198-031:14580:14633 [3] NCCL INFO MSCCL: Parsing algorithm /home1/09168/ldai1/ccl-build/msccl_tools_lyd/examples/xml/xml_lyd/binary_tree/allreduce_binary_tree_1ch_2tree_64chunk_16node_64gpu.xml
c198-032:8429:8485 [3] NCCL INFO Connected all trees
c198-032:8429:8485 [3] NCCL INFO MSCCL_XML_FILES set by environment to /home1/09168/ldai1/ccl-build/msccl_tools_lyd/examples/xml/xml_lyd/binary_tree/allreduce_binary_tree_1ch_2tree_64chunk_16node_64gpu.xml
c198-032:8429:8485 [3] NCCL INFO MSCCL: Parsing algorithm /home1/09168/ldai1/ccl-build/msccl_tools_lyd/examples/xml/xml_lyd/binary_tree/allreduce_binary_tree_1ch_2tree_64chunk_16node_64gpu.xml
c198-112:11738:11794 [2] NCCL INFO Connected all trees
c198-112:11738:11794 [2] NCCL INFO MSCCL_XML_FILES set by environment to /home1/09168/ldai1/ccl-build/msccl_tools_lyd/examples/xml/xml_lyd/binary_tree/allreduce_binary_tree_1ch_2tree_64chunk_16node_64gpu.xml
c198-112:11738:11794 [2] NCCL INFO MSCCL: Parsing algorithm /home1/09168/ldai1/ccl-build/msccl_tools_lyd/examples/xml/xml_lyd/binary_tree/allreduce_binary_tree_1ch_2tree_64chunk_16node_64gpu.xml
c198-041:27940:27995 [3] NCCL INFO Connected all trees
c198-041:27940:27995 [3] NCCL INFO MSCCL_XML_FILES set by environment to /home1/09168/ldai1/ccl-build/msccl_tools_lyd/examples/xml/xml_lyd/binary_tree/allreduce_binary_tree_1ch_2tree_64chunk_16node_64gpu.xml
c198-041:27940:27995 [3] NCCL INFO MSCCL: Parsing algorithm /home1/09168/ldai1/ccl-build/msccl_tools_lyd/examples/xml/xml_lyd/binary_tree/allreduce_binary_tree_1ch_2tree_64chunk_16node_64gpu.xml
c197-031:14612:14665 [3] NCCL INFO Connected all trees
c197-031:14612:14665 [3] NCCL INFO MSCCL_XML_FILES set by environment to /home1/09168/ldai1/ccl-build/msccl_tools_lyd/examples/xml/xml_lyd/binary_tree/allreduce_binary_tree_1ch_2tree_64chunk_16node_64gpu.xml
c197-031:14612:14665 [3] NCCL INFO MSCCL: Parsing algorithm /home1/09168/ldai1/ccl-build/msccl_tools_lyd/examples/xml/xml_lyd/binary_tree/allreduce_binary_tree_1ch_2tree_64chunk_16node_64gpu.xml
c197-031:14611:14669 [2] NCCL INFO Connected all trees
c197-031:14611:14669 [2] NCCL INFO MSCCL_XML_FILES set by environment to /home1/09168/ldai1/ccl-build/msccl_tools_lyd/examples/xml/xml_lyd/binary_tree/allreduce_binary_tree_1ch_2tree_64chunk_16node_64gpu.xml
c197-031:14611:14669 [2] NCCL INFO MSCCL: Parsing algorithm /home1/09168/ldai1/ccl-build/msccl_tools_lyd/examples/xml/xml_lyd/binary_tree/allreduce_binary_tree_1ch_2tree_64chunk_16node_64gpu.xml
c198-032:8426:8479 [0] NCCL INFO Channel 01/0 : 16[2000] -> 20[2000] [send] via NET/IB/0
c197-041:25955:26014 [0] NCCL INFO Channel 01/0 : 5[3000] -> 8[2000] [receive] via NET/IB/0
c198-031:14577:14637 [0] NCCL INFO Channel 00/0 : 8[2000] -> 12[2000] [receive] via NET/IB/0
c198-102:15656:15714 [0] NCCL INFO Channel 01/0 : 48[2000] -> 52[2000] [receive] via NET/IB/0
c198-061:31442:31501 [0] NCCL INFO Channel 01/0 : 32[2000] -> 36[2000] [receive] via NET/IB/0
c198-111:3606:3665 [0] NCCL INFO Channel 01/0 : 53[3000] -> 56[2000] [receive] via NET/IB/0
c198-072:1348:1405 [0] NCCL INFO Channel 01/0 : 48[2000] -> 52[2000] [send] via NET/IB/0
c198-071:7863:7924 [0] NCCL INFO Channel 00/0 : 40[2000] -> 44[2000] [receive] via NET/IB/0
c198-052:6614:6670 [0] NCCL INFO Channel 01/0 : 32[2000] -> 36[2000] [send] via NET/IB/0
c198-042:30130:30189 [0] NCCL INFO Channel 01/0 : 21[3000] -> 24[2000] [receive] via NET/IB/0
c198-051:8488:8547 [0] NCCL INFO Channel 00/0 : 24[2000] -> 28[2000] [receive] via NET/IB/0
c197-031:14609:14660 [0] NCCL INFO Channel 01/0 : 0[2000] -> 4[2000] [send] via NET/IB/0
c198-041:27937:27992 [0] NCCL INFO Channel 01/0 : 16[2000] -> 20[2000] [receive] via NET/IB/0
c198-062:17729:17788 [0] NCCL INFO Channel 01/0 : 37[3000] -> 40[2000] [receive] via NET/IB/0
c198-112:11736:11795 [0] NCCL INFO Channel 00/0 : 56[2000] -> 60[2000] [receive] via NET/IB/0
c197-032:25618:25677 [0] NCCL INFO Channel 01/0 : 0[2000] -> 4[2000] [receive] via NET/IB/0
c198-102:15657:15720 [1] NCCL INFO Channel 01/0 : 56[2000] -> 53[3000] [receive] via NET/IB/0
c198-072:1348:1405 [0] NCCL INFO Channel 00/0 : 48[2000] -> 56[2000] [send] via NET/IB/0
c198-052:6614:6670 [0] NCCL INFO Channel 00/0 : 32[2000] -> 48[2000] [send] via NET/IB/0
c198-111:3606:3665 [0] NCCL INFO Channel 00/0 : 56[2000] -> 60[2000] [send] via NET/IB/0
c197-032:25619:25676 [1] NCCL INFO Channel 01/0 : 8[2000] -> 5[3000] [receive] via NET/IB/0
c198-032:8426:8479 [0] NCCL INFO Channel 00/0 : 16[2000] -> 24[2000] [send] via NET/IB/0
c197-041:25955:26014 [0] NCCL INFO Channel 00/0 : 8[2000] -> 12[2000] [send] via NET/IB/0
c198-042:30130:30189 [0] NCCL INFO Channel 00/0 : 24[2000] -> 28[2000] [send] via NET/IB/0
c198-102:15656:15714 [0] NCCL INFO Channel 00/0 : 52[2000] -> 57[3000] [send] via NET/IB/0
c198-041:27938:27991 [1] NCCL INFO Channel 01/0 : 24[2000] -> 21[3000] [receive] via NET/IB/0
c198-041:27937:27992 [0] NCCL INFO Channel 00/0 : 20[2000] -> 25[3000] [send] via NET/IB/0
c197-031:14609:14660 [0] NCCL INFO Channel 00/0 : 32[2000] -> 0[2000] [receive] via NET/IB/0
c198-062:17729:17788 [0] NCCL INFO Channel 00/0 : 40[2000] -> 44[2000] [send] via NET/IB/0
c198-061:31442:31501 [0] NCCL INFO Channel 00/0 : 36[2000] -> 41[3000] [send] via NET/IB/0
c197-032:25618:25677 [0] NCCL INFO Channel 00/0 : 4[2000] -> 9[3000] [send] via NET/IB/0
c198-061:31443:31500 [1] NCCL INFO Channel 01/0 : 40[2000] -> 37[3000] [receive] via NET/IB/0
c198-112:11739:11791 [3] NCCL INFO Parsed MSCCL Algorithm /home1/09168/ldai1/ccl-build/msccl_tools_lyd/examples/xml/xml_lyd/binary_tree/allreduce_binary_tree_1ch_2tree_64chunk_16node_64gpu.xml successfully.
c198-112:11739:11791 [3] NCCL INFO Connected 1 MSCCL algorithms
c198-112:11739:11791 [3] NCCL INFO NCCL_PROTO set by environment to Simple
c198-112:11739:11791 [3] NCCL INFO NCCL_ALGO set by environment to MSCCL,TREE,RING
c198-112:11739:11791 [3] NCCL INFO threadThresholds 8/8/64 | 512/8/64 | 8/8/64 | 8/8/512
c198-112:11739:11791 [3] NCCL INFO 2 coll channels, 2 p2p channels, 2 p2p channels per peer
c198-112:11738:11794 [2] NCCL INFO Parsed MSCCL Algorithm /home1/09168/ldai1/ccl-build/msccl_tools_lyd/examples/xml/xml_lyd/binary_tree/allreduce_binary_tree_1ch_2tree_64chunk_16node_64gpu.xml successfully.
c198-112:11738:11794 [2] NCCL INFO Connected 1 MSCCL algorithms
c198-112:11738:11794 [2] NCCL INFO NCCL_PROTO set by environment to Simple
c198-112:11738:11794 [2] NCCL INFO NCCL_ALGO set by environment to MSCCL,TREE,RING
c198-112:11738:11794 [2] NCCL INFO threadThresholds 8/8/64 | 512/8/64 | 8/8/64 | 8/8/512
c198-112:11738:11794 [2] NCCL INFO 2 coll channels, 2 p2p channels, 2 p2p channels per peer
c197-031:14612:14665 [3] NCCL INFO Parsed MSCCL Algorithm /home1/09168/ldai1/ccl-build/msccl_tools_lyd/examples/xml/xml_lyd/binary_tree/allreduce_binary_tree_1ch_2tree_64chunk_16node_64gpu.xml successfully.
c197-031:14612:14665 [3] NCCL INFO Connected 1 MSCCL algorithms
c197-031:14612:14665 [3] NCCL INFO NCCL_PROTO set by environment to Simple
c197-031:14612:14665 [3] NCCL INFO NCCL_ALGO set by environment to MSCCL,TREE,RING
c197-031:14612:14665 [3] NCCL INFO threadThresholds 8/8/64 | 512/8/64 | 8/8/64 | 8/8/512
c197-031:14612:14665 [3] NCCL INFO 2 coll channels, 2 p2p channels, 2 p2p channels per peer
c197-031:14611:14669 [2] NCCL INFO Parsed MSCCL Algorithm /home1/09168/ldai1/ccl-build/msccl_tools_lyd/examples/xml/xml_lyd/binary_tree/allreduce_binary_tree_1ch_2tree_64chunk_16node_64gpu.xml successfully.
c197-031:14611:14669 [2] NCCL INFO Connected 1 MSCCL algorithms
c197-031:14611:14669 [2] NCCL INFO NCCL_PROTO set by environment to Simple
c197-031:14611:14669 [2] NCCL INFO NCCL_ALGO set by environment to MSCCL,TREE,RING
c197-031:14611:14669 [2] NCCL INFO threadThresholds 8/8/64 | 512/8/64 | 8/8/64 | 8/8/512
c197-031:14611:14669 [2] NCCL INFO 2 coll channels, 2 p2p channels, 2 p2p channels per peer
c197-031:14609:14660 [0] NCCL INFO Channel 00/0 : 0[2000] -> 32[2000] [send] via NET/IB/0
c198-111:3606:3665 [0] NCCL INFO Channel 00/0 : 48[2000] -> 56[2000] [receive] via NET/IB/0
c197-041:25955:26014 [0] NCCL INFO Channel 00/0 : 8[2000] -> 17[3000] [send] via NET/IB/0
c198-042:30130:30189 [0] NCCL INFO Channel 00/0 : 16[2000] -> 24[2000] [receive] via NET/IB/0
c198-102:15656:15714 [0] NCCL INFO Channel 01/0 : 45[3000] -> 52[2000] [receive] via NET/IB/0
c198-112:11736:11795 [0] NCCL INFO Channel 01/0 : 28[2000] -> 60[2000] [receive] via NET/IB/0
c198-111:3607:3664 [1] NCCL INFO Channel 00/0 : 57[3000] -> 52[2000] [send] via NET/IB/0
c198-051:8488:8547 [0] NCCL INFO Channel 01/0 : 12[2000] -> 28[2000] [receive] via NET/IB/0
c198-041:27937:27992 [0] NCCL INFO Channel 01/0 : 13[3000] -> 20[2000] [receive] via NET/IB/0
c198-062:17729:17788 [0] NCCL INFO Channel 00/0 : 40[2000] -> 49[3000] [send] via NET/IB/0
c198-031:14577:14637 [0] NCCL INFO Channel 01/0 : 4[2000] -> 12[2000] [receive] via NET/IB/0
c198-061:31442:31501 [0] NCCL INFO Channel 01/0 : 36[2000] -> 44[2000] [send] via NET/IB/0
c197-032:25618:25677 [0] NCCL INFO Channel 01/0 : 4[2000] -> 12[2000] [send] via NET/IB/0
c198-071:7863:7924 [0] NCCL INFO Channel 01/0 : 36[2000] -> 44[2000] [receive] via NET/IB/0
c198-042:30131:30187 [1] NCCL INFO Channel 00/0 : 25[3000] -> 20[2000] [send] via NET/IB/0
c197-041:25956:26015 [1] NCCL INFO Channel 00/0 : 9[3000] -> 4[2000] [send] via NET/IB/0
c198-062:17730:17787 [1] NCCL INFO Channel 00/0 : 41[3000] -> 36[2000] [send] via NET/IB/0
c198-072:1351:1408 [3] NCCL INFO Parsed MSCCL Algorithm /home1/09168/ldai1/ccl-build/msccl_tools_lyd/examples/xml/xml_lyd/binary_tree/allreduce_binary_tree_1ch_2tree_64chunk_16node_64gpu.xml successfully.
c198-072:1351:1408 [3] NCCL INFO Connected 1 MSCCL algorithms
c198-072:1351:1408 [3] NCCL INFO NCCL_PROTO set by environment to Simple
c198-072:1351:1408 [3] NCCL INFO NCCL_ALGO set by environment to MSCCL,TREE,RING
c198-072:1351:1408 [3] NCCL INFO threadThresholds 8/8/64 | 512/8/64 | 8/8/64 | 8/8/512
c198-072:1351:1408 [3] NCCL INFO 2 coll channels, 2 p2p channels, 2 p2p channels per peer
c198-111:3609:3661 [3] NCCL INFO Parsed MSCCL Algorithm /home1/09168/ldai1/ccl-build/msccl_tools_lyd/examples/xml/xml_lyd/binary_tree/allreduce_binary_tree_1ch_2tree_64chunk_16node_64gpu.xml successfully.
c198-111:3609:3661 [3] NCCL INFO Connected 1 MSCCL algorithms
c198-111:3609:3661 [3] NCCL INFO NCCL_PROTO set by environment to Simple
c198-111:3609:3661 [3] NCCL INFO NCCL_ALGO set by environment to MSCCL,TREE,RING
c198-111:3609:3661 [3] NCCL INFO threadThresholds 8/8/64 | 512/8/64 | 8/8/64 | 8/8/512
c198-111:3609:3661 [3] NCCL INFO 2 coll channels, 2 p2p channels, 2 p2p channels per peer
c197-032:25621:25672 [3] NCCL INFO Parsed MSCCL Algorithm /home1/09168/ldai1/ccl-build/msccl_tools_lyd/examples/xml/xml_lyd/binary_tree/allreduce_binary_tree_1ch_2tree_64chunk_16node_64gpu.xml successfully.
c197-032:25621:25672 [3] NCCL INFO Connected 1 MSCCL algorithms
c197-032:25621:25672 [3] NCCL INFO NCCL_PROTO set by environment to Simple
c197-032:25621:25672 [3] NCCL INFO NCCL_ALGO set by environment to MSCCL,TREE,RING
c197-032:25621:25672 [3] NCCL INFO threadThresholds 8/8/64 | 512/8/64 | 8/8/64 | 8/8/512
c197-032:25621:25672 [3] NCCL INFO 2 coll channels, 2 p2p channels, 2 p2p channels per peer
c197-041:25958:26011 [3] NCCL INFO Parsed MSCCL Algorithm /home1/09168/ldai1/ccl-build/msccl_tools_lyd/examples/xml/xml_lyd/binary_tree/allreduce_binary_tree_1ch_2tree_64chunk_16node_64gpu.xml successfully.
c197-041:25958:26011 [3] NCCL INFO Connected 1 MSCCL algorithms
c197-041:25958:26011 [3] NCCL INFO NCCL_PROTO set by environment to Simple
c197-041:25958:26011 [3] NCCL INFO NCCL_ALGO set by environment to MSCCL,TREE,RING
c197-041:25958:26011 [3] NCCL INFO threadThresholds 8/8/64 | 512/8/64 | 8/8/64 | 8/8/512
c197-041:25958:26011 [3] NCCL INFO 2 coll channels, 2 p2p channels, 2 p2p channels per peer
c198-051:8491:8542 [3] NCCL INFO Parsed MSCCL Algorithm /home1/09168/ldai1/ccl-build/msccl_tools_lyd/examples/xml/xml_lyd/binary_tree/allreduce_binary_tree_1ch_2tree_64chunk_16node_64gpu.xml successfully.
c198-051:8491:8542 [3] NCCL INFO Connected 1 MSCCL algorithms
c198-051:8491:8542 [3] NCCL INFO NCCL_PROTO set by environment to Simple
c198-051:8491:8542 [3] NCCL INFO NCCL_ALGO set by environment to MSCCL,TREE,RING
c198-051:8491:8542 [3] NCCL INFO threadThresholds 8/8/64 | 512/8/64 | 8/8/64 | 8/8/512
c198-051:8491:8542 [3] NCCL INFO 2 coll channels, 2 p2p channels, 2 p2p channels per peer
c198-061:31445:31497 [3] NCCL INFO Parsed MSCCL Algorithm /home1/09168/ldai1/ccl-build/msccl_tools_lyd/examples/xml/xml_lyd/binary_tree/allreduce_binary_tree_1ch_2tree_64chunk_16node_64gpu.xml successfully.
c198-061:31445:31497 [3] NCCL INFO Connected 1 MSCCL algorithms
c198-061:31445:31497 [3] NCCL INFO NCCL_PROTO set by environment to Simple
c198-061:31445:31497 [3] NCCL INFO NCCL_ALGO set by environment to MSCCL,TREE,RING
c198-061:31445:31497 [3] NCCL INFO threadThresholds 8/8/64 | 512/8/64 | 8/8/64 | 8/8/512
c198-061:31445:31497 [3] NCCL INFO 2 coll channels, 2 p2p channels, 2 p2p channels per peer
c198-102:15659:15719 [3] NCCL INFO Parsed MSCCL Algorithm /home1/09168/ldai1/ccl-build/msccl_tools_lyd/examples/xml/xml_lyd/binary_tree/allreduce_binary_tree_1ch_2tree_64chunk_16node_64gpu.xml successfully.
c198-102:15659:15719 [3] NCCL INFO Connected 1 MSCCL algorithms
c198-102:15659:15719 [3] NCCL INFO NCCL_PROTO set by environment to Simple
c198-102:15659:15719 [3] NCCL INFO NCCL_ALGO set by environment to MSCCL,TREE,RING
c198-102:15659:15719 [3] NCCL INFO threadThresholds 8/8/64 | 512/8/64 | 8/8/64 | 8/8/512
c198-102:15659:15719 [3] NCCL INFO 2 coll channels, 2 p2p channels, 2 p2p channels per peer
c198-052:6617:6673 [3] NCCL INFO Parsed MSCCL Algorithm /home1/09168/ldai1/ccl-build/msccl_tools_lyd/examples/xml/xml_lyd/binary_tree/allreduce_binary_tree_1ch_2tree_64chunk_16node_64gpu.xml successfully.
c198-052:6617:6673 [3] NCCL INFO Connected 1 MSCCL algorithms
c198-062:17732:17782 [3] NCCL INFO Parsed MSCCL Algorithm /home1/09168/ldai1/ccl-build/msccl_tools_lyd/examples/xml/xml_lyd/binary_tree/allreduce_binary_tree_1ch_2tree_64chunk_16node_64gpu.xml successfully.
c198-052:6617:6673 [3] NCCL INFO NCCL_PROTO set by environment to Simple
c198-062:17732:17782 [3] NCCL INFO Connected 1 MSCCL algorithms
c198-052:6617:6673 [3] NCCL INFO NCCL_ALGO set by environment to MSCCL,TREE,RING
c198-062:17732:17782 [3] NCCL INFO NCCL_PROTO set by environment to Simple
c198-062:17732:17782 [3] NCCL INFO NCCL_ALGO set by environment to MSCCL,TREE,RING
c198-052:6617:6673 [3] NCCL INFO threadThresholds 8/8/64 | 512/8/64 | 8/8/64 | 8/8/512
c198-052:6617:6673 [3] NCCL INFO 2 coll channels, 2 p2p channels, 2 p2p channels per peer
c198-032:8429:8485 [3] NCCL INFO Parsed MSCCL Algorithm /home1/09168/ldai1/ccl-build/msccl_tools_lyd/examples/xml/xml_lyd/binary_tree/allreduce_binary_tree_1ch_2tree_64chunk_16node_64gpu.xml successfully.
c198-062:17732:17782 [3] NCCL INFO threadThresholds 8/8/64 | 512/8/64 | 8/8/64 | 8/8/512
c198-062:17732:17782 [3] NCCL INFO 2 coll channels, 2 p2p channels, 2 p2p channels per peer
c198-032:8429:8485 [3] NCCL INFO Connected 1 MSCCL algorithms
c198-032:8429:8485 [3] NCCL INFO NCCL_PROTO set by environment to Simple
c198-032:8429:8485 [3] NCCL INFO NCCL_ALGO set by environment to MSCCL,TREE,RING
c198-032:8429:8485 [3] NCCL INFO threadThresholds 8/8/64 | 512/8/64 | 8/8/64 | 8/8/512
c198-032:8429:8485 [3] NCCL INFO 2 coll channels, 2 p2p channels, 2 p2p channels per peer
c198-071:7866:7920 [3] NCCL INFO Parsed MSCCL Algorithm /home1/09168/ldai1/ccl-build/msccl_tools_lyd/examples/xml/xml_lyd/binary_tree/allreduce_binary_tree_1ch_2tree_64chunk_16node_64gpu.xml successfully.
c198-071:7866:7920 [3] NCCL INFO Connected 1 MSCCL algorithms
c198-071:7866:7920 [3] NCCL INFO NCCL_PROTO set by environment to Simple
c198-071:7866:7920 [3] NCCL INFO NCCL_ALGO set by environment to MSCCL,TREE,RING
c198-071:7866:7920 [3] NCCL INFO threadThresholds 8/8/64 | 512/8/64 | 8/8/64 | 8/8/512
c198-031:14580:14633 [3] NCCL INFO Parsed MSCCL Algorithm /home1/09168/ldai1/ccl-build/msccl_tools_lyd/examples/xml/xml_lyd/binary_tree/allreduce_binary_tree_1ch_2tree_64chunk_16node_64gpu.xml successfully.
c198-071:7866:7920 [3] NCCL INFO 2 coll channels, 2 p2p channels, 2 p2p channels per peer
c198-031:14580:14633 [3] NCCL INFO Connected 1 MSCCL algorithms
c198-031:14580:14633 [3] NCCL INFO NCCL_PROTO set by environment to Simple
c198-031:14580:14633 [3] NCCL INFO NCCL_ALGO set by environment to MSCCL,TREE,RING
c198-031:14580:14633 [3] NCCL INFO threadThresholds 8/8/64 | 512/8/64 | 8/8/64 | 8/8/512
c198-031:14580:14633 [3] NCCL INFO 2 coll channels, 2 p2p channels, 2 p2p channels per peer
c198-042:30133:30186 [3] NCCL INFO Parsed MSCCL Algorithm /home1/09168/ldai1/ccl-build/msccl_tools_lyd/examples/xml/xml_lyd/binary_tree/allreduce_binary_tree_1ch_2tree_64chunk_16node_64gpu.xml successfully.
c198-042:30133:30186 [3] NCCL INFO Connected 1 MSCCL algorithms
c198-042:30133:30186 [3] NCCL INFO NCCL_PROTO set by environment to Simple
c198-042:30133:30186 [3] NCCL INFO NCCL_ALGO set by environment to MSCCL,TREE,RING
c198-042:30133:30186 [3] NCCL INFO threadThresholds 8/8/64 | 512/8/64 | 8/8/64 | 8/8/512
c198-042:30133:30186 [3] NCCL INFO 2 coll channels, 2 p2p channels, 2 p2p channels per peer
c198-041:27940:27995 [3] NCCL INFO Parsed MSCCL Algorithm /home1/09168/ldai1/ccl-build/msccl_tools_lyd/examples/xml/xml_lyd/binary_tree/allreduce_binary_tree_1ch_2tree_64chunk_16node_64gpu.xml successfully.
c198-041:27940:27995 [3] NCCL INFO Connected 1 MSCCL algorithms
c198-041:27940:27995 [3] NCCL INFO NCCL_PROTO set by environment to Simple
c198-041:27940:27995 [3] NCCL INFO NCCL_ALGO set by environment to MSCCL,TREE,RING
c198-041:27940:27995 [3] NCCL INFO threadThresholds 8/8/64 | 512/8/64 | 8/8/64 | 8/8/512
c198-041:27940:27995 [3] NCCL INFO 2 coll channels, 2 p2p channels, 2 p2p channels per peer
c198-112:11736:11795 [0] NCCL INFO Channel 01/0 : 60[2000] -> 28[2000] [send] via NET/IB/0
c198-072:1348:1405 [0] NCCL INFO Channel 00/0 : 32[2000] -> 48[2000] [receive] via NET/IB/0
c197-041:25955:26014 [0] NCCL INFO Channel 00/0 : 17[3000] -> 8[2000] [receive] via NET/IB/0
c198-111:3606:3665 [0] NCCL INFO Channel 00/0 : 56[2000] -> 48[2000] [send] via NET/IB/0
c198-032:8426:8479 [0] NCCL INFO Channel 00/0 : 16[2000] -> 33[3000] [send] via NET/IB/0
c198-032:8427:8481 [1] NCCL INFO Channel 00/0 : 17[3000] -> 8[2000] [send] via NET/IB/0
c198-071:7864:7926 [1] NCCL INFO Channel 01/0 : 52[2000] -> 45[3000] [receive] via NET/IB/0
c198-042:30130:30189 [0] NCCL INFO Channel 00/0 : 24[2000] -> 16[2000] [send] via NET/IB/0
c198-102:15656:15714 [0] NCCL INFO Channel 01/0 : 52[2000] -> 45[3000] [send] via NET/IB/0
c198-061:31442:31501 [0] NCCL INFO Channel 01/0 : 44[2000] -> 36[2000] [receive] via NET/IB/0
c197-032:25618:25677 [0] NCCL INFO Channel 01/0 : 12[2000] -> 4[2000] [receive] via NET/IB/0
c198-041:27937:27992 [0] NCCL INFO Channel 01/0 : 20[2000] -> 13[3000] [send] via NET/IB/0
c198-072:1349:1402 [1] NCCL INFO Channel 00/0 : 49[3000] -> 40[2000] [send] via NET/IB/0
c198-031:14578:14635 [1] NCCL INFO Channel 01/0 : 20[2000] -> 13[3000] [receive] via NET/IB/0
c198-071:7863:7924 [0] NCCL INFO Channel 01/0 : 29[3000] -> 44[2000] [receive] via NET/IB/0
c198-031:14577:14637 [0] NCCL INFO Channel 01/0 : 12[2000] -> 28[2000] [send] via NET/IB/0
c198-062:17729:17788 [0] NCCL INFO Channel 00/0 : 49[3000] -> 40[2000] [receive] via NET/IB/0
c198-032:8427:8481 [1] NCCL INFO Channel 00 : 17[3000] -> 16[2000] via direct shared memory
c198-032:8427:8481 [1] NCCL INFO Channel 01 : 17[3000] -> 16[2000] via direct shared memory
c198-071:7864:7926 [1] NCCL INFO Channel 00 : 45[3000] -> 44[2000] via direct shared memory
c198-071:7864:7926 [1] NCCL INFO Channel 01 : 45[3000] -> 44[2000] via direct shared memory
c198-032:8428:8484 [2] NCCL INFO Connected all trees
c198-032:8428:8484 [2] NCCL INFO MSCCL_XML_FILES set by environment to /home1/09168/ldai1/ccl-build/msccl_tools_lyd/examples/xml/xml_lyd/binary_tree/allreduce_binary_tree_1ch_2tree_64chunk_16node_64gpu.xml
c198-032:8428:8484 [2] NCCL INFO MSCCL: Parsing algorithm /home1/09168/ldai1/ccl-build/msccl_tools_lyd/examples/xml/xml_lyd/binary_tree/allreduce_binary_tree_1ch_2tree_64chunk_16node_64gpu.xml
c198-031:14578:14635 [1] NCCL INFO Channel 00 : 13[3000] -> 12[2000] via direct shared memory
c198-071:7865:7922 [2] NCCL INFO Connected all trees
c198-071:7865:7922 [2] NCCL INFO MSCCL_XML_FILES set by environment to /home1/09168/ldai1/ccl-build/msccl_tools_lyd/examples/xml/xml_lyd/binary_tree/allreduce_binary_tree_1ch_2tree_64chunk_16node_64gpu.xml
c198-031:14578:14635 [1] NCCL INFO Channel 01 : 13[3000] -> 12[2000] via direct shared memory
c198-071:7865:7922 [2] NCCL INFO MSCCL: Parsing algorithm /home1/09168/ldai1/ccl-build/msccl_tools_lyd/examples/xml/xml_lyd/binary_tree/allreduce_binary_tree_1ch_2tree_64chunk_16node_64gpu.xml
c198-031:14579:14631 [2] NCCL INFO Connected all trees
c198-031:14579:14631 [2] NCCL INFO MSCCL_XML_FILES set by environment to /home1/09168/ldai1/ccl-build/msccl_tools_lyd/examples/xml/xml_lyd/binary_tree/allreduce_binary_tree_1ch_2tree_64chunk_16node_64gpu.xml
c198-031:14579:14631 [2] NCCL INFO MSCCL: Parsing algorithm /home1/09168/ldai1/ccl-build/msccl_tools_lyd/examples/xml/xml_lyd/binary_tree/allreduce_binary_tree_1ch_2tree_64chunk_16node_64gpu.xml
c198-072:1349:1402 [1] NCCL INFO Channel 00 : 49[3000] -> 48[2000] via direct shared memory
c198-072:1349:1402 [1] NCCL INFO Channel 01 : 49[3000] -> 48[2000] via direct shared memory
c198-072:1350:1406 [2] NCCL INFO Connected all trees
c198-072:1350:1406 [2] NCCL INFO MSCCL_XML_FILES set by environment to /home1/09168/ldai1/ccl-build/msccl_tools_lyd/examples/xml/xml_lyd/binary_tree/allreduce_binary_tree_1ch_2tree_64chunk_16node_64gpu.xml
c198-072:1350:1406 [2] NCCL INFO MSCCL: Parsing algorithm /home1/09168/ldai1/ccl-build/msccl_tools_lyd/examples/xml/xml_lyd/binary_tree/allreduce_binary_tree_1ch_2tree_64chunk_16node_64gpu.xml
c198-052:6614:6670 [0] NCCL INFO Channel 00/0 : 0[2000] -> 32[2000] [receive] via NET/IB/0
c198-072:1348:1405 [0] NCCL INFO Channel 00/0 : 48[2000] -> 32[2000] [send] via NET/IB/0
c198-102:15656:15714 [0] NCCL INFO Channel 00/0 : 57[3000] -> 52[2000] [receive] via NET/IB/0
c198-032:8426:8479 [0] NCCL INFO Channel 00/0 : 33[3000] -> 16[2000] [receive] via NET/IB/0
c198-052:6615:6671 [1] NCCL INFO Channel 00/0 : 33[3000] -> 16[2000] [send] via NET/IB/0
c197-041:25955:26014 [0] NCCL INFO Channel 00/0 : 12[2000] -> 8[2000] [receive] via NET/IB/0
c198-041:27937:27992 [0] NCCL INFO Channel 00/0 : 25[3000] -> 20[2000] [receive] via NET/IB/0
c198-051:8489:8546 [1] NCCL INFO Channel 01/0 : 44[2000] -> 29[3000] [receive] via NET/IB/0
c198-071:7863:7924 [0] NCCL INFO Channel 01/0 : 44[2000] -> 29[3000] [send] via NET/IB/0
c198-031:14577:14637 [0] NCCL INFO Channel 01/0 : 28[2000] -> 12[2000] [receive] via NET/IB/0
c198-051:8488:8547 [0] NCCL INFO Channel 01/0 : 60[2000] -> 28[2000] [receive] via NET/IB/0
c198-062:17729:17788 [0] NCCL INFO Channel 00/0 : 44[2000] -> 40[2000] [receive] via NET/IB/0
c198-052:6615:6671 [1] NCCL INFO Channel 00 : 33[3000] -> 32[2000] via direct shared memory
c198-052:6615:6671 [1] NCCL INFO Channel 01 : 33[3000] -> 32[2000] via direct shared memory
c198-111:3607:3664 [1] NCCL INFO Channel 00 : 57[3000] -> 56[2000] via direct shared memory
c198-111:3607:3664 [1] NCCL INFO Channel 01 : 57[3000] -> 56[2000] via direct shared memory
c198-042:30131:30187 [1] NCCL INFO Channel 00 : 25[3000] -> 24[2000] via direct shared memory
c198-042:30131:30187 [1] NCCL INFO Channel 01 : 25[3000] -> 24[2000] via direct shared memory
c198-051:8489:8546 [1] NCCL INFO Channel 00 : 29[3000] -> 28[2000] via direct shared memory
c198-051:8489:8546 [1] NCCL INFO Channel 01 : 29[3000] -> 28[2000] via direct shared memory
c198-052:6616:6667 [2] NCCL INFO Connected all trees
c198-052:6616:6667 [2] NCCL INFO MSCCL_XML_FILES set by environment to /home1/09168/ldai1/ccl-build/msccl_tools_lyd/examples/xml/xml_lyd/binary_tree/allreduce_binary_tree_1ch_2tree_64chunk_16node_64gpu.xml
c198-052:6616:6667 [2] NCCL INFO MSCCL: Parsing algorithm /home1/09168/ldai1/ccl-build/msccl_tools_lyd/examples/xml/xml_lyd/binary_tree/allreduce_binary_tree_1ch_2tree_64chunk_16node_64gpu.xml
c198-111:3608:3659 [2] NCCL INFO Connected all trees
c198-111:3608:3659 [2] NCCL INFO MSCCL_XML_FILES set by environment to /home1/09168/ldai1/ccl-build/msccl_tools_lyd/examples/xml/xml_lyd/binary_tree/allreduce_binary_tree_1ch_2tree_64chunk_16node_64gpu.xml
c198-111:3608:3659 [2] NCCL INFO MSCCL: Parsing algorithm /home1/09168/ldai1/ccl-build/msccl_tools_lyd/examples/xml/xml_lyd/binary_tree/allreduce_binary_tree_1ch_2tree_64chunk_16node_64gpu.xml
c198-042:30132:30185 [2] NCCL INFO Connected all trees
c198-042:30132:30185 [2] NCCL INFO MSCCL_XML_FILES set by environment to /home1/09168/ldai1/ccl-build/msccl_tools_lyd/examples/xml/xml_lyd/binary_tree/allreduce_binary_tree_1ch_2tree_64chunk_16node_64gpu.xml
c198-042:30132:30185 [2] NCCL INFO MSCCL: Parsing algorithm /home1/09168/ldai1/ccl-build/msccl_tools_lyd/examples/xml/xml_lyd/binary_tree/allreduce_binary_tree_1ch_2tree_64chunk_16node_64gpu.xml
c198-051:8490:8543 [2] NCCL INFO Connected all trees
c198-051:8490:8543 [2] NCCL INFO MSCCL_XML_FILES set by environment to /home1/09168/ldai1/ccl-build/msccl_tools_lyd/examples/xml/xml_lyd/binary_tree/allreduce_binary_tree_1ch_2tree_64chunk_16node_64gpu.xml
c198-051:8490:8543 [2] NCCL INFO MSCCL: Parsing algorithm /home1/09168/ldai1/ccl-build/msccl_tools_lyd/examples/xml/xml_lyd/binary_tree/allreduce_binary_tree_1ch_2tree_64chunk_16node_64gpu.xml
c198-052:6614:6670 [0] NCCL INFO Channel 00/0 : 32[2000] -> 0[2000] [send] via NET/IB/0
c198-051:8488:8547 [0] NCCL INFO Channel 01/0 : 28[2000] -> 60[2000] [send] via NET/IB/0
c198-102:15656:15714 [0] NCCL INFO Channel 01/0 : 52[2000] -> 48[2000] [send] via NET/IB/0
c198-032:8426:8479 [0] NCCL INFO Channel 00/0 : 24[2000] -> 16[2000] [receive] via NET/IB/0
c198-071:7863:7924 [0] NCCL INFO Channel 01/0 : 44[2000] -> 36[2000] [send] via NET/IB/0
c198-041:27937:27992 [0] NCCL INFO Channel 01/0 : 20[2000] -> 16[2000] [send] via NET/IB/0
c198-032:8428:8484 [2] NCCL INFO Parsed MSCCL Algorithm /home1/09168/ldai1/ccl-build/msccl_tools_lyd/examples/xml/xml_lyd/binary_tree/allreduce_binary_tree_1ch_2tree_64chunk_16node_64gpu.xml successfully.
c198-032:8428:8484 [2] NCCL INFO Connected 1 MSCCL algorithms
c198-032:8428:8484 [2] NCCL INFO NCCL_PROTO set by environment to Simple
c198-032:8428:8484 [2] NCCL INFO NCCL_ALGO set by environment to MSCCL,TREE,RING
c198-032:8428:8484 [2] NCCL INFO threadThresholds 8/8/64 | 512/8/64 | 8/8/64 | 8/8/512
c198-032:8428:8484 [2] NCCL INFO 2 coll channels, 2 p2p channels, 2 p2p channels per peer
c198-071:7865:7922 [2] NCCL INFO Parsed MSCCL Algorithm /home1/09168/ldai1/ccl-build/msccl_tools_lyd/examples/xml/xml_lyd/binary_tree/allreduce_binary_tree_1ch_2tree_64chunk_16node_64gpu.xml successfully.
c198-071:7865:7922 [2] NCCL INFO Connected 1 MSCCL algorithms
c198-071:7865:7922 [2] NCCL INFO NCCL_PROTO set by environment to Simple
c198-071:7865:7922 [2] NCCL INFO NCCL_ALGO set by environment to MSCCL,TREE,RING
c198-071:7865:7922 [2] NCCL INFO threadThresholds 8/8/64 | 512/8/64 | 8/8/64 | 8/8/512
c198-071:7865:7922 [2] NCCL INFO 2 coll channels, 2 p2p channels, 2 p2p channels per peer
c198-031:14579:14631 [2] NCCL INFO Parsed MSCCL Algorithm /home1/09168/ldai1/ccl-build/msccl_tools_lyd/examples/xml/xml_lyd/binary_tree/allreduce_binary_tree_1ch_2tree_64chunk_16node_64gpu.xml successfully.
c198-031:14579:14631 [2] NCCL INFO Connected 1 MSCCL algorithms
c198-031:14579:14631 [2] NCCL INFO NCCL_PROTO set by environment to Simple
c198-031:14579:14631 [2] NCCL INFO NCCL_ALGO set by environment to MSCCL,TREE,RING
c198-031:14579:14631 [2] NCCL INFO threadThresholds 8/8/64 | 512/8/64 | 8/8/64 | 8/8/512
c198-031:14579:14631 [2] NCCL INFO 2 coll channels, 2 p2p channels, 2 p2p channels per peer
c198-072:1350:1406 [2] NCCL INFO Parsed MSCCL Algorithm /home1/09168/ldai1/ccl-build/msccl_tools_lyd/examples/xml/xml_lyd/binary_tree/allreduce_binary_tree_1ch_2tree_64chunk_16node_64gpu.xml successfully.
c198-072:1350:1406 [2] NCCL INFO Connected 1 MSCCL algorithms
c198-072:1350:1406 [2] NCCL INFO NCCL_PROTO set by environment to Simple
c198-072:1350:1406 [2] NCCL INFO NCCL_ALGO set by environment to MSCCL,TREE,RING
c198-072:1350:1406 [2] NCCL INFO threadThresholds 8/8/64 | 512/8/64 | 8/8/64 | 8/8/512
c198-072:1350:1406 [2] NCCL INFO 2 coll channels, 2 p2p channels, 2 p2p channels per peer
c198-052:6614:6670 [0] NCCL INFO Channel 00/0 : 48[2000] -> 32[2000] [receive] via NET/IB/0
c198-042:30130:30189 [0] NCCL INFO Channel 00/0 : 28[2000] -> 24[2000] [receive] via NET/IB/0
c198-032:8426:8479 [0] NCCL INFO Channel 01/0 : 20[2000] -> 16[2000] [receive] via NET/IB/0
c198-071:7863:7924 [0] NCCL INFO Channel 00/0 : 44[2000] -> 40[2000] [send] via NET/IB/0
c198-061:31442:31501 [0] NCCL INFO Channel 00/0 : 41[3000] -> 36[2000] [receive] via NET/IB/0
c198-051:8488:8547 [0] NCCL INFO Channel 01/0 : 28[2000] -> 12[2000] [send] via NET/IB/0
c197-031:14609:14660 [0] NCCL INFO Channel 01/0 : 4[2000] -> 0[2000] [receive] via NET/IB/0
c198-112:11736:11795 [0] NCCL INFO Channel 00/0 : 60[2000] -> 56[2000] [send] via NET/IB/0
c198-111:3608:3659 [2] NCCL INFO Parsed MSCCL Algorithm /home1/09168/ldai1/ccl-build/msccl_tools_lyd/examples/xml/xml_lyd/binary_tree/allreduce_binary_tree_1ch_2tree_64chunk_16node_64gpu.xml successfully.
c198-111:3608:3659 [2] NCCL INFO Connected 1 MSCCL algorithms
c198-111:3608:3659 [2] NCCL INFO NCCL_PROTO set by environment to Simple
c198-111:3608:3659 [2] NCCL INFO NCCL_ALGO set by environment to MSCCL,TREE,RING
c198-111:3608:3659 [2] NCCL INFO threadThresholds 8/8/64 | 512/8/64 | 8/8/64 | 8/8/512
c198-111:3608:3659 [2] NCCL INFO 2 coll channels, 2 p2p channels, 2 p2p channels per peer
c198-052:6616:6667 [2] NCCL INFO Parsed MSCCL Algorithm /home1/09168/ldai1/ccl-build/msccl_tools_lyd/examples/xml/xml_lyd/binary_tree/allreduce_binary_tree_1ch_2tree_64chunk_16node_64gpu.xml successfully.
c198-052:6616:6667 [2] NCCL INFO Connected 1 MSCCL algorithms
c198-052:6616:6667 [2] NCCL INFO NCCL_PROTO set by environment to Simple
c198-052:6616:6667 [2] NCCL INFO NCCL_ALGO set by environment to MSCCL,TREE,RING
c198-052:6616:6667 [2] NCCL INFO threadThresholds 8/8/64 | 512/8/64 | 8/8/64 | 8/8/512
c198-052:6616:6667 [2] NCCL INFO 2 coll channels, 2 p2p channels, 2 p2p channels per peer
c198-042:30132:30185 [2] NCCL INFO Parsed MSCCL Algorithm /home1/09168/ldai1/ccl-build/msccl_tools_lyd/examples/xml/xml_lyd/binary_tree/allreduce_binary_tree_1ch_2tree_64chunk_16node_64gpu.xml successfully.
c198-042:30132:30185 [2] NCCL INFO Connected 1 MSCCL algorithms
c198-042:30132:30185 [2] NCCL INFO NCCL_PROTO set by environment to Simple
c198-042:30132:30185 [2] NCCL INFO NCCL_ALGO set by environment to MSCCL,TREE,RING
c198-042:30132:30185 [2] NCCL INFO threadThresholds 8/8/64 | 512/8/64 | 8/8/64 | 8/8/512
c198-042:30132:30185 [2] NCCL INFO 2 coll channels, 2 p2p channels, 2 p2p channels per peer
