x3201c0s25b0n0:51428:51448 [2] NCCL INFO Channel 05 : 26[85000] -> 27[c7000] via P2P/IPC/read
x3202c0s13b1n0:25647:25670 [1] NCCL INFO Channel 04 : 61[46000] -> 60[7000] via P2P/IPC/read
x3201c0s37b0n0:47714:47737 [2] NCCL INFO Parsed MSCCL Algorithm /home/yuke/ncclPG/CCL-LYD/msccl_tools_lyd/examples/xml/xml_lyd/trinomial_tree/allreduce_trinomial_tree_2ch_32chunk_64gpus.xml successfully.
x3201c0s1b0n0:51758:51779 [3] NCCL INFO Channel 02/0 : 19[c7000] -> 23[c7000] [send] via NET/AWS Libfabric/1
x3201c0s19b0n0:46694:46716 [1] NCCL INFO Channel 04 : 9[46000] -> 10[85000] via P2P/IPC/read
x3201c0s19b0n0:46694:46716 [1] NCCL INFO Channel 05 : 9[46000] -> 10[85000] via P2P/IPC/read
x3201c0s1b0n0:51755:51781 [0] NCCL INFO Channel 03/0 : 16[7000] -> 20[7000] [send] via NET/AWS Libfabric/3
x3201c0s13b1n0:55493:55514 [2] NCCL INFO Parsed MSCCL Algorithm /home/yuke/ncclPG/CCL-LYD/msccl_tools_lyd/examples/xml/xml_lyd/trinomial_tree/allreduce_trinomial_tree_2ch_32chunk_64gpus.xml successfully.
x3201c0s25b1n0:54978:55005 [0] NCCL INFO Channel 03/0 : 28[7000] -> 32[7000] [send] via NET/AWS Libfabric/3
x3201c0s7b0n0:49897:49920 [1] NCCL INFO Channel 04 : 49[46000] -> 48[7000] via P2P/IPC/read
x3201c0s25b1n0:54981:55002 [3] NCCL INFO Channel 02/0 : 31[c7000] -> 35[c7000] [send] via NET/AWS Libfabric/1
x3201c0s7b1n0:54434:54453 [2] NCCL INFO Channel 04 : 54[85000] -> 55[c7000] via P2P/IPC/read
x3201c0s31b0n0:43223:43249 [0] NCCL INFO Channel 05/0 : 28[7000] -> 32[7000] [receive] via NET/AWS Libfabric/3
x3201c0s37b0n0:47713:47734 [1] NCCL INFO Parsed MSCCL Algorithm /home/yuke/ncclPG/CCL-LYD/msccl_tools_lyd/examples/xml/xml_lyd/trinomial_tree/allreduce_trinomial_tree_2ch_32chunk_64gpus.xml successfully.
x3201c0s7b0n0:49896:49922 [0] NCCL INFO Channel 01/0 : 48[7000] -> 52[7000] [send] via NET/AWS Libfabric/3
x3201c0s31b1n0:34751:34778 [0] NCCL INFO Channel 01/0 : 36[7000] -> 40[7000] [send] via NET/AWS Libfabric/3
x3201c0s19b0n0:46695:46715 [2] NCCL INFO Channel 05 : 10[85000] -> 11[c7000] via P2P/IPC/read
x3201c0s1b0n0:51758:51779 [3] NCCL INFO Channel 04/0 : 19[c7000] -> 23[c7000] [send] via NET/AWS Libfabric/1
x3201c0s31b0n0:43226:43247 [3] NCCL INFO Channel 04/0 : 31[c7000] -> 35[c7000] [receive] via NET/AWS Libfabric/1
x3202c0s13b0n0:25418:25437 [2] NCCL INFO Channel 00 : 58[85000] -> 57[46000] via P2P/IPC/read
x3201c0s1b0n0:51755:51781 [0] NCCL INFO Channel 05/0 : 16[7000] -> 20[7000] [send] via NET/AWS Libfabric/3
x3201c0s1b1n0:52518:52537 [3] NCCL INFO Channel 04/0 : 19[c7000] -> 23[c7000] [receive] via NET/AWS Libfabric/1
x3201c0s7b1n0:54435:54455 [3] NCCL INFO Connected all trees
x3201c0s7b1n0:54435:54455 [3] NCCL INFO MSCCL_XML_FILES set by environment to /home/yuke/ncclPG/CCL-LYD/msccl_tools_lyd/examples/xml/xml_lyd/trinomial_tree/allreduce_trinomial_tree_2ch_32chunk_64gpus.xml
x3201c0s7b1n0:54435:54455 [3] NCCL INFO MSCCL: Parsing algorithm /home/yuke/ncclPG/CCL-LYD/msccl_tools_lyd/examples/xml/xml_lyd/trinomial_tree/allreduce_trinomial_tree_2ch_32chunk_64gpus.xml
x3201c0s7b0n0:49897:49920 [1] NCCL INFO Channel 05 : 49[46000] -> 48[7000] via P2P/IPC/read
x3202c0s13b1n0:25647:25670 [1] NCCL INFO Channel 05 : 61[46000] -> 60[7000] via P2P/IPC/read
x3201c0s25b1n0:54981:55002 [3] NCCL INFO Channel 04/0 : 31[c7000] -> 35[c7000] [send] via NET/AWS Libfabric/1
x3201c0s7b1n0:54433:54454 [1] NCCL INFO Channel 04 : 53[46000] -> 54[85000] via P2P/IPC/read
x3201c0s13b0n0:9773:9794 [0] NCCL INFO Channel 01/0 : 0[7000] -> 4[7000] [send] via NET/AWS Libfabric/3
x3201c0s25b0n0:51429:51450 [3] NCCL INFO Channel 00/0 : 27[c7000] -> 31[c7000] [send] via NET/AWS Libfabric/1
x3201c0s7b0n0:49896:49922 [0] NCCL INFO Channel 03/0 : 48[7000] -> 52[7000] [send] via NET/AWS Libfabric/3
x3201c0s13b0n0:9774:9796 [1] NCCL INFO Channel 04 : 1[46000] -> 0[7000] via P2P/IPC/read
x3201c0s31b1n0:34751:34778 [0] NCCL INFO Channel 03/0 : 36[7000] -> 40[7000] [send] via NET/AWS Libfabric/3
x3201c0s31b1n0:34758:34775 [3] NCCL INFO Channel 00/0 : 39[c7000] -> 43[c7000] [send] via NET/AWS Libfabric/1
x3201c0s31b1n0:34757:34777 [2] NCCL INFO Channel 04 : 38[85000] -> 37[46000] via P2P/IPC/read
x3201c0s31b1n0:34757:34777 [2] NCCL INFO Channel 05 : 38[85000] -> 37[46000] via P2P/IPC/read
x3201c0s7b1n0:54434:54453 [2] NCCL INFO Channel 05 : 54[85000] -> 55[c7000] via P2P/IPC/read
x3201c0s7b1n0:54433:54454 [1] NCCL INFO Channel 05 : 53[46000] -> 54[85000] via P2P/IPC/read
x3201c0s13b0n0:9773:9794 [0] NCCL INFO Channel 03/0 : 0[7000] -> 4[7000] [send] via NET/AWS Libfabric/3
x3201c0s13b1n0:55492:55513 [1] NCCL INFO Channel 04 : 5[46000] -> 6[85000] via P2P/IPC/read
x3201c0s1b1n0:52517:52539 [2] NCCL INFO Channel 04 : 22[85000] -> 21[46000] via P2P/IPC/read
x3201c0s1b1n0:52517:52539 [2] NCCL INFO Channel 05 : 22[85000] -> 21[46000] via P2P/IPC/read
x3201c0s19b0n0:46696:46717 [3] NCCL INFO Channel 02/0 : 7[c7000] -> 11[c7000] [receive] via NET/AWS Libfabric/1
x3201c0s25b0n0:51426:51451 [0] NCCL INFO Channel 01/0 : 24[7000] -> 28[7000] [send] via NET/AWS Libfabric/3
x3201c0s7b0n0:49899:49921 [3] NCCL INFO Channel 00/0 : 51[c7000] -> 55[c7000] [send] via NET/AWS Libfabric/1
x3201c0s25b1n0:54978:55005 [0] NCCL INFO Channel 05/0 : 28[7000] -> 32[7000] [send] via NET/AWS Libfabric/3
x3201c0s19b0n0:46693:46718 [0] NCCL INFO Channel 03/0 : 4[7000] -> 8[7000] [receive] via NET/AWS Libfabric/3
x3201c0s25b0n0:51429:51450 [3] NCCL INFO Channel 02/0 : 27[c7000] -> 31[c7000] [send] via NET/AWS Libfabric/1
x3201c0s19b0n0:46695:46715 [2] NCCL INFO Channel 04 : 10[85000] -> 9[46000] via P2P/IPC/read
x3201c0s19b0n0:46695:46715 [2] NCCL INFO Channel 05 : 10[85000] -> 9[46000] via P2P/IPC/read
x3201c0s1b1n0:52516:52538 [1] NCCL INFO Channel 04 : 21[46000] -> 20[7000] via P2P/IPC/read
x3201c0s37b0n0:47714:47737 [2] NCCL INFO Channel 04 : 42[85000] -> 43[c7000] via P2P/IPC/read
x3201c0s37b0n0:47713:47734 [1] NCCL INFO Channel 04 : 41[46000] -> 42[85000] via P2P/IPC/read
x3201c0s37b0n0:47713:47734 [1] NCCL INFO Channel 05 : 41[46000] -> 42[85000] via P2P/IPC/read
x3201c0s1b1n0:52515:52540 [0] NCCL INFO Channel 03/0 : 16[7000] -> 20[7000] [receive] via NET/AWS Libfabric/3
x3201c0s25b0n0:51426:51451 [0] NCCL INFO Channel 03/0 : 24[7000] -> 28[7000] [send] via NET/AWS Libfabric/3
x3202c0s13b0n0:25418:25437 [2] NCCL INFO Channel 02 : 58[85000] -> 57[46000] via P2P/IPC/read
x3201c0s13b1n0:55493:55514 [2] NCCL INFO Channel 04 : 6[85000] -> 7[c7000] via P2P/IPC/read
x3201c0s13b1n0:55492:55513 [1] NCCL INFO Channel 05 : 5[46000] -> 6[85000] via P2P/IPC/read
x3201c0s31b1n0:34758:34775 [3] NCCL INFO Channel 02/0 : 39[c7000] -> 43[c7000] [send] via NET/AWS Libfabric/1
x3201c0s25b0n0:51427:51449 [1] NCCL INFO Channel 04 : 25[46000] -> 24[7000] via P2P/IPC/read
x3201c0s25b0n0:51427:51449 [1] NCCL INFO Channel 05 : 25[46000] -> 24[7000] via P2P/IPC/read
x3201c0s7b0n0:49899:49921 [3] NCCL INFO Channel 02/0 : 51[c7000] -> 55[c7000] [send] via NET/AWS Libfabric/1
x3201c0s25b0n0:51428:51448 [2] NCCL INFO Channel 04 : 26[85000] -> 25[46000] via P2P/IPC/read
x3201c0s19b0n0:46696:46717 [3] NCCL INFO Channel 04/0 : 7[c7000] -> 11[c7000] [receive] via NET/AWS Libfabric/1
x3201c0s19b0n0:46693:46718 [0] NCCL INFO Channel 05/0 : 4[7000] -> 8[7000] [receive] via NET/AWS Libfabric/3
x3201c0s37b0n0:47712:47735 [0] NCCL INFO Channel 01/0 : 36[7000] -> 40[7000] [receive] via NET/AWS Libfabric/3
x3201c0s7b1n0:54435:54455 [3] NCCL INFO Parsed MSCCL Algorithm /home/yuke/ncclPG/CCL-LYD/msccl_tools_lyd/examples/xml/xml_lyd/trinomial_tree/allreduce_trinomial_tree_2ch_32chunk_64gpus.xml successfully.
x3201c0s13b0n0:9774:9796 [1] NCCL INFO Channel 05 : 1[46000] -> 0[7000] via P2P/IPC/read
x3201c0s7b0n0:49898:49919 [2] NCCL INFO Channel 04 : 50[85000] -> 49[46000] via P2P/IPC/read
x3202c0s13b1n0:25649:25668 [3] NCCL INFO Channel 04/0 : 47[c7000] -> 63[c7000] [receive] via NET/AWS Libfabric/1
x3201c0s37b0n0:47714:47737 [2] NCCL INFO Channel 05 : 42[85000] -> 43[c7000] via P2P/IPC/read
x3201c0s1b1n0:52515:52540 [0] NCCL INFO Channel 05/0 : 16[7000] -> 20[7000] [receive] via NET/AWS Libfabric/3
x3201c0s1b1n0:52516:52538 [1] NCCL INFO Channel 05 : 21[46000] -> 20[7000] via P2P/IPC/read
x3201c0s19b0n0:46694:46716 [1] NCCL INFO Channel 04 : 9[46000] -> 8[7000] via P2P/IPC/read
x3202c0s13b1n0:25648:25669 [2] NCCL INFO Channel 04 : 62[85000] -> 61[46000] via P2P/IPC/read
x3201c0s7b1n0:54433:54454 [1] NCCL INFO Channel 04 : 53[46000] -> 52[7000] via P2P/IPC/read
x3201c0s7b1n0:54433:54454 [1] NCCL INFO Channel 05 : 53[46000] -> 52[7000] via P2P/IPC/read
x3202c0s13b0n0:25418:25437 [2] NCCL INFO Connected all trees
x3202c0s13b0n0:25417:25436 [1] NCCL INFO Connected all trees
x3202c0s13b0n0:25417:25436 [1] NCCL INFO MSCCL_XML_FILES set by environment to /home/yuke/ncclPG/CCL-LYD/msccl_tools_lyd/examples/xml/xml_lyd/trinomial_tree/allreduce_trinomial_tree_2ch_32chunk_64gpus.xml
x3202c0s13b0n0:25417:25436 [1] NCCL INFO MSCCL: Parsing algorithm /home/yuke/ncclPG/CCL-LYD/msccl_tools_lyd/examples/xml/xml_lyd/trinomial_tree/allreduce_trinomial_tree_2ch_32chunk_64gpus.xml
x3202c0s13b0n0:25418:25437 [2] NCCL INFO MSCCL_XML_FILES set by environment to /home/yuke/ncclPG/CCL-LYD/msccl_tools_lyd/examples/xml/xml_lyd/trinomial_tree/allreduce_trinomial_tree_2ch_32chunk_64gpus.xml
x3202c0s13b0n0:25418:25437 [2] NCCL INFO MSCCL: Parsing algorithm /home/yuke/ncclPG/CCL-LYD/msccl_tools_lyd/examples/xml/xml_lyd/trinomial_tree/allreduce_trinomial_tree_2ch_32chunk_64gpus.xml
x3201c0s13b1n0:55493:55514 [2] NCCL INFO Channel 05 : 6[85000] -> 7[c7000] via P2P/IPC/read
x3201c0s37b0n0:47712:47735 [0] NCCL INFO Channel 03/0 : 36[7000] -> 40[7000] [receive] via NET/AWS Libfabric/3
x3202c0s13b1n0:25648:25669 [2] NCCL INFO Channel 05 : 62[85000] -> 61[46000] via P2P/IPC/read
x3201c0s25b0n0:51428:51448 [2] NCCL INFO Channel 05 : 26[85000] -> 25[46000] via P2P/IPC/read
x3201c0s25b0n0:51429:51450 [3] NCCL INFO Channel 00/0 : 27[c7000] -> 35[c7000] [send] via NET/AWS Libfabric/1
x3201c0s19b1n0:53050:53077 [0] NCCL INFO Channel 01/0 : 12[7000] -> 20[7000] [send] via NET/AWS Libfabric/3
x3201c0s1b0n0:51758:51779 [3] NCCL INFO Channel 02/0 : 7[c7000] -> 19[c7000] [receive] via NET/AWS Libfabric/1
x3201c0s7b1n0:54432:54456 [0] NCCL INFO Channel 01/0 : 48[7000] -> 52[7000] [receive] via NET/AWS Libfabric/3
x3201c0s25b0n0:51429:51450 [3] NCCL INFO Channel 04/0 : 27[c7000] -> 35[c7000] [send] via NET/AWS Libfabric/1
x3201c0s19b0n0:46694:46716 [1] NCCL INFO Channel 05 : 9[46000] -> 8[7000] via P2P/IPC/read
x3201c0s19b1n0:53053:53075 [3] NCCL INFO Channel 00/0 : 15[c7000] -> 23[c7000] [send] via NET/AWS Libfabric/1
x3201c0s7b1n0:54432:54456 [0] NCCL INFO Channel 03/0 : 48[7000] -> 52[7000] [receive] via NET/AWS Libfabric/3
x3201c0s7b1n0:54432:54456 [0] NCCL INFO Channel 03/0 : 52[7000] -> 56[7000] [send] via NET/AWS Libfabric/3
x3201c0s7b1n0:54432:54456 [0] NCCL INFO Channel 05/0 : 52[7000] -> 56[7000] [send] via NET/AWS Libfabric/3
x3201c0s7b0n0:49898:49919 [2] NCCL INFO Channel 05 : 50[85000] -> 49[46000] via P2P/IPC/read
x3201c0s37b0n0:47712:47735 [0] NCCL INFO Channel 03/0 : 40[7000] -> 44[7000] [send] via NET/AWS Libfabric/3
x3201c0s37b0n0:47714:47737 [2] NCCL INFO Channel 04 : 42[85000] -> 41[46000] via P2P/IPC/read
x3201c0s37b0n0:47714:47737 [2] NCCL INFO Channel 05 : 42[85000] -> 41[46000] via P2P/IPC/read
x3201c0s37b0n0:47715:47736 [3] NCCL INFO Channel 00/0 : 39[c7000] -> 43[c7000] [receive] via NET/AWS Libfabric/1
x3201c0s1b1n0:52518:52537 [3] NCCL INFO Channel 00/0 : 15[c7000] -> 23[c7000] [receive] via NET/AWS Libfabric/1
x3201c0s19b1n0:53050:53077 [0] NCCL INFO Channel 05/0 : 12[7000] -> 20[7000] [send] via NET/AWS Libfabric/3
x3201c0s37b0n0:47715:47736 [3] NCCL INFO Channel 02/0 : 39[c7000] -> 43[c7000] [receive] via NET/AWS Libfabric/1
x3201c0s19b1n0:53053:53075 [3] NCCL INFO Channel 04/0 : 15[c7000] -> 23[c7000] [send] via NET/AWS Libfabric/1
x3201c0s25b0n0:51426:51451 [0] NCCL INFO Channel 01/0 : 24[7000] -> 32[7000] [send] via NET/AWS Libfabric/3
x3202c0s13b0n0:25418:25437 [2] NCCL INFO Parsed MSCCL Algorithm /home/yuke/ncclPG/CCL-LYD/msccl_tools_lyd/examples/xml/xml_lyd/trinomial_tree/allreduce_trinomial_tree_2ch_32chunk_64gpus.xml successfully.
x3202c0s13b0n0:25417:25436 [1] NCCL INFO Parsed MSCCL Algorithm /home/yuke/ncclPG/CCL-LYD/msccl_tools_lyd/examples/xml/xml_lyd/trinomial_tree/allreduce_trinomial_tree_2ch_32chunk_64gpus.xml successfully.
x3201c0s25b0n0:51426:51451 [0] NCCL INFO Channel 05/0 : 24[7000] -> 32[7000] [send] via NET/AWS Libfabric/3
x3201c0s31b0n0:43223:43249 [0] NCCL INFO Channel 01/0 : 24[7000] -> 32[7000] [receive] via NET/AWS Libfabric/3
x3201c0s13b1n0:55494:55515 [3] NCCL INFO Channel 00/0 : 3[c7000] -> 7[c7000] [receive] via NET/AWS Libfabric/1
x3201c0s31b0n0:43226:43247 [3] NCCL INFO Channel 00/0 : 27[c7000] -> 35[c7000] [receive] via NET/AWS Libfabric/1
x3201c0s37b0n0:47713:47734 [1] NCCL INFO Channel 04 : 41[46000] -> 40[7000] via P2P/IPC/read
x3201c0s13b1n0:55491:55516 [0] NCCL INFO Channel 01/0 : 0[7000] -> 4[7000] [receive] via NET/AWS Libfabric/3
x3201c0s25b1n0:54981:55002 [3] NCCL INFO Channel 02/0 : 7[c7000] -> 31[c7000] [receive] via NET/AWS Libfabric/1
x3201c0s37b0n0:47713:47734 [1] NCCL INFO Channel 05 : 41[46000] -> 40[7000] via P2P/IPC/read
x3201c0s13b1n0:55492:55513 [1] NCCL INFO Channel 04 : 5[46000] -> 4[7000] via P2P/IPC/read
x3201c0s31b0n0:43226:43247 [3] NCCL INFO Channel 04/0 : 27[c7000] -> 35[c7000] [receive] via NET/AWS Libfabric/1
x3201c0s37b0n0:47715:47736 [3] NCCL INFO Channel 02/0 : 43[c7000] -> 47[c7000] [send] via NET/AWS Libfabric/1
x3201c0s37b0n0:47712:47735 [0] NCCL INFO Channel 05/0 : 40[7000] -> 44[7000] [send] via NET/AWS Libfabric/3
x3201c0s13b1n0:55493:55514 [2] NCCL INFO Channel 04 : 6[85000] -> 5[46000] via P2P/IPC/read
x3201c0s7b1n0:54434:54453 [2] NCCL INFO Channel 04 : 54[85000] -> 53[46000] via P2P/IPC/read
x3201c0s13b1n0:55494:55515 [3] NCCL INFO Channel 02/0 : 3[c7000] -> 7[c7000] [receive] via NET/AWS Libfabric/1
x3201c0s13b1n0:55491:55516 [0] NCCL INFO Channel 03/0 : 0[7000] -> 4[7000] [receive] via NET/AWS Libfabric/3
x3201c0s1b1n0:52518:52537 [3] NCCL INFO Channel 04/0 : 15[c7000] -> 23[c7000] [receive] via NET/AWS Libfabric/1
x3201c0s37b0n0:47715:47736 [3] NCCL INFO Channel 04/0 : 43[c7000] -> 47[c7000] [send] via NET/AWS Libfabric/1
x3201c0s13b1n0:55492:55513 [1] NCCL INFO Channel 05 : 5[46000] -> 4[7000] via P2P/IPC/read
x3201c0s25b1n0:54978:55005 [0] NCCL INFO Channel 03/0 : 4[7000] -> 28[7000] [receive] via NET/AWS Libfabric/3
x3201c0s31b0n0:43223:43249 [0] NCCL INFO Channel 05/0 : 24[7000] -> 32[7000] [receive] via NET/AWS Libfabric/3
x3201c0s7b0n0:49896:49922 [0] NCCL INFO Channel 01/0 : 48[7000] -> 56[7000] [send] via NET/AWS Libfabric/3
x3202c0s13b0n0:25417:25436 [1] NCCL INFO Channel 04 : 57[46000] -> 58[85000] via P2P/IPC/read
x3201c0s1b1n0:52515:52540 [0] NCCL INFO Channel 01/0 : 12[7000] -> 20[7000] [receive] via NET/AWS Libfabric/3
x3201c0s13b1n0:55493:55514 [2] NCCL INFO Channel 05 : 6[85000] -> 5[46000] via P2P/IPC/read
x3201c0s7b1n0:54435:54455 [3] NCCL INFO Channel 00/0 : 51[c7000] -> 55[c7000] [receive] via NET/AWS Libfabric/1
x3202c0s13b0n0:25418:25437 [2] NCCL INFO Channel 04 : 58[85000] -> 59[c7000] via P2P/IPC/read
x3201c0s7b1n0:54434:54453 [2] NCCL INFO Channel 05 : 54[85000] -> 53[46000] via P2P/IPC/read
x3201c0s7b0n0:49896:49922 [0] NCCL INFO Channel 05/0 : 48[7000] -> 56[7000] [send] via NET/AWS Libfabric/3
x3201c0s7b1n0:54435:54455 [3] NCCL INFO Channel 02/0 : 51[c7000] -> 55[c7000] [receive] via NET/AWS Libfabric/1
x3201c0s13b1n0:55491:55516 [0] NCCL INFO Channel 03/0 : 4[7000] -> 8[7000] [send] via NET/AWS Libfabric/3
x3201c0s13b1n0:55494:55515 [3] NCCL INFO Channel 02/0 : 7[c7000] -> 11[c7000] [send] via NET/AWS Libfabric/1
x3201c0s13b1n0:55491:55516 [0] NCCL INFO Channel 05/0 : 4[7000] -> 8[7000] [send] via NET/AWS Libfabric/3
x3201c0s37b1n0:49397:49422 [0] NCCL INFO Channel 01/0 : 36[7000] -> 44[7000] [receive] via NET/AWS Libfabric/3
x3201c0s1b1n0:52515:52540 [0] NCCL INFO Channel 05/0 : 12[7000] -> 20[7000] [receive] via NET/AWS Libfabric/3
x3201c0s13b1n0:55494:55515 [3] NCCL INFO Channel 04/0 : 7[c7000] -> 11[c7000] [send] via NET/AWS Libfabric/1
x3202c0s13b0n0:25418:25437 [2] NCCL INFO Channel 05 : 58[85000] -> 59[c7000] via P2P/IPC/read
x3202c0s13b0n0:25417:25436 [1] NCCL INFO Channel 05 : 57[46000] -> 58[85000] via P2P/IPC/read
x3201c0s25b0n0:51429:51450 [3] NCCL INFO Channel 00/0 : 3[c7000] -> 27[c7000] [receive] via NET/AWS Libfabric/1
x3201c0s1b0n0:51755:51781 [0] NCCL INFO Channel 03/0 : 4[7000] -> 16[7000] [receive] via NET/AWS Libfabric/3
x3201c0s37b1n0:49400:49420 [3] NCCL INFO Channel 00/0 : 39[c7000] -> 47[c7000] [receive] via NET/AWS Libfabric/1
x3201c0s31b0n0:43226:43247 [3] NCCL INFO Channel 04/0 : 11[c7000] -> 35[c7000] [receive] via NET/AWS Libfabric/1
x3201c0s7b1n0:54435:54455 [3] NCCL INFO Channel 02/0 : 55[c7000] -> 59[c7000] [send] via NET/AWS Libfabric/1
x3201c0s31b1n0:34751:34778 [0] NCCL INFO Channel 01/0 : 36[7000] -> 44[7000] [send] via NET/AWS Libfabric/3
x3201c0s37b0n0:47712:47735 [0] NCCL INFO Channel 03/0 : 40[7000] -> 52[7000] [send] via NET/AWS Libfabric/3
x3201c0s19b0n0:46693:46718 [0] NCCL INFO Channel 01/0 : 0[7000] -> 8[7000] [receive] via NET/AWS Libfabric/3
x3201c0s1b1n0:52518:52537 [3] NCCL INFO Channel 04/0 : 11[c7000] -> 23[c7000] [receive] via NET/AWS Libfabric/1
x3201c0s31b0n0:43223:43249 [0] NCCL INFO Channel 05/0 : 8[7000] -> 32[7000] [receive] via NET/AWS Libfabric/3
x3202c0s13b0n0:25415:25439 [0] NCCL INFO Channel 03/0 : 52[7000] -> 56[7000] [receive] via NET/AWS Libfabric/3
x3201c0s31b1n0:34758:34775 [3] NCCL INFO Channel 00/0 : 39[c7000] -> 47[c7000] [send] via NET/AWS Libfabric/1
x3201c0s7b1n0:54435:54455 [3] NCCL INFO Channel 04/0 : 55[c7000] -> 59[c7000] [send] via NET/AWS Libfabric/1
x3201c0s25b0n0:51426:51451 [0] NCCL INFO Channel 01/0 : 0[7000] -> 24[7000] [receive] via NET/AWS Libfabric/3
x3201c0s19b1n0:53053:53075 [3] NCCL INFO Channel 00/0 : 3[c7000] -> 15[c7000] [receive] via NET/AWS Libfabric/1
x3202c0s13b0n0:25419:25438 [3] NCCL INFO Channel 02/0 : 55[c7000] -> 59[c7000] [receive] via NET/AWS Libfabric/1
x3202c0s13b0n0:25419:25438 [3] NCCL INFO Channel 04/0 : 55[c7000] -> 59[c7000] [receive] via NET/AWS Libfabric/1
x3201c0s37b0n0:47715:47736 [3] NCCL INFO Channel 02/0 : 43[c7000] -> 55[c7000] [send] via NET/AWS Libfabric/1
x3201c0s37b1n0:49397:49422 [0] NCCL INFO Channel 05/0 : 36[7000] -> 44[7000] [receive] via NET/AWS Libfabric/3
x3201c0s31b1n0:34758:34775 [3] NCCL INFO Channel 04/0 : 39[c7000] -> 47[c7000] [send] via NET/AWS Libfabric/1
x3202c0s13b0n0:25418:25437 [2] NCCL INFO Channel 04 : 58[85000] -> 57[46000] via P2P/IPC/read
x3202c0s13b0n0:25415:25439 [0] NCCL INFO Channel 05/0 : 52[7000] -> 56[7000] [receive] via NET/AWS Libfabric/3
x3202c0s13b0n0:25417:25436 [1] NCCL INFO Channel 04 : 57[46000] -> 56[7000] via P2P/IPC/read
x3202c0s13b0n0:25417:25436 [1] NCCL INFO Channel 05 : 57[46000] -> 56[7000] via P2P/IPC/read
x3201c0s31b1n0:34751:34778 [0] NCCL INFO Channel 05/0 : 36[7000] -> 44[7000] [send] via NET/AWS Libfabric/3
x3202c0s13b0n0:25418:25437 [2] NCCL INFO Channel 05 : 58[85000] -> 57[46000] via P2P/IPC/read
x3201c0s13b0n0:9776:9795 [3] NCCL INFO Channel 00/0 : 3[c7000] -> 11[c7000] [send] via NET/AWS Libfabric/1
x3201c0s13b0n0:9773:9794 [0] NCCL INFO Channel 01/0 : 0[7000] -> 8[7000] [send] via NET/AWS Libfabric/3
x3201c0s37b1n0:49400:49420 [3] NCCL INFO Channel 04/0 : 39[c7000] -> 47[c7000] [receive] via NET/AWS Libfabric/1
x3201c0s13b1n0:55494:55515 [3] NCCL INFO Channel 02/0 : 7[c7000] -> 19[c7000] [send] via NET/AWS Libfabric/1
x3201c0s19b0n0:46693:46718 [0] NCCL INFO Channel 05/0 : 0[7000] -> 8[7000] [receive] via NET/AWS Libfabric/3
x3201c0s1b1n0:52515:52540 [0] NCCL INFO Channel 05/0 : 8[7000] -> 20[7000] [receive] via NET/AWS Libfabric/3
x3201c0s13b1n0:55491:55516 [0] NCCL INFO Channel 03/0 : 4[7000] -> 16[7000] [send] via NET/AWS Libfabric/3
x3201c0s13b0n0:9776:9795 [3] NCCL INFO Channel 04/0 : 3[c7000] -> 11[c7000] [send] via NET/AWS Libfabric/1
x3201c0s13b0n0:9773:9794 [0] NCCL INFO Channel 05/0 : 0[7000] -> 8[7000] [send] via NET/AWS Libfabric/3
x3201c0s19b1n0:53050:53077 [0] NCCL INFO Channel 01/0 : 0[7000] -> 12[7000] [receive] via NET/AWS Libfabric/3
x3201c0s19b0n0:46696:46717 [3] NCCL INFO Channel 00/0 : 3[c7000] -> 11[c7000] [receive] via NET/AWS Libfabric/1
x3201c0s1b0n0:51758:51779 [3] NCCL INFO Channel 02/0 : 19[c7000] -> 7[c7000] [send] via NET/AWS Libfabric/1
x3201c0s13b1n0:55494:55515 [3] NCCL INFO Channel 02/0 : 7[c7000] -> 31[c7000] [send] via NET/AWS Libfabric/1
x3202c0s13b0n0:25419:25438 [3] NCCL INFO Channel 00/0 : 51[c7000] -> 59[c7000] [receive] via NET/AWS Libfabric/1
x3201c0s13b1n0:55491:55516 [0] NCCL INFO Channel 03/0 : 4[7000] -> 28[7000] [send] via NET/AWS Libfabric/3
x3201c0s19b0n0:46696:46717 [3] NCCL INFO Channel 04/0 : 3[c7000] -> 11[c7000] [receive] via NET/AWS Libfabric/1
x3201c0s25b1n0:54981:55002 [3] NCCL INFO Channel 02/0 : 31[c7000] -> 7[c7000] [send] via NET/AWS Libfabric/1
x3201c0s1b0n0:51755:51781 [0] NCCL INFO Channel 03/0 : 16[7000] -> 4[7000] [send] via NET/AWS Libfabric/3
x3201c0s7b0n0:49899:49921 [3] NCCL INFO Channel 00/0 : 51[c7000] -> 59[c7000] [send] via NET/AWS Libfabric/1
x3201c0s7b1n0:54435:54455 [3] NCCL INFO Channel 02/0 : 43[c7000] -> 55[c7000] [receive] via NET/AWS Libfabric/1
x3201c0s7b0n0:49899:49921 [3] NCCL INFO Channel 04/0 : 51[c7000] -> 59[c7000] [send] via NET/AWS Libfabric/1
x3202c0s13b0n0:25419:25438 [3] NCCL INFO Channel 04/0 : 51[c7000] -> 59[c7000] [receive] via NET/AWS Libfabric/1
x3201c0s31b1n0:34751:34778 [0] NCCL INFO Channel 01/0 : 36[7000] -> 48[7000] [send] via NET/AWS Libfabric/3
x3201c0s37b1n0:49397:49422 [0] NCCL INFO Channel 05/0 : 44[7000] -> 56[7000] [send] via NET/AWS Libfabric/3
x3201c0s13b0n0:9773:9794 [0] NCCL INFO Channel 01/0 : 0[7000] -> 12[7000] [send] via NET/AWS Libfabric/3
x3201c0s13b1n0:55494:55515 [3] NCCL INFO Channel 02/0 : 43[c7000] -> 7[c7000] [receive] via NET/AWS Libfabric/1
x3201c0s31b1n0:34758:34775 [3] NCCL INFO Channel 00/0 : 39[c7000] -> 51[c7000] [send] via NET/AWS Libfabric/1
x3201c0s37b1n0:49400:49420 [3] NCCL INFO Channel 04/0 : 47[c7000] -> 59[c7000] [send] via NET/AWS Libfabric/1
x3201c0s25b1n0:54978:55005 [0] NCCL INFO Channel 03/0 : 28[7000] -> 4[7000] [send] via NET/AWS Libfabric/3
x3201c0s13b0n0:9776:9795 [3] NCCL INFO Channel 00/0 : 3[c7000] -> 15[c7000] [send] via NET/AWS Libfabric/1
x3201c0s13b0n0:9773:9794 [0] NCCL INFO Channel 01/0 : 0[7000] -> 24[7000] [send] via NET/AWS Libfabric/3
x3201c0s19b0n0:46693:46718 [0] NCCL INFO Channel 05/0 : 8[7000] -> 20[7000] [send] via NET/AWS Libfabric/3
x3202c0s13b0n0:25415:25439 [0] NCCL INFO Channel 01/0 : 48[7000] -> 56[7000] [receive] via NET/AWS Libfabric/3
x3201c0s37b0n0:47715:47736 [3] NCCL INFO Channel 02/0 : 43[c7000] -> 63[c7000] [send] via NET/AWS Libfabric/1
x3201c0s13b1n0:55491:55516 [0] NCCL INFO Channel 03/0 : 40[7000] -> 4[7000] [receive] via NET/AWS Libfabric/3
x3201c0s7b1n0:54432:54456 [0] NCCL INFO Channel 03/0 : 40[7000] -> 52[7000] [receive] via NET/AWS Libfabric/3
x3201c0s19b0n0:46696:46717 [3] NCCL INFO Channel 04/0 : 11[c7000] -> 23[c7000] [send] via NET/AWS Libfabric/1
x3201c0s19b1n0:53050:53077 [0] NCCL INFO Channel 01/0 : 12[7000] -> 0[7000] [send] via NET/AWS Libfabric/3
x3201c0s13b0n0:9776:9795 [3] NCCL INFO Channel 00/0 : 3[c7000] -> 27[c7000] [send] via NET/AWS Libfabric/1
x3201c0s19b0n0:46693:46718 [0] NCCL INFO Channel 05/0 : 8[7000] -> 32[7000] [send] via NET/AWS Libfabric/3
x3202c0s13b0n0:25415:25439 [0] NCCL INFO Channel 05/0 : 48[7000] -> 56[7000] [receive] via NET/AWS Libfabric/3
x3201c0s7b0n0:49899:49921 [3] NCCL INFO Channel 00/0 : 39[c7000] -> 51[c7000] [receive] via NET/AWS Libfabric/1
x3201c0s1b1n0:52515:52540 [0] NCCL INFO Channel 05/0 : 20[7000] -> 8[7000] [send] via NET/AWS Libfabric/3
x3202c0s13b0n0:25419:25438 [3] NCCL INFO Channel 04/0 : 47[c7000] -> 59[c7000] [receive] via NET/AWS Libfabric/1
x3201c0s31b0n0:43223:43249 [0] NCCL INFO Channel 05/0 : 32[7000] -> 8[7000] [send] via NET/AWS Libfabric/3
x3201c0s7b1n0:54435:54455 [3] NCCL INFO Channel 02/0 : 55[c7000] -> 43[c7000] [send] via NET/AWS Libfabric/1
x3201c0s25b0n0:51426:51451 [0] NCCL INFO Channel 01/0 : 24[7000] -> 0[7000] [send] via NET/AWS Libfabric/3
x3201c0s19b0n0:46696:46717 [3] NCCL INFO Channel 04/0 : 11[c7000] -> 35[c7000] [send] via NET/AWS Libfabric/1
x3201c0s1b1n0:52518:52537 [3] NCCL INFO Channel 04/0 : 23[c7000] -> 11[c7000] [send] via NET/AWS Libfabric/1
x3201c0s25b0n0:51429:51450 [3] NCCL INFO Channel 00/0 : 27[c7000] -> 3[c7000] [send] via NET/AWS Libfabric/1
x3201c0s13b0n0:9773:9794 [0] NCCL INFO Channel 01/0 : 36[7000] -> 0[7000] [receive] via NET/AWS Libfabric/3
x3201c0s19b1n0:53053:53075 [3] NCCL INFO Channel 00/0 : 15[c7000] -> 3[c7000] [send] via NET/AWS Libfabric/1
x3201c0s31b1n0:34758:34775 [3] NCCL INFO Channel 00/0 : 39[c7000] -> 63[c7000] [send] via NET/AWS Libfabric/1
x3201c0s37b1n0:49400:49420 [3] NCCL INFO Channel 04/0 : 47[c7000] -> 63[c7000] [send] via NET/AWS Libfabric/1
x3201c0s37b0n0:47712:47735 [0] NCCL INFO Channel 03/0 : 40[7000] -> 60[7000] [send] via NET/AWS Libfabric/3
x3201c0s7b0n0:49899:49921 [3] NCCL INFO Channel 00/0 : 51[c7000] -> 39[c7000] [send] via NET/AWS Libfabric/1
x3201c0s7b1n0:54432:54456 [0] NCCL INFO Channel 03/0 : 52[7000] -> 40[7000] [send] via NET/AWS Libfabric/3
x3201c0s13b0n0:9776:9795 [3] NCCL INFO Channel 00/0 : 39[c7000] -> 3[c7000] [receive] via NET/AWS Libfabric/1
x3201c0s19b0n0:46693:46718 [0] NCCL INFO Channel 05/0 : 44[7000] -> 8[7000] [receive] via NET/AWS Libfabric/3
x3201c0s31b0n0:43226:43247 [3] NCCL INFO Channel 04/0 : 35[c7000] -> 11[c7000] [send] via NET/AWS Libfabric/1
x3202c0s13b1n0:25649:25668 [3] NCCL INFO Channel 02/0 : 43[c7000] -> 63[c7000] [receive] via NET/AWS Libfabric/1
x3202c0s13b0n0:25419:25438 [3] NCCL INFO Channel 04/0 : 59[c7000] -> 47[c7000] [send] via NET/AWS Libfabric/1
x3201c0s37b1n0:49400:49420 [3] NCCL INFO Channel 04/0 : 47[c7000] -> 11[c7000] [send] via NET/AWS Libfabric/1
x3201c0s19b0n0:46696:46717 [3] NCCL INFO Channel 04/0 : 47[c7000] -> 11[c7000] [receive] via NET/AWS Libfabric/1
x3201c0s7b0n0:49896:49922 [0] NCCL INFO Channel 01/0 : 36[7000] -> 48[7000] [receive] via NET/AWS Libfabric/3
x3202c0s13b0n0:25415:25439 [0] NCCL INFO Channel 05/0 : 44[7000] -> 56[7000] [receive] via NET/AWS Libfabric/3
x3201c0s37b1n0:49400:49420 [3] NCCL INFO Channel 04/0 : 11[c7000] -> 47[c7000] [receive] via NET/AWS Libfabric/1
x3201c0s31b1n0:34751:34778 [0] NCCL INFO Channel 01/0 : 36[7000] -> 60[7000] [send] via NET/AWS Libfabric/3
x3201c0s37b0n0:47715:47736 [3] NCCL INFO Channel 02/0 : 43[c7000] -> 7[c7000] [send] via NET/AWS Libfabric/1
x3201c0s37b1n0:49397:49422 [0] NCCL INFO Channel 05/0 : 44[7000] -> 60[7000] [send] via NET/AWS Libfabric/3
x3201c0s37b0n0:47715:47736 [3] NCCL INFO Channel 02/0 : 7[c7000] -> 43[c7000] [receive] via NET/AWS Libfabric/1
x3202c0s13b0n0:25415:25439 [0] NCCL INFO Channel 05/0 : 56[7000] -> 44[7000] [send] via NET/AWS Libfabric/3
x3201c0s19b0n0:46696:46717 [3] NCCL INFO Channel 04/0 : 11[c7000] -> 47[c7000] [send] via NET/AWS Libfabric/1
x3201c0s7b0n0:49896:49922 [0] NCCL INFO Channel 01/0 : 48[7000] -> 36[7000] [send] via NET/AWS Libfabric/3
x3202c0s13b1n0:25649:25668 [3] NCCL INFO Channel 00/0 : 39[c7000] -> 63[c7000] [receive] via NET/AWS Libfabric/1
x3201c0s13b1n0:55494:55515 [3] NCCL INFO Channel 02/0 : 7[c7000] -> 43[c7000] [send] via NET/AWS Libfabric/1
x3201c0s19b0n0:46696:46717 [3] NCCL INFO Channel 04/0 : 35[c7000] -> 11[c7000] [receive] via NET/AWS Libfabric/1
x3201c0s37b1n0:49400:49420 [3] NCCL INFO Channel 04/0 : 63[c7000] -> 47[c7000] [receive] via NET/AWS Libfabric/1
x3202c0s13b1n0:25646:25671 [0] NCCL INFO Channel 03/0 : 40[7000] -> 60[7000] [receive] via NET/AWS Libfabric/3
x3201c0s37b1n0:49397:49422 [0] NCCL INFO Channel 05/0 : 44[7000] -> 8[7000] [send] via NET/AWS Libfabric/3
x3201c0s31b1n0:34758:34775 [3] NCCL INFO Channel 00/0 : 39[c7000] -> 3[c7000] [send] via NET/AWS Libfabric/1
x3202c0s13b1n0:25649:25668 [3] NCCL INFO Channel 00/0 : 63[c7000] -> 39[c7000] [send] via NET/AWS Libfabric/1
x3201c0s19b0n0:46693:46718 [0] NCCL INFO Channel 05/0 : 8[7000] -> 44[7000] [send] via NET/AWS Libfabric/3
x3201c0s13b1n0:55494:55515 [3] NCCL INFO Channel 02/0 : 31[c7000] -> 7[c7000] [receive] via NET/AWS Libfabric/1
x3201c0s37b1n0:49397:49422 [0] NCCL INFO Channel 05/0 : 8[7000] -> 44[7000] [receive] via NET/AWS Libfabric/3
x3201c0s31b1n0:34758:34775 [3] NCCL INFO Channel 00/0 : 3[c7000] -> 39[c7000] [receive] via NET/AWS Libfabric/1
x3201c0s37b0n0:47715:47736 [3] NCCL INFO Channel 02/0 : 63[c7000] -> 43[c7000] [receive] via NET/AWS Libfabric/1
x3201c0s31b0n0:43226:43247 [3] NCCL INFO Channel 00/0 : 35[c7000] -> 27[c7000] [send] via NET/AWS Libfabric/1
x3201c0s13b0n0:9776:9795 [3] NCCL INFO Channel 00/0 : 3[c7000] -> 39[c7000] [send] via NET/AWS Libfabric/1
x3201c0s31b0n0:43226:43247 [3] NCCL INFO Channel 04/0 : 35[c7000] -> 27[c7000] [send] via NET/AWS Libfabric/1
x3201c0s19b0n0:46696:46717 [3] NCCL INFO Channel 04/0 : 23[c7000] -> 11[c7000] [receive] via NET/AWS Libfabric/1
x3201c0s37b0n0:47712:47735 [0] NCCL INFO Channel 03/0 : 40[7000] -> 4[7000] [send] via NET/AWS Libfabric/3
x3202c0s13b1n0:25646:25671 [0] NCCL INFO Channel 01/0 : 36[7000] -> 60[7000] [receive] via NET/AWS Libfabric/3
x3201c0s25b1n0:54981:55002 [3] NCCL INFO Channel 02/0 : 35[c7000] -> 31[c7000] [receive] via NET/AWS Libfabric/1
x3201c0s13b1n0:55491:55516 [0] NCCL INFO Channel 03/0 : 4[7000] -> 40[7000] [send] via NET/AWS Libfabric/3
x3201c0s13b1n0:55494:55515 [3] NCCL INFO Channel 02/0 : 19[c7000] -> 7[c7000] [receive] via NET/AWS Libfabric/1
x3201c0s37b0n0:47712:47735 [0] NCCL INFO Channel 03/0 : 4[7000] -> 40[7000] [receive] via NET/AWS Libfabric/3
x3201c0s19b0n0:46693:46718 [0] NCCL INFO Channel 05/0 : 32[7000] -> 8[7000] [receive] via NET/AWS Libfabric/3
x3201c0s13b0n0:9776:9795 [3] NCCL INFO Channel 00/0 : 27[c7000] -> 3[c7000] [receive] via NET/AWS Libfabric/1
x3201c0s1b1n0:52518:52537 [3] NCCL INFO Channel 00/0 : 23[c7000] -> 15[c7000] [send] via NET/AWS Libfabric/1
x3201c0s37b1n0:49397:49422 [0] NCCL INFO Channel 05/0 : 60[7000] -> 44[7000] [receive] via NET/AWS Libfabric/3
x3201c0s31b1n0:34758:34775 [3] NCCL INFO Channel 00/0 : 63[c7000] -> 39[c7000] [receive] via NET/AWS Libfabric/1
x3201c0s25b1n0:54981:55002 [3] NCCL INFO Channel 04/0 : 35[c7000] -> 31[c7000] [receive] via NET/AWS Libfabric/1
x3201c0s1b1n0:52518:52537 [3] NCCL INFO Channel 04/0 : 23[c7000] -> 15[c7000] [send] via NET/AWS Libfabric/1
x3201c0s19b0n0:46696:46717 [3] NCCL INFO Channel 00/0 : 11[c7000] -> 3[c7000] [send] via NET/AWS Libfabric/1
x3201c0s31b1n0:34751:34778 [0] NCCL INFO Channel 01/0 : 36[7000] -> 0[7000] [send] via NET/AWS Libfabric/3
x3201c0s19b0n0:46696:46717 [3] NCCL INFO Channel 04/0 : 11[c7000] -> 3[c7000] [send] via NET/AWS Libfabric/1
x3202c0s13b1n0:25649:25668 [3] NCCL INFO Channel 02/0 : 63[c7000] -> 43[c7000] [send] via NET/AWS Libfabric/1
x3202c0s13b1n0:25646:25671 [0] NCCL INFO Channel 01/0 : 60[7000] -> 36[7000] [send] via NET/AWS Libfabric/3
x3201c0s25b1n0:54981:55002 [3] NCCL INFO Channel 00/0 : 31[c7000] -> 27[c7000] [send] via NET/AWS Libfabric/1
x3201c0s1b0n0:51758:51779 [3] NCCL INFO Channel 02/0 : 23[c7000] -> 19[c7000] [receive] via NET/AWS Libfabric/1
x3201c0s13b0n0:9773:9794 [0] NCCL INFO Channel 01/0 : 0[7000] -> 36[7000] [send] via NET/AWS Libfabric/3
x3201c0s13b1n0:55494:55515 [3] NCCL INFO Channel 02/0 : 11[c7000] -> 7[c7000] [receive] via NET/AWS Libfabric/1
x3201c0s25b0n0:51429:51450 [3] NCCL INFO Channel 00/0 : 35[c7000] -> 27[c7000] [receive] via NET/AWS Libfabric/1
x3201c0s31b1n0:34751:34778 [0] NCCL INFO Channel 01/0 : 0[7000] -> 36[7000] [receive] via NET/AWS Libfabric/3
x3201c0s13b0n0:9776:9795 [3] NCCL INFO Channel 00/0 : 15[c7000] -> 3[c7000] [receive] via NET/AWS Libfabric/1
x3201c0s37b0n0:47712:47735 [0] NCCL INFO Channel 03/0 : 60[7000] -> 40[7000] [receive] via NET/AWS Libfabric/3
x3201c0s31b0n0:43223:43249 [0] NCCL INFO Channel 01/0 : 32[7000] -> 24[7000] [send] via NET/AWS Libfabric/3
x3201c0s25b1n0:54981:55002 [3] NCCL INFO Channel 02/0 : 31[c7000] -> 27[c7000] [send] via NET/AWS Libfabric/1
x3201c0s1b0n0:51758:51779 [3] NCCL INFO Channel 04/0 : 23[c7000] -> 19[c7000] [receive] via NET/AWS Libfabric/1
x3201c0s13b1n0:55494:55515 [3] NCCL INFO Channel 04/0 : 11[c7000] -> 7[c7000] [receive] via NET/AWS Libfabric/1
x3201c0s13b1n0:55491:55516 [0] NCCL INFO Channel 03/0 : 28[7000] -> 4[7000] [receive] via NET/AWS Libfabric/3
x3201c0s25b0n0:51429:51450 [3] NCCL INFO Channel 04/0 : 35[c7000] -> 27[c7000] [receive] via NET/AWS Libfabric/1
x3201c0s19b0n0:46693:46718 [0] NCCL INFO Channel 05/0 : 20[7000] -> 8[7000] [receive] via NET/AWS Libfabric/3
x3201c0s31b0n0:43223:43249 [0] NCCL INFO Channel 05/0 : 32[7000] -> 24[7000] [send] via NET/AWS Libfabric/3
x3201c0s31b1n0:34758:34775 [3] NCCL INFO Channel 00/0 : 51[c7000] -> 39[c7000] [receive] via NET/AWS Libfabric/1
x3202c0s13b1n0:25649:25668 [3] NCCL INFO Channel 04/0 : 63[c7000] -> 47[c7000] [send] via NET/AWS Libfabric/1
x3201c0s37b0n0:47715:47736 [3] NCCL INFO Channel 02/0 : 55[c7000] -> 43[c7000] [receive] via NET/AWS Libfabric/1
x3202c0s13b1n0:25649:25668 [3] NCCL INFO Channel 04 : 63[c7000] -> 62[85000] via P2P/IPC/read
x3201c0s1b0n0:51758:51779 [3] NCCL INFO Channel 00/0 : 19[c7000] -> 15[c7000] [send] via NET/AWS Libfabric/1
x3201c0s13b1n0:55494:55515 [3] NCCL INFO Channel 00/0 : 7[c7000] -> 3[c7000] [send] via NET/AWS Libfabric/1
x3201c0s13b0n0:9773:9794 [0] NCCL INFO Channel 01/0 : 24[7000] -> 0[7000] [receive] via NET/AWS Libfabric/3
x3201c0s1b0n0:51758:51779 [3] NCCL INFO Channel 02/0 : 19[c7000] -> 15[c7000] [send] via NET/AWS Libfabric/1
x3202c0s13b1n0:25649:25668 [3] NCCL INFO Channel 05 : 63[c7000] -> 62[85000] via P2P/IPC/read
x3201c0s13b1n0:55494:55515 [3] NCCL INFO Channel 02/0 : 7[c7000] -> 3[c7000] [send] via NET/AWS Libfabric/1
x3201c0s7b0n0:49899:49921 [3] NCCL INFO Channel 00/0 : 59[c7000] -> 51[c7000] [receive] via NET/AWS Libfabric/1
x3201c0s25b1n0:54978:55005 [0] NCCL INFO Channel 03/0 : 32[7000] -> 28[7000] [receive] via NET/AWS Libfabric/3
x3201c0s31b0n0:43226:43247 [3] NCCL INFO Channel 02/0 : 35[c7000] -> 31[c7000] [send] via NET/AWS Libfabric/1
x3201c0s13b1n0:55491:55516 [0] NCCL INFO Channel 03/0 : 16[7000] -> 4[7000] [receive] via NET/AWS Libfabric/3
x3201c0s19b1n0:53053:53075 [3] NCCL INFO Channel 00/0 : 23[c7000] -> 15[c7000] [receive] via NET/AWS Libfabric/1
x3201c0s19b1n0:53053:53075 [3] NCCL INFO Channel 04/0 : 23[c7000] -> 15[c7000] [receive] via NET/AWS Libfabric/1
x3202c0s13b1n0:25649:25668 [3] NCCL INFO Connected 1 MSCCL algorithms
x3202c0s13b1n0:25649:25668 [3] NCCL INFO NCCL_NTHREADS set by environment to 512.
x3202c0s13b1n0:25649:25668 [3] NCCL INFO NCCL_PROTO set by environment to Simple
x3202c0s13b1n0:25649:25668 [3] NCCL INFO NCCL_ALGO set by environment to MSCCL,TREE,RING
x3202c0s13b1n0:25649:25668 [3] NCCL INFO threadThresholds 8/8/64 | 512/8/64 | 8/8/64 | 8/8/512
x3202c0s13b1n0:25649:25668 [3] NCCL INFO 6 coll channels, 4 p2p channels, 2 p2p channels per peer
x3202c0s13b1n0:25648:25669 [2] NCCL INFO Connected 1 MSCCL algorithms
x3201c0s13b0n0:9776:9795 [3] NCCL INFO Channel 00/0 : 11[c7000] -> 3[c7000] [receive] via NET/AWS Libfabric/1
x3201c0s7b1n0:54435:54455 [3] NCCL INFO Channel 02/0 : 59[c7000] -> 55[c7000] [receive] via NET/AWS Libfabric/1
x3201c0s1b1n0:52515:52540 [0] NCCL INFO Channel 01/0 : 20[7000] -> 12[7000] [send] via NET/AWS Libfabric/3
x3202c0s13b1n0:25648:25669 [2] NCCL INFO NCCL_NTHREADS set by environment to 512.
x3202c0s13b1n0:25648:25669 [2] NCCL INFO NCCL_PROTO set by environment to Simple
x3202c0s13b1n0:25648:25669 [2] NCCL INFO NCCL_ALGO set by environment to MSCCL,TREE,RING
x3202c0s13b1n0:25648:25669 [2] NCCL INFO threadThresholds 8/8/64 | 512/8/64 | 8/8/64 | 8/8/512
x3202c0s13b1n0:25648:25669 [2] NCCL INFO 6 coll channels, 4 p2p channels, 2 p2p channels per peer
x3201c0s31b1n0:34751:34778 [0] NCCL INFO Channel 01/0 : 60[7000] -> 36[7000] [receive] via NET/AWS Libfabric/3
x3201c0s31b0n0:43226:43247 [3] NCCL INFO Channel 04/0 : 35[c7000] -> 31[c7000] [send] via NET/AWS Libfabric/1
x3201c0s25b1n0:54978:55005 [0] NCCL INFO Channel 05/0 : 32[7000] -> 28[7000] [receive] via NET/AWS Libfabric/3
x3201c0s19b0n0:46693:46718 [0] NCCL INFO Channel 01/0 : 8[7000] -> 0[7000] [send] via NET/AWS Libfabric/3
x3201c0s1b1n0:52515:52540 [0] NCCL INFO Channel 05/0 : 20[7000] -> 12[7000] [send] via NET/AWS Libfabric/3
x3201c0s31b1n0:34758:34775 [3] NCCL INFO Channel 00/0 : 47[c7000] -> 39[c7000] [receive] via NET/AWS Libfabric/1
x3201c0s37b0n0:47715:47736 [3] NCCL INFO Channel 02/0 : 47[c7000] -> 43[c7000] [receive] via NET/AWS Libfabric/1
x3201c0s13b0n0:9776:9795 [3] NCCL INFO Channel 04/0 : 11[c7000] -> 3[c7000] [receive] via NET/AWS Libfabric/1
x3202c0s13b1n0:25646:25671 [0] NCCL INFO Channel 03/0 : 60[7000] -> 40[7000] [send] via NET/AWS Libfabric/3
x3201c0s25b0n0:51429:51450 [3] NCCL INFO Channel 00/0 : 31[c7000] -> 27[c7000] [receive] via NET/AWS Libfabric/1
x3201c0s31b0n0:43226:43247 [3] NCCL INFO Channel 04 : 35[c7000] -> 34[85000] via P2P/IPC/read
x3201c0s7b0n0:49899:49921 [3] NCCL INFO Channel 04/0 : 59[c7000] -> 51[c7000] [receive] via NET/AWS Libfabric/1
x3201c0s19b0n0:46693:46718 [0] NCCL INFO Channel 05/0 : 8[7000] -> 0[7000] [send] via NET/AWS Libfabric/3
x3201c0s13b0n0:9773:9794 [0] NCCL INFO Channel 01/0 : 12[7000] -> 0[7000] [receive] via NET/AWS Libfabric/3
x3201c0s25b0n0:51426:51451 [0] NCCL INFO Channel 01/0 : 32[7000] -> 24[7000] [receive] via NET/AWS Libfabric/3
x3201c0s37b0n0:47715:47736 [3] NCCL INFO Channel 04/0 : 47[c7000] -> 43[c7000] [receive] via NET/AWS Libfabric/1
x3201c0s25b0n0:51429:51450 [3] NCCL INFO Channel 02/0 : 31[c7000] -> 27[c7000] [receive] via NET/AWS Libfabric/1
x3201c0s37b0n0:47712:47735 [0] NCCL INFO Channel 03/0 : 52[7000] -> 40[7000] [receive] via NET/AWS Libfabric/3
x3201c0s1b1n0:52518:52537 [3] NCCL INFO Channel 02/0 : 23[c7000] -> 19[c7000] [send] via NET/AWS Libfabric/1
x3201c0s37b1n0:49400:49420 [3] NCCL INFO Channel 04/0 : 59[c7000] -> 47[c7000] [receive] via NET/AWS Libfabric/1
x3201c0s31b1n0:34758:34775 [3] NCCL INFO Channel 04/0 : 47[c7000] -> 39[c7000] [receive] via NET/AWS Libfabric/1
x3201c0s7b1n0:54435:54455 [3] NCCL INFO Channel 04/0 : 59[c7000] -> 55[c7000] [receive] via NET/AWS Libfabric/1
x3201c0s25b1n0:54978:55005 [0] NCCL INFO Channel 01/0 : 28[7000] -> 24[7000] [send] via NET/AWS Libfabric/3
x3201c0s1b1n0:52518:52537 [3] NCCL INFO Channel 04/0 : 23[c7000] -> 19[c7000] [send] via NET/AWS Libfabric/1
x3201c0s31b0n0:43226:43247 [3] NCCL INFO Channel 05 : 35[c7000] -> 34[85000] via P2P/IPC/read
x3202c0s13b1n0:25646:25671 [0] NCCL INFO Channel 05/0 : 60[7000] -> 44[7000] [send] via NET/AWS Libfabric/3
x3201c0s25b0n0:51426:51451 [0] NCCL INFO Channel 05/0 : 32[7000] -> 24[7000] [receive] via NET/AWS Libfabric/3
x3201c0s19b1n0:53053:53075 [3] NCCL INFO Channel 00/0 : 19[c7000] -> 15[c7000] [receive] via NET/AWS Libfabric/1
x3202c0s13b0n0:25419:25438 [3] NCCL INFO Channel 00/0 : 59[c7000] -> 51[c7000] [send] via NET/AWS Libfabric/1
x3201c0s7b1n0:54435:54455 [3] NCCL INFO Channel 00/0 : 55[c7000] -> 51[c7000] [send] via NET/AWS Libfabric/1
x3201c0s1b0n0:51755:51781 [0] NCCL INFO Channel 03/0 : 20[7000] -> 16[7000] [receive] via NET/AWS Libfabric/3
x3201c0s37b1n0:49397:49422 [0] NCCL INFO Channel 05/0 : 56[7000] -> 44[7000] [receive] via NET/AWS Libfabric/3
x3201c0s25b1n0:54981:55002 [3] NCCL INFO Channel 04 : 31[c7000] -> 30[85000] via P2P/IPC/read
x3201c0s25b1n0:54981:55002 [3] NCCL INFO Channel 05 : 31[c7000] -> 30[85000] via P2P/IPC/read
x3201c0s25b1n0:54981:55002 [3] NCCL INFO Connected 1 MSCCL algorithms
x3201c0s25b1n0:54981:55002 [3] NCCL INFO NCCL_NTHREADS set by environment to 512.
x3201c0s25b1n0:54981:55002 [3] NCCL INFO NCCL_PROTO set by environment to Simple
x3201c0s25b1n0:54981:55002 [3] NCCL INFO NCCL_ALGO set by environment to MSCCL,TREE,RING
x3201c0s25b1n0:54981:55002 [3] NCCL INFO threadThresholds 8/8/64 | 512/8/64 | 8/8/64 | 8/8/512
x3201c0s25b1n0:54981:55002 [3] NCCL INFO 6 coll channels, 4 p2p channels, 2 p2p channels per peer
x3201c0s25b1n0:54980:55004 [2] NCCL INFO Connected 1 MSCCL algorithms
x3201c0s25b1n0:54980:55004 [2] NCCL INFO NCCL_NTHREADS set by environment to 512.
x3201c0s25b1n0:54980:55004 [2] NCCL INFO NCCL_PROTO set by environment to Simple
x3201c0s25b1n0:54980:55004 [2] NCCL INFO NCCL_ALGO set by environment to MSCCL,TREE,RING
x3201c0s25b1n0:54980:55004 [2] NCCL INFO threadThresholds 8/8/64 | 512/8/64 | 8/8/64 | 8/8/512
x3201c0s25b1n0:54980:55004 [2] NCCL INFO 6 coll channels, 4 p2p channels, 2 p2p channels per peer
x3201c0s13b1n0:55491:55516 [0] NCCL INFO Channel 03/0 : 8[7000] -> 4[7000] [receive] via NET/AWS Libfabric/3
x3201c0s25b0n0:51429:51450 [3] NCCL INFO Channel 04 : 27[c7000] -> 26[85000] via P2P/IPC/read
x3201c0s37b0n0:47715:47736 [3] NCCL INFO Channel 00/0 : 43[c7000] -> 39[c7000] [send] via NET/AWS Libfabric/1
x3201c0s25b1n0:54978:55005 [0] NCCL INFO Channel 03/0 : 28[7000] -> 24[7000] [send] via NET/AWS Libfabric/3
x3201c0s19b0n0:46696:46717 [3] NCCL INFO Channel 02/0 : 11[c7000] -> 7[c7000] [send] via NET/AWS Libfabric/1
x3201c0s25b0n0:51429:51450 [3] NCCL INFO Channel 05 : 27[c7000] -> 26[85000] via P2P/IPC/read
x3201c0s31b0n0:43226:43247 [3] NCCL INFO Connected 1 MSCCL algorithms
x3201c0s31b0n0:43226:43247 [3] NCCL INFO NCCL_NTHREADS set by environment to 512.
x3201c0s31b0n0:43226:43247 [3] NCCL INFO NCCL_PROTO set by environment to Simple
x3201c0s31b0n0:43226:43247 [3] NCCL INFO NCCL_ALGO set by environment to MSCCL,TREE,RING
x3201c0s31b0n0:43226:43247 [3] NCCL INFO threadThresholds 8/8/64 | 512/8/64 | 8/8/64 | 8/8/512
x3201c0s31b0n0:43226:43247 [3] NCCL INFO 6 coll channels, 4 p2p channels, 2 p2p channels per peer
x3201c0s31b0n0:43225:43248 [2] NCCL INFO Connected 1 MSCCL algorithms
x3201c0s31b0n0:43225:43248 [2] NCCL INFO NCCL_NTHREADS set by environment to 512.
x3201c0s31b0n0:43225:43248 [2] NCCL INFO NCCL_PROTO set by environment to Simple
x3201c0s31b0n0:43225:43248 [2] NCCL INFO NCCL_ALGO set by environment to MSCCL,TREE,RING
x3201c0s31b0n0:43225:43248 [2] NCCL INFO threadThresholds 8/8/64 | 512/8/64 | 8/8/64 | 8/8/512
x3201c0s31b0n0:43225:43248 [2] NCCL INFO 6 coll channels, 4 p2p channels, 2 p2p channels per peer
x3201c0s25b0n0:51428:51448 [2] NCCL INFO Connected 1 MSCCL algorithms
x3201c0s25b0n0:51428:51448 [2] NCCL INFO NCCL_NTHREADS set by environment to 512.
x3201c0s25b0n0:51428:51448 [2] NCCL INFO NCCL_PROTO set by environment to Simple
x3201c0s25b0n0:51428:51448 [2] NCCL INFO NCCL_ALGO set by environment to MSCCL,TREE,RING
x3201c0s25b0n0:51428:51448 [2] NCCL INFO threadThresholds 8/8/64 | 512/8/64 | 8/8/64 | 8/8/512
x3201c0s25b0n0:51428:51448 [2] NCCL INFO 6 coll channels, 4 p2p channels, 2 p2p channels per peer
x3201c0s25b0n0:51429:51450 [3] NCCL INFO Connected 1 MSCCL algorithms
x3201c0s25b0n0:51429:51450 [3] NCCL INFO NCCL_NTHREADS set by environment to 512.
x3201c0s25b0n0:51429:51450 [3] NCCL INFO NCCL_PROTO set by environment to Simple
x3201c0s25b0n0:51429:51450 [3] NCCL INFO NCCL_ALGO set by environment to MSCCL,TREE,RING
x3201c0s25b0n0:51429:51450 [3] NCCL INFO threadThresholds 8/8/64 | 512/8/64 | 8/8/64 | 8/8/512
x3201c0s25b0n0:51429:51450 [3] NCCL INFO 6 coll channels, 4 p2p channels, 2 p2p channels per peer
x3201c0s1b1n0:52518:52537 [3] NCCL INFO Channel 04 : 23[c7000] -> 22[85000] via P2P/IPC/read
x3201c0s31b1n0:34751:34778 [0] NCCL INFO Channel 01/0 : 48[7000] -> 36[7000] [receive] via NET/AWS Libfabric/3
x3201c0s1b1n0:52518:52537 [3] NCCL INFO Channel 05 : 23[c7000] -> 22[85000] via P2P/IPC/read
x3201c0s19b1n0:53053:53075 [3] NCCL INFO Channel 02/0 : 19[c7000] -> 15[c7000] [receive] via NET/AWS Libfabric/1
x3201c0s1b1n0:52517:52539 [2] NCCL INFO Connected 1 MSCCL algorithms
x3201c0s1b1n0:52517:52539 [2] NCCL INFO NCCL_NTHREADS set by environment to 512.
x3201c0s1b1n0:52517:52539 [2] NCCL INFO NCCL_PROTO set by environment to Simple
x3201c0s1b1n0:52517:52539 [2] NCCL INFO NCCL_ALGO set by environment to MSCCL,TREE,RING
x3201c0s1b1n0:52517:52539 [2] NCCL INFO threadThresholds 8/8/64 | 512/8/64 | 8/8/64 | 8/8/512
x3201c0s1b1n0:52517:52539 [2] NCCL INFO 6 coll channels, 4 p2p channels, 2 p2p channels per peer
x3201c0s1b1n0:52518:52537 [3] NCCL INFO Connected 1 MSCCL algorithms
x3201c0s1b1n0:52518:52537 [3] NCCL INFO NCCL_NTHREADS set by environment to 512.
x3201c0s1b1n0:52518:52537 [3] NCCL INFO NCCL_PROTO set by environment to Simple
x3201c0s1b1n0:52518:52537 [3] NCCL INFO NCCL_ALGO set by environment to MSCCL,TREE,RING
x3201c0s1b1n0:52518:52537 [3] NCCL INFO threadThresholds 8/8/64 | 512/8/64 | 8/8/64 | 8/8/512
x3201c0s1b1n0:52518:52537 [3] NCCL INFO 6 coll channels, 4 p2p channels, 2 p2p channels per peer
x3202c0s13b0n0:25419:25438 [3] NCCL INFO Channel 04/0 : 59[c7000] -> 51[c7000] [send] via NET/AWS Libfabric/1
x3201c0s37b0n0:47715:47736 [3] NCCL INFO Channel 02/0 : 43[c7000] -> 39[c7000] [send] via NET/AWS Libfabric/1
x3201c0s7b1n0:54432:54456 [0] NCCL INFO Channel 03/0 : 56[7000] -> 52[7000] [receive] via NET/AWS Libfabric/3
x3201c0s19b0n0:46696:46717 [3] NCCL INFO Channel 04/0 : 11[c7000] -> 7[c7000] [send] via NET/AWS Libfabric/1
x3201c0s37b0n0:47712:47735 [0] NCCL INFO Channel 03/0 : 44[7000] -> 40[7000] [receive] via NET/AWS Libfabric/3
x3201c0s37b1n0:49400:49420 [3] NCCL INFO Channel 00/0 : 47[c7000] -> 39[c7000] [send] via NET/AWS Libfabric/1
x3202c0s13b1n0:25646:25671 [0] NCCL INFO Connected 1 MSCCL algorithms
x3202c0s13b1n0:25646:25671 [0] NCCL INFO NCCL_NTHREADS set by environment to 512.
x3202c0s13b1n0:25646:25671 [0] NCCL INFO NCCL_PROTO set by environment to Simple
x3202c0s13b1n0:25646:25671 [0] NCCL INFO NCCL_ALGO set by environment to MSCCL,TREE,RING
x3202c0s13b1n0:25646:25671 [0] NCCL INFO threadThresholds 8/8/64 | 512/8/64 | 8/8/64 | 8/8/512
x3202c0s13b1n0:25646:25671 [0] NCCL INFO 6 coll channels, 4 p2p channels, 2 p2p channels per peer
x3201c0s13b0n0:9773:9794 [0] NCCL INFO Channel 01/0 : 8[7000] -> 0[7000] [receive] via NET/AWS Libfabric/3
x3201c0s13b0n0:9776:9795 [3] NCCL INFO Channel 00/0 : 7[c7000] -> 3[c7000] [receive] via NET/AWS Libfabric/1
x3202c0s13b0n0:25415:25439 [0] NCCL INFO Channel 01/0 : 56[7000] -> 48[7000] [send] via NET/AWS Libfabric/3
x3201c0s1b0n0:51755:51781 [0] NCCL INFO Channel 05/0 : 20[7000] -> 16[7000] [receive] via NET/AWS Libfabric/3
x3202c0s13b1n0:25647:25670 [1] NCCL INFO Connected 1 MSCCL algorithms
x3201c0s19b1n0:53050:53077 [0] NCCL INFO Channel 01/0 : 20[7000] -> 12[7000] [receive] via NET/AWS Libfabric/3
x3201c0s7b1n0:54435:54455 [3] NCCL INFO Channel 02/0 : 55[c7000] -> 51[c7000] [send] via NET/AWS Libfabric/1
x3201c0s13b1n0:55491:55516 [0] NCCL INFO Channel 05/0 : 8[7000] -> 4[7000] [receive] via NET/AWS Libfabric/3
x3201c0s37b1n0:49397:49422 [0] NCCL INFO Channel 01/0 : 44[7000] -> 36[7000] [send] via NET/AWS Libfabric/3
x3201c0s19b0n0:46696:46717 [3] NCCL INFO Channel 04 : 11[c7000] -> 10[85000] via P2P/IPC/read
x3202c0s13b1n0:25647:25670 [1] NCCL INFO NCCL_NTHREADS set by environment to 512.
x3202c0s13b1n0:25647:25670 [1] NCCL INFO NCCL_PROTO set by environment to Simple
x3202c0s13b1n0:25647:25670 [1] NCCL INFO NCCL_ALGO set by environment to MSCCL,TREE,RING
x3202c0s13b1n0:25647:25670 [1] NCCL INFO threadThresholds 8/8/64 | 512/8/64 | 8/8/64 | 8/8/512
x3202c0s13b1n0:25647:25670 [1] NCCL INFO 6 coll channels, 4 p2p channels, 2 p2p channels per peer
x3201c0s13b0n0:9773:9794 [0] NCCL INFO Channel 05/0 : 8[7000] -> 0[7000] [receive] via NET/AWS Libfabric/3
x3201c0s37b1n0:49400:49420 [3] NCCL INFO Channel 04/0 : 47[c7000] -> 39[c7000] [send] via NET/AWS Libfabric/1
x3201c0s19b1n0:53050:53077 [0] NCCL INFO Channel 05/0 : 20[7000] -> 12[7000] [receive] via NET/AWS Libfabric/3
x3201c0s1b0n0:51758:51779 [3] NCCL INFO Channel 04 : 19[c7000] -> 18[85000] via P2P/IPC/read
x3201c0s19b1n0:53053:53075 [3] NCCL INFO Channel 04 : 15[c7000] -> 14[85000] via P2P/IPC/read
x3201c0s7b0n0:49896:49922 [0] NCCL INFO Channel 01/0 : 56[7000] -> 48[7000] [receive] via NET/AWS Libfabric/3
x3201c0s13b0n0:9776:9795 [3] NCCL INFO Channel 02/0 : 7[c7000] -> 3[c7000] [receive] via NET/AWS Libfabric/1
x3201c0s31b0n0:43223:43249 [0] NCCL INFO Channel 03/0 : 32[7000] -> 28[7000] [send] via NET/AWS Libfabric/3
x3202c0s13b0n0:25415:25439 [0] NCCL INFO Channel 05/0 : 56[7000] -> 48[7000] [send] via NET/AWS Libfabric/3
x3201c0s7b1n0:54432:54456 [0] NCCL INFO Channel 05/0 : 56[7000] -> 52[7000] [receive] via NET/AWS Libfabric/3
x3201c0s19b0n0:46696:46717 [3] NCCL INFO Channel 05 : 11[c7000] -> 10[85000] via P2P/IPC/read
x3202c0s13b0n0:25419:25438 [3] NCCL INFO Channel 02/0 : 59[c7000] -> 55[c7000] [send] via NET/AWS Libfabric/1
x3201c0s31b0n0:43223:43249 [0] NCCL INFO Channel 05/0 : 32[7000] -> 28[7000] [send] via NET/AWS Libfabric/3
x3201c0s1b0n0:51755:51781 [0] NCCL INFO Channel 01/0 : 16[7000] -> 12[7000] [send] via NET/AWS Libfabric/3
x3201c0s1b0n0:51758:51779 [3] NCCL INFO Channel 05 : 19[c7000] -> 18[85000] via P2P/IPC/read
x3201c0s19b0n0:46696:46717 [3] NCCL INFO Connected 1 MSCCL algorithms
x3201c0s19b0n0:46696:46717 [3] NCCL INFO NCCL_NTHREADS set by environment to 512.
x3201c0s19b0n0:46696:46717 [3] NCCL INFO NCCL_PROTO set by environment to Simple
x3201c0s19b0n0:46696:46717 [3] NCCL INFO NCCL_ALGO set by environment to MSCCL,TREE,RING
x3201c0s19b0n0:46696:46717 [3] NCCL INFO threadThresholds 8/8/64 | 512/8/64 | 8/8/64 | 8/8/512
x3201c0s19b0n0:46696:46717 [3] NCCL INFO 6 coll channels, 4 p2p channels, 2 p2p channels per peer
x3201c0s19b0n0:46695:46715 [2] NCCL INFO Connected 1 MSCCL algorithms
x3201c0s19b0n0:46695:46715 [2] NCCL INFO NCCL_NTHREADS set by environment to 512.
x3201c0s19b0n0:46695:46715 [2] NCCL INFO NCCL_PROTO set by environment to Simple
x3201c0s19b0n0:46695:46715 [2] NCCL INFO NCCL_ALGO set by environment to MSCCL,TREE,RING
x3201c0s19b0n0:46695:46715 [2] NCCL INFO threadThresholds 8/8/64 | 512/8/64 | 8/8/64 | 8/8/512
x3201c0s19b0n0:46695:46715 [2] NCCL INFO 6 coll channels, 4 p2p channels, 2 p2p channels per peer
