x3201c0s31b1n0:30645:30670 [0] NCCL INFO Channel 01/0 : 36[7000] -> 40[7000] [send] via NET/AWS Libfabric/3
x3202c0s13b0n0:21681:21701 [2] NCCL INFO Connected all trees
x3202c0s13b0n0:21681:21701 [2] NCCL INFO MSCCL_XML_FILES set by environment to /home/yuke/ncclPG/CCL-LYD/msccl_tools_lyd/examples/xml/xml_lyd/trinomial_tree/allreduce_trinomial_tree_2ch_64chunk_64gpus.xml
x3202c0s13b0n0:21681:21701 [2] NCCL INFO MSCCL: Parsing algorithm /home/yuke/ncclPG/CCL-LYD/msccl_tools_lyd/examples/xml/xml_lyd/trinomial_tree/allreduce_trinomial_tree_2ch_64chunk_64gpus.xml
x3202c0s13b0n0:21679:21700 [1] NCCL INFO Connected all trees
x3202c0s13b0n0:21679:21700 [1] NCCL INFO MSCCL_XML_FILES set by environment to /home/yuke/ncclPG/CCL-LYD/msccl_tools_lyd/examples/xml/xml_lyd/trinomial_tree/allreduce_trinomial_tree_2ch_64chunk_64gpus.xml
x3202c0s13b0n0:21679:21700 [1] NCCL INFO MSCCL: Parsing algorithm /home/yuke/ncclPG/CCL-LYD/msccl_tools_lyd/examples/xml/xml_lyd/trinomial_tree/allreduce_trinomial_tree_2ch_64chunk_64gpus.xml
x3201c0s19b0n0:42611:42636 [0] NCCL INFO Channel 03/0 : 4[7000] -> 8[7000] [receive] via NET/AWS Libfabric/3
x3201c0s1b0n0:47660:47685 [0] NCCL INFO Channel 05/0 : 16[7000] -> 20[7000] [send] via NET/AWS Libfabric/3
x3201c0s31b0n0:39082:39101 [2] NCCL INFO Channel 04 : 34[85000] -> 33[46000] via P2P/IPC/read
x3201c0s31b0n0:39083:39103 [3] NCCL INFO Channel 02/0 : 31[c7000] -> 35[c7000] [receive] via NET/AWS Libfabric/1
x3201c0s31b0n0:39081:39100 [1] NCCL INFO Channel 05 : 33[46000] -> 32[7000] via P2P/IPC/read
x3201c0s19b1n0:48890:48913 [0] NCCL INFO Channel 03/0 : 12[7000] -> 16[7000] [send] via NET/AWS Libfabric/3
x3201c0s7b0n0:46147:46172 [2] NCCL INFO Channel 04 : 50[85000] -> 49[46000] via P2P/IPC/read
x3201c0s7b0n0:46147:46172 [2] NCCL INFO Channel 05 : 50[85000] -> 49[46000] via P2P/IPC/read
x3201c0s31b0n0:39080:39102 [0] NCCL INFO Channel 05/0 : 28[7000] -> 32[7000] [receive] via NET/AWS Libfabric/3
x3201c0s31b1n0:30645:30670 [0] NCCL INFO Channel 03/0 : 36[7000] -> 40[7000] [send] via NET/AWS Libfabric/3
x3201c0s31b0n0:39083:39103 [3] NCCL INFO Channel 04/0 : 31[c7000] -> 35[c7000] [receive] via NET/AWS Libfabric/1
x3201c0s25b0n0:47300:47323 [2] NCCL INFO Parsed MSCCL Algorithm /home/yuke/ncclPG/CCL-LYD/msccl_tools_lyd/examples/xml/xml_lyd/trinomial_tree/allreduce_trinomial_tree_2ch_64chunk_64gpus.xml successfully.
x3201c0s13b1n0:51354:51379 [2] NCCL INFO Channel 05 : 6[85000] -> 7[c7000] via P2P/IPC/read
x3201c0s25b1n0:50840:50860 [3] NCCL INFO Channel 00/0 : 27[c7000] -> 31[c7000] [receive] via NET/AWS Libfabric/1
x3201c0s25b1n0:50839:50861 [2] NCCL INFO Channel 04 : 30[85000] -> 29[46000] via P2P/IPC/read
x3201c0s25b1n0:50839:50861 [2] NCCL INFO Channel 05 : 30[85000] -> 29[46000] via P2P/IPC/read
x3201c0s7b1n0:50671:50695 [1] NCCL INFO Channel 04 : 53[46000] -> 54[85000] via P2P/IPC/read
x3201c0s1b1n0:48335:48355 [2] NCCL INFO Channel 04 : 22[85000] -> 21[46000] via P2P/IPC/read
x3201c0s1b1n0:48335:48355 [2] NCCL INFO Channel 05 : 22[85000] -> 21[46000] via P2P/IPC/read
x3201c0s19b1n0:48891:48914 [1] NCCL INFO Channel 05 : 13[46000] -> 12[7000] via P2P/IPC/read
x3201c0s7b1n0:50672:50696 [2] NCCL INFO Channel 04 : 54[85000] -> 55[c7000] via P2P/IPC/read
x3201c0s7b1n0:50673:50694 [3] NCCL INFO Parsed MSCCL Algorithm /home/yuke/ncclPG/CCL-LYD/msccl_tools_lyd/examples/xml/xml_lyd/trinomial_tree/allreduce_trinomial_tree_2ch_64chunk_64gpus.xml successfully.
x3201c0s7b0n0:46148:46171 [3] NCCL INFO Channel 00/0 : 51[c7000] -> 55[c7000] [send] via NET/AWS Libfabric/1
x3201c0s25b0n0:47299:47322 [1] NCCL INFO Parsed MSCCL Algorithm /home/yuke/ncclPG/CCL-LYD/msccl_tools_lyd/examples/xml/xml_lyd/trinomial_tree/allreduce_trinomial_tree_2ch_64chunk_64gpus.xml successfully.
x3201c0s31b1n0:30646:30669 [1] NCCL INFO Channel 04 : 37[46000] -> 36[7000] via P2P/IPC/read
x3201c0s31b1n0:30646:30669 [1] NCCL INFO Channel 05 : 37[46000] -> 36[7000] via P2P/IPC/read
x3201c0s25b1n0:50837:50862 [0] NCCL INFO Channel 01/0 : 24[7000] -> 28[7000] [receive] via NET/AWS Libfabric/3
x3201c0s19b0n0:42611:42636 [0] NCCL INFO Channel 05/0 : 4[7000] -> 8[7000] [receive] via NET/AWS Libfabric/3
x3201c0s13b1n0:51352:51380 [0] NCCL INFO Channel 01/0 : 0[7000] -> 4[7000] [receive] via NET/AWS Libfabric/3
x3201c0s1b1n0:48333:48358 [0] NCCL INFO Channel 03/0 : 16[7000] -> 20[7000] [receive] via NET/AWS Libfabric/3
x3201c0s31b0n0:39082:39101 [2] NCCL INFO Channel 05 : 34[85000] -> 33[46000] via P2P/IPC/read
x3201c0s37b1n0:45637:45658 [2] NCCL INFO Channel 04 : 46[85000] -> 45[46000] via P2P/IPC/read
x3201c0s13b0n0:1781:1802 [0] NCCL INFO Channel 01/0 : 0[7000] -> 4[7000] [send] via NET/AWS Libfabric/3
x3201c0s25b1n0:50840:50860 [3] NCCL INFO Channel 02/0 : 27[c7000] -> 31[c7000] [receive] via NET/AWS Libfabric/1
x3201c0s1b1n0:48336:48357 [3] NCCL INFO Channel 02/0 : 19[c7000] -> 23[c7000] [receive] via NET/AWS Libfabric/1
x3201c0s7b0n0:46148:46171 [3] NCCL INFO Channel 02/0 : 51[c7000] -> 55[c7000] [send] via NET/AWS Libfabric/1
x3201c0s1b0n0:47663:47684 [3] NCCL INFO Channel 02/0 : 19[c7000] -> 23[c7000] [send] via NET/AWS Libfabric/1
x3202c0s13b1n0:20750:20774 [2] NCCL INFO Channel 04 : 62[85000] -> 61[46000] via P2P/IPC/read
x3202c0s13b1n0:20750:20774 [2] NCCL INFO Channel 05 : 62[85000] -> 61[46000] via P2P/IPC/read
x3201c0s25b1n0:50838:50863 [1] NCCL INFO Channel 04 : 29[46000] -> 28[7000] via P2P/IPC/read
x3201c0s13b1n0:51355:51378 [3] NCCL INFO Channel 00/0 : 3[c7000] -> 7[c7000] [receive] via NET/AWS Libfabric/1
x3201c0s37b1n0:45637:45658 [2] NCCL INFO Channel 05 : 46[85000] -> 45[46000] via P2P/IPC/read
x3201c0s13b1n0:51355:51378 [3] NCCL INFO Channel 02/0 : 3[c7000] -> 7[c7000] [receive] via NET/AWS Libfabric/1
x3201c0s13b1n0:51355:51378 [3] NCCL INFO Channel 02/0 : 7[c7000] -> 11[c7000] [send] via NET/AWS Libfabric/1
x3201c0s13b1n0:51355:51378 [3] NCCL INFO Channel 04/0 : 7[c7000] -> 11[c7000] [send] via NET/AWS Libfabric/1
x3201c0s7b1n0:50671:50695 [1] NCCL INFO Channel 05 : 53[46000] -> 54[85000] via P2P/IPC/read
x3201c0s7b1n0:50672:50696 [2] NCCL INFO Channel 05 : 54[85000] -> 55[c7000] via P2P/IPC/read
x3201c0s25b1n0:50837:50862 [0] NCCL INFO Channel 03/0 : 24[7000] -> 28[7000] [receive] via NET/AWS Libfabric/3
x3201c0s13b0n0:1782:1805 [1] NCCL INFO Channel 04 : 1[46000] -> 0[7000] via P2P/IPC/read
x3201c0s13b0n0:1781:1802 [0] NCCL INFO Channel 03/0 : 0[7000] -> 4[7000] [send] via NET/AWS Libfabric/3
x3201c0s37b1n0:45639:45659 [3] NCCL INFO Channel 02/0 : 43[c7000] -> 47[c7000] [receive] via NET/AWS Libfabric/1
x3201c0s1b0n0:47663:47684 [3] NCCL INFO Channel 04/0 : 19[c7000] -> 23[c7000] [send] via NET/AWS Libfabric/1
x3202c0s13b1n0:20751:20773 [3] NCCL INFO Channel 04/0 : 47[c7000] -> 63[c7000] [receive] via NET/AWS Libfabric/1
x3201c0s1b1n0:48333:48358 [0] NCCL INFO Channel 05/0 : 16[7000] -> 20[7000] [receive] via NET/AWS Libfabric/3
x3201c0s13b1n0:51352:51380 [0] NCCL INFO Channel 03/0 : 0[7000] -> 4[7000] [receive] via NET/AWS Libfabric/3
x3201c0s25b0n0:47299:47322 [1] NCCL INFO Channel 04 : 25[46000] -> 26[85000] via P2P/IPC/read
x3201c0s13b1n0:51353:51377 [1] NCCL INFO Channel 04 : 5[46000] -> 4[7000] via P2P/IPC/read
x3201c0s13b1n0:51353:51377 [1] NCCL INFO Channel 05 : 5[46000] -> 4[7000] via P2P/IPC/read
x3201c0s31b1n0:30648:30668 [2] NCCL INFO Channel 04 : 38[85000] -> 37[46000] via P2P/IPC/read
x3201c0s37b0n0:43934:43953 [2] NCCL INFO Parsed MSCCL Algorithm /home/yuke/ncclPG/CCL-LYD/msccl_tools_lyd/examples/xml/xml_lyd/trinomial_tree/allreduce_trinomial_tree_2ch_64chunk_64gpus.xml successfully.
x3201c0s1b1n0:48336:48357 [3] NCCL INFO Channel 04/0 : 19[c7000] -> 23[c7000] [receive] via NET/AWS Libfabric/1
x3201c0s13b0n0:1782:1805 [1] NCCL INFO Channel 05 : 1[46000] -> 0[7000] via P2P/IPC/read
x3201c0s25b0n0:47300:47323 [2] NCCL INFO Channel 04 : 26[85000] -> 27[c7000] via P2P/IPC/read
x3201c0s31b1n0:30650:30667 [3] NCCL INFO Channel 00/0 : 39[c7000] -> 43[c7000] [send] via NET/AWS Libfabric/1
x3201c0s37b0n0:43933:43954 [1] NCCL INFO Parsed MSCCL Algorithm /home/yuke/ncclPG/CCL-LYD/msccl_tools_lyd/examples/xml/xml_lyd/trinomial_tree/allreduce_trinomial_tree_2ch_64chunk_64gpus.xml successfully.
x3201c0s19b1n0:48890:48913 [0] NCCL INFO Channel 01/0 : 12[7000] -> 20[7000] [send] via NET/AWS Libfabric/3
x3201c0s25b1n0:50838:50863 [1] NCCL INFO Channel 05 : 29[46000] -> 28[7000] via P2P/IPC/read
x3201c0s7b1n0:50670:50697 [0] NCCL INFO Channel 01/0 : 48[7000] -> 52[7000] [receive] via NET/AWS Libfabric/3
x3201c0s37b1n0:45639:45659 [3] NCCL INFO Channel 04/0 : 43[c7000] -> 47[c7000] [receive] via NET/AWS Libfabric/1
x3201c0s31b1n0:30650:30667 [3] NCCL INFO Channel 02/0 : 39[c7000] -> 43[c7000] [send] via NET/AWS Libfabric/1
x3201c0s25b1n0:50840:50860 [3] NCCL INFO Channel 02/0 : 31[c7000] -> 35[c7000] [send] via NET/AWS Libfabric/1
x3201c0s19b1n0:48890:48913 [0] NCCL INFO Channel 05/0 : 12[7000] -> 20[7000] [send] via NET/AWS Libfabric/3
x3201c0s25b0n0:47299:47322 [1] NCCL INFO Channel 05 : 25[46000] -> 26[85000] via P2P/IPC/read
x3202c0s13b0n0:21681:21701 [2] NCCL INFO Parsed MSCCL Algorithm /home/yuke/ncclPG/CCL-LYD/msccl_tools_lyd/examples/xml/xml_lyd/trinomial_tree/allreduce_trinomial_tree_2ch_64chunk_64gpus.xml successfully.
x3201c0s25b1n0:50837:50862 [0] NCCL INFO Channel 03/0 : 28[7000] -> 32[7000] [send] via NET/AWS Libfabric/3
x3201c0s25b1n0:50840:50860 [3] NCCL INFO Channel 04/0 : 31[c7000] -> 35[c7000] [send] via NET/AWS Libfabric/1
x3201c0s25b0n0:47300:47323 [2] NCCL INFO Channel 05 : 26[85000] -> 27[c7000] via P2P/IPC/read
x3201c0s19b0n0:42614:42634 [3] NCCL INFO Channel 00/0 : 3[c7000] -> 11[c7000] [receive] via NET/AWS Libfabric/1
x3201c0s13b1n0:51352:51380 [0] NCCL INFO Channel 03/0 : 4[7000] -> 8[7000] [send] via NET/AWS Libfabric/3
x3201c0s13b1n0:51354:51379 [2] NCCL INFO Channel 04 : 6[85000] -> 5[46000] via P2P/IPC/read
x3201c0s25b1n0:50837:50862 [0] NCCL INFO Channel 05/0 : 28[7000] -> 32[7000] [send] via NET/AWS Libfabric/3
x3201c0s7b1n0:50670:50697 [0] NCCL INFO Channel 03/0 : 48[7000] -> 52[7000] [receive] via NET/AWS Libfabric/3
x3201c0s31b1n0:30648:30668 [2] NCCL INFO Channel 05 : 38[85000] -> 37[46000] via P2P/IPC/read
x3202c0s13b0n0:21679:21700 [1] NCCL INFO Parsed MSCCL Algorithm /home/yuke/ncclPG/CCL-LYD/msccl_tools_lyd/examples/xml/xml_lyd/trinomial_tree/allreduce_trinomial_tree_2ch_64chunk_64gpus.xml successfully.
x3201c0s7b1n0:50672:50696 [2] NCCL INFO Channel 04 : 54[85000] -> 53[46000] via P2P/IPC/read
x3201c0s13b1n0:51354:51379 [2] NCCL INFO Channel 05 : 6[85000] -> 5[46000] via P2P/IPC/read
x3201c0s13b1n0:51352:51380 [0] NCCL INFO Channel 05/0 : 4[7000] -> 8[7000] [send] via NET/AWS Libfabric/3
x3201c0s7b1n0:50673:50694 [3] NCCL INFO Channel 00/0 : 51[c7000] -> 55[c7000] [receive] via NET/AWS Libfabric/1
x3201c0s7b1n0:50671:50695 [1] NCCL INFO Channel 04 : 53[46000] -> 52[7000] via P2P/IPC/read
x3201c0s25b0n0:47301:47324 [3] NCCL INFO Channel 00/0 : 27[c7000] -> 31[c7000] [send] via NET/AWS Libfabric/1
x3201c0s25b0n0:47298:47321 [0] NCCL INFO Channel 01/0 : 24[7000] -> 28[7000] [send] via NET/AWS Libfabric/3
x3201c0s25b0n0:47301:47324 [3] NCCL INFO Channel 02/0 : 27[c7000] -> 31[c7000] [send] via NET/AWS Libfabric/1
x3201c0s7b1n0:50672:50696 [2] NCCL INFO Channel 05 : 54[85000] -> 53[46000] via P2P/IPC/read
x3201c0s19b1n0:48893:48915 [3] NCCL INFO Channel 00/0 : 15[c7000] -> 23[c7000] [send] via NET/AWS Libfabric/1
x3201c0s37b0n0:43934:43953 [2] NCCL INFO Channel 04 : 42[85000] -> 43[c7000] via P2P/IPC/read
x3201c0s7b1n0:50673:50694 [3] NCCL INFO Channel 02/0 : 51[c7000] -> 55[c7000] [receive] via NET/AWS Libfabric/1
x3201c0s7b1n0:50670:50697 [0] NCCL INFO Channel 03/0 : 52[7000] -> 56[7000] [send] via NET/AWS Libfabric/3
x3202c0s13b0n0:21681:21701 [2] NCCL INFO Channel 04 : 58[85000] -> 59[c7000] via P2P/IPC/read
x3201c0s13b1n0:51355:51378 [3] NCCL INFO Channel 02/0 : 7[c7000] -> 19[c7000] [send] via NET/AWS Libfabric/1
x3201c0s37b0n0:43933:43954 [1] NCCL INFO Channel 04 : 41[46000] -> 42[85000] via P2P/IPC/read
x3201c0s25b0n0:47298:47321 [0] NCCL INFO Channel 03/0 : 24[7000] -> 28[7000] [send] via NET/AWS Libfabric/3
x3201c0s25b0n0:47300:47323 [2] NCCL INFO Channel 04 : 26[85000] -> 25[46000] via P2P/IPC/read
x3201c0s7b1n0:50671:50695 [1] NCCL INFO Channel 05 : 53[46000] -> 52[7000] via P2P/IPC/read
x3201c0s19b0n0:42614:42634 [3] NCCL INFO Channel 04/0 : 3[c7000] -> 11[c7000] [receive] via NET/AWS Libfabric/1
x3201c0s19b1n0:48893:48915 [3] NCCL INFO Channel 04/0 : 15[c7000] -> 23[c7000] [send] via NET/AWS Libfabric/1
x3201c0s13b0n0:1784:1803 [3] NCCL INFO Channel 00/0 : 3[c7000] -> 11[c7000] [send] via NET/AWS Libfabric/1
x3201c0s25b0n0:47299:47322 [1] NCCL INFO Channel 04 : 25[46000] -> 24[7000] via P2P/IPC/read
x3201c0s1b1n0:48336:48357 [3] NCCL INFO Channel 00/0 : 15[c7000] -> 23[c7000] [receive] via NET/AWS Libfabric/1
x3201c0s1b1n0:48333:48358 [0] NCCL INFO Channel 01/0 : 12[7000] -> 20[7000] [receive] via NET/AWS Libfabric/3
x3202c0s13b0n0:21679:21700 [1] NCCL INFO Channel 04 : 57[46000] -> 58[85000] via P2P/IPC/read
x3201c0s7b1n0:50670:50697 [0] NCCL INFO Channel 05/0 : 52[7000] -> 56[7000] [send] via NET/AWS Libfabric/3
x3201c0s19b0n0:42611:42636 [0] NCCL INFO Channel 01/0 : 0[7000] -> 8[7000] [receive] via NET/AWS Libfabric/3
x3201c0s37b0n0:43933:43954 [1] NCCL INFO Channel 05 : 41[46000] -> 42[85000] via P2P/IPC/read
x3202c0s13b0n0:21679:21700 [1] NCCL INFO Channel 05 : 57[46000] -> 58[85000] via P2P/IPC/read
x3201c0s13b0n0:1784:1803 [3] NCCL INFO Channel 04/0 : 3[c7000] -> 11[c7000] [send] via NET/AWS Libfabric/1
x3201c0s25b0n0:47300:47323 [2] NCCL INFO Channel 05 : 26[85000] -> 25[46000] via P2P/IPC/read
x3201c0s1b1n0:48336:48357 [3] NCCL INFO Channel 04/0 : 15[c7000] -> 23[c7000] [receive] via NET/AWS Libfabric/1
x3201c0s25b0n0:47301:47324 [3] NCCL INFO Channel 00/0 : 27[c7000] -> 35[c7000] [send] via NET/AWS Libfabric/1
x3201c0s1b0n0:47660:47685 [0] NCCL INFO Channel 03/0 : 4[7000] -> 16[7000] [receive] via NET/AWS Libfabric/3
x3201c0s37b0n0:43934:43953 [2] NCCL INFO Channel 05 : 42[85000] -> 43[c7000] via P2P/IPC/read
x3202c0s13b0n0:21681:21701 [2] NCCL INFO Channel 05 : 58[85000] -> 59[c7000] via P2P/IPC/read
x3201c0s1b0n0:47663:47684 [3] NCCL INFO Channel 02/0 : 7[c7000] -> 19[c7000] [receive] via NET/AWS Libfabric/1
x3201c0s7b1n0:50673:50694 [3] NCCL INFO Channel 02/0 : 55[c7000] -> 59[c7000] [send] via NET/AWS Libfabric/1
x3201c0s25b0n0:47299:47322 [1] NCCL INFO Channel 05 : 25[46000] -> 24[7000] via P2P/IPC/read
x3201c0s7b1n0:50673:50694 [3] NCCL INFO Channel 04/0 : 55[c7000] -> 59[c7000] [send] via NET/AWS Libfabric/1
x3201c0s25b0n0:47301:47324 [3] NCCL INFO Channel 04/0 : 27[c7000] -> 35[c7000] [send] via NET/AWS Libfabric/1
x3201c0s1b1n0:48333:48358 [0] NCCL INFO Channel 05/0 : 12[7000] -> 20[7000] [receive] via NET/AWS Libfabric/3
x3201c0s13b1n0:51355:51378 [3] NCCL INFO Channel 02/0 : 7[c7000] -> 31[c7000] [send] via NET/AWS Libfabric/1
x3201c0s31b0n0:39083:39103 [3] NCCL INFO Channel 00/0 : 27[c7000] -> 35[c7000] [receive] via NET/AWS Libfabric/1
x3201c0s31b0n0:39080:39102 [0] NCCL INFO Channel 01/0 : 24[7000] -> 32[7000] [receive] via NET/AWS Libfabric/3
x3201c0s13b1n0:51352:51380 [0] NCCL INFO Channel 03/0 : 4[7000] -> 16[7000] [send] via NET/AWS Libfabric/3
x3201c0s25b0n0:47298:47321 [0] NCCL INFO Channel 01/0 : 24[7000] -> 32[7000] [send] via NET/AWS Libfabric/3
x3202c0s13b0n0:21679:21700 [1] NCCL INFO Channel 04 : 57[46000] -> 56[7000] via P2P/IPC/read
x3202c0s13b0n0:21679:21700 [1] NCCL INFO Channel 05 : 57[46000] -> 56[7000] via P2P/IPC/read
x3201c0s13b0n0:1781:1802 [0] NCCL INFO Channel 01/0 : 0[7000] -> 8[7000] [send] via NET/AWS Libfabric/3
x3201c0s19b0n0:42611:42636 [0] NCCL INFO Channel 05/0 : 0[7000] -> 8[7000] [receive] via NET/AWS Libfabric/3
x3201c0s13b0n0:1784:1803 [3] NCCL INFO Channel 00/0 : 3[c7000] -> 15[c7000] [send] via NET/AWS Libfabric/1
x3201c0s13b1n0:51352:51380 [0] NCCL INFO Channel 03/0 : 4[7000] -> 28[7000] [send] via NET/AWS Libfabric/3
x3201c0s7b0n0:46145:46170 [0] NCCL INFO Channel 01/0 : 48[7000] -> 56[7000] [send] via NET/AWS Libfabric/3
x3202c0s13b0n0:21678:21702 [0] NCCL INFO Channel 03/0 : 52[7000] -> 56[7000] [receive] via NET/AWS Libfabric/3
x3202c0s13b0n0:21681:21701 [2] NCCL INFO Channel 04 : 58[85000] -> 57[46000] via P2P/IPC/read
x3202c0s13b0n0:21683:21703 [3] NCCL INFO Channel 02/0 : 55[c7000] -> 59[c7000] [receive] via NET/AWS Libfabric/1
x3201c0s25b0n0:47298:47321 [0] NCCL INFO Channel 05/0 : 24[7000] -> 32[7000] [send] via NET/AWS Libfabric/3
x3201c0s1b0n0:47660:47685 [0] NCCL INFO Channel 03/0 : 16[7000] -> 4[7000] [send] via NET/AWS Libfabric/3
x3201c0s1b0n0:47663:47684 [3] NCCL INFO Channel 02/0 : 19[c7000] -> 7[c7000] [send] via NET/AWS Libfabric/1
x3201c0s37b0n0:43930:43955 [0] NCCL INFO Channel 01/0 : 36[7000] -> 40[7000] [receive] via NET/AWS Libfabric/3
x3201c0s13b0n0:1781:1802 [0] NCCL INFO Channel 05/0 : 0[7000] -> 8[7000] [send] via NET/AWS Libfabric/3
x3201c0s19b0n0:42614:42634 [3] NCCL INFO Channel 04/0 : 11[c7000] -> 23[c7000] [send] via NET/AWS Libfabric/1
x3201c0s37b0n0:43935:43952 [3] NCCL INFO Channel 00/0 : 39[c7000] -> 43[c7000] [receive] via NET/AWS Libfabric/1
x3201c0s25b1n0:50840:50860 [3] NCCL INFO Channel 02/0 : 7[c7000] -> 31[c7000] [receive] via NET/AWS Libfabric/1
x3201c0s7b0n0:46145:46170 [0] NCCL INFO Channel 05/0 : 48[7000] -> 56[7000] [send] via NET/AWS Libfabric/3
x3201c0s25b1n0:50837:50862 [0] NCCL INFO Channel 03/0 : 4[7000] -> 28[7000] [receive] via NET/AWS Libfabric/3
x3201c0s31b0n0:39083:39103 [3] NCCL INFO Channel 04/0 : 27[c7000] -> 35[c7000] [receive] via NET/AWS Libfabric/1
x3201c0s1b1n0:48336:48357 [3] NCCL INFO Channel 04/0 : 11[c7000] -> 23[c7000] [receive] via NET/AWS Libfabric/1
x3202c0s13b0n0:21681:21701 [2] NCCL INFO Channel 05 : 58[85000] -> 57[46000] via P2P/IPC/read
x3201c0s31b0n0:39080:39102 [0] NCCL INFO Channel 05/0 : 24[7000] -> 32[7000] [receive] via NET/AWS Libfabric/3
x3201c0s7b0n0:46148:46171 [3] NCCL INFO Channel 00/0 : 51[c7000] -> 59[c7000] [send] via NET/AWS Libfabric/1
x3201c0s37b0n0:43933:43954 [1] NCCL INFO Channel 04 : 41[46000] -> 40[7000] via P2P/IPC/read
x3201c0s19b1n0:48893:48915 [3] NCCL INFO Channel 00/0 : 3[c7000] -> 15[c7000] [receive] via NET/AWS Libfabric/1
x3201c0s37b0n0:43930:43955 [0] NCCL INFO Channel 03/0 : 36[7000] -> 40[7000] [receive] via NET/AWS Libfabric/3
x3202c0s13b0n0:21683:21703 [3] NCCL INFO Channel 04/0 : 55[c7000] -> 59[c7000] [receive] via NET/AWS Libfabric/1
x3202c0s13b0n0:21678:21702 [0] NCCL INFO Channel 05/0 : 52[7000] -> 56[7000] [receive] via NET/AWS Libfabric/3
x3201c0s7b0n0:46148:46171 [3] NCCL INFO Channel 04/0 : 51[c7000] -> 59[c7000] [send] via NET/AWS Libfabric/1
x3201c0s19b0n0:42614:42634 [3] NCCL INFO Channel 04/0 : 11[c7000] -> 35[c7000] [send] via NET/AWS Libfabric/1
x3201c0s37b0n0:43934:43953 [2] NCCL INFO Channel 04 : 42[85000] -> 41[46000] via P2P/IPC/read
x3201c0s37b0n0:43933:43954 [1] NCCL INFO Channel 05 : 41[46000] -> 40[7000] via P2P/IPC/read
x3201c0s19b1n0:48890:48913 [0] NCCL INFO Channel 01/0 : 0[7000] -> 12[7000] [receive] via NET/AWS Libfabric/3
x3201c0s13b0n0:1781:1802 [0] NCCL INFO Channel 01/0 : 0[7000] -> 12[7000] [send] via NET/AWS Libfabric/3
x3201c0s25b1n0:50840:50860 [3] NCCL INFO Channel 02/0 : 31[c7000] -> 7[c7000] [send] via NET/AWS Libfabric/1
x3201c0s25b1n0:50837:50862 [0] NCCL INFO Channel 03/0 : 28[7000] -> 4[7000] [send] via NET/AWS Libfabric/3
x3201c0s37b0n0:43935:43952 [3] NCCL INFO Channel 02/0 : 39[c7000] -> 43[c7000] [receive] via NET/AWS Libfabric/1
x3201c0s1b1n0:48336:48357 [3] NCCL INFO Channel 04/0 : 23[c7000] -> 11[c7000] [send] via NET/AWS Libfabric/1
x3201c0s1b1n0:48333:48358 [0] NCCL INFO Channel 05/0 : 8[7000] -> 20[7000] [receive] via NET/AWS Libfabric/3
x3201c0s37b0n0:43934:43953 [2] NCCL INFO Channel 05 : 42[85000] -> 41[46000] via P2P/IPC/read
x3201c0s37b0n0:43930:43955 [0] NCCL INFO Channel 03/0 : 40[7000] -> 44[7000] [send] via NET/AWS Libfabric/3
x3201c0s19b0n0:42611:42636 [0] NCCL INFO Channel 05/0 : 8[7000] -> 20[7000] [send] via NET/AWS Libfabric/3
x3201c0s13b1n0:51352:51380 [0] NCCL INFO Channel 03/0 : 40[7000] -> 4[7000] [receive] via NET/AWS Libfabric/3
x3201c0s13b0n0:1784:1803 [3] NCCL INFO Channel 00/0 : 3[c7000] -> 27[c7000] [send] via NET/AWS Libfabric/1
x3201c0s13b0n0:1781:1802 [0] NCCL INFO Channel 01/0 : 0[7000] -> 24[7000] [send] via NET/AWS Libfabric/3
x3201c0s13b1n0:51355:51378 [3] NCCL INFO Channel 02/0 : 43[c7000] -> 7[c7000] [receive] via NET/AWS Libfabric/1
x3201c0s31b0n0:39083:39103 [3] NCCL INFO Channel 04/0 : 11[c7000] -> 35[c7000] [receive] via NET/AWS Libfabric/1
x3201c0s25b0n0:47301:47324 [3] NCCL INFO Channel 00/0 : 3[c7000] -> 27[c7000] [receive] via NET/AWS Libfabric/1
x3201c0s19b0n0:42611:42636 [0] NCCL INFO Channel 05/0 : 8[7000] -> 32[7000] [send] via NET/AWS Libfabric/3
x3201c0s37b0n0:43930:43955 [0] NCCL INFO Channel 05/0 : 40[7000] -> 44[7000] [send] via NET/AWS Libfabric/3
x3201c0s25b0n0:47298:47321 [0] NCCL INFO Channel 01/0 : 0[7000] -> 24[7000] [receive] via NET/AWS Libfabric/3
x3201c0s31b0n0:39080:39102 [0] NCCL INFO Channel 05/0 : 8[7000] -> 32[7000] [receive] via NET/AWS Libfabric/3
x3201c0s19b1n0:48893:48915 [3] NCCL INFO Channel 00/0 : 15[c7000] -> 3[c7000] [send] via NET/AWS Libfabric/1
x3201c0s19b1n0:48890:48913 [0] NCCL INFO Channel 01/0 : 12[7000] -> 0[7000] [send] via NET/AWS Libfabric/3
x3201c0s37b0n0:43935:43952 [3] NCCL INFO Channel 02/0 : 43[c7000] -> 47[c7000] [send] via NET/AWS Libfabric/1
x3201c0s13b0n0:1784:1803 [3] NCCL INFO Channel 00/0 : 39[c7000] -> 3[c7000] [receive] via NET/AWS Libfabric/1
x3202c0s13b0n0:21683:21703 [3] NCCL INFO Channel 00/0 : 51[c7000] -> 59[c7000] [receive] via NET/AWS Libfabric/1
x3202c0s13b0n0:21678:21702 [0] NCCL INFO Channel 01/0 : 48[7000] -> 56[7000] [receive] via NET/AWS Libfabric/3
x3201c0s37b0n0:43935:43952 [3] NCCL INFO Channel 04/0 : 43[c7000] -> 47[c7000] [send] via NET/AWS Libfabric/1
x3201c0s7b1n0:50670:50697 [0] NCCL INFO Channel 03/0 : 40[7000] -> 52[7000] [receive] via NET/AWS Libfabric/3
x3201c0s1b1n0:48333:48358 [0] NCCL INFO Channel 05/0 : 20[7000] -> 8[7000] [send] via NET/AWS Libfabric/3
x3202c0s13b0n0:21683:21703 [3] NCCL INFO Channel 04/0 : 51[c7000] -> 59[c7000] [receive] via NET/AWS Libfabric/1
x3201c0s31b0n0:39083:39103 [3] NCCL INFO Channel 04/0 : 35[c7000] -> 11[c7000] [send] via NET/AWS Libfabric/1
x3201c0s25b0n0:47301:47324 [3] NCCL INFO Channel 00/0 : 27[c7000] -> 3[c7000] [send] via NET/AWS Libfabric/1
x3201c0s19b0n0:42611:42636 [0] NCCL INFO Channel 05/0 : 44[7000] -> 8[7000] [receive] via NET/AWS Libfabric/3
x3201c0s7b1n0:50673:50694 [3] NCCL INFO Channel 02/0 : 43[c7000] -> 55[c7000] [receive] via NET/AWS Libfabric/1
x3202c0s13b0n0:21678:21702 [0] NCCL INFO Channel 05/0 : 48[7000] -> 56[7000] [receive] via NET/AWS Libfabric/3
x3201c0s37b1n0:45633:45656 [0] NCCL INFO Channel 01/0 : 36[7000] -> 44[7000] [receive] via NET/AWS Libfabric/3
x3201c0s31b0n0:39080:39102 [0] NCCL INFO Channel 05/0 : 32[7000] -> 8[7000] [send] via NET/AWS Libfabric/3
x3201c0s19b0n0:42614:42634 [3] NCCL INFO Channel 04/0 : 47[c7000] -> 11[c7000] [receive] via NET/AWS Libfabric/1
x3201c0s25b0n0:47298:47321 [0] NCCL INFO Channel 01/0 : 24[7000] -> 0[7000] [send] via NET/AWS Libfabric/3
x3201c0s31b1n0:30645:30670 [0] NCCL INFO Channel 01/0 : 36[7000] -> 44[7000] [send] via NET/AWS Libfabric/3
x3201c0s37b1n0:45639:45659 [3] NCCL INFO Channel 00/0 : 39[c7000] -> 47[c7000] [receive] via NET/AWS Libfabric/1
x3201c0s13b0n0:1781:1802 [0] NCCL INFO Channel 01/0 : 36[7000] -> 0[7000] [receive] via NET/AWS Libfabric/3
x3201c0s31b1n0:30645:30670 [0] NCCL INFO Channel 05/0 : 36[7000] -> 44[7000] [send] via NET/AWS Libfabric/3
x3201c0s37b1n0:45633:45656 [0] NCCL INFO Channel 05/0 : 36[7000] -> 44[7000] [receive] via NET/AWS Libfabric/3
x3201c0s37b0n0:43935:43952 [3] NCCL INFO Channel 02/0 : 43[c7000] -> 55[c7000] [send] via NET/AWS Libfabric/1
x3201c0s31b1n0:30650:30667 [3] NCCL INFO Channel 00/0 : 39[c7000] -> 47[c7000] [send] via NET/AWS Libfabric/1
x3201c0s7b0n0:46148:46171 [3] NCCL INFO Channel 00/0 : 39[c7000] -> 51[c7000] [receive] via NET/AWS Libfabric/1
x3201c0s31b1n0:30650:30667 [3] NCCL INFO Channel 04/0 : 39[c7000] -> 47[c7000] [send] via NET/AWS Libfabric/1
x3201c0s37b0n0:43930:43955 [0] NCCL INFO Channel 03/0 : 40[7000] -> 52[7000] [send] via NET/AWS Libfabric/3
x3201c0s7b0n0:46145:46170 [0] NCCL INFO Channel 01/0 : 36[7000] -> 48[7000] [receive] via NET/AWS Libfabric/3
x3201c0s37b0n0:43935:43952 [3] NCCL INFO Channel 02/0 : 43[c7000] -> 63[c7000] [send] via NET/AWS Libfabric/1
x3202c0s13b0n0:21683:21703 [3] NCCL INFO Channel 04/0 : 47[c7000] -> 59[c7000] [receive] via NET/AWS Libfabric/1
x3201c0s37b1n0:45639:45659 [3] NCCL INFO Channel 04/0 : 39[c7000] -> 47[c7000] [receive] via NET/AWS Libfabric/1
x3201c0s7b1n0:50673:50694 [3] NCCL INFO Channel 02/0 : 55[c7000] -> 43[c7000] [send] via NET/AWS Libfabric/1
x3201c0s37b0n0:43930:43955 [0] NCCL INFO Channel 03/0 : 40[7000] -> 60[7000] [send] via NET/AWS Libfabric/3
x3202c0s13b0n0:21678:21702 [0] NCCL INFO Channel 05/0 : 44[7000] -> 56[7000] [receive] via NET/AWS Libfabric/3
x3201c0s7b1n0:50670:50697 [0] NCCL INFO Channel 03/0 : 52[7000] -> 40[7000] [send] via NET/AWS Libfabric/3
x3201c0s31b1n0:30645:30670 [0] NCCL INFO Channel 01/0 : 36[7000] -> 48[7000] [send] via NET/AWS Libfabric/3
x3201c0s37b1n0:45633:45656 [0] NCCL INFO Channel 05/0 : 44[7000] -> 56[7000] [send] via NET/AWS Libfabric/3
x3201c0s31b1n0:30645:30670 [0] NCCL INFO Channel 01/0 : 36[7000] -> 60[7000] [send] via NET/AWS Libfabric/3
x3201c0s37b1n0:45633:45656 [0] NCCL INFO Channel 05/0 : 44[7000] -> 60[7000] [send] via NET/AWS Libfabric/3
x3201c0s37b1n0:45639:45659 [3] NCCL INFO Channel 04/0 : 47[c7000] -> 59[c7000] [send] via NET/AWS Libfabric/1
x3201c0s31b1n0:30650:30667 [3] NCCL INFO Channel 00/0 : 39[c7000] -> 51[c7000] [send] via NET/AWS Libfabric/1
x3202c0s13b0n0:21678:21702 [0] NCCL INFO Channel 05/0 : 56[7000] -> 44[7000] [send] via NET/AWS Libfabric/3
x3201c0s7b0n0:46145:46170 [0] NCCL INFO Channel 01/0 : 48[7000] -> 36[7000] [send] via NET/AWS Libfabric/3
x3202c0s13b0n0:21683:21703 [3] NCCL INFO Channel 04/0 : 59[c7000] -> 47[c7000] [send] via NET/AWS Libfabric/1
x3201c0s37b1n0:45639:45659 [3] NCCL INFO Channel 04/0 : 47[c7000] -> 63[c7000] [send] via NET/AWS Libfabric/1
x3202c0s13b1n0:20748:20771 [0] NCCL INFO Channel 03/0 : 40[7000] -> 60[7000] [receive] via NET/AWS Libfabric/3
x3201c0s31b1n0:30650:30667 [3] NCCL INFO Channel 00/0 : 39[c7000] -> 63[c7000] [send] via NET/AWS Libfabric/1
x3201c0s37b1n0:45633:45656 [0] NCCL INFO Channel 05/0 : 44[7000] -> 8[7000] [send] via NET/AWS Libfabric/3
x3201c0s7b0n0:46148:46171 [3] NCCL INFO Channel 00/0 : 51[c7000] -> 39[c7000] [send] via NET/AWS Libfabric/1
x3201c0s19b0n0:42611:42636 [0] NCCL INFO Channel 05/0 : 8[7000] -> 44[7000] [send] via NET/AWS Libfabric/3
x3201c0s37b1n0:45639:45659 [3] NCCL INFO Channel 04/0 : 47[c7000] -> 11[c7000] [send] via NET/AWS Libfabric/1
x3202c0s13b1n0:20751:20773 [3] NCCL INFO Channel 02/0 : 43[c7000] -> 63[c7000] [receive] via NET/AWS Libfabric/1
x3201c0s37b1n0:45633:45656 [0] NCCL INFO Channel 05/0 : 8[7000] -> 44[7000] [receive] via NET/AWS Libfabric/3
x3201c0s37b1n0:45639:45659 [3] NCCL INFO Channel 04/0 : 11[c7000] -> 47[c7000] [receive] via NET/AWS Libfabric/1
x3202c0s13b1n0:20748:20771 [0] NCCL INFO Channel 01/0 : 36[7000] -> 60[7000] [receive] via NET/AWS Libfabric/3
x3201c0s19b0n0:42614:42634 [3] NCCL INFO Channel 04/0 : 11[c7000] -> 47[c7000] [send] via NET/AWS Libfabric/1
x3201c0s37b0n0:43930:43955 [0] NCCL INFO Channel 03/0 : 40[7000] -> 4[7000] [send] via NET/AWS Libfabric/3
x3201c0s37b0n0:43935:43952 [3] NCCL INFO Channel 02/0 : 43[c7000] -> 7[c7000] [send] via NET/AWS Libfabric/1
x3201c0s37b0n0:43930:43955 [0] NCCL INFO Channel 03/0 : 4[7000] -> 40[7000] [receive] via NET/AWS Libfabric/3
x3201c0s19b0n0:42611:42636 [0] NCCL INFO Channel 05/0 : 32[7000] -> 8[7000] [receive] via NET/AWS Libfabric/3
x3201c0s37b0n0:43935:43952 [3] NCCL INFO Channel 02/0 : 7[c7000] -> 43[c7000] [receive] via NET/AWS Libfabric/1
x3201c0s37b1n0:45633:45656 [0] NCCL INFO Channel 05/0 : 60[7000] -> 44[7000] [receive] via NET/AWS Libfabric/3
x3201c0s19b0n0:42614:42634 [3] NCCL INFO Channel 04/0 : 35[c7000] -> 11[c7000] [receive] via NET/AWS Libfabric/1
x3201c0s13b1n0:51352:51380 [0] NCCL INFO Channel 03/0 : 4[7000] -> 40[7000] [send] via NET/AWS Libfabric/3
x3201c0s31b1n0:30645:30670 [0] NCCL INFO Channel 01/0 : 36[7000] -> 0[7000] [send] via NET/AWS Libfabric/3
x3202c0s13b1n0:20748:20771 [0] NCCL INFO Channel 01/0 : 60[7000] -> 36[7000] [send] via NET/AWS Libfabric/3
x3202c0s13b1n0:20751:20773 [3] NCCL INFO Channel 00/0 : 39[c7000] -> 63[c7000] [receive] via NET/AWS Libfabric/1
x3201c0s13b1n0:51355:51378 [3] NCCL INFO Channel 02/0 : 7[c7000] -> 43[c7000] [send] via NET/AWS Libfabric/1
x3201c0s37b1n0:45639:45659 [3] NCCL INFO Channel 04/0 : 63[c7000] -> 47[c7000] [receive] via NET/AWS Libfabric/1
x3201c0s31b0n0:39083:39103 [3] NCCL INFO Channel 00/0 : 35[c7000] -> 27[c7000] [send] via NET/AWS Libfabric/1
x3201c0s13b0n0:1781:1802 [0] NCCL INFO Channel 01/0 : 0[7000] -> 36[7000] [send] via NET/AWS Libfabric/3
x3201c0s13b1n0:51352:51380 [0] NCCL INFO Channel 03/0 : 28[7000] -> 4[7000] [receive] via NET/AWS Libfabric/3
x3201c0s31b1n0:30645:30670 [0] NCCL INFO Channel 01/0 : 0[7000] -> 36[7000] [receive] via NET/AWS Libfabric/3
x3201c0s25b1n0:50837:50862 [0] NCCL INFO Channel 03/0 : 32[7000] -> 28[7000] [receive] via NET/AWS Libfabric/3
x3201c0s25b1n0:50837:50862 [0] NCCL INFO Channel 05/0 : 32[7000] -> 28[7000] [receive] via NET/AWS Libfabric/3
x3201c0s25b1n0:50837:50862 [0] NCCL INFO Channel 01/0 : 28[7000] -> 24[7000] [send] via NET/AWS Libfabric/3
x3201c0s25b1n0:50837:50862 [0] NCCL INFO Channel 03/0 : 28[7000] -> 24[7000] [send] via NET/AWS Libfabric/3
x3201c0s13b1n0:51355:51378 [3] NCCL INFO Channel 02/0 : 31[c7000] -> 7[c7000] [receive] via NET/AWS Libfabric/1
x3202c0s13b1n0:20751:20773 [3] NCCL INFO Channel 00/0 : 63[c7000] -> 39[c7000] [send] via NET/AWS Libfabric/1
x3201c0s31b0n0:39080:39102 [0] NCCL INFO Channel 01/0 : 32[7000] -> 24[7000] [send] via NET/AWS Libfabric/3
x3201c0s19b0n0:42614:42634 [3] NCCL INFO Channel 04/0 : 23[c7000] -> 11[c7000] [receive] via NET/AWS Libfabric/1
x3201c0s31b0n0:39083:39103 [3] NCCL INFO Channel 04/0 : 35[c7000] -> 27[c7000] [send] via NET/AWS Libfabric/1
x3201c0s31b1n0:30650:30667 [3] NCCL INFO Channel 00/0 : 39[c7000] -> 3[c7000] [send] via NET/AWS Libfabric/1
x3201c0s19b0n0:42611:42636 [0] NCCL INFO Channel 05/0 : 20[7000] -> 8[7000] [receive] via NET/AWS Libfabric/3
x3201c0s31b0n0:39080:39102 [0] NCCL INFO Channel 05/0 : 32[7000] -> 24[7000] [send] via NET/AWS Libfabric/3
x3201c0s37b0n0:43930:43955 [0] NCCL INFO Channel 03/0 : 60[7000] -> 40[7000] [receive] via NET/AWS Libfabric/3
x3201c0s37b0n0:43935:43952 [3] NCCL INFO Channel 02/0 : 63[c7000] -> 43[c7000] [receive] via NET/AWS Libfabric/1
x3201c0s1b1n0:48336:48357 [3] NCCL INFO Channel 00/0 : 23[c7000] -> 15[c7000] [send] via NET/AWS Libfabric/1
x3201c0s25b1n0:50840:50860 [3] NCCL INFO Channel 02/0 : 35[c7000] -> 31[c7000] [receive] via NET/AWS Libfabric/1
x3201c0s13b0n0:1781:1802 [0] NCCL INFO Channel 01/0 : 24[7000] -> 0[7000] [receive] via NET/AWS Libfabric/3
x3201c0s31b1n0:30650:30667 [3] NCCL INFO Channel 00/0 : 3[c7000] -> 39[c7000] [receive] via NET/AWS Libfabric/1
x3201c0s13b1n0:51352:51380 [0] NCCL INFO Channel 03/0 : 16[7000] -> 4[7000] [receive] via NET/AWS Libfabric/3
x3201c0s13b1n0:51355:51378 [3] NCCL INFO Channel 02/0 : 19[c7000] -> 7[c7000] [receive] via NET/AWS Libfabric/1
x3201c0s31b1n0:30645:30670 [0] NCCL INFO Channel 01/0 : 60[7000] -> 36[7000] [receive] via NET/AWS Libfabric/3
x3201c0s13b0n0:1784:1803 [3] NCCL INFO Channel 00/0 : 3[c7000] -> 39[c7000] [send] via NET/AWS Libfabric/1
x3201c0s1b1n0:48333:48358 [0] NCCL INFO Channel 01/0 : 20[7000] -> 12[7000] [send] via NET/AWS Libfabric/3
x3201c0s1b1n0:48336:48357 [3] NCCL INFO Channel 04/0 : 23[c7000] -> 15[c7000] [send] via NET/AWS Libfabric/1
x3201c0s19b0n0:42614:42634 [3] NCCL INFO Channel 00/0 : 11[c7000] -> 3[c7000] [send] via NET/AWS Libfabric/1
x3201c0s25b0n0:47298:47321 [0] NCCL INFO Channel 01/0 : 32[7000] -> 24[7000] [receive] via NET/AWS Libfabric/3
x3201c0s1b0n0:47663:47684 [3] NCCL INFO Channel 02/0 : 23[c7000] -> 19[c7000] [receive] via NET/AWS Libfabric/1
x3201c0s25b1n0:50840:50860 [3] NCCL INFO Channel 04/0 : 35[c7000] -> 31[c7000] [receive] via NET/AWS Libfabric/1
x3202c0s13b1n0:20748:20771 [0] NCCL INFO Channel 03/0 : 60[7000] -> 40[7000] [send] via NET/AWS Libfabric/3
x3201c0s19b0n0:42614:42634 [3] NCCL INFO Channel 04/0 : 11[c7000] -> 3[c7000] [send] via NET/AWS Libfabric/1
x3201c0s19b0n0:42611:42636 [0] NCCL INFO Channel 01/0 : 8[7000] -> 0[7000] [send] via NET/AWS Libfabric/3
x3201c0s1b1n0:48333:48358 [0] NCCL INFO Channel 05/0 : 20[7000] -> 12[7000] [send] via NET/AWS Libfabric/3
x3201c0s19b0n0:42611:42636 [0] NCCL INFO Channel 05/0 : 8[7000] -> 0[7000] [send] via NET/AWS Libfabric/3
x3201c0s25b1n0:50840:50860 [3] NCCL INFO Channel 00/0 : 31[c7000] -> 27[c7000] [send] via NET/AWS Libfabric/1
x3201c0s13b0n0:1784:1803 [3] NCCL INFO Channel 00/0 : 27[c7000] -> 3[c7000] [receive] via NET/AWS Libfabric/1
x3201c0s13b1n0:51352:51380 [0] NCCL INFO Channel 03/0 : 8[7000] -> 4[7000] [receive] via NET/AWS Libfabric/3
x3201c0s13b0n0:1781:1802 [0] NCCL INFO Channel 01/0 : 12[7000] -> 0[7000] [receive] via NET/AWS Libfabric/3
x3201c0s1b0n0:47660:47685 [0] NCCL INFO Channel 03/0 : 20[7000] -> 16[7000] [receive] via NET/AWS Libfabric/3
x3201c0s13b1n0:51355:51378 [3] NCCL INFO Channel 02/0 : 11[c7000] -> 7[c7000] [receive] via NET/AWS Libfabric/1
x3201c0s25b0n0:47301:47324 [3] NCCL INFO Channel 00/0 : 35[c7000] -> 27[c7000] [receive] via NET/AWS Libfabric/1
x3201c0s25b0n0:47301:47324 [3] NCCL INFO Channel 04/0 : 35[c7000] -> 27[c7000] [receive] via NET/AWS Libfabric/1
x3201c0s13b1n0:51352:51380 [0] NCCL INFO Channel 05/0 : 8[7000] -> 4[7000] [receive] via NET/AWS Libfabric/3
x3201c0s25b0n0:47298:47321 [0] NCCL INFO Channel 05/0 : 32[7000] -> 24[7000] [receive] via NET/AWS Libfabric/3
x3201c0s31b1n0:30645:30670 [0] NCCL INFO Channel 01/0 : 48[7000] -> 36[7000] [receive] via NET/AWS Libfabric/3
x3201c0s1b0n0:47660:47685 [0] NCCL INFO Channel 05/0 : 20[7000] -> 16[7000] [receive] via NET/AWS Libfabric/3
x3201c0s37b0n0:43930:43955 [0] NCCL INFO Channel 03/0 : 52[7000] -> 40[7000] [receive] via NET/AWS Libfabric/3
x3202c0s13b1n0:20748:20771 [0] NCCL INFO Channel 05/0 : 60[7000] -> 44[7000] [send] via NET/AWS Libfabric/3
x3201c0s13b1n0:51355:51378 [3] NCCL INFO Channel 04/0 : 11[c7000] -> 7[c7000] [receive] via NET/AWS Libfabric/1
x3201c0s1b0n0:47663:47684 [3] NCCL INFO Channel 04/0 : 23[c7000] -> 19[c7000] [receive] via NET/AWS Libfabric/1
x3201c0s31b1n0:30650:30667 [3] NCCL INFO Channel 00/0 : 63[c7000] -> 39[c7000] [receive] via NET/AWS Libfabric/1
x3201c0s25b1n0:50840:50860 [3] NCCL INFO Channel 02/0 : 31[c7000] -> 27[c7000] [send] via NET/AWS Libfabric/1
x3201c0s37b1n0:45633:45656 [0] NCCL INFO Channel 05/0 : 56[7000] -> 44[7000] [receive] via NET/AWS Libfabric/3
x3201c0s19b1n0:48890:48913 [0] NCCL INFO Channel 01/0 : 20[7000] -> 12[7000] [receive] via NET/AWS Libfabric/3
x3201c0s1b0n0:47663:47684 [3] NCCL INFO Channel 00/0 : 19[c7000] -> 15[c7000] [send] via NET/AWS Libfabric/1
x3201c0s13b1n0:51352:51380 [0] NCCL INFO Channel 01/0 : 4[7000] -> 0[7000] [send] via NET/AWS Libfabric/3
x3201c0s1b0n0:47660:47685 [0] NCCL INFO Channel 01/0 : 16[7000] -> 12[7000] [send] via NET/AWS Libfabric/3
x3201c0s13b1n0:51352:51380 [0] NCCL INFO Channel 03/0 : 4[7000] -> 0[7000] [send] via NET/AWS Libfabric/3
x3201c0s13b0n0:1784:1803 [3] NCCL INFO Channel 00/0 : 15[c7000] -> 3[c7000] [receive] via NET/AWS Libfabric/1
x3201c0s13b1n0:51355:51378 [3] NCCL INFO Channel 00/0 : 7[c7000] -> 3[c7000] [send] via NET/AWS Libfabric/1
x3201c0s1b0n0:47660:47685 [0] NCCL INFO Channel 03/0 : 16[7000] -> 12[7000] [send] via NET/AWS Libfabric/3
x3201c0s13b0n0:1781:1802 [0] NCCL INFO Channel 01/0 : 8[7000] -> 0[7000] [receive] via NET/AWS Libfabric/3
x3201c0s1b0n0:47663:47684 [3] NCCL INFO Channel 02/0 : 19[c7000] -> 15[c7000] [send] via NET/AWS Libfabric/1
x3202c0s13b1n0:20748:20771 [0] NCCL INFO Connected 1 MSCCL algorithms
x3202c0s13b1n0:20748:20771 [0] NCCL INFO NCCL_NTHREADS set by environment to 512.
x3202c0s13b1n0:20748:20771 [0] NCCL INFO NCCL_PROTO set by environment to Simple
x3202c0s13b1n0:20748:20771 [0] NCCL INFO NCCL_ALGO set by environment to MSCCL,TREE,RING
x3202c0s13b1n0:20748:20771 [0] NCCL INFO threadThresholds 8/8/64 | 512/8/64 | 8/8/64 | 8/8/512
x3202c0s13b1n0:20748:20771 [0] NCCL INFO 6 coll channels, 4 p2p channels, 2 p2p channels per peer
x3201c0s25b0n0:47301:47324 [3] NCCL INFO Channel 00/0 : 31[c7000] -> 27[c7000] [receive] via NET/AWS Libfabric/1
x3201c0s19b1n0:48893:48915 [3] NCCL INFO Channel 00/0 : 23[c7000] -> 15[c7000] [receive] via NET/AWS Libfabric/1
x3201c0s31b1n0:30645:30670 [0] NCCL INFO Channel 01/0 : 44[7000] -> 36[7000] [receive] via NET/AWS Libfabric/3
x3201c0s7b0n0:46145:46170 [0] NCCL INFO Channel 01/0 : 56[7000] -> 48[7000] [receive] via NET/AWS Libfabric/3
x3201c0s7b1n0:50670:50697 [0] NCCL INFO Channel 03/0 : 56[7000] -> 52[7000] [receive] via NET/AWS Libfabric/3
x3201c0s31b0n0:39083:39103 [3] NCCL INFO Channel 02/0 : 35[c7000] -> 31[c7000] [send] via NET/AWS Libfabric/1
x3201c0s37b0n0:43930:43955 [0] NCCL INFO Channel 03/0 : 44[7000] -> 40[7000] [receive] via NET/AWS Libfabric/3
x3202c0s13b0n0:21678:21702 [0] NCCL INFO Channel 01/0 : 56[7000] -> 48[7000] [send] via NET/AWS Libfabric/3
x3201c0s13b0n0:1781:1802 [0] NCCL INFO Channel 05/0 : 8[7000] -> 0[7000] [receive] via NET/AWS Libfabric/3
x3201c0s31b0n0:39080:39102 [0] NCCL INFO Channel 03/0 : 32[7000] -> 28[7000] [send] via NET/AWS Libfabric/3
x3202c0s13b1n0:20751:20773 [3] NCCL INFO Channel 02/0 : 63[c7000] -> 43[c7000] [send] via NET/AWS Libfabric/1
x3201c0s31b1n0:30650:30667 [3] NCCL INFO Channel 00/0 : 51[c7000] -> 39[c7000] [receive] via NET/AWS Libfabric/1
x3202c0s13b1n0:20749:20772 [1] NCCL INFO Connected 1 MSCCL algorithms
x3202c0s13b1n0:20749:20772 [1] NCCL INFO NCCL_NTHREADS set by environment to 512.
x3202c0s13b1n0:20749:20772 [1] NCCL INFO NCCL_PROTO set by environment to Simple
x3202c0s13b1n0:20749:20772 [1] NCCL INFO NCCL_ALGO set by environment to MSCCL,TREE,RING
x3202c0s13b1n0:20749:20772 [1] NCCL INFO threadThresholds 8/8/64 | 512/8/64 | 8/8/64 | 8/8/512
x3202c0s13b1n0:20749:20772 [1] NCCL INFO 6 coll channels, 4 p2p channels, 2 p2p channels per peer
x3201c0s37b1n0:45633:45656 [0] NCCL INFO Channel 01/0 : 44[7000] -> 36[7000] [send] via NET/AWS Libfabric/3
x3202c0s13b1n0:20751:20773 [3] NCCL INFO Channel 04/0 : 63[c7000] -> 47[c7000] [send] via NET/AWS Libfabric/1
x3201c0s31b0n0:39083:39103 [3] NCCL INFO Channel 04/0 : 35[c7000] -> 31[c7000] [send] via NET/AWS Libfabric/1
x3201c0s13b1n0:51355:51378 [3] NCCL INFO Channel 02/0 : 7[c7000] -> 3[c7000] [send] via NET/AWS Libfabric/1
x3201c0s7b1n0:50670:50697 [0] NCCL INFO Channel 05/0 : 56[7000] -> 52[7000] [receive] via NET/AWS Libfabric/3
x3202c0s13b0n0:21678:21702 [0] NCCL INFO Channel 05/0 : 56[7000] -> 48[7000] [send] via NET/AWS Libfabric/3
x3201c0s25b0n0:47301:47324 [3] NCCL INFO Channel 02/0 : 31[c7000] -> 27[c7000] [receive] via NET/AWS Libfabric/1
x3202c0s13b1n0:20751:20773 [3] NCCL INFO Channel 04 : 63[c7000] -> 62[85000] via P2P/IPC/read
x3201c0s19b1n0:48890:48913 [0] NCCL INFO Channel 05/0 : 20[7000] -> 12[7000] [receive] via NET/AWS Libfabric/3
x3201c0s31b0n0:39083:39103 [3] NCCL INFO Channel 04 : 35[c7000] -> 34[85000] via P2P/IPC/read
x3201c0s37b1n0:45633:45656 [0] NCCL INFO Channel 05/0 : 44[7000] -> 36[7000] [send] via NET/AWS Libfabric/3
x3201c0s31b1n0:30645:30670 [0] NCCL INFO Channel 05/0 : 44[7000] -> 36[7000] [receive] via NET/AWS Libfabric/3
x3201c0s7b0n0:46145:46170 [0] NCCL INFO Channel 05/0 : 56[7000] -> 48[7000] [receive] via NET/AWS Libfabric/3
x3201c0s37b0n0:43935:43952 [3] NCCL INFO Channel 02/0 : 55[c7000] -> 43[c7000] [receive] via NET/AWS Libfabric/1
x3201c0s25b0n0:47298:47321 [0] NCCL INFO Channel 01/0 : 28[7000] -> 24[7000] [receive] via NET/AWS Libfabric/3
x3201c0s13b0n0:1784:1803 [3] NCCL INFO Channel 00/0 : 11[c7000] -> 3[c7000] [receive] via NET/AWS Libfabric/1
x3201c0s37b0n0:43930:43955 [0] NCCL INFO Channel 05/0 : 44[7000] -> 40[7000] [receive] via NET/AWS Libfabric/3
x3201c0s25b0n0:47298:47321 [0] NCCL INFO Channel 03/0 : 28[7000] -> 24[7000] [receive] via NET/AWS Libfabric/3
x3201c0s31b0n0:39083:39103 [3] NCCL INFO Channel 05 : 35[c7000] -> 34[85000] via P2P/IPC/read
x3201c0s31b0n0:39082:39101 [2] NCCL INFO Connected 1 MSCCL algorithms
x3201c0s31b0n0:39082:39101 [2] NCCL INFO NCCL_NTHREADS set by environment to 512.
x3201c0s31b0n0:39082:39101 [2] NCCL INFO NCCL_PROTO set by environment to Simple
x3201c0s31b0n0:39082:39101 [2] NCCL INFO NCCL_ALGO set by environment to MSCCL,TREE,RING
x3201c0s31b0n0:39082:39101 [2] NCCL INFO threadThresholds 8/8/64 | 512/8/64 | 8/8/64 | 8/8/512
x3201c0s31b0n0:39082:39101 [2] NCCL INFO 6 coll channels, 4 p2p channels, 2 p2p channels per peer
x3201c0s31b0n0:39083:39103 [3] NCCL INFO Connected 1 MSCCL algorithms
x3201c0s31b0n0:39083:39103 [3] NCCL INFO NCCL_NTHREADS set by environment to 512.
x3201c0s31b0n0:39083:39103 [3] NCCL INFO NCCL_PROTO set by environment to Simple
x3201c0s31b0n0:39083:39103 [3] NCCL INFO NCCL_ALGO set by environment to MSCCL,TREE,RING
x3201c0s31b0n0:39083:39103 [3] NCCL INFO threadThresholds 8/8/64 | 512/8/64 | 8/8/64 | 8/8/512
x3201c0s31b0n0:39083:39103 [3] NCCL INFO 6 coll channels, 4 p2p channels, 2 p2p channels per peer
x3201c0s31b0n0:39080:39102 [0] NCCL INFO Channel 05/0 : 32[7000] -> 28[7000] [send] via NET/AWS Libfabric/3
x3201c0s19b1n0:48893:48915 [3] NCCL INFO Channel 04/0 : 23[c7000] -> 15[c7000] [receive] via NET/AWS Libfabric/1
x3201c0s25b0n0:47301:47324 [3] NCCL INFO Channel 04 : 27[c7000] -> 26[85000] via P2P/IPC/read
x3202c0s13b1n0:20751:20773 [3] NCCL INFO Channel 05 : 63[c7000] -> 62[85000] via P2P/IPC/read
x3201c0s37b1n0:45639:45659 [3] NCCL INFO Channel 04/0 : 59[c7000] -> 47[c7000] [receive] via NET/AWS Libfabric/1
x3201c0s7b0n0:46148:46171 [3] NCCL INFO Channel 00/0 : 59[c7000] -> 51[c7000] [receive] via NET/AWS Libfabric/1
x3201c0s7b1n0:50670:50697 [0] NCCL INFO Channel 01/0 : 52[7000] -> 48[7000] [send] via NET/AWS Libfabric/3
x3201c0s13b0n0:1784:1803 [3] NCCL INFO Channel 04/0 : 11[c7000] -> 3[c7000] [receive] via NET/AWS Libfabric/1
x3201c0s31b1n0:30650:30667 [3] NCCL INFO Channel 00/0 : 47[c7000] -> 39[c7000] [receive] via NET/AWS Libfabric/1
x3201c0s25b1n0:50840:50860 [3] NCCL INFO Channel 04 : 31[c7000] -> 30[85000] via P2P/IPC/read
x3201c0s7b1n0:50670:50697 [0] NCCL INFO Channel 03/0 : 52[7000] -> 48[7000] [send] via NET/AWS Libfabric/3
x3201c0s37b0n0:43930:43955 [0] NCCL INFO Channel 01/0 : 40[7000] -> 36[7000] [send] via NET/AWS Libfabric/3
x3202c0s13b0n0:21678:21702 [0] NCCL INFO Channel 03/0 : 56[7000] -> 52[7000] [send] via NET/AWS Libfabric/3
x3201c0s25b0n0:47301:47324 [3] NCCL INFO Channel 05 : 27[c7000] -> 26[85000] via P2P/IPC/read
x3201c0s19b0n0:42611:42636 [0] NCCL INFO Channel 03/0 : 8[7000] -> 4[7000] [send] via NET/AWS Libfabric/3
x3202c0s13b1n0:20750:20774 [2] NCCL INFO Connected 1 MSCCL algorithms
x3202c0s13b1n0:20750:20774 [2] NCCL INFO NCCL_NTHREADS set by environment to 512.
x3202c0s13b1n0:20750:20774 [2] NCCL INFO NCCL_PROTO set by environment to Simple
x3202c0s13b1n0:20750:20774 [2] NCCL INFO NCCL_ALGO set by environment to MSCCL,TREE,RING
x3202c0s13b1n0:20750:20774 [2] NCCL INFO threadThresholds 8/8/64 | 512/8/64 | 8/8/64 | 8/8/512
x3202c0s13b1n0:20750:20774 [2] NCCL INFO 6 coll channels, 4 p2p channels, 2 p2p channels per peer
x3202c0s13b1n0:20751:20773 [3] NCCL INFO Connected 1 MSCCL algorithms
x3202c0s13b1n0:20751:20773 [3] NCCL INFO NCCL_NTHREADS set by environment to 512.
x3202c0s13b1n0:20751:20773 [3] NCCL INFO NCCL_PROTO set by environment to Simple
x3202c0s13b1n0:20751:20773 [3] NCCL INFO NCCL_ALGO set by environment to MSCCL,TREE,RING
x3202c0s13b1n0:20751:20773 [3] NCCL INFO threadThresholds 8/8/64 | 512/8/64 | 8/8/64 | 8/8/512
x3202c0s13b1n0:20751:20773 [3] NCCL INFO 6 coll channels, 4 p2p channels, 2 p2p channels per peer
x3201c0s7b0n0:46148:46171 [3] NCCL INFO Channel 04/0 : 59[c7000] -> 51[c7000] [receive] via NET/AWS Libfabric/1
x3201c0s37b1n0:45633:45656 [0] NCCL INFO Channel 03/0 : 44[7000] -> 40[7000] [send] via NET/AWS Libfabric/3
x3201c0s31b0n0:39080:39102 [0] NCCL INFO Connected 1 MSCCL algorithms
x3201c0s31b0n0:39080:39102 [0] NCCL INFO NCCL_NTHREADS set by environment to 512.
x3201c0s31b0n0:39080:39102 [0] NCCL INFO NCCL_PROTO set by environment to Simple
x3201c0s31b0n0:39080:39102 [0] NCCL INFO NCCL_ALGO set by environment to MSCCL,TREE,RING
x3201c0s31b0n0:39080:39102 [0] NCCL INFO threadThresholds 8/8/64 | 512/8/64 | 8/8/64 | 8/8/512
x3201c0s31b0n0:39080:39102 [0] NCCL INFO 6 coll channels, 4 p2p channels, 2 p2p channels per peer
x3201c0s31b0n0:39081:39100 [1] NCCL INFO Connected 1 MSCCL algorithms
x3201c0s31b0n0:39081:39100 [1] NCCL INFO NCCL_NTHREADS set by environment to 512.
x3201c0s31b0n0:39081:39100 [1] NCCL INFO NCCL_PROTO set by environment to Simple
x3201c0s31b0n0:39081:39100 [1] NCCL INFO NCCL_ALGO set by environment to MSCCL,TREE,RING
x3201c0s31b0n0:39081:39100 [1] NCCL INFO threadThresholds 8/8/64 | 512/8/64 | 8/8/64 | 8/8/512
x3201c0s31b0n0:39081:39100 [1] NCCL INFO 6 coll channels, 4 p2p channels, 2 p2p channels per peer
x3201c0s25b1n0:50840:50860 [3] NCCL INFO Channel 05 : 31[c7000] -> 30[85000] via P2P/IPC/read
x3201c0s7b0n0:46145:46170 [0] NCCL INFO Channel 01/0 : 52[7000] -> 48[7000] [receive] via NET/AWS Libfabric/3
x3202c0s13b0n0:21678:21702 [0] NCCL INFO Channel 05/0 : 56[7000] -> 52[7000] [send] via NET/AWS Libfabric/3
x3201c0s13b0n0:1781:1802 [0] NCCL INFO Channel 01/0 : 4[7000] -> 0[7000] [receive] via NET/AWS Libfabric/3
x3201c0s19b0n0:42611:42636 [0] NCCL INFO Channel 05/0 : 8[7000] -> 4[7000] [send] via NET/AWS Libfabric/3
x3201c0s25b0n0:47300:47323 [2] NCCL INFO Connected 1 MSCCL algorithms
x3201c0s25b0n0:47300:47323 [2] NCCL INFO NCCL_NTHREADS set by environment to 512.
x3201c0s25b0n0:47300:47323 [2] NCCL INFO NCCL_PROTO set by environment to Simple
x3201c0s25b0n0:47300:47323 [2] NCCL INFO NCCL_ALGO set by environment to MSCCL,TREE,RING
x3201c0s25b0n0:47300:47323 [2] NCCL INFO threadThresholds 8/8/64 | 512/8/64 | 8/8/64 | 8/8/512
x3201c0s25b0n0:47300:47323 [2] NCCL INFO 6 coll channels, 4 p2p channels, 2 p2p channels per peer
x3201c0s25b0n0:47301:47324 [3] NCCL INFO Connected 1 MSCCL algorithms
x3201c0s25b0n0:47301:47324 [3] NCCL INFO NCCL_NTHREADS set by environment to 512.
x3201c0s25b0n0:47301:47324 [3] NCCL INFO NCCL_PROTO set by environment to Simple
x3201c0s25b0n0:47301:47324 [3] NCCL INFO NCCL_ALGO set by environment to MSCCL,TREE,RING
x3201c0s25b0n0:47301:47324 [3] NCCL INFO threadThresholds 8/8/64 | 512/8/64 | 8/8/64 | 8/8/512
x3201c0s25b0n0:47301:47324 [3] NCCL INFO 6 coll channels, 4 p2p channels, 2 p2p channels per peer
x3201c0s1b1n0:48333:48358 [0] NCCL INFO Channel 03/0 : 20[7000] -> 16[7000] [send] via NET/AWS Libfabric/3
x3201c0s37b1n0:45633:45656 [0] NCCL INFO Channel 05/0 : 44[7000] -> 40[7000] [send] via NET/AWS Libfabric/3
x3201c0s31b1n0:30650:30667 [3] NCCL INFO Channel 04/0 : 47[c7000] -> 39[c7000] [receive] via NET/AWS Libfabric/1
x3201c0s7b1n0:50673:50694 [3] NCCL INFO Channel 02/0 : 59[c7000] -> 55[c7000] [receive] via NET/AWS Libfabric/1
x3201c0s37b0n0:43935:43952 [3] NCCL INFO Channel 02/0 : 47[c7000] -> 43[c7000] [receive] via NET/AWS Libfabric/1
x3202c0s13b0n0:21683:21703 [3] NCCL INFO Channel 00/0 : 59[c7000] -> 51[c7000] [send] via NET/AWS Libfabric/1
x3201c0s19b1n0:48890:48913 [0] NCCL INFO Channel 01/0 : 16[7000] -> 12[7000] [receive] via NET/AWS Libfabric/3
x3201c0s13b0n0:1781:1802 [0] NCCL INFO Channel 03/0 : 4[7000] -> 0[7000] [receive] via NET/AWS Libfabric/3
x3201c0s37b1n0:45639:45659 [3] NCCL INFO Channel 00/0 : 47[c7000] -> 39[c7000] [send] via NET/AWS Libfabric/1
x3202c0s13b1n0:20749:20772 [1] NCCL INFO comm 0x14ede4ea9010 rank 61 nranks 64 cudaDev 1 busId 46000 - Init COMPLETE
x3202c0s13b1n0:20748:20771 [0] NCCL INFO comm 0x148eba45a010 rank 60 nranks 64 cudaDev 0 busId 7000 - Init COMPLETE
x3202c0s13b1n0:20750:20774 [2] NCCL INFO comm 0x14e6fa259010 rank 62 nranks 64 cudaDev 2 busId 85000 - Init COMPLETE
x3202c0s13b1n0:20751:20773 [3] NCCL INFO comm 0x14bb4181a010 rank 63 nranks 64 cudaDev 3 busId c7000 - Init COMPLETE
x3201c0s25b1n0:50839:50861 [2] NCCL INFO Connected 1 MSCCL algorithms
x3201c0s25b1n0:50839:50861 [2] NCCL INFO NCCL_NTHREADS set by environment to 512.
x3201c0s25b1n0:50839:50861 [2] NCCL INFO NCCL_PROTO set by environment to Simple
x3201c0s25b1n0:50839:50861 [2] NCCL INFO NCCL_ALGO set by environment to MSCCL,TREE,RING
x3201c0s25b1n0:50839:50861 [2] NCCL INFO threadThresholds 8/8/64 | 512/8/64 | 8/8/64 | 8/8/512
x3201c0s25b1n0:50839:50861 [2] NCCL INFO 6 coll channels, 4 p2p channels, 2 p2p channels per peer
x3201c0s25b1n0:50840:50860 [3] NCCL INFO Connected 1 MSCCL algorithms
x3201c0s25b1n0:50840:50860 [3] NCCL INFO NCCL_NTHREADS set by environment to 512.
x3201c0s25b1n0:50840:50860 [3] NCCL INFO NCCL_PROTO set by environment to Simple
x3201c0s25b1n0:50840:50860 [3] NCCL INFO NCCL_ALGO set by environment to MSCCL,TREE,RING
x3201c0s25b1n0:50840:50860 [3] NCCL INFO threadThresholds 8/8/64 | 512/8/64 | 8/8/64 | 8/8/512
x3201c0s25b1n0:50840:50860 [3] NCCL INFO 6 coll channels, 4 p2p channels, 2 p2p channels per peer
x3202c0s13b0n0:21683:21703 [3] NCCL INFO Channel 04/0 : 59[c7000] -> 51[c7000] [send] via NET/AWS Libfabric/1
x3201c0s37b0n0:43930:43955 [0] NCCL INFO Channel 03/0 : 40[7000] -> 36[7000] [send] via NET/AWS Libfabric/3
x3201c0s7b1n0:50673:50694 [3] NCCL INFO Channel 04/0 : 59[c7000] -> 55[c7000] [receive] via NET/AWS Libfabric/1
x3201c0s31b0n0:39083:39103 [3] NCCL INFO comm 0x14dd1445a010 rank 35 nranks 64 cudaDev 3 busId c7000 - Init COMPLETE
