x3003c0s13b1n0:33243:33275 [0] NCCL INFO Trees [0] 13/-1/-1->12->8 [1] -1/-1/-1->12->13 [2] 13/4/-1->12->28 [3] -1/-1/-1->12->13
x3003c0s19b0n0:55307:55331 [1] NCCL INFO Trees [0] 18/8/-1->17->16 [1] 16/-1/-1->17->18 [2] 18/-1/-1->17->16 [3] 16/-1/-1->17->18
x3003c0s1b0n0:58101:58124 [1] NCCL INFO Trees [0] 22/-1/-1->21->20 [1] 20/-1/-1->21->22 [2] 22/24/-1->21->20 [3] 20/-1/-1->21->22
x3003c0s1b1n0:50048:50075 [0] NCCL INFO Trees [0] 25/28/-1->24->16 [1] -1/-1/-1->24->25 [2] 25/-1/-1->24->21 [3] -1/-1/-1->24->25
x3003c0s25b0n0:18627:18654 [0] NCCL INFO Trees [0] 29/-1/-1->28->24 [1] -1/-1/-1->28->29 [2] 29/12/-1->28->-1 [3] -1/-1/-1->28->29
x3002c0s37b1n0:46350:46374 [2] NCCL INFO Trees [0] 3/-1/-1->2->1 [1] 1/-1/-1->2->3 [2] 3/-1/-1->2->1 [3] 1/-1/-1->2->3
x3002c0s7b1n0:45555:45579 [0] NCCL INFO Trees [0] 5/-1/-1->4->9 [1] -1/-1/-1->4->5 [2] 5/0/-1->4->12 [3] -1/-1/-1->4->5
x3003c0s13b0n0:9948:9968 [3] NCCL INFO Trees [0] -1/-1/-1->11->10 [1] 10/15/-1->11->18 [2] -1/-1/-1->11->10 [3] 10/-1/-1->11->6
x3003c0s13b1n0:33244:33267 [1] NCCL INFO Trees [0] 14/-1/-1->13->12 [1] 12/-1/-1->13->14 [2] 14/20/-1->13->12 [3] 12/-1/-1->13->14
x3003c0s19b0n0:55308:55333 [2] NCCL INFO Trees [0] 19/-1/-1->18->17 [1] 17/11/-1->18->19 [2] 19/-1/-1->18->17 [3] 17/-1/-1->18->19
x3003c0s1b0n0:58102:58125 [2] NCCL INFO Trees [0] 23/-1/-1->22->21 [1] 21/-1/-1->22->23 [2] 23/-1/-1->22->21 [3] 21/27/-1->22->23
x3003c0s1b1n0:50049:50072 [1] NCCL INFO Trees [0] 26/20/-1->25->24 [1] 24/-1/-1->25->26 [2] 26/-1/-1->25->24 [3] 24/-1/-1->25->26
x3003c0s25b0n0:18628:18651 [1] NCCL INFO Trees [0] 30/-1/-1->29->28 [1] 28/-1/-1->29->30 [2] 30/-1/-1->29->28 [3] 28/-1/-1->29->30
x3002c0s37b1n0:46351:46376 [3] NCCL INFO Trees [0] -1/-1/-1->3->2 [1] 2/19/-1->3->-1 [2] -1/-1/-1->3->2 [3] 2/-1/-1->3->7
x3002c0s7b1n0:45556:45580 [1] NCCL INFO Trees [0] 6/-1/-1->5->4 [1] 4/-1/-1->5->6 [2] 6/8/-1->5->4 [3] 4/-1/-1->5->6
x3003c0s13b0n0:9945:9971 [0] NCCL INFO Trees [0] 9/12/-1->8->17 [1] -1/-1/-1->8->9 [2] 9/-1/-1->8->5 [3] -1/-1/-1->8->9
x3003c0s13b1n0:33245:33269 [2] NCCL INFO Trees [0] 15/-1/-1->14->13 [1] 13/-1/-1->14->15 [2] 15/-1/-1->14->13 [3] 13/23/-1->14->15
x3003c0s19b0n0:55309:55330 [3] NCCL INFO Trees [0] -1/-1/-1->19->18 [1] 18/27/-1->19->3 [2] -1/-1/-1->19->18 [3] 18/-1/-1->19->23
x3003c0s25b0n0:18629:18653 [2] NCCL INFO Trees [0] 31/-1/-1->30->29 [1] 29/-1/-1->30->31 [2] 31/-1/-1->30->29 [3] 29/-1/-1->30->31
x3003c0s13b0n0:9946:9970 [1] NCCL INFO Trees [0] 10/4/-1->9->8 [1] 8/-1/-1->9->10 [2] 10/-1/-1->9->8 [3] 8/-1/-1->9->10
x3002c0s37b1n0:46348:46373 [0] NCCL INFO Channel 00 : 0[7000] -> 3[c7000] via P2P/IPC/read
x3003c0s25b0n0:18627:18654 [0] NCCL INFO Channel 00 : 28[7000] -> 31[c7000] via P2P/IPC/read
x3003c0s1b1n0:50048:50075 [0] NCCL INFO Channel 00 : 24[7000] -> 27[c7000] via P2P/IPC/read
x3002c0s7b1n0:45555:45579 [0] NCCL INFO Channel 00 : 4[7000] -> 7[c7000] via P2P/IPC/read
x3003c0s13b0n0:9945:9971 [0] NCCL INFO Channel 00 : 8[7000] -> 11[c7000] via P2P/IPC/read
x3003c0s13b1n0:33243:33275 [0] NCCL INFO Channel 00 : 12[7000] -> 15[c7000] via P2P/IPC/read
x3003c0s19b0n0:55306:55332 [0] NCCL INFO Channel 00 : 16[7000] -> 19[c7000] via P2P/IPC/read
x3003c0s1b0n0:58100:58126 [0] NCCL INFO Channel 00 : 20[7000] -> 23[c7000] via P2P/IPC/read
x3002c0s37b1n0:46350:46374 [2] NCCL INFO Channel 00/0 : 2[85000] -> 5[46000] [send] via NET/AWS Libfabric/3
x3003c0s19b0n0:55308:55333 [2] NCCL INFO Channel 00/0 : 18[85000] -> 21[46000] [send] via NET/AWS Libfabric/3
x3003c0s19b0n0:55306:55332 [0] NCCL INFO Channel 02 : 16[7000] -> 19[c7000] via P2P/IPC/read
x3002c0s37b1n0:46348:46373 [0] NCCL INFO Channel 02 : 0[7000] -> 3[c7000] via P2P/IPC/read
x3003c0s13b0n0:9945:9971 [0] NCCL INFO Channel 02 : 8[7000] -> 11[c7000] via P2P/IPC/read
x3003c0s1b0n0:58100:58126 [0] NCCL INFO Channel 02 : 20[7000] -> 23[c7000] via P2P/IPC/read
x3003c0s1b1n0:50048:50075 [0] NCCL INFO Channel 02 : 24[7000] -> 27[c7000] via P2P/IPC/read
x3003c0s19b0n0:55308:55333 [2] NCCL INFO Channel 02/0 : 18[85000] -> 21[46000] [send] via NET/AWS Libfabric/3
x3003c0s1b1n0:50050:50074 [2] NCCL INFO Channel 00/0 : 26[85000] -> 29[46000] [send] via NET/AWS Libfabric/3
x3002c0s37b1n0:46349:46375 [1] NCCL INFO Channel 00/0 : 30[85000] -> 1[46000] [receive] via NET/AWS Libfabric/3
x3003c0s13b0n0:9947:9969 [2] NCCL INFO Channel 00/0 : 10[85000] -> 13[46000] [send] via NET/AWS Libfabric/3
x3002c0s7b1n0:45557:45582 [2] NCCL INFO Channel 00/0 : 6[85000] -> 9[46000] [send] via NET/AWS Libfabric/3
x3003c0s1b0n0:58101:58124 [1] NCCL INFO Channel 00/0 : 18[85000] -> 21[46000] [receive] via NET/AWS Libfabric/3
x3003c0s13b1n0:33244:33267 [1] NCCL INFO Channel 00/0 : 10[85000] -> 13[46000] [receive] via NET/AWS Libfabric/3
x3003c0s13b1n0:33245:33269 [2] NCCL INFO Channel 00/0 : 14[85000] -> 17[46000] [send] via NET/AWS Libfabric/3
x3003c0s1b0n0:58102:58125 [2] NCCL INFO Channel 00/0 : 22[85000] -> 25[46000] [send] via NET/AWS Libfabric/3
x3002c0s37b1n0:46350:46374 [2] NCCL INFO Channel 02/0 : 2[85000] -> 5[46000] [send] via NET/AWS Libfabric/3
x3003c0s25b0n0:18628:18651 [1] NCCL INFO Channel 00/0 : 26[85000] -> 29[46000] [receive] via NET/AWS Libfabric/3
x3003c0s25b0n0:18629:18653 [2] NCCL INFO Channel 00/0 : 30[85000] -> 1[46000] [send] via NET/AWS Libfabric/3
x3002c0s7b1n0:45555:45579 [0] NCCL INFO Channel 02 : 4[7000] -> 7[c7000] via P2P/IPC/read
x3003c0s13b1n0:33245:33269 [2] NCCL INFO Channel 02/0 : 14[85000] -> 17[46000] [send] via NET/AWS Libfabric/3
x3003c0s13b0n0:9947:9969 [2] NCCL INFO Channel 02/0 : 10[85000] -> 13[46000] [send] via NET/AWS Libfabric/3
x3003c0s1b0n0:58102:58125 [2] NCCL INFO Channel 02/0 : 22[85000] -> 25[46000] [send] via NET/AWS Libfabric/3
x3003c0s25b0n0:18627:18654 [0] NCCL INFO Channel 02 : 28[7000] -> 31[c7000] via P2P/IPC/read
x3003c0s13b0n0:9945:9971 [0] NCCL INFO Channel 01/0 : 8[7000] -> 15[c7000] [send] via NET/AWS Libfabric/1
x3002c0s7b1n0:45556:45580 [1] NCCL INFO Channel 00/0 : 2[85000] -> 5[46000] [receive] via NET/AWS Libfabric/3
x3002c0s7b1n0:45557:45582 [2] NCCL INFO Channel 02/0 : 6[85000] -> 9[46000] [send] via NET/AWS Libfabric/3
x3003c0s1b1n0:50049:50072 [1] NCCL INFO Channel 00/0 : 22[85000] -> 25[46000] [receive] via NET/AWS Libfabric/3
x3003c0s13b1n0:33243:33275 [0] NCCL INFO Channel 02 : 12[7000] -> 15[c7000] via P2P/IPC/read
x3003c0s1b1n0:50050:50074 [2] NCCL INFO Channel 02/0 : 26[85000] -> 29[46000] [send] via NET/AWS Libfabric/3
x3003c0s19b0n0:55307:55331 [1] NCCL INFO Channel 00/0 : 14[85000] -> 17[46000] [receive] via NET/AWS Libfabric/3
x3003c0s25b0n0:18629:18653 [2] NCCL INFO Channel 02/0 : 30[85000] -> 1[46000] [send] via NET/AWS Libfabric/3
x3003c0s13b1n0:33244:33267 [1] NCCL INFO Channel 02/0 : 10[85000] -> 13[46000] [receive] via NET/AWS Libfabric/3
x3003c0s25b0n0:18628:18651 [1] NCCL INFO Channel 02/0 : 26[85000] -> 29[46000] [receive] via NET/AWS Libfabric/3
x3003c0s13b0n0:9948:9968 [3] NCCL INFO Channel 01/0 : 4[7000] -> 11[c7000] [receive] via NET/AWS Libfabric/1
x3002c0s7b1n0:45556:45580 [1] NCCL INFO Channel 02/0 : 2[85000] -> 5[46000] [receive] via NET/AWS Libfabric/3
x3003c0s1b0n0:58101:58124 [1] NCCL INFO Channel 02/0 : 18[85000] -> 21[46000] [receive] via NET/AWS Libfabric/3
x3002c0s37b1n0:46349:46375 [1] NCCL INFO Channel 02/0 : 30[85000] -> 1[46000] [receive] via NET/AWS Libfabric/3
x3003c0s13b0n0:9946:9970 [1] NCCL INFO Channel 00/0 : 6[85000] -> 9[46000] [receive] via NET/AWS Libfabric/3
x3003c0s13b0n0:9945:9971 [0] NCCL INFO Channel 03/0 : 8[7000] -> 15[c7000] [send] via NET/AWS Libfabric/1
x3003c0s1b1n0:50049:50072 [1] NCCL INFO Channel 02/0 : 22[85000] -> 25[46000] [receive] via NET/AWS Libfabric/3
x3002c0s37b1n0:46348:46373 [0] NCCL INFO Channel 01/0 : 0[7000] -> 7[c7000] [send] via NET/AWS Libfabric/1
x3003c0s19b0n0:55306:55332 [0] NCCL INFO Channel 01/0 : 16[7000] -> 23[c7000] [send] via NET/AWS Libfabric/1
x3003c0s19b0n0:55307:55331 [1] NCCL INFO Channel 02/0 : 14[85000] -> 17[46000] [receive] via NET/AWS Libfabric/3
x3003c0s19b0n0:55309:55330 [3] NCCL INFO Channel 01/0 : 12[7000] -> 19[c7000] [receive] via NET/AWS Libfabric/1
x3003c0s13b0n0:9946:9970 [1] NCCL INFO Channel 02/0 : 6[85000] -> 9[46000] [receive] via NET/AWS Libfabric/3
x3003c0s25b0n0:18628:18651 [1] NCCL INFO Channel 00 : 29[46000] -> 28[7000] via P2P/IPC/read
x3003c0s25b0n0:18628:18651 [1] NCCL INFO Channel 01 : 29[46000] -> 28[7000] via P2P/IPC/read
x3003c0s1b1n0:50050:50074 [2] NCCL INFO Channel 01 : 26[85000] -> 25[46000] via P2P/IPC/read
x3003c0s25b0n0:18628:18651 [1] NCCL INFO Channel 02 : 29[46000] -> 28[7000] via P2P/IPC/read
x3003c0s1b1n0:50050:50074 [2] NCCL INFO Channel 03 : 26[85000] -> 25[46000] via P2P/IPC/read
x3003c0s25b0n0:18628:18651 [1] NCCL INFO Channel 03 : 29[46000] -> 28[7000] via P2P/IPC/read
x3003c0s13b0n0:9947:9969 [2] NCCL INFO Channel 01 : 10[85000] -> 9[46000] via P2P/IPC/read
x3003c0s13b0n0:9947:9969 [2] NCCL INFO Channel 03 : 10[85000] -> 9[46000] via P2P/IPC/read
x3003c0s1b1n0:50048:50075 [0] NCCL INFO Channel 01/0 : 24[7000] -> 31[c7000] [send] via NET/AWS Libfabric/1
x3002c0s37b1n0:46348:46373 [0] NCCL INFO Channel 03/0 : 0[7000] -> 7[c7000] [send] via NET/AWS Libfabric/1
x3002c0s37b1n0:46350:46374 [2] NCCL INFO Channel 01 : 2[85000] -> 1[46000] via P2P/IPC/read
x3002c0s37b1n0:46350:46374 [2] NCCL INFO Channel 03 : 2[85000] -> 1[46000] via P2P/IPC/read
x3003c0s19b0n0:55306:55332 [0] NCCL INFO Channel 03/0 : 16[7000] -> 23[c7000] [send] via NET/AWS Libfabric/1
x3003c0s1b0n0:58100:58126 [0] NCCL INFO Channel 01/0 : 20[7000] -> 27[c7000] [send] via NET/AWS Libfabric/1
x3002c0s37b1n0:46351:46376 [3] NCCL INFO Channel 01/0 : 28[7000] -> 3[c7000] [receive] via NET/AWS Libfabric/1
x3002c0s7b1n0:45555:45579 [0] NCCL INFO Channel 01/0 : 4[7000] -> 11[c7000] [send] via NET/AWS Libfabric/1
x3003c0s1b0n0:58103:58123 [3] NCCL INFO Channel 01/0 : 16[7000] -> 23[c7000] [receive] via NET/AWS Libfabric/1
x3002c0s37b1n0:46349:46375 [1] NCCL INFO Channel 00 : 1[46000] -> 0[7000] via P2P/IPC/read
x3002c0s37b1n0:46349:46375 [1] NCCL INFO Channel 01 : 1[46000] -> 0[7000] via P2P/IPC/read
x3003c0s25b0n0:18627:18654 [0] NCCL INFO Channel 01/0 : 28[7000] -> 3[c7000] [send] via NET/AWS Libfabric/1
x3003c0s1b0n0:58100:58126 [0] NCCL INFO Channel 03/0 : 20[7000] -> 27[c7000] [send] via NET/AWS Libfabric/1
x3003c0s1b0n0:58101:58124 [1] NCCL INFO Channel 00 : 21[46000] -> 20[7000] via P2P/IPC/read
x3003c0s1b0n0:58101:58124 [1] NCCL INFO Channel 01 : 21[46000] -> 20[7000] via P2P/IPC/read
x3003c0s1b0n0:58101:58124 [1] NCCL INFO Channel 02 : 21[46000] -> 20[7000] via P2P/IPC/read
x3003c0s1b0n0:58101:58124 [1] NCCL INFO Channel 03 : 21[46000] -> 20[7000] via P2P/IPC/read
x3003c0s1b1n0:50051:50073 [3] NCCL INFO Channel 01/0 : 20[7000] -> 27[c7000] [receive] via NET/AWS Libfabric/1
x3003c0s13b0n0:9948:9968 [3] NCCL INFO Channel 03/0 : 4[7000] -> 11[c7000] [receive] via NET/AWS Libfabric/1
x3003c0s13b1n0:33244:33267 [1] NCCL INFO Channel 00 : 13[46000] -> 12[7000] via P2P/IPC/read
x3003c0s13b1n0:33244:33267 [1] NCCL INFO Channel 01 : 13[46000] -> 12[7000] via P2P/IPC/read
x3003c0s13b1n0:33244:33267 [1] NCCL INFO Channel 02 : 13[46000] -> 12[7000] via P2P/IPC/read
x3003c0s13b1n0:33244:33267 [1] NCCL INFO Channel 03 : 13[46000] -> 12[7000] via P2P/IPC/read
x3003c0s1b1n0:50049:50072 [1] NCCL INFO Channel 00 : 25[46000] -> 24[7000] via P2P/IPC/read
x3003c0s1b1n0:50049:50072 [1] NCCL INFO Channel 01 : 25[46000] -> 24[7000] via P2P/IPC/read
x3003c0s1b1n0:50049:50072 [1] NCCL INFO Channel 02 : 25[46000] -> 24[7000] via P2P/IPC/read
x3003c0s1b1n0:50049:50072 [1] NCCL INFO Channel 03 : 25[46000] -> 24[7000] via P2P/IPC/read
x3002c0s37b1n0:46351:46376 [3] NCCL INFO Channel 03/0 : 28[7000] -> 3[c7000] [receive] via NET/AWS Libfabric/1
x3002c0s7b1n0:45558:45581 [3] NCCL INFO Channel 01/0 : 0[7000] -> 7[c7000] [receive] via NET/AWS Libfabric/1
x3003c0s25b0n0:18627:18654 [0] NCCL INFO Channel 03/0 : 28[7000] -> 3[c7000] [send] via NET/AWS Libfabric/1
x3003c0s1b1n0:50051:50073 [3] NCCL INFO Channel 03/0 : 20[7000] -> 27[c7000] [receive] via NET/AWS Libfabric/1
x3002c0s7b1n0:45555:45579 [0] NCCL INFO Channel 03/0 : 4[7000] -> 11[c7000] [send] via NET/AWS Libfabric/1
x3003c0s25b0n0:18630:18652 [3] NCCL INFO Channel 01/0 : 24[7000] -> 31[c7000] [receive] via NET/AWS Libfabric/1
x3003c0s1b1n0:50048:50075 [0] NCCL INFO Channel 03/0 : 24[7000] -> 31[c7000] [send] via NET/AWS Libfabric/1
x3002c0s37b1n0:46349:46375 [1] NCCL INFO Channel 02 : 1[46000] -> 0[7000] via P2P/IPC/read
x3003c0s13b1n0:33243:33275 [0] NCCL INFO Channel 01/0 : 12[7000] -> 19[c7000] [send] via NET/AWS Libfabric/1
x3003c0s19b0n0:55309:55330 [3] NCCL INFO Channel 03/0 : 12[7000] -> 19[c7000] [receive] via NET/AWS Libfabric/1
x3002c0s7b1n0:45556:45580 [1] NCCL INFO Channel 00 : 5[46000] -> 4[7000] via P2P/IPC/read
x3002c0s7b1n0:45558:45581 [3] NCCL INFO Channel 03/0 : 0[7000] -> 7[c7000] [receive] via NET/AWS Libfabric/1
x3003c0s25b0n0:18630:18652 [3] NCCL INFO Channel 03/0 : 24[7000] -> 31[c7000] [receive] via NET/AWS Libfabric/1
x3002c0s37b1n0:46349:46375 [1] NCCL INFO Channel 03 : 1[46000] -> 0[7000] via P2P/IPC/read
x3003c0s1b0n0:58103:58123 [3] NCCL INFO Channel 03/0 : 16[7000] -> 23[c7000] [receive] via NET/AWS Libfabric/1
x3003c0s13b1n0:33246:33268 [3] NCCL INFO Channel 01/0 : 8[7000] -> 15[c7000] [receive] via NET/AWS Libfabric/1
x3002c0s7b1n0:45557:45582 [2] NCCL INFO Channel 01 : 6[85000] -> 5[46000] via P2P/IPC/read
x3002c0s7b1n0:45557:45582 [2] NCCL INFO Channel 03 : 6[85000] -> 5[46000] via P2P/IPC/read
x3003c0s13b0n0:9946:9970 [1] NCCL INFO Channel 00 : 9[46000] -> 8[7000] via P2P/IPC/read
x3003c0s1b1n0:50051:50073 [3] NCCL INFO Channel 00 : 27[c7000] -> 26[85000] via P2P/IPC/read
x3002c0s37b1n0:46351:46376 [3] NCCL INFO Channel 00 : 3[c7000] -> 2[85000] via P2P/IPC/read
x3003c0s13b0n0:9948:9968 [3] NCCL INFO Channel 00 : 11[c7000] -> 10[85000] via P2P/IPC/read
x3003c0s19b0n0:55308:55333 [2] NCCL INFO Channel 01 : 18[85000] -> 17[46000] via P2P/IPC/read
x3003c0s19b0n0:55308:55333 [2] NCCL INFO Channel 03 : 18[85000] -> 17[46000] via P2P/IPC/read
x3002c0s37b1n0:46351:46376 [3] NCCL INFO Channel 01 : 3[c7000] -> 2[85000] via P2P/IPC/read
x3003c0s13b0n0:9948:9968 [3] NCCL INFO Channel 01 : 11[c7000] -> 10[85000] via P2P/IPC/read
x3003c0s13b0n0:9948:9968 [3] NCCL INFO Channel 02 : 11[c7000] -> 10[85000] via P2P/IPC/read
x3003c0s13b0n0:9948:9968 [3] NCCL INFO Channel 03 : 11[c7000] -> 10[85000] via P2P/IPC/read
x3002c0s7b1n0:45556:45580 [1] NCCL INFO Channel 01 : 5[46000] -> 4[7000] via P2P/IPC/read
x3003c0s13b0n0:9948:9968 [3] NCCL INFO Connected all rings
x3003c0s19b0n0:55307:55331 [1] NCCL INFO Channel 00 : 17[46000] -> 16[7000] via P2P/IPC/read
x3003c0s19b0n0:55307:55331 [1] NCCL INFO Channel 01 : 17[46000] -> 16[7000] via P2P/IPC/read
x3003c0s19b0n0:55307:55331 [1] NCCL INFO Channel 02 : 17[46000] -> 16[7000] via P2P/IPC/read
x3003c0s19b0n0:55307:55331 [1] NCCL INFO Channel 03 : 17[46000] -> 16[7000] via P2P/IPC/read
x3003c0s13b1n0:33243:33275 [0] NCCL INFO Channel 03/0 : 12[7000] -> 19[c7000] [send] via NET/AWS Libfabric/1
x3003c0s1b0n0:58102:58125 [2] NCCL INFO Channel 01 : 22[85000] -> 21[46000] via P2P/IPC/read
x3003c0s1b0n0:58102:58125 [2] NCCL INFO Channel 03 : 22[85000] -> 21[46000] via P2P/IPC/read
x3003c0s1b1n0:50051:50073 [3] NCCL INFO Channel 01 : 27[c7000] -> 26[85000] via P2P/IPC/read
x3003c0s1b1n0:50051:50073 [3] NCCL INFO Channel 02 : 27[c7000] -> 26[85000] via P2P/IPC/read
x3003c0s1b1n0:50051:50073 [3] NCCL INFO Channel 03 : 27[c7000] -> 26[85000] via P2P/IPC/read
x3003c0s1b1n0:50051:50073 [3] NCCL INFO Connected all rings
x3003c0s25b0n0:18630:18652 [3] NCCL INFO Channel 00 : 31[c7000] -> 30[85000] via P2P/IPC/read
x3003c0s25b0n0:18630:18652 [3] NCCL INFO Channel 01 : 31[c7000] -> 30[85000] via P2P/IPC/read
x3003c0s25b0n0:18630:18652 [3] NCCL INFO Channel 02 : 31[c7000] -> 30[85000] via P2P/IPC/read
x3003c0s25b0n0:18630:18652 [3] NCCL INFO Channel 03 : 31[c7000] -> 30[85000] via P2P/IPC/read
x3003c0s13b0n0:9946:9970 [1] NCCL INFO Channel 01 : 9[46000] -> 8[7000] via P2P/IPC/read
x3002c0s7b1n0:45558:45581 [3] NCCL INFO Channel 00 : 7[c7000] -> 6[85000] via P2P/IPC/read
x3002c0s7b1n0:45556:45580 [1] NCCL INFO Channel 02 : 5[46000] -> 4[7000] via P2P/IPC/read
x3002c0s37b1n0:46348:46373 [0] NCCL INFO Connected all rings
x3002c0s37b1n0:46348:46373 [0] NCCL INFO Channel 00 : 0[7000] -> 1[46000] via P2P/IPC/read
x3002c0s37b1n0:46349:46375 [1] NCCL INFO Connected all rings
x3002c0s37b1n0:46351:46376 [3] NCCL INFO Channel 02 : 3[c7000] -> 2[85000] via P2P/IPC/read
x3003c0s1b0n0:58103:58123 [3] NCCL INFO Channel 00 : 23[c7000] -> 22[85000] via P2P/IPC/read
x3003c0s1b0n0:58103:58123 [3] NCCL INFO Channel 01 : 23[c7000] -> 22[85000] via P2P/IPC/read
x3003c0s1b0n0:58103:58123 [3] NCCL INFO Channel 02 : 23[c7000] -> 22[85000] via P2P/IPC/read
x3003c0s1b0n0:58103:58123 [3] NCCL INFO Channel 03 : 23[c7000] -> 22[85000] via P2P/IPC/read
x3003c0s1b0n0:58103:58123 [3] NCCL INFO Connected all rings
x3003c0s19b0n0:55306:55332 [0] NCCL INFO Connected all rings
x3003c0s19b0n0:55306:55332 [0] NCCL INFO Channel 00 : 16[7000] -> 17[46000] via P2P/IPC/read
x3003c0s19b0n0:55307:55331 [1] NCCL INFO Connected all rings
x3003c0s1b1n0:50050:50074 [2] NCCL INFO Connected all rings
x3003c0s1b1n0:50050:50074 [2] NCCL INFO Channel 00 : 26[85000] -> 27[c7000] via P2P/IPC/read
x3003c0s1b1n0:50050:50074 [2] NCCL INFO Channel 01 : 26[85000] -> 27[c7000] via P2P/IPC/read
x3003c0s1b1n0:50050:50074 [2] NCCL INFO Channel 02 : 26[85000] -> 27[c7000] via P2P/IPC/read
x3003c0s1b1n0:50050:50074 [2] NCCL INFO Channel 03 : 26[85000] -> 27[c7000] via P2P/IPC/read
x3003c0s25b0n0:18629:18653 [2] NCCL INFO Channel 01 : 30[85000] -> 29[46000] via P2P/IPC/read
x3003c0s1b0n0:58102:58125 [2] NCCL INFO Connected all rings
x3003c0s13b1n0:33246:33268 [3] NCCL INFO Channel 03/0 : 8[7000] -> 15[c7000] [receive] via NET/AWS Libfabric/1
x3002c0s37b1n0:46351:46376 [3] NCCL INFO Channel 03 : 3[c7000] -> 2[85000] via P2P/IPC/read
x3002c0s37b1n0:46348:46373 [0] NCCL INFO Channel 01 : 0[7000] -> 1[46000] via P2P/IPC/read
x3002c0s37b1n0:46348:46373 [0] NCCL INFO Channel 02 : 0[7000] -> 1[46000] via P2P/IPC/read
x3002c0s37b1n0:46348:46373 [0] NCCL INFO Channel 03 : 0[7000] -> 1[46000] via P2P/IPC/read
x3002c0s7b1n0:45556:45580 [1] NCCL INFO Channel 03 : 5[46000] -> 4[7000] via P2P/IPC/read
x3003c0s19b0n0:55309:55330 [3] NCCL INFO Channel 00 : 19[c7000] -> 18[85000] via P2P/IPC/read
x3002c0s7b1n0:45558:45581 [3] NCCL INFO Channel 01 : 7[c7000] -> 6[85000] via P2P/IPC/read
x3002c0s37b1n0:46351:46376 [3] NCCL INFO Connected all rings
x3002c0s37b1n0:46350:46374 [2] NCCL INFO Connected all rings
x3003c0s19b0n0:55306:55332 [0] NCCL INFO Channel 01 : 16[7000] -> 17[46000] via P2P/IPC/read
x3003c0s25b0n0:18629:18653 [2] NCCL INFO Channel 03 : 30[85000] -> 29[46000] via P2P/IPC/read
x3003c0s13b0n0:9946:9970 [1] NCCL INFO Channel 02 : 9[46000] -> 8[7000] via P2P/IPC/read
x3003c0s19b0n0:55309:55330 [3] NCCL INFO Channel 01 : 19[c7000] -> 18[85000] via P2P/IPC/read
x3003c0s19b0n0:55309:55330 [3] NCCL INFO Channel 02 : 19[c7000] -> 18[85000] via P2P/IPC/read
x3003c0s19b0n0:55309:55330 [3] NCCL INFO Channel 03 : 19[c7000] -> 18[85000] via P2P/IPC/read
x3003c0s13b1n0:33245:33269 [2] NCCL INFO Channel 01 : 14[85000] -> 13[46000] via P2P/IPC/read
x3003c0s13b1n0:33245:33269 [2] NCCL INFO Channel 03 : 14[85000] -> 13[46000] via P2P/IPC/read
x3003c0s19b0n0:55308:55333 [2] NCCL INFO Connected all rings
x3003c0s19b0n0:55309:55330 [3] NCCL INFO Connected all rings
x3002c0s7b1n0:45555:45579 [0] NCCL INFO Connected all rings
x3002c0s7b1n0:45555:45579 [0] NCCL INFO Channel 00 : 4[7000] -> 5[46000] via P2P/IPC/read
x3002c0s7b1n0:45556:45580 [1] NCCL INFO Connected all rings
x3003c0s25b0n0:18630:18652 [3] NCCL INFO Connected all rings
x3003c0s25b0n0:18629:18653 [2] NCCL INFO Connected all rings
x3002c0s7b1n0:45558:45581 [3] NCCL INFO Channel 02 : 7[c7000] -> 6[85000] via P2P/IPC/read
x3002c0s7b1n0:45558:45581 [3] NCCL INFO Channel 03 : 7[c7000] -> 6[85000] via P2P/IPC/read
x3002c0s7b1n0:45557:45582 [2] NCCL INFO Connected all rings
x3002c0s7b1n0:45558:45581 [3] NCCL INFO Connected all rings
x3003c0s13b0n0:9946:9970 [1] NCCL INFO Channel 03 : 9[46000] -> 8[7000] via P2P/IPC/read
x3003c0s1b1n0:50051:50073 [3] NCCL INFO Channel 01/0 : 27[c7000] -> 31[c7000] [send] via NET/AWS Libfabric/1
x3003c0s13b1n0:33246:33268 [3] NCCL INFO Channel 00 : 15[c7000] -> 14[85000] via P2P/IPC/read
x3002c0s7b1n0:45555:45579 [0] NCCL INFO Channel 01 : 4[7000] -> 5[46000] via P2P/IPC/read
x3003c0s19b0n0:55306:55332 [0] NCCL INFO Channel 02 : 16[7000] -> 17[46000] via P2P/IPC/read
x3002c0s7b1n0:45555:45579 [0] NCCL INFO Channel 02 : 4[7000] -> 5[46000] via P2P/IPC/read
x3002c0s7b1n0:45555:45579 [0] NCCL INFO Channel 03 : 4[7000] -> 5[46000] via P2P/IPC/read
x3003c0s19b0n0:55306:55332 [0] NCCL INFO Channel 03 : 16[7000] -> 17[46000] via P2P/IPC/read
x3003c0s13b1n0:33243:33275 [0] NCCL INFO Connected all rings
x3003c0s13b1n0:33243:33275 [0] NCCL INFO Channel 00 : 12[7000] -> 13[46000] via P2P/IPC/read
x3003c0s13b1n0:33244:33267 [1] NCCL INFO Connected all rings
x3003c0s13b0n0:9945:9971 [0] NCCL INFO Connected all rings
x3003c0s13b0n0:9945:9971 [0] NCCL INFO Channel 00 : 8[7000] -> 9[46000] via P2P/IPC/read
x3003c0s13b0n0:9947:9969 [2] NCCL INFO Connected all rings
x3003c0s13b0n0:9946:9970 [1] NCCL INFO Connected all rings
x3002c0s7b1n0:45556:45580 [1] NCCL INFO Channel 00 : 5[46000] -> 6[85000] via P2P/IPC/read
x3002c0s7b1n0:45556:45580 [1] NCCL INFO Channel 01 : 5[46000] -> 6[85000] via P2P/IPC/read
x3002c0s7b1n0:45556:45580 [1] NCCL INFO Channel 02 : 5[46000] -> 6[85000] via P2P/IPC/read
x3002c0s7b1n0:45556:45580 [1] NCCL INFO Channel 03 : 5[46000] -> 6[85000] via P2P/IPC/read
x3003c0s19b0n0:55307:55331 [1] NCCL INFO Channel 00 : 17[46000] -> 18[85000] via P2P/IPC/read
x3003c0s19b0n0:55307:55331 [1] NCCL INFO Channel 01 : 17[46000] -> 18[85000] via P2P/IPC/read
x3003c0s19b0n0:55307:55331 [1] NCCL INFO Channel 02 : 17[46000] -> 18[85000] via P2P/IPC/read
x3003c0s19b0n0:55307:55331 [1] NCCL INFO Channel 03 : 17[46000] -> 18[85000] via P2P/IPC/read
x3003c0s1b0n0:58100:58126 [0] NCCL INFO Connected all rings
x3003c0s1b0n0:58100:58126 [0] NCCL INFO Channel 00 : 20[7000] -> 21[46000] via P2P/IPC/read
x3003c0s1b0n0:58101:58124 [1] NCCL INFO Connected all rings
x3003c0s1b1n0:50048:50075 [0] NCCL INFO Connected all rings
x3003c0s1b1n0:50048:50075 [0] NCCL INFO Channel 00 : 24[7000] -> 25[46000] via P2P/IPC/read
x3003c0s13b1n0:33246:33268 [3] NCCL INFO Channel 01 : 15[c7000] -> 14[85000] via P2P/IPC/read
x3003c0s1b1n0:50049:50072 [1] NCCL INFO Connected all rings
x3003c0s13b1n0:33243:33275 [0] NCCL INFO Channel 01 : 12[7000] -> 13[46000] via P2P/IPC/read
x3002c0s37b1n0:46349:46375 [1] NCCL INFO Channel 00 : 1[46000] -> 2[85000] via P2P/IPC/read
x3002c0s37b1n0:46349:46375 [1] NCCL INFO Channel 01 : 1[46000] -> 2[85000] via P2P/IPC/read
x3002c0s37b1n0:46349:46375 [1] NCCL INFO Channel 02 : 1[46000] -> 2[85000] via P2P/IPC/read
x3002c0s37b1n0:46349:46375 [1] NCCL INFO Channel 03 : 1[46000] -> 2[85000] via P2P/IPC/read
x3003c0s25b0n0:18627:18654 [0] NCCL INFO Connected all rings
x3003c0s25b0n0:18627:18654 [0] NCCL INFO Channel 00 : 28[7000] -> 29[46000] via P2P/IPC/read
x3003c0s1b1n0:50048:50075 [0] NCCL INFO Channel 01 : 24[7000] -> 25[46000] via P2P/IPC/read
x3002c0s37b1n0:46350:46374 [2] NCCL INFO Channel 00 : 2[85000] -> 3[c7000] via P2P/IPC/read
x3002c0s37b1n0:46350:46374 [2] NCCL INFO Channel 01 : 2[85000] -> 3[c7000] via P2P/IPC/read
x3002c0s37b1n0:46350:46374 [2] NCCL INFO Channel 02 : 2[85000] -> 3[c7000] via P2P/IPC/read
x3002c0s37b1n0:46350:46374 [2] NCCL INFO Channel 03 : 2[85000] -> 3[c7000] via P2P/IPC/read
x3003c0s25b0n0:18628:18651 [1] NCCL INFO Connected all rings
x3003c0s13b1n0:33243:33275 [0] NCCL INFO Channel 02 : 12[7000] -> 13[46000] via P2P/IPC/read
x3003c0s1b0n0:58100:58126 [0] NCCL INFO Channel 01 : 20[7000] -> 21[46000] via P2P/IPC/read
x3003c0s13b1n0:33243:33275 [0] NCCL INFO Channel 03 : 12[7000] -> 13[46000] via P2P/IPC/read
x3003c0s1b1n0:50048:50075 [0] NCCL INFO Channel 02 : 24[7000] -> 25[46000] via P2P/IPC/read
x3003c0s1b1n0:50048:50075 [0] NCCL INFO Channel 03 : 24[7000] -> 25[46000] via P2P/IPC/read
x3003c0s19b0n0:55308:55333 [2] NCCL INFO Channel 00 : 18[85000] -> 19[c7000] via P2P/IPC/read
x3003c0s19b0n0:55308:55333 [2] NCCL INFO Channel 01 : 18[85000] -> 19[c7000] via P2P/IPC/read
x3003c0s19b0n0:55308:55333 [2] NCCL INFO Channel 02 : 18[85000] -> 19[c7000] via P2P/IPC/read
x3003c0s19b0n0:55308:55333 [2] NCCL INFO Channel 03 : 18[85000] -> 19[c7000] via P2P/IPC/read
x3003c0s13b0n0:9945:9971 [0] NCCL INFO Channel 01 : 8[7000] -> 9[46000] via P2P/IPC/read
x3003c0s13b0n0:9945:9971 [0] NCCL INFO Channel 02 : 8[7000] -> 9[46000] via P2P/IPC/read
x3003c0s13b0n0:9945:9971 [0] NCCL INFO Channel 03 : 8[7000] -> 9[46000] via P2P/IPC/read
x3003c0s1b0n0:58101:58124 [1] NCCL INFO Channel 00 : 21[46000] -> 22[85000] via P2P/IPC/read
x3003c0s1b0n0:58101:58124 [1] NCCL INFO Channel 01 : 21[46000] -> 22[85000] via P2P/IPC/read
x3003c0s1b0n0:58101:58124 [1] NCCL INFO Channel 02 : 21[46000] -> 22[85000] via P2P/IPC/read
x3003c0s1b0n0:58101:58124 [1] NCCL INFO Channel 03 : 21[46000] -> 22[85000] via P2P/IPC/read
x3003c0s1b0n0:58100:58126 [0] NCCL INFO Channel 02 : 20[7000] -> 21[46000] via P2P/IPC/read
x3003c0s1b0n0:58100:58126 [0] NCCL INFO Channel 03 : 20[7000] -> 21[46000] via P2P/IPC/read
x3002c0s37b1n0:46350:46374 [2] NCCL INFO Channel 00 : 2[85000] -> 1[46000] via P2P/IPC/read
x3003c0s13b1n0:33246:33268 [3] NCCL INFO Channel 02 : 15[c7000] -> 14[85000] via P2P/IPC/read
x3003c0s25b0n0:18627:18654 [0] NCCL INFO Channel 01 : 28[7000] -> 29[46000] via P2P/IPC/read
x3003c0s1b0n0:58102:58125 [2] NCCL INFO Channel 00 : 22[85000] -> 23[c7000] via P2P/IPC/read
x3003c0s1b0n0:58102:58125 [2] NCCL INFO Channel 01 : 22[85000] -> 23[c7000] via P2P/IPC/read
x3003c0s1b0n0:58102:58125 [2] NCCL INFO Channel 02 : 22[85000] -> 23[c7000] via P2P/IPC/read
x3003c0s1b0n0:58102:58125 [2] NCCL INFO Channel 03 : 22[85000] -> 23[c7000] via P2P/IPC/read
x3002c0s37b1n0:46348:46373 [0] NCCL INFO Channel 02/0 : 0[7000] -> 4[7000] [send] via NET/AWS Libfabric/3
x3003c0s25b0n0:18628:18651 [1] NCCL INFO Channel 00 : 29[46000] -> 30[85000] via P2P/IPC/read
x3003c0s25b0n0:18628:18651 [1] NCCL INFO Channel 01 : 29[46000] -> 30[85000] via P2P/IPC/read
x3003c0s25b0n0:18628:18651 [1] NCCL INFO Channel 02 : 29[46000] -> 30[85000] via P2P/IPC/read
x3003c0s25b0n0:18628:18651 [1] NCCL INFO Channel 03 : 29[46000] -> 30[85000] via P2P/IPC/read
x3003c0s19b0n0:55306:55332 [0] NCCL INFO Channel 02/0 : 16[7000] -> 20[7000] [send] via NET/AWS Libfabric/3
x3003c0s13b0n0:9946:9970 [1] NCCL INFO Channel 00 : 9[46000] -> 10[85000] via P2P/IPC/read
x3003c0s13b0n0:9946:9970 [1] NCCL INFO Channel 01 : 9[46000] -> 10[85000] via P2P/IPC/read
x3003c0s13b0n0:9946:9970 [1] NCCL INFO Channel 02 : 9[46000] -> 10[85000] via P2P/IPC/read
x3003c0s13b0n0:9946:9970 [1] NCCL INFO Channel 03 : 9[46000] -> 10[85000] via P2P/IPC/read
x3002c0s7b1n0:45555:45579 [0] NCCL INFO Channel 02/0 : 0[7000] -> 4[7000] [receive] via NET/AWS Libfabric/3
x3002c0s7b1n0:45557:45582 [2] NCCL INFO Channel 00 : 6[85000] -> 7[c7000] via P2P/IPC/read
x3003c0s19b0n0:55307:55331 [1] NCCL INFO Channel 00/0 : 8[7000] -> 17[46000] [receive] via NET/AWS Libfabric/3
x3003c0s25b0n0:18627:18654 [0] NCCL INFO Channel 02 : 28[7000] -> 29[46000] via P2P/IPC/read
x3003c0s25b0n0:18629:18653 [2] NCCL INFO Channel 00 : 30[85000] -> 31[c7000] via P2P/IPC/read
x3003c0s25b0n0:18629:18653 [2] NCCL INFO Channel 01 : 30[85000] -> 31[c7000] via P2P/IPC/read
x3003c0s25b0n0:18629:18653 [2] NCCL INFO Channel 02 : 30[85000] -> 31[c7000] via P2P/IPC/read
x3003c0s25b0n0:18629:18653 [2] NCCL INFO Channel 03 : 30[85000] -> 31[c7000] via P2P/IPC/read
x3003c0s13b0n0:9947:9969 [2] NCCL INFO Channel 00 : 10[85000] -> 11[c7000] via P2P/IPC/read
x3003c0s13b0n0:9947:9969 [2] NCCL INFO Channel 01 : 10[85000] -> 11[c7000] via P2P/IPC/read
x3003c0s13b0n0:9947:9969 [2] NCCL INFO Channel 02 : 10[85000] -> 11[c7000] via P2P/IPC/read
x3002c0s7b1n0:45557:45582 [2] NCCL INFO Channel 01 : 6[85000] -> 7[c7000] via P2P/IPC/read
x3002c0s7b1n0:45557:45582 [2] NCCL INFO Channel 02 : 6[85000] -> 7[c7000] via P2P/IPC/read
x3003c0s13b0n0:9947:9969 [2] NCCL INFO Channel 03 : 10[85000] -> 11[c7000] via P2P/IPC/read
x3002c0s7b1n0:45557:45582 [2] NCCL INFO Channel 03 : 6[85000] -> 7[c7000] via P2P/IPC/read
x3003c0s25b0n0:18629:18653 [2] NCCL INFO Channel 00 : 30[85000] -> 29[46000] via P2P/IPC/read
x3003c0s1b0n0:58101:58124 [1] NCCL INFO Channel 02/0 : 21[46000] -> 24[7000] [send] via NET/AWS Libfabric/3
x3003c0s1b0n0:58103:58123 [3] NCCL INFO Channel 01/0 : 23[c7000] -> 26[85000] [send] via NET/AWS Libfabric/1
x3003c0s13b1n0:33246:33268 [3] NCCL INFO Channel 03 : 15[c7000] -> 14[85000] via P2P/IPC/read
x3002c0s37b1n0:46350:46374 [2] NCCL INFO Channel 02 : 2[85000] -> 1[46000] via P2P/IPC/read
x3003c0s19b0n0:55309:55330 [3] NCCL INFO Channel 03/0 : 19[c7000] -> 23[c7000] [send] via NET/AWS Libfabric/1
x3003c0s1b0n0:58100:58126 [0] NCCL INFO Channel 02/0 : 16[7000] -> 20[7000] [receive] via NET/AWS Libfabric/3
x3003c0s19b0n0:55308:55333 [2] NCCL INFO Channel 01/0 : 11[c7000] -> 18[85000] [receive] via NET/AWS Libfabric/1
x3002c0s37b1n0:46351:46376 [3] NCCL INFO Channel 03/0 : 3[c7000] -> 7[c7000] [send] via NET/AWS Libfabric/1
x3002c0s7b1n0:45558:45581 [3] NCCL INFO Channel 01/0 : 7[c7000] -> 10[85000] [send] via NET/AWS Libfabric/1
x3003c0s1b0n0:58102:58125 [2] NCCL INFO Channel 03/0 : 22[85000] -> 27[c7000] [send] via NET/AWS Libfabric/1
x3003c0s13b0n0:9948:9968 [3] NCCL INFO Channel 01/0 : 11[c7000] -> 15[c7000] [send] via NET/AWS Libfabric/1
x3003c0s25b0n0:18629:18653 [2] NCCL INFO Channel 02 : 30[85000] -> 29[46000] via P2P/IPC/read
x3003c0s13b1n0:33244:33267 [1] NCCL INFO Channel 00 : 13[46000] -> 14[85000] via P2P/IPC/read
x3003c0s25b0n0:18627:18654 [0] NCCL INFO Channel 03 : 28[7000] -> 29[46000] via P2P/IPC/read
x3002c0s37b1n0:46350:46374 [2] NCCL INFO Connected all trees
x3002c0s37b1n0:46350:46374 [2] NCCL INFO MSCCL_XML_FILES set by environment to /home/yuke/ncclPG/CCL-LYD/msccl_tools_lyd/examples/xml/xml_lyd/binary_tree/allreduce_binary_tree_2ch_32chunk_32gpus.xml
x3002c0s37b1n0:46350:46374 [2] NCCL INFO MSCCL: Parsing algorithm /home/yuke/ncclPG/CCL-LYD/msccl_tools_lyd/examples/xml/xml_lyd/binary_tree/allreduce_binary_tree_2ch_32chunk_32gpus.xml
x3002c0s37b1n0:46349:46375 [1] NCCL INFO Connected all trees
x3002c0s37b1n0:46349:46375 [1] NCCL INFO MSCCL_XML_FILES set by environment to /home/yuke/ncclPG/CCL-LYD/msccl_tools_lyd/examples/xml/xml_lyd/binary_tree/allreduce_binary_tree_2ch_32chunk_32gpus.xml
x3002c0s37b1n0:46349:46375 [1] NCCL INFO MSCCL: Parsing algorithm /home/yuke/ncclPG/CCL-LYD/msccl_tools_lyd/examples/xml/xml_lyd/binary_tree/allreduce_binary_tree_2ch_32chunk_32gpus.xml
x3002c0s7b1n0:45556:45580 [1] NCCL INFO Channel 02/0 : 5[46000] -> 8[7000] [send] via NET/AWS Libfabric/3
x3003c0s13b1n0:33245:33269 [2] NCCL INFO Connected all rings
x3003c0s13b1n0:33246:33268 [3] NCCL INFO Connected all rings
x3002c0s37b1n0:46348:46373 [0] NCCL INFO Channel 00/0 : 16[7000] -> 0[7000] [receive] via NET/AWS Libfabric/3
x3003c0s25b0n0:18630:18652 [3] NCCL INFO Channel 01/0 : 27[c7000] -> 31[c7000] [receive] via NET/AWS Libfabric/1
x3002c0s7b1n0:45557:45582 [2] NCCL INFO Channel 03/0 : 6[85000] -> 11[c7000] [send] via NET/AWS Libfabric/1
x3002c0s37b1n0:46349:46375 [1] NCCL INFO Parsed MSCCL Algorithm /home/yuke/ncclPG/CCL-LYD/msccl_tools_lyd/examples/xml/xml_lyd/binary_tree/allreduce_binary_tree_2ch_32chunk_32gpus.xml successfully.
x3002c0s37b1n0:46349:46375 [1] NCCL INFO Connected 1 MSCCL algorithms
x3002c0s37b1n0:46349:46375 [1] NCCL INFO NCCL_NTHREADS set by environment to 512.
x3002c0s37b1n0:46349:46375 [1] NCCL INFO NCCL_PROTO set by environment to Simple
x3002c0s37b1n0:46349:46375 [1] NCCL INFO NCCL_ALGO set by environment to MSCCL,TREE,RING
x3002c0s37b1n0:46349:46375 [1] NCCL INFO threadThresholds 8/8/64 | 256/8/64 | 8/8/64 | 8/8/512
x3002c0s37b1n0:46349:46375 [1] NCCL INFO 4 coll channels, 4 p2p channels, 2 p2p channels per peer
x3002c0s37b1n0:46350:46374 [2] NCCL INFO Parsed MSCCL Algorithm /home/yuke/ncclPG/CCL-LYD/msccl_tools_lyd/examples/xml/xml_lyd/binary_tree/allreduce_binary_tree_2ch_32chunk_32gpus.xml successfully.
x3002c0s37b1n0:46350:46374 [2] NCCL INFO Connected 1 MSCCL algorithms
x3002c0s37b1n0:46350:46374 [2] NCCL INFO NCCL_NTHREADS set by environment to 512.
x3002c0s37b1n0:46350:46374 [2] NCCL INFO NCCL_PROTO set by environment to Simple
x3002c0s37b1n0:46350:46374 [2] NCCL INFO NCCL_ALGO set by environment to MSCCL,TREE,RING
x3002c0s37b1n0:46350:46374 [2] NCCL INFO threadThresholds 8/8/64 | 256/8/64 | 8/8/64 | 8/8/512
x3002c0s37b1n0:46350:46374 [2] NCCL INFO 4 coll channels, 4 p2p channels, 2 p2p channels per peer
x3003c0s13b0n0:9945:9971 [0] NCCL INFO Channel 02/0 : 5[46000] -> 8[7000] [receive] via NET/AWS Libfabric/3
x3003c0s1b1n0:50049:50072 [1] NCCL INFO Channel 00 : 25[46000] -> 26[85000] via P2P/IPC/read
x3002c0s7b1n0:45555:45579 [0] NCCL INFO Channel 00/0 : 4[7000] -> 9[46000] [send] via NET/AWS Libfabric/3
x3003c0s13b0n0:9947:9969 [2] NCCL INFO Channel 01/0 : 7[c7000] -> 10[85000] [receive] via NET/AWS Libfabric/1
x3003c0s19b0n0:55306:55332 [0] NCCL INFO Channel 00/0 : 16[7000] -> 24[7000] [send] via NET/AWS Libfabric/3
x3003c0s13b1n0:33244:33267 [1] NCCL INFO Channel 01 : 13[46000] -> 14[85000] via P2P/IPC/read
x3003c0s1b1n0:50049:50072 [1] NCCL INFO Channel 01 : 25[46000] -> 26[85000] via P2P/IPC/read
x3003c0s13b1n0:33245:33269 [2] NCCL INFO Channel 00 : 14[85000] -> 15[c7000] via P2P/IPC/read
x3003c0s13b1n0:33245:33269 [2] NCCL INFO Channel 01 : 14[85000] -> 15[c7000] via P2P/IPC/read
x3003c0s13b1n0:33245:33269 [2] NCCL INFO Channel 02 : 14[85000] -> 15[c7000] via P2P/IPC/read
x3003c0s13b1n0:33245:33269 [2] NCCL INFO Channel 03 : 14[85000] -> 15[c7000] via P2P/IPC/read
x3003c0s13b0n0:9946:9970 [1] NCCL INFO Channel 00/0 : 4[7000] -> 9[46000] [receive] via NET/AWS Libfabric/3
x3003c0s1b1n0:50051:50073 [3] NCCL INFO Channel 03/0 : 22[85000] -> 27[c7000] [receive] via NET/AWS Libfabric/1
x3003c0s1b1n0:50049:50072 [1] NCCL INFO Channel 02 : 25[46000] -> 26[85000] via P2P/IPC/read
x3003c0s13b1n0:33244:33267 [1] NCCL INFO Channel 02 : 13[46000] -> 14[85000] via P2P/IPC/read
x3003c0s1b0n0:58100:58126 [0] NCCL INFO Channel 00/0 : 20[7000] -> 25[46000] [send] via NET/AWS Libfabric/3
x3002c0s7b1n0:45555:45579 [0] NCCL INFO Channel 02/0 : 4[7000] -> 12[7000] [send] via NET/AWS Libfabric/3
x3002c0s37b1n0:46348:46373 [0] NCCL INFO Channel 00/0 : 0[7000] -> 16[7000] [send] via NET/AWS Libfabric/3
x3002c0s7b1n0:45556:45580 [1] NCCL INFO Channel 02/0 : 8[7000] -> 5[46000] [receive] via NET/AWS Libfabric/3
x3003c0s1b1n0:50049:50072 [1] NCCL INFO Channel 03 : 25[46000] -> 26[85000] via P2P/IPC/read
x3003c0s13b1n0:33244:33267 [1] NCCL INFO Channel 03 : 13[46000] -> 14[85000] via P2P/IPC/read
x3003c0s13b0n0:9945:9971 [0] NCCL INFO Channel 00/0 : 8[7000] -> 12[7000] [send] via NET/AWS Libfabric/3
x3002c0s7b1n0:45558:45581 [3] NCCL INFO Channel 03/0 : 3[c7000] -> 7[c7000] [receive] via NET/AWS Libfabric/1
x3003c0s25b0n0:18628:18651 [1] NCCL INFO Connected all trees
x3003c0s25b0n0:18628:18651 [1] NCCL INFO MSCCL_XML_FILES set by environment to /home/yuke/ncclPG/CCL-LYD/msccl_tools_lyd/examples/xml/xml_lyd/binary_tree/allreduce_binary_tree_2ch_32chunk_32gpus.xml
x3003c0s25b0n0:18628:18651 [1] NCCL INFO MSCCL: Parsing algorithm /home/yuke/ncclPG/CCL-LYD/msccl_tools_lyd/examples/xml/xml_lyd/binary_tree/allreduce_binary_tree_2ch_32chunk_32gpus.xml
x3003c0s25b0n0:18629:18653 [2] NCCL INFO Connected all trees
x3003c0s25b0n0:18629:18653 [2] NCCL INFO MSCCL_XML_FILES set by environment to /home/yuke/ncclPG/CCL-LYD/msccl_tools_lyd/examples/xml/xml_lyd/binary_tree/allreduce_binary_tree_2ch_32chunk_32gpus.xml
x3003c0s25b0n0:18629:18653 [2] NCCL INFO MSCCL: Parsing algorithm /home/yuke/ncclPG/CCL-LYD/msccl_tools_lyd/examples/xml/xml_lyd/binary_tree/allreduce_binary_tree_2ch_32chunk_32gpus.xml
x3003c0s25b0n0:18630:18652 [3] NCCL INFO Channel 03/0 : 15[c7000] -> 31[c7000] [receive] via NET/AWS Libfabric/1
x3003c0s13b0n0:9946:9970 [1] NCCL INFO Channel 00/0 : 9[46000] -> 4[7000] [send] via NET/AWS Libfabric/3
x3003c0s1b0n0:58102:58125 [2] NCCL INFO Channel 03/0 : 27[c7000] -> 22[85000] [receive] via NET/AWS Libfabric/1
x3003c0s25b0n0:18627:18654 [0] NCCL INFO Channel 00/0 : 24[7000] -> 28[7000] [receive] via NET/AWS Libfabric/3
x3003c0s13b0n0:9947:9969 [2] NCCL INFO Channel 01/0 : 10[85000] -> 7[c7000] [send] via NET/AWS Libfabric/1
x3003c0s1b1n0:50051:50073 [3] NCCL INFO Channel 01/0 : 19[c7000] -> 27[c7000] [receive] via NET/AWS Libfabric/1
x3003c0s25b0n0:18628:18651 [1] NCCL INFO Parsed MSCCL Algorithm /home/yuke/ncclPG/CCL-LYD/msccl_tools_lyd/examples/xml/xml_lyd/binary_tree/allreduce_binary_tree_2ch_32chunk_32gpus.xml successfully.
x3003c0s25b0n0:18628:18651 [1] NCCL INFO Connected 1 MSCCL algorithms
x3003c0s25b0n0:18628:18651 [1] NCCL INFO NCCL_NTHREADS set by environment to 512.
x3003c0s25b0n0:18628:18651 [1] NCCL INFO NCCL_PROTO set by environment to Simple
x3003c0s25b0n0:18628:18651 [1] NCCL INFO NCCL_ALGO set by environment to MSCCL,TREE,RING
x3003c0s25b0n0:18628:18651 [1] NCCL INFO threadThresholds 8/8/64 | 256/8/64 | 8/8/64 | 8/8/512
x3003c0s25b0n0:18628:18651 [1] NCCL INFO 4 coll channels, 4 p2p channels, 2 p2p channels per peer
x3003c0s25b0n0:18630:18652 [3] NCCL INFO Channel 03/0 : 31[c7000] -> 15[c7000] [send] via NET/AWS Libfabric/1
x3003c0s25b0n0:18629:18653 [2] NCCL INFO Parsed MSCCL Algorithm /home/yuke/ncclPG/CCL-LYD/msccl_tools_lyd/examples/xml/xml_lyd/binary_tree/allreduce_binary_tree_2ch_32chunk_32gpus.xml successfully.
x3003c0s25b0n0:18629:18653 [2] NCCL INFO Connected 1 MSCCL algorithms
x3003c0s25b0n0:18629:18653 [2] NCCL INFO NCCL_NTHREADS set by environment to 512.
x3003c0s25b0n0:18629:18653 [2] NCCL INFO NCCL_PROTO set by environment to Simple
x3003c0s25b0n0:18629:18653 [2] NCCL INFO NCCL_ALGO set by environment to MSCCL,TREE,RING
x3003c0s25b0n0:18629:18653 [2] NCCL INFO threadThresholds 8/8/64 | 256/8/64 | 8/8/64 | 8/8/512
x3003c0s25b0n0:18629:18653 [2] NCCL INFO 4 coll channels, 4 p2p channels, 2 p2p channels per peer
x3002c0s37b1n0:46351:46376 [3] NCCL INFO Channel 01/0 : 19[c7000] -> 3[c7000] [receive] via NET/AWS Libfabric/1
x3003c0s13b1n0:33243:33275 [0] NCCL INFO Channel 00/0 : 8[7000] -> 12[7000] [receive] via NET/AWS Libfabric/3
x3003c0s1b1n0:50050:50074 [2] NCCL INFO Channel 01/0 : 23[c7000] -> 26[85000] [receive] via NET/AWS Libfabric/1
x3003c0s1b1n0:50048:50075 [0] NCCL INFO Channel 02/0 : 21[46000] -> 24[7000] [receive] via NET/AWS Libfabric/3
x3003c0s13b1n0:33244:33267 [1] NCCL INFO Channel 02/0 : 13[46000] -> 20[7000] [send] via NET/AWS Libfabric/3
x3003c0s13b0n0:9945:9971 [0] NCCL INFO Channel 00/0 : 8[7000] -> 17[46000] [send] via NET/AWS Libfabric/3
x3002c0s7b1n0:45558:45581 [3] NCCL INFO Channel 03/0 : 7[c7000] -> 15[c7000] [send] via NET/AWS Libfabric/1
x3002c0s37b1n0:46351:46376 [3] NCCL INFO Channel 01/0 : 3[c7000] -> 19[c7000] [send] via NET/AWS Libfabric/1
x3003c0s1b1n0:50049:50072 [1] NCCL INFO Channel 00/0 : 20[7000] -> 25[46000] [receive] via NET/AWS Libfabric/3
x3003c0s1b0n0:58103:58123 [3] NCCL INFO Channel 03/0 : 19[c7000] -> 23[c7000] [receive] via NET/AWS Libfabric/1
x3003c0s13b1n0:33245:33269 [2] NCCL INFO Channel 03/0 : 14[85000] -> 23[c7000] [send] via NET/AWS Libfabric/1
x3003c0s19b0n0:55307:55331 [1] NCCL INFO Channel 00/0 : 17[46000] -> 8[7000] [send] via NET/AWS Libfabric/3
x3003c0s13b1n0:33246:33268 [3] NCCL INFO Channel 01/0 : 11[c7000] -> 15[c7000] [receive] via NET/AWS Libfabric/1
x3003c0s1b0n0:58101:58124 [1] NCCL INFO Channel 02/0 : 24[7000] -> 21[46000] [receive] via NET/AWS Libfabric/3
x3003c0s1b1n0:50050:50074 [2] NCCL INFO Channel 01/0 : 26[85000] -> 23[c7000] [send] via NET/AWS Libfabric/1
x3003c0s1b0n0:58100:58126 [0] NCCL INFO Channel 02/0 : 13[46000] -> 20[7000] [receive] via NET/AWS Libfabric/3
x3003c0s13b1n0:33243:33275 [0] NCCL INFO Channel 02/0 : 4[7000] -> 12[7000] [receive] via NET/AWS Libfabric/3
x3003c0s13b0n0:9945:9971 [0] NCCL INFO Channel 00/0 : 17[46000] -> 8[7000] [receive] via NET/AWS Libfabric/3
x3003c0s19b0n0:55309:55330 [3] NCCL INFO Channel 01/0 : 19[c7000] -> 27[c7000] [send] via NET/AWS Libfabric/1
x3003c0s1b1n0:50048:50075 [0] NCCL INFO Channel 00/0 : 24[7000] -> 28[7000] [send] via NET/AWS Libfabric/3
x3003c0s1b1n0:50049:50072 [1] NCCL INFO Channel 00/0 : 25[46000] -> 20[7000] [send] via NET/AWS Libfabric/3
x3003c0s13b0n0:9948:9968 [3] NCCL INFO Channel 03/0 : 6[85000] -> 11[c7000] [receive] via NET/AWS Libfabric/1
x3003c0s1b0n0:58103:58123 [3] NCCL INFO Channel 03/0 : 14[85000] -> 23[c7000] [receive] via NET/AWS Libfabric/1
x3003c0s1b1n0:50048:50075 [0] NCCL INFO Channel 00/0 : 16[7000] -> 24[7000] [receive] via NET/AWS Libfabric/3
x3003c0s13b1n0:33246:33268 [3] NCCL INFO Channel 03/0 : 7[c7000] -> 15[c7000] [receive] via NET/AWS Libfabric/1
x3003c0s1b1n0:50051:50073 [3] NCCL INFO Channel 01/0 : 27[c7000] -> 19[c7000] [send] via NET/AWS Libfabric/1
x3003c0s13b1n0:33244:33267 [1] NCCL INFO Channel 02/0 : 20[7000] -> 13[46000] [receive] via NET/AWS Libfabric/3
x3003c0s1b0n0:58100:58126 [0] NCCL INFO Channel 02/0 : 20[7000] -> 13[46000] [send] via NET/AWS Libfabric/3
x3003c0s13b0n0:9945:9971 [0] NCCL INFO Channel 00/0 : 12[7000] -> 8[7000] [receive] via NET/AWS Libfabric/3
x3003c0s25b0n0:18627:18654 [0] NCCL INFO Channel 02/0 : 12[7000] -> 28[7000] [receive] via NET/AWS Libfabric/3
x3002c0s7b1n0:45555:45579 [0] NCCL INFO Channel 02/0 : 12[7000] -> 4[7000] [receive] via NET/AWS Libfabric/3
x3003c0s19b0n0:55309:55330 [3] NCCL INFO Channel 01/0 : 3[c7000] -> 19[c7000] [receive] via NET/AWS Libfabric/1
x3002c0s7b1n0:45557:45582 [2] NCCL INFO Channel 03/0 : 11[c7000] -> 6[85000] [receive] via NET/AWS Libfabric/1
x3003c0s13b1n0:33243:33275 [0] NCCL INFO Channel 02/0 : 28[7000] -> 12[7000] [receive] via NET/AWS Libfabric/3
x3002c0s7b1n0:45558:45581 [3] NCCL INFO Channel 03/0 : 15[c7000] -> 7[c7000] [receive] via NET/AWS Libfabric/1
x3003c0s1b0n0:58100:58126 [0] NCCL INFO Channel 00/0 : 25[46000] -> 20[7000] [receive] via NET/AWS Libfabric/3
x3003c0s1b0n0:58103:58123 [3] NCCL INFO Channel 03/0 : 23[c7000] -> 14[85000] [send] via NET/AWS Libfabric/1
x3003c0s13b1n0:33245:33269 [2] NCCL INFO Channel 03/0 : 23[c7000] -> 14[85000] [receive] via NET/AWS Libfabric/1
x3003c0s19b0n0:55309:55330 [3] NCCL INFO Channel 01/0 : 19[c7000] -> 3[c7000] [send] via NET/AWS Libfabric/1
x3003c0s13b1n0:33243:33275 [0] NCCL INFO Channel 02/0 : 12[7000] -> 28[7000] [send] via NET/AWS Libfabric/3
x3003c0s13b0n0:9948:9968 [3] NCCL INFO Channel 01/0 : 11[c7000] -> 18[85000] [send] via NET/AWS Libfabric/1
x3003c0s1b1n0:50048:50075 [0] NCCL INFO Channel 00/0 : 24[7000] -> 16[7000] [send] via NET/AWS Libfabric/3
x3003c0s25b0n0:18627:18654 [0] NCCL INFO Channel 02/0 : 28[7000] -> 12[7000] [send] via NET/AWS Libfabric/3
x3003c0s1b0n0:58103:58123 [3] NCCL INFO Channel 03/0 : 23[c7000] -> 19[c7000] [send] via NET/AWS Libfabric/1
x3003c0s19b0n0:55306:55332 [0] NCCL INFO Channel 00/0 : 0[7000] -> 16[7000] [receive] via NET/AWS Libfabric/3
x3003c0s13b1n0:33245:33269 [2] NCCL INFO Channel 00 : 14[85000] -> 13[46000] via P2P/IPC/read
x3003c0s13b0n0:9948:9968 [3] NCCL INFO Channel 01/0 : 18[85000] -> 11[c7000] [receive] via NET/AWS Libfabric/1
x3003c0s13b1n0:33246:33268 [3] NCCL INFO Channel 03/0 : 31[c7000] -> 15[c7000] [receive] via NET/AWS Libfabric/1
x3003c0s19b0n0:55306:55332 [0] NCCL INFO Channel 00/0 : 16[7000] -> 0[7000] [send] via NET/AWS Libfabric/3
x3003c0s13b1n0:33245:33269 [2] NCCL INFO Channel 02 : 14[85000] -> 13[46000] via P2P/IPC/read
x3003c0s13b1n0:33246:33268 [3] NCCL INFO Channel 03/0 : 15[c7000] -> 31[c7000] [send] via NET/AWS Libfabric/1
x3003c0s13b1n0:33244:33267 [1] NCCL INFO Connected all trees
x3003c0s13b1n0:33244:33267 [1] NCCL INFO MSCCL_XML_FILES set by environment to /home/yuke/ncclPG/CCL-LYD/msccl_tools_lyd/examples/xml/xml_lyd/binary_tree/allreduce_binary_tree_2ch_32chunk_32gpus.xml
x3003c0s13b1n0:33244:33267 [1] NCCL INFO MSCCL: Parsing algorithm /home/yuke/ncclPG/CCL-LYD/msccl_tools_lyd/examples/xml/xml_lyd/binary_tree/allreduce_binary_tree_2ch_32chunk_32gpus.xml
x3003c0s13b1n0:33245:33269 [2] NCCL INFO Connected all trees
x3003c0s13b1n0:33245:33269 [2] NCCL INFO MSCCL_XML_FILES set by environment to /home/yuke/ncclPG/CCL-LYD/msccl_tools_lyd/examples/xml/xml_lyd/binary_tree/allreduce_binary_tree_2ch_32chunk_32gpus.xml
x3003c0s13b1n0:33245:33269 [2] NCCL INFO MSCCL: Parsing algorithm /home/yuke/ncclPG/CCL-LYD/msccl_tools_lyd/examples/xml/xml_lyd/binary_tree/allreduce_binary_tree_2ch_32chunk_32gpus.xml
x3003c0s19b0n0:55308:55333 [2] NCCL INFO Channel 01/0 : 18[85000] -> 11[c7000] [send] via NET/AWS Libfabric/1
x3003c0s19b0n0:55308:55333 [2] NCCL INFO Channel 00 : 18[85000] -> 17[46000] via P2P/IPC/read
x3003c0s1b0n0:58100:58126 [0] NCCL INFO Channel 02/0 : 20[7000] -> 16[7000] [send] via NET/AWS Libfabric/3
x3003c0s13b1n0:33245:33269 [2] NCCL INFO Parsed MSCCL Algorithm /home/yuke/ncclPG/CCL-LYD/msccl_tools_lyd/examples/xml/xml_lyd/binary_tree/allreduce_binary_tree_2ch_32chunk_32gpus.xml successfully.
x3003c0s13b1n0:33245:33269 [2] NCCL INFO Connected 1 MSCCL algorithms
x3003c0s13b1n0:33245:33269 [2] NCCL INFO NCCL_NTHREADS set by environment to 512.
x3003c0s13b1n0:33245:33269 [2] NCCL INFO NCCL_PROTO set by environment to Simple
x3003c0s13b1n0:33245:33269 [2] NCCL INFO NCCL_ALGO set by environment to MSCCL,TREE,RING
x3003c0s13b1n0:33245:33269 [2] NCCL INFO threadThresholds 8/8/64 | 256/8/64 | 8/8/64 | 8/8/512
x3003c0s13b1n0:33245:33269 [2] NCCL INFO 4 coll channels, 4 p2p channels, 2 p2p channels per peer
x3003c0s19b0n0:55309:55330 [3] NCCL INFO Channel 01/0 : 27[c7000] -> 19[c7000] [receive] via NET/AWS Libfabric/1
x3003c0s13b1n0:33244:33267 [1] NCCL INFO Parsed MSCCL Algorithm /home/yuke/ncclPG/CCL-LYD/msccl_tools_lyd/examples/xml/xml_lyd/binary_tree/allreduce_binary_tree_2ch_32chunk_32gpus.xml successfully.
x3003c0s13b1n0:33244:33267 [1] NCCL INFO Connected 1 MSCCL algorithms
x3003c0s13b1n0:33244:33267 [1] NCCL INFO NCCL_NTHREADS set by environment to 512.
x3003c0s13b1n0:33244:33267 [1] NCCL INFO NCCL_PROTO set by environment to Simple
x3003c0s13b1n0:33244:33267 [1] NCCL INFO NCCL_ALGO set by environment to MSCCL,TREE,RING
x3003c0s13b1n0:33244:33267 [1] NCCL INFO threadThresholds 8/8/64 | 256/8/64 | 8/8/64 | 8/8/512
x3003c0s13b1n0:33244:33267 [1] NCCL INFO 4 coll channels, 4 p2p channels, 2 p2p channels per peer
x3002c0s37b1n0:46351:46376 [3] NCCL INFO Channel 03/0 : 7[c7000] -> 3[c7000] [receive] via NET/AWS Libfabric/1
x3003c0s19b0n0:55308:55333 [2] NCCL INFO Channel 02 : 18[85000] -> 17[46000] via P2P/IPC/read
x3003c0s25b0n0:18627:18654 [0] NCCL INFO Channel 00/0 : 28[7000] -> 24[7000] [send] via NET/AWS Libfabric/3
x3003c0s19b0n0:55308:55333 [2] NCCL INFO Connected all trees
x3003c0s19b0n0:55308:55333 [2] NCCL INFO MSCCL_XML_FILES set by environment to /home/yuke/ncclPG/CCL-LYD/msccl_tools_lyd/examples/xml/xml_lyd/binary_tree/allreduce_binary_tree_2ch_32chunk_32gpus.xml
x3003c0s19b0n0:55308:55333 [2] NCCL INFO MSCCL: Parsing algorithm /home/yuke/ncclPG/CCL-LYD/msccl_tools_lyd/examples/xml/xml_lyd/binary_tree/allreduce_binary_tree_2ch_32chunk_32gpus.xml
x3003c0s19b0n0:55307:55331 [1] NCCL INFO Connected all trees
x3003c0s19b0n0:55307:55331 [1] NCCL INFO MSCCL_XML_FILES set by environment to /home/yuke/ncclPG/CCL-LYD/msccl_tools_lyd/examples/xml/xml_lyd/binary_tree/allreduce_binary_tree_2ch_32chunk_32gpus.xml
x3003c0s19b0n0:55307:55331 [1] NCCL INFO MSCCL: Parsing algorithm /home/yuke/ncclPG/CCL-LYD/msccl_tools_lyd/examples/xml/xml_lyd/binary_tree/allreduce_binary_tree_2ch_32chunk_32gpus.xml
x3003c0s13b1n0:33243:33275 [0] NCCL INFO Channel 02/0 : 12[7000] -> 4[7000] [send] via NET/AWS Libfabric/3
x3003c0s19b0n0:55306:55332 [0] NCCL INFO Channel 00/0 : 24[7000] -> 16[7000] [receive] via NET/AWS Libfabric/3
x3003c0s19b0n0:55308:55333 [2] NCCL INFO Parsed MSCCL Algorithm /home/yuke/ncclPG/CCL-LYD/msccl_tools_lyd/examples/xml/xml_lyd/binary_tree/allreduce_binary_tree_2ch_32chunk_32gpus.xml successfully.
x3003c0s19b0n0:55308:55333 [2] NCCL INFO Connected 1 MSCCL algorithms
x3003c0s19b0n0:55307:55331 [1] NCCL INFO Parsed MSCCL Algorithm /home/yuke/ncclPG/CCL-LYD/msccl_tools_lyd/examples/xml/xml_lyd/binary_tree/allreduce_binary_tree_2ch_32chunk_32gpus.xml successfully.
x3003c0s19b0n0:55307:55331 [1] NCCL INFO Connected 1 MSCCL algorithms
x3003c0s19b0n0:55307:55331 [1] NCCL INFO NCCL_NTHREADS set by environment to 512.
x3003c0s19b0n0:55307:55331 [1] NCCL INFO NCCL_PROTO set by environment to Simple
x3003c0s19b0n0:55307:55331 [1] NCCL INFO NCCL_ALGO set by environment to MSCCL,TREE,RING
x3003c0s19b0n0:55307:55331 [1] NCCL INFO threadThresholds 8/8/64 | 256/8/64 | 8/8/64 | 8/8/512
x3003c0s19b0n0:55307:55331 [1] NCCL INFO 4 coll channels, 4 p2p channels, 2 p2p channels per peer
x3003c0s19b0n0:55308:55333 [2] NCCL INFO NCCL_NTHREADS set by environment to 512.
x3003c0s19b0n0:55308:55333 [2] NCCL INFO NCCL_PROTO set by environment to Simple
x3003c0s19b0n0:55308:55333 [2] NCCL INFO NCCL_ALGO set by environment to MSCCL,TREE,RING
x3003c0s19b0n0:55308:55333 [2] NCCL INFO threadThresholds 8/8/64 | 256/8/64 | 8/8/64 | 8/8/512
x3003c0s19b0n0:55308:55333 [2] NCCL INFO 4 coll channels, 4 p2p channels, 2 p2p channels per peer
x3003c0s13b1n0:33243:33275 [0] NCCL INFO Channel 00/0 : 12[7000] -> 8[7000] [send] via NET/AWS Libfabric/3
x3002c0s7b1n0:45555:45579 [0] NCCL INFO Channel 00/0 : 9[46000] -> 4[7000] [receive] via NET/AWS Libfabric/3
x3003c0s25b0n0:18630:18652 [3] NCCL INFO Channel 01/0 : 31[c7000] -> 27[c7000] [send] via NET/AWS Libfabric/1
x3003c0s13b1n0:33243:33275 [0] NCCL INFO Connected all trees
