x3201c0s7b1n0:54469:54488 [2] NCCL INFO Channel 03 : 54[85000] -> 55[c7000] via P2P/IPC/read
x3201c0s13b1n0:55528:55551 [1] NCCL INFO Channel 01 : 5[46000] -> 6[85000] via P2P/IPC/read
x3201c0s37b1n0:49437:49459 [3] NCCL INFO Channel 01/0 : 43[c7000] -> 47[c7000] [receive] via NET/AWS Libfabric/1
x3201c0s13b1n0:55528:55551 [1] NCCL INFO Channel 02 : 5[46000] -> 6[85000] via P2P/IPC/read
x3201c0s13b1n0:55528:55551 [1] NCCL INFO Channel 03 : 5[46000] -> 6[85000] via P2P/IPC/read
x3202c0s13b0n0:25453:25470 [3] NCCL INFO Channel 01/0 : 59[c7000] -> 63[c7000] [send] via NET/AWS Libfabric/1
x3201c0s31b1n0:34791:34813 [2] NCCL INFO Channel 03/0 : 38[85000] -> 43[c7000] [send] via NET/AWS Libfabric/1
x3201c0s13b0n0:9814:9838 [3] NCCL INFO Channel 03/0 : 3[c7000] -> 7[c7000] [send] via NET/AWS Libfabric/1
x3201c0s25b0n0:51463:51490 [0] NCCL INFO Channel 01 : 24[7000] -> 25[46000] via P2P/IPC/read
x3202c0s13b0n0:25450:25472 [0] NCCL INFO Channel 02/0 : 53[46000] -> 56[7000] [receive] via NET/AWS Libfabric/3
x3201c0s25b1n0:55017:55042 [1] NCCL INFO Channel 02/0 : 29[46000] -> 44[7000] [send] via NET/AWS Libfabric/3
x3201c0s31b1n0:34792:34815 [3] NCCL INFO Channel 01/0 : 39[c7000] -> 42[85000] [send] via NET/AWS Libfabric/1
x3201c0s13b0n0:9813:9839 [2] NCCL INFO Channel 02 : 2[85000] -> 1[46000] via P2P/IPC/read
x3201c0s19b1n0:53091:53112 [3] NCCL INFO Channel 01/0 : 11[c7000] -> 15[c7000] [receive] via NET/AWS Libfabric/1
x3201c0s37b0n0:47748:47775 [0] NCCL INFO Channel 02/0 : 37[46000] -> 40[7000] [receive] via NET/AWS Libfabric/3
x3201c0s13b1n0:55529:55552 [2] NCCL INFO Channel 00 : 6[85000] -> 7[c7000] via P2P/IPC/read
x3201c0s7b1n0:54470:54489 [3] NCCL INFO Channel 01/0 : 55[c7000] -> 58[85000] [send] via NET/AWS Libfabric/1
x3201c0s7b1n0:54468:54487 [1] NCCL INFO Channel 00 : 53[46000] -> 54[85000] via P2P/IPC/read
x3201c0s7b0n0:49934:49956 [1] NCCL INFO Channel 00 : 49[46000] -> 50[85000] via P2P/IPC/read
x3201c0s37b0n0:47751:47774 [3] NCCL INFO Channel 03/0 : 38[85000] -> 43[c7000] [receive] via NET/AWS Libfabric/1
x3201c0s25b0n0:51463:51490 [0] NCCL INFO Channel 02 : 24[7000] -> 25[46000] via P2P/IPC/read
x3201c0s31b1n0:34790:34814 [1] NCCL INFO Channel 02/0 : 37[46000] -> 40[7000] [send] via NET/AWS Libfabric/3
x3201c0s25b1n0:55016:55043 [0] NCCL INFO Channel 00/0 : 24[7000] -> 28[7000] [receive] via NET/AWS Libfabric/3
x3202c0s13b1n0:25683:25707 [1] NCCL INFO Channel 00 : 61[46000] -> 62[85000] via P2P/IPC/read
x3202c0s13b1n0:25683:25707 [1] NCCL INFO Channel 01 : 61[46000] -> 62[85000] via P2P/IPC/read
x3202c0s13b1n0:25683:25707 [1] NCCL INFO Channel 02 : 61[46000] -> 62[85000] via P2P/IPC/read
x3202c0s13b1n0:25683:25707 [1] NCCL INFO Channel 03 : 61[46000] -> 62[85000] via P2P/IPC/read
x3201c0s19b0n0:46730:46750 [1] NCCL INFO Channel 02 : 9[46000] -> 10[85000] via P2P/IPC/read
x3201c0s1b0n0:51793:51815 [1] NCCL INFO Channel 00 : 17[46000] -> 18[85000] via P2P/IPC/read
x3201c0s1b0n0:51793:51815 [1] NCCL INFO Channel 01 : 17[46000] -> 18[85000] via P2P/IPC/read
x3201c0s1b0n0:51793:51815 [1] NCCL INFO Channel 02 : 17[46000] -> 18[85000] via P2P/IPC/read
x3201c0s1b0n0:51793:51815 [1] NCCL INFO Channel 03 : 17[46000] -> 18[85000] via P2P/IPC/read
x3201c0s19b0n0:46730:46750 [1] NCCL INFO Channel 03 : 9[46000] -> 10[85000] via P2P/IPC/read
x3202c0s13b1n0:25684:25708 [2] NCCL INFO Channel 00 : 62[85000] -> 61[46000] via P2P/IPC/read
x3201c0s7b1n0:54468:54487 [1] NCCL INFO Channel 01 : 53[46000] -> 54[85000] via P2P/IPC/read
x3201c0s7b1n0:54468:54487 [1] NCCL INFO Channel 02 : 53[46000] -> 54[85000] via P2P/IPC/read
x3201c0s7b1n0:54468:54487 [1] NCCL INFO Channel 03 : 53[46000] -> 54[85000] via P2P/IPC/read
x3201c0s13b1n0:55527:55553 [0] NCCL INFO Channel 02/0 : 0[7000] -> 4[7000] [receive] via NET/AWS Libfabric/3
x3201c0s31b0n0:43261:43281 [1] NCCL INFO Channel 00 : 33[46000] -> 34[85000] via P2P/IPC/read
x3202c0s13b0n0:25453:25470 [3] NCCL INFO Channel 03/0 : 54[85000] -> 59[c7000] [receive] via NET/AWS Libfabric/1
x3201c0s37b1n0:49435:49460 [1] NCCL INFO Channel 00 : 45[46000] -> 46[85000] via P2P/IPC/read
x3201c0s7b0n0:49934:49956 [1] NCCL INFO Channel 01 : 49[46000] -> 50[85000] via P2P/IPC/read
x3201c0s31b1n0:34792:34815 [3] NCCL INFO Channel 03/0 : 35[c7000] -> 39[c7000] [receive] via NET/AWS Libfabric/1
x3201c0s1b0n0:51795:51816 [3] NCCL INFO Channel 03/0 : 19[c7000] -> 23[c7000] [send] via NET/AWS Libfabric/1
x3201c0s13b1n0:55529:55552 [2] NCCL INFO Channel 01 : 6[85000] -> 7[c7000] via P2P/IPC/read
x3201c0s13b0n0:9812:9840 [1] NCCL INFO Connected all trees
x3201c0s13b0n0:9812:9840 [1] NCCL INFO MSCCL_XML_FILES set by environment to  
x3201c0s13b0n0:9812:9840 [1] NCCL INFO MSCCL: Parsing algorithm  

x3201c0s13b0n0:9812:9840 [1] graph/xml.cc:885 NCCL WARN Could not open XML MSCCL graph file   : No such file or directory
x3201c0s13b0n0:9812:9840 [1] NCCL INFO graph/topo.cc:763 -> 2

x3201c0s13b0n0:9812:9840 [1] graph/topo.cc:1212 NCCL WARN MSCCL: algorithm   failed to initialize. Will be ignored.
x3201c0s13b0n0:9812:9840 [1] NCCL INFO NCCL_NTHREADS set by environment to 512.
x3201c0s13b0n0:9812:9840 [1] NCCL INFO NCCL_PROTO set by environment to Simple
x3201c0s13b0n0:9812:9840 [1] NCCL INFO NCCL_ALGO set by environment to TREE
x3201c0s13b0n0:9812:9840 [1] NCCL INFO threadThresholds 8/8/64 | 512/8/64 | 8/8/64 | 8/8/512
x3201c0s13b0n0:9812:9840 [1] NCCL INFO 4 coll channels, 4 p2p channels, 2 p2p channels per peer
x3201c0s13b0n0:9813:9839 [2] NCCL INFO Connected all trees
x3201c0s13b0n0:9813:9839 [2] NCCL INFO MSCCL_XML_FILES set by environment to  
x3201c0s13b0n0:9813:9839 [2] NCCL INFO MSCCL: Parsing algorithm  

x3201c0s13b0n0:9813:9839 [2] graph/xml.cc:885 NCCL WARN Could not open XML MSCCL graph file   : No such file or directory
x3201c0s13b0n0:9813:9839 [2] NCCL INFO graph/topo.cc:763 -> 2

x3201c0s13b0n0:9813:9839 [2] graph/topo.cc:1212 NCCL WARN MSCCL: algorithm   failed to initialize. Will be ignored.
x3201c0s13b0n0:9813:9839 [2] NCCL INFO NCCL_NTHREADS set by environment to 512.
x3201c0s13b0n0:9813:9839 [2] NCCL INFO NCCL_PROTO set by environment to Simple
x3201c0s13b0n0:9813:9839 [2] NCCL INFO NCCL_ALGO set by environment to TREE
x3201c0s13b0n0:9813:9839 [2] NCCL INFO threadThresholds 8/8/64 | 512/8/64 | 8/8/64 | 8/8/512
x3201c0s13b0n0:9813:9839 [2] NCCL INFO 4 coll channels, 4 p2p channels, 2 p2p channels per peer
x3201c0s7b1n0:54469:54488 [2] NCCL INFO Channel 03/0 : 54[85000] -> 59[c7000] [send] via NET/AWS Libfabric/1
x3201c0s25b0n0:51463:51490 [0] NCCL INFO Channel 03 : 24[7000] -> 25[46000] via P2P/IPC/read
x3202c0s13b1n0:25684:25708 [2] NCCL INFO Channel 02 : 62[85000] -> 61[46000] via P2P/IPC/read
x3201c0s31b1n0:34789:34816 [0] NCCL INFO Channel 02/0 : 32[7000] -> 36[7000] [receive] via NET/AWS Libfabric/3
x3202c0s13b0n0:25452:25473 [2] NCCL INFO Channel 01/0 : 58[85000] -> 55[c7000] [send] via NET/AWS Libfabric/1
x3201c0s1b0n0:51792:51818 [0] NCCL INFO Channel 02/0 : 16[7000] -> 20[7000] [send] via NET/AWS Libfabric/3
x3202c0s13b1n0:25682:25709 [0] NCCL INFO Channel 00/0 : 56[7000] -> 60[7000] [receive] via NET/AWS Libfabric/3
x3201c0s37b0n0:47750:47773 [2] NCCL INFO Channel 01/0 : 42[85000] -> 39[c7000] [send] via NET/AWS Libfabric/1
x3201c0s31b0n0:43261:43281 [1] NCCL INFO Channel 01 : 33[46000] -> 34[85000] via P2P/IPC/read
x3202c0s13b1n0:25685:25706 [3] NCCL INFO Channel 03/0 : 31[c7000] -> 63[c7000] [receive] via NET/AWS Libfabric/1
x3201c0s37b1n0:49435:49460 [1] NCCL INFO Channel 01 : 45[46000] -> 46[85000] via P2P/IPC/read
x3201c0s37b1n0:49437:49459 [3] NCCL INFO Channel 03/0 : 39[c7000] -> 47[c7000] [receive] via NET/AWS Libfabric/1
x3201c0s7b1n0:54470:54489 [3] NCCL INFO Channel 03/0 : 51[c7000] -> 55[c7000] [receive] via NET/AWS Libfabric/1
x3201c0s7b0n0:49934:49956 [1] NCCL INFO Channel 02 : 49[46000] -> 50[85000] via P2P/IPC/read
x3201c0s1b0n0:51794:51817 [2] NCCL INFO Channel 01/0 : 11[c7000] -> 18[85000] [receive] via NET/AWS Libfabric/1
x3201c0s13b1n0:55529:55552 [2] NCCL INFO Channel 02 : 6[85000] -> 7[c7000] via P2P/IPC/read
x3201c0s7b1n0:54468:54487 [1] NCCL INFO Channel 02/0 : 53[46000] -> 56[7000] [send] via NET/AWS Libfabric/3
x3201c0s37b1n0:49435:49460 [1] NCCL INFO Channel 02 : 45[46000] -> 46[85000] via P2P/IPC/read
x3202c0s13b1n0:25684:25708 [2] NCCL INFO Connected all trees
x3202c0s13b1n0:25684:25708 [2] NCCL INFO MSCCL_XML_FILES set by environment to  
x3202c0s13b1n0:25684:25708 [2] NCCL INFO MSCCL: Parsing algorithm  
x3202c0s13b1n0:25683:25707 [1] NCCL INFO Connected all trees
x3202c0s13b1n0:25683:25707 [1] NCCL INFO MSCCL_XML_FILES set by environment to  
x3202c0s13b1n0:25683:25707 [1] NCCL INFO MSCCL: Parsing algorithm  

x3202c0s13b1n0:25683:25707 [1] graph/xml.cc:885 NCCL WARN Could not open XML MSCCL graph file   : No such file or directory
x3202c0s13b1n0:25683:25707 [1] NCCL INFO graph/topo.cc:763 -> 2

x3202c0s13b1n0:25683:25707 [1] graph/topo.cc:1212 NCCL WARN MSCCL: algorithm   failed to initialize. Will be ignored.
x3202c0s13b1n0:25683:25707 [1] NCCL INFO NCCL_NTHREADS set by environment to 512.
x3202c0s13b1n0:25683:25707 [1] NCCL INFO NCCL_PROTO set by environment to Simple
x3202c0s13b1n0:25683:25707 [1] NCCL INFO NCCL_ALGO set by environment to TREE
x3202c0s13b1n0:25683:25707 [1] NCCL INFO threadThresholds 8/8/64 | 512/8/64 | 8/8/64 | 8/8/512
x3202c0s13b1n0:25683:25707 [1] NCCL INFO 4 coll channels, 4 p2p channels, 2 p2p channels per peer

x3202c0s13b1n0:25684:25708 [2] graph/xml.cc:885 NCCL WARN Could not open XML MSCCL graph file   : No such file or directory
x3202c0s13b1n0:25684:25708 [2] NCCL INFO graph/topo.cc:763 -> 2

x3202c0s13b1n0:25684:25708 [2] graph/topo.cc:1212 NCCL WARN MSCCL: algorithm   failed to initialize. Will be ignored.
x3202c0s13b1n0:25684:25708 [2] NCCL INFO NCCL_NTHREADS set by environment to 512.
x3202c0s13b1n0:25684:25708 [2] NCCL INFO NCCL_PROTO set by environment to Simple
x3202c0s13b1n0:25684:25708 [2] NCCL INFO NCCL_ALGO set by environment to TREE
x3202c0s13b1n0:25684:25708 [2] NCCL INFO threadThresholds 8/8/64 | 512/8/64 | 8/8/64 | 8/8/512
x3202c0s13b1n0:25684:25708 [2] NCCL INFO 4 coll channels, 4 p2p channels, 2 p2p channels per peer
x3201c0s25b1n0:55018:55041 [2] NCCL INFO Channel 03/0 : 30[85000] -> 47[c7000] [send] via NET/AWS Libfabric/1
x3202c0s13b1n0:25685:25706 [3] NCCL INFO Channel 03/0 : 63[c7000] -> 31[c7000] [send] via NET/AWS Libfabric/1
x3201c0s1b0n0:51793:51815 [1] NCCL INFO Channel 00/0 : 8[7000] -> 17[46000] [receive] via NET/AWS Libfabric/3
x3201c0s7b0n0:49934:49956 [1] NCCL INFO Channel 03 : 49[46000] -> 50[85000] via P2P/IPC/read
x3201c0s31b0n0:43263:43282 [3] NCCL INFO Channel 01/0 : 35[c7000] -> 51[c7000] [send] via NET/AWS Libfabric/1
x3201c0s37b0n0:47748:47775 [0] NCCL INFO Channel 00/0 : 40[7000] -> 44[7000] [send] via NET/AWS Libfabric/3
x3201c0s13b0n0:9811:9837 [0] NCCL INFO Channel 00/0 : 32[7000] -> 0[7000] [receive] via NET/AWS Libfabric/3
x3201c0s1b0n0:51792:51818 [0] NCCL INFO Channel 00/0 : 16[7000] -> 24[7000] [send] via NET/AWS Libfabric/3
x3201c0s31b1n0:34790:34814 [1] NCCL INFO Channel 02/0 : 40[7000] -> 37[46000] [receive] via NET/AWS Libfabric/3
x3201c0s7b1n0:54469:54488 [2] NCCL INFO Channel 03/0 : 59[c7000] -> 54[85000] [receive] via NET/AWS Libfabric/1
x3201c0s19b0n0:46731:46751 [2] NCCL INFO Channel 00 : 10[85000] -> 11[c7000] via P2P/IPC/read
x3201c0s19b0n0:46729:46752 [0] NCCL INFO Channel 02/0 : 5[46000] -> 8[7000] [receive] via NET/AWS Libfabric/3
x3201c0s31b0n0:43261:43281 [1] NCCL INFO Channel 02 : 33[46000] -> 34[85000] via P2P/IPC/read
x3201c0s1b1n0:52551:52577 [0] NCCL INFO Channel 00/0 : 20[7000] -> 25[46000] [send] via NET/AWS Libfabric/3
x3201c0s31b0n0:43261:43281 [1] NCCL INFO Channel 03 : 33[46000] -> 34[85000] via P2P/IPC/read
x3201c0s7b1n0:54467:54490 [0] NCCL INFO Channel 02/0 : 48[7000] -> 52[7000] [receive] via NET/AWS Libfabric/3
x3201c0s37b1n0:49435:49460 [1] NCCL INFO Channel 03 : 45[46000] -> 46[85000] via P2P/IPC/read
x3201c0s25b1n0:55019:55040 [3] NCCL INFO Channel 01/0 : 27[c7000] -> 31[c7000] [receive] via NET/AWS Libfabric/1
x3201c0s13b1n0:55529:55552 [2] NCCL INFO Channel 03 : 6[85000] -> 7[c7000] via P2P/IPC/read
x3201c0s31b1n0:34792:34815 [3] NCCL INFO Channel 03/0 : 39[c7000] -> 47[c7000] [send] via NET/AWS Libfabric/1
x3201c0s7b1n0:54468:54487 [1] NCCL INFO Channel 02/0 : 56[7000] -> 53[46000] [receive] via NET/AWS Libfabric/3
x3202c0s13b0n0:25450:25472 [0] NCCL INFO Channel 00/0 : 56[7000] -> 60[7000] [send] via NET/AWS Libfabric/3
x3201c0s7b0n0:49936:49958 [3] NCCL INFO Channel 01/0 : 51[c7000] -> 59[c7000] [send] via NET/AWS Libfabric/1
x3201c0s13b1n0:55527:55553 [0] NCCL INFO Channel 00/0 : 4[7000] -> 9[46000] [send] via NET/AWS Libfabric/3
x3201c0s37b0n0:47751:47774 [3] NCCL INFO Channel 01/0 : 43[c7000] -> 50[85000] [send] via NET/AWS Libfabric/1
x3201c0s25b0n0:51464:51487 [1] NCCL INFO Channel 00 : 25[46000] -> 26[85000] via P2P/IPC/read
x3201c0s7b0n0:49933:49959 [0] NCCL INFO Channel 02/0 : 48[7000] -> 52[7000] [send] via NET/AWS Libfabric/3
x3201c0s31b1n0:34792:34815 [3] NCCL INFO Channel 03/0 : 47[c7000] -> 39[c7000] [receive] via NET/AWS Libfabric/1
x3201c0s19b0n0:46731:46751 [2] NCCL INFO Channel 01 : 10[85000] -> 11[c7000] via P2P/IPC/read
x3201c0s13b0n0:9811:9837 [0] NCCL INFO Channel 00/0 : 0[7000] -> 32[7000] [send] via NET/AWS Libfabric/3
x3201c0s31b1n0:34791:34813 [2] NCCL INFO Channel 03/0 : 43[c7000] -> 38[85000] [receive] via NET/AWS Libfabric/1
x3201c0s25b0n0:51464:51487 [1] NCCL INFO Channel 01 : 25[46000] -> 26[85000] via P2P/IPC/read
x3201c0s25b0n0:51466:51488 [3] NCCL INFO Channel 03/0 : 22[85000] -> 27[c7000] [receive] via NET/AWS Libfabric/1
x3201c0s37b1n0:49437:49459 [3] NCCL INFO Channel 03/0 : 30[85000] -> 47[c7000] [receive] via NET/AWS Libfabric/1
x3201c0s7b1n0:54470:54489 [3] NCCL INFO Channel 03/0 : 46[85000] -> 55[c7000] [receive] via NET/AWS Libfabric/1
x3201c0s13b1n0:55530:55554 [3] NCCL INFO Channel 01/0 : 7[c7000] -> 10[85000] [send] via NET/AWS Libfabric/1
x3201c0s31b0n0:43260:43283 [0] NCCL INFO Channel 02/0 : 32[7000] -> 36[7000] [send] via NET/AWS Libfabric/3
x3202c0s13b0n0:25453:25470 [3] NCCL INFO Channel 01/0 : 51[c7000] -> 59[c7000] [receive] via NET/AWS Libfabric/1
x3201c0s19b0n0:46731:46751 [2] NCCL INFO Channel 02 : 10[85000] -> 11[c7000] via P2P/IPC/read
x3201c0s7b0n0:49933:49959 [0] NCCL INFO Channel 00/0 : 48[7000] -> 56[7000] [send] via NET/AWS Libfabric/3
x3201c0s13b1n0:55528:55551 [1] NCCL INFO Channel 02/0 : 5[46000] -> 8[7000] [send] via NET/AWS Libfabric/3
x3201c0s7b0n0:49935:49957 [2] NCCL INFO Channel 01/0 : 43[c7000] -> 50[85000] [receive] via NET/AWS Libfabric/1
x3201c0s13b1n0:55529:55552 [2] NCCL INFO Channel 03/0 : 6[85000] -> 11[c7000] [send] via NET/AWS Libfabric/1
x3202c0s13b0n0:25450:25472 [0] NCCL INFO Channel 00/0 : 48[7000] -> 56[7000] [receive] via NET/AWS Libfabric/3
x3201c0s37b1n0:49436:49458 [2] NCCL INFO Channel 03/0 : 46[85000] -> 55[c7000] [send] via NET/AWS Libfabric/1
x3202c0s13b1n0:25682:25709 [0] NCCL INFO Channel 02/0 : 28[7000] -> 60[7000] [receive] via NET/AWS Libfabric/3
x3201c0s7b0n0:49934:49956 [1] NCCL INFO Channel 00/0 : 40[7000] -> 49[46000] [receive] via NET/AWS Libfabric/3
x3201c0s31b1n0:34789:34816 [0] NCCL INFO Channel 00/0 : 36[7000] -> 41[46000] [send] via NET/AWS Libfabric/3
x3201c0s25b0n0:51464:51487 [1] NCCL INFO Channel 02 : 25[46000] -> 26[85000] via P2P/IPC/read
x3201c0s19b0n0:46731:46751 [2] NCCL INFO Channel 03 : 10[85000] -> 11[c7000] via P2P/IPC/read
x3201c0s7b1n0:54467:54490 [0] NCCL INFO Channel 00/0 : 52[7000] -> 57[46000] [send] via NET/AWS Libfabric/3
x3201c0s13b1n0:55528:55551 [1] NCCL INFO Channel 02/0 : 8[7000] -> 5[46000] [receive] via NET/AWS Libfabric/3
x3201c0s37b1n0:49435:49460 [1] NCCL INFO Channel 02/0 : 45[46000] -> 52[7000] [send] via NET/AWS Libfabric/3
x3201c0s25b1n0:55019:55040 [3] NCCL INFO Channel 03/0 : 15[c7000] -> 31[c7000] [receive] via NET/AWS Libfabric/1
x3201c0s31b0n0:43260:43283 [0] NCCL INFO Channel 00/0 : 32[7000] -> 48[7000] [send] via NET/AWS Libfabric/3
x3201c0s37b1n0:49434:49461 [0] NCCL INFO Channel 00/0 : 40[7000] -> 44[7000] [receive] via NET/AWS Libfabric/3
x3201c0s25b0n0:51464:51487 [1] NCCL INFO Channel 03 : 25[46000] -> 26[85000] via P2P/IPC/read
x3201c0s7b1n0:54470:54489 [3] NCCL INFO Channel 03/0 : 55[c7000] -> 46[85000] [send] via NET/AWS Libfabric/1
x3201c0s37b0n0:47751:47774 [3] NCCL INFO Channel 01/0 : 50[85000] -> 43[c7000] [receive] via NET/AWS Libfabric/1
x3201c0s31b0n0:43262:43280 [2] NCCL INFO Channel 01/0 : 19[c7000] -> 34[85000] [receive] via NET/AWS Libfabric/1
x3201c0s19b0n0:46729:46752 [0] NCCL INFO Channel 00/0 : 8[7000] -> 12[7000] [send] via NET/AWS Libfabric/3
x3201c0s19b0n0:46730:46750 [1] NCCL INFO Channel 00/0 : 4[7000] -> 9[46000] [receive] via NET/AWS Libfabric/3
x3201c0s19b0n0:46732:46749 [3] NCCL INFO Channel 01/0 : 11[c7000] -> 15[c7000] [send] via NET/AWS Libfabric/1
x3201c0s37b1n0:49436:49458 [2] NCCL INFO Channel 03/0 : 55[c7000] -> 46[85000] [receive] via NET/AWS Libfabric/1
x3201c0s31b0n0:43261:43281 [1] NCCL INFO Channel 00/0 : 16[7000] -> 33[46000] [receive] via NET/AWS Libfabric/3
x3202c0s13b0n0:25451:25471 [1] NCCL INFO Channel 00/0 : 57[46000] -> 52[7000] [send] via NET/AWS Libfabric/3
x3202c0s13b1n0:25682:25709 [0] NCCL INFO Channel 02/0 : 60[7000] -> 28[7000] [send] via NET/AWS Libfabric/3
x3202c0s13b0n0:25453:25470 [3] NCCL INFO Channel 01/0 : 59[c7000] -> 51[c7000] [send] via NET/AWS Libfabric/1
x3201c0s7b1n0:54467:54490 [0] NCCL INFO Channel 02/0 : 45[46000] -> 52[7000] [receive] via NET/AWS Libfabric/3
x3201c0s7b0n0:49936:49958 [3] NCCL INFO Channel 01/0 : 35[c7000] -> 51[c7000] [receive] via NET/AWS Libfabric/1
x3201c0s25b1n0:55018:55041 [2] NCCL INFO Channel 03/0 : 47[c7000] -> 30[85000] [receive] via NET/AWS Libfabric/1
x3201c0s37b0n0:47749:47772 [1] NCCL INFO Channel 00/0 : 41[46000] -> 36[7000] [send] via NET/AWS Libfabric/3
x3201c0s7b0n0:49935:49957 [2] NCCL INFO Channel 01/0 : 50[85000] -> 43[c7000] [send] via NET/AWS Libfabric/1
x3201c0s37b0n0:47748:47775 [0] NCCL INFO Channel 00/0 : 40[7000] -> 49[46000] [send] via NET/AWS Libfabric/3
x3201c0s19b0n0:46730:46750 [1] NCCL INFO Channel 00/0 : 9[46000] -> 4[7000] [send] via NET/AWS Libfabric/3
x3201c0s37b1n0:49436:49458 [2] NCCL INFO Channel 00 : 46[85000] -> 45[46000] via P2P/IPC/read
x3201c0s37b1n0:49437:49459 [3] NCCL INFO Channel 03/0 : 47[c7000] -> 30[85000] [send] via NET/AWS Libfabric/1
x3201c0s7b0n0:49935:49957 [2] NCCL INFO Channel 00 : 50[85000] -> 49[46000] via P2P/IPC/read
x3201c0s25b0n0:51466:51488 [3] NCCL INFO Channel 01/0 : 19[c7000] -> 27[c7000] [receive] via NET/AWS Libfabric/1
x3201c0s19b0n0:46732:46749 [3] NCCL INFO Channel 03/0 : 6[85000] -> 11[c7000] [receive] via NET/AWS Libfabric/1
x3201c0s1b1n0:52553:52578 [2] NCCL INFO Channel 03/0 : 27[c7000] -> 22[85000] [receive] via NET/AWS Libfabric/1
x3201c0s13b1n0:55527:55553 [0] NCCL INFO Channel 02/0 : 4[7000] -> 12[7000] [send] via NET/AWS Libfabric/3
x3201c0s31b1n0:34789:34816 [0] NCCL INFO Channel 02/0 : 36[7000] -> 44[7000] [send] via NET/AWS Libfabric/3
x3201c0s19b0n0:46731:46751 [2] NCCL INFO Channel 01/0 : 7[c7000] -> 10[85000] [receive] via NET/AWS Libfabric/1
x3202c0s13b0n0:25450:25472 [0] NCCL INFO Channel 00/0 : 56[7000] -> 48[7000] [send] via NET/AWS Libfabric/3
x3201c0s19b1n0:53088:53115 [0] NCCL INFO Channel 02/0 : 4[7000] -> 12[7000] [receive] via NET/AWS Libfabric/3
x3201c0s37b1n0:49436:49458 [2] NCCL INFO Channel 02 : 46[85000] -> 45[46000] via P2P/IPC/read
x3201c0s7b0n0:49935:49957 [2] NCCL INFO Channel 02 : 50[85000] -> 49[46000] via P2P/IPC/read
x3201c0s37b1n0:49437:49459 [3] NCCL INFO Channel 03/0 : 47[c7000] -> 39[c7000] [send] via NET/AWS Libfabric/1
x3201c0s7b0n0:49934:49956 [1] NCCL INFO Channel 00/0 : 49[46000] -> 40[7000] [send] via NET/AWS Libfabric/3
x3201c0s25b1n0:55018:55041 [2] NCCL INFO Channel 00 : 30[85000] -> 29[46000] via P2P/IPC/read
x3201c0s7b0n0:49933:49959 [0] NCCL INFO Channel 00/0 : 32[7000] -> 48[7000] [receive] via NET/AWS Libfabric/3
x3201c0s37b1n0:49435:49460 [1] NCCL INFO Channel 02/0 : 52[7000] -> 45[46000] [receive] via NET/AWS Libfabric/3
x3201c0s25b0n0:51465:51489 [2] NCCL INFO Channel 01/0 : 23[c7000] -> 26[85000] [receive] via NET/AWS Libfabric/1
x3201c0s19b1n0:53091:53112 [3] NCCL INFO Channel 03/0 : 7[c7000] -> 15[c7000] [receive] via NET/AWS Libfabric/1
x3201c0s25b1n0:55018:55041 [2] NCCL INFO Channel 02 : 30[85000] -> 29[46000] via P2P/IPC/read
x3201c0s19b0n0:46729:46752 [0] NCCL INFO Channel 00/0 : 8[7000] -> 17[46000] [send] via NET/AWS Libfabric/3
x3201c0s25b0n0:51463:51490 [0] NCCL INFO Channel 02/0 : 21[46000] -> 24[7000] [receive] via NET/AWS Libfabric/3
x3201c0s25b0n0:51464:51487 [1] NCCL INFO Channel 00/0 : 20[7000] -> 25[46000] [receive] via NET/AWS Libfabric/3
x3201c0s7b0n0:49936:49958 [3] NCCL INFO Channel 01/0 : 51[c7000] -> 35[c7000] [send] via NET/AWS Libfabric/1
x3201c0s7b1n0:54467:54490 [0] NCCL INFO Channel 02/0 : 52[7000] -> 45[46000] [send] via NET/AWS Libfabric/3
x3201c0s7b1n0:54470:54489 [3] NCCL INFO Channel 03/0 : 55[c7000] -> 51[c7000] [send] via NET/AWS Libfabric/1
x3201c0s37b1n0:49434:49461 [0] NCCL INFO Channel 02/0 : 36[7000] -> 44[7000] [receive] via NET/AWS Libfabric/3
x3201c0s31b0n0:43263:43282 [3] NCCL INFO Channel 01/0 : 3[c7000] -> 35[c7000] [receive] via NET/AWS Libfabric/1
x3201c0s31b1n0:34792:34815 [3] NCCL INFO Channel 03/0 : 39[c7000] -> 35[c7000] [send] via NET/AWS Libfabric/1
x3201c0s1b0n0:51793:51815 [1] NCCL INFO Channel 00/0 : 17[46000] -> 8[7000] [send] via NET/AWS Libfabric/3
x3201c0s37b0n0:47748:47775 [0] NCCL INFO Channel 00/0 : 49[46000] -> 40[7000] [receive] via NET/AWS Libfabric/3
x3201c0s37b0n0:47751:47774 [3] NCCL INFO Channel 03/0 : 43[c7000] -> 38[85000] [send] via NET/AWS Libfabric/1
x3201c0s19b0n0:46729:46752 [0] NCCL INFO Channel 00/0 : 17[46000] -> 8[7000] [receive] via NET/AWS Libfabric/3
x3201c0s13b1n0:55530:55554 [3] NCCL INFO Channel 03/0 : 3[c7000] -> 7[c7000] [receive] via NET/AWS Libfabric/1
x3201c0s37b1n0:49437:49459 [3] NCCL INFO Channel 01/0 : 47[c7000] -> 43[c7000] [send] via NET/AWS Libfabric/1
x3201c0s7b1n0:54467:54490 [0] NCCL INFO Channel 00/0 : 57[46000] -> 52[7000] [receive] via NET/AWS Libfabric/3
x3201c0s1b1n0:52554:52576 [3] NCCL INFO Channel 03/0 : 19[c7000] -> 23[c7000] [receive] via NET/AWS Libfabric/1
x3201c0s7b0n0:49933:49959 [0] NCCL INFO Channel 00/0 : 48[7000] -> 32[7000] [send] via NET/AWS Libfabric/3
x3201c0s31b1n0:34791:34813 [2] NCCL INFO Channel 00 : 38[85000] -> 37[46000] via P2P/IPC/read
x3201c0s13b1n0:55529:55552 [2] NCCL INFO Channel 03/0 : 11[c7000] -> 6[85000] [receive] via NET/AWS Libfabric/1
x3201c0s31b0n0:43263:43282 [3] NCCL INFO Channel 01/0 : 35[c7000] -> 3[c7000] [send] via NET/AWS Libfabric/1
x3201c0s19b0n0:46732:46749 [3] NCCL INFO Channel 01/0 : 11[c7000] -> 18[85000] [send] via NET/AWS Libfabric/1
x3201c0s19b0n0:46731:46751 [2] NCCL INFO Channel 01/0 : 10[85000] -> 7[c7000] [send] via NET/AWS Libfabric/1
x3201c0s31b1n0:34789:34816 [0] NCCL INFO Channel 02/0 : 44[7000] -> 36[7000] [receive] via NET/AWS Libfabric/3
x3201c0s31b0n0:43260:43283 [0] NCCL INFO Channel 00/0 : 0[7000] -> 32[7000] [receive] via NET/AWS Libfabric/3
x3201c0s13b1n0:55527:55553 [0] NCCL INFO Channel 02/0 : 12[7000] -> 4[7000] [receive] via NET/AWS Libfabric/3
x3201c0s19b1n0:53088:53115 [0] NCCL INFO Channel 02/0 : 12[7000] -> 28[7000] [send] via NET/AWS Libfabric/3
x3201c0s25b0n0:51464:51487 [1] NCCL INFO Channel 00/0 : 25[46000] -> 20[7000] [send] via NET/AWS Libfabric/3
x3201c0s37b1n0:49435:49460 [1] NCCL INFO Connected all trees
x3201c0s37b1n0:49435:49460 [1] NCCL INFO MSCCL_XML_FILES set by environment to  
x3201c0s37b1n0:49435:49460 [1] NCCL INFO MSCCL: Parsing algorithm  
x3201c0s25b0n0:51465:51489 [2] NCCL INFO Channel 01/0 : 26[85000] -> 23[c7000] [send] via NET/AWS Libfabric/1

x3201c0s37b1n0:49435:49460 [1] graph/xml.cc:885 NCCL WARN Could not open XML MSCCL graph file   : No such file or directory
x3201c0s37b1n0:49435:49460 [1] NCCL INFO graph/topo.cc:763 -> 2

x3201c0s37b1n0:49435:49460 [1] graph/topo.cc:1212 NCCL WARN MSCCL: algorithm   failed to initialize. Will be ignored.
x3201c0s37b1n0:49435:49460 [1] NCCL INFO NCCL_NTHREADS set by environment to 512.
x3201c0s37b1n0:49435:49460 [1] NCCL INFO NCCL_PROTO set by environment to Simple
x3201c0s37b1n0:49435:49460 [1] NCCL INFO NCCL_ALGO set by environment to TREE
x3201c0s37b1n0:49435:49460 [1] NCCL INFO threadThresholds 8/8/64 | 512/8/64 | 8/8/64 | 8/8/512
x3201c0s37b1n0:49435:49460 [1] NCCL INFO 4 coll channels, 4 p2p channels, 2 p2p channels per peer
x3201c0s37b0n0:47751:47774 [3] NCCL INFO Channel 01/0 : 47[c7000] -> 43[c7000] [receive] via NET/AWS Libfabric/1
x3201c0s37b1n0:49436:49458 [2] NCCL INFO Connected all trees
x3201c0s37b1n0:49436:49458 [2] NCCL INFO MSCCL_XML_FILES set by environment to  
x3201c0s37b1n0:49436:49458 [2] NCCL INFO MSCCL: Parsing algorithm  

x3201c0s37b1n0:49436:49458 [2] graph/xml.cc:885 NCCL WARN Could not open XML MSCCL graph file   : No such file or directory
x3201c0s37b1n0:49436:49458 [2] NCCL INFO graph/topo.cc:763 -> 2

x3201c0s37b1n0:49436:49458 [2] graph/topo.cc:1212 NCCL WARN MSCCL: algorithm   failed to initialize. Will be ignored.
x3201c0s37b1n0:49436:49458 [2] NCCL INFO NCCL_NTHREADS set by environment to 512.
x3201c0s37b1n0:49436:49458 [2] NCCL INFO NCCL_PROTO set by environment to Simple
x3201c0s37b1n0:49436:49458 [2] NCCL INFO NCCL_ALGO set by environment to TREE
x3201c0s37b1n0:49436:49458 [2] NCCL INFO threadThresholds 8/8/64 | 512/8/64 | 8/8/64 | 8/8/512
x3201c0s37b1n0:49436:49458 [2] NCCL INFO 4 coll channels, 4 p2p channels, 2 p2p channels per peer
x3201c0s31b0n0:43260:43283 [0] NCCL INFO Channel 00/0 : 32[7000] -> 0[7000] [send] via NET/AWS Libfabric/3
x3201c0s1b0n0:51795:51816 [3] NCCL INFO Channel 01/0 : 19[c7000] -> 27[c7000] [send] via NET/AWS Libfabric/1
x3201c0s31b1n0:34791:34813 [2] NCCL INFO Channel 02 : 38[85000] -> 37[46000] via P2P/IPC/read
x3201c0s1b0n0:51794:51817 [2] NCCL INFO Channel 01/0 : 18[85000] -> 11[c7000] [send] via NET/AWS Libfabric/1
x3201c0s1b1n0:52551:52577 [0] NCCL INFO Channel 02/0 : 13[46000] -> 20[7000] [receive] via NET/AWS Libfabric/3
x3201c0s13b0n0:9814:9838 [3] NCCL INFO Channel 01/0 : 35[c7000] -> 3[c7000] [receive] via NET/AWS Libfabric/1
x3201c0s25b0n0:51463:51490 [0] NCCL INFO Channel 00/0 : 24[7000] -> 28[7000] [send] via NET/AWS Libfabric/3
x3201c0s19b0n0:46732:46749 [3] NCCL INFO Channel 01/0 : 18[85000] -> 11[c7000] [receive] via NET/AWS Libfabric/1
x3201c0s37b1n0:49437:49459 [3] NCCL INFO Connected all trees
x3201c0s37b1n0:49437:49459 [3] NCCL INFO MSCCL_XML_FILES set by environment to  
x3201c0s37b1n0:49437:49459 [3] NCCL INFO MSCCL: Parsing algorithm  

x3201c0s37b1n0:49437:49459 [3] graph/xml.cc:885 NCCL WARN Could not open XML MSCCL graph file   : No such file or directory
x3201c0s37b1n0:49437:49459 [3] NCCL INFO graph/topo.cc:763 -> 2

x3201c0s37b1n0:49437:49459 [3] graph/topo.cc:1212 NCCL WARN MSCCL: algorithm   failed to initialize. Will be ignored.
x3201c0s37b1n0:49437:49459 [3] NCCL INFO NCCL_NTHREADS set by environment to 512.
x3201c0s37b1n0:49437:49459 [3] NCCL INFO NCCL_PROTO set by environment to Simple
x3201c0s37b1n0:49437:49459 [3] NCCL INFO NCCL_ALGO set by environment to TREE
x3201c0s37b1n0:49437:49459 [3] NCCL INFO threadThresholds 8/8/64 | 512/8/64 | 8/8/64 | 8/8/512
x3201c0s37b1n0:49437:49459 [3] NCCL INFO 4 coll channels, 4 p2p channels, 2 p2p channels per peer
x3201c0s37b0n0:47751:47774 [3] NCCL INFO Connected all trees
x3201c0s37b0n0:47751:47774 [3] NCCL INFO MSCCL_XML_FILES set by environment to  
x3201c0s37b0n0:47751:47774 [3] NCCL INFO MSCCL: Parsing algorithm  
x3201c0s1b1n0:52552:52579 [1] NCCL INFO Channel 02/0 : 24[7000] -> 21[46000] [receive] via NET/AWS Libfabric/3
x3201c0s19b0n0:46729:46752 [0] NCCL INFO Channel 00/0 : 12[7000] -> 8[7000] [receive] via NET/AWS Libfabric/3

x3201c0s37b0n0:47751:47774 [3] graph/xml.cc:885 NCCL WARN Could not open XML MSCCL graph file   : No such file or directory
x3201c0s37b0n0:47751:47774 [3] NCCL INFO graph/topo.cc:763 -> 2

x3201c0s37b0n0:47751:47774 [3] graph/topo.cc:1212 NCCL WARN MSCCL: algorithm   failed to initialize. Will be ignored.
x3201c0s37b0n0:47751:47774 [3] NCCL INFO NCCL_NTHREADS set by environment to 512.
x3201c0s37b0n0:47751:47774 [3] NCCL INFO NCCL_PROTO set by environment to Simple
x3201c0s37b0n0:47751:47774 [3] NCCL INFO NCCL_ALGO set by environment to TREE
x3201c0s37b0n0:47751:47774 [3] NCCL INFO threadThresholds 8/8/64 | 512/8/64 | 8/8/64 | 8/8/512
x3201c0s37b0n0:47751:47774 [3] NCCL INFO 4 coll channels, 4 p2p channels, 2 p2p channels per peer
x3201c0s7b0n0:49934:49956 [1] NCCL INFO Connected all trees
x3201c0s7b0n0:49934:49956 [1] NCCL INFO MSCCL_XML_FILES set by environment to  
x3201c0s7b0n0:49934:49956 [1] NCCL INFO MSCCL: Parsing algorithm  
x3201c0s7b0n0:49935:49957 [2] NCCL INFO Connected all trees
x3201c0s7b0n0:49935:49957 [2] NCCL INFO MSCCL_XML_FILES set by environment to  
x3201c0s7b0n0:49935:49957 [2] NCCL INFO MSCCL: Parsing algorithm  

x3201c0s7b0n0:49934:49956 [1] graph/xml.cc:885 NCCL WARN Could not open XML MSCCL graph file   : No such file or directory
x3201c0s7b0n0:49934:49956 [1] NCCL INFO graph/topo.cc:763 -> 2

x3201c0s7b0n0:49934:49956 [1] graph/topo.cc:1212 NCCL WARN MSCCL: algorithm   failed to initialize. Will be ignored.
x3201c0s7b0n0:49934:49956 [1] NCCL INFO NCCL_NTHREADS set by environment to 512.
x3201c0s7b0n0:49934:49956 [1] NCCL INFO NCCL_PROTO set by environment to Simple
x3201c0s7b0n0:49934:49956 [1] NCCL INFO NCCL_ALGO set by environment to TREE
x3201c0s7b0n0:49934:49956 [1] NCCL INFO threadThresholds 8/8/64 | 512/8/64 | 8/8/64 | 8/8/512
x3201c0s7b0n0:49934:49956 [1] NCCL INFO 4 coll channels, 4 p2p channels, 2 p2p channels per peer

x3201c0s7b0n0:49935:49957 [2] graph/xml.cc:885 NCCL WARN Could not open XML MSCCL graph file   : No such file or directory
x3201c0s7b0n0:49935:49957 [2] NCCL INFO graph/topo.cc:763 -> 2

x3201c0s7b0n0:49935:49957 [2] graph/topo.cc:1212 NCCL WARN MSCCL: algorithm   failed to initialize. Will be ignored.
x3201c0s7b0n0:49935:49957 [2] NCCL INFO NCCL_NTHREADS set by environment to 512.
x3201c0s7b0n0:49935:49957 [2] NCCL INFO NCCL_PROTO set by environment to Simple
x3201c0s7b0n0:49935:49957 [2] NCCL INFO NCCL_ALGO set by environment to TREE
x3201c0s7b0n0:49935:49957 [2] NCCL INFO threadThresholds 8/8/64 | 512/8/64 | 8/8/64 | 8/8/512
x3201c0s7b0n0:49935:49957 [2] NCCL INFO 4 coll channels, 4 p2p channels, 2 p2p channels per peer
x3201c0s7b1n0:54467:54490 [0] NCCL INFO Channel 02/0 : 52[7000] -> 48[7000] [send] via NET/AWS Libfabric/3
x3201c0s37b0n0:47748:47775 [0] NCCL INFO Channel 00/0 : 44[7000] -> 40[7000] [receive] via NET/AWS Libfabric/3
x3201c0s37b1n0:49434:49461 [0] NCCL INFO Channel 02/0 : 29[46000] -> 44[7000] [receive] via NET/AWS Libfabric/3
x3201c0s1b0n0:51794:51817 [2] NCCL INFO Channel 00 : 18[85000] -> 17[46000] via P2P/IPC/read
x3201c0s1b1n0:52554:52576 [3] NCCL INFO Channel 03/0 : 14[85000] -> 23[c7000] [receive] via NET/AWS Libfabric/1
x3201c0s13b1n0:55530:55554 [3] NCCL INFO Channel 03/0 : 7[c7000] -> 15[c7000] [send] via NET/AWS Libfabric/1
x3201c0s1b0n0:51795:51816 [3] NCCL INFO Channel 01/0 : 19[c7000] -> 34[85000] [send] via NET/AWS Libfabric/1
x3201c0s25b0n0:51466:51488 [3] NCCL INFO Channel 01/0 : 27[c7000] -> 19[c7000] [send] via NET/AWS Libfabric/1
x3201c0s13b0n0:9814:9838 [3] NCCL INFO Channel 01/0 : 3[c7000] -> 35[c7000] [send] via NET/AWS Libfabric/1
x3201c0s25b1n0:55016:55043 [0] NCCL INFO Channel 02/0 : 12[7000] -> 28[7000] [receive] via NET/AWS Libfabric/3
x3201c0s1b0n0:51794:51817 [2] NCCL INFO Channel 02 : 18[85000] -> 17[46000] via P2P/IPC/read
x3201c0s1b0n0:51793:51815 [1] NCCL INFO Connected all trees
x3201c0s1b0n0:51793:51815 [1] NCCL INFO MSCCL_XML_FILES set by environment to  
x3201c0s1b0n0:51793:51815 [1] NCCL INFO MSCCL: Parsing algorithm  
x3201c0s1b0n0:51794:51817 [2] NCCL INFO Connected all trees
x3201c0s1b0n0:51794:51817 [2] NCCL INFO MSCCL_XML_FILES set by environment to  
x3201c0s1b0n0:51794:51817 [2] NCCL INFO MSCCL: Parsing algorithm  

x3201c0s1b0n0:51793:51815 [1] graph/xml.cc:885 NCCL WARN Could not open XML MSCCL graph file   : No such file or directory
x3201c0s1b0n0:51793:51815 [1] NCCL INFO graph/topo.cc:763 -> 2

x3201c0s1b0n0:51793:51815 [1] graph/topo.cc:1212 NCCL WARN MSCCL: algorithm   failed to initialize. Will be ignored.
x3201c0s1b0n0:51793:51815 [1] NCCL INFO NCCL_NTHREADS set by environment to 512.
x3201c0s1b0n0:51793:51815 [1] NCCL INFO NCCL_PROTO set by environment to Simple
x3201c0s1b0n0:51793:51815 [1] NCCL INFO NCCL_ALGO set by environment to TREE
x3201c0s1b0n0:51793:51815 [1] NCCL INFO threadThresholds 8/8/64 | 512/8/64 | 8/8/64 | 8/8/512
x3201c0s1b0n0:51793:51815 [1] NCCL INFO 4 coll channels, 4 p2p channels, 2 p2p channels per peer

x3201c0s1b0n0:51794:51817 [2] graph/xml.cc:885 NCCL WARN Could not open XML MSCCL graph file   : No such file or directory
x3201c0s1b0n0:51794:51817 [2] NCCL INFO graph/topo.cc:763 -> 2

x3201c0s1b0n0:51794:51817 [2] graph/topo.cc:1212 NCCL WARN MSCCL: algorithm   failed to initialize. Will be ignored.
x3201c0s1b0n0:51794:51817 [2] NCCL INFO NCCL_NTHREADS set by environment to 512.
x3201c0s1b0n0:51794:51817 [2] NCCL INFO NCCL_PROTO set by environment to Simple
x3201c0s1b0n0:51794:51817 [2] NCCL INFO NCCL_ALGO set by environment to TREE
x3201c0s1b0n0:51794:51817 [2] NCCL INFO threadThresholds 8/8/64 | 512/8/64 | 8/8/64 | 8/8/512
x3201c0s1b0n0:51794:51817 [2] NCCL INFO 4 coll channels, 4 p2p channels, 2 p2p channels per peer
x3201c0s13b0n0:9811:9837 [0] NCCL INFO Channel 02/0 : 4[7000] -> 0[7000] [receive] via NET/AWS Libfabric/3
x3201c0s1b1n0:52551:52577 [0] NCCL INFO Channel 02/0 : 20[7000] -> 13[46000] [send] via NET/AWS Libfabric/3
x3201c0s25b1n0:55017:55042 [1] NCCL INFO Channel 02/0 : 44[7000] -> 29[46000] [receive] via NET/AWS Libfabric/3
x3201c0s19b1n0:53089:53113 [1] NCCL INFO Channel 02/0 : 20[7000] -> 13[46000] [receive] via NET/AWS Libfabric/3
x3201c0s25b0n0:51463:51490 [0] NCCL INFO Channel 00/0 : 16[7000] -> 24[7000] [receive] via NET/AWS Libfabric/3
x3201c0s19b0n0:46732:46749 [3] NCCL INFO Channel 03/0 : 11[c7000] -> 6[85000] [send] via NET/AWS Libfabric/1
x3201c0s31b0n0:43260:43283 [0] NCCL INFO Channel 00/0 : 48[7000] -> 32[7000] [receive] via NET/AWS Libfabric/3
x3201c0s19b1n0:53091:53112 [3] NCCL INFO Channel 03/0 : 15[c7000] -> 31[c7000] [send] via NET/AWS Libfabric/1
x3201c0s13b1n0:55529:55552 [2] NCCL INFO Channel 00 : 6[85000] -> 5[46000] via P2P/IPC/read
x3201c0s37b1n0:49434:49461 [0] NCCL INFO Channel 02/0 : 44[7000] -> 29[46000] [send] via NET/AWS Libfabric/3
x3201c0s19b1n0:53088:53115 [0] NCCL INFO Channel 02/0 : 28[7000] -> 12[7000] [receive] via NET/AWS Libfabric/3
x3201c0s1b0n0:51795:51816 [3] NCCL INFO Channel 01/0 : 34[85000] -> 19[c7000] [receive] via NET/AWS Libfabric/1
x3201c0s13b1n0:55530:55554 [3] NCCL INFO Channel 03/0 : 15[c7000] -> 7[c7000] [receive] via NET/AWS Libfabric/1
x3201c0s19b1n0:53090:53114 [2] NCCL INFO Channel 03/0 : 23[c7000] -> 14[85000] [receive] via NET/AWS Libfabric/1
x3201c0s19b0n0:46732:46749 [3] NCCL INFO Channel 01/0 : 15[c7000] -> 11[c7000] [receive] via NET/AWS Libfabric/1
x3201c0s31b0n0:43262:43280 [2] NCCL INFO Channel 01/0 : 34[85000] -> 19[c7000] [send] via NET/AWS Libfabric/1
x3201c0s1b1n0:52554:52576 [3] NCCL INFO Channel 03/0 : 23[c7000] -> 14[85000] [send] via NET/AWS Libfabric/1
x3201c0s25b1n0:55016:55043 [0] NCCL INFO Channel 02/0 : 60[7000] -> 28[7000] [receive] via NET/AWS Libfabric/3
x3201c0s37b1n0:49434:49461 [0] NCCL INFO Channel 02/0 : 44[7000] -> 36[7000] [send] via NET/AWS Libfabric/3
x3201c0s31b0n0:43262:43280 [2] NCCL INFO Channel 00 : 34[85000] -> 33[46000] via P2P/IPC/read
x3201c0s1b1n0:52551:52577 [0] NCCL INFO Channel 00/0 : 25[46000] -> 20[7000] [receive] via NET/AWS Libfabric/3
x3201c0s13b1n0:55529:55552 [2] NCCL INFO Channel 02 : 6[85000] -> 5[46000] via P2P/IPC/read
x3201c0s13b0n0:9814:9838 [3] NCCL INFO Channel 03/0 : 7[c7000] -> 3[c7000] [receive] via NET/AWS Libfabric/1
x3201c0s31b0n0:43263:43282 [3] NCCL INFO Channel 01/0 : 51[c7000] -> 35[c7000] [receive] via NET/AWS Libfabric/1
x3201c0s7b0n0:49933:49959 [0] NCCL INFO Channel 00/0 : 56[7000] -> 48[7000] [receive] via NET/AWS Libfabric/3
x3201c0s25b0n0:51463:51490 [0] NCCL INFO Channel 00/0 : 24[7000] -> 16[7000] [send] via NET/AWS Libfabric/3
x3201c0s25b1n0:55016:55043 [0] NCCL INFO Channel 02/0 : 28[7000] -> 60[7000] [send] via NET/AWS Libfabric/3
x3201c0s19b1n0:53090:53114 [2] NCCL INFO Channel 00 : 14[85000] -> 13[46000] via P2P/IPC/read
x3201c0s19b1n0:53091:53112 [3] NCCL INFO Channel 03/0 : 31[c7000] -> 15[c7000] [receive] via NET/AWS Libfabric/1
x3201c0s1b1n0:52554:52576 [3] NCCL INFO Channel 03/0 : 23[c7000] -> 19[c7000] [send] via NET/AWS Libfabric/1
x3201c0s1b0n0:51792:51818 [0] NCCL INFO Channel 00/0 : 16[7000] -> 33[46000] [send] via NET/AWS Libfabric/3
x3201c0s31b0n0:43260:43283 [0] NCCL INFO Channel 02/0 : 36[7000] -> 32[7000] [receive] via NET/AWS Libfabric/3
x3201c0s31b0n0:43262:43280 [2] NCCL INFO Channel 02 : 34[85000] -> 33[46000] via P2P/IPC/read
x3201c0s19b1n0:53090:53114 [2] NCCL INFO Channel 02 : 14[85000] -> 13[46000] via P2P/IPC/read
x3201c0s7b0n0:49936:49958 [3] NCCL INFO Channel 01/0 : 59[c7000] -> 51[c7000] [receive] via NET/AWS Libfabric/1
x3201c0s31b1n0:34789:34816 [0] NCCL INFO Channel 00/0 : 41[46000] -> 36[7000] [receive] via NET/AWS Libfabric/3
x3201c0s37b1n0:49434:49461 [0] NCCL INFO Channel 00/0 : 44[7000] -> 40[7000] [send] via NET/AWS Libfabric/3
x3201c0s31b0n0:43261:43281 [1] NCCL INFO Channel 00/0 : 33[46000] -> 16[7000] [send] via NET/AWS Libfabric/3
x3202c0s13b0n0:25450:25472 [0] NCCL INFO Channel 00/0 : 60[7000] -> 56[7000] [receive] via NET/AWS Libfabric/3
x3201c0s25b1n0:55019:55040 [3] NCCL INFO Channel 03/0 : 63[c7000] -> 31[c7000] [receive] via NET/AWS Libfabric/1
x3201c0s37b1n0:49434:49461 [0] NCCL INFO Connected all trees
x3201c0s37b1n0:49434:49461 [0] NCCL INFO MSCCL_XML_FILES set by environment to  
x3201c0s37b1n0:49434:49461 [0] NCCL INFO MSCCL: Parsing algorithm  

x3201c0s37b1n0:49434:49461 [0] graph/xml.cc:885 NCCL WARN Could not open XML MSCCL graph file   : No such file or directory
x3201c0s37b1n0:49434:49461 [0] NCCL INFO graph/topo.cc:763 -> 2

x3201c0s37b1n0:49434:49461 [0] graph/topo.cc:1212 NCCL WARN MSCCL: algorithm   failed to initialize. Will be ignored.
x3201c0s37b1n0:49434:49461 [0] NCCL INFO NCCL_NTHREADS set by environment to 512.
x3201c0s37b1n0:49434:49461 [0] NCCL INFO NCCL_PROTO set by environment to Simple
x3201c0s37b1n0:49434:49461 [0] NCCL INFO NCCL_ALGO set by environment to TREE
x3201c0s37b1n0:49434:49461 [0] NCCL INFO threadThresholds 8/8/64 | 512/8/64 | 8/8/64 | 8/8/512
x3201c0s37b1n0:49434:49461 [0] NCCL INFO 4 coll channels, 4 p2p channels, 2 p2p channels per peer
x3201c0s1b0n0:51792:51818 [0] NCCL INFO Channel 00/0 : 33[46000] -> 16[7000] [receive] via NET/AWS Libfabric/3
x3201c0s31b0n0:43261:43281 [1] NCCL INFO Connected all trees
x3201c0s31b0n0:43261:43281 [1] NCCL INFO MSCCL_XML_FILES set by environment to  
x3201c0s31b0n0:43261:43281 [1] NCCL INFO MSCCL: Parsing algorithm  
x3201c0s31b0n0:43262:43280 [2] NCCL INFO Connected all trees
x3201c0s31b0n0:43262:43280 [2] NCCL INFO MSCCL_XML_FILES set by environment to  
x3201c0s31b0n0:43262:43280 [2] NCCL INFO MSCCL: Parsing algorithm  

x3201c0s31b0n0:43261:43281 [1] graph/xml.cc:885 NCCL WARN Could not open XML MSCCL graph file   : No such file or directory
x3201c0s31b0n0:43261:43281 [1] NCCL INFO graph/topo.cc:763 -> 2

x3201c0s31b0n0:43261:43281 [1] graph/topo.cc:1212 NCCL WARN MSCCL: algorithm   failed to initialize. Will be ignored.
x3201c0s31b0n0:43261:43281 [1] NCCL INFO NCCL_NTHREADS set by environment to 512.
x3201c0s31b0n0:43261:43281 [1] NCCL INFO NCCL_PROTO set by environment to Simple
x3201c0s31b0n0:43261:43281 [1] NCCL INFO NCCL_ALGO set by environment to TREE
x3201c0s31b0n0:43261:43281 [1] NCCL INFO threadThresholds 8/8/64 | 512/8/64 | 8/8/64 | 8/8/512
x3201c0s31b0n0:43261:43281 [1] NCCL INFO 4 coll channels, 4 p2p channels, 2 p2p channels per peer

x3201c0s31b0n0:43262:43280 [2] graph/xml.cc:885 NCCL WARN Could not open XML MSCCL graph file   : No such file or directory
x3201c0s31b0n0:43262:43280 [2] NCCL INFO graph/topo.cc:763 -> 2

x3201c0s31b0n0:43262:43280 [2] graph/topo.cc:1212 NCCL WARN MSCCL: algorithm   failed to initialize. Will be ignored.
x3201c0s31b0n0:43262:43280 [2] NCCL INFO NCCL_NTHREADS set by environment to 512.
x3201c0s31b0n0:43262:43280 [2] NCCL INFO NCCL_PROTO set by environment to Simple
x3201c0s31b0n0:43262:43280 [2] NCCL INFO NCCL_ALGO set by environment to TREE
x3201c0s31b0n0:43262:43280 [2] NCCL INFO threadThresholds 8/8/64 | 512/8/64 | 8/8/64 | 8/8/512
x3201c0s31b0n0:43262:43280 [2] NCCL INFO 4 coll channels, 4 p2p channels, 2 p2p channels per peer
x3201c0s1b1n0:52551:52577 [0] NCCL INFO Channel 02/0 : 20[7000] -> 16[7000] [send] via NET/AWS Libfabric/3
x3201c0s25b1n0:55017:55042 [1] NCCL INFO Connected all trees
x3201c0s25b1n0:55017:55042 [1] NCCL INFO MSCCL_XML_FILES set by environment to  
x3201c0s25b1n0:55017:55042 [1] NCCL INFO MSCCL: Parsing algorithm  

x3201c0s25b1n0:55017:55042 [1] graph/xml.cc:885 NCCL WARN Could not open XML MSCCL graph file   : No such file or directory
x3201c0s25b1n0:55017:55042 [1] NCCL INFO graph/topo.cc:763 -> 2

x3201c0s25b1n0:55017:55042 [1] graph/topo.cc:1212 NCCL WARN MSCCL: algorithm   failed to initialize. Will be ignored.
x3201c0s25b1n0:55017:55042 [1] NCCL INFO NCCL_NTHREADS set by environment to 512.
x3201c0s25b1n0:55018:55041 [2] NCCL INFO Connected all trees
x3201c0s25b1n0:55018:55041 [2] NCCL INFO MSCCL_XML_FILES set by environment to  
x3201c0s25b1n0:55018:55041 [2] NCCL INFO MSCCL: Parsing algorithm  

x3201c0s25b1n0:55018:55041 [2] graph/xml.cc:885 NCCL WARN Could not open XML MSCCL graph file   : No such file or directory
x3201c0s25b1n0:55018:55041 [2] NCCL INFO graph/topo.cc:763 -> 2

x3201c0s25b1n0:55018:55041 [2] graph/topo.cc:1212 NCCL WARN MSCCL: algorithm   failed to initialize. Will be ignored.
x3201c0s25b1n0:55018:55041 [2] NCCL INFO NCCL_NTHREADS set by environment to 512.
x3201c0s25b1n0:55018:55041 [2] NCCL INFO NCCL_PROTO set by environment to Simple
x3201c0s25b1n0:55018:55041 [2] NCCL INFO NCCL_ALGO set by environment to TREE
x3201c0s25b1n0:55018:55041 [2] NCCL INFO threadThresholds 8/8/64 | 512/8/64 | 8/8/64 | 8/8/512
x3201c0s25b1n0:55018:55041 [2] NCCL INFO 4 coll channels, 4 p2p channels, 2 p2p channels per peer
x3201c0s25b1n0:55017:55042 [1] NCCL INFO NCCL_PROTO set by environment to Simple
x3201c0s25b1n0:55017:55042 [1] NCCL INFO NCCL_ALGO set by environment to TREE
x3201c0s25b1n0:55017:55042 [1] NCCL INFO threadThresholds 8/8/64 | 512/8/64 | 8/8/64 | 8/8/512
x3201c0s25b1n0:55017:55042 [1] NCCL INFO 4 coll channels, 4 p2p channels, 2 p2p channels per peer
x3201c0s25b1n0:55016:55043 [0] NCCL INFO Channel 02/0 : 28[7000] -> 12[7000] [send] via NET/AWS Libfabric/3
x3201c0s19b1n0:53090:53114 [2] NCCL INFO Connected all trees
x3201c0s19b1n0:53090:53114 [2] NCCL INFO MSCCL_XML_FILES set by environment to  
x3201c0s19b1n0:53090:53114 [2] NCCL INFO MSCCL: Parsing algorithm  

x3201c0s19b1n0:53090:53114 [2] graph/xml.cc:885 NCCL WARN Could not open XML MSCCL graph file   : No such file or directory
x3201c0s19b1n0:53090:53114 [2] NCCL INFO graph/topo.cc:763 -> 2

x3201c0s19b1n0:53090:53114 [2] graph/topo.cc:1212 NCCL WARN MSCCL: algorithm   failed to initialize. Will be ignored.
x3201c0s19b1n0:53090:53114 [2] NCCL INFO NCCL_NTHREADS set by environment to 512.
x3201c0s19b1n0:53090:53114 [2] NCCL INFO NCCL_PROTO set by environment to Simple
x3201c0s19b1n0:53090:53114 [2] NCCL INFO NCCL_ALGO set by environment to TREE
x3201c0s19b1n0:53090:53114 [2] NCCL INFO threadThresholds 8/8/64 | 512/8/64 | 8/8/64 | 8/8/512
x3201c0s19b1n0:53090:53114 [2] NCCL INFO 4 coll channels, 4 p2p channels, 2 p2p channels per peer
x3201c0s19b1n0:53089:53113 [1] NCCL INFO Connected all trees
x3201c0s19b1n0:53089:53113 [1] NCCL INFO MSCCL_XML_FILES set by environment to  
x3201c0s19b1n0:53089:53113 [1] NCCL INFO MSCCL: Parsing algorithm  

x3201c0s19b1n0:53089:53113 [1] graph/xml.cc:885 NCCL WARN Could not open XML MSCCL graph file   : No such file or directory
x3201c0s19b1n0:53089:53113 [1] NCCL INFO graph/topo.cc:763 -> 2

x3201c0s19b1n0:53089:53113 [1] graph/topo.cc:1212 NCCL WARN MSCCL: algorithm   failed to initialize. Will be ignored.
x3201c0s19b1n0:53089:53113 [1] NCCL INFO NCCL_NTHREADS set by environment to 512.
x3201c0s19b1n0:53089:53113 [1] NCCL INFO NCCL_PROTO set by environment to Simple
x3201c0s19b1n0:53089:53113 [1] NCCL INFO NCCL_ALGO set by environment to TREE
x3201c0s19b1n0:53089:53113 [1] NCCL INFO threadThresholds 8/8/64 | 512/8/64 | 8/8/64 | 8/8/512
x3201c0s19b1n0:53089:53113 [1] NCCL INFO 4 coll channels, 4 p2p channels, 2 p2p channels per peer
x3201c0s1b0n0:51795:51816 [3] NCCL INFO Channel 01/0 : 27[c7000] -> 19[c7000] [receive] via NET/AWS Libfabric/1
x3201c0s37b1n0:49434:49461 [0] NCCL INFO comm 0x14ddca01f010 rank 44 nranks 64 cudaDev 0 busId 7000 - Init COMPLETE
x3201c0s31b0n0:43263:43282 [3] NCCL INFO Channel 03/0 : 39[c7000] -> 35[c7000] [receive] via NET/AWS Libfabric/1
x3201c0s37b1n0:49435:49460 [1] NCCL INFO comm 0x14ffaa01f010 rank 45 nranks 64 cudaDev 1 busId 46000 - Init COMPLETE
x3201c0s7b0n0:49933:49959 [0] NCCL INFO Channel 02/0 : 52[7000] -> 48[7000] [receive] via NET/AWS Libfabric/3
x3201c0s37b1n0:49437:49459 [3] NCCL INFO comm 0x14b810b7d010 rank 47 nranks 64 cudaDev 3 busId c7000 - Init COMPLETE
x3202c0s13b0n0:25453:25470 [3] NCCL INFO Channel 03/0 : 59[c7000] -> 54[85000] [send] via NET/AWS Libfabric/1
x3201c0s37b1n0:49436:49458 [2] NCCL INFO comm 0x14e43c45a010 rank 46 nranks 64 cudaDev 2 busId 85000 - Init COMPLETE
x3201c0s31b0n0:43263:43282 [3] NCCL INFO Connected all trees
x3201c0s31b0n0:43263:43282 [3] NCCL INFO MSCCL_XML_FILES set by environment to  
x3201c0s31b0n0:43263:43282 [3] NCCL INFO MSCCL: Parsing algorithm  

x3201c0s31b0n0:43263:43282 [3] graph/xml.cc:885 NCCL WARN Could not open XML MSCCL graph file   : No such file or directory
x3201c0s31b0n0:43263:43282 [3] NCCL INFO graph/topo.cc:763 -> 2

x3201c0s31b0n0:43263:43282 [3] graph/topo.cc:1212 NCCL WARN MSCCL: algorithm   failed to initialize. Will be ignored.
x3201c0s31b0n0:43263:43282 [3] NCCL INFO NCCL_NTHREADS set by environment to 512.
x3201c0s31b0n0:43263:43282 [3] NCCL INFO NCCL_PROTO set by environment to Simple
x3201c0s31b0n0:43263:43282 [3] NCCL INFO NCCL_ALGO set by environment to TREE
x3201c0s31b0n0:43263:43282 [3] NCCL INFO threadThresholds 8/8/64 | 512/8/64 | 8/8/64 | 8/8/512
x3201c0s31b0n0:43263:43282 [3] NCCL INFO 4 coll channels, 4 p2p channels, 2 p2p channels per peer
x3201c0s37b0n0:47748:47775 [0] NCCL INFO Channel 02/0 : 40[7000] -> 37[46000] [send] via NET/AWS Libfabric/3
x3202c0s13b1n0:25682:25709 [0] NCCL INFO Channel 00/0 : 60[7000] -> 56[7000] [send] via NET/AWS Libfabric/3
x3201c0s7b1n0:54469:54488 [2] NCCL INFO Channel 00 : 54[85000] -> 53[46000] via P2P/IPC/read
x3201c0s25b1n0:55016:55043 [0] NCCL INFO Channel 00/0 : 28[7000] -> 24[7000] [send] via NET/AWS Libfabric/3
x3201c0s7b0n0:49933:49959 [0] NCCL INFO Connected all trees
x3201c0s7b0n0:49933:49959 [0] NCCL INFO MSCCL_XML_FILES set by environment to  
x3201c0s7b0n0:49933:49959 [0] NCCL INFO MSCCL: Parsing algorithm  

x3201c0s7b0n0:49933:49959 [0] graph/xml.cc:885 NCCL WARN Could not open XML MSCCL graph file   : No such file or directory
x3201c0s7b0n0:49933:49959 [0] NCCL INFO graph/topo.cc:763 -> 2

x3201c0s7b0n0:49933:49959 [0] graph/topo.cc:1212 NCCL WARN MSCCL: algorithm   failed to initialize. Will be ignored.
x3201c0s7b0n0:49933:49959 [0] NCCL INFO NCCL_NTHREADS set by environment to 512.
x3201c0s7b0n0:49933:49959 [0] NCCL INFO NCCL_PROTO set by environment to Simple
x3201c0s7b0n0:49933:49959 [0] NCCL INFO NCCL_ALGO set by environment to TREE
x3201c0s7b0n0:49933:49959 [0] NCCL INFO threadThresholds 8/8/64 | 512/8/64 | 8/8/64 | 8/8/512
x3201c0s7b0n0:49933:49959 [0] NCCL INFO 4 coll channels, 4 p2p channels, 2 p2p channels per peer
x3201c0s19b1n0:53088:53115 [0] NCCL INFO Channel 02/0 : 12[7000] -> 4[7000] [send] via NET/AWS Libfabric/3
x3201c0s25b1n0:55019:55040 [3] NCCL INFO Channel 03/0 : 31[c7000] -> 63[c7000] [send] via NET/AWS Libfabric/1
x3201c0s37b0n0:47748:47775 [0] NCCL INFO Connected all trees
x3201c0s37b0n0:47748:47775 [0] NCCL INFO MSCCL_XML_FILES set by environment to  
x3201c0s37b0n0:47748:47775 [0] NCCL INFO MSCCL: Parsing algorithm  

x3201c0s37b0n0:47748:47775 [0] graph/xml.cc:885 NCCL WARN Could not open XML MSCCL graph file   : No such file or directory
x3201c0s37b0n0:47748:47775 [0] NCCL INFO graph/topo.cc:763 -> 2

x3201c0s37b0n0:47748:47775 [0] graph/topo.cc:1212 NCCL WARN MSCCL: algorithm   failed to initialize. Will be ignored.
x3201c0s37b0n0:47748:47775 [0] NCCL INFO NCCL_NTHREADS set by environment to 512.
x3201c0s37b0n0:47748:47775 [0] NCCL INFO NCCL_PROTO set by environment to Simple
x3201c0s37b0n0:47748:47775 [0] NCCL INFO NCCL_ALGO set by environment to TREE
x3201c0s37b0n0:47748:47775 [0] NCCL INFO threadThresholds 8/8/64 | 512/8/64 | 8/8/64 | 8/8/512
x3201c0s37b0n0:47748:47775 [0] NCCL INFO 4 coll channels, 4 p2p channels, 2 p2p channels per peer
x3201c0s7b1n0:54467:54490 [0] NCCL INFO Connected all trees
x3201c0s7b1n0:54467:54490 [0] NCCL INFO MSCCL_XML_FILES set by environment to  
x3201c0s7b1n0:54467:54490 [0] NCCL INFO MSCCL: Parsing algorithm  
x3202c0s13b1n0:25682:25709 [0] NCCL INFO Connected all trees
x3202c0s13b1n0:25682:25709 [0] NCCL INFO MSCCL_XML_FILES set by environment to  
x3202c0s13b1n0:25682:25709 [0] NCCL INFO MSCCL: Parsing algorithm  

x3202c0s13b1n0:25682:25709 [0] graph/xml.cc:885 NCCL WARN Could not open XML MSCCL graph file   : No such file or directory
x3202c0s13b1n0:25682:25709 [0] NCCL INFO graph/topo.cc:763 -> 2

x3202c0s13b1n0:25682:25709 [0] graph/topo.cc:1212 NCCL WARN MSCCL: algorithm   failed to initialize. Will be ignored.
x3202c0s13b1n0:25682:25709 [0] NCCL INFO NCCL_NTHREADS set by environment to 512.
