x3003c0s13b1n0:33408:33429 [3] NCCL INFO Channel 00/0 : 11[c7000] -> 15[c7000] [receive] via NET/AWS Libfabric/1
x3003c0s25b0n0:18786:18812 [0] NCCL INFO Channel 00/0 : 28[7000] -> 24[7000] [send] via NET/AWS Libfabric/3
x3003c0s1b0n0:58257:58278 [3] NCCL INFO Channel 01/0 : 26[85000] -> 23[c7000] [receive] via NET/AWS Libfabric/1
x3003c0s25b0n0:18789:18811 [3] NCCL INFO Channel 00/0 : 27[c7000] -> 31[c7000] [receive] via NET/AWS Libfabric/1
x3003c0s1b1n0:50210:50233 [3] NCCL INFO Channel 00/0 : 27[c7000] -> 31[c7000] [send] via NET/AWS Libfabric/1
x3003c0s13b1n0:33405:33432 [0] NCCL INFO Channel 02/0 : 12[7000] -> 4[7000] [send] via NET/AWS Libfabric/3
x3003c0s19b0n0:55466:55489 [3] NCCL INFO Channel 00/0 : 19[c7000] -> 23[c7000] [send] via NET/AWS Libfabric/1
x3002c0s7b1n0:45714:45737 [3] NCCL INFO Connected all trees
x3002c0s7b1n0:45714:45737 [3] NCCL INFO MSCCL_XML_FILES set by environment to /home/yuke/ncclPG/CCL-LYD/msccl_tools_lyd/examples/xml/xml_lyd/binomial_tree/allreduce_binomial_tree_2ch_32chunk_32gpus.xml
x3002c0s7b1n0:45714:45737 [3] NCCL INFO MSCCL: Parsing algorithm /home/yuke/ncclPG/CCL-LYD/msccl_tools_lyd/examples/xml/xml_lyd/binomial_tree/allreduce_binomial_tree_2ch_32chunk_32gpus.xml
x3003c0s13b0n0:10157:10179 [2] NCCL INFO Channel 00 : 10[85000] -> 9[46000] via P2P/IPC/read
x3003c0s13b0n0:10158:10178 [3] NCCL INFO Channel 02/0 : 11[c7000] -> 15[c7000] [send] via NET/AWS Libfabric/1
x3003c0s13b0n0:10157:10179 [2] NCCL INFO Channel 02 : 10[85000] -> 9[46000] via P2P/IPC/read
x3003c0s25b0n0:18786:18812 [0] NCCL INFO Connected all trees
x3003c0s25b0n0:18786:18812 [0] NCCL INFO MSCCL_XML_FILES set by environment to /home/yuke/ncclPG/CCL-LYD/msccl_tools_lyd/examples/xml/xml_lyd/binomial_tree/allreduce_binomial_tree_2ch_32chunk_32gpus.xml
x3003c0s25b0n0:18786:18812 [0] NCCL INFO MSCCL: Parsing algorithm /home/yuke/ncclPG/CCL-LYD/msccl_tools_lyd/examples/xml/xml_lyd/binomial_tree/allreduce_binomial_tree_2ch_32chunk_32gpus.xml
x3003c0s19b0n0:55463:55490 [0] NCCL INFO Channel 01/0 : 16[7000] -> 20[7000] [send] via NET/AWS Libfabric/3
x3003c0s1b0n0:58257:58278 [3] NCCL INFO Connected all trees
x3003c0s1b0n0:58257:58278 [3] NCCL INFO MSCCL_XML_FILES set by environment to /home/yuke/ncclPG/CCL-LYD/msccl_tools_lyd/examples/xml/xml_lyd/binomial_tree/allreduce_binomial_tree_2ch_32chunk_32gpus.xml
x3003c0s1b0n0:58257:58278 [3] NCCL INFO MSCCL: Parsing algorithm /home/yuke/ncclPG/CCL-LYD/msccl_tools_lyd/examples/xml/xml_lyd/binomial_tree/allreduce_binomial_tree_2ch_32chunk_32gpus.xml
x3003c0s1b1n0:50209:50231 [2] NCCL INFO Channel 00 : 26[85000] -> 25[46000] via P2P/IPC/read
x3003c0s19b0n0:55466:55489 [3] NCCL INFO Channel 02/0 : 19[c7000] -> 23[c7000] [send] via NET/AWS Libfabric/1
x3003c0s13b1n0:33405:33432 [0] NCCL INFO Channel 00/0 : 12[7000] -> 8[7000] [send] via NET/AWS Libfabric/3
x3003c0s25b0n0:18786:18812 [0] NCCL INFO Parsed MSCCL Algorithm /home/yuke/ncclPG/CCL-LYD/msccl_tools_lyd/examples/xml/xml_lyd/binomial_tree/allreduce_binomial_tree_2ch_32chunk_32gpus.xml successfully.
x3003c0s19b0n0:55463:55490 [0] NCCL INFO Channel 03/0 : 16[7000] -> 20[7000] [send] via NET/AWS Libfabric/3
x3002c0s7b1n0:45714:45737 [3] NCCL INFO Parsed MSCCL Algorithm /home/yuke/ncclPG/CCL-LYD/msccl_tools_lyd/examples/xml/xml_lyd/binomial_tree/allreduce_binomial_tree_2ch_32chunk_32gpus.xml successfully.
x3003c0s13b1n0:33405:33432 [0] NCCL INFO Connected all trees
x3003c0s13b1n0:33405:33432 [0] NCCL INFO MSCCL_XML_FILES set by environment to /home/yuke/ncclPG/CCL-LYD/msccl_tools_lyd/examples/xml/xml_lyd/binomial_tree/allreduce_binomial_tree_2ch_32chunk_32gpus.xml
x3003c0s13b1n0:33405:33432 [0] NCCL INFO MSCCL: Parsing algorithm /home/yuke/ncclPG/CCL-LYD/msccl_tools_lyd/examples/xml/xml_lyd/binomial_tree/allreduce_binomial_tree_2ch_32chunk_32gpus.xml
x3003c0s1b0n0:58257:58278 [3] NCCL INFO Parsed MSCCL Algorithm /home/yuke/ncclPG/CCL-LYD/msccl_tools_lyd/examples/xml/xml_lyd/binomial_tree/allreduce_binomial_tree_2ch_32chunk_32gpus.xml successfully.
x3003c0s1b0n0:58254:58281 [0] NCCL INFO Channel 03/0 : 16[7000] -> 20[7000] [receive] via NET/AWS Libfabric/3
x3003c0s1b1n0:50209:50231 [2] NCCL INFO Channel 02 : 26[85000] -> 25[46000] via P2P/IPC/read
x3003c0s1b1n0:50210:50233 [3] NCCL INFO Channel 02/0 : 27[c7000] -> 31[c7000] [send] via NET/AWS Libfabric/1
x3002c0s7b1n0:45711:45738 [0] NCCL INFO Channel 00/0 : 9[46000] -> 4[7000] [receive] via NET/AWS Libfabric/3
x3003c0s13b1n0:33405:33432 [0] NCCL INFO Parsed MSCCL Algorithm /home/yuke/ncclPG/CCL-LYD/msccl_tools_lyd/examples/xml/xml_lyd/binomial_tree/allreduce_binomial_tree_2ch_32chunk_32gpus.xml successfully.
x3003c0s13b1n0:33408:33429 [3] NCCL INFO Channel 02/0 : 11[c7000] -> 15[c7000] [receive] via NET/AWS Libfabric/1
x3003c0s25b0n0:18789:18811 [3] NCCL INFO Channel 02/0 : 27[c7000] -> 31[c7000] [receive] via NET/AWS Libfabric/1
x3003c0s1b1n0:50207:50234 [0] NCCL INFO Channel 02/0 : 24[7000] -> 21[46000] [send] via NET/AWS Libfabric/3
x3003c0s13b0n0:10155:10181 [0] NCCL INFO Channel 02/0 : 8[7000] -> 5[46000] [send] via NET/AWS Libfabric/3
x3003c0s25b0n0:18786:18812 [0] NCCL INFO Channel 01/0 : 24[7000] -> 28[7000] [receive] via NET/AWS Libfabric/3
x3003c0s1b1n0:50207:50234 [0] NCCL INFO Connected all trees
x3003c0s1b1n0:50207:50234 [0] NCCL INFO MSCCL_XML_FILES set by environment to /home/yuke/ncclPG/CCL-LYD/msccl_tools_lyd/examples/xml/xml_lyd/binomial_tree/allreduce_binomial_tree_2ch_32chunk_32gpus.xml
x3003c0s1b1n0:50207:50234 [0] NCCL INFO MSCCL: Parsing algorithm /home/yuke/ncclPG/CCL-LYD/msccl_tools_lyd/examples/xml/xml_lyd/binomial_tree/allreduce_binomial_tree_2ch_32chunk_32gpus.xml
x3002c0s7b1n0:45714:45737 [3] NCCL INFO Channel 00/0 : 3[c7000] -> 7[c7000] [receive] via NET/AWS Libfabric/1
x3002c0s7b1n0:45712:45736 [1] NCCL INFO Connected all trees
x3002c0s7b1n0:45712:45736 [1] NCCL INFO MSCCL_XML_FILES set by environment to /home/yuke/ncclPG/CCL-LYD/msccl_tools_lyd/examples/xml/xml_lyd/binomial_tree/allreduce_binomial_tree_2ch_32chunk_32gpus.xml
x3002c0s7b1n0:45712:45736 [1] NCCL INFO MSCCL: Parsing algorithm /home/yuke/ncclPG/CCL-LYD/msccl_tools_lyd/examples/xml/xml_lyd/binomial_tree/allreduce_binomial_tree_2ch_32chunk_32gpus.xml
x3002c0s7b1n0:45713:45735 [2] NCCL INFO Connected all trees
x3002c0s7b1n0:45713:45735 [2] NCCL INFO MSCCL_XML_FILES set by environment to /home/yuke/ncclPG/CCL-LYD/msccl_tools_lyd/examples/xml/xml_lyd/binomial_tree/allreduce_binomial_tree_2ch_32chunk_32gpus.xml
x3002c0s7b1n0:45713:45735 [2] NCCL INFO MSCCL: Parsing algorithm /home/yuke/ncclPG/CCL-LYD/msccl_tools_lyd/examples/xml/xml_lyd/binomial_tree/allreduce_binomial_tree_2ch_32chunk_32gpus.xml
x3003c0s13b0n0:10155:10181 [0] NCCL INFO Connected all trees
x3003c0s13b0n0:10155:10181 [0] NCCL INFO MSCCL_XML_FILES set by environment to /home/yuke/ncclPG/CCL-LYD/msccl_tools_lyd/examples/xml/xml_lyd/binomial_tree/allreduce_binomial_tree_2ch_32chunk_32gpus.xml
x3003c0s13b0n0:10155:10181 [0] NCCL INFO MSCCL: Parsing algorithm /home/yuke/ncclPG/CCL-LYD/msccl_tools_lyd/examples/xml/xml_lyd/binomial_tree/allreduce_binomial_tree_2ch_32chunk_32gpus.xml
x3003c0s1b1n0:50209:50231 [2] NCCL INFO Connected all trees
x3003c0s1b1n0:50209:50231 [2] NCCL INFO MSCCL_XML_FILES set by environment to /home/yuke/ncclPG/CCL-LYD/msccl_tools_lyd/examples/xml/xml_lyd/binomial_tree/allreduce_binomial_tree_2ch_32chunk_32gpus.xml
x3003c0s1b1n0:50209:50231 [2] NCCL INFO MSCCL: Parsing algorithm /home/yuke/ncclPG/CCL-LYD/msccl_tools_lyd/examples/xml/xml_lyd/binomial_tree/allreduce_binomial_tree_2ch_32chunk_32gpus.xml
x3003c0s1b1n0:50208:50232 [1] NCCL INFO Connected all trees
x3003c0s1b1n0:50208:50232 [1] NCCL INFO MSCCL_XML_FILES set by environment to /home/yuke/ncclPG/CCL-LYD/msccl_tools_lyd/examples/xml/xml_lyd/binomial_tree/allreduce_binomial_tree_2ch_32chunk_32gpus.xml
x3003c0s1b1n0:50208:50232 [1] NCCL INFO MSCCL: Parsing algorithm /home/yuke/ncclPG/CCL-LYD/msccl_tools_lyd/examples/xml/xml_lyd/binomial_tree/allreduce_binomial_tree_2ch_32chunk_32gpus.xml
x3002c0s7b1n0:45712:45736 [1] NCCL INFO Parsed MSCCL Algorithm /home/yuke/ncclPG/CCL-LYD/msccl_tools_lyd/examples/xml/xml_lyd/binomial_tree/allreduce_binomial_tree_2ch_32chunk_32gpus.xml successfully.
x3002c0s7b1n0:45712:45736 [1] NCCL INFO Connected 1 MSCCL algorithms
x3002c0s7b1n0:45712:45736 [1] NCCL INFO NCCL_NTHREADS set by environment to 512.
x3002c0s7b1n0:45712:45736 [1] NCCL INFO NCCL_PROTO set by environment to Simple
x3002c0s7b1n0:45712:45736 [1] NCCL INFO NCCL_ALGO set by environment to MSCCL,TREE,RING
x3002c0s7b1n0:45712:45736 [1] NCCL INFO threadThresholds 8/8/64 | 256/8/64 | 8/8/64 | 8/8/512
x3002c0s7b1n0:45712:45736 [1] NCCL INFO 4 coll channels, 4 p2p channels, 2 p2p channels per peer
x3002c0s7b1n0:45713:45735 [2] NCCL INFO Parsed MSCCL Algorithm /home/yuke/ncclPG/CCL-LYD/msccl_tools_lyd/examples/xml/xml_lyd/binomial_tree/allreduce_binomial_tree_2ch_32chunk_32gpus.xml successfully.
x3002c0s7b1n0:45713:45735 [2] NCCL INFO Connected 1 MSCCL algorithms
x3002c0s7b1n0:45713:45735 [2] NCCL INFO NCCL_NTHREADS set by environment to 512.
x3002c0s7b1n0:45713:45735 [2] NCCL INFO NCCL_PROTO set by environment to Simple
x3002c0s7b1n0:45713:45735 [2] NCCL INFO NCCL_ALGO set by environment to MSCCL,TREE,RING
x3002c0s7b1n0:45713:45735 [2] NCCL INFO threadThresholds 8/8/64 | 256/8/64 | 8/8/64 | 8/8/512
x3002c0s7b1n0:45713:45735 [2] NCCL INFO 4 coll channels, 4 p2p channels, 2 p2p channels per peer
x3003c0s13b0n0:10155:10181 [0] NCCL INFO Parsed MSCCL Algorithm /home/yuke/ncclPG/CCL-LYD/msccl_tools_lyd/examples/xml/xml_lyd/binomial_tree/allreduce_binomial_tree_2ch_32chunk_32gpus.xml successfully.
x3003c0s19b0n0:55463:55490 [0] NCCL INFO Channel 01/0 : 16[7000] -> 24[7000] [send] via NET/AWS Libfabric/3
x3003c0s1b1n0:50207:50234 [0] NCCL INFO Parsed MSCCL Algorithm /home/yuke/ncclPG/CCL-LYD/msccl_tools_lyd/examples/xml/xml_lyd/binomial_tree/allreduce_binomial_tree_2ch_32chunk_32gpus.xml successfully.
x3003c0s1b1n0:50209:50231 [2] NCCL INFO Parsed MSCCL Algorithm /home/yuke/ncclPG/CCL-LYD/msccl_tools_lyd/examples/xml/xml_lyd/binomial_tree/allreduce_binomial_tree_2ch_32chunk_32gpus.xml successfully.
x3003c0s1b1n0:50209:50231 [2] NCCL INFO Connected 1 MSCCL algorithms
x3003c0s1b1n0:50209:50231 [2] NCCL INFO NCCL_NTHREADS set by environment to 512.
x3003c0s1b1n0:50209:50231 [2] NCCL INFO NCCL_PROTO set by environment to Simple
x3003c0s1b1n0:50209:50231 [2] NCCL INFO NCCL_ALGO set by environment to MSCCL,TREE,RING
x3003c0s1b1n0:50209:50231 [2] NCCL INFO threadThresholds 8/8/64 | 256/8/64 | 8/8/64 | 8/8/512
x3003c0s1b1n0:50209:50231 [2] NCCL INFO 4 coll channels, 4 p2p channels, 2 p2p channels per peer
x3003c0s1b1n0:50208:50232 [1] NCCL INFO Parsed MSCCL Algorithm /home/yuke/ncclPG/CCL-LYD/msccl_tools_lyd/examples/xml/xml_lyd/binomial_tree/allreduce_binomial_tree_2ch_32chunk_32gpus.xml successfully.
x3003c0s1b1n0:50208:50232 [1] NCCL INFO Connected 1 MSCCL algorithms
x3003c0s1b1n0:50208:50232 [1] NCCL INFO NCCL_NTHREADS set by environment to 512.
x3003c0s1b1n0:50208:50232 [1] NCCL INFO NCCL_PROTO set by environment to Simple
x3003c0s1b1n0:50208:50232 [1] NCCL INFO NCCL_ALGO set by environment to MSCCL,TREE,RING
x3003c0s1b1n0:50208:50232 [1] NCCL INFO threadThresholds 8/8/64 | 256/8/64 | 8/8/64 | 8/8/512
x3003c0s1b1n0:50208:50232 [1] NCCL INFO 4 coll channels, 4 p2p channels, 2 p2p channels per peer
x3003c0s1b0n0:58257:58278 [3] NCCL INFO Channel 00/0 : 19[c7000] -> 23[c7000] [receive] via NET/AWS Libfabric/1
x3003c0s1b0n0:58254:58281 [0] NCCL INFO Channel 03/0 : 20[7000] -> 28[7000] [send] via NET/AWS Libfabric/3
x3003c0s13b1n0:33405:33432 [0] NCCL INFO Channel 01/0 : 8[7000] -> 12[7000] [receive] via NET/AWS Libfabric/3
x3003c0s13b0n0:10158:10178 [3] NCCL INFO Channel 00/0 : 3[c7000] -> 11[c7000] [receive] via NET/AWS Libfabric/1
x3003c0s25b0n0:18786:18812 [0] NCCL INFO Channel 03/0 : 24[7000] -> 28[7000] [receive] via NET/AWS Libfabric/3
x3003c0s1b1n0:50210:50233 [3] NCCL INFO Channel 00/0 : 19[c7000] -> 27[c7000] [receive] via NET/AWS Libfabric/1
x3003c0s1b0n0:58255:58279 [1] NCCL INFO Connected all trees
x3003c0s1b0n0:58255:58279 [1] NCCL INFO MSCCL_XML_FILES set by environment to /home/yuke/ncclPG/CCL-LYD/msccl_tools_lyd/examples/xml/xml_lyd/binomial_tree/allreduce_binomial_tree_2ch_32chunk_32gpus.xml
x3003c0s1b0n0:58255:58279 [1] NCCL INFO MSCCL: Parsing algorithm /home/yuke/ncclPG/CCL-LYD/msccl_tools_lyd/examples/xml/xml_lyd/binomial_tree/allreduce_binomial_tree_2ch_32chunk_32gpus.xml
x3003c0s1b0n0:58256:58280 [2] NCCL INFO Connected all trees
x3003c0s1b0n0:58256:58280 [2] NCCL INFO MSCCL_XML_FILES set by environment to /home/yuke/ncclPG/CCL-LYD/msccl_tools_lyd/examples/xml/xml_lyd/binomial_tree/allreduce_binomial_tree_2ch_32chunk_32gpus.xml
x3003c0s1b0n0:58256:58280 [2] NCCL INFO MSCCL: Parsing algorithm /home/yuke/ncclPG/CCL-LYD/msccl_tools_lyd/examples/xml/xml_lyd/binomial_tree/allreduce_binomial_tree_2ch_32chunk_32gpus.xml
x3002c0s7b1n0:45711:45738 [0] NCCL INFO Channel 02/0 : 4[7000] -> 0[7000] [send] via NET/AWS Libfabric/3
x3003c0s13b0n0:10156:10180 [1] NCCL INFO Connected all trees
x3003c0s13b0n0:10156:10180 [1] NCCL INFO MSCCL_XML_FILES set by environment to /home/yuke/ncclPG/CCL-LYD/msccl_tools_lyd/examples/xml/xml_lyd/binomial_tree/allreduce_binomial_tree_2ch_32chunk_32gpus.xml
x3003c0s13b0n0:10156:10180 [1] NCCL INFO MSCCL: Parsing algorithm /home/yuke/ncclPG/CCL-LYD/msccl_tools_lyd/examples/xml/xml_lyd/binomial_tree/allreduce_binomial_tree_2ch_32chunk_32gpus.xml
x3003c0s13b0n0:10157:10179 [2] NCCL INFO Connected all trees
x3003c0s13b0n0:10157:10179 [2] NCCL INFO MSCCL_XML_FILES set by environment to /home/yuke/ncclPG/CCL-LYD/msccl_tools_lyd/examples/xml/xml_lyd/binomial_tree/allreduce_binomial_tree_2ch_32chunk_32gpus.xml
x3003c0s13b0n0:10157:10179 [2] NCCL INFO MSCCL: Parsing algorithm /home/yuke/ncclPG/CCL-LYD/msccl_tools_lyd/examples/xml/xml_lyd/binomial_tree/allreduce_binomial_tree_2ch_32chunk_32gpus.xml
x3002c0s7b1n0:45714:45737 [3] NCCL INFO Channel 02/0 : 3[c7000] -> 7[c7000] [receive] via NET/AWS Libfabric/1
x3002c0s7b1n0:45711:45738 [0] NCCL INFO Connected all trees
x3002c0s7b1n0:45711:45738 [0] NCCL INFO MSCCL_XML_FILES set by environment to /home/yuke/ncclPG/CCL-LYD/msccl_tools_lyd/examples/xml/xml_lyd/binomial_tree/allreduce_binomial_tree_2ch_32chunk_32gpus.xml
x3002c0s7b1n0:45711:45738 [0] NCCL INFO MSCCL: Parsing algorithm /home/yuke/ncclPG/CCL-LYD/msccl_tools_lyd/examples/xml/xml_lyd/binomial_tree/allreduce_binomial_tree_2ch_32chunk_32gpus.xml
x3003c0s25b0n0:18789:18811 [3] NCCL INFO Channel 02/0 : 23[c7000] -> 31[c7000] [receive] via NET/AWS Libfabric/1
x3003c0s13b1n0:33408:33429 [3] NCCL INFO Channel 02/0 : 7[c7000] -> 15[c7000] [receive] via NET/AWS Libfabric/1
x3003c0s13b1n0:33405:33432 [0] NCCL INFO Channel 03/0 : 8[7000] -> 12[7000] [receive] via NET/AWS Libfabric/3
x3003c0s1b0n0:58255:58279 [1] NCCL INFO Parsed MSCCL Algorithm /home/yuke/ncclPG/CCL-LYD/msccl_tools_lyd/examples/xml/xml_lyd/binomial_tree/allreduce_binomial_tree_2ch_32chunk_32gpus.xml successfully.
x3003c0s1b0n0:58255:58279 [1] NCCL INFO Connected 1 MSCCL algorithms
x3003c0s13b0n0:10156:10180 [1] NCCL INFO Parsed MSCCL Algorithm /home/yuke/ncclPG/CCL-LYD/msccl_tools_lyd/examples/xml/xml_lyd/binomial_tree/allreduce_binomial_tree_2ch_32chunk_32gpus.xml successfully.
x3003c0s13b0n0:10156:10180 [1] NCCL INFO Connected 1 MSCCL algorithms
x3003c0s13b0n0:10156:10180 [1] NCCL INFO NCCL_NTHREADS set by environment to 512.
x3003c0s13b0n0:10156:10180 [1] NCCL INFO NCCL_PROTO set by environment to Simple
x3003c0s13b0n0:10156:10180 [1] NCCL INFO NCCL_ALGO set by environment to MSCCL,TREE,RING
x3003c0s13b0n0:10156:10180 [1] NCCL INFO threadThresholds 8/8/64 | 256/8/64 | 8/8/64 | 8/8/512
x3003c0s13b0n0:10156:10180 [1] NCCL INFO 4 coll channels, 4 p2p channels, 2 p2p channels per peer
x3003c0s13b0n0:10157:10179 [2] NCCL INFO Parsed MSCCL Algorithm /home/yuke/ncclPG/CCL-LYD/msccl_tools_lyd/examples/xml/xml_lyd/binomial_tree/allreduce_binomial_tree_2ch_32chunk_32gpus.xml successfully.
x3003c0s13b0n0:10157:10179 [2] NCCL INFO Connected 1 MSCCL algorithms
x3003c0s13b0n0:10157:10179 [2] NCCL INFO NCCL_NTHREADS set by environment to 512.
x3003c0s13b0n0:10157:10179 [2] NCCL INFO NCCL_PROTO set by environment to Simple
x3003c0s13b0n0:10157:10179 [2] NCCL INFO NCCL_ALGO set by environment to MSCCL,TREE,RING
x3003c0s13b0n0:10157:10179 [2] NCCL INFO threadThresholds 8/8/64 | 256/8/64 | 8/8/64 | 8/8/512
x3003c0s13b0n0:10157:10179 [2] NCCL INFO 4 coll channels, 4 p2p channels, 2 p2p channels per peer
x3003c0s1b0n0:58255:58279 [1] NCCL INFO NCCL_NTHREADS set by environment to 512.
x3003c0s1b0n0:58255:58279 [1] NCCL INFO NCCL_PROTO set by environment to Simple
x3003c0s1b0n0:58255:58279 [1] NCCL INFO NCCL_ALGO set by environment to MSCCL,TREE,RING
x3003c0s1b0n0:58255:58279 [1] NCCL INFO threadThresholds 8/8/64 | 256/8/64 | 8/8/64 | 8/8/512
x3003c0s1b0n0:58255:58279 [1] NCCL INFO 4 coll channels, 4 p2p channels, 2 p2p channels per peer
x3003c0s1b0n0:58256:58280 [2] NCCL INFO Parsed MSCCL Algorithm /home/yuke/ncclPG/CCL-LYD/msccl_tools_lyd/examples/xml/xml_lyd/binomial_tree/allreduce_binomial_tree_2ch_32chunk_32gpus.xml successfully.
x3003c0s1b0n0:58256:58280 [2] NCCL INFO Connected 1 MSCCL algorithms
x3003c0s1b0n0:58256:58280 [2] NCCL INFO NCCL_NTHREADS set by environment to 512.
x3003c0s1b0n0:58256:58280 [2] NCCL INFO NCCL_PROTO set by environment to Simple
x3003c0s1b0n0:58256:58280 [2] NCCL INFO NCCL_ALGO set by environment to MSCCL,TREE,RING
x3003c0s1b0n0:58256:58280 [2] NCCL INFO threadThresholds 8/8/64 | 256/8/64 | 8/8/64 | 8/8/512
x3003c0s1b0n0:58256:58280 [2] NCCL INFO 4 coll channels, 4 p2p channels, 2 p2p channels per peer
x3003c0s13b0n0:10155:10181 [0] NCCL INFO Channel 01/0 : 8[7000] -> 12[7000] [send] via NET/AWS Libfabric/3
x3003c0s1b1n0:50207:50234 [0] NCCL INFO Channel 01/0 : 24[7000] -> 28[7000] [send] via NET/AWS Libfabric/3
x3002c0s7b1n0:45711:45738 [0] NCCL INFO Parsed MSCCL Algorithm /home/yuke/ncclPG/CCL-LYD/msccl_tools_lyd/examples/xml/xml_lyd/binomial_tree/allreduce_binomial_tree_2ch_32chunk_32gpus.xml successfully.
x3002c0s37b1n0:46511:46536 [0] NCCL INFO Connected all trees
x3002c0s37b1n0:46511:46536 [0] NCCL INFO MSCCL_XML_FILES set by environment to /home/yuke/ncclPG/CCL-LYD/msccl_tools_lyd/examples/xml/xml_lyd/binomial_tree/allreduce_binomial_tree_2ch_32chunk_32gpus.xml
x3002c0s37b1n0:46511:46536 [0] NCCL INFO MSCCL: Parsing algorithm /home/yuke/ncclPG/CCL-LYD/msccl_tools_lyd/examples/xml/xml_lyd/binomial_tree/allreduce_binomial_tree_2ch_32chunk_32gpus.xml
x3003c0s13b0n0:10155:10181 [0] NCCL INFO Channel 03/0 : 8[7000] -> 12[7000] [send] via NET/AWS Libfabric/3
x3003c0s1b0n0:58257:58278 [3] NCCL INFO Channel 02/0 : 19[c7000] -> 23[c7000] [receive] via NET/AWS Libfabric/1
x3003c0s1b1n0:50207:50234 [0] NCCL INFO Channel 03/0 : 24[7000] -> 28[7000] [send] via NET/AWS Libfabric/3
x3002c0s37b1n0:46511:46536 [0] NCCL INFO Parsed MSCCL Algorithm /home/yuke/ncclPG/CCL-LYD/msccl_tools_lyd/examples/xml/xml_lyd/binomial_tree/allreduce_binomial_tree_2ch_32chunk_32gpus.xml successfully.
x3002c0s37b1n0:46511:46536 [0] NCCL INFO Channel 01/0 : 0[7000] -> 4[7000] [send] via NET/AWS Libfabric/3
x3002c0s37b1n0:46511:46536 [0] NCCL INFO Channel 03/0 : 0[7000] -> 4[7000] [send] via NET/AWS Libfabric/3
x3002c0s7b1n0:45711:45738 [0] NCCL INFO Channel 01/0 : 0[7000] -> 4[7000] [receive] via NET/AWS Libfabric/3
x3002c0s7b1n0:45714:45737 [3] NCCL INFO Channel 02/0 : 7[c7000] -> 15[c7000] [send] via NET/AWS Libfabric/1
x3003c0s13b0n0:10155:10181 [0] NCCL INFO Channel 01/0 : 0[7000] -> 8[7000] [receive] via NET/AWS Libfabric/3
x3002c0s37b1n0:46514:46539 [3] NCCL INFO Channel 00/0 : 3[c7000] -> 11[c7000] [send] via NET/AWS Libfabric/1
x3003c0s1b1n0:50207:50234 [0] NCCL INFO Channel 01/0 : 16[7000] -> 24[7000] [receive] via NET/AWS Libfabric/3
x3003c0s13b1n0:33405:33432 [0] NCCL INFO Channel 03/0 : 4[7000] -> 12[7000] [receive] via NET/AWS Libfabric/3
x3003c0s19b0n0:55466:55489 [3] NCCL INFO Channel 00/0 : 19[c7000] -> 27[c7000] [send] via NET/AWS Libfabric/1
x3002c0s7b1n0:45711:45738 [0] NCCL INFO Channel 03/0 : 0[7000] -> 4[7000] [receive] via NET/AWS Libfabric/3
x3002c0s7b1n0:45714:45737 [3] NCCL INFO Channel 02/0 : 15[c7000] -> 7[c7000] [receive] via NET/AWS Libfabric/1
x3003c0s25b0n0:18786:18812 [0] NCCL INFO Channel 03/0 : 20[7000] -> 28[7000] [receive] via NET/AWS Libfabric/3
x3003c0s1b0n0:58257:58278 [3] NCCL INFO Channel 02/0 : 23[c7000] -> 31[c7000] [send] via NET/AWS Libfabric/1
x3003c0s13b0n0:10158:10178 [3] NCCL INFO Channel 00/0 : 11[c7000] -> 3[c7000] [send] via NET/AWS Libfabric/1
x3002c0s37b1n0:46514:46539 [3] NCCL INFO Channel 00/0 : 19[c7000] -> 3[c7000] [receive] via NET/AWS Libfabric/1
x3003c0s1b1n0:50210:50233 [3] NCCL INFO Channel 00/0 : 27[c7000] -> 19[c7000] [send] via NET/AWS Libfabric/1
x3003c0s13b1n0:33408:33429 [3] NCCL INFO Channel 02/0 : 31[c7000] -> 15[c7000] [receive] via NET/AWS Libfabric/1
x3003c0s19b0n0:55463:55490 [0] NCCL INFO Channel 01/0 : 0[7000] -> 16[7000] [receive] via NET/AWS Libfabric/3
x3003c0s1b1n0:50207:50234 [0] NCCL INFO Channel 01/0 : 24[7000] -> 16[7000] [send] via NET/AWS Libfabric/3
x3003c0s19b0n0:55466:55489 [3] NCCL INFO Channel 00/0 : 3[c7000] -> 19[c7000] [receive] via NET/AWS Libfabric/1
x3003c0s1b0n0:58254:58281 [0] NCCL INFO Channel 03/0 : 28[7000] -> 20[7000] [receive] via NET/AWS Libfabric/3
x3002c0s37b1n0:46514:46539 [3] NCCL INFO Channel 00/0 : 3[c7000] -> 19[c7000] [send] via NET/AWS Libfabric/1
x3002c0s37b1n0:46511:46536 [0] NCCL INFO Channel 01/0 : 0[7000] -> 8[7000] [send] via NET/AWS Libfabric/3
x3003c0s25b0n0:18789:18811 [3] NCCL INFO Channel 02/0 : 15[c7000] -> 31[c7000] [receive] via NET/AWS Libfabric/1
x3003c0s1b0n0:58257:58278 [3] NCCL INFO Channel 02/0 : 31[c7000] -> 23[c7000] [receive] via NET/AWS Libfabric/1
x3003c0s19b0n0:55463:55490 [0] NCCL INFO Channel 01/0 : 16[7000] -> 0[7000] [send] via NET/AWS Libfabric/3
x3002c0s7b1n0:45711:45738 [0] NCCL INFO Channel 03/0 : 4[7000] -> 12[7000] [send] via NET/AWS Libfabric/3
x3003c0s13b1n0:33408:33429 [3] NCCL INFO Channel 02/0 : 15[c7000] -> 31[c7000] [send] via NET/AWS Libfabric/1
x3003c0s25b0n0:18786:18812 [0] NCCL INFO Channel 03/0 : 12[7000] -> 28[7000] [receive] via NET/AWS Libfabric/3
x3002c0s37b1n0:46511:46536 [0] NCCL INFO Channel 01/0 : 16[7000] -> 0[7000] [receive] via NET/AWS Libfabric/3
x3003c0s19b0n0:55466:55489 [3] NCCL INFO Channel 00/0 : 19[c7000] -> 3[c7000] [send] via NET/AWS Libfabric/1
x3003c0s13b0n0:10155:10181 [0] NCCL INFO Channel 01/0 : 8[7000] -> 0[7000] [send] via NET/AWS Libfabric/3
x3002c0s7b1n0:45711:45738 [0] NCCL INFO Channel 03/0 : 12[7000] -> 4[7000] [receive] via NET/AWS Libfabric/3
x3003c0s25b0n0:18786:18812 [0] NCCL INFO Channel 03/0 : 28[7000] -> 12[7000] [send] via NET/AWS Libfabric/3
x3003c0s13b1n0:33405:33432 [0] NCCL INFO Channel 03/0 : 28[7000] -> 12[7000] [receive] via NET/AWS Libfabric/3
x3003c0s25b0n0:18789:18811 [3] NCCL INFO Channel 02/0 : 31[c7000] -> 15[c7000] [send] via NET/AWS Libfabric/1
x3002c0s37b1n0:46511:46536 [0] NCCL INFO Channel 01/0 : 0[7000] -> 16[7000] [send] via NET/AWS Libfabric/3
x3002c0s37b1n0:46514:46539 [3] NCCL INFO Channel 00/0 : 11[c7000] -> 3[c7000] [receive] via NET/AWS Libfabric/1
x3003c0s13b1n0:33405:33432 [0] NCCL INFO Channel 03/0 : 12[7000] -> 28[7000] [send] via NET/AWS Libfabric/3
x3003c0s25b0n0:18789:18811 [3] NCCL INFO Channel 02/0 : 31[c7000] -> 23[c7000] [send] via NET/AWS Libfabric/1
x3003c0s19b0n0:55466:55489 [3] NCCL INFO Channel 00/0 : 27[c7000] -> 19[c7000] [receive] via NET/AWS Libfabric/1
x3003c0s13b1n0:33408:33429 [3] NCCL INFO Channel 02/0 : 15[c7000] -> 7[c7000] [send] via NET/AWS Libfabric/1
x3003c0s25b0n0:18789:18811 [3] NCCL INFO Channel 00/0 : 31[c7000] -> 27[c7000] [send] via NET/AWS Libfabric/1
x3002c0s37b1n0:46511:46536 [0] NCCL INFO Channel 01/0 : 8[7000] -> 0[7000] [receive] via NET/AWS Libfabric/3
x3003c0s13b1n0:33405:33432 [0] NCCL INFO Channel 03/0 : 12[7000] -> 4[7000] [send] via NET/AWS Libfabric/3
x3003c0s19b0n0:55463:55490 [0] NCCL INFO Channel 01/0 : 24[7000] -> 16[7000] [receive] via NET/AWS Libfabric/3
x3002c0s7b1n0:45714:45737 [3] NCCL INFO Channel 00/0 : 7[c7000] -> 3[c7000] [send] via NET/AWS Libfabric/1
x3002c0s7b1n0:45714:45737 [3] NCCL INFO Channel 02/0 : 7[c7000] -> 3[c7000] [send] via NET/AWS Libfabric/1
x3003c0s13b1n0:33408:33429 [3] NCCL INFO Channel 00/0 : 15[c7000] -> 11[c7000] [send] via NET/AWS Libfabric/1
x3003c0s1b0n0:58257:58278 [3] NCCL INFO Channel 00/0 : 23[c7000] -> 19[c7000] [send] via NET/AWS Libfabric/1
x3002c0s37b1n0:46514:46539 [3] NCCL INFO Channel 00/0 : 7[c7000] -> 3[c7000] [receive] via NET/AWS Libfabric/1
x3003c0s13b0n0:10158:10178 [3] NCCL INFO Channel 00/0 : 15[c7000] -> 11[c7000] [receive] via NET/AWS Libfabric/1
x3003c0s13b0n0:10158:10178 [3] NCCL INFO Channel 02/0 : 15[c7000] -> 11[c7000] [receive] via NET/AWS Libfabric/1
x3003c0s25b0n0:18786:18812 [0] NCCL INFO Channel 03/0 : 28[7000] -> 20[7000] [send] via NET/AWS Libfabric/3
x3003c0s13b1n0:33405:33432 [0] NCCL INFO Channel 01/0 : 12[7000] -> 8[7000] [send] via NET/AWS Libfabric/3
x3002c0s7b1n0:45711:45738 [0] NCCL INFO Channel 01/0 : 4[7000] -> 0[7000] [send] via NET/AWS Libfabric/3
x3003c0s25b0n0:18789:18811 [3] NCCL INFO Channel 02/0 : 31[c7000] -> 27[c7000] [send] via NET/AWS Libfabric/1
x3003c0s19b0n0:55466:55489 [3] NCCL INFO Channel 00/0 : 23[c7000] -> 19[c7000] [receive] via NET/AWS Libfabric/1
x3002c0s37b1n0:46514:46539 [3] NCCL INFO Channel 02/0 : 7[c7000] -> 3[c7000] [receive] via NET/AWS Libfabric/1
x3003c0s1b1n0:50207:50234 [0] NCCL INFO Channel 01/0 : 28[7000] -> 24[7000] [receive] via NET/AWS Libfabric/3
x3003c0s1b1n0:50210:50233 [3] NCCL INFO Channel 00/0 : 31[c7000] -> 27[c7000] [receive] via NET/AWS Libfabric/1
x3003c0s25b0n0:18786:18812 [0] NCCL INFO Channel 01/0 : 28[7000] -> 24[7000] [send] via NET/AWS Libfabric/3
x3002c0s7b1n0:45711:45738 [0] NCCL INFO Channel 03/0 : 4[7000] -> 0[7000] [send] via NET/AWS Libfabric/3
x3003c0s1b1n0:50210:50233 [3] NCCL INFO Channel 02/0 : 31[c7000] -> 27[c7000] [receive] via NET/AWS Libfabric/1
x3003c0s1b0n0:58254:58281 [0] NCCL INFO Channel 01/0 : 20[7000] -> 16[7000] [send] via NET/AWS Libfabric/3
x3003c0s1b0n0:58257:58278 [3] NCCL INFO Channel 02/0 : 23[c7000] -> 19[c7000] [send] via NET/AWS Libfabric/1
x3003c0s13b1n0:33408:33429 [3] NCCL INFO Channel 02/0 : 15[c7000] -> 11[c7000] [send] via NET/AWS Libfabric/1
x3003c0s13b1n0:33405:33432 [0] NCCL INFO Channel 03/0 : 12[7000] -> 8[7000] [send] via NET/AWS Libfabric/3
x3003c0s1b0n0:58254:58281 [0] NCCL INFO Channel 03/0 : 20[7000] -> 16[7000] [send] via NET/AWS Libfabric/3
x3003c0s25b0n0:18789:18811 [3] NCCL INFO Connected 1 MSCCL algorithms
x3003c0s25b0n0:18789:18811 [3] NCCL INFO NCCL_NTHREADS set by environment to 512.
x3003c0s25b0n0:18789:18811 [3] NCCL INFO NCCL_PROTO set by environment to Simple
x3003c0s25b0n0:18789:18811 [3] NCCL INFO NCCL_ALGO set by environment to MSCCL,TREE,RING
x3003c0s25b0n0:18789:18811 [3] NCCL INFO threadThresholds 8/8/64 | 256/8/64 | 8/8/64 | 8/8/512
x3003c0s25b0n0:18789:18811 [3] NCCL INFO 4 coll channels, 4 p2p channels, 2 p2p channels per peer
x3002c0s7b1n0:45714:45737 [3] NCCL INFO Connected 1 MSCCL algorithms
x3002c0s7b1n0:45714:45737 [3] NCCL INFO NCCL_NTHREADS set by environment to 512.
x3002c0s7b1n0:45714:45737 [3] NCCL INFO NCCL_PROTO set by environment to Simple
x3002c0s7b1n0:45714:45737 [3] NCCL INFO NCCL_ALGO set by environment to MSCCL,TREE,RING
x3002c0s7b1n0:45714:45737 [3] NCCL INFO threadThresholds 8/8/64 | 256/8/64 | 8/8/64 | 8/8/512
x3002c0s7b1n0:45714:45737 [3] NCCL INFO 4 coll channels, 4 p2p channels, 2 p2p channels per peer
x3003c0s1b1n0:50210:50233 [3] NCCL INFO Connected 1 MSCCL algorithms
x3003c0s1b1n0:50210:50233 [3] NCCL INFO NCCL_NTHREADS set by environment to 512.
x3003c0s1b1n0:50210:50233 [3] NCCL INFO NCCL_PROTO set by environment to Simple
x3003c0s1b1n0:50210:50233 [3] NCCL INFO NCCL_ALGO set by environment to MSCCL,TREE,RING
x3003c0s1b1n0:50210:50233 [3] NCCL INFO threadThresholds 8/8/64 | 256/8/64 | 8/8/64 | 8/8/512
x3003c0s1b1n0:50210:50233 [3] NCCL INFO 4 coll channels, 4 p2p channels, 2 p2p channels per peer
x3003c0s19b0n0:55463:55490 [0] NCCL INFO Channel 01/0 : 20[7000] -> 16[7000] [receive] via NET/AWS Libfabric/3
x3002c0s37b1n0:46511:46536 [0] NCCL INFO Channel 01/0 : 4[7000] -> 0[7000] [receive] via NET/AWS Libfabric/3
x3003c0s13b1n0:33408:33429 [3] NCCL INFO Connected 1 MSCCL algorithms
x3003c0s13b1n0:33408:33429 [3] NCCL INFO NCCL_NTHREADS set by environment to 512.
x3003c0s13b1n0:33408:33429 [3] NCCL INFO NCCL_PROTO set by environment to Simple
x3003c0s13b1n0:33408:33429 [3] NCCL INFO NCCL_ALGO set by environment to MSCCL,TREE,RING
x3003c0s13b1n0:33408:33429 [3] NCCL INFO threadThresholds 8/8/64 | 256/8/64 | 8/8/64 | 8/8/512
x3003c0s13b1n0:33408:33429 [3] NCCL INFO 4 coll channels, 4 p2p channels, 2 p2p channels per peer
x3003c0s13b0n0:10158:10178 [3] NCCL INFO Connected 1 MSCCL algorithms
x3003c0s13b0n0:10158:10178 [3] NCCL INFO NCCL_NTHREADS set by environment to 512.
x3003c0s13b0n0:10158:10178 [3] NCCL INFO NCCL_PROTO set by environment to Simple
x3003c0s13b0n0:10158:10178 [3] NCCL INFO NCCL_ALGO set by environment to MSCCL,TREE,RING
x3003c0s13b0n0:10158:10178 [3] NCCL INFO threadThresholds 8/8/64 | 256/8/64 | 8/8/64 | 8/8/512
x3003c0s13b0n0:10158:10178 [3] NCCL INFO 4 coll channels, 4 p2p channels, 2 p2p channels per peer
x3003c0s19b0n0:55466:55489 [3] NCCL INFO Channel 02/0 : 23[c7000] -> 19[c7000] [receive] via NET/AWS Libfabric/1
x3002c0s37b1n0:46514:46539 [3] NCCL INFO Connected 1 MSCCL algorithms
x3002c0s37b1n0:46514:46539 [3] NCCL INFO NCCL_NTHREADS set by environment to 512.
x3002c0s37b1n0:46514:46539 [3] NCCL INFO NCCL_PROTO set by environment to Simple
x3002c0s37b1n0:46514:46539 [3] NCCL INFO NCCL_ALGO set by environment to MSCCL,TREE,RING
x3002c0s37b1n0:46514:46539 [3] NCCL INFO threadThresholds 8/8/64 | 256/8/64 | 8/8/64 | 8/8/512
x3002c0s37b1n0:46514:46539 [3] NCCL INFO 4 coll channels, 4 p2p channels, 2 p2p channels per peer
x3003c0s25b0n0:18786:18812 [0] NCCL INFO Channel 03/0 : 28[7000] -> 24[7000] [send] via NET/AWS Libfabric/3
x3002c0s37b1n0:46511:46536 [0] NCCL INFO Channel 03/0 : 4[7000] -> 0[7000] [receive] via NET/AWS Libfabric/3
x3003c0s1b1n0:50207:50234 [0] NCCL INFO Channel 03/0 : 28[7000] -> 24[7000] [receive] via NET/AWS Libfabric/3
x3003c0s19b0n0:55463:55490 [0] NCCL INFO Channel 03/0 : 20[7000] -> 16[7000] [receive] via NET/AWS Libfabric/3
x3003c0s13b0n0:10155:10181 [0] NCCL INFO Channel 01/0 : 12[7000] -> 8[7000] [receive] via NET/AWS Libfabric/3
x3003c0s1b0n0:58257:58278 [3] NCCL INFO Connected 1 MSCCL algorithms
x3003c0s1b0n0:58257:58278 [3] NCCL INFO NCCL_NTHREADS set by environment to 512.
x3003c0s1b0n0:58257:58278 [3] NCCL INFO NCCL_PROTO set by environment to Simple
x3003c0s1b0n0:58257:58278 [3] NCCL INFO NCCL_ALGO set by environment to MSCCL,TREE,RING
x3003c0s1b0n0:58257:58278 [3] NCCL INFO threadThresholds 8/8/64 | 256/8/64 | 8/8/64 | 8/8/512
x3003c0s1b0n0:58257:58278 [3] NCCL INFO 4 coll channels, 4 p2p channels, 2 p2p channels per peer
x3002c0s7b1n0:45711:45738 [0] NCCL INFO Connected 1 MSCCL algorithms
x3002c0s7b1n0:45711:45738 [0] NCCL INFO NCCL_NTHREADS set by environment to 512.
x3002c0s7b1n0:45711:45738 [0] NCCL INFO NCCL_PROTO set by environment to Simple
x3002c0s7b1n0:45711:45738 [0] NCCL INFO NCCL_ALGO set by environment to MSCCL,TREE,RING
x3002c0s7b1n0:45711:45738 [0] NCCL INFO threadThresholds 8/8/64 | 256/8/64 | 8/8/64 | 8/8/512
x3002c0s7b1n0:45711:45738 [0] NCCL INFO 4 coll channels, 4 p2p channels, 2 p2p channels per peer
x3003c0s19b0n0:55466:55489 [3] NCCL INFO Connected 1 MSCCL algorithms
x3003c0s19b0n0:55466:55489 [3] NCCL INFO NCCL_NTHREADS set by environment to 512.
x3003c0s19b0n0:55466:55489 [3] NCCL INFO NCCL_PROTO set by environment to Simple
x3003c0s19b0n0:55466:55489 [3] NCCL INFO NCCL_ALGO set by environment to MSCCL,TREE,RING
x3003c0s19b0n0:55466:55489 [3] NCCL INFO threadThresholds 8/8/64 | 256/8/64 | 8/8/64 | 8/8/512
x3003c0s19b0n0:55466:55489 [3] NCCL INFO 4 coll channels, 4 p2p channels, 2 p2p channels per peer
x3003c0s25b0n0:18786:18812 [0] NCCL INFO Connected 1 MSCCL algorithms
x3003c0s25b0n0:18786:18812 [0] NCCL INFO NCCL_NTHREADS set by environment to 512.
x3003c0s25b0n0:18786:18812 [0] NCCL INFO NCCL_PROTO set by environment to Simple
x3003c0s25b0n0:18786:18812 [0] NCCL INFO NCCL_ALGO set by environment to MSCCL,TREE,RING
x3003c0s25b0n0:18786:18812 [0] NCCL INFO threadThresholds 8/8/64 | 256/8/64 | 8/8/64 | 8/8/512
x3003c0s25b0n0:18786:18812 [0] NCCL INFO 4 coll channels, 4 p2p channels, 2 p2p channels per peer
x3003c0s1b1n0:50207:50234 [0] NCCL INFO Connected 1 MSCCL algorithms
x3003c0s1b1n0:50207:50234 [0] NCCL INFO NCCL_NTHREADS set by environment to 512.
x3003c0s1b1n0:50207:50234 [0] NCCL INFO NCCL_PROTO set by environment to Simple
x3003c0s1b1n0:50207:50234 [0] NCCL INFO NCCL_ALGO set by environment to MSCCL,TREE,RING
x3003c0s1b1n0:50207:50234 [0] NCCL INFO threadThresholds 8/8/64 | 256/8/64 | 8/8/64 | 8/8/512
x3003c0s1b1n0:50207:50234 [0] NCCL INFO 4 coll channels, 4 p2p channels, 2 p2p channels per peer
x3003c0s19b0n0:55463:55490 [0] NCCL INFO Connected 1 MSCCL algorithms
x3003c0s19b0n0:55463:55490 [0] NCCL INFO NCCL_NTHREADS set by environment to 512.
x3003c0s19b0n0:55463:55490 [0] NCCL INFO NCCL_PROTO set by environment to Simple
x3003c0s19b0n0:55463:55490 [0] NCCL INFO NCCL_ALGO set by environment to MSCCL,TREE,RING
x3003c0s19b0n0:55463:55490 [0] NCCL INFO threadThresholds 8/8/64 | 256/8/64 | 8/8/64 | 8/8/512
x3003c0s19b0n0:55463:55490 [0] NCCL INFO 4 coll channels, 4 p2p channels, 2 p2p channels per peer
x3002c0s37b1n0:46511:46536 [0] NCCL INFO Connected 1 MSCCL algorithms
x3002c0s37b1n0:46511:46536 [0] NCCL INFO NCCL_NTHREADS set by environment to 512.
x3002c0s37b1n0:46511:46536 [0] NCCL INFO NCCL_PROTO set by environment to Simple
x3002c0s37b1n0:46511:46536 [0] NCCL INFO NCCL_ALGO set by environment to MSCCL,TREE,RING
x3002c0s37b1n0:46511:46536 [0] NCCL INFO threadThresholds 8/8/64 | 256/8/64 | 8/8/64 | 8/8/512
x3002c0s37b1n0:46511:46536 [0] NCCL INFO 4 coll channels, 4 p2p channels, 2 p2p channels per peer
x3003c0s13b0n0:10155:10181 [0] NCCL INFO Channel 03/0 : 12[7000] -> 8[7000] [receive] via NET/AWS Libfabric/3
x3003c0s1b0n0:58254:58281 [0] NCCL INFO Connected 1 MSCCL algorithms
x3003c0s1b0n0:58254:58281 [0] NCCL INFO NCCL_NTHREADS set by environment to 512.
x3003c0s1b0n0:58254:58281 [0] NCCL INFO NCCL_PROTO set by environment to Simple
x3003c0s1b0n0:58254:58281 [0] NCCL INFO NCCL_ALGO set by environment to MSCCL,TREE,RING
x3003c0s1b0n0:58254:58281 [0] NCCL INFO threadThresholds 8/8/64 | 256/8/64 | 8/8/64 | 8/8/512
x3003c0s1b0n0:58254:58281 [0] NCCL INFO 4 coll channels, 4 p2p channels, 2 p2p channels per peer
x3003c0s13b1n0:33405:33432 [0] NCCL INFO Connected 1 MSCCL algorithms
x3003c0s13b1n0:33405:33432 [0] NCCL INFO NCCL_NTHREADS set by environment to 512.
x3003c0s13b1n0:33405:33432 [0] NCCL INFO NCCL_PROTO set by environment to Simple
x3003c0s13b1n0:33405:33432 [0] NCCL INFO NCCL_ALGO set by environment to MSCCL,TREE,RING
x3003c0s13b1n0:33405:33432 [0] NCCL INFO threadThresholds 8/8/64 | 256/8/64 | 8/8/64 | 8/8/512
x3003c0s13b1n0:33405:33432 [0] NCCL INFO 4 coll channels, 4 p2p channels, 2 p2p channels per peer
x3003c0s13b0n0:10155:10181 [0] NCCL INFO Connected 1 MSCCL algorithms
x3003c0s13b0n0:10155:10181 [0] NCCL INFO NCCL_NTHREADS set by environment to 512.
x3003c0s13b0n0:10155:10181 [0] NCCL INFO NCCL_PROTO set by environment to Simple
x3003c0s13b0n0:10155:10181 [0] NCCL INFO NCCL_ALGO set by environment to MSCCL,TREE,RING
x3003c0s13b0n0:10155:10181 [0] NCCL INFO threadThresholds 8/8/64 | 256/8/64 | 8/8/64 | 8/8/512
x3003c0s13b0n0:10155:10181 [0] NCCL INFO 4 coll channels, 4 p2p channels, 2 p2p channels per peer
x3002c0s7b1n0:45711:45738 [0] NCCL INFO comm 0x14f63645a010 rank 4 nranks 32 cudaDev 0 busId 7000 - Init COMPLETE
x3002c0s7b1n0:45713:45735 [2] NCCL INFO comm 0x14e04a01f010 rank 6 nranks 32 cudaDev 2 busId 85000 - Init COMPLETE
x3002c0s7b1n0:45712:45736 [1] NCCL INFO comm 0x146e0645a010 rank 5 nranks 32 cudaDev 1 busId 46000 - Init COMPLETE
x3002c0s7b1n0:45714:45737 [3] NCCL INFO comm 0x14b9cc45a010 rank 7 nranks 32 cudaDev 3 busId c7000 - Init COMPLETE
x3003c0s19b0n0:55464:55488 [1] NCCL INFO comm 0x149954e9d010 rank 17 nranks 32 cudaDev 1 busId 46000 - Init COMPLETE
x3003c0s19b0n0:55466:55489 [3] NCCL INFO comm 0x14fa7645a010 rank 19 nranks 32 cudaDev 3 busId c7000 - Init COMPLETE
x3003c0s19b0n0:55463:55490 [0] NCCL INFO comm 0x145a3a45a010 rank 16 nranks 32 cudaDev 0 busId 7000 - Init COMPLETE
x3003c0s19b0n0:55465:55487 [2] NCCL INFO comm 0x14dd95a54010 rank 18 nranks 32 cudaDev 2 busId 85000 - Init COMPLETE
x3003c0s25b0n0:18789:18811 [3] NCCL INFO comm 0x14ae2045a010 rank 31 nranks 32 cudaDev 3 busId c7000 - Init COMPLETE
x3003c0s25b0n0:18786:18812 [0] NCCL INFO comm 0x1531bc45a010 rank 28 nranks 32 cudaDev 0 busId 7000 - Init COMPLETE
x3003c0s25b0n0:18787:18810 [1] NCCL INFO comm 0x15213645a010 rank 29 nranks 32 cudaDev 1 busId 46000 - Init COMPLETE
x3003c0s25b0n0:18788:18813 [2] NCCL INFO comm 0x14cab9a54010 rank 30 nranks 32 cudaDev 2 busId 85000 - Init COMPLETE
x3003c0s1b1n0:50209:50231 [2] NCCL INFO comm 0x15406a45a010 rank 26 nranks 32 cudaDev 2 busId 85000 - Init COMPLETE
x3003c0s1b1n0:50210:50233 [3] NCCL INFO comm 0x14e45a45a010 rank 27 nranks 32 cudaDev 3 busId c7000 - Init COMPLETE
x3003c0s1b1n0:50207:50234 [0] NCCL INFO comm 0x150a6a45a010 rank 24 nranks 32 cudaDev 0 busId 7000 - Init COMPLETE
x3003c0s1b1n0:50208:50232 [1] NCCL INFO comm 0x1517cc45a010 rank 25 nranks 32 cudaDev 1 busId 46000 - Init COMPLETE
x3003c0s1b0n0:58254:58281 [0] NCCL INFO comm 0x1544ac45a010 rank 20 nranks 32 cudaDev 0 busId 7000 - Init COMPLETE
x3002c0s37b1n0:46513:46537 [2] NCCL INFO comm 0x14a20445a010 rank 2 nranks 32 cudaDev 2 busId 85000 - Init COMPLETE
x3002c0s37b1n0:46514:46539 [3] NCCL INFO comm 0x151a60eb5010 rank 3 nranks 32 cudaDev 3 busId c7000 - Init COMPLETE
x3002c0s37b1n0:46511:46536 [0] NCCL INFO comm 0x14bf66259010 rank 0 nranks 32 cudaDev 0 busId 7000 - Init COMPLETE
#
#                                                              out-of-place                       in-place          
#       size         count      type   redop    root     time   algbw   busbw #wrong     time   algbw   busbw #wrong
#        (B)    (elements)                               (us)  (GB/s)  (GB/s)            (us)  (GB/s)  (GB/s)       
x3002c0s37b1n0:46512:46538 [1] NCCL INFO comm 0x154c9c45a010 rank 1 nranks 32 cudaDev 1 busId 46000 - Init COMPLETE
x3003c0s1b0n0:58257:58278 [3] NCCL INFO comm 0x14e34645a010 rank 23 nranks 32 cudaDev 3 busId c7000 - Init COMPLETE
x3003c0s13b1n0:33405:33432 [0] NCCL INFO comm 0x14e1b14a7010 rank 12 nranks 32 cudaDev 0 busId 7000 - Init COMPLETE
x3003c0s1b0n0:58256:58280 [2] NCCL INFO comm 0x14bc9c45a010 rank 22 nranks 32 cudaDev 2 busId 85000 - Init COMPLETE
x3003c0s1b0n0:58255:58279 [1] NCCL INFO comm 0x14d18c45a010 rank 21 nranks 32 cudaDev 1 busId 46000 - Init COMPLETE
x3003c0s13b1n0:33408:33429 [3] NCCL INFO comm 0x14614c45a010 rank 15 nranks 32 cudaDev 3 busId c7000 - Init COMPLETE
x3003c0s13b1n0:33406:33431 [1] NCCL INFO comm 0x1460c0b19010 rank 13 nranks 32 cudaDev 1 busId 46000 - Init COMPLETE
x3003c0s13b1n0:33407:33430 [2] NCCL INFO comm 0x149be045a010 rank 14 nranks 32 cudaDev 2 busId 85000 - Init COMPLETE
x3002c0s37b1n0:46511:46511 [0] NCCL INFO Launch mode Parallel
x3003c0s13b0n0:10157:10179 [2] NCCL INFO comm 0x14fcbc45a010 rank 10 nranks 32 cudaDev 2 busId 85000 - Init COMPLETE
x3003c0s13b0n0:10158:10178 [3] NCCL INFO comm 0x1552a14a7010 rank 11 nranks 32 cudaDev 3 busId c7000 - Init COMPLETE
x3003c0s13b0n0:10155:10181 [0] NCCL INFO comm 0x15259c45a010 rank 8 nranks 32 cudaDev 0 busId 7000 - Init COMPLETE
x3003c0s13b0n0:10156:10180 [1] NCCL INFO comm 0x153c26259010 rank 9 nranks 32 cudaDev 1 busId 46000 - Init COMPLETE
     1048576        262144     float     sum      -1    17410    0.06    0.12      0    804.8    1.30    2.52      0
     2097152        524288     float     sum      -1   5100.4    0.41    0.80      0   5069.2    0.41    0.80      0
     4194304       1048576     float     sum      -1   1087.6    3.86    7.47      0   1087.5    3.86    7.47      0
     8388608       2097152     float     sum      -1   1906.7    4.40    8.52      0   1880.5    4.46    8.64      0
    16777216       4194304     float     sum      -1   3584.1    4.68    9.07      0   7957.1    2.11    4.09      0
    33554432       8388608     float     sum      -1   7095.2    4.73    9.16      0   6960.5    4.82    9.34      0
    67108864      16777216     float     sum      -1    18238    3.68    7.13      0    13995    4.80    9.29      0
   134217728      33554432     float     sum      -1    28886    4.65    9.00      0    28926    4.64    8.99      0
   268435456      67108864     float     sum      -1    59853    4.48    8.69      0    59735    4.49    8.71      0
x3003c0s25b0n0:18787:18787 [1] NCCL INFO comm 0x15213645a010 rank 29 nranks 32 cudaDev 1 busId 46000 - Destroy COMPLETE
x3002c0s7b1n0:45712:45712 [1] NCCL INFO comm 0x146e0645a010 rank 5 nranks 32 cudaDev 1 busId 46000 - Destroy COMPLETE
x3002c0s37b1n0:46512:46512 [1] NCCL INFO comm 0x154c9c45a010 rank 1 nranks 32 cudaDev 1 busId 46000 - Destroy COMPLETE
x3003c0s25b0n0:18788:18788 [2] NCCL INFO comm 0x14cab9a54010 rank 30 nranks 32 cudaDev 2 busId 85000 - Destroy COMPLETE
x3002c0s37b1n0:46513:46513 [2] NCCL INFO comm 0x14a20445a010 rank 2 nranks 32 cudaDev 2 busId 85000 - Destroy COMPLETE
x3003c0s1b1n0:50208:50208 [1] NCCL INFO comm 0x1517cc45a010 rank 25 nranks 32 cudaDev 1 busId 46000 - Destroy COMPLETE
x3003c0s1b1n0:50209:50209 [2] NCCL INFO comm 0x15406a45a010 rank 26 nranks 32 cudaDev 2 busId 85000 - Destroy COMPLETE
x3002c0s7b1n0:45713:45713 [2] NCCL INFO comm 0x14e04a01f010 rank 6 nranks 32 cudaDev 2 busId 85000 - Destroy COMPLETE
x3003c0s1b0n0:58255:58255 [1] NCCL INFO comm 0x14d18c45a010 rank 21 nranks 32 cudaDev 1 busId 46000 - Destroy COMPLETE
x3003c0s1b0n0:58256:58256 [2] NCCL INFO comm 0x14bc9c45a010 rank 22 nranks 32 cudaDev 2 busId 85000 - Destroy COMPLETE
x3003c0s19b0n0:55465:55465 [2] NCCL INFO comm 0x14dd95a54010 rank 18 nranks 32 cudaDev 2 busId 85000 - Destroy COMPLETE
x3003c0s19b0n0:55464:55464 [1] NCCL INFO comm 0x149954e9d010 rank 17 nranks 32 cudaDev 1 busId 46000 - Destroy COMPLETE
x3003c0s13b1n0:33406:33406 [1] NCCL INFO comm 0x1460c0b19010 rank 13 nranks 32 cudaDev 1 busId 46000 - Destroy COMPLETE
x3003c0s13b0n0:10156:10156 [1] NCCL INFO comm 0x153c26259010 rank 9 nranks 32 cudaDev 1 busId 46000 - Destroy COMPLETE
x3003c0s13b1n0:33407:33407 [2] NCCL INFO comm 0x149be045a010 rank 14 nranks 32 cudaDev 2 busId 85000 - Destroy COMPLETE
x3003c0s13b0n0:10157:10157 [2] NCCL INFO comm 0x14fcbc45a010 rank 10 nranks 32 cudaDev 2 busId 85000 - Destroy COMPLETE
x3002c0s7b1n0:45711:45711 [0] NCCL INFO comm 0x14f63645a010 rank 4 nranks 32 cudaDev 0 busId 7000 - Destroy COMPLETE
x3003c0s1b0n0:58254:58254 [0] NCCL INFO comm 0x1544ac45a010 rank 20 nranks 32 cudaDev 0 busId 7000 - Destroy COMPLETE
x3003c0s1b1n0:50207:50207 [0] NCCL INFO comm 0x150a6a45a010 rank 24 nranks 32 cudaDev 0 busId 7000 - Destroy COMPLETE
x3002c0s7b1n0:45714:45714 [3] NCCL INFO comm 0x14b9cc45a010 rank 7 nranks 32 cudaDev 3 busId c7000 - Destroy COMPLETE
x3003c0s25b0n0:18786:18786 [0] NCCL INFO comm 0x1531bc45a010 rank 28 nranks 32 cudaDev 0 busId 7000 - Destroy COMPLETE
x3003c0s1b1n0:50210:50210 [3] NCCL INFO comm 0x14e45a45a010 rank 27 nranks 32 cudaDev 3 busId c7000 - Destroy COMPLETE
x3002c0s37b1n0:46511:46511 [0] NCCL INFO comm 0x14bf66259010 rank 0 nranks 32 cudaDev 0 busId 7000 - Destroy COMPLETE
x3003c0s25b0n0:18789:18789 [3] NCCL INFO comm 0x14ae2045a010 rank 31 nranks 32 cudaDev 3 busId c7000 - Destroy COMPLETE
x3003c0s13b0n0:10155:10155 [0] NCCL INFO comm 0x15259c45a010 rank 8 nranks 32 cudaDev 0 busId 7000 - Destroy COMPLETE
x3003c0s19b0n0:55463:55463 [0] NCCL INFO comm 0x145a3a45a010 rank 16 nranks 32 cudaDev 0 busId 7000 - Destroy COMPLETE
x3002c0s37b1n0:46514:46514 [3] NCCL INFO comm 0x151a60eb5010 rank 3 nranks 32 cudaDev 3 busId c7000 - Destroy COMPLETE
# Out of bounds values : 0 OK
# Avg bus bandwidth    : 6.65649 
#
x3003c0s13b0n0:10158:10158 [3] NCCL INFO comm 0x1552a14a7010 rank 11 nranks 32 cudaDev 3 busId c7000 - Destroy COMPLETE
x3003c0s1b0n0:58257:58257 [3] NCCL INFO comm 0x14e34645a010 rank 23 nranks 32 cudaDev 3 busId c7000 - Destroy COMPLETE
x3003c0s13b1n0:33408:33408 [3] NCCL INFO comm 0x14614c45a010 rank 15 nranks 32 cudaDev 3 busId c7000 - Destroy COMPLETE
x3003c0s13b1n0:33405:33405 [0] NCCL INFO comm 0x14e1b14a7010 rank 12 nranks 32 cudaDev 0 busId 7000 - Destroy COMPLETE
x3003c0s19b0n0:55466:55466 [3] NCCL INFO comm 0x14fa7645a010 rank 19 nranks 32 cudaDev 3 busId c7000 - Destroy COMPLETE

# nThread 1 nGpus 1 minBytes 1048576 maxBytes 268435456 step: 2(factor) warmup iters: 5 iters: 60 agg iters: 1 validation: 1 graph: 0
#
# Using devices
#  Rank  0 Group  0 Pid  46557 on x3002c0s37b1n0 device  0 [0x07] NVIDIA A100-SXM4-40GB
#  Rank  1 Group  0 Pid  46558 on x3002c0s37b1n0 device  1 [0x46] NVIDIA A100-SXM4-40GB
#  Rank  2 Group  0 Pid  46559 on x3002c0s37b1n0 device  2 [0x85] NVIDIA A100-SXM4-40GB
#  Rank  3 Group  0 Pid  46560 on x3002c0s37b1n0 device  3 [0xc7] NVIDIA A100-SXM4-40GB
#  Rank  4 Group  0 Pid  45753 on x3002c0s7b1n0 device  0 [0x07] NVIDIA A100-SXM4-40GB
#  Rank  5 Group  0 Pid  45754 on x3002c0s7b1n0 device  1 [0x46] NVIDIA A100-SXM4-40GB
#  Rank  6 Group  0 Pid  45755 on x3002c0s7b1n0 device  2 [0x85] NVIDIA A100-SXM4-40GB
#  Rank  7 Group  0 Pid  45756 on x3002c0s7b1n0 device  3 [0xc7] NVIDIA A100-SXM4-40GB
#  Rank  8 Group  0 Pid  10196 on x3003c0s13b0n0 device  0 [0x07] NVIDIA A100-SXM4-40GB
#  Rank  9 Group  0 Pid  10197 on x3003c0s13b0n0 device  1 [0x46] NVIDIA A100-SXM4-40GB
#  Rank 10 Group  0 Pid  10198 on x3003c0s13b0n0 device  2 [0x85] NVIDIA A100-SXM4-40GB
#  Rank 11 Group  0 Pid  10199 on x3003c0s13b0n0 device  3 [0xc7] NVIDIA A100-SXM4-40GB
#  Rank 12 Group  0 Pid  33447 on x3003c0s13b1n0 device  0 [0x07] NVIDIA A100-SXM4-40GB
#  Rank 13 Group  0 Pid  33448 on x3003c0s13b1n0 device  1 [0x46] NVIDIA A100-SXM4-40GB
#  Rank 14 Group  0 Pid  33449 on x3003c0s13b1n0 device  2 [0x85] NVIDIA A100-SXM4-40GB
#  Rank 15 Group  0 Pid  33450 on x3003c0s13b1n0 device  3 [0xc7] NVIDIA A100-SXM4-40GB
#  Rank 16 Group  0 Pid  55505 on x3003c0s19b0n0 device  0 [0x07] NVIDIA A100-SXM4-40GB
#  Rank 17 Group  0 Pid  55506 on x3003c0s19b0n0 device  1 [0x46] NVIDIA A100-SXM4-40GB
#  Rank 18 Group  0 Pid  55507 on x3003c0s19b0n0 device  2 [0x85] NVIDIA A100-SXM4-40GB
#  Rank 19 Group  0 Pid  55508 on x3003c0s19b0n0 device  3 [0xc7] NVIDIA A100-SXM4-40GB
#  Rank 20 Group  0 Pid  58296 on x3003c0s1b0n0 device  0 [0x07] NVIDIA A100-SXM4-40GB
#  Rank 21 Group  0 Pid  58297 on x3003c0s1b0n0 device  1 [0x46] NVIDIA A100-SXM4-40GB
#  Rank 22 Group  0 Pid  58298 on x3003c0s1b0n0 device  2 [0x85] NVIDIA A100-SXM4-40GB
#  Rank 23 Group  0 Pid  58299 on x3003c0s1b0n0 device  3 [0xc7] NVIDIA A100-SXM4-40GB
#  Rank 24 Group  0 Pid  50248 on x3003c0s1b1n0 device  0 [0x07] NVIDIA A100-SXM4-40GB
#  Rank 25 Group  0 Pid  50249 on x3003c0s1b1n0 device  1 [0x46] NVIDIA A100-SXM4-40GB
#  Rank 26 Group  0 Pid  50250 on x3003c0s1b1n0 device  2 [0x85] NVIDIA A100-SXM4-40GB
#  Rank 27 Group  0 Pid  50251 on x3003c0s1b1n0 device  3 [0xc7] NVIDIA A100-SXM4-40GB
#  Rank 28 Group  0 Pid  18828 on x3003c0s25b0n0 device  0 [0x07] NVIDIA A100-SXM4-40GB
#  Rank 29 Group  0 Pid  18829 on x3003c0s25b0n0 device  1 [0x46] NVIDIA A100-SXM4-40GB
#  Rank 30 Group  0 Pid  18830 on x3003c0s25b0n0 device  2 [0x85] NVIDIA A100-SXM4-40GB
#  Rank 31 Group  0 Pid  18831 on x3003c0s25b0n0 device  3 [0xc7] NVIDIA A100-SXM4-40GB
The MSCCL XML file exists: /home/yuke/ncclPG/CCL-LYD/msccl_tools_lyd/examples/xml/xml_lyd/recursive_doubling/allreduce_recursive_doubling_1ch_32chunk_32gpus.xml
x3002c0s37b1n0:46557:46557 [0] NCCL INFO NCCL_SOCKET_IFNAME set by environment to hsn0,hsn1
x3002c0s37b1n0:46557:46557 [0] NCCL INFO Bootstrap : Using hsn1:10.201.1.109<0>
x3002c0s37b1n0:46557:46557 [0] NCCL INFO NET/Plugin: Failed to find ncclCollNetPlugin_v5 symbol.
x3002c0s37b1n0:46557:46557 [0] NCCL INFO NET/Plugin: Failed to find ncclCollNetPlugin_v4 symbol.
x3002c0s37b1n0:46557:46557 [0] NCCL INFO NET/OFI Initializing aws-ofi-nccl 1.7.4-aws
x3002c0s37b1n0:46557:46557 [0] NCCL INFO NET/OFI Using CUDA runtime version 11080
x3002c0s37b1n0:46557:46557 [0] NCCL INFO NET/OFI Selected Provider is cxi (found 4 nics)
x3002c0s37b1n0:46557:46557 [0] NCCL INFO NET/OFI Using transport protocol SENDRECV
x3002c0s37b1n0:46557:46557 [0] NCCL INFO Using network AWS Libfabric
NCCL version 2.12.12.MSCCL.0.7.4+cuda11.8
x3002c0s37b1n0:46560:46560 [3] NCCL INFO NCCL_SOCKET_IFNAME set by environment to hsn0,hsn1
x3002c0s37b1n0:46560:46560 [3] NCCL INFO Bootstrap : Using hsn1:10.201.1.109<0>
x3002c0s37b1n0:46559:46559 [2] NCCL INFO NCCL_SOCKET_IFNAME set by environment to hsn0,hsn1
x3002c0s37b1n0:46559:46559 [2] NCCL INFO Bootstrap : Using hsn1:10.201.1.109<0>
x3002c0s37b1n0:46558:46558 [1] NCCL INFO NCCL_SOCKET_IFNAME set by environment to hsn0,hsn1
x3002c0s37b1n0:46558:46558 [1] NCCL INFO Bootstrap : Using hsn1:10.201.1.109<0>
x3002c0s37b1n0:46560:46560 [3] NCCL INFO NET/Plugin: Failed to find ncclCollNetPlugin_v5 symbol.
x3002c0s37b1n0:46560:46560 [3] NCCL INFO NET/Plugin: Failed to find ncclCollNetPlugin_v4 symbol.
x3002c0s37b1n0:46560:46560 [3] NCCL INFO NET/OFI Initializing aws-ofi-nccl 1.7.4-aws
x3002c0s37b1n0:46560:46560 [3] NCCL INFO NET/OFI Using CUDA runtime version 11080
x3002c0s37b1n0:46559:46559 [2] NCCL INFO NET/Plugin: Failed to find ncclCollNetPlugin_v5 symbol.
x3002c0s37b1n0:46559:46559 [2] NCCL INFO NET/Plugin: Failed to find ncclCollNetPlugin_v4 symbol.
x3002c0s37b1n0:46559:46559 [2] NCCL INFO NET/OFI Initializing aws-ofi-nccl 1.7.4-aws
