x3002c0s7b0n0:37332:37353 [3] NCCL INFO Channel 02 : 51[c7000] -> 50[85000] via P2P/IPC/read
x3003c0s37b0n0:4463:4491 [0] NCCL INFO Connected all rings
x3003c0s37b0n0:4463:4491 [0] NCCL INFO Channel 00 : 92[7000] -> 93[46000] via P2P/IPC/read
x3002c0s1b1n0:16031:16053 [3] NCCL INFO Channel 03 : 23[c7000] -> 22[85000] via P2P/IPC/read
x3003c0s37b0n0:4465:4488 [1] NCCL INFO Connected all rings
x3002c0s19b1n0:18802:18825 [3] NCCL INFO Channel 03 : 15[c7000] -> 14[85000] via P2P/IPC/read
x3002c0s31b1n0:32834:32857 [1] NCCL INFO Channel 00 : 37[46000] -> 38[85000] via P2P/IPC/read
x3002c0s31b1n0:32834:32857 [1] NCCL INFO Channel 01 : 37[46000] -> 38[85000] via P2P/IPC/read
x3002c0s31b1n0:32834:32857 [1] NCCL INFO Channel 02 : 37[46000] -> 38[85000] via P2P/IPC/read
x3002c0s31b1n0:32834:32857 [1] NCCL INFO Channel 03 : 37[46000] -> 38[85000] via P2P/IPC/read
x3003c0s25b0n0:12544:12571 [0] NCCL INFO Channel 02 : 76[7000] -> 77[46000] via P2P/IPC/read
x3003c0s25b0n0:12544:12571 [0] NCCL INFO Channel 03 : 76[7000] -> 77[46000] via P2P/IPC/read
x3004c0s13b0n0:63260:63284 [2] NCCL INFO Connected all rings
x3004c0s13b0n0:63261:63283 [3] NCCL INFO Connected all rings
x3002c0s31b0n0:911:937 [1] NCCL INFO Connected all rings
x3002c0s31b0n0:912:935 [2] NCCL INFO Channel 00 : 34[85000] -> 35[c7000] via P2P/IPC/read
x3002c0s31b0n0:912:935 [2] NCCL INFO Channel 01 : 34[85000] -> 35[c7000] via P2P/IPC/read
x3002c0s31b0n0:912:935 [2] NCCL INFO Channel 02 : 34[85000] -> 35[c7000] via P2P/IPC/read
x3002c0s31b0n0:912:935 [2] NCCL INFO Channel 03 : 34[85000] -> 35[c7000] via P2P/IPC/read
x3002c0s7b1n0:48428:48454 [0] NCCL INFO Channel 03 : 52[7000] -> 53[46000] via P2P/IPC/read
x3003c0s7b0n0:15455:15482 [0] NCCL INFO Channel 01 : 100[7000] -> 101[46000] via P2P/IPC/read
x3004c0s19b0n0:4412:4439 [0] NCCL INFO Channel 01 : 116[7000] -> 117[46000] via P2P/IPC/read
x3003c0s1b0n0:46765:46792 [0] NCCL INFO Channel 03 : 68[7000] -> 69[46000] via P2P/IPC/read
x3003c0s7b0n0:15455:15482 [0] NCCL INFO Channel 02 : 100[7000] -> 101[46000] via P2P/IPC/read
x3003c0s7b0n0:15455:15482 [0] NCCL INFO Channel 03 : 100[7000] -> 101[46000] via P2P/IPC/read
x3002c0s7b0n0:37332:37353 [3] NCCL INFO Channel 03 : 51[c7000] -> 50[85000] via P2P/IPC/read
x3002c0s25b0n0:37314:37339 [3] NCCL INFO Channel 03 : 27[c7000] -> 26[85000] via P2P/IPC/read
x3002c0s37b0n0:65160:65187 [0] NCCL INFO Connected all rings
x3002c0s37b0n0:65160:65187 [0] NCCL INFO Channel 00 : 40[7000] -> 41[46000] via P2P/IPC/read
x3003c0s31b1n0:1951:1973 [2] NCCL INFO Channel 00 : 90[85000] -> 91[c7000] via P2P/IPC/read
x3002c0s37b0n0:65161:65184 [1] NCCL INFO Connected all rings
x3003c0s31b1n0:1951:1973 [2] NCCL INFO Channel 01 : 90[85000] -> 91[c7000] via P2P/IPC/read
x3003c0s31b1n0:1951:1973 [2] NCCL INFO Channel 02 : 90[85000] -> 91[c7000] via P2P/IPC/read
x3003c0s31b1n0:1951:1973 [2] NCCL INFO Channel 03 : 90[85000] -> 91[c7000] via P2P/IPC/read
x3003c0s7b1n0:52465:52488 [3] NCCL INFO Channel 01 : 107[c7000] -> 106[85000] via P2P/IPC/read
x3002c0s7b0n0:37331:37354 [2] NCCL INFO Connected all rings
x3002c0s7b0n0:37332:37353 [3] NCCL INFO Connected all rings
x3002c0s25b0n0:37313:37337 [2] NCCL INFO Connected all rings
x3002c0s19b1n0:18799:18824 [0] NCCL INFO Channel 01 : 12[7000] -> 13[46000] via P2P/IPC/read
x3002c0s25b0n0:37314:37339 [3] NCCL INFO Connected all rings
x3002c0s7b1n0:48431:48455 [3] NCCL INFO Connected all rings
x3002c0s13b0n0:6540:6560 [2] NCCL INFO Channel 00 : 2[85000] -> 3[c7000] via P2P/IPC/read
x3002c0s13b0n0:6540:6560 [2] NCCL INFO Channel 01 : 2[85000] -> 3[c7000] via P2P/IPC/read
x3002c0s7b1n0:48430:48453 [2] NCCL INFO Connected all rings
x3002c0s13b0n0:6540:6560 [2] NCCL INFO Channel 02 : 2[85000] -> 3[c7000] via P2P/IPC/read
x3002c0s13b0n0:6540:6560 [2] NCCL INFO Channel 03 : 2[85000] -> 3[c7000] via P2P/IPC/read
x3002c0s19b1n0:18799:18824 [0] NCCL INFO Channel 02 : 12[7000] -> 13[46000] via P2P/IPC/read
x3002c0s19b1n0:18799:18824 [0] NCCL INFO Channel 03 : 12[7000] -> 13[46000] via P2P/IPC/read
x3003c0s19b0n0:52140:52164 [0] NCCL INFO Channel 02/0 : 64[7000] -> 68[7000] [send] via NET/AWS Libfabric/3
x3003c0s1b1n0:23012:23039 [0] NCCL INFO Channel 03 : 72[7000] -> 73[46000] via P2P/IPC/read
x3002c0s13b0n0:6540:6560 [2] NCCL INFO Channel 00 : 2[85000] -> 1[46000] via P2P/IPC/read
x3003c0s31b1n0:1949:1975 [0] NCCL INFO Channel 02 : 88[7000] -> 89[46000] via P2P/IPC/read
x3002c0s25b1n0:48881:48902 [3] NCCL INFO Channel 01/0 : 27[c7000] -> 31[c7000] [receive] via NET/AWS Libfabric/1
x3004c0s13b0n0:63259:63282 [1] NCCL INFO Channel 00 : 109[46000] -> 110[85000] via P2P/IPC/read
x3004c0s13b0n0:63259:63282 [1] NCCL INFO Channel 01 : 109[46000] -> 110[85000] via P2P/IPC/read
x3004c0s13b0n0:63259:63282 [1] NCCL INFO Channel 02 : 109[46000] -> 110[85000] via P2P/IPC/read
x3004c0s13b0n0:63259:63282 [1] NCCL INFO Channel 03 : 109[46000] -> 110[85000] via P2P/IPC/read
x3003c0s7b1n0:52462:52489 [0] NCCL INFO Channel 01 : 104[7000] -> 105[46000] via P2P/IPC/read
x3003c0s7b1n0:52463:52486 [1] NCCL INFO Channel 00 : 105[46000] -> 106[85000] via P2P/IPC/read
x3003c0s7b1n0:52463:52486 [1] NCCL INFO Channel 01 : 105[46000] -> 106[85000] via P2P/IPC/read
x3003c0s7b1n0:52463:52486 [1] NCCL INFO Channel 02 : 105[46000] -> 106[85000] via P2P/IPC/read
x3003c0s7b1n0:52463:52486 [1] NCCL INFO Channel 03 : 105[46000] -> 106[85000] via P2P/IPC/read
x3003c0s25b0n0:12546:12568 [2] NCCL INFO Channel 00 : 78[85000] -> 79[c7000] via P2P/IPC/read
x3003c0s25b0n0:12546:12568 [2] NCCL INFO Channel 01 : 78[85000] -> 79[c7000] via P2P/IPC/read
x3003c0s25b0n0:12546:12568 [2] NCCL INFO Channel 02 : 78[85000] -> 79[c7000] via P2P/IPC/read
x3003c0s25b0n0:12546:12568 [2] NCCL INFO Channel 03 : 78[85000] -> 79[c7000] via P2P/IPC/read
x3003c0s13b1n0:61695:61716 [3] NCCL INFO Channel 03 : 63[c7000] -> 62[85000] via P2P/IPC/read
x3003c0s7b0n0:15458:15481 [3] NCCL INFO Channel 01/0 : 103[c7000] -> 106[85000] [send] via NET/AWS Libfabric/1
x3004c0s19b1n0:44056:44079 [3] NCCL INFO Channel 01/0 : 123[c7000] -> 127[c7000] [send] via NET/AWS Libfabric/1
x3003c0s37b0n0:4465:4488 [1] NCCL INFO Channel 00 : 93[46000] -> 94[85000] via P2P/IPC/read
x3003c0s37b0n0:4465:4488 [1] NCCL INFO Channel 01 : 93[46000] -> 94[85000] via P2P/IPC/read
x3003c0s37b0n0:4465:4488 [1] NCCL INFO Channel 02 : 93[46000] -> 94[85000] via P2P/IPC/read
x3003c0s37b0n0:4465:4488 [1] NCCL INFO Channel 03 : 93[46000] -> 94[85000] via P2P/IPC/read
x3002c0s31b0n0:910:934 [0] NCCL INFO Channel 01 : 32[7000] -> 33[46000] via P2P/IPC/read
x3002c0s13b1n0:17784:17806 [3] NCCL INFO Connected all rings
x3002c0s13b1n0:17783:17807 [2] NCCL INFO Connected all rings
x3002c0s37b1n0:59655:59676 [3] NCCL INFO Connected all rings
x3002c0s1b1n0:16031:16053 [3] NCCL INFO Connected all rings
x3002c0s1b1n0:16030:16052 [2] NCCL INFO Connected all rings
x3002c0s37b1n0:59654:59677 [2] NCCL INFO Connected all rings
x3002c0s31b1n0:32833:32860 [0] NCCL INFO Channel 02 : 36[7000] -> 37[46000] via P2P/IPC/read
x3003c0s37b0n0:4463:4491 [0] NCCL INFO Channel 01 : 92[7000] -> 93[46000] via P2P/IPC/read
x3003c0s37b0n0:4466:4489 [2] NCCL INFO Channel 00 : 94[85000] -> 95[c7000] via P2P/IPC/read
x3003c0s37b0n0:4466:4489 [2] NCCL INFO Channel 01 : 94[85000] -> 95[c7000] via P2P/IPC/read
x3003c0s37b0n0:4466:4489 [2] NCCL INFO Channel 02 : 94[85000] -> 95[c7000] via P2P/IPC/read
x3003c0s37b0n0:4466:4489 [2] NCCL INFO Channel 03 : 94[85000] -> 95[c7000] via P2P/IPC/read
x3003c0s7b1n0:52465:52488 [3] NCCL INFO Channel 02 : 107[c7000] -> 106[85000] via P2P/IPC/read
x3002c0s13b1n0:17781:17808 [0] NCCL INFO Channel 02 : 4[7000] -> 5[46000] via P2P/IPC/read
x3002c0s31b0n0:910:934 [0] NCCL INFO Channel 02 : 32[7000] -> 33[46000] via P2P/IPC/read
x3003c0s13b0n0:6233:6256 [2] NCCL INFO Channel 00 : 58[85000] -> 59[c7000] via P2P/IPC/read
x3002c0s1b1n0:16028:16055 [0] NCCL INFO Connected all rings
x3002c0s31b0n0:910:934 [0] NCCL INFO Channel 03 : 32[7000] -> 33[46000] via P2P/IPC/read
x3002c0s1b1n0:16028:16055 [0] NCCL INFO Channel 00 : 20[7000] -> 21[46000] via P2P/IPC/read
x3003c0s13b0n0:6231:6257 [0] NCCL INFO Connected all rings
x3003c0s13b0n0:6231:6257 [0] NCCL INFO Channel 00 : 56[7000] -> 57[46000] via P2P/IPC/read
x3002c0s1b1n0:16029:16054 [1] NCCL INFO Connected all rings
x3003c0s13b0n0:6232:6255 [1] NCCL INFO Connected all rings
x3002c0s19b1n0:18801:18823 [2] NCCL INFO Connected all rings
x3002c0s19b1n0:18802:18825 [3] NCCL INFO Connected all rings
x3002c0s7b0n0:37329:37356 [0] NCCL INFO Connected all rings
x3002c0s7b0n0:37329:37356 [0] NCCL INFO Channel 00 : 48[7000] -> 49[46000] via P2P/IPC/read
x3002c0s7b0n0:37330:37355 [1] NCCL INFO Connected all rings
x3003c0s37b0n0:4463:4491 [0] NCCL INFO Channel 02 : 92[7000] -> 93[46000] via P2P/IPC/read
x3003c0s37b0n0:4463:4491 [0] NCCL INFO Channel 03 : 92[7000] -> 93[46000] via P2P/IPC/read
x3002c0s13b0n0:6538:6559 [0] NCCL INFO Channel 02/0 : 0[7000] -> 4[7000] [send] via NET/AWS Libfabric/3
x3003c0s25b1n0:52664:52687 [1] NCCL INFO Channel 00 : 81[46000] -> 82[85000] via P2P/IPC/read
x3003c0s37b1n0:47897:47924 [0] NCCL INFO Channel 02/0 : 96[7000] -> 100[7000] [send] via NET/AWS Libfabric/3
x3004c0s19b0n0:4412:4439 [0] NCCL INFO Channel 02 : 116[7000] -> 117[46000] via P2P/IPC/read
x3004c0s1b0n0:25040:25063 [2] NCCL INFO Channel 00 : 126[85000] -> 127[c7000] via P2P/IPC/read
x3004c0s1b0n0:25040:25063 [2] NCCL INFO Channel 01 : 126[85000] -> 127[c7000] via P2P/IPC/read
x3004c0s1b0n0:25040:25063 [2] NCCL INFO Channel 02 : 126[85000] -> 127[c7000] via P2P/IPC/read
x3004c0s1b0n0:25040:25063 [2] NCCL INFO Channel 03 : 126[85000] -> 127[c7000] via P2P/IPC/read
x3002c0s31b0n0:911:937 [1] NCCL INFO Channel 00 : 33[46000] -> 34[85000] via P2P/IPC/read
x3002c0s31b0n0:911:937 [1] NCCL INFO Channel 01 : 33[46000] -> 34[85000] via P2P/IPC/read
x3002c0s1b1n0:16028:16055 [0] NCCL INFO Channel 01 : 20[7000] -> 21[46000] via P2P/IPC/read
x3002c0s31b0n0:911:937 [1] NCCL INFO Channel 02 : 33[46000] -> 34[85000] via P2P/IPC/read
x3002c0s1b1n0:16028:16055 [0] NCCL INFO Channel 02 : 20[7000] -> 21[46000] via P2P/IPC/read
x3002c0s31b0n0:911:937 [1] NCCL INFO Channel 03 : 33[46000] -> 34[85000] via P2P/IPC/read
x3002c0s1b1n0:16028:16055 [0] NCCL INFO Channel 03 : 20[7000] -> 21[46000] via P2P/IPC/read
x3002c0s19b1n0:18800:18826 [1] NCCL INFO Channel 00 : 13[46000] -> 14[85000] via P2P/IPC/read
x3002c0s19b1n0:18800:18826 [1] NCCL INFO Channel 01 : 13[46000] -> 14[85000] via P2P/IPC/read
x3002c0s19b1n0:18800:18826 [1] NCCL INFO Channel 02 : 13[46000] -> 14[85000] via P2P/IPC/read
x3002c0s19b1n0:18800:18826 [1] NCCL INFO Channel 03 : 13[46000] -> 14[85000] via P2P/IPC/read
x3004c0s13b1n0:21589:21614 [1] NCCL INFO Channel 00 : 113[46000] -> 114[85000] via P2P/IPC/read
x3004c0s19b0n0:4412:4439 [0] NCCL INFO Channel 03 : 116[7000] -> 117[46000] via P2P/IPC/read
x3002c0s1b0n0:54114:54141 [0] NCCL INFO Connected all rings
x3002c0s1b0n0:54114:54141 [0] NCCL INFO Channel 00 : 16[7000] -> 17[46000] via P2P/IPC/read
x3002c0s1b0n0:54115:54139 [1] NCCL INFO Connected all rings
x3003c0s7b1n0:52462:52489 [0] NCCL INFO Channel 02 : 104[7000] -> 105[46000] via P2P/IPC/read
x3003c0s31b0n0:34825:34848 [3] NCCL INFO Channel 01/0 : 87[c7000] -> 90[85000] [send] via NET/AWS Libfabric/1
x3003c0s31b1n0:1949:1975 [0] NCCL INFO Channel 03 : 88[7000] -> 89[46000] via P2P/IPC/read
x3002c0s7b0n0:37331:37354 [2] NCCL INFO Channel 00 : 50[85000] -> 51[c7000] via P2P/IPC/read
x3002c0s7b0n0:37331:37354 [2] NCCL INFO Channel 01 : 50[85000] -> 51[c7000] via P2P/IPC/read
x3002c0s13b0n0:6540:6560 [2] NCCL INFO Channel 02 : 2[85000] -> 1[46000] via P2P/IPC/read
x3002c0s7b0n0:37331:37354 [2] NCCL INFO Channel 02 : 50[85000] -> 51[c7000] via P2P/IPC/read
x3002c0s13b0n0:6541:6561 [3] NCCL INFO Channel 03/0 : 3[c7000] -> 7[c7000] [send] via NET/AWS Libfabric/1
x3002c0s7b0n0:37331:37354 [2] NCCL INFO Channel 03 : 50[85000] -> 51[c7000] via P2P/IPC/read
x3002c0s31b1n0:32833:32860 [0] NCCL INFO Channel 03 : 36[7000] -> 37[46000] via P2P/IPC/read
x3002c0s13b1n0:17781:17808 [0] NCCL INFO Channel 03 : 4[7000] -> 5[46000] via P2P/IPC/read
x3003c0s37b0n0:4466:4489 [2] NCCL INFO Channel 03/0 : 94[85000] -> 111[c7000] [send] via NET/AWS Libfabric/1
x3002c0s25b1n0:48879:48905 [1] NCCL INFO Channel 00 : 29[46000] -> 30[85000] via P2P/IPC/read
x3002c0s25b1n0:48879:48905 [1] NCCL INFO Channel 01 : 29[46000] -> 30[85000] via P2P/IPC/read
x3002c0s25b1n0:48879:48905 [1] NCCL INFO Channel 02 : 29[46000] -> 30[85000] via P2P/IPC/read
x3002c0s25b1n0:48879:48905 [1] NCCL INFO Channel 03 : 29[46000] -> 30[85000] via P2P/IPC/read
x3002c0s37b0n0:65160:65187 [0] NCCL INFO Channel 01 : 40[7000] -> 41[46000] via P2P/IPC/read
x3002c0s19b0n0:24859:24881 [2] NCCL INFO Channel 00 : 10[85000] -> 11[c7000] via P2P/IPC/read
x3002c0s31b0n0:911:937 [1] NCCL INFO Channel 00/0 : 16[7000] -> 33[46000] [receive] via NET/AWS Libfabric/3
x3004c0s13b0n0:63260:63284 [2] NCCL INFO Channel 00 : 110[85000] -> 111[c7000] via P2P/IPC/read
x3004c0s13b0n0:63260:63284 [2] NCCL INFO Channel 01 : 110[85000] -> 111[c7000] via P2P/IPC/read
x3004c0s13b0n0:63260:63284 [2] NCCL INFO Channel 02 : 110[85000] -> 111[c7000] via P2P/IPC/read
x3004c0s13b0n0:63260:63284 [2] NCCL INFO Channel 03 : 110[85000] -> 111[c7000] via P2P/IPC/read
x3003c0s7b1n0:52465:52488 [3] NCCL INFO Channel 03 : 107[c7000] -> 106[85000] via P2P/IPC/read
x3003c0s13b1n0:61695:61716 [3] NCCL INFO Connected all rings
x3002c0s19b0n0:24859:24881 [2] NCCL INFO Channel 01 : 10[85000] -> 11[c7000] via P2P/IPC/read
x3002c0s19b0n0:24859:24881 [2] NCCL INFO Channel 02 : 10[85000] -> 11[c7000] via P2P/IPC/read
x3003c0s1b0n0:46766:46790 [1] NCCL INFO Channel 00 : 69[46000] -> 70[85000] via P2P/IPC/read
x3002c0s19b0n0:24859:24881 [2] NCCL INFO Channel 03 : 10[85000] -> 11[c7000] via P2P/IPC/read
x3002c0s31b0n0:913:936 [3] NCCL INFO Channel 03/0 : 35[c7000] -> 39[c7000] [send] via NET/AWS Libfabric/1
x3004c0s13b1n0:21589:21614 [1] NCCL INFO Channel 01 : 113[46000] -> 114[85000] via P2P/IPC/read
x3003c0s1b0n0:46766:46790 [1] NCCL INFO Channel 01 : 69[46000] -> 70[85000] via P2P/IPC/read
x3003c0s1b0n0:46766:46790 [1] NCCL INFO Channel 02 : 69[46000] -> 70[85000] via P2P/IPC/read
x3003c0s1b0n0:46766:46790 [1] NCCL INFO Channel 03 : 69[46000] -> 70[85000] via P2P/IPC/read
x3002c0s13b1n0:17782:17805 [1] NCCL INFO Channel 00 : 5[46000] -> 6[85000] via P2P/IPC/read
x3002c0s13b1n0:17782:17805 [1] NCCL INFO Channel 01 : 5[46000] -> 6[85000] via P2P/IPC/read
x3002c0s13b1n0:17782:17805 [1] NCCL INFO Channel 02 : 5[46000] -> 6[85000] via P2P/IPC/read
x3002c0s13b1n0:17782:17805 [1] NCCL INFO Channel 03 : 5[46000] -> 6[85000] via P2P/IPC/read
x3003c0s13b0n0:6231:6257 [0] NCCL INFO Channel 01 : 56[7000] -> 57[46000] via P2P/IPC/read
x3002c0s25b0n0:37311:37340 [0] NCCL INFO Channel 02/0 : 21[46000] -> 24[7000] [receive] via NET/AWS Libfabric/3
x3003c0s25b1n0:52664:52687 [1] NCCL INFO Channel 01 : 81[46000] -> 82[85000] via P2P/IPC/read
x3002c0s25b0n0:37313:37337 [2] NCCL INFO Channel 00 : 26[85000] -> 27[c7000] via P2P/IPC/read
x3002c0s25b1n0:48880:48903 [2] NCCL INFO Channel 03/0 : 30[85000] -> 47[c7000] [send] via NET/AWS Libfabric/1
x3002c0s25b0n0:37313:37337 [2] NCCL INFO Channel 01 : 26[85000] -> 27[c7000] via P2P/IPC/read
x3002c0s25b0n0:37313:37337 [2] NCCL INFO Channel 02 : 26[85000] -> 27[c7000] via P2P/IPC/read
x3002c0s25b0n0:37313:37337 [2] NCCL INFO Channel 03 : 26[85000] -> 27[c7000] via P2P/IPC/read
x3003c0s37b1n0:47899:47921 [2] NCCL INFO Channel 00 : 98[85000] -> 99[c7000] via P2P/IPC/read
x3003c0s37b1n0:47899:47921 [2] NCCL INFO Channel 01 : 98[85000] -> 99[c7000] via P2P/IPC/read
x3003c0s37b1n0:47899:47921 [2] NCCL INFO Channel 02 : 98[85000] -> 99[c7000] via P2P/IPC/read
x3003c0s37b1n0:47899:47921 [2] NCCL INFO Channel 03 : 98[85000] -> 99[c7000] via P2P/IPC/read
x3004c0s19b1n0:44054:44077 [1] NCCL INFO Channel 00 : 121[46000] -> 122[85000] via P2P/IPC/read
x3003c0s13b1n0:61694:61718 [2] NCCL INFO Connected all rings
x3003c0s13b0n0:6231:6257 [0] NCCL INFO Channel 02 : 56[7000] -> 57[46000] via P2P/IPC/read
x3003c0s13b0n0:6231:6257 [0] NCCL INFO Channel 03 : 56[7000] -> 57[46000] via P2P/IPC/read
x3003c0s25b1n0:52665:52689 [2] NCCL INFO Channel 00 : 82[85000] -> 83[c7000] via P2P/IPC/read
x3002c0s31b1n0:32835:32858 [2] NCCL INFO Channel 00 : 38[85000] -> 39[c7000] via P2P/IPC/read
x3002c0s31b1n0:32835:32858 [2] NCCL INFO Channel 01 : 38[85000] -> 39[c7000] via P2P/IPC/read
x3002c0s31b1n0:32835:32858 [2] NCCL INFO Channel 02 : 38[85000] -> 39[c7000] via P2P/IPC/read
x3002c0s31b1n0:32835:32858 [2] NCCL INFO Channel 03 : 38[85000] -> 39[c7000] via P2P/IPC/read
x3003c0s31b0n0:34823:34846 [1] NCCL INFO Channel 00 : 85[46000] -> 86[85000] via P2P/IPC/read
x3003c0s31b0n0:34823:34846 [1] NCCL INFO Channel 01 : 85[46000] -> 86[85000] via P2P/IPC/read
x3003c0s31b0n0:34823:34846 [1] NCCL INFO Channel 02 : 85[46000] -> 86[85000] via P2P/IPC/read
x3003c0s31b0n0:34823:34846 [1] NCCL INFO Channel 03 : 85[46000] -> 86[85000] via P2P/IPC/read
x3004c0s19b0n0:4414:4438 [2] NCCL INFO Channel 00 : 118[85000] -> 119[c7000] via P2P/IPC/read
x3003c0s37b0n0:4465:4488 [1] NCCL INFO Channel 02/0 : 93[46000] -> 108[7000] [send] via NET/AWS Libfabric/3
x3003c0s13b1n0:61694:61718 [2] NCCL INFO Channel 00 : 62[85000] -> 63[c7000] via P2P/IPC/read
x3003c0s13b1n0:61694:61718 [2] NCCL INFO Channel 01 : 62[85000] -> 63[c7000] via P2P/IPC/read
x3003c0s13b1n0:61694:61718 [2] NCCL INFO Channel 02 : 62[85000] -> 63[c7000] via P2P/IPC/read
x3003c0s7b1n0:52462:52489 [0] NCCL INFO Channel 03 : 104[7000] -> 105[46000] via P2P/IPC/read
x3003c0s13b1n0:61694:61718 [2] NCCL INFO Channel 03 : 62[85000] -> 63[c7000] via P2P/IPC/read
x3002c0s7b1n0:48430:48453 [2] NCCL INFO Channel 00 : 54[85000] -> 55[c7000] via P2P/IPC/read
x3002c0s7b1n0:48430:48453 [2] NCCL INFO Channel 01 : 54[85000] -> 55[c7000] via P2P/IPC/read
x3002c0s7b1n0:48430:48453 [2] NCCL INFO Channel 02 : 54[85000] -> 55[c7000] via P2P/IPC/read
x3002c0s19b0n0:24857:24883 [0] NCCL INFO Channel 02/0 : 5[46000] -> 8[7000] [receive] via NET/AWS Libfabric/3
x3004c0s19b1n0:44054:44077 [1] NCCL INFO Channel 01 : 121[46000] -> 122[85000] via P2P/IPC/read
x3004c0s19b1n0:44054:44077 [1] NCCL INFO Channel 02 : 121[46000] -> 122[85000] via P2P/IPC/read
x3002c0s7b1n0:48430:48453 [2] NCCL INFO Channel 03 : 54[85000] -> 55[c7000] via P2P/IPC/read
x3004c0s19b1n0:44054:44077 [1] NCCL INFO Channel 03 : 121[46000] -> 122[85000] via P2P/IPC/read
x3003c0s19b0n0:52142:52166 [2] NCCL INFO Channel 00 : 66[85000] -> 67[c7000] via P2P/IPC/read
x3003c0s19b0n0:52142:52166 [2] NCCL INFO Channel 01 : 66[85000] -> 67[c7000] via P2P/IPC/read
x3003c0s19b0n0:52142:52166 [2] NCCL INFO Channel 02 : 66[85000] -> 67[c7000] via P2P/IPC/read
x3003c0s19b0n0:52142:52166 [2] NCCL INFO Channel 03 : 66[85000] -> 67[c7000] via P2P/IPC/read
x3002c0s13b1n0:17783:17807 [2] NCCL INFO Channel 00 : 6[85000] -> 7[c7000] via P2P/IPC/read
x3002c0s13b1n0:17783:17807 [2] NCCL INFO Channel 01 : 6[85000] -> 7[c7000] via P2P/IPC/read
x3002c0s13b1n0:17783:17807 [2] NCCL INFO Channel 02 : 6[85000] -> 7[c7000] via P2P/IPC/read
x3004c0s13b0n0:63258:63285 [0] NCCL INFO Channel 00/0 : 104[7000] -> 108[7000] [receive] via NET/AWS Libfabric/3
x3002c0s13b1n0:17783:17807 [2] NCCL INFO Channel 03 : 6[85000] -> 7[c7000] via P2P/IPC/read
x3004c0s1b0n0:25038:25065 [0] NCCL INFO Channel 00/0 : 120[7000] -> 124[7000] [receive] via NET/AWS Libfabric/3
x3003c0s13b0n0:6233:6256 [2] NCCL INFO Channel 01 : 58[85000] -> 59[c7000] via P2P/IPC/read
x3002c0s37b1n0:59654:59677 [2] NCCL INFO Channel 00 : 46[85000] -> 47[c7000] via P2P/IPC/read
x3002c0s37b1n0:59654:59677 [2] NCCL INFO Channel 01 : 46[85000] -> 47[c7000] via P2P/IPC/read
x3002c0s37b1n0:59654:59677 [2] NCCL INFO Channel 02 : 46[85000] -> 47[c7000] via P2P/IPC/read
x3002c0s37b1n0:59654:59677 [2] NCCL INFO Channel 03 : 46[85000] -> 47[c7000] via P2P/IPC/read
x3002c0s37b0n0:65160:65187 [0] NCCL INFO Channel 02 : 40[7000] -> 41[46000] via P2P/IPC/read
x3002c0s25b1n0:48879:48905 [1] NCCL INFO Channel 02/0 : 29[46000] -> 44[7000] [send] via NET/AWS Libfabric/3
x3002c0s37b0n0:65160:65187 [0] NCCL INFO Channel 03 : 40[7000] -> 41[46000] via P2P/IPC/read
x3002c0s37b1n0:59653:59678 [1] NCCL INFO Channel 00 : 45[46000] -> 46[85000] via P2P/IPC/read
x3002c0s7b0n0:37329:37356 [0] NCCL INFO Channel 01 : 48[7000] -> 49[46000] via P2P/IPC/read
x3003c0s25b1n0:52664:52687 [1] NCCL INFO Channel 02 : 81[46000] -> 82[85000] via P2P/IPC/read
x3003c0s7b0n0:15456:15480 [1] NCCL INFO Channel 00 : 101[46000] -> 102[85000] via P2P/IPC/read
x3002c0s7b1n0:48428:48454 [0] NCCL INFO Channel 02/0 : 48[7000] -> 52[7000] [receive] via NET/AWS Libfabric/3
x3002c0s1b0n0:54114:54141 [0] NCCL INFO Channel 01 : 16[7000] -> 17[46000] via P2P/IPC/read
x3004c0s1b0n0:25040:25063 [2] NCCL INFO Channel 00 : 126[85000] -> 125[46000] via P2P/IPC/read
x3003c0s37b0n0:4467:4490 [3] NCCL INFO Channel 01/0 : 91[c7000] -> 95[c7000] [receive] via NET/AWS Libfabric/1
x3002c0s19b1n0:18801:18823 [2] NCCL INFO Channel 00 : 14[85000] -> 15[c7000] via P2P/IPC/read
x3002c0s19b1n0:18801:18823 [2] NCCL INFO Channel 01 : 14[85000] -> 15[c7000] via P2P/IPC/read
x3002c0s19b1n0:18801:18823 [2] NCCL INFO Channel 02 : 14[85000] -> 15[c7000] via P2P/IPC/read
x3002c0s19b1n0:18801:18823 [2] NCCL INFO Channel 03 : 14[85000] -> 15[c7000] via P2P/IPC/read
x3003c0s1b1n0:23013:23038 [1] NCCL INFO Channel 00 : 73[46000] -> 74[85000] via P2P/IPC/read
x3003c0s1b1n0:23014:23036 [2] NCCL INFO Channel 00 : 74[85000] -> 75[c7000] via P2P/IPC/read
x3003c0s1b1n0:23014:23036 [2] NCCL INFO Channel 01 : 74[85000] -> 75[c7000] via P2P/IPC/read
x3003c0s1b1n0:23014:23036 [2] NCCL INFO Channel 02 : 74[85000] -> 75[c7000] via P2P/IPC/read
x3003c0s25b0n0:12547:12570 [3] NCCL INFO Channel 01/0 : 75[c7000] -> 79[c7000] [receive] via NET/AWS Libfabric/1
x3003c0s1b1n0:23014:23036 [2] NCCL INFO Channel 03 : 74[85000] -> 75[c7000] via P2P/IPC/read
x3004c0s13b0n0:63259:63282 [1] NCCL INFO Channel 02/0 : 109[46000] -> 116[7000] [send] via NET/AWS Libfabric/3
x3002c0s31b1n0:32836:32859 [3] NCCL INFO Channel 01/0 : 39[c7000] -> 42[85000] [send] via NET/AWS Libfabric/1
x3004c0s13b1n0:21589:21614 [1] NCCL INFO Channel 02 : 113[46000] -> 114[85000] via P2P/IPC/read
x3003c0s7b1n0:52465:52488 [3] NCCL INFO Connected all rings
x3003c0s7b1n0:52464:52487 [2] NCCL INFO Connected all rings
x3002c0s31b0n0:910:934 [0] NCCL INFO Channel 02/0 : 32[7000] -> 36[7000] [send] via NET/AWS Libfabric/3
x3003c0s25b1n0:52664:52687 [1] NCCL INFO Channel 03 : 81[46000] -> 82[85000] via P2P/IPC/read
x3002c0s7b1n0:48431:48455 [3] NCCL INFO Channel 01/0 : 55[c7000] -> 58[85000] [send] via NET/AWS Libfabric/1
x3002c0s7b1n0:48430:48453 [2] NCCL INFO Channel 03/0 : 54[85000] -> 59[c7000] [send] via NET/AWS Libfabric/1
x3003c0s37b1n0:47900:47923 [3] NCCL INFO Channel 03/0 : 99[c7000] -> 103[c7000] [send] via NET/AWS Libfabric/1
x3004c0s19b0n0:4413:4437 [1] NCCL INFO Channel 00 : 117[46000] -> 118[85000] via P2P/IPC/read
x3002c0s13b0n0:6540:6560 [2] NCCL INFO Connected all trees
x3002c0s13b0n0:6540:6560 [2] NCCL INFO MSCCL: Parsing algorithm /home/yuke/ncclPG/CCL-LYD/msccl_tools_lyd/examples/xml/xml_lyd/ring/allreduce_ring_node32_gpu128_mcl1_mck2_gan0.xml
x3002c0s13b0n0:6539:6562 [1] NCCL INFO Connected all trees
x3002c0s13b0n0:6539:6562 [1] NCCL INFO MSCCL: Parsing algorithm /home/yuke/ncclPG/CCL-LYD/msccl_tools_lyd/examples/xml/xml_lyd/ring/allreduce_ring_node32_gpu128_mcl1_mck2_gan0.xml
x3003c0s19b0n0:52141:52167 [1] NCCL INFO Channel 00/0 : 32[7000] -> 65[46000] [receive] via NET/AWS Libfabric/3
x3002c0s19b0n0:24858:24882 [1] NCCL INFO Channel 00/0 : 4[7000] -> 9[46000] [receive] via NET/AWS Libfabric/3
x3002c0s13b1n0:17783:17807 [2] NCCL INFO Channel 03/0 : 6[85000] -> 11[c7000] [send] via NET/AWS Libfabric/1
x3003c0s31b0n0:34824:34847 [2] NCCL INFO Channel 03/0 : 86[85000] -> 91[c7000] [send] via NET/AWS Libfabric/1
x3002c0s7b0n0:37332:37353 [3] NCCL INFO Channel 03/0 : 51[c7000] -> 55[c7000] [send] via NET/AWS Libfabric/1
x3003c0s25b1n0:52665:52689 [2] NCCL INFO Channel 01 : 82[85000] -> 83[c7000] via P2P/IPC/read
x3004c0s13b1n0:21589:21614 [1] NCCL INFO Channel 03 : 113[46000] -> 114[85000] via P2P/IPC/read
x3002c0s31b0n0:912:935 [2] NCCL INFO Channel 01/0 : 19[c7000] -> 34[85000] [receive] via NET/AWS Libfabric/1
x3002c0s25b0n0:37312:37338 [1] NCCL INFO Channel 00/0 : 20[7000] -> 25[46000] [receive] via NET/AWS Libfabric/3
x3002c0s7b1n0:48429:48452 [1] NCCL INFO Channel 02/0 : 53[46000] -> 56[7000] [send] via NET/AWS Libfabric/3
x3003c0s1b0n0:46767:46789 [2] NCCL INFO Channel 03/0 : 70[85000] -> 75[c7000] [send] via NET/AWS Libfabric/1
x3002c0s19b1n0:18800:18826 [1] NCCL INFO Channel 02/0 : 13[46000] -> 20[7000] [send] via NET/AWS Libfabric/3
x3002c0s37b1n0:59653:59678 [1] NCCL INFO Channel 01 : 45[46000] -> 46[85000] via P2P/IPC/read
x3002c0s37b0n0:65162:65185 [2] NCCL INFO Channel 00 : 42[85000] -> 43[c7000] via P2P/IPC/read
x3004c0s19b0n0:4414:4438 [2] NCCL INFO Channel 01 : 118[85000] -> 119[c7000] via P2P/IPC/read
x3003c0s37b1n0:47898:47922 [1] NCCL INFO Channel 00/0 : 80[7000] -> 97[46000] [receive] via NET/AWS Libfabric/3
x3004c0s19b0n0:4414:4438 [2] NCCL INFO Channel 02 : 118[85000] -> 119[c7000] via P2P/IPC/read
x3004c0s19b0n0:4414:4438 [2] NCCL INFO Channel 03 : 118[85000] -> 119[c7000] via P2P/IPC/read
x3003c0s1b0n0:46765:46792 [0] NCCL INFO Channel 02/0 : 64[7000] -> 68[7000] [receive] via NET/AWS Libfabric/3
x3002c0s37b0n0:65162:65185 [2] NCCL INFO Channel 01 : 42[85000] -> 43[c7000] via P2P/IPC/read
x3002c0s37b0n0:65162:65185 [2] NCCL INFO Channel 02 : 42[85000] -> 43[c7000] via P2P/IPC/read
x3002c0s37b0n0:65162:65185 [2] NCCL INFO Channel 03 : 42[85000] -> 43[c7000] via P2P/IPC/read
x3003c0s19b0n0:52143:52165 [3] NCCL INFO Channel 03/0 : 67[c7000] -> 71[c7000] [send] via NET/AWS Libfabric/1
x3003c0s37b0n0:4463:4491 [0] NCCL INFO Channel 00/0 : 88[7000] -> 92[7000] [receive] via NET/AWS Libfabric/3
x3003c0s1b0n0:46766:46790 [1] NCCL INFO Channel 02/0 : 69[46000] -> 72[7000] [send] via NET/AWS Libfabric/3
x3003c0s31b1n0:1950:1974 [1] NCCL INFO Channel 00 : 89[46000] -> 90[85000] via P2P/IPC/read
x3003c0s31b1n0:1950:1974 [1] NCCL INFO Channel 01 : 89[46000] -> 90[85000] via P2P/IPC/read
x3003c0s31b1n0:1950:1974 [1] NCCL INFO Channel 02 : 89[46000] -> 90[85000] via P2P/IPC/read
x3003c0s31b1n0:1950:1974 [1] NCCL INFO Channel 03 : 89[46000] -> 90[85000] via P2P/IPC/read
x3002c0s37b1n0:59655:59676 [3] NCCL INFO Channel 01/0 : 43[c7000] -> 47[c7000] [receive] via NET/AWS Libfabric/1
x3002c0s37b1n0:59653:59678 [1] NCCL INFO Channel 02 : 45[46000] -> 46[85000] via P2P/IPC/read
x3002c0s7b0n0:37329:37356 [0] NCCL INFO Channel 02 : 48[7000] -> 49[46000] via P2P/IPC/read
x3002c0s1b0n0:54114:54141 [0] NCCL INFO Channel 02 : 16[7000] -> 17[46000] via P2P/IPC/read
x3003c0s13b1n0:61693:61717 [1] NCCL INFO Channel 02/0 : 61[46000] -> 92[7000] [send] via NET/AWS Libfabric/3
x3003c0s31b1n0:1952:1976 [3] NCCL INFO Channel 01/0 : 91[c7000] -> 95[c7000] [send] via NET/AWS Libfabric/1
x3003c0s7b0n0:15456:15480 [1] NCCL INFO Channel 01 : 101[46000] -> 102[85000] via P2P/IPC/read
x3002c0s25b1n0:48878:48904 [0] NCCL INFO Channel 00/0 : 24[7000] -> 28[7000] [receive] via NET/AWS Libfabric/3
x3002c0s19b0n0:24860:24884 [3] NCCL INFO Channel 01/0 : 11[c7000] -> 15[c7000] [send] via NET/AWS Libfabric/1
x3003c0s1b1n0:23015:23037 [3] NCCL INFO Channel 01/0 : 75[c7000] -> 79[c7000] [send] via NET/AWS Libfabric/1
x3003c0s31b0n0:34823:34846 [1] NCCL INFO Channel 02/0 : 85[46000] -> 88[7000] [send] via NET/AWS Libfabric/3
x3003c0s13b0n0:6233:6256 [2] NCCL INFO Channel 02 : 58[85000] -> 59[c7000] via P2P/IPC/read
x3004c0s13b0n0:63260:63284 [2] NCCL INFO Channel 03/0 : 110[85000] -> 119[c7000] [send] via NET/AWS Libfabric/1
x3003c0s7b0n0:15456:15480 [1] NCCL INFO Channel 02 : 101[46000] -> 102[85000] via P2P/IPC/read
x3003c0s7b0n0:15456:15480 [1] NCCL INFO Channel 03 : 101[46000] -> 102[85000] via P2P/IPC/read
x3002c0s31b1n0:32835:32858 [2] NCCL INFO Channel 03/0 : 38[85000] -> 43[c7000] [send] via NET/AWS Libfabric/1
x3004c0s1b0n0:25040:25063 [2] NCCL INFO Channel 02 : 126[85000] -> 125[46000] via P2P/IPC/read
x3003c0s31b0n0:34822:34849 [0] NCCL INFO Channel 02/0 : 80[7000] -> 84[7000] [receive] via NET/AWS Libfabric/3
x3003c0s13b1n0:61694:61718 [2] NCCL INFO Channel 03/0 : 62[85000] -> 95[c7000] [send] via NET/AWS Libfabric/1
x3002c0s1b0n0:54114:54141 [0] NCCL INFO Channel 03 : 16[7000] -> 17[46000] via P2P/IPC/read
x3002c0s31b1n0:32834:32857 [1] NCCL INFO Channel 02/0 : 37[46000] -> 40[7000] [send] via NET/AWS Libfabric/3
x3003c0s1b1n0:23013:23038 [1] NCCL INFO Channel 01 : 73[46000] -> 74[85000] via P2P/IPC/read
x3004c0s19b0n0:4413:4437 [1] NCCL INFO Channel 01 : 117[46000] -> 118[85000] via P2P/IPC/read
x3002c0s25b0n0:37313:37337 [2] NCCL INFO Channel 01/0 : 23[c7000] -> 26[85000] [receive] via NET/AWS Libfabric/1
x3002c0s13b1n0:17784:17806 [3] NCCL INFO Channel 01/0 : 7[c7000] -> 10[85000] [send] via NET/AWS Libfabric/1
x3002c0s7b0n0:37330:37355 [1] NCCL INFO Channel 00 : 49[46000] -> 50[85000] via P2P/IPC/read
x3002c0s7b0n0:37330:37355 [1] NCCL INFO Channel 01 : 49[46000] -> 50[85000] via P2P/IPC/read
x3002c0s7b0n0:37330:37355 [1] NCCL INFO Channel 02 : 49[46000] -> 50[85000] via P2P/IPC/read
x3002c0s7b0n0:37330:37355 [1] NCCL INFO Channel 03 : 49[46000] -> 50[85000] via P2P/IPC/read
x3002c0s19b1n0:18799:18824 [0] NCCL INFO Channel 00/0 : 8[7000] -> 12[7000] [receive] via NET/AWS Libfabric/3
x3003c0s25b0n0:12545:12569 [1] NCCL INFO Channel 00 : 77[46000] -> 78[85000] via P2P/IPC/read
x3002c0s25b0n0:37314:37339 [3] NCCL INFO Channel 01/0 : 27[c7000] -> 31[c7000] [send] via NET/AWS Libfabric/1
x3003c0s7b0n0:15457:15479 [2] NCCL INFO Channel 03/0 : 102[85000] -> 107[c7000] [send] via NET/AWS Libfabric/1
x3004c0s19b0n0:4415:4436 [3] NCCL INFO Channel 01/0 : 119[c7000] -> 122[85000] [send] via NET/AWS Libfabric/1
x3003c0s25b1n0:52665:52689 [2] NCCL INFO Channel 02 : 82[85000] -> 83[c7000] via P2P/IPC/read
x3002c0s19b1n0:18801:18823 [2] NCCL INFO Channel 03/0 : 14[85000] -> 23[c7000] [send] via NET/AWS Libfabric/1
x3002c0s19b0n0:24859:24881 [2] NCCL INFO Channel 01/0 : 7[c7000] -> 10[85000] [receive] via NET/AWS Libfabric/1
x3002c0s13b0n0:6540:6560 [2] NCCL INFO Parsed MSCCL Algorithm /home/yuke/ncclPG/CCL-LYD/msccl_tools_lyd/examples/xml/xml_lyd/ring/allreduce_ring_node32_gpu128_mcl1_mck2_gan0.xml successfully.
x3002c0s13b0n0:6539:6562 [1] NCCL INFO Parsed MSCCL Algorithm /home/yuke/ncclPG/CCL-LYD/msccl_tools_lyd/examples/xml/xml_lyd/ring/allreduce_ring_node32_gpu128_mcl1_mck2_gan0.xml successfully.
x3002c0s13b0n0:6539:6562 [1] NCCL INFO Connected 1 MSCCL algorithms
x3002c0s13b0n0:6539:6562 [1] NCCL INFO threadThresholds 8/8/64 | 1024/8/64 | 8/8/64 | 8/8/512
x3002c0s13b0n0:6539:6562 [1] NCCL INFO 4 coll channels, 4 p2p channels, 2 p2p channels per peer
x3002c0s13b0n0:6540:6560 [2] NCCL INFO Connected 1 MSCCL algorithms
x3002c0s13b0n0:6540:6560 [2] NCCL INFO threadThresholds 8/8/64 | 1024/8/64 | 8/8/64 | 8/8/512
x3002c0s13b0n0:6540:6560 [2] NCCL INFO 4 coll channels, 4 p2p channels, 2 p2p channels per peer
x3003c0s1b1n0:23013:23038 [1] NCCL INFO Channel 02 : 73[46000] -> 74[85000] via P2P/IPC/read
x3004c0s19b1n0:44054:44077 [1] NCCL INFO Channel 00/0 : 116[7000] -> 121[46000] [receive] via NET/AWS Libfabric/3
x3003c0s13b0n0:6233:6256 [2] NCCL INFO Channel 03 : 58[85000] -> 59[c7000] via P2P/IPC/read
x3004c0s13b0n0:63261:63283 [3] NCCL INFO Channel 01/0 : 107[c7000] -> 111[c7000] [receive] via NET/AWS Libfabric/1
x3002c0s13b1n0:17782:17805 [1] NCCL INFO Channel 02/0 : 5[46000] -> 8[7000] [send] via NET/AWS Libfabric/3
x3003c0s37b1n0:47899:47921 [2] NCCL INFO Channel 01/0 : 83[c7000] -> 98[85000] [receive] via NET/AWS Libfabric/1
x3004c0s13b1n0:21588:21615 [0] NCCL INFO Channel 02/0 : 112[7000] -> 116[7000] [send] via NET/AWS Libfabric/3
x3004c0s13b1n0:21591:21612 [3] NCCL INFO Channel 03/0 : 115[c7000] -> 119[c7000] [send] via NET/AWS Libfabric/1
x3004c0s19b1n0:44055:44078 [2] NCCL INFO Channel 01/0 : 119[c7000] -> 122[85000] [receive] via NET/AWS Libfabric/1
x3002c0s31b1n0:32833:32860 [0] NCCL INFO Channel 02/0 : 32[7000] -> 36[7000] [receive] via NET/AWS Libfabric/3
x3003c0s7b1n0:52462:52489 [0] NCCL INFO Channel 02/0 : 101[46000] -> 104[7000] [receive] via NET/AWS Libfabric/3
x3004c0s1b0n0:25039:25062 [1] NCCL INFO Connected all trees
x3004c0s1b0n0:25039:25062 [1] NCCL INFO MSCCL: Parsing algorithm /home/yuke/ncclPG/CCL-LYD/msccl_tools_lyd/examples/xml/xml_lyd/ring/allreduce_ring_node32_gpu128_mcl1_mck2_gan0.xml
x3004c0s1b0n0:25040:25063 [2] NCCL INFO Connected all trees
x3004c0s1b0n0:25040:25063 [2] NCCL INFO MSCCL: Parsing algorithm /home/yuke/ncclPG/CCL-LYD/msccl_tools_lyd/examples/xml/xml_lyd/ring/allreduce_ring_node32_gpu128_mcl1_mck2_gan0.xml
x3003c0s13b1n0:61695:61716 [3] NCCL INFO Channel 01/0 : 59[c7000] -> 63[c7000] [receive] via NET/AWS Libfabric/1
x3003c0s7b0n0:15455:15482 [0] NCCL INFO Channel 02/0 : 96[7000] -> 100[7000] [receive] via NET/AWS Libfabric/3
x3004c0s19b1n0:44053:44080 [0] NCCL INFO Channel 02/0 : 117[46000] -> 120[7000] [receive] via NET/AWS Libfabric/3
x3002c0s37b1n0:59653:59678 [1] NCCL INFO Channel 03 : 45[46000] -> 46[85000] via P2P/IPC/read
x3003c0s19b0n0:52142:52166 [2] NCCL INFO Channel 01/0 : 35[c7000] -> 66[85000] [receive] via NET/AWS Libfabric/1
x3002c0s1b0n0:54116:54138 [2] NCCL INFO Channel 00 : 18[85000] -> 19[c7000] via P2P/IPC/read
x3002c0s1b1n0:16029:16054 [1] NCCL INFO Channel 00 : 21[46000] -> 22[85000] via P2P/IPC/read
x3004c0s1b0n0:25041:25064 [3] NCCL INFO Channel 01/0 : 123[c7000] -> 127[c7000] [receive] via NET/AWS Libfabric/1
x3002c0s1b1n0:16029:16054 [1] NCCL INFO Channel 01 : 21[46000] -> 22[85000] via P2P/IPC/read
x3002c0s1b1n0:16029:16054 [1] NCCL INFO Channel 02 : 21[46000] -> 22[85000] via P2P/IPC/read
x3002c0s1b1n0:16029:16054 [1] NCCL INFO Channel 03 : 21[46000] -> 22[85000] via P2P/IPC/read
x3002c0s7b0n0:37329:37356 [0] NCCL INFO Channel 03 : 48[7000] -> 49[46000] via P2P/IPC/read
x3002c0s37b0n0:65161:65184 [1] NCCL INFO Channel 00 : 41[46000] -> 42[85000] via P2P/IPC/read
x3004c0s19b0n0:4413:4437 [1] NCCL INFO Channel 02 : 117[46000] -> 118[85000] via P2P/IPC/read
x3003c0s31b1n0:1952:1976 [3] NCCL INFO Channel 03/0 : 86[85000] -> 91[c7000] [receive] via NET/AWS Libfabric/1
x3003c0s13b0n0:6232:6255 [1] NCCL INFO Channel 00 : 57[46000] -> 58[85000] via P2P/IPC/read
x3003c0s25b1n0:52663:52690 [0] NCCL INFO Channel 02/0 : 80[7000] -> 84[7000] [send] via NET/AWS Libfabric/3
x3002c0s25b1n0:48881:48902 [3] NCCL INFO Channel 03/0 : 15[c7000] -> 31[c7000] [receive] via NET/AWS Libfabric/1
x3003c0s7b1n0:52464:52487 [2] NCCL INFO Channel 00 : 106[85000] -> 107[c7000] via P2P/IPC/read
x3003c0s7b1n0:52464:52487 [2] NCCL INFO Channel 01 : 106[85000] -> 107[c7000] via P2P/IPC/read
x3003c0s7b1n0:52464:52487 [2] NCCL INFO Channel 02 : 106[85000] -> 107[c7000] via P2P/IPC/read
x3003c0s7b1n0:52464:52487 [2] NCCL INFO Channel 03 : 106[85000] -> 107[c7000] via P2P/IPC/read
x3003c0s31b1n0:1949:1975 [0] NCCL INFO Channel 02/0 : 85[46000] -> 88[7000] [receive] via NET/AWS Libfabric/3
x3003c0s25b1n0:52665:52689 [2] NCCL INFO Channel 03 : 82[85000] -> 83[c7000] via P2P/IPC/read
x3003c0s1b1n0:23013:23038 [1] NCCL INFO Channel 03 : 73[46000] -> 74[85000] via P2P/IPC/read
x3002c0s13b1n0:17781:17808 [0] NCCL INFO Channel 02/0 : 0[7000] -> 4[7000] [receive] via NET/AWS Libfabric/3
x3002c0s13b1n0:17784:17806 [3] NCCL INFO Channel 03/0 : 3[c7000] -> 7[c7000] [receive] via NET/AWS Libfabric/1
x3002c0s19b1n0:18802:18825 [3] NCCL INFO Channel 01/0 : 11[c7000] -> 15[c7000] [receive] via NET/AWS Libfabric/1
x3003c0s7b0n0:15456:15480 [1] NCCL INFO Channel 02/0 : 101[46000] -> 104[7000] [send] via NET/AWS Libfabric/3
x3004c0s13b1n0:21590:21613 [2] NCCL INFO Channel 01/0 : 107[c7000] -> 114[85000] [receive] via NET/AWS Libfabric/1
x3003c0s25b0n0:12545:12569 [1] NCCL INFO Channel 01 : 77[46000] -> 78[85000] via P2P/IPC/read
x3002c0s25b0n0:37314:37339 [3] NCCL INFO Channel 03/0 : 22[85000] -> 27[c7000] [receive] via NET/AWS Libfabric/1
x3002c0s7b0n0:37331:37354 [2] NCCL INFO Channel 01/0 : 43[c7000] -> 50[85000] [receive] via NET/AWS Libfabric/1
x3003c0s31b1n0:1951:1973 [2] NCCL INFO Channel 01/0 : 87[c7000] -> 90[85000] [receive] via NET/AWS Libfabric/1
x3003c0s31b1n0:1950:1974 [1] NCCL INFO Channel 00/0 : 84[7000] -> 89[46000] [receive] via NET/AWS Libfabric/3
x3002c0s1b0n0:54116:54138 [2] NCCL INFO Channel 01 : 18[85000] -> 19[c7000] via P2P/IPC/read
x3003c0s19b0n0:52140:52164 [0] NCCL INFO Channel 00/0 : 64[7000] -> 96[7000] [send] via NET/AWS Libfabric/3
x3002c0s13b1n0:17782:17805 [1] NCCL INFO Channel 02/0 : 8[7000] -> 5[46000] [receive] via NET/AWS Libfabric/3
x3003c0s1b1n0:23015:23037 [3] NCCL INFO Channel 03/0 : 70[85000] -> 75[c7000] [receive] via NET/AWS Libfabric/1
x3002c0s1b0n0:54115:54139 [1] NCCL INFO Channel 00 : 17[46000] -> 18[85000] via P2P/IPC/read
x3002c0s37b0n0:65163:65186 [3] NCCL INFO Channel 01/0 : 43[c7000] -> 47[c7000] [send] via NET/AWS Libfabric/1
x3002c0s37b0n0:65161:65184 [1] NCCL INFO Channel 01 : 41[46000] -> 42[85000] via P2P/IPC/read
x3004c0s1b0n0:25040:25063 [2] NCCL INFO Parsed MSCCL Algorithm /home/yuke/ncclPG/CCL-LYD/msccl_tools_lyd/examples/xml/xml_lyd/ring/allreduce_ring_node32_gpu128_mcl1_mck2_gan0.xml successfully.
x3004c0s1b0n0:25040:25063 [2] NCCL INFO Connected 1 MSCCL algorithms
x3004c0s1b0n0:25040:25063 [2] NCCL INFO threadThresholds 8/8/64 | 1024/8/64 | 8/8/64 | 8/8/512
x3004c0s1b0n0:25040:25063 [2] NCCL INFO 4 coll channels, 4 p2p channels, 2 p2p channels per peer
x3004c0s19b0n0:4413:4437 [1] NCCL INFO Channel 03 : 117[46000] -> 118[85000] via P2P/IPC/read
x3004c0s19b0n0:4415:4436 [3] NCCL INFO Channel 03/0 : 115[c7000] -> 119[c7000] [receive] via NET/AWS Libfabric/1
x3003c0s25b0n0:12547:12570 [3] NCCL INFO Channel 03/0 : 71[c7000] -> 79[c7000] [receive] via NET/AWS Libfabric/1
x3003c0s1b1n0:23014:23036 [2] NCCL INFO Channel 01/0 : 71[c7000] -> 74[85000] [receive] via NET/AWS Libfabric/1
x3002c0s31b0n0:910:934 [0] NCCL INFO Channel 00/0 : 32[7000] -> 48[7000] [send] via NET/AWS Libfabric/3
x3004c0s1b0n0:25039:25062 [1] NCCL INFO Parsed MSCCL Algorithm /home/yuke/ncclPG/CCL-LYD/msccl_tools_lyd/examples/xml/xml_lyd/ring/allreduce_ring_node32_gpu128_mcl1_mck2_gan0.xml successfully.
x3004c0s1b0n0:25039:25062 [1] NCCL INFO Connected 1 MSCCL algorithms
x3004c0s1b0n0:25039:25062 [1] NCCL INFO threadThresholds 8/8/64 | 1024/8/64 | 8/8/64 | 8/8/512
x3002c0s19b0n0:24857:24883 [0] NCCL INFO Channel 00/0 : 8[7000] -> 12[7000] [send] via NET/AWS Libfabric/3
x3003c0s13b0n0:6232:6255 [1] NCCL INFO Channel 01 : 57[46000] -> 58[85000] via P2P/IPC/read
x3003c0s13b0n0:6234:6254 [3] NCCL INFO Channel 01/0 : 59[c7000] -> 63[c7000] [send] via NET/AWS Libfabric/1
x3003c0s13b0n0:6232:6255 [1] NCCL INFO Channel 02 : 57[46000] -> 58[85000] via P2P/IPC/read
x3003c0s13b0n0:6232:6255 [1] NCCL INFO Channel 03 : 57[46000] -> 58[85000] via P2P/IPC/read
x3003c0s37b0n0:4467:4490 [3] NCCL INFO Channel 03/0 : 79[c7000] -> 95[c7000] [receive] via NET/AWS Libfabric/1
x3004c0s13b1n0:21589:21614 [1] NCCL INFO Channel 00/0 : 104[7000] -> 113[46000] [receive] via NET/AWS Libfabric/3
x3004c0s1b0n0:25039:25062 [1] NCCL INFO 4 coll channels, 4 p2p channels, 2 p2p channels per peer
x3004c0s19b1n0:44056:44079 [3] NCCL INFO Channel 03/0 : 118[85000] -> 123[c7000] [receive] via NET/AWS Libfabric/1
x3002c0s1b0n0:54115:54139 [1] NCCL INFO Channel 01 : 17[46000] -> 18[85000] via P2P/IPC/read
x3002c0s7b0n0:37330:37355 [1] NCCL INFO Channel 00/0 : 40[7000] -> 49[46000] [receive] via NET/AWS Libfabric/3
x3003c0s7b1n0:52465:52488 [3] NCCL INFO Channel 01/0 : 107[c7000] -> 111[c7000] [send] via NET/AWS Libfabric/1
x3003c0s7b1n0:52463:52486 [1] NCCL INFO Channel 00/0 : 100[7000] -> 105[46000] [receive] via NET/AWS Libfabric/3
x3002c0s1b1n0:16028:16055 [0] NCCL INFO Channel 02/0 : 16[7000] -> 20[7000] [receive] via NET/AWS Libfabric/3
x3003c0s25b0n0:12545:12569 [1] NCCL INFO Channel 02 : 77[46000] -> 78[85000] via P2P/IPC/read
x3002c0s1b1n0:16030:16052 [2] NCCL INFO Channel 00 : 22[85000] -> 23[c7000] via P2P/IPC/read
x3002c0s37b0n0:65163:65186 [3] NCCL INFO Channel 03/0 : 38[85000] -> 43[c7000] [receive] via NET/AWS Libfabric/1
x3003c0s25b1n0:52666:52688 [3] NCCL INFO Channel 03/0 : 83[c7000] -> 87[c7000] [send] via NET/AWS Libfabric/1
x3003c0s1b1n0:23012:23039 [0] NCCL INFO Channel 02/0 : 69[46000] -> 72[7000] [receive] via NET/AWS Libfabric/3
x3003c0s25b0n0:12545:12569 [1] NCCL INFO Channel 03 : 77[46000] -> 78[85000] via P2P/IPC/read
x3003c0s7b0n0:15456:15480 [1] NCCL INFO Channel 02/0 : 104[7000] -> 101[46000] [receive] via NET/AWS Libfabric/3
x3003c0s1b0n0:46765:46792 [0] NCCL INFO Channel 00/0 : 68[7000] -> 73[46000] [send] via NET/AWS Libfabric/3
x3003c0s31b0n0:34822:34849 [0] NCCL INFO Channel 00/0 : 84[7000] -> 89[46000] [send] via NET/AWS Libfabric/3
x3003c0s37b1n0:47897:47924 [0] NCCL INFO Channel 00/0 : 96[7000] -> 112[7000] [send] via NET/AWS Libfabric/3
x3004c0s19b1n0:44055:44078 [2] NCCL INFO Channel 01/0 : 122[85000] -> 119[c7000] [send] via NET/AWS Libfabric/1
x3002c0s19b0n0:24860:24884 [3] NCCL INFO Channel 03/0 : 6[85000] -> 11[c7000] [receive] via NET/AWS Libfabric/1
x3002c0s37b0n0:65161:65184 [1] NCCL INFO Channel 02 : 41[46000] -> 42[85000] via P2P/IPC/read
x3003c0s25b1n0:52664:52687 [1] NCCL INFO Channel 00/0 : 72[7000] -> 81[46000] [receive] via NET/AWS Libfabric/3
x3002c0s37b1n0:59654:59677 [2] NCCL INFO Channel 03/0 : 46[85000] -> 55[c7000] [send] via NET/AWS Libfabric/1
x3003c0s1b1n0:23014:23036 [2] NCCL INFO Channel 01/0 : 74[85000] -> 71[c7000] [send] via NET/AWS Libfabric/1
x3003c0s31b0n0:34823:34846 [1] NCCL INFO Channel 02/0 : 88[7000] -> 85[46000] [receive] via NET/AWS Libfabric/3
x3003c0s31b0n0:34825:34848 [3] NCCL INFO Channel 03/0 : 83[c7000] -> 87[c7000] [receive] via NET/AWS Libfabric/1
x3002c0s1b0n0:54116:54138 [2] NCCL INFO Channel 02 : 18[85000] -> 19[c7000] via P2P/IPC/read
x3002c0s37b1n0:59652:59679 [0] NCCL INFO Channel 00/0 : 40[7000] -> 44[7000] [receive] via NET/AWS Libfabric/3
x3003c0s25b1n0:52666:52688 [3] NCCL INFO Channel 01/0 : 83[c7000] -> 91[c7000] [send] via NET/AWS Libfabric/1
x3003c0s25b1n0:52663:52690 [0] NCCL INFO Channel 00/0 : 80[7000] -> 88[7000] [send] via NET/AWS Libfabric/3
x3002c0s19b0n0:24859:24881 [2] NCCL INFO Channel 01/0 : 10[85000] -> 7[c7000] [send] via NET/AWS Libfabric/1
x3002c0s37b1n0:59655:59676 [3] NCCL INFO Channel 03/0 : 39[c7000] -> 47[c7000] [receive] via NET/AWS Libfabric/1
x3002c0s7b0n0:37329:37356 [0] NCCL INFO Channel 02/0 : 48[7000] -> 52[7000] [send] via NET/AWS Libfabric/3
x3002c0s37b0n0:65161:65184 [1] NCCL INFO Channel 03 : 41[46000] -> 42[85000] via P2P/IPC/read
x3003c0s31b1n0:1949:1975 [0] NCCL INFO Channel 00/0 : 88[7000] -> 92[7000] [send] via NET/AWS Libfabric/3
x3002c0s1b1n0:16030:16052 [2] NCCL INFO Channel 01 : 22[85000] -> 23[c7000] via P2P/IPC/read
x3003c0s25b0n0:12546:12568 [2] NCCL INFO Channel 03/0 : 78[85000] -> 87[c7000] [send] via NET/AWS Libfabric/1
x3004c0s13b1n0:21591:21612 [3] NCCL INFO Channel 01/0 : 115[c7000] -> 123[c7000] [send] via NET/AWS Libfabric/1
x3003c0s7b1n0:52464:52487 [2] NCCL INFO Channel 01/0 : 103[c7000] -> 106[85000] [receive] via NET/AWS Libfabric/1
x3003c0s31b0n0:34824:34847 [2] NCCL INFO Channel 03/0 : 91[c7000] -> 86[85000] [receive] via NET/AWS Libfabric/1
x3003c0s7b1n0:52465:52488 [3] NCCL INFO Channel 03/0 : 102[85000] -> 107[c7000] [receive] via NET/AWS Libfabric/1
x3003c0s1b1n0:23013:23038 [1] NCCL INFO Channel 00/0 : 68[7000] -> 73[46000] [receive] via NET/AWS Libfabric/3
x3003c0s31b1n0:1951:1973 [2] NCCL INFO Channel 01/0 : 90[85000] -> 87[c7000] [send] via NET/AWS Libfabric/1
x3003c0s13b1n0:61695:61716 [3] NCCL INFO Channel 03/0 : 31[c7000] -> 63[c7000] [receive] via NET/AWS Libfabric/1
x3002c0s1b1n0:16030:16052 [2] NCCL INFO Channel 02 : 22[85000] -> 23[c7000] via P2P/IPC/read
x3002c0s19b1n0:18799:18824 [0] NCCL INFO Channel 02/0 : 4[7000] -> 12[7000] [receive] via NET/AWS Libfabric/3
x3002c0s1b1n0:16030:16052 [2] NCCL INFO Channel 03 : 22[85000] -> 23[c7000] via P2P/IPC/read
x3002c0s31b1n0:32833:32860 [0] NCCL INFO Channel 00/0 : 36[7000] -> 41[46000] [send] via NET/AWS Libfabric/3
x3004c0s1b0n0:25041:25064 [3] NCCL INFO Channel 03/0 : 63[c7000] -> 127[c7000] [receive] via NET/AWS Libfabric/1
x3002c0s37b1n0:59653:59678 [1] NCCL INFO Channel 02/0 : 45[46000] -> 52[7000] [send] via NET/AWS Libfabric/3
x3003c0s25b1n0:52665:52689 [2] NCCL INFO Channel 01/0 : 75[c7000] -> 82[85000] [receive] via NET/AWS Libfabric/1
x3003c0s7b0n0:15455:15482 [0] NCCL INFO Channel 00/0 : 100[7000] -> 105[46000] [send] via NET/AWS Libfabric/3
x3004c0s13b0n0:63261:63283 [3] NCCL INFO Channel 03/0 : 103[c7000] -> 111[c7000] [receive] via NET/AWS Libfabric/1
x3003c0s13b0n0:6231:6257 [0] NCCL INFO Channel 02/0 : 53[46000] -> 56[7000] [receive] via NET/AWS Libfabric/3
x3003c0s37b0n0:4463:4491 [0] NCCL INFO Channel 02/0 : 76[7000] -> 92[7000] [receive] via NET/AWS Libfabric/3
x3002c0s13b0n0:6541:6561 [3] NCCL INFO Channel 01/0 : 67[c7000] -> 3[c7000] [receive] via NET/AWS Libfabric/1
x3004c0s19b0n0:4414:4438 [2] NCCL INFO Channel 03/0 : 118[85000] -> 123[c7000] [send] via NET/AWS Libfabric/1
x3002c0s19b0n0:24857:24883 [0] NCCL INFO Channel 00/0 : 8[7000] -> 17[46000] [send] via NET/AWS Libfabric/3
x3003c0s13b0n0:6234:6254 [3] NCCL INFO Channel 03/0 : 54[85000] -> 59[c7000] [receive] via NET/AWS Libfabric/1
x3002c0s1b0n0:54115:54139 [1] NCCL INFO Channel 02 : 17[46000] -> 18[85000] via P2P/IPC/read
x3002c0s1b0n0:54116:54138 [2] NCCL INFO Channel 03 : 18[85000] -> 19[c7000] via P2P/IPC/read
x3002c0s13b1n0:17784:17806 [3] NCCL INFO Channel 03/0 : 7[c7000] -> 15[c7000] [send] via NET/AWS Libfabric/1
x3003c0s1b0n0:46768:46791 [3] NCCL INFO Channel 03/0 : 67[c7000] -> 71[c7000] [receive] via NET/AWS Libfabric/1
x3002c0s1b0n0:54115:54139 [1] NCCL INFO Channel 03 : 17[46000] -> 18[85000] via P2P/IPC/read
x3003c0s1b0n0:46767:46789 [2] NCCL INFO Channel 03/0 : 75[c7000] -> 70[85000] [receive] via NET/AWS Libfabric/1
x3002c0s31b1n0:32835:32858 [2] NCCL INFO Channel 03/0 : 43[c7000] -> 38[85000] [receive] via NET/AWS Libfabric/1
x3002c0s13b0n0:6538:6559 [0] NCCL INFO Channel 00/0 : 64[7000] -> 0[7000] [receive] via NET/AWS Libfabric/3
x3003c0s1b1n0:23015:23037 [3] NCCL INFO Channel 01/0 : 75[c7000] -> 82[85000] [send] via NET/AWS Libfabric/1
x3003c0s13b0n0:6232:6255 [1] NCCL INFO Channel 00/0 : 52[7000] -> 57[46000] [receive] via NET/AWS Libfabric/3
x3004c0s1b0n0:25041:25064 [3] NCCL INFO Channel 03/0 : 127[c7000] -> 63[c7000] [send] via NET/AWS Libfabric/1
x3003c0s7b1n0:52462:52489 [0] NCCL INFO Channel 00/0 : 104[7000] -> 108[7000] [send] via NET/AWS Libfabric/3
x3003c0s13b0n0:6233:6256 [2] NCCL INFO Channel 01/0 : 55[c7000] -> 58[85000] [receive] via NET/AWS Libfabric/1
x3003c0s7b0n0:15455:15482 [0] NCCL INFO Channel 02/0 : 100[7000] -> 108[7000] [send] via NET/AWS Libfabric/3
x3003c0s31b1n0:1952:1976 [3] NCCL INFO Channel 01/0 : 83[c7000] -> 91[c7000] [receive] via NET/AWS Libfabric/1
x3002c0s19b1n0:18802:18825 [3] NCCL INFO Channel 03/0 : 7[c7000] -> 15[c7000] [receive] via NET/AWS Libfabric/1
x3002c0s7b1n0:48429:48452 [1] NCCL INFO Channel 02/0 : 56[7000] -> 53[46000] [receive] via NET/AWS Libfabric/3
x3004c0s19b0n0:4415:4436 [3] NCCL INFO Channel 03/0 : 110[85000] -> 119[c7000] [receive] via NET/AWS Libfabric/1
x3002c0s13b1n0:17781:17808 [0] NCCL INFO Channel 00/0 : 4[7000] -> 9[46000] [send] via NET/AWS Libfabric/3
x3003c0s1b0n0:46765:46792 [0] NCCL INFO Channel 02/0 : 68[7000] -> 76[7000] [send] via NET/AWS Libfabric/3
x3003c0s25b0n0:12545:12569 [1] NCCL INFO Channel 02/0 : 77[46000] -> 84[7000] [send] via NET/AWS Libfabric/3
x3003c0s31b0n0:34822:34849 [0] NCCL INFO Channel 02/0 : 77[46000] -> 84[7000] [receive] via NET/AWS Libfabric/3
x3003c0s31b1n0:1949:1975 [0] NCCL INFO Channel 00/0 : 80[7000] -> 88[7000] [receive] via NET/AWS Libfabric/3
x3003c0s31b1n0:1950:1974 [1] NCCL INFO Channel 00/0 : 89[46000] -> 84[7000] [send] via NET/AWS Libfabric/3
x3002c0s1b1n0:16031:16053 [3] NCCL INFO Channel 01/0 : 23[c7000] -> 26[85000] [send] via NET/AWS Libfabric/1
x3002c0s1b1n0:16029:16054 [1] NCCL INFO Channel 02/0 : 21[46000] -> 24[7000] [send] via NET/AWS Libfabric/3
x3002c0s7b1n0:48428:48454 [0] NCCL INFO Channel 00/0 : 52[7000] -> 57[46000] [send] via NET/AWS Libfabric/3
x3002c0s19b0n0:24860:24884 [3] NCCL INFO Channel 01/0 : 11[c7000] -> 18[85000] [send] via NET/AWS Libfabric/1
x3003c0s25b0n0:12544:12571 [0] NCCL INFO Channel 00/0 : 72[7000] -> 76[7000] [receive] via NET/AWS Libfabric/3
x3002c0s37b0n0:65163:65186 [3] NCCL INFO Channel 01/0 : 43[c7000] -> 50[85000] [send] via NET/AWS Libfabric/1
x3003c0s7b0n0:15458:15481 [3] NCCL INFO Channel 03/0 : 99[c7000] -> 103[c7000] [receive] via NET/AWS Libfabric/1
x3002c0s13b1n0:17783:17807 [2] NCCL INFO Channel 03/0 : 11[c7000] -> 6[85000] [receive] via NET/AWS Libfabric/1
x3003c0s7b1n0:52463:52486 [1] NCCL INFO Channel 00/0 : 105[46000] -> 100[7000] [send] via NET/AWS Libfabric/3
x3002c0s7b0n0:37329:37356 [0] NCCL INFO Channel 00/0 : 48[7000] -> 56[7000] [send] via NET/AWS Libfabric/3
x3002c0s1b0n0:54114:54141 [0] NCCL INFO Channel 02/0 : 16[7000] -> 20[7000] [send] via NET/AWS Libfabric/3
x3004c0s19b0n0:4414:4438 [2] NCCL INFO Channel 03/0 : 123[c7000] -> 118[85000] [receive] via NET/AWS Libfabric/1
x3003c0s7b1n0:52462:52489 [0] NCCL INFO Channel 00/0 : 104[7000] -> 113[46000] [send] via NET/AWS Libfabric/3
x3004c0s19b0n0:4413:4437 [1] NCCL INFO Channel 02/0 : 117[46000] -> 120[7000] [send] via NET/AWS Libfabric/3
x3003c0s1b0n0:46766:46790 [1] NCCL INFO Channel 02/0 : 72[7000] -> 69[46000] [receive] via NET/AWS Libfabric/3
x3004c0s13b0n0:63258:63285 [0] NCCL INFO Channel 02/0 : 100[7000] -> 108[7000] [receive] via NET/AWS Libfabric/3
x3003c0s1b1n0:23012:23039 [0] NCCL INFO Channel 00/0 : 72[7000] -> 76[7000] [send] via NET/AWS Libfabric/3
x3003c0s1b1n0:23015:23037 [3] NCCL INFO Channel 01/0 : 82[85000] -> 75[c7000] [receive] via NET/AWS Libfabric/1
