x3004c0s19b0n0:4573:4596 [3] NCCL INFO Channel 01/0 : 119[c7000] -> 122[85000] [send] via NET/AWS Libfabric/1
x3003c0s1b0n0:46925:46952 [0] NCCL INFO Connected all rings
x3003c0s1b0n0:46925:46952 [0] NCCL INFO Channel 00 : 68[7000] -> 69[46000] via P2P/IPC/read
x3003c0s1b1n0:23174:23197 [3] NCCL INFO Channel 01/0 : 75[c7000] -> 79[c7000] [send] via NET/AWS Libfabric/1
x3003c0s37b0n0:4648:4671 [3] NCCL INFO Channel 02 : 95[c7000] -> 94[85000] via P2P/IPC/read
x3003c0s13b1n0:61850:61876 [0] NCCL INFO Channel 00/0 : 56[7000] -> 60[7000] [receive] via NET/AWS Libfabric/3
x3003c0s7b0n0:15613:15638 [0] NCCL INFO Channel 02 : 100[7000] -> 101[46000] via P2P/IPC/read
x3002c0s25b0n0:37471:37497 [0] NCCL INFO Connected all rings
x3002c0s25b0n0:37471:37497 [0] NCCL INFO Channel 00 : 24[7000] -> 25[46000] via P2P/IPC/read
x3002c0s25b0n0:37472:37495 [1] NCCL INFO Connected all rings
x3002c0s25b1n0:49036:49063 [0] NCCL INFO Connected all rings
x3002c0s25b1n0:49036:49063 [0] NCCL INFO Channel 00 : 28[7000] -> 29[46000] via P2P/IPC/read
x3002c0s25b1n0:49037:49062 [1] NCCL INFO Connected all rings
x3003c0s7b0n0:15616:15637 [3] NCCL INFO Channel 03 : 103[c7000] -> 102[85000] via P2P/IPC/read
x3002c0s19b0n0:25019:25041 [3] NCCL INFO Connected all rings
x3002c0s19b0n0:25016:25042 [2] NCCL INFO Connected all rings
x3002c0s37b1n0:59812:59838 [1] NCCL INFO Channel 00 : 45[46000] -> 46[85000] via P2P/IPC/read
x3002c0s37b1n0:59812:59838 [1] NCCL INFO Channel 01 : 45[46000] -> 46[85000] via P2P/IPC/read
x3002c0s37b1n0:59812:59838 [1] NCCL INFO Channel 02 : 45[46000] -> 46[85000] via P2P/IPC/read
x3002c0s37b1n0:59812:59838 [1] NCCL INFO Channel 03 : 45[46000] -> 46[85000] via P2P/IPC/read
x3003c0s13b1n0:61853:61874 [3] NCCL INFO Connected all rings
x3003c0s13b1n0:61852:61875 [2] NCCL INFO Connected all rings
x3003c0s7b0n0:15615:15639 [2] NCCL INFO Connected all rings
x3003c0s7b0n0:15616:15637 [3] NCCL INFO Connected all rings
x3003c0s37b1n0:48060:48085 [2] NCCL INFO Channel 01 : 98[85000] -> 97[46000] via P2P/IPC/read
x3003c0s37b1n0:48058:48086 [0] NCCL INFO Connected all rings
x3003c0s37b1n0:48058:48086 [0] NCCL INFO Channel 00 : 96[7000] -> 97[46000] via P2P/IPC/read
x3003c0s37b1n0:48058:48086 [0] NCCL INFO Channel 01 : 96[7000] -> 97[46000] via P2P/IPC/read
x3003c0s37b1n0:48058:48086 [0] NCCL INFO Channel 02 : 96[7000] -> 97[46000] via P2P/IPC/read
x3003c0s37b1n0:48058:48086 [0] NCCL INFO Channel 03 : 96[7000] -> 97[46000] via P2P/IPC/read
x3003c0s37b1n0:48060:48085 [2] NCCL INFO Channel 03 : 98[85000] -> 97[46000] via P2P/IPC/read
x3003c0s1b1n0:23171:23196 [0] NCCL INFO Channel 01 : 72[7000] -> 73[46000] via P2P/IPC/read
x3002c0s1b1n0:16189:16215 [1] NCCL INFO Channel 02/0 : 21[46000] -> 24[7000] [send] via NET/AWS Libfabric/3
x3002c0s13b1n0:17939:17966 [0] NCCL INFO Channel 02/0 : 0[7000] -> 4[7000] [receive] via NET/AWS Libfabric/3
x3003c0s37b1n0:48061:48083 [3] NCCL INFO Connected all rings
x3003c0s1b0n0:46927:46953 [2] NCCL INFO Connected all rings
x3003c0s1b0n0:46926:46951 [1] NCCL INFO Connected all rings
x3003c0s1b1n0:23171:23196 [0] NCCL INFO Channel 02 : 72[7000] -> 73[46000] via P2P/IPC/read
x3003c0s1b1n0:23171:23196 [0] NCCL INFO Channel 03 : 72[7000] -> 73[46000] via P2P/IPC/read
x3003c0s37b0n0:4644:4673 [0] NCCL INFO Channel 02 : 92[7000] -> 93[46000] via P2P/IPC/read
x3003c0s25b1n0:52825:52847 [3] NCCL INFO Channel 02 : 83[c7000] -> 82[85000] via P2P/IPC/read
x3003c0s37b1n0:48059:48084 [1] NCCL INFO Connected all rings
x3003c0s37b1n0:48060:48085 [2] NCCL INFO Connected all rings
x3004c0s13b1n0:21747:21771 [2] NCCL INFO Channel 01/0 : 107[c7000] -> 114[85000] [receive] via NET/AWS Libfabric/1
x3004c0s19b1n0:44213:44240 [0] NCCL INFO Channel 02 : 120[7000] -> 121[46000] via P2P/IPC/read
x3002c0s13b1n0:17942:17965 [3] NCCL INFO Channel 03 : 7[c7000] -> 6[85000] via P2P/IPC/read
x3002c0s7b0n0:37489:37512 [2] NCCL INFO Connected all rings
x3002c0s7b0n0:37490:37513 [3] NCCL INFO Connected all rings
x3003c0s37b0n0:4646:4672 [1] NCCL INFO Channel 00 : 93[46000] -> 94[85000] via P2P/IPC/read
x3002c0s25b1n0:49038:49060 [2] NCCL INFO Channel 00 : 30[85000] -> 31[c7000] via P2P/IPC/read
x3002c0s25b1n0:49038:49060 [2] NCCL INFO Channel 01 : 30[85000] -> 31[c7000] via P2P/IPC/read
x3002c0s25b1n0:49038:49060 [2] NCCL INFO Channel 02 : 30[85000] -> 31[c7000] via P2P/IPC/read
x3002c0s25b1n0:49038:49060 [2] NCCL INFO Channel 03 : 30[85000] -> 31[c7000] via P2P/IPC/read
x3003c0s31b0n0:34982:35009 [0] NCCL INFO Connected all rings
x3003c0s1b0n0:46925:46952 [0] NCCL INFO Channel 01 : 68[7000] -> 69[46000] via P2P/IPC/read
x3003c0s31b0n0:34982:35009 [0] NCCL INFO Channel 00 : 84[7000] -> 85[46000] via P2P/IPC/read
x3003c0s31b0n0:34983:35007 [1] NCCL INFO Connected all rings
x3002c0s37b1n0:59814:59836 [3] NCCL INFO Channel 03 : 47[c7000] -> 46[85000] via P2P/IPC/read
x3002c0s13b0n0:6693:6719 [0] NCCL INFO Channel 02 : 0[7000] -> 1[46000] via P2P/IPC/read
x3003c0s25b1n0:52822:52846 [0] NCCL INFO Channel 03 : 80[7000] -> 81[46000] via P2P/IPC/read
x3002c0s19b1n0:18957:18984 [0] NCCL INFO Connected all rings
x3002c0s19b1n0:18957:18984 [0] NCCL INFO Channel 00 : 12[7000] -> 13[46000] via P2P/IPC/read
x3002c0s19b1n0:18958:18983 [1] NCCL INFO Connected all rings
x3003c0s13b0n0:6389:6417 [0] NCCL INFO Channel 02 : 56[7000] -> 57[46000] via P2P/IPC/read
x3002c0s1b0n0:54297:54325 [0] NCCL INFO Connected all rings
x3002c0s1b0n0:54297:54325 [0] NCCL INFO Channel 00 : 16[7000] -> 17[46000] via P2P/IPC/read
x3002c0s1b0n0:54298:54323 [1] NCCL INFO Connected all rings
x3002c0s31b1n0:32993:33016 [2] NCCL INFO Channel 00 : 38[85000] -> 39[c7000] via P2P/IPC/read
x3002c0s31b1n0:32993:33016 [2] NCCL INFO Channel 01 : 38[85000] -> 39[c7000] via P2P/IPC/read
x3002c0s31b1n0:32993:33016 [2] NCCL INFO Channel 02 : 38[85000] -> 39[c7000] via P2P/IPC/read
x3002c0s31b1n0:32993:33016 [2] NCCL INFO Channel 03 : 38[85000] -> 39[c7000] via P2P/IPC/read
x3002c0s1b1n0:16190:16214 [2] NCCL INFO Channel 03/0 : 22[85000] -> 27[c7000] [send] via NET/AWS Libfabric/1
x3002c0s37b0n0:65319:65345 [0] NCCL INFO Channel 01 : 40[7000] -> 41[46000] via P2P/IPC/read
x3002c0s13b0n0:6694:6721 [1] NCCL INFO Channel 00 : 1[46000] -> 2[85000] via P2P/IPC/read
x3002c0s13b0n0:6694:6721 [1] NCCL INFO Channel 01 : 1[46000] -> 2[85000] via P2P/IPC/read
x3002c0s13b0n0:6694:6721 [1] NCCL INFO Channel 02 : 1[46000] -> 2[85000] via P2P/IPC/read
x3002c0s13b0n0:6694:6721 [1] NCCL INFO Channel 03 : 1[46000] -> 2[85000] via P2P/IPC/read
x3004c0s19b0n0:4571:4595 [1] NCCL INFO Channel 00 : 117[46000] -> 118[85000] via P2P/IPC/read
x3004c0s19b0n0:4571:4595 [1] NCCL INFO Channel 01 : 117[46000] -> 118[85000] via P2P/IPC/read
x3004c0s19b0n0:4571:4595 [1] NCCL INFO Channel 02 : 117[46000] -> 118[85000] via P2P/IPC/read
x3004c0s19b0n0:4571:4595 [1] NCCL INFO Channel 03 : 117[46000] -> 118[85000] via P2P/IPC/read
x3003c0s7b0n0:15613:15638 [0] NCCL INFO Channel 03 : 100[7000] -> 101[46000] via P2P/IPC/read
x3003c0s13b0n0:6389:6417 [0] NCCL INFO Channel 03 : 56[7000] -> 57[46000] via P2P/IPC/read
x3002c0s13b0n0:6695:6722 [2] NCCL INFO Channel 00 : 2[85000] -> 1[46000] via P2P/IPC/read
x3002c0s25b0n0:37472:37495 [1] NCCL INFO Channel 00 : 25[46000] -> 26[85000] via P2P/IPC/read
x3002c0s25b0n0:37472:37495 [1] NCCL INFO Channel 01 : 25[46000] -> 26[85000] via P2P/IPC/read
x3002c0s25b0n0:37472:37495 [1] NCCL INFO Channel 02 : 25[46000] -> 26[85000] via P2P/IPC/read
x3002c0s25b0n0:37472:37495 [1] NCCL INFO Channel 03 : 25[46000] -> 26[85000] via P2P/IPC/read
x3002c0s19b0n0:25015:25040 [1] NCCL INFO Channel 00 : 9[46000] -> 10[85000] via P2P/IPC/read
x3003c0s31b0n0:34982:35009 [0] NCCL INFO Channel 01 : 84[7000] -> 85[46000] via P2P/IPC/read
x3003c0s37b0n0:4644:4673 [0] NCCL INFO Channel 03 : 92[7000] -> 93[46000] via P2P/IPC/read
x3002c0s37b0n0:65322:65343 [3] NCCL INFO Channel 01/0 : 43[c7000] -> 47[c7000] [send] via NET/AWS Libfabric/1
x3002c0s37b0n0:65319:65345 [0] NCCL INFO Channel 02 : 40[7000] -> 41[46000] via P2P/IPC/read
x3002c0s37b0n0:65319:65345 [0] NCCL INFO Channel 03 : 40[7000] -> 41[46000] via P2P/IPC/read
x3002c0s25b1n0:49037:49062 [1] NCCL INFO Channel 00 : 29[46000] -> 30[85000] via P2P/IPC/read
x3002c0s25b1n0:49037:49062 [1] NCCL INFO Channel 01 : 29[46000] -> 30[85000] via P2P/IPC/read
x3002c0s25b1n0:49037:49062 [1] NCCL INFO Channel 02 : 29[46000] -> 30[85000] via P2P/IPC/read
x3002c0s25b1n0:49037:49062 [1] NCCL INFO Channel 03 : 29[46000] -> 30[85000] via P2P/IPC/read
x3003c0s7b1n0:52620:52645 [0] NCCL INFO Connected all rings
x3003c0s7b1n0:52620:52645 [0] NCCL INFO Channel 00 : 104[7000] -> 105[46000] via P2P/IPC/read
x3002c0s25b0n0:37474:37498 [3] NCCL INFO Channel 01/0 : 27[c7000] -> 31[c7000] [send] via NET/AWS Libfabric/1
x3002c0s13b1n0:17942:17965 [3] NCCL INFO Connected all rings
x3004c0s1b0n0:25196:25223 [0] NCCL INFO Channel 02 : 124[7000] -> 125[46000] via P2P/IPC/read
x3002c0s13b1n0:17941:17964 [2] NCCL INFO Connected all rings
x3003c0s25b0n0:12707:12731 [3] NCCL INFO Channel 02 : 79[c7000] -> 78[85000] via P2P/IPC/read
x3002c0s37b1n0:59814:59836 [3] NCCL INFO Connected all rings
x3002c0s37b1n0:59813:59835 [2] NCCL INFO Connected all rings
x3003c0s37b0n0:4648:4671 [3] NCCL INFO Channel 03 : 95[c7000] -> 94[85000] via P2P/IPC/read
x3002c0s25b1n0:49036:49063 [0] NCCL INFO Channel 01 : 28[7000] -> 29[46000] via P2P/IPC/read
x3004c0s19b1n0:44213:44240 [0] NCCL INFO Channel 03 : 120[7000] -> 121[46000] via P2P/IPC/read
x3002c0s25b0n0:37471:37497 [0] NCCL INFO Channel 01 : 24[7000] -> 25[46000] via P2P/IPC/read
x3002c0s19b1n0:18960:18982 [3] NCCL INFO Connected all rings
x3002c0s19b1n0:18959:18981 [2] NCCL INFO Connected all rings
x3002c0s13b0n0:6693:6719 [0] NCCL INFO Channel 03 : 0[7000] -> 1[46000] via P2P/IPC/read
x3002c0s1b1n0:16191:16213 [3] NCCL INFO Channel 01/0 : 23[c7000] -> 26[85000] [send] via NET/AWS Libfabric/1
x3002c0s13b0n0:6696:6720 [3] NCCL INFO Channel 03/0 : 3[c7000] -> 7[c7000] [send] via NET/AWS Libfabric/1
x3003c0s25b1n0:52825:52847 [3] NCCL INFO Channel 03 : 83[c7000] -> 82[85000] via P2P/IPC/read
x3002c0s19b0n0:25016:25042 [2] NCCL INFO Channel 00 : 10[85000] -> 11[c7000] via P2P/IPC/read
x3002c0s19b0n0:25016:25042 [2] NCCL INFO Channel 01 : 10[85000] -> 11[c7000] via P2P/IPC/read
x3002c0s19b0n0:25016:25042 [2] NCCL INFO Channel 02 : 10[85000] -> 11[c7000] via P2P/IPC/read
x3002c0s19b0n0:25016:25042 [2] NCCL INFO Channel 03 : 10[85000] -> 11[c7000] via P2P/IPC/read
x3002c0s1b0n0:54297:54325 [0] NCCL INFO Channel 01 : 16[7000] -> 17[46000] via P2P/IPC/read
x3003c0s13b1n0:61852:61875 [2] NCCL INFO Channel 00 : 62[85000] -> 63[c7000] via P2P/IPC/read
x3003c0s13b1n0:61852:61875 [2] NCCL INFO Channel 01 : 62[85000] -> 63[c7000] via P2P/IPC/read
x3003c0s13b1n0:61852:61875 [2] NCCL INFO Channel 02 : 62[85000] -> 63[c7000] via P2P/IPC/read
x3003c0s13b1n0:61852:61875 [2] NCCL INFO Channel 03 : 62[85000] -> 63[c7000] via P2P/IPC/read
x3004c0s13b1n0:21746:21770 [1] NCCL INFO Channel 00/0 : 104[7000] -> 113[46000] [receive] via NET/AWS Libfabric/3
x3003c0s37b0n0:4648:4671 [3] NCCL INFO Connected all rings
x3003c0s37b0n0:4647:4674 [2] NCCL INFO Connected all rings
x3003c0s31b1n0:2110:2133 [3] NCCL INFO Channel 01/0 : 91[c7000] -> 95[c7000] [send] via NET/AWS Libfabric/1
x3003c0s7b1n0:52621:52646 [1] NCCL INFO Connected all rings
x3002c0s13b0n0:6695:6722 [2] NCCL INFO Channel 02 : 2[85000] -> 1[46000] via P2P/IPC/read
x3002c0s31b1n0:32992:33015 [1] NCCL INFO Channel 00 : 37[46000] -> 38[85000] via P2P/IPC/read
x3004c0s1b0n0:25196:25223 [0] NCCL INFO Channel 03 : 124[7000] -> 125[46000] via P2P/IPC/read
x3002c0s31b1n0:32992:33015 [1] NCCL INFO Channel 01 : 37[46000] -> 38[85000] via P2P/IPC/read
x3004c0s1b0n0:25198:25220 [2] NCCL INFO Channel 00 : 126[85000] -> 127[c7000] via P2P/IPC/read
x3002c0s31b1n0:32992:33015 [1] NCCL INFO Channel 02 : 37[46000] -> 38[85000] via P2P/IPC/read
x3002c0s31b1n0:32992:33015 [1] NCCL INFO Channel 03 : 37[46000] -> 38[85000] via P2P/IPC/read
x3003c0s1b0n0:46925:46952 [0] NCCL INFO Channel 02 : 68[7000] -> 69[46000] via P2P/IPC/read
x3004c0s19b0n0:4572:4594 [2] NCCL INFO Channel 03/0 : 118[85000] -> 123[c7000] [send] via NET/AWS Libfabric/1
x3003c0s25b0n0:12704:12728 [0] NCCL INFO Connected all rings
x3003c0s25b0n0:12704:12728 [0] NCCL INFO Channel 00 : 76[7000] -> 77[46000] via P2P/IPC/read
x3003c0s25b0n0:12705:12730 [1] NCCL INFO Connected all rings
x3002c0s1b1n0:16188:16216 [0] NCCL INFO Channel 02/0 : 16[7000] -> 20[7000] [receive] via NET/AWS Libfabric/3
x3002c0s1b0n0:54299:54324 [2] NCCL INFO Channel 00 : 18[85000] -> 19[c7000] via P2P/IPC/read
x3002c0s25b1n0:49036:49063 [0] NCCL INFO Channel 02 : 28[7000] -> 29[46000] via P2P/IPC/read
x3003c0s7b0n0:15615:15639 [2] NCCL INFO Channel 00 : 102[85000] -> 103[c7000] via P2P/IPC/read
x3003c0s7b0n0:15615:15639 [2] NCCL INFO Channel 01 : 102[85000] -> 103[c7000] via P2P/IPC/read
x3003c0s7b0n0:15615:15639 [2] NCCL INFO Channel 02 : 102[85000] -> 103[c7000] via P2P/IPC/read
x3003c0s7b0n0:15615:15639 [2] NCCL INFO Channel 03 : 102[85000] -> 103[c7000] via P2P/IPC/read
x3003c0s25b0n0:12707:12731 [3] NCCL INFO Channel 03 : 79[c7000] -> 78[85000] via P2P/IPC/read
x3003c0s31b0n0:34982:35009 [0] NCCL INFO Channel 02 : 84[7000] -> 85[46000] via P2P/IPC/read
x3003c0s31b0n0:34982:35009 [0] NCCL INFO Channel 03 : 84[7000] -> 85[46000] via P2P/IPC/read
x3003c0s37b0n0:4646:4672 [1] NCCL INFO Channel 01 : 93[46000] -> 94[85000] via P2P/IPC/read
x3003c0s13b0n0:6391:6416 [2] NCCL INFO Channel 00 : 58[85000] -> 59[c7000] via P2P/IPC/read
x3003c0s13b0n0:6391:6416 [2] NCCL INFO Channel 01 : 58[85000] -> 59[c7000] via P2P/IPC/read
x3003c0s13b0n0:6391:6416 [2] NCCL INFO Channel 02 : 58[85000] -> 59[c7000] via P2P/IPC/read
x3003c0s13b0n0:6391:6416 [2] NCCL INFO Channel 03 : 58[85000] -> 59[c7000] via P2P/IPC/read
x3002c0s19b1n0:18957:18984 [0] NCCL INFO Channel 01 : 12[7000] -> 13[46000] via P2P/IPC/read
x3003c0s19b0n0:52299:52323 [0] NCCL INFO Channel 02/0 : 64[7000] -> 68[7000] [send] via NET/AWS Libfabric/3
x3003c0s7b1n0:52620:52645 [0] NCCL INFO Channel 01 : 104[7000] -> 105[46000] via P2P/IPC/read
x3003c0s7b1n0:52620:52645 [0] NCCL INFO Channel 02 : 104[7000] -> 105[46000] via P2P/IPC/read
x3003c0s7b1n0:52620:52645 [0] NCCL INFO Channel 03 : 104[7000] -> 105[46000] via P2P/IPC/read
x3002c0s37b1n0:59811:59837 [0] NCCL INFO Channel 00/0 : 40[7000] -> 44[7000] [receive] via NET/AWS Libfabric/3
x3003c0s25b1n0:52825:52847 [3] NCCL INFO Connected all rings
x3004c0s19b1n0:44216:44237 [3] NCCL INFO Channel 01/0 : 123[c7000] -> 127[c7000] [send] via NET/AWS Libfabric/1
x3002c0s25b0n0:37471:37497 [0] NCCL INFO Channel 02 : 24[7000] -> 25[46000] via P2P/IPC/read
x3003c0s13b1n0:61852:61875 [2] NCCL INFO Channel 03/0 : 62[85000] -> 95[c7000] [send] via NET/AWS Libfabric/1
x3004c0s13b1n0:21748:21772 [3] NCCL INFO Channel 03/0 : 115[c7000] -> 119[c7000] [send] via NET/AWS Libfabric/1
x3003c0s25b1n0:52824:52848 [2] NCCL INFO Connected all rings
x3002c0s25b0n0:37473:37496 [2] NCCL INFO Channel 01/0 : 23[c7000] -> 26[85000] [receive] via NET/AWS Libfabric/1
x3004c0s1b0n0:25197:25221 [1] NCCL INFO Channel 00 : 125[46000] -> 126[85000] via P2P/IPC/read
x3002c0s7b0n0:37488:37511 [1] NCCL INFO Channel 00 : 49[46000] -> 50[85000] via P2P/IPC/read
x3003c0s13b1n0:61851:61873 [1] NCCL INFO Channel 02/0 : 61[46000] -> 92[7000] [send] via NET/AWS Libfabric/3
x3002c0s31b0n0:1132:1158 [0] NCCL INFO Connected all rings
x3002c0s31b0n0:1132:1158 [0] NCCL INFO Channel 00 : 32[7000] -> 33[46000] via P2P/IPC/read
x3002c0s19b0n0:25015:25040 [1] NCCL INFO Channel 01 : 9[46000] -> 10[85000] via P2P/IPC/read
x3003c0s1b0n0:46925:46952 [0] NCCL INFO Channel 03 : 68[7000] -> 69[46000] via P2P/IPC/read
x3003c0s37b0n0:4647:4674 [2] NCCL INFO Channel 00 : 94[85000] -> 95[c7000] via P2P/IPC/read
x3003c0s37b0n0:4647:4674 [2] NCCL INFO Channel 01 : 94[85000] -> 95[c7000] via P2P/IPC/read
x3003c0s37b0n0:4647:4674 [2] NCCL INFO Channel 02 : 94[85000] -> 95[c7000] via P2P/IPC/read
x3003c0s37b0n0:4647:4674 [2] NCCL INFO Channel 03 : 94[85000] -> 95[c7000] via P2P/IPC/read
x3004c0s19b0n0:4571:4595 [1] NCCL INFO Channel 02/0 : 117[46000] -> 120[7000] [send] via NET/AWS Libfabric/3
x3003c0s19b0n0:52301:52325 [2] NCCL INFO Channel 00 : 66[85000] -> 67[c7000] via P2P/IPC/read
x3003c0s19b0n0:52301:52325 [2] NCCL INFO Channel 01 : 66[85000] -> 67[c7000] via P2P/IPC/read
x3002c0s1b0n0:54297:54325 [0] NCCL INFO Channel 02 : 16[7000] -> 17[46000] via P2P/IPC/read
x3002c0s31b0n0:1133:1159 [1] NCCL INFO Connected all rings
x3002c0s1b0n0:54298:54323 [1] NCCL INFO Channel 00 : 17[46000] -> 18[85000] via P2P/IPC/read
x3002c0s1b0n0:54298:54323 [1] NCCL INFO Channel 01 : 17[46000] -> 18[85000] via P2P/IPC/read
x3002c0s1b0n0:54298:54323 [1] NCCL INFO Channel 02 : 17[46000] -> 18[85000] via P2P/IPC/read
x3002c0s1b0n0:54298:54323 [1] NCCL INFO Channel 03 : 17[46000] -> 18[85000] via P2P/IPC/read
x3002c0s1b0n0:54299:54324 [2] NCCL INFO Channel 01 : 18[85000] -> 19[c7000] via P2P/IPC/read
x3003c0s13b0n0:6390:6414 [1] NCCL INFO Channel 00 : 57[46000] -> 58[85000] via P2P/IPC/read
x3002c0s19b1n0:18957:18984 [0] NCCL INFO Channel 02 : 12[7000] -> 13[46000] via P2P/IPC/read
x3002c0s31b1n0:32993:33016 [2] NCCL INFO Channel 03/0 : 38[85000] -> 43[c7000] [send] via NET/AWS Libfabric/1
x3003c0s25b0n0:12704:12728 [0] NCCL INFO Channel 01 : 76[7000] -> 77[46000] via P2P/IPC/read
x3003c0s25b0n0:12706:12729 [2] NCCL INFO Connected all rings
x3002c0s13b1n0:17941:17964 [2] NCCL INFO Channel 00 : 6[85000] -> 7[c7000] via P2P/IPC/read
x3002c0s13b1n0:17941:17964 [2] NCCL INFO Channel 01 : 6[85000] -> 7[c7000] via P2P/IPC/read
x3003c0s25b0n0:12707:12731 [3] NCCL INFO Connected all rings
x3002c0s13b1n0:17941:17964 [2] NCCL INFO Channel 02 : 6[85000] -> 7[c7000] via P2P/IPC/read
x3002c0s13b1n0:17941:17964 [2] NCCL INFO Channel 03 : 6[85000] -> 7[c7000] via P2P/IPC/read
x3003c0s7b0n0:15614:15640 [1] NCCL INFO Channel 02/0 : 101[46000] -> 104[7000] [send] via NET/AWS Libfabric/3
x3003c0s19b0n0:52301:52325 [2] NCCL INFO Channel 02 : 66[85000] -> 67[c7000] via P2P/IPC/read
x3003c0s1b1n0:23172:23198 [1] NCCL INFO Channel 00 : 73[46000] -> 74[85000] via P2P/IPC/read
x3002c0s25b0n0:37471:37497 [0] NCCL INFO Channel 03 : 24[7000] -> 25[46000] via P2P/IPC/read
x3002c0s25b1n0:49036:49063 [0] NCCL INFO Channel 03 : 28[7000] -> 29[46000] via P2P/IPC/read
x3004c0s1b0n0:25198:25220 [2] NCCL INFO Channel 01 : 126[85000] -> 127[c7000] via P2P/IPC/read
x3003c0s1b0n0:46927:46953 [2] NCCL INFO Channel 00 : 70[85000] -> 71[c7000] via P2P/IPC/read
x3003c0s1b0n0:46927:46953 [2] NCCL INFO Channel 01 : 70[85000] -> 71[c7000] via P2P/IPC/read
x3003c0s1b0n0:46927:46953 [2] NCCL INFO Channel 02 : 70[85000] -> 71[c7000] via P2P/IPC/read
x3003c0s1b0n0:46927:46953 [2] NCCL INFO Channel 03 : 70[85000] -> 71[c7000] via P2P/IPC/read
x3003c0s37b0n0:4646:4672 [1] NCCL INFO Channel 02 : 93[46000] -> 94[85000] via P2P/IPC/read
x3002c0s31b0n0:1134:1156 [2] NCCL INFO Channel 00 : 34[85000] -> 35[c7000] via P2P/IPC/read
x3004c0s13b0n0:63429:63452 [1] NCCL INFO Channel 00 : 109[46000] -> 110[85000] via P2P/IPC/read
x3004c0s19b0n0:4570:4597 [0] NCCL INFO Channel 02/0 : 112[7000] -> 116[7000] [receive] via NET/AWS Libfabric/3
x3003c0s13b0n0:6392:6415 [3] NCCL INFO Channel 01/0 : 59[c7000] -> 63[c7000] [send] via NET/AWS Libfabric/1
x3002c0s1b0n0:54299:54324 [2] NCCL INFO Channel 02 : 18[85000] -> 19[c7000] via P2P/IPC/read
x3003c0s37b1n0:48059:48084 [1] NCCL INFO Channel 00 : 97[46000] -> 98[85000] via P2P/IPC/read
x3003c0s37b1n0:48059:48084 [1] NCCL INFO Channel 01 : 97[46000] -> 98[85000] via P2P/IPC/read
x3003c0s37b1n0:48059:48084 [1] NCCL INFO Channel 02 : 97[46000] -> 98[85000] via P2P/IPC/read
x3003c0s37b1n0:48059:48084 [1] NCCL INFO Channel 03 : 97[46000] -> 98[85000] via P2P/IPC/read
x3002c0s7b0n0:37488:37511 [1] NCCL INFO Channel 01 : 49[46000] -> 50[85000] via P2P/IPC/read
x3003c0s7b0n0:15613:15638 [0] NCCL INFO Channel 02/0 : 96[7000] -> 100[7000] [receive] via NET/AWS Libfabric/3
x3002c0s31b0n0:1132:1158 [0] NCCL INFO Channel 01 : 32[7000] -> 33[46000] via P2P/IPC/read
x3003c0s37b1n0:48060:48085 [2] NCCL INFO Channel 00 : 98[85000] -> 99[c7000] via P2P/IPC/read
x3003c0s37b1n0:48060:48085 [2] NCCL INFO Channel 01 : 98[85000] -> 99[c7000] via P2P/IPC/read
x3003c0s37b1n0:48060:48085 [2] NCCL INFO Channel 02 : 98[85000] -> 99[c7000] via P2P/IPC/read
x3003c0s37b1n0:48060:48085 [2] NCCL INFO Channel 03 : 98[85000] -> 99[c7000] via P2P/IPC/read
x3002c0s25b1n0:49038:49060 [2] NCCL INFO Channel 03/0 : 30[85000] -> 47[c7000] [send] via NET/AWS Libfabric/1
x3002c0s31b1n0:32992:33015 [1] NCCL INFO Channel 02/0 : 37[46000] -> 40[7000] [send] via NET/AWS Libfabric/3
x3004c0s13b0n0:63430:63454 [2] NCCL INFO Channel 00 : 110[85000] -> 111[c7000] via P2P/IPC/read
x3003c0s25b1n0:52822:52846 [0] NCCL INFO Channel 02/0 : 80[7000] -> 84[7000] [send] via NET/AWS Libfabric/3
x3002c0s31b1n0:32994:33017 [3] NCCL INFO Channel 01/0 : 39[c7000] -> 42[85000] [send] via NET/AWS Libfabric/1
x3002c0s7b0n0:37489:37512 [2] NCCL INFO Channel 00 : 50[85000] -> 51[c7000] via P2P/IPC/read
x3002c0s7b0n0:37489:37512 [2] NCCL INFO Channel 01 : 50[85000] -> 51[c7000] via P2P/IPC/read
x3002c0s7b0n0:37489:37512 [2] NCCL INFO Channel 02 : 50[85000] -> 51[c7000] via P2P/IPC/read
x3002c0s7b0n0:37489:37512 [2] NCCL INFO Channel 03 : 50[85000] -> 51[c7000] via P2P/IPC/read
x3002c0s31b1n0:32991:33018 [0] NCCL INFO Channel 02/0 : 32[7000] -> 36[7000] [receive] via NET/AWS Libfabric/3
x3002c0s1b1n0:16191:16213 [3] NCCL INFO Channel 03/0 : 19[c7000] -> 23[c7000] [receive] via NET/AWS Libfabric/1
x3002c0s37b0n0:65320:65344 [1] NCCL INFO Channel 00 : 41[46000] -> 42[85000] via P2P/IPC/read
x3004c0s19b1n0:44214:44238 [1] NCCL INFO Channel 00 : 121[46000] -> 122[85000] via P2P/IPC/read
x3004c0s19b1n0:44214:44238 [1] NCCL INFO Channel 01 : 121[46000] -> 122[85000] via P2P/IPC/read
x3004c0s19b1n0:44214:44238 [1] NCCL INFO Channel 02 : 121[46000] -> 122[85000] via P2P/IPC/read
x3004c0s19b1n0:44214:44238 [1] NCCL INFO Channel 03 : 121[46000] -> 122[85000] via P2P/IPC/read
x3002c0s19b0n0:25015:25040 [1] NCCL INFO Channel 02 : 9[46000] -> 10[85000] via P2P/IPC/read
x3004c0s1b0n0:25197:25221 [1] NCCL INFO Channel 01 : 125[46000] -> 126[85000] via P2P/IPC/read
x3003c0s31b0n0:34983:35007 [1] NCCL INFO Channel 00 : 85[46000] -> 86[85000] via P2P/IPC/read
x3003c0s13b0n0:6390:6414 [1] NCCL INFO Channel 01 : 57[46000] -> 58[85000] via P2P/IPC/read
x3003c0s31b0n0:34983:35007 [1] NCCL INFO Channel 01 : 85[46000] -> 86[85000] via P2P/IPC/read
x3003c0s31b0n0:34983:35007 [1] NCCL INFO Channel 02 : 85[46000] -> 86[85000] via P2P/IPC/read
x3003c0s31b0n0:34983:35007 [1] NCCL INFO Channel 03 : 85[46000] -> 86[85000] via P2P/IPC/read
x3004c0s1b0n0:25198:25220 [2] NCCL INFO Channel 02 : 126[85000] -> 127[c7000] via P2P/IPC/read
x3004c0s1b0n0:25198:25220 [2] NCCL INFO Channel 03 : 126[85000] -> 127[c7000] via P2P/IPC/read
x3003c0s25b0n0:12704:12728 [0] NCCL INFO Channel 02 : 76[7000] -> 77[46000] via P2P/IPC/read
x3004c0s13b0n0:63429:63452 [1] NCCL INFO Channel 01 : 109[46000] -> 110[85000] via P2P/IPC/read
x3002c0s37b0n0:65320:65344 [1] NCCL INFO Channel 01 : 41[46000] -> 42[85000] via P2P/IPC/read
x3002c0s37b0n0:65320:65344 [1] NCCL INFO Channel 02 : 41[46000] -> 42[85000] via P2P/IPC/read
x3003c0s7b0n0:15615:15639 [2] NCCL INFO Channel 03/0 : 102[85000] -> 107[c7000] [send] via NET/AWS Libfabric/1
x3002c0s37b0n0:65320:65344 [1] NCCL INFO Channel 03 : 41[46000] -> 42[85000] via P2P/IPC/read
x3002c0s7b1n0:48587:48610 [0] NCCL INFO Channel 02/0 : 48[7000] -> 52[7000] [receive] via NET/AWS Libfabric/3
x3003c0s19b0n0:52301:52325 [2] NCCL INFO Channel 03 : 66[85000] -> 67[c7000] via P2P/IPC/read
x3003c0s7b1n0:52622:52644 [2] NCCL INFO Channel 00 : 106[85000] -> 107[c7000] via P2P/IPC/read
x3002c0s13b1n0:17940:17963 [1] NCCL INFO Channel 02/0 : 5[46000] -> 8[7000] [send] via NET/AWS Libfabric/3
x3003c0s25b0n0:12704:12728 [0] NCCL INFO Channel 03 : 76[7000] -> 77[46000] via P2P/IPC/read
x3002c0s31b0n0:1134:1156 [2] NCCL INFO Channel 01 : 34[85000] -> 35[c7000] via P2P/IPC/read
x3003c0s13b1n0:61853:61874 [3] NCCL INFO Channel 01/0 : 59[c7000] -> 63[c7000] [receive] via NET/AWS Libfabric/1
x3002c0s13b0n0:6693:6719 [0] NCCL INFO Channel 02/0 : 0[7000] -> 4[7000] [send] via NET/AWS Libfabric/3
x3003c0s1b1n0:23172:23198 [1] NCCL INFO Channel 01 : 73[46000] -> 74[85000] via P2P/IPC/read
x3003c0s1b1n0:23172:23198 [1] NCCL INFO Channel 02 : 73[46000] -> 74[85000] via P2P/IPC/read
x3003c0s1b1n0:23172:23198 [1] NCCL INFO Channel 03 : 73[46000] -> 74[85000] via P2P/IPC/read
x3002c0s1b0n0:54297:54325 [0] NCCL INFO Channel 03 : 16[7000] -> 17[46000] via P2P/IPC/read
x3003c0s31b1n0:2108:2134 [1] NCCL INFO Channel 00 : 89[46000] -> 90[85000] via P2P/IPC/read
x3003c0s37b1n0:48058:48086 [0] NCCL INFO Channel 02/0 : 96[7000] -> 100[7000] [send] via NET/AWS Libfabric/3
x3003c0s37b0n0:4648:4671 [3] NCCL INFO Channel 01/0 : 91[c7000] -> 95[c7000] [receive] via NET/AWS Libfabric/1
x3002c0s7b0n0:37488:37511 [1] NCCL INFO Channel 02 : 49[46000] -> 50[85000] via P2P/IPC/read
x3002c0s19b1n0:18957:18984 [0] NCCL INFO Channel 03 : 12[7000] -> 13[46000] via P2P/IPC/read
x3002c0s19b0n0:25015:25040 [1] NCCL INFO Channel 03 : 9[46000] -> 10[85000] via P2P/IPC/read
x3002c0s31b0n0:1132:1158 [0] NCCL INFO Channel 02 : 32[7000] -> 33[46000] via P2P/IPC/read
x3003c0s37b0n0:4646:4672 [1] NCCL INFO Channel 03 : 93[46000] -> 94[85000] via P2P/IPC/read
x3004c0s13b0n0:63430:63454 [2] NCCL INFO Channel 01 : 110[85000] -> 111[c7000] via P2P/IPC/read
x3002c0s13b1n0:17941:17964 [2] NCCL INFO Channel 03/0 : 6[85000] -> 11[c7000] [send] via NET/AWS Libfabric/1
x3002c0s13b0n0:6694:6721 [1] NCCL INFO Connected all trees
x3002c0s13b0n0:6694:6721 [1] NCCL INFO MSCCL: Parsing algorithm /home/yuke/ncclPG/CCL-LYD/msccl_tools_lyd/examples/xml/xml_lyd/ring/allreduce_ring_node32_gpu128_mcl2_mck2_gan0.xml
x3002c0s13b0n0:6695:6722 [2] NCCL INFO Connected all trees
x3002c0s13b0n0:6695:6722 [2] NCCL INFO MSCCL: Parsing algorithm /home/yuke/ncclPG/CCL-LYD/msccl_tools_lyd/examples/xml/xml_lyd/ring/allreduce_ring_node32_gpu128_mcl2_mck2_gan0.xml
x3002c0s7b0n0:37490:37513 [3] NCCL INFO Channel 03/0 : 51[c7000] -> 55[c7000] [send] via NET/AWS Libfabric/1
x3002c0s25b0n0:37472:37495 [1] NCCL INFO Channel 00/0 : 20[7000] -> 25[46000] [receive] via NET/AWS Libfabric/3
x3004c0s13b0n0:63430:63454 [2] NCCL INFO Channel 02 : 110[85000] -> 111[c7000] via P2P/IPC/read
x3004c0s13b0n0:63430:63454 [2] NCCL INFO Channel 03 : 110[85000] -> 111[c7000] via P2P/IPC/read
x3002c0s25b1n0:49039:49061 [3] NCCL INFO Channel 01/0 : 27[c7000] -> 31[c7000] [receive] via NET/AWS Libfabric/1
x3003c0s7b1n0:52622:52644 [2] NCCL INFO Channel 01 : 106[85000] -> 107[c7000] via P2P/IPC/read
x3004c0s1b0n0:25197:25221 [1] NCCL INFO Channel 02 : 125[46000] -> 126[85000] via P2P/IPC/read
x3003c0s7b0n0:15616:15637 [3] NCCL INFO Channel 01/0 : 103[c7000] -> 106[85000] [send] via NET/AWS Libfabric/1
x3003c0s13b0n0:6390:6414 [1] NCCL INFO Channel 02 : 57[46000] -> 58[85000] via P2P/IPC/read
x3002c0s1b0n0:54299:54324 [2] NCCL INFO Channel 03 : 18[85000] -> 19[c7000] via P2P/IPC/read
x3002c0s25b0n0:37473:37496 [2] NCCL INFO Channel 01/0 : 26[85000] -> 23[c7000] [send] via NET/AWS Libfabric/1
x3002c0s31b0n0:1134:1156 [2] NCCL INFO Channel 02 : 34[85000] -> 35[c7000] via P2P/IPC/read
x3003c0s31b0n0:34985:35008 [2] NCCL INFO Channel 03/0 : 86[85000] -> 91[c7000] [send] via NET/AWS Libfabric/1
x3002c0s37b1n0:59813:59835 [2] NCCL INFO Channel 00 : 46[85000] -> 47[c7000] via P2P/IPC/read
x3002c0s37b1n0:59813:59835 [2] NCCL INFO Channel 01 : 46[85000] -> 47[c7000] via P2P/IPC/read
x3002c0s37b1n0:59813:59835 [2] NCCL INFO Channel 02 : 46[85000] -> 47[c7000] via P2P/IPC/read
x3002c0s37b1n0:59813:59835 [2] NCCL INFO Channel 03 : 46[85000] -> 47[c7000] via P2P/IPC/read
x3002c0s25b1n0:49037:49062 [1] NCCL INFO Channel 02/0 : 29[46000] -> 44[7000] [send] via NET/AWS Libfabric/3
x3003c0s19b0n0:52302:52326 [3] NCCL INFO Channel 03/0 : 67[c7000] -> 71[c7000] [send] via NET/AWS Libfabric/1
x3004c0s19b1n0:44215:44239 [2] NCCL INFO Channel 01/0 : 119[c7000] -> 122[85000] [receive] via NET/AWS Libfabric/1
x3002c0s19b1n0:18958:18983 [1] NCCL INFO Channel 00 : 13[46000] -> 14[85000] via P2P/IPC/read
x3002c0s13b1n0:17942:17965 [3] NCCL INFO Channel 01/0 : 7[c7000] -> 10[85000] [send] via NET/AWS Libfabric/1
x3002c0s19b1n0:18959:18981 [2] NCCL INFO Channel 00 : 14[85000] -> 15[c7000] via P2P/IPC/read
x3002c0s19b1n0:18959:18981 [2] NCCL INFO Channel 01 : 14[85000] -> 15[c7000] via P2P/IPC/read
x3002c0s19b1n0:18959:18981 [2] NCCL INFO Channel 02 : 14[85000] -> 15[c7000] via P2P/IPC/read
x3002c0s19b1n0:18959:18981 [2] NCCL INFO Channel 03 : 14[85000] -> 15[c7000] via P2P/IPC/read
x3002c0s7b1n0:48589:48613 [2] NCCL INFO Channel 00 : 54[85000] -> 55[c7000] via P2P/IPC/read
x3004c0s1b0n0:25199:25222 [3] NCCL INFO Channel 01/0 : 123[c7000] -> 127[c7000] [receive] via NET/AWS Libfabric/1
x3002c0s7b0n0:37488:37511 [1] NCCL INFO Channel 03 : 49[46000] -> 50[85000] via P2P/IPC/read
x3002c0s31b0n0:1133:1159 [1] NCCL INFO Channel 00 : 33[46000] -> 34[85000] via P2P/IPC/read
x3002c0s31b0n0:1133:1159 [1] NCCL INFO Channel 01 : 33[46000] -> 34[85000] via P2P/IPC/read
x3002c0s31b0n0:1133:1159 [1] NCCL INFO Channel 02 : 33[46000] -> 34[85000] via P2P/IPC/read
x3002c0s31b0n0:1133:1159 [1] NCCL INFO Channel 03 : 33[46000] -> 34[85000] via P2P/IPC/read
x3004c0s13b0n0:63429:63452 [1] NCCL INFO Channel 02 : 109[46000] -> 110[85000] via P2P/IPC/read
x3002c0s37b0n0:65321:65346 [2] NCCL INFO Channel 01/0 : 39[c7000] -> 42[85000] [receive] via NET/AWS Libfabric/1
x3003c0s19b0n0:52300:52324 [1] NCCL INFO Channel 00/0 : 32[7000] -> 65[46000] [receive] via NET/AWS Libfabric/3
x3002c0s31b0n0:1132:1158 [0] NCCL INFO Channel 03 : 32[7000] -> 33[46000] via P2P/IPC/read
x3003c0s1b0n0:46926:46951 [1] NCCL INFO Channel 00 : 69[46000] -> 70[85000] via P2P/IPC/read
x3003c0s1b0n0:46928:46954 [3] NCCL INFO Channel 01/0 : 71[c7000] -> 74[85000] [send] via NET/AWS Libfabric/1
x3003c0s37b1n0:48058:48086 [0] NCCL INFO Channel 00/0 : 96[7000] -> 112[7000] [send] via NET/AWS Libfabric/3
x3003c0s1b1n0:23173:23195 [2] NCCL INFO Channel 01/0 : 71[c7000] -> 74[85000] [receive] via NET/AWS Libfabric/1
x3003c0s13b0n0:6392:6415 [3] NCCL INFO Channel 03/0 : 54[85000] -> 59[c7000] [receive] via NET/AWS Libfabric/1
x3003c0s7b1n0:52621:52646 [1] NCCL INFO Channel 00 : 105[46000] -> 106[85000] via P2P/IPC/read
x3003c0s7b1n0:52622:52644 [2] NCCL INFO Channel 02 : 106[85000] -> 107[c7000] via P2P/IPC/read
x3002c0s13b1n0:17939:17966 [0] NCCL INFO Channel 00/0 : 4[7000] -> 9[46000] [send] via NET/AWS Libfabric/3
x3003c0s31b1n0:2108:2134 [1] NCCL INFO Channel 01 : 89[46000] -> 90[85000] via P2P/IPC/read
x3002c0s13b0n0:6693:6719 [0] NCCL INFO Channel 00/0 : 64[7000] -> 0[7000] [receive] via NET/AWS Libfabric/3
x3003c0s37b1n0:48061:48083 [3] NCCL INFO Channel 03/0 : 99[c7000] -> 103[c7000] [send] via NET/AWS Libfabric/1
x3004c0s19b1n0:44213:44240 [0] NCCL INFO Channel 02/0 : 117[46000] -> 120[7000] [receive] via NET/AWS Libfabric/3
x3003c0s31b0n0:34982:35009 [0] NCCL INFO Channel 02/0 : 80[7000] -> 84[7000] [receive] via NET/AWS Libfabric/3
x3003c0s7b0n0:15613:15638 [0] NCCL INFO Channel 00/0 : 100[7000] -> 105[46000] [send] via NET/AWS Libfabric/3
x3004c0s19b1n0:44214:44238 [1] NCCL INFO Channel 00/0 : 116[7000] -> 121[46000] [receive] via NET/AWS Libfabric/3
x3004c0s13b0n0:63431:63453 [3] NCCL INFO Channel 01/0 : 107[c7000] -> 111[c7000] [receive] via NET/AWS Libfabric/1
x3002c0s37b0n0:65320:65344 [1] NCCL INFO Channel 00/0 : 36[7000] -> 41[46000] [receive] via NET/AWS Libfabric/3
x3002c0s19b1n0:18960:18982 [3] NCCL INFO Channel 01/0 : 11[c7000] -> 15[c7000] [receive] via NET/AWS Libfabric/1
x3003c0s31b0n0:34983:35007 [1] NCCL INFO Channel 02/0 : 85[46000] -> 88[7000] [send] via NET/AWS Libfabric/3
x3002c0s37b1n0:59814:59836 [3] NCCL INFO Channel 01/0 : 43[c7000] -> 47[c7000] [receive] via NET/AWS Libfabric/1
x3002c0s25b0n0:37471:37497 [0] NCCL INFO Channel 02/0 : 21[46000] -> 24[7000] [receive] via NET/AWS Libfabric/3
x3003c0s37b1n0:48059:48084 [1] NCCL INFO Channel 00/0 : 80[7000] -> 97[46000] [receive] via NET/AWS Libfabric/3
x3004c0s13b1n0:21745:21769 [0] NCCL INFO Channel 00/0 : 112[7000] -> 120[7000] [send] via NET/AWS Libfabric/3
x3004c0s19b0n0:4570:4597 [0] NCCL INFO Channel 00/0 : 116[7000] -> 121[46000] [send] via NET/AWS Libfabric/3
x3004c0s1b0n0:25197:25221 [1] NCCL INFO Channel 03 : 125[46000] -> 126[85000] via P2P/IPC/read
x3002c0s37b1n0:59812:59838 [1] NCCL INFO Channel 02/0 : 45[46000] -> 52[7000] [send] via NET/AWS Libfabric/3
x3002c0s31b0n0:1134:1156 [2] NCCL INFO Channel 03 : 34[85000] -> 35[c7000] via P2P/IPC/read
x3003c0s13b0n0:6390:6414 [1] NCCL INFO Channel 03 : 57[46000] -> 58[85000] via P2P/IPC/read
x3003c0s31b1n0:2110:2133 [3] NCCL INFO Channel 03/0 : 86[85000] -> 91[c7000] [receive] via NET/AWS Libfabric/1
x3003c0s25b1n0:52824:52848 [2] NCCL INFO Channel 00 : 82[85000] -> 83[c7000] via P2P/IPC/read
x3003c0s7b1n0:52622:52644 [2] NCCL INFO Channel 03 : 106[85000] -> 107[c7000] via P2P/IPC/read
x3003c0s25b0n0:12705:12730 [1] NCCL INFO Channel 00 : 77[46000] -> 78[85000] via P2P/IPC/read
x3002c0s7b1n0:48589:48613 [2] NCCL INFO Channel 01 : 54[85000] -> 55[c7000] via P2P/IPC/read
x3002c0s19b1n0:18958:18983 [1] NCCL INFO Channel 01 : 13[46000] -> 14[85000] via P2P/IPC/read
x3003c0s1b0n0:46926:46951 [1] NCCL INFO Channel 01 : 69[46000] -> 70[85000] via P2P/IPC/read
x3003c0s1b1n0:23172:23198 [1] NCCL INFO Channel 00/0 : 68[7000] -> 73[46000] [receive] via NET/AWS Libfabric/3
x3002c0s1b0n0:54300:54322 [3] NCCL INFO Channel 03/0 : 19[c7000] -> 23[c7000] [send] via NET/AWS Libfabric/1
x3002c0s37b0n0:65319:65345 [0] NCCL INFO Channel 02/0 : 37[46000] -> 40[7000] [receive] via NET/AWS Libfabric/3
x3004c0s13b0n0:63429:63452 [1] NCCL INFO Channel 03 : 109[46000] -> 110[85000] via P2P/IPC/read
x3002c0s25b0n0:37474:37498 [3] NCCL INFO Channel 03/0 : 22[85000] -> 27[c7000] [receive] via NET/AWS Libfabric/1
x3002c0s7b1n0:48589:48613 [2] NCCL INFO Channel 02 : 54[85000] -> 55[c7000] via P2P/IPC/read
x3002c0s7b1n0:48589:48613 [2] NCCL INFO Channel 03 : 54[85000] -> 55[c7000] via P2P/IPC/read
x3003c0s13b1n0:61853:61874 [3] NCCL INFO Channel 03/0 : 31[c7000] -> 63[c7000] [receive] via NET/AWS Libfabric/1
x3003c0s31b1n0:2108:2134 [1] NCCL INFO Channel 02 : 89[46000] -> 90[85000] via P2P/IPC/read
x3002c0s1b0n0:54298:54323 [1] NCCL INFO Channel 00/0 : 8[7000] -> 17[46000] [receive] via NET/AWS Libfabric/3
x3002c0s19b0n0:25019:25041 [3] NCCL INFO Channel 01/0 : 11[c7000] -> 15[c7000] [send] via NET/AWS Libfabric/1
x3003c0s7b1n0:52621:52646 [1] NCCL INFO Channel 01 : 105[46000] -> 106[85000] via P2P/IPC/read
x3004c0s19b0n0:4573:4596 [3] NCCL INFO Channel 03/0 : 115[c7000] -> 119[c7000] [receive] via NET/AWS Libfabric/1
x3003c0s19b0n0:52301:52325 [2] NCCL INFO Channel 01/0 : 35[c7000] -> 66[85000] [receive] via NET/AWS Libfabric/1
x3002c0s19b0n0:25014:25043 [0] NCCL INFO Channel 02/0 : 5[46000] -> 8[7000] [receive] via NET/AWS Libfabric/3
x3002c0s37b1n0:59814:59836 [3] NCCL INFO Channel 03/0 : 39[c7000] -> 47[c7000] [receive] via NET/AWS Libfabric/1
x3003c0s37b1n0:48060:48085 [2] NCCL INFO Channel 01/0 : 83[c7000] -> 98[85000] [receive] via NET/AWS Libfabric/1
x3003c0s1b1n0:23171:23196 [0] NCCL INFO Channel 02/0 : 69[46000] -> 72[7000] [receive] via NET/AWS Libfabric/3
x3002c0s7b0n0:37487:37514 [0] NCCL INFO Channel 02/0 : 48[7000] -> 52[7000] [send] via NET/AWS Libfabric/3
x3002c0s1b1n0:16189:16215 [1] NCCL INFO Channel 02/0 : 24[7000] -> 21[46000] [receive] via NET/AWS Libfabric/3
x3002c0s19b1n0:18958:18983 [1] NCCL INFO Channel 02 : 13[46000] -> 14[85000] via P2P/IPC/read
x3002c0s19b1n0:18958:18983 [1] NCCL INFO Channel 03 : 13[46000] -> 14[85000] via P2P/IPC/read
x3004c0s19b0n0:4571:4595 [1] NCCL INFO Channel 02/0 : 120[7000] -> 117[46000] [receive] via NET/AWS Libfabric/3
x3002c0s37b1n0:59813:59835 [2] NCCL INFO Channel 03/0 : 46[85000] -> 55[c7000] [send] via NET/AWS Libfabric/1
x3003c0s25b1n0:52822:52846 [0] NCCL INFO Channel 00/0 : 80[7000] -> 88[7000] [send] via NET/AWS Libfabric/3
x3003c0s25b1n0:52824:52848 [2] NCCL INFO Channel 01 : 82[85000] -> 83[c7000] via P2P/IPC/read
x3002c0s19b0n0:25016:25042 [2] NCCL INFO Channel 01/0 : 7[c7000] -> 10[85000] [receive] via NET/AWS Libfabric/1
x3003c0s1b0n0:46928:46954 [3] NCCL INFO Channel 03/0 : 67[c7000] -> 71[c7000] [receive] via NET/AWS Libfabric/1
x3003c0s37b0n0:4648:4671 [3] NCCL INFO Channel 03/0 : 79[c7000] -> 95[c7000] [receive] via NET/AWS Libfabric/1
x3002c0s1b0n0:54300:54322 [3] NCCL INFO Channel 01/0 : 19[c7000] -> 27[c7000] [send] via NET/AWS Libfabric/1
x3002c0s25b1n0:49039:49061 [3] NCCL INFO Channel 03/0 : 15[c7000] -> 31[c7000] [receive] via NET/AWS Libfabric/1
x3003c0s37b0n0:4647:4674 [2] NCCL INFO Channel 03/0 : 94[85000] -> 111[c7000] [send] via NET/AWS Libfabric/1
x3002c0s31b0n0:1135:1157 [3] NCCL INFO Channel 03/0 : 35[c7000] -> 39[c7000] [send] via NET/AWS Libfabric/1
x3003c0s1b0n0:46926:46951 [1] NCCL INFO Channel 02 : 69[46000] -> 70[85000] via P2P/IPC/read
x3002c0s13b0n0:6693:6719 [0] NCCL INFO Channel 00/0 : 0[7000] -> 64[7000] [send] via NET/AWS Libfabric/3
x3002c0s1b1n0:16191:16213 [3] NCCL INFO Channel 03/0 : 14[85000] -> 23[c7000] [receive] via NET/AWS Libfabric/1
x3004c0s1b0n0:25198:25220 [2] NCCL INFO Channel 00 : 126[85000] -> 125[46000] via P2P/IPC/read
x3002c0s13b0n0:6694:6721 [1] NCCL INFO Parsed MSCCL Algorithm /home/yuke/ncclPG/CCL-LYD/msccl_tools_lyd/examples/xml/xml_lyd/ring/allreduce_ring_node32_gpu128_mcl2_mck2_gan0.xml successfully.
x3002c0s25b1n0:49036:49063 [0] NCCL INFO Channel 00/0 : 24[7000] -> 28[7000] [receive] via NET/AWS Libfabric/3
x3002c0s31b1n0:32994:33017 [3] NCCL INFO Channel 03/0 : 35[c7000] -> 39[c7000] [receive] via NET/AWS Libfabric/1
x3003c0s37b0n0:4644:4673 [0] NCCL INFO Channel 00/0 : 88[7000] -> 92[7000] [receive] via NET/AWS Libfabric/3
x3004c0s19b0n0:4570:4597 [0] NCCL INFO Channel 02/0 : 109[46000] -> 116[7000] [receive] via NET/AWS Libfabric/3
x3002c0s19b0n0:25014:25043 [0] NCCL INFO Channel 00/0 : 8[7000] -> 12[7000] [send] via NET/AWS Libfabric/3
x3003c0s7b1n0:52621:52646 [1] NCCL INFO Channel 02 : 105[46000] -> 106[85000] via P2P/IPC/read
x3002c0s13b0n0:6694:6721 [1] NCCL INFO Connected 1 MSCCL algorithms
x3002c0s13b0n0:6694:6721 [1] NCCL INFO threadThresholds 8/8/64 | 1024/8/64 | 8/8/64 | 8/8/512
x3002c0s13b0n0:6694:6721 [1] NCCL INFO 8 coll channels, 4 p2p channels, 2 p2p channels per peer
x3003c0s1b1n0:23173:23195 [2] NCCL INFO Channel 01/0 : 74[85000] -> 71[c7000] [send] via NET/AWS Libfabric/1
x3002c0s37b0n0:65321:65346 [2] NCCL INFO Channel 01/0 : 42[85000] -> 39[c7000] [send] via NET/AWS Libfabric/1
x3002c0s1b0n0:54297:54325 [0] NCCL INFO Channel 02/0 : 16[7000] -> 20[7000] [send] via NET/AWS Libfabric/3
x3002c0s37b0n0:65319:65345 [0] NCCL INFO Channel 00/0 : 40[7000] -> 44[7000] [send] via NET/AWS Libfabric/3
x3002c0s37b0n0:65322:65343 [3] NCCL INFO Channel 03/0 : 38[85000] -> 43[c7000] [receive] via NET/AWS Libfabric/1
x3004c0s13b1n0:21748:21772 [3] NCCL INFO Channel 01/0 : 115[c7000] -> 123[c7000] [send] via NET/AWS Libfabric/1
x3002c0s19b0n0:25019:25041 [3] NCCL INFO Channel 03/0 : 6[85000] -> 11[c7000] [receive] via NET/AWS Libfabric/1
x3003c0s25b0n0:12705:12730 [1] NCCL INFO Channel 01 : 77[46000] -> 78[85000] via P2P/IPC/read
x3002c0s7b1n0:48590:48611 [3] NCCL INFO Channel 01/0 : 55[c7000] -> 58[85000] [send] via NET/AWS Libfabric/1
x3002c0s7b0n0:37489:37512 [2] NCCL INFO Channel 01/0 : 43[c7000] -> 50[85000] [receive] via NET/AWS Libfabric/1
x3003c0s25b1n0:52824:52848 [2] NCCL INFO Channel 02 : 82[85000] -> 83[c7000] via P2P/IPC/read
x3003c0s7b1n0:52623:52647 [3] NCCL INFO Channel 01/0 : 107[c7000] -> 111[c7000] [send] via NET/AWS Libfabric/1
x3002c0s13b0n0:6695:6722 [2] NCCL INFO Parsed MSCCL Algorithm /home/yuke/ncclPG/CCL-LYD/msccl_tools_lyd/examples/xml/xml_lyd/ring/allreduce_ring_node32_gpu128_mcl2_mck2_gan0.xml successfully.
x3003c0s25b0n0:12705:12730 [1] NCCL INFO Channel 02 : 77[46000] -> 78[85000] via P2P/IPC/read
x3002c0s31b0n0:1132:1158 [0] NCCL INFO Channel 02/0 : 32[7000] -> 36[7000] [send] via NET/AWS Libfabric/3
x3003c0s25b0n0:12705:12730 [1] NCCL INFO Channel 03 : 77[46000] -> 78[85000] via P2P/IPC/read
x3003c0s31b1n0:2108:2134 [1] NCCL INFO Channel 03 : 89[46000] -> 90[85000] via P2P/IPC/read
x3002c0s19b1n0:18959:18981 [2] NCCL INFO Channel 03/0 : 14[85000] -> 23[c7000] [send] via NET/AWS Libfabric/1
x3002c0s19b0n0:25015:25040 [1] NCCL INFO Channel 00/0 : 4[7000] -> 9[46000] [receive] via NET/AWS Libfabric/3
x3002c0s13b1n0:17942:17965 [3] NCCL INFO Channel 03/0 : 3[c7000] -> 7[c7000] [receive] via NET/AWS Libfabric/1
x3003c0s25b0n0:12706:12729 [2] NCCL INFO Channel 00 : 78[85000] -> 79[c7000] via P2P/IPC/read
x3002c0s25b0n0:37471:37497 [0] NCCL INFO Channel 00/0 : 24[7000] -> 28[7000] [send] via NET/AWS Libfabric/3
x3004c0s13b0n0:63430:63454 [2] NCCL INFO Channel 03/0 : 110[85000] -> 119[c7000] [send] via NET/AWS Libfabric/1
x3002c0s7b1n0:48588:48612 [1] NCCL INFO Channel 02/0 : 53[46000] -> 56[7000] [send] via NET/AWS Libfabric/3
x3002c0s13b1n0:17940:17963 [1] NCCL INFO Channel 02/0 : 8[7000] -> 5[46000] [receive] via NET/AWS Libfabric/3
x3002c0s31b0n0:1135:1157 [3] NCCL INFO Channel 01/0 : 35[c7000] -> 51[c7000] [send] via NET/AWS Libfabric/1
x3002c0s7b1n0:48589:48613 [2] NCCL INFO Channel 03/0 : 54[85000] -> 59[c7000] [send] via NET/AWS Libfabric/1
x3003c0s19b0n0:52302:52326 [3] NCCL INFO Channel 01/0 : 67[c7000] -> 99[c7000] [send] via NET/AWS Libfabric/1
x3002c0s1b0n0:54299:54324 [2] NCCL INFO Channel 01/0 : 11[c7000] -> 18[85000] [receive] via NET/AWS Libfabric/1
x3003c0s1b0n0:46926:46951 [1] NCCL INFO Channel 03 : 69[46000] -> 70[85000] via P2P/IPC/read
x3003c0s25b0n0:12706:12729 [2] NCCL INFO Channel 01 : 78[85000] -> 79[c7000] via P2P/IPC/read
x3004c0s19b1n0:44214:44238 [1] NCCL INFO Channel 00/0 : 121[46000] -> 116[7000] [send] via NET/AWS Libfabric/3
x3004c0s19b1n0:44215:44239 [2] NCCL INFO Channel 01/0 : 122[85000] -> 119[c7000] [send] via NET/AWS Libfabric/1
x3004c0s19b1n0:44216:44237 [3] NCCL INFO Channel 03/0 : 118[85000] -> 123[c7000] [receive] via NET/AWS Libfabric/1
x3002c0s7b0n0:37488:37511 [1] NCCL INFO Channel 00/0 : 40[7000] -> 49[46000] [receive] via NET/AWS Libfabric/3
x3002c0s31b1n0:32992:33015 [1] NCCL INFO Channel 02/0 : 40[7000] -> 37[46000] [receive] via NET/AWS Libfabric/3
x3003c0s37b0n0:4646:4672 [1] NCCL INFO Channel 02/0 : 93[46000] -> 108[7000] [send] via NET/AWS Libfabric/3
x3002c0s7b1n0:48587:48610 [0] NCCL INFO Channel 00/0 : 52[7000] -> 57[46000] [send] via NET/AWS Libfabric/3
x3003c0s7b1n0:52621:52646 [1] NCCL INFO Channel 03 : 105[46000] -> 106[85000] via P2P/IPC/read
x3004c0s13b0n0:63428:63455 [0] NCCL INFO Channel 00/0 : 104[7000] -> 108[7000] [receive] via NET/AWS Libfabric/3
x3002c0s31b0n0:1133:1159 [1] NCCL INFO Channel 00/0 : 16[7000] -> 33[46000] [receive] via NET/AWS Libfabric/3
x3003c0s25b1n0:52824:52848 [2] NCCL INFO Channel 03 : 82[85000] -> 83[c7000] via P2P/IPC/read
x3003c0s31b0n0:34982:35009 [0] NCCL INFO Channel 00/0 : 84[7000] -> 89[46000] [send] via NET/AWS Libfabric/3
x3004c0s1b0n0:25199:25222 [3] NCCL INFO Channel 03/0 : 63[c7000] -> 127[c7000] [receive] via NET/AWS Libfabric/1
x3002c0s19b1n0:18957:18984 [0] NCCL INFO Channel 00/0 : 8[7000] -> 12[7000] [receive] via NET/AWS Libfabric/3
x3002c0s19b1n0:18959:18981 [2] NCCL INFO Channel 03/0 : 23[c7000] -> 14[85000] [receive] via NET/AWS Libfabric/1
x3003c0s7b1n0:52623:52647 [3] NCCL INFO Channel 03/0 : 102[85000] -> 107[c7000] [receive] via NET/AWS Libfabric/1
x3002c0s31b0n0:1134:1156 [2] NCCL INFO Channel 01/0 : 19[c7000] -> 34[85000] [receive] via NET/AWS Libfabric/1
x3003c0s13b0n0:6391:6416 [2] NCCL INFO Channel 01/0 : 55[c7000] -> 58[85000] [receive] via NET/AWS Libfabric/1
x3002c0s7b0n0:37487:37514 [0] NCCL INFO Channel 00/0 : 48[7000] -> 56[7000] [send] via NET/AWS Libfabric/3
x3002c0s1b1n0:16188:16216 [0] NCCL INFO Channel 00/0 : 20[7000] -> 25[46000] [send] via NET/AWS Libfabric/3
x3002c0s13b0n0:6696:6720 [3] NCCL INFO Channel 01/0 : 67[c7000] -> 3[c7000] [receive] via NET/AWS Libfabric/1
x3003c0s13b0n0:6389:6417 [0] NCCL INFO Channel 02/0 : 53[46000] -> 56[7000] [receive] via NET/AWS Libfabric/3
x3002c0s19b1n0:18958:18983 [1] NCCL INFO Channel 02/0 : 13[46000] -> 20[7000] [send] via NET/AWS Libfabric/3
x3002c0s31b1n0:32994:33017 [3] NCCL INFO Channel 03/0 : 39[c7000] -> 47[c7000] [send] via NET/AWS Libfabric/1
x3004c0s1b0n0:25198:25220 [2] NCCL INFO Channel 02 : 126[85000] -> 125[46000] via P2P/IPC/read
x3003c0s25b0n0:12706:12729 [2] NCCL INFO Channel 02 : 78[85000] -> 79[c7000] via P2P/IPC/read
x3003c0s25b0n0:12706:12729 [2] NCCL INFO Channel 03 : 78[85000] -> 79[c7000] via P2P/IPC/read
x3002c0s31b1n0:32993:33016 [2] NCCL INFO Channel 03/0 : 43[c7000] -> 38[85000] [receive] via NET/AWS Libfabric/1
x3004c0s1b0n0:25196:25223 [0] NCCL INFO Channel 00/0 : 120[7000] -> 124[7000] [receive] via NET/AWS Libfabric/3
x3002c0s1b0n0:54297:54325 [0] NCCL INFO Channel 00/0 : 16[7000] -> 24[7000] [send] via NET/AWS Libfabric/3
x3002c0s1b1n0:16190:16214 [2] NCCL INFO Channel 03/0 : 27[c7000] -> 22[85000] [receive] via NET/AWS Libfabric/1
x3002c0s37b0n0:65319:65345 [0] NCCL INFO Channel 00/0 : 40[7000] -> 49[46000] [send] via NET/AWS Libfabric/3
x3002c0s13b0n0:6695:6722 [2] NCCL INFO Channel 06/0 : 126[85000] -> 2[85000] [receive] via NET/AWS Libfabric/3
x3004c0s19b1n0:44213:44240 [0] NCCL INFO Channel 00/0 : 120[7000] -> 124[7000] [send] via NET/AWS Libfabric/3
x3002c0s25b0n0:37471:37497 [0] NCCL INFO Channel 00/0 : 16[7000] -> 24[7000] [receive] via NET/AWS Libfabric/3
x3002c0s31b1n0:32991:33018 [0] NCCL INFO Channel 00/0 : 36[7000] -> 41[46000] [send] via NET/AWS Libfabric/3
x3004c0s19b0n0:4573:4596 [3] NCCL INFO Channel 03/0 : 110[85000] -> 119[c7000] [receive] via NET/AWS Libfabric/1
x3003c0s1b0n0:46928:46954 [3] NCCL INFO Channel 03/0 : 71[c7000] -> 79[c7000] [send] via NET/AWS Libfabric/1
x3003c0s31b1n0:2109:2131 [2] NCCL INFO Channel 01/0 : 87[c7000] -> 90[85000] [receive] via NET/AWS Libfabric/1
x3002c0s19b0n0:25016:25042 [2] NCCL INFO Channel 01/0 : 10[85000] -> 7[c7000] [send] via NET/AWS Libfabric/1
x3004c0s1b0n0:25199:25222 [3] NCCL INFO Channel 03/0 : 127[c7000] -> 63[c7000] [send] via NET/AWS Libfabric/1
x3004c0s13b0n0:63429:63452 [1] NCCL INFO Channel 02/0 : 109[46000] -> 116[7000] [send] via NET/AWS Libfabric/3
x3002c0s19b1n0:18960:18982 [3] NCCL INFO Channel 03/0 : 7[c7000] -> 15[c7000] [receive] via NET/AWS Libfabric/1
x3003c0s1b0n0:46927:46953 [2] NCCL INFO Channel 03/0 : 70[85000] -> 75[c7000] [send] via NET/AWS Libfabric/1
x3003c0s1b0n0:46925:46952 [0] NCCL INFO Channel 02/0 : 64[7000] -> 68[7000] [receive] via NET/AWS Libfabric/3
x3004c0s13b0n0:63431:63453 [3] NCCL INFO Channel 03/0 : 103[c7000] -> 111[c7000] [receive] via NET/AWS Libfabric/1
x3003c0s31b1n0:2110:2133 [3] NCCL INFO Channel 01/0 : 83[c7000] -> 91[c7000] [receive] via NET/AWS Libfabric/1
x3003c0s31b1n0:2107:2132 [0] NCCL INFO Channel 02/0 : 85[46000] -> 88[7000] [receive] via NET/AWS Libfabric/3
x3003c0s25b1n0:52825:52847 [3] NCCL INFO Channel 03/0 : 83[c7000] -> 87[c7000] [send] via NET/AWS Libfabric/1
x3003c0s13b0n0:6390:6414 [1] NCCL INFO Channel 00/0 : 52[7000] -> 57[46000] [receive] via NET/AWS Libfabric/3
x3002c0s25b0n0:37474:37498 [3] NCCL INFO Channel 01/0 : 19[c7000] -> 27[c7000] [receive] via NET/AWS Libfabric/1
x3004c0s1b0n0:25198:25220 [2] NCCL INFO Connected all trees
x3004c0s1b0n0:25197:25221 [1] NCCL INFO Connected all trees
x3004c0s1b0n0:25198:25220 [2] NCCL INFO MSCCL: Parsing algorithm /home/yuke/ncclPG/CCL-LYD/msccl_tools_lyd/examples/xml/xml_lyd/ring/allreduce_ring_node32_gpu128_mcl2_mck2_gan0.xml
x3004c0s1b0n0:25197:25221 [1] NCCL INFO MSCCL: Parsing algorithm /home/yuke/ncclPG/CCL-LYD/msccl_tools_lyd/examples/xml/xml_lyd/ring/allreduce_ring_node32_gpu128_mcl2_mck2_gan0.xml
x3003c0s25b0n0:12704:12728 [0] NCCL INFO Channel 00/0 : 72[7000] -> 76[7000] [receive] via NET/AWS Libfabric/3
x3003c0s31b0n0:34985:35008 [2] NCCL INFO Channel 03/0 : 91[c7000] -> 86[85000] [receive] via NET/AWS Libfabric/1
x3003c0s1b0n0:46926:46951 [1] NCCL INFO Channel 02/0 : 69[46000] -> 72[7000] [send] via NET/AWS Libfabric/3
x3003c0s25b0n0:12705:12730 [1] NCCL INFO Channel 02/0 : 77[46000] -> 84[7000] [send] via NET/AWS Libfabric/3
x3002c0s31b0n0:1132:1158 [0] NCCL INFO Channel 00/0 : 32[7000] -> 48[7000] [send] via NET/AWS Libfabric/3
x3003c0s31b1n0:2108:2134 [1] NCCL INFO Channel 00/0 : 84[7000] -> 89[46000] [receive] via NET/AWS Libfabric/3
x3002c0s1b1n0:16191:16213 [3] NCCL INFO Channel 03/0 : 23[c7000] -> 14[85000] [send] via NET/AWS Libfabric/1
x3004c0s19b0n0:4572:4594 [2] NCCL INFO Channel 03/0 : 123[c7000] -> 118[85000] [receive] via NET/AWS Libfabric/1
x3002c0s13b1n0:17939:17966 [0] NCCL INFO Channel 02/0 : 4[7000] -> 12[7000] [send] via NET/AWS Libfabric/3
x3004c0s19b0n0:4570:4597 [0] NCCL INFO Channel 02/0 : 116[7000] -> 109[46000] [send] via NET/AWS Libfabric/3
x3003c0s7b1n0:52622:52644 [2] NCCL INFO Channel 01/0 : 103[c7000] -> 106[85000] [receive] via NET/AWS Libfabric/1
x3003c0s25b0n0:12707:12731 [3] NCCL INFO Channel 01/0 : 75[c7000] -> 79[c7000] [receive] via NET/AWS Libfabric/1
x3002c0s37b1n0:59811:59837 [0] NCCL INFO Channel 02/0 : 36[7000] -> 44[7000] [receive] via NET/AWS Libfabric/3
x3002c0s31b1n0:32994:33017 [3] NCCL INFO Channel 03/0 : 47[c7000] -> 39[c7000] [receive] via NET/AWS Libfabric/1
x3003c0s7b1n0:52620:52645 [0] NCCL INFO Channel 02/0 : 101[46000] -> 104[7000] [receive] via NET/AWS Libfabric/3
x3003c0s7b1n0:52621:52646 [1] NCCL INFO Channel 00/0 : 100[7000] -> 105[46000] [receive] via NET/AWS Libfabric/3
x3002c0s37b0n0:65322:65343 [3] NCCL INFO Channel 01/0 : 43[c7000] -> 50[85000] [send] via NET/AWS Libfabric/1
x3002c0s37b0n0:65319:65345 [0] NCCL INFO Channel 00/0 : 49[46000] -> 40[7000] [receive] via NET/AWS Libfabric/3
x3004c0s19b1n0:44213:44240 [0] NCCL INFO Channel 00/0 : 112[7000] -> 120[7000] [receive] via NET/AWS Libfabric/3
