x3004c0s1b0n0:7463:7485 [3] NCCL INFO 4 coll channels, 4 p2p channels, 2 p2p channels per peer
x3002c0s37b1n0:44435:44456 [3] NCCL INFO Channel 01/0 : 15[c7000] -> 11[c7000] [send] via NET/AWS Libfabric/1
x3004c0s19b1n0:26676:26699 [3] NCCL INFO Connected all trees
x3004c0s19b1n0:26676:26699 [3] NCCL INFO MSCCL: Parsing algorithm /home/yuke/ncclPG/CCL-LYD/msccl_tools_lyd/examples/xml/xml_lyd/ring/allreduce_ring_node16_gpu64_mcl1_mck2_gan0.xml
x3002c0s31b0n0:50894:50914 [3] NCCL INFO Parsed MSCCL Algorithm /home/yuke/ncclPG/CCL-LYD/msccl_tools_lyd/examples/xml/xml_lyd/ring/allreduce_ring_node16_gpu64_mcl1_mck2_gan0.xml successfully.
x3002c0s31b0n0:50894:50914 [3] NCCL INFO Connected 1 MSCCL algorithms
x3002c0s31b0n0:50894:50914 [3] NCCL INFO threadThresholds 8/8/64 | 512/8/64 | 8/8/64 | 8/8/512
x3002c0s31b0n0:50894:50914 [3] NCCL INFO 4 coll channels, 4 p2p channels, 2 p2p channels per peer
x3004c0s1b1n0:10536:10559 [3] NCCL INFO Channel 01/0 : 59[c7000] -> 51[c7000] [receive] via NET/AWS Libfabric/1
x3002c0s7b0n0:22174:22201 [0] NCCL INFO Connected all trees
x3002c0s7b0n0:22174:22201 [0] NCCL INFO MSCCL: Parsing algorithm /home/yuke/ncclPG/CCL-LYD/msccl_tools_lyd/examples/xml/xml_lyd/ring/allreduce_ring_node16_gpu64_mcl1_mck2_gan0.xml
x3002c0s7b1n0:33354:33381 [0] NCCL INFO Parsed MSCCL Algorithm /home/yuke/ncclPG/CCL-LYD/msccl_tools_lyd/examples/xml/xml_lyd/ring/allreduce_ring_node16_gpu64_mcl1_mck2_gan0.xml successfully.
x3003c0s7b1n0:35112:35134 [2] NCCL INFO Parsed MSCCL Algorithm /home/yuke/ncclPG/CCL-LYD/msccl_tools_lyd/examples/xml/xml_lyd/ring/allreduce_ring_node16_gpu64_mcl1_mck2_gan0.xml successfully.
x3002c0s31b1n0:17647:17669 [2] NCCL INFO Channel 02 : 6[85000] -> 5[46000] via P2P/IPC/read
x3003c0s7b1n0:35112:35134 [2] NCCL INFO Connected 1 MSCCL algorithms
x3004c0s19b1n0:26673:26698 [0] NCCL INFO Parsed MSCCL Algorithm /home/yuke/ncclPG/CCL-LYD/msccl_tools_lyd/examples/xml/xml_lyd/ring/allreduce_ring_node16_gpu64_mcl1_mck2_gan0.xml successfully.
x3003c0s7b1n0:35112:35134 [2] NCCL INFO threadThresholds 8/8/64 | 512/8/64 | 8/8/64 | 8/8/512
x3003c0s7b1n0:35112:35134 [2] NCCL INFO 4 coll channels, 4 p2p channels, 2 p2p channels per peer
x3003c0s7b1n0:35110:35137 [0] NCCL INFO Channel 02/0 : 36[7000] -> 32[7000] [receive] via NET/AWS Libfabric/3
x3003c0s7b1n0:35111:35135 [1] NCCL INFO Parsed MSCCL Algorithm /home/yuke/ncclPG/CCL-LYD/msccl_tools_lyd/examples/xml/xml_lyd/ring/allreduce_ring_node16_gpu64_mcl1_mck2_gan0.xml successfully.
x3003c0s7b1n0:35111:35135 [1] NCCL INFO Connected 1 MSCCL algorithms
x3003c0s7b1n0:35111:35135 [1] NCCL INFO threadThresholds 8/8/64 | 512/8/64 | 8/8/64 | 8/8/512
x3003c0s7b1n0:35111:35135 [1] NCCL INFO 4 coll channels, 4 p2p channels, 2 p2p channels per peer
x3002c0s37b1n0:44435:44456 [3] NCCL INFO Connected all trees
x3002c0s37b1n0:44435:44456 [3] NCCL INFO MSCCL: Parsing algorithm /home/yuke/ncclPG/CCL-LYD/msccl_tools_lyd/examples/xml/xml_lyd/ring/allreduce_ring_node16_gpu64_mcl1_mck2_gan0.xml
x3004c0s19b1n0:26676:26699 [3] NCCL INFO Parsed MSCCL Algorithm /home/yuke/ncclPG/CCL-LYD/msccl_tools_lyd/examples/xml/xml_lyd/ring/allreduce_ring_node16_gpu64_mcl1_mck2_gan0.xml successfully.
x3004c0s19b1n0:26676:26699 [3] NCCL INFO Connected 1 MSCCL algorithms
x3004c0s19b1n0:26676:26699 [3] NCCL INFO threadThresholds 8/8/64 | 512/8/64 | 8/8/64 | 8/8/512
x3004c0s19b1n0:26676:26699 [3] NCCL INFO 4 coll channels, 4 p2p channels, 2 p2p channels per peer
x3002c0s7b0n0:22174:22201 [0] NCCL INFO Parsed MSCCL Algorithm /home/yuke/ncclPG/CCL-LYD/msccl_tools_lyd/examples/xml/xml_lyd/ring/allreduce_ring_node16_gpu64_mcl1_mck2_gan0.xml successfully.
x3002c0s37b0n0:50011:50034 [3] NCCL INFO Connected all trees
x3002c0s37b0n0:50011:50034 [3] NCCL INFO MSCCL: Parsing algorithm /home/yuke/ncclPG/CCL-LYD/msccl_tools_lyd/examples/xml/xml_lyd/ring/allreduce_ring_node16_gpu64_mcl1_mck2_gan0.xml
x3004c0s1b0n0:7460:7487 [0] NCCL INFO Channel 02/0 : 40[7000] -> 44[7000] [receive] via NET/AWS Libfabric/3
x3002c0s37b1n0:44435:44456 [3] NCCL INFO Parsed MSCCL Algorithm /home/yuke/ncclPG/CCL-LYD/msccl_tools_lyd/examples/xml/xml_lyd/ring/allreduce_ring_node16_gpu64_mcl1_mck2_gan0.xml successfully.
x3004c0s25b1n0:15334:15355 [3] NCCL INFO Channel 03/0 : 59[c7000] -> 54[85000] [send] via NET/AWS Libfabric/1
x3002c0s7b0n0:22177:22199 [3] NCCL INFO Channel 01/0 : 27[c7000] -> 19[c7000] [receive] via NET/AWS Libfabric/1
x3002c0s37b1n0:44435:44456 [3] NCCL INFO Connected 1 MSCCL algorithms
x3002c0s37b1n0:44435:44456 [3] NCCL INFO threadThresholds 8/8/64 | 512/8/64 | 8/8/64 | 8/8/512
x3002c0s37b1n0:44435:44456 [3] NCCL INFO 4 coll channels, 4 p2p channels, 2 p2p channels per peer
x3002c0s31b1n0:17648:17671 [3] NCCL INFO Channel 01/0 : 10[85000] -> 7[c7000] [receive] via NET/AWS Libfabric/1
x3003c0s7b1n0:35113:35136 [3] NCCL INFO Channel 03/0 : 39[c7000] -> 35[c7000] [receive] via NET/AWS Libfabric/1
x3003c0s7b0n0:62834:62861 [0] NCCL INFO Channel 02/0 : 60[7000] -> 28[7000] [receive] via NET/AWS Libfabric/3
x3002c0s37b0n0:50011:50034 [3] NCCL INFO Parsed MSCCL Algorithm /home/yuke/ncclPG/CCL-LYD/msccl_tools_lyd/examples/xml/xml_lyd/ring/allreduce_ring_node16_gpu64_mcl1_mck2_gan0.xml successfully.
x3002c0s37b0n0:50011:50034 [3] NCCL INFO Connected 1 MSCCL algorithms
x3002c0s37b0n0:50011:50034 [3] NCCL INFO threadThresholds 8/8/64 | 512/8/64 | 8/8/64 | 8/8/512
x3002c0s37b0n0:50011:50034 [3] NCCL INFO 4 coll channels, 4 p2p channels, 2 p2p channels per peer
x3002c0s7b1n0:33354:33381 [0] NCCL INFO Channel 03/0 : 16[7000] -> 20[7000] [receive] via NET/AWS Libfabric/3
x3004c0s1b1n0:10533:10558 [0] NCCL INFO Channel 02/0 : 52[7000] -> 48[7000] [receive] via NET/AWS Libfabric/3
x3004c0s25b0n0:30549:30571 [2] NCCL INFO Channel 00 : 54[85000] -> 53[46000] via P2P/IPC/read
x3002c0s37b0n0:50010:50035 [2] NCCL INFO Channel 00 : 10[85000] -> 9[46000] via P2P/IPC/read
x3002c0s31b1n0:17648:17671 [3] NCCL INFO Connected all trees
x3002c0s31b1n0:17648:17671 [3] NCCL INFO MSCCL: Parsing algorithm /home/yuke/ncclPG/CCL-LYD/msccl_tools_lyd/examples/xml/xml_lyd/ring/allreduce_ring_node16_gpu64_mcl1_mck2_gan0.xml
x3004c0s19b0n0:51994:52021 [0] NCCL INFO Channel 02/0 : 36[7000] -> 32[7000] [send] via NET/AWS Libfabric/3
x3003c0s7b1n0:35113:35136 [3] NCCL INFO Connected all trees
x3003c0s7b1n0:35113:35136 [3] NCCL INFO MSCCL: Parsing algorithm /home/yuke/ncclPG/CCL-LYD/msccl_tools_lyd/examples/xml/xml_lyd/ring/allreduce_ring_node16_gpu64_mcl1_mck2_gan0.xml
x3002c0s31b1n0:17648:17671 [3] NCCL INFO Parsed MSCCL Algorithm /home/yuke/ncclPG/CCL-LYD/msccl_tools_lyd/examples/xml/xml_lyd/ring/allreduce_ring_node16_gpu64_mcl1_mck2_gan0.xml successfully.
x3002c0s31b1n0:17648:17671 [3] NCCL INFO Connected 1 MSCCL algorithms
x3002c0s31b1n0:17648:17671 [3] NCCL INFO threadThresholds 8/8/64 | 512/8/64 | 8/8/64 | 8/8/512
x3002c0s31b1n0:17648:17671 [3] NCCL INFO 4 coll channels, 4 p2p channels, 2 p2p channels per peer
x3004c0s19b0n0:51994:52021 [0] NCCL INFO Connected all trees
x3004c0s19b0n0:51994:52021 [0] NCCL INFO MSCCL: Parsing algorithm /home/yuke/ncclPG/CCL-LYD/msccl_tools_lyd/examples/xml/xml_lyd/ring/allreduce_ring_node16_gpu64_mcl1_mck2_gan0.xml
x3003c0s7b1n0:35110:35137 [0] NCCL INFO Connected all trees
x3003c0s7b1n0:35110:35137 [0] NCCL INFO MSCCL: Parsing algorithm /home/yuke/ncclPG/CCL-LYD/msccl_tools_lyd/examples/xml/xml_lyd/ring/allreduce_ring_node16_gpu64_mcl1_mck2_gan0.xml
x3004c0s1b1n0:10533:10558 [0] NCCL INFO Connected all trees
x3004c0s1b1n0:10533:10558 [0] NCCL INFO MSCCL: Parsing algorithm /home/yuke/ncclPG/CCL-LYD/msccl_tools_lyd/examples/xml/xml_lyd/ring/allreduce_ring_node16_gpu64_mcl1_mck2_gan0.xml
x3003c0s37b1n0:30529:30550 [3] NCCL INFO Channel 03/0 : 27[c7000] -> 22[85000] [send] via NET/AWS Libfabric/1
x3003c0s7b1n0:35113:35136 [3] NCCL INFO Parsed MSCCL Algorithm /home/yuke/ncclPG/CCL-LYD/msccl_tools_lyd/examples/xml/xml_lyd/ring/allreduce_ring_node16_gpu64_mcl1_mck2_gan0.xml successfully.
x3004c0s19b0n0:51995:52018 [1] NCCL INFO Connected all trees
x3004c0s19b0n0:51995:52018 [1] NCCL INFO MSCCL: Parsing algorithm /home/yuke/ncclPG/CCL-LYD/msccl_tools_lyd/examples/xml/xml_lyd/ring/allreduce_ring_node16_gpu64_mcl1_mck2_gan0.xml
x3004c0s19b0n0:51996:52019 [2] NCCL INFO Connected all trees
x3004c0s19b0n0:51996:52019 [2] NCCL INFO MSCCL: Parsing algorithm /home/yuke/ncclPG/CCL-LYD/msccl_tools_lyd/examples/xml/xml_lyd/ring/allreduce_ring_node16_gpu64_mcl1_mck2_gan0.xml
x3002c0s37b0n0:50010:50035 [2] NCCL INFO Channel 02 : 10[85000] -> 9[46000] via P2P/IPC/read
x3004c0s25b0n0:30547:30572 [0] NCCL INFO Connected all trees
x3004c0s25b0n0:30547:30572 [0] NCCL INFO MSCCL: Parsing algorithm /home/yuke/ncclPG/CCL-LYD/msccl_tools_lyd/examples/xml/xml_lyd/ring/allreduce_ring_node16_gpu64_mcl1_mck2_gan0.xml
x3004c0s1b1n0:10536:10559 [3] NCCL INFO Channel 03/0 : 55[c7000] -> 51[c7000] [receive] via NET/AWS Libfabric/1
x3004c0s19b1n0:26673:26698 [0] NCCL INFO Channel 02/0 : 36[7000] -> 40[7000] [receive] via NET/AWS Libfabric/3
x3003c0s7b1n0:35113:35136 [3] NCCL INFO Connected 1 MSCCL algorithms
x3003c0s7b1n0:35113:35136 [3] NCCL INFO threadThresholds 8/8/64 | 512/8/64 | 8/8/64 | 8/8/512
x3003c0s7b1n0:35113:35136 [3] NCCL INFO 4 coll channels, 4 p2p channels, 2 p2p channels per peer
x3004c0s19b0n0:51994:52021 [0] NCCL INFO Parsed MSCCL Algorithm /home/yuke/ncclPG/CCL-LYD/msccl_tools_lyd/examples/xml/xml_lyd/ring/allreduce_ring_node16_gpu64_mcl1_mck2_gan0.xml successfully.
x3003c0s7b1n0:35110:35137 [0] NCCL INFO Parsed MSCCL Algorithm /home/yuke/ncclPG/CCL-LYD/msccl_tools_lyd/examples/xml/xml_lyd/ring/allreduce_ring_node16_gpu64_mcl1_mck2_gan0.xml successfully.
x3004c0s1b1n0:10533:10558 [0] NCCL INFO Parsed MSCCL Algorithm /home/yuke/ncclPG/CCL-LYD/msccl_tools_lyd/examples/xml/xml_lyd/ring/allreduce_ring_node16_gpu64_mcl1_mck2_gan0.xml successfully.
x3004c0s25b0n0:30549:30571 [2] NCCL INFO Channel 02 : 54[85000] -> 53[46000] via P2P/IPC/read
x3004c0s19b0n0:51995:52018 [1] NCCL INFO Parsed MSCCL Algorithm /home/yuke/ncclPG/CCL-LYD/msccl_tools_lyd/examples/xml/xml_lyd/ring/allreduce_ring_node16_gpu64_mcl1_mck2_gan0.xml successfully.
x3004c0s19b0n0:51995:52018 [1] NCCL INFO Connected 1 MSCCL algorithms
x3004c0s19b0n0:51995:52018 [1] NCCL INFO threadThresholds 8/8/64 | 512/8/64 | 8/8/64 | 8/8/512
x3004c0s19b0n0:51995:52018 [1] NCCL INFO 4 coll channels, 4 p2p channels, 2 p2p channels per peer
x3004c0s19b0n0:51996:52019 [2] NCCL INFO Parsed MSCCL Algorithm /home/yuke/ncclPG/CCL-LYD/msccl_tools_lyd/examples/xml/xml_lyd/ring/allreduce_ring_node16_gpu64_mcl1_mck2_gan0.xml successfully.
x3004c0s19b0n0:51996:52019 [2] NCCL INFO Connected 1 MSCCL algorithms
x3004c0s19b0n0:51996:52019 [2] NCCL INFO threadThresholds 8/8/64 | 512/8/64 | 8/8/64 | 8/8/512
x3004c0s19b0n0:51996:52019 [2] NCCL INFO 4 coll channels, 4 p2p channels, 2 p2p channels per peer
x3004c0s25b0n0:30547:30572 [0] NCCL INFO Parsed MSCCL Algorithm /home/yuke/ncclPG/CCL-LYD/msccl_tools_lyd/examples/xml/xml_lyd/ring/allreduce_ring_node16_gpu64_mcl1_mck2_gan0.xml successfully.
x3002c0s7b1n0:33356:33380 [2] NCCL INFO Channel 00 : 22[85000] -> 21[46000] via P2P/IPC/read
x3003c0s7b0n0:62834:62861 [0] NCCL INFO Channel 02/0 : 28[7000] -> 60[7000] [send] via NET/AWS Libfabric/3
x3004c0s25b1n0:15334:15355 [3] NCCL INFO Channel 01/0 : 63[c7000] -> 59[c7000] [receive] via NET/AWS Libfabric/1
x3004c0s1b0n0:7460:7487 [0] NCCL INFO Channel 03/0 : 40[7000] -> 44[7000] [receive] via NET/AWS Libfabric/3
x3002c0s7b1n0:33354:33381 [0] NCCL INFO Channel 02/0 : 20[7000] -> 24[7000] [send] via NET/AWS Libfabric/3
x3002c0s7b0n0:22174:22201 [0] NCCL INFO Channel 02/0 : 12[7000] -> 16[7000] [receive] via NET/AWS Libfabric/3
x3004c0s1b1n0:10536:10559 [3] NCCL INFO Connected all trees
x3004c0s1b1n0:10536:10559 [3] NCCL INFO MSCCL: Parsing algorithm /home/yuke/ncclPG/CCL-LYD/msccl_tools_lyd/examples/xml/xml_lyd/ring/allreduce_ring_node16_gpu64_mcl1_mck2_gan0.xml
x3004c0s19b0n0:51994:52021 [0] NCCL INFO Channel 03/0 : 32[7000] -> 36[7000] [receive] via NET/AWS Libfabric/3
x3004c0s19b0n0:51997:52020 [3] NCCL INFO Channel 01/0 : 42[85000] -> 39[c7000] [receive] via NET/AWS Libfabric/1
x3002c0s7b0n0:22177:22199 [3] NCCL INFO Channel 03/0 : 23[c7000] -> 19[c7000] [receive] via NET/AWS Libfabric/1
x3002c0s7b0n0:22174:22201 [0] NCCL INFO Channel 03/0 : 12[7000] -> 16[7000] [receive] via NET/AWS Libfabric/3
x3004c0s19b1n0:26673:26698 [0] NCCL INFO Channel 03/0 : 36[7000] -> 40[7000] [receive] via NET/AWS Libfabric/3
x3004c0s1b0n0:7460:7487 [0] NCCL INFO Channel 02/0 : 44[7000] -> 48[7000] [send] via NET/AWS Libfabric/3
x3004c0s1b1n0:10536:10559 [3] NCCL INFO Parsed MSCCL Algorithm /home/yuke/ncclPG/CCL-LYD/msccl_tools_lyd/examples/xml/xml_lyd/ring/allreduce_ring_node16_gpu64_mcl1_mck2_gan0.xml successfully.
x3004c0s1b1n0:10536:10559 [3] NCCL INFO Connected 1 MSCCL algorithms
x3004c0s1b1n0:10536:10559 [3] NCCL INFO threadThresholds 8/8/64 | 512/8/64 | 8/8/64 | 8/8/512
x3004c0s1b1n0:10536:10559 [3] NCCL INFO 4 coll channels, 4 p2p channels, 2 p2p channels per peer
x3003c0s7b1n0:35110:35137 [0] NCCL INFO Channel 02/0 : 28[7000] -> 32[7000] [receive] via NET/AWS Libfabric/3
x3002c0s7b0n0:22174:22201 [0] NCCL INFO Channel 03/0 : 16[7000] -> 20[7000] [send] via NET/AWS Libfabric/3
x3002c0s7b1n0:33356:33380 [2] NCCL INFO Channel 02 : 22[85000] -> 21[46000] via P2P/IPC/read
x3004c0s19b1n0:26675:26700 [2] NCCL INFO Channel 00 : 42[85000] -> 41[46000] via P2P/IPC/read
x3002c0s7b0n0:22177:22199 [3] NCCL INFO Connected all trees
x3002c0s7b0n0:22177:22199 [3] NCCL INFO MSCCL: Parsing algorithm /home/yuke/ncclPG/CCL-LYD/msccl_tools_lyd/examples/xml/xml_lyd/ring/allreduce_ring_node16_gpu64_mcl1_mck2_gan0.xml
x3004c0s25b1n0:15334:15355 [3] NCCL INFO Connected all trees
x3004c0s25b1n0:15334:15355 [3] NCCL INFO MSCCL: Parsing algorithm /home/yuke/ncclPG/CCL-LYD/msccl_tools_lyd/examples/xml/xml_lyd/ring/allreduce_ring_node16_gpu64_mcl1_mck2_gan0.xml
x3004c0s31b0n0:33571:33592 [3] NCCL INFO Connected all trees
x3004c0s25b0n0:30547:30572 [0] NCCL INFO Channel 03/0 : 48[7000] -> 52[7000] [receive] via NET/AWS Libfabric/3
x3004c0s31b0n0:33571:33592 [3] NCCL INFO MSCCL: Parsing algorithm /home/yuke/ncclPG/CCL-LYD/msccl_tools_lyd/examples/xml/xml_lyd/ring/allreduce_ring_node16_gpu64_mcl1_mck2_gan0.xml
x3004c0s19b0n0:51997:52020 [3] NCCL INFO Connected all trees
x3004c0s19b0n0:51997:52020 [3] NCCL INFO MSCCL: Parsing algorithm /home/yuke/ncclPG/CCL-LYD/msccl_tools_lyd/examples/xml/xml_lyd/ring/allreduce_ring_node16_gpu64_mcl1_mck2_gan0.xml
x3002c0s7b1n0:33357:33379 [3] NCCL INFO Channel 01/0 : 26[85000] -> 23[c7000] [receive] via NET/AWS Libfabric/1
x3003c0s37b1n0:30529:30550 [3] NCCL INFO Channel 01/0 : 31[c7000] -> 27[c7000] [receive] via NET/AWS Libfabric/1
x3002c0s7b0n0:22177:22199 [3] NCCL INFO Parsed MSCCL Algorithm /home/yuke/ncclPG/CCL-LYD/msccl_tools_lyd/examples/xml/xml_lyd/ring/allreduce_ring_node16_gpu64_mcl1_mck2_gan0.xml successfully.
x3002c0s7b0n0:22177:22199 [3] NCCL INFO Connected 1 MSCCL algorithms
x3002c0s7b0n0:22177:22199 [3] NCCL INFO threadThresholds 8/8/64 | 512/8/64 | 8/8/64 | 8/8/512
x3002c0s7b0n0:22177:22199 [3] NCCL INFO 4 coll channels, 4 p2p channels, 2 p2p channels per peer
x3004c0s25b1n0:15334:15355 [3] NCCL INFO Parsed MSCCL Algorithm /home/yuke/ncclPG/CCL-LYD/msccl_tools_lyd/examples/xml/xml_lyd/ring/allreduce_ring_node16_gpu64_mcl1_mck2_gan0.xml successfully.
x3004c0s31b0n0:33571:33592 [3] NCCL INFO Parsed MSCCL Algorithm /home/yuke/ncclPG/CCL-LYD/msccl_tools_lyd/examples/xml/xml_lyd/ring/allreduce_ring_node16_gpu64_mcl1_mck2_gan0.xml successfully.
x3004c0s31b0n0:33571:33592 [3] NCCL INFO Connected 1 MSCCL algorithms
x3004c0s31b0n0:33571:33592 [3] NCCL INFO threadThresholds 8/8/64 | 512/8/64 | 8/8/64 | 8/8/512
x3004c0s31b0n0:33571:33592 [3] NCCL INFO 4 coll channels, 4 p2p channels, 2 p2p channels per peer
x3002c0s7b1n0:33354:33381 [0] NCCL INFO Channel 03/0 : 20[7000] -> 24[7000] [send] via NET/AWS Libfabric/3
x3004c0s25b1n0:15334:15355 [3] NCCL INFO Connected 1 MSCCL algorithms
x3004c0s25b1n0:15334:15355 [3] NCCL INFO threadThresholds 8/8/64 | 512/8/64 | 8/8/64 | 8/8/512
x3004c0s25b1n0:15334:15355 [3] NCCL INFO 4 coll channels, 4 p2p channels, 2 p2p channels per peer
x3004c0s19b0n0:51997:52020 [3] NCCL INFO Parsed MSCCL Algorithm /home/yuke/ncclPG/CCL-LYD/msccl_tools_lyd/examples/xml/xml_lyd/ring/allreduce_ring_node16_gpu64_mcl1_mck2_gan0.xml successfully.
x3004c0s19b0n0:51997:52020 [3] NCCL INFO Connected 1 MSCCL algorithms
x3004c0s19b0n0:51997:52020 [3] NCCL INFO threadThresholds 8/8/64 | 512/8/64 | 8/8/64 | 8/8/512
x3004c0s19b0n0:51997:52020 [3] NCCL INFO 4 coll channels, 4 p2p channels, 2 p2p channels per peer
x3004c0s1b0n0:7460:7487 [0] NCCL INFO Channel 03/0 : 44[7000] -> 48[7000] [send] via NET/AWS Libfabric/3
x3004c0s19b1n0:26673:26698 [0] NCCL INFO Channel 02/0 : 40[7000] -> 44[7000] [send] via NET/AWS Libfabric/3
x3004c0s25b0n0:30550:30574 [3] NCCL INFO Channel 01/0 : 58[85000] -> 55[c7000] [receive] via NET/AWS Libfabric/1
x3003c0s7b0n0:62837:62858 [3] NCCL INFO Connected all trees
x3003c0s7b0n0:62837:62858 [3] NCCL INFO MSCCL: Parsing algorithm /home/yuke/ncclPG/CCL-LYD/msccl_tools_lyd/examples/xml/xml_lyd/ring/allreduce_ring_node16_gpu64_mcl1_mck2_gan0.xml
x3004c0s19b0n0:51994:52021 [0] NCCL INFO Channel 02/0 : 36[7000] -> 40[7000] [send] via NET/AWS Libfabric/3
x3004c0s1b1n0:10533:10558 [0] NCCL INFO Channel 02/0 : 44[7000] -> 48[7000] [receive] via NET/AWS Libfabric/3
x3003c0s37b1n0:30528:30549 [2] NCCL INFO Channel 00 : 26[85000] -> 25[46000] via P2P/IPC/read
x3003c0s37b1n0:30529:30550 [3] NCCL INFO Connected all trees
x3003c0s37b1n0:30529:30550 [3] NCCL INFO MSCCL: Parsing algorithm /home/yuke/ncclPG/CCL-LYD/msccl_tools_lyd/examples/xml/xml_lyd/ring/allreduce_ring_node16_gpu64_mcl1_mck2_gan0.xml
x3004c0s19b1n0:26675:26700 [2] NCCL INFO Channel 02 : 42[85000] -> 41[46000] via P2P/IPC/read
x3004c0s19b1n0:26673:26698 [0] NCCL INFO Channel 03/0 : 40[7000] -> 44[7000] [send] via NET/AWS Libfabric/3
x3003c0s7b0n0:62834:62861 [0] NCCL INFO Channel 02/0 : 28[7000] -> 12[7000] [send] via NET/AWS Libfabric/3
x3002c0s7b1n0:33357:33379 [3] NCCL INFO Connected all trees
x3002c0s7b1n0:33357:33379 [3] NCCL INFO MSCCL: Parsing algorithm /home/yuke/ncclPG/CCL-LYD/msccl_tools_lyd/examples/xml/xml_lyd/ring/allreduce_ring_node16_gpu64_mcl1_mck2_gan0.xml
x3004c0s25b0n0:30550:30574 [3] NCCL INFO Connected all trees
x3004c0s25b0n0:30550:30574 [3] NCCL INFO MSCCL: Parsing algorithm /home/yuke/ncclPG/CCL-LYD/msccl_tools_lyd/examples/xml/xml_lyd/ring/allreduce_ring_node16_gpu64_mcl1_mck2_gan0.xml
x3004c0s25b1n0:15333:15354 [2] NCCL INFO Channel 00 : 58[85000] -> 57[46000] via P2P/IPC/read
x3003c0s7b0n0:62837:62858 [3] NCCL INFO Parsed MSCCL Algorithm /home/yuke/ncclPG/CCL-LYD/msccl_tools_lyd/examples/xml/xml_lyd/ring/allreduce_ring_node16_gpu64_mcl1_mck2_gan0.xml successfully.
x3003c0s7b0n0:62837:62858 [3] NCCL INFO Connected 1 MSCCL algorithms
x3003c0s7b0n0:62837:62858 [3] NCCL INFO threadThresholds 8/8/64 | 512/8/64 | 8/8/64 | 8/8/512
x3003c0s7b0n0:62837:62858 [3] NCCL INFO 4 coll channels, 4 p2p channels, 2 p2p channels per peer
x3003c0s37b1n0:30529:30550 [3] NCCL INFO Parsed MSCCL Algorithm /home/yuke/ncclPG/CCL-LYD/msccl_tools_lyd/examples/xml/xml_lyd/ring/allreduce_ring_node16_gpu64_mcl1_mck2_gan0.xml successfully.
x3003c0s37b1n0:30529:30550 [3] NCCL INFO Connected 1 MSCCL algorithms
x3003c0s37b1n0:30529:30550 [3] NCCL INFO threadThresholds 8/8/64 | 512/8/64 | 8/8/64 | 8/8/512
x3003c0s37b1n0:30529:30550 [3] NCCL INFO 4 coll channels, 4 p2p channels, 2 p2p channels per peer
x3004c0s19b0n0:51994:52021 [0] NCCL INFO Channel 03/0 : 36[7000] -> 40[7000] [send] via NET/AWS Libfabric/3
x3004c0s25b0n0:30547:30572 [0] NCCL INFO Channel 02/0 : 52[7000] -> 56[7000] [send] via NET/AWS Libfabric/3
x3003c0s7b1n0:35110:35137 [0] NCCL INFO Channel 03/0 : 28[7000] -> 32[7000] [receive] via NET/AWS Libfabric/3
x3002c0s7b1n0:33357:33379 [3] NCCL INFO Parsed MSCCL Algorithm /home/yuke/ncclPG/CCL-LYD/msccl_tools_lyd/examples/xml/xml_lyd/ring/allreduce_ring_node16_gpu64_mcl1_mck2_gan0.xml successfully.
x3002c0s7b1n0:33357:33379 [3] NCCL INFO Connected 1 MSCCL algorithms
x3002c0s7b1n0:33357:33379 [3] NCCL INFO threadThresholds 8/8/64 | 512/8/64 | 8/8/64 | 8/8/512
x3002c0s7b1n0:33357:33379 [3] NCCL INFO 4 coll channels, 4 p2p channels, 2 p2p channels per peer
x3004c0s25b0n0:30550:30574 [3] NCCL INFO Parsed MSCCL Algorithm /home/yuke/ncclPG/CCL-LYD/msccl_tools_lyd/examples/xml/xml_lyd/ring/allreduce_ring_node16_gpu64_mcl1_mck2_gan0.xml successfully.
x3004c0s19b1n0:26675:26700 [2] NCCL INFO Connected all trees
x3004c0s19b1n0:26675:26700 [2] NCCL INFO MSCCL: Parsing algorithm /home/yuke/ncclPG/CCL-LYD/msccl_tools_lyd/examples/xml/xml_lyd/ring/allreduce_ring_node16_gpu64_mcl1_mck2_gan0.xml
x3004c0s19b1n0:26674:26697 [1] NCCL INFO Connected all trees
x3004c0s19b1n0:26674:26697 [1] NCCL INFO MSCCL: Parsing algorithm /home/yuke/ncclPG/CCL-LYD/msccl_tools_lyd/examples/xml/xml_lyd/ring/allreduce_ring_node16_gpu64_mcl1_mck2_gan0.xml
x3004c0s1b1n0:10533:10558 [0] NCCL INFO Channel 03/0 : 44[7000] -> 48[7000] [receive] via NET/AWS Libfabric/3
x3004c0s25b0n0:30550:30574 [3] NCCL INFO Connected 1 MSCCL algorithms
x3004c0s25b0n0:30550:30574 [3] NCCL INFO threadThresholds 8/8/64 | 512/8/64 | 8/8/64 | 8/8/512
x3004c0s25b0n0:30550:30574 [3] NCCL INFO 4 coll channels, 4 p2p channels, 2 p2p channels per peer
x3003c0s7b1n0:35110:35137 [0] NCCL INFO Channel 03/0 : 32[7000] -> 36[7000] [send] via NET/AWS Libfabric/3
x3003c0s7b0n0:62834:62861 [0] NCCL INFO Channel 00/0 : 28[7000] -> 24[7000] [send] via NET/AWS Libfabric/3
x3004c0s19b1n0:26674:26697 [1] NCCL INFO Parsed MSCCL Algorithm /home/yuke/ncclPG/CCL-LYD/msccl_tools_lyd/examples/xml/xml_lyd/ring/allreduce_ring_node16_gpu64_mcl1_mck2_gan0.xml successfully.
x3004c0s19b1n0:26675:26700 [2] NCCL INFO Parsed MSCCL Algorithm /home/yuke/ncclPG/CCL-LYD/msccl_tools_lyd/examples/xml/xml_lyd/ring/allreduce_ring_node16_gpu64_mcl1_mck2_gan0.xml successfully.
x3004c0s19b1n0:26675:26700 [2] NCCL INFO Connected 1 MSCCL algorithms
x3004c0s19b1n0:26675:26700 [2] NCCL INFO threadThresholds 8/8/64 | 512/8/64 | 8/8/64 | 8/8/512
x3004c0s19b1n0:26674:26697 [1] NCCL INFO Connected 1 MSCCL algorithms
x3004c0s19b1n0:26674:26697 [1] NCCL INFO threadThresholds 8/8/64 | 512/8/64 | 8/8/64 | 8/8/512
x3004c0s19b1n0:26674:26697 [1] NCCL INFO 4 coll channels, 4 p2p channels, 2 p2p channels per peer
x3004c0s19b1n0:26675:26700 [2] NCCL INFO 4 coll channels, 4 p2p channels, 2 p2p channels per peer
x3004c0s25b0n0:30547:30572 [0] NCCL INFO Channel 03/0 : 52[7000] -> 56[7000] [send] via NET/AWS Libfabric/3
x3003c0s7b0n0:62834:62861 [0] NCCL INFO Connected all trees
x3003c0s7b0n0:62834:62861 [0] NCCL INFO MSCCL: Parsing algorithm /home/yuke/ncclPG/CCL-LYD/msccl_tools_lyd/examples/xml/xml_lyd/ring/allreduce_ring_node16_gpu64_mcl1_mck2_gan0.xml
x3003c0s37b1n0:30528:30549 [2] NCCL INFO Channel 02 : 26[85000] -> 25[46000] via P2P/IPC/read
x3004c0s25b1n0:15333:15354 [2] NCCL INFO Channel 02 : 58[85000] -> 57[46000] via P2P/IPC/read
x3004c0s25b1n0:15332:15356 [1] NCCL INFO Connected all trees
x3004c0s25b1n0:15332:15356 [1] NCCL INFO MSCCL: Parsing algorithm /home/yuke/ncclPG/CCL-LYD/msccl_tools_lyd/examples/xml/xml_lyd/ring/allreduce_ring_node16_gpu64_mcl1_mck2_gan0.xml
x3004c0s31b0n0:33568:33595 [0] NCCL INFO Channel 00/0 : 60[7000] -> 56[7000] [send] via NET/AWS Libfabric/3
x3004c0s25b1n0:15333:15354 [2] NCCL INFO Connected all trees
x3004c0s25b1n0:15333:15354 [2] NCCL INFO MSCCL: Parsing algorithm /home/yuke/ncclPG/CCL-LYD/msccl_tools_lyd/examples/xml/xml_lyd/ring/allreduce_ring_node16_gpu64_mcl1_mck2_gan0.xml
x3003c0s37b1n0:30527:30551 [1] NCCL INFO Connected all trees
x3003c0s37b1n0:30527:30551 [1] NCCL INFO MSCCL: Parsing algorithm /home/yuke/ncclPG/CCL-LYD/msccl_tools_lyd/examples/xml/xml_lyd/ring/allreduce_ring_node16_gpu64_mcl1_mck2_gan0.xml
x3003c0s37b1n0:30528:30549 [2] NCCL INFO Connected all trees
x3003c0s37b1n0:30528:30549 [2] NCCL INFO MSCCL: Parsing algorithm /home/yuke/ncclPG/CCL-LYD/msccl_tools_lyd/examples/xml/xml_lyd/ring/allreduce_ring_node16_gpu64_mcl1_mck2_gan0.xml
x3003c0s37b1n0:30526:30552 [0] NCCL INFO Channel 02/0 : 24[7000] -> 21[46000] [send] via NET/AWS Libfabric/3
x3003c0s7b0n0:62834:62861 [0] NCCL INFO Parsed MSCCL Algorithm /home/yuke/ncclPG/CCL-LYD/msccl_tools_lyd/examples/xml/xml_lyd/ring/allreduce_ring_node16_gpu64_mcl1_mck2_gan0.xml successfully.
x3004c0s25b1n0:15333:15354 [2] NCCL INFO Parsed MSCCL Algorithm /home/yuke/ncclPG/CCL-LYD/msccl_tools_lyd/examples/xml/xml_lyd/ring/allreduce_ring_node16_gpu64_mcl1_mck2_gan0.xml successfully.
x3004c0s25b1n0:15333:15354 [2] NCCL INFO Connected 1 MSCCL algorithms
x3004c0s25b1n0:15333:15354 [2] NCCL INFO threadThresholds 8/8/64 | 512/8/64 | 8/8/64 | 8/8/512
x3004c0s25b1n0:15333:15354 [2] NCCL INFO 4 coll channels, 4 p2p channels, 2 p2p channels per peer
x3004c0s25b1n0:15332:15356 [1] NCCL INFO Parsed MSCCL Algorithm /home/yuke/ncclPG/CCL-LYD/msccl_tools_lyd/examples/xml/xml_lyd/ring/allreduce_ring_node16_gpu64_mcl1_mck2_gan0.xml successfully.
x3004c0s25b1n0:15332:15356 [1] NCCL INFO Connected 1 MSCCL algorithms
x3004c0s25b1n0:15332:15356 [1] NCCL INFO threadThresholds 8/8/64 | 512/8/64 | 8/8/64 | 8/8/512
x3004c0s25b1n0:15332:15356 [1] NCCL INFO 4 coll channels, 4 p2p channels, 2 p2p channels per peer
x3003c0s37b1n0:30527:30551 [1] NCCL INFO Parsed MSCCL Algorithm /home/yuke/ncclPG/CCL-LYD/msccl_tools_lyd/examples/xml/xml_lyd/ring/allreduce_ring_node16_gpu64_mcl1_mck2_gan0.xml successfully.
x3003c0s37b1n0:30527:30551 [1] NCCL INFO Connected 1 MSCCL algorithms
x3003c0s37b1n0:30527:30551 [1] NCCL INFO threadThresholds 8/8/64 | 512/8/64 | 8/8/64 | 8/8/512
x3003c0s37b1n0:30527:30551 [1] NCCL INFO 4 coll channels, 4 p2p channels, 2 p2p channels per peer
x3003c0s37b1n0:30528:30549 [2] NCCL INFO Parsed MSCCL Algorithm /home/yuke/ncclPG/CCL-LYD/msccl_tools_lyd/examples/xml/xml_lyd/ring/allreduce_ring_node16_gpu64_mcl1_mck2_gan0.xml successfully.
x3003c0s37b1n0:30528:30549 [2] NCCL INFO Connected 1 MSCCL algorithms
x3003c0s37b1n0:30528:30549 [2] NCCL INFO threadThresholds 8/8/64 | 512/8/64 | 8/8/64 | 8/8/512
x3003c0s37b1n0:30528:30549 [2] NCCL INFO 4 coll channels, 4 p2p channels, 2 p2p channels per peer
x3004c0s31b0n0:33568:33595 [0] NCCL INFO Connected all trees
x3004c0s31b0n0:33568:33595 [0] NCCL INFO MSCCL: Parsing algorithm /home/yuke/ncclPG/CCL-LYD/msccl_tools_lyd/examples/xml/xml_lyd/ring/allreduce_ring_node16_gpu64_mcl1_mck2_gan0.xml
x3003c0s37b1n0:30526:30552 [0] NCCL INFO Connected all trees
x3003c0s37b1n0:30526:30552 [0] NCCL INFO MSCCL: Parsing algorithm /home/yuke/ncclPG/CCL-LYD/msccl_tools_lyd/examples/xml/xml_lyd/ring/allreduce_ring_node16_gpu64_mcl1_mck2_gan0.xml
x3004c0s31b0n0:33568:33595 [0] NCCL INFO Parsed MSCCL Algorithm /home/yuke/ncclPG/CCL-LYD/msccl_tools_lyd/examples/xml/xml_lyd/ring/allreduce_ring_node16_gpu64_mcl1_mck2_gan0.xml successfully.
x3003c0s37b1n0:30526:30552 [0] NCCL INFO Parsed MSCCL Algorithm /home/yuke/ncclPG/CCL-LYD/msccl_tools_lyd/examples/xml/xml_lyd/ring/allreduce_ring_node16_gpu64_mcl1_mck2_gan0.xml successfully.
x3004c0s1b1n0:10533:10558 [0] NCCL INFO Channel 03/0 : 48[7000] -> 52[7000] [send] via NET/AWS Libfabric/3
x3002c0s37b1n0:44432:44459 [0] NCCL INFO Channel 02/0 : 12[7000] -> 4[7000] [send] via NET/AWS Libfabric/3
x3004c0s19b1n0:26673:26698 [0] NCCL INFO Connected 1 MSCCL algorithms
x3004c0s19b1n0:26673:26698 [0] NCCL INFO threadThresholds 8/8/64 | 512/8/64 | 8/8/64 | 8/8/512
x3004c0s19b1n0:26673:26698 [0] NCCL INFO 4 coll channels, 4 p2p channels, 2 p2p channels per peer
x3002c0s31b1n0:17645:17672 [0] NCCL INFO Channel 00/0 : 9[46000] -> 4[7000] [receive] via NET/AWS Libfabric/3
x3004c0s1b1n0:10533:10558 [0] NCCL INFO Connected 1 MSCCL algorithms
x3004c0s1b1n0:10533:10558 [0] NCCL INFO threadThresholds 8/8/64 | 512/8/64 | 8/8/64 | 8/8/512
x3004c0s1b1n0:10533:10558 [0] NCCL INFO 4 coll channels, 4 p2p channels, 2 p2p channels per peer
x3004c0s31b0n0:33568:33595 [0] NCCL INFO Channel 02/0 : 56[7000] -> 60[7000] [receive] via NET/AWS Libfabric/3
x3003c0s37b1n0:30526:30552 [0] NCCL INFO Channel 02/0 : 20[7000] -> 24[7000] [receive] via NET/AWS Libfabric/3
x3004c0s25b1n0:15331:15357 [0] NCCL INFO Channel 02/0 : 56[7000] -> 53[46000] [send] via NET/AWS Libfabric/3
x3004c0s25b1n0:15331:15357 [0] NCCL INFO Connected all trees
x3004c0s25b1n0:15331:15357 [0] NCCL INFO MSCCL: Parsing algorithm /home/yuke/ncclPG/CCL-LYD/msccl_tools_lyd/examples/xml/xml_lyd/ring/allreduce_ring_node16_gpu64_mcl1_mck2_gan0.xml
x3002c0s7b1n0:33355:33378 [1] NCCL INFO Connected all trees
x3002c0s7b1n0:33355:33378 [1] NCCL INFO MSCCL: Parsing algorithm /home/yuke/ncclPG/CCL-LYD/msccl_tools_lyd/examples/xml/xml_lyd/ring/allreduce_ring_node16_gpu64_mcl1_mck2_gan0.xml
x3002c0s7b1n0:33356:33380 [2] NCCL INFO Connected all trees
x3002c0s7b1n0:33356:33380 [2] NCCL INFO MSCCL: Parsing algorithm /home/yuke/ncclPG/CCL-LYD/msccl_tools_lyd/examples/xml/xml_lyd/ring/allreduce_ring_node16_gpu64_mcl1_mck2_gan0.xml
x3002c0s37b1n0:44432:44459 [0] NCCL INFO Channel 00/0 : 12[7000] -> 8[7000] [send] via NET/AWS Libfabric/3
x3004c0s1b0n0:7460:7487 [0] NCCL INFO Connected 1 MSCCL algorithms
x3004c0s1b0n0:7460:7487 [0] NCCL INFO threadThresholds 8/8/64 | 512/8/64 | 8/8/64 | 8/8/512
x3004c0s1b0n0:7460:7487 [0] NCCL INFO 4 coll channels, 4 p2p channels, 2 p2p channels per peer
x3004c0s25b1n0:15331:15357 [0] NCCL INFO Parsed MSCCL Algorithm /home/yuke/ncclPG/CCL-LYD/msccl_tools_lyd/examples/xml/xml_lyd/ring/allreduce_ring_node16_gpu64_mcl1_mck2_gan0.xml successfully.
x3003c0s7b0n0:62834:62861 [0] NCCL INFO Channel 02/0 : 24[7000] -> 28[7000] [receive] via NET/AWS Libfabric/3
x3002c0s7b1n0:33355:33378 [1] NCCL INFO Parsed MSCCL Algorithm /home/yuke/ncclPG/CCL-LYD/msccl_tools_lyd/examples/xml/xml_lyd/ring/allreduce_ring_node16_gpu64_mcl1_mck2_gan0.xml successfully.
x3004c0s19b1n0:26673:26698 [0] NCCL INFO comm 0x14838c45a010 rank 40 nranks 64 cudaDev 0 busId 7000 - Init COMPLETE
x3004c0s19b1n0:26674:26697 [1] NCCL INFO comm 0x14ac6045a010 rank 41 nranks 64 cudaDev 1 busId 46000 - Init COMPLETE
x3002c0s7b1n0:33355:33378 [1] NCCL INFO Connected 1 MSCCL algorithms
x3002c0s7b1n0:33355:33378 [1] NCCL INFO threadThresholds 8/8/64 | 512/8/64 | 8/8/64 | 8/8/512
x3002c0s7b1n0:33355:33378 [1] NCCL INFO 4 coll channels, 4 p2p channels, 2 p2p channels per peer
x3004c0s19b1n0:26675:26700 [2] NCCL INFO comm 0x15263645a010 rank 42 nranks 64 cudaDev 2 busId 85000 - Init COMPLETE
x3002c0s37b1n0:44432:44459 [0] NCCL INFO Connected all trees
x3002c0s37b1n0:44432:44459 [0] NCCL INFO MSCCL: Parsing algorithm /home/yuke/ncclPG/CCL-LYD/msccl_tools_lyd/examples/xml/xml_lyd/ring/allreduce_ring_node16_gpu64_mcl1_mck2_gan0.xml
x3004c0s19b1n0:26676:26699 [3] NCCL INFO comm 0x154b3045a010 rank 43 nranks 64 cudaDev 3 busId c7000 - Init COMPLETE
x3002c0s37b0n0:50009:50033 [1] NCCL INFO Connected all trees
x3002c0s37b0n0:50009:50033 [1] NCCL INFO MSCCL: Parsing algorithm /home/yuke/ncclPG/CCL-LYD/msccl_tools_lyd/examples/xml/xml_lyd/ring/allreduce_ring_node16_gpu64_mcl1_mck2_gan0.xml
x3002c0s37b0n0:50010:50035 [2] NCCL INFO Connected all trees
x3002c0s37b0n0:50010:50035 [2] NCCL INFO MSCCL: Parsing algorithm /home/yuke/ncclPG/CCL-LYD/msccl_tools_lyd/examples/xml/xml_lyd/ring/allreduce_ring_node16_gpu64_mcl1_mck2_gan0.xml
x3004c0s1b1n0:10534:10557 [1] NCCL INFO comm 0x14fc2a45a010 rank 49 nranks 64 cudaDev 1 busId 46000 - Init COMPLETE
x3004c0s1b1n0:10535:10556 [2] NCCL INFO comm 0x1524ea45a010 rank 50 nranks 64 cudaDev 2 busId 85000 - Init COMPLETE
x3004c0s1b1n0:10533:10558 [0] NCCL INFO comm 0x14ba3c45a010 rank 48 nranks 64 cudaDev 0 busId 7000 - Init COMPLETE
x3004c0s1b1n0:10536:10559 [3] NCCL INFO comm 0x15342c45a010 rank 51 nranks 64 cudaDev 3 busId c7000 - Init COMPLETE
x3002c0s7b1n0:33356:33380 [2] NCCL INFO Parsed MSCCL Algorithm /home/yuke/ncclPG/CCL-LYD/msccl_tools_lyd/examples/xml/xml_lyd/ring/allreduce_ring_node16_gpu64_mcl1_mck2_gan0.xml successfully.
x3002c0s37b1n0:44432:44459 [0] NCCL INFO Parsed MSCCL Algorithm /home/yuke/ncclPG/CCL-LYD/msccl_tools_lyd/examples/xml/xml_lyd/ring/allreduce_ring_node16_gpu64_mcl1_mck2_gan0.xml successfully.
x3002c0s7b1n0:33356:33380 [2] NCCL INFO Connected 1 MSCCL algorithms
x3002c0s7b1n0:33356:33380 [2] NCCL INFO threadThresholds 8/8/64 | 512/8/64 | 8/8/64 | 8/8/512
x3002c0s7b1n0:33356:33380 [2] NCCL INFO 4 coll channels, 4 p2p channels, 2 p2p channels per peer
x3002c0s37b0n0:50009:50033 [1] NCCL INFO Parsed MSCCL Algorithm /home/yuke/ncclPG/CCL-LYD/msccl_tools_lyd/examples/xml/xml_lyd/ring/allreduce_ring_node16_gpu64_mcl1_mck2_gan0.xml successfully.
x3002c0s37b0n0:50009:50033 [1] NCCL INFO Connected 1 MSCCL algorithms
x3002c0s37b0n0:50009:50033 [1] NCCL INFO threadThresholds 8/8/64 | 512/8/64 | 8/8/64 | 8/8/512
x3002c0s37b0n0:50009:50033 [1] NCCL INFO 4 coll channels, 4 p2p channels, 2 p2p channels per peer
x3002c0s37b0n0:50010:50035 [2] NCCL INFO Parsed MSCCL Algorithm /home/yuke/ncclPG/CCL-LYD/msccl_tools_lyd/examples/xml/xml_lyd/ring/allreduce_ring_node16_gpu64_mcl1_mck2_gan0.xml successfully.
x3002c0s37b0n0:50010:50035 [2] NCCL INFO Connected 1 MSCCL algorithms
x3002c0s37b0n0:50010:50035 [2] NCCL INFO threadThresholds 8/8/64 | 512/8/64 | 8/8/64 | 8/8/512
x3002c0s37b0n0:50010:50035 [2] NCCL INFO 4 coll channels, 4 p2p channels, 2 p2p channels per peer
x3003c0s7b0n0:62834:62861 [0] NCCL INFO Channel 03/0 : 24[7000] -> 28[7000] [receive] via NET/AWS Libfabric/3
x3002c0s31b1n0:17645:17672 [0] NCCL INFO Channel 02/0 : 4[7000] -> 0[7000] [send] via NET/AWS Libfabric/3
x3004c0s31b0n0:33568:33595 [0] NCCL INFO Channel 03/0 : 56[7000] -> 60[7000] [receive] via NET/AWS Libfabric/3
x3002c0s37b0n0:50008:50036 [0] NCCL INFO Channel 02/0 : 8[7000] -> 5[46000] [send] via NET/AWS Libfabric/3
x3004c0s1b0n0:7462:7484 [2] NCCL INFO comm 0x14d3c0a66010 rank 46 nranks 64 cudaDev 2 busId 85000 - Init COMPLETE
x3004c0s1b0n0:7463:7485 [3] NCCL INFO comm 0x14c82c45a010 rank 47 nranks 64 cudaDev 3 busId c7000 - Init COMPLETE
x3004c0s1b0n0:7460:7487 [0] NCCL INFO comm 0x148a203a4010 rank 44 nranks 64 cudaDev 0 busId 7000 - Init COMPLETE
x3004c0s1b0n0:7461:7486 [1] NCCL INFO comm 0x14eb9c45a010 rank 45 nranks 64 cudaDev 1 busId 46000 - Init COMPLETE
x3004c0s25b1n0:15331:15357 [0] NCCL INFO Channel 02/0 : 52[7000] -> 56[7000] [receive] via NET/AWS Libfabric/3
x3002c0s37b1n0:44432:44459 [0] NCCL INFO Channel 02/0 : 8[7000] -> 12[7000] [receive] via NET/AWS Libfabric/3
x3003c0s37b1n0:30526:30552 [0] NCCL INFO Channel 03/0 : 20[7000] -> 24[7000] [receive] via NET/AWS Libfabric/3
x3004c0s25b0n0:30548:30573 [1] NCCL INFO Connected all trees
x3004c0s25b0n0:30548:30573 [1] NCCL INFO MSCCL: Parsing algorithm /home/yuke/ncclPG/CCL-LYD/msccl_tools_lyd/examples/xml/xml_lyd/ring/allreduce_ring_node16_gpu64_mcl1_mck2_gan0.xml
x3004c0s25b0n0:30549:30571 [2] NCCL INFO Connected all trees
x3004c0s25b0n0:30549:30571 [2] NCCL INFO MSCCL: Parsing algorithm /home/yuke/ncclPG/CCL-LYD/msccl_tools_lyd/examples/xml/xml_lyd/ring/allreduce_ring_node16_gpu64_mcl1_mck2_gan0.xml
x3002c0s31b1n0:17645:17672 [0] NCCL INFO Connected all trees
x3002c0s31b1n0:17645:17672 [0] NCCL INFO MSCCL: Parsing algorithm /home/yuke/ncclPG/CCL-LYD/msccl_tools_lyd/examples/xml/xml_lyd/ring/allreduce_ring_node16_gpu64_mcl1_mck2_gan0.xml
x3004c0s31b0n0:33568:33595 [0] NCCL INFO Channel 02/0 : 60[7000] -> 0[7000] [send] via NET/AWS Libfabric/3
x3002c0s37b0n0:50008:50036 [0] NCCL INFO Connected all trees
x3002c0s37b0n0:50008:50036 [0] NCCL INFO MSCCL: Parsing algorithm /home/yuke/ncclPG/CCL-LYD/msccl_tools_lyd/examples/xml/xml_lyd/ring/allreduce_ring_node16_gpu64_mcl1_mck2_gan0.xml
x3002c0s31b0n0:50891:50912 [0] NCCL INFO Connected all trees
x3002c0s31b0n0:50891:50912 [0] NCCL INFO MSCCL: Parsing algorithm /home/yuke/ncclPG/CCL-LYD/msccl_tools_lyd/examples/xml/xml_lyd/ring/allreduce_ring_node16_gpu64_mcl1_mck2_gan0.xml
x3004c0s25b0n0:30549:30571 [2] NCCL INFO Parsed MSCCL Algorithm /home/yuke/ncclPG/CCL-LYD/msccl_tools_lyd/examples/xml/xml_lyd/ring/allreduce_ring_node16_gpu64_mcl1_mck2_gan0.xml successfully.
x3004c0s25b0n0:30548:30573 [1] NCCL INFO Parsed MSCCL Algorithm /home/yuke/ncclPG/CCL-LYD/msccl_tools_lyd/examples/xml/xml_lyd/ring/allreduce_ring_node16_gpu64_mcl1_mck2_gan0.xml successfully.
x3004c0s25b0n0:30548:30573 [1] NCCL INFO Connected 1 MSCCL algorithms
x3004c0s25b0n0:30548:30573 [1] NCCL INFO threadThresholds 8/8/64 | 512/8/64 | 8/8/64 | 8/8/512
x3004c0s25b0n0:30548:30573 [1] NCCL INFO 4 coll channels, 4 p2p channels, 2 p2p channels per peer
x3004c0s25b0n0:30549:30571 [2] NCCL INFO Connected 1 MSCCL algorithms
x3004c0s25b0n0:30549:30571 [2] NCCL INFO threadThresholds 8/8/64 | 512/8/64 | 8/8/64 | 8/8/512
x3004c0s25b0n0:30549:30571 [2] NCCL INFO 4 coll channels, 4 p2p channels, 2 p2p channels per peer
x3002c0s31b1n0:17645:17672 [0] NCCL INFO Parsed MSCCL Algorithm /home/yuke/ncclPG/CCL-LYD/msccl_tools_lyd/examples/xml/xml_lyd/ring/allreduce_ring_node16_gpu64_mcl1_mck2_gan0.xml successfully.
x3002c0s37b0n0:50008:50036 [0] NCCL INFO Parsed MSCCL Algorithm /home/yuke/ncclPG/CCL-LYD/msccl_tools_lyd/examples/xml/xml_lyd/ring/allreduce_ring_node16_gpu64_mcl1_mck2_gan0.xml successfully.
x3002c0s31b0n0:50891:50912 [0] NCCL INFO Parsed MSCCL Algorithm /home/yuke/ncclPG/CCL-LYD/msccl_tools_lyd/examples/xml/xml_lyd/ring/allreduce_ring_node16_gpu64_mcl1_mck2_gan0.xml successfully.
x3003c0s37b1n0:30526:30552 [0] NCCL INFO Channel 02/0 : 24[7000] -> 28[7000] [send] via NET/AWS Libfabric/3
x3003c0s7b0n0:62834:62861 [0] NCCL INFO Channel 02/0 : 28[7000] -> 32[7000] [send] via NET/AWS Libfabric/3
x3004c0s31b0n0:33568:33595 [0] NCCL INFO Channel 03/0 : 60[7000] -> 0[7000] [send] via NET/AWS Libfabric/3
x3004c0s25b1n0:15331:15357 [0] NCCL INFO Channel 03/0 : 52[7000] -> 56[7000] [receive] via NET/AWS Libfabric/3
x3002c0s37b1n0:44432:44459 [0] NCCL INFO Channel 03/0 : 8[7000] -> 12[7000] [receive] via NET/AWS Libfabric/3
x3003c0s7b0n0:62834:62861 [0] NCCL INFO Channel 03/0 : 28[7000] -> 32[7000] [send] via NET/AWS Libfabric/3
x3002c0s31b0n0:50891:50912 [0] NCCL INFO Channel 02/0 : 60[7000] -> 0[7000] [receive] via NET/AWS Libfabric/3
x3002c0s31b1n0:17645:17672 [0] NCCL INFO Channel 03/0 : 0[7000] -> 4[7000] [receive] via NET/AWS Libfabric/3
x3004c0s19b0n0:51994:52021 [0] NCCL INFO Connected 1 MSCCL algorithms
x3004c0s19b0n0:51994:52021 [0] NCCL INFO threadThresholds 8/8/64 | 512/8/64 | 8/8/64 | 8/8/512
x3004c0s19b0n0:51994:52021 [0] NCCL INFO 4 coll channels, 4 p2p channels, 2 p2p channels per peer
x3002c0s31b1n0:17646:17670 [1] NCCL INFO Connected all trees
x3002c0s31b1n0:17646:17670 [1] NCCL INFO MSCCL: Parsing algorithm /home/yuke/ncclPG/CCL-LYD/msccl_tools_lyd/examples/xml/xml_lyd/ring/allreduce_ring_node16_gpu64_mcl1_mck2_gan0.xml
x3002c0s31b1n0:17647:17669 [2] NCCL INFO Connected all trees
x3002c0s31b1n0:17647:17669 [2] NCCL INFO MSCCL: Parsing algorithm /home/yuke/ncclPG/CCL-LYD/msccl_tools_lyd/examples/xml/xml_lyd/ring/allreduce_ring_node16_gpu64_mcl1_mck2_gan0.xml
x3002c0s37b1n0:44432:44459 [0] NCCL INFO Channel 02/0 : 12[7000] -> 16[7000] [send] via NET/AWS Libfabric/3
x3002c0s37b0n0:50008:50036 [0] NCCL INFO Channel 02/0 : 4[7000] -> 8[7000] [receive] via NET/AWS Libfabric/3
x3003c0s37b1n0:30526:30552 [0] NCCL INFO Channel 03/0 : 24[7000] -> 28[7000] [send] via NET/AWS Libfabric/3
x3002c0s31b1n0:17646:17670 [1] NCCL INFO Parsed MSCCL Algorithm /home/yuke/ncclPG/CCL-LYD/msccl_tools_lyd/examples/xml/xml_lyd/ring/allreduce_ring_node16_gpu64_mcl1_mck2_gan0.xml successfully.
x3004c0s25b1n0:15331:15357 [0] NCCL INFO Channel 02/0 : 56[7000] -> 60[7000] [send] via NET/AWS Libfabric/3
x3002c0s31b1n0:17646:17670 [1] NCCL INFO Connected 1 MSCCL algorithms
x3002c0s31b1n0:17646:17670 [1] NCCL INFO threadThresholds 8/8/64 | 512/8/64 | 8/8/64 | 8/8/512
x3002c0s31b1n0:17646:17670 [1] NCCL INFO 4 coll channels, 4 p2p channels, 2 p2p channels per peer
x3002c0s31b1n0:17647:17669 [2] NCCL INFO Parsed MSCCL Algorithm /home/yuke/ncclPG/CCL-LYD/msccl_tools_lyd/examples/xml/xml_lyd/ring/allreduce_ring_node16_gpu64_mcl1_mck2_gan0.xml successfully.
x3002c0s31b1n0:17647:17669 [2] NCCL INFO Connected 1 MSCCL algorithms
x3002c0s31b1n0:17647:17669 [2] NCCL INFO threadThresholds 8/8/64 | 512/8/64 | 8/8/64 | 8/8/512
x3002c0s31b1n0:17647:17669 [2] NCCL INFO 4 coll channels, 4 p2p channels, 2 p2p channels per peer
x3002c0s37b0n0:50008:50036 [0] NCCL INFO Channel 03/0 : 4[7000] -> 8[7000] [receive] via NET/AWS Libfabric/3
x3002c0s37b1n0:44432:44459 [0] NCCL INFO Channel 03/0 : 12[7000] -> 16[7000] [send] via NET/AWS Libfabric/3
x3004c0s19b0n0:51994:52021 [0] NCCL INFO comm 0x150eac45a010 rank 36 nranks 64 cudaDev 0 busId 7000 - Init COMPLETE
x3004c0s19b0n0:51996:52019 [2] NCCL INFO comm 0x15503c253010 rank 38 nranks 64 cudaDev 2 busId 85000 - Init COMPLETE
x3004c0s19b0n0:51997:52020 [3] NCCL INFO comm 0x15261c45a010 rank 39 nranks 64 cudaDev 3 busId c7000 - Init COMPLETE
x3002c0s31b1n0:17645:17672 [0] NCCL INFO Channel 02/0 : 4[7000] -> 8[7000] [send] via NET/AWS Libfabric/3
x3002c0s31b0n0:50891:50912 [0] NCCL INFO Channel 03/0 : 60[7000] -> 0[7000] [receive] via NET/AWS Libfabric/3
x3004c0s19b0n0:51995:52018 [1] NCCL INFO comm 0x14d5a08a5010 rank 37 nranks 64 cudaDev 1 busId 46000 - Init COMPLETE
x3003c0s37b1n0:30526:30552 [0] NCCL INFO Connected 1 MSCCL algorithms
x3003c0s37b1n0:30526:30552 [0] NCCL INFO threadThresholds 8/8/64 | 512/8/64 | 8/8/64 | 8/8/512
x3003c0s37b1n0:30526:30552 [0] NCCL INFO 4 coll channels, 4 p2p channels, 2 p2p channels per peer
x3002c0s31b0n0:50891:50912 [0] NCCL INFO Channel 03/0 : 0[7000] -> 4[7000] [send] via NET/AWS Libfabric/3
x3004c0s25b1n0:15331:15357 [0] NCCL INFO Channel 03/0 : 56[7000] -> 60[7000] [send] via NET/AWS Libfabric/3
x3003c0s7b1n0:35110:35137 [0] NCCL INFO Connected 1 MSCCL algorithms
x3003c0s7b1n0:35110:35137 [0] NCCL INFO threadThresholds 8/8/64 | 512/8/64 | 8/8/64 | 8/8/512
x3003c0s7b1n0:35110:35137 [0] NCCL INFO 4 coll channels, 4 p2p channels, 2 p2p channels per peer
x3003c0s7b0n0:62834:62861 [0] NCCL INFO Connected 1 MSCCL algorithms
x3003c0s7b0n0:62834:62861 [0] NCCL INFO threadThresholds 8/8/64 | 512/8/64 | 8/8/64 | 8/8/512
x3003c0s7b0n0:62834:62861 [0] NCCL INFO 4 coll channels, 4 p2p channels, 2 p2p channels per peer
x3002c0s7b1n0:33354:33381 [0] NCCL INFO Connected 1 MSCCL algorithms
x3002c0s7b1n0:33354:33381 [0] NCCL INFO threadThresholds 8/8/64 | 512/8/64 | 8/8/64 | 8/8/512
x3002c0s7b1n0:33354:33381 [0] NCCL INFO 4 coll channels, 4 p2p channels, 2 p2p channels per peer
x3002c0s31b1n0:17645:17672 [0] NCCL INFO Channel 03/0 : 4[7000] -> 8[7000] [send] via NET/AWS Libfabric/3
x3002c0s37b0n0:50008:50036 [0] NCCL INFO Channel 02/0 : 8[7000] -> 12[7000] [send] via NET/AWS Libfabric/3
x3002c0s37b0n0:50008:50036 [0] NCCL INFO Channel 03/0 : 8[7000] -> 12[7000] [send] via NET/AWS Libfabric/3
x3004c0s25b0n0:30547:30572 [0] NCCL INFO Connected 1 MSCCL algorithms
x3004c0s25b0n0:30547:30572 [0] NCCL INFO threadThresholds 8/8/64 | 512/8/64 | 8/8/64 | 8/8/512
x3004c0s25b0n0:30547:30572 [0] NCCL INFO 4 coll channels, 4 p2p channels, 2 p2p channels per peer
x3004c0s25b1n0:15331:15357 [0] NCCL INFO Connected 1 MSCCL algorithms
x3004c0s25b1n0:15331:15357 [0] NCCL INFO threadThresholds 8/8/64 | 512/8/64 | 8/8/64 | 8/8/512
x3004c0s25b1n0:15331:15357 [0] NCCL INFO 4 coll channels, 4 p2p channels, 2 p2p channels per peer
x3003c0s7b1n0:35110:35137 [0] NCCL INFO comm 0x14de4645a010 rank 32 nranks 64 cudaDev 0 busId 7000 - Init COMPLETE
x3003c0s7b1n0:35112:35134 [2] NCCL INFO comm 0x145ed045a010 rank 34 nranks 64 cudaDev 2 busId 85000 - Init COMPLETE
x3003c0s7b1n0:35111:35135 [1] NCCL INFO comm 0x1476d581a010 rank 33 nranks 64 cudaDev 1 busId 46000 - Init COMPLETE
x3003c0s7b0n0:62835:62860 [1] NCCL INFO comm 0x151b2c45a010 rank 29 nranks 64 cudaDev 1 busId 46000 - Init COMPLETE
x3003c0s37b1n0:30528:30549 [2] NCCL INFO comm 0x154ffa45a010 rank 26 nranks 64 cudaDev 2 busId 85000 - Init COMPLETE
x3003c0s37b1n0:30529:30550 [3] NCCL INFO comm 0x153450285010 rank 27 nranks 64 cudaDev 3 busId c7000 - Init COMPLETE
x3003c0s37b1n0:30526:30552 [0] NCCL INFO comm 0x14d3aa45a010 rank 24 nranks 64 cudaDev 0 busId 7000 - Init COMPLETE
x3003c0s37b1n0:30527:30551 [1] NCCL INFO comm 0x14617c01f010 rank 25 nranks 64 cudaDev 1 busId 46000 - Init COMPLETE
x3002c0s7b1n0:33354:33381 [0] NCCL INFO comm 0x14a8a445a010 rank 20 nranks 64 cudaDev 0 busId 7000 - Init COMPLETE
x3003c0s7b0n0:62837:62858 [3] NCCL INFO comm 0x14f12c45a010 rank 31 nranks 64 cudaDev 3 busId c7000 - Init COMPLETE
x3003c0s7b0n0:62834:62861 [0] NCCL INFO comm 0x15095645a010 rank 28 nranks 64 cudaDev 0 busId 7000 - Init COMPLETE
x3003c0s7b0n0:62836:62859 [2] NCCL INFO comm 0x15237ca09010 rank 30 nranks 64 cudaDev 2 busId 85000 - Init COMPLETE
x3004c0s31b0n0:33568:33595 [0] NCCL INFO Connected 1 MSCCL algorithms
x3004c0s31b0n0:33568:33595 [0] NCCL INFO threadThresholds 8/8/64 | 512/8/64 | 8/8/64 | 8/8/512
x3004c0s31b0n0:33568:33595 [0] NCCL INFO 4 coll channels, 4 p2p channels, 2 p2p channels per peer
x3002c0s7b1n0:33355:33378 [1] NCCL INFO comm 0x149c3c45a010 rank 21 nranks 64 cudaDev 1 busId 46000 - Init COMPLETE
x3002c0s7b1n0:33357:33379 [3] NCCL INFO comm 0x15302001f010 rank 23 nranks 64 cudaDev 3 busId c7000 - Init COMPLETE
x3002c0s7b1n0:33356:33380 [2] NCCL INFO comm 0x14927a45a010 rank 22 nranks 64 cudaDev 2 busId 85000 - Init COMPLETE
x3003c0s7b1n0:35113:35136 [3] NCCL INFO comm 0x155290f81010 rank 35 nranks 64 cudaDev 3 busId c7000 - Init COMPLETE
x3002c0s31b0n0:50891:50912 [0] NCCL INFO Connected 1 MSCCL algorithms
x3002c0s31b0n0:50891:50912 [0] NCCL INFO threadThresholds 8/8/64 | 512/8/64 | 8/8/64 | 8/8/512
x3002c0s31b0n0:50891:50912 [0] NCCL INFO 4 coll channels, 4 p2p channels, 2 p2p channels per peer
x3002c0s7b0n0:22174:22201 [0] NCCL INFO Connected 1 MSCCL algorithms
x3002c0s7b0n0:22174:22201 [0] NCCL INFO threadThresholds 8/8/64 | 512/8/64 | 8/8/64 | 8/8/512
x3002c0s7b0n0:22174:22201 [0] NCCL INFO 4 coll channels, 4 p2p channels, 2 p2p channels per peer
x3004c0s25b0n0:30547:30572 [0] NCCL INFO comm 0x14c22645a010 rank 52 nranks 64 cudaDev 0 busId 7000 - Init COMPLETE
x3004c0s25b0n0:30549:30571 [2] NCCL INFO comm 0x152d7075a010 rank 54 nranks 64 cudaDev 2 busId 85000 - Init COMPLETE
x3002c0s37b0n0:50008:50036 [0] NCCL INFO Connected 1 MSCCL algorithms
x3002c0s37b0n0:50008:50036 [0] NCCL INFO threadThresholds 8/8/64 | 512/8/64 | 8/8/64 | 8/8/512
x3002c0s37b0n0:50008:50036 [0] NCCL INFO 4 coll channels, 4 p2p channels, 2 p2p channels per peer
x3004c0s25b1n0:15331:15357 [0] NCCL INFO comm 0x15193645a010 rank 56 nranks 64 cudaDev 0 busId 7000 - Init COMPLETE
x3002c0s31b1n0:17645:17672 [0] NCCL INFO Connected 1 MSCCL algorithms
x3002c0s31b1n0:17645:17672 [0] NCCL INFO threadThresholds 8/8/64 | 512/8/64 | 8/8/64 | 8/8/512
x3002c0s31b1n0:17645:17672 [0] NCCL INFO 4 coll channels, 4 p2p channels, 2 p2p channels per peer
x3004c0s25b0n0:30550:30574 [3] NCCL INFO comm 0x14e7e08a5010 rank 55 nranks 64 cudaDev 3 busId c7000 - Init COMPLETE
x3004c0s25b0n0:30548:30573 [1] NCCL INFO comm 0x1481a045a010 rank 53 nranks 64 cudaDev 1 busId 46000 - Init COMPLETE
x3004c0s25b1n0:15333:15354 [2] NCCL INFO comm 0x1534303b7010 rank 58 nranks 64 cudaDev 2 busId 85000 - Init COMPLETE
x3002c0s37b1n0:44432:44459 [0] NCCL INFO Connected 1 MSCCL algorithms
x3002c0s37b1n0:44432:44459 [0] NCCL INFO threadThresholds 8/8/64 | 512/8/64 | 8/8/64 | 8/8/512
x3002c0s37b1n0:44432:44459 [0] NCCL INFO 4 coll channels, 4 p2p channels, 2 p2p channels per peer
x3002c0s31b0n0:50891:50912 [0] NCCL INFO comm 0x154f79aab010 rank 0 nranks 64 cudaDev 0 busId 7000 - Init COMPLETE
#
#                                                              out-of-place                       in-place          
#       size         count      type   redop    root     time   algbw   busbw #wrong     time   algbw   busbw #wrong
#        (B)    (elements)                               (us)  (GB/s)  (GB/s)            (us)  (GB/s)  (GB/s)       
x3002c0s31b0n0:50892:50915 [1] NCCL INFO comm 0x14c14a45a010 rank 1 nranks 64 cudaDev 1 busId 46000 - Init COMPLETE
x3002c0s31b0n0:50893:50913 [2] NCCL INFO comm 0x153355bef010 rank 2 nranks 64 cudaDev 2 busId 85000 - Init COMPLETE
x3002c0s31b0n0:50894:50914 [3] NCCL INFO comm 0x14891cc0f010 rank 3 nranks 64 cudaDev 3 busId c7000 - Init COMPLETE
x3004c0s25b1n0:15332:15356 [1] NCCL INFO comm 0x1473b07f7010 rank 57 nranks 64 cudaDev 1 busId 46000 - Init COMPLETE
x3004c0s31b0n0:33568:33595 [0] NCCL INFO comm 0x147ef645a010 rank 60 nranks 64 cudaDev 0 busId 7000 - Init COMPLETE
x3004c0s31b0n0:33570:33593 [2] NCCL INFO comm 0x14c14645a010 rank 62 nranks 64 cudaDev 2 busId 85000 - Init COMPLETE
x3004c0s31b0n0:33571:33592 [3] NCCL INFO comm 0x146945cac010 rank 63 nranks 64 cudaDev 3 busId c7000 - Init COMPLETE
x3004c0s25b1n0:15334:15355 [3] NCCL INFO comm 0x1519e01ab010 rank 59 nranks 64 cudaDev 3 busId c7000 - Init COMPLETE
x3004c0s31b0n0:33569:33594 [1] NCCL INFO comm 0x146e3c45a010 rank 61 nranks 64 cudaDev 1 busId 46000 - Init COMPLETE
x3002c0s7b0n0:22177:22199 [3] NCCL INFO comm 0x14be2c45a010 rank 19 nranks 64 cudaDev 3 busId c7000 - Init COMPLETE
x3002c0s7b0n0:22174:22201 [0] NCCL INFO comm 0x146e6c45a010 rank 16 nranks 64 cudaDev 0 busId 7000 - Init COMPLETE
x3002c0s7b0n0:22175:22198 [1] NCCL INFO comm 0x15474a259010 rank 17 nranks 64 cudaDev 1 busId 46000 - Init COMPLETE
x3002c0s7b0n0:22176:22200 [2] NCCL INFO comm 0x150f7445a010 rank 18 nranks 64 cudaDev 2 busId 85000 - Init COMPLETE
x3002c0s37b0n0:50008:50036 [0] NCCL INFO comm 0x1532cc259010 rank 8 nranks 64 cudaDev 0 busId 7000 - Init COMPLETE
x3002c0s37b0n0:50009:50033 [1] NCCL INFO comm 0x14eba56b1010 rank 9 nranks 64 cudaDev 1 busId 46000 - Init COMPLETE
x3002c0s37b0n0:50010:50035 [2] NCCL INFO comm 0x15511c45a010 rank 10 nranks 64 cudaDev 2 busId 85000 - Init COMPLETE
x3002c0s37b0n0:50011:50034 [3] NCCL INFO comm 0x15378645a010 rank 11 nranks 64 cudaDev 3 busId c7000 - Init COMPLETE
