c198-012:9574:9632 [0] NCCL INFO Channel 00 : 36[2000] -> 37[3000] via direct shared memory
c197-112:13398:13457 [0] NCCL INFO Channel 01 : 28[2000] -> 29[3000] via direct shared memory
c198-012:9574:9632 [0] NCCL INFO Channel 01 : 36[2000] -> 37[3000] via direct shared memory
c197-082:10326:10384 [1] NCCL INFO Connected all rings
c197-101:13215:13271 [1] NCCL INFO Connected all rings
c197-091:29870:29928 [1] NCCL INFO Connected all rings
c197-081:3413:3490 [1] NCCL INFO Connected all rings
c197-111:2291:2349 [1] NCCL INFO Connected all rings
c197-102:23399:23456 [1] NCCL INFO Connected all rings
c198-031:21800:21856 [1] NCCL INFO Connected all rings
c197-092:8679:8737 [1] NCCL INFO Connected all rings
c198-021:21443:21501 [1] NCCL INFO Connected all rings
c198-032:15676:15733 [1] NCCL INFO Connected all rings
c198-011:12470:12526 [1] NCCL INFO Connected all rings
c198-041:2876:2934 [1] NCCL INFO Connected all rings
c198-042:5078:5135 [1] NCCL INFO Connected all rings
c198-022:15399:15459 [1] NCCL INFO Connected all rings
c197-112:13399:13456 [1] NCCL INFO Connected all rings
c198-012:9575:9633 [1] NCCL INFO Connected all rings
c197-082:10326:10384 [1] NCCL INFO Channel 01/0 : 5[3000] -> 8[2000] [send] via NET/IB/0
c197-101:13215:13271 [1] NCCL INFO Channel 00/0 : 8[2000] -> 17[3000] [receive] via NET/IB/0
c198-021:21443:21501 [1] NCCL INFO Channel 00/0 : 36[2000] -> 41[3000] [receive] via NET/IB/0
c197-102:23399:23456 [1] NCCL INFO Channel 01/0 : 21[3000] -> 24[2000] [send] via NET/IB/0
c197-091:29870:29928 [1] NCCL INFO Channel 00/0 : 4[2000] -> 9[3000] [receive] via NET/IB/0
c197-092:8679:8737 [1] NCCL INFO Channel 01/0 : 13[3000] -> 20[2000] [send] via NET/IB/0
c198-031:21800:21856 [1] NCCL INFO Channel 00/0 : 40[2000] -> 49[3000] [receive] via NET/IB/0
c197-111:2291:2349 [1] NCCL INFO Channel 00/0 : 20[2000] -> 25[3000] [receive] via NET/IB/0
c198-032:15676:15733 [1] NCCL INFO Channel 01/0 : 53[3000] -> 56[2000] [send] via NET/IB/0
c198-022:15399:15459 [1] NCCL INFO Channel 01/0 : 45[3000] -> 52[2000] [send] via NET/IB/0
c198-041:2876:2934 [1] NCCL INFO Channel 00/0 : 52[2000] -> 57[3000] [receive] via NET/IB/0
c198-011:12470:12526 [1] NCCL INFO Channel 00/0 : 16[2000] -> 33[3000] [receive] via NET/IB/0
c197-112:13399:13456 [1] NCCL INFO Channel 01/0 : 29[3000] -> 44[2000] [send] via NET/IB/0
c198-012:9575:9633 [1] NCCL INFO Channel 01/0 : 37[3000] -> 40[2000] [send] via NET/IB/0
c198-011:12472:12523 [3] NCCL INFO Channel 01/0 : 35[83000] -> 36[2000] [send] via NET/IB/0
c197-112:13401:13453 [3] NCCL INFO Channel 01/0 : 31[83000] -> 32[2000] [send] via NET/IB/0
c197-101:13217:13269 [3] NCCL INFO Channel 01/0 : 19[83000] -> 20[2000] [send] via NET/IB/0
c198-012:9577:9629 [3] NCCL INFO Channel 01/0 : 39[83000] -> 40[2000] [send] via NET/IB/0
c197-111:2293:2346 [3] NCCL INFO Channel 01/0 : 27[83000] -> 28[2000] [send] via NET/IB/0
c197-102:23401:23453 [3] NCCL INFO Channel 01/0 : 23[83000] -> 24[2000] [send] via NET/IB/0
c197-082:10328:10378 [3] NCCL INFO Channel 01/0 : 7[83000] -> 8[2000] [send] via NET/IB/0
c198-031:21802:21854 [3] NCCL INFO Channel 01/0 : 51[83000] -> 52[2000] [send] via NET/IB/0
c197-091:29872:29924 [3] NCCL INFO Channel 01/0 : 11[83000] -> 12[2000] [send] via NET/IB/0
c198-021:21445:21498 [3] NCCL INFO Channel 01/0 : 43[83000] -> 44[2000] [send] via NET/IB/0
c198-041:2878:2932 [3] NCCL INFO Channel 01/0 : 59[83000] -> 60[2000] [send] via NET/IB/0
c198-042:5080:5133 [3] NCCL INFO Channel 01/0 : 63[83000] -> 0[2000] [send] via NET/IB/0
c198-032:15678:15734 [3] NCCL INFO Channel 01/0 : 55[83000] -> 56[2000] [send] via NET/IB/0
c198-022:15401:15456 [3] NCCL INFO Channel 01/0 : 47[83000] -> 48[2000] [send] via NET/IB/0
c197-092:8681:8733 [3] NCCL INFO Channel 01/0 : 15[83000] -> 16[2000] [send] via NET/IB/0
c197-081:3415:3486 [3] NCCL INFO Channel 01/0 : 3[83000] -> 4[2000] [send] via NET/IB/0
c198-011:12471:12524 [2] NCCL INFO Connected all rings
c198-031:21801:21853 [2] NCCL INFO Connected all rings
c197-101:13216:13268 [2] NCCL INFO Connected all rings
c197-112:13400:13452 [2] NCCL INFO Connected all rings
c198-012:9576:9627 [2] NCCL INFO Connected all rings
c197-082:10327:10381 [2] NCCL INFO Connected all rings
c198-042:5079:5130 [2] NCCL INFO Connected all rings
c197-102:23400:23452 [2] NCCL INFO Connected all rings
c198-032:15677:15729 [2] NCCL INFO Connected all rings
c197-111:2292:2345 [2] NCCL INFO Connected all rings
c197-091:29871:29926 [2] NCCL INFO Connected all rings
c198-041:2877:2929 [2] NCCL INFO Connected all rings
c198-022:15400:15458 [2] NCCL INFO Connected all rings
c198-021:21444:21495 [2] NCCL INFO Connected all rings
c197-092:8680:8731 [2] NCCL INFO Connected all rings
c197-081:3413:3490 [1] NCCL INFO Channel 00 : 1[3000] -> 0[2000] via direct shared memory
c198-042:5078:5135 [1] NCCL INFO Channel 00 : 61[3000] -> 60[2000] via direct shared memory
c198-042:5078:5135 [1] NCCL INFO Channel 01 : 61[3000] -> 60[2000] via direct shared memory
c197-081:3413:3490 [1] NCCL INFO Channel 01 : 1[3000] -> 0[2000] via direct shared memory
c197-081:3414:3488 [2] NCCL INFO Connected all rings
c198-011:12472:12523 [3] NCCL INFO Connected all rings
c198-011:12472:12523 [3] NCCL INFO Channel 00 : 35[83000] -> 34[82000] via direct shared memory
c198-011:12472:12523 [3] NCCL INFO Channel 01 : 35[83000] -> 34[82000] via direct shared memory
c198-012:9577:9629 [3] NCCL INFO Connected all rings
c198-031:21802:21854 [3] NCCL INFO Connected all rings
c198-012:9577:9629 [3] NCCL INFO Channel 00 : 39[83000] -> 38[82000] via direct shared memory
c198-031:21802:21854 [3] NCCL INFO Channel 00 : 51[83000] -> 50[82000] via direct shared memory
c197-112:13401:13453 [3] NCCL INFO Connected all rings
c198-012:9577:9629 [3] NCCL INFO Channel 01 : 39[83000] -> 38[82000] via direct shared memory
c198-031:21802:21854 [3] NCCL INFO Channel 01 : 51[83000] -> 50[82000] via direct shared memory
c197-112:13401:13453 [3] NCCL INFO Channel 00 : 31[83000] -> 30[82000] via direct shared memory
c197-082:10328:10378 [3] NCCL INFO Connected all rings
c197-102:23401:23453 [3] NCCL INFO Connected all rings
c197-082:10328:10378 [3] NCCL INFO Channel 00 : 7[83000] -> 6[82000] via direct shared memory
c198-021:21445:21498 [3] NCCL INFO Connected all rings
c197-112:13401:13453 [3] NCCL INFO Channel 01 : 31[83000] -> 30[82000] via direct shared memory
c197-102:23401:23453 [3] NCCL INFO Channel 00 : 23[83000] -> 22[82000] via direct shared memory
c198-021:21445:21498 [3] NCCL INFO Channel 00 : 43[83000] -> 42[82000] via direct shared memory
c198-032:15678:15734 [3] NCCL INFO Connected all rings
c197-102:23401:23453 [3] NCCL INFO Channel 01 : 23[83000] -> 22[82000] via direct shared memory
c197-091:29872:29924 [3] NCCL INFO Connected all rings
c197-082:10328:10378 [3] NCCL INFO Channel 01 : 7[83000] -> 6[82000] via direct shared memory
c198-041:2878:2932 [3] NCCL INFO Connected all rings
c197-091:29872:29924 [3] NCCL INFO Channel 00 : 11[83000] -> 10[82000] via direct shared memory
c198-021:21445:21498 [3] NCCL INFO Channel 01 : 43[83000] -> 42[82000] via direct shared memory
c198-032:15678:15734 [3] NCCL INFO Channel 00 : 55[83000] -> 54[82000] via direct shared memory
c197-091:29872:29924 [3] NCCL INFO Channel 01 : 11[83000] -> 10[82000] via direct shared memory
c198-022:15401:15456 [3] NCCL INFO Connected all rings
c198-041:2878:2932 [3] NCCL INFO Channel 00 : 59[83000] -> 58[82000] via direct shared memory
c198-032:15678:15734 [3] NCCL INFO Channel 01 : 55[83000] -> 54[82000] via direct shared memory
c198-041:2878:2932 [3] NCCL INFO Channel 01 : 59[83000] -> 58[82000] via direct shared memory
c198-022:15401:15456 [3] NCCL INFO Channel 00 : 47[83000] -> 46[82000] via direct shared memory
c198-022:15401:15456 [3] NCCL INFO Channel 01 : 47[83000] -> 46[82000] via direct shared memory
c197-092:8681:8733 [3] NCCL INFO Connected all rings
c197-111:2293:2346 [3] NCCL INFO Connected all rings
c198-042:5080:5133 [3] NCCL INFO Connected all rings
c198-042:5080:5133 [3] NCCL INFO Channel 00 : 63[83000] -> 62[82000] via direct shared memory
c197-111:2293:2346 [3] NCCL INFO Channel 00 : 27[83000] -> 26[82000] via direct shared memory
c197-092:8681:8733 [3] NCCL INFO Channel 00 : 15[83000] -> 14[82000] via direct shared memory
c197-101:13217:13269 [3] NCCL INFO Connected all rings
c197-111:2293:2346 [3] NCCL INFO Channel 01 : 27[83000] -> 26[82000] via direct shared memory
c198-042:5080:5133 [3] NCCL INFO Channel 01 : 63[83000] -> 62[82000] via direct shared memory
c197-101:13217:13269 [3] NCCL INFO Channel 00 : 19[83000] -> 18[82000] via direct shared memory
c197-092:8681:8733 [3] NCCL INFO Channel 01 : 15[83000] -> 14[82000] via direct shared memory
c197-101:13217:13269 [3] NCCL INFO Channel 01 : 19[83000] -> 18[82000] via direct shared memory
c198-022:15398:15454 [0] NCCL INFO Connected all rings
c198-011:12469:12528 [0] NCCL INFO Connected all rings
c198-012:9574:9632 [0] NCCL INFO Connected all rings
c198-031:21801:21853 [2] NCCL INFO Channel 00 : 50[82000] -> 49[3000] via direct shared memory
c198-031:21801:21853 [2] NCCL INFO Channel 01 : 50[82000] -> 49[3000] via direct shared memory
c198-011:12471:12524 [2] NCCL INFO Channel 00 : 34[82000] -> 33[3000] via direct shared memory
c197-091:29869:29922 [0] NCCL INFO Connected all rings
c198-011:12471:12524 [2] NCCL INFO Channel 01 : 34[82000] -> 33[3000] via direct shared memory
c197-112:13398:13457 [0] NCCL INFO Connected all rings
c197-111:2290:2350 [0] NCCL INFO Connected all rings
c198-042:5077:5136 [0] NCCL INFO Connected all rings
c198-042:5079:5130 [2] NCCL INFO Channel 00 : 62[82000] -> 61[3000] via direct shared memory
c197-101:13216:13268 [2] NCCL INFO Channel 00 : 18[82000] -> 17[3000] via direct shared memory
c198-042:5079:5130 [2] NCCL INFO Channel 01 : 62[82000] -> 61[3000] via direct shared memory
c198-021:21442:21500 [0] NCCL INFO Connected all rings
c197-101:13216:13268 [2] NCCL INFO Channel 01 : 18[82000] -> 17[3000] via direct shared memory
c197-102:23398:23457 [0] NCCL INFO Connected all rings
c197-092:8678:8735 [0] NCCL INFO Connected all rings
c198-021:21444:21495 [2] NCCL INFO Channel 00 : 42[82000] -> 41[3000] via direct shared memory
c197-102:23400:23452 [2] NCCL INFO Channel 00 : 22[82000] -> 21[3000] via direct shared memory
c198-032:15675:15731 [0] NCCL INFO Connected all rings
c198-021:21444:21495 [2] NCCL INFO Channel 01 : 42[82000] -> 41[3000] via direct shared memory
c197-102:23400:23452 [2] NCCL INFO Channel 01 : 22[82000] -> 21[3000] via direct shared memory
c197-081:3412:3463 [0] NCCL INFO Connected all rings
c197-082:10327:10381 [2] NCCL INFO Channel 00 : 6[82000] -> 5[3000] via direct shared memory
c198-031:21799:21858 [0] NCCL INFO Connected all rings
c197-112:13400:13452 [2] NCCL INFO Channel 00 : 30[82000] -> 29[3000] via direct shared memory
c198-012:9576:9627 [2] NCCL INFO Channel 00 : 38[82000] -> 37[3000] via direct shared memory
c197-082:10327:10381 [2] NCCL INFO Channel 01 : 6[82000] -> 5[3000] via direct shared memory
c198-032:15677:15729 [2] NCCL INFO Channel 00 : 54[82000] -> 53[3000] via direct shared memory
c197-112:13400:13452 [2] NCCL INFO Channel 01 : 30[82000] -> 29[3000] via direct shared memory
c198-012:9576:9627 [2] NCCL INFO Channel 01 : 38[82000] -> 37[3000] via direct shared memory
c198-032:15677:15729 [2] NCCL INFO Channel 01 : 54[82000] -> 53[3000] via direct shared memory
c197-081:3415:3486 [3] NCCL INFO Connected all rings
c198-041:2875:2935 [0] NCCL INFO Connected all rings
c197-101:13214:13273 [0] NCCL INFO Connected all rings
c197-081:3415:3486 [3] NCCL INFO Channel 00 : 3[83000] -> 2[82000] via direct shared memory
c198-022:15400:15458 [2] NCCL INFO Channel 00 : 46[82000] -> 45[3000] via direct shared memory
c197-081:3415:3486 [3] NCCL INFO Channel 01 : 3[83000] -> 2[82000] via direct shared memory
c197-092:8680:8731 [2] NCCL INFO Channel 00 : 14[82000] -> 13[3000] via direct shared memory
c198-041:2877:2929 [2] NCCL INFO Channel 00 : 58[82000] -> 57[3000] via direct shared memory
c198-022:15400:15458 [2] NCCL INFO Channel 01 : 46[82000] -> 45[3000] via direct shared memory
c197-092:8680:8731 [2] NCCL INFO Channel 01 : 14[82000] -> 13[3000] via direct shared memory
c198-041:2877:2929 [2] NCCL INFO Channel 01 : 58[82000] -> 57[3000] via direct shared memory
c197-111:2292:2345 [2] NCCL INFO Channel 00 : 26[82000] -> 25[3000] via direct shared memory
c197-111:2292:2345 [2] NCCL INFO Channel 01 : 26[82000] -> 25[3000] via direct shared memory
c197-091:29871:29926 [2] NCCL INFO Channel 00 : 10[82000] -> 9[3000] via direct shared memory
c197-091:29871:29926 [2] NCCL INFO Channel 01 : 10[82000] -> 9[3000] via direct shared memory
c198-031:21802:21854 [3] NCCL INFO Connected all trees
c198-031:21802:21854 [3] NCCL INFO MSCCL_XML_FILES set by environment to /home1/09168/ldai1/ccl-build/msccl_tools_lyd/examples/xml/xml_lyd/ring/allreduce_ring_node16_gpu64_mcl2_mck1_gan0.xml
c198-031:21802:21854 [3] NCCL INFO MSCCL: Parsing algorithm /home1/09168/ldai1/ccl-build/msccl_tools_lyd/examples/xml/xml_lyd/ring/allreduce_ring_node16_gpu64_mcl2_mck1_gan0.xml
c197-082:10325:10383 [0] NCCL INFO Connected all rings
c198-011:12472:12523 [3] NCCL INFO Connected all trees
c198-011:12472:12523 [3] NCCL INFO MSCCL_XML_FILES set by environment to /home1/09168/ldai1/ccl-build/msccl_tools_lyd/examples/xml/xml_lyd/ring/allreduce_ring_node16_gpu64_mcl2_mck1_gan0.xml
c198-011:12472:12523 [3] NCCL INFO MSCCL: Parsing algorithm /home1/09168/ldai1/ccl-build/msccl_tools_lyd/examples/xml/xml_lyd/ring/allreduce_ring_node16_gpu64_mcl2_mck1_gan0.xml
c197-101:13217:13269 [3] NCCL INFO Connected all trees
c197-101:13217:13269 [3] NCCL INFO MSCCL_XML_FILES set by environment to /home1/09168/ldai1/ccl-build/msccl_tools_lyd/examples/xml/xml_lyd/ring/allreduce_ring_node16_gpu64_mcl2_mck1_gan0.xml
c197-102:23401:23453 [3] NCCL INFO Connected all trees
c197-101:13217:13269 [3] NCCL INFO MSCCL: Parsing algorithm /home1/09168/ldai1/ccl-build/msccl_tools_lyd/examples/xml/xml_lyd/ring/allreduce_ring_node16_gpu64_mcl2_mck1_gan0.xml
c197-102:23401:23453 [3] NCCL INFO MSCCL_XML_FILES set by environment to /home1/09168/ldai1/ccl-build/msccl_tools_lyd/examples/xml/xml_lyd/ring/allreduce_ring_node16_gpu64_mcl2_mck1_gan0.xml
c198-021:21445:21498 [3] NCCL INFO Connected all trees
c197-102:23401:23453 [3] NCCL INFO MSCCL: Parsing algorithm /home1/09168/ldai1/ccl-build/msccl_tools_lyd/examples/xml/xml_lyd/ring/allreduce_ring_node16_gpu64_mcl2_mck1_gan0.xml
c198-021:21445:21498 [3] NCCL INFO MSCCL_XML_FILES set by environment to /home1/09168/ldai1/ccl-build/msccl_tools_lyd/examples/xml/xml_lyd/ring/allreduce_ring_node16_gpu64_mcl2_mck1_gan0.xml
c198-021:21445:21498 [3] NCCL INFO MSCCL: Parsing algorithm /home1/09168/ldai1/ccl-build/msccl_tools_lyd/examples/xml/xml_lyd/ring/allreduce_ring_node16_gpu64_mcl2_mck1_gan0.xml
c198-042:5080:5133 [3] NCCL INFO Connected all trees
c198-042:5080:5133 [3] NCCL INFO MSCCL_XML_FILES set by environment to /home1/09168/ldai1/ccl-build/msccl_tools_lyd/examples/xml/xml_lyd/ring/allreduce_ring_node16_gpu64_mcl2_mck1_gan0.xml
c197-082:10328:10378 [3] NCCL INFO Connected all trees
c198-042:5080:5133 [3] NCCL INFO MSCCL: Parsing algorithm /home1/09168/ldai1/ccl-build/msccl_tools_lyd/examples/xml/xml_lyd/ring/allreduce_ring_node16_gpu64_mcl2_mck1_gan0.xml
c197-082:10328:10378 [3] NCCL INFO MSCCL_XML_FILES set by environment to /home1/09168/ldai1/ccl-build/msccl_tools_lyd/examples/xml/xml_lyd/ring/allreduce_ring_node16_gpu64_mcl2_mck1_gan0.xml
c198-012:9577:9629 [3] NCCL INFO Connected all trees
c198-012:9577:9629 [3] NCCL INFO MSCCL_XML_FILES set by environment to /home1/09168/ldai1/ccl-build/msccl_tools_lyd/examples/xml/xml_lyd/ring/allreduce_ring_node16_gpu64_mcl2_mck1_gan0.xml
c197-112:13401:13453 [3] NCCL INFO Connected all trees
c198-012:9577:9629 [3] NCCL INFO MSCCL: Parsing algorithm /home1/09168/ldai1/ccl-build/msccl_tools_lyd/examples/xml/xml_lyd/ring/allreduce_ring_node16_gpu64_mcl2_mck1_gan0.xml
c198-042:5079:5130 [2] NCCL INFO Connected all trees
c197-082:10328:10378 [3] NCCL INFO MSCCL: Parsing algorithm /home1/09168/ldai1/ccl-build/msccl_tools_lyd/examples/xml/xml_lyd/ring/allreduce_ring_node16_gpu64_mcl2_mck1_gan0.xml
c197-112:13401:13453 [3] NCCL INFO MSCCL_XML_FILES set by environment to /home1/09168/ldai1/ccl-build/msccl_tools_lyd/examples/xml/xml_lyd/ring/allreduce_ring_node16_gpu64_mcl2_mck1_gan0.xml
c197-112:13401:13453 [3] NCCL INFO MSCCL: Parsing algorithm /home1/09168/ldai1/ccl-build/msccl_tools_lyd/examples/xml/xml_lyd/ring/allreduce_ring_node16_gpu64_mcl2_mck1_gan0.xml
c198-042:5079:5130 [2] NCCL INFO MSCCL_XML_FILES set by environment to /home1/09168/ldai1/ccl-build/msccl_tools_lyd/examples/xml/xml_lyd/ring/allreduce_ring_node16_gpu64_mcl2_mck1_gan0.xml
c198-032:15678:15734 [3] NCCL INFO Connected all trees
c198-032:15678:15734 [3] NCCL INFO MSCCL_XML_FILES set by environment to /home1/09168/ldai1/ccl-build/msccl_tools_lyd/examples/xml/xml_lyd/ring/allreduce_ring_node16_gpu64_mcl2_mck1_gan0.xml
c198-042:5079:5130 [2] NCCL INFO MSCCL: Parsing algorithm /home1/09168/ldai1/ccl-build/msccl_tools_lyd/examples/xml/xml_lyd/ring/allreduce_ring_node16_gpu64_mcl2_mck1_gan0.xml
c198-032:15678:15734 [3] NCCL INFO MSCCL: Parsing algorithm /home1/09168/ldai1/ccl-build/msccl_tools_lyd/examples/xml/xml_lyd/ring/allreduce_ring_node16_gpu64_mcl2_mck1_gan0.xml
c198-022:15401:15456 [3] NCCL INFO Connected all trees
c198-022:15401:15456 [3] NCCL INFO MSCCL_XML_FILES set by environment to /home1/09168/ldai1/ccl-build/msccl_tools_lyd/examples/xml/xml_lyd/ring/allreduce_ring_node16_gpu64_mcl2_mck1_gan0.xml
c198-022:15401:15456 [3] NCCL INFO MSCCL: Parsing algorithm /home1/09168/ldai1/ccl-build/msccl_tools_lyd/examples/xml/xml_lyd/ring/allreduce_ring_node16_gpu64_mcl2_mck1_gan0.xml
c198-041:2878:2932 [3] NCCL INFO Connected all trees
c198-041:2878:2932 [3] NCCL INFO MSCCL_XML_FILES set by environment to /home1/09168/ldai1/ccl-build/msccl_tools_lyd/examples/xml/xml_lyd/ring/allreduce_ring_node16_gpu64_mcl2_mck1_gan0.xml
c198-041:2878:2932 [3] NCCL INFO MSCCL: Parsing algorithm /home1/09168/ldai1/ccl-build/msccl_tools_lyd/examples/xml/xml_lyd/ring/allreduce_ring_node16_gpu64_mcl2_mck1_gan0.xml
c197-092:8681:8733 [3] NCCL INFO Connected all trees
c197-092:8681:8733 [3] NCCL INFO MSCCL_XML_FILES set by environment to /home1/09168/ldai1/ccl-build/msccl_tools_lyd/examples/xml/xml_lyd/ring/allreduce_ring_node16_gpu64_mcl2_mck1_gan0.xml
c197-092:8681:8733 [3] NCCL INFO MSCCL: Parsing algorithm /home1/09168/ldai1/ccl-build/msccl_tools_lyd/examples/xml/xml_lyd/ring/allreduce_ring_node16_gpu64_mcl2_mck1_gan0.xml
c197-111:2293:2346 [3] NCCL INFO Connected all trees
c197-111:2293:2346 [3] NCCL INFO MSCCL_XML_FILES set by environment to /home1/09168/ldai1/ccl-build/msccl_tools_lyd/examples/xml/xml_lyd/ring/allreduce_ring_node16_gpu64_mcl2_mck1_gan0.xml
c197-111:2293:2346 [3] NCCL INFO MSCCL: Parsing algorithm /home1/09168/ldai1/ccl-build/msccl_tools_lyd/examples/xml/xml_lyd/ring/allreduce_ring_node16_gpu64_mcl2_mck1_gan0.xml
c197-091:29872:29924 [3] NCCL INFO Connected all trees
c197-091:29872:29924 [3] NCCL INFO MSCCL_XML_FILES set by environment to /home1/09168/ldai1/ccl-build/msccl_tools_lyd/examples/xml/xml_lyd/ring/allreduce_ring_node16_gpu64_mcl2_mck1_gan0.xml
c197-091:29872:29924 [3] NCCL INFO MSCCL: Parsing algorithm /home1/09168/ldai1/ccl-build/msccl_tools_lyd/examples/xml/xml_lyd/ring/allreduce_ring_node16_gpu64_mcl2_mck1_gan0.xml
c197-081:3414:3488 [2] NCCL INFO Channel 00 : 2[82000] -> 1[3000] via direct shared memory
c197-081:3414:3488 [2] NCCL INFO Channel 01 : 2[82000] -> 1[3000] via direct shared memory
c197-081:3415:3486 [3] NCCL INFO Connected all trees
c197-081:3415:3486 [3] NCCL INFO MSCCL_XML_FILES set by environment to /home1/09168/ldai1/ccl-build/msccl_tools_lyd/examples/xml/xml_lyd/ring/allreduce_ring_node16_gpu64_mcl2_mck1_gan0.xml
c197-081:3415:3486 [3] NCCL INFO MSCCL: Parsing algorithm /home1/09168/ldai1/ccl-build/msccl_tools_lyd/examples/xml/xml_lyd/ring/allreduce_ring_node16_gpu64_mcl2_mck1_gan0.xml
c197-081:3414:3488 [2] NCCL INFO Connected all trees
c197-081:3414:3488 [2] NCCL INFO MSCCL_XML_FILES set by environment to /home1/09168/ldai1/ccl-build/msccl_tools_lyd/examples/xml/xml_lyd/ring/allreduce_ring_node16_gpu64_mcl2_mck1_gan0.xml
c197-081:3414:3488 [2] NCCL INFO MSCCL: Parsing algorithm /home1/09168/ldai1/ccl-build/msccl_tools_lyd/examples/xml/xml_lyd/ring/allreduce_ring_node16_gpu64_mcl2_mck1_gan0.xml
c198-011:12469:12528 [0] NCCL INFO Channel 01/0 : 32[2000] -> 36[2000] [send] via NET/IB/0
c198-022:15398:15454 [0] NCCL INFO Channel 00/0 : 40[2000] -> 44[2000] [receive] via NET/IB/0
c198-012:9574:9632 [0] NCCL INFO Channel 01/0 : 32[2000] -> 36[2000] [receive] via NET/IB/0
c197-091:29869:29922 [0] NCCL INFO Channel 01/0 : 5[3000] -> 8[2000] [receive] via NET/IB/0
c198-042:5077:5136 [0] NCCL INFO Channel 00/0 : 56[2000] -> 60[2000] [receive] via NET/IB/0
c197-112:13398:13457 [0] NCCL INFO Channel 00/0 : 24[2000] -> 28[2000] [receive] via NET/IB/0
c197-092:8678:8735 [0] NCCL INFO Channel 00/0 : 8[2000] -> 12[2000] [receive] via NET/IB/0
c198-031:21799:21858 [0] NCCL INFO Channel 01/0 : 48[2000] -> 52[2000] [send] via NET/IB/0
c197-111:2290:2350 [0] NCCL INFO Channel 01/0 : 21[3000] -> 24[2000] [receive] via NET/IB/0
c197-102:23398:23457 [0] NCCL INFO Channel 01/0 : 16[2000] -> 20[2000] [receive] via NET/IB/0
c197-081:3412:3463 [0] NCCL INFO Channel 01/0 : 0[2000] -> 4[2000] [send] via NET/IB/0
c198-021:21442:21500 [0] NCCL INFO Channel 01/0 : 37[3000] -> 40[2000] [receive] via NET/IB/0
c198-041:2875:2935 [0] NCCL INFO Channel 01/0 : 53[3000] -> 56[2000] [receive] via NET/IB/0
c198-032:15675:15731 [0] NCCL INFO Channel 01/0 : 48[2000] -> 52[2000] [receive] via NET/IB/0
c197-101:13214:13273 [0] NCCL INFO Channel 01/0 : 16[2000] -> 20[2000] [send] via NET/IB/0
c197-082:10325:10383 [0] NCCL INFO Channel 01/0 : 0[2000] -> 4[2000] [receive] via NET/IB/0
c198-031:21799:21858 [0] NCCL INFO Channel 00/0 : 48[2000] -> 56[2000] [send] via NET/IB/0
c197-102:23399:23456 [1] NCCL INFO Channel 01/0 : 24[2000] -> 21[3000] [receive] via NET/IB/0
c197-082:10326:10384 [1] NCCL INFO Channel 01/0 : 8[2000] -> 5[3000] [receive] via NET/IB/0
c197-101:13214:13273 [0] NCCL INFO Channel 00/0 : 16[2000] -> 24[2000] [send] via NET/IB/0
c197-111:2290:2350 [0] NCCL INFO Channel 00/0 : 24[2000] -> 28[2000] [send] via NET/IB/0
c197-091:29869:29922 [0] NCCL INFO Channel 00/0 : 8[2000] -> 12[2000] [send] via NET/IB/0
c198-041:2875:2935 [0] NCCL INFO Channel 00/0 : 56[2000] -> 60[2000] [send] via NET/IB/0
c197-102:23398:23457 [0] NCCL INFO Channel 00/0 : 20[2000] -> 25[3000] [send] via NET/IB/0
c197-081:3412:3463 [0] NCCL INFO Channel 00/0 : 32[2000] -> 0[2000] [receive] via NET/IB/0
c198-021:21442:21500 [0] NCCL INFO Channel 00/0 : 40[2000] -> 44[2000] [send] via NET/IB/0
c198-032:15675:15731 [0] NCCL INFO Channel 00/0 : 52[2000] -> 57[3000] [send] via NET/IB/0
c198-032:15676:15733 [1] NCCL INFO Channel 01/0 : 56[2000] -> 53[3000] [receive] via NET/IB/0
c198-012:9574:9632 [0] NCCL INFO Channel 00/0 : 36[2000] -> 41[3000] [send] via NET/IB/0
c198-012:9575:9633 [1] NCCL INFO Channel 01/0 : 40[2000] -> 37[3000] [receive] via NET/IB/0
c197-082:10325:10383 [0] NCCL INFO Channel 00/0 : 4[2000] -> 9[3000] [send] via NET/IB/0
c198-011:12469:12528 [0] NCCL INFO Channel 00/0 : 32[2000] -> 48[2000] [send] via NET/IB/0
c198-042:5079:5130 [2] NCCL INFO Parsed MSCCL Algorithm /home1/09168/ldai1/ccl-build/msccl_tools_lyd/examples/xml/xml_lyd/ring/allreduce_ring_node16_gpu64_mcl2_mck1_gan0.xml successfully.
c198-042:5080:5133 [3] NCCL INFO Parsed MSCCL Algorithm /home1/09168/ldai1/ccl-build/msccl_tools_lyd/examples/xml/xml_lyd/ring/allreduce_ring_node16_gpu64_mcl2_mck1_gan0.xml successfully.
c198-042:5079:5130 [2] NCCL INFO Channel 01/0 : 62[82000] -> 1[3000] [send] via NET/IB/0
c197-112:13401:13453 [3] NCCL INFO Parsed MSCCL Algorithm /home1/09168/ldai1/ccl-build/msccl_tools_lyd/examples/xml/xml_lyd/ring/allreduce_ring_node16_gpu64_mcl2_mck1_gan0.xml successfully.
c198-032:15678:15734 [3] NCCL INFO Parsed MSCCL Algorithm /home1/09168/ldai1/ccl-build/msccl_tools_lyd/examples/xml/xml_lyd/ring/allreduce_ring_node16_gpu64_mcl2_mck1_gan0.xml successfully.
c197-111:2293:2346 [3] NCCL INFO Parsed MSCCL Algorithm /home1/09168/ldai1/ccl-build/msccl_tools_lyd/examples/xml/xml_lyd/ring/allreduce_ring_node16_gpu64_mcl2_mck1_gan0.xml successfully.
c198-012:9577:9629 [3] NCCL INFO Parsed MSCCL Algorithm /home1/09168/ldai1/ccl-build/msccl_tools_lyd/examples/xml/xml_lyd/ring/allreduce_ring_node16_gpu64_mcl2_mck1_gan0.xml successfully.
c197-081:3414:3488 [2] NCCL INFO Parsed MSCCL Algorithm /home1/09168/ldai1/ccl-build/msccl_tools_lyd/examples/xml/xml_lyd/ring/allreduce_ring_node16_gpu64_mcl2_mck1_gan0.xml successfully.
c197-082:10328:10378 [3] NCCL INFO Parsed MSCCL Algorithm /home1/09168/ldai1/ccl-build/msccl_tools_lyd/examples/xml/xml_lyd/ring/allreduce_ring_node16_gpu64_mcl2_mck1_gan0.xml successfully.
c198-021:21445:21498 [3] NCCL INFO Parsed MSCCL Algorithm /home1/09168/ldai1/ccl-build/msccl_tools_lyd/examples/xml/xml_lyd/ring/allreduce_ring_node16_gpu64_mcl2_mck1_gan0.xml successfully.
c197-101:13217:13269 [3] NCCL INFO Parsed MSCCL Algorithm /home1/09168/ldai1/ccl-build/msccl_tools_lyd/examples/xml/xml_lyd/ring/allreduce_ring_node16_gpu64_mcl2_mck1_gan0.xml successfully.
c198-031:21802:21854 [3] NCCL INFO Parsed MSCCL Algorithm /home1/09168/ldai1/ccl-build/msccl_tools_lyd/examples/xml/xml_lyd/ring/allreduce_ring_node16_gpu64_mcl2_mck1_gan0.xml successfully.
c197-081:3412:3463 [0] NCCL INFO Channel 00/0 : 0[2000] -> 32[2000] [send] via NET/IB/0
c197-092:8681:8733 [3] NCCL INFO Parsed MSCCL Algorithm /home1/09168/ldai1/ccl-build/msccl_tools_lyd/examples/xml/xml_lyd/ring/allreduce_ring_node16_gpu64_mcl2_mck1_gan0.xml successfully.
c197-081:3415:3486 [3] NCCL INFO Parsed MSCCL Algorithm /home1/09168/ldai1/ccl-build/msccl_tools_lyd/examples/xml/xml_lyd/ring/allreduce_ring_node16_gpu64_mcl2_mck1_gan0.xml successfully.
c197-102:23401:23453 [3] NCCL INFO Parsed MSCCL Algorithm /home1/09168/ldai1/ccl-build/msccl_tools_lyd/examples/xml/xml_lyd/ring/allreduce_ring_node16_gpu64_mcl2_mck1_gan0.xml successfully.
c198-011:12472:12523 [3] NCCL INFO Parsed MSCCL Algorithm /home1/09168/ldai1/ccl-build/msccl_tools_lyd/examples/xml/xml_lyd/ring/allreduce_ring_node16_gpu64_mcl2_mck1_gan0.xml successfully.
c198-041:2878:2932 [3] NCCL INFO Parsed MSCCL Algorithm /home1/09168/ldai1/ccl-build/msccl_tools_lyd/examples/xml/xml_lyd/ring/allreduce_ring_node16_gpu64_mcl2_mck1_gan0.xml successfully.
c198-022:15401:15456 [3] NCCL INFO Parsed MSCCL Algorithm /home1/09168/ldai1/ccl-build/msccl_tools_lyd/examples/xml/xml_lyd/ring/allreduce_ring_node16_gpu64_mcl2_mck1_gan0.xml successfully.
c197-081:3414:3488 [2] NCCL INFO Channel 01/0 : 2[82000] -> 5[3000] [send] via NET/IB/0
c197-091:29872:29924 [3] NCCL INFO Parsed MSCCL Algorithm /home1/09168/ldai1/ccl-build/msccl_tools_lyd/examples/xml/xml_lyd/ring/allreduce_ring_node16_gpu64_mcl2_mck1_gan0.xml successfully.
c197-111:2290:2350 [0] NCCL INFO Channel 00/0 : 16[2000] -> 24[2000] [receive] via NET/IB/0
c197-091:29869:29922 [0] NCCL INFO Channel 00/0 : 8[2000] -> 17[3000] [send] via NET/IB/0
c198-041:2875:2935 [0] NCCL INFO Channel 00/0 : 48[2000] -> 56[2000] [receive] via NET/IB/0
c197-092:8678:8735 [0] NCCL INFO Channel 01/0 : 4[2000] -> 12[2000] [receive] via NET/IB/0
c197-102:23398:23457 [0] NCCL INFO Channel 01/0 : 13[3000] -> 20[2000] [receive] via NET/IB/0
c198-021:21442:21500 [0] NCCL INFO Channel 00/0 : 40[2000] -> 49[3000] [send] via NET/IB/0
c198-042:5077:5136 [0] NCCL INFO Channel 01/0 : 28[2000] -> 60[2000] [receive] via NET/IB/0
c198-032:15675:15731 [0] NCCL INFO Channel 01/0 : 45[3000] -> 52[2000] [receive] via NET/IB/0
c197-112:13398:13457 [0] NCCL INFO Channel 01/0 : 12[2000] -> 28[2000] [receive] via NET/IB/0
c197-111:2291:2349 [1] NCCL INFO Channel 00/0 : 25[3000] -> 20[2000] [send] via NET/IB/0
c197-082:10325:10383 [0] NCCL INFO Channel 01/0 : 4[2000] -> 12[2000] [send] via NET/IB/0
c198-041:2876:2934 [1] NCCL INFO Channel 00/0 : 57[3000] -> 52[2000] [send] via NET/IB/0
c198-022:15398:15454 [0] NCCL INFO Channel 01/0 : 36[2000] -> 44[2000] [receive] via NET/IB/0
c197-091:29870:29928 [1] NCCL INFO Channel 00/0 : 9[3000] -> 4[2000] [send] via NET/IB/0
c198-021:21443:21501 [1] NCCL INFO Channel 00/0 : 41[3000] -> 36[2000] [send] via NET/IB/0
c198-012:9574:9632 [0] NCCL INFO Channel 01/0 : 36[2000] -> 44[2000] [send] via NET/IB/0
c198-042:5077:5136 [0] NCCL INFO Channel 01/0 : 60[2000] -> 28[2000] [send] via NET/IB/0
c197-091:29869:29922 [0] NCCL INFO Channel 00/0 : 17[3000] -> 8[2000] [receive] via NET/IB/0
c197-101:13214:13273 [0] NCCL INFO Channel 00/0 : 16[2000] -> 33[3000] [send] via NET/IB/0
c197-092:8679:8737 [1] NCCL INFO Channel 01/0 : 20[2000] -> 13[3000] [receive] via NET/IB/0
c197-111:2290:2350 [0] NCCL INFO Channel 00/0 : 24[2000] -> 16[2000] [send] via NET/IB/0
c198-031:21799:21858 [0] NCCL INFO Channel 00/0 : 32[2000] -> 48[2000] [receive] via NET/IB/0
c198-021:21442:21500 [0] NCCL INFO Channel 00/0 : 49[3000] -> 40[2000] [receive] via NET/IB/0
c198-041:2875:2935 [0] NCCL INFO Channel 00/0 : 56[2000] -> 48[2000] [send] via NET/IB/0
c197-101:13215:13271 [1] NCCL INFO Channel 00/0 : 17[3000] -> 8[2000] [send] via NET/IB/0
c197-082:10325:10383 [0] NCCL INFO Channel 01/0 : 12[2000] -> 4[2000] [receive] via NET/IB/0
c197-102:23398:23457 [0] NCCL INFO Channel 01/0 : 20[2000] -> 13[3000] [send] via NET/IB/0
c198-031:21800:21856 [1] NCCL INFO Channel 00/0 : 49[3000] -> 40[2000] [send] via NET/IB/0
c198-032:15675:15731 [0] NCCL INFO Channel 01/0 : 52[2000] -> 45[3000] [send] via NET/IB/0
c198-022:15399:15459 [1] NCCL INFO Channel 01/0 : 52[2000] -> 45[3000] [receive] via NET/IB/0
c197-092:8678:8735 [0] NCCL INFO Channel 01/0 : 12[2000] -> 28[2000] [send] via NET/IB/0
c198-022:15398:15454 [0] NCCL INFO Channel 01/0 : 29[3000] -> 44[2000] [receive] via NET/IB/0
c198-012:9574:9632 [0] NCCL INFO Channel 01/0 : 44[2000] -> 36[2000] [receive] via NET/IB/0
c197-101:13215:13271 [1] NCCL INFO Channel 00 : 17[3000] -> 16[2000] via direct shared memory
c197-101:13215:13271 [1] NCCL INFO Channel 01 : 17[3000] -> 16[2000] via direct shared memory
c198-031:21800:21856 [1] NCCL INFO Channel 00 : 49[3000] -> 48[2000] via direct shared memory
c198-031:21800:21856 [1] NCCL INFO Channel 01 : 49[3000] -> 48[2000] via direct shared memory
c197-092:8679:8737 [1] NCCL INFO Channel 00 : 13[3000] -> 12[2000] via direct shared memory
c197-092:8679:8737 [1] NCCL INFO Channel 01 : 13[3000] -> 12[2000] via direct shared memory
c198-022:15399:15459 [1] NCCL INFO Channel 00 : 45[3000] -> 44[2000] via direct shared memory
c197-101:13216:13268 [2] NCCL INFO Connected all trees
c198-022:15399:15459 [1] NCCL INFO Channel 01 : 45[3000] -> 44[2000] via direct shared memory
c197-101:13216:13268 [2] NCCL INFO MSCCL_XML_FILES set by environment to /home1/09168/ldai1/ccl-build/msccl_tools_lyd/examples/xml/xml_lyd/ring/allreduce_ring_node16_gpu64_mcl2_mck1_gan0.xml
c197-101:13216:13268 [2] NCCL INFO MSCCL: Parsing algorithm /home1/09168/ldai1/ccl-build/msccl_tools_lyd/examples/xml/xml_lyd/ring/allreduce_ring_node16_gpu64_mcl2_mck1_gan0.xml
c198-031:21801:21853 [2] NCCL INFO Connected all trees
c198-031:21801:21853 [2] NCCL INFO MSCCL_XML_FILES set by environment to /home1/09168/ldai1/ccl-build/msccl_tools_lyd/examples/xml/xml_lyd/ring/allreduce_ring_node16_gpu64_mcl2_mck1_gan0.xml
c198-031:21801:21853 [2] NCCL INFO MSCCL: Parsing algorithm /home1/09168/ldai1/ccl-build/msccl_tools_lyd/examples/xml/xml_lyd/ring/allreduce_ring_node16_gpu64_mcl2_mck1_gan0.xml
c197-092:8680:8731 [2] NCCL INFO Connected all trees
c197-092:8680:8731 [2] NCCL INFO MSCCL_XML_FILES set by environment to /home1/09168/ldai1/ccl-build/msccl_tools_lyd/examples/xml/xml_lyd/ring/allreduce_ring_node16_gpu64_mcl2_mck1_gan0.xml
c197-092:8680:8731 [2] NCCL INFO MSCCL: Parsing algorithm /home1/09168/ldai1/ccl-build/msccl_tools_lyd/examples/xml/xml_lyd/ring/allreduce_ring_node16_gpu64_mcl2_mck1_gan0.xml
c198-022:15400:15458 [2] NCCL INFO Connected all trees
c198-022:15400:15458 [2] NCCL INFO MSCCL_XML_FILES set by environment to /home1/09168/ldai1/ccl-build/msccl_tools_lyd/examples/xml/xml_lyd/ring/allreduce_ring_node16_gpu64_mcl2_mck1_gan0.xml
c198-022:15400:15458 [2] NCCL INFO MSCCL: Parsing algorithm /home1/09168/ldai1/ccl-build/msccl_tools_lyd/examples/xml/xml_lyd/ring/allreduce_ring_node16_gpu64_mcl2_mck1_gan0.xml
c198-011:12470:12526 [1] NCCL INFO Channel 00/0 : 33[3000] -> 16[2000] [send] via NET/IB/0
c197-102:23398:23457 [0] NCCL INFO Channel 00/0 : 25[3000] -> 20[2000] [receive] via NET/IB/0
c197-091:29869:29922 [0] NCCL INFO Channel 00/0 : 12[2000] -> 8[2000] [receive] via NET/IB/0
c198-032:15675:15731 [0] NCCL INFO Channel 00/0 : 57[3000] -> 52[2000] [receive] via NET/IB/0
c198-031:21799:21858 [0] NCCL INFO Channel 00/0 : 48[2000] -> 32[2000] [send] via NET/IB/0
c198-021:21442:21500 [0] NCCL INFO Channel 00/0 : 44[2000] -> 40[2000] [receive] via NET/IB/0
c197-092:8678:8735 [0] NCCL INFO Channel 01/0 : 28[2000] -> 12[2000] [receive] via NET/IB/0
c197-101:13214:13273 [0] NCCL INFO Channel 00/0 : 33[3000] -> 16[2000] [receive] via NET/IB/0
c198-022:15398:15454 [0] NCCL INFO Channel 01/0 : 44[2000] -> 29[3000] [send] via NET/IB/0
c198-011:12469:12528 [0] NCCL INFO Channel 00/0 : 0[2000] -> 32[2000] [receive] via NET/IB/0
c197-112:13398:13457 [0] NCCL INFO Channel 01/0 : 60[2000] -> 28[2000] [receive] via NET/IB/0
c197-112:13399:13456 [1] NCCL INFO Channel 01/0 : 44[2000] -> 29[3000] [receive] via NET/IB/0
c197-111:2291:2349 [1] NCCL INFO Channel 00 : 25[3000] -> 24[2000] via direct shared memory
c197-111:2291:2349 [1] NCCL INFO Channel 01 : 25[3000] -> 24[2000] via direct shared memory
c198-041:2876:2934 [1] NCCL INFO Channel 00 : 57[3000] -> 56[2000] via direct shared memory
c198-041:2876:2934 [1] NCCL INFO Channel 01 : 57[3000] -> 56[2000] via direct shared memory
c198-011:12470:12526 [1] NCCL INFO Channel 00 : 33[3000] -> 32[2000] via direct shared memory
c198-011:12470:12526 [1] NCCL INFO Channel 01 : 33[3000] -> 32[2000] via direct shared memory
c197-111:2292:2345 [2] NCCL INFO Connected all trees
c197-111:2292:2345 [2] NCCL INFO MSCCL_XML_FILES set by environment to /home1/09168/ldai1/ccl-build/msccl_tools_lyd/examples/xml/xml_lyd/ring/allreduce_ring_node16_gpu64_mcl2_mck1_gan0.xml
c197-111:2292:2345 [2] NCCL INFO MSCCL: Parsing algorithm /home1/09168/ldai1/ccl-build/msccl_tools_lyd/examples/xml/xml_lyd/ring/allreduce_ring_node16_gpu64_mcl2_mck1_gan0.xml
c197-112:13399:13456 [1] NCCL INFO Channel 00 : 29[3000] -> 28[2000] via direct shared memory
c197-112:13399:13456 [1] NCCL INFO Channel 01 : 29[3000] -> 28[2000] via direct shared memory
c198-041:2877:2929 [2] NCCL INFO Connected all trees
c198-041:2877:2929 [2] NCCL INFO MSCCL_XML_FILES set by environment to /home1/09168/ldai1/ccl-build/msccl_tools_lyd/examples/xml/xml_lyd/ring/allreduce_ring_node16_gpu64_mcl2_mck1_gan0.xml
c198-041:2877:2929 [2] NCCL INFO MSCCL: Parsing algorithm /home1/09168/ldai1/ccl-build/msccl_tools_lyd/examples/xml/xml_lyd/ring/allreduce_ring_node16_gpu64_mcl2_mck1_gan0.xml
c198-011:12471:12524 [2] NCCL INFO Connected all trees
c198-011:12471:12524 [2] NCCL INFO MSCCL_XML_FILES set by environment to /home1/09168/ldai1/ccl-build/msccl_tools_lyd/examples/xml/xml_lyd/ring/allreduce_ring_node16_gpu64_mcl2_mck1_gan0.xml
c198-011:12471:12524 [2] NCCL INFO MSCCL: Parsing algorithm /home1/09168/ldai1/ccl-build/msccl_tools_lyd/examples/xml/xml_lyd/ring/allreduce_ring_node16_gpu64_mcl2_mck1_gan0.xml
c197-112:13400:13452 [2] NCCL INFO Connected all trees
c197-112:13400:13452 [2] NCCL INFO MSCCL_XML_FILES set by environment to /home1/09168/ldai1/ccl-build/msccl_tools_lyd/examples/xml/xml_lyd/ring/allreduce_ring_node16_gpu64_mcl2_mck1_gan0.xml
c197-112:13400:13452 [2] NCCL INFO MSCCL: Parsing algorithm /home1/09168/ldai1/ccl-build/msccl_tools_lyd/examples/xml/xml_lyd/ring/allreduce_ring_node16_gpu64_mcl2_mck1_gan0.xml
c198-011:12469:12528 [0] NCCL INFO Channel 00/0 : 32[2000] -> 0[2000] [send] via NET/IB/0
c197-112:13398:13457 [0] NCCL INFO Channel 01/0 : 28[2000] -> 60[2000] [send] via NET/IB/0
c197-102:23398:23457 [0] NCCL INFO Channel 01/0 : 20[2000] -> 16[2000] [send] via NET/IB/0
c198-032:15675:15731 [0] NCCL INFO Channel 01/0 : 52[2000] -> 48[2000] [send] via NET/IB/0
c197-101:13216:13268 [2] NCCL INFO Parsed MSCCL Algorithm /home1/09168/ldai1/ccl-build/msccl_tools_lyd/examples/xml/xml_lyd/ring/allreduce_ring_node16_gpu64_mcl2_mck1_gan0.xml successfully.
c198-031:21801:21853 [2] NCCL INFO Parsed MSCCL Algorithm /home1/09168/ldai1/ccl-build/msccl_tools_lyd/examples/xml/xml_lyd/ring/allreduce_ring_node16_gpu64_mcl2_mck1_gan0.xml successfully.
c197-101:13214:13273 [0] NCCL INFO Channel 00/0 : 24[2000] -> 16[2000] [receive] via NET/IB/0
c197-092:8680:8731 [2] NCCL INFO Parsed MSCCL Algorithm /home1/09168/ldai1/ccl-build/msccl_tools_lyd/examples/xml/xml_lyd/ring/allreduce_ring_node16_gpu64_mcl2_mck1_gan0.xml successfully.
c198-022:15398:15454 [0] NCCL INFO Channel 01/0 : 44[2000] -> 36[2000] [send] via NET/IB/0
c197-101:13216:13268 [2] NCCL INFO Channel 01/0 : 18[82000] -> 21[3000] [send] via NET/IB/0
c198-031:21801:21853 [2] NCCL INFO Channel 01/0 : 50[82000] -> 53[3000] [send] via NET/IB/0
c198-022:15400:15458 [2] NCCL INFO Parsed MSCCL Algorithm /home1/09168/ldai1/ccl-build/msccl_tools_lyd/examples/xml/xml_lyd/ring/allreduce_ring_node16_gpu64_mcl2_mck1_gan0.xml successfully.
c197-092:8680:8731 [2] NCCL INFO Channel 01/0 : 14[82000] -> 17[3000] [send] via NET/IB/0
c198-022:15400:15458 [2] NCCL INFO Channel 01/0 : 46[82000] -> 49[3000] [send] via NET/IB/0
c197-111:2292:2345 [2] NCCL INFO Parsed MSCCL Algorithm /home1/09168/ldai1/ccl-build/msccl_tools_lyd/examples/xml/xml_lyd/ring/allreduce_ring_node16_gpu64_mcl2_mck1_gan0.xml successfully.
c197-111:2290:2350 [0] NCCL INFO Channel 00/0 : 28[2000] -> 24[2000] [receive] via NET/IB/0
c197-081:3412:3463 [0] NCCL INFO Channel 01/0 : 4[2000] -> 0[2000] [receive] via NET/IB/0
c198-042:5077:5136 [0] NCCL INFO Channel 00/0 : 60[2000] -> 56[2000] [send] via NET/IB/0
c198-022:15398:15454 [0] NCCL INFO Channel 00/0 : 44[2000] -> 40[2000] [send] via NET/IB/0
c197-112:13398:13457 [0] NCCL INFO Channel 01/0 : 28[2000] -> 12[2000] [send] via NET/IB/0
c197-101:13214:13273 [0] NCCL INFO Channel 01/0 : 20[2000] -> 16[2000] [receive] via NET/IB/0
c198-041:2877:2929 [2] NCCL INFO Parsed MSCCL Algorithm /home1/09168/ldai1/ccl-build/msccl_tools_lyd/examples/xml/xml_lyd/ring/allreduce_ring_node16_gpu64_mcl2_mck1_gan0.xml successfully.
c198-011:12471:12524 [2] NCCL INFO Parsed MSCCL Algorithm /home1/09168/ldai1/ccl-build/msccl_tools_lyd/examples/xml/xml_lyd/ring/allreduce_ring_node16_gpu64_mcl2_mck1_gan0.xml successfully.
c197-111:2292:2345 [2] NCCL INFO Channel 01/0 : 26[82000] -> 29[3000] [send] via NET/IB/0
c197-112:13400:13452 [2] NCCL INFO Parsed MSCCL Algorithm /home1/09168/ldai1/ccl-build/msccl_tools_lyd/examples/xml/xml_lyd/ring/allreduce_ring_node16_gpu64_mcl2_mck1_gan0.xml successfully.
c198-012:9574:9632 [0] NCCL INFO Channel 00/0 : 41[3000] -> 36[2000] [receive] via NET/IB/0
c198-041:2877:2929 [2] NCCL INFO Channel 01/0 : 58[82000] -> 61[3000] [send] via NET/IB/0
c198-011:12471:12524 [2] NCCL INFO Channel 01/0 : 34[82000] -> 37[3000] [send] via NET/IB/0
c197-112:13400:13452 [2] NCCL INFO Channel 01/0 : 30[82000] -> 33[3000] [send] via NET/IB/0
c198-011:12469:12528 [0] NCCL INFO Channel 00/0 : 48[2000] -> 32[2000] [receive] via NET/IB/0
c198-022:15398:15454 [0] NCCL INFO Connected all trees
c198-022:15398:15454 [0] NCCL INFO MSCCL_XML_FILES set by environment to /home1/09168/ldai1/ccl-build/msccl_tools_lyd/examples/xml/xml_lyd/ring/allreduce_ring_node16_gpu64_mcl2_mck1_gan0.xml
c198-022:15398:15454 [0] NCCL INFO MSCCL: Parsing algorithm /home1/09168/ldai1/ccl-build/msccl_tools_lyd/examples/xml/xml_lyd/ring/allreduce_ring_node16_gpu64_mcl2_mck1_gan0.xml
c197-101:13214:13273 [0] NCCL INFO Connected all trees
c197-101:13214:13273 [0] NCCL INFO MSCCL_XML_FILES set by environment to /home1/09168/ldai1/ccl-build/msccl_tools_lyd/examples/xml/xml_lyd/ring/allreduce_ring_node16_gpu64_mcl2_mck1_gan0.xml
c197-101:13214:13273 [0] NCCL INFO MSCCL: Parsing algorithm /home1/09168/ldai1/ccl-build/msccl_tools_lyd/examples/xml/xml_lyd/ring/allreduce_ring_node16_gpu64_mcl2_mck1_gan0.xml
c198-021:21443:21501 [1] NCCL INFO Channel 00 : 41[3000] -> 40[2000] via direct shared memory
c198-021:21443:21501 [1] NCCL INFO Channel 01 : 41[3000] -> 40[2000] via direct shared memory
c198-022:15399:15459 [1] NCCL INFO Connected all trees
c198-022:15399:15459 [1] NCCL INFO MSCCL_XML_FILES set by environment to /home1/09168/ldai1/ccl-build/msccl_tools_lyd/examples/xml/xml_lyd/ring/allreduce_ring_node16_gpu64_mcl2_mck1_gan0.xml
c198-022:15399:15459 [1] NCCL INFO MSCCL: Parsing algorithm /home1/09168/ldai1/ccl-build/msccl_tools_lyd/examples/xml/xml_lyd/ring/allreduce_ring_node16_gpu64_mcl2_mck1_gan0.xml
c197-101:13215:13271 [1] NCCL INFO Connected all trees
c197-101:13215:13271 [1] NCCL INFO MSCCL_XML_FILES set by environment to /home1/09168/ldai1/ccl-build/msccl_tools_lyd/examples/xml/xml_lyd/ring/allreduce_ring_node16_gpu64_mcl2_mck1_gan0.xml
c197-101:13215:13271 [1] NCCL INFO MSCCL: Parsing algorithm /home1/09168/ldai1/ccl-build/msccl_tools_lyd/examples/xml/xml_lyd/ring/allreduce_ring_node16_gpu64_mcl2_mck1_gan0.xml
c198-021:21444:21495 [2] NCCL INFO Connected all trees
c198-021:21444:21495 [2] NCCL INFO MSCCL_XML_FILES set by environment to /home1/09168/ldai1/ccl-build/msccl_tools_lyd/examples/xml/xml_lyd/ring/allreduce_ring_node16_gpu64_mcl2_mck1_gan0.xml
c198-021:21444:21495 [2] NCCL INFO MSCCL: Parsing algorithm /home1/09168/ldai1/ccl-build/msccl_tools_lyd/examples/xml/xml_lyd/ring/allreduce_ring_node16_gpu64_mcl2_mck1_gan0.xml
c197-112:13398:13457 [0] NCCL INFO Channel 00/0 : 28[2000] -> 24[2000] [send] via NET/IB/0
c197-092:8678:8735 [0] NCCL INFO Channel 01/0 : 12[2000] -> 4[2000] [send] via NET/IB/0
c198-021:21442:21500 [0] NCCL INFO Channel 01/0 : 40[2000] -> 37[3000] [send] via NET/IB/0
c198-012:9574:9632 [0] NCCL INFO Channel 01/0 : 36[2000] -> 32[2000] [send] via NET/IB/0
c198-031:21799:21858 [0] NCCL INFO Channel 00/0 : 56[2000] -> 48[2000] [receive] via NET/IB/0
c198-011:12469:12528 [0] NCCL INFO Channel 01/0 : 36[2000] -> 32[2000] [receive] via NET/IB/0
c198-021:21442:21500 [0] NCCL INFO Connected all trees
c198-021:21442:21500 [0] NCCL INFO MSCCL_XML_FILES set by environment to /home1/09168/ldai1/ccl-build/msccl_tools_lyd/examples/xml/xml_lyd/ring/allreduce_ring_node16_gpu64_mcl2_mck1_gan0.xml
c198-021:21442:21500 [0] NCCL INFO MSCCL: Parsing algorithm /home1/09168/ldai1/ccl-build/msccl_tools_lyd/examples/xml/xml_lyd/ring/allreduce_ring_node16_gpu64_mcl2_mck1_gan0.xml
c197-112:13398:13457 [0] NCCL INFO Connected all trees
c197-112:13398:13457 [0] NCCL INFO MSCCL_XML_FILES set by environment to /home1/09168/ldai1/ccl-build/msccl_tools_lyd/examples/xml/xml_lyd/ring/allreduce_ring_node16_gpu64_mcl2_mck1_gan0.xml
c197-112:13398:13457 [0] NCCL INFO MSCCL: Parsing algorithm /home1/09168/ldai1/ccl-build/msccl_tools_lyd/examples/xml/xml_lyd/ring/allreduce_ring_node16_gpu64_mcl2_mck1_gan0.xml
c198-021:21443:21501 [1] NCCL INFO Connected all trees
c198-021:21443:21501 [1] NCCL INFO MSCCL_XML_FILES set by environment to /home1/09168/ldai1/ccl-build/msccl_tools_lyd/examples/xml/xml_lyd/ring/allreduce_ring_node16_gpu64_mcl2_mck1_gan0.xml
c198-021:21443:21501 [1] NCCL INFO MSCCL: Parsing algorithm /home1/09168/ldai1/ccl-build/msccl_tools_lyd/examples/xml/xml_lyd/ring/allreduce_ring_node16_gpu64_mcl2_mck1_gan0.xml
c198-012:9575:9633 [1] NCCL INFO Channel 00 : 37[3000] -> 36[2000] via direct shared memory
c198-012:9575:9633 [1] NCCL INFO Channel 01 : 37[3000] -> 36[2000] via direct shared memory
c197-112:13399:13456 [1] NCCL INFO Connected all trees
c197-112:13399:13456 [1] NCCL INFO MSCCL_XML_FILES set by environment to /home1/09168/ldai1/ccl-build/msccl_tools_lyd/examples/xml/xml_lyd/ring/allreduce_ring_node16_gpu64_mcl2_mck1_gan0.xml
c197-112:13399:13456 [1] NCCL INFO MSCCL: Parsing algorithm /home1/09168/ldai1/ccl-build/msccl_tools_lyd/examples/xml/xml_lyd/ring/allreduce_ring_node16_gpu64_mcl2_mck1_gan0.xml
c198-012:9576:9627 [2] NCCL INFO Connected all trees
c198-012:9576:9627 [2] NCCL INFO MSCCL_XML_FILES set by environment to /home1/09168/ldai1/ccl-build/msccl_tools_lyd/examples/xml/xml_lyd/ring/allreduce_ring_node16_gpu64_mcl2_mck1_gan0.xml
c198-012:9576:9627 [2] NCCL INFO MSCCL: Parsing algorithm /home1/09168/ldai1/ccl-build/msccl_tools_lyd/examples/xml/xml_lyd/ring/allreduce_ring_node16_gpu64_mcl2_mck1_gan0.xml
c198-012:9574:9632 [0] NCCL INFO Connected all trees
c198-012:9574:9632 [0] NCCL INFO MSCCL_XML_FILES set by environment to /home1/09168/ldai1/ccl-build/msccl_tools_lyd/examples/xml/xml_lyd/ring/allreduce_ring_node16_gpu64_mcl2_mck1_gan0.xml
c198-012:9574:9632 [0] NCCL INFO MSCCL: Parsing algorithm /home1/09168/ldai1/ccl-build/msccl_tools_lyd/examples/xml/xml_lyd/ring/allreduce_ring_node16_gpu64_mcl2_mck1_gan0.xml
c198-011:12469:12528 [0] NCCL INFO Connected all trees
c198-011:12469:12528 [0] NCCL INFO MSCCL_XML_FILES set by environment to /home1/09168/ldai1/ccl-build/msccl_tools_lyd/examples/xml/xml_lyd/ring/allreduce_ring_node16_gpu64_mcl2_mck1_gan0.xml
c198-011:12469:12528 [0] NCCL INFO MSCCL: Parsing algorithm /home1/09168/ldai1/ccl-build/msccl_tools_lyd/examples/xml/xml_lyd/ring/allreduce_ring_node16_gpu64_mcl2_mck1_gan0.xml
c198-012:9575:9633 [1] NCCL INFO Connected all trees
c198-012:9575:9633 [1] NCCL INFO MSCCL_XML_FILES set by environment to /home1/09168/ldai1/ccl-build/msccl_tools_lyd/examples/xml/xml_lyd/ring/allreduce_ring_node16_gpu64_mcl2_mck1_gan0.xml
c198-012:9575:9633 [1] NCCL INFO MSCCL: Parsing algorithm /home1/09168/ldai1/ccl-build/msccl_tools_lyd/examples/xml/xml_lyd/ring/allreduce_ring_node16_gpu64_mcl2_mck1_gan0.xml
c198-011:12470:12526 [1] NCCL INFO Connected all trees
c198-011:12470:12526 [1] NCCL INFO MSCCL_XML_FILES set by environment to /home1/09168/ldai1/ccl-build/msccl_tools_lyd/examples/xml/xml_lyd/ring/allreduce_ring_node16_gpu64_mcl2_mck1_gan0.xml
c198-011:12470:12526 [1] NCCL INFO MSCCL: Parsing algorithm /home1/09168/ldai1/ccl-build/msccl_tools_lyd/examples/xml/xml_lyd/ring/allreduce_ring_node16_gpu64_mcl2_mck1_gan0.xml
c198-022:15398:15454 [0] NCCL INFO Parsed MSCCL Algorithm /home1/09168/ldai1/ccl-build/msccl_tools_lyd/examples/xml/xml_lyd/ring/allreduce_ring_node16_gpu64_mcl2_mck1_gan0.xml successfully.
c198-022:15398:15454 [0] NCCL INFO Channel 01 : 44[2000] -> 47[83000] via direct shared memory
c198-022:15401:15456 [3] NCCL INFO Channel 00/0 : 40[2000] -> 47[83000] [receive] via NET/IB/0
c198-022:15398:15454 [0] NCCL INFO Channel 00/0 : 44[2000] -> 51[83000] [send] via NET/IB/0
c197-092:8678:8735 [0] NCCL INFO Channel 00/0 : 12[2000] -> 8[2000] [send] via NET/IB/0
c197-111:2290:2350 [0] NCCL INFO Channel 01/0 : 24[2000] -> 21[3000] [send] via NET/IB/0
c198-022:15399:15459 [1] NCCL INFO Parsed MSCCL Algorithm /home1/09168/ldai1/ccl-build/msccl_tools_lyd/examples/xml/xml_lyd/ring/allreduce_ring_node16_gpu64_mcl2_mck1_gan0.xml successfully.
c198-022:15399:15459 [1] NCCL INFO Channel 01/0 : 42[82000] -> 45[3000] [receive] via NET/IB/0
c197-082:10325:10383 [0] NCCL INFO Channel 00/0 : 9[3000] -> 4[2000] [receive] via NET/IB/0
c197-101:13214:13273 [0] NCCL INFO Parsed MSCCL Algorithm /home1/09168/ldai1/ccl-build/msccl_tools_lyd/examples/xml/xml_lyd/ring/allreduce_ring_node16_gpu64_mcl2_mck1_gan0.xml successfully.
c197-101:13214:13273 [0] NCCL INFO Channel 01 : 16[2000] -> 19[83000] via direct shared memory
c197-101:13217:13269 [3] NCCL INFO Channel 00/0 : 12[2000] -> 19[83000] [receive] via NET/IB/0
c197-101:13214:13273 [0] NCCL INFO Channel 00/0 : 16[2000] -> 23[83000] [send] via NET/IB/0
c198-021:21444:21495 [2] NCCL INFO Parsed MSCCL Algorithm /home1/09168/ldai1/ccl-build/msccl_tools_lyd/examples/xml/xml_lyd/ring/allreduce_ring_node16_gpu64_mcl2_mck1_gan0.xml successfully.
c197-101:13215:13271 [1] NCCL INFO Parsed MSCCL Algorithm /home1/09168/ldai1/ccl-build/msccl_tools_lyd/examples/xml/xml_lyd/ring/allreduce_ring_node16_gpu64_mcl2_mck1_gan0.xml successfully.
c197-101:13215:13271 [1] NCCL INFO Channel 01/0 : 14[82000] -> 17[3000] [receive] via NET/IB/0
c198-041:2875:2935 [0] NCCL INFO Channel 00/0 : 60[2000] -> 56[2000] [receive] via NET/IB/0
c198-031:21799:21858 [0] NCCL INFO Channel 01/0 : 52[2000] -> 48[2000] [receive] via NET/IB/0
c198-021:21444:21495 [2] NCCL INFO Channel 01/0 : 42[82000] -> 45[3000] [send] via NET/IB/0
c197-092:8680:8731 [2] NCCL INFO Connected 1 MSCCL algorithms
c197-092:8680:8731 [2] NCCL INFO NCCL_PROTO set by environment to Simple
c197-092:8680:8731 [2] NCCL INFO NCCL_ALGO set by environment to MSCCL,TREE,RING
c197-092:8680:8731 [2] NCCL INFO threadThresholds 8/8/64 | 512/8/64 | 8/8/64 | 8/8/512
c197-092:8680:8731 [2] NCCL INFO 2 coll channels, 2 p2p channels, 2 p2p channels per peer
c197-101:13215:13271 [1] NCCL INFO Connected 1 MSCCL algorithms
c197-101:13215:13271 [1] NCCL INFO NCCL_PROTO set by environment to Simple
c197-101:13215:13271 [1] NCCL INFO NCCL_ALGO set by environment to MSCCL,TREE,RING
c197-101:13215:13271 [1] NCCL INFO threadThresholds 8/8/64 | 512/8/64 | 8/8/64 | 8/8/512
c197-101:13215:13271 [1] NCCL INFO 2 coll channels, 2 p2p channels, 2 p2p channels per peer
c198-021:21444:21495 [2] NCCL INFO Connected 1 MSCCL algorithms
c198-021:21444:21495 [2] NCCL INFO NCCL_PROTO set by environment to Simple
c198-021:21444:21495 [2] NCCL INFO NCCL_ALGO set by environment to MSCCL,TREE,RING
c198-021:21444:21495 [2] NCCL INFO threadThresholds 8/8/64 | 512/8/64 | 8/8/64 | 8/8/512
c198-021:21444:21495 [2] NCCL INFO 2 coll channels, 2 p2p channels, 2 p2p channels per peer
c198-022:15399:15459 [1] NCCL INFO Connected 1 MSCCL algorithms
