c197-081:7204:7255 [0] NCCL INFO Channel 01/0 : 63[83000] -> 0[2000] [receive] via NET/IB/0
c197-101:16626:16683 [0] NCCL INFO Channel 01 : 16[2000] -> 17[3000] via direct shared memory
c197-081:7204:7255 [0] NCCL INFO Channel 00 : 0[2000] -> 1[3000] via direct shared memory
c197-081:7204:7255 [0] NCCL INFO Channel 01 : 0[2000] -> 1[3000] via direct shared memory
c197-112:16812:16867 [1] NCCL INFO Connected all rings
c198-031:25321:25378 [1] NCCL INFO Connected all rings
c197-111:5815:5871 [1] NCCL INFO Connected all rings
c198-041:6296:6350 [1] NCCL INFO Connected all rings
c198-022:19691:19751 [1] NCCL INFO Connected all rings
c198-021:24924:24982 [1] NCCL INFO Connected all rings
c197-091:862:933 [1] NCCL INFO Connected all rings
c198-042:8509:8561 [1] NCCL INFO Connected all rings
c197-082:13786:13842 [1] NCCL INFO Connected all rings
c198-011:15929:15987 [1] NCCL INFO Connected all rings
c198-032:19128:19183 [1] NCCL INFO Connected all rings
c197-101:16627:16681 [1] NCCL INFO Connected all rings
c197-102:26816:26870 [1] NCCL INFO Connected all rings
c197-081:7205:7264 [1] NCCL INFO Connected all rings
c197-092:12130:12187 [1] NCCL INFO Connected all rings
c198-012:12985:13044 [1] NCCL INFO Connected all rings
c197-112:16812:16867 [1] NCCL INFO Channel 01/0 : 29[3000] -> 44[2000] [send] via NET/IB/0
c198-031:25321:25378 [1] NCCL INFO Channel 00/0 : 40[2000] -> 49[3000] [receive] via NET/IB/0
c197-111:5815:5871 [1] NCCL INFO Channel 00/0 : 20[2000] -> 25[3000] [receive] via NET/IB/0
c198-041:6296:6350 [1] NCCL INFO Channel 00/0 : 52[2000] -> 57[3000] [receive] via NET/IB/0
c197-091:862:933 [1] NCCL INFO Channel 00/0 : 4[2000] -> 9[3000] [receive] via NET/IB/0
c198-021:24924:24982 [1] NCCL INFO Channel 00/0 : 36[2000] -> 41[3000] [receive] via NET/IB/0
c197-082:13786:13842 [1] NCCL INFO Channel 01/0 : 5[3000] -> 8[2000] [send] via NET/IB/0
c198-011:15929:15987 [1] NCCL INFO Channel 00/0 : 16[2000] -> 33[3000] [receive] via NET/IB/0
c198-022:19691:19751 [1] NCCL INFO Channel 01/0 : 45[3000] -> 52[2000] [send] via NET/IB/0
c198-032:19128:19183 [1] NCCL INFO Channel 01/0 : 53[3000] -> 56[2000] [send] via NET/IB/0
c197-102:26816:26870 [1] NCCL INFO Channel 01/0 : 21[3000] -> 24[2000] [send] via NET/IB/0
c197-101:16627:16681 [1] NCCL INFO Channel 00/0 : 8[2000] -> 17[3000] [receive] via NET/IB/0
c197-092:12130:12187 [1] NCCL INFO Channel 01/0 : 13[3000] -> 20[2000] [send] via NET/IB/0
c198-012:12985:13044 [1] NCCL INFO Channel 01/0 : 37[3000] -> 40[2000] [send] via NET/IB/0
c198-021:24926:24980 [3] NCCL INFO Channel 01/0 : 43[83000] -> 44[2000] [send] via NET/IB/0
c197-101:16629:16679 [3] NCCL INFO Channel 01/0 : 19[83000] -> 20[2000] [send] via NET/IB/0
c197-092:12132:12182 [3] NCCL INFO Channel 01/0 : 15[83000] -> 16[2000] [send] via NET/IB/0
c198-031:25323:25373 [3] NCCL INFO Channel 01/0 : 51[83000] -> 52[2000] [send] via NET/IB/0
c198-012:12987:13039 [3] NCCL INFO Channel 01/0 : 39[83000] -> 40[2000] [send] via NET/IB/0
c197-082:13788:13840 [3] NCCL INFO Channel 01/0 : 7[83000] -> 8[2000] [send] via NET/IB/0
c197-102:26818:26868 [3] NCCL INFO Channel 01/0 : 23[83000] -> 24[2000] [send] via NET/IB/0
c198-011:15931:15984 [3] NCCL INFO Channel 01/0 : 35[83000] -> 36[2000] [send] via NET/IB/0
c198-041:6298:6353 [3] NCCL INFO Channel 01/0 : 59[83000] -> 60[2000] [send] via NET/IB/0
c198-042:8511:8566 [3] NCCL INFO Channel 01/0 : 63[83000] -> 0[2000] [send] via NET/IB/0
c197-112:16814:16865 [3] NCCL INFO Channel 01/0 : 31[83000] -> 32[2000] [send] via NET/IB/0
c198-032:19130:19184 [3] NCCL INFO Channel 01/0 : 55[83000] -> 56[2000] [send] via NET/IB/0
c198-022:19693:19748 [3] NCCL INFO Channel 01/0 : 47[83000] -> 48[2000] [send] via NET/IB/0
c197-111:5817:5872 [3] NCCL INFO Channel 01/0 : 27[83000] -> 28[2000] [send] via NET/IB/0
c197-091:864:930 [3] NCCL INFO Channel 01/0 : 11[83000] -> 12[2000] [send] via NET/IB/0
c197-081:7207:7260 [3] NCCL INFO Channel 01/0 : 3[83000] -> 4[2000] [send] via NET/IB/0
c197-082:13787:13839 [2] NCCL INFO Connected all rings
c198-021:24925:24978 [2] NCCL INFO Connected all rings
c198-012:12986:13040 [2] NCCL INFO Connected all rings
c197-092:12131:12188 [2] NCCL INFO Connected all rings
c198-031:25322:25375 [2] NCCL INFO Connected all rings
c197-102:26817:26872 [2] NCCL INFO Connected all rings
c198-032:19129:19186 [2] NCCL INFO Connected all rings
c198-022:19692:19745 [2] NCCL INFO Connected all rings
c198-042:8510:8567 [2] NCCL INFO Connected all rings
c198-011:15930:15983 [2] NCCL INFO Connected all rings
c197-101:16628:16685 [2] NCCL INFO Connected all rings
c197-112:16813:16868 [2] NCCL INFO Connected all rings
c198-041:6297:6354 [2] NCCL INFO Connected all rings
c197-111:5816:5873 [2] NCCL INFO Connected all rings
c197-091:863:920 [2] NCCL INFO Connected all rings
c198-042:8509:8561 [1] NCCL INFO Channel 00 : 61[3000] -> 60[2000] via direct shared memory
c198-042:8509:8561 [1] NCCL INFO Channel 01 : 61[3000] -> 60[2000] via direct shared memory
c197-081:7206:7262 [2] NCCL INFO Connected all rings
c197-081:7205:7264 [1] NCCL INFO Channel 00 : 1[3000] -> 0[2000] via direct shared memory
c197-081:7205:7264 [1] NCCL INFO Channel 01 : 1[3000] -> 0[2000] via direct shared memory
c198-021:24926:24980 [3] NCCL INFO Connected all rings
c198-021:24926:24980 [3] NCCL INFO Channel 00 : 43[83000] -> 42[82000] via direct shared memory
c198-031:25323:25373 [3] NCCL INFO Connected all rings
c198-021:24926:24980 [3] NCCL INFO Channel 01 : 43[83000] -> 42[82000] via direct shared memory
c198-031:25323:25373 [3] NCCL INFO Channel 00 : 51[83000] -> 50[82000] via direct shared memory
c198-031:25323:25373 [3] NCCL INFO Channel 01 : 51[83000] -> 50[82000] via direct shared memory
c197-082:13788:13840 [3] NCCL INFO Connected all rings
c198-011:15931:15984 [3] NCCL INFO Connected all rings
c197-101:16629:16679 [3] NCCL INFO Connected all rings
c197-082:13788:13840 [3] NCCL INFO Channel 00 : 7[83000] -> 6[82000] via direct shared memory
c197-102:26818:26868 [3] NCCL INFO Connected all rings
c198-011:15931:15984 [3] NCCL INFO Channel 00 : 35[83000] -> 34[82000] via direct shared memory
c197-101:16629:16679 [3] NCCL INFO Channel 00 : 19[83000] -> 18[82000] via direct shared memory
c197-082:13788:13840 [3] NCCL INFO Channel 01 : 7[83000] -> 6[82000] via direct shared memory
c197-102:26818:26868 [3] NCCL INFO Channel 00 : 23[83000] -> 22[82000] via direct shared memory
c198-012:12987:13039 [3] NCCL INFO Connected all rings
c198-042:8511:8566 [3] NCCL INFO Connected all rings
c198-041:6298:6353 [3] NCCL INFO Connected all rings
c197-101:16629:16679 [3] NCCL INFO Channel 01 : 19[83000] -> 18[82000] via direct shared memory
c198-011:15931:15984 [3] NCCL INFO Channel 01 : 35[83000] -> 34[82000] via direct shared memory
c198-041:6298:6353 [3] NCCL INFO Channel 00 : 59[83000] -> 58[82000] via direct shared memory
c198-012:12987:13039 [3] NCCL INFO Channel 00 : 39[83000] -> 38[82000] via direct shared memory
c198-042:8511:8566 [3] NCCL INFO Channel 00 : 63[83000] -> 62[82000] via direct shared memory
c197-102:26818:26868 [3] NCCL INFO Channel 01 : 23[83000] -> 22[82000] via direct shared memory
c198-012:12987:13039 [3] NCCL INFO Channel 01 : 39[83000] -> 38[82000] via direct shared memory
c198-042:8511:8566 [3] NCCL INFO Channel 01 : 63[83000] -> 62[82000] via direct shared memory
c198-041:6298:6353 [3] NCCL INFO Channel 01 : 59[83000] -> 58[82000] via direct shared memory
c198-032:19130:19184 [3] NCCL INFO Connected all rings
c197-111:5817:5872 [3] NCCL INFO Connected all rings
c197-112:16814:16865 [3] NCCL INFO Connected all rings
c198-032:19130:19184 [3] NCCL INFO Channel 00 : 55[83000] -> 54[82000] via direct shared memory
c198-022:19693:19748 [3] NCCL INFO Connected all rings
c197-111:5817:5872 [3] NCCL INFO Channel 00 : 27[83000] -> 26[82000] via direct shared memory
c197-112:16814:16865 [3] NCCL INFO Channel 00 : 31[83000] -> 30[82000] via direct shared memory
c198-022:19693:19748 [3] NCCL INFO Channel 00 : 47[83000] -> 46[82000] via direct shared memory
c197-112:16814:16865 [3] NCCL INFO Channel 01 : 31[83000] -> 30[82000] via direct shared memory
c197-111:5817:5872 [3] NCCL INFO Channel 01 : 27[83000] -> 26[82000] via direct shared memory
c197-092:12132:12182 [3] NCCL INFO Connected all rings
c198-022:19693:19748 [3] NCCL INFO Channel 01 : 47[83000] -> 46[82000] via direct shared memory
c197-092:12132:12182 [3] NCCL INFO Channel 00 : 15[83000] -> 14[82000] via direct shared memory
c198-032:19130:19184 [3] NCCL INFO Channel 01 : 55[83000] -> 54[82000] via direct shared memory
c197-092:12132:12182 [3] NCCL INFO Channel 01 : 15[83000] -> 14[82000] via direct shared memory
c197-081:7207:7260 [3] NCCL INFO Connected all rings
c197-091:864:930 [3] NCCL INFO Connected all rings
c197-091:864:930 [3] NCCL INFO Channel 00 : 11[83000] -> 10[82000] via direct shared memory
c197-081:7207:7260 [3] NCCL INFO Channel 00 : 3[83000] -> 2[82000] via direct shared memory
c197-091:864:930 [3] NCCL INFO Channel 01 : 11[83000] -> 10[82000] via direct shared memory
c197-081:7207:7260 [3] NCCL INFO Channel 01 : 3[83000] -> 2[82000] via direct shared memory
c198-022:19690:19749 [0] NCCL INFO Connected all rings
c198-041:6295:6348 [0] NCCL INFO Connected all rings
c198-021:24925:24978 [2] NCCL INFO Channel 00 : 42[82000] -> 41[3000] via direct shared memory
c197-101:16626:16683 [0] NCCL INFO Connected all rings
c197-082:13787:13839 [2] NCCL INFO Channel 00 : 6[82000] -> 5[3000] via direct shared memory
c198-021:24925:24978 [2] NCCL INFO Channel 01 : 42[82000] -> 41[3000] via direct shared memory
c198-032:19127:19181 [0] NCCL INFO Connected all rings
c198-011:15928:15986 [0] NCCL INFO Connected all rings
c198-021:24923:24976 [0] NCCL INFO Connected all rings
c197-082:13787:13839 [2] NCCL INFO Channel 01 : 6[82000] -> 5[3000] via direct shared memory
c197-081:7204:7255 [0] NCCL INFO Connected all rings
c197-102:26815:26874 [0] NCCL INFO Connected all rings
c197-091:861:934 [0] NCCL INFO Connected all rings
c197-092:12129:12186 [0] NCCL INFO Connected all rings
c197-111:5814:5867 [0] NCCL INFO Connected all rings
c198-012:12986:13040 [2] NCCL INFO Channel 00 : 38[82000] -> 37[3000] via direct shared memory
c198-031:25320:25379 [0] NCCL INFO Connected all rings
c198-012:12986:13040 [2] NCCL INFO Channel 01 : 38[82000] -> 37[3000] via direct shared memory
c198-012:12984:13042 [0] NCCL INFO Connected all rings
c198-042:8508:8563 [0] NCCL INFO Connected all rings
c198-042:8510:8567 [2] NCCL INFO Channel 00 : 62[82000] -> 61[3000] via direct shared memory
c197-101:16628:16685 [2] NCCL INFO Channel 00 : 18[82000] -> 17[3000] via direct shared memory
c198-042:8510:8567 [2] NCCL INFO Channel 01 : 62[82000] -> 61[3000] via direct shared memory
c197-101:16628:16685 [2] NCCL INFO Channel 01 : 18[82000] -> 17[3000] via direct shared memory
c197-112:16811:16870 [0] NCCL INFO Connected all rings
c198-031:25322:25375 [2] NCCL INFO Channel 00 : 50[82000] -> 49[3000] via direct shared memory
c198-032:19129:19186 [2] NCCL INFO Channel 00 : 54[82000] -> 53[3000] via direct shared memory
c198-031:25322:25375 [2] NCCL INFO Channel 01 : 50[82000] -> 49[3000] via direct shared memory
c198-032:19129:19186 [2] NCCL INFO Channel 01 : 54[82000] -> 53[3000] via direct shared memory
c197-102:26817:26872 [2] NCCL INFO Channel 00 : 22[82000] -> 21[3000] via direct shared memory
c197-091:863:920 [2] NCCL INFO Channel 00 : 10[82000] -> 9[3000] via direct shared memory
c197-102:26817:26872 [2] NCCL INFO Channel 01 : 22[82000] -> 21[3000] via direct shared memory
c198-011:15930:15983 [2] NCCL INFO Channel 00 : 34[82000] -> 33[3000] via direct shared memory
c197-091:863:920 [2] NCCL INFO Channel 01 : 10[82000] -> 9[3000] via direct shared memory
c198-011:15930:15983 [2] NCCL INFO Channel 01 : 34[82000] -> 33[3000] via direct shared memory
c197-111:5816:5873 [2] NCCL INFO Channel 00 : 26[82000] -> 25[3000] via direct shared memory
c197-082:13785:13844 [0] NCCL INFO Connected all rings
c198-022:19692:19745 [2] NCCL INFO Channel 00 : 46[82000] -> 45[3000] via direct shared memory
c197-111:5816:5873 [2] NCCL INFO Channel 01 : 26[82000] -> 25[3000] via direct shared memory
c197-092:12131:12188 [2] NCCL INFO Channel 00 : 14[82000] -> 13[3000] via direct shared memory
c198-022:19692:19745 [2] NCCL INFO Channel 01 : 46[82000] -> 45[3000] via direct shared memory
c197-092:12131:12188 [2] NCCL INFO Channel 01 : 14[82000] -> 13[3000] via direct shared memory
c198-041:6297:6354 [2] NCCL INFO Channel 00 : 58[82000] -> 57[3000] via direct shared memory
c197-112:16813:16868 [2] NCCL INFO Channel 00 : 30[82000] -> 29[3000] via direct shared memory
c198-041:6297:6354 [2] NCCL INFO Channel 01 : 58[82000] -> 57[3000] via direct shared memory
c197-112:16813:16868 [2] NCCL INFO Channel 01 : 30[82000] -> 29[3000] via direct shared memory
c198-021:24926:24980 [3] NCCL INFO Connected all trees
c198-021:24926:24980 [3] NCCL INFO MSCCL_XML_FILES set by environment to /home1/09168/ldai1/ccl-build/msccl_tools_lyd/examples/xml/xml_lyd/ring/allreduce_ring_node16_gpu64_mcl1_mck1_gan0.xml
c198-021:24926:24980 [3] NCCL INFO MSCCL: Parsing algorithm /home1/09168/ldai1/ccl-build/msccl_tools_lyd/examples/xml/xml_lyd/ring/allreduce_ring_node16_gpu64_mcl1_mck1_gan0.xml
c197-082:13788:13840 [3] NCCL INFO Connected all trees
c197-082:13788:13840 [3] NCCL INFO MSCCL_XML_FILES set by environment to /home1/09168/ldai1/ccl-build/msccl_tools_lyd/examples/xml/xml_lyd/ring/allreduce_ring_node16_gpu64_mcl1_mck1_gan0.xml
c197-082:13788:13840 [3] NCCL INFO MSCCL: Parsing algorithm /home1/09168/ldai1/ccl-build/msccl_tools_lyd/examples/xml/xml_lyd/ring/allreduce_ring_node16_gpu64_mcl1_mck1_gan0.xml
c198-012:12987:13039 [3] NCCL INFO Connected all trees
c198-012:12987:13039 [3] NCCL INFO MSCCL_XML_FILES set by environment to /home1/09168/ldai1/ccl-build/msccl_tools_lyd/examples/xml/xml_lyd/ring/allreduce_ring_node16_gpu64_mcl1_mck1_gan0.xml
c198-012:12987:13039 [3] NCCL INFO MSCCL: Parsing algorithm /home1/09168/ldai1/ccl-build/msccl_tools_lyd/examples/xml/xml_lyd/ring/allreduce_ring_node16_gpu64_mcl1_mck1_gan0.xml
c198-042:8511:8566 [3] NCCL INFO Connected all trees
c197-101:16629:16679 [3] NCCL INFO Connected all trees
c197-101:16629:16679 [3] NCCL INFO MSCCL_XML_FILES set by environment to /home1/09168/ldai1/ccl-build/msccl_tools_lyd/examples/xml/xml_lyd/ring/allreduce_ring_node16_gpu64_mcl1_mck1_gan0.xml
c198-042:8511:8566 [3] NCCL INFO MSCCL_XML_FILES set by environment to /home1/09168/ldai1/ccl-build/msccl_tools_lyd/examples/xml/xml_lyd/ring/allreduce_ring_node16_gpu64_mcl1_mck1_gan0.xml
c197-101:16629:16679 [3] NCCL INFO MSCCL: Parsing algorithm /home1/09168/ldai1/ccl-build/msccl_tools_lyd/examples/xml/xml_lyd/ring/allreduce_ring_node16_gpu64_mcl1_mck1_gan0.xml
c198-042:8511:8566 [3] NCCL INFO MSCCL: Parsing algorithm /home1/09168/ldai1/ccl-build/msccl_tools_lyd/examples/xml/xml_lyd/ring/allreduce_ring_node16_gpu64_mcl1_mck1_gan0.xml
c197-081:7206:7262 [2] NCCL INFO Channel 00 : 2[82000] -> 1[3000] via direct shared memory
c198-031:25323:25373 [3] NCCL INFO Connected all trees
c198-032:19130:19184 [3] NCCL INFO Connected all trees
c198-032:19130:19184 [3] NCCL INFO MSCCL_XML_FILES set by environment to /home1/09168/ldai1/ccl-build/msccl_tools_lyd/examples/xml/xml_lyd/ring/allreduce_ring_node16_gpu64_mcl1_mck1_gan0.xml
c198-031:25323:25373 [3] NCCL INFO MSCCL_XML_FILES set by environment to /home1/09168/ldai1/ccl-build/msccl_tools_lyd/examples/xml/xml_lyd/ring/allreduce_ring_node16_gpu64_mcl1_mck1_gan0.xml
c198-032:19130:19184 [3] NCCL INFO MSCCL: Parsing algorithm /home1/09168/ldai1/ccl-build/msccl_tools_lyd/examples/xml/xml_lyd/ring/allreduce_ring_node16_gpu64_mcl1_mck1_gan0.xml
c197-102:26818:26868 [3] NCCL INFO Connected all trees
c197-102:26818:26868 [3] NCCL INFO MSCCL_XML_FILES set by environment to /home1/09168/ldai1/ccl-build/msccl_tools_lyd/examples/xml/xml_lyd/ring/allreduce_ring_node16_gpu64_mcl1_mck1_gan0.xml
c197-081:7206:7262 [2] NCCL INFO Channel 01 : 2[82000] -> 1[3000] via direct shared memory
c198-031:25323:25373 [3] NCCL INFO MSCCL: Parsing algorithm /home1/09168/ldai1/ccl-build/msccl_tools_lyd/examples/xml/xml_lyd/ring/allreduce_ring_node16_gpu64_mcl1_mck1_gan0.xml
c197-102:26818:26868 [3] NCCL INFO MSCCL: Parsing algorithm /home1/09168/ldai1/ccl-build/msccl_tools_lyd/examples/xml/xml_lyd/ring/allreduce_ring_node16_gpu64_mcl1_mck1_gan0.xml
c197-091:864:930 [3] NCCL INFO Connected all trees
c197-091:864:930 [3] NCCL INFO MSCCL_XML_FILES set by environment to /home1/09168/ldai1/ccl-build/msccl_tools_lyd/examples/xml/xml_lyd/ring/allreduce_ring_node16_gpu64_mcl1_mck1_gan0.xml
c197-091:864:930 [3] NCCL INFO MSCCL: Parsing algorithm /home1/09168/ldai1/ccl-build/msccl_tools_lyd/examples/xml/xml_lyd/ring/allreduce_ring_node16_gpu64_mcl1_mck1_gan0.xml
c198-042:8510:8567 [2] NCCL INFO Connected all trees
c198-011:15931:15984 [3] NCCL INFO Connected all trees
c198-042:8510:8567 [2] NCCL INFO MSCCL_XML_FILES set by environment to /home1/09168/ldai1/ccl-build/msccl_tools_lyd/examples/xml/xml_lyd/ring/allreduce_ring_node16_gpu64_mcl1_mck1_gan0.xml
c198-011:15931:15984 [3] NCCL INFO MSCCL_XML_FILES set by environment to /home1/09168/ldai1/ccl-build/msccl_tools_lyd/examples/xml/xml_lyd/ring/allreduce_ring_node16_gpu64_mcl1_mck1_gan0.xml
c198-042:8510:8567 [2] NCCL INFO MSCCL: Parsing algorithm /home1/09168/ldai1/ccl-build/msccl_tools_lyd/examples/xml/xml_lyd/ring/allreduce_ring_node16_gpu64_mcl1_mck1_gan0.xml
c198-011:15931:15984 [3] NCCL INFO MSCCL: Parsing algorithm /home1/09168/ldai1/ccl-build/msccl_tools_lyd/examples/xml/xml_lyd/ring/allreduce_ring_node16_gpu64_mcl1_mck1_gan0.xml
c197-111:5817:5872 [3] NCCL INFO Connected all trees
c197-111:5817:5872 [3] NCCL INFO MSCCL_XML_FILES set by environment to /home1/09168/ldai1/ccl-build/msccl_tools_lyd/examples/xml/xml_lyd/ring/allreduce_ring_node16_gpu64_mcl1_mck1_gan0.xml
c197-111:5817:5872 [3] NCCL INFO MSCCL: Parsing algorithm /home1/09168/ldai1/ccl-build/msccl_tools_lyd/examples/xml/xml_lyd/ring/allreduce_ring_node16_gpu64_mcl1_mck1_gan0.xml
c197-092:12132:12182 [3] NCCL INFO Connected all trees
c197-092:12132:12182 [3] NCCL INFO MSCCL_XML_FILES set by environment to /home1/09168/ldai1/ccl-build/msccl_tools_lyd/examples/xml/xml_lyd/ring/allreduce_ring_node16_gpu64_mcl1_mck1_gan0.xml
c197-092:12132:12182 [3] NCCL INFO MSCCL: Parsing algorithm /home1/09168/ldai1/ccl-build/msccl_tools_lyd/examples/xml/xml_lyd/ring/allreduce_ring_node16_gpu64_mcl1_mck1_gan0.xml
c198-022:19693:19748 [3] NCCL INFO Connected all trees
c198-022:19693:19748 [3] NCCL INFO MSCCL_XML_FILES set by environment to /home1/09168/ldai1/ccl-build/msccl_tools_lyd/examples/xml/xml_lyd/ring/allreduce_ring_node16_gpu64_mcl1_mck1_gan0.xml
c198-022:19693:19748 [3] NCCL INFO MSCCL: Parsing algorithm /home1/09168/ldai1/ccl-build/msccl_tools_lyd/examples/xml/xml_lyd/ring/allreduce_ring_node16_gpu64_mcl1_mck1_gan0.xml
c198-041:6298:6353 [3] NCCL INFO Connected all trees
c198-041:6298:6353 [3] NCCL INFO MSCCL_XML_FILES set by environment to /home1/09168/ldai1/ccl-build/msccl_tools_lyd/examples/xml/xml_lyd/ring/allreduce_ring_node16_gpu64_mcl1_mck1_gan0.xml
c198-041:6298:6353 [3] NCCL INFO MSCCL: Parsing algorithm /home1/09168/ldai1/ccl-build/msccl_tools_lyd/examples/xml/xml_lyd/ring/allreduce_ring_node16_gpu64_mcl1_mck1_gan0.xml
c197-112:16814:16865 [3] NCCL INFO Connected all trees
c197-112:16814:16865 [3] NCCL INFO MSCCL_XML_FILES set by environment to /home1/09168/ldai1/ccl-build/msccl_tools_lyd/examples/xml/xml_lyd/ring/allreduce_ring_node16_gpu64_mcl1_mck1_gan0.xml
c197-112:16814:16865 [3] NCCL INFO MSCCL: Parsing algorithm /home1/09168/ldai1/ccl-build/msccl_tools_lyd/examples/xml/xml_lyd/ring/allreduce_ring_node16_gpu64_mcl1_mck1_gan0.xml
c197-081:7207:7260 [3] NCCL INFO Connected all trees
c197-081:7207:7260 [3] NCCL INFO MSCCL_XML_FILES set by environment to /home1/09168/ldai1/ccl-build/msccl_tools_lyd/examples/xml/xml_lyd/ring/allreduce_ring_node16_gpu64_mcl1_mck1_gan0.xml
c197-081:7207:7260 [3] NCCL INFO MSCCL: Parsing algorithm /home1/09168/ldai1/ccl-build/msccl_tools_lyd/examples/xml/xml_lyd/ring/allreduce_ring_node16_gpu64_mcl1_mck1_gan0.xml
c197-081:7206:7262 [2] NCCL INFO Connected all trees
c197-081:7206:7262 [2] NCCL INFO MSCCL_XML_FILES set by environment to /home1/09168/ldai1/ccl-build/msccl_tools_lyd/examples/xml/xml_lyd/ring/allreduce_ring_node16_gpu64_mcl1_mck1_gan0.xml
c197-081:7206:7262 [2] NCCL INFO MSCCL: Parsing algorithm /home1/09168/ldai1/ccl-build/msccl_tools_lyd/examples/xml/xml_lyd/ring/allreduce_ring_node16_gpu64_mcl1_mck1_gan0.xml
c198-022:19690:19749 [0] NCCL INFO Channel 00/0 : 40[2000] -> 44[2000] [receive] via NET/IB/0
c198-011:15928:15986 [0] NCCL INFO Channel 01/0 : 32[2000] -> 36[2000] [send] via NET/IB/0
c198-021:24923:24976 [0] NCCL INFO Channel 01/0 : 37[3000] -> 40[2000] [receive] via NET/IB/0
c198-041:6295:6348 [0] NCCL INFO Channel 01/0 : 53[3000] -> 56[2000] [receive] via NET/IB/0
c198-032:19127:19181 [0] NCCL INFO Channel 01/0 : 48[2000] -> 52[2000] [receive] via NET/IB/0
c197-101:16626:16683 [0] NCCL INFO Channel 01/0 : 16[2000] -> 20[2000] [send] via NET/IB/0
c198-031:25320:25379 [0] NCCL INFO Channel 01/0 : 48[2000] -> 52[2000] [send] via NET/IB/0
c197-111:5814:5867 [0] NCCL INFO Channel 01/0 : 21[3000] -> 24[2000] [receive] via NET/IB/0
c197-092:12129:12186 [0] NCCL INFO Channel 00/0 : 8[2000] -> 12[2000] [receive] via NET/IB/0
c198-012:12984:13042 [0] NCCL INFO Channel 01/0 : 32[2000] -> 36[2000] [receive] via NET/IB/0
c197-091:861:934 [0] NCCL INFO Channel 01/0 : 5[3000] -> 8[2000] [receive] via NET/IB/0
c197-081:7204:7255 [0] NCCL INFO Channel 01/0 : 0[2000] -> 4[2000] [send] via NET/IB/0
c197-102:26815:26874 [0] NCCL INFO Channel 01/0 : 16[2000] -> 20[2000] [receive] via NET/IB/0
c198-042:8508:8563 [0] NCCL INFO Channel 00/0 : 56[2000] -> 60[2000] [receive] via NET/IB/0
c197-112:16811:16870 [0] NCCL INFO Channel 00/0 : 24[2000] -> 28[2000] [receive] via NET/IB/0
c197-082:13785:13844 [0] NCCL INFO Channel 01/0 : 0[2000] -> 4[2000] [receive] via NET/IB/0
c198-042:8510:8567 [2] NCCL INFO Parsed MSCCL Algorithm /home1/09168/ldai1/ccl-build/msccl_tools_lyd/examples/xml/xml_lyd/ring/allreduce_ring_node16_gpu64_mcl1_mck1_gan0.xml successfully.
c198-042:8510:8567 [2] NCCL INFO Connected 1 MSCCL algorithms
c198-042:8511:8566 [3] NCCL INFO Parsed MSCCL Algorithm /home1/09168/ldai1/ccl-build/msccl_tools_lyd/examples/xml/xml_lyd/ring/allreduce_ring_node16_gpu64_mcl1_mck1_gan0.xml successfully.
c198-042:8510:8567 [2] NCCL INFO NCCL_PROTO set by environment to Simple
c198-042:8510:8567 [2] NCCL INFO NCCL_ALGO set by environment to MSCCL,TREE,RING
c198-042:8510:8567 [2] NCCL INFO threadThresholds 8/8/64 | 512/8/64 | 8/8/64 | 8/8/512
c198-042:8510:8567 [2] NCCL INFO 2 coll channels, 2 p2p channels, 2 p2p channels per peer
c198-042:8511:8566 [3] NCCL INFO Channel 00/0 : 56[2000] -> 63[83000] [receive] via NET/IB/0
c197-081:7207:7260 [3] NCCL INFO Parsed MSCCL Algorithm /home1/09168/ldai1/ccl-build/msccl_tools_lyd/examples/xml/xml_lyd/ring/allreduce_ring_node16_gpu64_mcl1_mck1_gan0.xml successfully.
c197-081:7206:7262 [2] NCCL INFO Parsed MSCCL Algorithm /home1/09168/ldai1/ccl-build/msccl_tools_lyd/examples/xml/xml_lyd/ring/allreduce_ring_node16_gpu64_mcl1_mck1_gan0.xml successfully.
c197-081:7206:7262 [2] NCCL INFO Connected 1 MSCCL algorithms
c197-081:7206:7262 [2] NCCL INFO NCCL_PROTO set by environment to Simple
c197-081:7206:7262 [2] NCCL INFO NCCL_ALGO set by environment to MSCCL,TREE,RING
c197-081:7206:7262 [2] NCCL INFO threadThresholds 8/8/64 | 512/8/64 | 8/8/64 | 8/8/512
c197-081:7206:7262 [2] NCCL INFO 2 coll channels, 2 p2p channels, 2 p2p channels per peer
c197-081:7207:7260 [3] NCCL INFO Channel 00/0 : 60[2000] -> 3[83000] [receive] via NET/IB/0
c198-031:25323:25373 [3] NCCL INFO Parsed MSCCL Algorithm /home1/09168/ldai1/ccl-build/msccl_tools_lyd/examples/xml/xml_lyd/ring/allreduce_ring_node16_gpu64_mcl1_mck1_gan0.xml successfully.
c198-031:25323:25373 [3] NCCL INFO Channel 00/0 : 44[2000] -> 51[83000] [receive] via NET/IB/0
c198-021:24926:24980 [3] NCCL INFO Parsed MSCCL Algorithm /home1/09168/ldai1/ccl-build/msccl_tools_lyd/examples/xml/xml_lyd/ring/allreduce_ring_node16_gpu64_mcl1_mck1_gan0.xml successfully.
c198-041:6298:6353 [3] NCCL INFO Parsed MSCCL Algorithm /home1/09168/ldai1/ccl-build/msccl_tools_lyd/examples/xml/xml_lyd/ring/allreduce_ring_node16_gpu64_mcl1_mck1_gan0.xml successfully.
c198-021:24926:24980 [3] NCCL INFO Channel 00/0 : 36[2000] -> 43[83000] [receive] via NET/IB/0
c198-041:6298:6353 [3] NCCL INFO Channel 00/0 : 52[2000] -> 59[83000] [receive] via NET/IB/0
c198-022:19693:19748 [3] NCCL INFO Parsed MSCCL Algorithm /home1/09168/ldai1/ccl-build/msccl_tools_lyd/examples/xml/xml_lyd/ring/allreduce_ring_node16_gpu64_mcl1_mck1_gan0.xml successfully.
c198-022:19693:19748 [3] NCCL INFO Channel 00/0 : 40[2000] -> 47[83000] [receive] via NET/IB/0
c197-082:13788:13840 [3] NCCL INFO Parsed MSCCL Algorithm /home1/09168/ldai1/ccl-build/msccl_tools_lyd/examples/xml/xml_lyd/ring/allreduce_ring_node16_gpu64_mcl1_mck1_gan0.xml successfully.
c197-101:16629:16679 [3] NCCL INFO Parsed MSCCL Algorithm /home1/09168/ldai1/ccl-build/msccl_tools_lyd/examples/xml/xml_lyd/ring/allreduce_ring_node16_gpu64_mcl1_mck1_gan0.xml successfully.
c197-101:16629:16679 [3] NCCL INFO Channel 00/0 : 12[2000] -> 19[83000] [receive] via NET/IB/0
c197-082:13788:13840 [3] NCCL INFO Channel 00/0 : 0[2000] -> 7[83000] [receive] via NET/IB/0
c197-091:864:930 [3] NCCL INFO Parsed MSCCL Algorithm /home1/09168/ldai1/ccl-build/msccl_tools_lyd/examples/xml/xml_lyd/ring/allreduce_ring_node16_gpu64_mcl1_mck1_gan0.xml successfully.
c197-112:16814:16865 [3] NCCL INFO Parsed MSCCL Algorithm /home1/09168/ldai1/ccl-build/msccl_tools_lyd/examples/xml/xml_lyd/ring/allreduce_ring_node16_gpu64_mcl1_mck1_gan0.xml successfully.
c197-091:864:930 [3] NCCL INFO Channel 00/0 : 4[2000] -> 11[83000] [receive] via NET/IB/0
c198-032:19130:19184 [3] NCCL INFO Parsed MSCCL Algorithm /home1/09168/ldai1/ccl-build/msccl_tools_lyd/examples/xml/xml_lyd/ring/allreduce_ring_node16_gpu64_mcl1_mck1_gan0.xml successfully.
c198-032:19130:19184 [3] NCCL INFO Channel 00/0 : 48[2000] -> 55[83000] [receive] via NET/IB/0
c197-111:5817:5872 [3] NCCL INFO Parsed MSCCL Algorithm /home1/09168/ldai1/ccl-build/msccl_tools_lyd/examples/xml/xml_lyd/ring/allreduce_ring_node16_gpu64_mcl1_mck1_gan0.xml successfully.
c197-112:16814:16865 [3] NCCL INFO Channel 00/0 : 24[2000] -> 31[83000] [receive] via NET/IB/0
c197-092:12132:12182 [3] NCCL INFO Parsed MSCCL Algorithm /home1/09168/ldai1/ccl-build/msccl_tools_lyd/examples/xml/xml_lyd/ring/allreduce_ring_node16_gpu64_mcl1_mck1_gan0.xml successfully.
c197-111:5817:5872 [3] NCCL INFO Channel 00/0 : 20[2000] -> 27[83000] [receive] via NET/IB/0
c197-092:12132:12182 [3] NCCL INFO Channel 00/0 : 8[2000] -> 15[83000] [receive] via NET/IB/0
c198-012:12987:13039 [3] NCCL INFO Parsed MSCCL Algorithm /home1/09168/ldai1/ccl-build/msccl_tools_lyd/examples/xml/xml_lyd/ring/allreduce_ring_node16_gpu64_mcl1_mck1_gan0.xml successfully.
c197-102:26818:26868 [3] NCCL INFO Parsed MSCCL Algorithm /home1/09168/ldai1/ccl-build/msccl_tools_lyd/examples/xml/xml_lyd/ring/allreduce_ring_node16_gpu64_mcl1_mck1_gan0.xml successfully.
c198-012:12987:13039 [3] NCCL INFO Channel 00/0 : 32[2000] -> 39[83000] [receive] via NET/IB/0
c197-102:26818:26868 [3] NCCL INFO Channel 00/0 : 16[2000] -> 23[83000] [receive] via NET/IB/0
c198-011:15931:15984 [3] NCCL INFO Parsed MSCCL Algorithm /home1/09168/ldai1/ccl-build/msccl_tools_lyd/examples/xml/xml_lyd/ring/allreduce_ring_node16_gpu64_mcl1_mck1_gan0.xml successfully.
c198-011:15931:15984 [3] NCCL INFO Channel 00/0 : 28[2000] -> 35[83000] [receive] via NET/IB/0
c198-032:19128:19183 [1] NCCL INFO Channel 01/0 : 56[2000] -> 53[3000] [receive] via NET/IB/0
c197-101:16626:16683 [0] NCCL INFO Channel 00/0 : 16[2000] -> 24[2000] [send] via NET/IB/0
c198-031:25320:25379 [0] NCCL INFO Channel 00/0 : 48[2000] -> 56[2000] [send] via NET/IB/0
c198-012:12985:13044 [1] NCCL INFO Channel 01/0 : 40[2000] -> 37[3000] [receive] via NET/IB/0
c197-102:26816:26870 [1] NCCL INFO Channel 01/0 : 24[2000] -> 21[3000] [receive] via NET/IB/0
c198-021:24923:24976 [0] NCCL INFO Channel 00/0 : 40[2000] -> 44[2000] [send] via NET/IB/0
c198-011:15928:15986 [0] NCCL INFO Channel 00/0 : 32[2000] -> 48[2000] [send] via NET/IB/0
c197-111:5814:5867 [0] NCCL INFO Channel 00/0 : 24[2000] -> 28[2000] [send] via NET/IB/0
c198-012:12984:13042 [0] NCCL INFO Channel 00/0 : 36[2000] -> 41[3000] [send] via NET/IB/0
c197-091:861:934 [0] NCCL INFO Channel 00/0 : 8[2000] -> 12[2000] [send] via NET/IB/0
c197-082:13786:13842 [1] NCCL INFO Channel 01/0 : 8[2000] -> 5[3000] [receive] via NET/IB/0
c197-102:26815:26874 [0] NCCL INFO Channel 00/0 : 20[2000] -> 25[3000] [send] via NET/IB/0
c198-041:6295:6348 [0] NCCL INFO Channel 00/0 : 56[2000] -> 60[2000] [send] via NET/IB/0
c198-032:19127:19181 [0] NCCL INFO Channel 00/0 : 52[2000] -> 57[3000] [send] via NET/IB/0
c197-082:13785:13844 [0] NCCL INFO Channel 00/0 : 4[2000] -> 9[3000] [send] via NET/IB/0
c197-081:7204:7255 [0] NCCL INFO Channel 00/0 : 32[2000] -> 0[2000] [receive] via NET/IB/0
c197-081:7204:7255 [0] NCCL INFO Channel 00/0 : 0[2000] -> 32[2000] [send] via NET/IB/0
c198-021:24923:24976 [0] NCCL INFO Channel 00/0 : 40[2000] -> 49[3000] [send] via NET/IB/0
c198-012:12984:13042 [0] NCCL INFO Channel 01/0 : 36[2000] -> 44[2000] [send] via NET/IB/0
c197-111:5814:5867 [0] NCCL INFO Channel 00/0 : 16[2000] -> 24[2000] [receive] via NET/IB/0
c197-091:861:934 [0] NCCL INFO Channel 00/0 : 8[2000] -> 17[3000] [send] via NET/IB/0
c197-102:26815:26874 [0] NCCL INFO Channel 01/0 : 13[3000] -> 20[2000] [receive] via NET/IB/0
c198-041:6295:6348 [0] NCCL INFO Channel 00/0 : 48[2000] -> 56[2000] [receive] via NET/IB/0
c198-032:19127:19181 [0] NCCL INFO Channel 01/0 : 45[3000] -> 52[2000] [receive] via NET/IB/0
c198-022:19690:19749 [0] NCCL INFO Channel 01/0 : 36[2000] -> 44[2000] [receive] via NET/IB/0
c197-092:12129:12186 [0] NCCL INFO Channel 01/0 : 4[2000] -> 12[2000] [receive] via NET/IB/0
c197-082:13785:13844 [0] NCCL INFO Channel 01/0 : 4[2000] -> 12[2000] [send] via NET/IB/0
c198-021:24924:24982 [1] NCCL INFO Channel 00/0 : 41[3000] -> 36[2000] [send] via NET/IB/0
c198-042:8508:8563 [0] NCCL INFO Channel 01/0 : 28[2000] -> 60[2000] [receive] via NET/IB/0
c197-112:16811:16870 [0] NCCL INFO Channel 01/0 : 12[2000] -> 28[2000] [receive] via NET/IB/0
c197-091:862:933 [1] NCCL INFO Channel 00/0 : 9[3000] -> 4[2000] [send] via NET/IB/0
c198-041:6296:6350 [1] NCCL INFO Channel 00/0 : 57[3000] -> 52[2000] [send] via NET/IB/0
c197-111:5815:5871 [1] NCCL INFO Channel 00/0 : 25[3000] -> 20[2000] [send] via NET/IB/0
c198-042:8508:8563 [0] NCCL INFO Channel 01/0 : 60[2000] -> 28[2000] [send] via NET/IB/0
c198-021:24923:24976 [0] NCCL INFO Channel 00/0 : 49[3000] -> 40[2000] [receive] via NET/IB/0
c198-012:12984:13042 [0] NCCL INFO Channel 01/0 : 44[2000] -> 36[2000] [receive] via NET/IB/0
c197-091:861:934 [0] NCCL INFO Channel 00/0 : 17[3000] -> 8[2000] [receive] via NET/IB/0
c198-022:19691:19751 [1] NCCL INFO Channel 01/0 : 52[2000] -> 45[3000] [receive] via NET/IB/0
c197-101:16626:16683 [0] NCCL INFO Channel 00/0 : 16[2000] -> 33[3000] [send] via NET/IB/0
c197-111:5814:5867 [0] NCCL INFO Channel 00/0 : 24[2000] -> 16[2000] [send] via NET/IB/0
c197-092:12130:12187 [1] NCCL INFO Channel 01/0 : 20[2000] -> 13[3000] [receive] via NET/IB/0
c198-031:25321:25378 [1] NCCL INFO Channel 00/0 : 49[3000] -> 40[2000] [send] via NET/IB/0
c197-082:13785:13844 [0] NCCL INFO Channel 01/0 : 12[2000] -> 4[2000] [receive] via NET/IB/0
c197-102:26815:26874 [0] NCCL INFO Channel 01/0 : 20[2000] -> 13[3000] [send] via NET/IB/0
c198-032:19127:19181 [0] NCCL INFO Channel 01/0 : 52[2000] -> 45[3000] [send] via NET/IB/0
c198-022:19690:19749 [0] NCCL INFO Channel 01/0 : 29[3000] -> 44[2000] [receive] via NET/IB/0
c197-101:16627:16681 [1] NCCL INFO Channel 00/0 : 17[3000] -> 8[2000] [send] via NET/IB/0
c197-092:12129:12186 [0] NCCL INFO Channel 01/0 : 12[2000] -> 28[2000] [send] via NET/IB/0
c198-031:25320:25379 [0] NCCL INFO Channel 00/0 : 32[2000] -> 48[2000] [receive] via NET/IB/0
c198-041:6295:6348 [0] NCCL INFO Channel 00/0 : 56[2000] -> 48[2000] [send] via NET/IB/0
c198-031:25321:25378 [1] NCCL INFO Channel 00 : 49[3000] -> 48[2000] via direct shared memory
c198-031:25321:25378 [1] NCCL INFO Channel 01 : 49[3000] -> 48[2000] via direct shared memory
c197-092:12130:12187 [1] NCCL INFO Channel 00 : 13[3000] -> 12[2000] via direct shared memory
c197-092:12130:12187 [1] NCCL INFO Channel 01 : 13[3000] -> 12[2000] via direct shared memory
c198-022:19691:19751 [1] NCCL INFO Channel 00 : 45[3000] -> 44[2000] via direct shared memory
c198-022:19691:19751 [1] NCCL INFO Channel 01 : 45[3000] -> 44[2000] via direct shared memory
c198-031:25322:25375 [2] NCCL INFO Connected all trees
c198-031:25322:25375 [2] NCCL INFO MSCCL_XML_FILES set by environment to /home1/09168/ldai1/ccl-build/msccl_tools_lyd/examples/xml/xml_lyd/ring/allreduce_ring_node16_gpu64_mcl1_mck1_gan0.xml
c198-031:25322:25375 [2] NCCL INFO MSCCL: Parsing algorithm /home1/09168/ldai1/ccl-build/msccl_tools_lyd/examples/xml/xml_lyd/ring/allreduce_ring_node16_gpu64_mcl1_mck1_gan0.xml
c197-101:16627:16681 [1] NCCL INFO Channel 00 : 17[3000] -> 16[2000] via direct shared memory
c197-101:16627:16681 [1] NCCL INFO Channel 01 : 17[3000] -> 16[2000] via direct shared memory
c197-092:12131:12188 [2] NCCL INFO Connected all trees
c197-092:12131:12188 [2] NCCL INFO MSCCL_XML_FILES set by environment to /home1/09168/ldai1/ccl-build/msccl_tools_lyd/examples/xml/xml_lyd/ring/allreduce_ring_node16_gpu64_mcl1_mck1_gan0.xml
c197-092:12131:12188 [2] NCCL INFO MSCCL: Parsing algorithm /home1/09168/ldai1/ccl-build/msccl_tools_lyd/examples/xml/xml_lyd/ring/allreduce_ring_node16_gpu64_mcl1_mck1_gan0.xml
c198-022:19692:19745 [2] NCCL INFO Connected all trees
c198-022:19692:19745 [2] NCCL INFO MSCCL_XML_FILES set by environment to /home1/09168/ldai1/ccl-build/msccl_tools_lyd/examples/xml/xml_lyd/ring/allreduce_ring_node16_gpu64_mcl1_mck1_gan0.xml
c198-022:19692:19745 [2] NCCL INFO MSCCL: Parsing algorithm /home1/09168/ldai1/ccl-build/msccl_tools_lyd/examples/xml/xml_lyd/ring/allreduce_ring_node16_gpu64_mcl1_mck1_gan0.xml
c197-101:16628:16685 [2] NCCL INFO Connected all trees
c197-101:16628:16685 [2] NCCL INFO MSCCL_XML_FILES set by environment to /home1/09168/ldai1/ccl-build/msccl_tools_lyd/examples/xml/xml_lyd/ring/allreduce_ring_node16_gpu64_mcl1_mck1_gan0.xml
c197-101:16628:16685 [2] NCCL INFO MSCCL: Parsing algorithm /home1/09168/ldai1/ccl-build/msccl_tools_lyd/examples/xml/xml_lyd/ring/allreduce_ring_node16_gpu64_mcl1_mck1_gan0.xml
c197-101:16626:16683 [0] NCCL INFO Channel 00/0 : 33[3000] -> 16[2000] [receive] via NET/IB/0
c197-102:26815:26874 [0] NCCL INFO Channel 00/0 : 25[3000] -> 20[2000] [receive] via NET/IB/0
c198-021:24923:24976 [0] NCCL INFO Channel 00/0 : 44[2000] -> 40[2000] [receive] via NET/IB/0
c197-112:16812:16867 [1] NCCL INFO Channel 01/0 : 44[2000] -> 29[3000] [receive] via NET/IB/0
c197-091:861:934 [0] NCCL INFO Channel 00/0 : 12[2000] -> 8[2000] [receive] via NET/IB/0
c198-011:15929:15987 [1] NCCL INFO Channel 00/0 : 33[3000] -> 16[2000] [send] via NET/IB/0
c198-011:15928:15986 [0] NCCL INFO Channel 00/0 : 0[2000] -> 32[2000] [receive] via NET/IB/0
c198-022:19690:19749 [0] NCCL INFO Channel 01/0 : 44[2000] -> 29[3000] [send] via NET/IB/0
c198-032:19127:19181 [0] NCCL INFO Channel 00/0 : 57[3000] -> 52[2000] [receive] via NET/IB/0
c197-112:16811:16870 [0] NCCL INFO Channel 01/0 : 60[2000] -> 28[2000] [receive] via NET/IB/0
c198-031:25320:25379 [0] NCCL INFO Channel 00/0 : 48[2000] -> 32[2000] [send] via NET/IB/0
c197-092:12129:12186 [0] NCCL INFO Channel 01/0 : 28[2000] -> 12[2000] [receive] via NET/IB/0
c198-031:25322:25375 [2] NCCL INFO Parsed MSCCL Algorithm /home1/09168/ldai1/ccl-build/msccl_tools_lyd/examples/xml/xml_lyd/ring/allreduce_ring_node16_gpu64_mcl1_mck1_gan0.xml successfully.
c198-031:25322:25375 [2] NCCL INFO Connected 1 MSCCL algorithms
c198-031:25322:25375 [2] NCCL INFO NCCL_PROTO set by environment to Simple
c198-031:25322:25375 [2] NCCL INFO NCCL_ALGO set by environment to MSCCL,TREE,RING
c198-031:25322:25375 [2] NCCL INFO threadThresholds 8/8/64 | 512/8/64 | 8/8/64 | 8/8/512
c198-031:25322:25375 [2] NCCL INFO 2 coll channels, 2 p2p channels, 2 p2p channels per peer
c197-092:12131:12188 [2] NCCL INFO Parsed MSCCL Algorithm /home1/09168/ldai1/ccl-build/msccl_tools_lyd/examples/xml/xml_lyd/ring/allreduce_ring_node16_gpu64_mcl1_mck1_gan0.xml successfully.
c197-092:12131:12188 [2] NCCL INFO Connected 1 MSCCL algorithms
c197-092:12131:12188 [2] NCCL INFO NCCL_PROTO set by environment to Simple
c197-092:12131:12188 [2] NCCL INFO NCCL_ALGO set by environment to MSCCL,TREE,RING
c197-092:12131:12188 [2] NCCL INFO threadThresholds 8/8/64 | 512/8/64 | 8/8/64 | 8/8/512
c197-092:12131:12188 [2] NCCL INFO 2 coll channels, 2 p2p channels, 2 p2p channels per peer
c198-022:19692:19745 [2] NCCL INFO Parsed MSCCL Algorithm /home1/09168/ldai1/ccl-build/msccl_tools_lyd/examples/xml/xml_lyd/ring/allreduce_ring_node16_gpu64_mcl1_mck1_gan0.xml successfully.
c198-022:19692:19745 [2] NCCL INFO Connected 1 MSCCL algorithms
c198-022:19692:19745 [2] NCCL INFO NCCL_PROTO set by environment to Simple
c198-022:19692:19745 [2] NCCL INFO NCCL_ALGO set by environment to MSCCL,TREE,RING
c198-022:19692:19745 [2] NCCL INFO threadThresholds 8/8/64 | 512/8/64 | 8/8/64 | 8/8/512
c198-022:19692:19745 [2] NCCL INFO 2 coll channels, 2 p2p channels, 2 p2p channels per peer
c197-101:16628:16685 [2] NCCL INFO Parsed MSCCL Algorithm /home1/09168/ldai1/ccl-build/msccl_tools_lyd/examples/xml/xml_lyd/ring/allreduce_ring_node16_gpu64_mcl1_mck1_gan0.xml successfully.
c197-101:16628:16685 [2] NCCL INFO Connected 1 MSCCL algorithms
c197-101:16628:16685 [2] NCCL INFO NCCL_PROTO set by environment to Simple
c197-101:16628:16685 [2] NCCL INFO NCCL_ALGO set by environment to MSCCL,TREE,RING
c197-101:16628:16685 [2] NCCL INFO threadThresholds 8/8/64 | 512/8/64 | 8/8/64 | 8/8/512
c197-101:16628:16685 [2] NCCL INFO 2 coll channels, 2 p2p channels, 2 p2p channels per peer
c198-041:6296:6350 [1] NCCL INFO Channel 00 : 57[3000] -> 56[2000] via direct shared memory
c198-041:6296:6350 [1] NCCL INFO Channel 01 : 57[3000] -> 56[2000] via direct shared memory
c198-011:15929:15987 [1] NCCL INFO Channel 00 : 33[3000] -> 32[2000] via direct shared memory
c198-011:15929:15987 [1] NCCL INFO Channel 01 : 33[3000] -> 32[2000] via direct shared memory
c197-112:16812:16867 [1] NCCL INFO Channel 00 : 29[3000] -> 28[2000] via direct shared memory
c197-112:16812:16867 [1] NCCL INFO Channel 01 : 29[3000] -> 28[2000] via direct shared memory
c197-111:5815:5871 [1] NCCL INFO Channel 00 : 25[3000] -> 24[2000] via direct shared memory
c197-111:5815:5871 [1] NCCL INFO Channel 01 : 25[3000] -> 24[2000] via direct shared memory
c198-041:6297:6354 [2] NCCL INFO Connected all trees
c198-041:6297:6354 [2] NCCL INFO MSCCL_XML_FILES set by environment to /home1/09168/ldai1/ccl-build/msccl_tools_lyd/examples/xml/xml_lyd/ring/allreduce_ring_node16_gpu64_mcl1_mck1_gan0.xml
c198-041:6297:6354 [2] NCCL INFO MSCCL: Parsing algorithm /home1/09168/ldai1/ccl-build/msccl_tools_lyd/examples/xml/xml_lyd/ring/allreduce_ring_node16_gpu64_mcl1_mck1_gan0.xml
c198-011:15930:15983 [2] NCCL INFO Connected all trees
c198-011:15930:15983 [2] NCCL INFO MSCCL_XML_FILES set by environment to /home1/09168/ldai1/ccl-build/msccl_tools_lyd/examples/xml/xml_lyd/ring/allreduce_ring_node16_gpu64_mcl1_mck1_gan0.xml
c198-011:15930:15983 [2] NCCL INFO MSCCL: Parsing algorithm /home1/09168/ldai1/ccl-build/msccl_tools_lyd/examples/xml/xml_lyd/ring/allreduce_ring_node16_gpu64_mcl1_mck1_gan0.xml
c197-112:16813:16868 [2] NCCL INFO Connected all trees
c197-112:16813:16868 [2] NCCL INFO MSCCL_XML_FILES set by environment to /home1/09168/ldai1/ccl-build/msccl_tools_lyd/examples/xml/xml_lyd/ring/allreduce_ring_node16_gpu64_mcl1_mck1_gan0.xml
c197-112:16813:16868 [2] NCCL INFO MSCCL: Parsing algorithm /home1/09168/ldai1/ccl-build/msccl_tools_lyd/examples/xml/xml_lyd/ring/allreduce_ring_node16_gpu64_mcl1_mck1_gan0.xml
c197-111:5816:5873 [2] NCCL INFO Connected all trees
c197-111:5816:5873 [2] NCCL INFO MSCCL_XML_FILES set by environment to /home1/09168/ldai1/ccl-build/msccl_tools_lyd/examples/xml/xml_lyd/ring/allreduce_ring_node16_gpu64_mcl1_mck1_gan0.xml
c197-111:5816:5873 [2] NCCL INFO MSCCL: Parsing algorithm /home1/09168/ldai1/ccl-build/msccl_tools_lyd/examples/xml/xml_lyd/ring/allreduce_ring_node16_gpu64_mcl1_mck1_gan0.xml
c198-011:15928:15986 [0] NCCL INFO Channel 00/0 : 32[2000] -> 0[2000] [send] via NET/IB/0
c197-112:16811:16870 [0] NCCL INFO Channel 01/0 : 28[2000] -> 60[2000] [send] via NET/IB/0
c197-102:26815:26874 [0] NCCL INFO Channel 01/0 : 20[2000] -> 16[2000] [send] via NET/IB/0
c198-022:19690:19749 [0] NCCL INFO Channel 01/0 : 44[2000] -> 36[2000] [send] via NET/IB/0
c197-101:16626:16683 [0] NCCL INFO Channel 00/0 : 24[2000] -> 16[2000] [receive] via NET/IB/0
c198-032:19127:19181 [0] NCCL INFO Channel 01/0 : 52[2000] -> 48[2000] [send] via NET/IB/0
c198-041:6297:6354 [2] NCCL INFO Parsed MSCCL Algorithm /home1/09168/ldai1/ccl-build/msccl_tools_lyd/examples/xml/xml_lyd/ring/allreduce_ring_node16_gpu64_mcl1_mck1_gan0.xml successfully.
c198-011:15930:15983 [2] NCCL INFO Parsed MSCCL Algorithm /home1/09168/ldai1/ccl-build/msccl_tools_lyd/examples/xml/xml_lyd/ring/allreduce_ring_node16_gpu64_mcl1_mck1_gan0.xml successfully.
c198-041:6297:6354 [2] NCCL INFO Connected 1 MSCCL algorithms
c198-011:15930:15983 [2] NCCL INFO Connected 1 MSCCL algorithms
c198-041:6297:6354 [2] NCCL INFO NCCL_PROTO set by environment to Simple
c198-041:6297:6354 [2] NCCL INFO NCCL_ALGO set by environment to MSCCL,TREE,RING
c198-011:15930:15983 [2] NCCL INFO NCCL_PROTO set by environment to Simple
c198-011:15930:15983 [2] NCCL INFO NCCL_ALGO set by environment to MSCCL,TREE,RING
c198-041:6297:6354 [2] NCCL INFO threadThresholds 8/8/64 | 512/8/64 | 8/8/64 | 8/8/512
c198-011:15930:15983 [2] NCCL INFO threadThresholds 8/8/64 | 512/8/64 | 8/8/64 | 8/8/512
c198-011:15930:15983 [2] NCCL INFO 2 coll channels, 2 p2p channels, 2 p2p channels per peer
c198-041:6297:6354 [2] NCCL INFO 2 coll channels, 2 p2p channels, 2 p2p channels per peer
c197-112:16813:16868 [2] NCCL INFO Parsed MSCCL Algorithm /home1/09168/ldai1/ccl-build/msccl_tools_lyd/examples/xml/xml_lyd/ring/allreduce_ring_node16_gpu64_mcl1_mck1_gan0.xml successfully.
c197-112:16813:16868 [2] NCCL INFO Connected 1 MSCCL algorithms
c197-112:16813:16868 [2] NCCL INFO NCCL_PROTO set by environment to Simple
c197-112:16813:16868 [2] NCCL INFO NCCL_ALGO set by environment to MSCCL,TREE,RING
c197-112:16813:16868 [2] NCCL INFO threadThresholds 8/8/64 | 512/8/64 | 8/8/64 | 8/8/512
c197-112:16813:16868 [2] NCCL INFO 2 coll channels, 2 p2p channels, 2 p2p channels per peer
c197-111:5816:5873 [2] NCCL INFO Parsed MSCCL Algorithm /home1/09168/ldai1/ccl-build/msccl_tools_lyd/examples/xml/xml_lyd/ring/allreduce_ring_node16_gpu64_mcl1_mck1_gan0.xml successfully.
c197-111:5816:5873 [2] NCCL INFO Connected 1 MSCCL algorithms
c197-111:5816:5873 [2] NCCL INFO NCCL_PROTO set by environment to Simple
c197-111:5816:5873 [2] NCCL INFO NCCL_ALGO set by environment to MSCCL,TREE,RING
c197-111:5816:5873 [2] NCCL INFO threadThresholds 8/8/64 | 512/8/64 | 8/8/64 | 8/8/512
c197-111:5816:5873 [2] NCCL INFO 2 coll channels, 2 p2p channels, 2 p2p channels per peer
c198-011:15928:15986 [0] NCCL INFO Channel 00/0 : 48[2000] -> 32[2000] [receive] via NET/IB/0
c197-112:16811:16870 [0] NCCL INFO Channel 01/0 : 28[2000] -> 12[2000] [send] via NET/IB/0
c198-042:8508:8563 [0] NCCL INFO Channel 00/0 : 60[2000] -> 56[2000] [send] via NET/IB/0
c198-022:19690:19749 [0] NCCL INFO Channel 00/0 : 44[2000] -> 40[2000] [send] via NET/IB/0
c197-111:5814:5867 [0] NCCL INFO Channel 00/0 : 28[2000] -> 24[2000] [receive] via NET/IB/0
c198-012:12984:13042 [0] NCCL INFO Channel 00/0 : 41[3000] -> 36[2000] [receive] via NET/IB/0
c197-081:7204:7255 [0] NCCL INFO Channel 01/0 : 4[2000] -> 0[2000] [receive] via NET/IB/0
c197-101:16626:16683 [0] NCCL INFO Channel 01/0 : 20[2000] -> 16[2000] [receive] via NET/IB/0
c198-022:19690:19749 [0] NCCL INFO Connected all trees
c198-022:19690:19749 [0] NCCL INFO MSCCL_XML_FILES set by environment to /home1/09168/ldai1/ccl-build/msccl_tools_lyd/examples/xml/xml_lyd/ring/allreduce_ring_node16_gpu64_mcl1_mck1_gan0.xml
c198-022:19690:19749 [0] NCCL INFO MSCCL: Parsing algorithm /home1/09168/ldai1/ccl-build/msccl_tools_lyd/examples/xml/xml_lyd/ring/allreduce_ring_node16_gpu64_mcl1_mck1_gan0.xml
c198-021:24924:24982 [1] NCCL INFO Channel 00 : 41[3000] -> 40[2000] via direct shared memory
c198-022:19691:19751 [1] NCCL INFO Connected all trees
c198-021:24924:24982 [1] NCCL INFO Channel 01 : 41[3000] -> 40[2000] via direct shared memory
c198-022:19691:19751 [1] NCCL INFO MSCCL_XML_FILES set by environment to /home1/09168/ldai1/ccl-build/msccl_tools_lyd/examples/xml/xml_lyd/ring/allreduce_ring_node16_gpu64_mcl1_mck1_gan0.xml
c198-022:19691:19751 [1] NCCL INFO MSCCL: Parsing algorithm /home1/09168/ldai1/ccl-build/msccl_tools_lyd/examples/xml/xml_lyd/ring/allreduce_ring_node16_gpu64_mcl1_mck1_gan0.xml
c197-101:16626:16683 [0] NCCL INFO Connected all trees
c197-101:16626:16683 [0] NCCL INFO MSCCL_XML_FILES set by environment to /home1/09168/ldai1/ccl-build/msccl_tools_lyd/examples/xml/xml_lyd/ring/allreduce_ring_node16_gpu64_mcl1_mck1_gan0.xml
c197-101:16626:16683 [0] NCCL INFO MSCCL: Parsing algorithm /home1/09168/ldai1/ccl-build/msccl_tools_lyd/examples/xml/xml_lyd/ring/allreduce_ring_node16_gpu64_mcl1_mck1_gan0.xml
c198-021:24925:24978 [2] NCCL INFO Connected all trees
c198-021:24925:24978 [2] NCCL INFO MSCCL_XML_FILES set by environment to /home1/09168/ldai1/ccl-build/msccl_tools_lyd/examples/xml/xml_lyd/ring/allreduce_ring_node16_gpu64_mcl1_mck1_gan0.xml
c198-021:24925:24978 [2] NCCL INFO MSCCL: Parsing algorithm /home1/09168/ldai1/ccl-build/msccl_tools_lyd/examples/xml/xml_lyd/ring/allreduce_ring_node16_gpu64_mcl1_mck1_gan0.xml
c197-101:16627:16681 [1] NCCL INFO Connected all trees
c197-101:16627:16681 [1] NCCL INFO MSCCL_XML_FILES set by environment to /home1/09168/ldai1/ccl-build/msccl_tools_lyd/examples/xml/xml_lyd/ring/allreduce_ring_node16_gpu64_mcl1_mck1_gan0.xml
c197-101:16627:16681 [1] NCCL INFO MSCCL: Parsing algorithm /home1/09168/ldai1/ccl-build/msccl_tools_lyd/examples/xml/xml_lyd/ring/allreduce_ring_node16_gpu64_mcl1_mck1_gan0.xml
c198-031:25320:25379 [0] NCCL INFO Channel 00/0 : 56[2000] -> 48[2000] [receive] via NET/IB/0
c197-112:16811:16870 [0] NCCL INFO Channel 00/0 : 28[2000] -> 24[2000] [send] via NET/IB/0
c198-011:15928:15986 [0] NCCL INFO Channel 01/0 : 36[2000] -> 32[2000] [receive] via NET/IB/0
c198-021:24923:24976 [0] NCCL INFO Channel 01/0 : 40[2000] -> 37[3000] [send] via NET/IB/0
c198-012:12984:13042 [0] NCCL INFO Channel 01/0 : 36[2000] -> 32[2000] [send] via NET/IB/0
c197-092:12129:12186 [0] NCCL INFO Channel 01/0 : 12[2000] -> 4[2000] [send] via NET/IB/0
c198-022:19690:19749 [0] NCCL INFO Parsed MSCCL Algorithm /home1/09168/ldai1/ccl-build/msccl_tools_lyd/examples/xml/xml_lyd/ring/allreduce_ring_node16_gpu64_mcl1_mck1_gan0.xml successfully.
c198-022:19690:19749 [0] NCCL INFO Channel 00/0 : 44[2000] -> 51[83000] [send] via NET/IB/0
c198-022:19691:19751 [1] NCCL INFO Parsed MSCCL Algorithm /home1/09168/ldai1/ccl-build/msccl_tools_lyd/examples/xml/xml_lyd/ring/allreduce_ring_node16_gpu64_mcl1_mck1_gan0.xml successfully.
c198-022:19691:19751 [1] NCCL INFO Connected 1 MSCCL algorithms
c198-022:19691:19751 [1] NCCL INFO NCCL_PROTO set by environment to Simple
c198-022:19691:19751 [1] NCCL INFO NCCL_ALGO set by environment to MSCCL,TREE,RING
c198-022:19691:19751 [1] NCCL INFO threadThresholds 8/8/64 | 512/8/64 | 8/8/64 | 8/8/512
c198-022:19691:19751 [1] NCCL INFO 2 coll channels, 2 p2p channels, 2 p2p channels per peer
c197-101:16626:16683 [0] NCCL INFO Parsed MSCCL Algorithm /home1/09168/ldai1/ccl-build/msccl_tools_lyd/examples/xml/xml_lyd/ring/allreduce_ring_node16_gpu64_mcl1_mck1_gan0.xml successfully.
c197-101:16626:16683 [0] NCCL INFO Channel 00/0 : 16[2000] -> 23[83000] [send] via NET/IB/0
c198-022:19690:19749 [0] NCCL INFO Connected 1 MSCCL algorithms
c198-022:19690:19749 [0] NCCL INFO NCCL_PROTO set by environment to Simple
c198-022:19690:19749 [0] NCCL INFO NCCL_ALGO set by environment to MSCCL,TREE,RING
c198-022:19690:19749 [0] NCCL INFO threadThresholds 8/8/64 | 512/8/64 | 8/8/64 | 8/8/512
c198-022:19690:19749 [0] NCCL INFO 2 coll channels, 2 p2p channels, 2 p2p channels per peer
c198-021:24925:24978 [2] NCCL INFO Parsed MSCCL Algorithm /home1/09168/ldai1/ccl-build/msccl_tools_lyd/examples/xml/xml_lyd/ring/allreduce_ring_node16_gpu64_mcl1_mck1_gan0.xml successfully.
c198-021:24925:24978 [2] NCCL INFO Connected 1 MSCCL algorithms
c198-021:24925:24978 [2] NCCL INFO NCCL_PROTO set by environment to Simple
c198-021:24925:24978 [2] NCCL INFO NCCL_ALGO set by environment to MSCCL,TREE,RING
c198-021:24925:24978 [2] NCCL INFO threadThresholds 8/8/64 | 512/8/64 | 8/8/64 | 8/8/512
c198-021:24925:24978 [2] NCCL INFO 2 coll channels, 2 p2p channels, 2 p2p channels per peer
c198-031:25323:25373 [3] NCCL INFO Connected 1 MSCCL algorithms
c198-031:25323:25373 [3] NCCL INFO NCCL_PROTO set by environment to Simple
c198-031:25323:25373 [3] NCCL INFO NCCL_ALGO set by environment to MSCCL,TREE,RING
c198-031:25323:25373 [3] NCCL INFO threadThresholds 8/8/64 | 512/8/64 | 8/8/64 | 8/8/512
c198-031:25323:25373 [3] NCCL INFO 2 coll channels, 2 p2p channels, 2 p2p channels per peer
c197-101:16627:16681 [1] NCCL INFO Parsed MSCCL Algorithm /home1/09168/ldai1/ccl-build/msccl_tools_lyd/examples/xml/xml_lyd/ring/allreduce_ring_node16_gpu64_mcl1_mck1_gan0.xml successfully.
c197-101:16627:16681 [1] NCCL INFO Connected 1 MSCCL algorithms
