TACC:  Starting up job 6212612 
TACC:  Starting parallel tasks... 
# nThread 1 nGpus 1 minBytes 65536 maxBytes 268435456 step: 2(factor) warmup iters: 5 iters: 60 agg iters: 1 validation: 1 graph: 0
#
# Using devices
#  Rank  0 Group  0 Pid   3616 on   c197-081 device  0 [0x02] Quadro RTX 5000
#  Rank  1 Group  0 Pid   3617 on   c197-081 device  1 [0x03] Quadro RTX 5000
#  Rank  2 Group  0 Pid   3618 on   c197-081 device  2 [0x82] Quadro RTX 5000
#  Rank  3 Group  0 Pid   3619 on   c197-081 device  3 [0x83] Quadro RTX 5000
#  Rank  4 Group  0 Pid  10482 on   c197-082 device  0 [0x02] Quadro RTX 5000
#  Rank  5 Group  0 Pid  10483 on   c197-082 device  1 [0x03] Quadro RTX 5000
#  Rank  6 Group  0 Pid  10484 on   c197-082 device  2 [0x82] Quadro RTX 5000
#  Rank  7 Group  0 Pid  10485 on   c197-082 device  3 [0x83] Quadro RTX 5000
#  Rank  8 Group  0 Pid  30026 on   c197-091 device  0 [0x02] Quadro RTX 5000
#  Rank  9 Group  0 Pid  30027 on   c197-091 device  1 [0x03] Quadro RTX 5000
#  Rank 10 Group  0 Pid  30028 on   c197-091 device  2 [0x82] Quadro RTX 5000
#  Rank 11 Group  0 Pid  30029 on   c197-091 device  3 [0x83] Quadro RTX 5000
#  Rank 12 Group  0 Pid   8834 on   c197-092 device  0 [0x02] Quadro RTX 5000
#  Rank 13 Group  0 Pid   8835 on   c197-092 device  1 [0x03] Quadro RTX 5000
#  Rank 14 Group  0 Pid   8836 on   c197-092 device  2 [0x82] Quadro RTX 5000
#  Rank 15 Group  0 Pid   8837 on   c197-092 device  3 [0x83] Quadro RTX 5000
#  Rank 16 Group  0 Pid  13372 on   c197-101 device  0 [0x02] Quadro RTX 5000
#  Rank 17 Group  0 Pid  13373 on   c197-101 device  1 [0x03] Quadro RTX 5000
#  Rank 18 Group  0 Pid  13374 on   c197-101 device  2 [0x82] Quadro RTX 5000
#  Rank 19 Group  0 Pid  13375 on   c197-101 device  3 [0x83] Quadro RTX 5000
#  Rank 20 Group  0 Pid  23554 on   c197-102 device  0 [0x02] Quadro RTX 5000
#  Rank 21 Group  0 Pid  23555 on   c197-102 device  1 [0x03] Quadro RTX 5000
#  Rank 22 Group  0 Pid  23556 on   c197-102 device  2 [0x82] Quadro RTX 5000
#  Rank 23 Group  0 Pid  23557 on   c197-102 device  3 [0x83] Quadro RTX 5000
#  Rank 24 Group  0 Pid   2450 on   c197-111 device  0 [0x02] Quadro RTX 5000
#  Rank 25 Group  0 Pid   2451 on   c197-111 device  1 [0x03] Quadro RTX 5000
#  Rank 26 Group  0 Pid   2452 on   c197-111 device  2 [0x82] Quadro RTX 5000
#  Rank 27 Group  0 Pid   2453 on   c197-111 device  3 [0x83] Quadro RTX 5000
#  Rank 28 Group  0 Pid  13554 on   c197-112 device  0 [0x02] Quadro RTX 5000
#  Rank 29 Group  0 Pid  13555 on   c197-112 device  1 [0x03] Quadro RTX 5000
#  Rank 30 Group  0 Pid  13556 on   c197-112 device  2 [0x82] Quadro RTX 5000
#  Rank 31 Group  0 Pid  13557 on   c197-112 device  3 [0x83] Quadro RTX 5000
#  Rank 32 Group  0 Pid  12627 on   c198-011 device  0 [0x02] Quadro RTX 5000
#  Rank 33 Group  0 Pid  12628 on   c198-011 device  1 [0x03] Quadro RTX 5000
#  Rank 34 Group  0 Pid  12629 on   c198-011 device  2 [0x82] Quadro RTX 5000
#  Rank 35 Group  0 Pid  12630 on   c198-011 device  3 [0x83] Quadro RTX 5000
#  Rank 36 Group  0 Pid   9731 on   c198-012 device  0 [0x02] Quadro RTX 5000
#  Rank 37 Group  0 Pid   9732 on   c198-012 device  1 [0x03] Quadro RTX 5000
#  Rank 38 Group  0 Pid   9733 on   c198-012 device  2 [0x82] Quadro RTX 5000
#  Rank 39 Group  0 Pid   9734 on   c198-012 device  3 [0x83] Quadro RTX 5000
#  Rank 40 Group  0 Pid  21599 on   c198-021 device  0 [0x02] Quadro RTX 5000
#  Rank 41 Group  0 Pid  21600 on   c198-021 device  1 [0x03] Quadro RTX 5000
#  Rank 42 Group  0 Pid  21601 on   c198-021 device  2 [0x82] Quadro RTX 5000
#  Rank 43 Group  0 Pid  21602 on   c198-021 device  3 [0x83] Quadro RTX 5000
#  Rank 44 Group  0 Pid  15594 on   c198-022 device  0 [0x02] Quadro RTX 5000
#  Rank 45 Group  0 Pid  15595 on   c198-022 device  1 [0x03] Quadro RTX 5000
#  Rank 46 Group  0 Pid  15596 on   c198-022 device  2 [0x82] Quadro RTX 5000
#  Rank 47 Group  0 Pid  15597 on   c198-022 device  3 [0x83] Quadro RTX 5000
#  Rank 48 Group  0 Pid  21955 on   c198-031 device  0 [0x02] Quadro RTX 5000
#  Rank 49 Group  0 Pid  21956 on   c198-031 device  1 [0x03] Quadro RTX 5000
#  Rank 50 Group  0 Pid  21957 on   c198-031 device  2 [0x82] Quadro RTX 5000
#  Rank 51 Group  0 Pid  21958 on   c198-031 device  3 [0x83] Quadro RTX 5000
#  Rank 52 Group  0 Pid  15832 on   c198-032 device  0 [0x02] Quadro RTX 5000
#  Rank 53 Group  0 Pid  15833 on   c198-032 device  1 [0x03] Quadro RTX 5000
#  Rank 54 Group  0 Pid  15834 on   c198-032 device  2 [0x82] Quadro RTX 5000
#  Rank 55 Group  0 Pid  15835 on   c198-032 device  3 [0x83] Quadro RTX 5000
#  Rank 56 Group  0 Pid   3035 on   c198-041 device  0 [0x02] Quadro RTX 5000
#  Rank 57 Group  0 Pid   3036 on   c198-041 device  1 [0x03] Quadro RTX 5000
#  Rank 58 Group  0 Pid   3037 on   c198-041 device  2 [0x82] Quadro RTX 5000
#  Rank 59 Group  0 Pid   3038 on   c198-041 device  3 [0x83] Quadro RTX 5000
#  Rank 60 Group  0 Pid   5233 on   c198-042 device  0 [0x02] Quadro RTX 5000
#  Rank 61 Group  0 Pid   5234 on   c198-042 device  1 [0x03] Quadro RTX 5000
#  Rank 62 Group  0 Pid   5235 on   c198-042 device  2 [0x82] Quadro RTX 5000
#  Rank 63 Group  0 Pid   5236 on   c198-042 device  3 [0x83] Quadro RTX 5000
The MSCCL XML file exists: /home1/09168/ldai1/ccl-build/msccl_tools_lyd/examples/xml/xml_lyd/ring/allreduce_ring_node16_gpu64_mcl2_mck2_gan0.xml
c197-081:3616:3616 [0] NCCL INFO Bootstrap : Using ib0:192.168.44.137<0>
c197-081:3616:3616 [0] NCCL INFO NET/Plugin : No plugin found (libnccl-net.so), using internal implementation
c197-081:3616:3616 [0] NCCL INFO NET/IB : Using [0]mlx4_0:1/IB [RO]; OOB ib0:192.168.44.137<0>
c197-081:3616:3616 [0] NCCL INFO Using network IB
NCCL version 2.12.12.MSCCL.0.7.4+cuda11.3
c197-081:3618:3618 [2] NCCL INFO Bootstrap : Using ib0:192.168.44.137<0>
c197-081:3618:3618 [2] NCCL INFO NET/Plugin : No plugin found (libnccl-net.so), using internal implementation
c197-081:3619:3619 [3] NCCL INFO Bootstrap : Using ib0:192.168.44.137<0>
c197-081:3619:3619 [3] NCCL INFO NET/Plugin : No plugin found (libnccl-net.so), using internal implementation
c197-081:3619:3619 [3] NCCL INFO NET/IB : Using [0]mlx4_0:1/IB [RO]; OOB ib0:192.168.44.137<0>
c197-081:3619:3619 [3] NCCL INFO Using network IB
c197-081:3618:3618 [2] NCCL INFO NET/IB : Using [0]mlx4_0:1/IB [RO]; OOB ib0:192.168.44.137<0>
c197-081:3618:3618 [2] NCCL INFO Using network IB
c197-081:3617:3617 [1] NCCL INFO Bootstrap : Using ib0:192.168.44.137<0>
c197-081:3617:3617 [1] NCCL INFO NET/Plugin : No plugin found (libnccl-net.so), using internal implementation
c197-081:3617:3617 [1] NCCL INFO NET/IB : Using [0]mlx4_0:1/IB [RO]; OOB ib0:192.168.44.137<0>
c197-081:3617:3617 [1] NCCL INFO Using network IB
c197-091:30027:30027 [1] NCCL INFO Bootstrap : Using ib0:192.168.44.139<0>
c197-091:30027:30027 [1] NCCL INFO NET/Plugin : No plugin found (libnccl-net.so), using internal implementation
c197-091:30027:30027 [1] NCCL INFO NET/IB : Using [0]mlx4_0:1/IB [RO]; OOB ib0:192.168.44.139<0>
c197-091:30027:30027 [1] NCCL INFO Using network IB
c197-111:2452:2452 [2] NCCL INFO Bootstrap : Using ib0:192.168.44.143<0>
c197-111:2452:2452 [2] NCCL INFO NET/Plugin : No plugin found (libnccl-net.so), using internal implementation
c197-111:2452:2452 [2] NCCL INFO NET/IB : Using [0]mlx4_0:1/IB [RO]; OOB ib0:192.168.44.143<0>
c197-111:2452:2452 [2] NCCL INFO Using network IB
c197-102:23555:23555 [1] NCCL INFO Bootstrap : Using ib0:192.168.44.142<0>
c197-102:23555:23555 [1] NCCL INFO NET/Plugin : No plugin found (libnccl-net.so), using internal implementation
c197-111:2450:2450 [0] NCCL INFO Bootstrap : Using ib0:192.168.44.143<0>
c197-111:2450:2450 [0] NCCL INFO NET/Plugin : No plugin found (libnccl-net.so), using internal implementation
c197-102:23555:23555 [1] NCCL INFO NET/IB : Using [0]mlx4_0:1/IB [RO]; OOB ib0:192.168.44.142<0>
c197-102:23555:23555 [1] NCCL INFO Using network IB
c197-111:2450:2450 [0] NCCL INFO NET/IB : Using [0]mlx4_0:1/IB [RO]; OOB ib0:192.168.44.143<0>
c197-111:2450:2450 [0] NCCL INFO Using network IB
c198-021:21601:21601 [2] NCCL INFO Bootstrap : Using ib0:192.168.44.147<0>
c198-021:21601:21601 [2] NCCL INFO NET/Plugin : No plugin found (libnccl-net.so), using internal implementation
c197-101:13374:13374 [2] NCCL INFO Bootstrap : Using ib0:192.168.44.141<0>
c197-101:13374:13374 [2] NCCL INFO NET/Plugin : No plugin found (libnccl-net.so), using internal implementation
c198-041:3037:3037 [2] NCCL INFO Bootstrap : Using ib0:192.168.44.151<0>
c198-041:3038:3038 [3] NCCL INFO Bootstrap : Using ib0:192.168.44.151<0>
c198-041:3037:3037 [2] NCCL INFO NET/Plugin : No plugin found (libnccl-net.so), using internal implementation
c198-041:3038:3038 [3] NCCL INFO NET/Plugin : No plugin found (libnccl-net.so), using internal implementation
c197-102:23556:23556 [2] NCCL INFO Bootstrap : Using ib0:192.168.44.142<0>
c197-102:23556:23556 [2] NCCL INFO NET/Plugin : No plugin found (libnccl-net.so), using internal implementation
c197-111:2451:2451 [1] NCCL INFO Bootstrap : Using ib0:192.168.44.143<0>
c197-111:2451:2451 [1] NCCL INFO NET/Plugin : No plugin found (libnccl-net.so), using internal implementation
c197-101:13374:13374 [2] NCCL INFO NET/IB : Using [0]mlx4_0:1/IB [RO]; OOB ib0:192.168.44.141<0>
c197-101:13374:13374 [2] NCCL INFO Using network IB
c197-091:30029:30029 [3] NCCL INFO Bootstrap : Using ib0:192.168.44.139<0>
c197-091:30029:30029 [3] NCCL INFO NET/Plugin : No plugin found (libnccl-net.so), using internal implementation
c197-082:10485:10485 [3] NCCL INFO Bootstrap : Using ib0:192.168.44.138<0>
c197-082:10484:10484 [2] NCCL INFO Bootstrap : Using ib0:192.168.44.138<0>
c197-082:10484:10484 [2] NCCL INFO NET/Plugin : No plugin found (libnccl-net.so), using internal implementation
c198-021:21602:21602 [3] NCCL INFO Bootstrap : Using ib0:192.168.44.147<0>
c197-082:10485:10485 [3] NCCL INFO NET/Plugin : No plugin found (libnccl-net.so), using internal implementation
c198-021:21602:21602 [3] NCCL INFO NET/Plugin : No plugin found (libnccl-net.so), using internal implementation
c197-102:23556:23556 [2] NCCL INFO NET/IB : Using [0]mlx4_0:1/IB [RO]; OOB ib0:192.168.44.142<0>
c197-102:23556:23556 [2] NCCL INFO Using network IB
c198-021:21601:21601 [2] NCCL INFO NET/IB : Using [0]mlx4_0:1/IB [RO]; OOB ib0:192.168.44.147<0>
c198-021:21601:21601 [2] NCCL INFO Using network IB
c197-111:2451:2451 [1] NCCL INFO NET/IB : Using [0]mlx4_0:1/IB [RO]; OOB ib0:192.168.44.143<0>
c197-111:2451:2451 [1] NCCL INFO Using network IB
c197-091:30029:30029 [3] NCCL INFO NET/IB : Using [0]mlx4_0:1/IB [RO]; OOB ib0:192.168.44.139<0>
c197-091:30029:30029 [3] NCCL INFO Using network IB
c198-021:21602:21602 [3] NCCL INFO NET/IB : Using [0]mlx4_0:1/IB [RO]; OOB ib0:192.168.44.147<0>
c198-021:21602:21602 [3] NCCL INFO Using network IB
c198-032:15834:15834 [2] NCCL INFO Bootstrap : Using ib0:192.168.44.150<0>
c198-032:15834:15834 [2] NCCL INFO NET/Plugin : No plugin found (libnccl-net.so), using internal implementation
c198-041:3037:3037 [2] NCCL INFO NET/IB : Using [0]mlx4_0:1/IB [RO]; OOB ib0:192.168.44.151<0>
c198-041:3037:3037 [2] NCCL INFO Using network IB
c198-041:3038:3038 [3] NCCL INFO NET/IB : Using [0]mlx4_0:1/IB [RO]; OOB ib0:192.168.44.151<0>
c198-041:3038:3038 [3] NCCL INFO Using network IB
c198-011:12629:12629 [2] NCCL INFO Bootstrap : Using ib0:192.168.44.145<0>
c198-011:12630:12630 [3] NCCL INFO Bootstrap : Using ib0:192.168.44.145<0>
c198-011:12629:12629 [2] NCCL INFO NET/Plugin : No plugin found (libnccl-net.so), using internal implementation
c198-011:12630:12630 [3] NCCL INFO NET/Plugin : No plugin found (libnccl-net.so), using internal implementation
c197-082:10484:10484 [2] NCCL INFO NET/IB : Using [0]mlx4_0:1/IB [RO]; OOB ib0:192.168.44.138<0>
c197-082:10484:10484 [2] NCCL INFO Using network IB
c197-082:10485:10485 [3] NCCL INFO NET/IB : Using [0]mlx4_0:1/IB [RO]; OOB ib0:192.168.44.138<0>
c197-082:10485:10485 [3] NCCL INFO Using network IB
c198-041:3036:3036 [1] NCCL INFO Bootstrap : Using ib0:192.168.44.151<0>
c198-041:3036:3036 [1] NCCL INFO NET/Plugin : No plugin found (libnccl-net.so), using internal implementation
c197-092:8836:8836 [2] NCCL INFO Bootstrap : Using ib0:192.168.44.140<0>
c198-032:15835:15835 [3] NCCL INFO Bootstrap : Using ib0:192.168.44.150<0>
c197-092:8836:8836 [2] NCCL INFO NET/Plugin : No plugin found (libnccl-net.so), using internal implementation
c198-032:15835:15835 [3] NCCL INFO NET/Plugin : No plugin found (libnccl-net.so), using internal implementation
c197-102:23554:23554 [0] NCCL INFO Bootstrap : Using ib0:192.168.44.142<0>
c197-082:10482:10482 [0] NCCL INFO Bootstrap : Using ib0:192.168.44.138<0>
c197-102:23557:23557 [3] NCCL INFO Bootstrap : Using ib0:192.168.44.142<0>
c197-102:23554:23554 [0] NCCL INFO NET/Plugin : No plugin found (libnccl-net.so), using internal implementation
c197-102:23557:23557 [3] NCCL INFO NET/Plugin : No plugin found (libnccl-net.so), using internal implementation
c197-082:10482:10482 [0] NCCL INFO NET/Plugin : No plugin found (libnccl-net.so), using internal implementation
c197-101:13375:13375 [3] NCCL INFO Bootstrap : Using ib0:192.168.44.141<0>
c197-101:13373:13373 [1] NCCL INFO Bootstrap : Using ib0:192.168.44.141<0>
c197-101:13375:13375 [3] NCCL INFO NET/Plugin : No plugin found (libnccl-net.so), using internal implementation
c197-101:13373:13373 [1] NCCL INFO NET/Plugin : No plugin found (libnccl-net.so), using internal implementation
c198-032:15834:15834 [2] NCCL INFO NET/IB : Using [0]mlx4_0:1/IB [RO]; OOB ib0:192.168.44.150<0>
c198-032:15834:15834 [2] NCCL INFO Using network IB
c197-112:13556:13556 [2] NCCL INFO Bootstrap : Using ib0:192.168.44.144<0>
c197-112:13557:13557 [3] NCCL INFO Bootstrap : Using ib0:192.168.44.144<0>
c198-011:12627:12627 [0] NCCL INFO Bootstrap : Using ib0:192.168.44.145<0>
c197-112:13556:13556 [2] NCCL INFO NET/Plugin : No plugin found (libnccl-net.so), using internal implementation
c197-112:13557:13557 [3] NCCL INFO NET/Plugin : No plugin found (libnccl-net.so), using internal implementation
c198-011:12627:12627 [0] NCCL INFO NET/Plugin : No plugin found (libnccl-net.so), using internal implementation
c198-041:3036:3036 [1] NCCL INFO NET/IB : Using [0]mlx4_0:1/IB [RO]; OOB ib0:192.168.44.151<0>
c198-041:3036:3036 [1] NCCL INFO Using network IB
c197-091:30026:30026 [0] NCCL INFO Bootstrap : Using ib0:192.168.44.139<0>
c197-091:30028:30028 [2] NCCL INFO Bootstrap : Using ib0:192.168.44.139<0>
c197-091:30028:30028 [2] NCCL INFO NET/Plugin : No plugin found (libnccl-net.so), using internal implementation
c197-091:30026:30026 [0] NCCL INFO NET/Plugin : No plugin found (libnccl-net.so), using internal implementation
c197-092:8836:8836 [2] NCCL INFO NET/IB : Using [0]mlx4_0:1/IB [RO]; OOB ib0:192.168.44.140<0>
c197-092:8836:8836 [2] NCCL INFO Using network IB
c198-032:15835:15835 [3] NCCL INFO NET/IB : Using [0]mlx4_0:1/IB [RO]; OOB ib0:192.168.44.150<0>
c198-032:15835:15835 [3] NCCL INFO Using network IB
c198-011:12629:12629 [2] NCCL INFO NET/IB : Using [0]mlx4_0:1/IB [RO]; OOB ib0:192.168.44.145<0>
c198-011:12629:12629 [2] NCCL INFO Using network IB
c198-011:12630:12630 [3] NCCL INFO NET/IB : Using [0]mlx4_0:1/IB [RO]; OOB ib0:192.168.44.145<0>
c198-011:12630:12630 [3] NCCL INFO Using network IB
c197-082:10482:10482 [0] NCCL INFO NET/IB : Using [0]mlx4_0:1/IB [RO]; OOB ib0:192.168.44.138<0>
c197-082:10482:10482 [0] NCCL INFO Using network IB
c198-022:15596:15596 [2] NCCL INFO Bootstrap : Using ib0:192.168.44.148<0>
c198-021:21599:21599 [0] NCCL INFO Bootstrap : Using ib0:192.168.44.147<0>
c198-022:15597:15597 [3] NCCL INFO Bootstrap : Using ib0:192.168.44.148<0>
c198-021:21600:21600 [1] NCCL INFO Bootstrap : Using ib0:192.168.44.147<0>
c198-021:21599:21599 [0] NCCL INFO NET/Plugin : No plugin found (libnccl-net.so), using internal implementation
c198-022:15596:15596 [2] NCCL INFO NET/Plugin : No plugin found (libnccl-net.so), using internal implementation
c198-021:21600:21600 [1] NCCL INFO NET/Plugin : No plugin found (libnccl-net.so), using internal implementation
c198-011:12627:12627 [0] NCCL INFO NET/IB : Using [0]mlx4_0:1/IB [RO]; OOB ib0:192.168.44.145<0>
c198-011:12627:12627 [0] NCCL INFO Using network IB
c198-022:15597:15597 [3] NCCL INFO NET/Plugin : No plugin found (libnccl-net.so), using internal implementation
c198-032:15833:15833 [1] NCCL INFO Bootstrap : Using ib0:192.168.44.150<0>
c198-032:15832:15832 [0] NCCL INFO Bootstrap : Using ib0:192.168.44.150<0>
c198-032:15832:15832 [0] NCCL INFO NET/Plugin : No plugin found (libnccl-net.so), using internal implementation
c198-032:15833:15833 [1] NCCL INFO NET/Plugin : No plugin found (libnccl-net.so), using internal implementation
c197-102:23557:23557 [3] NCCL INFO NET/IB : Using [0]mlx4_0:1/IB [RO]; OOB ib0:192.168.44.142<0>
c197-102:23557:23557 [3] NCCL INFO Using network IB
c197-101:13372:13372 [0] NCCL INFO Bootstrap : Using ib0:192.168.44.141<0>
c197-102:23554:23554 [0] NCCL INFO NET/IB : Using [0]mlx4_0:1/IB [RO]; OOB ib0:192.168.44.142<0>
c197-102:23554:23554 [0] NCCL INFO Using network IB
c197-101:13372:13372 [0] NCCL INFO NET/Plugin : No plugin found (libnccl-net.so), using internal implementation
c198-011:12628:12628 [1] NCCL INFO Bootstrap : Using ib0:192.168.44.145<0>
c198-011:12628:12628 [1] NCCL INFO NET/Plugin : No plugin found (libnccl-net.so), using internal implementation
c197-101:13375:13375 [3] NCCL INFO NET/IB : Using [0]mlx4_0:1/IB [RO]; OOB ib0:192.168.44.141<0>
c197-101:13375:13375 [3] NCCL INFO Using network IB
c197-101:13373:13373 [1] NCCL INFO NET/IB : Using [0]mlx4_0:1/IB [RO]; OOB ib0:192.168.44.141<0>
c197-101:13373:13373 [1] NCCL INFO Using network IB
c197-091:30028:30028 [2] NCCL INFO NET/IB : Using [0]mlx4_0:1/IB [RO]; OOB ib0:192.168.44.139<0>
c197-091:30028:30028 [2] NCCL INFO Using network IB
c197-091:30026:30026 [0] NCCL INFO NET/IB : Using [0]mlx4_0:1/IB [RO]; OOB ib0:192.168.44.139<0>
c197-091:30026:30026 [0] NCCL INFO Using network IB
c197-112:13557:13557 [3] NCCL INFO NET/IB : Using [0]mlx4_0:1/IB [RO]; OOB ib0:192.168.44.144<0>
c197-112:13557:13557 [3] NCCL INFO Using network IB
c197-112:13556:13556 [2] NCCL INFO NET/IB : Using [0]mlx4_0:1/IB [RO]; OOB ib0:192.168.44.144<0>
c197-112:13556:13556 [2] NCCL INFO Using network IB
c197-101:13372:13372 [0] NCCL INFO NET/IB : Using [0]mlx4_0:1/IB [RO]; OOB ib0:192.168.44.141<0>
c197-101:13372:13372 [0] NCCL INFO Using network IB
c198-041:3035:3035 [0] NCCL INFO Bootstrap : Using ib0:192.168.44.151<0>
c198-041:3035:3035 [0] NCCL INFO NET/Plugin : No plugin found (libnccl-net.so), using internal implementation
c198-021:21600:21600 [1] NCCL INFO NET/IB : Using [0]mlx4_0:1/IB [RO]; OOB ib0:192.168.44.147<0>
c198-021:21600:21600 [1] NCCL INFO Using network IB
c198-021:21599:21599 [0] NCCL INFO NET/IB : Using [0]mlx4_0:1/IB [RO]; OOB ib0:192.168.44.147<0>
c198-021:21599:21599 [0] NCCL INFO Using network IB
c198-011:12628:12628 [1] NCCL INFO NET/IB : Using [0]mlx4_0:1/IB [RO]; OOB ib0:192.168.44.145<0>
c198-011:12628:12628 [1] NCCL INFO Using network IB
c198-032:15832:15832 [0] NCCL INFO NET/IB : Using [0]mlx4_0:1/IB [RO]; OOB ib0:192.168.44.150<0>
c198-032:15832:15832 [0] NCCL INFO Using network IB
c198-032:15833:15833 [1] NCCL INFO NET/IB : Using [0]mlx4_0:1/IB [RO]; OOB ib0:192.168.44.150<0>
c198-032:15833:15833 [1] NCCL INFO Using network IB
c198-041:3035:3035 [0] NCCL INFO NET/IB : Using [0]mlx4_0:1/IB [RO]; OOB ib0:192.168.44.151<0>
c198-041:3035:3035 [0] NCCL INFO Using network IB
c197-092:8837:8837 [3] NCCL INFO Bootstrap : Using ib0:192.168.44.140<0>
c197-092:8834:8834 [0] NCCL INFO Bootstrap : Using ib0:192.168.44.140<0>
c197-092:8835:8835 [1] NCCL INFO Bootstrap : Using ib0:192.168.44.140<0>
c197-092:8837:8837 [3] NCCL INFO NET/Plugin : No plugin found (libnccl-net.so), using internal implementation
c197-092:8834:8834 [0] NCCL INFO NET/Plugin : No plugin found (libnccl-net.so), using internal implementation
c197-092:8835:8835 [1] NCCL INFO NET/Plugin : No plugin found (libnccl-net.so), using internal implementation
c198-012:9734:9734 [3] NCCL INFO Bootstrap : Using ib0:192.168.44.146<0>
c197-082:10483:10483 [1] NCCL INFO Bootstrap : Using ib0:192.168.44.138<0>
c198-022:15595:15595 [1] NCCL INFO Bootstrap : Using ib0:192.168.44.148<0>
c198-012:9734:9734 [3] NCCL INFO NET/Plugin : No plugin found (libnccl-net.so), using internal implementation
c197-082:10483:10483 [1] NCCL INFO NET/Plugin : No plugin found (libnccl-net.so), using internal implementation
c198-022:15594:15594 [0] NCCL INFO Bootstrap : Using ib0:192.168.44.148<0>
c198-031:21955:21955 [0] NCCL INFO Bootstrap : Using ib0:192.168.44.149<0>
c198-022:15594:15594 [0] NCCL INFO NET/Plugin : No plugin found (libnccl-net.so), using internal implementation
c198-031:21957:21957 [2] NCCL INFO Bootstrap : Using ib0:192.168.44.149<0>
c198-022:15595:15595 [1] NCCL INFO NET/Plugin : No plugin found (libnccl-net.so), using internal implementation
c198-031:21958:21958 [3] NCCL INFO Bootstrap : Using ib0:192.168.44.149<0>
c198-031:21955:21955 [0] NCCL INFO NET/Plugin : No plugin found (libnccl-net.so), using internal implementation
c198-031:21957:21957 [2] NCCL INFO NET/Plugin : No plugin found (libnccl-net.so), using internal implementation
c198-031:21958:21958 [3] NCCL INFO NET/Plugin : No plugin found (libnccl-net.so), using internal implementation
c197-111:2453:2453 [3] NCCL INFO Bootstrap : Using ib0:192.168.44.143<0>
c198-022:15596:15596 [2] NCCL INFO NET/IB : Using [0]mlx4_0:1/IB [RO]; OOB ib0:192.168.44.148<0>
c198-022:15596:15596 [2] NCCL INFO Using network IB
c197-111:2453:2453 [3] NCCL INFO NET/Plugin : No plugin found (libnccl-net.so), using internal implementation
c198-022:15597:15597 [3] NCCL INFO NET/IB : Using [0]mlx4_0:1/IB [RO]; OOB ib0:192.168.44.148<0>
c198-022:15597:15597 [3] NCCL INFO Using network IB
c197-082:10483:10483 [1] NCCL INFO NET/IB : Using [0]mlx4_0:1/IB [RO]; OOB ib0:192.168.44.138<0>
c197-082:10483:10483 [1] NCCL INFO Using network IB
c198-022:15595:15595 [1] NCCL INFO NET/IB : Using [0]mlx4_0:1/IB [RO]; OOB ib0:192.168.44.148<0>
c198-022:15595:15595 [1] NCCL INFO Using network IB
c198-022:15594:15594 [0] NCCL INFO NET/IB : Using [0]mlx4_0:1/IB [RO]; OOB ib0:192.168.44.148<0>
c198-022:15594:15594 [0] NCCL INFO Using network IB
c198-012:9733:9733 [2] NCCL INFO Bootstrap : Using ib0:192.168.44.146<0>
c198-012:9733:9733 [2] NCCL INFO NET/Plugin : No plugin found (libnccl-net.so), using internal implementation
c197-111:2453:2453 [3] NCCL INFO NET/IB : Using [0]mlx4_0:1/IB [RO]; OOB ib0:192.168.44.143<0>
c197-111:2453:2453 [3] NCCL INFO Using network IB
c198-012:9734:9734 [3] NCCL INFO NET/IB : Using [0]mlx4_0:1/IB [RO]; OOB ib0:192.168.44.146<0>
c198-012:9734:9734 [3] NCCL INFO Using network IB
c198-012:9732:9732 [1] NCCL INFO Bootstrap : Using ib0:192.168.44.146<0>
c198-012:9732:9732 [1] NCCL INFO NET/Plugin : No plugin found (libnccl-net.so), using internal implementation
c198-012:9731:9731 [0] NCCL INFO Bootstrap : Using ib0:192.168.44.146<0>
c198-012:9731:9731 [0] NCCL INFO NET/Plugin : No plugin found (libnccl-net.so), using internal implementation
c198-012:9733:9733 [2] NCCL INFO NET/IB : Using [0]mlx4_0:1/IB [RO]; OOB ib0:192.168.44.146<0>
c198-012:9733:9733 [2] NCCL INFO Using network IB
c197-092:8837:8837 [3] NCCL INFO NET/IB : Using [0]mlx4_0:1/IB [RO]; OOB ib0:192.168.44.140<0>
c197-092:8837:8837 [3] NCCL INFO Using network IB
c197-092:8834:8834 [0] NCCL INFO NET/IB : Using [0]mlx4_0:1/IB [RO]; OOB ib0:192.168.44.140<0>
c197-092:8834:8834 [0] NCCL INFO Using network IB
c197-112:13555:13555 [1] NCCL INFO Bootstrap : Using ib0:192.168.44.144<0>
c197-092:8835:8835 [1] NCCL INFO NET/IB : Using [0]mlx4_0:1/IB [RO]; OOB ib0:192.168.44.140<0>
c197-092:8835:8835 [1] NCCL INFO Using network IB
c197-112:13555:13555 [1] NCCL INFO NET/Plugin : No plugin found (libnccl-net.so), using internal implementation
c198-042:5235:5235 [2] NCCL INFO Bootstrap : Using ib0:192.168.44.152<0>
c198-042:5236:5236 [3] NCCL INFO Bootstrap : Using ib0:192.168.44.152<0>
c198-042:5235:5235 [2] NCCL INFO NET/Plugin : No plugin found (libnccl-net.so), using internal implementation
c198-012:9731:9731 [0] NCCL INFO NET/IB : Using [0]mlx4_0:1/IB [RO]; OOB ib0:192.168.44.146<0>
c198-012:9731:9731 [0] NCCL INFO Using network IB
c198-042:5236:5236 [3] NCCL INFO NET/Plugin : No plugin found (libnccl-net.so), using internal implementation
c198-012:9732:9732 [1] NCCL INFO NET/IB : Using [0]mlx4_0:1/IB [RO]; OOB ib0:192.168.44.146<0>
c198-012:9732:9732 [1] NCCL INFO Using network IB
c198-031:21956:21956 [1] NCCL INFO Bootstrap : Using ib0:192.168.44.149<0>
c198-031:21956:21956 [1] NCCL INFO NET/Plugin : No plugin found (libnccl-net.so), using internal implementation
c197-112:13555:13555 [1] NCCL INFO NET/IB : Using [0]mlx4_0:1/IB [RO]; OOB ib0:192.168.44.144<0>
c197-112:13555:13555 [1] NCCL INFO Using network IB
c198-031:21955:21955 [0] NCCL INFO NET/IB : Using [0]mlx4_0:1/IB [RO]; OOB ib0:192.168.44.149<0>
c198-031:21955:21955 [0] NCCL INFO Using network IB
c198-031:21958:21958 [3] NCCL INFO NET/IB : Using [0]mlx4_0:1/IB [RO]; OOB ib0:192.168.44.149<0>
c198-031:21958:21958 [3] NCCL INFO Using network IB
c198-031:21957:21957 [2] NCCL INFO NET/IB : Using [0]mlx4_0:1/IB [RO]; OOB ib0:192.168.44.149<0>
c198-031:21957:21957 [2] NCCL INFO Using network IB
c198-031:21956:21956 [1] NCCL INFO NET/IB : Using [0]mlx4_0:1/IB [RO]; OOB ib0:192.168.44.149<0>
c198-031:21956:21956 [1] NCCL INFO Using network IB
c198-042:5235:5235 [2] NCCL INFO NET/IB : Using [0]mlx4_0:1/IB [RO]; OOB ib0:192.168.44.152<0>
c198-042:5235:5235 [2] NCCL INFO Using network IB
c198-042:5236:5236 [3] NCCL INFO NET/IB : Using [0]mlx4_0:1/IB [RO]; OOB ib0:192.168.44.152<0>
c198-042:5236:5236 [3] NCCL INFO Using network IB
c198-042:5233:5233 [0] NCCL INFO Bootstrap : Using ib0:192.168.44.152<0>
c198-042:5234:5234 [1] NCCL INFO Bootstrap : Using ib0:192.168.44.152<0>
c198-042:5233:5233 [0] NCCL INFO NET/Plugin : No plugin found (libnccl-net.so), using internal implementation
c198-042:5234:5234 [1] NCCL INFO NET/Plugin : No plugin found (libnccl-net.so), using internal implementation
c198-042:5234:5234 [1] NCCL INFO NET/IB : Using [0]mlx4_0:1/IB [RO]; OOB ib0:192.168.44.152<0>
c198-042:5234:5234 [1] NCCL INFO Using network IB
c198-042:5233:5233 [0] NCCL INFO NET/IB : Using [0]mlx4_0:1/IB [RO]; OOB ib0:192.168.44.152<0>
c198-042:5233:5233 [0] NCCL INFO Using network IB
c197-112:13554:13554 [0] NCCL INFO Bootstrap : Using ib0:192.168.44.144<0>
c197-112:13554:13554 [0] NCCL INFO NET/Plugin : No plugin found (libnccl-net.so), using internal implementation
c197-112:13554:13554 [0] NCCL INFO NET/IB : Using [0]mlx4_0:1/IB [RO]; OOB ib0:192.168.44.144<0>
c197-112:13554:13554 [0] NCCL INFO Using network IB
c197-081:3616:3667 [0] NCCL INFO Setting affinity for GPU 0 to 0f000f
c198-021:21602:21654 [3] NCCL INFO Setting affinity for GPU 3 to f000f000
c198-032:15835:15887 [3] NCCL INFO Setting affinity for GPU 3 to f000f000
c198-031:21958:22011 [3] NCCL INFO Setting affinity for GPU 3 to f000f000
c197-101:13375:13428 [3] NCCL INFO Setting affinity for GPU 3 to f000f000
c197-112:13557:13608 [3] NCCL INFO Setting affinity for GPU 3 to f000f000
c197-111:2453:2509 [3] NCCL INFO Setting affinity for GPU 3 to f000f000
c197-091:30029:30081 [3] NCCL INFO Setting affinity for GPU 3 to f000f000
c198-042:5236:5288 [3] NCCL INFO Setting affinity for GPU 3 to f000f000
c198-012:9734:9784 [3] NCCL INFO Setting affinity for GPU 3 to f000f000
c198-041:3038:3090 [3] NCCL INFO Setting affinity for GPU 3 to f000f000
c197-102:23557:23612 [3] NCCL INFO Setting affinity for GPU 3 to f000f000
c197-092:8837:8889 [3] NCCL INFO Setting affinity for GPU 3 to f000f000
c198-022:15597:15651 [3] NCCL INFO Setting affinity for GPU 3 to f000f000
c198-011:12630:12692 [3] NCCL INFO Setting affinity for GPU 3 to f000f000
c197-082:10485:10537 [3] NCCL INFO Setting affinity for GPU 3 to f000f000
c198-031:21957:22013 [2] NCCL INFO Setting affinity for GPU 2 to 0f000f00
c197-081:3619:3672 [3] NCCL INFO Setting affinity for GPU 3 to f000f000
c197-101:13374:13425 [2] NCCL INFO Setting affinity for GPU 2 to 0f000f00
c197-081:3618:3674 [2] NCCL INFO Setting affinity for GPU 2 to 0f000f00
c197-081:3617:3676 [1] NCCL INFO Setting affinity for GPU 1 to f000f0
c198-032:15832:15890 [0] NCCL INFO Setting affinity for GPU 0 to 0f000f
c198-032:15834:15885 [2] NCCL INFO Setting affinity for GPU 2 to 0f000f00
c197-091:30028:30084 [2] NCCL INFO Setting affinity for GPU 2 to 0f000f00
c198-031:21955:22010 [0] NCCL INFO Setting affinity for GPU 0 to 0f000f
c198-031:21956:22014 [1] NCCL INFO Setting affinity for GPU 1 to f000f0
c197-102:23555:23607 [1] NCCL INFO Setting affinity for GPU 1 to f000f0
c198-041:3035:3094 [0] NCCL INFO Setting affinity for GPU 0 to 0f000f
c197-101:13373:13429 [1] NCCL INFO Setting affinity for GPU 1 to f000f0
c197-101:13372:13431 [0] NCCL INFO Setting affinity for GPU 0 to 0f000f
c198-032:15833:15891 [1] NCCL INFO Setting affinity for GPU 1 to f000f0
c197-102:23556:23609 [2] NCCL INFO Setting affinity for GPU 2 to 0f000f00
c197-082:10483:10541 [1] NCCL INFO Setting affinity for GPU 1 to f000f0
c197-102:23554:23613 [0] NCCL INFO Setting affinity for GPU 0 to 0f000f
c198-041:3037:3089 [2] NCCL INFO Setting affinity for GPU 2 to 0f000f00
c198-021:21599:21658 [0] NCCL INFO Setting affinity for GPU 0 to 0f000f
c198-041:3036:3092 [1] NCCL INFO Setting affinity for GPU 1 to f000f0
c198-022:15594:15655 [0] NCCL INFO Setting affinity for GPU 0 to 0f000f
c198-022:15595:15654 [1] NCCL INFO Setting affinity for GPU 1 to f000f0
c198-022:15596:15650 [2] NCCL INFO Setting affinity for GPU 2 to 0f000f00
c197-092:8834:8892 [0] NCCL INFO Setting affinity for GPU 0 to 0f000f
c197-092:8835:8893 [1] NCCL INFO Setting affinity for GPU 1 to f000f0
c198-012:9731:9790 [0] NCCL INFO Setting affinity for GPU 0 to 0f000f
c197-092:8836:8887 [2] NCCL INFO Setting affinity for GPU 2 to 0f000f00
c197-082:10484:10536 [2] NCCL INFO Setting affinity for GPU 2 to 0f000f00
c197-082:10482:10539 [0] NCCL INFO Setting affinity for GPU 0 to 0f000f
c198-012:9732:9789 [1] NCCL INFO Setting affinity for GPU 1 to f000f0
c198-012:9733:9786 [2] NCCL INFO Setting affinity for GPU 2 to 0f000f00
c198-011:12629:12691 [2] NCCL INFO Setting affinity for GPU 2 to 0f000f00
c198-021:21600:21656 [1] NCCL INFO Setting affinity for GPU 1 to f000f0
c198-021:21601:21652 [2] NCCL INFO Setting affinity for GPU 2 to 0f000f00
c197-111:2450:2505 [0] NCCL INFO Setting affinity for GPU 0 to 0f000f
c197-111:2451:2507 [1] NCCL INFO Setting affinity for GPU 1 to f000f0
c197-111:2452:2503 [2] NCCL INFO Setting affinity for GPU 2 to 0f000f00
c198-011:12627:12694 [0] NCCL INFO Setting affinity for GPU 0 to 0f000f
c198-011:12628:12696 [1] NCCL INFO Setting affinity for GPU 1 to f000f0
c198-042:5234:5291 [1] NCCL INFO Setting affinity for GPU 1 to f000f0
c197-091:30027:30079 [1] NCCL INFO Setting affinity for GPU 1 to f000f0
c197-091:30026:30085 [0] NCCL INFO Setting affinity for GPU 0 to 0f000f
c198-042:5233:5292 [0] NCCL INFO Setting affinity for GPU 0 to 0f000f
c198-042:5235:5287 [2] NCCL INFO Setting affinity for GPU 2 to 0f000f00
c197-112:13554:13613 [0] NCCL INFO Setting affinity for GPU 0 to 0f000f
c197-112:13555:13611 [1] NCCL INFO Setting affinity for GPU 1 to f000f0
c197-112:13556:13609 [2] NCCL INFO Setting affinity for GPU 2 to 0f000f00
c197-112:13556:13609 [2] NCCL INFO Trees [0] 31/-1/-1->30->29 [1] 31/-1/-1->30->29
c197-112:13557:13608 [3] NCCL INFO Trees [0] -1/-1/-1->31->30 [1] -1/-1/-1->31->30
c198-011:12627:12694 [0] NCCL INFO Trees [0] 33/48/-1->32->0 [1] 33/-1/-1->32->36
c198-012:9731:9790 [0] NCCL INFO Trees [0] 37/-1/-1->36->41 [1] 37/32/-1->36->44
c198-021:21599:21658 [0] NCCL INFO Trees [0] 41/44/-1->40->49 [1] 41/-1/-1->40->37
c197-112:13555:13611 [1] NCCL INFO Trees [0] 30/-1/-1->29->28 [1] 30/44/-1->29->28
c198-011:12628:12696 [1] NCCL INFO Trees [0] 34/16/-1->33->32 [1] 34/-1/-1->33->32
c198-012:9732:9789 [1] NCCL INFO Trees [0] 38/-1/-1->37->36 [1] 38/40/-1->37->36
c197-111:2451:2507 [1] NCCL INFO Trees [0] 26/20/-1->25->24 [1] 26/-1/-1->25->24
c198-022:15594:15655 [0] NCCL INFO Trees [0] 45/-1/-1->44->40 [1] 45/36/-1->44->29
c198-021:21600:21656 [1] NCCL INFO Trees [0] 42/36/-1->41->40 [1] 42/-1/-1->41->40
c198-041:3035:3094 [0] NCCL INFO Trees [0] 57/60/-1->56->48 [1] 57/-1/-1->56->53
c197-102:23555:23607 [1] NCCL INFO Trees [0] 22/-1/-1->21->20 [1] 22/24/-1->21->20
c197-112:13554:13613 [0] NCCL INFO Trees [0] 29/-1/-1->28->24 [1] 29/12/-1->28->60
c198-011:12629:12691 [2] NCCL INFO Trees [0] 35/-1/-1->34->33 [1] 35/-1/-1->34->33
c198-031:21957:22013 [2] NCCL INFO Trees [0] 51/-1/-1->50->49 [1] 51/-1/-1->50->49
c198-012:9733:9786 [2] NCCL INFO Trees [0] 39/-1/-1->38->37 [1] 39/-1/-1->38->37
c197-101:13375:13428 [3] NCCL INFO Trees [0] -1/-1/-1->19->18 [1] -1/-1/-1->19->18
c197-111:2452:2503 [2] NCCL INFO Trees [0] 27/-1/-1->26->25 [1] 27/-1/-1->26->25
c198-032:15834:15885 [2] NCCL INFO Trees [0] 55/-1/-1->54->53 [1] 55/-1/-1->54->53
c198-022:15596:15650 [2] NCCL INFO Trees [0] 47/-1/-1->46->45 [1] 47/-1/-1->46->45
c198-021:21601:21652 [2] NCCL INFO Trees [0] 43/-1/-1->42->41 [1] 43/-1/-1->42->41
c198-041:3036:3092 [1] NCCL INFO Trees [0] 58/52/-1->57->56 [1] 58/-1/-1->57->56
c197-102:23556:23609 [2] NCCL INFO Trees [0] 23/-1/-1->22->21 [1] 23/-1/-1->22->21
c198-011:12630:12692 [3] NCCL INFO Trees [0] -1/-1/-1->35->34 [1] -1/-1/-1->35->34
c198-031:21955:22010 [0] NCCL INFO Trees [0] 49/56/-1->48->32 [1] 49/-1/-1->48->52
c198-012:9734:9784 [3] NCCL INFO Trees [0] -1/-1/-1->39->38 [1] -1/-1/-1->39->38
c197-101:13374:13425 [2] NCCL INFO Trees [0] 19/-1/-1->18->17 [1] 19/-1/-1->18->17
c197-111:2453:2509 [3] NCCL INFO Trees [0] -1/-1/-1->27->26 [1] -1/-1/-1->27->26
c197-091:30029:30081 [3] NCCL INFO Trees [0] -1/-1/-1->11->10 [1] -1/-1/-1->11->10
c197-092:8836:8887 [2] NCCL INFO Trees [0] 15/-1/-1->14->13 [1] 15/-1/-1->14->13
c198-032:15832:15890 [0] NCCL INFO Trees [0] 53/-1/-1->52->57 [1] 53/48/-1->52->45
c198-022:15597:15651 [3] NCCL INFO Trees [0] -1/-1/-1->47->46 [1] -1/-1/-1->47->46
c197-081:3616:3667 [0] NCCL INFO Channel 00/02 :    0   1   2   3   4   5   6   7   8   9  10  11  12  13  14  15  16  17  18  19
c197-081:3616:3667 [0] NCCL INFO Channel 01/02 :    0   1   2   3   4   5   6   7   8   9  10  11  12  13  14  15  16  17  18  19
c198-021:21602:21654 [3] NCCL INFO Trees [0] -1/-1/-1->43->42 [1] -1/-1/-1->43->42
c197-102:23557:23612 [3] NCCL INFO Trees [0] -1/-1/-1->23->22 [1] -1/-1/-1->23->22
c198-031:21956:22014 [1] NCCL INFO Trees [0] 50/40/-1->49->48 [1] 50/-1/-1->49->48
c198-042:5233:5292 [0] NCCL INFO Trees [0] 61/-1/-1->60->56 [1] 61/28/-1->60->-1
c197-101:13372:13431 [0] NCCL INFO Trees [0] 17/24/-1->16->33 [1] 17/-1/-1->16->20
c197-111:2450:2505 [0] NCCL INFO Trees [0] 25/28/-1->24->16 [1] 25/-1/-1->24->21
c197-092:8837:8889 [3] NCCL INFO Trees [0] -1/-1/-1->15->14 [1] -1/-1/-1->15->14
c198-032:15833:15891 [1] NCCL INFO Trees [0] 54/-1/-1->53->52 [1] 54/56/-1->53->52
c198-022:15595:15654 [1] NCCL INFO Trees [0] 46/-1/-1->45->44 [1] 46/52/-1->45->44
c197-081:3616:3667 [0] NCCL INFO Trees [0] 1/32/-1->0->-1 [1] 1/-1/-1->0->4
c198-041:3037:3089 [2] NCCL INFO Trees [0] 59/-1/-1->58->57 [1] 59/-1/-1->58->57
c197-102:23554:23613 [0] NCCL INFO Trees [0] 21/-1/-1->20->25 [1] 21/16/-1->20->13
c198-031:21958:22011 [3] NCCL INFO Trees [0] -1/-1/-1->51->50 [1] -1/-1/-1->51->50
c198-042:5234:5291 [1] NCCL INFO Trees [0] 62/-1/-1->61->60 [1] 62/-1/-1->61->60
c197-101:13373:13429 [1] NCCL INFO Trees [0] 18/8/-1->17->16 [1] 18/-1/-1->17->16
c197-091:30028:30084 [2] NCCL INFO Trees [0] 11/-1/-1->10->9 [1] 11/-1/-1->10->9
c197-082:10485:10537 [3] NCCL INFO Trees [0] -1/-1/-1->7->6 [1] -1/-1/-1->7->6
c197-092:8835:8893 [1] NCCL INFO Trees [0] 14/-1/-1->13->12 [1] 14/20/-1->13->12
c198-032:15835:15887 [3] NCCL INFO Trees [0] -1/-1/-1->55->54 [1] -1/-1/-1->55->54
c197-081:3617:3676 [1] NCCL INFO Trees [0] 2/-1/-1->1->0 [1] 2/-1/-1->1->0
c198-041:3038:3090 [3] NCCL INFO Trees [0] -1/-1/-1->59->58 [1] -1/-1/-1->59->58
c198-042:5236:5288 [3] NCCL INFO Trees [0] -1/-1/-1->63->62 [1] -1/-1/-1->63->62
c197-091:30026:30085 [0] NCCL INFO Trees [0] 9/12/-1->8->17 [1] 9/-1/-1->8->5
c197-082:10484:10536 [2] NCCL INFO Trees [0] 7/-1/-1->6->5 [1] 7/-1/-1->6->5
c197-092:8834:8892 [0] NCCL INFO Trees [0] 13/-1/-1->12->8 [1] 13/4/-1->12->28
c197-081:3619:3672 [3] NCCL INFO Trees [0] -1/-1/-1->3->2 [1] -1/-1/-1->3->2
c198-042:5235:5287 [2] NCCL INFO Trees [0] 63/-1/-1->62->61 [1] 63/-1/-1->62->61
c197-091:30027:30079 [1] NCCL INFO Trees [0] 10/4/-1->9->8 [1] 10/-1/-1->9->8
c197-082:10483:10541 [1] NCCL INFO Trees [0] 6/-1/-1->5->4 [1] 6/8/-1->5->4
c197-081:3618:3674 [2] NCCL INFO Trees [0] 3/-1/-1->2->1 [1] 3/-1/-1->2->1
c197-082:10482:10539 [0] NCCL INFO Trees [0] 5/-1/-1->4->9 [1] 5/0/-1->4->12
c198-041:3035:3094 [0] NCCL INFO Channel 00/0 : 55[83000] -> 56[2000] [receive] via NET/IB/0
c197-112:13554:13613 [0] NCCL INFO Channel 00/0 : 27[83000] -> 28[2000] [receive] via NET/IB/0
c198-022:15594:15655 [0] NCCL INFO Channel 00/0 : 43[83000] -> 44[2000] [receive] via NET/IB/0
c198-011:12627:12694 [0] NCCL INFO Channel 00/0 : 31[83000] -> 32[2000] [receive] via NET/IB/0
c198-031:21955:22010 [0] NCCL INFO Channel 00/0 : 47[83000] -> 48[2000] [receive] via NET/IB/0
c198-012:9731:9790 [0] NCCL INFO Channel 00/0 : 35[83000] -> 36[2000] [receive] via NET/IB/0
c197-101:13372:13431 [0] NCCL INFO Channel 00/0 : 15[83000] -> 16[2000] [receive] via NET/IB/0
c198-032:15832:15890 [0] NCCL INFO Channel 00/0 : 51[83000] -> 52[2000] [receive] via NET/IB/0
c198-021:21599:21658 [0] NCCL INFO Channel 00/0 : 39[83000] -> 40[2000] [receive] via NET/IB/0
c197-111:2450:2505 [0] NCCL INFO Channel 00/0 : 23[83000] -> 24[2000] [receive] via NET/IB/0
c197-091:30026:30085 [0] NCCL INFO Channel 00/0 : 7[83000] -> 8[2000] [receive] via NET/IB/0
c198-042:5233:5292 [0] NCCL INFO Channel 00/0 : 59[83000] -> 60[2000] [receive] via NET/IB/0
c197-102:23554:23613 [0] NCCL INFO Channel 00/0 : 19[83000] -> 20[2000] [receive] via NET/IB/0
c197-081:3616:3667 [0] NCCL INFO Channel 00/0 : 63[83000] -> 0[2000] [receive] via NET/IB/0
c197-082:10482:10539 [0] NCCL INFO Channel 00/0 : 3[83000] -> 4[2000] [receive] via NET/IB/0
c197-092:8834:8892 [0] NCCL INFO Channel 00/0 : 11[83000] -> 12[2000] [receive] via NET/IB/0
c197-112:13556:13609 [2] NCCL INFO Channel 00 : 30[82000] -> 31[83000] via direct shared memory
c198-012:9733:9786 [2] NCCL INFO Channel 00 : 38[82000] -> 39[83000] via direct shared memory
c198-021:21601:21652 [2] NCCL INFO Channel 00 : 42[82000] -> 43[83000] via direct shared memory
c197-112:13556:13609 [2] NCCL INFO Channel 01 : 30[82000] -> 31[83000] via direct shared memory
c198-011:12629:12691 [2] NCCL INFO Channel 00 : 34[82000] -> 35[83000] via direct shared memory
c198-012:9733:9786 [2] NCCL INFO Channel 01 : 38[82000] -> 39[83000] via direct shared memory
c197-091:30028:30084 [2] NCCL INFO Channel 00 : 10[82000] -> 11[83000] via direct shared memory
c198-032:15834:15885 [2] NCCL INFO Channel 00 : 54[82000] -> 55[83000] via direct shared memory
c198-021:21601:21652 [2] NCCL INFO Channel 01 : 42[82000] -> 43[83000] via direct shared memory
c198-011:12629:12691 [2] NCCL INFO Channel 01 : 34[82000] -> 35[83000] via direct shared memory
c197-091:30028:30084 [2] NCCL INFO Channel 01 : 10[82000] -> 11[83000] via direct shared memory
c198-032:15834:15885 [2] NCCL INFO Channel 01 : 54[82000] -> 55[83000] via direct shared memory
c198-041:3037:3089 [2] NCCL INFO Channel 00 : 58[82000] -> 59[83000] via direct shared memory
c197-082:10484:10536 [2] NCCL INFO Channel 00 : 6[82000] -> 7[83000] via direct shared memory
c198-032:15833:15891 [1] NCCL INFO Channel 00 : 53[3000] -> 54[82000] via direct shared memory
c198-041:3037:3089 [2] NCCL INFO Channel 01 : 58[82000] -> 59[83000] via direct shared memory
c197-082:10484:10536 [2] NCCL INFO Channel 01 : 6[82000] -> 7[83000] via direct shared memory
c198-032:15833:15891 [1] NCCL INFO Channel 01 : 53[3000] -> 54[82000] via direct shared memory
c197-102:23556:23609 [2] NCCL INFO Channel 00 : 22[82000] -> 23[83000] via direct shared memory
c197-101:13374:13425 [2] NCCL INFO Channel 00 : 18[82000] -> 19[83000] via direct shared memory
c197-111:2452:2503 [2] NCCL INFO Channel 00 : 26[82000] -> 27[83000] via direct shared memory
c197-112:13555:13611 [1] NCCL INFO Channel 00 : 29[3000] -> 30[82000] via direct shared memory
c198-012:9732:9789 [1] NCCL INFO Channel 00 : 37[3000] -> 38[82000] via direct shared memory
c197-101:13373:13429 [1] NCCL INFO Channel 00 : 17[3000] -> 18[82000] via direct shared memory
c197-102:23555:23607 [1] NCCL INFO Channel 00 : 21[3000] -> 22[82000] via direct shared memory
c197-112:13555:13611 [1] NCCL INFO Channel 01 : 29[3000] -> 30[82000] via direct shared memory
c197-101:13374:13425 [2] NCCL INFO Channel 01 : 18[82000] -> 19[83000] via direct shared memory
c197-102:23556:23609 [2] NCCL INFO Channel 01 : 22[82000] -> 23[83000] via direct shared memory
c198-012:9732:9789 [1] NCCL INFO Channel 01 : 37[3000] -> 38[82000] via direct shared memory
c198-021:21600:21656 [1] NCCL INFO Channel 00 : 41[3000] -> 42[82000] via direct shared memory
c197-102:23555:23607 [1] NCCL INFO Channel 01 : 21[3000] -> 22[82000] via direct shared memory
c198-011:12628:12696 [1] NCCL INFO Channel 00 : 33[3000] -> 34[82000] via direct shared memory
c198-031:21957:22013 [2] NCCL INFO Channel 00 : 50[82000] -> 51[83000] via direct shared memory
c197-101:13373:13429 [1] NCCL INFO Channel 01 : 17[3000] -> 18[82000] via direct shared memory
c197-111:2452:2503 [2] NCCL INFO Channel 01 : 26[82000] -> 27[83000] via direct shared memory
c198-022:15596:15650 [2] NCCL INFO Channel 00 : 46[82000] -> 47[83000] via direct shared memory
c198-021:21600:21656 [1] NCCL INFO Channel 01 : 41[3000] -> 42[82000] via direct shared memory
c198-031:21956:22014 [1] NCCL INFO Channel 00 : 49[3000] -> 50[82000] via direct shared memory
c198-042:5235:5287 [2] NCCL INFO Channel 00 : 62[82000] -> 63[83000] via direct shared memory
c197-111:2451:2507 [1] NCCL INFO Channel 00 : 25[3000] -> 26[82000] via direct shared memory
c198-022:15595:15654 [1] NCCL INFO Channel 00 : 45[3000] -> 46[82000] via direct shared memory
c198-041:3036:3092 [1] NCCL INFO Channel 00 : 57[3000] -> 58[82000] via direct shared memory
c198-011:12628:12696 [1] NCCL INFO Channel 01 : 33[3000] -> 34[82000] via direct shared memory
c198-031:21957:22013 [2] NCCL INFO Channel 01 : 50[82000] -> 51[83000] via direct shared memory
c198-042:5234:5291 [1] NCCL INFO Channel 00 : 61[3000] -> 62[82000] via direct shared memory
c197-111:2451:2507 [1] NCCL INFO Channel 01 : 25[3000] -> 26[82000] via direct shared memory
c197-091:30027:30079 [1] NCCL INFO Channel 00 : 9[3000] -> 10[82000] via direct shared memory
c198-022:15596:15650 [2] NCCL INFO Channel 01 : 46[82000] -> 47[83000] via direct shared memory
c198-041:3036:3092 [1] NCCL INFO Channel 01 : 57[3000] -> 58[82000] via direct shared memory
c198-031:21956:22014 [1] NCCL INFO Channel 01 : 49[3000] -> 50[82000] via direct shared memory
c198-042:5235:5287 [2] NCCL INFO Channel 01 : 62[82000] -> 63[83000] via direct shared memory
c198-022:15595:15654 [1] NCCL INFO Channel 01 : 45[3000] -> 46[82000] via direct shared memory
c198-042:5234:5291 [1] NCCL INFO Channel 01 : 61[3000] -> 62[82000] via direct shared memory
c197-091:30027:30079 [1] NCCL INFO Channel 01 : 9[3000] -> 10[82000] via direct shared memory
c197-082:10483:10541 [1] NCCL INFO Channel 00 : 5[3000] -> 6[82000] via direct shared memory
c197-092:8836:8887 [2] NCCL INFO Channel 00 : 14[82000] -> 15[83000] via direct shared memory
c197-082:10483:10541 [1] NCCL INFO Channel 01 : 5[3000] -> 6[82000] via direct shared memory
c197-092:8835:8893 [1] NCCL INFO Channel 00 : 13[3000] -> 14[82000] via direct shared memory
c197-092:8836:8887 [2] NCCL INFO Channel 01 : 14[82000] -> 15[83000] via direct shared memory
c197-092:8835:8893 [1] NCCL INFO Channel 01 : 13[3000] -> 14[82000] via direct shared memory
c197-081:3617:3676 [1] NCCL INFO Channel 00 : 1[3000] -> 2[82000] via direct shared memory
c197-081:3618:3674 [2] NCCL INFO Channel 00 : 2[82000] -> 3[83000] via direct shared memory
c197-081:3617:3676 [1] NCCL INFO Channel 01 : 1[3000] -> 2[82000] via direct shared memory
c197-081:3618:3674 [2] NCCL INFO Channel 01 : 2[82000] -> 3[83000] via direct shared memory
c197-091:30029:30081 [3] NCCL INFO Channel 00/0 : 11[83000] -> 12[2000] [send] via NET/IB/0
c198-032:15835:15887 [3] NCCL INFO Channel 00/0 : 55[83000] -> 56[2000] [send] via NET/IB/0
c198-021:21602:21654 [3] NCCL INFO Channel 00/0 : 43[83000] -> 44[2000] [send] via NET/IB/0
c198-011:12630:12692 [3] NCCL INFO Channel 00/0 : 35[83000] -> 36[2000] [send] via NET/IB/0
c197-112:13557:13608 [3] NCCL INFO Channel 00/0 : 31[83000] -> 32[2000] [send] via NET/IB/0
c198-012:9734:9784 [3] NCCL INFO Channel 00/0 : 39[83000] -> 40[2000] [send] via NET/IB/0
c197-082:10485:10537 [3] NCCL INFO Channel 00/0 : 7[83000] -> 8[2000] [send] via NET/IB/0
c198-041:3038:3090 [3] NCCL INFO Channel 00/0 : 59[83000] -> 60[2000] [send] via NET/IB/0
c197-101:13375:13428 [3] NCCL INFO Channel 00/0 : 19[83000] -> 20[2000] [send] via NET/IB/0
c197-102:23557:23612 [3] NCCL INFO Channel 00/0 : 23[83000] -> 24[2000] [send] via NET/IB/0
c197-111:2453:2509 [3] NCCL INFO Channel 00/0 : 27[83000] -> 28[2000] [send] via NET/IB/0
c198-031:21958:22011 [3] NCCL INFO Channel 00/0 : 51[83000] -> 52[2000] [send] via NET/IB/0
c198-022:15597:15651 [3] NCCL INFO Channel 00/0 : 47[83000] -> 48[2000] [send] via NET/IB/0
c198-042:5236:5288 [3] NCCL INFO Channel 00/0 : 63[83000] -> 0[2000] [send] via NET/IB/0
c197-092:8837:8889 [3] NCCL INFO Channel 00/0 : 15[83000] -> 16[2000] [send] via NET/IB/0
c197-081:3619:3672 [3] NCCL INFO Channel 00/0 : 3[83000] -> 4[2000] [send] via NET/IB/0
c198-022:15594:15655 [0] NCCL INFO Channel 01/0 : 43[83000] -> 44[2000] [receive] via NET/IB/0
c198-011:12627:12694 [0] NCCL INFO Channel 01/0 : 31[83000] -> 32[2000] [receive] via NET/IB/0
c198-011:12627:12694 [0] NCCL INFO Channel 00 : 32[2000] -> 33[3000] via direct shared memory
c198-022:15594:15655 [0] NCCL INFO Channel 00 : 44[2000] -> 45[3000] via direct shared memory
c197-112:13554:13613 [0] NCCL INFO Channel 01/0 : 27[83000] -> 28[2000] [receive] via NET/IB/0
c198-012:9731:9790 [0] NCCL INFO Channel 01/0 : 35[83000] -> 36[2000] [receive] via NET/IB/0
c197-101:13372:13431 [0] NCCL INFO Channel 01/0 : 15[83000] -> 16[2000] [receive] via NET/IB/0
c198-011:12627:12694 [0] NCCL INFO Channel 01 : 32[2000] -> 33[3000] via direct shared memory
c198-022:15594:15655 [0] NCCL INFO Channel 01 : 44[2000] -> 45[3000] via direct shared memory
c197-112:13554:13613 [0] NCCL INFO Channel 00 : 28[2000] -> 29[3000] via direct shared memory
c197-111:2450:2505 [0] NCCL INFO Channel 01/0 : 23[83000] -> 24[2000] [receive] via NET/IB/0
c198-012:9731:9790 [0] NCCL INFO Channel 00 : 36[2000] -> 37[3000] via direct shared memory
c197-101:13372:13431 [0] NCCL INFO Channel 00 : 16[2000] -> 17[3000] via direct shared memory
c197-091:30026:30085 [0] NCCL INFO Channel 01/0 : 7[83000] -> 8[2000] [receive] via NET/IB/0
c197-112:13554:13613 [0] NCCL INFO Channel 01 : 28[2000] -> 29[3000] via direct shared memory
c198-031:21955:22010 [0] NCCL INFO Channel 01/0 : 47[83000] -> 48[2000] [receive] via NET/IB/0
c198-012:9731:9790 [0] NCCL INFO Channel 01 : 36[2000] -> 37[3000] via direct shared memory
c197-101:13372:13431 [0] NCCL INFO Channel 01 : 16[2000] -> 17[3000] via direct shared memory
c197-111:2450:2505 [0] NCCL INFO Channel 00 : 24[2000] -> 25[3000] via direct shared memory
c198-021:21599:21658 [0] NCCL INFO Channel 01/0 : 39[83000] -> 40[2000] [receive] via NET/IB/0
c197-091:30026:30085 [0] NCCL INFO Channel 00 : 8[2000] -> 9[3000] via direct shared memory
c198-041:3035:3094 [0] NCCL INFO Channel 01/0 : 55[83000] -> 56[2000] [receive] via NET/IB/0
c198-031:21955:22010 [0] NCCL INFO Channel 00 : 48[2000] -> 49[3000] via direct shared memory
c198-042:5233:5292 [0] NCCL INFO Channel 01/0 : 59[83000] -> 60[2000] [receive] via NET/IB/0
c197-111:2450:2505 [0] NCCL INFO Channel 01 : 24[2000] -> 25[3000] via direct shared memory
c198-031:21955:22010 [0] NCCL INFO Channel 01 : 48[2000] -> 49[3000] via direct shared memory
c198-021:21599:21658 [0] NCCL INFO Channel 00 : 40[2000] -> 41[3000] via direct shared memory
c197-091:30026:30085 [0] NCCL INFO Channel 01 : 8[2000] -> 9[3000] via direct shared memory
c198-042:5233:5292 [0] NCCL INFO Channel 00 : 60[2000] -> 61[3000] via direct shared memory
c198-032:15832:15890 [0] NCCL INFO Channel 01/0 : 51[83000] -> 52[2000] [receive] via NET/IB/0
c198-021:21599:21658 [0] NCCL INFO Channel 01 : 40[2000] -> 41[3000] via direct shared memory
c198-041:3035:3094 [0] NCCL INFO Channel 00 : 56[2000] -> 57[3000] via direct shared memory
c198-042:5233:5292 [0] NCCL INFO Channel 01 : 60[2000] -> 61[3000] via direct shared memory
c198-032:15832:15890 [0] NCCL INFO Channel 00 : 52[2000] -> 53[3000] via direct shared memory
c198-041:3035:3094 [0] NCCL INFO Channel 01 : 56[2000] -> 57[3000] via direct shared memory
c197-092:8834:8892 [0] NCCL INFO Channel 01/0 : 11[83000] -> 12[2000] [receive] via NET/IB/0
c198-032:15832:15890 [0] NCCL INFO Channel 01 : 52[2000] -> 53[3000] via direct shared memory
c197-082:10482:10539 [0] NCCL INFO Channel 01/0 : 3[83000] -> 4[2000] [receive] via NET/IB/0
c197-092:8834:8892 [0] NCCL INFO Channel 00 : 12[2000] -> 13[3000] via direct shared memory
c197-102:23554:23613 [0] NCCL INFO Channel 01/0 : 19[83000] -> 20[2000] [receive] via NET/IB/0
c197-081:3616:3667 [0] NCCL INFO Channel 01/0 : 63[83000] -> 0[2000] [receive] via NET/IB/0
c197-092:8834:8892 [0] NCCL INFO Channel 01 : 12[2000] -> 13[3000] via direct shared memory
c197-102:23554:23613 [0] NCCL INFO Channel 00 : 20[2000] -> 21[3000] via direct shared memory
c197-082:10482:10539 [0] NCCL INFO Channel 00 : 4[2000] -> 5[3000] via direct shared memory
