c197-082:10482:10539 [0] NCCL INFO Channel 01 : 4[2000] -> 5[3000] via direct shared memory
c197-102:23554:23613 [0] NCCL INFO Channel 01 : 20[2000] -> 21[3000] via direct shared memory
c197-081:3616:3667 [0] NCCL INFO Channel 00 : 0[2000] -> 1[3000] via direct shared memory
c197-081:3616:3667 [0] NCCL INFO Channel 01 : 0[2000] -> 1[3000] via direct shared memory
c198-022:15595:15654 [1] NCCL INFO Connected all rings
c197-101:13373:13429 [1] NCCL INFO Connected all rings
c198-021:21600:21656 [1] NCCL INFO Connected all rings
c198-011:12628:12696 [1] NCCL INFO Connected all rings
c198-031:21956:22014 [1] NCCL INFO Connected all rings
c197-091:30027:30079 [1] NCCL INFO Connected all rings
c197-112:13555:13611 [1] NCCL INFO Connected all rings
c197-111:2451:2507 [1] NCCL INFO Connected all rings
c198-042:5234:5291 [1] NCCL INFO Connected all rings
c198-032:15833:15891 [1] NCCL INFO Connected all rings
c198-012:9732:9789 [1] NCCL INFO Connected all rings
c198-041:3036:3092 [1] NCCL INFO Connected all rings
c197-102:23555:23607 [1] NCCL INFO Connected all rings
c197-082:10483:10541 [1] NCCL INFO Connected all rings
c197-092:8835:8893 [1] NCCL INFO Connected all rings
c197-081:3617:3676 [1] NCCL INFO Connected all rings
c198-022:15595:15654 [1] NCCL INFO Channel 01/0 : 45[3000] -> 52[2000] [send] via NET/IB/0
c197-101:13373:13429 [1] NCCL INFO Channel 00/0 : 8[2000] -> 17[3000] [receive] via NET/IB/0
c197-112:13555:13611 [1] NCCL INFO Channel 01/0 : 29[3000] -> 44[2000] [send] via NET/IB/0
c198-031:21956:22014 [1] NCCL INFO Channel 00/0 : 40[2000] -> 49[3000] [receive] via NET/IB/0
c197-091:30027:30079 [1] NCCL INFO Channel 00/0 : 4[2000] -> 9[3000] [receive] via NET/IB/0
c198-032:15833:15891 [1] NCCL INFO Channel 01/0 : 53[3000] -> 56[2000] [send] via NET/IB/0
c198-011:12628:12696 [1] NCCL INFO Channel 00/0 : 16[2000] -> 33[3000] [receive] via NET/IB/0
c197-111:2451:2507 [1] NCCL INFO Channel 00/0 : 20[2000] -> 25[3000] [receive] via NET/IB/0
c198-012:9732:9789 [1] NCCL INFO Channel 01/0 : 37[3000] -> 40[2000] [send] via NET/IB/0
c198-041:3036:3092 [1] NCCL INFO Channel 00/0 : 52[2000] -> 57[3000] [receive] via NET/IB/0
c197-102:23555:23607 [1] NCCL INFO Channel 01/0 : 21[3000] -> 24[2000] [send] via NET/IB/0
c198-021:21600:21656 [1] NCCL INFO Channel 00/0 : 36[2000] -> 41[3000] [receive] via NET/IB/0
c197-092:8835:8893 [1] NCCL INFO Channel 01/0 : 13[3000] -> 20[2000] [send] via NET/IB/0
c197-082:10483:10541 [1] NCCL INFO Channel 01/0 : 5[3000] -> 8[2000] [send] via NET/IB/0
c198-021:21602:21654 [3] NCCL INFO Channel 01/0 : 43[83000] -> 44[2000] [send] via NET/IB/0
c198-032:15835:15887 [3] NCCL INFO Channel 01/0 : 55[83000] -> 56[2000] [send] via NET/IB/0
c198-011:12630:12692 [3] NCCL INFO Channel 01/0 : 35[83000] -> 36[2000] [send] via NET/IB/0
c197-112:13557:13608 [3] NCCL INFO Channel 01/0 : 31[83000] -> 32[2000] [send] via NET/IB/0
c198-012:9734:9784 [3] NCCL INFO Channel 01/0 : 39[83000] -> 40[2000] [send] via NET/IB/0
c197-101:13375:13428 [3] NCCL INFO Channel 01/0 : 19[83000] -> 20[2000] [send] via NET/IB/0
c197-082:10485:10537 [3] NCCL INFO Channel 01/0 : 7[83000] -> 8[2000] [send] via NET/IB/0
c197-102:23557:23612 [3] NCCL INFO Channel 01/0 : 23[83000] -> 24[2000] [send] via NET/IB/0
c198-031:21958:22011 [3] NCCL INFO Channel 01/0 : 51[83000] -> 52[2000] [send] via NET/IB/0
c197-111:2453:2509 [3] NCCL INFO Channel 01/0 : 27[83000] -> 28[2000] [send] via NET/IB/0
c197-091:30029:30081 [3] NCCL INFO Channel 01/0 : 11[83000] -> 12[2000] [send] via NET/IB/0
c198-042:5236:5288 [3] NCCL INFO Channel 01/0 : 63[83000] -> 0[2000] [send] via NET/IB/0
c198-041:3038:3090 [3] NCCL INFO Channel 01/0 : 59[83000] -> 60[2000] [send] via NET/IB/0
c198-022:15597:15651 [3] NCCL INFO Channel 01/0 : 47[83000] -> 48[2000] [send] via NET/IB/0
c197-092:8837:8889 [3] NCCL INFO Channel 01/0 : 15[83000] -> 16[2000] [send] via NET/IB/0
c197-081:3619:3672 [3] NCCL INFO Channel 01/0 : 3[83000] -> 4[2000] [send] via NET/IB/0
c198-032:15834:15885 [2] NCCL INFO Connected all rings
c198-021:21601:21652 [2] NCCL INFO Connected all rings
c197-101:13374:13425 [2] NCCL INFO Connected all rings
c198-012:9733:9786 [2] NCCL INFO Connected all rings
c197-112:13556:13609 [2] NCCL INFO Connected all rings
c198-011:12629:12691 [2] NCCL INFO Connected all rings
c197-091:30028:30084 [2] NCCL INFO Connected all rings
c198-041:3037:3089 [2] NCCL INFO Connected all rings
c197-102:23556:23609 [2] NCCL INFO Connected all rings
c198-022:15596:15650 [2] NCCL INFO Connected all rings
c197-111:2452:2503 [2] NCCL INFO Connected all rings
c198-031:21957:22013 [2] NCCL INFO Connected all rings
c197-082:10484:10536 [2] NCCL INFO Connected all rings
c198-042:5235:5287 [2] NCCL INFO Connected all rings
c197-092:8836:8887 [2] NCCL INFO Connected all rings
c198-042:5234:5291 [1] NCCL INFO Channel 00 : 61[3000] -> 60[2000] via direct shared memory
c198-042:5234:5291 [1] NCCL INFO Channel 01 : 61[3000] -> 60[2000] via direct shared memory
c197-081:3617:3676 [1] NCCL INFO Channel 00 : 1[3000] -> 0[2000] via direct shared memory
c197-081:3618:3674 [2] NCCL INFO Connected all rings
c197-081:3617:3676 [1] NCCL INFO Channel 01 : 1[3000] -> 0[2000] via direct shared memory
c198-011:12630:12692 [3] NCCL INFO Connected all rings
c198-011:12630:12692 [3] NCCL INFO Channel 00 : 35[83000] -> 34[82000] via direct shared memory
c198-011:12630:12692 [3] NCCL INFO Channel 01 : 35[83000] -> 34[82000] via direct shared memory
c198-012:9734:9784 [3] NCCL INFO Connected all rings
c197-082:10485:10537 [3] NCCL INFO Connected all rings
c198-012:9734:9784 [3] NCCL INFO Channel 00 : 39[83000] -> 38[82000] via direct shared memory
c197-101:13375:13428 [3] NCCL INFO Connected all rings
c197-082:10485:10537 [3] NCCL INFO Channel 00 : 7[83000] -> 6[82000] via direct shared memory
c197-112:13557:13608 [3] NCCL INFO Connected all rings
c198-012:9734:9784 [3] NCCL INFO Channel 01 : 39[83000] -> 38[82000] via direct shared memory
c197-112:13557:13608 [3] NCCL INFO Channel 00 : 31[83000] -> 30[82000] via direct shared memory
c197-101:13375:13428 [3] NCCL INFO Channel 00 : 19[83000] -> 18[82000] via direct shared memory
c197-082:10485:10537 [3] NCCL INFO Channel 01 : 7[83000] -> 6[82000] via direct shared memory
c197-101:13375:13428 [3] NCCL INFO Channel 01 : 19[83000] -> 18[82000] via direct shared memory
c198-041:3038:3090 [3] NCCL INFO Connected all rings
c197-112:13557:13608 [3] NCCL INFO Channel 01 : 31[83000] -> 30[82000] via direct shared memory
c198-031:21958:22011 [3] NCCL INFO Connected all rings
c197-091:30029:30081 [3] NCCL INFO Connected all rings
c198-041:3038:3090 [3] NCCL INFO Channel 00 : 59[83000] -> 58[82000] via direct shared memory
c198-031:21958:22011 [3] NCCL INFO Channel 00 : 51[83000] -> 50[82000] via direct shared memory
c198-042:5236:5288 [3] NCCL INFO Connected all rings
c197-091:30029:30081 [3] NCCL INFO Channel 00 : 11[83000] -> 10[82000] via direct shared memory
c198-041:3038:3090 [3] NCCL INFO Channel 01 : 59[83000] -> 58[82000] via direct shared memory
c197-102:23557:23612 [3] NCCL INFO Connected all rings
c198-031:21958:22011 [3] NCCL INFO Channel 01 : 51[83000] -> 50[82000] via direct shared memory
c198-042:5236:5288 [3] NCCL INFO Channel 00 : 63[83000] -> 62[82000] via direct shared memory
c197-102:23557:23612 [3] NCCL INFO Channel 00 : 23[83000] -> 22[82000] via direct shared memory
c197-111:2453:2509 [3] NCCL INFO Connected all rings
c197-091:30029:30081 [3] NCCL INFO Channel 01 : 11[83000] -> 10[82000] via direct shared memory
c198-042:5236:5288 [3] NCCL INFO Channel 01 : 63[83000] -> 62[82000] via direct shared memory
c197-111:2453:2509 [3] NCCL INFO Channel 00 : 27[83000] -> 26[82000] via direct shared memory
c198-032:15835:15887 [3] NCCL INFO Connected all rings
c198-022:15597:15651 [3] NCCL INFO Connected all rings
c197-102:23557:23612 [3] NCCL INFO Channel 01 : 23[83000] -> 22[82000] via direct shared memory
c198-032:15835:15887 [3] NCCL INFO Channel 00 : 55[83000] -> 54[82000] via direct shared memory
c197-111:2453:2509 [3] NCCL INFO Channel 01 : 27[83000] -> 26[82000] via direct shared memory
c198-022:15597:15651 [3] NCCL INFO Channel 00 : 47[83000] -> 46[82000] via direct shared memory
c198-022:15597:15651 [3] NCCL INFO Channel 01 : 47[83000] -> 46[82000] via direct shared memory
c198-021:21602:21654 [3] NCCL INFO Connected all rings
c198-032:15835:15887 [3] NCCL INFO Channel 01 : 55[83000] -> 54[82000] via direct shared memory
c198-021:21602:21654 [3] NCCL INFO Channel 00 : 43[83000] -> 42[82000] via direct shared memory
c198-021:21602:21654 [3] NCCL INFO Channel 01 : 43[83000] -> 42[82000] via direct shared memory
c198-041:3035:3094 [0] NCCL INFO Connected all rings
c197-092:8837:8889 [3] NCCL INFO Connected all rings
c197-092:8837:8889 [3] NCCL INFO Channel 00 : 15[83000] -> 14[82000] via direct shared memory
c198-032:15832:15890 [0] NCCL INFO Connected all rings
c197-092:8837:8889 [3] NCCL INFO Channel 01 : 15[83000] -> 14[82000] via direct shared memory
c198-021:21599:21658 [0] NCCL INFO Connected all rings
c198-022:15594:15655 [0] NCCL INFO Connected all rings
c198-032:15834:15885 [2] NCCL INFO Channel 00 : 54[82000] -> 53[3000] via direct shared memory
c198-011:12627:12694 [0] NCCL INFO Connected all rings
c198-032:15834:15885 [2] NCCL INFO Channel 01 : 54[82000] -> 53[3000] via direct shared memory
c197-091:30026:30085 [0] NCCL INFO Connected all rings
c197-092:8834:8892 [0] NCCL INFO Connected all rings
c198-021:21601:21652 [2] NCCL INFO Channel 00 : 42[82000] -> 41[3000] via direct shared memory
c198-022:15596:15650 [2] NCCL INFO Channel 00 : 46[82000] -> 45[3000] via direct shared memory
c198-021:21601:21652 [2] NCCL INFO Channel 01 : 42[82000] -> 41[3000] via direct shared memory
c197-111:2452:2503 [2] NCCL INFO Channel 00 : 26[82000] -> 25[3000] via direct shared memory
c198-022:15596:15650 [2] NCCL INFO Channel 01 : 46[82000] -> 45[3000] via direct shared memory
c197-102:23554:23613 [0] NCCL INFO Connected all rings
c197-111:2452:2503 [2] NCCL INFO Channel 01 : 26[82000] -> 25[3000] via direct shared memory
c197-101:13374:13425 [2] NCCL INFO Channel 00 : 18[82000] -> 17[3000] via direct shared memory
c198-012:9733:9786 [2] NCCL INFO Channel 00 : 38[82000] -> 37[3000] via direct shared memory
c197-101:13374:13425 [2] NCCL INFO Channel 01 : 18[82000] -> 17[3000] via direct shared memory
c197-111:2450:2505 [0] NCCL INFO Connected all rings
c197-081:3619:3672 [3] NCCL INFO Connected all rings
c197-112:13554:13613 [0] NCCL INFO Connected all rings
c197-081:3616:3667 [0] NCCL INFO Connected all rings
c198-012:9733:9786 [2] NCCL INFO Channel 01 : 38[82000] -> 37[3000] via direct shared memory
c197-081:3619:3672 [3] NCCL INFO Channel 00 : 3[83000] -> 2[82000] via direct shared memory
c197-091:30028:30084 [2] NCCL INFO Channel 00 : 10[82000] -> 9[3000] via direct shared memory
c198-031:21955:22010 [0] NCCL INFO Connected all rings
c198-031:21957:22013 [2] NCCL INFO Channel 00 : 50[82000] -> 49[3000] via direct shared memory
c197-081:3619:3672 [3] NCCL INFO Channel 01 : 3[83000] -> 2[82000] via direct shared memory
c198-031:21957:22013 [2] NCCL INFO Channel 01 : 50[82000] -> 49[3000] via direct shared memory
c197-091:30028:30084 [2] NCCL INFO Channel 01 : 10[82000] -> 9[3000] via direct shared memory
c198-041:3037:3089 [2] NCCL INFO Channel 00 : 58[82000] -> 57[3000] via direct shared memory
c198-041:3037:3089 [2] NCCL INFO Channel 01 : 58[82000] -> 57[3000] via direct shared memory
c197-102:23556:23609 [2] NCCL INFO Channel 00 : 22[82000] -> 21[3000] via direct shared memory
c197-102:23556:23609 [2] NCCL INFO Channel 01 : 22[82000] -> 21[3000] via direct shared memory
c197-112:13556:13609 [2] NCCL INFO Channel 00 : 30[82000] -> 29[3000] via direct shared memory
c197-112:13556:13609 [2] NCCL INFO Channel 01 : 30[82000] -> 29[3000] via direct shared memory
c197-082:10484:10536 [2] NCCL INFO Channel 00 : 6[82000] -> 5[3000] via direct shared memory
c197-082:10484:10536 [2] NCCL INFO Channel 01 : 6[82000] -> 5[3000] via direct shared memory
c198-042:5233:5292 [0] NCCL INFO Connected all rings
c198-042:5235:5287 [2] NCCL INFO Channel 00 : 62[82000] -> 61[3000] via direct shared memory
c197-092:8836:8887 [2] NCCL INFO Channel 00 : 14[82000] -> 13[3000] via direct shared memory
c198-042:5235:5287 [2] NCCL INFO Channel 01 : 62[82000] -> 61[3000] via direct shared memory
c197-101:13372:13431 [0] NCCL INFO Connected all rings
c197-092:8836:8887 [2] NCCL INFO Channel 01 : 14[82000] -> 13[3000] via direct shared memory
c198-012:9731:9790 [0] NCCL INFO Connected all rings
c198-032:15835:15887 [3] NCCL INFO Connected all trees
c198-032:15835:15887 [3] NCCL INFO MSCCL_XML_FILES set by environment to /home1/09168/ldai1/ccl-build/msccl_tools_lyd/examples/xml/xml_lyd/ring/allreduce_ring_node16_gpu64_mcl2_mck2_gan0.xml
c198-032:15835:15887 [3] NCCL INFO MSCCL: Parsing algorithm /home1/09168/ldai1/ccl-build/msccl_tools_lyd/examples/xml/xml_lyd/ring/allreduce_ring_node16_gpu64_mcl2_mck2_gan0.xml
c197-082:10482:10539 [0] NCCL INFO Connected all rings
c198-011:12629:12691 [2] NCCL INFO Channel 00 : 34[82000] -> 33[3000] via direct shared memory
c198-021:21602:21654 [3] NCCL INFO Connected all trees
c198-021:21602:21654 [3] NCCL INFO MSCCL_XML_FILES set by environment to /home1/09168/ldai1/ccl-build/msccl_tools_lyd/examples/xml/xml_lyd/ring/allreduce_ring_node16_gpu64_mcl2_mck2_gan0.xml
c198-021:21602:21654 [3] NCCL INFO MSCCL: Parsing algorithm /home1/09168/ldai1/ccl-build/msccl_tools_lyd/examples/xml/xml_lyd/ring/allreduce_ring_node16_gpu64_mcl2_mck2_gan0.xml
c198-011:12629:12691 [2] NCCL INFO Channel 01 : 34[82000] -> 33[3000] via direct shared memory
c198-022:15597:15651 [3] NCCL INFO Connected all trees
c198-022:15597:15651 [3] NCCL INFO MSCCL_XML_FILES set by environment to /home1/09168/ldai1/ccl-build/msccl_tools_lyd/examples/xml/xml_lyd/ring/allreduce_ring_node16_gpu64_mcl2_mck2_gan0.xml
c198-022:15597:15651 [3] NCCL INFO MSCCL: Parsing algorithm /home1/09168/ldai1/ccl-build/msccl_tools_lyd/examples/xml/xml_lyd/ring/allreduce_ring_node16_gpu64_mcl2_mck2_gan0.xml
c197-081:3618:3674 [2] NCCL INFO Channel 00 : 2[82000] -> 1[3000] via direct shared memory
c197-111:2453:2509 [3] NCCL INFO Connected all trees
c197-111:2453:2509 [3] NCCL INFO MSCCL_XML_FILES set by environment to /home1/09168/ldai1/ccl-build/msccl_tools_lyd/examples/xml/xml_lyd/ring/allreduce_ring_node16_gpu64_mcl2_mck2_gan0.xml
c197-101:13375:13428 [3] NCCL INFO Connected all trees
c197-081:3618:3674 [2] NCCL INFO Channel 01 : 2[82000] -> 1[3000] via direct shared memory
c198-012:9734:9784 [3] NCCL INFO Connected all trees
c197-101:13375:13428 [3] NCCL INFO MSCCL_XML_FILES set by environment to /home1/09168/ldai1/ccl-build/msccl_tools_lyd/examples/xml/xml_lyd/ring/allreduce_ring_node16_gpu64_mcl2_mck2_gan0.xml
c197-111:2453:2509 [3] NCCL INFO MSCCL: Parsing algorithm /home1/09168/ldai1/ccl-build/msccl_tools_lyd/examples/xml/xml_lyd/ring/allreduce_ring_node16_gpu64_mcl2_mck2_gan0.xml
c198-012:9734:9784 [3] NCCL INFO MSCCL_XML_FILES set by environment to /home1/09168/ldai1/ccl-build/msccl_tools_lyd/examples/xml/xml_lyd/ring/allreduce_ring_node16_gpu64_mcl2_mck2_gan0.xml
c197-101:13375:13428 [3] NCCL INFO MSCCL: Parsing algorithm /home1/09168/ldai1/ccl-build/msccl_tools_lyd/examples/xml/xml_lyd/ring/allreduce_ring_node16_gpu64_mcl2_mck2_gan0.xml
c197-091:30029:30081 [3] NCCL INFO Connected all trees
c198-012:9734:9784 [3] NCCL INFO MSCCL: Parsing algorithm /home1/09168/ldai1/ccl-build/msccl_tools_lyd/examples/xml/xml_lyd/ring/allreduce_ring_node16_gpu64_mcl2_mck2_gan0.xml
c197-091:30029:30081 [3] NCCL INFO MSCCL_XML_FILES set by environment to /home1/09168/ldai1/ccl-build/msccl_tools_lyd/examples/xml/xml_lyd/ring/allreduce_ring_node16_gpu64_mcl2_mck2_gan0.xml
c197-091:30029:30081 [3] NCCL INFO MSCCL: Parsing algorithm /home1/09168/ldai1/ccl-build/msccl_tools_lyd/examples/xml/xml_lyd/ring/allreduce_ring_node16_gpu64_mcl2_mck2_gan0.xml
c198-041:3038:3090 [3] NCCL INFO Connected all trees
c198-031:21958:22011 [3] NCCL INFO Connected all trees
c198-031:21958:22011 [3] NCCL INFO MSCCL_XML_FILES set by environment to /home1/09168/ldai1/ccl-build/msccl_tools_lyd/examples/xml/xml_lyd/ring/allreduce_ring_node16_gpu64_mcl2_mck2_gan0.xml
c198-041:3038:3090 [3] NCCL INFO MSCCL_XML_FILES set by environment to /home1/09168/ldai1/ccl-build/msccl_tools_lyd/examples/xml/xml_lyd/ring/allreduce_ring_node16_gpu64_mcl2_mck2_gan0.xml
c198-031:21958:22011 [3] NCCL INFO MSCCL: Parsing algorithm /home1/09168/ldai1/ccl-build/msccl_tools_lyd/examples/xml/xml_lyd/ring/allreduce_ring_node16_gpu64_mcl2_mck2_gan0.xml
c198-041:3038:3090 [3] NCCL INFO MSCCL: Parsing algorithm /home1/09168/ldai1/ccl-build/msccl_tools_lyd/examples/xml/xml_lyd/ring/allreduce_ring_node16_gpu64_mcl2_mck2_gan0.xml
c197-102:23557:23612 [3] NCCL INFO Connected all trees
c197-102:23557:23612 [3] NCCL INFO MSCCL_XML_FILES set by environment to /home1/09168/ldai1/ccl-build/msccl_tools_lyd/examples/xml/xml_lyd/ring/allreduce_ring_node16_gpu64_mcl2_mck2_gan0.xml
c197-102:23557:23612 [3] NCCL INFO MSCCL: Parsing algorithm /home1/09168/ldai1/ccl-build/msccl_tools_lyd/examples/xml/xml_lyd/ring/allreduce_ring_node16_gpu64_mcl2_mck2_gan0.xml
c197-112:13557:13608 [3] NCCL INFO Connected all trees
c197-112:13557:13608 [3] NCCL INFO MSCCL_XML_FILES set by environment to /home1/09168/ldai1/ccl-build/msccl_tools_lyd/examples/xml/xml_lyd/ring/allreduce_ring_node16_gpu64_mcl2_mck2_gan0.xml
c197-112:13557:13608 [3] NCCL INFO MSCCL: Parsing algorithm /home1/09168/ldai1/ccl-build/msccl_tools_lyd/examples/xml/xml_lyd/ring/allreduce_ring_node16_gpu64_mcl2_mck2_gan0.xml
c197-082:10485:10537 [3] NCCL INFO Connected all trees
c197-082:10485:10537 [3] NCCL INFO MSCCL_XML_FILES set by environment to /home1/09168/ldai1/ccl-build/msccl_tools_lyd/examples/xml/xml_lyd/ring/allreduce_ring_node16_gpu64_mcl2_mck2_gan0.xml
c197-082:10485:10537 [3] NCCL INFO MSCCL: Parsing algorithm /home1/09168/ldai1/ccl-build/msccl_tools_lyd/examples/xml/xml_lyd/ring/allreduce_ring_node16_gpu64_mcl2_mck2_gan0.xml
c197-092:8837:8889 [3] NCCL INFO Connected all trees
c197-092:8837:8889 [3] NCCL INFO MSCCL_XML_FILES set by environment to /home1/09168/ldai1/ccl-build/msccl_tools_lyd/examples/xml/xml_lyd/ring/allreduce_ring_node16_gpu64_mcl2_mck2_gan0.xml
c198-042:5236:5288 [3] NCCL INFO Connected all trees
c197-092:8837:8889 [3] NCCL INFO MSCCL: Parsing algorithm /home1/09168/ldai1/ccl-build/msccl_tools_lyd/examples/xml/xml_lyd/ring/allreduce_ring_node16_gpu64_mcl2_mck2_gan0.xml
c198-042:5236:5288 [3] NCCL INFO MSCCL_XML_FILES set by environment to /home1/09168/ldai1/ccl-build/msccl_tools_lyd/examples/xml/xml_lyd/ring/allreduce_ring_node16_gpu64_mcl2_mck2_gan0.xml
c198-042:5236:5288 [3] NCCL INFO MSCCL: Parsing algorithm /home1/09168/ldai1/ccl-build/msccl_tools_lyd/examples/xml/xml_lyd/ring/allreduce_ring_node16_gpu64_mcl2_mck2_gan0.xml
c198-042:5235:5287 [2] NCCL INFO Connected all trees
c198-042:5235:5287 [2] NCCL INFO MSCCL_XML_FILES set by environment to /home1/09168/ldai1/ccl-build/msccl_tools_lyd/examples/xml/xml_lyd/ring/allreduce_ring_node16_gpu64_mcl2_mck2_gan0.xml
c198-042:5235:5287 [2] NCCL INFO MSCCL: Parsing algorithm /home1/09168/ldai1/ccl-build/msccl_tools_lyd/examples/xml/xml_lyd/ring/allreduce_ring_node16_gpu64_mcl2_mck2_gan0.xml
c198-011:12630:12692 [3] NCCL INFO Connected all trees
c198-011:12630:12692 [3] NCCL INFO MSCCL_XML_FILES set by environment to /home1/09168/ldai1/ccl-build/msccl_tools_lyd/examples/xml/xml_lyd/ring/allreduce_ring_node16_gpu64_mcl2_mck2_gan0.xml
c198-011:12630:12692 [3] NCCL INFO MSCCL: Parsing algorithm /home1/09168/ldai1/ccl-build/msccl_tools_lyd/examples/xml/xml_lyd/ring/allreduce_ring_node16_gpu64_mcl2_mck2_gan0.xml
c197-081:3619:3672 [3] NCCL INFO Connected all trees
c197-081:3619:3672 [3] NCCL INFO MSCCL_XML_FILES set by environment to /home1/09168/ldai1/ccl-build/msccl_tools_lyd/examples/xml/xml_lyd/ring/allreduce_ring_node16_gpu64_mcl2_mck2_gan0.xml
c197-081:3619:3672 [3] NCCL INFO MSCCL: Parsing algorithm /home1/09168/ldai1/ccl-build/msccl_tools_lyd/examples/xml/xml_lyd/ring/allreduce_ring_node16_gpu64_mcl2_mck2_gan0.xml
c197-081:3618:3674 [2] NCCL INFO Connected all trees
c197-081:3618:3674 [2] NCCL INFO MSCCL_XML_FILES set by environment to /home1/09168/ldai1/ccl-build/msccl_tools_lyd/examples/xml/xml_lyd/ring/allreduce_ring_node16_gpu64_mcl2_mck2_gan0.xml
c197-081:3618:3674 [2] NCCL INFO MSCCL: Parsing algorithm /home1/09168/ldai1/ccl-build/msccl_tools_lyd/examples/xml/xml_lyd/ring/allreduce_ring_node16_gpu64_mcl2_mck2_gan0.xml
c198-021:21599:21658 [0] NCCL INFO Channel 01/0 : 37[3000] -> 40[2000] [receive] via NET/IB/0
c198-041:3035:3094 [0] NCCL INFO Channel 01/0 : 53[3000] -> 56[2000] [receive] via NET/IB/0
c198-011:12627:12694 [0] NCCL INFO Channel 01/0 : 32[2000] -> 36[2000] [send] via NET/IB/0
c198-032:15832:15890 [0] NCCL INFO Channel 01/0 : 48[2000] -> 52[2000] [receive] via NET/IB/0
c198-022:15594:15655 [0] NCCL INFO Channel 00/0 : 40[2000] -> 44[2000] [receive] via NET/IB/0
c197-091:30026:30085 [0] NCCL INFO Channel 01/0 : 5[3000] -> 8[2000] [receive] via NET/IB/0
c197-112:13554:13613 [0] NCCL INFO Channel 00/0 : 24[2000] -> 28[2000] [receive] via NET/IB/0
c197-092:8834:8892 [0] NCCL INFO Channel 00/0 : 8[2000] -> 12[2000] [receive] via NET/IB/0
c197-111:2450:2505 [0] NCCL INFO Channel 01/0 : 21[3000] -> 24[2000] [receive] via NET/IB/0
c198-031:21955:22010 [0] NCCL INFO Channel 01/0 : 48[2000] -> 52[2000] [send] via NET/IB/0
c197-081:3616:3667 [0] NCCL INFO Channel 01/0 : 0[2000] -> 4[2000] [send] via NET/IB/0
c197-102:23554:23613 [0] NCCL INFO Channel 01/0 : 16[2000] -> 20[2000] [receive] via NET/IB/0
c198-042:5233:5292 [0] NCCL INFO Channel 00/0 : 56[2000] -> 60[2000] [receive] via NET/IB/0
c198-012:9731:9790 [0] NCCL INFO Channel 01/0 : 32[2000] -> 36[2000] [receive] via NET/IB/0
c197-101:13372:13431 [0] NCCL INFO Channel 01/0 : 16[2000] -> 20[2000] [send] via NET/IB/0
c197-082:10482:10539 [0] NCCL INFO Channel 01/0 : 0[2000] -> 4[2000] [receive] via NET/IB/0
c198-042:5236:5288 [3] NCCL INFO Parsed MSCCL Algorithm /home1/09168/ldai1/ccl-build/msccl_tools_lyd/examples/xml/xml_lyd/ring/allreduce_ring_node16_gpu64_mcl2_mck2_gan0.xml successfully.
c198-042:5235:5287 [2] NCCL INFO Parsed MSCCL Algorithm /home1/09168/ldai1/ccl-build/msccl_tools_lyd/examples/xml/xml_lyd/ring/allreduce_ring_node16_gpu64_mcl2_mck2_gan0.xml successfully.
c197-081:3618:3674 [2] NCCL INFO Parsed MSCCL Algorithm /home1/09168/ldai1/ccl-build/msccl_tools_lyd/examples/xml/xml_lyd/ring/allreduce_ring_node16_gpu64_mcl2_mck2_gan0.xml successfully.
c197-081:3619:3672 [3] NCCL INFO Parsed MSCCL Algorithm /home1/09168/ldai1/ccl-build/msccl_tools_lyd/examples/xml/xml_lyd/ring/allreduce_ring_node16_gpu64_mcl2_mck2_gan0.xml successfully.
c198-042:5235:5287 [2] NCCL INFO Channel 01/0 : 62[82000] -> 1[3000] [send] via NET/IB/0
c197-081:3618:3674 [2] NCCL INFO Channel 01/0 : 2[82000] -> 5[3000] [send] via NET/IB/0
c198-032:15833:15891 [1] NCCL INFO Channel 01/0 : 56[2000] -> 53[3000] [receive] via NET/IB/0
c198-012:9732:9789 [1] NCCL INFO Channel 01/0 : 40[2000] -> 37[3000] [receive] via NET/IB/0
c198-021:21599:21658 [0] NCCL INFO Channel 00/0 : 40[2000] -> 44[2000] [send] via NET/IB/0
c197-082:10483:10541 [1] NCCL INFO Channel 01/0 : 8[2000] -> 5[3000] [receive] via NET/IB/0
c198-031:21955:22010 [0] NCCL INFO Channel 00/0 : 48[2000] -> 56[2000] [send] via NET/IB/0
c198-041:3035:3094 [0] NCCL INFO Channel 00/0 : 56[2000] -> 60[2000] [send] via NET/IB/0
c197-111:2450:2505 [0] NCCL INFO Channel 00/0 : 24[2000] -> 28[2000] [send] via NET/IB/0
c197-102:23555:23607 [1] NCCL INFO Channel 01/0 : 24[2000] -> 21[3000] [receive] via NET/IB/0
c197-091:30026:30085 [0] NCCL INFO Channel 00/0 : 8[2000] -> 12[2000] [send] via NET/IB/0
c198-032:15832:15890 [0] NCCL INFO Channel 00/0 : 52[2000] -> 57[3000] [send] via NET/IB/0
c198-021:21602:21654 [3] NCCL INFO Parsed MSCCL Algorithm /home1/09168/ldai1/ccl-build/msccl_tools_lyd/examples/xml/xml_lyd/ring/allreduce_ring_node16_gpu64_mcl2_mck2_gan0.xml successfully.
c197-081:3616:3667 [0] NCCL INFO Channel 00/0 : 32[2000] -> 0[2000] [receive] via NET/IB/0
c198-032:15835:15887 [3] NCCL INFO Parsed MSCCL Algorithm /home1/09168/ldai1/ccl-build/msccl_tools_lyd/examples/xml/xml_lyd/ring/allreduce_ring_node16_gpu64_mcl2_mck2_gan0.xml successfully.
c198-011:12627:12694 [0] NCCL INFO Channel 00/0 : 32[2000] -> 48[2000] [send] via NET/IB/0
c198-012:9734:9784 [3] NCCL INFO Parsed MSCCL Algorithm /home1/09168/ldai1/ccl-build/msccl_tools_lyd/examples/xml/xml_lyd/ring/allreduce_ring_node16_gpu64_mcl2_mck2_gan0.xml successfully.
c198-012:9731:9790 [0] NCCL INFO Channel 00/0 : 36[2000] -> 41[3000] [send] via NET/IB/0
c197-082:10482:10539 [0] NCCL INFO Channel 00/0 : 4[2000] -> 9[3000] [send] via NET/IB/0
c197-102:23554:23613 [0] NCCL INFO Channel 00/0 : 20[2000] -> 25[3000] [send] via NET/IB/0
c197-091:30029:30081 [3] NCCL INFO Parsed MSCCL Algorithm /home1/09168/ldai1/ccl-build/msccl_tools_lyd/examples/xml/xml_lyd/ring/allreduce_ring_node16_gpu64_mcl2_mck2_gan0.xml successfully.
c198-022:15597:15651 [3] NCCL INFO Parsed MSCCL Algorithm /home1/09168/ldai1/ccl-build/msccl_tools_lyd/examples/xml/xml_lyd/ring/allreduce_ring_node16_gpu64_mcl2_mck2_gan0.xml successfully.
c198-041:3038:3090 [3] NCCL INFO Parsed MSCCL Algorithm /home1/09168/ldai1/ccl-build/msccl_tools_lyd/examples/xml/xml_lyd/ring/allreduce_ring_node16_gpu64_mcl2_mck2_gan0.xml successfully.
c197-112:13557:13608 [3] NCCL INFO Parsed MSCCL Algorithm /home1/09168/ldai1/ccl-build/msccl_tools_lyd/examples/xml/xml_lyd/ring/allreduce_ring_node16_gpu64_mcl2_mck2_gan0.xml successfully.
c198-031:21958:22011 [3] NCCL INFO Parsed MSCCL Algorithm /home1/09168/ldai1/ccl-build/msccl_tools_lyd/examples/xml/xml_lyd/ring/allreduce_ring_node16_gpu64_mcl2_mck2_gan0.xml successfully.
c197-101:13375:13428 [3] NCCL INFO Parsed MSCCL Algorithm /home1/09168/ldai1/ccl-build/msccl_tools_lyd/examples/xml/xml_lyd/ring/allreduce_ring_node16_gpu64_mcl2_mck2_gan0.xml successfully.
c197-102:23557:23612 [3] NCCL INFO Parsed MSCCL Algorithm /home1/09168/ldai1/ccl-build/msccl_tools_lyd/examples/xml/xml_lyd/ring/allreduce_ring_node16_gpu64_mcl2_mck2_gan0.xml successfully.
c197-082:10485:10537 [3] NCCL INFO Parsed MSCCL Algorithm /home1/09168/ldai1/ccl-build/msccl_tools_lyd/examples/xml/xml_lyd/ring/allreduce_ring_node16_gpu64_mcl2_mck2_gan0.xml successfully.
c197-092:8837:8889 [3] NCCL INFO Parsed MSCCL Algorithm /home1/09168/ldai1/ccl-build/msccl_tools_lyd/examples/xml/xml_lyd/ring/allreduce_ring_node16_gpu64_mcl2_mck2_gan0.xml successfully.
c197-101:13372:13431 [0] NCCL INFO Channel 00/0 : 16[2000] -> 24[2000] [send] via NET/IB/0
c198-011:12630:12692 [3] NCCL INFO Parsed MSCCL Algorithm /home1/09168/ldai1/ccl-build/msccl_tools_lyd/examples/xml/xml_lyd/ring/allreduce_ring_node16_gpu64_mcl2_mck2_gan0.xml successfully.
c197-111:2453:2509 [3] NCCL INFO Parsed MSCCL Algorithm /home1/09168/ldai1/ccl-build/msccl_tools_lyd/examples/xml/xml_lyd/ring/allreduce_ring_node16_gpu64_mcl2_mck2_gan0.xml successfully.
c197-081:3616:3667 [0] NCCL INFO Channel 00/0 : 0[2000] -> 32[2000] [send] via NET/IB/0
c198-021:21599:21658 [0] NCCL INFO Channel 00/0 : 40[2000] -> 49[3000] [send] via NET/IB/0
c198-022:15594:15655 [0] NCCL INFO Channel 01/0 : 36[2000] -> 44[2000] [receive] via NET/IB/0
c197-111:2450:2505 [0] NCCL INFO Channel 00/0 : 16[2000] -> 24[2000] [receive] via NET/IB/0
c198-032:15832:15890 [0] NCCL INFO Channel 01/0 : 45[3000] -> 52[2000] [receive] via NET/IB/0
c197-112:13554:13613 [0] NCCL INFO Channel 01/0 : 12[2000] -> 28[2000] [receive] via NET/IB/0
c198-041:3036:3092 [1] NCCL INFO Channel 00/0 : 57[3000] -> 52[2000] [send] via NET/IB/0
c198-012:9731:9790 [0] NCCL INFO Channel 01/0 : 36[2000] -> 44[2000] [send] via NET/IB/0
c197-092:8834:8892 [0] NCCL INFO Channel 01/0 : 4[2000] -> 12[2000] [receive] via NET/IB/0
c197-082:10482:10539 [0] NCCL INFO Channel 01/0 : 4[2000] -> 12[2000] [send] via NET/IB/0
c197-102:23554:23613 [0] NCCL INFO Channel 01/0 : 13[3000] -> 20[2000] [receive] via NET/IB/0
c198-021:21600:21656 [1] NCCL INFO Channel 00/0 : 41[3000] -> 36[2000] [send] via NET/IB/0
c197-111:2451:2507 [1] NCCL INFO Channel 00/0 : 25[3000] -> 20[2000] [send] via NET/IB/0
c197-091:30027:30079 [1] NCCL INFO Channel 00/0 : 9[3000] -> 4[2000] [send] via NET/IB/0
c198-042:5233:5292 [0] NCCL INFO Channel 01/0 : 28[2000] -> 60[2000] [receive] via NET/IB/0
c198-041:3035:3094 [0] NCCL INFO Channel 00/0 : 48[2000] -> 56[2000] [receive] via NET/IB/0
c197-091:30026:30085 [0] NCCL INFO Channel 00/0 : 8[2000] -> 17[3000] [send] via NET/IB/0
c198-042:5233:5292 [0] NCCL INFO Channel 01/0 : 60[2000] -> 28[2000] [send] via NET/IB/0
c198-021:21599:21658 [0] NCCL INFO Channel 00/0 : 49[3000] -> 40[2000] [receive] via NET/IB/0
c198-031:21956:22014 [1] NCCL INFO Channel 00/0 : 49[3000] -> 40[2000] [send] via NET/IB/0
c198-022:15595:15654 [1] NCCL INFO Channel 01/0 : 52[2000] -> 45[3000] [receive] via NET/IB/0
c197-111:2450:2505 [0] NCCL INFO Channel 00/0 : 24[2000] -> 16[2000] [send] via NET/IB/0
c198-032:15832:15890 [0] NCCL INFO Channel 01/0 : 52[2000] -> 45[3000] [send] via NET/IB/0
c198-012:9731:9790 [0] NCCL INFO Channel 01/0 : 44[2000] -> 36[2000] [receive] via NET/IB/0
c197-082:10482:10539 [0] NCCL INFO Channel 01/0 : 12[2000] -> 4[2000] [receive] via NET/IB/0
c198-022:15594:15655 [0] NCCL INFO Channel 01/0 : 29[3000] -> 44[2000] [receive] via NET/IB/0
c197-092:8835:8893 [1] NCCL INFO Channel 01/0 : 20[2000] -> 13[3000] [receive] via NET/IB/0
c197-102:23554:23613 [0] NCCL INFO Channel 01/0 : 20[2000] -> 13[3000] [send] via NET/IB/0
c197-092:8834:8892 [0] NCCL INFO Channel 01/0 : 12[2000] -> 28[2000] [send] via NET/IB/0
c198-031:21955:22010 [0] NCCL INFO Channel 00/0 : 32[2000] -> 48[2000] [receive] via NET/IB/0
c197-101:13372:13431 [0] NCCL INFO Channel 00/0 : 16[2000] -> 33[3000] [send] via NET/IB/0
c197-091:30026:30085 [0] NCCL INFO Channel 00/0 : 17[3000] -> 8[2000] [receive] via NET/IB/0
c197-101:13373:13429 [1] NCCL INFO Channel 00/0 : 17[3000] -> 8[2000] [send] via NET/IB/0
c198-041:3035:3094 [0] NCCL INFO Channel 00/0 : 56[2000] -> 48[2000] [send] via NET/IB/0
c198-022:15595:15654 [1] NCCL INFO Channel 00 : 45[3000] -> 44[2000] via direct shared memory
c198-022:15595:15654 [1] NCCL INFO Channel 01 : 45[3000] -> 44[2000] via direct shared memory
c197-092:8835:8893 [1] NCCL INFO Channel 00 : 13[3000] -> 12[2000] via direct shared memory
c197-092:8835:8893 [1] NCCL INFO Channel 01 : 13[3000] -> 12[2000] via direct shared memory
c198-031:21956:22014 [1] NCCL INFO Channel 00 : 49[3000] -> 48[2000] via direct shared memory
c198-031:21956:22014 [1] NCCL INFO Channel 01 : 49[3000] -> 48[2000] via direct shared memory
c197-101:13373:13429 [1] NCCL INFO Channel 00 : 17[3000] -> 16[2000] via direct shared memory
c197-101:13373:13429 [1] NCCL INFO Channel 01 : 17[3000] -> 16[2000] via direct shared memory
c198-022:15596:15650 [2] NCCL INFO Connected all trees
c198-022:15596:15650 [2] NCCL INFO MSCCL_XML_FILES set by environment to /home1/09168/ldai1/ccl-build/msccl_tools_lyd/examples/xml/xml_lyd/ring/allreduce_ring_node16_gpu64_mcl2_mck2_gan0.xml
c198-022:15596:15650 [2] NCCL INFO MSCCL: Parsing algorithm /home1/09168/ldai1/ccl-build/msccl_tools_lyd/examples/xml/xml_lyd/ring/allreduce_ring_node16_gpu64_mcl2_mck2_gan0.xml
c197-092:8836:8887 [2] NCCL INFO Connected all trees
c197-092:8836:8887 [2] NCCL INFO MSCCL_XML_FILES set by environment to /home1/09168/ldai1/ccl-build/msccl_tools_lyd/examples/xml/xml_lyd/ring/allreduce_ring_node16_gpu64_mcl2_mck2_gan0.xml
c197-092:8836:8887 [2] NCCL INFO MSCCL: Parsing algorithm /home1/09168/ldai1/ccl-build/msccl_tools_lyd/examples/xml/xml_lyd/ring/allreduce_ring_node16_gpu64_mcl2_mck2_gan0.xml
c198-031:21957:22013 [2] NCCL INFO Connected all trees
c198-031:21957:22013 [2] NCCL INFO MSCCL_XML_FILES set by environment to /home1/09168/ldai1/ccl-build/msccl_tools_lyd/examples/xml/xml_lyd/ring/allreduce_ring_node16_gpu64_mcl2_mck2_gan0.xml
c198-031:21957:22013 [2] NCCL INFO MSCCL: Parsing algorithm /home1/09168/ldai1/ccl-build/msccl_tools_lyd/examples/xml/xml_lyd/ring/allreduce_ring_node16_gpu64_mcl2_mck2_gan0.xml
c197-101:13374:13425 [2] NCCL INFO Connected all trees
c197-101:13374:13425 [2] NCCL INFO MSCCL_XML_FILES set by environment to /home1/09168/ldai1/ccl-build/msccl_tools_lyd/examples/xml/xml_lyd/ring/allreduce_ring_node16_gpu64_mcl2_mck2_gan0.xml
c197-101:13374:13425 [2] NCCL INFO MSCCL: Parsing algorithm /home1/09168/ldai1/ccl-build/msccl_tools_lyd/examples/xml/xml_lyd/ring/allreduce_ring_node16_gpu64_mcl2_mck2_gan0.xml
c198-021:21599:21658 [0] NCCL INFO Channel 00/0 : 44[2000] -> 40[2000] [receive] via NET/IB/0
c198-032:15832:15890 [0] NCCL INFO Channel 00/0 : 57[3000] -> 52[2000] [receive] via NET/IB/0
c197-112:13555:13611 [1] NCCL INFO Channel 01/0 : 44[2000] -> 29[3000] [receive] via NET/IB/0
c197-102:23554:23613 [0] NCCL INFO Channel 00/0 : 25[3000] -> 20[2000] [receive] via NET/IB/0
c198-022:15594:15655 [0] NCCL INFO Channel 01/0 : 44[2000] -> 29[3000] [send] via NET/IB/0
c198-011:12627:12694 [0] NCCL INFO Channel 00/0 : 0[2000] -> 32[2000] [receive] via NET/IB/0
c197-112:13554:13613 [0] NCCL INFO Channel 01/0 : 60[2000] -> 28[2000] [receive] via NET/IB/0
c197-092:8834:8892 [0] NCCL INFO Channel 01/0 : 28[2000] -> 12[2000] [receive] via NET/IB/0
c198-031:21955:22010 [0] NCCL INFO Channel 00/0 : 48[2000] -> 32[2000] [send] via NET/IB/0
c198-011:12628:12696 [1] NCCL INFO Channel 00/0 : 33[3000] -> 16[2000] [send] via NET/IB/0
c197-091:30026:30085 [0] NCCL INFO Channel 00/0 : 12[2000] -> 8[2000] [receive] via NET/IB/0
c197-101:13372:13431 [0] NCCL INFO Channel 00/0 : 33[3000] -> 16[2000] [receive] via NET/IB/0
c198-041:3036:3092 [1] NCCL INFO Channel 00 : 57[3000] -> 56[2000] via direct shared memory
c198-041:3036:3092 [1] NCCL INFO Channel 01 : 57[3000] -> 56[2000] via direct shared memory
c197-112:13555:13611 [1] NCCL INFO Channel 00 : 29[3000] -> 28[2000] via direct shared memory
c197-112:13555:13611 [1] NCCL INFO Channel 01 : 29[3000] -> 28[2000] via direct shared memory
c197-111:2451:2507 [1] NCCL INFO Channel 00 : 25[3000] -> 24[2000] via direct shared memory
c197-111:2451:2507 [1] NCCL INFO Channel 01 : 25[3000] -> 24[2000] via direct shared memory
c198-041:3037:3089 [2] NCCL INFO Connected all trees
c198-041:3037:3089 [2] NCCL INFO MSCCL_XML_FILES set by environment to /home1/09168/ldai1/ccl-build/msccl_tools_lyd/examples/xml/xml_lyd/ring/allreduce_ring_node16_gpu64_mcl2_mck2_gan0.xml
c198-041:3037:3089 [2] NCCL INFO MSCCL: Parsing algorithm /home1/09168/ldai1/ccl-build/msccl_tools_lyd/examples/xml/xml_lyd/ring/allreduce_ring_node16_gpu64_mcl2_mck2_gan0.xml
c197-112:13556:13609 [2] NCCL INFO Connected all trees
c197-112:13556:13609 [2] NCCL INFO MSCCL_XML_FILES set by environment to /home1/09168/ldai1/ccl-build/msccl_tools_lyd/examples/xml/xml_lyd/ring/allreduce_ring_node16_gpu64_mcl2_mck2_gan0.xml
c197-112:13556:13609 [2] NCCL INFO MSCCL: Parsing algorithm /home1/09168/ldai1/ccl-build/msccl_tools_lyd/examples/xml/xml_lyd/ring/allreduce_ring_node16_gpu64_mcl2_mck2_gan0.xml
c197-111:2452:2503 [2] NCCL INFO Connected all trees
c197-111:2452:2503 [2] NCCL INFO MSCCL_XML_FILES set by environment to /home1/09168/ldai1/ccl-build/msccl_tools_lyd/examples/xml/xml_lyd/ring/allreduce_ring_node16_gpu64_mcl2_mck2_gan0.xml
c197-111:2452:2503 [2] NCCL INFO MSCCL: Parsing algorithm /home1/09168/ldai1/ccl-build/msccl_tools_lyd/examples/xml/xml_lyd/ring/allreduce_ring_node16_gpu64_mcl2_mck2_gan0.xml
c198-011:12628:12696 [1] NCCL INFO Channel 00 : 33[3000] -> 32[2000] via direct shared memory
c198-011:12628:12696 [1] NCCL INFO Channel 01 : 33[3000] -> 32[2000] via direct shared memory
c198-011:12629:12691 [2] NCCL INFO Connected all trees
c198-011:12629:12691 [2] NCCL INFO MSCCL_XML_FILES set by environment to /home1/09168/ldai1/ccl-build/msccl_tools_lyd/examples/xml/xml_lyd/ring/allreduce_ring_node16_gpu64_mcl2_mck2_gan0.xml
c198-011:12629:12691 [2] NCCL INFO MSCCL: Parsing algorithm /home1/09168/ldai1/ccl-build/msccl_tools_lyd/examples/xml/xml_lyd/ring/allreduce_ring_node16_gpu64_mcl2_mck2_gan0.xml
c198-011:12627:12694 [0] NCCL INFO Channel 00/0 : 32[2000] -> 0[2000] [send] via NET/IB/0
c197-112:13554:13613 [0] NCCL INFO Channel 01/0 : 28[2000] -> 60[2000] [send] via NET/IB/0
c198-032:15832:15890 [0] NCCL INFO Channel 01/0 : 52[2000] -> 48[2000] [send] via NET/IB/0
c198-022:15594:15655 [0] NCCL INFO Channel 01/0 : 44[2000] -> 36[2000] [send] via NET/IB/0
c197-102:23554:23613 [0] NCCL INFO Channel 01/0 : 20[2000] -> 16[2000] [send] via NET/IB/0
c198-022:15596:15650 [2] NCCL INFO Parsed MSCCL Algorithm /home1/09168/ldai1/ccl-build/msccl_tools_lyd/examples/xml/xml_lyd/ring/allreduce_ring_node16_gpu64_mcl2_mck2_gan0.xml successfully.
c197-092:8836:8887 [2] NCCL INFO Parsed MSCCL Algorithm /home1/09168/ldai1/ccl-build/msccl_tools_lyd/examples/xml/xml_lyd/ring/allreduce_ring_node16_gpu64_mcl2_mck2_gan0.xml successfully.
c198-031:21957:22013 [2] NCCL INFO Parsed MSCCL Algorithm /home1/09168/ldai1/ccl-build/msccl_tools_lyd/examples/xml/xml_lyd/ring/allreduce_ring_node16_gpu64_mcl2_mck2_gan0.xml successfully.
c197-101:13374:13425 [2] NCCL INFO Parsed MSCCL Algorithm /home1/09168/ldai1/ccl-build/msccl_tools_lyd/examples/xml/xml_lyd/ring/allreduce_ring_node16_gpu64_mcl2_mck2_gan0.xml successfully.
c198-022:15596:15650 [2] NCCL INFO Channel 01/0 : 46[82000] -> 49[3000] [send] via NET/IB/0
c197-092:8836:8887 [2] NCCL INFO Channel 01/0 : 14[82000] -> 17[3000] [send] via NET/IB/0
c198-031:21957:22013 [2] NCCL INFO Channel 01/0 : 50[82000] -> 53[3000] [send] via NET/IB/0
c197-101:13374:13425 [2] NCCL INFO Channel 01/0 : 18[82000] -> 21[3000] [send] via NET/IB/0
c197-101:13372:13431 [0] NCCL INFO Channel 00/0 : 24[2000] -> 16[2000] [receive] via NET/IB/0
c198-022:15594:15655 [0] NCCL INFO Channel 00/0 : 44[2000] -> 40[2000] [send] via NET/IB/0
c198-011:12627:12694 [0] NCCL INFO Channel 00/0 : 48[2000] -> 32[2000] [receive] via NET/IB/0
c198-041:3037:3089 [2] NCCL INFO Parsed MSCCL Algorithm /home1/09168/ldai1/ccl-build/msccl_tools_lyd/examples/xml/xml_lyd/ring/allreduce_ring_node16_gpu64_mcl2_mck2_gan0.xml successfully.
c197-081:3616:3667 [0] NCCL INFO Channel 01/0 : 4[2000] -> 0[2000] [receive] via NET/IB/0
c198-042:5233:5292 [0] NCCL INFO Channel 00/0 : 60[2000] -> 56[2000] [send] via NET/IB/0
c197-112:13554:13613 [0] NCCL INFO Channel 01/0 : 28[2000] -> 12[2000] [send] via NET/IB/0
c197-112:13556:13609 [2] NCCL INFO Parsed MSCCL Algorithm /home1/09168/ldai1/ccl-build/msccl_tools_lyd/examples/xml/xml_lyd/ring/allreduce_ring_node16_gpu64_mcl2_mck2_gan0.xml successfully.
c198-012:9731:9790 [0] NCCL INFO Channel 00/0 : 41[3000] -> 36[2000] [receive] via NET/IB/0
c198-041:3037:3089 [2] NCCL INFO Channel 01/0 : 58[82000] -> 61[3000] [send] via NET/IB/0
c197-112:13556:13609 [2] NCCL INFO Channel 01/0 : 30[82000] -> 33[3000] [send] via NET/IB/0
c197-111:2452:2503 [2] NCCL INFO Parsed MSCCL Algorithm /home1/09168/ldai1/ccl-build/msccl_tools_lyd/examples/xml/xml_lyd/ring/allreduce_ring_node16_gpu64_mcl2_mck2_gan0.xml successfully.
c198-011:12629:12691 [2] NCCL INFO Parsed MSCCL Algorithm /home1/09168/ldai1/ccl-build/msccl_tools_lyd/examples/xml/xml_lyd/ring/allreduce_ring_node16_gpu64_mcl2_mck2_gan0.xml successfully.
c197-111:2452:2503 [2] NCCL INFO Channel 01/0 : 26[82000] -> 29[3000] [send] via NET/IB/0
c198-011:12629:12691 [2] NCCL INFO Channel 01/0 : 34[82000] -> 37[3000] [send] via NET/IB/0
c197-111:2450:2505 [0] NCCL INFO Channel 00/0 : 28[2000] -> 24[2000] [receive] via NET/IB/0
c197-101:13372:13431 [0] NCCL INFO Channel 01/0 : 20[2000] -> 16[2000] [receive] via NET/IB/0
c198-022:15594:15655 [0] NCCL INFO Connected all trees
c198-022:15594:15655 [0] NCCL INFO MSCCL_XML_FILES set by environment to /home1/09168/ldai1/ccl-build/msccl_tools_lyd/examples/xml/xml_lyd/ring/allreduce_ring_node16_gpu64_mcl2_mck2_gan0.xml
c198-022:15594:15655 [0] NCCL INFO MSCCL: Parsing algorithm /home1/09168/ldai1/ccl-build/msccl_tools_lyd/examples/xml/xml_lyd/ring/allreduce_ring_node16_gpu64_mcl2_mck2_gan0.xml
c198-022:15595:15654 [1] NCCL INFO Connected all trees
c198-022:15595:15654 [1] NCCL INFO MSCCL_XML_FILES set by environment to /home1/09168/ldai1/ccl-build/msccl_tools_lyd/examples/xml/xml_lyd/ring/allreduce_ring_node16_gpu64_mcl2_mck2_gan0.xml
c198-022:15595:15654 [1] NCCL INFO MSCCL: Parsing algorithm /home1/09168/ldai1/ccl-build/msccl_tools_lyd/examples/xml/xml_lyd/ring/allreduce_ring_node16_gpu64_mcl2_mck2_gan0.xml
c198-021:21600:21656 [1] NCCL INFO Channel 00 : 41[3000] -> 40[2000] via direct shared memory
c198-021:21600:21656 [1] NCCL INFO Channel 01 : 41[3000] -> 40[2000] via direct shared memory
c198-021:21601:21652 [2] NCCL INFO Connected all trees
c198-021:21601:21652 [2] NCCL INFO MSCCL_XML_FILES set by environment to /home1/09168/ldai1/ccl-build/msccl_tools_lyd/examples/xml/xml_lyd/ring/allreduce_ring_node16_gpu64_mcl2_mck2_gan0.xml
c198-021:21601:21652 [2] NCCL INFO MSCCL: Parsing algorithm /home1/09168/ldai1/ccl-build/msccl_tools_lyd/examples/xml/xml_lyd/ring/allreduce_ring_node16_gpu64_mcl2_mck2_gan0.xml
c197-101:13372:13431 [0] NCCL INFO Connected all trees
c197-101:13372:13431 [0] NCCL INFO MSCCL_XML_FILES set by environment to /home1/09168/ldai1/ccl-build/msccl_tools_lyd/examples/xml/xml_lyd/ring/allreduce_ring_node16_gpu64_mcl2_mck2_gan0.xml
c197-101:13372:13431 [0] NCCL INFO MSCCL: Parsing algorithm /home1/09168/ldai1/ccl-build/msccl_tools_lyd/examples/xml/xml_lyd/ring/allreduce_ring_node16_gpu64_mcl2_mck2_gan0.xml
c197-101:13373:13429 [1] NCCL INFO Connected all trees
c197-101:13373:13429 [1] NCCL INFO MSCCL_XML_FILES set by environment to /home1/09168/ldai1/ccl-build/msccl_tools_lyd/examples/xml/xml_lyd/ring/allreduce_ring_node16_gpu64_mcl2_mck2_gan0.xml
c197-101:13373:13429 [1] NCCL INFO MSCCL: Parsing algorithm /home1/09168/ldai1/ccl-build/msccl_tools_lyd/examples/xml/xml_lyd/ring/allreduce_ring_node16_gpu64_mcl2_mck2_gan0.xml
c198-021:21599:21658 [0] NCCL INFO Channel 01/0 : 40[2000] -> 37[3000] [send] via NET/IB/0
c198-011:12627:12694 [0] NCCL INFO Channel 01/0 : 36[2000] -> 32[2000] [receive] via NET/IB/0
c197-112:13554:13613 [0] NCCL INFO Channel 00/0 : 28[2000] -> 24[2000] [send] via NET/IB/0
c198-012:9731:9790 [0] NCCL INFO Channel 01/0 : 36[2000] -> 32[2000] [send] via NET/IB/0
c197-092:8834:8892 [0] NCCL INFO Channel 01/0 : 12[2000] -> 4[2000] [send] via NET/IB/0
c198-031:21955:22010 [0] NCCL INFO Channel 00/0 : 56[2000] -> 48[2000] [receive] via NET/IB/0
c198-021:21599:21658 [0] NCCL INFO Connected all trees
c198-021:21599:21658 [0] NCCL INFO MSCCL_XML_FILES set by environment to /home1/09168/ldai1/ccl-build/msccl_tools_lyd/examples/xml/xml_lyd/ring/allreduce_ring_node16_gpu64_mcl2_mck2_gan0.xml
c198-021:21599:21658 [0] NCCL INFO MSCCL: Parsing algorithm /home1/09168/ldai1/ccl-build/msccl_tools_lyd/examples/xml/xml_lyd/ring/allreduce_ring_node16_gpu64_mcl2_mck2_gan0.xml
c197-112:13554:13613 [0] NCCL INFO Connected all trees
c197-112:13554:13613 [0] NCCL INFO MSCCL_XML_FILES set by environment to /home1/09168/ldai1/ccl-build/msccl_tools_lyd/examples/xml/xml_lyd/ring/allreduce_ring_node16_gpu64_mcl2_mck2_gan0.xml
c197-112:13554:13613 [0] NCCL INFO MSCCL: Parsing algorithm /home1/09168/ldai1/ccl-build/msccl_tools_lyd/examples/xml/xml_lyd/ring/allreduce_ring_node16_gpu64_mcl2_mck2_gan0.xml
c198-021:21600:21656 [1] NCCL INFO Connected all trees
c198-021:21600:21656 [1] NCCL INFO MSCCL_XML_FILES set by environment to /home1/09168/ldai1/ccl-build/msccl_tools_lyd/examples/xml/xml_lyd/ring/allreduce_ring_node16_gpu64_mcl2_mck2_gan0.xml
c198-021:21600:21656 [1] NCCL INFO MSCCL: Parsing algorithm /home1/09168/ldai1/ccl-build/msccl_tools_lyd/examples/xml/xml_lyd/ring/allreduce_ring_node16_gpu64_mcl2_mck2_gan0.xml
c198-012:9732:9789 [1] NCCL INFO Channel 00 : 37[3000] -> 36[2000] via direct shared memory
c198-012:9732:9789 [1] NCCL INFO Channel 01 : 37[3000] -> 36[2000] via direct shared memory
c198-011:12627:12694 [0] NCCL INFO Connected all trees
c198-011:12627:12694 [0] NCCL INFO MSCCL_XML_FILES set by environment to /home1/09168/ldai1/ccl-build/msccl_tools_lyd/examples/xml/xml_lyd/ring/allreduce_ring_node16_gpu64_mcl2_mck2_gan0.xml
c198-011:12627:12694 [0] NCCL INFO MSCCL: Parsing algorithm /home1/09168/ldai1/ccl-build/msccl_tools_lyd/examples/xml/xml_lyd/ring/allreduce_ring_node16_gpu64_mcl2_mck2_gan0.xml
c197-112:13555:13611 [1] NCCL INFO Connected all trees
c197-112:13555:13611 [1] NCCL INFO MSCCL_XML_FILES set by environment to /home1/09168/ldai1/ccl-build/msccl_tools_lyd/examples/xml/xml_lyd/ring/allreduce_ring_node16_gpu64_mcl2_mck2_gan0.xml
c197-112:13555:13611 [1] NCCL INFO MSCCL: Parsing algorithm /home1/09168/ldai1/ccl-build/msccl_tools_lyd/examples/xml/xml_lyd/ring/allreduce_ring_node16_gpu64_mcl2_mck2_gan0.xml
c198-011:12628:12696 [1] NCCL INFO Connected all trees
c198-011:12628:12696 [1] NCCL INFO MSCCL_XML_FILES set by environment to /home1/09168/ldai1/ccl-build/msccl_tools_lyd/examples/xml/xml_lyd/ring/allreduce_ring_node16_gpu64_mcl2_mck2_gan0.xml
c198-011:12628:12696 [1] NCCL INFO MSCCL: Parsing algorithm /home1/09168/ldai1/ccl-build/msccl_tools_lyd/examples/xml/xml_lyd/ring/allreduce_ring_node16_gpu64_mcl2_mck2_gan0.xml
c198-012:9733:9786 [2] NCCL INFO Connected all trees
c198-012:9733:9786 [2] NCCL INFO MSCCL_XML_FILES set by environment to /home1/09168/ldai1/ccl-build/msccl_tools_lyd/examples/xml/xml_lyd/ring/allreduce_ring_node16_gpu64_mcl2_mck2_gan0.xml
c198-012:9733:9786 [2] NCCL INFO MSCCL: Parsing algorithm /home1/09168/ldai1/ccl-build/msccl_tools_lyd/examples/xml/xml_lyd/ring/allreduce_ring_node16_gpu64_mcl2_mck2_gan0.xml
c198-012:9731:9790 [0] NCCL INFO Connected all trees
c198-012:9731:9790 [0] NCCL INFO MSCCL_XML_FILES set by environment to /home1/09168/ldai1/ccl-build/msccl_tools_lyd/examples/xml/xml_lyd/ring/allreduce_ring_node16_gpu64_mcl2_mck2_gan0.xml
c198-012:9731:9790 [0] NCCL INFO MSCCL: Parsing algorithm /home1/09168/ldai1/ccl-build/msccl_tools_lyd/examples/xml/xml_lyd/ring/allreduce_ring_node16_gpu64_mcl2_mck2_gan0.xml
c198-012:9732:9789 [1] NCCL INFO Connected all trees
c198-012:9732:9789 [1] NCCL INFO MSCCL_XML_FILES set by environment to /home1/09168/ldai1/ccl-build/msccl_tools_lyd/examples/xml/xml_lyd/ring/allreduce_ring_node16_gpu64_mcl2_mck2_gan0.xml
c198-012:9732:9789 [1] NCCL INFO MSCCL: Parsing algorithm /home1/09168/ldai1/ccl-build/msccl_tools_lyd/examples/xml/xml_lyd/ring/allreduce_ring_node16_gpu64_mcl2_mck2_gan0.xml
c198-022:15594:15655 [0] NCCL INFO Parsed MSCCL Algorithm /home1/09168/ldai1/ccl-build/msccl_tools_lyd/examples/xml/xml_lyd/ring/allreduce_ring_node16_gpu64_mcl2_mck2_gan0.xml successfully.
c198-022:15594:15655 [0] NCCL INFO Channel 01 : 44[2000] -> 47[83000] via direct shared memory
c198-022:15597:15651 [3] NCCL INFO Channel 00/0 : 40[2000] -> 47[83000] [receive] via NET/IB/0
c198-022:15594:15655 [0] NCCL INFO Channel 00/0 : 44[2000] -> 51[83000] [send] via NET/IB/0
c198-022:15595:15654 [1] NCCL INFO Parsed MSCCL Algorithm /home1/09168/ldai1/ccl-build/msccl_tools_lyd/examples/xml/xml_lyd/ring/allreduce_ring_node16_gpu64_mcl2_mck2_gan0.xml successfully.
c197-092:8834:8892 [0] NCCL INFO Channel 00/0 : 12[2000] -> 8[2000] [send] via NET/IB/0
c198-022:15595:15654 [1] NCCL INFO Channel 01/0 : 42[82000] -> 45[3000] [receive] via NET/IB/0
c197-111:2450:2505 [0] NCCL INFO Channel 01/0 : 24[2000] -> 21[3000] [send] via NET/IB/0
c197-082:10482:10539 [0] NCCL INFO Channel 00/0 : 9[3000] -> 4[2000] [receive] via NET/IB/0
c198-021:21601:21652 [2] NCCL INFO Parsed MSCCL Algorithm /home1/09168/ldai1/ccl-build/msccl_tools_lyd/examples/xml/xml_lyd/ring/allreduce_ring_node16_gpu64_mcl2_mck2_gan0.xml successfully.
c198-041:3035:3094 [0] NCCL INFO Channel 00/0 : 60[2000] -> 56[2000] [receive] via NET/IB/0
c198-031:21955:22010 [0] NCCL INFO Channel 01/0 : 52[2000] -> 48[2000] [receive] via NET/IB/0
c198-021:21601:21652 [2] NCCL INFO Channel 01/0 : 42[82000] -> 45[3000] [send] via NET/IB/0
c198-021:21601:21652 [2] NCCL INFO Connected 1 MSCCL algorithms
c198-021:21601:21652 [2] NCCL INFO NCCL_PROTO set by environment to Simple
c198-021:21601:21652 [2] NCCL INFO NCCL_ALGO set by environment to MSCCL,TREE,RING
c198-021:21601:21652 [2] NCCL INFO threadThresholds 8/8/64 | 512/8/64 | 8/8/64 | 8/8/512
c198-021:21601:21652 [2] NCCL INFO 2 coll channels, 2 p2p channels, 2 p2p channels per peer
c198-022:15595:15654 [1] NCCL INFO Connected 1 MSCCL algorithms
c198-022:15595:15654 [1] NCCL INFO NCCL_PROTO set by environment to Simple
c198-022:15595:15654 [1] NCCL INFO NCCL_ALGO set by environment to MSCCL,TREE,RING
c198-022:15595:15654 [1] NCCL INFO threadThresholds 8/8/64 | 512/8/64 | 8/8/64 | 8/8/512
c198-022:15595:15654 [1] NCCL INFO 2 coll channels, 2 p2p channels, 2 p2p channels per peer
c197-101:13372:13431 [0] NCCL INFO Parsed MSCCL Algorithm /home1/09168/ldai1/ccl-build/msccl_tools_lyd/examples/xml/xml_lyd/ring/allreduce_ring_node16_gpu64_mcl2_mck2_gan0.xml successfully.
c197-101:13372:13431 [0] NCCL INFO Channel 01 : 16[2000] -> 19[83000] via direct shared memory
c197-101:13375:13428 [3] NCCL INFO Channel 00/0 : 12[2000] -> 19[83000] [receive] via NET/IB/0
c197-092:8834:8892 [0] NCCL INFO Connected all trees
c197-092:8834:8892 [0] NCCL INFO MSCCL_XML_FILES set by environment to /home1/09168/ldai1/ccl-build/msccl_tools_lyd/examples/xml/xml_lyd/ring/allreduce_ring_node16_gpu64_mcl2_mck2_gan0.xml
c197-092:8834:8892 [0] NCCL INFO MSCCL: Parsing algorithm /home1/09168/ldai1/ccl-build/msccl_tools_lyd/examples/xml/xml_lyd/ring/allreduce_ring_node16_gpu64_mcl2_mck2_gan0.xml
c197-101:13372:13431 [0] NCCL INFO Channel 00/0 : 16[2000] -> 23[83000] [send] via NET/IB/0
c197-101:13373:13429 [1] NCCL INFO Parsed MSCCL Algorithm /home1/09168/ldai1/ccl-build/msccl_tools_lyd/examples/xml/xml_lyd/ring/allreduce_ring_node16_gpu64_mcl2_mck2_gan0.xml successfully.
c197-111:2450:2505 [0] NCCL INFO Connected all trees
