c197-102:23711:23770 [0] NCCL INFO MSCCL_XML_FILES set by environment to /home1/09168/ldai1/ccl-build/msccl_tools_lyd/examples/xml/xml_lyd/ring/allreduce_ring_node16_gpu64_mcl4_mck1_gan0.xml
c197-102:23711:23770 [0] NCCL INFO MSCCL: Parsing algorithm /home1/09168/ldai1/ccl-build/msccl_tools_lyd/examples/xml/xml_lyd/ring/allreduce_ring_node16_gpu64_mcl4_mck1_gan0.xml
c197-111:2658:2715 [1] NCCL INFO Connected all trees
c197-111:2658:2715 [1] NCCL INFO MSCCL_XML_FILES set by environment to /home1/09168/ldai1/ccl-build/msccl_tools_lyd/examples/xml/xml_lyd/ring/allreduce_ring_node16_gpu64_mcl4_mck1_gan0.xml
c197-111:2658:2715 [1] NCCL INFO MSCCL: Parsing algorithm /home1/09168/ldai1/ccl-build/msccl_tools_lyd/examples/xml/xml_lyd/ring/allreduce_ring_node16_gpu64_mcl4_mck1_gan0.xml
c198-042:5390:5448 [0] NCCL INFO Connected all trees
c198-042:5390:5448 [0] NCCL INFO MSCCL_XML_FILES set by environment to /home1/09168/ldai1/ccl-build/msccl_tools_lyd/examples/xml/xml_lyd/ring/allreduce_ring_node16_gpu64_mcl4_mck1_gan0.xml
c198-042:5390:5448 [0] NCCL INFO MSCCL: Parsing algorithm /home1/09168/ldai1/ccl-build/msccl_tools_lyd/examples/xml/xml_lyd/ring/allreduce_ring_node16_gpu64_mcl4_mck1_gan0.xml
c197-102:23712:23769 [1] NCCL INFO Connected all trees
c197-102:23712:23769 [1] NCCL INFO MSCCL_XML_FILES set by environment to /home1/09168/ldai1/ccl-build/msccl_tools_lyd/examples/xml/xml_lyd/ring/allreduce_ring_node16_gpu64_mcl4_mck1_gan0.xml
c197-102:23712:23769 [1] NCCL INFO MSCCL: Parsing algorithm /home1/09168/ldai1/ccl-build/msccl_tools_lyd/examples/xml/xml_lyd/ring/allreduce_ring_node16_gpu64_mcl4_mck1_gan0.xml
c197-102:23713:23766 [2] NCCL INFO Connected all trees
c197-102:23713:23766 [2] NCCL INFO MSCCL_XML_FILES set by environment to /home1/09168/ldai1/ccl-build/msccl_tools_lyd/examples/xml/xml_lyd/ring/allreduce_ring_node16_gpu64_mcl4_mck1_gan0.xml
c197-102:23713:23766 [2] NCCL INFO MSCCL: Parsing algorithm /home1/09168/ldai1/ccl-build/msccl_tools_lyd/examples/xml/xml_lyd/ring/allreduce_ring_node16_gpu64_mcl4_mck1_gan0.xml
c198-031:22111:22170 [0] NCCL INFO Connected all trees
c198-031:22111:22170 [0] NCCL INFO MSCCL_XML_FILES set by environment to /home1/09168/ldai1/ccl-build/msccl_tools_lyd/examples/xml/xml_lyd/ring/allreduce_ring_node16_gpu64_mcl4_mck1_gan0.xml
c198-031:22111:22170 [0] NCCL INFO MSCCL: Parsing algorithm /home1/09168/ldai1/ccl-build/msccl_tools_lyd/examples/xml/xml_lyd/ring/allreduce_ring_node16_gpu64_mcl4_mck1_gan0.xml
c197-092:8992:9049 [0] NCCL INFO Connected all trees
c197-092:8992:9049 [0] NCCL INFO MSCCL_XML_FILES set by environment to /home1/09168/ldai1/ccl-build/msccl_tools_lyd/examples/xml/xml_lyd/ring/allreduce_ring_node16_gpu64_mcl4_mck1_gan0.xml
c197-092:8992:9049 [0] NCCL INFO MSCCL: Parsing algorithm /home1/09168/ldai1/ccl-build/msccl_tools_lyd/examples/xml/xml_lyd/ring/allreduce_ring_node16_gpu64_mcl4_mck1_gan0.xml
c198-042:5391:5449 [1] NCCL INFO Connected all trees
c198-042:5391:5449 [1] NCCL INFO MSCCL_XML_FILES set by environment to /home1/09168/ldai1/ccl-build/msccl_tools_lyd/examples/xml/xml_lyd/ring/allreduce_ring_node16_gpu64_mcl4_mck1_gan0.xml
c198-042:5391:5449 [1] NCCL INFO MSCCL: Parsing algorithm /home1/09168/ldai1/ccl-build/msccl_tools_lyd/examples/xml/xml_lyd/ring/allreduce_ring_node16_gpu64_mcl4_mck1_gan0.xml
c198-031:22112:22169 [1] NCCL INFO Connected all trees
c198-031:22112:22169 [1] NCCL INFO MSCCL_XML_FILES set by environment to /home1/09168/ldai1/ccl-build/msccl_tools_lyd/examples/xml/xml_lyd/ring/allreduce_ring_node16_gpu64_mcl4_mck1_gan0.xml
c198-031:22112:22169 [1] NCCL INFO MSCCL: Parsing algorithm /home1/09168/ldai1/ccl-build/msccl_tools_lyd/examples/xml/xml_lyd/ring/allreduce_ring_node16_gpu64_mcl4_mck1_gan0.xml
c197-091:30183:30239 [1] NCCL INFO Channel 00 : 9[3000] -> 8[2000] via direct shared memory
c197-091:30183:30239 [1] NCCL INFO Channel 01 : 9[3000] -> 8[2000] via direct shared memory
c197-092:8993:9051 [1] NCCL INFO Connected all trees
c197-092:8993:9051 [1] NCCL INFO MSCCL_XML_FILES set by environment to /home1/09168/ldai1/ccl-build/msccl_tools_lyd/examples/xml/xml_lyd/ring/allreduce_ring_node16_gpu64_mcl4_mck1_gan0.xml
c197-092:8993:9051 [1] NCCL INFO MSCCL: Parsing algorithm /home1/09168/ldai1/ccl-build/msccl_tools_lyd/examples/xml/xml_lyd/ring/allreduce_ring_node16_gpu64_mcl4_mck1_gan0.xml
c197-091:30184:30236 [2] NCCL INFO Connected all trees
c197-091:30184:30236 [2] NCCL INFO MSCCL_XML_FILES set by environment to /home1/09168/ldai1/ccl-build/msccl_tools_lyd/examples/xml/xml_lyd/ring/allreduce_ring_node16_gpu64_mcl4_mck1_gan0.xml
c197-091:30184:30236 [2] NCCL INFO MSCCL: Parsing algorithm /home1/09168/ldai1/ccl-build/msccl_tools_lyd/examples/xml/xml_lyd/ring/allreduce_ring_node16_gpu64_mcl4_mck1_gan0.xml
c197-082:10638:10691 [0] NCCL INFO Channel 01/0 : 4[2000] -> 0[2000] [send] via NET/IB/0
c198-041:3192:3249 [0] NCCL INFO Channel 01/0 : 56[2000] -> 53[3000] [send] via NET/IB/0
c197-091:30182:30241 [0] NCCL INFO Channel 01/0 : 8[2000] -> 5[3000] [send] via NET/IB/0
c198-022:15790:15848 [0] NCCL INFO Parsed MSCCL Algorithm /home1/09168/ldai1/ccl-build/msccl_tools_lyd/examples/xml/xml_lyd/ring/allreduce_ring_node16_gpu64_mcl4_mck1_gan0.xml successfully.
c198-022:15790:15848 [0] NCCL INFO Channel 02/0 : 43[83000] -> 44[2000] [receive] via NET/IB/0
c198-022:15791:15850 [1] NCCL INFO Parsed MSCCL Algorithm /home1/09168/ldai1/ccl-build/msccl_tools_lyd/examples/xml/xml_lyd/ring/allreduce_ring_node16_gpu64_mcl4_mck1_gan0.xml successfully.
c198-022:15790:15848 [0] NCCL INFO Channel 02 : 44[2000] -> 45[3000] via direct shared memory
c198-022:15790:15848 [0] NCCL INFO Channel 03 : 44[2000] -> 45[3000] via direct shared memory
c198-021:21757:21809 [2] NCCL INFO Parsed MSCCL Algorithm /home1/09168/ldai1/ccl-build/msccl_tools_lyd/examples/xml/xml_lyd/ring/allreduce_ring_node16_gpu64_mcl4_mck1_gan0.xml successfully.
c197-101:13528:13585 [0] NCCL INFO Parsed MSCCL Algorithm /home1/09168/ldai1/ccl-build/msccl_tools_lyd/examples/xml/xml_lyd/ring/allreduce_ring_node16_gpu64_mcl4_mck1_gan0.xml successfully.
c197-101:13528:13585 [0] NCCL INFO Channel 02/0 : 15[83000] -> 16[2000] [receive] via NET/IB/0
c197-101:13528:13585 [0] NCCL INFO Channel 02 : 16[2000] -> 17[3000] via direct shared memory
c197-101:13528:13585 [0] NCCL INFO Channel 03 : 16[2000] -> 17[3000] via direct shared memory
c197-101:13529:13583 [1] NCCL INFO Parsed MSCCL Algorithm /home1/09168/ldai1/ccl-build/msccl_tools_lyd/examples/xml/xml_lyd/ring/allreduce_ring_node16_gpu64_mcl4_mck1_gan0.xml successfully.
c198-021:21757:21809 [2] NCCL INFO Channel 02 : 42[82000] -> 43[83000] via direct shared memory
c198-021:21757:21809 [2] NCCL INFO Channel 03 : 42[82000] -> 43[83000] via direct shared memory
c198-041:3192:3249 [0] NCCL INFO Connected all trees
c198-041:3192:3249 [0] NCCL INFO MSCCL_XML_FILES set by environment to /home1/09168/ldai1/ccl-build/msccl_tools_lyd/examples/xml/xml_lyd/ring/allreduce_ring_node16_gpu64_mcl4_mck1_gan0.xml
c198-041:3192:3249 [0] NCCL INFO MSCCL: Parsing algorithm /home1/09168/ldai1/ccl-build/msccl_tools_lyd/examples/xml/xml_lyd/ring/allreduce_ring_node16_gpu64_mcl4_mck1_gan0.xml
c197-081:3788:3839 [0] NCCL INFO Connected all trees
c197-081:3788:3839 [0] NCCL INFO MSCCL_XML_FILES set by environment to /home1/09168/ldai1/ccl-build/msccl_tools_lyd/examples/xml/xml_lyd/ring/allreduce_ring_node16_gpu64_mcl4_mck1_gan0.xml
c197-081:3788:3839 [0] NCCL INFO MSCCL: Parsing algorithm /home1/09168/ldai1/ccl-build/msccl_tools_lyd/examples/xml/xml_lyd/ring/allreduce_ring_node16_gpu64_mcl4_mck1_gan0.xml
c197-091:30182:30241 [0] NCCL INFO Connected all trees
c197-091:30182:30241 [0] NCCL INFO MSCCL_XML_FILES set by environment to /home1/09168/ldai1/ccl-build/msccl_tools_lyd/examples/xml/xml_lyd/ring/allreduce_ring_node16_gpu64_mcl4_mck1_gan0.xml
c197-091:30182:30241 [0] NCCL INFO MSCCL: Parsing algorithm /home1/09168/ldai1/ccl-build/msccl_tools_lyd/examples/xml/xml_lyd/ring/allreduce_ring_node16_gpu64_mcl4_mck1_gan0.xml
c198-032:15989:16047 [1] NCCL INFO Channel 00 : 53[3000] -> 52[2000] via direct shared memory
c198-032:15989:16047 [1] NCCL INFO Channel 01 : 53[3000] -> 52[2000] via direct shared memory
c198-041:3193:3251 [1] NCCL INFO Connected all trees
c198-041:3193:3251 [1] NCCL INFO MSCCL_XML_FILES set by environment to /home1/09168/ldai1/ccl-build/msccl_tools_lyd/examples/xml/xml_lyd/ring/allreduce_ring_node16_gpu64_mcl4_mck1_gan0.xml
c198-041:3193:3251 [1] NCCL INFO MSCCL: Parsing algorithm /home1/09168/ldai1/ccl-build/msccl_tools_lyd/examples/xml/xml_lyd/ring/allreduce_ring_node16_gpu64_mcl4_mck1_gan0.xml
c197-082:10639:10694 [1] NCCL INFO Channel 00 : 5[3000] -> 4[2000] via direct shared memory
c198-032:15988:16046 [0] NCCL INFO Connected all trees
c198-032:15988:16046 [0] NCCL INFO MSCCL_XML_FILES set by environment to /home1/09168/ldai1/ccl-build/msccl_tools_lyd/examples/xml/xml_lyd/ring/allreduce_ring_node16_gpu64_mcl4_mck1_gan0.xml
c198-032:15988:16046 [0] NCCL INFO MSCCL: Parsing algorithm /home1/09168/ldai1/ccl-build/msccl_tools_lyd/examples/xml/xml_lyd/ring/allreduce_ring_node16_gpu64_mcl4_mck1_gan0.xml
c197-082:10639:10694 [1] NCCL INFO Channel 01 : 5[3000] -> 4[2000] via direct shared memory
c197-082:10638:10691 [0] NCCL INFO Connected all trees
c197-082:10638:10691 [0] NCCL INFO MSCCL_XML_FILES set by environment to /home1/09168/ldai1/ccl-build/msccl_tools_lyd/examples/xml/xml_lyd/ring/allreduce_ring_node16_gpu64_mcl4_mck1_gan0.xml
c197-082:10638:10691 [0] NCCL INFO MSCCL: Parsing algorithm /home1/09168/ldai1/ccl-build/msccl_tools_lyd/examples/xml/xml_lyd/ring/allreduce_ring_node16_gpu64_mcl4_mck1_gan0.xml
c197-081:3789:3848 [1] NCCL INFO Connected all trees
c197-081:3789:3848 [1] NCCL INFO MSCCL_XML_FILES set by environment to /home1/09168/ldai1/ccl-build/msccl_tools_lyd/examples/xml/xml_lyd/ring/allreduce_ring_node16_gpu64_mcl4_mck1_gan0.xml
c197-081:3789:3848 [1] NCCL INFO MSCCL: Parsing algorithm /home1/09168/ldai1/ccl-build/msccl_tools_lyd/examples/xml/xml_lyd/ring/allreduce_ring_node16_gpu64_mcl4_mck1_gan0.xml
c198-022:15791:15850 [1] NCCL INFO Channel 02 : 45[3000] -> 46[82000] via direct shared memory
c197-091:30183:30239 [1] NCCL INFO Connected all trees
c197-091:30183:30239 [1] NCCL INFO MSCCL_XML_FILES set by environment to /home1/09168/ldai1/ccl-build/msccl_tools_lyd/examples/xml/xml_lyd/ring/allreduce_ring_node16_gpu64_mcl4_mck1_gan0.xml
c197-091:30183:30239 [1] NCCL INFO MSCCL: Parsing algorithm /home1/09168/ldai1/ccl-build/msccl_tools_lyd/examples/xml/xml_lyd/ring/allreduce_ring_node16_gpu64_mcl4_mck1_gan0.xml
c198-032:15989:16047 [1] NCCL INFO Connected all trees
c198-032:15989:16047 [1] NCCL INFO MSCCL_XML_FILES set by environment to /home1/09168/ldai1/ccl-build/msccl_tools_lyd/examples/xml/xml_lyd/ring/allreduce_ring_node16_gpu64_mcl4_mck1_gan0.xml
c198-032:15989:16047 [1] NCCL INFO MSCCL: Parsing algorithm /home1/09168/ldai1/ccl-build/msccl_tools_lyd/examples/xml/xml_lyd/ring/allreduce_ring_node16_gpu64_mcl4_mck1_gan0.xml
c198-032:15990:16043 [2] NCCL INFO Connected all trees
c198-032:15990:16043 [2] NCCL INFO MSCCL_XML_FILES set by environment to /home1/09168/ldai1/ccl-build/msccl_tools_lyd/examples/xml/xml_lyd/ring/allreduce_ring_node16_gpu64_mcl4_mck1_gan0.xml
c198-032:15990:16043 [2] NCCL INFO MSCCL: Parsing algorithm /home1/09168/ldai1/ccl-build/msccl_tools_lyd/examples/xml/xml_lyd/ring/allreduce_ring_node16_gpu64_mcl4_mck1_gan0.xml
c197-082:10639:10694 [1] NCCL INFO Connected all trees
c197-082:10639:10694 [1] NCCL INFO MSCCL_XML_FILES set by environment to /home1/09168/ldai1/ccl-build/msccl_tools_lyd/examples/xml/xml_lyd/ring/allreduce_ring_node16_gpu64_mcl4_mck1_gan0.xml
c197-082:10639:10694 [1] NCCL INFO MSCCL: Parsing algorithm /home1/09168/ldai1/ccl-build/msccl_tools_lyd/examples/xml/xml_lyd/ring/allreduce_ring_node16_gpu64_mcl4_mck1_gan0.xml
c197-082:10640:10697 [2] NCCL INFO Connected all trees
c197-082:10640:10697 [2] NCCL INFO MSCCL_XML_FILES set by environment to /home1/09168/ldai1/ccl-build/msccl_tools_lyd/examples/xml/xml_lyd/ring/allreduce_ring_node16_gpu64_mcl4_mck1_gan0.xml
c197-082:10640:10697 [2] NCCL INFO MSCCL: Parsing algorithm /home1/09168/ldai1/ccl-build/msccl_tools_lyd/examples/xml/xml_lyd/ring/allreduce_ring_node16_gpu64_mcl4_mck1_gan0.xml
c198-022:15791:15850 [1] NCCL INFO Channel 01/0 : 42[82000] -> 45[3000] [receive] via NET/IB/0
c197-101:13529:13583 [1] NCCL INFO Channel 02 : 17[3000] -> 18[82000] via direct shared memory
c198-022:15792:15846 [2] NCCL INFO Channel 01/0 : 46[82000] -> 49[3000] [send] via NET/IB/0
c197-101:13529:13583 [1] NCCL INFO Channel 01/0 : 14[82000] -> 17[3000] [receive] via NET/IB/0
c198-022:15790:15848 [0] NCCL INFO Channel 01 : 44[2000] -> 47[83000] via direct shared memory
c197-101:13530:13581 [2] NCCL INFO Channel 01/0 : 18[82000] -> 21[3000] [send] via NET/IB/0
c197-101:13528:13585 [0] NCCL INFO Channel 01 : 16[2000] -> 19[83000] via direct shared memory
c198-021:21755:21812 [0] NCCL INFO Parsed MSCCL Algorithm /home1/09168/ldai1/ccl-build/msccl_tools_lyd/examples/xml/xml_lyd/ring/allreduce_ring_node16_gpu64_mcl4_mck1_gan0.xml successfully.
c197-112:13711:13766 [0] NCCL INFO Parsed MSCCL Algorithm /home1/09168/ldai1/ccl-build/msccl_tools_lyd/examples/xml/xml_lyd/ring/allreduce_ring_node16_gpu64_mcl4_mck1_gan0.xml successfully.
c198-021:21755:21812 [0] NCCL INFO Channel 02/0 : 39[83000] -> 40[2000] [receive] via NET/IB/0
c198-021:21755:21812 [0] NCCL INFO Channel 02 : 40[2000] -> 41[3000] via direct shared memory
c198-012:9890:9941 [2] NCCL INFO Parsed MSCCL Algorithm /home1/09168/ldai1/ccl-build/msccl_tools_lyd/examples/xml/xml_lyd/ring/allreduce_ring_node16_gpu64_mcl4_mck1_gan0.xml successfully.
c198-021:21755:21812 [0] NCCL INFO Channel 03 : 40[2000] -> 41[3000] via direct shared memory
c197-112:13712:13770 [1] NCCL INFO Parsed MSCCL Algorithm /home1/09168/ldai1/ccl-build/msccl_tools_lyd/examples/xml/xml_lyd/ring/allreduce_ring_node16_gpu64_mcl4_mck1_gan0.xml successfully.
c198-021:21756:21814 [1] NCCL INFO Parsed MSCCL Algorithm /home1/09168/ldai1/ccl-build/msccl_tools_lyd/examples/xml/xml_lyd/ring/allreduce_ring_node16_gpu64_mcl4_mck1_gan0.xml successfully.
c197-112:13711:13766 [0] NCCL INFO Channel 02/0 : 27[83000] -> 28[2000] [receive] via NET/IB/0
c197-112:13711:13766 [0] NCCL INFO Channel 02 : 28[2000] -> 29[3000] via direct shared memory
c197-112:13711:13766 [0] NCCL INFO Channel 03 : 28[2000] -> 29[3000] via direct shared memory
c198-012:9890:9941 [2] NCCL INFO Channel 02 : 38[82000] -> 39[83000] via direct shared memory
c198-012:9890:9941 [2] NCCL INFO Channel 03 : 38[82000] -> 39[83000] via direct shared memory
c198-012:9888:9947 [0] NCCL INFO Parsed MSCCL Algorithm /home1/09168/ldai1/ccl-build/msccl_tools_lyd/examples/xml/xml_lyd/ring/allreduce_ring_node16_gpu64_mcl4_mck1_gan0.xml successfully.
c198-012:9888:9947 [0] NCCL INFO Channel 02/0 : 35[83000] -> 36[2000] [receive] via NET/IB/0
c197-112:13712:13770 [1] NCCL INFO Channel 02 : 29[3000] -> 30[82000] via direct shared memory
c198-012:9888:9947 [0] NCCL INFO Channel 02 : 36[2000] -> 37[3000] via direct shared memory
c198-012:9888:9947 [0] NCCL INFO Channel 03 : 36[2000] -> 37[3000] via direct shared memory
c198-021:21756:21814 [1] NCCL INFO Channel 02 : 41[3000] -> 42[82000] via direct shared memory
c198-011:12794:12852 [0] NCCL INFO Parsed MSCCL Algorithm /home1/09168/ldai1/ccl-build/msccl_tools_lyd/examples/xml/xml_lyd/ring/allreduce_ring_node16_gpu64_mcl4_mck1_gan0.xml successfully.
c198-012:9889:9946 [1] NCCL INFO Parsed MSCCL Algorithm /home1/09168/ldai1/ccl-build/msccl_tools_lyd/examples/xml/xml_lyd/ring/allreduce_ring_node16_gpu64_mcl4_mck1_gan0.xml successfully.
c197-112:13712:13770 [1] NCCL INFO Channel 01/0 : 26[82000] -> 29[3000] [receive] via NET/IB/0
c198-011:12794:12852 [0] NCCL INFO Channel 02/0 : 31[83000] -> 32[2000] [receive] via NET/IB/0
c198-011:12794:12852 [0] NCCL INFO Channel 02 : 32[2000] -> 33[3000] via direct shared memory
c198-011:12794:12852 [0] NCCL INFO Channel 03 : 32[2000] -> 33[3000] via direct shared memory
c198-021:21756:21814 [1] NCCL INFO Channel 01/0 : 38[82000] -> 41[3000] [receive] via NET/IB/0
c198-011:12795:12853 [1] NCCL INFO Parsed MSCCL Algorithm /home1/09168/ldai1/ccl-build/msccl_tools_lyd/examples/xml/xml_lyd/ring/allreduce_ring_node16_gpu64_mcl4_mck1_gan0.xml successfully.
c197-112:13713:13768 [2] NCCL INFO Channel 01/0 : 30[82000] -> 33[3000] [send] via NET/IB/0
c198-021:21757:21809 [2] NCCL INFO Channel 01/0 : 42[82000] -> 45[3000] [send] via NET/IB/0
c198-021:21755:21812 [0] NCCL INFO Channel 01 : 40[2000] -> 43[83000] via direct shared memory
c198-021:21758:21810 [3] NCCL INFO Channel 00/0 : 36[2000] -> 43[83000] [receive] via NET/IB/0
c197-112:13711:13766 [0] NCCL INFO Channel 01 : 28[2000] -> 31[83000] via direct shared memory
c198-012:9889:9946 [1] NCCL INFO Channel 02 : 37[3000] -> 38[82000] via direct shared memory
c198-011:12795:12853 [1] NCCL INFO Channel 02 : 33[3000] -> 34[82000] via direct shared memory
c198-012:9889:9946 [1] NCCL INFO Channel 01/0 : 34[82000] -> 37[3000] [receive] via NET/IB/0
c198-011:12795:12853 [1] NCCL INFO Channel 01/0 : 30[82000] -> 33[3000] [receive] via NET/IB/0
c198-012:9890:9941 [2] NCCL INFO Channel 01/0 : 38[82000] -> 41[3000] [send] via NET/IB/0
c198-011:12796:12850 [2] NCCL INFO Channel 01/0 : 34[82000] -> 37[3000] [send] via NET/IB/0
c198-012:9888:9947 [0] NCCL INFO Channel 01 : 36[2000] -> 39[83000] via direct shared memory
c198-011:12794:12852 [0] NCCL INFO Channel 01 : 32[2000] -> 35[83000] via direct shared memory
c197-111:2657:2717 [0] NCCL INFO Parsed MSCCL Algorithm /home1/09168/ldai1/ccl-build/msccl_tools_lyd/examples/xml/xml_lyd/ring/allreduce_ring_node16_gpu64_mcl4_mck1_gan0.xml successfully.
c197-111:2657:2717 [0] NCCL INFO Channel 02/0 : 23[83000] -> 24[2000] [receive] via NET/IB/0
c197-111:2657:2717 [0] NCCL INFO Channel 02 : 24[2000] -> 25[3000] via direct shared memory
c197-111:2657:2717 [0] NCCL INFO Channel 03 : 24[2000] -> 25[3000] via direct shared memory
c197-111:2658:2715 [1] NCCL INFO Parsed MSCCL Algorithm /home1/09168/ldai1/ccl-build/msccl_tools_lyd/examples/xml/xml_lyd/ring/allreduce_ring_node16_gpu64_mcl4_mck1_gan0.xml successfully.
c198-031:22111:22170 [0] NCCL INFO Parsed MSCCL Algorithm /home1/09168/ldai1/ccl-build/msccl_tools_lyd/examples/xml/xml_lyd/ring/allreduce_ring_node16_gpu64_mcl4_mck1_gan0.xml successfully.
c197-102:23713:23766 [2] NCCL INFO Parsed MSCCL Algorithm /home1/09168/ldai1/ccl-build/msccl_tools_lyd/examples/xml/xml_lyd/ring/allreduce_ring_node16_gpu64_mcl4_mck1_gan0.xml successfully.
c198-031:22111:22170 [0] NCCL INFO Channel 02/0 : 47[83000] -> 48[2000] [receive] via NET/IB/0
c198-031:22111:22170 [0] NCCL INFO Channel 02 : 48[2000] -> 49[3000] via direct shared memory
c198-031:22111:22170 [0] NCCL INFO Channel 03 : 48[2000] -> 49[3000] via direct shared memory
c197-102:23711:23770 [0] NCCL INFO Parsed MSCCL Algorithm /home1/09168/ldai1/ccl-build/msccl_tools_lyd/examples/xml/xml_lyd/ring/allreduce_ring_node16_gpu64_mcl4_mck1_gan0.xml successfully.
c197-092:8992:9049 [0] NCCL INFO Parsed MSCCL Algorithm /home1/09168/ldai1/ccl-build/msccl_tools_lyd/examples/xml/xml_lyd/ring/allreduce_ring_node16_gpu64_mcl4_mck1_gan0.xml successfully.
c197-102:23712:23769 [1] NCCL INFO Parsed MSCCL Algorithm /home1/09168/ldai1/ccl-build/msccl_tools_lyd/examples/xml/xml_lyd/ring/allreduce_ring_node16_gpu64_mcl4_mck1_gan0.xml successfully.
c198-042:5390:5448 [0] NCCL INFO Parsed MSCCL Algorithm /home1/09168/ldai1/ccl-build/msccl_tools_lyd/examples/xml/xml_lyd/ring/allreduce_ring_node16_gpu64_mcl4_mck1_gan0.xml successfully.
c197-102:23711:23770 [0] NCCL INFO Channel 02/0 : 19[83000] -> 20[2000] [receive] via NET/IB/0
c197-102:23711:23770 [0] NCCL INFO Channel 02 : 20[2000] -> 21[3000] via direct shared memory
c197-102:23711:23770 [0] NCCL INFO Channel 03 : 20[2000] -> 21[3000] via direct shared memory
c198-031:22112:22169 [1] NCCL INFO Parsed MSCCL Algorithm /home1/09168/ldai1/ccl-build/msccl_tools_lyd/examples/xml/xml_lyd/ring/allreduce_ring_node16_gpu64_mcl4_mck1_gan0.xml successfully.
c197-092:8992:9049 [0] NCCL INFO Channel 02/0 : 11[83000] -> 12[2000] [receive] via NET/IB/0
c197-092:8992:9049 [0] NCCL INFO Channel 02 : 12[2000] -> 13[3000] via direct shared memory
c197-092:8992:9049 [0] NCCL INFO Channel 03 : 12[2000] -> 13[3000] via direct shared memory
c197-091:30184:30236 [2] NCCL INFO Parsed MSCCL Algorithm /home1/09168/ldai1/ccl-build/msccl_tools_lyd/examples/xml/xml_lyd/ring/allreduce_ring_node16_gpu64_mcl4_mck1_gan0.xml successfully.
c198-042:5390:5448 [0] NCCL INFO Channel 02/0 : 59[83000] -> 60[2000] [receive] via NET/IB/0
c198-042:5390:5448 [0] NCCL INFO Channel 02 : 60[2000] -> 61[3000] via direct shared memory
c198-042:5390:5448 [0] NCCL INFO Channel 03 : 60[2000] -> 61[3000] via direct shared memory
c197-092:8993:9051 [1] NCCL INFO Parsed MSCCL Algorithm /home1/09168/ldai1/ccl-build/msccl_tools_lyd/examples/xml/xml_lyd/ring/allreduce_ring_node16_gpu64_mcl4_mck1_gan0.xml successfully.
c198-042:5391:5449 [1] NCCL INFO Parsed MSCCL Algorithm /home1/09168/ldai1/ccl-build/msccl_tools_lyd/examples/xml/xml_lyd/ring/allreduce_ring_node16_gpu64_mcl4_mck1_gan0.xml successfully.
c197-102:23713:23766 [2] NCCL INFO Channel 02 : 22[82000] -> 23[83000] via direct shared memory
c197-102:23713:23766 [2] NCCL INFO Channel 03 : 22[82000] -> 23[83000] via direct shared memory
c198-021:21755:21812 [0] NCCL INFO Channel 00/0 : 40[2000] -> 47[83000] [send] via NET/IB/0
c197-111:2658:2715 [1] NCCL INFO Channel 02 : 25[3000] -> 26[82000] via direct shared memory
c198-021:21757:21809 [2] NCCL INFO Channel 03/0 : 37[3000] -> 42[82000] [receive] via NET/IB/0
c197-091:30184:30236 [2] NCCL INFO Channel 02 : 10[82000] -> 11[83000] via direct shared memory
c197-091:30184:30236 [2] NCCL INFO Channel 03 : 10[82000] -> 11[83000] via direct shared memory
c198-022:15791:15850 [1] NCCL INFO Channel 03/0 : 45[3000] -> 50[82000] [send] via NET/IB/0
c197-111:2658:2715 [1] NCCL INFO Channel 01/0 : 22[82000] -> 25[3000] [receive] via NET/IB/0
c198-022:15790:15848 [0] NCCL INFO Channel 00/0 : 44[2000] -> 51[83000] [send] via NET/IB/0
c197-112:13714:13764 [3] NCCL INFO Channel 00/0 : 24[2000] -> 31[83000] [receive] via NET/IB/0
c197-102:23712:23769 [1] NCCL INFO Channel 02 : 21[3000] -> 22[82000] via direct shared memory
c197-112:13711:13766 [0] NCCL INFO Channel 00/0 : 28[2000] -> 35[83000] [send] via NET/IB/0
c198-031:22112:22169 [1] NCCL INFO Channel 02 : 49[3000] -> 50[82000] via direct shared memory
c197-111:2659:2719 [2] NCCL INFO Channel 01/0 : 26[82000] -> 29[3000] [send] via NET/IB/0
c197-092:8993:9051 [1] NCCL INFO Channel 02 : 13[3000] -> 14[82000] via direct shared memory
c197-102:23712:23769 [1] NCCL INFO Channel 01/0 : 18[82000] -> 21[3000] [receive] via NET/IB/0
c197-101:13528:13585 [0] NCCL INFO Channel 00/0 : 16[2000] -> 23[83000] [send] via NET/IB/0
c198-031:22112:22169 [1] NCCL INFO Channel 01/0 : 46[82000] -> 49[3000] [receive] via NET/IB/0
c197-111:2657:2717 [0] NCCL INFO Channel 01 : 24[2000] -> 27[83000] via direct shared memory
c198-042:5391:5449 [1] NCCL INFO Channel 02 : 61[3000] -> 62[82000] via direct shared memory
c197-111:2660:2721 [3] NCCL INFO Channel 00/0 : 20[2000] -> 27[83000] [receive] via NET/IB/0
c197-092:8993:9051 [1] NCCL INFO Channel 01/0 : 10[82000] -> 13[3000] [receive] via NET/IB/0
c197-102:23713:23766 [2] NCCL INFO Channel 01/0 : 22[82000] -> 25[3000] [send] via NET/IB/0
c198-031:22113:22164 [2] NCCL INFO Channel 01/0 : 50[82000] -> 53[3000] [send] via NET/IB/0
c197-112:13713:13768 [2] NCCL INFO Channel 03/0 : 25[3000] -> 30[82000] [receive] via NET/IB/0
c197-092:8994:9047 [2] NCCL INFO Channel 01/0 : 14[82000] -> 17[3000] [send] via NET/IB/0
c198-042:5391:5449 [1] NCCL INFO Channel 01/0 : 58[82000] -> 61[3000] [receive] via NET/IB/0
c198-042:5392:5446 [2] NCCL INFO Channel 01/0 : 62[82000] -> 1[3000] [send] via NET/IB/0
c198-012:9891:9943 [3] NCCL INFO Channel 00/0 : 32[2000] -> 39[83000] [receive] via NET/IB/0
c198-012:9888:9947 [0] NCCL INFO Channel 00/0 : 36[2000] -> 43[83000] [send] via NET/IB/0
c198-012:9890:9941 [2] NCCL INFO Channel 03/0 : 33[3000] -> 38[82000] [receive] via NET/IB/0
c198-031:22111:22170 [0] NCCL INFO Channel 01 : 48[2000] -> 51[83000] via direct shared memory
c198-021:21756:21814 [1] NCCL INFO Channel 03/0 : 41[3000] -> 46[82000] [send] via NET/IB/0
c198-011:12796:12850 [2] NCCL INFO Channel 03/0 : 29[3000] -> 34[82000] [receive] via NET/IB/0
c198-011:12797:12847 [3] NCCL INFO Channel 00/0 : 28[2000] -> 35[83000] [receive] via NET/IB/0
c198-012:9889:9946 [1] NCCL INFO Channel 03/0 : 37[3000] -> 42[82000] [send] via NET/IB/0
c197-092:8992:9049 [0] NCCL INFO Channel 01 : 12[2000] -> 15[83000] via direct shared memory
c198-042:5390:5448 [0] NCCL INFO Channel 01 : 60[2000] -> 63[83000] via direct shared memory
c197-102:23711:23770 [0] NCCL INFO Channel 01 : 20[2000] -> 23[83000] via direct shared memory
c197-092:8995:9045 [3] NCCL INFO Channel 00/0 : 8[2000] -> 15[83000] [receive] via NET/IB/0
c198-011:12794:12852 [0] NCCL INFO Channel 00/0 : 32[2000] -> 39[83000] [send] via NET/IB/0
c198-011:12795:12853 [1] NCCL INFO Channel 03/0 : 33[3000] -> 38[82000] [send] via NET/IB/0
c198-021:21758:21810 [3] NCCL INFO Channel 03 : 43[83000] -> 40[2000] via direct shared memory
c198-021:21757:21809 [2] NCCL INFO Connected 1 MSCCL algorithms
c198-021:21757:21809 [2] NCCL INFO NCCL_PROTO set by environment to Simple
c198-021:21757:21809 [2] NCCL INFO NCCL_ALGO set by environment to MSCCL,TREE,RING
c198-011:12797:12847 [3] NCCL INFO Channel 03 : 35[83000] -> 32[2000] via direct shared memory
c198-021:21757:21809 [2] NCCL INFO threadThresholds 8/8/64 | 512/8/64 | 8/8/64 | 8/8/512
c198-021:21757:21809 [2] NCCL INFO 4 coll channels, 2 p2p channels, 2 p2p channels per peer
c198-012:9889:9946 [1] NCCL INFO Connected 1 MSCCL algorithms
c198-012:9889:9946 [1] NCCL INFO NCCL_PROTO set by environment to Simple
c198-012:9889:9946 [1] NCCL INFO NCCL_ALGO set by environment to MSCCL,TREE,RING
c198-012:9889:9946 [1] NCCL INFO threadThresholds 8/8/64 | 512/8/64 | 8/8/64 | 8/8/512
c198-012:9889:9946 [1] NCCL INFO 4 coll channels, 2 p2p channels, 2 p2p channels per peer
c198-041:3192:3249 [0] NCCL INFO Parsed MSCCL Algorithm /home1/09168/ldai1/ccl-build/msccl_tools_lyd/examples/xml/xml_lyd/ring/allreduce_ring_node16_gpu64_mcl4_mck1_gan0.xml successfully.
c198-041:3192:3249 [0] NCCL INFO Channel 02/0 : 55[83000] -> 56[2000] [receive] via NET/IB/0
c198-041:3192:3249 [0] NCCL INFO Channel 02 : 56[2000] -> 57[3000] via direct shared memory
c198-041:3192:3249 [0] NCCL INFO Channel 03 : 56[2000] -> 57[3000] via direct shared memory
c198-012:9890:9941 [2] NCCL INFO Connected 1 MSCCL algorithms
c198-012:9890:9941 [2] NCCL INFO NCCL_PROTO set by environment to Simple
c198-012:9890:9941 [2] NCCL INFO NCCL_ALGO set by environment to MSCCL,TREE,RING
c198-012:9890:9941 [2] NCCL INFO threadThresholds 8/8/64 | 512/8/64 | 8/8/64 | 8/8/512
c198-012:9890:9941 [2] NCCL INFO 4 coll channels, 2 p2p channels, 2 p2p channels per peer
c198-012:9891:9943 [3] NCCL INFO Channel 03 : 39[83000] -> 36[2000] via direct shared memory
c197-081:3788:3839 [0] NCCL INFO Parsed MSCCL Algorithm /home1/09168/ldai1/ccl-build/msccl_tools_lyd/examples/xml/xml_lyd/ring/allreduce_ring_node16_gpu64_mcl4_mck1_gan0.xml successfully.
c198-041:3193:3251 [1] NCCL INFO Parsed MSCCL Algorithm /home1/09168/ldai1/ccl-build/msccl_tools_lyd/examples/xml/xml_lyd/ring/allreduce_ring_node16_gpu64_mcl4_mck1_gan0.xml successfully.
c198-032:15990:16043 [2] NCCL INFO Parsed MSCCL Algorithm /home1/09168/ldai1/ccl-build/msccl_tools_lyd/examples/xml/xml_lyd/ring/allreduce_ring_node16_gpu64_mcl4_mck1_gan0.xml successfully.
c197-091:30182:30241 [0] NCCL INFO Parsed MSCCL Algorithm /home1/09168/ldai1/ccl-build/msccl_tools_lyd/examples/xml/xml_lyd/ring/allreduce_ring_node16_gpu64_mcl4_mck1_gan0.xml successfully.
c198-011:12795:12853 [1] NCCL INFO Connected 1 MSCCL algorithms
c198-011:12795:12853 [1] NCCL INFO NCCL_PROTO set by environment to Simple
c198-011:12795:12853 [1] NCCL INFO NCCL_ALGO set by environment to MSCCL,TREE,RING
c198-011:12795:12853 [1] NCCL INFO threadThresholds 8/8/64 | 512/8/64 | 8/8/64 | 8/8/512
c198-011:12795:12853 [1] NCCL INFO 4 coll channels, 2 p2p channels, 2 p2p channels per peer
c197-081:3788:3839 [0] NCCL INFO Channel 02/0 : 63[83000] -> 0[2000] [receive] via NET/IB/0
c197-081:3788:3839 [0] NCCL INFO Channel 02 : 0[2000] -> 1[3000] via direct shared memory
c197-081:3788:3839 [0] NCCL INFO Channel 03 : 0[2000] -> 1[3000] via direct shared memory
c197-081:3789:3848 [1] NCCL INFO Parsed MSCCL Algorithm /home1/09168/ldai1/ccl-build/msccl_tools_lyd/examples/xml/xml_lyd/ring/allreduce_ring_node16_gpu64_mcl4_mck1_gan0.xml successfully.
c197-082:10638:10691 [0] NCCL INFO Parsed MSCCL Algorithm /home1/09168/ldai1/ccl-build/msccl_tools_lyd/examples/xml/xml_lyd/ring/allreduce_ring_node16_gpu64_mcl4_mck1_gan0.xml successfully.
c198-012:9888:9947 [0] NCCL INFO Connected 1 MSCCL algorithms
c198-012:9888:9947 [0] NCCL INFO NCCL_PROTO set by environment to Simple
c198-012:9888:9947 [0] NCCL INFO NCCL_ALGO set by environment to MSCCL,TREE,RING
c198-012:9888:9947 [0] NCCL INFO threadThresholds 8/8/64 | 512/8/64 | 8/8/64 | 8/8/512
c198-012:9888:9947 [0] NCCL INFO 4 coll channels, 2 p2p channels, 2 p2p channels per peer
c197-091:30182:30241 [0] NCCL INFO Channel 02/0 : 7[83000] -> 8[2000] [receive] via NET/IB/0
c197-091:30182:30241 [0] NCCL INFO Channel 02 : 8[2000] -> 9[3000] via direct shared memory
c197-091:30182:30241 [0] NCCL INFO Channel 03 : 8[2000] -> 9[3000] via direct shared memory
c197-082:10640:10697 [2] NCCL INFO Parsed MSCCL Algorithm /home1/09168/ldai1/ccl-build/msccl_tools_lyd/examples/xml/xml_lyd/ring/allreduce_ring_node16_gpu64_mcl4_mck1_gan0.xml successfully.
c198-012:9891:9943 [3] NCCL INFO Connected 1 MSCCL algorithms
c198-012:9891:9943 [3] NCCL INFO NCCL_PROTO set by environment to Simple
c198-012:9891:9943 [3] NCCL INFO NCCL_ALGO set by environment to MSCCL,TREE,RING
c198-012:9891:9943 [3] NCCL INFO threadThresholds 8/8/64 | 512/8/64 | 8/8/64 | 8/8/512
c198-012:9891:9943 [3] NCCL INFO 4 coll channels, 2 p2p channels, 2 p2p channels per peer
c197-082:10638:10691 [0] NCCL INFO Channel 02/0 : 3[83000] -> 4[2000] [receive] via NET/IB/0
c197-091:30183:30239 [1] NCCL INFO Parsed MSCCL Algorithm /home1/09168/ldai1/ccl-build/msccl_tools_lyd/examples/xml/xml_lyd/ring/allreduce_ring_node16_gpu64_mcl4_mck1_gan0.xml successfully.
c197-082:10638:10691 [0] NCCL INFO Channel 02 : 4[2000] -> 5[3000] via direct shared memory
c197-082:10638:10691 [0] NCCL INFO Channel 03 : 4[2000] -> 5[3000] via direct shared memory
c197-082:10639:10694 [1] NCCL INFO Parsed MSCCL Algorithm /home1/09168/ldai1/ccl-build/msccl_tools_lyd/examples/xml/xml_lyd/ring/allreduce_ring_node16_gpu64_mcl4_mck1_gan0.xml successfully.
c198-032:15988:16046 [0] NCCL INFO Parsed MSCCL Algorithm /home1/09168/ldai1/ccl-build/msccl_tools_lyd/examples/xml/xml_lyd/ring/allreduce_ring_node16_gpu64_mcl4_mck1_gan0.xml successfully.
c198-011:12794:12852 [0] NCCL INFO Connected 1 MSCCL algorithms
c198-011:12794:12852 [0] NCCL INFO NCCL_PROTO set by environment to Simple
c198-011:12794:12852 [0] NCCL INFO NCCL_ALGO set by environment to MSCCL,TREE,RING
c198-011:12794:12852 [0] NCCL INFO threadThresholds 8/8/64 | 512/8/64 | 8/8/64 | 8/8/512
c198-011:12794:12852 [0] NCCL INFO 4 coll channels, 2 p2p channels, 2 p2p channels per peer
c198-032:15990:16043 [2] NCCL INFO Channel 02 : 54[82000] -> 55[83000] via direct shared memory
c198-032:15989:16047 [1] NCCL INFO Parsed MSCCL Algorithm /home1/09168/ldai1/ccl-build/msccl_tools_lyd/examples/xml/xml_lyd/ring/allreduce_ring_node16_gpu64_mcl4_mck1_gan0.xml successfully.
c198-032:15990:16043 [2] NCCL INFO Channel 03 : 54[82000] -> 55[83000] via direct shared memory
c198-032:15988:16046 [0] NCCL INFO Channel 02/0 : 51[83000] -> 52[2000] [receive] via NET/IB/0
c198-022:15793:15845 [3] NCCL INFO Channel 00/0 : 40[2000] -> 47[83000] [receive] via NET/IB/0
c198-032:15988:16046 [0] NCCL INFO Channel 02 : 52[2000] -> 53[3000] via direct shared memory
c198-032:15988:16046 [0] NCCL INFO Channel 03 : 52[2000] -> 53[3000] via direct shared memory
c198-011:12797:12847 [3] NCCL INFO Connected 1 MSCCL algorithms
c198-011:12797:12847 [3] NCCL INFO NCCL_PROTO set by environment to Simple
c198-011:12797:12847 [3] NCCL INFO NCCL_ALGO set by environment to MSCCL,TREE,RING
c198-011:12797:12847 [3] NCCL INFO threadThresholds 8/8/64 | 512/8/64 | 8/8/64 | 8/8/512
c198-011:12797:12847 [3] NCCL INFO 4 coll channels, 2 p2p channels, 2 p2p channels per peer
c197-082:10640:10697 [2] NCCL INFO Channel 02 : 6[82000] -> 7[83000] via direct shared memory
c197-082:10640:10697 [2] NCCL INFO Channel 03 : 6[82000] -> 7[83000] via direct shared memory
c197-101:13531:13587 [3] NCCL INFO Channel 00/0 : 12[2000] -> 19[83000] [receive] via NET/IB/0
c198-041:3193:3251 [1] NCCL INFO Channel 02 : 57[3000] -> 58[82000] via direct shared memory
c198-041:3193:3251 [1] NCCL INFO Channel 01/0 : 54[82000] -> 57[3000] [receive] via NET/IB/0
c198-022:15793:15845 [3] NCCL INFO Channel 03 : 47[83000] -> 44[2000] via direct shared memory
c197-111:2657:2717 [0] NCCL INFO Channel 00/0 : 24[2000] -> 31[83000] [send] via NET/IB/0
c197-081:3789:3848 [1] NCCL INFO Channel 02 : 1[3000] -> 2[82000] via direct shared memory
c197-111:2659:2719 [2] NCCL INFO Channel 03/0 : 21[3000] -> 26[82000] [receive] via NET/IB/0
c197-091:30183:30239 [1] NCCL INFO Channel 02 : 9[3000] -> 10[82000] via direct shared memory
c197-112:13712:13770 [1] NCCL INFO Channel 03/0 : 29[3000] -> 34[82000] [send] via NET/IB/0
c197-082:10639:10694 [1] NCCL INFO Channel 02 : 5[3000] -> 6[82000] via direct shared memory
c197-101:13530:13581 [2] NCCL INFO Channel 03/0 : 13[3000] -> 18[82000] [receive] via NET/IB/0
c198-041:3194:3247 [2] NCCL INFO Channel 01/0 : 58[82000] -> 61[3000] [send] via NET/IB/0
c197-091:30183:30239 [1] NCCL INFO Channel 01/0 : 6[82000] -> 9[3000] [receive] via NET/IB/0
c197-081:3789:3848 [1] NCCL INFO Channel 01/0 : 62[82000] -> 1[3000] [receive] via NET/IB/0
c198-022:15792:15846 [2] NCCL INFO Channel 03/0 : 41[3000] -> 46[82000] [receive] via NET/IB/0
c197-102:23712:23769 [1] NCCL INFO Channel 03/0 : 21[3000] -> 26[82000] [send] via NET/IB/0
c197-082:10639:10694 [1] NCCL INFO Channel 01/0 : 2[82000] -> 5[3000] [receive] via NET/IB/0
c198-032:15989:16047 [1] NCCL INFO Channel 02 : 53[3000] -> 54[82000] via direct shared memory
c197-081:3790:3844 [2] NCCL INFO Channel 01/0 : 2[82000] -> 5[3000] [send] via NET/IB/0
c198-031:22112:22169 [1] NCCL INFO Channel 03/0 : 49[3000] -> 54[82000] [send] via NET/IB/0
c198-041:3192:3249 [0] NCCL INFO Channel 01 : 56[2000] -> 59[83000] via direct shared memory
c198-041:3195:3246 [3] NCCL INFO Channel 00/0 : 52[2000] -> 59[83000] [receive] via NET/IB/0
c197-102:23713:23766 [2] NCCL INFO Channel 03/0 : 17[3000] -> 22[82000] [receive] via NET/IB/0
c198-021:21755:21812 [0] NCCL INFO Connected 1 MSCCL algorithms
c198-021:21755:21812 [0] NCCL INFO NCCL_PROTO set by environment to Simple
c198-021:21755:21812 [0] NCCL INFO NCCL_ALGO set by environment to MSCCL,TREE,RING
c198-021:21755:21812 [0] NCCL INFO threadThresholds 8/8/64 | 512/8/64 | 8/8/64 | 8/8/512
c198-021:21755:21812 [0] NCCL INFO 4 coll channels, 2 p2p channels, 2 p2p channels per peer
c197-112:13714:13764 [3] NCCL INFO Channel 03 : 31[83000] -> 28[2000] via direct shared memory
c197-091:30184:30236 [2] NCCL INFO Channel 01/0 : 10[82000] -> 13[3000] [send] via NET/IB/0
c197-102:23714:23765 [3] NCCL INFO Channel 00/0 : 16[2000] -> 23[83000] [receive] via NET/IB/0
c197-111:2658:2715 [1] NCCL INFO Channel 03/0 : 25[3000] -> 30[82000] [send] via NET/IB/0
c197-112:13711:13766 [0] NCCL INFO Connected 1 MSCCL algorithms
c197-112:13711:13766 [0] NCCL INFO NCCL_PROTO set by environment to Simple
c197-112:13711:13766 [0] NCCL INFO NCCL_ALGO set by environment to MSCCL,TREE,RING
c197-112:13711:13766 [0] NCCL INFO threadThresholds 8/8/64 | 512/8/64 | 8/8/64 | 8/8/512
c197-112:13711:13766 [0] NCCL INFO 4 coll channels, 2 p2p channels, 2 p2p channels per peer
c198-021:21758:21810 [3] NCCL INFO Connected 1 MSCCL algorithms
c198-021:21758:21810 [3] NCCL INFO NCCL_PROTO set by environment to Simple
c198-021:21758:21810 [3] NCCL INFO NCCL_ALGO set by environment to MSCCL,TREE,RING
c198-021:21758:21810 [3] NCCL INFO threadThresholds 8/8/64 | 512/8/64 | 8/8/64 | 8/8/512
c198-032:15989:16047 [1] NCCL INFO Channel 01/0 : 50[82000] -> 53[3000] [receive] via NET/IB/0
c198-021:21758:21810 [3] NCCL INFO 4 coll channels, 2 p2p channels, 2 p2p channels per peer
c197-092:8992:9049 [0] NCCL INFO Channel 00/0 : 12[2000] -> 19[83000] [send] via NET/IB/0
c198-031:22111:22170 [0] NCCL INFO Channel 00/0 : 48[2000] -> 55[83000] [send] via NET/IB/0
c197-112:13712:13770 [1] NCCL INFO Connected 1 MSCCL algorithms
c197-112:13712:13770 [1] NCCL INFO NCCL_PROTO set by environment to Simple
c197-112:13712:13770 [1] NCCL INFO NCCL_ALGO set by environment to MSCCL,TREE,RING
c197-112:13712:13770 [1] NCCL INFO threadThresholds 8/8/64 | 512/8/64 | 8/8/64 | 8/8/512
c197-112:13712:13770 [1] NCCL INFO 4 coll channels, 2 p2p channels, 2 p2p channels per peer
c197-081:3788:3839 [0] NCCL INFO Channel 01 : 0[2000] -> 3[83000] via direct shared memory
c197-112:13714:13764 [3] NCCL INFO Connected 1 MSCCL algorithms
c197-082:10640:10697 [2] NCCL INFO Channel 01/0 : 6[82000] -> 9[3000] [send] via NET/IB/0
c197-112:13714:13764 [3] NCCL INFO NCCL_PROTO set by environment to Simple
c197-112:13714:13764 [3] NCCL INFO NCCL_ALGO set by environment to MSCCL,TREE,RING
c197-112:13714:13764 [3] NCCL INFO threadThresholds 8/8/64 | 512/8/64 | 8/8/64 | 8/8/512
c197-112:13714:13764 [3] NCCL INFO 4 coll channels, 2 p2p channels, 2 p2p channels per peer
c197-092:8994:9047 [2] NCCL INFO Channel 03/0 : 9[3000] -> 14[82000] [receive] via NET/IB/0
c198-011:12796:12850 [2] NCCL INFO Connected 1 MSCCL algorithms
c198-011:12796:12850 [2] NCCL INFO NCCL_PROTO set by environment to Simple
c198-011:12796:12850 [2] NCCL INFO NCCL_ALGO set by environment to MSCCL,TREE,RING
c198-011:12796:12850 [2] NCCL INFO threadThresholds 8/8/64 | 512/8/64 | 8/8/64 | 8/8/512
c198-011:12796:12850 [2] NCCL INFO 4 coll channels, 2 p2p channels, 2 p2p channels per peer
c197-102:23711:23770 [0] NCCL INFO Channel 00/0 : 20[2000] -> 27[83000] [send] via NET/IB/0
c197-101:13529:13583 [1] NCCL INFO Channel 03/0 : 17[3000] -> 22[82000] [send] via NET/IB/0
c198-021:21756:21814 [1] NCCL INFO Connected 1 MSCCL algorithms
c198-021:21756:21814 [1] NCCL INFO NCCL_PROTO set by environment to Simple
c197-091:30182:30241 [0] NCCL INFO Channel 01 : 8[2000] -> 11[83000] via direct shared memory
c198-021:21756:21814 [1] NCCL INFO NCCL_ALGO set by environment to MSCCL,TREE,RING
c198-021:21756:21814 [1] NCCL INFO threadThresholds 8/8/64 | 512/8/64 | 8/8/64 | 8/8/512
c198-021:21756:21814 [1] NCCL INFO 4 coll channels, 2 p2p channels, 2 p2p channels per peer
c197-102:23712:23769 [1] NCCL INFO Connected 1 MSCCL algorithms
c197-102:23712:23769 [1] NCCL INFO NCCL_PROTO set by environment to Simple
c197-102:23712:23769 [1] NCCL INFO NCCL_ALGO set by environment to MSCCL,TREE,RING
c197-102:23712:23769 [1] NCCL INFO threadThresholds 8/8/64 | 512/8/64 | 8/8/64 | 8/8/512
c197-102:23712:23769 [1] NCCL INFO 4 coll channels, 2 p2p channels, 2 p2p channels per peer
c198-032:15990:16043 [2] NCCL INFO Channel 01/0 : 54[82000] -> 57[3000] [send] via NET/IB/0
c197-091:30185:30237 [3] NCCL INFO Channel 00/0 : 4[2000] -> 11[83000] [receive] via NET/IB/0
c198-022:15792:15846 [2] NCCL INFO Connected 1 MSCCL algorithms
c198-022:15792:15846 [2] NCCL INFO NCCL_PROTO set by environment to Simple
c198-022:15792:15846 [2] NCCL INFO NCCL_ALGO set by environment to MSCCL,TREE,RING
c198-022:15792:15846 [2] NCCL INFO threadThresholds 8/8/64 | 512/8/64 | 8/8/64 | 8/8/512
c198-022:15792:15846 [2] NCCL INFO 4 coll channels, 2 p2p channels, 2 p2p channels per peer
c197-082:10638:10691 [0] NCCL INFO Channel 01 : 4[2000] -> 7[83000] via direct shared memory
c197-111:2659:2719 [2] NCCL INFO Connected 1 MSCCL algorithms
c197-111:2659:2719 [2] NCCL INFO NCCL_PROTO set by environment to Simple
c197-111:2659:2719 [2] NCCL INFO NCCL_ALGO set by environment to MSCCL,TREE,RING
c197-111:2659:2719 [2] NCCL INFO threadThresholds 8/8/64 | 512/8/64 | 8/8/64 | 8/8/512
c197-111:2659:2719 [2] NCCL INFO 4 coll channels, 2 p2p channels, 2 p2p channels per peer
c197-111:2658:2715 [1] NCCL INFO Connected 1 MSCCL algorithms
c197-111:2658:2715 [1] NCCL INFO NCCL_PROTO set by environment to Simple
c197-111:2658:2715 [1] NCCL INFO NCCL_ALGO set by environment to MSCCL,TREE,RING
c197-111:2658:2715 [1] NCCL INFO threadThresholds 8/8/64 | 512/8/64 | 8/8/64 | 8/8/512
c197-111:2658:2715 [1] NCCL INFO 4 coll channels, 2 p2p channels, 2 p2p channels per peer
c198-032:15988:16046 [0] NCCL INFO Channel 01 : 52[2000] -> 55[83000] via direct shared memory
c197-112:13713:13768 [2] NCCL INFO Connected 1 MSCCL algorithms
c197-112:13713:13768 [2] NCCL INFO NCCL_PROTO set by environment to Simple
c197-112:13713:13768 [2] NCCL INFO NCCL_ALGO set by environment to MSCCL,TREE,RING
c197-112:13713:13768 [2] NCCL INFO threadThresholds 8/8/64 | 512/8/64 | 8/8/64 | 8/8/512
c197-112:13713:13768 [2] NCCL INFO 4 coll channels, 2 p2p channels, 2 p2p channels per peer
c197-101:13531:13587 [3] NCCL INFO Channel 03 : 19[83000] -> 16[2000] via direct shared memory
c197-101:13529:13583 [1] NCCL INFO Connected 1 MSCCL algorithms
c197-101:13529:13583 [1] NCCL INFO NCCL_PROTO set by environment to Simple
c197-101:13529:13583 [1] NCCL INFO NCCL_ALGO set by environment to MSCCL,TREE,RING
c197-101:13529:13583 [1] NCCL INFO threadThresholds 8/8/64 | 512/8/64 | 8/8/64 | 8/8/512
c197-101:13529:13583 [1] NCCL INFO 4 coll channels, 2 p2p channels, 2 p2p channels per peer
c197-111:2660:2721 [3] NCCL INFO Channel 03 : 27[83000] -> 24[2000] via direct shared memory
c197-111:2657:2717 [0] NCCL INFO Connected 1 MSCCL algorithms
c197-111:2657:2717 [0] NCCL INFO NCCL_PROTO set by environment to Simple
c197-111:2657:2717 [0] NCCL INFO NCCL_ALGO set by environment to MSCCL,TREE,RING
c197-111:2657:2717 [0] NCCL INFO threadThresholds 8/8/64 | 512/8/64 | 8/8/64 | 8/8/512
c197-111:2657:2717 [0] NCCL INFO 4 coll channels, 2 p2p channels, 2 p2p channels per peer
c197-102:23713:23766 [2] NCCL INFO Connected 1 MSCCL algorithms
c197-102:23713:23766 [2] NCCL INFO NCCL_PROTO set by environment to Simple
c197-102:23713:23766 [2] NCCL INFO NCCL_ALGO set by environment to MSCCL,TREE,RING
c197-102:23713:23766 [2] NCCL INFO threadThresholds 8/8/64 | 512/8/64 | 8/8/64 | 8/8/512
c197-102:23713:23766 [2] NCCL INFO 4 coll channels, 2 p2p channels, 2 p2p channels per peer
c197-111:2660:2721 [3] NCCL INFO Connected 1 MSCCL algorithms
c197-111:2660:2721 [3] NCCL INFO NCCL_PROTO set by environment to Simple
c197-111:2660:2721 [3] NCCL INFO NCCL_ALGO set by environment to MSCCL,TREE,RING
c197-111:2660:2721 [3] NCCL INFO threadThresholds 8/8/64 | 512/8/64 | 8/8/64 | 8/8/512
c197-111:2660:2721 [3] NCCL INFO 4 coll channels, 2 p2p channels, 2 p2p channels per peer
c197-102:23714:23765 [3] NCCL INFO Channel 03 : 23[83000] -> 20[2000] via direct shared memory
c197-101:13528:13585 [0] NCCL INFO Connected 1 MSCCL algorithms
c197-101:13528:13585 [0] NCCL INFO NCCL_PROTO set by environment to Simple
c197-101:13528:13585 [0] NCCL INFO NCCL_ALGO set by environment to MSCCL,TREE,RING
c197-101:13528:13585 [0] NCCL INFO threadThresholds 8/8/64 | 512/8/64 | 8/8/64 | 8/8/512
c197-101:13528:13585 [0] NCCL INFO 4 coll channels, 2 p2p channels, 2 p2p channels per peer
c197-101:13531:13587 [3] NCCL INFO Connected 1 MSCCL algorithms
c197-101:13531:13587 [3] NCCL INFO NCCL_PROTO set by environment to Simple
c197-101:13531:13587 [3] NCCL INFO NCCL_ALGO set by environment to MSCCL,TREE,RING
c197-101:13531:13587 [3] NCCL INFO threadThresholds 8/8/64 | 512/8/64 | 8/8/64 | 8/8/512
c197-101:13531:13587 [3] NCCL INFO 4 coll channels, 2 p2p channels, 2 p2p channels per peer
c197-102:23711:23770 [0] NCCL INFO Connected 1 MSCCL algorithms
c197-102:23711:23770 [0] NCCL INFO NCCL_PROTO set by environment to Simple
c197-102:23711:23770 [0] NCCL INFO NCCL_ALGO set by environment to MSCCL,TREE,RING
c197-102:23711:23770 [0] NCCL INFO threadThresholds 8/8/64 | 512/8/64 | 8/8/64 | 8/8/512
c197-102:23711:23770 [0] NCCL INFO 4 coll channels, 2 p2p channels, 2 p2p channels per peer
c198-012:9891:9943 [3] NCCL INFO comm 0x2b2595af0010 rank 39 nranks 64 cudaDev 3 busId 83000 - Init COMPLETE
c198-012:9890:9941 [2] NCCL INFO comm 0x2b96ed058010 rank 38 nranks 64 cudaDev 2 busId 82000 - Init COMPLETE
c198-012:9888:9947 [0] NCCL INFO comm 0x2afa2e000010 rank 36 nranks 64 cudaDev 0 busId 2000 - Init COMPLETE
c198-012:9889:9946 [1] NCCL INFO comm 0x2ab35e000010 rank 37 nranks 64 cudaDev 1 busId 3000 - Init COMPLETE
c197-102:23714:23765 [3] NCCL INFO Connected 1 MSCCL algorithms
c197-102:23714:23765 [3] NCCL INFO NCCL_PROTO set by environment to Simple
c197-102:23714:23765 [3] NCCL INFO NCCL_ALGO set by environment to MSCCL,TREE,RING
c197-102:23714:23765 [3] NCCL INFO threadThresholds 8/8/64 | 512/8/64 | 8/8/64 | 8/8/512
c197-102:23714:23765 [3] NCCL INFO 4 coll channels, 2 p2p channels, 2 p2p channels per peer
c198-042:5393:5447 [3] NCCL INFO Channel 00/0 : 56[2000] -> 63[83000] [receive] via NET/IB/0
c198-042:5390:5448 [0] NCCL INFO Channel 00/0 : 60[2000] -> 3[83000] [send] via NET/IB/0
c198-031:22114:22166 [3] NCCL INFO Channel 00/0 : 44[2000] -> 51[83000] [receive] via NET/IB/0
c198-041:3192:3249 [0] NCCL INFO Channel 00/0 : 56[2000] -> 63[83000] [send] via NET/IB/0
c197-081:3791:3846 [3] NCCL INFO Channel 00/0 : 60[2000] -> 3[83000] [receive] via NET/IB/0
c198-041:3194:3247 [2] NCCL INFO Channel 03/0 : 53[3000] -> 58[82000] [receive] via NET/IB/0
c197-081:3788:3839 [0] NCCL INFO Channel 00/0 : 0[2000] -> 7[83000] [send] via NET/IB/0
c198-042:5391:5449 [1] NCCL INFO Channel 03/0 : 61[3000] -> 2[82000] [send] via NET/IB/0
c198-042:5392:5446 [2] NCCL INFO Channel 03/0 : 57[3000] -> 62[82000] [receive] via NET/IB/0
c197-082:10641:10696 [3] NCCL INFO Channel 00/0 : 0[2000] -> 7[83000] [receive] via NET/IB/0
c197-091:30182:30241 [0] NCCL INFO Channel 00/0 : 8[2000] -> 15[83000] [send] via NET/IB/0
c197-081:3789:3848 [1] NCCL INFO Channel 03/0 : 1[3000] -> 6[82000] [send] via NET/IB/0
c197-081:3790:3844 [2] NCCL INFO Channel 03/0 : 61[3000] -> 2[82000] [receive] via NET/IB/0
c198-011:12794:12852 [0] NCCL INFO comm 0x2b7bf0000010 rank 32 nranks 64 cudaDev 0 busId 2000 - Init COMPLETE
c198-011:12795:12853 [1] NCCL INFO comm 0x2ac064000010 rank 33 nranks 64 cudaDev 1 busId 3000 - Init COMPLETE
c198-011:12796:12850 [2] NCCL INFO comm 0x2ab23d7bd010 rank 34 nranks 64 cudaDev 2 busId 82000 - Init COMPLETE
c198-011:12797:12847 [3] NCCL INFO comm 0x2b2b8d45a010 rank 35 nranks 64 cudaDev 3 busId 83000 - Init COMPLETE
c197-082:10638:10691 [0] NCCL INFO Channel 00/0 : 4[2000] -> 11[83000] [send] via NET/IB/0
c197-082:10639:10694 [1] NCCL INFO Channel 03/0 : 5[3000] -> 10[82000] [send] via NET/IB/0
c197-091:30184:30236 [2] NCCL INFO Channel 03/0 : 5[3000] -> 10[82000] [receive] via NET/IB/0
c198-031:22113:22164 [2] NCCL INFO Channel 03/0 : 45[3000] -> 50[82000] [receive] via NET/IB/0
c198-031:22114:22166 [3] NCCL INFO Channel 03 : 51[83000] -> 48[2000] via direct shared memory
c197-082:10640:10697 [2] NCCL INFO Channel 03/0 : 1[3000] -> 6[82000] [receive] via NET/IB/0
c198-042:5393:5447 [3] NCCL INFO Channel 03 : 63[83000] -> 60[2000] via direct shared memory
c198-021:21757:21809 [2] NCCL INFO comm 0x2afc12000010 rank 42 nranks 64 cudaDev 2 busId 82000 - Init COMPLETE
c198-021:21758:21810 [3] NCCL INFO comm 0x2b4792615010 rank 43 nranks 64 cudaDev 3 busId 83000 - Init COMPLETE
c198-021:21756:21814 [1] NCCL INFO comm 0x2b8712000010 rank 41 nranks 64 cudaDev 1 busId 3000 - Init COMPLETE
c198-021:21755:21812 [0] NCCL INFO comm 0x2b3b1e000010 rank 40 nranks 64 cudaDev 0 busId 2000 - Init COMPLETE
c198-032:15989:16047 [1] NCCL INFO Channel 03/0 : 53[3000] -> 58[82000] [send] via NET/IB/0
c198-032:15991:16042 [3] NCCL INFO Channel 00/0 : 48[2000] -> 55[83000] [receive] via NET/IB/0
c197-092:8993:9051 [1] NCCL INFO Channel 03/0 : 13[3000] -> 18[82000] [send] via NET/IB/0
c197-081:3791:3846 [3] NCCL INFO Channel 03 : 3[83000] -> 0[2000] via direct shared memory
c198-032:15988:16046 [0] NCCL INFO Channel 00/0 : 52[2000] -> 59[83000] [send] via NET/IB/0
c198-041:3193:3251 [1] NCCL INFO Channel 03/0 : 57[3000] -> 62[82000] [send] via NET/IB/0
c198-032:15990:16043 [2] NCCL INFO Channel 03/0 : 49[3000] -> 54[82000] [receive] via NET/IB/0
c198-042:5391:5449 [1] NCCL INFO Connected 1 MSCCL algorithms
c198-042:5391:5449 [1] NCCL INFO NCCL_PROTO set by environment to Simple
c198-042:5391:5449 [1] NCCL INFO NCCL_ALGO set by environment to MSCCL,TREE,RING
c198-042:5391:5449 [1] NCCL INFO threadThresholds 8/8/64 | 512/8/64 | 8/8/64 | 8/8/512
c198-042:5391:5449 [1] NCCL INFO 4 coll channels, 2 p2p channels, 2 p2p channels per peer
c197-082:10641:10696 [3] NCCL INFO Channel 03 : 7[83000] -> 4[2000] via direct shared memory
c197-112:13712:13770 [1] NCCL INFO comm 0x2af54e000010 rank 29 nranks 64 cudaDev 1 busId 3000 - Init COMPLETE
c197-112:13711:13766 [0] NCCL INFO comm 0x2b425562c010 rank 28 nranks 64 cudaDev 0 busId 2000 - Init COMPLETE
c197-112:13713:13768 [2] NCCL INFO comm 0x2b11e63b0010 rank 30 nranks 64 cudaDev 2 busId 82000 - Init COMPLETE
c197-092:8995:9045 [3] NCCL INFO Channel 03 : 15[83000] -> 12[2000] via direct shared memory
c197-091:30183:30239 [1] NCCL INFO Channel 03/0 : 9[3000] -> 14[82000] [send] via NET/IB/0
c198-022:15791:15850 [1] NCCL INFO Connected 1 MSCCL algorithms
c197-092:8992:9049 [0] NCCL INFO Connected 1 MSCCL algorithms
c197-092:8992:9049 [0] NCCL INFO NCCL_PROTO set by environment to Simple
c198-022:15791:15850 [1] NCCL INFO NCCL_PROTO set by environment to Simple
c198-022:15791:15850 [1] NCCL INFO NCCL_ALGO set by environment to MSCCL,TREE,RING
