TACC:  Starting up job 6212622 
TACC:  Starting parallel tasks... 
# nThread 1 nGpus 1 minBytes 65536 maxBytes 268435456 step: 2(factor) warmup iters: 5 iters: 60 agg iters: 1 validation: 1 graph: 0
#
# Using devices
#  Rank  0 Group  0 Pid   7897 on   c197-081 device  0 [0x02] Quadro RTX 5000
#  Rank  1 Group  0 Pid   7898 on   c197-081 device  1 [0x03] Quadro RTX 5000
#  Rank  2 Group  0 Pid   7899 on   c197-081 device  2 [0x82] Quadro RTX 5000
#  Rank  3 Group  0 Pid   7900 on   c197-081 device  3 [0x83] Quadro RTX 5000
#  Rank  4 Group  0 Pid  14420 on   c197-082 device  0 [0x02] Quadro RTX 5000
#  Rank  5 Group  0 Pid  14421 on   c197-082 device  1 [0x03] Quadro RTX 5000
#  Rank  6 Group  0 Pid  14422 on   c197-082 device  2 [0x82] Quadro RTX 5000
#  Rank  7 Group  0 Pid  14423 on   c197-082 device  3 [0x83] Quadro RTX 5000
#  Rank  8 Group  0 Pid   1546 on   c197-091 device  0 [0x02] Quadro RTX 5000
#  Rank  9 Group  0 Pid   1547 on   c197-091 device  1 [0x03] Quadro RTX 5000
#  Rank 10 Group  0 Pid   1548 on   c197-091 device  2 [0x82] Quadro RTX 5000
#  Rank 11 Group  0 Pid   1549 on   c197-091 device  3 [0x83] Quadro RTX 5000
#  Rank 12 Group  0 Pid  12763 on   c197-092 device  0 [0x02] Quadro RTX 5000
#  Rank 13 Group  0 Pid  12764 on   c197-092 device  1 [0x03] Quadro RTX 5000
#  Rank 14 Group  0 Pid  12765 on   c197-092 device  2 [0x82] Quadro RTX 5000
#  Rank 15 Group  0 Pid  12766 on   c197-092 device  3 [0x83] Quadro RTX 5000
#  Rank 16 Group  0 Pid  17255 on   c197-101 device  0 [0x02] Quadro RTX 5000
#  Rank 17 Group  0 Pid  17256 on   c197-101 device  1 [0x03] Quadro RTX 5000
#  Rank 18 Group  0 Pid  17257 on   c197-101 device  2 [0x82] Quadro RTX 5000
#  Rank 19 Group  0 Pid  17258 on   c197-101 device  3 [0x83] Quadro RTX 5000
#  Rank 20 Group  0 Pid  27445 on   c197-102 device  0 [0x02] Quadro RTX 5000
#  Rank 21 Group  0 Pid  27446 on   c197-102 device  1 [0x03] Quadro RTX 5000
#  Rank 22 Group  0 Pid  27447 on   c197-102 device  2 [0x82] Quadro RTX 5000
#  Rank 23 Group  0 Pid  27448 on   c197-102 device  3 [0x83] Quadro RTX 5000
#  Rank 24 Group  0 Pid   6443 on   c197-111 device  0 [0x02] Quadro RTX 5000
#  Rank 25 Group  0 Pid   6444 on   c197-111 device  1 [0x03] Quadro RTX 5000
#  Rank 26 Group  0 Pid   6445 on   c197-111 device  2 [0x82] Quadro RTX 5000
#  Rank 27 Group  0 Pid   6446 on   c197-111 device  3 [0x83] Quadro RTX 5000
#  Rank 28 Group  0 Pid  17439 on   c197-112 device  0 [0x02] Quadro RTX 5000
#  Rank 29 Group  0 Pid  17440 on   c197-112 device  1 [0x03] Quadro RTX 5000
#  Rank 30 Group  0 Pid  17441 on   c197-112 device  2 [0x82] Quadro RTX 5000
#  Rank 31 Group  0 Pid  17442 on   c197-112 device  3 [0x83] Quadro RTX 5000
#  Rank 32 Group  0 Pid  16569 on   c198-011 device  0 [0x02] Quadro RTX 5000
#  Rank 33 Group  0 Pid  16570 on   c198-011 device  1 [0x03] Quadro RTX 5000
#  Rank 34 Group  0 Pid  16571 on   c198-011 device  2 [0x82] Quadro RTX 5000
#  Rank 35 Group  0 Pid  16572 on   c198-011 device  3 [0x83] Quadro RTX 5000
#  Rank 36 Group  0 Pid  13614 on   c198-012 device  0 [0x02] Quadro RTX 5000
#  Rank 37 Group  0 Pid  13615 on   c198-012 device  1 [0x03] Quadro RTX 5000
#  Rank 38 Group  0 Pid  13616 on   c198-012 device  2 [0x82] Quadro RTX 5000
#  Rank 39 Group  0 Pid  13617 on   c198-012 device  3 [0x83] Quadro RTX 5000
#  Rank 40 Group  0 Pid  25562 on   c198-021 device  0 [0x02] Quadro RTX 5000
#  Rank 41 Group  0 Pid  25563 on   c198-021 device  1 [0x03] Quadro RTX 5000
#  Rank 42 Group  0 Pid  25564 on   c198-021 device  2 [0x82] Quadro RTX 5000
#  Rank 43 Group  0 Pid  25565 on   c198-021 device  3 [0x83] Quadro RTX 5000
#  Rank 44 Group  0 Pid  20474 on   c198-022 device  0 [0x02] Quadro RTX 5000
#  Rank 45 Group  0 Pid  20475 on   c198-022 device  1 [0x03] Quadro RTX 5000
#  Rank 46 Group  0 Pid  20476 on   c198-022 device  2 [0x82] Quadro RTX 5000
#  Rank 47 Group  0 Pid  20477 on   c198-022 device  3 [0x83] Quadro RTX 5000
#  Rank 48 Group  0 Pid  25952 on   c198-031 device  0 [0x02] Quadro RTX 5000
#  Rank 49 Group  0 Pid  25953 on   c198-031 device  1 [0x03] Quadro RTX 5000
#  Rank 50 Group  0 Pid  25954 on   c198-031 device  2 [0x82] Quadro RTX 5000
#  Rank 51 Group  0 Pid  25955 on   c198-031 device  3 [0x83] Quadro RTX 5000
#  Rank 52 Group  0 Pid  19756 on   c198-032 device  0 [0x02] Quadro RTX 5000
#  Rank 53 Group  0 Pid  19757 on   c198-032 device  1 [0x03] Quadro RTX 5000
#  Rank 54 Group  0 Pid  19758 on   c198-032 device  2 [0x82] Quadro RTX 5000
#  Rank 55 Group  0 Pid  19759 on   c198-032 device  3 [0x83] Quadro RTX 5000
#  Rank 56 Group  0 Pid   6952 on   c198-041 device  0 [0x02] Quadro RTX 5000
#  Rank 57 Group  0 Pid   6953 on   c198-041 device  1 [0x03] Quadro RTX 5000
#  Rank 58 Group  0 Pid   6954 on   c198-041 device  2 [0x82] Quadro RTX 5000
#  Rank 59 Group  0 Pid   6955 on   c198-041 device  3 [0x83] Quadro RTX 5000
#  Rank 60 Group  0 Pid   9135 on   c198-042 device  0 [0x02] Quadro RTX 5000
#  Rank 61 Group  0 Pid   9136 on   c198-042 device  1 [0x03] Quadro RTX 5000
#  Rank 62 Group  0 Pid   9137 on   c198-042 device  2 [0x82] Quadro RTX 5000
#  Rank 63 Group  0 Pid   9138 on   c198-042 device  3 [0x83] Quadro RTX 5000
The MSCCL XML file exists: /home1/09168/ldai1/ccl-build/msccl_tools_lyd/examples/xml/xml_lyd/ring/allreduce_ring_node16_gpu64_mcl4_mck1_gan0.xml
c197-081:7897:7897 [0] NCCL INFO Bootstrap : Using ib0:192.168.44.137<0>
c197-081:7897:7897 [0] NCCL INFO NET/Plugin : No plugin found (libnccl-net.so), using internal implementation
c197-081:7897:7897 [0] NCCL INFO NET/IB : Using [0]mlx4_0:1/IB [RO]; OOB ib0:192.168.44.137<0>
c197-081:7897:7897 [0] NCCL INFO Using network IB
NCCL version 2.12.12.MSCCL.0.7.4+cuda11.3
c197-081:7899:7899 [2] NCCL INFO Bootstrap : Using ib0:192.168.44.137<0>
c197-081:7899:7899 [2] NCCL INFO NET/Plugin : No plugin found (libnccl-net.so), using internal implementation
c197-081:7898:7898 [1] NCCL INFO Bootstrap : Using ib0:192.168.44.137<0>
c197-081:7898:7898 [1] NCCL INFO NET/Plugin : No plugin found (libnccl-net.so), using internal implementation
c197-081:7899:7899 [2] NCCL INFO NET/IB : Using [0]mlx4_0:1/IB [RO]; OOB ib0:192.168.44.137<0>
c197-081:7899:7899 [2] NCCL INFO Using network IB
c197-081:7900:7900 [3] NCCL INFO Bootstrap : Using ib0:192.168.44.137<0>
c197-081:7900:7900 [3] NCCL INFO NET/Plugin : No plugin found (libnccl-net.so), using internal implementation
c197-081:7900:7900 [3] NCCL INFO NET/IB : Using [0]mlx4_0:1/IB [RO]; OOB ib0:192.168.44.137<0>
c197-081:7900:7900 [3] NCCL INFO Using network IB
c197-081:7898:7898 [1] NCCL INFO NET/IB : Using [0]mlx4_0:1/IB [RO]; OOB ib0:192.168.44.137<0>
c197-081:7898:7898 [1] NCCL INFO Using network IB
c198-021:25565:25565 [3] NCCL INFO Bootstrap : Using ib0:192.168.44.147<0>
c198-021:25565:25565 [3] NCCL INFO NET/Plugin : No plugin found (libnccl-net.so), using internal implementation
c198-022:20476:20476 [2] NCCL INFO Bootstrap : Using ib0:192.168.44.148<0>
c197-111:6443:6443 [0] NCCL INFO Bootstrap : Using ib0:192.168.44.143<0>
c198-022:20476:20476 [2] NCCL INFO NET/Plugin : No plugin found (libnccl-net.so), using internal implementation
c197-111:6444:6444 [1] NCCL INFO Bootstrap : Using ib0:192.168.44.143<0>
c197-111:6445:6445 [2] NCCL INFO Bootstrap : Using ib0:192.168.44.143<0>
c197-111:6443:6443 [0] NCCL INFO NET/Plugin : No plugin found (libnccl-net.so), using internal implementation
c197-111:6444:6444 [1] NCCL INFO NET/Plugin : No plugin found (libnccl-net.so), using internal implementation
c197-111:6445:6445 [2] NCCL INFO NET/Plugin : No plugin found (libnccl-net.so), using internal implementation
c198-011:16571:16571 [2] NCCL INFO Bootstrap : Using ib0:192.168.44.145<0>
c198-011:16571:16571 [2] NCCL INFO NET/Plugin : No plugin found (libnccl-net.so), using internal implementation
c198-021:25565:25565 [3] NCCL INFO NET/IB : Using [0]mlx4_0:1/IB [RO]; OOB ib0:192.168.44.147<0>
c198-021:25565:25565 [3] NCCL INFO Using network IB
c198-022:20476:20476 [2] NCCL INFO NET/IB : Using [0]mlx4_0:1/IB [RO]; OOB ib0:192.168.44.148<0>
c198-022:20476:20476 [2] NCCL INFO Using network IB
c198-011:16571:16571 [2] NCCL INFO NET/IB : Using [0]mlx4_0:1/IB [RO]; OOB ib0:192.168.44.145<0>
c198-011:16571:16571 [2] NCCL INFO Using network IB
c198-021:25564:25564 [2] NCCL INFO Bootstrap : Using ib0:192.168.44.147<0>
c198-021:25564:25564 [2] NCCL INFO NET/Plugin : No plugin found (libnccl-net.so), using internal implementation
c198-021:25564:25564 [2] NCCL INFO NET/IB : Using [0]mlx4_0:1/IB [RO]; OOB ib0:192.168.44.147<0>
c198-021:25564:25564 [2] NCCL INFO Using network IB
c197-111:6446:6446 [3] NCCL INFO Bootstrap : Using ib0:192.168.44.143<0>
c197-111:6446:6446 [3] NCCL INFO NET/Plugin : No plugin found (libnccl-net.so), using internal implementation
c197-111:6444:6444 [1] NCCL INFO NET/IB : Using [0]mlx4_0:1/IB [RO]; OOB ib0:192.168.44.143<0>
c197-111:6444:6444 [1] NCCL INFO Using network IB
c197-111:6443:6443 [0] NCCL INFO NET/IB : Using [0]mlx4_0:1/IB [RO]; OOB ib0:192.168.44.143<0>
c197-111:6443:6443 [0] NCCL INFO Using network IB
c197-111:6445:6445 [2] NCCL INFO NET/IB : Using [0]mlx4_0:1/IB [RO]; OOB ib0:192.168.44.143<0>
c197-111:6445:6445 [2] NCCL INFO Using network IB
c197-111:6446:6446 [3] NCCL INFO NET/IB : Using [0]mlx4_0:1/IB [RO]; OOB ib0:192.168.44.143<0>
c197-111:6446:6446 [3] NCCL INFO Using network IB
c197-102:27448:27448 [3] NCCL INFO Bootstrap : Using ib0:192.168.44.142<0>
c197-102:27446:27446 [1] NCCL INFO Bootstrap : Using ib0:192.168.44.142<0>
c197-102:27447:27447 [2] NCCL INFO Bootstrap : Using ib0:192.168.44.142<0>
c197-102:27446:27446 [1] NCCL INFO NET/Plugin : No plugin found (libnccl-net.so), using internal implementation
c197-102:27447:27447 [2] NCCL INFO NET/Plugin : No plugin found (libnccl-net.so), using internal implementation
c197-102:27448:27448 [3] NCCL INFO NET/Plugin : No plugin found (libnccl-net.so), using internal implementation
c197-082:14420:14420 [0] NCCL INFO Bootstrap : Using ib0:192.168.44.138<0>
c197-082:14420:14420 [0] NCCL INFO NET/Plugin : No plugin found (libnccl-net.so), using internal implementation
c197-091:1546:1546 [0] NCCL INFO Bootstrap : Using ib0:192.168.44.139<0>
c197-091:1546:1546 [0] NCCL INFO NET/Plugin : No plugin found (libnccl-net.so), using internal implementation
c197-082:14420:14420 [0] NCCL INFO NET/IB : Using [0]mlx4_0:1/IB [RO]; OOB ib0:192.168.44.138<0>
c197-082:14420:14420 [0] NCCL INFO Using network IB
c197-092:12765:12765 [2] NCCL INFO Bootstrap : Using ib0:192.168.44.140<0>
c197-092:12765:12765 [2] NCCL INFO NET/Plugin : No plugin found (libnccl-net.so), using internal implementation
c198-031:25955:25955 [3] NCCL INFO Bootstrap : Using ib0:192.168.44.149<0>
c198-031:25955:25955 [3] NCCL INFO NET/Plugin : No plugin found (libnccl-net.so), using internal implementation
c197-102:27445:27445 [0] NCCL INFO Bootstrap : Using ib0:192.168.44.142<0>
c197-102:27445:27445 [0] NCCL INFO NET/Plugin : No plugin found (libnccl-net.so), using internal implementation
c198-021:25562:25562 [0] NCCL INFO Bootstrap : Using ib0:192.168.44.147<0>
c197-102:27446:27446 [1] NCCL INFO NET/IB : Using [0]mlx4_0:1/IB [RO]; OOB ib0:192.168.44.142<0>
c197-102:27446:27446 [1] NCCL INFO Using network IB
c198-021:25563:25563 [1] NCCL INFO Bootstrap : Using ib0:192.168.44.147<0>
c197-091:1547:1547 [1] NCCL INFO Bootstrap : Using ib0:192.168.44.139<0>
c197-102:27448:27448 [3] NCCL INFO NET/IB : Using [0]mlx4_0:1/IB [RO]; OOB ib0:192.168.44.142<0>
c197-102:27448:27448 [3] NCCL INFO Using network IB
c197-091:1549:1549 [3] NCCL INFO Bootstrap : Using ib0:192.168.44.139<0>
c197-091:1548:1548 [2] NCCL INFO Bootstrap : Using ib0:192.168.44.139<0>
c198-021:25562:25562 [0] NCCL INFO NET/Plugin : No plugin found (libnccl-net.so), using internal implementation
c197-091:1547:1547 [1] NCCL INFO NET/Plugin : No plugin found (libnccl-net.so), using internal implementation
c198-021:25563:25563 [1] NCCL INFO NET/Plugin : No plugin found (libnccl-net.so), using internal implementation
c197-102:27447:27447 [2] NCCL INFO NET/IB : Using [0]mlx4_0:1/IB [RO]; OOB ib0:192.168.44.142<0>
c197-102:27447:27447 [2] NCCL INFO Using network IB
c197-092:12765:12765 [2] NCCL INFO NET/IB : Using [0]mlx4_0:1/IB [RO]; OOB ib0:192.168.44.140<0>
c197-092:12765:12765 [2] NCCL INFO Using network IB
c197-102:27445:27445 [0] NCCL INFO NET/IB : Using [0]mlx4_0:1/IB [RO]; OOB ib0:192.168.44.142<0>
c197-102:27445:27445 [0] NCCL INFO Using network IB
c197-091:1548:1548 [2] NCCL INFO NET/Plugin : No plugin found (libnccl-net.so), using internal implementation
c197-091:1549:1549 [3] NCCL INFO NET/Plugin : No plugin found (libnccl-net.so), using internal implementation
c197-091:1546:1546 [0] NCCL INFO NET/IB : Using [0]mlx4_0:1/IB [RO]; OOB ib0:192.168.44.139<0>
c197-091:1546:1546 [0] NCCL INFO Using network IB
c198-031:25954:25954 [2] NCCL INFO Bootstrap : Using ib0:192.168.44.149<0>
c198-031:25954:25954 [2] NCCL INFO NET/Plugin : No plugin found (libnccl-net.so), using internal implementation
c198-031:25955:25955 [3] NCCL INFO NET/IB : Using [0]mlx4_0:1/IB [RO]; OOB ib0:192.168.44.149<0>
c198-031:25955:25955 [3] NCCL INFO Using network IB
c198-012:13616:13616 [2] NCCL INFO Bootstrap : Using ib0:192.168.44.146<0>
c198-012:13616:13616 [2] NCCL INFO NET/Plugin : No plugin found (libnccl-net.so), using internal implementation
c197-091:1547:1547 [1] NCCL INFO NET/IB : Using [0]mlx4_0:1/IB [RO]; OOB ib0:192.168.44.139<0>
c197-091:1547:1547 [1] NCCL INFO Using network IB
c198-031:25954:25954 [2] NCCL INFO NET/IB : Using [0]mlx4_0:1/IB [RO]; OOB ib0:192.168.44.149<0>
c198-031:25954:25954 [2] NCCL INFO Using network IB
c197-091:1548:1548 [2] NCCL INFO NET/IB : Using [0]mlx4_0:1/IB [RO]; OOB ib0:192.168.44.139<0>
c197-091:1548:1548 [2] NCCL INFO Using network IB
c197-091:1549:1549 [3] NCCL INFO NET/IB : Using [0]mlx4_0:1/IB [RO]; OOB ib0:192.168.44.139<0>
c197-091:1549:1549 [3] NCCL INFO Using network IB
c198-021:25562:25562 [0] NCCL INFO NET/IB : Using [0]mlx4_0:1/IB [RO]; OOB ib0:192.168.44.147<0>
c198-021:25562:25562 [0] NCCL INFO Using network IB
c198-021:25563:25563 [1] NCCL INFO NET/IB : Using [0]mlx4_0:1/IB [RO]; OOB ib0:192.168.44.147<0>
c198-021:25563:25563 [1] NCCL INFO Using network IB
c198-012:13617:13617 [3] NCCL INFO Bootstrap : Using ib0:192.168.44.146<0>
c198-012:13617:13617 [3] NCCL INFO NET/Plugin : No plugin found (libnccl-net.so), using internal implementation
c197-082:14423:14423 [3] NCCL INFO Bootstrap : Using ib0:192.168.44.138<0>
c197-082:14423:14423 [3] NCCL INFO NET/Plugin : No plugin found (libnccl-net.so), using internal implementation
c197-092:12766:12766 [3] NCCL INFO Bootstrap : Using ib0:192.168.44.140<0>
c197-092:12766:12766 [3] NCCL INFO NET/Plugin : No plugin found (libnccl-net.so), using internal implementation
c198-012:13616:13616 [2] NCCL INFO NET/IB : Using [0]mlx4_0:1/IB [RO]; OOB ib0:192.168.44.146<0>
c198-012:13616:13616 [2] NCCL INFO Using network IB
c198-012:13617:13617 [3] NCCL INFO NET/IB : Using [0]mlx4_0:1/IB [RO]; OOB ib0:192.168.44.146<0>
c198-012:13617:13617 [3] NCCL INFO Using network IB
c197-112:17442:17442 [3] NCCL INFO Bootstrap : Using ib0:192.168.44.144<0>
c198-012:13615:13615 [1] NCCL INFO Bootstrap : Using ib0:192.168.44.146<0>
c197-112:17442:17442 [3] NCCL INFO NET/Plugin : No plugin found (libnccl-net.so), using internal implementation
c198-012:13615:13615 [1] NCCL INFO NET/Plugin : No plugin found (libnccl-net.so), using internal implementation
c197-082:14423:14423 [3] NCCL INFO NET/IB : Using [0]mlx4_0:1/IB [RO]; OOB ib0:192.168.44.138<0>
c197-082:14423:14423 [3] NCCL INFO Using network IB
c197-092:12766:12766 [3] NCCL INFO NET/IB : Using [0]mlx4_0:1/IB [RO]; OOB ib0:192.168.44.140<0>
c197-092:12766:12766 [3] NCCL INFO Using network IB
c197-112:17442:17442 [3] NCCL INFO NET/IB : Using [0]mlx4_0:1/IB [RO]; OOB ib0:192.168.44.144<0>
c197-112:17442:17442 [3] NCCL INFO Using network IB
c198-042:9135:9135 [0] NCCL INFO Bootstrap : Using ib0:192.168.44.152<0>
c198-042:9138:9138 [3] NCCL INFO Bootstrap : Using ib0:192.168.44.152<0>
c198-042:9136:9136 [1] NCCL INFO Bootstrap : Using ib0:192.168.44.152<0>
c198-042:9137:9137 [2] NCCL INFO Bootstrap : Using ib0:192.168.44.152<0>
c198-042:9135:9135 [0] NCCL INFO NET/Plugin : No plugin found (libnccl-net.so), using internal implementation
c198-042:9136:9136 [1] NCCL INFO NET/Plugin : No plugin found (libnccl-net.so), using internal implementation
c198-042:9137:9137 [2] NCCL INFO NET/Plugin : No plugin found (libnccl-net.so), using internal implementation
c198-042:9138:9138 [3] NCCL INFO NET/Plugin : No plugin found (libnccl-net.so), using internal implementation
c198-012:13614:13614 [0] NCCL INFO Bootstrap : Using ib0:192.168.44.146<0>
c198-012:13614:13614 [0] NCCL INFO NET/Plugin : No plugin found (libnccl-net.so), using internal implementation
c198-012:13615:13615 [1] NCCL INFO NET/IB : Using [0]mlx4_0:1/IB [RO]; OOB ib0:192.168.44.146<0>
c198-012:13615:13615 [1] NCCL INFO Using network IB
c197-082:14422:14422 [2] NCCL INFO Bootstrap : Using ib0:192.168.44.138<0>
c197-082:14422:14422 [2] NCCL INFO NET/Plugin : No plugin found (libnccl-net.so), using internal implementation
c198-012:13614:13614 [0] NCCL INFO NET/IB : Using [0]mlx4_0:1/IB [RO]; OOB ib0:192.168.44.146<0>
c198-012:13614:13614 [0] NCCL INFO Using network IB
c198-032:19759:19759 [3] NCCL INFO Bootstrap : Using ib0:192.168.44.150<0>
c198-032:19759:19759 [3] NCCL INFO NET/Plugin : No plugin found (libnccl-net.so), using internal implementation
c197-112:17441:17441 [2] NCCL INFO Bootstrap : Using ib0:192.168.44.144<0>
c197-112:17440:17440 [1] NCCL INFO Bootstrap : Using ib0:192.168.44.144<0>
c197-112:17441:17441 [2] NCCL INFO NET/Plugin : No plugin found (libnccl-net.so), using internal implementation
c197-112:17440:17440 [1] NCCL INFO NET/Plugin : No plugin found (libnccl-net.so), using internal implementation
c198-032:19759:19759 [3] NCCL INFO NET/IB : Using [0]mlx4_0:1/IB [RO]; OOB ib0:192.168.44.150<0>
c198-032:19759:19759 [3] NCCL INFO Using network IB
c198-011:16572:16572 [3] NCCL INFO Bootstrap : Using ib0:192.168.44.145<0>
c198-011:16572:16572 [3] NCCL INFO NET/Plugin : No plugin found (libnccl-net.so), using internal implementation
c197-082:14421:14421 [1] NCCL INFO Bootstrap : Using ib0:192.168.44.138<0>
c197-082:14421:14421 [1] NCCL INFO NET/Plugin : No plugin found (libnccl-net.so), using internal implementation
c197-082:14422:14422 [2] NCCL INFO NET/IB : Using [0]mlx4_0:1/IB [RO]; OOB ib0:192.168.44.138<0>
c197-082:14422:14422 [2] NCCL INFO Using network IB
c198-031:25952:25952 [0] NCCL INFO Bootstrap : Using ib0:192.168.44.149<0>
c197-082:14421:14421 [1] NCCL INFO NET/IB : Using [0]mlx4_0:1/IB [RO]; OOB ib0:192.168.44.138<0>
c197-082:14421:14421 [1] NCCL INFO Using network IB
c198-031:25953:25953 [1] NCCL INFO Bootstrap : Using ib0:192.168.44.149<0>
c197-092:12764:12764 [1] NCCL INFO Bootstrap : Using ib0:192.168.44.140<0>
c198-022:20477:20477 [3] NCCL INFO Bootstrap : Using ib0:192.168.44.148<0>
c198-031:25952:25952 [0] NCCL INFO NET/Plugin : No plugin found (libnccl-net.so), using internal implementation
c198-031:25953:25953 [1] NCCL INFO NET/Plugin : No plugin found (libnccl-net.so), using internal implementation
c197-092:12764:12764 [1] NCCL INFO NET/Plugin : No plugin found (libnccl-net.so), using internal implementation
c197-112:17439:17439 [0] NCCL INFO Bootstrap : Using ib0:192.168.44.144<0>
c198-022:20477:20477 [3] NCCL INFO NET/Plugin : No plugin found (libnccl-net.so), using internal implementation
c197-112:17439:17439 [0] NCCL INFO NET/Plugin : No plugin found (libnccl-net.so), using internal implementation
c198-032:19758:19758 [2] NCCL INFO Bootstrap : Using ib0:192.168.44.150<0>
c198-032:19758:19758 [2] NCCL INFO NET/Plugin : No plugin found (libnccl-net.so), using internal implementation
c197-112:17441:17441 [2] NCCL INFO NET/IB : Using [0]mlx4_0:1/IB [RO]; OOB ib0:192.168.44.144<0>
c197-112:17441:17441 [2] NCCL INFO Using network IB
c197-112:17440:17440 [1] NCCL INFO NET/IB : Using [0]mlx4_0:1/IB [RO]; OOB ib0:192.168.44.144<0>
c197-112:17440:17440 [1] NCCL INFO Using network IB
c197-112:17439:17439 [0] NCCL INFO NET/IB : Using [0]mlx4_0:1/IB [RO]; OOB ib0:192.168.44.144<0>
c197-112:17439:17439 [0] NCCL INFO Using network IB
c198-042:9136:9136 [1] NCCL INFO NET/IB : Using [0]mlx4_0:1/IB [RO]; OOB ib0:192.168.44.152<0>
c198-042:9136:9136 [1] NCCL INFO Using network IB
c198-041:6952:6952 [0] NCCL INFO Bootstrap : Using ib0:192.168.44.151<0>
c198-042:9135:9135 [0] NCCL INFO NET/IB : Using [0]mlx4_0:1/IB [RO]; OOB ib0:192.168.44.152<0>
c198-042:9135:9135 [0] NCCL INFO Using network IB
c198-041:6953:6953 [1] NCCL INFO Bootstrap : Using ib0:192.168.44.151<0>
c198-042:9137:9137 [2] NCCL INFO NET/IB : Using [0]mlx4_0:1/IB [RO]; OOB ib0:192.168.44.152<0>
c198-042:9137:9137 [2] NCCL INFO Using network IB
c198-041:6955:6955 [3] NCCL INFO Bootstrap : Using ib0:192.168.44.151<0>
c198-042:9138:9138 [3] NCCL INFO NET/IB : Using [0]mlx4_0:1/IB [RO]; OOB ib0:192.168.44.152<0>
c198-042:9138:9138 [3] NCCL INFO Using network IB
c198-041:6954:6954 [2] NCCL INFO Bootstrap : Using ib0:192.168.44.151<0>
c198-041:6952:6952 [0] NCCL INFO NET/Plugin : No plugin found (libnccl-net.so), using internal implementation
c198-041:6953:6953 [1] NCCL INFO NET/Plugin : No plugin found (libnccl-net.so), using internal implementation
c198-041:6954:6954 [2] NCCL INFO NET/Plugin : No plugin found (libnccl-net.so), using internal implementation
c198-041:6955:6955 [3] NCCL INFO NET/Plugin : No plugin found (libnccl-net.so), using internal implementation
c197-101:17257:17257 [2] NCCL INFO Bootstrap : Using ib0:192.168.44.141<0>
c197-101:17258:17258 [3] NCCL INFO Bootstrap : Using ib0:192.168.44.141<0>
c197-101:17257:17257 [2] NCCL INFO NET/Plugin : No plugin found (libnccl-net.so), using internal implementation
c197-101:17258:17258 [3] NCCL INFO NET/Plugin : No plugin found (libnccl-net.so), using internal implementation
c197-092:12763:12763 [0] NCCL INFO Bootstrap : Using ib0:192.168.44.140<0>
c197-092:12763:12763 [0] NCCL INFO NET/Plugin : No plugin found (libnccl-net.so), using internal implementation
c198-011:16570:16570 [1] NCCL INFO Bootstrap : Using ib0:192.168.44.145<0>
c198-011:16569:16569 [0] NCCL INFO Bootstrap : Using ib0:192.168.44.145<0>
c198-011:16569:16569 [0] NCCL INFO NET/Plugin : No plugin found (libnccl-net.so), using internal implementation
c198-031:25952:25952 [0] NCCL INFO NET/IB : Using [0]mlx4_0:1/IB [RO]; OOB ib0:192.168.44.149<0>
c198-031:25952:25952 [0] NCCL INFO Using network IB
c198-011:16570:16570 [1] NCCL INFO NET/Plugin : No plugin found (libnccl-net.so), using internal implementation
c198-031:25953:25953 [1] NCCL INFO NET/IB : Using [0]mlx4_0:1/IB [RO]; OOB ib0:192.168.44.149<0>
c198-031:25953:25953 [1] NCCL INFO Using network IB
c197-092:12764:12764 [1] NCCL INFO NET/IB : Using [0]mlx4_0:1/IB [RO]; OOB ib0:192.168.44.140<0>
c197-092:12764:12764 [1] NCCL INFO Using network IB
c198-011:16572:16572 [3] NCCL INFO NET/IB : Using [0]mlx4_0:1/IB [RO]; OOB ib0:192.168.44.145<0>
c198-011:16572:16572 [3] NCCL INFO Using network IB
c197-092:12763:12763 [0] NCCL INFO NET/IB : Using [0]mlx4_0:1/IB [RO]; OOB ib0:192.168.44.140<0>
c197-092:12763:12763 [0] NCCL INFO Using network IB
c198-022:20474:20474 [0] NCCL INFO Bootstrap : Using ib0:192.168.44.148<0>
c198-022:20475:20475 [1] NCCL INFO Bootstrap : Using ib0:192.168.44.148<0>
c198-022:20474:20474 [0] NCCL INFO NET/Plugin : No plugin found (libnccl-net.so), using internal implementation
c198-022:20475:20475 [1] NCCL INFO NET/Plugin : No plugin found (libnccl-net.so), using internal implementation
c198-022:20477:20477 [3] NCCL INFO NET/IB : Using [0]mlx4_0:1/IB [RO]; OOB ib0:192.168.44.148<0>
c198-022:20477:20477 [3] NCCL INFO Using network IB
c198-011:16569:16569 [0] NCCL INFO NET/IB : Using [0]mlx4_0:1/IB [RO]; OOB ib0:192.168.44.145<0>
c198-011:16569:16569 [0] NCCL INFO Using network IB
c198-011:16570:16570 [1] NCCL INFO NET/IB : Using [0]mlx4_0:1/IB [RO]; OOB ib0:192.168.44.145<0>
c198-032:19757:19757 [1] NCCL INFO Bootstrap : Using ib0:192.168.44.150<0>
c198-011:16570:16570 [1] NCCL INFO Using network IB
c198-032:19756:19756 [0] NCCL INFO Bootstrap : Using ib0:192.168.44.150<0>
c198-032:19756:19756 [0] NCCL INFO NET/Plugin : No plugin found (libnccl-net.so), using internal implementation
c198-032:19757:19757 [1] NCCL INFO NET/Plugin : No plugin found (libnccl-net.so), using internal implementation
c198-032:19758:19758 [2] NCCL INFO NET/IB : Using [0]mlx4_0:1/IB [RO]; OOB ib0:192.168.44.150<0>
c198-032:19758:19758 [2] NCCL INFO Using network IB
c198-022:20474:20474 [0] NCCL INFO NET/IB : Using [0]mlx4_0:1/IB [RO]; OOB ib0:192.168.44.148<0>
c198-022:20474:20474 [0] NCCL INFO Using network IB
c198-022:20475:20475 [1] NCCL INFO NET/IB : Using [0]mlx4_0:1/IB [RO]; OOB ib0:192.168.44.148<0>
c198-022:20475:20475 [1] NCCL INFO Using network IB
c198-032:19757:19757 [1] NCCL INFO NET/IB : Using [0]mlx4_0:1/IB [RO]; OOB ib0:192.168.44.150<0>
c198-032:19757:19757 [1] NCCL INFO Using network IB
c198-032:19756:19756 [0] NCCL INFO NET/IB : Using [0]mlx4_0:1/IB [RO]; OOB ib0:192.168.44.150<0>
c198-032:19756:19756 [0] NCCL INFO Using network IB
c197-101:17255:17255 [0] NCCL INFO Bootstrap : Using ib0:192.168.44.141<0>
c197-101:17256:17256 [1] NCCL INFO Bootstrap : Using ib0:192.168.44.141<0>
c197-101:17255:17255 [0] NCCL INFO NET/Plugin : No plugin found (libnccl-net.so), using internal implementation
c197-101:17256:17256 [1] NCCL INFO NET/Plugin : No plugin found (libnccl-net.so), using internal implementation
c197-101:17257:17257 [2] NCCL INFO NET/IB : Using [0]mlx4_0:1/IB [RO]; OOB ib0:192.168.44.141<0>
c197-101:17257:17257 [2] NCCL INFO Using network IB
c197-101:17258:17258 [3] NCCL INFO NET/IB : Using [0]mlx4_0:1/IB [RO]; OOB ib0:192.168.44.141<0>
c197-101:17258:17258 [3] NCCL INFO Using network IB
c198-041:6953:6953 [1] NCCL INFO NET/IB : Using [0]mlx4_0:1/IB [RO]; OOB ib0:192.168.44.151<0>
c198-041:6953:6953 [1] NCCL INFO Using network IB
c198-041:6954:6954 [2] NCCL INFO NET/IB : Using [0]mlx4_0:1/IB [RO]; OOB ib0:192.168.44.151<0>
c198-041:6954:6954 [2] NCCL INFO Using network IB
c198-041:6952:6952 [0] NCCL INFO NET/IB : Using [0]mlx4_0:1/IB [RO]; OOB ib0:192.168.44.151<0>
c198-041:6952:6952 [0] NCCL INFO Using network IB
c198-041:6955:6955 [3] NCCL INFO NET/IB : Using [0]mlx4_0:1/IB [RO]; OOB ib0:192.168.44.151<0>
c198-041:6955:6955 [3] NCCL INFO Using network IB
c197-101:17255:17255 [0] NCCL INFO NET/IB : Using [0]mlx4_0:1/IB [RO]; OOB ib0:192.168.44.141<0>
c197-101:17255:17255 [0] NCCL INFO Using network IB
c197-101:17256:17256 [1] NCCL INFO NET/IB : Using [0]mlx4_0:1/IB [RO]; OOB ib0:192.168.44.141<0>
c197-101:17256:17256 [1] NCCL INFO Using network IB
c197-081:7897:7948 [0] NCCL INFO Setting affinity for GPU 0 to 0f000f
c198-011:16572:16625 [3] NCCL INFO Setting affinity for GPU 3 to f000f000
c197-112:17442:17492 [3] NCCL INFO Setting affinity for GPU 3 to f000f000
c198-042:9138:9193 [3] NCCL INFO Setting affinity for GPU 3 to f000f000
c197-082:14423:14475 [3] NCCL INFO Setting affinity for GPU 3 to f000f000
c198-012:13617:13669 [3] NCCL INFO Setting affinity for GPU 3 to f000f000
c197-091:1549:1607 [3] NCCL INFO Setting affinity for GPU 3 to f000f000
c198-041:6955:7011 [3] NCCL INFO Setting affinity for GPU 3 to f000f000
c198-021:25565:25615 [3] NCCL INFO Setting affinity for GPU 3 to f000f000
c197-111:6446:6502 [3] NCCL INFO Setting affinity for GPU 3 to f000f000
c197-101:17258:17310 [3] NCCL INFO Setting affinity for GPU 3 to f000f000
c198-022:20477:20531 [3] NCCL INFO Setting affinity for GPU 3 to f000f000
c197-102:27448:27501 [3] NCCL INFO Setting affinity for GPU 3 to f000f000
c198-031:25955:26005 [3] NCCL INFO Setting affinity for GPU 3 to f000f000
c197-092:12766:12818 [3] NCCL INFO Setting affinity for GPU 3 to f000f000
c198-032:19759:19809 [3] NCCL INFO Setting affinity for GPU 3 to f000f000
c197-081:7898:7957 [1] NCCL INFO Setting affinity for GPU 1 to f000f0
c197-081:7899:7953 [2] NCCL INFO Setting affinity for GPU 2 to 0f000f00
c197-081:7900:7955 [3] NCCL INFO Setting affinity for GPU 3 to f000f000
c198-012:13616:13667 [2] NCCL INFO Setting affinity for GPU 2 to 0f000f00
c197-082:14422:14477 [2] NCCL INFO Setting affinity for GPU 2 to 0f000f00
c198-031:25952:26010 [0] NCCL INFO Setting affinity for GPU 0 to 0f000f
c198-021:25564:25617 [2] NCCL INFO Setting affinity for GPU 2 to 0f000f00
c197-102:27445:27504 [0] NCCL INFO Setting affinity for GPU 0 to 0f000f
c197-111:6445:6499 [2] NCCL INFO Setting affinity for GPU 2 to 0f000f00
c198-012:13614:13673 [0] NCCL INFO Setting affinity for GPU 0 to 0f000f
c198-012:13615:13671 [1] NCCL INFO Setting affinity for GPU 1 to f000f0
c197-082:14420:14473 [0] NCCL INFO Setting affinity for GPU 0 to 0f000f
c198-041:6952:7010 [0] NCCL INFO Setting affinity for GPU 0 to 0f000f
c197-082:14421:14479 [1] NCCL INFO Setting affinity for GPU 1 to f000f0
c197-092:12764:12820 [1] NCCL INFO Setting affinity for GPU 1 to f000f0
c197-102:27446:27498 [1] NCCL INFO Setting affinity for GPU 1 to f000f0
c197-102:27447:27502 [2] NCCL INFO Setting affinity for GPU 2 to 0f000f00
c198-042:9135:9192 [0] NCCL INFO Setting affinity for GPU 0 to 0f000f
c197-112:17441:17495 [2] NCCL INFO Setting affinity for GPU 2 to 0f000f00
c198-042:9137:9194 [2] NCCL INFO Setting affinity for GPU 2 to 0f000f00
c197-092:12763:12822 [0] NCCL INFO Setting affinity for GPU 0 to 0f000f
c197-092:12765:12816 [2] NCCL INFO Setting affinity for GPU 2 to 0f000f00
c197-101:17255:17313 [0] NCCL INFO Setting affinity for GPU 0 to 0f000f
c198-022:20474:20534 [0] NCCL INFO Setting affinity for GPU 0 to 0f000f
c198-041:6953:7005 [1] NCCL INFO Setting affinity for GPU 1 to f000f0
c198-031:25953:26011 [1] NCCL INFO Setting affinity for GPU 1 to f000f0
c197-112:17440:17496 [1] NCCL INFO Setting affinity for GPU 1 to f000f0
c197-101:17256:17314 [1] NCCL INFO Setting affinity for GPU 1 to f000f0
c198-041:6954:7007 [2] NCCL INFO Setting affinity for GPU 2 to 0f000f00
c197-091:1547:1604 [1] NCCL INFO Setting affinity for GPU 1 to f000f0
c198-022:20476:20529 [2] NCCL INFO Setting affinity for GPU 2 to 0f000f00
c198-031:25954:26007 [2] NCCL INFO Setting affinity for GPU 2 to 0f000f00
c197-091:1546:1601 [0] NCCL INFO Setting affinity for GPU 0 to 0f000f
c197-101:17257:17309 [2] NCCL INFO Setting affinity for GPU 2 to 0f000f00
c198-022:20475:20535 [1] NCCL INFO Setting affinity for GPU 1 to f000f0
c198-021:25563:25621 [1] NCCL INFO Setting affinity for GPU 1 to f000f0
c198-021:25562:25620 [0] NCCL INFO Setting affinity for GPU 0 to 0f000f
c197-111:6443:6500 [0] NCCL INFO Setting affinity for GPU 0 to 0f000f
c197-091:1548:1606 [2] NCCL INFO Setting affinity for GPU 2 to 0f000f00
c197-111:6444:6498 [1] NCCL INFO Setting affinity for GPU 1 to f000f0
c198-042:9136:9188 [1] NCCL INFO Setting affinity for GPU 1 to f000f0
c197-112:17439:17498 [0] NCCL INFO Setting affinity for GPU 0 to 0f000f
c198-011:16569:16628 [0] NCCL INFO Setting affinity for GPU 0 to 0f000f
c198-032:19757:19814 [1] NCCL INFO Setting affinity for GPU 1 to f000f0
c198-011:16571:16623 [2] NCCL INFO Setting affinity for GPU 2 to 0f000f00
c198-032:19756:19815 [0] NCCL INFO Setting affinity for GPU 0 to 0f000f
c198-032:19758:19811 [2] NCCL INFO Setting affinity for GPU 2 to 0f000f00
c198-011:16570:16629 [1] NCCL INFO Setting affinity for GPU 1 to f000f0
c198-011:16569:16628 [0] NCCL INFO Trees [0] 33/48/-1->32->0 [1] 33/-1/-1->32->36
c197-112:17442:17492 [3] NCCL INFO Trees [0] -1/-1/-1->31->30 [1] -1/-1/-1->31->30
c197-112:17441:17495 [2] NCCL INFO Trees [0] 31/-1/-1->30->29 [1] 31/-1/-1->30->29
c197-112:17440:17496 [1] NCCL INFO Trees [0] 30/-1/-1->29->28 [1] 30/44/-1->29->28
c197-111:6446:6502 [3] NCCL INFO Trees [0] -1/-1/-1->27->26 [1] -1/-1/-1->27->26
c197-112:17439:17498 [0] NCCL INFO Trees [0] 29/-1/-1->28->24 [1] 29/12/-1->28->60
c198-011:16570:16629 [1] NCCL INFO Trees [0] 34/16/-1->33->32 [1] 34/-1/-1->33->32
c197-111:6444:6498 [1] NCCL INFO Trees [0] 26/20/-1->25->24 [1] 26/-1/-1->25->24
c198-011:16571:16623 [2] NCCL INFO Trees [0] 35/-1/-1->34->33 [1] 35/-1/-1->34->33
c197-111:6445:6499 [2] NCCL INFO Trees [0] 27/-1/-1->26->25 [1] 27/-1/-1->26->25
c198-012:13614:13673 [0] NCCL INFO Trees [0] 37/-1/-1->36->41 [1] 37/32/-1->36->44
c197-101:17258:17310 [3] NCCL INFO Trees [0] -1/-1/-1->19->18 [1] -1/-1/-1->19->18
c198-011:16572:16625 [3] NCCL INFO Trees [0] -1/-1/-1->35->34 [1] -1/-1/-1->35->34
c198-021:25562:25620 [0] NCCL INFO Trees [0] 41/44/-1->40->49 [1] 41/-1/-1->40->37
c197-111:6443:6500 [0] NCCL INFO Trees [0] 25/28/-1->24->16 [1] 25/-1/-1->24->21
c197-102:27447:27502 [2] NCCL INFO Trees [0] 23/-1/-1->22->21 [1] 23/-1/-1->22->21
c197-091:1549:1607 [3] NCCL INFO Trees [0] -1/-1/-1->11->10 [1] -1/-1/-1->11->10
c197-092:12766:12818 [3] NCCL INFO Trees [0] -1/-1/-1->15->14 [1] -1/-1/-1->15->14
c198-012:13616:13667 [2] NCCL INFO Trees [0] 39/-1/-1->38->37 [1] 39/-1/-1->38->37
c197-101:17256:17314 [1] NCCL INFO Trees [0] 18/8/-1->17->16 [1] 18/-1/-1->17->16
c197-081:7897:7948 [0] NCCL INFO Channel 00/02 :    0   1   2   3   4   5   6   7   8   9  10  11  12  13  14  15  16  17  18  19
c197-081:7897:7948 [0] NCCL INFO Channel 01/02 :    0   1   2   3   4   5   6   7   8   9  10  11  12  13  14  15  16  17  18  19
c197-081:7897:7948 [0] NCCL INFO Trees [0] 1/32/-1->0->-1 [1] 1/-1/-1->0->4
c198-021:25563:25621 [1] NCCL INFO Trees [0] 42/36/-1->41->40 [1] 42/-1/-1->41->40
c197-102:27448:27501 [3] NCCL INFO Trees [0] -1/-1/-1->23->22 [1] -1/-1/-1->23->22
c197-091:1546:1601 [0] NCCL INFO Trees [0] 9/12/-1->8->17 [1] 9/-1/-1->8->5
c197-082:14422:14477 [2] NCCL INFO Trees [0] 7/-1/-1->6->5 [1] 7/-1/-1->6->5
c198-042:9138:9193 [3] NCCL INFO Trees [0] -1/-1/-1->63->62 [1] -1/-1/-1->63->62
c197-092:12763:12822 [0] NCCL INFO Trees [0] 13/-1/-1->12->8 [1] 13/4/-1->12->28
c198-012:13617:13669 [3] NCCL INFO Trees [0] -1/-1/-1->39->38 [1] -1/-1/-1->39->38
c198-022:20474:20534 [0] NCCL INFO Trees [0] 45/-1/-1->44->40 [1] 45/36/-1->44->29
c197-101:17257:17309 [2] NCCL INFO Trees [0] 19/-1/-1->18->17 [1] 19/-1/-1->18->17
c197-081:7898:7957 [1] NCCL INFO Trees [0] 2/-1/-1->1->0 [1] 2/-1/-1->1->0
c198-021:25565:25615 [3] NCCL INFO Trees [0] -1/-1/-1->43->42 [1] -1/-1/-1->43->42
c198-032:19758:19811 [2] NCCL INFO Trees [0] 55/-1/-1->54->53 [1] 55/-1/-1->54->53
c197-102:27445:27504 [0] NCCL INFO Trees [0] 21/-1/-1->20->25 [1] 21/16/-1->20->13
c197-091:1548:1606 [2] NCCL INFO Trees [0] 11/-1/-1->10->9 [1] 11/-1/-1->10->9
c197-082:14423:14475 [3] NCCL INFO Trees [0] -1/-1/-1->7->6 [1] -1/-1/-1->7->6
c198-042:9137:9194 [2] NCCL INFO Trees [0] 63/-1/-1->62->61 [1] 63/-1/-1->62->61
c198-041:6955:7011 [3] NCCL INFO Trees [0] -1/-1/-1->59->58 [1] -1/-1/-1->59->58
c197-092:12764:12820 [1] NCCL INFO Trees [0] 14/-1/-1->13->12 [1] 14/20/-1->13->12
c198-012:13615:13671 [1] NCCL INFO Trees [0] 38/-1/-1->37->36 [1] 38/40/-1->37->36
c197-101:17255:17313 [0] NCCL INFO Trees [0] 17/24/-1->16->33 [1] 17/-1/-1->16->20
c197-081:7899:7953 [2] NCCL INFO Trees [0] 3/-1/-1->2->1 [1] 3/-1/-1->2->1
c198-021:25564:25617 [2] NCCL INFO Trees [0] 43/-1/-1->42->41 [1] 43/-1/-1->42->41
c198-031:25954:26007 [2] NCCL INFO Trees [0] 51/-1/-1->50->49 [1] 51/-1/-1->50->49
c198-032:19759:19809 [3] NCCL INFO Trees [0] -1/-1/-1->55->54 [1] -1/-1/-1->55->54
c197-102:27446:27498 [1] NCCL INFO Trees [0] 22/-1/-1->21->20 [1] 22/24/-1->21->20
c197-091:1547:1604 [1] NCCL INFO Trees [0] 10/4/-1->9->8 [1] 10/-1/-1->9->8
c197-082:14420:14473 [0] NCCL INFO Trees [0] 5/-1/-1->4->9 [1] 5/0/-1->4->12
c198-042:9136:9188 [1] NCCL INFO Trees [0] 62/-1/-1->61->60 [1] 62/-1/-1->61->60
c198-041:6953:7005 [1] NCCL INFO Trees [0] 58/52/-1->57->56 [1] 58/-1/-1->57->56
c197-092:12765:12816 [2] NCCL INFO Trees [0] 15/-1/-1->14->13 [1] 15/-1/-1->14->13
c198-022:20476:20529 [2] NCCL INFO Trees [0] 47/-1/-1->46->45 [1] 47/-1/-1->46->45
c197-081:7900:7955 [3] NCCL INFO Trees [0] -1/-1/-1->3->2 [1] -1/-1/-1->3->2
c198-031:25955:26005 [3] NCCL INFO Trees [0] -1/-1/-1->51->50 [1] -1/-1/-1->51->50
c198-032:19757:19814 [1] NCCL INFO Trees [0] 54/-1/-1->53->52 [1] 54/56/-1->53->52
c197-082:14421:14479 [1] NCCL INFO Trees [0] 6/-1/-1->5->4 [1] 6/8/-1->5->4
c198-042:9135:9192 [0] NCCL INFO Trees [0] 61/-1/-1->60->56 [1] 61/28/-1->60->-1
c198-041:6954:7007 [2] NCCL INFO Trees [0] 59/-1/-1->58->57 [1] 59/-1/-1->58->57
c198-022:20477:20531 [3] NCCL INFO Trees [0] -1/-1/-1->47->46 [1] -1/-1/-1->47->46
c198-031:25952:26010 [0] NCCL INFO Trees [0] 49/56/-1->48->32 [1] 49/-1/-1->48->52
c198-032:19756:19815 [0] NCCL INFO Trees [0] 53/-1/-1->52->57 [1] 53/48/-1->52->45
c198-041:6952:7010 [0] NCCL INFO Trees [0] 57/60/-1->56->48 [1] 57/-1/-1->56->53
c198-022:20475:20535 [1] NCCL INFO Trees [0] 46/-1/-1->45->44 [1] 46/52/-1->45->44
c198-031:25953:26011 [1] NCCL INFO Trees [0] 50/40/-1->49->48 [1] 50/-1/-1->49->48
c197-112:17439:17498 [0] NCCL INFO Channel 00/0 : 27[83000] -> 28[2000] [receive] via NET/IB/0
c198-012:13614:13673 [0] NCCL INFO Channel 00/0 : 35[83000] -> 36[2000] [receive] via NET/IB/0
c197-111:6443:6500 [0] NCCL INFO Channel 00/0 : 23[83000] -> 24[2000] [receive] via NET/IB/0
c197-092:12763:12822 [0] NCCL INFO Channel 00/0 : 11[83000] -> 12[2000] [receive] via NET/IB/0
c198-022:20474:20534 [0] NCCL INFO Channel 00/0 : 43[83000] -> 44[2000] [receive] via NET/IB/0
c197-101:17255:17313 [0] NCCL INFO Channel 00/0 : 15[83000] -> 16[2000] [receive] via NET/IB/0
c197-102:27445:27504 [0] NCCL INFO Channel 00/0 : 19[83000] -> 20[2000] [receive] via NET/IB/0
c197-091:1546:1601 [0] NCCL INFO Channel 00/0 : 7[83000] -> 8[2000] [receive] via NET/IB/0
c198-011:16569:16628 [0] NCCL INFO Channel 00/0 : 31[83000] -> 32[2000] [receive] via NET/IB/0
c198-021:25562:25620 [0] NCCL INFO Channel 00/0 : 39[83000] -> 40[2000] [receive] via NET/IB/0
c197-082:14420:14473 [0] NCCL INFO Channel 00/0 : 3[83000] -> 4[2000] [receive] via NET/IB/0
c198-042:9135:9192 [0] NCCL INFO Channel 00/0 : 59[83000] -> 60[2000] [receive] via NET/IB/0
c198-031:25952:26010 [0] NCCL INFO Channel 00/0 : 47[83000] -> 48[2000] [receive] via NET/IB/0
c198-041:6952:7010 [0] NCCL INFO Channel 00/0 : 55[83000] -> 56[2000] [receive] via NET/IB/0
c197-081:7897:7948 [0] NCCL INFO Channel 00/0 : 63[83000] -> 0[2000] [receive] via NET/IB/0
c198-032:19756:19815 [0] NCCL INFO Channel 00/0 : 51[83000] -> 52[2000] [receive] via NET/IB/0
c198-012:13616:13667 [2] NCCL INFO Channel 00 : 38[82000] -> 39[83000] via direct shared memory
c198-021:25564:25617 [2] NCCL INFO Channel 00 : 42[82000] -> 43[83000] via direct shared memory
c198-021:25564:25617 [2] NCCL INFO Channel 01 : 42[82000] -> 43[83000] via direct shared memory
c197-112:17441:17495 [2] NCCL INFO Channel 00 : 30[82000] -> 31[83000] via direct shared memory
c198-012:13616:13667 [2] NCCL INFO Channel 01 : 38[82000] -> 39[83000] via direct shared memory
c198-042:9137:9194 [2] NCCL INFO Channel 00 : 62[82000] -> 63[83000] via direct shared memory
c197-112:17440:17496 [1] NCCL INFO Channel 00 : 29[3000] -> 30[82000] via direct shared memory
c197-102:27447:27502 [2] NCCL INFO Channel 00 : 22[82000] -> 23[83000] via direct shared memory
c197-082:14422:14477 [2] NCCL INFO Channel 00 : 6[82000] -> 7[83000] via direct shared memory
c198-041:6954:7007 [2] NCCL INFO Channel 00 : 58[82000] -> 59[83000] via direct shared memory
c197-112:17441:17495 [2] NCCL INFO Channel 01 : 30[82000] -> 31[83000] via direct shared memory
c197-102:27447:27502 [2] NCCL INFO Channel 01 : 22[82000] -> 23[83000] via direct shared memory
c197-082:14422:14477 [2] NCCL INFO Channel 01 : 6[82000] -> 7[83000] via direct shared memory
c197-112:17440:17496 [1] NCCL INFO Channel 01 : 29[3000] -> 30[82000] via direct shared memory
c197-111:6445:6499 [2] NCCL INFO Channel 00 : 26[82000] -> 27[83000] via direct shared memory
c198-032:19758:19811 [2] NCCL INFO Channel 00 : 54[82000] -> 55[83000] via direct shared memory
c198-041:6954:7007 [2] NCCL INFO Channel 01 : 58[82000] -> 59[83000] via direct shared memory
c198-012:13615:13671 [1] NCCL INFO Channel 00 : 37[3000] -> 38[82000] via direct shared memory
c197-101:17257:17309 [2] NCCL INFO Channel 00 : 18[82000] -> 19[83000] via direct shared memory
c197-111:6444:6498 [1] NCCL INFO Channel 00 : 25[3000] -> 26[82000] via direct shared memory
c198-032:19758:19811 [2] NCCL INFO Channel 01 : 54[82000] -> 55[83000] via direct shared memory
c197-102:27446:27498 [1] NCCL INFO Channel 00 : 21[3000] -> 22[82000] via direct shared memory
c198-042:9137:9194 [2] NCCL INFO Channel 01 : 62[82000] -> 63[83000] via direct shared memory
c198-012:13615:13671 [1] NCCL INFO Channel 01 : 37[3000] -> 38[82000] via direct shared memory
c197-111:6445:6499 [2] NCCL INFO Channel 01 : 26[82000] -> 27[83000] via direct shared memory
c197-102:27446:27498 [1] NCCL INFO Channel 01 : 21[3000] -> 22[82000] via direct shared memory
c197-101:17257:17309 [2] NCCL INFO Channel 01 : 18[82000] -> 19[83000] via direct shared memory
c198-011:16571:16623 [2] NCCL INFO Channel 00 : 34[82000] -> 35[83000] via direct shared memory
c198-031:25954:26007 [2] NCCL INFO Channel 00 : 50[82000] -> 51[83000] via direct shared memory
c197-111:6444:6498 [1] NCCL INFO Channel 01 : 25[3000] -> 26[82000] via direct shared memory
c198-042:9136:9188 [1] NCCL INFO Channel 00 : 61[3000] -> 62[82000] via direct shared memory
c197-092:12764:12820 [1] NCCL INFO Channel 00 : 13[3000] -> 14[82000] via direct shared memory
c197-101:17256:17314 [1] NCCL INFO Channel 00 : 17[3000] -> 18[82000] via direct shared memory
c198-011:16570:16629 [1] NCCL INFO Channel 00 : 33[3000] -> 34[82000] via direct shared memory
c198-031:25953:26011 [1] NCCL INFO Channel 00 : 49[3000] -> 50[82000] via direct shared memory
c198-042:9136:9188 [1] NCCL INFO Channel 01 : 61[3000] -> 62[82000] via direct shared memory
c197-092:12765:12816 [2] NCCL INFO Channel 00 : 14[82000] -> 15[83000] via direct shared memory
c197-101:17256:17314 [1] NCCL INFO Channel 01 : 17[3000] -> 18[82000] via direct shared memory
c198-011:16571:16623 [2] NCCL INFO Channel 01 : 34[82000] -> 35[83000] via direct shared memory
c198-031:25954:26007 [2] NCCL INFO Channel 01 : 50[82000] -> 51[83000] via direct shared memory
c197-092:12764:12820 [1] NCCL INFO Channel 01 : 13[3000] -> 14[82000] via direct shared memory
c198-022:20476:20529 [2] NCCL INFO Channel 00 : 46[82000] -> 47[83000] via direct shared memory
c198-011:16570:16629 [1] NCCL INFO Channel 01 : 33[3000] -> 34[82000] via direct shared memory
c198-041:6953:7005 [1] NCCL INFO Channel 00 : 57[3000] -> 58[82000] via direct shared memory
c197-092:12765:12816 [2] NCCL INFO Channel 01 : 14[82000] -> 15[83000] via direct shared memory
c198-031:25953:26011 [1] NCCL INFO Channel 01 : 49[3000] -> 50[82000] via direct shared memory
c197-091:1548:1606 [2] NCCL INFO Channel 00 : 10[82000] -> 11[83000] via direct shared memory
c198-022:20475:20535 [1] NCCL INFO Channel 00 : 45[3000] -> 46[82000] via direct shared memory
c197-091:1547:1604 [1] NCCL INFO Channel 00 : 9[3000] -> 10[82000] via direct shared memory
c197-091:1548:1606 [2] NCCL INFO Channel 01 : 10[82000] -> 11[83000] via direct shared memory
c197-091:1547:1604 [1] NCCL INFO Channel 01 : 9[3000] -> 10[82000] via direct shared memory
c198-041:6953:7005 [1] NCCL INFO Channel 01 : 57[3000] -> 58[82000] via direct shared memory
c198-022:20476:20529 [2] NCCL INFO Channel 01 : 46[82000] -> 47[83000] via direct shared memory
c198-022:20475:20535 [1] NCCL INFO Channel 01 : 45[3000] -> 46[82000] via direct shared memory
c198-021:25563:25621 [1] NCCL INFO Channel 00 : 41[3000] -> 42[82000] via direct shared memory
c197-082:14421:14479 [1] NCCL INFO Channel 00 : 5[3000] -> 6[82000] via direct shared memory
c197-082:14421:14479 [1] NCCL INFO Channel 01 : 5[3000] -> 6[82000] via direct shared memory
c198-021:25563:25621 [1] NCCL INFO Channel 01 : 41[3000] -> 42[82000] via direct shared memory
c198-032:19757:19814 [1] NCCL INFO Channel 00 : 53[3000] -> 54[82000] via direct shared memory
c198-032:19757:19814 [1] NCCL INFO Channel 01 : 53[3000] -> 54[82000] via direct shared memory
c197-081:7899:7953 [2] NCCL INFO Channel 00 : 2[82000] -> 3[83000] via direct shared memory
c197-081:7898:7957 [1] NCCL INFO Channel 00 : 1[3000] -> 2[82000] via direct shared memory
c197-081:7899:7953 [2] NCCL INFO Channel 01 : 2[82000] -> 3[83000] via direct shared memory
c197-081:7898:7957 [1] NCCL INFO Channel 01 : 1[3000] -> 2[82000] via direct shared memory
c198-021:25565:25615 [3] NCCL INFO Channel 00/0 : 43[83000] -> 44[2000] [send] via NET/IB/0
c197-102:27448:27501 [3] NCCL INFO Channel 00/0 : 23[83000] -> 24[2000] [send] via NET/IB/0
c198-012:13617:13669 [3] NCCL INFO Channel 00/0 : 39[83000] -> 40[2000] [send] via NET/IB/0
c197-112:17442:17492 [3] NCCL INFO Channel 00/0 : 31[83000] -> 32[2000] [send] via NET/IB/0
c198-041:6955:7011 [3] NCCL INFO Channel 00/0 : 59[83000] -> 60[2000] [send] via NET/IB/0
c197-101:17258:17310 [3] NCCL INFO Channel 00/0 : 19[83000] -> 20[2000] [send] via NET/IB/0
c197-111:6446:6502 [3] NCCL INFO Channel 00/0 : 27[83000] -> 28[2000] [send] via NET/IB/0
c198-042:9138:9193 [3] NCCL INFO Channel 00/0 : 63[83000] -> 0[2000] [send] via NET/IB/0
c198-032:19759:19809 [3] NCCL INFO Channel 00/0 : 55[83000] -> 56[2000] [send] via NET/IB/0
c197-082:14423:14475 [3] NCCL INFO Channel 00/0 : 7[83000] -> 8[2000] [send] via NET/IB/0
c198-031:25955:26005 [3] NCCL INFO Channel 00/0 : 51[83000] -> 52[2000] [send] via NET/IB/0
c197-091:1549:1607 [3] NCCL INFO Channel 00/0 : 11[83000] -> 12[2000] [send] via NET/IB/0
c197-092:12766:12818 [3] NCCL INFO Channel 00/0 : 15[83000] -> 16[2000] [send] via NET/IB/0
c198-022:20477:20531 [3] NCCL INFO Channel 00/0 : 47[83000] -> 48[2000] [send] via NET/IB/0
c198-011:16572:16625 [3] NCCL INFO Channel 00/0 : 35[83000] -> 36[2000] [send] via NET/IB/0
c197-081:7900:7955 [3] NCCL INFO Channel 00/0 : 3[83000] -> 4[2000] [send] via NET/IB/0
c197-112:17439:17498 [0] NCCL INFO Channel 01/0 : 27[83000] -> 28[2000] [receive] via NET/IB/0
c198-022:20474:20534 [0] NCCL INFO Channel 01/0 : 43[83000] -> 44[2000] [receive] via NET/IB/0
c197-112:17439:17498 [0] NCCL INFO Channel 00 : 28[2000] -> 29[3000] via direct shared memory
c198-022:20474:20534 [0] NCCL INFO Channel 00 : 44[2000] -> 45[3000] via direct shared memory
c197-101:17255:17313 [0] NCCL INFO Channel 01/0 : 15[83000] -> 16[2000] [receive] via NET/IB/0
c197-111:6443:6500 [0] NCCL INFO Channel 01/0 : 23[83000] -> 24[2000] [receive] via NET/IB/0
c197-092:12763:12822 [0] NCCL INFO Channel 01/0 : 11[83000] -> 12[2000] [receive] via NET/IB/0
c198-022:20474:20534 [0] NCCL INFO Channel 01 : 44[2000] -> 45[3000] via direct shared memory
c198-031:25952:26010 [0] NCCL INFO Channel 01/0 : 47[83000] -> 48[2000] [receive] via NET/IB/0
c198-012:13614:13673 [0] NCCL INFO Channel 01/0 : 35[83000] -> 36[2000] [receive] via NET/IB/0
c197-112:17439:17498 [0] NCCL INFO Channel 01 : 28[2000] -> 29[3000] via direct shared memory
c197-101:17255:17313 [0] NCCL INFO Channel 00 : 16[2000] -> 17[3000] via direct shared memory
c197-091:1546:1601 [0] NCCL INFO Channel 01/0 : 7[83000] -> 8[2000] [receive] via NET/IB/0
c197-082:14420:14473 [0] NCCL INFO Channel 01/0 : 3[83000] -> 4[2000] [receive] via NET/IB/0
c197-092:12763:12822 [0] NCCL INFO Channel 00 : 12[2000] -> 13[3000] via direct shared memory
c197-081:7897:7948 [0] NCCL INFO Channel 01/0 : 63[83000] -> 0[2000] [receive] via NET/IB/0
c198-031:25952:26010 [0] NCCL INFO Channel 00 : 48[2000] -> 49[3000] via direct shared memory
c197-111:6443:6500 [0] NCCL INFO Channel 00 : 24[2000] -> 25[3000] via direct shared memory
c197-102:27445:27504 [0] NCCL INFO Channel 01/0 : 19[83000] -> 20[2000] [receive] via NET/IB/0
c198-012:13614:13673 [0] NCCL INFO Channel 00 : 36[2000] -> 37[3000] via direct shared memory
c197-101:17255:17313 [0] NCCL INFO Channel 01 : 16[2000] -> 17[3000] via direct shared memory
c197-091:1546:1601 [0] NCCL INFO Channel 00 : 8[2000] -> 9[3000] via direct shared memory
c197-111:6443:6500 [0] NCCL INFO Channel 01 : 24[2000] -> 25[3000] via direct shared memory
c197-082:14420:14473 [0] NCCL INFO Channel 00 : 4[2000] -> 5[3000] via direct shared memory
c198-012:13614:13673 [0] NCCL INFO Channel 01 : 36[2000] -> 37[3000] via direct shared memory
c198-021:25562:25620 [0] NCCL INFO Channel 01/0 : 39[83000] -> 40[2000] [receive] via NET/IB/0
c198-031:25952:26010 [0] NCCL INFO Channel 01 : 48[2000] -> 49[3000] via direct shared memory
c197-102:27445:27504 [0] NCCL INFO Channel 00 : 20[2000] -> 21[3000] via direct shared memory
c197-091:1546:1601 [0] NCCL INFO Channel 01 : 8[2000] -> 9[3000] via direct shared memory
c198-041:6952:7010 [0] NCCL INFO Channel 01/0 : 55[83000] -> 56[2000] [receive] via NET/IB/0
c197-092:12763:12822 [0] NCCL INFO Channel 01 : 12[2000] -> 13[3000] via direct shared memory
c198-011:16569:16628 [0] NCCL INFO Channel 01/0 : 31[83000] -> 32[2000] [receive] via NET/IB/0
c197-081:7897:7948 [0] NCCL INFO Channel 00 : 0[2000] -> 1[3000] via direct shared memory
c197-082:14420:14473 [0] NCCL INFO Channel 01 : 4[2000] -> 5[3000] via direct shared memory
c198-042:9135:9192 [0] NCCL INFO Channel 01/0 : 59[83000] -> 60[2000] [receive] via NET/IB/0
c198-021:25562:25620 [0] NCCL INFO Channel 00 : 40[2000] -> 41[3000] via direct shared memory
c197-081:7897:7948 [0] NCCL INFO Channel 01 : 0[2000] -> 1[3000] via direct shared memory
c197-102:27445:27504 [0] NCCL INFO Channel 01 : 20[2000] -> 21[3000] via direct shared memory
c198-041:6952:7010 [0] NCCL INFO Channel 00 : 56[2000] -> 57[3000] via direct shared memory
c198-011:16569:16628 [0] NCCL INFO Channel 00 : 32[2000] -> 33[3000] via direct shared memory
c198-032:19756:19815 [0] NCCL INFO Channel 01/0 : 51[83000] -> 52[2000] [receive] via NET/IB/0
c198-042:9135:9192 [0] NCCL INFO Channel 00 : 60[2000] -> 61[3000] via direct shared memory
c198-021:25562:25620 [0] NCCL INFO Channel 01 : 40[2000] -> 41[3000] via direct shared memory
c198-041:6952:7010 [0] NCCL INFO Channel 01 : 56[2000] -> 57[3000] via direct shared memory
