x3005c0s31b1n0:38116:38225 [2] NCCL INFO Channel 00/0 : 42[85000] -> 45[46000] [send] via NET/IB/1
x3005c0s37b1n0:31629:31743 [0] NCCL INFO Channel 00/0 : 48[7000] -> 51[c7000] via P2P/IPC/read
x3005c0s7b0n0:53383:53491 [2] NCCL INFO Channel 00/0 : 54[85000] -> 57[46000] [send] via NET/IB/1
x3006c0s13b0n0:50193:50312 [0] NCCL INFO Channel 00/0 : 60[7000] -> 63[c7000] via P2P/IPC/read
x3005c0s13b1n0:34683:34794 [2] NCCL INFO Trees [0] 11/-1/-1->10->9 [1] 11/-1/-1->10->9 [2] 11/-1/-1->10->9 [3] 11/-1/-1->10->9
x3005c0s13b1n0:34683:34794 [2] NCCL INFO P2P Chunksize set to 131072
x3005c0s19b0n0:60319:60436 [0] NCCL INFO Channel 00/0 : 12[7000] -> 15[c7000] via P2P/IPC/read
x3005c0s19b1n0:33310:33419 [0] NCCL INFO Channel 02/0 : 16[7000] -> 19[c7000] via P2P/IPC/read
x3005c0s1b0n0:52058:52174 [0] NCCL INFO Channel 00/0 : 20[7000] -> 23[c7000] via P2P/IPC/read
x3005c0s25b0n0:42079:42195 [0] NCCL INFO Channel 02/0 : 28[7000] -> 31[c7000] via P2P/IPC/read
x3005c0s31b0n0:36670:36786 [0] NCCL INFO Channel 02/0 : 36[7000] -> 39[c7000] via P2P/IPC/read
x3005c0s37b1n0:31629:31743 [0] NCCL INFO Channel 02/0 : 48[7000] -> 51[c7000] via P2P/IPC/read
x3006c0s13b0n0:50193:50312 [0] NCCL INFO Channel 02/0 : 60[7000] -> 63[c7000] via P2P/IPC/read
x3005c0s13b1n0:34678:34795 [0] NCCL INFO Channel 02/0 : 8[7000] -> 11[c7000] via P2P/IPC/read
x3005c0s19b0n0:60323:60434 [2] NCCL INFO Channel 00/0 : 14[85000] -> 17[46000] [send] via NET/IB/1
x3005c0s1b0n0:52058:52174 [0] NCCL INFO Channel 02/0 : 20[7000] -> 23[c7000] via P2P/IPC/read
x3006c0s13b0n0:50197:50311 [2] NCCL INFO Channel 00/0 : 62[85000] -> 1[46000] [send] via NET/IB/1
x3004c0s7b0n0:58077:58192 [0] NCCL INFO Channel 02/0 : 4[7000] -> 7[c7000] via P2P/IPC/read
x3005c0s31b0n0:36674:36788 [3] NCCL INFO Channel 01/0 : 32[7000] -> 39[c7000] [receive] via NET/IB/0
x3005c0s31b0n0:36674:36788 [3] NCCL INFO Channel 03/0 : 32[7000] -> 39[c7000] [receive] via NET/IB/0
x3005c0s19b0n0:60322:60435 [1] NCCL INFO Channel 00/0 : 10[85000] -> 13[46000] [receive] via NET/IB/1
x3005c0s19b0n0:60323:60434 [2] NCCL INFO Channel 02/0 : 14[85000] -> 17[46000] [send] via NET/IB/1
x3004c0s7b0n0:58080:58190 [2] NCCL INFO Channel 02/0 : 6[85000] -> 9[46000] [send] via NET/IB/1
x3004c0s37b0n0:49872:49983 [2] NCCL INFO Channel 00/0 : 2[85000] -> 5[46000] [send] via NET/IB/1
x3005c0s37b0n0:45627:45740 [1] NCCL INFO Channel 00/0 : 42[85000] -> 45[46000] [receive] via NET/IB/1
x3005c0s25b1n0:29728:29837 [0] NCCL INFO Channel 02/0 : 32[7000] -> 35[c7000] via P2P/IPC/read
x3005c0s31b0n0:36672:36785 [1] NCCL INFO Channel 00/0 : 34[85000] -> 37[46000] [receive] via NET/IB/1
x3005c0s7b1n0:11736:11852 [1] NCCL INFO Channel 00/0 : 54[85000] -> 57[46000] [receive] via NET/IB/1
x3005c0s7b1n0:11736:11852 [1] NCCL INFO Channel 02/0 : 54[85000] -> 57[46000] [receive] via NET/IB/1
x3005c0s19b0n0:60319:60436 [0] NCCL INFO Channel 02/0 : 12[7000] -> 15[c7000] via P2P/IPC/read
x3005c0s7b0n0:53383:53491 [2] NCCL INFO Channel 02/0 : 54[85000] -> 57[46000] [send] via NET/IB/1
x3006c0s13b0n0:50197:50311 [2] NCCL INFO Channel 02/0 : 62[85000] -> 1[46000] [send] via NET/IB/1
x3005c0s7b0n0:53381:53492 [0] NCCL INFO Channel 02/0 : 52[7000] -> 55[c7000] via P2P/IPC/read
x3005c0s31b1n0:38116:38225 [2] NCCL INFO Channel 02/0 : 42[85000] -> 45[46000] [send] via NET/IB/1
x3005c0s7b1n0:11737:11851 [2] NCCL INFO Channel 00/0 : 58[85000] -> 61[46000] [send] via NET/IB/1
x3005c0s1b1n0:4500:4653 [2] NCCL INFO Channel 00/0 : 26[85000] -> 29[46000] [send] via NET/IB/1
x3005c0s25b0n0:42082:42193 [1] NCCL INFO Channel 00/0 : 26[85000] -> 29[46000] [receive] via NET/IB/1
x3005c0s25b0n0:42083:42192 [2] NCCL INFO Channel 00/0 : 30[85000] -> 33[46000] [send] via NET/IB/1
x3005c0s25b0n0:42083:42192 [2] NCCL INFO Channel 02/0 : 30[85000] -> 33[46000] [send] via NET/IB/1
x3005c0s31b1n0:38112:38226 [0] NCCL INFO Channel 02/0 : 40[7000] -> 43[c7000] via P2P/IPC/read
x3005c0s37b1n0:31632:31741 [2] NCCL INFO Channel 00/0 : 50[85000] -> 53[46000] [send] via NET/IB/1
x3005c0s25b0n0:42082:42193 [1] NCCL INFO Channel 02/0 : 26[85000] -> 29[46000] [receive] via NET/IB/1
x3005c0s37b0n0:45628:45739 [2] NCCL INFO Channel 00/0 : 46[85000] -> 49[46000] [send] via NET/IB/1
x3005c0s37b1n0:31632:31741 [2] NCCL INFO Channel 02/0 : 50[85000] -> 53[46000] [send] via NET/IB/1
x3004c0s37b0n0:49870:49978 [0] NCCL INFO Channel 02/0 : 0[7000] -> 3[c7000] via P2P/IPC/read
x3005c0s37b0n0:45625:45741 [0] NCCL INFO Channel 02/0 : 44[7000] -> 47[c7000] via P2P/IPC/read
x3004c0s7b0n0:58079:58191 [1] NCCL INFO Channel 00/0 : 2[85000] -> 5[46000] [receive] via NET/IB/1
x3004c0s7b0n0:58079:58191 [1] NCCL INFO Channel 02/0 : 2[85000] -> 5[46000] [receive] via NET/IB/1
x3005c0s1b1n0:4498:4656 [0] NCCL INFO Channel 02/0 : 24[7000] -> 27[c7000] via P2P/IPC/read
x3005c0s25b1n0:29731:29836 [2] NCCL INFO Channel 00/0 : 34[85000] -> 37[46000] [send] via NET/IB/1
x3005c0s31b0n0:36673:36787 [2] NCCL INFO Channel 00/0 : 38[85000] -> 41[46000] [send] via NET/IB/1
x3005c0s1b1n0:4499:4655 [1] NCCL INFO Channel 00/0 : 22[85000] -> 25[46000] [receive] via NET/IB/1
x3005c0s1b1n0:4499:4655 [1] NCCL INFO Channel 02/0 : 22[85000] -> 25[46000] [receive] via NET/IB/1
x3005c0s19b1n0:33312:33416 [2] NCCL INFO Channel 00/0 : 18[85000] -> 21[46000] [send] via NET/IB/1
x3005c0s25b1n0:29730:29839 [1] NCCL INFO Channel 00/0 : 30[85000] -> 33[46000] [receive] via NET/IB/1
x3005c0s25b1n0:29730:29839 [1] NCCL INFO Channel 02/0 : 30[85000] -> 33[46000] [receive] via NET/IB/1
x3005c0s1b0n0:52062:52173 [2] NCCL INFO Channel 00/0 : 22[85000] -> 25[46000] [send] via NET/IB/1
x3005c0s13b1n0:34683:34794 [2] NCCL INFO Channel 00/0 : 10[85000] -> 13[46000] [send] via NET/IB/1
x3005c0s25b0n0:42079:42195 [0] NCCL INFO Channel 01/0 : 28[7000] -> 35[c7000] [send] via NET/IB/0
x3005c0s25b0n0:42079:42195 [0] NCCL INFO Channel 03/0 : 28[7000] -> 35[c7000] [send] via NET/IB/0
x3005c0s7b1n0:11733:11849 [0] NCCL INFO Channel 01/0 : 56[7000] -> 63[c7000] [send] via NET/IB/0
x3005c0s7b1n0:11733:11849 [0] NCCL INFO Channel 03/0 : 56[7000] -> 63[c7000] [send] via NET/IB/0
x3005c0s19b1n0:33310:33419 [0] NCCL INFO Channel 01/0 : 16[7000] -> 23[c7000] [send] via NET/IB/0
x3005c0s19b1n0:33311:33417 [1] NCCL INFO Channel 00/0 : 14[85000] -> 17[46000] [receive] via NET/IB/1
x3005c0s19b1n0:33311:33417 [1] NCCL INFO Channel 02/0 : 14[85000] -> 17[46000] [receive] via NET/IB/1
x3005c0s19b1n0:33313:33418 [3] NCCL INFO Channel 01/0 : 12[7000] -> 19[c7000] [receive] via NET/IB/0
x3005c0s19b1n0:33310:33419 [0] NCCL INFO Channel 03/0 : 16[7000] -> 23[c7000] [send] via NET/IB/0
x3005c0s7b0n0:53382:53490 [1] NCCL INFO Channel 00/0 : 50[85000] -> 53[46000] [receive] via NET/IB/1
x3005c0s31b1n0:38115:38223 [1] NCCL INFO Channel 00/0 : 38[85000] -> 41[46000] [receive] via NET/IB/1
x3004c0s37b0n0:49872:49983 [2] NCCL INFO Channel 02/0 : 2[85000] -> 5[46000] [send] via NET/IB/1
x3005c0s31b0n0:36670:36786 [0] NCCL INFO Channel 01/0 : 36[7000] -> 43[c7000] [send] via NET/IB/0
x3005c0s31b0n0:36670:36786 [0] NCCL INFO Channel 03/0 : 36[7000] -> 43[c7000] [send] via NET/IB/0
x3005c0s1b0n0:52062:52173 [2] NCCL INFO Channel 02/0 : 22[85000] -> 25[46000] [send] via NET/IB/1
x3005c0s7b0n0:53384:53493 [3] NCCL INFO Channel 01/0 : 48[7000] -> 55[c7000] [receive] via NET/IB/0
x3005c0s25b0n0:42083:42192 [2] NCCL INFO Channel 01/0 : 30[85000] -> 29[46000] via P2P/IPC/read
x3005c0s7b0n0:53383:53491 [2] NCCL INFO Channel 01/0 : 54[85000] -> 53[46000] via P2P/IPC/read
x3004c0s37b0n0:49871:49981 [1] NCCL INFO Channel 00/0 : 62[85000] -> 1[46000] [receive] via NET/IB/1
x3005c0s1b1n0:4500:4653 [2] NCCL INFO Channel 02/0 : 26[85000] -> 29[46000] [send] via NET/IB/1
x3005c0s7b1n0:11737:11851 [2] NCCL INFO Channel 02/0 : 58[85000] -> 61[46000] [send] via NET/IB/1
x3005c0s37b0n0:45628:45739 [2] NCCL INFO Channel 02/0 : 46[85000] -> 49[46000] [send] via NET/IB/1
x3005c0s25b1n0:29731:29836 [2] NCCL INFO Channel 02/0 : 34[85000] -> 37[46000] [send] via NET/IB/1
x3005c0s31b0n0:36673:36787 [2] NCCL INFO Channel 02/0 : 38[85000] -> 41[46000] [send] via NET/IB/1
x3005c0s1b0n0:52060:52172 [1] NCCL INFO Channel 00/0 : 18[85000] -> 21[46000] [receive] via NET/IB/1
x3005c0s19b1n0:33312:33416 [2] NCCL INFO Channel 02/0 : 18[85000] -> 21[46000] [send] via NET/IB/1
x3005c0s37b1n0:31629:31743 [0] NCCL INFO Channel 01/0 : 48[7000] -> 55[c7000] [send] via NET/IB/0
x3005c0s37b1n0:31631:31742 [1] NCCL INFO Channel 00/0 : 46[85000] -> 49[46000] [receive] via NET/IB/1
x3005c0s25b0n0:42083:42192 [2] NCCL INFO Channel 03/0 : 30[85000] -> 29[46000] via P2P/IPC/read
x3005c0s7b0n0:53381:53492 [0] NCCL INFO Channel 01/0 : 52[7000] -> 59[c7000] [send] via NET/IB/0
x3004c0s7b0n0:58077:58192 [0] NCCL INFO Channel 01/0 : 4[7000] -> 11[c7000] [send] via NET/IB/0
x3006c0s13b0n0:50193:50312 [0] NCCL INFO Channel 01/0 : 60[7000] -> 3[c7000] [send] via NET/IB/0
x3005c0s13b1n0:34678:34795 [0] NCCL INFO Channel 01/0 : 8[7000] -> 15[c7000] [send] via NET/IB/0
x3006c0s13b0n0:50196:50313 [1] NCCL INFO Channel 00/0 : 58[85000] -> 61[46000] [receive] via NET/IB/1
x3006c0s13b0n0:50196:50313 [1] NCCL INFO Channel 02/0 : 58[85000] -> 61[46000] [receive] via NET/IB/1
x3005c0s7b0n0:53382:53490 [1] NCCL INFO Channel 02/0 : 50[85000] -> 53[46000] [receive] via NET/IB/1
x3005c0s13b1n0:34682:34793 [1] NCCL INFO Channel 00/0 : 6[85000] -> 9[46000] [receive] via NET/IB/1
x3005c0s19b0n0:60323:60434 [2] NCCL INFO Channel 01/0 : 14[85000] -> 13[46000] via P2P/IPC/read
x3005c0s13b1n0:34683:34794 [2] NCCL INFO Channel 02/0 : 10[85000] -> 13[46000] [send] via NET/IB/1
x3005c0s25b1n0:29730:29839 [1] NCCL INFO Channel 00/0 : 33[46000] -> 32[7000] via P2P/IPC/read
x3005c0s25b1n0:29730:29839 [1] NCCL INFO Channel 01/0 : 33[46000] -> 32[7000] via P2P/IPC/read
x3005c0s25b1n0:29730:29839 [1] NCCL INFO Channel 02/0 : 33[46000] -> 32[7000] via P2P/IPC/read
x3005c0s1b0n0:52058:52174 [0] NCCL INFO Channel 01/0 : 20[7000] -> 27[c7000] [send] via NET/IB/0
x3005c0s19b0n0:60323:60434 [2] NCCL INFO Channel 03/0 : 14[85000] -> 13[46000] via P2P/IPC/read
x3005c0s25b0n0:42084:42194 [3] NCCL INFO Channel 01/0 : 24[7000] -> 31[c7000] [receive] via NET/IB/0
x3004c0s7b0n0:58079:58191 [1] NCCL INFO Channel 00/0 : 5[46000] -> 4[7000] via P2P/IPC/read
x3005c0s31b1n0:38115:38223 [1] NCCL INFO Channel 02/0 : 38[85000] -> 41[46000] [receive] via NET/IB/1
x3004c0s37b0n0:49872:49983 [2] NCCL INFO Channel 01/0 : 2[85000] -> 1[46000] via P2P/IPC/read
x3004c0s37b0n0:49872:49983 [2] NCCL INFO Channel 03/0 : 2[85000] -> 1[46000] via P2P/IPC/read
x3005c0s19b1n0:33311:33417 [1] NCCL INFO Channel 00/0 : 17[46000] -> 16[7000] via P2P/IPC/read
x3005c0s19b1n0:33311:33417 [1] NCCL INFO Channel 01/0 : 17[46000] -> 16[7000] via P2P/IPC/read
x3005c0s19b1n0:33311:33417 [1] NCCL INFO Channel 02/0 : 17[46000] -> 16[7000] via P2P/IPC/read
x3005c0s19b1n0:33311:33417 [1] NCCL INFO Channel 03/0 : 17[46000] -> 16[7000] via P2P/IPC/read
x3005c0s19b0n0:60322:60435 [1] NCCL INFO Channel 02/0 : 10[85000] -> 13[46000] [receive] via NET/IB/1
x3005c0s37b1n0:31629:31743 [0] NCCL INFO Channel 03/0 : 48[7000] -> 55[c7000] [send] via NET/IB/0
x3005c0s7b0n0:53383:53491 [2] NCCL INFO Channel 03/0 : 54[85000] -> 53[46000] via P2P/IPC/read
x3005c0s1b0n0:52062:52173 [2] NCCL INFO Channel 01/0 : 22[85000] -> 21[46000] via P2P/IPC/read
x3004c0s7b0n0:58079:58191 [1] NCCL INFO Channel 01/0 : 5[46000] -> 4[7000] via P2P/IPC/read
x3005c0s7b1n0:11736:11852 [1] NCCL INFO Channel 00/0 : 57[46000] -> 56[7000] via P2P/IPC/read
x3005c0s37b0n0:45627:45740 [1] NCCL INFO Channel 02/0 : 42[85000] -> 45[46000] [receive] via NET/IB/1
x3005c0s1b1n0:4499:4655 [1] NCCL INFO Channel 00/0 : 25[46000] -> 24[7000] via P2P/IPC/read
x3005c0s31b0n0:36672:36785 [1] NCCL INFO Channel 02/0 : 34[85000] -> 37[46000] [receive] via NET/IB/1
x3005c0s1b0n0:52062:52173 [2] NCCL INFO Channel 03/0 : 22[85000] -> 21[46000] via P2P/IPC/read
x3005c0s13b1n0:34678:34795 [0] NCCL INFO Channel 03/0 : 8[7000] -> 15[c7000] [send] via NET/IB/0
x3006c0s13b0n0:50198:50310 [3] NCCL INFO Channel 01/0 : 56[7000] -> 63[c7000] [receive] via NET/IB/0
x3006c0s13b0n0:50193:50312 [0] NCCL INFO Channel 03/0 : 60[7000] -> 3[c7000] [send] via NET/IB/0
x3005c0s7b1n0:11737:11851 [2] NCCL INFO Channel 01/0 : 58[85000] -> 57[46000] via P2P/IPC/read
x3005c0s1b1n0:4499:4655 [1] NCCL INFO Channel 01/0 : 25[46000] -> 24[7000] via P2P/IPC/read
x3005c0s25b1n0:29730:29839 [1] NCCL INFO Channel 03/0 : 33[46000] -> 32[7000] via P2P/IPC/read
x3005c0s37b1n0:31632:31741 [2] NCCL INFO Channel 01/0 : 50[85000] -> 49[46000] via P2P/IPC/read
x3005c0s37b1n0:31633:31740 [3] NCCL INFO Channel 01/0 : 44[7000] -> 51[c7000] [receive] via NET/IB/0
x3005c0s37b1n0:31632:31741 [2] NCCL INFO Channel 03/0 : 50[85000] -> 49[46000] via P2P/IPC/read
x3005c0s13b1n0:34684:34796 [3] NCCL INFO Channel 01/0 : 4[7000] -> 11[c7000] [receive] via NET/IB/0
x3005c0s7b0n0:53382:53490 [1] NCCL INFO Channel 00/0 : 53[46000] -> 52[7000] via P2P/IPC/read
x3004c0s7b0n0:58081:58189 [3] NCCL INFO Channel 01/0 : 0[7000] -> 7[c7000] [receive] via NET/IB/0
x3005c0s7b0n0:53381:53492 [0] NCCL INFO Channel 03/0 : 52[7000] -> 59[c7000] [send] via NET/IB/0
x3005c0s7b0n0:53382:53490 [1] NCCL INFO Channel 01/0 : 53[46000] -> 52[7000] via P2P/IPC/read
x3005c0s7b0n0:53382:53490 [1] NCCL INFO Channel 02/0 : 53[46000] -> 52[7000] via P2P/IPC/read
x3005c0s7b0n0:53382:53490 [1] NCCL INFO Channel 03/0 : 53[46000] -> 52[7000] via P2P/IPC/read
x3006c0s13b0n0:50196:50313 [1] NCCL INFO Channel 00/0 : 61[46000] -> 60[7000] via P2P/IPC/read
x3005c0s7b1n0:11738:11850 [3] NCCL INFO Channel 01/0 : 52[7000] -> 59[c7000] [receive] via NET/IB/0
x3005c0s7b1n0:11737:11851 [2] NCCL INFO Channel 03/0 : 58[85000] -> 57[46000] via P2P/IPC/read
x3005c0s31b1n0:38112:38226 [0] NCCL INFO Channel 01/0 : 40[7000] -> 47[c7000] [send] via NET/IB/0
x3005c0s1b1n0:4501:4654 [3] NCCL INFO Channel 01/0 : 20[7000] -> 27[c7000] [receive] via NET/IB/0
x3005c0s25b1n0:29732:29838 [3] NCCL INFO Channel 01/0 : 28[7000] -> 35[c7000] [receive] via NET/IB/0
x3005c0s1b1n0:4501:4654 [3] NCCL INFO Channel 03/0 : 20[7000] -> 27[c7000] [receive] via NET/IB/0
x3005c0s1b0n0:52063:52175 [3] NCCL INFO Channel 01/0 : 16[7000] -> 23[c7000] [receive] via NET/IB/0
x3005c0s1b0n0:52058:52174 [0] NCCL INFO Channel 03/0 : 20[7000] -> 27[c7000] [send] via NET/IB/0
x3005c0s31b0n0:36673:36787 [2] NCCL INFO Channel 01/0 : 38[85000] -> 37[46000] via P2P/IPC/read
x3004c0s7b0n0:58079:58191 [1] NCCL INFO Channel 02/0 : 5[46000] -> 4[7000] via P2P/IPC/read
x3005c0s25b1n0:29732:29838 [3] NCCL INFO Channel 03/0 : 28[7000] -> 35[c7000] [receive] via NET/IB/0
x3005c0s31b0n0:36673:36787 [2] NCCL INFO Channel 03/0 : 38[85000] -> 37[46000] via P2P/IPC/read
x3005c0s37b0n0:45625:45741 [0] NCCL INFO Channel 01/0 : 44[7000] -> 51[c7000] [send] via NET/IB/0
x3005c0s13b1n0:34682:34793 [1] NCCL INFO Channel 02/0 : 6[85000] -> 9[46000] [receive] via NET/IB/1
x3005c0s1b1n0:4499:4655 [1] NCCL INFO Channel 02/0 : 25[46000] -> 24[7000] via P2P/IPC/read
x3005c0s7b0n0:53384:53493 [3] NCCL INFO Channel 03/0 : 48[7000] -> 55[c7000] [receive] via NET/IB/0
x3006c0s13b0n0:50196:50313 [1] NCCL INFO Channel 01/0 : 61[46000] -> 60[7000] via P2P/IPC/read
x3004c0s37b0n0:49871:49981 [1] NCCL INFO Channel 02/0 : 62[85000] -> 1[46000] [receive] via NET/IB/1
x3004c0s37b0n0:49873:49982 [3] NCCL INFO Channel 01/0 : 60[7000] -> 3[c7000] [receive] via NET/IB/0
x3004c0s37b0n0:49873:49982 [3] NCCL INFO Channel 03/0 : 60[7000] -> 3[c7000] [receive] via NET/IB/0
x3005c0s37b0n0:45629:45738 [3] NCCL INFO Channel 01/0 : 40[7000] -> 47[c7000] [receive] via NET/IB/0
x3005c0s25b1n0:29728:29837 [0] NCCL INFO Channel 01/0 : 32[7000] -> 39[c7000] [send] via NET/IB/0
x3005c0s31b1n0:38116:38225 [2] NCCL INFO Channel 01/0 : 42[85000] -> 41[46000] via P2P/IPC/read
x3005c0s1b0n0:52060:52172 [1] NCCL INFO Channel 02/0 : 18[85000] -> 21[46000] [receive] via NET/IB/1
x3005c0s19b0n0:60319:60436 [0] NCCL INFO Channel 01/0 : 12[7000] -> 19[c7000] [send] via NET/IB/0
x3005c0s37b1n0:31631:31742 [1] NCCL INFO Channel 02/0 : 46[85000] -> 49[46000] [receive] via NET/IB/1
x3005c0s13b1n0:34683:34794 [2] NCCL INFO Channel 01/0 : 10[85000] -> 9[46000] via P2P/IPC/read
x3004c0s37b0n0:49870:49978 [0] NCCL INFO Channel 01/0 : 0[7000] -> 7[c7000] [send] via NET/IB/0
x3005c0s31b1n0:38117:38224 [3] NCCL INFO Channel 01/0 : 36[7000] -> 43[c7000] [receive] via NET/IB/0
x3005c0s1b1n0:4498:4656 [0] NCCL INFO Channel 01/0 : 24[7000] -> 31[c7000] [send] via NET/IB/0
x3005c0s19b1n0:33313:33418 [3] NCCL INFO Channel 03/0 : 12[7000] -> 19[c7000] [receive] via NET/IB/0
x3004c0s7b0n0:58080:58190 [2] NCCL INFO Channel 01/0 : 6[85000] -> 5[46000] via P2P/IPC/read
x3005c0s1b1n0:4499:4655 [1] NCCL INFO Channel 03/0 : 25[46000] -> 24[7000] via P2P/IPC/read
x3005c0s37b0n0:45627:45740 [1] NCCL INFO Channel 00/0 : 45[46000] -> 44[7000] via P2P/IPC/read
x3005c0s37b0n0:45627:45740 [1] NCCL INFO Channel 01/0 : 45[46000] -> 44[7000] via P2P/IPC/read
x3005c0s37b0n0:45627:45740 [1] NCCL INFO Channel 02/0 : 45[46000] -> 44[7000] via P2P/IPC/read
x3005c0s37b0n0:45627:45740 [1] NCCL INFO Channel 03/0 : 45[46000] -> 44[7000] via P2P/IPC/read
x3005c0s31b0n0:36672:36785 [1] NCCL INFO Channel 00/0 : 37[46000] -> 36[7000] via P2P/IPC/read
x3005c0s13b1n0:34682:34793 [1] NCCL INFO Channel 00/0 : 9[46000] -> 8[7000] via P2P/IPC/read
x3005c0s31b1n0:38116:38225 [2] NCCL INFO Channel 03/0 : 42[85000] -> 41[46000] via P2P/IPC/read
x3005c0s13b1n0:34682:34793 [1] NCCL INFO Channel 01/0 : 9[46000] -> 8[7000] via P2P/IPC/read
x3005c0s13b1n0:34682:34793 [1] NCCL INFO Channel 02/0 : 9[46000] -> 8[7000] via P2P/IPC/read
x3005c0s13b1n0:34682:34793 [1] NCCL INFO Channel 03/0 : 9[46000] -> 8[7000] via P2P/IPC/read
x3005c0s7b1n0:11736:11852 [1] NCCL INFO Channel 01/0 : 57[46000] -> 56[7000] via P2P/IPC/read
x3005c0s7b1n0:11736:11852 [1] NCCL INFO Channel 02/0 : 57[46000] -> 56[7000] via P2P/IPC/read
x3005c0s1b1n0:4500:4653 [2] NCCL INFO Channel 01/0 : 26[85000] -> 25[46000] via P2P/IPC/read
x3005c0s1b1n0:4500:4653 [2] NCCL INFO Channel 03/0 : 26[85000] -> 25[46000] via P2P/IPC/read
x3005c0s7b0n0:53384:53493 [3] NCCL INFO Channel 00/0 : 55[c7000] -> 54[85000] via P2P/IPC/read
x3005c0s7b0n0:53384:53493 [3] NCCL INFO Channel 01/0 : 55[c7000] -> 54[85000] via P2P/IPC/read
x3005c0s25b0n0:42082:42193 [1] NCCL INFO Channel 00/0 : 29[46000] -> 28[7000] via P2P/IPC/read
x3005c0s25b0n0:42082:42193 [1] NCCL INFO Channel 01/0 : 29[46000] -> 28[7000] via P2P/IPC/read
x3005c0s25b0n0:42082:42193 [1] NCCL INFO Channel 02/0 : 29[46000] -> 28[7000] via P2P/IPC/read
x3005c0s25b0n0:42082:42193 [1] NCCL INFO Channel 03/0 : 29[46000] -> 28[7000] via P2P/IPC/read
x3004c0s37b0n0:49873:49982 [3] NCCL INFO Channel 00/0 : 3[c7000] -> 2[85000] via P2P/IPC/read
x3004c0s37b0n0:49873:49982 [3] NCCL INFO Channel 01/0 : 3[c7000] -> 2[85000] via P2P/IPC/read
x3005c0s37b0n0:45628:45739 [2] NCCL INFO Channel 01/0 : 46[85000] -> 45[46000] via P2P/IPC/read
x3005c0s19b1n0:33312:33416 [2] NCCL INFO Channel 01/0 : 18[85000] -> 17[46000] via P2P/IPC/read
x3004c0s37b0n0:49873:49982 [3] NCCL INFO Channel 02/0 : 3[c7000] -> 2[85000] via P2P/IPC/read
x3005c0s25b1n0:29732:29838 [3] NCCL INFO Channel 00/0 : 35[c7000] -> 34[85000] via P2P/IPC/read
x3004c0s37b0n0:49873:49982 [3] NCCL INFO Channel 03/0 : 3[c7000] -> 2[85000] via P2P/IPC/read
x3005c0s37b0n0:45628:45739 [2] NCCL INFO Channel 03/0 : 46[85000] -> 45[46000] via P2P/IPC/read
x3005c0s1b0n0:52060:52172 [1] NCCL INFO Channel 00/0 : 21[46000] -> 20[7000] via P2P/IPC/read
x3005c0s19b0n0:60324:60433 [3] NCCL INFO Channel 01/0 : 8[7000] -> 15[c7000] [receive] via NET/IB/0
x3004c0s37b0n0:49873:49982 [3] NCCL INFO Connected all rings
x3005c0s25b0n0:42079:42195 [0] NCCL INFO Connected all rings
x3005c0s25b0n0:42079:42195 [0] NCCL INFO Channel 00/0 : 28[7000] -> 29[46000] via P2P/IPC/read
x3005c0s25b0n0:42082:42193 [1] NCCL INFO Connected all rings
x3005c0s7b1n0:11738:11850 [3] NCCL INFO Channel 03/0 : 52[7000] -> 59[c7000] [receive] via NET/IB/0
x3005c0s19b1n0:33312:33416 [2] NCCL INFO Channel 03/0 : 18[85000] -> 17[46000] via P2P/IPC/read
x3005c0s1b0n0:52060:52172 [1] NCCL INFO Channel 01/0 : 21[46000] -> 20[7000] via P2P/IPC/read
x3006c0s13b0n0:50197:50311 [2] NCCL INFO Channel 01/0 : 62[85000] -> 61[46000] via P2P/IPC/read
x3004c0s37b0n0:49871:49981 [1] NCCL INFO Channel 00/0 : 1[46000] -> 0[7000] via P2P/IPC/read
x3004c0s37b0n0:49871:49981 [1] NCCL INFO Channel 01/0 : 1[46000] -> 0[7000] via P2P/IPC/read
x3004c0s37b0n0:49871:49981 [1] NCCL INFO Channel 02/0 : 1[46000] -> 0[7000] via P2P/IPC/read
x3004c0s7b0n0:58079:58191 [1] NCCL INFO Channel 03/0 : 5[46000] -> 4[7000] via P2P/IPC/read
x3004c0s37b0n0:49871:49981 [1] NCCL INFO Channel 03/0 : 1[46000] -> 0[7000] via P2P/IPC/read
x3005c0s1b1n0:4501:4654 [3] NCCL INFO Channel 00/0 : 27[c7000] -> 26[85000] via P2P/IPC/read
x3004c0s7b0n0:58080:58190 [2] NCCL INFO Channel 03/0 : 6[85000] -> 5[46000] via P2P/IPC/read
x3004c0s37b0n0:49872:49983 [2] NCCL INFO Connected all rings
x3005c0s7b0n0:53384:53493 [3] NCCL INFO Channel 02/0 : 55[c7000] -> 54[85000] via P2P/IPC/read
x3005c0s1b1n0:4501:4654 [3] NCCL INFO Channel 01/0 : 27[c7000] -> 26[85000] via P2P/IPC/read
x3005c0s25b1n0:29732:29838 [3] NCCL INFO Channel 01/0 : 35[c7000] -> 34[85000] via P2P/IPC/read
x3004c0s37b0n0:49872:49983 [2] NCCL INFO Channel 00/0 : 2[85000] -> 3[c7000] via P2P/IPC/read
x3004c0s37b0n0:49872:49983 [2] NCCL INFO Channel 01/0 : 2[85000] -> 3[c7000] via P2P/IPC/read
x3004c0s37b0n0:49872:49983 [2] NCCL INFO Channel 02/0 : 2[85000] -> 3[c7000] via P2P/IPC/read
x3004c0s37b0n0:49872:49983 [2] NCCL INFO Channel 03/0 : 2[85000] -> 3[c7000] via P2P/IPC/read
x3005c0s25b0n0:42079:42195 [0] NCCL INFO Channel 01/0 : 28[7000] -> 29[46000] via P2P/IPC/read
x3006c0s13b0n0:50198:50310 [3] NCCL INFO Channel 03/0 : 56[7000] -> 63[c7000] [receive] via NET/IB/0
x3006c0s13b0n0:50196:50313 [1] NCCL INFO Channel 02/0 : 61[46000] -> 60[7000] via P2P/IPC/read
x3006c0s13b0n0:50197:50311 [2] NCCL INFO Channel 03/0 : 62[85000] -> 61[46000] via P2P/IPC/read
x3005c0s25b0n0:42082:42193 [1] NCCL INFO Channel 00/0 : 29[46000] -> 30[85000] via P2P/IPC/read
x3006c0s13b0n0:50196:50313 [1] NCCL INFO Channel 03/0 : 61[46000] -> 60[7000] via P2P/IPC/read
x3005c0s1b0n0:52060:52172 [1] NCCL INFO Channel 02/0 : 21[46000] -> 20[7000] via P2P/IPC/read
x3006c0s13b0n0:50193:50312 [0] NCCL INFO Connected all rings
x3006c0s13b0n0:50193:50312 [0] NCCL INFO Channel 00/0 : 60[7000] -> 61[46000] via P2P/IPC/read
x3004c0s37b0n0:49873:49982 [3] NCCL INFO Connected all trees
x3004c0s37b0n0:49873:49982 [3] NCCL INFO NCCL_PROTO set by environment to Simple
x3004c0s37b0n0:49873:49982 [3] NCCL INFO NCCL_ALGO set by environment to Ring
x3004c0s37b0n0:49873:49982 [3] NCCL INFO threadThresholds 8/8/64 | 512/8/64 | 512 | 512
x3004c0s37b0n0:49873:49982 [3] NCCL INFO 4 coll channels, 4 p2p channels, 2 p2p channels per peer
x3005c0s7b1n0:11738:11850 [3] NCCL INFO Channel 00/0 : 59[c7000] -> 58[85000] via P2P/IPC/read
x3006c0s13b0n0:50193:50312 [0] NCCL INFO Channel 01/0 : 60[7000] -> 61[46000] via P2P/IPC/read
x3005c0s37b0n0:45629:45738 [3] NCCL INFO Channel 03/0 : 40[7000] -> 47[c7000] [receive] via NET/IB/0
x3004c0s7b0n0:58077:58192 [0] NCCL INFO Channel 03/0 : 4[7000] -> 11[c7000] [send] via NET/IB/0
x3005c0s13b1n0:34683:34794 [2] NCCL INFO Channel 03/0 : 10[85000] -> 9[46000] via P2P/IPC/read
x3005c0s7b1n0:11738:11850 [3] NCCL INFO Channel 01/0 : 59[c7000] -> 58[85000] via P2P/IPC/read
x3005c0s25b1n0:29731:29836 [2] NCCL INFO Channel 01/0 : 34[85000] -> 33[46000] via P2P/IPC/read
x3005c0s19b0n0:60322:60435 [1] NCCL INFO Channel 00/0 : 13[46000] -> 12[7000] via P2P/IPC/read
x3005c0s19b0n0:60322:60435 [1] NCCL INFO Channel 01/0 : 13[46000] -> 12[7000] via P2P/IPC/read
x3005c0s19b0n0:60322:60435 [1] NCCL INFO Channel 02/0 : 13[46000] -> 12[7000] via P2P/IPC/read
x3005c0s19b0n0:60322:60435 [1] NCCL INFO Channel 03/0 : 13[46000] -> 12[7000] via P2P/IPC/read
x3005c0s31b1n0:38115:38223 [1] NCCL INFO Channel 00/0 : 41[46000] -> 40[7000] via P2P/IPC/read
x3005c0s37b0n0:45625:45741 [0] NCCL INFO Channel 03/0 : 44[7000] -> 51[c7000] [send] via NET/IB/0
x3005c0s1b1n0:4501:4654 [3] NCCL INFO Channel 02/0 : 27[c7000] -> 26[85000] via P2P/IPC/read
x3005c0s7b1n0:11736:11852 [1] NCCL INFO Channel 03/0 : 57[46000] -> 56[7000] via P2P/IPC/read
x3005c0s31b0n0:36672:36785 [1] NCCL INFO Channel 01/0 : 37[46000] -> 36[7000] via P2P/IPC/read
x3006c0s13b0n0:50196:50313 [1] NCCL INFO Connected all rings
x3006c0s13b0n0:50193:50312 [0] NCCL INFO Channel 02/0 : 60[7000] -> 61[46000] via P2P/IPC/read
x3005c0s1b0n0:52063:52175 [3] NCCL INFO Channel 03/0 : 16[7000] -> 23[c7000] [receive] via NET/IB/0
x3005c0s31b1n0:38112:38226 [0] NCCL INFO Channel 03/0 : 40[7000] -> 47[c7000] [send] via NET/IB/0
x3006c0s13b0n0:50198:50310 [3] NCCL INFO Channel 00/0 : 63[c7000] -> 62[85000] via P2P/IPC/read
x3005c0s31b0n0:36672:36785 [1] NCCL INFO Channel 02/0 : 37[46000] -> 36[7000] via P2P/IPC/read
x3005c0s25b0n0:42079:42195 [0] NCCL INFO Channel 02/0 : 28[7000] -> 29[46000] via P2P/IPC/read
x3005c0s7b0n0:53384:53493 [3] NCCL INFO Channel 03/0 : 55[c7000] -> 54[85000] via P2P/IPC/read
x3005c0s25b1n0:29732:29838 [3] NCCL INFO Channel 02/0 : 35[c7000] -> 34[85000] via P2P/IPC/read
x3005c0s25b0n0:42084:42194 [3] NCCL INFO Channel 03/0 : 24[7000] -> 31[c7000] [receive] via NET/IB/0
x3005c0s37b1n0:31631:31742 [1] NCCL INFO Channel 00/0 : 49[46000] -> 48[7000] via P2P/IPC/read
x3005c0s25b0n0:42082:42193 [1] NCCL INFO Channel 01/0 : 29[46000] -> 30[85000] via P2P/IPC/read
x3006c0s13b0n0:50198:50310 [3] NCCL INFO Channel 01/0 : 63[c7000] -> 62[85000] via P2P/IPC/read
x3005c0s1b0n0:52063:52175 [3] NCCL INFO Channel 00/0 : 23[c7000] -> 22[85000] via P2P/IPC/read
x3005c0s1b1n0:4498:4656 [0] NCCL INFO Channel 03/0 : 24[7000] -> 31[c7000] [send] via NET/IB/0
x3005c0s25b1n0:29728:29837 [0] NCCL INFO Channel 03/0 : 32[7000] -> 39[c7000] [send] via NET/IB/0
x3005c0s1b0n0:52060:52172 [1] NCCL INFO Channel 03/0 : 21[46000] -> 20[7000] via P2P/IPC/read
x3005c0s1b0n0:52063:52175 [3] NCCL INFO Channel 01/0 : 23[c7000] -> 22[85000] via P2P/IPC/read
x3005c0s19b0n0:60319:60436 [0] NCCL INFO Channel 03/0 : 12[7000] -> 19[c7000] [send] via NET/IB/0
x3005c0s37b1n0:31633:31740 [3] NCCL INFO Channel 03/0 : 44[7000] -> 51[c7000] [receive] via NET/IB/0
x3005c0s19b1n0:33310:33419 [0] NCCL INFO Connected all rings
x3005c0s19b1n0:33310:33419 [0] NCCL INFO Channel 00/0 : 16[7000] -> 17[46000] via P2P/IPC/read
x3004c0s7b0n0:58081:58189 [3] NCCL INFO Channel 03/0 : 0[7000] -> 7[c7000] [receive] via NET/IB/0
x3004c0s37b0n0:49870:49978 [0] NCCL INFO Channel 03/0 : 0[7000] -> 7[c7000] [send] via NET/IB/0
x3005c0s19b1n0:33311:33417 [1] NCCL INFO Connected all rings
x3005c0s1b0n0:52063:52175 [3] NCCL INFO Channel 02/0 : 23[c7000] -> 22[85000] via P2P/IPC/read
x3005c0s1b0n0:52063:52175 [3] NCCL INFO Channel 03/0 : 23[c7000] -> 22[85000] via P2P/IPC/read
x3005c0s1b0n0:52063:52175 [3] NCCL INFO Connected all rings
x3005c0s25b1n0:29731:29836 [2] NCCL INFO Channel 03/0 : 34[85000] -> 33[46000] via P2P/IPC/read
x3005c0s37b0n0:45629:45738 [3] NCCL INFO Channel 00/0 : 47[c7000] -> 46[85000] via P2P/IPC/read
x3005c0s25b0n0:42079:42195 [0] NCCL INFO Channel 03/0 : 28[7000] -> 29[46000] via P2P/IPC/read
x3005c0s31b1n0:38115:38223 [1] NCCL INFO Channel 01/0 : 41[46000] -> 40[7000] via P2P/IPC/read
x3005c0s1b1n0:4501:4654 [3] NCCL INFO Channel 03/0 : 27[c7000] -> 26[85000] via P2P/IPC/read
x3005c0s37b0n0:45629:45738 [3] NCCL INFO Channel 01/0 : 47[c7000] -> 46[85000] via P2P/IPC/read
x3005c0s7b1n0:11738:11850 [3] NCCL INFO Channel 02/0 : 59[c7000] -> 58[85000] via P2P/IPC/read
x3006c0s13b0n0:50196:50313 [1] NCCL INFO Channel 00/0 : 61[46000] -> 62[85000] via P2P/IPC/read
x3005c0s7b1n0:11733:11849 [0] NCCL INFO Connected all rings
x3005c0s7b1n0:11733:11849 [0] NCCL INFO Channel 00/0 : 56[7000] -> 57[46000] via P2P/IPC/read
x3005c0s7b1n0:11736:11852 [1] NCCL INFO Connected all rings
x3006c0s13b0n0:50193:50312 [0] NCCL INFO Channel 03/0 : 60[7000] -> 61[46000] via P2P/IPC/read
x3005c0s37b1n0:31633:31740 [3] NCCL INFO Channel 00/0 : 51[c7000] -> 50[85000] via P2P/IPC/read
x3005c0s19b1n0:33310:33419 [0] NCCL INFO Channel 01/0 : 16[7000] -> 17[46000] via P2P/IPC/read
x3005c0s37b1n0:31633:31740 [3] NCCL INFO Channel 01/0 : 51[c7000] -> 50[85000] via P2P/IPC/read
x3005c0s19b1n0:33311:33417 [1] NCCL INFO Channel 00/0 : 17[46000] -> 18[85000] via P2P/IPC/read
x3004c0s7b0n0:58081:58189 [3] NCCL INFO Channel 00/0 : 7[c7000] -> 6[85000] via P2P/IPC/read
x3004c0s7b0n0:58081:58189 [3] NCCL INFO Channel 01/0 : 7[c7000] -> 6[85000] via P2P/IPC/read
x3004c0s7b0n0:58081:58189 [3] NCCL INFO Channel 02/0 : 7[c7000] -> 6[85000] via P2P/IPC/read
x3004c0s7b0n0:58081:58189 [3] NCCL INFO Channel 03/0 : 7[c7000] -> 6[85000] via P2P/IPC/read
x3005c0s31b1n0:38117:38224 [3] NCCL INFO Channel 03/0 : 36[7000] -> 43[c7000] [receive] via NET/IB/0
x3005c0s1b1n0:4498:4656 [0] NCCL INFO Connected all rings
x3005c0s1b1n0:4498:4656 [0] NCCL INFO Channel 00/0 : 24[7000] -> 25[46000] via P2P/IPC/read
x3005c0s37b0n0:45625:45741 [0] NCCL INFO Connected all rings
x3005c0s37b0n0:45625:45741 [0] NCCL INFO Channel 00/0 : 44[7000] -> 45[46000] via P2P/IPC/read
x3005c0s37b0n0:45629:45738 [3] NCCL INFO Channel 02/0 : 47[c7000] -> 46[85000] via P2P/IPC/read
x3004c0s37b0n0:49870:49978 [0] NCCL INFO Connected all rings
x3004c0s37b0n0:49870:49978 [0] NCCL INFO Channel 00/0 : 0[7000] -> 1[46000] via P2P/IPC/read
x3005c0s1b1n0:4499:4655 [1] NCCL INFO Connected all rings
x3005c0s37b0n0:45625:45741 [0] NCCL INFO Channel 01/0 : 44[7000] -> 45[46000] via P2P/IPC/read
x3005c0s37b0n0:45627:45740 [1] NCCL INFO Connected all rings
x3004c0s7b0n0:58081:58189 [3] NCCL INFO Connected all rings
x3004c0s37b0n0:49871:49981 [1] NCCL INFO Connected all rings
x3004c0s7b0n0:58080:58190 [2] NCCL INFO Connected all rings
x3004c0s37b0n0:49871:49981 [1] NCCL INFO Channel 00/0 : 1[46000] -> 2[85000] via P2P/IPC/read
x3004c0s37b0n0:49871:49981 [1] NCCL INFO Channel 01/0 : 1[46000] -> 2[85000] via P2P/IPC/read
x3005c0s7b1n0:11733:11849 [0] NCCL INFO Channel 01/0 : 56[7000] -> 57[46000] via P2P/IPC/read
x3004c0s37b0n0:49871:49981 [1] NCCL INFO Channel 02/0 : 1[46000] -> 2[85000] via P2P/IPC/read
x3005c0s31b0n0:36674:36788 [3] NCCL INFO Channel 00/0 : 39[c7000] -> 38[85000] via P2P/IPC/read
x3004c0s37b0n0:49871:49981 [1] NCCL INFO Channel 03/0 : 1[46000] -> 2[85000] via P2P/IPC/read
x3005c0s25b1n0:29728:29837 [0] NCCL INFO Connected all rings
x3005c0s25b1n0:29728:29837 [0] NCCL INFO Channel 00/0 : 32[7000] -> 33[46000] via P2P/IPC/read
x3005c0s31b0n0:36674:36788 [3] NCCL INFO Channel 01/0 : 39[c7000] -> 38[85000] via P2P/IPC/read
x3005c0s31b0n0:36672:36785 [1] NCCL INFO Channel 03/0 : 37[46000] -> 36[7000] via P2P/IPC/read
x3005c0s25b1n0:29732:29838 [3] NCCL INFO Channel 03/0 : 35[c7000] -> 34[85000] via P2P/IPC/read
x3004c0s37b0n0:49872:49983 [2] NCCL INFO Channel 00/0 : 2[85000] -> 1[46000] via P2P/IPC/read
x3005c0s19b0n0:60324:60433 [3] NCCL INFO Channel 03/0 : 8[7000] -> 15[c7000] [receive] via NET/IB/0
x3005c0s37b1n0:31633:31740 [3] NCCL INFO Channel 02/0 : 51[c7000] -> 50[85000] via P2P/IPC/read
x3005c0s37b1n0:31631:31742 [1] NCCL INFO Channel 01/0 : 49[46000] -> 48[7000] via P2P/IPC/read
x3005c0s25b0n0:42082:42193 [1] NCCL INFO Channel 02/0 : 29[46000] -> 30[85000] via P2P/IPC/read
x3005c0s37b1n0:31631:31742 [1] NCCL INFO Channel 02/0 : 49[46000] -> 48[7000] via P2P/IPC/read
x3004c0s37b0n0:49872:49983 [2] NCCL INFO Channel 02/0 : 2[85000] -> 1[46000] via P2P/IPC/read
x3006c0s13b0n0:50198:50310 [3] NCCL INFO Channel 02/0 : 63[c7000] -> 62[85000] via P2P/IPC/read
x3005c0s1b1n0:4498:4656 [0] NCCL INFO Channel 01/0 : 24[7000] -> 25[46000] via P2P/IPC/read
x3005c0s25b1n0:29728:29837 [0] NCCL INFO Channel 01/0 : 32[7000] -> 33[46000] via P2P/IPC/read
x3005c0s7b0n0:53381:53492 [0] NCCL INFO Connected all rings
x3005c0s7b0n0:53381:53492 [0] NCCL INFO Channel 00/0 : 52[7000] -> 53[46000] via P2P/IPC/read
x3005c0s7b0n0:53384:53493 [3] NCCL INFO Connected all rings
x3005c0s13b1n0:34684:34796 [3] NCCL INFO Channel 03/0 : 4[7000] -> 11[c7000] [receive] via NET/IB/0
x3004c0s37b0n0:49870:49978 [0] NCCL INFO Channel 01/0 : 0[7000] -> 1[46000] via P2P/IPC/read
x3005c0s37b0n0:45625:45741 [0] NCCL INFO Channel 02/0 : 44[7000] -> 45[46000] via P2P/IPC/read
x3005c0s7b0n0:53382:53490 [1] NCCL INFO Connected all rings
x3005c0s1b0n0:52058:52174 [0] NCCL INFO Connected all rings
x3005c0s1b0n0:52058:52174 [0] NCCL INFO Channel 00/0 : 20[7000] -> 21[46000] via P2P/IPC/read
x3005c0s19b1n0:33311:33417 [1] NCCL INFO Channel 01/0 : 17[46000] -> 18[85000] via P2P/IPC/read
x3005c0s19b1n0:33311:33417 [1] NCCL INFO Channel 02/0 : 17[46000] -> 18[85000] via P2P/IPC/read
x3005c0s19b1n0:33311:33417 [1] NCCL INFO Channel 03/0 : 17[46000] -> 18[85000] via P2P/IPC/read
x3005c0s31b1n0:38115:38223 [1] NCCL INFO Channel 02/0 : 41[46000] -> 40[7000] via P2P/IPC/read
x3005c0s25b1n0:29730:29839 [1] NCCL INFO Connected all rings
x3005c0s7b1n0:11738:11850 [3] NCCL INFO Channel 03/0 : 59[c7000] -> 58[85000] via P2P/IPC/read
x3005c0s1b0n0:52062:52173 [2] NCCL INFO Connected all rings
x3005c0s1b0n0:52060:52172 [1] NCCL INFO Connected all rings
x3005c0s31b0n0:36674:36788 [3] NCCL INFO Channel 02/0 : 39[c7000] -> 38[85000] via P2P/IPC/read
x3005c0s25b0n0:42084:42194 [3] NCCL INFO Channel 00/0 : 31[c7000] -> 30[85000] via P2P/IPC/read
x3006c0s13b0n0:50196:50313 [1] NCCL INFO Channel 01/0 : 61[46000] -> 62[85000] via P2P/IPC/read
x3005c0s1b1n0:4501:4654 [3] NCCL INFO Connected all rings
x3004c0s7b0n0:58080:58190 [2] NCCL INFO Channel 00/0 : 6[85000] -> 7[c7000] via P2P/IPC/read
x3005c0s1b1n0:4500:4653 [2] NCCL INFO Connected all rings
x3005c0s7b1n0:11736:11852 [1] NCCL INFO Channel 00/0 : 57[46000] -> 58[85000] via P2P/IPC/read
x3005c0s25b0n0:42084:42194 [3] NCCL INFO Channel 01/0 : 31[c7000] -> 30[85000] via P2P/IPC/read
x3005c0s31b1n0:38117:38224 [3] NCCL INFO Channel 00/0 : 43[c7000] -> 42[85000] via P2P/IPC/read
x3005c0s13b1n0:34678:34795 [0] NCCL INFO Connected all rings
x3005c0s13b1n0:34678:34795 [0] NCCL INFO Channel 00/0 : 8[7000] -> 9[46000] via P2P/IPC/read
x3005c0s7b0n0:53383:53491 [2] NCCL INFO Connected all rings
x3005c0s31b1n0:38117:38224 [3] NCCL INFO Channel 01/0 : 43[c7000] -> 42[85000] via P2P/IPC/read
x3005c0s13b1n0:34682:34793 [1] NCCL INFO Connected all rings
x3005c0s13b1n0:34684:34796 [3] NCCL INFO Channel 00/0 : 11[c7000] -> 10[85000] via P2P/IPC/read
x3005c0s19b1n0:33313:33418 [3] NCCL INFO Channel 00/0 : 19[c7000] -> 18[85000] via P2P/IPC/read
x3005c0s19b1n0:33313:33418 [3] NCCL INFO Channel 01/0 : 19[c7000] -> 18[85000] via P2P/IPC/read
x3005c0s1b0n0:52058:52174 [0] NCCL INFO Channel 01/0 : 20[7000] -> 21[46000] via P2P/IPC/read
x3004c0s7b0n0:58077:58192 [0] NCCL INFO Connected all rings
x3004c0s7b0n0:58077:58192 [0] NCCL INFO Channel 00/0 : 4[7000] -> 5[46000] via P2P/IPC/read
x3005c0s13b1n0:34684:34796 [3] NCCL INFO Channel 01/0 : 11[c7000] -> 10[85000] via P2P/IPC/read
x3004c0s7b0n0:58079:58191 [1] NCCL INFO Connected all rings
x3005c0s37b0n0:45629:45738 [3] NCCL INFO Channel 03/0 : 47[c7000] -> 46[85000] via P2P/IPC/read
x3005c0s19b0n0:60319:60436 [0] NCCL INFO Connected all rings
x3005c0s19b0n0:60319:60436 [0] NCCL INFO Channel 00/0 : 12[7000] -> 13[46000] via P2P/IPC/read
x3005c0s1b1n0:4499:4655 [1] NCCL INFO Channel 00/0 : 25[46000] -> 26[85000] via P2P/IPC/read
x3005c0s31b0n0:36670:36786 [0] NCCL INFO Connected all rings
x3005c0s31b0n0:36670:36786 [0] NCCL INFO Channel 00/0 : 36[7000] -> 37[46000] via P2P/IPC/read
x3005c0s19b1n0:33310:33419 [0] NCCL INFO Channel 02/0 : 16[7000] -> 17[46000] via P2P/IPC/read
x3005c0s31b0n0:36672:36785 [1] NCCL INFO Connected all rings
x3005c0s7b1n0:11733:11849 [0] NCCL INFO Channel 02/0 : 56[7000] -> 57[46000] via P2P/IPC/read
x3005c0s1b1n0:4500:4653 [2] NCCL INFO Channel 00/0 : 26[85000] -> 27[c7000] via P2P/IPC/read
x3005c0s25b0n0:42084:42194 [3] NCCL INFO Channel 02/0 : 31[c7000] -> 30[85000] via P2P/IPC/read
x3005c0s13b1n0:34678:34795 [0] NCCL INFO Channel 01/0 : 8[7000] -> 9[46000] via P2P/IPC/read
x3004c0s7b0n0:58080:58190 [2] NCCL INFO Channel 01/0 : 6[85000] -> 7[c7000] via P2P/IPC/read
x3005c0s31b0n0:36670:36786 [0] NCCL INFO Channel 01/0 : 36[7000] -> 37[46000] via P2P/IPC/read
x3005c0s37b1n0:31631:31742 [1] NCCL INFO Channel 03/0 : 49[46000] -> 48[7000] via P2P/IPC/read
x3005c0s25b0n0:42082:42193 [1] NCCL INFO Channel 03/0 : 29[46000] -> 30[85000] via P2P/IPC/read
x3005c0s37b1n0:31633:31740 [3] NCCL INFO Channel 03/0 : 51[c7000] -> 50[85000] via P2P/IPC/read
x3005c0s7b0n0:53381:53492 [0] NCCL INFO Channel 01/0 : 52[7000] -> 53[46000] via P2P/IPC/read
x3004c0s7b0n0:58077:58192 [0] NCCL INFO Channel 01/0 : 4[7000] -> 5[46000] via P2P/IPC/read
x3005c0s13b1n0:34684:34796 [3] NCCL INFO Channel 02/0 : 11[c7000] -> 10[85000] via P2P/IPC/read
x3006c0s13b0n0:50198:50310 [3] NCCL INFO Channel 03/0 : 63[c7000] -> 62[85000] via P2P/IPC/read
x3005c0s31b0n0:36674:36788 [3] NCCL INFO Channel 03/0 : 39[c7000] -> 38[85000] via P2P/IPC/read
x3005c0s31b1n0:38117:38224 [3] NCCL INFO Channel 02/0 : 43[c7000] -> 42[85000] via P2P/IPC/read
x3005c0s1b1n0:4498:4656 [0] NCCL INFO Channel 02/0 : 24[7000] -> 25[46000] via P2P/IPC/read
x3005c0s25b1n0:29732:29838 [3] NCCL INFO Connected all rings
x3005c0s37b1n0:31633:31740 [3] NCCL INFO Connected all rings
x3005c0s25b1n0:29728:29837 [0] NCCL INFO Channel 02/0 : 32[7000] -> 33[46000] via P2P/IPC/read
x3005c0s25b1n0:29731:29836 [2] NCCL INFO Connected all rings
x3005c0s19b0n0:60324:60433 [3] NCCL INFO Channel 00/0 : 15[c7000] -> 14[85000] via P2P/IPC/read
x3005c0s25b1n0:29728:29837 [0] NCCL INFO Channel 03/0 : 32[7000] -> 33[46000] via P2P/IPC/read
x3005c0s19b0n0:60324:60433 [3] NCCL INFO Channel 01/0 : 15[c7000] -> 14[85000] via P2P/IPC/read
x3005c0s19b0n0:60319:60436 [0] NCCL INFO Channel 01/0 : 12[7000] -> 13[46000] via P2P/IPC/read
x3005c0s19b0n0:60319:60436 [0] NCCL INFO Channel 02/0 : 12[7000] -> 13[46000] via P2P/IPC/read
x3005c0s37b0n0:45625:45741 [0] NCCL INFO Channel 03/0 : 44[7000] -> 45[46000] via P2P/IPC/read
x3005c0s31b0n0:36674:36788 [3] NCCL INFO Connected all rings
x3004c0s37b0n0:49870:49978 [0] NCCL INFO Channel 02/0 : 0[7000] -> 1[46000] via P2P/IPC/read
x3005c0s31b0n0:36673:36787 [2] NCCL INFO Connected all rings
x3005c0s13b1n0:34678:34795 [0] NCCL INFO Channel 02/0 : 8[7000] -> 9[46000] via P2P/IPC/read
x3005c0s13b1n0:34678:34795 [0] NCCL INFO Channel 03/0 : 8[7000] -> 9[46000] via P2P/IPC/read
x3005c0s7b0n0:53383:53491 [2] NCCL INFO Channel 00/0 : 54[85000] -> 55[c7000] via P2P/IPC/read
x3005c0s7b0n0:53383:53491 [2] NCCL INFO Channel 01/0 : 54[85000] -> 55[c7000] via P2P/IPC/read
x3005c0s7b0n0:53383:53491 [2] NCCL INFO Channel 02/0 : 54[85000] -> 55[c7000] via P2P/IPC/read
x3005c0s7b0n0:53383:53491 [2] NCCL INFO Channel 03/0 : 54[85000] -> 55[c7000] via P2P/IPC/read
x3005c0s1b0n0:52060:52172 [1] NCCL INFO Channel 00/0 : 21[46000] -> 22[85000] via P2P/IPC/read
x3005c0s37b1n0:31629:31743 [0] NCCL INFO Connected all rings
x3005c0s37b1n0:31629:31743 [0] NCCL INFO Channel 00/0 : 48[7000] -> 49[46000] via P2P/IPC/read
x3005c0s7b0n0:53384:53493 [3] NCCL INFO Connected all trees
x3005c0s7b0n0:53384:53493 [3] NCCL INFO NCCL_PROTO set by environment to Simple
x3005c0s7b0n0:53384:53493 [3] NCCL INFO NCCL_ALGO set by environment to Ring
x3005c0s7b0n0:53384:53493 [3] NCCL INFO threadThresholds 8/8/64 | 512/8/64 | 512 | 512
x3005c0s7b0n0:53384:53493 [3] NCCL INFO 4 coll channels, 4 p2p channels, 2 p2p channels per peer
x3004c0s7b0n0:58077:58192 [0] NCCL INFO Channel 02/0 : 4[7000] -> 5[46000] via P2P/IPC/read
x3005c0s31b1n0:38115:38223 [1] NCCL INFO Channel 03/0 : 41[46000] -> 40[7000] via P2P/IPC/read
x3005c0s19b1n0:33310:33419 [0] NCCL INFO Channel 03/0 : 16[7000] -> 17[46000] via P2P/IPC/read
x3005c0s7b0n0:53382:53490 [1] NCCL INFO Channel 00/0 : 53[46000] -> 54[85000] via P2P/IPC/read
x3005c0s7b0n0:53382:53490 [1] NCCL INFO Channel 01/0 : 53[46000] -> 54[85000] via P2P/IPC/read
x3005c0s37b1n0:31629:31743 [0] NCCL INFO Channel 01/0 : 48[7000] -> 49[46000] via P2P/IPC/read
x3005c0s7b0n0:53382:53490 [1] NCCL INFO Channel 02/0 : 53[46000] -> 54[85000] via P2P/IPC/read
x3005c0s19b0n0:60322:60435 [1] NCCL INFO Connected all rings
x3005c0s37b1n0:31632:31741 [2] NCCL INFO Connected all rings
x3005c0s7b0n0:53382:53490 [1] NCCL INFO Channel 03/0 : 53[46000] -> 54[85000] via P2P/IPC/read
x3005c0s37b1n0:31631:31742 [1] NCCL INFO Connected all rings
x3005c0s19b1n0:33313:33418 [3] NCCL INFO Channel 02/0 : 19[c7000] -> 18[85000] via P2P/IPC/read
x3005c0s13b1n0:34682:34793 [1] NCCL INFO Channel 00/0 : 9[46000] -> 10[85000] via P2P/IPC/read
x3005c0s7b1n0:11738:11850 [3] NCCL INFO Connected all rings
x3006c0s13b0n0:50196:50313 [1] NCCL INFO Channel 02/0 : 61[46000] -> 62[85000] via P2P/IPC/read
x3005c0s7b1n0:11736:11852 [1] NCCL INFO Channel 01/0 : 57[46000] -> 58[85000] via P2P/IPC/read
x3005c0s7b1n0:11737:11851 [2] NCCL INFO Connected all rings
x3005c0s7b1n0:11736:11852 [1] NCCL INFO Channel 02/0 : 57[46000] -> 58[85000] via P2P/IPC/read
x3005c0s7b0n0:53383:53491 [2] NCCL INFO Channel 00/0 : 54[85000] -> 53[46000] via P2P/IPC/read
x3005c0s7b1n0:11737:11851 [2] NCCL INFO Channel 00/0 : 58[85000] -> 59[c7000] via P2P/IPC/read
x3005c0s7b1n0:11737:11851 [2] NCCL INFO Channel 01/0 : 58[85000] -> 59[c7000] via P2P/IPC/read
x3005c0s19b0n0:60324:60433 [3] NCCL INFO Channel 02/0 : 15[c7000] -> 14[85000] via P2P/IPC/read
x3005c0s7b1n0:11737:11851 [2] NCCL INFO Channel 02/0 : 58[85000] -> 59[c7000] via P2P/IPC/read
x3005c0s7b0n0:53383:53491 [2] NCCL INFO Channel 02/0 : 54[85000] -> 53[46000] via P2P/IPC/read
x3005c0s7b1n0:11737:11851 [2] NCCL INFO Channel 03/0 : 58[85000] -> 59[c7000] via P2P/IPC/read
x3004c0s7b0n0:58079:58191 [1] NCCL INFO Channel 00/0 : 5[46000] -> 6[85000] via P2P/IPC/read
x3004c0s7b0n0:58079:58191 [1] NCCL INFO Channel 01/0 : 5[46000] -> 6[85000] via P2P/IPC/read
x3004c0s7b0n0:58079:58191 [1] NCCL INFO Channel 02/0 : 5[46000] -> 6[85000] via P2P/IPC/read
x3004c0s7b0n0:58079:58191 [1] NCCL INFO Channel 03/0 : 5[46000] -> 6[85000] via P2P/IPC/read
x3005c0s1b0n0:52058:52174 [0] NCCL INFO Channel 02/0 : 20[7000] -> 21[46000] via P2P/IPC/read
x3004c0s7b0n0:58080:58190 [2] NCCL INFO Channel 02/0 : 6[85000] -> 7[c7000] via P2P/IPC/read
x3004c0s7b0n0:58080:58190 [2] NCCL INFO Channel 03/0 : 6[85000] -> 7[c7000] via P2P/IPC/read
x3005c0s1b1n0:4499:4655 [1] NCCL INFO Channel 01/0 : 25[46000] -> 26[85000] via P2P/IPC/read
x3005c0s13b1n0:34682:34793 [1] NCCL INFO Channel 01/0 : 9[46000] -> 10[85000] via P2P/IPC/read
x3005c0s37b0n0:45629:45738 [3] NCCL INFO Connected all rings
x3005c0s7b1n0:11733:11849 [0] NCCL INFO Channel 03/0 : 56[7000] -> 57[46000] via P2P/IPC/read
x3005c0s37b1n0:31632:31741 [2] NCCL INFO Channel 00/0 : 50[85000] -> 51[c7000] via P2P/IPC/read
x3005c0s25b1n0:29730:29839 [1] NCCL INFO Channel 00/0 : 33[46000] -> 34[85000] via P2P/IPC/read
x3005c0s25b1n0:29730:29839 [1] NCCL INFO Channel 01/0 : 33[46000] -> 34[85000] via P2P/IPC/read
x3005c0s37b0n0:45628:45739 [2] NCCL INFO Connected all rings
x3005c0s25b1n0:29730:29839 [1] NCCL INFO Channel 02/0 : 33[46000] -> 34[85000] via P2P/IPC/read
x3005c0s25b1n0:29730:29839 [1] NCCL INFO Channel 03/0 : 33[46000] -> 34[85000] via P2P/IPC/read
x3005c0s19b1n0:33313:33418 [3] NCCL INFO Channel 03/0 : 19[c7000] -> 18[85000] via P2P/IPC/read
x3005c0s31b0n0:36672:36785 [1] NCCL INFO Channel 00/0 : 37[46000] -> 38[85000] via P2P/IPC/read
x3005c0s31b0n0:36672:36785 [1] NCCL INFO Channel 01/0 : 37[46000] -> 38[85000] via P2P/IPC/read
x3005c0s31b0n0:36672:36785 [1] NCCL INFO Channel 02/0 : 37[46000] -> 38[85000] via P2P/IPC/read
x3005c0s31b0n0:36672:36785 [1] NCCL INFO Channel 03/0 : 37[46000] -> 38[85000] via P2P/IPC/read
x3005c0s37b0n0:45628:45739 [2] NCCL INFO Channel 00/0 : 46[85000] -> 47[c7000] via P2P/IPC/read
x3005c0s37b0n0:45628:45739 [2] NCCL INFO Channel 01/0 : 46[85000] -> 47[c7000] via P2P/IPC/read
x3005c0s31b0n0:36673:36787 [2] NCCL INFO Channel 00/0 : 38[85000] -> 39[c7000] via P2P/IPC/read
x3005c0s25b0n0:42084:42194 [3] NCCL INFO Channel 03/0 : 31[c7000] -> 30[85000] via P2P/IPC/read
x3005c0s37b0n0:45628:45739 [2] NCCL INFO Channel 02/0 : 46[85000] -> 47[c7000] via P2P/IPC/read
x3005c0s1b0n0:52062:52173 [2] NCCL INFO Channel 00/0 : 22[85000] -> 23[c7000] via P2P/IPC/read
x3005c0s31b0n0:36670:36786 [0] NCCL INFO Channel 02/0 : 36[7000] -> 37[46000] via P2P/IPC/read
x3004c0s7b0n0:58081:58189 [3] NCCL INFO Connected all trees
x3004c0s7b0n0:58081:58189 [3] NCCL INFO NCCL_PROTO set by environment to Simple
x3004c0s7b0n0:58081:58189 [3] NCCL INFO NCCL_ALGO set by environment to Ring
x3004c0s7b0n0:58081:58189 [3] NCCL INFO threadThresholds 8/8/64 | 512/8/64 | 512 | 512
x3004c0s7b0n0:58081:58189 [3] NCCL INFO 4 coll channels, 4 p2p channels, 2 p2p channels per peer
x3005c0s7b0n0:53381:53492 [0] NCCL INFO Channel 02/0 : 52[7000] -> 53[46000] via P2P/IPC/read
x3005c0s25b1n0:29731:29836 [2] NCCL INFO Channel 00/0 : 34[85000] -> 35[c7000] via P2P/IPC/read
x3005c0s13b1n0:34684:34796 [3] NCCL INFO Channel 03/0 : 11[c7000] -> 10[85000] via P2P/IPC/read
x3005c0s7b0n0:53381:53492 [0] NCCL INFO Channel 03/0 : 52[7000] -> 53[46000] via P2P/IPC/read
x3005c0s25b1n0:29731:29836 [2] NCCL INFO Channel 01/0 : 34[85000] -> 35[c7000] via P2P/IPC/read
x3005c0s25b1n0:29731:29836 [2] NCCL INFO Channel 02/0 : 34[85000] -> 35[c7000] via P2P/IPC/read
x3005c0s31b1n0:38117:38224 [3] NCCL INFO Channel 03/0 : 43[c7000] -> 42[85000] via P2P/IPC/read
x3004c0s7b0n0:58080:58190 [2] NCCL INFO Channel 00/0 : 6[85000] -> 5[46000] via P2P/IPC/read
x3005c0s25b1n0:29731:29836 [2] NCCL INFO Channel 03/0 : 34[85000] -> 35[c7000] via P2P/IPC/read
x3005c0s1b1n0:4500:4653 [2] NCCL INFO Channel 01/0 : 26[85000] -> 27[c7000] via P2P/IPC/read
x3005c0s1b1n0:4500:4653 [2] NCCL INFO Channel 02/0 : 26[85000] -> 27[c7000] via P2P/IPC/read
x3004c0s7b0n0:58080:58190 [2] NCCL INFO Channel 02/0 : 6[85000] -> 5[46000] via P2P/IPC/read
x3005c0s37b0n0:45627:45740 [1] NCCL INFO Channel 00/0 : 45[46000] -> 46[85000] via P2P/IPC/read
x3005c0s25b0n0:42079:42195 [0] NCCL INFO Channel 00/0 : 24[7000] -> 28[7000] [receive] via NET/IB/1
x3005c0s1b1n0:4500:4653 [2] NCCL INFO Channel 03/0 : 26[85000] -> 27[c7000] via P2P/IPC/read
x3005c0s37b0n0:45627:45740 [1] NCCL INFO Channel 01/0 : 45[46000] -> 46[85000] via P2P/IPC/read
x3005c0s1b1n0:4498:4656 [0] NCCL INFO Channel 03/0 : 24[7000] -> 25[46000] via P2P/IPC/read
x3005c0s37b0n0:45627:45740 [1] NCCL INFO Channel 02/0 : 45[46000] -> 46[85000] via P2P/IPC/read
x3005c0s37b1n0:31629:31743 [0] NCCL INFO Channel 02/0 : 48[7000] -> 49[46000] via P2P/IPC/read
x3005c0s37b0n0:45627:45740 [1] NCCL INFO Channel 03/0 : 45[46000] -> 46[85000] via P2P/IPC/read
x3005c0s25b1n0:29732:29838 [3] NCCL INFO Connected all trees
x3005c0s25b1n0:29732:29838 [3] NCCL INFO NCCL_PROTO set by environment to Simple
x3005c0s25b1n0:29732:29838 [3] NCCL INFO NCCL_ALGO set by environment to Ring
x3005c0s25b1n0:29732:29838 [3] NCCL INFO threadThresholds 8/8/64 | 512/8/64 | 512 | 512
x3005c0s25b1n0:29732:29838 [3] NCCL INFO 4 coll channels, 4 p2p channels, 2 p2p channels per peer
x3005c0s19b0n0:60319:60436 [0] NCCL INFO Channel 03/0 : 12[7000] -> 13[46000] via P2P/IPC/read
x3005c0s1b1n0:4499:4655 [1] NCCL INFO Channel 02/0 : 25[46000] -> 26[85000] via P2P/IPC/read
x3005c0s1b1n0:4499:4655 [1] NCCL INFO Channel 03/0 : 25[46000] -> 26[85000] via P2P/IPC/read
x3006c0s13b0n0:50198:50310 [3] NCCL INFO Connected all rings
x3006c0s13b0n0:50197:50311 [2] NCCL INFO Connected all rings
x3005c0s7b0n0:53382:53490 [1] NCCL INFO Channel 02/0 : 53[46000] -> 56[7000] [send] via NET/IB/1
x3005c0s7b0n0:53382:53490 [1] NCCL INFO Channel 03/0 : 53[46000] -> 56[7000] [send] via NET/IB/0
x3004c0s37b0n0:49870:49978 [0] NCCL INFO Channel 03/0 : 0[7000] -> 1[46000] via P2P/IPC/read
x3005c0s1b0n0:52060:52172 [1] NCCL INFO Channel 01/0 : 21[46000] -> 22[85000] via P2P/IPC/read
x3005c0s19b0n0:60322:60435 [1] NCCL INFO Channel 00/0 : 13[46000] -> 14[85000] via P2P/IPC/read
x3005c0s37b1n0:31631:31742 [1] NCCL INFO Channel 00/0 : 49[46000] -> 50[85000] via P2P/IPC/read
x3004c0s7b0n0:58077:58192 [0] NCCL INFO Channel 03/0 : 4[7000] -> 5[46000] via P2P/IPC/read
x3005c0s1b0n0:52062:52173 [2] NCCL INFO Channel 01/0 : 22[85000] -> 23[c7000] via P2P/IPC/read
x3005c0s31b0n0:36670:36786 [0] NCCL INFO Channel 03/0 : 36[7000] -> 37[46000] via P2P/IPC/read
x3005c0s1b0n0:52062:52173 [2] NCCL INFO Channel 02/0 : 22[85000] -> 23[c7000] via P2P/IPC/read
x3005c0s1b0n0:52062:52173 [2] NCCL INFO Channel 03/0 : 22[85000] -> 23[c7000] via P2P/IPC/read
x3005c0s7b1n0:11738:11850 [3] NCCL INFO Connected all trees
x3005c0s7b1n0:11738:11850 [3] NCCL INFO NCCL_PROTO set by environment to Simple
x3005c0s7b1n0:11738:11850 [3] NCCL INFO NCCL_ALGO set by environment to Ring
x3005c0s7b1n0:11738:11850 [3] NCCL INFO threadThresholds 8/8/64 | 512/8/64 | 512 | 512
x3005c0s7b1n0:11738:11850 [3] NCCL INFO 4 coll channels, 4 p2p channels, 2 p2p channels per peer
x3006c0s13b0n0:50196:50313 [1] NCCL INFO Channel 03/0 : 61[46000] -> 62[85000] via P2P/IPC/read
x3005c0s31b1n0:38112:38226 [0] NCCL INFO Connected all rings
x3005c0s31b1n0:38112:38226 [0] NCCL INFO Channel 00/0 : 40[7000] -> 41[46000] via P2P/IPC/read
x3005c0s25b1n0:29731:29836 [2] NCCL INFO Channel 00/0 : 34[85000] -> 33[46000] via P2P/IPC/read
x3005c0s7b1n0:11736:11852 [1] NCCL INFO Channel 03/0 : 57[46000] -> 58[85000] via P2P/IPC/read
x3004c0s7b0n0:58079:58191 [1] NCCL INFO Channel 02/0 : 5[46000] -> 8[7000] [send] via NET/IB/1
x3005c0s25b1n0:29730:29839 [1] NCCL INFO Channel 00/0 : 16[7000] -> 33[46000] [receive] via NET/IB/1
x3004c0s7b0n0:58079:58191 [1] NCCL INFO Channel 03/0 : 5[46000] -> 8[7000] [send] via NET/IB/0
x3005c0s1b0n0:52063:52175 [3] NCCL INFO Connected all trees
x3005c0s1b0n0:52063:52175 [3] NCCL INFO NCCL_PROTO set by environment to Simple
x3005c0s1b0n0:52063:52175 [3] NCCL INFO NCCL_ALGO set by environment to Ring
x3005c0s1b0n0:52063:52175 [3] NCCL INFO threadThresholds 8/8/64 | 512/8/64 | 512 | 512
x3005c0s1b0n0:52063:52175 [3] NCCL INFO 4 coll channels, 4 p2p channels, 2 p2p channels per peer
