x3004c0s37b0n0:55808:55808 [1] NCCL INFO NET/IB : Using [0]mlx5_0:1/RoCE [1]mlx5_1:1/RoCE [RO]; OOB bond0:10.140.57.66<0>
x3004c0s37b0n0:55808:55808 [1] NCCL INFO Using network IB
x3004c0s37b0n0:55809:55809 [2] NCCL INFO NET/IB : Using [0]mlx5_0:1/RoCE [1]mlx5_1:1/RoCE [RO]; OOB bond0:10.140.57.66<0>
x3004c0s37b0n0:55809:55809 [2] NCCL INFO Using network IB
x3004c0s37b0n0:55810:55810 [3] NCCL INFO NET/IB : Using [0]mlx5_0:1/RoCE [1]mlx5_1:1/RoCE [RO]; OOB bond0:10.140.57.66<0>
x3004c0s37b0n0:55810:55810 [3] NCCL INFO Using network IB
x3005c0s1b0n0:57543:57543 [1] NCCL INFO NET/IB : Using [0]mlx5_0:1/RoCE [1]mlx5_1:1/RoCE [RO]; OOB bond0:10.140.57.65<0>
x3005c0s1b0n0:57543:57543 [1] NCCL INFO Using network IB
x3004c0s37b1n0:8549:8549 [2] NCCL INFO Bootstrap : Using bond0:10.140.57.67<0>
x3004c0s37b1n0:8549:8549 [2] NCCL INFO NET/Plugin : No plugin found (libnccl-net.so), using internal implementation
x3004c0s37b1n0:8550:8550 [3] NCCL INFO Bootstrap : Using bond0:10.140.57.67<0>
x3004c0s37b1n0:8550:8550 [3] NCCL INFO NET/Plugin : No plugin found (libnccl-net.so), using internal implementation
x3005c0s1b0n0:57544:57544 [2] NCCL INFO Bootstrap : Using bond0:10.140.57.65<0>
x3005c0s1b0n0:57544:57544 [2] NCCL INFO NET/Plugin : No plugin found (libnccl-net.so), using internal implementation
x3004c0s37b1n0:8548:8548 [1] NCCL INFO Bootstrap : Using bond0:10.140.57.67<0>
x3004c0s37b1n0:8547:8547 [0] NCCL INFO Bootstrap : Using bond0:10.140.57.67<0>
x3004c0s37b1n0:8548:8548 [1] NCCL INFO NET/Plugin : No plugin found (libnccl-net.so), using internal implementation
x3004c0s37b1n0:8547:8547 [0] NCCL INFO NET/Plugin : No plugin found (libnccl-net.so), using internal implementation
x3005c0s1b0n0:57545:57545 [3] NCCL INFO Bootstrap : Using bond0:10.140.57.65<0>
x3005c0s1b0n0:57545:57545 [3] NCCL INFO NET/Plugin : No plugin found (libnccl-net.so), using internal implementation
x3005c0s1b0n0:57544:57544 [2] NCCL INFO NET/IB : Using [0]mlx5_0:1/RoCE [1]mlx5_1:1/RoCE [RO]; OOB bond0:10.140.57.65<0>
x3005c0s1b0n0:57544:57544 [2] NCCL INFO Using network IB
x3005c0s1b0n0:57542:57542 [0] NCCL INFO Bootstrap : Using bond0:10.140.57.65<0>
x3005c0s1b0n0:57542:57542 [0] NCCL INFO NET/Plugin : No plugin found (libnccl-net.so), using internal implementation
x3004c0s37b1n0:8547:8547 [0] NCCL INFO NET/IB : Using [0]mlx5_0:1/RoCE [1]mlx5_1:1/RoCE [RO]; OOB bond0:10.140.57.67<0>
x3004c0s37b1n0:8547:8547 [0] NCCL INFO Using network IB
x3004c0s37b1n0:8548:8548 [1] NCCL INFO NET/IB : Using [0]mlx5_0:1/RoCE [1]mlx5_1:1/RoCE [RO]; OOB bond0:10.140.57.67<0>
x3004c0s37b1n0:8548:8548 [1] NCCL INFO Using network IB
x3005c0s1b0n0:57545:57545 [3] NCCL INFO NET/IB : Using [0]mlx5_0:1/RoCE [1]mlx5_1:1/RoCE [RO]; OOB bond0:10.140.57.65<0>
x3005c0s1b0n0:57545:57545 [3] NCCL INFO Using network IB
x3005c0s1b0n0:57542:57542 [0] NCCL INFO NET/IB : Using [0]mlx5_0:1/RoCE [1]mlx5_1:1/RoCE [RO]; OOB bond0:10.140.57.65<0>
x3005c0s1b0n0:57542:57542 [0] NCCL INFO Using network IB
x3004c0s37b1n0:8549:8549 [2] NCCL INFO NET/IB : Using [0]mlx5_0:1/RoCE [1]mlx5_1:1/RoCE [RO]; OOB bond0:10.140.57.67<0>
x3004c0s37b1n0:8549:8549 [2] NCCL INFO Using network IB
x3004c0s37b1n0:8550:8550 [3] NCCL INFO NET/IB : Using [0]mlx5_0:1/RoCE [1]mlx5_1:1/RoCE [RO]; OOB bond0:10.140.57.67<0>
x3004c0s37b1n0:8550:8550 [3] NCCL INFO Using network IB
x3005c0s31b0n0:42158:42193 [3] NCCL INFO Setting affinity for GPU 3 to 08,00000008
x3005c0s25b1n0:35230:35265 [3] NCCL INFO Setting affinity for GPU 3 to 08,00000008
x3005c0s31b1n0:43605:43639 [3] NCCL INFO Setting affinity for GPU 3 to 08,00000008
x3005c0s37b0n0:51108:51142 [3] NCCL INFO Setting affinity for GPU 3 to 08,00000008
x3005c0s19b0n0:686:712 [3] NCCL INFO Setting affinity for GPU 3 to 08,00000008
x3005c0s19b1n0:38778:38812 [3] NCCL INFO Setting affinity for GPU 3 to 08,00000008
x3005c0s37b1n0:37171:37205 [3] NCCL INFO Setting affinity for GPU 3 to 08,00000008
x3004c0s31b1n0:8240:8274 [3] NCCL INFO Setting affinity for GPU 3 to 08,00000008
x3004c0s37b1n0:8550:8586 [3] NCCL INFO Setting affinity for GPU 3 to 08,00000008
x3005c0s13b1n0:40170:40197 [3] NCCL INFO Setting affinity for GPU 3 to 08,00000008
x3005c0s1b1n0:10334:10367 [3] NCCL INFO Setting affinity for GPU 3 to 08,00000008
x3005c0s7b0n0:58908:58938 [3] NCCL INFO Setting affinity for GPU 3 to 08,00000008
x3004c0s7b0n0:63625:63659 [3] NCCL INFO Setting affinity for GPU 3 to 08,00000008
x3005c0s25b0n0:47560:47587 [3] NCCL INFO Setting affinity for GPU 3 to 08,00000008
x3005c0s1b0n0:57545:57578 [3] NCCL INFO Setting affinity for GPU 3 to 08,00000008
x3004c0s37b0n0:55810:55845 [3] NCCL INFO Setting affinity for GPU 3 to 08,00000008
x3004c0s37b0n0:55810:55845 [3] NCCL INFO Trees [0] -1/-1/-1->7->6 [1] -1/-1/-1->7->6 [2] -1/-1/-1->7->6 [3] -1/-1/-1->7->6
x3004c0s7b0n0:63622:63661 [0] NCCL INFO Trees [0] 13/-1/-1->12->8 [1] 13/-1/-1->12->8 [2] 13/4/-1->12->28 [3] 13/4/-1->12->28
x3004c0s37b0n0:55809:55846 [2] NCCL INFO Trees [0] 7/-1/-1->6->5 [1] 7/-1/-1->6->5 [2] 7/-1/-1->6->5 [3] 7/-1/-1->6->5
x3004c0s37b1n0:8547:8581 [0] NCCL INFO Trees [0] 9/12/-1->8->17 [1] 9/12/-1->8->17 [2] 9/-1/-1->8->5 [3] 9/-1/-1->8->5
x3004c0s37b0n0:55808:55843 [1] NCCL INFO Trees [0] 6/-1/-1->5->4 [1] 6/-1/-1->5->4 [2] 6/8/-1->5->4 [3] 6/8/-1->5->4
x3004c0s37b1n0:8548:8580 [1] NCCL INFO Trees [0] 10/4/-1->9->8 [1] 10/4/-1->9->8 [2] 10/-1/-1->9->8 [3] 10/-1/-1->9->8
x3004c0s7b0n0:63623:63652 [1] NCCL INFO Trees [0] 14/-1/-1->13->12 [1] 14/-1/-1->13->12 [2] 14/20/-1->13->12 [3] 14/20/-1->13->12
x3004c0s37b0n0:55807:55844 [0] NCCL INFO Trees [0] 5/-1/-1->4->9 [1] 5/-1/-1->4->9 [2] 5/0/-1->4->12 [3] 5/0/-1->4->12
x3004c0s37b1n0:8549:8587 [2] NCCL INFO Trees [0] 11/-1/-1->10->9 [1] 11/-1/-1->10->9 [2] 11/-1/-1->10->9 [3] 11/-1/-1->10->9
x3004c0s7b0n0:63624:63658 [2] NCCL INFO Trees [0] 15/-1/-1->14->13 [1] 15/-1/-1->14->13 [2] 15/-1/-1->14->13 [3] 15/-1/-1->14->13
x3005c0s13b1n0:40167:40206 [0] NCCL INFO Trees [0] 17/24/-1->16->33 [1] 17/24/-1->16->33 [2] 17/-1/-1->16->20 [3] 17/-1/-1->16->20
x3004c0s31b1n0:8240:8274 [3] NCCL INFO Trees [0] -1/-1/-1->3->2 [1] -1/-1/-1->3->2 [2] -1/-1/-1->3->2 [3] -1/-1/-1->3->2
x3004c0s37b1n0:8550:8586 [3] NCCL INFO Trees [0] -1/-1/-1->11->10 [1] -1/-1/-1->11->10 [2] -1/-1/-1->11->10 [3] -1/-1/-1->11->10
x3004c0s7b0n0:63625:63659 [3] NCCL INFO Trees [0] -1/-1/-1->15->14 [1] -1/-1/-1->15->14 [2] -1/-1/-1->15->14 [3] -1/-1/-1->15->14
x3005c0s13b1n0:40168:40204 [1] NCCL INFO Trees [0] 18/8/-1->17->16 [1] 18/8/-1->17->16 [2] 18/-1/-1->17->16 [3] 18/-1/-1->17->16
x3004c0s31b1n0:8237:8269 [0] NCCL INFO Channel 00/04 :    0   2   3   5   4   6   7   9   8  10  11  13  12  14  15  17  16  18  19  21
x3004c0s31b1n0:8237:8269 [0] NCCL INFO Channel 01/04 :    0   2   3   5   4   6   7   9   8  10  11  13  12  14  15  17  16  18  19  21
x3004c0s31b1n0:8237:8269 [0] NCCL INFO Channel 02/04 :    0   2   3   5   4   6   7   9   8  10  11  13  12  14  15  17  16  18  19  21
x3004c0s31b1n0:8237:8269 [0] NCCL INFO Channel 03/04 :    0   2   3   5   4   6   7   9   8  10  11  13  12  14  15  17  16  18  19  21
x3004c0s31b1n0:8237:8269 [0] NCCL INFO Trees [0] 1/32/-1->0->-1 [1] 1/32/-1->0->-1 [2] 1/-1/-1->0->4 [3] 1/-1/-1->0->4
x3005c0s13b1n0:40169:40202 [2] NCCL INFO Trees [0] 19/-1/-1->18->17 [1] 19/-1/-1->18->17 [2] 19/-1/-1->18->17 [3] 19/-1/-1->18->17
x3005c0s19b0n0:683:716 [0] NCCL INFO Trees [0] 21/-1/-1->20->25 [1] 21/-1/-1->20->25 [2] 21/16/-1->20->13 [3] 21/16/-1->20->13
x3005c0s1b0n0:57543:57572 [1] NCCL INFO Trees [0] 30/-1/-1->29->28 [1] 30/-1/-1->29->28 [2] 30/44/-1->29->28 [3] 30/44/-1->29->28
x3005c0s25b1n0:35229:35261 [2] NCCL INFO Trees [0] 43/-1/-1->42->41 [1] 43/-1/-1->42->41 [2] 43/-1/-1->42->41 [3] 43/-1/-1->42->41
x3004c0s31b1n0:8238:8278 [1] NCCL INFO Trees [0] 2/-1/-1->1->0 [1] 2/-1/-1->1->0 [2] 2/-1/-1->1->0 [3] 2/-1/-1->1->0
x3005c0s13b1n0:40170:40197 [3] NCCL INFO Trees [0] -1/-1/-1->19->18 [1] -1/-1/-1->19->18 [2] -1/-1/-1->19->18 [3] -1/-1/-1->19->18
x3005c0s19b0n0:684:721 [1] NCCL INFO Trees [0] 22/-1/-1->21->20 [1] 22/-1/-1->21->20 [2] 22/24/-1->21->20 [3] 22/24/-1->21->20
x3005c0s19b1n0:38777:38809 [2] NCCL INFO Trees [0] 27/-1/-1->26->25 [1] 27/-1/-1->26->25 [2] 27/-1/-1->26->25 [3] 27/-1/-1->26->25
x3005c0s1b0n0:57544:57575 [2] NCCL INFO Trees [0] 31/-1/-1->30->29 [1] 31/-1/-1->30->29 [2] 31/-1/-1->30->29 [3] 31/-1/-1->30->29
x3005c0s25b1n0:35230:35265 [3] NCCL INFO Trees [0] -1/-1/-1->43->42 [1] -1/-1/-1->43->42 [2] -1/-1/-1->43->42 [3] -1/-1/-1->43->42
x3005c0s31b0n0:42155:42194 [0] NCCL INFO Trees [0] 45/-1/-1->44->40 [1] 45/-1/-1->44->40 [2] 45/36/-1->44->29 [3] 45/36/-1->44->29
x3004c0s31b1n0:8239:8276 [2] NCCL INFO Trees [0] 3/-1/-1->2->1 [1] 3/-1/-1->2->1 [2] 3/-1/-1->2->1 [3] 3/-1/-1->2->1
x3005c0s19b0n0:685:719 [2] NCCL INFO Trees [0] 23/-1/-1->22->21 [1] 23/-1/-1->22->21 [2] 23/-1/-1->22->21 [3] 23/-1/-1->22->21
x3005c0s19b1n0:38778:38812 [3] NCCL INFO Trees [0] -1/-1/-1->27->26 [1] -1/-1/-1->27->26 [2] -1/-1/-1->27->26 [3] -1/-1/-1->27->26
x3005c0s1b0n0:57542:57581 [0] NCCL INFO Trees [0] 29/-1/-1->28->24 [1] 29/-1/-1->28->24 [2] 29/12/-1->28->60 [3] 29/12/-1->28->60
x3005c0s1b1n0:10334:10367 [3] NCCL INFO Trees [0] -1/-1/-1->35->34 [1] -1/-1/-1->35->34 [2] -1/-1/-1->35->34 [3] -1/-1/-1->35->34
x3005c0s25b0n0:47557:47596 [0] NCCL INFO Trees [0] 37/-1/-1->36->41 [1] 37/-1/-1->36->41 [2] 37/32/-1->36->44 [3] 37/32/-1->36->44
x3005c0s25b1n0:35227:35263 [0] NCCL INFO Trees [0] 41/44/-1->40->49 [1] 41/44/-1->40->49 [2] 41/-1/-1->40->37 [3] 41/-1/-1->40->37
x3005c0s31b0n0:42156:42185 [1] NCCL INFO Trees [0] 46/-1/-1->45->44 [1] 46/-1/-1->45->44 [2] 46/52/-1->45->44 [3] 46/52/-1->45->44
x3005c0s31b1n0:43605:43639 [3] NCCL INFO Trees [0] -1/-1/-1->51->50 [1] -1/-1/-1->51->50 [2] -1/-1/-1->51->50 [3] -1/-1/-1->51->50
x3005c0s37b0n0:51105:51144 [0] NCCL INFO Trees [0] 53/-1/-1->52->57 [1] 53/-1/-1->52->57 [2] 53/48/-1->52->45 [3] 53/48/-1->52->45
x3005c0s37b1n0:37168:37207 [0] NCCL INFO Trees [0] 57/60/-1->56->48 [1] 57/60/-1->56->48 [2] 57/-1/-1->56->53 [3] 57/-1/-1->56->53
x3005c0s7b0n0:58906:58942 [1] NCCL INFO Trees [0] 62/-1/-1->61->60 [1] 62/-1/-1->61->60 [2] 62/-1/-1->61->60 [3] 62/-1/-1->61->60
x3005c0s19b0n0:686:712 [3] NCCL INFO Trees [0] -1/-1/-1->23->22 [1] -1/-1/-1->23->22 [2] -1/-1/-1->23->22 [3] -1/-1/-1->23->22
x3005c0s19b1n0:38775:38814 [0] NCCL INFO Trees [0] 25/28/-1->24->16 [1] 25/28/-1->24->16 [2] 25/-1/-1->24->21 [3] 25/-1/-1->24->21
x3005c0s1b0n0:57545:57578 [3] NCCL INFO Trees [0] -1/-1/-1->31->30 [1] -1/-1/-1->31->30 [2] -1/-1/-1->31->30 [3] -1/-1/-1->31->30
x3005c0s1b1n0:10331:10371 [0] NCCL INFO Trees [0] 33/48/-1->32->0 [1] 33/48/-1->32->0 [2] 33/-1/-1->32->36 [3] 33/-1/-1->32->36
x3005c0s25b0n0:47558:47594 [1] NCCL INFO Trees [0] 38/-1/-1->37->36 [1] 38/-1/-1->37->36 [2] 38/40/-1->37->36 [3] 38/40/-1->37->36
x3005c0s25b1n0:35228:35256 [1] NCCL INFO Trees [0] 42/36/-1->41->40 [1] 42/36/-1->41->40 [2] 42/-1/-1->41->40 [3] 42/-1/-1->41->40
x3005c0s31b0n0:42157:42190 [2] NCCL INFO Trees [0] 47/-1/-1->46->45 [1] 47/-1/-1->46->45 [2] 47/-1/-1->46->45 [3] 47/-1/-1->46->45
x3005c0s31b1n0:43602:43641 [0] NCCL INFO Trees [0] 49/56/-1->48->32 [1] 49/56/-1->48->32 [2] 49/-1/-1->48->52 [3] 49/-1/-1->48->52
x3005c0s37b0n0:51106:51136 [1] NCCL INFO Trees [0] 54/-1/-1->53->52 [1] 54/-1/-1->53->52 [2] 54/56/-1->53->52 [3] 54/56/-1->53->52
x3005c0s37b1n0:37169:37200 [1] NCCL INFO Trees [0] 58/52/-1->57->56 [1] 58/52/-1->57->56 [2] 58/-1/-1->57->56 [3] 58/-1/-1->57->56
x3005c0s7b0n0:58907:58944 [2] NCCL INFO Trees [0] 63/-1/-1->62->61 [1] 63/-1/-1->62->61 [2] 63/-1/-1->62->61 [3] 63/-1/-1->62->61
x3005c0s19b1n0:38776:38806 [1] NCCL INFO Trees [0] 26/20/-1->25->24 [1] 26/20/-1->25->24 [2] 26/-1/-1->25->24 [3] 26/-1/-1->25->24
x3005c0s1b1n0:10332:10369 [1] NCCL INFO Trees [0] 34/16/-1->33->32 [1] 34/16/-1->33->32 [2] 34/-1/-1->33->32 [3] 34/-1/-1->33->32
x3005c0s25b0n0:47559:47593 [2] NCCL INFO Trees [0] 39/-1/-1->38->37 [1] 39/-1/-1->38->37 [2] 39/-1/-1->38->37 [3] 39/-1/-1->38->37
x3005c0s31b0n0:42158:42193 [3] NCCL INFO Trees [0] -1/-1/-1->47->46 [1] -1/-1/-1->47->46 [2] -1/-1/-1->47->46 [3] -1/-1/-1->47->46
x3005c0s31b1n0:43603:43632 [1] NCCL INFO Trees [0] 50/40/-1->49->48 [1] 50/40/-1->49->48 [2] 50/-1/-1->49->48 [3] 50/-1/-1->49->48
x3005c0s37b0n0:51107:51140 [2] NCCL INFO Trees [0] 55/-1/-1->54->53 [1] 55/-1/-1->54->53 [2] 55/-1/-1->54->53 [3] 55/-1/-1->54->53
x3005c0s37b1n0:37170:37202 [2] NCCL INFO Trees [0] 59/-1/-1->58->57 [1] 59/-1/-1->58->57 [2] 59/-1/-1->58->57 [3] 59/-1/-1->58->57
x3005c0s7b0n0:58908:58938 [3] NCCL INFO Trees [0] -1/-1/-1->63->62 [1] -1/-1/-1->63->62 [2] -1/-1/-1->63->62 [3] -1/-1/-1->63->62
x3004c0s37b0n0:55809:55846 [2] NCCL INFO Channel 00 : 6[85000] -> 7[c7000] via P2P/IPC/read
x3005c0s1b1n0:10333:10364 [2] NCCL INFO Trees [0] 35/-1/-1->34->33 [1] 35/-1/-1->34->33 [2] 35/-1/-1->34->33 [3] 35/-1/-1->34->33
x3005c0s25b0n0:47560:47587 [3] NCCL INFO Trees [0] -1/-1/-1->39->38 [1] -1/-1/-1->39->38 [2] -1/-1/-1->39->38 [3] -1/-1/-1->39->38
x3005c0s31b1n0:43604:43638 [2] NCCL INFO Trees [0] 51/-1/-1->50->49 [1] 51/-1/-1->50->49 [2] 51/-1/-1->50->49 [3] 51/-1/-1->50->49
x3005c0s37b0n0:51108:51142 [3] NCCL INFO Trees [0] -1/-1/-1->55->54 [1] -1/-1/-1->55->54 [2] -1/-1/-1->55->54 [3] -1/-1/-1->55->54
x3005c0s37b1n0:37171:37205 [3] NCCL INFO Trees [0] -1/-1/-1->59->58 [1] -1/-1/-1->59->58 [2] -1/-1/-1->59->58 [3] -1/-1/-1->59->58
x3005c0s7b0n0:58905:58935 [0] NCCL INFO Trees [0] 61/-1/-1->60->56 [1] 61/-1/-1->60->56 [2] 61/28/-1->60->-1 [3] 61/28/-1->60->-1
x3004c0s7b0n0:63624:63658 [2] NCCL INFO Channel 00 : 14[85000] -> 15[c7000] via P2P/IPC/read
x3004c0s37b0n0:55807:55844 [0] NCCL INFO Channel 00 : 4[7000] -> 6[85000] via P2P/IPC/read
x3004c0s7b0n0:63622:63661 [0] NCCL INFO Channel 00 : 12[7000] -> 14[85000] via P2P/IPC/read
x3005c0s19b1n0:38777:38809 [2] NCCL INFO Channel 00 : 26[85000] -> 27[c7000] via P2P/IPC/read
x3005c0s25b1n0:35229:35261 [2] NCCL INFO Channel 00 : 42[85000] -> 43[c7000] via P2P/IPC/read
x3005c0s19b1n0:38775:38814 [0] NCCL INFO Channel 00 : 24[7000] -> 26[85000] via P2P/IPC/read
x3004c0s31b1n0:8239:8276 [2] NCCL INFO Channel 00 : 2[85000] -> 3[c7000] via P2P/IPC/read
x3005c0s1b1n0:10333:10364 [2] NCCL INFO Channel 00 : 34[85000] -> 35[c7000] via P2P/IPC/read
x3004c0s31b1n0:8237:8269 [0] NCCL INFO Channel 00 : 0[7000] -> 2[85000] via P2P/IPC/read
x3005c0s1b1n0:10331:10371 [0] NCCL INFO Channel 00 : 32[7000] -> 34[85000] via P2P/IPC/read
x3005c0s31b1n0:43604:43638 [2] NCCL INFO Channel 00 : 50[85000] -> 51[c7000] via P2P/IPC/read
x3005c0s25b1n0:35227:35263 [0] NCCL INFO Channel 00 : 40[7000] -> 42[85000] via P2P/IPC/read
x3005c0s1b0n0:57542:57581 [0] NCCL INFO Channel 00 : 28[7000] -> 30[85000] via P2P/IPC/read
x3005c0s31b0n0:42157:42190 [2] NCCL INFO Channel 00 : 46[85000] -> 47[c7000] via P2P/IPC/read
x3005c0s1b0n0:57544:57575 [2] NCCL INFO Channel 00 : 30[85000] -> 31[c7000] via P2P/IPC/read
x3005c0s25b0n0:47559:47593 [2] NCCL INFO Channel 00 : 38[85000] -> 39[c7000] via P2P/IPC/read
x3005c0s31b0n0:42155:42194 [0] NCCL INFO Channel 00 : 44[7000] -> 46[85000] via P2P/IPC/read
x3005c0s25b0n0:47557:47596 [0] NCCL INFO Channel 00 : 36[7000] -> 38[85000] via P2P/IPC/read
x3005c0s31b1n0:43602:43641 [0] NCCL INFO Channel 00 : 48[7000] -> 50[85000] via P2P/IPC/read
x3005c0s13b1n0:40169:40202 [2] NCCL INFO Channel 00 : 18[85000] -> 19[c7000] via P2P/IPC/read
x3005c0s13b1n0:40167:40206 [0] NCCL INFO Channel 00 : 16[7000] -> 18[85000] via P2P/IPC/read
x3005c0s19b0n0:683:716 [0] NCCL INFO Channel 00 : 20[7000] -> 22[85000] via P2P/IPC/read
x3005c0s19b0n0:685:719 [2] NCCL INFO Channel 00 : 22[85000] -> 23[c7000] via P2P/IPC/read
x3005c0s37b1n0:37168:37207 [0] NCCL INFO Channel 00 : 56[7000] -> 58[85000] via P2P/IPC/read
x3005c0s37b1n0:37170:37202 [2] NCCL INFO Channel 00 : 58[85000] -> 59[c7000] via P2P/IPC/read
x3005c0s7b0n0:58905:58935 [0] NCCL INFO Channel 00 : 60[7000] -> 62[85000] via P2P/IPC/read
x3005c0s7b0n0:58907:58944 [2] NCCL INFO Channel 00 : 62[85000] -> 63[c7000] via P2P/IPC/read
x3004c0s37b1n0:8547:8581 [0] NCCL INFO Channel 00 : 8[7000] -> 10[85000] via P2P/IPC/read
x3004c0s37b1n0:8549:8587 [2] NCCL INFO Channel 00 : 10[85000] -> 11[c7000] via P2P/IPC/read
x3005c0s37b0n0:51105:51144 [0] NCCL INFO Channel 00 : 52[7000] -> 54[85000] via P2P/IPC/read
x3005c0s37b0n0:51107:51140 [2] NCCL INFO Channel 00 : 54[85000] -> 55[c7000] via P2P/IPC/read
x3005c0s25b1n0:35227:35263 [0] NCCL INFO Channel 01 : 40[7000] -> 42[85000] via P2P/IPC/read
x3005c0s31b0n0:42155:42194 [0] NCCL INFO Channel 01 : 44[7000] -> 46[85000] via P2P/IPC/read
x3005c0s25b0n0:47557:47596 [0] NCCL INFO Channel 01 : 36[7000] -> 38[85000] via P2P/IPC/read
x3005c0s37b0n0:51106:51136 [1] NCCL INFO Channel 00/0 : 51[c7000] -> 53[46000] [receive] via NET/IB/1
x3005c0s19b1n0:38776:38806 [1] NCCL INFO Channel 00/0 : 23[c7000] -> 25[46000] [receive] via NET/IB/1
x3004c0s37b0n0:55809:55846 [2] NCCL INFO Channel 01 : 6[85000] -> 7[c7000] via P2P/IPC/read
x3004c0s37b0n0:55808:55843 [1] NCCL INFO Channel 00/0 : 3[c7000] -> 5[46000] [receive] via NET/IB/1
x3004c0s37b0n0:55807:55844 [0] NCCL INFO Channel 01 : 4[7000] -> 6[85000] via P2P/IPC/read
x3005c0s1b1n0:10331:10371 [0] NCCL INFO Channel 01 : 32[7000] -> 34[85000] via P2P/IPC/read
x3005c0s1b1n0:10333:10364 [2] NCCL INFO Channel 01 : 34[85000] -> 35[c7000] via P2P/IPC/read
x3005c0s1b0n0:57543:57572 [1] NCCL INFO Channel 00/0 : 27[c7000] -> 29[46000] [receive] via NET/IB/1
x3005c0s19b1n0:38777:38809 [2] NCCL INFO Channel 01 : 26[85000] -> 27[c7000] via P2P/IPC/read
x3005c0s37b0n0:51105:51144 [0] NCCL INFO Channel 01 : 52[7000] -> 54[85000] via P2P/IPC/read
x3004c0s31b1n0:8237:8269 [0] NCCL INFO Channel 01 : 0[7000] -> 2[85000] via P2P/IPC/read
x3004c0s31b1n0:8237:8269 [0] NCCL INFO Channel 02 : 0[7000] -> 2[85000] via P2P/IPC/read
x3004c0s31b1n0:8237:8269 [0] NCCL INFO Channel 03 : 0[7000] -> 2[85000] via P2P/IPC/read
x3005c0s1b1n0:10332:10369 [1] NCCL INFO Channel 00/0 : 31[c7000] -> 33[46000] [receive] via NET/IB/1
x3005c0s19b1n0:38775:38814 [0] NCCL INFO Channel 01 : 24[7000] -> 26[85000] via P2P/IPC/read
x3004c0s31b1n0:8238:8278 [1] NCCL INFO Channel 00/0 : 63[c7000] -> 1[46000] [receive] via NET/IB/1
x3004c0s31b1n0:8239:8276 [2] NCCL INFO Channel 01 : 2[85000] -> 3[c7000] via P2P/IPC/read
x3005c0s25b0n0:47558:47594 [1] NCCL INFO Channel 00/0 : 35[c7000] -> 37[46000] [receive] via NET/IB/1
x3005c0s7b0n0:58905:58935 [0] NCCL INFO Channel 01 : 60[7000] -> 62[85000] via P2P/IPC/read
x3005c0s7b0n0:58906:58942 [1] NCCL INFO Channel 00/0 : 59[c7000] -> 61[46000] [receive] via NET/IB/1
x3005c0s31b1n0:43603:43632 [1] NCCL INFO Channel 00/0 : 47[c7000] -> 49[46000] [receive] via NET/IB/1
x3004c0s7b0n0:63624:63658 [2] NCCL INFO Channel 01 : 14[85000] -> 15[c7000] via P2P/IPC/read
x3004c0s7b0n0:63622:63661 [0] NCCL INFO Channel 01 : 12[7000] -> 14[85000] via P2P/IPC/read
x3005c0s1b1n0:10333:10364 [2] NCCL INFO Channel 02 : 34[85000] -> 35[c7000] via P2P/IPC/read
x3005c0s1b1n0:10333:10364 [2] NCCL INFO Channel 03 : 34[85000] -> 35[c7000] via P2P/IPC/read
x3005c0s25b1n0:35228:35256 [1] NCCL INFO Channel 00/0 : 39[c7000] -> 41[46000] [receive] via NET/IB/1
x3005c0s25b1n0:35229:35261 [2] NCCL INFO Channel 01 : 42[85000] -> 43[c7000] via P2P/IPC/read
x3005c0s31b0n0:42156:42185 [1] NCCL INFO Channel 00/0 : 43[c7000] -> 45[46000] [receive] via NET/IB/1
x3005c0s31b0n0:42157:42190 [2] NCCL INFO Channel 01 : 46[85000] -> 47[c7000] via P2P/IPC/read
x3005c0s1b0n0:57542:57581 [0] NCCL INFO Channel 01 : 28[7000] -> 30[85000] via P2P/IPC/read
x3005c0s1b0n0:57544:57575 [2] NCCL INFO Channel 01 : 30[85000] -> 31[c7000] via P2P/IPC/read
x3005c0s19b0n0:683:716 [0] NCCL INFO Channel 01 : 20[7000] -> 22[85000] via P2P/IPC/read
x3005c0s19b0n0:684:721 [1] NCCL INFO Channel 00/0 : 19[c7000] -> 21[46000] [receive] via NET/IB/1
x3005c0s37b1n0:37169:37200 [1] NCCL INFO Channel 00/0 : 55[c7000] -> 57[46000] [receive] via NET/IB/1
x3005c0s31b1n0:43602:43641 [0] NCCL INFO Channel 01 : 48[7000] -> 50[85000] via P2P/IPC/read
x3005c0s31b1n0:43604:43638 [2] NCCL INFO Channel 01 : 50[85000] -> 51[c7000] via P2P/IPC/read
x3005c0s37b0n0:51107:51140 [2] NCCL INFO Channel 01 : 54[85000] -> 55[c7000] via P2P/IPC/read
x3005c0s25b0n0:47559:47593 [2] NCCL INFO Channel 01 : 38[85000] -> 39[c7000] via P2P/IPC/read
x3005c0s19b1n0:38776:38806 [1] NCCL INFO Channel 01/0 : 23[c7000] -> 25[46000] [receive] via NET/IB/0
x3004c0s7b0n0:63623:63652 [1] NCCL INFO Channel 00/0 : 11[c7000] -> 13[46000] [receive] via NET/IB/1
x3004c0s37b1n0:8548:8580 [1] NCCL INFO Channel 00/0 : 7[c7000] -> 9[46000] [receive] via NET/IB/1
x3005c0s31b0n0:42155:42194 [0] NCCL INFO Channel 02 : 44[7000] -> 46[85000] via P2P/IPC/read
x3005c0s19b0n0:685:719 [2] NCCL INFO Channel 01 : 22[85000] -> 23[c7000] via P2P/IPC/read
x3005c0s7b0n0:58907:58944 [2] NCCL INFO Channel 01 : 62[85000] -> 63[c7000] via P2P/IPC/read
x3005c0s37b0n0:51106:51136 [1] NCCL INFO Channel 01/0 : 51[c7000] -> 53[46000] [receive] via NET/IB/0
x3005c0s37b0n0:51107:51140 [2] NCCL INFO Channel 02 : 54[85000] -> 55[c7000] via P2P/IPC/read
x3005c0s37b0n0:51107:51140 [2] NCCL INFO Channel 03 : 54[85000] -> 55[c7000] via P2P/IPC/read
x3005c0s37b1n0:37168:37207 [0] NCCL INFO Channel 01 : 56[7000] -> 58[85000] via P2P/IPC/read
x3005c0s37b1n0:37170:37202 [2] NCCL INFO Channel 01 : 58[85000] -> 59[c7000] via P2P/IPC/read
x3005c0s25b0n0:47557:47596 [0] NCCL INFO Channel 02 : 36[7000] -> 38[85000] via P2P/IPC/read
x3005c0s13b1n0:40169:40202 [2] NCCL INFO Channel 01 : 18[85000] -> 19[c7000] via P2P/IPC/read
x3005c0s25b0n0:47557:47596 [0] NCCL INFO Channel 03 : 36[7000] -> 38[85000] via P2P/IPC/read
x3005c0s1b1n0:10331:10371 [0] NCCL INFO Channel 02 : 32[7000] -> 34[85000] via P2P/IPC/read
x3004c0s37b0n0:55807:55844 [0] NCCL INFO Channel 02 : 4[7000] -> 6[85000] via P2P/IPC/read
x3004c0s37b0n0:55807:55844 [0] NCCL INFO Channel 03 : 4[7000] -> 6[85000] via P2P/IPC/read
x3005c0s31b0n0:42157:42190 [2] NCCL INFO Channel 02 : 46[85000] -> 47[c7000] via P2P/IPC/read
x3005c0s1b0n0:57542:57581 [0] NCCL INFO Channel 02 : 28[7000] -> 30[85000] via P2P/IPC/read
x3005c0s1b0n0:57542:57581 [0] NCCL INFO Channel 03 : 28[7000] -> 30[85000] via P2P/IPC/read
x3004c0s37b1n0:8547:8581 [0] NCCL INFO Channel 01 : 8[7000] -> 10[85000] via P2P/IPC/read
x3004c0s37b1n0:8549:8587 [2] NCCL INFO Channel 01 : 10[85000] -> 11[c7000] via P2P/IPC/read
x3004c0s7b0n0:63622:63661 [0] NCCL INFO Channel 02 : 12[7000] -> 14[85000] via P2P/IPC/read
x3004c0s37b1n0:8547:8581 [0] NCCL INFO Channel 02 : 8[7000] -> 10[85000] via P2P/IPC/read
x3004c0s7b0n0:63622:63661 [0] NCCL INFO Channel 03 : 12[7000] -> 14[85000] via P2P/IPC/read
x3004c0s37b1n0:8547:8581 [0] NCCL INFO Channel 03 : 8[7000] -> 10[85000] via P2P/IPC/read
x3005c0s1b0n0:57543:57572 [1] NCCL INFO Channel 01/0 : 27[c7000] -> 29[46000] [receive] via NET/IB/0
x3005c0s1b0n0:57544:57575 [2] NCCL INFO Channel 02 : 30[85000] -> 31[c7000] via P2P/IPC/read
x3005c0s1b0n0:57544:57575 [2] NCCL INFO Channel 03 : 30[85000] -> 31[c7000] via P2P/IPC/read
x3005c0s13b1n0:40167:40206 [0] NCCL INFO Channel 01 : 16[7000] -> 18[85000] via P2P/IPC/read
x3004c0s37b0n0:55809:55846 [2] NCCL INFO Channel 02 : 6[85000] -> 7[c7000] via P2P/IPC/read
x3005c0s19b1n0:38775:38814 [0] NCCL INFO Channel 02 : 24[7000] -> 26[85000] via P2P/IPC/read
x3005c0s13b1n0:40168:40204 [1] NCCL INFO Channel 00/0 : 15[c7000] -> 17[46000] [receive] via NET/IB/1
x3005c0s13b1n0:40169:40202 [2] NCCL INFO Channel 02 : 18[85000] -> 19[c7000] via P2P/IPC/read
x3005c0s13b1n0:40169:40202 [2] NCCL INFO Channel 03 : 18[85000] -> 19[c7000] via P2P/IPC/read
x3005c0s37b0n0:51105:51144 [0] NCCL INFO Channel 02 : 52[7000] -> 54[85000] via P2P/IPC/read
x3005c0s1b1n0:10332:10369 [1] NCCL INFO Channel 01/0 : 31[c7000] -> 33[46000] [receive] via NET/IB/0
x3005c0s19b0n0:684:721 [1] NCCL INFO Channel 01/0 : 19[c7000] -> 21[46000] [receive] via NET/IB/0
x3005c0s31b0n0:42155:42194 [0] NCCL INFO Channel 03 : 44[7000] -> 46[85000] via P2P/IPC/read
x3005c0s31b1n0:43604:43638 [2] NCCL INFO Channel 02 : 50[85000] -> 51[c7000] via P2P/IPC/read
x3005c0s31b1n0:43602:43641 [0] NCCL INFO Channel 02 : 48[7000] -> 50[85000] via P2P/IPC/read
x3005c0s7b0n0:58905:58935 [0] NCCL INFO Channel 02 : 60[7000] -> 62[85000] via P2P/IPC/read
x3004c0s7b0n0:63624:63658 [2] NCCL INFO Channel 02 : 14[85000] -> 15[c7000] via P2P/IPC/read
x3004c0s31b1n0:8239:8276 [2] NCCL INFO Channel 02 : 2[85000] -> 3[c7000] via P2P/IPC/read
x3005c0s25b1n0:35228:35256 [1] NCCL INFO Channel 01/0 : 39[c7000] -> 41[46000] [receive] via NET/IB/0
x3005c0s19b1n0:38777:38809 [2] NCCL INFO Channel 02 : 26[85000] -> 27[c7000] via P2P/IPC/read
x3005c0s19b0n0:683:716 [0] NCCL INFO Channel 02 : 20[7000] -> 22[85000] via P2P/IPC/read
x3005c0s25b0n0:47558:47594 [1] NCCL INFO Channel 01/0 : 35[c7000] -> 37[46000] [receive] via NET/IB/0
x3004c0s7b0n0:63623:63652 [1] NCCL INFO Channel 01/0 : 11[c7000] -> 13[46000] [receive] via NET/IB/0
x3004c0s37b0n0:55808:55843 [1] NCCL INFO Channel 01/0 : 3[c7000] -> 5[46000] [receive] via NET/IB/0
x3004c0s37b1n0:8548:8580 [1] NCCL INFO Channel 01/0 : 7[c7000] -> 9[46000] [receive] via NET/IB/0
x3005c0s37b1n0:37169:37200 [1] NCCL INFO Channel 01/0 : 55[c7000] -> 57[46000] [receive] via NET/IB/0
x3005c0s37b1n0:37168:37207 [0] NCCL INFO Channel 02 : 56[7000] -> 58[85000] via P2P/IPC/read
x3005c0s37b1n0:37168:37207 [0] NCCL INFO Channel 03 : 56[7000] -> 58[85000] via P2P/IPC/read
x3005c0s7b0n0:58906:58942 [1] NCCL INFO Channel 01/0 : 59[c7000] -> 61[46000] [receive] via NET/IB/0
x3005c0s31b1n0:43603:43632 [1] NCCL INFO Channel 01/0 : 47[c7000] -> 49[46000] [receive] via NET/IB/0
x3004c0s37b1n0:8549:8587 [2] NCCL INFO Channel 02 : 10[85000] -> 11[c7000] via P2P/IPC/read
x3004c0s37b1n0:8549:8587 [2] NCCL INFO Channel 03 : 10[85000] -> 11[c7000] via P2P/IPC/read
x3005c0s31b0n0:42157:42190 [2] NCCL INFO Channel 03 : 46[85000] -> 47[c7000] via P2P/IPC/read
x3005c0s1b1n0:10331:10371 [0] NCCL INFO Channel 03 : 32[7000] -> 34[85000] via P2P/IPC/read
x3004c0s31b1n0:8238:8278 [1] NCCL INFO Channel 01/0 : 63[c7000] -> 1[46000] [receive] via NET/IB/0
x3005c0s25b0n0:47559:47593 [2] NCCL INFO Channel 02 : 38[85000] -> 39[c7000] via P2P/IPC/read
x3004c0s37b0n0:55809:55846 [2] NCCL INFO Channel 03 : 6[85000] -> 7[c7000] via P2P/IPC/read
x3005c0s13b1n0:40168:40204 [1] NCCL INFO Channel 01/0 : 15[c7000] -> 17[46000] [receive] via NET/IB/0
x3005c0s13b1n0:40167:40206 [0] NCCL INFO Channel 02 : 16[7000] -> 18[85000] via P2P/IPC/read
x3005c0s37b0n0:51105:51144 [0] NCCL INFO Channel 03 : 52[7000] -> 54[85000] via P2P/IPC/read
x3005c0s25b1n0:35227:35263 [0] NCCL INFO Channel 02 : 40[7000] -> 42[85000] via P2P/IPC/read
x3005c0s25b1n0:35229:35261 [2] NCCL INFO Channel 02 : 42[85000] -> 43[c7000] via P2P/IPC/read
x3005c0s1b0n0:57545:57578 [3] NCCL INFO Channel 00/0 : 31[c7000] -> 33[46000] [send] via NET/IB/1
x3005c0s19b1n0:38775:38814 [0] NCCL INFO Channel 03 : 24[7000] -> 26[85000] via P2P/IPC/read
x3005c0s25b0n0:47559:47593 [2] NCCL INFO Channel 03 : 38[85000] -> 39[c7000] via P2P/IPC/read
x3005c0s31b1n0:43604:43638 [2] NCCL INFO Channel 03 : 50[85000] -> 51[c7000] via P2P/IPC/read
x3005c0s37b1n0:37170:37202 [2] NCCL INFO Channel 02 : 58[85000] -> 59[c7000] via P2P/IPC/read
x3005c0s31b0n0:42156:42185 [1] NCCL INFO Channel 01/0 : 43[c7000] -> 45[46000] [receive] via NET/IB/0
x3005c0s7b0n0:58907:58944 [2] NCCL INFO Channel 02 : 62[85000] -> 63[c7000] via P2P/IPC/read
x3005c0s1b0n0:57544:57575 [2] NCCL INFO Connected all rings
x3004c0s31b1n0:8239:8276 [2] NCCL INFO Channel 03 : 2[85000] -> 3[c7000] via P2P/IPC/read
x3005c0s31b1n0:43602:43641 [0] NCCL INFO Channel 03 : 48[7000] -> 50[85000] via P2P/IPC/read
x3005c0s1b0n0:57545:57578 [3] NCCL INFO Channel 01/0 : 31[c7000] -> 33[46000] [send] via NET/IB/0
x3005c0s19b0n0:683:716 [0] NCCL INFO Channel 03 : 20[7000] -> 22[85000] via P2P/IPC/read
x3005c0s19b0n0:685:719 [2] NCCL INFO Channel 02 : 22[85000] -> 23[c7000] via P2P/IPC/read
x3004c0s7b0n0:63624:63658 [2] NCCL INFO Channel 03 : 14[85000] -> 15[c7000] via P2P/IPC/read
x3005c0s7b0n0:58905:58935 [0] NCCL INFO Channel 03 : 60[7000] -> 62[85000] via P2P/IPC/read
x3005c0s7b0n0:58907:58944 [2] NCCL INFO Channel 03 : 62[85000] -> 63[c7000] via P2P/IPC/read
x3005c0s25b1n0:35229:35261 [2] NCCL INFO Channel 03 : 42[85000] -> 43[c7000] via P2P/IPC/read
x3005c0s37b1n0:37170:37202 [2] NCCL INFO Channel 03 : 58[85000] -> 59[c7000] via P2P/IPC/read
x3005c0s1b1n0:10334:10367 [3] NCCL INFO Channel 00/0 : 35[c7000] -> 37[46000] [send] via NET/IB/1
x3005c0s1b0n0:57545:57578 [3] NCCL INFO Channel 02/0 : 31[c7000] -> 33[46000] [send] via NET/IB/1
x3005c0s19b1n0:38777:38809 [2] NCCL INFO Channel 03 : 26[85000] -> 27[c7000] via P2P/IPC/read
x3005c0s13b1n0:40167:40206 [0] NCCL INFO Channel 03 : 16[7000] -> 18[85000] via P2P/IPC/read
x3005c0s25b1n0:35227:35263 [0] NCCL INFO Channel 03 : 40[7000] -> 42[85000] via P2P/IPC/read
x3005c0s19b1n0:38776:38806 [1] NCCL INFO Channel 02/0 : 23[c7000] -> 25[46000] [receive] via NET/IB/1
x3005c0s31b0n0:42157:42190 [2] NCCL INFO Connected all rings
x3005c0s37b0n0:51106:51136 [1] NCCL INFO Channel 02/0 : 51[c7000] -> 53[46000] [receive] via NET/IB/1
x3005c0s1b1n0:10332:10369 [1] NCCL INFO Channel 02/0 : 31[c7000] -> 33[46000] [receive] via NET/IB/1
x3005c0s19b0n0:684:721 [1] NCCL INFO Channel 02/0 : 19[c7000] -> 21[46000] [receive] via NET/IB/1
x3004c0s7b0n0:63623:63652 [1] NCCL INFO Channel 02/0 : 11[c7000] -> 13[46000] [receive] via NET/IB/1
x3005c0s1b0n0:57543:57572 [1] NCCL INFO Channel 02/0 : 27[c7000] -> 29[46000] [receive] via NET/IB/1
x3005c0s25b1n0:35228:35256 [1] NCCL INFO Channel 02/0 : 39[c7000] -> 41[46000] [receive] via NET/IB/1
x3005c0s7b0n0:58906:58942 [1] NCCL INFO Channel 02/0 : 59[c7000] -> 61[46000] [receive] via NET/IB/1
x3005c0s1b1n0:10334:10367 [3] NCCL INFO Channel 01/0 : 35[c7000] -> 37[46000] [send] via NET/IB/0
x3005c0s25b0n0:47558:47594 [1] NCCL INFO Channel 02/0 : 35[c7000] -> 37[46000] [receive] via NET/IB/1
x3004c0s31b1n0:8239:8276 [2] NCCL INFO Connected all rings
x3004c0s37b0n0:55808:55843 [1] NCCL INFO Channel 02/0 : 3[c7000] -> 5[46000] [receive] via NET/IB/1
x3004c0s37b1n0:8548:8580 [1] NCCL INFO Channel 02/0 : 7[c7000] -> 9[46000] [receive] via NET/IB/1
x3005c0s31b0n0:42156:42185 [1] NCCL INFO Channel 02/0 : 43[c7000] -> 45[46000] [receive] via NET/IB/1
x3005c0s19b1n0:38776:38806 [1] NCCL INFO Channel 03/0 : 23[c7000] -> 25[46000] [receive] via NET/IB/0
x3005c0s19b0n0:685:719 [2] NCCL INFO Channel 03 : 22[85000] -> 23[c7000] via P2P/IPC/read
x3004c0s37b1n0:8550:8586 [3] NCCL INFO Channel 00/0 : 11[c7000] -> 13[46000] [send] via NET/IB/1
x3005c0s19b0n0:684:721 [1] NCCL INFO Channel 03/0 : 19[c7000] -> 21[46000] [receive] via NET/IB/0
x3005c0s1b0n0:57543:57572 [1] NCCL INFO Channel 03/0 : 27[c7000] -> 29[46000] [receive] via NET/IB/0
x3005c0s31b0n0:42158:42193 [3] NCCL INFO Channel 00/0 : 47[c7000] -> 49[46000] [send] via NET/IB/1
x3005c0s37b1n0:37169:37200 [1] NCCL INFO Channel 02/0 : 55[c7000] -> 57[46000] [receive] via NET/IB/1
x3004c0s37b0n0:55810:55845 [3] NCCL INFO Channel 00/0 : 7[c7000] -> 9[46000] [send] via NET/IB/1
x3004c0s37b1n0:8549:8587 [2] NCCL INFO Connected all rings
x3005c0s13b1n0:40168:40204 [1] NCCL INFO Channel 02/0 : 15[c7000] -> 17[46000] [receive] via NET/IB/1
x3005c0s31b1n0:43603:43632 [1] NCCL INFO Channel 02/0 : 47[c7000] -> 49[46000] [receive] via NET/IB/1
x3005c0s1b1n0:10334:10367 [3] NCCL INFO Channel 02/0 : 35[c7000] -> 37[46000] [send] via NET/IB/1
x3004c0s31b1n0:8238:8278 [1] NCCL INFO Channel 02/0 : 63[c7000] -> 1[46000] [receive] via NET/IB/1
x3004c0s7b0n0:63623:63652 [1] NCCL INFO Channel 03/0 : 11[c7000] -> 13[46000] [receive] via NET/IB/0
x3004c0s37b0n0:55810:55845 [3] NCCL INFO Channel 01/0 : 7[c7000] -> 9[46000] [send] via NET/IB/0
x3005c0s25b0n0:47558:47594 [1] NCCL INFO Channel 03/0 : 35[c7000] -> 37[46000] [receive] via NET/IB/0
x3005c0s31b0n0:42156:42185 [1] NCCL INFO Channel 03/0 : 43[c7000] -> 45[46000] [receive] via NET/IB/0
x3004c0s31b1n0:8240:8274 [3] NCCL INFO Channel 00/0 : 3[c7000] -> 5[46000] [send] via NET/IB/1
x3005c0s1b1n0:10333:10364 [2] NCCL INFO Connected all rings
x3005c0s37b0n0:51106:51136 [1] NCCL INFO Channel 03/0 : 51[c7000] -> 53[46000] [receive] via NET/IB/0
x3005c0s1b0n0:57545:57578 [3] NCCL INFO Channel 03/0 : 31[c7000] -> 33[46000] [send] via NET/IB/0
x3005c0s25b1n0:35228:35256 [1] NCCL INFO Channel 03/0 : 39[c7000] -> 41[46000] [receive] via NET/IB/0
x3005c0s19b1n0:38778:38812 [3] NCCL INFO Channel 00/0 : 27[c7000] -> 29[46000] [send] via NET/IB/1
x3004c0s31b1n0:8240:8274 [3] NCCL INFO Channel 01/0 : 3[c7000] -> 5[46000] [send] via NET/IB/0
x3004c0s37b1n0:8550:8586 [3] NCCL INFO Channel 01/0 : 11[c7000] -> 13[46000] [send] via NET/IB/0
x3004c0s37b1n0:8548:8580 [1] NCCL INFO Channel 03/0 : 7[c7000] -> 9[46000] [receive] via NET/IB/0
x3005c0s1b1n0:10332:10369 [1] NCCL INFO Channel 03/0 : 31[c7000] -> 33[46000] [receive] via NET/IB/0
x3005c0s31b0n0:42158:42193 [3] NCCL INFO Channel 01/0 : 47[c7000] -> 49[46000] [send] via NET/IB/0
x3004c0s31b1n0:8240:8274 [3] NCCL INFO Channel 02/0 : 3[c7000] -> 5[46000] [send] via NET/IB/1
x3005c0s13b1n0:40169:40202 [2] NCCL INFO Connected all rings
x3005c0s7b0n0:58908:58938 [3] NCCL INFO Channel 00/0 : 63[c7000] -> 1[46000] [send] via NET/IB/1
x3004c0s37b1n0:8550:8586 [3] NCCL INFO Channel 02/0 : 11[c7000] -> 13[46000] [send] via NET/IB/1
x3004c0s37b0n0:55808:55843 [1] NCCL INFO Channel 03/0 : 3[c7000] -> 5[46000] [receive] via NET/IB/0
x3005c0s31b0n0:42158:42193 [3] NCCL INFO Channel 02/0 : 47[c7000] -> 49[46000] [send] via NET/IB/1
x3005c0s7b0n0:58906:58942 [1] NCCL INFO Channel 03/0 : 59[c7000] -> 61[46000] [receive] via NET/IB/0
x3005c0s13b1n0:40168:40204 [1] NCCL INFO Channel 03/0 : 15[c7000] -> 17[46000] [receive] via NET/IB/0
x3004c0s37b0n0:55810:55845 [3] NCCL INFO Channel 02/0 : 7[c7000] -> 9[46000] [send] via NET/IB/1
x3005c0s7b0n0:58907:58944 [2] NCCL INFO Connected all rings
x3005c0s25b0n0:47559:47593 [2] NCCL INFO Connected all rings
x3005c0s25b0n0:47560:47587 [3] NCCL INFO Channel 00/0 : 39[c7000] -> 41[46000] [send] via NET/IB/1
x3005c0s31b1n0:43604:43638 [2] NCCL INFO Connected all rings
x3005c0s31b1n0:43605:43639 [3] NCCL INFO Channel 00/0 : 51[c7000] -> 53[46000] [send] via NET/IB/1
x3004c0s31b1n0:8238:8278 [1] NCCL INFO Channel 03/0 : 63[c7000] -> 1[46000] [receive] via NET/IB/0
x3004c0s7b0n0:63625:63659 [3] NCCL INFO Channel 00/0 : 15[c7000] -> 17[46000] [send] via NET/IB/1
x3004c0s7b0n0:63625:63659 [3] NCCL INFO Channel 01/0 : 15[c7000] -> 17[46000] [send] via NET/IB/0
x3004c0s7b0n0:63625:63659 [3] NCCL INFO Channel 02/0 : 15[c7000] -> 17[46000] [send] via NET/IB/1
x3004c0s7b0n0:63625:63659 [3] NCCL INFO Channel 03/0 : 15[c7000] -> 17[46000] [send] via NET/IB/0
x3005c0s7b0n0:58908:58938 [3] NCCL INFO Channel 01/0 : 63[c7000] -> 1[46000] [send] via NET/IB/0
x3005c0s13b1n0:40170:40197 [3] NCCL INFO Channel 00/0 : 19[c7000] -> 21[46000] [send] via NET/IB/1
x3005c0s1b1n0:10334:10367 [3] NCCL INFO Channel 03/0 : 35[c7000] -> 37[46000] [send] via NET/IB/0
x3005c0s19b0n0:686:712 [3] NCCL INFO Channel 00/0 : 23[c7000] -> 25[46000] [send] via NET/IB/1
x3005c0s25b1n0:35229:35261 [2] NCCL INFO Connected all rings
x3005c0s25b1n0:35230:35265 [3] NCCL INFO Channel 00/0 : 43[c7000] -> 45[46000] [send] via NET/IB/1
x3005c0s37b1n0:37169:37200 [1] NCCL INFO Channel 03/0 : 55[c7000] -> 57[46000] [receive] via NET/IB/0
x3005c0s31b1n0:43603:43632 [1] NCCL INFO Channel 03/0 : 47[c7000] -> 49[46000] [receive] via NET/IB/0
x3005c0s37b0n0:51108:51142 [3] NCCL INFO Channel 00/0 : 55[c7000] -> 57[46000] [send] via NET/IB/1
x3005c0s37b1n0:37171:37205 [3] NCCL INFO Channel 00/0 : 59[c7000] -> 61[46000] [send] via NET/IB/1
x3005c0s25b0n0:47560:47587 [3] NCCL INFO Channel 01/0 : 39[c7000] -> 41[46000] [send] via NET/IB/0
x3005c0s31b1n0:43605:43639 [3] NCCL INFO Channel 01/0 : 51[c7000] -> 53[46000] [send] via NET/IB/0
x3005c0s19b1n0:38778:38812 [3] NCCL INFO Channel 01/0 : 27[c7000] -> 29[46000] [send] via NET/IB/0
x3005c0s13b1n0:40170:40197 [3] NCCL INFO Channel 01/0 : 19[c7000] -> 21[46000] [send] via NET/IB/0
x3005c0s37b0n0:51108:51142 [3] NCCL INFO Channel 01/0 : 55[c7000] -> 57[46000] [send] via NET/IB/0
x3005c0s7b0n0:58908:58938 [3] NCCL INFO Channel 02/0 : 63[c7000] -> 1[46000] [send] via NET/IB/1
x3004c0s37b1n0:8550:8586 [3] NCCL INFO Channel 03/0 : 11[c7000] -> 13[46000] [send] via NET/IB/0
x3005c0s31b0n0:42158:42193 [3] NCCL INFO Channel 03/0 : 47[c7000] -> 49[46000] [send] via NET/IB/0
x3004c0s31b1n0:8240:8274 [3] NCCL INFO Channel 03/0 : 3[c7000] -> 5[46000] [send] via NET/IB/0
x3005c0s7b0n0:58908:58938 [3] NCCL INFO Channel 03/0 : 63[c7000] -> 1[46000] [send] via NET/IB/0
x3005c0s13b1n0:40170:40197 [3] NCCL INFO Channel 02/0 : 19[c7000] -> 21[46000] [send] via NET/IB/1
x3005c0s37b0n0:51107:51140 [2] NCCL INFO Connected all rings
x3005c0s19b0n0:686:712 [3] NCCL INFO Channel 01/0 : 23[c7000] -> 25[46000] [send] via NET/IB/0
x3005c0s19b0n0:686:712 [3] NCCL INFO Channel 02/0 : 23[c7000] -> 25[46000] [send] via NET/IB/1
x3005c0s19b0n0:686:712 [3] NCCL INFO Channel 03/0 : 23[c7000] -> 25[46000] [send] via NET/IB/0
x3005c0s25b1n0:35230:35265 [3] NCCL INFO Channel 01/0 : 43[c7000] -> 45[46000] [send] via NET/IB/0
x3005c0s37b1n0:37171:37205 [3] NCCL INFO Channel 01/0 : 59[c7000] -> 61[46000] [send] via NET/IB/0
x3005c0s25b0n0:47560:47587 [3] NCCL INFO Channel 02/0 : 39[c7000] -> 41[46000] [send] via NET/IB/1
x3004c0s37b0n0:55809:55846 [2] NCCL INFO Connected all rings
x3004c0s37b0n0:55810:55845 [3] NCCL INFO Channel 03/0 : 7[c7000] -> 9[46000] [send] via NET/IB/0
x3005c0s19b1n0:38778:38812 [3] NCCL INFO Channel 02/0 : 27[c7000] -> 29[46000] [send] via NET/IB/1
x3005c0s31b1n0:43605:43639 [3] NCCL INFO Channel 02/0 : 51[c7000] -> 53[46000] [send] via NET/IB/1
x3005c0s37b0n0:51108:51142 [3] NCCL INFO Channel 02/0 : 55[c7000] -> 57[46000] [send] via NET/IB/1
x3005c0s37b1n0:37171:37205 [3] NCCL INFO Channel 02/0 : 59[c7000] -> 61[46000] [send] via NET/IB/1
x3005c0s25b1n0:35230:35265 [3] NCCL INFO Channel 02/0 : 43[c7000] -> 45[46000] [send] via NET/IB/1
x3004c0s7b0n0:63625:63659 [3] NCCL INFO Connected all rings
x3004c0s7b0n0:63625:63659 [3] NCCL INFO Channel 00 : 15[c7000] -> 14[85000] via P2P/IPC/read
x3005c0s19b1n0:38778:38812 [3] NCCL INFO Channel 03/0 : 27[c7000] -> 29[46000] [send] via NET/IB/0
x3005c0s19b1n0:38777:38809 [2] NCCL INFO Connected all rings
x3004c0s7b0n0:63624:63658 [2] NCCL INFO Connected all rings
x3005c0s37b1n0:37170:37202 [2] NCCL INFO Connected all rings
x3005c0s25b0n0:47560:47587 [3] NCCL INFO Channel 03/0 : 39[c7000] -> 41[46000] [send] via NET/IB/0
x3005c0s13b1n0:40170:40197 [3] NCCL INFO Channel 03/0 : 19[c7000] -> 21[46000] [send] via NET/IB/0
x3005c0s31b1n0:43605:43639 [3] NCCL INFO Channel 03/0 : 51[c7000] -> 53[46000] [send] via NET/IB/0
x3005c0s37b0n0:51108:51142 [3] NCCL INFO Channel 03/0 : 55[c7000] -> 57[46000] [send] via NET/IB/0
x3004c0s7b0n0:63625:63659 [3] NCCL INFO Channel 01 : 15[c7000] -> 14[85000] via P2P/IPC/read
x3004c0s7b0n0:63625:63659 [3] NCCL INFO Channel 02 : 15[c7000] -> 14[85000] via P2P/IPC/read
x3004c0s7b0n0:63625:63659 [3] NCCL INFO Channel 03 : 15[c7000] -> 14[85000] via P2P/IPC/read
x3005c0s37b1n0:37171:37205 [3] NCCL INFO Channel 03/0 : 59[c7000] -> 61[46000] [send] via NET/IB/0
x3005c0s19b0n0:685:719 [2] NCCL INFO Connected all rings
x3005c0s19b1n0:38778:38812 [3] NCCL INFO Connected all rings
x3005c0s19b1n0:38778:38812 [3] NCCL INFO Channel 00 : 27[c7000] -> 26[85000] via P2P/IPC/read
x3005c0s25b1n0:35230:35265 [3] NCCL INFO Channel 03/0 : 43[c7000] -> 45[46000] [send] via NET/IB/0
x3004c0s37b0n0:55810:55845 [3] NCCL INFO Connected all rings
x3004c0s37b0n0:55810:55845 [3] NCCL INFO Channel 00 : 7[c7000] -> 6[85000] via P2P/IPC/read
x3004c0s37b0n0:55810:55845 [3] NCCL INFO Channel 01 : 7[c7000] -> 6[85000] via P2P/IPC/read
x3004c0s37b0n0:55810:55845 [3] NCCL INFO Channel 02 : 7[c7000] -> 6[85000] via P2P/IPC/read
x3004c0s37b0n0:55810:55845 [3] NCCL INFO Channel 03 : 7[c7000] -> 6[85000] via P2P/IPC/read
x3005c0s7b0n0:58908:58938 [3] NCCL INFO Connected all rings
x3005c0s7b0n0:58908:58938 [3] NCCL INFO Channel 00 : 63[c7000] -> 62[85000] via P2P/IPC/read
x3005c0s7b0n0:58908:58938 [3] NCCL INFO Channel 01 : 63[c7000] -> 62[85000] via P2P/IPC/read
x3005c0s7b0n0:58908:58938 [3] NCCL INFO Channel 02 : 63[c7000] -> 62[85000] via P2P/IPC/read
x3005c0s7b0n0:58908:58938 [3] NCCL INFO Channel 03 : 63[c7000] -> 62[85000] via P2P/IPC/read
x3005c0s13b1n0:40168:40204 [1] NCCL INFO Channel 00 : 17[46000] -> 16[7000] via P2P/IPC/read
x3005c0s25b0n0:47558:47594 [1] NCCL INFO Channel 00 : 37[46000] -> 36[7000] via P2P/IPC/read
x3005c0s1b1n0:10334:10367 [3] NCCL INFO Connected all rings
x3005c0s1b1n0:10334:10367 [3] NCCL INFO Channel 00 : 35[c7000] -> 34[85000] via P2P/IPC/read
x3005c0s19b0n0:686:712 [3] NCCL INFO Connected all rings
x3005c0s19b0n0:686:712 [3] NCCL INFO Channel 00 : 23[c7000] -> 22[85000] via P2P/IPC/read
x3005c0s1b0n0:57545:57578 [3] NCCL INFO Connected all rings
x3005c0s1b0n0:57545:57578 [3] NCCL INFO Channel 00 : 31[c7000] -> 30[85000] via P2P/IPC/read
x3005c0s19b1n0:38778:38812 [3] NCCL INFO Channel 01 : 27[c7000] -> 26[85000] via P2P/IPC/read
x3005c0s1b1n0:10332:10369 [1] NCCL INFO Channel 00 : 33[46000] -> 32[7000] via P2P/IPC/read
x3005c0s1b0n0:57545:57578 [3] NCCL INFO Channel 01 : 31[c7000] -> 30[85000] via P2P/IPC/read
x3005c0s1b0n0:57545:57578 [3] NCCL INFO Channel 02 : 31[c7000] -> 30[85000] via P2P/IPC/read
x3005c0s1b0n0:57545:57578 [3] NCCL INFO Channel 03 : 31[c7000] -> 30[85000] via P2P/IPC/read
x3005c0s19b0n0:686:712 [3] NCCL INFO Channel 01 : 23[c7000] -> 22[85000] via P2P/IPC/read
x3005c0s19b0n0:686:712 [3] NCCL INFO Channel 02 : 23[c7000] -> 22[85000] via P2P/IPC/read
x3005c0s19b0n0:686:712 [3] NCCL INFO Channel 03 : 23[c7000] -> 22[85000] via P2P/IPC/read
x3005c0s31b0n0:42158:42193 [3] NCCL INFO Connected all rings
x3005c0s19b1n0:38778:38812 [3] NCCL INFO Channel 02 : 27[c7000] -> 26[85000] via P2P/IPC/read
x3005c0s31b0n0:42158:42193 [3] NCCL INFO Channel 00 : 47[c7000] -> 46[85000] via P2P/IPC/read
x3005c0s19b1n0:38778:38812 [3] NCCL INFO Channel 03 : 27[c7000] -> 26[85000] via P2P/IPC/read
x3005c0s13b1n0:40170:40197 [3] NCCL INFO Connected all rings
x3005c0s13b1n0:40170:40197 [3] NCCL INFO Channel 00 : 19[c7000] -> 18[85000] via P2P/IPC/read
x3005c0s13b1n0:40168:40204 [1] NCCL INFO Channel 01 : 17[46000] -> 16[7000] via P2P/IPC/read
x3004c0s37b1n0:8550:8586 [3] NCCL INFO Connected all rings
x3004c0s37b1n0:8550:8586 [3] NCCL INFO Channel 00 : 11[c7000] -> 10[85000] via P2P/IPC/read
x3005c0s19b1n0:38776:38806 [1] NCCL INFO Channel 00 : 25[46000] -> 24[7000] via P2P/IPC/read
x3004c0s7b0n0:63623:63652 [1] NCCL INFO Channel 00 : 13[46000] -> 12[7000] via P2P/IPC/read
x3005c0s13b1n0:40170:40197 [3] NCCL INFO Channel 01 : 19[c7000] -> 18[85000] via P2P/IPC/read
x3005c0s1b1n0:10334:10367 [3] NCCL INFO Channel 01 : 35[c7000] -> 34[85000] via P2P/IPC/read
x3005c0s25b0n0:47558:47594 [1] NCCL INFO Channel 01 : 37[46000] -> 36[7000] via P2P/IPC/read
x3005c0s1b0n0:57543:57572 [1] NCCL INFO Channel 00 : 29[46000] -> 28[7000] via P2P/IPC/read
x3004c0s31b1n0:8240:8274 [3] NCCL INFO Connected all rings
x3004c0s31b1n0:8240:8274 [3] NCCL INFO Channel 00 : 3[c7000] -> 2[85000] via P2P/IPC/read
x3004c0s37b1n0:8550:8586 [3] NCCL INFO Channel 01 : 11[c7000] -> 10[85000] via P2P/IPC/read
x3005c0s13b1n0:40168:40204 [1] NCCL INFO Channel 02 : 17[46000] -> 16[7000] via P2P/IPC/read
x3005c0s1b1n0:10332:10369 [1] NCCL INFO Channel 01 : 33[46000] -> 32[7000] via P2P/IPC/read
x3005c0s31b1n0:43603:43632 [1] NCCL INFO Channel 00 : 49[46000] -> 48[7000] via P2P/IPC/read
x3004c0s31b1n0:8238:8278 [1] NCCL INFO Channel 00 : 1[46000] -> 0[7000] via P2P/IPC/read
x3005c0s13b1n0:40168:40204 [1] NCCL INFO Channel 03 : 17[46000] -> 16[7000] via P2P/IPC/read
x3004c0s37b1n0:8548:8580 [1] NCCL INFO Channel 00 : 9[46000] -> 8[7000] via P2P/IPC/read
x3004c0s37b0n0:55808:55843 [1] NCCL INFO Channel 00 : 5[46000] -> 4[7000] via P2P/IPC/read
x3005c0s19b1n0:38776:38806 [1] NCCL INFO Channel 01 : 25[46000] -> 24[7000] via P2P/IPC/read
x3005c0s13b1n0:40168:40204 [1] NCCL INFO Connected all rings
x3005c0s13b1n0:40167:40206 [0] NCCL INFO Connected all rings
x3005c0s13b1n0:40167:40206 [0] NCCL INFO Channel 00 : 16[7000] -> 17[46000] via P2P/IPC/read
x3005c0s31b0n0:42158:42193 [3] NCCL INFO Channel 01 : 47[c7000] -> 46[85000] via P2P/IPC/read
x3005c0s31b1n0:43603:43632 [1] NCCL INFO Channel 01 : 49[46000] -> 48[7000] via P2P/IPC/read
x3005c0s31b1n0:43603:43632 [1] NCCL INFO Channel 02 : 49[46000] -> 48[7000] via P2P/IPC/read
x3005c0s31b1n0:43603:43632 [1] NCCL INFO Channel 03 : 49[46000] -> 48[7000] via P2P/IPC/read
x3005c0s31b1n0:43602:43641 [0] NCCL INFO Connected all rings
x3005c0s31b1n0:43602:43641 [0] NCCL INFO Channel 00 : 48[7000] -> 49[46000] via P2P/IPC/read
x3005c0s31b1n0:43603:43632 [1] NCCL INFO Connected all rings
x3005c0s1b1n0:10334:10367 [3] NCCL INFO Channel 02 : 35[c7000] -> 34[85000] via P2P/IPC/read
x3004c0s31b1n0:8240:8274 [3] NCCL INFO Channel 01 : 3[c7000] -> 2[85000] via P2P/IPC/read
x3004c0s37b1n0:8550:8586 [3] NCCL INFO Channel 02 : 11[c7000] -> 10[85000] via P2P/IPC/read
x3004c0s7b0n0:63623:63652 [1] NCCL INFO Channel 01 : 13[46000] -> 12[7000] via P2P/IPC/read
x3004c0s37b1n0:8550:8586 [3] NCCL INFO Channel 03 : 11[c7000] -> 10[85000] via P2P/IPC/read
x3005c0s25b0n0:47558:47594 [1] NCCL INFO Channel 02 : 37[46000] -> 36[7000] via P2P/IPC/read
x3005c0s13b1n0:40170:40197 [3] NCCL INFO Channel 02 : 19[c7000] -> 18[85000] via P2P/IPC/read
x3005c0s31b1n0:43605:43639 [3] NCCL INFO Connected all rings
x3005c0s31b1n0:43605:43639 [3] NCCL INFO Channel 00 : 51[c7000] -> 50[85000] via P2P/IPC/read
x3005c0s1b1n0:10334:10367 [3] NCCL INFO Channel 03 : 35[c7000] -> 34[85000] via P2P/IPC/read
x3005c0s1b1n0:10332:10369 [1] NCCL INFO Channel 02 : 33[46000] -> 32[7000] via P2P/IPC/read
x3005c0s19b1n0:38776:38806 [1] NCCL INFO Channel 02 : 25[46000] -> 24[7000] via P2P/IPC/read
x3005c0s19b1n0:38776:38806 [1] NCCL INFO Channel 03 : 25[46000] -> 24[7000] via P2P/IPC/read
x3005c0s25b0n0:47560:47587 [3] NCCL INFO Connected all rings
x3005c0s13b1n0:40167:40206 [0] NCCL INFO Channel 01 : 16[7000] -> 17[46000] via P2P/IPC/read
x3005c0s25b0n0:47560:47587 [3] NCCL INFO Channel 00 : 39[c7000] -> 38[85000] via P2P/IPC/read
x3004c0s37b1n0:8548:8580 [1] NCCL INFO Channel 01 : 9[46000] -> 8[7000] via P2P/IPC/read
x3005c0s19b1n0:38775:38814 [0] NCCL INFO Connected all rings
x3005c0s19b1n0:38775:38814 [0] NCCL INFO Channel 00 : 24[7000] -> 25[46000] via P2P/IPC/read
x3005c0s19b1n0:38776:38806 [1] NCCL INFO Connected all rings
x3005c0s25b0n0:47558:47594 [1] NCCL INFO Channel 03 : 37[46000] -> 36[7000] via P2P/IPC/read
x3005c0s1b0n0:57543:57572 [1] NCCL INFO Channel 01 : 29[46000] -> 28[7000] via P2P/IPC/read
x3005c0s31b0n0:42158:42193 [3] NCCL INFO Channel 02 : 47[c7000] -> 46[85000] via P2P/IPC/read
x3005c0s25b0n0:47557:47596 [0] NCCL INFO Connected all rings
x3005c0s25b0n0:47557:47596 [0] NCCL INFO Channel 00 : 36[7000] -> 37[46000] via P2P/IPC/read
x3005c0s25b0n0:47558:47594 [1] NCCL INFO Connected all rings
x3005c0s31b1n0:43602:43641 [0] NCCL INFO Channel 01 : 48[7000] -> 49[46000] via P2P/IPC/read
x3005c0s37b1n0:37171:37205 [3] NCCL INFO Connected all rings
x3005c0s37b1n0:37171:37205 [3] NCCL INFO Channel 00 : 59[c7000] -> 58[85000] via P2P/IPC/read
x3005c0s13b1n0:40170:40197 [3] NCCL INFO Channel 03 : 19[c7000] -> 18[85000] via P2P/IPC/read
x3005c0s13b1n0:40168:40204 [1] NCCL INFO Channel 00 : 17[46000] -> 18[85000] via P2P/IPC/read
x3005c0s13b1n0:40168:40204 [1] NCCL INFO Channel 01 : 17[46000] -> 18[85000] via P2P/IPC/read
x3005c0s13b1n0:40168:40204 [1] NCCL INFO Channel 02 : 17[46000] -> 18[85000] via P2P/IPC/read
x3005c0s13b1n0:40168:40204 [1] NCCL INFO Channel 03 : 17[46000] -> 18[85000] via P2P/IPC/read
x3004c0s31b1n0:8238:8278 [1] NCCL INFO Channel 01 : 1[46000] -> 0[7000] via P2P/IPC/read
x3004c0s31b1n0:8240:8274 [3] NCCL INFO Channel 02 : 3[c7000] -> 2[85000] via P2P/IPC/read
x3005c0s31b0n0:42156:42185 [1] NCCL INFO Channel 00 : 45[46000] -> 44[7000] via P2P/IPC/read
x3005c0s31b0n0:42156:42185 [1] NCCL INFO Channel 01 : 45[46000] -> 44[7000] via P2P/IPC/read
x3005c0s31b0n0:42156:42185 [1] NCCL INFO Channel 02 : 45[46000] -> 44[7000] via P2P/IPC/read
x3004c0s7b0n0:63623:63652 [1] NCCL INFO Channel 02 : 13[46000] -> 12[7000] via P2P/IPC/read
x3005c0s31b0n0:42156:42185 [1] NCCL INFO Channel 03 : 45[46000] -> 44[7000] via P2P/IPC/read
x3005c0s7b0n0:58906:58942 [1] NCCL INFO Channel 00 : 61[46000] -> 60[7000] via P2P/IPC/read
x3005c0s7b0n0:58906:58942 [1] NCCL INFO Channel 01 : 61[46000] -> 60[7000] via P2P/IPC/read
x3004c0s37b0n0:55808:55843 [1] NCCL INFO Channel 01 : 5[46000] -> 4[7000] via P2P/IPC/read
x3005c0s25b1n0:35228:35256 [1] NCCL INFO Channel 00 : 41[46000] -> 40[7000] via P2P/IPC/read
x3005c0s25b1n0:35230:35265 [3] NCCL INFO Connected all rings
x3005c0s25b1n0:35230:35265 [3] NCCL INFO Channel 00 : 43[c7000] -> 42[85000] via P2P/IPC/read
x3004c0s31b1n0:8240:8274 [3] NCCL INFO Channel 03 : 3[c7000] -> 2[85000] via P2P/IPC/read
x3005c0s1b1n0:10332:10369 [1] NCCL INFO Channel 03 : 33[46000] -> 32[7000] via P2P/IPC/read
x3005c0s31b0n0:42158:42193 [3] NCCL INFO Channel 03 : 47[c7000] -> 46[85000] via P2P/IPC/read
x3005c0s37b0n0:51106:51136 [1] NCCL INFO Channel 00 : 53[46000] -> 52[7000] via P2P/IPC/read
x3005c0s37b0n0:51108:51142 [3] NCCL INFO Connected all rings
x3005c0s37b0n0:51108:51142 [3] NCCL INFO Channel 00 : 55[c7000] -> 54[85000] via P2P/IPC/read
x3005c0s1b1n0:10332:10369 [1] NCCL INFO Connected all rings
x3005c0s1b1n0:10331:10371 [0] NCCL INFO Connected all rings
x3005c0s1b1n0:10331:10371 [0] NCCL INFO Channel 00 : 32[7000] -> 33[46000] via P2P/IPC/read
x3005c0s19b1n0:38775:38814 [0] NCCL INFO Channel 01 : 24[7000] -> 25[46000] via P2P/IPC/read
x3004c0s7b0n0:63623:63652 [1] NCCL INFO Channel 03 : 13[46000] -> 12[7000] via P2P/IPC/read
x3005c0s31b0n0:42156:42185 [1] NCCL INFO Connected all rings
x3005c0s31b0n0:42155:42194 [0] NCCL INFO Connected all rings
