x3103c0s7b0n0:57601:57631 [3] NCCL INFO Channel 02/0 : 23[c7000] -> 27[c7000] [receive] via NET/IB/0
x3103c0s37b1n0:55364:55401 [0] NCCL INFO Channel 03/0 : 13[46000] -> 20[7000] [receive] via NET/IB/0
x3103c0s7b0n0:57599:57637 [1] NCCL INFO Channel 01/0 : 25[46000] -> 20[7000] [send] via NET/IB/0
x3104c0s19b0n0:36942:36975 [0] NCCL INFO Channel 00/0 : 40[7000] -> 49[46000] [send] via NET/IB/1
x3104c0s19b1n0:18019:18055 [3] NCCL INFO Channel 00/0 : 43[c7000] -> 47[c7000] [receive] via NET/IB/0
x3103c0s25b1n0:43297:43334 [0] NCCL INFO Channel 02/0 : 4[7000] -> 12[7000] [send] via NET/IB/1
x3103c0s31b1n0:55805:55839 [3] NCCL INFO Channel 02/0 : 15[c7000] -> 23[c7000] [send] via NET/IB/0
x3103c0s25b0n0:2385:2421 [3] NCCL INFO Channel 00/0 : 3[c7000] -> 35[c7000] [send] via NET/IB/0
x3104c0s19b0n0:36942:36975 [0] NCCL INFO Channel 01/0 : 40[7000] -> 49[46000] [send] via NET/IB/0
x3103c0s31b0n0:33963:33994 [1] NCCL INFO Channel 00/0 : 9[46000] -> 4[7000] [send] via NET/IB/1
x3103c0s7b1n0:55997:56030 [0] NCCL INFO Channel 03/0 : 12[7000] -> 28[7000] [receive] via NET/IB/0
x3104c0s31b0n0:50101:50136 [0] NCCL INFO Channel 03/0 : 28[7000] -> 60[7000] [receive] via NET/IB/0
x3103c0s7b0n0:57598:57634 [0] NCCL INFO Channel 01/0 : 16[7000] -> 24[7000] [receive] via NET/IB/0
x3103c0s25b1n0:43297:43334 [0] NCCL INFO Channel 03/0 : 4[7000] -> 12[7000] [send] via NET/IB/0
x3104c0s25b1n0:60020:60051 [0] NCCL INFO Channel 01/0 : 48[7000] -> 56[7000] [receive] via NET/IB/0
x3103c0s31b0n0:33963:33994 [1] NCCL INFO Channel 01/0 : 9[46000] -> 4[7000] [send] via NET/IB/0
x3104c0s31b0n0:50101:50136 [0] NCCL INFO Channel 02/0 : 60[7000] -> 28[7000] [send] via NET/IB/1
x3103c0s31b0n0:33965:34002 [3] NCCL INFO Channel 00/0 : 11[c7000] -> 19[c7000] [send] via NET/IB/0
x3103c0s7b0n0:57601:57631 [3] NCCL INFO Channel 00/0 : 27[c7000] -> 31[c7000] [send] via NET/IB/0
x3103c0s31b1n0:55802:55835 [0] NCCL INFO Channel 02/0 : 4[7000] -> 12[7000] [receive] via NET/IB/1
x3104c0s13b1n0:61157:61194 [3] NCCL INFO Channel 02/0 : 39[c7000] -> 47[c7000] [send] via NET/IB/0
x3104c0s25b0n0:63695:63728 [0] NCCL INFO Channel 02/0 : 52[7000] -> 45[46000] [send] via NET/IB/1
x3103c0s25b1n0:43300:43336 [3] NCCL INFO Channel 02/0 : 7[c7000] -> 15[c7000] [send] via NET/IB/0
x3104c0s19b1n0:18017:18053 [1] NCCL INFO Channel 02/0 : 52[7000] -> 45[46000] [receive] via NET/IB/1
x3104c0s31b0n0:50101:50136 [0] NCCL INFO Channel 03/0 : 60[7000] -> 28[7000] [send] via NET/IB/0
x3103c0s31b0n0:33962:33999 [0] NCCL INFO Channel 00/0 : 8[7000] -> 17[46000] [send] via NET/IB/1
x3104c0s19b1n0:18019:18055 [3] NCCL INFO Channel 02/0 : 39[c7000] -> 47[c7000] [receive] via NET/IB/0
x3104c0s25b0n0:63695:63728 [0] NCCL INFO Channel 03/0 : 52[7000] -> 45[46000] [send] via NET/IB/0
x3104c0s25b1n0:60023:60054 [3] NCCL INFO Channel 00/0 : 51[c7000] -> 59[c7000] [receive] via NET/IB/0
x3103c0s31b0n0:33962:33999 [0] NCCL INFO Channel 01/0 : 8[7000] -> 17[46000] [send] via NET/IB/0
x3104c0s25b0n0:63698:63734 [3] NCCL INFO Channel 02/0 : 47[c7000] -> 55[c7000] [receive] via NET/IB/0
x3104c0s19b1n0:18017:18053 [1] NCCL INFO Channel 03/0 : 52[7000] -> 45[46000] [receive] via NET/IB/0
x3103c0s31b0n0:33965:34002 [3] NCCL INFO Channel 00/0 : 19[c7000] -> 11[c7000] [receive] via NET/IB/0
x3104c0s13b1n0:61154:61189 [0] NCCL INFO Channel 02/0 : 44[7000] -> 36[7000] [receive] via NET/IB/1
x3103c0s7b1n0:56000:56035 [3] NCCL INFO Channel 02/0 : 15[c7000] -> 31[c7000] [receive] via NET/IB/0
x3103c0s31b1n0:55802:55835 [0] NCCL INFO Channel 03/0 : 4[7000] -> 12[7000] [receive] via NET/IB/0
x3104c0s19b1n0:18016:18054 [0] NCCL INFO Channel 02/0 : 29[46000] -> 44[7000] [receive] via NET/IB/1
x3103c0s37b1n0:55364:55401 [0] NCCL INFO Channel 02/0 : 20[7000] -> 13[46000] [send] via NET/IB/1
x3104c0s19b0n0:36945:36979 [3] NCCL INFO Channel 00/0 : 43[c7000] -> 51[c7000] [send] via NET/IB/0
x3103c0s31b1n0:55803:55833 [1] NCCL INFO Channel 02/0 : 20[7000] -> 13[46000] [receive] via NET/IB/1
x3104c0s19b1n0:18019:18055 [3] NCCL INFO Channel 02/0 : 47[c7000] -> 55[c7000] [send] via NET/IB/0
x3104c0s13b1n0:61154:61189 [0] NCCL INFO Channel 03/0 : 44[7000] -> 36[7000] [receive] via NET/IB/0
x3103c0s25b1n0:43300:43336 [3] NCCL INFO Channel 02/0 : 15[c7000] -> 7[c7000] [receive] via NET/IB/0
x3104c0s19b0n0:36942:36975 [0] NCCL INFO Channel 00/0 : 49[46000] -> 40[7000] [receive] via NET/IB/1
x3104c0s1b1n0:59085:59125 [1] NCCL INFO Channel 00/0 : 49[46000] -> 40[7000] [send] via NET/IB/1
x3104c0s19b1n0:18016:18054 [0] NCCL INFO Channel 03/0 : 29[46000] -> 44[7000] [receive] via NET/IB/0
x3103c0s7b1n0:56000:56035 [3] NCCL INFO Channel 02/0 : 31[c7000] -> 47[c7000] [send] via NET/IB/0
x3103c0s31b1n0:55803:55833 [1] NCCL INFO Channel 03/0 : 20[7000] -> 13[46000] [receive] via NET/IB/0
x3104c0s1b1n0:59084:59122 [0] NCCL INFO Channel 00/0 : 32[7000] -> 48[7000] [receive] via NET/IB/1
x3104c0s19b0n0:36945:36979 [3] NCCL INFO Channel 00/0 : 51[c7000] -> 43[c7000] [receive] via NET/IB/0
x3104c0s1b1n0:59085:59125 [1] NCCL INFO Channel 01/0 : 49[46000] -> 40[7000] [send] via NET/IB/0
x3104c0s25b1n0:60020:60051 [0] NCCL INFO Channel 00/0 : 56[7000] -> 48[7000] [send] via NET/IB/1
x3103c0s37b1n0:55364:55401 [0] NCCL INFO Channel 03/0 : 20[7000] -> 13[46000] [send] via NET/IB/0
x3103c0s37b0n0:9568:9601 [0] NCCL INFO Channel 00/0 : 16[7000] -> 33[46000] [send] via NET/IB/1
x3104c0s19b0n0:36942:36975 [0] NCCL INFO Channel 01/0 : 49[46000] -> 40[7000] [receive] via NET/IB/0
x3103c0s37b0n0:9569:9600 [1] NCCL INFO Channel 00/0 : 17[46000] -> 8[7000] [send] via NET/IB/1
x3103c0s7b0n0:57598:57634 [0] NCCL INFO Channel 00/0 : 24[7000] -> 16[7000] [send] via NET/IB/1
x3103c0s37b0n0:9568:9601 [0] NCCL INFO Channel 01/0 : 16[7000] -> 33[46000] [send] via NET/IB/0
x3104c0s1b1n0:59084:59122 [0] NCCL INFO Channel 01/0 : 32[7000] -> 48[7000] [receive] via NET/IB/0
x3104c0s25b0n0:63695:63728 [0] NCCL INFO Channel 00/0 : 57[46000] -> 52[7000] [receive] via NET/IB/1
x3103c0s7b0n0:57598:57634 [0] NCCL INFO Channel 01/0 : 24[7000] -> 16[7000] [send] via NET/IB/0
x3103c0s31b0n0:33962:33999 [0] NCCL INFO Channel 00/0 : 17[46000] -> 8[7000] [receive] via NET/IB/1
x3104c0s25b0n0:63698:63734 [3] NCCL INFO Channel 02/0 : 55[c7000] -> 47[c7000] [send] via NET/IB/0
x3103c0s7b0n0:57601:57631 [3] NCCL INFO Channel 00/0 : 19[c7000] -> 27[c7000] [receive] via NET/IB/0
x3104c0s25b1n0:60020:60051 [0] NCCL INFO Channel 01/0 : 56[7000] -> 48[7000] [send] via NET/IB/0
x3103c0s37b1n0:55367:55400 [3] NCCL INFO Channel 02/0 : 15[c7000] -> 23[c7000] [receive] via NET/IB/0
x3104c0s25b1n0:60023:60054 [3] NCCL INFO Channel 00/0 : 59[c7000] -> 51[c7000] [send] via NET/IB/0
x3104c0s19b1n0:18019:18055 [3] NCCL INFO Channel 02/0 : 31[c7000] -> 47[c7000] [receive] via NET/IB/0
x3103c0s37b0n0:9569:9600 [1] NCCL INFO Channel 01/0 : 17[46000] -> 8[7000] [send] via NET/IB/0
x3104c0s25b0n0:63695:63728 [0] NCCL INFO Channel 01/0 : 57[46000] -> 52[7000] [receive] via NET/IB/0
x3103c0s31b0n0:33962:33999 [0] NCCL INFO Channel 01/0 : 17[46000] -> 8[7000] [receive] via NET/IB/0
x3104c0s13b1n0:61157:61194 [3] NCCL INFO Channel 02/0 : 47[c7000] -> 39[c7000] [receive] via NET/IB/0
x3103c0s31b1n0:55802:55835 [0] NCCL INFO Channel 02/0 : 12[7000] -> 28[7000] [send] via NET/IB/1
x3104c0s1b1n0:59087:59121 [3] NCCL INFO Channel 00/0 : 35[c7000] -> 51[c7000] [receive] via NET/IB/0
x3103c0s25b1n0:43297:43334 [0] NCCL INFO Channel 02/0 : 12[7000] -> 4[7000] [receive] via NET/IB/1
x3104c0s19b1n0:18017:18053 [1] NCCL INFO Connected all trees
x3104c0s19b1n0:18017:18053 [1] NCCL INFO MSCCL_XML_FILES set by environment to /home/yuke/ncclPG/msccl_tools_lyd/examples/xml/allreduce_binary_tree_p_2nicPtree_channel4_chunk256.xml
x3104c0s19b1n0:18017:18053 [1] NCCL INFO MSCCL: Parsing algorithm /home/yuke/ncclPG/msccl_tools_lyd/examples/xml/allreduce_binary_tree_p_2nicPtree_channel4_chunk256.xml
x3104c0s19b1n0:18018:18056 [2] NCCL INFO Connected all trees
x3104c0s19b1n0:18018:18056 [2] NCCL INFO MSCCL_XML_FILES set by environment to /home/yuke/ncclPG/msccl_tools_lyd/examples/xml/allreduce_binary_tree_p_2nicPtree_channel4_chunk256.xml
x3104c0s19b1n0:18018:18056 [2] NCCL INFO MSCCL: Parsing algorithm /home/yuke/ncclPG/msccl_tools_lyd/examples/xml/allreduce_binary_tree_p_2nicPtree_channel4_chunk256.xml
x3103c0s31b1n0:55802:55835 [0] NCCL INFO Channel 03/0 : 12[7000] -> 28[7000] [send] via NET/IB/0
x3103c0s7b1n0:55998:56028 [1] NCCL INFO Channel 02/0 : 44[7000] -> 29[46000] [receive] via NET/IB/1
x3103c0s25b1n0:43297:43334 [0] NCCL INFO Channel 03/0 : 12[7000] -> 4[7000] [receive] via NET/IB/0
x3103c0s7b1n0:55998:56028 [1] NCCL INFO Channel 03/0 : 44[7000] -> 29[46000] [receive] via NET/IB/0
x3104c0s13b0n0:43013:43051 [1] NCCL INFO Channel 00/0 : 33[46000] -> 16[7000] [send] via NET/IB/1
x3103c0s37b0n0:9568:9601 [0] NCCL INFO Channel 00/0 : 33[46000] -> 16[7000] [receive] via NET/IB/1
x3103c0s37b1n0:55364:55401 [0] NCCL INFO Channel 00/0 : 25[46000] -> 20[7000] [receive] via NET/IB/1
x3104c0s19b1n0:18016:18054 [0] NCCL INFO Channel 02/0 : 44[7000] -> 29[46000] [send] via NET/IB/1
x3104c0s19b0n0:36942:36975 [0] NCCL INFO Channel 00/0 : 44[7000] -> 40[7000] [receive] via NET/IB/1
x3103c0s37b1n0:55367:55400 [3] NCCL INFO Channel 02/0 : 23[c7000] -> 15[c7000] [send] via NET/IB/0
x3103c0s7b0n0:57601:57631 [3] NCCL INFO Channel 00/0 : 27[c7000] -> 19[c7000] [send] via NET/IB/0
x3104c0s1b1n0:59085:59125 [1] NCCL INFO Connected all trees
x3104c0s1b1n0:59085:59125 [1] NCCL INFO MSCCL_XML_FILES set by environment to /home/yuke/ncclPG/msccl_tools_lyd/examples/xml/allreduce_binary_tree_p_2nicPtree_channel4_chunk256.xml
x3104c0s1b1n0:59085:59125 [1] NCCL INFO MSCCL: Parsing algorithm /home/yuke/ncclPG/msccl_tools_lyd/examples/xml/allreduce_binary_tree_p_2nicPtree_channel4_chunk256.xml
x3104c0s1b1n0:59086:59119 [2] NCCL INFO Connected all trees
x3104c0s1b1n0:59086:59119 [2] NCCL INFO MSCCL_XML_FILES set by environment to /home/yuke/ncclPG/msccl_tools_lyd/examples/xml/allreduce_binary_tree_p_2nicPtree_channel4_chunk256.xml
x3104c0s1b1n0:59086:59119 [2] NCCL INFO MSCCL: Parsing algorithm /home/yuke/ncclPG/msccl_tools_lyd/examples/xml/allreduce_binary_tree_p_2nicPtree_channel4_chunk256.xml
x3104c0s19b1n0:18016:18054 [0] NCCL INFO Channel 03/0 : 44[7000] -> 29[46000] [send] via NET/IB/0
x3104c0s13b0n0:43012:43050 [0] NCCL INFO Channel 00/0 : 0[7000] -> 32[7000] [receive] via NET/IB/1
x3104c0s1b1n0:59084:59122 [0] NCCL INFO Channel 00/0 : 48[7000] -> 32[7000] [send] via NET/IB/1
x3103c0s37b0n0:9568:9601 [0] NCCL INFO Channel 01/0 : 33[46000] -> 16[7000] [receive] via NET/IB/0
x3104c0s13b0n0:43013:43051 [1] NCCL INFO Channel 01/0 : 33[46000] -> 16[7000] [send] via NET/IB/0
x3103c0s37b1n0:55364:55401 [0] NCCL INFO Channel 01/0 : 25[46000] -> 20[7000] [receive] via NET/IB/0
x3104c0s19b1n0:18017:18053 [1] NCCL INFO Parsed MSCCL Algorithm /home/yuke/ncclPG/msccl_tools_lyd/examples/xml/allreduce_binary_tree_p_2nicPtree_channel4_chunk256.xml successfully.
x3103c0s37b0n0:9571:9607 [3] NCCL INFO Channel 00/0 : 19[c7000] -> 35[c7000] [send] via NET/IB/0
x3104c0s13b0n0:43012:43050 [0] NCCL INFO Channel 01/0 : 0[7000] -> 32[7000] [receive] via NET/IB/0
x3104c0s19b1n0:18018:18056 [2] NCCL INFO Parsed MSCCL Algorithm /home/yuke/ncclPG/msccl_tools_lyd/examples/xml/allreduce_binary_tree_p_2nicPtree_channel4_chunk256.xml successfully.
x3104c0s19b1n0:18018:18056 [2] NCCL INFO Channel 00 : 46[85000] -> 44[7000] via P2P/IPC/read
x3103c0s31b1n0:55805:55839 [3] NCCL INFO Channel 02/0 : 15[c7000] -> 31[c7000] [send] via NET/IB/0
x3104c0s19b0n0:36942:36975 [0] NCCL INFO Channel 01/0 : 44[7000] -> 40[7000] [receive] via NET/IB/0
x3103c0s31b1n0:55803:55833 [1] NCCL INFO Connected all trees
x3103c0s31b1n0:55803:55833 [1] NCCL INFO MSCCL_XML_FILES set by environment to /home/yuke/ncclPG/msccl_tools_lyd/examples/xml/allreduce_binary_tree_p_2nicPtree_channel4_chunk256.xml
x3103c0s31b1n0:55803:55833 [1] NCCL INFO MSCCL: Parsing algorithm /home/yuke/ncclPG/msccl_tools_lyd/examples/xml/allreduce_binary_tree_p_2nicPtree_channel4_chunk256.xml
x3104c0s1b1n0:59084:59122 [0] NCCL INFO Channel 01/0 : 48[7000] -> 32[7000] [send] via NET/IB/0
x3103c0s31b1n0:55804:55841 [2] NCCL INFO Connected all trees
x3103c0s31b1n0:55804:55841 [2] NCCL INFO MSCCL_XML_FILES set by environment to /home/yuke/ncclPG/msccl_tools_lyd/examples/xml/allreduce_binary_tree_p_2nicPtree_channel4_chunk256.xml
x3103c0s31b1n0:55804:55841 [2] NCCL INFO MSCCL: Parsing algorithm /home/yuke/ncclPG/msccl_tools_lyd/examples/xml/allreduce_binary_tree_p_2nicPtree_channel4_chunk256.xml
x3103c0s31b0n0:33962:33999 [0] NCCL INFO Channel 00/0 : 12[7000] -> 8[7000] [receive] via NET/IB/1
x3104c0s25b0n0:63695:63728 [0] NCCL INFO Channel 02/0 : 52[7000] -> 48[7000] [send] via NET/IB/1
x3104c0s19b1n0:18017:18053 [1] NCCL INFO Channel 01/0 : 41[46000] -> 45[46000] [receive] via NET/IB/1
x3104c0s25b1n0:60021:60058 [1] NCCL INFO Connected all trees
x3104c0s25b1n0:60021:60058 [1] NCCL INFO MSCCL_XML_FILES set by environment to /home/yuke/ncclPG/msccl_tools_lyd/examples/xml/allreduce_binary_tree_p_2nicPtree_channel4_chunk256.xml
x3104c0s25b1n0:60021:60058 [1] NCCL INFO MSCCL: Parsing algorithm /home/yuke/ncclPG/msccl_tools_lyd/examples/xml/allreduce_binary_tree_p_2nicPtree_channel4_chunk256.xml
x3104c0s25b1n0:60022:60060 [2] NCCL INFO Connected all trees
x3104c0s25b1n0:60022:60060 [2] NCCL INFO MSCCL_XML_FILES set by environment to /home/yuke/ncclPG/msccl_tools_lyd/examples/xml/allreduce_binary_tree_p_2nicPtree_channel4_chunk256.xml
x3104c0s25b1n0:60022:60060 [2] NCCL INFO MSCCL: Parsing algorithm /home/yuke/ncclPG/msccl_tools_lyd/examples/xml/allreduce_binary_tree_p_2nicPtree_channel4_chunk256.xml
x3104c0s25b0n0:63695:63728 [0] NCCL INFO Channel 03/0 : 52[7000] -> 48[7000] [send] via NET/IB/0
x3103c0s37b0n0:9571:9607 [3] NCCL INFO Channel 00/0 : 35[c7000] -> 19[c7000] [receive] via NET/IB/0
x3104c0s19b1n0:18018:18056 [2] NCCL INFO Channel 01 : 46[85000] -> 44[7000] via P2P/IPC/read
x3103c0s31b0n0:33962:33999 [0] NCCL INFO Channel 01/0 : 12[7000] -> 8[7000] [receive] via NET/IB/0
x3103c0s31b1n0:55802:55835 [0] NCCL INFO Channel 02/0 : 28[7000] -> 12[7000] [receive] via NET/IB/1
x3104c0s19b1n0:18018:18056 [2] NCCL INFO Channel 02 : 46[85000] -> 44[7000] via P2P/IPC/read
x3104c0s19b1n0:18018:18056 [2] NCCL INFO Channel 03 : 46[85000] -> 44[7000] via P2P/IPC/read
x3104c0s1b1n0:59085:59125 [1] NCCL INFO Parsed MSCCL Algorithm /home/yuke/ncclPG/msccl_tools_lyd/examples/xml/allreduce_binary_tree_p_2nicPtree_channel4_chunk256.xml successfully.
x3103c0s37b0n0:9569:9600 [1] NCCL INFO Connected all trees
x3103c0s37b0n0:9569:9600 [1] NCCL INFO MSCCL_XML_FILES set by environment to /home/yuke/ncclPG/msccl_tools_lyd/examples/xml/allreduce_binary_tree_p_2nicPtree_channel4_chunk256.xml
x3103c0s37b0n0:9569:9600 [1] NCCL INFO MSCCL: Parsing algorithm /home/yuke/ncclPG/msccl_tools_lyd/examples/xml/allreduce_binary_tree_p_2nicPtree_channel4_chunk256.xml
x3104c0s1b1n0:59086:59119 [2] NCCL INFO Parsed MSCCL Algorithm /home/yuke/ncclPG/msccl_tools_lyd/examples/xml/allreduce_binary_tree_p_2nicPtree_channel4_chunk256.xml successfully.
x3104c0s1b1n0:59086:59119 [2] NCCL INFO Channel 00 : 50[85000] -> 48[7000] via P2P/IPC/read
x3103c0s7b1n0:55997:56030 [0] NCCL INFO Channel 02/0 : 60[7000] -> 28[7000] [receive] via NET/IB/1
x3104c0s13b0n0:43012:43050 [0] NCCL INFO Channel 00/0 : 32[7000] -> 0[7000] [send] via NET/IB/1
x3103c0s31b1n0:55805:55839 [3] NCCL INFO Channel 02/0 : 31[c7000] -> 15[c7000] [receive] via NET/IB/0
x3104c0s1b1n0:59085:59125 [1] NCCL INFO Channel 03/0 : 49[46000] -> 53[46000] [send] via NET/IB/1
x3103c0s37b0n0:9570:9606 [2] NCCL INFO Connected all trees
x3103c0s37b0n0:9570:9606 [2] NCCL INFO MSCCL_XML_FILES set by environment to /home/yuke/ncclPG/msccl_tools_lyd/examples/xml/allreduce_binary_tree_p_2nicPtree_channel4_chunk256.xml
x3103c0s37b0n0:9570:9606 [2] NCCL INFO MSCCL: Parsing algorithm /home/yuke/ncclPG/msccl_tools_lyd/examples/xml/allreduce_binary_tree_p_2nicPtree_channel4_chunk256.xml
x3103c0s31b1n0:55803:55833 [1] NCCL INFO Parsed MSCCL Algorithm /home/yuke/ncclPG/msccl_tools_lyd/examples/xml/allreduce_binary_tree_p_2nicPtree_channel4_chunk256.xml successfully.
x3103c0s31b1n0:55804:55841 [2] NCCL INFO Parsed MSCCL Algorithm /home/yuke/ncclPG/msccl_tools_lyd/examples/xml/allreduce_binary_tree_p_2nicPtree_channel4_chunk256.xml successfully.
x3103c0s31b1n0:55804:55841 [2] NCCL INFO Channel 00 : 14[85000] -> 12[7000] via P2P/IPC/read
x3104c0s1b1n0:59086:59119 [2] NCCL INFO Channel 01 : 50[85000] -> 48[7000] via P2P/IPC/read
x3104c0s19b1n0:18016:18054 [0] NCCL INFO Channel 02/0 : 44[7000] -> 36[7000] [send] via NET/IB/1
x3104c0s13b0n0:43012:43050 [0] NCCL INFO Channel 01/0 : 32[7000] -> 0[7000] [send] via NET/IB/0
x3104c0s25b1n0:60021:60058 [1] NCCL INFO Parsed MSCCL Algorithm /home/yuke/ncclPG/msccl_tools_lyd/examples/xml/allreduce_binary_tree_p_2nicPtree_channel4_chunk256.xml successfully.
x3104c0s1b1n0:59087:59121 [3] NCCL INFO Channel 00/0 : 51[c7000] -> 35[c7000] [send] via NET/IB/0
x3104c0s19b1n0:18019:18055 [3] NCCL INFO Channel 02/0 : 47[c7000] -> 31[c7000] [send] via NET/IB/0
x3103c0s31b1n0:55803:55833 [1] NCCL INFO Channel 01/0 : 9[46000] -> 13[46000] [receive] via NET/IB/1
x3103c0s7b1n0:55997:56030 [0] NCCL INFO Channel 03/0 : 60[7000] -> 28[7000] [receive] via NET/IB/0
x3104c0s25b1n0:60022:60060 [2] NCCL INFO Parsed MSCCL Algorithm /home/yuke/ncclPG/msccl_tools_lyd/examples/xml/allreduce_binary_tree_p_2nicPtree_channel4_chunk256.xml successfully.
x3103c0s31b1n0:55804:55841 [2] NCCL INFO Channel 01 : 14[85000] -> 12[7000] via P2P/IPC/read
x3104c0s25b1n0:60022:60060 [2] NCCL INFO Channel 00 : 58[85000] -> 56[7000] via P2P/IPC/read
x3104c0s19b1n0:18016:18054 [0] NCCL INFO Channel 03/0 : 44[7000] -> 36[7000] [send] via NET/IB/0
x3104c0s13b0n0:43015:43042 [3] NCCL INFO Channel 00/0 : 3[c7000] -> 35[c7000] [receive] via NET/IB/0
x3103c0s31b1n0:55802:55835 [0] NCCL INFO Channel 03/0 : 28[7000] -> 12[7000] [receive] via NET/IB/0
x3104c0s25b1n0:60021:60058 [1] NCCL INFO Channel 01/0 : 53[46000] -> 57[46000] [receive] via NET/IB/1
x3104c0s1b1n0:59086:59119 [2] NCCL INFO Channel 02 : 50[85000] -> 48[7000] via P2P/IPC/read
x3104c0s1b1n0:59086:59119 [2] NCCL INFO Channel 03 : 50[85000] -> 48[7000] via P2P/IPC/read
x3103c0s37b0n0:9568:9601 [0] NCCL INFO Channel 00/0 : 24[7000] -> 16[7000] [receive] via NET/IB/1
x3103c0s37b1n0:55364:55401 [0] NCCL INFO Channel 02/0 : 20[7000] -> 16[7000] [send] via NET/IB/1
x3103c0s31b1n0:55804:55841 [2] NCCL INFO Channel 02 : 14[85000] -> 12[7000] via P2P/IPC/read
x3104c0s13b0n0:43015:43042 [3] NCCL INFO Channel 00/0 : 35[c7000] -> 3[c7000] [send] via NET/IB/0
x3104c0s13b0n0:43013:43051 [1] NCCL INFO Connected all trees
x3104c0s13b0n0:43013:43051 [1] NCCL INFO MSCCL_XML_FILES set by environment to /home/yuke/ncclPG/msccl_tools_lyd/examples/xml/allreduce_binary_tree_p_2nicPtree_channel4_chunk256.xml
x3104c0s13b0n0:43013:43051 [1] NCCL INFO MSCCL: Parsing algorithm /home/yuke/ncclPG/msccl_tools_lyd/examples/xml/allreduce_binary_tree_p_2nicPtree_channel4_chunk256.xml
x3104c0s25b1n0:60021:60058 [1] NCCL INFO Channel 03/0 : 53[46000] -> 57[46000] [receive] via NET/IB/1
x3103c0s37b0n0:9569:9600 [1] NCCL INFO Parsed MSCCL Algorithm /home/yuke/ncclPG/msccl_tools_lyd/examples/xml/allreduce_binary_tree_p_2nicPtree_channel4_chunk256.xml successfully.
x3104c0s13b0n0:43014:43047 [2] NCCL INFO Connected all trees
x3104c0s13b0n0:43014:43047 [2] NCCL INFO MSCCL_XML_FILES set by environment to /home/yuke/ncclPG/msccl_tools_lyd/examples/xml/allreduce_binary_tree_p_2nicPtree_channel4_chunk256.xml
x3104c0s13b0n0:43014:43047 [2] NCCL INFO MSCCL: Parsing algorithm /home/yuke/ncclPG/msccl_tools_lyd/examples/xml/allreduce_binary_tree_p_2nicPtree_channel4_chunk256.xml
x3104c0s25b1n0:60022:60060 [2] NCCL INFO Channel 01 : 58[85000] -> 56[7000] via P2P/IPC/read
x3103c0s37b1n0:55364:55401 [0] NCCL INFO Channel 03/0 : 20[7000] -> 16[7000] [send] via NET/IB/0
x3103c0s31b1n0:55804:55841 [2] NCCL INFO Channel 03 : 14[85000] -> 12[7000] via P2P/IPC/read
x3103c0s7b1n0:55998:56028 [1] NCCL INFO Connected all trees
x3103c0s7b1n0:55998:56028 [1] NCCL INFO MSCCL_XML_FILES set by environment to /home/yuke/ncclPG/msccl_tools_lyd/examples/xml/allreduce_binary_tree_p_2nicPtree_channel4_chunk256.xml
x3103c0s7b1n0:55998:56028 [1] NCCL INFO MSCCL: Parsing algorithm /home/yuke/ncclPG/msccl_tools_lyd/examples/xml/allreduce_binary_tree_p_2nicPtree_channel4_chunk256.xml
x3103c0s37b0n0:9568:9601 [0] NCCL INFO Channel 01/0 : 24[7000] -> 16[7000] [receive] via NET/IB/0
x3103c0s37b0n0:9570:9606 [2] NCCL INFO Parsed MSCCL Algorithm /home/yuke/ncclPG/msccl_tools_lyd/examples/xml/allreduce_binary_tree_p_2nicPtree_channel4_chunk256.xml successfully.
x3103c0s37b0n0:9570:9606 [2] NCCL INFO Channel 00 : 18[85000] -> 16[7000] via P2P/IPC/read
x3103c0s7b1n0:55999:56036 [2] NCCL INFO Connected all trees
x3103c0s7b1n0:55999:56036 [2] NCCL INFO MSCCL_XML_FILES set by environment to /home/yuke/ncclPG/msccl_tools_lyd/examples/xml/allreduce_binary_tree_p_2nicPtree_channel4_chunk256.xml
x3103c0s7b1n0:55999:56036 [2] NCCL INFO MSCCL: Parsing algorithm /home/yuke/ncclPG/msccl_tools_lyd/examples/xml/allreduce_binary_tree_p_2nicPtree_channel4_chunk256.xml
x3103c0s7b1n0:55997:56030 [0] NCCL INFO Channel 02/0 : 28[7000] -> 60[7000] [send] via NET/IB/1
x3103c0s7b1n0:56000:56035 [3] NCCL INFO Channel 02/0 : 63[c7000] -> 31[c7000] [receive] via NET/IB/0
x3103c0s37b0n0:9569:9600 [1] NCCL INFO Channel 03/0 : 17[46000] -> 21[46000] [send] via NET/IB/1
x3103c0s37b0n0:9570:9606 [2] NCCL INFO Channel 01 : 18[85000] -> 16[7000] via P2P/IPC/read
x3104c0s13b1n0:61154:61189 [0] NCCL INFO Channel 00/0 : 41[46000] -> 36[7000] [receive] via NET/IB/1
x3104c0s13b1n0:61154:61189 [0] NCCL INFO Channel 01/0 : 41[46000] -> 36[7000] [receive] via NET/IB/0
x3103c0s7b1n0:55997:56030 [0] NCCL INFO Channel 03/0 : 28[7000] -> 60[7000] [send] via NET/IB/0
x3104c0s25b1n0:60022:60060 [2] NCCL INFO Channel 02 : 58[85000] -> 56[7000] via P2P/IPC/read
x3103c0s7b1n0:56000:56035 [3] NCCL INFO Channel 02/0 : 31[c7000] -> 63[c7000] [send] via NET/IB/0
x3103c0s7b0n0:57599:57637 [1] NCCL INFO Connected all trees
x3103c0s7b0n0:57599:57637 [1] NCCL INFO MSCCL_XML_FILES set by environment to /home/yuke/ncclPG/msccl_tools_lyd/examples/xml/allreduce_binary_tree_p_2nicPtree_channel4_chunk256.xml
x3103c0s7b0n0:57599:57637 [1] NCCL INFO MSCCL: Parsing algorithm /home/yuke/ncclPG/msccl_tools_lyd/examples/xml/allreduce_binary_tree_p_2nicPtree_channel4_chunk256.xml
x3104c0s25b1n0:60021:60058 [1] NCCL INFO Channel 01/0 : 57[46000] -> 61[46000] [send] via NET/IB/1
x3103c0s37b0n0:9570:9606 [2] NCCL INFO Channel 02 : 18[85000] -> 16[7000] via P2P/IPC/read
x3103c0s7b0n0:57600:57632 [2] NCCL INFO Connected all trees
x3103c0s7b0n0:57600:57632 [2] NCCL INFO MSCCL_XML_FILES set by environment to /home/yuke/ncclPG/msccl_tools_lyd/examples/xml/allreduce_binary_tree_p_2nicPtree_channel4_chunk256.xml
x3103c0s7b0n0:57600:57632 [2] NCCL INFO MSCCL: Parsing algorithm /home/yuke/ncclPG/msccl_tools_lyd/examples/xml/allreduce_binary_tree_p_2nicPtree_channel4_chunk256.xml
x3104c0s13b0n0:43015:43042 [3] NCCL INFO Channel 00/0 : 51[c7000] -> 35[c7000] [receive] via NET/IB/0
x3104c0s25b1n0:60022:60060 [2] NCCL INFO Channel 03 : 58[85000] -> 56[7000] via P2P/IPC/read
x3104c0s13b0n0:43013:43051 [1] NCCL INFO Parsed MSCCL Algorithm /home/yuke/ncclPG/msccl_tools_lyd/examples/xml/allreduce_binary_tree_p_2nicPtree_channel4_chunk256.xml successfully.
x3104c0s13b0n0:43014:43047 [2] NCCL INFO Parsed MSCCL Algorithm /home/yuke/ncclPG/msccl_tools_lyd/examples/xml/allreduce_binary_tree_p_2nicPtree_channel4_chunk256.xml successfully.
x3104c0s13b0n0:43014:43047 [2] NCCL INFO Channel 00 : 34[85000] -> 32[7000] via P2P/IPC/read
x3104c0s19b1n0:18016:18054 [0] NCCL INFO Channel 00/0 : 44[7000] -> 40[7000] [send] via NET/IB/1
x3103c0s37b0n0:9570:9606 [2] NCCL INFO Channel 03 : 18[85000] -> 16[7000] via P2P/IPC/read
x3104c0s13b0n0:43013:43051 [1] NCCL INFO Channel 03/0 : 33[46000] -> 37[46000] [send] via NET/IB/1
x3103c0s7b1n0:55998:56028 [1] NCCL INFO Parsed MSCCL Algorithm /home/yuke/ncclPG/msccl_tools_lyd/examples/xml/allreduce_binary_tree_p_2nicPtree_channel4_chunk256.xml successfully.
x3104c0s13b0n0:43014:43047 [2] NCCL INFO Channel 01 : 34[85000] -> 32[7000] via P2P/IPC/read
x3104c0s13b0n0:43015:43042 [3] NCCL INFO Channel 00/0 : 35[c7000] -> 19[c7000] [send] via NET/IB/0
x3103c0s7b1n0:55999:56036 [2] NCCL INFO Parsed MSCCL Algorithm /home/yuke/ncclPG/msccl_tools_lyd/examples/xml/allreduce_binary_tree_p_2nicPtree_channel4_chunk256.xml successfully.
x3103c0s7b1n0:55999:56036 [2] NCCL INFO Channel 00 : 30[85000] -> 28[7000] via P2P/IPC/read
x3104c0s19b1n0:18016:18054 [0] NCCL INFO Channel 01/0 : 44[7000] -> 40[7000] [send] via NET/IB/0
x3103c0s7b1n0:55998:56028 [1] NCCL INFO Channel 01/0 : 25[46000] -> 29[46000] [receive] via NET/IB/1
x3104c0s31b0n0:50104:50139 [3] NCCL INFO Channel 00/0 : 63[c7000] -> 59[c7000] [send] via NET/IB/0
x3103c0s25b0n0:2385:2421 [3] NCCL INFO Channel 02/0 : 7[c7000] -> 3[c7000] [receive] via NET/IB/0
x3104c0s1b1n0:59087:59121 [3] NCCL INFO Channel 00/0 : 59[c7000] -> 51[c7000] [receive] via NET/IB/0
x3104c0s1b1n0:59087:59121 [3] NCCL INFO Channel 00/0 : 51[c7000] -> 43[c7000] [send] via NET/IB/0
x3104c0s13b0n0:43014:43047 [2] NCCL INFO Channel 02 : 34[85000] -> 32[7000] via P2P/IPC/read
x3103c0s7b0n0:57599:57637 [1] NCCL INFO Parsed MSCCL Algorithm /home/yuke/ncclPG/msccl_tools_lyd/examples/xml/allreduce_binary_tree_p_2nicPtree_channel4_chunk256.xml successfully.
x3103c0s7b1n0:55999:56036 [2] NCCL INFO Channel 01 : 30[85000] -> 28[7000] via P2P/IPC/read
x3103c0s7b1n0:55999:56036 [2] NCCL INFO Channel 02 : 30[85000] -> 28[7000] via P2P/IPC/read
x3103c0s7b1n0:55999:56036 [2] NCCL INFO Channel 03 : 30[85000] -> 28[7000] via P2P/IPC/read
x3104c0s13b0n0:43012:43050 [0] NCCL INFO Channel 00/0 : 48[7000] -> 32[7000] [receive] via NET/IB/1
x3103c0s7b0n0:57599:57637 [1] NCCL INFO Channel 01/0 : 21[46000] -> 25[46000] [receive] via NET/IB/1
x3103c0s37b0n0:9571:9607 [3] NCCL INFO Channel 00/0 : 27[c7000] -> 19[c7000] [receive] via NET/IB/0
x3104c0s19b1n0:18016:18054 [0] NCCL INFO Connected all trees
x3104c0s19b1n0:18016:18054 [0] NCCL INFO MSCCL_XML_FILES set by environment to /home/yuke/ncclPG/msccl_tools_lyd/examples/xml/allreduce_binary_tree_p_2nicPtree_channel4_chunk256.xml
x3104c0s19b1n0:18016:18054 [0] NCCL INFO MSCCL: Parsing algorithm /home/yuke/ncclPG/msccl_tools_lyd/examples/xml/allreduce_binary_tree_p_2nicPtree_channel4_chunk256.xml
x3103c0s7b0n0:57598:57634 [0] NCCL INFO Channel 00/0 : 28[7000] -> 24[7000] [receive] via NET/IB/1
x3104c0s13b0n0:43014:43047 [2] NCCL INFO Channel 03 : 34[85000] -> 32[7000] via P2P/IPC/read
x3103c0s25b0n0:2382:2413 [0] NCCL INFO Channel 02/0 : 4[7000] -> 0[7000] [receive] via NET/IB/1
x3103c0s7b0n0:57600:57632 [2] NCCL INFO Parsed MSCCL Algorithm /home/yuke/ncclPG/msccl_tools_lyd/examples/xml/allreduce_binary_tree_p_2nicPtree_channel4_chunk256.xml successfully.
x3103c0s7b0n0:57600:57632 [2] NCCL INFO Channel 00 : 26[85000] -> 24[7000] via P2P/IPC/read
x3104c0s13b1n0:61154:61189 [0] NCCL INFO Channel 02/0 : 36[7000] -> 32[7000] [send] via NET/IB/1
x3103c0s37b0n0:9568:9601 [0] NCCL INFO Channel 02/0 : 20[7000] -> 16[7000] [receive] via NET/IB/1
x3104c0s19b0n0:36945:36979 [3] NCCL INFO Channel 00/0 : 47[c7000] -> 43[c7000] [receive] via NET/IB/0
x3104c0s19b0n0:36945:36979 [3] NCCL INFO Channel 00/0 : 43[c7000] -> 39[c7000] [send] via NET/IB/0
x3104c0s19b0n0:36945:36979 [3] NCCL INFO Channel 02/0 : 43[c7000] -> 39[c7000] [send] via NET/IB/0
x3103c0s7b1n0:56000:56035 [3] NCCL INFO Channel 02/0 : 47[c7000] -> 31[c7000] [receive] via NET/IB/0
x3103c0s25b0n0:2382:2413 [0] NCCL INFO Channel 03/0 : 4[7000] -> 0[7000] [receive] via NET/IB/0
x3104c0s13b0n0:43012:43050 [0] NCCL INFO Channel 01/0 : 48[7000] -> 32[7000] [receive] via NET/IB/0
x3103c0s7b0n0:57599:57637 [1] NCCL INFO Channel 03/0 : 21[46000] -> 25[46000] [receive] via NET/IB/1
x3104c0s13b1n0:61154:61189 [0] NCCL INFO Channel 03/0 : 36[7000] -> 32[7000] [send] via NET/IB/0
x3103c0s37b0n0:9568:9601 [0] NCCL INFO Channel 03/0 : 20[7000] -> 16[7000] [receive] via NET/IB/0
x3103c0s7b1n0:56000:56035 [3] NCCL INFO Channel 02/0 : 31[c7000] -> 15[c7000] [send] via NET/IB/0
x3104c0s25b1n0:60023:60054 [3] NCCL INFO Channel 00/0 : 63[c7000] -> 59[c7000] [receive] via NET/IB/0
x3103c0s7b0n0:57600:57632 [2] NCCL INFO Channel 01 : 26[85000] -> 24[7000] via P2P/IPC/read
x3103c0s7b0n0:57598:57634 [0] NCCL INFO Channel 01/0 : 28[7000] -> 24[7000] [receive] via NET/IB/0
x3104c0s19b0n0:36942:36975 [0] NCCL INFO Channel 02/0 : 40[7000] -> 37[46000] [send] via NET/IB/1
x3103c0s7b1n0:55997:56030 [0] NCCL INFO Channel 02/0 : 28[7000] -> 12[7000] [send] via NET/IB/1
x3103c0s7b0n0:57600:57632 [2] NCCL INFO Channel 02 : 26[85000] -> 24[7000] via P2P/IPC/read
x3103c0s37b0n0:9571:9607 [3] NCCL INFO Channel 00/0 : 19[c7000] -> 11[c7000] [send] via NET/IB/0
x3104c0s13b0n0:43015:43042 [3] NCCL INFO Channel 02/0 : 39[c7000] -> 35[c7000] [receive] via NET/IB/0
x3104c0s31b0n0:50101:50136 [0] NCCL INFO Channel 00/0 : 60[7000] -> 56[7000] [send] via NET/IB/1
x3103c0s7b1n0:55997:56030 [0] NCCL INFO Channel 03/0 : 28[7000] -> 12[7000] [send] via NET/IB/0
x3104c0s25b1n0:60023:60054 [3] NCCL INFO Channel 00/0 : 59[c7000] -> 55[c7000] [send] via NET/IB/0
x3104c0s19b1n0:18016:18054 [0] NCCL INFO Parsed MSCCL Algorithm /home/yuke/ncclPG/msccl_tools_lyd/examples/xml/allreduce_binary_tree_p_2nicPtree_channel4_chunk256.xml successfully.
x3103c0s7b0n0:57599:57637 [1] NCCL INFO Channel 01/0 : 25[46000] -> 29[46000] [send] via NET/IB/1
x3104c0s31b0n0:50101:50136 [0] NCCL INFO Channel 01/0 : 60[7000] -> 56[7000] [send] via NET/IB/0
x3103c0s7b0n0:57600:57632 [2] NCCL INFO Channel 03 : 26[85000] -> 24[7000] via P2P/IPC/read
x3104c0s19b0n0:36942:36975 [0] NCCL INFO Channel 03/0 : 40[7000] -> 37[46000] [send] via NET/IB/0
x3103c0s37b1n0:55364:55401 [0] NCCL INFO Connected all trees
x3103c0s37b1n0:55364:55401 [0] NCCL INFO MSCCL_XML_FILES set by environment to /home/yuke/ncclPG/msccl_tools_lyd/examples/xml/allreduce_binary_tree_p_2nicPtree_channel4_chunk256.xml
x3103c0s37b1n0:55364:55401 [0] NCCL INFO MSCCL: Parsing algorithm /home/yuke/ncclPG/msccl_tools_lyd/examples/xml/allreduce_binary_tree_p_2nicPtree_channel4_chunk256.xml
x3104c0s25b1n0:60023:60054 [3] NCCL INFO Channel 02/0 : 59[c7000] -> 55[c7000] [send] via NET/IB/0
x3104c0s19b0n0:36943:36981 [1] NCCL INFO Connected all trees
x3104c0s19b0n0:36943:36981 [1] NCCL INFO MSCCL_XML_FILES set by environment to /home/yuke/ncclPG/msccl_tools_lyd/examples/xml/allreduce_binary_tree_p_2nicPtree_channel4_chunk256.xml
x3104c0s19b0n0:36943:36981 [1] NCCL INFO MSCCL: Parsing algorithm /home/yuke/ncclPG/msccl_tools_lyd/examples/xml/allreduce_binary_tree_p_2nicPtree_channel4_chunk256.xml
x3104c0s1b1n0:59087:59121 [3] NCCL INFO Channel 02/0 : 55[c7000] -> 51[c7000] [receive] via NET/IB/0
x3103c0s31b1n0:55805:55839 [3] NCCL INFO Channel 02/0 : 23[c7000] -> 15[c7000] [receive] via NET/IB/0
x3104c0s19b0n0:36944:36977 [2] NCCL INFO Connected all trees
x3104c0s19b0n0:36944:36977 [2] NCCL INFO MSCCL_XML_FILES set by environment to /home/yuke/ncclPG/msccl_tools_lyd/examples/xml/allreduce_binary_tree_p_2nicPtree_channel4_chunk256.xml
x3104c0s19b0n0:36944:36977 [2] NCCL INFO MSCCL: Parsing algorithm /home/yuke/ncclPG/msccl_tools_lyd/examples/xml/allreduce_binary_tree_p_2nicPtree_channel4_chunk256.xml
x3103c0s37b0n0:9568:9601 [0] NCCL INFO Connected all trees
x3103c0s37b0n0:9568:9601 [0] NCCL INFO MSCCL_XML_FILES set by environment to /home/yuke/ncclPG/msccl_tools_lyd/examples/xml/allreduce_binary_tree_p_2nicPtree_channel4_chunk256.xml
x3103c0s37b0n0:9568:9601 [0] NCCL INFO MSCCL: Parsing algorithm /home/yuke/ncclPG/msccl_tools_lyd/examples/xml/allreduce_binary_tree_p_2nicPtree_channel4_chunk256.xml
x3104c0s19b1n0:18019:18055 [3] NCCL INFO Channel 02/0 : 55[c7000] -> 47[c7000] [receive] via NET/IB/0
x3104c0s31b0n0:50104:50139 [3] NCCL INFO Connected 1 MSCCL algorithms
x3104c0s31b0n0:50104:50139 [3] NCCL INFO NCCL_PROTO set by environment to Simple
x3104c0s31b0n0:50104:50139 [3] NCCL INFO NCCL_ALGO set by environment to MSCCL,TREE,RING
x3104c0s31b0n0:50104:50139 [3] NCCL INFO threadThresholds 8/8/64 | 512/8/64 | 8/8/64 | 8/8/512
x3104c0s31b0n0:50104:50139 [3] NCCL INFO 4 coll channels, 4 p2p channels, 2 p2p channels per peer
x3103c0s31b0n0:33965:34002 [3] NCCL INFO Channel 00/0 : 15[c7000] -> 11[c7000] [receive] via NET/IB/0
x3103c0s31b1n0:55805:55839 [3] NCCL INFO Channel 02/0 : 15[c7000] -> 7[c7000] [send] via NET/IB/0
x3103c0s7b1n0:56000:56035 [3] NCCL INFO Channel 00/0 : 31[c7000] -> 27[c7000] [send] via NET/IB/0
x3104c0s19b0n0:36942:36975 [0] NCCL INFO Connected all trees
x3104c0s19b0n0:36942:36975 [0] NCCL INFO MSCCL_XML_FILES set by environment to /home/yuke/ncclPG/msccl_tools_lyd/examples/xml/allreduce_binary_tree_p_2nicPtree_channel4_chunk256.xml
x3104c0s19b0n0:36942:36975 [0] NCCL INFO MSCCL: Parsing algorithm /home/yuke/ncclPG/msccl_tools_lyd/examples/xml/allreduce_binary_tree_p_2nicPtree_channel4_chunk256.xml
x3104c0s1b1n0:59084:59122 [0] NCCL INFO Channel 00/0 : 56[7000] -> 48[7000] [receive] via NET/IB/1
x3103c0s37b0n0:9571:9607 [3] NCCL INFO Channel 02/0 : 23[c7000] -> 19[c7000] [receive] via NET/IB/0
x3103c0s7b0n0:57601:57631 [3] NCCL INFO Channel 00/0 : 31[c7000] -> 27[c7000] [receive] via NET/IB/0
x3104c0s13b0n0:43012:43050 [0] NCCL INFO Channel 02/0 : 36[7000] -> 32[7000] [receive] via NET/IB/1
x3104c0s19b1n0:18019:18055 [3] NCCL INFO Channel 02/0 : 47[c7000] -> 39[c7000] [send] via NET/IB/0
x3104c0s19b0n0:36943:36981 [1] NCCL INFO Parsed MSCCL Algorithm /home/yuke/ncclPG/msccl_tools_lyd/examples/xml/allreduce_binary_tree_p_2nicPtree_channel4_chunk256.xml successfully.
x3103c0s37b1n0:55364:55401 [0] NCCL INFO Parsed MSCCL Algorithm /home/yuke/ncclPG/msccl_tools_lyd/examples/xml/allreduce_binary_tree_p_2nicPtree_channel4_chunk256.xml successfully.
x3103c0s7b1n0:55997:56030 [0] NCCL INFO Channel 00/0 : 28[7000] -> 24[7000] [send] via NET/IB/1
x3104c0s19b0n0:36944:36977 [2] NCCL INFO Parsed MSCCL Algorithm /home/yuke/ncclPG/msccl_tools_lyd/examples/xml/allreduce_binary_tree_p_2nicPtree_channel4_chunk256.xml successfully.
x3104c0s19b0n0:36944:36977 [2] NCCL INFO Channel 00 : 42[85000] -> 40[7000] via P2P/IPC/read
x3104c0s13b0n0:43012:43050 [0] NCCL INFO Channel 03/0 : 36[7000] -> 32[7000] [receive] via NET/IB/0
x3103c0s25b1n0:43300:43336 [3] NCCL INFO Channel 00/0 : 11[c7000] -> 7[c7000] [receive] via NET/IB/0
x3103c0s7b0n0:57601:57631 [3] NCCL INFO Channel 00/0 : 27[c7000] -> 23[c7000] [send] via NET/IB/0
x3103c0s31b0n0:33965:34002 [3] NCCL INFO Channel 00/0 : 11[c7000] -> 7[c7000] [send] via NET/IB/0
x3103c0s37b0n0:9568:9601 [0] NCCL INFO Parsed MSCCL Algorithm /home/yuke/ncclPG/msccl_tools_lyd/examples/xml/allreduce_binary_tree_p_2nicPtree_channel4_chunk256.xml successfully.
x3103c0s31b1n0:55802:55835 [0] NCCL INFO Channel 02/0 : 12[7000] -> 4[7000] [send] via NET/IB/1
x3103c0s7b1n0:55997:56030 [0] NCCL INFO Channel 01/0 : 28[7000] -> 24[7000] [send] via NET/IB/0
x3104c0s19b0n0:36944:36977 [2] NCCL INFO Channel 01 : 42[85000] -> 40[7000] via P2P/IPC/read
x3104c0s1b1n0:59084:59122 [0] NCCL INFO Channel 01/0 : 56[7000] -> 48[7000] [receive] via NET/IB/0
x3104c0s13b1n0:61154:61189 [0] NCCL INFO Connected all trees
x3104c0s13b1n0:61154:61189 [0] NCCL INFO MSCCL_XML_FILES set by environment to /home/yuke/ncclPG/msccl_tools_lyd/examples/xml/allreduce_binary_tree_p_2nicPtree_channel4_chunk256.xml
x3104c0s13b1n0:61154:61189 [0] NCCL INFO MSCCL: Parsing algorithm /home/yuke/ncclPG/msccl_tools_lyd/examples/xml/allreduce_binary_tree_p_2nicPtree_channel4_chunk256.xml
x3104c0s19b0n0:36943:36981 [1] NCCL INFO Channel 01/0 : 37[46000] -> 41[46000] [receive] via NET/IB/1
x3103c0s7b0n0:57601:57631 [3] NCCL INFO Channel 02/0 : 27[c7000] -> 23[c7000] [send] via NET/IB/0
x3104c0s13b1n0:61157:61194 [3] NCCL INFO Channel 00/0 : 43[c7000] -> 39[c7000] [receive] via NET/IB/0
x3103c0s31b0n0:33965:34002 [3] NCCL INFO Channel 02/0 : 11[c7000] -> 7[c7000] [send] via NET/IB/0
x3103c0s37b1n0:55367:55400 [3] NCCL INFO Channel 00/0 : 27[c7000] -> 23[c7000] [receive] via NET/IB/0
x3104c0s19b0n0:36942:36975 [0] NCCL INFO Parsed MSCCL Algorithm /home/yuke/ncclPG/msccl_tools_lyd/examples/xml/allreduce_binary_tree_p_2nicPtree_channel4_chunk256.xml successfully.
x3103c0s31b1n0:55802:55835 [0] NCCL INFO Channel 03/0 : 12[7000] -> 4[7000] [send] via NET/IB/0
x3104c0s19b1n0:18016:18054 [0] NCCL INFO Connected 1 MSCCL algorithms
x3104c0s19b1n0:18016:18054 [0] NCCL INFO NCCL_PROTO set by environment to Simple
x3104c0s19b1n0:18016:18054 [0] NCCL INFO NCCL_ALGO set by environment to MSCCL,TREE,RING
x3104c0s19b1n0:18016:18054 [0] NCCL INFO threadThresholds 8/8/64 | 512/8/64 | 8/8/64 | 8/8/512
x3104c0s19b1n0:18016:18054 [0] NCCL INFO 4 coll channels, 4 p2p channels, 2 p2p channels per peer
x3104c0s19b1n0:18018:18056 [2] NCCL INFO Connected 1 MSCCL algorithms
x3104c0s19b1n0:18018:18056 [2] NCCL INFO NCCL_PROTO set by environment to Simple
x3104c0s19b1n0:18018:18056 [2] NCCL INFO NCCL_ALGO set by environment to MSCCL,TREE,RING
x3104c0s19b1n0:18018:18056 [2] NCCL INFO threadThresholds 8/8/64 | 512/8/64 | 8/8/64 | 8/8/512
x3104c0s19b1n0:18018:18056 [2] NCCL INFO 4 coll channels, 4 p2p channels, 2 p2p channels per peer
x3103c0s25b1n0:43300:43336 [3] NCCL INFO Channel 02/0 : 11[c7000] -> 7[c7000] [receive] via NET/IB/0
x3104c0s19b0n0:36943:36981 [1] NCCL INFO Channel 03/0 : 37[46000] -> 41[46000] [receive] via NET/IB/1
x3104c0s19b0n0:36944:36977 [2] NCCL INFO Channel 02 : 42[85000] -> 40[7000] via P2P/IPC/read
x3103c0s7b1n0:56000:56035 [3] NCCL INFO Connected 1 MSCCL algorithms
x3103c0s7b1n0:56000:56035 [3] NCCL INFO NCCL_PROTO set by environment to Simple
x3103c0s7b1n0:56000:56035 [3] NCCL INFO NCCL_ALGO set by environment to MSCCL,TREE,RING
x3103c0s7b1n0:56000:56035 [3] NCCL INFO threadThresholds 8/8/64 | 512/8/64 | 8/8/64 | 8/8/512
x3103c0s7b1n0:56000:56035 [3] NCCL INFO 4 coll channels, 4 p2p channels, 2 p2p channels per peer
x3104c0s13b1n0:61155:61191 [1] NCCL INFO Connected all trees
x3104c0s13b1n0:61155:61191 [1] NCCL INFO MSCCL_XML_FILES set by environment to /home/yuke/ncclPG/msccl_tools_lyd/examples/xml/allreduce_binary_tree_p_2nicPtree_channel4_chunk256.xml
x3104c0s13b1n0:61155:61191 [1] NCCL INFO MSCCL: Parsing algorithm /home/yuke/ncclPG/msccl_tools_lyd/examples/xml/allreduce_binary_tree_p_2nicPtree_channel4_chunk256.xml
x3104c0s19b0n0:36944:36977 [2] NCCL INFO Channel 03 : 42[85000] -> 40[7000] via P2P/IPC/read
x3104c0s25b0n0:63698:63734 [3] NCCL INFO Channel 00/0 : 59[c7000] -> 55[c7000] [receive] via NET/IB/0
x3104c0s13b0n0:43012:43050 [0] NCCL INFO Connected all trees
x3104c0s13b0n0:43012:43050 [0] NCCL INFO MSCCL_XML_FILES set by environment to /home/yuke/ncclPG/msccl_tools_lyd/examples/xml/allreduce_binary_tree_p_2nicPtree_channel4_chunk256.xml
x3104c0s13b0n0:43012:43050 [0] NCCL INFO MSCCL: Parsing algorithm /home/yuke/ncclPG/msccl_tools_lyd/examples/xml/allreduce_binary_tree_p_2nicPtree_channel4_chunk256.xml
x3103c0s31b1n0:55805:55839 [3] NCCL INFO Channel 00/0 : 15[c7000] -> 11[c7000] [send] via NET/IB/0
x3103c0s7b1n0:55997:56030 [0] NCCL INFO Connected all trees
x3103c0s7b1n0:55997:56030 [0] NCCL INFO MSCCL_XML_FILES set by environment to /home/yuke/ncclPG/msccl_tools_lyd/examples/xml/allreduce_binary_tree_p_2nicPtree_channel4_chunk256.xml
x3103c0s7b1n0:55997:56030 [0] NCCL INFO MSCCL: Parsing algorithm /home/yuke/ncclPG/msccl_tools_lyd/examples/xml/allreduce_binary_tree_p_2nicPtree_channel4_chunk256.xml
x3104c0s19b1n0:18019:18055 [3] NCCL INFO Channel 00/0 : 47[c7000] -> 43[c7000] [send] via NET/IB/0
x3103c0s37b1n0:55367:55400 [3] NCCL INFO Channel 02/0 : 27[c7000] -> 23[c7000] [receive] via NET/IB/0
x3104c0s13b1n0:61156:61190 [2] NCCL INFO Connected all trees
x3104c0s13b1n0:61156:61190 [2] NCCL INFO MSCCL_XML_FILES set by environment to /home/yuke/ncclPG/msccl_tools_lyd/examples/xml/allreduce_binary_tree_p_2nicPtree_channel4_chunk256.xml
x3104c0s13b1n0:61156:61190 [2] NCCL INFO MSCCL: Parsing algorithm /home/yuke/ncclPG/msccl_tools_lyd/examples/xml/allreduce_binary_tree_p_2nicPtree_channel4_chunk256.xml
x3104c0s13b1n0:61157:61194 [3] NCCL INFO Channel 02/0 : 43[c7000] -> 39[c7000] [receive] via NET/IB/0
x3104c0s19b0n0:36943:36981 [1] NCCL INFO Channel 01/0 : 41[46000] -> 45[46000] [send] via NET/IB/1
x3103c0s25b1n0:43300:43336 [3] NCCL INFO Channel 02/0 : 7[c7000] -> 3[c7000] [send] via NET/IB/0
x3103c0s37b0n0:9568:9601 [0] NCCL INFO Connected 1 MSCCL algorithms
x3103c0s37b0n0:9568:9601 [0] NCCL INFO NCCL_PROTO set by environment to Simple
x3103c0s37b0n0:9568:9601 [0] NCCL INFO NCCL_ALGO set by environment to MSCCL,TREE,RING
x3103c0s37b0n0:9568:9601 [0] NCCL INFO threadThresholds 8/8/64 | 512/8/64 | 8/8/64 | 8/8/512
x3103c0s37b0n0:9568:9601 [0] NCCL INFO 4 coll channels, 4 p2p channels, 2 p2p channels per peer
x3103c0s37b0n0:9570:9606 [2] NCCL INFO Connected 1 MSCCL algorithms
x3103c0s37b0n0:9570:9606 [2] NCCL INFO NCCL_PROTO set by environment to Simple
x3103c0s37b0n0:9570:9606 [2] NCCL INFO NCCL_ALGO set by environment to MSCCL,TREE,RING
x3103c0s37b0n0:9570:9606 [2] NCCL INFO threadThresholds 8/8/64 | 512/8/64 | 8/8/64 | 8/8/512
x3103c0s37b0n0:9570:9606 [2] NCCL INFO 4 coll channels, 4 p2p channels, 2 p2p channels per peer
x3103c0s31b1n0:55805:55839 [3] NCCL INFO Connected 1 MSCCL algorithms
x3103c0s31b1n0:55805:55839 [3] NCCL INFO NCCL_PROTO set by environment to Simple
x3103c0s31b1n0:55805:55839 [3] NCCL INFO NCCL_ALGO set by environment to MSCCL,TREE,RING
x3103c0s31b1n0:55805:55839 [3] NCCL INFO threadThresholds 8/8/64 | 512/8/64 | 8/8/64 | 8/8/512
x3103c0s31b1n0:55805:55839 [3] NCCL INFO 4 coll channels, 4 p2p channels, 2 p2p channels per peer
x3104c0s19b1n0:18019:18055 [3] NCCL INFO Connected 1 MSCCL algorithms
x3104c0s19b1n0:18019:18055 [3] NCCL INFO NCCL_PROTO set by environment to Simple
x3104c0s19b1n0:18019:18055 [3] NCCL INFO NCCL_ALGO set by environment to MSCCL,TREE,RING
x3104c0s19b1n0:18019:18055 [3] NCCL INFO threadThresholds 8/8/64 | 512/8/64 | 8/8/64 | 8/8/512
x3104c0s19b1n0:18019:18055 [3] NCCL INFO 4 coll channels, 4 p2p channels, 2 p2p channels per peer
x3104c0s13b1n0:61154:61189 [0] NCCL INFO Parsed MSCCL Algorithm /home/yuke/ncclPG/msccl_tools_lyd/examples/xml/allreduce_binary_tree_p_2nicPtree_channel4_chunk256.xml successfully.
x3104c0s25b0n0:63698:63734 [3] NCCL INFO Channel 02/0 : 59[c7000] -> 55[c7000] [receive] via NET/IB/0
x3103c0s37b1n0:55367:55400 [3] NCCL INFO Channel 02/0 : 23[c7000] -> 19[c7000] [send] via NET/IB/0
x3103c0s7b0n0:57598:57634 [0] NCCL INFO Channel 02/0 : 24[7000] -> 21[46000] [send] via NET/IB/1
x3104c0s13b1n0:61157:61194 [3] NCCL INFO Channel 02/0 : 39[c7000] -> 35[c7000] [send] via NET/IB/0
x3103c0s25b0n0:2385:2421 [3] NCCL INFO Connected 1 MSCCL algorithms
x3103c0s25b0n0:2385:2421 [3] NCCL INFO NCCL_PROTO set by environment to Simple
x3103c0s25b0n0:2385:2421 [3] NCCL INFO NCCL_ALGO set by environment to MSCCL,TREE,RING
x3103c0s25b0n0:2385:2421 [3] NCCL INFO threadThresholds 8/8/64 | 512/8/64 | 8/8/64 | 8/8/512
x3103c0s25b0n0:2385:2421 [3] NCCL INFO 4 coll channels, 4 p2p channels, 2 p2p channels per peer
x3103c0s31b1n0:55802:55835 [0] NCCL INFO Channel 00/0 : 12[7000] -> 8[7000] [send] via NET/IB/1
x3104c0s13b1n0:61155:61191 [1] NCCL INFO Parsed MSCCL Algorithm /home/yuke/ncclPG/msccl_tools_lyd/examples/xml/allreduce_binary_tree_p_2nicPtree_channel4_chunk256.xml successfully.
x3103c0s37b0n0:9571:9607 [3] NCCL INFO Connected 1 MSCCL algorithms
x3103c0s37b0n0:9571:9607 [3] NCCL INFO NCCL_PROTO set by environment to Simple
x3103c0s37b0n0:9571:9607 [3] NCCL INFO NCCL_ALGO set by environment to MSCCL,TREE,RING
x3103c0s37b0n0:9571:9607 [3] NCCL INFO threadThresholds 8/8/64 | 512/8/64 | 8/8/64 | 8/8/512
x3103c0s37b0n0:9571:9607 [3] NCCL INFO 4 coll channels, 4 p2p channels, 2 p2p channels per peer
x3104c0s19b0n0:36942:36975 [0] NCCL INFO Connected 1 MSCCL algorithms
x3104c0s19b0n0:36942:36975 [0] NCCL INFO NCCL_PROTO set by environment to Simple
x3104c0s19b0n0:36942:36975 [0] NCCL INFO NCCL_ALGO set by environment to MSCCL,TREE,RING
x3104c0s19b0n0:36942:36975 [0] NCCL INFO threadThresholds 8/8/64 | 512/8/64 | 8/8/64 | 8/8/512
x3104c0s19b0n0:36942:36975 [0] NCCL INFO 4 coll channels, 4 p2p channels, 2 p2p channels per peer
x3104c0s19b0n0:36944:36977 [2] NCCL INFO Connected 1 MSCCL algorithms
x3104c0s19b0n0:36944:36977 [2] NCCL INFO NCCL_PROTO set by environment to Simple
x3104c0s19b0n0:36944:36977 [2] NCCL INFO NCCL_ALGO set by environment to MSCCL,TREE,RING
x3104c0s19b0n0:36944:36977 [2] NCCL INFO threadThresholds 8/8/64 | 512/8/64 | 8/8/64 | 8/8/512
x3104c0s19b0n0:36944:36977 [2] NCCL INFO 4 coll channels, 4 p2p channels, 2 p2p channels per peer
x3104c0s13b0n0:43012:43050 [0] NCCL INFO Parsed MSCCL Algorithm /home/yuke/ncclPG/msccl_tools_lyd/examples/xml/allreduce_binary_tree_p_2nicPtree_channel4_chunk256.xml successfully.
x3103c0s25b1n0:43297:43334 [0] NCCL INFO Channel 00/0 : 9[46000] -> 4[7000] [receive] via NET/IB/1
x3103c0s31b1n0:55802:55835 [0] NCCL INFO Channel 01/0 : 12[7000] -> 8[7000] [send] via NET/IB/0
x3104c0s25b0n0:63698:63734 [3] NCCL INFO Channel 02/0 : 55[c7000] -> 51[c7000] [send] via NET/IB/0
x3103c0s7b1n0:55997:56030 [0] NCCL INFO Parsed MSCCL Algorithm /home/yuke/ncclPG/msccl_tools_lyd/examples/xml/allreduce_binary_tree_p_2nicPtree_channel4_chunk256.xml successfully.
x3104c0s13b1n0:61156:61190 [2] NCCL INFO Parsed MSCCL Algorithm /home/yuke/ncclPG/msccl_tools_lyd/examples/xml/allreduce_binary_tree_p_2nicPtree_channel4_chunk256.xml successfully.
x3104c0s13b1n0:61156:61190 [2] NCCL INFO Channel 00 : 38[85000] -> 36[7000] via P2P/IPC/read
x3104c0s13b1n0:61155:61191 [1] NCCL INFO Channel 03/0 : 33[46000] -> 37[46000] [receive] via NET/IB/1
x3104c0s13b0n0:43015:43042 [3] NCCL INFO Connected 1 MSCCL algorithms
x3104c0s13b0n0:43015:43042 [3] NCCL INFO NCCL_PROTO set by environment to Simple
x3104c0s13b0n0:43015:43042 [3] NCCL INFO NCCL_ALGO set by environment to MSCCL,TREE,RING
x3104c0s13b0n0:43015:43042 [3] NCCL INFO threadThresholds 8/8/64 | 512/8/64 | 8/8/64 | 8/8/512
x3104c0s13b0n0:43015:43042 [3] NCCL INFO 4 coll channels, 4 p2p channels, 2 p2p channels per peer
x3103c0s7b0n0:57598:57634 [0] NCCL INFO Channel 03/0 : 24[7000] -> 21[46000] [send] via NET/IB/0
x3104c0s25b1n0:60020:60051 [0] NCCL INFO Channel 00/0 : 60[7000] -> 56[7000] [receive] via NET/IB/1
x3104c0s13b1n0:61155:61191 [1] NCCL INFO Channel 01/0 : 37[46000] -> 41[46000] [send] via NET/IB/1
x3104c0s1b1n0:59084:59122 [0] NCCL INFO Channel 02/0 : 52[7000] -> 48[7000] [receive] via NET/IB/1
x3104c0s13b1n0:61156:61190 [2] NCCL INFO Channel 01 : 38[85000] -> 36[7000] via P2P/IPC/read
x3103c0s37b1n0:55367:55400 [3] NCCL INFO Connected 1 MSCCL algorithms
x3103c0s37b1n0:55367:55400 [3] NCCL INFO NCCL_PROTO set by environment to Simple
x3103c0s37b1n0:55367:55400 [3] NCCL INFO NCCL_ALGO set by environment to MSCCL,TREE,RING
x3103c0s37b1n0:55367:55400 [3] NCCL INFO threadThresholds 8/8/64 | 512/8/64 | 8/8/64 | 8/8/512
x3103c0s37b1n0:55367:55400 [3] NCCL INFO 4 coll channels, 4 p2p channels, 2 p2p channels per peer
x3103c0s25b1n0:43300:43336 [3] NCCL INFO Connected 1 MSCCL algorithms
x3103c0s25b1n0:43300:43336 [3] NCCL INFO NCCL_PROTO set by environment to Simple
x3103c0s25b1n0:43300:43336 [3] NCCL INFO NCCL_ALGO set by environment to MSCCL,TREE,RING
x3103c0s25b1n0:43300:43336 [3] NCCL INFO threadThresholds 8/8/64 | 512/8/64 | 8/8/64 | 8/8/512
x3103c0s25b1n0:43300:43336 [3] NCCL INFO 4 coll channels, 4 p2p channels, 2 p2p channels per peer
x3104c0s1b1n0:59087:59121 [3] NCCL INFO Connected 1 MSCCL algorithms
x3104c0s1b1n0:59087:59121 [3] NCCL INFO NCCL_PROTO set by environment to Simple
x3104c0s1b1n0:59087:59121 [3] NCCL INFO NCCL_ALGO set by environment to MSCCL,TREE,RING
x3104c0s1b1n0:59087:59121 [3] NCCL INFO threadThresholds 8/8/64 | 512/8/64 | 8/8/64 | 8/8/512
x3104c0s1b1n0:59087:59121 [3] NCCL INFO 4 coll channels, 4 p2p channels, 2 p2p channels per peer
x3104c0s13b1n0:61155:61191 [1] NCCL INFO Channel 03/0 : 37[46000] -> 41[46000] [send] via NET/IB/1
x3104c0s25b1n0:60020:60051 [0] NCCL INFO Channel 01/0 : 60[7000] -> 56[7000] [receive] via NET/IB/0
x3104c0s25b1n0:60023:60054 [3] NCCL INFO Connected 1 MSCCL algorithms
x3104c0s25b1n0:60023:60054 [3] NCCL INFO NCCL_PROTO set by environment to Simple
x3104c0s25b1n0:60023:60054 [3] NCCL INFO NCCL_ALGO set by environment to MSCCL,TREE,RING
x3104c0s25b1n0:60023:60054 [3] NCCL INFO threadThresholds 8/8/64 | 512/8/64 | 8/8/64 | 8/8/512
x3104c0s25b1n0:60023:60054 [3] NCCL INFO 4 coll channels, 4 p2p channels, 2 p2p channels per peer
x3103c0s7b0n0:57601:57631 [3] NCCL INFO Connected 1 MSCCL algorithms
x3103c0s7b0n0:57601:57631 [3] NCCL INFO NCCL_PROTO set by environment to Simple
x3103c0s7b0n0:57601:57631 [3] NCCL INFO NCCL_ALGO set by environment to MSCCL,TREE,RING
x3103c0s7b0n0:57601:57631 [3] NCCL INFO threadThresholds 8/8/64 | 512/8/64 | 8/8/64 | 8/8/512
x3103c0s7b0n0:57601:57631 [3] NCCL INFO 4 coll channels, 4 p2p channels, 2 p2p channels per peer
x3103c0s31b1n0:55802:55835 [0] NCCL INFO Connected all trees
x3103c0s31b1n0:55802:55835 [0] NCCL INFO MSCCL_XML_FILES set by environment to /home/yuke/ncclPG/msccl_tools_lyd/examples/xml/allreduce_binary_tree_p_2nicPtree_channel4_chunk256.xml
x3103c0s31b1n0:55802:55835 [0] NCCL INFO MSCCL: Parsing algorithm /home/yuke/ncclPG/msccl_tools_lyd/examples/xml/allreduce_binary_tree_p_2nicPtree_channel4_chunk256.xml
x3103c0s31b0n0:33965:34002 [3] NCCL INFO Connected 1 MSCCL algorithms
x3103c0s31b0n0:33965:34002 [3] NCCL INFO NCCL_PROTO set by environment to Simple
x3103c0s31b0n0:33965:34002 [3] NCCL INFO NCCL_ALGO set by environment to MSCCL,TREE,RING
x3103c0s31b0n0:33965:34002 [3] NCCL INFO threadThresholds 8/8/64 | 512/8/64 | 8/8/64 | 8/8/512
x3103c0s31b0n0:33965:34002 [3] NCCL INFO 4 coll channels, 4 p2p channels, 2 p2p channels per peer
