x3104c0s13b1n0:61157:61194 [3] NCCL INFO Connected 1 MSCCL algorithms
x3104c0s13b1n0:61157:61194 [3] NCCL INFO NCCL_PROTO set by environment to Simple
x3104c0s13b1n0:61157:61194 [3] NCCL INFO NCCL_ALGO set by environment to MSCCL,TREE,RING
x3104c0s13b1n0:61157:61194 [3] NCCL INFO threadThresholds 8/8/64 | 512/8/64 | 8/8/64 | 8/8/512
x3104c0s13b1n0:61157:61194 [3] NCCL INFO 4 coll channels, 4 p2p channels, 2 p2p channels per peer
x3104c0s1b1n0:59084:59122 [0] NCCL INFO Channel 03/0 : 52[7000] -> 48[7000] [receive] via NET/IB/0
x3104c0s13b1n0:61156:61190 [2] NCCL INFO Channel 02 : 38[85000] -> 36[7000] via P2P/IPC/read
x3103c0s7b0n0:57598:57634 [0] NCCL INFO Connected all trees
x3103c0s7b0n0:57598:57634 [0] NCCL INFO MSCCL_XML_FILES set by environment to /home/yuke/ncclPG/msccl_tools_lyd/examples/xml/allreduce_binary_tree_p_2nicPtree_channel4_chunk256.xml
x3103c0s7b0n0:57598:57634 [0] NCCL INFO MSCCL: Parsing algorithm /home/yuke/ncclPG/msccl_tools_lyd/examples/xml/allreduce_binary_tree_p_2nicPtree_channel4_chunk256.xml
x3103c0s25b1n0:43297:43334 [0] NCCL INFO Channel 01/0 : 9[46000] -> 4[7000] [receive] via NET/IB/0
x3104c0s25b0n0:63698:63734 [3] NCCL INFO Connected 1 MSCCL algorithms
x3104c0s25b0n0:63698:63734 [3] NCCL INFO NCCL_PROTO set by environment to Simple
x3104c0s25b0n0:63698:63734 [3] NCCL INFO NCCL_ALGO set by environment to MSCCL,TREE,RING
x3104c0s25b0n0:63698:63734 [3] NCCL INFO threadThresholds 8/8/64 | 512/8/64 | 8/8/64 | 8/8/512
x3104c0s25b0n0:63698:63734 [3] NCCL INFO 4 coll channels, 4 p2p channels, 2 p2p channels per peer
x3104c0s13b0n0:43012:43050 [0] NCCL INFO Connected 1 MSCCL algorithms
x3104c0s13b0n0:43012:43050 [0] NCCL INFO NCCL_PROTO set by environment to Simple
x3104c0s13b0n0:43012:43050 [0] NCCL INFO NCCL_ALGO set by environment to MSCCL,TREE,RING
x3104c0s13b0n0:43012:43050 [0] NCCL INFO threadThresholds 8/8/64 | 512/8/64 | 8/8/64 | 8/8/512
x3104c0s13b0n0:43012:43050 [0] NCCL INFO 4 coll channels, 4 p2p channels, 2 p2p channels per peer
x3104c0s13b0n0:43014:43047 [2] NCCL INFO Connected 1 MSCCL algorithms
x3104c0s13b0n0:43014:43047 [2] NCCL INFO NCCL_PROTO set by environment to Simple
x3104c0s13b0n0:43014:43047 [2] NCCL INFO NCCL_ALGO set by environment to MSCCL,TREE,RING
x3104c0s13b0n0:43014:43047 [2] NCCL INFO threadThresholds 8/8/64 | 512/8/64 | 8/8/64 | 8/8/512
x3104c0s13b0n0:43014:43047 [2] NCCL INFO 4 coll channels, 4 p2p channels, 2 p2p channels per peer
x3104c0s13b0n0:43013:43051 [1] NCCL INFO Channel 01/0 : 17[46000] -> 33[46000] [receive] via NET/IB/1
x3104c0s13b0n0:43013:43051 [1] NCCL INFO Channel 01/0 : 33[46000] -> 49[46000] [send] via NET/IB/1
x3104c0s19b0n0:36945:36979 [3] NCCL INFO Connected 1 MSCCL algorithms
x3104c0s19b0n0:36945:36979 [3] NCCL INFO NCCL_PROTO set by environment to Simple
x3104c0s19b0n0:36945:36979 [3] NCCL INFO NCCL_ALGO set by environment to MSCCL,TREE,RING
x3104c0s19b0n0:36945:36979 [3] NCCL INFO threadThresholds 8/8/64 | 512/8/64 | 8/8/64 | 8/8/512
x3104c0s19b0n0:36945:36979 [3] NCCL INFO 4 coll channels, 4 p2p channels, 2 p2p channels per peer
x3104c0s13b1n0:61156:61190 [2] NCCL INFO Channel 03 : 38[85000] -> 36[7000] via P2P/IPC/read
x3104c0s31b0n0:50101:50136 [0] NCCL INFO Connected all trees
x3104c0s31b0n0:50101:50136 [0] NCCL INFO MSCCL_XML_FILES set by environment to /home/yuke/ncclPG/msccl_tools_lyd/examples/xml/allreduce_binary_tree_p_2nicPtree_channel4_chunk256.xml
x3104c0s31b0n0:50101:50136 [0] NCCL INFO MSCCL: Parsing algorithm /home/yuke/ncclPG/msccl_tools_lyd/examples/xml/allreduce_binary_tree_p_2nicPtree_channel4_chunk256.xml
x3104c0s1b1n0:59084:59122 [0] NCCL INFO Connected all trees
x3104c0s1b1n0:59084:59122 [0] NCCL INFO MSCCL_XML_FILES set by environment to /home/yuke/ncclPG/msccl_tools_lyd/examples/xml/allreduce_binary_tree_p_2nicPtree_channel4_chunk256.xml
x3104c0s1b1n0:59084:59122 [0] NCCL INFO MSCCL: Parsing algorithm /home/yuke/ncclPG/msccl_tools_lyd/examples/xml/allreduce_binary_tree_p_2nicPtree_channel4_chunk256.xml
x3104c0s13b1n0:61154:61189 [0] NCCL INFO Connected 1 MSCCL algorithms
x3104c0s13b1n0:61154:61189 [0] NCCL INFO NCCL_PROTO set by environment to Simple
x3104c0s13b1n0:61154:61189 [0] NCCL INFO NCCL_ALGO set by environment to MSCCL,TREE,RING
x3104c0s13b1n0:61156:61190 [2] NCCL INFO Connected 1 MSCCL algorithms
x3104c0s13b1n0:61156:61190 [2] NCCL INFO NCCL_PROTO set by environment to Simple
x3104c0s13b1n0:61156:61190 [2] NCCL INFO NCCL_ALGO set by environment to MSCCL,TREE,RING
x3104c0s13b1n0:61156:61190 [2] NCCL INFO threadThresholds 8/8/64 | 512/8/64 | 8/8/64 | 8/8/512
x3104c0s13b1n0:61156:61190 [2] NCCL INFO 4 coll channels, 4 p2p channels, 2 p2p channels per peer
x3103c0s31b0n0:33962:33999 [0] NCCL INFO Channel 02/0 : 8[7000] -> 5[46000] [send] via NET/IB/1
x3104c0s13b1n0:61154:61189 [0] NCCL INFO threadThresholds 8/8/64 | 512/8/64 | 8/8/64 | 8/8/512
x3104c0s13b1n0:61154:61189 [0] NCCL INFO 4 coll channels, 4 p2p channels, 2 p2p channels per peer
x3104c0s25b0n0:63695:63728 [0] NCCL INFO Connected all trees
x3104c0s25b0n0:63695:63728 [0] NCCL INFO MSCCL_XML_FILES set by environment to /home/yuke/ncclPG/msccl_tools_lyd/examples/xml/allreduce_binary_tree_p_2nicPtree_channel4_chunk256.xml
x3104c0s25b0n0:63695:63728 [0] NCCL INFO MSCCL: Parsing algorithm /home/yuke/ncclPG/msccl_tools_lyd/examples/xml/allreduce_binary_tree_p_2nicPtree_channel4_chunk256.xml
x3103c0s31b1n0:55802:55835 [0] NCCL INFO Parsed MSCCL Algorithm /home/yuke/ncclPG/msccl_tools_lyd/examples/xml/allreduce_binary_tree_p_2nicPtree_channel4_chunk256.xml successfully.
x3104c0s19b1n0:18017:18053 [1] NCCL INFO Channel 03/0 : 37[46000] -> 45[46000] [receive] via NET/IB/1
x3103c0s7b0n0:57598:57634 [0] NCCL INFO Parsed MSCCL Algorithm /home/yuke/ncclPG/msccl_tools_lyd/examples/xml/allreduce_binary_tree_p_2nicPtree_channel4_chunk256.xml successfully.
x3103c0s37b1n0:55365:55399 [1] NCCL INFO Connected all trees
x3103c0s37b1n0:55365:55399 [1] NCCL INFO MSCCL_XML_FILES set by environment to /home/yuke/ncclPG/msccl_tools_lyd/examples/xml/allreduce_binary_tree_p_2nicPtree_channel4_chunk256.xml
x3103c0s37b1n0:55365:55399 [1] NCCL INFO MSCCL: Parsing algorithm /home/yuke/ncclPG/msccl_tools_lyd/examples/xml/allreduce_binary_tree_p_2nicPtree_channel4_chunk256.xml
x3103c0s37b1n0:55366:55404 [2] NCCL INFO Connected all trees
x3103c0s37b1n0:55366:55404 [2] NCCL INFO MSCCL_XML_FILES set by environment to /home/yuke/ncclPG/msccl_tools_lyd/examples/xml/allreduce_binary_tree_p_2nicPtree_channel4_chunk256.xml
x3103c0s37b1n0:55366:55404 [2] NCCL INFO MSCCL: Parsing algorithm /home/yuke/ncclPG/msccl_tools_lyd/examples/xml/allreduce_binary_tree_p_2nicPtree_channel4_chunk256.xml
x3103c0s7b1n0:55997:56030 [0] NCCL INFO Connected 1 MSCCL algorithms
x3103c0s7b1n0:55997:56030 [0] NCCL INFO NCCL_PROTO set by environment to Simple
x3103c0s7b1n0:55997:56030 [0] NCCL INFO NCCL_ALGO set by environment to MSCCL,TREE,RING
x3103c0s7b1n0:55997:56030 [0] NCCL INFO threadThresholds 8/8/64 | 512/8/64 | 8/8/64 | 8/8/512
x3103c0s7b1n0:55997:56030 [0] NCCL INFO 4 coll channels, 4 p2p channels, 2 p2p channels per peer
x3103c0s7b1n0:55999:56036 [2] NCCL INFO Connected 1 MSCCL algorithms
x3103c0s7b1n0:55999:56036 [2] NCCL INFO NCCL_PROTO set by environment to Simple
x3103c0s7b1n0:55999:56036 [2] NCCL INFO NCCL_ALGO set by environment to MSCCL,TREE,RING
x3103c0s7b1n0:55999:56036 [2] NCCL INFO threadThresholds 8/8/64 | 512/8/64 | 8/8/64 | 8/8/512
x3103c0s7b1n0:55999:56036 [2] NCCL INFO 4 coll channels, 4 p2p channels, 2 p2p channels per peer
x3103c0s31b0n0:33962:33999 [0] NCCL INFO Channel 03/0 : 8[7000] -> 5[46000] [send] via NET/IB/0
x3104c0s25b1n0:60020:60051 [0] NCCL INFO Channel 02/0 : 56[7000] -> 53[46000] [send] via NET/IB/1
x3104c0s13b1n0:61155:61191 [1] NCCL INFO Channel 03/0 : 37[46000] -> 45[46000] [send] via NET/IB/1
x3104c0s31b0n0:50101:50136 [0] NCCL INFO Parsed MSCCL Algorithm /home/yuke/ncclPG/msccl_tools_lyd/examples/xml/allreduce_binary_tree_p_2nicPtree_channel4_chunk256.xml successfully.
x3104c0s25b1n0:60020:60051 [0] NCCL INFO Channel 03/0 : 56[7000] -> 53[46000] [send] via NET/IB/0
x3104c0s1b1n0:59084:59122 [0] NCCL INFO Parsed MSCCL Algorithm /home/yuke/ncclPG/msccl_tools_lyd/examples/xml/allreduce_binary_tree_p_2nicPtree_channel4_chunk256.xml successfully.
x3103c0s31b0n0:33963:33994 [1] NCCL INFO Connected all trees
x3103c0s31b0n0:33963:33994 [1] NCCL INFO MSCCL_XML_FILES set by environment to /home/yuke/ncclPG/msccl_tools_lyd/examples/xml/allreduce_binary_tree_p_2nicPtree_channel4_chunk256.xml
x3103c0s31b0n0:33963:33994 [1] NCCL INFO MSCCL: Parsing algorithm /home/yuke/ncclPG/msccl_tools_lyd/examples/xml/allreduce_binary_tree_p_2nicPtree_channel4_chunk256.xml
x3104c0s19b1n0:18017:18053 [1] NCCL INFO Channel 03/0 : 45[46000] -> 53[46000] [send] via NET/IB/1
x3104c0s25b0n0:63695:63728 [0] NCCL INFO Parsed MSCCL Algorithm /home/yuke/ncclPG/msccl_tools_lyd/examples/xml/allreduce_binary_tree_p_2nicPtree_channel4_chunk256.xml successfully.
x3103c0s31b0n0:33964:33997 [2] NCCL INFO Connected all trees
x3103c0s31b0n0:33964:33997 [2] NCCL INFO MSCCL_XML_FILES set by environment to /home/yuke/ncclPG/msccl_tools_lyd/examples/xml/allreduce_binary_tree_p_2nicPtree_channel4_chunk256.xml
x3103c0s31b0n0:33964:33997 [2] NCCL INFO MSCCL: Parsing algorithm /home/yuke/ncclPG/msccl_tools_lyd/examples/xml/allreduce_binary_tree_p_2nicPtree_channel4_chunk256.xml
x3104c0s19b0n0:36943:36981 [1] NCCL INFO Channel 01/0 : 41[46000] -> 49[46000] [send] via NET/IB/1
x3103c0s31b0n0:33962:33999 [0] NCCL INFO Connected all trees
x3103c0s31b0n0:33962:33999 [0] NCCL INFO MSCCL_XML_FILES set by environment to /home/yuke/ncclPG/msccl_tools_lyd/examples/xml/allreduce_binary_tree_p_2nicPtree_channel4_chunk256.xml
x3103c0s31b0n0:33962:33999 [0] NCCL INFO MSCCL: Parsing algorithm /home/yuke/ncclPG/msccl_tools_lyd/examples/xml/allreduce_binary_tree_p_2nicPtree_channel4_chunk256.xml
x3103c0s25b1n0:43297:43334 [0] NCCL INFO Channel 02/0 : 4[7000] -> 0[7000] [send] via NET/IB/1
x3103c0s37b1n0:55365:55399 [1] NCCL INFO Parsed MSCCL Algorithm /home/yuke/ncclPG/msccl_tools_lyd/examples/xml/allreduce_binary_tree_p_2nicPtree_channel4_chunk256.xml successfully.
x3104c0s25b1n0:60020:60051 [0] NCCL INFO Connected all trees
x3104c0s25b1n0:60020:60051 [0] NCCL INFO MSCCL_XML_FILES set by environment to /home/yuke/ncclPG/msccl_tools_lyd/examples/xml/allreduce_binary_tree_p_2nicPtree_channel4_chunk256.xml
x3104c0s25b1n0:60020:60051 [0] NCCL INFO MSCCL: Parsing algorithm /home/yuke/ncclPG/msccl_tools_lyd/examples/xml/allreduce_binary_tree_p_2nicPtree_channel4_chunk256.xml
x3103c0s37b1n0:55365:55399 [1] NCCL INFO Channel 03/0 : 17[46000] -> 21[46000] [receive] via NET/IB/1
x3103c0s25b1n0:43297:43334 [0] NCCL INFO Channel 03/0 : 4[7000] -> 0[7000] [send] via NET/IB/0
x3103c0s31b1n0:55802:55835 [0] NCCL INFO Connected 1 MSCCL algorithms
x3103c0s31b1n0:55802:55835 [0] NCCL INFO NCCL_PROTO set by environment to Simple
x3103c0s31b1n0:55802:55835 [0] NCCL INFO NCCL_ALGO set by environment to MSCCL,TREE,RING
x3103c0s31b1n0:55802:55835 [0] NCCL INFO threadThresholds 8/8/64 | 512/8/64 | 8/8/64 | 8/8/512
x3103c0s31b1n0:55802:55835 [0] NCCL INFO 4 coll channels, 4 p2p channels, 2 p2p channels per peer
x3103c0s31b1n0:55804:55841 [2] NCCL INFO Connected 1 MSCCL algorithms
x3103c0s31b1n0:55804:55841 [2] NCCL INFO NCCL_PROTO set by environment to Simple
x3103c0s31b1n0:55804:55841 [2] NCCL INFO NCCL_ALGO set by environment to MSCCL,TREE,RING
x3103c0s31b1n0:55804:55841 [2] NCCL INFO threadThresholds 8/8/64 | 512/8/64 | 8/8/64 | 8/8/512
x3103c0s31b1n0:55804:55841 [2] NCCL INFO 4 coll channels, 4 p2p channels, 2 p2p channels per peer
x3103c0s37b1n0:55366:55404 [2] NCCL INFO Parsed MSCCL Algorithm /home/yuke/ncclPG/msccl_tools_lyd/examples/xml/allreduce_binary_tree_p_2nicPtree_channel4_chunk256.xml successfully.
x3103c0s37b1n0:55366:55404 [2] NCCL INFO Channel 00 : 22[85000] -> 20[7000] via P2P/IPC/read
x3103c0s25b1n0:43298:43330 [1] NCCL INFO Connected all trees
x3103c0s25b1n0:43298:43330 [1] NCCL INFO MSCCL_XML_FILES set by environment to /home/yuke/ncclPG/msccl_tools_lyd/examples/xml/allreduce_binary_tree_p_2nicPtree_channel4_chunk256.xml
x3103c0s25b1n0:43298:43330 [1] NCCL INFO MSCCL: Parsing algorithm /home/yuke/ncclPG/msccl_tools_lyd/examples/xml/allreduce_binary_tree_p_2nicPtree_channel4_chunk256.xml
x3103c0s25b1n0:43299:43332 [2] NCCL INFO Connected all trees
x3103c0s25b1n0:43299:43332 [2] NCCL INFO MSCCL_XML_FILES set by environment to /home/yuke/ncclPG/msccl_tools_lyd/examples/xml/allreduce_binary_tree_p_2nicPtree_channel4_chunk256.xml
x3103c0s25b1n0:43299:43332 [2] NCCL INFO MSCCL: Parsing algorithm /home/yuke/ncclPG/msccl_tools_lyd/examples/xml/allreduce_binary_tree_p_2nicPtree_channel4_chunk256.xml
x3104c0s13b1n0:61155:61191 [1] NCCL INFO Channel 03/0 : 45[46000] -> 37[46000] [receive] via NET/IB/1
x3103c0s37b1n0:55365:55399 [1] NCCL INFO Channel 01/0 : 21[46000] -> 25[46000] [send] via NET/IB/1
x3103c0s7b0n0:57598:57634 [0] NCCL INFO Connected 1 MSCCL algorithms
x3103c0s7b0n0:57598:57634 [0] NCCL INFO NCCL_PROTO set by environment to Simple
x3103c0s7b0n0:57598:57634 [0] NCCL INFO NCCL_ALGO set by environment to MSCCL,TREE,RING
x3103c0s7b0n0:57598:57634 [0] NCCL INFO threadThresholds 8/8/64 | 512/8/64 | 8/8/64 | 8/8/512
x3103c0s7b0n0:57598:57634 [0] NCCL INFO 4 coll channels, 4 p2p channels, 2 p2p channels per peer
x3103c0s7b0n0:57600:57632 [2] NCCL INFO Connected 1 MSCCL algorithms
x3103c0s7b0n0:57600:57632 [2] NCCL INFO NCCL_PROTO set by environment to Simple
x3103c0s7b0n0:57600:57632 [2] NCCL INFO NCCL_ALGO set by environment to MSCCL,TREE,RING
x3103c0s7b0n0:57600:57632 [2] NCCL INFO threadThresholds 8/8/64 | 512/8/64 | 8/8/64 | 8/8/512
x3103c0s7b0n0:57600:57632 [2] NCCL INFO 4 coll channels, 4 p2p channels, 2 p2p channels per peer
x3103c0s31b0n0:33963:33994 [1] NCCL INFO Parsed MSCCL Algorithm /home/yuke/ncclPG/msccl_tools_lyd/examples/xml/allreduce_binary_tree_p_2nicPtree_channel4_chunk256.xml successfully.
x3103c0s37b1n0:55366:55404 [2] NCCL INFO Channel 01 : 22[85000] -> 20[7000] via P2P/IPC/read
x3103c0s31b0n0:33962:33999 [0] NCCL INFO Parsed MSCCL Algorithm /home/yuke/ncclPG/msccl_tools_lyd/examples/xml/allreduce_binary_tree_p_2nicPtree_channel4_chunk256.xml successfully.
x3103c0s37b1n0:55366:55404 [2] NCCL INFO Channel 02 : 22[85000] -> 20[7000] via P2P/IPC/read
x3103c0s37b1n0:55366:55404 [2] NCCL INFO Channel 03 : 22[85000] -> 20[7000] via P2P/IPC/read
x3103c0s25b1n0:43297:43334 [0] NCCL INFO Connected all trees
x3103c0s25b1n0:43297:43334 [0] NCCL INFO MSCCL_XML_FILES set by environment to /home/yuke/ncclPG/msccl_tools_lyd/examples/xml/allreduce_binary_tree_p_2nicPtree_channel4_chunk256.xml
x3103c0s25b1n0:43297:43334 [0] NCCL INFO MSCCL: Parsing algorithm /home/yuke/ncclPG/msccl_tools_lyd/examples/xml/allreduce_binary_tree_p_2nicPtree_channel4_chunk256.xml
x3103c0s37b1n0:55366:55404 [2] NCCL INFO Connected 1 MSCCL algorithms
x3103c0s37b1n0:55366:55404 [2] NCCL INFO NCCL_PROTO set by environment to Simple
x3103c0s37b1n0:55366:55404 [2] NCCL INFO NCCL_ALGO set by environment to MSCCL,TREE,RING
x3103c0s37b1n0:55366:55404 [2] NCCL INFO threadThresholds 8/8/64 | 512/8/64 | 8/8/64 | 8/8/512
x3103c0s37b1n0:55366:55404 [2] NCCL INFO 4 coll channels, 4 p2p channels, 2 p2p channels per peer
x3103c0s37b1n0:55364:55401 [0] NCCL INFO Connected 1 MSCCL algorithms
x3103c0s37b1n0:55364:55401 [0] NCCL INFO NCCL_PROTO set by environment to Simple
x3103c0s37b1n0:55364:55401 [0] NCCL INFO NCCL_ALGO set by environment to MSCCL,TREE,RING
x3103c0s37b1n0:55364:55401 [0] NCCL INFO threadThresholds 8/8/64 | 512/8/64 | 8/8/64 | 8/8/512
x3103c0s37b1n0:55364:55401 [0] NCCL INFO 4 coll channels, 4 p2p channels, 2 p2p channels per peer
x3104c0s1b1n0:59084:59122 [0] NCCL INFO Connected 1 MSCCL algorithms
x3104c0s1b1n0:59084:59122 [0] NCCL INFO NCCL_PROTO set by environment to Simple
x3104c0s1b1n0:59084:59122 [0] NCCL INFO NCCL_ALGO set by environment to MSCCL,TREE,RING
x3104c0s1b1n0:59084:59122 [0] NCCL INFO threadThresholds 8/8/64 | 512/8/64 | 8/8/64 | 8/8/512
x3104c0s1b1n0:59084:59122 [0] NCCL INFO 4 coll channels, 4 p2p channels, 2 p2p channels per peer
x3103c0s31b0n0:33963:33994 [1] NCCL INFO Channel 01/0 : 5[46000] -> 9[46000] [receive] via NET/IB/1
x3103c0s25b0n0:2382:2413 [0] NCCL INFO Connected all trees
x3103c0s25b0n0:2382:2413 [0] NCCL INFO MSCCL_XML_FILES set by environment to /home/yuke/ncclPG/msccl_tools_lyd/examples/xml/allreduce_binary_tree_p_2nicPtree_channel4_chunk256.xml
x3103c0s25b0n0:2382:2413 [0] NCCL INFO MSCCL: Parsing algorithm /home/yuke/ncclPG/msccl_tools_lyd/examples/xml/allreduce_binary_tree_p_2nicPtree_channel4_chunk256.xml
x3104c0s31b0n0:50101:50136 [0] NCCL INFO Connected 1 MSCCL algorithms
x3104c0s31b0n0:50101:50136 [0] NCCL INFO NCCL_PROTO set by environment to Simple
x3104c0s31b0n0:50101:50136 [0] NCCL INFO NCCL_ALGO set by environment to MSCCL,TREE,RING
x3104c0s31b0n0:50101:50136 [0] NCCL INFO threadThresholds 8/8/64 | 512/8/64 | 8/8/64 | 8/8/512
x3104c0s31b0n0:50101:50136 [0] NCCL INFO 4 coll channels, 4 p2p channels, 2 p2p channels per peer
x3104c0s31b0n0:50103:50135 [2] NCCL INFO Connected 1 MSCCL algorithms
x3104c0s31b0n0:50103:50135 [2] NCCL INFO NCCL_PROTO set by environment to Simple
x3104c0s31b0n0:50103:50135 [2] NCCL INFO NCCL_ALGO set by environment to MSCCL,TREE,RING
x3104c0s31b0n0:50103:50135 [2] NCCL INFO threadThresholds 8/8/64 | 512/8/64 | 8/8/64 | 8/8/512
x3104c0s31b0n0:50103:50135 [2] NCCL INFO 4 coll channels, 4 p2p channels, 2 p2p channels per peer
x3103c0s31b0n0:33964:33997 [2] NCCL INFO Parsed MSCCL Algorithm /home/yuke/ncclPG/msccl_tools_lyd/examples/xml/allreduce_binary_tree_p_2nicPtree_channel4_chunk256.xml successfully.
x3103c0s31b0n0:33964:33997 [2] NCCL INFO Channel 00 : 10[85000] -> 8[7000] via P2P/IPC/read
x3104c0s1b1n0:59086:59119 [2] NCCL INFO Connected 1 MSCCL algorithms
x3104c0s1b1n0:59086:59119 [2] NCCL INFO NCCL_PROTO set by environment to Simple
x3104c0s1b1n0:59086:59119 [2] NCCL INFO NCCL_ALGO set by environment to MSCCL,TREE,RING
x3104c0s1b1n0:59086:59119 [2] NCCL INFO threadThresholds 8/8/64 | 512/8/64 | 8/8/64 | 8/8/512
x3104c0s1b1n0:59086:59119 [2] NCCL INFO 4 coll channels, 4 p2p channels, 2 p2p channels per peer
x3104c0s25b1n0:60020:60051 [0] NCCL INFO Parsed MSCCL Algorithm /home/yuke/ncclPG/msccl_tools_lyd/examples/xml/allreduce_binary_tree_p_2nicPtree_channel4_chunk256.xml successfully.
x3103c0s37b1n0:55365:55399 [1] NCCL INFO Channel 03/0 : 21[46000] -> 25[46000] [send] via NET/IB/1
x3103c0s25b1n0:43298:43330 [1] NCCL INFO Parsed MSCCL Algorithm /home/yuke/ncclPG/msccl_tools_lyd/examples/xml/allreduce_binary_tree_p_2nicPtree_channel4_chunk256.xml successfully.
x3103c0s25b1n0:43299:43332 [2] NCCL INFO Parsed MSCCL Algorithm /home/yuke/ncclPG/msccl_tools_lyd/examples/xml/allreduce_binary_tree_p_2nicPtree_channel4_chunk256.xml successfully.
x3103c0s25b1n0:43299:43332 [2] NCCL INFO Channel 00 : 6[85000] -> 4[7000] via P2P/IPC/read
x3103c0s31b0n0:33963:33994 [1] NCCL INFO Channel 03/0 : 5[46000] -> 9[46000] [receive] via NET/IB/1
x3103c0s31b0n0:33964:33997 [2] NCCL INFO Channel 01 : 10[85000] -> 8[7000] via P2P/IPC/read
x3103c0s25b1n0:43298:43330 [1] NCCL INFO Channel 03/0 : 1[46000] -> 5[46000] [receive] via NET/IB/1
x3103c0s31b0n0:33964:33997 [2] NCCL INFO Channel 02 : 10[85000] -> 8[7000] via P2P/IPC/read
x3104c0s25b0n0:63696:63732 [1] NCCL INFO Connected all trees
x3104c0s25b0n0:63696:63732 [1] NCCL INFO MSCCL_XML_FILES set by environment to /home/yuke/ncclPG/msccl_tools_lyd/examples/xml/allreduce_binary_tree_p_2nicPtree_channel4_chunk256.xml
x3104c0s25b0n0:63696:63732 [1] NCCL INFO MSCCL: Parsing algorithm /home/yuke/ncclPG/msccl_tools_lyd/examples/xml/allreduce_binary_tree_p_2nicPtree_channel4_chunk256.xml
x3104c0s25b1n0:60020:60051 [0] NCCL INFO Connected 1 MSCCL algorithms
x3104c0s25b1n0:60020:60051 [0] NCCL INFO NCCL_PROTO set by environment to Simple
x3104c0s25b1n0:60020:60051 [0] NCCL INFO NCCL_ALGO set by environment to MSCCL,TREE,RING
x3104c0s25b1n0:60020:60051 [0] NCCL INFO threadThresholds 8/8/64 | 512/8/64 | 8/8/64 | 8/8/512
x3104c0s25b1n0:60020:60051 [0] NCCL INFO 4 coll channels, 4 p2p channels, 2 p2p channels per peer
x3103c0s25b1n0:43299:43332 [2] NCCL INFO Channel 01 : 6[85000] -> 4[7000] via P2P/IPC/read
x3103c0s25b1n0:43297:43334 [0] NCCL INFO Parsed MSCCL Algorithm /home/yuke/ncclPG/msccl_tools_lyd/examples/xml/allreduce_binary_tree_p_2nicPtree_channel4_chunk256.xml successfully.
x3104c0s25b0n0:63697:63727 [2] NCCL INFO Connected all trees
x3104c0s25b0n0:63697:63727 [2] NCCL INFO MSCCL_XML_FILES set by environment to /home/yuke/ncclPG/msccl_tools_lyd/examples/xml/allreduce_binary_tree_p_2nicPtree_channel4_chunk256.xml
x3104c0s25b0n0:63697:63727 [2] NCCL INFO MSCCL: Parsing algorithm /home/yuke/ncclPG/msccl_tools_lyd/examples/xml/allreduce_binary_tree_p_2nicPtree_channel4_chunk256.xml
x3103c0s37b0n0:9569:9600 [1] NCCL INFO Channel 01/0 : 9[46000] -> 17[46000] [receive] via NET/IB/1
x3104c0s25b1n0:60022:60060 [2] NCCL INFO Connected 1 MSCCL algorithms
x3104c0s25b1n0:60022:60060 [2] NCCL INFO NCCL_PROTO set by environment to Simple
x3104c0s25b1n0:60022:60060 [2] NCCL INFO NCCL_ALGO set by environment to MSCCL,TREE,RING
x3104c0s25b1n0:60022:60060 [2] NCCL INFO threadThresholds 8/8/64 | 512/8/64 | 8/8/64 | 8/8/512
x3104c0s25b1n0:60022:60060 [2] NCCL INFO 4 coll channels, 4 p2p channels, 2 p2p channels per peer
x3103c0s25b1n0:43299:43332 [2] NCCL INFO Channel 02 : 6[85000] -> 4[7000] via P2P/IPC/read
x3103c0s25b0n0:2382:2413 [0] NCCL INFO Parsed MSCCL Algorithm /home/yuke/ncclPG/msccl_tools_lyd/examples/xml/allreduce_binary_tree_p_2nicPtree_channel4_chunk256.xml successfully.
x3103c0s31b0n0:33963:33994 [1] NCCL INFO Channel 01/0 : 9[46000] -> 13[46000] [send] via NET/IB/1
x3103c0s31b0n0:33964:33997 [2] NCCL INFO Channel 03 : 10[85000] -> 8[7000] via P2P/IPC/read
x3103c0s25b1n0:43299:43332 [2] NCCL INFO Channel 03 : 6[85000] -> 4[7000] via P2P/IPC/read
x3103c0s7b1n0:55998:56028 [1] NCCL INFO Channel 03/0 : 13[46000] -> 29[46000] [receive] via NET/IB/1
x3103c0s25b1n0:43298:43330 [1] NCCL INFO Channel 01/0 : 5[46000] -> 9[46000] [send] via NET/IB/1
x3103c0s25b1n0:43298:43330 [1] NCCL INFO Channel 03/0 : 5[46000] -> 9[46000] [send] via NET/IB/1
x3103c0s37b0n0:9569:9600 [1] NCCL INFO Channel 01/0 : 17[46000] -> 25[46000] [send] via NET/IB/1
x3103c0s31b0n0:33962:33999 [0] NCCL INFO Connected 1 MSCCL algorithms
x3103c0s31b0n0:33962:33999 [0] NCCL INFO NCCL_PROTO set by environment to Simple
x3103c0s31b0n0:33962:33999 [0] NCCL INFO NCCL_ALGO set by environment to MSCCL,TREE,RING
x3103c0s31b0n0:33962:33999 [0] NCCL INFO threadThresholds 8/8/64 | 512/8/64 | 8/8/64 | 8/8/512
x3103c0s31b0n0:33962:33999 [0] NCCL INFO 4 coll channels, 4 p2p channels, 2 p2p channels per peer
x3103c0s31b0n0:33964:33997 [2] NCCL INFO Connected 1 MSCCL algorithms
x3103c0s31b0n0:33964:33997 [2] NCCL INFO NCCL_PROTO set by environment to Simple
x3103c0s31b0n0:33964:33997 [2] NCCL INFO NCCL_ALGO set by environment to MSCCL,TREE,RING
x3103c0s31b0n0:33964:33997 [2] NCCL INFO threadThresholds 8/8/64 | 512/8/64 | 8/8/64 | 8/8/512
x3103c0s31b0n0:33964:33997 [2] NCCL INFO 4 coll channels, 4 p2p channels, 2 p2p channels per peer
x3104c0s25b0n0:63696:63732 [1] NCCL INFO Parsed MSCCL Algorithm /home/yuke/ncclPG/msccl_tools_lyd/examples/xml/allreduce_binary_tree_p_2nicPtree_channel4_chunk256.xml successfully.
x3104c0s25b0n0:63697:63727 [2] NCCL INFO Parsed MSCCL Algorithm /home/yuke/ncclPG/msccl_tools_lyd/examples/xml/allreduce_binary_tree_p_2nicPtree_channel4_chunk256.xml successfully.
x3104c0s25b0n0:63697:63727 [2] NCCL INFO Channel 00 : 54[85000] -> 52[7000] via P2P/IPC/read
x3103c0s37b1n0:55365:55399 [1] NCCL INFO Channel 03/0 : 13[46000] -> 21[46000] [receive] via NET/IB/1
x3103c0s7b1n0:55998:56028 [1] NCCL INFO Channel 03/0 : 29[46000] -> 45[46000] [send] via NET/IB/1
x3103c0s25b1n0:43297:43334 [0] NCCL INFO Connected 1 MSCCL algorithms
x3103c0s25b1n0:43297:43334 [0] NCCL INFO NCCL_PROTO set by environment to Simple
x3103c0s25b1n0:43297:43334 [0] NCCL INFO NCCL_ALGO set by environment to MSCCL,TREE,RING
x3103c0s25b1n0:43297:43334 [0] NCCL INFO threadThresholds 8/8/64 | 512/8/64 | 8/8/64 | 8/8/512
x3103c0s25b1n0:43297:43334 [0] NCCL INFO 4 coll channels, 4 p2p channels, 2 p2p channels per peer
x3103c0s25b1n0:43299:43332 [2] NCCL INFO Connected 1 MSCCL algorithms
x3103c0s25b1n0:43299:43332 [2] NCCL INFO NCCL_PROTO set by environment to Simple
x3103c0s25b1n0:43299:43332 [2] NCCL INFO NCCL_ALGO set by environment to MSCCL,TREE,RING
x3103c0s25b1n0:43299:43332 [2] NCCL INFO threadThresholds 8/8/64 | 512/8/64 | 8/8/64 | 8/8/512
x3103c0s25b1n0:43299:43332 [2] NCCL INFO 4 coll channels, 4 p2p channels, 2 p2p channels per peer
x3104c0s25b0n0:63696:63732 [1] NCCL INFO Channel 03/0 : 49[46000] -> 53[46000] [receive] via NET/IB/1
x3103c0s31b1n0:55803:55833 [1] NCCL INFO Channel 03/0 : 5[46000] -> 13[46000] [receive] via NET/IB/1
x3104c0s25b0n0:63697:63727 [2] NCCL INFO Channel 01 : 54[85000] -> 52[7000] via P2P/IPC/read
x3104c0s25b0n0:63696:63732 [1] NCCL INFO Channel 01/0 : 53[46000] -> 57[46000] [send] via NET/IB/1
x3104c0s25b0n0:63696:63732 [1] NCCL INFO Channel 03/0 : 53[46000] -> 57[46000] [send] via NET/IB/1
x3103c0s25b0n0:2383:2418 [1] NCCL INFO Channel 01/0 : 33[46000] -> 1[46000] [receive] via NET/IB/1
x3103c0s7b0n0:57599:57637 [1] NCCL INFO Channel 01/0 : 17[46000] -> 25[46000] [receive] via NET/IB/1
x3104c0s25b0n0:63697:63727 [2] NCCL INFO Channel 02 : 54[85000] -> 52[7000] via P2P/IPC/read
x3104c0s25b0n0:63697:63727 [2] NCCL INFO Channel 03 : 54[85000] -> 52[7000] via P2P/IPC/read
x3103c0s25b0n0:2382:2413 [0] NCCL INFO Connected 1 MSCCL algorithms
x3103c0s25b0n0:2382:2413 [0] NCCL INFO NCCL_PROTO set by environment to Simple
x3103c0s25b0n0:2382:2413 [0] NCCL INFO NCCL_ALGO set by environment to MSCCL,TREE,RING
x3103c0s25b0n0:2382:2413 [0] NCCL INFO threadThresholds 8/8/64 | 512/8/64 | 8/8/64 | 8/8/512
x3103c0s25b0n0:2382:2413 [0] NCCL INFO 4 coll channels, 4 p2p channels, 2 p2p channels per peer
x3103c0s25b0n0:2384:2422 [2] NCCL INFO Connected 1 MSCCL algorithms
x3103c0s25b0n0:2384:2422 [2] NCCL INFO NCCL_PROTO set by environment to Simple
x3103c0s25b0n0:2384:2422 [2] NCCL INFO NCCL_ALGO set by environment to MSCCL,TREE,RING
x3103c0s25b0n0:2384:2422 [2] NCCL INFO threadThresholds 8/8/64 | 512/8/64 | 8/8/64 | 8/8/512
x3103c0s25b0n0:2384:2422 [2] NCCL INFO 4 coll channels, 4 p2p channels, 2 p2p channels per peer
x3104c0s25b0n0:63695:63728 [0] NCCL INFO Connected 1 MSCCL algorithms
x3104c0s25b0n0:63695:63728 [0] NCCL INFO NCCL_PROTO set by environment to Simple
x3104c0s25b0n0:63695:63728 [0] NCCL INFO NCCL_ALGO set by environment to MSCCL,TREE,RING
x3104c0s25b0n0:63695:63728 [0] NCCL INFO threadThresholds 8/8/64 | 512/8/64 | 8/8/64 | 8/8/512
x3104c0s25b0n0:63695:63728 [0] NCCL INFO 4 coll channels, 4 p2p channels, 2 p2p channels per peer
x3104c0s25b0n0:63697:63727 [2] NCCL INFO Connected 1 MSCCL algorithms
x3104c0s25b0n0:63697:63727 [2] NCCL INFO NCCL_PROTO set by environment to Simple
x3104c0s25b0n0:63697:63727 [2] NCCL INFO NCCL_ALGO set by environment to MSCCL,TREE,RING
x3104c0s25b0n0:63697:63727 [2] NCCL INFO threadThresholds 8/8/64 | 512/8/64 | 8/8/64 | 8/8/512
x3104c0s25b0n0:63697:63727 [2] NCCL INFO 4 coll channels, 4 p2p channels, 2 p2p channels per peer
x3103c0s31b0n0:33963:33994 [1] NCCL INFO Channel 01/0 : 9[46000] -> 17[46000] [send] via NET/IB/1
x3103c0s31b1n0:55803:55833 [1] NCCL INFO Channel 03/0 : 13[46000] -> 21[46000] [send] via NET/IB/1
x3103c0s25b0n0:2383:2418 [1] NCCL INFO Channel 01/0 : 1[46000] -> 33[46000] [send] via NET/IB/1
x3104c0s1b1n0:59085:59125 [1] NCCL INFO Channel 01/0 : 41[46000] -> 49[46000] [receive] via NET/IB/1
x3103c0s31b0n0:33963:33994 [1] NCCL INFO Channel 01/0 : 17[46000] -> 9[46000] [receive] via NET/IB/1
x3103c0s25b1n0:43298:43330 [1] NCCL INFO Channel 03/0 : 5[46000] -> 13[46000] [send] via NET/IB/1
x3104c0s31b0n0:50102:50132 [1] NCCL INFO Channel 03/0 : 29[46000] -> 61[46000] [receive] via NET/IB/1
x3104c0s25b0n0:63696:63732 [1] NCCL INFO Channel 03/0 : 45[46000] -> 53[46000] [receive] via NET/IB/1
x3104c0s1b1n0:59085:59125 [1] NCCL INFO Channel 01/0 : 49[46000] -> 57[46000] [send] via NET/IB/1
x3103c0s7b0n0:57599:57637 [1] NCCL INFO Channel 01/0 : 25[46000] -> 17[46000] [send] via NET/IB/1
x3103c0s25b1n0:43298:43330 [1] NCCL INFO Channel 03/0 : 13[46000] -> 5[46000] [receive] via NET/IB/1
x3104c0s31b0n0:50102:50132 [1] NCCL INFO Channel 03/0 : 61[46000] -> 29[46000] [send] via NET/IB/1
x3103c0s37b1n0:55365:55399 [1] NCCL INFO Channel 03/0 : 21[46000] -> 13[46000] [send] via NET/IB/1
x3103c0s37b0n0:9569:9600 [1] NCCL INFO Channel 01/0 : 17[46000] -> 33[46000] [send] via NET/IB/1
x3104c0s25b1n0:60021:60058 [1] NCCL INFO Channel 01/0 : 49[46000] -> 57[46000] [receive] via NET/IB/1
x3104c0s19b0n0:36943:36981 [1] NCCL INFO Channel 01/0 : 49[46000] -> 41[46000] [receive] via NET/IB/1
x3103c0s31b1n0:55803:55833 [1] NCCL INFO Channel 03/0 : 13[46000] -> 29[46000] [send] via NET/IB/1
x3104c0s25b0n0:63696:63732 [1] NCCL INFO Channel 03/0 : 53[46000] -> 45[46000] [send] via NET/IB/1
x3103c0s37b0n0:9569:9600 [1] NCCL INFO Channel 01/0 : 33[46000] -> 17[46000] [receive] via NET/IB/1
x3103c0s31b1n0:55803:55833 [1] NCCL INFO Channel 03/0 : 29[46000] -> 13[46000] [receive] via NET/IB/1
x3104c0s19b1n0:18017:18053 [1] NCCL INFO Channel 03/0 : 29[46000] -> 45[46000] [receive] via NET/IB/1
x3104c0s25b1n0:60021:60058 [1] NCCL INFO Channel 01/0 : 57[46000] -> 49[46000] [send] via NET/IB/1
x3104c0s1b1n0:59085:59125 [1] NCCL INFO Channel 01/0 : 33[46000] -> 49[46000] [receive] via NET/IB/1
x3104c0s19b1n0:18017:18053 [1] NCCL INFO Channel 03/0 : 45[46000] -> 29[46000] [send] via NET/IB/1
x3103c0s7b1n0:55998:56028 [1] NCCL INFO Channel 03/0 : 61[46000] -> 29[46000] [receive] via NET/IB/1
x3104c0s1b1n0:59085:59125 [1] NCCL INFO Channel 01/0 : 49[46000] -> 33[46000] [send] via NET/IB/1
x3103c0s7b1n0:55998:56028 [1] NCCL INFO Channel 03/0 : 29[46000] -> 61[46000] [send] via NET/IB/1
x3104c0s13b0n0:43013:43051 [1] NCCL INFO Channel 01/0 : 1[46000] -> 33[46000] [receive] via NET/IB/1
x3104c0s13b0n0:43013:43051 [1] NCCL INFO Channel 01/0 : 33[46000] -> 1[46000] [send] via NET/IB/1
x3103c0s7b1n0:55998:56028 [1] NCCL INFO Channel 03/0 : 45[46000] -> 29[46000] [receive] via NET/IB/1
x3104c0s31b0n0:50102:50132 [1] NCCL INFO Channel 01/0 : 61[46000] -> 57[46000] [send] via NET/IB/1
x3103c0s7b1n0:55998:56028 [1] NCCL INFO Channel 03/0 : 29[46000] -> 13[46000] [send] via NET/IB/1
x3104c0s13b0n0:43013:43051 [1] NCCL INFO Channel 01/0 : 49[46000] -> 33[46000] [receive] via NET/IB/1
x3103c0s31b1n0:55803:55833 [1] NCCL INFO Channel 03/0 : 21[46000] -> 13[46000] [receive] via NET/IB/1
x3103c0s31b1n0:55803:55833 [1] NCCL INFO Channel 03/0 : 13[46000] -> 5[46000] [send] via NET/IB/1
x3104c0s13b0n0:43013:43051 [1] NCCL INFO Channel 01/0 : 33[46000] -> 17[46000] [send] via NET/IB/1
x3104c0s19b1n0:18017:18053 [1] NCCL INFO Channel 03/0 : 53[46000] -> 45[46000] [receive] via NET/IB/1
x3103c0s25b0n0:2383:2418 [1] NCCL INFO Channel 03/0 : 5[46000] -> 1[46000] [receive] via NET/IB/1
x3103c0s25b1n0:43298:43330 [1] NCCL INFO Channel 01/0 : 9[46000] -> 5[46000] [receive] via NET/IB/1
x3103c0s37b0n0:9569:9600 [1] NCCL INFO Channel 01/0 : 25[46000] -> 17[46000] [receive] via NET/IB/1
x3104c0s19b1n0:18017:18053 [1] NCCL INFO Channel 03/0 : 45[46000] -> 37[46000] [send] via NET/IB/1
x3103c0s7b1n0:55998:56028 [1] NCCL INFO Channel 01/0 : 29[46000] -> 25[46000] [send] via NET/IB/1
x3103c0s37b0n0:9569:9600 [1] NCCL INFO Channel 01/0 : 17[46000] -> 9[46000] [send] via NET/IB/1
x3104c0s1b1n0:59085:59125 [1] NCCL INFO Channel 01/0 : 57[46000] -> 49[46000] [receive] via NET/IB/1
x3103c0s25b1n0:43298:43330 [1] NCCL INFO Channel 03/0 : 9[46000] -> 5[46000] [receive] via NET/IB/1
x3104c0s13b0n0:43013:43051 [1] NCCL INFO Channel 03/0 : 37[46000] -> 33[46000] [receive] via NET/IB/1
x3104c0s1b1n0:59085:59125 [1] NCCL INFO Channel 01/0 : 49[46000] -> 41[46000] [send] via NET/IB/1
x3103c0s37b1n0:55365:55399 [1] NCCL INFO Channel 01/0 : 25[46000] -> 21[46000] [receive] via NET/IB/1
x3103c0s25b1n0:43298:43330 [1] NCCL INFO Channel 03/0 : 5[46000] -> 1[46000] [send] via NET/IB/1
x3103c0s31b1n0:55803:55833 [1] NCCL INFO Channel 01/0 : 13[46000] -> 9[46000] [send] via NET/IB/1
x3104c0s25b0n0:63696:63732 [1] NCCL INFO Channel 01/0 : 57[46000] -> 53[46000] [receive] via NET/IB/1
x3104c0s13b1n0:61155:61191 [1] NCCL INFO Channel 01/0 : 41[46000] -> 37[46000] [receive] via NET/IB/1
x3103c0s7b0n0:57599:57637 [1] NCCL INFO Channel 01/0 : 29[46000] -> 25[46000] [receive] via NET/IB/1
x3103c0s37b1n0:55365:55399 [1] NCCL INFO Channel 03/0 : 25[46000] -> 21[46000] [receive] via NET/IB/1
x3103c0s31b0n0:33963:33994 [1] NCCL INFO Channel 01/0 : 13[46000] -> 9[46000] [receive] via NET/IB/1
x3103c0s31b0n0:33963:33994 [1] NCCL INFO Channel 01/0 : 9[46000] -> 5[46000] [send] via NET/IB/1
x3103c0s31b0n0:33963:33994 [1] NCCL INFO Channel 03/0 : 9[46000] -> 5[46000] [send] via NET/IB/1
x3104c0s25b0n0:63696:63732 [1] NCCL INFO Channel 03/0 : 57[46000] -> 53[46000] [receive] via NET/IB/1
x3104c0s25b0n0:63696:63732 [1] NCCL INFO Channel 03/0 : 53[46000] -> 49[46000] [send] via NET/IB/1
x3104c0s25b1n0:60021:60058 [1] NCCL INFO Channel 01/0 : 61[46000] -> 57[46000] [receive] via NET/IB/1
x3104c0s19b0n0:36943:36981 [1] NCCL INFO Channel 01/0 : 45[46000] -> 41[46000] [receive] via NET/IB/1
x3104c0s19b1n0:18017:18053 [1] NCCL INFO Channel 01/0 : 45[46000] -> 41[46000] [send] via NET/IB/1
x3104c0s13b1n0:61155:61191 [1] NCCL INFO Channel 03/0 : 41[46000] -> 37[46000] [receive] via NET/IB/1
x3103c0s31b1n0:55803:55833 [1] NCCL INFO Connected 1 MSCCL algorithms
x3103c0s31b1n0:55803:55833 [1] NCCL INFO NCCL_PROTO set by environment to Simple
x3103c0s31b1n0:55803:55833 [1] NCCL INFO NCCL_ALGO set by environment to MSCCL,TREE,RING
x3103c0s31b1n0:55803:55833 [1] NCCL INFO threadThresholds 8/8/64 | 512/8/64 | 8/8/64 | 8/8/512
x3103c0s31b1n0:55803:55833 [1] NCCL INFO 4 coll channels, 4 p2p channels, 2 p2p channels per peer
x3103c0s25b0n0:2383:2418 [1] NCCL INFO Connected 1 MSCCL algorithms
x3103c0s25b0n0:2383:2418 [1] NCCL INFO NCCL_PROTO set by environment to Simple
x3103c0s25b0n0:2383:2418 [1] NCCL INFO NCCL_ALGO set by environment to MSCCL,TREE,RING
x3103c0s25b0n0:2383:2418 [1] NCCL INFO threadThresholds 8/8/64 | 512/8/64 | 8/8/64 | 8/8/512
x3103c0s25b0n0:2383:2418 [1] NCCL INFO 4 coll channels, 4 p2p channels, 2 p2p channels per peer
x3103c0s37b1n0:55365:55399 [1] NCCL INFO Channel 03/0 : 21[46000] -> 17[46000] [send] via NET/IB/1
x3103c0s7b0n0:57599:57637 [1] NCCL INFO Channel 01/0 : 25[46000] -> 21[46000] [send] via NET/IB/1
x3103c0s31b1n0:55803:55833 [1] NCCL INFO comm 0x151d482a2010 rank 13 nranks 64 cudaDev 1 busId 46000 - Init COMPLETE
x3103c0s31b1n0:55805:55839 [3] NCCL INFO comm 0x14db58078010 rank 15 nranks 64 cudaDev 3 busId c7000 - Init COMPLETE
x3103c0s31b1n0:55804:55841 [2] NCCL INFO comm 0x1522dc45a010 rank 14 nranks 64 cudaDev 2 busId 85000 - Init COMPLETE
x3103c0s31b0n0:33963:33994 [1] NCCL INFO Connected 1 MSCCL algorithms
x3103c0s31b0n0:33963:33994 [1] NCCL INFO NCCL_PROTO set by environment to Simple
x3103c0s31b0n0:33963:33994 [1] NCCL INFO NCCL_ALGO set by environment to MSCCL,TREE,RING
x3103c0s31b0n0:33963:33994 [1] NCCL INFO threadThresholds 8/8/64 | 512/8/64 | 8/8/64 | 8/8/512
x3103c0s31b0n0:33963:33994 [1] NCCL INFO 4 coll channels, 4 p2p channels, 2 p2p channels per peer
x3103c0s7b0n0:57599:57637 [1] NCCL INFO Channel 03/0 : 25[46000] -> 21[46000] [send] via NET/IB/1
x3103c0s31b1n0:55802:55835 [0] NCCL INFO comm 0x14cfe0058010 rank 12 nranks 64 cudaDev 0 busId 7000 - Init COMPLETE
x3103c0s37b0n0:9569:9600 [1] NCCL INFO Channel 03/0 : 21[46000] -> 17[46000] [receive] via NET/IB/1
x3104c0s19b0n0:36943:36981 [1] NCCL INFO Channel 01/0 : 41[46000] -> 37[46000] [send] via NET/IB/1
x3103c0s25b0n0:2384:2422 [2] NCCL INFO comm 0x1459a045a010 rank 2 nranks 64 cudaDev 2 busId 85000 - Init COMPLETE
x3103c0s25b0n0:2382:2413 [0] NCCL INFO comm 0x14f1d045a010 rank 0 nranks 64 cudaDev 0 busId 7000 - Init COMPLETE
#
#                                                              out-of-place                       in-place          
#       size         count      type   redop    root     time   algbw   busbw #wrong     time   algbw   busbw #wrong
#        (B)    (elements)                               (us)  (GB/s)  (GB/s)            (us)  (GB/s)  (GB/s)       
x3103c0s25b0n0:2383:2418 [1] NCCL INFO comm 0x14b69c45a010 rank 1 nranks 64 cudaDev 1 busId 46000 - Init COMPLETE
x3103c0s25b0n0:2385:2421 [3] NCCL INFO comm 0x14a4b0856010 rank 3 nranks 64 cudaDev 3 busId c7000 - Init COMPLETE
x3104c0s25b1n0:60021:60058 [1] NCCL INFO Channel 01/0 : 57[46000] -> 53[46000] [send] via NET/IB/1
x3104c0s25b1n0:60021:60058 [1] NCCL INFO Channel 03/0 : 57[46000] -> 53[46000] [send] via NET/IB/1
x3104c0s1b1n0:59085:59125 [1] NCCL INFO Channel 03/0 : 53[46000] -> 49[46000] [receive] via NET/IB/1
x3104c0s13b1n0:61155:61191 [1] NCCL INFO Channel 03/0 : 37[46000] -> 33[46000] [send] via NET/IB/1
x3103c0s7b1n0:55998:56028 [1] NCCL INFO Connected 1 MSCCL algorithms
x3103c0s7b1n0:55998:56028 [1] NCCL INFO NCCL_PROTO set by environment to Simple
x3103c0s7b1n0:55998:56028 [1] NCCL INFO NCCL_ALGO set by environment to MSCCL,TREE,RING
x3103c0s7b1n0:55998:56028 [1] NCCL INFO threadThresholds 8/8/64 | 512/8/64 | 8/8/64 | 8/8/512
x3103c0s7b1n0:55998:56028 [1] NCCL INFO 4 coll channels, 4 p2p channels, 2 p2p channels per peer
x3103c0s25b1n0:43298:43330 [1] NCCL INFO Connected 1 MSCCL algorithms
x3103c0s25b1n0:43298:43330 [1] NCCL INFO NCCL_PROTO set by environment to Simple
x3103c0s25b1n0:43298:43330 [1] NCCL INFO NCCL_ALGO set by environment to MSCCL,TREE,RING
x3103c0s25b1n0:43298:43330 [1] NCCL INFO threadThresholds 8/8/64 | 512/8/64 | 8/8/64 | 8/8/512
x3103c0s25b1n0:43298:43330 [1] NCCL INFO 4 coll channels, 4 p2p channels, 2 p2p channels per peer
x3103c0s37b0n0:9569:9600 [1] NCCL INFO Connected 1 MSCCL algorithms
x3103c0s37b0n0:9569:9600 [1] NCCL INFO NCCL_PROTO set by environment to Simple
x3103c0s37b0n0:9569:9600 [1] NCCL INFO NCCL_ALGO set by environment to MSCCL,TREE,RING
x3103c0s37b0n0:9569:9600 [1] NCCL INFO threadThresholds 8/8/64 | 512/8/64 | 8/8/64 | 8/8/512
x3103c0s37b0n0:9569:9600 [1] NCCL INFO 4 coll channels, 4 p2p channels, 2 p2p channels per peer
x3103c0s37b1n0:55365:55399 [1] NCCL INFO Connected 1 MSCCL algorithms
x3103c0s37b1n0:55365:55399 [1] NCCL INFO NCCL_PROTO set by environment to Simple
x3103c0s37b1n0:55365:55399 [1] NCCL INFO NCCL_ALGO set by environment to MSCCL,TREE,RING
x3103c0s37b1n0:55365:55399 [1] NCCL INFO threadThresholds 8/8/64 | 512/8/64 | 8/8/64 | 8/8/512
x3103c0s37b1n0:55365:55399 [1] NCCL INFO 4 coll channels, 4 p2p channels, 2 p2p channels per peer
x3103c0s31b0n0:33963:33994 [1] NCCL INFO comm 0x14af7045a010 rank 9 nranks 64 cudaDev 1 busId 46000 - Init COMPLETE
x3103c0s31b0n0:33964:33997 [2] NCCL INFO comm 0x14c93445a010 rank 10 nranks 64 cudaDev 2 busId 85000 - Init COMPLETE
x3103c0s31b0n0:33962:33999 [0] NCCL INFO comm 0x151e2045a010 rank 8 nranks 64 cudaDev 0 busId 7000 - Init COMPLETE
x3103c0s7b1n0:55998:56028 [1] NCCL INFO comm 0x1499aa45a010 rank 29 nranks 64 cudaDev 1 busId 46000 - Init COMPLETE
x3103c0s7b1n0:56000:56035 [3] NCCL INFO comm 0x152b6d348010 rank 31 nranks 64 cudaDev 3 busId c7000 - Init COMPLETE
x3104c0s31b0n0:50102:50132 [1] NCCL INFO Connected 1 MSCCL algorithms
x3104c0s31b0n0:50102:50132 [1] NCCL INFO NCCL_PROTO set by environment to Simple
x3104c0s31b0n0:50102:50132 [1] NCCL INFO NCCL_ALGO set by environment to MSCCL,TREE,RING
x3104c0s31b0n0:50102:50132 [1] NCCL INFO threadThresholds 8/8/64 | 512/8/64 | 8/8/64 | 8/8/512
x3104c0s31b0n0:50102:50132 [1] NCCL INFO 4 coll channels, 4 p2p channels, 2 p2p channels per peer
x3104c0s1b1n0:59085:59125 [1] NCCL INFO Connected 1 MSCCL algorithms
x3104c0s1b1n0:59085:59125 [1] NCCL INFO NCCL_PROTO set by environment to Simple
x3104c0s1b1n0:59085:59125 [1] NCCL INFO NCCL_ALGO set by environment to MSCCL,TREE,RING
x3104c0s1b1n0:59085:59125 [1] NCCL INFO threadThresholds 8/8/64 | 512/8/64 | 8/8/64 | 8/8/512
x3104c0s1b1n0:59085:59125 [1] NCCL INFO 4 coll channels, 4 p2p channels, 2 p2p channels per peer
x3103c0s31b0n0:33965:34002 [3] NCCL INFO comm 0x14b66445a010 rank 11 nranks 64 cudaDev 3 busId c7000 - Init COMPLETE
x3104c0s19b0n0:36943:36981 [1] NCCL INFO Channel 03/0 : 41[46000] -> 37[46000] [send] via NET/IB/1
x3103c0s7b1n0:55999:56036 [2] NCCL INFO comm 0x1553ba45a010 rank 30 nranks 64 cudaDev 2 busId 85000 - Init COMPLETE
x3103c0s7b1n0:55997:56030 [0] NCCL INFO comm 0x14eba0cb6010 rank 28 nranks 64 cudaDev 0 busId 7000 - Init COMPLETE
x3103c0s7b0n0:57599:57637 [1] NCCL INFO Connected 1 MSCCL algorithms
x3103c0s7b0n0:57599:57637 [1] NCCL INFO NCCL_PROTO set by environment to Simple
x3103c0s7b0n0:57599:57637 [1] NCCL INFO NCCL_ALGO set by environment to MSCCL,TREE,RING
x3103c0s7b0n0:57599:57637 [1] NCCL INFO threadThresholds 8/8/64 | 512/8/64 | 8/8/64 | 8/8/512
x3103c0s7b0n0:57599:57637 [1] NCCL INFO 4 coll channels, 4 p2p channels, 2 p2p channels per peer
x3104c0s31b0n0:50101:50136 [0] NCCL INFO comm 0x14fa6c89b010 rank 60 nranks 64 cudaDev 0 busId 7000 - Init COMPLETE
x3104c0s31b0n0:50102:50132 [1] NCCL INFO comm 0x151918def010 rank 61 nranks 64 cudaDev 1 busId 46000 - Init COMPLETE
x3104c0s31b0n0:50103:50135 [2] NCCL INFO comm 0x1511e0fa9010 rank 62 nranks 64 cudaDev 2 busId 85000 - Init COMPLETE
x3104c0s31b0n0:50104:50139 [3] NCCL INFO comm 0x14befa45a010 rank 63 nranks 64 cudaDev 3 busId c7000 - Init COMPLETE
x3104c0s19b1n0:18017:18053 [1] NCCL INFO Connected 1 MSCCL algorithms
x3104c0s19b1n0:18017:18053 [1] NCCL INFO NCCL_PROTO set by environment to Simple
x3104c0s19b1n0:18017:18053 [1] NCCL INFO NCCL_ALGO set by environment to MSCCL,TREE,RING
x3104c0s19b1n0:18017:18053 [1] NCCL INFO threadThresholds 8/8/64 | 512/8/64 | 8/8/64 | 8/8/512
x3104c0s19b1n0:18017:18053 [1] NCCL INFO 4 coll channels, 4 p2p channels, 2 p2p channels per peer
x3104c0s25b1n0:60021:60058 [1] NCCL INFO Connected 1 MSCCL algorithms
x3104c0s25b1n0:60021:60058 [1] NCCL INFO NCCL_PROTO set by environment to Simple
x3104c0s25b1n0:60021:60058 [1] NCCL INFO NCCL_ALGO set by environment to MSCCL,TREE,RING
x3104c0s25b1n0:60021:60058 [1] NCCL INFO threadThresholds 8/8/64 | 512/8/64 | 8/8/64 | 8/8/512
x3104c0s25b1n0:60021:60058 [1] NCCL INFO 4 coll channels, 4 p2p channels, 2 p2p channels per peer
x3103c0s25b1n0:43298:43330 [1] NCCL INFO comm 0x15499cd55010 rank 5 nranks 64 cudaDev 1 busId 46000 - Init COMPLETE
x3103c0s37b1n0:55365:55399 [1] NCCL INFO comm 0x14d780a72010 rank 21 nranks 64 cudaDev 1 busId 46000 - Init COMPLETE
x3103c0s37b1n0:55366:55404 [2] NCCL INFO comm 0x14e05045a010 rank 22 nranks 64 cudaDev 2 busId 85000 - Init COMPLETE
x3103c0s25b1n0:43300:43336 [3] NCCL INFO comm 0x15305c45a010 rank 7 nranks 64 cudaDev 3 busId c7000 - Init COMPLETE
x3103c0s37b0n0:9569:9600 [1] NCCL INFO comm 0x152d0045a010 rank 17 nranks 64 cudaDev 1 busId 46000 - Init COMPLETE
x3103c0s37b0n0:9570:9606 [2] NCCL INFO comm 0x154ad045a010 rank 18 nranks 64 cudaDev 2 busId 85000 - Init COMPLETE
x3103c0s37b0n0:9571:9607 [3] NCCL INFO comm 0x14f6d0058010 rank 19 nranks 64 cudaDev 3 busId c7000 - Init COMPLETE
x3103c0s37b1n0:55367:55400 [3] NCCL INFO comm 0x145ae045a010 rank 23 nranks 64 cudaDev 3 busId c7000 - Init COMPLETE
x3104c0s1b1n0:59085:59125 [1] NCCL INFO comm 0x15322d126010 rank 49 nranks 64 cudaDev 1 busId 46000 - Init COMPLETE
x3104c0s13b0n0:43013:43051 [1] NCCL INFO Connected 1 MSCCL algorithms
x3104c0s13b0n0:43013:43051 [1] NCCL INFO NCCL_PROTO set by environment to Simple
x3104c0s13b0n0:43013:43051 [1] NCCL INFO NCCL_ALGO set by environment to MSCCL,TREE,RING
x3104c0s13b0n0:43013:43051 [1] NCCL INFO threadThresholds 8/8/64 | 512/8/64 | 8/8/64 | 8/8/512
x3104c0s13b0n0:43013:43051 [1] NCCL INFO 4 coll channels, 4 p2p channels, 2 p2p channels per peer
x3103c0s37b1n0:55364:55401 [0] NCCL INFO comm 0x1518a045a010 rank 20 nranks 64 cudaDev 0 busId 7000 - Init COMPLETE
x3103c0s25b1n0:43299:43332 [2] NCCL INFO comm 0x14806a45a010 rank 6 nranks 64 cudaDev 2 busId 85000 - Init COMPLETE
x3103c0s25b1n0:43297:43334 [0] NCCL INFO comm 0x148328508010 rank 4 nranks 64 cudaDev 0 busId 7000 - Init COMPLETE
x3104c0s1b1n0:59087:59121 [3] NCCL INFO comm 0x145b9a45a010 rank 51 nranks 64 cudaDev 3 busId c7000 - Init COMPLETE
x3103c0s37b0n0:9568:9601 [0] NCCL INFO comm 0x15494045a010 rank 16 nranks 64 cudaDev 0 busId 7000 - Init COMPLETE
x3104c0s19b1n0:18017:18053 [1] NCCL INFO comm 0x150f0045a010 rank 45 nranks 64 cudaDev 1 busId 46000 - Init COMPLETE
x3104c0s19b1n0:18019:18055 [3] NCCL INFO comm 0x14cbe045a010 rank 47 nranks 64 cudaDev 3 busId c7000 - Init COMPLETE
x3104c0s19b1n0:18016:18054 [0] NCCL INFO comm 0x14c59045a010 rank 44 nranks 64 cudaDev 0 busId 7000 - Init COMPLETE
x3104c0s19b1n0:18018:18056 [2] NCCL INFO comm 0x14c9d0259010 rank 46 nranks 64 cudaDev 2 busId 85000 - Init COMPLETE
x3104c0s1b1n0:59086:59119 [2] NCCL INFO comm 0x14e7b045a010 rank 50 nranks 64 cudaDev 2 busId 85000 - Init COMPLETE
x3104c0s1b1n0:59084:59122 [0] NCCL INFO comm 0x14809856a010 rank 48 nranks 64 cudaDev 0 busId 7000 - Init COMPLETE
x3104c0s13b0n0:43013:43051 [1] NCCL INFO comm 0x153b392ce010 rank 33 nranks 64 cudaDev 1 busId 46000 - Init COMPLETE
x3103c0s7b0n0:57599:57637 [1] NCCL INFO comm 0x1489f445a010 rank 25 nranks 64 cudaDev 1 busId 46000 - Init COMPLETE
x3103c0s7b0n0:57600:57632 [2] NCCL INFO comm 0x14f1ac45a010 rank 26 nranks 64 cudaDev 2 busId 85000 - Init COMPLETE
x3103c0s7b0n0:57601:57631 [3] NCCL INFO comm 0x147f280ca010 rank 27 nranks 64 cudaDev 3 busId c7000 - Init COMPLETE
x3104c0s13b1n0:61155:61191 [1] NCCL INFO Connected 1 MSCCL algorithms
x3104c0s13b1n0:61155:61191 [1] NCCL INFO NCCL_PROTO set by environment to Simple
x3104c0s13b1n0:61155:61191 [1] NCCL INFO NCCL_ALGO set by environment to MSCCL,TREE,RING
x3104c0s13b1n0:61155:61191 [1] NCCL INFO threadThresholds 8/8/64 | 512/8/64 | 8/8/64 | 8/8/512
x3104c0s13b1n0:61155:61191 [1] NCCL INFO 4 coll channels, 4 p2p channels, 2 p2p channels per peer
x3104c0s13b0n0:43015:43042 [3] NCCL INFO comm 0x14b000947010 rank 35 nranks 64 cudaDev 3 busId c7000 - Init COMPLETE
x3104c0s25b1n0:60021:60058 [1] NCCL INFO comm 0x14a6306e3010 rank 57 nranks 64 cudaDev 1 busId 46000 - Init COMPLETE
x3104c0s19b0n0:36943:36981 [1] NCCL INFO Connected 1 MSCCL algorithms
x3104c0s19b0n0:36943:36981 [1] NCCL INFO NCCL_PROTO set by environment to Simple
x3104c0s19b0n0:36943:36981 [1] NCCL INFO NCCL_ALGO set by environment to MSCCL,TREE,RING
x3104c0s19b0n0:36943:36981 [1] NCCL INFO threadThresholds 8/8/64 | 512/8/64 | 8/8/64 | 8/8/512
x3104c0s19b0n0:36943:36981 [1] NCCL INFO 4 coll channels, 4 p2p channels, 2 p2p channels per peer
x3104c0s13b0n0:43014:43047 [2] NCCL INFO comm 0x1539f045a010 rank 34 nranks 64 cudaDev 2 busId 85000 - Init COMPLETE
x3103c0s7b0n0:57598:57634 [0] NCCL INFO comm 0x152e2045a010 rank 24 nranks 64 cudaDev 0 busId 7000 - Init COMPLETE
x3104c0s13b0n0:43012:43050 [0] NCCL INFO comm 0x1523b845a010 rank 32 nranks 64 cudaDev 0 busId 7000 - Init COMPLETE
x3104c0s25b0n0:63696:63732 [1] NCCL INFO Connected 1 MSCCL algorithms
x3104c0s25b0n0:63696:63732 [1] NCCL INFO NCCL_PROTO set by environment to Simple
x3104c0s25b0n0:63696:63732 [1] NCCL INFO NCCL_ALGO set by environment to MSCCL,TREE,RING
x3104c0s25b0n0:63696:63732 [1] NCCL INFO threadThresholds 8/8/64 | 512/8/64 | 8/8/64 | 8/8/512
x3104c0s25b0n0:63696:63732 [1] NCCL INFO 4 coll channels, 4 p2p channels, 2 p2p channels per peer
x3104c0s25b1n0:60023:60054 [3] NCCL INFO comm 0x1526f0259010 rank 59 nranks 64 cudaDev 3 busId c7000 - Init COMPLETE
x3104c0s25b1n0:60022:60060 [2] NCCL INFO comm 0x14bd68fd7010 rank 58 nranks 64 cudaDev 2 busId 85000 - Init COMPLETE
x3104c0s25b1n0:60020:60051 [0] NCCL INFO comm 0x145f8045a010 rank 56 nranks 64 cudaDev 0 busId 7000 - Init COMPLETE
x3104c0s13b1n0:61155:61191 [1] NCCL INFO comm 0x14fac0259010 rank 37 nranks 64 cudaDev 1 busId 46000 - Init COMPLETE
x3104c0s13b1n0:61156:61190 [2] NCCL INFO comm 0x145f4c45a010 rank 38 nranks 64 cudaDev 2 busId 85000 - Init COMPLETE
x3104c0s13b1n0:61157:61194 [3] NCCL INFO comm 0x14a7dc45a010 rank 39 nranks 64 cudaDev 3 busId c7000 - Init COMPLETE
x3104c0s13b1n0:61154:61189 [0] NCCL INFO comm 0x14fbb445a010 rank 36 nranks 64 cudaDev 0 busId 7000 - Init COMPLETE
x3104c0s19b0n0:36944:36977 [2] NCCL INFO comm 0x1524ac2cc010 rank 42 nranks 64 cudaDev 2 busId 85000 - Init COMPLETE
x3104c0s19b0n0:36942:36975 [0] NCCL INFO comm 0x14eb6445a010 rank 40 nranks 64 cudaDev 0 busId 7000 - Init COMPLETE
x3104c0s19b0n0:36943:36981 [1] NCCL INFO comm 0x14d9b445a010 rank 41 nranks 64 cudaDev 1 busId 46000 - Init COMPLETE
x3104c0s19b0n0:36945:36979 [3] NCCL INFO comm 0x14a18d176010 rank 43 nranks 64 cudaDev 3 busId c7000 - Init COMPLETE
x3104c0s25b0n0:63696:63732 [1] NCCL INFO comm 0x148abd915010 rank 53 nranks 64 cudaDev 1 busId 46000 - Init COMPLETE
x3104c0s25b0n0:63697:63727 [2] NCCL INFO comm 0x14f1e045a010 rank 54 nranks 64 cudaDev 2 busId 85000 - Init COMPLETE
x3104c0s25b0n0:63695:63728 [0] NCCL INFO comm 0x14d84045a010 rank 52 nranks 64 cudaDev 0 busId 7000 - Init COMPLETE
x3104c0s25b0n0:63698:63734 [3] NCCL INFO comm 0x15297c45a010 rank 55 nranks 64 cudaDev 3 busId c7000 - Init COMPLETE
x3103c0s25b0n0:2382:2382 [0] NCCL INFO Launch mode Parallel
         256            64     float     sum      -1    15.79    0.02    0.03   4096    15.73    0.02    0.03   4096
         512           128     float     sum      -1    15.74    0.03    0.06   8192    15.72    0.03    0.06   8192
        1024           256     float     sum      -1    889.3    0.00    0.00  16384    888.0    0.00    0.00      0
        2048           512     float     sum      -1    886.0    0.00    0.00  32768    885.0    0.00    0.00      0
        4096          1024     float     sum      -1    882.2    0.00    0.01  65536    881.8    0.00    0.01      0
