########################################   MSCCL TEST  #####################################################
######################### LIBRARY: MSCCL ALGORITHM: BINARY-H-P-16chunk-16:8-2nicPtree INSTANCE: 1 CHANNEL: 24 PROTOCOL: Simple ##############################################
MSCCL TEST BINARY-H-P-16chunk-16:8-2nicPtree INSTANCE: 1 CHANNEL: 24 start time: Tue 24 Oct 2023 01:02:50 AM UTC
# nThread 1 nGpus 1 minBytes 64 maxBytes 536870912 step: 2(factor) warmup iters: 5 iters: 20 agg iters: 1 validation: 1 graph: 0
#
# Using devices
#  Rank  0 Group  0 Pid  45198 on x3106c0s19b0n0 device  0 [0x07] NVIDIA A100-SXM4-40GB
#  Rank  1 Group  0 Pid  45199 on x3106c0s19b0n0 device  1 [0x46] NVIDIA A100-SXM4-40GB
#  Rank  2 Group  0 Pid  45200 on x3106c0s19b0n0 device  2 [0x85] NVIDIA A100-SXM4-40GB
#  Rank  3 Group  0 Pid  45201 on x3106c0s19b0n0 device  3 [0xc7] NVIDIA A100-SXM4-40GB
#  Rank  4 Group  0 Pid  40286 on x3106c0s19b1n0 device  0 [0x07] NVIDIA A100-SXM4-40GB
#  Rank  5 Group  0 Pid  40288 on x3106c0s19b1n0 device  1 [0x46] NVIDIA A100-SXM4-40GB
#  Rank  6 Group  0 Pid  40289 on x3106c0s19b1n0 device  2 [0x85] NVIDIA A100-SXM4-40GB
#  Rank  7 Group  0 Pid  40291 on x3106c0s19b1n0 device  3 [0xc7] NVIDIA A100-SXM4-40GB
#  Rank  8 Group  0 Pid  32545 on x3106c0s1b0n0 device  0 [0x07] NVIDIA A100-SXM4-40GB
#  Rank  9 Group  0 Pid  32546 on x3106c0s1b0n0 device  1 [0x46] NVIDIA A100-SXM4-40GB
#  Rank 10 Group  0 Pid  32547 on x3106c0s1b0n0 device  2 [0x85] NVIDIA A100-SXM4-40GB
#  Rank 11 Group  0 Pid  32548 on x3106c0s1b0n0 device  3 [0xc7] NVIDIA A100-SXM4-40GB
#  Rank 12 Group  0 Pid  40144 on x3106c0s1b1n0 device  0 [0x07] NVIDIA A100-SXM4-40GB
#  Rank 13 Group  0 Pid  40145 on x3106c0s1b1n0 device  1 [0x46] NVIDIA A100-SXM4-40GB
#  Rank 14 Group  0 Pid  40146 on x3106c0s1b1n0 device  2 [0x85] NVIDIA A100-SXM4-40GB
#  Rank 15 Group  0 Pid  40147 on x3106c0s1b1n0 device  3 [0xc7] NVIDIA A100-SXM4-40GB
#  Rank 16 Group  0 Pid  44594 on x3106c0s25b0n0 device  0 [0x07] NVIDIA A100-SXM4-40GB
#  Rank 17 Group  0 Pid  44595 on x3106c0s25b0n0 device  1 [0x46] NVIDIA A100-SXM4-40GB
#  Rank 18 Group  0 Pid  44596 on x3106c0s25b0n0 device  2 [0x85] NVIDIA A100-SXM4-40GB
#  Rank 19 Group  0 Pid  44597 on x3106c0s25b0n0 device  3 [0xc7] NVIDIA A100-SXM4-40GB
#  Rank 20 Group  0 Pid  16412 on x3106c0s25b1n0 device  0 [0x07] NVIDIA A100-SXM4-40GB
#  Rank 21 Group  0 Pid  16414 on x3106c0s25b1n0 device  1 [0x46] NVIDIA A100-SXM4-40GB
#  Rank 22 Group  0 Pid  16415 on x3106c0s25b1n0 device  2 [0x85] NVIDIA A100-SXM4-40GB
#  Rank 23 Group  0 Pid  16416 on x3106c0s25b1n0 device  3 [0xc7] NVIDIA A100-SXM4-40GB
#  Rank 24 Group  0 Pid   7813 on x3106c0s31b0n0 device  0 [0x07] NVIDIA A100-SXM4-40GB
#  Rank 25 Group  0 Pid   7814 on x3106c0s31b0n0 device  1 [0x46] NVIDIA A100-SXM4-40GB
#  Rank 26 Group  0 Pid   7815 on x3106c0s31b0n0 device  2 [0x85] NVIDIA A100-SXM4-40GB
#  Rank 27 Group  0 Pid   7816 on x3106c0s31b0n0 device  3 [0xc7] NVIDIA A100-SXM4-40GB
#  Rank 28 Group  0 Pid   4309 on x3106c0s31b1n0 device  0 [0x07] NVIDIA A100-SXM4-40GB
#  Rank 29 Group  0 Pid   4310 on x3106c0s31b1n0 device  1 [0x46] NVIDIA A100-SXM4-40GB
#  Rank 30 Group  0 Pid   4311 on x3106c0s31b1n0 device  2 [0x85] NVIDIA A100-SXM4-40GB
#  Rank 31 Group  0 Pid   4312 on x3106c0s31b1n0 device  3 [0xc7] NVIDIA A100-SXM4-40GB
#  Rank 32 Group  0 Pid  38913 on x3106c0s37b0n0 device  0 [0x07] NVIDIA A100-SXM4-40GB
#  Rank 33 Group  0 Pid  38915 on x3106c0s37b0n0 device  1 [0x46] NVIDIA A100-SXM4-40GB
#  Rank 34 Group  0 Pid  38917 on x3106c0s37b0n0 device  2 [0x85] NVIDIA A100-SXM4-40GB
#  Rank 35 Group  0 Pid  38918 on x3106c0s37b0n0 device  3 [0xc7] NVIDIA A100-SXM4-40GB
#  Rank 36 Group  0 Pid  58386 on x3106c0s37b1n0 device  0 [0x07] NVIDIA A100-SXM4-40GB
#  Rank 37 Group  0 Pid  58388 on x3106c0s37b1n0 device  1 [0x46] NVIDIA A100-SXM4-40GB
#  Rank 38 Group  0 Pid  58390 on x3106c0s37b1n0 device  2 [0x85] NVIDIA A100-SXM4-40GB
#  Rank 39 Group  0 Pid  58391 on x3106c0s37b1n0 device  3 [0xc7] NVIDIA A100-SXM4-40GB
#  Rank 40 Group  0 Pid  35918 on x3107c0s13b0n0 device  0 [0x07] NVIDIA A100-SXM4-40GB
#  Rank 41 Group  0 Pid  35919 on x3107c0s13b0n0 device  1 [0x46] NVIDIA A100-SXM4-40GB
#  Rank 42 Group  0 Pid  35920 on x3107c0s13b0n0 device  2 [0x85] NVIDIA A100-SXM4-40GB
#  Rank 43 Group  0 Pid  35921 on x3107c0s13b0n0 device  3 [0xc7] NVIDIA A100-SXM4-40GB
#  Rank 44 Group  0 Pid   2287 on x3107c0s13b1n0 device  0 [0x07] NVIDIA A100-SXM4-40GB
#  Rank 45 Group  0 Pid   2288 on x3107c0s13b1n0 device  1 [0x46] NVIDIA A100-SXM4-40GB
#  Rank 46 Group  0 Pid   2289 on x3107c0s13b1n0 device  2 [0x85] NVIDIA A100-SXM4-40GB
#  Rank 47 Group  0 Pid   2290 on x3107c0s13b1n0 device  3 [0xc7] NVIDIA A100-SXM4-40GB
#  Rank 48 Group  0 Pid   3284 on x3107c0s19b0n0 device  0 [0x07] NVIDIA A100-SXM4-40GB
#  Rank 49 Group  0 Pid   3285 on x3107c0s19b0n0 device  1 [0x46] NVIDIA A100-SXM4-40GB
#  Rank 50 Group  0 Pid   3286 on x3107c0s19b0n0 device  2 [0x85] NVIDIA A100-SXM4-40GB
#  Rank 51 Group  0 Pid   3287 on x3107c0s19b0n0 device  3 [0xc7] NVIDIA A100-SXM4-40GB
#  Rank 52 Group  0 Pid  61873 on x3107c0s19b1n0 device  0 [0x07] NVIDIA A100-SXM4-40GB
#  Rank 53 Group  0 Pid  61874 on x3107c0s19b1n0 device  1 [0x46] NVIDIA A100-SXM4-40GB
#  Rank 54 Group  0 Pid  61875 on x3107c0s19b1n0 device  2 [0x85] NVIDIA A100-SXM4-40GB
#  Rank 55 Group  0 Pid  61876 on x3107c0s19b1n0 device  3 [0xc7] NVIDIA A100-SXM4-40GB
#  Rank 56 Group  0 Pid   7539 on x3107c0s1b0n0 device  0 [0x07] NVIDIA A100-SXM4-40GB
#  Rank 57 Group  0 Pid   7540 on x3107c0s1b0n0 device  1 [0x46] NVIDIA A100-SXM4-40GB
#  Rank 58 Group  0 Pid   7541 on x3107c0s1b0n0 device  2 [0x85] NVIDIA A100-SXM4-40GB
#  Rank 59 Group  0 Pid   7542 on x3107c0s1b0n0 device  3 [0xc7] NVIDIA A100-SXM4-40GB
#  Rank 60 Group  0 Pid  18707 on x3107c0s1b1n0 device  0 [0x07] NVIDIA A100-SXM4-40GB
#  Rank 61 Group  0 Pid  18709 on x3107c0s1b1n0 device  1 [0x46] NVIDIA A100-SXM4-40GB
#  Rank 62 Group  0 Pid  18710 on x3107c0s1b1n0 device  2 [0x85] NVIDIA A100-SXM4-40GB
#  Rank 63 Group  0 Pid  18711 on x3107c0s1b1n0 device  3 [0xc7] NVIDIA A100-SXM4-40GB
x3106c0s19b0n0:45198:45198 [0] NCCL INFO Bootstrap : Using bond0:10.140.57.131<0>
x3106c0s19b0n0:45198:45198 [0] NCCL INFO NET/Plugin : Plugin load returned 17 : libnccl-net.so: cannot open shared object file: No such file or directory.
x3106c0s19b0n0:45198:45198 [0] NCCL INFO NET/IB : Using [0]mlx5_0:1/RoCE [1]mlx5_1:1/RoCE [RO]; OOB bond0:10.140.57.131<0>
x3106c0s19b0n0:45198:45198 [0] NCCL INFO Using network IB
NCCL version 2.12.12.MSCCL.0.7.4+cuda11.4
x3106c0s19b0n0:45200:45200 [2] NCCL INFO Bootstrap : Using bond0:10.140.57.131<0>
x3106c0s19b0n0:45200:45200 [2] NCCL INFO NET/Plugin : No plugin found (libnccl-net.so), using internal implementation
x3106c0s19b0n0:45201:45201 [3] NCCL INFO Bootstrap : Using bond0:10.140.57.131<0>
x3106c0s19b0n0:45201:45201 [3] NCCL INFO NET/Plugin : No plugin found (libnccl-net.so), using internal implementation
x3106c0s19b0n0:45200:45200 [2] NCCL INFO NET/IB : Using [0]mlx5_0:1/RoCE [1]mlx5_1:1/RoCE [RO]; OOB bond0:10.140.57.131<0>
x3106c0s19b0n0:45200:45200 [2] NCCL INFO Using network IB
x3106c0s19b0n0:45199:45199 [1] NCCL INFO Bootstrap : Using bond0:10.140.57.131<0>
x3106c0s19b0n0:45199:45199 [1] NCCL INFO NET/Plugin : No plugin found (libnccl-net.so), using internal implementation
x3106c0s19b0n0:45201:45201 [3] NCCL INFO NET/IB : Using [0]mlx5_0:1/RoCE [1]mlx5_1:1/RoCE [RO]; OOB bond0:10.140.57.131<0>
x3106c0s19b0n0:45201:45201 [3] NCCL INFO Using network IB
x3106c0s19b0n0:45199:45199 [1] NCCL INFO NET/IB : Using [0]mlx5_0:1/RoCE [1]mlx5_1:1/RoCE [RO]; OOB bond0:10.140.57.131<0>
x3106c0s19b0n0:45199:45199 [1] NCCL INFO Using network IB
x3107c0s13b1n0:2288:2288 [1] NCCL INFO Bootstrap : Using bond0:10.140.57.244<0>
x3107c0s13b1n0:2289:2289 [2] NCCL INFO Bootstrap : Using bond0:10.140.57.244<0>
x3107c0s13b1n0:2290:2290 [3] NCCL INFO Bootstrap : Using bond0:10.140.57.244<0>
x3107c0s13b1n0:2287:2287 [0] NCCL INFO Bootstrap : Using bond0:10.140.57.244<0>
x3107c0s13b1n0:2287:2287 [0] NCCL INFO NET/Plugin : No plugin found (libnccl-net.so), using internal implementation
x3107c0s13b1n0:2288:2288 [1] NCCL INFO NET/Plugin : No plugin found (libnccl-net.so), using internal implementation
x3107c0s13b1n0:2289:2289 [2] NCCL INFO NET/Plugin : No plugin found (libnccl-net.so), using internal implementation
x3107c0s13b1n0:2290:2290 [3] NCCL INFO NET/Plugin : No plugin found (libnccl-net.so), using internal implementation
x3106c0s1b1n0:40146:40146 [2] NCCL INFO Bootstrap : Using bond0:10.140.57.6<0>
x3106c0s1b1n0:40144:40144 [0] NCCL INFO Bootstrap : Using bond0:10.140.57.6<0>
x3106c0s1b1n0:40147:40147 [3] NCCL INFO Bootstrap : Using bond0:10.140.57.6<0>
x3106c0s1b1n0:40147:40147 [3] NCCL INFO NET/Plugin : No plugin found (libnccl-net.so), using internal implementation
x3106c0s1b1n0:40146:40146 [2] NCCL INFO NET/Plugin : No plugin found (libnccl-net.so), using internal implementation
x3106c0s1b1n0:40144:40144 [0] NCCL INFO NET/Plugin : No plugin found (libnccl-net.so), using internal implementation
x3106c0s1b1n0:40145:40145 [1] NCCL INFO Bootstrap : Using bond0:10.140.57.6<0>
x3106c0s1b1n0:40145:40145 [1] NCCL INFO NET/Plugin : No plugin found (libnccl-net.so), using internal implementation
x3106c0s31b1n0:4312:4312 [3] NCCL INFO Bootstrap : Using bond0:10.140.57.158<0>
x3106c0s37b1n0:58390:58390 [2] NCCL INFO Bootstrap : Using bond0:10.140.57.43<0>
x3106c0s31b1n0:4312:4312 [3] NCCL INFO NET/Plugin : No plugin found (libnccl-net.so), using internal implementation
x3106c0s31b1n0:4311:4311 [2] NCCL INFO Bootstrap : Using bond0:10.140.57.158<0>
x3106c0s31b1n0:4311:4311 [2] NCCL INFO NET/Plugin : No plugin found (libnccl-net.so), using internal implementation
x3106c0s37b1n0:58390:58390 [2] NCCL INFO NET/Plugin : No plugin found (libnccl-net.so), using internal implementation
x3106c0s31b1n0:4309:4309 [0] NCCL INFO Bootstrap : Using bond0:10.140.57.158<0>
x3106c0s31b1n0:4310:4310 [1] NCCL INFO Bootstrap : Using bond0:10.140.57.158<0>
x3106c0s31b1n0:4310:4310 [1] NCCL INFO NET/Plugin : No plugin found (libnccl-net.so), using internal implementation
x3106c0s31b1n0:4309:4309 [0] NCCL INFO NET/Plugin : No plugin found (libnccl-net.so), using internal implementation
x3106c0s37b1n0:58386:58386 [0] NCCL INFO Bootstrap : Using bond0:10.140.57.43<0>
x3106c0s37b1n0:58391:58391 [3] NCCL INFO Bootstrap : Using bond0:10.140.57.43<0>
x3106c0s37b1n0:58388:58388 [1] NCCL INFO Bootstrap : Using bond0:10.140.57.43<0>
x3106c0s37b1n0:58386:58386 [0] NCCL INFO NET/Plugin : No plugin found (libnccl-net.so), using internal implementation
x3106c0s37b1n0:58388:58388 [1] NCCL INFO NET/Plugin : No plugin found (libnccl-net.so), using internal implementation
x3106c0s37b1n0:58391:58391 [3] NCCL INFO NET/Plugin : No plugin found (libnccl-net.so), using internal implementation
x3106c0s31b1n0:4309:4309 [0] NCCL INFO NET/IB : Using [0]mlx5_0:1/RoCE [1]mlx5_1:1/RoCE [RO]; OOB bond0:10.140.57.158<0>
x3106c0s31b1n0:4309:4309 [0] NCCL INFO Using network IB
x3106c0s31b1n0:4310:4310 [1] NCCL INFO NET/IB : Using [0]mlx5_0:1/RoCE [1]mlx5_1:1/RoCE [RO]; OOB bond0:10.140.57.158<0>
x3106c0s31b1n0:4310:4310 [1] NCCL INFO Using network IB
x3106c0s37b1n0:58386:58386 [0] NCCL INFO NET/IB : Using [0]mlx5_0:1/RoCE [1]mlx5_1:1/RoCE [RO]; OOB bond0:10.140.57.43<0>
x3106c0s37b1n0:58386:58386 [0] NCCL INFO Using network IB
x3106c0s37b1n0:58391:58391 [3] NCCL INFO NET/IB : Using [0]mlx5_0:1/RoCE [1]mlx5_1:1/RoCE [RO]; OOB bond0:10.140.57.43<0>
x3106c0s37b1n0:58391:58391 [3] NCCL INFO Using network IB
x3106c0s37b1n0:58388:58388 [1] NCCL INFO NET/IB : Using [0]mlx5_0:1/RoCE [1]mlx5_1:1/RoCE [RO]; OOB bond0:10.140.57.43<0>
x3106c0s37b1n0:58388:58388 [1] NCCL INFO Using network IB
x3106c0s25b1n0:16416:16416 [3] NCCL INFO Bootstrap : Using bond0:10.140.57.26<0>
x3106c0s25b1n0:16416:16416 [3] NCCL INFO NET/Plugin : No plugin found (libnccl-net.so), using internal implementation
x3107c0s19b1n0:61876:61876 [3] NCCL INFO Bootstrap : Using bond0:10.140.57.38<0>
x3107c0s19b1n0:61875:61875 [2] NCCL INFO Bootstrap : Using bond0:10.140.57.38<0>
x3107c0s13b0n0:35920:35920 [2] NCCL INFO Bootstrap : Using bond0:10.140.57.243<0>
x3107c0s19b1n0:61874:61874 [1] NCCL INFO Bootstrap : Using bond0:10.140.57.38<0>
x3107c0s19b1n0:61875:61875 [2] NCCL INFO NET/Plugin : No plugin found (libnccl-net.so), using internal implementation
x3107c0s19b1n0:61876:61876 [3] NCCL INFO NET/Plugin : No plugin found (libnccl-net.so), using internal implementation
x3107c0s19b1n0:61874:61874 [1] NCCL INFO NET/Plugin : No plugin found (libnccl-net.so), using internal implementation
x3107c0s13b0n0:35920:35920 [2] NCCL INFO NET/Plugin : No plugin found (libnccl-net.so), using internal implementation
x3106c0s25b1n0:16415:16415 [2] NCCL INFO Bootstrap : Using bond0:10.140.57.26<0>
x3106c0s1b1n0:40144:40144 [0] NCCL INFO NET/IB : Using [0]mlx5_0:1/RoCE [1]mlx5_1:1/RoCE [RO]; OOB bond0:10.140.57.6<0>
x3106c0s1b1n0:40144:40144 [0] NCCL INFO Using network IB
x3106c0s1b1n0:40147:40147 [3] NCCL INFO NET/IB : Using [0]mlx5_0:1/RoCE [1]mlx5_1:1/RoCE [RO]; OOB bond0:10.140.57.6<0>
x3106c0s1b1n0:40147:40147 [3] NCCL INFO Using network IB
x3106c0s25b1n0:16415:16415 [2] NCCL INFO NET/Plugin : No plugin found (libnccl-net.so), using internal implementation
x3107c0s19b1n0:61873:61873 [0] NCCL INFO Bootstrap : Using bond0:10.140.57.38<0>
x3106c0s1b1n0:40146:40146 [2] NCCL INFO NET/IB : Using [0]mlx5_0:1/RoCE [1]mlx5_1:1/RoCE [RO]; OOB bond0:10.140.57.6<0>
x3106c0s1b1n0:40146:40146 [2] NCCL INFO Using network IB
x3106c0s1b1n0:40145:40145 [1] NCCL INFO NET/IB : Using [0]mlx5_0:1/RoCE [1]mlx5_1:1/RoCE [RO]; OOB bond0:10.140.57.6<0>
x3106c0s1b1n0:40145:40145 [1] NCCL INFO Using network IB
x3107c0s19b1n0:61873:61873 [0] NCCL INFO NET/Plugin : No plugin found (libnccl-net.so), using internal implementation
x3107c0s13b0n0:35921:35921 [3] NCCL INFO Bootstrap : Using bond0:10.140.57.243<0>
x3107c0s13b0n0:35919:35919 [1] NCCL INFO Bootstrap : Using bond0:10.140.57.243<0>
x3107c0s13b0n0:35918:35918 [0] NCCL INFO Bootstrap : Using bond0:10.140.57.243<0>
x3107c0s13b0n0:35918:35918 [0] NCCL INFO NET/Plugin : No plugin found (libnccl-net.so), using internal implementation
x3107c0s13b0n0:35919:35919 [1] NCCL INFO NET/Plugin : No plugin found (libnccl-net.so), using internal implementation
x3107c0s13b0n0:35921:35921 [3] NCCL INFO NET/Plugin : No plugin found (libnccl-net.so), using internal implementation
x3106c0s25b1n0:16412:16412 [0] NCCL INFO Bootstrap : Using bond0:10.140.57.26<0>
x3107c0s13b1n0:2287:2287 [0] NCCL INFO NET/IB : Using [0]mlx5_0:1/RoCE [1]mlx5_1:1/RoCE [RO]; OOB bond0:10.140.57.244<0>
x3107c0s13b1n0:2287:2287 [0] NCCL INFO Using network IB
x3106c0s1b0n0:32545:32545 [0] NCCL INFO Bootstrap : Using bond0:10.140.57.61<0>
x3106c0s25b1n0:16412:16412 [0] NCCL INFO NET/Plugin : No plugin found (libnccl-net.so), using internal implementation
x3107c0s13b1n0:2288:2288 [1] NCCL INFO NET/IB : Using [0]mlx5_0:1/RoCE [1]mlx5_1:1/RoCE [RO]; OOB bond0:10.140.57.244<0>
x3107c0s13b1n0:2288:2288 [1] NCCL INFO Using network IB
x3106c0s1b0n0:32547:32547 [2] NCCL INFO Bootstrap : Using bond0:10.140.57.61<0>
x3106c0s25b1n0:16414:16414 [1] NCCL INFO Bootstrap : Using bond0:10.140.57.26<0>
x3106c0s25b1n0:16414:16414 [1] NCCL INFO NET/Plugin : No plugin found (libnccl-net.so), using internal implementation
x3107c0s13b1n0:2289:2289 [2] NCCL INFO NET/IB : Using [0]mlx5_0:1/RoCE [1]mlx5_1:1/RoCE [RO]; OOB bond0:10.140.57.244<0>
x3107c0s13b1n0:2289:2289 [2] NCCL INFO Using network IB
x3107c0s13b1n0:2290:2290 [3] NCCL INFO NET/IB : Using [0]mlx5_0:1/RoCE [1]mlx5_1:1/RoCE [RO]; OOB bond0:10.140.57.244<0>
x3107c0s13b1n0:2290:2290 [3] NCCL INFO Using network IB
x3106c0s1b0n0:32546:32546 [1] NCCL INFO Bootstrap : Using bond0:10.140.57.61<0>
x3106c0s1b0n0:32548:32548 [3] NCCL INFO Bootstrap : Using bond0:10.140.57.61<0>
x3106c0s1b0n0:32546:32546 [1] NCCL INFO NET/Plugin : No plugin found (libnccl-net.so), using internal implementation
x3106c0s1b0n0:32547:32547 [2] NCCL INFO NET/Plugin : No plugin found (libnccl-net.so), using internal implementation
x3106c0s1b0n0:32548:32548 [3] NCCL INFO NET/Plugin : No plugin found (libnccl-net.so), using internal implementation
x3106c0s1b0n0:32545:32545 [0] NCCL INFO NET/Plugin : No plugin found (libnccl-net.so), using internal implementation
x3106c0s25b1n0:16415:16415 [2] NCCL INFO NET/IB : Using [0]mlx5_0:1/RoCE [1]mlx5_1:1/RoCE [RO]; OOB bond0:10.140.57.26<0>
x3106c0s25b1n0:16415:16415 [2] NCCL INFO Using network IB
x3107c0s19b1n0:61873:61873 [0] NCCL INFO NET/IB : Using [0]mlx5_0:1/RoCE [1]mlx5_1:1/RoCE [RO]; OOB bond0:10.140.57.38<0>
x3107c0s19b1n0:61873:61873 [0] NCCL INFO Using network IB
x3106c0s19b1n0:40288:40288 [1] NCCL INFO Bootstrap : Using bond0:10.140.57.180<0>
x3106c0s19b1n0:40289:40289 [2] NCCL INFO Bootstrap : Using bond0:10.140.57.180<0>
x3106c0s25b1n0:16414:16414 [1] NCCL INFO NET/IB : Using [0]mlx5_0:1/RoCE [1]mlx5_1:1/RoCE [RO]; OOB bond0:10.140.57.26<0>
x3106c0s25b1n0:16414:16414 [1] NCCL INFO Using network IB
x3106c0s19b1n0:40291:40291 [3] NCCL INFO Bootstrap : Using bond0:10.140.57.180<0>
x3106c0s25b1n0:16412:16412 [0] NCCL INFO NET/IB : Using [0]mlx5_0:1/RoCE [1]mlx5_1:1/RoCE [RO]; OOB bond0:10.140.57.26<0>
x3106c0s25b1n0:16412:16412 [0] NCCL INFO Using network IB
x3106c0s19b1n0:40286:40286 [0] NCCL INFO Bootstrap : Using bond0:10.140.57.180<0>
x3106c0s19b1n0:40286:40286 [0] NCCL INFO NET/Plugin : No plugin found (libnccl-net.so), using internal implementation
x3106c0s19b1n0:40289:40289 [2] NCCL INFO NET/Plugin : No plugin found (libnccl-net.so), using internal implementation
x3106c0s19b1n0:40291:40291 [3] NCCL INFO NET/Plugin : No plugin found (libnccl-net.so), using internal implementation
x3106c0s19b1n0:40288:40288 [1] NCCL INFO NET/Plugin : No plugin found (libnccl-net.so), using internal implementation
x3106c0s37b1n0:58390:58390 [2] NCCL INFO NET/IB : Using [0]mlx5_0:1/RoCE [1]mlx5_1:1/RoCE [RO]; OOB bond0:10.140.57.43<0>
x3106c0s37b1n0:58390:58390 [2] NCCL INFO Using network IB
x3107c0s13b0n0:35918:35918 [0] NCCL INFO NET/IB : Using [0]mlx5_0:1/RoCE [1]mlx5_1:1/RoCE [RO]; OOB bond0:10.140.57.243<0>
x3107c0s13b0n0:35918:35918 [0] NCCL INFO Using network IB
x3106c0s31b1n0:4311:4311 [2] NCCL INFO NET/IB : Using [0]mlx5_0:1/RoCE [1]mlx5_1:1/RoCE [RO]; OOB bond0:10.140.57.158<0>
x3106c0s31b1n0:4311:4311 [2] NCCL INFO Using network IB
x3107c0s13b0n0:35919:35919 [1] NCCL INFO NET/IB : Using [0]mlx5_0:1/RoCE [1]mlx5_1:1/RoCE [RO]; OOB bond0:10.140.57.243<0>
x3107c0s13b0n0:35919:35919 [1] NCCL INFO Using network IB
x3106c0s31b1n0:4312:4312 [3] NCCL INFO NET/IB : Using [0]mlx5_0:1/RoCE [1]mlx5_1:1/RoCE [RO]; OOB bond0:10.140.57.158<0>
x3106c0s31b1n0:4312:4312 [3] NCCL INFO Using network IB
x3107c0s13b0n0:35921:35921 [3] NCCL INFO NET/IB : Using [0]mlx5_0:1/RoCE [1]mlx5_1:1/RoCE [RO]; OOB bond0:10.140.57.243<0>
x3107c0s13b0n0:35921:35921 [3] NCCL INFO Using network IB
x3106c0s25b1n0:16416:16416 [3] NCCL INFO NET/IB : Using [0]mlx5_0:1/RoCE [1]mlx5_1:1/RoCE [RO]; OOB bond0:10.140.57.26<0>
x3106c0s25b1n0:16416:16416 [3] NCCL INFO Using network IB
x3106c0s25b0n0:44596:44596 [2] NCCL INFO Bootstrap : Using bond0:10.140.57.181<0>
x3106c0s25b0n0:44596:44596 [2] NCCL INFO NET/Plugin : No plugin found (libnccl-net.so), using internal implementation
x3106c0s25b0n0:44597:44597 [3] NCCL INFO Bootstrap : Using bond0:10.140.57.181<0>
x3106c0s25b0n0:44595:44595 [1] NCCL INFO Bootstrap : Using bond0:10.140.57.181<0>
x3106c0s25b0n0:44595:44595 [1] NCCL INFO NET/Plugin : No plugin found (libnccl-net.so), using internal implementation
x3107c0s19b1n0:61874:61874 [1] NCCL INFO NET/IB : Using [0]mlx5_0:1/RoCE [1]mlx5_1:1/RoCE [RO]; OOB bond0:10.140.57.38<0>
x3107c0s19b1n0:61874:61874 [1] NCCL INFO Using network IB
x3107c0s19b1n0:61875:61875 [2] NCCL INFO NET/IB : Using [0]mlx5_0:1/RoCE [1]mlx5_1:1/RoCE [RO]; OOB bond0:10.140.57.38<0>
x3107c0s19b1n0:61875:61875 [2] NCCL INFO Using network IB
x3107c0s19b1n0:61876:61876 [3] NCCL INFO NET/IB : Using [0]mlx5_0:1/RoCE [1]mlx5_1:1/RoCE [RO]; OOB bond0:10.140.57.38<0>
x3107c0s19b1n0:61876:61876 [3] NCCL INFO Using network IB
x3106c0s25b0n0:44597:44597 [3] NCCL INFO NET/Plugin : No plugin found (libnccl-net.so), using internal implementation
x3106c0s25b0n0:44594:44594 [0] NCCL INFO Bootstrap : Using bond0:10.140.57.181<0>
x3106c0s25b0n0:44594:44594 [0] NCCL INFO NET/Plugin : No plugin found (libnccl-net.so), using internal implementation
x3107c0s13b0n0:35920:35920 [2] NCCL INFO NET/IB : Using [0]mlx5_0:1/RoCE [1]mlx5_1:1/RoCE [RO]; OOB bond0:10.140.57.243<0>
x3107c0s13b0n0:35920:35920 [2] NCCL INFO Using network IB
x3107c0s19b0n0:3287:3287 [3] NCCL INFO Bootstrap : Using bond0:10.140.58.29<0>
x3106c0s1b0n0:32548:32548 [3] NCCL INFO NET/IB : Using [0]mlx5_0:1/RoCE [1]mlx5_1:1/RoCE [RO]; OOB bond0:10.140.57.61<0>
x3106c0s1b0n0:32548:32548 [3] NCCL INFO Using network IB
x3106c0s1b0n0:32545:32545 [0] NCCL INFO NET/IB : Using [0]mlx5_0:1/RoCE [1]mlx5_1:1/RoCE [RO]; OOB bond0:10.140.57.61<0>
x3106c0s1b0n0:32545:32545 [0] NCCL INFO Using network IB
x3106c0s1b0n0:32546:32546 [1] NCCL INFO NET/IB : Using [0]mlx5_0:1/RoCE [1]mlx5_1:1/RoCE [RO]; OOB bond0:10.140.57.61<0>
x3106c0s1b0n0:32546:32546 [1] NCCL INFO Using network IB
x3106c0s1b0n0:32547:32547 [2] NCCL INFO NET/IB : Using [0]mlx5_0:1/RoCE [1]mlx5_1:1/RoCE [RO]; OOB bond0:10.140.57.61<0>
x3106c0s1b0n0:32547:32547 [2] NCCL INFO Using network IB
x3107c0s1b1n0:18711:18711 [3] NCCL INFO Bootstrap : Using bond0:10.140.57.34<0>
x3107c0s19b0n0:3287:3287 [3] NCCL INFO NET/Plugin : No plugin found (libnccl-net.so), using internal implementation
x3107c0s1b1n0:18710:18710 [2] NCCL INFO Bootstrap : Using bond0:10.140.57.34<0>
x3107c0s1b0n0:7540:7540 [1] NCCL INFO Bootstrap : Using bond0:10.140.57.44<0>
x3107c0s1b0n0:7542:7542 [3] NCCL INFO Bootstrap : Using bond0:10.140.57.44<0>
x3107c0s1b0n0:7541:7541 [2] NCCL INFO Bootstrap : Using bond0:10.140.57.44<0>
x3107c0s1b1n0:18709:18709 [1] NCCL INFO Bootstrap : Using bond0:10.140.57.34<0>
x3107c0s1b1n0:18710:18710 [2] NCCL INFO NET/Plugin : No plugin found (libnccl-net.so), using internal implementation
x3107c0s1b1n0:18709:18709 [1] NCCL INFO NET/Plugin : No plugin found (libnccl-net.so), using internal implementation
x3107c0s1b1n0:18711:18711 [3] NCCL INFO NET/Plugin : No plugin found (libnccl-net.so), using internal implementation
x3107c0s1b1n0:18707:18707 [0] NCCL INFO Bootstrap : Using bond0:10.140.57.34<0>
x3107c0s1b1n0:18707:18707 [0] NCCL INFO NET/Plugin : No plugin found (libnccl-net.so), using internal implementation
x3107c0s1b0n0:7539:7539 [0] NCCL INFO Bootstrap : Using bond0:10.140.57.44<0>
x3106c0s19b1n0:40288:40288 [1] NCCL INFO NET/IB : Using [0]mlx5_0:1/RoCE [1]mlx5_1:1/RoCE [RO]; OOB bond0:10.140.57.180<0>
x3106c0s19b1n0:40288:40288 [1] NCCL INFO Using network IB
x3107c0s19b0n0:3286:3286 [2] NCCL INFO Bootstrap : Using bond0:10.140.58.29<0>
x3107c0s1b0n0:7539:7539 [0] NCCL INFO NET/Plugin : No plugin found (libnccl-net.so), using internal implementation
x3107c0s19b0n0:3285:3285 [1] NCCL INFO Bootstrap : Using bond0:10.140.58.29<0>
x3107c0s1b0n0:7540:7540 [1] NCCL INFO NET/Plugin : No plugin found (libnccl-net.so), using internal implementation
x3107c0s1b0n0:7541:7541 [2] NCCL INFO NET/Plugin : No plugin found (libnccl-net.so), using internal implementation
x3107c0s1b0n0:7542:7542 [3] NCCL INFO NET/Plugin : No plugin found (libnccl-net.so), using internal implementation
x3106c0s19b1n0:40289:40289 [2] NCCL INFO NET/IB : Using [0]mlx5_0:1/RoCE [1]mlx5_1:1/RoCE [RO]; OOB bond0:10.140.57.180<0>
x3106c0s19b1n0:40289:40289 [2] NCCL INFO Using network IB
x3106c0s19b1n0:40286:40286 [0] NCCL INFO NET/IB : Using [0]mlx5_0:1/RoCE [1]mlx5_1:1/RoCE [RO]; OOB bond0:10.140.57.180<0>
x3106c0s19b1n0:40286:40286 [0] NCCL INFO Using network IB
x3106c0s19b1n0:40291:40291 [3] NCCL INFO NET/IB : Using [0]mlx5_0:1/RoCE [1]mlx5_1:1/RoCE [RO]; OOB bond0:10.140.57.180<0>
x3106c0s19b1n0:40291:40291 [3] NCCL INFO Using network IB
x3107c0s19b0n0:3285:3285 [1] NCCL INFO NET/Plugin : No plugin found (libnccl-net.so), using internal implementation
x3107c0s19b0n0:3286:3286 [2] NCCL INFO NET/Plugin : No plugin found (libnccl-net.so), using internal implementation
x3107c0s19b0n0:3284:3284 [0] NCCL INFO Bootstrap : Using bond0:10.140.58.29<0>
x3107c0s19b0n0:3284:3284 [0] NCCL INFO NET/Plugin : No plugin found (libnccl-net.so), using internal implementation
x3107c0s19b0n0:3284:3284 [0] NCCL INFO NET/IB : Using [0]mlx5_0:1/RoCE [1]mlx5_1:1/RoCE [RO]; OOB bond0:10.140.58.29<0>
x3107c0s19b0n0:3284:3284 [0] NCCL INFO Using network IB
x3107c0s19b0n0:3286:3286 [2] NCCL INFO NET/IB : Using [0]mlx5_0:1/RoCE [1]mlx5_1:1/RoCE [RO]; OOB bond0:10.140.58.29<0>
x3107c0s19b0n0:3286:3286 [2] NCCL INFO Using network IB
x3107c0s19b0n0:3285:3285 [1] NCCL INFO NET/IB : Using [0]mlx5_0:1/RoCE [1]mlx5_1:1/RoCE [RO]; OOB bond0:10.140.58.29<0>
x3107c0s19b0n0:3285:3285 [1] NCCL INFO Using network IB
x3106c0s25b0n0:44597:44597 [3] NCCL INFO NET/IB : Using [0]mlx5_0:1/RoCE [1]mlx5_1:1/RoCE [RO]; OOB bond0:10.140.57.181<0>
x3106c0s25b0n0:44597:44597 [3] NCCL INFO Using network IB
x3106c0s25b0n0:44595:44595 [1] NCCL INFO NET/IB : Using [0]mlx5_0:1/RoCE [1]mlx5_1:1/RoCE [RO]; OOB bond0:10.140.57.181<0>
x3106c0s25b0n0:44595:44595 [1] NCCL INFO Using network IB
x3106c0s25b0n0:44596:44596 [2] NCCL INFO NET/IB : Using [0]mlx5_0:1/RoCE [1]mlx5_1:1/RoCE [RO]; OOB bond0:10.140.57.181<0>
x3106c0s25b0n0:44596:44596 [2] NCCL INFO Using network IB
x3106c0s25b0n0:44594:44594 [0] NCCL INFO NET/IB : Using [0]mlx5_0:1/RoCE [1]mlx5_1:1/RoCE [RO]; OOB bond0:10.140.57.181<0>
x3106c0s25b0n0:44594:44594 [0] NCCL INFO Using network IB
x3107c0s19b0n0:3287:3287 [3] NCCL INFO NET/IB : Using [0]mlx5_0:1/RoCE [1]mlx5_1:1/RoCE [RO]; OOB bond0:10.140.58.29<0>
x3107c0s19b0n0:3287:3287 [3] NCCL INFO Using network IB
x3107c0s1b1n0:18707:18707 [0] NCCL INFO NET/IB : Using [0]mlx5_0:1/RoCE [1]mlx5_1:1/RoCE [RO]; OOB bond0:10.140.57.34<0>
x3107c0s1b1n0:18707:18707 [0] NCCL INFO Using network IB
x3107c0s1b1n0:18709:18709 [1] NCCL INFO NET/IB : Using [0]mlx5_0:1/RoCE [1]mlx5_1:1/RoCE [RO]; OOB bond0:10.140.57.34<0>
x3107c0s1b1n0:18709:18709 [1] NCCL INFO Using network IB
x3107c0s1b1n0:18711:18711 [3] NCCL INFO NET/IB : Using [0]mlx5_0:1/RoCE [1]mlx5_1:1/RoCE [RO]; OOB bond0:10.140.57.34<0>
x3107c0s1b1n0:18711:18711 [3] NCCL INFO Using network IB
x3107c0s1b0n0:7540:7540 [1] NCCL INFO NET/IB : Using [0]mlx5_0:1/RoCE [1]mlx5_1:1/RoCE [RO]; OOB bond0:10.140.57.44<0>
x3107c0s1b0n0:7540:7540 [1] NCCL INFO Using network IB
x3107c0s1b1n0:18710:18710 [2] NCCL INFO NET/IB : Using [0]mlx5_0:1/RoCE [1]mlx5_1:1/RoCE [RO]; OOB bond0:10.140.57.34<0>
x3107c0s1b1n0:18710:18710 [2] NCCL INFO Using network IB
x3107c0s1b0n0:7541:7541 [2] NCCL INFO NET/IB : Using [0]mlx5_0:1/RoCE [1]mlx5_1:1/RoCE [RO]; OOB bond0:10.140.57.44<0>
x3107c0s1b0n0:7541:7541 [2] NCCL INFO Using network IB
x3107c0s1b0n0:7539:7539 [0] NCCL INFO NET/IB : Using [0]mlx5_0:1/RoCE [1]mlx5_1:1/RoCE [RO]; OOB bond0:10.140.57.44<0>
x3107c0s1b0n0:7539:7539 [0] NCCL INFO Using network IB
x3107c0s1b0n0:7542:7542 [3] NCCL INFO NET/IB : Using [0]mlx5_0:1/RoCE [1]mlx5_1:1/RoCE [RO]; OOB bond0:10.140.57.44<0>
x3107c0s1b0n0:7542:7542 [3] NCCL INFO Using network IB
x3106c0s37b0n0:38918:38918 [3] NCCL INFO Bootstrap : Using bond0:10.140.58.32<0>
x3106c0s37b0n0:38917:38917 [2] NCCL INFO Bootstrap : Using bond0:10.140.58.32<0>
x3106c0s37b0n0:38915:38915 [1] NCCL INFO Bootstrap : Using bond0:10.140.58.32<0>
x3106c0s37b0n0:38915:38915 [1] NCCL INFO NET/Plugin : No plugin found (libnccl-net.so), using internal implementation
x3106c0s37b0n0:38917:38917 [2] NCCL INFO NET/Plugin : No plugin found (libnccl-net.so), using internal implementation
x3106c0s37b0n0:38918:38918 [3] NCCL INFO NET/Plugin : No plugin found (libnccl-net.so), using internal implementation
x3106c0s37b0n0:38913:38913 [0] NCCL INFO Bootstrap : Using bond0:10.140.58.32<0>
x3106c0s37b0n0:38913:38913 [0] NCCL INFO NET/Plugin : No plugin found (libnccl-net.so), using internal implementation
x3106c0s31b0n0:7814:7814 [1] NCCL INFO Bootstrap : Using bond0:10.140.57.157<0>
x3106c0s31b0n0:7814:7814 [1] NCCL INFO NET/Plugin : No plugin found (libnccl-net.so), using internal implementation
x3106c0s31b0n0:7813:7813 [0] NCCL INFO Bootstrap : Using bond0:10.140.57.157<0>
x3106c0s31b0n0:7816:7816 [3] NCCL INFO Bootstrap : Using bond0:10.140.57.157<0>
x3106c0s31b0n0:7815:7815 [2] NCCL INFO Bootstrap : Using bond0:10.140.57.157<0>
x3106c0s31b0n0:7815:7815 [2] NCCL INFO NET/Plugin : No plugin found (libnccl-net.so), using internal implementation
x3106c0s31b0n0:7816:7816 [3] NCCL INFO NET/Plugin : No plugin found (libnccl-net.so), using internal implementation
x3106c0s31b0n0:7813:7813 [0] NCCL INFO NET/Plugin : No plugin found (libnccl-net.so), using internal implementation
x3106c0s31b0n0:7813:7813 [0] NCCL INFO NET/IB : Using [0]mlx5_0:1/RoCE [1]mlx5_1:1/RoCE [RO]; OOB bond0:10.140.57.157<0>
x3106c0s31b0n0:7813:7813 [0] NCCL INFO Using network IB
x3106c0s31b0n0:7815:7815 [2] NCCL INFO NET/IB : Using [0]mlx5_0:1/RoCE [1]mlx5_1:1/RoCE [RO]; OOB bond0:10.140.57.157<0>
x3106c0s31b0n0:7815:7815 [2] NCCL INFO Using network IB
x3106c0s31b0n0:7816:7816 [3] NCCL INFO NET/IB : Using [0]mlx5_0:1/RoCE [1]mlx5_1:1/RoCE [RO]; OOB bond0:10.140.57.157<0>
x3106c0s31b0n0:7816:7816 [3] NCCL INFO Using network IB
x3106c0s37b0n0:38915:38915 [1] NCCL INFO NET/IB : Using [0]mlx5_0:1/RoCE [1]mlx5_1:1/RoCE [RO]; OOB bond0:10.140.58.32<0>
x3106c0s37b0n0:38917:38917 [2] NCCL INFO NET/IB : Using [0]mlx5_0:1/RoCE [1]mlx5_1:1/RoCE [RO]; OOB bond0:10.140.58.32<0>
x3106c0s37b0n0:38917:38917 [2] NCCL INFO Using network IB
x3106c0s37b0n0:38913:38913 [0] NCCL INFO NET/IB : Using [0]mlx5_0:1/RoCE [1]mlx5_1:1/RoCE [RO]; OOB bond0:10.140.58.32<0>
x3106c0s37b0n0:38913:38913 [0] NCCL INFO Using network IB
x3106c0s37b0n0:38915:38915 [1] NCCL INFO Using network IB
x3106c0s37b0n0:38918:38918 [3] NCCL INFO NET/IB : Using [0]mlx5_0:1/RoCE [1]mlx5_1:1/RoCE [RO]; OOB bond0:10.140.58.32<0>
x3106c0s37b0n0:38918:38918 [3] NCCL INFO Using network IB
x3106c0s31b0n0:7814:7814 [1] NCCL INFO NET/IB : Using [0]mlx5_0:1/RoCE [1]mlx5_1:1/RoCE [RO]; OOB bond0:10.140.57.157<0>
x3106c0s31b0n0:7814:7814 [1] NCCL INFO Using network IB
x3107c0s1b0n0:7542:7576 [3] NCCL INFO Setting affinity for GPU 3 to 08,00000008
x3106c0s1b1n0:40147:40177 [3] NCCL INFO Setting affinity for GPU 3 to 08,00000008
x3107c0s19b1n0:61876:61909 [3] NCCL INFO Setting affinity for GPU 3 to 08,00000008
x3106c0s19b0n0:45201:45232 [3] NCCL INFO Setting affinity for GPU 3 to 08,00000008
x3106c0s25b1n0:16416:16450 [3] NCCL INFO Setting affinity for GPU 3 to 08,00000008
x3106c0s25b0n0:44597:44625 [3] NCCL INFO Setting affinity for GPU 3 to 08,00000008
x3107c0s13b1n0:2290:2321 [3] NCCL INFO Setting affinity for GPU 3 to 08,00000008
x3106c0s31b1n0:4312:4345 [3] NCCL INFO Setting affinity for GPU 3 to 08,00000008
x3106c0s31b0n0:7816:7848 [3] NCCL INFO Setting affinity for GPU 3 to 08,00000008
x3107c0s19b0n0:3287:3334 [3] NCCL INFO Setting affinity for GPU 3 to 08,00000008
x3106c0s37b0n0:38918:38951 [3] NCCL INFO Setting affinity for GPU 3 to 08,00000008
x3106c0s37b1n0:58391:58422 [3] NCCL INFO Setting affinity for GPU 3 to 08,00000008
x3106c0s1b0n0:32548:32577 [3] NCCL INFO Setting affinity for GPU 3 to 08,00000008
x3107c0s13b0n0:35921:35953 [3] NCCL INFO Setting affinity for GPU 3 to 08,00000008
x3106c0s19b1n0:40291:40321 [3] NCCL INFO Setting affinity for GPU 3 to 08,00000008
x3107c0s1b1n0:18711:18744 [3] NCCL INFO Setting affinity for GPU 3 to 08,00000008
x3106c0s19b0n0:45198:45226 [0] NCCL INFO Channel 00/04 :    0   2   3   5   4   6   7   9   8  10  11  13  12  14  15  17  16  18  19  21
x3106c0s19b0n0:45201:45232 [3] NCCL INFO Trees [0] -1/-1/-1->3->2 [1] -1/-1/-1->3->2 [2] -1/-1/-1->3->2 [3] -1/-1/-1->3->2
x3107c0s1b1n0:18711:18744 [3] NCCL INFO Trees [0] -1/-1/-1->63->62 [1] -1/-1/-1->63->62 [2] -1/-1/-1->63->62 [3] -1/-1/-1->63->62
x3107c0s1b1n0:18707:18745 [0] NCCL INFO Trees [0] 61/-1/-1->60->56 [1] 61/-1/-1->60->56 [2] 61/28/-1->60->-1 [3] 61/28/-1->60->-1
x3106c0s19b0n0:45198:45226 [0] NCCL INFO Channel 01/04 :    0   2   3   5   4   6   7   9   8  10  11  13  12  14  15  17  16  18  19  21
x3106c0s19b0n0:45198:45226 [0] NCCL INFO Channel 02/04 :    0   2   3   5   4   6   7   9   8  10  11  13  12  14  15  17  16  18  19  21
x3106c0s19b0n0:45198:45226 [0] NCCL INFO Channel 03/04 :    0   2   3   5   4   6   7   9   8  10  11  13  12  14  15  17  16  18  19  21
x3106c0s19b0n0:45198:45226 [0] NCCL INFO Trees [0] 1/32/-1->0->-1 [1] 1/32/-1->0->-1 [2] 1/-1/-1->0->4 [3] 1/-1/-1->0->4
x3107c0s1b1n0:18709:18742 [1] NCCL INFO Trees [0] 62/-1/-1->61->60 [1] 62/-1/-1->61->60 [2] 62/-1/-1->61->60 [3] 62/-1/-1->61->60
x3106c0s19b0n0:45199:45235 [1] NCCL INFO Trees [0] 2/-1/-1->1->0 [1] 2/-1/-1->1->0 [2] 2/-1/-1->1->0 [3] 2/-1/-1->1->0
x3106c0s19b1n0:40286:40323 [0] NCCL INFO Trees [0] 5/-1/-1->4->9 [1] 5/-1/-1->4->9 [2] 5/0/-1->4->12 [3] 5/0/-1->4->12
x3106c0s1b1n0:40144:40176 [0] NCCL INFO Trees [0] 13/-1/-1->12->8 [1] 13/-1/-1->12->8 [2] 13/4/-1->12->28 [3] 13/4/-1->12->28
x3106c0s25b0n0:44596:44629 [2] NCCL INFO Trees [0] 19/-1/-1->18->17 [1] 19/-1/-1->18->17 [2] 19/-1/-1->18->17 [3] 19/-1/-1->18->17
x3107c0s1b1n0:18710:18743 [2] NCCL INFO Trees [0] 63/-1/-1->62->61 [1] 63/-1/-1->62->61 [2] 63/-1/-1->62->61 [3] 63/-1/-1->62->61
x3106c0s19b0n0:45200:45229 [2] NCCL INFO Trees [0] 3/-1/-1->2->1 [1] 3/-1/-1->2->1 [2] 3/-1/-1->2->1 [3] 3/-1/-1->2->1
x3106c0s19b1n0:40288:40317 [1] NCCL INFO Trees [0] 6/-1/-1->5->4 [1] 6/-1/-1->5->4 [2] 6/8/-1->5->4 [3] 6/8/-1->5->4
x3106c0s1b0n0:32545:32579 [0] NCCL INFO Trees [0] 9/12/-1->8->17 [1] 9/12/-1->8->17 [2] 9/-1/-1->8->5 [3] 9/-1/-1->8->5
x3106c0s1b1n0:40145:40181 [1] NCCL INFO Trees [0] 14/-1/-1->13->12 [1] 14/-1/-1->13->12 [2] 14/20/-1->13->12 [3] 14/20/-1->13->12
x3106c0s25b0n0:44597:44625 [3] NCCL INFO Trees [0] -1/-1/-1->19->18 [1] -1/-1/-1->19->18 [2] -1/-1/-1->19->18 [3] -1/-1/-1->19->18
x3106c0s31b1n0:4309:4340 [0] NCCL INFO Trees [0] 29/-1/-1->28->24 [1] 29/-1/-1->28->24 [2] 29/12/-1->28->60 [3] 29/12/-1->28->60
x3106c0s37b0n0:38918:38951 [3] NCCL INFO Trees [0] -1/-1/-1->35->34 [1] -1/-1/-1->35->34 [2] -1/-1/-1->35->34 [3] -1/-1/-1->35->34
x3106c0s19b1n0:40291:40321 [3] NCCL INFO Trees [0] -1/-1/-1->7->6 [1] -1/-1/-1->7->6 [2] -1/-1/-1->7->6 [3] -1/-1/-1->7->6
x3106c0s1b0n0:32546:32582 [1] NCCL INFO Trees [0] 10/4/-1->9->8 [1] 10/4/-1->9->8 [2] 10/-1/-1->9->8 [3] 10/-1/-1->9->8
x3106c0s1b1n0:40146:40180 [2] NCCL INFO Trees [0] 15/-1/-1->14->13 [1] 15/-1/-1->14->13 [2] 15/-1/-1->14->13 [3] 15/-1/-1->14->13
x3106c0s25b0n0:44594:44631 [0] NCCL INFO Trees [0] 17/24/-1->16->33 [1] 17/24/-1->16->33 [2] 17/-1/-1->16->20 [3] 17/-1/-1->16->20
x3106c0s25b1n0:16412:16447 [0] NCCL INFO Trees [0] 21/-1/-1->20->25 [1] 21/-1/-1->20->25 [2] 21/16/-1->20->13 [3] 21/16/-1->20->13
x3106c0s31b0n0:7813:7846 [0] NCCL INFO Trees [0] 25/28/-1->24->16 [1] 25/28/-1->24->16 [2] 25/-1/-1->24->21 [3] 25/-1/-1->24->21
x3106c0s31b1n0:4310:4339 [1] NCCL INFO Trees [0] 30/-1/-1->29->28 [1] 30/-1/-1->29->28 [2] 30/44/-1->29->28 [3] 30/44/-1->29->28
x3106c0s37b0n0:38913:38948 [0] NCCL INFO Trees [0] 33/48/-1->32->0 [1] 33/48/-1->32->0 [2] 33/-1/-1->32->36 [3] 33/-1/-1->32->36
x3106c0s37b1n0:58386:58423 [0] NCCL INFO Trees [0] 37/-1/-1->36->41 [1] 37/-1/-1->36->41 [2] 37/32/-1->36->44 [3] 37/32/-1->36->44
x3107c0s19b0n0:3284:3328 [0] NCCL INFO Trees [0] 49/56/-1->48->32 [1] 49/56/-1->48->32 [2] 49/-1/-1->48->52 [3] 49/-1/-1->48->52
x3107c0s19b1n0:61875:61906 [2] NCCL INFO Trees [0] 55/-1/-1->54->53 [1] 55/-1/-1->54->53 [2] 55/-1/-1->54->53 [3] 55/-1/-1->54->53
x3107c0s1b0n0:7540:7574 [1] NCCL INFO Trees [0] 58/52/-1->57->56 [1] 58/52/-1->57->56 [2] 58/-1/-1->57->56 [3] 58/-1/-1->57->56
x3106c0s19b1n0:40289:40320 [2] NCCL INFO Trees [0] 7/-1/-1->6->5 [1] 7/-1/-1->6->5 [2] 7/-1/-1->6->5 [3] 7/-1/-1->6->5
x3106c0s1b0n0:32547:32583 [2] NCCL INFO Trees [0] 11/-1/-1->10->9 [1] 11/-1/-1->10->9 [2] 11/-1/-1->10->9 [3] 11/-1/-1->10->9
x3106c0s1b1n0:40147:40177 [3] NCCL INFO Trees [0] -1/-1/-1->15->14 [1] -1/-1/-1->15->14 [2] -1/-1/-1->15->14 [3] -1/-1/-1->15->14
x3106c0s25b0n0:44595:44627 [1] NCCL INFO Trees [0] 18/8/-1->17->16 [1] 18/8/-1->17->16 [2] 18/-1/-1->17->16 [3] 18/-1/-1->17->16
x3106c0s25b1n0:16414:16446 [1] NCCL INFO Trees [0] 22/-1/-1->21->20 [1] 22/-1/-1->21->20 [2] 22/24/-1->21->20 [3] 22/24/-1->21->20
x3106c0s31b0n0:7814:7851 [1] NCCL INFO Trees [0] 26/20/-1->25->24 [1] 26/20/-1->25->24 [2] 26/-1/-1->25->24 [3] 26/-1/-1->25->24
x3106c0s31b1n0:4311:4346 [2] NCCL INFO Trees [0] 31/-1/-1->30->29 [1] 31/-1/-1->30->29 [2] 31/-1/-1->30->29 [3] 31/-1/-1->30->29
x3106c0s37b0n0:38915:38950 [1] NCCL INFO Trees [0] 34/16/-1->33->32 [1] 34/16/-1->33->32 [2] 34/-1/-1->33->32 [3] 34/-1/-1->33->32
x3106c0s37b1n0:58388:58421 [1] NCCL INFO Trees [0] 38/-1/-1->37->36 [1] 38/-1/-1->37->36 [2] 38/40/-1->37->36 [3] 38/40/-1->37->36
x3107c0s13b0n0:35918:35952 [0] NCCL INFO Trees [0] 41/44/-1->40->49 [1] 41/44/-1->40->49 [2] 41/-1/-1->40->37 [3] 41/-1/-1->40->37
x3107c0s13b1n0:2287:2323 [0] NCCL INFO Trees [0] 45/-1/-1->44->40 [1] 45/-1/-1->44->40 [2] 45/36/-1->44->29 [3] 45/36/-1->44->29
x3107c0s19b0n0:3286:3329 [2] NCCL INFO Trees [0] 51/-1/-1->50->49 [1] 51/-1/-1->50->49 [2] 51/-1/-1->50->49 [3] 51/-1/-1->50->49
x3107c0s19b1n0:61876:61909 [3] NCCL INFO Trees [0] -1/-1/-1->55->54 [1] -1/-1/-1->55->54 [2] -1/-1/-1->55->54 [3] -1/-1/-1->55->54
x3107c0s1b0n0:7541:7575 [2] NCCL INFO Trees [0] 59/-1/-1->58->57 [1] 59/-1/-1->58->57 [2] 59/-1/-1->58->57 [3] 59/-1/-1->58->57
x3106c0s1b0n0:32548:32577 [3] NCCL INFO Trees [0] -1/-1/-1->11->10 [1] -1/-1/-1->11->10 [2] -1/-1/-1->11->10 [3] -1/-1/-1->11->10
x3106c0s25b1n0:16415:16441 [2] NCCL INFO Trees [0] 23/-1/-1->22->21 [1] 23/-1/-1->22->21 [2] 23/-1/-1->22->21 [3] 23/-1/-1->22->21
x3106c0s31b0n0:7815:7847 [2] NCCL INFO Trees [0] 27/-1/-1->26->25 [1] 27/-1/-1->26->25 [2] 27/-1/-1->26->25 [3] 27/-1/-1->26->25
x3106c0s31b1n0:4312:4345 [3] NCCL INFO Trees [0] -1/-1/-1->31->30 [1] -1/-1/-1->31->30 [2] -1/-1/-1->31->30 [3] -1/-1/-1->31->30
x3106c0s37b0n0:38917:38949 [2] NCCL INFO Trees [0] 35/-1/-1->34->33 [1] 35/-1/-1->34->33 [2] 35/-1/-1->34->33 [3] 35/-1/-1->34->33
x3106c0s37b1n0:58390:58426 [2] NCCL INFO Trees [0] 39/-1/-1->38->37 [1] 39/-1/-1->38->37 [2] 39/-1/-1->38->37 [3] 39/-1/-1->38->37
x3107c0s13b0n0:35919:35951 [1] NCCL INFO Trees [0] 42/36/-1->41->40 [1] 42/36/-1->41->40 [2] 42/-1/-1->41->40 [3] 42/-1/-1->41->40
x3107c0s13b1n0:2288:2324 [1] NCCL INFO Trees [0] 46/-1/-1->45->44 [1] 46/-1/-1->45->44 [2] 46/52/-1->45->44 [3] 46/52/-1->45->44
x3107c0s19b0n0:3287:3334 [3] NCCL INFO Trees [0] -1/-1/-1->51->50 [1] -1/-1/-1->51->50 [2] -1/-1/-1->51->50 [3] -1/-1/-1->51->50
x3107c0s19b1n0:61873:61900 [0] NCCL INFO Trees [0] 53/-1/-1->52->57 [1] 53/-1/-1->52->57 [2] 53/48/-1->52->45 [3] 53/48/-1->52->45
x3107c0s1b0n0:7542:7576 [3] NCCL INFO Trees [0] -1/-1/-1->59->58 [1] -1/-1/-1->59->58 [2] -1/-1/-1->59->58 [3] -1/-1/-1->59->58
x3106c0s25b1n0:16416:16450 [3] NCCL INFO Trees [0] -1/-1/-1->23->22 [1] -1/-1/-1->23->22 [2] -1/-1/-1->23->22 [3] -1/-1/-1->23->22
x3106c0s31b0n0:7816:7848 [3] NCCL INFO Trees [0] -1/-1/-1->27->26 [1] -1/-1/-1->27->26 [2] -1/-1/-1->27->26 [3] -1/-1/-1->27->26
x3106c0s37b1n0:58391:58422 [3] NCCL INFO Trees [0] -1/-1/-1->39->38 [1] -1/-1/-1->39->38 [2] -1/-1/-1->39->38 [3] -1/-1/-1->39->38
x3107c0s13b0n0:35920:35956 [2] NCCL INFO Trees [0] 43/-1/-1->42->41 [1] 43/-1/-1->42->41 [2] 43/-1/-1->42->41 [3] 43/-1/-1->42->41
x3107c0s13b1n0:2289:2322 [2] NCCL INFO Trees [0] 47/-1/-1->46->45 [1] 47/-1/-1->46->45 [2] 47/-1/-1->46->45 [3] 47/-1/-1->46->45
x3107c0s19b0n0:3285:3331 [1] NCCL INFO Trees [0] 50/40/-1->49->48 [1] 50/40/-1->49->48 [2] 50/-1/-1->49->48 [3] 50/-1/-1->49->48
x3107c0s19b1n0:61874:61907 [1] NCCL INFO Trees [0] 54/-1/-1->53->52 [1] 54/-1/-1->53->52 [2] 54/56/-1->53->52 [3] 54/56/-1->53->52
x3107c0s1b0n0:7539:7578 [0] NCCL INFO Trees [0] 57/60/-1->56->48 [1] 57/60/-1->56->48 [2] 57/-1/-1->56->53 [3] 57/-1/-1->56->53
x3107c0s13b0n0:35921:35953 [3] NCCL INFO Trees [0] -1/-1/-1->43->42 [1] -1/-1/-1->43->42 [2] -1/-1/-1->43->42 [3] -1/-1/-1->43->42
x3107c0s13b1n0:2290:2321 [3] NCCL INFO Trees [0] -1/-1/-1->47->46 [1] -1/-1/-1->47->46 [2] -1/-1/-1->47->46 [3] -1/-1/-1->47->46
x3106c0s19b0n0:45200:45229 [2] NCCL INFO Channel 00 : 2[85000] -> 3[c7000] via P2P/IPC/read
x3106c0s19b0n0:45198:45226 [0] NCCL INFO Channel 00 : 0[7000] -> 2[85000] via P2P/IPC/read
x3106c0s19b1n0:40289:40320 [2] NCCL INFO Channel 00 : 6[85000] -> 7[c7000] via P2P/IPC/read
x3106c0s19b1n0:40286:40323 [0] NCCL INFO Channel 00 : 4[7000] -> 6[85000] via P2P/IPC/read
x3106c0s37b0n0:38917:38949 [2] NCCL INFO Channel 00 : 34[85000] -> 35[c7000] via P2P/IPC/read
x3106c0s31b0n0:7813:7846 [0] NCCL INFO Channel 00 : 24[7000] -> 26[85000] via P2P/IPC/read
x3106c0s37b0n0:38913:38948 [0] NCCL INFO Channel 00 : 32[7000] -> 34[85000] via P2P/IPC/read
x3107c0s19b0n0:3284:3328 [0] NCCL INFO Channel 00 : 48[7000] -> 50[85000] via P2P/IPC/read
x3106c0s31b0n0:7815:7847 [2] NCCL INFO Channel 00 : 26[85000] -> 27[c7000] via P2P/IPC/read
x3107c0s19b0n0:3286:3329 [2] NCCL INFO Channel 00 : 50[85000] -> 51[c7000] via P2P/IPC/read
x3106c0s25b0n0:44594:44631 [0] NCCL INFO Channel 00 : 16[7000] -> 18[85000] via P2P/IPC/read
x3106c0s25b0n0:44596:44629 [2] NCCL INFO Channel 00 : 18[85000] -> 19[c7000] via P2P/IPC/read
x3107c0s13b1n0:2287:2323 [0] NCCL INFO Channel 00 : 44[7000] -> 46[85000] via P2P/IPC/read
x3107c0s13b1n0:2289:2322 [2] NCCL INFO Channel 00 : 46[85000] -> 47[c7000] via P2P/IPC/read
x3106c0s1b0n0:32545:32579 [0] NCCL INFO Channel 00 : 8[7000] -> 10[85000] via P2P/IPC/read
x3106c0s1b0n0:32547:32583 [2] NCCL INFO Channel 00 : 10[85000] -> 11[c7000] via P2P/IPC/read
x3106c0s1b1n0:40144:40176 [0] NCCL INFO Channel 00 : 12[7000] -> 14[85000] via P2P/IPC/read
x3107c0s1b1n0:18707:18745 [0] NCCL INFO Channel 00 : 60[7000] -> 62[85000] via P2P/IPC/read
x3107c0s1b1n0:18710:18743 [2] NCCL INFO Channel 00 : 62[85000] -> 63[c7000] via P2P/IPC/read
x3106c0s1b1n0:40146:40180 [2] NCCL INFO Channel 00 : 14[85000] -> 15[c7000] via P2P/IPC/read
x3106c0s31b1n0:4309:4340 [0] NCCL INFO Channel 00 : 28[7000] -> 30[85000] via P2P/IPC/read
x3106c0s31b1n0:4311:4346 [2] NCCL INFO Channel 00 : 30[85000] -> 31[c7000] via P2P/IPC/read
x3107c0s19b1n0:61873:61900 [0] NCCL INFO Channel 00 : 52[7000] -> 54[85000] via P2P/IPC/read
x3107c0s19b1n0:61875:61906 [2] NCCL INFO Channel 00 : 54[85000] -> 55[c7000] via P2P/IPC/read
x3106c0s25b1n0:16412:16447 [0] NCCL INFO Channel 00 : 20[7000] -> 22[85000] via P2P/IPC/read
x3106c0s25b1n0:16415:16441 [2] NCCL INFO Channel 00 : 22[85000] -> 23[c7000] via P2P/IPC/read
x3107c0s1b0n0:7539:7578 [0] NCCL INFO Channel 00 : 56[7000] -> 58[85000] via P2P/IPC/read
x3107c0s1b0n0:7541:7575 [2] NCCL INFO Channel 00 : 58[85000] -> 59[c7000] via P2P/IPC/read
x3107c0s13b0n0:35918:35952 [0] NCCL INFO Channel 00 : 40[7000] -> 42[85000] via P2P/IPC/read
x3107c0s13b0n0:35920:35956 [2] NCCL INFO Channel 00 : 42[85000] -> 43[c7000] via P2P/IPC/read
x3106c0s37b1n0:58386:58423 [0] NCCL INFO Channel 00 : 36[7000] -> 38[85000] via P2P/IPC/read
x3106c0s37b1n0:58390:58426 [2] NCCL INFO Channel 00 : 38[85000] -> 39[c7000] via P2P/IPC/read
x3107c0s1b1n0:18709:18742 [1] NCCL INFO Channel 00/0 : 59[c7000] -> 61[46000] [receive] via NET/IB/1
x3107c0s1b1n0:18707:18745 [0] NCCL INFO Channel 01 : 60[7000] -> 62[85000] via P2P/IPC/read
x3107c0s1b1n0:18710:18743 [2] NCCL INFO Channel 01 : 62[85000] -> 63[c7000] via P2P/IPC/read
x3106c0s19b0n0:45199:45235 [1] NCCL INFO Channel 00/0 : 63[c7000] -> 1[46000] [receive] via NET/IB/1
x3107c0s13b1n0:2289:2322 [2] NCCL INFO Channel 01 : 46[85000] -> 47[c7000] via P2P/IPC/read
x3107c0s13b1n0:2289:2322 [2] NCCL INFO Channel 02 : 46[85000] -> 47[c7000] via P2P/IPC/read
x3107c0s13b1n0:2289:2322 [2] NCCL INFO Channel 03 : 46[85000] -> 47[c7000] via P2P/IPC/read
x3107c0s19b0n0:3284:3328 [0] NCCL INFO Channel 01 : 48[7000] -> 50[85000] via P2P/IPC/read
x3107c0s1b1n0:18710:18743 [2] NCCL INFO Channel 02 : 62[85000] -> 63[c7000] via P2P/IPC/read
x3107c0s1b1n0:18710:18743 [2] NCCL INFO Channel 03 : 62[85000] -> 63[c7000] via P2P/IPC/read
x3106c0s37b0n0:38915:38950 [1] NCCL INFO Channel 00/0 : 31[c7000] -> 33[46000] [receive] via NET/IB/1
x3107c0s1b1n0:18707:18745 [0] NCCL INFO Channel 02 : 60[7000] -> 62[85000] via P2P/IPC/read
x3106c0s19b1n0:40288:40317 [1] NCCL INFO Channel 00/0 : 3[c7000] -> 5[46000] [receive] via NET/IB/1
x3106c0s19b1n0:40286:40323 [0] NCCL INFO Channel 01 : 4[7000] -> 6[85000] via P2P/IPC/read
x3107c0s1b1n0:18707:18745 [0] NCCL INFO Channel 03 : 60[7000] -> 62[85000] via P2P/IPC/read
x3106c0s37b0n0:38917:38949 [2] NCCL INFO Channel 01 : 34[85000] -> 35[c7000] via P2P/IPC/read
x3106c0s25b0n0:44595:44627 [1] NCCL INFO Channel 00/0 : 15[c7000] -> 17[46000] [receive] via NET/IB/1
x3106c0s37b0n0:38913:38948 [0] NCCL INFO Channel 01 : 32[7000] -> 34[85000] via P2P/IPC/read
x3106c0s25b0n0:44594:44631 [0] NCCL INFO Channel 01 : 16[7000] -> 18[85000] via P2P/IPC/read
x3106c0s19b1n0:40289:40320 [2] NCCL INFO Channel 01 : 6[85000] -> 7[c7000] via P2P/IPC/read
x3106c0s25b0n0:44596:44629 [2] NCCL INFO Channel 01 : 18[85000] -> 19[c7000] via P2P/IPC/read
x3106c0s1b1n0:40144:40176 [0] NCCL INFO Channel 01 : 12[7000] -> 14[85000] via P2P/IPC/read
x3106c0s37b1n0:58386:58423 [0] NCCL INFO Channel 01 : 36[7000] -> 38[85000] via P2P/IPC/read
x3106c0s37b1n0:58388:58421 [1] NCCL INFO Channel 00/0 : 35[c7000] -> 37[46000] [receive] via NET/IB/1
x3106c0s37b1n0:58390:58426 [2] NCCL INFO Channel 01 : 38[85000] -> 39[c7000] via P2P/IPC/read
x3106c0s1b1n0:40145:40181 [1] NCCL INFO Channel 00/0 : 11[c7000] -> 13[46000] [receive] via NET/IB/1
x3106c0s1b1n0:40146:40180 [2] NCCL INFO Channel 01 : 14[85000] -> 15[c7000] via P2P/IPC/read
x3106c0s31b0n0:7813:7846 [0] NCCL INFO Channel 01 : 24[7000] -> 26[85000] via P2P/IPC/read
x3106c0s31b0n0:7814:7851 [1] NCCL INFO Channel 00/0 : 23[c7000] -> 25[46000] [receive] via NET/IB/1
x3106c0s31b0n0:7815:7847 [2] NCCL INFO Channel 01 : 26[85000] -> 27[c7000] via P2P/IPC/read
x3107c0s19b1n0:61873:61900 [0] NCCL INFO Channel 01 : 52[7000] -> 54[85000] via P2P/IPC/read
x3107c0s19b1n0:61874:61907 [1] NCCL INFO Channel 00/0 : 51[c7000] -> 53[46000] [receive] via NET/IB/1
x3107c0s19b1n0:61875:61906 [2] NCCL INFO Channel 01 : 54[85000] -> 55[c7000] via P2P/IPC/read
x3106c0s19b0n0:45199:45235 [1] NCCL INFO Channel 01/0 : 63[c7000] -> 1[46000] [receive] via NET/IB/0
x3106c0s25b1n0:16412:16447 [0] NCCL INFO Channel 01 : 20[7000] -> 22[85000] via P2P/IPC/read
x3106c0s25b1n0:16415:16441 [2] NCCL INFO Channel 01 : 22[85000] -> 23[c7000] via P2P/IPC/read
x3106c0s1b0n0:32545:32579 [0] NCCL INFO Channel 01 : 8[7000] -> 10[85000] via P2P/IPC/read
x3106c0s1b0n0:32547:32583 [2] NCCL INFO Channel 01 : 10[85000] -> 11[c7000] via P2P/IPC/read
x3107c0s1b0n0:7540:7574 [1] NCCL INFO Channel 00/0 : 55[c7000] -> 57[46000] [receive] via NET/IB/1
x3107c0s1b0n0:7541:7575 [2] NCCL INFO Channel 01 : 58[85000] -> 59[c7000] via P2P/IPC/read
x3107c0s13b0n0:35918:35952 [0] NCCL INFO Channel 01 : 40[7000] -> 42[85000] via P2P/IPC/read
x3107c0s13b0n0:35919:35951 [1] NCCL INFO Channel 00/0 : 39[c7000] -> 41[46000] [receive] via NET/IB/1
x3107c0s13b0n0:35920:35956 [2] NCCL INFO Channel 01 : 42[85000] -> 43[c7000] via P2P/IPC/read
x3106c0s1b1n0:40144:40176 [0] NCCL INFO Channel 02 : 12[7000] -> 14[85000] via P2P/IPC/read
x3106c0s1b1n0:40144:40176 [0] NCCL INFO Channel 03 : 12[7000] -> 14[85000] via P2P/IPC/read
x3107c0s19b0n0:3285:3331 [1] NCCL INFO Channel 00/0 : 47[c7000] -> 49[46000] [receive] via NET/IB/1
x3107c0s19b0n0:3286:3329 [2] NCCL INFO Channel 01 : 50[85000] -> 51[c7000] via P2P/IPC/read
x3106c0s31b0n0:7815:7847 [2] NCCL INFO Channel 02 : 26[85000] -> 27[c7000] via P2P/IPC/read
x3106c0s31b0n0:7815:7847 [2] NCCL INFO Channel 03 : 26[85000] -> 27[c7000] via P2P/IPC/read
x3107c0s13b1n0:2287:2323 [0] NCCL INFO Channel 01 : 44[7000] -> 46[85000] via P2P/IPC/read
x3107c0s13b1n0:2288:2324 [1] NCCL INFO Channel 00/0 : 43[c7000] -> 45[46000] [receive] via NET/IB/1
x3106c0s31b1n0:4309:4340 [0] NCCL INFO Channel 01 : 28[7000] -> 30[85000] via P2P/IPC/read
x3106c0s31b1n0:4310:4339 [1] NCCL INFO Channel 00/0 : 27[c7000] -> 29[46000] [receive] via NET/IB/1
x3106c0s31b1n0:4311:4346 [2] NCCL INFO Channel 01 : 30[85000] -> 31[c7000] via P2P/IPC/read
x3106c0s19b0n0:45200:45229 [2] NCCL INFO Channel 01 : 2[85000] -> 3[c7000] via P2P/IPC/read
x3106c0s19b0n0:45198:45226 [0] NCCL INFO Channel 01 : 0[7000] -> 2[85000] via P2P/IPC/read
x3107c0s13b0n0:35920:35956 [2] NCCL INFO Channel 02 : 42[85000] -> 43[c7000] via P2P/IPC/read
x3107c0s13b0n0:35920:35956 [2] NCCL INFO Channel 03 : 42[85000] -> 43[c7000] via P2P/IPC/read
x3106c0s1b0n0:32546:32582 [1] NCCL INFO Channel 00/0 : 7[c7000] -> 9[46000] [receive] via NET/IB/1
x3107c0s1b0n0:7539:7578 [0] NCCL INFO Channel 01 : 56[7000] -> 58[85000] via P2P/IPC/read
x3106c0s1b1n0:40146:40180 [2] NCCL INFO Channel 02 : 14[85000] -> 15[c7000] via P2P/IPC/read
x3106c0s37b1n0:58386:58423 [0] NCCL INFO Channel 02 : 36[7000] -> 38[85000] via P2P/IPC/read
x3106c0s1b1n0:40146:40180 [2] NCCL INFO Channel 03 : 14[85000] -> 15[c7000] via P2P/IPC/read
x3106c0s31b1n0:4309:4340 [0] NCCL INFO Channel 02 : 28[7000] -> 30[85000] via P2P/IPC/read
x3106c0s31b1n0:4309:4340 [0] NCCL INFO Channel 03 : 28[7000] -> 30[85000] via P2P/IPC/read
x3106c0s19b1n0:40288:40317 [1] NCCL INFO Channel 01/0 : 3[c7000] -> 5[46000] [receive] via NET/IB/0
x3106c0s19b1n0:40288:40317 [1] NCCL INFO Channel 02/0 : 3[c7000] -> 5[46000] [receive] via NET/IB/1
x3106c0s19b1n0:40288:40317 [1] NCCL INFO Channel 03/0 : 3[c7000] -> 5[46000] [receive] via NET/IB/0
x3106c0s37b1n0:58388:58421 [1] NCCL INFO Channel 01/0 : 35[c7000] -> 37[46000] [receive] via NET/IB/0
x3106c0s37b1n0:58388:58421 [1] NCCL INFO Channel 02/0 : 35[c7000] -> 37[46000] [receive] via NET/IB/1
