########################################   MSCCL TEST  #####################################################
######################### LIBRARY: MSCCL ALGORITHM: BINARY-H-P-2NIC-4gpuspipe-16chunk-8ch INSTANCE: 1 CHANNEL: 2-INTRA-1-INTER PROTOCOL: Simple ##############################################
MSCCL TEST BINARY-H-P-2NIC-16chunk-8ch 2-INTRA-1-INTER time: Wed 18 Oct 2023 08:11:23 AM UTC
# nThread 1 nGpus 1 minBytes 536870912 maxBytes 536870912 step: 2(factor) warmup iters: 5 iters: 20 agg iters: 1 validation: 1 graph: 0
#
# Using devices
#  Rank  0 Group  0 Pid  20192 on x3006c0s31b1n0 device  0 [0x07] NVIDIA A100-SXM4-40GB
#  Rank  1 Group  0 Pid  20193 on x3006c0s31b1n0 device  1 [0x46] NVIDIA A100-SXM4-40GB
#  Rank  2 Group  0 Pid  20194 on x3006c0s31b1n0 device  2 [0x85] NVIDIA A100-SXM4-40GB
#  Rank  3 Group  0 Pid  20195 on x3006c0s31b1n0 device  3 [0xc7] NVIDIA A100-SXM4-40GB
#  Rank  4 Group  0 Pid  37388 on x3006c0s37b0n0 device  0 [0x07] NVIDIA A100-SXM4-40GB
#  Rank  5 Group  0 Pid  37390 on x3006c0s37b0n0 device  1 [0x46] NVIDIA A100-SXM4-40GB
#  Rank  6 Group  0 Pid  37391 on x3006c0s37b0n0 device  2 [0x85] NVIDIA A100-SXM4-40GB
#  Rank  7 Group  0 Pid  37392 on x3006c0s37b0n0 device  3 [0xc7] NVIDIA A100-SXM4-40GB
#  Rank  8 Group  0 Pid  54030 on x3006c0s37b1n0 device  0 [0x07] NVIDIA A100-SXM4-40GB
#  Rank  9 Group  0 Pid  54032 on x3006c0s37b1n0 device  1 [0x46] NVIDIA A100-SXM4-40GB
#  Rank 10 Group  0 Pid  54033 on x3006c0s37b1n0 device  2 [0x85] NVIDIA A100-SXM4-40GB
#  Rank 11 Group  0 Pid  54034 on x3006c0s37b1n0 device  3 [0xc7] NVIDIA A100-SXM4-40GB
#  Rank 12 Group  0 Pid   5386 on x3006c0s7b0n0 device  0 [0x07] NVIDIA A100-SXM4-40GB
#  Rank 13 Group  0 Pid   5388 on x3006c0s7b0n0 device  1 [0x46] NVIDIA A100-SXM4-40GB
#  Rank 14 Group  0 Pid   5389 on x3006c0s7b0n0 device  2 [0x85] NVIDIA A100-SXM4-40GB
#  Rank 15 Group  0 Pid   5390 on x3006c0s7b0n0 device  3 [0xc7] NVIDIA A100-SXM4-40GB
#  Rank 16 Group  0 Pid  20775 on x3006c0s7b1n0 device  0 [0x07] NVIDIA A100-SXM4-40GB
#  Rank 17 Group  0 Pid  20777 on x3006c0s7b1n0 device  1 [0x46] NVIDIA A100-SXM4-40GB
#  Rank 18 Group  0 Pid  20779 on x3006c0s7b1n0 device  2 [0x85] NVIDIA A100-SXM4-40GB
#  Rank 19 Group  0 Pid  20780 on x3006c0s7b1n0 device  3 [0xc7] NVIDIA A100-SXM4-40GB
#  Rank 20 Group  0 Pid  15065 on x3007c0s13b0n0 device  0 [0x07] NVIDIA A100-SXM4-40GB
#  Rank 21 Group  0 Pid  15066 on x3007c0s13b0n0 device  1 [0x46] NVIDIA A100-SXM4-40GB
#  Rank 22 Group  0 Pid  15068 on x3007c0s13b0n0 device  2 [0x85] NVIDIA A100-SXM4-40GB
#  Rank 23 Group  0 Pid  15069 on x3007c0s13b0n0 device  3 [0xc7] NVIDIA A100-SXM4-40GB
#  Rank 24 Group  0 Pid  12556 on x3007c0s13b1n0 device  0 [0x07] NVIDIA A100-SXM4-40GB
#  Rank 25 Group  0 Pid  12558 on x3007c0s13b1n0 device  1 [0x46] NVIDIA A100-SXM4-40GB
#  Rank 26 Group  0 Pid  12559 on x3007c0s13b1n0 device  2 [0x85] NVIDIA A100-SXM4-40GB
#  Rank 27 Group  0 Pid  12561 on x3007c0s13b1n0 device  3 [0xc7] NVIDIA A100-SXM4-40GB
#  Rank 28 Group  0 Pid  52482 on x3007c0s19b0n0 device  0 [0x07] NVIDIA A100-SXM4-40GB
#  Rank 29 Group  0 Pid  52483 on x3007c0s19b0n0 device  1 [0x46] NVIDIA A100-SXM4-40GB
#  Rank 30 Group  0 Pid  52485 on x3007c0s19b0n0 device  2 [0x85] NVIDIA A100-SXM4-40GB
#  Rank 31 Group  0 Pid  52486 on x3007c0s19b0n0 device  3 [0xc7] NVIDIA A100-SXM4-40GB
#  Rank 32 Group  0 Pid  54060 on x3007c0s19b1n0 device  0 [0x07] NVIDIA A100-SXM4-40GB
#  Rank 33 Group  0 Pid  54062 on x3007c0s19b1n0 device  1 [0x46] NVIDIA A100-SXM4-40GB
#  Rank 34 Group  0 Pid  54064 on x3007c0s19b1n0 device  2 [0x85] NVIDIA A100-SXM4-40GB
#  Rank 35 Group  0 Pid  54065 on x3007c0s19b1n0 device  3 [0xc7] NVIDIA A100-SXM4-40GB
#  Rank 36 Group  0 Pid  49945 on x3007c0s1b0n0 device  0 [0x07] NVIDIA A100-SXM4-40GB
#  Rank 37 Group  0 Pid  49947 on x3007c0s1b0n0 device  1 [0x46] NVIDIA A100-SXM4-40GB
#  Rank 38 Group  0 Pid  49948 on x3007c0s1b0n0 device  2 [0x85] NVIDIA A100-SXM4-40GB
#  Rank 39 Group  0 Pid  49949 on x3007c0s1b0n0 device  3 [0xc7] NVIDIA A100-SXM4-40GB
#  Rank 40 Group  0 Pid  45311 on x3007c0s1b1n0 device  0 [0x07] NVIDIA A100-SXM4-40GB
#  Rank 41 Group  0 Pid  45312 on x3007c0s1b1n0 device  1 [0x46] NVIDIA A100-SXM4-40GB
#  Rank 42 Group  0 Pid  45314 on x3007c0s1b1n0 device  2 [0x85] NVIDIA A100-SXM4-40GB
#  Rank 43 Group  0 Pid  45315 on x3007c0s1b1n0 device  3 [0xc7] NVIDIA A100-SXM4-40GB
#  Rank 44 Group  0 Pid  51084 on x3007c0s25b0n0 device  0 [0x07] NVIDIA A100-SXM4-40GB
#  Rank 45 Group  0 Pid  51085 on x3007c0s25b0n0 device  1 [0x46] NVIDIA A100-SXM4-40GB
#  Rank 46 Group  0 Pid  51086 on x3007c0s25b0n0 device  2 [0x85] NVIDIA A100-SXM4-40GB
#  Rank 47 Group  0 Pid  51087 on x3007c0s25b0n0 device  3 [0xc7] NVIDIA A100-SXM4-40GB
#  Rank 48 Group  0 Pid  38420 on x3007c0s25b1n0 device  0 [0x07] NVIDIA A100-SXM4-40GB
#  Rank 49 Group  0 Pid  38421 on x3007c0s25b1n0 device  1 [0x46] NVIDIA A100-SXM4-40GB
#  Rank 50 Group  0 Pid  38422 on x3007c0s25b1n0 device  2 [0x85] NVIDIA A100-SXM4-40GB
#  Rank 51 Group  0 Pid  38423 on x3007c0s25b1n0 device  3 [0xc7] NVIDIA A100-SXM4-40GB
#  Rank 52 Group  0 Pid  39715 on x3007c0s31b0n0 device  0 [0x07] NVIDIA A100-SXM4-40GB
#  Rank 53 Group  0 Pid  39716 on x3007c0s31b0n0 device  1 [0x46] NVIDIA A100-SXM4-40GB
#  Rank 54 Group  0 Pid  39717 on x3007c0s31b0n0 device  2 [0x85] NVIDIA A100-SXM4-40GB
#  Rank 55 Group  0 Pid  39718 on x3007c0s31b0n0 device  3 [0xc7] NVIDIA A100-SXM4-40GB
#  Rank 56 Group  0 Pid  42176 on x3007c0s31b1n0 device  0 [0x07] NVIDIA A100-SXM4-40GB
#  Rank 57 Group  0 Pid  42177 on x3007c0s31b1n0 device  1 [0x46] NVIDIA A100-SXM4-40GB
#  Rank 58 Group  0 Pid  42178 on x3007c0s31b1n0 device  2 [0x85] NVIDIA A100-SXM4-40GB
#  Rank 59 Group  0 Pid  42179 on x3007c0s31b1n0 device  3 [0xc7] NVIDIA A100-SXM4-40GB
#  Rank 60 Group  0 Pid  39666 on x3007c0s37b0n0 device  0 [0x07] NVIDIA A100-SXM4-40GB
#  Rank 61 Group  0 Pid  39667 on x3007c0s37b0n0 device  1 [0x46] NVIDIA A100-SXM4-40GB
#  Rank 62 Group  0 Pid  39668 on x3007c0s37b0n0 device  2 [0x85] NVIDIA A100-SXM4-40GB
#  Rank 63 Group  0 Pid  39669 on x3007c0s37b0n0 device  3 [0xc7] NVIDIA A100-SXM4-40GB
x3006c0s31b1n0:20192:20192 [0] NCCL INFO Bootstrap : Using bond0:10.140.57.111<0>
x3006c0s31b1n0:20192:20192 [0] NCCL INFO NET/Plugin : Plugin load returned 17 : libnccl-net.so: cannot open shared object file: No such file or directory.
x3006c0s31b1n0:20192:20192 [0] NCCL INFO NET/IB : Using [0]mlx5_0:1/RoCE [1]mlx5_1:1/RoCE [RO]; OOB bond0:10.140.57.111<0>
x3006c0s31b1n0:20192:20192 [0] NCCL INFO Using network IB
NCCL version 2.12.12.MSCCL.0.7.4+cuda11.4
x3006c0s31b1n0:20195:20195 [3] NCCL INFO Bootstrap : Using bond0:10.140.57.111<0>
x3006c0s31b1n0:20195:20195 [3] NCCL INFO NET/Plugin : No plugin found (libnccl-net.so), using internal implementation
x3006c0s31b1n0:20193:20193 [1] NCCL INFO Bootstrap : Using bond0:10.140.57.111<0>
x3006c0s31b1n0:20193:20193 [1] NCCL INFO NET/Plugin : No plugin found (libnccl-net.so), using internal implementation
x3006c0s31b1n0:20194:20194 [2] NCCL INFO Bootstrap : Using bond0:10.140.57.111<0>
x3006c0s31b1n0:20194:20194 [2] NCCL INFO NET/Plugin : No plugin found (libnccl-net.so), using internal implementation
x3006c0s31b1n0:20195:20195 [3] NCCL INFO NET/IB : Using [0]mlx5_0:1/RoCE [1]mlx5_1:1/RoCE [RO]; OOB bond0:10.140.57.111<0>
x3006c0s31b1n0:20195:20195 [3] NCCL INFO Using network IB
x3006c0s31b1n0:20193:20193 [1] NCCL INFO NET/IB : Using [0]mlx5_0:1/RoCE [1]mlx5_1:1/RoCE [RO]; OOB bond0:10.140.57.111<0>
x3006c0s31b1n0:20193:20193 [1] NCCL INFO Using network IB
x3006c0s31b1n0:20194:20194 [2] NCCL INFO NET/IB : Using [0]mlx5_0:1/RoCE [1]mlx5_1:1/RoCE [RO]; OOB bond0:10.140.57.111<0>
x3006c0s31b1n0:20194:20194 [2] NCCL INFO Using network IB
x3007c0s31b1n0:42177:42177 [1] NCCL INFO Bootstrap : Using bond0:10.140.57.134<0>
x3007c0s31b1n0:42178:42178 [2] NCCL INFO Bootstrap : Using bond0:10.140.57.134<0>
x3007c0s31b1n0:42177:42177 [1] NCCL INFO NET/Plugin : No plugin found (libnccl-net.so), using internal implementation
x3007c0s31b1n0:42178:42178 [2] NCCL INFO NET/Plugin : No plugin found (libnccl-net.so), using internal implementation
x3007c0s31b1n0:42179:42179 [3] NCCL INFO Bootstrap : Using bond0:10.140.57.134<0>
x3007c0s31b1n0:42179:42179 [3] NCCL INFO NET/Plugin : No plugin found (libnccl-net.so), using internal implementation
x3007c0s31b1n0:42176:42176 [0] NCCL INFO Bootstrap : Using bond0:10.140.57.134<0>
x3007c0s31b1n0:42176:42176 [0] NCCL INFO NET/Plugin : No plugin found (libnccl-net.so), using internal implementation
x3007c0s31b1n0:42179:42179 [3] NCCL INFO NET/IB : Using [0]mlx5_0:1/RoCE [1]mlx5_1:1/RoCE [RO]; OOB bond0:10.140.57.134<0>
x3007c0s31b1n0:42179:42179 [3] NCCL INFO Using network IB
x3007c0s31b1n0:42176:42176 [0] NCCL INFO NET/IB : Using [0]mlx5_0:1/RoCE [1]mlx5_1:1/RoCE [RO]; OOB bond0:10.140.57.134<0>
x3007c0s31b1n0:42176:42176 [0] NCCL INFO Using network IB
x3007c0s31b1n0:42177:42177 [1] NCCL INFO NET/IB : Using [0]mlx5_0:1/RoCE [1]mlx5_1:1/RoCE [RO]; OOB bond0:10.140.57.134<0>
x3007c0s31b1n0:42177:42177 [1] NCCL INFO Using network IB
x3007c0s31b1n0:42178:42178 [2] NCCL INFO NET/IB : Using [0]mlx5_0:1/RoCE [1]mlx5_1:1/RoCE [RO]; OOB bond0:10.140.57.134<0>
x3007c0s31b1n0:42178:42178 [2] NCCL INFO Using network IB
x3006c0s7b1n0:20777:20777 [1] NCCL INFO Bootstrap : Using bond0:10.140.57.97<0>
x3006c0s7b1n0:20779:20779 [2] NCCL INFO Bootstrap : Using bond0:10.140.57.97<0>
x3006c0s7b1n0:20780:20780 [3] NCCL INFO Bootstrap : Using bond0:10.140.57.97<0>
x3006c0s7b1n0:20775:20775 [0] NCCL INFO Bootstrap : Using bond0:10.140.57.97<0>
x3006c0s7b1n0:20775:20775 [0] NCCL INFO NET/Plugin : No plugin found (libnccl-net.so), using internal implementation
x3006c0s7b1n0:20777:20777 [1] NCCL INFO NET/Plugin : No plugin found (libnccl-net.so), using internal implementation
x3006c0s7b1n0:20780:20780 [3] NCCL INFO NET/Plugin : No plugin found (libnccl-net.so), using internal implementation
x3006c0s7b1n0:20779:20779 [2] NCCL INFO NET/Plugin : No plugin found (libnccl-net.so), using internal implementation
x3007c0s1b1n0:45312:45312 [1] NCCL INFO Bootstrap : Using bond0:10.140.57.120<0>
x3007c0s1b1n0:45312:45312 [1] NCCL INFO NET/Plugin : No plugin found (libnccl-net.so), using internal implementation
x3007c0s25b1n0:38423:38423 [3] NCCL INFO Bootstrap : Using bond0:10.140.57.133<0>
x3007c0s25b1n0:38421:38421 [1] NCCL INFO Bootstrap : Using bond0:10.140.57.133<0>
x3007c0s25b1n0:38422:38422 [2] NCCL INFO Bootstrap : Using bond0:10.140.57.133<0>
x3007c0s25b1n0:38421:38421 [1] NCCL INFO NET/Plugin : No plugin found (libnccl-net.so), using internal implementation
x3007c0s25b1n0:38422:38422 [2] NCCL INFO NET/Plugin : No plugin found (libnccl-net.so), using internal implementation
x3007c0s25b1n0:38423:38423 [3] NCCL INFO NET/Plugin : No plugin found (libnccl-net.so), using internal implementation
x3007c0s1b1n0:45315:45315 [3] NCCL INFO Bootstrap : Using bond0:10.140.57.120<0>
x3007c0s1b1n0:45315:45315 [3] NCCL INFO NET/Plugin : No plugin found (libnccl-net.so), using internal implementation
x3007c0s1b1n0:45314:45314 [2] NCCL INFO Bootstrap : Using bond0:10.140.57.120<0>
x3007c0s1b1n0:45314:45314 [2] NCCL INFO NET/Plugin : No plugin found (libnccl-net.so), using internal implementation
x3007c0s25b1n0:38420:38420 [0] NCCL INFO Bootstrap : Using bond0:10.140.57.133<0>
x3007c0s25b1n0:38420:38420 [0] NCCL INFO NET/Plugin : No plugin found (libnccl-net.so), using internal implementation
x3006c0s7b0n0:5388:5388 [1] NCCL INFO Bootstrap : Using bond0:10.140.57.99<0>
x3006c0s7b0n0:5388:5388 [1] NCCL INFO NET/Plugin : No plugin found (libnccl-net.so), using internal implementation
x3007c0s1b1n0:45311:45311 [0] NCCL INFO Bootstrap : Using bond0:10.140.57.120<0>
x3007c0s1b1n0:45311:45311 [0] NCCL INFO NET/Plugin : No plugin found (libnccl-net.so), using internal implementation
x3006c0s7b0n0:5389:5389 [2] NCCL INFO Bootstrap : Using bond0:10.140.57.99<0>
x3007c0s1b1n0:45312:45312 [1] NCCL INFO NET/IB : Using [0]mlx5_0:1/RoCE [1]mlx5_1:1/RoCE [RO]; OOB bond0:10.140.57.120<0>
x3007c0s1b1n0:45312:45312 [1] NCCL INFO Using network IB
x3006c0s7b0n0:5389:5389 [2] NCCL INFO NET/Plugin : No plugin found (libnccl-net.so), using internal implementation
x3007c0s1b1n0:45315:45315 [3] NCCL INFO NET/IB : Using [0]mlx5_0:1/RoCE [1]mlx5_1:1/RoCE [RO]; OOB bond0:10.140.57.120<0>
x3007c0s1b1n0:45315:45315 [3] NCCL INFO Using network IB
x3006c0s7b0n0:5390:5390 [3] NCCL INFO Bootstrap : Using bond0:10.140.57.99<0>
x3006c0s7b0n0:5390:5390 [3] NCCL INFO NET/Plugin : No plugin found (libnccl-net.so), using internal implementation
x3006c0s7b1n0:20775:20775 [0] NCCL INFO NET/IB : Using [0]mlx5_0:1/RoCE [1]mlx5_1:1/RoCE [RO]; OOB bond0:10.140.57.97<0>
x3006c0s7b1n0:20775:20775 [0] NCCL INFO Using network IB
x3007c0s1b1n0:45314:45314 [2] NCCL INFO NET/IB : Using [0]mlx5_0:1/RoCE [1]mlx5_1:1/RoCE [RO]; OOB bond0:10.140.57.120<0>
x3007c0s1b1n0:45314:45314 [2] NCCL INFO Using network IB
x3006c0s7b1n0:20777:20777 [1] NCCL INFO NET/IB : Using [0]mlx5_0:1/RoCE [1]mlx5_1:1/RoCE [RO]; OOB bond0:10.140.57.97<0>
x3006c0s7b1n0:20777:20777 [1] NCCL INFO Using network IB
x3006c0s7b0n0:5386:5386 [0] NCCL INFO Bootstrap : Using bond0:10.140.57.99<0>
x3006c0s7b1n0:20780:20780 [3] NCCL INFO NET/IB : Using [0]mlx5_0:1/RoCE [1]mlx5_1:1/RoCE [RO]; OOB bond0:10.140.57.97<0>
x3006c0s7b1n0:20780:20780 [3] NCCL INFO Using network IB
x3006c0s7b0n0:5386:5386 [0] NCCL INFO NET/Plugin : No plugin found (libnccl-net.so), using internal implementation
x3006c0s7b1n0:20779:20779 [2] NCCL INFO NET/IB : Using [0]mlx5_0:1/RoCE [1]mlx5_1:1/RoCE [RO]; OOB bond0:10.140.57.97<0>
x3006c0s7b1n0:20779:20779 [2] NCCL INFO Using network IB
x3007c0s1b1n0:45311:45311 [0] NCCL INFO NET/IB : Using [0]mlx5_0:1/RoCE [1]mlx5_1:1/RoCE [RO]; OOB bond0:10.140.57.120<0>
x3007c0s1b1n0:45311:45311 [0] NCCL INFO Using network IB
x3007c0s25b1n0:38421:38421 [1] NCCL INFO NET/IB : Using [0]mlx5_0:1/RoCE [1]mlx5_1:1/RoCE [RO]; OOB bond0:10.140.57.133<0>
x3007c0s25b1n0:38421:38421 [1] NCCL INFO Using network IB
x3007c0s25b1n0:38422:38422 [2] NCCL INFO NET/IB : Using [0]mlx5_0:1/RoCE [1]mlx5_1:1/RoCE [RO]; OOB bond0:10.140.57.133<0>
x3007c0s25b1n0:38422:38422 [2] NCCL INFO Using network IB
x3007c0s25b1n0:38420:38420 [0] NCCL INFO NET/IB : Using [0]mlx5_0:1/RoCE [1]mlx5_1:1/RoCE [RO]; OOB bond0:10.140.57.133<0>
x3007c0s25b1n0:38420:38420 [0] NCCL INFO Using network IB
x3007c0s25b1n0:38423:38423 [3] NCCL INFO NET/IB : Using [0]mlx5_0:1/RoCE [1]mlx5_1:1/RoCE [RO]; OOB bond0:10.140.57.133<0>
x3007c0s25b1n0:38423:38423 [3] NCCL INFO Using network IB
x3007c0s37b0n0:39667:39667 [1] NCCL INFO Bootstrap : Using bond0:10.140.57.130<0>
x3007c0s37b0n0:39667:39667 [1] NCCL INFO NET/Plugin : No plugin found (libnccl-net.so), using internal implementation
x3007c0s37b0n0:39668:39668 [2] NCCL INFO Bootstrap : Using bond0:10.140.57.130<0>
x3007c0s37b0n0:39668:39668 [2] NCCL INFO NET/Plugin : No plugin found (libnccl-net.so), using internal implementation
x3006c0s7b0n0:5388:5388 [1] NCCL INFO NET/IB : Using [0]mlx5_0:1/RoCE [1]mlx5_1:1/RoCE [RO]; OOB bond0:10.140.57.99<0>
x3006c0s7b0n0:5388:5388 [1] NCCL INFO Using network IB
x3006c0s7b0n0:5389:5389 [2] NCCL INFO NET/IB : Using [0]mlx5_0:1/RoCE [1]mlx5_1:1/RoCE [RO]; OOB bond0:10.140.57.99<0>
x3006c0s7b0n0:5389:5389 [2] NCCL INFO Using network IB
x3006c0s7b0n0:5390:5390 [3] NCCL INFO NET/IB : Using [0]mlx5_0:1/RoCE [1]mlx5_1:1/RoCE [RO]; OOB bond0:10.140.57.99<0>
x3006c0s7b0n0:5390:5390 [3] NCCL INFO Using network IB
x3006c0s7b0n0:5386:5386 [0] NCCL INFO NET/IB : Using [0]mlx5_0:1/RoCE [1]mlx5_1:1/RoCE [RO]; OOB bond0:10.140.57.99<0>
x3006c0s7b0n0:5386:5386 [0] NCCL INFO Using network IB
x3007c0s37b0n0:39666:39666 [0] NCCL INFO Bootstrap : Using bond0:10.140.57.130<0>
x3007c0s37b0n0:39669:39669 [3] NCCL INFO Bootstrap : Using bond0:10.140.57.130<0>
x3007c0s37b0n0:39666:39666 [0] NCCL INFO NET/Plugin : No plugin found (libnccl-net.so), using internal implementation
x3007c0s37b0n0:39669:39669 [3] NCCL INFO NET/Plugin : No plugin found (libnccl-net.so), using internal implementation
x3007c0s31b0n0:39718:39718 [3] NCCL INFO Bootstrap : Using bond0:10.140.57.132<0>
x3007c0s31b0n0:39717:39717 [2] NCCL INFO Bootstrap : Using bond0:10.140.57.132<0>
x3007c0s31b0n0:39717:39717 [2] NCCL INFO NET/Plugin : No plugin found (libnccl-net.so), using internal implementation
x3007c0s31b0n0:39718:39718 [3] NCCL INFO NET/Plugin : No plugin found (libnccl-net.so), using internal implementation
x3007c0s31b0n0:39715:39715 [0] NCCL INFO Bootstrap : Using bond0:10.140.57.132<0>
x3007c0s31b0n0:39716:39716 [1] NCCL INFO Bootstrap : Using bond0:10.140.57.132<0>
x3007c0s31b0n0:39716:39716 [1] NCCL INFO NET/Plugin : No plugin found (libnccl-net.so), using internal implementation
x3007c0s31b0n0:39715:39715 [0] NCCL INFO NET/Plugin : No plugin found (libnccl-net.so), using internal implementation
x3007c0s37b0n0:39667:39667 [1] NCCL INFO NET/IB : Using [0]mlx5_0:1/RoCE [1]mlx5_1:1/RoCE [RO]; OOB bond0:10.140.57.130<0>
x3007c0s37b0n0:39667:39667 [1] NCCL INFO Using network IB
x3007c0s37b0n0:39668:39668 [2] NCCL INFO NET/IB : Using [0]mlx5_0:1/RoCE [1]mlx5_1:1/RoCE [RO]; OOB bond0:10.140.57.130<0>
x3007c0s37b0n0:39668:39668 [2] NCCL INFO Using network IB
x3007c0s37b0n0:39669:39669 [3] NCCL INFO NET/IB : Using [0]mlx5_0:1/RoCE [1]mlx5_1:1/RoCE [RO]; OOB bond0:10.140.57.130<0>
x3007c0s37b0n0:39669:39669 [3] NCCL INFO Using network IB
x3007c0s37b0n0:39666:39666 [0] NCCL INFO NET/IB : Using [0]mlx5_0:1/RoCE [1]mlx5_1:1/RoCE [RO]; OOB bond0:10.140.57.130<0>
x3007c0s37b0n0:39666:39666 [0] NCCL INFO Using network IB
x3006c0s37b0n0:37392:37392 [3] NCCL INFO Bootstrap : Using bond0:10.140.57.113<0>
x3006c0s37b0n0:37392:37392 [3] NCCL INFO NET/Plugin : No plugin found (libnccl-net.so), using internal implementation
x3007c0s13b0n0:15068:15068 [2] NCCL INFO Bootstrap : Using bond0:10.140.57.129<0>
x3007c0s13b0n0:15068:15068 [2] NCCL INFO NET/Plugin : No plugin found (libnccl-net.so), using internal implementation
x3007c0s13b0n0:15066:15066 [1] NCCL INFO Bootstrap : Using bond0:10.140.57.129<0>
x3006c0s37b0n0:37390:37390 [1] NCCL INFO Bootstrap : Using bond0:10.140.57.113<0>
x3007c0s13b0n0:15066:15066 [1] NCCL INFO NET/Plugin : No plugin found (libnccl-net.so), using internal implementation
x3006c0s37b0n0:37390:37390 [1] NCCL INFO NET/Plugin : No plugin found (libnccl-net.so), using internal implementation
x3007c0s31b0n0:39715:39715 [0] NCCL INFO NET/IB : Using [0]mlx5_0:1/RoCE [1]mlx5_1:1/RoCE [RO]; OOB bond0:10.140.57.132<0>
x3007c0s31b0n0:39715:39715 [0] NCCL INFO Using network IB
x3007c0s31b0n0:39717:39717 [2] NCCL INFO NET/IB : Using [0]mlx5_0:1/RoCE [1]mlx5_1:1/RoCE [RO]; OOB bond0:10.140.57.132<0>
x3007c0s31b0n0:39717:39717 [2] NCCL INFO Using network IB
x3007c0s31b0n0:39716:39716 [1] NCCL INFO NET/IB : Using [0]mlx5_0:1/RoCE [1]mlx5_1:1/RoCE [RO]; OOB bond0:10.140.57.132<0>
x3007c0s31b0n0:39716:39716 [1] NCCL INFO Using network IB
x3007c0s19b0n0:52485:52485 [2] NCCL INFO Bootstrap : Using bond0:10.140.57.124<0>
x3007c0s31b0n0:39718:39718 [3] NCCL INFO NET/IB : Using [0]mlx5_0:1/RoCE [1]mlx5_1:1/RoCE [RO]; OOB bond0:10.140.57.132<0>
x3007c0s31b0n0:39718:39718 [3] NCCL INFO Using network IB
x3007c0s19b0n0:52486:52486 [3] NCCL INFO Bootstrap : Using bond0:10.140.57.124<0>
x3007c0s19b0n0:52485:52485 [2] NCCL INFO NET/Plugin : No plugin found (libnccl-net.so), using internal implementation
x3007c0s19b0n0:52486:52486 [3] NCCL INFO NET/Plugin : No plugin found (libnccl-net.so), using internal implementation
x3006c0s37b0n0:37391:37391 [2] NCCL INFO Bootstrap : Using bond0:10.140.57.113<0>
x3006c0s37b0n0:37391:37391 [2] NCCL INFO NET/Plugin : No plugin found (libnccl-net.so), using internal implementation
x3007c0s13b0n0:15069:15069 [3] NCCL INFO Bootstrap : Using bond0:10.140.57.129<0>
x3007c0s13b0n0:15065:15065 [0] NCCL INFO Bootstrap : Using bond0:10.140.57.129<0>
x3007c0s13b0n0:15065:15065 [0] NCCL INFO NET/Plugin : No plugin found (libnccl-net.so), using internal implementation
x3007c0s13b0n0:15069:15069 [3] NCCL INFO NET/Plugin : No plugin found (libnccl-net.so), using internal implementation
x3006c0s37b0n0:37388:37388 [0] NCCL INFO Bootstrap : Using bond0:10.140.57.113<0>
x3006c0s37b0n0:37388:37388 [0] NCCL INFO NET/Plugin : No plugin found (libnccl-net.so), using internal implementation
x3007c0s19b0n0:52483:52483 [1] NCCL INFO Bootstrap : Using bond0:10.140.57.124<0>
x3007c0s19b0n0:52483:52483 [1] NCCL INFO NET/Plugin : No plugin found (libnccl-net.so), using internal implementation
x3006c0s37b0n0:37390:37390 [1] NCCL INFO NET/IB : Using [0]mlx5_0:1/RoCE [1]mlx5_1:1/RoCE [RO]; OOB bond0:10.140.57.113<0>
x3006c0s37b0n0:37390:37390 [1] NCCL INFO Using network IB
x3007c0s19b0n0:52482:52482 [0] NCCL INFO Bootstrap : Using bond0:10.140.57.124<0>
x3006c0s37b0n0:37392:37392 [3] NCCL INFO NET/IB : Using [0]mlx5_0:1/RoCE [1]mlx5_1:1/RoCE [RO]; OOB bond0:10.140.57.113<0>
x3006c0s37b0n0:37392:37392 [3] NCCL INFO Using network IB
x3007c0s19b0n0:52482:52482 [0] NCCL INFO NET/Plugin : No plugin found (libnccl-net.so), using internal implementation
x3007c0s13b0n0:15068:15068 [2] NCCL INFO NET/IB : Using [0]mlx5_0:1/RoCE [1]mlx5_1:1/RoCE [RO]; OOB bond0:10.140.57.129<0>
x3007c0s13b0n0:15068:15068 [2] NCCL INFO Using network IB
x3007c0s13b0n0:15066:15066 [1] NCCL INFO NET/IB : Using [0]mlx5_0:1/RoCE [1]mlx5_1:1/RoCE [RO]; OOB bond0:10.140.57.129<0>
x3007c0s13b0n0:15066:15066 [1] NCCL INFO Using network IB
x3006c0s37b0n0:37391:37391 [2] NCCL INFO NET/IB : Using [0]mlx5_0:1/RoCE [1]mlx5_1:1/RoCE [RO]; OOB bond0:10.140.57.113<0>
x3006c0s37b0n0:37391:37391 [2] NCCL INFO Using network IB
x3007c0s13b0n0:15069:15069 [3] NCCL INFO NET/IB : Using [0]mlx5_0:1/RoCE [1]mlx5_1:1/RoCE [RO]; OOB bond0:10.140.57.129<0>
x3007c0s13b0n0:15069:15069 [3] NCCL INFO Using network IB
x3007c0s13b0n0:15065:15065 [0] NCCL INFO NET/IB : Using [0]mlx5_0:1/RoCE [1]mlx5_1:1/RoCE [RO]; OOB bond0:10.140.57.129<0>
x3007c0s13b0n0:15065:15065 [0] NCCL INFO Using network IB
x3006c0s37b0n0:37388:37388 [0] NCCL INFO NET/IB : Using [0]mlx5_0:1/RoCE [1]mlx5_1:1/RoCE [RO]; OOB bond0:10.140.57.113<0>
x3006c0s37b0n0:37388:37388 [0] NCCL INFO Using network IB
x3007c0s19b0n0:52482:52482 [0] NCCL INFO NET/IB : Using [0]mlx5_0:1/RoCE [1]mlx5_1:1/RoCE [RO]; OOB bond0:10.140.57.124<0>
x3007c0s19b0n0:52482:52482 [0] NCCL INFO Using network IB
x3007c0s19b0n0:52483:52483 [1] NCCL INFO NET/IB : Using [0]mlx5_0:1/RoCE [1]mlx5_1:1/RoCE [RO]; OOB bond0:10.140.57.124<0>
x3007c0s19b0n0:52483:52483 [1] NCCL INFO Using network IB
x3007c0s19b0n0:52486:52486 [3] NCCL INFO NET/IB : Using [0]mlx5_0:1/RoCE [1]mlx5_1:1/RoCE [RO]; OOB bond0:10.140.57.124<0>
x3007c0s19b0n0:52486:52486 [3] NCCL INFO Using network IB
x3007c0s19b0n0:52485:52485 [2] NCCL INFO NET/IB : Using [0]mlx5_0:1/RoCE [1]mlx5_1:1/RoCE [RO]; OOB bond0:10.140.57.124<0>
x3007c0s19b0n0:52485:52485 [2] NCCL INFO Using network IB
x3007c0s1b0n0:49948:49948 [2] NCCL INFO Bootstrap : Using bond0:10.140.57.119<0>
x3007c0s1b0n0:49947:49947 [1] NCCL INFO Bootstrap : Using bond0:10.140.57.119<0>
x3007c0s1b0n0:49947:49947 [1] NCCL INFO NET/Plugin : No plugin found (libnccl-net.so), using internal implementation
x3007c0s1b0n0:49948:49948 [2] NCCL INFO NET/Plugin : No plugin found (libnccl-net.so), using internal implementation
x3007c0s1b0n0:49949:49949 [3] NCCL INFO Bootstrap : Using bond0:10.140.57.119<0>
x3007c0s1b0n0:49949:49949 [3] NCCL INFO NET/Plugin : No plugin found (libnccl-net.so), using internal implementation
x3007c0s1b0n0:49945:49945 [0] NCCL INFO Bootstrap : Using bond0:10.140.57.119<0>
x3007c0s1b0n0:49945:49945 [0] NCCL INFO NET/Plugin : No plugin found (libnccl-net.so), using internal implementation
x3007c0s1b0n0:49947:49947 [1] NCCL INFO NET/IB : Using [0]mlx5_0:1/RoCE [1]mlx5_1:1/RoCE [RO]; OOB bond0:10.140.57.119<0>
x3007c0s1b0n0:49947:49947 [1] NCCL INFO Using network IB
x3007c0s1b0n0:49949:49949 [3] NCCL INFO NET/IB : Using [0]mlx5_0:1/RoCE [1]mlx5_1:1/RoCE [RO]; OOB bond0:10.140.57.119<0>
x3007c0s1b0n0:49949:49949 [3] NCCL INFO Using network IB
x3007c0s1b0n0:49945:49945 [0] NCCL INFO NET/IB : Using [0]mlx5_0:1/RoCE [1]mlx5_1:1/RoCE [RO]; OOB bond0:10.140.57.119<0>
x3007c0s1b0n0:49945:49945 [0] NCCL INFO Using network IB
x3007c0s1b0n0:49948:49948 [2] NCCL INFO NET/IB : Using [0]mlx5_0:1/RoCE [1]mlx5_1:1/RoCE [RO]; OOB bond0:10.140.57.119<0>
x3007c0s1b0n0:49948:49948 [2] NCCL INFO Using network IB
x3007c0s13b1n0:12559:12559 [2] NCCL INFO Bootstrap : Using bond0:10.140.57.125<0>
x3007c0s13b1n0:12559:12559 [2] NCCL INFO NET/Plugin : No plugin found (libnccl-net.so), using internal implementation
x3006c0s37b1n0:54032:54032 [1] NCCL INFO Bootstrap : Using bond0:10.140.57.110<0>
x3006c0s37b1n0:54032:54032 [1] NCCL INFO NET/Plugin : No plugin found (libnccl-net.so), using internal implementation
x3006c0s37b1n0:54033:54033 [2] NCCL INFO Bootstrap : Using bond0:10.140.57.110<0>
x3006c0s37b1n0:54033:54033 [2] NCCL INFO NET/Plugin : No plugin found (libnccl-net.so), using internal implementation
x3007c0s13b1n0:12558:12558 [1] NCCL INFO Bootstrap : Using bond0:10.140.57.125<0>
x3006c0s37b1n0:54034:54034 [3] NCCL INFO Bootstrap : Using bond0:10.140.57.110<0>
x3007c0s13b1n0:12561:12561 [3] NCCL INFO Bootstrap : Using bond0:10.140.57.125<0>
x3006c0s37b1n0:54030:54030 [0] NCCL INFO Bootstrap : Using bond0:10.140.57.110<0>
x3007c0s13b1n0:12558:12558 [1] NCCL INFO NET/Plugin : No plugin found (libnccl-net.so), using internal implementation
x3006c0s37b1n0:54030:54030 [0] NCCL INFO NET/Plugin : No plugin found (libnccl-net.so), using internal implementation
x3007c0s13b1n0:12561:12561 [3] NCCL INFO NET/Plugin : No plugin found (libnccl-net.so), using internal implementation
x3006c0s37b1n0:54034:54034 [3] NCCL INFO NET/Plugin : No plugin found (libnccl-net.so), using internal implementation
x3007c0s13b1n0:12559:12559 [2] NCCL INFO NET/IB : Using [0]mlx5_0:1/RoCE [1]mlx5_1:1/RoCE [RO]; OOB bond0:10.140.57.125<0>
x3007c0s13b1n0:12559:12559 [2] NCCL INFO Using network IB
x3006c0s37b1n0:54032:54032 [1] NCCL INFO NET/IB : Using [0]mlx5_0:1/RoCE [1]mlx5_1:1/RoCE [RO]; OOB bond0:10.140.57.110<0>
x3006c0s37b1n0:54032:54032 [1] NCCL INFO Using network IB
x3007c0s13b1n0:12556:12556 [0] NCCL INFO Bootstrap : Using bond0:10.140.57.125<0>
x3007c0s13b1n0:12556:12556 [0] NCCL INFO NET/Plugin : No plugin found (libnccl-net.so), using internal implementation
x3006c0s37b1n0:54033:54033 [2] NCCL INFO NET/IB : Using [0]mlx5_0:1/RoCE [1]mlx5_1:1/RoCE [RO]; OOB bond0:10.140.57.110<0>
x3006c0s37b1n0:54033:54033 [2] NCCL INFO Using network IB
x3006c0s37b1n0:54030:54030 [0] NCCL INFO NET/IB : Using [0]mlx5_0:1/RoCE [1]mlx5_1:1/RoCE [RO]; OOB bond0:10.140.57.110<0>
x3006c0s37b1n0:54030:54030 [0] NCCL INFO Using network IB
x3006c0s37b1n0:54034:54034 [3] NCCL INFO NET/IB : Using [0]mlx5_0:1/RoCE [1]mlx5_1:1/RoCE [RO]; OOB bond0:10.140.57.110<0>
x3006c0s37b1n0:54034:54034 [3] NCCL INFO Using network IB
x3007c0s13b1n0:12558:12558 [1] NCCL INFO NET/IB : Using [0]mlx5_0:1/RoCE [1]mlx5_1:1/RoCE [RO]; OOB bond0:10.140.57.125<0>
x3007c0s13b1n0:12558:12558 [1] NCCL INFO Using network IB
x3007c0s13b1n0:12561:12561 [3] NCCL INFO NET/IB : Using [0]mlx5_0:1/RoCE [1]mlx5_1:1/RoCE [RO]; OOB bond0:10.140.57.125<0>
x3007c0s13b1n0:12561:12561 [3] NCCL INFO Using network IB
x3007c0s13b1n0:12556:12556 [0] NCCL INFO NET/IB : Using [0]mlx5_0:1/RoCE [1]mlx5_1:1/RoCE [RO]; OOB bond0:10.140.57.125<0>
x3007c0s13b1n0:12556:12556 [0] NCCL INFO Using network IB
x3007c0s25b0n0:51086:51086 [2] NCCL INFO Bootstrap : Using bond0:10.140.57.122<0>
x3007c0s25b0n0:51086:51086 [2] NCCL INFO NET/Plugin : No plugin found (libnccl-net.so), using internal implementation
x3007c0s25b0n0:51085:51085 [1] NCCL INFO Bootstrap : Using bond0:10.140.57.122<0>
x3007c0s25b0n0:51085:51085 [1] NCCL INFO NET/Plugin : No plugin found (libnccl-net.so), using internal implementation
x3007c0s25b0n0:51087:51087 [3] NCCL INFO Bootstrap : Using bond0:10.140.57.122<0>
x3007c0s25b0n0:51087:51087 [3] NCCL INFO NET/Plugin : No plugin found (libnccl-net.so), using internal implementation
x3007c0s25b0n0:51084:51084 [0] NCCL INFO Bootstrap : Using bond0:10.140.57.122<0>
x3007c0s25b0n0:51084:51084 [0] NCCL INFO NET/Plugin : No plugin found (libnccl-net.so), using internal implementation
x3007c0s25b0n0:51085:51085 [1] NCCL INFO NET/IB : Using [0]mlx5_0:1/RoCE [1]mlx5_1:1/RoCE [RO]; OOB bond0:10.140.57.122<0>
x3007c0s25b0n0:51085:51085 [1] NCCL INFO Using network IB
x3007c0s25b0n0:51086:51086 [2] NCCL INFO NET/IB : Using [0]mlx5_0:1/RoCE [1]mlx5_1:1/RoCE [RO]; OOB bond0:10.140.57.122<0>
x3007c0s25b0n0:51086:51086 [2] NCCL INFO Using network IB
x3007c0s25b0n0:51087:51087 [3] NCCL INFO NET/IB : Using [0]mlx5_0:1/RoCE [1]mlx5_1:1/RoCE [RO]; OOB bond0:10.140.57.122<0>
x3007c0s25b0n0:51087:51087 [3] NCCL INFO Using network IB
x3007c0s25b0n0:51084:51084 [0] NCCL INFO NET/IB : Using [0]mlx5_0:1/RoCE [1]mlx5_1:1/RoCE [RO]; OOB bond0:10.140.57.122<0>
x3007c0s25b0n0:51084:51084 [0] NCCL INFO Using network IB
x3007c0s19b1n0:54060:54060 [0] NCCL INFO Bootstrap : Using bond0:10.140.57.128<0>
x3007c0s19b1n0:54064:54064 [2] NCCL INFO Bootstrap : Using bond0:10.140.57.128<0>
x3007c0s19b1n0:54060:54060 [0] NCCL INFO NET/Plugin : No plugin found (libnccl-net.so), using internal implementation
x3007c0s19b1n0:54064:54064 [2] NCCL INFO NET/Plugin : No plugin found (libnccl-net.so), using internal implementation
x3007c0s19b1n0:54062:54062 [1] NCCL INFO Bootstrap : Using bond0:10.140.57.128<0>
x3007c0s19b1n0:54062:54062 [1] NCCL INFO NET/Plugin : No plugin found (libnccl-net.so), using internal implementation
x3007c0s19b1n0:54065:54065 [3] NCCL INFO Bootstrap : Using bond0:10.140.57.128<0>
x3007c0s19b1n0:54065:54065 [3] NCCL INFO NET/Plugin : No plugin found (libnccl-net.so), using internal implementation
x3007c0s19b1n0:54060:54060 [0] NCCL INFO NET/IB : Using [0]mlx5_0:1/RoCE [1]mlx5_1:1/RoCE [RO]; OOB bond0:10.140.57.128<0>
x3007c0s19b1n0:54060:54060 [0] NCCL INFO Using network IB
x3007c0s19b1n0:54062:54062 [1] NCCL INFO NET/IB : Using [0]mlx5_0:1/RoCE [1]mlx5_1:1/RoCE [RO]; OOB bond0:10.140.57.128<0>
x3007c0s19b1n0:54062:54062 [1] NCCL INFO Using network IB
x3007c0s19b1n0:54064:54064 [2] NCCL INFO NET/IB : Using [0]mlx5_0:1/RoCE [1]mlx5_1:1/RoCE [RO]; OOB bond0:10.140.57.128<0>
x3007c0s19b1n0:54064:54064 [2] NCCL INFO Using network IB
x3007c0s19b1n0:54065:54065 [3] NCCL INFO NET/IB : Using [0]mlx5_0:1/RoCE [1]mlx5_1:1/RoCE [RO]; OOB bond0:10.140.57.128<0>
x3007c0s19b1n0:54065:54065 [3] NCCL INFO Using network IB
x3007c0s25b1n0:38423:38478 [3] NCCL INFO Setting affinity for GPU 3 to 08,00000008
x3006c0s31b1n0:20195:20225 [3] NCCL INFO Setting affinity for GPU 3 to 08,00000008
x3007c0s31b0n0:39718:39773 [3] NCCL INFO Setting affinity for GPU 3 to 08,00000008
x3006c0s7b1n0:20780:20829 [3] NCCL INFO Setting affinity for GPU 3 to 08,00000008
x3007c0s19b0n0:52486:52548 [3] NCCL INFO Setting affinity for GPU 3 to 08,00000008
x3007c0s1b0n0:49949:50024 [3] NCCL INFO Setting affinity for GPU 3 to 08,00000008
x3007c0s13b0n0:15069:15128 [3] NCCL INFO Setting affinity for GPU 3 to 08,00000008
x3007c0s1b1n0:45315:45362 [3] NCCL INFO Setting affinity for GPU 3 to 08,00000008
x3007c0s13b1n0:12561:12625 [3] NCCL INFO Setting affinity for GPU 3 to 08,00000008
x3007c0s31b1n0:42179:42232 [3] NCCL INFO Setting affinity for GPU 3 to 08,00000008
x3007c0s25b0n0:51087:51168 [3] NCCL INFO Setting affinity for GPU 3 to 08,00000008
x3006c0s7b0n0:5390:5443 [3] NCCL INFO Setting affinity for GPU 3 to 08,00000008
x3007c0s37b0n0:39669:39723 [3] NCCL INFO Setting affinity for GPU 3 to 08,00000008
x3007c0s19b1n0:54065:54171 [3] NCCL INFO Setting affinity for GPU 3 to 08,00000008
x3006c0s37b1n0:54034:54112 [3] NCCL INFO Setting affinity for GPU 3 to 08,00000008
x3006c0s37b0n0:37392:37447 [3] NCCL INFO Setting affinity for GPU 3 to 08,00000008
x3006c0s37b0n0:37392:37447 [3] NCCL INFO Trees [0] -1/-1/-1->7->6 [1] -1/-1/-1->7->6 [2] -1/-1/-1->7->6 [3] -1/-1/-1->7->6
x3006c0s37b1n0:54030:54111 [0] NCCL INFO Trees [0] 9/12/-1->8->17 [1] 9/12/-1->8->17 [2] 9/-1/-1->8->5 [3] 9/-1/-1->8->5
x3006c0s37b1n0:54032:54101 [1] NCCL INFO Trees [0] 10/4/-1->9->8 [1] 10/4/-1->9->8 [2] 10/-1/-1->9->8 [3] 10/-1/-1->9->8
x3006c0s37b1n0:54033:54108 [2] NCCL INFO Trees [0] 11/-1/-1->10->9 [1] 11/-1/-1->10->9 [2] 11/-1/-1->10->9 [3] 11/-1/-1->10->9
x3006c0s37b1n0:54034:54112 [3] NCCL INFO Trees [0] -1/-1/-1->11->10 [1] -1/-1/-1->11->10 [2] -1/-1/-1->11->10 [3] -1/-1/-1->11->10
x3007c0s13b0n0:15065:15129 [0] NCCL INFO Trees [0] 21/-1/-1->20->25 [1] 21/-1/-1->20->25 [2] 21/16/-1->20->13 [3] 21/16/-1->20->13
x3006c0s7b0n0:5386:5445 [0] NCCL INFO Trees [0] 13/-1/-1->12->8 [1] 13/-1/-1->12->8 [2] 13/4/-1->12->28 [3] 13/4/-1->12->28
x3007c0s13b0n0:15066:15125 [1] NCCL INFO Trees [0] 22/-1/-1->21->20 [1] 22/-1/-1->21->20 [2] 22/24/-1->21->20 [3] 22/24/-1->21->20
x3007c0s13b1n0:12556:12628 [0] NCCL INFO Trees [0] 25/28/-1->24->16 [1] 25/28/-1->24->16 [2] 25/-1/-1->24->21 [3] 25/-1/-1->24->21
x3006c0s37b0n0:37390:37446 [1] NCCL INFO Trees [0] 6/-1/-1->5->4 [1] 6/-1/-1->5->4 [2] 6/8/-1->5->4 [3] 6/8/-1->5->4
x3006c0s7b0n0:5388:5446 [1] NCCL INFO Trees [0] 14/-1/-1->13->12 [1] 14/-1/-1->13->12 [2] 14/20/-1->13->12 [3] 14/20/-1->13->12
x3006c0s7b1n0:20775:20831 [0] NCCL INFO Trees [0] 17/24/-1->16->33 [1] 17/24/-1->16->33 [2] 17/-1/-1->16->20 [3] 17/-1/-1->16->20
x3007c0s13b0n0:15068:15124 [2] NCCL INFO Trees [0] 23/-1/-1->22->21 [1] 23/-1/-1->22->21 [2] 23/-1/-1->22->21 [3] 23/-1/-1->22->21
x3007c0s13b1n0:12558:12622 [1] NCCL INFO Trees [0] 26/20/-1->25->24 [1] 26/20/-1->25->24 [2] 26/-1/-1->25->24 [3] 26/-1/-1->25->24
x3006c0s31b1n0:20194:20231 [2] NCCL INFO Trees [0] 3/-1/-1->2->1 [1] 3/-1/-1->2->1 [2] 3/-1/-1->2->1 [3] 3/-1/-1->2->1
x3006c0s37b0n0:37391:37449 [2] NCCL INFO Trees [0] 7/-1/-1->6->5 [1] 7/-1/-1->6->5 [2] 7/-1/-1->6->5 [3] 7/-1/-1->6->5
x3006c0s7b0n0:5389:5441 [2] NCCL INFO Trees [0] 15/-1/-1->14->13 [1] 15/-1/-1->14->13 [2] 15/-1/-1->14->13 [3] 15/-1/-1->14->13
x3006c0s7b1n0:20777:20830 [1] NCCL INFO Trees [0] 18/8/-1->17->16 [1] 18/8/-1->17->16 [2] 18/-1/-1->17->16 [3] 18/-1/-1->17->16
x3007c0s13b0n0:15069:15128 [3] NCCL INFO Trees [0] -1/-1/-1->23->22 [1] -1/-1/-1->23->22 [2] -1/-1/-1->23->22 [3] -1/-1/-1->23->22
x3007c0s13b1n0:12559:12618 [2] NCCL INFO Trees [0] 27/-1/-1->26->25 [1] 27/-1/-1->26->25 [2] 27/-1/-1->26->25 [3] 27/-1/-1->26->25
x3006c0s31b1n0:20195:20225 [3] NCCL INFO Trees [0] -1/-1/-1->3->2 [1] -1/-1/-1->3->2 [2] -1/-1/-1->3->2 [3] -1/-1/-1->3->2
x3006c0s37b0n0:37388:37452 [0] NCCL INFO Trees [0] 5/-1/-1->4->9 [1] 5/-1/-1->4->9 [2] 5/0/-1->4->12 [3] 5/0/-1->4->12
x3006c0s7b0n0:5390:5443 [3] NCCL INFO Trees [0] -1/-1/-1->15->14 [1] -1/-1/-1->15->14 [2] -1/-1/-1->15->14 [3] -1/-1/-1->15->14
x3006c0s7b1n0:20779:20828 [2] NCCL INFO Trees [0] 19/-1/-1->18->17 [1] 19/-1/-1->18->17 [2] 19/-1/-1->18->17 [3] 19/-1/-1->18->17
x3007c0s13b1n0:12561:12625 [3] NCCL INFO Trees [0] -1/-1/-1->27->26 [1] -1/-1/-1->27->26 [2] -1/-1/-1->27->26 [3] -1/-1/-1->27->26
x3007c0s19b0n0:52482:52547 [0] NCCL INFO Trees [0] 29/-1/-1->28->24 [1] 29/-1/-1->28->24 [2] 29/12/-1->28->60 [3] 29/12/-1->28->60
x3007c0s19b1n0:54060:54168 [0] NCCL INFO Trees [0] 33/48/-1->32->0 [1] 33/48/-1->32->0 [2] 33/-1/-1->32->36 [3] 33/-1/-1->32->36
x3007c0s1b0n0:49945:50027 [0] NCCL INFO Trees [0] 37/-1/-1->36->41 [1] 37/-1/-1->36->41 [2] 37/32/-1->36->44 [3] 37/32/-1->36->44
x3007c0s25b0n0:51084:51170 [0] NCCL INFO Trees [0] 45/-1/-1->44->40 [1] 45/-1/-1->44->40 [2] 45/36/-1->44->29 [3] 45/36/-1->44->29
x3007c0s31b0n0:39717:39772 [2] NCCL INFO Trees [0] 55/-1/-1->54->53 [1] 55/-1/-1->54->53 [2] 55/-1/-1->54->53 [3] 55/-1/-1->54->53
x3006c0s31b1n0:20192:20220 [0] NCCL INFO Channel 00/04 :    0   2   3   5   4   6   7   9   8  10  11  13  12  14  15  17  16  18  19  21
x3006c0s31b1n0:20192:20220 [0] NCCL INFO Channel 01/04 :    0   2   3   5   4   6   7   9   8  10  11  13  12  14  15  17  16  18  19  21
x3006c0s31b1n0:20192:20220 [0] NCCL INFO Channel 02/04 :    0   2   3   5   4   6   7   9   8  10  11  13  12  14  15  17  16  18  19  21
x3006c0s31b1n0:20192:20220 [0] NCCL INFO Channel 03/04 :    0   2   3   5   4   6   7   9   8  10  11  13  12  14  15  17  16  18  19  21
x3006c0s31b1n0:20192:20220 [0] NCCL INFO Trees [0] 1/32/-1->0->-1 [1] 1/32/-1->0->-1 [2] 1/-1/-1->0->4 [3] 1/-1/-1->0->4
x3006c0s7b1n0:20780:20829 [3] NCCL INFO Trees [0] -1/-1/-1->19->18 [1] -1/-1/-1->19->18 [2] -1/-1/-1->19->18 [3] -1/-1/-1->19->18
x3007c0s19b0n0:52483:52549 [1] NCCL INFO Trees [0] 30/-1/-1->29->28 [1] 30/-1/-1->29->28 [2] 30/44/-1->29->28 [3] 30/44/-1->29->28
x3007c0s19b1n0:54062:54170 [1] NCCL INFO Trees [0] 34/16/-1->33->32 [1] 34/16/-1->33->32 [2] 34/-1/-1->33->32 [3] 34/-1/-1->33->32
x3007c0s1b0n0:49947:50026 [1] NCCL INFO Trees [0] 38/-1/-1->37->36 [1] 38/-1/-1->37->36 [2] 38/40/-1->37->36 [3] 38/40/-1->37->36
x3007c0s1b1n0:45312:45363 [1] NCCL INFO Trees [0] 42/36/-1->41->40 [1] 42/36/-1->41->40 [2] 42/-1/-1->41->40 [3] 42/-1/-1->41->40
x3007c0s25b0n0:51085:51165 [1] NCCL INFO Trees [0] 46/-1/-1->45->44 [1] 46/-1/-1->45->44 [2] 46/52/-1->45->44 [3] 46/52/-1->45->44
x3007c0s25b1n0:38422:38476 [2] NCCL INFO Trees [0] 51/-1/-1->50->49 [1] 51/-1/-1->50->49 [2] 51/-1/-1->50->49 [3] 51/-1/-1->50->49
x3007c0s31b0n0:39718:39773 [3] NCCL INFO Trees [0] -1/-1/-1->55->54 [1] -1/-1/-1->55->54 [2] -1/-1/-1->55->54 [3] -1/-1/-1->55->54
x3007c0s31b1n0:42177:42230 [1] NCCL INFO Trees [0] 58/52/-1->57->56 [1] 58/52/-1->57->56 [2] 58/-1/-1->57->56 [3] 58/-1/-1->57->56
x3007c0s37b0n0:39666:39725 [0] NCCL INFO Trees [0] 61/-1/-1->60->56 [1] 61/-1/-1->60->56 [2] 61/28/-1->60->-1 [3] 61/28/-1->60->-1
x3006c0s31b1n0:20193:20229 [1] NCCL INFO Trees [0] 2/-1/-1->1->0 [1] 2/-1/-1->1->0 [2] 2/-1/-1->1->0 [3] 2/-1/-1->1->0
x3007c0s19b0n0:52485:52550 [2] NCCL INFO Trees [0] 31/-1/-1->30->29 [1] 31/-1/-1->30->29 [2] 31/-1/-1->30->29 [3] 31/-1/-1->30->29
x3007c0s19b1n0:54064:54169 [2] NCCL INFO Trees [0] 35/-1/-1->34->33 [1] 35/-1/-1->34->33 [2] 35/-1/-1->34->33 [3] 35/-1/-1->34->33
x3007c0s1b0n0:49948:50025 [2] NCCL INFO Trees [0] 39/-1/-1->38->37 [1] 39/-1/-1->38->37 [2] 39/-1/-1->38->37 [3] 39/-1/-1->38->37
x3007c0s1b1n0:45314:45366 [2] NCCL INFO Trees [0] 43/-1/-1->42->41 [1] 43/-1/-1->42->41 [2] 43/-1/-1->42->41 [3] 43/-1/-1->42->41
x3007c0s25b0n0:51086:51166 [2] NCCL INFO Trees [0] 47/-1/-1->46->45 [1] 47/-1/-1->46->45 [2] 47/-1/-1->46->45 [3] 47/-1/-1->46->45
x3007c0s25b1n0:38423:38478 [3] NCCL INFO Trees [0] -1/-1/-1->51->50 [1] -1/-1/-1->51->50 [2] -1/-1/-1->51->50 [3] -1/-1/-1->51->50
x3007c0s31b0n0:39715:39774 [0] NCCL INFO Trees [0] 53/-1/-1->52->57 [1] 53/-1/-1->52->57 [2] 53/48/-1->52->45 [3] 53/48/-1->52->45
x3007c0s31b1n0:42178:42233 [2] NCCL INFO Trees [0] 59/-1/-1->58->57 [1] 59/-1/-1->58->57 [2] 59/-1/-1->58->57 [3] 59/-1/-1->58->57
x3007c0s37b0n0:39667:39720 [1] NCCL INFO Trees [0] 62/-1/-1->61->60 [1] 62/-1/-1->61->60 [2] 62/-1/-1->61->60 [3] 62/-1/-1->61->60
x3007c0s19b0n0:52486:52548 [3] NCCL INFO Trees [0] -1/-1/-1->31->30 [1] -1/-1/-1->31->30 [2] -1/-1/-1->31->30 [3] -1/-1/-1->31->30
x3007c0s19b1n0:54065:54171 [3] NCCL INFO Trees [0] -1/-1/-1->35->34 [1] -1/-1/-1->35->34 [2] -1/-1/-1->35->34 [3] -1/-1/-1->35->34
x3007c0s1b0n0:49949:50024 [3] NCCL INFO Trees [0] -1/-1/-1->39->38 [1] -1/-1/-1->39->38 [2] -1/-1/-1->39->38 [3] -1/-1/-1->39->38
x3007c0s1b1n0:45315:45362 [3] NCCL INFO Trees [0] -1/-1/-1->43->42 [1] -1/-1/-1->43->42 [2] -1/-1/-1->43->42 [3] -1/-1/-1->43->42
x3007c0s25b0n0:51087:51168 [3] NCCL INFO Trees [0] -1/-1/-1->47->46 [1] -1/-1/-1->47->46 [2] -1/-1/-1->47->46 [3] -1/-1/-1->47->46
x3007c0s25b1n0:38420:38479 [0] NCCL INFO Trees [0] 49/56/-1->48->32 [1] 49/56/-1->48->32 [2] 49/-1/-1->48->52 [3] 49/-1/-1->48->52
x3007c0s31b0n0:39716:39775 [1] NCCL INFO Trees [0] 54/-1/-1->53->52 [1] 54/-1/-1->53->52 [2] 54/56/-1->53->52 [3] 54/56/-1->53->52
x3007c0s31b1n0:42179:42232 [3] NCCL INFO Trees [0] -1/-1/-1->59->58 [1] -1/-1/-1->59->58 [2] -1/-1/-1->59->58 [3] -1/-1/-1->59->58
x3007c0s37b0n0:39668:39721 [2] NCCL INFO Trees [0] 63/-1/-1->62->61 [1] 63/-1/-1->62->61 [2] 63/-1/-1->62->61 [3] 63/-1/-1->62->61
x3007c0s1b1n0:45311:45369 [0] NCCL INFO Trees [0] 41/44/-1->40->49 [1] 41/44/-1->40->49 [2] 41/-1/-1->40->37 [3] 41/-1/-1->40->37
x3007c0s25b1n0:38421:38477 [1] NCCL INFO Trees [0] 50/40/-1->49->48 [1] 50/40/-1->49->48 [2] 50/-1/-1->49->48 [3] 50/-1/-1->49->48
x3007c0s31b1n0:42176:42231 [0] NCCL INFO Trees [0] 57/60/-1->56->48 [1] 57/60/-1->56->48 [2] 57/-1/-1->56->53 [3] 57/-1/-1->56->53
x3007c0s37b0n0:39669:39723 [3] NCCL INFO Trees [0] -1/-1/-1->63->62 [1] -1/-1/-1->63->62 [2] -1/-1/-1->63->62 [3] -1/-1/-1->63->62
x3006c0s31b1n0:20194:20231 [2] NCCL INFO Channel 00 : 2[85000] -> 3[c7000] via P2P/IPC/read
x3006c0s37b1n0:54030:54111 [0] NCCL INFO Channel 00 : 8[7000] -> 10[85000] via P2P/IPC/read
x3006c0s7b1n0:20779:20828 [2] NCCL INFO Channel 00 : 18[85000] -> 19[c7000] via P2P/IPC/read
x3006c0s37b1n0:54033:54108 [2] NCCL INFO Channel 00 : 10[85000] -> 11[c7000] via P2P/IPC/read
x3006c0s7b1n0:20775:20831 [0] NCCL INFO Channel 00 : 16[7000] -> 18[85000] via P2P/IPC/read
x3007c0s13b1n0:12556:12628 [0] NCCL INFO Channel 00 : 24[7000] -> 26[85000] via P2P/IPC/read
x3006c0s31b1n0:20192:20220 [0] NCCL INFO Channel 00 : 0[7000] -> 2[85000] via P2P/IPC/read
x3006c0s37b0n0:37388:37452 [0] NCCL INFO Channel 00 : 4[7000] -> 6[85000] via P2P/IPC/read
x3007c0s13b1n0:12559:12618 [2] NCCL INFO Channel 00 : 26[85000] -> 27[c7000] via P2P/IPC/read
x3007c0s1b1n0:45314:45366 [2] NCCL INFO Channel 00 : 42[85000] -> 43[c7000] via P2P/IPC/read
x3006c0s37b0n0:37391:37449 [2] NCCL INFO Channel 00 : 6[85000] -> 7[c7000] via P2P/IPC/read
x3007c0s1b0n0:49948:50025 [2] NCCL INFO Channel 00 : 38[85000] -> 39[c7000] via P2P/IPC/read
x3007c0s1b0n0:49945:50027 [0] NCCL INFO Channel 00 : 36[7000] -> 38[85000] via P2P/IPC/read
x3007c0s1b1n0:45311:45369 [0] NCCL INFO Channel 00 : 40[7000] -> 42[85000] via P2P/IPC/read
x3007c0s19b1n0:54064:54169 [2] NCCL INFO Channel 00 : 34[85000] -> 35[c7000] via P2P/IPC/read
x3007c0s19b1n0:54060:54168 [0] NCCL INFO Channel 00 : 32[7000] -> 34[85000] via P2P/IPC/read
x3007c0s25b0n0:51084:51170 [0] NCCL INFO Channel 00 : 44[7000] -> 46[85000] via P2P/IPC/read
x3007c0s25b0n0:51086:51166 [2] NCCL INFO Channel 00 : 46[85000] -> 47[c7000] via P2P/IPC/read
x3007c0s19b0n0:52485:52550 [2] NCCL INFO Channel 00 : 30[85000] -> 31[c7000] via P2P/IPC/read
x3007c0s31b1n0:42176:42231 [0] NCCL INFO Channel 00 : 56[7000] -> 58[85000] via P2P/IPC/read
x3007c0s19b0n0:52482:52547 [0] NCCL INFO Channel 00 : 28[7000] -> 30[85000] via P2P/IPC/read
x3007c0s31b1n0:42178:42233 [2] NCCL INFO Channel 00 : 58[85000] -> 59[c7000] via P2P/IPC/read
x3006c0s7b0n0:5386:5445 [0] NCCL INFO Channel 00 : 12[7000] -> 14[85000] via P2P/IPC/read
x3006c0s7b0n0:5389:5441 [2] NCCL INFO Channel 00 : 14[85000] -> 15[c7000] via P2P/IPC/read
x3007c0s25b1n0:38420:38479 [0] NCCL INFO Channel 00 : 48[7000] -> 50[85000] via P2P/IPC/read
x3007c0s25b1n0:38422:38476 [2] NCCL INFO Channel 00 : 50[85000] -> 51[c7000] via P2P/IPC/read
x3007c0s37b0n0:39666:39725 [0] NCCL INFO Channel 00 : 60[7000] -> 62[85000] via P2P/IPC/read
x3007c0s37b0n0:39668:39721 [2] NCCL INFO Channel 00 : 62[85000] -> 63[c7000] via P2P/IPC/read
x3007c0s31b0n0:39715:39774 [0] NCCL INFO Channel 00 : 52[7000] -> 54[85000] via P2P/IPC/read
x3007c0s31b0n0:39717:39772 [2] NCCL INFO Channel 00 : 54[85000] -> 55[c7000] via P2P/IPC/read
x3007c0s13b0n0:15065:15129 [0] NCCL INFO Channel 00 : 20[7000] -> 22[85000] via P2P/IPC/read
x3007c0s13b0n0:15068:15124 [2] NCCL INFO Channel 00 : 22[85000] -> 23[c7000] via P2P/IPC/read
x3007c0s37b0n0:39667:39720 [1] NCCL INFO Channel 00/0 : 59[c7000] -> 61[46000] [receive] via NET/IB/1
x3007c0s25b0n0:51085:51165 [1] NCCL INFO Channel 00/0 : 43[c7000] -> 45[46000] [receive] via NET/IB/1
x3007c0s25b0n0:51086:51166 [2] NCCL INFO Channel 01 : 46[85000] -> 47[c7000] via P2P/IPC/read
x3007c0s25b1n0:38420:38479 [0] NCCL INFO Channel 01 : 48[7000] -> 50[85000] via P2P/IPC/read
x3007c0s25b1n0:38420:38479 [0] NCCL INFO Channel 02 : 48[7000] -> 50[85000] via P2P/IPC/read
x3007c0s25b1n0:38420:38479 [0] NCCL INFO Channel 03 : 48[7000] -> 50[85000] via P2P/IPC/read
x3006c0s37b1n0:54032:54101 [1] NCCL INFO Channel 00/0 : 7[c7000] -> 9[46000] [receive] via NET/IB/1
x3006c0s7b1n0:20775:20831 [0] NCCL INFO Channel 01 : 16[7000] -> 18[85000] via P2P/IPC/read
x3006c0s37b1n0:54033:54108 [2] NCCL INFO Channel 01 : 10[85000] -> 11[c7000] via P2P/IPC/read
x3006c0s7b1n0:20775:20831 [0] NCCL INFO Channel 02 : 16[7000] -> 18[85000] via P2P/IPC/read
x3006c0s7b1n0:20775:20831 [0] NCCL INFO Channel 03 : 16[7000] -> 18[85000] via P2P/IPC/read
x3006c0s7b0n0:5389:5441 [2] NCCL INFO Channel 01 : 14[85000] -> 15[c7000] via P2P/IPC/read
x3007c0s37b0n0:39666:39725 [0] NCCL INFO Channel 01 : 60[7000] -> 62[85000] via P2P/IPC/read
x3006c0s31b1n0:20194:20231 [2] NCCL INFO Channel 01 : 2[85000] -> 3[c7000] via P2P/IPC/read
x3006c0s31b1n0:20194:20231 [2] NCCL INFO Channel 02 : 2[85000] -> 3[c7000] via P2P/IPC/read
x3006c0s31b1n0:20194:20231 [2] NCCL INFO Channel 03 : 2[85000] -> 3[c7000] via P2P/IPC/read
x3007c0s19b1n0:54062:54170 [1] NCCL INFO Channel 00/0 : 31[c7000] -> 33[46000] [receive] via NET/IB/1
x3006c0s7b1n0:20779:20828 [2] NCCL INFO Channel 01 : 18[85000] -> 19[c7000] via P2P/IPC/read
x3006c0s7b0n0:5386:5445 [0] NCCL INFO Channel 01 : 12[7000] -> 14[85000] via P2P/IPC/read
x3006c0s7b0n0:5388:5446 [1] NCCL INFO Channel 00/0 : 11[c7000] -> 13[46000] [receive] via NET/IB/1
x3007c0s25b1n0:38421:38477 [1] NCCL INFO Channel 00/0 : 47[c7000] -> 49[46000] [receive] via NET/IB/1
x3006c0s37b1n0:54030:54111 [0] NCCL INFO Channel 01 : 8[7000] -> 10[85000] via P2P/IPC/read
x3006c0s31b1n0:20193:20229 [1] NCCL INFO Channel 00/0 : 63[c7000] -> 1[46000] [receive] via NET/IB/1
x3007c0s1b0n0:49947:50026 [1] NCCL INFO Channel 00/0 : 35[c7000] -> 37[46000] [receive] via NET/IB/1
x3007c0s1b1n0:45312:45363 [1] NCCL INFO Channel 00/0 : 39[c7000] -> 41[46000] [receive] via NET/IB/1
x3007c0s19b0n0:52483:52549 [1] NCCL INFO Channel 00/0 : 27[c7000] -> 29[46000] [receive] via NET/IB/1
x3007c0s13b1n0:12558:12622 [1] NCCL INFO Channel 00/0 : 23[c7000] -> 25[46000] [receive] via NET/IB/1
x3007c0s25b0n0:51084:51170 [0] NCCL INFO Channel 01 : 44[7000] -> 46[85000] via P2P/IPC/read
x3007c0s19b1n0:54064:54169 [2] NCCL INFO Channel 01 : 34[85000] -> 35[c7000] via P2P/IPC/read
x3007c0s19b1n0:54060:54168 [0] NCCL INFO Channel 01 : 32[7000] -> 34[85000] via P2P/IPC/read
x3006c0s31b1n0:20192:20220 [0] NCCL INFO Channel 01 : 0[7000] -> 2[85000] via P2P/IPC/read
x3007c0s13b0n0:15065:15129 [0] NCCL INFO Channel 01 : 20[7000] -> 22[85000] via P2P/IPC/read
x3007c0s13b0n0:15066:15125 [1] NCCL INFO Channel 00/0 : 19[c7000] -> 21[46000] [receive] via NET/IB/1
x3007c0s13b0n0:15068:15124 [2] NCCL INFO Channel 01 : 22[85000] -> 23[c7000] via P2P/IPC/read
x3007c0s37b0n0:39668:39721 [2] NCCL INFO Channel 01 : 62[85000] -> 63[c7000] via P2P/IPC/read
x3007c0s25b1n0:38422:38476 [2] NCCL INFO Channel 01 : 50[85000] -> 51[c7000] via P2P/IPC/read
x3007c0s19b0n0:52482:52547 [0] NCCL INFO Channel 01 : 28[7000] -> 30[85000] via P2P/IPC/read
x3007c0s19b0n0:52485:52550 [2] NCCL INFO Channel 01 : 30[85000] -> 31[c7000] via P2P/IPC/read
x3007c0s31b1n0:42177:42230 [1] NCCL INFO Channel 00/0 : 55[c7000] -> 57[46000] [receive] via NET/IB/1
x3007c0s31b1n0:42176:42231 [0] NCCL INFO Channel 01 : 56[7000] -> 58[85000] via P2P/IPC/read
x3006c0s37b0n0:37388:37452 [0] NCCL INFO Channel 01 : 4[7000] -> 6[85000] via P2P/IPC/read
x3007c0s13b1n0:12556:12628 [0] NCCL INFO Channel 01 : 24[7000] -> 26[85000] via P2P/IPC/read
x3007c0s31b1n0:42178:42233 [2] NCCL INFO Channel 01 : 58[85000] -> 59[c7000] via P2P/IPC/read
x3006c0s37b0n0:37390:37446 [1] NCCL INFO Channel 00/0 : 3[c7000] -> 5[46000] [receive] via NET/IB/1
x3006c0s37b0n0:37391:37449 [2] NCCL INFO Channel 01 : 6[85000] -> 7[c7000] via P2P/IPC/read
x3007c0s13b1n0:12559:12618 [2] NCCL INFO Channel 01 : 26[85000] -> 27[c7000] via P2P/IPC/read
x3006c0s7b1n0:20777:20830 [1] NCCL INFO Channel 00/0 : 15[c7000] -> 17[46000] [receive] via NET/IB/1
x3006c0s37b1n0:54030:54111 [0] NCCL INFO Channel 02 : 8[7000] -> 10[85000] via P2P/IPC/read
x3006c0s37b1n0:54030:54111 [0] NCCL INFO Channel 03 : 8[7000] -> 10[85000] via P2P/IPC/read
x3007c0s1b0n0:49945:50027 [0] NCCL INFO Channel 01 : 36[7000] -> 38[85000] via P2P/IPC/read
x3007c0s1b0n0:49948:50025 [2] NCCL INFO Channel 01 : 38[85000] -> 39[c7000] via P2P/IPC/read
x3007c0s19b1n0:54064:54169 [2] NCCL INFO Channel 02 : 34[85000] -> 35[c7000] via P2P/IPC/read
x3007c0s19b1n0:54060:54168 [0] NCCL INFO Channel 02 : 32[7000] -> 34[85000] via P2P/IPC/read
x3007c0s19b1n0:54060:54168 [0] NCCL INFO Channel 03 : 32[7000] -> 34[85000] via P2P/IPC/read
x3007c0s19b1n0:54064:54169 [2] NCCL INFO Channel 03 : 34[85000] -> 35[c7000] via P2P/IPC/read
x3007c0s25b0n0:51084:51170 [0] NCCL INFO Channel 02 : 44[7000] -> 46[85000] via P2P/IPC/read
x3007c0s25b0n0:51084:51170 [0] NCCL INFO Channel 03 : 44[7000] -> 46[85000] via P2P/IPC/read
x3007c0s37b0n0:39666:39725 [0] NCCL INFO Channel 02 : 60[7000] -> 62[85000] via P2P/IPC/read
x3007c0s31b0n0:39715:39774 [0] NCCL INFO Channel 01 : 52[7000] -> 54[85000] via P2P/IPC/read
x3007c0s31b0n0:39717:39772 [2] NCCL INFO Channel 01 : 54[85000] -> 55[c7000] via P2P/IPC/read
x3007c0s1b1n0:45312:45363 [1] NCCL INFO Channel 01/0 : 39[c7000] -> 41[46000] [receive] via NET/IB/0
x3007c0s1b1n0:45312:45363 [1] NCCL INFO Channel 02/0 : 39[c7000] -> 41[46000] [receive] via NET/IB/1
x3007c0s1b1n0:45312:45363 [1] NCCL INFO Channel 03/0 : 39[c7000] -> 41[46000] [receive] via NET/IB/0
x3007c0s31b1n0:42176:42231 [0] NCCL INFO Channel 02 : 56[7000] -> 58[85000] via P2P/IPC/read
x3007c0s31b1n0:42176:42231 [0] NCCL INFO Channel 03 : 56[7000] -> 58[85000] via P2P/IPC/read
x3006c0s37b0n0:37391:37449 [2] NCCL INFO Channel 02 : 6[85000] -> 7[c7000] via P2P/IPC/read
x3006c0s37b0n0:37391:37449 [2] NCCL INFO Channel 03 : 6[85000] -> 7[c7000] via P2P/IPC/read
