x3005c0s13b1n0:34819:34857 [3] NCCL INFO Channel 01 : 11[c7000] -> 10[85000] via P2P/IPC/read
x3005c0s7b0n0:53515:53550 [3] NCCL INFO Channel 01 : 55[c7000] -> 54[85000] via P2P/IPC/read
x3005c0s7b0n0:53515:53550 [3] NCCL INFO Channel 02 : 55[c7000] -> 54[85000] via P2P/IPC/read
x3004c0s7b0n0:58214:58248 [3] NCCL INFO Channel 01 : 7[c7000] -> 6[85000] via P2P/IPC/read
x3005c0s7b0n0:53515:53550 [3] NCCL INFO Channel 03 : 55[c7000] -> 54[85000] via P2P/IPC/read
x3005c0s1b1n0:4676:4710 [1] NCCL INFO Channel 01 : 25[46000] -> 24[7000] via P2P/IPC/read
x3005c0s37b1n0:31764:31798 [1] NCCL INFO Channel 02 : 49[46000] -> 48[7000] via P2P/IPC/read
x3005c0s19b0n0:60459:60495 [3] NCCL INFO Channel 02 : 15[c7000] -> 14[85000] via P2P/IPC/read
x3005c0s1b0n0:52198:52234 [3] NCCL INFO Channel 03 : 23[c7000] -> 22[85000] via P2P/IPC/read
x3005c0s37b1n0:31764:31798 [1] NCCL INFO Channel 03 : 49[46000] -> 48[7000] via P2P/IPC/read
x3005c0s37b0n0:45761:45795 [1] NCCL INFO Channel 03 : 45[46000] -> 44[7000] via P2P/IPC/read
x3005c0s7b0n0:53513:53549 [1] NCCL INFO Channel 01 : 53[46000] -> 52[7000] via P2P/IPC/read
x3005c0s19b0n0:60457:60494 [1] NCCL INFO Connected all rings
x3005c0s19b0n0:60456:60489 [0] NCCL INFO Connected all rings
x3005c0s19b0n0:60456:60489 [0] NCCL INFO Channel 00 : 12[7000] -> 13[46000] via P2P/IPC/read
x3005c0s31b1n0:38245:38281 [0] NCCL INFO Channel 01 : 40[7000] -> 41[46000] via P2P/IPC/read
x3005c0s25b1n0:29860:29893 [1] NCCL INFO Channel 00 : 33[46000] -> 34[85000] via P2P/IPC/read
x3005c0s25b1n0:29860:29893 [1] NCCL INFO Channel 01 : 33[46000] -> 34[85000] via P2P/IPC/read
x3005c0s25b1n0:29860:29893 [1] NCCL INFO Channel 02 : 33[46000] -> 34[85000] via P2P/IPC/read
x3005c0s25b1n0:29860:29893 [1] NCCL INFO Channel 03 : 33[46000] -> 34[85000] via P2P/IPC/read
x3004c0s37b0n0:50062:50093 [0] NCCL INFO Channel 01 : 0[7000] -> 1[46000] via P2P/IPC/read
x3005c0s37b1n0:31763:31797 [0] NCCL INFO Connected all rings
x3005c0s37b1n0:31763:31797 [0] NCCL INFO Channel 00 : 48[7000] -> 49[46000] via P2P/IPC/read
x3005c0s37b1n0:31764:31798 [1] NCCL INFO Connected all rings
x3004c0s7b0n0:58212:58247 [1] NCCL INFO Channel 01 : 5[46000] -> 4[7000] via P2P/IPC/read
x3005c0s37b0n0:45760:45796 [0] NCCL INFO Connected all rings
x3005c0s37b0n0:45760:45796 [0] NCCL INFO Channel 00 : 44[7000] -> 45[46000] via P2P/IPC/read
x3005c0s37b0n0:45761:45795 [1] NCCL INFO Connected all rings
x3004c0s7b0n0:58212:58247 [1] NCCL INFO Channel 02 : 5[46000] -> 4[7000] via P2P/IPC/read
x3004c0s7b0n0:58212:58247 [1] NCCL INFO Channel 03 : 5[46000] -> 4[7000] via P2P/IPC/read
x3005c0s19b1n0:33442:33474 [3] NCCL INFO Channel 02 : 19[c7000] -> 18[85000] via P2P/IPC/read
x3005c0s37b1n0:31766:31802 [3] NCCL INFO Channel 02 : 51[c7000] -> 50[85000] via P2P/IPC/read
x3005c0s37b1n0:31766:31802 [3] NCCL INFO Channel 03 : 51[c7000] -> 50[85000] via P2P/IPC/read
x3005c0s7b0n0:53513:53549 [1] NCCL INFO Channel 02 : 53[46000] -> 52[7000] via P2P/IPC/read
x3005c0s7b0n0:53513:53549 [1] NCCL INFO Channel 03 : 53[46000] -> 52[7000] via P2P/IPC/read
x3004c0s7b0n0:58211:58250 [0] NCCL INFO Connected all rings
x3004c0s7b0n0:58211:58250 [0] NCCL INFO Channel 00 : 4[7000] -> 5[46000] via P2P/IPC/read
x3004c0s37b0n0:50065:50102 [3] NCCL INFO Channel 02 : 3[c7000] -> 2[85000] via P2P/IPC/read
x3004c0s7b0n0:58212:58247 [1] NCCL INFO Connected all rings
x3005c0s1b1n0:4676:4710 [1] NCCL INFO Channel 02 : 25[46000] -> 24[7000] via P2P/IPC/read
x3005c0s25b1n0:29859:29898 [0] NCCL INFO Channel 03 : 32[7000] -> 33[46000] via P2P/IPC/read
x3005c0s7b0n0:53512:53546 [0] NCCL INFO Connected all rings
x3005c0s7b0n0:53512:53546 [0] NCCL INFO Channel 00 : 52[7000] -> 53[46000] via P2P/IPC/read
x3005c0s7b0n0:53513:53549 [1] NCCL INFO Connected all rings
x3004c0s7b0n0:58214:58248 [3] NCCL INFO Channel 02 : 7[c7000] -> 6[85000] via P2P/IPC/read
x3005c0s7b1n0:11872:11909 [1] NCCL INFO Channel 02 : 57[46000] -> 56[7000] via P2P/IPC/read
x3005c0s31b0n0:36808:36846 [1] NCCL INFO Channel 00 : 37[46000] -> 36[7000] via P2P/IPC/read
x3005c0s19b1n0:33440:33475 [1] NCCL INFO Channel 02 : 17[46000] -> 16[7000] via P2P/IPC/read
x3005c0s13b1n0:34819:34857 [3] NCCL INFO Channel 02 : 11[c7000] -> 10[85000] via P2P/IPC/read
x3005c0s19b0n0:60459:60495 [3] NCCL INFO Channel 03 : 15[c7000] -> 14[85000] via P2P/IPC/read
x3005c0s31b1n0:38246:38285 [1] NCCL INFO Channel 00 : 41[46000] -> 42[85000] via P2P/IPC/read
x3004c0s37b0n0:50065:50102 [3] NCCL INFO Channel 03 : 3[c7000] -> 2[85000] via P2P/IPC/read
x3005c0s31b1n0:38246:38285 [1] NCCL INFO Channel 01 : 41[46000] -> 42[85000] via P2P/IPC/read
x3005c0s25b0n0:42215:42245 [1] NCCL INFO Channel 00 : 29[46000] -> 30[85000] via P2P/IPC/read
x3005c0s31b1n0:38246:38285 [1] NCCL INFO Channel 02 : 41[46000] -> 42[85000] via P2P/IPC/read
x3005c0s25b0n0:42215:42245 [1] NCCL INFO Channel 01 : 29[46000] -> 30[85000] via P2P/IPC/read
x3005c0s31b1n0:38246:38285 [1] NCCL INFO Channel 03 : 41[46000] -> 42[85000] via P2P/IPC/read
x3005c0s25b0n0:42215:42245 [1] NCCL INFO Channel 02 : 29[46000] -> 30[85000] via P2P/IPC/read
x3005c0s25b0n0:42215:42245 [1] NCCL INFO Channel 03 : 29[46000] -> 30[85000] via P2P/IPC/read
x3005c0s19b1n0:33440:33475 [1] NCCL INFO Channel 03 : 17[46000] -> 16[7000] via P2P/IPC/read
x3005c0s19b1n0:33442:33474 [3] NCCL INFO Channel 03 : 19[c7000] -> 18[85000] via P2P/IPC/read
x3006c0s13b0n0:50332:50368 [0] NCCL INFO Channel 01 : 60[7000] -> 61[46000] via P2P/IPC/read
x3005c0s1b0n0:52196:52232 [1] NCCL INFO Channel 01 : 21[46000] -> 20[7000] via P2P/IPC/read
x3005c0s13b1n0:34817:34856 [1] NCCL INFO Channel 01 : 9[46000] -> 8[7000] via P2P/IPC/read
x3005c0s37b1n0:31763:31797 [0] NCCL INFO Channel 01 : 48[7000] -> 49[46000] via P2P/IPC/read
x3005c0s37b1n0:31763:31797 [0] NCCL INFO Channel 02 : 48[7000] -> 49[46000] via P2P/IPC/read
x3005c0s37b1n0:31763:31797 [0] NCCL INFO Channel 03 : 48[7000] -> 49[46000] via P2P/IPC/read
x3004c0s7b0n0:58214:58248 [3] NCCL INFO Channel 03 : 7[c7000] -> 6[85000] via P2P/IPC/read
x3004c0s7b0n0:58211:58250 [0] NCCL INFO Channel 01 : 4[7000] -> 5[46000] via P2P/IPC/read
x3004c0s37b0n0:50062:50093 [0] NCCL INFO Channel 02 : 0[7000] -> 1[46000] via P2P/IPC/read
x3005c0s1b1n0:4676:4710 [1] NCCL INFO Channel 03 : 25[46000] -> 24[7000] via P2P/IPC/read
x3005c0s7b1n0:11872:11909 [1] NCCL INFO Channel 03 : 57[46000] -> 56[7000] via P2P/IPC/read
x3006c0s13b0n0:50332:50368 [0] NCCL INFO Channel 02 : 60[7000] -> 61[46000] via P2P/IPC/read
x3005c0s7b0n0:53513:53549 [1] NCCL INFO Channel 00 : 53[46000] -> 54[85000] via P2P/IPC/read
x3005c0s7b0n0:53513:53549 [1] NCCL INFO Channel 01 : 53[46000] -> 54[85000] via P2P/IPC/read
x3005c0s7b0n0:53513:53549 [1] NCCL INFO Channel 02 : 53[46000] -> 54[85000] via P2P/IPC/read
x3005c0s7b0n0:53513:53549 [1] NCCL INFO Channel 03 : 53[46000] -> 54[85000] via P2P/IPC/read
x3006c0s13b0n0:50333:50366 [1] NCCL INFO Channel 00 : 61[46000] -> 62[85000] via P2P/IPC/read
x3006c0s13b0n0:50333:50366 [1] NCCL INFO Channel 01 : 61[46000] -> 62[85000] via P2P/IPC/read
x3004c0s37b0n0:50062:50093 [0] NCCL INFO Channel 03 : 0[7000] -> 1[46000] via P2P/IPC/read
x3006c0s13b0n0:50333:50366 [1] NCCL INFO Channel 02 : 61[46000] -> 62[85000] via P2P/IPC/read
x3006c0s13b0n0:50333:50366 [1] NCCL INFO Channel 03 : 61[46000] -> 62[85000] via P2P/IPC/read
x3005c0s1b0n0:52196:52232 [1] NCCL INFO Channel 02 : 21[46000] -> 20[7000] via P2P/IPC/read
x3005c0s31b1n0:38245:38281 [0] NCCL INFO Channel 02 : 40[7000] -> 41[46000] via P2P/IPC/read
x3005c0s37b0n0:45760:45796 [0] NCCL INFO Channel 01 : 44[7000] -> 45[46000] via P2P/IPC/read
x3005c0s37b0n0:45760:45796 [0] NCCL INFO Channel 02 : 44[7000] -> 45[46000] via P2P/IPC/read
x3005c0s37b0n0:45760:45796 [0] NCCL INFO Channel 03 : 44[7000] -> 45[46000] via P2P/IPC/read
x3005c0s31b0n0:36808:36846 [1] NCCL INFO Channel 01 : 37[46000] -> 36[7000] via P2P/IPC/read
x3005c0s13b1n0:34817:34856 [1] NCCL INFO Channel 02 : 9[46000] -> 8[7000] via P2P/IPC/read
x3005c0s31b1n0:38245:38281 [0] NCCL INFO Channel 03 : 40[7000] -> 41[46000] via P2P/IPC/read
x3005c0s7b1n0:11872:11909 [1] NCCL INFO Connected all rings
x3005c0s1b1n0:4676:4710 [1] NCCL INFO Connected all rings
x3005c0s7b1n0:11871:11904 [0] NCCL INFO Connected all rings
x3005c0s7b1n0:11871:11904 [0] NCCL INFO Channel 00 : 56[7000] -> 57[46000] via P2P/IPC/read
x3005c0s1b1n0:4675:4712 [0] NCCL INFO Connected all rings
x3005c0s1b1n0:4675:4712 [0] NCCL INFO Channel 00 : 24[7000] -> 25[46000] via P2P/IPC/read
x3005c0s1b1n0:4675:4712 [0] NCCL INFO Channel 01 : 24[7000] -> 25[46000] via P2P/IPC/read
x3005c0s19b0n0:60456:60489 [0] NCCL INFO Channel 01 : 12[7000] -> 13[46000] via P2P/IPC/read
x3005c0s13b1n0:34819:34857 [3] NCCL INFO Channel 03 : 11[c7000] -> 10[85000] via P2P/IPC/read
x3005c0s7b0n0:53512:53546 [0] NCCL INFO Channel 01 : 52[7000] -> 53[46000] via P2P/IPC/read
x3005c0s25b0n0:42214:42253 [0] NCCL INFO Channel 00/0 : 24[7000] -> 28[7000] [receive] via NET/IB/1
x3005c0s25b0n0:42214:42253 [0] NCCL INFO Channel 01/0 : 24[7000] -> 28[7000] [receive] via NET/IB/0
x3004c0s7b0n0:58211:58250 [0] NCCL INFO Channel 02 : 4[7000] -> 5[46000] via P2P/IPC/read
x3005c0s25b1n0:29859:29898 [0] NCCL INFO Channel 02/0 : 32[7000] -> 36[7000] [send] via NET/IB/1
x3005c0s37b1n0:31764:31798 [1] NCCL INFO Channel 00 : 49[46000] -> 50[85000] via P2P/IPC/read
x3005c0s37b1n0:31764:31798 [1] NCCL INFO Channel 01 : 49[46000] -> 50[85000] via P2P/IPC/read
x3005c0s37b1n0:31764:31798 [1] NCCL INFO Channel 02 : 49[46000] -> 50[85000] via P2P/IPC/read
x3004c0s7b0n0:58211:58250 [0] NCCL INFO Channel 03 : 4[7000] -> 5[46000] via P2P/IPC/read
x3005c0s37b1n0:31764:31798 [1] NCCL INFO Channel 03 : 49[46000] -> 50[85000] via P2P/IPC/read
x3005c0s19b1n0:33439:33469 [0] NCCL INFO Connected all rings
x3005c0s19b1n0:33439:33469 [0] NCCL INFO Channel 00 : 16[7000] -> 17[46000] via P2P/IPC/read
x3005c0s19b1n0:33440:33475 [1] NCCL INFO Connected all rings
x3006c0s13b0n0:50332:50368 [0] NCCL INFO Channel 03 : 60[7000] -> 61[46000] via P2P/IPC/read
x3005c0s25b0n0:42215:42245 [1] NCCL INFO Channel 02/0 : 29[46000] -> 44[7000] [send] via NET/IB/1
x3005c0s7b0n0:53512:53546 [0] NCCL INFO Channel 02 : 52[7000] -> 53[46000] via P2P/IPC/read
x3005c0s31b0n0:36808:36846 [1] NCCL INFO Channel 02 : 37[46000] -> 36[7000] via P2P/IPC/read
x3005c0s1b0n0:52196:52232 [1] NCCL INFO Channel 03 : 21[46000] -> 20[7000] via P2P/IPC/read
x3005c0s1b1n0:4675:4712 [0] NCCL INFO Channel 02 : 24[7000] -> 25[46000] via P2P/IPC/read
x3005c0s1b1n0:4675:4712 [0] NCCL INFO Channel 03 : 24[7000] -> 25[46000] via P2P/IPC/read
x3004c0s37b0n0:50063:50097 [1] NCCL INFO Channel 00 : 1[46000] -> 2[85000] via P2P/IPC/read
x3005c0s1b0n0:52196:52232 [1] NCCL INFO Connected all rings
x3005c0s1b0n0:52195:52233 [0] NCCL INFO Connected all rings
x3005c0s1b0n0:52195:52233 [0] NCCL INFO Channel 00 : 20[7000] -> 21[46000] via P2P/IPC/read
x3005c0s13b1n0:34817:34856 [1] NCCL INFO Channel 03 : 9[46000] -> 8[7000] via P2P/IPC/read
x3005c0s7b0n0:53514:53552 [2] NCCL INFO Channel 00 : 54[85000] -> 53[46000] via P2P/IPC/read
x3005c0s7b0n0:53514:53552 [2] NCCL INFO Channel 01 : 54[85000] -> 53[46000] via P2P/IPC/read
x3005c0s7b0n0:53514:53552 [2] NCCL INFO Channel 02 : 54[85000] -> 53[46000] via P2P/IPC/read
x3005c0s7b0n0:53514:53552 [2] NCCL INFO Channel 03 : 54[85000] -> 53[46000] via P2P/IPC/read
x3005c0s25b1n0:29859:29898 [0] NCCL INFO Channel 03/0 : 32[7000] -> 36[7000] [send] via NET/IB/0
x3005c0s7b0n0:53515:53550 [3] NCCL INFO Connected all trees
x3005c0s7b0n0:53515:53550 [3] NCCL INFO MSCCL_XML_FILES set by environment to /home/yuke/ncclPG/msccl_tools_lyd/examples/xml/allreduce_ring_Simple_gpu64_channel4_chunk256_ins1.xml
x3005c0s7b0n0:53515:53550 [3] NCCL INFO MSCCL: Parsing algorithm /home/yuke/ncclPG/msccl_tools_lyd/examples/xml/allreduce_ring_Simple_gpu64_channel4_chunk256_ins1.xml
x3005c0s37b0n0:45761:45795 [1] NCCL INFO Channel 00 : 45[46000] -> 46[85000] via P2P/IPC/read
x3005c0s37b0n0:45761:45795 [1] NCCL INFO Channel 01 : 45[46000] -> 46[85000] via P2P/IPC/read
x3005c0s37b0n0:45761:45795 [1] NCCL INFO Channel 02 : 45[46000] -> 46[85000] via P2P/IPC/read
x3005c0s37b0n0:45761:45795 [1] NCCL INFO Channel 03 : 45[46000] -> 46[85000] via P2P/IPC/read
x3005c0s25b1n0:29860:29893 [1] NCCL INFO Channel 00/0 : 16[7000] -> 33[46000] [receive] via NET/IB/1
x3005c0s19b0n0:60456:60489 [0] NCCL INFO Channel 02 : 12[7000] -> 13[46000] via P2P/IPC/read
x3006c0s13b0n0:50334:50371 [2] NCCL INFO Channel 00 : 62[85000] -> 61[46000] via P2P/IPC/read
x3005c0s19b0n0:60456:60489 [0] NCCL INFO Channel 03 : 12[7000] -> 13[46000] via P2P/IPC/read
x3005c0s19b0n0:60457:60494 [1] NCCL INFO Channel 00 : 13[46000] -> 14[85000] via P2P/IPC/read
x3005c0s19b0n0:60457:60494 [1] NCCL INFO Channel 01 : 13[46000] -> 14[85000] via P2P/IPC/read
x3005c0s19b0n0:60457:60494 [1] NCCL INFO Channel 02 : 13[46000] -> 14[85000] via P2P/IPC/read
x3006c0s13b0n0:50334:50371 [2] NCCL INFO Channel 01 : 62[85000] -> 61[46000] via P2P/IPC/read
x3005c0s19b0n0:60457:60494 [1] NCCL INFO Channel 03 : 13[46000] -> 14[85000] via P2P/IPC/read
x3006c0s13b0n0:50334:50371 [2] NCCL INFO Channel 02 : 62[85000] -> 61[46000] via P2P/IPC/read
x3006c0s13b0n0:50334:50371 [2] NCCL INFO Channel 03 : 62[85000] -> 61[46000] via P2P/IPC/read
x3005c0s7b1n0:11871:11904 [0] NCCL INFO Channel 01 : 56[7000] -> 57[46000] via P2P/IPC/read
x3006c0s13b0n0:50335:50364 [3] NCCL INFO Connected all trees
x3006c0s13b0n0:50335:50364 [3] NCCL INFO MSCCL_XML_FILES set by environment to /home/yuke/ncclPG/msccl_tools_lyd/examples/xml/allreduce_ring_Simple_gpu64_channel4_chunk256_ins1.xml
x3006c0s13b0n0:50335:50364 [3] NCCL INFO MSCCL: Parsing algorithm /home/yuke/ncclPG/msccl_tools_lyd/examples/xml/allreduce_ring_Simple_gpu64_channel4_chunk256_ins1.xml
x3005c0s7b0n0:53512:53546 [0] NCCL INFO Channel 03 : 52[7000] -> 53[46000] via P2P/IPC/read
x3005c0s31b0n0:36808:36846 [1] NCCL INFO Channel 03 : 37[46000] -> 36[7000] via P2P/IPC/read
x3005c0s37b1n0:31763:31797 [0] NCCL INFO Channel 02/0 : 48[7000] -> 52[7000] [send] via NET/IB/1
x3005c0s1b0n0:52196:52232 [1] NCCL INFO Channel 00 : 21[46000] -> 22[85000] via P2P/IPC/read
x3005c0s1b0n0:52196:52232 [1] NCCL INFO Channel 01 : 21[46000] -> 22[85000] via P2P/IPC/read
x3005c0s1b0n0:52196:52232 [1] NCCL INFO Channel 02 : 21[46000] -> 22[85000] via P2P/IPC/read
x3005c0s1b0n0:52196:52232 [1] NCCL INFO Channel 03 : 21[46000] -> 22[85000] via P2P/IPC/read
x3005c0s13b1n0:34817:34856 [1] NCCL INFO Connected all rings
x3005c0s7b1n0:11872:11909 [1] NCCL INFO Channel 00 : 57[46000] -> 58[85000] via P2P/IPC/read
x3005c0s7b1n0:11872:11909 [1] NCCL INFO Channel 01 : 57[46000] -> 58[85000] via P2P/IPC/read
x3005c0s25b1n0:29860:29893 [1] NCCL INFO Channel 01/0 : 16[7000] -> 33[46000] [receive] via NET/IB/0
x3005c0s7b1n0:11872:11909 [1] NCCL INFO Channel 02 : 57[46000] -> 58[85000] via P2P/IPC/read
x3005c0s7b1n0:11872:11909 [1] NCCL INFO Channel 03 : 57[46000] -> 58[85000] via P2P/IPC/read
x3004c0s7b0n0:58212:58247 [1] NCCL INFO Channel 00 : 5[46000] -> 6[85000] via P2P/IPC/read
x3005c0s31b1n0:38246:38285 [1] NCCL INFO Channel 00/0 : 36[7000] -> 41[46000] [receive] via NET/IB/1
x3005c0s31b1n0:38246:38285 [1] NCCL INFO Channel 01/0 : 36[7000] -> 41[46000] [receive] via NET/IB/0
x3005c0s13b1n0:34816:34848 [0] NCCL INFO Connected all rings
x3005c0s13b1n0:34816:34848 [0] NCCL INFO Channel 00 : 8[7000] -> 9[46000] via P2P/IPC/read
x3005c0s25b0n0:42215:42245 [1] NCCL INFO Channel 03/0 : 29[46000] -> 44[7000] [send] via NET/IB/0
x3005c0s31b1n0:38247:38282 [2] NCCL INFO Channel 00 : 42[85000] -> 41[46000] via P2P/IPC/read
x3005c0s31b1n0:38247:38282 [2] NCCL INFO Channel 01 : 42[85000] -> 41[46000] via P2P/IPC/read
x3005c0s31b1n0:38247:38282 [2] NCCL INFO Channel 02 : 42[85000] -> 41[46000] via P2P/IPC/read
x3004c0s37b0n0:50063:50097 [1] NCCL INFO Channel 01 : 1[46000] -> 2[85000] via P2P/IPC/read
x3005c0s31b1n0:38247:38282 [2] NCCL INFO Channel 03 : 42[85000] -> 41[46000] via P2P/IPC/read
x3005c0s31b1n0:38248:38283 [3] NCCL INFO Connected all trees
x3005c0s37b1n0:31764:31798 [1] NCCL INFO Channel 00/0 : 40[7000] -> 49[46000] [receive] via NET/IB/1
x3005c0s19b0n0:60458:60492 [2] NCCL INFO Channel 00 : 14[85000] -> 13[46000] via P2P/IPC/read
x3005c0s19b0n0:60458:60492 [2] NCCL INFO Channel 01 : 14[85000] -> 13[46000] via P2P/IPC/read
x3005c0s19b0n0:60458:60492 [2] NCCL INFO Channel 02 : 14[85000] -> 13[46000] via P2P/IPC/read
x3005c0s31b1n0:38248:38283 [3] NCCL INFO MSCCL_XML_FILES set by environment to /home/yuke/ncclPG/msccl_tools_lyd/examples/xml/allreduce_ring_Simple_gpu64_channel4_chunk256_ins1.xml
x3005c0s31b1n0:38248:38283 [3] NCCL INFO MSCCL: Parsing algorithm /home/yuke/ncclPG/msccl_tools_lyd/examples/xml/allreduce_ring_Simple_gpu64_channel4_chunk256_ins1.xml
x3005c0s19b0n0:60458:60492 [2] NCCL INFO Channel 03 : 14[85000] -> 13[46000] via P2P/IPC/read
x3005c0s19b1n0:33439:33469 [0] NCCL INFO Channel 01 : 16[7000] -> 17[46000] via P2P/IPC/read
x3005c0s19b0n0:60459:60495 [3] NCCL INFO Connected all trees
x3005c0s19b0n0:60459:60495 [3] NCCL INFO MSCCL_XML_FILES set by environment to /home/yuke/ncclPG/msccl_tools_lyd/examples/xml/allreduce_ring_Simple_gpu64_channel4_chunk256_ins1.xml
x3005c0s19b0n0:60459:60495 [3] NCCL INFO MSCCL: Parsing algorithm /home/yuke/ncclPG/msccl_tools_lyd/examples/xml/allreduce_ring_Simple_gpu64_channel4_chunk256_ins1.xml
x3004c0s7b0n0:58212:58247 [1] NCCL INFO Channel 01 : 5[46000] -> 6[85000] via P2P/IPC/read
x3005c0s37b1n0:31763:31797 [0] NCCL INFO Channel 03/0 : 48[7000] -> 52[7000] [send] via NET/IB/0
x3005c0s1b0n0:52195:52233 [0] NCCL INFO Channel 01 : 20[7000] -> 21[46000] via P2P/IPC/read
x3005c0s1b1n0:4676:4710 [1] NCCL INFO Channel 00 : 25[46000] -> 26[85000] via P2P/IPC/read
x3005c0s1b1n0:4676:4710 [1] NCCL INFO Channel 01 : 25[46000] -> 26[85000] via P2P/IPC/read
x3005c0s1b1n0:4676:4710 [1] NCCL INFO Channel 02 : 25[46000] -> 26[85000] via P2P/IPC/read
x3005c0s1b1n0:4676:4710 [1] NCCL INFO Channel 03 : 25[46000] -> 26[85000] via P2P/IPC/read
x3005c0s37b0n0:45760:45796 [0] NCCL INFO Channel 00/0 : 40[7000] -> 44[7000] [receive] via NET/IB/1
x3004c0s37b0n0:50063:50097 [1] NCCL INFO Channel 02 : 1[46000] -> 2[85000] via P2P/IPC/read
x3005c0s7b0n0:53513:53549 [1] NCCL INFO Channel 02/0 : 53[46000] -> 56[7000] [send] via NET/IB/1
x3005c0s25b0n0:42216:42252 [2] NCCL INFO Channel 00 : 30[85000] -> 29[46000] via P2P/IPC/read
x3005c0s37b0n0:45761:45795 [1] NCCL INFO Channel 02/0 : 45[46000] -> 52[7000] [send] via NET/IB/1
x3005c0s19b1n0:33440:33475 [1] NCCL INFO Channel 00 : 17[46000] -> 18[85000] via P2P/IPC/read
x3005c0s19b1n0:33440:33475 [1] NCCL INFO Channel 01 : 17[46000] -> 18[85000] via P2P/IPC/read
x3005c0s19b1n0:33440:33475 [1] NCCL INFO Channel 02 : 17[46000] -> 18[85000] via P2P/IPC/read
x3005c0s19b1n0:33440:33475 [1] NCCL INFO Channel 03 : 17[46000] -> 18[85000] via P2P/IPC/read
x3005c0s31b0n0:36807:36843 [0] NCCL INFO Connected all rings
x3005c0s31b0n0:36807:36843 [0] NCCL INFO Channel 00 : 36[7000] -> 37[46000] via P2P/IPC/read
x3005c0s31b0n0:36808:36846 [1] NCCL INFO Connected all rings
x3005c0s7b1n0:11871:11904 [0] NCCL INFO Channel 02 : 56[7000] -> 57[46000] via P2P/IPC/read
x3005c0s13b1n0:34817:34856 [1] NCCL INFO Channel 00 : 9[46000] -> 10[85000] via P2P/IPC/read
x3005c0s13b1n0:34817:34856 [1] NCCL INFO Channel 01 : 9[46000] -> 10[85000] via P2P/IPC/read
x3005c0s13b1n0:34817:34856 [1] NCCL INFO Channel 02 : 9[46000] -> 10[85000] via P2P/IPC/read
x3005c0s13b1n0:34817:34856 [1] NCCL INFO Channel 03 : 9[46000] -> 10[85000] via P2P/IPC/read
x3005c0s1b0n0:52195:52233 [0] NCCL INFO Channel 02 : 20[7000] -> 21[46000] via P2P/IPC/read
x3005c0s1b0n0:52195:52233 [0] NCCL INFO Channel 03 : 20[7000] -> 21[46000] via P2P/IPC/read
x3005c0s19b0n0:60457:60494 [1] NCCL INFO Channel 02/0 : 13[46000] -> 20[7000] [send] via NET/IB/1
x3005c0s37b1n0:31765:31799 [2] NCCL INFO Channel 00 : 50[85000] -> 49[46000] via P2P/IPC/read
x3005c0s37b1n0:31765:31799 [2] NCCL INFO Channel 01 : 50[85000] -> 49[46000] via P2P/IPC/read
x3005c0s37b1n0:31765:31799 [2] NCCL INFO Channel 02 : 50[85000] -> 49[46000] via P2P/IPC/read
x3005c0s37b1n0:31765:31799 [2] NCCL INFO Channel 03 : 50[85000] -> 49[46000] via P2P/IPC/read
x3005c0s25b1n0:29861:29895 [2] NCCL INFO Channel 00 : 34[85000] -> 33[46000] via P2P/IPC/read
x3005c0s37b1n0:31766:31802 [3] NCCL INFO Connected all trees
x3005c0s37b1n0:31766:31802 [3] NCCL INFO MSCCL_XML_FILES set by environment to /home/yuke/ncclPG/msccl_tools_lyd/examples/xml/allreduce_ring_Simple_gpu64_channel4_chunk256_ins1.xml
x3005c0s37b1n0:31766:31802 [3] NCCL INFO MSCCL: Parsing algorithm /home/yuke/ncclPG/msccl_tools_lyd/examples/xml/allreduce_ring_Simple_gpu64_channel4_chunk256_ins1.xml
x3005c0s19b0n0:60456:60489 [0] NCCL INFO Channel 00/0 : 8[7000] -> 12[7000] [receive] via NET/IB/1
x3005c0s7b0n0:53513:53549 [1] NCCL INFO Channel 03/0 : 53[46000] -> 56[7000] [send] via NET/IB/0
x3005c0s13b1n0:34816:34848 [0] NCCL INFO Channel 01 : 8[7000] -> 9[46000] via P2P/IPC/read
x3004c0s7b0n0:58212:58247 [1] NCCL INFO Channel 02 : 5[46000] -> 6[85000] via P2P/IPC/read
x3005c0s19b1n0:33441:33478 [2] NCCL INFO Channel 00 : 18[85000] -> 17[46000] via P2P/IPC/read
x3005c0s19b1n0:33441:33478 [2] NCCL INFO Channel 01 : 18[85000] -> 17[46000] via P2P/IPC/read
x3005c0s19b1n0:33441:33478 [2] NCCL INFO Channel 02 : 18[85000] -> 17[46000] via P2P/IPC/read
x3005c0s31b1n0:38245:38281 [0] NCCL INFO Channel 02/0 : 37[46000] -> 40[7000] [receive] via NET/IB/1
x3005c0s19b1n0:33441:33478 [2] NCCL INFO Channel 03 : 18[85000] -> 17[46000] via P2P/IPC/read
x3005c0s37b0n0:45761:45795 [1] NCCL INFO Channel 03/0 : 45[46000] -> 52[7000] [send] via NET/IB/0
x3005c0s19b1n0:33442:33474 [3] NCCL INFO Connected all trees
x3005c0s19b1n0:33442:33474 [3] NCCL INFO MSCCL_XML_FILES set by environment to /home/yuke/ncclPG/msccl_tools_lyd/examples/xml/allreduce_ring_Simple_gpu64_channel4_chunk256_ins1.xml
x3005c0s19b1n0:33442:33474 [3] NCCL INFO MSCCL: Parsing algorithm /home/yuke/ncclPG/msccl_tools_lyd/examples/xml/allreduce_ring_Simple_gpu64_channel4_chunk256_ins1.xml
x3005c0s37b1n0:31764:31798 [1] NCCL INFO Channel 01/0 : 40[7000] -> 49[46000] [receive] via NET/IB/0
x3006c0s13b0n0:50333:50366 [1] NCCL INFO Connected all trees
x3006c0s13b0n0:50333:50366 [1] NCCL INFO MSCCL_XML_FILES set by environment to /home/yuke/ncclPG/msccl_tools_lyd/examples/xml/allreduce_ring_Simple_gpu64_channel4_chunk256_ins1.xml
x3006c0s13b0n0:50333:50366 [1] NCCL INFO MSCCL: Parsing algorithm /home/yuke/ncclPG/msccl_tools_lyd/examples/xml/allreduce_ring_Simple_gpu64_channel4_chunk256_ins1.xml
x3006c0s13b0n0:50332:50368 [0] NCCL INFO Channel 00/0 : 56[7000] -> 60[7000] [receive] via NET/IB/1
x3005c0s7b1n0:11871:11904 [0] NCCL INFO Channel 03 : 56[7000] -> 57[46000] via P2P/IPC/read
x3005c0s19b1n0:33439:33469 [0] NCCL INFO Channel 02 : 16[7000] -> 17[46000] via P2P/IPC/read
x3005c0s1b1n0:4675:4712 [0] NCCL INFO Channel 02/0 : 21[46000] -> 24[7000] [receive] via NET/IB/1
x3005c0s1b1n0:4675:4712 [0] NCCL INFO Channel 03/0 : 21[46000] -> 24[7000] [receive] via NET/IB/0
x3006c0s13b0n0:50334:50371 [2] NCCL INFO Connected all trees
x3006c0s13b0n0:50334:50371 [2] NCCL INFO MSCCL_XML_FILES set by environment to /home/yuke/ncclPG/msccl_tools_lyd/examples/xml/allreduce_ring_Simple_gpu64_channel4_chunk256_ins1.xml
x3006c0s13b0n0:50334:50371 [2] NCCL INFO MSCCL: Parsing algorithm /home/yuke/ncclPG/msccl_tools_lyd/examples/xml/allreduce_ring_Simple_gpu64_channel4_chunk256_ins1.xml
x3004c0s37b0n0:50063:50097 [1] NCCL INFO Channel 03 : 1[46000] -> 2[85000] via P2P/IPC/read
x3005c0s7b0n0:53512:53546 [0] NCCL INFO Channel 02/0 : 48[7000] -> 52[7000] [receive] via NET/IB/1
x3005c0s1b1n0:4677:4708 [2] NCCL INFO Channel 00 : 26[85000] -> 25[46000] via P2P/IPC/read
x3005c0s1b1n0:4677:4708 [2] NCCL INFO Channel 01 : 26[85000] -> 25[46000] via P2P/IPC/read
x3005c0s1b1n0:4677:4708 [2] NCCL INFO Channel 02 : 26[85000] -> 25[46000] via P2P/IPC/read
x3005c0s1b1n0:4677:4708 [2] NCCL INFO Channel 03 : 26[85000] -> 25[46000] via P2P/IPC/read
x3005c0s19b0n0:60457:60494 [1] NCCL INFO Channel 03/0 : 13[46000] -> 20[7000] [send] via NET/IB/0
x3005c0s1b1n0:4678:4715 [3] NCCL INFO Connected all trees
x3005c0s1b1n0:4678:4715 [3] NCCL INFO MSCCL_XML_FILES set by environment to /home/yuke/ncclPG/msccl_tools_lyd/examples/xml/allreduce_ring_Simple_gpu64_channel4_chunk256_ins1.xml
x3005c0s1b1n0:4678:4715 [3] NCCL INFO MSCCL: Parsing algorithm /home/yuke/ncclPG/msccl_tools_lyd/examples/xml/allreduce_ring_Simple_gpu64_channel4_chunk256_ins1.xml
x3005c0s25b0n0:42216:42252 [2] NCCL INFO Channel 01 : 30[85000] -> 29[46000] via P2P/IPC/read
x3005c0s7b0n0:53512:53546 [0] NCCL INFO Channel 03/0 : 48[7000] -> 52[7000] [receive] via NET/IB/0
x3005c0s1b0n0:52196:52232 [1] NCCL INFO Channel 02/0 : 21[46000] -> 24[7000] [send] via NET/IB/1
x3005c0s1b0n0:52195:52233 [0] NCCL INFO Channel 02/0 : 16[7000] -> 20[7000] [receive] via NET/IB/1
x3005c0s1b0n0:52196:52232 [1] NCCL INFO Channel 03/0 : 21[46000] -> 24[7000] [send] via NET/IB/0
x3005c0s31b0n0:36807:36843 [0] NCCL INFO Channel 01 : 36[7000] -> 37[46000] via P2P/IPC/read
x3005c0s19b0n0:60456:60489 [0] NCCL INFO Channel 01/0 : 8[7000] -> 12[7000] [receive] via NET/IB/0
x3004c0s7b0n0:58212:58247 [1] NCCL INFO Channel 03 : 5[46000] -> 6[85000] via P2P/IPC/read
x3006c0s13b0n0:50335:50364 [3] NCCL INFO Parsed MSCCL Algorithm /home/yuke/ncclPG/msccl_tools_lyd/examples/xml/allreduce_ring_Simple_gpu64_channel4_chunk256_ins1.xml successfully.
x3005c0s37b0n0:45760:45796 [0] NCCL INFO Channel 01/0 : 40[7000] -> 44[7000] [receive] via NET/IB/0
x3005c0s7b0n0:53515:53550 [3] NCCL INFO Parsed MSCCL Algorithm /home/yuke/ncclPG/msccl_tools_lyd/examples/xml/allreduce_ring_Simple_gpu64_channel4_chunk256_ins1.xml successfully.
x3005c0s13b1n0:34816:34848 [0] NCCL INFO Channel 02 : 8[7000] -> 9[46000] via P2P/IPC/read
x3005c0s25b0n0:42216:42252 [2] NCCL INFO Channel 02 : 30[85000] -> 29[46000] via P2P/IPC/read
x3006c0s13b0n0:50332:50368 [0] NCCL INFO Channel 01/0 : 56[7000] -> 60[7000] [receive] via NET/IB/0
x3005c0s19b1n0:33439:33469 [0] NCCL INFO Channel 03 : 16[7000] -> 17[46000] via P2P/IPC/read
x3005c0s25b1n0:29861:29895 [2] NCCL INFO Channel 01 : 34[85000] -> 33[46000] via P2P/IPC/read
x3005c0s1b0n0:52197:52231 [2] NCCL INFO Channel 00 : 22[85000] -> 21[46000] via P2P/IPC/read
x3005c0s1b0n0:52197:52231 [2] NCCL INFO Channel 01 : 22[85000] -> 21[46000] via P2P/IPC/read
x3005c0s1b0n0:52197:52231 [2] NCCL INFO Channel 02 : 22[85000] -> 21[46000] via P2P/IPC/read
x3005c0s1b0n0:52197:52231 [2] NCCL INFO Channel 03 : 22[85000] -> 21[46000] via P2P/IPC/read
x3005c0s25b1n0:29861:29895 [2] NCCL INFO Channel 02 : 34[85000] -> 33[46000] via P2P/IPC/read
x3005c0s1b0n0:52198:52234 [3] NCCL INFO Connected all trees
x3005c0s1b0n0:52198:52234 [3] NCCL INFO MSCCL_XML_FILES set by environment to /home/yuke/ncclPG/msccl_tools_lyd/examples/xml/allreduce_ring_Simple_gpu64_channel4_chunk256_ins1.xml
x3005c0s1b0n0:52198:52234 [3] NCCL INFO MSCCL: Parsing algorithm /home/yuke/ncclPG/msccl_tools_lyd/examples/xml/allreduce_ring_Simple_gpu64_channel4_chunk256_ins1.xml
x3005c0s31b0n0:36808:36846 [1] NCCL INFO Channel 00 : 37[46000] -> 38[85000] via P2P/IPC/read
x3004c0s37b0n0:50062:50093 [0] NCCL INFO Channel 02/0 : 0[7000] -> 4[7000] [send] via NET/IB/1
x3005c0s31b0n0:36808:36846 [1] NCCL INFO Channel 01 : 37[46000] -> 38[85000] via P2P/IPC/read
x3005c0s31b0n0:36808:36846 [1] NCCL INFO Channel 02 : 37[46000] -> 38[85000] via P2P/IPC/read
x3005c0s31b0n0:36808:36846 [1] NCCL INFO Channel 03 : 37[46000] -> 38[85000] via P2P/IPC/read
x3005c0s31b1n0:38245:38281 [0] NCCL INFO Channel 03/0 : 37[46000] -> 40[7000] [receive] via NET/IB/0
x3005c0s37b0n0:45762:45799 [2] NCCL INFO Channel 00 : 46[85000] -> 45[46000] via P2P/IPC/read
x3005c0s37b0n0:45762:45799 [2] NCCL INFO Channel 01 : 46[85000] -> 45[46000] via P2P/IPC/read
x3005c0s37b0n0:45762:45799 [2] NCCL INFO Channel 02 : 46[85000] -> 45[46000] via P2P/IPC/read
x3005c0s37b0n0:45762:45799 [2] NCCL INFO Channel 03 : 46[85000] -> 45[46000] via P2P/IPC/read
x3005c0s31b1n0:38248:38283 [3] NCCL INFO Parsed MSCCL Algorithm /home/yuke/ncclPG/msccl_tools_lyd/examples/xml/allreduce_ring_Simple_gpu64_channel4_chunk256_ins1.xml successfully.
x3005c0s37b0n0:45763:45792 [3] NCCL INFO Connected all trees
x3005c0s37b0n0:45763:45792 [3] NCCL INFO MSCCL_XML_FILES set by environment to /home/yuke/ncclPG/msccl_tools_lyd/examples/xml/allreduce_ring_Simple_gpu64_channel4_chunk256_ins1.xml
x3005c0s37b0n0:45763:45792 [3] NCCL INFO MSCCL: Parsing algorithm /home/yuke/ncclPG/msccl_tools_lyd/examples/xml/allreduce_ring_Simple_gpu64_channel4_chunk256_ins1.xml
x3005c0s7b1n0:11872:11909 [1] NCCL INFO Channel 00/0 : 52[7000] -> 57[46000] [receive] via NET/IB/1
x3005c0s1b1n0:4676:4710 [1] NCCL INFO Channel 00/0 : 20[7000] -> 25[46000] [receive] via NET/IB/1
x3005c0s7b1n0:11872:11909 [1] NCCL INFO Channel 01/0 : 52[7000] -> 57[46000] [receive] via NET/IB/0
x3005c0s19b0n0:60459:60495 [3] NCCL INFO Parsed MSCCL Algorithm /home/yuke/ncclPG/msccl_tools_lyd/examples/xml/allreduce_ring_Simple_gpu64_channel4_chunk256_ins1.xml successfully.
x3005c0s25b0n0:42216:42252 [2] NCCL INFO Channel 03 : 30[85000] -> 29[46000] via P2P/IPC/read
x3005c0s31b0n0:36807:36843 [0] NCCL INFO Channel 02 : 36[7000] -> 37[46000] via P2P/IPC/read
x3006c0s13b0n0:50333:50366 [1] NCCL INFO Parsed MSCCL Algorithm /home/yuke/ncclPG/msccl_tools_lyd/examples/xml/allreduce_ring_Simple_gpu64_channel4_chunk256_ins1.xml successfully.
x3004c0s37b0n0:50062:50093 [0] NCCL INFO Channel 03/0 : 0[7000] -> 4[7000] [send] via NET/IB/0
x3004c0s37b0n0:50064:50100 [2] NCCL INFO Channel 00 : 2[85000] -> 1[46000] via P2P/IPC/read
x3004c0s37b0n0:50064:50100 [2] NCCL INFO Channel 01 : 2[85000] -> 1[46000] via P2P/IPC/read
x3004c0s37b0n0:50064:50100 [2] NCCL INFO Channel 02 : 2[85000] -> 1[46000] via P2P/IPC/read
x3004c0s37b0n0:50064:50100 [2] NCCL INFO Channel 03 : 2[85000] -> 1[46000] via P2P/IPC/read
x3004c0s37b0n0:50065:50102 [3] NCCL INFO Connected all trees
x3004c0s37b0n0:50065:50102 [3] NCCL INFO MSCCL_XML_FILES set by environment to /home/yuke/ncclPG/msccl_tools_lyd/examples/xml/allreduce_ring_Simple_gpu64_channel4_chunk256_ins1.xml
x3004c0s37b0n0:50065:50102 [3] NCCL INFO MSCCL: Parsing algorithm /home/yuke/ncclPG/msccl_tools_lyd/examples/xml/allreduce_ring_Simple_gpu64_channel4_chunk256_ins1.xml
x3005c0s25b1n0:29861:29895 [2] NCCL INFO Channel 03 : 34[85000] -> 33[46000] via P2P/IPC/read
x3006c0s13b0n0:50334:50371 [2] NCCL INFO Parsed MSCCL Algorithm /home/yuke/ncclPG/msccl_tools_lyd/examples/xml/allreduce_ring_Simple_gpu64_channel4_chunk256_ins1.xml successfully.
x3005c0s13b1n0:34816:34848 [0] NCCL INFO Channel 03 : 8[7000] -> 9[46000] via P2P/IPC/read
x3004c0s37b0n0:50063:50097 [1] NCCL INFO Connected all trees
x3004c0s37b0n0:50063:50097 [1] NCCL INFO MSCCL_XML_FILES set by environment to /home/yuke/ncclPG/msccl_tools_lyd/examples/xml/allreduce_ring_Simple_gpu64_channel4_chunk256_ins1.xml
x3004c0s37b0n0:50063:50097 [1] NCCL INFO MSCCL: Parsing algorithm /home/yuke/ncclPG/msccl_tools_lyd/examples/xml/allreduce_ring_Simple_gpu64_channel4_chunk256_ins1.xml
x3005c0s1b0n0:52195:52233 [0] NCCL INFO Channel 03/0 : 16[7000] -> 20[7000] [receive] via NET/IB/0
x3004c0s37b0n0:50064:50100 [2] NCCL INFO Connected all trees
x3004c0s37b0n0:50064:50100 [2] NCCL INFO MSCCL_XML_FILES set by environment to /home/yuke/ncclPG/msccl_tools_lyd/examples/xml/allreduce_ring_Simple_gpu64_channel4_chunk256_ins1.xml
x3004c0s37b0n0:50064:50100 [2] NCCL INFO MSCCL: Parsing algorithm /home/yuke/ncclPG/msccl_tools_lyd/examples/xml/allreduce_ring_Simple_gpu64_channel4_chunk256_ins1.xml
x3005c0s19b1n0:33440:33475 [1] NCCL INFO Channel 00/0 : 8[7000] -> 17[46000] [receive] via NET/IB/1
x3006c0s13b0n0:50334:50371 [2] NCCL INFO Channel 00/0 : 62[85000] -> 1[46000] [send] via NET/IB/1
x3005c0s7b1n0:11871:11904 [0] NCCL INFO Channel 02/0 : 53[46000] -> 56[7000] [receive] via NET/IB/1
x3005c0s31b0n0:36807:36843 [0] NCCL INFO Channel 03 : 36[7000] -> 37[46000] via P2P/IPC/read
x3005c0s19b1n0:33442:33474 [3] NCCL INFO Parsed MSCCL Algorithm /home/yuke/ncclPG/msccl_tools_lyd/examples/xml/allreduce_ring_Simple_gpu64_channel4_chunk256_ins1.xml successfully.
x3004c0s7b0n0:58212:58247 [1] NCCL INFO Channel 02/0 : 5[46000] -> 8[7000] [send] via NET/IB/1
x3005c0s37b1n0:31766:31802 [3] NCCL INFO Parsed MSCCL Algorithm /home/yuke/ncclPG/msccl_tools_lyd/examples/xml/allreduce_ring_Simple_gpu64_channel4_chunk256_ins1.xml successfully.
x3005c0s1b1n0:4676:4710 [1] NCCL INFO Channel 01/0 : 20[7000] -> 25[46000] [receive] via NET/IB/0
x3005c0s19b1n0:33439:33469 [0] NCCL INFO Channel 02/0 : 16[7000] -> 20[7000] [send] via NET/IB/1
x3005c0s1b1n0:4678:4715 [3] NCCL INFO Parsed MSCCL Algorithm /home/yuke/ncclPG/msccl_tools_lyd/examples/xml/allreduce_ring_Simple_gpu64_channel4_chunk256_ins1.xml successfully.
x3005c0s7b1n0:11873:11906 [2] NCCL INFO Channel 00 : 58[85000] -> 57[46000] via P2P/IPC/read
x3005c0s25b0n0:42217:42249 [3] NCCL INFO Connected all trees
x3005c0s25b0n0:42217:42249 [3] NCCL INFO MSCCL_XML_FILES set by environment to /home/yuke/ncclPG/msccl_tools_lyd/examples/xml/allreduce_ring_Simple_gpu64_channel4_chunk256_ins1.xml
x3005c0s25b0n0:42217:42249 [3] NCCL INFO MSCCL: Parsing algorithm /home/yuke/ncclPG/msccl_tools_lyd/examples/xml/allreduce_ring_Simple_gpu64_channel4_chunk256_ins1.xml
x3005c0s25b1n0:29862:29899 [3] NCCL INFO Connected all trees
x3005c0s25b1n0:29862:29899 [3] NCCL INFO MSCCL_XML_FILES set by environment to /home/yuke/ncclPG/msccl_tools_lyd/examples/xml/allreduce_ring_Simple_gpu64_channel4_chunk256_ins1.xml
x3005c0s25b1n0:29862:29899 [3] NCCL INFO MSCCL: Parsing algorithm /home/yuke/ncclPG/msccl_tools_lyd/examples/xml/allreduce_ring_Simple_gpu64_channel4_chunk256_ins1.xml
x3006c0s13b0n0:50334:50371 [2] NCCL INFO Channel 02/0 : 62[85000] -> 1[46000] [send] via NET/IB/1
x3006c0s13b0n0:50333:50366 [1] NCCL INFO Channel 00/0 : 58[85000] -> 61[46000] [receive] via NET/IB/1
x3004c0s7b0n0:58211:58250 [0] NCCL INFO Channel 02/0 : 0[7000] -> 4[7000] [receive] via NET/IB/1
x3005c0s19b1n0:33439:33469 [0] NCCL INFO Channel 03/0 : 16[7000] -> 20[7000] [send] via NET/IB/0
x3005c0s7b0n0:53512:53546 [0] NCCL INFO Channel 00/0 : 52[7000] -> 57[46000] [send] via NET/IB/1
x3005c0s19b1n0:33440:33475 [1] NCCL INFO Channel 01/0 : 8[7000] -> 17[46000] [receive] via NET/IB/0
x3004c0s7b0n0:58211:58250 [0] NCCL INFO Channel 03/0 : 0[7000] -> 4[7000] [receive] via NET/IB/0
x3004c0s7b0n0:58212:58247 [1] NCCL INFO Channel 03/0 : 5[46000] -> 8[7000] [send] via NET/IB/0
x3005c0s7b1n0:11873:11906 [2] NCCL INFO Channel 01 : 58[85000] -> 57[46000] via P2P/IPC/read
x3005c0s1b0n0:52196:52232 [1] NCCL INFO Channel 02/0 : 24[7000] -> 21[46000] [receive] via NET/IB/1
x3005c0s13b1n0:34818:34855 [2] NCCL INFO Channel 00 : 10[85000] -> 9[46000] via P2P/IPC/read
x3006c0s13b0n0:50333:50366 [1] NCCL INFO Channel 02/0 : 58[85000] -> 61[46000] [receive] via NET/IB/1
x3005c0s7b1n0:11871:11904 [0] NCCL INFO Channel 03/0 : 53[46000] -> 56[7000] [receive] via NET/IB/0
x3005c0s7b1n0:11873:11906 [2] NCCL INFO Channel 02 : 58[85000] -> 57[46000] via P2P/IPC/read
x3005c0s13b1n0:34817:34856 [1] NCCL INFO Channel 00/0 : 4[7000] -> 9[46000] [receive] via NET/IB/1
x3005c0s13b1n0:34818:34855 [2] NCCL INFO Channel 01 : 10[85000] -> 9[46000] via P2P/IPC/read
x3005c0s7b0n0:53512:53546 [0] NCCL INFO Channel 01/0 : 52[7000] -> 57[46000] [send] via NET/IB/0
x3005c0s1b1n0:4675:4712 [0] NCCL INFO Channel 00/0 : 24[7000] -> 28[7000] [send] via NET/IB/1
x3005c0s37b1n0:31763:31797 [0] NCCL INFO Channel 00/0 : 48[7000] -> 56[7000] [send] via NET/IB/1
x3005c0s1b0n0:52198:52234 [3] NCCL INFO Parsed MSCCL Algorithm /home/yuke/ncclPG/msccl_tools_lyd/examples/xml/allreduce_ring_Simple_gpu64_channel4_chunk256_ins1.xml successfully.
x3005c0s1b0n0:52196:52232 [1] NCCL INFO Channel 03/0 : 24[7000] -> 21[46000] [receive] via NET/IB/0
x3004c0s37b0n0:50063:50097 [1] NCCL INFO Parsed MSCCL Algorithm /home/yuke/ncclPG/msccl_tools_lyd/examples/xml/allreduce_ring_Simple_gpu64_channel4_chunk256_ins1.xml successfully.
x3004c0s37b0n0:50065:50102 [3] NCCL INFO Parsed MSCCL Algorithm /home/yuke/ncclPG/msccl_tools_lyd/examples/xml/allreduce_ring_Simple_gpu64_channel4_chunk256_ins1.xml successfully.
x3004c0s37b0n0:50064:50100 [2] NCCL INFO Parsed MSCCL Algorithm /home/yuke/ncclPG/msccl_tools_lyd/examples/xml/allreduce_ring_Simple_gpu64_channel4_chunk256_ins1.xml successfully.
x3005c0s31b0n0:36808:36846 [1] NCCL INFO Channel 02/0 : 37[46000] -> 40[7000] [send] via NET/IB/1
x3005c0s31b0n0:36808:36846 [1] NCCL INFO Channel 03/0 : 37[46000] -> 40[7000] [send] via NET/IB/0
x3005c0s37b0n0:45763:45792 [3] NCCL INFO Parsed MSCCL Algorithm /home/yuke/ncclPG/msccl_tools_lyd/examples/xml/allreduce_ring_Simple_gpu64_channel4_chunk256_ins1.xml successfully.
x3005c0s7b1n0:11873:11906 [2] NCCL INFO Channel 03 : 58[85000] -> 57[46000] via P2P/IPC/read
x3005c0s7b1n0:11874:11910 [3] NCCL INFO Connected all trees
x3005c0s7b1n0:11874:11910 [3] NCCL INFO MSCCL_XML_FILES set by environment to /home/yuke/ncclPG/msccl_tools_lyd/examples/xml/allreduce_ring_Simple_gpu64_channel4_chunk256_ins1.xml
x3005c0s7b1n0:11874:11910 [3] NCCL INFO MSCCL: Parsing algorithm /home/yuke/ncclPG/msccl_tools_lyd/examples/xml/allreduce_ring_Simple_gpu64_channel4_chunk256_ins1.xml
x3005c0s13b1n0:34818:34855 [2] NCCL INFO Channel 02 : 10[85000] -> 9[46000] via P2P/IPC/read
x3005c0s13b1n0:34818:34855 [2] NCCL INFO Channel 03 : 10[85000] -> 9[46000] via P2P/IPC/read
x3005c0s1b1n0:4675:4712 [0] NCCL INFO Channel 01/0 : 24[7000] -> 28[7000] [send] via NET/IB/0
x3005c0s13b1n0:34819:34857 [3] NCCL INFO Connected all trees
x3005c0s13b1n0:34819:34857 [3] NCCL INFO MSCCL_XML_FILES set by environment to /home/yuke/ncclPG/msccl_tools_lyd/examples/xml/allreduce_ring_Simple_gpu64_channel4_chunk256_ins1.xml
x3005c0s13b1n0:34819:34857 [3] NCCL INFO MSCCL: Parsing algorithm /home/yuke/ncclPG/msccl_tools_lyd/examples/xml/allreduce_ring_Simple_gpu64_channel4_chunk256_ins1.xml
x3005c0s37b1n0:31763:31797 [0] NCCL INFO Channel 01/0 : 48[7000] -> 56[7000] [send] via NET/IB/0
x3005c0s13b1n0:34816:34848 [0] NCCL INFO Channel 02/0 : 5[46000] -> 8[7000] [receive] via NET/IB/1
x3005c0s13b1n0:34817:34856 [1] NCCL INFO Channel 01/0 : 4[7000] -> 9[46000] [receive] via NET/IB/0
x3004c0s37b0n0:50064:50100 [2] NCCL INFO Channel 00/0 : 2[85000] -> 5[46000] [send] via NET/IB/1
x3004c0s7b0n0:58213:58249 [2] NCCL INFO Channel 00 : 6[85000] -> 5[46000] via P2P/IPC/read
x3004c0s37b0n0:50063:50097 [1] NCCL INFO Channel 00/0 : 62[85000] -> 1[46000] [receive] via NET/IB/1
x3005c0s31b0n0:36807:36843 [0] NCCL INFO Channel 02/0 : 32[7000] -> 36[7000] [receive] via NET/IB/1
x3004c0s7b0n0:58213:58249 [2] NCCL INFO Channel 01 : 6[85000] -> 5[46000] via P2P/IPC/read
x3004c0s37b0n0:50064:50100 [2] NCCL INFO Channel 02/0 : 2[85000] -> 5[46000] [send] via NET/IB/1
x3005c0s13b1n0:34816:34848 [0] NCCL INFO Channel 03/0 : 5[46000] -> 8[7000] [receive] via NET/IB/0
x3005c0s31b0n0:36809:36844 [2] NCCL INFO Channel 00 : 38[85000] -> 37[46000] via P2P/IPC/read
x3005c0s25b1n0:29862:29899 [3] NCCL INFO Parsed MSCCL Algorithm /home/yuke/ncclPG/msccl_tools_lyd/examples/xml/allreduce_ring_Simple_gpu64_channel4_chunk256_ins1.xml successfully.
x3004c0s37b0n0:50063:50097 [1] NCCL INFO Channel 02/0 : 62[85000] -> 1[46000] [receive] via NET/IB/1
x3005c0s31b0n0:36807:36843 [0] NCCL INFO Channel 03/0 : 32[7000] -> 36[7000] [receive] via NET/IB/0
x3005c0s31b0n0:36808:36846 [1] NCCL INFO Channel 02/0 : 40[7000] -> 37[46000] [receive] via NET/IB/1
x3005c0s25b0n0:42217:42249 [3] NCCL INFO Parsed MSCCL Algorithm /home/yuke/ncclPG/msccl_tools_lyd/examples/xml/allreduce_ring_Simple_gpu64_channel4_chunk256_ins1.xml successfully.
x3004c0s7b0n0:58213:58249 [2] NCCL INFO Channel 02 : 6[85000] -> 5[46000] via P2P/IPC/read
x3004c0s37b0n0:50062:50093 [0] NCCL INFO Channel 00/0 : 32[7000] -> 0[7000] [receive] via NET/IB/1
x3005c0s19b1n0:33439:33469 [0] NCCL INFO Channel 00/0 : 16[7000] -> 24[7000] [send] via NET/IB/1
x3005c0s1b0n0:52195:52233 [0] NCCL INFO Channel 00/0 : 20[7000] -> 25[46000] [send] via NET/IB/1
x3005c0s31b0n0:36809:36844 [2] NCCL INFO Channel 01 : 38[85000] -> 37[46000] via P2P/IPC/read
x3004c0s7b0n0:58213:58249 [2] NCCL INFO Channel 03 : 6[85000] -> 5[46000] via P2P/IPC/read
x3005c0s13b1n0:34819:34857 [3] NCCL INFO Parsed MSCCL Algorithm /home/yuke/ncclPG/msccl_tools_lyd/examples/xml/allreduce_ring_Simple_gpu64_channel4_chunk256_ins1.xml successfully.
x3005c0s7b0n0:53512:53546 [0] NCCL INFO Channel 02/0 : 45[46000] -> 52[7000] [receive] via NET/IB/1
x3005c0s19b1n0:33439:33469 [0] NCCL INFO Channel 01/0 : 16[7000] -> 24[7000] [send] via NET/IB/0
x3005c0s1b0n0:52195:52233 [0] NCCL INFO Channel 01/0 : 20[7000] -> 25[46000] [send] via NET/IB/0
x3005c0s7b1n0:11871:11904 [0] NCCL INFO Channel 00/0 : 56[7000] -> 60[7000] [send] via NET/IB/1
x3005c0s7b1n0:11874:11910 [3] NCCL INFO Parsed MSCCL Algorithm /home/yuke/ncclPG/msccl_tools_lyd/examples/xml/allreduce_ring_Simple_gpu64_channel4_chunk256_ins1.xml successfully.
x3004c0s37b0n0:50062:50093 [0] NCCL INFO Channel 01/0 : 32[7000] -> 0[7000] [receive] via NET/IB/0
x3005c0s31b1n0:38245:38281 [0] NCCL INFO Channel 00/0 : 40[7000] -> 44[7000] [send] via NET/IB/1
x3004c0s7b0n0:58211:58250 [0] NCCL INFO Channel 00/0 : 4[7000] -> 9[46000] [send] via NET/IB/1
x3004c0s7b0n0:58214:58248 [3] NCCL INFO Connected all trees
x3004c0s7b0n0:58214:58248 [3] NCCL INFO MSCCL_XML_FILES set by environment to /home/yuke/ncclPG/msccl_tools_lyd/examples/xml/allreduce_ring_Simple_gpu64_channel4_chunk256_ins1.xml
x3004c0s7b0n0:58214:58248 [3] NCCL INFO MSCCL: Parsing algorithm /home/yuke/ncclPG/msccl_tools_lyd/examples/xml/allreduce_ring_Simple_gpu64_channel4_chunk256_ins1.xml
x3005c0s7b0n0:53513:53549 [1] NCCL INFO Channel 02/0 : 56[7000] -> 53[46000] [receive] via NET/IB/1
x3005c0s7b0n0:53512:53546 [0] NCCL INFO Channel 03/0 : 45[46000] -> 52[7000] [receive] via NET/IB/0
x3005c0s1b1n0:4675:4712 [0] NCCL INFO Channel 00/0 : 16[7000] -> 24[7000] [receive] via NET/IB/1
x3005c0s31b0n0:36809:36844 [2] NCCL INFO Channel 02 : 38[85000] -> 37[46000] via P2P/IPC/read
x3004c0s7b0n0:58211:58250 [0] NCCL INFO Channel 01/0 : 4[7000] -> 9[46000] [send] via NET/IB/0
x3005c0s7b1n0:11871:11904 [0] NCCL INFO Channel 01/0 : 56[7000] -> 60[7000] [send] via NET/IB/0
x3005c0s7b1n0:11872:11909 [1] NCCL INFO Channel 00/0 : 57[46000] -> 52[7000] [send] via NET/IB/1
x3005c0s31b0n0:36808:36846 [1] NCCL INFO Channel 03/0 : 40[7000] -> 37[46000] [receive] via NET/IB/0
x3006c0s13b0n0:50334:50371 [2] NCCL INFO Connected 1 MSCCL algorithms
x3006c0s13b0n0:50334:50371 [2] NCCL INFO NCCL_PROTO set by environment to Simple
x3006c0s13b0n0:50334:50371 [2] NCCL INFO NCCL_ALGO set by environment to MSCCL,TREE,RING
x3006c0s13b0n0:50334:50371 [2] NCCL INFO threadThresholds 8/8/64 | 512/8/64 | 8/8/64 | 8/8/512
x3006c0s13b0n0:50334:50371 [2] NCCL INFO 4 coll channels, 4 p2p channels, 2 p2p channels per peer
x3004c0s37b0n0:50063:50097 [1] NCCL INFO Connected 1 MSCCL algorithms
x3004c0s37b0n0:50063:50097 [1] NCCL INFO NCCL_PROTO set by environment to Simple
x3004c0s37b0n0:50063:50097 [1] NCCL INFO NCCL_ALGO set by environment to MSCCL,TREE,RING
x3004c0s37b0n0:50063:50097 [1] NCCL INFO threadThresholds 8/8/64 | 512/8/64 | 8/8/64 | 8/8/512
x3004c0s37b0n0:50063:50097 [1] NCCL INFO 4 coll channels, 4 p2p channels, 2 p2p channels per peer
x3005c0s7b0n0:53513:53549 [1] NCCL INFO Channel 03/0 : 56[7000] -> 53[46000] [receive] via NET/IB/0
x3005c0s1b1n0:4675:4712 [0] NCCL INFO Channel 01/0 : 16[7000] -> 24[7000] [receive] via NET/IB/0
x3005c0s25b0n0:42214:42253 [0] NCCL INFO Channel 02/0 : 12[7000] -> 28[7000] [receive] via NET/IB/1
x3005c0s7b1n0:11872:11909 [1] NCCL INFO Channel 01/0 : 57[46000] -> 52[7000] [send] via NET/IB/0
x3005c0s25b1n0:29859:29898 [0] NCCL INFO Channel 00/0 : 32[7000] -> 48[7000] [send] via NET/IB/1
x3005c0s31b0n0:36809:36844 [2] NCCL INFO Channel 03 : 38[85000] -> 37[46000] via P2P/IPC/read
x3004c0s37b0n0:50062:50093 [0] NCCL INFO Channel 00/0 : 0[7000] -> 32[7000] [send] via NET/IB/1
x3005c0s31b1n0:38245:38281 [0] NCCL INFO Channel 01/0 : 40[7000] -> 44[7000] [send] via NET/IB/0
x3005c0s25b1n0:29859:29898 [0] NCCL INFO Channel 01/0 : 32[7000] -> 48[7000] [send] via NET/IB/0
x3005c0s25b0n0:42214:42253 [0] NCCL INFO Channel 03/0 : 12[7000] -> 28[7000] [receive] via NET/IB/0
x3005c0s13b1n0:34816:34848 [0] NCCL INFO Channel 00/0 : 8[7000] -> 12[7000] [send] via NET/IB/1
x3005c0s1b1n0:4676:4710 [1] NCCL INFO Channel 00/0 : 25[46000] -> 20[7000] [send] via NET/IB/1
x3004c0s37b0n0:50062:50093 [0] NCCL INFO Channel 01/0 : 0[7000] -> 32[7000] [send] via NET/IB/0
x3005c0s13b1n0:34816:34848 [0] NCCL INFO Channel 01/0 : 8[7000] -> 12[7000] [send] via NET/IB/0
x3005c0s31b0n0:36810:36845 [3] NCCL INFO Connected all trees
x3005c0s31b0n0:36810:36845 [3] NCCL INFO MSCCL_XML_FILES set by environment to /home/yuke/ncclPG/msccl_tools_lyd/examples/xml/allreduce_ring_Simple_gpu64_channel4_chunk256_ins1.xml
x3005c0s31b0n0:36810:36845 [3] NCCL INFO MSCCL: Parsing algorithm /home/yuke/ncclPG/msccl_tools_lyd/examples/xml/allreduce_ring_Simple_gpu64_channel4_chunk256_ins1.xml
x3004c0s7b0n0:58212:58247 [1] NCCL INFO Channel 02/0 : 8[7000] -> 5[46000] [receive] via NET/IB/1
x3005c0s37b0n0:45761:45795 [1] NCCL INFO Channel 02/0 : 52[7000] -> 45[46000] [receive] via NET/IB/1
x3005c0s31b0n0:36807:36843 [0] NCCL INFO Channel 00/0 : 36[7000] -> 41[46000] [send] via NET/IB/1
x3005c0s37b0n0:45761:45795 [1] NCCL INFO Channel 03/0 : 52[7000] -> 45[46000] [receive] via NET/IB/0
x3004c0s7b0n0:58214:58248 [3] NCCL INFO Parsed MSCCL Algorithm /home/yuke/ncclPG/msccl_tools_lyd/examples/xml/allreduce_ring_Simple_gpu64_channel4_chunk256_ins1.xml successfully.
x3005c0s1b1n0:4676:4710 [1] NCCL INFO Channel 01/0 : 25[46000] -> 20[7000] [send] via NET/IB/0
x3006c0s13b0n0:50332:50368 [0] NCCL INFO Channel 02/0 : 28[7000] -> 60[7000] [receive] via NET/IB/1
x3005c0s1b0n0:52195:52233 [0] NCCL INFO Channel 02/0 : 13[46000] -> 20[7000] [receive] via NET/IB/1
x3005c0s7b1n0:11871:11904 [0] NCCL INFO Channel 00/0 : 48[7000] -> 56[7000] [receive] via NET/IB/1
x3004c0s7b0n0:58212:58247 [1] NCCL INFO Channel 03/0 : 8[7000] -> 5[46000] [receive] via NET/IB/0
x3005c0s13b1n0:34817:34856 [1] NCCL INFO Channel 00/0 : 9[46000] -> 4[7000] [send] via NET/IB/1
x3004c0s7b0n0:58211:58250 [0] NCCL INFO Channel 02/0 : 4[7000] -> 12[7000] [send] via NET/IB/1
x3005c0s7b1n0:11871:11904 [0] NCCL INFO Channel 01/0 : 48[7000] -> 56[7000] [receive] via NET/IB/0
x3005c0s19b1n0:33439:33469 [0] NCCL INFO Channel 00/0 : 16[7000] -> 33[46000] [send] via NET/IB/1
x3005c0s31b0n0:36807:36843 [0] NCCL INFO Channel 01/0 : 36[7000] -> 41[46000] [send] via NET/IB/0
x3005c0s7b0n0:53512:53546 [0] NCCL INFO Channel 02/0 : 52[7000] -> 45[46000] [send] via NET/IB/1
x3004c0s7b0n0:58211:58250 [0] NCCL INFO Channel 03/0 : 4[7000] -> 12[7000] [send] via NET/IB/0
x3005c0s1b0n0:52195:52233 [0] NCCL INFO Channel 03/0 : 13[46000] -> 20[7000] [receive] via NET/IB/0
x3005c0s19b1n0:33439:33469 [0] NCCL INFO Channel 01/0 : 16[7000] -> 33[46000] [send] via NET/IB/0
x3005c0s37b0n0:45760:45796 [0] NCCL INFO Channel 02/0 : 36[7000] -> 44[7000] [receive] via NET/IB/1
x3005c0s7b0n0:53512:53546 [0] NCCL INFO Channel 03/0 : 52[7000] -> 45[46000] [send] via NET/IB/0
x3005c0s13b1n0:34816:34848 [0] NCCL INFO Channel 00/0 : 8[7000] -> 17[46000] [send] via NET/IB/1
x3005c0s31b1n0:38245:38281 [0] NCCL INFO Channel 00/0 : 40[7000] -> 49[46000] [send] via NET/IB/1
x3006c0s13b0n0:50332:50368 [0] NCCL INFO Channel 03/0 : 28[7000] -> 60[7000] [receive] via NET/IB/0
x3005c0s1b1n0:4675:4712 [0] NCCL INFO Channel 00/0 : 24[7000] -> 16[7000] [send] via NET/IB/1
x3005c0s31b0n0:36810:36845 [3] NCCL INFO Parsed MSCCL Algorithm /home/yuke/ncclPG/msccl_tools_lyd/examples/xml/allreduce_ring_Simple_gpu64_channel4_chunk256_ins1.xml successfully.
x3005c0s13b1n0:34817:34856 [1] NCCL INFO Channel 01/0 : 9[46000] -> 4[7000] [send] via NET/IB/0
x3005c0s31b1n0:38246:38285 [1] NCCL INFO Channel 00/0 : 41[46000] -> 36[7000] [send] via NET/IB/1
x3005c0s31b1n0:38246:38285 [1] NCCL INFO Channel 01/0 : 41[46000] -> 36[7000] [send] via NET/IB/0
x3005c0s13b1n0:34816:34848 [0] NCCL INFO Channel 01/0 : 8[7000] -> 17[46000] [send] via NET/IB/0
x3005c0s1b1n0:4675:4712 [0] NCCL INFO Channel 01/0 : 24[7000] -> 16[7000] [send] via NET/IB/0
x3005c0s31b1n0:38245:38281 [0] NCCL INFO Channel 01/0 : 40[7000] -> 49[46000] [send] via NET/IB/0
x3006c0s13b0n0:50332:50368 [0] NCCL INFO Channel 02/0 : 60[7000] -> 28[7000] [send] via NET/IB/1
x3005c0s37b0n0:45760:45796 [0] NCCL INFO Channel 03/0 : 36[7000] -> 44[7000] [receive] via NET/IB/0
x3005c0s19b0n0:60456:60489 [0] NCCL INFO Channel 02/0 : 4[7000] -> 12[7000] [receive] via NET/IB/1
x3005c0s7b1n0:11871:11904 [0] NCCL INFO Channel 00/0 : 56[7000] -> 48[7000] [send] via NET/IB/1
x3005c0s25b1n0:29860:29893 [1] NCCL INFO Channel 00/0 : 33[46000] -> 16[7000] [send] via NET/IB/1
x3006c0s13b0n0:50332:50368 [0] NCCL INFO Channel 03/0 : 60[7000] -> 28[7000] [send] via NET/IB/0
x3005c0s31b0n0:36807:36843 [0] NCCL INFO Channel 02/0 : 36[7000] -> 44[7000] [send] via NET/IB/1
x3005c0s7b1n0:11871:11904 [0] NCCL INFO Channel 01/0 : 56[7000] -> 48[7000] [send] via NET/IB/0
x3005c0s19b0n0:60456:60489 [0] NCCL INFO Channel 03/0 : 4[7000] -> 12[7000] [receive] via NET/IB/0
x3005c0s19b0n0:60457:60494 [1] NCCL INFO Channel 02/0 : 20[7000] -> 13[46000] [receive] via NET/IB/1
x3005c0s31b0n0:36807:36843 [0] NCCL INFO Channel 03/0 : 36[7000] -> 44[7000] [send] via NET/IB/0
x3005c0s19b1n0:33439:33469 [0] NCCL INFO Channel 00/0 : 33[46000] -> 16[7000] [receive] via NET/IB/1
x3005c0s1b0n0:52195:52233 [0] NCCL INFO Channel 02/0 : 20[7000] -> 13[46000] [send] via NET/IB/1
x3005c0s37b1n0:31763:31797 [0] NCCL INFO Channel 00/0 : 32[7000] -> 48[7000] [receive] via NET/IB/1
x3005c0s1b0n0:52195:52233 [0] NCCL INFO Channel 03/0 : 20[7000] -> 13[46000] [send] via NET/IB/0
x3005c0s37b1n0:31763:31797 [0] NCCL INFO Channel 01/0 : 32[7000] -> 48[7000] [receive] via NET/IB/0
