########################################   MSCCL TEST  #####################################################
######################### LIBRARY: MSCCL ALGORITHM: BINARY-H-P-2NIC-4gpuspipe-256chunk INSTANCE: 1 CHANNEL: 2-INTRA-1-INTER PROTOCOL: Simple ##############################################
MSCCL TEST BINARY-H-P-2NIC-256chunk 2-INTRA-1-INTER time: Mon 16 Oct 2023 07:00:47 PM UTC
# nThread 1 nGpus 1 minBytes 536870912 maxBytes 536870912 step: 2(factor) warmup iters: 5 iters: 20 agg iters: 1 validation: 1 graph: 0
#
# Using devices
#  Rank  0 Group  0 Pid  38199 on x3206c0s19b0n0 device  0 [0x07] NVIDIA A100-SXM4-40GB
#  Rank  1 Group  0 Pid  38200 on x3206c0s19b0n0 device  1 [0x46] NVIDIA A100-SXM4-40GB
#  Rank  2 Group  0 Pid  38201 on x3206c0s19b0n0 device  2 [0x85] NVIDIA A100-SXM4-40GB
#  Rank  3 Group  0 Pid  38202 on x3206c0s19b0n0 device  3 [0xc7] NVIDIA A100-SXM4-40GB
#  Rank  4 Group  0 Pid  47643 on x3206c0s19b1n0 device  0 [0x07] NVIDIA A100-SXM4-40GB
#  Rank  5 Group  0 Pid  47645 on x3206c0s19b1n0 device  1 [0x46] NVIDIA A100-SXM4-40GB
#  Rank  6 Group  0 Pid  47647 on x3206c0s19b1n0 device  2 [0x85] NVIDIA A100-SXM4-40GB
#  Rank  7 Group  0 Pid  47649 on x3206c0s19b1n0 device  3 [0xc7] NVIDIA A100-SXM4-40GB
#  Rank  8 Group  0 Pid  23213 on x3206c0s1b0n0 device  0 [0x07] NVIDIA A100-SXM4-40GB
#  Rank  9 Group  0 Pid  23214 on x3206c0s1b0n0 device  1 [0x46] NVIDIA A100-SXM4-40GB
#  Rank 10 Group  0 Pid  23215 on x3206c0s1b0n0 device  2 [0x85] NVIDIA A100-SXM4-40GB
#  Rank 11 Group  0 Pid  23216 on x3206c0s1b0n0 device  3 [0xc7] NVIDIA A100-SXM4-40GB
#  Rank 12 Group  0 Pid  39448 on x3206c0s1b1n0 device  0 [0x07] NVIDIA A100-SXM4-40GB
#  Rank 13 Group  0 Pid  39451 on x3206c0s1b1n0 device  1 [0x46] NVIDIA A100-SXM4-40GB
#  Rank 14 Group  0 Pid  39452 on x3206c0s1b1n0 device  2 [0x85] NVIDIA A100-SXM4-40GB
#  Rank 15 Group  0 Pid  39453 on x3206c0s1b1n0 device  3 [0xc7] NVIDIA A100-SXM4-40GB
#  Rank 16 Group  0 Pid  11618 on x3005c0s13b1n0 device  0 [0x07] NVIDIA A100-SXM4-40GB
#  Rank 17 Group  0 Pid  11621 on x3005c0s13b1n0 device  1 [0x46] NVIDIA A100-SXM4-40GB
#  Rank 18 Group  0 Pid  11622 on x3005c0s13b1n0 device  2 [0x85] NVIDIA A100-SXM4-40GB
#  Rank 19 Group  0 Pid  11623 on x3005c0s13b1n0 device  3 [0xc7] NVIDIA A100-SXM4-40GB
#  Rank 20 Group  0 Pid   5504 on x3005c0s19b0n0 device  0 [0x07] NVIDIA A100-SXM4-40GB
#  Rank 21 Group  0 Pid   5505 on x3005c0s19b0n0 device  1 [0x46] NVIDIA A100-SXM4-40GB
#  Rank 22 Group  0 Pid   5506 on x3005c0s19b0n0 device  2 [0x85] NVIDIA A100-SXM4-40GB
#  Rank 23 Group  0 Pid   5507 on x3005c0s19b0n0 device  3 [0xc7] NVIDIA A100-SXM4-40GB
#  Rank 24 Group  0 Pid  24231 on x3005c0s19b1n0 device  0 [0x07] NVIDIA A100-SXM4-40GB
#  Rank 25 Group  0 Pid  24232 on x3005c0s19b1n0 device  1 [0x46] NVIDIA A100-SXM4-40GB
#  Rank 26 Group  0 Pid  24233 on x3005c0s19b1n0 device  2 [0x85] NVIDIA A100-SXM4-40GB
#  Rank 27 Group  0 Pid  24234 on x3005c0s19b1n0 device  3 [0xc7] NVIDIA A100-SXM4-40GB
#  Rank 28 Group  0 Pid  27116 on x3005c0s1b0n0 device  0 [0x07] NVIDIA A100-SXM4-40GB
#  Rank 29 Group  0 Pid  27117 on x3005c0s1b0n0 device  1 [0x46] NVIDIA A100-SXM4-40GB
#  Rank 30 Group  0 Pid  27118 on x3005c0s1b0n0 device  2 [0x85] NVIDIA A100-SXM4-40GB
#  Rank 31 Group  0 Pid  27119 on x3005c0s1b0n0 device  3 [0xc7] NVIDIA A100-SXM4-40GB
#  Rank 32 Group  0 Pid    602 on x3005c0s1b1n0 device  0 [0x07] NVIDIA A100-SXM4-40GB
#  Rank 33 Group  0 Pid    603 on x3005c0s1b1n0 device  1 [0x46] NVIDIA A100-SXM4-40GB
#  Rank 34 Group  0 Pid    604 on x3005c0s1b1n0 device  2 [0x85] NVIDIA A100-SXM4-40GB
#  Rank 35 Group  0 Pid    605 on x3005c0s1b1n0 device  3 [0xc7] NVIDIA A100-SXM4-40GB
#  Rank 36 Group  0 Pid  50661 on x3005c0s25b0n0 device  0 [0x07] NVIDIA A100-SXM4-40GB
#  Rank 37 Group  0 Pid  50664 on x3005c0s25b0n0 device  1 [0x46] NVIDIA A100-SXM4-40GB
#  Rank 38 Group  0 Pid  50666 on x3005c0s25b0n0 device  2 [0x85] NVIDIA A100-SXM4-40GB
#  Rank 39 Group  0 Pid  50667 on x3005c0s25b0n0 device  3 [0xc7] NVIDIA A100-SXM4-40GB
#  Rank 40 Group  0 Pid  14293 on x3005c0s25b1n0 device  0 [0x07] NVIDIA A100-SXM4-40GB
#  Rank 41 Group  0 Pid  14294 on x3005c0s25b1n0 device  1 [0x46] NVIDIA A100-SXM4-40GB
#  Rank 42 Group  0 Pid  14295 on x3005c0s25b1n0 device  2 [0x85] NVIDIA A100-SXM4-40GB
#  Rank 43 Group  0 Pid  14296 on x3005c0s25b1n0 device  3 [0xc7] NVIDIA A100-SXM4-40GB
#  Rank 44 Group  0 Pid  64409 on x3005c0s31b0n0 device  0 [0x07] NVIDIA A100-SXM4-40GB
#  Rank 45 Group  0 Pid  64411 on x3005c0s31b0n0 device  1 [0x46] NVIDIA A100-SXM4-40GB
#  Rank 46 Group  0 Pid  64412 on x3005c0s31b0n0 device  2 [0x85] NVIDIA A100-SXM4-40GB
#  Rank 47 Group  0 Pid  64413 on x3005c0s31b0n0 device  3 [0xc7] NVIDIA A100-SXM4-40GB
#  Rank 48 Group  0 Pid  38643 on x3005c0s31b1n0 device  0 [0x07] NVIDIA A100-SXM4-40GB
#  Rank 49 Group  0 Pid  38644 on x3005c0s31b1n0 device  1 [0x46] NVIDIA A100-SXM4-40GB
#  Rank 50 Group  0 Pid  38645 on x3005c0s31b1n0 device  2 [0x85] NVIDIA A100-SXM4-40GB
#  Rank 51 Group  0 Pid  38646 on x3005c0s31b1n0 device  3 [0xc7] NVIDIA A100-SXM4-40GB
#  Rank 52 Group  0 Pid  42749 on x3005c0s37b0n0 device  0 [0x07] NVIDIA A100-SXM4-40GB
#  Rank 53 Group  0 Pid  42751 on x3005c0s37b0n0 device  1 [0x46] NVIDIA A100-SXM4-40GB
#  Rank 54 Group  0 Pid  42753 on x3005c0s37b0n0 device  2 [0x85] NVIDIA A100-SXM4-40GB
#  Rank 55 Group  0 Pid  42754 on x3005c0s37b0n0 device  3 [0xc7] NVIDIA A100-SXM4-40GB
#  Rank 56 Group  0 Pid  25428 on x3005c0s7b0n0 device  0 [0x07] NVIDIA A100-SXM4-40GB
#  Rank 57 Group  0 Pid  25429 on x3005c0s7b0n0 device  1 [0x46] NVIDIA A100-SXM4-40GB
#  Rank 58 Group  0 Pid  25430 on x3005c0s7b0n0 device  2 [0x85] NVIDIA A100-SXM4-40GB
#  Rank 59 Group  0 Pid  25431 on x3005c0s7b0n0 device  3 [0xc7] NVIDIA A100-SXM4-40GB
#  Rank 60 Group  0 Pid   7124 on x3005c0s7b1n0 device  0 [0x07] NVIDIA A100-SXM4-40GB
#  Rank 61 Group  0 Pid   7126 on x3005c0s7b1n0 device  1 [0x46] NVIDIA A100-SXM4-40GB
#  Rank 62 Group  0 Pid   7127 on x3005c0s7b1n0 device  2 [0x85] NVIDIA A100-SXM4-40GB
#  Rank 63 Group  0 Pid   7128 on x3005c0s7b1n0 device  3 [0xc7] NVIDIA A100-SXM4-40GB
x3206c0s19b0n0:38199:38199 [0] NCCL INFO Bootstrap : Using bond0:10.140.56.222<0>
x3206c0s19b0n0:38199:38199 [0] NCCL INFO NET/Plugin : Plugin load returned 17 : libnccl-net.so: cannot open shared object file: No such file or directory.
x3206c0s19b0n0:38199:38199 [0] NCCL INFO NET/IB : Using [0]mlx5_0:1/RoCE [1]mlx5_1:1/RoCE [RO]; OOB bond0:10.140.56.222<0>
x3206c0s19b0n0:38199:38199 [0] NCCL INFO Using network IB
NCCL version 2.12.12.MSCCL.0.7.4+cuda11.4
x3206c0s19b0n0:38202:38202 [3] NCCL INFO Bootstrap : Using bond0:10.140.56.222<0>
x3206c0s19b0n0:38202:38202 [3] NCCL INFO NET/Plugin : No plugin found (libnccl-net.so), using internal implementation
x3206c0s19b0n0:38201:38201 [2] NCCL INFO Bootstrap : Using bond0:10.140.56.222<0>
x3206c0s19b0n0:38201:38201 [2] NCCL INFO NET/Plugin : No plugin found (libnccl-net.so), using internal implementation
x3206c0s19b0n0:38200:38200 [1] NCCL INFO Bootstrap : Using bond0:10.140.56.222<0>
x3206c0s19b0n0:38200:38200 [1] NCCL INFO NET/Plugin : No plugin found (libnccl-net.so), using internal implementation
x3206c0s19b0n0:38200:38200 [1] NCCL INFO NET/IB : Using [0]mlx5_0:1/RoCE [1]mlx5_1:1/RoCE [RO]; OOB bond0:10.140.56.222<0>
x3206c0s19b0n0:38200:38200 [1] NCCL INFO Using network IB
x3206c0s19b0n0:38201:38201 [2] NCCL INFO NET/IB : Using [0]mlx5_0:1/RoCE [1]mlx5_1:1/RoCE [RO]; OOB bond0:10.140.56.222<0>
x3206c0s19b0n0:38201:38201 [2] NCCL INFO Using network IB
x3206c0s19b0n0:38202:38202 [3] NCCL INFO NET/IB : Using [0]mlx5_0:1/RoCE [1]mlx5_1:1/RoCE [RO]; OOB bond0:10.140.56.222<0>
x3206c0s19b0n0:38202:38202 [3] NCCL INFO Using network IB
x3206c0s1b1n0:39452:39452 [2] NCCL INFO Bootstrap : Using bond0:10.140.56.217<0>
x3005c0s19b1n0:24233:24233 [2] NCCL INFO Bootstrap : Using bond0:10.140.57.82<0>
x3005c0s19b1n0:24233:24233 [2] NCCL INFO NET/Plugin : No plugin found (libnccl-net.so), using internal implementation
x3206c0s1b1n0:39452:39452 [2] NCCL INFO NET/Plugin : No plugin found (libnccl-net.so), using internal implementation
x3005c0s19b1n0:24234:24234 [3] NCCL INFO Bootstrap : Using bond0:10.140.57.82<0>
x3005c0s19b1n0:24234:24234 [3] NCCL INFO NET/Plugin : No plugin found (libnccl-net.so), using internal implementation
x3005c0s19b1n0:24231:24231 [0] NCCL INFO Bootstrap : Using bond0:10.140.57.82<0>
x3005c0s19b1n0:24232:24232 [1] NCCL INFO Bootstrap : Using bond0:10.140.57.82<0>
x3005c0s19b1n0:24232:24232 [1] NCCL INFO NET/Plugin : No plugin found (libnccl-net.so), using internal implementation
x3005c0s19b1n0:24231:24231 [0] NCCL INFO NET/Plugin : No plugin found (libnccl-net.so), using internal implementation
x3206c0s1b1n0:39451:39451 [1] NCCL INFO Bootstrap : Using bond0:10.140.56.217<0>
x3206c0s1b1n0:39451:39451 [1] NCCL INFO NET/Plugin : No plugin found (libnccl-net.so), using internal implementation
x3206c0s1b1n0:39448:39448 [0] NCCL INFO Bootstrap : Using bond0:10.140.56.217<0>
x3206c0s1b1n0:39453:39453 [3] NCCL INFO Bootstrap : Using bond0:10.140.56.217<0>
x3206c0s1b1n0:39448:39448 [0] NCCL INFO NET/Plugin : No plugin found (libnccl-net.so), using internal implementation
x3206c0s1b1n0:39453:39453 [3] NCCL INFO NET/Plugin : No plugin found (libnccl-net.so), using internal implementation
x3005c0s19b1n0:24231:24231 [0] NCCL INFO NET/IB : Using [0]mlx5_0:1/RoCE [1]mlx5_1:1/RoCE [RO]; OOB bond0:10.140.57.82<0>
x3005c0s19b1n0:24231:24231 [0] NCCL INFO Using network IB
x3005c0s19b1n0:24232:24232 [1] NCCL INFO NET/IB : Using [0]mlx5_0:1/RoCE [1]mlx5_1:1/RoCE [RO]; OOB bond0:10.140.57.82<0>
x3005c0s19b1n0:24232:24232 [1] NCCL INFO Using network IB
x3206c0s1b1n0:39451:39451 [1] NCCL INFO NET/IB : Using [0]mlx5_0:1/RoCE [1]mlx5_1:1/RoCE [RO]; OOB bond0:10.140.56.217<0>
x3206c0s1b1n0:39451:39451 [1] NCCL INFO Using network IB
x3206c0s1b1n0:39453:39453 [3] NCCL INFO NET/IB : Using [0]mlx5_0:1/RoCE [1]mlx5_1:1/RoCE [RO]; OOB bond0:10.140.56.217<0>
x3206c0s1b1n0:39453:39453 [3] NCCL INFO Using network IB
x3206c0s1b1n0:39448:39448 [0] NCCL INFO NET/IB : Using [0]mlx5_0:1/RoCE [1]mlx5_1:1/RoCE [RO]; OOB bond0:10.140.56.217<0>
x3206c0s1b1n0:39448:39448 [0] NCCL INFO Using network IB
x3005c0s13b1n0:11622:11622 [2] NCCL INFO Bootstrap : Using bond0:10.140.57.86<0>
x3005c0s1b1n0:605:605 [3] NCCL INFO Bootstrap : Using bond0:10.140.57.76<0>
x3005c0s13b1n0:11622:11622 [2] NCCL INFO NET/Plugin : No plugin found (libnccl-net.so), using internal implementation
x3005c0s13b1n0:11623:11623 [3] NCCL INFO Bootstrap : Using bond0:10.140.57.86<0>
x3005c0s1b1n0:605:605 [3] NCCL INFO NET/Plugin : No plugin found (libnccl-net.so), using internal implementation
x3005c0s13b1n0:11621:11621 [1] NCCL INFO Bootstrap : Using bond0:10.140.57.86<0>
x3005c0s13b1n0:11621:11621 [1] NCCL INFO NET/Plugin : No plugin found (libnccl-net.so), using internal implementation
x3005c0s13b1n0:11623:11623 [3] NCCL INFO NET/Plugin : No plugin found (libnccl-net.so), using internal implementation
x3005c0s1b1n0:603:603 [1] NCCL INFO Bootstrap : Using bond0:10.140.57.76<0>
x3005c0s1b1n0:604:604 [2] NCCL INFO Bootstrap : Using bond0:10.140.57.76<0>
x3005c0s1b1n0:603:603 [1] NCCL INFO NET/Plugin : No plugin found (libnccl-net.so), using internal implementation
x3005c0s1b1n0:604:604 [2] NCCL INFO NET/Plugin : No plugin found (libnccl-net.so), using internal implementation
x3005c0s13b1n0:11618:11618 [0] NCCL INFO Bootstrap : Using bond0:10.140.57.86<0>
x3005c0s1b1n0:602:602 [0] NCCL INFO Bootstrap : Using bond0:10.140.57.76<0>
x3005c0s13b1n0:11618:11618 [0] NCCL INFO NET/Plugin : No plugin found (libnccl-net.so), using internal implementation
x3005c0s1b1n0:602:602 [0] NCCL INFO NET/Plugin : No plugin found (libnccl-net.so), using internal implementation
x3005c0s37b0n0:42754:42754 [3] NCCL INFO Bootstrap : Using bond0:10.140.57.88<0>
x3206c0s1b1n0:39452:39452 [2] NCCL INFO NET/IB : Using [0]mlx5_0:1/RoCE [1]mlx5_1:1/RoCE [RO]; OOB bond0:10.140.56.217<0>
x3206c0s1b1n0:39452:39452 [2] NCCL INFO Using network IB
x3005c0s31b1n0:38645:38645 [2] NCCL INFO Bootstrap : Using bond0:10.140.57.89<0>
x3005c0s31b1n0:38646:38646 [3] NCCL INFO Bootstrap : Using bond0:10.140.57.89<0>
x3005c0s31b1n0:38644:38644 [1] NCCL INFO Bootstrap : Using bond0:10.140.57.89<0>
x3005c0s31b1n0:38643:38643 [0] NCCL INFO Bootstrap : Using bond0:10.140.57.89<0>
x3005c0s19b1n0:24234:24234 [3] NCCL INFO NET/IB : Using [0]mlx5_0:1/RoCE [1]mlx5_1:1/RoCE [RO]; OOB bond0:10.140.57.82<0>
x3005c0s19b1n0:24234:24234 [3] NCCL INFO Using network IB
x3005c0s19b1n0:24233:24233 [2] NCCL INFO NET/IB : Using [0]mlx5_0:1/RoCE [1]mlx5_1:1/RoCE [RO]; OOB bond0:10.140.57.82<0>
x3005c0s19b1n0:24233:24233 [2] NCCL INFO Using network IB
x3005c0s37b0n0:42751:42751 [1] NCCL INFO Bootstrap : Using bond0:10.140.57.88<0>
x3005c0s37b0n0:42749:42749 [0] NCCL INFO Bootstrap : Using bond0:10.140.57.88<0>
x3005c0s37b0n0:42753:42753 [2] NCCL INFO Bootstrap : Using bond0:10.140.57.88<0>
x3005c0s31b1n0:38644:38644 [1] NCCL INFO NET/Plugin : No plugin found (libnccl-net.so), using internal implementation
x3005c0s31b1n0:38645:38645 [2] NCCL INFO NET/Plugin : No plugin found (libnccl-net.so), using internal implementation
x3005c0s31b1n0:38646:38646 [3] NCCL INFO NET/Plugin : No plugin found (libnccl-net.so), using internal implementation
x3005c0s31b1n0:38643:38643 [0] NCCL INFO NET/Plugin : No plugin found (libnccl-net.so), using internal implementation
x3005c0s37b0n0:42749:42749 [0] NCCL INFO NET/Plugin : No plugin found (libnccl-net.so), using internal implementation
x3005c0s37b0n0:42751:42751 [1] NCCL INFO NET/Plugin : No plugin found (libnccl-net.so), using internal implementation
x3005c0s37b0n0:42753:42753 [2] NCCL INFO NET/Plugin : No plugin found (libnccl-net.so), using internal implementation
x3005c0s37b0n0:42754:42754 [3] NCCL INFO NET/Plugin : No plugin found (libnccl-net.so), using internal implementation
x3005c0s19b0n0:5507:5507 [3] NCCL INFO Bootstrap : Using bond0:10.140.57.83<0>
x3005c0s19b0n0:5505:5505 [1] NCCL INFO Bootstrap : Using bond0:10.140.57.83<0>
x3005c0s19b0n0:5505:5505 [1] NCCL INFO NET/Plugin : No plugin found (libnccl-net.so), using internal implementation
x3005c0s19b0n0:5507:5507 [3] NCCL INFO NET/Plugin : No plugin found (libnccl-net.so), using internal implementation
x3005c0s13b1n0:11621:11621 [1] NCCL INFO NET/IB : Using [0]mlx5_0:1/RoCE [1]mlx5_1:1/RoCE [RO]; OOB bond0:10.140.57.86<0>
x3005c0s13b1n0:11621:11621 [1] NCCL INFO Using network IB
x3005c0s13b1n0:11618:11618 [0] NCCL INFO NET/IB : Using [0]mlx5_0:1/RoCE [1]mlx5_1:1/RoCE [RO]; OOB bond0:10.140.57.86<0>
x3005c0s13b1n0:11618:11618 [0] NCCL INFO Using network IB
x3005c0s13b1n0:11622:11622 [2] NCCL INFO NET/IB : Using [0]mlx5_0:1/RoCE [1]mlx5_1:1/RoCE [RO]; OOB bond0:10.140.57.86<0>
x3005c0s13b1n0:11622:11622 [2] NCCL INFO Using network IB
x3005c0s13b1n0:11623:11623 [3] NCCL INFO NET/IB : Using [0]mlx5_0:1/RoCE [1]mlx5_1:1/RoCE [RO]; OOB bond0:10.140.57.86<0>
x3005c0s13b1n0:11623:11623 [3] NCCL INFO Using network IB
x3005c0s19b0n0:5504:5504 [0] NCCL INFO Bootstrap : Using bond0:10.140.57.83<0>
x3005c0s19b0n0:5506:5506 [2] NCCL INFO Bootstrap : Using bond0:10.140.57.83<0>
x3005c0s19b0n0:5504:5504 [0] NCCL INFO NET/Plugin : No plugin found (libnccl-net.so), using internal implementation
x3005c0s19b0n0:5506:5506 [2] NCCL INFO NET/Plugin : No plugin found (libnccl-net.so), using internal implementation
x3005c0s1b1n0:602:602 [0] NCCL INFO NET/IB : Using [0]mlx5_0:1/RoCE [1]mlx5_1:1/RoCE [RO]; OOB bond0:10.140.57.76<0>
x3005c0s1b1n0:602:602 [0] NCCL INFO Using network IB
x3005c0s1b1n0:603:603 [1] NCCL INFO NET/IB : Using [0]mlx5_0:1/RoCE [1]mlx5_1:1/RoCE [RO]; OOB bond0:10.140.57.76<0>
x3005c0s1b1n0:603:603 [1] NCCL INFO Using network IB
x3005c0s1b1n0:604:604 [2] NCCL INFO NET/IB : Using [0]mlx5_0:1/RoCE [1]mlx5_1:1/RoCE [RO]; OOB bond0:10.140.57.76<0>
x3005c0s1b1n0:604:604 [2] NCCL INFO Using network IB
x3005c0s1b1n0:605:605 [3] NCCL INFO NET/IB : Using [0]mlx5_0:1/RoCE [1]mlx5_1:1/RoCE [RO]; OOB bond0:10.140.57.76<0>
x3005c0s1b1n0:605:605 [3] NCCL INFO Using network IB
x3005c0s19b0n0:5504:5504 [0] NCCL INFO NET/IB : Using [0]mlx5_0:1/RoCE [1]mlx5_1:1/RoCE [RO]; OOB bond0:10.140.57.83<0>
x3005c0s19b0n0:5504:5504 [0] NCCL INFO Using network IB
x3005c0s19b0n0:5506:5506 [2] NCCL INFO NET/IB : Using [0]mlx5_0:1/RoCE [1]mlx5_1:1/RoCE [RO]; OOB bond0:10.140.57.83<0>
x3005c0s19b0n0:5506:5506 [2] NCCL INFO Using network IB
x3005c0s25b1n0:14296:14296 [3] NCCL INFO Bootstrap : Using bond0:10.140.57.77<0>
x3005c0s31b1n0:38644:38644 [1] NCCL INFO NET/IB : Using [0]mlx5_0:1/RoCE [1]mlx5_1:1/RoCE [RO]; OOB bond0:10.140.57.89<0>
x3005c0s31b1n0:38644:38644 [1] NCCL INFO Using network IB
x3005c0s31b1n0:38645:38645 [2] NCCL INFO NET/IB : Using [0]mlx5_0:1/RoCE [1]mlx5_1:1/RoCE [RO]; OOB bond0:10.140.57.89<0>
x3005c0s31b1n0:38645:38645 [2] NCCL INFO Using network IB
x3005c0s31b1n0:38646:38646 [3] NCCL INFO NET/IB : Using [0]mlx5_0:1/RoCE [1]mlx5_1:1/RoCE [RO]; OOB bond0:10.140.57.89<0>
x3005c0s31b1n0:38646:38646 [3] NCCL INFO Using network IB
x3005c0s25b1n0:14295:14295 [2] NCCL INFO Bootstrap : Using bond0:10.140.57.77<0>
x3005c0s31b1n0:38643:38643 [0] NCCL INFO NET/IB : Using [0]mlx5_0:1/RoCE [1]mlx5_1:1/RoCE [RO]; OOB bond0:10.140.57.89<0>
x3005c0s31b1n0:38643:38643 [0] NCCL INFO Using network IB
x3005c0s25b1n0:14293:14293 [0] NCCL INFO Bootstrap : Using bond0:10.140.57.77<0>
x3005c0s25b1n0:14294:14294 [1] NCCL INFO Bootstrap : Using bond0:10.140.57.77<0>
x3005c0s37b0n0:42754:42754 [3] NCCL INFO NET/IB : Using [0]mlx5_0:1/RoCE [1]mlx5_1:1/RoCE [RO]; OOB bond0:10.140.57.88<0>
x3005c0s37b0n0:42754:42754 [3] NCCL INFO Using network IB
x3005c0s37b0n0:42749:42749 [0] NCCL INFO NET/IB : Using [0]mlx5_0:1/RoCE [1]mlx5_1:1/RoCE [RO]; OOB bond0:10.140.57.88<0>
x3005c0s37b0n0:42749:42749 [0] NCCL INFO Using network IB
x3005c0s37b0n0:42751:42751 [1] NCCL INFO NET/IB : Using [0]mlx5_0:1/RoCE [1]mlx5_1:1/RoCE [RO]; OOB bond0:10.140.57.88<0>
x3005c0s37b0n0:42751:42751 [1] NCCL INFO Using network IB
x3005c0s37b0n0:42753:42753 [2] NCCL INFO NET/IB : Using [0]mlx5_0:1/RoCE [1]mlx5_1:1/RoCE [RO]; OOB bond0:10.140.57.88<0>
x3005c0s37b0n0:42753:42753 [2] NCCL INFO Using network IB
x3005c0s19b0n0:5507:5507 [3] NCCL INFO NET/IB : Using [0]mlx5_0:1/RoCE [1]mlx5_1:1/RoCE [RO]; OOB bond0:10.140.57.83<0>
x3005c0s19b0n0:5507:5507 [3] NCCL INFO Using network IB
x3005c0s19b0n0:5505:5505 [1] NCCL INFO NET/IB : Using [0]mlx5_0:1/RoCE [1]mlx5_1:1/RoCE [RO]; OOB bond0:10.140.57.83<0>
x3005c0s19b0n0:5505:5505 [1] NCCL INFO Using network IB
x3005c0s25b1n0:14293:14293 [0] NCCL INFO NET/Plugin : No plugin found (libnccl-net.so), using internal implementation
x3005c0s25b1n0:14294:14294 [1] NCCL INFO NET/Plugin : No plugin found (libnccl-net.so), using internal implementation
x3005c0s25b1n0:14295:14295 [2] NCCL INFO NET/Plugin : No plugin found (libnccl-net.so), using internal implementation
x3005c0s25b1n0:14296:14296 [3] NCCL INFO NET/Plugin : No plugin found (libnccl-net.so), using internal implementation
x3206c0s1b0n0:23216:23216 [3] NCCL INFO Bootstrap : Using bond0:10.140.56.216<0>
x3206c0s1b0n0:23216:23216 [3] NCCL INFO NET/Plugin : No plugin found (libnccl-net.so), using internal implementation
x3206c0s1b0n0:23213:23213 [0] NCCL INFO Bootstrap : Using bond0:10.140.56.216<0>
x3005c0s7b0n0:25430:25430 [2] NCCL INFO Bootstrap : Using bond0:10.140.57.73<0>
x3005c0s7b0n0:25431:25431 [3] NCCL INFO Bootstrap : Using bond0:10.140.57.73<0>
x3206c0s1b0n0:23213:23213 [0] NCCL INFO NET/Plugin : No plugin found (libnccl-net.so), using internal implementation
x3005c0s7b0n0:25430:25430 [2] NCCL INFO NET/Plugin : No plugin found (libnccl-net.so), using internal implementation
x3005c0s7b0n0:25431:25431 [3] NCCL INFO NET/Plugin : No plugin found (libnccl-net.so), using internal implementation
x3005c0s7b0n0:25429:25429 [1] NCCL INFO Bootstrap : Using bond0:10.140.57.73<0>
x3005c0s7b0n0:25428:25428 [0] NCCL INFO Bootstrap : Using bond0:10.140.57.73<0>
x3206c0s1b0n0:23214:23214 [1] NCCL INFO Bootstrap : Using bond0:10.140.56.216<0>
x3206c0s1b0n0:23215:23215 [2] NCCL INFO Bootstrap : Using bond0:10.140.56.216<0>
x3206c0s1b0n0:23214:23214 [1] NCCL INFO NET/Plugin : No plugin found (libnccl-net.so), using internal implementation
x3206c0s1b0n0:23215:23215 [2] NCCL INFO NET/Plugin : No plugin found (libnccl-net.so), using internal implementation
x3005c0s7b0n0:25428:25428 [0] NCCL INFO NET/Plugin : No plugin found (libnccl-net.so), using internal implementation
x3005c0s7b0n0:25429:25429 [1] NCCL INFO NET/Plugin : No plugin found (libnccl-net.so), using internal implementation
x3206c0s1b0n0:23214:23214 [1] NCCL INFO NET/IB : Using [0]mlx5_0:1/RoCE [1]mlx5_1:1/RoCE [RO]; OOB bond0:10.140.56.216<0>
x3206c0s1b0n0:23214:23214 [1] NCCL INFO Using network IB
x3206c0s1b0n0:23215:23215 [2] NCCL INFO NET/IB : Using [0]mlx5_0:1/RoCE [1]mlx5_1:1/RoCE [RO]; OOB bond0:10.140.56.216<0>
x3206c0s1b0n0:23215:23215 [2] NCCL INFO Using network IB
x3005c0s31b0n0:64412:64412 [2] NCCL INFO Bootstrap : Using bond0:10.140.57.90<0>
x3005c0s31b0n0:64412:64412 [2] NCCL INFO NET/Plugin : No plugin found (libnccl-net.so), using internal implementation
x3005c0s31b0n0:64411:64411 [1] NCCL INFO Bootstrap : Using bond0:10.140.57.90<0>
x3005c0s31b0n0:64409:64409 [0] NCCL INFO Bootstrap : Using bond0:10.140.57.90<0>
x3005c0s7b1n0:7128:7128 [3] NCCL INFO Bootstrap : Using bond0:10.140.57.72<0>
x3005c0s31b0n0:64413:64413 [3] NCCL INFO Bootstrap : Using bond0:10.140.57.90<0>
x3005c0s31b0n0:64409:64409 [0] NCCL INFO NET/Plugin : No plugin found (libnccl-net.so), using internal implementation
x3005c0s31b0n0:64411:64411 [1] NCCL INFO NET/Plugin : No plugin found (libnccl-net.so), using internal implementation
x3005c0s31b0n0:64413:64413 [3] NCCL INFO NET/Plugin : No plugin found (libnccl-net.so), using internal implementation
x3005c0s7b1n0:7124:7124 [0] NCCL INFO Bootstrap : Using bond0:10.140.57.72<0>
x3005c0s7b1n0:7126:7126 [1] NCCL INFO Bootstrap : Using bond0:10.140.57.72<0>
x3005c0s7b1n0:7127:7127 [2] NCCL INFO Bootstrap : Using bond0:10.140.57.72<0>
x3005c0s25b1n0:14293:14293 [0] NCCL INFO NET/IB : Using [0]mlx5_0:1/RoCE [1]mlx5_1:1/RoCE [RO]; OOB bond0:10.140.57.77<0>
x3005c0s25b1n0:14293:14293 [0] NCCL INFO Using network IB
x3005c0s25b1n0:14296:14296 [3] NCCL INFO NET/IB : Using [0]mlx5_0:1/RoCE [1]mlx5_1:1/RoCE [RO]; OOB bond0:10.140.57.77<0>
x3005c0s25b1n0:14296:14296 [3] NCCL INFO Using network IB
x3005c0s7b1n0:7124:7124 [0] NCCL INFO NET/Plugin : No plugin found (libnccl-net.so), using internal implementation
x3005c0s7b1n0:7126:7126 [1] NCCL INFO NET/Plugin : No plugin found (libnccl-net.so), using internal implementation
x3005c0s7b1n0:7127:7127 [2] NCCL INFO NET/Plugin : No plugin found (libnccl-net.so), using internal implementation
x3005c0s7b1n0:7128:7128 [3] NCCL INFO NET/Plugin : No plugin found (libnccl-net.so), using internal implementation
x3005c0s25b1n0:14295:14295 [2] NCCL INFO NET/IB : Using [0]mlx5_0:1/RoCE [1]mlx5_1:1/RoCE [RO]; OOB bond0:10.140.57.77<0>
x3005c0s25b1n0:14295:14295 [2] NCCL INFO Using network IB
x3005c0s25b1n0:14294:14294 [1] NCCL INFO NET/IB : Using [0]mlx5_0:1/RoCE [1]mlx5_1:1/RoCE [RO]; OOB bond0:10.140.57.77<0>
x3005c0s25b1n0:14294:14294 [1] NCCL INFO Using network IB
x3005c0s31b0n0:64409:64409 [0] NCCL INFO NET/IB : Using [0]mlx5_0:1/RoCE [1]mlx5_1:1/RoCE [RO]; OOB bond0:10.140.57.90<0>
x3005c0s31b0n0:64409:64409 [0] NCCL INFO Using network IB
x3005c0s31b0n0:64411:64411 [1] NCCL INFO NET/IB : Using [0]mlx5_0:1/RoCE [1]mlx5_1:1/RoCE [RO]; OOB bond0:10.140.57.90<0>
x3005c0s31b0n0:64411:64411 [1] NCCL INFO Using network IB
x3005c0s31b0n0:64413:64413 [3] NCCL INFO NET/IB : Using [0]mlx5_0:1/RoCE [1]mlx5_1:1/RoCE [RO]; OOB bond0:10.140.57.90<0>
x3005c0s31b0n0:64413:64413 [3] NCCL INFO Using network IB
x3206c0s1b0n0:23213:23213 [0] NCCL INFO NET/IB : Using [0]mlx5_0:1/RoCE [1]mlx5_1:1/RoCE [RO]; OOB bond0:10.140.56.216<0>
x3206c0s1b0n0:23213:23213 [0] NCCL INFO Using network IB
x3206c0s1b0n0:23216:23216 [3] NCCL INFO NET/IB : Using [0]mlx5_0:1/RoCE [1]mlx5_1:1/RoCE [RO]; OOB bond0:10.140.56.216<0>
x3206c0s1b0n0:23216:23216 [3] NCCL INFO Using network IB
x3005c0s7b0n0:25430:25430 [2] NCCL INFO NET/IB : Using [0]mlx5_0:1/RoCE [1]mlx5_1:1/RoCE [RO]; OOB bond0:10.140.57.73<0>
x3005c0s7b0n0:25430:25430 [2] NCCL INFO Using network IB
x3005c0s7b0n0:25429:25429 [1] NCCL INFO NET/IB : Using [0]mlx5_0:1/RoCE [1]mlx5_1:1/RoCE [RO]; OOB bond0:10.140.57.73<0>
x3005c0s7b0n0:25429:25429 [1] NCCL INFO Using network IB
x3005c0s7b0n0:25431:25431 [3] NCCL INFO NET/IB : Using [0]mlx5_0:1/RoCE [1]mlx5_1:1/RoCE [RO]; OOB bond0:10.140.57.73<0>
x3005c0s7b0n0:25431:25431 [3] NCCL INFO Using network IB
x3005c0s7b0n0:25428:25428 [0] NCCL INFO NET/IB : Using [0]mlx5_0:1/RoCE [1]mlx5_1:1/RoCE [RO]; OOB bond0:10.140.57.73<0>
x3005c0s7b0n0:25428:25428 [0] NCCL INFO Using network IB
x3005c0s25b0n0:50664:50664 [1] NCCL INFO Bootstrap : Using bond0:10.140.57.85<0>
x3005c0s25b0n0:50664:50664 [1] NCCL INFO NET/Plugin : No plugin found (libnccl-net.so), using internal implementation
x3005c0s31b0n0:64412:64412 [2] NCCL INFO NET/IB : Using [0]mlx5_0:1/RoCE [1]mlx5_1:1/RoCE [RO]; OOB bond0:10.140.57.90<0>
x3005c0s31b0n0:64412:64412 [2] NCCL INFO Using network IB
x3005c0s25b0n0:50667:50667 [3] NCCL INFO Bootstrap : Using bond0:10.140.57.85<0>
x3005c0s25b0n0:50661:50661 [0] NCCL INFO Bootstrap : Using bond0:10.140.57.85<0>
x3005c0s25b0n0:50666:50666 [2] NCCL INFO Bootstrap : Using bond0:10.140.57.85<0>
x3005c0s25b0n0:50661:50661 [0] NCCL INFO NET/Plugin : No plugin found (libnccl-net.so), using internal implementation
x3005c0s25b0n0:50666:50666 [2] NCCL INFO NET/Plugin : No plugin found (libnccl-net.so), using internal implementation
x3005c0s25b0n0:50667:50667 [3] NCCL INFO NET/Plugin : No plugin found (libnccl-net.so), using internal implementation
x3005c0s7b1n0:7128:7128 [3] NCCL INFO NET/IB : Using [0]mlx5_0:1/RoCE [1]mlx5_1:1/RoCE [RO]; OOB bond0:10.140.57.72<0>
x3005c0s7b1n0:7124:7124 [0] NCCL INFO NET/IB : Using [0]mlx5_0:1/RoCE [1]mlx5_1:1/RoCE [RO]; OOB bond0:10.140.57.72<0>
x3005c0s7b1n0:7124:7124 [0] NCCL INFO Using network IB
x3005c0s7b1n0:7128:7128 [3] NCCL INFO Using network IB
x3005c0s7b1n0:7126:7126 [1] NCCL INFO NET/IB : Using [0]mlx5_0:1/RoCE [1]mlx5_1:1/RoCE [RO]; OOB bond0:10.140.57.72<0>
x3005c0s7b1n0:7126:7126 [1] NCCL INFO Using network IB
x3005c0s7b1n0:7127:7127 [2] NCCL INFO NET/IB : Using [0]mlx5_0:1/RoCE [1]mlx5_1:1/RoCE [RO]; OOB bond0:10.140.57.72<0>
x3005c0s7b1n0:7127:7127 [2] NCCL INFO Using network IB
x3005c0s25b0n0:50661:50661 [0] NCCL INFO NET/IB : Using [0]mlx5_0:1/RoCE [1]mlx5_1:1/RoCE [RO]; OOB bond0:10.140.57.85<0>
x3005c0s25b0n0:50661:50661 [0] NCCL INFO Using network IB
x3005c0s25b0n0:50667:50667 [3] NCCL INFO NET/IB : Using [0]mlx5_0:1/RoCE [1]mlx5_1:1/RoCE [RO]; OOB bond0:10.140.57.85<0>
x3005c0s25b0n0:50667:50667 [3] NCCL INFO Using network IB
x3005c0s25b0n0:50666:50666 [2] NCCL INFO NET/IB : Using [0]mlx5_0:1/RoCE [1]mlx5_1:1/RoCE [RO]; OOB bond0:10.140.57.85<0>
x3005c0s25b0n0:50666:50666 [2] NCCL INFO Using network IB
x3005c0s25b0n0:50664:50664 [1] NCCL INFO NET/IB : Using [0]mlx5_0:1/RoCE [1]mlx5_1:1/RoCE [RO]; OOB bond0:10.140.57.85<0>
x3005c0s25b0n0:50664:50664 [1] NCCL INFO Using network IB
x3206c0s19b1n0:47645:47645 [1] NCCL INFO Bootstrap : Using bond0:10.140.56.223<0>
x3206c0s19b1n0:47647:47647 [2] NCCL INFO Bootstrap : Using bond0:10.140.56.223<0>
x3206c0s19b1n0:47649:47649 [3] NCCL INFO Bootstrap : Using bond0:10.140.56.223<0>
x3206c0s19b1n0:47643:47643 [0] NCCL INFO Bootstrap : Using bond0:10.140.56.223<0>
x3206c0s19b1n0:47643:47643 [0] NCCL INFO NET/Plugin : No plugin found (libnccl-net.so), using internal implementation
x3206c0s19b1n0:47645:47645 [1] NCCL INFO NET/Plugin : No plugin found (libnccl-net.so), using internal implementation
x3206c0s19b1n0:47649:47649 [3] NCCL INFO NET/Plugin : No plugin found (libnccl-net.so), using internal implementation
x3206c0s19b1n0:47647:47647 [2] NCCL INFO NET/Plugin : No plugin found (libnccl-net.so), using internal implementation
x3206c0s19b1n0:47645:47645 [1] NCCL INFO NET/IB : Using [0]mlx5_0:1/RoCE [1]mlx5_1:1/RoCE [RO]; OOB bond0:10.140.56.223<0>
x3206c0s19b1n0:47645:47645 [1] NCCL INFO Using network IB
x3206c0s19b1n0:47647:47647 [2] NCCL INFO NET/IB : Using [0]mlx5_0:1/RoCE [1]mlx5_1:1/RoCE [RO]; OOB bond0:10.140.56.223<0>
x3206c0s19b1n0:47647:47647 [2] NCCL INFO Using network IB
x3206c0s19b1n0:47643:47643 [0] NCCL INFO NET/IB : Using [0]mlx5_0:1/RoCE [1]mlx5_1:1/RoCE [RO]; OOB bond0:10.140.56.223<0>
x3206c0s19b1n0:47643:47643 [0] NCCL INFO Using network IB
x3206c0s19b1n0:47649:47649 [3] NCCL INFO NET/IB : Using [0]mlx5_0:1/RoCE [1]mlx5_1:1/RoCE [RO]; OOB bond0:10.140.56.223<0>
x3206c0s19b1n0:47649:47649 [3] NCCL INFO Using network IB
x3005c0s1b0n0:27117:27117 [1] NCCL INFO Bootstrap : Using bond0:10.140.57.65<0>
x3005c0s1b0n0:27119:27119 [3] NCCL INFO Bootstrap : Using bond0:10.140.57.65<0>
x3005c0s1b0n0:27118:27118 [2] NCCL INFO Bootstrap : Using bond0:10.140.57.65<0>
x3005c0s1b0n0:27116:27116 [0] NCCL INFO Bootstrap : Using bond0:10.140.57.65<0>
x3005c0s1b0n0:27116:27116 [0] NCCL INFO NET/Plugin : No plugin found (libnccl-net.so), using internal implementation
x3005c0s1b0n0:27117:27117 [1] NCCL INFO NET/Plugin : No plugin found (libnccl-net.so), using internal implementation
x3005c0s1b0n0:27119:27119 [3] NCCL INFO NET/Plugin : No plugin found (libnccl-net.so), using internal implementation
x3005c0s1b0n0:27118:27118 [2] NCCL INFO NET/Plugin : No plugin found (libnccl-net.so), using internal implementation
x3005c0s1b0n0:27116:27116 [0] NCCL INFO NET/IB : Using [0]mlx5_0:1/RoCE [1]mlx5_1:1/RoCE [RO]; OOB bond0:10.140.57.65<0>
x3005c0s1b0n0:27117:27117 [1] NCCL INFO NET/IB : Using [0]mlx5_0:1/RoCE [1]mlx5_1:1/RoCE [RO]; OOB bond0:10.140.57.65<0>
x3005c0s1b0n0:27117:27117 [1] NCCL INFO Using network IB
x3005c0s1b0n0:27118:27118 [2] NCCL INFO NET/IB : Using [0]mlx5_0:1/RoCE [1]mlx5_1:1/RoCE [RO]; OOB bond0:10.140.57.65<0>
x3005c0s1b0n0:27118:27118 [2] NCCL INFO Using network IB
x3005c0s1b0n0:27116:27116 [0] NCCL INFO Using network IB
x3005c0s1b0n0:27119:27119 [3] NCCL INFO NET/IB : Using [0]mlx5_0:1/RoCE [1]mlx5_1:1/RoCE [RO]; OOB bond0:10.140.57.65<0>
x3005c0s1b0n0:27119:27119 [3] NCCL INFO Using network IB
x3005c0s1b0n0:27119:27151 [3] NCCL INFO Setting affinity for GPU 3 to 08,00000008
x3206c0s19b0n0:38202:38234 [3] NCCL INFO Setting affinity for GPU 3 to 08,00000008
x3206c0s1b0n0:23216:23248 [3] NCCL INFO Setting affinity for GPU 3 to 08,00000008
x3206c0s1b1n0:39453:39480 [3] NCCL INFO Setting affinity for GPU 3 to 08,00000008
x3005c0s7b1n0:7128:7155 [3] NCCL INFO Setting affinity for GPU 3 to 08,00000008
x3005c0s31b1n0:38646:38678 [3] NCCL INFO Setting affinity for GPU 3 to 08,00000008
x3206c0s19b1n0:47649:47682 [3] NCCL INFO Setting affinity for GPU 3 to 08,00000008
x3005c0s25b0n0:50667:50695 [3] NCCL INFO Setting affinity for GPU 3 to 08,00000008
x3005c0s19b0n0:5507:5543 [3] NCCL INFO Setting affinity for GPU 3 to 08,00000008
x3005c0s19b1n0:24234:24267 [3] NCCL INFO Setting affinity for GPU 3 to 08,00000008
x3005c0s25b1n0:14296:14327 [3] NCCL INFO Setting affinity for GPU 3 to 08,00000008
x3005c0s13b1n0:11623:11655 [3] NCCL INFO Setting affinity for GPU 3 to 08,00000008
x3005c0s7b0n0:25431:25464 [3] NCCL INFO Setting affinity for GPU 3 to 08,00000008
x3005c0s37b0n0:42754:42788 [3] NCCL INFO Setting affinity for GPU 3 to 08,00000008
x3005c0s31b0n0:64413:64443 [3] NCCL INFO Setting affinity for GPU 3 to 08,00000008
x3005c0s1b1n0:605:637 [3] NCCL INFO Setting affinity for GPU 3 to 08,00000008
x3005c0s25b0n0:50661:50693 [0] NCCL INFO Trees [0] 37/-1/-1->36->41 [1] 37/-1/-1->36->41 [2] 37/32/-1->36->44 [3] 37/32/-1->36->44
x3005c0s1b1n0:605:637 [3] NCCL INFO Trees [0] -1/-1/-1->35->34 [1] -1/-1/-1->35->34 [2] -1/-1/-1->35->34 [3] -1/-1/-1->35->34
x3005c0s25b0n0:50664:50699 [1] NCCL INFO Trees [0] 38/-1/-1->37->36 [1] 38/-1/-1->37->36 [2] 38/40/-1->37->36 [3] 38/40/-1->37->36
x3005c0s1b1n0:603:635 [1] NCCL INFO Trees [0] 34/16/-1->33->32 [1] 34/16/-1->33->32 [2] 34/-1/-1->33->32 [3] 34/-1/-1->33->32
x3005c0s25b0n0:50666:50698 [2] NCCL INFO Trees [0] 39/-1/-1->38->37 [1] 39/-1/-1->38->37 [2] 39/-1/-1->38->37 [3] 39/-1/-1->38->37
x3005c0s1b1n0:604:636 [2] NCCL INFO Trees [0] 35/-1/-1->34->33 [1] 35/-1/-1->34->33 [2] 35/-1/-1->34->33 [3] 35/-1/-1->34->33
x3005c0s25b0n0:50667:50695 [3] NCCL INFO Trees [0] -1/-1/-1->39->38 [1] -1/-1/-1->39->38 [2] -1/-1/-1->39->38 [3] -1/-1/-1->39->38
x3005c0s1b1n0:602:634 [0] NCCL INFO Trees [0] 33/48/-1->32->0 [1] 33/48/-1->32->0 [2] 33/-1/-1->32->36 [3] 33/-1/-1->32->36
x3005c0s25b1n0:14293:14326 [0] NCCL INFO Trees [0] 41/44/-1->40->49 [1] 41/44/-1->40->49 [2] 41/-1/-1->40->37 [3] 41/-1/-1->40->37
x3005c0s31b1n0:38643:38681 [0] NCCL INFO Trees [0] 49/56/-1->48->32 [1] 49/56/-1->48->32 [2] 49/-1/-1->48->52 [3] 49/-1/-1->48->52
x3005c0s37b0n0:42751:42786 [1] NCCL INFO Trees [0] 54/-1/-1->53->52 [1] 54/-1/-1->53->52 [2] 54/56/-1->53->52 [3] 54/56/-1->53->52
x3206c0s19b0n0:38201:38233 [2] NCCL INFO Trees [0] 3/-1/-1->2->1 [1] 3/-1/-1->2->1 [2] 3/-1/-1->2->1 [3] 3/-1/-1->2->1
x3005c0s1b0n0:27118:27148 [2] NCCL INFO Trees [0] 31/-1/-1->30->29 [1] 31/-1/-1->30->29 [2] 31/-1/-1->30->29 [3] 31/-1/-1->30->29
x3005c0s25b1n0:14294:14331 [1] NCCL INFO Trees [0] 42/36/-1->41->40 [1] 42/36/-1->41->40 [2] 42/-1/-1->41->40 [3] 42/-1/-1->41->40
x3005c0s31b0n0:64409:64442 [0] NCCL INFO Trees [0] 45/-1/-1->44->40 [1] 45/-1/-1->44->40 [2] 45/36/-1->44->29 [3] 45/36/-1->44->29
x3005c0s31b1n0:38644:38677 [1] NCCL INFO Trees [0] 50/40/-1->49->48 [1] 50/40/-1->49->48 [2] 50/-1/-1->49->48 [3] 50/-1/-1->49->48
x3005c0s37b0n0:42753:42785 [2] NCCL INFO Trees [0] 55/-1/-1->54->53 [1] 55/-1/-1->54->53 [2] 55/-1/-1->54->53 [3] 55/-1/-1->54->53
x3206c0s19b0n0:38202:38234 [3] NCCL INFO Trees [0] -1/-1/-1->3->2 [1] -1/-1/-1->3->2 [2] -1/-1/-1->3->2 [3] -1/-1/-1->3->2
x3206c0s1b1n0:39451:39478 [1] NCCL INFO Trees [0] 14/-1/-1->13->12 [1] 14/-1/-1->13->12 [2] 14/20/-1->13->12 [3] 14/20/-1->13->12
x3005c0s13b1n0:11621:11651 [1] NCCL INFO Trees [0] 18/8/-1->17->16 [1] 18/8/-1->17->16 [2] 18/-1/-1->17->16 [3] 18/-1/-1->17->16
x3005c0s1b0n0:27119:27151 [3] NCCL INFO Trees [0] -1/-1/-1->31->30 [1] -1/-1/-1->31->30 [2] -1/-1/-1->31->30 [3] -1/-1/-1->31->30
x3005c0s25b1n0:14295:14329 [2] NCCL INFO Trees [0] 43/-1/-1->42->41 [1] 43/-1/-1->42->41 [2] 43/-1/-1->42->41 [3] 43/-1/-1->42->41
x3005c0s31b0n0:64411:64444 [1] NCCL INFO Trees [0] 46/-1/-1->45->44 [1] 46/-1/-1->45->44 [2] 46/52/-1->45->44 [3] 46/52/-1->45->44
x3005c0s31b1n0:38645:38679 [2] NCCL INFO Trees [0] 51/-1/-1->50->49 [1] 51/-1/-1->50->49 [2] 51/-1/-1->50->49 [3] 51/-1/-1->50->49
x3005c0s37b0n0:42754:42788 [3] NCCL INFO Trees [0] -1/-1/-1->55->54 [1] -1/-1/-1->55->54 [2] -1/-1/-1->55->54 [3] -1/-1/-1->55->54
x3005c0s7b0n0:25428:25466 [0] NCCL INFO Trees [0] 57/60/-1->56->48 [1] 57/60/-1->56->48 [2] 57/-1/-1->56->53 [3] 57/-1/-1->56->53
x3206c0s19b0n0:38199:38226 [0] NCCL INFO Channel 00/04 :    0   2   3   5   4   6   7   9   8  10  11  13  12  14  15  17  16  18  19  21
x3206c0s19b0n0:38199:38226 [0] NCCL INFO Channel 01/04 :    0   2   3   5   4   6   7   9   8  10  11  13  12  14  15  17  16  18  19  21
x3206c0s19b0n0:38199:38226 [0] NCCL INFO Channel 02/04 :    0   2   3   5   4   6   7   9   8  10  11  13  12  14  15  17  16  18  19  21
x3206c0s19b0n0:38199:38226 [0] NCCL INFO Channel 03/04 :    0   2   3   5   4   6   7   9   8  10  11  13  12  14  15  17  16  18  19  21
x3206c0s19b0n0:38199:38226 [0] NCCL INFO Trees [0] 1/32/-1->0->-1 [1] 1/32/-1->0->-1 [2] 1/-1/-1->0->4 [3] 1/-1/-1->0->4
x3206c0s19b1n0:47643:47681 [0] NCCL INFO Trees [0] 5/-1/-1->4->9 [1] 5/-1/-1->4->9 [2] 5/0/-1->4->12 [3] 5/0/-1->4->12
x3206c0s1b1n0:39452:39485 [2] NCCL INFO Trees [0] 15/-1/-1->14->13 [1] 15/-1/-1->14->13 [2] 15/-1/-1->14->13 [3] 15/-1/-1->14->13
x3005c0s13b1n0:11622:11652 [2] NCCL INFO Trees [0] 19/-1/-1->18->17 [1] 19/-1/-1->18->17 [2] 19/-1/-1->18->17 [3] 19/-1/-1->18->17
x3005c0s19b0n0:5506:5538 [2] NCCL INFO Trees [0] 23/-1/-1->22->21 [1] 23/-1/-1->22->21 [2] 23/-1/-1->22->21 [3] 23/-1/-1->22->21
x3005c0s1b0n0:27116:27149 [0] NCCL INFO Trees [0] 29/-1/-1->28->24 [1] 29/-1/-1->28->24 [2] 29/12/-1->28->60 [3] 29/12/-1->28->60
x3005c0s25b1n0:14296:14327 [3] NCCL INFO Trees [0] -1/-1/-1->43->42 [1] -1/-1/-1->43->42 [2] -1/-1/-1->43->42 [3] -1/-1/-1->43->42
x3005c0s31b0n0:64412:64447 [2] NCCL INFO Trees [0] 47/-1/-1->46->45 [1] 47/-1/-1->46->45 [2] 47/-1/-1->46->45 [3] 47/-1/-1->46->45
x3005c0s31b1n0:38646:38678 [3] NCCL INFO Trees [0] -1/-1/-1->51->50 [1] -1/-1/-1->51->50 [2] -1/-1/-1->51->50 [3] -1/-1/-1->51->50
x3005c0s37b0n0:42749:42787 [0] NCCL INFO Trees [0] 53/-1/-1->52->57 [1] 53/-1/-1->52->57 [2] 53/48/-1->52->45 [3] 53/48/-1->52->45
x3005c0s7b0n0:25429:25462 [1] NCCL INFO Trees [0] 58/52/-1->57->56 [1] 58/52/-1->57->56 [2] 58/-1/-1->57->56 [3] 58/-1/-1->57->56
x3005c0s7b1n0:7127:7160 [2] NCCL INFO Trees [0] 63/-1/-1->62->61 [1] 63/-1/-1->62->61 [2] 63/-1/-1->62->61 [3] 63/-1/-1->62->61
x3206c0s19b0n0:38200:38235 [1] NCCL INFO Trees [0] 2/-1/-1->1->0 [1] 2/-1/-1->1->0 [2] 2/-1/-1->1->0 [3] 2/-1/-1->1->0
x3206c0s19b1n0:47645:47676 [1] NCCL INFO Trees [0] 6/-1/-1->5->4 [1] 6/-1/-1->5->4 [2] 6/8/-1->5->4 [3] 6/8/-1->5->4
x3206c0s1b0n0:23213:23247 [0] NCCL INFO Trees [0] 9/12/-1->8->17 [1] 9/12/-1->8->17 [2] 9/-1/-1->8->5 [3] 9/-1/-1->8->5
x3206c0s1b1n0:39453:39480 [3] NCCL INFO Trees [0] -1/-1/-1->15->14 [1] -1/-1/-1->15->14 [2] -1/-1/-1->15->14 [3] -1/-1/-1->15->14
x3005c0s13b1n0:11623:11655 [3] NCCL INFO Trees [0] -1/-1/-1->19->18 [1] -1/-1/-1->19->18 [2] -1/-1/-1->19->18 [3] -1/-1/-1->19->18
x3005c0s19b0n0:5507:5543 [3] NCCL INFO Trees [0] -1/-1/-1->23->22 [1] -1/-1/-1->23->22 [2] -1/-1/-1->23->22 [3] -1/-1/-1->23->22
x3005c0s19b1n0:24231:24262 [0] NCCL INFO Trees [0] 25/28/-1->24->16 [1] 25/28/-1->24->16 [2] 25/-1/-1->24->21 [3] 25/-1/-1->24->21
x3005c0s1b0n0:27117:27150 [1] NCCL INFO Trees [0] 30/-1/-1->29->28 [1] 30/-1/-1->29->28 [2] 30/44/-1->29->28 [3] 30/44/-1->29->28
x3005c0s31b0n0:64413:64443 [3] NCCL INFO Trees [0] -1/-1/-1->47->46 [1] -1/-1/-1->47->46 [2] -1/-1/-1->47->46 [3] -1/-1/-1->47->46
x3005c0s7b0n0:25430:25460 [2] NCCL INFO Trees [0] 59/-1/-1->58->57 [1] 59/-1/-1->58->57 [2] 59/-1/-1->58->57 [3] 59/-1/-1->58->57
x3005c0s7b1n0:7128:7155 [3] NCCL INFO Trees [0] -1/-1/-1->63->62 [1] -1/-1/-1->63->62 [2] -1/-1/-1->63->62 [3] -1/-1/-1->63->62
x3206c0s19b1n0:47647:47678 [2] NCCL INFO Trees [0] 7/-1/-1->6->5 [1] 7/-1/-1->6->5 [2] 7/-1/-1->6->5 [3] 7/-1/-1->6->5
x3206c0s1b0n0:23214:23242 [1] NCCL INFO Trees [0] 10/4/-1->9->8 [1] 10/4/-1->9->8 [2] 10/-1/-1->9->8 [3] 10/-1/-1->9->8
x3206c0s1b1n0:39448:39482 [0] NCCL INFO Trees [0] 13/-1/-1->12->8 [1] 13/-1/-1->12->8 [2] 13/4/-1->12->28 [3] 13/4/-1->12->28
x3005c0s13b1n0:11618:11653 [0] NCCL INFO Trees [0] 17/24/-1->16->33 [1] 17/24/-1->16->33 [2] 17/-1/-1->16->20 [3] 17/-1/-1->16->20
x3005c0s19b0n0:5504:5537 [0] NCCL INFO Trees [0] 21/-1/-1->20->25 [1] 21/-1/-1->20->25 [2] 21/16/-1->20->13 [3] 21/16/-1->20->13
x3005c0s19b1n0:24232:24261 [1] NCCL INFO Trees [0] 26/20/-1->25->24 [1] 26/20/-1->25->24 [2] 26/-1/-1->25->24 [3] 26/-1/-1->25->24
x3005c0s7b0n0:25431:25464 [3] NCCL INFO Trees [0] -1/-1/-1->59->58 [1] -1/-1/-1->59->58 [2] -1/-1/-1->59->58 [3] -1/-1/-1->59->58
x3005c0s7b1n0:7124:7156 [0] NCCL INFO Trees [0] 61/-1/-1->60->56 [1] 61/-1/-1->60->56 [2] 61/28/-1->60->-1 [3] 61/28/-1->60->-1
x3206c0s19b1n0:47649:47682 [3] NCCL INFO Trees [0] -1/-1/-1->7->6 [1] -1/-1/-1->7->6 [2] -1/-1/-1->7->6 [3] -1/-1/-1->7->6
x3206c0s1b0n0:23215:23241 [2] NCCL INFO Trees [0] 11/-1/-1->10->9 [1] 11/-1/-1->10->9 [2] 11/-1/-1->10->9 [3] 11/-1/-1->10->9
x3005c0s19b0n0:5505:5544 [1] NCCL INFO Trees [0] 22/-1/-1->21->20 [1] 22/-1/-1->21->20 [2] 22/24/-1->21->20 [3] 22/24/-1->21->20
x3005c0s19b1n0:24233:24268 [2] NCCL INFO Trees [0] 27/-1/-1->26->25 [1] 27/-1/-1->26->25 [2] 27/-1/-1->26->25 [3] 27/-1/-1->26->25
x3005c0s7b1n0:7126:7158 [1] NCCL INFO Trees [0] 62/-1/-1->61->60 [1] 62/-1/-1->61->60 [2] 62/-1/-1->61->60 [3] 62/-1/-1->61->60
x3206c0s1b0n0:23216:23248 [3] NCCL INFO Trees [0] -1/-1/-1->11->10 [1] -1/-1/-1->11->10 [2] -1/-1/-1->11->10 [3] -1/-1/-1->11->10
x3005c0s19b1n0:24234:24267 [3] NCCL INFO Trees [0] -1/-1/-1->27->26 [1] -1/-1/-1->27->26 [2] -1/-1/-1->27->26 [3] -1/-1/-1->27->26
x3005c0s25b0n0:50661:50693 [0] NCCL INFO Channel 00 : 36[7000] -> 38[85000] via P2P/IPC/read
x3005c0s25b0n0:50666:50698 [2] NCCL INFO Channel 00 : 38[85000] -> 39[c7000] via P2P/IPC/read
x3206c0s19b0n0:38201:38233 [2] NCCL INFO Channel 00 : 2[85000] -> 3[c7000] via P2P/IPC/read
x3005c0s13b1n0:11622:11652 [2] NCCL INFO Channel 00 : 18[85000] -> 19[c7000] via P2P/IPC/read
x3005c0s1b0n0:27118:27148 [2] NCCL INFO Channel 00 : 30[85000] -> 31[c7000] via P2P/IPC/read
x3206c0s19b0n0:38199:38226 [0] NCCL INFO Channel 00 : 0[7000] -> 2[85000] via P2P/IPC/read
x3005c0s1b0n0:27116:27149 [0] NCCL INFO Channel 00 : 28[7000] -> 30[85000] via P2P/IPC/read
x3005c0s37b0n0:42753:42785 [2] NCCL INFO Channel 00 : 54[85000] -> 55[c7000] via P2P/IPC/read
x3206c0s19b1n0:47647:47678 [2] NCCL INFO Channel 00 : 6[85000] -> 7[c7000] via P2P/IPC/read
x3005c0s37b0n0:42749:42787 [0] NCCL INFO Channel 00 : 52[7000] -> 54[85000] via P2P/IPC/read
x3206c0s19b1n0:47643:47681 [0] NCCL INFO Channel 00 : 4[7000] -> 6[85000] via P2P/IPC/read
x3005c0s31b1n0:38643:38681 [0] NCCL INFO Channel 00 : 48[7000] -> 50[85000] via P2P/IPC/read
x3005c0s31b1n0:38645:38679 [2] NCCL INFO Channel 00 : 50[85000] -> 51[c7000] via P2P/IPC/read
x3005c0s25b1n0:14293:14326 [0] NCCL INFO Channel 00 : 40[7000] -> 42[85000] via P2P/IPC/read
x3005c0s25b1n0:14295:14329 [2] NCCL INFO Channel 00 : 42[85000] -> 43[c7000] via P2P/IPC/read
x3005c0s19b0n0:5504:5537 [0] NCCL INFO Channel 00 : 20[7000] -> 22[85000] via P2P/IPC/read
x3206c0s1b0n0:23213:23247 [0] NCCL INFO Channel 00 : 8[7000] -> 10[85000] via P2P/IPC/read
x3206c0s1b0n0:23215:23241 [2] NCCL INFO Channel 00 : 10[85000] -> 11[c7000] via P2P/IPC/read
x3005c0s19b0n0:5506:5538 [2] NCCL INFO Channel 00 : 22[85000] -> 23[c7000] via P2P/IPC/read
x3005c0s7b0n0:25428:25466 [0] NCCL INFO Channel 00 : 56[7000] -> 58[85000] via P2P/IPC/read
x3005c0s7b0n0:25430:25460 [2] NCCL INFO Channel 00 : 58[85000] -> 59[c7000] via P2P/IPC/read
x3206c0s1b1n0:39448:39482 [0] NCCL INFO Channel 00 : 12[7000] -> 14[85000] via P2P/IPC/read
x3005c0s13b1n0:11618:11653 [0] NCCL INFO Channel 00 : 16[7000] -> 18[85000] via P2P/IPC/read
x3206c0s1b1n0:39452:39485 [2] NCCL INFO Channel 00 : 14[85000] -> 15[c7000] via P2P/IPC/read
x3005c0s7b1n0:7124:7156 [0] NCCL INFO Channel 00 : 60[7000] -> 62[85000] via P2P/IPC/read
x3005c0s7b1n0:7127:7160 [2] NCCL INFO Channel 00 : 62[85000] -> 63[c7000] via P2P/IPC/read
x3005c0s1b1n0:602:634 [0] NCCL INFO Channel 00 : 32[7000] -> 34[85000] via P2P/IPC/read
x3005c0s1b1n0:604:636 [2] NCCL INFO Channel 00 : 34[85000] -> 35[c7000] via P2P/IPC/read
x3005c0s31b0n0:64409:64442 [0] NCCL INFO Channel 00 : 44[7000] -> 46[85000] via P2P/IPC/read
x3005c0s31b0n0:64412:64447 [2] NCCL INFO Channel 00 : 46[85000] -> 47[c7000] via P2P/IPC/read
x3005c0s19b1n0:24231:24262 [0] NCCL INFO Channel 00 : 24[7000] -> 26[85000] via P2P/IPC/read
x3005c0s19b1n0:24233:24268 [2] NCCL INFO Channel 00 : 26[85000] -> 27[c7000] via P2P/IPC/read
x3005c0s19b0n0:5506:5538 [2] NCCL INFO Channel 01 : 22[85000] -> 23[c7000] via P2P/IPC/read
x3005c0s1b0n0:27117:27150 [1] NCCL INFO Channel 00/0 : 27[c7000] -> 29[46000] [receive] via NET/IB/1
x3005c0s1b1n0:603:635 [1] NCCL INFO Channel 00/0 : 31[c7000] -> 33[46000] [receive] via NET/IB/1
x3005c0s1b1n0:602:634 [0] NCCL INFO Channel 01 : 32[7000] -> 34[85000] via P2P/IPC/read
x3005c0s37b0n0:42753:42785 [2] NCCL INFO Channel 01 : 54[85000] -> 55[c7000] via P2P/IPC/read
x3005c0s1b1n0:604:636 [2] NCCL INFO Channel 01 : 34[85000] -> 35[c7000] via P2P/IPC/read
x3005c0s37b0n0:42753:42785 [2] NCCL INFO Channel 02 : 54[85000] -> 55[c7000] via P2P/IPC/read
x3005c0s1b1n0:604:636 [2] NCCL INFO Channel 02 : 34[85000] -> 35[c7000] via P2P/IPC/read
x3005c0s37b0n0:42753:42785 [2] NCCL INFO Channel 03 : 54[85000] -> 55[c7000] via P2P/IPC/read
x3005c0s1b1n0:604:636 [2] NCCL INFO Channel 03 : 34[85000] -> 35[c7000] via P2P/IPC/read
x3005c0s25b0n0:50661:50693 [0] NCCL INFO Channel 01 : 36[7000] -> 38[85000] via P2P/IPC/read
x3206c0s19b0n0:38200:38235 [1] NCCL INFO Channel 00/0 : 63[c7000] -> 1[46000] [receive] via NET/IB/1
x3005c0s19b0n0:5505:5544 [1] NCCL INFO Channel 00/0 : 19[c7000] -> 21[46000] [receive] via NET/IB/1
x3005c0s7b0n0:25429:25462 [1] NCCL INFO Channel 00/0 : 55[c7000] -> 57[46000] [receive] via NET/IB/1
x3005c0s7b0n0:25430:25460 [2] NCCL INFO Channel 01 : 58[85000] -> 59[c7000] via P2P/IPC/read
x3005c0s7b0n0:25428:25466 [0] NCCL INFO Channel 01 : 56[7000] -> 58[85000] via P2P/IPC/read
x3206c0s1b1n0:39448:39482 [0] NCCL INFO Channel 01 : 12[7000] -> 14[85000] via P2P/IPC/read
x3206c0s19b1n0:47647:47678 [2] NCCL INFO Channel 01 : 6[85000] -> 7[c7000] via P2P/IPC/read
x3005c0s7b1n0:7124:7156 [0] NCCL INFO Channel 01 : 60[7000] -> 62[85000] via P2P/IPC/read
x3206c0s19b0n0:38199:38226 [0] NCCL INFO Channel 01 : 0[7000] -> 2[85000] via P2P/IPC/read
x3005c0s31b1n0:38644:38677 [1] NCCL INFO Channel 00/0 : 47[c7000] -> 49[46000] [receive] via NET/IB/1
x3005c0s37b0n0:42751:42786 [1] NCCL INFO Channel 00/0 : 51[c7000] -> 53[46000] [receive] via NET/IB/1
x3005c0s7b1n0:7124:7156 [0] NCCL INFO Channel 02 : 60[7000] -> 62[85000] via P2P/IPC/read
x3005c0s7b1n0:7124:7156 [0] NCCL INFO Channel 03 : 60[7000] -> 62[85000] via P2P/IPC/read
x3005c0s25b1n0:14294:14331 [1] NCCL INFO Channel 00/0 : 39[c7000] -> 41[46000] [receive] via NET/IB/1
x3005c0s25b1n0:14295:14329 [2] NCCL INFO Channel 01 : 42[85000] -> 43[c7000] via P2P/IPC/read
x3005c0s19b1n0:24232:24261 [1] NCCL INFO Channel 00/0 : 23[c7000] -> 25[46000] [receive] via NET/IB/1
x3005c0s7b1n0:7126:7158 [1] NCCL INFO Channel 00/0 : 59[c7000] -> 61[46000] [receive] via NET/IB/1
x3206c0s19b1n0:47645:47676 [1] NCCL INFO Channel 00/0 : 3[c7000] -> 5[46000] [receive] via NET/IB/1
x3005c0s7b1n0:7127:7160 [2] NCCL INFO Channel 01 : 62[85000] -> 63[c7000] via P2P/IPC/read
x3005c0s37b0n0:42749:42787 [0] NCCL INFO Channel 01 : 52[7000] -> 54[85000] via P2P/IPC/read
x3005c0s1b0n0:27116:27149 [0] NCCL INFO Channel 01 : 28[7000] -> 30[85000] via P2P/IPC/read
x3005c0s1b0n0:27118:27148 [2] NCCL INFO Channel 01 : 30[85000] -> 31[c7000] via P2P/IPC/read
x3206c0s1b0n0:23214:23242 [1] NCCL INFO Channel 00/0 : 7[c7000] -> 9[46000] [receive] via NET/IB/1
x3005c0s19b0n0:5504:5537 [0] NCCL INFO Channel 01 : 20[7000] -> 22[85000] via P2P/IPC/read
x3206c0s1b1n0:39451:39478 [1] NCCL INFO Channel 00/0 : 11[c7000] -> 13[46000] [receive] via NET/IB/1
x3005c0s25b0n0:50666:50698 [2] NCCL INFO Channel 01 : 38[85000] -> 39[c7000] via P2P/IPC/read
x3206c0s1b1n0:39452:39485 [2] NCCL INFO Channel 01 : 14[85000] -> 15[c7000] via P2P/IPC/read
x3206c0s1b0n0:23215:23241 [2] NCCL INFO Channel 01 : 10[85000] -> 11[c7000] via P2P/IPC/read
x3206c0s1b0n0:23213:23247 [0] NCCL INFO Channel 01 : 8[7000] -> 10[85000] via P2P/IPC/read
x3005c0s25b1n0:14293:14326 [0] NCCL INFO Channel 01 : 40[7000] -> 42[85000] via P2P/IPC/read
x3005c0s31b0n0:64409:64442 [0] NCCL INFO Channel 01 : 44[7000] -> 46[85000] via P2P/IPC/read
x3005c0s31b0n0:64412:64447 [2] NCCL INFO Channel 01 : 46[85000] -> 47[c7000] via P2P/IPC/read
x3005c0s13b1n0:11618:11653 [0] NCCL INFO Channel 01 : 16[7000] -> 18[85000] via P2P/IPC/read
x3005c0s13b1n0:11622:11652 [2] NCCL INFO Channel 01 : 18[85000] -> 19[c7000] via P2P/IPC/read
x3005c0s1b1n0:602:634 [0] NCCL INFO Channel 02 : 32[7000] -> 34[85000] via P2P/IPC/read
x3206c0s19b0n0:38201:38233 [2] NCCL INFO Channel 01 : 2[85000] -> 3[c7000] via P2P/IPC/read
x3005c0s1b1n0:602:634 [0] NCCL INFO Channel 03 : 32[7000] -> 34[85000] via P2P/IPC/read
x3005c0s25b1n0:14295:14329 [2] NCCL INFO Channel 02 : 42[85000] -> 43[c7000] via P2P/IPC/read
x3005c0s19b1n0:24231:24262 [0] NCCL INFO Channel 01 : 24[7000] -> 26[85000] via P2P/IPC/read
x3005c0s19b1n0:24233:24268 [2] NCCL INFO Channel 01 : 26[85000] -> 27[c7000] via P2P/IPC/read
x3206c0s1b1n0:39452:39485 [2] NCCL INFO Channel 02 : 14[85000] -> 15[c7000] via P2P/IPC/read
x3206c0s1b1n0:39452:39485 [2] NCCL INFO Channel 03 : 14[85000] -> 15[c7000] via P2P/IPC/read
x3005c0s13b1n0:11618:11653 [0] NCCL INFO Channel 02 : 16[7000] -> 18[85000] via P2P/IPC/read
x3005c0s13b1n0:11618:11653 [0] NCCL INFO Channel 03 : 16[7000] -> 18[85000] via P2P/IPC/read
x3005c0s31b1n0:38645:38679 [2] NCCL INFO Channel 01 : 50[85000] -> 51[c7000] via P2P/IPC/read
x3206c0s19b0n0:38199:38226 [0] NCCL INFO Channel 02 : 0[7000] -> 2[85000] via P2P/IPC/read
x3206c0s19b1n0:47647:47678 [2] NCCL INFO Channel 02 : 6[85000] -> 7[c7000] via P2P/IPC/read
x3206c0s19b1n0:47643:47681 [0] NCCL INFO Channel 01 : 4[7000] -> 6[85000] via P2P/IPC/read
x3005c0s1b0n0:27117:27150 [1] NCCL INFO Channel 01/0 : 27[c7000] -> 29[46000] [receive] via NET/IB/0
x3005c0s7b0n0:25430:25460 [2] NCCL INFO Channel 02 : 58[85000] -> 59[c7000] via P2P/IPC/read
x3005c0s13b1n0:11621:11651 [1] NCCL INFO Channel 00/0 : 15[c7000] -> 17[46000] [receive] via NET/IB/1
x3005c0s13b1n0:11621:11651 [1] NCCL INFO Channel 01/0 : 15[c7000] -> 17[46000] [receive] via NET/IB/0
x3005c0s13b1n0:11621:11651 [1] NCCL INFO Channel 02/0 : 15[c7000] -> 17[46000] [receive] via NET/IB/1
x3005c0s13b1n0:11622:11652 [2] NCCL INFO Channel 02 : 18[85000] -> 19[c7000] via P2P/IPC/read
x3005c0s13b1n0:11621:11651 [1] NCCL INFO Channel 03/0 : 15[c7000] -> 17[46000] [receive] via NET/IB/0
x3005c0s7b0n0:25430:25460 [2] NCCL INFO Channel 03 : 58[85000] -> 59[c7000] via P2P/IPC/read
x3005c0s31b1n0:38643:38681 [0] NCCL INFO Channel 01 : 48[7000] -> 50[85000] via P2P/IPC/read
x3005c0s13b1n0:11622:11652 [2] NCCL INFO Channel 03 : 18[85000] -> 19[c7000] via P2P/IPC/read
x3005c0s37b0n0:42749:42787 [0] NCCL INFO Channel 02 : 52[7000] -> 54[85000] via P2P/IPC/read
