x3016c0s19b1n0:34875:34910 [1] NCCL INFO Channel 03 : 41[46000] -> 42[85000] via P2P/IPC/read
x3015c0s7b1n0:17792:17893 [2] NCCL INFO Channel 01 : 26[85000] -> 25[46000] via P2P/IPC/read
x3015c0s7b1n0:17792:17893 [2] NCCL INFO Channel 02 : 26[85000] -> 25[46000] via P2P/IPC/read
x3015c0s7b1n0:17792:17893 [2] NCCL INFO Channel 03 : 26[85000] -> 25[46000] via P2P/IPC/read
x3016c0s1b0n0:22766:22795 [1] NCCL INFO Channel 01 : 45[46000] -> 46[85000] via P2P/IPC/read
x3016c0s25b1n0:26151:26183 [1] NCCL INFO Channel 01/0 : 52[7000] -> 57[46000] [receive] via NET/IB/0
x3016c0s31b0n0:22451:22486 [2] NCCL INFO Channel 01 : 62[85000] -> 61[46000] via P2P/IPC/read
x3016c0s31b0n0:22451:22486 [2] NCCL INFO Channel 02 : 62[85000] -> 61[46000] via P2P/IPC/read
x3016c0s31b0n0:22451:22486 [2] NCCL INFO Channel 03 : 62[85000] -> 61[46000] via P2P/IPC/read
x3015c0s7b1n0:17793:17896 [3] NCCL INFO Connected all trees
x3015c0s7b1n0:17793:17896 [3] NCCL INFO MSCCL_XML_FILES set by environment to /home/yuke/ncclPG/msccl_tools_lyd/examples/xml/allreduce_binary_tree_h_p_2nicPtree_ch_8_intra_8_inter_4.xml
x3015c0s7b1n0:17793:17896 [3] NCCL INFO MSCCL: Parsing algorithm /home/yuke/ncclPG/msccl_tools_lyd/examples/xml/allreduce_binary_tree_h_p_2nicPtree_ch_8_intra_8_inter_4.xml
x3016c0s31b0n0:22452:22487 [3] NCCL INFO Connected all trees
x3016c0s31b0n0:22452:22487 [3] NCCL INFO MSCCL_XML_FILES set by environment to /home/yuke/ncclPG/msccl_tools_lyd/examples/xml/allreduce_binary_tree_h_p_2nicPtree_ch_8_intra_8_inter_4.xml
x3016c0s31b0n0:22452:22487 [3] NCCL INFO MSCCL: Parsing algorithm /home/yuke/ncclPG/msccl_tools_lyd/examples/xml/allreduce_binary_tree_h_p_2nicPtree_ch_8_intra_8_inter_4.xml
x3016c0s31b0n0:22450:22484 [1] NCCL INFO Connected all trees
x3016c0s31b0n0:22450:22484 [1] NCCL INFO MSCCL_XML_FILES set by environment to /home/yuke/ncclPG/msccl_tools_lyd/examples/xml/allreduce_binary_tree_h_p_2nicPtree_ch_8_intra_8_inter_4.xml
x3016c0s31b0n0:22450:22484 [1] NCCL INFO MSCCL: Parsing algorithm /home/yuke/ncclPG/msccl_tools_lyd/examples/xml/allreduce_binary_tree_h_p_2nicPtree_ch_8_intra_8_inter_4.xml
x3015c0s25b1n0:55646:55682 [2] NCCL INFO Channel 00 : 2[85000] -> 1[46000] via P2P/IPC/read
x3016c0s31b0n0:22451:22486 [2] NCCL INFO Connected all trees
x3016c0s31b0n0:22451:22486 [2] NCCL INFO MSCCL_XML_FILES set by environment to /home/yuke/ncclPG/msccl_tools_lyd/examples/xml/allreduce_binary_tree_h_p_2nicPtree_ch_8_intra_8_inter_4.xml
x3016c0s31b0n0:22451:22486 [2] NCCL INFO MSCCL: Parsing algorithm /home/yuke/ncclPG/msccl_tools_lyd/examples/xml/allreduce_binary_tree_h_p_2nicPtree_ch_8_intra_8_inter_4.xml
x3015c0s31b0n0:29726:29760 [0] NCCL INFO Channel 03 : 4[7000] -> 5[46000] via P2P/IPC/read
x3015c0s31b0n0:29727:29759 [1] NCCL INFO Channel 00 : 5[46000] -> 6[85000] via P2P/IPC/read
x3015c0s37b1n0:18450:18488 [1] NCCL INFO Channel 00 : 17[46000] -> 18[85000] via P2P/IPC/read
x3015c0s37b1n0:18450:18488 [1] NCCL INFO Channel 01 : 17[46000] -> 18[85000] via P2P/IPC/read
x3015c0s37b1n0:18450:18488 [1] NCCL INFO Channel 02 : 17[46000] -> 18[85000] via P2P/IPC/read
x3015c0s37b1n0:18450:18488 [1] NCCL INFO Channel 03 : 17[46000] -> 18[85000] via P2P/IPC/read
x3016c0s13b1n0:55167:55196 [0] NCCL INFO Channel 02 : 32[7000] -> 33[46000] via P2P/IPC/read
x3016c0s1b0n0:22766:22795 [1] NCCL INFO Channel 02 : 45[46000] -> 46[85000] via P2P/IPC/read
x3015c0s7b1n0:17793:17896 [3] NCCL INFO Parsed MSCCL Algorithm /home/yuke/ncclPG/msccl_tools_lyd/examples/xml/allreduce_binary_tree_h_p_2nicPtree_ch_8_intra_8_inter_4.xml successfully.
x3015c0s7b0n0:18707:18742 [0] NCCL INFO Channel 02/0 : 16[7000] -> 20[7000] [receive] via NET/IB/1
x3015c0s7b0n0:18707:18742 [0] NCCL INFO Channel 03/0 : 16[7000] -> 20[7000] [receive] via NET/IB/0
x3016c0s31b0n0:22450:22484 [1] NCCL INFO Parsed MSCCL Algorithm /home/yuke/ncclPG/msccl_tools_lyd/examples/xml/allreduce_binary_tree_h_p_2nicPtree_ch_8_intra_8_inter_4.xml successfully.
x3016c0s31b0n0:22451:22486 [2] NCCL INFO Parsed MSCCL Algorithm /home/yuke/ncclPG/msccl_tools_lyd/examples/xml/allreduce_binary_tree_h_p_2nicPtree_ch_8_intra_8_inter_4.xml successfully.
x3016c0s31b0n0:22451:22486 [2] NCCL INFO Connected 1 MSCCL algorithms
x3016c0s31b0n0:22451:22486 [2] NCCL INFO NCCL_PROTO set by environment to Simple
x3016c0s31b0n0:22451:22486 [2] NCCL INFO NCCL_ALGO set by environment to MSCCL,TREE,RING
x3016c0s31b0n0:22451:22486 [2] NCCL INFO threadThresholds 8/8/64 | 512/8/64 | 8/8/64 | 8/8/512
x3016c0s31b0n0:22451:22486 [2] NCCL INFO 4 coll channels, 4 p2p channels, 2 p2p channels per peer
x3016c0s31b0n0:22449:22485 [0] NCCL INFO Channel 00/0 : 56[7000] -> 60[7000] [receive] via NET/IB/1
x3016c0s13b1n0:55167:55196 [0] NCCL INFO Channel 03 : 32[7000] -> 33[46000] via P2P/IPC/read
x3015c0s31b1n0:39618:39648 [1] NCCL INFO Channel 00/0 : 4[7000] -> 9[46000] [receive] via NET/IB/1
x3015c0s31b1n0:39618:39648 [1] NCCL INFO Channel 01/0 : 4[7000] -> 9[46000] [receive] via NET/IB/0
x3015c0s7b0n0:18709:18745 [1] NCCL INFO Channel 02/0 : 21[46000] -> 24[7000] [send] via NET/IB/1
x3016c0s13b0n0:59593:59626 [1] NCCL INFO Channel 02/0 : 29[46000] -> 44[7000] [send] via NET/IB/1
x3016c0s13b0n0:59592:59620 [0] NCCL INFO Channel 00/0 : 24[7000] -> 28[7000] [receive] via NET/IB/1
x3016c0s31b0n0:22452:22487 [3] NCCL INFO Parsed MSCCL Algorithm /home/yuke/ncclPG/msccl_tools_lyd/examples/xml/allreduce_binary_tree_h_p_2nicPtree_ch_8_intra_8_inter_4.xml successfully.
x3016c0s19b0n0:54362:54389 [0] NCCL INFO Channel 03/0 : 32[7000] -> 36[7000] [receive] via NET/IB/0
x3016c0s19b1n0:34873:34909 [0] NCCL INFO Channel 02/0 : 37[46000] -> 40[7000] [receive] via NET/IB/1
x3016c0s1b0n0:22766:22795 [1] NCCL INFO Channel 03 : 45[46000] -> 46[85000] via P2P/IPC/read
x3015c0s37b1n0:18449:18485 [0] NCCL INFO Channel 02/0 : 16[7000] -> 20[7000] [send] via NET/IB/1
x3016c0s31b0n0:22449:22485 [0] NCCL INFO Channel 01/0 : 56[7000] -> 60[7000] [receive] via NET/IB/0
x3015c0s31b0n0:29727:29759 [1] NCCL INFO Channel 01 : 5[46000] -> 6[85000] via P2P/IPC/read
x3015c0s7b0n0:18709:18745 [1] NCCL INFO Channel 03/0 : 21[46000] -> 24[7000] [send] via NET/IB/0
x3015c0s25b1n0:55646:55682 [2] NCCL INFO Channel 01 : 2[85000] -> 1[46000] via P2P/IPC/read
x3016c0s13b0n0:59593:59626 [1] NCCL INFO Channel 03/0 : 29[46000] -> 44[7000] [send] via NET/IB/0
x3016c0s25b1n0:26149:26184 [0] NCCL INFO Channel 00/0 : 56[7000] -> 60[7000] [send] via NET/IB/1
x3015c0s31b1n0:39617:39649 [0] NCCL INFO Channel 02/0 : 5[46000] -> 8[7000] [receive] via NET/IB/1
x3016c0s19b0n0:54364:54398 [2] NCCL INFO Channel 00 : 38[85000] -> 37[46000] via P2P/IPC/read
x3016c0s19b1n0:34873:34909 [0] NCCL INFO Channel 03/0 : 37[46000] -> 40[7000] [receive] via NET/IB/0
x3016c0s19b0n0:54364:54398 [2] NCCL INFO Channel 01 : 38[85000] -> 37[46000] via P2P/IPC/read
x3016c0s31b0n0:22450:22484 [1] NCCL INFO Channel 01/0 : 57[46000] -> 61[46000] [receive] via NET/IB/1
x3015c0s37b1n0:18449:18485 [0] NCCL INFO Channel 03/0 : 16[7000] -> 20[7000] [send] via NET/IB/0
x3015c0s25b1n0:55646:55682 [2] NCCL INFO Channel 02 : 2[85000] -> 1[46000] via P2P/IPC/read
x3016c0s13b0n0:59594:59629 [2] NCCL INFO Channel 00 : 30[85000] -> 29[46000] via P2P/IPC/read
x3016c0s13b0n0:59594:59629 [2] NCCL INFO Channel 01 : 30[85000] -> 29[46000] via P2P/IPC/read
x3016c0s13b0n0:59594:59629 [2] NCCL INFO Channel 02 : 30[85000] -> 29[46000] via P2P/IPC/read
x3016c0s13b0n0:59594:59629 [2] NCCL INFO Channel 03 : 30[85000] -> 29[46000] via P2P/IPC/read
x3016c0s19b1n0:34875:34910 [1] NCCL INFO Channel 00/0 : 36[7000] -> 41[46000] [receive] via NET/IB/1
x3016c0s25b0n0:26251:26285 [1] NCCL INFO Channel 02/0 : 56[7000] -> 53[46000] [receive] via NET/IB/1
x3016c0s13b1n0:55168:55205 [1] NCCL INFO Channel 00/0 : 16[7000] -> 33[46000] [receive] via NET/IB/1
x3015c0s31b0n0:29727:29759 [1] NCCL INFO Channel 02 : 5[46000] -> 6[85000] via P2P/IPC/read
x3015c0s37b1n0:18450:18488 [1] NCCL INFO Channel 00/0 : 8[7000] -> 17[46000] [receive] via NET/IB/1
x3016c0s13b0n0:59595:59628 [3] NCCL INFO Connected all trees
x3016c0s13b0n0:59595:59628 [3] NCCL INFO MSCCL_XML_FILES set by environment to /home/yuke/ncclPG/msccl_tools_lyd/examples/xml/allreduce_binary_tree_h_p_2nicPtree_ch_8_intra_8_inter_4.xml
x3016c0s13b0n0:59595:59628 [3] NCCL INFO MSCCL: Parsing algorithm /home/yuke/ncclPG/msccl_tools_lyd/examples/xml/allreduce_binary_tree_h_p_2nicPtree_ch_8_intra_8_inter_4.xml
x3016c0s13b1n0:55167:55196 [0] NCCL INFO Channel 02/0 : 32[7000] -> 36[7000] [send] via NET/IB/1
x3016c0s1b0n0:22765:22802 [0] NCCL INFO Channel 00/0 : 40[7000] -> 44[7000] [receive] via NET/IB/1
x3015c0s31b1n0:39617:39649 [0] NCCL INFO Channel 03/0 : 5[46000] -> 8[7000] [receive] via NET/IB/0
x3015c0s31b0n0:29727:29759 [1] NCCL INFO Channel 03 : 5[46000] -> 6[85000] via P2P/IPC/read
x3016c0s13b0n0:59592:59620 [0] NCCL INFO Channel 01/0 : 24[7000] -> 28[7000] [receive] via NET/IB/0
x3016c0s13b0n0:59595:59628 [3] NCCL INFO Parsed MSCCL Algorithm /home/yuke/ncclPG/msccl_tools_lyd/examples/xml/allreduce_binary_tree_h_p_2nicPtree_ch_8_intra_8_inter_4.xml successfully.
x3015c0s25b1n0:55646:55682 [2] NCCL INFO Channel 03 : 2[85000] -> 1[46000] via P2P/IPC/read
x3016c0s19b0n0:54364:54398 [2] NCCL INFO Channel 02 : 38[85000] -> 37[46000] via P2P/IPC/read
x3015c0s25b1n0:55647:55678 [3] NCCL INFO Connected all trees
x3015c0s25b1n0:55647:55678 [3] NCCL INFO MSCCL_XML_FILES set by environment to /home/yuke/ncclPG/msccl_tools_lyd/examples/xml/allreduce_binary_tree_h_p_2nicPtree_ch_8_intra_8_inter_4.xml
x3015c0s25b1n0:55647:55678 [3] NCCL INFO MSCCL: Parsing algorithm /home/yuke/ncclPG/msccl_tools_lyd/examples/xml/allreduce_binary_tree_h_p_2nicPtree_ch_8_intra_8_inter_4.xml
x3015c0s25b1n0:55645:55680 [1] NCCL INFO Connected all trees
x3015c0s25b1n0:55645:55680 [1] NCCL INFO MSCCL_XML_FILES set by environment to /home/yuke/ncclPG/msccl_tools_lyd/examples/xml/allreduce_binary_tree_h_p_2nicPtree_ch_8_intra_8_inter_4.xml
x3015c0s25b1n0:55645:55680 [1] NCCL INFO MSCCL: Parsing algorithm /home/yuke/ncclPG/msccl_tools_lyd/examples/xml/allreduce_binary_tree_h_p_2nicPtree_ch_8_intra_8_inter_4.xml
x3015c0s25b1n0:55646:55682 [2] NCCL INFO Connected all trees
x3015c0s25b1n0:55646:55682 [2] NCCL INFO MSCCL_XML_FILES set by environment to /home/yuke/ncclPG/msccl_tools_lyd/examples/xml/allreduce_binary_tree_h_p_2nicPtree_ch_8_intra_8_inter_4.xml
x3015c0s25b1n0:55646:55682 [2] NCCL INFO MSCCL: Parsing algorithm /home/yuke/ncclPG/msccl_tools_lyd/examples/xml/allreduce_binary_tree_h_p_2nicPtree_ch_8_intra_8_inter_4.xml
x3016c0s1b1n0:15206:15238 [0] NCCL INFO Channel 00/0 : 48[7000] -> 56[7000] [send] via NET/IB/1
x3016c0s1b0n0:22765:22802 [0] NCCL INFO Channel 01/0 : 40[7000] -> 44[7000] [receive] via NET/IB/0
x3016c0s1b0n0:22766:22795 [1] NCCL INFO Channel 02/0 : 45[46000] -> 52[7000] [send] via NET/IB/1
x3016c0s13b1n0:55167:55196 [0] NCCL INFO Channel 03/0 : 32[7000] -> 36[7000] [send] via NET/IB/0
x3015c0s25b1n0:55645:55680 [1] NCCL INFO Parsed MSCCL Algorithm /home/yuke/ncclPG/msccl_tools_lyd/examples/xml/allreduce_binary_tree_h_p_2nicPtree_ch_8_intra_8_inter_4.xml successfully.
x3016c0s13b1n0:55168:55205 [1] NCCL INFO Channel 01/0 : 16[7000] -> 33[46000] [receive] via NET/IB/0
x3015c0s25b1n0:55646:55682 [2] NCCL INFO Parsed MSCCL Algorithm /home/yuke/ncclPG/msccl_tools_lyd/examples/xml/allreduce_binary_tree_h_p_2nicPtree_ch_8_intra_8_inter_4.xml successfully.
x3015c0s25b1n0:55646:55682 [2] NCCL INFO Connected 1 MSCCL algorithms
x3015c0s25b1n0:55646:55682 [2] NCCL INFO NCCL_PROTO set by environment to Simple
x3015c0s25b1n0:55646:55682 [2] NCCL INFO NCCL_ALGO set by environment to MSCCL,TREE,RING
x3015c0s25b1n0:55646:55682 [2] NCCL INFO threadThresholds 8/8/64 | 512/8/64 | 8/8/64 | 8/8/512
x3015c0s25b1n0:55646:55682 [2] NCCL INFO 4 coll channels, 4 p2p channels, 2 p2p channels per peer
x3015c0s25b1n0:55647:55678 [3] NCCL INFO Parsed MSCCL Algorithm /home/yuke/ncclPG/msccl_tools_lyd/examples/xml/allreduce_binary_tree_h_p_2nicPtree_ch_8_intra_8_inter_4.xml successfully.
x3016c0s25b1n0:26149:26184 [0] NCCL INFO Channel 01/0 : 56[7000] -> 60[7000] [send] via NET/IB/0
x3015c0s37b1n0:18449:18485 [0] NCCL INFO Channel 00/0 : 16[7000] -> 24[7000] [send] via NET/IB/1
x3015c0s37b1n0:18450:18488 [1] NCCL INFO Channel 01/0 : 8[7000] -> 17[46000] [receive] via NET/IB/0
x3016c0s19b0n0:54364:54398 [2] NCCL INFO Channel 03 : 38[85000] -> 37[46000] via P2P/IPC/read
x3016c0s19b1n0:34875:34910 [1] NCCL INFO Channel 01/0 : 36[7000] -> 41[46000] [receive] via NET/IB/0
x3016c0s13b1n0:55169:55204 [2] NCCL INFO Channel 00 : 34[85000] -> 33[46000] via P2P/IPC/read
x3015c0s31b0n0:29728:29758 [2] NCCL INFO Channel 00 : 6[85000] -> 5[46000] via P2P/IPC/read
x3015c0s31b0n0:29728:29758 [2] NCCL INFO Channel 01 : 6[85000] -> 5[46000] via P2P/IPC/read
x3015c0s31b0n0:29728:29758 [2] NCCL INFO Channel 02 : 6[85000] -> 5[46000] via P2P/IPC/read
x3015c0s31b0n0:29728:29758 [2] NCCL INFO Channel 03 : 6[85000] -> 5[46000] via P2P/IPC/read
x3016c0s1b1n0:15206:15238 [0] NCCL INFO Channel 01/0 : 48[7000] -> 56[7000] [send] via NET/IB/0
x3016c0s25b0n0:26251:26285 [1] NCCL INFO Channel 03/0 : 56[7000] -> 53[46000] [receive] via NET/IB/0
x3015c0s31b0n0:29729:29763 [3] NCCL INFO Connected all trees
x3015c0s31b0n0:29729:29763 [3] NCCL INFO MSCCL_XML_FILES set by environment to /home/yuke/ncclPG/msccl_tools_lyd/examples/xml/allreduce_binary_tree_h_p_2nicPtree_ch_8_intra_8_inter_4.xml
x3015c0s31b0n0:29729:29763 [3] NCCL INFO MSCCL: Parsing algorithm /home/yuke/ncclPG/msccl_tools_lyd/examples/xml/allreduce_binary_tree_h_p_2nicPtree_ch_8_intra_8_inter_4.xml
x3016c0s25b0n0:26250:26284 [0] NCCL INFO Channel 00/0 : 52[7000] -> 57[46000] [send] via NET/IB/1
x3015c0s37b1n0:18451:18483 [2] NCCL INFO Channel 00 : 18[85000] -> 17[46000] via P2P/IPC/read
x3016c0s1b0n0:22766:22795 [1] NCCL INFO Channel 03/0 : 45[46000] -> 52[7000] [send] via NET/IB/0
x3015c0s31b0n0:29726:29760 [0] NCCL INFO Channel 02/0 : 0[7000] -> 4[7000] [receive] via NET/IB/1
x3015c0s37b1n0:18451:18483 [2] NCCL INFO Channel 01 : 18[85000] -> 17[46000] via P2P/IPC/read
x3015c0s37b1n0:18451:18483 [2] NCCL INFO Channel 02 : 18[85000] -> 17[46000] via P2P/IPC/read
x3015c0s37b1n0:18451:18483 [2] NCCL INFO Channel 03 : 18[85000] -> 17[46000] via P2P/IPC/read
x3015c0s31b0n0:29729:29763 [3] NCCL INFO Parsed MSCCL Algorithm /home/yuke/ncclPG/msccl_tools_lyd/examples/xml/allreduce_binary_tree_h_p_2nicPtree_ch_8_intra_8_inter_4.xml successfully.
x3015c0s37b1n0:18452:18484 [3] NCCL INFO Connected all trees
x3015c0s37b1n0:18452:18484 [3] NCCL INFO MSCCL_XML_FILES set by environment to /home/yuke/ncclPG/msccl_tools_lyd/examples/xml/allreduce_binary_tree_h_p_2nicPtree_ch_8_intra_8_inter_4.xml
x3015c0s37b1n0:18452:18484 [3] NCCL INFO MSCCL: Parsing algorithm /home/yuke/ncclPG/msccl_tools_lyd/examples/xml/allreduce_binary_tree_h_p_2nicPtree_ch_8_intra_8_inter_4.xml
x3016c0s1b0n0:22767:22796 [2] NCCL INFO Channel 00 : 46[85000] -> 45[46000] via P2P/IPC/read
x3016c0s1b0n0:22767:22796 [2] NCCL INFO Channel 01 : 46[85000] -> 45[46000] via P2P/IPC/read
x3016c0s1b0n0:22767:22796 [2] NCCL INFO Channel 02 : 46[85000] -> 45[46000] via P2P/IPC/read
x3016c0s1b0n0:22767:22796 [2] NCCL INFO Channel 03 : 46[85000] -> 45[46000] via P2P/IPC/read
x3015c0s25b1n0:55645:55680 [1] NCCL INFO Channel 02/0 : 1[46000] -> 5[46000] [send] via NET/IB/1
x3016c0s1b0n0:22768:22801 [3] NCCL INFO Connected all trees
x3016c0s1b0n0:22768:22801 [3] NCCL INFO MSCCL_XML_FILES set by environment to /home/yuke/ncclPG/msccl_tools_lyd/examples/xml/allreduce_binary_tree_h_p_2nicPtree_ch_8_intra_8_inter_4.xml
x3016c0s1b0n0:22768:22801 [3] NCCL INFO MSCCL: Parsing algorithm /home/yuke/ncclPG/msccl_tools_lyd/examples/xml/allreduce_binary_tree_h_p_2nicPtree_ch_8_intra_8_inter_4.xml
x3016c0s19b1n0:34877:34903 [2] NCCL INFO Channel 00 : 42[85000] -> 41[46000] via P2P/IPC/read
x3015c0s37b1n0:18449:18485 [0] NCCL INFO Channel 01/0 : 16[7000] -> 24[7000] [send] via NET/IB/0
x3016c0s25b0n0:26250:26284 [0] NCCL INFO Channel 01/0 : 52[7000] -> 57[46000] [send] via NET/IB/0
x3015c0s31b0n0:29727:29759 [1] NCCL INFO Channel 02/0 : 5[46000] -> 8[7000] [send] via NET/IB/1
x3016c0s1b0n0:22768:22801 [3] NCCL INFO Parsed MSCCL Algorithm /home/yuke/ncclPG/msccl_tools_lyd/examples/xml/allreduce_binary_tree_h_p_2nicPtree_ch_8_intra_8_inter_4.xml successfully.
x3016c0s13b1n0:55169:55204 [2] NCCL INFO Channel 01 : 34[85000] -> 33[46000] via P2P/IPC/read
x3015c0s37b1n0:18452:18484 [3] NCCL INFO Parsed MSCCL Algorithm /home/yuke/ncclPG/msccl_tools_lyd/examples/xml/allreduce_binary_tree_h_p_2nicPtree_ch_8_intra_8_inter_4.xml successfully.
x3015c0s31b0n0:29726:29760 [0] NCCL INFO Channel 03/0 : 0[7000] -> 4[7000] [receive] via NET/IB/0
x3016c0s13b1n0:55169:55204 [2] NCCL INFO Channel 02 : 34[85000] -> 33[46000] via P2P/IPC/read
x3016c0s13b1n0:55169:55204 [2] NCCL INFO Channel 03 : 34[85000] -> 33[46000] via P2P/IPC/read
x3015c0s7b1n0:17789:17892 [0] NCCL INFO Channel 00/0 : 24[7000] -> 28[7000] [send] via NET/IB/1
x3016c0s13b1n0:55170:55203 [3] NCCL INFO Connected all trees
x3016c0s13b1n0:55170:55203 [3] NCCL INFO MSCCL_XML_FILES set by environment to /home/yuke/ncclPG/msccl_tools_lyd/examples/xml/allreduce_binary_tree_h_p_2nicPtree_ch_8_intra_8_inter_4.xml
x3016c0s13b1n0:55170:55203 [3] NCCL INFO MSCCL: Parsing algorithm /home/yuke/ncclPG/msccl_tools_lyd/examples/xml/allreduce_binary_tree_h_p_2nicPtree_ch_8_intra_8_inter_4.xml
x3015c0s7b0n0:18709:18745 [1] NCCL INFO Channel 02/0 : 24[7000] -> 21[46000] [receive] via NET/IB/1
x3016c0s19b0n0:54363:54395 [1] NCCL INFO Channel 02/0 : 40[7000] -> 37[46000] [receive] via NET/IB/1
x3016c0s19b0n0:54365:54397 [3] NCCL INFO Connected all trees
x3016c0s19b0n0:54365:54397 [3] NCCL INFO MSCCL_XML_FILES set by environment to /home/yuke/ncclPG/msccl_tools_lyd/examples/xml/allreduce_binary_tree_h_p_2nicPtree_ch_8_intra_8_inter_4.xml
x3016c0s19b0n0:54365:54397 [3] NCCL INFO MSCCL: Parsing algorithm /home/yuke/ncclPG/msccl_tools_lyd/examples/xml/allreduce_binary_tree_h_p_2nicPtree_ch_8_intra_8_inter_4.xml
x3016c0s19b1n0:34877:34903 [2] NCCL INFO Channel 01 : 42[85000] -> 41[46000] via P2P/IPC/read
x3016c0s19b1n0:34877:34903 [2] NCCL INFO Channel 02 : 42[85000] -> 41[46000] via P2P/IPC/read
x3016c0s13b1n0:55170:55203 [3] NCCL INFO Parsed MSCCL Algorithm /home/yuke/ncclPG/msccl_tools_lyd/examples/xml/allreduce_binary_tree_h_p_2nicPtree_ch_8_intra_8_inter_4.xml successfully.
x3016c0s19b1n0:34877:34903 [2] NCCL INFO Channel 03 : 42[85000] -> 41[46000] via P2P/IPC/read
x3016c0s19b1n0:34878:34906 [3] NCCL INFO Connected all trees
x3016c0s19b1n0:34878:34906 [3] NCCL INFO MSCCL_XML_FILES set by environment to /home/yuke/ncclPG/msccl_tools_lyd/examples/xml/allreduce_binary_tree_h_p_2nicPtree_ch_8_intra_8_inter_4.xml
x3016c0s19b1n0:34878:34906 [3] NCCL INFO MSCCL: Parsing algorithm /home/yuke/ncclPG/msccl_tools_lyd/examples/xml/allreduce_binary_tree_h_p_2nicPtree_ch_8_intra_8_inter_4.xml
x3016c0s19b0n0:54365:54397 [3] NCCL INFO Parsed MSCCL Algorithm /home/yuke/ncclPG/msccl_tools_lyd/examples/xml/allreduce_binary_tree_h_p_2nicPtree_ch_8_intra_8_inter_4.xml successfully.
x3016c0s19b1n0:34878:34906 [3] NCCL INFO Parsed MSCCL Algorithm /home/yuke/ncclPG/msccl_tools_lyd/examples/xml/allreduce_binary_tree_h_p_2nicPtree_ch_8_intra_8_inter_4.xml successfully.
x3016c0s19b1n0:34873:34909 [0] NCCL INFO Channel 00/0 : 40[7000] -> 44[7000] [send] via NET/IB/1
x3015c0s7b0n0:18709:18745 [1] NCCL INFO Channel 03/0 : 24[7000] -> 21[46000] [receive] via NET/IB/0
x3015c0s31b0n0:29727:29759 [1] NCCL INFO Channel 03/0 : 5[46000] -> 8[7000] [send] via NET/IB/0
x3016c0s19b0n0:54362:54389 [0] NCCL INFO Channel 00/0 : 36[7000] -> 41[46000] [send] via NET/IB/1
x3016c0s19b1n0:34873:34909 [0] NCCL INFO Channel 01/0 : 40[7000] -> 44[7000] [send] via NET/IB/0
x3015c0s7b0n0:18707:18742 [0] NCCL INFO Channel 00/0 : 20[7000] -> 25[46000] [send] via NET/IB/1
x3015c0s7b1n0:17789:17892 [0] NCCL INFO Channel 01/0 : 24[7000] -> 28[7000] [send] via NET/IB/0
x3016c0s19b0n0:54363:54395 [1] NCCL INFO Channel 03/0 : 40[7000] -> 37[46000] [receive] via NET/IB/0
x3016c0s19b0n0:54362:54389 [0] NCCL INFO Channel 01/0 : 36[7000] -> 41[46000] [send] via NET/IB/0
x3016c0s31b0n0:22449:22485 [0] NCCL INFO Channel 02/0 : 28[7000] -> 60[7000] [receive] via NET/IB/1
x3016c0s13b1n0:55167:55196 [0] NCCL INFO Channel 00/0 : 32[7000] -> 48[7000] [send] via NET/IB/1
x3015c0s7b0n0:18707:18742 [0] NCCL INFO Channel 01/0 : 20[7000] -> 25[46000] [send] via NET/IB/0
x3016c0s13b1n0:55167:55196 [0] NCCL INFO Channel 01/0 : 32[7000] -> 48[7000] [send] via NET/IB/0
x3016c0s25b1n0:26149:26184 [0] NCCL INFO Channel 00/0 : 48[7000] -> 56[7000] [receive] via NET/IB/1
x3016c0s25b1n0:26151:26183 [1] NCCL INFO Channel 00/0 : 57[46000] -> 52[7000] [send] via NET/IB/1
x3016c0s25b1n0:26151:26183 [1] NCCL INFO Channel 01/0 : 57[46000] -> 52[7000] [send] via NET/IB/0
x3016c0s25b1n0:26149:26184 [0] NCCL INFO Channel 01/0 : 48[7000] -> 56[7000] [receive] via NET/IB/0
x3016c0s25b0n0:26250:26284 [0] NCCL INFO Channel 02/0 : 45[46000] -> 52[7000] [receive] via NET/IB/1
x3015c0s25b1n0:55644:55673 [0] NCCL INFO Channel 00/0 : 32[7000] -> 0[7000] [receive] via NET/IB/1
x3016c0s31b0n0:22449:22485 [0] NCCL INFO Channel 03/0 : 28[7000] -> 60[7000] [receive] via NET/IB/0
x3015c0s31b1n0:39617:39649 [0] NCCL INFO Channel 00/0 : 8[7000] -> 12[7000] [send] via NET/IB/1
x3015c0s31b0n0:29726:29760 [0] NCCL INFO Channel 00/0 : 4[7000] -> 9[46000] [send] via NET/IB/1
x3016c0s19b1n0:34875:34910 [1] NCCL INFO Channel 00/0 : 41[46000] -> 36[7000] [send] via NET/IB/1
x3015c0s31b0n0:29727:29759 [1] NCCL INFO Channel 02/0 : 8[7000] -> 5[46000] [receive] via NET/IB/1
x3016c0s25b0n0:26250:26284 [0] NCCL INFO Channel 03/0 : 45[46000] -> 52[7000] [receive] via NET/IB/0
x3016c0s19b1n0:34873:34909 [0] NCCL INFO Channel 00/0 : 40[7000] -> 49[46000] [send] via NET/IB/1
x3015c0s7b1n0:17791:17891 [1] NCCL INFO Channel 00/0 : 25[46000] -> 20[7000] [send] via NET/IB/1
x3015c0s25b1n0:55644:55673 [0] NCCL INFO Channel 01/0 : 32[7000] -> 0[7000] [receive] via NET/IB/0
x3016c0s19b1n0:34873:34909 [0] NCCL INFO Channel 01/0 : 40[7000] -> 49[46000] [send] via NET/IB/0
x3015c0s31b0n0:29726:29760 [0] NCCL INFO Channel 01/0 : 4[7000] -> 9[46000] [send] via NET/IB/0
x3016c0s31b0n0:22449:22485 [0] NCCL INFO Channel 02/0 : 60[7000] -> 28[7000] [send] via NET/IB/1
x3015c0s7b0n0:18707:18742 [0] NCCL INFO Channel 02/0 : 13[46000] -> 20[7000] [receive] via NET/IB/1
x3016c0s19b0n0:54362:54389 [0] NCCL INFO Channel 02/0 : 36[7000] -> 44[7000] [send] via NET/IB/1
x3015c0s31b0n0:29727:29759 [1] NCCL INFO Channel 03/0 : 8[7000] -> 5[46000] [receive] via NET/IB/0
x3015c0s7b1n0:17789:17892 [0] NCCL INFO Channel 00/0 : 16[7000] -> 24[7000] [receive] via NET/IB/1
x3015c0s31b1n0:39617:39649 [0] NCCL INFO Channel 01/0 : 8[7000] -> 12[7000] [send] via NET/IB/0
x3016c0s19b0n0:54362:54389 [0] NCCL INFO Channel 03/0 : 36[7000] -> 44[7000] [send] via NET/IB/0
x3016c0s19b1n0:34875:34910 [1] NCCL INFO Channel 01/0 : 41[46000] -> 36[7000] [send] via NET/IB/0
x3015c0s7b1n0:17791:17891 [1] NCCL INFO Channel 01/0 : 25[46000] -> 20[7000] [send] via NET/IB/0
x3015c0s7b0n0:18707:18742 [0] NCCL INFO Channel 03/0 : 13[46000] -> 20[7000] [receive] via NET/IB/0
x3015c0s25b1n0:55644:55673 [0] NCCL INFO Channel 00/0 : 0[7000] -> 32[7000] [send] via NET/IB/1
x3016c0s13b0n0:59592:59620 [0] NCCL INFO Channel 02/0 : 12[7000] -> 28[7000] [receive] via NET/IB/1
x3016c0s1b0n0:22765:22802 [0] NCCL INFO Channel 02/0 : 36[7000] -> 44[7000] [receive] via NET/IB/1
x3016c0s31b0n0:22449:22485 [0] NCCL INFO Channel 03/0 : 60[7000] -> 28[7000] [send] via NET/IB/0
x3015c0s7b1n0:17789:17892 [0] NCCL INFO Channel 01/0 : 16[7000] -> 24[7000] [receive] via NET/IB/0
x3016c0s1b0n0:22765:22802 [0] NCCL INFO Channel 03/0 : 36[7000] -> 44[7000] [receive] via NET/IB/0
x3016c0s1b0n0:22766:22795 [1] NCCL INFO Channel 02/0 : 52[7000] -> 45[46000] [receive] via NET/IB/1
x3016c0s13b0n0:59592:59620 [0] NCCL INFO Channel 03/0 : 12[7000] -> 28[7000] [receive] via NET/IB/0
x3016c0s1b1n0:15207:15240 [1] NCCL INFO Channel 00/0 : 49[46000] -> 40[7000] [send] via NET/IB/1
x3015c0s25b1n0:55644:55673 [0] NCCL INFO Channel 01/0 : 0[7000] -> 32[7000] [send] via NET/IB/0
x3016c0s1b1n0:15206:15238 [0] NCCL INFO Channel 00/0 : 32[7000] -> 48[7000] [receive] via NET/IB/1
x3016c0s25b1n0:26149:26184 [0] NCCL INFO Channel 00/0 : 56[7000] -> 48[7000] [send] via NET/IB/1
x3016c0s1b0n0:22766:22795 [1] NCCL INFO Channel 03/0 : 52[7000] -> 45[46000] [receive] via NET/IB/0
x3015c0s31b1n0:39618:39648 [1] NCCL INFO Channel 00/0 : 9[46000] -> 4[7000] [send] via NET/IB/1
x3016c0s19b1n0:34873:34909 [0] NCCL INFO Channel 00/0 : 49[46000] -> 40[7000] [receive] via NET/IB/1
x3015c0s31b0n0:29726:29760 [0] NCCL INFO Channel 02/0 : 4[7000] -> 12[7000] [send] via NET/IB/1
x3016c0s25b1n0:26149:26184 [0] NCCL INFO Channel 01/0 : 56[7000] -> 48[7000] [send] via NET/IB/0
x3015c0s37b0n0:39889:39921 [1] NCCL INFO Channel 02/0 : 20[7000] -> 13[46000] [receive] via NET/IB/1
x3015c0s31b1n0:39617:39649 [0] NCCL INFO Channel 00/0 : 8[7000] -> 17[46000] [send] via NET/IB/1
x3016c0s1b1n0:15206:15238 [0] NCCL INFO Channel 01/0 : 32[7000] -> 48[7000] [receive] via NET/IB/0
x3015c0s31b1n0:39618:39648 [1] NCCL INFO Channel 01/0 : 9[46000] -> 4[7000] [send] via NET/IB/0
x3016c0s1b1n0:15207:15240 [1] NCCL INFO Channel 01/0 : 49[46000] -> 40[7000] [send] via NET/IB/0
x3016c0s25b0n0:26250:26284 [0] NCCL INFO Channel 02/0 : 52[7000] -> 45[46000] [send] via NET/IB/1
x3015c0s31b0n0:29726:29760 [0] NCCL INFO Channel 03/0 : 4[7000] -> 12[7000] [send] via NET/IB/0
x3016c0s25b0n0:26250:26284 [0] NCCL INFO Channel 03/0 : 52[7000] -> 45[46000] [send] via NET/IB/0
x3015c0s7b0n0:18707:18742 [0] NCCL INFO Channel 02/0 : 20[7000] -> 13[46000] [send] via NET/IB/1
x3015c0s31b1n0:39617:39649 [0] NCCL INFO Channel 01/0 : 8[7000] -> 17[46000] [send] via NET/IB/0
x3016c0s19b1n0:34873:34909 [0] NCCL INFO Channel 01/0 : 49[46000] -> 40[7000] [receive] via NET/IB/0
x3015c0s37b0n0:39888:39926 [0] NCCL INFO Channel 02/0 : 4[7000] -> 12[7000] [receive] via NET/IB/1
x3015c0s37b0n0:39889:39921 [1] NCCL INFO Channel 03/0 : 20[7000] -> 13[46000] [receive] via NET/IB/0
x3015c0s7b0n0:18707:18742 [0] NCCL INFO Channel 03/0 : 20[7000] -> 13[46000] [send] via NET/IB/0
x3015c0s37b0n0:39888:39926 [0] NCCL INFO Channel 03/0 : 4[7000] -> 12[7000] [receive] via NET/IB/0
x3016c0s1b0n0:22765:22802 [0] NCCL INFO Channel 02/0 : 29[46000] -> 44[7000] [receive] via NET/IB/1
x3015c0s37b1n0:18449:18485 [0] NCCL INFO Channel 00/0 : 16[7000] -> 33[46000] [send] via NET/IB/1
x3015c0s7b1n0:17789:17892 [0] NCCL INFO Channel 00/0 : 24[7000] -> 16[7000] [send] via NET/IB/1
x3015c0s37b1n0:18449:18485 [0] NCCL INFO Channel 01/0 : 16[7000] -> 33[46000] [send] via NET/IB/0
x3015c0s37b1n0:18450:18488 [1] NCCL INFO Channel 00/0 : 17[46000] -> 8[7000] [send] via NET/IB/1
x3016c0s19b0n0:54362:54389 [0] NCCL INFO Channel 02/0 : 44[7000] -> 36[7000] [receive] via NET/IB/1
x3016c0s1b0n0:22765:22802 [0] NCCL INFO Channel 03/0 : 29[46000] -> 44[7000] [receive] via NET/IB/0
x3015c0s37b1n0:18450:18488 [1] NCCL INFO Channel 01/0 : 17[46000] -> 8[7000] [send] via NET/IB/0
x3016c0s19b0n0:54362:54389 [0] NCCL INFO Channel 03/0 : 44[7000] -> 36[7000] [receive] via NET/IB/0
x3015c0s7b1n0:17789:17892 [0] NCCL INFO Channel 01/0 : 24[7000] -> 16[7000] [send] via NET/IB/0
x3016c0s13b1n0:55167:55196 [0] NCCL INFO Channel 00/0 : 0[7000] -> 32[7000] [receive] via NET/IB/1
x3016c0s25b0n0:26250:26284 [0] NCCL INFO Channel 00/0 : 57[46000] -> 52[7000] [receive] via NET/IB/1
x3016c0s1b1n0:15206:15238 [0] NCCL INFO Channel 00/0 : 48[7000] -> 32[7000] [send] via NET/IB/1
x3015c0s31b1n0:39617:39649 [0] NCCL INFO Channel 00/0 : 17[46000] -> 8[7000] [receive] via NET/IB/1
x3016c0s25b0n0:26250:26284 [0] NCCL INFO Channel 01/0 : 57[46000] -> 52[7000] [receive] via NET/IB/0
x3016c0s13b1n0:55167:55196 [0] NCCL INFO Channel 01/0 : 0[7000] -> 32[7000] [receive] via NET/IB/0
x3015c0s7b0n0:18707:18742 [0] NCCL INFO Channel 00/0 : 25[46000] -> 20[7000] [receive] via NET/IB/1
x3016c0s13b1n0:55168:55205 [1] NCCL INFO Channel 00/0 : 33[46000] -> 16[7000] [send] via NET/IB/1
x3016c0s1b0n0:22766:22795 [1] NCCL INFO Connected all trees
x3016c0s1b0n0:22766:22795 [1] NCCL INFO MSCCL_XML_FILES set by environment to /home/yuke/ncclPG/msccl_tools_lyd/examples/xml/allreduce_binary_tree_h_p_2nicPtree_ch_8_intra_8_inter_4.xml
x3016c0s1b0n0:22766:22795 [1] NCCL INFO MSCCL: Parsing algorithm /home/yuke/ncclPG/msccl_tools_lyd/examples/xml/allreduce_binary_tree_h_p_2nicPtree_ch_8_intra_8_inter_4.xml
x3016c0s1b1n0:15206:15238 [0] NCCL INFO Channel 01/0 : 48[7000] -> 32[7000] [send] via NET/IB/0
x3015c0s31b1n0:39617:39649 [0] NCCL INFO Channel 01/0 : 17[46000] -> 8[7000] [receive] via NET/IB/0
x3015c0s7b0n0:18707:18742 [0] NCCL INFO Channel 01/0 : 25[46000] -> 20[7000] [receive] via NET/IB/0
x3015c0s37b0n0:39888:39926 [0] NCCL INFO Channel 02/0 : 12[7000] -> 28[7000] [send] via NET/IB/1
x3016c0s1b0n0:22767:22796 [2] NCCL INFO Connected all trees
x3016c0s1b0n0:22767:22796 [2] NCCL INFO MSCCL_XML_FILES set by environment to /home/yuke/ncclPG/msccl_tools_lyd/examples/xml/allreduce_binary_tree_h_p_2nicPtree_ch_8_intra_8_inter_4.xml
x3016c0s1b0n0:22767:22796 [2] NCCL INFO MSCCL: Parsing algorithm /home/yuke/ncclPG/msccl_tools_lyd/examples/xml/allreduce_binary_tree_h_p_2nicPtree_ch_8_intra_8_inter_4.xml
x3016c0s19b1n0:34873:34909 [0] NCCL INFO Channel 00/0 : 44[7000] -> 40[7000] [receive] via NET/IB/1
x3015c0s31b0n0:29726:29760 [0] NCCL INFO Channel 02/0 : 12[7000] -> 4[7000] [receive] via NET/IB/1
x3016c0s1b0n0:22766:22795 [1] NCCL INFO Parsed MSCCL Algorithm /home/yuke/ncclPG/msccl_tools_lyd/examples/xml/allreduce_binary_tree_h_p_2nicPtree_ch_8_intra_8_inter_4.xml successfully.
x3015c0s37b1n0:18449:18485 [0] NCCL INFO Channel 00/0 : 33[46000] -> 16[7000] [receive] via NET/IB/1
x3016c0s1b0n0:22767:22796 [2] NCCL INFO Parsed MSCCL Algorithm /home/yuke/ncclPG/msccl_tools_lyd/examples/xml/allreduce_binary_tree_h_p_2nicPtree_ch_8_intra_8_inter_4.xml successfully.
x3016c0s1b0n0:22767:22796 [2] NCCL INFO Connected 1 MSCCL algorithms
x3016c0s1b0n0:22767:22796 [2] NCCL INFO NCCL_PROTO set by environment to Simple
x3016c0s1b0n0:22767:22796 [2] NCCL INFO NCCL_ALGO set by environment to MSCCL,TREE,RING
x3016c0s1b0n0:22767:22796 [2] NCCL INFO threadThresholds 8/8/64 | 512/8/64 | 8/8/64 | 8/8/512
x3016c0s1b0n0:22767:22796 [2] NCCL INFO 4 coll channels, 4 p2p channels, 2 p2p channels per peer
x3016c0s1b1n0:15207:15240 [1] NCCL INFO Connected all trees
x3016c0s1b1n0:15207:15240 [1] NCCL INFO MSCCL_XML_FILES set by environment to /home/yuke/ncclPG/msccl_tools_lyd/examples/xml/allreduce_binary_tree_h_p_2nicPtree_ch_8_intra_8_inter_4.xml
x3016c0s1b1n0:15207:15240 [1] NCCL INFO MSCCL: Parsing algorithm /home/yuke/ncclPG/msccl_tools_lyd/examples/xml/allreduce_binary_tree_h_p_2nicPtree_ch_8_intra_8_inter_4.xml
x3016c0s1b1n0:15208:15239 [2] NCCL INFO Connected all trees
x3016c0s1b1n0:15208:15239 [2] NCCL INFO MSCCL_XML_FILES set by environment to /home/yuke/ncclPG/msccl_tools_lyd/examples/xml/allreduce_binary_tree_h_p_2nicPtree_ch_8_intra_8_inter_4.xml
x3016c0s1b1n0:15208:15239 [2] NCCL INFO MSCCL: Parsing algorithm /home/yuke/ncclPG/msccl_tools_lyd/examples/xml/allreduce_binary_tree_h_p_2nicPtree_ch_8_intra_8_inter_4.xml
x3016c0s1b1n0:15207:15240 [1] NCCL INFO Parsed MSCCL Algorithm /home/yuke/ncclPG/msccl_tools_lyd/examples/xml/allreduce_binary_tree_h_p_2nicPtree_ch_8_intra_8_inter_4.xml successfully.
x3016c0s1b1n0:15208:15239 [2] NCCL INFO Parsed MSCCL Algorithm /home/yuke/ncclPG/msccl_tools_lyd/examples/xml/allreduce_binary_tree_h_p_2nicPtree_ch_8_intra_8_inter_4.xml successfully.
x3016c0s1b1n0:15208:15239 [2] NCCL INFO Connected 1 MSCCL algorithms
x3016c0s1b1n0:15208:15239 [2] NCCL INFO NCCL_PROTO set by environment to Simple
x3016c0s1b1n0:15208:15239 [2] NCCL INFO NCCL_ALGO set by environment to MSCCL,TREE,RING
x3016c0s1b1n0:15208:15239 [2] NCCL INFO threadThresholds 8/8/64 | 512/8/64 | 8/8/64 | 8/8/512
x3016c0s1b1n0:15208:15239 [2] NCCL INFO 4 coll channels, 4 p2p channels, 2 p2p channels per peer
x3015c0s37b0n0:39888:39926 [0] NCCL INFO Channel 03/0 : 12[7000] -> 28[7000] [send] via NET/IB/0
x3016c0s19b1n0:34873:34909 [0] NCCL INFO Channel 01/0 : 44[7000] -> 40[7000] [receive] via NET/IB/0
x3015c0s37b0n0:39889:39921 [1] NCCL INFO Connected all trees
x3015c0s37b0n0:39889:39921 [1] NCCL INFO MSCCL_XML_FILES set by environment to /home/yuke/ncclPG/msccl_tools_lyd/examples/xml/allreduce_binary_tree_h_p_2nicPtree_ch_8_intra_8_inter_4.xml
x3015c0s37b0n0:39889:39921 [1] NCCL INFO MSCCL: Parsing algorithm /home/yuke/ncclPG/msccl_tools_lyd/examples/xml/allreduce_binary_tree_h_p_2nicPtree_ch_8_intra_8_inter_4.xml
x3015c0s37b0n0:39890:39927 [2] NCCL INFO Connected all trees
x3015c0s37b0n0:39890:39927 [2] NCCL INFO MSCCL_XML_FILES set by environment to /home/yuke/ncclPG/msccl_tools_lyd/examples/xml/allreduce_binary_tree_h_p_2nicPtree_ch_8_intra_8_inter_4.xml
x3015c0s37b0n0:39890:39927 [2] NCCL INFO MSCCL: Parsing algorithm /home/yuke/ncclPG/msccl_tools_lyd/examples/xml/allreduce_binary_tree_h_p_2nicPtree_ch_8_intra_8_inter_4.xml
x3016c0s25b1n0:26151:26183 [1] NCCL INFO Connected all trees
x3016c0s25b1n0:26151:26183 [1] NCCL INFO MSCCL_XML_FILES set by environment to /home/yuke/ncclPG/msccl_tools_lyd/examples/xml/allreduce_binary_tree_h_p_2nicPtree_ch_8_intra_8_inter_4.xml
x3016c0s25b1n0:26151:26183 [1] NCCL INFO MSCCL: Parsing algorithm /home/yuke/ncclPG/msccl_tools_lyd/examples/xml/allreduce_binary_tree_h_p_2nicPtree_ch_8_intra_8_inter_4.xml
x3016c0s25b1n0:26152:26182 [2] NCCL INFO Connected all trees
x3016c0s25b1n0:26152:26182 [2] NCCL INFO MSCCL_XML_FILES set by environment to /home/yuke/ncclPG/msccl_tools_lyd/examples/xml/allreduce_binary_tree_h_p_2nicPtree_ch_8_intra_8_inter_4.xml
x3016c0s25b1n0:26152:26182 [2] NCCL INFO MSCCL: Parsing algorithm /home/yuke/ncclPG/msccl_tools_lyd/examples/xml/allreduce_binary_tree_h_p_2nicPtree_ch_8_intra_8_inter_4.xml
x3016c0s13b1n0:55168:55205 [1] NCCL INFO Channel 01/0 : 33[46000] -> 16[7000] [send] via NET/IB/0
x3015c0s37b0n0:39889:39921 [1] NCCL INFO Parsed MSCCL Algorithm /home/yuke/ncclPG/msccl_tools_lyd/examples/xml/allreduce_binary_tree_h_p_2nicPtree_ch_8_intra_8_inter_4.xml successfully.
x3015c0s37b0n0:39890:39927 [2] NCCL INFO Parsed MSCCL Algorithm /home/yuke/ncclPG/msccl_tools_lyd/examples/xml/allreduce_binary_tree_h_p_2nicPtree_ch_8_intra_8_inter_4.xml successfully.
x3015c0s37b0n0:39890:39927 [2] NCCL INFO Connected 1 MSCCL algorithms
x3015c0s37b0n0:39890:39927 [2] NCCL INFO NCCL_PROTO set by environment to Simple
x3015c0s37b0n0:39890:39927 [2] NCCL INFO NCCL_ALGO set by environment to MSCCL,TREE,RING
x3015c0s37b0n0:39890:39927 [2] NCCL INFO threadThresholds 8/8/64 | 512/8/64 | 8/8/64 | 8/8/512
x3015c0s37b0n0:39890:39927 [2] NCCL INFO 4 coll channels, 4 p2p channels, 2 p2p channels per peer
x3016c0s1b0n0:22765:22802 [0] NCCL INFO Channel 02/0 : 44[7000] -> 29[46000] [send] via NET/IB/1
x3016c0s25b1n0:26151:26183 [1] NCCL INFO Parsed MSCCL Algorithm /home/yuke/ncclPG/msccl_tools_lyd/examples/xml/allreduce_binary_tree_h_p_2nicPtree_ch_8_intra_8_inter_4.xml successfully.
x3016c0s25b1n0:26152:26182 [2] NCCL INFO Parsed MSCCL Algorithm /home/yuke/ncclPG/msccl_tools_lyd/examples/xml/allreduce_binary_tree_h_p_2nicPtree_ch_8_intra_8_inter_4.xml successfully.
x3016c0s25b1n0:26152:26182 [2] NCCL INFO Connected 1 MSCCL algorithms
x3016c0s25b1n0:26152:26182 [2] NCCL INFO NCCL_PROTO set by environment to Simple
x3016c0s25b1n0:26152:26182 [2] NCCL INFO NCCL_ALGO set by environment to MSCCL,TREE,RING
x3016c0s25b1n0:26152:26182 [2] NCCL INFO threadThresholds 8/8/64 | 512/8/64 | 8/8/64 | 8/8/512
x3016c0s25b1n0:26152:26182 [2] NCCL INFO 4 coll channels, 4 p2p channels, 2 p2p channels per peer
x3016c0s13b1n0:55167:55196 [0] NCCL INFO Channel 00/0 : 32[7000] -> 0[7000] [send] via NET/IB/1
x3016c0s13b0n0:59593:59626 [1] NCCL INFO Channel 02/0 : 44[7000] -> 29[46000] [receive] via NET/IB/1
x3015c0s31b0n0:29726:29760 [0] NCCL INFO Channel 03/0 : 12[7000] -> 4[7000] [receive] via NET/IB/0
x3016c0s1b0n0:22765:22802 [0] NCCL INFO Channel 03/0 : 44[7000] -> 29[46000] [send] via NET/IB/0
x3016c0s1b1n0:15207:15240 [1] NCCL INFO Channel 02/0 : 49[46000] -> 53[46000] [send] via NET/IB/1
x3016c0s13b1n0:55167:55196 [0] NCCL INFO Channel 01/0 : 32[7000] -> 0[7000] [send] via NET/IB/0
x3015c0s37b1n0:18449:18485 [0] NCCL INFO Channel 01/0 : 33[46000] -> 16[7000] [receive] via NET/IB/0
x3016c0s1b0n0:22766:22795 [1] NCCL INFO Channel 01/0 : 41[46000] -> 45[46000] [receive] via NET/IB/1
x3016c0s13b0n0:59593:59626 [1] NCCL INFO Channel 03/0 : 44[7000] -> 29[46000] [receive] via NET/IB/0
x3015c0s37b0n0:39889:39921 [1] NCCL INFO Channel 01/0 : 9[46000] -> 13[46000] [receive] via NET/IB/1
x3016c0s25b1n0:26151:26183 [1] NCCL INFO Channel 00/0 : 53[46000] -> 57[46000] [receive] via NET/IB/1
x3015c0s31b1n0:39617:39649 [0] NCCL INFO Channel 00/0 : 12[7000] -> 8[7000] [receive] via NET/IB/1
x3016c0s25b0n0:26250:26284 [0] NCCL INFO Channel 02/0 : 52[7000] -> 48[7000] [send] via NET/IB/1
x3016c0s25b1n0:26151:26183 [1] NCCL INFO Channel 03/0 : 53[46000] -> 57[46000] [receive] via NET/IB/1
x3015c0s37b0n0:39888:39926 [0] NCCL INFO Channel 02/0 : 28[7000] -> 12[7000] [receive] via NET/IB/1
x3016c0s25b0n0:26250:26284 [0] NCCL INFO Channel 03/0 : 52[7000] -> 48[7000] [send] via NET/IB/0
x3015c0s31b1n0:39617:39649 [0] NCCL INFO Channel 01/0 : 12[7000] -> 8[7000] [receive] via NET/IB/0
x3016c0s13b0n0:59592:59620 [0] NCCL INFO Channel 02/0 : 60[7000] -> 28[7000] [receive] via NET/IB/1
x3015c0s7b0n0:18707:18742 [0] NCCL INFO Channel 02/0 : 20[7000] -> 16[7000] [send] via NET/IB/1
x3015c0s37b0n0:39888:39926 [0] NCCL INFO Channel 03/0 : 28[7000] -> 12[7000] [receive] via NET/IB/0
x3015c0s7b1n0:17791:17891 [1] NCCL INFO Connected all trees
x3015c0s7b1n0:17791:17891 [1] NCCL INFO MSCCL_XML_FILES set by environment to /home/yuke/ncclPG/msccl_tools_lyd/examples/xml/allreduce_binary_tree_h_p_2nicPtree_ch_8_intra_8_inter_4.xml
x3015c0s7b1n0:17791:17891 [1] NCCL INFO MSCCL: Parsing algorithm /home/yuke/ncclPG/msccl_tools_lyd/examples/xml/allreduce_binary_tree_h_p_2nicPtree_ch_8_intra_8_inter_4.xml
x3015c0s7b1n0:17792:17893 [2] NCCL INFO Connected all trees
x3015c0s7b1n0:17792:17893 [2] NCCL INFO MSCCL_XML_FILES set by environment to /home/yuke/ncclPG/msccl_tools_lyd/examples/xml/allreduce_binary_tree_h_p_2nicPtree_ch_8_intra_8_inter_4.xml
x3015c0s7b1n0:17792:17893 [2] NCCL INFO MSCCL: Parsing algorithm /home/yuke/ncclPG/msccl_tools_lyd/examples/xml/allreduce_binary_tree_h_p_2nicPtree_ch_8_intra_8_inter_4.xml
x3015c0s7b0n0:18707:18742 [0] NCCL INFO Channel 03/0 : 20[7000] -> 16[7000] [send] via NET/IB/0
x3015c0s7b1n0:17791:17891 [1] NCCL INFO Parsed MSCCL Algorithm /home/yuke/ncclPG/msccl_tools_lyd/examples/xml/allreduce_binary_tree_h_p_2nicPtree_ch_8_intra_8_inter_4.xml successfully.
x3016c0s25b1n0:26151:26183 [1] NCCL INFO Channel 01/0 : 57[46000] -> 61[46000] [send] via NET/IB/1
x3016c0s13b1n0:55168:55205 [1] NCCL INFO Connected all trees
x3016c0s13b1n0:55168:55205 [1] NCCL INFO MSCCL_XML_FILES set by environment to /home/yuke/ncclPG/msccl_tools_lyd/examples/xml/allreduce_binary_tree_h_p_2nicPtree_ch_8_intra_8_inter_4.xml
x3016c0s13b1n0:55168:55205 [1] NCCL INFO MSCCL: Parsing algorithm /home/yuke/ncclPG/msccl_tools_lyd/examples/xml/allreduce_binary_tree_h_p_2nicPtree_ch_8_intra_8_inter_4.xml
x3016c0s13b1n0:55169:55204 [2] NCCL INFO Connected all trees
x3016c0s13b1n0:55169:55204 [2] NCCL INFO MSCCL_XML_FILES set by environment to /home/yuke/ncclPG/msccl_tools_lyd/examples/xml/allreduce_binary_tree_h_p_2nicPtree_ch_8_intra_8_inter_4.xml
x3016c0s13b1n0:55169:55204 [2] NCCL INFO MSCCL: Parsing algorithm /home/yuke/ncclPG/msccl_tools_lyd/examples/xml/allreduce_binary_tree_h_p_2nicPtree_ch_8_intra_8_inter_4.xml
x3015c0s37b1n0:18450:18488 [1] NCCL INFO Connected all trees
x3015c0s37b1n0:18450:18488 [1] NCCL INFO MSCCL_XML_FILES set by environment to /home/yuke/ncclPG/msccl_tools_lyd/examples/xml/allreduce_binary_tree_h_p_2nicPtree_ch_8_intra_8_inter_4.xml
x3015c0s37b1n0:18450:18488 [1] NCCL INFO MSCCL: Parsing algorithm /home/yuke/ncclPG/msccl_tools_lyd/examples/xml/allreduce_binary_tree_h_p_2nicPtree_ch_8_intra_8_inter_4.xml
x3015c0s37b1n0:18451:18483 [2] NCCL INFO Connected all trees
x3015c0s37b1n0:18451:18483 [2] NCCL INFO MSCCL_XML_FILES set by environment to /home/yuke/ncclPG/msccl_tools_lyd/examples/xml/allreduce_binary_tree_h_p_2nicPtree_ch_8_intra_8_inter_4.xml
x3015c0s37b1n0:18451:18483 [2] NCCL INFO MSCCL: Parsing algorithm /home/yuke/ncclPG/msccl_tools_lyd/examples/xml/allreduce_binary_tree_h_p_2nicPtree_ch_8_intra_8_inter_4.xml
x3015c0s7b1n0:17792:17893 [2] NCCL INFO Parsed MSCCL Algorithm /home/yuke/ncclPG/msccl_tools_lyd/examples/xml/allreduce_binary_tree_h_p_2nicPtree_ch_8_intra_8_inter_4.xml successfully.
x3015c0s7b1n0:17792:17893 [2] NCCL INFO Connected 1 MSCCL algorithms
x3015c0s7b1n0:17792:17893 [2] NCCL INFO NCCL_PROTO set by environment to Simple
x3015c0s7b1n0:17792:17893 [2] NCCL INFO NCCL_ALGO set by environment to MSCCL,TREE,RING
x3015c0s7b1n0:17792:17893 [2] NCCL INFO threadThresholds 8/8/64 | 512/8/64 | 8/8/64 | 8/8/512
x3015c0s7b1n0:17792:17893 [2] NCCL INFO 4 coll channels, 4 p2p channels, 2 p2p channels per peer
x3016c0s13b1n0:55168:55205 [1] NCCL INFO Parsed MSCCL Algorithm /home/yuke/ncclPG/msccl_tools_lyd/examples/xml/allreduce_binary_tree_h_p_2nicPtree_ch_8_intra_8_inter_4.xml successfully.
x3015c0s37b1n0:18450:18488 [1] NCCL INFO Parsed MSCCL Algorithm /home/yuke/ncclPG/msccl_tools_lyd/examples/xml/allreduce_binary_tree_h_p_2nicPtree_ch_8_intra_8_inter_4.xml successfully.
x3016c0s13b0n0:59593:59626 [1] NCCL INFO Connected all trees
x3016c0s13b0n0:59593:59626 [1] NCCL INFO MSCCL_XML_FILES set by environment to /home/yuke/ncclPG/msccl_tools_lyd/examples/xml/allreduce_binary_tree_h_p_2nicPtree_ch_8_intra_8_inter_4.xml
x3016c0s13b0n0:59593:59626 [1] NCCL INFO MSCCL: Parsing algorithm /home/yuke/ncclPG/msccl_tools_lyd/examples/xml/allreduce_binary_tree_h_p_2nicPtree_ch_8_intra_8_inter_4.xml
x3016c0s13b0n0:59592:59620 [0] NCCL INFO Channel 03/0 : 60[7000] -> 28[7000] [receive] via NET/IB/0
x3016c0s13b0n0:59594:59629 [2] NCCL INFO Connected all trees
x3016c0s13b0n0:59594:59629 [2] NCCL INFO MSCCL_XML_FILES set by environment to /home/yuke/ncclPG/msccl_tools_lyd/examples/xml/allreduce_binary_tree_h_p_2nicPtree_ch_8_intra_8_inter_4.xml
x3016c0s13b0n0:59594:59629 [2] NCCL INFO MSCCL: Parsing algorithm /home/yuke/ncclPG/msccl_tools_lyd/examples/xml/allreduce_binary_tree_h_p_2nicPtree_ch_8_intra_8_inter_4.xml
x3015c0s37b1n0:18451:18483 [2] NCCL INFO Parsed MSCCL Algorithm /home/yuke/ncclPG/msccl_tools_lyd/examples/xml/allreduce_binary_tree_h_p_2nicPtree_ch_8_intra_8_inter_4.xml successfully.
x3015c0s37b1n0:18451:18483 [2] NCCL INFO Connected 1 MSCCL algorithms
x3015c0s37b1n0:18451:18483 [2] NCCL INFO NCCL_PROTO set by environment to Simple
x3015c0s37b1n0:18451:18483 [2] NCCL INFO NCCL_ALGO set by environment to MSCCL,TREE,RING
x3015c0s37b1n0:18451:18483 [2] NCCL INFO threadThresholds 8/8/64 | 512/8/64 | 8/8/64 | 8/8/512
x3015c0s37b1n0:18451:18483 [2] NCCL INFO 4 coll channels, 4 p2p channels, 2 p2p channels per peer
x3016c0s13b1n0:55169:55204 [2] NCCL INFO Parsed MSCCL Algorithm /home/yuke/ncclPG/msccl_tools_lyd/examples/xml/allreduce_binary_tree_h_p_2nicPtree_ch_8_intra_8_inter_4.xml successfully.
x3016c0s13b1n0:55169:55204 [2] NCCL INFO Connected 1 MSCCL algorithms
x3016c0s13b1n0:55169:55204 [2] NCCL INFO NCCL_PROTO set by environment to Simple
x3016c0s13b1n0:55169:55204 [2] NCCL INFO NCCL_ALGO set by environment to MSCCL,TREE,RING
x3016c0s13b1n0:55169:55204 [2] NCCL INFO threadThresholds 8/8/64 | 512/8/64 | 8/8/64 | 8/8/512
x3016c0s13b1n0:55169:55204 [2] NCCL INFO 4 coll channels, 4 p2p channels, 2 p2p channels per peer
x3016c0s13b0n0:59593:59626 [1] NCCL INFO Parsed MSCCL Algorithm /home/yuke/ncclPG/msccl_tools_lyd/examples/xml/allreduce_binary_tree_h_p_2nicPtree_ch_8_intra_8_inter_4.xml successfully.
x3016c0s13b0n0:59594:59629 [2] NCCL INFO Parsed MSCCL Algorithm /home/yuke/ncclPG/msccl_tools_lyd/examples/xml/allreduce_binary_tree_h_p_2nicPtree_ch_8_intra_8_inter_4.xml successfully.
x3016c0s13b0n0:59594:59629 [2] NCCL INFO Connected 1 MSCCL algorithms
x3016c0s13b0n0:59594:59629 [2] NCCL INFO NCCL_PROTO set by environment to Simple
x3016c0s13b0n0:59594:59629 [2] NCCL INFO NCCL_ALGO set by environment to MSCCL,TREE,RING
x3016c0s13b0n0:59594:59629 [2] NCCL INFO threadThresholds 8/8/64 | 512/8/64 | 8/8/64 | 8/8/512
x3016c0s13b0n0:59594:59629 [2] NCCL INFO 4 coll channels, 4 p2p channels, 2 p2p channels per peer
x3015c0s7b1n0:17791:17891 [1] NCCL INFO Channel 00/0 : 21[46000] -> 25[46000] [receive] via NET/IB/1
x3016c0s1b0n0:22765:22802 [0] NCCL INFO Channel 02/0 : 44[7000] -> 36[7000] [send] via NET/IB/1
x3016c0s13b0n0:59592:59620 [0] NCCL INFO Channel 02/0 : 28[7000] -> 60[7000] [send] via NET/IB/1
x3015c0s37b1n0:18449:18485 [0] NCCL INFO Channel 00/0 : 24[7000] -> 16[7000] [receive] via NET/IB/1
x3016c0s13b1n0:55168:55205 [1] NCCL INFO Channel 02/0 : 33[46000] -> 37[46000] [send] via NET/IB/1
x3015c0s7b1n0:17791:17891 [1] NCCL INFO Channel 03/0 : 21[46000] -> 25[46000] [receive] via NET/IB/1
x3016c0s13b1n0:55167:55196 [0] NCCL INFO Channel 00/0 : 48[7000] -> 32[7000] [receive] via NET/IB/1
x3015c0s37b1n0:18450:18488 [1] NCCL INFO Channel 02/0 : 17[46000] -> 21[46000] [send] via NET/IB/1
x3016c0s13b0n0:59592:59620 [0] NCCL INFO Channel 03/0 : 28[7000] -> 60[7000] [send] via NET/IB/0
x3016c0s13b0n0:59593:59626 [1] NCCL INFO Channel 01/0 : 25[46000] -> 29[46000] [receive] via NET/IB/1
x3016c0s1b0n0:22765:22802 [0] NCCL INFO Channel 03/0 : 44[7000] -> 36[7000] [send] via NET/IB/0
x3015c0s25b1n0:55644:55673 [0] NCCL INFO Channel 02/0 : 4[7000] -> 0[7000] [receive] via NET/IB/1
x3016c0s13b1n0:55167:55196 [0] NCCL INFO Channel 01/0 : 48[7000] -> 32[7000] [receive] via NET/IB/0
x3015c0s7b1n0:17791:17891 [1] NCCL INFO Channel 01/0 : 25[46000] -> 29[46000] [send] via NET/IB/1
x3015c0s25b1n0:55644:55673 [0] NCCL INFO Channel 03/0 : 4[7000] -> 0[7000] [receive] via NET/IB/0
x3015c0s37b1n0:18449:18485 [0] NCCL INFO Channel 01/0 : 24[7000] -> 16[7000] [receive] via NET/IB/0
x3016c0s19b0n0:54362:54389 [0] NCCL INFO Channel 00/0 : 41[46000] -> 36[7000] [receive] via NET/IB/1
x3016c0s19b0n0:54362:54389 [0] NCCL INFO Channel 01/0 : 41[46000] -> 36[7000] [receive] via NET/IB/0
x3016c0s1b0n0:22765:22802 [0] NCCL INFO Channel 00/0 : 44[7000] -> 40[7000] [send] via NET/IB/1
x3016c0s1b0n0:22765:22802 [0] NCCL INFO Channel 01/0 : 44[7000] -> 40[7000] [send] via NET/IB/0
x3015c0s37b1n0:18449:18485 [0] NCCL INFO Channel 02/0 : 20[7000] -> 16[7000] [receive] via NET/IB/1
x3015c0s7b1n0:17789:17892 [0] NCCL INFO Channel 00/0 : 28[7000] -> 24[7000] [receive] via NET/IB/1
x3016c0s13b0n0:59592:59620 [0] NCCL INFO Channel 02/0 : 28[7000] -> 12[7000] [send] via NET/IB/1
x3016c0s1b0n0:22765:22802 [0] NCCL INFO Connected all trees
x3016c0s1b0n0:22765:22802 [0] NCCL INFO MSCCL_XML_FILES set by environment to /home/yuke/ncclPG/msccl_tools_lyd/examples/xml/allreduce_binary_tree_h_p_2nicPtree_ch_8_intra_8_inter_4.xml
x3016c0s1b0n0:22765:22802 [0] NCCL INFO MSCCL: Parsing algorithm /home/yuke/ncclPG/msccl_tools_lyd/examples/xml/allreduce_binary_tree_h_p_2nicPtree_ch_8_intra_8_inter_4.xml
x3016c0s1b1n0:15206:15238 [0] NCCL INFO Channel 00/0 : 56[7000] -> 48[7000] [receive] via NET/IB/1
x3016c0s1b0n0:22765:22802 [0] NCCL INFO Parsed MSCCL Algorithm /home/yuke/ncclPG/msccl_tools_lyd/examples/xml/allreduce_binary_tree_h_p_2nicPtree_ch_8_intra_8_inter_4.xml successfully.
x3016c0s1b0n0:22765:22802 [0] NCCL INFO Channel 02 : 44[7000] -> 47[c7000] via P2P/IPC/read
x3015c0s7b1n0:17789:17892 [0] NCCL INFO Channel 01/0 : 28[7000] -> 24[7000] [receive] via NET/IB/0
x3016c0s13b0n0:59592:59620 [0] NCCL INFO Channel 03/0 : 28[7000] -> 12[7000] [send] via NET/IB/0
x3016c0s13b1n0:55167:55196 [0] NCCL INFO Channel 02/0 : 36[7000] -> 32[7000] [receive] via NET/IB/1
x3015c0s37b1n0:18449:18485 [0] NCCL INFO Channel 03/0 : 20[7000] -> 16[7000] [receive] via NET/IB/0
x3016c0s1b0n0:22765:22802 [0] NCCL INFO Channel 03 : 44[7000] -> 47[c7000] via P2P/IPC/read
x3016c0s19b0n0:54362:54389 [0] NCCL INFO Channel 02/0 : 36[7000] -> 32[7000] [send] via NET/IB/1
x3016c0s31b0n0:22449:22485 [0] NCCL INFO Channel 00/0 : 60[7000] -> 56[7000] [send] via NET/IB/1
x3016c0s19b1n0:34873:34909 [0] NCCL INFO Channel 02/0 : 40[7000] -> 37[46000] [send] via NET/IB/1
x3016c0s13b1n0:55167:55196 [0] NCCL INFO Channel 03/0 : 36[7000] -> 32[7000] [receive] via NET/IB/0
x3016c0s19b0n0:54362:54389 [0] NCCL INFO Channel 03/0 : 36[7000] -> 32[7000] [send] via NET/IB/0
x3016c0s1b1n0:15206:15238 [0] NCCL INFO Channel 01/0 : 56[7000] -> 48[7000] [receive] via NET/IB/0
x3016c0s31b0n0:22449:22485 [0] NCCL INFO Channel 01/0 : 60[7000] -> 56[7000] [send] via NET/IB/0
x3016c0s1b0n0:22768:22801 [3] NCCL INFO Channel 01/0 : 43[c7000] -> 47[c7000] [receive] via NET/IB/0
x3016c0s19b1n0:34875:34910 [1] NCCL INFO Connected all trees
x3016c0s19b1n0:34875:34910 [1] NCCL INFO MSCCL_XML_FILES set by environment to /home/yuke/ncclPG/msccl_tools_lyd/examples/xml/allreduce_binary_tree_h_p_2nicPtree_ch_8_intra_8_inter_4.xml
x3016c0s19b1n0:34875:34910 [1] NCCL INFO MSCCL: Parsing algorithm /home/yuke/ncclPG/msccl_tools_lyd/examples/xml/allreduce_binary_tree_h_p_2nicPtree_ch_8_intra_8_inter_4.xml
x3015c0s7b0n0:18707:18742 [0] NCCL INFO Connected all trees
x3015c0s7b0n0:18707:18742 [0] NCCL INFO MSCCL_XML_FILES set by environment to /home/yuke/ncclPG/msccl_tools_lyd/examples/xml/allreduce_binary_tree_h_p_2nicPtree_ch_8_intra_8_inter_4.xml
x3015c0s7b0n0:18707:18742 [0] NCCL INFO MSCCL: Parsing algorithm /home/yuke/ncclPG/msccl_tools_lyd/examples/xml/allreduce_binary_tree_h_p_2nicPtree_ch_8_intra_8_inter_4.xml
x3016c0s19b1n0:34873:34909 [0] NCCL INFO Channel 03/0 : 40[7000] -> 37[46000] [send] via NET/IB/0
x3016c0s19b1n0:34877:34903 [2] NCCL INFO Connected all trees
