#  Rank 49 Group  0 Pid  50344 on x3003c0s13b0n0 device  1 [0x46] NVIDIA A100-SXM4-40GB
#  Rank 50 Group  0 Pid  50345 on x3003c0s13b0n0 device  2 [0x85] NVIDIA A100-SXM4-40GB
#  Rank 51 Group  0 Pid  50346 on x3003c0s13b0n0 device  3 [0xc7] NVIDIA A100-SXM4-40GB
#  Rank 52 Group  0 Pid  45399 on x3003c0s13b1n0 device  0 [0x07] NVIDIA A100-SXM4-40GB
#  Rank 53 Group  0 Pid  45400 on x3003c0s13b1n0 device  1 [0x46] NVIDIA A100-SXM4-40GB
#  Rank 54 Group  0 Pid  45401 on x3003c0s13b1n0 device  2 [0x85] NVIDIA A100-SXM4-40GB
#  Rank 55 Group  0 Pid  45402 on x3003c0s13b1n0 device  3 [0xc7] NVIDIA A100-SXM4-40GB
#  Rank 56 Group  0 Pid  62099 on x3003c0s19b0n0 device  0 [0x07] NVIDIA A100-SXM4-40GB
#  Rank 57 Group  0 Pid  62100 on x3003c0s19b0n0 device  1 [0x46] NVIDIA A100-SXM4-40GB
#  Rank 58 Group  0 Pid  62101 on x3003c0s19b0n0 device  2 [0x85] NVIDIA A100-SXM4-40GB
#  Rank 59 Group  0 Pid  62102 on x3003c0s19b0n0 device  3 [0xc7] NVIDIA A100-SXM4-40GB
#  Rank 60 Group  0 Pid  18119 on x3003c0s19b1n0 device  0 [0x07] NVIDIA A100-SXM4-40GB
#  Rank 61 Group  0 Pid  18120 on x3003c0s19b1n0 device  1 [0x46] NVIDIA A100-SXM4-40GB
#  Rank 62 Group  0 Pid  18121 on x3003c0s19b1n0 device  2 [0x85] NVIDIA A100-SXM4-40GB
#  Rank 63 Group  0 Pid  18122 on x3003c0s19b1n0 device  3 [0xc7] NVIDIA A100-SXM4-40GB
x3002c0s13b1n0:58387:58387 [0] NCCL INFO Bootstrap : Using bond0:10.140.57.5<0>
x3002c0s13b1n0:58387:58387 [0] NCCL INFO NET/Plugin : Plugin load returned 17 : libnccl-net.so: cannot open shared object file: No such file or directory.
x3002c0s13b1n0:58387:58387 [0] NCCL INFO NET/IB : Using [0]mlx5_0:1/RoCE [1]mlx5_1:1/RoCE [RO]; OOB bond0:10.140.57.5<0>
x3002c0s13b1n0:58387:58387 [0] NCCL INFO Using network IB
NCCL version 2.12.12.MSCCL.0.7.4+cuda11.4
x3002c0s13b1n0:58389:58389 [2] NCCL INFO Bootstrap : Using bond0:10.140.57.5<0>
x3002c0s13b1n0:58389:58389 [2] NCCL INFO NET/Plugin : No plugin found (libnccl-net.so), using internal implementation
x3002c0s13b1n0:58389:58389 [2] NCCL INFO NET/IB : Using [0]mlx5_0:1/RoCE [1]mlx5_1:1/RoCE [RO]; OOB bond0:10.140.57.5<0>
x3002c0s13b1n0:58389:58389 [2] NCCL INFO Using network IB
x3002c0s13b1n0:58390:58390 [3] NCCL INFO Bootstrap : Using bond0:10.140.57.5<0>
x3002c0s13b1n0:58388:58388 [1] NCCL INFO Bootstrap : Using bond0:10.140.57.5<0>
x3002c0s13b1n0:58388:58388 [1] NCCL INFO NET/Plugin : No plugin found (libnccl-net.so), using internal implementation
x3002c0s13b1n0:58390:58390 [3] NCCL INFO NET/Plugin : No plugin found (libnccl-net.so), using internal implementation
x3002c0s13b1n0:58388:58388 [1] NCCL INFO NET/IB : Using [0]mlx5_0:1/RoCE [1]mlx5_1:1/RoCE [RO]; OOB bond0:10.140.57.5<0>
x3002c0s13b1n0:58388:58388 [1] NCCL INFO Using network IB
x3002c0s13b1n0:58390:58390 [3] NCCL INFO NET/IB : Using [0]mlx5_0:1/RoCE [1]mlx5_1:1/RoCE [RO]; OOB bond0:10.140.57.5<0>
x3002c0s13b1n0:58390:58390 [3] NCCL INFO Using network IB
x3002c0s31b1n0:26646:26646 [1] NCCL INFO Bootstrap : Using bond0:10.140.57.19<0>
x3002c0s31b1n0:26646:26646 [1] NCCL INFO NET/Plugin : No plugin found (libnccl-net.so), using internal implementation
x3002c0s37b0n0:11086:11086 [1] NCCL INFO Bootstrap : Using bond0:10.140.57.22<0>
x3003c0s13b0n0:50344:50344 [1] NCCL INFO Bootstrap : Using bond0:10.140.57.27<0>
x3002c0s31b0n0:31135:31135 [3] NCCL INFO Bootstrap : Using bond0:10.140.57.11<0>
x3002c0s1b0n0:5346:5346 [3] NCCL INFO Bootstrap : Using bond0:10.140.56.254<0>
x3002c0s37b0n0:11086:11086 [1] NCCL INFO NET/Plugin : No plugin found (libnccl-net.so), using internal implementation
x3003c0s13b0n0:50344:50344 [1] NCCL INFO NET/Plugin : No plugin found (libnccl-net.so), using internal implementation
x3002c0s31b1n0:26646:26646 [1] NCCL INFO NET/IB : Using [0]mlx5_0:1/RoCE [1]mlx5_1:1/RoCE [RO]; OOB bond0:10.140.57.19<0>
x3002c0s31b1n0:26646:26646 [1] NCCL INFO Using network IB
x3002c0s31b0n0:31135:31135 [3] NCCL INFO NET/Plugin : No plugin found (libnccl-net.so), using internal implementation
x3002c0s7b1n0:37486:37486 [3] NCCL INFO Bootstrap : Using bond0:10.140.57.8<0>
x3002c0s7b0n0:11969:11969 [1] NCCL INFO Bootstrap : Using bond0:10.140.57.10<0>
x3003c0s19b0n0:62100:62100 [1] NCCL INFO Bootstrap : Using bond0:10.140.57.32<0>
x3002c0s1b0n0:5346:5346 [3] NCCL INFO NET/Plugin : No plugin found (libnccl-net.so), using internal implementation
x3003c0s13b1n0:45401:45401 [2] NCCL INFO Bootstrap : Using bond0:10.140.57.25<0>
x3002c0s7b1n0:37486:37486 [3] NCCL INFO NET/Plugin : No plugin found (libnccl-net.so), using internal implementation
x3002c0s25b1n0:31043:31043 [2] NCCL INFO Bootstrap : Using bond0:10.140.57.14<0>
x3003c0s19b0n0:62100:62100 [1] NCCL INFO NET/Plugin : No plugin found (libnccl-net.so), using internal implementation
x3002c0s7b0n0:11969:11969 [1] NCCL INFO NET/Plugin : No plugin found (libnccl-net.so), using internal implementation
x3002c0s37b1n0:31864:31864 [1] NCCL INFO Bootstrap : Using bond0:10.140.57.21<0>
x3003c0s13b1n0:45401:45401 [2] NCCL INFO NET/Plugin : No plugin found (libnccl-net.so), using internal implementation
x3002c0s25b1n0:31043:31043 [2] NCCL INFO NET/Plugin : No plugin found (libnccl-net.so), using internal implementation
x3002c0s1b1n0:20832:20832 [0] NCCL INFO Bootstrap : Using bond0:10.140.56.255<0>
x3003c0s13b0n0:50344:50344 [1] NCCL INFO NET/IB : Using [0]mlx5_0:1/RoCE [1]mlx5_1:1/RoCE [RO]; OOB bond0:10.140.57.27<0>
x3003c0s13b0n0:50344:50344 [1] NCCL INFO Using network IB
x3002c0s37b0n0:11086:11086 [1] NCCL INFO NET/IB : Using [0]mlx5_0:1/RoCE [1]mlx5_1:1/RoCE [RO]; OOB bond0:10.140.57.22<0>
x3002c0s37b0n0:11086:11086 [1] NCCL INFO Using network IB
x3002c0s37b1n0:31864:31864 [1] NCCL INFO NET/Plugin : No plugin found (libnccl-net.so), using internal implementation
x3002c0s31b0n0:31135:31135 [3] NCCL INFO NET/IB : Using [0]mlx5_0:1/RoCE [1]mlx5_1:1/RoCE [RO]; OOB bond0:10.140.57.11<0>
x3002c0s31b0n0:31135:31135 [3] NCCL INFO Using network IB
x3002c0s1b0n0:5346:5346 [3] NCCL INFO NET/IB : Using [0]mlx5_0:1/RoCE [1]mlx5_1:1/RoCE [RO]; OOB bond0:10.140.56.254<0>
x3002c0s1b0n0:5346:5346 [3] NCCL INFO Using network IB
x3002c0s7b1n0:37486:37486 [3] NCCL INFO NET/IB : Using [0]mlx5_0:1/RoCE [1]mlx5_1:1/RoCE [RO]; OOB bond0:10.140.57.8<0>
x3002c0s7b1n0:37486:37486 [3] NCCL INFO Using network IB
x3002c0s1b1n0:20832:20832 [0] NCCL INFO NET/Plugin : No plugin found (libnccl-net.so), using internal implementation
x3002c0s7b0n0:11969:11969 [1] NCCL INFO NET/IB : Using [0]mlx5_0:1/RoCE [1]mlx5_1:1/RoCE [RO]; OOB bond0:10.140.57.10<0>
x3002c0s7b0n0:11969:11969 [1] NCCL INFO Using network IB
x3002c0s25b1n0:31043:31043 [2] NCCL INFO NET/IB : Using [0]mlx5_0:1/RoCE [1]mlx5_1:1/RoCE [RO]; OOB bond0:10.140.57.14<0>
x3002c0s25b1n0:31043:31043 [2] NCCL INFO Using network IB
x3003c0s19b0n0:62100:62100 [1] NCCL INFO NET/IB : Using [0]mlx5_0:1/RoCE [1]mlx5_1:1/RoCE [RO]; OOB bond0:10.140.57.32<0>
x3003c0s19b0n0:62100:62100 [1] NCCL INFO Using network IB
x3002c0s25b1n0:31044:31044 [3] NCCL INFO Bootstrap : Using bond0:10.140.57.14<0>
x3002c0s25b1n0:31044:31044 [3] NCCL INFO NET/Plugin : No plugin found (libnccl-net.so), using internal implementation
x3002c0s31b1n0:26648:26648 [3] NCCL INFO Bootstrap : Using bond0:10.140.57.19<0>
x3002c0s31b1n0:26648:26648 [3] NCCL INFO NET/Plugin : No plugin found (libnccl-net.so), using internal implementation
x3003c0s13b1n0:45401:45401 [2] NCCL INFO NET/IB : Using [0]mlx5_0:1/RoCE [1]mlx5_1:1/RoCE [RO]; OOB bond0:10.140.57.25<0>
x3003c0s13b1n0:45401:45401 [2] NCCL INFO Using network IB
x3002c0s7b1n0:37485:37485 [2] NCCL INFO Bootstrap : Using bond0:10.140.57.8<0>
x3002c0s7b1n0:37485:37485 [2] NCCL INFO NET/Plugin : No plugin found (libnccl-net.so), using internal implementation
x3002c0s31b1n0:26647:26647 [2] NCCL INFO Bootstrap : Using bond0:10.140.57.19<0>
x3002c0s31b1n0:26647:26647 [2] NCCL INFO NET/Plugin : No plugin found (libnccl-net.so), using internal implementation
x3002c0s37b1n0:31865:31865 [2] NCCL INFO Bootstrap : Using bond0:10.140.57.21<0>
x3002c0s37b1n0:31865:31865 [2] NCCL INFO NET/Plugin : No plugin found (libnccl-net.so), using internal implementation
x3002c0s37b1n0:31864:31864 [1] NCCL INFO NET/IB : Using [0]mlx5_0:1/RoCE [1]mlx5_1:1/RoCE [RO]; OOB bond0:10.140.57.21<0>
x3002c0s37b1n0:31864:31864 [1] NCCL INFO Using network IB
x3002c0s7b0n0:11971:11971 [3] NCCL INFO Bootstrap : Using bond0:10.140.57.10<0>
x3002c0s7b0n0:11971:11971 [3] NCCL INFO NET/Plugin : No plugin found (libnccl-net.so), using internal implementation
x3002c0s25b1n0:31042:31042 [1] NCCL INFO Bootstrap : Using bond0:10.140.57.14<0>
x3002c0s25b1n0:31042:31042 [1] NCCL INFO NET/Plugin : No plugin found (libnccl-net.so), using internal implementation
x3003c0s13b0n0:50346:50346 [3] NCCL INFO Bootstrap : Using bond0:10.140.57.27<0>
x3003c0s13b0n0:50345:50345 [2] NCCL INFO Bootstrap : Using bond0:10.140.57.27<0>
x3003c0s13b0n0:50345:50345 [2] NCCL INFO NET/Plugin : No plugin found (libnccl-net.so), using internal implementation
x3002c0s31b1n0:26645:26645 [0] NCCL INFO Bootstrap : Using bond0:10.140.57.19<0>
x3002c0s31b1n0:26645:26645 [0] NCCL INFO NET/Plugin : No plugin found (libnccl-net.so), using internal implementation
x3003c0s13b0n0:50346:50346 [3] NCCL INFO NET/Plugin : No plugin found (libnccl-net.so), using internal implementation
x3002c0s7b1n0:37484:37484 [1] NCCL INFO Bootstrap : Using bond0:10.140.57.8<0>
x3002c0s7b1n0:37484:37484 [1] NCCL INFO NET/Plugin : No plugin found (libnccl-net.so), using internal implementation
x3003c0s19b1n0:18119:18119 [0] NCCL INFO Bootstrap : Using bond0:10.140.57.36<0>
x3002c0s7b1n0:37483:37483 [0] NCCL INFO Bootstrap : Using bond0:10.140.57.8<0>
x3002c0s7b1n0:37483:37483 [0] NCCL INFO NET/Plugin : No plugin found (libnccl-net.so), using internal implementation
x3002c0s25b1n0:31041:31041 [0] NCCL INFO Bootstrap : Using bond0:10.140.57.14<0>
x3002c0s25b1n0:31041:31041 [0] NCCL INFO NET/Plugin : No plugin found (libnccl-net.so), using internal implementation
x3002c0s25b1n0:31044:31044 [3] NCCL INFO NET/IB : Using [0]mlx5_0:1/RoCE [1]mlx5_1:1/RoCE [RO]; OOB bond0:10.140.57.14<0>
x3002c0s25b1n0:31044:31044 [3] NCCL INFO Using network IB
x3003c0s13b0n0:50343:50343 [0] NCCL INFO Bootstrap : Using bond0:10.140.57.27<0>
x3003c0s13b0n0:50343:50343 [0] NCCL INFO NET/Plugin : No plugin found (libnccl-net.so), using internal implementation
x3002c0s19b1n0:27775:27775 [2] NCCL INFO Bootstrap : Using bond0:10.140.57.15<0>
x3002c0s37b1n0:31866:31866 [3] NCCL INFO Bootstrap : Using bond0:10.140.57.21<0>
x3002c0s37b1n0:31866:31866 [3] NCCL INFO NET/Plugin : No plugin found (libnccl-net.so), using internal implementation
x3003c0s19b1n0:18119:18119 [0] NCCL INFO NET/Plugin : No plugin found (libnccl-net.so), using internal implementation
x3002c0s7b1n0:37485:37485 [2] NCCL INFO NET/IB : Using [0]mlx5_0:1/RoCE [1]mlx5_1:1/RoCE [RO]; OOB bond0:10.140.57.8<0>
x3002c0s7b1n0:37485:37485 [2] NCCL INFO Using network IB
x3002c0s1b1n0:20832:20832 [0] NCCL INFO NET/IB : Using [0]mlx5_0:1/RoCE [1]mlx5_1:1/RoCE [RO]; OOB bond0:10.140.56.255<0>
x3002c0s1b1n0:20832:20832 [0] NCCL INFO Using network IB
x3002c0s37b1n0:31865:31865 [2] NCCL INFO NET/IB : Using [0]mlx5_0:1/RoCE [1]mlx5_1:1/RoCE [RO]; OOB bond0:10.140.57.21<0>
x3002c0s37b1n0:31865:31865 [2] NCCL INFO Using network IB
x3002c0s37b1n0:31863:31863 [0] NCCL INFO Bootstrap : Using bond0:10.140.57.21<0>
x3002c0s37b1n0:31863:31863 [0] NCCL INFO NET/Plugin : No plugin found (libnccl-net.so), using internal implementation
x3002c0s31b1n0:26648:26648 [3] NCCL INFO NET/IB : Using [0]mlx5_0:1/RoCE [1]mlx5_1:1/RoCE [RO]; OOB bond0:10.140.57.19<0>
x3002c0s31b1n0:26648:26648 [3] NCCL INFO Using network IB
x3002c0s31b1n0:26647:26647 [2] NCCL INFO NET/IB : Using [0]mlx5_0:1/RoCE [1]mlx5_1:1/RoCE [RO]; OOB bond0:10.140.57.19<0>
x3002c0s31b1n0:26647:26647 [2] NCCL INFO Using network IB
x3002c0s19b1n0:27775:27775 [2] NCCL INFO NET/Plugin : No plugin found (libnccl-net.so), using internal implementation
x3002c0s31b1n0:26645:26645 [0] NCCL INFO NET/IB : Using [0]mlx5_0:1/RoCE [1]mlx5_1:1/RoCE [RO]; OOB bond0:10.140.57.19<0>
x3002c0s31b1n0:26645:26645 [0] NCCL INFO Using network IB
x3002c0s7b1n0:37484:37484 [1] NCCL INFO NET/IB : Using [0]mlx5_0:1/RoCE [1]mlx5_1:1/RoCE [RO]; OOB bond0:10.140.57.8<0>
x3002c0s7b1n0:37484:37484 [1] NCCL INFO Using network IB
x3002c0s7b1n0:37483:37483 [0] NCCL INFO NET/IB : Using [0]mlx5_0:1/RoCE [1]mlx5_1:1/RoCE [RO]; OOB bond0:10.140.57.8<0>
x3002c0s7b1n0:37483:37483 [0] NCCL INFO Using network IB
x3002c0s7b0n0:11971:11971 [3] NCCL INFO NET/IB : Using [0]mlx5_0:1/RoCE [1]mlx5_1:1/RoCE [RO]; OOB bond0:10.140.57.10<0>
x3002c0s7b0n0:11971:11971 [3] NCCL INFO Using network IB
x3002c0s7b0n0:11968:11968 [0] NCCL INFO Bootstrap : Using bond0:10.140.57.10<0>
x3002c0s25b1n0:31042:31042 [1] NCCL INFO NET/IB : Using [0]mlx5_0:1/RoCE [1]mlx5_1:1/RoCE [RO]; OOB bond0:10.140.57.14<0>
x3002c0s25b1n0:31042:31042 [1] NCCL INFO Using network IB
x3002c0s7b0n0:11970:11970 [2] NCCL INFO Bootstrap : Using bond0:10.140.57.10<0>
x3002c0s7b0n0:11970:11970 [2] NCCL INFO NET/Plugin : No plugin found (libnccl-net.so), using internal implementation
x3002c0s7b0n0:11968:11968 [0] NCCL INFO NET/Plugin : No plugin found (libnccl-net.so), using internal implementation
x3002c0s25b1n0:31041:31041 [0] NCCL INFO NET/IB : Using [0]mlx5_0:1/RoCE [1]mlx5_1:1/RoCE [RO]; OOB bond0:10.140.57.14<0>
x3002c0s25b1n0:31041:31041 [0] NCCL INFO Using network IB
x3003c0s19b0n0:62102:62102 [3] NCCL INFO Bootstrap : Using bond0:10.140.57.32<0>
x3003c0s19b1n0:18121:18121 [2] NCCL INFO Bootstrap : Using bond0:10.140.57.36<0>
x3003c0s19b0n0:62102:62102 [3] NCCL INFO NET/Plugin : No plugin found (libnccl-net.so), using internal implementation
x3003c0s19b1n0:18121:18121 [2] NCCL INFO NET/Plugin : No plugin found (libnccl-net.so), using internal implementation
x3002c0s31b0n0:31134:31134 [2] NCCL INFO Bootstrap : Using bond0:10.140.57.11<0>
x3002c0s31b0n0:31133:31133 [1] NCCL INFO Bootstrap : Using bond0:10.140.57.11<0>
x3002c0s19b1n0:27776:27776 [3] NCCL INFO Bootstrap : Using bond0:10.140.57.15<0>
x3002c0s37b0n0:11088:11088 [3] NCCL INFO Bootstrap : Using bond0:10.140.57.22<0>
x3002c0s1b0n0:5345:5345 [2] NCCL INFO Bootstrap : Using bond0:10.140.56.254<0>
x3003c0s13b0n0:50346:50346 [3] NCCL INFO NET/IB : Using [0]mlx5_0:1/RoCE [1]mlx5_1:1/RoCE [RO]; OOB bond0:10.140.57.27<0>
x3003c0s13b0n0:50346:50346 [3] NCCL INFO Using network IB
x3002c0s31b0n0:31132:31132 [0] NCCL INFO Bootstrap : Using bond0:10.140.57.11<0>
x3002c0s31b0n0:31132:31132 [0] NCCL INFO NET/Plugin : No plugin found (libnccl-net.so), using internal implementation
x3003c0s13b0n0:50343:50343 [0] NCCL INFO NET/IB : Using [0]mlx5_0:1/RoCE [1]mlx5_1:1/RoCE [RO]; OOB bond0:10.140.57.27<0>
x3003c0s13b0n0:50343:50343 [0] NCCL INFO Using network IB
x3002c0s19b1n0:27776:27776 [3] NCCL INFO NET/Plugin : No plugin found (libnccl-net.so), using internal implementation
x3002c0s1b0n0:5345:5345 [2] NCCL INFO NET/Plugin : No plugin found (libnccl-net.so), using internal implementation
x3002c0s31b0n0:31133:31133 [1] NCCL INFO NET/Plugin : No plugin found (libnccl-net.so), using internal implementation
x3002c0s37b0n0:11087:11087 [2] NCCL INFO Bootstrap : Using bond0:10.140.57.22<0>
x3002c0s37b0n0:11087:11087 [2] NCCL INFO NET/Plugin : No plugin found (libnccl-net.so), using internal implementation
x3003c0s13b0n0:50345:50345 [2] NCCL INFO NET/IB : Using [0]mlx5_0:1/RoCE [1]mlx5_1:1/RoCE [RO]; OOB bond0:10.140.57.27<0>
x3003c0s13b0n0:50345:50345 [2] NCCL INFO Using network IB
x3002c0s1b0n0:5344:5344 [1] NCCL INFO Bootstrap : Using bond0:10.140.56.254<0>
x3002c0s1b1n0:20833:20833 [1] NCCL INFO Bootstrap : Using bond0:10.140.56.255<0>
x3002c0s31b0n0:31134:31134 [2] NCCL INFO NET/Plugin : No plugin found (libnccl-net.so), using internal implementation
x3002c0s37b0n0:11088:11088 [3] NCCL INFO NET/Plugin : No plugin found (libnccl-net.so), using internal implementation
x3002c0s37b1n0:31866:31866 [3] NCCL INFO NET/IB : Using [0]mlx5_0:1/RoCE [1]mlx5_1:1/RoCE [RO]; OOB bond0:10.140.57.21<0>
x3002c0s37b1n0:31866:31866 [3] NCCL INFO Using network IB
x3003c0s13b1n0:45400:45400 [1] NCCL INFO Bootstrap : Using bond0:10.140.57.25<0>
x3003c0s19b1n0:18122:18122 [3] NCCL INFO Bootstrap : Using bond0:10.140.57.36<0>
x3002c0s1b0n0:5344:5344 [1] NCCL INFO NET/Plugin : No plugin found (libnccl-net.so), using internal implementation
x3002c0s1b1n0:20833:20833 [1] NCCL INFO NET/Plugin : No plugin found (libnccl-net.so), using internal implementation
x3002c0s37b1n0:31863:31863 [0] NCCL INFO NET/IB : Using [0]mlx5_0:1/RoCE [1]mlx5_1:1/RoCE [RO]; OOB bond0:10.140.57.21<0>
x3002c0s37b1n0:31863:31863 [0] NCCL INFO Using network IB
x3003c0s13b1n0:45400:45400 [1] NCCL INFO NET/Plugin : No plugin found (libnccl-net.so), using internal implementation
x3003c0s19b1n0:18122:18122 [3] NCCL INFO NET/Plugin : No plugin found (libnccl-net.so), using internal implementation
x3002c0s1b1n0:20834:20834 [2] NCCL INFO Bootstrap : Using bond0:10.140.56.255<0>
x3002c0s1b1n0:20834:20834 [2] NCCL INFO NET/Plugin : No plugin found (libnccl-net.so), using internal implementation
x3002c0s1b1n0:20835:20835 [3] NCCL INFO Bootstrap : Using bond0:10.140.56.255<0>
x3002c0s1b1n0:20835:20835 [3] NCCL INFO NET/Plugin : No plugin found (libnccl-net.so), using internal implementation
x3003c0s19b0n0:62101:62101 [2] NCCL INFO Bootstrap : Using bond0:10.140.57.32<0>
x3003c0s19b0n0:62101:62101 [2] NCCL INFO NET/Plugin : No plugin found (libnccl-net.so), using internal implementation
x3003c0s19b0n0:62099:62099 [0] NCCL INFO Bootstrap : Using bond0:10.140.57.32<0>
x3003c0s19b0n0:62099:62099 [0] NCCL INFO NET/Plugin : No plugin found (libnccl-net.so), using internal implementation
x3003c0s19b1n0:18120:18120 [1] NCCL INFO Bootstrap : Using bond0:10.140.57.36<0>
x3002c0s19b1n0:27774:27774 [1] NCCL INFO Bootstrap : Using bond0:10.140.57.15<0>
x3002c0s1b0n0:5343:5343 [0] NCCL INFO Bootstrap : Using bond0:10.140.56.254<0>
x3002c0s37b0n0:11085:11085 [0] NCCL INFO Bootstrap : Using bond0:10.140.57.22<0>
x3002c0s19b1n0:27774:27774 [1] NCCL INFO NET/Plugin : No plugin found (libnccl-net.so), using internal implementation
x3002c0s1b0n0:5343:5343 [0] NCCL INFO NET/Plugin : No plugin found (libnccl-net.so), using internal implementation
x3002c0s37b0n0:11085:11085 [0] NCCL INFO NET/Plugin : No plugin found (libnccl-net.so), using internal implementation
x3003c0s19b1n0:18120:18120 [1] NCCL INFO NET/Plugin : No plugin found (libnccl-net.so), using internal implementation
x3002c0s19b1n0:27773:27773 [0] NCCL INFO Bootstrap : Using bond0:10.140.57.15<0>
x3002c0s19b1n0:27773:27773 [0] NCCL INFO NET/Plugin : No plugin found (libnccl-net.so), using internal implementation
x3002c0s7b0n0:11968:11968 [0] NCCL INFO NET/IB : Using [0]mlx5_0:1/RoCE [1]mlx5_1:1/RoCE [RO]; OOB bond0:10.140.57.10<0>
x3002c0s7b0n0:11968:11968 [0] NCCL INFO Using network IB
x3002c0s7b0n0:11970:11970 [2] NCCL INFO NET/IB : Using [0]mlx5_0:1/RoCE [1]mlx5_1:1/RoCE [RO]; OOB bond0:10.140.57.10<0>
x3002c0s7b0n0:11970:11970 [2] NCCL INFO Using network IB
x3003c0s19b1n0:18119:18119 [0] NCCL INFO NET/IB : Using [0]mlx5_0:1/RoCE [1]mlx5_1:1/RoCE [RO]; OOB bond0:10.140.57.36<0>
x3003c0s19b1n0:18119:18119 [0] NCCL INFO Using network IB
x3003c0s13b1n0:45402:45402 [3] NCCL INFO Bootstrap : Using bond0:10.140.57.25<0>
x3003c0s13b1n0:45402:45402 [3] NCCL INFO NET/Plugin : No plugin found (libnccl-net.so), using internal implementation
x3002c0s19b1n0:27775:27775 [2] NCCL INFO NET/IB : Using [0]mlx5_0:1/RoCE [1]mlx5_1:1/RoCE [RO]; OOB bond0:10.140.57.15<0>
x3002c0s19b1n0:27775:27775 [2] NCCL INFO Using network IB
x3003c0s19b1n0:18121:18121 [2] NCCL INFO NET/IB : Using [0]mlx5_0:1/RoCE [1]mlx5_1:1/RoCE [RO]; OOB bond0:10.140.57.36<0>
x3003c0s19b1n0:18121:18121 [2] NCCL INFO Using network IB
x3003c0s19b0n0:62102:62102 [3] NCCL INFO NET/IB : Using [0]mlx5_0:1/RoCE [1]mlx5_1:1/RoCE [RO]; OOB bond0:10.140.57.32<0>
x3003c0s19b0n0:62102:62102 [3] NCCL INFO Using network IB
x3002c0s19b0n0:1144:1144 [3] NCCL INFO Bootstrap : Using bond0:10.140.57.7<0>
x3003c0s13b1n0:45399:45399 [0] NCCL INFO Bootstrap : Using bond0:10.140.57.25<0>
x3002c0s19b1n0:27776:27776 [3] NCCL INFO NET/IB : Using [0]mlx5_0:1/RoCE [1]mlx5_1:1/RoCE [RO]; OOB bond0:10.140.57.15<0>
x3002c0s19b1n0:27776:27776 [3] NCCL INFO Using network IB
x3003c0s13b1n0:45399:45399 [0] NCCL INFO NET/Plugin : No plugin found (libnccl-net.so), using internal implementation
x3003c0s19b1n0:18122:18122 [3] NCCL INFO NET/IB : Using [0]mlx5_0:1/RoCE [1]mlx5_1:1/RoCE [RO]; OOB bond0:10.140.57.36<0>
x3003c0s19b1n0:18122:18122 [3] NCCL INFO Using network IB
x3003c0s19b0n0:62101:62101 [2] NCCL INFO NET/IB : Using [0]mlx5_0:1/RoCE [1]mlx5_1:1/RoCE [RO]; OOB bond0:10.140.57.32<0>
x3003c0s19b0n0:62101:62101 [2] NCCL INFO Using network IB
x3003c0s13b1n0:45400:45400 [1] NCCL INFO NET/IB : Using [0]mlx5_0:1/RoCE [1]mlx5_1:1/RoCE [RO]; OOB bond0:10.140.57.25<0>
x3003c0s13b1n0:45400:45400 [1] NCCL INFO Using network IB
x3002c0s1b0n0:5344:5344 [1] NCCL INFO NET/IB : Using [0]mlx5_0:1/RoCE [1]mlx5_1:1/RoCE [RO]; OOB bond0:10.140.56.254<0>
x3002c0s1b0n0:5344:5344 [1] NCCL INFO Using network IB
x3003c0s19b0n0:62099:62099 [0] NCCL INFO NET/IB : Using [0]mlx5_0:1/RoCE [1]mlx5_1:1/RoCE [RO]; OOB bond0:10.140.57.32<0>
x3003c0s19b0n0:62099:62099 [0] NCCL INFO Using network IB
x3002c0s1b0n0:5345:5345 [2] NCCL INFO NET/IB : Using [0]mlx5_0:1/RoCE [1]mlx5_1:1/RoCE [RO]; OOB bond0:10.140.56.254<0>
x3002c0s1b0n0:5345:5345 [2] NCCL INFO Using network IB
x3003c0s19b1n0:18120:18120 [1] NCCL INFO NET/IB : Using [0]mlx5_0:1/RoCE [1]mlx5_1:1/RoCE [RO]; OOB bond0:10.140.57.36<0>
x3003c0s19b1n0:18120:18120 [1] NCCL INFO Using network IB
x3002c0s1b0n0:5343:5343 [0] NCCL INFO NET/IB : Using [0]mlx5_0:1/RoCE [1]mlx5_1:1/RoCE [RO]; OOB bond0:10.140.56.254<0>
x3002c0s1b0n0:5343:5343 [0] NCCL INFO Using network IB
x3002c0s19b1n0:27774:27774 [1] NCCL INFO NET/IB : Using [0]mlx5_0:1/RoCE [1]mlx5_1:1/RoCE [RO]; OOB bond0:10.140.57.15<0>
x3002c0s19b1n0:27774:27774 [1] NCCL INFO Using network IB
x3002c0s37b0n0:11085:11085 [0] NCCL INFO NET/IB : Using [0]mlx5_0:1/RoCE [1]mlx5_1:1/RoCE [RO]; OOB bond0:10.140.57.22<0>
x3002c0s19b1n0:27773:27773 [0] NCCL INFO NET/IB : Using [0]mlx5_0:1/RoCE [1]mlx5_1:1/RoCE [RO]; OOB bond0:10.140.57.15<0>
x3002c0s19b1n0:27773:27773 [0] NCCL INFO Using network IB
x3002c0s37b0n0:11085:11085 [0] NCCL INFO Using network IB
x3002c0s1b1n0:20834:20834 [2] NCCL INFO NET/IB : Using [0]mlx5_0:1/RoCE [1]mlx5_1:1/RoCE [RO]; OOB bond0:10.140.56.255<0>
x3002c0s37b0n0:11087:11087 [2] NCCL INFO NET/IB : Using [0]mlx5_0:1/RoCE [1]mlx5_1:1/RoCE [RO]; OOB bond0:10.140.57.22<0>
x3002c0s37b0n0:11087:11087 [2] NCCL INFO Using network IB
x3002c0s37b0n0:11088:11088 [3] NCCL INFO NET/IB : Using [0]mlx5_0:1/RoCE [1]mlx5_1:1/RoCE [RO]; OOB bond0:10.140.57.22<0>
x3002c0s37b0n0:11088:11088 [3] NCCL INFO Using network IB
x3002c0s1b1n0:20833:20833 [1] NCCL INFO NET/IB : Using [0]mlx5_0:1/RoCE [1]mlx5_1:1/RoCE [RO]; OOB bond0:10.140.56.255<0>
x3002c0s1b1n0:20833:20833 [1] NCCL INFO Using network IB
x3002c0s1b1n0:20834:20834 [2] NCCL INFO Using network IB
x3002c0s31b0n0:31133:31133 [1] NCCL INFO NET/IB : Using [0]mlx5_0:1/RoCE [1]mlx5_1:1/RoCE [RO]; OOB bond0:10.140.57.11<0>
x3002c0s31b0n0:31133:31133 [1] NCCL INFO Using network IB
x3002c0s1b1n0:20835:20835 [3] NCCL INFO NET/IB : Using [0]mlx5_0:1/RoCE [1]mlx5_1:1/RoCE [RO]; OOB bond0:10.140.56.255<0>
x3002c0s1b1n0:20835:20835 [3] NCCL INFO Using network IB
x3002c0s31b0n0:31134:31134 [2] NCCL INFO NET/IB : Using [0]mlx5_0:1/RoCE [1]mlx5_1:1/RoCE [RO]; OOB bond0:10.140.57.11<0>
x3002c0s31b0n0:31134:31134 [2] NCCL INFO Using network IB
x3002c0s31b0n0:31132:31132 [0] NCCL INFO NET/IB : Using [0]mlx5_0:1/RoCE [1]mlx5_1:1/RoCE [RO]; OOB bond0:10.140.57.11<0>
x3002c0s31b0n0:31132:31132 [0] NCCL INFO Using network IB
x3002c0s19b0n0:1144:1144 [3] NCCL INFO NET/Plugin : No plugin found (libnccl-net.so), using internal implementation
x3002c0s19b0n0:1078:1078 [1] NCCL INFO Bootstrap : Using bond0:10.140.57.7<0>
x3002c0s19b0n0:1078:1078 [1] NCCL INFO NET/Plugin : No plugin found (libnccl-net.so), using internal implementation
x3003c0s13b1n0:45402:45402 [3] NCCL INFO NET/IB : Using [0]mlx5_0:1/RoCE [1]mlx5_1:1/RoCE [RO]; OOB bond0:10.140.57.25<0>
x3003c0s13b1n0:45402:45402 [3] NCCL INFO Using network IB
x3003c0s13b1n0:45399:45399 [0] NCCL INFO NET/IB : Using [0]mlx5_0:1/RoCE [1]mlx5_1:1/RoCE [RO]; OOB bond0:10.140.57.25<0>
x3003c0s13b1n0:45399:45399 [0] NCCL INFO Using network IB
x3002c0s19b0n0:1077:1077 [0] NCCL INFO Bootstrap : Using bond0:10.140.57.7<0>
x3002c0s19b0n0:1143:1143 [2] NCCL INFO Bootstrap : Using bond0:10.140.57.7<0>
x3002c0s19b0n0:1143:1143 [2] NCCL INFO NET/Plugin : No plugin found (libnccl-net.so), using internal implementation
x3002c0s19b0n0:1077:1077 [0] NCCL INFO NET/Plugin : No plugin found (libnccl-net.so), using internal implementation
x3002c0s19b0n0:1077:1077 [0] NCCL INFO NET/IB : Using [0]mlx5_0:1/RoCE [1]mlx5_1:1/RoCE [RO]; OOB bond0:10.140.57.7<0>
x3002c0s19b0n0:1077:1077 [0] NCCL INFO Using network IB
x3002c0s19b0n0:1078:1078 [1] NCCL INFO NET/IB : Using [0]mlx5_0:1/RoCE [1]mlx5_1:1/RoCE [RO]; OOB bond0:10.140.57.7<0>
x3002c0s19b0n0:1078:1078 [1] NCCL INFO Using network IB
x3002c0s19b0n0:1143:1143 [2] NCCL INFO NET/IB : Using [0]mlx5_0:1/RoCE [1]mlx5_1:1/RoCE [RO]; OOB bond0:10.140.57.7<0>
x3002c0s19b0n0:1143:1143 [2] NCCL INFO Using network IB
x3002c0s19b0n0:1144:1144 [3] NCCL INFO NET/IB : Using [0]mlx5_0:1/RoCE [1]mlx5_1:1/RoCE [RO]; OOB bond0:10.140.57.7<0>
x3002c0s19b0n0:1144:1144 [3] NCCL INFO Using network IB
x3002c0s25b1n0:31044:31074 [3] NCCL INFO Setting affinity for GPU 3 to 08,00000008
x3003c0s13b1n0:45402:45435 [3] NCCL INFO Setting affinity for GPU 3 to 08,00000008
x3002c0s19b1n0:27776:27807 [3] NCCL INFO Setting affinity for GPU 3 to 08,00000008
x3003c0s19b0n0:62102:62133 [3] NCCL INFO Setting affinity for GPU 3 to 08,00000008
x3002c0s7b1n0:37486:37513 [3] NCCL INFO Setting affinity for GPU 3 to 08,00000008
x3002c0s37b0n0:11088:11121 [3] NCCL INFO Setting affinity for GPU 3 to 08,00000008
x3002c0s19b0n0:1144:1178 [3] NCCL INFO Setting affinity for GPU 3 to 08,00000008
x3002c0s37b1n0:31866:31901 [3] NCCL INFO Setting affinity for GPU 3 to 08,00000008
x3002c0s31b0n0:31135:31163 [3] NCCL INFO Setting affinity for GPU 3 to 08,00000008
x3002c0s7b0n0:11971:12001 [3] NCCL INFO Setting affinity for GPU 3 to 08,00000008
x3002c0s13b1n0:58390:58426 [3] NCCL INFO Setting affinity for GPU 3 to 08,00000008
x3002c0s31b1n0:26648:26679 [3] NCCL INFO Setting affinity for GPU 3 to 08,00000008
x3002c0s1b1n0:20835:20868 [3] NCCL INFO Setting affinity for GPU 3 to 08,00000008
x3003c0s13b0n0:50346:50381 [3] NCCL INFO Setting affinity for GPU 3 to 08,00000008
x3002c0s1b0n0:5346:5372 [3] NCCL INFO Setting affinity for GPU 3 to 08,00000008
x3003c0s19b1n0:18122:18158 [3] NCCL INFO Setting affinity for GPU 3 to 08,00000008
x3003c0s19b1n0:18122:18158 [3] NCCL INFO Trees [0] -1/-1/-1->63->62 [1] -1/-1/-1->63->62 [2] -1/-1/-1->63->62 [3] -1/-1/-1->63->62
x3002c0s19b0n0:1077:1177 [0] NCCL INFO Trees [0] 5/-1/-1->4->9 [1] 5/-1/-1->4->9 [2] 5/0/-1->4->12 [3] 5/0/-1->4->12
x3002c0s13b1n0:58389:58421 [2] NCCL INFO Trees [0] 3/-1/-1->2->1 [1] 3/-1/-1->2->1 [2] 3/-1/-1->2->1 [3] 3/-1/-1->2->1
x3002c0s19b0n0:1078:1179 [1] NCCL INFO Trees [0] 6/-1/-1->5->4 [1] 6/-1/-1->5->4 [2] 6/8/-1->5->4 [3] 6/8/-1->5->4
x3002c0s19b1n0:27773:27811 [0] NCCL INFO Trees [0] 9/12/-1->8->17 [1] 9/12/-1->8->17 [2] 9/-1/-1->8->5 [3] 9/-1/-1->8->5
x3002c0s13b1n0:58390:58426 [3] NCCL INFO Trees [0] -1/-1/-1->3->2 [1] -1/-1/-1->3->2 [2] -1/-1/-1->3->2 [3] -1/-1/-1->3->2
x3002c0s19b0n0:1143:1180 [2] NCCL INFO Trees [0] 7/-1/-1->6->5 [1] 7/-1/-1->6->5 [2] 7/-1/-1->6->5 [3] 7/-1/-1->6->5
x3002c0s19b1n0:27774:27809 [1] NCCL INFO Trees [0] 10/4/-1->9->8 [1] 10/4/-1->9->8 [2] 10/-1/-1->9->8 [3] 10/-1/-1->9->8
x3003c0s19b1n0:18121:18155 [2] NCCL INFO Trees [0] 63/-1/-1->62->61 [1] 63/-1/-1->62->61 [2] 63/-1/-1->62->61 [3] 63/-1/-1->62->61
x3002c0s13b1n0:58387:58418 [0] NCCL INFO Channel 00/04 :    0   2   3   5   4   6   7   9   8  10  11  13  12  14  15  17  16  18  19  21
x3002c0s13b1n0:58387:58418 [0] NCCL INFO Channel 01/04 :    0   2   3   5   4   6   7   9   8  10  11  13  12  14  15  17  16  18  19  21
x3002c0s13b1n0:58387:58418 [0] NCCL INFO Channel 02/04 :    0   2   3   5   4   6   7   9   8  10  11  13  12  14  15  17  16  18  19  21
x3002c0s13b1n0:58387:58418 [0] NCCL INFO Channel 03/04 :    0   2   3   5   4   6   7   9   8  10  11  13  12  14  15  17  16  18  19  21
x3002c0s13b1n0:58387:58418 [0] NCCL INFO Trees [0] 1/32/-1->0->-1 [1] 1/32/-1->0->-1 [2] 1/-1/-1->0->4 [3] 1/-1/-1->0->4
x3002c0s19b0n0:1144:1178 [3] NCCL INFO Trees [0] -1/-1/-1->7->6 [1] -1/-1/-1->7->6 [2] -1/-1/-1->7->6 [3] -1/-1/-1->7->6
x3002c0s19b1n0:27775:27803 [2] NCCL INFO Trees [0] 11/-1/-1->10->9 [1] 11/-1/-1->10->9 [2] 11/-1/-1->10->9 [3] 11/-1/-1->10->9
x3002c0s1b0n0:5344:5379 [1] NCCL INFO Trees [0] 14/-1/-1->13->12 [1] 14/-1/-1->13->12 [2] 14/20/-1->13->12 [3] 14/20/-1->13->12
x3002c0s1b1n0:20832:20861 [0] NCCL INFO Trees [0] 17/24/-1->16->33 [1] 17/24/-1->16->33 [2] 17/-1/-1->16->20 [3] 17/-1/-1->16->20
x3003c0s19b1n0:18119:18150 [0] NCCL INFO Trees [0] 61/-1/-1->60->56 [1] 61/-1/-1->60->56 [2] 61/28/-1->60->-1 [3] 61/28/-1->60->-1
x3002c0s13b1n0:58388:58427 [1] NCCL INFO Trees [0] 2/-1/-1->1->0 [1] 2/-1/-1->1->0 [2] 2/-1/-1->1->0 [3] 2/-1/-1->1->0
x3002c0s19b1n0:27776:27807 [3] NCCL INFO Trees [0] -1/-1/-1->11->10 [1] -1/-1/-1->11->10 [2] -1/-1/-1->11->10 [3] -1/-1/-1->11->10
x3002c0s1b0n0:5345:5378 [2] NCCL INFO Trees [0] 15/-1/-1->14->13 [1] 15/-1/-1->14->13 [2] 15/-1/-1->14->13 [3] 15/-1/-1->14->13
x3002c0s1b1n0:20834:20869 [2] NCCL INFO Trees [0] 19/-1/-1->18->17 [1] 19/-1/-1->18->17 [2] 19/-1/-1->18->17 [3] 19/-1/-1->18->17
x3002c0s31b1n0:26647:26681 [2] NCCL INFO Trees [0] 31/-1/-1->30->29 [1] 31/-1/-1->30->29 [2] 31/-1/-1->30->29 [3] 31/-1/-1->30->29
x3002c0s37b0n0:11088:11121 [3] NCCL INFO Trees [0] -1/-1/-1->35->34 [1] -1/-1/-1->35->34 [2] -1/-1/-1->35->34 [3] -1/-1/-1->35->34
x3002c0s7b0n0:11970:12006 [2] NCCL INFO Trees [0] 43/-1/-1->42->41 [1] 43/-1/-1->42->41 [2] 43/-1/-1->42->41 [3] 43/-1/-1->42->41
x3003c0s13b0n0:50344:50374 [1] NCCL INFO Trees [0] 50/40/-1->49->48 [1] 50/40/-1->49->48 [2] 50/-1/-1->49->48 [3] 50/-1/-1->49->48
x3003c0s13b1n0:45402:45435 [3] NCCL INFO Trees [0] -1/-1/-1->55->54 [1] -1/-1/-1->55->54 [2] -1/-1/-1->55->54 [3] -1/-1/-1->55->54
x3003c0s19b1n0:18120:18160 [1] NCCL INFO Trees [0] 62/-1/-1->61->60 [1] 62/-1/-1->61->60 [2] 62/-1/-1->61->60 [3] 62/-1/-1->61->60
x3002c0s1b0n0:5346:5372 [3] NCCL INFO Trees [0] -1/-1/-1->15->14 [1] -1/-1/-1->15->14 [2] -1/-1/-1->15->14 [3] -1/-1/-1->15->14
x3002c0s1b1n0:20835:20868 [3] NCCL INFO Trees [0] -1/-1/-1->19->18 [1] -1/-1/-1->19->18 [2] -1/-1/-1->19->18 [3] -1/-1/-1->19->18
x3002c0s25b1n0:31044:31074 [3] NCCL INFO Trees [0] -1/-1/-1->23->22 [1] -1/-1/-1->23->22 [2] -1/-1/-1->23->22 [3] -1/-1/-1->23->22
x3002c0s31b0n0:31132:31171 [0] NCCL INFO Trees [0] 25/28/-1->24->16 [1] 25/28/-1->24->16 [2] 25/-1/-1->24->21 [3] 25/-1/-1->24->21
x3002c0s31b1n0:26648:26679 [3] NCCL INFO Trees [0] -1/-1/-1->31->30 [1] -1/-1/-1->31->30 [2] -1/-1/-1->31->30 [3] -1/-1/-1->31->30
x3002c0s37b0n0:11085:11123 [0] NCCL INFO Trees [0] 33/48/-1->32->0 [1] 33/48/-1->32->0 [2] 33/-1/-1->32->36 [3] 33/-1/-1->32->36
x3002c0s7b0n0:11971:12001 [3] NCCL INFO Trees [0] -1/-1/-1->43->42 [1] -1/-1/-1->43->42 [2] -1/-1/-1->43->42 [3] -1/-1/-1->43->42
x3002c0s7b1n0:37485:37516 [2] NCCL INFO Trees [0] 47/-1/-1->46->45 [1] 47/-1/-1->46->45 [2] 47/-1/-1->46->45 [3] 47/-1/-1->46->45
x3003c0s13b0n0:50345:50383 [2] NCCL INFO Trees [0] 51/-1/-1->50->49 [1] 51/-1/-1->50->49 [2] 51/-1/-1->50->49 [3] 51/-1/-1->50->49
x3003c0s13b1n0:45400:45431 [1] NCCL INFO Trees [0] 54/-1/-1->53->52 [1] 54/-1/-1->53->52 [2] 54/56/-1->53->52 [3] 54/56/-1->53->52
x3002c0s1b0n0:5343:5381 [0] NCCL INFO Trees [0] 13/-1/-1->12->8 [1] 13/-1/-1->12->8 [2] 13/4/-1->12->28 [3] 13/4/-1->12->28
x3002c0s1b1n0:20833:20870 [1] NCCL INFO Trees [0] 18/8/-1->17->16 [1] 18/8/-1->17->16 [2] 18/-1/-1->17->16 [3] 18/-1/-1->17->16
x3002c0s25b1n0:31041:31080 [0] NCCL INFO Trees [0] 21/-1/-1->20->25 [1] 21/-1/-1->20->25 [2] 21/16/-1->20->13 [3] 21/16/-1->20->13
x3002c0s31b0n0:31133:31172 [1] NCCL INFO Trees [0] 26/20/-1->25->24 [1] 26/20/-1->25->24 [2] 26/-1/-1->25->24 [3] 26/-1/-1->25->24
x3002c0s31b1n0:26645:26683 [0] NCCL INFO Trees [0] 29/-1/-1->28->24 [1] 29/-1/-1->28->24 [2] 29/12/-1->28->60 [3] 29/12/-1->28->60
x3002c0s37b0n0:11086:11115 [1] NCCL INFO Trees [0] 34/16/-1->33->32 [1] 34/16/-1->33->32 [2] 34/-1/-1->33->32 [3] 34/-1/-1->33->32
x3002c0s7b0n0:11968:12007 [0] NCCL INFO Trees [0] 41/44/-1->40->49 [1] 41/44/-1->40->49 [2] 41/-1/-1->40->37 [3] 41/-1/-1->40->37
x3002c0s7b1n0:37486:37513 [3] NCCL INFO Trees [0] -1/-1/-1->47->46 [1] -1/-1/-1->47->46 [2] -1/-1/-1->47->46 [3] -1/-1/-1->47->46
x3003c0s13b0n0:50346:50381 [3] NCCL INFO Trees [0] -1/-1/-1->51->50 [1] -1/-1/-1->51->50 [2] -1/-1/-1->51->50 [3] -1/-1/-1->51->50
x3003c0s13b1n0:45401:45428 [2] NCCL INFO Trees [0] 55/-1/-1->54->53 [1] 55/-1/-1->54->53 [2] 55/-1/-1->54->53 [3] 55/-1/-1->54->53
x3002c0s25b1n0:31042:31078 [1] NCCL INFO Trees [0] 22/-1/-1->21->20 [1] 22/-1/-1->21->20 [2] 22/24/-1->21->20 [3] 22/24/-1->21->20
x3002c0s31b0n0:31134:31170 [2] NCCL INFO Trees [0] 27/-1/-1->26->25 [1] 27/-1/-1->26->25 [2] 27/-1/-1->26->25 [3] 27/-1/-1->26->25
x3002c0s31b1n0:26646:26674 [1] NCCL INFO Trees [0] 30/-1/-1->29->28 [1] 30/-1/-1->29->28 [2] 30/44/-1->29->28 [3] 30/44/-1->29->28
x3002c0s37b0n0:11087:11124 [2] NCCL INFO Trees [0] 35/-1/-1->34->33 [1] 35/-1/-1->34->33 [2] 35/-1/-1->34->33 [3] 35/-1/-1->34->33
x3002c0s37b1n0:31865:31896 [2] NCCL INFO Trees [0] 39/-1/-1->38->37 [1] 39/-1/-1->38->37 [2] 39/-1/-1->38->37 [3] 39/-1/-1->38->37
x3002c0s7b0n0:11969:11998 [1] NCCL INFO Trees [0] 42/36/-1->41->40 [1] 42/36/-1->41->40 [2] 42/-1/-1->41->40 [3] 42/-1/-1->41->40
x3002c0s7b1n0:37483:37522 [0] NCCL INFO Trees [0] 45/-1/-1->44->40 [1] 45/-1/-1->44->40 [2] 45/36/-1->44->29 [3] 45/36/-1->44->29
x3003c0s13b0n0:50343:50382 [0] NCCL INFO Trees [0] 49/56/-1->48->32 [1] 49/56/-1->48->32 [2] 49/-1/-1->48->52 [3] 49/-1/-1->48->52
x3003c0s13b1n0:45399:45437 [0] NCCL INFO Trees [0] 53/-1/-1->52->57 [1] 53/-1/-1->52->57 [2] 53/48/-1->52->45 [3] 53/48/-1->52->45
x3002c0s25b1n0:31043:31071 [2] NCCL INFO Trees [0] 23/-1/-1->22->21 [1] 23/-1/-1->22->21 [2] 23/-1/-1->22->21 [3] 23/-1/-1->22->21
x3002c0s31b0n0:31135:31163 [3] NCCL INFO Trees [0] -1/-1/-1->27->26 [1] -1/-1/-1->27->26 [2] -1/-1/-1->27->26 [3] -1/-1/-1->27->26
x3002c0s37b1n0:31863:31902 [0] NCCL INFO Trees [0] 37/-1/-1->36->41 [1] 37/-1/-1->36->41 [2] 37/32/-1->36->44 [3] 37/32/-1->36->44
x3002c0s7b1n0:37484:37520 [1] NCCL INFO Trees [0] 46/-1/-1->45->44 [1] 46/-1/-1->45->44 [2] 46/52/-1->45->44 [3] 46/52/-1->45->44
x3002c0s37b1n0:31864:31893 [1] NCCL INFO Trees [0] 38/-1/-1->37->36 [1] 38/-1/-1->37->36 [2] 38/40/-1->37->36 [3] 38/40/-1->37->36
x3002c0s37b1n0:31866:31901 [3] NCCL INFO Trees [0] -1/-1/-1->39->38 [1] -1/-1/-1->39->38 [2] -1/-1/-1->39->38 [3] -1/-1/-1->39->38
x3002c0s13b1n0:58389:58421 [2] NCCL INFO Channel 00 : 2[85000] -> 3[c7000] via P2P/IPC/read
x3002c0s13b1n0:58387:58418 [0] NCCL INFO Channel 00 : 0[7000] -> 2[85000] via P2P/IPC/read
x3002c0s19b1n0:27773:27811 [0] NCCL INFO Channel 00 : 8[7000] -> 10[85000] via P2P/IPC/read
x3002c0s19b0n0:1077:1177 [0] NCCL INFO Channel 00 : 4[7000] -> 6[85000] via P2P/IPC/read
x3002c0s19b0n0:1143:1180 [2] NCCL INFO Channel 00 : 6[85000] -> 7[c7000] via P2P/IPC/read
x3002c0s19b1n0:27775:27803 [2] NCCL INFO Channel 00 : 10[85000] -> 11[c7000] via P2P/IPC/read
x3002c0s1b1n0:20834:20869 [2] NCCL INFO Channel 00 : 18[85000] -> 19[c7000] via P2P/IPC/read
x3002c0s7b0n0:11970:12006 [2] NCCL INFO Channel 00 : 42[85000] -> 43[c7000] via P2P/IPC/read
x3002c0s37b1n0:31865:31896 [2] NCCL INFO Channel 00 : 38[85000] -> 39[c7000] via P2P/IPC/read
x3002c0s31b1n0:26647:26681 [2] NCCL INFO Channel 00 : 30[85000] -> 31[c7000] via P2P/IPC/read
x3002c0s7b1n0:37485:37516 [2] NCCL INFO Channel 00 : 46[85000] -> 47[c7000] via P2P/IPC/read
x3003c0s19b0n0:62099:62138 [0] NCCL INFO Trees [0] 57/60/-1->56->48 [1] 57/60/-1->56->48 [2] 57/-1/-1->56->53 [3] 57/-1/-1->56->53
x3003c0s19b0n0:62099:62138 [0] NCCL INFO Channel 00 : 56[7000] -> 58[85000] via P2P/IPC/read
x3002c0s7b1n0:37483:37522 [0] NCCL INFO Channel 00 : 44[7000] -> 46[85000] via P2P/IPC/read
x3003c0s13b1n0:45401:45428 [2] NCCL INFO Channel 00 : 54[85000] -> 55[c7000] via P2P/IPC/read
x3002c0s1b0n0:5345:5378 [2] NCCL INFO Channel 00 : 14[85000] -> 15[c7000] via P2P/IPC/read
x3002c0s1b0n0:5343:5381 [0] NCCL INFO Channel 00 : 12[7000] -> 14[85000] via P2P/IPC/read
x3003c0s19b0n0:62100:62129 [1] NCCL INFO Trees [0] 58/52/-1->57->56 [1] 58/52/-1->57->56 [2] 58/-1/-1->57->56 [3] 58/-1/-1->57->56
x3002c0s1b1n0:20832:20861 [0] NCCL INFO Channel 00 : 16[7000] -> 18[85000] via P2P/IPC/read
x3002c0s31b1n0:26645:26683 [0] NCCL INFO Channel 00 : 28[7000] -> 30[85000] via P2P/IPC/read
x3003c0s13b1n0:45399:45437 [0] NCCL INFO Channel 00 : 52[7000] -> 54[85000] via P2P/IPC/read
x3002c0s37b0n0:11085:11123 [0] NCCL INFO Channel 00 : 32[7000] -> 34[85000] via P2P/IPC/read
x3002c0s37b1n0:31863:31902 [0] NCCL INFO Channel 00 : 36[7000] -> 38[85000] via P2P/IPC/read
x3003c0s19b0n0:62101:62136 [2] NCCL INFO Trees [0] 59/-1/-1->58->57 [1] 59/-1/-1->58->57 [2] 59/-1/-1->58->57 [3] 59/-1/-1->58->57
x3003c0s19b0n0:62101:62136 [2] NCCL INFO Channel 00 : 58[85000] -> 59[c7000] via P2P/IPC/read
x3002c0s7b0n0:11968:12007 [0] NCCL INFO Channel 00 : 40[7000] -> 42[85000] via P2P/IPC/read
x3003c0s13b0n0:50343:50382 [0] NCCL INFO Channel 00 : 48[7000] -> 50[85000] via P2P/IPC/read
x3003c0s19b0n0:62102:62133 [3] NCCL INFO Trees [0] -1/-1/-1->59->58 [1] -1/-1/-1->59->58 [2] -1/-1/-1->59->58 [3] -1/-1/-1->59->58
x3002c0s37b0n0:11087:11124 [2] NCCL INFO Channel 00 : 34[85000] -> 35[c7000] via P2P/IPC/read
x3002c0s25b1n0:31043:31071 [2] NCCL INFO Channel 00 : 22[85000] -> 23[c7000] via P2P/IPC/read
x3002c0s25b1n0:31041:31080 [0] NCCL INFO Channel 00 : 20[7000] -> 22[85000] via P2P/IPC/read
x3003c0s13b0n0:50345:50383 [2] NCCL INFO Channel 00 : 50[85000] -> 51[c7000] via P2P/IPC/read
x3003c0s19b1n0:18119:18150 [0] NCCL INFO Channel 00 : 60[7000] -> 62[85000] via P2P/IPC/read
x3003c0s19b1n0:18121:18155 [2] NCCL INFO Channel 00 : 62[85000] -> 63[c7000] via P2P/IPC/read
x3002c0s31b0n0:31132:31171 [0] NCCL INFO Channel 00 : 24[7000] -> 26[85000] via P2P/IPC/read
x3002c0s31b0n0:31134:31170 [2] NCCL INFO Channel 00 : 26[85000] -> 27[c7000] via P2P/IPC/read
x3002c0s19b1n0:27773:27811 [0] NCCL INFO Channel 01 : 8[7000] -> 10[85000] via P2P/IPC/read
x3002c0s19b1n0:27775:27803 [2] NCCL INFO Channel 01 : 10[85000] -> 11[c7000] via P2P/IPC/read
x3002c0s31b1n0:26646:26674 [1] NCCL INFO Channel 00/0 : 27[c7000] -> 29[46000] [receive] via NET/IB/1
x3003c0s13b1n0:45401:45428 [2] NCCL INFO Channel 01 : 54[85000] -> 55[c7000] via P2P/IPC/read
x3002c0s37b1n0:31863:31902 [0] NCCL INFO Channel 01 : 36[7000] -> 38[85000] via P2P/IPC/read
x3002c0s1b0n0:5344:5379 [1] NCCL INFO Channel 00/0 : 11[c7000] -> 13[46000] [receive] via NET/IB/1
x3002c0s19b1n0:27774:27809 [1] NCCL INFO Channel 00/0 : 7[c7000] -> 9[46000] [receive] via NET/IB/1
x3002c0s19b0n0:1143:1180 [2] NCCL INFO Channel 01 : 6[85000] -> 7[c7000] via P2P/IPC/read
x3002c0s19b0n0:1143:1180 [2] NCCL INFO Channel 02 : 6[85000] -> 7[c7000] via P2P/IPC/read
x3002c0s19b0n0:1143:1180 [2] NCCL INFO Channel 03 : 6[85000] -> 7[c7000] via P2P/IPC/read
x3002c0s1b0n0:5345:5378 [2] NCCL INFO Channel 01 : 14[85000] -> 15[c7000] via P2P/IPC/read
x3002c0s1b0n0:5343:5381 [0] NCCL INFO Channel 01 : 12[7000] -> 14[85000] via P2P/IPC/read
x3002c0s13b1n0:58387:58418 [0] NCCL INFO Channel 01 : 0[7000] -> 2[85000] via P2P/IPC/read
x3002c0s13b1n0:58387:58418 [0] NCCL INFO Channel 02 : 0[7000] -> 2[85000] via P2P/IPC/read
x3002c0s13b1n0:58387:58418 [0] NCCL INFO Channel 03 : 0[7000] -> 2[85000] via P2P/IPC/read
x3003c0s19b1n0:18119:18150 [0] NCCL INFO Channel 01 : 60[7000] -> 62[85000] via P2P/IPC/read
x3003c0s19b1n0:18120:18160 [1] NCCL INFO Channel 00/0 : 59[c7000] -> 61[46000] [receive] via NET/IB/1
x3003c0s19b1n0:18121:18155 [2] NCCL INFO Channel 01 : 62[85000] -> 63[c7000] via P2P/IPC/read
x3002c0s13b1n0:58389:58421 [2] NCCL INFO Channel 01 : 2[85000] -> 3[c7000] via P2P/IPC/read
x3002c0s13b1n0:58389:58421 [2] NCCL INFO Channel 02 : 2[85000] -> 3[c7000] via P2P/IPC/read
x3002c0s13b1n0:58389:58421 [2] NCCL INFO Channel 03 : 2[85000] -> 3[c7000] via P2P/IPC/read
x3002c0s37b1n0:31863:31902 [0] NCCL INFO Channel 02 : 36[7000] -> 38[85000] via P2P/IPC/read
x3003c0s13b0n0:50345:50383 [2] NCCL INFO Channel 01 : 50[85000] -> 51[c7000] via P2P/IPC/read
x3003c0s13b0n0:50345:50383 [2] NCCL INFO Channel 02 : 50[85000] -> 51[c7000] via P2P/IPC/read
x3003c0s13b0n0:50345:50383 [2] NCCL INFO Channel 03 : 50[85000] -> 51[c7000] via P2P/IPC/read
x3002c0s19b0n0:1077:1177 [0] NCCL INFO Channel 01 : 4[7000] -> 6[85000] via P2P/IPC/read
x3002c0s19b0n0:1077:1177 [0] NCCL INFO Channel 02 : 4[7000] -> 6[85000] via P2P/IPC/read
x3002c0s19b0n0:1077:1177 [0] NCCL INFO Channel 03 : 4[7000] -> 6[85000] via P2P/IPC/read
x3002c0s31b1n0:26645:26683 [0] NCCL INFO Channel 01 : 28[7000] -> 30[85000] via P2P/IPC/read
x3002c0s31b1n0:26647:26681 [2] NCCL INFO Channel 01 : 30[85000] -> 31[c7000] via P2P/IPC/read
x3002c0s31b1n0:26647:26681 [2] NCCL INFO Channel 02 : 30[85000] -> 31[c7000] via P2P/IPC/read
x3002c0s31b1n0:26647:26681 [2] NCCL INFO Channel 03 : 30[85000] -> 31[c7000] via P2P/IPC/read
x3002c0s37b0n0:11087:11124 [2] NCCL INFO Channel 01 : 34[85000] -> 35[c7000] via P2P/IPC/read
x3002c0s37b0n0:11085:11123 [0] NCCL INFO Channel 01 : 32[7000] -> 34[85000] via P2P/IPC/read
x3002c0s13b1n0:58388:58427 [1] NCCL INFO Channel 00/0 : 63[c7000] -> 1[46000] [receive] via NET/IB/1
x3002c0s25b1n0:31042:31078 [1] NCCL INFO Channel 00/0 : 19[c7000] -> 21[46000] [receive] via NET/IB/1
x3002c0s7b1n0:37484:37520 [1] NCCL INFO Channel 00/0 : 43[c7000] -> 45[46000] [receive] via NET/IB/1
x3002c0s25b1n0:31043:31071 [2] NCCL INFO Channel 01 : 22[85000] -> 23[c7000] via P2P/IPC/read
x3002c0s25b1n0:31041:31080 [0] NCCL INFO Channel 01 : 20[7000] -> 22[85000] via P2P/IPC/read
x3002c0s19b0n0:1078:1179 [1] NCCL INFO Channel 00/0 : 3[c7000] -> 5[46000] [receive] via NET/IB/1
x3002c0s7b0n0:11969:11998 [1] NCCL INFO Channel 00/0 : 39[c7000] -> 41[46000] [receive] via NET/IB/1
x3002c0s37b0n0:11086:11115 [1] NCCL INFO Channel 00/0 : 31[c7000] -> 33[46000] [receive] via NET/IB/1
x3003c0s13b1n0:45399:45437 [0] NCCL INFO Channel 01 : 52[7000] -> 54[85000] via P2P/IPC/read
x3003c0s13b0n0:50343:50382 [0] NCCL INFO Channel 01 : 48[7000] -> 50[85000] via P2P/IPC/read
x3003c0s13b0n0:50344:50374 [1] NCCL INFO Channel 00/0 : 47[c7000] -> 49[46000] [receive] via NET/IB/1
x3002c0s31b0n0:31133:31172 [1] NCCL INFO Channel 00/0 : 23[c7000] -> 25[46000] [receive] via NET/IB/1
x3002c0s31b0n0:31134:31170 [2] NCCL INFO Channel 01 : 26[85000] -> 27[c7000] via P2P/IPC/read
x3002c0s7b0n0:11968:12007 [0] NCCL INFO Channel 01 : 40[7000] -> 42[85000] via P2P/IPC/read
x3002c0s1b1n0:20833:20870 [1] NCCL INFO Channel 00/0 : 15[c7000] -> 17[46000] [receive] via NET/IB/1
x3002c0s37b1n0:31865:31896 [2] NCCL INFO Channel 01 : 38[85000] -> 39[c7000] via P2P/IPC/read
x3002c0s31b1n0:26646:26674 [1] NCCL INFO Channel 01/0 : 27[c7000] -> 29[46000] [receive] via NET/IB/0
x3002c0s37b0n0:11085:11123 [0] NCCL INFO Channel 02 : 32[7000] -> 34[85000] via P2P/IPC/read
x3002c0s37b0n0:11085:11123 [0] NCCL INFO Channel 03 : 32[7000] -> 34[85000] via P2P/IPC/read
x3002c0s37b1n0:31864:31893 [1] NCCL INFO Channel 00/0 : 35[c7000] -> 37[46000] [receive] via NET/IB/1
x3002c0s31b0n0:31132:31171 [0] NCCL INFO Channel 01 : 24[7000] -> 26[85000] via P2P/IPC/read
x3002c0s7b0n0:11970:12006 [2] NCCL INFO Channel 01 : 42[85000] -> 43[c7000] via P2P/IPC/read
x3003c0s13b1n0:45400:45431 [1] NCCL INFO Channel 00/0 : 51[c7000] -> 53[46000] [receive] via NET/IB/1
x3002c0s19b1n0:27774:27809 [1] NCCL INFO Channel 01/0 : 7[c7000] -> 9[46000] [receive] via NET/IB/0
x3003c0s19b0n0:62099:62138 [0] NCCL INFO Channel 01 : 56[7000] -> 58[85000] via P2P/IPC/read
x3003c0s19b0n0:62100:62129 [1] NCCL INFO Channel 00/0 : 55[c7000] -> 57[46000] [receive] via NET/IB/1
x3003c0s19b0n0:62101:62136 [2] NCCL INFO Channel 01 : 58[85000] -> 59[c7000] via P2P/IPC/read
x3002c0s13b1n0:58390:58426 [3] NCCL INFO Channel 00/0 : 3[c7000] -> 5[46000] [send] via NET/IB/1
x3002c0s37b1n0:31865:31896 [2] NCCL INFO Channel 02 : 38[85000] -> 39[c7000] via P2P/IPC/read
x3002c0s1b0n0:5344:5379 [1] NCCL INFO Channel 01/0 : 11[c7000] -> 13[46000] [receive] via NET/IB/0
x3002c0s13b1n0:58388:58427 [1] NCCL INFO Channel 01/0 : 63[c7000] -> 1[46000] [receive] via NET/IB/0
x3003c0s19b1n0:18121:18155 [2] NCCL INFO Channel 02 : 62[85000] -> 63[c7000] via P2P/IPC/read
x3003c0s19b1n0:18119:18150 [0] NCCL INFO Channel 02 : 60[7000] -> 62[85000] via P2P/IPC/read
x3003c0s19b1n0:18121:18155 [2] NCCL INFO Channel 03 : 62[85000] -> 63[c7000] via P2P/IPC/read
x3003c0s19b1n0:18119:18150 [0] NCCL INFO Channel 03 : 60[7000] -> 62[85000] via P2P/IPC/read
x3002c0s37b1n0:31864:31893 [1] NCCL INFO Channel 01/0 : 35[c7000] -> 37[46000] [receive] via NET/IB/0
x3002c0s7b1n0:37485:37516 [2] NCCL INFO Channel 01 : 46[85000] -> 47[c7000] via P2P/IPC/read
x3002c0s7b1n0:37483:37522 [0] NCCL INFO Channel 01 : 44[7000] -> 46[85000] via P2P/IPC/read
x3002c0s31b0n0:31132:31171 [0] NCCL INFO Channel 02 : 24[7000] -> 26[85000] via P2P/IPC/read
x3002c0s7b0n0:11970:12006 [2] NCCL INFO Channel 02 : 42[85000] -> 43[c7000] via P2P/IPC/read
x3003c0s19b0n0:62099:62138 [0] NCCL INFO Channel 02 : 56[7000] -> 58[85000] via P2P/IPC/read
x3002c0s1b0n0:5345:5378 [2] NCCL INFO Channel 02 : 14[85000] -> 15[c7000] via P2P/IPC/read
x3002c0s1b0n0:5345:5378 [2] NCCL INFO Channel 03 : 14[85000] -> 15[c7000] via P2P/IPC/read
x3003c0s19b1n0:18120:18160 [1] NCCL INFO Channel 01/0 : 59[c7000] -> 61[46000] [receive] via NET/IB/0
x3002c0s7b0n0:11969:11998 [1] NCCL INFO Channel 01/0 : 39[c7000] -> 41[46000] [receive] via NET/IB/0
x3003c0s13b1n0:45401:45428 [2] NCCL INFO Channel 02 : 54[85000] -> 55[c7000] via P2P/IPC/read
x3002c0s1b1n0:20834:20869 [2] NCCL INFO Channel 01 : 18[85000] -> 19[c7000] via P2P/IPC/read
x3002c0s1b1n0:20832:20861 [0] NCCL INFO Channel 01 : 16[7000] -> 18[85000] via P2P/IPC/read
x3003c0s13b0n0:50343:50382 [0] NCCL INFO Channel 02 : 48[7000] -> 50[85000] via P2P/IPC/read
x3002c0s37b0n0:11087:11124 [2] NCCL INFO Channel 02 : 34[85000] -> 35[c7000] via P2P/IPC/read
x3002c0s1b0n0:5343:5381 [0] NCCL INFO Channel 02 : 12[7000] -> 14[85000] via P2P/IPC/read
x3002c0s25b1n0:31042:31078 [1] NCCL INFO Channel 01/0 : 19[c7000] -> 21[46000] [receive] via NET/IB/0
x3002c0s31b1n0:26645:26683 [0] NCCL INFO Channel 02 : 28[7000] -> 30[85000] via P2P/IPC/read
x3002c0s19b0n0:1078:1179 [1] NCCL INFO Channel 01/0 : 3[c7000] -> 5[46000] [receive] via NET/IB/0
x3002c0s19b1n0:27773:27811 [0] NCCL INFO Channel 02 : 8[7000] -> 10[85000] via P2P/IPC/read
x3002c0s19b1n0:27775:27803 [2] NCCL INFO Channel 02 : 10[85000] -> 11[c7000] via P2P/IPC/read
x3003c0s19b0n0:62100:62129 [1] NCCL INFO Channel 01/0 : 55[c7000] -> 57[46000] [receive] via NET/IB/0
x3003c0s19b0n0:62101:62136 [2] NCCL INFO Channel 02 : 58[85000] -> 59[c7000] via P2P/IPC/read
x3002c0s1b1n0:20833:20870 [1] NCCL INFO Channel 01/0 : 15[c7000] -> 17[46000] [receive] via NET/IB/0
x3002c0s7b1n0:37484:37520 [1] NCCL INFO Channel 01/0 : 43[c7000] -> 45[46000] [receive] via NET/IB/0
x3003c0s13b1n0:45400:45431 [1] NCCL INFO Channel 01/0 : 51[c7000] -> 53[46000] [receive] via NET/IB/0
x3003c0s13b1n0:45399:45437 [0] NCCL INFO Channel 02 : 52[7000] -> 54[85000] via P2P/IPC/read
x3003c0s13b0n0:50344:50374 [1] NCCL INFO Channel 01/0 : 47[c7000] -> 49[46000] [receive] via NET/IB/0
x3003c0s13b0n0:50346:50381 [3] NCCL INFO Channel 00/0 : 51[c7000] -> 53[46000] [send] via NET/IB/1
x3002c0s31b0n0:31133:31172 [1] NCCL INFO Channel 01/0 : 23[c7000] -> 25[46000] [receive] via NET/IB/0
x3002c0s25b1n0:31043:31071 [2] NCCL INFO Channel 02 : 22[85000] -> 23[c7000] via P2P/IPC/read
x3002c0s37b0n0:11086:11115 [1] NCCL INFO Channel 01/0 : 31[c7000] -> 33[46000] [receive] via NET/IB/0
x3002c0s7b0n0:11968:12007 [0] NCCL INFO Channel 02 : 40[7000] -> 42[85000] via P2P/IPC/read
x3002c0s13b1n0:58390:58426 [3] NCCL INFO Channel 01/0 : 3[c7000] -> 5[46000] [send] via NET/IB/0
x3002c0s37b1n0:31863:31902 [0] NCCL INFO Channel 03 : 36[7000] -> 38[85000] via P2P/IPC/read
x3003c0s13b0n0:50343:50382 [0] NCCL INFO Channel 03 : 48[7000] -> 50[85000] via P2P/IPC/read
x3002c0s37b1n0:31865:31896 [2] NCCL INFO Channel 03 : 38[85000] -> 39[c7000] via P2P/IPC/read
x3002c0s1b1n0:20832:20861 [0] NCCL INFO Channel 02 : 16[7000] -> 18[85000] via P2P/IPC/read
x3002c0s25b1n0:31041:31080 [0] NCCL INFO Channel 02 : 20[7000] -> 22[85000] via P2P/IPC/read
x3003c0s19b0n0:62099:62138 [0] NCCL INFO Channel 03 : 56[7000] -> 58[85000] via P2P/IPC/read
x3002c0s7b0n0:11970:12006 [2] NCCL INFO Channel 03 : 42[85000] -> 43[c7000] via P2P/IPC/read
x3003c0s13b1n0:45401:45428 [2] NCCL INFO Channel 03 : 54[85000] -> 55[c7000] via P2P/IPC/read
x3002c0s1b1n0:20834:20869 [2] NCCL INFO Channel 02 : 18[85000] -> 19[c7000] via P2P/IPC/read
x3002c0s1b1n0:20834:20869 [2] NCCL INFO Channel 03 : 18[85000] -> 19[c7000] via P2P/IPC/read
x3002c0s31b1n0:26645:26683 [0] NCCL INFO Channel 03 : 28[7000] -> 30[85000] via P2P/IPC/read
x3002c0s25b1n0:31041:31080 [0] NCCL INFO Channel 03 : 20[7000] -> 22[85000] via P2P/IPC/read
x3002c0s7b1n0:37483:37522 [0] NCCL INFO Channel 02 : 44[7000] -> 46[85000] via P2P/IPC/read
x3003c0s13b1n0:45399:45437 [0] NCCL INFO Channel 03 : 52[7000] -> 54[85000] via P2P/IPC/read
x3002c0s31b0n0:31132:31171 [0] NCCL INFO Channel 03 : 24[7000] -> 26[85000] via P2P/IPC/read
x3002c0s31b0n0:31134:31170 [2] NCCL INFO Channel 02 : 26[85000] -> 27[c7000] via P2P/IPC/read
