x3208c0s19b1n0:37697:37733 [0] NCCL INFO MSCCL_XML_FILES set by environment to /home/yuke/ncclPG/msccl_tools_lyd/examples/xml/allreduce_binary_tree_h_p_2nicPtree_ch_4.xml
x3208c0s19b1n0:37697:37733 [0] NCCL INFO MSCCL: Parsing algorithm /home/yuke/ncclPG/msccl_tools_lyd/examples/xml/allreduce_binary_tree_h_p_2nicPtree_ch_4.xml
x3208c0s25b0n0:50110:50142 [0] NCCL INFO Channel 00/0 : 28[7000] -> 24[7000] [send] via NET/IB/1
x3103c0s25b0n0:38464:38494 [0] NCCL INFO Channel 03/0 : 4[7000] -> 0[7000] [receive] via NET/IB/0
x3208c0s19b0n0:15355:15393 [0] NCCL INFO Channel 02/0 : 12[7000] -> 4[7000] [send] via NET/IB/1
x3208c0s19b1n0:37697:37733 [0] NCCL INFO Parsed MSCCL Algorithm /home/yuke/ncclPG/msccl_tools_lyd/examples/xml/allreduce_binary_tree_h_p_2nicPtree_ch_4.xml successfully.
x3208c0s19b1n0:37697:37733 [0] NCCL INFO Channel 02 : 16[7000] -> 19[c7000] via P2P/IPC/read
x3208c0s37b0n0:2305:2337 [1] NCCL INFO Channel 00/0 : 37[46000] -> 41[46000] [receive] via NET/IB/1
x3208c0s37b0n0:2304:2334 [0] NCCL INFO Connected all trees
x3208c0s37b0n0:2304:2334 [0] NCCL INFO MSCCL_XML_FILES set by environment to /home/yuke/ncclPG/msccl_tools_lyd/examples/xml/allreduce_binary_tree_h_p_2nicPtree_ch_4.xml
x3208c0s37b0n0:2304:2334 [0] NCCL INFO MSCCL: Parsing algorithm /home/yuke/ncclPG/msccl_tools_lyd/examples/xml/allreduce_binary_tree_h_p_2nicPtree_ch_4.xml
x3208c0s31b0n0:51189:51226 [0] NCCL INFO Channel 03/0 : 36[7000] -> 32[7000] [send] via NET/IB/0
x3208c0s37b0n0:2304:2334 [0] NCCL INFO Parsed MSCCL Algorithm /home/yuke/ncclPG/msccl_tools_lyd/examples/xml/allreduce_binary_tree_h_p_2nicPtree_ch_4.xml successfully.
x3208c0s37b0n0:2304:2334 [0] NCCL INFO Channel 02 : 40[7000] -> 43[c7000] via P2P/IPC/read
x3004c0s19b0n0:47268:47301 [1] NCCL INFO Channel 02/0 : 53[46000] -> 57[46000] [receive] via NET/IB/1
x3208c0s1b0n0:46574:46606 [0] NCCL INFO Channel 03 : 20[7000] -> 23[c7000] via P2P/IPC/read
x3208c0s37b0n0:2304:2334 [0] NCCL INFO Channel 03 : 40[7000] -> 43[c7000] via P2P/IPC/read
x3004c0s19b0n0:47268:47301 [1] NCCL INFO Channel 03/0 : 53[46000] -> 57[46000] [receive] via NET/IB/1
x3208c0s19b1n0:37697:37733 [0] NCCL INFO Channel 03 : 16[7000] -> 19[c7000] via P2P/IPC/read
x3208c0s37b0n0:2305:2337 [1] NCCL INFO Channel 01/0 : 37[46000] -> 41[46000] [receive] via NET/IB/1
x3208c0s25b0n0:50110:50142 [0] NCCL INFO Channel 01/0 : 28[7000] -> 24[7000] [send] via NET/IB/0
x3208c0s19b0n0:15355:15393 [0] NCCL INFO Channel 03/0 : 12[7000] -> 4[7000] [send] via NET/IB/0
x3208c0s31b0n0:51191:51228 [1] NCCL INFO Connected all trees
x3208c0s31b0n0:51191:51228 [1] NCCL INFO MSCCL_XML_FILES set by environment to /home/yuke/ncclPG/msccl_tools_lyd/examples/xml/allreduce_binary_tree_h_p_2nicPtree_ch_4.xml
x3208c0s31b0n0:51191:51228 [1] NCCL INFO MSCCL: Parsing algorithm /home/yuke/ncclPG/msccl_tools_lyd/examples/xml/allreduce_binary_tree_h_p_2nicPtree_ch_4.xml
x3208c0s7b0n0:64724:64758 [0] NCCL INFO Channel 00/0 : 56[7000] -> 48[7000] [receive] via NET/IB/1
x3208c0s31b0n0:51193:51225 [2] NCCL INFO Connected all trees
x3208c0s31b0n0:51193:51225 [2] NCCL INFO MSCCL_XML_FILES set by environment to /home/yuke/ncclPG/msccl_tools_lyd/examples/xml/allreduce_binary_tree_h_p_2nicPtree_ch_4.xml
x3208c0s31b0n0:51193:51225 [2] NCCL INFO MSCCL: Parsing algorithm /home/yuke/ncclPG/msccl_tools_lyd/examples/xml/allreduce_binary_tree_h_p_2nicPtree_ch_4.xml
x3208c0s31b0n0:51191:51228 [1] NCCL INFO Parsed MSCCL Algorithm /home/yuke/ncclPG/msccl_tools_lyd/examples/xml/allreduce_binary_tree_h_p_2nicPtree_ch_4.xml successfully.
x3208c0s31b0n0:51193:51225 [2] NCCL INFO Parsed MSCCL Algorithm /home/yuke/ncclPG/msccl_tools_lyd/examples/xml/allreduce_binary_tree_h_p_2nicPtree_ch_4.xml successfully.
x3208c0s31b0n0:51193:51225 [2] NCCL INFO Connected 1 MSCCL algorithms
x3208c0s31b0n0:51193:51225 [2] NCCL INFO NCCL_PROTO set by environment to Simple
x3208c0s31b0n0:51193:51225 [2] NCCL INFO NCCL_ALGO set by environment to MSCCL,TREE,RING
x3208c0s31b0n0:51193:51225 [2] NCCL INFO threadThresholds 8/8/64 | 512/8/64 | 8/8/64 | 8/8/512
x3208c0s31b0n0:51193:51225 [2] NCCL INFO 4 coll channels, 4 p2p channels, 2 p2p channels per peer
x3208c0s25b1n0:48836:48872 [0] NCCL INFO Channel 02/0 : 36[7000] -> 32[7000] [receive] via NET/IB/1
x3208c0s37b0n0:2307:2333 [3] NCCL INFO Channel 00/0 : 39[c7000] -> 43[c7000] [receive] via NET/IB/0
x3208c0s25b0n0:50110:50142 [0] NCCL INFO Connected all trees
x3208c0s25b0n0:50110:50142 [0] NCCL INFO MSCCL_XML_FILES set by environment to /home/yuke/ncclPG/msccl_tools_lyd/examples/xml/allreduce_binary_tree_h_p_2nicPtree_ch_4.xml
x3208c0s25b0n0:50110:50142 [0] NCCL INFO MSCCL: Parsing algorithm /home/yuke/ncclPG/msccl_tools_lyd/examples/xml/allreduce_binary_tree_h_p_2nicPtree_ch_4.xml
x3208c0s19b1n0:37700:37725 [3] NCCL INFO Channel 02/0 : 19[c7000] -> 23[c7000] [send] via NET/IB/0
x3208c0s25b0n0:50110:50142 [0] NCCL INFO Parsed MSCCL Algorithm /home/yuke/ncclPG/msccl_tools_lyd/examples/xml/allreduce_binary_tree_h_p_2nicPtree_ch_4.xml successfully.
x3208c0s25b0n0:50110:50142 [0] NCCL INFO Channel 02 : 28[7000] -> 31[c7000] via P2P/IPC/read
x3004c0s19b0n0:47268:47301 [1] NCCL INFO Channel 00/0 : 57[46000] -> 61[46000] [send] via NET/IB/1
x3208c0s1b0n0:46577:46605 [3] NCCL INFO Channel 02/0 : 19[c7000] -> 23[c7000] [receive] via NET/IB/0
x3208c0s25b1n0:48836:48872 [0] NCCL INFO Channel 03/0 : 36[7000] -> 32[7000] [receive] via NET/IB/0
x3208c0s7b0n0:64724:64758 [0] NCCL INFO Channel 01/0 : 56[7000] -> 48[7000] [receive] via NET/IB/0
x3208c0s37b0n0:2305:2337 [1] NCCL INFO Channel 02/0 : 37[46000] -> 41[46000] [receive] via NET/IB/1
x3004c0s19b0n0:47268:47301 [1] NCCL INFO Channel 01/0 : 57[46000] -> 61[46000] [send] via NET/IB/1
x3208c0s25b0n0:50110:50142 [0] NCCL INFO Channel 03 : 28[7000] -> 31[c7000] via P2P/IPC/read
x3208c0s31b0n0:51191:51228 [1] NCCL INFO Channel 02/0 : 33[46000] -> 37[46000] [receive] via NET/IB/1
x3208c0s19b1n0:37700:37725 [3] NCCL INFO Channel 03/0 : 19[c7000] -> 23[c7000] [send] via NET/IB/0
x3208c0s1b1n0:28308:28345 [0] NCCL INFO Channel 02/0 : 24[7000] -> 21[46000] [send] via NET/IB/1
x3208c0s19b0n0:15355:15393 [0] NCCL INFO Channel 00/0 : 12[7000] -> 8[7000] [send] via NET/IB/1
x3208c0s37b0n0:2307:2333 [3] NCCL INFO Channel 01/0 : 39[c7000] -> 43[c7000] [receive] via NET/IB/0
x3208c0s31b0n0:51189:51226 [0] NCCL INFO Connected all trees
x3208c0s31b0n0:51189:51226 [0] NCCL INFO MSCCL_XML_FILES set by environment to /home/yuke/ncclPG/msccl_tools_lyd/examples/xml/allreduce_binary_tree_h_p_2nicPtree_ch_4.xml
x3208c0s31b0n0:51189:51226 [0] NCCL INFO MSCCL: Parsing algorithm /home/yuke/ncclPG/msccl_tools_lyd/examples/xml/allreduce_binary_tree_h_p_2nicPtree_ch_4.xml
x3208c0s37b0n0:2305:2337 [1] NCCL INFO Channel 03/0 : 37[46000] -> 41[46000] [receive] via NET/IB/1
x3208c0s31b0n0:51191:51228 [1] NCCL INFO Channel 03/0 : 33[46000] -> 37[46000] [receive] via NET/IB/1
x3208c0s25b1n0:48836:48872 [0] NCCL INFO Connected all trees
x3208c0s25b1n0:48836:48872 [0] NCCL INFO MSCCL_XML_FILES set by environment to /home/yuke/ncclPG/msccl_tools_lyd/examples/xml/allreduce_binary_tree_h_p_2nicPtree_ch_4.xml
x3208c0s25b1n0:48836:48872 [0] NCCL INFO MSCCL: Parsing algorithm /home/yuke/ncclPG/msccl_tools_lyd/examples/xml/allreduce_binary_tree_h_p_2nicPtree_ch_4.xml
x3208c0s37b0n0:2307:2333 [3] NCCL INFO Channel 02/0 : 39[c7000] -> 43[c7000] [receive] via NET/IB/0
x3208c0s31b0n0:51189:51226 [0] NCCL INFO Parsed MSCCL Algorithm /home/yuke/ncclPG/msccl_tools_lyd/examples/xml/allreduce_binary_tree_h_p_2nicPtree_ch_4.xml successfully.
x3208c0s31b0n0:51189:51226 [0] NCCL INFO Channel 02 : 36[7000] -> 39[c7000] via P2P/IPC/read
x3208c0s25b1n0:48836:48872 [0] NCCL INFO Parsed MSCCL Algorithm /home/yuke/ncclPG/msccl_tools_lyd/examples/xml/allreduce_binary_tree_h_p_2nicPtree_ch_4.xml successfully.
x3208c0s25b1n0:48836:48872 [0] NCCL INFO Channel 02 : 32[7000] -> 35[c7000] via P2P/IPC/read
x3207c0s7b1n0:50534:50573 [0] NCCL INFO Channel 00/0 : 9[46000] -> 4[7000] [receive] via NET/IB/1
x3208c0s31b0n0:51189:51226 [0] NCCL INFO Channel 03 : 36[7000] -> 39[c7000] via P2P/IPC/read
x3208c0s1b0n0:46577:46605 [3] NCCL INFO Channel 03/0 : 19[c7000] -> 23[c7000] [receive] via NET/IB/0
x3208c0s1b0n0:46577:46605 [3] NCCL INFO Channel 00/0 : 23[c7000] -> 27[c7000] [send] via NET/IB/0
x3208c0s19b0n0:15355:15393 [0] NCCL INFO Channel 01/0 : 12[7000] -> 8[7000] [send] via NET/IB/0
x3208c0s1b1n0:28308:28345 [0] NCCL INFO Channel 03/0 : 24[7000] -> 21[46000] [send] via NET/IB/0
x3208c0s37b0n0:2305:2337 [1] NCCL INFO Channel 00/0 : 41[46000] -> 45[46000] [send] via NET/IB/1
x3208c0s25b0n0:50113:50141 [3] NCCL INFO Channel 00/0 : 27[c7000] -> 31[c7000] [receive] via NET/IB/0
x3208c0s25b1n0:48836:48872 [0] NCCL INFO Channel 03 : 32[7000] -> 35[c7000] via P2P/IPC/read
x3208c0s31b0n0:51191:51228 [1] NCCL INFO Channel 00/0 : 37[46000] -> 41[46000] [send] via NET/IB/1
x3208c0s31b0n0:51195:51227 [3] NCCL INFO Channel 02/0 : 35[c7000] -> 39[c7000] [receive] via NET/IB/0
x3208c0s19b0n0:15355:15393 [0] NCCL INFO Connected all trees
x3208c0s19b0n0:15355:15393 [0] NCCL INFO MSCCL_XML_FILES set by environment to /home/yuke/ncclPG/msccl_tools_lyd/examples/xml/allreduce_binary_tree_h_p_2nicPtree_ch_4.xml
x3208c0s19b0n0:15355:15393 [0] NCCL INFO MSCCL: Parsing algorithm /home/yuke/ncclPG/msccl_tools_lyd/examples/xml/allreduce_binary_tree_h_p_2nicPtree_ch_4.xml
x3208c0s31b0n0:51191:51228 [1] NCCL INFO Channel 01/0 : 37[46000] -> 41[46000] [send] via NET/IB/1
x3208c0s1b0n0:46577:46605 [3] NCCL INFO Channel 01/0 : 23[c7000] -> 27[c7000] [send] via NET/IB/0
x3208c0s37b0n0:2307:2333 [3] NCCL INFO Channel 03/0 : 39[c7000] -> 43[c7000] [receive] via NET/IB/0
x3208c0s19b0n0:15355:15393 [0] NCCL INFO Parsed MSCCL Algorithm /home/yuke/ncclPG/msccl_tools_lyd/examples/xml/allreduce_binary_tree_h_p_2nicPtree_ch_4.xml successfully.
x3208c0s19b0n0:15355:15393 [0] NCCL INFO Channel 02 : 12[7000] -> 15[c7000] via P2P/IPC/read
x3207c0s7b1n0:50534:50573 [0] NCCL INFO Channel 01/0 : 9[46000] -> 4[7000] [receive] via NET/IB/0
x3208c0s31b0n0:51191:51228 [1] NCCL INFO Channel 02/0 : 37[46000] -> 41[46000] [send] via NET/IB/1
x3208c0s37b0n0:2307:2333 [3] NCCL INFO Channel 00/0 : 43[c7000] -> 47[c7000] [send] via NET/IB/0
x3208c0s37b0n0:2305:2337 [1] NCCL INFO Channel 01/0 : 41[46000] -> 45[46000] [send] via NET/IB/1
x3208c0s7b0n0:64724:64758 [0] NCCL INFO Channel 02/0 : 52[7000] -> 48[7000] [receive] via NET/IB/1
x3208c0s1b1n0:28308:28345 [0] NCCL INFO Connected all trees
x3208c0s1b1n0:28308:28345 [0] NCCL INFO MSCCL_XML_FILES set by environment to /home/yuke/ncclPG/msccl_tools_lyd/examples/xml/allreduce_binary_tree_h_p_2nicPtree_ch_4.xml
x3208c0s1b1n0:28308:28345 [0] NCCL INFO MSCCL: Parsing algorithm /home/yuke/ncclPG/msccl_tools_lyd/examples/xml/allreduce_binary_tree_h_p_2nicPtree_ch_4.xml
x3004c0s19b0n0:47266:47303 [0] NCCL INFO Channel 00/0 : 60[7000] -> 56[7000] [receive] via NET/IB/1
x3208c0s25b1n0:48839:48871 [3] NCCL INFO Channel 02/0 : 35[c7000] -> 39[c7000] [send] via NET/IB/0
x3208c0s31b0n0:51195:51227 [3] NCCL INFO Channel 03/0 : 35[c7000] -> 39[c7000] [receive] via NET/IB/0
x3208c0s13b1n0:22918:22951 [0] NCCL INFO Channel 02/0 : 8[7000] -> 5[46000] [send] via NET/IB/1
x3208c0s1b1n0:28308:28345 [0] NCCL INFO Parsed MSCCL Algorithm /home/yuke/ncclPG/msccl_tools_lyd/examples/xml/allreduce_binary_tree_h_p_2nicPtree_ch_4.xml successfully.
x3208c0s1b1n0:28308:28345 [0] NCCL INFO Channel 02 : 24[7000] -> 27[c7000] via P2P/IPC/read
x3208c0s25b1n0:48839:48871 [3] NCCL INFO Channel 03/0 : 35[c7000] -> 39[c7000] [send] via NET/IB/0
x3208c0s19b0n0:15355:15393 [0] NCCL INFO Channel 03 : 12[7000] -> 15[c7000] via P2P/IPC/read
x3208c0s31b0n0:51191:51228 [1] NCCL INFO Channel 03/0 : 37[46000] -> 41[46000] [send] via NET/IB/1
x3208c0s13b1n0:22918:22951 [0] NCCL INFO Channel 03/0 : 8[7000] -> 5[46000] [send] via NET/IB/0
x3208c0s1b0n0:46577:46605 [3] NCCL INFO Channel 02/0 : 23[c7000] -> 27[c7000] [send] via NET/IB/0
x3004c0s19b0n0:47266:47303 [0] NCCL INFO Channel 01/0 : 60[7000] -> 56[7000] [receive] via NET/IB/0
x3208c0s25b0n0:50113:50141 [3] NCCL INFO Channel 01/0 : 27[c7000] -> 31[c7000] [receive] via NET/IB/0
x3208c0s7b0n0:64724:64758 [0] NCCL INFO Channel 03/0 : 52[7000] -> 48[7000] [receive] via NET/IB/0
x3208c0s37b0n0:2307:2333 [3] NCCL INFO Channel 01/0 : 43[c7000] -> 47[c7000] [send] via NET/IB/0
x3208c0s31b0n0:51195:51227 [3] NCCL INFO Channel 00/0 : 39[c7000] -> 43[c7000] [send] via NET/IB/0
x3208c0s1b0n0:46577:46605 [3] NCCL INFO Channel 03/0 : 23[c7000] -> 27[c7000] [send] via NET/IB/0
x3208c0s1b1n0:28308:28345 [0] NCCL INFO Channel 03 : 24[7000] -> 27[c7000] via P2P/IPC/read
x3208c0s31b0n0:51195:51227 [3] NCCL INFO Channel 01/0 : 39[c7000] -> 43[c7000] [send] via NET/IB/0
x3208c0s1b0n0:46575:46610 [1] NCCL INFO Connected all trees
x3208c0s1b0n0:46575:46610 [1] NCCL INFO MSCCL_XML_FILES set by environment to /home/yuke/ncclPG/msccl_tools_lyd/examples/xml/allreduce_binary_tree_h_p_2nicPtree_ch_4.xml
x3208c0s1b0n0:46575:46610 [1] NCCL INFO MSCCL: Parsing algorithm /home/yuke/ncclPG/msccl_tools_lyd/examples/xml/allreduce_binary_tree_h_p_2nicPtree_ch_4.xml
x3208c0s1b0n0:46576:46607 [2] NCCL INFO Connected all trees
x3208c0s1b0n0:46576:46607 [2] NCCL INFO MSCCL_XML_FILES set by environment to /home/yuke/ncclPG/msccl_tools_lyd/examples/xml/allreduce_binary_tree_h_p_2nicPtree_ch_4.xml
x3208c0s1b0n0:46576:46607 [2] NCCL INFO MSCCL: Parsing algorithm /home/yuke/ncclPG/msccl_tools_lyd/examples/xml/allreduce_binary_tree_h_p_2nicPtree_ch_4.xml
x3208c0s13b1n0:22918:22951 [0] NCCL INFO Connected all trees
x3208c0s13b1n0:22918:22951 [0] NCCL INFO MSCCL_XML_FILES set by environment to /home/yuke/ncclPG/msccl_tools_lyd/examples/xml/allreduce_binary_tree_h_p_2nicPtree_ch_4.xml
x3208c0s13b1n0:22918:22951 [0] NCCL INFO MSCCL: Parsing algorithm /home/yuke/ncclPG/msccl_tools_lyd/examples/xml/allreduce_binary_tree_h_p_2nicPtree_ch_4.xml
x3208c0s1b0n0:46575:46610 [1] NCCL INFO Parsed MSCCL Algorithm /home/yuke/ncclPG/msccl_tools_lyd/examples/xml/allreduce_binary_tree_h_p_2nicPtree_ch_4.xml successfully.
x3208c0s1b1n0:28311:28343 [3] NCCL INFO Channel 00/0 : 23[c7000] -> 27[c7000] [receive] via NET/IB/0
x3208c0s1b0n0:46576:46607 [2] NCCL INFO Parsed MSCCL Algorithm /home/yuke/ncclPG/msccl_tools_lyd/examples/xml/allreduce_binary_tree_h_p_2nicPtree_ch_4.xml successfully.
x3208c0s1b0n0:46576:46607 [2] NCCL INFO Connected 1 MSCCL algorithms
x3208c0s1b0n0:46576:46607 [2] NCCL INFO NCCL_PROTO set by environment to Simple
x3208c0s1b0n0:46576:46607 [2] NCCL INFO NCCL_ALGO set by environment to MSCCL,TREE,RING
x3208c0s1b0n0:46576:46607 [2] NCCL INFO threadThresholds 8/8/64 | 512/8/64 | 8/8/64 | 8/8/512
x3208c0s1b0n0:46576:46607 [2] NCCL INFO 4 coll channels, 4 p2p channels, 2 p2p channels per peer
x3208c0s31b0n0:51195:51227 [3] NCCL INFO Channel 02/0 : 39[c7000] -> 43[c7000] [send] via NET/IB/0
x3004c0s19b1n0:18133:18177 [0] NCCL INFO Connected all trees
x3004c0s19b1n0:18133:18177 [0] NCCL INFO MSCCL_XML_FILES set by environment to /home/yuke/ncclPG/msccl_tools_lyd/examples/xml/allreduce_binary_tree_h_p_2nicPtree_ch_4.xml
x3004c0s19b1n0:18133:18177 [0] NCCL INFO MSCCL: Parsing algorithm /home/yuke/ncclPG/msccl_tools_lyd/examples/xml/allreduce_binary_tree_h_p_2nicPtree_ch_4.xml
x3208c0s13b1n0:22918:22951 [0] NCCL INFO Parsed MSCCL Algorithm /home/yuke/ncclPG/msccl_tools_lyd/examples/xml/allreduce_binary_tree_h_p_2nicPtree_ch_4.xml successfully.
x3208c0s13b1n0:22918:22951 [0] NCCL INFO Channel 02 : 8[7000] -> 11[c7000] via P2P/IPC/read
x3004c0s19b1n0:18133:18177 [0] NCCL INFO Parsed MSCCL Algorithm /home/yuke/ncclPG/msccl_tools_lyd/examples/xml/allreduce_binary_tree_h_p_2nicPtree_ch_4.xml successfully.
x3004c0s19b1n0:18133:18177 [0] NCCL INFO Channel 02 : 60[7000] -> 63[c7000] via P2P/IPC/read
x3208c0s7b1n0:62990:63021 [0] NCCL INFO Connected all trees
x3208c0s7b1n0:62990:63021 [0] NCCL INFO MSCCL_XML_FILES set by environment to /home/yuke/ncclPG/msccl_tools_lyd/examples/xml/allreduce_binary_tree_h_p_2nicPtree_ch_4.xml
x3208c0s7b1n0:62990:63021 [0] NCCL INFO MSCCL: Parsing algorithm /home/yuke/ncclPG/msccl_tools_lyd/examples/xml/allreduce_binary_tree_h_p_2nicPtree_ch_4.xml
x3208c0s19b0n0:15361:15394 [3] NCCL INFO Channel 00/0 : 11[c7000] -> 15[c7000] [receive] via NET/IB/0
x3208c0s1b1n0:28311:28343 [3] NCCL INFO Channel 01/0 : 23[c7000] -> 27[c7000] [receive] via NET/IB/0
x3208c0s7b1n0:62990:63021 [0] NCCL INFO Parsed MSCCL Algorithm /home/yuke/ncclPG/msccl_tools_lyd/examples/xml/allreduce_binary_tree_h_p_2nicPtree_ch_4.xml successfully.
x3208c0s7b1n0:62990:63021 [0] NCCL INFO Channel 02 : 52[7000] -> 55[c7000] via P2P/IPC/read
x3208c0s7b1n0:62990:63021 [0] NCCL INFO Channel 03 : 52[7000] -> 55[c7000] via P2P/IPC/read
x3208c0s7b0n0:64724:64758 [0] NCCL INFO Connected all trees
x3208c0s7b0n0:64724:64758 [0] NCCL INFO MSCCL_XML_FILES set by environment to /home/yuke/ncclPG/msccl_tools_lyd/examples/xml/allreduce_binary_tree_h_p_2nicPtree_ch_4.xml
x3208c0s7b0n0:64724:64758 [0] NCCL INFO MSCCL: Parsing algorithm /home/yuke/ncclPG/msccl_tools_lyd/examples/xml/allreduce_binary_tree_h_p_2nicPtree_ch_4.xml
x3207c0s7b1n0:50534:50573 [0] NCCL INFO Channel 02/0 : 4[7000] -> 0[7000] [send] via NET/IB/1
x3004c0s19b1n0:18133:18177 [0] NCCL INFO Channel 03 : 60[7000] -> 63[c7000] via P2P/IPC/read
x3208c0s7b0n0:64724:64758 [0] NCCL INFO Parsed MSCCL Algorithm /home/yuke/ncclPG/msccl_tools_lyd/examples/xml/allreduce_binary_tree_h_p_2nicPtree_ch_4.xml successfully.
x3208c0s7b0n0:64724:64758 [0] NCCL INFO Channel 02 : 48[7000] -> 51[c7000] via P2P/IPC/read
x3208c0s1b0n0:46575:46610 [1] NCCL INFO Channel 02/0 : 17[46000] -> 21[46000] [receive] via NET/IB/1
x3208c0s31b0n0:51195:51227 [3] NCCL INFO Channel 03/0 : 39[c7000] -> 43[c7000] [send] via NET/IB/0
x3208c0s13b1n0:22919:22957 [1] NCCL INFO Connected all trees
x3208c0s13b1n0:22919:22957 [1] NCCL INFO MSCCL_XML_FILES set by environment to /home/yuke/ncclPG/msccl_tools_lyd/examples/xml/allreduce_binary_tree_h_p_2nicPtree_ch_4.xml
x3208c0s13b1n0:22919:22957 [1] NCCL INFO MSCCL: Parsing algorithm /home/yuke/ncclPG/msccl_tools_lyd/examples/xml/allreduce_binary_tree_h_p_2nicPtree_ch_4.xml
x3207c0s7b1n0:50534:50573 [0] NCCL INFO Channel 03/0 : 4[7000] -> 0[7000] [send] via NET/IB/0
x3208c0s13b1n0:22921:22956 [2] NCCL INFO Connected all trees
x3208c0s13b1n0:22921:22956 [2] NCCL INFO MSCCL_XML_FILES set by environment to /home/yuke/ncclPG/msccl_tools_lyd/examples/xml/allreduce_binary_tree_h_p_2nicPtree_ch_4.xml
x3208c0s13b1n0:22921:22956 [2] NCCL INFO MSCCL: Parsing algorithm /home/yuke/ncclPG/msccl_tools_lyd/examples/xml/allreduce_binary_tree_h_p_2nicPtree_ch_4.xml
x3208c0s13b1n0:22918:22951 [0] NCCL INFO Channel 03 : 8[7000] -> 11[c7000] via P2P/IPC/read
x3208c0s7b0n0:64724:64758 [0] NCCL INFO Channel 03 : 48[7000] -> 51[c7000] via P2P/IPC/read
x3208c0s13b1n0:22919:22957 [1] NCCL INFO Parsed MSCCL Algorithm /home/yuke/ncclPG/msccl_tools_lyd/examples/xml/allreduce_binary_tree_h_p_2nicPtree_ch_4.xml successfully.
x3208c0s13b1n0:22921:22956 [2] NCCL INFO Parsed MSCCL Algorithm /home/yuke/ncclPG/msccl_tools_lyd/examples/xml/allreduce_binary_tree_h_p_2nicPtree_ch_4.xml successfully.
x3208c0s13b1n0:22921:22956 [2] NCCL INFO Connected 1 MSCCL algorithms
x3208c0s13b1n0:22921:22956 [2] NCCL INFO NCCL_PROTO set by environment to Simple
x3208c0s13b1n0:22921:22956 [2] NCCL INFO NCCL_ALGO set by environment to MSCCL,TREE,RING
x3208c0s13b1n0:22921:22956 [2] NCCL INFO threadThresholds 8/8/64 | 512/8/64 | 8/8/64 | 8/8/512
x3208c0s13b1n0:22921:22956 [2] NCCL INFO 4 coll channels, 4 p2p channels, 2 p2p channels per peer
x3208c0s19b1n0:37700:37725 [3] NCCL INFO Channel 00/0 : 11[c7000] -> 19[c7000] [receive] via NET/IB/0
x3004c0s19b1n0:18140:18176 [3] NCCL INFO Channel 00/0 : 59[c7000] -> 63[c7000] [receive] via NET/IB/0
x3208c0s7b1n0:62995:63022 [3] NCCL INFO Channel 02/0 : 51[c7000] -> 55[c7000] [receive] via NET/IB/0
x3208c0s1b0n0:46575:46610 [1] NCCL INFO Channel 03/0 : 17[46000] -> 21[46000] [receive] via NET/IB/1
x3004c0s19b0n0:47266:47303 [0] NCCL INFO Channel 02/0 : 56[7000] -> 53[46000] [send] via NET/IB/1
x3208c0s19b0n0:15361:15394 [3] NCCL INFO Channel 01/0 : 11[c7000] -> 15[c7000] [receive] via NET/IB/0
x3004c0s19b0n0:47266:47303 [0] NCCL INFO Channel 03/0 : 56[7000] -> 53[46000] [send] via NET/IB/0
x3208c0s25b1n0:48837:48876 [1] NCCL INFO Channel 00/0 : 17[46000] -> 33[46000] [receive] via NET/IB/1
x3208c0s37b1n0:38588:38620 [1] NCCL INFO Channel 02/0 : 37[46000] -> 45[46000] [receive] via NET/IB/1
x3208c0s1b1n0:28311:28343 [3] NCCL INFO Channel 02/0 : 23[c7000] -> 27[c7000] [receive] via NET/IB/0
x3004c0s19b1n0:18140:18176 [3] NCCL INFO Channel 01/0 : 59[c7000] -> 63[c7000] [receive] via NET/IB/0
x3208c0s19b1n0:37700:37725 [3] NCCL INFO Channel 01/0 : 11[c7000] -> 19[c7000] [receive] via NET/IB/0
x3208c0s7b0n0:64728:64761 [3] NCCL INFO Channel 02/0 : 51[c7000] -> 55[c7000] [send] via NET/IB/0
x3207c0s7b1n0:50534:50573 [0] NCCL INFO Connected all trees
x3207c0s7b1n0:50534:50573 [0] NCCL INFO MSCCL_XML_FILES set by environment to /home/yuke/ncclPG/msccl_tools_lyd/examples/xml/allreduce_binary_tree_h_p_2nicPtree_ch_4.xml
x3207c0s7b1n0:50534:50573 [0] NCCL INFO MSCCL: Parsing algorithm /home/yuke/ncclPG/msccl_tools_lyd/examples/xml/allreduce_binary_tree_h_p_2nicPtree_ch_4.xml
x3208c0s1b1n0:28311:28343 [3] NCCL INFO Channel 03/0 : 23[c7000] -> 27[c7000] [receive] via NET/IB/0
x3208c0s7b1n0:62995:63022 [3] NCCL INFO Channel 03/0 : 51[c7000] -> 55[c7000] [receive] via NET/IB/0
x3208c0s25b1n0:48837:48876 [1] NCCL INFO Channel 01/0 : 17[46000] -> 33[46000] [receive] via NET/IB/1
x3207c0s7b1n0:50534:50573 [0] NCCL INFO Parsed MSCCL Algorithm /home/yuke/ncclPG/msccl_tools_lyd/examples/xml/allreduce_binary_tree_h_p_2nicPtree_ch_4.xml successfully.
x3207c0s7b1n0:50534:50573 [0] NCCL INFO Channel 02 : 4[7000] -> 7[c7000] via P2P/IPC/read
x3208c0s13b1n0:22919:22957 [1] NCCL INFO Channel 00/0 : 5[46000] -> 9[46000] [receive] via NET/IB/1
x3208c0s13b1n0:22923:22953 [3] NCCL INFO Channel 00/0 : 7[c7000] -> 11[c7000] [receive] via NET/IB/0
x3208c0s1b0n0:46575:46610 [1] NCCL INFO Channel 00/0 : 21[46000] -> 25[46000] [send] via NET/IB/1
x3208c0s13b1n0:22923:22953 [3] NCCL INFO Channel 01/0 : 7[c7000] -> 11[c7000] [receive] via NET/IB/0
x3208c0s13b1n0:22923:22953 [3] NCCL INFO Channel 02/0 : 7[c7000] -> 11[c7000] [receive] via NET/IB/0
x3208c0s13b1n0:22923:22953 [3] NCCL INFO Channel 03/0 : 7[c7000] -> 11[c7000] [receive] via NET/IB/0
x3208c0s13b1n0:22923:22953 [3] NCCL INFO Channel 00/0 : 11[c7000] -> 15[c7000] [send] via NET/IB/0
x3208c0s13b1n0:22923:22953 [3] NCCL INFO Channel 01/0 : 11[c7000] -> 15[c7000] [send] via NET/IB/0
x3004c0s19b0n0:47266:47303 [0] NCCL INFO Connected all trees
x3004c0s19b0n0:47266:47303 [0] NCCL INFO MSCCL_XML_FILES set by environment to /home/yuke/ncclPG/msccl_tools_lyd/examples/xml/allreduce_binary_tree_h_p_2nicPtree_ch_4.xml
x3004c0s19b0n0:47266:47303 [0] NCCL INFO MSCCL: Parsing algorithm /home/yuke/ncclPG/msccl_tools_lyd/examples/xml/allreduce_binary_tree_h_p_2nicPtree_ch_4.xml
x3208c0s31b0n0:51191:51228 [1] NCCL INFO Channel 02/0 : 37[46000] -> 45[46000] [send] via NET/IB/1
x3208c0s7b1n0:62995:63022 [3] NCCL INFO Channel 00/0 : 55[c7000] -> 59[c7000] [send] via NET/IB/0
x3004c0s19b0n0:47266:47303 [0] NCCL INFO Parsed MSCCL Algorithm /home/yuke/ncclPG/msccl_tools_lyd/examples/xml/allreduce_binary_tree_h_p_2nicPtree_ch_4.xml successfully.
x3004c0s19b0n0:47266:47303 [0] NCCL INFO Channel 02 : 56[7000] -> 59[c7000] via P2P/IPC/read
x3103c0s25b0n0:38464:38494 [0] NCCL INFO Connected all trees
x3103c0s25b0n0:38464:38494 [0] NCCL INFO MSCCL_XML_FILES set by environment to /home/yuke/ncclPG/msccl_tools_lyd/examples/xml/allreduce_binary_tree_h_p_2nicPtree_ch_4.xml
x3103c0s25b0n0:38464:38494 [0] NCCL INFO MSCCL: Parsing algorithm /home/yuke/ncclPG/msccl_tools_lyd/examples/xml/allreduce_binary_tree_h_p_2nicPtree_ch_4.xml
x3208c0s31b0n0:51191:51228 [1] NCCL INFO Channel 03/0 : 37[46000] -> 45[46000] [send] via NET/IB/1
x3208c0s13b1n0:22919:22957 [1] NCCL INFO Channel 01/0 : 5[46000] -> 9[46000] [receive] via NET/IB/1
x3208c0s19b1n0:37700:37725 [3] NCCL INFO Channel 00/0 : 19[c7000] -> 27[c7000] [send] via NET/IB/0
x3208c0s37b1n0:38588:38620 [1] NCCL INFO Channel 03/0 : 37[46000] -> 45[46000] [receive] via NET/IB/1
x3103c0s25b0n0:38464:38494 [0] NCCL INFO Parsed MSCCL Algorithm /home/yuke/ncclPG/msccl_tools_lyd/examples/xml/allreduce_binary_tree_h_p_2nicPtree_ch_4.xml successfully.
x3103c0s25b0n0:38464:38494 [0] NCCL INFO Channel 02 : 0[7000] -> 3[c7000] via P2P/IPC/read
x3208c0s19b1n0:37700:37725 [3] NCCL INFO Channel 01/0 : 19[c7000] -> 27[c7000] [send] via NET/IB/0
x3208c0s37b1n0:38588:38620 [1] NCCL INFO Channel 02/0 : 45[46000] -> 53[46000] [send] via NET/IB/1
x3208c0s7b0n0:64728:64761 [3] NCCL INFO Channel 03/0 : 51[c7000] -> 55[c7000] [send] via NET/IB/0
x3207c0s7b1n0:50534:50573 [0] NCCL INFO Channel 03 : 4[7000] -> 7[c7000] via P2P/IPC/read
x3207c0s7b1n0:50535:50567 [1] NCCL INFO Connected all trees
x3207c0s7b1n0:50535:50567 [1] NCCL INFO MSCCL_XML_FILES set by environment to /home/yuke/ncclPG/msccl_tools_lyd/examples/xml/allreduce_binary_tree_h_p_2nicPtree_ch_4.xml
x3207c0s7b1n0:50535:50567 [1] NCCL INFO MSCCL: Parsing algorithm /home/yuke/ncclPG/msccl_tools_lyd/examples/xml/allreduce_binary_tree_h_p_2nicPtree_ch_4.xml
x3207c0s7b1n0:50536:50574 [2] NCCL INFO Connected all trees
x3207c0s7b1n0:50536:50574 [2] NCCL INFO MSCCL_XML_FILES set by environment to /home/yuke/ncclPG/msccl_tools_lyd/examples/xml/allreduce_binary_tree_h_p_2nicPtree_ch_4.xml
x3207c0s7b1n0:50536:50574 [2] NCCL INFO MSCCL: Parsing algorithm /home/yuke/ncclPG/msccl_tools_lyd/examples/xml/allreduce_binary_tree_h_p_2nicPtree_ch_4.xml
x3208c0s1b1n0:28311:28343 [3] NCCL INFO Channel 00/0 : 27[c7000] -> 31[c7000] [send] via NET/IB/0
x3207c0s7b1n0:50535:50567 [1] NCCL INFO Parsed MSCCL Algorithm /home/yuke/ncclPG/msccl_tools_lyd/examples/xml/allreduce_binary_tree_h_p_2nicPtree_ch_4.xml successfully.
x3208c0s25b1n0:48837:48876 [1] NCCL INFO Channel 00/0 : 33[46000] -> 49[46000] [send] via NET/IB/1
x3207c0s7b1n0:50536:50574 [2] NCCL INFO Parsed MSCCL Algorithm /home/yuke/ncclPG/msccl_tools_lyd/examples/xml/allreduce_binary_tree_h_p_2nicPtree_ch_4.xml successfully.
x3207c0s7b1n0:50536:50574 [2] NCCL INFO Connected 1 MSCCL algorithms
x3207c0s7b1n0:50536:50574 [2] NCCL INFO NCCL_PROTO set by environment to Simple
x3207c0s7b1n0:50536:50574 [2] NCCL INFO NCCL_ALGO set by environment to MSCCL,TREE,RING
x3207c0s7b1n0:50536:50574 [2] NCCL INFO threadThresholds 8/8/64 | 512/8/64 | 8/8/64 | 8/8/512
x3207c0s7b1n0:50536:50574 [2] NCCL INFO 4 coll channels, 4 p2p channels, 2 p2p channels per peer
x3208c0s1b0n0:46575:46610 [1] NCCL INFO Channel 01/0 : 21[46000] -> 25[46000] [send] via NET/IB/1
x3004c0s19b0n0:47266:47303 [0] NCCL INFO Channel 03 : 56[7000] -> 59[c7000] via P2P/IPC/read
x3208c0s7b1n0:62995:63022 [3] NCCL INFO Channel 01/0 : 55[c7000] -> 59[c7000] [send] via NET/IB/0
x3208c0s1b1n0:28311:28343 [3] NCCL INFO Channel 01/0 : 27[c7000] -> 31[c7000] [send] via NET/IB/0
x3208c0s25b1n0:48837:48876 [1] NCCL INFO Channel 01/0 : 33[46000] -> 49[46000] [send] via NET/IB/1
x3103c0s25b0n0:38464:38494 [0] NCCL INFO Channel 03 : 0[7000] -> 3[c7000] via P2P/IPC/read
x3208c0s25b1n0:48839:48871 [3] NCCL INFO Channel 00/0 : 19[c7000] -> 35[c7000] [receive] via NET/IB/0
x3208c0s13b1n0:22919:22957 [1] NCCL INFO Channel 02/0 : 5[46000] -> 9[46000] [receive] via NET/IB/1
x3208c0s1b0n0:46575:46610 [1] NCCL INFO Channel 02/0 : 21[46000] -> 25[46000] [send] via NET/IB/1
x3208c0s37b1n0:38588:38620 [1] NCCL INFO Channel 03/0 : 45[46000] -> 53[46000] [send] via NET/IB/1
x3208c0s1b0n0:46575:46610 [1] NCCL INFO Channel 03/0 : 21[46000] -> 25[46000] [send] via NET/IB/1
x3208c0s37b0n0:2305:2337 [1] NCCL INFO Channel 00/0 : 41[46000] -> 49[46000] [send] via NET/IB/1
x3208c0s7b1n0:62995:63022 [3] NCCL INFO Channel 02/0 : 55[c7000] -> 59[c7000] [send] via NET/IB/0
x3208c0s7b1n0:62995:63022 [3] NCCL INFO Channel 03/0 : 55[c7000] -> 59[c7000] [send] via NET/IB/0
x3208c0s37b1n0:38592:38625 [3] NCCL INFO Channel 02/0 : 39[c7000] -> 47[c7000] [receive] via NET/IB/0
x3207c0s7b1n0:50537:50568 [3] NCCL INFO Channel 02/0 : 3[c7000] -> 7[c7000] [receive] via NET/IB/0
x3004c0s19b0n0:47271:47304 [3] NCCL INFO Channel 00/0 : 55[c7000] -> 59[c7000] [receive] via NET/IB/0
x3208c0s13b1n0:22919:22957 [1] NCCL INFO Channel 03/0 : 5[46000] -> 9[46000] [receive] via NET/IB/1
x3208c0s25b1n0:48839:48871 [3] NCCL INFO Channel 01/0 : 19[c7000] -> 35[c7000] [receive] via NET/IB/0
x3208c0s37b0n0:2305:2337 [1] NCCL INFO Channel 01/0 : 41[46000] -> 49[46000] [send] via NET/IB/1
x3207c0s7b1n0:50537:50568 [3] NCCL INFO Channel 03/0 : 3[c7000] -> 7[c7000] [receive] via NET/IB/0
x3103c0s25b0n0:38467:38497 [3] NCCL INFO Channel 02/0 : 3[c7000] -> 7[c7000] [send] via NET/IB/0
x3208c0s7b1n0:62992:63027 [1] NCCL INFO Connected all trees
x3208c0s7b1n0:62992:63027 [1] NCCL INFO MSCCL_XML_FILES set by environment to /home/yuke/ncclPG/msccl_tools_lyd/examples/xml/allreduce_binary_tree_h_p_2nicPtree_ch_4.xml
x3208c0s7b1n0:62992:63027 [1] NCCL INFO MSCCL: Parsing algorithm /home/yuke/ncclPG/msccl_tools_lyd/examples/xml/allreduce_binary_tree_h_p_2nicPtree_ch_4.xml
x3208c0s7b1n0:62994:63028 [2] NCCL INFO Connected all trees
x3208c0s7b1n0:62994:63028 [2] NCCL INFO MSCCL_XML_FILES set by environment to /home/yuke/ncclPG/msccl_tools_lyd/examples/xml/allreduce_binary_tree_h_p_2nicPtree_ch_4.xml
x3208c0s7b1n0:62994:63028 [2] NCCL INFO MSCCL: Parsing algorithm /home/yuke/ncclPG/msccl_tools_lyd/examples/xml/allreduce_binary_tree_h_p_2nicPtree_ch_4.xml
x3208c0s37b1n0:38592:38625 [3] NCCL INFO Channel 03/0 : 39[c7000] -> 47[c7000] [receive] via NET/IB/0
x3207c0s7b1n0:50535:50567 [1] NCCL INFO Channel 02/0 : 1[46000] -> 5[46000] [receive] via NET/IB/1
x3208c0s7b1n0:62992:63027 [1] NCCL INFO Parsed MSCCL Algorithm /home/yuke/ncclPG/msccl_tools_lyd/examples/xml/allreduce_binary_tree_h_p_2nicPtree_ch_4.xml successfully.
x3208c0s7b1n0:62994:63028 [2] NCCL INFO Parsed MSCCL Algorithm /home/yuke/ncclPG/msccl_tools_lyd/examples/xml/allreduce_binary_tree_h_p_2nicPtree_ch_4.xml successfully.
x3208c0s7b1n0:62994:63028 [2] NCCL INFO Connected 1 MSCCL algorithms
x3208c0s7b1n0:62994:63028 [2] NCCL INFO NCCL_PROTO set by environment to Simple
x3208c0s7b1n0:62994:63028 [2] NCCL INFO NCCL_ALGO set by environment to MSCCL,TREE,RING
x3208c0s7b1n0:62994:63028 [2] NCCL INFO threadThresholds 8/8/64 | 512/8/64 | 8/8/64 | 8/8/512
x3208c0s7b1n0:62994:63028 [2] NCCL INFO 4 coll channels, 4 p2p channels, 2 p2p channels per peer
x3004c0s19b0n0:47271:47304 [3] NCCL INFO Channel 01/0 : 55[c7000] -> 59[c7000] [receive] via NET/IB/0
x3208c0s37b0n0:2307:2333 [3] NCCL INFO Channel 00/0 : 43[c7000] -> 51[c7000] [send] via NET/IB/0
x3207c0s7b1n0:50535:50567 [1] NCCL INFO Channel 03/0 : 1[46000] -> 5[46000] [receive] via NET/IB/1
x3103c0s25b0n0:38467:38497 [3] NCCL INFO Channel 03/0 : 3[c7000] -> 7[c7000] [send] via NET/IB/0
x3208c0s31b0n0:51195:51227 [3] NCCL INFO Channel 02/0 : 39[c7000] -> 47[c7000] [send] via NET/IB/0
x3208c0s13b1n0:22919:22957 [1] NCCL INFO Channel 00/0 : 9[46000] -> 13[46000] [send] via NET/IB/1
x3208c0s25b1n0:48839:48871 [3] NCCL INFO Channel 00/0 : 35[c7000] -> 51[c7000] [send] via NET/IB/0
x3207c0s7b1n0:50537:50568 [3] NCCL INFO Channel 00/0 : 7[c7000] -> 11[c7000] [send] via NET/IB/0
x3208c0s7b0n0:64728:64761 [3] NCCL INFO Channel 00/0 : 43[c7000] -> 51[c7000] [receive] via NET/IB/0
x3208c0s37b1n0:38592:38625 [3] NCCL INFO Channel 02/0 : 47[c7000] -> 55[c7000] [send] via NET/IB/0
x3208c0s31b0n0:51195:51227 [3] NCCL INFO Channel 03/0 : 39[c7000] -> 47[c7000] [send] via NET/IB/0
x3208c0s13b1n0:22919:22957 [1] NCCL INFO Channel 01/0 : 9[46000] -> 13[46000] [send] via NET/IB/1
x3208c0s7b1n0:62992:63027 [1] NCCL INFO Channel 02/0 : 49[46000] -> 53[46000] [receive] via NET/IB/1
x3208c0s25b1n0:48839:48871 [3] NCCL INFO Channel 01/0 : 35[c7000] -> 51[c7000] [send] via NET/IB/0
x3004c0s19b0n0:47271:47304 [3] NCCL INFO Channel 02/0 : 55[c7000] -> 59[c7000] [receive] via NET/IB/0
x3208c0s25b0n0:50111:50148 [1] NCCL INFO Channel 02/0 : 13[46000] -> 29[46000] [receive] via NET/IB/1
x3208c0s37b0n0:2307:2333 [3] NCCL INFO Channel 01/0 : 43[c7000] -> 51[c7000] [send] via NET/IB/0
x3208c0s7b1n0:62992:63027 [1] NCCL INFO Channel 03/0 : 49[46000] -> 53[46000] [receive] via NET/IB/1
x3207c0s7b1n0:50535:50567 [1] NCCL INFO Channel 00/0 : 5[46000] -> 9[46000] [send] via NET/IB/1
x3208c0s25b0n0:50113:50141 [3] NCCL INFO Channel 02/0 : 15[c7000] -> 31[c7000] [receive] via NET/IB/0
x3207c0s7b1n0:50535:50567 [1] NCCL INFO Channel 01/0 : 5[46000] -> 9[46000] [send] via NET/IB/1
x3004c0s19b0n0:47271:47304 [3] NCCL INFO Channel 03/0 : 55[c7000] -> 59[c7000] [receive] via NET/IB/0
x3207c0s7b1n0:50537:50568 [3] NCCL INFO Channel 01/0 : 7[c7000] -> 11[c7000] [send] via NET/IB/0
x3208c0s7b0n0:64728:64761 [3] NCCL INFO Channel 01/0 : 43[c7000] -> 51[c7000] [receive] via NET/IB/0
x3207c0s7b1n0:50535:50567 [1] NCCL INFO Channel 02/0 : 5[46000] -> 9[46000] [send] via NET/IB/1
x3208c0s37b1n0:38592:38625 [3] NCCL INFO Channel 03/0 : 47[c7000] -> 55[c7000] [send] via NET/IB/0
x3208c0s25b0n0:50113:50141 [3] NCCL INFO Channel 03/0 : 15[c7000] -> 31[c7000] [receive] via NET/IB/0
x3208c0s31b0n0:51191:51228 [1] NCCL INFO Channel 02/0 : 45[46000] -> 37[46000] [receive] via NET/IB/1
x3208c0s7b1n0:62992:63027 [1] NCCL INFO Channel 00/0 : 53[46000] -> 57[46000] [send] via NET/IB/1
x3207c0s7b1n0:50537:50568 [3] NCCL INFO Channel 02/0 : 7[c7000] -> 11[c7000] [send] via NET/IB/0
x3207c0s7b1n0:50537:50568 [3] NCCL INFO Channel 03/0 : 7[c7000] -> 11[c7000] [send] via NET/IB/0
x3208c0s19b1n0:37698:37730 [1] NCCL INFO Channel 00/0 : 9[46000] -> 17[46000] [receive] via NET/IB/1
x3208c0s25b0n0:50111:50148 [1] NCCL INFO Channel 03/0 : 13[46000] -> 29[46000] [receive] via NET/IB/1
x3208c0s7b1n0:62992:63027 [1] NCCL INFO Channel 01/0 : 53[46000] -> 57[46000] [send] via NET/IB/1
x3004c0s19b0n0:47271:47304 [3] NCCL INFO Channel 00/0 : 59[c7000] -> 63[c7000] [send] via NET/IB/0
x3208c0s7b1n0:62992:63027 [1] NCCL INFO Channel 02/0 : 53[46000] -> 57[46000] [send] via NET/IB/1
x3207c0s7b1n0:50535:50567 [1] NCCL INFO Channel 03/0 : 5[46000] -> 9[46000] [send] via NET/IB/1
x3208c0s19b1n0:37698:37730 [1] NCCL INFO Channel 01/0 : 9[46000] -> 17[46000] [receive] via NET/IB/1
x3208c0s25b0n0:50113:50141 [3] NCCL INFO Channel 02/0 : 31[c7000] -> 47[c7000] [send] via NET/IB/0
x3208c0s7b1n0:62992:63027 [1] NCCL INFO Channel 03/0 : 53[46000] -> 57[46000] [send] via NET/IB/1
x3208c0s7b0n0:64728:64761 [3] NCCL INFO Channel 00/0 : 51[c7000] -> 59[c7000] [send] via NET/IB/0
x3004c0s19b0n0:47271:47304 [3] NCCL INFO Channel 01/0 : 59[c7000] -> 63[c7000] [send] via NET/IB/0
x3208c0s25b0n0:50111:50148 [1] NCCL INFO Channel 02/0 : 29[46000] -> 45[46000] [send] via NET/IB/1
x3208c0s31b0n0:51191:51228 [1] NCCL INFO Channel 03/0 : 45[46000] -> 37[46000] [receive] via NET/IB/1
x3208c0s1b1n0:28309:28336 [1] NCCL INFO Channel 00/0 : 17[46000] -> 25[46000] [receive] via NET/IB/1
x3208c0s7b0n0:64728:64761 [3] NCCL INFO Channel 01/0 : 51[c7000] -> 59[c7000] [send] via NET/IB/0
x3208c0s1b1n0:28311:28343 [3] NCCL INFO Channel 00/0 : 19[c7000] -> 27[c7000] [receive] via NET/IB/0
x3208c0s19b1n0:37698:37730 [1] NCCL INFO Channel 00/0 : 17[46000] -> 25[46000] [send] via NET/IB/1
x3208c0s1b1n0:28309:28336 [1] NCCL INFO Channel 01/0 : 17[46000] -> 25[46000] [receive] via NET/IB/1
x3208c0s1b0n0:46577:46605 [3] NCCL INFO Channel 02/0 : 15[c7000] -> 23[c7000] [receive] via NET/IB/0
x3208c0s25b0n0:50113:50141 [3] NCCL INFO Channel 03/0 : 31[c7000] -> 47[c7000] [send] via NET/IB/0
x3208c0s1b1n0:28311:28343 [3] NCCL INFO Channel 01/0 : 19[c7000] -> 27[c7000] [receive] via NET/IB/0
x3208c0s25b0n0:50111:50148 [1] NCCL INFO Channel 03/0 : 29[46000] -> 45[46000] [send] via NET/IB/1
x3208c0s19b1n0:37698:37730 [1] NCCL INFO Channel 01/0 : 17[46000] -> 25[46000] [send] via NET/IB/1
x3208c0s1b0n0:46575:46610 [1] NCCL INFO Channel 02/0 : 13[46000] -> 21[46000] [receive] via NET/IB/1
x3103c0s25b0n0:38467:38497 [3] NCCL INFO Channel 00/0 : 35[c7000] -> 3[c7000] [receive] via NET/IB/0
x3004c0s19b1n0:18140:18176 [3] NCCL INFO Channel 02/0 : 31[c7000] -> 63[c7000] [receive] via NET/IB/0
x3208c0s31b0n0:51195:51227 [3] NCCL INFO Channel 02/0 : 47[c7000] -> 39[c7000] [receive] via NET/IB/0
x3208c0s1b0n0:46575:46610 [1] NCCL INFO Channel 03/0 : 13[46000] -> 21[46000] [receive] via NET/IB/1
x3103c0s25b0n0:38467:38497 [3] NCCL INFO Channel 01/0 : 35[c7000] -> 3[c7000] [receive] via NET/IB/0
x3004c0s19b1n0:18137:18174 [1] NCCL INFO Channel 02/0 : 29[46000] -> 61[46000] [receive] via NET/IB/1
x3208c0s1b0n0:46577:46605 [3] NCCL INFO Channel 03/0 : 15[c7000] -> 23[c7000] [receive] via NET/IB/0
x3208c0s19b0n0:15361:15394 [3] NCCL INFO Channel 02/0 : 7[c7000] -> 15[c7000] [receive] via NET/IB/0
x3208c0s19b0n0:15358:15392 [1] NCCL INFO Channel 02/0 : 5[46000] -> 13[46000] [receive] via NET/IB/1
x3208c0s31b0n0:51195:51227 [3] NCCL INFO Channel 03/0 : 47[c7000] -> 39[c7000] [receive] via NET/IB/0
x3103c0s25b0n0:38465:38503 [1] NCCL INFO Channel 00/0 : 33[46000] -> 1[46000] [receive] via NET/IB/1
x3004c0s19b1n0:18140:18176 [3] NCCL INFO Channel 03/0 : 31[c7000] -> 63[c7000] [receive] via NET/IB/0
x3208c0s7b1n0:62995:63022 [3] NCCL INFO Channel 02/0 : 47[c7000] -> 55[c7000] [receive] via NET/IB/0
x3208c0s7b0n0:64726:64756 [1] NCCL INFO Channel 00/0 : 41[46000] -> 49[46000] [receive] via NET/IB/1
x3208c0s19b0n0:15361:15394 [3] NCCL INFO Channel 03/0 : 7[c7000] -> 15[c7000] [receive] via NET/IB/0
x3208c0s37b0n0:2307:2333 [3] NCCL INFO Channel 00/0 : 51[c7000] -> 43[c7000] [receive] via NET/IB/0
x3103c0s25b0n0:38467:38497 [3] NCCL INFO Channel 00/0 : 3[c7000] -> 35[c7000] [send] via NET/IB/0
x3004c0s19b1n0:18137:18174 [1] NCCL INFO Channel 03/0 : 29[46000] -> 61[46000] [receive] via NET/IB/1
x3103c0s25b0n0:38465:38503 [1] NCCL INFO Channel 01/0 : 33[46000] -> 1[46000] [receive] via NET/IB/1
x3208c0s7b1n0:62992:63027 [1] NCCL INFO Channel 02/0 : 45[46000] -> 53[46000] [receive] via NET/IB/1
x3208c0s7b0n0:64726:64756 [1] NCCL INFO Channel 01/0 : 41[46000] -> 49[46000] [receive] via NET/IB/1
x3004c0s19b1n0:18140:18176 [3] NCCL INFO Channel 02/0 : 63[c7000] -> 31[c7000] [send] via NET/IB/0
x3103c0s25b0n0:38467:38497 [3] NCCL INFO Channel 01/0 : 3[c7000] -> 35[c7000] [send] via NET/IB/0
x3004c0s19b1n0:18137:18174 [1] NCCL INFO Channel 02/0 : 61[46000] -> 29[46000] [send] via NET/IB/1
x3208c0s37b0n0:2307:2333 [3] NCCL INFO Channel 01/0 : 51[c7000] -> 43[c7000] [receive] via NET/IB/0
x3208c0s7b1n0:62995:63022 [3] NCCL INFO Channel 03/0 : 47[c7000] -> 55[c7000] [receive] via NET/IB/0
x3208c0s19b0n0:15358:15392 [1] NCCL INFO Channel 03/0 : 5[46000] -> 13[46000] [receive] via NET/IB/1
x3207c0s7b1n0:50537:50568 [3] NCCL INFO Channel 02/0 : 7[c7000] -> 15[c7000] [send] via NET/IB/0
x3208c0s19b0n0:15361:15394 [3] NCCL INFO Channel 02/0 : 15[c7000] -> 23[c7000] [send] via NET/IB/0
x3207c0s7b1n0:50535:50567 [1] NCCL INFO Channel 02/0 : 5[46000] -> 13[46000] [send] via NET/IB/1
x3207c0s7b1n0:50537:50568 [3] NCCL INFO Channel 03/0 : 7[c7000] -> 15[c7000] [send] via NET/IB/0
x3103c0s25b0n0:38465:38503 [1] NCCL INFO Channel 00/0 : 1[46000] -> 33[46000] [send] via NET/IB/1
x3208c0s7b1n0:62992:63027 [1] NCCL INFO Channel 03/0 : 45[46000] -> 53[46000] [receive] via NET/IB/1
x3208c0s7b0n0:64726:64756 [1] NCCL INFO Channel 00/0 : 49[46000] -> 57[46000] [send] via NET/IB/1
x3208c0s19b0n0:15358:15392 [1] NCCL INFO Channel 02/0 : 13[46000] -> 21[46000] [send] via NET/IB/1
x3208c0s19b0n0:15361:15394 [3] NCCL INFO Channel 03/0 : 15[c7000] -> 23[c7000] [send] via NET/IB/0
x3208c0s13b1n0:22923:22953 [3] NCCL INFO Channel 00/0 : 11[c7000] -> 19[c7000] [send] via NET/IB/0
x3207c0s7b1n0:50535:50567 [1] NCCL INFO Channel 03/0 : 5[46000] -> 13[46000] [send] via NET/IB/1
x3004c0s19b0n0:47271:47304 [3] NCCL INFO Channel 00/0 : 51[c7000] -> 59[c7000] [receive] via NET/IB/0
x3004c0s19b1n0:18137:18174 [1] NCCL INFO Channel 03/0 : 61[46000] -> 29[46000] [send] via NET/IB/1
x3004c0s19b1n0:18140:18176 [3] NCCL INFO Channel 03/0 : 63[c7000] -> 31[c7000] [send] via NET/IB/0
x3103c0s25b0n0:38465:38503 [1] NCCL INFO Channel 01/0 : 1[46000] -> 33[46000] [send] via NET/IB/1
x3208c0s7b0n0:64726:64756 [1] NCCL INFO Channel 01/0 : 49[46000] -> 57[46000] [send] via NET/IB/1
x3208c0s13b1n0:22919:22957 [1] NCCL INFO Channel 00/0 : 9[46000] -> 17[46000] [send] via NET/IB/1
x3208c0s13b1n0:22923:22953 [3] NCCL INFO Channel 01/0 : 11[c7000] -> 19[c7000] [send] via NET/IB/0
x3208c0s13b1n0:22919:22957 [1] NCCL INFO Channel 01/0 : 9[46000] -> 17[46000] [send] via NET/IB/1
x3004c0s19b0n0:47271:47304 [3] NCCL INFO Channel 01/0 : 51[c7000] -> 59[c7000] [receive] via NET/IB/0
x3208c0s19b0n0:15358:15392 [1] NCCL INFO Channel 03/0 : 13[46000] -> 21[46000] [send] via NET/IB/1
x3004c0s19b0n0:47268:47301 [1] NCCL INFO Channel 00/0 : 49[46000] -> 57[46000] [receive] via NET/IB/1
x3208c0s7b1n0:62995:63022 [3] NCCL INFO Channel 02/0 : 55[c7000] -> 47[c7000] [send] via NET/IB/0
x3208c0s1b0n0:46577:46605 [3] NCCL INFO Channel 02/0 : 23[c7000] -> 15[c7000] [send] via NET/IB/0
x3004c0s19b0n0:47268:47301 [1] NCCL INFO Channel 01/0 : 49[46000] -> 57[46000] [receive] via NET/IB/1
x3208c0s7b1n0:62995:63022 [3] NCCL INFO Channel 03/0 : 55[c7000] -> 47[c7000] [send] via NET/IB/0
x3207c0s7b1n0:50537:50568 [3] NCCL INFO Channel 02/0 : 15[c7000] -> 7[c7000] [receive] via NET/IB/0
x3208c0s1b0n0:46575:46610 [1] NCCL INFO Channel 02/0 : 21[46000] -> 13[46000] [send] via NET/IB/1
x3208c0s37b0n0:2305:2337 [1] NCCL INFO Channel 00/0 : 49[46000] -> 41[46000] [receive] via NET/IB/1
x3208c0s7b1n0:62992:63027 [1] NCCL INFO Channel 02/0 : 53[46000] -> 45[46000] [send] via NET/IB/1
x3207c0s7b1n0:50535:50567 [1] NCCL INFO Channel 02/0 : 13[46000] -> 5[46000] [receive] via NET/IB/1
x3207c0s7b1n0:50537:50568 [3] NCCL INFO Channel 03/0 : 15[c7000] -> 7[c7000] [receive] via NET/IB/0
x3208c0s1b1n0:28311:28343 [3] NCCL INFO Channel 00/0 : 27[c7000] -> 19[c7000] [send] via NET/IB/0
x3208c0s13b1n0:22923:22953 [3] NCCL INFO Channel 00/0 : 19[c7000] -> 11[c7000] [receive] via NET/IB/0
x3208c0s37b1n0:38592:38625 [3] NCCL INFO Channel 02/0 : 31[c7000] -> 47[c7000] [receive] via NET/IB/0
x3208c0s1b0n0:46577:46605 [3] NCCL INFO Channel 03/0 : 23[c7000] -> 15[c7000] [send] via NET/IB/0
x3004c0s19b0n0:47271:47304 [3] NCCL INFO Channel 00/0 : 59[c7000] -> 51[c7000] [send] via NET/IB/0
x3208c0s1b1n0:28309:28336 [1] NCCL INFO Channel 00/0 : 25[46000] -> 17[46000] [send] via NET/IB/1
x3004c0s19b0n0:47271:47304 [3] NCCL INFO Channel 01/0 : 59[c7000] -> 51[c7000] [send] via NET/IB/0
x3208c0s1b0n0:46575:46610 [1] NCCL INFO Channel 03/0 : 21[46000] -> 13[46000] [send] via NET/IB/1
x3208c0s13b1n0:22919:22957 [1] NCCL INFO Channel 00/0 : 17[46000] -> 9[46000] [receive] via NET/IB/1
x3208c0s1b1n0:28311:28343 [3] NCCL INFO Channel 01/0 : 27[c7000] -> 19[c7000] [send] via NET/IB/0
x3208c0s7b1n0:62992:63027 [1] NCCL INFO Channel 03/0 : 53[46000] -> 45[46000] [send] via NET/IB/1
x3207c0s7b1n0:50535:50567 [1] NCCL INFO Channel 03/0 : 13[46000] -> 5[46000] [receive] via NET/IB/1
x3208c0s19b0n0:15361:15394 [3] NCCL INFO Channel 02/0 : 15[c7000] -> 31[c7000] [send] via NET/IB/0
x3208c0s37b1n0:38588:38620 [1] NCCL INFO Channel 02/0 : 29[46000] -> 45[46000] [receive] via NET/IB/1
x3208c0s1b1n0:28309:28336 [1] NCCL INFO Channel 01/0 : 25[46000] -> 17[46000] [send] via NET/IB/1
x3208c0s13b1n0:22923:22953 [3] NCCL INFO Channel 01/0 : 19[c7000] -> 11[c7000] [receive] via NET/IB/0
x3208c0s37b0n0:2305:2337 [1] NCCL INFO Channel 01/0 : 49[46000] -> 41[46000] [receive] via NET/IB/1
x3208c0s19b1n0:37700:37725 [3] NCCL INFO Channel 00/0 : 19[c7000] -> 35[c7000] [send] via NET/IB/0
x3208c0s13b1n0:22919:22957 [1] NCCL INFO Channel 01/0 : 17[46000] -> 9[46000] [receive] via NET/IB/1
x3208c0s37b1n0:38592:38625 [3] NCCL INFO Channel 03/0 : 31[c7000] -> 47[c7000] [receive] via NET/IB/0
x3208c0s19b0n0:15361:15394 [3] NCCL INFO Channel 03/0 : 15[c7000] -> 31[c7000] [send] via NET/IB/0
x3208c0s19b1n0:37700:37725 [3] NCCL INFO Channel 01/0 : 19[c7000] -> 35[c7000] [send] via NET/IB/0
x3208c0s19b0n0:15358:15392 [1] NCCL INFO Channel 02/0 : 13[46000] -> 29[46000] [send] via NET/IB/1
x3208c0s37b1n0:38588:38620 [1] NCCL INFO Channel 03/0 : 29[46000] -> 45[46000] [receive] via NET/IB/1
x3208c0s19b1n0:37698:37730 [1] NCCL INFO Channel 00/0 : 17[46000] -> 33[46000] [send] via NET/IB/1
x3208c0s7b0n0:64728:64761 [3] NCCL INFO Channel 00/0 : 35[c7000] -> 51[c7000] [receive] via NET/IB/0
x3208c0s19b0n0:15358:15392 [1] NCCL INFO Channel 03/0 : 13[46000] -> 29[46000] [send] via NET/IB/1
x3004c0s19b0n0:47268:47301 [1] NCCL INFO Channel 00/0 : 57[46000] -> 49[46000] [send] via NET/IB/1
x3208c0s19b1n0:37698:37730 [1] NCCL INFO Channel 01/0 : 17[46000] -> 33[46000] [send] via NET/IB/1
x3208c0s7b0n0:64728:64761 [3] NCCL INFO Channel 01/0 : 35[c7000] -> 51[c7000] [receive] via NET/IB/0
x3004c0s19b0n0:47268:47301 [1] NCCL INFO Channel 01/0 : 57[46000] -> 49[46000] [send] via NET/IB/1
x3208c0s7b0n0:64726:64756 [1] NCCL INFO Channel 00/0 : 33[46000] -> 49[46000] [receive] via NET/IB/1
x3208c0s7b0n0:64726:64756 [1] NCCL INFO Channel 01/0 : 33[46000] -> 49[46000] [receive] via NET/IB/1
x3208c0s19b0n0:15361:15394 [3] NCCL INFO Channel 02/0 : 31[c7000] -> 15[c7000] [receive] via NET/IB/0
x3208c0s19b1n0:37700:37725 [3] NCCL INFO Channel 00/0 : 35[c7000] -> 19[c7000] [receive] via NET/IB/0
x3208c0s37b1n0:38592:38625 [3] NCCL INFO Channel 02/0 : 47[c7000] -> 31[c7000] [send] via NET/IB/0
x3208c0s37b1n0:38588:38620 [1] NCCL INFO Channel 02/0 : 45[46000] -> 29[46000] [send] via NET/IB/1
x3208c0s19b0n0:15361:15394 [3] NCCL INFO Channel 03/0 : 31[c7000] -> 15[c7000] [receive] via NET/IB/0
x3208c0s19b0n0:15358:15392 [1] NCCL INFO Channel 02/0 : 29[46000] -> 13[46000] [receive] via NET/IB/1
x3208c0s37b1n0:38588:38620 [1] NCCL INFO Channel 03/0 : 45[46000] -> 29[46000] [send] via NET/IB/1
x3208c0s25b0n0:50113:50141 [3] NCCL INFO Channel 02/0 : 63[c7000] -> 31[c7000] [receive] via NET/IB/0
x3208c0s37b1n0:38592:38625 [3] NCCL INFO Channel 03/0 : 47[c7000] -> 31[c7000] [send] via NET/IB/0
x3208c0s19b1n0:37698:37730 [1] NCCL INFO Channel 00/0 : 33[46000] -> 17[46000] [receive] via NET/IB/1
x3208c0s19b0n0:15358:15392 [1] NCCL INFO Channel 03/0 : 29[46000] -> 13[46000] [receive] via NET/IB/1
x3208c0s25b0n0:50113:50141 [3] NCCL INFO Channel 03/0 : 63[c7000] -> 31[c7000] [receive] via NET/IB/0
x3208c0s19b1n0:37700:37725 [3] NCCL INFO Channel 01/0 : 35[c7000] -> 19[c7000] [receive] via NET/IB/0
x3208c0s7b0n0:64728:64761 [3] NCCL INFO Channel 00/0 : 51[c7000] -> 35[c7000] [send] via NET/IB/0
x3208c0s25b0n0:50111:50148 [1] NCCL INFO Channel 02/0 : 61[46000] -> 29[46000] [receive] via NET/IB/1
x3208c0s19b1n0:37698:37730 [1] NCCL INFO Channel 01/0 : 33[46000] -> 17[46000] [receive] via NET/IB/1
x3208c0s7b0n0:64728:64761 [3] NCCL INFO Channel 01/0 : 51[c7000] -> 35[c7000] [send] via NET/IB/0
x3208c0s25b0n0:50111:50148 [1] NCCL INFO Channel 03/0 : 61[46000] -> 29[46000] [receive] via NET/IB/1
x3208c0s25b0n0:50113:50141 [3] NCCL INFO Channel 02/0 : 31[c7000] -> 63[c7000] [send] via NET/IB/0
x3208c0s7b0n0:64726:64756 [1] NCCL INFO Channel 00/0 : 49[46000] -> 33[46000] [send] via NET/IB/1
x3208c0s7b0n0:64726:64756 [1] NCCL INFO Channel 01/0 : 49[46000] -> 33[46000] [send] via NET/IB/1
x3208c0s25b0n0:50113:50141 [3] NCCL INFO Channel 03/0 : 31[c7000] -> 63[c7000] [send] via NET/IB/0
x3208c0s25b1n0:48839:48871 [3] NCCL INFO Channel 00/0 : 3[c7000] -> 35[c7000] [receive] via NET/IB/0
x3208c0s25b0n0:50111:50148 [1] NCCL INFO Channel 02/0 : 29[46000] -> 61[46000] [send] via NET/IB/1
x3208c0s25b0n0:50111:50148 [1] NCCL INFO Channel 03/0 : 29[46000] -> 61[46000] [send] via NET/IB/1
x3208c0s25b1n0:48837:48876 [1] NCCL INFO Channel 00/0 : 1[46000] -> 33[46000] [receive] via NET/IB/1
x3208c0s25b1n0:48839:48871 [3] NCCL INFO Channel 01/0 : 3[c7000] -> 35[c7000] [receive] via NET/IB/0
x3208c0s25b1n0:48837:48876 [1] NCCL INFO Channel 01/0 : 1[46000] -> 33[46000] [receive] via NET/IB/1
x3208c0s25b1n0:48839:48871 [3] NCCL INFO Channel 00/0 : 35[c7000] -> 3[c7000] [send] via NET/IB/0
x3208c0s25b1n0:48839:48871 [3] NCCL INFO Channel 01/0 : 35[c7000] -> 3[c7000] [send] via NET/IB/0
x3208c0s25b1n0:48837:48876 [1] NCCL INFO Channel 00/0 : 33[46000] -> 1[46000] [send] via NET/IB/1
x3208c0s25b1n0:48837:48876 [1] NCCL INFO Channel 01/0 : 33[46000] -> 1[46000] [send] via NET/IB/1
x3004c0s19b1n0:18140:18176 [3] NCCL INFO Channel 00/0 : 63[c7000] -> 59[c7000] [send] via NET/IB/0
x3004c0s19b1n0:18140:18176 [3] NCCL INFO Channel 01/0 : 63[c7000] -> 59[c7000] [send] via NET/IB/0
x3208c0s25b0n0:50113:50141 [3] NCCL INFO Channel 02/0 : 47[c7000] -> 31[c7000] [receive] via NET/IB/0
x3208c0s25b0n0:50113:50141 [3] NCCL INFO Channel 03/0 : 47[c7000] -> 31[c7000] [receive] via NET/IB/0
x3004c0s19b1n0:18137:18174 [1] NCCL INFO Channel 00/0 : 61[46000] -> 57[46000] [send] via NET/IB/1
x3208c0s25b0n0:50111:50148 [1] NCCL INFO Channel 02/0 : 45[46000] -> 29[46000] [receive] via NET/IB/1
x3004c0s19b1n0:18137:18174 [1] NCCL INFO Channel 01/0 : 61[46000] -> 57[46000] [send] via NET/IB/1
x3208c0s25b0n0:50111:50148 [1] NCCL INFO Channel 03/0 : 45[46000] -> 29[46000] [receive] via NET/IB/1
x3208c0s25b0n0:50113:50141 [3] NCCL INFO Channel 02/0 : 31[c7000] -> 15[c7000] [send] via NET/IB/0
x3208c0s25b0n0:50113:50141 [3] NCCL INFO Channel 03/0 : 31[c7000] -> 15[c7000] [send] via NET/IB/0
x3208c0s25b1n0:48839:48871 [3] NCCL INFO Channel 00/0 : 51[c7000] -> 35[c7000] [receive] via NET/IB/0
x3208c0s25b0n0:50111:50148 [1] NCCL INFO Channel 02/0 : 29[46000] -> 13[46000] [send] via NET/IB/1
x3103c0s25b0n0:38467:38497 [3] NCCL INFO Channel 02/0 : 7[c7000] -> 3[c7000] [receive] via NET/IB/0
x3208c0s25b1n0:48839:48871 [3] NCCL INFO Channel 01/0 : 51[c7000] -> 35[c7000] [receive] via NET/IB/0
x3208c0s25b0n0:50111:50148 [1] NCCL INFO Channel 03/0 : 29[46000] -> 13[46000] [send] via NET/IB/1
