#  Rank 17 Group  0 Pid  60929 on x3016c0s13b1n0 device  1 [0x46] NVIDIA A100-SXM4-40GB
#  Rank 18 Group  0 Pid  60931 on x3016c0s13b1n0 device  2 [0x85] NVIDIA A100-SXM4-40GB
#  Rank 19 Group  0 Pid  60932 on x3016c0s13b1n0 device  3 [0xc7] NVIDIA A100-SXM4-40GB
#  Rank 20 Group  0 Pid  60121 on x3016c0s19b0n0 device  0 [0x07] NVIDIA A100-SXM4-40GB
#  Rank 21 Group  0 Pid  60122 on x3016c0s19b0n0 device  1 [0x46] NVIDIA A100-SXM4-40GB
#  Rank 22 Group  0 Pid  60123 on x3016c0s19b0n0 device  2 [0x85] NVIDIA A100-SXM4-40GB
#  Rank 23 Group  0 Pid  60124 on x3016c0s19b0n0 device  3 [0xc7] NVIDIA A100-SXM4-40GB
#  Rank 24 Group  0 Pid  40631 on x3016c0s19b1n0 device  0 [0x07] NVIDIA A100-SXM4-40GB
#  Rank 25 Group  0 Pid  40632 on x3016c0s19b1n0 device  1 [0x46] NVIDIA A100-SXM4-40GB
#  Rank 26 Group  0 Pid  40633 on x3016c0s19b1n0 device  2 [0x85] NVIDIA A100-SXM4-40GB
#  Rank 27 Group  0 Pid  40634 on x3016c0s19b1n0 device  3 [0xc7] NVIDIA A100-SXM4-40GB
#  Rank 28 Group  0 Pid  28568 on x3016c0s1b0n0 device  0 [0x07] NVIDIA A100-SXM4-40GB
#  Rank 29 Group  0 Pid  28569 on x3016c0s1b0n0 device  1 [0x46] NVIDIA A100-SXM4-40GB
#  Rank 30 Group  0 Pid  28570 on x3016c0s1b0n0 device  2 [0x85] NVIDIA A100-SXM4-40GB
#  Rank 31 Group  0 Pid  28571 on x3016c0s1b0n0 device  3 [0xc7] NVIDIA A100-SXM4-40GB
#  Rank 32 Group  0 Pid  20989 on x3016c0s1b1n0 device  0 [0x07] NVIDIA A100-SXM4-40GB
#  Rank 33 Group  0 Pid  20990 on x3016c0s1b1n0 device  1 [0x46] NVIDIA A100-SXM4-40GB
#  Rank 34 Group  0 Pid  20991 on x3016c0s1b1n0 device  2 [0x85] NVIDIA A100-SXM4-40GB
#  Rank 35 Group  0 Pid  20992 on x3016c0s1b1n0 device  3 [0xc7] NVIDIA A100-SXM4-40GB
#  Rank 36 Group  0 Pid  32050 on x3016c0s25b0n0 device  0 [0x07] NVIDIA A100-SXM4-40GB
#  Rank 37 Group  0 Pid  32051 on x3016c0s25b0n0 device  1 [0x46] NVIDIA A100-SXM4-40GB
#  Rank 38 Group  0 Pid  32052 on x3016c0s25b0n0 device  2 [0x85] NVIDIA A100-SXM4-40GB
#  Rank 39 Group  0 Pid  32053 on x3016c0s25b0n0 device  3 [0xc7] NVIDIA A100-SXM4-40GB
#  Rank 40 Group  0 Pid  31920 on x3016c0s25b1n0 device  0 [0x07] NVIDIA A100-SXM4-40GB
#  Rank 41 Group  0 Pid  31921 on x3016c0s25b1n0 device  1 [0x46] NVIDIA A100-SXM4-40GB
#  Rank 42 Group  0 Pid  31922 on x3016c0s25b1n0 device  2 [0x85] NVIDIA A100-SXM4-40GB
#  Rank 43 Group  0 Pid  31923 on x3016c0s25b1n0 device  3 [0xc7] NVIDIA A100-SXM4-40GB
#  Rank 44 Group  0 Pid  28260 on x3016c0s31b0n0 device  0 [0x07] NVIDIA A100-SXM4-40GB
#  Rank 45 Group  0 Pid  28261 on x3016c0s31b0n0 device  1 [0x46] NVIDIA A100-SXM4-40GB
#  Rank 46 Group  0 Pid  28262 on x3016c0s31b0n0 device  2 [0x85] NVIDIA A100-SXM4-40GB
#  Rank 47 Group  0 Pid  28263 on x3016c0s31b0n0 device  3 [0xc7] NVIDIA A100-SXM4-40GB
#  Rank 48 Group  0 Pid  21893 on x3016c0s31b1n0 device  0 [0x07] NVIDIA A100-SXM4-40GB
#  Rank 49 Group  0 Pid  21894 on x3016c0s31b1n0 device  1 [0x46] NVIDIA A100-SXM4-40GB
#  Rank 50 Group  0 Pid  21895 on x3016c0s31b1n0 device  2 [0x85] NVIDIA A100-SXM4-40GB
#  Rank 51 Group  0 Pid  21896 on x3016c0s31b1n0 device  3 [0xc7] NVIDIA A100-SXM4-40GB
#  Rank 52 Group  0 Pid  15188 on x3016c0s37b0n0 device  0 [0x07] NVIDIA A100-SXM4-40GB
#  Rank 53 Group  0 Pid  15189 on x3016c0s37b0n0 device  1 [0x46] NVIDIA A100-SXM4-40GB
#  Rank 54 Group  0 Pid  15190 on x3016c0s37b0n0 device  2 [0x85] NVIDIA A100-SXM4-40GB
#  Rank 55 Group  0 Pid  15191 on x3016c0s37b0n0 device  3 [0xc7] NVIDIA A100-SXM4-40GB
#  Rank 56 Group  0 Pid  58759 on x3016c0s37b1n0 device  0 [0x07] NVIDIA A100-SXM4-40GB
#  Rank 57 Group  0 Pid  58760 on x3016c0s37b1n0 device  1 [0x46] NVIDIA A100-SXM4-40GB
#  Rank 58 Group  0 Pid  58761 on x3016c0s37b1n0 device  2 [0x85] NVIDIA A100-SXM4-40GB
#  Rank 59 Group  0 Pid  58762 on x3016c0s37b1n0 device  3 [0xc7] NVIDIA A100-SXM4-40GB
#  Rank 60 Group  0 Pid  24245 on x3016c0s7b0n0 device  0 [0x07] NVIDIA A100-SXM4-40GB
#  Rank 61 Group  0 Pid  24246 on x3016c0s7b0n0 device  1 [0x46] NVIDIA A100-SXM4-40GB
#  Rank 62 Group  0 Pid  24247 on x3016c0s7b0n0 device  2 [0x85] NVIDIA A100-SXM4-40GB
#  Rank 63 Group  0 Pid  24248 on x3016c0s7b0n0 device  3 [0xc7] NVIDIA A100-SXM4-40GB
x3015c0s37b1n0:24672:24672 [0] NCCL INFO Bootstrap : Using bond0:10.140.58.40<0>
x3015c0s37b1n0:24672:24672 [0] NCCL INFO NET/Plugin : Plugin load returned 17 : libnccl-net.so: cannot open shared object file: No such file or directory.
x3015c0s37b1n0:24672:24672 [0] NCCL INFO NET/IB : Using [0]mlx5_0:1/RoCE [1]mlx5_1:1/RoCE [RO]; OOB bond0:10.140.58.40<0>
x3015c0s37b1n0:24672:24672 [0] NCCL INFO Using network IB
NCCL version 2.12.12.MSCCL.0.7.4+cuda11.4
x3015c0s37b1n0:24674:24674 [2] NCCL INFO Bootstrap : Using bond0:10.140.58.40<0>
x3015c0s37b1n0:24674:24674 [2] NCCL INFO NET/Plugin : No plugin found (libnccl-net.so), using internal implementation
x3015c0s37b1n0:24675:24675 [3] NCCL INFO Bootstrap : Using bond0:10.140.58.40<0>
x3015c0s37b1n0:24675:24675 [3] NCCL INFO NET/Plugin : No plugin found (libnccl-net.so), using internal implementation
x3015c0s37b1n0:24673:24673 [1] NCCL INFO Bootstrap : Using bond0:10.140.58.40<0>
x3015c0s37b1n0:24673:24673 [1] NCCL INFO NET/Plugin : No plugin found (libnccl-net.so), using internal implementation
x3015c0s37b1n0:24675:24675 [3] NCCL INFO NET/IB : Using [0]mlx5_0:1/RoCE [1]mlx5_1:1/RoCE [RO]; OOB bond0:10.140.58.40<0>
x3015c0s37b1n0:24675:24675 [3] NCCL INFO Using network IB
x3015c0s37b1n0:24673:24673 [1] NCCL INFO NET/IB : Using [0]mlx5_0:1/RoCE [1]mlx5_1:1/RoCE [RO]; OOB bond0:10.140.58.40<0>
x3015c0s37b1n0:24673:24673 [1] NCCL INFO Using network IB
x3015c0s37b1n0:24674:24674 [2] NCCL INFO NET/IB : Using [0]mlx5_0:1/RoCE [1]mlx5_1:1/RoCE [RO]; OOB bond0:10.140.58.40<0>
x3015c0s37b1n0:24674:24674 [2] NCCL INFO Using network IB
x3016c0s7b0n0:24246:24246 [1] NCCL INFO Bootstrap : Using bond0:10.140.58.54<0>
x3016c0s7b0n0:24246:24246 [1] NCCL INFO NET/Plugin : No plugin found (libnccl-net.so), using internal implementation
x3016c0s31b1n0:21895:21895 [2] NCCL INFO Bootstrap : Using bond0:10.140.58.65<0>
x3016c0s31b1n0:21895:21895 [2] NCCL INFO NET/Plugin : No plugin found (libnccl-net.so), using internal implementation
x3016c0s7b0n0:24246:24246 [1] NCCL INFO NET/IB : Using [0]mlx5_0:1/RoCE [1]mlx5_1:1/RoCE [RO]; OOB bond0:10.140.58.54<0>
x3016c0s7b0n0:24246:24246 [1] NCCL INFO Using network IB
x3016c0s31b1n0:21895:21895 [2] NCCL INFO NET/IB : Using [0]mlx5_0:1/RoCE [1]mlx5_1:1/RoCE [RO]; OOB bond0:10.140.58.65<0>
x3016c0s31b1n0:21895:21895 [2] NCCL INFO Using network IB
x3016c0s19b1n0:40634:40634 [3] NCCL INFO Bootstrap : Using bond0:10.140.58.60<0>
x3016c0s19b1n0:40634:40634 [3] NCCL INFO NET/Plugin : No plugin found (libnccl-net.so), using internal implementation
x3016c0s25b1n0:31921:31921 [1] NCCL INFO Bootstrap : Using bond0:10.140.58.62<0>
x3016c0s25b1n0:31921:31921 [1] NCCL INFO NET/Plugin : No plugin found (libnccl-net.so), using internal implementation
x3016c0s1b0n0:28570:28570 [2] NCCL INFO Bootstrap : Using bond0:10.140.58.38<0>
x3016c0s1b0n0:28570:28570 [2] NCCL INFO NET/Plugin : No plugin found (libnccl-net.so), using internal implementation
x3016c0s19b1n0:40634:40634 [3] NCCL INFO NET/IB : Using [0]mlx5_0:1/RoCE [1]mlx5_1:1/RoCE [RO]; OOB bond0:10.140.58.60<0>
x3016c0s19b1n0:40634:40634 [3] NCCL INFO Using network IB
x3016c0s37b0n0:15190:15190 [2] NCCL INFO Bootstrap : Using bond0:10.140.58.64<0>
x3016c0s25b1n0:31921:31921 [1] NCCL INFO NET/IB : Using [0]mlx5_0:1/RoCE [1]mlx5_1:1/RoCE [RO]; OOB bond0:10.140.58.62<0>
x3016c0s25b1n0:31921:31921 [1] NCCL INFO Using network IB
x3016c0s37b0n0:15190:15190 [2] NCCL INFO NET/Plugin : No plugin found (libnccl-net.so), using internal implementation
x3016c0s1b0n0:28570:28570 [2] NCCL INFO NET/IB : Using [0]mlx5_0:1/RoCE [1]mlx5_1:1/RoCE [RO]; OOB bond0:10.140.58.38<0>
x3016c0s1b0n0:28570:28570 [2] NCCL INFO Using network IB
x3016c0s1b0n0:28571:28571 [3] NCCL INFO Bootstrap : Using bond0:10.140.58.38<0>
x3016c0s1b0n0:28571:28571 [3] NCCL INFO NET/Plugin : No plugin found (libnccl-net.so), using internal implementation
x3016c0s1b0n0:28569:28569 [1] NCCL INFO Bootstrap : Using bond0:10.140.58.38<0>
x3016c0s1b0n0:28569:28569 [1] NCCL INFO NET/Plugin : No plugin found (libnccl-net.so), using internal implementation
x3016c0s1b0n0:28568:28568 [0] NCCL INFO Bootstrap : Using bond0:10.140.58.38<0>
x3016c0s1b0n0:28568:28568 [0] NCCL INFO NET/Plugin : No plugin found (libnccl-net.so), using internal implementation
x3016c0s1b0n0:28571:28571 [3] NCCL INFO NET/IB : Using [0]mlx5_0:1/RoCE [1]mlx5_1:1/RoCE [RO]; OOB bond0:10.140.58.38<0>
x3016c0s1b0n0:28571:28571 [3] NCCL INFO Using network IB
x3016c0s1b0n0:28569:28569 [1] NCCL INFO NET/IB : Using [0]mlx5_0:1/RoCE [1]mlx5_1:1/RoCE [RO]; OOB bond0:10.140.58.38<0>
x3016c0s1b0n0:28569:28569 [1] NCCL INFO Using network IB
x3015c0s7b1n0:23471:23471 [2] NCCL INFO Bootstrap : Using bond0:10.140.58.26<0>
x3015c0s7b1n0:23471:23471 [2] NCCL INFO NET/Plugin : No plugin found (libnccl-net.so), using internal implementation
x3016c0s31b1n0:21896:21896 [3] NCCL INFO Bootstrap : Using bond0:10.140.58.65<0>
x3016c0s37b0n0:15190:15190 [2] NCCL INFO NET/IB : Using [0]mlx5_0:1/RoCE [1]mlx5_1:1/RoCE [RO]; OOB bond0:10.140.58.64<0>
x3016c0s37b0n0:15190:15190 [2] NCCL INFO Using network IB
x3016c0s31b1n0:21896:21896 [3] NCCL INFO NET/Plugin : No plugin found (libnccl-net.so), using internal implementation
x3016c0s1b0n0:28568:28568 [0] NCCL INFO NET/IB : Using [0]mlx5_0:1/RoCE [1]mlx5_1:1/RoCE [RO]; OOB bond0:10.140.58.38<0>
x3016c0s1b0n0:28568:28568 [0] NCCL INFO Using network IB
x3015c0s7b1n0:23469:23469 [1] NCCL INFO Bootstrap : Using bond0:10.140.58.26<0>
x3015c0s7b1n0:23469:23469 [1] NCCL INFO NET/Plugin : No plugin found (libnccl-net.so), using internal implementation
x3016c0s31b1n0:21893:21893 [0] NCCL INFO Bootstrap : Using bond0:10.140.58.65<0>
x3016c0s31b1n0:21894:21894 [1] NCCL INFO Bootstrap : Using bond0:10.140.58.65<0>
x3016c0s31b1n0:21894:21894 [1] NCCL INFO NET/Plugin : No plugin found (libnccl-net.so), using internal implementation
x3016c0s31b1n0:21893:21893 [0] NCCL INFO NET/Plugin : No plugin found (libnccl-net.so), using internal implementation
x3016c0s19b0n0:60123:60123 [2] NCCL INFO Bootstrap : Using bond0:10.140.58.59<0>
x3016c0s19b0n0:60123:60123 [2] NCCL INFO NET/Plugin : No plugin found (libnccl-net.so), using internal implementation
x3015c0s7b1n0:23472:23472 [3] NCCL INFO Bootstrap : Using bond0:10.140.58.26<0>
x3015c0s7b1n0:23472:23472 [3] NCCL INFO NET/Plugin : No plugin found (libnccl-net.so), using internal implementation
x3016c0s1b1n0:20992:20992 [3] NCCL INFO Bootstrap : Using bond0:10.140.58.53<0>
x3016c0s25b0n0:32051:32051 [1] NCCL INFO Bootstrap : Using bond0:10.140.58.61<0>
x3016c0s1b1n0:20992:20992 [3] NCCL INFO NET/Plugin : No plugin found (libnccl-net.so), using internal implementation
x3016c0s13b1n0:60927:60927 [0] NCCL INFO Bootstrap : Using bond0:10.140.58.48<0>
x3016c0s19b0n0:60124:60124 [3] NCCL INFO Bootstrap : Using bond0:10.140.58.59<0>
x3016c0s25b0n0:32051:32051 [1] NCCL INFO NET/Plugin : No plugin found (libnccl-net.so), using internal implementation
x3016c0s19b0n0:60124:60124 [3] NCCL INFO NET/Plugin : No plugin found (libnccl-net.so), using internal implementation
x3016c0s13b1n0:60927:60927 [0] NCCL INFO NET/Plugin : No plugin found (libnccl-net.so), using internal implementation
x3016c0s19b0n0:60121:60121 [0] NCCL INFO Bootstrap : Using bond0:10.140.58.59<0>
x3016c0s19b0n0:60121:60121 [0] NCCL INFO NET/Plugin : No plugin found (libnccl-net.so), using internal implementation
x3016c0s19b0n0:60122:60122 [1] NCCL INFO Bootstrap : Using bond0:10.140.58.59<0>
x3016c0s19b0n0:60122:60122 [1] NCCL INFO NET/Plugin : No plugin found (libnccl-net.so), using internal implementation
x3016c0s25b1n0:31922:31922 [2] NCCL INFO Bootstrap : Using bond0:10.140.58.62<0>
x3016c0s25b1n0:31922:31922 [2] NCCL INFO NET/Plugin : No plugin found (libnccl-net.so), using internal implementation
x3015c0s7b1n0:23466:23466 [0] NCCL INFO Bootstrap : Using bond0:10.140.58.26<0>
x3015c0s7b1n0:23466:23466 [0] NCCL INFO NET/Plugin : No plugin found (libnccl-net.so), using internal implementation
x3016c0s25b1n0:31923:31923 [3] NCCL INFO Bootstrap : Using bond0:10.140.58.62<0>
x3016c0s25b1n0:31923:31923 [3] NCCL INFO NET/Plugin : No plugin found (libnccl-net.so), using internal implementation
x3016c0s1b1n0:20991:20991 [2] NCCL INFO Bootstrap : Using bond0:10.140.58.53<0>
x3016c0s1b1n0:20991:20991 [2] NCCL INFO NET/Plugin : No plugin found (libnccl-net.so), using internal implementation
x3016c0s37b0n0:15189:15189 [1] NCCL INFO Bootstrap : Using bond0:10.140.58.64<0>
x3016c0s13b1n0:60931:60931 [2] NCCL INFO Bootstrap : Using bond0:10.140.58.48<0>
x3016c0s37b0n0:15189:15189 [1] NCCL INFO NET/Plugin : No plugin found (libnccl-net.so), using internal implementation
x3016c0s31b1n0:21894:21894 [1] NCCL INFO NET/IB : Using [0]mlx5_0:1/RoCE [1]mlx5_1:1/RoCE [RO]; OOB bond0:10.140.58.65<0>
x3016c0s31b1n0:21894:21894 [1] NCCL INFO Using network IB
x3016c0s13b1n0:60931:60931 [2] NCCL INFO NET/Plugin : No plugin found (libnccl-net.so), using internal implementation
x3016c0s31b1n0:21896:21896 [3] NCCL INFO NET/IB : Using [0]mlx5_0:1/RoCE [1]mlx5_1:1/RoCE [RO]; OOB bond0:10.140.58.65<0>
x3016c0s31b1n0:21896:21896 [3] NCCL INFO Using network IB
x3015c0s7b1n0:23471:23471 [2] NCCL INFO NET/IB : Using [0]mlx5_0:1/RoCE [1]mlx5_1:1/RoCE [RO]; OOB bond0:10.140.58.26<0>
x3015c0s7b1n0:23471:23471 [2] NCCL INFO Using network IB
x3015c0s7b1n0:23469:23469 [1] NCCL INFO NET/IB : Using [0]mlx5_0:1/RoCE [1]mlx5_1:1/RoCE [RO]; OOB bond0:10.140.58.26<0>
x3015c0s7b1n0:23469:23469 [1] NCCL INFO Using network IB
x3016c0s31b1n0:21893:21893 [0] NCCL INFO NET/IB : Using [0]mlx5_0:1/RoCE [1]mlx5_1:1/RoCE [RO]; OOB bond0:10.140.58.65<0>
x3016c0s31b1n0:21893:21893 [0] NCCL INFO Using network IB
x3016c0s25b1n0:31920:31920 [0] NCCL INFO Bootstrap : Using bond0:10.140.58.62<0>
x3016c0s25b1n0:31920:31920 [0] NCCL INFO NET/Plugin : No plugin found (libnccl-net.so), using internal implementation
x3016c0s7b0n0:24247:24247 [2] NCCL INFO Bootstrap : Using bond0:10.140.58.54<0>
x3015c0s7b1n0:23472:23472 [3] NCCL INFO NET/IB : Using [0]mlx5_0:1/RoCE [1]mlx5_1:1/RoCE [RO]; OOB bond0:10.140.58.26<0>
x3015c0s7b1n0:23472:23472 [3] NCCL INFO Using network IB
x3016c0s7b0n0:24248:24248 [3] NCCL INFO Bootstrap : Using bond0:10.140.58.54<0>
x3016c0s7b0n0:24248:24248 [3] NCCL INFO NET/Plugin : No plugin found (libnccl-net.so), using internal implementation
x3016c0s1b1n0:20990:20990 [1] NCCL INFO Bootstrap : Using bond0:10.140.58.53<0>
x3016c0s7b0n0:24247:24247 [2] NCCL INFO NET/Plugin : No plugin found (libnccl-net.so), using internal implementation
x3016c0s1b1n0:20989:20989 [0] NCCL INFO Bootstrap : Using bond0:10.140.58.53<0>
x3016c0s1b1n0:20989:20989 [0] NCCL INFO NET/Plugin : No plugin found (libnccl-net.so), using internal implementation
x3016c0s1b1n0:20990:20990 [1] NCCL INFO NET/Plugin : No plugin found (libnccl-net.so), using internal implementation
x3015c0s7b0n0:24457:24457 [1] NCCL INFO Bootstrap : Using bond0:10.140.58.24<0>
x3015c0s7b1n0:23466:23466 [0] NCCL INFO NET/IB : Using [0]mlx5_0:1/RoCE [1]mlx5_1:1/RoCE [RO]; OOB bond0:10.140.58.26<0>
x3015c0s7b1n0:23466:23466 [0] NCCL INFO Using network IB
x3016c0s25b0n0:32050:32050 [0] NCCL INFO Bootstrap : Using bond0:10.140.58.61<0>
x3016c0s25b0n0:32052:32052 [2] NCCL INFO Bootstrap : Using bond0:10.140.58.61<0>
x3016c0s25b0n0:32052:32052 [2] NCCL INFO NET/Plugin : No plugin found (libnccl-net.so), using internal implementation
x3015c0s7b0n0:24458:24458 [2] NCCL INFO Bootstrap : Using bond0:10.140.58.24<0>
x3015c0s7b0n0:24458:24458 [2] NCCL INFO NET/Plugin : No plugin found (libnccl-net.so), using internal implementation
x3016c0s25b0n0:32050:32050 [0] NCCL INFO NET/Plugin : No plugin found (libnccl-net.so), using internal implementation
x3016c0s19b0n0:60124:60124 [3] NCCL INFO NET/IB : Using [0]mlx5_0:1/RoCE [1]mlx5_1:1/RoCE [RO]; OOB bond0:10.140.58.59<0>
x3016c0s19b0n0:60124:60124 [3] NCCL INFO Using network IB
x3015c0s7b0n0:24459:24459 [3] NCCL INFO Bootstrap : Using bond0:10.140.58.24<0>
x3015c0s7b0n0:24459:24459 [3] NCCL INFO NET/Plugin : No plugin found (libnccl-net.so), using internal implementation
x3016c0s19b0n0:60123:60123 [2] NCCL INFO NET/IB : Using [0]mlx5_0:1/RoCE [1]mlx5_1:1/RoCE [RO]; OOB bond0:10.140.58.59<0>
x3016c0s19b0n0:60123:60123 [2] NCCL INFO Using network IB
x3016c0s25b0n0:32053:32053 [3] NCCL INFO Bootstrap : Using bond0:10.140.58.61<0>
x3016c0s25b0n0:32053:32053 [3] NCCL INFO NET/Plugin : No plugin found (libnccl-net.so), using internal implementation
x3016c0s19b1n0:40632:40632 [1] NCCL INFO Bootstrap : Using bond0:10.140.58.60<0>
x3016c0s19b1n0:40631:40631 [0] NCCL INFO Bootstrap : Using bond0:10.140.58.60<0>
x3016c0s19b1n0:40631:40631 [0] NCCL INFO NET/Plugin : No plugin found (libnccl-net.so), using internal implementation
x3015c0s7b0n0:24456:24456 [0] NCCL INFO Bootstrap : Using bond0:10.140.58.24<0>
x3015c0s7b0n0:24456:24456 [0] NCCL INFO NET/Plugin : No plugin found (libnccl-net.so), using internal implementation
x3016c0s19b0n0:60122:60122 [1] NCCL INFO NET/IB : Using [0]mlx5_0:1/RoCE [1]mlx5_1:1/RoCE [RO]; OOB bond0:10.140.58.59<0>
x3016c0s19b0n0:60122:60122 [1] NCCL INFO Using network IB
x3016c0s19b1n0:40632:40632 [1] NCCL INFO NET/Plugin : No plugin found (libnccl-net.so), using internal implementation
x3015c0s7b0n0:24457:24457 [1] NCCL INFO NET/Plugin : No plugin found (libnccl-net.so), using internal implementation
x3016c0s19b0n0:60121:60121 [0] NCCL INFO NET/IB : Using [0]mlx5_0:1/RoCE [1]mlx5_1:1/RoCE [RO]; OOB bond0:10.140.58.59<0>
x3016c0s19b0n0:60121:60121 [0] NCCL INFO Using network IB
x3016c0s1b1n0:20992:20992 [3] NCCL INFO NET/IB : Using [0]mlx5_0:1/RoCE [1]mlx5_1:1/RoCE [RO]; OOB bond0:10.140.58.53<0>
x3016c0s1b1n0:20992:20992 [3] NCCL INFO Using network IB
x3016c0s7b0n0:24245:24245 [0] NCCL INFO Bootstrap : Using bond0:10.140.58.54<0>
x3016c0s25b1n0:31922:31922 [2] NCCL INFO NET/IB : Using [0]mlx5_0:1/RoCE [1]mlx5_1:1/RoCE [RO]; OOB bond0:10.140.58.62<0>
x3016c0s25b1n0:31922:31922 [2] NCCL INFO Using network IB
x3016c0s7b0n0:24245:24245 [0] NCCL INFO NET/Plugin : No plugin found (libnccl-net.so), using internal implementation
x3016c0s13b0n0:65396:65396 [1] NCCL INFO Bootstrap : Using bond0:10.140.58.47<0>
x3016c0s25b1n0:31923:31923 [3] NCCL INFO NET/IB : Using [0]mlx5_0:1/RoCE [1]mlx5_1:1/RoCE [RO]; OOB bond0:10.140.58.62<0>
x3016c0s25b1n0:31923:31923 [3] NCCL INFO Using network IB
x3016c0s13b0n0:65396:65396 [1] NCCL INFO NET/Plugin : No plugin found (libnccl-net.so), using internal implementation
x3016c0s37b0n0:15191:15191 [3] NCCL INFO Bootstrap : Using bond0:10.140.58.64<0>
x3016c0s37b0n0:15191:15191 [3] NCCL INFO NET/Plugin : No plugin found (libnccl-net.so), using internal implementation
x3016c0s25b0n0:32051:32051 [1] NCCL INFO NET/IB : Using [0]mlx5_0:1/RoCE [1]mlx5_1:1/RoCE [RO]; OOB bond0:10.140.58.61<0>
x3016c0s25b0n0:32051:32051 [1] NCCL INFO Using network IB
x3016c0s13b0n0:65397:65397 [2] NCCL INFO Bootstrap : Using bond0:10.140.58.47<0>
x3016c0s13b1n0:60927:60927 [0] NCCL INFO NET/IB : Using [0]mlx5_0:1/RoCE [1]mlx5_1:1/RoCE [RO]; OOB bond0:10.140.58.48<0>
x3016c0s13b1n0:60927:60927 [0] NCCL INFO Using network IB
x3016c0s13b0n0:65397:65397 [2] NCCL INFO NET/Plugin : No plugin found (libnccl-net.so), using internal implementation
x3016c0s19b1n0:40633:40633 [2] NCCL INFO Bootstrap : Using bond0:10.140.58.60<0>
x3016c0s25b1n0:31920:31920 [0] NCCL INFO NET/IB : Using [0]mlx5_0:1/RoCE [1]mlx5_1:1/RoCE [RO]; OOB bond0:10.140.58.62<0>
x3016c0s25b1n0:31920:31920 [0] NCCL INFO Using network IB
x3016c0s13b1n0:60931:60931 [2] NCCL INFO NET/IB : Using [0]mlx5_0:1/RoCE [1]mlx5_1:1/RoCE [RO]; OOB bond0:10.140.58.48<0>
x3016c0s13b1n0:60931:60931 [2] NCCL INFO Using network IB
x3016c0s13b1n0:60929:60929 [1] NCCL INFO Bootstrap : Using bond0:10.140.58.48<0>
x3016c0s37b0n0:15188:15188 [0] NCCL INFO Bootstrap : Using bond0:10.140.58.64<0>
x3016c0s13b1n0:60929:60929 [1] NCCL INFO NET/Plugin : No plugin found (libnccl-net.so), using internal implementation
x3016c0s19b1n0:40633:40633 [2] NCCL INFO NET/Plugin : No plugin found (libnccl-net.so), using internal implementation
x3016c0s37b0n0:15188:15188 [0] NCCL INFO NET/Plugin : No plugin found (libnccl-net.so), using internal implementation
x3016c0s13b0n0:65395:65395 [0] NCCL INFO Bootstrap : Using bond0:10.140.58.47<0>
x3016c0s13b0n0:65398:65398 [3] NCCL INFO Bootstrap : Using bond0:10.140.58.47<0>
x3016c0s13b0n0:65398:65398 [3] NCCL INFO NET/Plugin : No plugin found (libnccl-net.so), using internal implementation
x3016c0s13b0n0:65395:65395 [0] NCCL INFO NET/Plugin : No plugin found (libnccl-net.so), using internal implementation
x3016c0s37b0n0:15189:15189 [1] NCCL INFO NET/IB : Using [0]mlx5_0:1/RoCE [1]mlx5_1:1/RoCE [RO]; OOB bond0:10.140.58.64<0>
x3016c0s37b0n0:15189:15189 [1] NCCL INFO Using network IB
x3016c0s1b1n0:20991:20991 [2] NCCL INFO NET/IB : Using [0]mlx5_0:1/RoCE [1]mlx5_1:1/RoCE [RO]; OOB bond0:10.140.58.53<0>
x3016c0s1b1n0:20991:20991 [2] NCCL INFO Using network IB
x3016c0s13b1n0:60932:60932 [3] NCCL INFO Bootstrap : Using bond0:10.140.58.48<0>
x3016c0s13b1n0:60932:60932 [3] NCCL INFO NET/Plugin : No plugin found (libnccl-net.so), using internal implementation
x3016c0s1b1n0:20990:20990 [1] NCCL INFO NET/IB : Using [0]mlx5_0:1/RoCE [1]mlx5_1:1/RoCE [RO]; OOB bond0:10.140.58.53<0>
x3016c0s1b1n0:20990:20990 [1] NCCL INFO Using network IB
x3016c0s1b1n0:20989:20989 [0] NCCL INFO NET/IB : Using [0]mlx5_0:1/RoCE [1]mlx5_1:1/RoCE [RO]; OOB bond0:10.140.58.53<0>
x3016c0s1b1n0:20989:20989 [0] NCCL INFO Using network IB
x3016c0s25b0n0:32050:32050 [0] NCCL INFO NET/IB : Using [0]mlx5_0:1/RoCE [1]mlx5_1:1/RoCE [RO]; OOB bond0:10.140.58.61<0>
x3016c0s25b0n0:32050:32050 [0] NCCL INFO Using network IB
x3016c0s25b0n0:32052:32052 [2] NCCL INFO NET/IB : Using [0]mlx5_0:1/RoCE [1]mlx5_1:1/RoCE [RO]; OOB bond0:10.140.58.61<0>
x3016c0s25b0n0:32052:32052 [2] NCCL INFO Using network IB
x3016c0s7b0n0:24245:24245 [0] NCCL INFO NET/IB : Using [0]mlx5_0:1/RoCE [1]mlx5_1:1/RoCE [RO]; OOB bond0:10.140.58.54<0>
x3016c0s7b0n0:24245:24245 [0] NCCL INFO Using network IB
x3016c0s25b0n0:32053:32053 [3] NCCL INFO NET/IB : Using [0]mlx5_0:1/RoCE [1]mlx5_1:1/RoCE [RO]; OOB bond0:10.140.58.61<0>
x3016c0s25b0n0:32053:32053 [3] NCCL INFO Using network IB
x3016c0s7b0n0:24247:24247 [2] NCCL INFO NET/IB : Using [0]mlx5_0:1/RoCE [1]mlx5_1:1/RoCE [RO]; OOB bond0:10.140.58.54<0>
x3016c0s7b0n0:24247:24247 [2] NCCL INFO Using network IB
x3016c0s7b0n0:24248:24248 [3] NCCL INFO NET/IB : Using [0]mlx5_0:1/RoCE [1]mlx5_1:1/RoCE [RO]; OOB bond0:10.140.58.54<0>
x3016c0s7b0n0:24248:24248 [3] NCCL INFO Using network IB
x3016c0s37b0n0:15191:15191 [3] NCCL INFO NET/IB : Using [0]mlx5_0:1/RoCE [1]mlx5_1:1/RoCE [RO]; OOB bond0:10.140.58.64<0>
x3016c0s37b0n0:15191:15191 [3] NCCL INFO Using network IB
x3016c0s37b0n0:15188:15188 [0] NCCL INFO NET/IB : Using [0]mlx5_0:1/RoCE [1]mlx5_1:1/RoCE [RO]; OOB bond0:10.140.58.64<0>
x3016c0s37b0n0:15188:15188 [0] NCCL INFO Using network IB
x3016c0s19b1n0:40631:40631 [0] NCCL INFO NET/IB : Using [0]mlx5_0:1/RoCE [1]mlx5_1:1/RoCE [RO]; OOB bond0:10.140.58.60<0>
x3016c0s19b1n0:40631:40631 [0] NCCL INFO Using network IB
x3016c0s19b1n0:40633:40633 [2] NCCL INFO NET/IB : Using [0]mlx5_0:1/RoCE [1]mlx5_1:1/RoCE [RO]; OOB bond0:10.140.58.60<0>
x3016c0s19b1n0:40633:40633 [2] NCCL INFO Using network IB
x3016c0s19b1n0:40632:40632 [1] NCCL INFO NET/IB : Using [0]mlx5_0:1/RoCE [1]mlx5_1:1/RoCE [RO]; OOB bond0:10.140.58.60<0>
x3016c0s19b1n0:40632:40632 [1] NCCL INFO Using network IB
x3016c0s13b0n0:65396:65396 [1] NCCL INFO NET/IB : Using [0]mlx5_0:1/RoCE [1]mlx5_1:1/RoCE [RO]; OOB bond0:10.140.58.47<0>
x3016c0s13b0n0:65396:65396 [1] NCCL INFO Using network IB
x3016c0s13b1n0:60929:60929 [1] NCCL INFO NET/IB : Using [0]mlx5_0:1/RoCE [1]mlx5_1:1/RoCE [RO]; OOB bond0:10.140.58.48<0>
x3016c0s13b1n0:60929:60929 [1] NCCL INFO Using network IB
x3016c0s13b0n0:65397:65397 [2] NCCL INFO NET/IB : Using [0]mlx5_0:1/RoCE [1]mlx5_1:1/RoCE [RO]; OOB bond0:10.140.58.47<0>
x3016c0s13b0n0:65397:65397 [2] NCCL INFO Using network IB
x3016c0s13b0n0:65395:65395 [0] NCCL INFO NET/IB : Using [0]mlx5_0:1/RoCE [1]mlx5_1:1/RoCE [RO]; OOB bond0:10.140.58.47<0>
x3016c0s13b0n0:65395:65395 [0] NCCL INFO Using network IB
x3016c0s13b0n0:65398:65398 [3] NCCL INFO NET/IB : Using [0]mlx5_0:1/RoCE [1]mlx5_1:1/RoCE [RO]; OOB bond0:10.140.58.47<0>
x3016c0s13b0n0:65398:65398 [3] NCCL INFO Using network IB
x3016c0s31b0n0:28261:28261 [1] NCCL INFO Bootstrap : Using bond0:10.140.58.63<0>
x3015c0s7b0n0:24456:24456 [0] NCCL INFO NET/IB : Using [0]mlx5_0:1/RoCE [1]mlx5_1:1/RoCE [RO]; OOB bond0:10.140.58.24<0>
x3015c0s7b0n0:24456:24456 [0] NCCL INFO Using network IB
x3016c0s31b0n0:28261:28261 [1] NCCL INFO NET/Plugin : No plugin found (libnccl-net.so), using internal implementation
x3015c0s7b0n0:24457:24457 [1] NCCL INFO NET/IB : Using [0]mlx5_0:1/RoCE [1]mlx5_1:1/RoCE [RO]; OOB bond0:10.140.58.24<0>
x3015c0s7b0n0:24457:24457 [1] NCCL INFO Using network IB
x3016c0s13b1n0:60932:60932 [3] NCCL INFO NET/IB : Using [0]mlx5_0:1/RoCE [1]mlx5_1:1/RoCE [RO]; OOB bond0:10.140.58.48<0>
x3015c0s7b0n0:24458:24458 [2] NCCL INFO NET/IB : Using [0]mlx5_0:1/RoCE [1]mlx5_1:1/RoCE [RO]; OOB bond0:10.140.58.24<0>
x3015c0s7b0n0:24458:24458 [2] NCCL INFO Using network IB
x3016c0s13b1n0:60932:60932 [3] NCCL INFO Using network IB
x3015c0s7b0n0:24459:24459 [3] NCCL INFO NET/IB : Using [0]mlx5_0:1/RoCE [1]mlx5_1:1/RoCE [RO]; OOB bond0:10.140.58.24<0>
x3015c0s7b0n0:24459:24459 [3] NCCL INFO Using network IB
x3016c0s37b1n0:58759:58759 [0] NCCL INFO Bootstrap : Using bond0:10.140.58.67<0>
x3016c0s31b0n0:28262:28262 [2] NCCL INFO Bootstrap : Using bond0:10.140.58.63<0>
x3016c0s37b1n0:58759:58759 [0] NCCL INFO NET/Plugin : No plugin found (libnccl-net.so), using internal implementation
x3016c0s31b0n0:28262:28262 [2] NCCL INFO NET/Plugin : No plugin found (libnccl-net.so), using internal implementation
x3016c0s37b1n0:58760:58760 [1] NCCL INFO Bootstrap : Using bond0:10.140.58.67<0>
x3016c0s37b1n0:58760:58760 [1] NCCL INFO NET/Plugin : No plugin found (libnccl-net.so), using internal implementation
x3016c0s37b1n0:58761:58761 [2] NCCL INFO Bootstrap : Using bond0:10.140.58.67<0>
x3016c0s37b1n0:58761:58761 [2] NCCL INFO NET/Plugin : No plugin found (libnccl-net.so), using internal implementation
x3016c0s37b1n0:58762:58762 [3] NCCL INFO Bootstrap : Using bond0:10.140.58.67<0>
x3016c0s37b1n0:58762:58762 [3] NCCL INFO NET/Plugin : No plugin found (libnccl-net.so), using internal implementation
x3016c0s31b0n0:28260:28260 [0] NCCL INFO Bootstrap : Using bond0:10.140.58.63<0>
x3016c0s31b0n0:28263:28263 [3] NCCL INFO Bootstrap : Using bond0:10.140.58.63<0>
x3016c0s31b0n0:28263:28263 [3] NCCL INFO NET/Plugin : No plugin found (libnccl-net.so), using internal implementation
x3016c0s31b0n0:28260:28260 [0] NCCL INFO NET/Plugin : No plugin found (libnccl-net.so), using internal implementation
x3016c0s31b0n0:28260:28260 [0] NCCL INFO NET/IB : Using [0]mlx5_0:1/RoCE [1]mlx5_1:1/RoCE [RO]; OOB bond0:10.140.58.63<0>
x3016c0s31b0n0:28260:28260 [0] NCCL INFO Using network IB
x3016c0s31b0n0:28261:28261 [1] NCCL INFO NET/IB : Using [0]mlx5_0:1/RoCE [1]mlx5_1:1/RoCE [RO]; OOB bond0:10.140.58.63<0>
x3016c0s31b0n0:28261:28261 [1] NCCL INFO Using network IB
x3016c0s31b0n0:28262:28262 [2] NCCL INFO NET/IB : Using [0]mlx5_0:1/RoCE [1]mlx5_1:1/RoCE [RO]; OOB bond0:10.140.58.63<0>
x3016c0s31b0n0:28262:28262 [2] NCCL INFO Using network IB
x3016c0s31b0n0:28263:28263 [3] NCCL INFO NET/IB : Using [0]mlx5_0:1/RoCE [1]mlx5_1:1/RoCE [RO]; OOB bond0:10.140.58.63<0>
x3016c0s31b0n0:28263:28263 [3] NCCL INFO Using network IB
x3016c0s37b1n0:58759:58759 [0] NCCL INFO NET/IB : Using [0]mlx5_0:1/RoCE [1]mlx5_1:1/RoCE [RO]; OOB bond0:10.140.58.67<0>
x3016c0s37b1n0:58759:58759 [0] NCCL INFO Using network IB
x3016c0s37b1n0:58760:58760 [1] NCCL INFO NET/IB : Using [0]mlx5_0:1/RoCE [1]mlx5_1:1/RoCE [RO]; OOB bond0:10.140.58.67<0>
x3016c0s37b1n0:58760:58760 [1] NCCL INFO Using network IB
x3016c0s37b1n0:58761:58761 [2] NCCL INFO NET/IB : Using [0]mlx5_0:1/RoCE [1]mlx5_1:1/RoCE [RO]; OOB bond0:10.140.58.67<0>
x3016c0s37b1n0:58761:58761 [2] NCCL INFO Using network IB
x3016c0s37b1n0:58762:58762 [3] NCCL INFO NET/IB : Using [0]mlx5_0:1/RoCE [1]mlx5_1:1/RoCE [RO]; OOB bond0:10.140.58.67<0>
x3016c0s37b1n0:58762:58762 [3] NCCL INFO Using network IB
x3015c0s7b1n0:23472:23503 [3] NCCL INFO Setting affinity for GPU 3 to 08,00000008
x3015c0s37b1n0:24675:24708 [3] NCCL INFO Setting affinity for GPU 3 to 08,00000008
x3016c0s13b0n0:65398:65430 [3] NCCL INFO Setting affinity for GPU 3 to 08,00000008
x3016c0s31b0n0:28263:28298 [3] NCCL INFO Setting affinity for GPU 3 to 08,00000008
x3016c0s19b0n0:60124:60155 [3] NCCL INFO Setting affinity for GPU 3 to 08,00000008
x3016c0s1b0n0:28571:28602 [3] NCCL INFO Setting affinity for GPU 3 to 08,00000008
x3016c0s37b1n0:58762:58795 [3] NCCL INFO Setting affinity for GPU 3 to 08,00000008
x3015c0s7b0n0:24459:24490 [3] NCCL INFO Setting affinity for GPU 3 to 08,00000008
x3016c0s37b0n0:15191:15223 [3] NCCL INFO Setting affinity for GPU 3 to 08,00000008
x3016c0s25b1n0:31923:31956 [3] NCCL INFO Setting affinity for GPU 3 to 08,00000008
x3016c0s7b0n0:24248:24281 [3] NCCL INFO Setting affinity for GPU 3 to 08,00000008
x3016c0s31b1n0:21896:21929 [3] NCCL INFO Setting affinity for GPU 3 to 08,00000008
x3016c0s19b1n0:40634:40687 [3] NCCL INFO Setting affinity for GPU 3 to 08,00000008
x3016c0s13b1n0:60932:60966 [3] NCCL INFO Setting affinity for GPU 3 to 08,00000008
x3016c0s25b0n0:32053:32086 [3] NCCL INFO Setting affinity for GPU 3 to 08,00000008
x3016c0s1b1n0:20992:21017 [3] NCCL INFO Setting affinity for GPU 3 to 08,00000008
x3016c0s1b1n0:20992:21017 [3] NCCL INFO Trees [0] -1/-1/-1->35->34 [1] -1/-1/-1->35->34 [2] -1/-1/-1->35->34 [3] -1/-1/-1->35->34
x3016c0s25b0n0:32052:32090 [2] NCCL INFO Trees [0] 39/-1/-1->38->37 [1] 39/-1/-1->38->37 [2] 39/-1/-1->38->37 [3] 39/-1/-1->38->37
x3016c0s25b1n0:31920:31958 [0] NCCL INFO Trees [0] 41/44/-1->40->49 [1] 41/44/-1->40->49 [2] 41/-1/-1->40->37 [3] 41/-1/-1->40->37
x3016c0s1b0n0:28571:28602 [3] NCCL INFO Trees [0] -1/-1/-1->31->30 [1] -1/-1/-1->31->30 [2] -1/-1/-1->31->30 [3] -1/-1/-1->31->30
x3016c0s1b1n0:20989:21026 [0] NCCL INFO Trees [0] 33/48/-1->32->0 [1] 33/48/-1->32->0 [2] 33/-1/-1->32->36 [3] 33/-1/-1->32->36
x3016c0s25b0n0:32053:32086 [3] NCCL INFO Trees [0] -1/-1/-1->39->38 [1] -1/-1/-1->39->38 [2] -1/-1/-1->39->38 [3] -1/-1/-1->39->38
x3016c0s25b1n0:31921:31949 [1] NCCL INFO Trees [0] 42/36/-1->41->40 [1] 42/36/-1->41->40 [2] 42/-1/-1->41->40 [3] 42/-1/-1->41->40
x3016c0s31b0n0:28260:28295 [0] NCCL INFO Trees [0] 45/-1/-1->44->40 [1] 45/-1/-1->44->40 [2] 45/36/-1->44->29 [3] 45/36/-1->44->29
x3016c0s19b0n0:60121:60160 [0] NCCL INFO Trees [0] 21/-1/-1->20->25 [1] 21/-1/-1->20->25 [2] 21/16/-1->20->13 [3] 21/16/-1->20->13
x3016c0s19b1n0:40634:40687 [3] NCCL INFO Trees [0] -1/-1/-1->27->26 [1] -1/-1/-1->27->26 [2] -1/-1/-1->27->26 [3] -1/-1/-1->27->26
x3016c0s1b0n0:28568:28607 [0] NCCL INFO Trees [0] 29/-1/-1->28->24 [1] 29/-1/-1->28->24 [2] 29/12/-1->28->60 [3] 29/12/-1->28->60
x3016c0s1b1n0:20990:21024 [1] NCCL INFO Trees [0] 34/16/-1->33->32 [1] 34/16/-1->33->32 [2] 34/-1/-1->33->32 [3] 34/-1/-1->33->32
x3016c0s25b0n0:32050:32089 [0] NCCL INFO Trees [0] 37/-1/-1->36->41 [1] 37/-1/-1->36->41 [2] 37/32/-1->36->44 [3] 37/32/-1->36->44
x3016c0s25b1n0:31922:31953 [2] NCCL INFO Trees [0] 43/-1/-1->42->41 [1] 43/-1/-1->42->41 [2] 43/-1/-1->42->41 [3] 43/-1/-1->42->41
x3016c0s31b0n0:28261:28296 [1] NCCL INFO Trees [0] 46/-1/-1->45->44 [1] 46/-1/-1->45->44 [2] 46/52/-1->45->44 [3] 46/52/-1->45->44
x3016c0s37b1n0:58759:58794 [0] NCCL INFO Trees [0] 57/60/-1->56->48 [1] 57/60/-1->56->48 [2] 57/-1/-1->56->53 [3] 57/-1/-1->56->53
x3015c0s37b1n0:24675:24708 [3] NCCL INFO Trees [0] -1/-1/-1->3->2 [1] -1/-1/-1->3->2 [2] -1/-1/-1->3->2 [3] -1/-1/-1->3->2
x3015c0s7b0n0:24457:24488 [1] NCCL INFO Trees [0] 6/-1/-1->5->4 [1] 6/-1/-1->5->4 [2] 6/8/-1->5->4 [3] 6/8/-1->5->4
x3016c0s13b0n0:65396:65426 [1] NCCL INFO Trees [0] 14/-1/-1->13->12 [1] 14/-1/-1->13->12 [2] 14/20/-1->13->12 [3] 14/20/-1->13->12
x3016c0s19b0n0:60122:60158 [1] NCCL INFO Trees [0] 22/-1/-1->21->20 [1] 22/-1/-1->21->20 [2] 22/24/-1->21->20 [3] 22/24/-1->21->20
x3016c0s19b1n0:40631:40694 [0] NCCL INFO Trees [0] 25/28/-1->24->16 [1] 25/28/-1->24->16 [2] 25/-1/-1->24->21 [3] 25/-1/-1->24->21
x3016c0s1b0n0:28569:28605 [1] NCCL INFO Trees [0] 30/-1/-1->29->28 [1] 30/-1/-1->29->28 [2] 30/44/-1->29->28 [3] 30/44/-1->29->28
x3016c0s1b1n0:20991:21022 [2] NCCL INFO Trees [0] 35/-1/-1->34->33 [1] 35/-1/-1->34->33 [2] 35/-1/-1->34->33 [3] 35/-1/-1->34->33
x3016c0s25b0n0:32051:32081 [1] NCCL INFO Trees [0] 38/-1/-1->37->36 [1] 38/-1/-1->37->36 [2] 38/40/-1->37->36 [3] 38/40/-1->37->36
x3016c0s25b1n0:31923:31956 [3] NCCL INFO Trees [0] -1/-1/-1->43->42 [1] -1/-1/-1->43->42 [2] -1/-1/-1->43->42 [3] -1/-1/-1->43->42
x3016c0s31b0n0:28262:28294 [2] NCCL INFO Trees [0] 47/-1/-1->46->45 [1] 47/-1/-1->46->45 [2] 47/-1/-1->46->45 [3] 47/-1/-1->46->45
x3016c0s31b1n0:21893:21931 [0] NCCL INFO Trees [0] 49/56/-1->48->32 [1] 49/56/-1->48->32 [2] 49/-1/-1->48->52 [3] 49/-1/-1->48->52
x3016c0s37b0n0:15188:15225 [0] NCCL INFO Trees [0] 53/-1/-1->52->57 [1] 53/-1/-1->52->57 [2] 53/48/-1->52->45 [3] 53/48/-1->52->45
x3016c0s37b1n0:58760:58796 [1] NCCL INFO Trees [0] 58/52/-1->57->56 [1] 58/52/-1->57->56 [2] 58/-1/-1->57->56 [3] 58/-1/-1->57->56
x3015c0s37b1n0:24672:24700 [0] NCCL INFO Channel 00/04 :    0   2   3   5   4   6   7   9   8  10  11  13  12  14  15  17  16  18  19  21
x3015c0s37b1n0:24672:24700 [0] NCCL INFO Channel 01/04 :    0   2   3   5   4   6   7   9   8  10  11  13  12  14  15  17  16  18  19  21
x3015c0s37b1n0:24672:24700 [0] NCCL INFO Channel 02/04 :    0   2   3   5   4   6   7   9   8  10  11  13  12  14  15  17  16  18  19  21
x3015c0s37b1n0:24672:24700 [0] NCCL INFO Channel 03/04 :    0   2   3   5   4   6   7   9   8  10  11  13  12  14  15  17  16  18  19  21
x3015c0s37b1n0:24672:24700 [0] NCCL INFO Trees [0] 1/32/-1->0->-1 [1] 1/32/-1->0->-1 [2] 1/-1/-1->0->4 [3] 1/-1/-1->0->4
x3015c0s7b0n0:24458:24491 [2] NCCL INFO Trees [0] 7/-1/-1->6->5 [1] 7/-1/-1->6->5 [2] 7/-1/-1->6->5 [3] 7/-1/-1->6->5
x3015c0s7b1n0:23472:23503 [3] NCCL INFO Trees [0] -1/-1/-1->11->10 [1] -1/-1/-1->11->10 [2] -1/-1/-1->11->10 [3] -1/-1/-1->11->10
x3016c0s13b0n0:65397:65425 [2] NCCL INFO Trees [0] 15/-1/-1->14->13 [1] 15/-1/-1->14->13 [2] 15/-1/-1->14->13 [3] 15/-1/-1->14->13
x3016c0s13b1n0:60932:60966 [3] NCCL INFO Trees [0] -1/-1/-1->19->18 [1] -1/-1/-1->19->18 [2] -1/-1/-1->19->18 [3] -1/-1/-1->19->18
x3016c0s19b0n0:60123:60156 [2] NCCL INFO Trees [0] 23/-1/-1->22->21 [1] 23/-1/-1->22->21 [2] 23/-1/-1->22->21 [3] 23/-1/-1->22->21
x3016c0s19b1n0:40632:40696 [1] NCCL INFO Trees [0] 26/20/-1->25->24 [1] 26/20/-1->25->24 [2] 26/-1/-1->25->24 [3] 26/-1/-1->25->24
x3016c0s1b0n0:28570:28598 [2] NCCL INFO Trees [0] 31/-1/-1->30->29 [1] 31/-1/-1->30->29 [2] 31/-1/-1->30->29 [3] 31/-1/-1->30->29
x3016c0s31b0n0:28263:28298 [3] NCCL INFO Trees [0] -1/-1/-1->47->46 [1] -1/-1/-1->47->46 [2] -1/-1/-1->47->46 [3] -1/-1/-1->47->46
x3016c0s31b1n0:21894:21930 [1] NCCL INFO Trees [0] 50/40/-1->49->48 [1] 50/40/-1->49->48 [2] 50/-1/-1->49->48 [3] 50/-1/-1->49->48
x3016c0s37b0n0:15189:15219 [1] NCCL INFO Trees [0] 54/-1/-1->53->52 [1] 54/-1/-1->53->52 [2] 54/56/-1->53->52 [3] 54/56/-1->53->52
x3016c0s37b1n0:58761:58793 [2] NCCL INFO Trees [0] 59/-1/-1->58->57 [1] 59/-1/-1->58->57 [2] 59/-1/-1->58->57 [3] 59/-1/-1->58->57
x3016c0s7b0n0:24245:24282 [0] NCCL INFO Trees [0] 61/-1/-1->60->56 [1] 61/-1/-1->60->56 [2] 61/28/-1->60->-1 [3] 61/28/-1->60->-1
x3015c0s37b1n0:24673:24707 [1] NCCL INFO Trees [0] 2/-1/-1->1->0 [1] 2/-1/-1->1->0 [2] 2/-1/-1->1->0 [3] 2/-1/-1->1->0
x3015c0s7b0n0:24459:24490 [3] NCCL INFO Trees [0] -1/-1/-1->7->6 [1] -1/-1/-1->7->6 [2] -1/-1/-1->7->6 [3] -1/-1/-1->7->6
x3015c0s7b1n0:23466:23505 [0] NCCL INFO Trees [0] 9/12/-1->8->17 [1] 9/12/-1->8->17 [2] 9/-1/-1->8->5 [3] 9/-1/-1->8->5
x3016c0s13b0n0:65398:65430 [3] NCCL INFO Trees [0] -1/-1/-1->15->14 [1] -1/-1/-1->15->14 [2] -1/-1/-1->15->14 [3] -1/-1/-1->15->14
x3016c0s13b1n0:60927:60956 [0] NCCL INFO Trees [0] 17/24/-1->16->33 [1] 17/24/-1->16->33 [2] 17/-1/-1->16->20 [3] 17/-1/-1->16->20
x3016c0s19b0n0:60124:60155 [3] NCCL INFO Trees [0] -1/-1/-1->23->22 [1] -1/-1/-1->23->22 [2] -1/-1/-1->23->22 [3] -1/-1/-1->23->22
x3016c0s19b1n0:40633:40695 [2] NCCL INFO Trees [0] 27/-1/-1->26->25 [1] 27/-1/-1->26->25 [2] 27/-1/-1->26->25 [3] 27/-1/-1->26->25
x3016c0s31b1n0:21895:21922 [2] NCCL INFO Trees [0] 51/-1/-1->50->49 [1] 51/-1/-1->50->49 [2] 51/-1/-1->50->49 [3] 51/-1/-1->50->49
x3016c0s37b0n0:15190:15216 [2] NCCL INFO Trees [0] 55/-1/-1->54->53 [1] 55/-1/-1->54->53 [2] 55/-1/-1->54->53 [3] 55/-1/-1->54->53
x3016c0s37b1n0:58762:58795 [3] NCCL INFO Trees [0] -1/-1/-1->59->58 [1] -1/-1/-1->59->58 [2] -1/-1/-1->59->58 [3] -1/-1/-1->59->58
x3016c0s7b0n0:24246:24273 [1] NCCL INFO Trees [0] 62/-1/-1->61->60 [1] 62/-1/-1->61->60 [2] 62/-1/-1->61->60 [3] 62/-1/-1->61->60
x3015c0s37b1n0:24674:24709 [2] NCCL INFO Trees [0] 3/-1/-1->2->1 [1] 3/-1/-1->2->1 [2] 3/-1/-1->2->1 [3] 3/-1/-1->2->1
x3015c0s7b0n0:24456:24489 [0] NCCL INFO Trees [0] 5/-1/-1->4->9 [1] 5/-1/-1->4->9 [2] 5/0/-1->4->12 [3] 5/0/-1->4->12
x3015c0s7b1n0:23469:23501 [1] NCCL INFO Trees [0] 10/4/-1->9->8 [1] 10/4/-1->9->8 [2] 10/-1/-1->9->8 [3] 10/-1/-1->9->8
x3016c0s13b0n0:65395:65429 [0] NCCL INFO Trees [0] 13/-1/-1->12->8 [1] 13/-1/-1->12->8 [2] 13/4/-1->12->28 [3] 13/4/-1->12->28
x3016c0s13b1n0:60929:60964 [1] NCCL INFO Trees [0] 18/8/-1->17->16 [1] 18/8/-1->17->16 [2] 18/-1/-1->17->16 [3] 18/-1/-1->17->16
x3016c0s31b1n0:21896:21929 [3] NCCL INFO Trees [0] -1/-1/-1->51->50 [1] -1/-1/-1->51->50 [2] -1/-1/-1->51->50 [3] -1/-1/-1->51->50
x3016c0s37b0n0:15191:15223 [3] NCCL INFO Trees [0] -1/-1/-1->55->54 [1] -1/-1/-1->55->54 [2] -1/-1/-1->55->54 [3] -1/-1/-1->55->54
x3016c0s7b0n0:24247:24280 [2] NCCL INFO Trees [0] 63/-1/-1->62->61 [1] 63/-1/-1->62->61 [2] 63/-1/-1->62->61 [3] 63/-1/-1->62->61
x3015c0s7b1n0:23471:23500 [2] NCCL INFO Trees [0] 11/-1/-1->10->9 [1] 11/-1/-1->10->9 [2] 11/-1/-1->10->9 [3] 11/-1/-1->10->9
x3016c0s13b1n0:60931:60958 [2] NCCL INFO Trees [0] 19/-1/-1->18->17 [1] 19/-1/-1->18->17 [2] 19/-1/-1->18->17 [3] 19/-1/-1->18->17
x3016c0s7b0n0:24248:24281 [3] NCCL INFO Trees [0] -1/-1/-1->63->62 [1] -1/-1/-1->63->62 [2] -1/-1/-1->63->62 [3] -1/-1/-1->63->62
x3016c0s1b0n0:28570:28598 [2] NCCL INFO Channel 00 : 30[85000] -> 31[c7000] via P2P/IPC/read
x3016c0s25b0n0:32052:32090 [2] NCCL INFO Channel 00 : 38[85000] -> 39[c7000] via P2P/IPC/read
x3016c0s25b1n0:31922:31953 [2] NCCL INFO Channel 00 : 42[85000] -> 43[c7000] via P2P/IPC/read
x3016c0s25b0n0:32050:32089 [0] NCCL INFO Channel 00 : 36[7000] -> 38[85000] via P2P/IPC/read
x3016c0s25b1n0:31920:31958 [0] NCCL INFO Channel 00 : 40[7000] -> 42[85000] via P2P/IPC/read
x3016c0s1b0n0:28568:28607 [0] NCCL INFO Channel 00 : 28[7000] -> 30[85000] via P2P/IPC/read
x3016c0s1b1n0:20991:21022 [2] NCCL INFO Channel 00 : 34[85000] -> 35[c7000] via P2P/IPC/read
x3016c0s31b0n0:28260:28295 [0] NCCL INFO Channel 00 : 44[7000] -> 46[85000] via P2P/IPC/read
x3016c0s31b1n0:21895:21922 [2] NCCL INFO Channel 00 : 50[85000] -> 51[c7000] via P2P/IPC/read
x3016c0s31b0n0:28262:28294 [2] NCCL INFO Channel 00 : 46[85000] -> 47[c7000] via P2P/IPC/read
x3015c0s37b1n0:24674:24709 [2] NCCL INFO Channel 00 : 2[85000] -> 3[c7000] via P2P/IPC/read
x3016c0s19b1n0:40633:40695 [2] NCCL INFO Channel 00 : 26[85000] -> 27[c7000] via P2P/IPC/read
x3016c0s1b1n0:20989:21026 [0] NCCL INFO Channel 00 : 32[7000] -> 34[85000] via P2P/IPC/read
x3016c0s31b1n0:21893:21931 [0] NCCL INFO Channel 00 : 48[7000] -> 50[85000] via P2P/IPC/read
x3015c0s37b1n0:24672:24700 [0] NCCL INFO Channel 00 : 0[7000] -> 2[85000] via P2P/IPC/read
x3016c0s37b1n0:58761:58793 [2] NCCL INFO Channel 00 : 58[85000] -> 59[c7000] via P2P/IPC/read
x3015c0s7b1n0:23471:23500 [2] NCCL INFO Channel 00 : 10[85000] -> 11[c7000] via P2P/IPC/read
x3016c0s19b1n0:40631:40694 [0] NCCL INFO Channel 00 : 24[7000] -> 26[85000] via P2P/IPC/read
x3016c0s37b0n0:15188:15225 [0] NCCL INFO Channel 00 : 52[7000] -> 54[85000] via P2P/IPC/read
x3016c0s37b1n0:58759:58794 [0] NCCL INFO Channel 00 : 56[7000] -> 58[85000] via P2P/IPC/read
x3016c0s37b0n0:15190:15216 [2] NCCL INFO Channel 00 : 54[85000] -> 55[c7000] via P2P/IPC/read
x3015c0s7b0n0:24458:24491 [2] NCCL INFO Channel 00 : 6[85000] -> 7[c7000] via P2P/IPC/read
x3015c0s7b1n0:23466:23505 [0] NCCL INFO Channel 00 : 8[7000] -> 10[85000] via P2P/IPC/read
x3015c0s7b0n0:24456:24489 [0] NCCL INFO Channel 00 : 4[7000] -> 6[85000] via P2P/IPC/read
x3016c0s13b1n0:60931:60958 [2] NCCL INFO Channel 00 : 18[85000] -> 19[c7000] via P2P/IPC/read
x3016c0s13b1n0:60927:60956 [0] NCCL INFO Channel 00 : 16[7000] -> 18[85000] via P2P/IPC/read
x3016c0s7b0n0:24245:24282 [0] NCCL INFO Channel 00 : 60[7000] -> 62[85000] via P2P/IPC/read
x3016c0s7b0n0:24247:24280 [2] NCCL INFO Channel 00 : 62[85000] -> 63[c7000] via P2P/IPC/read
x3016c0s19b0n0:60121:60160 [0] NCCL INFO Channel 00 : 20[7000] -> 22[85000] via P2P/IPC/read
x3016c0s19b0n0:60123:60156 [2] NCCL INFO Channel 00 : 22[85000] -> 23[c7000] via P2P/IPC/read
x3016c0s13b0n0:65395:65429 [0] NCCL INFO Channel 00 : 12[7000] -> 14[85000] via P2P/IPC/read
x3016c0s13b0n0:65397:65425 [2] NCCL INFO Channel 00 : 14[85000] -> 15[c7000] via P2P/IPC/read
x3016c0s25b0n0:32050:32089 [0] NCCL INFO Channel 01 : 36[7000] -> 38[85000] via P2P/IPC/read
x3016c0s37b1n0:58759:58794 [0] NCCL INFO Channel 01 : 56[7000] -> 58[85000] via P2P/IPC/read
x3016c0s1b1n0:20990:21024 [1] NCCL INFO Channel 00/0 : 31[c7000] -> 33[46000] [receive] via NET/IB/1
x3016c0s31b0n0:28261:28296 [1] NCCL INFO Channel 00/0 : 43[c7000] -> 45[46000] [receive] via NET/IB/1
x3016c0s19b1n0:40632:40696 [1] NCCL INFO Channel 00/0 : 23[c7000] -> 25[46000] [receive] via NET/IB/1
x3016c0s19b1n0:40631:40694 [0] NCCL INFO Channel 01 : 24[7000] -> 26[85000] via P2P/IPC/read
x3016c0s19b1n0:40633:40695 [2] NCCL INFO Channel 01 : 26[85000] -> 27[c7000] via P2P/IPC/read
x3016c0s31b0n0:28262:28294 [2] NCCL INFO Channel 01 : 46[85000] -> 47[c7000] via P2P/IPC/read
x3016c0s31b0n0:28260:28295 [0] NCCL INFO Channel 01 : 44[7000] -> 46[85000] via P2P/IPC/read
x3016c0s1b1n0:20991:21022 [2] NCCL INFO Channel 01 : 34[85000] -> 35[c7000] via P2P/IPC/read
x3016c0s1b1n0:20989:21026 [0] NCCL INFO Channel 01 : 32[7000] -> 34[85000] via P2P/IPC/read
x3016c0s1b0n0:28569:28605 [1] NCCL INFO Channel 00/0 : 27[c7000] -> 29[46000] [receive] via NET/IB/1
x3016c0s37b0n0:15188:15225 [0] NCCL INFO Channel 01 : 52[7000] -> 54[85000] via P2P/IPC/read
x3016c0s19b0n0:60122:60158 [1] NCCL INFO Channel 00/0 : 19[c7000] -> 21[46000] [receive] via NET/IB/1
x3016c0s1b1n0:20989:21026 [0] NCCL INFO Channel 02 : 32[7000] -> 34[85000] via P2P/IPC/read
x3016c0s25b1n0:31920:31958 [0] NCCL INFO Channel 01 : 40[7000] -> 42[85000] via P2P/IPC/read
x3016c0s1b1n0:20989:21026 [0] NCCL INFO Channel 03 : 32[7000] -> 34[85000] via P2P/IPC/read
x3016c0s13b1n0:60931:60958 [2] NCCL INFO Channel 01 : 18[85000] -> 19[c7000] via P2P/IPC/read
x3016c0s19b0n0:60121:60160 [0] NCCL INFO Channel 01 : 20[7000] -> 22[85000] via P2P/IPC/read
x3016c0s19b0n0:60121:60160 [0] NCCL INFO Channel 02 : 20[7000] -> 22[85000] via P2P/IPC/read
x3016c0s19b0n0:60121:60160 [0] NCCL INFO Channel 03 : 20[7000] -> 22[85000] via P2P/IPC/read
x3016c0s31b1n0:21894:21930 [1] NCCL INFO Channel 00/0 : 47[c7000] -> 49[46000] [receive] via NET/IB/1
x3016c0s1b0n0:28570:28598 [2] NCCL INFO Channel 01 : 30[85000] -> 31[c7000] via P2P/IPC/read
x3016c0s13b0n0:65397:65425 [2] NCCL INFO Channel 01 : 14[85000] -> 15[c7000] via P2P/IPC/read
x3016c0s37b0n0:15189:15219 [1] NCCL INFO Channel 00/0 : 51[c7000] -> 53[46000] [receive] via NET/IB/1
x3016c0s25b0n0:32051:32081 [1] NCCL INFO Channel 00/0 : 35[c7000] -> 37[46000] [receive] via NET/IB/1
x3016c0s25b1n0:31921:31949 [1] NCCL INFO Channel 00/0 : 39[c7000] -> 41[46000] [receive] via NET/IB/1
x3016c0s25b0n0:32052:32090 [2] NCCL INFO Channel 01 : 38[85000] -> 39[c7000] via P2P/IPC/read
x3016c0s25b1n0:31922:31953 [2] NCCL INFO Channel 01 : 42[85000] -> 43[c7000] via P2P/IPC/read
x3015c0s37b1n0:24674:24709 [2] NCCL INFO Channel 01 : 2[85000] -> 3[c7000] via P2P/IPC/read
x3016c0s13b1n0:60929:60964 [1] NCCL INFO Channel 00/0 : 15[c7000] -> 17[46000] [receive] via NET/IB/1
x3015c0s37b1n0:24673:24707 [1] NCCL INFO Channel 00/0 : 63[c7000] -> 1[46000] [receive] via NET/IB/1
x3016c0s13b1n0:60927:60956 [0] NCCL INFO Channel 01 : 16[7000] -> 18[85000] via P2P/IPC/read
x3015c0s37b1n0:24672:24700 [0] NCCL INFO Channel 01 : 0[7000] -> 2[85000] via P2P/IPC/read
x3016c0s37b1n0:58760:58796 [1] NCCL INFO Channel 00/0 : 55[c7000] -> 57[46000] [receive] via NET/IB/1
x3015c0s7b1n0:23469:23501 [1] NCCL INFO Channel 00/0 : 7[c7000] -> 9[46000] [receive] via NET/IB/1
x3016c0s37b1n0:58761:58793 [2] NCCL INFO Channel 01 : 58[85000] -> 59[c7000] via P2P/IPC/read
x3015c0s7b0n0:24456:24489 [0] NCCL INFO Channel 01 : 4[7000] -> 6[85000] via P2P/IPC/read
x3016c0s31b1n0:21893:21931 [0] NCCL INFO Channel 01 : 48[7000] -> 50[85000] via P2P/IPC/read
x3016c0s31b1n0:21895:21922 [2] NCCL INFO Channel 01 : 50[85000] -> 51[c7000] via P2P/IPC/read
x3016c0s37b0n0:15190:15216 [2] NCCL INFO Channel 01 : 54[85000] -> 55[c7000] via P2P/IPC/read
x3016c0s1b0n0:28568:28607 [0] NCCL INFO Channel 01 : 28[7000] -> 30[85000] via P2P/IPC/read
x3016c0s7b0n0:24245:24282 [0] NCCL INFO Channel 01 : 60[7000] -> 62[85000] via P2P/IPC/read
x3016c0s7b0n0:24246:24273 [1] NCCL INFO Channel 00/0 : 59[c7000] -> 61[46000] [receive] via NET/IB/1
x3016c0s25b1n0:31922:31953 [2] NCCL INFO Channel 02 : 42[85000] -> 43[c7000] via P2P/IPC/read
x3016c0s25b1n0:31922:31953 [2] NCCL INFO Channel 03 : 42[85000] -> 43[c7000] via P2P/IPC/read
x3016c0s7b0n0:24247:24280 [2] NCCL INFO Channel 01 : 62[85000] -> 63[c7000] via P2P/IPC/read
x3015c0s7b0n0:24458:24491 [2] NCCL INFO Channel 01 : 6[85000] -> 7[c7000] via P2P/IPC/read
x3016c0s31b1n0:21893:21931 [0] NCCL INFO Channel 02 : 48[7000] -> 50[85000] via P2P/IPC/read
x3016c0s31b1n0:21893:21931 [0] NCCL INFO Channel 03 : 48[7000] -> 50[85000] via P2P/IPC/read
x3015c0s7b1n0:23471:23500 [2] NCCL INFO Channel 01 : 10[85000] -> 11[c7000] via P2P/IPC/read
x3015c0s7b1n0:23466:23505 [0] NCCL INFO Channel 01 : 8[7000] -> 10[85000] via P2P/IPC/read
x3016c0s19b0n0:60123:60156 [2] NCCL INFO Channel 01 : 22[85000] -> 23[c7000] via P2P/IPC/read
x3016c0s13b0n0:65395:65429 [0] NCCL INFO Channel 01 : 12[7000] -> 14[85000] via P2P/IPC/read
x3016c0s31b1n0:21895:21922 [2] NCCL INFO Channel 02 : 50[85000] -> 51[c7000] via P2P/IPC/read
x3016c0s31b1n0:21895:21922 [2] NCCL INFO Channel 03 : 50[85000] -> 51[c7000] via P2P/IPC/read
x3016c0s37b1n0:58760:58796 [1] NCCL INFO Channel 01/0 : 55[c7000] -> 57[46000] [receive] via NET/IB/0
x3016c0s31b0n0:28261:28296 [1] NCCL INFO Channel 01/0 : 43[c7000] -> 45[46000] [receive] via NET/IB/0
x3016c0s37b0n0:15188:15225 [0] NCCL INFO Channel 02 : 52[7000] -> 54[85000] via P2P/IPC/read
x3016c0s25b1n0:31920:31958 [0] NCCL INFO Channel 02 : 40[7000] -> 42[85000] via P2P/IPC/read
x3016c0s25b1n0:31920:31958 [0] NCCL INFO Channel 03 : 40[7000] -> 42[85000] via P2P/IPC/read
x3016c0s7b0n0:24245:24282 [0] NCCL INFO Channel 02 : 60[7000] -> 62[85000] via P2P/IPC/read
x3016c0s7b0n0:24245:24282 [0] NCCL INFO Channel 03 : 60[7000] -> 62[85000] via P2P/IPC/read
x3016c0s13b0n0:65396:65426 [1] NCCL INFO Channel 00/0 : 11[c7000] -> 13[46000] [receive] via NET/IB/1
x3016c0s13b0n0:65397:65425 [2] NCCL INFO Channel 02 : 14[85000] -> 15[c7000] via P2P/IPC/read
x3016c0s1b1n0:20990:21024 [1] NCCL INFO Channel 01/0 : 31[c7000] -> 33[46000] [receive] via NET/IB/0
x3016c0s19b1n0:40631:40694 [0] NCCL INFO Channel 02 : 24[7000] -> 26[85000] via P2P/IPC/read
x3016c0s19b1n0:40633:40695 [2] NCCL INFO Channel 02 : 26[85000] -> 27[c7000] via P2P/IPC/read
x3016c0s19b1n0:40631:40694 [0] NCCL INFO Channel 03 : 24[7000] -> 26[85000] via P2P/IPC/read
x3016c0s19b1n0:40633:40695 [2] NCCL INFO Channel 03 : 26[85000] -> 27[c7000] via P2P/IPC/read
x3016c0s1b0n0:28570:28598 [2] NCCL INFO Channel 02 : 30[85000] -> 31[c7000] via P2P/IPC/read
x3016c0s1b0n0:28570:28598 [2] NCCL INFO Channel 03 : 30[85000] -> 31[c7000] via P2P/IPC/read
x3016c0s25b0n0:32052:32090 [2] NCCL INFO Channel 02 : 38[85000] -> 39[c7000] via P2P/IPC/read
x3016c0s1b1n0:20991:21022 [2] NCCL INFO Channel 02 : 34[85000] -> 35[c7000] via P2P/IPC/read
x3016c0s25b0n0:32050:32089 [0] NCCL INFO Channel 02 : 36[7000] -> 38[85000] via P2P/IPC/read
x3016c0s25b1n0:31923:31956 [3] NCCL INFO Channel 00/0 : 43[c7000] -> 45[46000] [send] via NET/IB/1
x3016c0s19b1n0:40632:40696 [1] NCCL INFO Channel 01/0 : 23[c7000] -> 25[46000] [receive] via NET/IB/0
x3015c0s7b0n0:24457:24488 [1] NCCL INFO Channel 00/0 : 3[c7000] -> 5[46000] [receive] via NET/IB/1
x3016c0s13b1n0:60927:60956 [0] NCCL INFO Channel 02 : 16[7000] -> 18[85000] via P2P/IPC/read
x3016c0s37b1n0:58759:58794 [0] NCCL INFO Channel 02 : 56[7000] -> 58[85000] via P2P/IPC/read
x3016c0s19b0n0:60122:60158 [1] NCCL INFO Channel 01/0 : 19[c7000] -> 21[46000] [receive] via NET/IB/0
x3016c0s19b0n0:60123:60156 [2] NCCL INFO Channel 02 : 22[85000] -> 23[c7000] via P2P/IPC/read
x3016c0s13b0n0:65397:65425 [2] NCCL INFO Channel 03 : 14[85000] -> 15[c7000] via P2P/IPC/read
x3016c0s37b0n0:15189:15219 [1] NCCL INFO Channel 01/0 : 51[c7000] -> 53[46000] [receive] via NET/IB/0
x3016c0s31b0n0:28262:28294 [2] NCCL INFO Channel 02 : 46[85000] -> 47[c7000] via P2P/IPC/read
x3016c0s31b0n0:28260:28295 [0] NCCL INFO Channel 02 : 44[7000] -> 46[85000] via P2P/IPC/read
x3015c0s37b1n0:24673:24707 [1] NCCL INFO Channel 01/0 : 63[c7000] -> 1[46000] [receive] via NET/IB/0
x3016c0s25b0n0:32051:32081 [1] NCCL INFO Channel 01/0 : 35[c7000] -> 37[46000] [receive] via NET/IB/0
x3015c0s7b1n0:23469:23501 [1] NCCL INFO Channel 01/0 : 7[c7000] -> 9[46000] [receive] via NET/IB/0
