x3201c0s1b0n0:48151:48186 [2] NCCL INFO Channel 01 : 18[85000] -> 17[46000] via P2P/IPC/read
x3201c0s19b0n0:53875:53905 [3] NCCL INFO Connected all trees
x3201c0s19b0n0:53875:53905 [3] NCCL INFO MSCCL_XML_FILES set by environment to /home/yuke/ncclPG/msccl_tools_lyd/examples/xml/allreduce_binary_tree_h_p_2nic_4gpu_p_Simple_gpu64_ins1_nchunk_256_nch_8.xml
x3201c0s19b0n0:53875:53905 [3] NCCL INFO MSCCL: Parsing algorithm /home/yuke/ncclPG/msccl_tools_lyd/examples/xml/allreduce_binary_tree_h_p_2nic_4gpu_p_Simple_gpu64_ins1_nchunk_256_nch_8.xml
x3201c0s1b1n0:44224:44256 [1] NCCL INFO Channel 01 : 21[46000] -> 22[85000] via P2P/IPC/read
x3201c0s25b0n0:53979:54013 [1] NCCL INFO Channel 01 : 25[46000] -> 26[85000] via P2P/IPC/read
x3202c0s13b0n0:64763:64798 [0] NCCL INFO Channel 02/0 : 53[46000] -> 56[7000] [receive] via NET/IB/1
x3201c0s31b1n0:4210:4244 [1] NCCL INFO Channel 03/0 : 37[46000] -> 40[7000] [send] via NET/IB/0
x3201c0s37b0n0:4641:4672 [2] NCCL INFO Channel 00 : 42[85000] -> 41[46000] via P2P/IPC/read
x3201c0s13b1n0:53863:53896 [0] NCCL INFO Channel 03/0 : 0[7000] -> 4[7000] [receive] via NET/IB/0
x3201c0s25b1n0:53386:53419 [1] NCCL INFO Channel 01 : 29[46000] -> 30[85000] via P2P/IPC/read
x3201c0s37b1n0:64436:64470 [1] NCCL INFO Channel 01 : 45[46000] -> 46[85000] via P2P/IPC/read
x3201c0s13b0n0:62654:62688 [1] NCCL INFO Channel 00 : 1[46000] -> 2[85000] via P2P/IPC/read
x3201c0s13b0n0:62654:62688 [1] NCCL INFO Channel 01 : 1[46000] -> 2[85000] via P2P/IPC/read
x3201c0s13b0n0:62654:62688 [1] NCCL INFO Channel 02 : 1[46000] -> 2[85000] via P2P/IPC/read
x3201c0s13b0n0:62654:62688 [1] NCCL INFO Channel 03 : 1[46000] -> 2[85000] via P2P/IPC/read
x3201c0s31b0n0:5359:5393 [1] NCCL INFO Channel 00/0 : 16[7000] -> 33[46000] [receive] via NET/IB/1
x3201c0s25b1n0:53386:53419 [1] NCCL INFO Channel 02 : 29[46000] -> 30[85000] via P2P/IPC/read
x3201c0s1b0n0:48151:48186 [2] NCCL INFO Channel 02 : 18[85000] -> 17[46000] via P2P/IPC/read
x3201c0s25b1n0:53386:53419 [1] NCCL INFO Channel 03 : 29[46000] -> 30[85000] via P2P/IPC/read
x3201c0s7b0n0:24578:24615 [0] NCCL INFO Channel 02/0 : 48[7000] -> 52[7000] [send] via NET/IB/1
x3201c0s25b0n0:53979:54013 [1] NCCL INFO Channel 02 : 25[46000] -> 26[85000] via P2P/IPC/read
x3201c0s1b1n0:44224:44256 [1] NCCL INFO Channel 02 : 21[46000] -> 22[85000] via P2P/IPC/read
x3202c0s13b0n0:64763:64798 [0] NCCL INFO Channel 03/0 : 53[46000] -> 56[7000] [receive] via NET/IB/0
x3202c0s19b0n0:50853:50887 [0] NCCL INFO Channel 01/0 : 56[7000] -> 60[7000] [receive] via NET/IB/0
x3201c0s37b1n0:64436:64470 [1] NCCL INFO Channel 02 : 45[46000] -> 46[85000] via P2P/IPC/read
x3202c0s19b0n0:50854:50885 [1] NCCL INFO Connected all trees
x3202c0s19b0n0:50854:50885 [1] NCCL INFO MSCCL_XML_FILES set by environment to /home/yuke/ncclPG/msccl_tools_lyd/examples/xml/allreduce_binary_tree_h_p_2nic_4gpu_p_Simple_gpu64_ins1_nchunk_256_nch_8.xml
x3202c0s19b0n0:50854:50885 [1] NCCL INFO MSCCL: Parsing algorithm /home/yuke/ncclPG/msccl_tools_lyd/examples/xml/allreduce_binary_tree_h_p_2nic_4gpu_p_Simple_gpu64_ins1_nchunk_256_nch_8.xml
x3201c0s19b0n0:53872:53907 [0] NCCL INFO Channel 02/0 : 5[46000] -> 8[7000] [receive] via NET/IB/1
x3201c0s31b0n0:5359:5393 [1] NCCL INFO Channel 01/0 : 16[7000] -> 33[46000] [receive] via NET/IB/0
x3202c0s19b0n0:50855:50883 [2] NCCL INFO Connected all trees
x3202c0s19b0n0:50855:50883 [2] NCCL INFO MSCCL_XML_FILES set by environment to /home/yuke/ncclPG/msccl_tools_lyd/examples/xml/allreduce_binary_tree_h_p_2nic_4gpu_p_Simple_gpu64_ins1_nchunk_256_nch_8.xml
x3202c0s19b0n0:50855:50883 [2] NCCL INFO MSCCL: Parsing algorithm /home/yuke/ncclPG/msccl_tools_lyd/examples/xml/allreduce_binary_tree_h_p_2nic_4gpu_p_Simple_gpu64_ins1_nchunk_256_nch_8.xml
x3201c0s1b0n0:48151:48186 [2] NCCL INFO Channel 03 : 18[85000] -> 17[46000] via P2P/IPC/read
x3201c0s25b0n0:53979:54013 [1] NCCL INFO Channel 03 : 25[46000] -> 26[85000] via P2P/IPC/read
x3201c0s37b0n0:4641:4672 [2] NCCL INFO Channel 01 : 42[85000] -> 41[46000] via P2P/IPC/read
x3201c0s13b0n0:62653:62680 [0] NCCL INFO Channel 02/0 : 0[7000] -> 4[7000] [send] via NET/IB/1
x3201c0s37b0n0:4641:4672 [2] NCCL INFO Channel 02 : 42[85000] -> 41[46000] via P2P/IPC/read
x3201c0s37b0n0:4641:4672 [2] NCCL INFO Channel 03 : 42[85000] -> 41[46000] via P2P/IPC/read
x3201c0s1b0n0:48152:48185 [3] NCCL INFO Connected all trees
x3201c0s1b0n0:48152:48185 [3] NCCL INFO MSCCL_XML_FILES set by environment to /home/yuke/ncclPG/msccl_tools_lyd/examples/xml/allreduce_binary_tree_h_p_2nic_4gpu_p_Simple_gpu64_ins1_nchunk_256_nch_8.xml
x3201c0s1b0n0:48152:48185 [3] NCCL INFO MSCCL: Parsing algorithm /home/yuke/ncclPG/msccl_tools_lyd/examples/xml/allreduce_binary_tree_h_p_2nic_4gpu_p_Simple_gpu64_ins1_nchunk_256_nch_8.xml
x3201c0s7b0n0:24580:24613 [1] NCCL INFO Channel 00/0 : 40[7000] -> 49[46000] [receive] via NET/IB/1
x3201c0s1b1n0:44224:44256 [1] NCCL INFO Channel 03 : 21[46000] -> 22[85000] via P2P/IPC/read
x3201c0s37b1n0:64436:64470 [1] NCCL INFO Channel 03 : 45[46000] -> 46[85000] via P2P/IPC/read
x3201c0s37b0n0:4642:4670 [3] NCCL INFO Connected all trees
x3201c0s37b0n0:4642:4670 [3] NCCL INFO MSCCL_XML_FILES set by environment to /home/yuke/ncclPG/msccl_tools_lyd/examples/xml/allreduce_binary_tree_h_p_2nic_4gpu_p_Simple_gpu64_ins1_nchunk_256_nch_8.xml
x3201c0s37b0n0:4642:4670 [3] NCCL INFO MSCCL: Parsing algorithm /home/yuke/ncclPG/msccl_tools_lyd/examples/xml/allreduce_binary_tree_h_p_2nic_4gpu_p_Simple_gpu64_ins1_nchunk_256_nch_8.xml
x3201c0s19b1n0:55105:55137 [3] NCCL INFO Parsed MSCCL Algorithm /home/yuke/ncclPG/msccl_tools_lyd/examples/xml/allreduce_binary_tree_h_p_2nic_4gpu_p_Simple_gpu64_ins1_nchunk_256_nch_8.xml successfully.
x3201c0s25b1n0:53385:53416 [0] NCCL INFO Channel 00/0 : 24[7000] -> 28[7000] [receive] via NET/IB/1
x3201c0s31b0n0:5357:5394 [0] NCCL INFO Channel 00/0 : 32[7000] -> 48[7000] [send] via NET/IB/1
x3201c0s25b1n0:53386:53419 [1] NCCL INFO Channel 02/0 : 29[46000] -> 44[7000] [send] via NET/IB/1
x3201c0s7b0n0:24578:24615 [0] NCCL INFO Channel 03/0 : 48[7000] -> 52[7000] [send] via NET/IB/0
x3201c0s7b0n0:24580:24613 [1] NCCL INFO Channel 01/0 : 40[7000] -> 49[46000] [receive] via NET/IB/0
x3201c0s37b0n0:4630:4675 [1] NCCL INFO Channel 00/0 : 36[7000] -> 41[46000] [receive] via NET/IB/1
x3201c0s13b0n0:62653:62680 [0] NCCL INFO Channel 03/0 : 0[7000] -> 4[7000] [send] via NET/IB/0
x3201c0s19b0n0:53872:53907 [0] NCCL INFO Channel 03/0 : 5[46000] -> 8[7000] [receive] via NET/IB/0
x3201c0s25b1n0:53387:53420 [2] NCCL INFO Channel 00 : 30[85000] -> 29[46000] via P2P/IPC/read
x3201c0s25b1n0:53387:53420 [2] NCCL INFO Channel 01 : 30[85000] -> 29[46000] via P2P/IPC/read
x3201c0s25b1n0:53387:53420 [2] NCCL INFO Channel 02 : 30[85000] -> 29[46000] via P2P/IPC/read
x3202c0s13b0n0:64768:64800 [3] NCCL INFO Parsed MSCCL Algorithm /home/yuke/ncclPG/msccl_tools_lyd/examples/xml/allreduce_binary_tree_h_p_2nic_4gpu_p_Simple_gpu64_ins1_nchunk_256_nch_8.xml successfully.
x3201c0s25b1n0:53387:53420 [2] NCCL INFO Channel 03 : 30[85000] -> 29[46000] via P2P/IPC/read
x3201c0s31b0n0:5357:5394 [0] NCCL INFO Channel 01/0 : 32[7000] -> 48[7000] [send] via NET/IB/0
x3201c0s25b1n0:53386:53419 [1] NCCL INFO Channel 03/0 : 29[46000] -> 44[7000] [send] via NET/IB/0
x3201c0s25b1n0:53388:53414 [3] NCCL INFO Connected all trees
x3201c0s25b1n0:53388:53414 [3] NCCL INFO MSCCL_XML_FILES set by environment to /home/yuke/ncclPG/msccl_tools_lyd/examples/xml/allreduce_binary_tree_h_p_2nic_4gpu_p_Simple_gpu64_ins1_nchunk_256_nch_8.xml
x3201c0s25b1n0:53388:53414 [3] NCCL INFO MSCCL: Parsing algorithm /home/yuke/ncclPG/msccl_tools_lyd/examples/xml/allreduce_binary_tree_h_p_2nic_4gpu_p_Simple_gpu64_ins1_nchunk_256_nch_8.xml
x3201c0s31b1n0:4209:4242 [0] NCCL INFO Channel 00/0 : 36[7000] -> 41[46000] [send] via NET/IB/1
x3201c0s19b1n0:55105:55137 [3] NCCL INFO Channel 06/0 : 7[c7000] -> 15[c7000] [receive] via NET/IB/0
x3201c0s25b0n0:53978:54007 [0] NCCL INFO Channel 02/0 : 21[46000] -> 24[7000] [receive] via NET/IB/1
x3201c0s13b0n0:62655:62689 [2] NCCL INFO Channel 00 : 2[85000] -> 1[46000] via P2P/IPC/read
x3201c0s13b0n0:62655:62689 [2] NCCL INFO Channel 01 : 2[85000] -> 1[46000] via P2P/IPC/read
x3201c0s13b0n0:62655:62689 [2] NCCL INFO Channel 02 : 2[85000] -> 1[46000] via P2P/IPC/read
x3201c0s13b0n0:62655:62689 [2] NCCL INFO Channel 03 : 2[85000] -> 1[46000] via P2P/IPC/read
x3201c0s37b0n0:4629:4676 [0] NCCL INFO Channel 02/0 : 37[46000] -> 40[7000] [receive] via NET/IB/1
x3201c0s25b0n0:53979:54013 [1] NCCL INFO Channel 00/0 : 20[7000] -> 25[46000] [receive] via NET/IB/1
x3201c0s25b1n0:53385:53416 [0] NCCL INFO Channel 01/0 : 24[7000] -> 28[7000] [receive] via NET/IB/0
x3201c0s37b0n0:4630:4675 [1] NCCL INFO Channel 01/0 : 36[7000] -> 41[46000] [receive] via NET/IB/0
x3201c0s31b1n0:4209:4242 [0] NCCL INFO Channel 01/0 : 36[7000] -> 41[46000] [send] via NET/IB/0
x3201c0s13b0n0:62656:62683 [3] NCCL INFO Connected all trees
x3201c0s13b0n0:62656:62683 [3] NCCL INFO MSCCL_XML_FILES set by environment to /home/yuke/ncclPG/msccl_tools_lyd/examples/xml/allreduce_binary_tree_h_p_2nic_4gpu_p_Simple_gpu64_ins1_nchunk_256_nch_8.xml
x3201c0s13b0n0:62656:62683 [3] NCCL INFO MSCCL: Parsing algorithm /home/yuke/ncclPG/msccl_tools_lyd/examples/xml/allreduce_binary_tree_h_p_2nic_4gpu_p_Simple_gpu64_ins1_nchunk_256_nch_8.xml
x3201c0s25b0n0:53980:54010 [2] NCCL INFO Channel 00 : 26[85000] -> 25[46000] via P2P/IPC/read
x3201c0s25b0n0:53980:54010 [2] NCCL INFO Channel 01 : 26[85000] -> 25[46000] via P2P/IPC/read
x3201c0s25b0n0:53980:54010 [2] NCCL INFO Channel 02 : 26[85000] -> 25[46000] via P2P/IPC/read
x3201c0s25b0n0:53980:54010 [2] NCCL INFO Channel 03 : 26[85000] -> 25[46000] via P2P/IPC/read
x3201c0s25b0n0:53981:54012 [3] NCCL INFO Connected all trees
x3201c0s25b0n0:53981:54012 [3] NCCL INFO MSCCL_XML_FILES set by environment to /home/yuke/ncclPG/msccl_tools_lyd/examples/xml/allreduce_binary_tree_h_p_2nic_4gpu_p_Simple_gpu64_ins1_nchunk_256_nch_8.xml
x3201c0s25b0n0:53981:54012 [3] NCCL INFO MSCCL: Parsing algorithm /home/yuke/ncclPG/msccl_tools_lyd/examples/xml/allreduce_binary_tree_h_p_2nic_4gpu_p_Simple_gpu64_ins1_nchunk_256_nch_8.xml
x3202c0s13b0n0:64768:64800 [3] NCCL INFO Channel 07/0 : 55[c7000] -> 59[c7000] [receive] via NET/IB/0
x3201c0s25b0n0:53978:54007 [0] NCCL INFO Channel 03/0 : 21[46000] -> 24[7000] [receive] via NET/IB/0
x3201c0s37b1n0:64435:64464 [0] NCCL INFO Channel 00/0 : 40[7000] -> 44[7000] [receive] via NET/IB/1
x3201c0s19b1n0:55105:55137 [3] NCCL INFO Channel 07/0 : 15[c7000] -> 23[c7000] [send] via NET/IB/0
x3201c0s37b1n0:64437:64468 [2] NCCL INFO Channel 00 : 46[85000] -> 45[46000] via P2P/IPC/read
x3201c0s37b1n0:64437:64468 [2] NCCL INFO Channel 01 : 46[85000] -> 45[46000] via P2P/IPC/read
x3201c0s37b1n0:64437:64468 [2] NCCL INFO Channel 02 : 46[85000] -> 45[46000] via P2P/IPC/read
x3201c0s37b1n0:64437:64468 [2] NCCL INFO Channel 03 : 46[85000] -> 45[46000] via P2P/IPC/read
x3201c0s7b0n0:24582:24611 [2] NCCL INFO Channel 00 : 50[85000] -> 49[46000] via P2P/IPC/read
x3201c0s7b0n0:24582:24611 [2] NCCL INFO Channel 01 : 50[85000] -> 49[46000] via P2P/IPC/read
x3201c0s7b0n0:24582:24611 [2] NCCL INFO Channel 02 : 50[85000] -> 49[46000] via P2P/IPC/read
x3201c0s7b0n0:24582:24611 [2] NCCL INFO Channel 03 : 50[85000] -> 49[46000] via P2P/IPC/read
x3201c0s7b0n0:24583:24610 [3] NCCL INFO Connected all trees
x3201c0s7b0n0:24583:24610 [3] NCCL INFO MSCCL_XML_FILES set by environment to /home/yuke/ncclPG/msccl_tools_lyd/examples/xml/allreduce_binary_tree_h_p_2nic_4gpu_p_Simple_gpu64_ins1_nchunk_256_nch_8.xml
x3201c0s7b0n0:24583:24610 [3] NCCL INFO MSCCL: Parsing algorithm /home/yuke/ncclPG/msccl_tools_lyd/examples/xml/allreduce_binary_tree_h_p_2nic_4gpu_p_Simple_gpu64_ins1_nchunk_256_nch_8.xml
x3201c0s1b1n0:44223:44260 [0] NCCL INFO Channel 02/0 : 16[7000] -> 20[7000] [receive] via NET/IB/1
x3201c0s1b1n0:44223:44260 [0] NCCL INFO Channel 03/0 : 16[7000] -> 20[7000] [receive] via NET/IB/0
x3201c0s37b1n0:64436:64470 [1] NCCL INFO Channel 02/0 : 45[46000] -> 52[7000] [send] via NET/IB/1
x3201c0s31b1n0:4212:4246 [3] NCCL INFO Parsed MSCCL Algorithm /home/yuke/ncclPG/msccl_tools_lyd/examples/xml/allreduce_binary_tree_h_p_2nic_4gpu_p_Simple_gpu64_ins1_nchunk_256_nch_8.xml successfully.
x3201c0s1b1n0:44224:44256 [1] NCCL INFO Channel 02/0 : 21[46000] -> 24[7000] [send] via NET/IB/1
x3202c0s19b0n0:50854:50885 [1] NCCL INFO Parsed MSCCL Algorithm /home/yuke/ncclPG/msccl_tools_lyd/examples/xml/allreduce_binary_tree_h_p_2nic_4gpu_p_Simple_gpu64_ins1_nchunk_256_nch_8.xml successfully.
x3201c0s37b1n0:64438:64466 [3] NCCL INFO Connected all trees
x3201c0s37b1n0:64438:64466 [3] NCCL INFO MSCCL_XML_FILES set by environment to /home/yuke/ncclPG/msccl_tools_lyd/examples/xml/allreduce_binary_tree_h_p_2nic_4gpu_p_Simple_gpu64_ins1_nchunk_256_nch_8.xml
x3201c0s13b1n0:53866:53897 [3] NCCL INFO Parsed MSCCL Algorithm /home/yuke/ncclPG/msccl_tools_lyd/examples/xml/allreduce_binary_tree_h_p_2nic_4gpu_p_Simple_gpu64_ins1_nchunk_256_nch_8.xml successfully.
x3201c0s37b1n0:64438:64466 [3] NCCL INFO MSCCL: Parsing algorithm /home/yuke/ncclPG/msccl_tools_lyd/examples/xml/allreduce_binary_tree_h_p_2nic_4gpu_p_Simple_gpu64_ins1_nchunk_256_nch_8.xml
x3202c0s19b0n0:50856:50890 [3] NCCL INFO Parsed MSCCL Algorithm /home/yuke/ncclPG/msccl_tools_lyd/examples/xml/allreduce_binary_tree_h_p_2nic_4gpu_p_Simple_gpu64_ins1_nchunk_256_nch_8.xml successfully.
x3201c0s25b0n0:53979:54013 [1] NCCL INFO Channel 01/0 : 20[7000] -> 25[46000] [receive] via NET/IB/0
x3201c0s7b1n0:38957:38988 [3] NCCL INFO Parsed MSCCL Algorithm /home/yuke/ncclPG/msccl_tools_lyd/examples/xml/allreduce_binary_tree_h_p_2nic_4gpu_p_Simple_gpu64_ins1_nchunk_256_nch_8.xml successfully.
x3201c0s13b0n0:62654:62688 [1] NCCL INFO Connected all trees
x3201c0s13b0n0:62654:62688 [1] NCCL INFO MSCCL_XML_FILES set by environment to /home/yuke/ncclPG/msccl_tools_lyd/examples/xml/allreduce_binary_tree_h_p_2nic_4gpu_p_Simple_gpu64_ins1_nchunk_256_nch_8.xml
x3201c0s13b0n0:62654:62688 [1] NCCL INFO MSCCL: Parsing algorithm /home/yuke/ncclPG/msccl_tools_lyd/examples/xml/allreduce_binary_tree_h_p_2nic_4gpu_p_Simple_gpu64_ins1_nchunk_256_nch_8.xml
x3201c0s13b0n0:62655:62689 [2] NCCL INFO Connected all trees
x3201c0s13b0n0:62655:62689 [2] NCCL INFO MSCCL_XML_FILES set by environment to /home/yuke/ncclPG/msccl_tools_lyd/examples/xml/allreduce_binary_tree_h_p_2nic_4gpu_p_Simple_gpu64_ins1_nchunk_256_nch_8.xml
x3201c0s13b0n0:62655:62689 [2] NCCL INFO MSCCL: Parsing algorithm /home/yuke/ncclPG/msccl_tools_lyd/examples/xml/allreduce_binary_tree_h_p_2nic_4gpu_p_Simple_gpu64_ins1_nchunk_256_nch_8.xml
x3201c0s37b1n0:64435:64464 [0] NCCL INFO Channel 01/0 : 40[7000] -> 44[7000] [receive] via NET/IB/0
x3201c0s1b1n0:44225:44254 [2] NCCL INFO Channel 00 : 22[85000] -> 21[46000] via P2P/IPC/read
x3201c0s1b1n0:44225:44254 [2] NCCL INFO Channel 01 : 22[85000] -> 21[46000] via P2P/IPC/read
x3201c0s1b1n0:44225:44254 [2] NCCL INFO Channel 02 : 22[85000] -> 21[46000] via P2P/IPC/read
x3201c0s1b1n0:44225:44254 [2] NCCL INFO Channel 03 : 22[85000] -> 21[46000] via P2P/IPC/read
x3201c0s13b1n0:53866:53897 [3] NCCL INFO Channel 06/0 : 3[c7000] -> 7[c7000] [receive] via NET/IB/0
x3201c0s13b1n0:53866:53897 [3] NCCL INFO Channel 07/0 : 7[c7000] -> 11[c7000] [send] via NET/IB/0
x3201c0s1b1n0:44224:44256 [1] NCCL INFO Channel 03/0 : 21[46000] -> 24[7000] [send] via NET/IB/0
x3202c0s19b0n0:50855:50883 [2] NCCL INFO Parsed MSCCL Algorithm /home/yuke/ncclPG/msccl_tools_lyd/examples/xml/allreduce_binary_tree_h_p_2nic_4gpu_p_Simple_gpu64_ins1_nchunk_256_nch_8.xml successfully.
x3202c0s19b0n0:50855:50883 [2] NCCL INFO Connected 1 MSCCL algorithms
x3202c0s19b0n0:50855:50883 [2] NCCL INFO NCCL_PROTO set by environment to Simple
x3202c0s19b0n0:50855:50883 [2] NCCL INFO NCCL_ALGO set by environment to MSCCL,TREE,RING
x3202c0s19b0n0:50855:50883 [2] NCCL INFO threadThresholds 8/8/64 | 512/8/64 | 8/8/64 | 8/8/512
x3202c0s19b0n0:50855:50883 [2] NCCL INFO 8 coll channels, 4 p2p channels, 2 p2p channels per peer
x3201c0s37b1n0:64436:64470 [1] NCCL INFO Channel 03/0 : 45[46000] -> 52[7000] [send] via NET/IB/0
x3201c0s1b1n0:44226:44258 [3] NCCL INFO Connected all trees
x3201c0s1b1n0:44226:44258 [3] NCCL INFO MSCCL_XML_FILES set by environment to /home/yuke/ncclPG/msccl_tools_lyd/examples/xml/allreduce_binary_tree_h_p_2nic_4gpu_p_Simple_gpu64_ins1_nchunk_256_nch_8.xml
x3201c0s1b1n0:44226:44258 [3] NCCL INFO MSCCL: Parsing algorithm /home/yuke/ncclPG/msccl_tools_lyd/examples/xml/allreduce_binary_tree_h_p_2nic_4gpu_p_Simple_gpu64_ins1_nchunk_256_nch_8.xml
x3201c0s7b0n0:24578:24615 [0] NCCL INFO Channel 00/0 : 48[7000] -> 56[7000] [send] via NET/IB/1
x3201c0s31b0n0:5361:5392 [3] NCCL INFO Parsed MSCCL Algorithm /home/yuke/ncclPG/msccl_tools_lyd/examples/xml/allreduce_binary_tree_h_p_2nic_4gpu_p_Simple_gpu64_ins1_nchunk_256_nch_8.xml successfully.
x3201c0s37b0n0:4629:4676 [0] NCCL INFO Channel 03/0 : 37[46000] -> 40[7000] [receive] via NET/IB/0
x3202c0s13b0n0:64763:64798 [0] NCCL INFO Channel 00/0 : 56[7000] -> 60[7000] [send] via NET/IB/1
x3201c0s7b1n0:38954:38983 [1] NCCL INFO Channel 02/0 : 56[7000] -> 53[46000] [receive] via NET/IB/1
x3202c0s19b0n0:50854:50885 [1] NCCL INFO Channel 05/0 : 57[46000] -> 61[46000] [receive] via NET/IB/1
x3202c0s19b0n0:50856:50890 [3] NCCL INFO Channel 06/0 : 31[c7000] -> 63[c7000] [receive] via NET/IB/0
x3201c0s31b0n0:5361:5392 [3] NCCL INFO Channel 06/0 : 35[c7000] -> 39[c7000] [send] via NET/IB/0
x3201c0s19b0n0:53875:53905 [3] NCCL INFO Parsed MSCCL Algorithm /home/yuke/ncclPG/msccl_tools_lyd/examples/xml/allreduce_binary_tree_h_p_2nic_4gpu_p_Simple_gpu64_ins1_nchunk_256_nch_8.xml successfully.
x3201c0s31b1n0:4212:4246 [3] NCCL INFO Channel 06/0 : 35[c7000] -> 39[c7000] [receive] via NET/IB/0
x3202c0s13b0n0:64763:64798 [0] NCCL INFO Channel 01/0 : 56[7000] -> 60[7000] [send] via NET/IB/0
x3201c0s31b1n0:4209:4242 [0] NCCL INFO Channel 02/0 : 36[7000] -> 44[7000] [send] via NET/IB/1
x3201c0s13b1n0:53863:53896 [0] NCCL INFO Channel 00/0 : 4[7000] -> 9[46000] [send] via NET/IB/1
x3201c0s13b1n0:53864:53898 [1] NCCL INFO Channel 02/0 : 8[7000] -> 5[46000] [receive] via NET/IB/1
x3201c0s7b0n0:24578:24615 [0] NCCL INFO Channel 01/0 : 48[7000] -> 56[7000] [send] via NET/IB/0
x3201c0s37b0n0:4630:4675 [1] NCCL INFO Channel 00/0 : 41[46000] -> 36[7000] [send] via NET/IB/1
x3201c0s7b1n0:38957:38988 [3] NCCL INFO Channel 06/0 : 51[c7000] -> 55[c7000] [receive] via NET/IB/0
x3201c0s7b1n0:38957:38988 [3] NCCL INFO Channel 07/0 : 55[c7000] -> 59[c7000] [send] via NET/IB/0
x3201c0s7b1n0:38952:38989 [0] NCCL INFO Channel 00/0 : 52[7000] -> 57[46000] [send] via NET/IB/1
x3201c0s19b0n0:53875:53905 [3] NCCL INFO Channel 07/0 : 7[c7000] -> 11[c7000] [receive] via NET/IB/0
x3202c0s19b0n0:50856:50890 [3] NCCL INFO Channel 07/0 : 63[c7000] -> 31[c7000] [send] via NET/IB/0
x3201c0s31b1n0:4209:4242 [0] NCCL INFO Channel 03/0 : 36[7000] -> 44[7000] [send] via NET/IB/0
x3201c0s31b1n0:4212:4246 [3] NCCL INFO Channel 07/0 : 39[c7000] -> 43[c7000] [send] via NET/IB/0
x3201c0s37b0n0:4630:4675 [1] NCCL INFO Channel 01/0 : 41[46000] -> 36[7000] [send] via NET/IB/0
x3201c0s13b0n0:62653:62680 [0] NCCL INFO Channel 00/0 : 32[7000] -> 0[7000] [receive] via NET/IB/1
x3201c0s19b0n0:53872:53907 [0] NCCL INFO Channel 00/0 : 8[7000] -> 12[7000] [send] via NET/IB/1
x3201c0s7b1n0:38954:38983 [1] NCCL INFO Channel 03/0 : 56[7000] -> 53[46000] [receive] via NET/IB/0
x3201c0s13b0n0:62653:62680 [0] NCCL INFO Channel 01/0 : 32[7000] -> 0[7000] [receive] via NET/IB/0
x3201c0s13b1n0:53864:53898 [1] NCCL INFO Channel 03/0 : 8[7000] -> 5[46000] [receive] via NET/IB/0
x3201c0s13b1n0:53863:53896 [0] NCCL INFO Channel 01/0 : 4[7000] -> 9[46000] [send] via NET/IB/0
x3201c0s1b0n0:48152:48185 [3] NCCL INFO Parsed MSCCL Algorithm /home/yuke/ncclPG/msccl_tools_lyd/examples/xml/allreduce_binary_tree_h_p_2nic_4gpu_p_Simple_gpu64_ins1_nchunk_256_nch_8.xml successfully.
x3201c0s19b0n0:53872:53907 [0] NCCL INFO Channel 01/0 : 8[7000] -> 12[7000] [send] via NET/IB/0
x3201c0s7b1n0:38952:38989 [0] NCCL INFO Channel 01/0 : 52[7000] -> 57[46000] [send] via NET/IB/0
x3201c0s37b0n0:4642:4670 [3] NCCL INFO Parsed MSCCL Algorithm /home/yuke/ncclPG/msccl_tools_lyd/examples/xml/allreduce_binary_tree_h_p_2nic_4gpu_p_Simple_gpu64_ins1_nchunk_256_nch_8.xml successfully.
x3201c0s25b0n0:53978:54007 [0] NCCL INFO Channel 00/0 : 24[7000] -> 28[7000] [send] via NET/IB/1
x3201c0s13b0n0:62654:62688 [1] NCCL INFO Parsed MSCCL Algorithm /home/yuke/ncclPG/msccl_tools_lyd/examples/xml/allreduce_binary_tree_h_p_2nic_4gpu_p_Simple_gpu64_ins1_nchunk_256_nch_8.xml successfully.
x3201c0s13b0n0:62656:62683 [3] NCCL INFO Parsed MSCCL Algorithm /home/yuke/ncclPG/msccl_tools_lyd/examples/xml/allreduce_binary_tree_h_p_2nic_4gpu_p_Simple_gpu64_ins1_nchunk_256_nch_8.xml successfully.
x3201c0s31b0n0:5361:5392 [3] NCCL INFO Channel 07/0 : 39[c7000] -> 35[c7000] [receive] via NET/IB/0
x3201c0s1b0n0:48149:48184 [0] NCCL INFO Channel 00/0 : 16[7000] -> 24[7000] [send] via NET/IB/1
x3201c0s1b0n0:48152:48185 [3] NCCL INFO Channel 06/0 : 19[c7000] -> 23[c7000] [send] via NET/IB/0
x3201c0s1b1n0:44223:44260 [0] NCCL INFO Channel 00/0 : 20[7000] -> 25[46000] [send] via NET/IB/1
x3201c0s13b0n0:62655:62689 [2] NCCL INFO Parsed MSCCL Algorithm /home/yuke/ncclPG/msccl_tools_lyd/examples/xml/allreduce_binary_tree_h_p_2nic_4gpu_p_Simple_gpu64_ins1_nchunk_256_nch_8.xml successfully.
x3201c0s13b0n0:62655:62689 [2] NCCL INFO Connected 1 MSCCL algorithms
x3201c0s13b0n0:62655:62689 [2] NCCL INFO NCCL_PROTO set by environment to Simple
x3201c0s13b0n0:62655:62689 [2] NCCL INFO NCCL_ALGO set by environment to MSCCL,TREE,RING
x3201c0s13b0n0:62655:62689 [2] NCCL INFO threadThresholds 8/8/64 | 512/8/64 | 8/8/64 | 8/8/512
x3201c0s13b0n0:62655:62689 [2] NCCL INFO 8 coll channels, 4 p2p channels, 2 p2p channels per peer
x3201c0s1b0n0:48149:48184 [0] NCCL INFO Channel 01/0 : 16[7000] -> 24[7000] [send] via NET/IB/0
x3201c0s25b1n0:53388:53414 [3] NCCL INFO Parsed MSCCL Algorithm /home/yuke/ncclPG/msccl_tools_lyd/examples/xml/allreduce_binary_tree_h_p_2nic_4gpu_p_Simple_gpu64_ins1_nchunk_256_nch_8.xml successfully.
x3201c0s37b0n0:4642:4670 [3] NCCL INFO Channel 07/0 : 39[c7000] -> 43[c7000] [receive] via NET/IB/0
x3201c0s13b0n0:62654:62688 [1] NCCL INFO Channel 04/0 : 33[46000] -> 1[46000] [receive] via NET/IB/1
x3201c0s31b1n0:4210:4244 [1] NCCL INFO Channel 02/0 : 40[7000] -> 37[46000] [receive] via NET/IB/1
x3201c0s19b0n0:53873:53906 [1] NCCL INFO Channel 00/0 : 9[46000] -> 4[7000] [send] via NET/IB/1
x3201c0s19b0n0:53873:53906 [1] NCCL INFO Channel 01/0 : 9[46000] -> 4[7000] [send] via NET/IB/0
x3201c0s1b1n0:44224:44256 [1] NCCL INFO Channel 02/0 : 24[7000] -> 21[46000] [receive] via NET/IB/1
x3201c0s13b0n0:62653:62680 [0] NCCL INFO Channel 00/0 : 0[7000] -> 32[7000] [send] via NET/IB/1
x3201c0s13b0n0:62656:62683 [3] NCCL INFO Channel 06/0 : 3[c7000] -> 7[c7000] [send] via NET/IB/0
x3201c0s1b1n0:44223:44260 [0] NCCL INFO Channel 01/0 : 20[7000] -> 25[46000] [send] via NET/IB/0
x3201c0s13b0n0:62654:62688 [1] NCCL INFO Channel 05/0 : 1[46000] -> 33[46000] [send] via NET/IB/1
x3201c0s37b0n0:4629:4676 [0] NCCL INFO Channel 00/0 : 40[7000] -> 44[7000] [send] via NET/IB/1
x3201c0s1b1n0:44224:44256 [1] NCCL INFO Channel 03/0 : 24[7000] -> 21[46000] [receive] via NET/IB/0
x3201c0s25b0n0:53978:54007 [0] NCCL INFO Channel 01/0 : 24[7000] -> 28[7000] [send] via NET/IB/0
x3201c0s13b0n0:62653:62680 [0] NCCL INFO Channel 01/0 : 0[7000] -> 32[7000] [send] via NET/IB/0
x3201c0s31b1n0:4210:4244 [1] NCCL INFO Channel 03/0 : 40[7000] -> 37[46000] [receive] via NET/IB/0
x3201c0s25b0n0:53981:54012 [3] NCCL INFO Parsed MSCCL Algorithm /home/yuke/ncclPG/msccl_tools_lyd/examples/xml/allreduce_binary_tree_h_p_2nic_4gpu_p_Simple_gpu64_ins1_nchunk_256_nch_8.xml successfully.
x3201c0s25b1n0:53388:53414 [3] NCCL INFO Channel 06/0 : 15[c7000] -> 31[c7000] [receive] via NET/IB/0
x3201c0s7b0n0:24583:24610 [3] NCCL INFO Parsed MSCCL Algorithm /home/yuke/ncclPG/msccl_tools_lyd/examples/xml/allreduce_binary_tree_h_p_2nic_4gpu_p_Simple_gpu64_ins1_nchunk_256_nch_8.xml successfully.
x3202c0s13b0n0:64763:64798 [0] NCCL INFO Channel 00/0 : 48[7000] -> 56[7000] [receive] via NET/IB/1
x3201c0s37b0n0:4629:4676 [0] NCCL INFO Channel 01/0 : 40[7000] -> 44[7000] [send] via NET/IB/0
x3201c0s37b1n0:64438:64466 [3] NCCL INFO Parsed MSCCL Algorithm /home/yuke/ncclPG/msccl_tools_lyd/examples/xml/allreduce_binary_tree_h_p_2nic_4gpu_p_Simple_gpu64_ins1_nchunk_256_nch_8.xml successfully.
x3201c0s25b1n0:53388:53414 [3] NCCL INFO Channel 07/0 : 31[c7000] -> 47[c7000] [send] via NET/IB/0
x3201c0s1b1n0:44226:44258 [3] NCCL INFO Parsed MSCCL Algorithm /home/yuke/ncclPG/msccl_tools_lyd/examples/xml/allreduce_binary_tree_h_p_2nic_4gpu_p_Simple_gpu64_ins1_nchunk_256_nch_8.xml successfully.
x3202c0s19b0n0:50853:50887 [0] NCCL INFO Channel 02/0 : 28[7000] -> 60[7000] [receive] via NET/IB/1
x3201c0s37b1n0:64438:64466 [3] NCCL INFO Channel 06/0 : 39[c7000] -> 47[c7000] [receive] via NET/IB/0
x3201c0s13b1n0:53863:53896 [0] NCCL INFO Channel 02/0 : 4[7000] -> 12[7000] [send] via NET/IB/1
x3201c0s7b0n0:24583:24610 [3] NCCL INFO Channel 06/0 : 51[c7000] -> 55[c7000] [send] via NET/IB/0
x3201c0s19b0n0:53875:53905 [3] NCCL INFO Channel 06/0 : 11[c7000] -> 7[c7000] [send] via NET/IB/0
x3201c0s1b1n0:44226:44258 [3] NCCL INFO Channel 06/0 : 19[c7000] -> 23[c7000] [receive] via NET/IB/0
x3201c0s13b0n0:62656:62683 [3] NCCL INFO Channel 07/0 : 7[c7000] -> 3[c7000] [receive] via NET/IB/0
x3201c0s25b0n0:53981:54012 [3] NCCL INFO Channel 07/0 : 23[c7000] -> 27[c7000] [receive] via NET/IB/0
x3202c0s13b0n0:64763:64798 [0] NCCL INFO Channel 01/0 : 48[7000] -> 56[7000] [receive] via NET/IB/0
x3202c0s19b0n0:50853:50887 [0] NCCL INFO Channel 03/0 : 28[7000] -> 60[7000] [receive] via NET/IB/0
x3202c0s13b0n0:64766:64799 [1] NCCL INFO Channel 00/0 : 57[46000] -> 52[7000] [send] via NET/IB/1
x3201c0s13b1n0:53863:53896 [0] NCCL INFO Channel 03/0 : 4[7000] -> 12[7000] [send] via NET/IB/0
x3201c0s19b0n0:53872:53907 [0] NCCL INFO Channel 00/0 : 8[7000] -> 17[46000] [send] via NET/IB/1
x3201c0s7b1n0:38952:38989 [0] NCCL INFO Channel 02/0 : 45[46000] -> 52[7000] [receive] via NET/IB/1
x3201c0s37b1n0:64438:64466 [3] NCCL INFO Channel 07/0 : 47[c7000] -> 55[c7000] [send] via NET/IB/0
x3201c0s37b0n0:4642:4670 [3] NCCL INFO Channel 06/0 : 43[c7000] -> 39[c7000] [send] via NET/IB/0
x3201c0s25b0n0:53979:54013 [1] NCCL INFO Channel 00/0 : 25[46000] -> 20[7000] [send] via NET/IB/1
x3202c0s13b0n0:64766:64799 [1] NCCL INFO Channel 01/0 : 57[46000] -> 52[7000] [send] via NET/IB/0
x3201c0s1b1n0:44226:44258 [3] NCCL INFO Channel 07/0 : 23[c7000] -> 27[c7000] [send] via NET/IB/0
x3201c0s7b0n0:24583:24610 [3] NCCL INFO Channel 07/0 : 55[c7000] -> 51[c7000] [receive] via NET/IB/0
x3201c0s19b0n0:53872:53907 [0] NCCL INFO Channel 01/0 : 8[7000] -> 17[46000] [send] via NET/IB/0
x3201c0s1b1n0:44223:44260 [0] NCCL INFO Channel 02/0 : 13[46000] -> 20[7000] [receive] via NET/IB/1
x3201c0s31b1n0:4212:4246 [3] NCCL INFO Channel 06/0 : 39[c7000] -> 47[c7000] [send] via NET/IB/0
x3201c0s19b1n0:55102:55132 [0] NCCL INFO Channel 02/0 : 4[7000] -> 12[7000] [receive] via NET/IB/1
x3201c0s25b1n0:53385:53416 [0] NCCL INFO Channel 02/0 : 12[7000] -> 28[7000] [receive] via NET/IB/1
x3201c0s19b1n0:55102:55132 [0] NCCL INFO Channel 03/0 : 4[7000] -> 12[7000] [receive] via NET/IB/0
x3202c0s13b0n0:64768:64800 [3] NCCL INFO Channel 06/0 : 59[c7000] -> 55[c7000] [send] via NET/IB/0
x3201c0s7b1n0:38952:38989 [0] NCCL INFO Channel 03/0 : 45[46000] -> 52[7000] [receive] via NET/IB/0
x3202c0s19b0n0:50853:50887 [0] NCCL INFO Channel 02/0 : 60[7000] -> 28[7000] [send] via NET/IB/1
x3201c0s13b1n0:53866:53897 [3] NCCL INFO Channel 06/0 : 7[c7000] -> 15[c7000] [send] via NET/IB/0
x3201c0s1b1n0:44223:44260 [0] NCCL INFO Channel 03/0 : 13[46000] -> 20[7000] [receive] via NET/IB/0
x3201c0s25b0n0:53979:54013 [1] NCCL INFO Channel 01/0 : 25[46000] -> 20[7000] [send] via NET/IB/0
x3201c0s25b0n0:53978:54007 [0] NCCL INFO Channel 00/0 : 16[7000] -> 24[7000] [receive] via NET/IB/1
x3202c0s19b0n0:50853:50887 [0] NCCL INFO Channel 03/0 : 60[7000] -> 28[7000] [send] via NET/IB/0
x3201c0s31b1n0:4212:4246 [3] NCCL INFO Channel 07/0 : 47[c7000] -> 39[c7000] [receive] via NET/IB/0
x3201c0s37b1n0:64435:64464 [0] NCCL INFO Channel 02/0 : 36[7000] -> 44[7000] [receive] via NET/IB/1
x3201c0s25b0n0:53981:54012 [3] NCCL INFO Channel 06/0 : 27[c7000] -> 23[c7000] [send] via NET/IB/0
x3201c0s37b0n0:4629:4676 [0] NCCL INFO Channel 00/0 : 40[7000] -> 49[46000] [send] via NET/IB/1
x3201c0s1b0n0:48152:48185 [3] NCCL INFO Channel 07/0 : 23[c7000] -> 19[c7000] [receive] via NET/IB/0
x3201c0s7b1n0:38957:38988 [3] NCCL INFO Channel 07/0 : 47[c7000] -> 55[c7000] [receive] via NET/IB/0
x3201c0s37b0n0:4629:4676 [0] NCCL INFO Channel 01/0 : 40[7000] -> 49[46000] [send] via NET/IB/0
x3201c0s25b1n0:53385:53416 [0] NCCL INFO Channel 03/0 : 12[7000] -> 28[7000] [receive] via NET/IB/0
x3201c0s7b0n0:24578:24615 [0] NCCL INFO Channel 00/0 : 32[7000] -> 48[7000] [receive] via NET/IB/1
x3201c0s37b1n0:64435:64464 [0] NCCL INFO Channel 03/0 : 36[7000] -> 44[7000] [receive] via NET/IB/0
x3201c0s19b0n0:53872:53907 [0] NCCL INFO Channel 00/0 : 17[46000] -> 8[7000] [receive] via NET/IB/1
x3201c0s13b1n0:53866:53897 [3] NCCL INFO Channel 07/0 : 15[c7000] -> 7[c7000] [receive] via NET/IB/0
x3201c0s7b0n0:24578:24615 [0] NCCL INFO Channel 01/0 : 32[7000] -> 48[7000] [receive] via NET/IB/0
x3201c0s25b0n0:53978:54007 [0] NCCL INFO Channel 01/0 : 16[7000] -> 24[7000] [receive] via NET/IB/0
x3201c0s1b1n0:44226:44258 [3] NCCL INFO Channel 07/0 : 15[c7000] -> 23[c7000] [receive] via NET/IB/0
x3202c0s13b0n0:64763:64798 [0] NCCL INFO Channel 00/0 : 56[7000] -> 48[7000] [send] via NET/IB/1
x3202c0s13b0n0:64763:64798 [0] NCCL INFO Channel 01/0 : 56[7000] -> 48[7000] [send] via NET/IB/0
x3201c0s19b0n0:53872:53907 [0] NCCL INFO Channel 01/0 : 17[46000] -> 8[7000] [receive] via NET/IB/0
x3201c0s19b1n0:55102:55132 [0] NCCL INFO Channel 02/0 : 12[7000] -> 28[7000] [send] via NET/IB/1
x3201c0s7b1n0:38952:38989 [0] NCCL INFO Channel 02/0 : 52[7000] -> 45[46000] [send] via NET/IB/1
x3201c0s1b0n0:48150:48183 [1] NCCL INFO Channel 00/0 : 17[46000] -> 8[7000] [send] via NET/IB/1
x3201c0s7b0n0:24580:24613 [1] NCCL INFO Channel 00/0 : 49[46000] -> 40[7000] [send] via NET/IB/1
x3201c0s7b0n0:24580:24613 [1] NCCL INFO Channel 01/0 : 49[46000] -> 40[7000] [send] via NET/IB/0
x3201c0s7b1n0:38957:38988 [3] NCCL INFO Channel 06/0 : 55[c7000] -> 47[c7000] [send] via NET/IB/0
x3201c0s13b1n0:53863:53896 [0] NCCL INFO Channel 02/0 : 12[7000] -> 4[7000] [receive] via NET/IB/1
x3201c0s37b1n0:64436:64470 [1] NCCL INFO Channel 02/0 : 52[7000] -> 45[46000] [receive] via NET/IB/1
x3201c0s19b1n0:55103:55134 [1] NCCL INFO Channel 02/0 : 20[7000] -> 13[46000] [receive] via NET/IB/1
x3201c0s7b1n0:38952:38989 [0] NCCL INFO Channel 03/0 : 52[7000] -> 45[46000] [send] via NET/IB/0
x3201c0s1b0n0:48150:48183 [1] NCCL INFO Channel 01/0 : 17[46000] -> 8[7000] [send] via NET/IB/0
x3201c0s1b1n0:44223:44260 [0] NCCL INFO Channel 02/0 : 20[7000] -> 13[46000] [send] via NET/IB/1
x3201c0s13b1n0:53863:53896 [0] NCCL INFO Channel 03/0 : 12[7000] -> 4[7000] [receive] via NET/IB/0
x3201c0s19b1n0:55102:55132 [0] NCCL INFO Channel 03/0 : 12[7000] -> 28[7000] [send] via NET/IB/0
x3201c0s37b1n0:64436:64470 [1] NCCL INFO Channel 03/0 : 52[7000] -> 45[46000] [receive] via NET/IB/0
x3201c0s1b1n0:44223:44260 [0] NCCL INFO Channel 03/0 : 20[7000] -> 13[46000] [send] via NET/IB/0
x3201c0s37b0n0:4629:4676 [0] NCCL INFO Channel 00/0 : 49[46000] -> 40[7000] [receive] via NET/IB/1
x3201c0s19b1n0:55103:55134 [1] NCCL INFO Channel 03/0 : 20[7000] -> 13[46000] [receive] via NET/IB/0
x3201c0s31b1n0:4209:4242 [0] NCCL INFO Channel 02/0 : 44[7000] -> 36[7000] [receive] via NET/IB/1
x3201c0s31b1n0:4209:4242 [0] NCCL INFO Channel 03/0 : 44[7000] -> 36[7000] [receive] via NET/IB/0
x3201c0s37b1n0:64438:64466 [3] NCCL INFO Channel 07/0 : 31[c7000] -> 47[c7000] [receive] via NET/IB/0
x3201c0s1b0n0:48149:48184 [0] NCCL INFO Channel 00/0 : 16[7000] -> 33[46000] [send] via NET/IB/1
x3201c0s1b1n0:44226:44258 [3] NCCL INFO Channel 06/0 : 23[c7000] -> 15[c7000] [send] via NET/IB/0
x3201c0s37b0n0:4629:4676 [0] NCCL INFO Channel 01/0 : 49[46000] -> 40[7000] [receive] via NET/IB/0
x3201c0s7b0n0:24578:24615 [0] NCCL INFO Channel 00/0 : 48[7000] -> 32[7000] [send] via NET/IB/1
x3201c0s25b0n0:53978:54007 [0] NCCL INFO Channel 00/0 : 24[7000] -> 16[7000] [send] via NET/IB/1
x3201c0s1b0n0:48149:48184 [0] NCCL INFO Channel 01/0 : 16[7000] -> 33[46000] [send] via NET/IB/0
x3201c0s31b0n0:5357:5394 [0] NCCL INFO Channel 00/0 : 0[7000] -> 32[7000] [receive] via NET/IB/1
x3201c0s37b1n0:64435:64464 [0] NCCL INFO Channel 02/0 : 29[46000] -> 44[7000] [receive] via NET/IB/1
x3201c0s19b1n0:55105:55137 [3] NCCL INFO Channel 06/0 : 15[c7000] -> 31[c7000] [send] via NET/IB/0
x3201c0s19b0n0:53872:53907 [0] NCCL INFO Channel 00/0 : 12[7000] -> 8[7000] [receive] via NET/IB/1
x3201c0s7b0n0:24578:24615 [0] NCCL INFO Channel 01/0 : 48[7000] -> 32[7000] [send] via NET/IB/0
x3201c0s25b0n0:53978:54007 [0] NCCL INFO Channel 01/0 : 24[7000] -> 16[7000] [send] via NET/IB/0
x3201c0s31b0n0:5357:5394 [0] NCCL INFO Channel 01/0 : 0[7000] -> 32[7000] [receive] via NET/IB/0
x3201c0s37b1n0:64435:64464 [0] NCCL INFO Channel 03/0 : 29[46000] -> 44[7000] [receive] via NET/IB/0
x3201c0s7b1n0:38952:38989 [0] NCCL INFO Channel 00/0 : 57[46000] -> 52[7000] [receive] via NET/IB/1
x3201c0s1b0n0:48149:48184 [0] NCCL INFO Channel 00/0 : 33[46000] -> 16[7000] [receive] via NET/IB/1
x3201c0s7b1n0:38952:38989 [0] NCCL INFO Channel 01/0 : 57[46000] -> 52[7000] [receive] via NET/IB/0
x3201c0s37b1n0:64436:64470 [1] NCCL INFO Connected all trees
x3201c0s37b1n0:64436:64470 [1] NCCL INFO MSCCL_XML_FILES set by environment to /home/yuke/ncclPG/msccl_tools_lyd/examples/xml/allreduce_binary_tree_h_p_2nic_4gpu_p_Simple_gpu64_ins1_nchunk_256_nch_8.xml
x3201c0s37b1n0:64436:64470 [1] NCCL INFO MSCCL: Parsing algorithm /home/yuke/ncclPG/msccl_tools_lyd/examples/xml/allreduce_binary_tree_h_p_2nic_4gpu_p_Simple_gpu64_ins1_nchunk_256_nch_8.xml
x3201c0s19b1n0:55105:55137 [3] NCCL INFO Channel 07/0 : 31[c7000] -> 15[c7000] [receive] via NET/IB/0
x3201c0s37b1n0:64437:64468 [2] NCCL INFO Connected all trees
x3201c0s37b1n0:64437:64468 [2] NCCL INFO MSCCL_XML_FILES set by environment to /home/yuke/ncclPG/msccl_tools_lyd/examples/xml/allreduce_binary_tree_h_p_2nic_4gpu_p_Simple_gpu64_ins1_nchunk_256_nch_8.xml
x3201c0s37b1n0:64437:64468 [2] NCCL INFO MSCCL: Parsing algorithm /home/yuke/ncclPG/msccl_tools_lyd/examples/xml/allreduce_binary_tree_h_p_2nic_4gpu_p_Simple_gpu64_ins1_nchunk_256_nch_8.xml
x3201c0s19b1n0:55102:55132 [0] NCCL INFO Channel 02/0 : 28[7000] -> 12[7000] [receive] via NET/IB/1
x3201c0s31b0n0:5357:5394 [0] NCCL INFO Channel 00/0 : 32[7000] -> 0[7000] [send] via NET/IB/1
x3201c0s1b0n0:48150:48183 [1] NCCL INFO Connected all trees
x3201c0s1b0n0:48150:48183 [1] NCCL INFO MSCCL_XML_FILES set by environment to /home/yuke/ncclPG/msccl_tools_lyd/examples/xml/allreduce_binary_tree_h_p_2nic_4gpu_p_Simple_gpu64_ins1_nchunk_256_nch_8.xml
x3201c0s1b0n0:48150:48183 [1] NCCL INFO MSCCL: Parsing algorithm /home/yuke/ncclPG/msccl_tools_lyd/examples/xml/allreduce_binary_tree_h_p_2nic_4gpu_p_Simple_gpu64_ins1_nchunk_256_nch_8.xml
x3201c0s1b0n0:48151:48186 [2] NCCL INFO Connected all trees
x3201c0s1b0n0:48151:48186 [2] NCCL INFO MSCCL_XML_FILES set by environment to /home/yuke/ncclPG/msccl_tools_lyd/examples/xml/allreduce_binary_tree_h_p_2nic_4gpu_p_Simple_gpu64_ins1_nchunk_256_nch_8.xml
x3201c0s1b0n0:48151:48186 [2] NCCL INFO MSCCL: Parsing algorithm /home/yuke/ncclPG/msccl_tools_lyd/examples/xml/allreduce_binary_tree_h_p_2nic_4gpu_p_Simple_gpu64_ins1_nchunk_256_nch_8.xml
x3201c0s1b1n0:44223:44260 [0] NCCL INFO Channel 00/0 : 25[46000] -> 20[7000] [receive] via NET/IB/1
x3201c0s25b1n0:53385:53416 [0] NCCL INFO Channel 02/0 : 60[7000] -> 28[7000] [receive] via NET/IB/1
x3201c0s19b1n0:55103:55134 [1] NCCL INFO Connected all trees
x3201c0s19b1n0:55103:55134 [1] NCCL INFO MSCCL_XML_FILES set by environment to /home/yuke/ncclPG/msccl_tools_lyd/examples/xml/allreduce_binary_tree_h_p_2nic_4gpu_p_Simple_gpu64_ins1_nchunk_256_nch_8.xml
x3201c0s19b1n0:55103:55134 [1] NCCL INFO MSCCL: Parsing algorithm /home/yuke/ncclPG/msccl_tools_lyd/examples/xml/allreduce_binary_tree_h_p_2nic_4gpu_p_Simple_gpu64_ins1_nchunk_256_nch_8.xml
x3201c0s19b1n0:55104:55138 [2] NCCL INFO Connected all trees
x3201c0s19b1n0:55104:55138 [2] NCCL INFO MSCCL_XML_FILES set by environment to /home/yuke/ncclPG/msccl_tools_lyd/examples/xml/allreduce_binary_tree_h_p_2nic_4gpu_p_Simple_gpu64_ins1_nchunk_256_nch_8.xml
x3201c0s19b1n0:55104:55138 [2] NCCL INFO MSCCL: Parsing algorithm /home/yuke/ncclPG/msccl_tools_lyd/examples/xml/allreduce_binary_tree_h_p_2nic_4gpu_p_Simple_gpu64_ins1_nchunk_256_nch_8.xml
x3201c0s31b0n0:5357:5394 [0] NCCL INFO Channel 01/0 : 32[7000] -> 0[7000] [send] via NET/IB/0
x3201c0s19b0n0:53872:53907 [0] NCCL INFO Channel 01/0 : 12[7000] -> 8[7000] [receive] via NET/IB/0
x3201c0s1b0n0:48149:48184 [0] NCCL INFO Channel 01/0 : 33[46000] -> 16[7000] [receive] via NET/IB/0
x3201c0s19b1n0:55102:55132 [0] NCCL INFO Channel 03/0 : 28[7000] -> 12[7000] [receive] via NET/IB/0
x3201c0s1b1n0:44223:44260 [0] NCCL INFO Channel 01/0 : 25[46000] -> 20[7000] [receive] via NET/IB/0
x3201c0s25b1n0:53385:53416 [0] NCCL INFO Channel 03/0 : 60[7000] -> 28[7000] [receive] via NET/IB/0
x3201c0s37b1n0:64438:64466 [3] NCCL INFO Channel 06/0 : 47[c7000] -> 31[c7000] [send] via NET/IB/0
x3201c0s31b0n0:5359:5393 [1] NCCL INFO Channel 00/0 : 33[46000] -> 16[7000] [send] via NET/IB/1
x3201c0s31b0n0:5359:5393 [1] NCCL INFO Channel 01/0 : 33[46000] -> 16[7000] [send] via NET/IB/0
x3201c0s37b0n0:4629:4676 [0] NCCL INFO Channel 00/0 : 44[7000] -> 40[7000] [receive] via NET/IB/1
x3201c0s7b0n0:24580:24613 [1] NCCL INFO Connected all trees
x3201c0s7b0n0:24580:24613 [1] NCCL INFO MSCCL_XML_FILES set by environment to /home/yuke/ncclPG/msccl_tools_lyd/examples/xml/allreduce_binary_tree_h_p_2nic_4gpu_p_Simple_gpu64_ins1_nchunk_256_nch_8.xml
x3201c0s7b0n0:24580:24613 [1] NCCL INFO MSCCL: Parsing algorithm /home/yuke/ncclPG/msccl_tools_lyd/examples/xml/allreduce_binary_tree_h_p_2nic_4gpu_p_Simple_gpu64_ins1_nchunk_256_nch_8.xml
x3201c0s7b0n0:24582:24611 [2] NCCL INFO Connected all trees
x3201c0s7b0n0:24582:24611 [2] NCCL INFO MSCCL_XML_FILES set by environment to /home/yuke/ncclPG/msccl_tools_lyd/examples/xml/allreduce_binary_tree_h_p_2nic_4gpu_p_Simple_gpu64_ins1_nchunk_256_nch_8.xml
x3201c0s7b0n0:24582:24611 [2] NCCL INFO MSCCL: Parsing algorithm /home/yuke/ncclPG/msccl_tools_lyd/examples/xml/allreduce_binary_tree_h_p_2nic_4gpu_p_Simple_gpu64_ins1_nchunk_256_nch_8.xml
x3201c0s25b1n0:53385:53416 [0] NCCL INFO Channel 02/0 : 28[7000] -> 60[7000] [send] via NET/IB/1
x3201c0s25b1n0:53388:53414 [3] NCCL INFO Channel 07/0 : 63[c7000] -> 31[c7000] [receive] via NET/IB/0
x3201c0s37b1n0:64436:64470 [1] NCCL INFO Parsed MSCCL Algorithm /home/yuke/ncclPG/msccl_tools_lyd/examples/xml/allreduce_binary_tree_h_p_2nic_4gpu_p_Simple_gpu64_ins1_nchunk_256_nch_8.xml successfully.
x3201c0s25b1n0:53386:53419 [1] NCCL INFO Channel 02/0 : 44[7000] -> 29[46000] [receive] via NET/IB/1
x3201c0s25b1n0:53388:53414 [3] NCCL INFO Channel 06/0 : 31[c7000] -> 63[c7000] [send] via NET/IB/0
x3201c0s37b1n0:64435:64464 [0] NCCL INFO Channel 02/0 : 44[7000] -> 29[46000] [send] via NET/IB/1
x3201c0s37b0n0:4629:4676 [0] NCCL INFO Channel 01/0 : 44[7000] -> 40[7000] [receive] via NET/IB/0
x3201c0s25b1n0:53385:53416 [0] NCCL INFO Channel 03/0 : 28[7000] -> 60[7000] [send] via NET/IB/0
x3201c0s37b1n0:64437:64468 [2] NCCL INFO Parsed MSCCL Algorithm /home/yuke/ncclPG/msccl_tools_lyd/examples/xml/allreduce_binary_tree_h_p_2nic_4gpu_p_Simple_gpu64_ins1_nchunk_256_nch_8.xml successfully.
x3201c0s37b1n0:64437:64468 [2] NCCL INFO Connected 1 MSCCL algorithms
x3201c0s37b1n0:64437:64468 [2] NCCL INFO NCCL_PROTO set by environment to Simple
x3201c0s37b1n0:64437:64468 [2] NCCL INFO NCCL_ALGO set by environment to MSCCL,TREE,RING
x3201c0s37b1n0:64437:64468 [2] NCCL INFO threadThresholds 8/8/64 | 512/8/64 | 8/8/64 | 8/8/512
x3201c0s37b1n0:64437:64468 [2] NCCL INFO 8 coll channels, 4 p2p channels, 2 p2p channels per peer
x3201c0s1b0n0:48150:48183 [1] NCCL INFO Parsed MSCCL Algorithm /home/yuke/ncclPG/msccl_tools_lyd/examples/xml/allreduce_binary_tree_h_p_2nic_4gpu_p_Simple_gpu64_ins1_nchunk_256_nch_8.xml successfully.
x3201c0s37b1n0:64436:64470 [1] NCCL INFO Channel 05/0 : 41[46000] -> 45[46000] [receive] via NET/IB/1
x3201c0s19b1n0:55103:55134 [1] NCCL INFO Parsed MSCCL Algorithm /home/yuke/ncclPG/msccl_tools_lyd/examples/xml/allreduce_binary_tree_h_p_2nic_4gpu_p_Simple_gpu64_ins1_nchunk_256_nch_8.xml successfully.
x3201c0s1b0n0:48151:48186 [2] NCCL INFO Parsed MSCCL Algorithm /home/yuke/ncclPG/msccl_tools_lyd/examples/xml/allreduce_binary_tree_h_p_2nic_4gpu_p_Simple_gpu64_ins1_nchunk_256_nch_8.xml successfully.
x3201c0s1b0n0:48151:48186 [2] NCCL INFO Connected 1 MSCCL algorithms
x3201c0s1b0n0:48151:48186 [2] NCCL INFO NCCL_PROTO set by environment to Simple
x3201c0s1b0n0:48151:48186 [2] NCCL INFO NCCL_ALGO set by environment to MSCCL,TREE,RING
x3201c0s1b0n0:48151:48186 [2] NCCL INFO threadThresholds 8/8/64 | 512/8/64 | 8/8/64 | 8/8/512
x3201c0s1b0n0:48151:48186 [2] NCCL INFO 8 coll channels, 4 p2p channels, 2 p2p channels per peer
x3201c0s25b1n0:53386:53419 [1] NCCL INFO Channel 03/0 : 44[7000] -> 29[46000] [receive] via NET/IB/0
x3201c0s37b1n0:64435:64464 [0] NCCL INFO Channel 03/0 : 44[7000] -> 29[46000] [send] via NET/IB/0
x3201c0s19b1n0:55104:55138 [2] NCCL INFO Parsed MSCCL Algorithm /home/yuke/ncclPG/msccl_tools_lyd/examples/xml/allreduce_binary_tree_h_p_2nic_4gpu_p_Simple_gpu64_ins1_nchunk_256_nch_8.xml successfully.
x3201c0s25b0n0:53979:54013 [1] NCCL INFO Connected all trees
x3201c0s25b0n0:53979:54013 [1] NCCL INFO MSCCL_XML_FILES set by environment to /home/yuke/ncclPG/msccl_tools_lyd/examples/xml/allreduce_binary_tree_h_p_2nic_4gpu_p_Simple_gpu64_ins1_nchunk_256_nch_8.xml
x3201c0s25b0n0:53979:54013 [1] NCCL INFO MSCCL: Parsing algorithm /home/yuke/ncclPG/msccl_tools_lyd/examples/xml/allreduce_binary_tree_h_p_2nic_4gpu_p_Simple_gpu64_ins1_nchunk_256_nch_8.xml
x3201c0s19b1n0:55104:55138 [2] NCCL INFO Connected 1 MSCCL algorithms
x3201c0s19b1n0:55104:55138 [2] NCCL INFO NCCL_PROTO set by environment to Simple
x3201c0s19b1n0:55104:55138 [2] NCCL INFO NCCL_ALGO set by environment to MSCCL,TREE,RING
x3201c0s19b1n0:55104:55138 [2] NCCL INFO threadThresholds 8/8/64 | 512/8/64 | 8/8/64 | 8/8/512
x3201c0s19b1n0:55104:55138 [2] NCCL INFO 8 coll channels, 4 p2p channels, 2 p2p channels per peer
x3201c0s1b0n0:48149:48184 [0] NCCL INFO Channel 00/0 : 24[7000] -> 16[7000] [receive] via NET/IB/1
x3201c0s25b0n0:53980:54010 [2] NCCL INFO Connected all trees
x3201c0s25b0n0:53980:54010 [2] NCCL INFO MSCCL_XML_FILES set by environment to /home/yuke/ncclPG/msccl_tools_lyd/examples/xml/allreduce_binary_tree_h_p_2nic_4gpu_p_Simple_gpu64_ins1_nchunk_256_nch_8.xml
x3201c0s25b0n0:53980:54010 [2] NCCL INFO MSCCL: Parsing algorithm /home/yuke/ncclPG/msccl_tools_lyd/examples/xml/allreduce_binary_tree_h_p_2nic_4gpu_p_Simple_gpu64_ins1_nchunk_256_nch_8.xml
x3201c0s1b0n0:48150:48183 [1] NCCL INFO Channel 04/0 : 9[46000] -> 17[46000] [receive] via NET/IB/1
x3202c0s19b0n0:50856:50890 [3] NCCL INFO Channel 00 : 63[c7000] -> 60[7000] via P2P/IPC/read
x3202c0s19b0n0:50856:50890 [3] NCCL INFO Channel 01 : 63[c7000] -> 60[7000] via P2P/IPC/read
x3202c0s19b0n0:50856:50890 [3] NCCL INFO Channel 02 : 63[c7000] -> 60[7000] via P2P/IPC/read
x3202c0s19b0n0:50856:50890 [3] NCCL INFO Channel 03 : 63[c7000] -> 60[7000] via P2P/IPC/read
x3201c0s19b1n0:55103:55134 [1] NCCL INFO Channel 05/0 : 9[46000] -> 13[46000] [receive] via NET/IB/1
x3201c0s1b0n0:48150:48183 [1] NCCL INFO Channel 05/0 : 17[46000] -> 25[46000] [send] via NET/IB/1
x3201c0s7b1n0:38952:38989 [0] NCCL INFO Channel 02/0 : 52[7000] -> 48[7000] [send] via NET/IB/1
x3202c0s13b0n0:64766:64799 [1] NCCL INFO Connected all trees
x3202c0s13b0n0:64766:64799 [1] NCCL INFO MSCCL_XML_FILES set by environment to /home/yuke/ncclPG/msccl_tools_lyd/examples/xml/allreduce_binary_tree_h_p_2nic_4gpu_p_Simple_gpu64_ins1_nchunk_256_nch_8.xml
x3202c0s13b0n0:64766:64799 [1] NCCL INFO MSCCL: Parsing algorithm /home/yuke/ncclPG/msccl_tools_lyd/examples/xml/allreduce_binary_tree_h_p_2nic_4gpu_p_Simple_gpu64_ins1_nchunk_256_nch_8.xml
x3201c0s7b1n0:38952:38989 [0] NCCL INFO Channel 03/0 : 52[7000] -> 48[7000] [send] via NET/IB/0
x3202c0s13b0n0:64767:64797 [2] NCCL INFO Connected all trees
x3202c0s13b0n0:64767:64797 [2] NCCL INFO MSCCL_XML_FILES set by environment to /home/yuke/ncclPG/msccl_tools_lyd/examples/xml/allreduce_binary_tree_h_p_2nic_4gpu_p_Simple_gpu64_ins1_nchunk_256_nch_8.xml
x3202c0s13b0n0:64767:64797 [2] NCCL INFO MSCCL: Parsing algorithm /home/yuke/ncclPG/msccl_tools_lyd/examples/xml/allreduce_binary_tree_h_p_2nic_4gpu_p_Simple_gpu64_ins1_nchunk_256_nch_8.xml
x3201c0s7b0n0:24580:24613 [1] NCCL INFO Parsed MSCCL Algorithm /home/yuke/ncclPG/msccl_tools_lyd/examples/xml/allreduce_binary_tree_h_p_2nic_4gpu_p_Simple_gpu64_ins1_nchunk_256_nch_8.xml successfully.
x3201c0s31b0n0:5357:5394 [0] NCCL INFO Channel 00/0 : 48[7000] -> 32[7000] [receive] via NET/IB/1
x3201c0s25b1n0:53386:53419 [1] NCCL INFO Connected all trees
x3201c0s25b1n0:53386:53419 [1] NCCL INFO MSCCL_XML_FILES set by environment to /home/yuke/ncclPG/msccl_tools_lyd/examples/xml/allreduce_binary_tree_h_p_2nic_4gpu_p_Simple_gpu64_ins1_nchunk_256_nch_8.xml
x3201c0s25b1n0:53386:53419 [1] NCCL INFO MSCCL: Parsing algorithm /home/yuke/ncclPG/msccl_tools_lyd/examples/xml/allreduce_binary_tree_h_p_2nic_4gpu_p_Simple_gpu64_ins1_nchunk_256_nch_8.xml
x3201c0s25b1n0:53387:53420 [2] NCCL INFO Connected all trees
x3201c0s25b1n0:53387:53420 [2] NCCL INFO MSCCL_XML_FILES set by environment to /home/yuke/ncclPG/msccl_tools_lyd/examples/xml/allreduce_binary_tree_h_p_2nic_4gpu_p_Simple_gpu64_ins1_nchunk_256_nch_8.xml
x3201c0s25b1n0:53387:53420 [2] NCCL INFO MSCCL: Parsing algorithm /home/yuke/ncclPG/msccl_tools_lyd/examples/xml/allreduce_binary_tree_h_p_2nic_4gpu_p_Simple_gpu64_ins1_nchunk_256_nch_8.xml
x3201c0s1b1n0:44223:44260 [0] NCCL INFO Channel 02/0 : 20[7000] -> 16[7000] [send] via NET/IB/1
x3201c0s1b0n0:48149:48184 [0] NCCL INFO Channel 01/0 : 24[7000] -> 16[7000] [receive] via NET/IB/0
x3201c0s31b0n0:5359:5393 [1] NCCL INFO Connected all trees
x3201c0s31b0n0:5359:5393 [1] NCCL INFO MSCCL_XML_FILES set by environment to /home/yuke/ncclPG/msccl_tools_lyd/examples/xml/allreduce_binary_tree_h_p_2nic_4gpu_p_Simple_gpu64_ins1_nchunk_256_nch_8.xml
x3201c0s31b0n0:5359:5393 [1] NCCL INFO MSCCL: Parsing algorithm /home/yuke/ncclPG/msccl_tools_lyd/examples/xml/allreduce_binary_tree_h_p_2nic_4gpu_p_Simple_gpu64_ins1_nchunk_256_nch_8.xml
x3201c0s31b0n0:5360:5391 [2] NCCL INFO Connected all trees
x3201c0s31b0n0:5360:5391 [2] NCCL INFO MSCCL_XML_FILES set by environment to /home/yuke/ncclPG/msccl_tools_lyd/examples/xml/allreduce_binary_tree_h_p_2nic_4gpu_p_Simple_gpu64_ins1_nchunk_256_nch_8.xml
x3201c0s31b0n0:5360:5391 [2] NCCL INFO MSCCL: Parsing algorithm /home/yuke/ncclPG/msccl_tools_lyd/examples/xml/allreduce_binary_tree_h_p_2nic_4gpu_p_Simple_gpu64_ins1_nchunk_256_nch_8.xml
x3201c0s13b0n0:62653:62680 [0] NCCL INFO Channel 02/0 : 4[7000] -> 0[7000] [receive] via NET/IB/1
x3201c0s7b0n0:24582:24611 [2] NCCL INFO Parsed MSCCL Algorithm /home/yuke/ncclPG/msccl_tools_lyd/examples/xml/allreduce_binary_tree_h_p_2nic_4gpu_p_Simple_gpu64_ins1_nchunk_256_nch_8.xml successfully.
x3201c0s31b0n0:5357:5394 [0] NCCL INFO Channel 01/0 : 48[7000] -> 32[7000] [receive] via NET/IB/0
x3201c0s7b0n0:24582:24611 [2] NCCL INFO Connected 1 MSCCL algorithms
x3201c0s7b0n0:24582:24611 [2] NCCL INFO NCCL_PROTO set by environment to Simple
x3201c0s7b0n0:24582:24611 [2] NCCL INFO NCCL_ALGO set by environment to MSCCL,TREE,RING
x3201c0s7b0n0:24582:24611 [2] NCCL INFO threadThresholds 8/8/64 | 512/8/64 | 8/8/64 | 8/8/512
x3201c0s7b0n0:24582:24611 [2] NCCL INFO 8 coll channels, 4 p2p channels, 2 p2p channels per peer
x3201c0s1b1n0:44223:44260 [0] NCCL INFO Channel 03/0 : 20[7000] -> 16[7000] [send] via NET/IB/0
x3201c0s7b0n0:24580:24613 [1] NCCL INFO Channel 04/0 : 41[46000] -> 49[46000] [receive] via NET/IB/1
x3201c0s25b1n0:53388:53414 [3] NCCL INFO Channel 06/0 : 47[c7000] -> 31[c7000] [receive] via NET/IB/0
x3201c0s7b0n0:24580:24613 [1] NCCL INFO Channel 05/0 : 49[46000] -> 57[46000] [send] via NET/IB/1
x3201c0s13b0n0:62653:62680 [0] NCCL INFO Channel 03/0 : 4[7000] -> 0[7000] [receive] via NET/IB/0
x3201c0s25b0n0:53979:54013 [1] NCCL INFO Parsed MSCCL Algorithm /home/yuke/ncclPG/msccl_tools_lyd/examples/xml/allreduce_binary_tree_h_p_2nic_4gpu_p_Simple_gpu64_ins1_nchunk_256_nch_8.xml successfully.
x3201c0s37b1n0:64435:64464 [0] NCCL INFO Channel 02/0 : 44[7000] -> 36[7000] [send] via NET/IB/1
x3201c0s25b1n0:53388:53414 [3] NCCL INFO Channel 07/0 : 31[c7000] -> 15[c7000] [send] via NET/IB/0
x3201c0s25b1n0:53385:53416 [0] NCCL INFO Channel 02/0 : 28[7000] -> 12[7000] [send] via NET/IB/1
x3201c0s25b0n0:53979:54013 [1] NCCL INFO Channel 04/0 : 21[46000] -> 25[46000] [receive] via NET/IB/1
x3201c0s37b1n0:64435:64464 [0] NCCL INFO Channel 03/0 : 44[7000] -> 36[7000] [send] via NET/IB/0
x3201c0s25b0n0:53980:54010 [2] NCCL INFO Parsed MSCCL Algorithm /home/yuke/ncclPG/msccl_tools_lyd/examples/xml/allreduce_binary_tree_h_p_2nic_4gpu_p_Simple_gpu64_ins1_nchunk_256_nch_8.xml successfully.
x3201c0s25b0n0:53980:54010 [2] NCCL INFO Connected 1 MSCCL algorithms
x3201c0s25b0n0:53980:54010 [2] NCCL INFO NCCL_PROTO set by environment to Simple
x3201c0s25b0n0:53980:54010 [2] NCCL INFO NCCL_ALGO set by environment to MSCCL,TREE,RING
x3201c0s25b0n0:53980:54010 [2] NCCL INFO threadThresholds 8/8/64 | 512/8/64 | 8/8/64 | 8/8/512
x3201c0s25b0n0:53980:54010 [2] NCCL INFO 8 coll channels, 4 p2p channels, 2 p2p channels per peer
