########################################   MSCCL TEST  #####################################################
######################### LIBRARY: MSCCL ALGORITHM: BINARY-H-P-4chunk-2nicPtree INSTANCE: 1 CHANNEL: 4 PROTOCOL: Simple ##############################################
MSCCL TEST BINARY-H-P-4chunk-2nicPtree INSTANCE: 1 CHANNEL: 4 time: Mon 23 Oct 2023 08:46:35 AM UTC
# nThread 1 nGpus 1 minBytes 32 maxBytes 536870912 step: 2(factor) warmup iters: 5 iters: 20 agg iters: 1 validation: 1 graph: 0
#
# Using devices
#  Rank  0 Group  0 Pid  38464 on x3103c0s25b0n0 device  0 [0x07] NVIDIA A100-SXM4-40GB
#  Rank  1 Group  0 Pid  38465 on x3103c0s25b0n0 device  1 [0x46] NVIDIA A100-SXM4-40GB
#  Rank  2 Group  0 Pid  38466 on x3103c0s25b0n0 device  2 [0x85] NVIDIA A100-SXM4-40GB
#  Rank  3 Group  0 Pid  38467 on x3103c0s25b0n0 device  3 [0xc7] NVIDIA A100-SXM4-40GB
#  Rank  4 Group  0 Pid  50534 on x3207c0s7b1n0 device  0 [0x07] NVIDIA A100-SXM4-40GB
#  Rank  5 Group  0 Pid  50535 on x3207c0s7b1n0 device  1 [0x46] NVIDIA A100-SXM4-40GB
#  Rank  6 Group  0 Pid  50536 on x3207c0s7b1n0 device  2 [0x85] NVIDIA A100-SXM4-40GB
#  Rank  7 Group  0 Pid  50537 on x3207c0s7b1n0 device  3 [0xc7] NVIDIA A100-SXM4-40GB
#  Rank  8 Group  0 Pid  22918 on x3208c0s13b1n0 device  0 [0x07] NVIDIA A100-SXM4-40GB
#  Rank  9 Group  0 Pid  22919 on x3208c0s13b1n0 device  1 [0x46] NVIDIA A100-SXM4-40GB
#  Rank 10 Group  0 Pid  22921 on x3208c0s13b1n0 device  2 [0x85] NVIDIA A100-SXM4-40GB
#  Rank 11 Group  0 Pid  22923 on x3208c0s13b1n0 device  3 [0xc7] NVIDIA A100-SXM4-40GB
#  Rank 12 Group  0 Pid  15355 on x3208c0s19b0n0 device  0 [0x07] NVIDIA A100-SXM4-40GB
#  Rank 13 Group  0 Pid  15358 on x3208c0s19b0n0 device  1 [0x46] NVIDIA A100-SXM4-40GB
#  Rank 14 Group  0 Pid  15360 on x3208c0s19b0n0 device  2 [0x85] NVIDIA A100-SXM4-40GB
#  Rank 15 Group  0 Pid  15361 on x3208c0s19b0n0 device  3 [0xc7] NVIDIA A100-SXM4-40GB
#  Rank 16 Group  0 Pid  37697 on x3208c0s19b1n0 device  0 [0x07] NVIDIA A100-SXM4-40GB
#  Rank 17 Group  0 Pid  37698 on x3208c0s19b1n0 device  1 [0x46] NVIDIA A100-SXM4-40GB
#  Rank 18 Group  0 Pid  37699 on x3208c0s19b1n0 device  2 [0x85] NVIDIA A100-SXM4-40GB
#  Rank 19 Group  0 Pid  37700 on x3208c0s19b1n0 device  3 [0xc7] NVIDIA A100-SXM4-40GB
#  Rank 20 Group  0 Pid  46574 on x3208c0s1b0n0 device  0 [0x07] NVIDIA A100-SXM4-40GB
#  Rank 21 Group  0 Pid  46575 on x3208c0s1b0n0 device  1 [0x46] NVIDIA A100-SXM4-40GB
#  Rank 22 Group  0 Pid  46576 on x3208c0s1b0n0 device  2 [0x85] NVIDIA A100-SXM4-40GB
#  Rank 23 Group  0 Pid  46577 on x3208c0s1b0n0 device  3 [0xc7] NVIDIA A100-SXM4-40GB
#  Rank 24 Group  0 Pid  28308 on x3208c0s1b1n0 device  0 [0x07] NVIDIA A100-SXM4-40GB
#  Rank 25 Group  0 Pid  28309 on x3208c0s1b1n0 device  1 [0x46] NVIDIA A100-SXM4-40GB
#  Rank 26 Group  0 Pid  28310 on x3208c0s1b1n0 device  2 [0x85] NVIDIA A100-SXM4-40GB
#  Rank 27 Group  0 Pid  28311 on x3208c0s1b1n0 device  3 [0xc7] NVIDIA A100-SXM4-40GB
#  Rank 28 Group  0 Pid  50110 on x3208c0s25b0n0 device  0 [0x07] NVIDIA A100-SXM4-40GB
#  Rank 29 Group  0 Pid  50111 on x3208c0s25b0n0 device  1 [0x46] NVIDIA A100-SXM4-40GB
#  Rank 30 Group  0 Pid  50112 on x3208c0s25b0n0 device  2 [0x85] NVIDIA A100-SXM4-40GB
#  Rank 31 Group  0 Pid  50113 on x3208c0s25b0n0 device  3 [0xc7] NVIDIA A100-SXM4-40GB
#  Rank 32 Group  0 Pid  48836 on x3208c0s25b1n0 device  0 [0x07] NVIDIA A100-SXM4-40GB
#  Rank 33 Group  0 Pid  48837 on x3208c0s25b1n0 device  1 [0x46] NVIDIA A100-SXM4-40GB
#  Rank 34 Group  0 Pid  48838 on x3208c0s25b1n0 device  2 [0x85] NVIDIA A100-SXM4-40GB
#  Rank 35 Group  0 Pid  48839 on x3208c0s25b1n0 device  3 [0xc7] NVIDIA A100-SXM4-40GB
#  Rank 36 Group  0 Pid  51189 on x3208c0s31b0n0 device  0 [0x07] NVIDIA A100-SXM4-40GB
#  Rank 37 Group  0 Pid  51191 on x3208c0s31b0n0 device  1 [0x46] NVIDIA A100-SXM4-40GB
#  Rank 38 Group  0 Pid  51193 on x3208c0s31b0n0 device  2 [0x85] NVIDIA A100-SXM4-40GB
#  Rank 39 Group  0 Pid  51195 on x3208c0s31b0n0 device  3 [0xc7] NVIDIA A100-SXM4-40GB
#  Rank 40 Group  0 Pid   2304 on x3208c0s37b0n0 device  0 [0x07] NVIDIA A100-SXM4-40GB
#  Rank 41 Group  0 Pid   2305 on x3208c0s37b0n0 device  1 [0x46] NVIDIA A100-SXM4-40GB
#  Rank 42 Group  0 Pid   2306 on x3208c0s37b0n0 device  2 [0x85] NVIDIA A100-SXM4-40GB
#  Rank 43 Group  0 Pid   2307 on x3208c0s37b0n0 device  3 [0xc7] NVIDIA A100-SXM4-40GB
#  Rank 44 Group  0 Pid  38587 on x3208c0s37b1n0 device  0 [0x07] NVIDIA A100-SXM4-40GB
#  Rank 45 Group  0 Pid  38588 on x3208c0s37b1n0 device  1 [0x46] NVIDIA A100-SXM4-40GB
#  Rank 46 Group  0 Pid  38590 on x3208c0s37b1n0 device  2 [0x85] NVIDIA A100-SXM4-40GB
#  Rank 47 Group  0 Pid  38592 on x3208c0s37b1n0 device  3 [0xc7] NVIDIA A100-SXM4-40GB
#  Rank 48 Group  0 Pid  64724 on x3208c0s7b0n0 device  0 [0x07] NVIDIA A100-SXM4-40GB
#  Rank 49 Group  0 Pid  64726 on x3208c0s7b0n0 device  1 [0x46] NVIDIA A100-SXM4-40GB
#  Rank 50 Group  0 Pid  64727 on x3208c0s7b0n0 device  2 [0x85] NVIDIA A100-SXM4-40GB
#  Rank 51 Group  0 Pid  64728 on x3208c0s7b0n0 device  3 [0xc7] NVIDIA A100-SXM4-40GB
#  Rank 52 Group  0 Pid  62990 on x3208c0s7b1n0 device  0 [0x07] NVIDIA A100-SXM4-40GB
#  Rank 53 Group  0 Pid  62992 on x3208c0s7b1n0 device  1 [0x46] NVIDIA A100-SXM4-40GB
#  Rank 54 Group  0 Pid  62994 on x3208c0s7b1n0 device  2 [0x85] NVIDIA A100-SXM4-40GB
#  Rank 55 Group  0 Pid  62995 on x3208c0s7b1n0 device  3 [0xc7] NVIDIA A100-SXM4-40GB
#  Rank 56 Group  0 Pid  47266 on x3004c0s19b0n0 device  0 [0x07] NVIDIA A100-SXM4-40GB
#  Rank 57 Group  0 Pid  47268 on x3004c0s19b0n0 device  1 [0x46] NVIDIA A100-SXM4-40GB
#  Rank 58 Group  0 Pid  47269 on x3004c0s19b0n0 device  2 [0x85] NVIDIA A100-SXM4-40GB
#  Rank 59 Group  0 Pid  47271 on x3004c0s19b0n0 device  3 [0xc7] NVIDIA A100-SXM4-40GB
#  Rank 60 Group  0 Pid  18133 on x3004c0s19b1n0 device  0 [0x07] NVIDIA A100-SXM4-40GB
#  Rank 61 Group  0 Pid  18137 on x3004c0s19b1n0 device  1 [0x46] NVIDIA A100-SXM4-40GB
#  Rank 62 Group  0 Pid  18139 on x3004c0s19b1n0 device  2 [0x85] NVIDIA A100-SXM4-40GB
#  Rank 63 Group  0 Pid  18140 on x3004c0s19b1n0 device  3 [0xc7] NVIDIA A100-SXM4-40GB
x3103c0s25b0n0:38464:38464 [0] NCCL INFO Bootstrap : Using bond0:10.140.58.103<0>
x3103c0s25b0n0:38464:38464 [0] NCCL INFO NET/Plugin : Plugin load returned 17 : libnccl-net.so: cannot open shared object file: No such file or directory.
x3103c0s25b0n0:38464:38464 [0] NCCL INFO NET/IB : Using [0]mlx5_0:1/RoCE [1]mlx5_1:1/RoCE [RO]; OOB bond0:10.140.58.103<0>
x3103c0s25b0n0:38464:38464 [0] NCCL INFO Using network IB
NCCL version 2.12.12.MSCCL.0.7.4+cuda11.4
x3103c0s25b0n0:38467:38467 [3] NCCL INFO Bootstrap : Using bond0:10.140.58.103<0>
x3103c0s25b0n0:38467:38467 [3] NCCL INFO NET/Plugin : No plugin found (libnccl-net.so), using internal implementation
x3103c0s25b0n0:38466:38466 [2] NCCL INFO Bootstrap : Using bond0:10.140.58.103<0>
x3103c0s25b0n0:38466:38466 [2] NCCL INFO NET/Plugin : No plugin found (libnccl-net.so), using internal implementation
x3103c0s25b0n0:38465:38465 [1] NCCL INFO Bootstrap : Using bond0:10.140.58.103<0>
x3103c0s25b0n0:38465:38465 [1] NCCL INFO NET/Plugin : No plugin found (libnccl-net.so), using internal implementation
x3103c0s25b0n0:38467:38467 [3] NCCL INFO NET/IB : Using [0]mlx5_0:1/RoCE [1]mlx5_1:1/RoCE [RO]; OOB bond0:10.140.58.103<0>
x3103c0s25b0n0:38467:38467 [3] NCCL INFO Using network IB
x3103c0s25b0n0:38466:38466 [2] NCCL INFO NET/IB : Using [0]mlx5_0:1/RoCE [1]mlx5_1:1/RoCE [RO]; OOB bond0:10.140.58.103<0>
x3103c0s25b0n0:38466:38466 [2] NCCL INFO Using network IB
x3103c0s25b0n0:38465:38465 [1] NCCL INFO NET/IB : Using [0]mlx5_0:1/RoCE [1]mlx5_1:1/RoCE [RO]; OOB bond0:10.140.58.103<0>
x3103c0s25b0n0:38465:38465 [1] NCCL INFO Using network IB
x3208c0s31b0n0:51195:51195 [3] NCCL INFO Bootstrap : Using bond0:10.140.58.120<0>
x3208c0s31b0n0:51193:51193 [2] NCCL INFO Bootstrap : Using bond0:10.140.58.120<0>
x3208c0s31b0n0:51193:51193 [2] NCCL INFO NET/Plugin : No plugin found (libnccl-net.so), using internal implementation
x3208c0s31b0n0:51195:51195 [3] NCCL INFO NET/Plugin : No plugin found (libnccl-net.so), using internal implementation
x3208c0s31b0n0:51189:51189 [0] NCCL INFO Bootstrap : Using bond0:10.140.58.120<0>
x3208c0s31b0n0:51191:51191 [1] NCCL INFO Bootstrap : Using bond0:10.140.58.120<0>
x3208c0s31b0n0:51189:51189 [0] NCCL INFO NET/Plugin : No plugin found (libnccl-net.so), using internal implementation
x3208c0s31b0n0:51191:51191 [1] NCCL INFO NET/Plugin : No plugin found (libnccl-net.so), using internal implementation
x3208c0s1b0n0:46575:46575 [1] NCCL INFO Bootstrap : Using bond0:10.140.56.244<0>
x3208c0s1b0n0:46575:46575 [1] NCCL INFO NET/Plugin : No plugin found (libnccl-net.so), using internal implementation
x3208c0s1b0n0:46576:46576 [2] NCCL INFO Bootstrap : Using bond0:10.140.56.244<0>
x3208c0s1b0n0:46577:46577 [3] NCCL INFO Bootstrap : Using bond0:10.140.56.244<0>
x3208c0s1b0n0:46574:46574 [0] NCCL INFO Bootstrap : Using bond0:10.140.56.244<0>
x3208c0s1b0n0:46574:46574 [0] NCCL INFO NET/Plugin : No plugin found (libnccl-net.so), using internal implementation
x3208c0s1b0n0:46576:46576 [2] NCCL INFO NET/Plugin : No plugin found (libnccl-net.so), using internal implementation
x3208c0s1b0n0:46577:46577 [3] NCCL INFO NET/Plugin : No plugin found (libnccl-net.so), using internal implementation
x3208c0s1b0n0:46574:46574 [0] NCCL INFO NET/IB : Using [0]mlx5_0:1/RoCE [1]mlx5_1:1/RoCE [RO]; OOB bond0:10.140.56.244<0>
x3208c0s1b0n0:46574:46574 [0] NCCL INFO Using network IB
x3208c0s1b0n0:46576:46576 [2] NCCL INFO NET/IB : Using [0]mlx5_0:1/RoCE [1]mlx5_1:1/RoCE [RO]; OOB bond0:10.140.56.244<0>
x3208c0s1b0n0:46576:46576 [2] NCCL INFO Using network IB
x3208c0s1b0n0:46577:46577 [3] NCCL INFO NET/IB : Using [0]mlx5_0:1/RoCE [1]mlx5_1:1/RoCE [RO]; OOB bond0:10.140.56.244<0>
x3208c0s1b0n0:46577:46577 [3] NCCL INFO Using network IB
x3004c0s19b1n0:18139:18139 [2] NCCL INFO Bootstrap : Using bond0:10.140.57.59<0>
x3004c0s19b1n0:18137:18137 [1] NCCL INFO Bootstrap : Using bond0:10.140.57.59<0>
x3004c0s19b1n0:18140:18140 [3] NCCL INFO Bootstrap : Using bond0:10.140.57.59<0>
x3004c0s19b1n0:18133:18133 [0] NCCL INFO Bootstrap : Using bond0:10.140.57.59<0>
x3004c0s19b1n0:18133:18133 [0] NCCL INFO NET/Plugin : No plugin found (libnccl-net.so), using internal implementation
x3004c0s19b1n0:18137:18137 [1] NCCL INFO NET/Plugin : No plugin found (libnccl-net.so), using internal implementation
x3004c0s19b1n0:18140:18140 [3] NCCL INFO NET/Plugin : No plugin found (libnccl-net.so), using internal implementation
x3004c0s19b1n0:18139:18139 [2] NCCL INFO NET/Plugin : No plugin found (libnccl-net.so), using internal implementation
x3208c0s19b0n0:15361:15361 [3] NCCL INFO Bootstrap : Using bond0:10.140.58.116<0>
x3208c0s19b0n0:15361:15361 [3] NCCL INFO NET/Plugin : No plugin found (libnccl-net.so), using internal implementation
x3208c0s19b0n0:15358:15358 [1] NCCL INFO Bootstrap : Using bond0:10.140.58.116<0>
x3208c0s19b0n0:15360:15360 [2] NCCL INFO Bootstrap : Using bond0:10.140.58.116<0>
x3208c0s19b0n0:15355:15355 [0] NCCL INFO Bootstrap : Using bond0:10.140.58.116<0>
x3208c0s19b0n0:15360:15360 [2] NCCL INFO NET/Plugin : No plugin found (libnccl-net.so), using internal implementation
x3208c0s37b0n0:2305:2305 [1] NCCL INFO Bootstrap : Using bond0:10.140.58.122<0>
x3208c0s19b0n0:15355:15355 [0] NCCL INFO NET/Plugin : No plugin found (libnccl-net.so), using internal implementation
x3208c0s19b0n0:15358:15358 [1] NCCL INFO NET/Plugin : No plugin found (libnccl-net.so), using internal implementation
x3208c0s37b0n0:2306:2306 [2] NCCL INFO Bootstrap : Using bond0:10.140.58.122<0>
x3208c0s37b0n0:2306:2306 [2] NCCL INFO NET/Plugin : No plugin found (libnccl-net.so), using internal implementation
x3208c0s37b0n0:2305:2305 [1] NCCL INFO NET/Plugin : No plugin found (libnccl-net.so), using internal implementation
x3208c0s1b1n0:28308:28308 [0] NCCL INFO Bootstrap : Using bond0:10.140.58.111<0>
x3208c0s37b0n0:2307:2307 [3] NCCL INFO Bootstrap : Using bond0:10.140.58.122<0>
x3208c0s37b0n0:2304:2304 [0] NCCL INFO Bootstrap : Using bond0:10.140.58.122<0>
x3208c0s37b0n0:2304:2304 [0] NCCL INFO NET/Plugin : No plugin found (libnccl-net.so), using internal implementation
x3208c0s37b0n0:2307:2307 [3] NCCL INFO NET/Plugin : No plugin found (libnccl-net.so), using internal implementation
x3208c0s1b1n0:28308:28308 [0] NCCL INFO NET/Plugin : No plugin found (libnccl-net.so), using internal implementation
x3208c0s1b1n0:28310:28310 [2] NCCL INFO Bootstrap : Using bond0:10.140.58.111<0>
x3208c0s1b1n0:28311:28311 [3] NCCL INFO Bootstrap : Using bond0:10.140.58.111<0>
x3208c0s37b1n0:38592:38592 [3] NCCL INFO Bootstrap : Using bond0:10.140.58.123<0>
x3208c0s1b1n0:28309:28309 [1] NCCL INFO Bootstrap : Using bond0:10.140.58.111<0>
x3208c0s1b1n0:28311:28311 [3] NCCL INFO NET/Plugin : No plugin found (libnccl-net.so), using internal implementation
x3208c0s1b1n0:28310:28310 [2] NCCL INFO NET/Plugin : No plugin found (libnccl-net.so), using internal implementation
x3208c0s1b1n0:28309:28309 [1] NCCL INFO NET/Plugin : No plugin found (libnccl-net.so), using internal implementation
x3208c0s31b0n0:51189:51189 [0] NCCL INFO NET/IB : Using [0]mlx5_0:1/RoCE [1]mlx5_1:1/RoCE [RO]; OOB bond0:10.140.58.120<0>
x3208c0s31b0n0:51189:51189 [0] NCCL INFO Using network IB
x3208c0s31b0n0:51191:51191 [1] NCCL INFO NET/IB : Using [0]mlx5_0:1/RoCE [1]mlx5_1:1/RoCE [RO]; OOB bond0:10.140.58.120<0>
x3208c0s31b0n0:51191:51191 [1] NCCL INFO Using network IB
x3208c0s31b0n0:51193:51193 [2] NCCL INFO NET/IB : Using [0]mlx5_0:1/RoCE [1]mlx5_1:1/RoCE [RO]; OOB bond0:10.140.58.120<0>
x3208c0s31b0n0:51193:51193 [2] NCCL INFO Using network IB
x3208c0s31b0n0:51195:51195 [3] NCCL INFO NET/IB : Using [0]mlx5_0:1/RoCE [1]mlx5_1:1/RoCE [RO]; OOB bond0:10.140.58.120<0>
x3208c0s31b0n0:51195:51195 [3] NCCL INFO Using network IB
x3208c0s37b1n0:38592:38592 [3] NCCL INFO NET/Plugin : No plugin found (libnccl-net.so), using internal implementation
x3208c0s1b0n0:46575:46575 [1] NCCL INFO NET/IB : Using [0]mlx5_0:1/RoCE [1]mlx5_1:1/RoCE [RO]; OOB bond0:10.140.56.244<0>
x3208c0s1b0n0:46575:46575 [1] NCCL INFO Using network IB
x3208c0s37b1n0:38590:38590 [2] NCCL INFO Bootstrap : Using bond0:10.140.58.123<0>
x3208c0s37b1n0:38590:38590 [2] NCCL INFO NET/Plugin : No plugin found (libnccl-net.so), using internal implementation
x3208c0s37b1n0:38588:38588 [1] NCCL INFO Bootstrap : Using bond0:10.140.58.123<0>
x3208c0s37b1n0:38588:38588 [1] NCCL INFO NET/Plugin : No plugin found (libnccl-net.so), using internal implementation
x3208c0s37b0n0:2304:2304 [0] NCCL INFO NET/IB : Using [0]mlx5_0:1/RoCE [1]mlx5_1:1/RoCE [RO]; OOB bond0:10.140.58.122<0>
x3208c0s37b0n0:2304:2304 [0] NCCL INFO Using network IB
x3208c0s37b0n0:2307:2307 [3] NCCL INFO NET/IB : Using [0]mlx5_0:1/RoCE [1]mlx5_1:1/RoCE [RO]; OOB bond0:10.140.58.122<0>
x3208c0s37b0n0:2307:2307 [3] NCCL INFO Using network IB
x3208c0s37b1n0:38587:38587 [0] NCCL INFO Bootstrap : Using bond0:10.140.58.123<0>
x3208c0s37b1n0:38587:38587 [0] NCCL INFO NET/Plugin : No plugin found (libnccl-net.so), using internal implementation
x3208c0s1b1n0:28309:28309 [1] NCCL INFO NET/IB : Using [0]mlx5_0:1/RoCE [1]mlx5_1:1/RoCE [RO]; OOB bond0:10.140.58.111<0>
x3208c0s1b1n0:28309:28309 [1] NCCL INFO Using network IB
x3208c0s19b1n0:37697:37697 [0] NCCL INFO Bootstrap : Using bond0:10.140.58.117<0>
x3208c0s19b1n0:37699:37699 [2] NCCL INFO Bootstrap : Using bond0:10.140.58.117<0>
x3208c0s19b1n0:37697:37697 [0] NCCL INFO NET/Plugin : No plugin found (libnccl-net.so), using internal implementation
x3208c0s7b1n0:62994:62994 [2] NCCL INFO Bootstrap : Using bond0:10.140.58.113<0>
x3208c0s7b1n0:62992:62992 [1] NCCL INFO Bootstrap : Using bond0:10.140.58.113<0>
x3208c0s19b1n0:37699:37699 [2] NCCL INFO NET/Plugin : No plugin found (libnccl-net.so), using internal implementation
x3208c0s19b1n0:37698:37698 [1] NCCL INFO Bootstrap : Using bond0:10.140.58.117<0>
x3208c0s19b1n0:37700:37700 [3] NCCL INFO Bootstrap : Using bond0:10.140.58.117<0>
x3208c0s19b1n0:37698:37698 [1] NCCL INFO NET/Plugin : No plugin found (libnccl-net.so), using internal implementation
x3208c0s19b1n0:37700:37700 [3] NCCL INFO NET/Plugin : No plugin found (libnccl-net.so), using internal implementation
x3208c0s25b0n0:50111:50111 [1] NCCL INFO Bootstrap : Using bond0:10.140.58.118<0>
x3208c0s37b1n0:38587:38587 [0] NCCL INFO NET/IB : Using [0]mlx5_0:1/RoCE [1]mlx5_1:1/RoCE [RO]; OOB bond0:10.140.58.123<0>
x3208c0s37b1n0:38587:38587 [0] NCCL INFO Using network IB
x3208c0s37b1n0:38588:38588 [1] NCCL INFO NET/IB : Using [0]mlx5_0:1/RoCE [1]mlx5_1:1/RoCE [RO]; OOB bond0:10.140.58.123<0>
x3208c0s37b1n0:38588:38588 [1] NCCL INFO Using network IB
x3208c0s37b1n0:38590:38590 [2] NCCL INFO NET/IB : Using [0]mlx5_0:1/RoCE [1]mlx5_1:1/RoCE [RO]; OOB bond0:10.140.58.123<0>
x3208c0s37b1n0:38590:38590 [2] NCCL INFO Using network IB
x3208c0s7b1n0:62992:62992 [1] NCCL INFO NET/Plugin : No plugin found (libnccl-net.so), using internal implementation
x3208c0s7b1n0:62994:62994 [2] NCCL INFO NET/Plugin : No plugin found (libnccl-net.so), using internal implementation
x3208c0s25b0n0:50111:50111 [1] NCCL INFO NET/Plugin : No plugin found (libnccl-net.so), using internal implementation
x3208c0s7b1n0:62995:62995 [3] NCCL INFO Bootstrap : Using bond0:10.140.58.113<0>
x3208c0s25b0n0:50112:50112 [2] NCCL INFO Bootstrap : Using bond0:10.140.58.118<0>
x3208c0s25b0n0:50112:50112 [2] NCCL INFO NET/Plugin : No plugin found (libnccl-net.so), using internal implementation
x3208c0s7b1n0:62995:62995 [3] NCCL INFO NET/Plugin : No plugin found (libnccl-net.so), using internal implementation
x3208c0s7b1n0:62990:62990 [0] NCCL INFO Bootstrap : Using bond0:10.140.58.113<0>
x3208c0s7b1n0:62990:62990 [0] NCCL INFO NET/Plugin : No plugin found (libnccl-net.so), using internal implementation
x3208c0s25b0n0:50113:50113 [3] NCCL INFO Bootstrap : Using bond0:10.140.58.118<0>
x3208c0s25b0n0:50113:50113 [3] NCCL INFO NET/Plugin : No plugin found (libnccl-net.so), using internal implementation
x3004c0s19b1n0:18139:18139 [2] NCCL INFO NET/IB : Using [0]mlx5_0:1/RoCE [1]mlx5_1:1/RoCE [RO]; OOB bond0:10.140.57.59<0>
x3004c0s19b1n0:18139:18139 [2] NCCL INFO Using network IB
x3208c0s25b0n0:50110:50110 [0] NCCL INFO Bootstrap : Using bond0:10.140.58.118<0>
x3208c0s25b0n0:50110:50110 [0] NCCL INFO NET/Plugin : No plugin found (libnccl-net.so), using internal implementation
x3004c0s19b1n0:18137:18137 [1] NCCL INFO NET/IB : Using [0]mlx5_0:1/RoCE [1]mlx5_1:1/RoCE [RO]; OOB bond0:10.140.57.59<0>
x3004c0s19b1n0:18137:18137 [1] NCCL INFO Using network IB
x3004c0s19b1n0:18133:18133 [0] NCCL INFO NET/IB : Using [0]mlx5_0:1/RoCE [1]mlx5_1:1/RoCE [RO]; OOB bond0:10.140.57.59<0>
x3004c0s19b1n0:18133:18133 [0] NCCL INFO Using network IB
x3004c0s19b1n0:18140:18140 [3] NCCL INFO NET/IB : Using [0]mlx5_0:1/RoCE [1]mlx5_1:1/RoCE [RO]; OOB bond0:10.140.57.59<0>
x3004c0s19b1n0:18140:18140 [3] NCCL INFO Using network IB
x3208c0s7b1n0:62990:62990 [0] NCCL INFO NET/IB : Using [0]mlx5_0:1/RoCE [1]mlx5_1:1/RoCE [RO]; OOB bond0:10.140.58.113<0>
x3208c0s7b1n0:62990:62990 [0] NCCL INFO Using network IB
x3208c0s7b1n0:62995:62995 [3] NCCL INFO NET/IB : Using [0]mlx5_0:1/RoCE [1]mlx5_1:1/RoCE [RO]; OOB bond0:10.140.58.113<0>
x3208c0s7b1n0:62995:62995 [3] NCCL INFO Using network IB
x3208c0s25b0n0:50110:50110 [0] NCCL INFO NET/IB : Using [0]mlx5_0:1/RoCE [1]mlx5_1:1/RoCE [RO]; OOB bond0:10.140.58.118<0>
x3208c0s25b0n0:50110:50110 [0] NCCL INFO Using network IB
x3208c0s37b0n0:2305:2305 [1] NCCL INFO NET/IB : Using [0]mlx5_0:1/RoCE [1]mlx5_1:1/RoCE [RO]; OOB bond0:10.140.58.122<0>
x3208c0s37b0n0:2305:2305 [1] NCCL INFO Using network IB
x3208c0s25b0n0:50113:50113 [3] NCCL INFO NET/IB : Using [0]mlx5_0:1/RoCE [1]mlx5_1:1/RoCE [RO]; OOB bond0:10.140.58.118<0>
x3208c0s25b0n0:50113:50113 [3] NCCL INFO Using network IB
x3208c0s37b1n0:38592:38592 [3] NCCL INFO NET/IB : Using [0]mlx5_0:1/RoCE [1]mlx5_1:1/RoCE [RO]; OOB bond0:10.140.58.123<0>
x3208c0s37b1n0:38592:38592 [3] NCCL INFO Using network IB
x3208c0s37b0n0:2306:2306 [2] NCCL INFO NET/IB : Using [0]mlx5_0:1/RoCE [1]mlx5_1:1/RoCE [RO]; OOB bond0:10.140.58.122<0>
x3208c0s37b0n0:2306:2306 [2] NCCL INFO Using network IB
x3208c0s1b1n0:28310:28310 [2] NCCL INFO NET/IB : Using [0]mlx5_0:1/RoCE [1]mlx5_1:1/RoCE [RO]; OOB bond0:10.140.58.111<0>
x3208c0s1b1n0:28310:28310 [2] NCCL INFO Using network IB
x3208c0s19b0n0:15355:15355 [0] NCCL INFO NET/IB : Using [0]mlx5_0:1/RoCE [1]mlx5_1:1/RoCE [RO]; OOB bond0:10.140.58.116<0>
x3208c0s19b0n0:15355:15355 [0] NCCL INFO Using network IB
x3208c0s19b0n0:15358:15358 [1] NCCL INFO NET/IB : Using [0]mlx5_0:1/RoCE [1]mlx5_1:1/RoCE [RO]; OOB bond0:10.140.58.116<0>
x3208c0s19b0n0:15358:15358 [1] NCCL INFO Using network IB
x3208c0s19b0n0:15360:15360 [2] NCCL INFO NET/IB : Using [0]mlx5_0:1/RoCE [1]mlx5_1:1/RoCE [RO]; OOB bond0:10.140.58.116<0>
x3208c0s19b0n0:15360:15360 [2] NCCL INFO Using network IB
x3208c0s19b0n0:15361:15361 [3] NCCL INFO NET/IB : Using [0]mlx5_0:1/RoCE [1]mlx5_1:1/RoCE [RO]; OOB bond0:10.140.58.116<0>
x3208c0s19b0n0:15361:15361 [3] NCCL INFO Using network IB
x3208c0s1b1n0:28311:28311 [3] NCCL INFO NET/IB : Using [0]mlx5_0:1/RoCE [1]mlx5_1:1/RoCE [RO]; OOB bond0:10.140.58.111<0>
x3208c0s1b1n0:28311:28311 [3] NCCL INFO Using network IB
x3208c0s1b1n0:28308:28308 [0] NCCL INFO NET/IB : Using [0]mlx5_0:1/RoCE [1]mlx5_1:1/RoCE [RO]; OOB bond0:10.140.58.111<0>
x3208c0s1b1n0:28308:28308 [0] NCCL INFO Using network IB
x3208c0s19b1n0:37700:37700 [3] NCCL INFO NET/IB : Using [0]mlx5_0:1/RoCE [1]mlx5_1:1/RoCE [RO]; OOB bond0:10.140.58.117<0>
x3208c0s19b1n0:37700:37700 [3] NCCL INFO Using network IB
x3208c0s25b0n0:50111:50111 [1] NCCL INFO NET/IB : Using [0]mlx5_0:1/RoCE [1]mlx5_1:1/RoCE [RO]; OOB bond0:10.140.58.118<0>
x3208c0s25b0n0:50111:50111 [1] NCCL INFO Using network IB
x3208c0s19b1n0:37698:37698 [1] NCCL INFO NET/IB : Using [0]mlx5_0:1/RoCE [1]mlx5_1:1/RoCE [RO]; OOB bond0:10.140.58.117<0>
x3208c0s19b1n0:37698:37698 [1] NCCL INFO Using network IB
x3208c0s25b0n0:50112:50112 [2] NCCL INFO NET/IB : Using [0]mlx5_0:1/RoCE [1]mlx5_1:1/RoCE [RO]; OOB bond0:10.140.58.118<0>
x3208c0s25b0n0:50112:50112 [2] NCCL INFO Using network IB
x3208c0s19b1n0:37699:37699 [2] NCCL INFO NET/IB : Using [0]mlx5_0:1/RoCE [1]mlx5_1:1/RoCE [RO]; OOB bond0:10.140.58.117<0>
x3208c0s19b1n0:37697:37697 [0] NCCL INFO NET/IB : Using [0]mlx5_0:1/RoCE [1]mlx5_1:1/RoCE [RO]; OOB bond0:10.140.58.117<0>
x3208c0s19b1n0:37697:37697 [0] NCCL INFO Using network IB
x3208c0s19b1n0:37699:37699 [2] NCCL INFO Using network IB
x3208c0s7b1n0:62992:62992 [1] NCCL INFO NET/IB : Using [0]mlx5_0:1/RoCE [1]mlx5_1:1/RoCE [RO]; OOB bond0:10.140.58.113<0>
x3208c0s7b1n0:62992:62992 [1] NCCL INFO Using network IB
x3208c0s7b1n0:62994:62994 [2] NCCL INFO NET/IB : Using [0]mlx5_0:1/RoCE [1]mlx5_1:1/RoCE [RO]; OOB bond0:10.140.58.113<0>
x3208c0s7b1n0:62994:62994 [2] NCCL INFO Using network IB
x3208c0s7b0n0:64728:64728 [3] NCCL INFO Bootstrap : Using bond0:10.140.58.112<0>
x3208c0s7b0n0:64728:64728 [3] NCCL INFO NET/Plugin : No plugin found (libnccl-net.so), using internal implementation
x3208c0s7b0n0:64726:64726 [1] NCCL INFO Bootstrap : Using bond0:10.140.58.112<0>
x3208c0s7b0n0:64726:64726 [1] NCCL INFO NET/Plugin : No plugin found (libnccl-net.so), using internal implementation
x3004c0s19b0n0:47268:47268 [1] NCCL INFO Bootstrap : Using bond0:10.140.57.58<0>
x3004c0s19b0n0:47269:47269 [2] NCCL INFO Bootstrap : Using bond0:10.140.57.58<0>
x3208c0s7b0n0:64727:64727 [2] NCCL INFO Bootstrap : Using bond0:10.140.58.112<0>
x3208c0s7b0n0:64727:64727 [2] NCCL INFO NET/Plugin : No plugin found (libnccl-net.so), using internal implementation
x3208c0s7b0n0:64724:64724 [0] NCCL INFO Bootstrap : Using bond0:10.140.58.112<0>
x3208c0s7b0n0:64724:64724 [0] NCCL INFO NET/Plugin : No plugin found (libnccl-net.so), using internal implementation
x3004c0s19b0n0:47271:47271 [3] NCCL INFO Bootstrap : Using bond0:10.140.57.58<0>
x3004c0s19b0n0:47266:47266 [0] NCCL INFO Bootstrap : Using bond0:10.140.57.58<0>
x3004c0s19b0n0:47268:47268 [1] NCCL INFO NET/Plugin : No plugin found (libnccl-net.so), using internal implementation
x3004c0s19b0n0:47269:47269 [2] NCCL INFO NET/Plugin : No plugin found (libnccl-net.so), using internal implementation
x3004c0s19b0n0:47271:47271 [3] NCCL INFO NET/Plugin : No plugin found (libnccl-net.so), using internal implementation
x3004c0s19b0n0:47266:47266 [0] NCCL INFO NET/Plugin : No plugin found (libnccl-net.so), using internal implementation
x3208c0s7b0n0:64727:64727 [2] NCCL INFO NET/IB : Using [0]mlx5_0:1/RoCE [1]mlx5_1:1/RoCE [RO]; OOB bond0:10.140.58.112<0>
x3208c0s7b0n0:64727:64727 [2] NCCL INFO Using network IB
x3208c0s7b0n0:64726:64726 [1] NCCL INFO NET/IB : Using [0]mlx5_0:1/RoCE [1]mlx5_1:1/RoCE [RO]; OOB bond0:10.140.58.112<0>
x3208c0s7b0n0:64726:64726 [1] NCCL INFO Using network IB
x3208c0s7b0n0:64724:64724 [0] NCCL INFO NET/IB : Using [0]mlx5_0:1/RoCE [1]mlx5_1:1/RoCE [RO]; OOB bond0:10.140.58.112<0>
x3208c0s7b0n0:64724:64724 [0] NCCL INFO Using network IB
x3208c0s25b1n0:48837:48837 [1] NCCL INFO Bootstrap : Using bond0:10.140.58.119<0>
x3208c0s25b1n0:48837:48837 [1] NCCL INFO NET/Plugin : No plugin found (libnccl-net.so), using internal implementation
x3208c0s25b1n0:48838:48838 [2] NCCL INFO Bootstrap : Using bond0:10.140.58.119<0>
x3208c0s25b1n0:48836:48836 [0] NCCL INFO Bootstrap : Using bond0:10.140.58.119<0>
x3208c0s25b1n0:48839:48839 [3] NCCL INFO Bootstrap : Using bond0:10.140.58.119<0>
x3208c0s25b1n0:48839:48839 [3] NCCL INFO NET/Plugin : No plugin found (libnccl-net.so), using internal implementation
x3208c0s25b1n0:48836:48836 [0] NCCL INFO NET/Plugin : No plugin found (libnccl-net.so), using internal implementation
x3208c0s25b1n0:48838:48838 [2] NCCL INFO NET/Plugin : No plugin found (libnccl-net.so), using internal implementation
x3208c0s7b0n0:64728:64728 [3] NCCL INFO NET/IB : Using [0]mlx5_0:1/RoCE [1]mlx5_1:1/RoCE [RO]; OOB bond0:10.140.58.112<0>
x3208c0s7b0n0:64728:64728 [3] NCCL INFO Using network IB
x3207c0s7b1n0:50536:50536 [2] NCCL INFO Bootstrap : Using bond0:10.140.56.233<0>
x3207c0s7b1n0:50534:50534 [0] NCCL INFO Bootstrap : Using bond0:10.140.56.233<0>
x3208c0s25b1n0:48836:48836 [0] NCCL INFO NET/IB : Using [0]mlx5_0:1/RoCE [1]mlx5_1:1/RoCE [RO]; OOB bond0:10.140.58.119<0>
x3208c0s25b1n0:48836:48836 [0] NCCL INFO Using network IB
x3208c0s25b1n0:48839:48839 [3] NCCL INFO NET/IB : Using [0]mlx5_0:1/RoCE [1]mlx5_1:1/RoCE [RO]; OOB bond0:10.140.58.119<0>
x3208c0s25b1n0:48839:48839 [3] NCCL INFO Using network IB
x3208c0s25b1n0:48838:48838 [2] NCCL INFO NET/IB : Using [0]mlx5_0:1/RoCE [1]mlx5_1:1/RoCE [RO]; OOB bond0:10.140.58.119<0>
x3208c0s25b1n0:48838:48838 [2] NCCL INFO Using network IB
x3207c0s7b1n0:50536:50536 [2] NCCL INFO NET/Plugin : No plugin found (libnccl-net.so), using internal implementation
x3207c0s7b1n0:50534:50534 [0] NCCL INFO NET/Plugin : No plugin found (libnccl-net.so), using internal implementation
x3207c0s7b1n0:50535:50535 [1] NCCL INFO Bootstrap : Using bond0:10.140.56.233<0>
x3207c0s7b1n0:50537:50537 [3] NCCL INFO Bootstrap : Using bond0:10.140.56.233<0>
x3207c0s7b1n0:50535:50535 [1] NCCL INFO NET/Plugin : No plugin found (libnccl-net.so), using internal implementation
x3207c0s7b1n0:50537:50537 [3] NCCL INFO NET/Plugin : No plugin found (libnccl-net.so), using internal implementation
x3004c0s19b0n0:47268:47268 [1] NCCL INFO NET/IB : Using [0]mlx5_0:1/RoCE [1]mlx5_1:1/RoCE [RO]; OOB bond0:10.140.57.58<0>
x3004c0s19b0n0:47268:47268 [1] NCCL INFO Using network IB
x3004c0s19b0n0:47266:47266 [0] NCCL INFO NET/IB : Using [0]mlx5_0:1/RoCE [1]mlx5_1:1/RoCE [RO]; OOB bond0:10.140.57.58<0>
x3004c0s19b0n0:47266:47266 [0] NCCL INFO Using network IB
x3004c0s19b0n0:47269:47269 [2] NCCL INFO NET/IB : Using [0]mlx5_0:1/RoCE [1]mlx5_1:1/RoCE [RO]; OOB bond0:10.140.57.58<0>
x3004c0s19b0n0:47269:47269 [2] NCCL INFO Using network IB
x3004c0s19b0n0:47271:47271 [3] NCCL INFO NET/IB : Using [0]mlx5_0:1/RoCE [1]mlx5_1:1/RoCE [RO]; OOB bond0:10.140.57.58<0>
x3004c0s19b0n0:47271:47271 [3] NCCL INFO Using network IB
x3207c0s7b1n0:50535:50535 [1] NCCL INFO NET/IB : Using [0]mlx5_0:1/RoCE [1]mlx5_1:1/RoCE [RO]; OOB bond0:10.140.56.233<0>
x3207c0s7b1n0:50535:50535 [1] NCCL INFO Using network IB
x3207c0s7b1n0:50537:50537 [3] NCCL INFO NET/IB : Using [0]mlx5_0:1/RoCE [1]mlx5_1:1/RoCE [RO]; OOB bond0:10.140.56.233<0>
x3207c0s7b1n0:50537:50537 [3] NCCL INFO Using network IB
x3208c0s25b1n0:48837:48837 [1] NCCL INFO NET/IB : Using [0]mlx5_0:1/RoCE [1]mlx5_1:1/RoCE [RO]; OOB bond0:10.140.58.119<0>
x3208c0s25b1n0:48837:48837 [1] NCCL INFO Using network IB
x3208c0s13b1n0:22919:22919 [1] NCCL INFO Bootstrap : Using bond0:10.140.58.115<0>
x3208c0s13b1n0:22921:22921 [2] NCCL INFO Bootstrap : Using bond0:10.140.58.115<0>
x3208c0s13b1n0:22923:22923 [3] NCCL INFO Bootstrap : Using bond0:10.140.58.115<0>
x3208c0s13b1n0:22918:22918 [0] NCCL INFO Bootstrap : Using bond0:10.140.58.115<0>
x3208c0s13b1n0:22918:22918 [0] NCCL INFO NET/Plugin : No plugin found (libnccl-net.so), using internal implementation
x3208c0s13b1n0:22919:22919 [1] NCCL INFO NET/Plugin : No plugin found (libnccl-net.so), using internal implementation
x3208c0s13b1n0:22921:22921 [2] NCCL INFO NET/Plugin : No plugin found (libnccl-net.so), using internal implementation
x3208c0s13b1n0:22923:22923 [3] NCCL INFO NET/Plugin : No plugin found (libnccl-net.so), using internal implementation
x3207c0s7b1n0:50534:50534 [0] NCCL INFO NET/IB : Using [0]mlx5_0:1/RoCE [1]mlx5_1:1/RoCE [RO]; OOB bond0:10.140.56.233<0>
x3207c0s7b1n0:50534:50534 [0] NCCL INFO Using network IB
x3207c0s7b1n0:50536:50536 [2] NCCL INFO NET/IB : Using [0]mlx5_0:1/RoCE [1]mlx5_1:1/RoCE [RO]; OOB bond0:10.140.56.233<0>
x3207c0s7b1n0:50536:50536 [2] NCCL INFO Using network IB
x3208c0s13b1n0:22918:22918 [0] NCCL INFO NET/IB : Using [0]mlx5_0:1/RoCE [1]mlx5_1:1/RoCE [RO]; OOB bond0:10.140.58.115<0>
x3208c0s13b1n0:22918:22918 [0] NCCL INFO Using network IB
x3208c0s13b1n0:22923:22923 [3] NCCL INFO NET/IB : Using [0]mlx5_0:1/RoCE [1]mlx5_1:1/RoCE [RO]; OOB bond0:10.140.58.115<0>
x3208c0s13b1n0:22923:22923 [3] NCCL INFO Using network IB
x3208c0s13b1n0:22919:22919 [1] NCCL INFO NET/IB : Using [0]mlx5_0:1/RoCE [1]mlx5_1:1/RoCE [RO]; OOB bond0:10.140.58.115<0>
x3208c0s13b1n0:22919:22919 [1] NCCL INFO Using network IB
x3208c0s13b1n0:22921:22921 [2] NCCL INFO NET/IB : Using [0]mlx5_0:1/RoCE [1]mlx5_1:1/RoCE [RO]; OOB bond0:10.140.58.115<0>
x3208c0s13b1n0:22921:22921 [2] NCCL INFO Using network IB
x3103c0s25b0n0:38467:38497 [3] NCCL INFO Setting affinity for GPU 3 to 08,00000008
x3207c0s7b1n0:50537:50568 [3] NCCL INFO Setting affinity for GPU 3 to 08,00000008
x3208c0s1b1n0:28311:28343 [3] NCCL INFO Setting affinity for GPU 3 to 08,00000008
x3208c0s19b0n0:15361:15394 [3] NCCL INFO Setting affinity for GPU 3 to 08,00000008
x3208c0s1b0n0:46577:46605 [3] NCCL INFO Setting affinity for GPU 3 to 08,00000008
x3208c0s25b1n0:48839:48871 [3] NCCL INFO Setting affinity for GPU 3 to 08,00000008
x3004c0s19b1n0:18140:18176 [3] NCCL INFO Setting affinity for GPU 3 to 08,00000008
x3208c0s37b0n0:2307:2333 [3] NCCL INFO Setting affinity for GPU 3 to 08,00000008
x3208c0s25b0n0:50113:50141 [3] NCCL INFO Setting affinity for GPU 3 to 08,00000008
x3004c0s19b0n0:47271:47304 [3] NCCL INFO Setting affinity for GPU 3 to 08,00000008
x3208c0s31b0n0:51195:51227 [3] NCCL INFO Setting affinity for GPU 3 to 08,00000008
x3208c0s13b1n0:22923:22953 [3] NCCL INFO Setting affinity for GPU 3 to 08,00000008
x3208c0s37b1n0:38592:38625 [3] NCCL INFO Setting affinity for GPU 3 to 08,00000008
x3208c0s7b0n0:64728:64761 [3] NCCL INFO Setting affinity for GPU 3 to 08,00000008
x3208c0s19b1n0:37700:37725 [3] NCCL INFO Setting affinity for GPU 3 to 08,00000008
x3208c0s7b1n0:62995:63022 [3] NCCL INFO Setting affinity for GPU 3 to 08,00000008
x3103c0s25b0n0:38464:38494 [0] NCCL INFO Channel 00/04 :    0   2   3   5   4   6   7   9   8  10  11  13  12  14  15  17  16  18  19  21
x3004c0s19b0n0:47269:47302 [2] NCCL INFO Trees [0] 59/-1/-1->58->57 [1] 59/-1/-1->58->57 [2] 59/-1/-1->58->57 [3] 59/-1/-1->58->57
x3103c0s25b0n0:38464:38494 [0] NCCL INFO Channel 01/04 :    0   2   3   5   4   6   7   9   8  10  11  13  12  14  15  17  16  18  19  21
x3103c0s25b0n0:38464:38494 [0] NCCL INFO Channel 02/04 :    0   2   3   5   4   6   7   9   8  10  11  13  12  14  15  17  16  18  19  21
x3103c0s25b0n0:38464:38494 [0] NCCL INFO Channel 03/04 :    0   2   3   5   4   6   7   9   8  10  11  13  12  14  15  17  16  18  19  21
x3103c0s25b0n0:38464:38494 [0] NCCL INFO Trees [0] 1/32/-1->0->-1 [1] 1/32/-1->0->-1 [2] 1/-1/-1->0->4 [3] 1/-1/-1->0->4
x3004c0s19b0n0:47271:47304 [3] NCCL INFO Trees [0] -1/-1/-1->59->58 [1] -1/-1/-1->59->58 [2] -1/-1/-1->59->58 [3] -1/-1/-1->59->58
x3103c0s25b0n0:38465:38503 [1] NCCL INFO Trees [0] 2/-1/-1->1->0 [1] 2/-1/-1->1->0 [2] 2/-1/-1->1->0 [3] 2/-1/-1->1->0
x3004c0s19b1n0:18133:18177 [0] NCCL INFO Trees [0] 61/-1/-1->60->56 [1] 61/-1/-1->60->56 [2] 61/28/-1->60->-1 [3] 61/28/-1->60->-1
x3103c0s25b0n0:38466:38501 [2] NCCL INFO Trees [0] 3/-1/-1->2->1 [1] 3/-1/-1->2->1 [2] 3/-1/-1->2->1 [3] 3/-1/-1->2->1
x3103c0s25b0n0:38467:38497 [3] NCCL INFO Trees [0] -1/-1/-1->3->2 [1] -1/-1/-1->3->2 [2] -1/-1/-1->3->2 [3] -1/-1/-1->3->2
x3208c0s13b1n0:22918:22951 [0] NCCL INFO Trees [0] 9/12/-1->8->17 [1] 9/12/-1->8->17 [2] 9/-1/-1->8->5 [3] 9/-1/-1->8->5
x3004c0s19b1n0:18137:18174 [1] NCCL INFO Trees [0] 62/-1/-1->61->60 [1] 62/-1/-1->61->60 [2] 62/-1/-1->61->60 [3] 62/-1/-1->61->60
x3207c0s7b1n0:50534:50573 [0] NCCL INFO Trees [0] 5/-1/-1->4->9 [1] 5/-1/-1->4->9 [2] 5/0/-1->4->12 [3] 5/0/-1->4->12
x3208c0s13b1n0:22919:22957 [1] NCCL INFO Trees [0] 10/4/-1->9->8 [1] 10/4/-1->9->8 [2] 10/-1/-1->9->8 [3] 10/-1/-1->9->8
x3004c0s19b1n0:18139:18170 [2] NCCL INFO Trees [0] 63/-1/-1->62->61 [1] 63/-1/-1->62->61 [2] 63/-1/-1->62->61 [3] 63/-1/-1->62->61
x3207c0s7b1n0:50535:50567 [1] NCCL INFO Trees [0] 6/-1/-1->5->4 [1] 6/-1/-1->5->4 [2] 6/8/-1->5->4 [3] 6/8/-1->5->4
x3208c0s13b1n0:22921:22956 [2] NCCL INFO Trees [0] 11/-1/-1->10->9 [1] 11/-1/-1->10->9 [2] 11/-1/-1->10->9 [3] 11/-1/-1->10->9
x3208c0s25b1n0:48836:48872 [0] NCCL INFO Trees [0] 33/48/-1->32->0 [1] 33/48/-1->32->0 [2] 33/-1/-1->32->36 [3] 33/-1/-1->32->36
x3004c0s19b1n0:18140:18176 [3] NCCL INFO Trees [0] -1/-1/-1->63->62 [1] -1/-1/-1->63->62 [2] -1/-1/-1->63->62 [3] -1/-1/-1->63->62
x3207c0s7b1n0:50536:50574 [2] NCCL INFO Trees [0] 7/-1/-1->6->5 [1] 7/-1/-1->6->5 [2] 7/-1/-1->6->5 [3] 7/-1/-1->6->5
x3208c0s13b1n0:22923:22953 [3] NCCL INFO Trees [0] -1/-1/-1->11->10 [1] -1/-1/-1->11->10 [2] -1/-1/-1->11->10 [3] -1/-1/-1->11->10
x3208c0s19b0n0:15355:15393 [0] NCCL INFO Trees [0] 13/-1/-1->12->8 [1] 13/-1/-1->12->8 [2] 13/4/-1->12->28 [3] 13/4/-1->12->28
x3208c0s19b1n0:37697:37733 [0] NCCL INFO Trees [0] 17/24/-1->16->33 [1] 17/24/-1->16->33 [2] 17/-1/-1->16->20 [3] 17/-1/-1->16->20
x3208c0s1b0n0:46575:46610 [1] NCCL INFO Trees [0] 22/-1/-1->21->20 [1] 22/-1/-1->21->20 [2] 22/24/-1->21->20 [3] 22/24/-1->21->20
x3208c0s1b1n0:28308:28345 [0] NCCL INFO Trees [0] 25/28/-1->24->16 [1] 25/28/-1->24->16 [2] 25/-1/-1->24->21 [3] 25/-1/-1->24->21
x3208c0s25b0n0:50110:50142 [0] NCCL INFO Trees [0] 29/-1/-1->28->24 [1] 29/-1/-1->28->24 [2] 29/12/-1->28->60 [3] 29/12/-1->28->60
x3208c0s25b1n0:48837:48876 [1] NCCL INFO Trees [0] 34/16/-1->33->32 [1] 34/16/-1->33->32 [2] 34/-1/-1->33->32 [3] 34/-1/-1->33->32
x3004c0s19b0n0:47266:47303 [0] NCCL INFO Trees [0] 57/60/-1->56->48 [1] 57/60/-1->56->48 [2] 57/-1/-1->56->53 [3] 57/-1/-1->56->53
x3207c0s7b1n0:50537:50568 [3] NCCL INFO Trees [0] -1/-1/-1->7->6 [1] -1/-1/-1->7->6 [2] -1/-1/-1->7->6 [3] -1/-1/-1->7->6
x3208c0s19b0n0:15358:15392 [1] NCCL INFO Trees [0] 14/-1/-1->13->12 [1] 14/-1/-1->13->12 [2] 14/20/-1->13->12 [3] 14/20/-1->13->12
x3208c0s19b1n0:37698:37730 [1] NCCL INFO Trees [0] 18/8/-1->17->16 [1] 18/8/-1->17->16 [2] 18/-1/-1->17->16 [3] 18/-1/-1->17->16
x3208c0s1b0n0:46576:46607 [2] NCCL INFO Trees [0] 23/-1/-1->22->21 [1] 23/-1/-1->22->21 [2] 23/-1/-1->22->21 [3] 23/-1/-1->22->21
x3208c0s1b1n0:28309:28336 [1] NCCL INFO Trees [0] 26/20/-1->25->24 [1] 26/20/-1->25->24 [2] 26/-1/-1->25->24 [3] 26/-1/-1->25->24
x3208c0s25b0n0:50111:50148 [1] NCCL INFO Trees [0] 30/-1/-1->29->28 [1] 30/-1/-1->29->28 [2] 30/44/-1->29->28 [3] 30/44/-1->29->28
x3208c0s25b1n0:48838:48873 [2] NCCL INFO Trees [0] 35/-1/-1->34->33 [1] 35/-1/-1->34->33 [2] 35/-1/-1->34->33 [3] 35/-1/-1->34->33
x3208c0s31b0n0:51189:51226 [0] NCCL INFO Trees [0] 37/-1/-1->36->41 [1] 37/-1/-1->36->41 [2] 37/32/-1->36->44 [3] 37/32/-1->36->44
x3208c0s37b0n0:2306:2340 [2] NCCL INFO Trees [0] 43/-1/-1->42->41 [1] 43/-1/-1->42->41 [2] 43/-1/-1->42->41 [3] 43/-1/-1->42->41
x3208c0s7b0n0:64724:64758 [0] NCCL INFO Trees [0] 49/56/-1->48->32 [1] 49/56/-1->48->32 [2] 49/-1/-1->48->52 [3] 49/-1/-1->48->52
x3004c0s19b0n0:47268:47301 [1] NCCL INFO Trees [0] 58/52/-1->57->56 [1] 58/52/-1->57->56 [2] 58/-1/-1->57->56 [3] 58/-1/-1->57->56
x3208c0s19b0n0:15360:15395 [2] NCCL INFO Trees [0] 15/-1/-1->14->13 [1] 15/-1/-1->14->13 [2] 15/-1/-1->14->13 [3] 15/-1/-1->14->13
x3208c0s19b1n0:37699:37734 [2] NCCL INFO Trees [0] 19/-1/-1->18->17 [1] 19/-1/-1->18->17 [2] 19/-1/-1->18->17 [3] 19/-1/-1->18->17
x3208c0s1b0n0:46577:46605 [3] NCCL INFO Trees [0] -1/-1/-1->23->22 [1] -1/-1/-1->23->22 [2] -1/-1/-1->23->22 [3] -1/-1/-1->23->22
x3208c0s1b1n0:28310:28339 [2] NCCL INFO Trees [0] 27/-1/-1->26->25 [1] 27/-1/-1->26->25 [2] 27/-1/-1->26->25 [3] 27/-1/-1->26->25
x3208c0s25b0n0:50112:50147 [2] NCCL INFO Trees [0] 31/-1/-1->30->29 [1] 31/-1/-1->30->29 [2] 31/-1/-1->30->29 [3] 31/-1/-1->30->29
x3208c0s25b1n0:48839:48871 [3] NCCL INFO Trees [0] -1/-1/-1->35->34 [1] -1/-1/-1->35->34 [2] -1/-1/-1->35->34 [3] -1/-1/-1->35->34
x3208c0s31b0n0:51191:51228 [1] NCCL INFO Trees [0] 38/-1/-1->37->36 [1] 38/-1/-1->37->36 [2] 38/40/-1->37->36 [3] 38/40/-1->37->36
x3208c0s37b0n0:2307:2333 [3] NCCL INFO Trees [0] -1/-1/-1->43->42 [1] -1/-1/-1->43->42 [2] -1/-1/-1->43->42 [3] -1/-1/-1->43->42
x3208c0s37b1n0:38587:38622 [0] NCCL INFO Trees [0] 45/-1/-1->44->40 [1] 45/-1/-1->44->40 [2] 45/36/-1->44->29 [3] 45/36/-1->44->29
x3208c0s7b0n0:64726:64756 [1] NCCL INFO Trees [0] 50/40/-1->49->48 [1] 50/40/-1->49->48 [2] 50/-1/-1->49->48 [3] 50/-1/-1->49->48
x3208c0s7b1n0:62990:63021 [0] NCCL INFO Trees [0] 53/-1/-1->52->57 [1] 53/-1/-1->52->57 [2] 53/48/-1->52->45 [3] 53/48/-1->52->45
x3208c0s19b0n0:15361:15394 [3] NCCL INFO Trees [0] -1/-1/-1->15->14 [1] -1/-1/-1->15->14 [2] -1/-1/-1->15->14 [3] -1/-1/-1->15->14
x3208c0s19b1n0:37700:37725 [3] NCCL INFO Trees [0] -1/-1/-1->19->18 [1] -1/-1/-1->19->18 [2] -1/-1/-1->19->18 [3] -1/-1/-1->19->18
x3208c0s1b0n0:46574:46606 [0] NCCL INFO Trees [0] 21/-1/-1->20->25 [1] 21/-1/-1->20->25 [2] 21/16/-1->20->13 [3] 21/16/-1->20->13
x3208c0s1b1n0:28311:28343 [3] NCCL INFO Trees [0] -1/-1/-1->27->26 [1] -1/-1/-1->27->26 [2] -1/-1/-1->27->26 [3] -1/-1/-1->27->26
x3208c0s25b0n0:50113:50141 [3] NCCL INFO Trees [0] -1/-1/-1->31->30 [1] -1/-1/-1->31->30 [2] -1/-1/-1->31->30 [3] -1/-1/-1->31->30
x3208c0s31b0n0:51193:51225 [2] NCCL INFO Trees [0] 39/-1/-1->38->37 [1] 39/-1/-1->38->37 [2] 39/-1/-1->38->37 [3] 39/-1/-1->38->37
x3208c0s37b0n0:2304:2334 [0] NCCL INFO Trees [0] 41/44/-1->40->49 [1] 41/44/-1->40->49 [2] 41/-1/-1->40->37 [3] 41/-1/-1->40->37
x3208c0s37b1n0:38588:38620 [1] NCCL INFO Trees [0] 46/-1/-1->45->44 [1] 46/-1/-1->45->44 [2] 46/52/-1->45->44 [3] 46/52/-1->45->44
x3208c0s7b0n0:64727:64755 [2] NCCL INFO Trees [0] 51/-1/-1->50->49 [1] 51/-1/-1->50->49 [2] 51/-1/-1->50->49 [3] 51/-1/-1->50->49
x3208c0s7b1n0:62992:63027 [1] NCCL INFO Trees [0] 54/-1/-1->53->52 [1] 54/-1/-1->53->52 [2] 54/56/-1->53->52 [3] 54/56/-1->53->52
x3208c0s31b0n0:51195:51227 [3] NCCL INFO Trees [0] -1/-1/-1->39->38 [1] -1/-1/-1->39->38 [2] -1/-1/-1->39->38 [3] -1/-1/-1->39->38
x3208c0s37b0n0:2305:2337 [1] NCCL INFO Trees [0] 42/36/-1->41->40 [1] 42/36/-1->41->40 [2] 42/-1/-1->41->40 [3] 42/-1/-1->41->40
x3208c0s37b1n0:38590:38621 [2] NCCL INFO Trees [0] 47/-1/-1->46->45 [1] 47/-1/-1->46->45 [2] 47/-1/-1->46->45 [3] 47/-1/-1->46->45
x3208c0s7b0n0:64728:64761 [3] NCCL INFO Trees [0] -1/-1/-1->51->50 [1] -1/-1/-1->51->50 [2] -1/-1/-1->51->50 [3] -1/-1/-1->51->50
x3208c0s7b1n0:62994:63028 [2] NCCL INFO Trees [0] 55/-1/-1->54->53 [1] 55/-1/-1->54->53 [2] 55/-1/-1->54->53 [3] 55/-1/-1->54->53
x3208c0s37b1n0:38592:38625 [3] NCCL INFO Trees [0] -1/-1/-1->47->46 [1] -1/-1/-1->47->46 [2] -1/-1/-1->47->46 [3] -1/-1/-1->47->46
x3208c0s7b1n0:62995:63022 [3] NCCL INFO Trees [0] -1/-1/-1->55->54 [1] -1/-1/-1->55->54 [2] -1/-1/-1->55->54 [3] -1/-1/-1->55->54
x3103c0s25b0n0:38466:38501 [2] NCCL INFO Channel 00 : 2[85000] -> 3[c7000] via P2P/IPC/read
x3103c0s25b0n0:38464:38494 [0] NCCL INFO Channel 00 : 0[7000] -> 2[85000] via P2P/IPC/read
x3208c0s13b1n0:22921:22956 [2] NCCL INFO Channel 00 : 10[85000] -> 11[c7000] via P2P/IPC/read
x3208c0s13b1n0:22918:22951 [0] NCCL INFO Channel 00 : 8[7000] -> 10[85000] via P2P/IPC/read
x3208c0s19b1n0:37697:37733 [0] NCCL INFO Channel 00 : 16[7000] -> 18[85000] via P2P/IPC/read
x3208c0s19b1n0:37699:37734 [2] NCCL INFO Channel 00 : 18[85000] -> 19[c7000] via P2P/IPC/read
x3004c0s19b0n0:47266:47303 [0] NCCL INFO Channel 00 : 56[7000] -> 58[85000] via P2P/IPC/read
x3004c0s19b0n0:47269:47302 [2] NCCL INFO Channel 00 : 58[85000] -> 59[c7000] via P2P/IPC/read
x3208c0s31b0n0:51189:51226 [0] NCCL INFO Channel 00 : 36[7000] -> 38[85000] via P2P/IPC/read
x3208c0s31b0n0:51193:51225 [2] NCCL INFO Channel 00 : 38[85000] -> 39[c7000] via P2P/IPC/read
x3208c0s1b0n0:46574:46606 [0] NCCL INFO Channel 00 : 20[7000] -> 22[85000] via P2P/IPC/read
x3208c0s1b0n0:46576:46607 [2] NCCL INFO Channel 00 : 22[85000] -> 23[c7000] via P2P/IPC/read
x3208c0s19b0n0:15355:15393 [0] NCCL INFO Channel 00 : 12[7000] -> 14[85000] via P2P/IPC/read
x3208c0s19b0n0:15360:15395 [2] NCCL INFO Channel 00 : 14[85000] -> 15[c7000] via P2P/IPC/read
x3208c0s37b0n0:2304:2334 [0] NCCL INFO Channel 00 : 40[7000] -> 42[85000] via P2P/IPC/read
x3208c0s37b0n0:2306:2340 [2] NCCL INFO Channel 00 : 42[85000] -> 43[c7000] via P2P/IPC/read
x3208c0s25b1n0:48836:48872 [0] NCCL INFO Channel 00 : 32[7000] -> 34[85000] via P2P/IPC/read
x3208c0s25b1n0:48838:48873 [2] NCCL INFO Channel 00 : 34[85000] -> 35[c7000] via P2P/IPC/read
x3208c0s25b0n0:50110:50142 [0] NCCL INFO Channel 00 : 28[7000] -> 30[85000] via P2P/IPC/read
x3208c0s37b1n0:38587:38622 [0] NCCL INFO Channel 00 : 44[7000] -> 46[85000] via P2P/IPC/read
x3208c0s25b0n0:50112:50147 [2] NCCL INFO Channel 00 : 30[85000] -> 31[c7000] via P2P/IPC/read
x3208c0s37b1n0:38590:38621 [2] NCCL INFO Channel 00 : 46[85000] -> 47[c7000] via P2P/IPC/read
x3207c0s7b1n0:50534:50573 [0] NCCL INFO Channel 00 : 4[7000] -> 6[85000] via P2P/IPC/read
x3207c0s7b1n0:50536:50574 [2] NCCL INFO Channel 00 : 6[85000] -> 7[c7000] via P2P/IPC/read
x3208c0s1b1n0:28308:28345 [0] NCCL INFO Channel 00 : 24[7000] -> 26[85000] via P2P/IPC/read
x3208c0s1b1n0:28310:28339 [2] NCCL INFO Channel 00 : 26[85000] -> 27[c7000] via P2P/IPC/read
x3004c0s19b1n0:18133:18177 [0] NCCL INFO Channel 00 : 60[7000] -> 62[85000] via P2P/IPC/read
x3004c0s19b1n0:18139:18170 [2] NCCL INFO Channel 00 : 62[85000] -> 63[c7000] via P2P/IPC/read
x3208c0s7b1n0:62990:63021 [0] NCCL INFO Channel 00 : 52[7000] -> 54[85000] via P2P/IPC/read
x3208c0s7b1n0:62994:63028 [2] NCCL INFO Channel 00 : 54[85000] -> 55[c7000] via P2P/IPC/read
x3208c0s7b0n0:64724:64758 [0] NCCL INFO Channel 00 : 48[7000] -> 50[85000] via P2P/IPC/read
x3208c0s7b0n0:64727:64755 [2] NCCL INFO Channel 00 : 50[85000] -> 51[c7000] via P2P/IPC/read
x3208c0s37b0n0:2304:2334 [0] NCCL INFO Channel 01 : 40[7000] -> 42[85000] via P2P/IPC/read
x3208c0s37b0n0:2304:2334 [0] NCCL INFO Channel 02 : 40[7000] -> 42[85000] via P2P/IPC/read
x3208c0s37b0n0:2304:2334 [0] NCCL INFO Channel 03 : 40[7000] -> 42[85000] via P2P/IPC/read
x3208c0s13b1n0:22919:22957 [1] NCCL INFO Channel 00/0 : 7[c7000] -> 9[46000] [receive] via NET/IB/1
x3004c0s19b0n0:47268:47301 [1] NCCL INFO Channel 00/0 : 55[c7000] -> 57[46000] [receive] via NET/IB/1
x3208c0s19b1n0:37698:37730 [1] NCCL INFO Channel 00/0 : 15[c7000] -> 17[46000] [receive] via NET/IB/1
x3208c0s19b1n0:37699:37734 [2] NCCL INFO Channel 01 : 18[85000] -> 19[c7000] via P2P/IPC/read
x3208c0s7b0n0:64726:64756 [1] NCCL INFO Channel 00/0 : 47[c7000] -> 49[46000] [receive] via NET/IB/1
x3208c0s7b0n0:64724:64758 [0] NCCL INFO Channel 01 : 48[7000] -> 50[85000] via P2P/IPC/read
x3208c0s7b0n0:64727:64755 [2] NCCL INFO Channel 01 : 50[85000] -> 51[c7000] via P2P/IPC/read
x3208c0s7b0n0:64727:64755 [2] NCCL INFO Channel 02 : 50[85000] -> 51[c7000] via P2P/IPC/read
x3208c0s7b0n0:64727:64755 [2] NCCL INFO Channel 03 : 50[85000] -> 51[c7000] via P2P/IPC/read
x3208c0s13b1n0:22918:22951 [0] NCCL INFO Channel 01 : 8[7000] -> 10[85000] via P2P/IPC/read
x3208c0s25b1n0:48836:48872 [0] NCCL INFO Channel 01 : 32[7000] -> 34[85000] via P2P/IPC/read
x3208c0s13b1n0:22921:22956 [2] NCCL INFO Channel 01 : 10[85000] -> 11[c7000] via P2P/IPC/read
x3208c0s25b1n0:48837:48876 [1] NCCL INFO Channel 00/0 : 31[c7000] -> 33[46000] [receive] via NET/IB/1
x3208c0s25b1n0:48838:48873 [2] NCCL INFO Channel 01 : 34[85000] -> 35[c7000] via P2P/IPC/read
x3208c0s37b1n0:38588:38620 [1] NCCL INFO Channel 00/0 : 43[c7000] -> 45[46000] [receive] via NET/IB/1
x3208c0s37b1n0:38590:38621 [2] NCCL INFO Channel 01 : 46[85000] -> 47[c7000] via P2P/IPC/read
x3208c0s37b1n0:38587:38622 [0] NCCL INFO Channel 01 : 44[7000] -> 46[85000] via P2P/IPC/read
x3208c0s37b1n0:38587:38622 [0] NCCL INFO Channel 02 : 44[7000] -> 46[85000] via P2P/IPC/read
x3208c0s37b1n0:38587:38622 [0] NCCL INFO Channel 03 : 44[7000] -> 46[85000] via P2P/IPC/read
x3208c0s7b1n0:62990:63021 [0] NCCL INFO Channel 01 : 52[7000] -> 54[85000] via P2P/IPC/read
x3208c0s7b1n0:62994:63028 [2] NCCL INFO Channel 01 : 54[85000] -> 55[c7000] via P2P/IPC/read
x3004c0s19b0n0:47269:47302 [2] NCCL INFO Channel 01 : 58[85000] -> 59[c7000] via P2P/IPC/read
x3207c0s7b1n0:50534:50573 [0] NCCL INFO Channel 01 : 4[7000] -> 6[85000] via P2P/IPC/read
x3208c0s1b0n0:46574:46606 [0] NCCL INFO Channel 01 : 20[7000] -> 22[85000] via P2P/IPC/read
x3208c0s1b0n0:46574:46606 [0] NCCL INFO Channel 02 : 20[7000] -> 22[85000] via P2P/IPC/read
x3004c0s19b1n0:18133:18177 [0] NCCL INFO Channel 01 : 60[7000] -> 62[85000] via P2P/IPC/read
x3004c0s19b1n0:18133:18177 [0] NCCL INFO Channel 02 : 60[7000] -> 62[85000] via P2P/IPC/read
x3004c0s19b1n0:18133:18177 [0] NCCL INFO Channel 03 : 60[7000] -> 62[85000] via P2P/IPC/read
x3208c0s1b0n0:46574:46606 [0] NCCL INFO Channel 03 : 20[7000] -> 22[85000] via P2P/IPC/read
x3208c0s19b0n0:15360:15395 [2] NCCL INFO Channel 01 : 14[85000] -> 15[c7000] via P2P/IPC/read
x3208c0s25b1n0:48838:48873 [2] NCCL INFO Channel 02 : 34[85000] -> 35[c7000] via P2P/IPC/read
x3208c0s25b1n0:48838:48873 [2] NCCL INFO Channel 03 : 34[85000] -> 35[c7000] via P2P/IPC/read
x3004c0s19b1n0:18139:18170 [2] NCCL INFO Channel 01 : 62[85000] -> 63[c7000] via P2P/IPC/read
x3208c0s13b1n0:22918:22951 [0] NCCL INFO Channel 02 : 8[7000] -> 10[85000] via P2P/IPC/read
x3208c0s13b1n0:22918:22951 [0] NCCL INFO Channel 03 : 8[7000] -> 10[85000] via P2P/IPC/read
x3103c0s25b0n0:38466:38501 [2] NCCL INFO Channel 01 : 2[85000] -> 3[c7000] via P2P/IPC/read
x3208c0s1b0n0:46575:46610 [1] NCCL INFO Channel 00/0 : 19[c7000] -> 21[46000] [receive] via NET/IB/1
x3208c0s1b0n0:46576:46607 [2] NCCL INFO Channel 01 : 22[85000] -> 23[c7000] via P2P/IPC/read
x3208c0s1b1n0:28308:28345 [0] NCCL INFO Channel 01 : 24[7000] -> 26[85000] via P2P/IPC/read
x3208c0s1b1n0:28309:28336 [1] NCCL INFO Channel 00/0 : 23[c7000] -> 25[46000] [receive] via NET/IB/1
x3208c0s19b1n0:37697:37733 [0] NCCL INFO Channel 01 : 16[7000] -> 18[85000] via P2P/IPC/read
x3208c0s19b0n0:15358:15392 [1] NCCL INFO Channel 00/0 : 11[c7000] -> 13[46000] [receive] via NET/IB/1
x3208c0s13b1n0:22921:22956 [2] NCCL INFO Channel 02 : 10[85000] -> 11[c7000] via P2P/IPC/read
x3208c0s13b1n0:22921:22956 [2] NCCL INFO Channel 03 : 10[85000] -> 11[c7000] via P2P/IPC/read
x3004c0s19b0n0:47266:47303 [0] NCCL INFO Channel 01 : 56[7000] -> 58[85000] via P2P/IPC/read
x3208c0s37b1n0:38590:38621 [2] NCCL INFO Channel 02 : 46[85000] -> 47[c7000] via P2P/IPC/read
x3208c0s37b1n0:38590:38621 [2] NCCL INFO Channel 03 : 46[85000] -> 47[c7000] via P2P/IPC/read
x3207c0s7b1n0:50535:50567 [1] NCCL INFO Channel 00/0 : 3[c7000] -> 5[46000] [receive] via NET/IB/1
x3207c0s7b1n0:50536:50574 [2] NCCL INFO Channel 01 : 6[85000] -> 7[c7000] via P2P/IPC/read
x3208c0s31b0n0:51191:51228 [1] NCCL INFO Channel 00/0 : 35[c7000] -> 37[46000] [receive] via NET/IB/1
x3208c0s1b1n0:28310:28339 [2] NCCL INFO Channel 01 : 26[85000] -> 27[c7000] via P2P/IPC/read
x3208c0s31b0n0:51189:51226 [0] NCCL INFO Channel 01 : 36[7000] -> 38[85000] via P2P/IPC/read
x3208c0s1b1n0:28308:28345 [0] NCCL INFO Channel 02 : 24[7000] -> 26[85000] via P2P/IPC/read
x3208c0s31b0n0:51193:51225 [2] NCCL INFO Channel 01 : 38[85000] -> 39[c7000] via P2P/IPC/read
x3208c0s37b0n0:2305:2337 [1] NCCL INFO Channel 00/0 : 39[c7000] -> 41[46000] [receive] via NET/IB/1
x3004c0s19b1n0:18137:18174 [1] NCCL INFO Channel 00/0 : 59[c7000] -> 61[46000] [receive] via NET/IB/1
x3208c0s1b1n0:28308:28345 [0] NCCL INFO Channel 03 : 24[7000] -> 26[85000] via P2P/IPC/read
x3208c0s37b0n0:2306:2340 [2] NCCL INFO Channel 01 : 42[85000] -> 43[c7000] via P2P/IPC/read
x3208c0s25b0n0:50110:50142 [0] NCCL INFO Channel 01 : 28[7000] -> 30[85000] via P2P/IPC/read
x3208c0s25b0n0:50111:50148 [1] NCCL INFO Channel 00/0 : 27[c7000] -> 29[46000] [receive] via NET/IB/1
x3208c0s25b0n0:50112:50147 [2] NCCL INFO Channel 01 : 30[85000] -> 31[c7000] via P2P/IPC/read
x3208c0s7b1n0:62992:63027 [1] NCCL INFO Channel 00/0 : 51[c7000] -> 53[46000] [receive] via NET/IB/1
x3103c0s25b0n0:38465:38503 [1] NCCL INFO Channel 00/0 : 63[c7000] -> 1[46000] [receive] via NET/IB/1
x3103c0s25b0n0:38465:38503 [1] NCCL INFO Channel 01/0 : 63[c7000] -> 1[46000] [receive] via NET/IB/0
