x3005c0s7b0n0:53512:53546 [0] NCCL INFO Channel 00/0 : 57[46000] -> 52[7000] [receive] via NET/IB/1
x3005c0s25b1n0:29860:29893 [1] NCCL INFO Channel 01/0 : 33[46000] -> 16[7000] [send] via NET/IB/0
x3005c0s19b1n0:33439:33469 [0] NCCL INFO Channel 01/0 : 33[46000] -> 16[7000] [receive] via NET/IB/0
x3005c0s19b0n0:60457:60494 [1] NCCL INFO Channel 03/0 : 20[7000] -> 13[46000] [receive] via NET/IB/0
x3005c0s13b1n0:34816:34848 [0] NCCL INFO Channel 00/0 : 17[46000] -> 8[7000] [receive] via NET/IB/1
x3005c0s37b0n0:45761:45795 [1] NCCL INFO Connected all trees
x3005c0s37b0n0:45761:45795 [1] NCCL INFO MSCCL_XML_FILES set by environment to /home/yuke/ncclPG/msccl_tools_lyd/examples/xml/allreduce_ring_Simple_gpu64_channel4_chunk256_ins1.xml
x3005c0s37b0n0:45761:45795 [1] NCCL INFO MSCCL: Parsing algorithm /home/yuke/ncclPG/msccl_tools_lyd/examples/xml/allreduce_ring_Simple_gpu64_channel4_chunk256_ins1.xml
x3005c0s37b1n0:31764:31798 [1] NCCL INFO Channel 00/0 : 49[46000] -> 40[7000] [send] via NET/IB/1
x3005c0s37b0n0:45762:45799 [2] NCCL INFO Connected all trees
x3005c0s37b0n0:45762:45799 [2] NCCL INFO MSCCL_XML_FILES set by environment to /home/yuke/ncclPG/msccl_tools_lyd/examples/xml/allreduce_ring_Simple_gpu64_channel4_chunk256_ins1.xml
x3005c0s37b0n0:45762:45799 [2] NCCL INFO MSCCL: Parsing algorithm /home/yuke/ncclPG/msccl_tools_lyd/examples/xml/allreduce_ring_Simple_gpu64_channel4_chunk256_ins1.xml
x3005c0s7b0n0:53512:53546 [0] NCCL INFO Channel 01/0 : 57[46000] -> 52[7000] [receive] via NET/IB/0
x3005c0s19b1n0:33440:33475 [1] NCCL INFO Channel 00/0 : 17[46000] -> 8[7000] [send] via NET/IB/1
x3005c0s19b1n0:33440:33475 [1] NCCL INFO Channel 01/0 : 17[46000] -> 8[7000] [send] via NET/IB/0
x3005c0s13b1n0:34816:34848 [0] NCCL INFO Channel 01/0 : 17[46000] -> 8[7000] [receive] via NET/IB/0
x3005c0s31b1n0:38245:38281 [0] NCCL INFO Channel 00/0 : 49[46000] -> 40[7000] [receive] via NET/IB/1
x3005c0s37b1n0:31764:31798 [1] NCCL INFO Channel 01/0 : 49[46000] -> 40[7000] [send] via NET/IB/0
x3005c0s37b0n0:45761:45795 [1] NCCL INFO Parsed MSCCL Algorithm /home/yuke/ncclPG/msccl_tools_lyd/examples/xml/allreduce_ring_Simple_gpu64_channel4_chunk256_ins1.xml successfully.
x3005c0s37b0n0:45760:45796 [0] NCCL INFO Channel 02/0 : 29[46000] -> 44[7000] [receive] via NET/IB/1
x3005c0s37b0n0:45762:45799 [2] NCCL INFO Parsed MSCCL Algorithm /home/yuke/ncclPG/msccl_tools_lyd/examples/xml/allreduce_ring_Simple_gpu64_channel4_chunk256_ins1.xml successfully.
x3005c0s31b1n0:38245:38281 [0] NCCL INFO Channel 01/0 : 49[46000] -> 40[7000] [receive] via NET/IB/0
x3005c0s31b0n0:36807:36843 [0] NCCL INFO Channel 02/0 : 44[7000] -> 36[7000] [receive] via NET/IB/1
x3005c0s19b0n0:60456:60489 [0] NCCL INFO Channel 02/0 : 12[7000] -> 28[7000] [send] via NET/IB/1
x3005c0s37b0n0:45762:45799 [2] NCCL INFO Channel 00/0 : 46[85000] -> 49[46000] [send] via NET/IB/1
x3004c0s7b0n0:58211:58250 [0] NCCL INFO Channel 02/0 : 12[7000] -> 4[7000] [receive] via NET/IB/1
x3005c0s7b0n0:53512:53546 [0] NCCL INFO Channel 02/0 : 52[7000] -> 48[7000] [send] via NET/IB/1
x3005c0s37b0n0:45761:45795 [1] NCCL INFO Channel 00/0 : 42[85000] -> 45[46000] [receive] via NET/IB/1
x3005c0s37b0n0:45762:45799 [2] NCCL INFO Channel 02/0 : 46[85000] -> 49[46000] [send] via NET/IB/1
x3005c0s19b0n0:60456:60489 [0] NCCL INFO Channel 03/0 : 12[7000] -> 28[7000] [send] via NET/IB/0
x3005c0s25b1n0:29860:29893 [1] NCCL INFO Connected all trees
x3005c0s25b1n0:29859:29898 [0] NCCL INFO Channel 00/0 : 0[7000] -> 32[7000] [receive] via NET/IB/1
x3005c0s31b0n0:36807:36843 [0] NCCL INFO Channel 03/0 : 44[7000] -> 36[7000] [receive] via NET/IB/0
x3005c0s25b1n0:29860:29893 [1] NCCL INFO MSCCL_XML_FILES set by environment to /home/yuke/ncclPG/msccl_tools_lyd/examples/xml/allreduce_ring_Simple_gpu64_channel4_chunk256_ins1.xml
x3005c0s25b1n0:29860:29893 [1] NCCL INFO MSCCL: Parsing algorithm /home/yuke/ncclPG/msccl_tools_lyd/examples/xml/allreduce_ring_Simple_gpu64_channel4_chunk256_ins1.xml
x3005c0s25b1n0:29861:29895 [2] NCCL INFO Connected all trees
x3005c0s25b1n0:29861:29895 [2] NCCL INFO MSCCL_XML_FILES set by environment to /home/yuke/ncclPG/msccl_tools_lyd/examples/xml/allreduce_ring_Simple_gpu64_channel4_chunk256_ins1.xml
x3005c0s25b1n0:29861:29895 [2] NCCL INFO MSCCL: Parsing algorithm /home/yuke/ncclPG/msccl_tools_lyd/examples/xml/allreduce_ring_Simple_gpu64_channel4_chunk256_ins1.xml
x3005c0s7b0n0:53512:53546 [0] NCCL INFO Channel 03/0 : 52[7000] -> 48[7000] [send] via NET/IB/0
x3005c0s37b0n0:45760:45796 [0] NCCL INFO Channel 03/0 : 29[46000] -> 44[7000] [receive] via NET/IB/0
x3005c0s37b0n0:45761:45795 [1] NCCL INFO Channel 02/0 : 42[85000] -> 45[46000] [receive] via NET/IB/1
x3005c0s37b1n0:31763:31797 [0] NCCL INFO Channel 00/0 : 48[7000] -> 32[7000] [send] via NET/IB/1
x3004c0s7b0n0:58211:58250 [0] NCCL INFO Channel 03/0 : 12[7000] -> 4[7000] [receive] via NET/IB/0
x3005c0s19b1n0:33439:33469 [0] NCCL INFO Channel 00/0 : 24[7000] -> 16[7000] [receive] via NET/IB/1
x3005c0s25b1n0:29859:29898 [0] NCCL INFO Channel 01/0 : 0[7000] -> 32[7000] [receive] via NET/IB/0
x3005c0s1b0n0:52195:52233 [0] NCCL INFO Channel 00/0 : 25[46000] -> 20[7000] [receive] via NET/IB/1
x3005c0s19b1n0:33439:33469 [0] NCCL INFO Channel 01/0 : 24[7000] -> 16[7000] [receive] via NET/IB/0
x3005c0s37b1n0:31763:31797 [0] NCCL INFO Channel 01/0 : 48[7000] -> 32[7000] [send] via NET/IB/0
x3005c0s1b0n0:52195:52233 [0] NCCL INFO Channel 01/0 : 25[46000] -> 20[7000] [receive] via NET/IB/0
x3005c0s13b1n0:34816:34848 [0] NCCL INFO Channel 00/0 : 12[7000] -> 8[7000] [receive] via NET/IB/1
x3005c0s37b1n0:31764:31798 [1] NCCL INFO Connected all trees
x3005c0s37b1n0:31764:31798 [1] NCCL INFO MSCCL_XML_FILES set by environment to /home/yuke/ncclPG/msccl_tools_lyd/examples/xml/allreduce_ring_Simple_gpu64_channel4_chunk256_ins1.xml
x3005c0s37b1n0:31764:31798 [1] NCCL INFO MSCCL: Parsing algorithm /home/yuke/ncclPG/msccl_tools_lyd/examples/xml/allreduce_ring_Simple_gpu64_channel4_chunk256_ins1.xml
x3005c0s7b1n0:11872:11909 [1] NCCL INFO Connected all trees
x3005c0s7b1n0:11872:11909 [1] NCCL INFO MSCCL_XML_FILES set by environment to /home/yuke/ncclPG/msccl_tools_lyd/examples/xml/allreduce_ring_Simple_gpu64_channel4_chunk256_ins1.xml
x3005c0s7b1n0:11872:11909 [1] NCCL INFO MSCCL: Parsing algorithm /home/yuke/ncclPG/msccl_tools_lyd/examples/xml/allreduce_ring_Simple_gpu64_channel4_chunk256_ins1.xml
x3005c0s37b1n0:31765:31799 [2] NCCL INFO Connected all trees
x3005c0s37b1n0:31765:31799 [2] NCCL INFO MSCCL_XML_FILES set by environment to /home/yuke/ncclPG/msccl_tools_lyd/examples/xml/allreduce_ring_Simple_gpu64_channel4_chunk256_ins1.xml
x3005c0s37b1n0:31765:31799 [2] NCCL INFO MSCCL: Parsing algorithm /home/yuke/ncclPG/msccl_tools_lyd/examples/xml/allreduce_ring_Simple_gpu64_channel4_chunk256_ins1.xml
x3005c0s25b1n0:29860:29893 [1] NCCL INFO Parsed MSCCL Algorithm /home/yuke/ncclPG/msccl_tools_lyd/examples/xml/allreduce_ring_Simple_gpu64_channel4_chunk256_ins1.xml successfully.
x3005c0s25b1n0:29861:29895 [2] NCCL INFO Parsed MSCCL Algorithm /home/yuke/ncclPG/msccl_tools_lyd/examples/xml/allreduce_ring_Simple_gpu64_channel4_chunk256_ins1.xml successfully.
x3005c0s7b1n0:11873:11906 [2] NCCL INFO Connected all trees
x3005c0s7b1n0:11873:11906 [2] NCCL INFO MSCCL_XML_FILES set by environment to /home/yuke/ncclPG/msccl_tools_lyd/examples/xml/allreduce_ring_Simple_gpu64_channel4_chunk256_ins1.xml
x3005c0s7b1n0:11873:11906 [2] NCCL INFO MSCCL: Parsing algorithm /home/yuke/ncclPG/msccl_tools_lyd/examples/xml/allreduce_ring_Simple_gpu64_channel4_chunk256_ins1.xml
x3005c0s25b1n0:29859:29898 [0] NCCL INFO Channel 00/0 : 32[7000] -> 0[7000] [send] via NET/IB/1
x3005c0s31b1n0:38245:38281 [0] NCCL INFO Channel 00/0 : 44[7000] -> 40[7000] [receive] via NET/IB/1
x3005c0s13b1n0:34816:34848 [0] NCCL INFO Channel 01/0 : 12[7000] -> 8[7000] [receive] via NET/IB/0
x3005c0s25b1n0:29859:29898 [0] NCCL INFO Channel 01/0 : 32[7000] -> 0[7000] [send] via NET/IB/0
x3005c0s25b1n0:29861:29895 [2] NCCL INFO Channel 00/0 : 34[85000] -> 37[46000] [send] via NET/IB/1
x3005c0s19b1n0:33440:33475 [1] NCCL INFO Connected all trees
x3005c0s19b1n0:33440:33475 [1] NCCL INFO MSCCL_XML_FILES set by environment to /home/yuke/ncclPG/msccl_tools_lyd/examples/xml/allreduce_ring_Simple_gpu64_channel4_chunk256_ins1.xml
x3005c0s19b1n0:33440:33475 [1] NCCL INFO MSCCL: Parsing algorithm /home/yuke/ncclPG/msccl_tools_lyd/examples/xml/allreduce_ring_Simple_gpu64_channel4_chunk256_ins1.xml
x3005c0s25b1n0:29860:29893 [1] NCCL INFO Channel 00/0 : 30[85000] -> 33[46000] [receive] via NET/IB/1
x3005c0s25b0n0:42214:42253 [0] NCCL INFO Channel 02/0 : 60[7000] -> 28[7000] [receive] via NET/IB/1
x3005c0s19b1n0:33441:33478 [2] NCCL INFO Connected all trees
x3005c0s19b1n0:33441:33478 [2] NCCL INFO MSCCL_XML_FILES set by environment to /home/yuke/ncclPG/msccl_tools_lyd/examples/xml/allreduce_ring_Simple_gpu64_channel4_chunk256_ins1.xml
x3005c0s19b1n0:33441:33478 [2] NCCL INFO MSCCL: Parsing algorithm /home/yuke/ncclPG/msccl_tools_lyd/examples/xml/allreduce_ring_Simple_gpu64_channel4_chunk256_ins1.xml
x3005c0s19b0n0:60457:60494 [1] NCCL INFO Connected all trees
x3005c0s19b0n0:60457:60494 [1] NCCL INFO MSCCL_XML_FILES set by environment to /home/yuke/ncclPG/msccl_tools_lyd/examples/xml/allreduce_ring_Simple_gpu64_channel4_chunk256_ins1.xml
x3005c0s19b0n0:60457:60494 [1] NCCL INFO MSCCL: Parsing algorithm /home/yuke/ncclPG/msccl_tools_lyd/examples/xml/allreduce_ring_Simple_gpu64_channel4_chunk256_ins1.xml
x3005c0s25b1n0:29861:29895 [2] NCCL INFO Channel 02/0 : 34[85000] -> 37[46000] [send] via NET/IB/1
x3005c0s19b0n0:60458:60492 [2] NCCL INFO Connected all trees
x3005c0s19b0n0:60458:60492 [2] NCCL INFO MSCCL_XML_FILES set by environment to /home/yuke/ncclPG/msccl_tools_lyd/examples/xml/allreduce_ring_Simple_gpu64_channel4_chunk256_ins1.xml
x3005c0s19b0n0:60458:60492 [2] NCCL INFO MSCCL: Parsing algorithm /home/yuke/ncclPG/msccl_tools_lyd/examples/xml/allreduce_ring_Simple_gpu64_channel4_chunk256_ins1.xml
x3005c0s25b1n0:29860:29893 [1] NCCL INFO Channel 02/0 : 30[85000] -> 33[46000] [receive] via NET/IB/1
x3005c0s37b1n0:31764:31798 [1] NCCL INFO Parsed MSCCL Algorithm /home/yuke/ncclPG/msccl_tools_lyd/examples/xml/allreduce_ring_Simple_gpu64_channel4_chunk256_ins1.xml successfully.
x3005c0s7b1n0:11872:11909 [1] NCCL INFO Parsed MSCCL Algorithm /home/yuke/ncclPG/msccl_tools_lyd/examples/xml/allreduce_ring_Simple_gpu64_channel4_chunk256_ins1.xml successfully.
x3005c0s7b1n0:11873:11906 [2] NCCL INFO Parsed MSCCL Algorithm /home/yuke/ncclPG/msccl_tools_lyd/examples/xml/allreduce_ring_Simple_gpu64_channel4_chunk256_ins1.xml successfully.
x3005c0s7b1n0:11873:11906 [2] NCCL INFO Channel 00/0 : 58[85000] -> 61[46000] [send] via NET/IB/1
x3005c0s37b0n0:45760:45796 [0] NCCL INFO Channel 02/0 : 44[7000] -> 29[46000] [send] via NET/IB/1
x3005c0s37b1n0:31765:31799 [2] NCCL INFO Parsed MSCCL Algorithm /home/yuke/ncclPG/msccl_tools_lyd/examples/xml/allreduce_ring_Simple_gpu64_channel4_chunk256_ins1.xml successfully.
x3005c0s19b0n0:60456:60489 [0] NCCL INFO Channel 02/0 : 28[7000] -> 12[7000] [receive] via NET/IB/1
x3005c0s7b1n0:11873:11906 [2] NCCL INFO Channel 02/0 : 58[85000] -> 61[46000] [send] via NET/IB/1
x3005c0s1b1n0:4675:4712 [0] NCCL INFO Channel 00/0 : 28[7000] -> 24[7000] [receive] via NET/IB/1
x3005c0s19b1n0:33439:33469 [0] NCCL INFO Channel 02/0 : 20[7000] -> 16[7000] [receive] via NET/IB/1
x3005c0s37b1n0:31765:31799 [2] NCCL INFO Channel 00/0 : 50[85000] -> 53[46000] [send] via NET/IB/1
x3005c0s25b0n0:42215:42245 [1] NCCL INFO Channel 02/0 : 44[7000] -> 29[46000] [receive] via NET/IB/1
x3005c0s37b0n0:45760:45796 [0] NCCL INFO Channel 03/0 : 44[7000] -> 29[46000] [send] via NET/IB/0
x3005c0s25b0n0:42214:42253 [0] NCCL INFO Channel 03/0 : 60[7000] -> 28[7000] [receive] via NET/IB/0
x3005c0s19b1n0:33440:33475 [1] NCCL INFO Parsed MSCCL Algorithm /home/yuke/ncclPG/msccl_tools_lyd/examples/xml/allreduce_ring_Simple_gpu64_channel4_chunk256_ins1.xml successfully.
x3005c0s31b1n0:38245:38281 [0] NCCL INFO Channel 01/0 : 44[7000] -> 40[7000] [receive] via NET/IB/0
x3005c0s7b1n0:11872:11909 [1] NCCL INFO Channel 00/0 : 54[85000] -> 57[46000] [receive] via NET/IB/1
x3005c0s37b1n0:31764:31798 [1] NCCL INFO Channel 00/0 : 46[85000] -> 49[46000] [receive] via NET/IB/1
x3005c0s37b1n0:31765:31799 [2] NCCL INFO Channel 02/0 : 50[85000] -> 53[46000] [send] via NET/IB/1
x3005c0s25b0n0:42215:42245 [1] NCCL INFO Channel 03/0 : 44[7000] -> 29[46000] [receive] via NET/IB/0
x3005c0s19b1n0:33441:33478 [2] NCCL INFO Parsed MSCCL Algorithm /home/yuke/ncclPG/msccl_tools_lyd/examples/xml/allreduce_ring_Simple_gpu64_channel4_chunk256_ins1.xml successfully.
x3005c0s1b1n0:4675:4712 [0] NCCL INFO Channel 01/0 : 28[7000] -> 24[7000] [receive] via NET/IB/0
x3005c0s19b0n0:60457:60494 [1] NCCL INFO Parsed MSCCL Algorithm /home/yuke/ncclPG/msccl_tools_lyd/examples/xml/allreduce_ring_Simple_gpu64_channel4_chunk256_ins1.xml successfully.
x3005c0s19b0n0:60458:60492 [2] NCCL INFO Parsed MSCCL Algorithm /home/yuke/ncclPG/msccl_tools_lyd/examples/xml/allreduce_ring_Simple_gpu64_channel4_chunk256_ins1.xml successfully.
x3005c0s25b0n0:42214:42253 [0] NCCL INFO Channel 02/0 : 28[7000] -> 60[7000] [send] via NET/IB/1
x3005c0s7b1n0:11872:11909 [1] NCCL INFO Channel 02/0 : 54[85000] -> 57[46000] [receive] via NET/IB/1
x3005c0s1b0n0:52195:52233 [0] NCCL INFO Channel 02/0 : 20[7000] -> 16[7000] [send] via NET/IB/1
x3005c0s37b1n0:31764:31798 [1] NCCL INFO Channel 02/0 : 46[85000] -> 49[46000] [receive] via NET/IB/1
x3005c0s19b0n0:60456:60489 [0] NCCL INFO Channel 03/0 : 28[7000] -> 12[7000] [receive] via NET/IB/0
x3005c0s19b1n0:33439:33469 [0] NCCL INFO Channel 03/0 : 20[7000] -> 16[7000] [receive] via NET/IB/0
x3005c0s1b0n0:52195:52233 [0] NCCL INFO Channel 03/0 : 20[7000] -> 16[7000] [send] via NET/IB/0
x3005c0s19b1n0:33440:33475 [1] NCCL INFO Channel 00/0 : 14[85000] -> 17[46000] [receive] via NET/IB/1
x3005c0s19b1n0:33441:33478 [2] NCCL INFO Channel 00/0 : 18[85000] -> 21[46000] [send] via NET/IB/1
x3005c0s1b1n0:4676:4710 [1] NCCL INFO Connected all trees
x3005c0s1b1n0:4676:4710 [1] NCCL INFO MSCCL_XML_FILES set by environment to /home/yuke/ncclPG/msccl_tools_lyd/examples/xml/allreduce_ring_Simple_gpu64_channel4_chunk256_ins1.xml
x3005c0s1b1n0:4676:4710 [1] NCCL INFO MSCCL: Parsing algorithm /home/yuke/ncclPG/msccl_tools_lyd/examples/xml/allreduce_ring_Simple_gpu64_channel4_chunk256_ins1.xml
x3005c0s19b0n0:60458:60492 [2] NCCL INFO Channel 00/0 : 14[85000] -> 17[46000] [send] via NET/IB/1
x3005c0s19b0n0:60457:60494 [1] NCCL INFO Channel 00/0 : 10[85000] -> 13[46000] [receive] via NET/IB/1
x3005c0s7b1n0:11873:11906 [2] NCCL INFO Connected 1 MSCCL algorithms
x3005c0s7b1n0:11873:11906 [2] NCCL INFO NCCL_PROTO set by environment to Simple
x3005c0s7b1n0:11873:11906 [2] NCCL INFO NCCL_ALGO set by environment to MSCCL,TREE,RING
x3005c0s7b1n0:11873:11906 [2] NCCL INFO threadThresholds 8/8/64 | 512/8/64 | 8/8/64 | 8/8/512
x3005c0s7b1n0:11873:11906 [2] NCCL INFO 4 coll channels, 4 p2p channels, 2 p2p channels per peer
x3005c0s1b1n0:4677:4708 [2] NCCL INFO Connected all trees
x3005c0s1b1n0:4677:4708 [2] NCCL INFO MSCCL_XML_FILES set by environment to /home/yuke/ncclPG/msccl_tools_lyd/examples/xml/allreduce_ring_Simple_gpu64_channel4_chunk256_ins1.xml
x3005c0s1b1n0:4677:4708 [2] NCCL INFO MSCCL: Parsing algorithm /home/yuke/ncclPG/msccl_tools_lyd/examples/xml/allreduce_ring_Simple_gpu64_channel4_chunk256_ins1.xml
x3005c0s19b1n0:33440:33475 [1] NCCL INFO Channel 02/0 : 14[85000] -> 17[46000] [receive] via NET/IB/1
x3005c0s19b1n0:33441:33478 [2] NCCL INFO Channel 02/0 : 18[85000] -> 21[46000] [send] via NET/IB/1
x3005c0s25b0n0:42214:42253 [0] NCCL INFO Channel 03/0 : 28[7000] -> 60[7000] [send] via NET/IB/0
x3006c0s13b0n0:50333:50366 [1] NCCL INFO Connected 1 MSCCL algorithms
x3006c0s13b0n0:50333:50366 [1] NCCL INFO NCCL_PROTO set by environment to Simple
x3006c0s13b0n0:50333:50366 [1] NCCL INFO NCCL_ALGO set by environment to MSCCL,TREE,RING
x3006c0s13b0n0:50333:50366 [1] NCCL INFO threadThresholds 8/8/64 | 512/8/64 | 8/8/64 | 8/8/512
x3006c0s13b0n0:50333:50366 [1] NCCL INFO 4 coll channels, 4 p2p channels, 2 p2p channels per peer
x3005c0s19b0n0:60457:60494 [1] NCCL INFO Channel 02/0 : 10[85000] -> 13[46000] [receive] via NET/IB/1
x3005c0s25b0n0:42215:42245 [1] NCCL INFO Connected all trees
x3005c0s25b0n0:42215:42245 [1] NCCL INFO MSCCL_XML_FILES set by environment to /home/yuke/ncclPG/msccl_tools_lyd/examples/xml/allreduce_ring_Simple_gpu64_channel4_chunk256_ins1.xml
x3005c0s25b0n0:42215:42245 [1] NCCL INFO MSCCL: Parsing algorithm /home/yuke/ncclPG/msccl_tools_lyd/examples/xml/allreduce_ring_Simple_gpu64_channel4_chunk256_ins1.xml
x3005c0s1b0n0:52195:52233 [0] NCCL INFO Connected all trees
x3005c0s1b0n0:52195:52233 [0] NCCL INFO MSCCL_XML_FILES set by environment to /home/yuke/ncclPG/msccl_tools_lyd/examples/xml/allreduce_ring_Simple_gpu64_channel4_chunk256_ins1.xml
x3005c0s1b0n0:52195:52233 [0] NCCL INFO MSCCL: Parsing algorithm /home/yuke/ncclPG/msccl_tools_lyd/examples/xml/allreduce_ring_Simple_gpu64_channel4_chunk256_ins1.xml
x3005c0s19b1n0:33439:33469 [0] NCCL INFO Connected all trees
x3005c0s19b1n0:33439:33469 [0] NCCL INFO MSCCL_XML_FILES set by environment to /home/yuke/ncclPG/msccl_tools_lyd/examples/xml/allreduce_ring_Simple_gpu64_channel4_chunk256_ins1.xml
x3005c0s19b1n0:33439:33469 [0] NCCL INFO MSCCL: Parsing algorithm /home/yuke/ncclPG/msccl_tools_lyd/examples/xml/allreduce_ring_Simple_gpu64_channel4_chunk256_ins1.xml
x3005c0s37b0n0:45760:45796 [0] NCCL INFO Channel 02/0 : 44[7000] -> 36[7000] [send] via NET/IB/1
x3005c0s19b0n0:60458:60492 [2] NCCL INFO Channel 02/0 : 14[85000] -> 17[46000] [send] via NET/IB/1
x3005c0s25b0n0:42216:42252 [2] NCCL INFO Connected all trees
x3005c0s25b0n0:42216:42252 [2] NCCL INFO MSCCL_XML_FILES set by environment to /home/yuke/ncclPG/msccl_tools_lyd/examples/xml/allreduce_ring_Simple_gpu64_channel4_chunk256_ins1.xml
x3005c0s25b0n0:42216:42252 [2] NCCL INFO MSCCL: Parsing algorithm /home/yuke/ncclPG/msccl_tools_lyd/examples/xml/allreduce_ring_Simple_gpu64_channel4_chunk256_ins1.xml
x3005c0s1b1n0:4676:4710 [1] NCCL INFO Parsed MSCCL Algorithm /home/yuke/ncclPG/msccl_tools_lyd/examples/xml/allreduce_ring_Simple_gpu64_channel4_chunk256_ins1.xml successfully.
x3005c0s25b1n0:29859:29898 [0] NCCL INFO Channel 00/0 : 48[7000] -> 32[7000] [receive] via NET/IB/1
x3005c0s37b0n0:45760:45796 [0] NCCL INFO Channel 03/0 : 44[7000] -> 36[7000] [send] via NET/IB/0
x3005c0s1b1n0:4677:4708 [2] NCCL INFO Parsed MSCCL Algorithm /home/yuke/ncclPG/msccl_tools_lyd/examples/xml/allreduce_ring_Simple_gpu64_channel4_chunk256_ins1.xml successfully.
x3005c0s37b0n0:45762:45799 [2] NCCL INFO Connected 1 MSCCL algorithms
x3005c0s37b0n0:45762:45799 [2] NCCL INFO NCCL_PROTO set by environment to Simple
x3005c0s37b0n0:45762:45799 [2] NCCL INFO NCCL_ALGO set by environment to MSCCL,TREE,RING
x3005c0s37b0n0:45762:45799 [2] NCCL INFO threadThresholds 8/8/64 | 512/8/64 | 8/8/64 | 8/8/512
x3005c0s37b0n0:45762:45799 [2] NCCL INFO 4 coll channels, 4 p2p channels, 2 p2p channels per peer
x3004c0s37b0n0:50062:50093 [0] NCCL INFO Channel 02/0 : 4[7000] -> 0[7000] [receive] via NET/IB/1
x3005c0s37b1n0:31764:31798 [1] NCCL INFO Connected 1 MSCCL algorithms
x3005c0s37b1n0:31764:31798 [1] NCCL INFO NCCL_PROTO set by environment to Simple
x3005c0s37b1n0:31764:31798 [1] NCCL INFO NCCL_ALGO set by environment to MSCCL,TREE,RING
x3005c0s37b1n0:31764:31798 [1] NCCL INFO threadThresholds 8/8/64 | 512/8/64 | 8/8/64 | 8/8/512
x3005c0s37b1n0:31764:31798 [1] NCCL INFO 4 coll channels, 4 p2p channels, 2 p2p channels per peer
x3005c0s1b1n0:4676:4710 [1] NCCL INFO Channel 00/0 : 22[85000] -> 25[46000] [receive] via NET/IB/1
x3005c0s25b1n0:29859:29898 [0] NCCL INFO Channel 01/0 : 48[7000] -> 32[7000] [receive] via NET/IB/0
x3005c0s19b1n0:33440:33475 [1] NCCL INFO Connected 1 MSCCL algorithms
x3005c0s19b1n0:33440:33475 [1] NCCL INFO NCCL_PROTO set by environment to Simple
x3005c0s19b1n0:33440:33475 [1] NCCL INFO NCCL_ALGO set by environment to MSCCL,TREE,RING
x3005c0s19b1n0:33440:33475 [1] NCCL INFO threadThresholds 8/8/64 | 512/8/64 | 8/8/64 | 8/8/512
x3005c0s19b1n0:33440:33475 [1] NCCL INFO 4 coll channels, 4 p2p channels, 2 p2p channels per peer
x3004c0s37b0n0:50062:50093 [0] NCCL INFO Channel 03/0 : 4[7000] -> 0[7000] [receive] via NET/IB/0
x3005c0s19b0n0:60458:60492 [2] NCCL INFO Connected 1 MSCCL algorithms
x3005c0s19b0n0:60458:60492 [2] NCCL INFO NCCL_PROTO set by environment to Simple
x3005c0s19b0n0:60458:60492 [2] NCCL INFO NCCL_ALGO set by environment to MSCCL,TREE,RING
x3005c0s19b0n0:60458:60492 [2] NCCL INFO threadThresholds 8/8/64 | 512/8/64 | 8/8/64 | 8/8/512
x3005c0s19b0n0:60458:60492 [2] NCCL INFO 4 coll channels, 4 p2p channels, 2 p2p channels per peer
x3005c0s25b0n0:42215:42245 [1] NCCL INFO Parsed MSCCL Algorithm /home/yuke/ncclPG/msccl_tools_lyd/examples/xml/allreduce_ring_Simple_gpu64_channel4_chunk256_ins1.xml successfully.
x3005c0s1b1n0:4677:4708 [2] NCCL INFO Channel 00/0 : 26[85000] -> 29[46000] [send] via NET/IB/1
x3005c0s1b0n0:52195:52233 [0] NCCL INFO Parsed MSCCL Algorithm /home/yuke/ncclPG/msccl_tools_lyd/examples/xml/allreduce_ring_Simple_gpu64_channel4_chunk256_ins1.xml successfully.
x3005c0s1b0n0:52195:52233 [0] NCCL INFO Channel 00 : 20[7000] -> 23[c7000] via P2P/IPC/read
x3005c0s19b1n0:33439:33469 [0] NCCL INFO Parsed MSCCL Algorithm /home/yuke/ncclPG/msccl_tools_lyd/examples/xml/allreduce_ring_Simple_gpu64_channel4_chunk256_ins1.xml successfully.
x3005c0s19b1n0:33439:33469 [0] NCCL INFO Channel 00 : 16[7000] -> 19[c7000] via P2P/IPC/read
x3005c0s25b0n0:42216:42252 [2] NCCL INFO Parsed MSCCL Algorithm /home/yuke/ncclPG/msccl_tools_lyd/examples/xml/allreduce_ring_Simple_gpu64_channel4_chunk256_ins1.xml successfully.
x3005c0s1b1n0:4676:4710 [1] NCCL INFO Channel 02/0 : 22[85000] -> 25[46000] [receive] via NET/IB/1
x3005c0s1b0n0:52195:52233 [0] NCCL INFO Channel 02 : 20[7000] -> 23[c7000] via P2P/IPC/read
x3005c0s25b0n0:42216:42252 [2] NCCL INFO Channel 00/0 : 30[85000] -> 33[46000] [send] via NET/IB/1
x3005c0s25b0n0:42215:42245 [1] NCCL INFO Channel 00/0 : 26[85000] -> 29[46000] [receive] via NET/IB/1
x3005c0s19b1n0:33439:33469 [0] NCCL INFO Channel 02 : 16[7000] -> 19[c7000] via P2P/IPC/read
x3005c0s1b1n0:4677:4708 [2] NCCL INFO Channel 02/0 : 26[85000] -> 29[46000] [send] via NET/IB/1
x3005c0s25b0n0:42216:42252 [2] NCCL INFO Channel 02/0 : 30[85000] -> 33[46000] [send] via NET/IB/1
x3005c0s31b0n0:36807:36843 [0] NCCL INFO Channel 00/0 : 41[46000] -> 36[7000] [receive] via NET/IB/1
x3005c0s25b0n0:42215:42245 [1] NCCL INFO Channel 02/0 : 26[85000] -> 29[46000] [receive] via NET/IB/1
x3005c0s37b0n0:45760:45796 [0] NCCL INFO Channel 00/0 : 44[7000] -> 40[7000] [send] via NET/IB/1
x3005c0s1b0n0:52198:52234 [3] NCCL INFO Channel 01/0 : 16[7000] -> 23[c7000] [receive] via NET/IB/0
x3005c0s37b0n0:45760:45796 [0] NCCL INFO Channel 01/0 : 44[7000] -> 40[7000] [send] via NET/IB/0
x3005c0s25b0n0:42214:42253 [0] NCCL INFO Channel 02/0 : 28[7000] -> 12[7000] [send] via NET/IB/1
x3005c0s19b1n0:33442:33474 [3] NCCL INFO Channel 01/0 : 12[7000] -> 19[c7000] [receive] via NET/IB/0
x3005c0s1b0n0:52198:52234 [3] NCCL INFO Channel 03/0 : 16[7000] -> 23[c7000] [receive] via NET/IB/0
x3006c0s13b0n0:50332:50368 [0] NCCL INFO Channel 00/0 : 60[7000] -> 56[7000] [send] via NET/IB/1
x3005c0s25b0n0:42216:42252 [2] NCCL INFO Connected 1 MSCCL algorithms
x3005c0s25b0n0:42216:42252 [2] NCCL INFO NCCL_PROTO set by environment to Simple
x3005c0s25b0n0:42216:42252 [2] NCCL INFO NCCL_ALGO set by environment to MSCCL,TREE,RING
x3005c0s25b0n0:42216:42252 [2] NCCL INFO threadThresholds 8/8/64 | 512/8/64 | 8/8/64 | 8/8/512
x3005c0s25b0n0:42216:42252 [2] NCCL INFO 4 coll channels, 4 p2p channels, 2 p2p channels per peer
x3005c0s19b1n0:33439:33469 [0] NCCL INFO Channel 01/0 : 16[7000] -> 23[c7000] [send] via NET/IB/1
x3005c0s19b1n0:33442:33474 [3] NCCL INFO Channel 03/0 : 12[7000] -> 19[c7000] [receive] via NET/IB/0
x3006c0s13b0n0:50332:50368 [0] NCCL INFO Channel 01/0 : 60[7000] -> 56[7000] [send] via NET/IB/0
x3005c0s1b0n0:52195:52233 [0] NCCL INFO Channel 01/0 : 20[7000] -> 27[c7000] [send] via NET/IB/1
x3005c0s31b0n0:36807:36843 [0] NCCL INFO Channel 01/0 : 41[46000] -> 36[7000] [receive] via NET/IB/0
x3005c0s1b1n0:4677:4708 [2] NCCL INFO Connected 1 MSCCL algorithms
x3005c0s1b1n0:4677:4708 [2] NCCL INFO NCCL_PROTO set by environment to Simple
x3005c0s1b1n0:4677:4708 [2] NCCL INFO NCCL_ALGO set by environment to MSCCL,TREE,RING
x3005c0s1b1n0:4677:4708 [2] NCCL INFO threadThresholds 8/8/64 | 512/8/64 | 8/8/64 | 8/8/512
x3005c0s1b1n0:4677:4708 [2] NCCL INFO 4 coll channels, 4 p2p channels, 2 p2p channels per peer
x3005c0s19b1n0:33439:33469 [0] NCCL INFO Channel 03/0 : 16[7000] -> 23[c7000] [send] via NET/IB/1
x3005c0s25b1n0:29860:29893 [1] NCCL INFO Connected 1 MSCCL algorithms
x3005c0s25b1n0:29860:29893 [1] NCCL INFO NCCL_PROTO set by environment to Simple
x3005c0s25b1n0:29860:29893 [1] NCCL INFO NCCL_ALGO set by environment to MSCCL,TREE,RING
x3005c0s25b1n0:29860:29893 [1] NCCL INFO threadThresholds 8/8/64 | 512/8/64 | 8/8/64 | 8/8/512
x3005c0s25b1n0:29860:29893 [1] NCCL INFO 4 coll channels, 4 p2p channels, 2 p2p channels per peer
x3005c0s37b0n0:45760:45796 [0] NCCL INFO Connected all trees
x3005c0s37b0n0:45760:45796 [0] NCCL INFO MSCCL_XML_FILES set by environment to /home/yuke/ncclPG/msccl_tools_lyd/examples/xml/allreduce_ring_Simple_gpu64_channel4_chunk256_ins1.xml
x3005c0s37b0n0:45760:45796 [0] NCCL INFO MSCCL: Parsing algorithm /home/yuke/ncclPG/msccl_tools_lyd/examples/xml/allreduce_ring_Simple_gpu64_channel4_chunk256_ins1.xml
x3005c0s37b1n0:31763:31797 [0] NCCL INFO Channel 00/0 : 56[7000] -> 48[7000] [receive] via NET/IB/1
x3005c0s25b0n0:42214:42253 [0] NCCL INFO Channel 03/0 : 28[7000] -> 12[7000] [send] via NET/IB/0
x3005c0s25b0n0:42215:42245 [1] NCCL INFO Connected 1 MSCCL algorithms
x3005c0s25b0n0:42215:42245 [1] NCCL INFO NCCL_PROTO set by environment to Simple
x3005c0s25b0n0:42215:42245 [1] NCCL INFO NCCL_ALGO set by environment to MSCCL,TREE,RING
x3005c0s25b0n0:42215:42245 [1] NCCL INFO threadThresholds 8/8/64 | 512/8/64 | 8/8/64 | 8/8/512
x3005c0s25b0n0:42215:42245 [1] NCCL INFO 4 coll channels, 4 p2p channels, 2 p2p channels per peer
x3005c0s1b0n0:52195:52233 [0] NCCL INFO Channel 03/0 : 20[7000] -> 27[c7000] [send] via NET/IB/1
x3005c0s37b1n0:31763:31797 [0] NCCL INFO Channel 01/0 : 56[7000] -> 48[7000] [receive] via NET/IB/0
x3005c0s25b1n0:29859:29898 [0] NCCL INFO Channel 02/0 : 36[7000] -> 32[7000] [receive] via NET/IB/1
x3005c0s31b1n0:38245:38281 [0] NCCL INFO Channel 02/0 : 40[7000] -> 37[46000] [send] via NET/IB/1
x3005c0s19b1n0:33439:33469 [0] NCCL INFO Connected 1 MSCCL algorithms
x3005c0s19b1n0:33439:33469 [0] NCCL INFO NCCL_PROTO set by environment to Simple
x3005c0s19b1n0:33439:33469 [0] NCCL INFO NCCL_ALGO set by environment to MSCCL,TREE,RING
x3005c0s19b1n0:33439:33469 [0] NCCL INFO threadThresholds 8/8/64 | 512/8/64 | 8/8/64 | 8/8/512
x3005c0s19b1n0:33439:33469 [0] NCCL INFO 4 coll channels, 4 p2p channels, 2 p2p channels per peer
x3005c0s25b1n0:29859:29898 [0] NCCL INFO Channel 03/0 : 36[7000] -> 32[7000] [receive] via NET/IB/0
x3005c0s37b0n0:45760:45796 [0] NCCL INFO Parsed MSCCL Algorithm /home/yuke/ncclPG/msccl_tools_lyd/examples/xml/allreduce_ring_Simple_gpu64_channel4_chunk256_ins1.xml successfully.
x3005c0s37b0n0:45760:45796 [0] NCCL INFO Channel 00 : 44[7000] -> 47[c7000] via P2P/IPC/read
x3005c0s31b1n0:38245:38281 [0] NCCL INFO Channel 03/0 : 40[7000] -> 37[46000] [send] via NET/IB/0
x3005c0s1b0n0:52198:52234 [3] NCCL INFO Connected 1 MSCCL algorithms
x3005c0s1b0n0:52198:52234 [3] NCCL INFO NCCL_PROTO set by environment to Simple
x3005c0s1b0n0:52198:52234 [3] NCCL INFO NCCL_ALGO set by environment to MSCCL,TREE,RING
x3005c0s1b0n0:52198:52234 [3] NCCL INFO threadThresholds 8/8/64 | 512/8/64 | 8/8/64 | 8/8/512
x3005c0s1b0n0:52198:52234 [3] NCCL INFO 4 coll channels, 4 p2p channels, 2 p2p channels per peer
x3005c0s37b0n0:45760:45796 [0] NCCL INFO Channel 02 : 44[7000] -> 47[c7000] via P2P/IPC/read
x3005c0s19b0n0:60456:60489 [0] NCCL INFO Channel 02/0 : 12[7000] -> 4[7000] [send] via NET/IB/1
x3005c0s25b0n0:42214:42253 [0] NCCL INFO Channel 00/0 : 28[7000] -> 24[7000] [send] via NET/IB/1
x3005c0s31b1n0:38245:38281 [0] NCCL INFO Connected all trees
x3005c0s31b1n0:38245:38281 [0] NCCL INFO MSCCL_XML_FILES set by environment to /home/yuke/ncclPG/msccl_tools_lyd/examples/xml/allreduce_ring_Simple_gpu64_channel4_chunk256_ins1.xml
x3005c0s31b1n0:38245:38281 [0] NCCL INFO MSCCL: Parsing algorithm /home/yuke/ncclPG/msccl_tools_lyd/examples/xml/allreduce_ring_Simple_gpu64_channel4_chunk256_ins1.xml
x3005c0s19b0n0:60456:60489 [0] NCCL INFO Channel 03/0 : 12[7000] -> 4[7000] [send] via NET/IB/0
x3005c0s31b1n0:38246:38285 [1] NCCL INFO Connected all trees
x3005c0s31b1n0:38246:38285 [1] NCCL INFO MSCCL_XML_FILES set by environment to /home/yuke/ncclPG/msccl_tools_lyd/examples/xml/allreduce_ring_Simple_gpu64_channel4_chunk256_ins1.xml
x3005c0s31b1n0:38246:38285 [1] NCCL INFO MSCCL: Parsing algorithm /home/yuke/ncclPG/msccl_tools_lyd/examples/xml/allreduce_ring_Simple_gpu64_channel4_chunk256_ins1.xml
x3005c0s7b1n0:11871:11904 [0] NCCL INFO Channel 00/0 : 60[7000] -> 56[7000] [receive] via NET/IB/1
x3005c0s31b1n0:38247:38282 [2] NCCL INFO Connected all trees
x3005c0s31b1n0:38247:38282 [2] NCCL INFO MSCCL_XML_FILES set by environment to /home/yuke/ncclPG/msccl_tools_lyd/examples/xml/allreduce_ring_Simple_gpu64_channel4_chunk256_ins1.xml
x3005c0s31b1n0:38247:38282 [2] NCCL INFO MSCCL: Parsing algorithm /home/yuke/ncclPG/msccl_tools_lyd/examples/xml/allreduce_ring_Simple_gpu64_channel4_chunk256_ins1.xml
x3005c0s25b0n0:42214:42253 [0] NCCL INFO Channel 01/0 : 28[7000] -> 24[7000] [send] via NET/IB/0
x3005c0s37b1n0:31763:31797 [0] NCCL INFO Channel 02/0 : 52[7000] -> 48[7000] [receive] via NET/IB/1
x3005c0s31b0n0:36807:36843 [0] NCCL INFO Channel 02/0 : 36[7000] -> 32[7000] [send] via NET/IB/1
x3005c0s37b0n0:45763:45792 [3] NCCL INFO Channel 01/0 : 40[7000] -> 47[c7000] [receive] via NET/IB/0
x3005c0s31b0n0:36807:36843 [0] NCCL INFO Channel 03/0 : 36[7000] -> 32[7000] [send] via NET/IB/0
x3005c0s37b1n0:31763:31797 [0] NCCL INFO Channel 03/0 : 52[7000] -> 48[7000] [receive] via NET/IB/0
x3005c0s37b0n0:45760:45796 [0] NCCL INFO Channel 01/0 : 44[7000] -> 51[c7000] [send] via NET/IB/1
x3005c0s7b1n0:11871:11904 [0] NCCL INFO Channel 01/0 : 60[7000] -> 56[7000] [receive] via NET/IB/0
x3005c0s31b1n0:38245:38281 [0] NCCL INFO Parsed MSCCL Algorithm /home/yuke/ncclPG/msccl_tools_lyd/examples/xml/allreduce_ring_Simple_gpu64_channel4_chunk256_ins1.xml successfully.
x3005c0s31b1n0:38245:38281 [0] NCCL INFO Channel 00 : 40[7000] -> 43[c7000] via P2P/IPC/read
x3005c0s25b0n0:42214:42253 [0] NCCL INFO Connected all trees
x3005c0s25b0n0:42214:42253 [0] NCCL INFO MSCCL_XML_FILES set by environment to /home/yuke/ncclPG/msccl_tools_lyd/examples/xml/allreduce_ring_Simple_gpu64_channel4_chunk256_ins1.xml
x3005c0s25b0n0:42214:42253 [0] NCCL INFO MSCCL: Parsing algorithm /home/yuke/ncclPG/msccl_tools_lyd/examples/xml/allreduce_ring_Simple_gpu64_channel4_chunk256_ins1.xml
x3005c0s37b0n0:45760:45796 [0] NCCL INFO Channel 03/0 : 44[7000] -> 51[c7000] [send] via NET/IB/1
x3005c0s31b1n0:38246:38285 [1] NCCL INFO Parsed MSCCL Algorithm /home/yuke/ncclPG/msccl_tools_lyd/examples/xml/allreduce_ring_Simple_gpu64_channel4_chunk256_ins1.xml successfully.
x3005c0s37b0n0:45763:45792 [3] NCCL INFO Channel 03/0 : 40[7000] -> 47[c7000] [receive] via NET/IB/0
x3005c0s31b0n0:36807:36843 [0] NCCL INFO Connected all trees
x3005c0s31b0n0:36807:36843 [0] NCCL INFO MSCCL_XML_FILES set by environment to /home/yuke/ncclPG/msccl_tools_lyd/examples/xml/allreduce_ring_Simple_gpu64_channel4_chunk256_ins1.xml
x3005c0s31b0n0:36807:36843 [0] NCCL INFO MSCCL: Parsing algorithm /home/yuke/ncclPG/msccl_tools_lyd/examples/xml/allreduce_ring_Simple_gpu64_channel4_chunk256_ins1.xml
x3005c0s31b1n0:38247:38282 [2] NCCL INFO Parsed MSCCL Algorithm /home/yuke/ncclPG/msccl_tools_lyd/examples/xml/allreduce_ring_Simple_gpu64_channel4_chunk256_ins1.xml successfully.
x3005c0s25b1n0:29859:29898 [0] NCCL INFO Connected all trees
x3005c0s25b1n0:29859:29898 [0] NCCL INFO MSCCL_XML_FILES set by environment to /home/yuke/ncclPG/msccl_tools_lyd/examples/xml/allreduce_ring_Simple_gpu64_channel4_chunk256_ins1.xml
x3005c0s25b1n0:29859:29898 [0] NCCL INFO MSCCL: Parsing algorithm /home/yuke/ncclPG/msccl_tools_lyd/examples/xml/allreduce_ring_Simple_gpu64_channel4_chunk256_ins1.xml
x3005c0s31b1n0:38245:38281 [0] NCCL INFO Channel 02 : 40[7000] -> 43[c7000] via P2P/IPC/read
x3005c0s19b0n0:60456:60489 [0] NCCL INFO Channel 00/0 : 12[7000] -> 8[7000] [send] via NET/IB/1
x3005c0s31b1n0:38246:38285 [1] NCCL INFO Channel 00/0 : 38[85000] -> 41[46000] [receive] via NET/IB/1
x3005c0s7b0n0:53512:53546 [0] NCCL INFO Connected all trees
x3005c0s7b0n0:53512:53546 [0] NCCL INFO MSCCL_XML_FILES set by environment to /home/yuke/ncclPG/msccl_tools_lyd/examples/xml/allreduce_ring_Simple_gpu64_channel4_chunk256_ins1.xml
x3005c0s7b0n0:53512:53546 [0] NCCL INFO MSCCL: Parsing algorithm /home/yuke/ncclPG/msccl_tools_lyd/examples/xml/allreduce_ring_Simple_gpu64_channel4_chunk256_ins1.xml
x3004c0s7b0n0:58211:58250 [0] NCCL INFO Channel 00/0 : 9[46000] -> 4[7000] [receive] via NET/IB/1
x3006c0s13b0n0:50332:50368 [0] NCCL INFO Connected all trees
x3006c0s13b0n0:50332:50368 [0] NCCL INFO MSCCL_XML_FILES set by environment to /home/yuke/ncclPG/msccl_tools_lyd/examples/xml/allreduce_ring_Simple_gpu64_channel4_chunk256_ins1.xml
x3006c0s13b0n0:50332:50368 [0] NCCL INFO MSCCL: Parsing algorithm /home/yuke/ncclPG/msccl_tools_lyd/examples/xml/allreduce_ring_Simple_gpu64_channel4_chunk256_ins1.xml
x3005c0s31b0n0:36808:36846 [1] NCCL INFO Connected all trees
x3005c0s31b0n0:36808:36846 [1] NCCL INFO MSCCL_XML_FILES set by environment to /home/yuke/ncclPG/msccl_tools_lyd/examples/xml/allreduce_ring_Simple_gpu64_channel4_chunk256_ins1.xml
x3005c0s31b0n0:36808:36846 [1] NCCL INFO MSCCL: Parsing algorithm /home/yuke/ncclPG/msccl_tools_lyd/examples/xml/allreduce_ring_Simple_gpu64_channel4_chunk256_ins1.xml
x3005c0s37b1n0:31763:31797 [0] NCCL INFO Connected all trees
x3005c0s37b1n0:31763:31797 [0] NCCL INFO MSCCL_XML_FILES set by environment to /home/yuke/ncclPG/msccl_tools_lyd/examples/xml/allreduce_ring_Simple_gpu64_channel4_chunk256_ins1.xml
x3005c0s37b1n0:31763:31797 [0] NCCL INFO MSCCL: Parsing algorithm /home/yuke/ncclPG/msccl_tools_lyd/examples/xml/allreduce_ring_Simple_gpu64_channel4_chunk256_ins1.xml
x3005c0s31b1n0:38247:38282 [2] NCCL INFO Channel 00/0 : 42[85000] -> 45[46000] [send] via NET/IB/1
x3005c0s31b0n0:36809:36844 [2] NCCL INFO Connected all trees
x3005c0s31b0n0:36809:36844 [2] NCCL INFO MSCCL_XML_FILES set by environment to /home/yuke/ncclPG/msccl_tools_lyd/examples/xml/allreduce_ring_Simple_gpu64_channel4_chunk256_ins1.xml
x3005c0s31b0n0:36809:36844 [2] NCCL INFO MSCCL: Parsing algorithm /home/yuke/ncclPG/msccl_tools_lyd/examples/xml/allreduce_ring_Simple_gpu64_channel4_chunk256_ins1.xml
x3005c0s1b1n0:4675:4712 [0] NCCL INFO Channel 02/0 : 24[7000] -> 21[46000] [send] via NET/IB/1
x3005c0s31b1n0:38245:38281 [0] NCCL INFO Channel 01/0 : 40[7000] -> 47[c7000] [send] via NET/IB/1
x3005c0s1b1n0:4675:4712 [0] NCCL INFO Channel 03/0 : 24[7000] -> 21[46000] [send] via NET/IB/0
x3005c0s25b0n0:42214:42253 [0] NCCL INFO Parsed MSCCL Algorithm /home/yuke/ncclPG/msccl_tools_lyd/examples/xml/allreduce_ring_Simple_gpu64_channel4_chunk256_ins1.xml successfully.
x3005c0s25b0n0:42214:42253 [0] NCCL INFO Channel 00 : 28[7000] -> 31[c7000] via P2P/IPC/read
x3005c0s31b1n0:38246:38285 [1] NCCL INFO Channel 02/0 : 38[85000] -> 41[46000] [receive] via NET/IB/1
x3005c0s19b0n0:60456:60489 [0] NCCL INFO Channel 01/0 : 12[7000] -> 8[7000] [send] via NET/IB/0
x3005c0s31b1n0:38247:38282 [2] NCCL INFO Channel 02/0 : 42[85000] -> 45[46000] [send] via NET/IB/1
x3005c0s31b1n0:38248:38283 [3] NCCL INFO Channel 01/0 : 36[7000] -> 43[c7000] [receive] via NET/IB/0
x3005c0s25b0n0:42214:42253 [0] NCCL INFO Channel 02 : 28[7000] -> 31[c7000] via P2P/IPC/read
x3005c0s31b0n0:36807:36843 [0] NCCL INFO Parsed MSCCL Algorithm /home/yuke/ncclPG/msccl_tools_lyd/examples/xml/allreduce_ring_Simple_gpu64_channel4_chunk256_ins1.xml successfully.
x3005c0s31b0n0:36807:36843 [0] NCCL INFO Channel 00 : 36[7000] -> 39[c7000] via P2P/IPC/read
x3005c0s25b1n0:29859:29898 [0] NCCL INFO Parsed MSCCL Algorithm /home/yuke/ncclPG/msccl_tools_lyd/examples/xml/allreduce_ring_Simple_gpu64_channel4_chunk256_ins1.xml successfully.
x3005c0s25b1n0:29859:29898 [0] NCCL INFO Channel 00 : 32[7000] -> 35[c7000] via P2P/IPC/read
x3005c0s31b1n0:38248:38283 [3] NCCL INFO Channel 03/0 : 36[7000] -> 43[c7000] [receive] via NET/IB/0
x3005c0s19b0n0:60456:60489 [0] NCCL INFO Connected all trees
x3005c0s19b0n0:60456:60489 [0] NCCL INFO MSCCL_XML_FILES set by environment to /home/yuke/ncclPG/msccl_tools_lyd/examples/xml/allreduce_ring_Simple_gpu64_channel4_chunk256_ins1.xml
x3005c0s19b0n0:60456:60489 [0] NCCL INFO MSCCL: Parsing algorithm /home/yuke/ncclPG/msccl_tools_lyd/examples/xml/allreduce_ring_Simple_gpu64_channel4_chunk256_ins1.xml
x3005c0s1b1n0:4675:4712 [0] NCCL INFO Connected all trees
x3005c0s1b1n0:4675:4712 [0] NCCL INFO MSCCL_XML_FILES set by environment to /home/yuke/ncclPG/msccl_tools_lyd/examples/xml/allreduce_ring_Simple_gpu64_channel4_chunk256_ins1.xml
x3005c0s1b1n0:4675:4712 [0] NCCL INFO MSCCL: Parsing algorithm /home/yuke/ncclPG/msccl_tools_lyd/examples/xml/allreduce_ring_Simple_gpu64_channel4_chunk256_ins1.xml
x3005c0s31b0n0:36807:36843 [0] NCCL INFO Channel 02 : 36[7000] -> 39[c7000] via P2P/IPC/read
x3005c0s31b1n0:38245:38281 [0] NCCL INFO Channel 03/0 : 40[7000] -> 47[c7000] [send] via NET/IB/1
x3005c0s31b0n0:36808:36846 [1] NCCL INFO Parsed MSCCL Algorithm /home/yuke/ncclPG/msccl_tools_lyd/examples/xml/allreduce_ring_Simple_gpu64_channel4_chunk256_ins1.xml successfully.
x3005c0s13b1n0:34816:34848 [0] NCCL INFO Channel 02/0 : 8[7000] -> 5[46000] [send] via NET/IB/1
x3005c0s13b1n0:34816:34848 [0] NCCL INFO Channel 03/0 : 8[7000] -> 5[46000] [send] via NET/IB/0
x3005c0s7b0n0:53512:53546 [0] NCCL INFO Parsed MSCCL Algorithm /home/yuke/ncclPG/msccl_tools_lyd/examples/xml/allreduce_ring_Simple_gpu64_channel4_chunk256_ins1.xml successfully.
x3005c0s7b0n0:53512:53546 [0] NCCL INFO Channel 00 : 52[7000] -> 55[c7000] via P2P/IPC/read
x3004c0s7b0n0:58211:58250 [0] NCCL INFO Channel 01/0 : 9[46000] -> 4[7000] [receive] via NET/IB/0
x3005c0s37b1n0:31763:31797 [0] NCCL INFO Parsed MSCCL Algorithm /home/yuke/ncclPG/msccl_tools_lyd/examples/xml/allreduce_ring_Simple_gpu64_channel4_chunk256_ins1.xml successfully.
x3005c0s37b1n0:31763:31797 [0] NCCL INFO Channel 00 : 48[7000] -> 51[c7000] via P2P/IPC/read
x3005c0s31b0n0:36809:36844 [2] NCCL INFO Parsed MSCCL Algorithm /home/yuke/ncclPG/msccl_tools_lyd/examples/xml/allreduce_ring_Simple_gpu64_channel4_chunk256_ins1.xml successfully.
x3005c0s31b1n0:38247:38282 [2] NCCL INFO Connected 1 MSCCL algorithms
x3005c0s31b1n0:38247:38282 [2] NCCL INFO NCCL_PROTO set by environment to Simple
x3005c0s31b1n0:38247:38282 [2] NCCL INFO NCCL_ALGO set by environment to MSCCL,TREE,RING
x3005c0s31b1n0:38247:38282 [2] NCCL INFO threadThresholds 8/8/64 | 512/8/64 | 8/8/64 | 8/8/512
x3005c0s31b1n0:38247:38282 [2] NCCL INFO 4 coll channels, 4 p2p channels, 2 p2p channels per peer
x3005c0s7b1n0:11871:11904 [0] NCCL INFO Channel 02/0 : 56[7000] -> 53[46000] [send] via NET/IB/1
x3006c0s13b0n0:50332:50368 [0] NCCL INFO Parsed MSCCL Algorithm /home/yuke/ncclPG/msccl_tools_lyd/examples/xml/allreduce_ring_Simple_gpu64_channel4_chunk256_ins1.xml successfully.
x3006c0s13b0n0:50332:50368 [0] NCCL INFO Channel 00 : 60[7000] -> 63[c7000] via P2P/IPC/read
x3005c0s25b0n0:42214:42253 [0] NCCL INFO Channel 01/0 : 28[7000] -> 35[c7000] [send] via NET/IB/1
x3005c0s7b0n0:53512:53546 [0] NCCL INFO Channel 02 : 52[7000] -> 55[c7000] via P2P/IPC/read
x3005c0s37b0n0:45761:45795 [1] NCCL INFO Connected 1 MSCCL algorithms
x3005c0s37b0n0:45761:45795 [1] NCCL INFO NCCL_PROTO set by environment to Simple
x3005c0s37b0n0:45761:45795 [1] NCCL INFO NCCL_ALGO set by environment to MSCCL,TREE,RING
x3005c0s37b0n0:45761:45795 [1] NCCL INFO threadThresholds 8/8/64 | 512/8/64 | 8/8/64 | 8/8/512
x3005c0s37b0n0:45761:45795 [1] NCCL INFO 4 coll channels, 4 p2p channels, 2 p2p channels per peer
x3006c0s13b0n0:50332:50368 [0] NCCL INFO Channel 02 : 60[7000] -> 63[c7000] via P2P/IPC/read
x3005c0s25b1n0:29859:29898 [0] NCCL INFO Channel 02 : 32[7000] -> 35[c7000] via P2P/IPC/read
x3005c0s7b1n0:11871:11904 [0] NCCL INFO Channel 03/0 : 56[7000] -> 53[46000] [send] via NET/IB/0
x3005c0s31b0n0:36808:36846 [1] NCCL INFO Channel 00/0 : 34[85000] -> 37[46000] [receive] via NET/IB/1
x3005c0s31b1n0:38245:38281 [0] NCCL INFO Connected 1 MSCCL algorithms
x3005c0s31b1n0:38245:38281 [0] NCCL INFO NCCL_PROTO set by environment to Simple
x3005c0s31b1n0:38245:38281 [0] NCCL INFO NCCL_ALGO set by environment to MSCCL,TREE,RING
x3005c0s31b1n0:38245:38281 [0] NCCL INFO threadThresholds 8/8/64 | 512/8/64 | 8/8/64 | 8/8/512
x3005c0s31b1n0:38245:38281 [0] NCCL INFO 4 coll channels, 4 p2p channels, 2 p2p channels per peer
x3005c0s31b0n0:36809:36844 [2] NCCL INFO Channel 00/0 : 38[85000] -> 41[46000] [send] via NET/IB/1
x3005c0s37b1n0:31763:31797 [0] NCCL INFO Channel 02 : 48[7000] -> 51[c7000] via P2P/IPC/read
x3005c0s13b1n0:34816:34848 [0] NCCL INFO Connected all trees
x3005c0s13b1n0:34816:34848 [0] NCCL INFO MSCCL_XML_FILES set by environment to /home/yuke/ncclPG/msccl_tools_lyd/examples/xml/allreduce_ring_Simple_gpu64_channel4_chunk256_ins1.xml
x3005c0s13b1n0:34816:34848 [0] NCCL INFO MSCCL: Parsing algorithm /home/yuke/ncclPG/msccl_tools_lyd/examples/xml/allreduce_ring_Simple_gpu64_channel4_chunk256_ins1.xml
x3005c0s25b0n0:42217:42249 [3] NCCL INFO Channel 01/0 : 24[7000] -> 31[c7000] [receive] via NET/IB/0
x3005c0s37b0n0:45763:45792 [3] NCCL INFO Connected 1 MSCCL algorithms
x3005c0s37b0n0:45763:45792 [3] NCCL INFO NCCL_PROTO set by environment to Simple
x3005c0s37b0n0:45763:45792 [3] NCCL INFO NCCL_ALGO set by environment to MSCCL,TREE,RING
x3005c0s37b0n0:45763:45792 [3] NCCL INFO threadThresholds 8/8/64 | 512/8/64 | 8/8/64 | 8/8/512
x3005c0s37b0n0:45763:45792 [3] NCCL INFO 4 coll channels, 4 p2p channels, 2 p2p channels per peer
x3005c0s1b1n0:4675:4712 [0] NCCL INFO Parsed MSCCL Algorithm /home/yuke/ncclPG/msccl_tools_lyd/examples/xml/allreduce_ring_Simple_gpu64_channel4_chunk256_ins1.xml successfully.
x3005c0s1b1n0:4675:4712 [0] NCCL INFO Channel 00 : 24[7000] -> 27[c7000] via P2P/IPC/read
x3005c0s31b0n0:36810:36845 [3] NCCL INFO Channel 01/0 : 32[7000] -> 39[c7000] [receive] via NET/IB/0
x3005c0s31b0n0:36809:36844 [2] NCCL INFO Channel 02/0 : 38[85000] -> 41[46000] [send] via NET/IB/1
x3005c0s1b0n0:52196:52232 [1] NCCL INFO Connected all trees
x3005c0s1b0n0:52196:52232 [1] NCCL INFO MSCCL_XML_FILES set by environment to /home/yuke/ncclPG/msccl_tools_lyd/examples/xml/allreduce_ring_Simple_gpu64_channel4_chunk256_ins1.xml
x3005c0s1b0n0:52196:52232 [1] NCCL INFO MSCCL: Parsing algorithm /home/yuke/ncclPG/msccl_tools_lyd/examples/xml/allreduce_ring_Simple_gpu64_channel4_chunk256_ins1.xml
x3005c0s25b0n0:42214:42253 [0] NCCL INFO Channel 03/0 : 28[7000] -> 35[c7000] [send] via NET/IB/1
x3005c0s31b0n0:36808:36846 [1] NCCL INFO Channel 02/0 : 34[85000] -> 37[46000] [receive] via NET/IB/1
x3005c0s1b0n0:52197:52231 [2] NCCL INFO Connected all trees
x3005c0s1b0n0:52197:52231 [2] NCCL INFO MSCCL_XML_FILES set by environment to /home/yuke/ncclPG/msccl_tools_lyd/examples/xml/allreduce_ring_Simple_gpu64_channel4_chunk256_ins1.xml
x3005c0s1b0n0:52197:52231 [2] NCCL INFO MSCCL: Parsing algorithm /home/yuke/ncclPG/msccl_tools_lyd/examples/xml/allreduce_ring_Simple_gpu64_channel4_chunk256_ins1.xml
x3005c0s19b0n0:60456:60489 [0] NCCL INFO Parsed MSCCL Algorithm /home/yuke/ncclPG/msccl_tools_lyd/examples/xml/allreduce_ring_Simple_gpu64_channel4_chunk256_ins1.xml successfully.
x3005c0s19b0n0:60456:60489 [0] NCCL INFO Channel 00 : 12[7000] -> 15[c7000] via P2P/IPC/read
x3005c0s31b0n0:36807:36843 [0] NCCL INFO Channel 01/0 : 36[7000] -> 43[c7000] [send] via NET/IB/1
x3005c0s25b0n0:42217:42249 [3] NCCL INFO Channel 03/0 : 24[7000] -> 31[c7000] [receive] via NET/IB/0
x3005c0s7b1n0:11871:11904 [0] NCCL INFO Connected all trees
x3005c0s7b1n0:11871:11904 [0] NCCL INFO MSCCL_XML_FILES set by environment to /home/yuke/ncclPG/msccl_tools_lyd/examples/xml/allreduce_ring_Simple_gpu64_channel4_chunk256_ins1.xml
x3005c0s7b1n0:11871:11904 [0] NCCL INFO MSCCL: Parsing algorithm /home/yuke/ncclPG/msccl_tools_lyd/examples/xml/allreduce_ring_Simple_gpu64_channel4_chunk256_ins1.xml
x3006c0s13b0n0:50335:50364 [3] NCCL INFO Channel 01/0 : 56[7000] -> 63[c7000] [receive] via NET/IB/0
x3005c0s25b1n0:29862:29899 [3] NCCL INFO Channel 01/0 : 28[7000] -> 35[c7000] [receive] via NET/IB/0
x3005c0s31b0n0:36807:36843 [0] NCCL INFO Channel 03/0 : 36[7000] -> 43[c7000] [send] via NET/IB/1
x3005c0s19b0n0:60456:60489 [0] NCCL INFO Channel 02 : 12[7000] -> 15[c7000] via P2P/IPC/read
x3005c0s25b1n0:29859:29898 [0] NCCL INFO Channel 01/0 : 32[7000] -> 39[c7000] [send] via NET/IB/1
x3006c0s13b0n0:50332:50368 [0] NCCL INFO Channel 01/0 : 60[7000] -> 3[c7000] [send] via NET/IB/1
x3005c0s1b1n0:4675:4712 [0] NCCL INFO Channel 02 : 24[7000] -> 27[c7000] via P2P/IPC/read
x3005c0s7b0n0:53515:53550 [3] NCCL INFO Channel 01/0 : 48[7000] -> 55[c7000] [receive] via NET/IB/0
x3005c0s31b0n0:36809:36844 [2] NCCL INFO Connected 1 MSCCL algorithms
x3005c0s31b0n0:36809:36844 [2] NCCL INFO NCCL_PROTO set by environment to Simple
x3005c0s31b0n0:36809:36844 [2] NCCL INFO NCCL_ALGO set by environment to MSCCL,TREE,RING
x3005c0s31b0n0:36809:36844 [2] NCCL INFO threadThresholds 8/8/64 | 512/8/64 | 8/8/64 | 8/8/512
x3005c0s31b0n0:36809:36844 [2] NCCL INFO 4 coll channels, 4 p2p channels, 2 p2p channels per peer
x3005c0s37b1n0:31766:31802 [3] NCCL INFO Channel 01/0 : 44[7000] -> 51[c7000] [receive] via NET/IB/0
x3005c0s13b1n0:34816:34848 [0] NCCL INFO Parsed MSCCL Algorithm /home/yuke/ncclPG/msccl_tools_lyd/examples/xml/allreduce_ring_Simple_gpu64_channel4_chunk256_ins1.xml successfully.
x3005c0s13b1n0:34816:34848 [0] NCCL INFO Channel 00 : 8[7000] -> 11[c7000] via P2P/IPC/read
x3005c0s31b0n0:36810:36845 [3] NCCL INFO Channel 03/0 : 32[7000] -> 39[c7000] [receive] via NET/IB/0
x3005c0s25b1n0:29859:29898 [0] NCCL INFO Channel 03/0 : 32[7000] -> 39[c7000] [send] via NET/IB/1
x3006c0s13b0n0:50332:50368 [0] NCCL INFO Channel 03/0 : 60[7000] -> 3[c7000] [send] via NET/IB/1
x3005c0s1b0n0:52196:52232 [1] NCCL INFO Parsed MSCCL Algorithm /home/yuke/ncclPG/msccl_tools_lyd/examples/xml/allreduce_ring_Simple_gpu64_channel4_chunk256_ins1.xml successfully.
x3005c0s37b1n0:31763:31797 [0] NCCL INFO Channel 01/0 : 48[7000] -> 55[c7000] [send] via NET/IB/1
x3005c0s31b1n0:38246:38285 [1] NCCL INFO Connected 1 MSCCL algorithms
x3005c0s31b1n0:38246:38285 [1] NCCL INFO NCCL_PROTO set by environment to Simple
x3005c0s31b1n0:38246:38285 [1] NCCL INFO NCCL_ALGO set by environment to MSCCL,TREE,RING
x3005c0s31b1n0:38246:38285 [1] NCCL INFO threadThresholds 8/8/64 | 512/8/64 | 8/8/64 | 8/8/512
x3005c0s31b1n0:38246:38285 [1] NCCL INFO 4 coll channels, 4 p2p channels, 2 p2p channels per peer
x3004c0s7b0n0:58211:58250 [0] NCCL INFO Channel 02/0 : 4[7000] -> 0[7000] [send] via NET/IB/1
x3005c0s7b0n0:53513:53549 [1] NCCL INFO Connected all trees
x3005c0s7b0n0:53513:53549 [1] NCCL INFO MSCCL_XML_FILES set by environment to /home/yuke/ncclPG/msccl_tools_lyd/examples/xml/allreduce_ring_Simple_gpu64_channel4_chunk256_ins1.xml
x3005c0s7b0n0:53513:53549 [1] NCCL INFO MSCCL: Parsing algorithm /home/yuke/ncclPG/msccl_tools_lyd/examples/xml/allreduce_ring_Simple_gpu64_channel4_chunk256_ins1.xml
x3005c0s7b0n0:53514:53552 [2] NCCL INFO Connected all trees
x3005c0s7b0n0:53514:53552 [2] NCCL INFO MSCCL_XML_FILES set by environment to /home/yuke/ncclPG/msccl_tools_lyd/examples/xml/allreduce_ring_Simple_gpu64_channel4_chunk256_ins1.xml
x3005c0s7b0n0:53514:53552 [2] NCCL INFO MSCCL: Parsing algorithm /home/yuke/ncclPG/msccl_tools_lyd/examples/xml/allreduce_ring_Simple_gpu64_channel4_chunk256_ins1.xml
x3005c0s7b0n0:53515:53550 [3] NCCL INFO Channel 03/0 : 48[7000] -> 55[c7000] [receive] via NET/IB/0
x3005c0s31b0n0:36807:36843 [0] NCCL INFO Connected 1 MSCCL algorithms
x3005c0s31b0n0:36807:36843 [0] NCCL INFO NCCL_PROTO set by environment to Simple
x3005c0s31b0n0:36807:36843 [0] NCCL INFO NCCL_ALGO set by environment to MSCCL,TREE,RING
x3005c0s31b0n0:36807:36843 [0] NCCL INFO threadThresholds 8/8/64 | 512/8/64 | 8/8/64 | 8/8/512
x3005c0s31b0n0:36807:36843 [0] NCCL INFO 4 coll channels, 4 p2p channels, 2 p2p channels per peer
x3005c0s31b0n0:36808:36846 [1] NCCL INFO Connected 1 MSCCL algorithms
x3005c0s31b0n0:36808:36846 [1] NCCL INFO NCCL_PROTO set by environment to Simple
x3005c0s31b0n0:36808:36846 [1] NCCL INFO NCCL_ALGO set by environment to MSCCL,TREE,RING
x3005c0s31b0n0:36808:36846 [1] NCCL INFO threadThresholds 8/8/64 | 512/8/64 | 8/8/64 | 8/8/512
x3005c0s31b0n0:36808:36846 [1] NCCL INFO 4 coll channels, 4 p2p channels, 2 p2p channels per peer
x3005c0s25b1n0:29861:29895 [2] NCCL INFO Connected 1 MSCCL algorithms
x3005c0s25b1n0:29861:29895 [2] NCCL INFO NCCL_PROTO set by environment to Simple
x3005c0s25b1n0:29861:29895 [2] NCCL INFO NCCL_ALGO set by environment to MSCCL,TREE,RING
x3005c0s25b1n0:29861:29895 [2] NCCL INFO threadThresholds 8/8/64 | 512/8/64 | 8/8/64 | 8/8/512
x3005c0s25b1n0:29861:29895 [2] NCCL INFO 4 coll channels, 4 p2p channels, 2 p2p channels per peer
x3005c0s7b0n0:53512:53546 [0] NCCL INFO Channel 01/0 : 52[7000] -> 59[c7000] [send] via NET/IB/1
x3005c0s31b1n0:38248:38283 [3] NCCL INFO Connected 1 MSCCL algorithms
x3005c0s31b1n0:38248:38283 [3] NCCL INFO NCCL_PROTO set by environment to Simple
x3005c0s31b1n0:38248:38283 [3] NCCL INFO NCCL_ALGO set by environment to MSCCL,TREE,RING
