########################################   MSCCL TEST  #####################################################
######################### LIBRARY: MSCCL ALGORITHM: BINARY-H-P-2NIC-4gpuspipe-256chunk-8ch INSTANCE: 1 CHANNEL: 2-INTRA-1-INTER PROTOCOL: Simple ##############################################
MSCCL TEST BINARY-H-P-2NIC-256chunk-8ch 2-INTRA-1-INTER time: Wed 18 Oct 2023 02:19:52 AM UTC
# nThread 1 nGpus 1 minBytes 536870912 maxBytes 536870912 step: 2(factor) warmup iters: 5 iters: 20 agg iters: 1 validation: 1 graph: 0
#
# Using devices
#  Rank  0 Group  0 Pid  18336 on x3012c0s25b1n0 device  0 [0x07] NVIDIA A100-SXM4-40GB
#  Rank  1 Group  0 Pid  18337 on x3012c0s25b1n0 device  1 [0x46] NVIDIA A100-SXM4-40GB
#  Rank  2 Group  0 Pid  18338 on x3012c0s25b1n0 device  2 [0x85] NVIDIA A100-SXM4-40GB
#  Rank  3 Group  0 Pid  18339 on x3012c0s25b1n0 device  3 [0xc7] NVIDIA A100-SXM4-40GB
#  Rank  4 Group  0 Pid  40569 on x3012c0s31b0n0 device  0 [0x07] NVIDIA A100-SXM4-40GB
#  Rank  5 Group  0 Pid  40570 on x3012c0s31b0n0 device  1 [0x46] NVIDIA A100-SXM4-40GB
#  Rank  6 Group  0 Pid  40571 on x3012c0s31b0n0 device  2 [0x85] NVIDIA A100-SXM4-40GB
#  Rank  7 Group  0 Pid  40572 on x3012c0s31b0n0 device  3 [0xc7] NVIDIA A100-SXM4-40GB
#  Rank  8 Group  0 Pid  38707 on x3012c0s31b1n0 device  0 [0x07] NVIDIA A100-SXM4-40GB
#  Rank  9 Group  0 Pid  38708 on x3012c0s31b1n0 device  1 [0x46] NVIDIA A100-SXM4-40GB
#  Rank 10 Group  0 Pid  38709 on x3012c0s31b1n0 device  2 [0x85] NVIDIA A100-SXM4-40GB
#  Rank 11 Group  0 Pid  38710 on x3012c0s31b1n0 device  3 [0xc7] NVIDIA A100-SXM4-40GB
#  Rank 12 Group  0 Pid  38234 on x3012c0s37b0n0 device  0 [0x07] NVIDIA A100-SXM4-40GB
#  Rank 13 Group  0 Pid  38235 on x3012c0s37b0n0 device  1 [0x46] NVIDIA A100-SXM4-40GB
#  Rank 14 Group  0 Pid  38236 on x3012c0s37b0n0 device  2 [0x85] NVIDIA A100-SXM4-40GB
#  Rank 15 Group  0 Pid  38237 on x3012c0s37b0n0 device  3 [0xc7] NVIDIA A100-SXM4-40GB
#  Rank 16 Group  0 Pid  35647 on x3012c0s37b1n0 device  0 [0x07] NVIDIA A100-SXM4-40GB
#  Rank 17 Group  0 Pid  35648 on x3012c0s37b1n0 device  1 [0x46] NVIDIA A100-SXM4-40GB
#  Rank 18 Group  0 Pid  35649 on x3012c0s37b1n0 device  2 [0x85] NVIDIA A100-SXM4-40GB
#  Rank 19 Group  0 Pid  35651 on x3012c0s37b1n0 device  3 [0xc7] NVIDIA A100-SXM4-40GB
#  Rank 20 Group  0 Pid  35233 on x3012c0s7b0n0 device  0 [0x07] NVIDIA A100-SXM4-40GB
#  Rank 21 Group  0 Pid  35234 on x3012c0s7b0n0 device  1 [0x46] NVIDIA A100-SXM4-40GB
#  Rank 22 Group  0 Pid  35235 on x3012c0s7b0n0 device  2 [0x85] NVIDIA A100-SXM4-40GB
#  Rank 23 Group  0 Pid  35236 on x3012c0s7b0n0 device  3 [0xc7] NVIDIA A100-SXM4-40GB
#  Rank 24 Group  0 Pid  31619 on x3012c0s7b1n0 device  0 [0x07] NVIDIA A100-SXM4-40GB
#  Rank 25 Group  0 Pid  31621 on x3012c0s7b1n0 device  1 [0x46] NVIDIA A100-SXM4-40GB
#  Rank 26 Group  0 Pid  31622 on x3012c0s7b1n0 device  2 [0x85] NVIDIA A100-SXM4-40GB
#  Rank 27 Group  0 Pid  31623 on x3012c0s7b1n0 device  3 [0xc7] NVIDIA A100-SXM4-40GB
#  Rank 28 Group  0 Pid  62367 on x3015c0s1b0n0 device  0 [0x07] NVIDIA A100-SXM4-40GB
#  Rank 29 Group  0 Pid  62368 on x3015c0s1b0n0 device  1 [0x46] NVIDIA A100-SXM4-40GB
#  Rank 30 Group  0 Pid  62369 on x3015c0s1b0n0 device  2 [0x85] NVIDIA A100-SXM4-40GB
#  Rank 31 Group  0 Pid  62370 on x3015c0s1b0n0 device  3 [0xc7] NVIDIA A100-SXM4-40GB
#  Rank 32 Group  0 Pid  61458 on x3015c0s1b1n0 device  0 [0x07] NVIDIA A100-SXM4-40GB
#  Rank 33 Group  0 Pid  61460 on x3015c0s1b1n0 device  1 [0x46] NVIDIA A100-SXM4-40GB
#  Rank 34 Group  0 Pid  61461 on x3015c0s1b1n0 device  2 [0x85] NVIDIA A100-SXM4-40GB
#  Rank 35 Group  0 Pid  61462 on x3015c0s1b1n0 device  3 [0xc7] NVIDIA A100-SXM4-40GB
#  Rank 36 Group  0 Pid  18005 on x3015c0s25b0n0 device  0 [0x07] NVIDIA A100-SXM4-40GB
#  Rank 37 Group  0 Pid  18006 on x3015c0s25b0n0 device  1 [0x46] NVIDIA A100-SXM4-40GB
#  Rank 38 Group  0 Pid  18007 on x3015c0s25b0n0 device  2 [0x85] NVIDIA A100-SXM4-40GB
#  Rank 39 Group  0 Pid  18008 on x3015c0s25b0n0 device  3 [0xc7] NVIDIA A100-SXM4-40GB
#  Rank 40 Group  0 Pid   4321 on x3015c0s25b1n0 device  0 [0x07] NVIDIA A100-SXM4-40GB
#  Rank 41 Group  0 Pid   4323 on x3015c0s25b1n0 device  1 [0x46] NVIDIA A100-SXM4-40GB
#  Rank 42 Group  0 Pid   4324 on x3015c0s25b1n0 device  2 [0x85] NVIDIA A100-SXM4-40GB
#  Rank 43 Group  0 Pid   4326 on x3015c0s25b1n0 device  3 [0xc7] NVIDIA A100-SXM4-40GB
#  Rank 44 Group  0 Pid   1147 on x3015c0s31b0n0 device  0 [0x07] NVIDIA A100-SXM4-40GB
#  Rank 45 Group  0 Pid   1149 on x3015c0s31b0n0 device  1 [0x46] NVIDIA A100-SXM4-40GB
#  Rank 46 Group  0 Pid   1151 on x3015c0s31b0n0 device  2 [0x85] NVIDIA A100-SXM4-40GB
#  Rank 47 Group  0 Pid   1152 on x3015c0s31b0n0 device  3 [0xc7] NVIDIA A100-SXM4-40GB
#  Rank 48 Group  0 Pid  10177 on x3015c0s31b1n0 device  0 [0x07] NVIDIA A100-SXM4-40GB
#  Rank 49 Group  0 Pid  10178 on x3015c0s31b1n0 device  1 [0x46] NVIDIA A100-SXM4-40GB
#  Rank 50 Group  0 Pid  10179 on x3015c0s31b1n0 device  2 [0x85] NVIDIA A100-SXM4-40GB
#  Rank 51 Group  0 Pid  10180 on x3015c0s31b1n0 device  3 [0xc7] NVIDIA A100-SXM4-40GB
#  Rank 52 Group  0 Pid   9988 on x3015c0s37b0n0 device  0 [0x07] NVIDIA A100-SXM4-40GB
#  Rank 53 Group  0 Pid   9989 on x3015c0s37b0n0 device  1 [0x46] NVIDIA A100-SXM4-40GB
#  Rank 54 Group  0 Pid   9990 on x3015c0s37b0n0 device  2 [0x85] NVIDIA A100-SXM4-40GB
#  Rank 55 Group  0 Pid   9991 on x3015c0s37b0n0 device  3 [0xc7] NVIDIA A100-SXM4-40GB
#  Rank 56 Group  0 Pid    464 on x3015c0s37b1n0 device  0 [0x07] NVIDIA A100-SXM4-40GB
#  Rank 57 Group  0 Pid    465 on x3015c0s37b1n0 device  1 [0x46] NVIDIA A100-SXM4-40GB
#  Rank 58 Group  0 Pid    466 on x3015c0s37b1n0 device  2 [0x85] NVIDIA A100-SXM4-40GB
#  Rank 59 Group  0 Pid    467 on x3015c0s37b1n0 device  3 [0xc7] NVIDIA A100-SXM4-40GB
#  Rank 60 Group  0 Pid  63258 on x3015c0s7b0n0 device  0 [0x07] NVIDIA A100-SXM4-40GB
#  Rank 61 Group  0 Pid  63259 on x3015c0s7b0n0 device  1 [0x46] NVIDIA A100-SXM4-40GB
#  Rank 62 Group  0 Pid  63260 on x3015c0s7b0n0 device  2 [0x85] NVIDIA A100-SXM4-40GB
#  Rank 63 Group  0 Pid  63261 on x3015c0s7b0n0 device  3 [0xc7] NVIDIA A100-SXM4-40GB
x3012c0s25b1n0:18336:18336 [0] NCCL INFO Bootstrap : Using bond0:10.140.57.234<0>
x3012c0s25b1n0:18336:18336 [0] NCCL INFO NET/Plugin : Plugin load returned 17 : libnccl-net.so: cannot open shared object file: No such file or directory.
x3012c0s25b1n0:18336:18336 [0] NCCL INFO NET/IB : Using [0]mlx5_0:1/RoCE [1]mlx5_1:1/RoCE [RO]; OOB bond0:10.140.57.234<0>
x3012c0s25b1n0:18336:18336 [0] NCCL INFO Using network IB
NCCL version 2.12.12.MSCCL.0.7.4+cuda11.4
x3012c0s25b1n0:18339:18339 [3] NCCL INFO Bootstrap : Using bond0:10.140.57.234<0>
x3012c0s25b1n0:18337:18337 [1] NCCL INFO Bootstrap : Using bond0:10.140.57.234<0>
x3012c0s25b1n0:18337:18337 [1] NCCL INFO NET/Plugin : No plugin found (libnccl-net.so), using internal implementation
x3012c0s25b1n0:18338:18338 [2] NCCL INFO Bootstrap : Using bond0:10.140.57.234<0>
x3012c0s25b1n0:18338:18338 [2] NCCL INFO NET/Plugin : No plugin found (libnccl-net.so), using internal implementation
x3012c0s25b1n0:18339:18339 [3] NCCL INFO NET/Plugin : No plugin found (libnccl-net.so), using internal implementation
x3012c0s25b1n0:18338:18338 [2] NCCL INFO NET/IB : Using [0]mlx5_0:1/RoCE [1]mlx5_1:1/RoCE [RO]; OOB bond0:10.140.57.234<0>
x3012c0s25b1n0:18338:18338 [2] NCCL INFO Using network IB
x3012c0s25b1n0:18339:18339 [3] NCCL INFO NET/IB : Using [0]mlx5_0:1/RoCE [1]mlx5_1:1/RoCE [RO]; OOB bond0:10.140.57.234<0>
x3012c0s25b1n0:18339:18339 [3] NCCL INFO Using network IB
x3012c0s25b1n0:18337:18337 [1] NCCL INFO NET/IB : Using [0]mlx5_0:1/RoCE [1]mlx5_1:1/RoCE [RO]; OOB bond0:10.140.57.234<0>
x3012c0s25b1n0:18337:18337 [1] NCCL INFO Using network IB
x3012c0s31b0n0:40571:40571 [2] NCCL INFO Bootstrap : Using bond0:10.140.57.236<0>
x3012c0s31b0n0:40570:40570 [1] NCCL INFO Bootstrap : Using bond0:10.140.57.236<0>
x3012c0s31b0n0:40570:40570 [1] NCCL INFO NET/Plugin : No plugin found (libnccl-net.so), using internal implementation
x3012c0s31b0n0:40571:40571 [2] NCCL INFO NET/Plugin : No plugin found (libnccl-net.so), using internal implementation
x3012c0s31b0n0:40572:40572 [3] NCCL INFO Bootstrap : Using bond0:10.140.57.236<0>
x3012c0s31b0n0:40572:40572 [3] NCCL INFO NET/Plugin : No plugin found (libnccl-net.so), using internal implementation
x3012c0s31b0n0:40569:40569 [0] NCCL INFO Bootstrap : Using bond0:10.140.57.236<0>
x3012c0s31b0n0:40569:40569 [0] NCCL INFO NET/Plugin : No plugin found (libnccl-net.so), using internal implementation
x3015c0s25b0n0:18006:18006 [1] NCCL INFO Bootstrap : Using bond0:10.140.58.34<0>
x3015c0s25b0n0:18007:18007 [2] NCCL INFO Bootstrap : Using bond0:10.140.58.34<0>
x3015c0s25b0n0:18008:18008 [3] NCCL INFO Bootstrap : Using bond0:10.140.58.34<0>
x3015c0s25b0n0:18008:18008 [3] NCCL INFO NET/Plugin : No plugin found (libnccl-net.so), using internal implementation
x3015c0s25b0n0:18005:18005 [0] NCCL INFO Bootstrap : Using bond0:10.140.58.34<0>
x3015c0s25b0n0:18005:18005 [0] NCCL INFO NET/Plugin : No plugin found (libnccl-net.so), using internal implementation
x3015c0s25b0n0:18006:18006 [1] NCCL INFO NET/Plugin : No plugin found (libnccl-net.so), using internal implementation
x3015c0s25b0n0:18007:18007 [2] NCCL INFO NET/Plugin : No plugin found (libnccl-net.so), using internal implementation
x3015c0s25b1n0:4326:4326 [3] NCCL INFO Bootstrap : Using bond0:10.140.58.31<0>
x3015c0s25b1n0:4326:4326 [3] NCCL INFO NET/Plugin : No plugin found (libnccl-net.so), using internal implementation
x3015c0s25b1n0:4321:4321 [0] NCCL INFO Bootstrap : Using bond0:10.140.58.31<0>
x3015c0s25b1n0:4321:4321 [0] NCCL INFO NET/Plugin : No plugin found (libnccl-net.so), using internal implementation
x3015c0s25b1n0:4324:4324 [2] NCCL INFO Bootstrap : Using bond0:10.140.58.31<0>
x3015c0s25b1n0:4324:4324 [2] NCCL INFO NET/Plugin : No plugin found (libnccl-net.so), using internal implementation
x3015c0s25b1n0:4323:4323 [1] NCCL INFO Bootstrap : Using bond0:10.140.58.31<0>
x3015c0s25b1n0:4323:4323 [1] NCCL INFO NET/Plugin : No plugin found (libnccl-net.so), using internal implementation
x3015c0s1b0n0:62369:62369 [2] NCCL INFO Bootstrap : Using bond0:10.140.58.27<0>
x3015c0s1b0n0:62369:62369 [2] NCCL INFO NET/Plugin : No plugin found (libnccl-net.so), using internal implementation
x3015c0s1b0n0:62368:62368 [1] NCCL INFO Bootstrap : Using bond0:10.140.58.27<0>
x3015c0s1b0n0:62368:62368 [1] NCCL INFO NET/Plugin : No plugin found (libnccl-net.so), using internal implementation
x3012c0s7b0n0:35236:35236 [3] NCCL INFO Bootstrap : Using bond0:10.140.57.218<0>
x3012c0s7b0n0:35236:35236 [3] NCCL INFO NET/Plugin : No plugin found (libnccl-net.so), using internal implementation
x3015c0s25b1n0:4321:4321 [0] NCCL INFO NET/IB : Using [0]mlx5_0:1/RoCE [1]mlx5_1:1/RoCE [RO]; OOB bond0:10.140.58.31<0>
x3015c0s25b1n0:4321:4321 [0] NCCL INFO Using network IB
x3015c0s25b1n0:4323:4323 [1] NCCL INFO NET/IB : Using [0]mlx5_0:1/RoCE [1]mlx5_1:1/RoCE [RO]; OOB bond0:10.140.58.31<0>
x3015c0s25b1n0:4323:4323 [1] NCCL INFO Using network IB
x3015c0s25b1n0:4324:4324 [2] NCCL INFO NET/IB : Using [0]mlx5_0:1/RoCE [1]mlx5_1:1/RoCE [RO]; OOB bond0:10.140.58.31<0>
x3015c0s25b1n0:4324:4324 [2] NCCL INFO Using network IB
x3015c0s1b0n0:62370:62370 [3] NCCL INFO Bootstrap : Using bond0:10.140.58.27<0>
x3012c0s7b0n0:35234:35234 [1] NCCL INFO Bootstrap : Using bond0:10.140.57.218<0>
x3015c0s1b0n0:62370:62370 [3] NCCL INFO NET/Plugin : No plugin found (libnccl-net.so), using internal implementation
x3012c0s7b0n0:35234:35234 [1] NCCL INFO NET/Plugin : No plugin found (libnccl-net.so), using internal implementation
x3015c0s1b0n0:62367:62367 [0] NCCL INFO Bootstrap : Using bond0:10.140.58.27<0>
x3015c0s1b0n0:62367:62367 [0] NCCL INFO NET/Plugin : No plugin found (libnccl-net.so), using internal implementation
x3012c0s7b0n0:35235:35235 [2] NCCL INFO Bootstrap : Using bond0:10.140.57.218<0>
x3012c0s7b0n0:35235:35235 [2] NCCL INFO NET/Plugin : No plugin found (libnccl-net.so), using internal implementation
x3012c0s37b1n0:35648:35648 [1] NCCL INFO Bootstrap : Using bond0:10.140.57.237<0>
x3012c0s37b1n0:35651:35651 [3] NCCL INFO Bootstrap : Using bond0:10.140.57.237<0>
x3012c0s7b0n0:35233:35233 [0] NCCL INFO Bootstrap : Using bond0:10.140.57.218<0>
x3012c0s37b1n0:35648:35648 [1] NCCL INFO NET/Plugin : No plugin found (libnccl-net.so), using internal implementation
x3012c0s7b0n0:35233:35233 [0] NCCL INFO NET/Plugin : No plugin found (libnccl-net.so), using internal implementation
x3012c0s37b1n0:35651:35651 [3] NCCL INFO NET/Plugin : No plugin found (libnccl-net.so), using internal implementation
x3012c0s37b1n0:35649:35649 [2] NCCL INFO Bootstrap : Using bond0:10.140.57.237<0>
x3012c0s37b1n0:35649:35649 [2] NCCL INFO NET/Plugin : No plugin found (libnccl-net.so), using internal implementation
x3012c0s31b0n0:40569:40569 [0] NCCL INFO NET/IB : Using [0]mlx5_0:1/RoCE [1]mlx5_1:1/RoCE [RO]; OOB bond0:10.140.57.236<0>
x3012c0s31b0n0:40569:40569 [0] NCCL INFO Using network IB
x3012c0s31b0n0:40570:40570 [1] NCCL INFO NET/IB : Using [0]mlx5_0:1/RoCE [1]mlx5_1:1/RoCE [RO]; OOB bond0:10.140.57.236<0>
x3012c0s31b0n0:40570:40570 [1] NCCL INFO Using network IB
x3012c0s31b0n0:40571:40571 [2] NCCL INFO NET/IB : Using [0]mlx5_0:1/RoCE [1]mlx5_1:1/RoCE [RO]; OOB bond0:10.140.57.236<0>
x3012c0s31b0n0:40571:40571 [2] NCCL INFO Using network IB
x3012c0s31b0n0:40572:40572 [3] NCCL INFO NET/IB : Using [0]mlx5_0:1/RoCE [1]mlx5_1:1/RoCE [RO]; OOB bond0:10.140.57.236<0>
x3012c0s31b0n0:40572:40572 [3] NCCL INFO Using network IB
x3012c0s37b1n0:35647:35647 [0] NCCL INFO Bootstrap : Using bond0:10.140.57.237<0>
x3012c0s37b1n0:35647:35647 [0] NCCL INFO NET/Plugin : No plugin found (libnccl-net.so), using internal implementation
x3012c0s37b0n0:38235:38235 [1] NCCL INFO Bootstrap : Using bond0:10.140.57.239<0>
x3012c0s37b0n0:38236:38236 [2] NCCL INFO Bootstrap : Using bond0:10.140.57.239<0>
x3015c0s1b0n0:62367:62367 [0] NCCL INFO NET/IB : Using [0]mlx5_0:1/RoCE [1]mlx5_1:1/RoCE [RO]; OOB bond0:10.140.58.27<0>
x3015c0s1b0n0:62367:62367 [0] NCCL INFO Using network IB
x3012c0s37b0n0:38237:38237 [3] NCCL INFO Bootstrap : Using bond0:10.140.57.239<0>
x3012c0s37b0n0:38237:38237 [3] NCCL INFO NET/Plugin : No plugin found (libnccl-net.so), using internal implementation
x3015c0s1b0n0:62370:62370 [3] NCCL INFO NET/IB : Using [0]mlx5_0:1/RoCE [1]mlx5_1:1/RoCE [RO]; OOB bond0:10.140.58.27<0>
x3015c0s1b0n0:62370:62370 [3] NCCL INFO Using network IB
x3012c0s37b0n0:38235:38235 [1] NCCL INFO NET/Plugin : No plugin found (libnccl-net.so), using internal implementation
x3012c0s37b0n0:38236:38236 [2] NCCL INFO NET/Plugin : No plugin found (libnccl-net.so), using internal implementation
x3015c0s37b1n0:465:465 [1] NCCL INFO Bootstrap : Using bond0:10.140.58.40<0>
x3012c0s7b0n0:35233:35233 [0] NCCL INFO NET/IB : Using [0]mlx5_0:1/RoCE [1]mlx5_1:1/RoCE [RO]; OOB bond0:10.140.57.218<0>
x3012c0s7b0n0:35233:35233 [0] NCCL INFO Using network IB
x3012c0s7b0n0:35234:35234 [1] NCCL INFO NET/IB : Using [0]mlx5_0:1/RoCE [1]mlx5_1:1/RoCE [RO]; OOB bond0:10.140.57.218<0>
x3012c0s7b0n0:35234:35234 [1] NCCL INFO Using network IB
x3012c0s7b0n0:35235:35235 [2] NCCL INFO NET/IB : Using [0]mlx5_0:1/RoCE [1]mlx5_1:1/RoCE [RO]; OOB bond0:10.140.57.218<0>
x3012c0s7b0n0:35235:35235 [2] NCCL INFO Using network IB
x3015c0s37b1n0:465:465 [1] NCCL INFO NET/Plugin : No plugin found (libnccl-net.so), using internal implementation
x3012c0s37b0n0:38234:38234 [0] NCCL INFO Bootstrap : Using bond0:10.140.57.239<0>
x3012c0s37b0n0:38234:38234 [0] NCCL INFO NET/Plugin : No plugin found (libnccl-net.so), using internal implementation
x3015c0s37b1n0:466:466 [2] NCCL INFO Bootstrap : Using bond0:10.140.58.40<0>
x3015c0s37b1n0:467:467 [3] NCCL INFO Bootstrap : Using bond0:10.140.58.40<0>
x3015c0s37b1n0:467:467 [3] NCCL INFO NET/Plugin : No plugin found (libnccl-net.so), using internal implementation
x3015c0s37b1n0:466:466 [2] NCCL INFO NET/Plugin : No plugin found (libnccl-net.so), using internal implementation
x3015c0s37b1n0:464:464 [0] NCCL INFO Bootstrap : Using bond0:10.140.58.40<0>
x3015c0s37b1n0:464:464 [0] NCCL INFO NET/Plugin : No plugin found (libnccl-net.so), using internal implementation
x3015c0s25b0n0:18005:18005 [0] NCCL INFO NET/IB : Using [0]mlx5_0:1/RoCE [1]mlx5_1:1/RoCE [RO]; OOB bond0:10.140.58.34<0>
x3015c0s25b0n0:18005:18005 [0] NCCL INFO Using network IB
x3015c0s25b0n0:18006:18006 [1] NCCL INFO NET/IB : Using [0]mlx5_0:1/RoCE [1]mlx5_1:1/RoCE [RO]; OOB bond0:10.140.58.34<0>
x3015c0s25b0n0:18006:18006 [1] NCCL INFO Using network IB
x3015c0s25b0n0:18007:18007 [2] NCCL INFO NET/IB : Using [0]mlx5_0:1/RoCE [1]mlx5_1:1/RoCE [RO]; OOB bond0:10.140.58.34<0>
x3015c0s25b0n0:18007:18007 [2] NCCL INFO Using network IB
x3015c0s25b0n0:18008:18008 [3] NCCL INFO NET/IB : Using [0]mlx5_0:1/RoCE [1]mlx5_1:1/RoCE [RO]; OOB bond0:10.140.58.34<0>
x3015c0s25b0n0:18008:18008 [3] NCCL INFO Using network IB
x3015c0s25b1n0:4326:4326 [3] NCCL INFO NET/IB : Using [0]mlx5_0:1/RoCE [1]mlx5_1:1/RoCE [RO]; OOB bond0:10.140.58.31<0>
x3015c0s25b1n0:4326:4326 [3] NCCL INFO Using network IB
x3015c0s37b1n0:464:464 [0] NCCL INFO NET/IB : Using [0]mlx5_0:1/RoCE [1]mlx5_1:1/RoCE [RO]; OOB bond0:10.140.58.40<0>
x3015c0s37b1n0:464:464 [0] NCCL INFO Using network IB
x3015c0s37b1n0:466:466 [2] NCCL INFO NET/IB : Using [0]mlx5_0:1/RoCE [1]mlx5_1:1/RoCE [RO]; OOB bond0:10.140.58.40<0>
x3015c0s37b1n0:466:466 [2] NCCL INFO Using network IB
x3015c0s37b1n0:467:467 [3] NCCL INFO NET/IB : Using [0]mlx5_0:1/RoCE [1]mlx5_1:1/RoCE [RO]; OOB bond0:10.140.58.40<0>
x3015c0s37b1n0:467:467 [3] NCCL INFO Using network IB
x3015c0s1b0n0:62368:62368 [1] NCCL INFO NET/IB : Using [0]mlx5_0:1/RoCE [1]mlx5_1:1/RoCE [RO]; OOB bond0:10.140.58.27<0>
x3015c0s1b0n0:62368:62368 [1] NCCL INFO Using network IB
x3015c0s1b0n0:62369:62369 [2] NCCL INFO NET/IB : Using [0]mlx5_0:1/RoCE [1]mlx5_1:1/RoCE [RO]; OOB bond0:10.140.58.27<0>
x3015c0s1b0n0:62369:62369 [2] NCCL INFO Using network IB
x3012c0s7b0n0:35236:35236 [3] NCCL INFO NET/IB : Using [0]mlx5_0:1/RoCE [1]mlx5_1:1/RoCE [RO]; OOB bond0:10.140.57.218<0>
x3012c0s7b0n0:35236:35236 [3] NCCL INFO Using network IB
x3015c0s31b0n0:1152:1152 [3] NCCL INFO Bootstrap : Using bond0:10.140.58.39<0>
x3015c0s31b0n0:1149:1149 [1] NCCL INFO Bootstrap : Using bond0:10.140.58.39<0>
x3015c0s31b0n0:1149:1149 [1] NCCL INFO NET/Plugin : No plugin found (libnccl-net.so), using internal implementation
x3015c0s31b0n0:1152:1152 [3] NCCL INFO NET/Plugin : No plugin found (libnccl-net.so), using internal implementation
x3015c0s37b1n0:465:465 [1] NCCL INFO NET/IB : Using [0]mlx5_0:1/RoCE [1]mlx5_1:1/RoCE [RO]; OOB bond0:10.140.58.40<0>
x3015c0s37b1n0:465:465 [1] NCCL INFO Using network IB
x3012c0s37b0n0:38234:38234 [0] NCCL INFO NET/IB : Using [0]mlx5_0:1/RoCE [1]mlx5_1:1/RoCE [RO]; OOB bond0:10.140.57.239<0>
x3012c0s37b0n0:38234:38234 [0] NCCL INFO Using network IB
x3015c0s31b0n0:1147:1147 [0] NCCL INFO Bootstrap : Using bond0:10.140.58.39<0>
x3015c0s31b0n0:1151:1151 [2] NCCL INFO Bootstrap : Using bond0:10.140.58.39<0>
x3015c0s31b0n0:1151:1151 [2] NCCL INFO NET/Plugin : No plugin found (libnccl-net.so), using internal implementation
x3015c0s31b0n0:1147:1147 [0] NCCL INFO NET/Plugin : No plugin found (libnccl-net.so), using internal implementation
x3012c0s37b0n0:38236:38236 [2] NCCL INFO NET/IB : Using [0]mlx5_0:1/RoCE [1]mlx5_1:1/RoCE [RO]; OOB bond0:10.140.57.239<0>
x3012c0s37b0n0:38236:38236 [2] NCCL INFO Using network IB
x3012c0s37b0n0:38235:38235 [1] NCCL INFO NET/IB : Using [0]mlx5_0:1/RoCE [1]mlx5_1:1/RoCE [RO]; OOB bond0:10.140.57.239<0>
x3012c0s37b0n0:38235:38235 [1] NCCL INFO Using network IB
x3012c0s37b0n0:38237:38237 [3] NCCL INFO NET/IB : Using [0]mlx5_0:1/RoCE [1]mlx5_1:1/RoCE [RO]; OOB bond0:10.140.57.239<0>
x3012c0s37b0n0:38237:38237 [3] NCCL INFO Using network IB
x3012c0s37b1n0:35647:35647 [0] NCCL INFO NET/IB : Using [0]mlx5_0:1/RoCE [1]mlx5_1:1/RoCE [RO]; OOB bond0:10.140.57.237<0>
x3012c0s37b1n0:35647:35647 [0] NCCL INFO Using network IB
x3012c0s37b1n0:35648:35648 [1] NCCL INFO NET/IB : Using [0]mlx5_0:1/RoCE [1]mlx5_1:1/RoCE [RO]; OOB bond0:10.140.57.237<0>
x3012c0s37b1n0:35648:35648 [1] NCCL INFO Using network IB
x3012c0s37b1n0:35649:35649 [2] NCCL INFO NET/IB : Using [0]mlx5_0:1/RoCE [1]mlx5_1:1/RoCE [RO]; OOB bond0:10.140.57.237<0>
x3012c0s37b1n0:35649:35649 [2] NCCL INFO Using network IB
x3012c0s37b1n0:35651:35651 [3] NCCL INFO NET/IB : Using [0]mlx5_0:1/RoCE [1]mlx5_1:1/RoCE [RO]; OOB bond0:10.140.57.237<0>
x3012c0s37b1n0:35651:35651 [3] NCCL INFO Using network IB
x3015c0s31b0n0:1151:1151 [2] NCCL INFO NET/IB : Using [0]mlx5_0:1/RoCE [1]mlx5_1:1/RoCE [RO]; OOB bond0:10.140.58.39<0>
x3015c0s31b0n0:1151:1151 [2] NCCL INFO Using network IB
x3015c0s31b0n0:1147:1147 [0] NCCL INFO NET/IB : Using [0]mlx5_0:1/RoCE [1]mlx5_1:1/RoCE [RO]; OOB bond0:10.140.58.39<0>
x3015c0s31b0n0:1147:1147 [0] NCCL INFO Using network IB
x3015c0s37b0n0:9990:9990 [2] NCCL INFO Bootstrap : Using bond0:10.140.58.45<0>
x3015c0s37b0n0:9991:9991 [3] NCCL INFO Bootstrap : Using bond0:10.140.58.45<0>
x3015c0s37b0n0:9988:9988 [0] NCCL INFO Bootstrap : Using bond0:10.140.58.45<0>
x3015c0s37b0n0:9989:9989 [1] NCCL INFO Bootstrap : Using bond0:10.140.58.45<0>
x3015c0s37b0n0:9989:9989 [1] NCCL INFO NET/Plugin : No plugin found (libnccl-net.so), using internal implementation
x3015c0s37b0n0:9988:9988 [0] NCCL INFO NET/Plugin : No plugin found (libnccl-net.so), using internal implementation
x3015c0s37b0n0:9990:9990 [2] NCCL INFO NET/Plugin : No plugin found (libnccl-net.so), using internal implementation
x3015c0s37b0n0:9991:9991 [3] NCCL INFO NET/Plugin : No plugin found (libnccl-net.so), using internal implementation
x3015c0s31b0n0:1149:1149 [1] NCCL INFO NET/IB : Using [0]mlx5_0:1/RoCE [1]mlx5_1:1/RoCE [RO]; OOB bond0:10.140.58.39<0>
x3015c0s31b0n0:1149:1149 [1] NCCL INFO Using network IB
x3015c0s31b0n0:1152:1152 [3] NCCL INFO NET/IB : Using [0]mlx5_0:1/RoCE [1]mlx5_1:1/RoCE [RO]; OOB bond0:10.140.58.39<0>
x3015c0s31b0n0:1152:1152 [3] NCCL INFO Using network IB
x3012c0s7b1n0:31622:31622 [2] NCCL INFO Bootstrap : Using bond0:10.140.57.225<0>
x3012c0s7b1n0:31622:31622 [2] NCCL INFO NET/Plugin : No plugin found (libnccl-net.so), using internal implementation
x3012c0s7b1n0:31623:31623 [3] NCCL INFO Bootstrap : Using bond0:10.140.57.225<0>
x3012c0s7b1n0:31623:31623 [3] NCCL INFO NET/Plugin : No plugin found (libnccl-net.so), using internal implementation
x3015c0s31b1n0:10178:10178 [1] NCCL INFO Bootstrap : Using bond0:10.140.58.44<0>
x3015c0s1b1n0:61461:61461 [2] NCCL INFO Bootstrap : Using bond0:10.140.58.28<0>
x3012c0s7b1n0:31621:31621 [1] NCCL INFO Bootstrap : Using bond0:10.140.57.225<0>
x3015c0s31b1n0:10178:10178 [1] NCCL INFO NET/Plugin : No plugin found (libnccl-net.so), using internal implementation
x3012c0s7b1n0:31621:31621 [1] NCCL INFO NET/Plugin : No plugin found (libnccl-net.so), using internal implementation
x3015c0s1b1n0:61461:61461 [2] NCCL INFO NET/Plugin : No plugin found (libnccl-net.so), using internal implementation
x3012c0s7b1n0:31619:31619 [0] NCCL INFO Bootstrap : Using bond0:10.140.57.225<0>
x3012c0s7b1n0:31619:31619 [0] NCCL INFO NET/Plugin : No plugin found (libnccl-net.so), using internal implementation
x3015c0s37b0n0:9988:9988 [0] NCCL INFO NET/IB : Using [0]mlx5_0:1/RoCE [1]mlx5_1:1/RoCE [RO]; OOB bond0:10.140.58.45<0>
x3015c0s37b0n0:9988:9988 [0] NCCL INFO Using network IB
x3015c0s37b0n0:9989:9989 [1] NCCL INFO NET/IB : Using [0]mlx5_0:1/RoCE [1]mlx5_1:1/RoCE [RO]; OOB bond0:10.140.58.45<0>
x3015c0s37b0n0:9989:9989 [1] NCCL INFO Using network IB
x3015c0s37b0n0:9990:9990 [2] NCCL INFO NET/IB : Using [0]mlx5_0:1/RoCE [1]mlx5_1:1/RoCE [RO]; OOB bond0:10.140.58.45<0>
x3015c0s37b0n0:9990:9990 [2] NCCL INFO Using network IB
x3015c0s1b1n0:61458:61458 [0] NCCL INFO Bootstrap : Using bond0:10.140.58.28<0>
x3015c0s1b1n0:61458:61458 [0] NCCL INFO NET/Plugin : No plugin found (libnccl-net.so), using internal implementation
x3015c0s37b0n0:9991:9991 [3] NCCL INFO NET/IB : Using [0]mlx5_0:1/RoCE [1]mlx5_1:1/RoCE [RO]; OOB bond0:10.140.58.45<0>
x3015c0s37b0n0:9991:9991 [3] NCCL INFO Using network IB
x3015c0s1b1n0:61460:61460 [1] NCCL INFO Bootstrap : Using bond0:10.140.58.28<0>
x3015c0s1b1n0:61462:61462 [3] NCCL INFO Bootstrap : Using bond0:10.140.58.28<0>
x3015c0s1b1n0:61462:61462 [3] NCCL INFO NET/Plugin : No plugin found (libnccl-net.so), using internal implementation
x3015c0s1b1n0:61460:61460 [1] NCCL INFO NET/Plugin : No plugin found (libnccl-net.so), using internal implementation
x3015c0s31b1n0:10180:10180 [3] NCCL INFO Bootstrap : Using bond0:10.140.58.44<0>
x3015c0s31b1n0:10180:10180 [3] NCCL INFO NET/Plugin : No plugin found (libnccl-net.so), using internal implementation
x3012c0s7b1n0:31619:31619 [0] NCCL INFO NET/IB : Using [0]mlx5_0:1/RoCE [1]mlx5_1:1/RoCE [RO]; OOB bond0:10.140.57.225<0>
x3012c0s7b1n0:31619:31619 [0] NCCL INFO Using network IB
x3012c0s7b1n0:31621:31621 [1] NCCL INFO NET/IB : Using [0]mlx5_0:1/RoCE [1]mlx5_1:1/RoCE [RO]; OOB bond0:10.140.57.225<0>
x3012c0s7b1n0:31621:31621 [1] NCCL INFO Using network IB
x3015c0s31b1n0:10179:10179 [2] NCCL INFO Bootstrap : Using bond0:10.140.58.44<0>
x3015c0s31b1n0:10179:10179 [2] NCCL INFO NET/Plugin : No plugin found (libnccl-net.so), using internal implementation
x3015c0s31b1n0:10177:10177 [0] NCCL INFO Bootstrap : Using bond0:10.140.58.44<0>
x3015c0s31b1n0:10177:10177 [0] NCCL INFO NET/Plugin : No plugin found (libnccl-net.so), using internal implementation
x3015c0s7b0n0:63260:63260 [2] NCCL INFO Bootstrap : Using bond0:10.140.58.24<0>
x3015c0s1b1n0:61458:61458 [0] NCCL INFO NET/IB : Using [0]mlx5_0:1/RoCE [1]mlx5_1:1/RoCE [RO]; OOB bond0:10.140.58.28<0>
x3015c0s1b1n0:61458:61458 [0] NCCL INFO Using network IB
x3015c0s1b1n0:61460:61460 [1] NCCL INFO NET/IB : Using [0]mlx5_0:1/RoCE [1]mlx5_1:1/RoCE [RO]; OOB bond0:10.140.58.28<0>
x3015c0s1b1n0:61460:61460 [1] NCCL INFO Using network IB
x3015c0s7b0n0:63260:63260 [2] NCCL INFO NET/Plugin : No plugin found (libnccl-net.so), using internal implementation
x3015c0s1b1n0:61462:61462 [3] NCCL INFO NET/IB : Using [0]mlx5_0:1/RoCE [1]mlx5_1:1/RoCE [RO]; OOB bond0:10.140.58.28<0>
x3015c0s1b1n0:61462:61462 [3] NCCL INFO Using network IB
x3015c0s7b0n0:63259:63259 [1] NCCL INFO Bootstrap : Using bond0:10.140.58.24<0>
x3015c0s7b0n0:63259:63259 [1] NCCL INFO NET/Plugin : No plugin found (libnccl-net.so), using internal implementation
x3015c0s31b1n0:10180:10180 [3] NCCL INFO NET/IB : Using [0]mlx5_0:1/RoCE [1]mlx5_1:1/RoCE [RO]; OOB bond0:10.140.58.44<0>
x3015c0s31b1n0:10180:10180 [3] NCCL INFO Using network IB
x3015c0s7b0n0:63261:63261 [3] NCCL INFO Bootstrap : Using bond0:10.140.58.24<0>
x3015c0s7b0n0:63261:63261 [3] NCCL INFO NET/Plugin : No plugin found (libnccl-net.so), using internal implementation
x3015c0s31b1n0:10179:10179 [2] NCCL INFO NET/IB : Using [0]mlx5_0:1/RoCE [1]mlx5_1:1/RoCE [RO]; OOB bond0:10.140.58.44<0>
x3015c0s31b1n0:10179:10179 [2] NCCL INFO Using network IB
x3015c0s7b0n0:63258:63258 [0] NCCL INFO Bootstrap : Using bond0:10.140.58.24<0>
x3015c0s7b0n0:63258:63258 [0] NCCL INFO NET/Plugin : No plugin found (libnccl-net.so), using internal implementation
x3015c0s31b1n0:10177:10177 [0] NCCL INFO NET/IB : Using [0]mlx5_0:1/RoCE [1]mlx5_1:1/RoCE [RO]; OOB bond0:10.140.58.44<0>
x3015c0s31b1n0:10177:10177 [0] NCCL INFO Using network IB
x3012c0s31b1n0:38710:38710 [3] NCCL INFO Bootstrap : Using bond0:10.140.57.238<0>
x3012c0s31b1n0:38710:38710 [3] NCCL INFO NET/Plugin : No plugin found (libnccl-net.so), using internal implementation
x3012c0s31b1n0:38708:38708 [1] NCCL INFO Bootstrap : Using bond0:10.140.57.238<0>
x3012c0s31b1n0:38709:38709 [2] NCCL INFO Bootstrap : Using bond0:10.140.57.238<0>
x3012c0s31b1n0:38709:38709 [2] NCCL INFO NET/Plugin : No plugin found (libnccl-net.so), using internal implementation
x3015c0s7b0n0:63258:63258 [0] NCCL INFO NET/IB : Using [0]mlx5_0:1/RoCE [1]mlx5_1:1/RoCE [RO]; OOB bond0:10.140.58.24<0>
x3015c0s7b0n0:63258:63258 [0] NCCL INFO Using network IB
x3015c0s7b0n0:63261:63261 [3] NCCL INFO NET/IB : Using [0]mlx5_0:1/RoCE [1]mlx5_1:1/RoCE [RO]; OOB bond0:10.140.58.24<0>
x3015c0s7b0n0:63261:63261 [3] NCCL INFO Using network IB
x3012c0s31b1n0:38708:38708 [1] NCCL INFO NET/Plugin : No plugin found (libnccl-net.so), using internal implementation
x3012c0s31b1n0:38707:38707 [0] NCCL INFO Bootstrap : Using bond0:10.140.57.238<0>
x3012c0s31b1n0:38707:38707 [0] NCCL INFO NET/Plugin : No plugin found (libnccl-net.so), using internal implementation
x3012c0s7b1n0:31622:31622 [2] NCCL INFO NET/IB : Using [0]mlx5_0:1/RoCE [1]mlx5_1:1/RoCE [RO]; OOB bond0:10.140.57.225<0>
x3012c0s7b1n0:31622:31622 [2] NCCL INFO Using network IB
x3012c0s7b1n0:31623:31623 [3] NCCL INFO NET/IB : Using [0]mlx5_0:1/RoCE [1]mlx5_1:1/RoCE [RO]; OOB bond0:10.140.57.225<0>
x3012c0s7b1n0:31623:31623 [3] NCCL INFO Using network IB
x3015c0s31b1n0:10178:10178 [1] NCCL INFO NET/IB : Using [0]mlx5_0:1/RoCE [1]mlx5_1:1/RoCE [RO]; OOB bond0:10.140.58.44<0>
x3015c0s31b1n0:10178:10178 [1] NCCL INFO Using network IB
x3015c0s1b1n0:61461:61461 [2] NCCL INFO NET/IB : Using [0]mlx5_0:1/RoCE [1]mlx5_1:1/RoCE [RO]; OOB bond0:10.140.58.28<0>
x3015c0s1b1n0:61461:61461 [2] NCCL INFO Using network IB
x3012c0s31b1n0:38707:38707 [0] NCCL INFO NET/IB : Using [0]mlx5_0:1/RoCE [1]mlx5_1:1/RoCE [RO]; OOB bond0:10.140.57.238<0>
x3012c0s31b1n0:38707:38707 [0] NCCL INFO Using network IB
x3012c0s31b1n0:38708:38708 [1] NCCL INFO NET/IB : Using [0]mlx5_0:1/RoCE [1]mlx5_1:1/RoCE [RO]; OOB bond0:10.140.57.238<0>
x3012c0s31b1n0:38708:38708 [1] NCCL INFO Using network IB
x3012c0s31b1n0:38709:38709 [2] NCCL INFO NET/IB : Using [0]mlx5_0:1/RoCE [1]mlx5_1:1/RoCE [RO]; OOB bond0:10.140.57.238<0>
x3012c0s31b1n0:38709:38709 [2] NCCL INFO Using network IB
x3015c0s7b0n0:63260:63260 [2] NCCL INFO NET/IB : Using [0]mlx5_0:1/RoCE [1]mlx5_1:1/RoCE [RO]; OOB bond0:10.140.58.24<0>
x3015c0s7b0n0:63260:63260 [2] NCCL INFO Using network IB
x3015c0s7b0n0:63259:63259 [1] NCCL INFO NET/IB : Using [0]mlx5_0:1/RoCE [1]mlx5_1:1/RoCE [RO]; OOB bond0:10.140.58.24<0>
x3015c0s7b0n0:63259:63259 [1] NCCL INFO Using network IB
x3012c0s31b1n0:38710:38710 [3] NCCL INFO NET/IB : Using [0]mlx5_0:1/RoCE [1]mlx5_1:1/RoCE [RO]; OOB bond0:10.140.57.238<0>
x3012c0s31b1n0:38710:38710 [3] NCCL INFO Using network IB
x3012c0s25b1n0:18339:18372 [3] NCCL INFO Setting affinity for GPU 3 to 08,00000008
x3015c0s25b0n0:18008:18042 [3] NCCL INFO Setting affinity for GPU 3 to 08,00000008
x3012c0s37b1n0:35651:35681 [3] NCCL INFO Setting affinity for GPU 3 to 08,00000008
x3015c0s37b1n0:467:500 [3] NCCL INFO Setting affinity for GPU 3 to 08,00000008
x3012c0s31b0n0:40572:40607 [3] NCCL INFO Setting affinity for GPU 3 to 08,00000008
x3015c0s1b1n0:61462:61492 [3] NCCL INFO Setting affinity for GPU 3 to 08,00000008
x3012c0s31b1n0:38710:38746 [3] NCCL INFO Setting affinity for GPU 3 to 08,00000008
x3015c0s31b1n0:10180:10208 [3] NCCL INFO Setting affinity for GPU 3 to 08,00000008
x3012c0s37b0n0:38237:38270 [3] NCCL INFO Setting affinity for GPU 3 to 08,00000008
x3015c0s7b0n0:63261:63289 [3] NCCL INFO Setting affinity for GPU 3 to 08,00000008
x3015c0s25b1n0:4326:4359 [3] NCCL INFO Setting affinity for GPU 3 to 08,00000008
x3015c0s1b0n0:62370:62397 [3] NCCL INFO Setting affinity for GPU 3 to 08,00000008
x3015c0s37b0n0:9991:10022 [3] NCCL INFO Setting affinity for GPU 3 to 08,00000008
x3015c0s31b0n0:1152:1183 [3] NCCL INFO Setting affinity for GPU 3 to 08,00000008
x3012c0s7b1n0:31623:31657 [3] NCCL INFO Setting affinity for GPU 3 to 08,00000008
x3012c0s7b0n0:35236:35271 [3] NCCL INFO Setting affinity for GPU 3 to 08,00000008
x3012c0s7b1n0:31619:31651 [0] NCCL INFO Trees [0] 25/28/-1->24->16 [1] 25/28/-1->24->16 [2] 25/-1/-1->24->21 [3] 25/-1/-1->24->21
x3012c0s7b1n0:31621:31650 [1] NCCL INFO Trees [0] 26/20/-1->25->24 [1] 26/20/-1->25->24 [2] 26/-1/-1->25->24 [3] 26/-1/-1->25->24
x3012c0s7b0n0:35236:35271 [3] NCCL INFO Trees [0] -1/-1/-1->23->22 [1] -1/-1/-1->23->22 [2] -1/-1/-1->23->22 [3] -1/-1/-1->23->22
x3012c0s7b1n0:31622:31656 [2] NCCL INFO Trees [0] 27/-1/-1->26->25 [1] 27/-1/-1->26->25 [2] 27/-1/-1->26->25 [3] 27/-1/-1->26->25
x3015c0s1b0n0:62367:62398 [0] NCCL INFO Trees [0] 29/-1/-1->28->24 [1] 29/-1/-1->28->24 [2] 29/12/-1->28->60 [3] 29/12/-1->28->60
x3012c0s7b0n0:35233:35267 [0] NCCL INFO Trees [0] 21/-1/-1->20->25 [1] 21/-1/-1->20->25 [2] 21/16/-1->20->13 [3] 21/16/-1->20->13
x3012c0s7b1n0:31623:31657 [3] NCCL INFO Trees [0] -1/-1/-1->27->26 [1] -1/-1/-1->27->26 [2] -1/-1/-1->27->26 [3] -1/-1/-1->27->26
x3015c0s1b0n0:62368:62404 [1] NCCL INFO Trees [0] 30/-1/-1->29->28 [1] 30/-1/-1->29->28 [2] 30/44/-1->29->28 [3] 30/44/-1->29->28
x3012c0s7b0n0:35234:35268 [1] NCCL INFO Trees [0] 22/-1/-1->21->20 [1] 22/-1/-1->21->20 [2] 22/24/-1->21->20 [3] 22/24/-1->21->20
x3015c0s1b0n0:62369:62403 [2] NCCL INFO Trees [0] 31/-1/-1->30->29 [1] 31/-1/-1->30->29 [2] 31/-1/-1->30->29 [3] 31/-1/-1->30->29
x3015c0s1b1n0:61458:61491 [0] NCCL INFO Trees [0] 33/48/-1->32->0 [1] 33/48/-1->32->0 [2] 33/-1/-1->32->36 [3] 33/-1/-1->32->36
x3012c0s7b0n0:35235:35266 [2] NCCL INFO Trees [0] 23/-1/-1->22->21 [1] 23/-1/-1->22->21 [2] 23/-1/-1->22->21 [3] 23/-1/-1->22->21
x3015c0s1b0n0:62370:62397 [3] NCCL INFO Trees [0] -1/-1/-1->31->30 [1] -1/-1/-1->31->30 [2] -1/-1/-1->31->30 [3] -1/-1/-1->31->30
x3015c0s1b1n0:61460:61490 [1] NCCL INFO Trees [0] 34/16/-1->33->32 [1] 34/16/-1->33->32 [2] 34/-1/-1->33->32 [3] 34/-1/-1->33->32
x3012c0s25b1n0:18339:18372 [3] NCCL INFO Trees [0] -1/-1/-1->3->2 [1] -1/-1/-1->3->2 [2] -1/-1/-1->3->2 [3] -1/-1/-1->3->2
x3012c0s37b0n0:38236:38268 [2] NCCL INFO Trees [0] 15/-1/-1->14->13 [1] 15/-1/-1->14->13 [2] 15/-1/-1->14->13 [3] 15/-1/-1->14->13
x3012c0s37b1n0:35647:35683 [0] NCCL INFO Trees [0] 17/24/-1->16->33 [1] 17/24/-1->16->33 [2] 17/-1/-1->16->20 [3] 17/-1/-1->16->20
x3015c0s1b1n0:61461:61495 [2] NCCL INFO Trees [0] 35/-1/-1->34->33 [1] 35/-1/-1->34->33 [2] 35/-1/-1->34->33 [3] 35/-1/-1->34->33
x3015c0s25b0n0:18005:18040 [0] NCCL INFO Trees [0] 37/-1/-1->36->41 [1] 37/-1/-1->36->41 [2] 37/32/-1->36->44 [3] 37/32/-1->36->44
x3015c0s31b0n0:1147:1178 [0] NCCL INFO Trees [0] 45/-1/-1->44->40 [1] 45/-1/-1->44->40 [2] 45/36/-1->44->29 [3] 45/36/-1->44->29
x3012c0s25b1n0:18336:18364 [0] NCCL INFO Channel 00/04 :    0   2   3   5   4   6   7   9   8  10  11  13  12  14  15  17  16  18  19  21
x3012c0s25b1n0:18336:18364 [0] NCCL INFO Channel 01/04 :    0   2   3   5   4   6   7   9   8  10  11  13  12  14  15  17  16  18  19  21
x3012c0s25b1n0:18336:18364 [0] NCCL INFO Channel 02/04 :    0   2   3   5   4   6   7   9   8  10  11  13  12  14  15  17  16  18  19  21
x3012c0s25b1n0:18336:18364 [0] NCCL INFO Channel 03/04 :    0   2   3   5   4   6   7   9   8  10  11  13  12  14  15  17  16  18  19  21
x3012c0s25b1n0:18336:18364 [0] NCCL INFO Trees [0] 1/32/-1->0->-1 [1] 1/32/-1->0->-1 [2] 1/-1/-1->0->4 [3] 1/-1/-1->0->4
x3012c0s31b0n0:40569:40606 [0] NCCL INFO Trees [0] 5/-1/-1->4->9 [1] 5/-1/-1->4->9 [2] 5/0/-1->4->12 [3] 5/0/-1->4->12
x3012c0s37b0n0:38237:38270 [3] NCCL INFO Trees [0] -1/-1/-1->15->14 [1] -1/-1/-1->15->14 [2] -1/-1/-1->15->14 [3] -1/-1/-1->15->14
x3012c0s37b1n0:35648:35682 [1] NCCL INFO Trees [0] 18/8/-1->17->16 [1] 18/8/-1->17->16 [2] 18/-1/-1->17->16 [3] 18/-1/-1->17->16
x3015c0s1b1n0:61462:61492 [3] NCCL INFO Trees [0] -1/-1/-1->35->34 [1] -1/-1/-1->35->34 [2] -1/-1/-1->35->34 [3] -1/-1/-1->35->34
x3015c0s25b0n0:18006:18039 [1] NCCL INFO Trees [0] 38/-1/-1->37->36 [1] 38/-1/-1->37->36 [2] 38/40/-1->37->36 [3] 38/40/-1->37->36
x3015c0s25b1n0:4321:4356 [0] NCCL INFO Trees [0] 41/44/-1->40->49 [1] 41/44/-1->40->49 [2] 41/-1/-1->40->37 [3] 41/-1/-1->40->37
x3015c0s31b0n0:1149:1184 [1] NCCL INFO Trees [0] 46/-1/-1->45->44 [1] 46/-1/-1->45->44 [2] 46/52/-1->45->44 [3] 46/52/-1->45->44
x3015c0s37b0n0:9990:10023 [2] NCCL INFO Trees [0] 55/-1/-1->54->53 [1] 55/-1/-1->54->53 [2] 55/-1/-1->54->53 [3] 55/-1/-1->54->53
x3015c0s37b1n0:465:503 [1] NCCL INFO Trees [0] 58/52/-1->57->56 [1] 58/52/-1->57->56 [2] 58/-1/-1->57->56 [3] 58/-1/-1->57->56
x3012c0s25b1n0:18337:18373 [1] NCCL INFO Trees [0] 2/-1/-1->1->0 [1] 2/-1/-1->1->0 [2] 2/-1/-1->1->0 [3] 2/-1/-1->1->0
x3012c0s31b0n0:40570:40604 [1] NCCL INFO Trees [0] 6/-1/-1->5->4 [1] 6/-1/-1->5->4 [2] 6/8/-1->5->4 [3] 6/8/-1->5->4
x3012c0s31b1n0:38708:38743 [1] NCCL INFO Trees [0] 10/4/-1->9->8 [1] 10/4/-1->9->8 [2] 10/-1/-1->9->8 [3] 10/-1/-1->9->8
x3012c0s37b0n0:38234:38265 [0] NCCL INFO Trees [0] 13/-1/-1->12->8 [1] 13/-1/-1->12->8 [2] 13/4/-1->12->28 [3] 13/4/-1->12->28
x3012c0s37b1n0:35649:35684 [2] NCCL INFO Trees [0] 19/-1/-1->18->17 [1] 19/-1/-1->18->17 [2] 19/-1/-1->18->17 [3] 19/-1/-1->18->17
x3015c0s25b0n0:18007:18038 [2] NCCL INFO Trees [0] 39/-1/-1->38->37 [1] 39/-1/-1->38->37 [2] 39/-1/-1->38->37 [3] 39/-1/-1->38->37
x3015c0s25b1n0:4323:4354 [1] NCCL INFO Trees [0] 42/36/-1->41->40 [1] 42/36/-1->41->40 [2] 42/-1/-1->41->40 [3] 42/-1/-1->41->40
x3015c0s31b0n0:1151:1177 [2] NCCL INFO Trees [0] 47/-1/-1->46->45 [1] 47/-1/-1->46->45 [2] 47/-1/-1->46->45 [3] 47/-1/-1->46->45
x3015c0s31b1n0:10177:10212 [0] NCCL INFO Trees [0] 49/56/-1->48->32 [1] 49/56/-1->48->32 [2] 49/-1/-1->48->52 [3] 49/-1/-1->48->52
x3015c0s37b0n0:9991:10022 [3] NCCL INFO Trees [0] -1/-1/-1->55->54 [1] -1/-1/-1->55->54 [2] -1/-1/-1->55->54 [3] -1/-1/-1->55->54
x3015c0s37b1n0:466:498 [2] NCCL INFO Trees [0] 59/-1/-1->58->57 [1] 59/-1/-1->58->57 [2] 59/-1/-1->58->57 [3] 59/-1/-1->58->57
x3015c0s7b0n0:63258:63290 [0] NCCL INFO Trees [0] 61/-1/-1->60->56 [1] 61/-1/-1->60->56 [2] 61/28/-1->60->-1 [3] 61/28/-1->60->-1
x3012c0s25b1n0:18338:18371 [2] NCCL INFO Trees [0] 3/-1/-1->2->1 [1] 3/-1/-1->2->1 [2] 3/-1/-1->2->1 [3] 3/-1/-1->2->1
x3012c0s31b0n0:40571:40605 [2] NCCL INFO Trees [0] 7/-1/-1->6->5 [1] 7/-1/-1->6->5 [2] 7/-1/-1->6->5 [3] 7/-1/-1->6->5
x3012c0s31b1n0:38709:38742 [2] NCCL INFO Trees [0] 11/-1/-1->10->9 [1] 11/-1/-1->10->9 [2] 11/-1/-1->10->9 [3] 11/-1/-1->10->9
x3012c0s37b0n0:38235:38271 [1] NCCL INFO Trees [0] 14/-1/-1->13->12 [1] 14/-1/-1->13->12 [2] 14/20/-1->13->12 [3] 14/20/-1->13->12
x3012c0s37b1n0:35651:35681 [3] NCCL INFO Trees [0] -1/-1/-1->19->18 [1] -1/-1/-1->19->18 [2] -1/-1/-1->19->18 [3] -1/-1/-1->19->18
x3015c0s25b0n0:18008:18042 [3] NCCL INFO Trees [0] -1/-1/-1->39->38 [1] -1/-1/-1->39->38 [2] -1/-1/-1->39->38 [3] -1/-1/-1->39->38
x3015c0s25b1n0:4324:4355 [2] NCCL INFO Trees [0] 43/-1/-1->42->41 [1] 43/-1/-1->42->41 [2] 43/-1/-1->42->41 [3] 43/-1/-1->42->41
x3015c0s31b0n0:1152:1183 [3] NCCL INFO Trees [0] -1/-1/-1->47->46 [1] -1/-1/-1->47->46 [2] -1/-1/-1->47->46 [3] -1/-1/-1->47->46
x3015c0s31b1n0:10178:10215 [1] NCCL INFO Trees [0] 50/40/-1->49->48 [1] 50/40/-1->49->48 [2] 50/-1/-1->49->48 [3] 50/-1/-1->49->48
x3015c0s37b0n0:9988:10025 [0] NCCL INFO Trees [0] 53/-1/-1->52->57 [1] 53/-1/-1->52->57 [2] 53/48/-1->52->45 [3] 53/48/-1->52->45
x3015c0s37b1n0:467:500 [3] NCCL INFO Trees [0] -1/-1/-1->59->58 [1] -1/-1/-1->59->58 [2] -1/-1/-1->59->58 [3] -1/-1/-1->59->58
x3015c0s7b0n0:63259:63296 [1] NCCL INFO Trees [0] 62/-1/-1->61->60 [1] 62/-1/-1->61->60 [2] 62/-1/-1->61->60 [3] 62/-1/-1->61->60
x3012c0s31b0n0:40572:40607 [3] NCCL INFO Trees [0] -1/-1/-1->7->6 [1] -1/-1/-1->7->6 [2] -1/-1/-1->7->6 [3] -1/-1/-1->7->6
x3012c0s31b1n0:38710:38746 [3] NCCL INFO Trees [0] -1/-1/-1->11->10 [1] -1/-1/-1->11->10 [2] -1/-1/-1->11->10 [3] -1/-1/-1->11->10
x3015c0s25b1n0:4326:4359 [3] NCCL INFO Trees [0] -1/-1/-1->43->42 [1] -1/-1/-1->43->42 [2] -1/-1/-1->43->42 [3] -1/-1/-1->43->42
x3015c0s31b1n0:10179:10210 [2] NCCL INFO Trees [0] 51/-1/-1->50->49 [1] 51/-1/-1->50->49 [2] 51/-1/-1->50->49 [3] 51/-1/-1->50->49
x3015c0s37b0n0:9989:10024 [1] NCCL INFO Trees [0] 54/-1/-1->53->52 [1] 54/-1/-1->53->52 [2] 54/56/-1->53->52 [3] 54/56/-1->53->52
x3015c0s37b1n0:464:499 [0] NCCL INFO Trees [0] 57/60/-1->56->48 [1] 57/60/-1->56->48 [2] 57/-1/-1->56->53 [3] 57/-1/-1->56->53
x3015c0s7b0n0:63260:63293 [2] NCCL INFO Trees [0] 63/-1/-1->62->61 [1] 63/-1/-1->62->61 [2] 63/-1/-1->62->61 [3] 63/-1/-1->62->61
x3012c0s31b1n0:38707:38741 [0] NCCL INFO Trees [0] 9/12/-1->8->17 [1] 9/12/-1->8->17 [2] 9/-1/-1->8->5 [3] 9/-1/-1->8->5
x3015c0s31b1n0:10180:10208 [3] NCCL INFO Trees [0] -1/-1/-1->51->50 [1] -1/-1/-1->51->50 [2] -1/-1/-1->51->50 [3] -1/-1/-1->51->50
x3015c0s7b0n0:63261:63289 [3] NCCL INFO Trees [0] -1/-1/-1->63->62 [1] -1/-1/-1->63->62 [2] -1/-1/-1->63->62 [3] -1/-1/-1->63->62
x3015c0s25b0n0:18007:18038 [2] NCCL INFO Channel 00 : 38[85000] -> 39[c7000] via P2P/IPC/read
x3012c0s25b1n0:18338:18371 [2] NCCL INFO Channel 00 : 2[85000] -> 3[c7000] via P2P/IPC/read
x3015c0s25b0n0:18005:18040 [0] NCCL INFO Channel 00 : 36[7000] -> 38[85000] via P2P/IPC/read
x3015c0s1b0n0:62367:62398 [0] NCCL INFO Channel 00 : 28[7000] -> 30[85000] via P2P/IPC/read
x3015c0s1b0n0:62369:62403 [2] NCCL INFO Channel 00 : 30[85000] -> 31[c7000] via P2P/IPC/read
x3012c0s31b0n0:40569:40606 [0] NCCL INFO Channel 00 : 4[7000] -> 6[85000] via P2P/IPC/read
x3015c0s31b0n0:1147:1178 [0] NCCL INFO Channel 00 : 44[7000] -> 46[85000] via P2P/IPC/read
x3012c0s31b0n0:40571:40605 [2] NCCL INFO Channel 00 : 6[85000] -> 7[c7000] via P2P/IPC/read
x3012c0s7b0n0:35233:35267 [0] NCCL INFO Channel 00 : 20[7000] -> 22[85000] via P2P/IPC/read
x3015c0s31b0n0:1151:1177 [2] NCCL INFO Channel 00 : 46[85000] -> 47[c7000] via P2P/IPC/read
x3012c0s7b0n0:35235:35266 [2] NCCL INFO Channel 00 : 22[85000] -> 23[c7000] via P2P/IPC/read
x3015c0s25b1n0:4321:4356 [0] NCCL INFO Channel 00 : 40[7000] -> 42[85000] via P2P/IPC/read
x3012c0s37b0n0:38234:38265 [0] NCCL INFO Channel 00 : 12[7000] -> 14[85000] via P2P/IPC/read
x3015c0s25b1n0:4324:4355 [2] NCCL INFO Channel 00 : 42[85000] -> 43[c7000] via P2P/IPC/read
x3012c0s37b0n0:38236:38268 [2] NCCL INFO Channel 00 : 14[85000] -> 15[c7000] via P2P/IPC/read
x3012c0s25b1n0:18336:18364 [0] NCCL INFO Channel 00 : 0[7000] -> 2[85000] via P2P/IPC/read
x3012c0s7b1n0:31619:31651 [0] NCCL INFO Channel 00 : 24[7000] -> 26[85000] via P2P/IPC/read
x3012c0s7b1n0:31622:31656 [2] NCCL INFO Channel 00 : 26[85000] -> 27[c7000] via P2P/IPC/read
x3012c0s37b1n0:35647:35683 [0] NCCL INFO Channel 00 : 16[7000] -> 18[85000] via P2P/IPC/read
x3012c0s37b1n0:35649:35684 [2] NCCL INFO Channel 00 : 18[85000] -> 19[c7000] via P2P/IPC/read
x3015c0s31b1n0:10177:10212 [0] NCCL INFO Channel 00 : 48[7000] -> 50[85000] via P2P/IPC/read
x3015c0s31b1n0:10179:10210 [2] NCCL INFO Channel 00 : 50[85000] -> 51[c7000] via P2P/IPC/read
x3015c0s37b1n0:464:499 [0] NCCL INFO Channel 00 : 56[7000] -> 58[85000] via P2P/IPC/read
x3015c0s37b1n0:466:498 [2] NCCL INFO Channel 00 : 58[85000] -> 59[c7000] via P2P/IPC/read
x3012c0s31b1n0:38707:38741 [0] NCCL INFO Channel 00 : 8[7000] -> 10[85000] via P2P/IPC/read
x3012c0s31b1n0:38709:38742 [2] NCCL INFO Channel 00 : 10[85000] -> 11[c7000] via P2P/IPC/read
x3015c0s7b0n0:63258:63290 [0] NCCL INFO Channel 00 : 60[7000] -> 62[85000] via P2P/IPC/read
x3015c0s7b0n0:63260:63293 [2] NCCL INFO Channel 00 : 62[85000] -> 63[c7000] via P2P/IPC/read
x3015c0s1b1n0:61458:61491 [0] NCCL INFO Channel 00 : 32[7000] -> 34[85000] via P2P/IPC/read
x3015c0s1b1n0:61461:61495 [2] NCCL INFO Channel 00 : 34[85000] -> 35[c7000] via P2P/IPC/read
x3015c0s37b0n0:9988:10025 [0] NCCL INFO Channel 00 : 52[7000] -> 54[85000] via P2P/IPC/read
x3015c0s37b0n0:9990:10023 [2] NCCL INFO Channel 00 : 54[85000] -> 55[c7000] via P2P/IPC/read
x3012c0s31b0n0:40569:40606 [0] NCCL INFO Channel 01 : 4[7000] -> 6[85000] via P2P/IPC/read
x3015c0s1b0n0:62367:62398 [0] NCCL INFO Channel 01 : 28[7000] -> 30[85000] via P2P/IPC/read
x3015c0s1b0n0:62367:62398 [0] NCCL INFO Channel 02 : 28[7000] -> 30[85000] via P2P/IPC/read
x3015c0s1b0n0:62367:62398 [0] NCCL INFO Channel 03 : 28[7000] -> 30[85000] via P2P/IPC/read
x3012c0s7b0n0:35234:35268 [1] NCCL INFO Channel 00/0 : 19[c7000] -> 21[46000] [receive] via NET/IB/1
x3012c0s7b0n0:35235:35266 [2] NCCL INFO Channel 01 : 22[85000] -> 23[c7000] via P2P/IPC/read
x3012c0s7b0n0:35233:35267 [0] NCCL INFO Channel 01 : 20[7000] -> 22[85000] via P2P/IPC/read
x3015c0s31b0n0:1147:1178 [0] NCCL INFO Channel 01 : 44[7000] -> 46[85000] via P2P/IPC/read
x3015c0s31b0n0:1149:1184 [1] NCCL INFO Channel 00/0 : 43[c7000] -> 45[46000] [receive] via NET/IB/1
x3012c0s7b1n0:31621:31650 [1] NCCL INFO Channel 00/0 : 23[c7000] -> 25[46000] [receive] via NET/IB/1
x3015c0s1b1n0:61460:61490 [1] NCCL INFO Channel 00/0 : 31[c7000] -> 33[46000] [receive] via NET/IB/1
x3012c0s31b0n0:40570:40604 [1] NCCL INFO Channel 00/0 : 3[c7000] -> 5[46000] [receive] via NET/IB/1
x3015c0s25b0n0:18005:18040 [0] NCCL INFO Channel 01 : 36[7000] -> 38[85000] via P2P/IPC/read
x3015c0s25b0n0:18007:18038 [2] NCCL INFO Channel 01 : 38[85000] -> 39[c7000] via P2P/IPC/read
x3015c0s25b0n0:18005:18040 [0] NCCL INFO Channel 02 : 36[7000] -> 38[85000] via P2P/IPC/read
x3015c0s25b0n0:18007:18038 [2] NCCL INFO Channel 02 : 38[85000] -> 39[c7000] via P2P/IPC/read
x3015c0s25b0n0:18005:18040 [0] NCCL INFO Channel 03 : 36[7000] -> 38[85000] via P2P/IPC/read
x3015c0s25b0n0:18007:18038 [2] NCCL INFO Channel 03 : 38[85000] -> 39[c7000] via P2P/IPC/read
x3012c0s25b1n0:18338:18371 [2] NCCL INFO Channel 01 : 2[85000] -> 3[c7000] via P2P/IPC/read
x3015c0s7b0n0:63260:63293 [2] NCCL INFO Channel 01 : 62[85000] -> 63[c7000] via P2P/IPC/read
x3015c0s7b0n0:63260:63293 [2] NCCL INFO Channel 02 : 62[85000] -> 63[c7000] via P2P/IPC/read
x3015c0s7b0n0:63260:63293 [2] NCCL INFO Channel 03 : 62[85000] -> 63[c7000] via P2P/IPC/read
x3015c0s37b1n0:466:498 [2] NCCL INFO Channel 01 : 58[85000] -> 59[c7000] via P2P/IPC/read
x3015c0s37b1n0:466:498 [2] NCCL INFO Channel 02 : 58[85000] -> 59[c7000] via P2P/IPC/read
x3015c0s37b1n0:466:498 [2] NCCL INFO Channel 03 : 58[85000] -> 59[c7000] via P2P/IPC/read
x3012c0s7b1n0:31619:31651 [0] NCCL INFO Channel 01 : 24[7000] -> 26[85000] via P2P/IPC/read
x3012c0s7b1n0:31622:31656 [2] NCCL INFO Channel 01 : 26[85000] -> 27[c7000] via P2P/IPC/read
x3012c0s37b1n0:35648:35682 [1] NCCL INFO Channel 00/0 : 15[c7000] -> 17[46000] [receive] via NET/IB/1
x3015c0s37b0n0:9990:10023 [2] NCCL INFO Channel 01 : 54[85000] -> 55[c7000] via P2P/IPC/read
x3015c0s37b0n0:9990:10023 [2] NCCL INFO Channel 02 : 54[85000] -> 55[c7000] via P2P/IPC/read
x3015c0s37b0n0:9990:10023 [2] NCCL INFO Channel 03 : 54[85000] -> 55[c7000] via P2P/IPC/read
x3012c0s37b0n0:38236:38268 [2] NCCL INFO Channel 01 : 14[85000] -> 15[c7000] via P2P/IPC/read
x3012c0s37b0n0:38236:38268 [2] NCCL INFO Channel 02 : 14[85000] -> 15[c7000] via P2P/IPC/read
x3015c0s31b1n0:10179:10210 [2] NCCL INFO Channel 01 : 50[85000] -> 51[c7000] via P2P/IPC/read
x3015c0s37b1n0:464:499 [0] NCCL INFO Channel 01 : 56[7000] -> 58[85000] via P2P/IPC/read
x3012c0s37b0n0:38236:38268 [2] NCCL INFO Channel 03 : 14[85000] -> 15[c7000] via P2P/IPC/read
x3015c0s37b1n0:464:499 [0] NCCL INFO Channel 02 : 56[7000] -> 58[85000] via P2P/IPC/read
x3015c0s37b1n0:464:499 [0] NCCL INFO Channel 03 : 56[7000] -> 58[85000] via P2P/IPC/read
x3015c0s25b1n0:4321:4356 [0] NCCL INFO Channel 01 : 40[7000] -> 42[85000] via P2P/IPC/read
x3012c0s31b0n0:40570:40604 [1] NCCL INFO Channel 01/0 : 3[c7000] -> 5[46000] [receive] via NET/IB/0
x3012c0s31b0n0:40570:40604 [1] NCCL INFO Channel 02/0 : 3[c7000] -> 5[46000] [receive] via NET/IB/1
x3012c0s31b0n0:40570:40604 [1] NCCL INFO Channel 03/0 : 3[c7000] -> 5[46000] [receive] via NET/IB/0
x3015c0s25b0n0:18006:18039 [1] NCCL INFO Channel 00/0 : 35[c7000] -> 37[46000] [receive] via NET/IB/1
x3012c0s31b0n0:40571:40605 [2] NCCL INFO Channel 01 : 6[85000] -> 7[c7000] via P2P/IPC/read
x3012c0s37b0n0:38234:38265 [0] NCCL INFO Channel 01 : 12[7000] -> 14[85000] via P2P/IPC/read
x3012c0s37b0n0:38234:38265 [0] NCCL INFO Channel 02 : 12[7000] -> 14[85000] via P2P/IPC/read
x3012c0s37b0n0:38234:38265 [0] NCCL INFO Channel 03 : 12[7000] -> 14[85000] via P2P/IPC/read
x3015c0s1b0n0:62369:62403 [2] NCCL INFO Channel 01 : 30[85000] -> 31[c7000] via P2P/IPC/read
x3015c0s31b1n0:10177:10212 [0] NCCL INFO Channel 01 : 48[7000] -> 50[85000] via P2P/IPC/read
x3012c0s7b1n0:31622:31656 [2] NCCL INFO Channel 02 : 26[85000] -> 27[c7000] via P2P/IPC/read
x3012c0s7b1n0:31622:31656 [2] NCCL INFO Channel 03 : 26[85000] -> 27[c7000] via P2P/IPC/read
x3015c0s25b1n0:4321:4356 [0] NCCL INFO Channel 02 : 40[7000] -> 42[85000] via P2P/IPC/read
x3015c0s25b1n0:4321:4356 [0] NCCL INFO Channel 03 : 40[7000] -> 42[85000] via P2P/IPC/read
x3015c0s7b0n0:63259:63296 [1] NCCL INFO Channel 00/0 : 59[c7000] -> 61[46000] [receive] via NET/IB/1
x3012c0s25b1n0:18336:18364 [0] NCCL INFO Channel 01 : 0[7000] -> 2[85000] via P2P/IPC/read
x3015c0s7b0n0:63258:63290 [0] NCCL INFO Channel 01 : 60[7000] -> 62[85000] via P2P/IPC/read
x3015c0s25b1n0:4324:4355 [2] NCCL INFO Channel 01 : 42[85000] -> 43[c7000] via P2P/IPC/read
x3012c0s31b1n0:38709:38742 [2] NCCL INFO Channel 01 : 10[85000] -> 11[c7000] via P2P/IPC/read
x3015c0s1b1n0:61458:61491 [0] NCCL INFO Channel 01 : 32[7000] -> 34[85000] via P2P/IPC/read
x3015c0s1b1n0:61461:61495 [2] NCCL INFO Channel 01 : 34[85000] -> 35[c7000] via P2P/IPC/read
x3015c0s37b0n0:9988:10025 [0] NCCL INFO Channel 01 : 52[7000] -> 54[85000] via P2P/IPC/read
x3012c0s31b1n0:38708:38743 [1] NCCL INFO Channel 00/0 : 7[c7000] -> 9[46000] [receive] via NET/IB/1
x3012c0s7b1n0:31621:31650 [1] NCCL INFO Channel 01/0 : 23[c7000] -> 25[46000] [receive] via NET/IB/0
x3012c0s37b0n0:38235:38271 [1] NCCL INFO Channel 00/0 : 11[c7000] -> 13[46000] [receive] via NET/IB/1
x3015c0s25b1n0:4323:4354 [1] NCCL INFO Channel 00/0 : 39[c7000] -> 41[46000] [receive] via NET/IB/1
x3015c0s37b1n0:465:503 [1] NCCL INFO Channel 00/0 : 55[c7000] -> 57[46000] [receive] via NET/IB/1
x3012c0s37b1n0:35648:35682 [1] NCCL INFO Channel 01/0 : 15[c7000] -> 17[46000] [receive] via NET/IB/0
x3012c0s25b1n0:18337:18373 [1] NCCL INFO Channel 00/0 : 63[c7000] -> 1[46000] [receive] via NET/IB/1
x3015c0s37b0n0:9991:10022 [3] NCCL INFO Channel 00/0 : 55[c7000] -> 57[46000] [send] via NET/IB/1
x3015c0s37b0n0:9989:10024 [1] NCCL INFO Channel 00/0 : 51[c7000] -> 53[46000] [receive] via NET/IB/1
