x3208c0s25b1n0:48837:48876 [1] NCCL INFO Channel 00/0 : 49[46000] -> 33[46000] [receive] via NET/IB/1
x3103c0s25b0n0:38465:38503 [1] NCCL INFO Channel 02/0 : 5[46000] -> 1[46000] [receive] via NET/IB/1
x3208c0s25b1n0:48837:48876 [1] NCCL INFO Channel 01/0 : 49[46000] -> 33[46000] [receive] via NET/IB/1
x3103c0s25b0n0:38465:38503 [1] NCCL INFO Channel 03/0 : 5[46000] -> 1[46000] [receive] via NET/IB/1
x3103c0s25b0n0:38467:38497 [3] NCCL INFO Channel 03/0 : 7[c7000] -> 3[c7000] [receive] via NET/IB/0
x3208c0s25b1n0:48839:48871 [3] NCCL INFO Channel 00/0 : 35[c7000] -> 19[c7000] [send] via NET/IB/0
x3208c0s25b1n0:48839:48871 [3] NCCL INFO Channel 01/0 : 35[c7000] -> 19[c7000] [send] via NET/IB/0
x3208c0s25b1n0:48837:48876 [1] NCCL INFO Channel 00/0 : 33[46000] -> 17[46000] [send] via NET/IB/1
x3208c0s19b0n0:15361:15394 [3] NCCL INFO Channel 02/0 : 23[c7000] -> 15[c7000] [receive] via NET/IB/0
x3208c0s19b0n0:15358:15392 [1] NCCL INFO Channel 02/0 : 21[46000] -> 13[46000] [receive] via NET/IB/1
x3208c0s37b1n0:38592:38625 [3] NCCL INFO Channel 02/0 : 55[c7000] -> 47[c7000] [receive] via NET/IB/0
x3208c0s25b1n0:48837:48876 [1] NCCL INFO Channel 01/0 : 33[46000] -> 17[46000] [send] via NET/IB/1
x3208c0s37b1n0:38592:38625 [3] NCCL INFO Channel 03/0 : 55[c7000] -> 47[c7000] [receive] via NET/IB/0
x3208c0s25b0n0:50113:50141 [3] NCCL INFO Channel 00/0 : 31[c7000] -> 27[c7000] [send] via NET/IB/0
x3208c0s37b1n0:38588:38620 [1] NCCL INFO Channel 02/0 : 53[46000] -> 45[46000] [receive] via NET/IB/1
x3208c0s19b0n0:15358:15392 [1] NCCL INFO Channel 03/0 : 21[46000] -> 13[46000] [receive] via NET/IB/1
x3208c0s19b0n0:15361:15394 [3] NCCL INFO Channel 03/0 : 23[c7000] -> 15[c7000] [receive] via NET/IB/0
x3208c0s37b1n0:38592:38625 [3] NCCL INFO Channel 02/0 : 47[c7000] -> 39[c7000] [send] via NET/IB/0
x3208c0s19b0n0:15361:15394 [3] NCCL INFO Channel 02/0 : 15[c7000] -> 7[c7000] [send] via NET/IB/0
x3208c0s25b0n0:50111:50148 [1] NCCL INFO Channel 00/0 : 29[46000] -> 25[46000] [send] via NET/IB/1
x3208c0s19b0n0:15358:15392 [1] NCCL INFO Channel 02/0 : 13[46000] -> 5[46000] [send] via NET/IB/1
x3208c0s37b1n0:38588:38620 [1] NCCL INFO Channel 03/0 : 53[46000] -> 45[46000] [receive] via NET/IB/1
x3208c0s25b0n0:50113:50141 [3] NCCL INFO Channel 01/0 : 31[c7000] -> 27[c7000] [send] via NET/IB/0
x3208c0s25b0n0:50111:50148 [1] NCCL INFO Channel 01/0 : 29[46000] -> 25[46000] [send] via NET/IB/1
x3208c0s37b1n0:38592:38625 [3] NCCL INFO Channel 03/0 : 47[c7000] -> 39[c7000] [send] via NET/IB/0
x3208c0s19b1n0:37700:37725 [3] NCCL INFO Channel 00/0 : 27[c7000] -> 19[c7000] [receive] via NET/IB/0
x3208c0s19b0n0:15361:15394 [3] NCCL INFO Channel 03/0 : 15[c7000] -> 7[c7000] [send] via NET/IB/0
x3208c0s7b0n0:64728:64761 [3] NCCL INFO Channel 00/0 : 59[c7000] -> 51[c7000] [receive] via NET/IB/0
x3208c0s19b1n0:37698:37730 [1] NCCL INFO Channel 00/0 : 25[46000] -> 17[46000] [receive] via NET/IB/1
x3208c0s19b0n0:15358:15392 [1] NCCL INFO Channel 03/0 : 13[46000] -> 5[46000] [send] via NET/IB/1
x3208c0s19b1n0:37700:37725 [3] NCCL INFO Channel 01/0 : 27[c7000] -> 19[c7000] [receive] via NET/IB/0
x3208c0s37b1n0:38588:38620 [1] NCCL INFO Channel 02/0 : 45[46000] -> 37[46000] [send] via NET/IB/1
x3208c0s7b0n0:64728:64761 [3] NCCL INFO Channel 01/0 : 59[c7000] -> 51[c7000] [receive] via NET/IB/0
x3208c0s7b0n0:64726:64756 [1] NCCL INFO Channel 00/0 : 57[46000] -> 49[46000] [receive] via NET/IB/1
x3208c0s37b1n0:38588:38620 [1] NCCL INFO Channel 03/0 : 45[46000] -> 37[46000] [send] via NET/IB/1
x3208c0s19b1n0:37698:37730 [1] NCCL INFO Channel 01/0 : 25[46000] -> 17[46000] [receive] via NET/IB/1
x3208c0s19b1n0:37700:37725 [3] NCCL INFO Channel 00/0 : 19[c7000] -> 11[c7000] [send] via NET/IB/0
x3208c0s25b1n0:48839:48871 [3] NCCL INFO Channel 02/0 : 39[c7000] -> 35[c7000] [receive] via NET/IB/0
x3207c0s7b1n0:50535:50567 [1] NCCL INFO Channel 00/0 : 9[46000] -> 5[46000] [receive] via NET/IB/1
x3207c0s7b1n0:50535:50567 [1] NCCL INFO Channel 01/0 : 9[46000] -> 5[46000] [receive] via NET/IB/1
x3207c0s7b1n0:50535:50567 [1] NCCL INFO Channel 02/0 : 9[46000] -> 5[46000] [receive] via NET/IB/1
x3207c0s7b1n0:50535:50567 [1] NCCL INFO Channel 03/0 : 9[46000] -> 5[46000] [receive] via NET/IB/1
x3207c0s7b1n0:50535:50567 [1] NCCL INFO Channel 02/0 : 5[46000] -> 1[46000] [send] via NET/IB/1
x3207c0s7b1n0:50535:50567 [1] NCCL INFO Channel 03/0 : 5[46000] -> 1[46000] [send] via NET/IB/1
x3208c0s7b0n0:64726:64756 [1] NCCL INFO Channel 01/0 : 57[46000] -> 49[46000] [receive] via NET/IB/1
x3208c0s7b0n0:64728:64761 [3] NCCL INFO Channel 00/0 : 51[c7000] -> 43[c7000] [send] via NET/IB/0
x3208c0s19b1n0:37700:37725 [3] NCCL INFO Channel 01/0 : 19[c7000] -> 11[c7000] [send] via NET/IB/0
x3208c0s25b1n0:48837:48876 [1] NCCL INFO Channel 02/0 : 37[46000] -> 33[46000] [receive] via NET/IB/1
x3207c0s7b1n0:50537:50568 [3] NCCL INFO Channel 00/0 : 11[c7000] -> 7[c7000] [receive] via NET/IB/0
x3208c0s19b1n0:37698:37730 [1] NCCL INFO Channel 00/0 : 17[46000] -> 9[46000] [send] via NET/IB/1
x3208c0s7b0n0:64728:64761 [3] NCCL INFO Channel 01/0 : 51[c7000] -> 43[c7000] [send] via NET/IB/0
x3208c0s31b0n0:51195:51227 [3] NCCL INFO Channel 00/0 : 43[c7000] -> 39[c7000] [receive] via NET/IB/0
x3208c0s25b1n0:48839:48871 [3] NCCL INFO Channel 03/0 : 39[c7000] -> 35[c7000] [receive] via NET/IB/0
x3208c0s7b0n0:64726:64756 [1] NCCL INFO Channel 00/0 : 49[46000] -> 41[46000] [send] via NET/IB/1
x3208c0s1b0n0:46577:46605 [3] NCCL INFO Channel 00/0 : 27[c7000] -> 23[c7000] [receive] via NET/IB/0
x3208c0s25b1n0:48837:48876 [1] NCCL INFO Channel 03/0 : 37[46000] -> 33[46000] [receive] via NET/IB/1
x3208c0s7b0n0:64726:64756 [1] NCCL INFO Channel 01/0 : 49[46000] -> 41[46000] [send] via NET/IB/1
x3208c0s19b1n0:37698:37730 [1] NCCL INFO Channel 01/0 : 17[46000] -> 9[46000] [send] via NET/IB/1
x3207c0s7b1n0:50537:50568 [3] NCCL INFO Channel 01/0 : 11[c7000] -> 7[c7000] [receive] via NET/IB/0
x3208c0s31b0n0:51191:51228 [1] NCCL INFO Channel 00/0 : 41[46000] -> 37[46000] [receive] via NET/IB/1
x3208c0s37b1n0:38588:38620 [1] NCCL INFO Channel 00/0 : 45[46000] -> 41[46000] [send] via NET/IB/1
x3208c0s31b0n0:51195:51227 [3] NCCL INFO Channel 01/0 : 43[c7000] -> 39[c7000] [receive] via NET/IB/0
x3208c0s1b0n0:46577:46605 [3] NCCL INFO Channel 01/0 : 27[c7000] -> 23[c7000] [receive] via NET/IB/0
x3208c0s7b1n0:62992:63027 [1] NCCL INFO Channel 00/0 : 57[46000] -> 53[46000] [receive] via NET/IB/1
x3208c0s7b1n0:62995:63022 [3] NCCL INFO Channel 00/0 : 59[c7000] -> 55[c7000] [receive] via NET/IB/0
x3004c0s19b0n0:47271:47304 [3] NCCL INFO Channel 00/0 : 63[c7000] -> 59[c7000] [receive] via NET/IB/0
x3207c0s7b1n0:50537:50568 [3] NCCL INFO Channel 02/0 : 11[c7000] -> 7[c7000] [receive] via NET/IB/0
x3208c0s37b1n0:38592:38625 [3] NCCL INFO Channel 00/0 : 47[c7000] -> 43[c7000] [send] via NET/IB/0
x3208c0s19b0n0:15361:15394 [3] NCCL INFO Channel 00/0 : 15[c7000] -> 11[c7000] [send] via NET/IB/0
x3208c0s1b0n0:46575:46610 [1] NCCL INFO Channel 00/0 : 25[46000] -> 21[46000] [receive] via NET/IB/1
x3208c0s1b1n0:28311:28343 [3] NCCL INFO Channel 00/0 : 31[c7000] -> 27[c7000] [receive] via NET/IB/0
x3208c0s7b1n0:62995:63022 [3] NCCL INFO Channel 01/0 : 59[c7000] -> 55[c7000] [receive] via NET/IB/0
x3208c0s37b1n0:38588:38620 [1] NCCL INFO Channel 01/0 : 45[46000] -> 41[46000] [send] via NET/IB/1
x3208c0s37b1n0:38592:38625 [3] NCCL INFO Channel 01/0 : 47[c7000] -> 43[c7000] [send] via NET/IB/0
x3208c0s19b0n0:15358:15392 [1] NCCL INFO Channel 00/0 : 13[46000] -> 9[46000] [send] via NET/IB/1
x3208c0s19b0n0:15361:15394 [3] NCCL INFO Channel 01/0 : 15[c7000] -> 11[c7000] [send] via NET/IB/0
x3208c0s31b0n0:51195:51227 [3] NCCL INFO Channel 02/0 : 43[c7000] -> 39[c7000] [receive] via NET/IB/0
x3208c0s13b1n0:22923:22953 [3] NCCL INFO Channel 00/0 : 15[c7000] -> 11[c7000] [receive] via NET/IB/0
x3208c0s7b1n0:62992:63027 [1] NCCL INFO Channel 01/0 : 57[46000] -> 53[46000] [receive] via NET/IB/1
x3208c0s37b0n0:2307:2333 [3] NCCL INFO Channel 00/0 : 47[c7000] -> 43[c7000] [receive] via NET/IB/0
x3208c0s1b0n0:46575:46610 [1] NCCL INFO Channel 01/0 : 25[46000] -> 21[46000] [receive] via NET/IB/1
x3208c0s31b0n0:51191:51228 [1] NCCL INFO Channel 01/0 : 41[46000] -> 37[46000] [receive] via NET/IB/1
x3208c0s19b0n0:15358:15392 [1] NCCL INFO Channel 01/0 : 13[46000] -> 9[46000] [send] via NET/IB/1
x3208c0s1b0n0:46577:46605 [3] NCCL INFO Channel 02/0 : 27[c7000] -> 23[c7000] [receive] via NET/IB/0
x3208c0s13b1n0:22919:22957 [1] NCCL INFO Channel 00/0 : 13[46000] -> 9[46000] [receive] via NET/IB/1
x3208c0s13b1n0:22919:22957 [1] NCCL INFO Channel 01/0 : 13[46000] -> 9[46000] [receive] via NET/IB/1
x3208c0s13b1n0:22919:22957 [1] NCCL INFO Channel 00/0 : 9[46000] -> 5[46000] [send] via NET/IB/1
x3208c0s13b1n0:22919:22957 [1] NCCL INFO Channel 01/0 : 9[46000] -> 5[46000] [send] via NET/IB/1
x3208c0s13b1n0:22919:22957 [1] NCCL INFO Channel 02/0 : 9[46000] -> 5[46000] [send] via NET/IB/1
x3208c0s13b1n0:22919:22957 [1] NCCL INFO Channel 03/0 : 9[46000] -> 5[46000] [send] via NET/IB/1
x3208c0s1b1n0:28311:28343 [3] NCCL INFO Channel 01/0 : 31[c7000] -> 27[c7000] [receive] via NET/IB/0
x3207c0s7b1n0:50537:50568 [3] NCCL INFO Channel 03/0 : 11[c7000] -> 7[c7000] [receive] via NET/IB/0
x3208c0s31b0n0:51191:51228 [1] NCCL INFO Channel 02/0 : 41[46000] -> 37[46000] [receive] via NET/IB/1
x3207c0s7b1n0:50537:50568 [3] NCCL INFO Channel 02/0 : 7[c7000] -> 3[c7000] [send] via NET/IB/0
x3004c0s19b0n0:47271:47304 [3] NCCL INFO Channel 01/0 : 63[c7000] -> 59[c7000] [receive] via NET/IB/0
x3208c0s1b0n0:46577:46605 [3] NCCL INFO Channel 03/0 : 27[c7000] -> 23[c7000] [receive] via NET/IB/0
x3208c0s31b0n0:51195:51227 [3] NCCL INFO Channel 03/0 : 43[c7000] -> 39[c7000] [receive] via NET/IB/0
x3208c0s19b1n0:37700:37725 [3] NCCL INFO Channel 02/0 : 23[c7000] -> 19[c7000] [receive] via NET/IB/0
x3208c0s13b1n0:22923:22953 [3] NCCL INFO Channel 01/0 : 15[c7000] -> 11[c7000] [receive] via NET/IB/0
x3208c0s7b1n0:62995:63022 [3] NCCL INFO Channel 02/0 : 59[c7000] -> 55[c7000] [receive] via NET/IB/0
x3208c0s7b1n0:62992:63027 [1] NCCL INFO Channel 02/0 : 57[46000] -> 53[46000] [receive] via NET/IB/1
x3208c0s1b0n0:46575:46610 [1] NCCL INFO Channel 02/0 : 25[46000] -> 21[46000] [receive] via NET/IB/1
x3208c0s7b0n0:64726:64756 [1] NCCL INFO Channel 02/0 : 53[46000] -> 49[46000] [receive] via NET/IB/1
x3208c0s37b0n0:2307:2333 [3] NCCL INFO Channel 01/0 : 47[c7000] -> 43[c7000] [receive] via NET/IB/0
x3208c0s1b1n0:28311:28343 [3] NCCL INFO Channel 00/0 : 27[c7000] -> 23[c7000] [send] via NET/IB/0
x3208c0s19b0n0:15358:15392 [1] NCCL INFO Connected 1 MSCCL algorithms
x3208c0s19b0n0:15358:15392 [1] NCCL INFO NCCL_PROTO set by environment to Simple
x3208c0s19b0n0:15358:15392 [1] NCCL INFO NCCL_ALGO set by environment to MSCCL,TREE,RING
x3208c0s19b0n0:15358:15392 [1] NCCL INFO threadThresholds 8/8/64 | 512/8/64 | 8/8/64 | 8/8/512
x3208c0s19b0n0:15358:15392 [1] NCCL INFO 4 coll channels, 4 p2p channels, 2 p2p channels per peer
x3208c0s7b1n0:62995:63022 [3] NCCL INFO Channel 03/0 : 59[c7000] -> 55[c7000] [receive] via NET/IB/0
x3004c0s19b0n0:47268:47301 [1] NCCL INFO Channel 00/0 : 61[46000] -> 57[46000] [receive] via NET/IB/1
x3103c0s25b0n0:38465:38503 [1] NCCL INFO Connected 1 MSCCL algorithms
x3103c0s25b0n0:38465:38503 [1] NCCL INFO NCCL_PROTO set by environment to Simple
x3103c0s25b0n0:38465:38503 [1] NCCL INFO NCCL_ALGO set by environment to MSCCL,TREE,RING
x3103c0s25b0n0:38465:38503 [1] NCCL INFO threadThresholds 8/8/64 | 512/8/64 | 8/8/64 | 8/8/512
x3103c0s25b0n0:38465:38503 [1] NCCL INFO 4 coll channels, 4 p2p channels, 2 p2p channels per peer
x3208c0s37b0n0:2305:2337 [1] NCCL INFO Channel 00/0 : 45[46000] -> 41[46000] [receive] via NET/IB/1
x3208c0s31b0n0:51195:51227 [3] NCCL INFO Channel 02/0 : 39[c7000] -> 35[c7000] [send] via NET/IB/0
x3208c0s37b0n0:2307:2333 [3] NCCL INFO Channel 00/0 : 43[c7000] -> 39[c7000] [send] via NET/IB/0
x3207c0s7b1n0:50537:50568 [3] NCCL INFO Channel 03/0 : 7[c7000] -> 3[c7000] [send] via NET/IB/0
x3208c0s1b1n0:28309:28336 [1] NCCL INFO Channel 00/0 : 29[46000] -> 25[46000] [receive] via NET/IB/1
x3208c0s13b1n0:22923:22953 [3] NCCL INFO Channel 00/0 : 11[c7000] -> 7[c7000] [send] via NET/IB/0
x3208c0s1b1n0:28311:28343 [3] NCCL INFO Channel 01/0 : 27[c7000] -> 23[c7000] [send] via NET/IB/0
x3004c0s19b0n0:47268:47301 [1] NCCL INFO Channel 01/0 : 61[46000] -> 57[46000] [receive] via NET/IB/1
x3208c0s1b0n0:46575:46610 [1] NCCL INFO Channel 03/0 : 25[46000] -> 21[46000] [receive] via NET/IB/1
x3208c0s7b0n0:64728:64761 [3] NCCL INFO Channel 02/0 : 55[c7000] -> 51[c7000] [receive] via NET/IB/0
x3208c0s1b1n0:28309:28336 [1] NCCL INFO Channel 01/0 : 29[46000] -> 25[46000] [receive] via NET/IB/1
x3208c0s19b1n0:37700:37725 [3] NCCL INFO Channel 03/0 : 23[c7000] -> 19[c7000] [receive] via NET/IB/0
x3004c0s19b0n0:47271:47304 [3] NCCL INFO Channel 00/0 : 59[c7000] -> 55[c7000] [send] via NET/IB/0
x3208c0s31b0n0:51191:51228 [1] NCCL INFO Channel 03/0 : 41[46000] -> 37[46000] [receive] via NET/IB/1
x3208c0s1b1n0:28311:28343 [3] NCCL INFO Channel 02/0 : 27[c7000] -> 23[c7000] [send] via NET/IB/0
x3004c0s19b0n0:47271:47304 [3] NCCL INFO Channel 01/0 : 59[c7000] -> 55[c7000] [send] via NET/IB/0
x3208c0s1b0n0:46577:46605 [3] NCCL INFO Channel 02/0 : 23[c7000] -> 19[c7000] [send] via NET/IB/0
x3004c0s19b0n0:47271:47304 [3] NCCL INFO Channel 02/0 : 59[c7000] -> 55[c7000] [send] via NET/IB/0
x3208c0s31b0n0:51191:51228 [1] NCCL INFO Channel 02/0 : 37[46000] -> 33[46000] [send] via NET/IB/1
x3208c0s1b0n0:46577:46605 [3] NCCL INFO Channel 03/0 : 23[c7000] -> 19[c7000] [send] via NET/IB/0
x3208c0s37b0n0:2305:2337 [1] NCCL INFO Channel 01/0 : 45[46000] -> 41[46000] [receive] via NET/IB/1
x3208c0s19b1n0:37698:37730 [1] NCCL INFO Channel 02/0 : 21[46000] -> 17[46000] [receive] via NET/IB/1
x3208c0s37b0n0:2307:2333 [3] NCCL INFO Channel 01/0 : 43[c7000] -> 39[c7000] [send] via NET/IB/0
x3208c0s7b1n0:62995:63022 [3] NCCL INFO Channel 02/0 : 55[c7000] -> 51[c7000] [send] via NET/IB/0
x3208c0s13b1n0:22923:22953 [3] NCCL INFO Channel 01/0 : 11[c7000] -> 7[c7000] [send] via NET/IB/0
x3208c0s7b0n0:64726:64756 [1] NCCL INFO Channel 03/0 : 53[46000] -> 49[46000] [receive] via NET/IB/1
x3208c0s7b0n0:64728:64761 [3] NCCL INFO Channel 03/0 : 55[c7000] -> 51[c7000] [receive] via NET/IB/0
x3208c0s13b1n0:22919:22957 [1] NCCL INFO Connected 1 MSCCL algorithms
x3208c0s13b1n0:22919:22957 [1] NCCL INFO NCCL_PROTO set by environment to Simple
x3208c0s13b1n0:22919:22957 [1] NCCL INFO NCCL_ALGO set by environment to MSCCL,TREE,RING
x3208c0s13b1n0:22919:22957 [1] NCCL INFO threadThresholds 8/8/64 | 512/8/64 | 8/8/64 | 8/8/512
x3208c0s13b1n0:22919:22957 [1] NCCL INFO 4 coll channels, 4 p2p channels, 2 p2p channels per peer
x3004c0s19b0n0:47268:47301 [1] NCCL INFO Channel 00/0 : 57[46000] -> 53[46000] [send] via NET/IB/1
x3208c0s7b1n0:62992:63027 [1] NCCL INFO Channel 03/0 : 57[46000] -> 53[46000] [receive] via NET/IB/1
x3208c0s31b0n0:51195:51227 [3] NCCL INFO Channel 03/0 : 39[c7000] -> 35[c7000] [send] via NET/IB/0
x3208c0s37b0n0:2307:2333 [3] NCCL INFO Channel 02/0 : 43[c7000] -> 39[c7000] [send] via NET/IB/0
x3208c0s7b1n0:62995:63022 [3] NCCL INFO Channel 03/0 : 55[c7000] -> 51[c7000] [send] via NET/IB/0
x3208c0s1b0n0:46575:46610 [1] NCCL INFO Channel 02/0 : 21[46000] -> 17[46000] [send] via NET/IB/1
x3208c0s1b1n0:28309:28336 [1] NCCL INFO Channel 00/0 : 25[46000] -> 21[46000] [send] via NET/IB/1
x3208c0s1b1n0:28311:28343 [3] NCCL INFO Channel 03/0 : 27[c7000] -> 23[c7000] [send] via NET/IB/0
x3208c0s19b1n0:37698:37730 [1] NCCL INFO Channel 03/0 : 21[46000] -> 17[46000] [receive] via NET/IB/1
x3208c0s7b1n0:62992:63027 [1] NCCL INFO Channel 02/0 : 53[46000] -> 49[46000] [send] via NET/IB/1
x3004c0s19b0n0:47268:47301 [1] NCCL INFO Channel 01/0 : 57[46000] -> 53[46000] [send] via NET/IB/1
x3004c0s19b0n0:47268:47301 [1] NCCL INFO Channel 02/0 : 57[46000] -> 53[46000] [send] via NET/IB/1
x3208c0s37b0n0:2305:2337 [1] NCCL INFO Channel 00/0 : 41[46000] -> 37[46000] [send] via NET/IB/1
x3004c0s19b0n0:47271:47304 [3] NCCL INFO Channel 03/0 : 59[c7000] -> 55[c7000] [send] via NET/IB/0
x3208c0s31b0n0:51191:51228 [1] NCCL INFO Channel 03/0 : 37[46000] -> 33[46000] [send] via NET/IB/1
x3208c0s37b0n0:2307:2333 [3] NCCL INFO Channel 03/0 : 43[c7000] -> 39[c7000] [send] via NET/IB/0
x3208c0s1b1n0:28309:28336 [1] NCCL INFO Channel 01/0 : 25[46000] -> 21[46000] [send] via NET/IB/1
x3207c0s7b1n0:50535:50567 [1] NCCL INFO Connected 1 MSCCL algorithms
x3207c0s7b1n0:50535:50567 [1] NCCL INFO NCCL_PROTO set by environment to Simple
x3207c0s7b1n0:50535:50567 [1] NCCL INFO NCCL_ALGO set by environment to MSCCL,TREE,RING
x3207c0s7b1n0:50535:50567 [1] NCCL INFO threadThresholds 8/8/64 | 512/8/64 | 8/8/64 | 8/8/512
x3207c0s7b1n0:50535:50567 [1] NCCL INFO 4 coll channels, 4 p2p channels, 2 p2p channels per peer
x3208c0s25b0n0:50113:50141 [3] NCCL INFO Channel 00 : 31[c7000] -> 28[7000] via P2P/IPC/read
x3208c0s25b0n0:50113:50141 [3] NCCL INFO Channel 01 : 31[c7000] -> 28[7000] via P2P/IPC/read
x3208c0s1b1n0:28309:28336 [1] NCCL INFO Channel 02/0 : 25[46000] -> 21[46000] [send] via NET/IB/1
x3208c0s25b0n0:50110:50142 [0] NCCL INFO Connected 1 MSCCL algorithms
x3208c0s25b0n0:50110:50142 [0] NCCL INFO NCCL_PROTO set by environment to Simple
x3208c0s25b0n0:50110:50142 [0] NCCL INFO NCCL_ALGO set by environment to MSCCL,TREE,RING
x3208c0s25b0n0:50110:50142 [0] NCCL INFO threadThresholds 8/8/64 | 512/8/64 | 8/8/64 | 8/8/512
x3208c0s25b0n0:50110:50142 [0] NCCL INFO 4 coll channels, 4 p2p channels, 2 p2p channels per peer
x3208c0s25b0n0:50113:50141 [3] NCCL INFO Connected 1 MSCCL algorithms
x3208c0s25b0n0:50113:50141 [3] NCCL INFO NCCL_PROTO set by environment to Simple
x3208c0s25b0n0:50113:50141 [3] NCCL INFO NCCL_ALGO set by environment to MSCCL,TREE,RING
x3208c0s25b0n0:50113:50141 [3] NCCL INFO threadThresholds 8/8/64 | 512/8/64 | 8/8/64 | 8/8/512
x3208c0s25b0n0:50113:50141 [3] NCCL INFO 4 coll channels, 4 p2p channels, 2 p2p channels per peer
x3208c0s37b0n0:2305:2337 [1] NCCL INFO Channel 01/0 : 41[46000] -> 37[46000] [send] via NET/IB/1
x3208c0s13b1n0:22923:22953 [3] NCCL INFO Channel 02/0 : 11[c7000] -> 7[c7000] [send] via NET/IB/0
x3208c0s37b0n0:2305:2337 [1] NCCL INFO Channel 02/0 : 41[46000] -> 37[46000] [send] via NET/IB/1
x3208c0s1b0n0:46575:46610 [1] NCCL INFO Channel 03/0 : 21[46000] -> 17[46000] [send] via NET/IB/1
x3208c0s7b1n0:62992:63027 [1] NCCL INFO Channel 03/0 : 53[46000] -> 49[46000] [send] via NET/IB/1
x3004c0s19b0n0:47268:47301 [1] NCCL INFO Channel 03/0 : 57[46000] -> 53[46000] [send] via NET/IB/1
x3208c0s13b1n0:22923:22953 [3] NCCL INFO Channel 03/0 : 11[c7000] -> 7[c7000] [send] via NET/IB/0
x3208c0s37b1n0:38592:38625 [3] NCCL INFO Channel 00 : 47[c7000] -> 44[7000] via P2P/IPC/read
x3208c0s1b1n0:28309:28336 [1] NCCL INFO Channel 03/0 : 25[46000] -> 21[46000] [send] via NET/IB/1
x3208c0s7b0n0:64728:64761 [3] NCCL INFO Channel 00 : 51[c7000] -> 48[7000] via P2P/IPC/read
x3208c0s37b0n0:2305:2337 [1] NCCL INFO Channel 03/0 : 41[46000] -> 37[46000] [send] via NET/IB/1
x3004c0s19b1n0:18140:18176 [3] NCCL INFO Channel 00 : 63[c7000] -> 60[7000] via P2P/IPC/read
x3208c0s37b1n0:38592:38625 [3] NCCL INFO Channel 01 : 47[c7000] -> 44[7000] via P2P/IPC/read
x3208c0s19b1n0:37700:37725 [3] NCCL INFO Channel 00 : 19[c7000] -> 16[7000] via P2P/IPC/read
x3208c0s25b1n0:48839:48871 [3] NCCL INFO Channel 00 : 35[c7000] -> 32[7000] via P2P/IPC/read
x3208c0s37b1n0:38587:38622 [0] NCCL INFO Connected 1 MSCCL algorithms
x3208c0s37b1n0:38587:38622 [0] NCCL INFO NCCL_PROTO set by environment to Simple
x3208c0s37b1n0:38587:38622 [0] NCCL INFO NCCL_ALGO set by environment to MSCCL,TREE,RING
x3208c0s37b1n0:38587:38622 [0] NCCL INFO threadThresholds 8/8/64 | 512/8/64 | 8/8/64 | 8/8/512
x3208c0s37b1n0:38587:38622 [0] NCCL INFO 4 coll channels, 4 p2p channels, 2 p2p channels per peer
x3208c0s37b1n0:38592:38625 [3] NCCL INFO Connected 1 MSCCL algorithms
x3208c0s37b1n0:38592:38625 [3] NCCL INFO NCCL_PROTO set by environment to Simple
x3208c0s37b1n0:38592:38625 [3] NCCL INFO NCCL_ALGO set by environment to MSCCL,TREE,RING
x3208c0s37b1n0:38592:38625 [3] NCCL INFO threadThresholds 8/8/64 | 512/8/64 | 8/8/64 | 8/8/512
x3208c0s37b1n0:38592:38625 [3] NCCL INFO 4 coll channels, 4 p2p channels, 2 p2p channels per peer
x3208c0s7b0n0:64728:64761 [3] NCCL INFO Channel 01 : 51[c7000] -> 48[7000] via P2P/IPC/read
x3208c0s1b1n0:28311:28343 [3] NCCL INFO Channel 00 : 27[c7000] -> 24[7000] via P2P/IPC/read
x3208c0s7b0n0:64724:64758 [0] NCCL INFO Connected 1 MSCCL algorithms
x3208c0s7b0n0:64724:64758 [0] NCCL INFO NCCL_PROTO set by environment to Simple
x3208c0s7b0n0:64724:64758 [0] NCCL INFO NCCL_ALGO set by environment to MSCCL,TREE,RING
x3208c0s7b0n0:64724:64758 [0] NCCL INFO threadThresholds 8/8/64 | 512/8/64 | 8/8/64 | 8/8/512
x3208c0s7b0n0:64724:64758 [0] NCCL INFO 4 coll channels, 4 p2p channels, 2 p2p channels per peer
x3208c0s7b0n0:64728:64761 [3] NCCL INFO Connected 1 MSCCL algorithms
x3208c0s7b0n0:64728:64761 [3] NCCL INFO NCCL_PROTO set by environment to Simple
x3208c0s7b0n0:64728:64761 [3] NCCL INFO NCCL_ALGO set by environment to MSCCL,TREE,RING
x3208c0s7b0n0:64728:64761 [3] NCCL INFO threadThresholds 8/8/64 | 512/8/64 | 8/8/64 | 8/8/512
x3208c0s7b0n0:64728:64761 [3] NCCL INFO 4 coll channels, 4 p2p channels, 2 p2p channels per peer
x3004c0s19b1n0:18137:18174 [1] NCCL INFO Connected 1 MSCCL algorithms
x3004c0s19b1n0:18137:18174 [1] NCCL INFO NCCL_PROTO set by environment to Simple
x3004c0s19b1n0:18137:18174 [1] NCCL INFO NCCL_ALGO set by environment to MSCCL,TREE,RING
x3004c0s19b1n0:18137:18174 [1] NCCL INFO threadThresholds 8/8/64 | 512/8/64 | 8/8/64 | 8/8/512
x3004c0s19b1n0:18137:18174 [1] NCCL INFO 4 coll channels, 4 p2p channels, 2 p2p channels per peer
x3208c0s7b0n0:64726:64756 [1] NCCL INFO Connected 1 MSCCL algorithms
x3208c0s7b0n0:64726:64756 [1] NCCL INFO NCCL_PROTO set by environment to Simple
x3208c0s7b0n0:64726:64756 [1] NCCL INFO NCCL_ALGO set by environment to MSCCL,TREE,RING
x3208c0s7b0n0:64726:64756 [1] NCCL INFO threadThresholds 8/8/64 | 512/8/64 | 8/8/64 | 8/8/512
x3208c0s7b0n0:64726:64756 [1] NCCL INFO 4 coll channels, 4 p2p channels, 2 p2p channels per peer
x3208c0s25b1n0:48839:48871 [3] NCCL INFO Channel 01 : 35[c7000] -> 32[7000] via P2P/IPC/read
x3208c0s19b1n0:37700:37725 [3] NCCL INFO Channel 01 : 19[c7000] -> 16[7000] via P2P/IPC/read
x3004c0s19b1n0:18140:18176 [3] NCCL INFO Channel 01 : 63[c7000] -> 60[7000] via P2P/IPC/read
x3208c0s1b1n0:28311:28343 [3] NCCL INFO Channel 01 : 27[c7000] -> 24[7000] via P2P/IPC/read
x3208c0s1b1n0:28308:28345 [0] NCCL INFO Connected 1 MSCCL algorithms
x3208c0s1b1n0:28308:28345 [0] NCCL INFO NCCL_PROTO set by environment to Simple
x3208c0s1b1n0:28308:28345 [0] NCCL INFO NCCL_ALGO set by environment to MSCCL,TREE,RING
x3208c0s1b1n0:28308:28345 [0] NCCL INFO threadThresholds 8/8/64 | 512/8/64 | 8/8/64 | 8/8/512
x3208c0s1b1n0:28308:28345 [0] NCCL INFO 4 coll channels, 4 p2p channels, 2 p2p channels per peer
x3208c0s1b1n0:28311:28343 [3] NCCL INFO Connected 1 MSCCL algorithms
x3208c0s1b1n0:28311:28343 [3] NCCL INFO NCCL_PROTO set by environment to Simple
x3208c0s1b1n0:28311:28343 [3] NCCL INFO NCCL_ALGO set by environment to MSCCL,TREE,RING
x3208c0s1b1n0:28311:28343 [3] NCCL INFO threadThresholds 8/8/64 | 512/8/64 | 8/8/64 | 8/8/512
x3208c0s1b1n0:28311:28343 [3] NCCL INFO 4 coll channels, 4 p2p channels, 2 p2p channels per peer
x3103c0s25b0n0:38467:38497 [3] NCCL INFO Channel 00 : 3[c7000] -> 0[7000] via P2P/IPC/read
x3208c0s7b1n0:62995:63022 [3] NCCL INFO Channel 00 : 55[c7000] -> 52[7000] via P2P/IPC/read
x3103c0s25b0n0:38467:38497 [3] NCCL INFO Channel 01 : 3[c7000] -> 0[7000] via P2P/IPC/read
x3208c0s19b1n0:37697:37733 [0] NCCL INFO Connected 1 MSCCL algorithms
x3208c0s19b1n0:37697:37733 [0] NCCL INFO NCCL_PROTO set by environment to Simple
x3208c0s19b1n0:37697:37733 [0] NCCL INFO NCCL_ALGO set by environment to MSCCL,TREE,RING
x3208c0s19b1n0:37697:37733 [0] NCCL INFO threadThresholds 8/8/64 | 512/8/64 | 8/8/64 | 8/8/512
x3208c0s19b1n0:37697:37733 [0] NCCL INFO 4 coll channels, 4 p2p channels, 2 p2p channels per peer
x3208c0s19b1n0:37700:37725 [3] NCCL INFO Connected 1 MSCCL algorithms
x3208c0s19b1n0:37700:37725 [3] NCCL INFO NCCL_PROTO set by environment to Simple
x3208c0s19b1n0:37700:37725 [3] NCCL INFO NCCL_ALGO set by environment to MSCCL,TREE,RING
x3208c0s19b1n0:37700:37725 [3] NCCL INFO threadThresholds 8/8/64 | 512/8/64 | 8/8/64 | 8/8/512
x3208c0s19b1n0:37700:37725 [3] NCCL INFO 4 coll channels, 4 p2p channels, 2 p2p channels per peer
x3208c0s25b1n0:48836:48872 [0] NCCL INFO Connected 1 MSCCL algorithms
x3208c0s25b1n0:48836:48872 [0] NCCL INFO NCCL_PROTO set by environment to Simple
x3208c0s25b1n0:48836:48872 [0] NCCL INFO NCCL_ALGO set by environment to MSCCL,TREE,RING
x3208c0s25b1n0:48836:48872 [0] NCCL INFO threadThresholds 8/8/64 | 512/8/64 | 8/8/64 | 8/8/512
x3208c0s25b1n0:48836:48872 [0] NCCL INFO 4 coll channels, 4 p2p channels, 2 p2p channels per peer
x3208c0s25b1n0:48839:48871 [3] NCCL INFO Connected 1 MSCCL algorithms
x3208c0s25b1n0:48839:48871 [3] NCCL INFO NCCL_PROTO set by environment to Simple
x3208c0s25b1n0:48839:48871 [3] NCCL INFO NCCL_ALGO set by environment to MSCCL,TREE,RING
x3208c0s25b1n0:48839:48871 [3] NCCL INFO threadThresholds 8/8/64 | 512/8/64 | 8/8/64 | 8/8/512
x3208c0s25b1n0:48839:48871 [3] NCCL INFO 4 coll channels, 4 p2p channels, 2 p2p channels per peer
x3208c0s19b0n0:15361:15394 [3] NCCL INFO Channel 00 : 15[c7000] -> 12[7000] via P2P/IPC/read
x3208c0s25b0n0:50111:50148 [1] NCCL INFO Connected 1 MSCCL algorithms
x3208c0s25b0n0:50111:50148 [1] NCCL INFO NCCL_PROTO set by environment to Simple
x3208c0s25b0n0:50111:50148 [1] NCCL INFO NCCL_ALGO set by environment to MSCCL,TREE,RING
x3208c0s25b0n0:50111:50148 [1] NCCL INFO threadThresholds 8/8/64 | 512/8/64 | 8/8/64 | 8/8/512
x3208c0s25b0n0:50111:50148 [1] NCCL INFO 4 coll channels, 4 p2p channels, 2 p2p channels per peer
x3208c0s37b1n0:38588:38620 [1] NCCL INFO Connected 1 MSCCL algorithms
x3208c0s37b1n0:38588:38620 [1] NCCL INFO NCCL_PROTO set by environment to Simple
x3208c0s37b1n0:38588:38620 [1] NCCL INFO NCCL_ALGO set by environment to MSCCL,TREE,RING
x3208c0s37b1n0:38588:38620 [1] NCCL INFO threadThresholds 8/8/64 | 512/8/64 | 8/8/64 | 8/8/512
x3208c0s37b1n0:38588:38620 [1] NCCL INFO 4 coll channels, 4 p2p channels, 2 p2p channels per peer
x3208c0s7b1n0:62995:63022 [3] NCCL INFO Channel 01 : 55[c7000] -> 52[7000] via P2P/IPC/read
x3208c0s19b0n0:15361:15394 [3] NCCL INFO Channel 01 : 15[c7000] -> 12[7000] via P2P/IPC/read
x3208c0s19b0n0:15361:15394 [3] NCCL INFO Connected 1 MSCCL algorithms
x3208c0s19b0n0:15361:15394 [3] NCCL INFO NCCL_PROTO set by environment to Simple
x3208c0s19b0n0:15361:15394 [3] NCCL INFO NCCL_ALGO set by environment to MSCCL,TREE,RING
x3208c0s19b0n0:15361:15394 [3] NCCL INFO threadThresholds 8/8/64 | 512/8/64 | 8/8/64 | 8/8/512
x3208c0s19b0n0:15361:15394 [3] NCCL INFO 4 coll channels, 4 p2p channels, 2 p2p channels per peer
x3103c0s25b0n0:38464:38494 [0] NCCL INFO Connected 1 MSCCL algorithms
x3103c0s25b0n0:38464:38494 [0] NCCL INFO NCCL_PROTO set by environment to Simple
x3103c0s25b0n0:38464:38494 [0] NCCL INFO NCCL_ALGO set by environment to MSCCL,TREE,RING
x3103c0s25b0n0:38464:38494 [0] NCCL INFO threadThresholds 8/8/64 | 512/8/64 | 8/8/64 | 8/8/512
x3103c0s25b0n0:38464:38494 [0] NCCL INFO 4 coll channels, 4 p2p channels, 2 p2p channels per peer
x3103c0s25b0n0:38467:38497 [3] NCCL INFO Connected 1 MSCCL algorithms
x3103c0s25b0n0:38467:38497 [3] NCCL INFO NCCL_PROTO set by environment to Simple
x3103c0s25b0n0:38467:38497 [3] NCCL INFO NCCL_ALGO set by environment to MSCCL,TREE,RING
x3103c0s25b0n0:38467:38497 [3] NCCL INFO threadThresholds 8/8/64 | 512/8/64 | 8/8/64 | 8/8/512
x3103c0s25b0n0:38467:38497 [3] NCCL INFO 4 coll channels, 4 p2p channels, 2 p2p channels per peer
x3208c0s19b0n0:15355:15393 [0] NCCL INFO Connected 1 MSCCL algorithms
x3208c0s19b0n0:15355:15393 [0] NCCL INFO NCCL_PROTO set by environment to Simple
x3208c0s19b0n0:15355:15393 [0] NCCL INFO NCCL_ALGO set by environment to MSCCL,TREE,RING
x3208c0s19b0n0:15355:15393 [0] NCCL INFO threadThresholds 8/8/64 | 512/8/64 | 8/8/64 | 8/8/512
x3208c0s19b0n0:15355:15393 [0] NCCL INFO 4 coll channels, 4 p2p channels, 2 p2p channels per peer
x3208c0s19b1n0:37698:37730 [1] NCCL INFO Connected 1 MSCCL algorithms
x3208c0s19b1n0:37698:37730 [1] NCCL INFO NCCL_PROTO set by environment to Simple
x3208c0s19b1n0:37698:37730 [1] NCCL INFO NCCL_ALGO set by environment to MSCCL,TREE,RING
x3208c0s19b1n0:37698:37730 [1] NCCL INFO threadThresholds 8/8/64 | 512/8/64 | 8/8/64 | 8/8/512
x3208c0s19b1n0:37698:37730 [1] NCCL INFO 4 coll channels, 4 p2p channels, 2 p2p channels per peer
x3208c0s7b0n0:64726:64756 [1] NCCL INFO comm 0x152a2a45a010 rank 49 nranks 64 cudaDev 1 busId 46000 - Init COMPLETE
x3208c0s7b0n0:64727:64755 [2] NCCL INFO comm 0x152aaa45a010 rank 50 nranks 64 cudaDev 2 busId 85000 - Init COMPLETE
x3208c0s7b0n0:64728:64761 [3] NCCL INFO comm 0x1486f0025010 rank 51 nranks 64 cudaDev 3 busId c7000 - Init COMPLETE
x3208c0s7b1n0:62995:63022 [3] NCCL INFO Connected 1 MSCCL algorithms
x3208c0s7b1n0:62995:63022 [3] NCCL INFO NCCL_PROTO set by environment to Simple
x3208c0s7b1n0:62995:63022 [3] NCCL INFO NCCL_ALGO set by environment to MSCCL,TREE,RING
x3208c0s7b1n0:62995:63022 [3] NCCL INFO threadThresholds 8/8/64 | 512/8/64 | 8/8/64 | 8/8/512
x3208c0s7b1n0:62995:63022 [3] NCCL INFO 4 coll channels, 4 p2p channels, 2 p2p channels per peer
x3208c0s7b1n0:62992:63027 [1] NCCL INFO Connected 1 MSCCL algorithms
x3208c0s7b1n0:62992:63027 [1] NCCL INFO NCCL_PROTO set by environment to Simple
x3208c0s7b1n0:62992:63027 [1] NCCL INFO NCCL_ALGO set by environment to MSCCL,TREE,RING
x3208c0s7b1n0:62992:63027 [1] NCCL INFO threadThresholds 8/8/64 | 512/8/64 | 8/8/64 | 8/8/512
x3208c0s7b1n0:62992:63027 [1] NCCL INFO 4 coll channels, 4 p2p channels, 2 p2p channels per peer
x3208c0s7b0n0:64724:64758 [0] NCCL INFO comm 0x14d4e1123010 rank 48 nranks 64 cudaDev 0 busId 7000 - Init COMPLETE
x3208c0s25b1n0:48837:48876 [1] NCCL INFO Connected 1 MSCCL algorithms
x3208c0s25b1n0:48837:48876 [1] NCCL INFO NCCL_PROTO set by environment to Simple
x3208c0s25b1n0:48837:48876 [1] NCCL INFO NCCL_ALGO set by environment to MSCCL,TREE,RING
x3208c0s25b1n0:48837:48876 [1] NCCL INFO threadThresholds 8/8/64 | 512/8/64 | 8/8/64 | 8/8/512
x3208c0s25b1n0:48837:48876 [1] NCCL INFO 4 coll channels, 4 p2p channels, 2 p2p channels per peer
x3004c0s19b1n0:18133:18177 [0] NCCL INFO Connected 1 MSCCL algorithms
x3004c0s19b1n0:18133:18177 [0] NCCL INFO NCCL_PROTO set by environment to Simple
x3004c0s19b1n0:18133:18177 [0] NCCL INFO NCCL_ALGO set by environment to MSCCL,TREE,RING
x3004c0s19b1n0:18133:18177 [0] NCCL INFO threadThresholds 8/8/64 | 512/8/64 | 8/8/64 | 8/8/512
x3004c0s19b1n0:18133:18177 [0] NCCL INFO 4 coll channels, 4 p2p channels, 2 p2p channels per peer
x3004c0s19b1n0:18140:18176 [3] NCCL INFO Connected 1 MSCCL algorithms
x3004c0s19b1n0:18140:18176 [3] NCCL INFO NCCL_PROTO set by environment to Simple
x3004c0s19b1n0:18140:18176 [3] NCCL INFO NCCL_ALGO set by environment to MSCCL,TREE,RING
x3004c0s19b1n0:18140:18176 [3] NCCL INFO threadThresholds 8/8/64 | 512/8/64 | 8/8/64 | 8/8/512
x3004c0s19b1n0:18140:18176 [3] NCCL INFO 4 coll channels, 4 p2p channels, 2 p2p channels per peer
x3004c0s19b0n0:47271:47304 [3] NCCL INFO Channel 00 : 59[c7000] -> 56[7000] via P2P/IPC/read
x3208c0s7b1n0:62990:63021 [0] NCCL INFO Connected 1 MSCCL algorithms
x3208c0s7b1n0:62990:63021 [0] NCCL INFO NCCL_PROTO set by environment to Simple
x3208c0s7b1n0:62990:63021 [0] NCCL INFO NCCL_ALGO set by environment to MSCCL,TREE,RING
x3208c0s7b1n0:62990:63021 [0] NCCL INFO threadThresholds 8/8/64 | 512/8/64 | 8/8/64 | 8/8/512
x3208c0s7b1n0:62990:63021 [0] NCCL INFO 4 coll channels, 4 p2p channels, 2 p2p channels per peer
x3208c0s19b1n0:37698:37730 [1] NCCL INFO comm 0x1532f045a010 rank 17 nranks 64 cudaDev 1 busId 46000 - Init COMPLETE
x3208c0s19b1n0:37700:37725 [3] NCCL INFO comm 0x14f58045a010 rank 19 nranks 64 cudaDev 3 busId c7000 - Init COMPLETE
x3208c0s1b0n0:46577:46605 [3] NCCL INFO Channel 00 : 23[c7000] -> 20[7000] via P2P/IPC/read
x3208c0s19b1n0:37697:37733 [0] NCCL INFO comm 0x1507fa45a010 rank 16 nranks 64 cudaDev 0 busId 7000 - Init COMPLETE
x3208c0s19b1n0:37699:37734 [2] NCCL INFO comm 0x146830259010 rank 18 nranks 64 cudaDev 2 busId 85000 - Init COMPLETE
x3208c0s37b1n0:38588:38620 [1] NCCL INFO comm 0x14d3c045a010 rank 45 nranks 64 cudaDev 1 busId 46000 - Init COMPLETE
x3208c0s37b1n0:38590:38621 [2] NCCL INFO comm 0x14838a45a010 rank 46 nranks 64 cudaDev 2 busId 85000 - Init COMPLETE
x3208c0s37b1n0:38587:38622 [0] NCCL INFO comm 0x147c1c027010 rank 44 nranks 64 cudaDev 0 busId 7000 - Init COMPLETE
x3208c0s37b1n0:38592:38625 [3] NCCL INFO comm 0x148e30aa6010 rank 47 nranks 64 cudaDev 3 busId c7000 - Init COMPLETE
x3208c0s37b0n0:2307:2333 [3] NCCL INFO Channel 00 : 43[c7000] -> 40[7000] via P2P/IPC/read
x3208c0s31b0n0:51195:51227 [3] NCCL INFO Channel 00 : 39[c7000] -> 36[7000] via P2P/IPC/read
x3208c0s19b0n0:15361:15394 [3] NCCL INFO comm 0x14f65445a010 rank 15 nranks 64 cudaDev 3 busId c7000 - Init COMPLETE
x3208c0s19b0n0:15355:15393 [0] NCCL INFO comm 0x1512c8420010 rank 12 nranks 64 cudaDev 0 busId 7000 - Init COMPLETE
x3208c0s19b0n0:15360:15395 [2] NCCL INFO comm 0x151d10259010 rank 14 nranks 64 cudaDev 2 busId 85000 - Init COMPLETE
x3208c0s19b0n0:15358:15392 [1] NCCL INFO comm 0x1463d045a010 rank 13 nranks 64 cudaDev 1 busId 46000 - Init COMPLETE
x3208c0s25b0n0:50111:50148 [1] NCCL INFO comm 0x1470f0259010 rank 29 nranks 64 cudaDev 1 busId 46000 - Init COMPLETE
x3208c0s25b0n0:50112:50147 [2] NCCL INFO comm 0x14b76045a010 rank 30 nranks 64 cudaDev 2 busId 85000 - Init COMPLETE
x3208c0s25b0n0:50110:50142 [0] NCCL INFO comm 0x145dda45a010 rank 28 nranks 64 cudaDev 0 busId 7000 - Init COMPLETE
x3208c0s25b0n0:50113:50141 [3] NCCL INFO comm 0x14c56445a010 rank 31 nranks 64 cudaDev 3 busId c7000 - Init COMPLETE
x3004c0s19b0n0:47268:47301 [1] NCCL INFO Connected 1 MSCCL algorithms
x3004c0s19b0n0:47268:47301 [1] NCCL INFO NCCL_PROTO set by environment to Simple
x3004c0s19b0n0:47268:47301 [1] NCCL INFO NCCL_ALGO set by environment to MSCCL,TREE,RING
x3004c0s19b0n0:47268:47301 [1] NCCL INFO threadThresholds 8/8/64 | 512/8/64 | 8/8/64 | 8/8/512
x3004c0s19b0n0:47268:47301 [1] NCCL INFO 4 coll channels, 4 p2p channels, 2 p2p channels per peer
x3208c0s25b1n0:48837:48876 [1] NCCL INFO comm 0x15505826b010 rank 33 nranks 64 cudaDev 1 busId 46000 - Init COMPLETE
x3208c0s25b1n0:48836:48872 [0] NCCL INFO comm 0x14b7d045a010 rank 32 nranks 64 cudaDev 0 busId 7000 - Init COMPLETE
x3208c0s25b1n0:48838:48873 [2] NCCL INFO comm 0x14f11445a010 rank 34 nranks 64 cudaDev 2 busId 85000 - Init COMPLETE
x3208c0s25b1n0:48839:48871 [3] NCCL INFO comm 0x154b7c82d010 rank 35 nranks 64 cudaDev 3 busId c7000 - Init COMPLETE
x3004c0s19b0n0:47271:47304 [3] NCCL INFO Channel 01 : 59[c7000] -> 56[7000] via P2P/IPC/read
x3103c0s25b0n0:38467:38497 [3] NCCL INFO comm 0x148b9a45a010 rank 3 nranks 64 cudaDev 3 busId c7000 - Init COMPLETE
x3103c0s25b0n0:38465:38503 [1] NCCL INFO comm 0x154ad045a010 rank 1 nranks 64 cudaDev 1 busId 46000 - Init COMPLETE
x3103c0s25b0n0:38464:38494 [0] NCCL INFO comm 0x14f80a45a010 rank 0 nranks 64 cudaDev 0 busId 7000 - Init COMPLETE
#
#                                                              out-of-place                       in-place          
#       size         count      type   redop    root     time   algbw   busbw #wrong     time   algbw   busbw #wrong
#        (B)    (elements)                               (us)  (GB/s)  (GB/s)            (us)  (GB/s)  (GB/s)       
x3208c0s7b1n0:62995:63022 [3] NCCL INFO comm 0x14caea45a010 rank 55 nranks 64 cudaDev 3 busId c7000 - Init COMPLETE
x3208c0s7b1n0:62994:63028 [2] NCCL INFO comm 0x154ed045a010 rank 54 nranks 64 cudaDev 2 busId 85000 - Init COMPLETE
x3208c0s7b1n0:62990:63021 [0] NCCL INFO comm 0x146480ad2010 rank 52 nranks 64 cudaDev 0 busId 7000 - Init COMPLETE
x3208c0s7b1n0:62992:63027 [1] NCCL INFO comm 0x1466205c3010 rank 53 nranks 64 cudaDev 1 busId 46000 - Init COMPLETE
x3208c0s37b0n0:2307:2333 [3] NCCL INFO Channel 01 : 43[c7000] -> 40[7000] via P2P/IPC/read
x3208c0s1b0n0:46577:46605 [3] NCCL INFO Channel 01 : 23[c7000] -> 20[7000] via P2P/IPC/read
x3004c0s19b1n0:18140:18176 [3] NCCL INFO comm 0x14b7a045a010 rank 63 nranks 64 cudaDev 3 busId c7000 - Init COMPLETE
x3004c0s19b1n0:18133:18177 [0] NCCL INFO comm 0x147c9045a010 rank 60 nranks 64 cudaDev 0 busId 7000 - Init COMPLETE
x3004c0s19b1n0:18139:18170 [2] NCCL INFO comm 0x14ab8045a010 rank 62 nranks 64 cudaDev 2 busId 85000 - Init COMPLETE
x3004c0s19b1n0:18137:18174 [1] NCCL INFO comm 0x14d1b445a010 rank 61 nranks 64 cudaDev 1 busId 46000 - Init COMPLETE
x3103c0s25b0n0:38466:38501 [2] NCCL INFO comm 0x15336045a010 rank 2 nranks 64 cudaDev 2 busId 85000 - Init COMPLETE
x3004c0s19b0n0:47271:47304 [3] NCCL INFO Connected 1 MSCCL algorithms
x3004c0s19b0n0:47271:47304 [3] NCCL INFO NCCL_PROTO set by environment to Simple
x3004c0s19b0n0:47271:47304 [3] NCCL INFO NCCL_ALGO set by environment to MSCCL,TREE,RING
x3004c0s19b0n0:47271:47304 [3] NCCL INFO threadThresholds 8/8/64 | 512/8/64 | 8/8/64 | 8/8/512
x3004c0s19b0n0:47271:47304 [3] NCCL INFO 4 coll channels, 4 p2p channels, 2 p2p channels per peer
x3208c0s31b0n0:51195:51227 [3] NCCL INFO Channel 01 : 39[c7000] -> 36[7000] via P2P/IPC/read
x3004c0s19b0n0:47266:47303 [0] NCCL INFO Connected 1 MSCCL algorithms
x3004c0s19b0n0:47266:47303 [0] NCCL INFO NCCL_PROTO set by environment to Simple
x3004c0s19b0n0:47266:47303 [0] NCCL INFO NCCL_ALGO set by environment to MSCCL,TREE,RING
x3004c0s19b0n0:47266:47303 [0] NCCL INFO threadThresholds 8/8/64 | 512/8/64 | 8/8/64 | 8/8/512
x3004c0s19b0n0:47266:47303 [0] NCCL INFO 4 coll channels, 4 p2p channels, 2 p2p channels per peer
x3208c0s1b1n0:28309:28336 [1] NCCL INFO Connected 1 MSCCL algorithms
x3208c0s1b1n0:28309:28336 [1] NCCL INFO NCCL_PROTO set by environment to Simple
x3208c0s1b1n0:28309:28336 [1] NCCL INFO NCCL_ALGO set by environment to MSCCL,TREE,RING
x3208c0s1b1n0:28309:28336 [1] NCCL INFO threadThresholds 8/8/64 | 512/8/64 | 8/8/64 | 8/8/512
x3208c0s1b1n0:28309:28336 [1] NCCL INFO 4 coll channels, 4 p2p channels, 2 p2p channels per peer
x3208c0s37b0n0:2305:2337 [1] NCCL INFO Connected 1 MSCCL algorithms
x3208c0s37b0n0:2305:2337 [1] NCCL INFO NCCL_PROTO set by environment to Simple
x3208c0s37b0n0:2305:2337 [1] NCCL INFO NCCL_ALGO set by environment to MSCCL,TREE,RING
x3208c0s37b0n0:2305:2337 [1] NCCL INFO threadThresholds 8/8/64 | 512/8/64 | 8/8/64 | 8/8/512
x3208c0s37b0n0:2305:2337 [1] NCCL INFO 4 coll channels, 4 p2p channels, 2 p2p channels per peer
x3208c0s13b1n0:22923:22953 [3] NCCL INFO Channel 00 : 11[c7000] -> 8[7000] via P2P/IPC/read
x3208c0s1b0n0:46577:46605 [3] NCCL INFO Connected 1 MSCCL algorithms
x3208c0s1b0n0:46577:46605 [3] NCCL INFO NCCL_PROTO set by environment to Simple
x3208c0s1b0n0:46577:46605 [3] NCCL INFO NCCL_ALGO set by environment to MSCCL,TREE,RING
x3208c0s1b0n0:46577:46605 [3] NCCL INFO threadThresholds 8/8/64 | 512/8/64 | 8/8/64 | 8/8/512
x3208c0s1b0n0:46577:46605 [3] NCCL INFO 4 coll channels, 4 p2p channels, 2 p2p channels per peer
x3208c0s1b0n0:46574:46606 [0] NCCL INFO Connected 1 MSCCL algorithms
x3208c0s1b0n0:46574:46606 [0] NCCL INFO NCCL_PROTO set by environment to Simple
x3208c0s1b0n0:46574:46606 [0] NCCL INFO NCCL_ALGO set by environment to MSCCL,TREE,RING
x3208c0s1b0n0:46574:46606 [0] NCCL INFO threadThresholds 8/8/64 | 512/8/64 | 8/8/64 | 8/8/512
x3208c0s1b0n0:46574:46606 [0] NCCL INFO 4 coll channels, 4 p2p channels, 2 p2p channels per peer
x3208c0s31b0n0:51189:51226 [0] NCCL INFO Connected 1 MSCCL algorithms
x3208c0s31b0n0:51189:51226 [0] NCCL INFO NCCL_PROTO set by environment to Simple
x3208c0s31b0n0:51189:51226 [0] NCCL INFO NCCL_ALGO set by environment to MSCCL,TREE,RING
x3208c0s31b0n0:51189:51226 [0] NCCL INFO threadThresholds 8/8/64 | 512/8/64 | 8/8/64 | 8/8/512
x3208c0s31b0n0:51189:51226 [0] NCCL INFO 4 coll channels, 4 p2p channels, 2 p2p channels per peer
x3208c0s31b0n0:51195:51227 [3] NCCL INFO Connected 1 MSCCL algorithms
x3208c0s31b0n0:51195:51227 [3] NCCL INFO NCCL_PROTO set by environment to Simple
x3208c0s31b0n0:51195:51227 [3] NCCL INFO NCCL_ALGO set by environment to MSCCL,TREE,RING
x3208c0s31b0n0:51195:51227 [3] NCCL INFO threadThresholds 8/8/64 | 512/8/64 | 8/8/64 | 8/8/512
x3208c0s31b0n0:51195:51227 [3] NCCL INFO 4 coll channels, 4 p2p channels, 2 p2p channels per peer
x3208c0s1b0n0:46575:46610 [1] NCCL INFO Connected 1 MSCCL algorithms
x3208c0s1b0n0:46575:46610 [1] NCCL INFO NCCL_PROTO set by environment to Simple
x3208c0s1b0n0:46575:46610 [1] NCCL INFO NCCL_ALGO set by environment to MSCCL,TREE,RING
x3208c0s1b0n0:46575:46610 [1] NCCL INFO threadThresholds 8/8/64 | 512/8/64 | 8/8/64 | 8/8/512
x3208c0s1b0n0:46575:46610 [1] NCCL INFO 4 coll channels, 4 p2p channels, 2 p2p channels per peer
x3208c0s37b0n0:2304:2334 [0] NCCL INFO Connected 1 MSCCL algorithms
x3208c0s37b0n0:2304:2334 [0] NCCL INFO NCCL_PROTO set by environment to Simple
x3208c0s37b0n0:2304:2334 [0] NCCL INFO NCCL_ALGO set by environment to MSCCL,TREE,RING
x3208c0s37b0n0:2304:2334 [0] NCCL INFO threadThresholds 8/8/64 | 512/8/64 | 8/8/64 | 8/8/512
x3208c0s37b0n0:2304:2334 [0] NCCL INFO 4 coll channels, 4 p2p channels, 2 p2p channels per peer
x3208c0s37b0n0:2307:2333 [3] NCCL INFO Connected 1 MSCCL algorithms
x3208c0s37b0n0:2307:2333 [3] NCCL INFO NCCL_PROTO set by environment to Simple
x3208c0s37b0n0:2307:2333 [3] NCCL INFO NCCL_ALGO set by environment to MSCCL,TREE,RING
x3208c0s37b0n0:2307:2333 [3] NCCL INFO threadThresholds 8/8/64 | 512/8/64 | 8/8/64 | 8/8/512
x3208c0s37b0n0:2307:2333 [3] NCCL INFO 4 coll channels, 4 p2p channels, 2 p2p channels per peer
x3207c0s7b1n0:50537:50568 [3] NCCL INFO Channel 00 : 7[c7000] -> 4[7000] via P2P/IPC/read
x3208c0s31b0n0:51191:51228 [1] NCCL INFO Connected 1 MSCCL algorithms
x3208c0s31b0n0:51191:51228 [1] NCCL INFO NCCL_PROTO set by environment to Simple
x3208c0s31b0n0:51191:51228 [1] NCCL INFO NCCL_ALGO set by environment to MSCCL,TREE,RING
x3208c0s31b0n0:51191:51228 [1] NCCL INFO threadThresholds 8/8/64 | 512/8/64 | 8/8/64 | 8/8/512
x3208c0s31b0n0:51191:51228 [1] NCCL INFO 4 coll channels, 4 p2p channels, 2 p2p channels per peer
x3208c0s13b1n0:22923:22953 [3] NCCL INFO Channel 01 : 11[c7000] -> 8[7000] via P2P/IPC/read
x3208c0s13b1n0:22923:22953 [3] NCCL INFO Connected 1 MSCCL algorithms
x3208c0s13b1n0:22923:22953 [3] NCCL INFO NCCL_PROTO set by environment to Simple
x3208c0s13b1n0:22923:22953 [3] NCCL INFO NCCL_ALGO set by environment to MSCCL,TREE,RING
x3208c0s13b1n0:22923:22953 [3] NCCL INFO threadThresholds 8/8/64 | 512/8/64 | 8/8/64 | 8/8/512
x3208c0s13b1n0:22923:22953 [3] NCCL INFO 4 coll channels, 4 p2p channels, 2 p2p channels per peer
x3208c0s13b1n0:22918:22951 [0] NCCL INFO Connected 1 MSCCL algorithms
x3208c0s13b1n0:22918:22951 [0] NCCL INFO NCCL_PROTO set by environment to Simple
x3208c0s13b1n0:22918:22951 [0] NCCL INFO NCCL_ALGO set by environment to MSCCL,TREE,RING
x3208c0s13b1n0:22918:22951 [0] NCCL INFO threadThresholds 8/8/64 | 512/8/64 | 8/8/64 | 8/8/512
x3208c0s13b1n0:22918:22951 [0] NCCL INFO 4 coll channels, 4 p2p channels, 2 p2p channels per peer
x3208c0s1b1n0:28309:28336 [1] NCCL INFO comm 0x151c0a45a010 rank 25 nranks 64 cudaDev 1 busId 46000 - Init COMPLETE
x3208c0s1b1n0:28310:28339 [2] NCCL INFO comm 0x14690c45a010 rank 26 nranks 64 cudaDev 2 busId 85000 - Init COMPLETE
x3004c0s19b0n0:47271:47304 [3] NCCL INFO comm 0x15460045a010 rank 59 nranks 64 cudaDev 3 busId c7000 - Init COMPLETE
x3208c0s1b1n0:28308:28345 [0] NCCL INFO comm 0x14df9075a010 rank 24 nranks 64 cudaDev 0 busId 7000 - Init COMPLETE
x3004c0s19b0n0:47269:47302 [2] NCCL INFO comm 0x1536d445a010 rank 58 nranks 64 cudaDev 2 busId 85000 - Init COMPLETE
x3004c0s19b0n0:47266:47303 [0] NCCL INFO comm 0x153c8810e010 rank 56 nranks 64 cudaDev 0 busId 7000 - Init COMPLETE
x3004c0s19b0n0:47268:47301 [1] NCCL INFO comm 0x151f3045a010 rank 57 nranks 64 cudaDev 1 busId 46000 - Init COMPLETE
x3207c0s7b1n0:50537:50568 [3] NCCL INFO Channel 01 : 7[c7000] -> 4[7000] via P2P/IPC/read
x3208c0s1b1n0:28311:28343 [3] NCCL INFO comm 0x14d8ca45a010 rank 27 nranks 64 cudaDev 3 busId c7000 - Init COMPLETE
x3208c0s13b1n0:22921:22956 [2] NCCL INFO comm 0x1554d045a010 rank 10 nranks 64 cudaDev 2 busId 85000 - Init COMPLETE
x3208c0s13b1n0:22918:22951 [0] NCCL INFO comm 0x1458b045a010 rank 8 nranks 64 cudaDev 0 busId 7000 - Init COMPLETE
x3208c0s13b1n0:22919:22957 [1] NCCL INFO comm 0x14c3f045a010 rank 9 nranks 64 cudaDev 1 busId 46000 - Init COMPLETE
x3208c0s13b1n0:22923:22953 [3] NCCL INFO comm 0x14656c1ef010 rank 11 nranks 64 cudaDev 3 busId c7000 - Init COMPLETE
x3208c0s1b0n0:46577:46605 [3] NCCL INFO comm 0x1496b045a010 rank 23 nranks 64 cudaDev 3 busId c7000 - Init COMPLETE
x3208c0s1b0n0:46574:46606 [0] NCCL INFO comm 0x14e23a45a010 rank 20 nranks 64 cudaDev 0 busId 7000 - Init COMPLETE
x3208c0s1b0n0:46575:46610 [1] NCCL INFO comm 0x14c5ba45a010 rank 21 nranks 64 cudaDev 1 busId 46000 - Init COMPLETE
x3208c0s1b0n0:46576:46607 [2] NCCL INFO comm 0x14f3c445a010 rank 22 nranks 64 cudaDev 2 busId 85000 - Init COMPLETE
x3207c0s7b1n0:50537:50568 [3] NCCL INFO Connected 1 MSCCL algorithms
x3207c0s7b1n0:50537:50568 [3] NCCL INFO NCCL_PROTO set by environment to Simple
x3207c0s7b1n0:50537:50568 [3] NCCL INFO NCCL_ALGO set by environment to MSCCL,TREE,RING
x3207c0s7b1n0:50537:50568 [3] NCCL INFO threadThresholds 8/8/64 | 512/8/64 | 8/8/64 | 8/8/512
x3207c0s7b1n0:50537:50568 [3] NCCL INFO 4 coll channels, 4 p2p channels, 2 p2p channels per peer
x3208c0s37b0n0:2305:2337 [1] NCCL INFO comm 0x14f3a445a010 rank 41 nranks 64 cudaDev 1 busId 46000 - Init COMPLETE
x3208c0s37b0n0:2307:2333 [3] NCCL INFO comm 0x14732045a010 rank 43 nranks 64 cudaDev 3 busId c7000 - Init COMPLETE
x3208c0s37b0n0:2306:2340 [2] NCCL INFO comm 0x14841a45a010 rank 42 nranks 64 cudaDev 2 busId 85000 - Init COMPLETE
x3207c0s7b1n0:50534:50573 [0] NCCL INFO Connected 1 MSCCL algorithms
x3207c0s7b1n0:50534:50573 [0] NCCL INFO NCCL_PROTO set by environment to Simple
x3207c0s7b1n0:50534:50573 [0] NCCL INFO NCCL_ALGO set by environment to MSCCL,TREE,RING
x3207c0s7b1n0:50534:50573 [0] NCCL INFO threadThresholds 8/8/64 | 512/8/64 | 8/8/64 | 8/8/512
x3207c0s7b1n0:50534:50573 [0] NCCL INFO 4 coll channels, 4 p2p channels, 2 p2p channels per peer
x3208c0s31b0n0:51195:51227 [3] NCCL INFO comm 0x14a5f045a010 rank 39 nranks 64 cudaDev 3 busId c7000 - Init COMPLETE
x3208c0s31b0n0:51191:51228 [1] NCCL INFO comm 0x14d8fa259010 rank 37 nranks 64 cudaDev 1 busId 46000 - Init COMPLETE
x3208c0s37b0n0:2304:2334 [0] NCCL INFO comm 0x14dc4445a010 rank 40 nranks 64 cudaDev 0 busId 7000 - Init COMPLETE
x3208c0s31b0n0:51189:51226 [0] NCCL INFO comm 0x14e76845a010 rank 36 nranks 64 cudaDev 0 busId 7000 - Init COMPLETE
x3208c0s31b0n0:51193:51225 [2] NCCL INFO comm 0x14a80c3c2010 rank 38 nranks 64 cudaDev 2 busId 85000 - Init COMPLETE
x3207c0s7b1n0:50537:50568 [3] NCCL INFO comm 0x14ac60a00010 rank 7 nranks 64 cudaDev 3 busId c7000 - Init COMPLETE
x3207c0s7b1n0:50535:50567 [1] NCCL INFO comm 0x1462fc45a010 rank 5 nranks 64 cudaDev 1 busId 46000 - Init COMPLETE
x3207c0s7b1n0:50534:50573 [0] NCCL INFO comm 0x153bb8b55010 rank 4 nranks 64 cudaDev 0 busId 7000 - Init COMPLETE
x3207c0s7b1n0:50536:50574 [2] NCCL INFO comm 0x14c3b1a21010 rank 6 nranks 64 cudaDev 2 busId 85000 - Init COMPLETE
x3103c0s25b0n0:38464:38464 [0] NCCL INFO Launch mode Parallel
          32             8     float     sum      -1    223.7    0.00    0.00    512    224.4    0.00    0.00      0
          64            16     float     sum      -1    225.1    0.00    0.00   1024    224.0    0.00    0.00      0
         128            32     float     sum      -1    221.6    0.00    0.00   2048    222.2    0.00    0.00      0
         256            64     float     sum      -1    221.8    0.00    0.00   4096    221.6    0.00    0.00      0
         512           128     float     sum      -1    222.1    0.00    0.00   8192    222.1    0.00    0.00      0
        1024           256     float     sum      -1    222.4    0.00    0.01  16384    223.4    0.00    0.01      0
        2048           512     float     sum      -1    223.2    0.01    0.02  32768    222.5    0.01    0.02      0
        4096          1024     float     sum      -1    223.4    0.02    0.04  65536    222.8    0.02    0.04      0
        8192          2048     float     sum      -1    224.5    0.04    0.07  131072    223.6    0.04    0.07      0
       16384          4096     float     sum      -1    227.3    0.07    0.14  262144    227.7    0.07    0.14      0
       32768          8192     float     sum      -1    242.0    0.14    0.27  524288    241.9    0.14    0.27      0
       65536         16384     float     sum      -1    249.0    0.26    0.52  1.04858e+06    249.4    0.26    0.52      0
      131072         32768     float     sum      -1    271.9    0.48    0.95  2.09715e+06    271.6    0.48    0.95      0
      262144         65536     float     sum      -1    314.6    0.83    1.64  4.1943e+06    315.2    0.83    1.64      0
      524288        131072     float     sum      -1    413.8    1.27    2.49  8.38861e+06    413.0    1.27    2.50      0
     1048576        262144     float     sum      -1    615.5    1.70    3.35  1.67772e+07    620.9    1.69    3.32      0
     2097152        524288     float     sum      -1   1055.3    1.99    3.91  3.35544e+07   1052.4    1.99    3.92      0
     4194304       1048576     float     sum      -1   1944.9    2.16    4.25  6.71089e+07   1951.8    2.15    4.23      0
     8388608       2097152     float     sum      -1   3759.3    2.23    4.39  1.34218e+08   3776.3    2.22    4.37      0
    16777216       4194304     float     sum      -1   7393.5    2.27    4.47  2.68435e+08   7370.7    2.28    4.48      0
