x3002c0s1b1n0:49992:50096 [1] NCCL INFO Channel 02 : 9[46000] -> 10[85000] via P2P/IPC/read
x3002c0s25b1n0:62933:63036 [0] NCCL INFO Channel 02 : 12[7000] -> 13[46000] via P2P/IPC/read
x3002c0s25b1n0:62933:63036 [0] NCCL INFO Channel 03 : 12[7000] -> 13[46000] via P2P/IPC/read
x3002c0s7b0n0:23548:23655 [0] NCCL INFO Channel 02/0 : 32[7000] -> 36[7000] [send] via NET/IB/1
x3002c0s7b0n0:23548:23655 [0] NCCL INFO Channel 03/0 : 32[7000] -> 36[7000] [send] via NET/IB/0
x3003c0s19b0n0:7226:7326 [2] NCCL INFO Channel 00 : 50[85000] -> 49[46000] via P2P/IPC/read
x3002c0s31b0n0:47376:47480 [0] NCCL INFO Channel 02/0 : 16[7000] -> 20[7000] [send] via NET/IB/1
x3002c0s37b0n0:22733:22834 [2] NCCL INFO Channel 00 : 26[85000] -> 25[46000] via P2P/IPC/read
x3002c0s37b0n0:22733:22834 [2] NCCL INFO Channel 01 : 26[85000] -> 25[46000] via P2P/IPC/read
x3002c0s37b0n0:22733:22834 [2] NCCL INFO Channel 02 : 26[85000] -> 25[46000] via P2P/IPC/read
x3002c0s37b0n0:22733:22834 [2] NCCL INFO Channel 03 : 26[85000] -> 25[46000] via P2P/IPC/read
x3002c0s37b0n0:22735:22836 [3] NCCL INFO Connected all trees
x3002c0s37b0n0:22735:22836 [3] NCCL INFO MSCCL_XML_FILES set by environment to /home/yuke/ncclPG/msccl_tools_lyd/examples/xml/allreduce_binary_tree_h_p_8_ch_intra_pipe_inter_2nicPtree.xml
x3002c0s37b0n0:22735:22836 [3] NCCL INFO MSCCL: Parsing algorithm /home/yuke/ncclPG/msccl_tools_lyd/examples/xml/allreduce_binary_tree_h_p_8_ch_intra_pipe_inter_2nicPtree.xml
x3002c0s1b1n0:49992:50096 [1] NCCL INFO Channel 03 : 9[46000] -> 10[85000] via P2P/IPC/read
x3002c0s31b1n0:38012:38113 [0] NCCL INFO Channel 02/0 : 16[7000] -> 20[7000] [receive] via NET/IB/1
x3002c0s31b1n0:38013:38119 [1] NCCL INFO Channel 03/0 : 21[46000] -> 24[7000] [send] via NET/IB/0
x3002c0s37b0n0:22735:22836 [3] NCCL INFO Parsed MSCCL Algorithm /home/yuke/ncclPG/msccl_tools_lyd/examples/xml/allreduce_binary_tree_h_p_8_ch_intra_pipe_inter_2nicPtree.xml successfully.
x3004c0s13b1n0:9634:9740 [1] NCCL INFO Channel 01/0 : 52[7000] -> 57[46000] [receive] via NET/IB/0
x3003c0s13b0n0:64228:64332 [2] NCCL INFO Channel 01 : 42[85000] -> 41[46000] via P2P/IPC/read
x3002c0s7b1n0:48799:48896 [2] NCCL INFO Channel 00 : 38[85000] -> 37[46000] via P2P/IPC/read
x3003c0s19b1n0:29393:29493 [3] NCCL INFO Channel 04/0 : 55[c7000] -> 59[c7000] [send] via NET/IB/0
x3003c0s19b1n0:29393:29493 [3] NCCL INFO Channel 07/0 : 55[c7000] -> 59[c7000] [send] via NET/IB/0
x3002c0s1b0n0:8014:8114 [0] NCCL INFO Channel 02 : 4[7000] -> 5[46000] via P2P/IPC/read
x3002c0s7b0n0:23552:23651 [2] NCCL INFO Channel 00 : 34[85000] -> 33[46000] via P2P/IPC/read
x3002c0s7b0n0:23552:23651 [2] NCCL INFO Channel 01 : 34[85000] -> 33[46000] via P2P/IPC/read
x3002c0s7b0n0:23552:23651 [2] NCCL INFO Channel 02 : 34[85000] -> 33[46000] via P2P/IPC/read
x3002c0s7b0n0:23552:23651 [2] NCCL INFO Channel 03 : 34[85000] -> 33[46000] via P2P/IPC/read
x3002c0s25b1n0:62934:63039 [1] NCCL INFO Channel 00 : 13[46000] -> 14[85000] via P2P/IPC/read
x3002c0s25b1n0:62934:63039 [1] NCCL INFO Channel 01 : 13[46000] -> 14[85000] via P2P/IPC/read
x3002c0s25b1n0:62934:63039 [1] NCCL INFO Channel 02 : 13[46000] -> 14[85000] via P2P/IPC/read
x3002c0s25b1n0:62934:63039 [1] NCCL INFO Channel 03 : 13[46000] -> 14[85000] via P2P/IPC/read
x3002c0s7b0n0:23553:23654 [3] NCCL INFO Connected all trees
x3002c0s7b0n0:23553:23654 [3] NCCL INFO MSCCL_XML_FILES set by environment to /home/yuke/ncclPG/msccl_tools_lyd/examples/xml/allreduce_binary_tree_h_p_8_ch_intra_pipe_inter_2nicPtree.xml
x3002c0s7b0n0:23553:23654 [3] NCCL INFO MSCCL: Parsing algorithm /home/yuke/ncclPG/msccl_tools_lyd/examples/xml/allreduce_binary_tree_h_p_8_ch_intra_pipe_inter_2nicPtree.xml
x3002c0s7b1n0:48797:48901 [0] NCCL INFO Channel 03/0 : 32[7000] -> 36[7000] [receive] via NET/IB/0
x3002c0s7b0n0:23553:23654 [3] NCCL INFO Parsed MSCCL Algorithm /home/yuke/ncclPG/msccl_tools_lyd/examples/xml/allreduce_binary_tree_h_p_8_ch_intra_pipe_inter_2nicPtree.xml successfully.
x3002c0s7b0n0:23553:23654 [3] NCCL INFO Channel 06/0 : 35[c7000] -> 39[c7000] [send] via NET/IB/0
x3003c0s19b0n0:7226:7326 [2] NCCL INFO Channel 01 : 50[85000] -> 49[46000] via P2P/IPC/read
x3003c0s19b0n0:7226:7326 [2] NCCL INFO Channel 02 : 50[85000] -> 49[46000] via P2P/IPC/read
x3003c0s19b0n0:7226:7326 [2] NCCL INFO Channel 03 : 50[85000] -> 49[46000] via P2P/IPC/read
x3002c0s19b1n0:30974:31072 [1] NCCL INFO Channel 00 : 1[46000] -> 2[85000] via P2P/IPC/read
x3002c0s7b0n0:23550:23649 [1] NCCL INFO Channel 00/0 : 16[7000] -> 33[46000] [receive] via NET/IB/1
x3002c0s19b1n0:30974:31072 [1] NCCL INFO Channel 01 : 1[46000] -> 2[85000] via P2P/IPC/read
x3002c0s19b1n0:30974:31072 [1] NCCL INFO Channel 02 : 1[46000] -> 2[85000] via P2P/IPC/read
x3002c0s19b1n0:30974:31072 [1] NCCL INFO Channel 03 : 1[46000] -> 2[85000] via P2P/IPC/read
x3002c0s31b0n0:47377:47479 [1] NCCL INFO Channel 00/0 : 8[7000] -> 17[46000] [receive] via NET/IB/1
x3004c0s13b1n0:9633:9735 [0] NCCL INFO Channel 02/0 : 53[46000] -> 56[7000] [receive] via NET/IB/1
x3003c0s19b0n0:7227:7323 [3] NCCL INFO Connected all trees
x3003c0s19b0n0:7227:7323 [3] NCCL INFO MSCCL_XML_FILES set by environment to /home/yuke/ncclPG/msccl_tools_lyd/examples/xml/allreduce_binary_tree_h_p_8_ch_intra_pipe_inter_2nicPtree.xml
x3003c0s19b0n0:7227:7323 [3] NCCL INFO MSCCL: Parsing algorithm /home/yuke/ncclPG/msccl_tools_lyd/examples/xml/allreduce_binary_tree_h_p_8_ch_intra_pipe_inter_2nicPtree.xml
x3002c0s1b0n0:8015:8118 [1] NCCL INFO Channel 00 : 5[46000] -> 6[85000] via P2P/IPC/read
x3002c0s1b0n0:8015:8118 [1] NCCL INFO Channel 01 : 5[46000] -> 6[85000] via P2P/IPC/read
x3002c0s1b0n0:8015:8118 [1] NCCL INFO Channel 02 : 5[46000] -> 6[85000] via P2P/IPC/read
x3002c0s1b0n0:8015:8118 [1] NCCL INFO Channel 03 : 5[46000] -> 6[85000] via P2P/IPC/read
x3002c0s37b1n0:45083:45185 [2] NCCL INFO Channel 00 : 30[85000] -> 29[46000] via P2P/IPC/read
x3002c0s31b1n0:38014:38111 [2] NCCL INFO Channel 03 : 22[85000] -> 21[46000] via P2P/IPC/read
x3002c0s37b0n0:22732:22833 [1] NCCL INFO Channel 00/0 : 20[7000] -> 25[46000] [receive] via NET/IB/1
x3002c0s37b0n0:22732:22833 [1] NCCL INFO Channel 01/0 : 20[7000] -> 25[46000] [receive] via NET/IB/0
x3004c0s19b0n0:8709:8839 [1] NCCL INFO Channel 05/0 : 57[46000] -> 61[46000] [receive] via NET/IB/1
x3002c0s1b1n0:49990:50090 [0] NCCL INFO Channel 02/0 : 5[46000] -> 8[7000] [receive] via NET/IB/1
x3002c0s1b1n0:49993:50091 [2] NCCL INFO Channel 00 : 10[85000] -> 9[46000] via P2P/IPC/read
x3002c0s1b1n0:49993:50091 [2] NCCL INFO Channel 01 : 10[85000] -> 9[46000] via P2P/IPC/read
x3002c0s1b1n0:49993:50091 [2] NCCL INFO Channel 02 : 10[85000] -> 9[46000] via P2P/IPC/read
x3002c0s1b1n0:49993:50091 [2] NCCL INFO Channel 03 : 10[85000] -> 9[46000] via P2P/IPC/read
x3002c0s1b1n0:49995:50093 [3] NCCL INFO Connected all trees
x3002c0s1b1n0:49995:50093 [3] NCCL INFO MSCCL_XML_FILES set by environment to /home/yuke/ncclPG/msccl_tools_lyd/examples/xml/allreduce_binary_tree_h_p_8_ch_intra_pipe_inter_2nicPtree.xml
x3002c0s1b1n0:49995:50093 [3] NCCL INFO MSCCL: Parsing algorithm /home/yuke/ncclPG/msccl_tools_lyd/examples/xml/allreduce_binary_tree_h_p_8_ch_intra_pipe_inter_2nicPtree.xml
x3002c0s31b1n0:38012:38113 [0] NCCL INFO Channel 03/0 : 16[7000] -> 20[7000] [receive] via NET/IB/0
x3003c0s13b0n0:64228:64332 [2] NCCL INFO Channel 02 : 42[85000] -> 41[46000] via P2P/IPC/read
x3003c0s19b0n0:7227:7323 [3] NCCL INFO Parsed MSCCL Algorithm /home/yuke/ncclPG/msccl_tools_lyd/examples/xml/allreduce_binary_tree_h_p_8_ch_intra_pipe_inter_2nicPtree.xml successfully.
x3002c0s7b1n0:48798:48895 [1] NCCL INFO Channel 03/0 : 37[46000] -> 40[7000] [send] via NET/IB/0
x3002c0s7b0n0:23550:23649 [1] NCCL INFO Channel 01/0 : 16[7000] -> 33[46000] [receive] via NET/IB/0
x3003c0s19b0n0:7222:7327 [0] NCCL INFO Channel 00/0 : 48[7000] -> 56[7000] [send] via NET/IB/1
x3004c0s13b1n0:9633:9735 [0] NCCL INFO Channel 03/0 : 53[46000] -> 56[7000] [receive] via NET/IB/0
x3002c0s37b0n0:22731:22835 [0] NCCL INFO Channel 02/0 : 21[46000] -> 24[7000] [receive] via NET/IB/1
x3003c0s19b0n0:7227:7323 [3] NCCL INFO Channel 06/0 : 51[c7000] -> 55[c7000] [send] via NET/IB/0
x3002c0s19b1n0:30973:31069 [0] NCCL INFO Channel 02/0 : 0[7000] -> 4[7000] [send] via NET/IB/1
x3002c0s7b1n0:48799:48896 [2] NCCL INFO Channel 01 : 38[85000] -> 37[46000] via P2P/IPC/read
x3002c0s31b0n0:47376:47480 [0] NCCL INFO Channel 03/0 : 16[7000] -> 20[7000] [send] via NET/IB/0
x3002c0s1b0n0:8014:8114 [0] NCCL INFO Channel 03 : 4[7000] -> 5[46000] via P2P/IPC/read
x3002c0s37b0n0:22735:22836 [3] NCCL INFO Channel 04/0 : 23[c7000] -> 27[c7000] [receive] via NET/IB/0
x3002c0s1b1n0:49995:50093 [3] NCCL INFO Parsed MSCCL Algorithm /home/yuke/ncclPG/msccl_tools_lyd/examples/xml/allreduce_binary_tree_h_p_8_ch_intra_pipe_inter_2nicPtree.xml successfully.
x3002c0s1b1n0:49995:50093 [3] NCCL INFO Channel 04/0 : 7[c7000] -> 11[c7000] [receive] via NET/IB/0
x3002c0s1b1n0:49995:50093 [3] NCCL INFO Channel 07/0 : 7[c7000] -> 11[c7000] [receive] via NET/IB/0
x3002c0s1b1n0:49995:50093 [3] NCCL INFO Channel 05/0 : 11[c7000] -> 15[c7000] [send] via NET/IB/0
x3002c0s37b0n0:22731:22835 [0] NCCL INFO Channel 03/0 : 21[46000] -> 24[7000] [receive] via NET/IB/0
x3002c0s31b1n0:38015:38116 [3] NCCL INFO Connected all trees
x3002c0s31b1n0:38015:38116 [3] NCCL INFO MSCCL_XML_FILES set by environment to /home/yuke/ncclPG/msccl_tools_lyd/examples/xml/allreduce_binary_tree_h_p_8_ch_intra_pipe_inter_2nicPtree.xml
x3002c0s31b1n0:38015:38116 [3] NCCL INFO MSCCL: Parsing algorithm /home/yuke/ncclPG/msccl_tools_lyd/examples/xml/allreduce_binary_tree_h_p_8_ch_intra_pipe_inter_2nicPtree.xml
x3003c0s13b0n0:64228:64332 [2] NCCL INFO Channel 03 : 42[85000] -> 41[46000] via P2P/IPC/read
x3002c0s31b0n0:47377:47479 [1] NCCL INFO Channel 01/0 : 8[7000] -> 17[46000] [receive] via NET/IB/0
x3003c0s19b1n0:29389:29487 [0] NCCL INFO Channel 00/0 : 52[7000] -> 57[46000] [send] via NET/IB/1
x3002c0s1b1n0:49990:50090 [0] NCCL INFO Channel 03/0 : 5[46000] -> 8[7000] [receive] via NET/IB/0
x3003c0s19b0n0:7222:7327 [0] NCCL INFO Channel 01/0 : 48[7000] -> 56[7000] [send] via NET/IB/0
x3002c0s7b1n0:48799:48896 [2] NCCL INFO Channel 02 : 38[85000] -> 37[46000] via P2P/IPC/read
x3002c0s7b1n0:48799:48896 [2] NCCL INFO Channel 03 : 38[85000] -> 37[46000] via P2P/IPC/read
x3002c0s7b1n0:48800:48902 [3] NCCL INFO Connected all trees
x3002c0s7b1n0:48800:48902 [3] NCCL INFO MSCCL_XML_FILES set by environment to /home/yuke/ncclPG/msccl_tools_lyd/examples/xml/allreduce_binary_tree_h_p_8_ch_intra_pipe_inter_2nicPtree.xml
x3002c0s7b1n0:48800:48902 [3] NCCL INFO MSCCL: Parsing algorithm /home/yuke/ncclPG/msccl_tools_lyd/examples/xml/allreduce_binary_tree_h_p_8_ch_intra_pipe_inter_2nicPtree.xml
x3002c0s31b1n0:38015:38116 [3] NCCL INFO Parsed MSCCL Algorithm /home/yuke/ncclPG/msccl_tools_lyd/examples/xml/allreduce_binary_tree_h_p_8_ch_intra_pipe_inter_2nicPtree.xml successfully.
x3002c0s1b1n0:49992:50096 [1] NCCL INFO Channel 00/0 : 4[7000] -> 9[46000] [receive] via NET/IB/1
x3002c0s25b1n0:62934:63039 [1] NCCL INFO Channel 02/0 : 13[46000] -> 20[7000] [send] via NET/IB/1
x3002c0s7b1n0:48800:48902 [3] NCCL INFO Parsed MSCCL Algorithm /home/yuke/ncclPG/msccl_tools_lyd/examples/xml/allreduce_binary_tree_h_p_8_ch_intra_pipe_inter_2nicPtree.xml successfully.
x3003c0s19b1n0:29389:29487 [0] NCCL INFO Channel 01/0 : 52[7000] -> 57[46000] [send] via NET/IB/0
x3002c0s37b1n0:45083:45185 [2] NCCL INFO Channel 01 : 30[85000] -> 29[46000] via P2P/IPC/read
x3002c0s37b0n0:22735:22836 [3] NCCL INFO Channel 07/0 : 23[c7000] -> 27[c7000] [receive] via NET/IB/0
x3002c0s31b1n0:38015:38116 [3] NCCL INFO Channel 06/0 : 19[c7000] -> 23[c7000] [receive] via NET/IB/0
x3002c0s31b1n0:38015:38116 [3] NCCL INFO Channel 04/0 : 23[c7000] -> 27[c7000] [send] via NET/IB/0
x3002c0s1b1n0:49992:50096 [1] NCCL INFO Channel 01/0 : 4[7000] -> 9[46000] [receive] via NET/IB/0
x3002c0s37b1n0:45083:45185 [2] NCCL INFO Channel 02 : 30[85000] -> 29[46000] via P2P/IPC/read
x3002c0s25b1n0:62934:63039 [1] NCCL INFO Channel 03/0 : 13[46000] -> 20[7000] [send] via NET/IB/0
x3002c0s25b1n0:62933:63036 [0] NCCL INFO Channel 00/0 : 8[7000] -> 12[7000] [receive] via NET/IB/1
x3002c0s31b1n0:38015:38116 [3] NCCL INFO Channel 07/0 : 23[c7000] -> 27[c7000] [send] via NET/IB/0
x3003c0s13b0n0:64230:64327 [3] NCCL INFO Connected all trees
x3003c0s13b0n0:64230:64327 [3] NCCL INFO MSCCL_XML_FILES set by environment to /home/yuke/ncclPG/msccl_tools_lyd/examples/xml/allreduce_binary_tree_h_p_8_ch_intra_pipe_inter_2nicPtree.xml
x3003c0s13b0n0:64230:64327 [3] NCCL INFO MSCCL: Parsing algorithm /home/yuke/ncclPG/msccl_tools_lyd/examples/xml/allreduce_binary_tree_h_p_8_ch_intra_pipe_inter_2nicPtree.xml
x3002c0s7b1n0:48800:48902 [3] NCCL INFO Channel 06/0 : 35[c7000] -> 39[c7000] [receive] via NET/IB/0
x3002c0s19b1n0:30973:31069 [0] NCCL INFO Channel 03/0 : 0[7000] -> 4[7000] [send] via NET/IB/0
x3002c0s1b0n0:8015:8118 [1] NCCL INFO Channel 02/0 : 5[46000] -> 8[7000] [send] via NET/IB/1
x3003c0s13b0n0:64230:64327 [3] NCCL INFO Parsed MSCCL Algorithm /home/yuke/ncclPG/msccl_tools_lyd/examples/xml/allreduce_binary_tree_h_p_8_ch_intra_pipe_inter_2nicPtree.xml successfully.
x3003c0s19b0n0:7227:7323 [3] NCCL INFO Channel 04/0 : 43[c7000] -> 51[c7000] [receive] via NET/IB/0
x3002c0s37b1n0:45083:45185 [2] NCCL INFO Channel 03 : 30[85000] -> 29[46000] via P2P/IPC/read
x3002c0s19b1n0:30975:31078 [2] NCCL INFO Channel 00 : 2[85000] -> 1[46000] via P2P/IPC/read
x3002c0s19b1n0:30975:31078 [2] NCCL INFO Channel 01 : 2[85000] -> 1[46000] via P2P/IPC/read
x3002c0s19b1n0:30975:31078 [2] NCCL INFO Channel 02 : 2[85000] -> 1[46000] via P2P/IPC/read
x3002c0s19b1n0:30975:31078 [2] NCCL INFO Channel 03 : 2[85000] -> 1[46000] via P2P/IPC/read
x3002c0s37b1n0:45085:45183 [3] NCCL INFO Connected all trees
x3002c0s37b1n0:45085:45183 [3] NCCL INFO MSCCL_XML_FILES set by environment to /home/yuke/ncclPG/msccl_tools_lyd/examples/xml/allreduce_binary_tree_h_p_8_ch_intra_pipe_inter_2nicPtree.xml
x3002c0s37b1n0:45085:45183 [3] NCCL INFO MSCCL: Parsing algorithm /home/yuke/ncclPG/msccl_tools_lyd/examples/xml/allreduce_binary_tree_h_p_8_ch_intra_pipe_inter_2nicPtree.xml
x3002c0s19b1n0:30976:31076 [3] NCCL INFO Connected all trees
x3002c0s19b1n0:30976:31076 [3] NCCL INFO MSCCL_XML_FILES set by environment to /home/yuke/ncclPG/msccl_tools_lyd/examples/xml/allreduce_binary_tree_h_p_8_ch_intra_pipe_inter_2nicPtree.xml
x3002c0s19b1n0:30976:31076 [3] NCCL INFO MSCCL: Parsing algorithm /home/yuke/ncclPG/msccl_tools_lyd/examples/xml/allreduce_binary_tree_h_p_8_ch_intra_pipe_inter_2nicPtree.xml
x3002c0s19b1n0:30974:31072 [1] NCCL INFO Connected all trees
x3002c0s19b1n0:30974:31072 [1] NCCL INFO MSCCL_XML_FILES set by environment to /home/yuke/ncclPG/msccl_tools_lyd/examples/xml/allreduce_binary_tree_h_p_8_ch_intra_pipe_inter_2nicPtree.xml
x3002c0s19b1n0:30974:31072 [1] NCCL INFO MSCCL: Parsing algorithm /home/yuke/ncclPG/msccl_tools_lyd/examples/xml/allreduce_binary_tree_h_p_8_ch_intra_pipe_inter_2nicPtree.xml
x3002c0s7b1n0:48797:48901 [0] NCCL INFO Channel 00/0 : 36[7000] -> 41[46000] [send] via NET/IB/1
x3002c0s19b1n0:30975:31078 [2] NCCL INFO Connected all trees
x3002c0s19b1n0:30975:31078 [2] NCCL INFO MSCCL_XML_FILES set by environment to /home/yuke/ncclPG/msccl_tools_lyd/examples/xml/allreduce_binary_tree_h_p_8_ch_intra_pipe_inter_2nicPtree.xml
x3002c0s19b1n0:30975:31078 [2] NCCL INFO MSCCL: Parsing algorithm /home/yuke/ncclPG/msccl_tools_lyd/examples/xml/allreduce_binary_tree_h_p_8_ch_intra_pipe_inter_2nicPtree.xml
x3002c0s1b0n0:8014:8114 [0] NCCL INFO Channel 02/0 : 0[7000] -> 4[7000] [receive] via NET/IB/1
x3002c0s1b0n0:8015:8118 [1] NCCL INFO Channel 03/0 : 5[46000] -> 8[7000] [send] via NET/IB/0
x3002c0s37b1n0:45085:45183 [3] NCCL INFO Parsed MSCCL Algorithm /home/yuke/ncclPG/msccl_tools_lyd/examples/xml/allreduce_binary_tree_h_p_8_ch_intra_pipe_inter_2nicPtree.xml successfully.
x3002c0s31b0n0:47379:47478 [2] NCCL INFO Channel 00 : 18[85000] -> 17[46000] via P2P/IPC/read
x3002c0s19b1n0:30974:31072 [1] NCCL INFO Parsed MSCCL Algorithm /home/yuke/ncclPG/msccl_tools_lyd/examples/xml/allreduce_binary_tree_h_p_8_ch_intra_pipe_inter_2nicPtree.xml successfully.
x3002c0s19b1n0:30975:31078 [2] NCCL INFO Parsed MSCCL Algorithm /home/yuke/ncclPG/msccl_tools_lyd/examples/xml/allreduce_binary_tree_h_p_8_ch_intra_pipe_inter_2nicPtree.xml successfully.
x3002c0s19b1n0:30976:31076 [3] NCCL INFO Parsed MSCCL Algorithm /home/yuke/ncclPG/msccl_tools_lyd/examples/xml/allreduce_binary_tree_h_p_8_ch_intra_pipe_inter_2nicPtree.xml successfully.
x3002c0s25b1n0:62933:63036 [0] NCCL INFO Channel 01/0 : 8[7000] -> 12[7000] [receive] via NET/IB/0
x3002c0s7b1n0:48800:48902 [3] NCCL INFO Channel 04/0 : 39[c7000] -> 43[c7000] [send] via NET/IB/0
x3002c0s19b1n0:30975:31078 [2] NCCL INFO Connected 1 MSCCL algorithms
x3002c0s19b1n0:30975:31078 [2] NCCL INFO NCCL_PROTO set by environment to Simple
x3002c0s19b1n0:30975:31078 [2] NCCL INFO NCCL_ALGO set by environment to MSCCL,TREE,RING
x3002c0s19b1n0:30975:31078 [2] NCCL INFO threadThresholds 8/8/64 | 512/8/64 | 8/8/64 | 8/8/512
x3002c0s19b1n0:30975:31078 [2] NCCL INFO 8 coll channels, 4 p2p channels, 2 p2p channels per peer
x3004c0s19b0n0:8712:8838 [3] NCCL INFO Channel 06/0 : 31[c7000] -> 63[c7000] [receive] via NET/IB/0
x3002c0s7b0n0:23548:23655 [0] NCCL INFO Channel 00/0 : 32[7000] -> 48[7000] [send] via NET/IB/1
x3002c0s37b0n0:22735:22836 [3] NCCL INFO Channel 05/0 : 27[c7000] -> 31[c7000] [send] via NET/IB/0
x3002c0s31b0n0:47379:47478 [2] NCCL INFO Channel 01 : 18[85000] -> 17[46000] via P2P/IPC/read
x3004c0s13b1n0:9633:9735 [0] NCCL INFO Channel 00/0 : 56[7000] -> 60[7000] [send] via NET/IB/1
x3004c0s13b1n0:9634:9740 [1] NCCL INFO Channel 00/0 : 57[46000] -> 52[7000] [send] via NET/IB/1
x3002c0s7b0n0:23548:23655 [0] NCCL INFO Channel 01/0 : 32[7000] -> 48[7000] [send] via NET/IB/0
x3004c0s19b0n0:8712:8838 [3] NCCL INFO Channel 07/0 : 63[c7000] -> 31[c7000] [send] via NET/IB/0
x3003c0s13b0n0:64230:64327 [3] NCCL INFO Channel 04/0 : 39[c7000] -> 43[c7000] [receive] via NET/IB/0
x3002c0s19b1n0:30976:31076 [3] NCCL INFO Channel 06/0 : 3[c7000] -> 7[c7000] [send] via NET/IB/0
x3002c0s31b0n0:47379:47478 [2] NCCL INFO Channel 02 : 18[85000] -> 17[46000] via P2P/IPC/read
x3002c0s31b0n0:47379:47478 [2] NCCL INFO Channel 03 : 18[85000] -> 17[46000] via P2P/IPC/read
x3002c0s31b0n0:47380:47483 [3] NCCL INFO Connected all trees
x3002c0s31b0n0:47380:47483 [3] NCCL INFO MSCCL_XML_FILES set by environment to /home/yuke/ncclPG/msccl_tools_lyd/examples/xml/allreduce_binary_tree_h_p_8_ch_intra_pipe_inter_2nicPtree.xml
x3002c0s31b0n0:47380:47483 [3] NCCL INFO MSCCL: Parsing algorithm /home/yuke/ncclPG/msccl_tools_lyd/examples/xml/allreduce_binary_tree_h_p_8_ch_intra_pipe_inter_2nicPtree.xml
x3002c0s31b0n0:47376:47480 [0] NCCL INFO Channel 00/0 : 16[7000] -> 24[7000] [send] via NET/IB/1
x3002c0s7b1n0:48798:48895 [1] NCCL INFO Channel 02/0 : 40[7000] -> 37[46000] [receive] via NET/IB/1
x3003c0s19b1n0:29393:29493 [3] NCCL INFO Channel 07/0 : 47[c7000] -> 55[c7000] [receive] via NET/IB/0
x3002c0s1b0n0:8014:8114 [0] NCCL INFO Channel 03/0 : 0[7000] -> 4[7000] [receive] via NET/IB/0
x3003c0s19b0n0:7227:7323 [3] NCCL INFO Channel 05/0 : 51[c7000] -> 59[c7000] [send] via NET/IB/0
x3004c0s13b1n0:9633:9735 [0] NCCL INFO Channel 01/0 : 56[7000] -> 60[7000] [send] via NET/IB/0
x3002c0s37b1n0:45085:45183 [3] NCCL INFO Channel 05/0 : 27[c7000] -> 31[c7000] [receive] via NET/IB/0
x3002c0s7b1n0:48797:48901 [0] NCCL INFO Channel 01/0 : 36[7000] -> 41[46000] [send] via NET/IB/0
x3002c0s31b0n0:47380:47483 [3] NCCL INFO Parsed MSCCL Algorithm /home/yuke/ncclPG/msccl_tools_lyd/examples/xml/allreduce_binary_tree_h_p_8_ch_intra_pipe_inter_2nicPtree.xml successfully.
x3002c0s25b1n0:62935:63033 [2] NCCL INFO Channel 00 : 14[85000] -> 13[46000] via P2P/IPC/read
x3002c0s1b0n0:8016:8113 [2] NCCL INFO Channel 00 : 6[85000] -> 5[46000] via P2P/IPC/read
x3002c0s7b1n0:48800:48902 [3] NCCL INFO Channel 07/0 : 39[c7000] -> 43[c7000] [send] via NET/IB/0
x3003c0s13b0n0:64224:64329 [0] NCCL INFO Channel 00/0 : 40[7000] -> 44[7000] [send] via NET/IB/1
x3003c0s19b1n0:29389:29487 [0] NCCL INFO Channel 02/0 : 45[46000] -> 52[7000] [receive] via NET/IB/1
x3002c0s31b0n0:47376:47480 [0] NCCL INFO Channel 01/0 : 16[7000] -> 24[7000] [send] via NET/IB/0
x3002c0s31b1n0:38012:38113 [0] NCCL INFO Channel 00/0 : 20[7000] -> 25[46000] [send] via NET/IB/1
x3003c0s19b1n0:29391:29490 [1] NCCL INFO Channel 02/0 : 56[7000] -> 53[46000] [receive] via NET/IB/1
x3002c0s7b1n0:48798:48895 [1] NCCL INFO Channel 03/0 : 40[7000] -> 37[46000] [receive] via NET/IB/0
x3002c0s19b1n0:30974:31072 [1] NCCL INFO Channel 06/0 : 1[46000] -> 5[46000] [send] via NET/IB/1
x3004c0s13b1n0:9637:9737 [3] NCCL INFO Channel 05/0 : 51[c7000] -> 59[c7000] [receive] via NET/IB/0
x3003c0s13b0n0:64230:64327 [3] NCCL INFO Channel 07/0 : 39[c7000] -> 43[c7000] [receive] via NET/IB/0
x3003c0s13b0n0:64224:64329 [0] NCCL INFO Channel 01/0 : 40[7000] -> 44[7000] [send] via NET/IB/0
x3004c0s13b1n0:9634:9740 [1] NCCL INFO Channel 01/0 : 57[46000] -> 52[7000] [send] via NET/IB/0
x3002c0s37b0n0:22731:22835 [0] NCCL INFO Channel 00/0 : 24[7000] -> 28[7000] [send] via NET/IB/1
x3002c0s31b1n0:38013:38119 [1] NCCL INFO Channel 02/0 : 24[7000] -> 21[46000] [receive] via NET/IB/1
x3002c0s31b0n0:47380:47483 [3] NCCL INFO Channel 06/0 : 19[c7000] -> 23[c7000] [send] via NET/IB/0
x3002c0s31b1n0:38012:38113 [0] NCCL INFO Channel 01/0 : 20[7000] -> 25[46000] [send] via NET/IB/0
x3003c0s19b1n0:29389:29487 [0] NCCL INFO Channel 03/0 : 45[46000] -> 52[7000] [receive] via NET/IB/0
x3003c0s19b1n0:29391:29490 [1] NCCL INFO Channel 03/0 : 56[7000] -> 53[46000] [receive] via NET/IB/0
x3002c0s1b0n0:8016:8113 [2] NCCL INFO Channel 01 : 6[85000] -> 5[46000] via P2P/IPC/read
x3002c0s37b0n0:22731:22835 [0] NCCL INFO Channel 01/0 : 24[7000] -> 28[7000] [send] via NET/IB/0
x3002c0s1b1n0:49990:50090 [0] NCCL INFO Channel 00/0 : 8[7000] -> 12[7000] [send] via NET/IB/1
x3002c0s25b1n0:62935:63033 [2] NCCL INFO Channel 01 : 14[85000] -> 13[46000] via P2P/IPC/read
x3003c0s13b0n0:64230:64327 [3] NCCL INFO Channel 05/0 : 43[c7000] -> 47[c7000] [send] via NET/IB/0
x3002c0s7b0n0:23553:23654 [3] NCCL INFO Channel 04/0 : 19[c7000] -> 35[c7000] [receive] via NET/IB/0
x3002c0s7b0n0:23553:23654 [3] NCCL INFO Channel 05/0 : 35[c7000] -> 51[c7000] [send] via NET/IB/0
x3002c0s25b1n0:62935:63033 [2] NCCL INFO Channel 02 : 14[85000] -> 13[46000] via P2P/IPC/read
x3002c0s31b1n0:38013:38119 [1] NCCL INFO Channel 03/0 : 24[7000] -> 21[46000] [receive] via NET/IB/0
x3002c0s25b1n0:62935:63033 [2] NCCL INFO Channel 03 : 14[85000] -> 13[46000] via P2P/IPC/read
x3002c0s31b0n0:47380:47483 [3] NCCL INFO Channel 04/0 : 11[c7000] -> 19[c7000] [receive] via NET/IB/0
x3002c0s1b0n0:8016:8113 [2] NCCL INFO Channel 02 : 6[85000] -> 5[46000] via P2P/IPC/read
x3004c0s19b0n0:8707:8840 [0] NCCL INFO Channel 02/0 : 28[7000] -> 60[7000] [receive] via NET/IB/1
x3002c0s1b0n0:8015:8118 [1] NCCL INFO Channel 02/0 : 8[7000] -> 5[46000] [receive] via NET/IB/1
x3002c0s1b1n0:49990:50090 [0] NCCL INFO Channel 01/0 : 8[7000] -> 12[7000] [send] via NET/IB/0
x3002c0s37b1n0:45085:45183 [3] NCCL INFO Channel 06/0 : 15[c7000] -> 31[c7000] [receive] via NET/IB/0
x3002c0s7b1n0:48797:48901 [0] NCCL INFO Channel 02/0 : 36[7000] -> 44[7000] [send] via NET/IB/1
x3002c0s19b1n0:30973:31069 [0] NCCL INFO Channel 00/0 : 32[7000] -> 0[7000] [receive] via NET/IB/1
x3002c0s1b0n0:8016:8113 [2] NCCL INFO Channel 03 : 6[85000] -> 5[46000] via P2P/IPC/read
x3002c0s25b1n0:62936:63034 [3] NCCL INFO Connected all trees
x3002c0s25b1n0:62936:63034 [3] NCCL INFO MSCCL_XML_FILES set by environment to /home/yuke/ncclPG/msccl_tools_lyd/examples/xml/allreduce_binary_tree_h_p_8_ch_intra_pipe_inter_2nicPtree.xml
x3002c0s25b1n0:62936:63034 [3] NCCL INFO MSCCL: Parsing algorithm /home/yuke/ncclPG/msccl_tools_lyd/examples/xml/allreduce_binary_tree_h_p_8_ch_intra_pipe_inter_2nicPtree.xml
x3004c0s13b1n0:9633:9735 [0] NCCL INFO Channel 00/0 : 48[7000] -> 56[7000] [receive] via NET/IB/1
x3002c0s25b1n0:62936:63034 [3] NCCL INFO Parsed MSCCL Algorithm /home/yuke/ncclPG/msccl_tools_lyd/examples/xml/allreduce_binary_tree_h_p_8_ch_intra_pipe_inter_2nicPtree.xml successfully.
x3003c0s13b0n0:64226:64325 [1] NCCL INFO Channel 00/0 : 41[46000] -> 36[7000] [send] via NET/IB/1
x3002c0s37b1n0:45085:45183 [3] NCCL INFO Channel 07/0 : 31[c7000] -> 47[c7000] [send] via NET/IB/0
x3002c0s7b1n0:48797:48901 [0] NCCL INFO Channel 03/0 : 36[7000] -> 44[7000] [send] via NET/IB/0
x3003c0s13b1n0:56010:56114 [0] NCCL INFO Channel 02/0 : 36[7000] -> 44[7000] [receive] via NET/IB/1
x3002c0s31b0n0:47380:47483 [3] NCCL INFO Channel 05/0 : 19[c7000] -> 27[c7000] [send] via NET/IB/0
x3003c0s13b1n0:56011:56109 [1] NCCL INFO Channel 02/0 : 52[7000] -> 45[46000] [receive] via NET/IB/1
x3003c0s13b1n0:56013:56115 [3] NCCL INFO Channel 06/0 : 39[c7000] -> 47[c7000] [receive] via NET/IB/0
x3003c0s13b1n0:56011:56109 [1] NCCL INFO Channel 03/0 : 52[7000] -> 45[46000] [receive] via NET/IB/0
x3003c0s13b0n0:64224:64329 [0] NCCL INFO Channel 00/0 : 40[7000] -> 49[46000] [send] via NET/IB/1
x3002c0s1b0n0:8014:8114 [0] NCCL INFO Channel 00/0 : 4[7000] -> 9[46000] [send] via NET/IB/1
x3002c0s19b1n0:30973:31069 [0] NCCL INFO Channel 01/0 : 32[7000] -> 0[7000] [receive] via NET/IB/0
x3002c0s1b0n0:8014:8114 [0] NCCL INFO Channel 01/0 : 4[7000] -> 9[46000] [send] via NET/IB/0
x3002c0s1b0n0:8015:8118 [1] NCCL INFO Channel 03/0 : 8[7000] -> 5[46000] [receive] via NET/IB/0
x3002c0s25b1n0:62936:63034 [3] NCCL INFO Channel 05/0 : 11[c7000] -> 15[c7000] [receive] via NET/IB/0
x3002c0s1b0n0:8017:8115 [3] NCCL INFO Connected all trees
x3002c0s1b0n0:8017:8115 [3] NCCL INFO MSCCL_XML_FILES set by environment to /home/yuke/ncclPG/msccl_tools_lyd/examples/xml/allreduce_binary_tree_h_p_8_ch_intra_pipe_inter_2nicPtree.xml
x3002c0s1b0n0:8017:8115 [3] NCCL INFO MSCCL: Parsing algorithm /home/yuke/ncclPG/msccl_tools_lyd/examples/xml/allreduce_binary_tree_h_p_8_ch_intra_pipe_inter_2nicPtree.xml
x3002c0s1b0n0:8017:8115 [3] NCCL INFO Parsed MSCCL Algorithm /home/yuke/ncclPG/msccl_tools_lyd/examples/xml/allreduce_binary_tree_h_p_8_ch_intra_pipe_inter_2nicPtree.xml successfully.
x3003c0s19b1n0:29389:29487 [0] NCCL INFO Channel 02/0 : 52[7000] -> 45[46000] [send] via NET/IB/1
x3003c0s13b0n0:64224:64329 [0] NCCL INFO Channel 01/0 : 40[7000] -> 49[46000] [send] via NET/IB/0
x3004c0s19b0n0:8707:8840 [0] NCCL INFO Channel 03/0 : 28[7000] -> 60[7000] [receive] via NET/IB/0
x3002c0s37b0n0:22732:22833 [1] NCCL INFO Channel 00/0 : 25[46000] -> 20[7000] [send] via NET/IB/1
x3004c0s13b1n0:9633:9735 [0] NCCL INFO Channel 01/0 : 48[7000] -> 56[7000] [receive] via NET/IB/0
x3003c0s19b1n0:29389:29487 [0] NCCL INFO Channel 03/0 : 52[7000] -> 45[46000] [send] via NET/IB/0
x3002c0s31b1n0:38012:38113 [0] NCCL INFO Channel 02/0 : 13[46000] -> 20[7000] [receive] via NET/IB/1
x3002c0s37b0n0:22731:22835 [0] NCCL INFO Channel 00/0 : 16[7000] -> 24[7000] [receive] via NET/IB/1
x3003c0s13b0n0:64226:64325 [1] NCCL INFO Channel 01/0 : 41[46000] -> 36[7000] [send] via NET/IB/0
x3002c0s37b0n0:22732:22833 [1] NCCL INFO Channel 01/0 : 25[46000] -> 20[7000] [send] via NET/IB/0
x3004c0s19b0n0:8707:8840 [0] NCCL INFO Channel 02/0 : 60[7000] -> 28[7000] [send] via NET/IB/1
x3002c0s37b1n0:45080:45186 [0] NCCL INFO Channel 02/0 : 12[7000] -> 28[7000] [receive] via NET/IB/1
x3002c0s31b1n0:38012:38113 [0] NCCL INFO Channel 03/0 : 13[46000] -> 20[7000] [receive] via NET/IB/0
x3002c0s19b1n0:30973:31069 [0] NCCL INFO Channel 00/0 : 0[7000] -> 32[7000] [send] via NET/IB/1
x3002c0s37b0n0:22731:22835 [0] NCCL INFO Channel 01/0 : 16[7000] -> 24[7000] [receive] via NET/IB/0
x3003c0s13b1n0:56013:56115 [3] NCCL INFO Channel 07/0 : 47[c7000] -> 55[c7000] [send] via NET/IB/0
x3002c0s1b0n0:8017:8115 [3] NCCL INFO Channel 06/0 : 3[c7000] -> 7[c7000] [receive] via NET/IB/0
x3002c0s19b1n0:30973:31069 [0] NCCL INFO Channel 01/0 : 0[7000] -> 32[7000] [send] via NET/IB/0
x3002c0s25b1n0:62933:63036 [0] NCCL INFO Channel 02/0 : 4[7000] -> 12[7000] [receive] via NET/IB/1
x3002c0s1b0n0:8017:8115 [3] NCCL INFO Channel 04/0 : 7[c7000] -> 11[c7000] [send] via NET/IB/0
x3002c0s1b0n0:8017:8115 [3] NCCL INFO Channel 07/0 : 7[c7000] -> 11[c7000] [send] via NET/IB/0
x3003c0s13b1n0:56010:56114 [0] NCCL INFO Channel 03/0 : 36[7000] -> 44[7000] [receive] via NET/IB/0
x3002c0s37b0n0:22735:22836 [3] NCCL INFO Channel 05/0 : 19[c7000] -> 27[c7000] [receive] via NET/IB/0
x3002c0s1b1n0:49990:50090 [0] NCCL INFO Channel 00/0 : 8[7000] -> 17[46000] [send] via NET/IB/1
x3002c0s37b1n0:45080:45186 [0] NCCL INFO Channel 03/0 : 12[7000] -> 28[7000] [receive] via NET/IB/0
x3003c0s13b0n0:64230:64327 [3] NCCL INFO Channel 04/0 : 43[c7000] -> 51[c7000] [send] via NET/IB/0
x3002c0s31b1n0:38015:38116 [3] NCCL INFO Channel 07/0 : 15[c7000] -> 23[c7000] [receive] via NET/IB/0
x3002c0s1b1n0:49990:50090 [0] NCCL INFO Channel 01/0 : 8[7000] -> 17[46000] [send] via NET/IB/0
x3004c0s19b0n0:8707:8840 [0] NCCL INFO Channel 03/0 : 60[7000] -> 28[7000] [send] via NET/IB/0
x3002c0s1b0n0:8014:8114 [0] NCCL INFO Channel 02/0 : 4[7000] -> 12[7000] [send] via NET/IB/1
x3002c0s7b1n0:48800:48902 [3] NCCL INFO Channel 06/0 : 39[c7000] -> 47[c7000] [send] via NET/IB/0
x3002c0s1b0n0:8014:8114 [0] NCCL INFO Channel 03/0 : 4[7000] -> 12[7000] [send] via NET/IB/0
x3003c0s13b0n0:64230:64327 [3] NCCL INFO Channel 05/0 : 51[c7000] -> 43[c7000] [receive] via NET/IB/0
x3002c0s1b1n0:49992:50096 [1] NCCL INFO Channel 00/0 : 9[46000] -> 4[7000] [send] via NET/IB/1
x3003c0s13b1n0:56011:56109 [1] NCCL INFO Connected all trees
x3003c0s13b1n0:56011:56109 [1] NCCL INFO MSCCL_XML_FILES set by environment to /home/yuke/ncclPG/msccl_tools_lyd/examples/xml/allreduce_binary_tree_h_p_8_ch_intra_pipe_inter_2nicPtree.xml
x3003c0s13b1n0:56011:56109 [1] NCCL INFO MSCCL: Parsing algorithm /home/yuke/ncclPG/msccl_tools_lyd/examples/xml/allreduce_binary_tree_h_p_8_ch_intra_pipe_inter_2nicPtree.xml
x3003c0s19b0n0:7225:7330 [1] NCCL INFO Channel 00/0 : 49[46000] -> 40[7000] [send] via NET/IB/1
x3003c0s13b1n0:56012:56111 [2] NCCL INFO Connected all trees
x3003c0s13b1n0:56012:56111 [2] NCCL INFO MSCCL_XML_FILES set by environment to /home/yuke/ncclPG/msccl_tools_lyd/examples/xml/allreduce_binary_tree_h_p_8_ch_intra_pipe_inter_2nicPtree.xml
x3003c0s13b1n0:56012:56111 [2] NCCL INFO MSCCL: Parsing algorithm /home/yuke/ncclPG/msccl_tools_lyd/examples/xml/allreduce_binary_tree_h_p_8_ch_intra_pipe_inter_2nicPtree.xml
x3003c0s13b1n0:56011:56109 [1] NCCL INFO Parsed MSCCL Algorithm /home/yuke/ncclPG/msccl_tools_lyd/examples/xml/allreduce_binary_tree_h_p_8_ch_intra_pipe_inter_2nicPtree.xml successfully.
x3002c0s25b1n0:62933:63036 [0] NCCL INFO Channel 03/0 : 4[7000] -> 12[7000] [receive] via NET/IB/0
x3003c0s13b0n0:64224:64329 [0] NCCL INFO Channel 00/0 : 49[46000] -> 40[7000] [receive] via NET/IB/1
x3003c0s13b1n0:56012:56111 [2] NCCL INFO Parsed MSCCL Algorithm /home/yuke/ncclPG/msccl_tools_lyd/examples/xml/allreduce_binary_tree_h_p_8_ch_intra_pipe_inter_2nicPtree.xml successfully.
x3003c0s13b1n0:56012:56111 [2] NCCL INFO Connected 1 MSCCL algorithms
x3003c0s13b1n0:56012:56111 [2] NCCL INFO NCCL_PROTO set by environment to Simple
x3003c0s13b1n0:56012:56111 [2] NCCL INFO NCCL_ALGO set by environment to MSCCL,TREE,RING
x3003c0s13b1n0:56012:56111 [2] NCCL INFO threadThresholds 8/8/64 | 512/8/64 | 8/8/64 | 8/8/512
x3003c0s13b1n0:56012:56111 [2] NCCL INFO 8 coll channels, 4 p2p channels, 2 p2p channels per peer
x3003c0s19b1n0:29389:29487 [0] NCCL INFO Channel 00/0 : 57[46000] -> 52[7000] [receive] via NET/IB/1
x3002c0s7b1n0:48800:48902 [3] NCCL INFO Channel 07/0 : 47[c7000] -> 39[c7000] [receive] via NET/IB/0
x3002c0s1b1n0:49992:50096 [1] NCCL INFO Channel 01/0 : 9[46000] -> 4[7000] [send] via NET/IB/0
x3004c0s13b1n0:9637:9737 [3] NCCL INFO Channel 04/0 : 59[c7000] -> 51[c7000] [send] via NET/IB/0
x3002c0s19b1n0:30976:31076 [3] NCCL INFO Channel 04/0 : 35[c7000] -> 3[c7000] [receive] via NET/IB/0
x3002c0s31b0n0:47377:47479 [1] NCCL INFO Channel 00/0 : 17[46000] -> 8[7000] [send] via NET/IB/1
x3003c0s19b0n0:7222:7327 [0] NCCL INFO Channel 00/0 : 32[7000] -> 48[7000] [receive] via NET/IB/1
x3003c0s19b0n0:7225:7330 [1] NCCL INFO Channel 01/0 : 49[46000] -> 40[7000] [send] via NET/IB/0
x3003c0s13b0n0:64224:64329 [0] NCCL INFO Channel 01/0 : 49[46000] -> 40[7000] [receive] via NET/IB/0
x3003c0s19b1n0:29393:29493 [3] NCCL INFO Channel 06/0 : 55[c7000] -> 47[c7000] [send] via NET/IB/0
x3004c0s13b1n0:9633:9735 [0] NCCL INFO Channel 00/0 : 56[7000] -> 48[7000] [send] via NET/IB/1
x3002c0s31b1n0:38012:38113 [0] NCCL INFO Channel 02/0 : 20[7000] -> 13[46000] [send] via NET/IB/1
x3002c0s31b0n0:47376:47480 [0] NCCL INFO Channel 00/0 : 16[7000] -> 33[46000] [send] via NET/IB/1
x3003c0s13b1n0:56011:56109 [1] NCCL INFO Channel 05/0 : 41[46000] -> 45[46000] [receive] via NET/IB/1
x3002c0s1b0n0:8017:8115 [3] NCCL INFO Channel 06/0 : 7[c7000] -> 15[c7000] [send] via NET/IB/0
x3002c0s25b1n0:62936:63034 [3] NCCL INFO Channel 06/0 : 7[c7000] -> 15[c7000] [receive] via NET/IB/0
x3002c0s31b1n0:38012:38113 [0] NCCL INFO Channel 03/0 : 20[7000] -> 13[46000] [send] via NET/IB/0
x3002c0s25b1n0:62934:63039 [1] NCCL INFO Channel 02/0 : 20[7000] -> 13[46000] [receive] via NET/IB/1
x3003c0s19b1n0:29389:29487 [0] NCCL INFO Channel 01/0 : 57[46000] -> 52[7000] [receive] via NET/IB/0
x3002c0s1b1n0:49990:50090 [0] NCCL INFO Channel 00/0 : 17[46000] -> 8[7000] [receive] via NET/IB/1
x3004c0s13b1n0:9633:9735 [0] NCCL INFO Channel 01/0 : 56[7000] -> 48[7000] [send] via NET/IB/0
x3002c0s37b0n0:22731:22835 [0] NCCL INFO Channel 00/0 : 24[7000] -> 16[7000] [send] via NET/IB/1
x3002c0s25b1n0:62936:63034 [3] NCCL INFO Channel 07/0 : 15[c7000] -> 23[c7000] [send] via NET/IB/0
x3002c0s31b0n0:47376:47480 [0] NCCL INFO Channel 01/0 : 16[7000] -> 33[46000] [send] via NET/IB/0
x3002c0s31b0n0:47377:47479 [1] NCCL INFO Channel 01/0 : 17[46000] -> 8[7000] [send] via NET/IB/0
x3003c0s19b0n0:7227:7323 [3] NCCL INFO Channel 05/0 : 35[c7000] -> 51[c7000] [receive] via NET/IB/0
x3002c0s1b1n0:49990:50090 [0] NCCL INFO Channel 01/0 : 17[46000] -> 8[7000] [receive] via NET/IB/0
x3002c0s19b1n0:30976:31076 [3] NCCL INFO Channel 05/0 : 3[c7000] -> 35[c7000] [send] via NET/IB/0
x3003c0s19b0n0:7222:7327 [0] NCCL INFO Channel 01/0 : 32[7000] -> 48[7000] [receive] via NET/IB/0
x3002c0s7b1n0:48797:48901 [0] NCCL INFO Channel 02/0 : 44[7000] -> 36[7000] [receive] via NET/IB/1
x3002c0s37b0n0:22731:22835 [0] NCCL INFO Channel 01/0 : 24[7000] -> 16[7000] [send] via NET/IB/0
x3002c0s1b1n0:49995:50093 [3] NCCL INFO Channel 04/0 : 11[c7000] -> 19[c7000] [send] via NET/IB/0
x3002c0s25b1n0:62934:63039 [1] NCCL INFO Channel 03/0 : 20[7000] -> 13[46000] [receive] via NET/IB/0
x3003c0s13b1n0:56010:56114 [0] NCCL INFO Channel 02/0 : 29[46000] -> 44[7000] [receive] via NET/IB/1
x3003c0s13b1n0:56013:56115 [3] NCCL INFO Channel 07/0 : 31[c7000] -> 47[c7000] [receive] via NET/IB/0
x3002c0s7b1n0:48797:48901 [0] NCCL INFO Channel 03/0 : 44[7000] -> 36[7000] [receive] via NET/IB/0
x3003c0s19b0n0:7225:7330 [1] NCCL INFO Connected all trees
x3003c0s19b0n0:7225:7330 [1] NCCL INFO MSCCL_XML_FILES set by environment to /home/yuke/ncclPG/msccl_tools_lyd/examples/xml/allreduce_binary_tree_h_p_8_ch_intra_pipe_inter_2nicPtree.xml
x3003c0s19b0n0:7225:7330 [1] NCCL INFO MSCCL: Parsing algorithm /home/yuke/ncclPG/msccl_tools_lyd/examples/xml/allreduce_binary_tree_h_p_8_ch_intra_pipe_inter_2nicPtree.xml
x3002c0s31b1n0:38015:38116 [3] NCCL INFO Channel 06/0 : 23[c7000] -> 15[c7000] [send] via NET/IB/0
x3003c0s19b0n0:7226:7326 [2] NCCL INFO Connected all trees
x3003c0s19b0n0:7226:7326 [2] NCCL INFO MSCCL_XML_FILES set by environment to /home/yuke/ncclPG/msccl_tools_lyd/examples/xml/allreduce_binary_tree_h_p_8_ch_intra_pipe_inter_2nicPtree.xml
x3003c0s19b0n0:7226:7326 [2] NCCL INFO MSCCL: Parsing algorithm /home/yuke/ncclPG/msccl_tools_lyd/examples/xml/allreduce_binary_tree_h_p_8_ch_intra_pipe_inter_2nicPtree.xml
x3003c0s19b0n0:7225:7330 [1] NCCL INFO Parsed MSCCL Algorithm /home/yuke/ncclPG/msccl_tools_lyd/examples/xml/allreduce_binary_tree_h_p_8_ch_intra_pipe_inter_2nicPtree.xml successfully.
x3003c0s19b0n0:7226:7326 [2] NCCL INFO Parsed MSCCL Algorithm /home/yuke/ncclPG/msccl_tools_lyd/examples/xml/allreduce_binary_tree_h_p_8_ch_intra_pipe_inter_2nicPtree.xml successfully.
x3003c0s19b0n0:7226:7326 [2] NCCL INFO Connected 1 MSCCL algorithms
x3003c0s19b0n0:7226:7326 [2] NCCL INFO NCCL_PROTO set by environment to Simple
x3003c0s19b0n0:7226:7326 [2] NCCL INFO NCCL_ALGO set by environment to MSCCL,TREE,RING
x3003c0s19b0n0:7226:7326 [2] NCCL INFO threadThresholds 8/8/64 | 512/8/64 | 8/8/64 | 8/8/512
x3003c0s19b0n0:7226:7326 [2] NCCL INFO 8 coll channels, 4 p2p channels, 2 p2p channels per peer
x3002c0s1b0n0:8017:8115 [3] NCCL INFO Channel 07/0 : 15[c7000] -> 7[c7000] [receive] via NET/IB/0
x3002c0s25b1n0:62933:63036 [0] NCCL INFO Channel 02/0 : 12[7000] -> 28[7000] [send] via NET/IB/1
x3002c0s1b0n0:8014:8114 [0] NCCL INFO Channel 02/0 : 12[7000] -> 4[7000] [receive] via NET/IB/1
x3003c0s13b1n0:56010:56114 [0] NCCL INFO Channel 03/0 : 29[46000] -> 44[7000] [receive] via NET/IB/0
x3002c0s7b0n0:23550:23649 [1] NCCL INFO Channel 00/0 : 33[46000] -> 16[7000] [send] via NET/IB/1
x3002c0s1b1n0:49995:50093 [3] NCCL INFO Channel 05/0 : 19[c7000] -> 11[c7000] [receive] via NET/IB/0
x3003c0s13b0n0:64224:64329 [0] NCCL INFO Channel 00/0 : 44[7000] -> 40[7000] [receive] via NET/IB/1
x3002c0s1b0n0:8014:8114 [0] NCCL INFO Channel 03/0 : 12[7000] -> 4[7000] [receive] via NET/IB/0
x3002c0s25b1n0:62933:63036 [0] NCCL INFO Channel 03/0 : 12[7000] -> 28[7000] [send] via NET/IB/0
x3002c0s31b0n0:47377:47479 [1] NCCL INFO Connected all trees
x3002c0s31b0n0:47377:47479 [1] NCCL INFO MSCCL_XML_FILES set by environment to /home/yuke/ncclPG/msccl_tools_lyd/examples/xml/allreduce_binary_tree_h_p_8_ch_intra_pipe_inter_2nicPtree.xml
x3002c0s31b0n0:47377:47479 [1] NCCL INFO MSCCL: Parsing algorithm /home/yuke/ncclPG/msccl_tools_lyd/examples/xml/allreduce_binary_tree_h_p_8_ch_intra_pipe_inter_2nicPtree.xml
x3002c0s31b0n0:47379:47478 [2] NCCL INFO Connected all trees
x3002c0s31b0n0:47379:47478 [2] NCCL INFO MSCCL_XML_FILES set by environment to /home/yuke/ncclPG/msccl_tools_lyd/examples/xml/allreduce_binary_tree_h_p_8_ch_intra_pipe_inter_2nicPtree.xml
x3002c0s31b0n0:47379:47478 [2] NCCL INFO MSCCL: Parsing algorithm /home/yuke/ncclPG/msccl_tools_lyd/examples/xml/allreduce_binary_tree_h_p_8_ch_intra_pipe_inter_2nicPtree.xml
x3003c0s19b0n0:7225:7330 [1] NCCL INFO Channel 06/0 : 49[46000] -> 53[46000] [send] via NET/IB/1
x3002c0s31b0n0:47377:47479 [1] NCCL INFO Parsed MSCCL Algorithm /home/yuke/ncclPG/msccl_tools_lyd/examples/xml/allreduce_binary_tree_h_p_8_ch_intra_pipe_inter_2nicPtree.xml successfully.
x3002c0s25b1n0:62936:63034 [3] NCCL INFO Channel 06/0 : 15[c7000] -> 31[c7000] [send] via NET/IB/0
x3002c0s31b0n0:47379:47478 [2] NCCL INFO Parsed MSCCL Algorithm /home/yuke/ncclPG/msccl_tools_lyd/examples/xml/allreduce_binary_tree_h_p_8_ch_intra_pipe_inter_2nicPtree.xml successfully.
x3002c0s31b0n0:47379:47478 [2] NCCL INFO Connected 1 MSCCL algorithms
x3002c0s31b0n0:47379:47478 [2] NCCL INFO NCCL_PROTO set by environment to Simple
x3002c0s31b0n0:47379:47478 [2] NCCL INFO NCCL_ALGO set by environment to MSCCL,TREE,RING
x3002c0s31b0n0:47379:47478 [2] NCCL INFO threadThresholds 8/8/64 | 512/8/64 | 8/8/64 | 8/8/512
x3002c0s31b0n0:47379:47478 [2] NCCL INFO 8 coll channels, 4 p2p channels, 2 p2p channels per peer
x3003c0s19b0n0:7222:7327 [0] NCCL INFO Channel 00/0 : 48[7000] -> 32[7000] [send] via NET/IB/1
x3002c0s37b0n0:22735:22836 [3] NCCL INFO Channel 04/0 : 27[c7000] -> 19[c7000] [send] via NET/IB/0
x3002c0s31b0n0:47376:47480 [0] NCCL INFO Channel 00/0 : 33[46000] -> 16[7000] [receive] via NET/IB/1
x3003c0s13b0n0:64224:64329 [0] NCCL INFO Channel 01/0 : 44[7000] -> 40[7000] [receive] via NET/IB/0
x3002c0s7b0n0:23550:23649 [1] NCCL INFO Channel 01/0 : 33[46000] -> 16[7000] [send] via NET/IB/0
x3003c0s19b1n0:29389:29487 [0] NCCL INFO Channel 02/0 : 52[7000] -> 48[7000] [send] via NET/IB/1
x3002c0s7b0n0:23548:23655 [0] NCCL INFO Channel 00/0 : 0[7000] -> 32[7000] [receive] via NET/IB/1
x3002c0s31b0n0:47380:47483 [3] NCCL INFO Channel 04/0 : 19[c7000] -> 35[c7000] [send] via NET/IB/0
x3003c0s19b0n0:7222:7327 [0] NCCL INFO Channel 01/0 : 48[7000] -> 32[7000] [send] via NET/IB/0
x3002c0s1b1n0:49990:50090 [0] NCCL INFO Channel 00/0 : 12[7000] -> 8[7000] [receive] via NET/IB/1
x3003c0s19b1n0:29389:29487 [0] NCCL INFO Channel 03/0 : 52[7000] -> 48[7000] [send] via NET/IB/0
x3002c0s31b0n0:47377:47479 [1] NCCL INFO Channel 06/0 : 17[46000] -> 21[46000] [send] via NET/IB/1
x3002c0s31b0n0:47376:47480 [0] NCCL INFO Channel 01/0 : 33[46000] -> 16[7000] [receive] via NET/IB/0
x3002c0s7b0n0:23548:23655 [0] NCCL INFO Channel 01/0 : 0[7000] -> 32[7000] [receive] via NET/IB/0
x3002c0s1b1n0:49990:50090 [0] NCCL INFO Channel 01/0 : 12[7000] -> 8[7000] [receive] via NET/IB/0
x3002c0s25b1n0:62936:63034 [3] NCCL INFO Channel 07/0 : 31[c7000] -> 15[c7000] [receive] via NET/IB/0
x3002c0s31b0n0:47380:47483 [3] NCCL INFO Channel 05/0 : 35[c7000] -> 19[c7000] [receive] via NET/IB/0
x3004c0s13b1n0:9634:9740 [1] NCCL INFO Connected all trees
x3004c0s13b1n0:9634:9740 [1] NCCL INFO MSCCL_XML_FILES set by environment to /home/yuke/ncclPG/msccl_tools_lyd/examples/xml/allreduce_binary_tree_h_p_8_ch_intra_pipe_inter_2nicPtree.xml
x3004c0s13b1n0:9634:9740 [1] NCCL INFO MSCCL: Parsing algorithm /home/yuke/ncclPG/msccl_tools_lyd/examples/xml/allreduce_binary_tree_h_p_8_ch_intra_pipe_inter_2nicPtree.xml
x3004c0s13b1n0:9636:9734 [2] NCCL INFO Connected all trees
x3004c0s13b1n0:9636:9734 [2] NCCL INFO MSCCL_XML_FILES set by environment to /home/yuke/ncclPG/msccl_tools_lyd/examples/xml/allreduce_binary_tree_h_p_8_ch_intra_pipe_inter_2nicPtree.xml
x3004c0s13b1n0:9636:9734 [2] NCCL INFO MSCCL: Parsing algorithm /home/yuke/ncclPG/msccl_tools_lyd/examples/xml/allreduce_binary_tree_h_p_8_ch_intra_pipe_inter_2nicPtree.xml
x3004c0s13b1n0:9634:9740 [1] NCCL INFO Parsed MSCCL Algorithm /home/yuke/ncclPG/msccl_tools_lyd/examples/xml/allreduce_binary_tree_h_p_8_ch_intra_pipe_inter_2nicPtree.xml successfully.
x3004c0s13b1n0:9636:9734 [2] NCCL INFO Parsed MSCCL Algorithm /home/yuke/ncclPG/msccl_tools_lyd/examples/xml/allreduce_binary_tree_h_p_8_ch_intra_pipe_inter_2nicPtree.xml successfully.
x3004c0s13b1n0:9636:9734 [2] NCCL INFO Connected 1 MSCCL algorithms
x3004c0s13b1n0:9636:9734 [2] NCCL INFO NCCL_PROTO set by environment to Simple
x3004c0s13b1n0:9636:9734 [2] NCCL INFO NCCL_ALGO set by environment to MSCCL,TREE,RING
x3004c0s13b1n0:9636:9734 [2] NCCL INFO threadThresholds 8/8/64 | 512/8/64 | 8/8/64 | 8/8/512
x3004c0s13b1n0:9636:9734 [2] NCCL INFO 8 coll channels, 4 p2p channels, 2 p2p channels per peer
x3002c0s31b1n0:38012:38113 [0] NCCL INFO Channel 00/0 : 25[46000] -> 20[7000] [receive] via NET/IB/1
x3002c0s37b1n0:45080:45186 [0] NCCL INFO Channel 02/0 : 60[7000] -> 28[7000] [receive] via NET/IB/1
x3002c0s37b1n0:45081:45187 [1] NCCL INFO Channel 02/0 : 44[7000] -> 29[46000] [receive] via NET/IB/1
x3002c0s7b0n0:23548:23655 [0] NCCL INFO Channel 00/0 : 32[7000] -> 0[7000] [send] via NET/IB/1
x3003c0s13b1n0:56010:56114 [0] NCCL INFO Channel 02/0 : 44[7000] -> 29[46000] [send] via NET/IB/1
x3003c0s13b1n0:56013:56115 [3] NCCL INFO Channel 06/0 : 47[c7000] -> 31[c7000] [send] via NET/IB/0
x3002c0s7b0n0:23548:23655 [0] NCCL INFO Channel 01/0 : 32[7000] -> 0[7000] [send] via NET/IB/0
x3002c0s25b1n0:62933:63036 [0] NCCL INFO Channel 02/0 : 28[7000] -> 12[7000] [receive] via NET/IB/1
x3002c0s37b1n0:45085:45183 [3] NCCL INFO Channel 07/0 : 63[c7000] -> 31[c7000] [receive] via NET/IB/0
x3003c0s19b0n0:7227:7323 [3] NCCL INFO Channel 04/0 : 51[c7000] -> 35[c7000] [send] via NET/IB/0
x3002c0s37b1n0:45081:45187 [1] NCCL INFO Channel 03/0 : 44[7000] -> 29[46000] [receive] via NET/IB/0
x3003c0s13b1n0:56010:56114 [0] NCCL INFO Channel 03/0 : 44[7000] -> 29[46000] [send] via NET/IB/0
x3002c0s7b0n0:23553:23654 [3] NCCL INFO Channel 05/0 : 3[c7000] -> 35[c7000] [receive] via NET/IB/0
x3002c0s37b1n0:45085:45183 [3] NCCL INFO Channel 06/0 : 31[c7000] -> 63[c7000] [send] via NET/IB/0
x3002c0s31b1n0:38012:38113 [0] NCCL INFO Channel 01/0 : 25[46000] -> 20[7000] [receive] via NET/IB/0
x3002c0s7b0n0:23550:23649 [1] NCCL INFO Connected all trees
x3002c0s7b0n0:23550:23649 [1] NCCL INFO MSCCL_XML_FILES set by environment to /home/yuke/ncclPG/msccl_tools_lyd/examples/xml/allreduce_binary_tree_h_p_8_ch_intra_pipe_inter_2nicPtree.xml
x3002c0s7b0n0:23550:23649 [1] NCCL INFO MSCCL: Parsing algorithm /home/yuke/ncclPG/msccl_tools_lyd/examples/xml/allreduce_binary_tree_h_p_8_ch_intra_pipe_inter_2nicPtree.xml
x3002c0s25b1n0:62934:63039 [1] NCCL INFO Connected all trees
x3002c0s25b1n0:62934:63039 [1] NCCL INFO MSCCL_XML_FILES set by environment to /home/yuke/ncclPG/msccl_tools_lyd/examples/xml/allreduce_binary_tree_h_p_8_ch_intra_pipe_inter_2nicPtree.xml
x3002c0s25b1n0:62934:63039 [1] NCCL INFO MSCCL: Parsing algorithm /home/yuke/ncclPG/msccl_tools_lyd/examples/xml/allreduce_binary_tree_h_p_8_ch_intra_pipe_inter_2nicPtree.xml
x3002c0s37b1n0:45080:45186 [0] NCCL INFO Channel 03/0 : 60[7000] -> 28[7000] [receive] via NET/IB/0
x3002c0s25b1n0:62933:63036 [0] NCCL INFO Channel 03/0 : 28[7000] -> 12[7000] [receive] via NET/IB/0
x3002c0s7b0n0:23552:23651 [2] NCCL INFO Connected all trees
x3002c0s7b0n0:23552:23651 [2] NCCL INFO MSCCL_XML_FILES set by environment to /home/yuke/ncclPG/msccl_tools_lyd/examples/xml/allreduce_binary_tree_h_p_8_ch_intra_pipe_inter_2nicPtree.xml
x3002c0s7b0n0:23552:23651 [2] NCCL INFO MSCCL: Parsing algorithm /home/yuke/ncclPG/msccl_tools_lyd/examples/xml/allreduce_binary_tree_h_p_8_ch_intra_pipe_inter_2nicPtree.xml
x3002c0s25b1n0:62935:63033 [2] NCCL INFO Connected all trees
x3002c0s25b1n0:62935:63033 [2] NCCL INFO MSCCL_XML_FILES set by environment to /home/yuke/ncclPG/msccl_tools_lyd/examples/xml/allreduce_binary_tree_h_p_8_ch_intra_pipe_inter_2nicPtree.xml
x3002c0s25b1n0:62935:63033 [2] NCCL INFO MSCCL: Parsing algorithm /home/yuke/ncclPG/msccl_tools_lyd/examples/xml/allreduce_binary_tree_h_p_8_ch_intra_pipe_inter_2nicPtree.xml
x3002c0s7b0n0:23550:23649 [1] NCCL INFO Parsed MSCCL Algorithm /home/yuke/ncclPG/msccl_tools_lyd/examples/xml/allreduce_binary_tree_h_p_8_ch_intra_pipe_inter_2nicPtree.xml successfully.
x3002c0s25b1n0:62934:63039 [1] NCCL INFO Parsed MSCCL Algorithm /home/yuke/ncclPG/msccl_tools_lyd/examples/xml/allreduce_binary_tree_h_p_8_ch_intra_pipe_inter_2nicPtree.xml successfully.
x3002c0s25b1n0:62935:63033 [2] NCCL INFO Parsed MSCCL Algorithm /home/yuke/ncclPG/msccl_tools_lyd/examples/xml/allreduce_binary_tree_h_p_8_ch_intra_pipe_inter_2nicPtree.xml successfully.
x3002c0s7b0n0:23552:23651 [2] NCCL INFO Parsed MSCCL Algorithm /home/yuke/ncclPG/msccl_tools_lyd/examples/xml/allreduce_binary_tree_h_p_8_ch_intra_pipe_inter_2nicPtree.xml successfully.
x3002c0s7b0n0:23552:23651 [2] NCCL INFO Connected 1 MSCCL algorithms
x3002c0s7b0n0:23552:23651 [2] NCCL INFO NCCL_PROTO set by environment to Simple
x3002c0s7b0n0:23552:23651 [2] NCCL INFO NCCL_ALGO set by environment to MSCCL,TREE,RING
x3002c0s7b0n0:23552:23651 [2] NCCL INFO threadThresholds 8/8/64 | 512/8/64 | 8/8/64 | 8/8/512
x3002c0s7b0n0:23552:23651 [2] NCCL INFO 8 coll channels, 4 p2p channels, 2 p2p channels per peer
x3002c0s7b0n0:23553:23654 [3] NCCL INFO Channel 04/0 : 35[c7000] -> 3[c7000] [send] via NET/IB/0
x3004c0s13b1n0:9634:9740 [1] NCCL INFO Channel 04/0 : 53[46000] -> 57[46000] [receive] via NET/IB/1
x3002c0s37b1n0:45080:45186 [0] NCCL INFO Channel 02/0 : 28[7000] -> 60[7000] [send] via NET/IB/1
x3002c0s25b1n0:62935:63033 [2] NCCL INFO Connected 1 MSCCL algorithms
x3002c0s25b1n0:62935:63033 [2] NCCL INFO NCCL_PROTO set by environment to Simple
x3002c0s25b1n0:62935:63033 [2] NCCL INFO NCCL_ALGO set by environment to MSCCL,TREE,RING
x3002c0s25b1n0:62935:63033 [2] NCCL INFO threadThresholds 8/8/64 | 512/8/64 | 8/8/64 | 8/8/512
x3002c0s25b1n0:62935:63033 [2] NCCL INFO 8 coll channels, 4 p2p channels, 2 p2p channels per peer
x3002c0s31b0n0:47376:47480 [0] NCCL INFO Channel 00/0 : 24[7000] -> 16[7000] [receive] via NET/IB/1
x3002c0s37b0n0:22732:22833 [1] NCCL INFO Connected all trees
x3002c0s37b0n0:22732:22833 [1] NCCL INFO MSCCL_XML_FILES set by environment to /home/yuke/ncclPG/msccl_tools_lyd/examples/xml/allreduce_binary_tree_h_p_8_ch_intra_pipe_inter_2nicPtree.xml
x3002c0s37b0n0:22732:22833 [1] NCCL INFO MSCCL: Parsing algorithm /home/yuke/ncclPG/msccl_tools_lyd/examples/xml/allreduce_binary_tree_h_p_8_ch_intra_pipe_inter_2nicPtree.xml
x3002c0s37b0n0:22733:22834 [2] NCCL INFO Connected all trees
x3002c0s37b0n0:22733:22834 [2] NCCL INFO MSCCL_XML_FILES set by environment to /home/yuke/ncclPG/msccl_tools_lyd/examples/xml/allreduce_binary_tree_h_p_8_ch_intra_pipe_inter_2nicPtree.xml
x3002c0s37b0n0:22733:22834 [2] NCCL INFO MSCCL: Parsing algorithm /home/yuke/ncclPG/msccl_tools_lyd/examples/xml/allreduce_binary_tree_h_p_8_ch_intra_pipe_inter_2nicPtree.xml
x3002c0s37b0n0:22732:22833 [1] NCCL INFO Parsed MSCCL Algorithm /home/yuke/ncclPG/msccl_tools_lyd/examples/xml/allreduce_binary_tree_h_p_8_ch_intra_pipe_inter_2nicPtree.xml successfully.
x3002c0s37b0n0:22733:22834 [2] NCCL INFO Parsed MSCCL Algorithm /home/yuke/ncclPG/msccl_tools_lyd/examples/xml/allreduce_binary_tree_h_p_8_ch_intra_pipe_inter_2nicPtree.xml successfully.
x3004c0s13b1n0:9634:9740 [1] NCCL INFO Channel 07/0 : 53[46000] -> 57[46000] [receive] via NET/IB/1
x3002c0s37b0n0:22733:22834 [2] NCCL INFO Connected 1 MSCCL algorithms
x3002c0s37b0n0:22733:22834 [2] NCCL INFO NCCL_PROTO set by environment to Simple
x3002c0s37b0n0:22733:22834 [2] NCCL INFO NCCL_ALGO set by environment to MSCCL,TREE,RING
x3002c0s37b0n0:22733:22834 [2] NCCL INFO threadThresholds 8/8/64 | 512/8/64 | 8/8/64 | 8/8/512
x3002c0s37b0n0:22733:22834 [2] NCCL INFO 8 coll channels, 4 p2p channels, 2 p2p channels per peer
