x3002c0s7b1n0:32727:32753 [0] NCCL INFO Channel 01 : 20[7000] -> 23[c7000] via P2P/IPC/read
x3004c0s19b1n0:26046:26074 [0] NCCL INFO Channel 03 : 40[7000] -> 43[c7000] via P2P/IPC/read
x3004c0s19b0n0:51369:51393 [1] NCCL INFO Parsed MSCCL Algorithm /home/yuke/ncclPG/CCL-LYD/msccl_tools_lyd/examples/xml/xml_lyd/ring/allreduce_ring_node16_gpu64_mcl4_mck1_gan0.xml successfully.
x3004c0s19b0n0:51370:51392 [2] NCCL INFO Parsed MSCCL Algorithm /home/yuke/ncclPG/CCL-LYD/msccl_tools_lyd/examples/xml/xml_lyd/ring/allreduce_ring_node16_gpu64_mcl4_mck1_gan0.xml successfully.
x3003c0s7b0n0:62210:62236 [1] NCCL INFO Channel 07/0 : 29[46000] -> 33[46000] [send] via NET/AWS Libfabric/3
x3002c0s7b0n0:21551:21578 [0] NCCL INFO Parsed MSCCL Algorithm /home/yuke/ncclPG/CCL-LYD/msccl_tools_lyd/examples/xml/xml_lyd/ring/allreduce_ring_node16_gpu64_mcl4_mck1_gan0.xml successfully.
x3003c0s37b1n0:29904:29926 [3] NCCL INFO Channel 01/0 : 31[c7000] -> 27[c7000] [receive] via NET/AWS Libfabric/1
x3004c0s1b0n0:6832:6857 [1] NCCL INFO Channel 07/0 : 41[46000] -> 45[46000] [receive] via NET/AWS Libfabric/3
x3003c0s7b0n0:62211:62234 [2] NCCL INFO Channel 05/0 : 30[85000] -> 34[85000] [send] via NET/AWS Libfabric/3
x3002c0s7b0n0:21551:21578 [0] NCCL INFO Channel 01 : 16[7000] -> 19[c7000] via P2P/IPC/read
x3002c0s7b0n0:21554:21576 [3] NCCL INFO Channel 03/0 : 23[c7000] -> 19[c7000] [receive] via NET/AWS Libfabric/1
x3004c0s1b0n0:6832:6857 [1] NCCL INFO Channel 07/0 : 45[46000] -> 49[46000] [send] via NET/AWS Libfabric/3
x3004c0s1b0n0:6833:6855 [2] NCCL INFO Channel 05/0 : 42[85000] -> 46[85000] [receive] via NET/AWS Libfabric/3
x3003c0s7b1n0:34487:34510 [1] NCCL INFO Channel 07/0 : 29[46000] -> 33[46000] [receive] via NET/AWS Libfabric/3
x3004c0s1b0n0:6833:6855 [2] NCCL INFO Channel 05/0 : 46[85000] -> 50[85000] [send] via NET/AWS Libfabric/3
x3002c0s7b0n0:21554:21576 [3] NCCL INFO Connected all trees
x3002c0s7b0n0:21554:21576 [3] NCCL INFO MSCCL: Parsing algorithm /home/yuke/ncclPG/CCL-LYD/msccl_tools_lyd/examples/xml/xml_lyd/ring/allreduce_ring_node16_gpu64_mcl4_mck1_gan0.xml
x3002c0s7b1n0:32727:32753 [0] NCCL INFO Channel 03 : 20[7000] -> 23[c7000] via P2P/IPC/read
x3004c0s19b0n0:51369:51393 [1] NCCL INFO Channel 07/0 : 33[46000] -> 37[46000] [receive] via NET/AWS Libfabric/3
x3002c0s7b0n0:21551:21578 [0] NCCL INFO Channel 03 : 16[7000] -> 19[c7000] via P2P/IPC/read
x3004c0s19b0n0:51370:51392 [2] NCCL INFO Channel 05/0 : 34[85000] -> 38[85000] [receive] via NET/AWS Libfabric/3
x3003c0s7b0n0:62209:62233 [0] NCCL INFO Channel 02/0 : 28[7000] -> 12[7000] [send] via NET/AWS Libfabric/3
x3003c0s7b1n0:34488:34512 [2] NCCL INFO Channel 05/0 : 30[85000] -> 34[85000] [receive] via NET/AWS Libfabric/3
x3003c0s7b1n0:34487:34510 [1] NCCL INFO Channel 07/0 : 33[46000] -> 37[46000] [send] via NET/AWS Libfabric/3
x3002c0s7b0n0:21554:21576 [3] NCCL INFO Parsed MSCCL Algorithm /home/yuke/ncclPG/CCL-LYD/msccl_tools_lyd/examples/xml/xml_lyd/ring/allreduce_ring_node16_gpu64_mcl4_mck1_gan0.xml successfully.
x3003c0s7b0n0:62212:62235 [3] NCCL INFO Channel 03/0 : 31[c7000] -> 15[c7000] [send] via NET/AWS Libfabric/1
x3004c0s19b0n0:51370:51392 [2] NCCL INFO Channel 05/0 : 38[85000] -> 42[85000] [send] via NET/AWS Libfabric/3
x3003c0s7b1n0:34489:34513 [3] NCCL INFO Channel 01/0 : 51[c7000] -> 35[c7000] [receive] via NET/AWS Libfabric/1
x3003c0s7b1n0:34488:34512 [2] NCCL INFO Channel 05/0 : 34[85000] -> 38[85000] [send] via NET/AWS Libfabric/3
x3004c0s1b0n0:6831:6856 [0] NCCL INFO Channel 04/0 : 40[7000] -> 44[7000] [receive] via NET/AWS Libfabric/3
x3004c0s1b0n0:6831:6856 [0] NCCL INFO Channel 04/0 : 44[7000] -> 48[7000] [send] via NET/AWS Libfabric/3
x3004c0s31b0n0:32939:32961 [3] NCCL INFO Channel 01/0 : 63[c7000] -> 59[c7000] [send] via NET/AWS Libfabric/1
x3004c0s31b0n0:32936:32963 [0] NCCL INFO Channel 00/0 : 60[7000] -> 56[7000] [send] via NET/AWS Libfabric/3
x3003c0s7b1n0:34486:34511 [0] NCCL INFO Channel 00/0 : 48[7000] -> 32[7000] [receive] via NET/AWS Libfabric/3
x3004c0s19b1n0:26049:26072 [3] NCCL INFO Channel 06/0 : 39[c7000] -> 43[c7000] [receive] via NET/AWS Libfabric/1
x3002c0s37b1n0:43800:43826 [0] NCCL INFO Channel 02/0 : 12[7000] -> 4[7000] [send] via NET/AWS Libfabric/3
x3003c0s7b0n0:62209:62233 [0] NCCL INFO Channel 00/0 : 28[7000] -> 24[7000] [send] via NET/AWS Libfabric/3
x3002c0s31b0n0:50077:50100 [3] NCCL INFO Channel 03/0 : 7[c7000] -> 3[c7000] [receive] via NET/AWS Libfabric/1
x3002c0s37b1n0:43803:43827 [3] NCCL INFO Channel 03/0 : 15[c7000] -> 7[c7000] [send] via NET/AWS Libfabric/1
x3003c0s7b0n0:62209:62233 [0] NCCL INFO Connected all trees
x3003c0s7b0n0:62209:62233 [0] NCCL INFO MSCCL: Parsing algorithm /home/yuke/ncclPG/CCL-LYD/msccl_tools_lyd/examples/xml/xml_lyd/ring/allreduce_ring_node16_gpu64_mcl4_mck1_gan0.xml
x3004c0s19b1n0:26046:26074 [0] NCCL INFO Channel 04/0 : 36[7000] -> 40[7000] [receive] via NET/AWS Libfabric/3
x3002c0s7b1n0:32730:32754 [3] NCCL INFO Channel 01/0 : 26[85000] -> 23[c7000] [receive] via NET/AWS Libfabric/1
x3003c0s7b0n0:62212:62235 [3] NCCL INFO Channel 01/0 : 31[c7000] -> 27[c7000] [send] via NET/AWS Libfabric/1
x3002c0s37b1n0:43800:43826 [0] NCCL INFO Channel 00/0 : 12[7000] -> 8[7000] [send] via NET/AWS Libfabric/3
x3004c0s19b0n0:51369:51393 [1] NCCL INFO Channel 07/0 : 37[46000] -> 41[46000] [send] via NET/AWS Libfabric/3
x3004c0s1b0n0:6834:6858 [3] NCCL INFO Channel 06/0 : 43[c7000] -> 47[c7000] [receive] via NET/AWS Libfabric/1
x3002c0s31b0n0:50074:50099 [0] NCCL INFO Channel 02/0 : 4[7000] -> 0[7000] [receive] via NET/AWS Libfabric/3
x3003c0s37b1n0:29904:29926 [3] NCCL INFO Connected all trees
x3003c0s37b1n0:29904:29926 [3] NCCL INFO MSCCL: Parsing algorithm /home/yuke/ncclPG/CCL-LYD/msccl_tools_lyd/examples/xml/xml_lyd/ring/allreduce_ring_node16_gpu64_mcl4_mck1_gan0.xml
x3003c0s7b0n0:62212:62235 [3] NCCL INFO Connected all trees
x3003c0s7b0n0:62212:62235 [3] NCCL INFO MSCCL: Parsing algorithm /home/yuke/ncclPG/CCL-LYD/msccl_tools_lyd/examples/xml/xml_lyd/ring/allreduce_ring_node16_gpu64_mcl4_mck1_gan0.xml
x3004c0s1b0n0:6834:6858 [3] NCCL INFO Channel 06/0 : 47[c7000] -> 51[c7000] [send] via NET/AWS Libfabric/1
x3002c0s37b1n0:43800:43826 [0] NCCL INFO Connected all trees
x3002c0s37b1n0:43800:43826 [0] NCCL INFO MSCCL: Parsing algorithm /home/yuke/ncclPG/CCL-LYD/msccl_tools_lyd/examples/xml/xml_lyd/ring/allreduce_ring_node16_gpu64_mcl4_mck1_gan0.xml
x3003c0s7b0n0:62209:62233 [0] NCCL INFO Parsed MSCCL Algorithm /home/yuke/ncclPG/CCL-LYD/msccl_tools_lyd/examples/xml/xml_lyd/ring/allreduce_ring_node16_gpu64_mcl4_mck1_gan0.xml successfully.
x3002c0s31b1n0:17020:17042 [3] NCCL INFO Channel 03/0 : 7[c7000] -> 3[c7000] [send] via NET/AWS Libfabric/1
x3003c0s7b0n0:62209:62233 [0] NCCL INFO Channel 01 : 28[7000] -> 31[c7000] via P2P/IPC/read
x3003c0s37b1n0:29903:29925 [2] NCCL INFO Channel 00 : 26[85000] -> 25[46000] via P2P/IPC/read
x3002c0s7b1n0:32730:32754 [3] NCCL INFO Connected all trees
x3002c0s7b1n0:32730:32754 [3] NCCL INFO MSCCL: Parsing algorithm /home/yuke/ncclPG/CCL-LYD/msccl_tools_lyd/examples/xml/xml_lyd/ring/allreduce_ring_node16_gpu64_mcl4_mck1_gan0.xml
x3003c0s37b1n0:29901:29927 [0] NCCL INFO Channel 02/0 : 24[7000] -> 21[46000] [send] via NET/AWS Libfabric/3
x3003c0s7b0n0:62212:62235 [3] NCCL INFO Parsed MSCCL Algorithm /home/yuke/ncclPG/CCL-LYD/msccl_tools_lyd/examples/xml/xml_lyd/ring/allreduce_ring_node16_gpu64_mcl4_mck1_gan0.xml successfully.
x3004c0s1b1n0:9856:9882 [0] NCCL INFO Channel 00/0 : 56[7000] -> 48[7000] [receive] via NET/AWS Libfabric/3
x3002c0s37b1n0:43800:43826 [0] NCCL INFO Parsed MSCCL Algorithm /home/yuke/ncclPG/CCL-LYD/msccl_tools_lyd/examples/xml/xml_lyd/ring/allreduce_ring_node16_gpu64_mcl4_mck1_gan0.xml successfully.
x3003c0s37b1n0:29904:29926 [3] NCCL INFO Parsed MSCCL Algorithm /home/yuke/ncclPG/CCL-LYD/msccl_tools_lyd/examples/xml/xml_lyd/ring/allreduce_ring_node16_gpu64_mcl4_mck1_gan0.xml successfully.
x3003c0s37b1n0:29903:29925 [2] NCCL INFO Channel 02 : 26[85000] -> 25[46000] via P2P/IPC/read
x3004c0s1b1n0:9859:9881 [3] NCCL INFO Channel 01/0 : 59[c7000] -> 51[c7000] [receive] via NET/AWS Libfabric/1
x3002c0s37b1n0:43800:43826 [0] NCCL INFO Channel 01 : 12[7000] -> 15[c7000] via P2P/IPC/read
x3004c0s19b1n0:26046:26074 [0] NCCL INFO Channel 04/0 : 40[7000] -> 44[7000] [send] via NET/AWS Libfabric/3
x3004c0s19b1n0:26049:26072 [3] NCCL INFO Channel 06/0 : 43[c7000] -> 47[c7000] [send] via NET/AWS Libfabric/1
x3002c0s7b1n0:32730:32754 [3] NCCL INFO Parsed MSCCL Algorithm /home/yuke/ncclPG/CCL-LYD/msccl_tools_lyd/examples/xml/xml_lyd/ring/allreduce_ring_node16_gpu64_mcl4_mck1_gan0.xml successfully.
x3002c0s37b0n0:49353:49380 [0] NCCL INFO Channel 02/0 : 8[7000] -> 5[46000] [send] via NET/AWS Libfabric/3
x3002c0s37b1n0:43803:43827 [3] NCCL INFO Channel 01/0 : 15[c7000] -> 11[c7000] [send] via NET/AWS Libfabric/1
x3003c0s37b1n0:29901:29927 [0] NCCL INFO Connected all trees
x3003c0s37b1n0:29901:29927 [0] NCCL INFO MSCCL: Parsing algorithm /home/yuke/ncclPG/CCL-LYD/msccl_tools_lyd/examples/xml/xml_lyd/ring/allreduce_ring_node16_gpu64_mcl4_mck1_gan0.xml
x3003c0s7b1n0:34489:34513 [3] NCCL INFO Channel 03/0 : 39[c7000] -> 35[c7000] [receive] via NET/AWS Libfabric/1
x3002c0s31b0n0:50077:50100 [3] NCCL INFO Connected all trees
x3002c0s31b0n0:50077:50100 [3] NCCL INFO MSCCL: Parsing algorithm /home/yuke/ncclPG/CCL-LYD/msccl_tools_lyd/examples/xml/xml_lyd/ring/allreduce_ring_node16_gpu64_mcl4_mck1_gan0.xml
x3002c0s37b0n0:49353:49380 [0] NCCL INFO Connected all trees
x3002c0s37b0n0:49353:49380 [0] NCCL INFO MSCCL: Parsing algorithm /home/yuke/ncclPG/CCL-LYD/msccl_tools_lyd/examples/xml/xml_lyd/ring/allreduce_ring_node16_gpu64_mcl4_mck1_gan0.xml
x3002c0s37b1n0:43803:43827 [3] NCCL INFO Connected all trees
x3002c0s37b1n0:43803:43827 [3] NCCL INFO MSCCL: Parsing algorithm /home/yuke/ncclPG/CCL-LYD/msccl_tools_lyd/examples/xml/xml_lyd/ring/allreduce_ring_node16_gpu64_mcl4_mck1_gan0.xml
x3002c0s31b1n0:17017:17044 [0] NCCL INFO Channel 00/0 : 9[46000] -> 4[7000] [receive] via NET/AWS Libfabric/3
x3002c0s7b0n0:21551:21578 [0] NCCL INFO Channel 04/0 : 12[7000] -> 16[7000] [receive] via NET/AWS Libfabric/3
x3003c0s7b0n0:62209:62233 [0] NCCL INFO Channel 03 : 28[7000] -> 31[c7000] via P2P/IPC/read
x3002c0s37b0n0:49356:49378 [3] NCCL INFO Connected all trees
x3002c0s37b0n0:49356:49378 [3] NCCL INFO MSCCL: Parsing algorithm /home/yuke/ncclPG/CCL-LYD/msccl_tools_lyd/examples/xml/xml_lyd/ring/allreduce_ring_node16_gpu64_mcl4_mck1_gan0.xml
x3003c0s37b1n0:29901:29927 [0] NCCL INFO Parsed MSCCL Algorithm /home/yuke/ncclPG/CCL-LYD/msccl_tools_lyd/examples/xml/xml_lyd/ring/allreduce_ring_node16_gpu64_mcl4_mck1_gan0.xml successfully.
x3003c0s37b1n0:29901:29927 [0] NCCL INFO Channel 01 : 24[7000] -> 27[c7000] via P2P/IPC/read
x3003c0s37b1n0:29902:29928 [1] NCCL INFO Connected all trees
x3003c0s37b1n0:29902:29928 [1] NCCL INFO MSCCL: Parsing algorithm /home/yuke/ncclPG/CCL-LYD/msccl_tools_lyd/examples/xml/xml_lyd/ring/allreduce_ring_node16_gpu64_mcl4_mck1_gan0.xml
x3003c0s37b1n0:29903:29925 [2] NCCL INFO Connected all trees
x3003c0s37b1n0:29903:29925 [2] NCCL INFO MSCCL: Parsing algorithm /home/yuke/ncclPG/CCL-LYD/msccl_tools_lyd/examples/xml/xml_lyd/ring/allreduce_ring_node16_gpu64_mcl4_mck1_gan0.xml
x3002c0s37b1n0:43800:43826 [0] NCCL INFO Channel 03 : 12[7000] -> 15[c7000] via P2P/IPC/read
x3002c0s31b0n0:50077:50100 [3] NCCL INFO Parsed MSCCL Algorithm /home/yuke/ncclPG/CCL-LYD/msccl_tools_lyd/examples/xml/xml_lyd/ring/allreduce_ring_node16_gpu64_mcl4_mck1_gan0.xml successfully.
x3003c0s7b1n0:34489:34513 [3] NCCL INFO Connected all trees
x3003c0s7b1n0:34489:34513 [3] NCCL INFO MSCCL: Parsing algorithm /home/yuke/ncclPG/CCL-LYD/msccl_tools_lyd/examples/xml/xml_lyd/ring/allreduce_ring_node16_gpu64_mcl4_mck1_gan0.xml
x3002c0s37b1n0:43803:43827 [3] NCCL INFO Parsed MSCCL Algorithm /home/yuke/ncclPG/CCL-LYD/msccl_tools_lyd/examples/xml/xml_lyd/ring/allreduce_ring_node16_gpu64_mcl4_mck1_gan0.xml successfully.
x3002c0s7b0n0:21551:21578 [0] NCCL INFO Channel 04/0 : 16[7000] -> 20[7000] [send] via NET/AWS Libfabric/3
x3004c0s25b1n0:14713:14741 [0] NCCL INFO Channel 00/0 : 60[7000] -> 56[7000] [receive] via NET/AWS Libfabric/3
x3003c0s7b1n0:34486:34511 [0] NCCL INFO Channel 02/0 : 36[7000] -> 32[7000] [receive] via NET/AWS Libfabric/3
x3002c0s37b0n0:49353:49380 [0] NCCL INFO Parsed MSCCL Algorithm /home/yuke/ncclPG/CCL-LYD/msccl_tools_lyd/examples/xml/xml_lyd/ring/allreduce_ring_node16_gpu64_mcl4_mck1_gan0.xml successfully.
x3002c0s7b0n0:21554:21576 [3] NCCL INFO Channel 06/0 : 15[c7000] -> 19[c7000] [receive] via NET/AWS Libfabric/1
x3002c0s37b0n0:49353:49380 [0] NCCL INFO Channel 01 : 8[7000] -> 11[c7000] via P2P/IPC/read
x3002c0s37b0n0:49356:49378 [3] NCCL INFO Parsed MSCCL Algorithm /home/yuke/ncclPG/CCL-LYD/msccl_tools_lyd/examples/xml/xml_lyd/ring/allreduce_ring_node16_gpu64_mcl4_mck1_gan0.xml successfully.
x3003c0s37b1n0:29902:29928 [1] NCCL INFO Parsed MSCCL Algorithm /home/yuke/ncclPG/CCL-LYD/msccl_tools_lyd/examples/xml/xml_lyd/ring/allreduce_ring_node16_gpu64_mcl4_mck1_gan0.xml successfully.
x3003c0s37b1n0:29903:29925 [2] NCCL INFO Parsed MSCCL Algorithm /home/yuke/ncclPG/CCL-LYD/msccl_tools_lyd/examples/xml/xml_lyd/ring/allreduce_ring_node16_gpu64_mcl4_mck1_gan0.xml successfully.
x3002c0s7b1n0:32728:32751 [1] NCCL INFO Connected all trees
x3002c0s7b1n0:32728:32751 [1] NCCL INFO MSCCL: Parsing algorithm /home/yuke/ncclPG/CCL-LYD/msccl_tools_lyd/examples/xml/xml_lyd/ring/allreduce_ring_node16_gpu64_mcl4_mck1_gan0.xml
x3004c0s25b1n0:14716:14740 [3] NCCL INFO Channel 03/0 : 59[c7000] -> 54[85000] [send] via NET/AWS Libfabric/1
x3003c0s7b1n0:34489:34513 [3] NCCL INFO Parsed MSCCL Algorithm /home/yuke/ncclPG/CCL-LYD/msccl_tools_lyd/examples/xml/xml_lyd/ring/allreduce_ring_node16_gpu64_mcl4_mck1_gan0.xml successfully.
x3002c0s7b1n0:32729:32752 [2] NCCL INFO Connected all trees
x3002c0s7b1n0:32729:32752 [2] NCCL INFO MSCCL: Parsing algorithm /home/yuke/ncclPG/CCL-LYD/msccl_tools_lyd/examples/xml/xml_lyd/ring/allreduce_ring_node16_gpu64_mcl4_mck1_gan0.xml
x3004c0s31b0n0:32936:32963 [0] NCCL INFO Connected all trees
x3004c0s31b0n0:32936:32963 [0] NCCL INFO MSCCL: Parsing algorithm /home/yuke/ncclPG/CCL-LYD/msccl_tools_lyd/examples/xml/xml_lyd/ring/allreduce_ring_node16_gpu64_mcl4_mck1_gan0.xml
x3004c0s19b0n0:51368:51395 [0] NCCL INFO Connected all trees
x3004c0s19b0n0:51368:51395 [0] NCCL INFO MSCCL: Parsing algorithm /home/yuke/ncclPG/CCL-LYD/msccl_tools_lyd/examples/xml/xml_lyd/ring/allreduce_ring_node16_gpu64_mcl4_mck1_gan0.xml
x3002c0s31b1n0:17020:17042 [3] NCCL INFO Channel 01/0 : 10[85000] -> 7[c7000] [receive] via NET/AWS Libfabric/1
x3004c0s19b0n0:51371:51394 [3] NCCL INFO Channel 01/0 : 42[85000] -> 39[c7000] [receive] via NET/AWS Libfabric/1
x3003c0s7b1n0:34486:34511 [0] NCCL INFO Connected all trees
x3003c0s7b1n0:34486:34511 [0] NCCL INFO MSCCL: Parsing algorithm /home/yuke/ncclPG/CCL-LYD/msccl_tools_lyd/examples/xml/xml_lyd/ring/allreduce_ring_node16_gpu64_mcl4_mck1_gan0.xml
x3002c0s7b0n0:21554:21576 [3] NCCL INFO Channel 06/0 : 19[c7000] -> 23[c7000] [send] via NET/AWS Libfabric/1
x3002c0s37b0n0:49355:49379 [2] NCCL INFO Channel 00 : 10[85000] -> 9[46000] via P2P/IPC/read
x3003c0s37b1n0:29901:29927 [0] NCCL INFO Channel 03 : 24[7000] -> 27[c7000] via P2P/IPC/read
x3004c0s1b1n0:9856:9882 [0] NCCL INFO Channel 02/0 : 52[7000] -> 48[7000] [receive] via NET/AWS Libfabric/3
x3002c0s7b1n0:32728:32751 [1] NCCL INFO Parsed MSCCL Algorithm /home/yuke/ncclPG/CCL-LYD/msccl_tools_lyd/examples/xml/xml_lyd/ring/allreduce_ring_node16_gpu64_mcl4_mck1_gan0.xml successfully.
x3004c0s25b0n0:29924:29945 [2] NCCL INFO Channel 00 : 54[85000] -> 53[46000] via P2P/IPC/read
x3002c0s31b1n0:17017:17044 [0] NCCL INFO Channel 02/0 : 4[7000] -> 0[7000] [send] via NET/AWS Libfabric/3
x3004c0s25b0n0:29924:29945 [2] NCCL INFO Channel 02 : 54[85000] -> 53[46000] via P2P/IPC/read
x3004c0s31b0n0:32936:32963 [0] NCCL INFO Parsed MSCCL Algorithm /home/yuke/ncclPG/CCL-LYD/msccl_tools_lyd/examples/xml/xml_lyd/ring/allreduce_ring_node16_gpu64_mcl4_mck1_gan0.xml successfully.
x3002c0s7b1n0:32727:32753 [0] NCCL INFO Channel 04/0 : 16[7000] -> 20[7000] [receive] via NET/AWS Libfabric/3
x3003c0s7b1n0:34486:34511 [0] NCCL INFO Parsed MSCCL Algorithm /home/yuke/ncclPG/CCL-LYD/msccl_tools_lyd/examples/xml/xml_lyd/ring/allreduce_ring_node16_gpu64_mcl4_mck1_gan0.xml successfully.
x3004c0s19b0n0:51368:51395 [0] NCCL INFO Parsed MSCCL Algorithm /home/yuke/ncclPG/CCL-LYD/msccl_tools_lyd/examples/xml/xml_lyd/ring/allreduce_ring_node16_gpu64_mcl4_mck1_gan0.xml successfully.
x3002c0s37b0n0:49353:49380 [0] NCCL INFO Channel 03 : 8[7000] -> 11[c7000] via P2P/IPC/read
x3003c0s37b1n0:29902:29928 [1] NCCL INFO Channel 07/0 : 21[46000] -> 25[46000] [receive] via NET/AWS Libfabric/3
x3004c0s19b1n0:26048:26073 [2] NCCL INFO Channel 00 : 42[85000] -> 41[46000] via P2P/IPC/read
x3004c0s25b0n0:29922:29948 [0] NCCL INFO Connected all trees
x3004c0s25b0n0:29922:29948 [0] NCCL INFO MSCCL: Parsing algorithm /home/yuke/ncclPG/CCL-LYD/msccl_tools_lyd/examples/xml/xml_lyd/ring/allreduce_ring_node16_gpu64_mcl4_mck1_gan0.xml
x3002c0s31b1n0:17017:17044 [0] NCCL INFO Connected all trees
x3002c0s31b1n0:17017:17044 [0] NCCL INFO MSCCL: Parsing algorithm /home/yuke/ncclPG/CCL-LYD/msccl_tools_lyd/examples/xml/xml_lyd/ring/allreduce_ring_node16_gpu64_mcl4_mck1_gan0.xml
x3004c0s31b0n0:32936:32963 [0] NCCL INFO Channel 01 : 60[7000] -> 63[c7000] via P2P/IPC/read
x3003c0s7b1n0:34486:34511 [0] NCCL INFO Channel 01 : 32[7000] -> 35[c7000] via P2P/IPC/read
x3002c0s7b1n0:32729:32752 [2] NCCL INFO Parsed MSCCL Algorithm /home/yuke/ncclPG/CCL-LYD/msccl_tools_lyd/examples/xml/xml_lyd/ring/allreduce_ring_node16_gpu64_mcl4_mck1_gan0.xml successfully.
x3002c0s31b1n0:17020:17042 [3] NCCL INFO Connected all trees
x3002c0s31b1n0:17020:17042 [3] NCCL INFO MSCCL: Parsing algorithm /home/yuke/ncclPG/CCL-LYD/msccl_tools_lyd/examples/xml/xml_lyd/ring/allreduce_ring_node16_gpu64_mcl4_mck1_gan0.xml
x3004c0s1b1n0:9856:9882 [0] NCCL INFO Connected all trees
x3004c0s1b1n0:9856:9882 [0] NCCL INFO MSCCL: Parsing algorithm /home/yuke/ncclPG/CCL-LYD/msccl_tools_lyd/examples/xml/xml_lyd/ring/allreduce_ring_node16_gpu64_mcl4_mck1_gan0.xml
x3004c0s1b1n0:9859:9881 [3] NCCL INFO Channel 03/0 : 55[c7000] -> 51[c7000] [receive] via NET/AWS Libfabric/1
x3002c0s37b0n0:49355:49379 [2] NCCL INFO Channel 02 : 10[85000] -> 9[46000] via P2P/IPC/read
x3002c0s7b1n0:32727:32753 [0] NCCL INFO Channel 04/0 : 20[7000] -> 24[7000] [send] via NET/AWS Libfabric/3
x3002c0s31b0n0:50074:50099 [0] NCCL INFO Connected all trees
x3002c0s31b0n0:50074:50099 [0] NCCL INFO MSCCL: Parsing algorithm /home/yuke/ncclPG/CCL-LYD/msccl_tools_lyd/examples/xml/xml_lyd/ring/allreduce_ring_node16_gpu64_mcl4_mck1_gan0.xml
x3004c0s25b1n0:14713:14741 [0] NCCL INFO Channel 02/0 : 56[7000] -> 53[46000] [send] via NET/AWS Libfabric/3
x3002c0s31b1n0:17018:17041 [1] NCCL INFO Connected all trees
x3003c0s7b0n0:62209:62233 [0] NCCL INFO Channel 04/0 : 24[7000] -> 28[7000] [receive] via NET/AWS Libfabric/3
x3002c0s31b1n0:17018:17041 [1] NCCL INFO MSCCL: Parsing algorithm /home/yuke/ncclPG/CCL-LYD/msccl_tools_lyd/examples/xml/xml_lyd/ring/allreduce_ring_node16_gpu64_mcl4_mck1_gan0.xml
x3003c0s7b0n0:62209:62233 [0] NCCL INFO Channel 04/0 : 28[7000] -> 32[7000] [send] via NET/AWS Libfabric/3
x3004c0s19b1n0:26048:26073 [2] NCCL INFO Channel 02 : 42[85000] -> 41[46000] via P2P/IPC/read
x3002c0s31b1n0:17019:17043 [2] NCCL INFO Connected all trees
x3002c0s31b1n0:17019:17043 [2] NCCL INFO MSCCL: Parsing algorithm /home/yuke/ncclPG/CCL-LYD/msccl_tools_lyd/examples/xml/xml_lyd/ring/allreduce_ring_node16_gpu64_mcl4_mck1_gan0.xml
x3003c0s37b1n0:29902:29928 [1] NCCL INFO Channel 07/0 : 25[46000] -> 29[46000] [send] via NET/AWS Libfabric/3
x3004c0s25b1n0:14713:14741 [0] NCCL INFO Connected all trees
x3004c0s25b1n0:14713:14741 [0] NCCL INFO MSCCL: Parsing algorithm /home/yuke/ncclPG/CCL-LYD/msccl_tools_lyd/examples/xml/xml_lyd/ring/allreduce_ring_node16_gpu64_mcl4_mck1_gan0.xml
x3002c0s31b1n0:17020:17042 [3] NCCL INFO Parsed MSCCL Algorithm /home/yuke/ncclPG/CCL-LYD/msccl_tools_lyd/examples/xml/xml_lyd/ring/allreduce_ring_node16_gpu64_mcl4_mck1_gan0.xml successfully.
x3002c0s37b0n0:49354:49377 [1] NCCL INFO Connected all trees
x3002c0s37b0n0:49354:49377 [1] NCCL INFO MSCCL: Parsing algorithm /home/yuke/ncclPG/CCL-LYD/msccl_tools_lyd/examples/xml/xml_lyd/ring/allreduce_ring_node16_gpu64_mcl4_mck1_gan0.xml
x3002c0s37b0n0:49355:49379 [2] NCCL INFO Connected all trees
x3002c0s37b0n0:49355:49379 [2] NCCL INFO MSCCL: Parsing algorithm /home/yuke/ncclPG/CCL-LYD/msccl_tools_lyd/examples/xml/xml_lyd/ring/allreduce_ring_node16_gpu64_mcl4_mck1_gan0.xml
x3002c0s31b1n0:17017:17044 [0] NCCL INFO Parsed MSCCL Algorithm /home/yuke/ncclPG/CCL-LYD/msccl_tools_lyd/examples/xml/xml_lyd/ring/allreduce_ring_node16_gpu64_mcl4_mck1_gan0.xml successfully.
x3004c0s1b1n0:9856:9882 [0] NCCL INFO Parsed MSCCL Algorithm /home/yuke/ncclPG/CCL-LYD/msccl_tools_lyd/examples/xml/xml_lyd/ring/allreduce_ring_node16_gpu64_mcl4_mck1_gan0.xml successfully.
x3002c0s7b1n0:32729:32752 [2] NCCL INFO Channel 05/0 : 18[85000] -> 22[85000] [receive] via NET/AWS Libfabric/3
x3002c0s7b1n0:32730:32754 [3] NCCL INFO Channel 06/0 : 19[c7000] -> 23[c7000] [receive] via NET/AWS Libfabric/1
x3002c0s31b1n0:17017:17044 [0] NCCL INFO Channel 01 : 4[7000] -> 7[c7000] via P2P/IPC/read
x3004c0s19b0n0:51368:51395 [0] NCCL INFO Channel 01 : 36[7000] -> 39[c7000] via P2P/IPC/read
x3004c0s19b0n0:51371:51394 [3] NCCL INFO Connected all trees
x3004c0s19b0n0:51371:51394 [3] NCCL INFO MSCCL: Parsing algorithm /home/yuke/ncclPG/CCL-LYD/msccl_tools_lyd/examples/xml/xml_lyd/ring/allreduce_ring_node16_gpu64_mcl4_mck1_gan0.xml
x3004c0s1b1n0:9856:9882 [0] NCCL INFO Channel 01 : 48[7000] -> 51[c7000] via P2P/IPC/read
x3004c0s1b1n0:9859:9881 [3] NCCL INFO Connected all trees
x3004c0s1b1n0:9859:9881 [3] NCCL INFO MSCCL: Parsing algorithm /home/yuke/ncclPG/CCL-LYD/msccl_tools_lyd/examples/xml/xml_lyd/ring/allreduce_ring_node16_gpu64_mcl4_mck1_gan0.xml
x3002c0s31b0n0:50074:50099 [0] NCCL INFO Parsed MSCCL Algorithm /home/yuke/ncclPG/CCL-LYD/msccl_tools_lyd/examples/xml/xml_lyd/ring/allreduce_ring_node16_gpu64_mcl4_mck1_gan0.xml successfully.
x3002c0s31b0n0:50074:50099 [0] NCCL INFO Channel 01 : 0[7000] -> 3[c7000] via P2P/IPC/read
x3002c0s31b1n0:17018:17041 [1] NCCL INFO Parsed MSCCL Algorithm /home/yuke/ncclPG/CCL-LYD/msccl_tools_lyd/examples/xml/xml_lyd/ring/allreduce_ring_node16_gpu64_mcl4_mck1_gan0.xml successfully.
x3004c0s31b0n0:32936:32963 [0] NCCL INFO Channel 03 : 60[7000] -> 63[c7000] via P2P/IPC/read
x3003c0s37b1n0:29903:29925 [2] NCCL INFO Channel 05/0 : 22[85000] -> 26[85000] [receive] via NET/AWS Libfabric/3
x3003c0s37b1n0:29904:29926 [3] NCCL INFO Channel 06/0 : 23[c7000] -> 27[c7000] [receive] via NET/AWS Libfabric/1
x3004c0s25b1n0:14716:14740 [3] NCCL INFO Channel 01/0 : 63[c7000] -> 59[c7000] [receive] via NET/AWS Libfabric/1
x3004c0s25b0n0:29922:29948 [0] NCCL INFO Parsed MSCCL Algorithm /home/yuke/ncclPG/CCL-LYD/msccl_tools_lyd/examples/xml/xml_lyd/ring/allreduce_ring_node16_gpu64_mcl4_mck1_gan0.xml successfully.
x3003c0s7b0n0:62212:62235 [3] NCCL INFO Channel 06/0 : 27[c7000] -> 31[c7000] [receive] via NET/AWS Libfabric/1
x3004c0s19b0n0:51371:51394 [3] NCCL INFO Parsed MSCCL Algorithm /home/yuke/ncclPG/CCL-LYD/msccl_tools_lyd/examples/xml/xml_lyd/ring/allreduce_ring_node16_gpu64_mcl4_mck1_gan0.xml successfully.
x3002c0s7b1n0:32730:32754 [3] NCCL INFO Channel 06/0 : 23[c7000] -> 27[c7000] [send] via NET/AWS Libfabric/1
x3002c0s31b1n0:17019:17043 [2] NCCL INFO Parsed MSCCL Algorithm /home/yuke/ncclPG/CCL-LYD/msccl_tools_lyd/examples/xml/xml_lyd/ring/allreduce_ring_node16_gpu64_mcl4_mck1_gan0.xml successfully.
x3004c0s25b0n0:29922:29948 [0] NCCL INFO Channel 01 : 52[7000] -> 55[c7000] via P2P/IPC/read
x3003c0s7b1n0:34486:34511 [0] NCCL INFO Channel 03 : 32[7000] -> 35[c7000] via P2P/IPC/read
x3002c0s37b0n0:49355:49379 [2] NCCL INFO Parsed MSCCL Algorithm /home/yuke/ncclPG/CCL-LYD/msccl_tools_lyd/examples/xml/xml_lyd/ring/allreduce_ring_node16_gpu64_mcl4_mck1_gan0.xml successfully.
x3003c0s7b0n0:62212:62235 [3] NCCL INFO Channel 06/0 : 31[c7000] -> 35[c7000] [send] via NET/AWS Libfabric/1
x3002c0s7b1n0:32729:32752 [2] NCCL INFO Channel 05/0 : 22[85000] -> 26[85000] [send] via NET/AWS Libfabric/3
x3003c0s7b1n0:34487:34510 [1] NCCL INFO Connected 1 MSCCL algorithms
x3003c0s7b1n0:34487:34510 [1] NCCL INFO threadThresholds 8/8/64 | 512/8/64 | 8/8/64 | 8/8/512
x3003c0s7b1n0:34487:34510 [1] NCCL INFO 8 coll channels, 4 p2p channels, 2 p2p channels per peer
x3004c0s19b1n0:26048:26073 [2] NCCL INFO Connected all trees
x3004c0s19b1n0:26047:26071 [1] NCCL INFO Connected all trees
x3004c0s19b1n0:26048:26073 [2] NCCL INFO MSCCL: Parsing algorithm /home/yuke/ncclPG/CCL-LYD/msccl_tools_lyd/examples/xml/xml_lyd/ring/allreduce_ring_node16_gpu64_mcl4_mck1_gan0.xml
x3004c0s19b1n0:26047:26071 [1] NCCL INFO MSCCL: Parsing algorithm /home/yuke/ncclPG/CCL-LYD/msccl_tools_lyd/examples/xml/xml_lyd/ring/allreduce_ring_node16_gpu64_mcl4_mck1_gan0.xml
x3002c0s37b0n0:49354:49377 [1] NCCL INFO Parsed MSCCL Algorithm /home/yuke/ncclPG/CCL-LYD/msccl_tools_lyd/examples/xml/xml_lyd/ring/allreduce_ring_node16_gpu64_mcl4_mck1_gan0.xml successfully.
x3004c0s1b1n0:9859:9881 [3] NCCL INFO Parsed MSCCL Algorithm /home/yuke/ncclPG/CCL-LYD/msccl_tools_lyd/examples/xml/xml_lyd/ring/allreduce_ring_node16_gpu64_mcl4_mck1_gan0.xml successfully.
x3004c0s25b1n0:14713:14741 [0] NCCL INFO Parsed MSCCL Algorithm /home/yuke/ncclPG/CCL-LYD/msccl_tools_lyd/examples/xml/xml_lyd/ring/allreduce_ring_node16_gpu64_mcl4_mck1_gan0.xml successfully.
x3004c0s25b1n0:14713:14741 [0] NCCL INFO Channel 01 : 56[7000] -> 59[c7000] via P2P/IPC/read
x3002c0s31b0n0:50074:50099 [0] NCCL INFO Channel 03 : 0[7000] -> 3[c7000] via P2P/IPC/read
x3002c0s37b1n0:43800:43826 [0] NCCL INFO Channel 04/0 : 8[7000] -> 12[7000] [receive] via NET/AWS Libfabric/3
x3002c0s37b1n0:43800:43826 [0] NCCL INFO Channel 04/0 : 12[7000] -> 16[7000] [send] via NET/AWS Libfabric/3
x3003c0s37b1n0:29901:29927 [0] NCCL INFO Channel 04/0 : 20[7000] -> 24[7000] [receive] via NET/AWS Libfabric/3
x3003c0s37b1n0:29903:29925 [2] NCCL INFO Channel 05/0 : 26[85000] -> 30[85000] [send] via NET/AWS Libfabric/3
x3002c0s31b1n0:17017:17044 [0] NCCL INFO Channel 03 : 4[7000] -> 7[c7000] via P2P/IPC/read
x3004c0s31b0n0:32939:32961 [3] NCCL INFO Connected all trees
x3004c0s31b0n0:32939:32961 [3] NCCL INFO MSCCL: Parsing algorithm /home/yuke/ncclPG/CCL-LYD/msccl_tools_lyd/examples/xml/xml_lyd/ring/allreduce_ring_node16_gpu64_mcl4_mck1_gan0.xml
x3003c0s37b1n0:29904:29926 [3] NCCL INFO Channel 06/0 : 27[c7000] -> 31[c7000] [send] via NET/AWS Libfabric/1
x3002c0s7b1n0:32728:32751 [1] NCCL INFO Channel 07/0 : 17[46000] -> 21[46000] [receive] via NET/AWS Libfabric/3
x3004c0s25b0n0:29922:29948 [0] NCCL INFO Channel 03 : 52[7000] -> 55[c7000] via P2P/IPC/read
x3004c0s19b0n0:51368:51395 [0] NCCL INFO Channel 03 : 36[7000] -> 39[c7000] via P2P/IPC/read
x3004c0s25b1n0:14716:14740 [3] NCCL INFO Connected all trees
x3004c0s25b1n0:14716:14740 [3] NCCL INFO MSCCL: Parsing algorithm /home/yuke/ncclPG/CCL-LYD/msccl_tools_lyd/examples/xml/xml_lyd/ring/allreduce_ring_node16_gpu64_mcl4_mck1_gan0.xml
x3004c0s25b0n0:29925:29947 [3] NCCL INFO Channel 01/0 : 58[85000] -> 55[c7000] [receive] via NET/AWS Libfabric/1
x3003c0s37b1n0:29901:29927 [0] NCCL INFO Channel 04/0 : 24[7000] -> 28[7000] [send] via NET/AWS Libfabric/3
x3004c0s1b1n0:9856:9882 [0] NCCL INFO Channel 03 : 48[7000] -> 51[c7000] via P2P/IPC/read
x3004c0s19b1n0:26048:26073 [2] NCCL INFO Parsed MSCCL Algorithm /home/yuke/ncclPG/CCL-LYD/msccl_tools_lyd/examples/xml/xml_lyd/ring/allreduce_ring_node16_gpu64_mcl4_mck1_gan0.xml successfully.
x3002c0s7b1n0:32728:32751 [1] NCCL INFO Channel 07/0 : 21[46000] -> 25[46000] [send] via NET/AWS Libfabric/3
x3004c0s25b0n0:29923:29946 [1] NCCL INFO Connected all trees
x3004c0s25b0n0:29923:29946 [1] NCCL INFO MSCCL: Parsing algorithm /home/yuke/ncclPG/CCL-LYD/msccl_tools_lyd/examples/xml/xml_lyd/ring/allreduce_ring_node16_gpu64_mcl4_mck1_gan0.xml
x3004c0s25b0n0:29924:29945 [2] NCCL INFO Connected all trees
x3004c0s25b0n0:29924:29945 [2] NCCL INFO MSCCL: Parsing algorithm /home/yuke/ncclPG/CCL-LYD/msccl_tools_lyd/examples/xml/xml_lyd/ring/allreduce_ring_node16_gpu64_mcl4_mck1_gan0.xml
x3004c0s31b0n0:32939:32961 [3] NCCL INFO Parsed MSCCL Algorithm /home/yuke/ncclPG/CCL-LYD/msccl_tools_lyd/examples/xml/xml_lyd/ring/allreduce_ring_node16_gpu64_mcl4_mck1_gan0.xml successfully.
x3002c0s31b1n0:17019:17043 [2] NCCL INFO Channel 05/0 : 2[85000] -> 6[85000] [receive] via NET/AWS Libfabric/3
x3004c0s25b1n0:14713:14741 [0] NCCL INFO Channel 03 : 56[7000] -> 59[c7000] via P2P/IPC/read
x3002c0s37b1n0:43803:43827 [3] NCCL INFO Channel 06/0 : 11[c7000] -> 15[c7000] [receive] via NET/AWS Libfabric/1
x3002c0s37b0n0:49356:49378 [3] NCCL INFO Channel 06/0 : 7[c7000] -> 11[c7000] [receive] via NET/AWS Libfabric/1
x3003c0s37b1n0:29903:29925 [2] NCCL INFO Connected 1 MSCCL algorithms
x3003c0s37b1n0:29903:29925 [2] NCCL INFO threadThresholds 8/8/64 | 512/8/64 | 8/8/64 | 8/8/512
x3003c0s37b1n0:29903:29925 [2] NCCL INFO 8 coll channels, 4 p2p channels, 2 p2p channels per peer
x3004c0s25b1n0:14716:14740 [3] NCCL INFO Parsed MSCCL Algorithm /home/yuke/ncclPG/CCL-LYD/msccl_tools_lyd/examples/xml/xml_lyd/ring/allreduce_ring_node16_gpu64_mcl4_mck1_gan0.xml successfully.
x3003c0s7b0n0:62211:62234 [2] NCCL INFO Connected 1 MSCCL algorithms
x3003c0s7b0n0:62211:62234 [2] NCCL INFO threadThresholds 8/8/64 | 512/8/64 | 8/8/64 | 8/8/512
x3003c0s7b0n0:62211:62234 [2] NCCL INFO 8 coll channels, 4 p2p channels, 2 p2p channels per peer
x3004c0s25b1n0:14715:14739 [2] NCCL INFO Channel 00 : 58[85000] -> 57[46000] via P2P/IPC/read
x3002c0s37b1n0:43803:43827 [3] NCCL INFO Channel 06/0 : 15[c7000] -> 19[c7000] [send] via NET/AWS Libfabric/1
x3004c0s19b1n0:26047:26071 [1] NCCL INFO Parsed MSCCL Algorithm /home/yuke/ncclPG/CCL-LYD/msccl_tools_lyd/examples/xml/xml_lyd/ring/allreduce_ring_node16_gpu64_mcl4_mck1_gan0.xml successfully.
x3002c0s37b0n0:49353:49380 [0] NCCL INFO Channel 04/0 : 4[7000] -> 8[7000] [receive] via NET/AWS Libfabric/3
x3002c0s37b0n0:49354:49377 [1] NCCL INFO Channel 07/0 : 5[46000] -> 9[46000] [receive] via NET/AWS Libfabric/3
x3004c0s25b0n0:29925:29947 [3] NCCL INFO Connected all trees
x3004c0s25b0n0:29925:29947 [3] NCCL INFO MSCCL: Parsing algorithm /home/yuke/ncclPG/CCL-LYD/msccl_tools_lyd/examples/xml/xml_lyd/ring/allreduce_ring_node16_gpu64_mcl4_mck1_gan0.xml
x3003c0s7b1n0:34488:34512 [2] NCCL INFO Connected 1 MSCCL algorithms
x3003c0s7b1n0:34488:34512 [2] NCCL INFO threadThresholds 8/8/64 | 512/8/64 | 8/8/64 | 8/8/512
x3003c0s7b1n0:34488:34512 [2] NCCL INFO 8 coll channels, 4 p2p channels, 2 p2p channels per peer
x3004c0s25b0n0:29923:29946 [1] NCCL INFO Parsed MSCCL Algorithm /home/yuke/ncclPG/CCL-LYD/msccl_tools_lyd/examples/xml/xml_lyd/ring/allreduce_ring_node16_gpu64_mcl4_mck1_gan0.xml successfully.
x3002c0s37b0n0:49356:49378 [3] NCCL INFO Channel 06/0 : 11[c7000] -> 15[c7000] [send] via NET/AWS Libfabric/1
x3003c0s37b1n0:29904:29926 [3] NCCL INFO Channel 01 : 27[c7000] -> 24[7000] via P2P/IPC/read
x3003c0s7b0n0:62210:62236 [1] NCCL INFO Connected 1 MSCCL algorithms
x3003c0s7b0n0:62210:62236 [1] NCCL INFO threadThresholds 8/8/64 | 512/8/64 | 8/8/64 | 8/8/512
x3003c0s7b0n0:62210:62236 [1] NCCL INFO 8 coll channels, 4 p2p channels, 2 p2p channels per peer
x3002c0s31b1n0:17018:17041 [1] NCCL INFO Channel 07/0 : 1[46000] -> 5[46000] [receive] via NET/AWS Libfabric/3
x3002c0s31b0n0:50077:50100 [3] NCCL INFO Channel 06/0 : 63[c7000] -> 3[c7000] [receive] via NET/AWS Libfabric/1
x3004c0s25b0n0:29924:29945 [2] NCCL INFO Parsed MSCCL Algorithm /home/yuke/ncclPG/CCL-LYD/msccl_tools_lyd/examples/xml/xml_lyd/ring/allreduce_ring_node16_gpu64_mcl4_mck1_gan0.xml successfully.
x3004c0s25b1n0:14715:14739 [2] NCCL INFO Channel 02 : 58[85000] -> 57[46000] via P2P/IPC/read
x3002c0s7b1n0:32730:32754 [3] NCCL INFO Channel 01 : 23[c7000] -> 20[7000] via P2P/IPC/read
x3002c0s7b1n0:32728:32751 [1] NCCL INFO Connected 1 MSCCL algorithms
x3002c0s7b1n0:32728:32751 [1] NCCL INFO threadThresholds 8/8/64 | 512/8/64 | 8/8/64 | 8/8/512
x3002c0s7b1n0:32728:32751 [1] NCCL INFO 8 coll channels, 4 p2p channels, 2 p2p channels per peer
x3002c0s7b1n0:32729:32752 [2] NCCL INFO Connected 1 MSCCL algorithms
x3002c0s37b0n0:49353:49380 [0] NCCL INFO Channel 04/0 : 8[7000] -> 12[7000] [send] via NET/AWS Libfabric/3
x3002c0s37b0n0:49355:49379 [2] NCCL INFO Channel 05/0 : 6[85000] -> 10[85000] [receive] via NET/AWS Libfabric/3
x3003c0s37b1n0:29902:29928 [1] NCCL INFO Connected 1 MSCCL algorithms
x3003c0s37b1n0:29902:29928 [1] NCCL INFO threadThresholds 8/8/64 | 512/8/64 | 8/8/64 | 8/8/512
x3003c0s37b1n0:29902:29928 [1] NCCL INFO 8 coll channels, 4 p2p channels, 2 p2p channels per peer
x3002c0s7b1n0:32729:32752 [2] NCCL INFO threadThresholds 8/8/64 | 512/8/64 | 8/8/64 | 8/8/512
x3002c0s7b1n0:32729:32752 [2] NCCL INFO 8 coll channels, 4 p2p channels, 2 p2p channels per peer
x3002c0s37b0n0:49354:49377 [1] NCCL INFO Channel 07/0 : 9[46000] -> 13[46000] [send] via NET/AWS Libfabric/3
x3004c0s25b0n0:29925:29947 [3] NCCL INFO Parsed MSCCL Algorithm /home/yuke/ncclPG/CCL-LYD/msccl_tools_lyd/examples/xml/xml_lyd/ring/allreduce_ring_node16_gpu64_mcl4_mck1_gan0.xml successfully.
x3002c0s7b1n0:32730:32754 [3] NCCL INFO Channel 03 : 23[c7000] -> 20[7000] via P2P/IPC/read
x3002c0s7b0n0:21554:21576 [3] NCCL INFO Channel 01 : 19[c7000] -> 16[7000] via P2P/IPC/read
x3002c0s31b0n0:50077:50100 [3] NCCL INFO Channel 06/0 : 3[c7000] -> 7[c7000] [send] via NET/AWS Libfabric/1
x3002c0s31b1n0:17018:17041 [1] NCCL INFO Channel 07/0 : 5[46000] -> 9[46000] [send] via NET/AWS Libfabric/3
x3004c0s25b0n0:29924:29945 [2] NCCL INFO Channel 05/0 : 50[85000] -> 54[85000] [receive] via NET/AWS Libfabric/3
x3002c0s37b0n0:49355:49379 [2] NCCL INFO Channel 05/0 : 10[85000] -> 14[85000] [send] via NET/AWS Libfabric/3
x3003c0s37b1n0:29904:29926 [3] NCCL INFO Channel 03 : 27[c7000] -> 24[7000] via P2P/IPC/read
x3003c0s7b1n0:34489:34513 [3] NCCL INFO Channel 06/0 : 31[c7000] -> 35[c7000] [receive] via NET/AWS Libfabric/1
x3003c0s7b1n0:34489:34513 [3] NCCL INFO Channel 06/0 : 35[c7000] -> 39[c7000] [send] via NET/AWS Libfabric/1
x3002c0s31b0n0:50074:50099 [0] NCCL INFO Channel 04/0 : 60[7000] -> 0[7000] [receive] via NET/AWS Libfabric/3
x3004c0s25b1n0:14715:14739 [2] NCCL INFO Connected all trees
x3004c0s25b1n0:14715:14739 [2] NCCL INFO MSCCL: Parsing algorithm /home/yuke/ncclPG/CCL-LYD/msccl_tools_lyd/examples/xml/xml_lyd/ring/allreduce_ring_node16_gpu64_mcl4_mck1_gan0.xml
x3004c0s25b1n0:14714:14738 [1] NCCL INFO Connected all trees
x3004c0s25b1n0:14714:14738 [1] NCCL INFO MSCCL: Parsing algorithm /home/yuke/ncclPG/CCL-LYD/msccl_tools_lyd/examples/xml/xml_lyd/ring/allreduce_ring_node16_gpu64_mcl4_mck1_gan0.xml
x3004c0s19b1n0:26047:26071 [1] NCCL INFO Channel 07/0 : 37[46000] -> 41[46000] [receive] via NET/AWS Libfabric/3
x3004c0s19b1n0:26048:26073 [2] NCCL INFO Channel 05/0 : 38[85000] -> 42[85000] [receive] via NET/AWS Libfabric/3
x3002c0s7b0n0:21553:21577 [2] NCCL INFO Connected 1 MSCCL algorithms
x3002c0s7b0n0:21553:21577 [2] NCCL INFO threadThresholds 8/8/64 | 512/8/64 | 8/8/64 | 8/8/512
x3002c0s7b0n0:21553:21577 [2] NCCL INFO 8 coll channels, 4 p2p channels, 2 p2p channels per peer
x3002c0s31b1n0:17019:17043 [2] NCCL INFO Channel 05/0 : 6[85000] -> 10[85000] [send] via NET/AWS Libfabric/3
x3002c0s31b1n0:17017:17044 [0] NCCL INFO Channel 04/0 : 0[7000] -> 4[7000] [receive] via NET/AWS Libfabric/3
x3002c0s7b1n0:32727:32753 [0] NCCL INFO Connected 1 MSCCL algorithms
x3002c0s7b0n0:21552:21575 [1] NCCL INFO Connected 1 MSCCL algorithms
x3002c0s7b1n0:32727:32753 [0] NCCL INFO threadThresholds 8/8/64 | 512/8/64 | 8/8/64 | 8/8/512
x3002c0s7b1n0:32727:32753 [0] NCCL INFO 8 coll channels, 4 p2p channels, 2 p2p channels per peer
x3002c0s7b1n0:32730:32754 [3] NCCL INFO Connected 1 MSCCL algorithms
x3002c0s7b1n0:32730:32754 [3] NCCL INFO threadThresholds 8/8/64 | 512/8/64 | 8/8/64 | 8/8/512
x3002c0s7b1n0:32730:32754 [3] NCCL INFO 8 coll channels, 4 p2p channels, 2 p2p channels per peer
x3003c0s7b1n0:34486:34511 [0] NCCL INFO Channel 04/0 : 28[7000] -> 32[7000] [receive] via NET/AWS Libfabric/3
x3002c0s7b0n0:21552:21575 [1] NCCL INFO threadThresholds 8/8/64 | 512/8/64 | 8/8/64 | 8/8/512
x3002c0s7b0n0:21552:21575 [1] NCCL INFO 8 coll channels, 4 p2p channels, 2 p2p channels per peer
x3002c0s7b0n0:21554:21576 [3] NCCL INFO Channel 03 : 19[c7000] -> 16[7000] via P2P/IPC/read
x3002c0s31b1n0:17018:17041 [1] NCCL INFO Connected 1 MSCCL algorithms
x3002c0s31b1n0:17018:17041 [1] NCCL INFO threadThresholds 8/8/64 | 512/8/64 | 8/8/64 | 8/8/512
x3002c0s31b1n0:17018:17041 [1] NCCL INFO 8 coll channels, 4 p2p channels, 2 p2p channels per peer
x3002c0s31b1n0:17020:17042 [3] NCCL INFO Channel 06/0 : 3[c7000] -> 7[c7000] [receive] via NET/AWS Libfabric/1
x3003c0s7b1n0:34486:34511 [0] NCCL INFO Channel 04/0 : 32[7000] -> 36[7000] [send] via NET/AWS Libfabric/3
x3002c0s37b0n0:49355:49379 [2] NCCL INFO Connected 1 MSCCL algorithms
x3002c0s37b0n0:49355:49379 [2] NCCL INFO threadThresholds 8/8/64 | 512/8/64 | 8/8/64 | 8/8/512
x3002c0s37b0n0:49355:49379 [2] NCCL INFO 8 coll channels, 4 p2p channels, 2 p2p channels per peer
x3002c0s31b0n0:50074:50099 [0] NCCL INFO Channel 04/0 : 0[7000] -> 4[7000] [send] via NET/AWS Libfabric/3
x3003c0s37b1n0:29901:29927 [0] NCCL INFO Connected 1 MSCCL algorithms
x3003c0s37b1n0:29901:29927 [0] NCCL INFO threadThresholds 8/8/64 | 512/8/64 | 8/8/64 | 8/8/512
x3003c0s37b1n0:29901:29927 [0] NCCL INFO 8 coll channels, 4 p2p channels, 2 p2p channels per peer
x3003c0s37b1n0:29904:29926 [3] NCCL INFO Connected 1 MSCCL algorithms
x3003c0s37b1n0:29904:29926 [3] NCCL INFO threadThresholds 8/8/64 | 512/8/64 | 8/8/64 | 8/8/512
x3003c0s37b1n0:29904:29926 [3] NCCL INFO 8 coll channels, 4 p2p channels, 2 p2p channels per peer
x3004c0s19b0n0:51368:51395 [0] NCCL INFO Channel 04/0 : 32[7000] -> 36[7000] [receive] via NET/AWS Libfabric/3
x3004c0s25b1n0:14715:14739 [2] NCCL INFO Parsed MSCCL Algorithm /home/yuke/ncclPG/CCL-LYD/msccl_tools_lyd/examples/xml/xml_lyd/ring/allreduce_ring_node16_gpu64_mcl4_mck1_gan0.xml successfully.
x3004c0s19b0n0:51371:51394 [3] NCCL INFO Channel 06/0 : 35[c7000] -> 39[c7000] [receive] via NET/AWS Libfabric/1
x3004c0s19b1n0:26047:26071 [1] NCCL INFO Channel 07/0 : 41[46000] -> 45[46000] [send] via NET/AWS Libfabric/3
x3002c0s37b1n0:43802:43825 [2] NCCL INFO Connected 1 MSCCL algorithms
x3002c0s37b1n0:43802:43825 [2] NCCL INFO threadThresholds 8/8/64 | 512/8/64 | 8/8/64 | 8/8/512
x3002c0s37b1n0:43802:43825 [2] NCCL INFO 8 coll channels, 4 p2p channels, 2 p2p channels per peer
x3002c0s37b0n0:49354:49377 [1] NCCL INFO Connected 1 MSCCL algorithms
x3002c0s37b0n0:49354:49377 [1] NCCL INFO threadThresholds 8/8/64 | 512/8/64 | 8/8/64 | 8/8/512
x3002c0s37b0n0:49354:49377 [1] NCCL INFO 8 coll channels, 4 p2p channels, 2 p2p channels per peer
x3004c0s19b0n0:51371:51394 [3] NCCL INFO Channel 06/0 : 39[c7000] -> 43[c7000] [send] via NET/AWS Libfabric/1
x3004c0s19b1n0:26048:26073 [2] NCCL INFO Channel 05/0 : 42[85000] -> 46[85000] [send] via NET/AWS Libfabric/3
x3004c0s25b1n0:14714:14738 [1] NCCL INFO Parsed MSCCL Algorithm /home/yuke/ncclPG/CCL-LYD/msccl_tools_lyd/examples/xml/xml_lyd/ring/allreduce_ring_node16_gpu64_mcl4_mck1_gan0.xml successfully.
x3002c0s31b1n0:17020:17042 [3] NCCL INFO Channel 06/0 : 7[c7000] -> 11[c7000] [send] via NET/AWS Libfabric/1
x3004c0s1b1n0:9859:9881 [3] NCCL INFO Channel 06/0 : 47[c7000] -> 51[c7000] [receive] via NET/AWS Libfabric/1
x3002c0s31b1n0:17017:17044 [0] NCCL INFO Channel 04/0 : 4[7000] -> 8[7000] [send] via NET/AWS Libfabric/3
x3004c0s25b0n0:29924:29945 [2] NCCL INFO Channel 05/0 : 54[85000] -> 58[85000] [send] via NET/AWS Libfabric/3
x3004c0s25b0n0:29923:29946 [1] NCCL INFO Channel 07/0 : 49[46000] -> 53[46000] [receive] via NET/AWS Libfabric/3
x3003c0s7b0n0:62212:62235 [3] NCCL INFO Channel 01 : 31[c7000] -> 28[7000] via P2P/IPC/read
x3004c0s1b0n0:6832:6857 [1] NCCL INFO Connected 1 MSCCL algorithms
x3004c0s1b0n0:6832:6857 [1] NCCL INFO threadThresholds 8/8/64 | 512/8/64 | 8/8/64 | 8/8/512
x3004c0s1b0n0:6832:6857 [1] NCCL INFO 8 coll channels, 4 p2p channels, 2 p2p channels per peer
x3002c0s37b1n0:43801:43824 [1] NCCL INFO Connected 1 MSCCL algorithms
x3002c0s37b1n0:43801:43824 [1] NCCL INFO threadThresholds 8/8/64 | 512/8/64 | 8/8/64 | 8/8/512
x3002c0s37b1n0:43801:43824 [1] NCCL INFO 8 coll channels, 4 p2p channels, 2 p2p channels per peer
x3004c0s1b1n0:9856:9882 [0] NCCL INFO Channel 04/0 : 44[7000] -> 48[7000] [receive] via NET/AWS Libfabric/3
x3004c0s19b0n0:51368:51395 [0] NCCL INFO Channel 04/0 : 36[7000] -> 40[7000] [send] via NET/AWS Libfabric/3
x3004c0s1b1n0:9859:9881 [3] NCCL INFO Channel 06/0 : 51[c7000] -> 55[c7000] [send] via NET/AWS Libfabric/1
x3002c0s31b1n0:17019:17043 [2] NCCL INFO Connected 1 MSCCL algorithms
x3002c0s31b1n0:17019:17043 [2] NCCL INFO threadThresholds 8/8/64 | 512/8/64 | 8/8/64 | 8/8/512
x3002c0s31b1n0:17019:17043 [2] NCCL INFO 8 coll channels, 4 p2p channels, 2 p2p channels per peer
x3002c0s37b1n0:43803:43827 [3] NCCL INFO Channel 01 : 15[c7000] -> 12[7000] via P2P/IPC/read
x3004c0s1b1n0:9856:9882 [0] NCCL INFO Channel 04/0 : 48[7000] -> 52[7000] [send] via NET/AWS Libfabric/3
x3004c0s19b1n0:26048:26073 [2] NCCL INFO Connected 1 MSCCL algorithms
x3004c0s19b1n0:26048:26073 [2] NCCL INFO threadThresholds 8/8/64 | 512/8/64 | 8/8/64 | 8/8/512
x3004c0s19b1n0:26048:26073 [2] NCCL INFO 8 coll channels, 4 p2p channels, 2 p2p channels per peer
x3004c0s25b0n0:29923:29946 [1] NCCL INFO Channel 07/0 : 53[46000] -> 57[46000] [send] via NET/AWS Libfabric/3
x3004c0s25b0n0:29922:29948 [0] NCCL INFO Channel 04/0 : 48[7000] -> 52[7000] [receive] via NET/AWS Libfabric/3
x3004c0s31b0n0:32936:32963 [0] NCCL INFO Channel 04/0 : 56[7000] -> 60[7000] [receive] via NET/AWS Libfabric/3
x3004c0s25b1n0:14713:14741 [0] NCCL INFO Channel 04/0 : 52[7000] -> 56[7000] [receive] via NET/AWS Libfabric/3
x3003c0s7b1n0:34489:34513 [3] NCCL INFO Channel 01 : 35[c7000] -> 32[7000] via P2P/IPC/read
x3002c0s7b1n0:32730:32754 [3] NCCL INFO comm 0x14950645a010 rank 23 nranks 64 cudaDev 3 busId c7000 - Init COMPLETE
x3002c0s7b1n0:32727:32753 [0] NCCL INFO comm 0x14963045a010 rank 20 nranks 64 cudaDev 0 busId 7000 - Init COMPLETE
x3002c0s7b1n0:32728:32751 [1] NCCL INFO comm 0x154d4845a010 rank 21 nranks 64 cudaDev 1 busId 46000 - Init COMPLETE
x3002c0s7b1n0:32729:32752 [2] NCCL INFO comm 0x15408a45a010 rank 22 nranks 64 cudaDev 2 busId 85000 - Init COMPLETE
x3004c0s25b0n0:29922:29948 [0] NCCL INFO Channel 04/0 : 52[7000] -> 56[7000] [send] via NET/AWS Libfabric/3
x3004c0s19b1n0:26049:26072 [3] NCCL INFO Channel 01 : 43[c7000] -> 40[7000] via P2P/IPC/read
x3002c0s7b0n0:21554:21576 [3] NCCL INFO Connected 1 MSCCL algorithms
x3004c0s1b0n0:6833:6855 [2] NCCL INFO Connected 1 MSCCL algorithms
x3002c0s7b0n0:21554:21576 [3] NCCL INFO threadThresholds 8/8/64 | 512/8/64 | 8/8/64 | 8/8/512
x3002c0s7b0n0:21554:21576 [3] NCCL INFO 8 coll channels, 4 p2p channels, 2 p2p channels per peer
x3004c0s1b0n0:6833:6855 [2] NCCL INFO threadThresholds 8/8/64 | 512/8/64 | 8/8/64 | 8/8/512
x3004c0s1b0n0:6833:6855 [2] NCCL INFO 8 coll channels, 4 p2p channels, 2 p2p channels per peer
x3002c0s7b0n0:21551:21578 [0] NCCL INFO Connected 1 MSCCL algorithms
x3002c0s7b0n0:21551:21578 [0] NCCL INFO threadThresholds 8/8/64 | 512/8/64 | 8/8/64 | 8/8/512
x3002c0s7b0n0:21551:21578 [0] NCCL INFO 8 coll channels, 4 p2p channels, 2 p2p channels per peer
x3004c0s1b0n0:6834:6858 [3] NCCL INFO Channel 01 : 47[c7000] -> 44[7000] via P2P/IPC/read
x3004c0s31b0n0:32939:32961 [3] NCCL INFO Channel 06/0 : 59[c7000] -> 63[c7000] [receive] via NET/AWS Libfabric/1
x3004c0s19b0n0:51370:51392 [2] NCCL INFO Connected 1 MSCCL algorithms
x3004c0s19b1n0:26047:26071 [1] NCCL INFO Connected 1 MSCCL algorithms
x3004c0s19b1n0:26047:26071 [1] NCCL INFO threadThresholds 8/8/64 | 512/8/64 | 8/8/64 | 8/8/512
x3004c0s19b1n0:26047:26071 [1] NCCL INFO 8 coll channels, 4 p2p channels, 2 p2p channels per peer
x3004c0s25b1n0:14716:14740 [3] NCCL INFO Channel 06/0 : 55[c7000] -> 59[c7000] [receive] via NET/AWS Libfabric/1
x3003c0s7b0n0:62212:62235 [3] NCCL INFO Channel 03 : 31[c7000] -> 28[7000] via P2P/IPC/read
x3004c0s19b0n0:51370:51392 [2] NCCL INFO threadThresholds 8/8/64 | 512/8/64 | 8/8/64 | 8/8/512
x3004c0s19b0n0:51370:51392 [2] NCCL INFO 8 coll channels, 4 p2p channels, 2 p2p channels per peer
x3002c0s37b0n0:49356:49378 [3] NCCL INFO Channel 01 : 11[c7000] -> 8[7000] via P2P/IPC/read
x3004c0s19b0n0:51371:51394 [3] NCCL INFO Channel 01 : 39[c7000] -> 36[7000] via P2P/IPC/read
x3004c0s25b1n0:14714:14738 [1] NCCL INFO Channel 07/0 : 53[46000] -> 57[46000] [receive] via NET/AWS Libfabric/3
x3004c0s1b1n0:9858:9880 [2] NCCL INFO Connected 1 MSCCL algorithms
x3004c0s1b1n0:9858:9880 [2] NCCL INFO threadThresholds 8/8/64 | 512/8/64 | 8/8/64 | 8/8/512
x3004c0s1b1n0:9858:9880 [2] NCCL INFO 8 coll channels, 4 p2p channels, 2 p2p channels per peer
x3004c0s1b0n0:6834:6858 [3] NCCL INFO Channel 03 : 47[c7000] -> 44[7000] via P2P/IPC/read
x3004c0s1b1n0:9857:9879 [1] NCCL INFO Connected 1 MSCCL algorithms
x3004c0s1b1n0:9857:9879 [1] NCCL INFO threadThresholds 8/8/64 | 512/8/64 | 8/8/64 | 8/8/512
x3004c0s1b1n0:9857:9879 [1] NCCL INFO 8 coll channels, 4 p2p channels, 2 p2p channels per peer
x3004c0s19b0n0:51369:51393 [1] NCCL INFO Connected 1 MSCCL algorithms
x3004c0s19b0n0:51369:51393 [1] NCCL INFO threadThresholds 8/8/64 | 512/8/64 | 8/8/64 | 8/8/512
x3004c0s19b0n0:51369:51393 [1] NCCL INFO 8 coll channels, 4 p2p channels, 2 p2p channels per peer
x3004c0s25b1n0:14713:14741 [0] NCCL INFO Channel 04/0 : 56[7000] -> 60[7000] [send] via NET/AWS Libfabric/3
x3003c0s7b1n0:34489:34513 [3] NCCL INFO Channel 03 : 35[c7000] -> 32[7000] via P2P/IPC/read
x3004c0s1b0n0:6834:6858 [3] NCCL INFO Connected 1 MSCCL algorithms
x3004c0s1b0n0:6834:6858 [3] NCCL INFO threadThresholds 8/8/64 | 512/8/64 | 8/8/64 | 8/8/512
x3004c0s1b0n0:6834:6858 [3] NCCL INFO 8 coll channels, 4 p2p channels, 2 p2p channels per peer
x3004c0s1b0n0:6831:6856 [0] NCCL INFO Connected 1 MSCCL algorithms
x3004c0s1b0n0:6831:6856 [0] NCCL INFO threadThresholds 8/8/64 | 512/8/64 | 8/8/64 | 8/8/512
x3004c0s1b0n0:6831:6856 [0] NCCL INFO 8 coll channels, 4 p2p channels, 2 p2p channels per peer
x3002c0s37b1n0:43803:43827 [3] NCCL INFO Channel 03 : 15[c7000] -> 12[7000] via P2P/IPC/read
x3004c0s31b0n0:32936:32963 [0] NCCL INFO Channel 04/0 : 60[7000] -> 0[7000] [send] via NET/AWS Libfabric/3
x3004c0s31b0n0:32939:32961 [3] NCCL INFO Channel 06/0 : 63[c7000] -> 3[c7000] [send] via NET/AWS Libfabric/1
x3003c0s37b1n0:29904:29926 [3] NCCL INFO comm 0x14c65a45a010 rank 27 nranks 64 cudaDev 3 busId c7000 - Init COMPLETE
x3003c0s37b1n0:29901:29927 [0] NCCL INFO comm 0x146f2c01f010 rank 24 nranks 64 cudaDev 0 busId 7000 - Init COMPLETE
x3003c0s37b1n0:29902:29928 [1] NCCL INFO comm 0x152c4a45a010 rank 25 nranks 64 cudaDev 1 busId 46000 - Init COMPLETE
x3003c0s37b1n0:29903:29925 [2] NCCL INFO comm 0x14b26001f010 rank 26 nranks 64 cudaDev 2 busId 85000 - Init COMPLETE
x3002c0s37b0n0:49356:49378 [3] NCCL INFO Channel 03 : 11[c7000] -> 8[7000] via P2P/IPC/read
x3002c0s37b0n0:49353:49380 [0] NCCL INFO Connected 1 MSCCL algorithms
x3002c0s37b0n0:49353:49380 [0] NCCL INFO threadThresholds 8/8/64 | 512/8/64 | 8/8/64 | 8/8/512
x3002c0s37b0n0:49353:49380 [0] NCCL INFO 8 coll channels, 4 p2p channels, 2 p2p channels per peer
x3002c0s37b0n0:49356:49378 [3] NCCL INFO Connected 1 MSCCL algorithms
x3002c0s37b0n0:49356:49378 [3] NCCL INFO threadThresholds 8/8/64 | 512/8/64 | 8/8/64 | 8/8/512
x3002c0s37b0n0:49356:49378 [3] NCCL INFO 8 coll channels, 4 p2p channels, 2 p2p channels per peer
x3004c0s19b1n0:26049:26072 [3] NCCL INFO Channel 03 : 43[c7000] -> 40[7000] via P2P/IPC/read
x3004c0s25b1n0:14714:14738 [1] NCCL INFO Channel 07/0 : 57[46000] -> 61[46000] [send] via NET/AWS Libfabric/3
x3004c0s25b1n0:14716:14740 [3] NCCL INFO Channel 06/0 : 59[c7000] -> 63[c7000] [send] via NET/AWS Libfabric/1
x3003c0s7b0n0:62209:62233 [0] NCCL INFO Connected 1 MSCCL algorithms
x3003c0s7b0n0:62209:62233 [0] NCCL INFO threadThresholds 8/8/64 | 512/8/64 | 8/8/64 | 8/8/512
x3003c0s7b0n0:62209:62233 [0] NCCL INFO 8 coll channels, 4 p2p channels, 2 p2p channels per peer
x3004c0s25b0n0:29925:29947 [3] NCCL INFO Channel 06/0 : 51[c7000] -> 55[c7000] [receive] via NET/AWS Libfabric/1
x3003c0s7b0n0:62212:62235 [3] NCCL INFO Connected 1 MSCCL algorithms
x3003c0s7b0n0:62212:62235 [3] NCCL INFO threadThresholds 8/8/64 | 512/8/64 | 8/8/64 | 8/8/512
x3003c0s7b0n0:62212:62235 [3] NCCL INFO 8 coll channels, 4 p2p channels, 2 p2p channels per peer
x3004c0s25b1n0:14715:14739 [2] NCCL INFO Channel 05/0 : 54[85000] -> 58[85000] [receive] via NET/AWS Libfabric/3
x3004c0s25b0n0:29925:29947 [3] NCCL INFO Channel 06/0 : 55[c7000] -> 59[c7000] [send] via NET/AWS Libfabric/1
x3004c0s25b1n0:14715:14739 [2] NCCL INFO Channel 05/0 : 58[85000] -> 62[85000] [send] via NET/AWS Libfabric/3
x3002c0s37b1n0:43803:43827 [3] NCCL INFO Connected 1 MSCCL algorithms
x3002c0s37b1n0:43800:43826 [0] NCCL INFO Connected 1 MSCCL algorithms
x3002c0s37b1n0:43800:43826 [0] NCCL INFO threadThresholds 8/8/64 | 512/8/64 | 8/8/64 | 8/8/512
x3002c0s37b1n0:43800:43826 [0] NCCL INFO 8 coll channels, 4 p2p channels, 2 p2p channels per peer
x3002c0s37b1n0:43803:43827 [3] NCCL INFO threadThresholds 8/8/64 | 512/8/64 | 8/8/64 | 8/8/512
x3002c0s37b1n0:43803:43827 [3] NCCL INFO 8 coll channels, 4 p2p channels, 2 p2p channels per peer
x3004c0s19b0n0:51371:51394 [3] NCCL INFO Channel 03 : 39[c7000] -> 36[7000] via P2P/IPC/read
x3004c0s19b0n0:51368:51395 [0] NCCL INFO Connected 1 MSCCL algorithms
x3002c0s31b0n0:50075:50101 [1] NCCL INFO Connected 1 MSCCL algorithms
x3002c0s31b0n0:50075:50101 [1] NCCL INFO threadThresholds 8/8/64 | 512/8/64 | 8/8/64 | 8/8/512
