x3004c0s31b0n0:32863:32886 [3] NCCL INFO Channel 02 : 63[c7000] -> 62[85000] via P2P/IPC/read
x3004c0s31b0n0:32863:32886 [3] NCCL INFO Channel 03 : 63[c7000] -> 62[85000] via P2P/IPC/read
x3004c0s31b0n0:32863:32886 [3] NCCL INFO Connected all rings
x3004c0s31b0n0:32862:32887 [2] NCCL INFO Connected all rings
x3004c0s1b0n0:6752:6782 [2] NCCL INFO Channel 00 : 46[85000] -> 47[c7000] via P2P/IPC/read
x3004c0s1b0n0:6751:6783 [1] NCCL INFO Channel 00 : 45[46000] -> 46[85000] via P2P/IPC/read
x3004c0s1b0n0:6752:6782 [2] NCCL INFO Channel 01 : 46[85000] -> 47[c7000] via P2P/IPC/read
x3004c0s1b0n0:6751:6783 [1] NCCL INFO Channel 01 : 45[46000] -> 46[85000] via P2P/IPC/read
x3003c0s7b1n0:34413:34437 [3] NCCL INFO Channel 03 : 35[c7000] -> 34[85000] via P2P/IPC/read
x3004c0s1b0n0:6751:6783 [1] NCCL INFO Channel 02 : 45[46000] -> 46[85000] via P2P/IPC/read
x3004c0s1b0n0:6752:6782 [2] NCCL INFO Channel 02 : 46[85000] -> 47[c7000] via P2P/IPC/read
x3004c0s1b0n0:6751:6783 [1] NCCL INFO Channel 03 : 45[46000] -> 46[85000] via P2P/IPC/read
x3004c0s1b0n0:6752:6782 [2] NCCL INFO Channel 03 : 46[85000] -> 47[c7000] via P2P/IPC/read
x3004c0s25b0n0:29847:29873 [3] NCCL INFO Channel 01 : 55[c7000] -> 54[85000] via P2P/IPC/read
x3004c0s1b1n0:9782:9807 [2] NCCL INFO Channel 00 : 50[85000] -> 51[c7000] via P2P/IPC/read
x3004c0s1b1n0:9782:9807 [2] NCCL INFO Channel 01 : 50[85000] -> 51[c7000] via P2P/IPC/read
x3004c0s1b1n0:9782:9807 [2] NCCL INFO Channel 02 : 50[85000] -> 51[c7000] via P2P/IPC/read
x3004c0s1b1n0:9782:9807 [2] NCCL INFO Channel 03 : 50[85000] -> 51[c7000] via P2P/IPC/read
x3002c0s37b0n0:49277:49306 [0] NCCL INFO Channel 03 : 8[7000] -> 9[46000] via P2P/IPC/read
x3002c0s37b0n0:49278:49305 [1] NCCL INFO Channel 00 : 9[46000] -> 10[85000] via P2P/IPC/read
x3002c0s37b0n0:49280:49303 [3] NCCL INFO Channel 03 : 11[c7000] -> 10[85000] via P2P/IPC/read
x3002c0s7b1n0:32652:32676 [2] NCCL INFO Connected all rings
x3004c0s25b0n0:29844:29875 [0] NCCL INFO Channel 03 : 52[7000] -> 53[46000] via P2P/IPC/read
x3002c0s7b1n0:32650:32679 [0] NCCL INFO Channel 01 : 20[7000] -> 21[46000] via P2P/IPC/read
x3002c0s31b0n0:49995:50021 [3] NCCL INFO Connected all rings
x3004c0s25b1n0:14637:14666 [0] NCCL INFO Channel 01 : 56[7000] -> 57[46000] via P2P/IPC/read
x3002c0s31b0n0:49994:50022 [2] NCCL INFO Connected all rings
x3004c0s25b1n0:14637:14666 [0] NCCL INFO Channel 02 : 56[7000] -> 57[46000] via P2P/IPC/read
x3004c0s25b1n0:14637:14666 [0] NCCL INFO Channel 03 : 56[7000] -> 57[46000] via P2P/IPC/read
x3004c0s25b0n0:29847:29873 [3] NCCL INFO Channel 02 : 55[c7000] -> 54[85000] via P2P/IPC/read
x3004c0s25b0n0:29847:29873 [3] NCCL INFO Channel 03 : 55[c7000] -> 54[85000] via P2P/IPC/read
x3002c0s7b1n0:32650:32679 [0] NCCL INFO Channel 02 : 20[7000] -> 21[46000] via P2P/IPC/read
x3002c0s7b1n0:32650:32679 [0] NCCL INFO Channel 03 : 20[7000] -> 21[46000] via P2P/IPC/read
x3002c0s37b1n0:43723:43751 [0] NCCL INFO Channel 01 : 12[7000] -> 13[46000] via P2P/IPC/read
x3002c0s37b1n0:43723:43751 [0] NCCL INFO Channel 02 : 12[7000] -> 13[46000] via P2P/IPC/read
x3002c0s37b1n0:43723:43751 [0] NCCL INFO Channel 03 : 12[7000] -> 13[46000] via P2P/IPC/read
x3004c0s25b0n0:29846:29872 [2] NCCL INFO Connected all rings
x3004c0s25b0n0:29847:29873 [3] NCCL INFO Connected all rings
x3003c0s7b0n0:62133:62161 [0] NCCL INFO Connected all rings
x3003c0s7b0n0:62133:62161 [0] NCCL INFO Channel 00 : 28[7000] -> 29[46000] via P2P/IPC/read
x3003c0s7b0n0:62134:62162 [1] NCCL INFO Connected all rings
x3002c0s7b0n0:21476:21503 [1] NCCL INFO Channel 00 : 17[46000] -> 18[85000] via P2P/IPC/read
x3002c0s7b0n0:21476:21503 [1] NCCL INFO Channel 01 : 17[46000] -> 18[85000] via P2P/IPC/read
x3002c0s7b0n0:21476:21503 [1] NCCL INFO Channel 02 : 17[46000] -> 18[85000] via P2P/IPC/read
x3002c0s7b0n0:21476:21503 [1] NCCL INFO Channel 03 : 17[46000] -> 18[85000] via P2P/IPC/read
x3004c0s19b0n0:51295:51320 [3] NCCL INFO Connected all rings
x3004c0s19b1n0:25970:25999 [0] NCCL INFO Channel 03 : 40[7000] -> 41[46000] via P2P/IPC/read
x3004c0s19b0n0:51293:51318 [1] NCCL INFO Connected all rings
x3004c0s19b0n0:51294:51319 [2] NCCL INFO Connected all rings
x3002c0s37b1n0:43723:43751 [0] NCCL INFO Channel 00/0 : 8[7000] -> 12[7000] [receive] via NET/AWS Libfabric/3
x3002c0s37b1n0:43726:43752 [3] NCCL INFO Connected all rings
x3002c0s37b1n0:43725:43749 [2] NCCL INFO Connected all rings
x3002c0s31b1n0:16941:16970 [0] NCCL INFO Connected all rings
x3002c0s31b1n0:16941:16970 [0] NCCL INFO Channel 00 : 4[7000] -> 5[46000] via P2P/IPC/read
x3002c0s31b1n0:16942:16968 [1] NCCL INFO Connected all rings
x3002c0s31b1n0:16944:16969 [3] NCCL INFO Channel 01/0 : 7[c7000] -> 10[85000] [send] via NET/AWS Libfabric/1
x3004c0s1b1n0:9783:9806 [3] NCCL INFO Channel 03/0 : 51[c7000] -> 55[c7000] [send] via NET/AWS Libfabric/1
x3004c0s19b1n0:25971:25998 [1] NCCL INFO Channel 00 : 41[46000] -> 42[85000] via P2P/IPC/read
x3004c0s19b1n0:25971:25998 [1] NCCL INFO Channel 01 : 41[46000] -> 42[85000] via P2P/IPC/read
x3004c0s19b1n0:25971:25998 [1] NCCL INFO Channel 02 : 41[46000] -> 42[85000] via P2P/IPC/read
x3004c0s19b1n0:25971:25998 [1] NCCL INFO Channel 03 : 41[46000] -> 42[85000] via P2P/IPC/read
x3003c0s7b1n0:34413:34437 [3] NCCL INFO Connected all rings
x3003c0s7b1n0:34412:34438 [2] NCCL INFO Connected all rings
x3004c0s1b0n0:6753:6781 [3] NCCL INFO Channel 01/0 : 43[c7000] -> 47[c7000] [receive] via NET/AWS Libfabric/1
x3004c0s31b0n0:32862:32887 [2] NCCL INFO Channel 00 : 62[85000] -> 63[c7000] via P2P/IPC/read
x3004c0s31b0n0:32862:32887 [2] NCCL INFO Channel 01 : 62[85000] -> 63[c7000] via P2P/IPC/read
x3004c0s31b0n0:32862:32887 [2] NCCL INFO Channel 02 : 62[85000] -> 63[c7000] via P2P/IPC/read
x3004c0s31b0n0:32862:32887 [2] NCCL INFO Channel 03 : 62[85000] -> 63[c7000] via P2P/IPC/read
x3002c0s7b0n0:21476:21503 [1] NCCL INFO Channel 00/0 : 8[7000] -> 17[46000] [receive] via NET/AWS Libfabric/3
x3002c0s31b0n0:49994:50022 [2] NCCL INFO Channel 00 : 2[85000] -> 3[c7000] via P2P/IPC/read
x3002c0s31b0n0:49994:50022 [2] NCCL INFO Channel 01 : 2[85000] -> 3[c7000] via P2P/IPC/read
x3003c0s37b1n0:29825:29851 [1] NCCL INFO Channel 00 : 25[46000] -> 26[85000] via P2P/IPC/read
x3002c0s31b0n0:49994:50022 [2] NCCL INFO Channel 02 : 2[85000] -> 3[c7000] via P2P/IPC/read
x3003c0s37b1n0:29825:29851 [1] NCCL INFO Channel 01 : 25[46000] -> 26[85000] via P2P/IPC/read
x3003c0s37b1n0:29825:29851 [1] NCCL INFO Channel 02 : 25[46000] -> 26[85000] via P2P/IPC/read
x3002c0s31b0n0:49994:50022 [2] NCCL INFO Channel 03 : 2[85000] -> 3[c7000] via P2P/IPC/read
x3003c0s37b1n0:29825:29851 [1] NCCL INFO Channel 03 : 25[46000] -> 26[85000] via P2P/IPC/read
x3002c0s37b0n0:49279:49304 [2] NCCL INFO Connected all rings
x3002c0s37b0n0:49280:49303 [3] NCCL INFO Connected all rings
x3002c0s37b0n0:49278:49305 [1] NCCL INFO Channel 01 : 9[46000] -> 10[85000] via P2P/IPC/read
x3004c0s19b1n0:25972:25996 [2] NCCL INFO Channel 00 : 42[85000] -> 43[c7000] via P2P/IPC/read
x3003c0s7b0n0:62133:62161 [0] NCCL INFO Channel 01 : 28[7000] -> 29[46000] via P2P/IPC/read
x3004c0s1b0n0:6750:6784 [0] NCCL INFO Channel 00/0 : 40[7000] -> 44[7000] [receive] via NET/AWS Libfabric/3
x3003c0s7b0n0:62133:62161 [0] NCCL INFO Channel 02 : 28[7000] -> 29[46000] via P2P/IPC/read
x3003c0s7b0n0:62133:62161 [0] NCCL INFO Channel 03 : 28[7000] -> 29[46000] via P2P/IPC/read
x3002c0s7b0n0:21477:21501 [2] NCCL INFO Channel 01/0 : 11[c7000] -> 18[85000] [receive] via NET/AWS Libfabric/1
x3003c0s7b0n0:62135:62160 [2] NCCL INFO Channel 00 : 30[85000] -> 31[c7000] via P2P/IPC/read
x3002c0s7b1n0:32652:32676 [2] NCCL INFO Channel 00 : 22[85000] -> 23[c7000] via P2P/IPC/read
x3002c0s7b1n0:32652:32676 [2] NCCL INFO Channel 01 : 22[85000] -> 23[c7000] via P2P/IPC/read
x3002c0s7b1n0:32652:32676 [2] NCCL INFO Channel 02 : 22[85000] -> 23[c7000] via P2P/IPC/read
x3004c0s1b0n0:6751:6783 [1] NCCL INFO Channel 02/0 : 45[46000] -> 52[7000] [send] via NET/AWS Libfabric/3
x3002c0s7b1n0:32652:32676 [2] NCCL INFO Channel 03 : 22[85000] -> 23[c7000] via P2P/IPC/read
x3004c0s1b0n0:6752:6782 [2] NCCL INFO Channel 03/0 : 46[85000] -> 55[c7000] [send] via NET/AWS Libfabric/1
x3002c0s31b0n0:49993:50023 [1] NCCL INFO Channel 00 : 1[46000] -> 2[85000] via P2P/IPC/read
x3002c0s31b1n0:16941:16970 [0] NCCL INFO Channel 01 : 4[7000] -> 5[46000] via P2P/IPC/read
x3002c0s37b0n0:49278:49305 [1] NCCL INFO Channel 02 : 9[46000] -> 10[85000] via P2P/IPC/read
x3002c0s7b0n0:21478:21502 [3] NCCL INFO Channel 03/0 : 19[c7000] -> 23[c7000] [send] via NET/AWS Libfabric/1
x3004c0s31b0n0:32861:32889 [1] NCCL INFO Channel 00 : 61[46000] -> 62[85000] via P2P/IPC/read
x3003c0s37b1n0:29827:29850 [3] NCCL INFO Channel 01/0 : 27[c7000] -> 31[c7000] [send] via NET/AWS Libfabric/1
x3004c0s19b1n0:25972:25996 [2] NCCL INFO Channel 01 : 42[85000] -> 43[c7000] via P2P/IPC/read
x3004c0s25b1n0:14638:14665 [1] NCCL INFO Channel 00 : 57[46000] -> 58[85000] via P2P/IPC/read
x3004c0s25b1n0:14638:14665 [1] NCCL INFO Channel 01 : 57[46000] -> 58[85000] via P2P/IPC/read
x3004c0s25b1n0:14638:14665 [1] NCCL INFO Channel 02 : 57[46000] -> 58[85000] via P2P/IPC/read
x3004c0s25b1n0:14638:14665 [1] NCCL INFO Channel 03 : 57[46000] -> 58[85000] via P2P/IPC/read
x3002c0s7b1n0:32650:32679 [0] NCCL INFO Channel 02/0 : 16[7000] -> 20[7000] [receive] via NET/AWS Libfabric/3
x3003c0s7b0n0:62134:62162 [1] NCCL INFO Channel 00 : 29[46000] -> 30[85000] via P2P/IPC/read
x3003c0s7b0n0:62134:62162 [1] NCCL INFO Channel 01 : 29[46000] -> 30[85000] via P2P/IPC/read
x3003c0s7b0n0:62134:62162 [1] NCCL INFO Channel 02 : 29[46000] -> 30[85000] via P2P/IPC/read
x3003c0s7b0n0:62134:62162 [1] NCCL INFO Channel 03 : 29[46000] -> 30[85000] via P2P/IPC/read
x3004c0s19b0n0:51293:51318 [1] NCCL INFO Channel 00 : 37[46000] -> 38[85000] via P2P/IPC/read
x3004c0s19b0n0:51293:51318 [1] NCCL INFO Channel 01 : 37[46000] -> 38[85000] via P2P/IPC/read
x3004c0s19b0n0:51293:51318 [1] NCCL INFO Channel 02 : 37[46000] -> 38[85000] via P2P/IPC/read
x3004c0s19b0n0:51293:51318 [1] NCCL INFO Channel 03 : 37[46000] -> 38[85000] via P2P/IPC/read
x3002c0s7b0n0:21475:21504 [0] NCCL INFO Channel 02/0 : 16[7000] -> 20[7000] [send] via NET/AWS Libfabric/3
x3002c0s31b1n0:16942:16968 [1] NCCL INFO Channel 00 : 5[46000] -> 6[85000] via P2P/IPC/read
x3002c0s31b1n0:16942:16968 [1] NCCL INFO Channel 01 : 5[46000] -> 6[85000] via P2P/IPC/read
x3002c0s31b1n0:16942:16968 [1] NCCL INFO Channel 02 : 5[46000] -> 6[85000] via P2P/IPC/read
x3002c0s31b1n0:16942:16968 [1] NCCL INFO Channel 03 : 5[46000] -> 6[85000] via P2P/IPC/read
x3004c0s19b0n0:51294:51319 [2] NCCL INFO Channel 00 : 38[85000] -> 39[c7000] via P2P/IPC/read
x3004c0s19b0n0:51294:51319 [2] NCCL INFO Channel 01 : 38[85000] -> 39[c7000] via P2P/IPC/read
x3004c0s19b0n0:51294:51319 [2] NCCL INFO Channel 02 : 38[85000] -> 39[c7000] via P2P/IPC/read
x3004c0s19b0n0:51294:51319 [2] NCCL INFO Channel 03 : 38[85000] -> 39[c7000] via P2P/IPC/read
x3002c0s31b0n0:49995:50021 [3] NCCL INFO Channel 03/0 : 3[c7000] -> 7[c7000] [send] via NET/AWS Libfabric/1
x3003c0s37b1n0:29826:29852 [2] NCCL INFO Channel 01/0 : 23[c7000] -> 26[85000] [receive] via NET/AWS Libfabric/1
x3004c0s19b1n0:25972:25996 [2] NCCL INFO Channel 02 : 42[85000] -> 43[c7000] via P2P/IPC/read
x3004c0s1b1n0:9780:9809 [0] NCCL INFO Connected all rings
x3004c0s1b1n0:9780:9809 [0] NCCL INFO Channel 00 : 48[7000] -> 49[46000] via P2P/IPC/read
x3004c0s1b1n0:9781:9808 [1] NCCL INFO Connected all rings
x3002c0s7b1n0:32651:32677 [1] NCCL INFO Channel 02/0 : 21[46000] -> 24[7000] [send] via NET/AWS Libfabric/3
x3004c0s31b0n0:32861:32889 [1] NCCL INFO Channel 01 : 61[46000] -> 62[85000] via P2P/IPC/read
x3004c0s31b0n0:32863:32886 [3] NCCL INFO Channel 01/0 : 59[c7000] -> 63[c7000] [receive] via NET/AWS Libfabric/1
x3002c0s31b0n0:49993:50023 [1] NCCL INFO Channel 01 : 1[46000] -> 2[85000] via P2P/IPC/read
x3002c0s31b1n0:16941:16970 [0] NCCL INFO Channel 02 : 4[7000] -> 5[46000] via P2P/IPC/read
x3004c0s19b1n0:25972:25996 [2] NCCL INFO Channel 03 : 42[85000] -> 43[c7000] via P2P/IPC/read
x3003c0s7b0n0:62135:62160 [2] NCCL INFO Channel 01 : 30[85000] -> 31[c7000] via P2P/IPC/read
x3003c0s37b1n0:29825:29851 [1] NCCL INFO Channel 00/0 : 20[7000] -> 25[46000] [receive] via NET/AWS Libfabric/3
x3002c0s37b0n0:49278:49305 [1] NCCL INFO Channel 03 : 9[46000] -> 10[85000] via P2P/IPC/read
x3002c0s31b1n0:16943:16967 [2] NCCL INFO Channel 03/0 : 6[85000] -> 11[c7000] [send] via NET/AWS Libfabric/1
x3004c0s25b0n0:29844:29875 [0] NCCL INFO Channel 02/0 : 48[7000] -> 52[7000] [receive] via NET/AWS Libfabric/3
x3004c0s31b0n0:32861:32889 [1] NCCL INFO Channel 02 : 61[46000] -> 62[85000] via P2P/IPC/read
x3003c0s37b1n0:29824:29853 [0] NCCL INFO Channel 02/0 : 21[46000] -> 24[7000] [receive] via NET/AWS Libfabric/3
x3004c0s19b1n0:25970:25999 [0] NCCL INFO Channel 02/0 : 37[46000] -> 40[7000] [receive] via NET/AWS Libfabric/3
x3004c0s19b1n0:25973:25997 [3] NCCL INFO Channel 01/0 : 43[c7000] -> 47[c7000] [send] via NET/AWS Libfabric/1
x3004c0s1b1n0:9780:9809 [0] NCCL INFO Channel 01 : 48[7000] -> 49[46000] via P2P/IPC/read
x3004c0s25b1n0:14639:14663 [2] NCCL INFO Channel 01/0 : 55[c7000] -> 58[85000] [receive] via NET/AWS Libfabric/1
x3004c0s25b1n0:14637:14666 [0] NCCL INFO Channel 02/0 : 53[46000] -> 56[7000] [receive] via NET/AWS Libfabric/3
x3002c0s31b0n0:49993:50023 [1] NCCL INFO Channel 02 : 1[46000] -> 2[85000] via P2P/IPC/read
x3003c0s7b0n0:62135:62160 [2] NCCL INFO Channel 02 : 30[85000] -> 31[c7000] via P2P/IPC/read
x3004c0s19b1n0:25971:25998 [1] NCCL INFO Channel 00/0 : 36[7000] -> 41[46000] [receive] via NET/AWS Libfabric/3
x3004c0s25b1n0:14638:14665 [1] NCCL INFO Channel 00/0 : 52[7000] -> 57[46000] [receive] via NET/AWS Libfabric/3
x3004c0s25b1n0:14640:14664 [3] NCCL INFO Channel 03/0 : 54[85000] -> 59[c7000] [receive] via NET/AWS Libfabric/1
x3003c0s7b1n0:34412:34438 [2] NCCL INFO Channel 00 : 34[85000] -> 35[c7000] via P2P/IPC/read
x3002c0s31b1n0:16941:16970 [0] NCCL INFO Channel 03 : 4[7000] -> 5[46000] via P2P/IPC/read
x3003c0s7b0n0:62135:62160 [2] NCCL INFO Channel 03 : 30[85000] -> 31[c7000] via P2P/IPC/read
x3004c0s31b0n0:32861:32889 [1] NCCL INFO Channel 03 : 61[46000] -> 62[85000] via P2P/IPC/read
x3004c0s1b1n0:9781:9808 [1] NCCL INFO Channel 00 : 49[46000] -> 50[85000] via P2P/IPC/read
x3004c0s1b1n0:9781:9808 [1] NCCL INFO Channel 01 : 49[46000] -> 50[85000] via P2P/IPC/read
x3004c0s1b1n0:9781:9808 [1] NCCL INFO Channel 02 : 49[46000] -> 50[85000] via P2P/IPC/read
x3004c0s1b1n0:9781:9808 [1] NCCL INFO Channel 03 : 49[46000] -> 50[85000] via P2P/IPC/read
x3002c0s37b0n0:49279:49304 [2] NCCL INFO Channel 00 : 10[85000] -> 11[c7000] via P2P/IPC/read
x3004c0s19b0n0:51293:51318 [1] NCCL INFO Channel 02/0 : 37[46000] -> 40[7000] [send] via NET/AWS Libfabric/3
x3004c0s25b0n0:29846:29872 [2] NCCL INFO Channel 00 : 54[85000] -> 55[c7000] via P2P/IPC/read
x3004c0s25b0n0:29846:29872 [2] NCCL INFO Channel 01 : 54[85000] -> 55[c7000] via P2P/IPC/read
x3004c0s25b0n0:29846:29872 [2] NCCL INFO Channel 02 : 54[85000] -> 55[c7000] via P2P/IPC/read
x3004c0s25b0n0:29846:29872 [2] NCCL INFO Channel 03 : 54[85000] -> 55[c7000] via P2P/IPC/read
x3004c0s1b1n0:9780:9809 [0] NCCL INFO Channel 02 : 48[7000] -> 49[46000] via P2P/IPC/read
x3002c0s7b1n0:32650:32679 [0] NCCL INFO Channel 00/0 : 20[7000] -> 25[46000] [send] via NET/AWS Libfabric/3
x3002c0s7b1n0:32652:32676 [2] NCCL INFO Channel 03/0 : 22[85000] -> 27[c7000] [send] via NET/AWS Libfabric/1
x3004c0s19b1n0:25973:25997 [3] NCCL INFO Channel 03/0 : 38[85000] -> 43[c7000] [receive] via NET/AWS Libfabric/1
x3002c0s37b1n0:43725:43749 [2] NCCL INFO Channel 00 : 14[85000] -> 15[c7000] via P2P/IPC/read
x3004c0s19b0n0:51292:51321 [0] NCCL INFO Channel 02/0 : 32[7000] -> 36[7000] [receive] via NET/AWS Libfabric/3
x3002c0s7b0n0:21475:21504 [0] NCCL INFO Channel 00/0 : 16[7000] -> 24[7000] [send] via NET/AWS Libfabric/3
x3003c0s7b1n0:34412:34438 [2] NCCL INFO Channel 01 : 34[85000] -> 35[c7000] via P2P/IPC/read
x3002c0s31b0n0:49993:50023 [1] NCCL INFO Channel 03 : 1[46000] -> 2[85000] via P2P/IPC/read
x3004c0s25b0n0:29845:29874 [1] NCCL INFO Channel 02/0 : 53[46000] -> 56[7000] [send] via NET/AWS Libfabric/3
x3003c0s7b0n0:62133:62161 [0] NCCL INFO Channel 00/0 : 24[7000] -> 28[7000] [receive] via NET/AWS Libfabric/3
x3004c0s25b0n0:29847:29873 [3] NCCL INFO Channel 01/0 : 55[c7000] -> 58[85000] [send] via NET/AWS Libfabric/1
x3004c0s1b1n0:9780:9809 [0] NCCL INFO Channel 03 : 48[7000] -> 49[46000] via P2P/IPC/read
x3002c0s37b0n0:49279:49304 [2] NCCL INFO Channel 01 : 10[85000] -> 11[c7000] via P2P/IPC/read
x3002c0s37b0n0:49279:49304 [2] NCCL INFO Channel 02 : 10[85000] -> 11[c7000] via P2P/IPC/read
x3002c0s37b0n0:49279:49304 [2] NCCL INFO Channel 03 : 10[85000] -> 11[c7000] via P2P/IPC/read
x3003c0s7b0n0:62134:62162 [1] NCCL INFO Channel 02/0 : 29[46000] -> 44[7000] [send] via NET/AWS Libfabric/3
x3004c0s31b0n0:32862:32887 [2] NCCL INFO Channel 00 : 62[85000] -> 61[46000] via P2P/IPC/read
x3004c0s31b0n0:32862:32887 [2] NCCL INFO Channel 02 : 62[85000] -> 61[46000] via P2P/IPC/read
x3004c0s31b0n0:32863:32886 [3] NCCL INFO Channel 03/0 : 31[c7000] -> 63[c7000] [receive] via NET/AWS Libfabric/1
x3003c0s7b0n0:62136:62159 [3] NCCL INFO Channel 01/0 : 27[c7000] -> 31[c7000] [receive] via NET/AWS Libfabric/1
x3002c0s31b1n0:16942:16968 [1] NCCL INFO Channel 02/0 : 5[46000] -> 8[7000] [send] via NET/AWS Libfabric/3
x3002c0s37b1n0:43725:43749 [2] NCCL INFO Channel 01 : 14[85000] -> 15[c7000] via P2P/IPC/read
x3002c0s37b1n0:43725:43749 [2] NCCL INFO Channel 02 : 14[85000] -> 15[c7000] via P2P/IPC/read
x3002c0s37b1n0:43725:43749 [2] NCCL INFO Channel 03 : 14[85000] -> 15[c7000] via P2P/IPC/read
x3002c0s7b1n0:32651:32677 [1] NCCL INFO Channel 02/0 : 24[7000] -> 21[46000] [receive] via NET/AWS Libfabric/3
x3004c0s19b0n0:51293:51318 [1] NCCL INFO Channel 02/0 : 40[7000] -> 37[46000] [receive] via NET/AWS Libfabric/3
x3004c0s19b0n0:51294:51319 [2] NCCL INFO Channel 03/0 : 38[85000] -> 43[c7000] [send] via NET/AWS Libfabric/1
x3004c0s1b0n0:6753:6781 [3] NCCL INFO Channel 03/0 : 39[c7000] -> 47[c7000] [receive] via NET/AWS Libfabric/1
x3002c0s7b1n0:32653:32678 [3] NCCL INFO Channel 01/0 : 23[c7000] -> 26[85000] [send] via NET/AWS Libfabric/1
x3002c0s7b1n0:32650:32679 [0] NCCL INFO Channel 02/0 : 13[46000] -> 20[7000] [receive] via NET/AWS Libfabric/3
x3003c0s37b1n0:29825:29851 [1] NCCL INFO Channel 00/0 : 25[46000] -> 20[7000] [send] via NET/AWS Libfabric/3
x3004c0s19b1n0:25972:25996 [2] NCCL INFO Channel 01/0 : 39[c7000] -> 42[85000] [receive] via NET/AWS Libfabric/1
x3003c0s7b0n0:62135:62160 [2] NCCL INFO Channel 03/0 : 30[85000] -> 47[c7000] [send] via NET/AWS Libfabric/1
x3002c0s37b0n0:49277:49306 [0] NCCL INFO Channel 02/0 : 5[46000] -> 8[7000] [receive] via NET/AWS Libfabric/3
x3003c0s7b1n0:34412:34438 [2] NCCL INFO Channel 02 : 34[85000] -> 35[c7000] via P2P/IPC/read
x3003c0s37b1n0:29824:29853 [0] NCCL INFO Channel 00/0 : 24[7000] -> 28[7000] [send] via NET/AWS Libfabric/3
x3004c0s31b0n0:32862:32887 [2] NCCL INFO Connected all trees
x3004c0s31b0n0:32862:32887 [2] NCCL INFO MSCCL: Parsing algorithm /home/yuke/ncclPG/CCL-LYD/msccl_tools_lyd/examples/xml/xml_lyd/ring/allreduce_ring_node16_gpu64_mcl2_mck2_gan0.xml
x3004c0s31b0n0:32861:32889 [1] NCCL INFO Connected all trees
x3004c0s31b0n0:32861:32889 [1] NCCL INFO MSCCL: Parsing algorithm /home/yuke/ncclPG/CCL-LYD/msccl_tools_lyd/examples/xml/xml_lyd/ring/allreduce_ring_node16_gpu64_mcl2_mck2_gan0.xml
x3002c0s31b0n0:49994:50022 [2] NCCL INFO Channel 00 : 2[85000] -> 1[46000] via P2P/IPC/read
x3004c0s25b0n0:29846:29872 [2] NCCL INFO Channel 03/0 : 54[85000] -> 59[c7000] [send] via NET/AWS Libfabric/1
x3004c0s25b0n0:29847:29873 [3] NCCL INFO Channel 03/0 : 51[c7000] -> 55[c7000] [receive] via NET/AWS Libfabric/1
x3004c0s31b0n0:32863:32886 [3] NCCL INFO Channel 03/0 : 63[c7000] -> 31[c7000] [send] via NET/AWS Libfabric/1
x3004c0s25b1n0:14637:14666 [0] NCCL INFO Channel 00/0 : 56[7000] -> 60[7000] [send] via NET/AWS Libfabric/3
x3004c0s25b1n0:14639:14663 [2] NCCL INFO Channel 01/0 : 58[85000] -> 55[c7000] [send] via NET/AWS Libfabric/1
x3002c0s37b1n0:43724:43750 [1] NCCL INFO Channel 02/0 : 13[46000] -> 20[7000] [send] via NET/AWS Libfabric/3
x3004c0s25b0n0:29845:29874 [1] NCCL INFO Channel 02/0 : 56[7000] -> 53[46000] [receive] via NET/AWS Libfabric/3
x3004c0s1b1n0:9782:9807 [2] NCCL INFO Channel 01/0 : 43[c7000] -> 50[85000] [receive] via NET/AWS Libfabric/1
x3004c0s19b0n0:51295:51320 [3] NCCL INFO Channel 01/0 : 39[c7000] -> 42[85000] [send] via NET/AWS Libfabric/1
x3004c0s1b1n0:9781:9808 [1] NCCL INFO Channel 00/0 : 40[7000] -> 49[46000] [receive] via NET/AWS Libfabric/3
x3003c0s7b0n0:62136:62159 [3] NCCL INFO Channel 03/0 : 15[c7000] -> 31[c7000] [receive] via NET/AWS Libfabric/1
x3004c0s19b0n0:51294:51319 [2] NCCL INFO Channel 03/0 : 43[c7000] -> 38[85000] [receive] via NET/AWS Libfabric/1
x3002c0s37b0n0:49280:49303 [3] NCCL INFO Channel 01/0 : 11[c7000] -> 15[c7000] [send] via NET/AWS Libfabric/1
x3002c0s31b0n0:49992:50017 [0] NCCL INFO Channel 02/0 : 0[7000] -> 4[7000] [send] via NET/AWS Libfabric/3
x3004c0s31b0n0:32860:32888 [0] NCCL INFO Channel 00/0 : 56[7000] -> 60[7000] [receive] via NET/AWS Libfabric/3
x3004c0s31b0n0:32861:32889 [1] NCCL INFO Parsed MSCCL Algorithm /home/yuke/ncclPG/CCL-LYD/msccl_tools_lyd/examples/xml/xml_lyd/ring/allreduce_ring_node16_gpu64_mcl2_mck2_gan0.xml successfully.
x3004c0s31b0n0:32861:32889 [1] NCCL INFO Connected 1 MSCCL algorithms
x3004c0s31b0n0:32861:32889 [1] NCCL INFO threadThresholds 8/8/64 | 512/8/64 | 8/8/64 | 8/8/512
x3004c0s31b0n0:32861:32889 [1] NCCL INFO 8 coll channels, 4 p2p channels, 2 p2p channels per peer
x3002c0s37b0n0:49278:49305 [1] NCCL INFO Channel 00/0 : 4[7000] -> 9[46000] [receive] via NET/AWS Libfabric/3
x3002c0s7b1n0:32653:32678 [3] NCCL INFO Channel 03/0 : 19[c7000] -> 23[c7000] [receive] via NET/AWS Libfabric/1
x3002c0s31b1n0:16942:16968 [1] NCCL INFO Channel 02/0 : 8[7000] -> 5[46000] [receive] via NET/AWS Libfabric/3
x3004c0s19b1n0:25973:25997 [3] NCCL INFO Channel 01/0 : 43[c7000] -> 50[85000] [send] via NET/AWS Libfabric/1
x3004c0s19b1n0:25970:25999 [0] NCCL INFO Channel 00/0 : 40[7000] -> 44[7000] [send] via NET/AWS Libfabric/3
x3004c0s31b0n0:32862:32887 [2] NCCL INFO Parsed MSCCL Algorithm /home/yuke/ncclPG/CCL-LYD/msccl_tools_lyd/examples/xml/xml_lyd/ring/allreduce_ring_node16_gpu64_mcl2_mck2_gan0.xml successfully.
x3002c0s31b0n0:49994:50022 [2] NCCL INFO Channel 02 : 2[85000] -> 1[46000] via P2P/IPC/read
x3002c0s37b1n0:43724:43750 [1] NCCL INFO Channel 02/0 : 20[7000] -> 13[46000] [receive] via NET/AWS Libfabric/3
x3002c0s37b1n0:43726:43752 [3] NCCL INFO Channel 01/0 : 11[c7000] -> 15[c7000] [receive] via NET/AWS Libfabric/1
x3003c0s37b1n0:29826:29852 [2] NCCL INFO Channel 01/0 : 26[85000] -> 23[c7000] [send] via NET/AWS Libfabric/1
x3002c0s31b1n0:16941:16970 [0] NCCL INFO Channel 02/0 : 0[7000] -> 4[7000] [receive] via NET/AWS Libfabric/3
x3004c0s1b1n0:9783:9806 [3] NCCL INFO Channel 01/0 : 51[c7000] -> 59[c7000] [send] via NET/AWS Libfabric/1
x3002c0s37b1n0:43725:43749 [2] NCCL INFO Channel 03/0 : 14[85000] -> 23[c7000] [send] via NET/AWS Libfabric/1
x3003c0s7b0n0:62133:62161 [0] NCCL INFO Channel 02/0 : 12[7000] -> 28[7000] [receive] via NET/AWS Libfabric/3
x3003c0s7b1n0:34412:34438 [2] NCCL INFO Channel 03 : 34[85000] -> 35[c7000] via P2P/IPC/read
x3002c0s37b0n0:49280:49303 [3] NCCL INFO Channel 03/0 : 6[85000] -> 11[c7000] [receive] via NET/AWS Libfabric/1
x3004c0s25b0n0:29846:29872 [2] NCCL INFO Channel 03/0 : 59[c7000] -> 54[85000] [receive] via NET/AWS Libfabric/1
x3004c0s19b0n0:51292:51321 [0] NCCL INFO Channel 00/0 : 36[7000] -> 41[46000] [send] via NET/AWS Libfabric/3
x3002c0s37b0n0:49277:49306 [0] NCCL INFO Channel 00/0 : 8[7000] -> 12[7000] [send] via NET/AWS Libfabric/3
x3004c0s31b0n0:32862:32887 [2] NCCL INFO Channel 06/0 : 58[85000] -> 62[85000] [receive] via NET/AWS Libfabric/3
x3004c0s19b0n0:51295:51320 [3] NCCL INFO Channel 03/0 : 35[c7000] -> 39[c7000] [receive] via NET/AWS Libfabric/1
x3003c0s7b1n0:34410:34439 [0] NCCL INFO Channel 00/0 : 32[7000] -> 48[7000] [send] via NET/AWS Libfabric/3
x3004c0s1b1n0:9780:9809 [0] NCCL INFO Channel 02/0 : 48[7000] -> 52[7000] [send] via NET/AWS Libfabric/3
x3003c0s37b1n0:29824:29853 [0] NCCL INFO Channel 00/0 : 16[7000] -> 24[7000] [receive] via NET/AWS Libfabric/3
x3004c0s25b1n0:14640:14664 [3] NCCL INFO Channel 01/0 : 51[c7000] -> 59[c7000] [receive] via NET/AWS Libfabric/1
x3002c0s31b0n0:49994:50022 [2] NCCL INFO Connected all trees
x3002c0s37b0n0:49279:49304 [2] NCCL INFO Channel 01/0 : 7[c7000] -> 10[85000] [receive] via NET/AWS Libfabric/1
x3002c0s31b0n0:49994:50022 [2] NCCL INFO MSCCL: Parsing algorithm /home/yuke/ncclPG/CCL-LYD/msccl_tools_lyd/examples/xml/xml_lyd/ring/allreduce_ring_node16_gpu64_mcl2_mck2_gan0.xml
x3002c0s31b0n0:49993:50023 [1] NCCL INFO Connected all trees
x3002c0s31b0n0:49993:50023 [1] NCCL INFO MSCCL: Parsing algorithm /home/yuke/ncclPG/CCL-LYD/msccl_tools_lyd/examples/xml/xml_lyd/ring/allreduce_ring_node16_gpu64_mcl2_mck2_gan0.xml
x3004c0s19b1n0:25970:25999 [0] NCCL INFO Channel 00/0 : 40[7000] -> 49[46000] [send] via NET/AWS Libfabric/3
x3004c0s1b1n0:9782:9807 [2] NCCL INFO Channel 01/0 : 50[85000] -> 43[c7000] [send] via NET/AWS Libfabric/1
x3003c0s37b1n0:29827:29850 [3] NCCL INFO Channel 03/0 : 22[85000] -> 27[c7000] [receive] via NET/AWS Libfabric/1
x3004c0s1b0n0:6750:6784 [0] NCCL INFO Channel 02/0 : 36[7000] -> 44[7000] [receive] via NET/AWS Libfabric/3
x3004c0s19b1n0:25972:25996 [2] NCCL INFO Channel 01/0 : 42[85000] -> 39[c7000] [send] via NET/AWS Libfabric/1
x3004c0s19b1n0:25971:25998 [1] NCCL INFO Channel 00/0 : 41[46000] -> 36[7000] [send] via NET/AWS Libfabric/3
x3004c0s25b0n0:29847:29873 [3] NCCL INFO Channel 03/0 : 46[85000] -> 55[c7000] [receive] via NET/AWS Libfabric/1
x3002c0s7b0n0:21478:21502 [3] NCCL INFO Channel 01/0 : 19[c7000] -> 27[c7000] [send] via NET/AWS Libfabric/1
x3002c0s31b0n0:49992:50017 [0] NCCL INFO Channel 00/0 : 32[7000] -> 0[7000] [receive] via NET/AWS Libfabric/3
x3002c0s31b0n0:49993:50023 [1] NCCL INFO Parsed MSCCL Algorithm /home/yuke/ncclPG/CCL-LYD/msccl_tools_lyd/examples/xml/xml_lyd/ring/allreduce_ring_node16_gpu64_mcl2_mck2_gan0.xml successfully.
x3002c0s7b1n0:32650:32679 [0] NCCL INFO Channel 02/0 : 20[7000] -> 13[46000] [send] via NET/AWS Libfabric/3
x3004c0s19b1n0:25973:25997 [3] NCCL INFO Channel 01/0 : 50[85000] -> 43[c7000] [receive] via NET/AWS Libfabric/1
x3002c0s31b0n0:49993:50023 [1] NCCL INFO Connected 1 MSCCL algorithms
x3002c0s31b0n0:49993:50023 [1] NCCL INFO threadThresholds 8/8/64 | 512/8/64 | 8/8/64 | 8/8/512
x3002c0s31b0n0:49993:50023 [1] NCCL INFO 8 coll channels, 4 p2p channels, 2 p2p channels per peer
x3002c0s31b0n0:49994:50022 [2] NCCL INFO Parsed MSCCL Algorithm /home/yuke/ncclPG/CCL-LYD/msccl_tools_lyd/examples/xml/xml_lyd/ring/allreduce_ring_node16_gpu64_mcl2_mck2_gan0.xml successfully.
x3002c0s37b1n0:43726:43752 [3] NCCL INFO Channel 03/0 : 7[c7000] -> 15[c7000] [receive] via NET/AWS Libfabric/1
x3004c0s1b1n0:9780:9809 [0] NCCL INFO Channel 00/0 : 48[7000] -> 56[7000] [send] via NET/AWS Libfabric/3
x3002c0s7b0n0:21475:21504 [0] NCCL INFO Channel 00/0 : 16[7000] -> 33[46000] [send] via NET/AWS Libfabric/3
x3002c0s37b0n0:49280:49303 [3] NCCL INFO Channel 01/0 : 11[c7000] -> 18[85000] [send] via NET/AWS Libfabric/1
x3002c0s7b1n0:32653:32678 [3] NCCL INFO Channel 03/0 : 14[85000] -> 23[c7000] [receive] via NET/AWS Libfabric/1
x3004c0s25b1n0:14637:14666 [0] NCCL INFO Channel 00/0 : 48[7000] -> 56[7000] [receive] via NET/AWS Libfabric/3
x3004c0s31b0n0:32860:32888 [0] NCCL INFO Channel 02/0 : 28[7000] -> 60[7000] [receive] via NET/AWS Libfabric/3
x3003c0s7b1n0:34411:34436 [1] NCCL INFO Channel 00/0 : 16[7000] -> 33[46000] [receive] via NET/AWS Libfabric/3
x3003c0s7b1n0:34413:34437 [3] NCCL INFO Channel 03/0 : 35[c7000] -> 39[c7000] [send] via NET/AWS Libfabric/1
x3004c0s25b0n0:29844:29875 [0] NCCL INFO Channel 00/0 : 52[7000] -> 57[46000] [send] via NET/AWS Libfabric/3
x3004c0s1b1n0:9781:9808 [1] NCCL INFO Channel 00/0 : 49[46000] -> 40[7000] [send] via NET/AWS Libfabric/3
x3002c0s31b1n0:16944:16969 [3] NCCL INFO Channel 03/0 : 3[c7000] -> 7[c7000] [receive] via NET/AWS Libfabric/1
x3002c0s37b0n0:49277:49306 [0] NCCL INFO Channel 00/0 : 8[7000] -> 17[46000] [send] via NET/AWS Libfabric/3
x3004c0s19b0n0:51292:51321 [0] NCCL INFO Channel 02/0 : 36[7000] -> 44[7000] [send] via NET/AWS Libfabric/3
x3004c0s1b1n0:9782:9807 [2] NCCL INFO Channel 00 : 50[85000] -> 49[46000] via P2P/IPC/read
x3004c0s31b0n0:32862:32887 [2] NCCL INFO Channel 07/0 : 58[85000] -> 62[85000] [receive] via NET/AWS Libfabric/3
x3004c0s19b1n0:25970:25999 [0] NCCL INFO Channel 00/0 : 49[46000] -> 40[7000] [receive] via NET/AWS Libfabric/3
x3002c0s31b1n0:16941:16970 [0] NCCL INFO Channel 00/0 : 4[7000] -> 9[46000] [send] via NET/AWS Libfabric/3
x3004c0s25b1n0:14640:14664 [3] NCCL INFO Channel 01/0 : 59[c7000] -> 51[c7000] [send] via NET/AWS Libfabric/1
x3004c0s31b0n0:32860:32888 [0] NCCL INFO Channel 02/0 : 60[7000] -> 28[7000] [send] via NET/AWS Libfabric/3
x3004c0s31b0n0:32862:32887 [2] NCCL INFO Channel 06/0 : 62[85000] -> 2[85000] [send] via NET/AWS Libfabric/3
x3002c0s37b1n0:43723:43751 [0] NCCL INFO Channel 02/0 : 4[7000] -> 12[7000] [receive] via NET/AWS Libfabric/3
x3002c0s31b0n0:49994:50022 [2] NCCL INFO Channel 06/0 : 62[85000] -> 2[85000] [receive] via NET/AWS Libfabric/3
x3003c0s37b1n0:29824:29853 [0] NCCL INFO Channel 00/0 : 24[7000] -> 16[7000] [send] via NET/AWS Libfabric/3
x3004c0s1b1n0:9782:9807 [2] NCCL INFO Channel 02 : 50[85000] -> 49[46000] via P2P/IPC/read
x3002c0s37b0n0:49277:49306 [0] NCCL INFO Channel 00/0 : 17[46000] -> 8[7000] [receive] via NET/AWS Libfabric/3
x3004c0s19b0n0:51292:51321 [0] NCCL INFO Channel 02/0 : 44[7000] -> 36[7000] [receive] via NET/AWS Libfabric/3
x3002c0s37b0n0:49279:49304 [2] NCCL INFO Channel 01/0 : 10[85000] -> 7[c7000] [send] via NET/AWS Libfabric/1
x3003c0s7b1n0:34413:34437 [3] NCCL INFO Channel 01/0 : 35[c7000] -> 51[c7000] [send] via NET/AWS Libfabric/1
x3004c0s19b0n0:51295:51320 [3] NCCL INFO Channel 03/0 : 39[c7000] -> 47[c7000] [send] via NET/AWS Libfabric/1
x3002c0s31b1n0:16943:16967 [2] NCCL INFO Channel 03/0 : 11[c7000] -> 6[85000] [receive] via NET/AWS Libfabric/1
x3002c0s31b0n0:49992:50017 [0] NCCL INFO Channel 00/0 : 0[7000] -> 32[7000] [send] via NET/AWS Libfabric/3
x3002c0s7b1n0:32650:32679 [0] NCCL INFO Channel 00/0 : 25[46000] -> 20[7000] [receive] via NET/AWS Libfabric/3
x3004c0s25b1n0:14638:14665 [1] NCCL INFO Channel 00/0 : 57[46000] -> 52[7000] [send] via NET/AWS Libfabric/3
x3003c0s7b1n0:34412:34438 [2] NCCL INFO Channel 01/0 : 19[c7000] -> 34[85000] [receive] via NET/AWS Libfabric/1
x3004c0s1b0n0:6752:6782 [2] NCCL INFO Channel 03/0 : 55[c7000] -> 46[85000] [receive] via NET/AWS Libfabric/1
x3004c0s1b1n0:9783:9806 [3] NCCL INFO Channel 01/0 : 35[c7000] -> 51[c7000] [receive] via NET/AWS Libfabric/1
x3002c0s31b1n0:16941:16970 [0] NCCL INFO Channel 02/0 : 4[7000] -> 12[7000] [send] via NET/AWS Libfabric/3
x3004c0s25b1n0:14637:14666 [0] NCCL INFO Channel 00/0 : 56[7000] -> 48[7000] [send] via NET/AWS Libfabric/3
x3002c0s37b1n0:43725:43749 [2] NCCL INFO Channel 03/0 : 23[c7000] -> 14[85000] [receive] via NET/AWS Libfabric/1
x3002c0s7b0n0:21476:21503 [1] NCCL INFO Channel 00/0 : 17[46000] -> 8[7000] [send] via NET/AWS Libfabric/3
x3002c0s37b0n0:49278:49305 [1] NCCL INFO Channel 00/0 : 9[46000] -> 4[7000] [send] via NET/AWS Libfabric/3
x3002c0s31b0n0:49995:50021 [3] NCCL INFO Channel 01/0 : 35[c7000] -> 3[c7000] [receive] via NET/AWS Libfabric/1
x3002c0s37b0n0:49280:49303 [3] NCCL INFO Channel 01/0 : 18[85000] -> 11[c7000] [receive] via NET/AWS Libfabric/1
x3004c0s25b0n0:29844:29875 [0] NCCL INFO Channel 02/0 : 45[46000] -> 52[7000] [receive] via NET/AWS Libfabric/3
x3002c0s7b0n0:21477:21501 [2] NCCL INFO Channel 01/0 : 18[85000] -> 11[c7000] [send] via NET/AWS Libfabric/1
x3004c0s1b1n0:9780:9809 [0] NCCL INFO Channel 00/0 : 32[7000] -> 48[7000] [receive] via NET/AWS Libfabric/3
x3003c0s7b1n0:34411:34436 [1] NCCL INFO Channel 00/0 : 33[46000] -> 16[7000] [send] via NET/AWS Libfabric/3
x3004c0s25b0n0:29847:29873 [3] NCCL INFO Channel 03/0 : 55[c7000] -> 46[85000] [send] via NET/AWS Libfabric/1
x3004c0s31b0n0:32862:32887 [2] NCCL INFO Channel 07/0 : 62[85000] -> 2[85000] [send] via NET/AWS Libfabric/3
x3002c0s7b1n0:32653:32678 [3] NCCL INFO Channel 03/0 : 23[c7000] -> 14[85000] [send] via NET/AWS Libfabric/1
x3002c0s7b0n0:21475:21504 [0] NCCL INFO Channel 00/0 : 33[46000] -> 16[7000] [receive] via NET/AWS Libfabric/3
x3002c0s31b1n0:16944:16969 [3] NCCL INFO Channel 03/0 : 7[c7000] -> 15[c7000] [send] via NET/AWS Libfabric/1
x3004c0s19b1n0:25973:25997 [3] NCCL INFO Channel 03/0 : 43[c7000] -> 38[85000] [send] via NET/AWS Libfabric/1
x3004c0s1b0n0:6750:6784 [0] NCCL INFO Channel 02/0 : 29[46000] -> 44[7000] [receive] via NET/AWS Libfabric/3
x3002c0s7b0n0:21477:21501 [2] NCCL INFO Channel 00 : 18[85000] -> 17[46000] via P2P/IPC/read
x3003c0s37b1n0:29827:29850 [3] NCCL INFO Channel 01/0 : 19[c7000] -> 27[c7000] [receive] via NET/AWS Libfabric/1
x3004c0s1b1n0:9782:9807 [2] NCCL INFO Connected all trees
x3004c0s1b1n0:9782:9807 [2] NCCL INFO MSCCL: Parsing algorithm /home/yuke/ncclPG/CCL-LYD/msccl_tools_lyd/examples/xml/xml_lyd/ring/allreduce_ring_node16_gpu64_mcl2_mck2_gan0.xml
x3004c0s1b1n0:9781:9808 [1] NCCL INFO Connected all trees
x3004c0s1b1n0:9781:9808 [1] NCCL INFO MSCCL: Parsing algorithm /home/yuke/ncclPG/CCL-LYD/msccl_tools_lyd/examples/xml/xml_lyd/ring/allreduce_ring_node16_gpu64_mcl2_mck2_gan0.xml
x3004c0s1b0n0:6752:6782 [2] NCCL INFO Channel 00 : 46[85000] -> 45[46000] via P2P/IPC/read
x3002c0s7b1n0:32652:32676 [2] NCCL INFO Channel 03/0 : 27[c7000] -> 22[85000] [receive] via NET/AWS Libfabric/1
x3002c0s31b0n0:49994:50022 [2] NCCL INFO Channel 07/0 : 62[85000] -> 2[85000] [receive] via NET/AWS Libfabric/3
x3002c0s37b1n0:43725:43749 [2] NCCL INFO Channel 00 : 14[85000] -> 13[46000] via P2P/IPC/read
x3003c0s7b0n0:62134:62162 [1] NCCL INFO Channel 02/0 : 44[7000] -> 29[46000] [receive] via NET/AWS Libfabric/3
x3002c0s7b1n0:32653:32678 [3] NCCL INFO Channel 03/0 : 23[c7000] -> 19[c7000] [send] via NET/AWS Libfabric/1
x3002c0s31b0n0:49995:50021 [3] NCCL INFO Channel 01/0 : 3[c7000] -> 35[c7000] [send] via NET/AWS Libfabric/1
x3002c0s37b1n0:43723:43751 [0] NCCL INFO Channel 02/0 : 12[7000] -> 28[7000] [send] via NET/AWS Libfabric/3
x3002c0s37b1n0:43726:43752 [3] NCCL INFO Channel 03/0 : 15[c7000] -> 31[c7000] [send] via NET/AWS Libfabric/1
x3004c0s25b0n0:29847:29873 [3] NCCL INFO Channel 03/0 : 55[c7000] -> 51[c7000] [send] via NET/AWS Libfabric/1
x3004c0s19b0n0:51294:51319 [2] NCCL INFO Channel 00 : 38[85000] -> 37[46000] via P2P/IPC/read
x3004c0s19b0n0:51295:51320 [3] NCCL INFO Channel 03/0 : 47[c7000] -> 39[c7000] [receive] via NET/AWS Libfabric/1
x3004c0s1b1n0:9781:9808 [1] NCCL INFO Parsed MSCCL Algorithm /home/yuke/ncclPG/CCL-LYD/msccl_tools_lyd/examples/xml/xml_lyd/ring/allreduce_ring_node16_gpu64_mcl2_mck2_gan0.xml successfully.
x3004c0s1b1n0:9781:9808 [1] NCCL INFO Connected 1 MSCCL algorithms
x3004c0s1b1n0:9781:9808 [1] NCCL INFO threadThresholds 8/8/64 | 512/8/64 | 8/8/64 | 8/8/512
x3004c0s1b1n0:9781:9808 [1] NCCL INFO 8 coll channels, 4 p2p channels, 2 p2p channels per peer
x3002c0s7b0n0:21477:21501 [2] NCCL INFO Channel 02 : 18[85000] -> 17[46000] via P2P/IPC/read
x3002c0s31b1n0:16944:16969 [3] NCCL INFO Channel 03/0 : 15[c7000] -> 7[c7000] [receive] via NET/AWS Libfabric/1
x3003c0s7b0n0:62133:62161 [0] NCCL INFO Channel 02/0 : 60[7000] -> 28[7000] [receive] via NET/AWS Libfabric/3
x3002c0s7b1n0:32650:32679 [0] NCCL INFO Channel 02/0 : 20[7000] -> 16[7000] [send] via NET/AWS Libfabric/3
x3004c0s19b1n0:25973:25997 [3] NCCL INFO Channel 01/0 : 47[c7000] -> 43[c7000] [receive] via NET/AWS Libfabric/1
x3004c0s1b1n0:9782:9807 [2] NCCL INFO Parsed MSCCL Algorithm /home/yuke/ncclPG/CCL-LYD/msccl_tools_lyd/examples/xml/xml_lyd/ring/allreduce_ring_node16_gpu64_mcl2_mck2_gan0.xml successfully.
x3004c0s1b0n0:6753:6781 [3] NCCL INFO Channel 03/0 : 30[85000] -> 47[c7000] [receive] via NET/AWS Libfabric/1
x3002c0s37b1n0:43725:43749 [2] NCCL INFO Channel 02 : 14[85000] -> 13[46000] via P2P/IPC/read
x3002c0s37b1n0:43725:43749 [2] NCCL INFO Connected all trees
x3002c0s37b1n0:43725:43749 [2] NCCL INFO MSCCL: Parsing algorithm /home/yuke/ncclPG/CCL-LYD/msccl_tools_lyd/examples/xml/xml_lyd/ring/allreduce_ring_node16_gpu64_mcl2_mck2_gan0.xml
x3002c0s37b1n0:43724:43750 [1] NCCL INFO Connected all trees
x3002c0s37b1n0:43724:43750 [1] NCCL INFO MSCCL: Parsing algorithm /home/yuke/ncclPG/CCL-LYD/msccl_tools_lyd/examples/xml/xml_lyd/ring/allreduce_ring_node16_gpu64_mcl2_mck2_gan0.xml
x3004c0s1b0n0:6751:6783 [1] NCCL INFO Channel 02/0 : 52[7000] -> 45[46000] [receive] via NET/AWS Libfabric/3
x3002c0s31b1n0:16941:16970 [0] NCCL INFO Channel 02/0 : 12[7000] -> 4[7000] [receive] via NET/AWS Libfabric/3
x3004c0s19b1n0:25970:25999 [0] NCCL INFO Channel 00/0 : 44[7000] -> 40[7000] [receive] via NET/AWS Libfabric/3
x3002c0s31b0n0:49994:50022 [2] NCCL INFO Channel 06/0 : 2[85000] -> 6[85000] [send] via NET/AWS Libfabric/3
x3004c0s1b0n0:6752:6782 [2] NCCL INFO Channel 02 : 46[85000] -> 45[46000] via P2P/IPC/read
x3003c0s7b1n0:34413:34437 [3] NCCL INFO Channel 01/0 : 3[c7000] -> 35[c7000] [receive] via NET/AWS Libfabric/1
x3004c0s25b0n0:29844:29875 [0] NCCL INFO Channel 02/0 : 52[7000] -> 45[46000] [send] via NET/AWS Libfabric/3
x3004c0s1b1n0:9782:9807 [2] NCCL INFO Channel 06/0 : 46[85000] -> 50[85000] [receive] via NET/AWS Libfabric/3
x3002c0s37b0n0:49280:49303 [3] NCCL INFO Channel 03/0 : 11[c7000] -> 6[85000] [send] via NET/AWS Libfabric/1
x3003c0s7b0n0:62133:62161 [0] NCCL INFO Channel 02/0 : 28[7000] -> 60[7000] [send] via NET/AWS Libfabric/3
x3004c0s1b1n0:9783:9806 [3] NCCL INFO Channel 01/0 : 51[c7000] -> 35[c7000] [send] via NET/AWS Libfabric/1
x3004c0s19b0n0:51294:51319 [2] NCCL INFO Channel 02 : 38[85000] -> 37[46000] via P2P/IPC/read
x3002c0s7b0n0:21476:21503 [1] NCCL INFO Connected all trees
x3002c0s7b0n0:21476:21503 [1] NCCL INFO MSCCL: Parsing algorithm /home/yuke/ncclPG/CCL-LYD/msccl_tools_lyd/examples/xml/xml_lyd/ring/allreduce_ring_node16_gpu64_mcl2_mck2_gan0.xml
x3002c0s7b0n0:21477:21501 [2] NCCL INFO Connected all trees
x3002c0s7b0n0:21477:21501 [2] NCCL INFO MSCCL: Parsing algorithm /home/yuke/ncclPG/CCL-LYD/msccl_tools_lyd/examples/xml/xml_lyd/ring/allreduce_ring_node16_gpu64_mcl2_mck2_gan0.xml
x3004c0s1b0n0:6750:6784 [0] NCCL INFO Channel 02/0 : 44[7000] -> 29[46000] [send] via NET/AWS Libfabric/3
x3003c0s7b1n0:34413:34437 [3] NCCL INFO Channel 01/0 : 35[c7000] -> 3[c7000] [send] via NET/AWS Libfabric/1
x3002c0s37b1n0:43725:43749 [2] NCCL INFO Parsed MSCCL Algorithm /home/yuke/ncclPG/CCL-LYD/msccl_tools_lyd/examples/xml/xml_lyd/ring/allreduce_ring_node16_gpu64_mcl2_mck2_gan0.xml successfully.
x3002c0s37b0n0:49277:49306 [0] NCCL INFO Channel 00/0 : 12[7000] -> 8[7000] [receive] via NET/AWS Libfabric/3
x3004c0s1b1n0:9780:9809 [0] NCCL INFO Channel 00/0 : 48[7000] -> 32[7000] [send] via NET/AWS Libfabric/3
x3002c0s31b1n0:16943:16967 [2] NCCL INFO Channel 00 : 6[85000] -> 5[46000] via P2P/IPC/read
x3004c0s25b0n0:29844:29875 [0] NCCL INFO Channel 00/0 : 57[46000] -> 52[7000] [receive] via NET/AWS Libfabric/3
x3002c0s37b1n0:43724:43750 [1] NCCL INFO Parsed MSCCL Algorithm /home/yuke/ncclPG/CCL-LYD/msccl_tools_lyd/examples/xml/xml_lyd/ring/allreduce_ring_node16_gpu64_mcl2_mck2_gan0.xml successfully.
x3002c0s37b1n0:43724:43750 [1] NCCL INFO Connected 1 MSCCL algorithms
x3002c0s37b1n0:43724:43750 [1] NCCL INFO threadThresholds 8/8/64 | 512/8/64 | 8/8/64 | 8/8/512
x3002c0s37b1n0:43724:43750 [1] NCCL INFO 8 coll channels, 4 p2p channels, 2 p2p channels per peer
x3002c0s7b0n0:21475:21504 [0] NCCL INFO Channel 00/0 : 24[7000] -> 16[7000] [receive] via NET/AWS Libfabric/3
x3004c0s1b0n0:6752:6782 [2] NCCL INFO Connected all trees
x3004c0s1b0n0:6751:6783 [1] NCCL INFO Connected all trees
x3004c0s1b0n0:6751:6783 [1] NCCL INFO MSCCL: Parsing algorithm /home/yuke/ncclPG/CCL-LYD/msccl_tools_lyd/examples/xml/xml_lyd/ring/allreduce_ring_node16_gpu64_mcl2_mck2_gan0.xml
x3004c0s1b0n0:6752:6782 [2] NCCL INFO MSCCL: Parsing algorithm /home/yuke/ncclPG/CCL-LYD/msccl_tools_lyd/examples/xml/xml_lyd/ring/allreduce_ring_node16_gpu64_mcl2_mck2_gan0.xml
x3003c0s7b0n0:62136:62159 [3] NCCL INFO Channel 03/0 : 63[c7000] -> 31[c7000] [receive] via NET/AWS Libfabric/1
x3003c0s37b1n0:29827:29850 [3] NCCL INFO Channel 01/0 : 27[c7000] -> 19[c7000] [send] via NET/AWS Libfabric/1
x3003c0s7b1n0:34410:34439 [0] NCCL INFO Channel 00/0 : 0[7000] -> 32[7000] [receive] via NET/AWS Libfabric/3
x3002c0s37b0n0:49280:49303 [3] NCCL INFO Channel 01/0 : 15[c7000] -> 11[c7000] [receive] via NET/AWS Libfabric/1
x3003c0s7b0n0:62135:62160 [2] NCCL INFO Channel 03/0 : 47[c7000] -> 30[85000] [receive] via NET/AWS Libfabric/1
x3002c0s7b0n0:21477:21501 [2] NCCL INFO Parsed MSCCL Algorithm /home/yuke/ncclPG/CCL-LYD/msccl_tools_lyd/examples/xml/xml_lyd/ring/allreduce_ring_node16_gpu64_mcl2_mck2_gan0.xml successfully.
x3003c0s7b1n0:34410:34439 [0] NCCL INFO Channel 00/0 : 32[7000] -> 0[7000] [send] via NET/AWS Libfabric/3
x3002c0s31b0n0:49994:50022 [2] NCCL INFO Channel 07/0 : 2[85000] -> 6[85000] [send] via NET/AWS Libfabric/3
x3004c0s1b1n0:9782:9807 [2] NCCL INFO Channel 07/0 : 46[85000] -> 50[85000] [receive] via NET/AWS Libfabric/3
x3004c0s1b0n0:6750:6784 [0] NCCL INFO Channel 02/0 : 44[7000] -> 36[7000] [send] via NET/AWS Libfabric/3
x3002c0s37b1n0:43723:43751 [0] NCCL INFO Channel 02/0 : 28[7000] -> 12[7000] [receive] via NET/AWS Libfabric/3
x3002c0s37b1n0:43726:43752 [3] NCCL INFO Channel 03/0 : 31[c7000] -> 15[c7000] [receive] via NET/AWS Libfabric/1
x3002c0s7b0n0:21478:21502 [3] NCCL INFO Channel 01/0 : 19[c7000] -> 34[85000] [send] via NET/AWS Libfabric/1
x3002c0s7b0n0:21476:21503 [1] NCCL INFO Parsed MSCCL Algorithm /home/yuke/ncclPG/CCL-LYD/msccl_tools_lyd/examples/xml/xml_lyd/ring/allreduce_ring_node16_gpu64_mcl2_mck2_gan0.xml successfully.
x3002c0s7b0n0:21476:21503 [1] NCCL INFO Connected 1 MSCCL algorithms
x3002c0s7b0n0:21476:21503 [1] NCCL INFO threadThresholds 8/8/64 | 512/8/64 | 8/8/64 | 8/8/512
x3002c0s7b0n0:21476:21503 [1] NCCL INFO 8 coll channels, 4 p2p channels, 2 p2p channels per peer
x3004c0s1b0n0:6751:6783 [1] NCCL INFO Parsed MSCCL Algorithm /home/yuke/ncclPG/CCL-LYD/msccl_tools_lyd/examples/xml/xml_lyd/ring/allreduce_ring_node16_gpu64_mcl2_mck2_gan0.xml successfully.
x3004c0s1b0n0:6751:6783 [1] NCCL INFO Connected 1 MSCCL algorithms
x3002c0s31b1n0:16943:16967 [2] NCCL INFO Channel 02 : 6[85000] -> 5[46000] via P2P/IPC/read
x3004c0s1b0n0:6751:6783 [1] NCCL INFO threadThresholds 8/8/64 | 512/8/64 | 8/8/64 | 8/8/512
x3004c0s1b0n0:6751:6783 [1] NCCL INFO 8 coll channels, 4 p2p channels, 2 p2p channels per peer
x3004c0s1b0n0:6752:6782 [2] NCCL INFO Parsed MSCCL Algorithm /home/yuke/ncclPG/CCL-LYD/msccl_tools_lyd/examples/xml/xml_lyd/ring/allreduce_ring_node16_gpu64_mcl2_mck2_gan0.xml successfully.
x3002c0s7b0n0:21477:21501 [2] NCCL INFO Channel 06/0 : 14[85000] -> 18[85000] [receive] via NET/AWS Libfabric/3
x3003c0s7b0n0:62133:62161 [0] NCCL INFO Channel 02/0 : 28[7000] -> 12[7000] [send] via NET/AWS Libfabric/3
x3004c0s1b0n0:6753:6781 [3] NCCL INFO Channel 03/0 : 47[c7000] -> 30[85000] [send] via NET/AWS Libfabric/1
x3004c0s31b0n0:32860:32888 [0] NCCL INFO Channel 00/0 : 60[7000] -> 56[7000] [send] via NET/AWS Libfabric/3
x3002c0s7b0n0:21478:21502 [3] NCCL INFO Channel 01/0 : 34[85000] -> 19[c7000] [receive] via NET/AWS Libfabric/1
x3003c0s7b1n0:34412:34438 [2] NCCL INFO Channel 01/0 : 34[85000] -> 19[c7000] [send] via NET/AWS Libfabric/1
x3004c0s19b0n0:51292:51321 [0] NCCL INFO Channel 00/0 : 41[46000] -> 36[7000] [receive] via NET/AWS Libfabric/3
x3002c0s37b1n0:43725:43749 [2] NCCL INFO Channel 06/0 : 10[85000] -> 14[85000] [receive] via NET/AWS Libfabric/3
x3004c0s1b1n0:9782:9807 [2] NCCL INFO Channel 06/0 : 50[85000] -> 54[85000] [send] via NET/AWS Libfabric/3
x3003c0s7b0n0:62136:62159 [3] NCCL INFO Channel 03/0 : 31[c7000] -> 63[c7000] [send] via NET/AWS Libfabric/1
x3003c0s7b1n0:34412:34438 [2] NCCL INFO Channel 00 : 34[85000] -> 33[46000] via P2P/IPC/read
x3003c0s7b0n0:62135:62160 [2] NCCL INFO Channel 00 : 30[85000] -> 29[46000] via P2P/IPC/read
x3002c0s31b0n0:49995:50021 [3] NCCL INFO Channel 03/0 : 7[c7000] -> 3[c7000] [receive] via NET/AWS Libfabric/1
x3004c0s1b1n0:9782:9807 [2] NCCL INFO Channel 07/0 : 50[85000] -> 54[85000] [send] via NET/AWS Libfabric/3
x3004c0s1b0n0:6752:6782 [2] NCCL INFO Channel 06/0 : 42[85000] -> 46[85000] [receive] via NET/AWS Libfabric/3
x3003c0s37b1n0:29824:29853 [0] NCCL INFO Channel 00/0 : 28[7000] -> 24[7000] [receive] via NET/AWS Libfabric/3
x3004c0s1b0n0:6753:6781 [3] NCCL INFO Channel 03/0 : 47[c7000] -> 39[c7000] [send] via NET/AWS Libfabric/1
x3003c0s7b0n0:62133:62161 [0] NCCL INFO Channel 00/0 : 28[7000] -> 24[7000] [send] via NET/AWS Libfabric/3
x3002c0s7b0n0:21477:21501 [2] NCCL INFO Channel 07/0 : 14[85000] -> 18[85000] [receive] via NET/AWS Libfabric/3
x3004c0s1b0n0:6750:6784 [0] NCCL INFO Channel 00/0 : 44[7000] -> 40[7000] [send] via NET/AWS Libfabric/3
x3002c0s37b1n0:43723:43751 [0] NCCL INFO Channel 02/0 : 12[7000] -> 4[7000] [send] via NET/AWS Libfabric/3
x3003c0s7b1n0:34413:34437 [3] NCCL INFO Channel 01/0 : 51[c7000] -> 35[c7000] [receive] via NET/AWS Libfabric/1
x3002c0s37b1n0:43725:43749 [2] NCCL INFO Channel 07/0 : 10[85000] -> 14[85000] [receive] via NET/AWS Libfabric/3
x3004c0s25b0n0:29844:29875 [0] NCCL INFO Channel 02/0 : 52[7000] -> 48[7000] [send] via NET/AWS Libfabric/3
x3003c0s7b0n0:62133:62161 [0] NCCL INFO Connected all trees
x3003c0s7b0n0:62133:62161 [0] NCCL INFO MSCCL: Parsing algorithm /home/yuke/ncclPG/CCL-LYD/msccl_tools_lyd/examples/xml/xml_lyd/ring/allreduce_ring_node16_gpu64_mcl2_mck2_gan0.xml
x3003c0s7b1n0:34412:34438 [2] NCCL INFO Channel 02 : 34[85000] -> 33[46000] via P2P/IPC/read
x3002c0s7b0n0:21475:21504 [0] NCCL INFO Channel 02/0 : 20[7000] -> 16[7000] [receive] via NET/AWS Libfabric/3
x3003c0s7b0n0:62135:62160 [2] NCCL INFO Channel 02 : 30[85000] -> 29[46000] via P2P/IPC/read
x3004c0s1b0n0:6752:6782 [2] NCCL INFO Channel 07/0 : 42[85000] -> 46[85000] [receive] via NET/AWS Libfabric/3
x3004c0s1b0n0:6750:6784 [0] NCCL INFO Connected all trees
x3004c0s1b0n0:6750:6784 [0] NCCL INFO MSCCL: Parsing algorithm /home/yuke/ncclPG/CCL-LYD/msccl_tools_lyd/examples/xml/xml_lyd/ring/allreduce_ring_node16_gpu64_mcl2_mck2_gan0.xml
x3003c0s7b0n0:62135:62160 [2] NCCL INFO Connected all trees
x3003c0s7b0n0:62135:62160 [2] NCCL INFO MSCCL: Parsing algorithm /home/yuke/ncclPG/CCL-LYD/msccl_tools_lyd/examples/xml/xml_lyd/ring/allreduce_ring_node16_gpu64_mcl2_mck2_gan0.xml
x3003c0s7b0n0:62134:62162 [1] NCCL INFO Connected all trees
x3003c0s7b0n0:62134:62162 [1] NCCL INFO MSCCL: Parsing algorithm /home/yuke/ncclPG/CCL-LYD/msccl_tools_lyd/examples/xml/xml_lyd/ring/allreduce_ring_node16_gpu64_mcl2_mck2_gan0.xml
x3003c0s7b0n0:62133:62161 [0] NCCL INFO Parsed MSCCL Algorithm /home/yuke/ncclPG/CCL-LYD/msccl_tools_lyd/examples/xml/xml_lyd/ring/allreduce_ring_node16_gpu64_mcl2_mck2_gan0.xml successfully.
x3004c0s1b0n0:6750:6784 [0] NCCL INFO Parsed MSCCL Algorithm /home/yuke/ncclPG/CCL-LYD/msccl_tools_lyd/examples/xml/xml_lyd/ring/allreduce_ring_node16_gpu64_mcl2_mck2_gan0.xml successfully.
x3003c0s7b1n0:34412:34438 [2] NCCL INFO Connected all trees
x3003c0s7b1n0:34412:34438 [2] NCCL INFO MSCCL: Parsing algorithm /home/yuke/ncclPG/CCL-LYD/msccl_tools_lyd/examples/xml/xml_lyd/ring/allreduce_ring_node16_gpu64_mcl2_mck2_gan0.xml
x3003c0s7b1n0:34411:34436 [1] NCCL INFO Connected all trees
x3003c0s7b1n0:34411:34436 [1] NCCL INFO MSCCL: Parsing algorithm /home/yuke/ncclPG/CCL-LYD/msccl_tools_lyd/examples/xml/xml_lyd/ring/allreduce_ring_node16_gpu64_mcl2_mck2_gan0.xml
x3003c0s7b0n0:62133:62161 [0] NCCL INFO Channel 03 : 28[7000] -> 31[c7000] via P2P/IPC/read
x3004c0s19b0n0:51292:51321 [0] NCCL INFO Channel 02/0 : 36[7000] -> 32[7000] [send] via NET/AWS Libfabric/3
x3004c0s19b1n0:25970:25999 [0] NCCL INFO Channel 02/0 : 40[7000] -> 37[46000] [send] via NET/AWS Libfabric/3
x3004c0s1b0n0:6750:6784 [0] NCCL INFO Channel 03 : 44[7000] -> 47[c7000] via P2P/IPC/read
x3004c0s1b0n0:6753:6781 [3] NCCL INFO Channel 01/0 : 47[c7000] -> 43[c7000] [send] via NET/AWS Libfabric/1
x3002c0s37b1n0:43725:43749 [2] NCCL INFO Channel 06/0 : 14[85000] -> 18[85000] [send] via NET/AWS Libfabric/3
x3003c0s37b1n0:29824:29853 [0] NCCL INFO Channel 02/0 : 24[7000] -> 21[46000] [send] via NET/AWS Libfabric/3
x3002c0s7b1n0:32650:32679 [0] NCCL INFO Connected all trees
x3002c0s7b1n0:32650:32679 [0] NCCL INFO MSCCL: Parsing algorithm /home/yuke/ncclPG/CCL-LYD/msccl_tools_lyd/examples/xml/xml_lyd/ring/allreduce_ring_node16_gpu64_mcl2_mck2_gan0.xml
x3003c0s7b0n0:62135:62160 [2] NCCL INFO Parsed MSCCL Algorithm /home/yuke/ncclPG/CCL-LYD/msccl_tools_lyd/examples/xml/xml_lyd/ring/allreduce_ring_node16_gpu64_mcl2_mck2_gan0.xml successfully.
x3002c0s7b0n0:21477:21501 [2] NCCL INFO Channel 06/0 : 18[85000] -> 22[85000] [send] via NET/AWS Libfabric/3
x3003c0s7b1n0:34410:34439 [0] NCCL INFO Channel 00/0 : 48[7000] -> 32[7000] [receive] via NET/AWS Libfabric/3
x3002c0s7b0n0:21475:21504 [0] NCCL INFO Connected all trees
x3002c0s7b0n0:21475:21504 [0] NCCL INFO MSCCL: Parsing algorithm /home/yuke/ncclPG/CCL-LYD/msccl_tools_lyd/examples/xml/xml_lyd/ring/allreduce_ring_node16_gpu64_mcl2_mck2_gan0.xml
x3002c0s7b0n0:21478:21502 [3] NCCL INFO Channel 01/0 : 27[c7000] -> 19[c7000] [receive] via NET/AWS Libfabric/1
x3003c0s7b0n0:62136:62159 [3] NCCL INFO Channel 03/0 : 31[c7000] -> 15[c7000] [send] via NET/AWS Libfabric/1
x3004c0s1b0n0:6753:6781 [3] NCCL INFO Connected all trees
x3004c0s1b0n0:6753:6781 [3] NCCL INFO MSCCL: Parsing algorithm /home/yuke/ncclPG/CCL-LYD/msccl_tools_lyd/examples/xml/xml_lyd/ring/allreduce_ring_node16_gpu64_mcl2_mck2_gan0.xml
x3002c0s31b1n0:16941:16970 [0] NCCL INFO Channel 00/0 : 9[46000] -> 4[7000] [receive] via NET/AWS Libfabric/3
