x3003c0s31b1n0:1282:1307 [2] NCCL INFO threadThresholds 8/8/64 | 1024/8/64 | 8/8/64 | 8/8/512
x3003c0s31b1n0:1282:1307 [2] NCCL INFO 8 coll channels, 4 p2p channels, 2 p2p channels per peer
x3003c0s37b0n0:3797:3821 [3] NCCL INFO Channel 06/0 : 95[c7000] -> 99[c7000] [send] via NET/AWS Libfabric/1
x3002c0s37b0n0:64495:64517 [2] NCCL INFO Channel 00 : 42[85000] -> 41[46000] via P2P/IPC/read
x3003c0s25b1n0:51989:52016 [0] NCCL INFO Channel 04/0 : 80[7000] -> 84[7000] [send] via NET/AWS Libfabric/3
x3003c0s25b1n0:51992:52014 [3] NCCL INFO Channel 06/0 : 79[c7000] -> 83[c7000] [receive] via NET/AWS Libfabric/1
x3003c0s7b0n0:14785:14812 [0] NCCL INFO Channel 03 : 100[7000] -> 103[c7000] via P2P/IPC/read
x3003c0s7b1n0:51799:51823 [1] NCCL INFO Parsed MSCCL Algorithm /home/yuke/ncclPG/CCL-LYD/msccl_tools_lyd/examples/xml/xml_lyd/ring/allreduce_ring_node32_gpu128_mcl4_mck1_gan0.xml successfully.
x3002c0s19b1n0:18114:18141 [0] NCCL INFO Channel 03 : 12[7000] -> 15[c7000] via P2P/IPC/read
x3003c0s13b1n0:61023:61049 [0] NCCL INFO Parsed MSCCL Algorithm /home/yuke/ncclPG/CCL-LYD/msccl_tools_lyd/examples/xml/xml_lyd/ring/allreduce_ring_node32_gpu128_mcl4_mck1_gan0.xml successfully.
x3002c0s7b1n0:47769:47795 [0] NCCL INFO Connected all trees
x3002c0s7b1n0:47769:47795 [0] NCCL INFO MSCCL: Parsing algorithm /home/yuke/ncclPG/CCL-LYD/msccl_tools_lyd/examples/xml/xml_lyd/ring/allreduce_ring_node32_gpu128_mcl4_mck1_gan0.xml
x3002c0s7b1n0:47771:47793 [2] NCCL INFO Channel 00 : 54[85000] -> 53[46000] via P2P/IPC/read
x3003c0s37b1n0:47226:47252 [1] NCCL INFO Connected 1 MSCCL algorithms
x3003c0s37b1n0:47226:47252 [1] NCCL INFO threadThresholds 8/8/64 | 1024/8/64 | 8/8/64 | 8/8/512
x3003c0s37b1n0:47226:47252 [1] NCCL INFO 8 coll channels, 4 p2p channels, 2 p2p channels per peer
x3004c0s19b1n0:43383:43406 [2] NCCL INFO Channel 02 : 122[85000] -> 121[46000] via P2P/IPC/read
x3002c0s19b0n0:24199:24223 [2] NCCL INFO Channel 02 : 10[85000] -> 9[46000] via P2P/IPC/read
x3003c0s37b0n0:3795:3820 [1] NCCL INFO Connected 1 MSCCL algorithms
x3003c0s37b0n0:3795:3820 [1] NCCL INFO threadThresholds 8/8/64 | 1024/8/64 | 8/8/64 | 8/8/512
x3003c0s37b0n0:3795:3820 [1] NCCL INFO 8 coll channels, 4 p2p channels, 2 p2p channels per peer
x3002c0s25b0n0:36615:36642 [0] NCCL INFO Channel 03 : 24[7000] -> 27[c7000] via P2P/IPC/read
x3003c0s1b1n0:22346:22370 [1] NCCL INFO Connected 1 MSCCL algorithms
x3003c0s1b1n0:22346:22370 [1] NCCL INFO threadThresholds 8/8/64 | 1024/8/64 | 8/8/64 | 8/8/512
x3003c0s1b1n0:22346:22370 [1] NCCL INFO 8 coll channels, 4 p2p channels, 2 p2p channels per peer
x3003c0s1b0n0:46090:46113 [1] NCCL INFO Connected 1 MSCCL algorithms
x3003c0s1b0n0:46090:46113 [1] NCCL INFO threadThresholds 8/8/64 | 1024/8/64 | 8/8/64 | 8/8/512
x3003c0s1b0n0:46090:46113 [1] NCCL INFO 8 coll channels, 4 p2p channels, 2 p2p channels per peer
x3004c0s19b1n0:43381:43408 [0] NCCL INFO Channel 02/0 : 120[7000] -> 117[46000] [send] via NET/AWS Libfabric/3
x3003c0s13b1n0:61023:61049 [0] NCCL INFO Channel 01 : 60[7000] -> 63[c7000] via P2P/IPC/read
x3003c0s37b0n0:3796:3818 [2] NCCL INFO Connected 1 MSCCL algorithms
x3003c0s37b0n0:3796:3818 [2] NCCL INFO threadThresholds 8/8/64 | 1024/8/64 | 8/8/64 | 8/8/512
x3003c0s37b0n0:3796:3818 [2] NCCL INFO 8 coll channels, 4 p2p channels, 2 p2p channels per peer
x3003c0s25b1n0:51991:52015 [2] NCCL INFO Connected 1 MSCCL algorithms
x3003c0s25b1n0:51991:52015 [2] NCCL INFO threadThresholds 8/8/64 | 1024/8/64 | 8/8/64 | 8/8/512
x3003c0s25b1n0:51991:52015 [2] NCCL INFO 8 coll channels, 4 p2p channels, 2 p2p channels per peer
x3003c0s13b1n0:61026:61047 [3] NCCL INFO Connected all trees
x3003c0s13b1n0:61026:61047 [3] NCCL INFO MSCCL: Parsing algorithm /home/yuke/ncclPG/CCL-LYD/msccl_tools_lyd/examples/xml/xml_lyd/ring/allreduce_ring_node32_gpu128_mcl4_mck1_gan0.xml
x3003c0s31b1n0:1281:1305 [1] NCCL INFO Connected 1 MSCCL algorithms
x3003c0s31b1n0:1281:1305 [1] NCCL INFO threadThresholds 8/8/64 | 1024/8/64 | 8/8/64 | 8/8/512
x3003c0s31b1n0:1281:1305 [1] NCCL INFO 8 coll channels, 4 p2p channels, 2 p2p channels per peer
x3003c0s1b1n0:22347:22371 [2] NCCL INFO Connected 1 MSCCL algorithms
x3003c0s1b1n0:22347:22371 [2] NCCL INFO threadThresholds 8/8/64 | 1024/8/64 | 8/8/64 | 8/8/512
x3003c0s1b1n0:22347:22371 [2] NCCL INFO 8 coll channels, 4 p2p channels, 2 p2p channels per peer
x3004c0s19b1n0:43384:43405 [3] NCCL INFO Parsed MSCCL Algorithm /home/yuke/ncclPG/CCL-LYD/msccl_tools_lyd/examples/xml/xml_lyd/ring/allreduce_ring_node32_gpu128_mcl4_mck1_gan0.xml successfully.
x3002c0s19b0n0:24200:24222 [3] NCCL INFO Parsed MSCCL Algorithm /home/yuke/ncclPG/CCL-LYD/msccl_tools_lyd/examples/xml/xml_lyd/ring/allreduce_ring_node32_gpu128_mcl4_mck1_gan0.xml successfully.
x3003c0s25b1n0:51990:52017 [1] NCCL INFO Connected 1 MSCCL algorithms
x3003c0s13b0n0:5484:5506 [3] NCCL INFO Connected all trees
x3003c0s13b0n0:5484:5506 [3] NCCL INFO MSCCL: Parsing algorithm /home/yuke/ncclPG/CCL-LYD/msccl_tools_lyd/examples/xml/xml_lyd/ring/allreduce_ring_node32_gpu128_mcl4_mck1_gan0.xml
x3004c0s19b1n0:43381:43408 [0] NCCL INFO Connected all trees
x3004c0s19b1n0:43381:43408 [0] NCCL INFO MSCCL: Parsing algorithm /home/yuke/ncclPG/CCL-LYD/msccl_tools_lyd/examples/xml/xml_lyd/ring/allreduce_ring_node32_gpu128_mcl4_mck1_gan0.xml
x3003c0s31b0n0:34162:34189 [0] NCCL INFO Channel 04/0 : 80[7000] -> 84[7000] [receive] via NET/AWS Libfabric/3
x3004c0s1b0n0:24369:24393 [0] NCCL INFO Parsed MSCCL Algorithm /home/yuke/ncclPG/CCL-LYD/msccl_tools_lyd/examples/xml/xml_lyd/ring/allreduce_ring_node32_gpu128_mcl4_mck1_gan0.xml successfully.
x3003c0s25b1n0:51990:52017 [1] NCCL INFO threadThresholds 8/8/64 | 1024/8/64 | 8/8/64 | 8/8/512
x3003c0s25b1n0:51990:52017 [1] NCCL INFO 8 coll channels, 4 p2p channels, 2 p2p channels per peer
x3003c0s25b1n0:51992:52014 [3] NCCL INFO Channel 06/0 : 83[c7000] -> 87[c7000] [send] via NET/AWS Libfabric/1
x3002c0s31b0n0:65351:65377 [0] NCCL INFO Parsed MSCCL Algorithm /home/yuke/ncclPG/CCL-LYD/msccl_tools_lyd/examples/xml/xml_lyd/ring/allreduce_ring_node32_gpu128_mcl4_mck1_gan0.xml successfully.
x3002c0s31b1n0:32172:32199 [0] NCCL INFO Parsed MSCCL Algorithm /home/yuke/ncclPG/CCL-LYD/msccl_tools_lyd/examples/xml/xml_lyd/ring/allreduce_ring_node32_gpu128_mcl4_mck1_gan0.xml successfully.
x3002c0s1b1n0:15361:15385 [1] NCCL INFO Parsed MSCCL Algorithm /home/yuke/ncclPG/CCL-LYD/msccl_tools_lyd/examples/xml/xml_lyd/ring/allreduce_ring_node32_gpu128_mcl4_mck1_gan0.xml successfully.
x3004c0s1b0n0:24369:24393 [0] NCCL INFO Channel 01 : 124[7000] -> 127[c7000] via P2P/IPC/read
x3003c0s1b0n0:46092:46115 [3] NCCL INFO Channel 06/0 : 67[c7000] -> 71[c7000] [receive] via NET/AWS Libfabric/1
x3003c0s1b0n0:46089:46116 [0] NCCL INFO Channel 04/0 : 64[7000] -> 68[7000] [receive] via NET/AWS Libfabric/3
x3003c0s25b0n0:11875:11898 [1] NCCL INFO Connected 1 MSCCL algorithms
x3003c0s25b0n0:11875:11898 [1] NCCL INFO threadThresholds 8/8/64 | 1024/8/64 | 8/8/64 | 8/8/512
x3003c0s25b0n0:11875:11898 [1] NCCL INFO 8 coll channels, 4 p2p channels, 2 p2p channels per peer
x3003c0s31b0n0:34162:34189 [0] NCCL INFO Channel 04/0 : 84[7000] -> 88[7000] [send] via NET/AWS Libfabric/3
x3002c0s31b1n0:32172:32199 [0] NCCL INFO Channel 01 : 36[7000] -> 39[c7000] via P2P/IPC/read
x3002c0s31b0n0:65351:65377 [0] NCCL INFO Channel 01 : 32[7000] -> 35[c7000] via P2P/IPC/read
x3004c0s13b1n0:20913:20939 [0] NCCL INFO Parsed MSCCL Algorithm /home/yuke/ncclPG/CCL-LYD/msccl_tools_lyd/examples/xml/xml_lyd/ring/allreduce_ring_node32_gpu128_mcl4_mck1_gan0.xml successfully.
x3002c0s13b0n0:5586:5611 [0] NCCL INFO Parsed MSCCL Algorithm /home/yuke/ncclPG/CCL-LYD/msccl_tools_lyd/examples/xml/xml_lyd/ring/allreduce_ring_node32_gpu128_mcl4_mck1_gan0.xml successfully.
x3002c0s19b0n0:24197:24224 [0] NCCL INFO Parsed MSCCL Algorithm /home/yuke/ncclPG/CCL-LYD/msccl_tools_lyd/examples/xml/xml_lyd/ring/allreduce_ring_node32_gpu128_mcl4_mck1_gan0.xml successfully.
x3002c0s37b0n0:64495:64517 [2] NCCL INFO Channel 02 : 42[85000] -> 41[46000] via P2P/IPC/read
x3003c0s7b1n0:51800:51824 [2] NCCL INFO Channel 05/0 : 102[85000] -> 106[85000] [receive] via NET/AWS Libfabric/3
x3002c0s13b0n0:5586:5611 [0] NCCL INFO Channel 01 : 0[7000] -> 3[c7000] via P2P/IPC/read
x3003c0s7b1n0:51800:51824 [2] NCCL INFO Channel 05/0 : 106[85000] -> 110[85000] [send] via NET/AWS Libfabric/3
x3004c0s13b1n0:20913:20939 [0] NCCL INFO Channel 01 : 112[7000] -> 115[c7000] via P2P/IPC/read
x3003c0s13b1n0:61023:61049 [0] NCCL INFO Channel 03 : 60[7000] -> 63[c7000] via P2P/IPC/read
x3003c0s25b0n0:11876:11901 [2] NCCL INFO Connected 1 MSCCL algorithms
x3003c0s25b0n0:11876:11901 [2] NCCL INFO threadThresholds 8/8/64 | 1024/8/64 | 8/8/64 | 8/8/512
x3003c0s25b0n0:11876:11901 [2] NCCL INFO 8 coll channels, 4 p2p channels, 2 p2p channels per peer
x3004c0s19b1n0:43383:43406 [2] NCCL INFO Connected all trees
x3004c0s19b1n0:43383:43406 [2] NCCL INFO MSCCL: Parsing algorithm /home/yuke/ncclPG/CCL-LYD/msccl_tools_lyd/examples/xml/xml_lyd/ring/allreduce_ring_node32_gpu128_mcl4_mck1_gan0.xml
x3004c0s19b1n0:43382:43407 [1] NCCL INFO Connected all trees
x3004c0s19b1n0:43382:43407 [1] NCCL INFO MSCCL: Parsing algorithm /home/yuke/ncclPG/CCL-LYD/msccl_tools_lyd/examples/xml/xml_lyd/ring/allreduce_ring_node32_gpu128_mcl4_mck1_gan0.xml
x3004c0s19b0n0:3718:3741 [3] NCCL INFO Parsed MSCCL Algorithm /home/yuke/ncclPG/CCL-LYD/msccl_tools_lyd/examples/xml/xml_lyd/ring/allreduce_ring_node32_gpu128_mcl4_mck1_gan0.xml successfully.
x3003c0s1b0n0:46091:46114 [2] NCCL INFO Connected 1 MSCCL algorithms
x3003c0s1b0n0:46091:46114 [2] NCCL INFO threadThresholds 8/8/64 | 1024/8/64 | 8/8/64 | 8/8/512
x3003c0s1b0n0:46091:46114 [2] NCCL INFO 8 coll channels, 4 p2p channels, 2 p2p channels per peer
x3002c0s1b1n0:15362:15386 [2] NCCL INFO Parsed MSCCL Algorithm /home/yuke/ncclPG/CCL-LYD/msccl_tools_lyd/examples/xml/xml_lyd/ring/allreduce_ring_node32_gpu128_mcl4_mck1_gan0.xml successfully.
x3002c0s19b0n0:24197:24224 [0] NCCL INFO Channel 01 : 8[7000] -> 11[c7000] via P2P/IPC/read
x3002c0s19b0n0:24198:24221 [1] NCCL INFO Connected all trees
x3002c0s19b0n0:24198:24221 [1] NCCL INFO MSCCL: Parsing algorithm /home/yuke/ncclPG/CCL-LYD/msccl_tools_lyd/examples/xml/xml_lyd/ring/allreduce_ring_node32_gpu128_mcl4_mck1_gan0.xml
x3003c0s1b0n0:46089:46116 [0] NCCL INFO Channel 04/0 : 68[7000] -> 72[7000] [send] via NET/AWS Libfabric/3
x3002c0s19b0n0:24199:24223 [2] NCCL INFO Connected all trees
x3002c0s19b0n0:24199:24223 [2] NCCL INFO MSCCL: Parsing algorithm /home/yuke/ncclPG/CCL-LYD/msccl_tools_lyd/examples/xml/xml_lyd/ring/allreduce_ring_node32_gpu128_mcl4_mck1_gan0.xml
x3003c0s7b1n0:51799:51823 [1] NCCL INFO Channel 07/0 : 101[46000] -> 105[46000] [receive] via NET/AWS Libfabric/3
x3002c0s7b1n0:47771:47793 [2] NCCL INFO Channel 02 : 54[85000] -> 53[46000] via P2P/IPC/read
x3002c0s13b1n0:17120:17142 [3] NCCL INFO Parsed MSCCL Algorithm /home/yuke/ncclPG/CCL-LYD/msccl_tools_lyd/examples/xml/xml_lyd/ring/allreduce_ring_node32_gpu128_mcl4_mck1_gan0.xml successfully.
x3002c0s13b1n0:17117:17144 [0] NCCL INFO Parsed MSCCL Algorithm /home/yuke/ncclPG/CCL-LYD/msccl_tools_lyd/examples/xml/xml_lyd/ring/allreduce_ring_node32_gpu128_mcl4_mck1_gan0.xml successfully.
x3003c0s19b0n0:51470:51493 [3] NCCL INFO Channel 06/0 : 67[c7000] -> 71[c7000] [send] via NET/AWS Libfabric/1
x3002c0s13b1n0:17117:17144 [0] NCCL INFO Channel 01 : 4[7000] -> 7[c7000] via P2P/IPC/read
x3004c0s19b0n0:3715:3742 [0] NCCL INFO Parsed MSCCL Algorithm /home/yuke/ncclPG/CCL-LYD/msccl_tools_lyd/examples/xml/xml_lyd/ring/allreduce_ring_node32_gpu128_mcl4_mck1_gan0.xml successfully.
x3003c0s7b1n0:51799:51823 [1] NCCL INFO Channel 07/0 : 105[46000] -> 109[46000] [send] via NET/AWS Libfabric/3
x3002c0s25b0n0:36618:36639 [3] NCCL INFO Channel 06/0 : 23[c7000] -> 27[c7000] [receive] via NET/AWS Libfabric/1
x3003c0s31b0n0:34165:34187 [3] NCCL INFO Channel 06/0 : 83[c7000] -> 87[c7000] [receive] via NET/AWS Libfabric/1
x3004c0s19b0n0:3715:3742 [0] NCCL INFO Channel 01 : 116[7000] -> 119[c7000] via P2P/IPC/read
x3002c0s13b0n0:5586:5611 [0] NCCL INFO Channel 03 : 0[7000] -> 3[c7000] via P2P/IPC/read
x3003c0s1b0n0:46092:46115 [3] NCCL INFO Channel 06/0 : 71[c7000] -> 75[c7000] [send] via NET/AWS Libfabric/1
x3002c0s37b0n0:64495:64517 [2] NCCL INFO Connected all trees
x3002c0s37b0n0:64495:64517 [2] NCCL INFO MSCCL: Parsing algorithm /home/yuke/ncclPG/CCL-LYD/msccl_tools_lyd/examples/xml/xml_lyd/ring/allreduce_ring_node32_gpu128_mcl4_mck1_gan0.xml
x3002c0s37b0n0:64494:64518 [1] NCCL INFO Connected all trees
x3002c0s37b0n0:64494:64518 [1] NCCL INFO MSCCL: Parsing algorithm /home/yuke/ncclPG/CCL-LYD/msccl_tools_lyd/examples/xml/xml_lyd/ring/allreduce_ring_node32_gpu128_mcl4_mck1_gan0.xml
x3002c0s13b1n0:17118:17143 [1] NCCL INFO Parsed MSCCL Algorithm /home/yuke/ncclPG/CCL-LYD/msccl_tools_lyd/examples/xml/xml_lyd/ring/allreduce_ring_node32_gpu128_mcl4_mck1_gan0.xml successfully.
x3004c0s1b0n0:24369:24393 [0] NCCL INFO Channel 03 : 124[7000] -> 127[c7000] via P2P/IPC/read
x3002c0s31b0n0:65351:65377 [0] NCCL INFO Channel 03 : 32[7000] -> 35[c7000] via P2P/IPC/read
x3002c0s25b1n0:48200:48221 [3] NCCL INFO Channel 06/0 : 27[c7000] -> 31[c7000] [receive] via NET/AWS Libfabric/1
x3002c0s31b1n0:32175:32196 [3] NCCL INFO Parsed MSCCL Algorithm /home/yuke/ncclPG/CCL-LYD/msccl_tools_lyd/examples/xml/xml_lyd/ring/allreduce_ring_node32_gpu128_mcl4_mck1_gan0.xml successfully.
x3002c0s25b0n0:36618:36639 [3] NCCL INFO Channel 06/0 : 27[c7000] -> 31[c7000] [send] via NET/AWS Libfabric/1
x3002c0s7b1n0:47772:47794 [3] NCCL INFO Channel 01/0 : 58[85000] -> 55[c7000] [receive] via NET/AWS Libfabric/1
x3002c0s31b1n0:32172:32199 [0] NCCL INFO Channel 03 : 36[7000] -> 39[c7000] via P2P/IPC/read
x3002c0s7b0n0:36659:36682 [3] NCCL INFO Parsed MSCCL Algorithm /home/yuke/ncclPG/CCL-LYD/msccl_tools_lyd/examples/xml/xml_lyd/ring/allreduce_ring_node32_gpu128_mcl4_mck1_gan0.xml successfully.
x3003c0s7b1n0:51800:51824 [2] NCCL INFO Connected 1 MSCCL algorithms
x3003c0s7b1n0:51800:51824 [2] NCCL INFO threadThresholds 8/8/64 | 1024/8/64 | 8/8/64 | 8/8/512
x3003c0s7b1n0:51800:51824 [2] NCCL INFO 8 coll channels, 4 p2p channels, 2 p2p channels per peer
x3002c0s1b1n0:15361:15385 [1] NCCL INFO Channel 07/0 : 17[46000] -> 21[46000] [receive] via NET/AWS Libfabric/3
x3002c0s7b0n0:36656:36683 [0] NCCL INFO Parsed MSCCL Algorithm /home/yuke/ncclPG/CCL-LYD/msccl_tools_lyd/examples/xml/xml_lyd/ring/allreduce_ring_node32_gpu128_mcl4_mck1_gan0.xml successfully.
x3002c0s13b1n0:17119:17141 [2] NCCL INFO Parsed MSCCL Algorithm /home/yuke/ncclPG/CCL-LYD/msccl_tools_lyd/examples/xml/xml_lyd/ring/allreduce_ring_node32_gpu128_mcl4_mck1_gan0.xml successfully.
x3003c0s25b0n0:11877:11899 [3] NCCL INFO Channel 01 : 79[c7000] -> 76[7000] via P2P/IPC/read
x3002c0s7b0n0:36656:36683 [0] NCCL INFO Channel 01 : 48[7000] -> 51[c7000] via P2P/IPC/read
x3002c0s1b1n0:15361:15385 [1] NCCL INFO Channel 07/0 : 21[46000] -> 25[46000] [send] via NET/AWS Libfabric/3
x3002c0s13b1n0:17117:17144 [0] NCCL INFO Channel 03 : 4[7000] -> 7[c7000] via P2P/IPC/read
x3004c0s19b0n0:3715:3742 [0] NCCL INFO Channel 03 : 116[7000] -> 119[c7000] via P2P/IPC/read
x3003c0s31b0n0:34165:34187 [3] NCCL INFO Channel 06/0 : 87[c7000] -> 91[c7000] [send] via NET/AWS Libfabric/1
x3003c0s37b1n0:47228:47250 [3] NCCL INFO Channel 06/0 : 95[c7000] -> 99[c7000] [receive] via NET/AWS Libfabric/1
x3004c0s13b1n0:20913:20939 [0] NCCL INFO Channel 03 : 112[7000] -> 115[c7000] via P2P/IPC/read
x3003c0s37b1n0:47228:47250 [3] NCCL INFO Channel 06/0 : 99[c7000] -> 103[c7000] [send] via NET/AWS Libfabric/1
x3004c0s13b0n0:62588:62613 [1] NCCL INFO Connected 1 MSCCL algorithms
x3004c0s13b0n0:62588:62613 [1] NCCL INFO threadThresholds 8/8/64 | 1024/8/64 | 8/8/64 | 8/8/512
x3004c0s13b0n0:62588:62613 [1] NCCL INFO 8 coll channels, 4 p2p channels, 2 p2p channels per peer
x3002c0s25b1n0:48200:48221 [3] NCCL INFO Channel 06/0 : 31[c7000] -> 35[c7000] [send] via NET/AWS Libfabric/1
x3003c0s13b1n0:61026:61047 [3] NCCL INFO Parsed MSCCL Algorithm /home/yuke/ncclPG/CCL-LYD/msccl_tools_lyd/examples/xml/xml_lyd/ring/allreduce_ring_node32_gpu128_mcl4_mck1_gan0.xml successfully.
x3002c0s1b1n0:15362:15386 [2] NCCL INFO Channel 05/0 : 18[85000] -> 22[85000] [receive] via NET/AWS Libfabric/3
x3003c0s37b1n0:47225:47249 [0] NCCL INFO Channel 04/0 : 92[7000] -> 96[7000] [receive] via NET/AWS Libfabric/3
x3002c0s7b1n0:47770:47792 [1] NCCL INFO Connected all trees
x3002c0s7b1n0:47770:47792 [1] NCCL INFO MSCCL: Parsing algorithm /home/yuke/ncclPG/CCL-LYD/msccl_tools_lyd/examples/xml/xml_lyd/ring/allreduce_ring_node32_gpu128_mcl4_mck1_gan0.xml
x3002c0s7b1n0:47771:47793 [2] NCCL INFO Connected all trees
x3002c0s7b1n0:47771:47793 [2] NCCL INFO MSCCL: Parsing algorithm /home/yuke/ncclPG/CCL-LYD/msccl_tools_lyd/examples/xml/xml_lyd/ring/allreduce_ring_node32_gpu128_mcl4_mck1_gan0.xml
x3004c0s19b0n0:3716:3740 [1] NCCL INFO Connected all trees
x3004c0s19b0n0:3716:3740 [1] NCCL INFO MSCCL: Parsing algorithm /home/yuke/ncclPG/CCL-LYD/msccl_tools_lyd/examples/xml/xml_lyd/ring/allreduce_ring_node32_gpu128_mcl4_mck1_gan0.xml
x3003c0s13b0n0:5483:5507 [2] NCCL INFO Channel 00 : 58[85000] -> 57[46000] via P2P/IPC/read
x3002c0s25b1n0:48197:48222 [0] NCCL INFO Channel 04/0 : 24[7000] -> 28[7000] [receive] via NET/AWS Libfabric/3
x3003c0s7b0n0:14787:14809 [2] NCCL INFO Connected 1 MSCCL algorithms
x3003c0s7b0n0:14787:14809 [2] NCCL INFO threadThresholds 8/8/64 | 1024/8/64 | 8/8/64 | 8/8/512
x3003c0s7b0n0:14787:14809 [2] NCCL INFO 8 coll channels, 4 p2p channels, 2 p2p channels per peer
x3004c0s19b0n0:3717:3739 [2] NCCL INFO Connected all trees
x3004c0s19b0n0:3717:3739 [2] NCCL INFO MSCCL: Parsing algorithm /home/yuke/ncclPG/CCL-LYD/msccl_tools_lyd/examples/xml/xml_lyd/ring/allreduce_ring_node32_gpu128_mcl4_mck1_gan0.xml
x3002c0s19b0n0:24197:24224 [0] NCCL INFO Channel 03 : 8[7000] -> 11[c7000] via P2P/IPC/read
x3003c0s13b0n0:5484:5506 [3] NCCL INFO Parsed MSCCL Algorithm /home/yuke/ncclPG/CCL-LYD/msccl_tools_lyd/examples/xml/xml_lyd/ring/allreduce_ring_node32_gpu128_mcl4_mck1_gan0.xml successfully.
x3003c0s13b0n0:5481:5508 [0] NCCL INFO Parsed MSCCL Algorithm /home/yuke/ncclPG/CCL-LYD/msccl_tools_lyd/examples/xml/xml_lyd/ring/allreduce_ring_node32_gpu128_mcl4_mck1_gan0.xml successfully.
x3002c0s7b1n0:47772:47794 [3] NCCL INFO Connected all trees
x3002c0s7b1n0:47772:47794 [3] NCCL INFO MSCCL: Parsing algorithm /home/yuke/ncclPG/CCL-LYD/msccl_tools_lyd/examples/xml/xml_lyd/ring/allreduce_ring_node32_gpu128_mcl4_mck1_gan0.xml
x3003c0s37b1n0:47225:47249 [0] NCCL INFO Channel 04/0 : 96[7000] -> 100[7000] [send] via NET/AWS Libfabric/3
x3004c0s19b1n0:43381:43408 [0] NCCL INFO Parsed MSCCL Algorithm /home/yuke/ncclPG/CCL-LYD/msccl_tools_lyd/examples/xml/xml_lyd/ring/allreduce_ring_node32_gpu128_mcl4_mck1_gan0.xml successfully.
x3003c0s1b1n0:22348:22369 [3] NCCL INFO Channel 01 : 75[c7000] -> 72[7000] via P2P/IPC/read
x3003c0s13b0n0:5481:5508 [0] NCCL INFO Channel 01 : 56[7000] -> 59[c7000] via P2P/IPC/read
x3002c0s19b1n0:18114:18141 [0] NCCL INFO Channel 04/0 : 8[7000] -> 12[7000] [receive] via NET/AWS Libfabric/3
x3002c0s1b1n0:15361:15385 [1] NCCL INFO Connected 1 MSCCL algorithms
x3002c0s1b1n0:15361:15385 [1] NCCL INFO threadThresholds 8/8/64 | 1024/8/64 | 8/8/64 | 8/8/512
x3002c0s1b1n0:15361:15385 [1] NCCL INFO 8 coll channels, 4 p2p channels, 2 p2p channels per peer
x3002c0s25b0n0:36615:36642 [0] NCCL INFO Channel 04/0 : 20[7000] -> 24[7000] [receive] via NET/AWS Libfabric/3
x3004c0s13b0n0:62589:62612 [2] NCCL INFO Connected 1 MSCCL algorithms
x3004c0s13b0n0:62589:62612 [2] NCCL INFO threadThresholds 8/8/64 | 1024/8/64 | 8/8/64 | 8/8/512
x3004c0s13b0n0:62589:62612 [2] NCCL INFO 8 coll channels, 4 p2p channels, 2 p2p channels per peer
x3003c0s7b0n0:14785:14812 [0] NCCL INFO Channel 04/0 : 96[7000] -> 100[7000] [receive] via NET/AWS Libfabric/3
x3004c0s13b1n0:20916:20940 [3] NCCL INFO Channel 06/0 : 111[c7000] -> 115[c7000] [receive] via NET/AWS Libfabric/1
x3004c0s19b1n0:43381:43408 [0] NCCL INFO Channel 01 : 120[7000] -> 123[c7000] via P2P/IPC/read
x3002c0s19b1n0:18117:18140 [3] NCCL INFO Channel 06/0 : 11[c7000] -> 15[c7000] [receive] via NET/AWS Libfabric/1
x3003c0s7b1n0:51799:51823 [1] NCCL INFO Connected 1 MSCCL algorithms
x3003c0s7b1n0:51799:51823 [1] NCCL INFO threadThresholds 8/8/64 | 1024/8/64 | 8/8/64 | 8/8/512
x3003c0s7b1n0:51799:51823 [1] NCCL INFO 8 coll channels, 4 p2p channels, 2 p2p channels per peer
x3003c0s25b0n0:11877:11899 [3] NCCL INFO Channel 03 : 79[c7000] -> 76[7000] via P2P/IPC/read
x3002c0s19b1n0:18114:18141 [0] NCCL INFO Channel 04/0 : 12[7000] -> 16[7000] [send] via NET/AWS Libfabric/3
x3003c0s37b0n0:3797:3821 [3] NCCL INFO Channel 01 : 95[c7000] -> 92[7000] via P2P/IPC/read
x3002c0s13b1n0:17118:17143 [1] NCCL INFO Channel 07/0 : 1[46000] -> 5[46000] [receive] via NET/AWS Libfabric/3
x3003c0s13b0n0:5481:5508 [0] NCCL INFO Channel 03 : 56[7000] -> 59[c7000] via P2P/IPC/read
x3002c0s19b0n0:24199:24223 [2] NCCL INFO Parsed MSCCL Algorithm /home/yuke/ncclPG/CCL-LYD/msccl_tools_lyd/examples/xml/xml_lyd/ring/allreduce_ring_node32_gpu128_mcl4_mck1_gan0.xml successfully.
x3004c0s19b1n0:43383:43406 [2] NCCL INFO Parsed MSCCL Algorithm /home/yuke/ncclPG/CCL-LYD/msccl_tools_lyd/examples/xml/xml_lyd/ring/allreduce_ring_node32_gpu128_mcl4_mck1_gan0.xml successfully.
x3002c0s19b0n0:24198:24221 [1] NCCL INFO Parsed MSCCL Algorithm /home/yuke/ncclPG/CCL-LYD/msccl_tools_lyd/examples/xml/xml_lyd/ring/allreduce_ring_node32_gpu128_mcl4_mck1_gan0.xml successfully.
x3002c0s7b0n0:36656:36683 [0] NCCL INFO Channel 03 : 48[7000] -> 51[c7000] via P2P/IPC/read
x3002c0s25b1n0:48197:48222 [0] NCCL INFO Channel 04/0 : 28[7000] -> 32[7000] [send] via NET/AWS Libfabric/3
x3002c0s13b0n0:5589:5612 [3] NCCL INFO Channel 06/0 : 127[c7000] -> 3[c7000] [receive] via NET/AWS Libfabric/1
x3003c0s13b0n0:5483:5507 [2] NCCL INFO Channel 02 : 58[85000] -> 57[46000] via P2P/IPC/read
x3003c0s25b1n0:51992:52014 [3] NCCL INFO Channel 01 : 83[c7000] -> 80[7000] via P2P/IPC/read
x3002c0s13b1n0:17119:17141 [2] NCCL INFO Channel 05/0 : 2[85000] -> 6[85000] [receive] via NET/AWS Libfabric/3
x3003c0s31b0n0:34165:34187 [3] NCCL INFO Channel 01 : 87[c7000] -> 84[7000] via P2P/IPC/read
x3004c0s19b1n0:43382:43407 [1] NCCL INFO Parsed MSCCL Algorithm /home/yuke/ncclPG/CCL-LYD/msccl_tools_lyd/examples/xml/xml_lyd/ring/allreduce_ring_node32_gpu128_mcl4_mck1_gan0.xml successfully.
x3002c0s7b1n0:47769:47795 [0] NCCL INFO Parsed MSCCL Algorithm /home/yuke/ncclPG/CCL-LYD/msccl_tools_lyd/examples/xml/xml_lyd/ring/allreduce_ring_node32_gpu128_mcl4_mck1_gan0.xml successfully.
x3002c0s7b1n0:47769:47795 [0] NCCL INFO Channel 01 : 52[7000] -> 55[c7000] via P2P/IPC/read
x3004c0s13b1n0:20913:20939 [0] NCCL INFO Channel 04/0 : 108[7000] -> 112[7000] [receive] via NET/AWS Libfabric/3
x3004c0s13b1n0:20916:20940 [3] NCCL INFO Channel 06/0 : 115[c7000] -> 119[c7000] [send] via NET/AWS Libfabric/1
x3002c0s25b1n0:48198:48220 [1] NCCL INFO Connected 1 MSCCL algorithms
x3002c0s25b1n0:48198:48220 [1] NCCL INFO threadThresholds 8/8/64 | 1024/8/64 | 8/8/64 | 8/8/512
x3002c0s25b1n0:48198:48220 [1] NCCL INFO 8 coll channels, 4 p2p channels, 2 p2p channels per peer
x3003c0s7b0n0:14785:14812 [0] NCCL INFO Channel 04/0 : 100[7000] -> 104[7000] [send] via NET/AWS Libfabric/3
x3003c0s7b0n0:14786:14811 [1] NCCL INFO Connected 1 MSCCL algorithms
x3003c0s7b0n0:14786:14811 [1] NCCL INFO threadThresholds 8/8/64 | 1024/8/64 | 8/8/64 | 8/8/512
x3003c0s7b0n0:14786:14811 [1] NCCL INFO 8 coll channels, 4 p2p channels, 2 p2p channels per peer
x3003c0s7b0n0:14788:14810 [3] NCCL INFO Channel 06/0 : 99[c7000] -> 103[c7000] [receive] via NET/AWS Libfabric/1
x3004c0s1b0n0:24372:24395 [3] NCCL INFO Channel 06/0 : 123[c7000] -> 127[c7000] [receive] via NET/AWS Libfabric/1
x3002c0s19b1n0:18117:18140 [3] NCCL INFO Channel 06/0 : 15[c7000] -> 19[c7000] [send] via NET/AWS Libfabric/1
x3002c0s31b0n0:65354:65376 [3] NCCL INFO Channel 06/0 : 31[c7000] -> 35[c7000] [receive] via NET/AWS Libfabric/1
x3002c0s31b0n0:65354:65376 [3] NCCL INFO Channel 06/0 : 35[c7000] -> 39[c7000] [send] via NET/AWS Libfabric/1
x3003c0s31b1n0:1283:1304 [3] NCCL INFO Channel 01 : 91[c7000] -> 88[7000] via P2P/IPC/read
x3002c0s25b0n0:36615:36642 [0] NCCL INFO Channel 04/0 : 24[7000] -> 28[7000] [send] via NET/AWS Libfabric/3
x3003c0s31b1n0:1283:1304 [3] NCCL INFO Channel 03 : 91[c7000] -> 88[7000] via P2P/IPC/read
x3003c0s13b0n0:5483:5507 [2] NCCL INFO Connected all trees
x3003c0s13b0n0:5483:5507 [2] NCCL INFO MSCCL: Parsing algorithm /home/yuke/ncclPG/CCL-LYD/msccl_tools_lyd/examples/xml/xml_lyd/ring/allreduce_ring_node32_gpu128_mcl4_mck1_gan0.xml
x3003c0s13b0n0:5482:5505 [1] NCCL INFO Connected all trees
x3003c0s13b0n0:5482:5505 [1] NCCL INFO MSCCL: Parsing algorithm /home/yuke/ncclPG/CCL-LYD/msccl_tools_lyd/examples/xml/xml_lyd/ring/allreduce_ring_node32_gpu128_mcl4_mck1_gan0.xml
x3002c0s13b1n0:17119:17141 [2] NCCL INFO Channel 05/0 : 6[85000] -> 10[85000] [send] via NET/AWS Libfabric/3
x3003c0s31b1n0:1280:1306 [0] NCCL INFO Connected 1 MSCCL algorithms
x3003c0s31b1n0:1280:1306 [0] NCCL INFO threadThresholds 8/8/64 | 1024/8/64 | 8/8/64 | 8/8/512
x3003c0s31b1n0:1280:1306 [0] NCCL INFO 8 coll channels, 4 p2p channels, 2 p2p channels per peer
x3003c0s31b1n0:1283:1304 [3] NCCL INFO Connected 1 MSCCL algorithms
x3003c0s31b1n0:1283:1304 [3] NCCL INFO threadThresholds 8/8/64 | 1024/8/64 | 8/8/64 | 8/8/512
x3003c0s31b1n0:1283:1304 [3] NCCL INFO 8 coll channels, 4 p2p channels, 2 p2p channels per peer
x3002c0s13b1n0:17118:17143 [1] NCCL INFO Channel 07/0 : 5[46000] -> 9[46000] [send] via NET/AWS Libfabric/3
x3002c0s37b0n0:64494:64518 [1] NCCL INFO Parsed MSCCL Algorithm /home/yuke/ncclPG/CCL-LYD/msccl_tools_lyd/examples/xml/xml_lyd/ring/allreduce_ring_node32_gpu128_mcl4_mck1_gan0.xml successfully.
x3002c0s37b0n0:64495:64517 [2] NCCL INFO Parsed MSCCL Algorithm /home/yuke/ncclPG/CCL-LYD/msccl_tools_lyd/examples/xml/xml_lyd/ring/allreduce_ring_node32_gpu128_mcl4_mck1_gan0.xml successfully.
x3003c0s1b1n0:22348:22369 [3] NCCL INFO Channel 03 : 75[c7000] -> 72[7000] via P2P/IPC/read
x3002c0s13b0n0:5589:5612 [3] NCCL INFO Channel 06/0 : 3[c7000] -> 7[c7000] [send] via NET/AWS Libfabric/1
x3002c0s1b1n0:15362:15386 [2] NCCL INFO Channel 05/0 : 22[85000] -> 26[85000] [send] via NET/AWS Libfabric/3
x3003c0s25b1n0:51992:52014 [3] NCCL INFO Channel 03 : 83[c7000] -> 80[7000] via P2P/IPC/read
x3002c0s19b0n0:24198:24221 [1] NCCL INFO Channel 07/0 : 5[46000] -> 9[46000] [receive] via NET/AWS Libfabric/3
x3003c0s37b0n0:3797:3821 [3] NCCL INFO Channel 03 : 95[c7000] -> 92[7000] via P2P/IPC/read
x3002c0s25b0n0:36616:36641 [1] NCCL INFO Connected 1 MSCCL algorithms
x3002c0s25b0n0:36616:36641 [1] NCCL INFO threadThresholds 8/8/64 | 1024/8/64 | 8/8/64 | 8/8/512
x3002c0s25b0n0:36616:36641 [1] NCCL INFO 8 coll channels, 4 p2p channels, 2 p2p channels per peer
x3002c0s25b0n0:36618:36639 [3] NCCL INFO Channel 01 : 27[c7000] -> 24[7000] via P2P/IPC/read
x3004c0s19b1n0:43382:43407 [1] NCCL INFO Channel 07/0 : 117[46000] -> 121[46000] [receive] via NET/AWS Libfabric/3
x3004c0s19b1n0:43381:43408 [0] NCCL INFO Channel 03 : 120[7000] -> 123[c7000] via P2P/IPC/read
x3004c0s1b0n0:24369:24393 [0] NCCL INFO Channel 04/0 : 120[7000] -> 124[7000] [receive] via NET/AWS Libfabric/3
x3002c0s19b0n0:24199:24223 [2] NCCL INFO Channel 05/0 : 6[85000] -> 10[85000] [receive] via NET/AWS Libfabric/3
x3002c0s31b0n0:65351:65377 [0] NCCL INFO Channel 04/0 : 28[7000] -> 32[7000] [receive] via NET/AWS Libfabric/3
x3003c0s7b0n0:14788:14810 [3] NCCL INFO Channel 06/0 : 103[c7000] -> 107[c7000] [send] via NET/AWS Libfabric/1
x3003c0s25b0n0:11877:11899 [3] NCCL INFO Connected 1 MSCCL algorithms
x3003c0s25b0n0:11877:11899 [3] NCCL INFO threadThresholds 8/8/64 | 1024/8/64 | 8/8/64 | 8/8/512
x3003c0s25b0n0:11877:11899 [3] NCCL INFO 8 coll channels, 4 p2p channels, 2 p2p channels per peer
x3003c0s25b0n0:11874:11900 [0] NCCL INFO Connected 1 MSCCL algorithms
x3003c0s25b0n0:11874:11900 [0] NCCL INFO threadThresholds 8/8/64 | 1024/8/64 | 8/8/64 | 8/8/512
x3003c0s25b0n0:11874:11900 [0] NCCL INFO 8 coll channels, 4 p2p channels, 2 p2p channels per peer
x3002c0s19b0n0:24200:24222 [3] NCCL INFO Channel 06/0 : 7[c7000] -> 11[c7000] [receive] via NET/AWS Libfabric/1
x3002c0s19b0n0:24200:24222 [3] NCCL INFO Channel 06/0 : 11[c7000] -> 15[c7000] [send] via NET/AWS Libfabric/1
x3003c0s31b0n0:34165:34187 [3] NCCL INFO Channel 03 : 87[c7000] -> 84[7000] via P2P/IPC/read
x3002c0s7b1n0:47769:47795 [0] NCCL INFO Channel 03 : 52[7000] -> 55[c7000] via P2P/IPC/read
x3004c0s1b0n0:24372:24395 [3] NCCL INFO Channel 06/0 : 127[c7000] -> 3[c7000] [send] via NET/AWS Libfabric/1
x3004c0s19b1n0:43383:43406 [2] NCCL INFO Channel 05/0 : 118[85000] -> 122[85000] [receive] via NET/AWS Libfabric/3
x3002c0s31b0n0:65351:65377 [0] NCCL INFO Channel 04/0 : 32[7000] -> 36[7000] [send] via NET/AWS Libfabric/3
x3004c0s19b0n0:3716:3740 [1] NCCL INFO Parsed MSCCL Algorithm /home/yuke/ncclPG/CCL-LYD/msccl_tools_lyd/examples/xml/xml_lyd/ring/allreduce_ring_node32_gpu128_mcl4_mck1_gan0.xml successfully.
x3002c0s1b1n0:15362:15386 [2] NCCL INFO Connected 1 MSCCL algorithms
x3002c0s1b1n0:15362:15386 [2] NCCL INFO threadThresholds 8/8/64 | 1024/8/64 | 8/8/64 | 8/8/512
x3002c0s1b1n0:15362:15386 [2] NCCL INFO 8 coll channels, 4 p2p channels, 2 p2p channels per peer
x3002c0s25b1n0:48200:48221 [3] NCCL INFO Channel 01 : 31[c7000] -> 28[7000] via P2P/IPC/read
x3002c0s25b1n0:48199:48223 [2] NCCL INFO Connected 1 MSCCL algorithms
x3002c0s25b1n0:48199:48223 [2] NCCL INFO threadThresholds 8/8/64 | 1024/8/64 | 8/8/64 | 8/8/512
x3002c0s25b1n0:48199:48223 [2] NCCL INFO 8 coll channels, 4 p2p channels, 2 p2p channels per peer
x3004c0s19b0n0:3717:3739 [2] NCCL INFO Parsed MSCCL Algorithm /home/yuke/ncclPG/CCL-LYD/msccl_tools_lyd/examples/xml/xml_lyd/ring/allreduce_ring_node32_gpu128_mcl4_mck1_gan0.xml successfully.
x3004c0s19b0n0:3718:3741 [3] NCCL INFO Channel 06/0 : 115[c7000] -> 119[c7000] [receive] via NET/AWS Libfabric/1
x3004c0s19b1n0:43382:43407 [1] NCCL INFO Channel 07/0 : 121[46000] -> 125[46000] [send] via NET/AWS Libfabric/3
x3004c0s1b0n0:24369:24393 [0] NCCL INFO Channel 04/0 : 124[7000] -> 0[7000] [send] via NET/AWS Libfabric/3
x3002c0s13b1n0:17120:17142 [3] NCCL INFO Channel 06/0 : 3[c7000] -> 7[c7000] [receive] via NET/AWS Libfabric/1
x3002c0s7b1n0:47770:47792 [1] NCCL INFO Parsed MSCCL Algorithm /home/yuke/ncclPG/CCL-LYD/msccl_tools_lyd/examples/xml/xml_lyd/ring/allreduce_ring_node32_gpu128_mcl4_mck1_gan0.xml successfully.
x3002c0s7b1n0:47772:47794 [3] NCCL INFO Parsed MSCCL Algorithm /home/yuke/ncclPG/CCL-LYD/msccl_tools_lyd/examples/xml/xml_lyd/ring/allreduce_ring_node32_gpu128_mcl4_mck1_gan0.xml successfully.
x3002c0s13b0n0:5586:5611 [0] NCCL INFO Channel 04/0 : 124[7000] -> 0[7000] [receive] via NET/AWS Libfabric/3
x3002c0s19b0n0:24199:24223 [2] NCCL INFO Channel 05/0 : 10[85000] -> 14[85000] [send] via NET/AWS Libfabric/3
x3003c0s37b0n0:3794:3819 [0] NCCL INFO Connected 1 MSCCL algorithms
x3003c0s37b0n0:3794:3819 [0] NCCL INFO threadThresholds 8/8/64 | 1024/8/64 | 8/8/64 | 8/8/512
x3003c0s37b0n0:3794:3819 [0] NCCL INFO 8 coll channels, 4 p2p channels, 2 p2p channels per peer
x3003c0s37b0n0:3797:3821 [3] NCCL INFO Connected 1 MSCCL algorithms
x3003c0s37b0n0:3797:3821 [3] NCCL INFO threadThresholds 8/8/64 | 1024/8/64 | 8/8/64 | 8/8/512
x3003c0s37b0n0:3797:3821 [3] NCCL INFO 8 coll channels, 4 p2p channels, 2 p2p channels per peer
x3003c0s1b1n0:22345:22372 [0] NCCL INFO Connected 1 MSCCL algorithms
x3003c0s1b1n0:22345:22372 [0] NCCL INFO threadThresholds 8/8/64 | 1024/8/64 | 8/8/64 | 8/8/512
x3003c0s1b1n0:22345:22372 [0] NCCL INFO 8 coll channels, 4 p2p channels, 2 p2p channels per peer
x3003c0s1b1n0:22348:22369 [3] NCCL INFO Connected 1 MSCCL algorithms
x3003c0s1b1n0:22348:22369 [3] NCCL INFO threadThresholds 8/8/64 | 1024/8/64 | 8/8/64 | 8/8/512
x3003c0s1b1n0:22348:22369 [3] NCCL INFO 8 coll channels, 4 p2p channels, 2 p2p channels per peer
x3003c0s25b1n0:51992:52014 [3] NCCL INFO Connected 1 MSCCL algorithms
x3003c0s25b1n0:51992:52014 [3] NCCL INFO threadThresholds 8/8/64 | 1024/8/64 | 8/8/64 | 8/8/512
x3002c0s19b0n0:24198:24221 [1] NCCL INFO Channel 07/0 : 9[46000] -> 13[46000] [send] via NET/AWS Libfabric/3
x3002c0s7b1n0:47771:47793 [2] NCCL INFO Parsed MSCCL Algorithm /home/yuke/ncclPG/CCL-LYD/msccl_tools_lyd/examples/xml/xml_lyd/ring/allreduce_ring_node32_gpu128_mcl4_mck1_gan0.xml successfully.
x3003c0s25b1n0:51992:52014 [3] NCCL INFO 8 coll channels, 4 p2p channels, 2 p2p channels per peer
x3003c0s25b1n0:51989:52016 [0] NCCL INFO Connected 1 MSCCL algorithms
x3003c0s25b1n0:51989:52016 [0] NCCL INFO threadThresholds 8/8/64 | 1024/8/64 | 8/8/64 | 8/8/512
x3003c0s25b1n0:51989:52016 [0] NCCL INFO 8 coll channels, 4 p2p channels, 2 p2p channels per peer
x3004c0s19b1n0:43383:43406 [2] NCCL INFO Channel 05/0 : 122[85000] -> 126[85000] [send] via NET/AWS Libfabric/3
x3002c0s25b0n0:36617:36640 [2] NCCL INFO Connected 1 MSCCL algorithms
x3002c0s25b0n0:36617:36640 [2] NCCL INFO threadThresholds 8/8/64 | 1024/8/64 | 8/8/64 | 8/8/512
x3002c0s25b0n0:36617:36640 [2] NCCL INFO 8 coll channels, 4 p2p channels, 2 p2p channels per peer
x3002c0s37b0n0:64494:64518 [1] NCCL INFO Channel 07/0 : 37[46000] -> 41[46000] [receive] via NET/AWS Libfabric/3
x3004c0s13b1n0:20913:20939 [0] NCCL INFO Channel 04/0 : 112[7000] -> 116[7000] [send] via NET/AWS Libfabric/3
x3002c0s1b1n0:15363:15387 [3] NCCL INFO Channel 01 : 23[c7000] -> 20[7000] via P2P/IPC/read
x3002c0s37b0n0:64495:64517 [2] NCCL INFO Channel 05/0 : 38[85000] -> 42[85000] [receive] via NET/AWS Libfabric/3
x3002c0s25b0n0:36618:36639 [3] NCCL INFO Channel 03 : 27[c7000] -> 24[7000] via P2P/IPC/read
x3003c0s31b0n0:34165:34187 [3] NCCL INFO Connected 1 MSCCL algorithms
x3002c0s31b1n0:32172:32199 [0] NCCL INFO Channel 04/0 : 32[7000] -> 36[7000] [receive] via NET/AWS Libfabric/3
x3004c0s19b0n0:3715:3742 [0] NCCL INFO Channel 04/0 : 112[7000] -> 116[7000] [receive] via NET/AWS Libfabric/3
x3003c0s31b0n0:34165:34187 [3] NCCL INFO threadThresholds 8/8/64 | 1024/8/64 | 8/8/64 | 8/8/512
x3003c0s31b0n0:34165:34187 [3] NCCL INFO 8 coll channels, 4 p2p channels, 2 p2p channels per peer
x3003c0s31b0n0:34162:34189 [0] NCCL INFO Connected 1 MSCCL algorithms
x3003c0s31b0n0:34162:34189 [0] NCCL INFO threadThresholds 8/8/64 | 1024/8/64 | 8/8/64 | 8/8/512
x3003c0s31b0n0:34162:34189 [0] NCCL INFO 8 coll channels, 4 p2p channels, 2 p2p channels per peer
x3004c0s13b0n0:62590:62611 [3] NCCL INFO Channel 01 : 111[c7000] -> 108[7000] via P2P/IPC/read
x3003c0s31b1n0:1283:1304 [3] NCCL INFO comm 0x14ee2c45a010 rank 91 nranks 128 cudaDev 3 busId c7000 - Init COMPLETE
x3003c0s31b1n0:1280:1306 [0] NCCL INFO comm 0x14c8d645a010 rank 88 nranks 128 cudaDev 0 busId 7000 - Init COMPLETE
x3003c0s31b1n0:1282:1307 [2] NCCL INFO comm 0x14f8ec8a5010 rank 90 nranks 128 cudaDev 2 busId 85000 - Init COMPLETE
x3003c0s31b1n0:1281:1305 [1] NCCL INFO comm 0x14e7c0259010 rank 89 nranks 128 cudaDev 1 busId 46000 - Init COMPLETE
x3002c0s13b0n0:5586:5611 [0] NCCL INFO Channel 04/0 : 0[7000] -> 4[7000] [send] via NET/AWS Libfabric/3
x3002c0s13b0n0:5587:5613 [1] NCCL INFO Connected 1 MSCCL algorithms
x3002c0s13b0n0:5587:5613 [1] NCCL INFO threadThresholds 8/8/64 | 1024/8/64 | 8/8/64 | 8/8/512
x3002c0s13b0n0:5587:5613 [1] NCCL INFO 8 coll channels, 4 p2p channels, 2 p2p channels per peer
x3002c0s13b1n0:17117:17144 [0] NCCL INFO Channel 04/0 : 0[7000] -> 4[7000] [receive] via NET/AWS Libfabric/3
x3002c0s1b0n0:53444:53467 [2] NCCL INFO Connected 1 MSCCL algorithms
x3002c0s1b0n0:53444:53467 [2] NCCL INFO threadThresholds 8/8/64 | 1024/8/64 | 8/8/64 | 8/8/512
x3002c0s1b0n0:53444:53467 [2] NCCL INFO 8 coll channels, 4 p2p channels, 2 p2p channels per peer
x3003c0s13b1n0:61023:61049 [0] NCCL INFO Channel 04/0 : 56[7000] -> 60[7000] [receive] via NET/AWS Libfabric/3
x3003c0s13b1n0:61023:61049 [0] NCCL INFO Channel 04/0 : 60[7000] -> 64[7000] [send] via NET/AWS Libfabric/3
x3003c0s7b0n0:14788:14810 [3] NCCL INFO Channel 01 : 103[c7000] -> 100[7000] via P2P/IPC/read
x3003c0s37b1n0:47228:47250 [3] NCCL INFO Channel 01 : 99[c7000] -> 96[7000] via P2P/IPC/read
x3002c0s1b0n0:53445:53468 [3] NCCL INFO Channel 01 : 19[c7000] -> 16[7000] via P2P/IPC/read
x3003c0s7b0n0:14788:14810 [3] NCCL INFO Channel 03 : 103[c7000] -> 100[7000] via P2P/IPC/read
x3003c0s7b0n0:14785:14812 [0] NCCL INFO Connected 1 MSCCL algorithms
x3003c0s7b0n0:14785:14812 [0] NCCL INFO threadThresholds 8/8/64 | 1024/8/64 | 8/8/64 | 8/8/512
x3003c0s7b0n0:14785:14812 [0] NCCL INFO 8 coll channels, 4 p2p channels, 2 p2p channels per peer
x3003c0s7b0n0:14788:14810 [3] NCCL INFO Connected 1 MSCCL algorithms
x3003c0s7b0n0:14788:14810 [3] NCCL INFO threadThresholds 8/8/64 | 1024/8/64 | 8/8/64 | 8/8/512
x3003c0s7b0n0:14788:14810 [3] NCCL INFO 8 coll channels, 4 p2p channels, 2 p2p channels per peer
x3002c0s19b1n0:18116:18138 [2] NCCL INFO Connected 1 MSCCL algorithms
x3002c0s19b1n0:18116:18138 [2] NCCL INFO threadThresholds 8/8/64 | 1024/8/64 | 8/8/64 | 8/8/512
x3002c0s19b1n0:18116:18138 [2] NCCL INFO 8 coll channels, 4 p2p channels, 2 p2p channels per peer
x3002c0s7b1n0:47771:47793 [2] NCCL INFO Channel 05/0 : 50[85000] -> 54[85000] [receive] via NET/AWS Libfabric/3
x3002c0s7b1n0:47771:47793 [2] NCCL INFO Channel 05/0 : 54[85000] -> 58[85000] [send] via NET/AWS Libfabric/3
x3002c0s19b0n0:24199:24223 [2] NCCL INFO Connected 1 MSCCL algorithms
x3002c0s19b0n0:24199:24223 [2] NCCL INFO threadThresholds 8/8/64 | 1024/8/64 | 8/8/64 | 8/8/512
x3002c0s19b0n0:24199:24223 [2] NCCL INFO 8 coll channels, 4 p2p channels, 2 p2p channels per peer
x3002c0s31b1n0:32175:32196 [3] NCCL INFO Channel 06/0 : 35[c7000] -> 39[c7000] [receive] via NET/AWS Libfabric/1
x3004c0s19b0n0:3715:3742 [0] NCCL INFO Channel 04/0 : 116[7000] -> 120[7000] [send] via NET/AWS Libfabric/3
x3002c0s13b1n0:17120:17142 [3] NCCL INFO Channel 06/0 : 7[c7000] -> 11[c7000] [send] via NET/AWS Libfabric/1
x3002c0s1b0n0:53445:53468 [3] NCCL INFO Channel 03 : 19[c7000] -> 16[7000] via P2P/IPC/read
x3002c0s13b1n0:17119:17141 [2] NCCL INFO Connected 1 MSCCL algorithms
x3002c0s13b1n0:17119:17141 [2] NCCL INFO threadThresholds 8/8/64 | 1024/8/64 | 8/8/64 | 8/8/512
x3002c0s13b1n0:17119:17141 [2] NCCL INFO 8 coll channels, 4 p2p channels, 2 p2p channels per peer
x3004c0s13b0n0:62590:62611 [3] NCCL INFO Channel 03 : 111[c7000] -> 108[7000] via P2P/IPC/read
x3002c0s1b0n0:53443:53466 [1] NCCL INFO Connected 1 MSCCL algorithms
x3002c0s1b0n0:53443:53466 [1] NCCL INFO threadThresholds 8/8/64 | 1024/8/64 | 8/8/64 | 8/8/512
x3002c0s1b0n0:53443:53466 [1] NCCL INFO 8 coll channels, 4 p2p channels, 2 p2p channels per peer
x3002c0s25b1n0:48200:48221 [3] NCCL INFO Channel 03 : 31[c7000] -> 28[7000] via P2P/IPC/read
x3002c0s31b1n0:32172:32199 [0] NCCL INFO Channel 04/0 : 36[7000] -> 40[7000] [send] via NET/AWS Libfabric/3
x3002c0s13b0n0:5588:5614 [2] NCCL INFO Connected 1 MSCCL algorithms
x3002c0s13b0n0:5588:5614 [2] NCCL INFO threadThresholds 8/8/64 | 1024/8/64 | 8/8/64 | 8/8/512
x3002c0s13b0n0:5588:5614 [2] NCCL INFO 8 coll channels, 4 p2p channels, 2 p2p channels per peer
x3004c0s19b0n0:3718:3741 [3] NCCL INFO Channel 06/0 : 119[c7000] -> 123[c7000] [send] via NET/AWS Libfabric/1
x3003c0s7b1n0:51801:51822 [3] NCCL INFO Channel 01 : 107[c7000] -> 104[7000] via P2P/IPC/read
x3003c0s7b1n0:51801:51822 [3] NCCL INFO Channel 03 : 107[c7000] -> 104[7000] via P2P/IPC/read
x3002c0s37b0n0:64495:64517 [2] NCCL INFO Channel 05/0 : 42[85000] -> 46[85000] [send] via NET/AWS Libfabric/3
x3002c0s37b0n0:64494:64518 [1] NCCL INFO Channel 07/0 : 41[46000] -> 45[46000] [send] via NET/AWS Libfabric/3
x3002c0s7b1n0:47770:47792 [1] NCCL INFO Channel 07/0 : 49[46000] -> 53[46000] [receive] via NET/AWS Libfabric/3
x3002c0s19b0n0:24197:24224 [0] NCCL INFO Channel 04/0 : 4[7000] -> 8[7000] [receive] via NET/AWS Libfabric/3
x3003c0s13b0n0:5483:5507 [2] NCCL INFO Parsed MSCCL Algorithm /home/yuke/ncclPG/CCL-LYD/msccl_tools_lyd/examples/xml/xml_lyd/ring/allreduce_ring_node32_gpu128_mcl4_mck1_gan0.xml successfully.
x3004c0s19b0n0:3716:3740 [1] NCCL INFO Channel 07/0 : 113[46000] -> 117[46000] [receive] via NET/AWS Libfabric/3
x3004c0s19b0n0:3717:3739 [2] NCCL INFO Channel 05/0 : 114[85000] -> 118[85000] [receive] via NET/AWS Libfabric/3
x3004c0s19b0n0:3717:3739 [2] NCCL INFO Channel 05/0 : 118[85000] -> 122[85000] [send] via NET/AWS Libfabric/3
x3002c0s13b1n0:17118:17143 [1] NCCL INFO Connected 1 MSCCL algorithms
x3002c0s13b1n0:17118:17143 [1] NCCL INFO threadThresholds 8/8/64 | 1024/8/64 | 8/8/64 | 8/8/512
x3002c0s13b1n0:17118:17143 [1] NCCL INFO 8 coll channels, 4 p2p channels, 2 p2p channels per peer
x3002c0s19b1n0:18115:18139 [1] NCCL INFO Connected 1 MSCCL algorithms
x3002c0s19b1n0:18115:18139 [1] NCCL INFO threadThresholds 8/8/64 | 1024/8/64 | 8/8/64 | 8/8/512
x3002c0s19b1n0:18115:18139 [1] NCCL INFO 8 coll channels, 4 p2p channels, 2 p2p channels per peer
x3002c0s19b0n0:24198:24221 [1] NCCL INFO Connected 1 MSCCL algorithms
x3002c0s13b1n0:17117:17144 [0] NCCL INFO Channel 04/0 : 4[7000] -> 8[7000] [send] via NET/AWS Libfabric/3
x3002c0s1b1n0:15363:15387 [3] NCCL INFO Channel 03 : 23[c7000] -> 20[7000] via P2P/IPC/read
x3002c0s19b0n0:24198:24221 [1] NCCL INFO threadThresholds 8/8/64 | 1024/8/64 | 8/8/64 | 8/8/512
x3002c0s19b0n0:24198:24221 [1] NCCL INFO 8 coll channels, 4 p2p channels, 2 p2p channels per peer
x3004c0s19b1n0:43384:43405 [3] NCCL INFO Channel 06/0 : 119[c7000] -> 123[c7000] [receive] via NET/AWS Libfabric/1
x3002c0s19b1n0:18117:18140 [3] NCCL INFO Channel 01 : 15[c7000] -> 12[7000] via P2P/IPC/read
x3002c0s31b1n0:32173:32198 [1] NCCL INFO Connected 1 MSCCL algorithms
x3002c0s31b1n0:32173:32198 [1] NCCL INFO threadThresholds 8/8/64 | 1024/8/64 | 8/8/64 | 8/8/512
x3002c0s31b1n0:32173:32198 [1] NCCL INFO 8 coll channels, 4 p2p channels, 2 p2p channels per peer
x3003c0s25b0n0:11876:11901 [2] NCCL INFO comm 0x14fc0001f010 rank 78 nranks 128 cudaDev 2 busId 85000 - Init COMPLETE
x3003c0s25b0n0:11874:11900 [0] NCCL INFO comm 0x14b08c45a010 rank 76 nranks 128 cudaDev 0 busId 7000 - Init COMPLETE
x3003c0s25b0n0:11875:11898 [1] NCCL INFO comm 0x151e8c45a010 rank 77 nranks 128 cudaDev 1 busId 46000 - Init COMPLETE
x3003c0s25b0n0:11877:11899 [3] NCCL INFO comm 0x14fbca45a010 rank 79 nranks 128 cudaDev 3 busId c7000 - Init COMPLETE
x3002c0s7b0n0:36656:36683 [0] NCCL INFO Channel 04/0 : 44[7000] -> 48[7000] [receive] via NET/AWS Libfabric/3
x3003c0s25b1n0:51992:52014 [3] NCCL INFO comm 0x150340abe010 rank 83 nranks 128 cudaDev 3 busId c7000 - Init COMPLETE
x3003c0s13b0n0:5482:5505 [1] NCCL INFO Parsed MSCCL Algorithm /home/yuke/ncclPG/CCL-LYD/msccl_tools_lyd/examples/xml/xml_lyd/ring/allreduce_ring_node32_gpu128_mcl4_mck1_gan0.xml successfully.
x3002c0s19b1n0:18117:18140 [3] NCCL INFO Channel 03 : 15[c7000] -> 12[7000] via P2P/IPC/read
x3003c0s25b1n0:51991:52015 [2] NCCL INFO comm 0x150c4c45a010 rank 82 nranks 128 cudaDev 2 busId 85000 - Init COMPLETE
x3003c0s25b1n0:51989:52016 [0] NCCL INFO comm 0x1468a0259010 rank 80 nranks 128 cudaDev 0 busId 7000 - Init COMPLETE
x3003c0s25b1n0:51990:52017 [1] NCCL INFO comm 0x151c3601f010 rank 81 nranks 128 cudaDev 1 busId 46000 - Init COMPLETE
x3002c0s19b0n0:24197:24224 [0] NCCL INFO Channel 04/0 : 8[7000] -> 12[7000] [send] via NET/AWS Libfabric/3
x3004c0s19b1n0:43381:43408 [0] NCCL INFO Channel 04/0 : 116[7000] -> 120[7000] [receive] via NET/AWS Libfabric/3
x3002c0s25b0n0:36615:36642 [0] NCCL INFO Connected 1 MSCCL algorithms
x3002c0s25b0n0:36615:36642 [0] NCCL INFO threadThresholds 8/8/64 | 1024/8/64 | 8/8/64 | 8/8/512
x3002c0s25b0n0:36615:36642 [0] NCCL INFO 8 coll channels, 4 p2p channels, 2 p2p channels per peer
x3002c0s37b0n0:64495:64517 [2] NCCL INFO Connected 1 MSCCL algorithms
x3002c0s25b0n0:36618:36639 [3] NCCL INFO Connected 1 MSCCL algorithms
x3002c0s25b0n0:36618:36639 [3] NCCL INFO threadThresholds 8/8/64 | 1024/8/64 | 8/8/64 | 8/8/512
x3002c0s25b0n0:36618:36639 [3] NCCL INFO 8 coll channels, 4 p2p channels, 2 p2p channels per peer
x3002c0s37b0n0:64495:64517 [2] NCCL INFO threadThresholds 8/8/64 | 1024/8/64 | 8/8/64 | 8/8/512
x3002c0s37b0n0:64495:64517 [2] NCCL INFO 8 coll channels, 4 p2p channels, 2 p2p channels per peer
x3002c0s7b1n0:47770:47792 [1] NCCL INFO Channel 07/0 : 53[46000] -> 57[46000] [send] via NET/AWS Libfabric/3
x3003c0s37b1n0:47228:47250 [3] NCCL INFO Channel 03 : 99[c7000] -> 96[7000] via P2P/IPC/read
x3002c0s31b1n0:32175:32196 [3] NCCL INFO Channel 06/0 : 39[c7000] -> 43[c7000] [send] via NET/AWS Libfabric/1
x3002c0s7b0n0:36659:36682 [3] NCCL INFO Channel 06/0 : 47[c7000] -> 51[c7000] [receive] via NET/AWS Libfabric/1
x3002c0s13b1n0:17120:17142 [3] NCCL INFO Channel 01 : 7[c7000] -> 4[7000] via P2P/IPC/read
x3002c0s7b0n0:36658:36681 [2] NCCL INFO Connected 1 MSCCL algorithms
x3002c0s7b0n0:36658:36681 [2] NCCL INFO threadThresholds 8/8/64 | 1024/8/64 | 8/8/64 | 8/8/512
x3002c0s7b0n0:36658:36681 [2] NCCL INFO 8 coll channels, 4 p2p channels, 2 p2p channels per peer
x3002c0s37b0n0:64494:64518 [1] NCCL INFO Connected 1 MSCCL algorithms
x3002c0s37b0n0:64494:64518 [1] NCCL INFO threadThresholds 8/8/64 | 1024/8/64 | 8/8/64 | 8/8/512
x3002c0s37b0n0:64494:64518 [1] NCCL INFO 8 coll channels, 4 p2p channels, 2 p2p channels per peer
x3003c0s13b0n0:5484:5506 [3] NCCL INFO Channel 06/0 : 55[c7000] -> 59[c7000] [receive] via NET/AWS Libfabric/1
x3003c0s13b1n0:61026:61047 [3] NCCL INFO Channel 06/0 : 59[c7000] -> 63[c7000] [receive] via NET/AWS Libfabric/1
x3002c0s25b1n0:48197:48222 [0] NCCL INFO Connected 1 MSCCL algorithms
x3002c0s25b1n0:48197:48222 [0] NCCL INFO threadThresholds 8/8/64 | 1024/8/64 | 8/8/64 | 8/8/512
x3002c0s25b1n0:48197:48222 [0] NCCL INFO 8 coll channels, 4 p2p channels, 2 p2p channels per peer
x3002c0s25b1n0:48200:48221 [3] NCCL INFO Connected 1 MSCCL algorithms
x3002c0s25b1n0:48200:48221 [3] NCCL INFO threadThresholds 8/8/64 | 1024/8/64 | 8/8/64 | 8/8/512
x3002c0s25b1n0:48200:48221 [3] NCCL INFO 8 coll channels, 4 p2p channels, 2 p2p channels per peer
x3004c0s1b0n0:24371:24396 [2] NCCL INFO Connected 1 MSCCL algorithms
x3004c0s1b0n0:24371:24396 [2] NCCL INFO threadThresholds 8/8/64 | 1024/8/64 | 8/8/64 | 8/8/512
x3004c0s1b0n0:24371:24396 [2] NCCL INFO 8 coll channels, 4 p2p channels, 2 p2p channels per peer
x3004c0s19b1n0:43384:43405 [3] NCCL INFO Channel 06/0 : 123[c7000] -> 127[c7000] [send] via NET/AWS Libfabric/1
x3002c0s37b1n0:58988:59011 [1] NCCL INFO Connected 1 MSCCL algorithms
x3002c0s37b1n0:58988:59011 [1] NCCL INFO threadThresholds 8/8/64 | 1024/8/64 | 8/8/64 | 8/8/512
x3002c0s37b1n0:58988:59011 [1] NCCL INFO 8 coll channels, 4 p2p channels, 2 p2p channels per peer
x3002c0s7b0n0:36659:36682 [3] NCCL INFO Channel 06/0 : 51[c7000] -> 55[c7000] [send] via NET/AWS Libfabric/1
x3002c0s7b0n0:36656:36683 [0] NCCL INFO Channel 04/0 : 48[7000] -> 52[7000] [send] via NET/AWS Libfabric/3
x3004c0s19b0n0:3717:3739 [2] NCCL INFO Connected 1 MSCCL algorithms
x3003c0s1b1n0:22345:22372 [0] NCCL INFO comm 0x145c9cd76010 rank 72 nranks 128 cudaDev 0 busId 7000 - Init COMPLETE
x3004c0s19b0n0:3717:3739 [2] NCCL INFO threadThresholds 8/8/64 | 1024/8/64 | 8/8/64 | 8/8/512
x3004c0s19b0n0:3717:3739 [2] NCCL INFO 8 coll channels, 4 p2p channels, 2 p2p channels per peer
x3003c0s31b0n0:34165:34187 [3] NCCL INFO comm 0x152fec45a010 rank 87 nranks 128 cudaDev 3 busId c7000 - Init COMPLETE
x3003c0s31b0n0:34162:34189 [0] NCCL INFO comm 0x1471508a5010 rank 84 nranks 128 cudaDev 0 busId 7000 - Init COMPLETE
x3003c0s31b0n0:34163:34188 [1] NCCL INFO comm 0x155130c89010 rank 85 nranks 128 cudaDev 1 busId 46000 - Init COMPLETE
x3003c0s31b0n0:34164:34186 [2] NCCL INFO comm 0x15409c45a010 rank 86 nranks 128 cudaDev 2 busId 85000 - Init COMPLETE
x3004c0s19b0n0:3716:3740 [1] NCCL INFO Channel 07/0 : 117[46000] -> 121[46000] [send] via NET/AWS Libfabric/3
x3004c0s19b1n0:43383:43406 [2] NCCL INFO Connected 1 MSCCL algorithms
x3003c0s13b0n0:5481:5508 [0] NCCL INFO Channel 04/0 : 52[7000] -> 56[7000] [receive] via NET/AWS Libfabric/3
x3003c0s7b1n0:51801:51822 [3] NCCL INFO Connected 1 MSCCL algorithms
x3003c0s7b1n0:51798:51825 [0] NCCL INFO Connected 1 MSCCL algorithms
x3003c0s7b1n0:51798:51825 [0] NCCL INFO threadThresholds 8/8/64 | 1024/8/64 | 8/8/64 | 8/8/512
x3003c0s7b1n0:51798:51825 [0] NCCL INFO 8 coll channels, 4 p2p channels, 2 p2p channels per peer
x3003c0s7b1n0:51801:51822 [3] NCCL INFO threadThresholds 8/8/64 | 1024/8/64 | 8/8/64 | 8/8/512
x3003c0s7b1n0:51801:51822 [3] NCCL INFO 8 coll channels, 4 p2p channels, 2 p2p channels per peer
x3002c0s31b1n0:32174:32197 [2] NCCL INFO Connected 1 MSCCL algorithms
x3004c0s19b1n0:43383:43406 [2] NCCL INFO threadThresholds 8/8/64 | 1024/8/64 | 8/8/64 | 8/8/512
x3004c0s19b1n0:43383:43406 [2] NCCL INFO 8 coll channels, 4 p2p channels, 2 p2p channels per peer
x3002c0s31b1n0:32174:32197 [2] NCCL INFO threadThresholds 8/8/64 | 1024/8/64 | 8/8/64 | 8/8/512
x3002c0s31b1n0:32174:32197 [2] NCCL INFO 8 coll channels, 4 p2p channels, 2 p2p channels per peer
x3003c0s13b0n0:5484:5506 [3] NCCL INFO Channel 06/0 : 59[c7000] -> 63[c7000] [send] via NET/AWS Libfabric/1
x3003c0s1b1n0:22348:22369 [3] NCCL INFO comm 0x14b80037f010 rank 75 nranks 128 cudaDev 3 busId c7000 - Init COMPLETE
x3004c0s13b1n0:20915:20938 [2] NCCL INFO Connected 1 MSCCL algorithms
x3004c0s13b1n0:20915:20938 [2] NCCL INFO threadThresholds 8/8/64 | 1024/8/64 | 8/8/64 | 8/8/512
x3004c0s13b1n0:20915:20938 [2] NCCL INFO 8 coll channels, 4 p2p channels, 2 p2p channels per peer
x3003c0s1b1n0:22346:22370 [1] NCCL INFO comm 0x14f31c45a010 rank 73 nranks 128 cudaDev 1 busId 46000 - Init COMPLETE
x3003c0s1b1n0:22347:22371 [2] NCCL INFO comm 0x15104c45a010 rank 74 nranks 128 cudaDev 2 busId 85000 - Init COMPLETE
x3002c0s19b0n0:24200:24222 [3] NCCL INFO Channel 01 : 11[c7000] -> 8[7000] via P2P/IPC/read
x3003c0s7b0n0:14788:14810 [3] NCCL INFO comm 0x14a60045a010 rank 103 nranks 128 cudaDev 3 busId c7000 - Init COMPLETE
x3003c0s37b0n0:3796:3818 [2] NCCL INFO comm 0x145f6a45a010 rank 94 nranks 128 cudaDev 2 busId 85000 - Init COMPLETE
