x3109c0s31b0n0:48564:48590 [1] NCCL INFO Channel 02 : 5[46000] -> 6[85000] via P2P/IPC/read
x3109c0s31b0n0:48564:48590 [1] NCCL INFO Channel 03 : 5[46000] -> 6[85000] via P2P/IPC/read
x3109c0s31b1n0:54298:54332 [0] NCCL INFO Connected all rings
x3109c0s31b1n0:54298:54332 [0] NCCL INFO Channel 00 : 8[7000] -> 9[46000] via P2P/IPC/read
x3109c0s31b1n0:54298:54332 [0] NCCL INFO Channel 01 : 8[7000] -> 9[46000] via P2P/IPC/read
x3109c0s31b1n0:54298:54332 [0] NCCL INFO Channel 02 : 8[7000] -> 9[46000] via P2P/IPC/read
x3109c0s31b1n0:54298:54332 [0] NCCL INFO Channel 03 : 8[7000] -> 9[46000] via P2P/IPC/read
x3109c0s31b1n0:54299:54330 [1] NCCL INFO Connected all rings
x3109c0s31b1n0:54299:54330 [1] NCCL INFO Channel 00 : 9[46000] -> 10[85000] via P2P/IPC/read
x3109c0s31b1n0:54299:54330 [1] NCCL INFO Channel 01 : 9[46000] -> 10[85000] via P2P/IPC/read
x3109c0s31b1n0:54299:54330 [1] NCCL INFO Channel 02 : 9[46000] -> 10[85000] via P2P/IPC/read
x3004c0s1b1n0:22169:22195 [0] NCCL INFO Connected all rings
x3004c0s1b1n0:22169:22195 [0] NCCL INFO Channel 00 : 16[7000] -> 17[46000] via P2P/IPC/read
x3004c0s1b1n0:22170:22193 [1] NCCL INFO Connected all rings
x3004c0s25b1n0:26943:26970 [0] NCCL INFO Connected all rings
x3004c0s25b1n0:26943:26970 [0] NCCL INFO Channel 00 : 24[7000] -> 25[46000] via P2P/IPC/read
x3004c0s25b1n0:26944:26968 [1] NCCL INFO Connected all rings
x3109c0s37b0n0:61346:61373 [0] NCCL INFO Channel 02 : 12[7000] -> 13[46000] via P2P/IPC/read
x3109c0s37b0n0:61346:61373 [0] NCCL INFO Channel 03 : 12[7000] -> 13[46000] via P2P/IPC/read
x3004c0s31b0n0:45337:45360 [3] NCCL INFO Channel 03 : 31[c7000] -> 30[85000] via P2P/IPC/read
x3109c0s37b0n0:61347:61370 [1] NCCL INFO Channel 00 : 13[46000] -> 14[85000] via P2P/IPC/read
x3109c0s37b0n0:61347:61370 [1] NCCL INFO Channel 01 : 13[46000] -> 14[85000] via P2P/IPC/read
x3109c0s37b0n0:61347:61370 [1] NCCL INFO Channel 02 : 13[46000] -> 14[85000] via P2P/IPC/read
x3109c0s37b0n0:61347:61370 [1] NCCL INFO Channel 03 : 13[46000] -> 14[85000] via P2P/IPC/read
x3109c0s31b1n0:54299:54330 [1] NCCL INFO Channel 03 : 9[46000] -> 10[85000] via P2P/IPC/read
x3004c0s1b1n0:22172:22196 [3] NCCL INFO Channel 02 : 19[c7000] -> 18[85000] via P2P/IPC/read
x3109c0s25b1n0:19650:19675 [0] NCCL INFO Channel 01 : 0[7000] -> 1[46000] via P2P/IPC/read
x3004c0s31b0n0:45335:45359 [1] NCCL INFO Channel 00 : 29[46000] -> 30[85000] via P2P/IPC/read
x3109c0s31b1n0:54300:54329 [2] NCCL INFO Channel 00 : 10[85000] -> 11[c7000] via P2P/IPC/read
x3109c0s31b1n0:54300:54329 [2] NCCL INFO Channel 01 : 10[85000] -> 11[c7000] via P2P/IPC/read
x3109c0s37b0n0:61348:61372 [2] NCCL INFO Channel 00 : 14[85000] -> 15[c7000] via P2P/IPC/read
x3109c0s31b1n0:54300:54329 [2] NCCL INFO Channel 02 : 10[85000] -> 11[c7000] via P2P/IPC/read
x3109c0s31b1n0:54300:54329 [2] NCCL INFO Channel 03 : 10[85000] -> 11[c7000] via P2P/IPC/read
x3109c0s37b0n0:61348:61372 [2] NCCL INFO Channel 01 : 14[85000] -> 15[c7000] via P2P/IPC/read
x3109c0s37b0n0:61348:61372 [2] NCCL INFO Channel 02 : 14[85000] -> 15[c7000] via P2P/IPC/read
x3109c0s37b0n0:61348:61372 [2] NCCL INFO Channel 03 : 14[85000] -> 15[c7000] via P2P/IPC/read
x3004c0s31b0n0:45337:45360 [3] NCCL INFO Connected all rings
x3004c0s31b0n0:45336:45358 [2] NCCL INFO Connected all rings
x3004c0s1b1n0:22170:22193 [1] NCCL INFO Channel 00 : 17[46000] -> 18[85000] via P2P/IPC/read
x3004c0s1b1n0:22170:22193 [1] NCCL INFO Channel 01 : 17[46000] -> 18[85000] via P2P/IPC/read
x3004c0s1b1n0:22170:22193 [1] NCCL INFO Channel 02 : 17[46000] -> 18[85000] via P2P/IPC/read
x3004c0s1b1n0:22170:22193 [1] NCCL INFO Channel 03 : 17[46000] -> 18[85000] via P2P/IPC/read
x3004c0s25b1n0:26943:26970 [0] NCCL INFO Channel 01 : 24[7000] -> 25[46000] via P2P/IPC/read
x3004c0s25b1n0:26944:26968 [1] NCCL INFO Channel 00 : 25[46000] -> 26[85000] via P2P/IPC/read
x3004c0s25b1n0:26944:26968 [1] NCCL INFO Channel 01 : 25[46000] -> 26[85000] via P2P/IPC/read
x3004c0s25b1n0:26944:26968 [1] NCCL INFO Channel 02 : 25[46000] -> 26[85000] via P2P/IPC/read
x3004c0s25b1n0:26944:26968 [1] NCCL INFO Channel 03 : 25[46000] -> 26[85000] via P2P/IPC/read
x3109c0s25b1n0:19650:19675 [0] NCCL INFO Channel 02 : 0[7000] -> 1[46000] via P2P/IPC/read
x3004c0s25b0n0:42286:42310 [2] NCCL INFO Channel 00 : 22[85000] -> 23[c7000] via P2P/IPC/read
x3004c0s25b0n0:42286:42310 [2] NCCL INFO Channel 01 : 22[85000] -> 23[c7000] via P2P/IPC/read
x3004c0s25b0n0:42286:42310 [2] NCCL INFO Channel 02 : 22[85000] -> 23[c7000] via P2P/IPC/read
x3004c0s25b0n0:42286:42310 [2] NCCL INFO Channel 03 : 22[85000] -> 23[c7000] via P2P/IPC/read
x3004c0s1b1n0:22169:22195 [0] NCCL INFO Channel 01 : 16[7000] -> 17[46000] via P2P/IPC/read
x3004c0s1b1n0:22172:22196 [3] NCCL INFO Channel 03 : 19[c7000] -> 18[85000] via P2P/IPC/read
x3109c0s37b0n0:61348:61372 [2] NCCL INFO Channel 03/0 : 14[85000] -> 23[c7000] [send] via NET/AWS Libfabric/1
x3109c0s25b1n0:19653:19677 [3] NCCL INFO Channel 03/0 : 3[c7000] -> 7[c7000] [send] via NET/AWS Libfabric/1
x3109c0s31b0n0:48563:48591 [0] NCCL INFO Channel 02/0 : 0[7000] -> 4[7000] [receive] via NET/AWS Libfabric/3
x3004c0s31b0n0:45336:45358 [2] NCCL INFO Channel 00 : 30[85000] -> 31[c7000] via P2P/IPC/read
x3004c0s31b0n0:45336:45358 [2] NCCL INFO Channel 01 : 30[85000] -> 31[c7000] via P2P/IPC/read
x3004c0s31b0n0:45336:45358 [2] NCCL INFO Channel 02 : 30[85000] -> 31[c7000] via P2P/IPC/read
x3004c0s31b0n0:45336:45358 [2] NCCL INFO Channel 03 : 30[85000] -> 31[c7000] via P2P/IPC/read
x3004c0s31b0n0:45335:45359 [1] NCCL INFO Channel 01 : 29[46000] -> 30[85000] via P2P/IPC/read
x3109c0s37b0n0:61347:61370 [1] NCCL INFO Channel 02/0 : 13[46000] -> 20[7000] [send] via NET/AWS Libfabric/3
x3004c0s25b0n0:42284:42311 [0] NCCL INFO Channel 02/0 : 16[7000] -> 20[7000] [receive] via NET/AWS Libfabric/3
x3004c0s25b0n0:42285:42308 [1] NCCL INFO Channel 02/0 : 21[46000] -> 24[7000] [send] via NET/AWS Libfabric/3
x3109c0s25b1n0:19650:19675 [0] NCCL INFO Channel 03 : 0[7000] -> 1[46000] via P2P/IPC/read
x3004c0s25b1n0:26943:26970 [0] NCCL INFO Channel 02 : 24[7000] -> 25[46000] via P2P/IPC/read
x3109c0s37b0n0:61346:61373 [0] NCCL INFO Channel 00/0 : 8[7000] -> 12[7000] [receive] via NET/AWS Libfabric/3
x3109c0s31b1n0:54301:54331 [3] NCCL INFO Channel 01/0 : 11[c7000] -> 15[c7000] [send] via NET/AWS Libfabric/1
x3004c0s31b0n0:45335:45359 [1] NCCL INFO Channel 02 : 29[46000] -> 30[85000] via P2P/IPC/read
x3004c0s31b0n0:45335:45359 [1] NCCL INFO Channel 03 : 29[46000] -> 30[85000] via P2P/IPC/read
x3004c0s1b1n0:22172:22196 [3] NCCL INFO Connected all rings
x3004c0s31b0n0:45336:45358 [2] NCCL INFO Channel 00 : 30[85000] -> 29[46000] via P2P/IPC/read
x3109c0s31b1n0:54298:54332 [0] NCCL INFO Channel 02/0 : 5[46000] -> 8[7000] [receive] via NET/AWS Libfabric/3
x3004c0s25b1n0:26943:26970 [0] NCCL INFO Channel 03 : 24[7000] -> 25[46000] via P2P/IPC/read
x3004c0s1b1n0:22171:22194 [2] NCCL INFO Connected all rings
x3004c0s1b1n0:22169:22195 [0] NCCL INFO Channel 02 : 16[7000] -> 17[46000] via P2P/IPC/read
x3004c0s25b0n0:42286:42310 [2] NCCL INFO Channel 03/0 : 22[85000] -> 27[c7000] [send] via NET/AWS Libfabric/1
x3109c0s31b0n0:48565:48588 [2] NCCL INFO Channel 00 : 6[85000] -> 7[c7000] via P2P/IPC/read
x3109c0s25b1n0:19651:19676 [1] NCCL INFO Channel 00 : 1[46000] -> 2[85000] via P2P/IPC/read
x3004c0s25b1n0:26946:26967 [3] NCCL INFO Channel 01/0 : 27[c7000] -> 31[c7000] [send] via NET/AWS Libfabric/1
x3109c0s37b0n0:61349:61371 [3] NCCL INFO Channel 01/0 : 11[c7000] -> 15[c7000] [receive] via NET/AWS Libfabric/1
x3004c0s31b0n0:45334:45361 [0] NCCL INFO Channel 00/0 : 24[7000] -> 28[7000] [receive] via NET/AWS Libfabric/3
x3004c0s25b1n0:26945:26969 [2] NCCL INFO Channel 01/0 : 23[c7000] -> 26[85000] [receive] via NET/AWS Libfabric/1
x3004c0s25b0n0:42287:42309 [3] NCCL INFO Channel 01/0 : 23[c7000] -> 26[85000] [send] via NET/AWS Libfabric/1
x3109c0s25b1n0:19651:19676 [1] NCCL INFO Channel 01 : 1[46000] -> 2[85000] via P2P/IPC/read
x3109c0s25b1n0:19651:19676 [1] NCCL INFO Channel 02 : 1[46000] -> 2[85000] via P2P/IPC/read
x3109c0s25b1n0:19651:19676 [1] NCCL INFO Channel 03 : 1[46000] -> 2[85000] via P2P/IPC/read
x3109c0s25b1n0:19652:19678 [2] NCCL INFO Channel 00 : 2[85000] -> 1[46000] via P2P/IPC/read
x3109c0s31b0n0:48565:48588 [2] NCCL INFO Channel 01 : 6[85000] -> 7[c7000] via P2P/IPC/read
x3109c0s31b1n0:54299:54330 [1] NCCL INFO Channel 00/0 : 4[7000] -> 9[46000] [receive] via NET/AWS Libfabric/3
x3109c0s25b1n0:19652:19678 [2] NCCL INFO Channel 02 : 2[85000] -> 1[46000] via P2P/IPC/read
x3109c0s31b1n0:54300:54329 [2] NCCL INFO Channel 01/0 : 7[c7000] -> 10[85000] [receive] via NET/AWS Libfabric/1
x3004c0s1b1n0:22169:22195 [0] NCCL INFO Channel 03 : 16[7000] -> 17[46000] via P2P/IPC/read
x3004c0s31b0n0:45336:45358 [2] NCCL INFO Channel 02 : 30[85000] -> 29[46000] via P2P/IPC/read
x3004c0s25b0n0:42287:42309 [3] NCCL INFO Channel 03/0 : 19[c7000] -> 23[c7000] [receive] via NET/AWS Libfabric/1
x3004c0s31b0n0:45336:45358 [2] NCCL INFO Connected all trees
x3004c0s31b0n0:45336:45358 [2] NCCL INFO MSCCL: Parsing algorithm /home/yuke/ncclPG/CCL-LYD/msccl_tools_lyd/examples/xml/xml_lyd/ring/allreduce_ring_node8_gpu32_mcl2_mck2_gan0.xml
x3004c0s31b0n0:45335:45359 [1] NCCL INFO Connected all trees
x3004c0s31b0n0:45335:45359 [1] NCCL INFO MSCCL: Parsing algorithm /home/yuke/ncclPG/CCL-LYD/msccl_tools_lyd/examples/xml/xml_lyd/ring/allreduce_ring_node8_gpu32_mcl2_mck2_gan0.xml
x3004c0s25b1n0:26944:26968 [1] NCCL INFO Channel 00/0 : 20[7000] -> 25[46000] [receive] via NET/AWS Libfabric/3
x3004c0s31b0n0:45337:45360 [3] NCCL INFO Channel 01/0 : 27[c7000] -> 31[c7000] [receive] via NET/AWS Libfabric/1
x3004c0s31b0n0:45335:45359 [1] NCCL INFO Parsed MSCCL Algorithm /home/yuke/ncclPG/CCL-LYD/msccl_tools_lyd/examples/xml/xml_lyd/ring/allreduce_ring_node8_gpu32_mcl2_mck2_gan0.xml successfully.
x3004c0s31b0n0:45336:45358 [2] NCCL INFO Parsed MSCCL Algorithm /home/yuke/ncclPG/CCL-LYD/msccl_tools_lyd/examples/xml/xml_lyd/ring/allreduce_ring_node8_gpu32_mcl2_mck2_gan0.xml successfully.
x3004c0s31b0n0:45335:45359 [1] NCCL INFO Connected 1 MSCCL algorithms
x3004c0s31b0n0:45335:45359 [1] NCCL INFO threadThresholds 8/8/64 | 256/8/64 | 8/8/64 | 8/8/512
x3004c0s31b0n0:45335:45359 [1] NCCL INFO 8 coll channels, 4 p2p channels, 2 p2p channels per peer
x3109c0s31b0n0:48565:48588 [2] NCCL INFO Channel 02 : 6[85000] -> 7[c7000] via P2P/IPC/read
x3109c0s31b1n0:54301:54331 [3] NCCL INFO Channel 03/0 : 6[85000] -> 11[c7000] [receive] via NET/AWS Libfabric/1
x3109c0s31b0n0:48565:48588 [2] NCCL INFO Channel 03 : 6[85000] -> 7[c7000] via P2P/IPC/read
x3109c0s25b1n0:19652:19678 [2] NCCL INFO Connected all trees
x3109c0s31b0n0:48564:48590 [1] NCCL INFO Channel 02/0 : 5[46000] -> 8[7000] [send] via NET/AWS Libfabric/3
x3109c0s25b1n0:19651:19676 [1] NCCL INFO Connected all trees
x3109c0s25b1n0:19651:19676 [1] NCCL INFO MSCCL: Parsing algorithm /home/yuke/ncclPG/CCL-LYD/msccl_tools_lyd/examples/xml/xml_lyd/ring/allreduce_ring_node8_gpu32_mcl2_mck2_gan0.xml
x3109c0s25b1n0:19652:19678 [2] NCCL INFO MSCCL: Parsing algorithm /home/yuke/ncclPG/CCL-LYD/msccl_tools_lyd/examples/xml/xml_lyd/ring/allreduce_ring_node8_gpu32_mcl2_mck2_gan0.xml
x3004c0s25b1n0:26946:26967 [3] NCCL INFO Channel 03/0 : 22[85000] -> 27[c7000] [receive] via NET/AWS Libfabric/1
x3109c0s25b1n0:19650:19675 [0] NCCL INFO Channel 02/0 : 0[7000] -> 4[7000] [send] via NET/AWS Libfabric/3
x3109c0s25b1n0:19651:19676 [1] NCCL INFO Parsed MSCCL Algorithm /home/yuke/ncclPG/CCL-LYD/msccl_tools_lyd/examples/xml/xml_lyd/ring/allreduce_ring_node8_gpu32_mcl2_mck2_gan0.xml successfully.
x3109c0s25b1n0:19652:19678 [2] NCCL INFO Parsed MSCCL Algorithm /home/yuke/ncclPG/CCL-LYD/msccl_tools_lyd/examples/xml/xml_lyd/ring/allreduce_ring_node8_gpu32_mcl2_mck2_gan0.xml successfully.
x3109c0s25b1n0:19651:19676 [1] NCCL INFO Connected 1 MSCCL algorithms
x3109c0s25b1n0:19651:19676 [1] NCCL INFO threadThresholds 8/8/64 | 256/8/64 | 8/8/64 | 8/8/512
x3109c0s25b1n0:19651:19676 [1] NCCL INFO 8 coll channels, 4 p2p channels, 2 p2p channels per peer
x3004c0s25b1n0:26945:26969 [2] NCCL INFO Channel 01/0 : 26[85000] -> 23[c7000] [send] via NET/AWS Libfabric/1
x3109c0s31b0n0:48564:48590 [1] NCCL INFO Channel 02/0 : 8[7000] -> 5[46000] [receive] via NET/AWS Libfabric/3
x3109c0s31b0n0:48566:48589 [3] NCCL INFO Channel 01/0 : 7[c7000] -> 10[85000] [send] via NET/AWS Libfabric/1
x3109c0s37b0n0:61349:61371 [3] NCCL INFO Channel 03/0 : 7[c7000] -> 15[c7000] [receive] via NET/AWS Libfabric/1
x3004c0s25b1n0:26943:26970 [0] NCCL INFO Channel 02/0 : 21[46000] -> 24[7000] [receive] via NET/AWS Libfabric/3
x3004c0s1b1n0:22171:22194 [2] NCCL INFO Channel 00 : 18[85000] -> 19[c7000] via P2P/IPC/read
x3004c0s1b1n0:22171:22194 [2] NCCL INFO Channel 01 : 18[85000] -> 19[c7000] via P2P/IPC/read
x3004c0s1b1n0:22171:22194 [2] NCCL INFO Channel 02 : 18[85000] -> 19[c7000] via P2P/IPC/read
x3004c0s1b1n0:22171:22194 [2] NCCL INFO Channel 03 : 18[85000] -> 19[c7000] via P2P/IPC/read
x3004c0s31b0n0:45336:45358 [2] NCCL INFO Channel 06/0 : 26[85000] -> 30[85000] [receive] via NET/AWS Libfabric/3
x3109c0s31b0n0:48565:48588 [2] NCCL INFO Channel 03/0 : 6[85000] -> 11[c7000] [send] via NET/AWS Libfabric/1
x3109c0s31b0n0:48566:48589 [3] NCCL INFO Channel 03/0 : 3[c7000] -> 7[c7000] [receive] via NET/AWS Libfabric/1
x3004c0s1b1n0:22169:22195 [0] NCCL INFO Channel 02/0 : 16[7000] -> 20[7000] [send] via NET/AWS Libfabric/3
x3109c0s31b1n0:54298:54332 [0] NCCL INFO Channel 00/0 : 8[7000] -> 12[7000] [send] via NET/AWS Libfabric/3
x3109c0s25b1n0:19653:19677 [3] NCCL INFO Channel 01/0 : 19[c7000] -> 3[c7000] [receive] via NET/AWS Libfabric/1
x3109c0s25b1n0:19653:19677 [3] NCCL INFO Channel 01/0 : 3[c7000] -> 19[c7000] [send] via NET/AWS Libfabric/1
x3109c0s25b1n0:19650:19675 [0] NCCL INFO Channel 00/0 : 16[7000] -> 0[7000] [receive] via NET/AWS Libfabric/3
x3109c0s25b1n0:19652:19678 [2] NCCL INFO Channel 06/0 : 30[85000] -> 2[85000] [receive] via NET/AWS Libfabric/3
x3109c0s25b1n0:19652:19678 [2] NCCL INFO Channel 07/0 : 30[85000] -> 2[85000] [receive] via NET/AWS Libfabric/3
x3109c0s25b1n0:19652:19678 [2] NCCL INFO Channel 06/0 : 2[85000] -> 6[85000] [send] via NET/AWS Libfabric/3
x3109c0s25b1n0:19652:19678 [2] NCCL INFO Channel 07/0 : 2[85000] -> 6[85000] [send] via NET/AWS Libfabric/3
x3004c0s31b0n0:45337:45360 [3] NCCL INFO Channel 03/0 : 15[c7000] -> 31[c7000] [receive] via NET/AWS Libfabric/1
x3004c0s1b1n0:22172:22196 [3] NCCL INFO Channel 03/0 : 19[c7000] -> 23[c7000] [send] via NET/AWS Libfabric/1
x3109c0s31b1n0:54300:54329 [2] NCCL INFO Channel 01/0 : 10[85000] -> 7[c7000] [send] via NET/AWS Libfabric/1
x3004c0s25b0n0:42286:42310 [2] NCCL INFO Channel 03/0 : 27[c7000] -> 22[85000] [receive] via NET/AWS Libfabric/1
x3004c0s1b1n0:22169:22195 [0] NCCL INFO Channel 00/0 : 16[7000] -> 24[7000] [send] via NET/AWS Libfabric/3
x3004c0s1b1n0:22170:22193 [1] NCCL INFO Channel 00/0 : 8[7000] -> 17[46000] [receive] via NET/AWS Libfabric/3
x3109c0s31b0n0:48563:48591 [0] NCCL INFO Channel 00/0 : 4[7000] -> 9[46000] [send] via NET/AWS Libfabric/3
x3004c0s25b0n0:42284:42311 [0] NCCL INFO Channel 00/0 : 20[7000] -> 25[46000] [send] via NET/AWS Libfabric/3
x3004c0s31b0n0:45336:45358 [2] NCCL INFO Channel 07/0 : 26[85000] -> 30[85000] [receive] via NET/AWS Libfabric/3
x3109c0s31b0n0:48565:48588 [2] NCCL INFO Channel 03/0 : 11[c7000] -> 6[85000] [receive] via NET/AWS Libfabric/1
x3109c0s37b0n0:61346:61373 [0] NCCL INFO Channel 02/0 : 4[7000] -> 12[7000] [receive] via NET/AWS Libfabric/3
x3004c0s25b1n0:26944:26968 [1] NCCL INFO Channel 00/0 : 25[46000] -> 20[7000] [send] via NET/AWS Libfabric/3
x3004c0s1b1n0:22172:22196 [3] NCCL INFO Channel 01/0 : 19[c7000] -> 27[c7000] [send] via NET/AWS Libfabric/1
x3109c0s31b1n0:54301:54331 [3] NCCL INFO Channel 01/0 : 11[c7000] -> 18[85000] [send] via NET/AWS Libfabric/1
x3109c0s31b0n0:48566:48589 [3] NCCL INFO Channel 03/0 : 7[c7000] -> 15[c7000] [send] via NET/AWS Libfabric/1
x3109c0s25b1n0:19650:19675 [0] NCCL INFO Channel 00/0 : 0[7000] -> 16[7000] [send] via NET/AWS Libfabric/3
x3004c0s1b1n0:22171:22194 [2] NCCL INFO Channel 01/0 : 11[c7000] -> 18[85000] [receive] via NET/AWS Libfabric/1
x3109c0s31b1n0:54298:54332 [0] NCCL INFO Channel 00/0 : 8[7000] -> 17[46000] [send] via NET/AWS Libfabric/3
x3004c0s25b1n0:26946:26967 [3] NCCL INFO Channel 01/0 : 19[c7000] -> 27[c7000] [receive] via NET/AWS Libfabric/1
x3004c0s25b1n0:26943:26970 [0] NCCL INFO Channel 00/0 : 24[7000] -> 28[7000] [send] via NET/AWS Libfabric/3
x3109c0s31b1n0:54299:54330 [1] NCCL INFO Channel 00/0 : 9[46000] -> 4[7000] [send] via NET/AWS Libfabric/3
x3004c0s31b0n0:45337:45360 [3] NCCL INFO Channel 03/0 : 31[c7000] -> 15[c7000] [send] via NET/AWS Libfabric/1
x3004c0s25b0n0:42285:42308 [1] NCCL INFO Channel 02/0 : 24[7000] -> 21[46000] [receive] via NET/AWS Libfabric/3
x3004c0s31b0n0:45336:45358 [2] NCCL INFO Channel 06/0 : 30[85000] -> 2[85000] [send] via NET/AWS Libfabric/3
x3109c0s31b0n0:48563:48591 [0] NCCL INFO Channel 02/0 : 4[7000] -> 12[7000] [send] via NET/AWS Libfabric/3
x3004c0s25b1n0:26943:26970 [0] NCCL INFO Channel 00/0 : 16[7000] -> 24[7000] [receive] via NET/AWS Libfabric/3
x3004c0s25b0n0:42284:42311 [0] NCCL INFO Channel 02/0 : 13[46000] -> 20[7000] [receive] via NET/AWS Libfabric/3
x3004c0s25b0n0:42287:42309 [3] NCCL INFO Channel 03/0 : 14[85000] -> 23[c7000] [receive] via NET/AWS Libfabric/1
x3004c0s31b0n0:45336:45358 [2] NCCL INFO Channel 07/0 : 30[85000] -> 2[85000] [send] via NET/AWS Libfabric/3
x3004c0s31b0n0:45334:45361 [0] NCCL INFO Channel 02/0 : 12[7000] -> 28[7000] [receive] via NET/AWS Libfabric/3
x3004c0s1b1n0:22171:22194 [2] NCCL INFO Channel 01/0 : 18[85000] -> 11[c7000] [send] via NET/AWS Libfabric/1
x3004c0s1b1n0:22170:22193 [1] NCCL INFO Channel 00/0 : 17[46000] -> 8[7000] [send] via NET/AWS Libfabric/3
x3109c0s37b0n0:61349:61371 [3] NCCL INFO Channel 03/0 : 31[c7000] -> 15[c7000] [receive] via NET/AWS Libfabric/1
x3109c0s37b0n0:61346:61373 [0] NCCL INFO Channel 02/0 : 28[7000] -> 12[7000] [receive] via NET/AWS Libfabric/3
x3109c0s37b0n0:61347:61370 [1] NCCL INFO Channel 02/0 : 20[7000] -> 13[46000] [receive] via NET/AWS Libfabric/3
x3004c0s25b1n0:26946:26967 [3] NCCL INFO Channel 01/0 : 27[c7000] -> 19[c7000] [send] via NET/AWS Libfabric/1
x3109c0s31b0n0:48563:48591 [0] NCCL INFO Channel 02/0 : 12[7000] -> 4[7000] [receive] via NET/AWS Libfabric/3
x3109c0s31b0n0:48566:48589 [3] NCCL INFO Channel 03/0 : 15[c7000] -> 7[c7000] [receive] via NET/AWS Libfabric/1
x3004c0s1b1n0:22172:22196 [3] NCCL INFO Channel 01/0 : 3[c7000] -> 19[c7000] [receive] via NET/AWS Libfabric/1
x3109c0s31b1n0:54298:54332 [0] NCCL INFO Channel 00/0 : 17[46000] -> 8[7000] [receive] via NET/AWS Libfabric/3
x3004c0s1b1n0:22172:22196 [3] NCCL INFO Channel 01/0 : 19[c7000] -> 3[c7000] [send] via NET/AWS Libfabric/1
x3109c0s37b0n0:61349:61371 [3] NCCL INFO Channel 03/0 : 15[c7000] -> 31[c7000] [send] via NET/AWS Libfabric/1
x3109c0s31b1n0:54301:54331 [3] NCCL INFO Channel 01/0 : 18[85000] -> 11[c7000] [receive] via NET/AWS Libfabric/1
x3004c0s25b0n0:42284:42311 [0] NCCL INFO Channel 02/0 : 20[7000] -> 13[46000] [send] via NET/AWS Libfabric/3
x3004c0s25b1n0:26943:26970 [0] NCCL INFO Channel 00/0 : 24[7000] -> 16[7000] [send] via NET/AWS Libfabric/3
x3004c0s31b0n0:45334:45361 [0] NCCL INFO Channel 02/0 : 28[7000] -> 12[7000] [send] via NET/AWS Libfabric/3
x3109c0s37b0n0:61346:61373 [0] NCCL INFO Channel 02/0 : 12[7000] -> 28[7000] [send] via NET/AWS Libfabric/3
x3004c0s1b1n0:22169:22195 [0] NCCL INFO Channel 00/0 : 0[7000] -> 16[7000] [receive] via NET/AWS Libfabric/3
x3004c0s25b0n0:42287:42309 [3] NCCL INFO Channel 03/0 : 23[c7000] -> 14[85000] [send] via NET/AWS Libfabric/1
x3004c0s1b1n0:22171:22194 [2] NCCL INFO Channel 00 : 18[85000] -> 17[46000] via P2P/IPC/read
x3004c0s25b0n0:42284:42311 [0] NCCL INFO Channel 00/0 : 25[46000] -> 20[7000] [receive] via NET/AWS Libfabric/3
x3109c0s37b0n0:61348:61372 [2] NCCL INFO Channel 03/0 : 23[c7000] -> 14[85000] [receive] via NET/AWS Libfabric/1
x3004c0s1b1n0:22169:22195 [0] NCCL INFO Channel 00/0 : 16[7000] -> 0[7000] [send] via NET/AWS Libfabric/3
x3004c0s31b0n0:45337:45360 [3] NCCL INFO Channel 01/0 : 31[c7000] -> 27[c7000] [send] via NET/AWS Libfabric/1
x3109c0s31b1n0:54298:54332 [0] NCCL INFO Channel 00/0 : 12[7000] -> 8[7000] [receive] via NET/AWS Libfabric/3
x3004c0s1b1n0:22171:22194 [2] NCCL INFO Channel 02 : 18[85000] -> 17[46000] via P2P/IPC/read
x3004c0s1b1n0:22170:22193 [1] NCCL INFO Connected all trees
x3004c0s1b1n0:22170:22193 [1] NCCL INFO MSCCL: Parsing algorithm /home/yuke/ncclPG/CCL-LYD/msccl_tools_lyd/examples/xml/xml_lyd/ring/allreduce_ring_node8_gpu32_mcl2_mck2_gan0.xml
x3004c0s1b1n0:22171:22194 [2] NCCL INFO Connected all trees
x3004c0s1b1n0:22171:22194 [2] NCCL INFO MSCCL: Parsing algorithm /home/yuke/ncclPG/CCL-LYD/msccl_tools_lyd/examples/xml/xml_lyd/ring/allreduce_ring_node8_gpu32_mcl2_mck2_gan0.xml
x3004c0s31b0n0:45334:45361 [0] NCCL INFO Channel 00/0 : 28[7000] -> 24[7000] [send] via NET/AWS Libfabric/3
x3109c0s37b0n0:61349:61371 [3] NCCL INFO Channel 03/0 : 15[c7000] -> 7[c7000] [send] via NET/AWS Libfabric/1
x3004c0s1b1n0:22170:22193 [1] NCCL INFO Parsed MSCCL Algorithm /home/yuke/ncclPG/CCL-LYD/msccl_tools_lyd/examples/xml/xml_lyd/ring/allreduce_ring_node8_gpu32_mcl2_mck2_gan0.xml successfully.
x3004c0s1b1n0:22171:22194 [2] NCCL INFO Parsed MSCCL Algorithm /home/yuke/ncclPG/CCL-LYD/msccl_tools_lyd/examples/xml/xml_lyd/ring/allreduce_ring_node8_gpu32_mcl2_mck2_gan0.xml successfully.
x3004c0s1b1n0:22170:22193 [1] NCCL INFO Connected 1 MSCCL algorithms
x3109c0s37b0n0:61346:61373 [0] NCCL INFO Channel 02/0 : 12[7000] -> 4[7000] [send] via NET/AWS Libfabric/3
x3004c0s1b1n0:22170:22193 [1] NCCL INFO threadThresholds 8/8/64 | 256/8/64 | 8/8/64 | 8/8/512
x3004c0s1b1n0:22170:22193 [1] NCCL INFO 8 coll channels, 4 p2p channels, 2 p2p channels per peer
x3109c0s37b0n0:61348:61372 [2] NCCL INFO Channel 00 : 14[85000] -> 13[46000] via P2P/IPC/read
x3109c0s31b1n0:54301:54331 [3] NCCL INFO Channel 03/0 : 11[c7000] -> 6[85000] [send] via NET/AWS Libfabric/1
x3004c0s25b0n0:42287:42309 [3] NCCL INFO Channel 03/0 : 23[c7000] -> 19[c7000] [send] via NET/AWS Libfabric/1
x3109c0s37b0n0:61346:61373 [0] NCCL INFO Channel 00/0 : 12[7000] -> 8[7000] [send] via NET/AWS Libfabric/3
x3109c0s37b0n0:61348:61372 [2] NCCL INFO Channel 02 : 14[85000] -> 13[46000] via P2P/IPC/read
x3004c0s1b1n0:22172:22196 [3] NCCL INFO Channel 01/0 : 27[c7000] -> 19[c7000] [receive] via NET/AWS Libfabric/1
x3109c0s37b0n0:61349:61371 [3] NCCL INFO Channel 01/0 : 15[c7000] -> 11[c7000] [send] via NET/AWS Libfabric/1
x3109c0s31b0n0:48565:48588 [2] NCCL INFO Channel 00 : 6[85000] -> 5[46000] via P2P/IPC/read
x3109c0s31b1n0:54301:54331 [3] NCCL INFO Channel 01/0 : 15[c7000] -> 11[c7000] [receive] via NET/AWS Libfabric/1
x3109c0s31b0n0:48566:48589 [3] NCCL INFO Channel 03/0 : 7[c7000] -> 3[c7000] [send] via NET/AWS Libfabric/1
x3109c0s37b0n0:61346:61373 [0] NCCL INFO Connected all trees
x3109c0s37b0n0:61346:61373 [0] NCCL INFO MSCCL: Parsing algorithm /home/yuke/ncclPG/CCL-LYD/msccl_tools_lyd/examples/xml/xml_lyd/ring/allreduce_ring_node8_gpu32_mcl2_mck2_gan0.xml
x3004c0s25b0n0:42284:42311 [0] NCCL INFO Channel 02/0 : 20[7000] -> 16[7000] [send] via NET/AWS Libfabric/3
x3109c0s37b0n0:61346:61373 [0] NCCL INFO Parsed MSCCL Algorithm /home/yuke/ncclPG/CCL-LYD/msccl_tools_lyd/examples/xml/xml_lyd/ring/allreduce_ring_node8_gpu32_mcl2_mck2_gan0.xml successfully.
x3109c0s37b0n0:61346:61373 [0] NCCL INFO Channel 03 : 12[7000] -> 15[c7000] via P2P/IPC/read
x3109c0s31b1n0:54301:54331 [3] NCCL INFO Connected all trees
x3109c0s31b1n0:54301:54331 [3] NCCL INFO MSCCL: Parsing algorithm /home/yuke/ncclPG/CCL-LYD/msccl_tools_lyd/examples/xml/xml_lyd/ring/allreduce_ring_node8_gpu32_mcl2_mck2_gan0.xml
x3109c0s31b0n0:48563:48591 [0] NCCL INFO Channel 00/0 : 9[46000] -> 4[7000] [receive] via NET/AWS Libfabric/3
x3109c0s37b0n0:61349:61371 [3] NCCL INFO Connected all trees
x3109c0s37b0n0:61349:61371 [3] NCCL INFO MSCCL: Parsing algorithm /home/yuke/ncclPG/CCL-LYD/msccl_tools_lyd/examples/xml/xml_lyd/ring/allreduce_ring_node8_gpu32_mcl2_mck2_gan0.xml
x3109c0s31b1n0:54301:54331 [3] NCCL INFO Parsed MSCCL Algorithm /home/yuke/ncclPG/CCL-LYD/msccl_tools_lyd/examples/xml/xml_lyd/ring/allreduce_ring_node8_gpu32_mcl2_mck2_gan0.xml successfully.
x3109c0s25b1n0:19653:19677 [3] NCCL INFO Channel 03/0 : 7[c7000] -> 3[c7000] [receive] via NET/AWS Libfabric/1
x3109c0s37b0n0:61349:61371 [3] NCCL INFO Parsed MSCCL Algorithm /home/yuke/ncclPG/CCL-LYD/msccl_tools_lyd/examples/xml/xml_lyd/ring/allreduce_ring_node8_gpu32_mcl2_mck2_gan0.xml successfully.
x3109c0s31b1n0:54298:54332 [0] NCCL INFO Channel 02/0 : 8[7000] -> 5[46000] [send] via NET/AWS Libfabric/3
x3004c0s25b1n0:26946:26967 [3] NCCL INFO Channel 03/0 : 27[c7000] -> 22[85000] [send] via NET/AWS Libfabric/1
x3109c0s25b1n0:19650:19675 [0] NCCL INFO Channel 02/0 : 4[7000] -> 0[7000] [receive] via NET/AWS Libfabric/3
x3004c0s1b1n0:22169:22195 [0] NCCL INFO Channel 00/0 : 24[7000] -> 16[7000] [receive] via NET/AWS Libfabric/3
x3004c0s1b1n0:22171:22194 [2] NCCL INFO Channel 06/0 : 14[85000] -> 18[85000] [receive] via NET/AWS Libfabric/3
x3109c0s37b0n0:61347:61370 [1] NCCL INFO Connected all trees
x3109c0s37b0n0:61347:61370 [1] NCCL INFO MSCCL: Parsing algorithm /home/yuke/ncclPG/CCL-LYD/msccl_tools_lyd/examples/xml/xml_lyd/ring/allreduce_ring_node8_gpu32_mcl2_mck2_gan0.xml
x3109c0s37b0n0:61348:61372 [2] NCCL INFO Connected all trees
x3109c0s37b0n0:61348:61372 [2] NCCL INFO MSCCL: Parsing algorithm /home/yuke/ncclPG/CCL-LYD/msccl_tools_lyd/examples/xml/xml_lyd/ring/allreduce_ring_node8_gpu32_mcl2_mck2_gan0.xml
x3109c0s31b1n0:54298:54332 [0] NCCL INFO Connected all trees
x3109c0s31b1n0:54298:54332 [0] NCCL INFO MSCCL: Parsing algorithm /home/yuke/ncclPG/CCL-LYD/msccl_tools_lyd/examples/xml/xml_lyd/ring/allreduce_ring_node8_gpu32_mcl2_mck2_gan0.xml
x3109c0s31b0n0:48565:48588 [2] NCCL INFO Channel 02 : 6[85000] -> 5[46000] via P2P/IPC/read
x3109c0s37b0n0:61347:61370 [1] NCCL INFO Parsed MSCCL Algorithm /home/yuke/ncclPG/CCL-LYD/msccl_tools_lyd/examples/xml/xml_lyd/ring/allreduce_ring_node8_gpu32_mcl2_mck2_gan0.xml successfully.
x3109c0s37b0n0:61348:61372 [2] NCCL INFO Parsed MSCCL Algorithm /home/yuke/ncclPG/CCL-LYD/msccl_tools_lyd/examples/xml/xml_lyd/ring/allreduce_ring_node8_gpu32_mcl2_mck2_gan0.xml successfully.
x3109c0s25b1n0:19653:19677 [3] NCCL INFO Connected all trees
x3109c0s25b1n0:19653:19677 [3] NCCL INFO MSCCL: Parsing algorithm /home/yuke/ncclPG/CCL-LYD/msccl_tools_lyd/examples/xml/xml_lyd/ring/allreduce_ring_node8_gpu32_mcl2_mck2_gan0.xml
x3109c0s31b1n0:54298:54332 [0] NCCL INFO Parsed MSCCL Algorithm /home/yuke/ncclPG/CCL-LYD/msccl_tools_lyd/examples/xml/xml_lyd/ring/allreduce_ring_node8_gpu32_mcl2_mck2_gan0.xml successfully.
x3109c0s25b1n0:19653:19677 [3] NCCL INFO Parsed MSCCL Algorithm /home/yuke/ncclPG/CCL-LYD/msccl_tools_lyd/examples/xml/xml_lyd/ring/allreduce_ring_node8_gpu32_mcl2_mck2_gan0.xml successfully.
x3109c0s37b0n0:61347:61370 [1] NCCL INFO Connected 1 MSCCL algorithms
x3109c0s37b0n0:61347:61370 [1] NCCL INFO threadThresholds 8/8/64 | 256/8/64 | 8/8/64 | 8/8/512
x3109c0s37b0n0:61347:61370 [1] NCCL INFO 8 coll channels, 4 p2p channels, 2 p2p channels per peer
x3109c0s37b0n0:61349:61371 [3] NCCL INFO Channel 02 : 15[c7000] -> 12[7000] via P2P/IPC/read
x3004c0s25b0n0:42286:42310 [2] NCCL INFO Channel 00 : 22[85000] -> 21[46000] via P2P/IPC/read
x3109c0s31b1n0:54298:54332 [0] NCCL INFO Channel 03 : 8[7000] -> 11[c7000] via P2P/IPC/read
x3004c0s1b1n0:22171:22194 [2] NCCL INFO Channel 07/0 : 14[85000] -> 18[85000] [receive] via NET/AWS Libfabric/3
x3004c0s1b1n0:22172:22196 [3] NCCL INFO Channel 03/0 : 23[c7000] -> 19[c7000] [receive] via NET/AWS Libfabric/1
x3004c0s25b0n0:42286:42310 [2] NCCL INFO Channel 02 : 22[85000] -> 21[46000] via P2P/IPC/read
x3004c0s25b1n0:26943:26970 [0] NCCL INFO Channel 00/0 : 28[7000] -> 24[7000] [receive] via NET/AWS Libfabric/3
x3109c0s31b0n0:48563:48591 [0] NCCL INFO Channel 02/0 : 4[7000] -> 0[7000] [send] via NET/AWS Libfabric/3
x3109c0s31b0n0:48566:48589 [3] NCCL INFO Channel 01/0 : 10[85000] -> 7[c7000] [receive] via NET/AWS Libfabric/1
x3109c0s31b0n0:48565:48588 [2] NCCL INFO Connected all trees
x3109c0s31b0n0:48565:48588 [2] NCCL INFO MSCCL: Parsing algorithm /home/yuke/ncclPG/CCL-LYD/msccl_tools_lyd/examples/xml/xml_lyd/ring/allreduce_ring_node8_gpu32_mcl2_mck2_gan0.xml
x3109c0s31b0n0:48564:48590 [1] NCCL INFO Connected all trees
x3109c0s31b0n0:48564:48590 [1] NCCL INFO MSCCL: Parsing algorithm /home/yuke/ncclPG/CCL-LYD/msccl_tools_lyd/examples/xml/xml_lyd/ring/allreduce_ring_node8_gpu32_mcl2_mck2_gan0.xml
x3004c0s25b1n0:26946:26967 [3] NCCL INFO Channel 01/0 : 31[c7000] -> 27[c7000] [receive] via NET/AWS Libfabric/1
x3109c0s37b0n0:61348:61372 [2] NCCL INFO Channel 06/0 : 10[85000] -> 14[85000] [receive] via NET/AWS Libfabric/3
x3109c0s37b0n0:61349:61371 [3] NCCL INFO Channel 03 : 15[c7000] -> 12[7000] via P2P/IPC/read
x3109c0s31b0n0:48564:48590 [1] NCCL INFO Parsed MSCCL Algorithm /home/yuke/ncclPG/CCL-LYD/msccl_tools_lyd/examples/xml/xml_lyd/ring/allreduce_ring_node8_gpu32_mcl2_mck2_gan0.xml successfully.
x3109c0s31b0n0:48565:48588 [2] NCCL INFO Parsed MSCCL Algorithm /home/yuke/ncclPG/CCL-LYD/msccl_tools_lyd/examples/xml/xml_lyd/ring/allreduce_ring_node8_gpu32_mcl2_mck2_gan0.xml successfully.
x3109c0s31b0n0:48564:48590 [1] NCCL INFO Connected 1 MSCCL algorithms
x3109c0s31b0n0:48564:48590 [1] NCCL INFO threadThresholds 8/8/64 | 256/8/64 | 8/8/64 | 8/8/512
x3109c0s31b0n0:48564:48590 [1] NCCL INFO 8 coll channels, 4 p2p channels, 2 p2p channels per peer
x3109c0s31b1n0:54301:54331 [3] NCCL INFO Channel 02 : 11[c7000] -> 8[7000] via P2P/IPC/read
x3109c0s31b0n0:48563:48591 [0] NCCL INFO Connected all trees
x3109c0s25b1n0:19650:19675 [0] NCCL INFO Connected all trees
x3109c0s25b1n0:19650:19675 [0] NCCL INFO MSCCL: Parsing algorithm /home/yuke/ncclPG/CCL-LYD/msccl_tools_lyd/examples/xml/xml_lyd/ring/allreduce_ring_node8_gpu32_mcl2_mck2_gan0.xml
x3109c0s31b0n0:48563:48591 [0] NCCL INFO MSCCL: Parsing algorithm /home/yuke/ncclPG/CCL-LYD/msccl_tools_lyd/examples/xml/xml_lyd/ring/allreduce_ring_node8_gpu32_mcl2_mck2_gan0.xml
x3109c0s31b0n0:48566:48589 [3] NCCL INFO Connected all trees
x3109c0s31b1n0:54300:54329 [2] NCCL INFO Channel 00 : 10[85000] -> 9[46000] via P2P/IPC/read
x3109c0s31b0n0:48566:48589 [3] NCCL INFO MSCCL: Parsing algorithm /home/yuke/ncclPG/CCL-LYD/msccl_tools_lyd/examples/xml/xml_lyd/ring/allreduce_ring_node8_gpu32_mcl2_mck2_gan0.xml
x3004c0s1b1n0:22172:22196 [3] NCCL INFO Connected all trees
x3004c0s1b1n0:22172:22196 [3] NCCL INFO MSCCL: Parsing algorithm /home/yuke/ncclPG/CCL-LYD/msccl_tools_lyd/examples/xml/xml_lyd/ring/allreduce_ring_node8_gpu32_mcl2_mck2_gan0.xml
x3109c0s31b0n0:48563:48591 [0] NCCL INFO Parsed MSCCL Algorithm /home/yuke/ncclPG/CCL-LYD/msccl_tools_lyd/examples/xml/xml_lyd/ring/allreduce_ring_node8_gpu32_mcl2_mck2_gan0.xml successfully.
x3004c0s1b1n0:22171:22194 [2] NCCL INFO Channel 06/0 : 18[85000] -> 22[85000] [send] via NET/AWS Libfabric/3
x3004c0s1b1n0:22169:22195 [0] NCCL INFO Channel 02/0 : 20[7000] -> 16[7000] [receive] via NET/AWS Libfabric/3
x3109c0s25b1n0:19650:19675 [0] NCCL INFO Parsed MSCCL Algorithm /home/yuke/ncclPG/CCL-LYD/msccl_tools_lyd/examples/xml/xml_lyd/ring/allreduce_ring_node8_gpu32_mcl2_mck2_gan0.xml successfully.
x3109c0s31b0n0:48563:48591 [0] NCCL INFO Channel 03 : 4[7000] -> 7[c7000] via P2P/IPC/read
x3109c0s37b0n0:61348:61372 [2] NCCL INFO Channel 07/0 : 10[85000] -> 14[85000] [receive] via NET/AWS Libfabric/3
x3109c0s25b1n0:19650:19675 [0] NCCL INFO Channel 03 : 0[7000] -> 3[c7000] via P2P/IPC/read
x3109c0s31b0n0:48566:48589 [3] NCCL INFO Parsed MSCCL Algorithm /home/yuke/ncclPG/CCL-LYD/msccl_tools_lyd/examples/xml/xml_lyd/ring/allreduce_ring_node8_gpu32_mcl2_mck2_gan0.xml successfully.
x3004c0s1b1n0:22172:22196 [3] NCCL INFO Parsed MSCCL Algorithm /home/yuke/ncclPG/CCL-LYD/msccl_tools_lyd/examples/xml/xml_lyd/ring/allreduce_ring_node8_gpu32_mcl2_mck2_gan0.xml successfully.
x3004c0s25b1n0:26946:26967 [3] NCCL INFO Connected all trees
x3004c0s25b1n0:26946:26967 [3] NCCL INFO MSCCL: Parsing algorithm /home/yuke/ncclPG/CCL-LYD/msccl_tools_lyd/examples/xml/xml_lyd/ring/allreduce_ring_node8_gpu32_mcl2_mck2_gan0.xml
x3004c0s31b0n0:45337:45360 [3] NCCL INFO Connected all trees
x3004c0s31b0n0:45334:45361 [0] NCCL INFO Connected all trees
x3004c0s31b0n0:45334:45361 [0] NCCL INFO MSCCL: Parsing algorithm /home/yuke/ncclPG/CCL-LYD/msccl_tools_lyd/examples/xml/xml_lyd/ring/allreduce_ring_node8_gpu32_mcl2_mck2_gan0.xml
x3004c0s31b0n0:45337:45360 [3] NCCL INFO MSCCL: Parsing algorithm /home/yuke/ncclPG/CCL-LYD/msccl_tools_lyd/examples/xml/xml_lyd/ring/allreduce_ring_node8_gpu32_mcl2_mck2_gan0.xml
x3004c0s1b1n0:22171:22194 [2] NCCL INFO Channel 07/0 : 18[85000] -> 22[85000] [send] via NET/AWS Libfabric/3
x3004c0s25b0n0:42284:42311 [0] NCCL INFO Connected all trees
x3004c0s25b0n0:42284:42311 [0] NCCL INFO MSCCL: Parsing algorithm /home/yuke/ncclPG/CCL-LYD/msccl_tools_lyd/examples/xml/xml_lyd/ring/allreduce_ring_node8_gpu32_mcl2_mck2_gan0.xml
x3109c0s31b1n0:54301:54331 [3] NCCL INFO Channel 03 : 11[c7000] -> 8[7000] via P2P/IPC/read
x3109c0s37b0n0:61346:61373 [0] NCCL INFO Channel 04/0 : 8[7000] -> 12[7000] [receive] via NET/AWS Libfabric/3
x3004c0s25b1n0:26946:26967 [3] NCCL INFO Parsed MSCCL Algorithm /home/yuke/ncclPG/CCL-LYD/msccl_tools_lyd/examples/xml/xml_lyd/ring/allreduce_ring_node8_gpu32_mcl2_mck2_gan0.xml successfully.
x3004c0s31b0n0:45334:45361 [0] NCCL INFO Parsed MSCCL Algorithm /home/yuke/ncclPG/CCL-LYD/msccl_tools_lyd/examples/xml/xml_lyd/ring/allreduce_ring_node8_gpu32_mcl2_mck2_gan0.xml successfully.
x3004c0s1b1n0:22169:22195 [0] NCCL INFO Connected all trees
x3004c0s31b0n0:45337:45360 [3] NCCL INFO Parsed MSCCL Algorithm /home/yuke/ncclPG/CCL-LYD/msccl_tools_lyd/examples/xml/xml_lyd/ring/allreduce_ring_node8_gpu32_mcl2_mck2_gan0.xml successfully.
x3004c0s1b1n0:22169:22195 [0] NCCL INFO MSCCL: Parsing algorithm /home/yuke/ncclPG/CCL-LYD/msccl_tools_lyd/examples/xml/xml_lyd/ring/allreduce_ring_node8_gpu32_mcl2_mck2_gan0.xml
x3109c0s31b0n0:48566:48589 [3] NCCL INFO Channel 02 : 7[c7000] -> 4[7000] via P2P/IPC/read
x3004c0s31b0n0:45334:45361 [0] NCCL INFO Channel 03 : 28[7000] -> 31[c7000] via P2P/IPC/read
x3109c0s31b1n0:54300:54329 [2] NCCL INFO Channel 02 : 10[85000] -> 9[46000] via P2P/IPC/read
x3004c0s25b0n0:42284:42311 [0] NCCL INFO Parsed MSCCL Algorithm /home/yuke/ncclPG/CCL-LYD/msccl_tools_lyd/examples/xml/xml_lyd/ring/allreduce_ring_node8_gpu32_mcl2_mck2_gan0.xml successfully.
x3004c0s1b1n0:22169:22195 [0] NCCL INFO Parsed MSCCL Algorithm /home/yuke/ncclPG/CCL-LYD/msccl_tools_lyd/examples/xml/xml_lyd/ring/allreduce_ring_node8_gpu32_mcl2_mck2_gan0.xml successfully.
x3004c0s25b0n0:42284:42311 [0] NCCL INFO Channel 03 : 20[7000] -> 23[c7000] via P2P/IPC/read
x3004c0s1b1n0:22169:22195 [0] NCCL INFO Channel 03 : 16[7000] -> 19[c7000] via P2P/IPC/read
x3109c0s37b0n0:61348:61372 [2] NCCL INFO Channel 06/0 : 14[85000] -> 18[85000] [send] via NET/AWS Libfabric/3
x3109c0s31b1n0:54298:54332 [0] NCCL INFO Channel 04/0 : 4[7000] -> 8[7000] [receive] via NET/AWS Libfabric/3
x3004c0s25b0n0:42287:42309 [3] NCCL INFO Channel 01/0 : 26[85000] -> 23[c7000] [receive] via NET/AWS Libfabric/1
x3109c0s25b1n0:19653:19677 [3] NCCL INFO Channel 02 : 3[c7000] -> 0[7000] via P2P/IPC/read
x3109c0s31b0n0:48565:48588 [2] NCCL INFO Channel 06/0 : 2[85000] -> 6[85000] [receive] via NET/AWS Libfabric/3
x3109c0s31b1n0:54299:54330 [1] NCCL INFO Connected all trees
x3109c0s31b1n0:54299:54330 [1] NCCL INFO MSCCL: Parsing algorithm /home/yuke/ncclPG/CCL-LYD/msccl_tools_lyd/examples/xml/xml_lyd/ring/allreduce_ring_node8_gpu32_mcl2_mck2_gan0.xml
x3109c0s31b1n0:54300:54329 [2] NCCL INFO Connected all trees
x3109c0s31b1n0:54300:54329 [2] NCCL INFO MSCCL: Parsing algorithm /home/yuke/ncclPG/CCL-LYD/msccl_tools_lyd/examples/xml/xml_lyd/ring/allreduce_ring_node8_gpu32_mcl2_mck2_gan0.xml
x3109c0s37b0n0:61346:61373 [0] NCCL INFO Channel 05/0 : 8[7000] -> 12[7000] [receive] via NET/AWS Libfabric/3
x3109c0s37b0n0:61348:61372 [2] NCCL INFO Channel 07/0 : 14[85000] -> 18[85000] [send] via NET/AWS Libfabric/3
x3109c0s31b1n0:54299:54330 [1] NCCL INFO Parsed MSCCL Algorithm /home/yuke/ncclPG/CCL-LYD/msccl_tools_lyd/examples/xml/xml_lyd/ring/allreduce_ring_node8_gpu32_mcl2_mck2_gan0.xml successfully.
x3109c0s31b1n0:54300:54329 [2] NCCL INFO Parsed MSCCL Algorithm /home/yuke/ncclPG/CCL-LYD/msccl_tools_lyd/examples/xml/xml_lyd/ring/allreduce_ring_node8_gpu32_mcl2_mck2_gan0.xml successfully.
x3109c0s31b0n0:48566:48589 [3] NCCL INFO Channel 03 : 7[c7000] -> 4[7000] via P2P/IPC/read
x3109c0s31b1n0:54298:54332 [0] NCCL INFO Channel 05/0 : 4[7000] -> 8[7000] [receive] via NET/AWS Libfabric/3
x3109c0s31b1n0:54299:54330 [1] NCCL INFO Connected 1 MSCCL algorithms
x3109c0s31b1n0:54299:54330 [1] NCCL INFO threadThresholds 8/8/64 | 256/8/64 | 8/8/64 | 8/8/512
x3109c0s31b1n0:54299:54330 [1] NCCL INFO 8 coll channels, 4 p2p channels, 2 p2p channels per peer
x3004c0s31b0n0:45337:45360 [3] NCCL INFO Channel 02 : 31[c7000] -> 28[7000] via P2P/IPC/read
x3004c0s25b0n0:42287:42309 [3] NCCL INFO Connected all trees
x3004c0s25b0n0:42287:42309 [3] NCCL INFO MSCCL: Parsing algorithm /home/yuke/ncclPG/CCL-LYD/msccl_tools_lyd/examples/xml/xml_lyd/ring/allreduce_ring_node8_gpu32_mcl2_mck2_gan0.xml
x3004c0s25b1n0:26943:26970 [0] NCCL INFO Channel 02/0 : 24[7000] -> 21[46000] [send] via NET/AWS Libfabric/3
x3004c0s25b1n0:26945:26969 [2] NCCL INFO Channel 00 : 26[85000] -> 25[46000] via P2P/IPC/read
x3004c0s1b1n0:22172:22196 [3] NCCL INFO Channel 02 : 19[c7000] -> 16[7000] via P2P/IPC/read
x3004c0s25b0n0:42287:42309 [3] NCCL INFO Parsed MSCCL Algorithm /home/yuke/ncclPG/CCL-LYD/msccl_tools_lyd/examples/xml/xml_lyd/ring/allreduce_ring_node8_gpu32_mcl2_mck2_gan0.xml successfully.
x3004c0s25b1n0:26943:26970 [0] NCCL INFO Connected all trees
x3004c0s25b1n0:26943:26970 [0] NCCL INFO MSCCL: Parsing algorithm /home/yuke/ncclPG/CCL-LYD/msccl_tools_lyd/examples/xml/xml_lyd/ring/allreduce_ring_node8_gpu32_mcl2_mck2_gan0.xml
x3109c0s25b1n0:19653:19677 [3] NCCL INFO Channel 03 : 3[c7000] -> 0[7000] via P2P/IPC/read
x3004c0s25b1n0:26943:26970 [0] NCCL INFO Parsed MSCCL Algorithm /home/yuke/ncclPG/CCL-LYD/msccl_tools_lyd/examples/xml/xml_lyd/ring/allreduce_ring_node8_gpu32_mcl2_mck2_gan0.xml successfully.
x3109c0s31b0n0:48563:48591 [0] NCCL INFO Channel 04/0 : 0[7000] -> 4[7000] [receive] via NET/AWS Libfabric/3
x3109c0s31b0n0:48565:48588 [2] NCCL INFO Channel 07/0 : 2[85000] -> 6[85000] [receive] via NET/AWS Libfabric/3
x3004c0s25b1n0:26943:26970 [0] NCCL INFO Channel 03 : 24[7000] -> 27[c7000] via P2P/IPC/read
x3004c0s31b0n0:45337:45360 [3] NCCL INFO Channel 03 : 31[c7000] -> 28[7000] via P2P/IPC/read
x3109c0s31b0n0:48563:48591 [0] NCCL INFO Channel 05/0 : 0[7000] -> 4[7000] [receive] via NET/AWS Libfabric/3
x3109c0s25b1n0:19650:19675 [0] NCCL INFO Channel 04/0 : 28[7000] -> 0[7000] [receive] via NET/AWS Libfabric/3
x3004c0s1b1n0:22172:22196 [3] NCCL INFO Channel 03 : 19[c7000] -> 16[7000] via P2P/IPC/read
x3004c0s25b1n0:26945:26969 [2] NCCL INFO Channel 02 : 26[85000] -> 25[46000] via P2P/IPC/read
x3004c0s25b0n0:42287:42309 [3] NCCL INFO Channel 02 : 23[c7000] -> 20[7000] via P2P/IPC/read
x3109c0s31b1n0:54298:54332 [0] NCCL INFO Channel 04/0 : 8[7000] -> 12[7000] [send] via NET/AWS Libfabric/3
x3004c0s25b1n0:26946:26967 [3] NCCL INFO Channel 02 : 27[c7000] -> 24[7000] via P2P/IPC/read
x3109c0s37b0n0:61346:61373 [0] NCCL INFO Channel 04/0 : 12[7000] -> 16[7000] [send] via NET/AWS Libfabric/3
x3004c0s31b0n0:45334:45361 [0] NCCL INFO Channel 04/0 : 24[7000] -> 28[7000] [receive] via NET/AWS Libfabric/3
x3004c0s1b1n0:22169:22195 [0] NCCL INFO Channel 04/0 : 12[7000] -> 16[7000] [receive] via NET/AWS Libfabric/3
x3109c0s37b0n0:61346:61373 [0] NCCL INFO Channel 05/0 : 12[7000] -> 16[7000] [send] via NET/AWS Libfabric/3
x3109c0s31b1n0:54300:54329 [2] NCCL INFO Channel 06/0 : 6[85000] -> 10[85000] [receive] via NET/AWS Libfabric/3
x3004c0s25b0n0:42285:42308 [1] NCCL INFO Connected all trees
x3004c0s25b0n0:42285:42308 [1] NCCL INFO MSCCL: Parsing algorithm /home/yuke/ncclPG/CCL-LYD/msccl_tools_lyd/examples/xml/xml_lyd/ring/allreduce_ring_node8_gpu32_mcl2_mck2_gan0.xml
x3109c0s31b1n0:54298:54332 [0] NCCL INFO Channel 05/0 : 8[7000] -> 12[7000] [send] via NET/AWS Libfabric/3
x3004c0s25b1n0:26945:26969 [2] NCCL INFO Connected all trees
x3004c0s25b1n0:26945:26969 [2] NCCL INFO MSCCL: Parsing algorithm /home/yuke/ncclPG/CCL-LYD/msccl_tools_lyd/examples/xml/xml_lyd/ring/allreduce_ring_node8_gpu32_mcl2_mck2_gan0.xml
x3109c0s25b1n0:19650:19675 [0] NCCL INFO Channel 05/0 : 28[7000] -> 0[7000] [receive] via NET/AWS Libfabric/3
x3004c0s25b0n0:42286:42310 [2] NCCL INFO Connected all trees
x3004c0s25b0n0:42286:42310 [2] NCCL INFO MSCCL: Parsing algorithm /home/yuke/ncclPG/CCL-LYD/msccl_tools_lyd/examples/xml/xml_lyd/ring/allreduce_ring_node8_gpu32_mcl2_mck2_gan0.xml
x3109c0s31b0n0:48565:48588 [2] NCCL INFO Channel 06/0 : 6[85000] -> 10[85000] [send] via NET/AWS Libfabric/3
x3004c0s25b0n0:42285:42308 [1] NCCL INFO Parsed MSCCL Algorithm /home/yuke/ncclPG/CCL-LYD/msccl_tools_lyd/examples/xml/xml_lyd/ring/allreduce_ring_node8_gpu32_mcl2_mck2_gan0.xml successfully.
x3004c0s25b1n0:26944:26968 [1] NCCL INFO Connected all trees
x3004c0s25b1n0:26944:26968 [1] NCCL INFO MSCCL: Parsing algorithm /home/yuke/ncclPG/CCL-LYD/msccl_tools_lyd/examples/xml/xml_lyd/ring/allreduce_ring_node8_gpu32_mcl2_mck2_gan0.xml
x3004c0s25b0n0:42285:42308 [1] NCCL INFO Connected 1 MSCCL algorithms
x3004c0s25b0n0:42285:42308 [1] NCCL INFO threadThresholds 8/8/64 | 256/8/64 | 8/8/64 | 8/8/512
x3004c0s25b0n0:42285:42308 [1] NCCL INFO 8 coll channels, 4 p2p channels, 2 p2p channels per peer
x3004c0s25b0n0:42287:42309 [3] NCCL INFO Channel 03 : 23[c7000] -> 20[7000] via P2P/IPC/read
x3004c0s25b1n0:26945:26969 [2] NCCL INFO Parsed MSCCL Algorithm /home/yuke/ncclPG/CCL-LYD/msccl_tools_lyd/examples/xml/xml_lyd/ring/allreduce_ring_node8_gpu32_mcl2_mck2_gan0.xml successfully.
x3004c0s25b0n0:42286:42310 [2] NCCL INFO Parsed MSCCL Algorithm /home/yuke/ncclPG/CCL-LYD/msccl_tools_lyd/examples/xml/xml_lyd/ring/allreduce_ring_node8_gpu32_mcl2_mck2_gan0.xml successfully.
x3004c0s25b0n0:42284:42311 [0] NCCL INFO Channel 04/0 : 16[7000] -> 20[7000] [receive] via NET/AWS Libfabric/3
x3109c0s31b0n0:48563:48591 [0] NCCL INFO Channel 04/0 : 4[7000] -> 8[7000] [send] via NET/AWS Libfabric/3
x3004c0s25b1n0:26944:26968 [1] NCCL INFO Parsed MSCCL Algorithm /home/yuke/ncclPG/CCL-LYD/msccl_tools_lyd/examples/xml/xml_lyd/ring/allreduce_ring_node8_gpu32_mcl2_mck2_gan0.xml successfully.
x3004c0s25b1n0:26944:26968 [1] NCCL INFO Connected 1 MSCCL algorithms
x3004c0s1b1n0:22169:22195 [0] NCCL INFO Channel 05/0 : 12[7000] -> 16[7000] [receive] via NET/AWS Libfabric/3
x3004c0s25b1n0:26944:26968 [1] NCCL INFO threadThresholds 8/8/64 | 256/8/64 | 8/8/64 | 8/8/512
x3004c0s25b1n0:26944:26968 [1] NCCL INFO 8 coll channels, 4 p2p channels, 2 p2p channels per peer
x3004c0s31b0n0:45334:45361 [0] NCCL INFO Channel 05/0 : 24[7000] -> 28[7000] [receive] via NET/AWS Libfabric/3
x3109c0s31b0n0:48565:48588 [2] NCCL INFO Channel 07/0 : 6[85000] -> 10[85000] [send] via NET/AWS Libfabric/3
x3004c0s25b1n0:26946:26967 [3] NCCL INFO Channel 03 : 27[c7000] -> 24[7000] via P2P/IPC/read
x3109c0s31b0n0:48563:48591 [0] NCCL INFO Channel 05/0 : 4[7000] -> 8[7000] [send] via NET/AWS Libfabric/3
x3109c0s31b1n0:54300:54329 [2] NCCL INFO Channel 07/0 : 6[85000] -> 10[85000] [receive] via NET/AWS Libfabric/3
x3004c0s25b1n0:26943:26970 [0] NCCL INFO Channel 04/0 : 20[7000] -> 24[7000] [receive] via NET/AWS Libfabric/3
x3004c0s25b0n0:42284:42311 [0] NCCL INFO Channel 05/0 : 16[7000] -> 20[7000] [receive] via NET/AWS Libfabric/3
x3004c0s25b0n0:42286:42310 [2] NCCL INFO Channel 06/0 : 18[85000] -> 22[85000] [receive] via NET/AWS Libfabric/3
x3109c0s25b1n0:19650:19675 [0] NCCL INFO Channel 04/0 : 0[7000] -> 4[7000] [send] via NET/AWS Libfabric/3
x3004c0s31b0n0:45334:45361 [0] NCCL INFO Channel 04/0 : 28[7000] -> 0[7000] [send] via NET/AWS Libfabric/3
x3004c0s25b1n0:26943:26970 [0] NCCL INFO Channel 05/0 : 20[7000] -> 24[7000] [receive] via NET/AWS Libfabric/3
x3004c0s1b1n0:22169:22195 [0] NCCL INFO Channel 04/0 : 16[7000] -> 20[7000] [send] via NET/AWS Libfabric/3
x3004c0s25b1n0:26945:26969 [2] NCCL INFO Channel 06/0 : 22[85000] -> 26[85000] [receive] via NET/AWS Libfabric/3
x3004c0s1b1n0:22169:22195 [0] NCCL INFO Channel 05/0 : 16[7000] -> 20[7000] [send] via NET/AWS Libfabric/3
x3109c0s25b1n0:19650:19675 [0] NCCL INFO Channel 05/0 : 0[7000] -> 4[7000] [send] via NET/AWS Libfabric/3
x3004c0s31b0n0:45334:45361 [0] NCCL INFO Channel 05/0 : 28[7000] -> 0[7000] [send] via NET/AWS Libfabric/3
x3109c0s31b1n0:54300:54329 [2] NCCL INFO Channel 06/0 : 10[85000] -> 14[85000] [send] via NET/AWS Libfabric/3
x3004c0s25b0n0:42284:42311 [0] NCCL INFO Channel 04/0 : 20[7000] -> 24[7000] [send] via NET/AWS Libfabric/3
x3109c0s31b1n0:54300:54329 [2] NCCL INFO Channel 07/0 : 10[85000] -> 14[85000] [send] via NET/AWS Libfabric/3
x3004c0s25b1n0:26945:26969 [2] NCCL INFO Channel 07/0 : 22[85000] -> 26[85000] [receive] via NET/AWS Libfabric/3
x3004c0s25b0n0:42286:42310 [2] NCCL INFO Channel 07/0 : 18[85000] -> 22[85000] [receive] via NET/AWS Libfabric/3
x3004c0s25b1n0:26943:26970 [0] NCCL INFO Channel 04/0 : 24[7000] -> 28[7000] [send] via NET/AWS Libfabric/3
x3004c0s25b0n0:42284:42311 [0] NCCL INFO Channel 05/0 : 20[7000] -> 24[7000] [send] via NET/AWS Libfabric/3
x3004c0s25b0n0:42286:42310 [2] NCCL INFO Channel 06/0 : 22[85000] -> 26[85000] [send] via NET/AWS Libfabric/3
x3004c0s25b1n0:26943:26970 [0] NCCL INFO Channel 05/0 : 24[7000] -> 28[7000] [send] via NET/AWS Libfabric/3
x3109c0s37b0n0:61346:61373 [0] NCCL INFO Connected 1 MSCCL algorithms
x3109c0s37b0n0:61346:61373 [0] NCCL INFO threadThresholds 8/8/64 | 256/8/64 | 8/8/64 | 8/8/512
x3109c0s37b0n0:61346:61373 [0] NCCL INFO 8 coll channels, 4 p2p channels, 2 p2p channels per peer
x3109c0s37b0n0:61349:61371 [3] NCCL INFO Connected 1 MSCCL algorithms
x3109c0s37b0n0:61349:61371 [3] NCCL INFO threadThresholds 8/8/64 | 256/8/64 | 8/8/64 | 8/8/512
x3109c0s37b0n0:61349:61371 [3] NCCL INFO 8 coll channels, 4 p2p channels, 2 p2p channels per peer
x3004c0s25b1n0:26945:26969 [2] NCCL INFO Channel 06/0 : 26[85000] -> 30[85000] [send] via NET/AWS Libfabric/3
x3109c0s31b1n0:54300:54329 [2] NCCL INFO Connected 1 MSCCL algorithms
x3109c0s31b1n0:54300:54329 [2] NCCL INFO threadThresholds 8/8/64 | 256/8/64 | 8/8/64 | 8/8/512
x3109c0s31b1n0:54300:54329 [2] NCCL INFO 8 coll channels, 4 p2p channels, 2 p2p channels per peer
x3109c0s37b0n0:61348:61372 [2] NCCL INFO Connected 1 MSCCL algorithms
x3109c0s37b0n0:61348:61372 [2] NCCL INFO threadThresholds 8/8/64 | 256/8/64 | 8/8/64 | 8/8/512
x3109c0s37b0n0:61348:61372 [2] NCCL INFO 8 coll channels, 4 p2p channels, 2 p2p channels per peer
x3004c0s25b1n0:26945:26969 [2] NCCL INFO Channel 07/0 : 26[85000] -> 30[85000] [send] via NET/AWS Libfabric/3
x3109c0s31b0n0:48563:48591 [0] NCCL INFO Connected 1 MSCCL algorithms
x3109c0s31b0n0:48563:48591 [0] NCCL INFO threadThresholds 8/8/64 | 256/8/64 | 8/8/64 | 8/8/512
x3109c0s31b0n0:48563:48591 [0] NCCL INFO 8 coll channels, 4 p2p channels, 2 p2p channels per peer
x3109c0s31b0n0:48566:48589 [3] NCCL INFO Connected 1 MSCCL algorithms
x3109c0s31b0n0:48566:48589 [3] NCCL INFO threadThresholds 8/8/64 | 256/8/64 | 8/8/64 | 8/8/512
x3109c0s31b0n0:48566:48589 [3] NCCL INFO 8 coll channels, 4 p2p channels, 2 p2p channels per peer
x3109c0s31b1n0:54301:54331 [3] NCCL INFO Connected 1 MSCCL algorithms
x3109c0s31b1n0:54298:54332 [0] NCCL INFO Connected 1 MSCCL algorithms
x3109c0s31b1n0:54298:54332 [0] NCCL INFO threadThresholds 8/8/64 | 256/8/64 | 8/8/64 | 8/8/512
x3109c0s31b1n0:54298:54332 [0] NCCL INFO 8 coll channels, 4 p2p channels, 2 p2p channels per peer
x3109c0s31b1n0:54301:54331 [3] NCCL INFO threadThresholds 8/8/64 | 256/8/64 | 8/8/64 | 8/8/512
x3109c0s31b1n0:54301:54331 [3] NCCL INFO 8 coll channels, 4 p2p channels, 2 p2p channels per peer
x3109c0s31b0n0:48565:48588 [2] NCCL INFO Connected 1 MSCCL algorithms
x3109c0s31b0n0:48565:48588 [2] NCCL INFO threadThresholds 8/8/64 | 256/8/64 | 8/8/64 | 8/8/512
x3109c0s31b0n0:48565:48588 [2] NCCL INFO 8 coll channels, 4 p2p channels, 2 p2p channels per peer
x3004c0s25b1n0:26943:26970 [0] NCCL INFO Connected 1 MSCCL algorithms
x3004c0s25b1n0:26943:26970 [0] NCCL INFO threadThresholds 8/8/64 | 256/8/64 | 8/8/64 | 8/8/512
x3004c0s25b1n0:26943:26970 [0] NCCL INFO 8 coll channels, 4 p2p channels, 2 p2p channels per peer
x3004c0s25b1n0:26946:26967 [3] NCCL INFO Connected 1 MSCCL algorithms
x3004c0s25b1n0:26946:26967 [3] NCCL INFO threadThresholds 8/8/64 | 256/8/64 | 8/8/64 | 8/8/512
x3004c0s25b1n0:26946:26967 [3] NCCL INFO 8 coll channels, 4 p2p channels, 2 p2p channels per peer
x3004c0s25b0n0:42286:42310 [2] NCCL INFO Channel 07/0 : 22[85000] -> 26[85000] [send] via NET/AWS Libfabric/3
x3004c0s31b0n0:45334:45361 [0] NCCL INFO Connected 1 MSCCL algorithms
x3004c0s31b0n0:45334:45361 [0] NCCL INFO threadThresholds 8/8/64 | 256/8/64 | 8/8/64 | 8/8/512
x3004c0s31b0n0:45334:45361 [0] NCCL INFO 8 coll channels, 4 p2p channels, 2 p2p channels per peer
x3004c0s31b0n0:45337:45360 [3] NCCL INFO Connected 1 MSCCL algorithms
x3004c0s31b0n0:45337:45360 [3] NCCL INFO threadThresholds 8/8/64 | 256/8/64 | 8/8/64 | 8/8/512
x3004c0s31b0n0:45337:45360 [3] NCCL INFO 8 coll channels, 4 p2p channels, 2 p2p channels per peer
x3109c0s37b0n0:61348:61372 [2] NCCL INFO comm 0x14b7a045a010 rank 14 nranks 32 cudaDev 2 busId 85000 - Init COMPLETE
x3109c0s37b0n0:61349:61371 [3] NCCL INFO comm 0x14c5ac45a010 rank 15 nranks 32 cudaDev 3 busId c7000 - Init COMPLETE
x3109c0s37b0n0:61346:61373 [0] NCCL INFO comm 0x154b1045a010 rank 12 nranks 32 cudaDev 0 busId 7000 - Init COMPLETE
x3109c0s37b0n0:61347:61370 [1] NCCL INFO comm 0x15298c01f010 rank 13 nranks 32 cudaDev 1 busId 46000 - Init COMPLETE
