x3207c0s37b1n0:32145:32172 [0] NCCL INFO Channel 02 : 24[7000] -> 25[46000] via P2P/IPC/read
x3014c0s13b0n0:48944:48966 [2] NCCL INFO Channel 00 : 14[85000] -> 15[c7000] via P2P/IPC/read
x3014c0s13b0n0:48944:48966 [2] NCCL INFO Channel 01 : 14[85000] -> 15[c7000] via P2P/IPC/read
x3014c0s13b0n0:48944:48966 [2] NCCL INFO Channel 02 : 14[85000] -> 15[c7000] via P2P/IPC/read
x3014c0s13b0n0:48944:48966 [2] NCCL INFO Channel 03 : 14[85000] -> 15[c7000] via P2P/IPC/read
x3014c0s19b0n0:28297:28319 [2] NCCL INFO Channel 00 : 22[85000] -> 23[c7000] via P2P/IPC/read
x3014c0s19b0n0:28297:28319 [2] NCCL INFO Channel 01 : 22[85000] -> 23[c7000] via P2P/IPC/read
x3014c0s19b0n0:28297:28319 [2] NCCL INFO Channel 02 : 22[85000] -> 23[c7000] via P2P/IPC/read
x3014c0s19b0n0:28297:28319 [2] NCCL INFO Channel 03 : 22[85000] -> 23[c7000] via P2P/IPC/read
x3013c0s7b1n0:35439:35461 [2] NCCL INFO Channel 00 : 10[85000] -> 11[c7000] via P2P/IPC/read
x3013c0s37b1n0:22764:22789 [1] NCCL INFO Channel 00 : 1[46000] -> 2[85000] via P2P/IPC/read
x3013c0s37b1n0:22764:22789 [1] NCCL INFO Channel 01 : 1[46000] -> 2[85000] via P2P/IPC/read
x3013c0s37b1n0:22764:22789 [1] NCCL INFO Channel 02 : 1[46000] -> 2[85000] via P2P/IPC/read
x3014c0s19b0n0:28295:28321 [0] NCCL INFO Channel 01 : 20[7000] -> 21[46000] via P2P/IPC/read
x3013c0s37b1n0:22764:22789 [1] NCCL INFO Channel 03 : 1[46000] -> 2[85000] via P2P/IPC/read
x3013c0s7b1n0:35438:35463 [1] NCCL INFO Channel 00 : 9[46000] -> 10[85000] via P2P/IPC/read
x3013c0s7b1n0:35438:35463 [1] NCCL INFO Channel 01 : 9[46000] -> 10[85000] via P2P/IPC/read
x3013c0s7b1n0:35438:35463 [1] NCCL INFO Channel 02 : 9[46000] -> 10[85000] via P2P/IPC/read
x3013c0s7b1n0:35438:35463 [1] NCCL INFO Channel 03 : 9[46000] -> 10[85000] via P2P/IPC/read
x3013c0s7b1n0:35437:35464 [0] NCCL INFO Channel 01 : 8[7000] -> 9[46000] via P2P/IPC/read
x3013c0s7b1n0:35437:35464 [0] NCCL INFO Channel 02 : 8[7000] -> 9[46000] via P2P/IPC/read
x3013c0s7b1n0:35437:35464 [0] NCCL INFO Channel 03 : 8[7000] -> 9[46000] via P2P/IPC/read
x3014c0s13b0n0:48942:48968 [0] NCCL INFO Connected all rings
x3014c0s13b0n0:48942:48968 [0] NCCL INFO Channel 00 : 12[7000] -> 13[46000] via P2P/IPC/read
x3014c0s13b0n0:48943:48969 [1] NCCL INFO Connected all rings
x3014c0s19b0n0:28296:28318 [1] NCCL INFO Channel 00 : 21[46000] -> 22[85000] via P2P/IPC/read
x3014c0s19b0n0:28296:28318 [1] NCCL INFO Channel 01 : 21[46000] -> 22[85000] via P2P/IPC/read
x3014c0s19b0n0:28296:28318 [1] NCCL INFO Channel 02 : 21[46000] -> 22[85000] via P2P/IPC/read
x3014c0s19b0n0:28296:28318 [1] NCCL INFO Channel 03 : 21[46000] -> 22[85000] via P2P/IPC/read
x3013c0s7b0n0:21791:21813 [2] NCCL INFO Connected all rings
x3013c0s7b0n0:21792:21814 [3] NCCL INFO Connected all rings
x3014c0s19b0n0:28295:28321 [0] NCCL INFO Channel 02 : 20[7000] -> 21[46000] via P2P/IPC/read
x3013c0s7b1n0:35439:35461 [2] NCCL INFO Channel 01 : 10[85000] -> 11[c7000] via P2P/IPC/read
x3013c0s7b0n0:21789:21815 [0] NCCL INFO Channel 02/0 : 0[7000] -> 4[7000] [receive] via NET/AWS Libfabric/3
x3207c0s37b1n0:32147:32170 [2] NCCL INFO Channel 00 : 26[85000] -> 27[c7000] via P2P/IPC/read
x3207c0s37b1n0:32145:32172 [0] NCCL INFO Channel 03 : 24[7000] -> 25[46000] via P2P/IPC/read
x3207c0s7b0n0:26007:26031 [2] NCCL INFO Channel 00 : 30[85000] -> 31[c7000] via P2P/IPC/read
x3014c0s19b0n0:28295:28321 [0] NCCL INFO Channel 03 : 20[7000] -> 21[46000] via P2P/IPC/read
x3207c0s7b0n0:26006:26032 [1] NCCL INFO Channel 00 : 29[46000] -> 30[85000] via P2P/IPC/read
x3207c0s7b0n0:26006:26032 [1] NCCL INFO Channel 01 : 29[46000] -> 30[85000] via P2P/IPC/read
x3207c0s7b0n0:26006:26032 [1] NCCL INFO Channel 02 : 29[46000] -> 30[85000] via P2P/IPC/read
x3207c0s7b0n0:26006:26032 [1] NCCL INFO Channel 03 : 29[46000] -> 30[85000] via P2P/IPC/read
x3014c0s13b0n0:48942:48968 [0] NCCL INFO Channel 01 : 12[7000] -> 13[46000] via P2P/IPC/read
x3013c0s7b1n0:35439:35461 [2] NCCL INFO Channel 02 : 10[85000] -> 11[c7000] via P2P/IPC/read
x3014c0s13b0n0:48942:48968 [0] NCCL INFO Channel 02 : 12[7000] -> 13[46000] via P2P/IPC/read
x3014c0s13b0n0:48942:48968 [0] NCCL INFO Channel 03 : 12[7000] -> 13[46000] via P2P/IPC/read
x3013c0s37b1n0:22765:22791 [2] NCCL INFO Channel 00 : 2[85000] -> 3[c7000] via P2P/IPC/read
x3013c0s37b1n0:22765:22791 [2] NCCL INFO Channel 01 : 2[85000] -> 3[c7000] via P2P/IPC/read
x3013c0s37b1n0:22765:22791 [2] NCCL INFO Channel 02 : 2[85000] -> 3[c7000] via P2P/IPC/read
x3013c0s37b1n0:22765:22791 [2] NCCL INFO Channel 03 : 2[85000] -> 3[c7000] via P2P/IPC/read
x3014c0s13b1n0:44408:44432 [1] NCCL INFO Channel 00 : 17[46000] -> 18[85000] via P2P/IPC/read
x3013c0s37b1n0:22765:22791 [2] NCCL INFO Channel 00 : 2[85000] -> 1[46000] via P2P/IPC/read
x3014c0s19b0n0:28298:28322 [3] NCCL INFO Channel 01/0 : 23[c7000] -> 26[85000] [send] via NET/AWS Libfabric/1
x3013c0s37b1n0:22763:22788 [0] NCCL INFO Channel 02/0 : 0[7000] -> 4[7000] [send] via NET/AWS Libfabric/3
x3207c0s7b0n0:26007:26031 [2] NCCL INFO Channel 01 : 30[85000] -> 31[c7000] via P2P/IPC/read
x3013c0s7b1n0:35439:35461 [2] NCCL INFO Channel 03 : 10[85000] -> 11[c7000] via P2P/IPC/read
x3207c0s37b1n0:32146:32169 [1] NCCL INFO Channel 00 : 25[46000] -> 26[85000] via P2P/IPC/read
x3014c0s19b0n0:28297:28319 [2] NCCL INFO Channel 03/0 : 22[85000] -> 27[c7000] [send] via NET/AWS Libfabric/1
x3013c0s37b1n0:22766:22790 [3] NCCL INFO Channel 03/0 : 3[c7000] -> 7[c7000] [send] via NET/AWS Libfabric/1
x3013c0s7b1n0:35437:35464 [0] NCCL INFO Channel 02/0 : 5[46000] -> 8[7000] [receive] via NET/AWS Libfabric/3
x3014c0s13b1n0:44408:44432 [1] NCCL INFO Channel 01 : 17[46000] -> 18[85000] via P2P/IPC/read
x3013c0s37b1n0:22765:22791 [2] NCCL INFO Channel 02 : 2[85000] -> 1[46000] via P2P/IPC/read
x3014c0s13b1n0:44409:44430 [2] NCCL INFO Channel 00 : 18[85000] -> 19[c7000] via P2P/IPC/read
x3207c0s7b0n0:26007:26031 [2] NCCL INFO Channel 02 : 30[85000] -> 31[c7000] via P2P/IPC/read
x3207c0s7b0n0:26005:26030 [0] NCCL INFO Channel 00/0 : 24[7000] -> 28[7000] [receive] via NET/AWS Libfabric/3
x3014c0s13b1n0:44409:44430 [2] NCCL INFO Channel 01 : 18[85000] -> 19[c7000] via P2P/IPC/read
x3014c0s13b1n0:44409:44430 [2] NCCL INFO Channel 02 : 18[85000] -> 19[c7000] via P2P/IPC/read
x3014c0s13b1n0:44409:44430 [2] NCCL INFO Channel 03 : 18[85000] -> 19[c7000] via P2P/IPC/read
x3014c0s19b0n0:28296:28318 [1] NCCL INFO Channel 02/0 : 21[46000] -> 24[7000] [send] via NET/AWS Libfabric/3
x3207c0s37b1n0:32146:32169 [1] NCCL INFO Channel 01 : 25[46000] -> 26[85000] via P2P/IPC/read
x3207c0s37b1n0:32147:32170 [2] NCCL INFO Channel 01 : 26[85000] -> 27[c7000] via P2P/IPC/read
x3013c0s7b0n0:21789:21815 [0] NCCL INFO Channel 00/0 : 4[7000] -> 9[46000] [send] via NET/AWS Libfabric/3
x3014c0s13b0n0:48943:48969 [1] NCCL INFO Channel 00 : 13[46000] -> 14[85000] via P2P/IPC/read
x3014c0s13b0n0:48945:48967 [3] NCCL INFO Channel 01/0 : 11[c7000] -> 15[c7000] [receive] via NET/AWS Libfabric/1
x3013c0s7b1n0:35438:35463 [1] NCCL INFO Channel 00/0 : 4[7000] -> 9[46000] [receive] via NET/AWS Libfabric/3
x3013c0s7b1n0:35440:35462 [3] NCCL INFO Channel 01/0 : 11[c7000] -> 15[c7000] [send] via NET/AWS Libfabric/1
x3013c0s37b1n0:22763:22788 [0] NCCL INFO Channel 00/0 : 16[7000] -> 0[7000] [receive] via NET/AWS Libfabric/3
x3013c0s37b1n0:22764:22789 [1] NCCL INFO Connected all trees
x3013c0s37b1n0:22764:22789 [1] NCCL INFO MSCCL: Parsing algorithm /home/yuke/ncclPG/CCL-LYD/msccl_tools_lyd/examples/xml/xml_lyd/ring/allreduce_ring_node8_gpu32_mcl2_mck2_gan0.xml
x3013c0s37b1n0:22765:22791 [2] NCCL INFO Connected all trees
x3013c0s37b1n0:22765:22791 [2] NCCL INFO MSCCL: Parsing algorithm /home/yuke/ncclPG/CCL-LYD/msccl_tools_lyd/examples/xml/xml_lyd/ring/allreduce_ring_node8_gpu32_mcl2_mck2_gan0.xml
x3014c0s13b1n0:44408:44432 [1] NCCL INFO Channel 02 : 17[46000] -> 18[85000] via P2P/IPC/read
x3207c0s7b0n0:26007:26031 [2] NCCL INFO Channel 03 : 30[85000] -> 31[c7000] via P2P/IPC/read
x3014c0s13b0n0:48943:48969 [1] NCCL INFO Channel 01 : 13[46000] -> 14[85000] via P2P/IPC/read
x3207c0s37b1n0:32147:32170 [2] NCCL INFO Channel 02 : 26[85000] -> 27[c7000] via P2P/IPC/read
x3207c0s37b1n0:32147:32170 [2] NCCL INFO Channel 03 : 26[85000] -> 27[c7000] via P2P/IPC/read
x3014c0s13b0n0:48943:48969 [1] NCCL INFO Channel 02 : 13[46000] -> 14[85000] via P2P/IPC/read
x3014c0s19b0n0:28295:28321 [0] NCCL INFO Channel 02/0 : 16[7000] -> 20[7000] [receive] via NET/AWS Libfabric/3
x3207c0s37b1n0:32146:32169 [1] NCCL INFO Channel 02 : 25[46000] -> 26[85000] via P2P/IPC/read
x3013c0s37b1n0:22764:22789 [1] NCCL INFO Parsed MSCCL Algorithm /home/yuke/ncclPG/CCL-LYD/msccl_tools_lyd/examples/xml/xml_lyd/ring/allreduce_ring_node8_gpu32_mcl2_mck2_gan0.xml successfully.
x3013c0s37b1n0:22765:22791 [2] NCCL INFO Parsed MSCCL Algorithm /home/yuke/ncclPG/CCL-LYD/msccl_tools_lyd/examples/xml/xml_lyd/ring/allreduce_ring_node8_gpu32_mcl2_mck2_gan0.xml successfully.
x3207c0s37b1n0:32148:32171 [3] NCCL INFO Channel 01/0 : 27[c7000] -> 31[c7000] [send] via NET/AWS Libfabric/1
x3014c0s13b1n0:44408:44432 [1] NCCL INFO Channel 03 : 17[46000] -> 18[85000] via P2P/IPC/read
x3013c0s7b1n0:35440:35462 [3] NCCL INFO Channel 03/0 : 6[85000] -> 11[c7000] [receive] via NET/AWS Libfabric/1
x3207c0s37b1n0:32146:32169 [1] NCCL INFO Channel 03 : 25[46000] -> 26[85000] via P2P/IPC/read
x3207c0s7b0n0:26007:26031 [2] NCCL INFO Channel 00 : 30[85000] -> 29[46000] via P2P/IPC/read
x3013c0s7b0n0:21789:21815 [0] NCCL INFO Channel 02/0 : 4[7000] -> 12[7000] [send] via NET/AWS Libfabric/3
x3013c0s37b1n0:22763:22788 [0] NCCL INFO Channel 00/0 : 0[7000] -> 16[7000] [send] via NET/AWS Libfabric/3
x3014c0s13b0n0:48943:48969 [1] NCCL INFO Channel 03 : 13[46000] -> 14[85000] via P2P/IPC/read
x3013c0s7b1n0:35439:35461 [2] NCCL INFO Channel 01/0 : 7[c7000] -> 10[85000] [receive] via NET/AWS Libfabric/1
x3013c0s7b1n0:35438:35463 [1] NCCL INFO Channel 00/0 : 9[46000] -> 4[7000] [send] via NET/AWS Libfabric/3
x3013c0s37b1n0:22764:22789 [1] NCCL INFO Channel 01/0 : 30[85000] -> 1[46000] [receive] via NET/AWS Libfabric/3
x3207c0s7b0n0:26008:26029 [3] NCCL INFO Channel 01/0 : 27[c7000] -> 31[c7000] [receive] via NET/AWS Libfabric/1
x3014c0s13b1n0:44410:44433 [3] NCCL INFO Channel 03/0 : 19[c7000] -> 23[c7000] [send] via NET/AWS Libfabric/1
x3013c0s7b0n0:21791:21813 [2] NCCL INFO Channel 00 : 6[85000] -> 7[c7000] via P2P/IPC/read
x3013c0s7b0n0:21791:21813 [2] NCCL INFO Channel 01 : 6[85000] -> 7[c7000] via P2P/IPC/read
x3013c0s7b0n0:21791:21813 [2] NCCL INFO Channel 02 : 6[85000] -> 7[c7000] via P2P/IPC/read
x3013c0s7b0n0:21791:21813 [2] NCCL INFO Channel 03 : 6[85000] -> 7[c7000] via P2P/IPC/read
x3207c0s7b0n0:26007:26031 [2] NCCL INFO Channel 02 : 30[85000] -> 29[46000] via P2P/IPC/read
x3014c0s13b1n0:44407:44431 [0] NCCL INFO Channel 02/0 : 16[7000] -> 20[7000] [send] via NET/AWS Libfabric/3
x3013c0s37b1n0:22765:22791 [2] NCCL INFO Channel 01/0 : 2[85000] -> 5[46000] [send] via NET/AWS Libfabric/3
x3013c0s7b0n0:21792:21814 [3] NCCL INFO Channel 01/0 : 7[c7000] -> 10[85000] [send] via NET/AWS Libfabric/1
x3014c0s13b0n0:48945:48967 [3] NCCL INFO Channel 03/0 : 7[c7000] -> 15[c7000] [receive] via NET/AWS Libfabric/1
x3013c0s7b0n0:21790:21812 [1] NCCL INFO Channel 02/0 : 5[46000] -> 8[7000] [send] via NET/AWS Libfabric/3
x3207c0s37b1n0:32148:32171 [3] NCCL INFO Channel 03/0 : 22[85000] -> 27[c7000] [receive] via NET/AWS Libfabric/1
x3014c0s13b1n0:44407:44431 [0] NCCL INFO Channel 00/0 : 16[7000] -> 24[7000] [send] via NET/AWS Libfabric/3
x3014c0s13b1n0:44409:44430 [2] NCCL INFO Channel 01/0 : 11[c7000] -> 18[85000] [receive] via NET/AWS Libfabric/1
x3013c0s7b0n0:21792:21814 [3] NCCL INFO Channel 03/0 : 3[c7000] -> 7[c7000] [receive] via NET/AWS Libfabric/1
x3207c0s37b1n0:32145:32172 [0] NCCL INFO Channel 02/0 : 21[46000] -> 24[7000] [receive] via NET/AWS Libfabric/3
x3207c0s7b0n0:26006:26032 [1] NCCL INFO Connected all trees
x3207c0s7b0n0:26006:26032 [1] NCCL INFO MSCCL: Parsing algorithm /home/yuke/ncclPG/CCL-LYD/msccl_tools_lyd/examples/xml/xml_lyd/ring/allreduce_ring_node8_gpu32_mcl2_mck2_gan0.xml
x3207c0s7b0n0:26007:26031 [2] NCCL INFO Connected all trees
x3207c0s7b0n0:26007:26031 [2] NCCL INFO MSCCL: Parsing algorithm /home/yuke/ncclPG/CCL-LYD/msccl_tools_lyd/examples/xml/xml_lyd/ring/allreduce_ring_node8_gpu32_mcl2_mck2_gan0.xml
x3014c0s13b0n0:48944:48966 [2] NCCL INFO Channel 03/0 : 14[85000] -> 23[c7000] [send] via NET/AWS Libfabric/1
x3013c0s7b0n0:21791:21813 [2] NCCL INFO Channel 03/0 : 6[85000] -> 11[c7000] [send] via NET/AWS Libfabric/1
x3014c0s19b0n0:28295:28321 [0] NCCL INFO Channel 00/0 : 20[7000] -> 25[46000] [send] via NET/AWS Libfabric/3
x3207c0s37b1n0:32147:32170 [2] NCCL INFO Channel 01/0 : 23[c7000] -> 26[85000] [receive] via NET/AWS Libfabric/1
x3013c0s37b1n0:22766:22790 [3] NCCL INFO Channel 01/0 : 19[c7000] -> 3[c7000] [receive] via NET/AWS Libfabric/1
x3013c0s37b1n0:22766:22790 [3] NCCL INFO Channel 01/0 : 3[c7000] -> 19[c7000] [send] via NET/AWS Libfabric/1
x3014c0s13b1n0:44408:44432 [1] NCCL INFO Channel 00/0 : 8[7000] -> 17[46000] [receive] via NET/AWS Libfabric/3
x3207c0s7b0n0:26006:26032 [1] NCCL INFO Parsed MSCCL Algorithm /home/yuke/ncclPG/CCL-LYD/msccl_tools_lyd/examples/xml/xml_lyd/ring/allreduce_ring_node8_gpu32_mcl2_mck2_gan0.xml successfully.
x3207c0s7b0n0:26007:26031 [2] NCCL INFO Parsed MSCCL Algorithm /home/yuke/ncclPG/CCL-LYD/msccl_tools_lyd/examples/xml/xml_lyd/ring/allreduce_ring_node8_gpu32_mcl2_mck2_gan0.xml successfully.
x3013c0s7b1n0:35437:35464 [0] NCCL INFO Channel 00/0 : 8[7000] -> 12[7000] [send] via NET/AWS Libfabric/3
x3014c0s13b0n0:48943:48969 [1] NCCL INFO Channel 02/0 : 13[46000] -> 20[7000] [send] via NET/AWS Libfabric/3
x3013c0s7b1n0:35439:35461 [2] NCCL INFO Channel 01/0 : 10[85000] -> 7[c7000] [send] via NET/AWS Libfabric/1
x3207c0s37b1n0:32146:32169 [1] NCCL INFO Channel 00/0 : 20[7000] -> 25[46000] [receive] via NET/AWS Libfabric/3
x3207c0s7b0n0:26008:26029 [3] NCCL INFO Channel 03/0 : 15[c7000] -> 31[c7000] [receive] via NET/AWS Libfabric/1
x3014c0s13b0n0:48942:48968 [0] NCCL INFO Channel 00/0 : 8[7000] -> 12[7000] [receive] via NET/AWS Libfabric/3
x3013c0s7b0n0:21791:21813 [2] NCCL INFO Channel 03/0 : 11[c7000] -> 6[85000] [receive] via NET/AWS Libfabric/1
x3207c0s7b0n0:26008:26029 [3] NCCL INFO Channel 03/0 : 31[c7000] -> 15[c7000] [send] via NET/AWS Libfabric/1
x3014c0s19b0n0:28296:28318 [1] NCCL INFO Channel 02/0 : 24[7000] -> 21[46000] [receive] via NET/AWS Libfabric/3
x3013c0s7b0n0:21790:21812 [1] NCCL INFO Channel 02/0 : 8[7000] -> 5[46000] [receive] via NET/AWS Libfabric/3
x3013c0s7b0n0:21792:21814 [3] NCCL INFO Channel 03/0 : 7[c7000] -> 15[c7000] [send] via NET/AWS Libfabric/1
x3014c0s19b0n0:28297:28319 [2] NCCL INFO Channel 03/0 : 27[c7000] -> 22[85000] [receive] via NET/AWS Libfabric/1
x3207c0s7b0n0:26006:26032 [1] NCCL INFO Channel 01/0 : 26[85000] -> 29[46000] [receive] via NET/AWS Libfabric/3
x3207c0s7b0n0:26007:26031 [2] NCCL INFO Channel 01/0 : 30[85000] -> 1[46000] [send] via NET/AWS Libfabric/3
x3013c0s7b1n0:35440:35462 [3] NCCL INFO Channel 01/0 : 11[c7000] -> 18[85000] [send] via NET/AWS Libfabric/1
x3207c0s37b1n0:32146:32169 [1] NCCL INFO Channel 00/0 : 25[46000] -> 20[7000] [send] via NET/AWS Libfabric/3
x3014c0s19b0n0:28295:28321 [0] NCCL INFO Channel 02/0 : 13[46000] -> 20[7000] [receive] via NET/AWS Libfabric/3
x3014c0s19b0n0:28298:28322 [3] NCCL INFO Channel 03/0 : 19[c7000] -> 23[c7000] [receive] via NET/AWS Libfabric/1
x3013c0s7b0n0:21792:21814 [3] NCCL INFO Channel 03/0 : 15[c7000] -> 7[c7000] [receive] via NET/AWS Libfabric/1
x3207c0s37b1n0:32148:32171 [3] NCCL INFO Channel 01/0 : 19[c7000] -> 27[c7000] [receive] via NET/AWS Libfabric/1
x3207c0s7b0n0:26007:26031 [2] NCCL INFO Connected 1 MSCCL algorithms
x3207c0s7b0n0:26007:26031 [2] NCCL INFO threadThresholds 8/8/64 | 256/8/64 | 8/8/64 | 8/8/512
x3207c0s7b0n0:26007:26031 [2] NCCL INFO 4 coll channels, 4 p2p channels, 2 p2p channels per peer
x3207c0s37b1n0:32145:32172 [0] NCCL INFO Channel 00/0 : 24[7000] -> 28[7000] [send] via NET/AWS Libfabric/3
x3207c0s37b1n0:32147:32170 [2] NCCL INFO Channel 01/0 : 26[85000] -> 23[c7000] [send] via NET/AWS Libfabric/1
x3014c0s13b0n0:48945:48967 [3] NCCL INFO Channel 03/0 : 31[c7000] -> 15[c7000] [receive] via NET/AWS Libfabric/1
x3013c0s7b1n0:35437:35464 [0] NCCL INFO Channel 00/0 : 8[7000] -> 17[46000] [send] via NET/AWS Libfabric/3
x3014c0s13b1n0:44409:44430 [2] NCCL INFO Channel 01/0 : 18[85000] -> 11[c7000] [send] via NET/AWS Libfabric/1
x3013c0s37b1n0:22764:22789 [1] NCCL INFO Connected 1 MSCCL algorithms
x3207c0s7b0n0:26005:26030 [0] NCCL INFO Channel 02/0 : 12[7000] -> 28[7000] [receive] via NET/AWS Libfabric/3
x3207c0s7b0n0:26005:26030 [0] NCCL INFO Channel 02/0 : 28[7000] -> 12[7000] [send] via NET/AWS Libfabric/3
x3013c0s37b1n0:22764:22789 [1] NCCL INFO threadThresholds 8/8/64 | 256/8/64 | 8/8/64 | 8/8/512
x3013c0s37b1n0:22764:22789 [1] NCCL INFO 4 coll channels, 4 p2p channels, 2 p2p channels per peer
x3013c0s7b1n0:35440:35462 [3] NCCL INFO Channel 01/0 : 18[85000] -> 11[c7000] [receive] via NET/AWS Libfabric/1
x3014c0s13b1n0:44409:44430 [2] NCCL INFO Channel 00 : 18[85000] -> 17[46000] via P2P/IPC/read
x3014c0s13b1n0:44410:44433 [3] NCCL INFO Channel 01/0 : 19[c7000] -> 27[c7000] [send] via NET/AWS Libfabric/1
x3207c0s37b1n0:32145:32172 [0] NCCL INFO Channel 00/0 : 16[7000] -> 24[7000] [receive] via NET/AWS Libfabric/3
x3014c0s13b0n0:48942:48968 [0] NCCL INFO Channel 02/0 : 4[7000] -> 12[7000] [receive] via NET/AWS Libfabric/3
x3014c0s13b0n0:48943:48969 [1] NCCL INFO Channel 02/0 : 20[7000] -> 13[46000] [receive] via NET/AWS Libfabric/3
x3014c0s13b1n0:44409:44430 [2] NCCL INFO Channel 02 : 18[85000] -> 17[46000] via P2P/IPC/read
x3013c0s7b1n0:35437:35464 [0] NCCL INFO Channel 00/0 : 17[46000] -> 8[7000] [receive] via NET/AWS Libfabric/3
x3014c0s13b1n0:44408:44432 [1] NCCL INFO Channel 00/0 : 17[46000] -> 8[7000] [send] via NET/AWS Libfabric/3
x3014c0s19b0n0:28298:28322 [3] NCCL INFO Channel 03/0 : 14[85000] -> 23[c7000] [receive] via NET/AWS Libfabric/1
x3014c0s19b0n0:28295:28321 [0] NCCL INFO Channel 02/0 : 20[7000] -> 13[46000] [send] via NET/AWS Libfabric/3
x3014c0s13b0n0:48945:48967 [3] NCCL INFO Channel 03/0 : 15[c7000] -> 31[c7000] [send] via NET/AWS Libfabric/1
x3013c0s7b1n0:35440:35462 [3] NCCL INFO Channel 03/0 : 11[c7000] -> 6[85000] [send] via NET/AWS Libfabric/1
x3207c0s37b1n0:32148:32171 [3] NCCL INFO Channel 01/0 : 27[c7000] -> 19[c7000] [send] via NET/AWS Libfabric/1
x3013c0s7b0n0:21791:21813 [2] NCCL INFO Channel 00 : 6[85000] -> 5[46000] via P2P/IPC/read
x3014c0s13b1n0:44408:44432 [1] NCCL INFO Connected all trees
x3014c0s13b1n0:44408:44432 [1] NCCL INFO MSCCL: Parsing algorithm /home/yuke/ncclPG/CCL-LYD/msccl_tools_lyd/examples/xml/xml_lyd/ring/allreduce_ring_node8_gpu32_mcl2_mck2_gan0.xml
x3014c0s13b1n0:44409:44430 [2] NCCL INFO Connected all trees
x3014c0s13b1n0:44409:44430 [2] NCCL INFO MSCCL: Parsing algorithm /home/yuke/ncclPG/CCL-LYD/msccl_tools_lyd/examples/xml/xml_lyd/ring/allreduce_ring_node8_gpu32_mcl2_mck2_gan0.xml
x3014c0s13b1n0:44410:44433 [3] NCCL INFO Channel 01/0 : 3[c7000] -> 19[c7000] [receive] via NET/AWS Libfabric/1
x3013c0s7b0n0:21789:21815 [0] NCCL INFO Channel 02/0 : 12[7000] -> 4[7000] [receive] via NET/AWS Libfabric/3
x3013c0s7b0n0:21791:21813 [2] NCCL INFO Channel 02 : 6[85000] -> 5[46000] via P2P/IPC/read
x3013c0s7b1n0:35440:35462 [3] NCCL INFO Channel 01/0 : 15[c7000] -> 11[c7000] [receive] via NET/AWS Libfabric/1
x3014c0s13b1n0:44409:44430 [2] NCCL INFO Parsed MSCCL Algorithm /home/yuke/ncclPG/CCL-LYD/msccl_tools_lyd/examples/xml/xml_lyd/ring/allreduce_ring_node8_gpu32_mcl2_mck2_gan0.xml successfully.
x3014c0s13b1n0:44408:44432 [1] NCCL INFO Parsed MSCCL Algorithm /home/yuke/ncclPG/CCL-LYD/msccl_tools_lyd/examples/xml/xml_lyd/ring/allreduce_ring_node8_gpu32_mcl2_mck2_gan0.xml successfully.
x3014c0s13b1n0:44410:44433 [3] NCCL INFO Channel 01/0 : 19[c7000] -> 3[c7000] [send] via NET/AWS Libfabric/1
x3207c0s37b1n0:32145:32172 [0] NCCL INFO Channel 00/0 : 24[7000] -> 16[7000] [send] via NET/AWS Libfabric/3
x3014c0s13b1n0:44407:44431 [0] NCCL INFO Channel 00/0 : 0[7000] -> 16[7000] [receive] via NET/AWS Libfabric/3
x3014c0s13b1n0:44409:44430 [2] NCCL INFO Channel 01/0 : 18[85000] -> 21[46000] [send] via NET/AWS Libfabric/3
x3014c0s13b0n0:48942:48968 [0] NCCL INFO Channel 02/0 : 28[7000] -> 12[7000] [receive] via NET/AWS Libfabric/3
x3014c0s19b0n0:28295:28321 [0] NCCL INFO Channel 00/0 : 25[46000] -> 20[7000] [receive] via NET/AWS Libfabric/3
x3014c0s13b0n0:48945:48967 [3] NCCL INFO Channel 03/0 : 15[c7000] -> 7[c7000] [send] via NET/AWS Libfabric/1
x3014c0s13b1n0:44407:44431 [0] NCCL INFO Channel 00/0 : 16[7000] -> 0[7000] [send] via NET/AWS Libfabric/3
x3014c0s19b0n0:28298:28322 [3] NCCL INFO Channel 03/0 : 23[c7000] -> 14[85000] [send] via NET/AWS Libfabric/1
x3207c0s7b0n0:26008:26029 [3] NCCL INFO Channel 01/0 : 31[c7000] -> 27[c7000] [send] via NET/AWS Libfabric/1
x3014c0s13b0n0:48944:48966 [2] NCCL INFO Channel 03/0 : 23[c7000] -> 14[85000] [receive] via NET/AWS Libfabric/1
x3013c0s7b1n0:35437:35464 [0] NCCL INFO Channel 00/0 : 12[7000] -> 8[7000] [receive] via NET/AWS Libfabric/3
x3013c0s7b0n0:21792:21814 [3] NCCL INFO Channel 03/0 : 7[c7000] -> 3[c7000] [send] via NET/AWS Libfabric/1
x3014c0s13b0n0:48942:48968 [0] NCCL INFO Channel 02/0 : 12[7000] -> 28[7000] [send] via NET/AWS Libfabric/3
x3014c0s13b0n0:48945:48967 [3] NCCL INFO Channel 01/0 : 15[c7000] -> 11[c7000] [send] via NET/AWS Libfabric/1
x3014c0s13b0n0:48945:48967 [3] NCCL INFO Connected all trees
x3014c0s13b0n0:48945:48967 [3] NCCL INFO MSCCL: Parsing algorithm /home/yuke/ncclPG/CCL-LYD/msccl_tools_lyd/examples/xml/xml_lyd/ring/allreduce_ring_node8_gpu32_mcl2_mck2_gan0.xml
x3014c0s13b0n0:48944:48966 [2] NCCL INFO Channel 00 : 14[85000] -> 13[46000] via P2P/IPC/read
x3014c0s13b1n0:44408:44432 [1] NCCL INFO Channel 01/0 : 14[85000] -> 17[46000] [receive] via NET/AWS Libfabric/3
x3013c0s7b1n0:35440:35462 [3] NCCL INFO Connected all trees
x3013c0s7b1n0:35440:35462 [3] NCCL INFO MSCCL: Parsing algorithm /home/yuke/ncclPG/CCL-LYD/msccl_tools_lyd/examples/xml/xml_lyd/ring/allreduce_ring_node8_gpu32_mcl2_mck2_gan0.xml
x3014c0s13b0n0:48944:48966 [2] NCCL INFO Channel 02 : 14[85000] -> 13[46000] via P2P/IPC/read
x3014c0s13b0n0:48943:48969 [1] NCCL INFO Connected all trees
x3014c0s13b0n0:48943:48969 [1] NCCL INFO MSCCL: Parsing algorithm /home/yuke/ncclPG/CCL-LYD/msccl_tools_lyd/examples/xml/xml_lyd/ring/allreduce_ring_node8_gpu32_mcl2_mck2_gan0.xml
x3014c0s13b0n0:48944:48966 [2] NCCL INFO Connected all trees
x3014c0s13b0n0:48944:48966 [2] NCCL INFO MSCCL: Parsing algorithm /home/yuke/ncclPG/CCL-LYD/msccl_tools_lyd/examples/xml/xml_lyd/ring/allreduce_ring_node8_gpu32_mcl2_mck2_gan0.xml
x3014c0s13b0n0:48945:48967 [3] NCCL INFO Parsed MSCCL Algorithm /home/yuke/ncclPG/CCL-LYD/msccl_tools_lyd/examples/xml/xml_lyd/ring/allreduce_ring_node8_gpu32_mcl2_mck2_gan0.xml successfully.
x3014c0s19b0n0:28295:28321 [0] NCCL INFO Channel 02/0 : 20[7000] -> 16[7000] [send] via NET/AWS Libfabric/3
x3014c0s19b0n0:28298:28322 [3] NCCL INFO Channel 03/0 : 23[c7000] -> 19[c7000] [send] via NET/AWS Libfabric/1
x3014c0s13b0n0:48944:48966 [2] NCCL INFO Parsed MSCCL Algorithm /home/yuke/ncclPG/CCL-LYD/msccl_tools_lyd/examples/xml/xml_lyd/ring/allreduce_ring_node8_gpu32_mcl2_mck2_gan0.xml successfully.
x3013c0s7b1n0:35440:35462 [3] NCCL INFO Parsed MSCCL Algorithm /home/yuke/ncclPG/CCL-LYD/msccl_tools_lyd/examples/xml/xml_lyd/ring/allreduce_ring_node8_gpu32_mcl2_mck2_gan0.xml successfully.
x3014c0s13b0n0:48943:48969 [1] NCCL INFO Parsed MSCCL Algorithm /home/yuke/ncclPG/CCL-LYD/msccl_tools_lyd/examples/xml/xml_lyd/ring/allreduce_ring_node8_gpu32_mcl2_mck2_gan0.xml successfully.
x3013c0s37b1n0:22766:22790 [3] NCCL INFO Channel 03/0 : 7[c7000] -> 3[c7000] [receive] via NET/AWS Libfabric/1
x3013c0s37b1n0:22763:22788 [0] NCCL INFO Channel 02/0 : 4[7000] -> 0[7000] [receive] via NET/AWS Libfabric/3
x3014c0s13b1n0:44410:44433 [3] NCCL INFO Channel 01/0 : 27[c7000] -> 19[c7000] [receive] via NET/AWS Libfabric/1
x3014c0s13b1n0:44407:44431 [0] NCCL INFO Channel 00/0 : 24[7000] -> 16[7000] [receive] via NET/AWS Libfabric/3
x3014c0s13b0n0:48942:48968 [0] NCCL INFO Channel 02/0 : 12[7000] -> 4[7000] [send] via NET/AWS Libfabric/3
x3207c0s7b0n0:26005:26030 [0] NCCL INFO Channel 00/0 : 28[7000] -> 24[7000] [send] via NET/AWS Libfabric/3
x3013c0s37b1n0:22766:22790 [3] NCCL INFO Connected all trees
x3013c0s37b1n0:22766:22790 [3] NCCL INFO MSCCL: Parsing algorithm /home/yuke/ncclPG/CCL-LYD/msccl_tools_lyd/examples/xml/xml_lyd/ring/allreduce_ring_node8_gpu32_mcl2_mck2_gan0.xml
x3014c0s13b0n0:48943:48969 [1] NCCL INFO Channel 01/0 : 10[85000] -> 13[46000] [receive] via NET/AWS Libfabric/3
x3013c0s37b1n0:22766:22790 [3] NCCL INFO Parsed MSCCL Algorithm /home/yuke/ncclPG/CCL-LYD/msccl_tools_lyd/examples/xml/xml_lyd/ring/allreduce_ring_node8_gpu32_mcl2_mck2_gan0.xml successfully.
x3014c0s13b0n0:48944:48966 [2] NCCL INFO Channel 01/0 : 14[85000] -> 17[46000] [send] via NET/AWS Libfabric/3
x3014c0s13b0n0:48942:48968 [0] NCCL INFO Channel 00/0 : 12[7000] -> 8[7000] [send] via NET/AWS Libfabric/3
x3207c0s37b1n0:32145:32172 [0] NCCL INFO Channel 00/0 : 28[7000] -> 24[7000] [receive] via NET/AWS Libfabric/3
x3014c0s13b0n0:48944:48966 [2] NCCL INFO Connected 1 MSCCL algorithms
x3014c0s13b0n0:48942:48968 [0] NCCL INFO Connected all trees
x3014c0s13b0n0:48942:48968 [0] NCCL INFO MSCCL: Parsing algorithm /home/yuke/ncclPG/CCL-LYD/msccl_tools_lyd/examples/xml/xml_lyd/ring/allreduce_ring_node8_gpu32_mcl2_mck2_gan0.xml
x3014c0s13b0n0:48944:48966 [2] NCCL INFO threadThresholds 8/8/64 | 256/8/64 | 8/8/64 | 8/8/512
x3014c0s13b0n0:48944:48966 [2] NCCL INFO 4 coll channels, 4 p2p channels, 2 p2p channels per peer
x3014c0s13b1n0:44408:44432 [1] NCCL INFO Connected 1 MSCCL algorithms
x3014c0s13b1n0:44408:44432 [1] NCCL INFO threadThresholds 8/8/64 | 256/8/64 | 8/8/64 | 8/8/512
x3014c0s13b1n0:44408:44432 [1] NCCL INFO 4 coll channels, 4 p2p channels, 2 p2p channels per peer
x3207c0s7b0n0:26005:26030 [0] NCCL INFO Connected all trees
x3207c0s7b0n0:26005:26030 [0] NCCL INFO MSCCL: Parsing algorithm /home/yuke/ncclPG/CCL-LYD/msccl_tools_lyd/examples/xml/xml_lyd/ring/allreduce_ring_node8_gpu32_mcl2_mck2_gan0.xml
x3014c0s13b0n0:48942:48968 [0] NCCL INFO Parsed MSCCL Algorithm /home/yuke/ncclPG/CCL-LYD/msccl_tools_lyd/examples/xml/xml_lyd/ring/allreduce_ring_node8_gpu32_mcl2_mck2_gan0.xml successfully.
x3013c0s7b0n0:21792:21814 [3] NCCL INFO Channel 01/0 : 10[85000] -> 7[c7000] [receive] via NET/AWS Libfabric/1
x3014c0s13b0n0:48942:48968 [0] NCCL INFO Channel 01 : 12[7000] -> 15[c7000] via P2P/IPC/read
x3013c0s7b0n0:21789:21815 [0] NCCL INFO Channel 00/0 : 9[46000] -> 4[7000] [receive] via NET/AWS Libfabric/3
x3013c0s7b1n0:35437:35464 [0] NCCL INFO Channel 02/0 : 8[7000] -> 5[46000] [send] via NET/AWS Libfabric/3
x3207c0s37b1n0:32148:32171 [3] NCCL INFO Channel 03/0 : 27[c7000] -> 22[85000] [send] via NET/AWS Libfabric/1
x3014c0s13b1n0:44407:44431 [0] NCCL INFO Channel 02/0 : 20[7000] -> 16[7000] [receive] via NET/AWS Libfabric/3
x3013c0s7b1n0:35437:35464 [0] NCCL INFO Connected all trees
x3013c0s7b1n0:35437:35464 [0] NCCL INFO MSCCL: Parsing algorithm /home/yuke/ncclPG/CCL-LYD/msccl_tools_lyd/examples/xml/xml_lyd/ring/allreduce_ring_node8_gpu32_mcl2_mck2_gan0.xml
x3207c0s7b0n0:26005:26030 [0] NCCL INFO Parsed MSCCL Algorithm /home/yuke/ncclPG/CCL-LYD/msccl_tools_lyd/examples/xml/xml_lyd/ring/allreduce_ring_node8_gpu32_mcl2_mck2_gan0.xml successfully.
x3207c0s7b0n0:26005:26030 [0] NCCL INFO Channel 01 : 28[7000] -> 31[c7000] via P2P/IPC/read
x3014c0s13b1n0:44410:44433 [3] NCCL INFO Channel 03/0 : 23[c7000] -> 19[c7000] [receive] via NET/AWS Libfabric/1
x3013c0s7b1n0:35439:35461 [2] NCCL INFO Channel 00 : 10[85000] -> 9[46000] via P2P/IPC/read
x3013c0s7b1n0:35437:35464 [0] NCCL INFO Parsed MSCCL Algorithm /home/yuke/ncclPG/CCL-LYD/msccl_tools_lyd/examples/xml/xml_lyd/ring/allreduce_ring_node8_gpu32_mcl2_mck2_gan0.xml successfully.
x3207c0s37b1n0:32145:32172 [0] NCCL INFO Channel 02/0 : 24[7000] -> 21[46000] [send] via NET/AWS Libfabric/3
x3013c0s7b1n0:35437:35464 [0] NCCL INFO Channel 01 : 8[7000] -> 11[c7000] via P2P/IPC/read
x3013c0s7b0n0:21792:21814 [3] NCCL INFO Connected all trees
x3013c0s7b0n0:21792:21814 [3] NCCL INFO MSCCL: Parsing algorithm /home/yuke/ncclPG/CCL-LYD/msccl_tools_lyd/examples/xml/xml_lyd/ring/allreduce_ring_node8_gpu32_mcl2_mck2_gan0.xml
x3014c0s13b1n0:44407:44431 [0] NCCL INFO Connected all trees
x3014c0s13b1n0:44407:44431 [0] NCCL INFO MSCCL: Parsing algorithm /home/yuke/ncclPG/CCL-LYD/msccl_tools_lyd/examples/xml/xml_lyd/ring/allreduce_ring_node8_gpu32_mcl2_mck2_gan0.xml
x3013c0s7b1n0:35439:35461 [2] NCCL INFO Channel 02 : 10[85000] -> 9[46000] via P2P/IPC/read
x3207c0s37b1n0:32145:32172 [0] NCCL INFO Connected all trees
x3207c0s37b1n0:32145:32172 [0] NCCL INFO MSCCL: Parsing algorithm /home/yuke/ncclPG/CCL-LYD/msccl_tools_lyd/examples/xml/xml_lyd/ring/allreduce_ring_node8_gpu32_mcl2_mck2_gan0.xml
x3014c0s19b0n0:28295:28321 [0] NCCL INFO Connected all trees
x3014c0s19b0n0:28295:28321 [0] NCCL INFO MSCCL: Parsing algorithm /home/yuke/ncclPG/CCL-LYD/msccl_tools_lyd/examples/xml/xml_lyd/ring/allreduce_ring_node8_gpu32_mcl2_mck2_gan0.xml
x3014c0s19b0n0:28297:28319 [2] NCCL INFO Channel 00 : 22[85000] -> 21[46000] via P2P/IPC/read
x3207c0s37b1n0:32148:32171 [3] NCCL INFO Channel 01/0 : 31[c7000] -> 27[c7000] [receive] via NET/AWS Libfabric/1
x3014c0s13b1n0:44407:44431 [0] NCCL INFO Parsed MSCCL Algorithm /home/yuke/ncclPG/CCL-LYD/msccl_tools_lyd/examples/xml/xml_lyd/ring/allreduce_ring_node8_gpu32_mcl2_mck2_gan0.xml successfully.
x3014c0s13b1n0:44407:44431 [0] NCCL INFO Channel 01 : 16[7000] -> 19[c7000] via P2P/IPC/read
x3013c0s7b0n0:21792:21814 [3] NCCL INFO Parsed MSCCL Algorithm /home/yuke/ncclPG/CCL-LYD/msccl_tools_lyd/examples/xml/xml_lyd/ring/allreduce_ring_node8_gpu32_mcl2_mck2_gan0.xml successfully.
x3207c0s7b0n0:26008:26029 [3] NCCL INFO Connected all trees
x3207c0s7b0n0:26008:26029 [3] NCCL INFO MSCCL: Parsing algorithm /home/yuke/ncclPG/CCL-LYD/msccl_tools_lyd/examples/xml/xml_lyd/ring/allreduce_ring_node8_gpu32_mcl2_mck2_gan0.xml
x3207c0s37b1n0:32145:32172 [0] NCCL INFO Parsed MSCCL Algorithm /home/yuke/ncclPG/CCL-LYD/msccl_tools_lyd/examples/xml/xml_lyd/ring/allreduce_ring_node8_gpu32_mcl2_mck2_gan0.xml successfully.
x3207c0s37b1n0:32148:32171 [3] NCCL INFO Connected all trees
x3207c0s37b1n0:32148:32171 [3] NCCL INFO MSCCL: Parsing algorithm /home/yuke/ncclPG/CCL-LYD/msccl_tools_lyd/examples/xml/xml_lyd/ring/allreduce_ring_node8_gpu32_mcl2_mck2_gan0.xml
x3207c0s37b1n0:32145:32172 [0] NCCL INFO Channel 01 : 24[7000] -> 27[c7000] via P2P/IPC/read
x3014c0s13b1n0:44410:44433 [3] NCCL INFO Connected all trees
x3014c0s13b1n0:44410:44433 [3] NCCL INFO MSCCL: Parsing algorithm /home/yuke/ncclPG/CCL-LYD/msccl_tools_lyd/examples/xml/xml_lyd/ring/allreduce_ring_node8_gpu32_mcl2_mck2_gan0.xml
x3013c0s7b1n0:35439:35461 [2] NCCL INFO Connected all trees
x3013c0s7b1n0:35438:35463 [1] NCCL INFO Connected all trees
x3013c0s7b1n0:35438:35463 [1] NCCL INFO MSCCL: Parsing algorithm /home/yuke/ncclPG/CCL-LYD/msccl_tools_lyd/examples/xml/xml_lyd/ring/allreduce_ring_node8_gpu32_mcl2_mck2_gan0.xml
x3013c0s7b1n0:35439:35461 [2] NCCL INFO MSCCL: Parsing algorithm /home/yuke/ncclPG/CCL-LYD/msccl_tools_lyd/examples/xml/xml_lyd/ring/allreduce_ring_node8_gpu32_mcl2_mck2_gan0.xml
x3014c0s13b0n0:48945:48967 [3] NCCL INFO Channel 00/0 : 8[7000] -> 15[c7000] [receive] via NET/AWS Libfabric/1
x3014c0s19b0n0:28295:28321 [0] NCCL INFO Parsed MSCCL Algorithm /home/yuke/ncclPG/CCL-LYD/msccl_tools_lyd/examples/xml/xml_lyd/ring/allreduce_ring_node8_gpu32_mcl2_mck2_gan0.xml successfully.
x3014c0s19b0n0:28295:28321 [0] NCCL INFO Channel 01 : 20[7000] -> 23[c7000] via P2P/IPC/read
x3207c0s7b0n0:26008:26029 [3] NCCL INFO Parsed MSCCL Algorithm /home/yuke/ncclPG/CCL-LYD/msccl_tools_lyd/examples/xml/xml_lyd/ring/allreduce_ring_node8_gpu32_mcl2_mck2_gan0.xml successfully.
x3014c0s13b1n0:44410:44433 [3] NCCL INFO Parsed MSCCL Algorithm /home/yuke/ncclPG/CCL-LYD/msccl_tools_lyd/examples/xml/xml_lyd/ring/allreduce_ring_node8_gpu32_mcl2_mck2_gan0.xml successfully.
x3013c0s7b0n0:21789:21815 [0] NCCL INFO Channel 02/0 : 4[7000] -> 0[7000] [send] via NET/AWS Libfabric/3
x3207c0s37b1n0:32148:32171 [3] NCCL INFO Parsed MSCCL Algorithm /home/yuke/ncclPG/CCL-LYD/msccl_tools_lyd/examples/xml/xml_lyd/ring/allreduce_ring_node8_gpu32_mcl2_mck2_gan0.xml successfully.
x3013c0s7b1n0:35439:35461 [2] NCCL INFO Parsed MSCCL Algorithm /home/yuke/ncclPG/CCL-LYD/msccl_tools_lyd/examples/xml/xml_lyd/ring/allreduce_ring_node8_gpu32_mcl2_mck2_gan0.xml successfully.
x3013c0s7b1n0:35438:35463 [1] NCCL INFO Parsed MSCCL Algorithm /home/yuke/ncclPG/CCL-LYD/msccl_tools_lyd/examples/xml/xml_lyd/ring/allreduce_ring_node8_gpu32_mcl2_mck2_gan0.xml successfully.
x3014c0s13b0n0:48942:48968 [0] NCCL INFO Channel 00/0 : 12[7000] -> 19[c7000] [send] via NET/AWS Libfabric/3
x3013c0s7b0n0:21790:21812 [1] NCCL INFO Connected all trees
x3013c0s7b0n0:21790:21812 [1] NCCL INFO MSCCL: Parsing algorithm /home/yuke/ncclPG/CCL-LYD/msccl_tools_lyd/examples/xml/xml_lyd/ring/allreduce_ring_node8_gpu32_mcl2_mck2_gan0.xml
x3014c0s19b0n0:28297:28319 [2] NCCL INFO Channel 02 : 22[85000] -> 21[46000] via P2P/IPC/read
x3013c0s7b0n0:21789:21815 [0] NCCL INFO Connected all trees
x3013c0s7b0n0:21789:21815 [0] NCCL INFO MSCCL: Parsing algorithm /home/yuke/ncclPG/CCL-LYD/msccl_tools_lyd/examples/xml/xml_lyd/ring/allreduce_ring_node8_gpu32_mcl2_mck2_gan0.xml
x3013c0s7b0n0:21791:21813 [2] NCCL INFO Connected all trees
x3013c0s7b0n0:21791:21813 [2] NCCL INFO MSCCL: Parsing algorithm /home/yuke/ncclPG/CCL-LYD/msccl_tools_lyd/examples/xml/xml_lyd/ring/allreduce_ring_node8_gpu32_mcl2_mck2_gan0.xml
x3013c0s7b1n0:35440:35462 [3] NCCL INFO Channel 00/0 : 4[7000] -> 11[c7000] [receive] via NET/AWS Libfabric/1
x3013c0s37b1n0:22763:22788 [0] NCCL INFO Connected all trees
x3013c0s37b1n0:22763:22788 [0] NCCL INFO MSCCL: Parsing algorithm /home/yuke/ncclPG/CCL-LYD/msccl_tools_lyd/examples/xml/xml_lyd/ring/allreduce_ring_node8_gpu32_mcl2_mck2_gan0.xml
x3013c0s7b0n0:21790:21812 [1] NCCL INFO Parsed MSCCL Algorithm /home/yuke/ncclPG/CCL-LYD/msccl_tools_lyd/examples/xml/xml_lyd/ring/allreduce_ring_node8_gpu32_mcl2_mck2_gan0.xml successfully.
x3013c0s7b0n0:21791:21813 [2] NCCL INFO Parsed MSCCL Algorithm /home/yuke/ncclPG/CCL-LYD/msccl_tools_lyd/examples/xml/xml_lyd/ring/allreduce_ring_node8_gpu32_mcl2_mck2_gan0.xml successfully.
x3013c0s7b1n0:35439:35461 [2] NCCL INFO Channel 01/0 : 10[85000] -> 13[46000] [send] via NET/AWS Libfabric/3
x3013c0s7b0n0:21789:21815 [0] NCCL INFO Parsed MSCCL Algorithm /home/yuke/ncclPG/CCL-LYD/msccl_tools_lyd/examples/xml/xml_lyd/ring/allreduce_ring_node8_gpu32_mcl2_mck2_gan0.xml successfully.
x3013c0s7b0n0:21789:21815 [0] NCCL INFO Channel 01 : 4[7000] -> 7[c7000] via P2P/IPC/read
x3013c0s7b1n0:35439:35461 [2] NCCL INFO Connected 1 MSCCL algorithms
x3013c0s37b1n0:22763:22788 [0] NCCL INFO Parsed MSCCL Algorithm /home/yuke/ncclPG/CCL-LYD/msccl_tools_lyd/examples/xml/xml_lyd/ring/allreduce_ring_node8_gpu32_mcl2_mck2_gan0.xml successfully.
x3013c0s37b1n0:22763:22788 [0] NCCL INFO Channel 01 : 0[7000] -> 3[c7000] via P2P/IPC/read
x3014c0s19b0n0:28298:28322 [3] NCCL INFO Channel 01/0 : 26[85000] -> 23[c7000] [receive] via NET/AWS Libfabric/1
x3013c0s7b1n0:35439:35461 [2] NCCL INFO threadThresholds 8/8/64 | 256/8/64 | 8/8/64 | 8/8/512
x3013c0s7b1n0:35439:35461 [2] NCCL INFO 4 coll channels, 4 p2p channels, 2 p2p channels per peer
x3207c0s7b0n0:26005:26030 [0] NCCL INFO Channel 00/0 : 28[7000] -> 3[c7000] [send] via NET/AWS Libfabric/3
x3013c0s7b1n0:35437:35464 [0] NCCL INFO Channel 00/0 : 8[7000] -> 15[c7000] [send] via NET/AWS Libfabric/3
x3014c0s13b0n0:48943:48969 [1] NCCL INFO Connected 1 MSCCL algorithms
x3014c0s13b0n0:48943:48969 [1] NCCL INFO threadThresholds 8/8/64 | 256/8/64 | 8/8/64 | 8/8/512
x3014c0s13b0n0:48943:48969 [1] NCCL INFO 4 coll channels, 4 p2p channels, 2 p2p channels per peer
x3013c0s7b0n0:21791:21813 [2] NCCL INFO Channel 01/0 : 6[85000] -> 9[46000] [send] via NET/AWS Libfabric/3
x3207c0s37b1n0:32147:32170 [2] NCCL INFO Channel 00 : 26[85000] -> 25[46000] via P2P/IPC/read
x3014c0s19b0n0:28298:28322 [3] NCCL INFO Connected all trees
x3014c0s19b0n0:28298:28322 [3] NCCL INFO MSCCL: Parsing algorithm /home/yuke/ncclPG/CCL-LYD/msccl_tools_lyd/examples/xml/xml_lyd/ring/allreduce_ring_node8_gpu32_mcl2_mck2_gan0.xml
x3013c0s7b1n0:35437:35464 [0] NCCL INFO Connected 1 MSCCL algorithms
x3013c0s7b1n0:35437:35464 [0] NCCL INFO threadThresholds 8/8/64 | 256/8/64 | 8/8/64 | 8/8/512
x3013c0s7b1n0:35437:35464 [0] NCCL INFO 4 coll channels, 4 p2p channels, 2 p2p channels per peer
x3014c0s19b0n0:28297:28319 [2] NCCL INFO Connected all trees
x3014c0s19b0n0:28296:28318 [1] NCCL INFO Connected all trees
x3014c0s19b0n0:28296:28318 [1] NCCL INFO MSCCL: Parsing algorithm /home/yuke/ncclPG/CCL-LYD/msccl_tools_lyd/examples/xml/xml_lyd/ring/allreduce_ring_node8_gpu32_mcl2_mck2_gan0.xml
x3014c0s19b0n0:28297:28319 [2] NCCL INFO MSCCL: Parsing algorithm /home/yuke/ncclPG/CCL-LYD/msccl_tools_lyd/examples/xml/xml_lyd/ring/allreduce_ring_node8_gpu32_mcl2_mck2_gan0.xml
x3014c0s13b0n0:48945:48967 [3] NCCL INFO Connected 1 MSCCL algorithms
x3014c0s13b0n0:48945:48967 [3] NCCL INFO threadThresholds 8/8/64 | 256/8/64 | 8/8/64 | 8/8/512
x3014c0s13b0n0:48945:48967 [3] NCCL INFO 4 coll channels, 4 p2p channels, 2 p2p channels per peer
x3013c0s7b1n0:35438:35463 [1] NCCL INFO Channel 01/0 : 6[85000] -> 9[46000] [receive] via NET/AWS Libfabric/3
x3014c0s19b0n0:28298:28322 [3] NCCL INFO Parsed MSCCL Algorithm /home/yuke/ncclPG/CCL-LYD/msccl_tools_lyd/examples/xml/xml_lyd/ring/allreduce_ring_node8_gpu32_mcl2_mck2_gan0.xml successfully.
x3014c0s19b0n0:28296:28318 [1] NCCL INFO Parsed MSCCL Algorithm /home/yuke/ncclPG/CCL-LYD/msccl_tools_lyd/examples/xml/xml_lyd/ring/allreduce_ring_node8_gpu32_mcl2_mck2_gan0.xml successfully.
x3014c0s19b0n0:28297:28319 [2] NCCL INFO Parsed MSCCL Algorithm /home/yuke/ncclPG/CCL-LYD/msccl_tools_lyd/examples/xml/xml_lyd/ring/allreduce_ring_node8_gpu32_mcl2_mck2_gan0.xml successfully.
x3207c0s37b1n0:32147:32170 [2] NCCL INFO Channel 02 : 26[85000] -> 25[46000] via P2P/IPC/read
x3014c0s13b1n0:44410:44433 [3] NCCL INFO Channel 00/0 : 12[7000] -> 19[c7000] [receive] via NET/AWS Libfabric/1
x3014c0s13b1n0:44407:44431 [0] NCCL INFO Channel 00/0 : 16[7000] -> 23[c7000] [send] via NET/AWS Libfabric/3
x3013c0s7b0n0:21790:21812 [1] NCCL INFO Channel 01/0 : 2[85000] -> 5[46000] [receive] via NET/AWS Libfabric/3
x3013c0s7b0n0:21791:21813 [2] NCCL INFO Connected 1 MSCCL algorithms
x3013c0s7b0n0:21791:21813 [2] NCCL INFO threadThresholds 8/8/64 | 256/8/64 | 8/8/64 | 8/8/512
x3013c0s7b0n0:21791:21813 [2] NCCL INFO 4 coll channels, 4 p2p channels, 2 p2p channels per peer
x3207c0s37b1n0:32148:32171 [3] NCCL INFO Channel 00/0 : 20[7000] -> 27[c7000] [receive] via NET/AWS Libfabric/1
x3013c0s7b0n0:21792:21814 [3] NCCL INFO Channel 00/0 : 0[7000] -> 7[c7000] [receive] via NET/AWS Libfabric/1
x3207c0s7b0n0:26008:26029 [3] NCCL INFO Channel 00/0 : 24[7000] -> 31[c7000] [receive] via NET/AWS Libfabric/1
x3013c0s7b1n0:35438:35463 [1] NCCL INFO Connected 1 MSCCL algorithms
x3207c0s37b1n0:32145:32172 [0] NCCL INFO Channel 00/0 : 24[7000] -> 31[c7000] [send] via NET/AWS Libfabric/3
x3013c0s7b1n0:35438:35463 [1] NCCL INFO threadThresholds 8/8/64 | 256/8/64 | 8/8/64 | 8/8/512
x3013c0s7b1n0:35438:35463 [1] NCCL INFO 4 coll channels, 4 p2p channels, 2 p2p channels per peer
x3014c0s19b0n0:28297:28319 [2] NCCL INFO Channel 01/0 : 22[85000] -> 25[46000] [send] via NET/AWS Libfabric/3
x3207c0s37b1n0:32146:32169 [1] NCCL INFO Connected all trees
x3207c0s37b1n0:32146:32169 [1] NCCL INFO MSCCL: Parsing algorithm /home/yuke/ncclPG/CCL-LYD/msccl_tools_lyd/examples/xml/xml_lyd/ring/allreduce_ring_node8_gpu32_mcl2_mck2_gan0.xml
x3207c0s37b1n0:32147:32170 [2] NCCL INFO Connected all trees
x3207c0s37b1n0:32147:32170 [2] NCCL INFO MSCCL: Parsing algorithm /home/yuke/ncclPG/CCL-LYD/msccl_tools_lyd/examples/xml/xml_lyd/ring/allreduce_ring_node8_gpu32_mcl2_mck2_gan0.xml
x3013c0s7b0n0:21789:21815 [0] NCCL INFO Channel 00/0 : 4[7000] -> 11[c7000] [send] via NET/AWS Libfabric/3
x3013c0s37b1n0:22765:22791 [2] NCCL INFO Connected 1 MSCCL algorithms
x3013c0s37b1n0:22765:22791 [2] NCCL INFO threadThresholds 8/8/64 | 256/8/64 | 8/8/64 | 8/8/512
x3013c0s37b1n0:22765:22791 [2] NCCL INFO 4 coll channels, 4 p2p channels, 2 p2p channels per peer
x3207c0s37b1n0:32145:32172 [0] NCCL INFO Connected 1 MSCCL algorithms
x3207c0s37b1n0:32145:32172 [0] NCCL INFO threadThresholds 8/8/64 | 256/8/64 | 8/8/64 | 8/8/512
x3207c0s37b1n0:32145:32172 [0] NCCL INFO 4 coll channels, 4 p2p channels, 2 p2p channels per peer
x3013c0s7b0n0:21790:21812 [1] NCCL INFO Connected 1 MSCCL algorithms
x3013c0s7b0n0:21790:21812 [1] NCCL INFO threadThresholds 8/8/64 | 256/8/64 | 8/8/64 | 8/8/512
x3013c0s7b0n0:21790:21812 [1] NCCL INFO 4 coll channels, 4 p2p channels, 2 p2p channels per peer
x3013c0s37b1n0:22766:22790 [3] NCCL INFO Channel 00/0 : 28[7000] -> 3[c7000] [receive] via NET/AWS Libfabric/1
x3014c0s13b1n0:44410:44433 [3] NCCL INFO Connected 1 MSCCL algorithms
x3014c0s13b1n0:44410:44433 [3] NCCL INFO threadThresholds 8/8/64 | 256/8/64 | 8/8/64 | 8/8/512
x3014c0s13b1n0:44410:44433 [3] NCCL INFO 4 coll channels, 4 p2p channels, 2 p2p channels per peer
x3014c0s13b0n0:48942:48968 [0] NCCL INFO Connected 1 MSCCL algorithms
x3014c0s13b0n0:48942:48968 [0] NCCL INFO threadThresholds 8/8/64 | 256/8/64 | 8/8/64 | 8/8/512
x3014c0s13b0n0:48942:48968 [0] NCCL INFO 4 coll channels, 4 p2p channels, 2 p2p channels per peer
x3013c0s7b0n0:21789:21815 [0] NCCL INFO Connected 1 MSCCL algorithms
x3013c0s7b0n0:21789:21815 [0] NCCL INFO threadThresholds 8/8/64 | 256/8/64 | 8/8/64 | 8/8/512
x3013c0s7b0n0:21789:21815 [0] NCCL INFO 4 coll channels, 4 p2p channels, 2 p2p channels per peer
x3207c0s37b1n0:32147:32170 [2] NCCL INFO Parsed MSCCL Algorithm /home/yuke/ncclPG/CCL-LYD/msccl_tools_lyd/examples/xml/xml_lyd/ring/allreduce_ring_node8_gpu32_mcl2_mck2_gan0.xml successfully.
x3207c0s37b1n0:32146:32169 [1] NCCL INFO Parsed MSCCL Algorithm /home/yuke/ncclPG/CCL-LYD/msccl_tools_lyd/examples/xml/xml_lyd/ring/allreduce_ring_node8_gpu32_mcl2_mck2_gan0.xml successfully.
x3207c0s7b0n0:26008:26029 [3] NCCL INFO Connected 1 MSCCL algorithms
x3207c0s7b0n0:26008:26029 [3] NCCL INFO threadThresholds 8/8/64 | 256/8/64 | 8/8/64 | 8/8/512
x3207c0s7b0n0:26008:26029 [3] NCCL INFO 4 coll channels, 4 p2p channels, 2 p2p channels per peer
x3014c0s13b0n0:48944:48966 [2] NCCL INFO comm 0x1477c045a010 rank 14 nranks 32 cudaDev 2 busId 85000 - Init COMPLETE
x3014c0s13b0n0:48942:48968 [0] NCCL INFO comm 0x154bb445a010 rank 12 nranks 32 cudaDev 0 busId 7000 - Init COMPLETE
x3014c0s13b0n0:48943:48969 [1] NCCL INFO comm 0x15370ca95010 rank 13 nranks 32 cudaDev 1 busId 46000 - Init COMPLETE
x3014c0s13b0n0:48945:48967 [3] NCCL INFO comm 0x14f22a45a010 rank 15 nranks 32 cudaDev 3 busId c7000 - Init COMPLETE
x3013c0s7b1n0:35440:35462 [3] NCCL INFO Connected 1 MSCCL algorithms
x3013c0s7b1n0:35440:35462 [3] NCCL INFO threadThresholds 8/8/64 | 256/8/64 | 8/8/64 | 8/8/512
x3013c0s7b1n0:35440:35462 [3] NCCL INFO 4 coll channels, 4 p2p channels, 2 p2p channels per peer
x3014c0s19b0n0:28295:28321 [0] NCCL INFO Channel 00/0 : 20[7000] -> 27[c7000] [send] via NET/AWS Libfabric/3
x3013c0s37b1n0:22763:22788 [0] NCCL INFO Channel 00/0 : 0[7000] -> 7[c7000] [send] via NET/AWS Libfabric/3
x3207c0s7b0n0:26005:26030 [0] NCCL INFO Connected 1 MSCCL algorithms
x3207c0s7b0n0:26005:26030 [0] NCCL INFO threadThresholds 8/8/64 | 256/8/64 | 8/8/64 | 8/8/512
x3207c0s7b0n0:26005:26030 [0] NCCL INFO 4 coll channels, 4 p2p channels, 2 p2p channels per peer
x3013c0s37b1n0:22766:22790 [3] NCCL INFO Connected 1 MSCCL algorithms
x3013c0s37b1n0:22766:22790 [3] NCCL INFO threadThresholds 8/8/64 | 256/8/64 | 8/8/64 | 8/8/512
x3013c0s37b1n0:22766:22790 [3] NCCL INFO 4 coll channels, 4 p2p channels, 2 p2p channels per peer
x3014c0s19b0n0:28296:28318 [1] NCCL INFO Channel 01/0 : 18[85000] -> 21[46000] [receive] via NET/AWS Libfabric/3
x3014c0s19b0n0:28295:28321 [0] NCCL INFO Connected 1 MSCCL algorithms
x3014c0s19b0n0:28295:28321 [0] NCCL INFO threadThresholds 8/8/64 | 256/8/64 | 8/8/64 | 8/8/512
x3014c0s19b0n0:28295:28321 [0] NCCL INFO 4 coll channels, 4 p2p channels, 2 p2p channels per peer
x3207c0s37b1n0:32146:32169 [1] NCCL INFO Channel 01/0 : 22[85000] -> 25[46000] [receive] via NET/AWS Libfabric/3
x3013c0s37b1n0:22763:22788 [0] NCCL INFO Connected 1 MSCCL algorithms
x3013c0s37b1n0:22763:22788 [0] NCCL INFO threadThresholds 8/8/64 | 256/8/64 | 8/8/64 | 8/8/512
x3013c0s37b1n0:22763:22788 [0] NCCL INFO 4 coll channels, 4 p2p channels, 2 p2p channels per peer
x3207c0s37b1n0:32148:32171 [3] NCCL INFO Connected 1 MSCCL algorithms
x3207c0s37b1n0:32148:32171 [3] NCCL INFO threadThresholds 8/8/64 | 256/8/64 | 8/8/64 | 8/8/512
x3207c0s37b1n0:32148:32171 [3] NCCL INFO 4 coll channels, 4 p2p channels, 2 p2p channels per peer
x3013c0s7b1n0:35439:35461 [2] NCCL INFO comm 0x14c6d0d64010 rank 10 nranks 32 cudaDev 2 busId 85000 - Init COMPLETE
x3013c0s7b1n0:35438:35463 [1] NCCL INFO comm 0x14df60671010 rank 9 nranks 32 cudaDev 1 busId 46000 - Init COMPLETE
x3013c0s7b1n0:35440:35462 [3] NCCL INFO comm 0x14a4a045a010 rank 11 nranks 32 cudaDev 3 busId c7000 - Init COMPLETE
x3013c0s7b1n0:35437:35464 [0] NCCL INFO comm 0x146ffa45a010 rank 8 nranks 32 cudaDev 0 busId 7000 - Init COMPLETE
x3013c0s7b0n0:21792:21814 [3] NCCL INFO Connected 1 MSCCL algorithms
x3013c0s7b0n0:21792:21814 [3] NCCL INFO threadThresholds 8/8/64 | 256/8/64 | 8/8/64 | 8/8/512
x3013c0s7b0n0:21792:21814 [3] NCCL INFO 4 coll channels, 4 p2p channels, 2 p2p channels per peer
x3014c0s19b0n0:28298:28322 [3] NCCL INFO Channel 00/0 : 16[7000] -> 23[c7000] [receive] via NET/AWS Libfabric/1
x3014c0s19b0n0:28296:28318 [1] NCCL INFO Connected 1 MSCCL algorithms
x3014c0s13b1n0:44409:44430 [2] NCCL INFO Connected 1 MSCCL algorithms
x3014c0s13b1n0:44409:44430 [2] NCCL INFO threadThresholds 8/8/64 | 256/8/64 | 8/8/64 | 8/8/512
x3014c0s13b1n0:44409:44430 [2] NCCL INFO 4 coll channels, 4 p2p channels, 2 p2p channels per peer
x3014c0s19b0n0:28296:28318 [1] NCCL INFO threadThresholds 8/8/64 | 256/8/64 | 8/8/64 | 8/8/512
x3014c0s19b0n0:28296:28318 [1] NCCL INFO 4 coll channels, 4 p2p channels, 2 p2p channels per peer
x3207c0s37b1n0:32147:32170 [2] NCCL INFO Channel 01/0 : 26[85000] -> 29[46000] [send] via NET/AWS Libfabric/3
x3013c0s7b0n0:21790:21812 [1] NCCL INFO comm 0x1471d0c61010 rank 5 nranks 32 cudaDev 1 busId 46000 - Init COMPLETE
x3013c0s7b0n0:21791:21813 [2] NCCL INFO comm 0x15290c45a010 rank 6 nranks 32 cudaDev 2 busId 85000 - Init COMPLETE
x3013c0s7b0n0:21789:21815 [0] NCCL INFO comm 0x1535696b1010 rank 4 nranks 32 cudaDev 0 busId 7000 - Init COMPLETE
x3013c0s7b0n0:21792:21814 [3] NCCL INFO comm 0x1465f1a54010 rank 7 nranks 32 cudaDev 3 busId c7000 - Init COMPLETE
x3014c0s19b0n0:28297:28319 [2] NCCL INFO Connected 1 MSCCL algorithms
x3014c0s19b0n0:28297:28319 [2] NCCL INFO threadThresholds 8/8/64 | 256/8/64 | 8/8/64 | 8/8/512
x3014c0s19b0n0:28297:28319 [2] NCCL INFO 4 coll channels, 4 p2p channels, 2 p2p channels per peer
x3207c0s37b1n0:32146:32169 [1] NCCL INFO Connected 1 MSCCL algorithms
x3207c0s37b1n0:32146:32169 [1] NCCL INFO threadThresholds 8/8/64 | 256/8/64 | 8/8/64 | 8/8/512
x3207c0s37b1n0:32146:32169 [1] NCCL INFO 4 coll channels, 4 p2p channels, 2 p2p channels per peer
x3014c0s13b1n0:44407:44431 [0] NCCL INFO Connected 1 MSCCL algorithms
x3014c0s13b1n0:44407:44431 [0] NCCL INFO threadThresholds 8/8/64 | 256/8/64 | 8/8/64 | 8/8/512
x3014c0s13b1n0:44407:44431 [0] NCCL INFO 4 coll channels, 4 p2p channels, 2 p2p channels per peer
x3207c0s37b1n0:32147:32170 [2] NCCL INFO Connected 1 MSCCL algorithms
x3207c0s37b1n0:32147:32170 [2] NCCL INFO threadThresholds 8/8/64 | 256/8/64 | 8/8/64 | 8/8/512
x3207c0s37b1n0:32147:32170 [2] NCCL INFO 4 coll channels, 4 p2p channels, 2 p2p channels per peer
x3014c0s19b0n0:28298:28322 [3] NCCL INFO Connected 1 MSCCL algorithms
x3014c0s19b0n0:28298:28322 [3] NCCL INFO threadThresholds 8/8/64 | 256/8/64 | 8/8/64 | 8/8/512
x3014c0s19b0n0:28298:28322 [3] NCCL INFO 4 coll channels, 4 p2p channels, 2 p2p channels per peer
x3207c0s7b0n0:26006:26032 [1] NCCL INFO Connected 1 MSCCL algorithms
x3207c0s7b0n0:26006:26032 [1] NCCL INFO threadThresholds 8/8/64 | 256/8/64 | 8/8/64 | 8/8/512
x3207c0s7b0n0:26006:26032 [1] NCCL INFO 4 coll channels, 4 p2p channels, 2 p2p channels per peer
x3014c0s13b1n0:44410:44433 [3] NCCL INFO comm 0x150bb845a010 rank 19 nranks 32 cudaDev 3 busId c7000 - Init COMPLETE
x3014c0s13b1n0:44407:44431 [0] NCCL INFO comm 0x14c221a54010 rank 16 nranks 32 cudaDev 0 busId 7000 - Init COMPLETE
x3014c0s13b1n0:44408:44432 [1] NCCL INFO comm 0x154f10400010 rank 17 nranks 32 cudaDev 1 busId 46000 - Init COMPLETE
x3014c0s13b1n0:44409:44430 [2] NCCL INFO comm 0x154b2c39a010 rank 18 nranks 32 cudaDev 2 busId 85000 - Init COMPLETE
x3013c0s37b1n0:22763:22788 [0] NCCL INFO comm 0x14f31c45a010 rank 0 nranks 32 cudaDev 0 busId 7000 - Init COMPLETE
x3013c0s37b1n0:22766:22790 [3] NCCL INFO comm 0x1487f045a010 rank 3 nranks 32 cudaDev 3 busId c7000 - Init COMPLETE
#
#                                                              out-of-place                       in-place          
#       size         count      type   redop    root     time   algbw   busbw #wrong     time   algbw   busbw #wrong
#        (B)    (elements)                               (us)  (GB/s)  (GB/s)            (us)  (GB/s)  (GB/s)       
x3013c0s37b1n0:22764:22789 [1] NCCL INFO comm 0x1470ba45a010 rank 1 nranks 32 cudaDev 1 busId 46000 - Init COMPLETE
x3013c0s37b1n0:22765:22791 [2] NCCL INFO comm 0x14c6c601f010 rank 2 nranks 32 cudaDev 2 busId 85000 - Init COMPLETE
x3207c0s7b0n0:26008:26029 [3] NCCL INFO comm 0x1526b001f010 rank 31 nranks 32 cudaDev 3 busId c7000 - Init COMPLETE
