x3201c0s19b0n0:1420:1441 [3] NCCL INFO Connected all trees
x3201c0s19b0n0:1420:1441 [3] NCCL INFO MSCCL: Parsing algorithm /home/yuke/ncclPG/CCL-LYD/msccl_tools_lyd/examples/xml/xml_lyd/ring/allreduce_ring_node16_gpu64_mcl4_mck2_gan0.xml
x3111c0s25b0n0:31318:31342 [3] NCCL INFO Channel 01/0 : 26[85000] -> 23[c7000] [receive] via NET/AWS Libfabric/1
x3201c0s25b0n0:16170:16194 [2] NCCL INFO Channel 01/0 : 50[85000] -> 53[46000] [send] via NET/AWS Libfabric/3
x3201c0s19b0n0:1417:1444 [0] NCCL INFO Connected all trees
x3201c0s19b0n0:1417:1444 [0] NCCL INFO MSCCL: Parsing algorithm /home/yuke/ncclPG/CCL-LYD/msccl_tools_lyd/examples/xml/xml_lyd/ring/allreduce_ring_node16_gpu64_mcl4_mck2_gan0.xml
x3111c0s1b1n0:52419:52444 [1] NCCL INFO Parsed MSCCL Algorithm /home/yuke/ncclPG/CCL-LYD/msccl_tools_lyd/examples/xml/xml_lyd/ring/allreduce_ring_node16_gpu64_mcl4_mck2_gan0.xml successfully.
x3105c0s25b0n0:38694:38716 [2] NCCL INFO Channel 02 : 10[85000] -> 9[46000] via P2P/IPC/read
x3111c0s1b1n0:52420:52442 [2] NCCL INFO Parsed MSCCL Algorithm /home/yuke/ncclPG/CCL-LYD/msccl_tools_lyd/examples/xml/xml_lyd/ring/allreduce_ring_node16_gpu64_mcl4_mck2_gan0.xml successfully.
x3111c0s1b1n0:52420:52442 [2] NCCL INFO Channel 01/0 : 18[85000] -> 21[46000] [send] via NET/AWS Libfabric/3
x3201c0s25b0n0:16171:16192 [3] NCCL INFO Channel 03/0 : 55[c7000] -> 51[c7000] [receive] via NET/AWS Libfabric/1
x3201c0s25b1n0:4988:5015 [0] NCCL INFO Connected all trees
x3201c0s25b1n0:4988:5015 [0] NCCL INFO MSCCL: Parsing algorithm /home/yuke/ncclPG/CCL-LYD/msccl_tools_lyd/examples/xml/xml_lyd/ring/allreduce_ring_node16_gpu64_mcl4_mck2_gan0.xml
x3201c0s25b1n0:4990:5012 [2] NCCL INFO Channel 02 : 54[85000] -> 53[46000] via P2P/IPC/read
x3201c0s25b0n0:16168:16195 [0] NCCL INFO Connected all trees
x3201c0s25b0n0:16168:16195 [0] NCCL INFO MSCCL: Parsing algorithm /home/yuke/ncclPG/CCL-LYD/msccl_tools_lyd/examples/xml/xml_lyd/ring/allreduce_ring_node16_gpu64_mcl4_mck2_gan0.xml
x3201c0s13b1n0:61482:61507 [0] NCCL INFO Channel 02/0 : 28[7000] -> 12[7000] [send] via NET/AWS Libfabric/3
x3201c0s31b1n0:34851:34878 [0] NCCL INFO Channel 00/0 : 60[7000] -> 56[7000] [send] via NET/AWS Libfabric/3
x3201c0s31b0n0:24194:24215 [3] NCCL INFO Channel 01/0 : 63[c7000] -> 59[c7000] [receive] via NET/AWS Libfabric/1
x3111c0s1b1n0:52419:52444 [1] NCCL INFO Channel 01/0 : 14[85000] -> 17[46000] [receive] via NET/AWS Libfabric/3
x3201c0s1b0n0:9506:9529 [3] NCCL INFO Parsed MSCCL Algorithm /home/yuke/ncclPG/CCL-LYD/msccl_tools_lyd/examples/xml/xml_lyd/ring/allreduce_ring_node16_gpu64_mcl4_mck2_gan0.xml successfully.
x3111c0s25b0n0:31318:31342 [3] NCCL INFO Connected all trees
x3111c0s25b0n0:31318:31342 [3] NCCL INFO MSCCL: Parsing algorithm /home/yuke/ncclPG/CCL-LYD/msccl_tools_lyd/examples/xml/xml_lyd/ring/allreduce_ring_node16_gpu64_mcl4_mck2_gan0.xml
x3111c0s1b0n0:9002:9026 [1] NCCL INFO Parsed MSCCL Algorithm /home/yuke/ncclPG/CCL-LYD/msccl_tools_lyd/examples/xml/xml_lyd/ring/allreduce_ring_node16_gpu64_mcl4_mck2_gan0.xml successfully.
x3111c0s1b0n0:9003:9027 [2] NCCL INFO Parsed MSCCL Algorithm /home/yuke/ncclPG/CCL-LYD/msccl_tools_lyd/examples/xml/xml_lyd/ring/allreduce_ring_node16_gpu64_mcl4_mck2_gan0.xml successfully.
x3111c0s1b0n0:9004:9025 [3] NCCL INFO Parsed MSCCL Algorithm /home/yuke/ncclPG/CCL-LYD/msccl_tools_lyd/examples/xml/xml_lyd/ring/allreduce_ring_node16_gpu64_mcl4_mck2_gan0.xml successfully.
x3201c0s13b0n0:22519:22541 [2] NCCL INFO Channel 00 : 26[85000] -> 25[46000] via P2P/IPC/read
x3201c0s31b1n0:34851:34878 [0] NCCL INFO Connected all trees
x3201c0s31b1n0:34851:34878 [0] NCCL INFO MSCCL: Parsing algorithm /home/yuke/ncclPG/CCL-LYD/msccl_tools_lyd/examples/xml/xml_lyd/ring/allreduce_ring_node16_gpu64_mcl4_mck2_gan0.xml
x3111c0s1b1n0:52418:52445 [0] NCCL INFO Parsed MSCCL Algorithm /home/yuke/ncclPG/CCL-LYD/msccl_tools_lyd/examples/xml/xml_lyd/ring/allreduce_ring_node16_gpu64_mcl4_mck2_gan0.xml successfully.
x3104c0s31b0n0:36975:36998 [3] NCCL INFO Parsed MSCCL Algorithm /home/yuke/ncclPG/CCL-LYD/msccl_tools_lyd/examples/xml/xml_lyd/ring/allreduce_ring_node16_gpu64_mcl4_mck2_gan0.xml successfully.
x3201c0s1b1n0:3267:3289 [2] NCCL INFO Channel 03/0 : 41[46000] -> 46[85000] [receive] via NET/AWS Libfabric/3
x3201c0s13b0n0:22519:22541 [2] NCCL INFO Channel 02 : 26[85000] -> 25[46000] via P2P/IPC/read
x3201c0s13b0n0:22518:22543 [1] NCCL INFO Connected all trees
x3201c0s13b0n0:22518:22543 [1] NCCL INFO MSCCL: Parsing algorithm /home/yuke/ncclPG/CCL-LYD/msccl_tools_lyd/examples/xml/xml_lyd/ring/allreduce_ring_node16_gpu64_mcl4_mck2_gan0.xml
x3111c0s1b1n0:52418:52445 [0] NCCL INFO Channel 02/0 : 15[c7000] -> 16[7000] [receive] via NET/AWS Libfabric/3
x3201c0s13b0n0:22519:22541 [2] NCCL INFO Connected all trees
x3201c0s13b0n0:22519:22541 [2] NCCL INFO MSCCL: Parsing algorithm /home/yuke/ncclPG/CCL-LYD/msccl_tools_lyd/examples/xml/xml_lyd/ring/allreduce_ring_node16_gpu64_mcl4_mck2_gan0.xml
x3201c0s25b0n0:16171:16192 [3] NCCL INFO Connected all trees
x3201c0s31b1n0:34854:34875 [3] NCCL INFO Connected all trees
x3201c0s25b0n0:16171:16192 [3] NCCL INFO MSCCL: Parsing algorithm /home/yuke/ncclPG/CCL-LYD/msccl_tools_lyd/examples/xml/xml_lyd/ring/allreduce_ring_node16_gpu64_mcl4_mck2_gan0.xml
x3201c0s31b1n0:34854:34875 [3] NCCL INFO MSCCL: Parsing algorithm /home/yuke/ncclPG/CCL-LYD/msccl_tools_lyd/examples/xml/xml_lyd/ring/allreduce_ring_node16_gpu64_mcl4_mck2_gan0.xml
x3201c0s13b1n0:61482:61507 [0] NCCL INFO Channel 00/0 : 28[7000] -> 24[7000] [send] via NET/AWS Libfabric/3
x3201c0s1b1n0:3265:3292 [0] NCCL INFO Parsed MSCCL Algorithm /home/yuke/ncclPG/CCL-LYD/msccl_tools_lyd/examples/xml/xml_lyd/ring/allreduce_ring_node16_gpu64_mcl4_mck2_gan0.xml successfully.
x3201c0s19b1n0:3086:3110 [1] NCCL INFO Connected all trees
x3201c0s19b1n0:3086:3110 [1] NCCL INFO MSCCL: Parsing algorithm /home/yuke/ncclPG/CCL-LYD/msccl_tools_lyd/examples/xml/xml_lyd/ring/allreduce_ring_node16_gpu64_mcl4_mck2_gan0.xml
x3201c0s19b1n0:3087:3109 [2] NCCL INFO Connected all trees
x3201c0s19b1n0:3087:3109 [2] NCCL INFO MSCCL: Parsing algorithm /home/yuke/ncclPG/CCL-LYD/msccl_tools_lyd/examples/xml/xml_lyd/ring/allreduce_ring_node16_gpu64_mcl4_mck2_gan0.xml
x3201c0s1b0n0:9506:9529 [3] NCCL INFO Channel 02/0 : 43[c7000] -> 44[7000] [send] via NET/AWS Libfabric/1
x3201c0s25b1n0:4991:5013 [3] NCCL INFO Channel 01/0 : 58[85000] -> 55[c7000] [receive] via NET/AWS Libfabric/1
x3201c0s31b0n0:24194:24215 [3] NCCL INFO Connected all trees
x3201c0s31b0n0:24194:24215 [3] NCCL INFO MSCCL: Parsing algorithm /home/yuke/ncclPG/CCL-LYD/msccl_tools_lyd/examples/xml/xml_lyd/ring/allreduce_ring_node16_gpu64_mcl4_mck2_gan0.xml
x3201c0s19b1n0:3088:3111 [3] NCCL INFO Channel 01/0 : 42[85000] -> 39[c7000] [receive] via NET/AWS Libfabric/1
x3111c0s1b0n0:9001:9028 [0] NCCL INFO Channel 02/0 : 12[7000] -> 4[7000] [send] via NET/AWS Libfabric/3
x3111c0s1b0n0:9003:9027 [2] NCCL INFO Channel 01/0 : 14[85000] -> 17[46000] [send] via NET/AWS Libfabric/3
x3111c0s1b0n0:9004:9025 [3] NCCL INFO Channel 02/0 : 15[c7000] -> 16[7000] [send] via NET/AWS Libfabric/1
x3201c0s13b1n0:61482:61507 [0] NCCL INFO Connected all trees
x3201c0s13b1n0:61482:61507 [0] NCCL INFO MSCCL: Parsing algorithm /home/yuke/ncclPG/CCL-LYD/msccl_tools_lyd/examples/xml/xml_lyd/ring/allreduce_ring_node16_gpu64_mcl4_mck2_gan0.xml
x3201c0s31b0n0:24193:24218 [2] NCCL INFO Channel 00 : 58[85000] -> 57[46000] via P2P/IPC/read
x3111c0s1b0n0:9002:9026 [1] NCCL INFO Channel 01/0 : 10[85000] -> 13[46000] [receive] via NET/AWS Libfabric/3
x3104c0s31b0n0:36975:36998 [3] NCCL INFO Channel 02/0 : 3[c7000] -> 4[7000] [send] via NET/AWS Libfabric/1
x3201c0s25b1n0:4991:5013 [3] NCCL INFO Connected all trees
x3201c0s25b1n0:4991:5013 [3] NCCL INFO MSCCL: Parsing algorithm /home/yuke/ncclPG/CCL-LYD/msccl_tools_lyd/examples/xml/xml_lyd/ring/allreduce_ring_node16_gpu64_mcl4_mck2_gan0.xml
x3111c0s1b1n0:52421:52443 [3] NCCL INFO Parsed MSCCL Algorithm /home/yuke/ncclPG/CCL-LYD/msccl_tools_lyd/examples/xml/xml_lyd/ring/allreduce_ring_node16_gpu64_mcl4_mck2_gan0.xml successfully.
x3111c0s1b1n0:52418:52445 [0] NCCL INFO Channel 01 : 16[7000] -> 19[c7000] via P2P/IPC/read
x3201c0s13b1n0:61483:61509 [1] NCCL INFO Parsed MSCCL Algorithm /home/yuke/ncclPG/CCL-LYD/msccl_tools_lyd/examples/xml/xml_lyd/ring/allreduce_ring_node16_gpu64_mcl4_mck2_gan0.xml successfully.
x3201c0s13b1n0:61484:61508 [2] NCCL INFO Parsed MSCCL Algorithm /home/yuke/ncclPG/CCL-LYD/msccl_tools_lyd/examples/xml/xml_lyd/ring/allreduce_ring_node16_gpu64_mcl4_mck2_gan0.xml successfully.
x3201c0s13b1n0:61485:61506 [3] NCCL INFO Parsed MSCCL Algorithm /home/yuke/ncclPG/CCL-LYD/msccl_tools_lyd/examples/xml/xml_lyd/ring/allreduce_ring_node16_gpu64_mcl4_mck2_gan0.xml successfully.
x3201c0s25b0n0:16169:16193 [1] NCCL INFO Channel 03/0 : 49[46000] -> 54[85000] [send] via NET/AWS Libfabric/3
x3201c0s19b1n0:3088:3111 [3] NCCL INFO Connected all trees
x3201c0s19b1n0:3088:3111 [3] NCCL INFO MSCCL: Parsing algorithm /home/yuke/ncclPG/CCL-LYD/msccl_tools_lyd/examples/xml/xml_lyd/ring/allreduce_ring_node16_gpu64_mcl4_mck2_gan0.xml
x3201c0s1b0n0:9505:9528 [2] NCCL INFO Channel 00 : 42[85000] -> 41[46000] via P2P/IPC/read
x3201c0s1b0n0:9505:9528 [2] NCCL INFO Channel 02 : 42[85000] -> 41[46000] via P2P/IPC/read
x3201c0s1b0n0:9504:9527 [1] NCCL INFO Connected all trees
x3201c0s1b0n0:9504:9527 [1] NCCL INFO MSCCL: Parsing algorithm /home/yuke/ncclPG/CCL-LYD/msccl_tools_lyd/examples/xml/xml_lyd/ring/allreduce_ring_node16_gpu64_mcl4_mck2_gan0.xml
x3201c0s1b0n0:9505:9528 [2] NCCL INFO Connected all trees
x3201c0s1b0n0:9505:9528 [2] NCCL INFO MSCCL: Parsing algorithm /home/yuke/ncclPG/CCL-LYD/msccl_tools_lyd/examples/xml/xml_lyd/ring/allreduce_ring_node16_gpu64_mcl4_mck2_gan0.xml
x3201c0s13b1n0:61484:61508 [2] NCCL INFO Channel 01/0 : 30[85000] -> 33[46000] [send] via NET/AWS Libfabric/3
x3201c0s31b0n0:24191:24217 [0] NCCL INFO Channel 02/0 : 56[7000] -> 53[46000] [send] via NET/AWS Libfabric/3
x3201c0s31b0n0:24193:24218 [2] NCCL INFO Channel 02 : 58[85000] -> 57[46000] via P2P/IPC/read
x3201c0s13b1n0:61485:61506 [3] NCCL INFO Channel 02/0 : 31[c7000] -> 32[7000] [send] via NET/AWS Libfabric/1
x3201c0s31b0n0:24192:24216 [1] NCCL INFO Connected all trees
x3201c0s31b0n0:24192:24216 [1] NCCL INFO MSCCL: Parsing algorithm /home/yuke/ncclPG/CCL-LYD/msccl_tools_lyd/examples/xml/xml_lyd/ring/allreduce_ring_node16_gpu64_mcl4_mck2_gan0.xml
x3201c0s31b0n0:24193:24218 [2] NCCL INFO Connected all trees
x3201c0s31b0n0:24193:24218 [2] NCCL INFO MSCCL: Parsing algorithm /home/yuke/ncclPG/CCL-LYD/msccl_tools_lyd/examples/xml/xml_lyd/ring/allreduce_ring_node16_gpu64_mcl4_mck2_gan0.xml
x3111c0s1b1n0:52419:52444 [1] NCCL INFO Channel 03/0 : 17[46000] -> 22[85000] [send] via NET/AWS Libfabric/3
x3201c0s1b1n0:3265:3292 [0] NCCL INFO Channel 02/0 : 43[c7000] -> 44[7000] [receive] via NET/AWS Libfabric/3
x3111c0s1b1n0:52421:52443 [3] NCCL INFO Channel 02/0 : 19[c7000] -> 20[7000] [send] via NET/AWS Libfabric/1
x3201c0s1b0n0:9503:9530 [0] NCCL INFO Parsed MSCCL Algorithm /home/yuke/ncclPG/CCL-LYD/msccl_tools_lyd/examples/xml/xml_lyd/ring/allreduce_ring_node16_gpu64_mcl4_mck2_gan0.xml successfully.
x3201c0s31b0n0:24191:24217 [0] NCCL INFO Connected all trees
x3201c0s31b0n0:24191:24217 [0] NCCL INFO MSCCL: Parsing algorithm /home/yuke/ncclPG/CCL-LYD/msccl_tools_lyd/examples/xml/xml_lyd/ring/allreduce_ring_node16_gpu64_mcl4_mck2_gan0.xml
x3104c0s31b1n0:55804:55830 [0] NCCL INFO Channel 00/0 : 9[46000] -> 4[7000] [receive] via NET/AWS Libfabric/3
x3201c0s13b1n0:61483:61509 [1] NCCL INFO Channel 01/0 : 26[85000] -> 29[46000] [receive] via NET/AWS Libfabric/3
x3201c0s13b1n0:61484:61508 [2] NCCL INFO Channel 03/0 : 25[46000] -> 30[85000] [receive] via NET/AWS Libfabric/3
x3201c0s1b1n0:3265:3292 [0] NCCL INFO Channel 01 : 44[7000] -> 47[c7000] via P2P/IPC/read
x3111c0s1b0n0:9003:9027 [2] NCCL INFO Channel 03/0 : 9[46000] -> 14[85000] [receive] via NET/AWS Libfabric/3
x3201c0s13b0n0:22517:22544 [0] NCCL INFO Channel 02/0 : 24[7000] -> 21[46000] [send] via NET/AWS Libfabric/3
x3201c0s19b0n0:1420:1441 [3] NCCL INFO Parsed MSCCL Algorithm /home/yuke/ncclPG/CCL-LYD/msccl_tools_lyd/examples/xml/xml_lyd/ring/allreduce_ring_node16_gpu64_mcl4_mck2_gan0.xml successfully.
x3201c0s19b0n0:1417:1444 [0] NCCL INFO Parsed MSCCL Algorithm /home/yuke/ncclPG/CCL-LYD/msccl_tools_lyd/examples/xml/xml_lyd/ring/allreduce_ring_node16_gpu64_mcl4_mck2_gan0.xml successfully.
x3201c0s1b0n0:9503:9530 [0] NCCL INFO Channel 02/0 : 39[c7000] -> 40[7000] [receive] via NET/AWS Libfabric/3
x3201c0s13b0n0:22517:22544 [0] NCCL INFO Connected all trees
x3201c0s13b0n0:22517:22544 [0] NCCL INFO MSCCL: Parsing algorithm /home/yuke/ncclPG/CCL-LYD/msccl_tools_lyd/examples/xml/xml_lyd/ring/allreduce_ring_node16_gpu64_mcl4_mck2_gan0.xml
x3201c0s19b0n0:1418:1442 [1] NCCL INFO Channel 03/0 : 33[46000] -> 38[85000] [send] via NET/AWS Libfabric/3
x3111c0s25b0n0:31315:31340 [0] NCCL INFO Parsed MSCCL Algorithm /home/yuke/ncclPG/CCL-LYD/msccl_tools_lyd/examples/xml/xml_lyd/ring/allreduce_ring_node16_gpu64_mcl4_mck2_gan0.xml successfully.
x3201c0s25b0n0:16168:16195 [0] NCCL INFO Parsed MSCCL Algorithm /home/yuke/ncclPG/CCL-LYD/msccl_tools_lyd/examples/xml/xml_lyd/ring/allreduce_ring_node16_gpu64_mcl4_mck2_gan0.xml successfully.
x3105c0s25b0n0:38695:38717 [3] NCCL INFO Parsed MSCCL Algorithm /home/yuke/ncclPG/CCL-LYD/msccl_tools_lyd/examples/xml/xml_lyd/ring/allreduce_ring_node16_gpu64_mcl4_mck2_gan0.xml successfully.
x3201c0s19b0n0:1420:1441 [3] NCCL INFO Channel 02/0 : 35[c7000] -> 36[7000] [send] via NET/AWS Libfabric/1
x3111c0s25b0n0:31318:31342 [3] NCCL INFO Parsed MSCCL Algorithm /home/yuke/ncclPG/CCL-LYD/msccl_tools_lyd/examples/xml/xml_lyd/ring/allreduce_ring_node16_gpu64_mcl4_mck2_gan0.xml successfully.
x3111c0s1b0n0:9001:9028 [0] NCCL INFO Channel 00/0 : 12[7000] -> 8[7000] [send] via NET/AWS Libfabric/3
x3201c0s25b1n0:4989:5014 [1] NCCL INFO Connected all trees
x3201c0s25b1n0:4989:5014 [1] NCCL INFO MSCCL: Parsing algorithm /home/yuke/ncclPG/CCL-LYD/msccl_tools_lyd/examples/xml/xml_lyd/ring/allreduce_ring_node16_gpu64_mcl4_mck2_gan0.xml
x3201c0s25b1n0:4990:5012 [2] NCCL INFO Connected all trees
x3201c0s25b1n0:4990:5012 [2] NCCL INFO MSCCL: Parsing algorithm /home/yuke/ncclPG/CCL-LYD/msccl_tools_lyd/examples/xml/xml_lyd/ring/allreduce_ring_node16_gpu64_mcl4_mck2_gan0.xml
x3201c0s31b1n0:34851:34878 [0] NCCL INFO Parsed MSCCL Algorithm /home/yuke/ncclPG/CCL-LYD/msccl_tools_lyd/examples/xml/xml_lyd/ring/allreduce_ring_node16_gpu64_mcl4_mck2_gan0.xml successfully.
x3201c0s13b0n0:22518:22543 [1] NCCL INFO Parsed MSCCL Algorithm /home/yuke/ncclPG/CCL-LYD/msccl_tools_lyd/examples/xml/xml_lyd/ring/allreduce_ring_node16_gpu64_mcl4_mck2_gan0.xml successfully.
x3201c0s13b0n0:22519:22541 [2] NCCL INFO Parsed MSCCL Algorithm /home/yuke/ncclPG/CCL-LYD/msccl_tools_lyd/examples/xml/xml_lyd/ring/allreduce_ring_node16_gpu64_mcl4_mck2_gan0.xml successfully.
x3201c0s13b0n0:22520:22542 [3] NCCL INFO Parsed MSCCL Algorithm /home/yuke/ncclPG/CCL-LYD/msccl_tools_lyd/examples/xml/xml_lyd/ring/allreduce_ring_node16_gpu64_mcl4_mck2_gan0.xml successfully.
x3201c0s25b0n0:16171:16192 [3] NCCL INFO Parsed MSCCL Algorithm /home/yuke/ncclPG/CCL-LYD/msccl_tools_lyd/examples/xml/xml_lyd/ring/allreduce_ring_node16_gpu64_mcl4_mck2_gan0.xml successfully.
x3111c0s25b0n0:31316:31341 [1] NCCL INFO Connected all trees
x3111c0s25b0n0:31316:31341 [1] NCCL INFO MSCCL: Parsing algorithm /home/yuke/ncclPG/CCL-LYD/msccl_tools_lyd/examples/xml/xml_lyd/ring/allreduce_ring_node16_gpu64_mcl4_mck2_gan0.xml
x3111c0s25b0n0:31317:31343 [2] NCCL INFO Connected all trees
x3111c0s25b0n0:31317:31343 [2] NCCL INFO MSCCL: Parsing algorithm /home/yuke/ncclPG/CCL-LYD/msccl_tools_lyd/examples/xml/xml_lyd/ring/allreduce_ring_node16_gpu64_mcl4_mck2_gan0.xml
x3111c0s1b0n0:9001:9028 [0] NCCL INFO Connected all trees
x3111c0s1b0n0:9001:9028 [0] NCCL INFO MSCCL: Parsing algorithm /home/yuke/ncclPG/CCL-LYD/msccl_tools_lyd/examples/xml/xml_lyd/ring/allreduce_ring_node16_gpu64_mcl4_mck2_gan0.xml
x3201c0s19b0n0:1417:1444 [0] NCCL INFO Channel 02/0 : 31[c7000] -> 32[7000] [receive] via NET/AWS Libfabric/3
x3105c0s25b0n0:38695:38717 [3] NCCL INFO Channel 02/0 : 11[c7000] -> 12[7000] [send] via NET/AWS Libfabric/1
x3111c0s25b0n0:31315:31340 [0] NCCL INFO Channel 02/0 : 19[c7000] -> 20[7000] [receive] via NET/AWS Libfabric/3
x3201c0s31b1n0:34854:34875 [3] NCCL INFO Parsed MSCCL Algorithm /home/yuke/ncclPG/CCL-LYD/msccl_tools_lyd/examples/xml/xml_lyd/ring/allreduce_ring_node16_gpu64_mcl4_mck2_gan0.xml successfully.
x3105c0s25b0n0:38693:38718 [1] NCCL INFO Connected all trees
x3105c0s25b0n0:38693:38718 [1] NCCL INFO MSCCL: Parsing algorithm /home/yuke/ncclPG/CCL-LYD/msccl_tools_lyd/examples/xml/xml_lyd/ring/allreduce_ring_node16_gpu64_mcl4_mck2_gan0.xml
x3201c0s19b1n0:3086:3110 [1] NCCL INFO Parsed MSCCL Algorithm /home/yuke/ncclPG/CCL-LYD/msccl_tools_lyd/examples/xml/xml_lyd/ring/allreduce_ring_node16_gpu64_mcl4_mck2_gan0.xml successfully.
x3201c0s19b1n0:3085:3112 [0] NCCL INFO Parsed MSCCL Algorithm /home/yuke/ncclPG/CCL-LYD/msccl_tools_lyd/examples/xml/xml_lyd/ring/allreduce_ring_node16_gpu64_mcl4_mck2_gan0.xml successfully.
x3105c0s25b0n0:38694:38716 [2] NCCL INFO Connected all trees
x3105c0s25b0n0:38694:38716 [2] NCCL INFO MSCCL: Parsing algorithm /home/yuke/ncclPG/CCL-LYD/msccl_tools_lyd/examples/xml/xml_lyd/ring/allreduce_ring_node16_gpu64_mcl4_mck2_gan0.xml
x3201c0s25b0n0:16168:16195 [0] NCCL INFO Channel 02/0 : 47[c7000] -> 48[7000] [receive] via NET/AWS Libfabric/3
x3111c0s25b0n0:31318:31342 [3] NCCL INFO Channel 02/0 : 23[c7000] -> 24[7000] [send] via NET/AWS Libfabric/1
x3201c0s19b0n0:1417:1444 [0] NCCL INFO Channel 01 : 32[7000] -> 35[c7000] via P2P/IPC/read
x3201c0s19b1n0:3087:3109 [2] NCCL INFO Parsed MSCCL Algorithm /home/yuke/ncclPG/CCL-LYD/msccl_tools_lyd/examples/xml/xml_lyd/ring/allreduce_ring_node16_gpu64_mcl4_mck2_gan0.xml successfully.
x3104c0s31b1n0:55804:55830 [0] NCCL INFO Channel 02/0 : 4[7000] -> 0[7000] [send] via NET/AWS Libfabric/3
x3201c0s13b1n0:61482:61507 [0] NCCL INFO Parsed MSCCL Algorithm /home/yuke/ncclPG/CCL-LYD/msccl_tools_lyd/examples/xml/xml_lyd/ring/allreduce_ring_node16_gpu64_mcl4_mck2_gan0.xml successfully.
x3201c0s13b0n0:22519:22541 [2] NCCL INFO Channel 01/0 : 26[85000] -> 29[46000] [send] via NET/AWS Libfabric/3
x3201c0s13b0n0:22520:22542 [3] NCCL INFO Channel 02/0 : 27[c7000] -> 28[7000] [send] via NET/AWS Libfabric/1
x3201c0s25b1n0:4991:5013 [3] NCCL INFO Parsed MSCCL Algorithm /home/yuke/ncclPG/CCL-LYD/msccl_tools_lyd/examples/xml/xml_lyd/ring/allreduce_ring_node16_gpu64_mcl4_mck2_gan0.xml successfully.
x3105c0s25b0n0:38692:38719 [0] NCCL INFO Channel 02/0 : 8[7000] -> 5[46000] [send] via NET/AWS Libfabric/3
x3201c0s31b1n0:34851:34878 [0] NCCL INFO Channel 02/0 : 59[c7000] -> 60[7000] [receive] via NET/AWS Libfabric/3
x3201c0s25b1n0:4988:5015 [0] NCCL INFO Parsed MSCCL Algorithm /home/yuke/ncclPG/CCL-LYD/msccl_tools_lyd/examples/xml/xml_lyd/ring/allreduce_ring_node16_gpu64_mcl4_mck2_gan0.xml successfully.
x3111c0s25b0n0:31315:31340 [0] NCCL INFO Channel 01 : 20[7000] -> 23[c7000] via P2P/IPC/read
x3105c0s25b0n0:38692:38719 [0] NCCL INFO Connected all trees
x3105c0s25b0n0:38692:38719 [0] NCCL INFO MSCCL: Parsing algorithm /home/yuke/ncclPG/CCL-LYD/msccl_tools_lyd/examples/xml/xml_lyd/ring/allreduce_ring_node16_gpu64_mcl4_mck2_gan0.xml
x3104c0s31b1n0:55804:55830 [0] NCCL INFO Connected all trees
x3104c0s31b1n0:55804:55830 [0] NCCL INFO MSCCL: Parsing algorithm /home/yuke/ncclPG/CCL-LYD/msccl_tools_lyd/examples/xml/xml_lyd/ring/allreduce_ring_node16_gpu64_mcl4_mck2_gan0.xml
x3201c0s31b1n0:34854:34875 [3] NCCL INFO Channel 02/0 : 63[c7000] -> 0[7000] [send] via NET/AWS Libfabric/1
x3201c0s19b1n0:3088:3111 [3] NCCL INFO Parsed MSCCL Algorithm /home/yuke/ncclPG/CCL-LYD/msccl_tools_lyd/examples/xml/xml_lyd/ring/allreduce_ring_node16_gpu64_mcl4_mck2_gan0.xml successfully.
x3201c0s25b0n0:16168:16195 [0] NCCL INFO Channel 01 : 48[7000] -> 51[c7000] via P2P/IPC/read
x3201c0s25b0n0:16171:16192 [3] NCCL INFO Channel 02/0 : 51[c7000] -> 52[7000] [send] via NET/AWS Libfabric/1
x3201c0s13b0n0:22518:22543 [1] NCCL INFO Channel 01/0 : 22[85000] -> 25[46000] [receive] via NET/AWS Libfabric/3
x3201c0s19b1n0:3087:3109 [2] NCCL INFO Channel 01/0 : 38[85000] -> 41[46000] [send] via NET/AWS Libfabric/3
x3201c0s31b0n0:24193:24218 [2] NCCL INFO Parsed MSCCL Algorithm /home/yuke/ncclPG/CCL-LYD/msccl_tools_lyd/examples/xml/xml_lyd/ring/allreduce_ring_node16_gpu64_mcl4_mck2_gan0.xml successfully.
x3201c0s31b0n0:24194:24215 [3] NCCL INFO Parsed MSCCL Algorithm /home/yuke/ncclPG/CCL-LYD/msccl_tools_lyd/examples/xml/xml_lyd/ring/allreduce_ring_node16_gpu64_mcl4_mck2_gan0.xml successfully.
x3201c0s1b0n0:9505:9528 [2] NCCL INFO Parsed MSCCL Algorithm /home/yuke/ncclPG/CCL-LYD/msccl_tools_lyd/examples/xml/xml_lyd/ring/allreduce_ring_node16_gpu64_mcl4_mck2_gan0.xml successfully.
x3201c0s1b0n0:9504:9527 [1] NCCL INFO Parsed MSCCL Algorithm /home/yuke/ncclPG/CCL-LYD/msccl_tools_lyd/examples/xml/xml_lyd/ring/allreduce_ring_node16_gpu64_mcl4_mck2_gan0.xml successfully.
x3104c0s31b1n0:55807:55831 [3] NCCL INFO Parsed MSCCL Algorithm /home/yuke/ncclPG/CCL-LYD/msccl_tools_lyd/examples/xml/xml_lyd/ring/allreduce_ring_node16_gpu64_mcl4_mck2_gan0.xml successfully.
x3201c0s19b1n0:3086:3110 [1] NCCL INFO Channel 01/0 : 34[85000] -> 37[46000] [receive] via NET/AWS Libfabric/3
x3201c0s31b0n0:24192:24216 [1] NCCL INFO Parsed MSCCL Algorithm /home/yuke/ncclPG/CCL-LYD/msccl_tools_lyd/examples/xml/xml_lyd/ring/allreduce_ring_node16_gpu64_mcl4_mck2_gan0.xml successfully.
x3201c0s25b1n0:4988:5015 [0] NCCL INFO Channel 02/0 : 51[c7000] -> 52[7000] [receive] via NET/AWS Libfabric/3
x3201c0s25b1n0:4988:5015 [0] NCCL INFO Channel 01 : 52[7000] -> 55[c7000] via P2P/IPC/read
x3104c0s31b0n0:36972:36997 [0] NCCL INFO Connected all trees
x3104c0s31b0n0:36972:36997 [0] NCCL INFO MSCCL: Parsing algorithm /home/yuke/ncclPG/CCL-LYD/msccl_tools_lyd/examples/xml/xml_lyd/ring/allreduce_ring_node16_gpu64_mcl4_mck2_gan0.xml
x3201c0s19b1n0:3085:3112 [0] NCCL INFO Channel 02/0 : 35[c7000] -> 36[7000] [receive] via NET/AWS Libfabric/3
x3201c0s13b1n0:61483:61509 [1] NCCL INFO Channel 03/0 : 29[46000] -> 34[85000] [send] via NET/AWS Libfabric/3
x3104c0s31b1n0:55807:55831 [3] NCCL INFO Channel 02/0 : 7[c7000] -> 8[7000] [send] via NET/AWS Libfabric/1
x3201c0s25b1n0:4991:5013 [3] NCCL INFO Channel 02/0 : 55[c7000] -> 56[7000] [send] via NET/AWS Libfabric/1
x3201c0s31b0n0:24191:24217 [0] NCCL INFO Parsed MSCCL Algorithm /home/yuke/ncclPG/CCL-LYD/msccl_tools_lyd/examples/xml/xml_lyd/ring/allreduce_ring_node16_gpu64_mcl4_mck2_gan0.xml successfully.
x3111c0s1b1n0:52418:52445 [0] NCCL INFO Channel 00/0 : 16[7000] -> 23[c7000] [send] via NET/AWS Libfabric/3
x3201c0s13b1n0:61482:61507 [0] NCCL INFO Channel 02/0 : 27[c7000] -> 28[7000] [receive] via NET/AWS Libfabric/3
x3201c0s19b1n0:3088:3111 [3] NCCL INFO Channel 02/0 : 39[c7000] -> 40[7000] [send] via NET/AWS Libfabric/1
x3201c0s1b0n0:9505:9528 [2] NCCL INFO Channel 01/0 : 42[85000] -> 45[46000] [send] via NET/AWS Libfabric/3
x3201c0s31b0n0:24191:24217 [0] NCCL INFO Channel 02/0 : 55[c7000] -> 56[7000] [receive] via NET/AWS Libfabric/3
x3201c0s31b0n0:24193:24218 [2] NCCL INFO Channel 01/0 : 58[85000] -> 61[46000] [send] via NET/AWS Libfabric/3
x3201c0s31b0n0:24194:24215 [3] NCCL INFO Channel 02/0 : 59[c7000] -> 60[7000] [send] via NET/AWS Libfabric/1
x3201c0s25b0n0:16168:16195 [0] NCCL INFO Channel 00/0 : 48[7000] -> 55[c7000] [send] via NET/AWS Libfabric/3
x3201c0s1b0n0:9504:9527 [1] NCCL INFO Channel 01/0 : 38[85000] -> 41[46000] [receive] via NET/AWS Libfabric/3
x3201c0s19b1n0:3085:3112 [0] NCCL INFO Channel 01 : 36[7000] -> 39[c7000] via P2P/IPC/read
x3201c0s31b0n0:24192:24216 [1] NCCL INFO Channel 01/0 : 54[85000] -> 57[46000] [receive] via NET/AWS Libfabric/3
x3201c0s1b1n0:3265:3292 [0] NCCL INFO Channel 00/0 : 44[7000] -> 51[c7000] [send] via NET/AWS Libfabric/3
x3201c0s13b0n0:22517:22544 [0] NCCL INFO Parsed MSCCL Algorithm /home/yuke/ncclPG/CCL-LYD/msccl_tools_lyd/examples/xml/xml_lyd/ring/allreduce_ring_node16_gpu64_mcl4_mck2_gan0.xml successfully.
x3201c0s31b0n0:24191:24217 [0] NCCL INFO Channel 01 : 56[7000] -> 59[c7000] via P2P/IPC/read
x3201c0s31b1n0:34851:34878 [0] NCCL INFO Channel 01 : 60[7000] -> 63[c7000] via P2P/IPC/read
x3104c0s31b1n0:55805:55829 [1] NCCL INFO Connected all trees
x3104c0s31b1n0:55805:55829 [1] NCCL INFO MSCCL: Parsing algorithm /home/yuke/ncclPG/CCL-LYD/msccl_tools_lyd/examples/xml/xml_lyd/ring/allreduce_ring_node16_gpu64_mcl4_mck2_gan0.xml
x3104c0s31b1n0:55806:55828 [2] NCCL INFO Connected all trees
x3104c0s31b1n0:55806:55828 [2] NCCL INFO MSCCL: Parsing algorithm /home/yuke/ncclPG/CCL-LYD/msccl_tools_lyd/examples/xml/xml_lyd/ring/allreduce_ring_node16_gpu64_mcl4_mck2_gan0.xml
x3201c0s13b0n0:22519:22541 [2] NCCL INFO Channel 03/0 : 21[46000] -> 26[85000] [receive] via NET/AWS Libfabric/3
x3201c0s19b0n0:1419:1443 [2] NCCL INFO Channel 03/0 : 29[46000] -> 34[85000] [receive] via NET/AWS Libfabric/3
x3201c0s13b1n0:61482:61507 [0] NCCL INFO Channel 01 : 28[7000] -> 31[c7000] via P2P/IPC/read
x3201c0s1b1n0:3266:3291 [1] NCCL INFO Channel 03/0 : 45[46000] -> 50[85000] [send] via NET/AWS Libfabric/3
x3201c0s1b0n0:9503:9530 [0] NCCL INFO Channel 01 : 40[7000] -> 43[c7000] via P2P/IPC/read
x3201c0s25b1n0:4991:5013 [3] NCCL INFO Channel 00/0 : 48[7000] -> 55[c7000] [receive] via NET/AWS Libfabric/1
x3201c0s25b1n0:4989:5014 [1] NCCL INFO Parsed MSCCL Algorithm /home/yuke/ncclPG/CCL-LYD/msccl_tools_lyd/examples/xml/xml_lyd/ring/allreduce_ring_node16_gpu64_mcl4_mck2_gan0.xml successfully.
x3201c0s25b1n0:4990:5012 [2] NCCL INFO Parsed MSCCL Algorithm /home/yuke/ncclPG/CCL-LYD/msccl_tools_lyd/examples/xml/xml_lyd/ring/allreduce_ring_node16_gpu64_mcl4_mck2_gan0.xml successfully.
x3201c0s31b1n0:34852:34877 [1] NCCL INFO Channel 03/0 : 61[46000] -> 2[85000] [send] via NET/AWS Libfabric/3
x3201c0s19b1n0:3086:3110 [1] NCCL INFO Channel 03/0 : 37[46000] -> 42[85000] [send] via NET/AWS Libfabric/3
x3201c0s13b0n0:22517:22544 [0] NCCL INFO Channel 02/0 : 23[c7000] -> 24[7000] [receive] via NET/AWS Libfabric/3
x3201c0s19b0n0:1417:1444 [0] NCCL INFO Channel 00/0 : 32[7000] -> 39[c7000] [send] via NET/AWS Libfabric/3
x3201c0s25b1n0:4991:5013 [3] NCCL INFO Channel 03 : 55[c7000] -> 52[7000] via P2P/IPC/read
x3201c0s25b1n0:4988:5015 [0] NCCL INFO Channel 00/0 : 52[7000] -> 59[c7000] [send] via NET/AWS Libfabric/3
x3111c0s25b0n0:31316:31341 [1] NCCL INFO Parsed MSCCL Algorithm /home/yuke/ncclPG/CCL-LYD/msccl_tools_lyd/examples/xml/xml_lyd/ring/allreduce_ring_node16_gpu64_mcl4_mck2_gan0.xml successfully.
x3111c0s25b0n0:31317:31343 [2] NCCL INFO Parsed MSCCL Algorithm /home/yuke/ncclPG/CCL-LYD/msccl_tools_lyd/examples/xml/xml_lyd/ring/allreduce_ring_node16_gpu64_mcl4_mck2_gan0.xml successfully.
x3111c0s1b1n0:52421:52443 [3] NCCL INFO Channel 00/0 : 12[7000] -> 19[c7000] [receive] via NET/AWS Libfabric/1
x3111c0s1b0n0:9001:9028 [0] NCCL INFO Parsed MSCCL Algorithm /home/yuke/ncclPG/CCL-LYD/msccl_tools_lyd/examples/xml/xml_lyd/ring/allreduce_ring_node16_gpu64_mcl4_mck2_gan0.xml successfully.
x3201c0s31b0n0:24193:24218 [2] NCCL INFO Channel 03/0 : 53[46000] -> 58[85000] [receive] via NET/AWS Libfabric/3
x3201c0s13b1n0:61483:61509 [1] NCCL INFO Connected 1 MSCCL algorithms
x3201c0s13b1n0:61483:61509 [1] NCCL INFO threadThresholds 8/8/64 | 512/8/64 | 8/8/64 | 8/8/512
x3201c0s13b1n0:61483:61509 [1] NCCL INFO 4 coll channels, 4 p2p channels, 2 p2p channels per peer
x3201c0s1b1n0:3268:3290 [3] NCCL INFO Channel 00/0 : 40[7000] -> 47[c7000] [receive] via NET/AWS Libfabric/1
x3201c0s19b0n0:1419:1443 [2] NCCL INFO Connected 1 MSCCL algorithms
x3201c0s19b0n0:1419:1443 [2] NCCL INFO threadThresholds 8/8/64 | 512/8/64 | 8/8/64 | 8/8/512
x3201c0s19b0n0:1419:1443 [2] NCCL INFO 4 coll channels, 4 p2p channels, 2 p2p channels per peer
x3105c0s25b0n0:38693:38718 [1] NCCL INFO Parsed MSCCL Algorithm /home/yuke/ncclPG/CCL-LYD/msccl_tools_lyd/examples/xml/xml_lyd/ring/allreduce_ring_node16_gpu64_mcl4_mck2_gan0.xml successfully.
x3201c0s25b0n0:16171:16192 [3] NCCL INFO Channel 00/0 : 44[7000] -> 51[c7000] [receive] via NET/AWS Libfabric/1
x3201c0s25b1n0:4990:5012 [2] NCCL INFO Channel 01/0 : 54[85000] -> 57[46000] [send] via NET/AWS Libfabric/3
x3201c0s1b0n0:9505:9528 [2] NCCL INFO Channel 03/0 : 37[46000] -> 42[85000] [receive] via NET/AWS Libfabric/3
x3105c0s25b0n0:38694:38716 [2] NCCL INFO Parsed MSCCL Algorithm /home/yuke/ncclPG/CCL-LYD/msccl_tools_lyd/examples/xml/xml_lyd/ring/allreduce_ring_node16_gpu64_mcl4_mck2_gan0.xml successfully.
x3201c0s13b1n0:61485:61506 [3] NCCL INFO Channel 00/0 : 24[7000] -> 31[c7000] [receive] via NET/AWS Libfabric/1
x3201c0s25b1n0:4989:5014 [1] NCCL INFO Channel 01/0 : 50[85000] -> 53[46000] [receive] via NET/AWS Libfabric/3
x3201c0s13b0n0:22517:22544 [0] NCCL INFO Channel 01 : 24[7000] -> 27[c7000] via P2P/IPC/read
x3111c0s25b0n0:31315:31340 [0] NCCL INFO Channel 00/0 : 20[7000] -> 27[c7000] [send] via NET/AWS Libfabric/3
x3201c0s1b0n0:9506:9529 [3] NCCL INFO Channel 00/0 : 36[7000] -> 43[c7000] [receive] via NET/AWS Libfabric/1
x3201c0s19b1n0:3085:3112 [0] NCCL INFO Channel 00/0 : 36[7000] -> 43[c7000] [send] via NET/AWS Libfabric/3
x3201c0s25b0n0:16171:16192 [3] NCCL INFO Channel 03 : 51[c7000] -> 48[7000] via P2P/IPC/read
x3201c0s1b0n0:9503:9530 [0] NCCL INFO Channel 00/0 : 40[7000] -> 47[c7000] [send] via NET/AWS Libfabric/3
x3104c0s31b1n0:55804:55830 [0] NCCL INFO Parsed MSCCL Algorithm /home/yuke/ncclPG/CCL-LYD/msccl_tools_lyd/examples/xml/xml_lyd/ring/allreduce_ring_node16_gpu64_mcl4_mck2_gan0.xml successfully.
x3111c0s25b0n0:31317:31343 [2] NCCL INFO Channel 01/0 : 22[85000] -> 25[46000] [send] via NET/AWS Libfabric/3
x3201c0s19b1n0:3086:3110 [1] NCCL INFO Connected 1 MSCCL algorithms
x3201c0s19b1n0:3086:3110 [1] NCCL INFO threadThresholds 8/8/64 | 512/8/64 | 8/8/64 | 8/8/512
x3201c0s19b1n0:3086:3110 [1] NCCL INFO 4 coll channels, 4 p2p channels, 2 p2p channels per peer
x3201c0s13b1n0:61482:61507 [0] NCCL INFO Channel 00/0 : 28[7000] -> 35[c7000] [send] via NET/AWS Libfabric/3
x3201c0s19b0n0:1420:1441 [3] NCCL INFO Channel 00/0 : 28[7000] -> 35[c7000] [receive] via NET/AWS Libfabric/1
x3105c0s25b0n0:38692:38719 [0] NCCL INFO Parsed MSCCL Algorithm /home/yuke/ncclPG/CCL-LYD/msccl_tools_lyd/examples/xml/xml_lyd/ring/allreduce_ring_node16_gpu64_mcl4_mck2_gan0.xml successfully.
x3111c0s25b0n0:31316:31341 [1] NCCL INFO Channel 01/0 : 18[85000] -> 21[46000] [receive] via NET/AWS Libfabric/3
x3111c0s1b0n0:9001:9028 [0] NCCL INFO Channel 02/0 : 11[c7000] -> 12[7000] [receive] via NET/AWS Libfabric/3
x3201c0s1b0n0:9504:9527 [1] NCCL INFO Channel 03/0 : 41[46000] -> 46[85000] [send] via NET/AWS Libfabric/3
x3201c0s1b0n0:9505:9528 [2] NCCL INFO Connected 1 MSCCL algorithms
x3201c0s1b0n0:9505:9528 [2] NCCL INFO threadThresholds 8/8/64 | 512/8/64 | 8/8/64 | 8/8/512
x3201c0s1b0n0:9505:9528 [2] NCCL INFO 4 coll channels, 4 p2p channels, 2 p2p channels per peer
x3201c0s19b1n0:3087:3109 [2] NCCL INFO Channel 03/0 : 33[46000] -> 38[85000] [receive] via NET/AWS Libfabric/3
x3105c0s25b0n0:38694:38716 [2] NCCL INFO Channel 01/0 : 10[85000] -> 13[46000] [send] via NET/AWS Libfabric/3
x3105c0s25b0n0:38693:38718 [1] NCCL INFO Channel 01/0 : 6[85000] -> 9[46000] [receive] via NET/AWS Libfabric/3
x3201c0s19b0n0:1420:1441 [3] NCCL INFO Channel 03 : 35[c7000] -> 32[7000] via P2P/IPC/read
x3104c0s31b1n0:55804:55830 [0] NCCL INFO Channel 02/0 : 3[c7000] -> 4[7000] [receive] via NET/AWS Libfabric/3
x3201c0s1b0n0:9506:9529 [3] NCCL INFO Channel 03 : 43[c7000] -> 40[7000] via P2P/IPC/read
x3201c0s1b1n0:3268:3290 [3] NCCL INFO Channel 03 : 47[c7000] -> 44[7000] via P2P/IPC/read
x3201c0s25b1n0:4990:5012 [2] NCCL INFO Channel 03/0 : 49[46000] -> 54[85000] [receive] via NET/AWS Libfabric/3
x3201c0s1b0n0:9504:9527 [1] NCCL INFO Connected 1 MSCCL algorithms
x3201c0s1b0n0:9504:9527 [1] NCCL INFO threadThresholds 8/8/64 | 512/8/64 | 8/8/64 | 8/8/512
x3201c0s1b0n0:9504:9527 [1] NCCL INFO 4 coll channels, 4 p2p channels, 2 p2p channels per peer
x3111c0s25b0n0:31317:31343 [2] NCCL INFO Channel 03/0 : 17[46000] -> 22[85000] [receive] via NET/AWS Libfabric/3
x3201c0s19b1n0:3088:3111 [3] NCCL INFO Channel 00/0 : 32[7000] -> 39[c7000] [receive] via NET/AWS Libfabric/1
x3201c0s31b0n0:24191:24217 [0] NCCL INFO Channel 00/0 : 56[7000] -> 63[c7000] [send] via NET/AWS Libfabric/3
x3201c0s31b0n0:24194:24215 [3] NCCL INFO Channel 00/0 : 52[7000] -> 59[c7000] [receive] via NET/AWS Libfabric/1
x3104c0s31b0n0:36972:36997 [0] NCCL INFO Parsed MSCCL Algorithm /home/yuke/ncclPG/CCL-LYD/msccl_tools_lyd/examples/xml/xml_lyd/ring/allreduce_ring_node16_gpu64_mcl4_mck2_gan0.xml successfully.
x3201c0s25b0n0:16168:16195 [0] NCCL INFO Connected 1 MSCCL algorithms
x3201c0s19b1n0:3087:3109 [2] NCCL INFO Connected 1 MSCCL algorithms
x3201c0s19b1n0:3087:3109 [2] NCCL INFO threadThresholds 8/8/64 | 512/8/64 | 8/8/64 | 8/8/512
x3201c0s19b1n0:3087:3109 [2] NCCL INFO 4 coll channels, 4 p2p channels, 2 p2p channels per peer
x3201c0s25b0n0:16168:16195 [0] NCCL INFO threadThresholds 8/8/64 | 512/8/64 | 8/8/64 | 8/8/512
x3201c0s25b0n0:16168:16195 [0] NCCL INFO 4 coll channels, 4 p2p channels, 2 p2p channels per peer
x3201c0s25b0n0:16171:16192 [3] NCCL INFO Connected 1 MSCCL algorithms
x3201c0s25b0n0:16171:16192 [3] NCCL INFO threadThresholds 8/8/64 | 512/8/64 | 8/8/64 | 8/8/512
x3201c0s25b0n0:16171:16192 [3] NCCL INFO 4 coll channels, 4 p2p channels, 2 p2p channels per peer
x3201c0s25b0n0:16170:16194 [2] NCCL INFO Channel 03/0 : 45[46000] -> 50[85000] [receive] via NET/AWS Libfabric/3
x3111c0s25b0n0:31318:31342 [3] NCCL INFO Channel 00/0 : 16[7000] -> 23[c7000] [receive] via NET/AWS Libfabric/1
x3201c0s13b0n0:22518:22543 [1] NCCL INFO Channel 03/0 : 25[46000] -> 30[85000] [send] via NET/AWS Libfabric/3
x3201c0s13b0n0:22520:22542 [3] NCCL INFO Channel 00/0 : 20[7000] -> 27[c7000] [receive] via NET/AWS Libfabric/1
x3201c0s19b0n0:1418:1442 [1] NCCL INFO Connected 1 MSCCL algorithms
x3201c0s19b0n0:1418:1442 [1] NCCL INFO threadThresholds 8/8/64 | 512/8/64 | 8/8/64 | 8/8/512
x3201c0s19b0n0:1418:1442 [1] NCCL INFO 4 coll channels, 4 p2p channels, 2 p2p channels per peer
x3104c0s31b1n0:55804:55830 [0] NCCL INFO Channel 01 : 4[7000] -> 7[c7000] via P2P/IPC/read
x3201c0s1b1n0:3267:3289 [2] NCCL INFO Connected 1 MSCCL algorithms
x3201c0s1b1n0:3267:3289 [2] NCCL INFO threadThresholds 8/8/64 | 512/8/64 | 8/8/64 | 8/8/512
x3201c0s1b1n0:3267:3289 [2] NCCL INFO 4 coll channels, 4 p2p channels, 2 p2p channels per peer
x3111c0s1b0n0:9001:9028 [0] NCCL INFO Channel 01 : 12[7000] -> 15[c7000] via P2P/IPC/read
x3201c0s25b0n0:16169:16193 [1] NCCL INFO Connected 1 MSCCL algorithms
x3201c0s25b0n0:16169:16193 [1] NCCL INFO threadThresholds 8/8/64 | 512/8/64 | 8/8/64 | 8/8/512
x3201c0s25b0n0:16169:16193 [1] NCCL INFO 4 coll channels, 4 p2p channels, 2 p2p channels per peer
x3201c0s25b1n0:4990:5012 [2] NCCL INFO Connected 1 MSCCL algorithms
x3201c0s25b1n0:4990:5012 [2] NCCL INFO threadThresholds 8/8/64 | 512/8/64 | 8/8/64 | 8/8/512
x3201c0s25b1n0:4990:5012 [2] NCCL INFO 4 coll channels, 4 p2p channels, 2 p2p channels per peer
x3105c0s25b0n0:38692:38719 [0] NCCL INFO Channel 02/0 : 7[c7000] -> 8[7000] [receive] via NET/AWS Libfabric/3
x3105c0s25b0n0:38694:38716 [2] NCCL INFO Channel 03/0 : 5[46000] -> 10[85000] [receive] via NET/AWS Libfabric/3
x3201c0s13b0n0:22518:22543 [1] NCCL INFO Connected 1 MSCCL algorithms
x3201c0s13b0n0:22518:22543 [1] NCCL INFO threadThresholds 8/8/64 | 512/8/64 | 8/8/64 | 8/8/512
x3201c0s13b0n0:22518:22543 [1] NCCL INFO 4 coll channels, 4 p2p channels, 2 p2p channels per peer
x3201c0s31b0n0:24192:24216 [1] NCCL INFO Channel 03/0 : 57[46000] -> 62[85000] [send] via NET/AWS Libfabric/3
x3201c0s13b0n0:22517:22544 [0] NCCL INFO Channel 00/0 : 24[7000] -> 31[c7000] [send] via NET/AWS Libfabric/3
x3201c0s1b0n0:9503:9530 [0] NCCL INFO Connected 1 MSCCL algorithms
x3201c0s1b0n0:9503:9530 [0] NCCL INFO threadThresholds 8/8/64 | 512/8/64 | 8/8/64 | 8/8/512
x3201c0s1b0n0:9503:9530 [0] NCCL INFO 4 coll channels, 4 p2p channels, 2 p2p channels per peer
x3201c0s1b0n0:9506:9529 [3] NCCL INFO Connected 1 MSCCL algorithms
x3201c0s1b0n0:9506:9529 [3] NCCL INFO threadThresholds 8/8/64 | 512/8/64 | 8/8/64 | 8/8/512
x3201c0s1b0n0:9506:9529 [3] NCCL INFO 4 coll channels, 4 p2p channels, 2 p2p channels per peer
x3201c0s1b1n0:3265:3292 [0] NCCL INFO Connected 1 MSCCL algorithms
x3201c0s1b1n0:3265:3292 [0] NCCL INFO threadThresholds 8/8/64 | 512/8/64 | 8/8/64 | 8/8/512
x3201c0s1b1n0:3265:3292 [0] NCCL INFO 4 coll channels, 4 p2p channels, 2 p2p channels per peer
x3201c0s1b1n0:3268:3290 [3] NCCL INFO Connected 1 MSCCL algorithms
x3201c0s1b1n0:3268:3290 [3] NCCL INFO threadThresholds 8/8/64 | 512/8/64 | 8/8/64 | 8/8/512
x3201c0s1b1n0:3268:3290 [3] NCCL INFO 4 coll channels, 4 p2p channels, 2 p2p channels per peer
x3201c0s25b0n0:16170:16194 [2] NCCL INFO Connected 1 MSCCL algorithms
x3201c0s25b0n0:16170:16194 [2] NCCL INFO threadThresholds 8/8/64 | 512/8/64 | 8/8/64 | 8/8/512
x3201c0s25b0n0:16170:16194 [2] NCCL INFO 4 coll channels, 4 p2p channels, 2 p2p channels per peer
x3201c0s13b0n0:22520:22542 [3] NCCL INFO Channel 03 : 27[c7000] -> 24[7000] via P2P/IPC/read
x3111c0s25b0n0:31317:31343 [2] NCCL INFO Connected 1 MSCCL algorithms
x3111c0s25b0n0:31317:31343 [2] NCCL INFO threadThresholds 8/8/64 | 512/8/64 | 8/8/64 | 8/8/512
x3111c0s25b0n0:31317:31343 [2] NCCL INFO 4 coll channels, 4 p2p channels, 2 p2p channels per peer
x3111c0s1b1n0:52419:52444 [1] NCCL INFO Connected 1 MSCCL algorithms
x3104c0s31b1n0:55805:55829 [1] NCCL INFO Parsed MSCCL Algorithm /home/yuke/ncclPG/CCL-LYD/msccl_tools_lyd/examples/xml/xml_lyd/ring/allreduce_ring_node16_gpu64_mcl4_mck2_gan0.xml successfully.
x3111c0s1b1n0:52419:52444 [1] NCCL INFO threadThresholds 8/8/64 | 512/8/64 | 8/8/64 | 8/8/512
x3111c0s1b1n0:52419:52444 [1] NCCL INFO 4 coll channels, 4 p2p channels, 2 p2p channels per peer
x3111c0s1b1n0:52420:52442 [2] NCCL INFO Channel 03/0 : 13[46000] -> 18[85000] [receive] via NET/AWS Libfabric/3
x3201c0s19b1n0:3088:3111 [3] NCCL INFO Channel 03 : 39[c7000] -> 36[7000] via P2P/IPC/read
x3201c0s1b1n0:3266:3291 [1] NCCL INFO Connected 1 MSCCL algorithms
x3201c0s1b1n0:3266:3291 [1] NCCL INFO threadThresholds 8/8/64 | 512/8/64 | 8/8/64 | 8/8/512
x3201c0s1b1n0:3266:3291 [1] NCCL INFO 4 coll channels, 4 p2p channels, 2 p2p channels per peer
x3201c0s19b0n0:1420:1441 [3] NCCL INFO Connected 1 MSCCL algorithms
x3201c0s19b0n0:1417:1444 [0] NCCL INFO Connected 1 MSCCL algorithms
x3201c0s19b0n0:1417:1444 [0] NCCL INFO threadThresholds 8/8/64 | 512/8/64 | 8/8/64 | 8/8/512
x3201c0s19b0n0:1417:1444 [0] NCCL INFO 4 coll channels, 4 p2p channels, 2 p2p channels per peer
x3201c0s19b0n0:1420:1441 [3] NCCL INFO threadThresholds 8/8/64 | 512/8/64 | 8/8/64 | 8/8/512
x3201c0s19b0n0:1420:1441 [3] NCCL INFO 4 coll channels, 4 p2p channels, 2 p2p channels per peer
x3111c0s1b0n0:9002:9026 [1] NCCL INFO Channel 03/0 : 13[46000] -> 18[85000] [send] via NET/AWS Libfabric/3
x3201c0s25b1n0:4989:5014 [1] NCCL INFO Channel 03/0 : 53[46000] -> 58[85000] [send] via NET/AWS Libfabric/3
x3104c0s31b1n0:55806:55828 [2] NCCL INFO Parsed MSCCL Algorithm /home/yuke/ncclPG/CCL-LYD/msccl_tools_lyd/examples/xml/xml_lyd/ring/allreduce_ring_node16_gpu64_mcl4_mck2_gan0.xml successfully.
x3111c0s25b0n0:31318:31342 [3] NCCL INFO Channel 03 : 23[c7000] -> 20[7000] via P2P/IPC/read
x3201c0s19b1n0:3085:3112 [0] NCCL INFO Connected 1 MSCCL algorithms
x3201c0s19b1n0:3085:3112 [0] NCCL INFO threadThresholds 8/8/64 | 512/8/64 | 8/8/64 | 8/8/512
x3201c0s19b1n0:3085:3112 [0] NCCL INFO 4 coll channels, 4 p2p channels, 2 p2p channels per peer
x3201c0s19b1n0:3088:3111 [3] NCCL INFO Connected 1 MSCCL algorithms
x3201c0s19b1n0:3088:3111 [3] NCCL INFO threadThresholds 8/8/64 | 512/8/64 | 8/8/64 | 8/8/512
x3201c0s19b1n0:3088:3111 [3] NCCL INFO 4 coll channels, 4 p2p channels, 2 p2p channels per peer
x3104c0s31b0n0:36972:36997 [0] NCCL INFO Channel 02/0 : 63[c7000] -> 0[7000] [receive] via NET/AWS Libfabric/3
x3201c0s31b0n0:24192:24216 [1] NCCL INFO Connected 1 MSCCL algorithms
x3111c0s1b0n0:9002:9026 [1] NCCL INFO Connected 1 MSCCL algorithms
x3201c0s13b1n0:61484:61508 [2] NCCL INFO Connected 1 MSCCL algorithms
x3201c0s13b1n0:61484:61508 [2] NCCL INFO threadThresholds 8/8/64 | 512/8/64 | 8/8/64 | 8/8/512
x3201c0s13b1n0:61484:61508 [2] NCCL INFO 4 coll channels, 4 p2p channels, 2 p2p channels per peer
x3111c0s1b0n0:9002:9026 [1] NCCL INFO threadThresholds 8/8/64 | 512/8/64 | 8/8/64 | 8/8/512
x3111c0s1b0n0:9002:9026 [1] NCCL INFO 4 coll channels, 4 p2p channels, 2 p2p channels per peer
x3201c0s13b0n0:22520:22542 [3] NCCL INFO Connected 1 MSCCL algorithms
x3201c0s13b0n0:22520:22542 [3] NCCL INFO threadThresholds 8/8/64 | 512/8/64 | 8/8/64 | 8/8/512
x3201c0s13b0n0:22520:22542 [3] NCCL INFO 4 coll channels, 4 p2p channels, 2 p2p channels per peer
x3201c0s13b0n0:22517:22544 [0] NCCL INFO Connected 1 MSCCL algorithms
x3201c0s13b0n0:22517:22544 [0] NCCL INFO threadThresholds 8/8/64 | 512/8/64 | 8/8/64 | 8/8/512
x3201c0s13b0n0:22517:22544 [0] NCCL INFO 4 coll channels, 4 p2p channels, 2 p2p channels per peer
x3201c0s13b1n0:61485:61506 [3] NCCL INFO Channel 03 : 31[c7000] -> 28[7000] via P2P/IPC/read
x3201c0s31b0n0:24192:24216 [1] NCCL INFO threadThresholds 8/8/64 | 512/8/64 | 8/8/64 | 8/8/512
x3201c0s31b0n0:24192:24216 [1] NCCL INFO 4 coll channels, 4 p2p channels, 2 p2p channels per peer
x3201c0s31b0n0:24194:24215 [3] NCCL INFO Channel 03 : 59[c7000] -> 56[7000] via P2P/IPC/read
x3201c0s25b1n0:4989:5014 [1] NCCL INFO Connected 1 MSCCL algorithms
x3201c0s25b1n0:4989:5014 [1] NCCL INFO threadThresholds 8/8/64 | 512/8/64 | 8/8/64 | 8/8/512
x3201c0s25b1n0:4989:5014 [1] NCCL INFO 4 coll channels, 4 p2p channels, 2 p2p channels per peer
x3201c0s25b1n0:4988:5015 [0] NCCL INFO Connected 1 MSCCL algorithms
x3201c0s25b1n0:4988:5015 [0] NCCL INFO threadThresholds 8/8/64 | 512/8/64 | 8/8/64 | 8/8/512
x3201c0s25b1n0:4988:5015 [0] NCCL INFO 4 coll channels, 4 p2p channels, 2 p2p channels per peer
x3111c0s1b1n0:52420:52442 [2] NCCL INFO Connected 1 MSCCL algorithms
x3111c0s1b1n0:52420:52442 [2] NCCL INFO threadThresholds 8/8/64 | 512/8/64 | 8/8/64 | 8/8/512
x3111c0s1b1n0:52420:52442 [2] NCCL INFO 4 coll channels, 4 p2p channels, 2 p2p channels per peer
x3201c0s13b1n0:61482:61507 [0] NCCL INFO Connected 1 MSCCL algorithms
x3201c0s13b1n0:61482:61507 [0] NCCL INFO threadThresholds 8/8/64 | 512/8/64 | 8/8/64 | 8/8/512
x3201c0s13b1n0:61482:61507 [0] NCCL INFO 4 coll channels, 4 p2p channels, 2 p2p channels per peer
x3201c0s13b1n0:61485:61506 [3] NCCL INFO Connected 1 MSCCL algorithms
x3201c0s13b1n0:61485:61506 [3] NCCL INFO threadThresholds 8/8/64 | 512/8/64 | 8/8/64 | 8/8/512
x3201c0s13b1n0:61485:61506 [3] NCCL INFO 4 coll channels, 4 p2p channels, 2 p2p channels per peer
x3111c0s25b0n0:31316:31341 [1] NCCL INFO Channel 03/0 : 21[46000] -> 26[85000] [send] via NET/AWS Libfabric/3
x3201c0s25b1n0:4991:5013 [3] NCCL INFO Connected 1 MSCCL algorithms
x3201c0s25b1n0:4991:5013 [3] NCCL INFO threadThresholds 8/8/64 | 512/8/64 | 8/8/64 | 8/8/512
x3201c0s25b1n0:4991:5013 [3] NCCL INFO 4 coll channels, 4 p2p channels, 2 p2p channels per peer
x3104c0s31b0n0:36972:36997 [0] NCCL INFO Channel 01 : 0[7000] -> 3[c7000] via P2P/IPC/read
x3105c0s25b0n0:38692:38719 [0] NCCL INFO Channel 01 : 8[7000] -> 11[c7000] via P2P/IPC/read
x3201c0s31b1n0:34853:34876 [2] NCCL INFO Connected 1 MSCCL algorithms
x3201c0s31b1n0:34853:34876 [2] NCCL INFO threadThresholds 8/8/64 | 512/8/64 | 8/8/64 | 8/8/512
x3201c0s31b1n0:34853:34876 [2] NCCL INFO 4 coll channels, 4 p2p channels, 2 p2p channels per peer
x3104c0s31b1n0:55806:55828 [2] NCCL INFO Channel 01/0 : 6[85000] -> 9[46000] [send] via NET/AWS Libfabric/3
x3104c0s31b1n0:55805:55829 [1] NCCL INFO Channel 01/0 : 2[85000] -> 5[46000] [receive] via NET/AWS Libfabric/3
x3111c0s1b0n0:9004:9025 [3] NCCL INFO Channel 00/0 : 8[7000] -> 15[c7000] [receive] via NET/AWS Libfabric/1
x3111c0s25b0n0:31315:31340 [0] NCCL INFO Connected 1 MSCCL algorithms
x3111c0s25b0n0:31315:31340 [0] NCCL INFO threadThresholds 8/8/64 | 512/8/64 | 8/8/64 | 8/8/512
x3111c0s25b0n0:31315:31340 [0] NCCL INFO 4 coll channels, 4 p2p channels, 2 p2p channels per peer
x3111c0s25b0n0:31318:31342 [3] NCCL INFO Connected 1 MSCCL algorithms
x3111c0s25b0n0:31318:31342 [3] NCCL INFO threadThresholds 8/8/64 | 512/8/64 | 8/8/64 | 8/8/512
x3111c0s25b0n0:31318:31342 [3] NCCL INFO 4 coll channels, 4 p2p channels, 2 p2p channels per peer
x3201c0s1b0n0:9505:9528 [2] NCCL INFO comm 0x1497d0871010 rank 42 nranks 64 cudaDev 2 busId 85000 - Init COMPLETE
x3201c0s1b0n0:9506:9529 [3] NCCL INFO comm 0x14f78645a010 rank 43 nranks 64 cudaDev 3 busId c7000 - Init COMPLETE
x3201c0s1b0n0:9503:9530 [0] NCCL INFO comm 0x149cc1473010 rank 40 nranks 64 cudaDev 0 busId 7000 - Init COMPLETE
x3201c0s1b0n0:9504:9527 [1] NCCL INFO comm 0x14e4f94a7010 rank 41 nranks 64 cudaDev 1 busId 46000 - Init COMPLETE
x3111c0s25b0n0:31316:31341 [1] NCCL INFO Connected 1 MSCCL algorithms
x3111c0s25b0n0:31316:31341 [1] NCCL INFO threadThresholds 8/8/64 | 512/8/64 | 8/8/64 | 8/8/512
x3111c0s25b0n0:31316:31341 [1] NCCL INFO 4 coll channels, 4 p2p channels, 2 p2p channels per peer
x3201c0s31b0n0:24193:24218 [2] NCCL INFO Connected 1 MSCCL algorithms
x3201c0s31b0n0:24193:24218 [2] NCCL INFO threadThresholds 8/8/64 | 512/8/64 | 8/8/64 | 8/8/512
x3201c0s31b0n0:24193:24218 [2] NCCL INFO 4 coll channels, 4 p2p channels, 2 p2p channels per peer
x3201c0s25b0n0:16171:16192 [3] NCCL INFO comm 0x1478fa45a010 rank 51 nranks 64 cudaDev 3 busId c7000 - Init COMPLETE
x3201c0s25b0n0:16168:16195 [0] NCCL INFO comm 0x14915045a010 rank 48 nranks 64 cudaDev 0 busId 7000 - Init COMPLETE
x3201c0s25b0n0:16169:16193 [1] NCCL INFO comm 0x150fdc45a010 rank 49 nranks 64 cudaDev 1 busId 46000 - Init COMPLETE
x3201c0s25b0n0:16170:16194 [2] NCCL INFO comm 0x1482f645a010 rank 50 nranks 64 cudaDev 2 busId 85000 - Init COMPLETE
x3111c0s1b0n0:9001:9028 [0] NCCL INFO Channel 00/0 : 12[7000] -> 19[c7000] [send] via NET/AWS Libfabric/3
x3201c0s13b0n0:22519:22541 [2] NCCL INFO Connected 1 MSCCL algorithms
x3201c0s13b0n0:22519:22541 [2] NCCL INFO threadThresholds 8/8/64 | 512/8/64 | 8/8/64 | 8/8/512
x3201c0s13b0n0:22519:22541 [2] NCCL INFO 4 coll channels, 4 p2p channels, 2 p2p channels per peer
x3201c0s1b1n0:3265:3292 [0] NCCL INFO comm 0x150619eb6010 rank 44 nranks 64 cudaDev 0 busId 7000 - Init COMPLETE
x3201c0s1b1n0:3266:3291 [1] NCCL INFO comm 0x14c8ec45a010 rank 45 nranks 64 cudaDev 1 busId 46000 - Init COMPLETE
x3201c0s1b1n0:3267:3289 [2] NCCL INFO comm 0x14fb96259010 rank 46 nranks 64 cudaDev 2 busId 85000 - Init COMPLETE
x3201c0s1b1n0:3268:3290 [3] NCCL INFO comm 0x148a8045a010 rank 47 nranks 64 cudaDev 3 busId c7000 - Init COMPLETE
x3201c0s19b1n0:3086:3110 [1] NCCL INFO comm 0x154ee0e6e010 rank 37 nranks 64 cudaDev 1 busId 46000 - Init COMPLETE
x3201c0s19b1n0:3087:3109 [2] NCCL INFO comm 0x14c91c8a5010 rank 38 nranks 64 cudaDev 2 busId 85000 - Init COMPLETE
x3201c0s19b1n0:3088:3111 [3] NCCL INFO comm 0x14849645a010 rank 39 nranks 64 cudaDev 3 busId c7000 - Init COMPLETE
x3104c0s31b1n0:55806:55828 [2] NCCL INFO Channel 03/0 : 1[46000] -> 6[85000] [receive] via NET/AWS Libfabric/3
x3201c0s19b1n0:3085:3112 [0] NCCL INFO comm 0x153be581a010 rank 36 nranks 64 cudaDev 0 busId 7000 - Init COMPLETE
x3201c0s19b0n0:1418:1442 [1] NCCL INFO comm 0x146a994a7010 rank 33 nranks 64 cudaDev 1 busId 46000 - Init COMPLETE
x3201c0s19b0n0:1417:1444 [0] NCCL INFO comm 0x15133c45a010 rank 32 nranks 64 cudaDev 0 busId 7000 - Init COMPLETE
x3201c0s19b0n0:1420:1441 [3] NCCL INFO comm 0x14f3e0fc9010 rank 35 nranks 64 cudaDev 3 busId c7000 - Init COMPLETE
x3111c0s1b1n0:52421:52443 [3] NCCL INFO Channel 03 : 19[c7000] -> 16[7000] via P2P/IPC/read
x3201c0s19b0n0:1419:1443 [2] NCCL INFO comm 0x14965845a010 rank 34 nranks 64 cudaDev 2 busId 85000 - Init COMPLETE
x3201c0s31b1n0:34851:34878 [0] NCCL INFO Channel 00/0 : 60[7000] -> 3[c7000] [send] via NET/AWS Libfabric/3
x3201c0s25b1n0:4991:5013 [3] NCCL INFO comm 0x14c1e045a010 rank 55 nranks 64 cudaDev 3 busId c7000 - Init COMPLETE
x3201c0s25b1n0:4988:5015 [0] NCCL INFO comm 0x15249645a010 rank 52 nranks 64 cudaDev 0 busId 7000 - Init COMPLETE
x3201c0s25b1n0:4989:5014 [1] NCCL INFO comm 0x14829c45a010 rank 53 nranks 64 cudaDev 1 busId 46000 - Init COMPLETE
x3201c0s25b1n0:4990:5012 [2] NCCL INFO comm 0x152bfcbac010 rank 54 nranks 64 cudaDev 2 busId 85000 - Init COMPLETE
x3201c0s13b0n0:22517:22544 [0] NCCL INFO comm 0x14f12c45a010 rank 24 nranks 64 cudaDev 0 busId 7000 - Init COMPLETE
x3201c0s13b0n0:22518:22543 [1] NCCL INFO comm 0x149eaa45a010 rank 25 nranks 64 cudaDev 1 busId 46000 - Init COMPLETE
x3201c0s13b0n0:22519:22541 [2] NCCL INFO comm 0x14c14c45a010 rank 26 nranks 64 cudaDev 2 busId 85000 - Init COMPLETE
x3201c0s13b0n0:22520:22542 [3] NCCL INFO comm 0x1552e981a010 rank 27 nranks 64 cudaDev 3 busId c7000 - Init COMPLETE
x3104c0s31b0n0:36975:36998 [3] NCCL INFO Channel 00/0 : 60[7000] -> 3[c7000] [receive] via NET/AWS Libfabric/1
x3104c0s31b1n0:55806:55828 [2] NCCL INFO Connected 1 MSCCL algorithms
x3104c0s31b1n0:55806:55828 [2] NCCL INFO threadThresholds 8/8/64 | 512/8/64 | 8/8/64 | 8/8/512
x3104c0s31b1n0:55806:55828 [2] NCCL INFO 4 coll channels, 4 p2p channels, 2 p2p channels per peer
x3104c0s31b0n0:36974:37000 [2] NCCL INFO Channel 03/0 : 61[46000] -> 2[85000] [receive] via NET/AWS Libfabric/3
x3104c0s31b0n0:36973:36999 [1] NCCL INFO Connected 1 MSCCL algorithms
x3104c0s31b0n0:36973:36999 [1] NCCL INFO threadThresholds 8/8/64 | 512/8/64 | 8/8/64 | 8/8/512
x3104c0s31b0n0:36973:36999 [1] NCCL INFO 4 coll channels, 4 p2p channels, 2 p2p channels per peer
x3105c0s25b0n0:38693:38718 [1] NCCL INFO Channel 03/0 : 9[46000] -> 14[85000] [send] via NET/AWS Libfabric/3
x3104c0s31b1n0:55805:55829 [1] NCCL INFO Channel 03/0 : 5[46000] -> 10[85000] [send] via NET/AWS Libfabric/3
x3111c0s1b1n0:52421:52443 [3] NCCL INFO Connected 1 MSCCL algorithms
