x3201c0s1b1n0:2941:2979 [0] NCCL INFO Connected all rings
x3201c0s1b1n0:2941:2979 [0] NCCL INFO Channel 00 : 44[7000] -> 45[46000] via P2P/IPC/read
x3201c0s25b0n0:15851:15888 [0] NCCL INFO Connected all rings
x3201c0s25b0n0:15851:15888 [0] NCCL INFO Channel 00 : 48[7000] -> 49[46000] via P2P/IPC/read
x3111c0s1b0n0:8686:8719 [3] NCCL INFO Channel 03 : 15[c7000] -> 14[85000] via P2P/IPC/read
x3201c0s25b0n0:15853:15887 [2] NCCL INFO Connected all rings
x3201c0s25b0n0:15852:15885 [1] NCCL INFO Connected all rings
x3201c0s1b0n0:9187:9220 [2] NCCL INFO Channel 00 : 42[85000] -> 43[c7000] via P2P/IPC/read
x3201c0s1b0n0:9187:9220 [2] NCCL INFO Channel 01 : 42[85000] -> 43[c7000] via P2P/IPC/read
x3201c0s1b0n0:9187:9220 [2] NCCL INFO Channel 02 : 42[85000] -> 43[c7000] via P2P/IPC/read
x3201c0s1b0n0:9187:9220 [2] NCCL INFO Channel 03 : 42[85000] -> 43[c7000] via P2P/IPC/read
x3201c0s1b1n0:2942:2977 [1] NCCL INFO Connected all rings
x3201c0s1b1n0:2944:2976 [3] NCCL INFO Channel 02 : 47[c7000] -> 46[85000] via P2P/IPC/read
x3105c0s25b0n0:38368:38402 [1] NCCL INFO Channel 00 : 9[46000] -> 10[85000] via P2P/IPC/read
x3105c0s25b0n0:38368:38402 [1] NCCL INFO Channel 01 : 9[46000] -> 10[85000] via P2P/IPC/read
x3105c0s25b0n0:38368:38402 [1] NCCL INFO Channel 02 : 9[46000] -> 10[85000] via P2P/IPC/read
x3105c0s25b0n0:38368:38402 [1] NCCL INFO Channel 03 : 9[46000] -> 10[85000] via P2P/IPC/read
x3201c0s31b1n0:34538:34571 [1] NCCL INFO Channel 00 : 61[46000] -> 62[85000] via P2P/IPC/read
x3201c0s31b1n0:34538:34571 [1] NCCL INFO Channel 01 : 61[46000] -> 62[85000] via P2P/IPC/read
x3201c0s31b1n0:34538:34571 [1] NCCL INFO Channel 02 : 61[46000] -> 62[85000] via P2P/IPC/read
x3201c0s31b1n0:34538:34571 [1] NCCL INFO Channel 03 : 61[46000] -> 62[85000] via P2P/IPC/read
x3201c0s31b1n0:34539:34570 [2] NCCL INFO Channel 00 : 62[85000] -> 61[46000] via P2P/IPC/read
x3104c0s31b0n0:36649:36676 [1] NCCL INFO Channel 00 : 1[46000] -> 2[85000] via P2P/IPC/read
x3104c0s31b0n0:36649:36676 [1] NCCL INFO Channel 01 : 1[46000] -> 2[85000] via P2P/IPC/read
x3201c0s13b0n0:22201:22237 [0] NCCL INFO Channel 02 : 24[7000] -> 25[46000] via P2P/IPC/read
x3104c0s31b0n0:36649:36676 [1] NCCL INFO Channel 02 : 1[46000] -> 2[85000] via P2P/IPC/read
x3104c0s31b0n0:36649:36676 [1] NCCL INFO Channel 03 : 1[46000] -> 2[85000] via P2P/IPC/read
x3104c0s31b1n0:55486:55520 [1] NCCL INFO Channel 02/0 : 5[46000] -> 8[7000] [send] via NET/AWS Libfabric/3
x3201c0s19b0n0:1099:1134 [1] NCCL INFO Channel 00 : 33[46000] -> 34[85000] via P2P/IPC/read
x3201c0s19b0n0:1099:1134 [1] NCCL INFO Channel 01 : 33[46000] -> 34[85000] via P2P/IPC/read
x3201c0s19b0n0:1099:1134 [1] NCCL INFO Channel 02 : 33[46000] -> 34[85000] via P2P/IPC/read
x3201c0s19b0n0:1099:1134 [1] NCCL INFO Channel 03 : 33[46000] -> 34[85000] via P2P/IPC/read
x3111c0s1b1n0:52101:52135 [1] NCCL INFO Channel 00/0 : 8[7000] -> 17[46000] [receive] via NET/AWS Libfabric/3
x3201c0s19b0n0:1098:1136 [0] NCCL INFO Channel 02 : 32[7000] -> 33[46000] via P2P/IPC/read
x3104c0s31b0n0:36651:36675 [3] NCCL INFO Channel 03 : 3[c7000] -> 2[85000] via P2P/IPC/read
x3201c0s25b0n0:15853:15887 [2] NCCL INFO Channel 00 : 50[85000] -> 51[c7000] via P2P/IPC/read
x3201c0s25b0n0:15853:15887 [2] NCCL INFO Channel 01 : 50[85000] -> 51[c7000] via P2P/IPC/read
x3201c0s25b0n0:15853:15887 [2] NCCL INFO Channel 02 : 50[85000] -> 51[c7000] via P2P/IPC/read
x3201c0s25b0n0:15853:15887 [2] NCCL INFO Channel 03 : 50[85000] -> 51[c7000] via P2P/IPC/read
x3111c0s25b0n0:30992:31030 [0] NCCL INFO Connected all rings
x3111c0s25b0n0:30992:31030 [0] NCCL INFO Channel 00 : 20[7000] -> 21[46000] via P2P/IPC/read
x3201c0s31b1n0:34540:34573 [3] NCCL INFO Channel 01/0 : 59[c7000] -> 63[c7000] [receive] via NET/AWS Libfabric/1
x3111c0s1b1n0:52102:52134 [2] NCCL INFO Channel 01/0 : 11[c7000] -> 18[85000] [receive] via NET/AWS Libfabric/1
x3111c0s25b0n0:30993:31028 [1] NCCL INFO Connected all rings
x3201c0s1b1n0:2942:2977 [1] NCCL INFO Channel 00 : 45[46000] -> 46[85000] via P2P/IPC/read
x3201c0s1b1n0:2942:2977 [1] NCCL INFO Channel 01 : 45[46000] -> 46[85000] via P2P/IPC/read
x3201c0s1b1n0:2942:2977 [1] NCCL INFO Channel 02 : 45[46000] -> 46[85000] via P2P/IPC/read
x3201c0s1b1n0:2942:2977 [1] NCCL INFO Channel 03 : 45[46000] -> 46[85000] via P2P/IPC/read
x3105c0s25b0n0:38367:38405 [0] NCCL INFO Channel 03 : 8[7000] -> 9[46000] via P2P/IPC/read
x3201c0s13b1n0:61164:61202 [0] NCCL INFO Connected all rings
x3201c0s13b1n0:61164:61202 [0] NCCL INFO Channel 00 : 28[7000] -> 29[46000] via P2P/IPC/read
x3201c0s13b1n0:61165:61200 [1] NCCL INFO Connected all rings
x3201c0s31b1n0:34539:34570 [2] NCCL INFO Channel 02 : 62[85000] -> 61[46000] via P2P/IPC/read
x3201c0s19b1n0:2759:2795 [0] NCCL INFO Channel 02/0 : 32[7000] -> 36[7000] [receive] via NET/AWS Libfabric/3
x3201c0s1b1n0:2944:2976 [3] NCCL INFO Channel 03 : 47[c7000] -> 46[85000] via P2P/IPC/read
x3201c0s25b0n0:15851:15888 [0] NCCL INFO Channel 01 : 48[7000] -> 49[46000] via P2P/IPC/read
x3111c0s1b0n0:8686:8719 [3] NCCL INFO Connected all rings
x3111c0s1b0n0:8685:8718 [2] NCCL INFO Connected all rings
x3111c0s1b1n0:52100:52137 [0] NCCL INFO Channel 02/0 : 16[7000] -> 20[7000] [send] via NET/AWS Libfabric/3
x3201c0s1b1n0:2944:2976 [3] NCCL INFO Connected all rings
x3201c0s25b0n0:15851:15888 [0] NCCL INFO Channel 02 : 48[7000] -> 49[46000] via P2P/IPC/read
x3201c0s13b0n0:22203:22234 [2] NCCL INFO Channel 00 : 26[85000] -> 27[c7000] via P2P/IPC/read
x3201c0s25b0n0:15851:15888 [0] NCCL INFO Channel 03 : 48[7000] -> 49[46000] via P2P/IPC/read
x3201c0s19b0n0:1098:1136 [0] NCCL INFO Channel 03 : 32[7000] -> 33[46000] via P2P/IPC/read
x3201c0s25b1n0:4638:4675 [2] NCCL INFO Channel 00 : 54[85000] -> 55[c7000] via P2P/IPC/read
x3201c0s25b1n0:4638:4675 [2] NCCL INFO Channel 01 : 54[85000] -> 55[c7000] via P2P/IPC/read
x3201c0s25b1n0:4638:4675 [2] NCCL INFO Channel 02 : 54[85000] -> 55[c7000] via P2P/IPC/read
x3201c0s25b1n0:4638:4675 [2] NCCL INFO Channel 03 : 54[85000] -> 55[c7000] via P2P/IPC/read
x3201c0s1b0n0:9185:9223 [0] NCCL INFO Connected all rings
x3201c0s1b0n0:9185:9223 [0] NCCL INFO Channel 00 : 40[7000] -> 41[46000] via P2P/IPC/read
x3201c0s1b0n0:9186:9221 [1] NCCL INFO Connected all rings
x3111c0s25b0n0:30992:31030 [0] NCCL INFO Channel 01 : 20[7000] -> 21[46000] via P2P/IPC/read
x3104c0s31b0n0:36648:36673 [0] NCCL INFO Channel 02/0 : 0[7000] -> 4[7000] [send] via NET/AWS Libfabric/3
x3201c0s25b0n0:15854:15886 [3] NCCL INFO Channel 03/0 : 51[c7000] -> 55[c7000] [send] via NET/AWS Libfabric/1
x3201c0s1b1n0:2941:2979 [0] NCCL INFO Channel 01 : 44[7000] -> 45[46000] via P2P/IPC/read
x3201c0s13b0n0:22201:22237 [0] NCCL INFO Channel 03 : 24[7000] -> 25[46000] via P2P/IPC/read
x3201c0s31b0n0:23872:23911 [0] NCCL INFO Channel 02 : 56[7000] -> 57[46000] via P2P/IPC/read
x3201c0s1b1n0:2943:2978 [2] NCCL INFO Connected all rings
x3104c0s31b0n0:36651:36675 [3] NCCL INFO Connected all rings
x3104c0s31b0n0:36650:36674 [2] NCCL INFO Connected all rings
x3104c0s31b1n0:55485:55523 [0] NCCL INFO Channel 02/0 : 0[7000] -> 4[7000] [receive] via NET/AWS Libfabric/3
x3201c0s31b1n0:34538:34571 [1] NCCL INFO Connected all trees
x3201c0s31b1n0:34538:34571 [1] NCCL INFO MSCCL: Parsing algorithm /home/yuke/ncclPG/CCL-LYD/msccl_tools_lyd/examples/xml/xml_lyd/ring/allreduce_ring_node16_gpu64_mcl1_mck2_gan0.xml
x3201c0s31b1n0:34539:34570 [2] NCCL INFO Connected all trees
x3201c0s31b1n0:34539:34570 [2] NCCL INFO MSCCL: Parsing algorithm /home/yuke/ncclPG/CCL-LYD/msccl_tools_lyd/examples/xml/xml_lyd/ring/allreduce_ring_node16_gpu64_mcl1_mck2_gan0.xml
x3105c0s25b0n0:38370:38403 [3] NCCL INFO Channel 01/0 : 11[c7000] -> 15[c7000] [send] via NET/AWS Libfabric/1
x3111c0s1b1n0:52103:52136 [3] NCCL INFO Channel 03/0 : 19[c7000] -> 23[c7000] [send] via NET/AWS Libfabric/1
x3201c0s1b0n0:9188:9222 [3] NCCL INFO Channel 01/0 : 43[c7000] -> 47[c7000] [send] via NET/AWS Libfabric/1
x3111c0s25b0n0:30994:31027 [2] NCCL INFO Channel 00 : 22[85000] -> 23[c7000] via P2P/IPC/read
x3111c0s25b0n0:30994:31027 [2] NCCL INFO Channel 01 : 22[85000] -> 23[c7000] via P2P/IPC/read
x3111c0s25b0n0:30994:31027 [2] NCCL INFO Channel 02 : 22[85000] -> 23[c7000] via P2P/IPC/read
x3111c0s25b0n0:30994:31027 [2] NCCL INFO Channel 03 : 22[85000] -> 23[c7000] via P2P/IPC/read
x3201c0s25b1n0:4639:4674 [3] NCCL INFO Channel 01/0 : 55[c7000] -> 58[85000] [send] via NET/AWS Libfabric/1
x3201c0s31b0n0:23873:23909 [1] NCCL INFO Channel 00 : 57[46000] -> 58[85000] via P2P/IPC/read
x3201c0s31b0n0:23873:23909 [1] NCCL INFO Channel 01 : 57[46000] -> 58[85000] via P2P/IPC/read
x3201c0s31b0n0:23873:23909 [1] NCCL INFO Channel 02 : 57[46000] -> 58[85000] via P2P/IPC/read
x3201c0s31b0n0:23873:23909 [1] NCCL INFO Channel 03 : 57[46000] -> 58[85000] via P2P/IPC/read
x3201c0s13b1n0:61166:61201 [2] NCCL INFO Channel 00 : 30[85000] -> 31[c7000] via P2P/IPC/read
x3201c0s13b1n0:61164:61202 [0] NCCL INFO Channel 01 : 28[7000] -> 29[46000] via P2P/IPC/read
x3105c0s25b0n0:38368:38402 [1] NCCL INFO Channel 00/0 : 4[7000] -> 9[46000] [receive] via NET/AWS Libfabric/3
x3111c0s1b0n0:8684:8717 [1] NCCL INFO Channel 00 : 13[46000] -> 14[85000] via P2P/IPC/read
x3111c0s1b0n0:8684:8717 [1] NCCL INFO Channel 01 : 13[46000] -> 14[85000] via P2P/IPC/read
x3111c0s1b0n0:8684:8717 [1] NCCL INFO Channel 02 : 13[46000] -> 14[85000] via P2P/IPC/read
x3111c0s1b0n0:8684:8717 [1] NCCL INFO Channel 03 : 13[46000] -> 14[85000] via P2P/IPC/read
x3111c0s25b0n0:30992:31030 [0] NCCL INFO Channel 02 : 20[7000] -> 21[46000] via P2P/IPC/read
x3105c0s25b0n0:38369:38404 [2] NCCL INFO Channel 01/0 : 7[c7000] -> 10[85000] [receive] via NET/AWS Libfabric/1
x3201c0s1b0n0:9185:9223 [0] NCCL INFO Channel 01 : 40[7000] -> 41[46000] via P2P/IPC/read
x3201c0s1b0n0:9185:9223 [0] NCCL INFO Channel 02 : 40[7000] -> 41[46000] via P2P/IPC/read
x3201c0s1b0n0:9185:9223 [0] NCCL INFO Channel 03 : 40[7000] -> 41[46000] via P2P/IPC/read
x3201c0s13b0n0:22203:22234 [2] NCCL INFO Channel 01 : 26[85000] -> 27[c7000] via P2P/IPC/read
x3201c0s1b1n0:2941:2979 [0] NCCL INFO Channel 02 : 44[7000] -> 45[46000] via P2P/IPC/read
x3201c0s31b1n0:34537:34572 [0] NCCL INFO Channel 00/0 : 56[7000] -> 60[7000] [receive] via NET/AWS Libfabric/3
x3111c0s25b0n0:30995:31029 [3] NCCL INFO Channel 01/0 : 23[c7000] -> 26[85000] [send] via NET/AWS Libfabric/1
x3201c0s13b1n0:61166:61201 [2] NCCL INFO Channel 01 : 30[85000] -> 31[c7000] via P2P/IPC/read
x3201c0s31b0n0:23872:23911 [0] NCCL INFO Channel 03 : 56[7000] -> 57[46000] via P2P/IPC/read
x3201c0s1b1n0:2941:2979 [0] NCCL INFO Channel 03 : 44[7000] -> 45[46000] via P2P/IPC/read
x3201c0s19b0n0:1100:1135 [2] NCCL INFO Channel 00 : 34[85000] -> 35[c7000] via P2P/IPC/read
x3201c0s31b1n0:34538:34571 [1] NCCL INFO Parsed MSCCL Algorithm /home/yuke/ncclPG/CCL-LYD/msccl_tools_lyd/examples/xml/xml_lyd/ring/allreduce_ring_node16_gpu64_mcl1_mck2_gan0.xml successfully.
x3201c0s31b1n0:34538:34571 [1] NCCL INFO Connected 1 MSCCL algorithms
x3201c0s31b1n0:34538:34571 [1] NCCL INFO threadThresholds 8/8/64 | 512/8/64 | 8/8/64 | 8/8/512
x3201c0s31b1n0:34538:34571 [1] NCCL INFO 4 coll channels, 4 p2p channels, 2 p2p channels per peer
x3201c0s31b1n0:34539:34570 [2] NCCL INFO Parsed MSCCL Algorithm /home/yuke/ncclPG/CCL-LYD/msccl_tools_lyd/examples/xml/xml_lyd/ring/allreduce_ring_node16_gpu64_mcl1_mck2_gan0.xml successfully.
x3201c0s31b1n0:34539:34570 [2] NCCL INFO Connected 1 MSCCL algorithms
x3201c0s31b1n0:34539:34570 [2] NCCL INFO threadThresholds 8/8/64 | 512/8/64 | 8/8/64 | 8/8/512
x3201c0s31b1n0:34539:34570 [2] NCCL INFO 4 coll channels, 4 p2p channels, 2 p2p channels per peer
x3201c0s13b1n0:61164:61202 [0] NCCL INFO Channel 02 : 28[7000] -> 29[46000] via P2P/IPC/read
x3201c0s25b1n0:4637:4677 [1] NCCL INFO Channel 00 : 53[46000] -> 54[85000] via P2P/IPC/read
x3111c0s1b0n0:8683:8720 [0] NCCL INFO Channel 00/0 : 8[7000] -> 12[7000] [receive] via NET/AWS Libfabric/3
x3201c0s31b0n0:23874:23908 [2] NCCL INFO Channel 00 : 58[85000] -> 59[c7000] via P2P/IPC/read
x3201c0s13b0n0:22203:22234 [2] NCCL INFO Channel 02 : 26[85000] -> 27[c7000] via P2P/IPC/read
x3201c0s31b0n0:23874:23908 [2] NCCL INFO Channel 01 : 58[85000] -> 59[c7000] via P2P/IPC/read
x3201c0s31b0n0:23874:23908 [2] NCCL INFO Channel 02 : 58[85000] -> 59[c7000] via P2P/IPC/read
x3201c0s31b0n0:23874:23908 [2] NCCL INFO Channel 03 : 58[85000] -> 59[c7000] via P2P/IPC/read
x3104c0s31b0n0:36648:36673 [0] NCCL INFO Channel 00/0 : 32[7000] -> 0[7000] [receive] via NET/AWS Libfabric/3
x3111c0s25b0n0:30992:31030 [0] NCCL INFO Channel 03 : 20[7000] -> 21[46000] via P2P/IPC/read
x3201c0s13b1n0:61164:61202 [0] NCCL INFO Channel 03 : 28[7000] -> 29[46000] via P2P/IPC/read
x3201c0s13b1n0:61165:61200 [1] NCCL INFO Channel 00 : 29[46000] -> 30[85000] via P2P/IPC/read
x3201c0s13b1n0:61165:61200 [1] NCCL INFO Channel 01 : 29[46000] -> 30[85000] via P2P/IPC/read
x3201c0s13b1n0:61165:61200 [1] NCCL INFO Channel 02 : 29[46000] -> 30[85000] via P2P/IPC/read
x3201c0s13b1n0:61165:61200 [1] NCCL INFO Channel 03 : 29[46000] -> 30[85000] via P2P/IPC/read
x3201c0s19b1n0:2761:2796 [2] NCCL INFO Channel 00 : 38[85000] -> 39[c7000] via P2P/IPC/read
x3201c0s19b1n0:2761:2796 [2] NCCL INFO Channel 01 : 38[85000] -> 39[c7000] via P2P/IPC/read
x3201c0s19b1n0:2761:2796 [2] NCCL INFO Channel 02 : 38[85000] -> 39[c7000] via P2P/IPC/read
x3201c0s19b1n0:2761:2796 [2] NCCL INFO Channel 03 : 38[85000] -> 39[c7000] via P2P/IPC/read
x3104c0s31b0n0:36650:36674 [2] NCCL INFO Channel 00 : 2[85000] -> 3[c7000] via P2P/IPC/read
x3104c0s31b0n0:36650:36674 [2] NCCL INFO Channel 01 : 2[85000] -> 3[c7000] via P2P/IPC/read
x3104c0s31b0n0:36650:36674 [2] NCCL INFO Channel 02 : 2[85000] -> 3[c7000] via P2P/IPC/read
x3104c0s31b0n0:36650:36674 [2] NCCL INFO Channel 03 : 2[85000] -> 3[c7000] via P2P/IPC/read
x3201c0s19b0n0:1100:1135 [2] NCCL INFO Channel 01 : 34[85000] -> 35[c7000] via P2P/IPC/read
x3104c0s31b1n0:55485:55523 [0] NCCL INFO Channel 00/0 : 4[7000] -> 9[46000] [send] via NET/AWS Libfabric/3
x3201c0s13b1n0:61166:61201 [2] NCCL INFO Channel 02 : 30[85000] -> 31[c7000] via P2P/IPC/read
x3201c0s25b0n0:15852:15885 [1] NCCL INFO Channel 00 : 49[46000] -> 50[85000] via P2P/IPC/read
x3201c0s25b0n0:15852:15885 [1] NCCL INFO Channel 01 : 49[46000] -> 50[85000] via P2P/IPC/read
x3201c0s25b0n0:15852:15885 [1] NCCL INFO Channel 02 : 49[46000] -> 50[85000] via P2P/IPC/read
x3201c0s25b0n0:15852:15885 [1] NCCL INFO Channel 03 : 49[46000] -> 50[85000] via P2P/IPC/read
x3201c0s19b0n0:1098:1136 [0] NCCL INFO Channel 02/0 : 32[7000] -> 36[7000] [send] via NET/AWS Libfabric/3
x3104c0s31b1n0:55488:55522 [3] NCCL INFO Channel 03/0 : 3[c7000] -> 7[c7000] [receive] via NET/AWS Libfabric/1
x3201c0s13b0n0:22203:22234 [2] NCCL INFO Channel 03 : 26[85000] -> 27[c7000] via P2P/IPC/read
x3104c0s31b0n0:36650:36674 [2] NCCL INFO Channel 00 : 2[85000] -> 1[46000] via P2P/IPC/read
x3105c0s25b0n0:38367:38405 [0] NCCL INFO Channel 02/0 : 5[46000] -> 8[7000] [receive] via NET/AWS Libfabric/3
x3201c0s19b0n0:1100:1135 [2] NCCL INFO Channel 02 : 34[85000] -> 35[c7000] via P2P/IPC/read
x3201c0s1b0n0:9186:9221 [1] NCCL INFO Channel 00 : 41[46000] -> 42[85000] via P2P/IPC/read
x3104c0s31b1n0:55486:55520 [1] NCCL INFO Channel 02/0 : 8[7000] -> 5[46000] [receive] via NET/AWS Libfabric/3
x3201c0s13b0n0:22201:22237 [0] NCCL INFO Channel 02/0 : 21[46000] -> 24[7000] [receive] via NET/AWS Libfabric/3
x3201c0s19b1n0:2762:2797 [3] NCCL INFO Channel 01/0 : 39[c7000] -> 42[85000] [send] via NET/AWS Libfabric/1
x3201c0s1b1n0:2941:2979 [0] NCCL INFO Channel 00/0 : 40[7000] -> 44[7000] [receive] via NET/AWS Libfabric/3
x3201c0s25b0n0:15851:15888 [0] NCCL INFO Channel 02/0 : 48[7000] -> 52[7000] [send] via NET/AWS Libfabric/3
x3201c0s1b1n0:2943:2978 [2] NCCL INFO Channel 00 : 46[85000] -> 47[c7000] via P2P/IPC/read
x3105c0s25b0n0:38369:38404 [2] NCCL INFO Channel 01/0 : 10[85000] -> 7[c7000] [send] via NET/AWS Libfabric/1
x3201c0s25b1n0:4637:4677 [1] NCCL INFO Channel 01 : 53[46000] -> 54[85000] via P2P/IPC/read
x3104c0s31b1n0:55485:55523 [0] NCCL INFO Channel 02/0 : 4[7000] -> 12[7000] [send] via NET/AWS Libfabric/3
x3201c0s25b1n0:4637:4677 [1] NCCL INFO Channel 02 : 53[46000] -> 54[85000] via P2P/IPC/read
x3201c0s25b1n0:4637:4677 [1] NCCL INFO Channel 03 : 53[46000] -> 54[85000] via P2P/IPC/read
x3201c0s13b1n0:61166:61201 [2] NCCL INFO Channel 03 : 30[85000] -> 31[c7000] via P2P/IPC/read
x3104c0s31b0n0:36651:36675 [3] NCCL INFO Channel 03/0 : 3[c7000] -> 7[c7000] [send] via NET/AWS Libfabric/1
x3201c0s19b1n0:2760:2794 [1] NCCL INFO Channel 02/0 : 37[46000] -> 40[7000] [send] via NET/AWS Libfabric/3
x3201c0s1b0n0:9186:9221 [1] NCCL INFO Channel 01 : 41[46000] -> 42[85000] via P2P/IPC/read
x3104c0s31b0n0:36648:36673 [0] NCCL INFO Channel 00/0 : 0[7000] -> 32[7000] [send] via NET/AWS Libfabric/3
x3105c0s25b0n0:38368:38402 [1] NCCL INFO Channel 00/0 : 9[46000] -> 4[7000] [send] via NET/AWS Libfabric/3
x3201c0s1b1n0:2943:2978 [2] NCCL INFO Channel 01 : 46[85000] -> 47[c7000] via P2P/IPC/read
x3201c0s31b0n0:23875:23910 [3] NCCL INFO Channel 01/0 : 59[c7000] -> 63[c7000] [send] via NET/AWS Libfabric/1
x3104c0s31b0n0:36650:36674 [2] NCCL INFO Channel 02 : 2[85000] -> 1[46000] via P2P/IPC/read
x3201c0s19b1n0:2759:2795 [0] NCCL INFO Channel 00/0 : 36[7000] -> 41[46000] [send] via NET/AWS Libfabric/3
x3201c0s19b1n0:2761:2796 [2] NCCL INFO Channel 03/0 : 38[85000] -> 43[c7000] [send] via NET/AWS Libfabric/1
x3201c0s25b0n0:15853:15887 [2] NCCL INFO Channel 01/0 : 43[c7000] -> 50[85000] [receive] via NET/AWS Libfabric/1
x3201c0s13b0n0:22202:22236 [1] NCCL INFO Channel 00/0 : 20[7000] -> 25[46000] [receive] via NET/AWS Libfabric/3
x3111c0s25b0n0:30993:31028 [1] NCCL INFO Channel 00 : 21[46000] -> 22[85000] via P2P/IPC/read
x3201c0s19b0n0:1100:1135 [2] NCCL INFO Channel 03 : 34[85000] -> 35[c7000] via P2P/IPC/read
x3201c0s19b0n0:1098:1136 [0] NCCL INFO Channel 00/0 : 32[7000] -> 48[7000] [send] via NET/AWS Libfabric/3
x3201c0s31b0n0:23873:23909 [1] NCCL INFO Channel 00/0 : 52[7000] -> 57[46000] [receive] via NET/AWS Libfabric/3
x3201c0s31b0n0:23874:23908 [2] NCCL INFO Channel 01/0 : 55[c7000] -> 58[85000] [receive] via NET/AWS Libfabric/1
x3201c0s25b1n0:4638:4675 [2] NCCL INFO Channel 03/0 : 54[85000] -> 59[c7000] [send] via NET/AWS Libfabric/1
x3201c0s13b0n0:22204:22235 [3] NCCL INFO Channel 01/0 : 27[c7000] -> 31[c7000] [send] via NET/AWS Libfabric/1
x3201c0s13b1n0:61164:61202 [0] NCCL INFO Channel 00/0 : 24[7000] -> 28[7000] [receive] via NET/AWS Libfabric/3
x3201c0s25b0n0:15852:15885 [1] NCCL INFO Channel 00/0 : 40[7000] -> 49[46000] [receive] via NET/AWS Libfabric/3
x3201c0s1b0n0:9186:9221 [1] NCCL INFO Channel 02 : 41[46000] -> 42[85000] via P2P/IPC/read
x3104c0s31b0n0:36651:36675 [3] NCCL INFO Channel 01/0 : 35[c7000] -> 3[c7000] [receive] via NET/AWS Libfabric/1
x3201c0s13b1n0:61165:61200 [1] NCCL INFO Channel 02/0 : 29[46000] -> 44[7000] [send] via NET/AWS Libfabric/3
x3105c0s25b0n0:38367:38405 [0] NCCL INFO Channel 00/0 : 8[7000] -> 12[7000] [send] via NET/AWS Libfabric/3
x3111c0s25b0n0:30993:31028 [1] NCCL INFO Channel 01 : 21[46000] -> 22[85000] via P2P/IPC/read
x3201c0s1b0n0:9186:9221 [1] NCCL INFO Channel 03 : 41[46000] -> 42[85000] via P2P/IPC/read
x3201c0s1b1n0:2943:2978 [2] NCCL INFO Channel 02 : 46[85000] -> 47[c7000] via P2P/IPC/read
x3201c0s1b1n0:2943:2978 [2] NCCL INFO Channel 03 : 46[85000] -> 47[c7000] via P2P/IPC/read
x3201c0s25b1n0:4637:4677 [1] NCCL INFO Channel 02/0 : 53[46000] -> 56[7000] [send] via NET/AWS Libfabric/3
x3104c0s31b0n0:36650:36674 [2] NCCL INFO Connected all trees
x3104c0s31b0n0:36650:36674 [2] NCCL INFO MSCCL: Parsing algorithm /home/yuke/ncclPG/CCL-LYD/msccl_tools_lyd/examples/xml/xml_lyd/ring/allreduce_ring_node16_gpu64_mcl1_mck2_gan0.xml
x3104c0s31b0n0:36649:36676 [1] NCCL INFO Connected all trees
x3104c0s31b0n0:36649:36676 [1] NCCL INFO MSCCL: Parsing algorithm /home/yuke/ncclPG/CCL-LYD/msccl_tools_lyd/examples/xml/xml_lyd/ring/allreduce_ring_node16_gpu64_mcl1_mck2_gan0.xml
x3201c0s13b1n0:61167:61199 [3] NCCL INFO Channel 01/0 : 27[c7000] -> 31[c7000] [receive] via NET/AWS Libfabric/1
x3201c0s31b1n0:34540:34573 [3] NCCL INFO Channel 03/0 : 31[c7000] -> 63[c7000] [receive] via NET/AWS Libfabric/1
x3111c0s25b0n0:30993:31028 [1] NCCL INFO Channel 02 : 21[46000] -> 22[85000] via P2P/IPC/read
x3201c0s13b1n0:61166:61201 [2] NCCL INFO Channel 03/0 : 30[85000] -> 47[c7000] [send] via NET/AWS Libfabric/1
x3111c0s1b0n0:8685:8718 [2] NCCL INFO Channel 00 : 14[85000] -> 15[c7000] via P2P/IPC/read
x3201c0s31b0n0:23875:23910 [3] NCCL INFO Channel 03/0 : 54[85000] -> 59[c7000] [receive] via NET/AWS Libfabric/1
x3111c0s1b0n0:8685:8718 [2] NCCL INFO Channel 01 : 14[85000] -> 15[c7000] via P2P/IPC/read
x3111c0s1b0n0:8685:8718 [2] NCCL INFO Channel 02 : 14[85000] -> 15[c7000] via P2P/IPC/read
x3111c0s1b0n0:8685:8718 [2] NCCL INFO Channel 03 : 14[85000] -> 15[c7000] via P2P/IPC/read
x3201c0s31b0n0:23872:23911 [0] NCCL INFO Channel 02/0 : 53[46000] -> 56[7000] [receive] via NET/AWS Libfabric/3
x3201c0s13b0n0:22203:22234 [2] NCCL INFO Channel 01/0 : 23[c7000] -> 26[85000] [receive] via NET/AWS Libfabric/1
x3111c0s1b0n0:8683:8720 [0] NCCL INFO Channel 02/0 : 4[7000] -> 12[7000] [receive] via NET/AWS Libfabric/3
x3201c0s19b0n0:1101:1133 [3] NCCL INFO Channel 03/0 : 35[c7000] -> 39[c7000] [send] via NET/AWS Libfabric/1
x3201c0s25b1n0:4636:4676 [0] NCCL INFO Channel 02/0 : 48[7000] -> 52[7000] [receive] via NET/AWS Libfabric/3
x3111c0s1b0n0:8686:8719 [3] NCCL INFO Channel 01/0 : 11[c7000] -> 15[c7000] [receive] via NET/AWS Libfabric/1
x3201c0s19b0n0:1099:1134 [1] NCCL INFO Channel 00/0 : 16[7000] -> 33[46000] [receive] via NET/AWS Libfabric/3
x3104c0s31b0n0:36651:36675 [3] NCCL INFO Channel 01/0 : 3[c7000] -> 35[c7000] [send] via NET/AWS Libfabric/1
x3104c0s31b1n0:55488:55522 [3] NCCL INFO Channel 03/0 : 7[c7000] -> 15[c7000] [send] via NET/AWS Libfabric/1
x3201c0s1b0n0:9185:9223 [0] NCCL INFO Channel 02/0 : 37[46000] -> 40[7000] [receive] via NET/AWS Libfabric/3
x3201c0s1b1n0:2942:2977 [1] NCCL INFO Channel 02/0 : 45[46000] -> 52[7000] [send] via NET/AWS Libfabric/3
x3201c0s1b1n0:2944:2976 [3] NCCL INFO Channel 01/0 : 43[c7000] -> 47[c7000] [receive] via NET/AWS Libfabric/1
x3111c0s25b0n0:30993:31028 [1] NCCL INFO Channel 03 : 21[46000] -> 22[85000] via P2P/IPC/read
x3104c0s31b0n0:36649:36676 [1] NCCL INFO Parsed MSCCL Algorithm /home/yuke/ncclPG/CCL-LYD/msccl_tools_lyd/examples/xml/xml_lyd/ring/allreduce_ring_node16_gpu64_mcl1_mck2_gan0.xml successfully.
x3104c0s31b0n0:36649:36676 [1] NCCL INFO Connected 1 MSCCL algorithms
x3104c0s31b0n0:36649:36676 [1] NCCL INFO threadThresholds 8/8/64 | 512/8/64 | 8/8/64 | 8/8/512
x3104c0s31b0n0:36649:36676 [1] NCCL INFO 4 coll channels, 4 p2p channels, 2 p2p channels per peer
x3104c0s31b0n0:36650:36674 [2] NCCL INFO Parsed MSCCL Algorithm /home/yuke/ncclPG/CCL-LYD/msccl_tools_lyd/examples/xml/xml_lyd/ring/allreduce_ring_node16_gpu64_mcl1_mck2_gan0.xml successfully.
x3104c0s31b0n0:36650:36674 [2] NCCL INFO Connected 1 MSCCL algorithms
x3104c0s31b0n0:36650:36674 [2] NCCL INFO threadThresholds 8/8/64 | 512/8/64 | 8/8/64 | 8/8/512
x3104c0s31b0n0:36650:36674 [2] NCCL INFO 4 coll channels, 4 p2p channels, 2 p2p channels per peer
x3201c0s1b1n0:2943:2978 [2] NCCL INFO Channel 03/0 : 46[85000] -> 55[c7000] [send] via NET/AWS Libfabric/1
x3111c0s1b0n0:8684:8717 [1] NCCL INFO Channel 02/0 : 13[46000] -> 20[7000] [send] via NET/AWS Libfabric/3
x3201c0s1b0n0:9187:9220 [2] NCCL INFO Channel 01/0 : 39[c7000] -> 42[85000] [receive] via NET/AWS Libfabric/1
x3105c0s25b0n0:38367:38405 [0] NCCL INFO Channel 00/0 : 8[7000] -> 17[46000] [send] via NET/AWS Libfabric/3
x3111c0s1b0n0:8686:8719 [3] NCCL INFO Channel 03/0 : 7[c7000] -> 15[c7000] [receive] via NET/AWS Libfabric/1
x3201c0s13b0n0:22204:22235 [3] NCCL INFO Channel 03/0 : 22[85000] -> 27[c7000] [receive] via NET/AWS Libfabric/1
x3201c0s25b1n0:4639:4674 [3] NCCL INFO Channel 03/0 : 51[c7000] -> 55[c7000] [receive] via NET/AWS Libfabric/1
x3201c0s1b1n0:2944:2976 [3] NCCL INFO Channel 03/0 : 39[c7000] -> 47[c7000] [receive] via NET/AWS Libfabric/1
x3201c0s1b0n0:9186:9221 [1] NCCL INFO Channel 00/0 : 36[7000] -> 41[46000] [receive] via NET/AWS Libfabric/3
x3201c0s19b1n0:2760:2794 [1] NCCL INFO Channel 02/0 : 40[7000] -> 37[46000] [receive] via NET/AWS Libfabric/3
x3105c0s25b0n0:38370:38403 [3] NCCL INFO Channel 03/0 : 6[85000] -> 11[c7000] [receive] via NET/AWS Libfabric/1
x3201c0s31b1n0:34540:34573 [3] NCCL INFO Channel 03/0 : 63[c7000] -> 31[c7000] [send] via NET/AWS Libfabric/1
x3201c0s25b1n0:4637:4677 [1] NCCL INFO Channel 02/0 : 56[7000] -> 53[46000] [receive] via NET/AWS Libfabric/3
x3111c0s25b0n0:30994:31027 [2] NCCL INFO Channel 03/0 : 22[85000] -> 27[c7000] [send] via NET/AWS Libfabric/1
x3201c0s25b1n0:4638:4675 [2] NCCL INFO Channel 03/0 : 59[c7000] -> 54[85000] [receive] via NET/AWS Libfabric/1
x3111c0s1b0n0:8686:8719 [3] NCCL INFO Channel 03/0 : 15[c7000] -> 31[c7000] [send] via NET/AWS Libfabric/1
x3111c0s1b0n0:8685:8718 [2] NCCL INFO Channel 03/0 : 14[85000] -> 23[c7000] [send] via NET/AWS Libfabric/1
x3111c0s25b0n0:30992:31030 [0] NCCL INFO Channel 02/0 : 16[7000] -> 20[7000] [receive] via NET/AWS Libfabric/3
x3201c0s19b0n0:1100:1135 [2] NCCL INFO Channel 01/0 : 19[c7000] -> 34[85000] [receive] via NET/AWS Libfabric/1
x3201c0s1b0n0:9185:9223 [0] NCCL INFO Channel 00/0 : 40[7000] -> 44[7000] [send] via NET/AWS Libfabric/3
x3201c0s13b1n0:61167:61199 [3] NCCL INFO Channel 03/0 : 15[c7000] -> 31[c7000] [receive] via NET/AWS Libfabric/1
x3201c0s1b0n0:9188:9222 [3] NCCL INFO Channel 03/0 : 38[85000] -> 43[c7000] [receive] via NET/AWS Libfabric/1
x3201c0s31b0n0:23874:23908 [2] NCCL INFO Channel 01/0 : 58[85000] -> 55[c7000] [send] via NET/AWS Libfabric/1
x3201c0s19b1n0:2762:2797 [3] NCCL INFO Channel 03/0 : 35[c7000] -> 39[c7000] [receive] via NET/AWS Libfabric/1
x3111c0s1b0n0:8683:8720 [0] NCCL INFO Channel 02/0 : 12[7000] -> 28[7000] [send] via NET/AWS Libfabric/3
x3111c0s1b1n0:52101:52135 [1] NCCL INFO Channel 00/0 : 17[46000] -> 8[7000] [send] via NET/AWS Libfabric/3
x3111c0s25b0n0:30995:31029 [3] NCCL INFO Channel 03/0 : 19[c7000] -> 23[c7000] [receive] via NET/AWS Libfabric/1
x3105c0s25b0n0:38367:38405 [0] NCCL INFO Channel 00/0 : 17[46000] -> 8[7000] [receive] via NET/AWS Libfabric/3
x3111c0s25b0n0:30994:31027 [2] NCCL INFO Channel 03/0 : 27[c7000] -> 22[85000] [receive] via NET/AWS Libfabric/1
x3201c0s31b0n0:23872:23911 [0] NCCL INFO Channel 00/0 : 56[7000] -> 60[7000] [send] via NET/AWS Libfabric/3
x3111c0s25b0n0:30993:31028 [1] NCCL INFO Channel 02/0 : 21[46000] -> 24[7000] [send] via NET/AWS Libfabric/3
x3201c0s31b0n0:23875:23910 [3] NCCL INFO Channel 01/0 : 51[c7000] -> 59[c7000] [receive] via NET/AWS Libfabric/1
x3201c0s13b0n0:22203:22234 [2] NCCL INFO Channel 01/0 : 26[85000] -> 23[c7000] [send] via NET/AWS Libfabric/1
x3201c0s1b0n0:9187:9220 [2] NCCL INFO Channel 01/0 : 42[85000] -> 39[c7000] [send] via NET/AWS Libfabric/1
x3104c0s31b1n0:55485:55523 [0] NCCL INFO Channel 02/0 : 12[7000] -> 4[7000] [receive] via NET/AWS Libfabric/3
x3201c0s25b1n0:4636:4676 [0] NCCL INFO Channel 00/0 : 52[7000] -> 57[46000] [send] via NET/AWS Libfabric/3
x3201c0s19b0n0:1101:1133 [3] NCCL INFO Channel 01/0 : 35[c7000] -> 51[c7000] [send] via NET/AWS Libfabric/1
x3201c0s1b0n0:9186:9221 [1] NCCL INFO Channel 00/0 : 41[46000] -> 36[7000] [send] via NET/AWS Libfabric/3
x3201c0s19b1n0:2761:2796 [2] NCCL INFO Channel 03/0 : 43[c7000] -> 38[85000] [receive] via NET/AWS Libfabric/1
x3201c0s25b0n0:15854:15886 [3] NCCL INFO Channel 01/0 : 51[c7000] -> 59[c7000] [send] via NET/AWS Libfabric/1
x3201c0s25b0n0:15851:15888 [0] NCCL INFO Channel 00/0 : 48[7000] -> 56[7000] [send] via NET/AWS Libfabric/3
x3201c0s1b1n0:2941:2979 [0] NCCL INFO Channel 02/0 : 36[7000] -> 44[7000] [receive] via NET/AWS Libfabric/3
x3104c0s31b1n0:55488:55522 [3] NCCL INFO Channel 03/0 : 15[c7000] -> 7[c7000] [receive] via NET/AWS Libfabric/1
x3111c0s1b1n0:52100:52137 [0] NCCL INFO Channel 00/0 : 16[7000] -> 24[7000] [send] via NET/AWS Libfabric/3
x3201c0s31b0n0:23872:23911 [0] NCCL INFO Channel 00/0 : 48[7000] -> 56[7000] [receive] via NET/AWS Libfabric/3
x3111c0s1b1n0:52103:52136 [3] NCCL INFO Channel 01/0 : 19[c7000] -> 27[c7000] [send] via NET/AWS Libfabric/1
x3111c0s25b0n0:30993:31028 [1] NCCL INFO Channel 02/0 : 24[7000] -> 21[46000] [receive] via NET/AWS Libfabric/3
x3111c0s1b0n0:8686:8719 [3] NCCL INFO Channel 03/0 : 31[c7000] -> 15[c7000] [receive] via NET/AWS Libfabric/1
x3201c0s13b0n0:22201:22237 [0] NCCL INFO Channel 00/0 : 24[7000] -> 28[7000] [send] via NET/AWS Libfabric/3
x3201c0s19b1n0:2759:2795 [0] NCCL INFO Channel 02/0 : 36[7000] -> 44[7000] [send] via NET/AWS Libfabric/3
x3201c0s25b1n0:4636:4676 [0] NCCL INFO Channel 02/0 : 45[46000] -> 52[7000] [receive] via NET/AWS Libfabric/3
x3201c0s19b1n0:2762:2797 [3] NCCL INFO Channel 03/0 : 39[c7000] -> 47[c7000] [send] via NET/AWS Libfabric/1
x3105c0s25b0n0:38370:38403 [3] NCCL INFO Channel 01/0 : 11[c7000] -> 18[85000] [send] via NET/AWS Libfabric/1
x3104c0s31b1n0:55487:55521 [2] NCCL INFO Channel 03/0 : 11[c7000] -> 6[85000] [receive] via NET/AWS Libfabric/1
x3201c0s1b0n0:9185:9223 [0] NCCL INFO Channel 00/0 : 40[7000] -> 49[46000] [send] via NET/AWS Libfabric/3
x3201c0s13b1n0:61167:61199 [3] NCCL INFO Channel 03/0 : 63[c7000] -> 31[c7000] [receive] via NET/AWS Libfabric/1
x3201c0s25b1n0:4639:4674 [3] NCCL INFO Channel 03/0 : 46[85000] -> 55[c7000] [receive] via NET/AWS Libfabric/1
x3201c0s31b0n0:23873:23909 [1] NCCL INFO Channel 00/0 : 57[46000] -> 52[7000] [send] via NET/AWS Libfabric/3
x3201c0s13b0n0:22204:22235 [3] NCCL INFO Channel 01/0 : 19[c7000] -> 27[c7000] [receive] via NET/AWS Libfabric/1
x3201c0s31b1n0:34537:34572 [0] NCCL INFO Channel 02/0 : 28[7000] -> 60[7000] [receive] via NET/AWS Libfabric/3
x3201c0s1b0n0:9188:9222 [3] NCCL INFO Channel 01/0 : 43[c7000] -> 50[85000] [send] via NET/AWS Libfabric/1
x3201c0s25b0n0:15851:15888 [0] NCCL INFO Channel 00/0 : 32[7000] -> 48[7000] [receive] via NET/AWS Libfabric/3
x3201c0s13b1n0:61167:61199 [3] NCCL INFO Channel 03/0 : 31[c7000] -> 63[c7000] [send] via NET/AWS Libfabric/1
x3111c0s25b0n0:30992:31030 [0] NCCL INFO Channel 00/0 : 20[7000] -> 25[46000] [send] via NET/AWS Libfabric/3
x3105c0s25b0n0:38367:38405 [0] NCCL INFO Channel 00/0 : 12[7000] -> 8[7000] [receive] via NET/AWS Libfabric/3
x3111c0s25b0n0:30995:31029 [3] NCCL INFO Channel 03/0 : 14[85000] -> 23[c7000] [receive] via NET/AWS Libfabric/1
x3201c0s31b0n0:23875:23910 [3] NCCL INFO Channel 01/0 : 59[c7000] -> 51[c7000] [send] via NET/AWS Libfabric/1
x3105c0s25b0n0:38370:38403 [3] NCCL INFO Channel 01/0 : 18[85000] -> 11[c7000] [receive] via NET/AWS Libfabric/1
x3201c0s1b0n0:9185:9223 [0] NCCL INFO Channel 00/0 : 49[46000] -> 40[7000] [receive] via NET/AWS Libfabric/3
x3201c0s25b0n0:15852:15885 [1] NCCL INFO Channel 00/0 : 49[46000] -> 40[7000] [send] via NET/AWS Libfabric/3
x3201c0s25b0n0:15853:15887 [2] NCCL INFO Channel 01/0 : 50[85000] -> 43[c7000] [send] via NET/AWS Libfabric/1
x3201c0s13b1n0:61164:61202 [0] NCCL INFO Channel 02/0 : 12[7000] -> 28[7000] [receive] via NET/AWS Libfabric/3
x3201c0s1b1n0:2943:2978 [2] NCCL INFO Channel 03/0 : 55[c7000] -> 46[85000] [receive] via NET/AWS Libfabric/1
x3201c0s1b1n0:2942:2977 [1] NCCL INFO Channel 02/0 : 52[7000] -> 45[46000] [receive] via NET/AWS Libfabric/3
x3201c0s25b0n0:15854:15886 [3] NCCL INFO Channel 01/0 : 35[c7000] -> 51[c7000] [receive] via NET/AWS Libfabric/1
x3201c0s31b1n0:34537:34572 [0] NCCL INFO Channel 02/0 : 60[7000] -> 28[7000] [send] via NET/AWS Libfabric/3
x3201c0s1b0n0:9188:9222 [3] NCCL INFO Channel 01/0 : 50[85000] -> 43[c7000] [receive] via NET/AWS Libfabric/1
x3201c0s13b0n0:22201:22237 [0] NCCL INFO Channel 00/0 : 16[7000] -> 24[7000] [receive] via NET/AWS Libfabric/3
x3201c0s19b1n0:2762:2797 [3] NCCL INFO Channel 03/0 : 47[c7000] -> 39[c7000] [receive] via NET/AWS Libfabric/1
x3201c0s31b0n0:23872:23911 [0] NCCL INFO Channel 00/0 : 56[7000] -> 48[7000] [send] via NET/AWS Libfabric/3
x3111c0s25b0n0:30992:31030 [0] NCCL INFO Channel 02/0 : 13[46000] -> 20[7000] [receive] via NET/AWS Libfabric/3
x3201c0s19b1n0:2759:2795 [0] NCCL INFO Channel 02/0 : 44[7000] -> 36[7000] [receive] via NET/AWS Libfabric/3
x3111c0s1b1n0:52102:52134 [2] NCCL INFO Channel 01/0 : 18[85000] -> 11[c7000] [send] via NET/AWS Libfabric/1
x3201c0s25b0n0:15853:15887 [2] NCCL INFO Channel 00 : 50[85000] -> 49[46000] via P2P/IPC/read
x3201c0s25b1n0:4636:4676 [0] NCCL INFO Channel 02/0 : 52[7000] -> 45[46000] [send] via NET/AWS Libfabric/3
x3201c0s1b1n0:2941:2979 [0] NCCL INFO Channel 02/0 : 29[46000] -> 44[7000] [receive] via NET/AWS Libfabric/3
x3201c0s13b0n0:22204:22235 [3] NCCL INFO Channel 01/0 : 27[c7000] -> 19[c7000] [send] via NET/AWS Libfabric/1
x3111c0s1b1n0:52102:52134 [2] NCCL INFO Channel 00 : 18[85000] -> 17[46000] via P2P/IPC/read
x3201c0s25b0n0:15851:15888 [0] NCCL INFO Channel 00/0 : 48[7000] -> 32[7000] [send] via NET/AWS Libfabric/3
x3201c0s13b0n0:22202:22236 [1] NCCL INFO Channel 00/0 : 25[46000] -> 20[7000] [send] via NET/AWS Libfabric/3
x3201c0s1b1n0:2944:2976 [3] NCCL INFO Channel 03/0 : 30[85000] -> 47[c7000] [receive] via NET/AWS Libfabric/1
x3201c0s19b0n0:1098:1136 [0] NCCL INFO Channel 00/0 : 0[7000] -> 32[7000] [receive] via NET/AWS Libfabric/3
x3201c0s19b0n0:1101:1133 [3] NCCL INFO Channel 01/0 : 3[c7000] -> 35[c7000] [receive] via NET/AWS Libfabric/1
x3111c0s1b1n0:52103:52136 [3] NCCL INFO Channel 01/0 : 19[c7000] -> 34[85000] [send] via NET/AWS Libfabric/1
x3111c0s1b0n0:8685:8718 [2] NCCL INFO Channel 03/0 : 23[c7000] -> 14[85000] [receive] via NET/AWS Libfabric/1
x3111c0s1b1n0:52102:52134 [2] NCCL INFO Channel 02 : 18[85000] -> 17[46000] via P2P/IPC/read
x3201c0s1b0n0:9185:9223 [0] NCCL INFO Channel 00/0 : 44[7000] -> 40[7000] [receive] via NET/AWS Libfabric/3
x3111c0s1b1n0:52102:52134 [2] NCCL INFO Connected all trees
x3111c0s1b1n0:52102:52134 [2] NCCL INFO MSCCL: Parsing algorithm /home/yuke/ncclPG/CCL-LYD/msccl_tools_lyd/examples/xml/xml_lyd/ring/allreduce_ring_node16_gpu64_mcl1_mck2_gan0.xml
x3111c0s1b1n0:52101:52135 [1] NCCL INFO Connected all trees
x3111c0s1b1n0:52101:52135 [1] NCCL INFO MSCCL: Parsing algorithm /home/yuke/ncclPG/CCL-LYD/msccl_tools_lyd/examples/xml/xml_lyd/ring/allreduce_ring_node16_gpu64_mcl1_mck2_gan0.xml
x3201c0s25b1n0:4639:4674 [3] NCCL INFO Channel 03/0 : 55[c7000] -> 46[85000] [send] via NET/AWS Libfabric/1
x3111c0s25b0n0:30995:31029 [3] NCCL INFO Channel 03/0 : 23[c7000] -> 14[85000] [send] via NET/AWS Libfabric/1
x3105c0s25b0n0:38370:38403 [3] NCCL INFO Channel 03/0 : 11[c7000] -> 6[85000] [send] via NET/AWS Libfabric/1
x3201c0s25b0n0:15853:15887 [2] NCCL INFO Channel 02 : 50[85000] -> 49[46000] via P2P/IPC/read
x3111c0s1b0n0:8683:8720 [0] NCCL INFO Channel 02/0 : 28[7000] -> 12[7000] [receive] via NET/AWS Libfabric/3
x3201c0s13b1n0:61167:61199 [3] NCCL INFO Channel 03/0 : 31[c7000] -> 15[c7000] [send] via NET/AWS Libfabric/1
x3201c0s25b0n0:15854:15886 [3] NCCL INFO Channel 01/0 : 51[c7000] -> 35[c7000] [send] via NET/AWS Libfabric/1
x3201c0s25b0n0:15853:15887 [2] NCCL INFO Connected all trees
x3201c0s25b0n0:15853:15887 [2] NCCL INFO MSCCL: Parsing algorithm /home/yuke/ncclPG/CCL-LYD/msccl_tools_lyd/examples/xml/xml_lyd/ring/allreduce_ring_node16_gpu64_mcl1_mck2_gan0.xml
x3201c0s1b0n0:9188:9222 [3] NCCL INFO Channel 03/0 : 43[c7000] -> 38[85000] [send] via NET/AWS Libfabric/1
x3201c0s13b1n0:61165:61200 [1] NCCL INFO Channel 02/0 : 44[7000] -> 29[46000] [receive] via NET/AWS Libfabric/3
x3201c0s25b0n0:15852:15885 [1] NCCL INFO Connected all trees
x3201c0s13b1n0:61166:61201 [2] NCCL INFO Channel 03/0 : 47[c7000] -> 30[85000] [receive] via NET/AWS Libfabric/1
x3201c0s25b0n0:15852:15885 [1] NCCL INFO MSCCL: Parsing algorithm /home/yuke/ncclPG/CCL-LYD/msccl_tools_lyd/examples/xml/xml_lyd/ring/allreduce_ring_node16_gpu64_mcl1_mck2_gan0.xml
x3111c0s1b1n0:52100:52137 [0] NCCL INFO Channel 00/0 : 16[7000] -> 33[46000] [send] via NET/AWS Libfabric/3
x3201c0s13b1n0:61164:61202 [0] NCCL INFO Channel 02/0 : 60[7000] -> 28[7000] [receive] via NET/AWS Libfabric/3
x3201c0s13b0n0:22201:22237 [0] NCCL INFO Channel 00/0 : 24[7000] -> 16[7000] [send] via NET/AWS Libfabric/3
x3201c0s31b1n0:34540:34573 [3] NCCL INFO Channel 01/0 : 63[c7000] -> 59[c7000] [send] via NET/AWS Libfabric/1
x3201c0s13b1n0:61164:61202 [0] NCCL INFO Channel 02/0 : 28[7000] -> 60[7000] [send] via NET/AWS Libfabric/3
x3201c0s19b0n0:1101:1133 [3] NCCL INFO Channel 01/0 : 35[c7000] -> 3[c7000] [send] via NET/AWS Libfabric/1
x3111c0s1b1n0:52103:52136 [3] NCCL INFO Channel 01/0 : 34[85000] -> 19[c7000] [receive] via NET/AWS Libfabric/1
x3111c0s25b0n0:30992:31030 [0] NCCL INFO Channel 02/0 : 20[7000] -> 13[46000] [send] via NET/AWS Libfabric/3
x3201c0s1b1n0:2943:2978 [2] NCCL INFO Channel 00 : 46[85000] -> 45[46000] via P2P/IPC/read
x3201c0s25b1n0:4636:4676 [0] NCCL INFO Channel 00/0 : 57[46000] -> 52[7000] [receive] via NET/AWS Libfabric/3
x3111c0s1b0n0:8685:8718 [2] NCCL INFO Channel 00 : 14[85000] -> 13[46000] via P2P/IPC/read
x3201c0s19b0n0:1100:1135 [2] NCCL INFO Channel 01/0 : 34[85000] -> 19[c7000] [send] via NET/AWS Libfabric/1
x3111c0s25b0n0:30995:31029 [3] NCCL INFO Channel 03/0 : 23[c7000] -> 19[c7000] [send] via NET/AWS Libfabric/1
x3201c0s19b1n0:2761:2796 [2] NCCL INFO Channel 00 : 38[85000] -> 37[46000] via P2P/IPC/read
x3201c0s19b0n0:1098:1136 [0] NCCL INFO Channel 00/0 : 32[7000] -> 0[7000] [send] via NET/AWS Libfabric/3
x3111c0s1b1n0:52102:52134 [2] NCCL INFO Parsed MSCCL Algorithm /home/yuke/ncclPG/CCL-LYD/msccl_tools_lyd/examples/xml/xml_lyd/ring/allreduce_ring_node16_gpu64_mcl1_mck2_gan0.xml successfully.
x3111c0s1b1n0:52102:52134 [2] NCCL INFO Connected 1 MSCCL algorithms
x3111c0s1b1n0:52102:52134 [2] NCCL INFO threadThresholds 8/8/64 | 512/8/64 | 8/8/64 | 8/8/512
x3111c0s1b1n0:52102:52134 [2] NCCL INFO 4 coll channels, 4 p2p channels, 2 p2p channels per peer
x3111c0s1b1n0:52101:52135 [1] NCCL INFO Parsed MSCCL Algorithm /home/yuke/ncclPG/CCL-LYD/msccl_tools_lyd/examples/xml/xml_lyd/ring/allreduce_ring_node16_gpu64_mcl1_mck2_gan0.xml successfully.
x3111c0s1b1n0:52101:52135 [1] NCCL INFO Connected 1 MSCCL algorithms
x3111c0s1b1n0:52101:52135 [1] NCCL INFO threadThresholds 8/8/64 | 512/8/64 | 8/8/64 | 8/8/512
x3111c0s1b1n0:52101:52135 [1] NCCL INFO 4 coll channels, 4 p2p channels, 2 p2p channels per peer
x3111c0s1b0n0:8684:8717 [1] NCCL INFO Channel 02/0 : 20[7000] -> 13[46000] [receive] via NET/AWS Libfabric/3
x3111c0s1b0n0:8686:8719 [3] NCCL INFO Channel 03/0 : 15[c7000] -> 7[c7000] [send] via NET/AWS Libfabric/1
x3201c0s13b1n0:61167:61199 [3] NCCL INFO Channel 01/0 : 31[c7000] -> 27[c7000] [send] via NET/AWS Libfabric/1
x3201c0s25b1n0:4639:4674 [3] NCCL INFO Channel 03/0 : 55[c7000] -> 51[c7000] [send] via NET/AWS Libfabric/1
x3201c0s25b0n0:15852:15885 [1] NCCL INFO Parsed MSCCL Algorithm /home/yuke/ncclPG/CCL-LYD/msccl_tools_lyd/examples/xml/xml_lyd/ring/allreduce_ring_node16_gpu64_mcl1_mck2_gan0.xml successfully.
x3201c0s19b0n0:1100:1135 [2] NCCL INFO Channel 00 : 34[85000] -> 33[46000] via P2P/IPC/read
x3201c0s25b0n0:15852:15885 [1] NCCL INFO Connected 1 MSCCL algorithms
x3201c0s25b0n0:15852:15885 [1] NCCL INFO threadThresholds 8/8/64 | 512/8/64 | 8/8/64 | 8/8/512
x3201c0s25b0n0:15852:15885 [1] NCCL INFO 4 coll channels, 4 p2p channels, 2 p2p channels per peer
x3201c0s25b0n0:15853:15887 [2] NCCL INFO Parsed MSCCL Algorithm /home/yuke/ncclPG/CCL-LYD/msccl_tools_lyd/examples/xml/xml_lyd/ring/allreduce_ring_node16_gpu64_mcl1_mck2_gan0.xml successfully.
x3201c0s25b0n0:15853:15887 [2] NCCL INFO Connected 1 MSCCL algorithms
x3201c0s25b0n0:15853:15887 [2] NCCL INFO threadThresholds 8/8/64 | 512/8/64 | 8/8/64 | 8/8/512
x3201c0s25b0n0:15853:15887 [2] NCCL INFO 4 coll channels, 4 p2p channels, 2 p2p channels per peer
x3104c0s31b1n0:55487:55521 [2] NCCL INFO Channel 00 : 6[85000] -> 5[46000] via P2P/IPC/read
x3104c0s31b1n0:55487:55521 [2] NCCL INFO Channel 02 : 6[85000] -> 5[46000] via P2P/IPC/read
x3201c0s1b1n0:2941:2979 [0] NCCL INFO Channel 02/0 : 44[7000] -> 29[46000] [send] via NET/AWS Libfabric/3
x3201c0s1b0n0:9188:9222 [3] NCCL INFO Channel 01/0 : 47[c7000] -> 43[c7000] [receive] via NET/AWS Libfabric/1
x3201c0s1b1n0:2944:2976 [3] NCCL INFO Channel 03/0 : 47[c7000] -> 30[85000] [send] via NET/AWS Libfabric/1
x3201c0s19b0n0:1100:1135 [2] NCCL INFO Channel 02 : 34[85000] -> 33[46000] via P2P/IPC/read
x3111c0s1b1n0:52100:52137 [0] NCCL INFO Channel 00/0 : 33[46000] -> 16[7000] [receive] via NET/AWS Libfabric/3
x3201c0s1b1n0:2943:2978 [2] NCCL INFO Channel 02 : 46[85000] -> 45[46000] via P2P/IPC/read
x3201c0s19b1n0:2761:2796 [2] NCCL INFO Channel 02 : 38[85000] -> 37[46000] via P2P/IPC/read
x3111c0s1b0n0:8685:8718 [2] NCCL INFO Channel 02 : 14[85000] -> 13[46000] via P2P/IPC/read
x3201c0s13b1n0:61166:61201 [2] NCCL INFO Channel 00 : 30[85000] -> 29[46000] via P2P/IPC/read
x3201c0s25b1n0:4636:4676 [0] NCCL INFO Channel 02/0 : 52[7000] -> 48[7000] [send] via NET/AWS Libfabric/3
x3201c0s1b1n0:2941:2979 [0] NCCL INFO Channel 02/0 : 44[7000] -> 36[7000] [send] via NET/AWS Libfabric/3
x3201c0s1b1n0:2944:2976 [3] NCCL INFO Channel 03/0 : 47[c7000] -> 39[c7000] [send] via NET/AWS Libfabric/1
x3105c0s25b0n0:38370:38403 [3] NCCL INFO Channel 01/0 : 15[c7000] -> 11[c7000] [receive] via NET/AWS Libfabric/1
x3104c0s31b1n0:55488:55522 [3] NCCL INFO Channel 03/0 : 7[c7000] -> 3[c7000] [send] via NET/AWS Libfabric/1
x3111c0s25b0n0:30992:31030 [0] NCCL INFO Channel 00/0 : 25[46000] -> 20[7000] [receive] via NET/AWS Libfabric/3
x3201c0s1b1n0:2942:2977 [1] NCCL INFO Connected all trees
x3201c0s1b1n0:2942:2977 [1] NCCL INFO MSCCL: Parsing algorithm /home/yuke/ncclPG/CCL-LYD/msccl_tools_lyd/examples/xml/xml_lyd/ring/allreduce_ring_node16_gpu64_mcl1_mck2_gan0.xml
x3201c0s1b1n0:2943:2978 [2] NCCL INFO Connected all trees
x3201c0s1b1n0:2943:2978 [2] NCCL INFO MSCCL: Parsing algorithm /home/yuke/ncclPG/CCL-LYD/msccl_tools_lyd/examples/xml/xml_lyd/ring/allreduce_ring_node16_gpu64_mcl1_mck2_gan0.xml
x3201c0s13b1n0:61166:61201 [2] NCCL INFO Channel 02 : 30[85000] -> 29[46000] via P2P/IPC/read
x3111c0s1b1n0:52103:52136 [3] NCCL INFO Channel 01/0 : 27[c7000] -> 19[c7000] [receive] via NET/AWS Libfabric/1
x3111c0s1b0n0:8686:8719 [3] NCCL INFO Channel 01/0 : 15[c7000] -> 11[c7000] [send] via NET/AWS Libfabric/1
x3201c0s19b0n0:1099:1134 [1] NCCL INFO Channel 00/0 : 33[46000] -> 16[7000] [send] via NET/AWS Libfabric/3
x3201c0s13b1n0:61165:61200 [1] NCCL INFO Connected all trees
x3201c0s13b1n0:61165:61200 [1] NCCL INFO MSCCL: Parsing algorithm /home/yuke/ncclPG/CCL-LYD/msccl_tools_lyd/examples/xml/xml_lyd/ring/allreduce_ring_node16_gpu64_mcl1_mck2_gan0.xml
x3201c0s13b1n0:61166:61201 [2] NCCL INFO Connected all trees
x3201c0s13b1n0:61166:61201 [2] NCCL INFO MSCCL: Parsing algorithm /home/yuke/ncclPG/CCL-LYD/msccl_tools_lyd/examples/xml/xml_lyd/ring/allreduce_ring_node16_gpu64_mcl1_mck2_gan0.xml
x3201c0s31b1n0:34537:34572 [0] NCCL INFO Channel 00/0 : 60[7000] -> 56[7000] [send] via NET/AWS Libfabric/3
x3201c0s13b1n0:61164:61202 [0] NCCL INFO Channel 02/0 : 28[7000] -> 12[7000] [send] via NET/AWS Libfabric/3
x3111c0s1b0n0:8686:8719 [3] NCCL INFO Connected all trees
x3111c0s1b0n0:8686:8719 [3] NCCL INFO MSCCL: Parsing algorithm /home/yuke/ncclPG/CCL-LYD/msccl_tools_lyd/examples/xml/xml_lyd/ring/allreduce_ring_node16_gpu64_mcl1_mck2_gan0.xml
x3201c0s19b1n0:2762:2797 [3] NCCL INFO Channel 03/0 : 39[c7000] -> 35[c7000] [send] via NET/AWS Libfabric/1
x3105c0s25b0n0:38370:38403 [3] NCCL INFO Connected all trees
x3105c0s25b0n0:38370:38403 [3] NCCL INFO MSCCL: Parsing algorithm /home/yuke/ncclPG/CCL-LYD/msccl_tools_lyd/examples/xml/xml_lyd/ring/allreduce_ring_node16_gpu64_mcl1_mck2_gan0.xml
x3201c0s1b1n0:2943:2978 [2] NCCL INFO Parsed MSCCL Algorithm /home/yuke/ncclPG/CCL-LYD/msccl_tools_lyd/examples/xml/xml_lyd/ring/allreduce_ring_node16_gpu64_mcl1_mck2_gan0.xml successfully.
x3201c0s1b1n0:2943:2978 [2] NCCL INFO Connected 1 MSCCL algorithms
x3201c0s1b1n0:2943:2978 [2] NCCL INFO threadThresholds 8/8/64 | 512/8/64 | 8/8/64 | 8/8/512
x3201c0s1b1n0:2943:2978 [2] NCCL INFO 4 coll channels, 4 p2p channels, 2 p2p channels per peer
x3201c0s1b1n0:2942:2977 [1] NCCL INFO Parsed MSCCL Algorithm /home/yuke/ncclPG/CCL-LYD/msccl_tools_lyd/examples/xml/xml_lyd/ring/allreduce_ring_node16_gpu64_mcl1_mck2_gan0.xml successfully.
x3201c0s19b0n0:1098:1136 [0] NCCL INFO Channel 00/0 : 48[7000] -> 32[7000] [receive] via NET/AWS Libfabric/3
x3201c0s1b1n0:2942:2977 [1] NCCL INFO Connected 1 MSCCL algorithms
x3201c0s1b1n0:2942:2977 [1] NCCL INFO threadThresholds 8/8/64 | 512/8/64 | 8/8/64 | 8/8/512
x3201c0s19b0n0:1101:1133 [3] NCCL INFO Channel 01/0 : 51[c7000] -> 35[c7000] [receive] via NET/AWS Libfabric/1
x3201c0s1b1n0:2942:2977 [1] NCCL INFO 4 coll channels, 4 p2p channels, 2 p2p channels per peer
x3104c0s31b0n0:36651:36675 [3] NCCL INFO Channel 03/0 : 7[c7000] -> 3[c7000] [receive] via NET/AWS Libfabric/1
x3201c0s19b1n0:2759:2795 [0] NCCL INFO Channel 00/0 : 41[46000] -> 36[7000] [receive] via NET/AWS Libfabric/3
x3201c0s1b1n0:2944:2976 [3] NCCL INFO Channel 01/0 : 47[c7000] -> 43[c7000] [send] via NET/AWS Libfabric/1
x3201c0s1b1n0:2941:2979 [0] NCCL INFO Channel 00/0 : 44[7000] -> 40[7000] [send] via NET/AWS Libfabric/3
x3111c0s1b0n0:8685:8718 [2] NCCL INFO Connected all trees
x3111c0s1b0n0:8685:8718 [2] NCCL INFO MSCCL: Parsing algorithm /home/yuke/ncclPG/CCL-LYD/msccl_tools_lyd/examples/xml/xml_lyd/ring/allreduce_ring_node16_gpu64_mcl1_mck2_gan0.xml
x3111c0s1b0n0:8684:8717 [1] NCCL INFO Connected all trees
x3111c0s1b0n0:8684:8717 [1] NCCL INFO MSCCL: Parsing algorithm /home/yuke/ncclPG/CCL-LYD/msccl_tools_lyd/examples/xml/xml_lyd/ring/allreduce_ring_node16_gpu64_mcl1_mck2_gan0.xml
x3201c0s13b1n0:61165:61200 [1] NCCL INFO Parsed MSCCL Algorithm /home/yuke/ncclPG/CCL-LYD/msccl_tools_lyd/examples/xml/xml_lyd/ring/allreduce_ring_node16_gpu64_mcl1_mck2_gan0.xml successfully.
x3201c0s13b1n0:61165:61200 [1] NCCL INFO Connected 1 MSCCL algorithms
x3201c0s13b1n0:61165:61200 [1] NCCL INFO threadThresholds 8/8/64 | 512/8/64 | 8/8/64 | 8/8/512
x3201c0s13b1n0:61165:61200 [1] NCCL INFO 4 coll channels, 4 p2p channels, 2 p2p channels per peer
x3201c0s13b1n0:61166:61201 [2] NCCL INFO Parsed MSCCL Algorithm /home/yuke/ncclPG/CCL-LYD/msccl_tools_lyd/examples/xml/xml_lyd/ring/allreduce_ring_node16_gpu64_mcl1_mck2_gan0.xml successfully.
x3201c0s13b1n0:61166:61201 [2] NCCL INFO Connected 1 MSCCL algorithms
x3201c0s13b1n0:61166:61201 [2] NCCL INFO threadThresholds 8/8/64 | 512/8/64 | 8/8/64 | 8/8/512
x3201c0s13b1n0:61166:61201 [2] NCCL INFO 4 coll channels, 4 p2p channels, 2 p2p channels per peer
x3201c0s13b0n0:22204:22235 [3] NCCL INFO Channel 03/0 : 27[c7000] -> 22[85000] [send] via NET/AWS Libfabric/1
x3111c0s1b1n0:52100:52137 [0] NCCL INFO Channel 00/0 : 24[7000] -> 16[7000] [receive] via NET/AWS Libfabric/3
x3111c0s1b0n0:8686:8719 [3] NCCL INFO Parsed MSCCL Algorithm /home/yuke/ncclPG/CCL-LYD/msccl_tools_lyd/examples/xml/xml_lyd/ring/allreduce_ring_node16_gpu64_mcl1_mck2_gan0.xml successfully.
x3201c0s1b1n0:2944:2976 [3] NCCL INFO Connected all trees
x3201c0s1b1n0:2941:2979 [0] NCCL INFO Connected all trees
x3201c0s1b1n0:2941:2979 [0] NCCL INFO MSCCL: Parsing algorithm /home/yuke/ncclPG/CCL-LYD/msccl_tools_lyd/examples/xml/xml_lyd/ring/allreduce_ring_node16_gpu64_mcl1_mck2_gan0.xml
x3201c0s1b1n0:2944:2976 [3] NCCL INFO MSCCL: Parsing algorithm /home/yuke/ncclPG/CCL-LYD/msccl_tools_lyd/examples/xml/xml_lyd/ring/allreduce_ring_node16_gpu64_mcl1_mck2_gan0.xml
x3104c0s31b0n0:36648:36673 [0] NCCL INFO Channel 02/0 : 4[7000] -> 0[7000] [receive] via NET/AWS Libfabric/3
x3111c0s25b0n0:30992:31030 [0] NCCL INFO Channel 02/0 : 20[7000] -> 16[7000] [send] via NET/AWS Libfabric/3
x3105c0s25b0n0:38370:38403 [3] NCCL INFO Parsed MSCCL Algorithm /home/yuke/ncclPG/CCL-LYD/msccl_tools_lyd/examples/xml/xml_lyd/ring/allreduce_ring_node16_gpu64_mcl1_mck2_gan0.xml successfully.
x3201c0s19b0n0:1099:1134 [1] NCCL INFO Connected all trees
x3201c0s19b0n0:1099:1134 [1] NCCL INFO MSCCL: Parsing algorithm /home/yuke/ncclPG/CCL-LYD/msccl_tools_lyd/examples/xml/xml_lyd/ring/allreduce_ring_node16_gpu64_mcl1_mck2_gan0.xml
x3201c0s13b1n0:61164:61202 [0] NCCL INFO Channel 00/0 : 28[7000] -> 24[7000] [send] via NET/AWS Libfabric/3
x3201c0s25b0n0:15851:15888 [0] NCCL INFO Channel 00/0 : 56[7000] -> 48[7000] [receive] via NET/AWS Libfabric/3
x3201c0s25b0n0:15854:15886 [3] NCCL INFO Channel 01/0 : 59[c7000] -> 51[c7000] [receive] via NET/AWS Libfabric/1
x3104c0s31b0n0:36651:36675 [3] NCCL INFO Connected all trees
x3104c0s31b0n0:36651:36675 [3] NCCL INFO MSCCL: Parsing algorithm /home/yuke/ncclPG/CCL-LYD/msccl_tools_lyd/examples/xml/xml_lyd/ring/allreduce_ring_node16_gpu64_mcl1_mck2_gan0.xml
x3201c0s1b0n0:9188:9222 [3] NCCL INFO Connected all trees
x3201c0s1b0n0:9188:9222 [3] NCCL INFO MSCCL: Parsing algorithm /home/yuke/ncclPG/CCL-LYD/msccl_tools_lyd/examples/xml/xml_lyd/ring/allreduce_ring_node16_gpu64_mcl1_mck2_gan0.xml
x3111c0s1b0n0:8684:8717 [1] NCCL INFO Parsed MSCCL Algorithm /home/yuke/ncclPG/CCL-LYD/msccl_tools_lyd/examples/xml/xml_lyd/ring/allreduce_ring_node16_gpu64_mcl1_mck2_gan0.xml successfully.
x3111c0s1b0n0:8684:8717 [1] NCCL INFO Connected 1 MSCCL algorithms
x3111c0s1b0n0:8684:8717 [1] NCCL INFO threadThresholds 8/8/64 | 512/8/64 | 8/8/64 | 8/8/512
x3111c0s1b0n0:8684:8717 [1] NCCL INFO 4 coll channels, 4 p2p channels, 2 p2p channels per peer
x3201c0s19b0n0:1100:1135 [2] NCCL INFO Connected all trees
x3201c0s19b0n0:1100:1135 [2] NCCL INFO MSCCL: Parsing algorithm /home/yuke/ncclPG/CCL-LYD/msccl_tools_lyd/examples/xml/xml_lyd/ring/allreduce_ring_node16_gpu64_mcl1_mck2_gan0.xml
x3111c0s25b0n0:30994:31027 [2] NCCL INFO Channel 00 : 22[85000] -> 21[46000] via P2P/IPC/read
x3111c0s1b0n0:8685:8718 [2] NCCL INFO Parsed MSCCL Algorithm /home/yuke/ncclPG/CCL-LYD/msccl_tools_lyd/examples/xml/xml_lyd/ring/allreduce_ring_node16_gpu64_mcl1_mck2_gan0.xml successfully.
x3201c0s31b0n0:23875:23910 [3] NCCL INFO Channel 03/0 : 59[c7000] -> 54[85000] [send] via NET/AWS Libfabric/1
x3111c0s1b0n0:8685:8718 [2] NCCL INFO Connected 1 MSCCL algorithms
