x3002c0s31b0n0:49833:49857 [2] NCCL INFO Channel 03 : 2[85000] -> 3[c7000] via P2P/IPC/read
x3002c0s37b0n0:49121:49144 [1] NCCL INFO Channel 02 : 9[46000] -> 8[7000] via P2P/IPC/read
x3004c0s19b0n0:51132:51156 [0] NCCL INFO Connected all rings
x3004c0s19b0n0:51132:51156 [0] NCCL INFO Channel 00 : 36[7000] -> 37[46000] via P2P/IPC/read
x3004c0s1b0n0:6592:6615 [3] NCCL INFO Connected all rings
x3004c0s19b0n0:51133:51159 [1] NCCL INFO Connected all rings
x3004c0s19b0n0:51134:51158 [2] NCCL INFO Connected all rings
x3004c0s1b0n0:6591:6616 [2] NCCL INFO Connected all rings
x3004c0s19b1n0:25808:25835 [0] NCCL INFO Channel 01 : 40[7000] -> 41[46000] via P2P/IPC/read
x3004c0s19b1n0:25811:25832 [3] NCCL INFO Channel 01/0 : 43[c7000] -> 47[c7000] [send] via NET/AWS Libfabric/1
x3004c0s25b0n0:29685:29713 [0] NCCL INFO Channel 01 : 52[7000] -> 53[46000] via P2P/IPC/read
x3004c0s25b0n0:29685:29713 [0] NCCL INFO Channel 02 : 52[7000] -> 53[46000] via P2P/IPC/read
x3004c0s25b0n0:29685:29713 [0] NCCL INFO Channel 03 : 52[7000] -> 53[46000] via P2P/IPC/read
x3004c0s19b1n0:25809:25833 [1] NCCL INFO Channel 00 : 41[46000] -> 42[85000] via P2P/IPC/read
x3004c0s19b1n0:25809:25833 [1] NCCL INFO Channel 01 : 41[46000] -> 42[85000] via P2P/IPC/read
x3004c0s19b1n0:25809:25833 [1] NCCL INFO Channel 02 : 41[46000] -> 42[85000] via P2P/IPC/read
x3004c0s19b1n0:25809:25833 [1] NCCL INFO Channel 03 : 41[46000] -> 42[85000] via P2P/IPC/read
x3004c0s25b1n0:14477:14504 [0] NCCL INFO Channel 03 : 56[7000] -> 57[46000] via P2P/IPC/read
x3002c0s7b0n0:21313:21340 [0] NCCL INFO Connected all rings
x3002c0s7b0n0:21313:21340 [0] NCCL INFO Channel 00 : 16[7000] -> 17[46000] via P2P/IPC/read
x3002c0s7b0n0:21314:21338 [1] NCCL INFO Connected all rings
x3003c0s7b0n0:61976:61999 [3] NCCL INFO Channel 02 : 31[c7000] -> 30[85000] via P2P/IPC/read
x3003c0s7b0n0:61973:62000 [0] NCCL INFO Channel 02 : 28[7000] -> 29[46000] via P2P/IPC/read
x3004c0s31b0n0:32698:32725 [0] NCCL INFO Channel 01 : 60[7000] -> 61[46000] via P2P/IPC/read
x3002c0s37b1n0:43560:43588 [0] NCCL INFO Channel 01 : 12[7000] -> 13[46000] via P2P/IPC/read
x3002c0s37b1n0:43560:43588 [0] NCCL INFO Channel 02 : 12[7000] -> 13[46000] via P2P/IPC/read
x3002c0s37b1n0:43560:43588 [0] NCCL INFO Channel 03 : 12[7000] -> 13[46000] via P2P/IPC/read
x3002c0s31b1n0:16779:16803 [2] NCCL INFO Channel 00 : 6[85000] -> 7[c7000] via P2P/IPC/read
x3002c0s31b1n0:16779:16803 [2] NCCL INFO Channel 01 : 6[85000] -> 7[c7000] via P2P/IPC/read
x3002c0s31b1n0:16779:16803 [2] NCCL INFO Channel 02 : 6[85000] -> 7[c7000] via P2P/IPC/read
x3002c0s31b1n0:16779:16803 [2] NCCL INFO Channel 03 : 6[85000] -> 7[c7000] via P2P/IPC/read
x3004c0s1b1n0:9622:9649 [0] NCCL INFO Channel 01 : 48[7000] -> 49[46000] via P2P/IPC/read
x3003c0s37b1n0:29662:29689 [0] NCCL INFO Channel 01 : 24[7000] -> 25[46000] via P2P/IPC/read
x3004c0s1b0n0:6589:6613 [0] NCCL INFO Channel 00/0 : 40[7000] -> 44[7000] [receive] via NET/AWS Libfabric/3
x3003c0s37b1n0:29663:29687 [1] NCCL INFO Channel 00 : 25[46000] -> 26[85000] via P2P/IPC/read
x3003c0s37b1n0:29663:29687 [1] NCCL INFO Channel 01 : 25[46000] -> 26[85000] via P2P/IPC/read
x3003c0s37b1n0:29663:29687 [1] NCCL INFO Channel 02 : 25[46000] -> 26[85000] via P2P/IPC/read
x3003c0s37b1n0:29663:29687 [1] NCCL INFO Channel 03 : 25[46000] -> 26[85000] via P2P/IPC/read
x3002c0s7b0n0:21315:21337 [2] NCCL INFO Channel 01 : 18[85000] -> 19[c7000] via P2P/IPC/read
x3003c0s37b1n0:29662:29689 [0] NCCL INFO Channel 02 : 24[7000] -> 25[46000] via P2P/IPC/read
x3003c0s37b1n0:29662:29689 [0] NCCL INFO Channel 03 : 24[7000] -> 25[46000] via P2P/IPC/read
x3003c0s7b0n0:61973:62000 [0] NCCL INFO Channel 03 : 28[7000] -> 29[46000] via P2P/IPC/read
x3002c0s31b0n0:49833:49857 [2] NCCL INFO Channel 00 : 2[85000] -> 1[46000] via P2P/IPC/read
x3002c0s37b0n0:49121:49144 [1] NCCL INFO Channel 03 : 9[46000] -> 8[7000] via P2P/IPC/read
x3004c0s1b1n0:9622:9649 [0] NCCL INFO Channel 02 : 48[7000] -> 49[46000] via P2P/IPC/read
x3004c0s1b1n0:9625:9647 [3] NCCL INFO Channel 03/0 : 51[c7000] -> 55[c7000] [send] via NET/AWS Libfabric/1
x3004c0s31b0n0:32698:32725 [0] NCCL INFO Channel 02 : 60[7000] -> 61[46000] via P2P/IPC/read
x3002c0s37b1n0:43562:43587 [2] NCCL INFO Channel 00 : 14[85000] -> 15[c7000] via P2P/IPC/read
x3002c0s37b1n0:43562:43587 [2] NCCL INFO Channel 01 : 14[85000] -> 15[c7000] via P2P/IPC/read
x3002c0s37b1n0:43562:43587 [2] NCCL INFO Channel 02 : 14[85000] -> 15[c7000] via P2P/IPC/read
x3002c0s37b1n0:43562:43587 [2] NCCL INFO Channel 03 : 14[85000] -> 15[c7000] via P2P/IPC/read
x3002c0s7b0n0:21313:21340 [0] NCCL INFO Channel 01 : 16[7000] -> 17[46000] via P2P/IPC/read
x3003c0s7b1n0:34250:34275 [1] NCCL INFO Channel 00/0 : 16[7000] -> 33[46000] [receive] via NET/AWS Libfabric/3
x3002c0s37b0n0:49120:49147 [0] NCCL INFO Connected all rings
x3002c0s37b0n0:49120:49147 [0] NCCL INFO Channel 00 : 8[7000] -> 9[46000] via P2P/IPC/read
x3002c0s7b1n0:32493:32517 [3] NCCL INFO Channel 03 : 23[c7000] -> 22[85000] via P2P/IPC/read
x3002c0s37b0n0:49121:49144 [1] NCCL INFO Connected all rings
x3002c0s37b0n0:49122:49145 [2] NCCL INFO Connected all rings
x3002c0s7b0n0:21315:21337 [2] NCCL INFO Channel 02 : 18[85000] -> 19[c7000] via P2P/IPC/read
x3004c0s19b0n0:51132:51156 [0] NCCL INFO Channel 01 : 36[7000] -> 37[46000] via P2P/IPC/read
x3004c0s31b0n0:32699:32722 [1] NCCL INFO Channel 00 : 61[46000] -> 62[85000] via P2P/IPC/read
x3004c0s31b0n0:32699:32722 [1] NCCL INFO Channel 01 : 61[46000] -> 62[85000] via P2P/IPC/read
x3004c0s25b1n0:14479:14503 [2] NCCL INFO Channel 00 : 58[85000] -> 59[c7000] via P2P/IPC/read
x3003c0s7b1n0:34249:34274 [0] NCCL INFO Channel 02/0 : 32[7000] -> 36[7000] [send] via NET/AWS Libfabric/3
x3004c0s31b0n0:32699:32722 [1] NCCL INFO Channel 02 : 61[46000] -> 62[85000] via P2P/IPC/read
x3004c0s25b1n0:14479:14503 [2] NCCL INFO Channel 01 : 58[85000] -> 59[c7000] via P2P/IPC/read
x3004c0s31b0n0:32699:32722 [1] NCCL INFO Channel 03 : 61[46000] -> 62[85000] via P2P/IPC/read
x3004c0s25b1n0:14479:14503 [2] NCCL INFO Channel 02 : 58[85000] -> 59[c7000] via P2P/IPC/read
x3004c0s25b1n0:14479:14503 [2] NCCL INFO Channel 03 : 58[85000] -> 59[c7000] via P2P/IPC/read
x3003c0s37b1n0:29664:29686 [2] NCCL INFO Channel 00 : 26[85000] -> 27[c7000] via P2P/IPC/read
x3003c0s37b1n0:29664:29686 [2] NCCL INFO Channel 01 : 26[85000] -> 27[c7000] via P2P/IPC/read
x3003c0s37b1n0:29664:29686 [2] NCCL INFO Channel 02 : 26[85000] -> 27[c7000] via P2P/IPC/read
x3003c0s37b1n0:29664:29686 [2] NCCL INFO Channel 03 : 26[85000] -> 27[c7000] via P2P/IPC/read
x3002c0s31b1n0:16778:16801 [1] NCCL INFO Channel 02/0 : 5[46000] -> 8[7000] [send] via NET/AWS Libfabric/3
x3002c0s31b1n0:16780:16802 [3] NCCL INFO Channel 01/0 : 7[c7000] -> 10[85000] [send] via NET/AWS Libfabric/1
x3004c0s1b1n0:9622:9649 [0] NCCL INFO Channel 03 : 48[7000] -> 49[46000] via P2P/IPC/read
x3004c0s1b1n0:9623:9646 [1] NCCL INFO Channel 00 : 49[46000] -> 50[85000] via P2P/IPC/read
x3004c0s1b1n0:9623:9646 [1] NCCL INFO Channel 01 : 49[46000] -> 50[85000] via P2P/IPC/read
x3004c0s1b1n0:9623:9646 [1] NCCL INFO Channel 02 : 49[46000] -> 50[85000] via P2P/IPC/read
x3004c0s1b1n0:9623:9646 [1] NCCL INFO Channel 03 : 49[46000] -> 50[85000] via P2P/IPC/read
x3004c0s19b1n0:25808:25835 [0] NCCL INFO Channel 02 : 40[7000] -> 41[46000] via P2P/IPC/read
x3002c0s37b1n0:43561:43585 [1] NCCL INFO Channel 00 : 13[46000] -> 14[85000] via P2P/IPC/read
x3002c0s37b1n0:43561:43585 [1] NCCL INFO Channel 01 : 13[46000] -> 14[85000] via P2P/IPC/read
x3002c0s37b1n0:43561:43585 [1] NCCL INFO Channel 02 : 13[46000] -> 14[85000] via P2P/IPC/read
x3002c0s37b1n0:43561:43585 [1] NCCL INFO Channel 03 : 13[46000] -> 14[85000] via P2P/IPC/read
x3003c0s7b0n0:61976:61999 [3] NCCL INFO Channel 03 : 31[c7000] -> 30[85000] via P2P/IPC/read
x3004c0s25b1n0:14478:14501 [1] NCCL INFO Channel 00 : 57[46000] -> 58[85000] via P2P/IPC/read
x3002c0s7b0n0:21313:21340 [0] NCCL INFO Channel 02 : 16[7000] -> 17[46000] via P2P/IPC/read
x3004c0s31b0n0:32700:32723 [2] NCCL INFO Channel 00 : 62[85000] -> 61[46000] via P2P/IPC/read
x3003c0s7b0n0:61974:61997 [1] NCCL INFO Channel 00 : 29[46000] -> 30[85000] via P2P/IPC/read
x3003c0s7b0n0:61974:61997 [1] NCCL INFO Channel 01 : 29[46000] -> 30[85000] via P2P/IPC/read
x3003c0s7b0n0:61974:61997 [1] NCCL INFO Channel 02 : 29[46000] -> 30[85000] via P2P/IPC/read
x3003c0s7b0n0:61974:61997 [1] NCCL INFO Channel 03 : 29[46000] -> 30[85000] via P2P/IPC/read
x3002c0s7b1n0:32493:32517 [3] NCCL INFO Connected all rings
x3004c0s25b1n0:14478:14501 [1] NCCL INFO Channel 01 : 57[46000] -> 58[85000] via P2P/IPC/read
x3002c0s31b0n0:49833:49857 [2] NCCL INFO Channel 02 : 2[85000] -> 1[46000] via P2P/IPC/read
x3002c0s31b0n0:49834:49856 [3] NCCL INFO Channel 03/0 : 3[c7000] -> 7[c7000] [send] via NET/AWS Libfabric/1
x3002c0s31b1n0:16779:16803 [2] NCCL INFO Channel 03/0 : 6[85000] -> 11[c7000] [send] via NET/AWS Libfabric/1
x3004c0s31b0n0:32698:32725 [0] NCCL INFO Channel 03 : 60[7000] -> 61[46000] via P2P/IPC/read
x3002c0s7b1n0:32492:32514 [2] NCCL INFO Connected all rings
x3004c0s25b0n0:29688:29710 [3] NCCL INFO Channel 01/0 : 55[c7000] -> 58[85000] [send] via NET/AWS Libfabric/1
x3004c0s25b1n0:14480:14502 [3] NCCL INFO Channel 01/0 : 59[c7000] -> 63[c7000] [send] via NET/AWS Libfabric/1
x3002c0s31b1n0:16777:16806 [0] NCCL INFO Channel 02/0 : 0[7000] -> 4[7000] [receive] via NET/AWS Libfabric/3
x3002c0s37b0n0:49120:49147 [0] NCCL INFO Channel 01 : 8[7000] -> 9[46000] via P2P/IPC/read
x3003c0s7b1n0:34252:34276 [3] NCCL INFO Channel 03/0 : 35[c7000] -> 39[c7000] [send] via NET/AWS Libfabric/1
x3004c0s19b1n0:25808:25835 [0] NCCL INFO Channel 03 : 40[7000] -> 41[46000] via P2P/IPC/read
x3004c0s31b0n0:32700:32723 [2] NCCL INFO Channel 02 : 62[85000] -> 61[46000] via P2P/IPC/read
x3002c0s7b1n0:32490:32516 [0] NCCL INFO Connected all rings
x3002c0s7b1n0:32490:32516 [0] NCCL INFO Channel 00 : 20[7000] -> 21[46000] via P2P/IPC/read
x3002c0s7b1n0:32491:32515 [1] NCCL INFO Connected all rings
x3003c0s37b1n0:29663:29687 [1] NCCL INFO Channel 00/0 : 20[7000] -> 25[46000] [receive] via NET/AWS Libfabric/3
x3002c0s7b0n0:21315:21337 [2] NCCL INFO Channel 03 : 18[85000] -> 19[c7000] via P2P/IPC/read
x3002c0s7b0n0:21313:21340 [0] NCCL INFO Channel 03 : 16[7000] -> 17[46000] via P2P/IPC/read
x3003c0s7b0n0:61976:61999 [3] NCCL INFO Connected all rings
x3003c0s7b0n0:61975:61998 [2] NCCL INFO Connected all rings
x3003c0s37b1n0:29662:29689 [0] NCCL INFO Channel 02/0 : 21[46000] -> 24[7000] [receive] via NET/AWS Libfabric/3
x3002c0s37b0n0:49120:49147 [0] NCCL INFO Channel 02 : 8[7000] -> 9[46000] via P2P/IPC/read
x3002c0s37b0n0:49120:49147 [0] NCCL INFO Channel 03 : 8[7000] -> 9[46000] via P2P/IPC/read
x3003c0s7b1n0:34251:34273 [2] NCCL INFO Channel 01/0 : 19[c7000] -> 34[85000] [receive] via NET/AWS Libfabric/1
x3002c0s31b0n0:49832:49858 [1] NCCL INFO Connected all trees
x3002c0s31b0n0:49832:49858 [1] NCCL INFO MSCCL: Parsing algorithm /home/yuke/ncclPG/CCL-LYD/msccl_tools_lyd/examples/xml/xml_lyd/ring/allreduce_ring_node16_gpu64_mcl1_mck2_gan0.xml
x3002c0s31b0n0:49833:49857 [2] NCCL INFO Connected all trees
x3002c0s31b0n0:49833:49857 [2] NCCL INFO MSCCL: Parsing algorithm /home/yuke/ncclPG/CCL-LYD/msccl_tools_lyd/examples/xml/xml_lyd/ring/allreduce_ring_node16_gpu64_mcl1_mck2_gan0.xml
x3004c0s25b1n0:14478:14501 [1] NCCL INFO Channel 02 : 57[46000] -> 58[85000] via P2P/IPC/read
x3004c0s25b1n0:14478:14501 [1] NCCL INFO Channel 03 : 57[46000] -> 58[85000] via P2P/IPC/read
x3004c0s19b1n0:25810:25834 [2] NCCL INFO Channel 01/0 : 39[c7000] -> 42[85000] [receive] via NET/AWS Libfabric/1
x3004c0s19b0n0:51132:51156 [0] NCCL INFO Channel 02 : 36[7000] -> 37[46000] via P2P/IPC/read
x3002c0s7b1n0:32492:32514 [2] NCCL INFO Channel 00 : 22[85000] -> 23[c7000] via P2P/IPC/read
x3002c0s7b1n0:32492:32514 [2] NCCL INFO Channel 01 : 22[85000] -> 23[c7000] via P2P/IPC/read
x3002c0s7b1n0:32492:32514 [2] NCCL INFO Channel 02 : 22[85000] -> 23[c7000] via P2P/IPC/read
x3002c0s7b1n0:32492:32514 [2] NCCL INFO Channel 03 : 22[85000] -> 23[c7000] via P2P/IPC/read
x3002c0s7b1n0:32490:32516 [0] NCCL INFO Channel 01 : 20[7000] -> 21[46000] via P2P/IPC/read
x3002c0s37b1n0:43561:43585 [1] NCCL INFO Channel 02/0 : 13[46000] -> 20[7000] [send] via NET/AWS Libfabric/3
x3004c0s25b0n0:29686:29712 [1] NCCL INFO Channel 00 : 53[46000] -> 54[85000] via P2P/IPC/read
x3004c0s1b1n0:9622:9649 [0] NCCL INFO Channel 02/0 : 48[7000] -> 52[7000] [send] via NET/AWS Libfabric/3
x3002c0s31b0n0:49833:49857 [2] NCCL INFO Parsed MSCCL Algorithm /home/yuke/ncclPG/CCL-LYD/msccl_tools_lyd/examples/xml/xml_lyd/ring/allreduce_ring_node16_gpu64_mcl1_mck2_gan0.xml successfully.
x3002c0s31b0n0:49833:49857 [2] NCCL INFO Connected 1 MSCCL algorithms
x3002c0s31b0n0:49833:49857 [2] NCCL INFO threadThresholds 8/8/64 | 512/8/64 | 8/8/64 | 8/8/512
x3002c0s31b0n0:49833:49857 [2] NCCL INFO 4 coll channels, 4 p2p channels, 2 p2p channels per peer
x3002c0s31b0n0:49832:49858 [1] NCCL INFO Parsed MSCCL Algorithm /home/yuke/ncclPG/CCL-LYD/msccl_tools_lyd/examples/xml/xml_lyd/ring/allreduce_ring_node16_gpu64_mcl1_mck2_gan0.xml successfully.
x3002c0s31b0n0:49832:49858 [1] NCCL INFO Connected 1 MSCCL algorithms
x3002c0s31b0n0:49832:49858 [1] NCCL INFO threadThresholds 8/8/64 | 512/8/64 | 8/8/64 | 8/8/512
x3002c0s31b0n0:49832:49858 [1] NCCL INFO 4 coll channels, 4 p2p channels, 2 p2p channels per peer
x3002c0s37b0n0:49122:49145 [2] NCCL INFO Channel 00 : 10[85000] -> 11[c7000] via P2P/IPC/read
x3002c0s37b0n0:49122:49145 [2] NCCL INFO Channel 01 : 10[85000] -> 11[c7000] via P2P/IPC/read
x3002c0s37b0n0:49122:49145 [2] NCCL INFO Channel 02 : 10[85000] -> 11[c7000] via P2P/IPC/read
x3002c0s37b0n0:49122:49145 [2] NCCL INFO Channel 03 : 10[85000] -> 11[c7000] via P2P/IPC/read
x3004c0s1b0n0:6591:6616 [2] NCCL INFO Channel 00 : 46[85000] -> 47[c7000] via P2P/IPC/read
x3004c0s1b0n0:6591:6616 [2] NCCL INFO Channel 01 : 46[85000] -> 47[c7000] via P2P/IPC/read
x3004c0s1b0n0:6591:6616 [2] NCCL INFO Channel 02 : 46[85000] -> 47[c7000] via P2P/IPC/read
x3004c0s1b0n0:6591:6616 [2] NCCL INFO Channel 03 : 46[85000] -> 47[c7000] via P2P/IPC/read
x3002c0s37b1n0:43560:43588 [0] NCCL INFO Channel 00/0 : 8[7000] -> 12[7000] [receive] via NET/AWS Libfabric/3
x3004c0s25b0n0:29686:29712 [1] NCCL INFO Channel 01 : 53[46000] -> 54[85000] via P2P/IPC/read
x3004c0s25b0n0:29686:29712 [1] NCCL INFO Channel 02 : 53[46000] -> 54[85000] via P2P/IPC/read
x3004c0s25b0n0:29686:29712 [1] NCCL INFO Channel 03 : 53[46000] -> 54[85000] via P2P/IPC/read
x3004c0s1b1n0:9624:9648 [2] NCCL INFO Channel 01/0 : 43[c7000] -> 50[85000] [receive] via NET/AWS Libfabric/1
x3004c0s31b0n0:32701:32724 [3] NCCL INFO Channel 01/0 : 59[c7000] -> 63[c7000] [receive] via NET/AWS Libfabric/1
x3002c0s7b0n0:21316:21339 [3] NCCL INFO Channel 03/0 : 19[c7000] -> 23[c7000] [send] via NET/AWS Libfabric/1
x3004c0s19b0n0:51132:51156 [0] NCCL INFO Channel 03 : 36[7000] -> 37[46000] via P2P/IPC/read
x3003c0s7b0n0:61973:62000 [0] NCCL INFO Channel 00/0 : 24[7000] -> 28[7000] [receive] via NET/AWS Libfabric/3
x3002c0s7b0n0:21314:21338 [1] NCCL INFO Channel 00 : 17[46000] -> 18[85000] via P2P/IPC/read
x3004c0s1b1n0:9623:9646 [1] NCCL INFO Channel 00/0 : 40[7000] -> 49[46000] [receive] via NET/AWS Libfabric/3
x3003c0s7b0n0:61975:61998 [2] NCCL INFO Channel 00 : 30[85000] -> 31[c7000] via P2P/IPC/read
x3003c0s7b0n0:61975:61998 [2] NCCL INFO Channel 01 : 30[85000] -> 31[c7000] via P2P/IPC/read
x3003c0s7b0n0:61975:61998 [2] NCCL INFO Channel 02 : 30[85000] -> 31[c7000] via P2P/IPC/read
x3003c0s7b0n0:61975:61998 [2] NCCL INFO Channel 03 : 30[85000] -> 31[c7000] via P2P/IPC/read
x3004c0s19b1n0:25809:25833 [1] NCCL INFO Channel 00/0 : 36[7000] -> 41[46000] [receive] via NET/AWS Libfabric/3
x3004c0s25b1n0:14479:14503 [2] NCCL INFO Channel 01/0 : 55[c7000] -> 58[85000] [receive] via NET/AWS Libfabric/1
x3002c0s37b0n0:49123:49146 [3] NCCL INFO Channel 01/0 : 11[c7000] -> 15[c7000] [send] via NET/AWS Libfabric/1
x3002c0s37b1n0:43562:43587 [2] NCCL INFO Channel 03/0 : 14[85000] -> 23[c7000] [send] via NET/AWS Libfabric/1
x3004c0s1b0n0:6592:6615 [3] NCCL INFO Channel 01/0 : 43[c7000] -> 47[c7000] [receive] via NET/AWS Libfabric/1
x3002c0s7b1n0:32490:32516 [0] NCCL INFO Channel 02 : 20[7000] -> 21[46000] via P2P/IPC/read
x3003c0s37b1n0:29665:29688 [3] NCCL INFO Channel 01/0 : 27[c7000] -> 31[c7000] [send] via NET/AWS Libfabric/1
x3004c0s19b0n0:51134:51158 [2] NCCL INFO Channel 00 : 38[85000] -> 39[c7000] via P2P/IPC/read
x3004c0s1b0n0:6590:6614 [1] NCCL INFO Channel 02/0 : 45[46000] -> 52[7000] [send] via NET/AWS Libfabric/3
x3004c0s25b0n0:29687:29711 [2] NCCL INFO Channel 03/0 : 54[85000] -> 59[c7000] [send] via NET/AWS Libfabric/1
x3003c0s7b0n0:61975:61998 [2] NCCL INFO Channel 03/0 : 30[85000] -> 47[c7000] [send] via NET/AWS Libfabric/1
x3004c0s25b1n0:14480:14502 [3] NCCL INFO Channel 03/0 : 54[85000] -> 59[c7000] [receive] via NET/AWS Libfabric/1
x3004c0s25b1n0:14477:14504 [0] NCCL INFO Channel 02/0 : 53[46000] -> 56[7000] [receive] via NET/AWS Libfabric/3
x3002c0s7b0n0:21314:21338 [1] NCCL INFO Channel 01 : 17[46000] -> 18[85000] via P2P/IPC/read
x3004c0s31b0n0:32698:32725 [0] NCCL INFO Channel 00/0 : 56[7000] -> 60[7000] [receive] via NET/AWS Libfabric/3
x3004c0s19b0n0:51133:51159 [1] NCCL INFO Channel 00 : 37[46000] -> 38[85000] via P2P/IPC/read
x3004c0s1b0n0:6591:6616 [2] NCCL INFO Channel 03/0 : 46[85000] -> 55[c7000] [send] via NET/AWS Libfabric/1
x3004c0s25b1n0:14478:14501 [1] NCCL INFO Channel 00/0 : 52[7000] -> 57[46000] [receive] via NET/AWS Libfabric/3
x3004c0s31b0n0:32699:32722 [1] NCCL INFO Connected all trees
x3004c0s31b0n0:32699:32722 [1] NCCL INFO MSCCL: Parsing algorithm /home/yuke/ncclPG/CCL-LYD/msccl_tools_lyd/examples/xml/xml_lyd/ring/allreduce_ring_node16_gpu64_mcl1_mck2_gan0.xml
x3004c0s31b0n0:32700:32723 [2] NCCL INFO Connected all trees
x3004c0s31b0n0:32700:32723 [2] NCCL INFO MSCCL: Parsing algorithm /home/yuke/ncclPG/CCL-LYD/msccl_tools_lyd/examples/xml/xml_lyd/ring/allreduce_ring_node16_gpu64_mcl1_mck2_gan0.xml
x3002c0s37b0n0:49121:49144 [1] NCCL INFO Channel 00 : 9[46000] -> 10[85000] via P2P/IPC/read
x3003c0s37b1n0:29664:29686 [2] NCCL INFO Channel 01/0 : 23[c7000] -> 26[85000] [receive] via NET/AWS Libfabric/1
x3004c0s25b0n0:29686:29712 [1] NCCL INFO Channel 02/0 : 53[46000] -> 56[7000] [send] via NET/AWS Libfabric/3
x3002c0s7b1n0:32493:32517 [3] NCCL INFO Channel 01/0 : 23[c7000] -> 26[85000] [send] via NET/AWS Libfabric/1
x3002c0s37b0n0:49121:49144 [1] NCCL INFO Channel 01 : 9[46000] -> 10[85000] via P2P/IPC/read
x3004c0s25b0n0:29685:29713 [0] NCCL INFO Channel 02/0 : 48[7000] -> 52[7000] [receive] via NET/AWS Libfabric/3
x3004c0s31b0n0:32699:32722 [1] NCCL INFO Parsed MSCCL Algorithm /home/yuke/ncclPG/CCL-LYD/msccl_tools_lyd/examples/xml/xml_lyd/ring/allreduce_ring_node16_gpu64_mcl1_mck2_gan0.xml successfully.
x3004c0s31b0n0:32699:32722 [1] NCCL INFO Connected 1 MSCCL algorithms
x3004c0s31b0n0:32699:32722 [1] NCCL INFO threadThresholds 8/8/64 | 512/8/64 | 8/8/64 | 8/8/512
x3004c0s31b0n0:32699:32722 [1] NCCL INFO 4 coll channels, 4 p2p channels, 2 p2p channels per peer
x3002c0s7b0n0:21314:21338 [1] NCCL INFO Channel 02 : 17[46000] -> 18[85000] via P2P/IPC/read
x3002c0s7b0n0:21314:21338 [1] NCCL INFO Channel 03 : 17[46000] -> 18[85000] via P2P/IPC/read
x3003c0s7b0n0:61974:61997 [1] NCCL INFO Channel 02/0 : 29[46000] -> 44[7000] [send] via NET/AWS Libfabric/3
x3004c0s31b0n0:32700:32723 [2] NCCL INFO Parsed MSCCL Algorithm /home/yuke/ncclPG/CCL-LYD/msccl_tools_lyd/examples/xml/xml_lyd/ring/allreduce_ring_node16_gpu64_mcl1_mck2_gan0.xml successfully.
x3004c0s31b0n0:32700:32723 [2] NCCL INFO Connected 1 MSCCL algorithms
x3004c0s31b0n0:32700:32723 [2] NCCL INFO threadThresholds 8/8/64 | 512/8/64 | 8/8/64 | 8/8/512
x3004c0s31b0n0:32700:32723 [2] NCCL INFO 4 coll channels, 4 p2p channels, 2 p2p channels per peer
x3004c0s19b1n0:25808:25835 [0] NCCL INFO Channel 02/0 : 37[46000] -> 40[7000] [receive] via NET/AWS Libfabric/3
x3002c0s37b1n0:43563:43586 [3] NCCL INFO Channel 01/0 : 11[c7000] -> 15[c7000] [receive] via NET/AWS Libfabric/1
x3002c0s7b1n0:32490:32516 [0] NCCL INFO Channel 03 : 20[7000] -> 21[46000] via P2P/IPC/read
x3004c0s19b0n0:51134:51158 [2] NCCL INFO Channel 01 : 38[85000] -> 39[c7000] via P2P/IPC/read
x3002c0s31b1n0:16777:16806 [0] NCCL INFO Channel 00/0 : 4[7000] -> 9[46000] [send] via NET/AWS Libfabric/3
x3004c0s1b0n0:6592:6615 [3] NCCL INFO Channel 03/0 : 39[c7000] -> 47[c7000] [receive] via NET/AWS Libfabric/1
x3002c0s31b0n0:49831:49855 [0] NCCL INFO Channel 00/0 : 32[7000] -> 0[7000] [receive] via NET/AWS Libfabric/3
x3004c0s25b0n0:29686:29712 [1] NCCL INFO Channel 02/0 : 56[7000] -> 53[46000] [receive] via NET/AWS Libfabric/3
x3004c0s19b0n0:51133:51159 [1] NCCL INFO Channel 01 : 37[46000] -> 38[85000] via P2P/IPC/read
x3002c0s37b0n0:49121:49144 [1] NCCL INFO Channel 02 : 9[46000] -> 10[85000] via P2P/IPC/read
x3002c0s37b0n0:49121:49144 [1] NCCL INFO Channel 03 : 9[46000] -> 10[85000] via P2P/IPC/read
x3004c0s19b1n0:25811:25832 [3] NCCL INFO Channel 03/0 : 38[85000] -> 43[c7000] [receive] via NET/AWS Libfabric/1
x3003c0s7b0n0:61976:61999 [3] NCCL INFO Channel 01/0 : 27[c7000] -> 31[c7000] [receive] via NET/AWS Libfabric/1
x3002c0s7b1n0:32493:32517 [3] NCCL INFO Channel 03/0 : 19[c7000] -> 23[c7000] [receive] via NET/AWS Libfabric/1
x3004c0s25b0n0:29688:29710 [3] NCCL INFO Channel 03/0 : 51[c7000] -> 55[c7000] [receive] via NET/AWS Libfabric/1
x3004c0s31b0n0:32701:32724 [3] NCCL INFO Channel 03/0 : 31[c7000] -> 63[c7000] [receive] via NET/AWS Libfabric/1
x3004c0s25b1n0:14479:14503 [2] NCCL INFO Channel 01/0 : 58[85000] -> 55[c7000] [send] via NET/AWS Libfabric/1
x3003c0s37b1n0:29664:29686 [2] NCCL INFO Channel 01/0 : 26[85000] -> 23[c7000] [send] via NET/AWS Libfabric/1
x3002c0s7b0n0:21313:21340 [0] NCCL INFO Channel 02/0 : 16[7000] -> 20[7000] [send] via NET/AWS Libfabric/3
x3002c0s31b0n0:49831:49855 [0] NCCL INFO Channel 00/0 : 0[7000] -> 32[7000] [send] via NET/AWS Libfabric/3
x3004c0s19b0n0:51134:51158 [2] NCCL INFO Channel 02 : 38[85000] -> 39[c7000] via P2P/IPC/read
x3004c0s19b0n0:51133:51159 [1] NCCL INFO Channel 02 : 37[46000] -> 38[85000] via P2P/IPC/read
x3004c0s19b0n0:51134:51158 [2] NCCL INFO Channel 03 : 38[85000] -> 39[c7000] via P2P/IPC/read
x3004c0s31b0n0:32701:32724 [3] NCCL INFO Channel 03/0 : 63[c7000] -> 31[c7000] [send] via NET/AWS Libfabric/1
x3004c0s25b0n0:29687:29711 [2] NCCL INFO Channel 03/0 : 59[c7000] -> 54[85000] [receive] via NET/AWS Libfabric/1
x3002c0s7b0n0:21315:21337 [2] NCCL INFO Channel 01/0 : 11[c7000] -> 18[85000] [receive] via NET/AWS Libfabric/1
x3002c0s7b1n0:32491:32515 [1] NCCL INFO Channel 00 : 21[46000] -> 22[85000] via P2P/IPC/read
x3002c0s7b1n0:32491:32515 [1] NCCL INFO Channel 01 : 21[46000] -> 22[85000] via P2P/IPC/read
x3002c0s7b1n0:32491:32515 [1] NCCL INFO Channel 02 : 21[46000] -> 22[85000] via P2P/IPC/read
x3002c0s7b1n0:32491:32515 [1] NCCL INFO Channel 03 : 21[46000] -> 22[85000] via P2P/IPC/read
x3004c0s1b1n0:9622:9649 [0] NCCL INFO Channel 00/0 : 48[7000] -> 56[7000] [send] via NET/AWS Libfabric/3
x3004c0s25b1n0:14480:14502 [3] NCCL INFO Channel 01/0 : 51[c7000] -> 59[c7000] [receive] via NET/AWS Libfabric/1
x3002c0s7b1n0:32492:32514 [2] NCCL INFO Channel 03/0 : 22[85000] -> 27[c7000] [send] via NET/AWS Libfabric/1
x3004c0s1b1n0:9625:9647 [3] NCCL INFO Channel 01/0 : 51[c7000] -> 59[c7000] [send] via NET/AWS Libfabric/1
x3002c0s37b0n0:49120:49147 [0] NCCL INFO Channel 02/0 : 5[46000] -> 8[7000] [receive] via NET/AWS Libfabric/3
x3002c0s37b0n0:49122:49145 [2] NCCL INFO Channel 01/0 : 7[c7000] -> 10[85000] [receive] via NET/AWS Libfabric/1
x3004c0s19b0n0:51135:51157 [3] NCCL INFO Channel 01/0 : 39[c7000] -> 42[85000] [send] via NET/AWS Libfabric/1
x3004c0s25b1n0:14477:14504 [0] NCCL INFO Channel 00/0 : 56[7000] -> 60[7000] [send] via NET/AWS Libfabric/3
x3002c0s7b0n0:21314:21338 [1] NCCL INFO Channel 00/0 : 8[7000] -> 17[46000] [receive] via NET/AWS Libfabric/3
x3004c0s19b0n0:51133:51159 [1] NCCL INFO Channel 03 : 37[46000] -> 38[85000] via P2P/IPC/read
x3002c0s37b0n0:49121:49144 [1] NCCL INFO Channel 00/0 : 4[7000] -> 9[46000] [receive] via NET/AWS Libfabric/3
x3002c0s37b0n0:49123:49146 [3] NCCL INFO Channel 03/0 : 6[85000] -> 11[c7000] [receive] via NET/AWS Libfabric/1
x3002c0s7b0n0:21316:21339 [3] NCCL INFO Channel 01/0 : 19[c7000] -> 27[c7000] [send] via NET/AWS Libfabric/1
x3004c0s25b0n0:29685:29713 [0] NCCL INFO Channel 00/0 : 52[7000] -> 57[46000] [send] via NET/AWS Libfabric/3
x3002c0s37b1n0:43563:43586 [3] NCCL INFO Channel 03/0 : 7[c7000] -> 15[c7000] [receive] via NET/AWS Libfabric/1
x3003c0s37b1n0:29665:29688 [3] NCCL INFO Channel 03/0 : 22[85000] -> 27[c7000] [receive] via NET/AWS Libfabric/1
x3002c0s7b1n0:32490:32516 [0] NCCL INFO Channel 02/0 : 16[7000] -> 20[7000] [receive] via NET/AWS Libfabric/3
x3002c0s7b1n0:32493:32517 [3] NCCL INFO Channel 03/0 : 14[85000] -> 23[c7000] [receive] via NET/AWS Libfabric/1
x3002c0s7b1n0:32491:32515 [1] NCCL INFO Channel 02/0 : 21[46000] -> 24[7000] [send] via NET/AWS Libfabric/3
x3004c0s19b0n0:51134:51158 [2] NCCL INFO Channel 03/0 : 38[85000] -> 43[c7000] [send] via NET/AWS Libfabric/1
x3004c0s25b0n0:29688:29710 [3] NCCL INFO Channel 03/0 : 46[85000] -> 55[c7000] [receive] via NET/AWS Libfabric/1
x3004c0s19b0n0:51135:51157 [3] NCCL INFO Channel 03/0 : 35[c7000] -> 39[c7000] [receive] via NET/AWS Libfabric/1
x3004c0s1b1n0:9625:9647 [3] NCCL INFO Channel 01/0 : 35[c7000] -> 51[c7000] [receive] via NET/AWS Libfabric/1
x3004c0s19b1n0:25810:25834 [2] NCCL INFO Channel 01/0 : 42[85000] -> 39[c7000] [send] via NET/AWS Libfabric/1
x3004c0s25b1n0:14477:14504 [0] NCCL INFO Channel 00/0 : 48[7000] -> 56[7000] [receive] via NET/AWS Libfabric/3
x3003c0s7b0n0:61976:61999 [3] NCCL INFO Channel 03/0 : 15[c7000] -> 31[c7000] [receive] via NET/AWS Libfabric/1
x3002c0s31b1n0:16777:16806 [0] NCCL INFO Channel 02/0 : 4[7000] -> 12[7000] [send] via NET/AWS Libfabric/3
x3002c0s31b1n0:16780:16802 [3] NCCL INFO Channel 03/0 : 3[c7000] -> 7[c7000] [receive] via NET/AWS Libfabric/1
x3004c0s19b0n0:51133:51159 [1] NCCL INFO Channel 02/0 : 37[46000] -> 40[7000] [send] via NET/AWS Libfabric/3
x3004c0s25b1n0:14478:14501 [1] NCCL INFO Channel 00/0 : 57[46000] -> 52[7000] [send] via NET/AWS Libfabric/3
x3004c0s25b0n0:29685:29713 [0] NCCL INFO Channel 02/0 : 45[46000] -> 52[7000] [receive] via NET/AWS Libfabric/3
x3004c0s19b0n0:51132:51156 [0] NCCL INFO Channel 02/0 : 32[7000] -> 36[7000] [receive] via NET/AWS Libfabric/3
x3004c0s19b1n0:25808:25835 [0] NCCL INFO Channel 00/0 : 40[7000] -> 44[7000] [send] via NET/AWS Libfabric/3
x3002c0s37b1n0:43562:43587 [2] NCCL INFO Channel 03/0 : 23[c7000] -> 14[85000] [receive] via NET/AWS Libfabric/1
x3002c0s7b1n0:32492:32514 [2] NCCL INFO Channel 03/0 : 27[c7000] -> 22[85000] [receive] via NET/AWS Libfabric/1
x3002c0s7b1n0:32491:32515 [1] NCCL INFO Channel 02/0 : 24[7000] -> 21[46000] [receive] via NET/AWS Libfabric/3
x3003c0s37b1n0:29662:29689 [0] NCCL INFO Channel 00/0 : 24[7000] -> 28[7000] [send] via NET/AWS Libfabric/3
x3004c0s31b0n0:32698:32725 [0] NCCL INFO Channel 02/0 : 28[7000] -> 60[7000] [receive] via NET/AWS Libfabric/3
x3002c0s37b0n0:49122:49145 [2] NCCL INFO Channel 01/0 : 10[85000] -> 7[c7000] [send] via NET/AWS Libfabric/1
x3004c0s25b1n0:14480:14502 [3] NCCL INFO Channel 01/0 : 59[c7000] -> 51[c7000] [send] via NET/AWS Libfabric/1
x3003c0s7b1n0:34252:34276 [3] NCCL INFO Channel 01/0 : 35[c7000] -> 51[c7000] [send] via NET/AWS Libfabric/1
x3002c0s7b0n0:21313:21340 [0] NCCL INFO Channel 00/0 : 16[7000] -> 24[7000] [send] via NET/AWS Libfabric/3
x3002c0s37b0n0:49121:49144 [1] NCCL INFO Channel 00/0 : 9[46000] -> 4[7000] [send] via NET/AWS Libfabric/3
x3002c0s31b0n0:49834:49856 [3] NCCL INFO Channel 01/0 : 35[c7000] -> 3[c7000] [receive] via NET/AWS Libfabric/1
x3004c0s19b0n0:51133:51159 [1] NCCL INFO Channel 02/0 : 40[7000] -> 37[46000] [receive] via NET/AWS Libfabric/3
x3002c0s31b1n0:16778:16801 [1] NCCL INFO Channel 02/0 : 8[7000] -> 5[46000] [receive] via NET/AWS Libfabric/3
x3004c0s19b1n0:25811:25832 [3] NCCL INFO Channel 01/0 : 43[c7000] -> 50[85000] [send] via NET/AWS Libfabric/1
x3004c0s31b0n0:32698:32725 [0] NCCL INFO Channel 02/0 : 60[7000] -> 28[7000] [send] via NET/AWS Libfabric/3
x3002c0s37b0n0:49120:49147 [0] NCCL INFO Channel 00/0 : 8[7000] -> 12[7000] [send] via NET/AWS Libfabric/3
x3002c0s31b1n0:16779:16803 [2] NCCL INFO Channel 03/0 : 11[c7000] -> 6[85000] [receive] via NET/AWS Libfabric/1
x3004c0s1b0n0:6590:6614 [1] NCCL INFO Channel 02/0 : 52[7000] -> 45[46000] [receive] via NET/AWS Libfabric/3
x3002c0s7b1n0:32493:32517 [3] NCCL INFO Channel 03/0 : 23[c7000] -> 14[85000] [send] via NET/AWS Libfabric/1
x3004c0s1b0n0:6591:6616 [2] NCCL INFO Channel 03/0 : 55[c7000] -> 46[85000] [receive] via NET/AWS Libfabric/1
x3004c0s19b0n0:51135:51157 [3] NCCL INFO Channel 03/0 : 39[c7000] -> 47[c7000] [send] via NET/AWS Libfabric/1
x3002c0s7b1n0:32490:32516 [0] NCCL INFO Channel 00/0 : 20[7000] -> 25[46000] [send] via NET/AWS Libfabric/3
x3003c0s37b1n0:29665:29688 [3] NCCL INFO Channel 01/0 : 19[c7000] -> 27[c7000] [receive] via NET/AWS Libfabric/1
x3004c0s1b0n0:6589:6613 [0] NCCL INFO Channel 02/0 : 36[7000] -> 44[7000] [receive] via NET/AWS Libfabric/3
x3002c0s37b0n0:49123:49146 [3] NCCL INFO Channel 01/0 : 11[c7000] -> 18[85000] [send] via NET/AWS Libfabric/1
x3004c0s1b1n0:9622:9649 [0] NCCL INFO Channel 00/0 : 32[7000] -> 48[7000] [receive] via NET/AWS Libfabric/3
x3004c0s19b0n0:51134:51158 [2] NCCL INFO Channel 03/0 : 43[c7000] -> 38[85000] [receive] via NET/AWS Libfabric/1
x3004c0s25b1n0:14477:14504 [0] NCCL INFO Channel 00/0 : 56[7000] -> 48[7000] [send] via NET/AWS Libfabric/3
x3002c0s37b0n0:49120:49147 [0] NCCL INFO Channel 00/0 : 8[7000] -> 17[46000] [send] via NET/AWS Libfabric/3
x3004c0s1b1n0:9625:9647 [3] NCCL INFO Channel 01/0 : 51[c7000] -> 35[c7000] [send] via NET/AWS Libfabric/1
x3002c0s37b1n0:43562:43587 [2] NCCL INFO Channel 00 : 14[85000] -> 13[46000] via P2P/IPC/read
x3003c0s7b0n0:61973:62000 [0] NCCL INFO Channel 02/0 : 12[7000] -> 28[7000] [receive] via NET/AWS Libfabric/3
x3002c0s31b1n0:16780:16802 [3] NCCL INFO Channel 03/0 : 7[c7000] -> 15[c7000] [send] via NET/AWS Libfabric/1
x3003c0s7b1n0:34249:34274 [0] NCCL INFO Channel 00/0 : 32[7000] -> 48[7000] [send] via NET/AWS Libfabric/3
x3004c0s25b0n0:29685:29713 [0] NCCL INFO Channel 02/0 : 52[7000] -> 45[46000] [send] via NET/AWS Libfabric/3
x3004c0s25b0n0:29688:29710 [3] NCCL INFO Channel 03/0 : 55[c7000] -> 46[85000] [send] via NET/AWS Libfabric/1
x3002c0s37b1n0:43560:43588 [0] NCCL INFO Channel 02/0 : 4[7000] -> 12[7000] [receive] via NET/AWS Libfabric/3
x3004c0s1b1n0:9624:9648 [2] NCCL INFO Channel 01/0 : 50[85000] -> 43[c7000] [send] via NET/AWS Libfabric/1
x3002c0s7b0n0:21316:21339 [3] NCCL INFO Channel 01/0 : 19[c7000] -> 34[85000] [send] via NET/AWS Libfabric/1
x3002c0s7b1n0:32493:32517 [3] NCCL INFO Channel 03/0 : 23[c7000] -> 19[c7000] [send] via NET/AWS Libfabric/1
x3004c0s19b0n0:51135:51157 [3] NCCL INFO Channel 03/0 : 47[c7000] -> 39[c7000] [receive] via NET/AWS Libfabric/1
x3004c0s19b1n0:25808:25835 [0] NCCL INFO Channel 00/0 : 40[7000] -> 49[46000] [send] via NET/AWS Libfabric/3
x3003c0s7b1n0:34252:34276 [3] NCCL INFO Channel 01/0 : 3[c7000] -> 35[c7000] [receive] via NET/AWS Libfabric/1
x3003c0s37b1n0:29662:29689 [0] NCCL INFO Channel 00/0 : 16[7000] -> 24[7000] [receive] via NET/AWS Libfabric/3
x3002c0s37b1n0:43562:43587 [2] NCCL INFO Channel 02 : 14[85000] -> 13[46000] via P2P/IPC/read
x3002c0s37b0n0:49123:49146 [3] NCCL INFO Channel 01/0 : 18[85000] -> 11[c7000] [receive] via NET/AWS Libfabric/1
x3003c0s37b1n0:29663:29687 [1] NCCL INFO Channel 00/0 : 25[46000] -> 20[7000] [send] via NET/AWS Libfabric/3
x3004c0s1b0n0:6592:6615 [3] NCCL INFO Channel 03/0 : 30[85000] -> 47[c7000] [receive] via NET/AWS Libfabric/1
x3004c0s1b0n0:6591:6616 [2] NCCL INFO Channel 00 : 46[85000] -> 45[46000] via P2P/IPC/read
x3002c0s31b0n0:49834:49856 [3] NCCL INFO Channel 01/0 : 3[c7000] -> 35[c7000] [send] via NET/AWS Libfabric/1
x3004c0s19b0n0:51132:51156 [0] NCCL INFO Channel 00/0 : 36[7000] -> 41[46000] [send] via NET/AWS Libfabric/3
x3002c0s7b0n0:21314:21338 [1] NCCL INFO Channel 00/0 : 17[46000] -> 8[7000] [send] via NET/AWS Libfabric/3
x3002c0s7b1n0:32490:32516 [0] NCCL INFO Channel 02/0 : 13[46000] -> 20[7000] [receive] via NET/AWS Libfabric/3
x3004c0s19b1n0:25808:25835 [0] NCCL INFO Channel 00/0 : 49[46000] -> 40[7000] [receive] via NET/AWS Libfabric/3
x3004c0s19b1n0:25811:25832 [3] NCCL INFO Channel 01/0 : 50[85000] -> 43[c7000] [receive] via NET/AWS Libfabric/1
x3002c0s31b1n0:16780:16802 [3] NCCL INFO Channel 03/0 : 15[c7000] -> 7[c7000] [receive] via NET/AWS Libfabric/1
x3003c0s7b1n0:34252:34276 [3] NCCL INFO Channel 01/0 : 35[c7000] -> 3[c7000] [send] via NET/AWS Libfabric/1
x3004c0s1b1n0:9623:9646 [1] NCCL INFO Channel 00/0 : 49[46000] -> 40[7000] [send] via NET/AWS Libfabric/3
x3002c0s7b0n0:21315:21337 [2] NCCL INFO Channel 01/0 : 18[85000] -> 11[c7000] [send] via NET/AWS Libfabric/1
x3004c0s25b0n0:29688:29710 [3] NCCL INFO Channel 03/0 : 55[c7000] -> 51[c7000] [send] via NET/AWS Libfabric/1
x3002c0s37b0n0:49120:49147 [0] NCCL INFO Channel 00/0 : 17[46000] -> 8[7000] [receive] via NET/AWS Libfabric/3
x3002c0s37b1n0:43563:43586 [3] NCCL INFO Channel 03/0 : 15[c7000] -> 31[c7000] [send] via NET/AWS Libfabric/1
x3004c0s1b1n0:9624:9648 [2] NCCL INFO Channel 00 : 50[85000] -> 49[46000] via P2P/IPC/read
x3004c0s1b0n0:6591:6616 [2] NCCL INFO Channel 02 : 46[85000] -> 45[46000] via P2P/IPC/read
x3002c0s7b0n0:21315:21337 [2] NCCL INFO Channel 00 : 18[85000] -> 17[46000] via P2P/IPC/read
x3004c0s19b0n0:51132:51156 [0] NCCL INFO Channel 02/0 : 36[7000] -> 44[7000] [send] via NET/AWS Libfabric/3
x3004c0s1b1n0:9622:9649 [0] NCCL INFO Channel 00/0 : 48[7000] -> 32[7000] [send] via NET/AWS Libfabric/3
x3003c0s7b1n0:34249:34274 [0] NCCL INFO Channel 00/0 : 0[7000] -> 32[7000] [receive] via NET/AWS Libfabric/3
x3004c0s1b0n0:6591:6616 [2] NCCL INFO Connected all trees
x3004c0s1b0n0:6591:6616 [2] NCCL INFO MSCCL: Parsing algorithm /home/yuke/ncclPG/CCL-LYD/msccl_tools_lyd/examples/xml/xml_lyd/ring/allreduce_ring_node16_gpu64_mcl1_mck2_gan0.xml
x3004c0s1b0n0:6590:6614 [1] NCCL INFO Connected all trees
x3004c0s1b0n0:6590:6614 [1] NCCL INFO MSCCL: Parsing algorithm /home/yuke/ncclPG/CCL-LYD/msccl_tools_lyd/examples/xml/xml_lyd/ring/allreduce_ring_node16_gpu64_mcl1_mck2_gan0.xml
x3003c0s37b1n0:29665:29688 [3] NCCL INFO Channel 01/0 : 27[c7000] -> 19[c7000] [send] via NET/AWS Libfabric/1
x3002c0s7b0n0:21316:21339 [3] NCCL INFO Channel 01/0 : 34[85000] -> 19[c7000] [receive] via NET/AWS Libfabric/1
x3004c0s1b0n0:6589:6613 [0] NCCL INFO Channel 02/0 : 29[46000] -> 44[7000] [receive] via NET/AWS Libfabric/3
x3002c0s37b1n0:43560:43588 [0] NCCL INFO Channel 02/0 : 12[7000] -> 28[7000] [send] via NET/AWS Libfabric/3
x3002c0s37b1n0:43561:43585 [1] NCCL INFO Channel 02/0 : 20[7000] -> 13[46000] [receive] via NET/AWS Libfabric/3
x3004c0s1b0n0:6590:6614 [1] NCCL INFO Parsed MSCCL Algorithm /home/yuke/ncclPG/CCL-LYD/msccl_tools_lyd/examples/xml/xml_lyd/ring/allreduce_ring_node16_gpu64_mcl1_mck2_gan0.xml successfully.
x3004c0s1b0n0:6590:6614 [1] NCCL INFO Connected 1 MSCCL algorithms
x3004c0s1b0n0:6590:6614 [1] NCCL INFO threadThresholds 8/8/64 | 512/8/64 | 8/8/64 | 8/8/512
x3004c0s1b0n0:6590:6614 [1] NCCL INFO 4 coll channels, 4 p2p channels, 2 p2p channels per peer
x3004c0s1b0n0:6591:6616 [2] NCCL INFO Parsed MSCCL Algorithm /home/yuke/ncclPG/CCL-LYD/msccl_tools_lyd/examples/xml/xml_lyd/ring/allreduce_ring_node16_gpu64_mcl1_mck2_gan0.xml successfully.
x3004c0s1b0n0:6591:6616 [2] NCCL INFO Connected 1 MSCCL algorithms
x3004c0s1b0n0:6591:6616 [2] NCCL INFO threadThresholds 8/8/64 | 512/8/64 | 8/8/64 | 8/8/512
x3004c0s1b0n0:6591:6616 [2] NCCL INFO 4 coll channels, 4 p2p channels, 2 p2p channels per peer
x3002c0s31b1n0:16777:16806 [0] NCCL INFO Channel 02/0 : 12[7000] -> 4[7000] [receive] via NET/AWS Libfabric/3
x3003c0s7b1n0:34251:34273 [2] NCCL INFO Channel 01/0 : 34[85000] -> 19[c7000] [send] via NET/AWS Libfabric/1
x3002c0s7b0n0:21315:21337 [2] NCCL INFO Channel 02 : 18[85000] -> 17[46000] via P2P/IPC/read
x3003c0s7b1n0:34249:34274 [0] NCCL INFO Channel 00/0 : 32[7000] -> 0[7000] [send] via NET/AWS Libfabric/3
x3004c0s1b1n0:9624:9648 [2] NCCL INFO Channel 02 : 50[85000] -> 49[46000] via P2P/IPC/read
x3004c0s25b0n0:29685:29713 [0] NCCL INFO Channel 00/0 : 57[46000] -> 52[7000] [receive] via NET/AWS Libfabric/3
x3002c0s7b0n0:21313:21340 [0] NCCL INFO Channel 00/0 : 16[7000] -> 33[46000] [send] via NET/AWS Libfabric/3
x3003c0s37b1n0:29662:29689 [0] NCCL INFO Channel 00/0 : 24[7000] -> 16[7000] [send] via NET/AWS Libfabric/3
x3003c0s7b1n0:34251:34273 [2] NCCL INFO Channel 00 : 34[85000] -> 33[46000] via P2P/IPC/read
x3002c0s7b1n0:32490:32516 [0] NCCL INFO Channel 02/0 : 20[7000] -> 13[46000] [send] via NET/AWS Libfabric/3
x3004c0s1b0n0:6592:6615 [3] NCCL INFO Channel 03/0 : 47[c7000] -> 30[85000] [send] via NET/AWS Libfabric/1
x3003c0s7b0n0:61976:61999 [3] NCCL INFO Channel 03/0 : 63[c7000] -> 31[c7000] [receive] via NET/AWS Libfabric/1
x3004c0s19b1n0:25811:25832 [3] NCCL INFO Channel 03/0 : 43[c7000] -> 38[85000] [send] via NET/AWS Libfabric/1
x3004c0s1b0n0:6589:6613 [0] NCCL INFO Channel 02/0 : 44[7000] -> 29[46000] [send] via NET/AWS Libfabric/3
x3003c0s7b1n0:34251:34273 [2] NCCL INFO Channel 02 : 34[85000] -> 33[46000] via P2P/IPC/read
x3002c0s37b1n0:43563:43586 [3] NCCL INFO Channel 03/0 : 31[c7000] -> 15[c7000] [receive] via NET/AWS Libfabric/1
x3002c0s7b0n0:21314:21338 [1] NCCL INFO Connected all trees
x3002c0s7b0n0:21314:21338 [1] NCCL INFO MSCCL: Parsing algorithm /home/yuke/ncclPG/CCL-LYD/msccl_tools_lyd/examples/xml/xml_lyd/ring/allreduce_ring_node16_gpu64_mcl1_mck2_gan0.xml
x3002c0s7b0n0:21315:21337 [2] NCCL INFO Connected all trees
x3002c0s7b0n0:21315:21337 [2] NCCL INFO MSCCL: Parsing algorithm /home/yuke/ncclPG/CCL-LYD/msccl_tools_lyd/examples/xml/xml_lyd/ring/allreduce_ring_node16_gpu64_mcl1_mck2_gan0.xml
x3002c0s7b0n0:21313:21340 [0] NCCL INFO Channel 00/0 : 33[46000] -> 16[7000] [receive] via NET/AWS Libfabric/3
x3002c0s37b1n0:43560:43588 [0] NCCL INFO Channel 02/0 : 28[7000] -> 12[7000] [receive] via NET/AWS Libfabric/3
x3002c0s7b0n0:21316:21339 [3] NCCL INFO Channel 01/0 : 27[c7000] -> 19[c7000] [receive] via NET/AWS Libfabric/1
x3004c0s19b1n0:25809:25833 [1] NCCL INFO Channel 00/0 : 41[46000] -> 36[7000] [send] via NET/AWS Libfabric/3
x3003c0s7b0n0:61973:62000 [0] NCCL INFO Channel 02/0 : 60[7000] -> 28[7000] [receive] via NET/AWS Libfabric/3
x3003c0s7b0n0:61975:61998 [2] NCCL INFO Channel 03/0 : 47[c7000] -> 30[85000] [receive] via NET/AWS Libfabric/1
x3002c0s37b0n0:49123:49146 [3] NCCL INFO Channel 03/0 : 11[c7000] -> 6[85000] [send] via NET/AWS Libfabric/1
x3003c0s7b1n0:34252:34276 [3] NCCL INFO Channel 01/0 : 51[c7000] -> 35[c7000] [receive] via NET/AWS Libfabric/1
x3004c0s1b1n0:9624:9648 [2] NCCL INFO Connected all trees
x3004c0s1b1n0:9624:9648 [2] NCCL INFO MSCCL: Parsing algorithm /home/yuke/ncclPG/CCL-LYD/msccl_tools_lyd/examples/xml/xml_lyd/ring/allreduce_ring_node16_gpu64_mcl1_mck2_gan0.xml
x3004c0s1b1n0:9623:9646 [1] NCCL INFO Connected all trees
x3004c0s1b1n0:9623:9646 [1] NCCL INFO MSCCL: Parsing algorithm /home/yuke/ncclPG/CCL-LYD/msccl_tools_lyd/examples/xml/xml_lyd/ring/allreduce_ring_node16_gpu64_mcl1_mck2_gan0.xml
x3004c0s19b0n0:51134:51158 [2] NCCL INFO Channel 00 : 38[85000] -> 37[46000] via P2P/IPC/read
x3004c0s19b0n0:51132:51156 [0] NCCL INFO Channel 02/0 : 44[7000] -> 36[7000] [receive] via NET/AWS Libfabric/3
x3002c0s7b0n0:21315:21337 [2] NCCL INFO Parsed MSCCL Algorithm /home/yuke/ncclPG/CCL-LYD/msccl_tools_lyd/examples/xml/xml_lyd/ring/allreduce_ring_node16_gpu64_mcl1_mck2_gan0.xml successfully.
x3003c0s7b1n0:34250:34275 [1] NCCL INFO Channel 00/0 : 33[46000] -> 16[7000] [send] via NET/AWS Libfabric/3
x3002c0s7b0n0:21315:21337 [2] NCCL INFO Connected 1 MSCCL algorithms
x3002c0s7b0n0:21315:21337 [2] NCCL INFO threadThresholds 8/8/64 | 512/8/64 | 8/8/64 | 8/8/512
x3002c0s7b0n0:21315:21337 [2] NCCL INFO 4 coll channels, 4 p2p channels, 2 p2p channels per peer
x3002c0s7b0n0:21314:21338 [1] NCCL INFO Parsed MSCCL Algorithm /home/yuke/ncclPG/CCL-LYD/msccl_tools_lyd/examples/xml/xml_lyd/ring/allreduce_ring_node16_gpu64_mcl1_mck2_gan0.xml successfully.
x3002c0s7b0n0:21314:21338 [1] NCCL INFO Connected 1 MSCCL algorithms
x3002c0s7b0n0:21314:21338 [1] NCCL INFO threadThresholds 8/8/64 | 512/8/64 | 8/8/64 | 8/8/512
x3002c0s31b0n0:49834:49856 [3] NCCL INFO Channel 03/0 : 7[c7000] -> 3[c7000] [receive] via NET/AWS Libfabric/1
x3003c0s7b0n0:61974:61997 [1] NCCL INFO Channel 02/0 : 44[7000] -> 29[46000] [receive] via NET/AWS Libfabric/3
x3004c0s19b1n0:25808:25835 [0] NCCL INFO Channel 00/0 : 44[7000] -> 40[7000] [receive] via NET/AWS Libfabric/3
x3002c0s7b0n0:21314:21338 [1] NCCL INFO 4 coll channels, 4 p2p channels, 2 p2p channels per peer
x3002c0s37b0n0:49123:49146 [3] NCCL INFO Channel 01/0 : 15[c7000] -> 11[c7000] [receive] via NET/AWS Libfabric/1
x3004c0s1b1n0:9623:9646 [1] NCCL INFO Parsed MSCCL Algorithm /home/yuke/ncclPG/CCL-LYD/msccl_tools_lyd/examples/xml/xml_lyd/ring/allreduce_ring_node16_gpu64_mcl1_mck2_gan0.xml successfully.
x3004c0s19b1n0:25811:25832 [3] NCCL INFO Channel 01/0 : 47[c7000] -> 43[c7000] [receive] via NET/AWS Libfabric/1
x3003c0s7b0n0:61973:62000 [0] NCCL INFO Channel 02/0 : 28[7000] -> 60[7000] [send] via NET/AWS Libfabric/3
x3003c0s7b0n0:61975:61998 [2] NCCL INFO Channel 00 : 30[85000] -> 29[46000] via P2P/IPC/read
x3004c0s1b1n0:9623:9646 [1] NCCL INFO Connected 1 MSCCL algorithms
x3003c0s7b1n0:34251:34273 [2] NCCL INFO Connected all trees
x3003c0s7b1n0:34251:34273 [2] NCCL INFO MSCCL: Parsing algorithm /home/yuke/ncclPG/CCL-LYD/msccl_tools_lyd/examples/xml/xml_lyd/ring/allreduce_ring_node16_gpu64_mcl1_mck2_gan0.xml
x3003c0s7b1n0:34250:34275 [1] NCCL INFO Connected all trees
x3003c0s7b1n0:34250:34275 [1] NCCL INFO MSCCL: Parsing algorithm /home/yuke/ncclPG/CCL-LYD/msccl_tools_lyd/examples/xml/xml_lyd/ring/allreduce_ring_node16_gpu64_mcl1_mck2_gan0.xml
x3002c0s31b1n0:16779:16803 [2] NCCL INFO Channel 00 : 6[85000] -> 5[46000] via P2P/IPC/read
x3004c0s19b0n0:51134:51158 [2] NCCL INFO Channel 02 : 38[85000] -> 37[46000] via P2P/IPC/read
x3003c0s7b0n0:61976:61999 [3] NCCL INFO Channel 03/0 : 31[c7000] -> 63[c7000] [send] via NET/AWS Libfabric/1
x3004c0s1b1n0:9623:9646 [1] NCCL INFO threadThresholds 8/8/64 | 512/8/64 | 8/8/64 | 8/8/512
x3004c0s1b1n0:9623:9646 [1] NCCL INFO 4 coll channels, 4 p2p channels, 2 p2p channels per peer
x3004c0s1b1n0:9624:9648 [2] NCCL INFO Parsed MSCCL Algorithm /home/yuke/ncclPG/CCL-LYD/msccl_tools_lyd/examples/xml/xml_lyd/ring/allreduce_ring_node16_gpu64_mcl1_mck2_gan0.xml successfully.
x3004c0s1b1n0:9624:9648 [2] NCCL INFO Connected 1 MSCCL algorithms
x3004c0s1b1n0:9624:9648 [2] NCCL INFO threadThresholds 8/8/64 | 512/8/64 | 8/8/64 | 8/8/512
x3004c0s1b1n0:9624:9648 [2] NCCL INFO 4 coll channels, 4 p2p channels, 2 p2p channels per peer
x3002c0s37b0n0:49120:49147 [0] NCCL INFO Channel 00/0 : 12[7000] -> 8[7000] [receive] via NET/AWS Libfabric/3
x3003c0s7b0n0:61975:61998 [2] NCCL INFO Channel 02 : 30[85000] -> 29[46000] via P2P/IPC/read
x3003c0s7b1n0:34250:34275 [1] NCCL INFO Parsed MSCCL Algorithm /home/yuke/ncclPG/CCL-LYD/msccl_tools_lyd/examples/xml/xml_lyd/ring/allreduce_ring_node16_gpu64_mcl1_mck2_gan0.xml successfully.
x3003c0s7b1n0:34250:34275 [1] NCCL INFO Connected 1 MSCCL algorithms
x3003c0s7b1n0:34250:34275 [1] NCCL INFO threadThresholds 8/8/64 | 512/8/64 | 8/8/64 | 8/8/512
x3003c0s7b1n0:34250:34275 [1] NCCL INFO 4 coll channels, 4 p2p channels, 2 p2p channels per peer
x3003c0s7b1n0:34251:34273 [2] NCCL INFO Parsed MSCCL Algorithm /home/yuke/ncclPG/CCL-LYD/msccl_tools_lyd/examples/xml/xml_lyd/ring/allreduce_ring_node16_gpu64_mcl1_mck2_gan0.xml successfully.
x3003c0s7b1n0:34251:34273 [2] NCCL INFO Connected 1 MSCCL algorithms
x3003c0s7b1n0:34251:34273 [2] NCCL INFO threadThresholds 8/8/64 | 512/8/64 | 8/8/64 | 8/8/512
x3003c0s7b1n0:34251:34273 [2] NCCL INFO 4 coll channels, 4 p2p channels, 2 p2p channels per peer
x3003c0s7b1n0:34249:34274 [0] NCCL INFO Channel 00/0 : 48[7000] -> 32[7000] [receive] via NET/AWS Libfabric/3
x3003c0s37b1n0:29665:29688 [3] NCCL INFO Channel 03/0 : 27[c7000] -> 22[85000] [send] via NET/AWS Libfabric/1
x3002c0s7b1n0:32490:32516 [0] NCCL INFO Channel 00/0 : 25[46000] -> 20[7000] [receive] via NET/AWS Libfabric/3
x3004c0s1b0n0:6592:6615 [3] NCCL INFO Channel 03/0 : 47[c7000] -> 39[c7000] [send] via NET/AWS Libfabric/1
x3004c0s25b0n0:29685:29713 [0] NCCL INFO Channel 02/0 : 52[7000] -> 48[7000] [send] via NET/AWS Libfabric/3
x3002c0s31b0n0:49831:49855 [0] NCCL INFO Channel 02/0 : 4[7000] -> 0[7000] [receive] via NET/AWS Libfabric/3
x3002c0s7b0n0:21316:21339 [3] NCCL INFO Channel 03/0 : 23[c7000] -> 19[c7000] [receive] via NET/AWS Libfabric/1
x3002c0s31b1n0:16779:16803 [2] NCCL INFO Channel 02 : 6[85000] -> 5[46000] via P2P/IPC/read
x3004c0s1b1n0:9625:9647 [3] NCCL INFO Channel 01/0 : 59[c7000] -> 51[c7000] [receive] via NET/AWS Libfabric/1
x3002c0s37b1n0:43561:43585 [1] NCCL INFO Connected all trees
x3002c0s37b1n0:43561:43585 [1] NCCL INFO MSCCL: Parsing algorithm /home/yuke/ncclPG/CCL-LYD/msccl_tools_lyd/examples/xml/xml_lyd/ring/allreduce_ring_node16_gpu64_mcl1_mck2_gan0.xml
x3002c0s37b1n0:43562:43587 [2] NCCL INFO Connected all trees
x3002c0s37b1n0:43562:43587 [2] NCCL INFO MSCCL: Parsing algorithm /home/yuke/ncclPG/CCL-LYD/msccl_tools_lyd/examples/xml/xml_lyd/ring/allreduce_ring_node16_gpu64_mcl1_mck2_gan0.xml
x3004c0s1b0n0:6589:6613 [0] NCCL INFO Channel 02/0 : 44[7000] -> 36[7000] [send] via NET/AWS Libfabric/3
x3002c0s7b1n0:32492:32514 [2] NCCL INFO Channel 00 : 22[85000] -> 21[46000] via P2P/IPC/read
x3003c0s7b1n0:34252:34276 [3] NCCL INFO Channel 03/0 : 39[c7000] -> 35[c7000] [receive] via NET/AWS Libfabric/1
x3004c0s19b0n0:51135:51157 [3] NCCL INFO Channel 03/0 : 39[c7000] -> 35[c7000] [send] via NET/AWS Libfabric/1
x3003c0s7b0n0:61975:61998 [2] NCCL INFO Connected all trees
x3003c0s7b0n0:61974:61997 [1] NCCL INFO Connected all trees
x3003c0s7b0n0:61974:61997 [1] NCCL INFO MSCCL: Parsing algorithm /home/yuke/ncclPG/CCL-LYD/msccl_tools_lyd/examples/xml/xml_lyd/ring/allreduce_ring_node16_gpu64_mcl1_mck2_gan0.xml
x3002c0s37b1n0:43561:43585 [1] NCCL INFO Parsed MSCCL Algorithm /home/yuke/ncclPG/CCL-LYD/msccl_tools_lyd/examples/xml/xml_lyd/ring/allreduce_ring_node16_gpu64_mcl1_mck2_gan0.xml successfully.
x3002c0s37b1n0:43561:43585 [1] NCCL INFO Connected 1 MSCCL algorithms
x3002c0s37b1n0:43561:43585 [1] NCCL INFO threadThresholds 8/8/64 | 512/8/64 | 8/8/64 | 8/8/512
x3002c0s37b1n0:43561:43585 [1] NCCL INFO 4 coll channels, 4 p2p channels, 2 p2p channels per peer
x3003c0s7b0n0:61975:61998 [2] NCCL INFO MSCCL: Parsing algorithm /home/yuke/ncclPG/CCL-LYD/msccl_tools_lyd/examples/xml/xml_lyd/ring/allreduce_ring_node16_gpu64_mcl1_mck2_gan0.xml
x3002c0s37b1n0:43562:43587 [2] NCCL INFO Parsed MSCCL Algorithm /home/yuke/ncclPG/CCL-LYD/msccl_tools_lyd/examples/xml/xml_lyd/ring/allreduce_ring_node16_gpu64_mcl1_mck2_gan0.xml successfully.
x3002c0s37b1n0:43562:43587 [2] NCCL INFO Connected 1 MSCCL algorithms
x3002c0s37b1n0:43562:43587 [2] NCCL INFO threadThresholds 8/8/64 | 512/8/64 | 8/8/64 | 8/8/512
x3002c0s37b1n0:43562:43587 [2] NCCL INFO 4 coll channels, 4 p2p channels, 2 p2p channels per peer
x3002c0s7b0n0:21313:21340 [0] NCCL INFO Channel 00/0 : 24[7000] -> 16[7000] [receive] via NET/AWS Libfabric/3
x3003c0s7b0n0:61973:62000 [0] NCCL INFO Channel 02/0 : 28[7000] -> 12[7000] [send] via NET/AWS Libfabric/3
x3003c0s7b1n0:34252:34276 [3] NCCL INFO Connected all trees
x3003c0s7b1n0:34252:34276 [3] NCCL INFO MSCCL: Parsing algorithm /home/yuke/ncclPG/CCL-LYD/msccl_tools_lyd/examples/xml/xml_lyd/ring/allreduce_ring_node16_gpu64_mcl1_mck2_gan0.xml
x3002c0s7b1n0:32492:32514 [2] NCCL INFO Channel 02 : 22[85000] -> 21[46000] via P2P/IPC/read
x3004c0s1b0n0:6589:6613 [0] NCCL INFO Channel 00/0 : 44[7000] -> 40[7000] [send] via NET/AWS Libfabric/3
x3003c0s7b0n0:61974:61997 [1] NCCL INFO Parsed MSCCL Algorithm /home/yuke/ncclPG/CCL-LYD/msccl_tools_lyd/examples/xml/xml_lyd/ring/allreduce_ring_node16_gpu64_mcl1_mck2_gan0.xml successfully.
x3003c0s7b0n0:61974:61997 [1] NCCL INFO Connected 1 MSCCL algorithms
x3003c0s7b0n0:61974:61997 [1] NCCL INFO threadThresholds 8/8/64 | 512/8/64 | 8/8/64 | 8/8/512
x3003c0s7b0n0:61974:61997 [1] NCCL INFO 4 coll channels, 4 p2p channels, 2 p2p channels per peer
x3003c0s7b0n0:61975:61998 [2] NCCL INFO Parsed MSCCL Algorithm /home/yuke/ncclPG/CCL-LYD/msccl_tools_lyd/examples/xml/xml_lyd/ring/allreduce_ring_node16_gpu64_mcl1_mck2_gan0.xml successfully.
x3003c0s7b0n0:61975:61998 [2] NCCL INFO Connected 1 MSCCL algorithms
x3003c0s7b0n0:61975:61998 [2] NCCL INFO threadThresholds 8/8/64 | 512/8/64 | 8/8/64 | 8/8/512
x3003c0s7b0n0:61975:61998 [2] NCCL INFO 4 coll channels, 4 p2p channels, 2 p2p channels per peer
x3004c0s1b0n0:6592:6615 [3] NCCL INFO Channel 01/0 : 47[c7000] -> 43[c7000] [send] via NET/AWS Libfabric/1
x3004c0s1b1n0:9622:9649 [0] NCCL INFO Channel 00/0 : 56[7000] -> 48[7000] [receive] via NET/AWS Libfabric/3
x3004c0s1b0n0:6589:6613 [0] NCCL INFO Connected all trees
x3004c0s1b0n0:6589:6613 [0] NCCL INFO MSCCL: Parsing algorithm /home/yuke/ncclPG/CCL-LYD/msccl_tools_lyd/examples/xml/xml_lyd/ring/allreduce_ring_node16_gpu64_mcl1_mck2_gan0.xml
x3004c0s31b0n0:32698:32725 [0] NCCL INFO Channel 00/0 : 60[7000] -> 56[7000] [send] via NET/AWS Libfabric/3
x3003c0s7b1n0:34252:34276 [3] NCCL INFO Parsed MSCCL Algorithm /home/yuke/ncclPG/CCL-LYD/msccl_tools_lyd/examples/xml/xml_lyd/ring/allreduce_ring_node16_gpu64_mcl1_mck2_gan0.xml successfully.
x3003c0s7b1n0:34252:34276 [3] NCCL INFO Connected 1 MSCCL algorithms
x3003c0s7b1n0:34252:34276 [3] NCCL INFO threadThresholds 8/8/64 | 512/8/64 | 8/8/64 | 8/8/512
x3003c0s7b1n0:34252:34276 [3] NCCL INFO 4 coll channels, 4 p2p channels, 2 p2p channels per peer
x3002c0s7b0n0:21316:21339 [3] NCCL INFO Connected all trees
