x3201c0s31b0n0:23837:23858 [3] NCCL INFO Connected all rings
x3104c0s31b0n0:36609:36632 [2] NCCL INFO Channel 02 : 2[85000] -> 1[46000] via P2P/IPC/read
x3201c0s25b1n0:4593:4621 [0] NCCL INFO Channel 02 : 52[7000] -> 53[46000] via P2P/IPC/read
x3201c0s25b0n0:15814:15838 [3] NCCL INFO Channel 02 : 51[c7000] -> 50[85000] via P2P/IPC/read
x3201c0s13b1n0:61125:61150 [0] NCCL INFO Channel 03 : 28[7000] -> 29[46000] via P2P/IPC/read
x3201c0s31b1n0:34496:34524 [1] NCCL INFO Channel 00 : 61[46000] -> 62[85000] via P2P/IPC/read
x3201c0s31b1n0:34496:34524 [1] NCCL INFO Channel 01 : 61[46000] -> 62[85000] via P2P/IPC/read
x3201c0s31b1n0:34496:34524 [1] NCCL INFO Channel 02 : 61[46000] -> 62[85000] via P2P/IPC/read
x3201c0s31b1n0:34496:34524 [1] NCCL INFO Channel 03 : 61[46000] -> 62[85000] via P2P/IPC/read
x3104c0s31b0n0:36610:36631 [3] NCCL INFO Channel 03/0 : 3[c7000] -> 7[c7000] [send] via NET/AWS Libfabric/1
x3111c0s1b0n0:8645:8671 [2] NCCL INFO Channel 00 : 14[85000] -> 15[c7000] via P2P/IPC/read
x3111c0s1b0n0:8645:8671 [2] NCCL INFO Channel 01 : 14[85000] -> 15[c7000] via P2P/IPC/read
x3201c0s19b0n0:1053:1079 [0] NCCL INFO Channel 01 : 32[7000] -> 33[46000] via P2P/IPC/read
x3111c0s1b0n0:8645:8671 [2] NCCL INFO Channel 02 : 14[85000] -> 15[c7000] via P2P/IPC/read
x3201c0s25b1n0:4594:4624 [1] NCCL INFO Channel 00 : 53[46000] -> 54[85000] via P2P/IPC/read
x3201c0s25b1n0:4594:4624 [1] NCCL INFO Channel 01 : 53[46000] -> 54[85000] via P2P/IPC/read
x3201c0s25b1n0:4594:4624 [1] NCCL INFO Channel 02 : 53[46000] -> 54[85000] via P2P/IPC/read
x3111c0s1b0n0:8645:8671 [2] NCCL INFO Channel 03 : 14[85000] -> 15[c7000] via P2P/IPC/read
x3201c0s25b1n0:4594:4624 [1] NCCL INFO Channel 03 : 53[46000] -> 54[85000] via P2P/IPC/read
x3111c0s25b0n0:30955:30979 [3] NCCL INFO Channel 02 : 23[c7000] -> 22[85000] via P2P/IPC/read
x3105c0s25b0n0:38334:38354 [3] NCCL INFO Channel 03 : 11[c7000] -> 10[85000] via P2P/IPC/read
x3201c0s19b0n0:1053:1079 [0] NCCL INFO Channel 02 : 32[7000] -> 33[46000] via P2P/IPC/read
x3201c0s19b0n0:1053:1079 [0] NCCL INFO Channel 03 : 32[7000] -> 33[46000] via P2P/IPC/read
x3201c0s1b0n0:9150:9170 [2] NCCL INFO Channel 01 : 42[85000] -> 43[c7000] via P2P/IPC/read
x3201c0s1b0n0:9150:9170 [2] NCCL INFO Channel 02 : 42[85000] -> 43[c7000] via P2P/IPC/read
x3201c0s1b0n0:9150:9170 [2] NCCL INFO Channel 03 : 42[85000] -> 43[c7000] via P2P/IPC/read
x3201c0s13b1n0:61127:61151 [1] NCCL INFO Channel 00 : 29[46000] -> 30[85000] via P2P/IPC/read
x3201c0s13b0n0:22160:22189 [0] NCCL INFO Channel 03 : 24[7000] -> 25[46000] via P2P/IPC/read
x3201c0s1b0n0:9146:9171 [0] NCCL INFO Channel 03 : 40[7000] -> 41[46000] via P2P/IPC/read
x3201c0s25b0n0:15811:15837 [0] NCCL INFO Channel 03 : 48[7000] -> 49[46000] via P2P/IPC/read
x3104c0s31b0n0:36607:36630 [0] NCCL INFO Channel 02/0 : 0[7000] -> 4[7000] [send] via NET/AWS Libfabric/3
x3201c0s13b1n0:61129:61152 [2] NCCL INFO Channel 00 : 30[85000] -> 31[c7000] via P2P/IPC/read
x3105c0s25b0n0:38333:38353 [2] NCCL INFO Connected all rings
x3201c0s13b1n0:61129:61152 [2] NCCL INFO Channel 01 : 30[85000] -> 31[c7000] via P2P/IPC/read
x3105c0s25b0n0:38334:38354 [3] NCCL INFO Connected all rings
x3201c0s13b1n0:61129:61152 [2] NCCL INFO Channel 02 : 30[85000] -> 31[c7000] via P2P/IPC/read
x3201c0s13b1n0:61129:61152 [2] NCCL INFO Channel 03 : 30[85000] -> 31[c7000] via P2P/IPC/read
x3201c0s31b1n0:34497:34522 [2] NCCL INFO Channel 00 : 62[85000] -> 63[c7000] via P2P/IPC/read
x3201c0s31b1n0:34497:34522 [2] NCCL INFO Channel 01 : 62[85000] -> 63[c7000] via P2P/IPC/read
x3104c0s31b1n0:55445:55469 [0] NCCL INFO Channel 01 : 4[7000] -> 5[46000] via P2P/IPC/read
x3201c0s31b1n0:34497:34522 [2] NCCL INFO Channel 02 : 62[85000] -> 63[c7000] via P2P/IPC/read
x3201c0s31b1n0:34497:34522 [2] NCCL INFO Channel 03 : 62[85000] -> 63[c7000] via P2P/IPC/read
x3201c0s1b1n0:2904:2927 [2] NCCL INFO Connected all rings
x3201c0s1b1n0:2905:2930 [3] NCCL INFO Connected all rings
x3201c0s25b1n0:4593:4621 [0] NCCL INFO Channel 03 : 52[7000] -> 53[46000] via P2P/IPC/read
x3111c0s25b0n0:30950:30980 [0] NCCL INFO Channel 02 : 20[7000] -> 21[46000] via P2P/IPC/read
x3111c0s1b1n0:52063:52088 [2] NCCL INFO Channel 00 : 18[85000] -> 19[c7000] via P2P/IPC/read
x3111c0s1b1n0:52063:52088 [2] NCCL INFO Channel 01 : 18[85000] -> 19[c7000] via P2P/IPC/read
x3111c0s1b1n0:52063:52088 [2] NCCL INFO Channel 02 : 18[85000] -> 19[c7000] via P2P/IPC/read
x3111c0s1b1n0:52063:52088 [2] NCCL INFO Channel 03 : 18[85000] -> 19[c7000] via P2P/IPC/read
x3111c0s25b0n0:30950:30980 [0] NCCL INFO Channel 03 : 20[7000] -> 21[46000] via P2P/IPC/read
x3201c0s31b1n0:34497:34522 [2] NCCL INFO Channel 00 : 62[85000] -> 61[46000] via P2P/IPC/read
x3201c0s31b1n0:34497:34522 [2] NCCL INFO Channel 02 : 62[85000] -> 61[46000] via P2P/IPC/read
x3111c0s25b0n0:30952:30978 [1] NCCL INFO Channel 00 : 21[46000] -> 22[85000] via P2P/IPC/read
x3111c0s25b0n0:30952:30978 [1] NCCL INFO Channel 01 : 21[46000] -> 22[85000] via P2P/IPC/read
x3111c0s25b0n0:30952:30978 [1] NCCL INFO Channel 02 : 21[46000] -> 22[85000] via P2P/IPC/read
x3111c0s25b0n0:30952:30978 [1] NCCL INFO Channel 03 : 21[46000] -> 22[85000] via P2P/IPC/read
x3111c0s1b1n0:52059:52087 [0] NCCL INFO Connected all rings
x3111c0s1b1n0:52059:52087 [0] NCCL INFO Channel 00 : 16[7000] -> 17[46000] via P2P/IPC/read
x3104c0s31b0n0:36609:36632 [2] NCCL INFO Connected all trees
x3104c0s31b0n0:36609:36632 [2] NCCL INFO MSCCL: Parsing algorithm /home/yuke/ncclPG/CCL-LYD/msccl_tools_lyd/examples/xml/xml_lyd/ring/allreduce_ring_node16_gpu64_mcl1_mck1_gan0.xml
x3104c0s31b0n0:36608:36633 [1] NCCL INFO Connected all trees
x3104c0s31b0n0:36608:36633 [1] NCCL INFO MSCCL: Parsing algorithm /home/yuke/ncclPG/CCL-LYD/msccl_tools_lyd/examples/xml/xml_lyd/ring/allreduce_ring_node16_gpu64_mcl1_mck1_gan0.xml
x3111c0s1b1n0:52061:52086 [1] NCCL INFO Connected all rings
x3201c0s13b0n0:22164:22187 [2] NCCL INFO Channel 00 : 26[85000] -> 27[c7000] via P2P/IPC/read
x3201c0s13b0n0:22164:22187 [2] NCCL INFO Channel 01 : 26[85000] -> 27[c7000] via P2P/IPC/read
x3201c0s13b0n0:22164:22187 [2] NCCL INFO Channel 02 : 26[85000] -> 27[c7000] via P2P/IPC/read
x3201c0s13b0n0:22164:22187 [2] NCCL INFO Channel 03 : 26[85000] -> 27[c7000] via P2P/IPC/read
x3201c0s25b0n0:15814:15838 [3] NCCL INFO Channel 03 : 51[c7000] -> 50[85000] via P2P/IPC/read
x3201c0s31b1n0:34494:34525 [0] NCCL INFO Channel 00/0 : 56[7000] -> 60[7000] [receive] via NET/AWS Libfabric/3
x3201c0s25b1n0:4595:4623 [2] NCCL INFO Channel 03/0 : 54[85000] -> 59[c7000] [send] via NET/AWS Libfabric/1
x3111c0s1b0n0:8647:8669 [3] NCCL INFO Channel 01/0 : 11[c7000] -> 15[c7000] [receive] via NET/AWS Libfabric/1
x3104c0s31b1n0:55445:55469 [0] NCCL INFO Channel 02 : 4[7000] -> 5[46000] via P2P/IPC/read
x3111c0s25b0n0:30955:30979 [3] NCCL INFO Channel 03 : 23[c7000] -> 22[85000] via P2P/IPC/read
x3201c0s19b0n0:1055:1081 [2] NCCL INFO Channel 00 : 34[85000] -> 35[c7000] via P2P/IPC/read
x3201c0s19b0n0:1055:1081 [2] NCCL INFO Channel 01 : 34[85000] -> 35[c7000] via P2P/IPC/read
x3201c0s19b0n0:1055:1081 [2] NCCL INFO Channel 02 : 34[85000] -> 35[c7000] via P2P/IPC/read
x3201c0s19b0n0:1055:1081 [2] NCCL INFO Channel 03 : 34[85000] -> 35[c7000] via P2P/IPC/read
x3201c0s19b1n0:2720:2745 [1] NCCL INFO Channel 00 : 37[46000] -> 38[85000] via P2P/IPC/read
x3201c0s19b1n0:2720:2745 [1] NCCL INFO Channel 01 : 37[46000] -> 38[85000] via P2P/IPC/read
x3201c0s19b1n0:2720:2745 [1] NCCL INFO Channel 02 : 37[46000] -> 38[85000] via P2P/IPC/read
x3201c0s19b1n0:2720:2745 [1] NCCL INFO Channel 03 : 37[46000] -> 38[85000] via P2P/IPC/read
x3201c0s1b1n0:2902:2928 [0] NCCL INFO Connected all rings
x3201c0s1b1n0:2902:2928 [0] NCCL INFO Channel 00 : 44[7000] -> 45[46000] via P2P/IPC/read
x3201c0s1b1n0:2903:2929 [1] NCCL INFO Connected all rings
x3201c0s13b1n0:61127:61151 [1] NCCL INFO Channel 01 : 29[46000] -> 30[85000] via P2P/IPC/read
x3104c0s31b1n0:55445:55469 [0] NCCL INFO Channel 03 : 4[7000] -> 5[46000] via P2P/IPC/read
x3111c0s1b0n0:8645:8671 [2] NCCL INFO Channel 03/0 : 14[85000] -> 23[c7000] [send] via NET/AWS Libfabric/1
x3111c0s1b0n0:8644:8668 [1] NCCL INFO Channel 02/0 : 13[46000] -> 20[7000] [send] via NET/AWS Libfabric/3
x3201c0s1b0n0:9152:9172 [3] NCCL INFO Channel 01/0 : 43[c7000] -> 47[c7000] [send] via NET/AWS Libfabric/1
x3201c0s19b1n0:2721:2746 [2] NCCL INFO Channel 00 : 38[85000] -> 39[c7000] via P2P/IPC/read
x3105c0s25b0n0:38329:38355 [0] NCCL INFO Channel 02/0 : 5[46000] -> 8[7000] [receive] via NET/AWS Libfabric/3
x3201c0s25b0n0:15813:15836 [2] NCCL INFO Connected all rings
x3201c0s25b0n0:15814:15838 [3] NCCL INFO Connected all rings
x3111c0s25b0n0:30953:30977 [2] NCCL INFO Connected all rings
x3111c0s25b0n0:30955:30979 [3] NCCL INFO Connected all rings
x3105c0s25b0n0:38333:38353 [2] NCCL INFO Channel 00 : 10[85000] -> 11[c7000] via P2P/IPC/read
x3105c0s25b0n0:38333:38353 [2] NCCL INFO Channel 01 : 10[85000] -> 11[c7000] via P2P/IPC/read
x3105c0s25b0n0:38333:38353 [2] NCCL INFO Channel 02 : 10[85000] -> 11[c7000] via P2P/IPC/read
x3105c0s25b0n0:38333:38353 [2] NCCL INFO Channel 03 : 10[85000] -> 11[c7000] via P2P/IPC/read
x3111c0s1b1n0:52059:52087 [0] NCCL INFO Channel 01 : 16[7000] -> 17[46000] via P2P/IPC/read
x3201c0s19b0n0:1054:1080 [1] NCCL INFO Channel 00 : 33[46000] -> 34[85000] via P2P/IPC/read
x3104c0s31b1n0:55447:55472 [2] NCCL INFO Channel 00 : 6[85000] -> 7[c7000] via P2P/IPC/read
x3201c0s19b0n0:1054:1080 [1] NCCL INFO Channel 01 : 33[46000] -> 34[85000] via P2P/IPC/read
x3201c0s19b0n0:1054:1080 [1] NCCL INFO Channel 02 : 33[46000] -> 34[85000] via P2P/IPC/read
x3201c0s19b0n0:1054:1080 [1] NCCL INFO Channel 03 : 33[46000] -> 34[85000] via P2P/IPC/read
x3201c0s1b0n0:9148:9169 [1] NCCL INFO Channel 00 : 41[46000] -> 42[85000] via P2P/IPC/read
x3201c0s1b1n0:2902:2928 [0] NCCL INFO Channel 01 : 44[7000] -> 45[46000] via P2P/IPC/read
x3201c0s25b0n0:15812:15839 [1] NCCL INFO Channel 00 : 49[46000] -> 50[85000] via P2P/IPC/read
x3201c0s31b1n0:34497:34522 [2] NCCL INFO Connected all trees
x3201c0s31b1n0:34497:34522 [2] NCCL INFO MSCCL: Parsing algorithm /home/yuke/ncclPG/CCL-LYD/msccl_tools_lyd/examples/xml/xml_lyd/ring/allreduce_ring_node16_gpu64_mcl1_mck1_gan0.xml
x3201c0s13b1n0:61127:61151 [1] NCCL INFO Channel 02 : 29[46000] -> 30[85000] via P2P/IPC/read
x3201c0s31b1n0:34496:34524 [1] NCCL INFO Connected all trees
x3201c0s31b1n0:34496:34524 [1] NCCL INFO MSCCL: Parsing algorithm /home/yuke/ncclPG/CCL-LYD/msccl_tools_lyd/examples/xml/xml_lyd/ring/allreduce_ring_node16_gpu64_mcl1_mck1_gan0.xml
x3104c0s31b1n0:55447:55472 [2] NCCL INFO Channel 01 : 6[85000] -> 7[c7000] via P2P/IPC/read
x3104c0s31b1n0:55447:55472 [2] NCCL INFO Channel 02 : 6[85000] -> 7[c7000] via P2P/IPC/read
x3104c0s31b1n0:55447:55472 [2] NCCL INFO Channel 03 : 6[85000] -> 7[c7000] via P2P/IPC/read
x3201c0s19b0n0:1056:1082 [3] NCCL INFO Channel 03/0 : 35[c7000] -> 39[c7000] [send] via NET/AWS Libfabric/1
x3104c0s31b0n0:36608:36633 [1] NCCL INFO Parsed MSCCL Algorithm /home/yuke/ncclPG/CCL-LYD/msccl_tools_lyd/examples/xml/xml_lyd/ring/allreduce_ring_node16_gpu64_mcl1_mck1_gan0.xml successfully.
x3104c0s31b0n0:36608:36633 [1] NCCL INFO Connected 1 MSCCL algorithms
x3104c0s31b0n0:36608:36633 [1] NCCL INFO threadThresholds 8/8/64 | 512/8/64 | 8/8/64 | 8/8/512
x3104c0s31b0n0:36608:36633 [1] NCCL INFO 4 coll channels, 4 p2p channels, 2 p2p channels per peer
x3104c0s31b0n0:36609:36632 [2] NCCL INFO Parsed MSCCL Algorithm /home/yuke/ncclPG/CCL-LYD/msccl_tools_lyd/examples/xml/xml_lyd/ring/allreduce_ring_node16_gpu64_mcl1_mck1_gan0.xml successfully.
x3104c0s31b0n0:36609:36632 [2] NCCL INFO Connected 1 MSCCL algorithms
x3104c0s31b0n0:36609:36632 [2] NCCL INFO threadThresholds 8/8/64 | 512/8/64 | 8/8/64 | 8/8/512
x3104c0s31b0n0:36609:36632 [2] NCCL INFO 4 coll channels, 4 p2p channels, 2 p2p channels per peer
x3111c0s1b1n0:52059:52087 [0] NCCL INFO Channel 02 : 16[7000] -> 17[46000] via P2P/IPC/read
x3201c0s13b0n0:22160:22189 [0] NCCL INFO Channel 02/0 : 21[46000] -> 24[7000] [receive] via NET/AWS Libfabric/3
x3201c0s13b1n0:61127:61151 [1] NCCL INFO Channel 03 : 29[46000] -> 30[85000] via P2P/IPC/read
x3201c0s1b1n0:2904:2927 [2] NCCL INFO Channel 00 : 46[85000] -> 47[c7000] via P2P/IPC/read
x3201c0s1b1n0:2904:2927 [2] NCCL INFO Channel 01 : 46[85000] -> 47[c7000] via P2P/IPC/read
x3201c0s1b1n0:2904:2927 [2] NCCL INFO Channel 02 : 46[85000] -> 47[c7000] via P2P/IPC/read
x3201c0s1b1n0:2904:2927 [2] NCCL INFO Channel 03 : 46[85000] -> 47[c7000] via P2P/IPC/read
x3201c0s19b1n0:2719:2744 [0] NCCL INFO Channel 02/0 : 32[7000] -> 36[7000] [receive] via NET/AWS Libfabric/3
x3201c0s1b1n0:2902:2928 [0] NCCL INFO Channel 02 : 44[7000] -> 45[46000] via P2P/IPC/read
x3201c0s1b1n0:2902:2928 [0] NCCL INFO Channel 03 : 44[7000] -> 45[46000] via P2P/IPC/read
x3201c0s31b0n0:23836:23859 [2] NCCL INFO Channel 00 : 58[85000] -> 59[c7000] via P2P/IPC/read
x3201c0s31b0n0:23836:23859 [2] NCCL INFO Channel 01 : 58[85000] -> 59[c7000] via P2P/IPC/read
x3201c0s31b0n0:23836:23859 [2] NCCL INFO Channel 02 : 58[85000] -> 59[c7000] via P2P/IPC/read
x3201c0s31b1n0:34498:34523 [3] NCCL INFO Channel 01/0 : 59[c7000] -> 63[c7000] [receive] via NET/AWS Libfabric/1
x3201c0s31b0n0:23836:23859 [2] NCCL INFO Channel 03 : 58[85000] -> 59[c7000] via P2P/IPC/read
x3201c0s25b1n0:4594:4624 [1] NCCL INFO Channel 02/0 : 53[46000] -> 56[7000] [send] via NET/AWS Libfabric/3
x3201c0s1b0n0:9148:9169 [1] NCCL INFO Channel 01 : 41[46000] -> 42[85000] via P2P/IPC/read
x3201c0s19b1n0:2721:2746 [2] NCCL INFO Channel 01 : 38[85000] -> 39[c7000] via P2P/IPC/read
x3201c0s31b0n0:23835:23860 [1] NCCL INFO Channel 00 : 57[46000] -> 58[85000] via P2P/IPC/read
x3201c0s31b0n0:23835:23860 [1] NCCL INFO Channel 01 : 57[46000] -> 58[85000] via P2P/IPC/read
x3201c0s31b0n0:23835:23860 [1] NCCL INFO Channel 02 : 57[46000] -> 58[85000] via P2P/IPC/read
x3201c0s31b0n0:23835:23860 [1] NCCL INFO Channel 03 : 57[46000] -> 58[85000] via P2P/IPC/read
x3201c0s13b1n0:61131:61153 [3] NCCL INFO Channel 01/0 : 27[c7000] -> 31[c7000] [receive] via NET/AWS Libfabric/1
x3111c0s25b0n0:30950:30980 [0] NCCL INFO Channel 02/0 : 16[7000] -> 20[7000] [receive] via NET/AWS Libfabric/3
x3201c0s13b0n0:22163:22188 [1] NCCL INFO Channel 00/0 : 20[7000] -> 25[46000] [receive] via NET/AWS Libfabric/3
x3201c0s19b1n0:2721:2746 [2] NCCL INFO Channel 02 : 38[85000] -> 39[c7000] via P2P/IPC/read
x3201c0s25b1n0:4593:4621 [0] NCCL INFO Channel 02/0 : 48[7000] -> 52[7000] [receive] via NET/AWS Libfabric/3
x3201c0s19b1n0:2721:2746 [2] NCCL INFO Channel 03 : 38[85000] -> 39[c7000] via P2P/IPC/read
x3201c0s19b0n0:1053:1079 [0] NCCL INFO Channel 02/0 : 32[7000] -> 36[7000] [send] via NET/AWS Libfabric/3
x3111c0s1b1n0:52059:52087 [0] NCCL INFO Channel 03 : 16[7000] -> 17[46000] via P2P/IPC/read
x3111c0s25b0n0:30953:30977 [2] NCCL INFO Channel 00 : 22[85000] -> 23[c7000] via P2P/IPC/read
x3111c0s25b0n0:30953:30977 [2] NCCL INFO Channel 01 : 22[85000] -> 23[c7000] via P2P/IPC/read
x3111c0s25b0n0:30953:30977 [2] NCCL INFO Channel 02 : 22[85000] -> 23[c7000] via P2P/IPC/read
x3111c0s25b0n0:30953:30977 [2] NCCL INFO Channel 03 : 22[85000] -> 23[c7000] via P2P/IPC/read
x3201c0s1b1n0:2903:2929 [1] NCCL INFO Channel 00 : 45[46000] -> 46[85000] via P2P/IPC/read
x3201c0s1b1n0:2903:2929 [1] NCCL INFO Channel 01 : 45[46000] -> 46[85000] via P2P/IPC/read
x3201c0s1b1n0:2903:2929 [1] NCCL INFO Channel 02 : 45[46000] -> 46[85000] via P2P/IPC/read
x3201c0s1b1n0:2903:2929 [1] NCCL INFO Channel 03 : 45[46000] -> 46[85000] via P2P/IPC/read
x3111c0s1b1n0:52061:52086 [1] NCCL INFO Channel 00 : 17[46000] -> 18[85000] via P2P/IPC/read
x3201c0s13b0n0:22164:22187 [2] NCCL INFO Channel 01/0 : 23[c7000] -> 26[85000] [receive] via NET/AWS Libfabric/1
x3104c0s31b1n0:55446:55470 [1] NCCL INFO Channel 00 : 5[46000] -> 6[85000] via P2P/IPC/read
x3105c0s25b0n0:38331:38356 [1] NCCL INFO Channel 00/0 : 4[7000] -> 9[46000] [receive] via NET/AWS Libfabric/3
x3201c0s13b0n0:22165:22186 [3] NCCL INFO Channel 01/0 : 27[c7000] -> 31[c7000] [send] via NET/AWS Libfabric/1
x3201c0s13b1n0:61129:61152 [2] NCCL INFO Channel 03/0 : 30[85000] -> 47[c7000] [send] via NET/AWS Libfabric/1
x3201c0s1b0n0:9148:9169 [1] NCCL INFO Channel 02 : 41[46000] -> 42[85000] via P2P/IPC/read
x3201c0s1b0n0:9148:9169 [1] NCCL INFO Channel 03 : 41[46000] -> 42[85000] via P2P/IPC/read
x3201c0s25b0n0:15812:15839 [1] NCCL INFO Channel 01 : 49[46000] -> 50[85000] via P2P/IPC/read
x3104c0s31b1n0:55448:55471 [3] NCCL INFO Channel 01/0 : 7[c7000] -> 10[85000] [send] via NET/AWS Libfabric/1
x3201c0s31b0n0:23837:23858 [3] NCCL INFO Channel 01/0 : 59[c7000] -> 63[c7000] [send] via NET/AWS Libfabric/1
x3201c0s19b0n0:1053:1079 [0] NCCL INFO Channel 00/0 : 32[7000] -> 48[7000] [send] via NET/AWS Libfabric/3
x3111c0s1b1n0:52061:52086 [1] NCCL INFO Channel 01 : 17[46000] -> 18[85000] via P2P/IPC/read
x3111c0s25b0n0:30952:30978 [1] NCCL INFO Channel 02/0 : 21[46000] -> 24[7000] [send] via NET/AWS Libfabric/3
x3111c0s25b0n0:30953:30977 [2] NCCL INFO Channel 03/0 : 22[85000] -> 27[c7000] [send] via NET/AWS Libfabric/1
x3201c0s13b1n0:61125:61150 [0] NCCL INFO Channel 00/0 : 24[7000] -> 28[7000] [receive] via NET/AWS Libfabric/3
x3111c0s1b1n0:52064:52085 [3] NCCL INFO Channel 03/0 : 19[c7000] -> 23[c7000] [send] via NET/AWS Libfabric/1
x3201c0s19b1n0:2722:2747 [3] NCCL INFO Channel 01/0 : 39[c7000] -> 42[85000] [send] via NET/AWS Libfabric/1
x3201c0s19b1n0:2720:2745 [1] NCCL INFO Channel 02/0 : 37[46000] -> 40[7000] [send] via NET/AWS Libfabric/3
x3201c0s13b1n0:61127:61151 [1] NCCL INFO Channel 02/0 : 29[46000] -> 44[7000] [send] via NET/AWS Libfabric/3
x3105c0s25b0n0:38333:38353 [2] NCCL INFO Channel 01/0 : 7[c7000] -> 10[85000] [receive] via NET/AWS Libfabric/1
x3105c0s25b0n0:38334:38354 [3] NCCL INFO Channel 01/0 : 11[c7000] -> 15[c7000] [send] via NET/AWS Libfabric/1
x3201c0s19b0n0:1054:1080 [1] NCCL INFO Channel 00/0 : 16[7000] -> 33[46000] [receive] via NET/AWS Libfabric/3
x3201c0s1b1n0:2904:2927 [2] NCCL INFO Channel 03/0 : 46[85000] -> 55[c7000] [send] via NET/AWS Libfabric/1
x3201c0s13b0n0:22165:22186 [3] NCCL INFO Channel 03/0 : 22[85000] -> 27[c7000] [receive] via NET/AWS Libfabric/1
x3201c0s19b0n0:1055:1081 [2] NCCL INFO Channel 01/0 : 19[c7000] -> 34[85000] [receive] via NET/AWS Libfabric/1
x3201c0s25b0n0:15812:15839 [1] NCCL INFO Channel 02 : 49[46000] -> 50[85000] via P2P/IPC/read
x3201c0s31b0n0:23832:23857 [0] NCCL INFO Channel 02/0 : 53[46000] -> 56[7000] [receive] via NET/AWS Libfabric/3
x3201c0s25b0n0:15812:15839 [1] NCCL INFO Channel 03 : 49[46000] -> 50[85000] via P2P/IPC/read
x3201c0s31b0n0:23837:23858 [3] NCCL INFO Channel 03/0 : 54[85000] -> 59[c7000] [receive] via NET/AWS Libfabric/1
x3201c0s31b1n0:34498:34523 [3] NCCL INFO Channel 03/0 : 31[c7000] -> 63[c7000] [receive] via NET/AWS Libfabric/1
x3201c0s1b1n0:2905:2930 [3] NCCL INFO Channel 01/0 : 43[c7000] -> 47[c7000] [receive] via NET/AWS Libfabric/1
x3111c0s1b1n0:52061:52086 [1] NCCL INFO Channel 02 : 17[46000] -> 18[85000] via P2P/IPC/read
x3201c0s31b0n0:23835:23860 [1] NCCL INFO Channel 00/0 : 52[7000] -> 57[46000] [receive] via NET/AWS Libfabric/3
x3201c0s1b1n0:2903:2929 [1] NCCL INFO Channel 02/0 : 45[46000] -> 52[7000] [send] via NET/AWS Libfabric/3
x3104c0s31b1n0:55446:55470 [1] NCCL INFO Channel 01 : 5[46000] -> 6[85000] via P2P/IPC/read
x3201c0s19b1n0:2721:2746 [2] NCCL INFO Channel 03/0 : 38[85000] -> 43[c7000] [send] via NET/AWS Libfabric/1
x3104c0s31b1n0:55446:55470 [1] NCCL INFO Channel 02 : 5[46000] -> 6[85000] via P2P/IPC/read
x3104c0s31b1n0:55446:55470 [1] NCCL INFO Channel 03 : 5[46000] -> 6[85000] via P2P/IPC/read
x3111c0s25b0n0:30952:30978 [1] NCCL INFO Channel 02/0 : 24[7000] -> 21[46000] [receive] via NET/AWS Libfabric/3
x3201c0s1b0n0:9150:9170 [2] NCCL INFO Channel 01/0 : 39[c7000] -> 42[85000] [receive] via NET/AWS Libfabric/1
x3201c0s19b1n0:2719:2744 [0] NCCL INFO Channel 00/0 : 36[7000] -> 41[46000] [send] via NET/AWS Libfabric/3
x3111c0s25b0n0:30955:30979 [3] NCCL INFO Channel 01/0 : 23[c7000] -> 26[85000] [send] via NET/AWS Libfabric/1
x3201c0s25b0n0:15811:15837 [0] NCCL INFO Channel 02/0 : 48[7000] -> 52[7000] [send] via NET/AWS Libfabric/3
x3201c0s13b0n0:22160:22189 [0] NCCL INFO Channel 00/0 : 24[7000] -> 28[7000] [send] via NET/AWS Libfabric/3
x3201c0s31b0n0:23836:23859 [2] NCCL INFO Channel 01/0 : 55[c7000] -> 58[85000] [receive] via NET/AWS Libfabric/1
x3104c0s31b1n0:55447:55472 [2] NCCL INFO Channel 03/0 : 6[85000] -> 11[c7000] [send] via NET/AWS Libfabric/1
x3111c0s1b1n0:52061:52086 [1] NCCL INFO Channel 03 : 17[46000] -> 18[85000] via P2P/IPC/read
x3201c0s1b0n0:9146:9171 [0] NCCL INFO Channel 02/0 : 37[46000] -> 40[7000] [receive] via NET/AWS Libfabric/3
x3201c0s1b0n0:9148:9169 [1] NCCL INFO Channel 00/0 : 36[7000] -> 41[46000] [receive] via NET/AWS Libfabric/3
x3201c0s1b1n0:2902:2928 [0] NCCL INFO Channel 00/0 : 40[7000] -> 44[7000] [receive] via NET/AWS Libfabric/3
x3111c0s1b0n0:8647:8669 [3] NCCL INFO Channel 03/0 : 7[c7000] -> 15[c7000] [receive] via NET/AWS Libfabric/1
x3104c0s31b1n0:55448:55471 [3] NCCL INFO Channel 03/0 : 3[c7000] -> 7[c7000] [receive] via NET/AWS Libfabric/1
x3201c0s31b1n0:34497:34522 [2] NCCL INFO Parsed MSCCL Algorithm /home/yuke/ncclPG/CCL-LYD/msccl_tools_lyd/examples/xml/xml_lyd/ring/allreduce_ring_node16_gpu64_mcl1_mck1_gan0.xml successfully.
x3201c0s31b1n0:34496:34524 [1] NCCL INFO Parsed MSCCL Algorithm /home/yuke/ncclPG/CCL-LYD/msccl_tools_lyd/examples/xml/xml_lyd/ring/allreduce_ring_node16_gpu64_mcl1_mck1_gan0.xml successfully.
x3201c0s25b1n0:4594:4624 [1] NCCL INFO Channel 02/0 : 56[7000] -> 53[46000] [receive] via NET/AWS Libfabric/3
x3201c0s13b1n0:61131:61153 [3] NCCL INFO Channel 03/0 : 15[c7000] -> 31[c7000] [receive] via NET/AWS Libfabric/1
x3201c0s31b1n0:34497:34522 [2] NCCL INFO Connected 1 MSCCL algorithms
x3201c0s31b1n0:34496:34524 [1] NCCL INFO Connected 1 MSCCL algorithms
x3201c0s31b1n0:34496:34524 [1] NCCL INFO threadThresholds 8/8/64 | 512/8/64 | 8/8/64 | 8/8/512
x3201c0s31b1n0:34496:34524 [1] NCCL INFO 4 coll channels, 4 p2p channels, 2 p2p channels per peer
x3201c0s31b1n0:34497:34522 [2] NCCL INFO threadThresholds 8/8/64 | 512/8/64 | 8/8/64 | 8/8/512
x3201c0s31b1n0:34497:34522 [2] NCCL INFO 4 coll channels, 4 p2p channels, 2 p2p channels per peer
x3105c0s25b0n0:38333:38353 [2] NCCL INFO Channel 01/0 : 10[85000] -> 7[c7000] [send] via NET/AWS Libfabric/1
x3201c0s25b1n0:4593:4621 [0] NCCL INFO Channel 00/0 : 52[7000] -> 57[46000] [send] via NET/AWS Libfabric/3
x3111c0s25b0n0:30955:30979 [3] NCCL INFO Channel 03/0 : 19[c7000] -> 23[c7000] [receive] via NET/AWS Libfabric/1
x3104c0s31b1n0:55445:55469 [0] NCCL INFO Channel 02/0 : 0[7000] -> 4[7000] [receive] via NET/AWS Libfabric/3
x3105c0s25b0n0:38334:38354 [3] NCCL INFO Channel 03/0 : 6[85000] -> 11[c7000] [receive] via NET/AWS Libfabric/1
x3201c0s31b1n0:34498:34523 [3] NCCL INFO Channel 03/0 : 63[c7000] -> 31[c7000] [send] via NET/AWS Libfabric/1
x3104c0s31b1n0:55446:55470 [1] NCCL INFO Channel 02/0 : 5[46000] -> 8[7000] [send] via NET/AWS Libfabric/3
x3201c0s19b1n0:2722:2747 [3] NCCL INFO Channel 03/0 : 35[c7000] -> 39[c7000] [receive] via NET/AWS Libfabric/1
x3201c0s19b1n0:2719:2744 [0] NCCL INFO Channel 02/0 : 36[7000] -> 44[7000] [send] via NET/AWS Libfabric/3
x3201c0s13b0n0:22164:22187 [2] NCCL INFO Channel 01/0 : 26[85000] -> 23[c7000] [send] via NET/AWS Libfabric/1
x3201c0s13b1n0:61125:61150 [0] NCCL INFO Channel 02/0 : 12[7000] -> 28[7000] [receive] via NET/AWS Libfabric/3
x3104c0s31b0n0:36610:36631 [3] NCCL INFO Channel 01/0 : 35[c7000] -> 3[c7000] [receive] via NET/AWS Libfabric/1
x3111c0s25b0n0:30953:30977 [2] NCCL INFO Channel 03/0 : 27[c7000] -> 22[85000] [receive] via NET/AWS Libfabric/1
x3201c0s1b0n0:9152:9172 [3] NCCL INFO Channel 03/0 : 38[85000] -> 43[c7000] [receive] via NET/AWS Libfabric/1
x3201c0s25b0n0:15813:15836 [2] NCCL INFO Channel 00 : 50[85000] -> 51[c7000] via P2P/IPC/read
x3201c0s25b1n0:4596:4622 [3] NCCL INFO Channel 03/0 : 51[c7000] -> 55[c7000] [receive] via NET/AWS Libfabric/1
x3201c0s31b0n0:23832:23857 [0] NCCL INFO Channel 00/0 : 56[7000] -> 60[7000] [send] via NET/AWS Libfabric/3
x3111c0s1b1n0:52059:52087 [0] NCCL INFO Channel 02/0 : 16[7000] -> 20[7000] [send] via NET/AWS Libfabric/3
x3201c0s19b1n0:2720:2745 [1] NCCL INFO Channel 02/0 : 40[7000] -> 37[46000] [receive] via NET/AWS Libfabric/3
x3201c0s13b0n0:22165:22186 [3] NCCL INFO Channel 01/0 : 19[c7000] -> 27[c7000] [receive] via NET/AWS Libfabric/1
x3201c0s31b0n0:23835:23860 [1] NCCL INFO Channel 00/0 : 57[46000] -> 52[7000] [send] via NET/AWS Libfabric/3
x3104c0s31b1n0:55447:55472 [2] NCCL INFO Channel 03/0 : 11[c7000] -> 6[85000] [receive] via NET/AWS Libfabric/1
x3111c0s1b1n0:52064:52085 [3] NCCL INFO Channel 01/0 : 19[c7000] -> 27[c7000] [send] via NET/AWS Libfabric/1
x3201c0s31b1n0:34494:34525 [0] NCCL INFO Channel 02/0 : 28[7000] -> 60[7000] [receive] via NET/AWS Libfabric/3
x3201c0s31b1n0:34494:34525 [0] NCCL INFO Channel 02/0 : 60[7000] -> 28[7000] [send] via NET/AWS Libfabric/3
x3201c0s25b0n0:15811:15837 [0] NCCL INFO Channel 00/0 : 48[7000] -> 56[7000] [send] via NET/AWS Libfabric/3
x3201c0s13b0n0:22160:22189 [0] NCCL INFO Channel 00/0 : 16[7000] -> 24[7000] [receive] via NET/AWS Libfabric/3
x3201c0s1b0n0:9148:9169 [1] NCCL INFO Channel 00/0 : 41[46000] -> 36[7000] [send] via NET/AWS Libfabric/3
x3201c0s1b0n0:9146:9171 [0] NCCL INFO Channel 00/0 : 40[7000] -> 44[7000] [send] via NET/AWS Libfabric/3
x3104c0s31b1n0:55446:55470 [1] NCCL INFO Channel 02/0 : 8[7000] -> 5[46000] [receive] via NET/AWS Libfabric/3
x3201c0s1b0n0:9150:9170 [2] NCCL INFO Channel 01/0 : 42[85000] -> 39[c7000] [send] via NET/AWS Libfabric/1
x3201c0s25b0n0:15813:15836 [2] NCCL INFO Channel 01 : 50[85000] -> 51[c7000] via P2P/IPC/read
x3105c0s25b0n0:38329:38355 [0] NCCL INFO Channel 00/0 : 8[7000] -> 12[7000] [send] via NET/AWS Libfabric/3
x3201c0s1b1n0:2905:2930 [3] NCCL INFO Channel 03/0 : 39[c7000] -> 47[c7000] [receive] via NET/AWS Libfabric/1
x3104c0s31b1n0:55448:55471 [3] NCCL INFO Channel 03/0 : 7[c7000] -> 15[c7000] [send] via NET/AWS Libfabric/1
x3201c0s19b0n0:1056:1082 [3] NCCL INFO Channel 01/0 : 35[c7000] -> 51[c7000] [send] via NET/AWS Libfabric/1
x3201c0s31b0n0:23837:23858 [3] NCCL INFO Channel 01/0 : 51[c7000] -> 59[c7000] [receive] via NET/AWS Libfabric/1
x3111c0s25b0n0:30950:30980 [0] NCCL INFO Channel 00/0 : 20[7000] -> 25[46000] [send] via NET/AWS Libfabric/3
x3201c0s1b0n0:9146:9171 [0] NCCL INFO Channel 00/0 : 40[7000] -> 49[46000] [send] via NET/AWS Libfabric/3
x3201c0s31b0n0:23836:23859 [2] NCCL INFO Channel 01/0 : 58[85000] -> 55[c7000] [send] via NET/AWS Libfabric/1
x3201c0s31b0n0:23832:23857 [0] NCCL INFO Channel 00/0 : 48[7000] -> 56[7000] [receive] via NET/AWS Libfabric/3
x3104c0s31b0n0:36607:36630 [0] NCCL INFO Channel 00/0 : 32[7000] -> 0[7000] [receive] via NET/AWS Libfabric/3
x3201c0s25b1n0:4595:4623 [2] NCCL INFO Channel 03/0 : 59[c7000] -> 54[85000] [receive] via NET/AWS Libfabric/1
x3111c0s1b1n0:52063:52088 [2] NCCL INFO Channel 01/0 : 11[c7000] -> 18[85000] [receive] via NET/AWS Libfabric/1
x3111c0s1b1n0:52059:52087 [0] NCCL INFO Channel 00/0 : 16[7000] -> 24[7000] [send] via NET/AWS Libfabric/3
x3201c0s25b0n0:15813:15836 [2] NCCL INFO Channel 02 : 50[85000] -> 51[c7000] via P2P/IPC/read
x3104c0s31b0n0:36610:36631 [3] NCCL INFO Channel 01/0 : 3[c7000] -> 35[c7000] [send] via NET/AWS Libfabric/1
x3111c0s1b1n0:52061:52086 [1] NCCL INFO Channel 00/0 : 8[7000] -> 17[46000] [receive] via NET/AWS Libfabric/3
x3201c0s19b1n0:2721:2746 [2] NCCL INFO Channel 03/0 : 43[c7000] -> 38[85000] [receive] via NET/AWS Libfabric/1
x3201c0s19b1n0:2722:2747 [3] NCCL INFO Channel 03/0 : 39[c7000] -> 47[c7000] [send] via NET/AWS Libfabric/1
x3104c0s31b1n0:55445:55469 [0] NCCL INFO Channel 00/0 : 4[7000] -> 9[46000] [send] via NET/AWS Libfabric/3
x3104c0s31b1n0:55448:55471 [3] NCCL INFO Channel 03/0 : 15[c7000] -> 7[c7000] [receive] via NET/AWS Libfabric/1
x3201c0s25b1n0:4593:4621 [0] NCCL INFO Channel 02/0 : 45[46000] -> 52[7000] [receive] via NET/AWS Libfabric/3
x3105c0s25b0n0:38334:38354 [3] NCCL INFO Channel 01/0 : 11[c7000] -> 18[85000] [send] via NET/AWS Libfabric/1
x3111c0s25b0n0:30955:30979 [3] NCCL INFO Channel 03/0 : 14[85000] -> 23[c7000] [receive] via NET/AWS Libfabric/1
x3104c0s31b0n0:36607:36630 [0] NCCL INFO Channel 00/0 : 0[7000] -> 32[7000] [send] via NET/AWS Libfabric/3
x3104c0s31b1n0:55445:55469 [0] NCCL INFO Channel 02/0 : 4[7000] -> 12[7000] [send] via NET/AWS Libfabric/3
x3111c0s1b0n0:8642:8670 [0] NCCL INFO Channel 02/0 : 4[7000] -> 12[7000] [receive] via NET/AWS Libfabric/3
x3201c0s1b1n0:2902:2928 [0] NCCL INFO Channel 02/0 : 36[7000] -> 44[7000] [receive] via NET/AWS Libfabric/3
x3201c0s25b0n0:15813:15836 [2] NCCL INFO Channel 03 : 50[85000] -> 51[c7000] via P2P/IPC/read
x3201c0s13b0n0:22165:22186 [3] NCCL INFO Channel 01/0 : 27[c7000] -> 19[c7000] [send] via NET/AWS Libfabric/1
x3201c0s1b0n0:9152:9172 [3] NCCL INFO Channel 01/0 : 43[c7000] -> 50[85000] [send] via NET/AWS Libfabric/1
x3111c0s1b1n0:52064:52085 [3] NCCL INFO Channel 01/0 : 19[c7000] -> 34[85000] [send] via NET/AWS Libfabric/1
x3201c0s1b1n0:2903:2929 [1] NCCL INFO Channel 02/0 : 52[7000] -> 45[46000] [receive] via NET/AWS Libfabric/3
x3201c0s19b1n0:2722:2747 [3] NCCL INFO Channel 03/0 : 47[c7000] -> 39[c7000] [receive] via NET/AWS Libfabric/1
x3105c0s25b0n0:38334:38354 [3] NCCL INFO Channel 01/0 : 18[85000] -> 11[c7000] [receive] via NET/AWS Libfabric/1
x3111c0s1b0n0:8647:8669 [3] NCCL INFO Channel 03/0 : 15[c7000] -> 31[c7000] [send] via NET/AWS Libfabric/1
x3105c0s25b0n0:38329:38355 [0] NCCL INFO Channel 00/0 : 8[7000] -> 17[46000] [send] via NET/AWS Libfabric/3
x3201c0s13b0n0:22160:22189 [0] NCCL INFO Channel 00/0 : 24[7000] -> 16[7000] [send] via NET/AWS Libfabric/3
x3111c0s1b1n0:52059:52087 [0] NCCL INFO Channel 00/0 : 16[7000] -> 33[46000] [send] via NET/AWS Libfabric/3
x3201c0s25b0n0:15811:15837 [0] NCCL INFO Channel 00/0 : 32[7000] -> 48[7000] [receive] via NET/AWS Libfabric/3
x3201c0s31b0n0:23832:23857 [0] NCCL INFO Channel 00/0 : 56[7000] -> 48[7000] [send] via NET/AWS Libfabric/3
x3105c0s25b0n0:38331:38356 [1] NCCL INFO Channel 00/0 : 9[46000] -> 4[7000] [send] via NET/AWS Libfabric/3
x3111c0s1b1n0:52064:52085 [3] NCCL INFO Channel 01/0 : 34[85000] -> 19[c7000] [receive] via NET/AWS Libfabric/1
x3201c0s13b0n0:22163:22188 [1] NCCL INFO Channel 00/0 : 25[46000] -> 20[7000] [send] via NET/AWS Libfabric/3
x3111c0s1b1n0:52063:52088 [2] NCCL INFO Channel 01/0 : 18[85000] -> 11[c7000] [send] via NET/AWS Libfabric/1
x3201c0s25b0n0:15814:15838 [3] NCCL INFO Channel 03/0 : 51[c7000] -> 55[c7000] [send] via NET/AWS Libfabric/1
x3105c0s25b0n0:38329:38355 [0] NCCL INFO Channel 00/0 : 17[46000] -> 8[7000] [receive] via NET/AWS Libfabric/3
x3111c0s25b0n0:30950:30980 [0] NCCL INFO Channel 02/0 : 13[46000] -> 20[7000] [receive] via NET/AWS Libfabric/3
x3201c0s25b1n0:4593:4621 [0] NCCL INFO Channel 02/0 : 52[7000] -> 45[46000] [send] via NET/AWS Libfabric/3
x3201c0s25b0n0:15812:15839 [1] NCCL INFO Channel 00/0 : 40[7000] -> 49[46000] [receive] via NET/AWS Libfabric/3
x3111c0s1b1n0:52063:52088 [2] NCCL INFO Channel 00 : 18[85000] -> 17[46000] via P2P/IPC/read
x3201c0s25b0n0:15814:15838 [3] NCCL INFO Channel 01/0 : 51[c7000] -> 59[c7000] [send] via NET/AWS Libfabric/1
x3201c0s19b0n0:1055:1081 [2] NCCL INFO Channel 01/0 : 34[85000] -> 19[c7000] [send] via NET/AWS Libfabric/1
x3201c0s1b1n0:2905:2930 [3] NCCL INFO Channel 03/0 : 30[85000] -> 47[c7000] [receive] via NET/AWS Libfabric/1
x3111c0s1b0n0:8647:8669 [3] NCCL INFO Channel 03/0 : 31[c7000] -> 15[c7000] [receive] via NET/AWS Libfabric/1
x3201c0s19b0n0:1054:1080 [1] NCCL INFO Channel 00/0 : 33[46000] -> 16[7000] [send] via NET/AWS Libfabric/3
x3111c0s1b1n0:52059:52087 [0] NCCL INFO Channel 00/0 : 33[46000] -> 16[7000] [receive] via NET/AWS Libfabric/3
x3111c0s25b0n0:30955:30979 [3] NCCL INFO Channel 03/0 : 23[c7000] -> 14[85000] [send] via NET/AWS Libfabric/1
x3111c0s1b0n0:8642:8670 [0] NCCL INFO Channel 02/0 : 12[7000] -> 28[7000] [send] via NET/AWS Libfabric/3
x3201c0s19b0n0:1055:1081 [2] NCCL INFO Channel 00 : 34[85000] -> 33[46000] via P2P/IPC/read
x3104c0s31b1n0:55445:55469 [0] NCCL INFO Channel 02/0 : 12[7000] -> 4[7000] [receive] via NET/AWS Libfabric/3
x3111c0s1b0n0:8645:8671 [2] NCCL INFO Channel 03/0 : 23[c7000] -> 14[85000] [receive] via NET/AWS Libfabric/1
x3111c0s1b1n0:52061:52086 [1] NCCL INFO Channel 00/0 : 17[46000] -> 8[7000] [send] via NET/AWS Libfabric/3
x3201c0s1b1n0:2902:2928 [0] NCCL INFO Channel 02/0 : 29[46000] -> 44[7000] [receive] via NET/AWS Libfabric/3
x3111c0s1b1n0:52063:52088 [2] NCCL INFO Channel 02 : 18[85000] -> 17[46000] via P2P/IPC/read
x3201c0s25b1n0:4593:4621 [0] NCCL INFO Channel 00/0 : 57[46000] -> 52[7000] [receive] via NET/AWS Libfabric/3
x3201c0s31b0n0:23837:23858 [3] NCCL INFO Channel 01/0 : 59[c7000] -> 51[c7000] [send] via NET/AWS Libfabric/1
x3111c0s25b0n0:30955:30979 [3] NCCL INFO Channel 03/0 : 23[c7000] -> 19[c7000] [send] via NET/AWS Libfabric/1
x3201c0s19b0n0:1055:1081 [2] NCCL INFO Channel 02 : 34[85000] -> 33[46000] via P2P/IPC/read
x3111c0s1b0n0:8644:8668 [1] NCCL INFO Channel 02/0 : 20[7000] -> 13[46000] [receive] via NET/AWS Libfabric/3
x3111c0s1b0n0:8645:8671 [2] NCCL INFO Channel 00 : 14[85000] -> 13[46000] via P2P/IPC/read
x3201c0s19b0n0:1053:1079 [0] NCCL INFO Channel 00/0 : 0[7000] -> 32[7000] [receive] via NET/AWS Libfabric/3
x3201c0s19b1n0:2719:2744 [0] NCCL INFO Channel 02/0 : 44[7000] -> 36[7000] [receive] via NET/AWS Libfabric/3
x3105c0s25b0n0:38334:38354 [3] NCCL INFO Channel 03/0 : 11[c7000] -> 6[85000] [send] via NET/AWS Libfabric/1
x3201c0s19b0n0:1055:1081 [2] NCCL INFO Connected all trees
x3201c0s19b0n0:1055:1081 [2] NCCL INFO MSCCL: Parsing algorithm /home/yuke/ncclPG/CCL-LYD/msccl_tools_lyd/examples/xml/xml_lyd/ring/allreduce_ring_node16_gpu64_mcl1_mck1_gan0.xml
x3201c0s19b0n0:1054:1080 [1] NCCL INFO Connected all trees
x3201c0s19b0n0:1054:1080 [1] NCCL INFO MSCCL: Parsing algorithm /home/yuke/ncclPG/CCL-LYD/msccl_tools_lyd/examples/xml/xml_lyd/ring/allreduce_ring_node16_gpu64_mcl1_mck1_gan0.xml
x3201c0s25b0n0:15813:15836 [2] NCCL INFO Channel 01/0 : 43[c7000] -> 50[85000] [receive] via NET/AWS Libfabric/1
x3201c0s25b1n0:4596:4622 [3] NCCL INFO Channel 03/0 : 46[85000] -> 55[c7000] [receive] via NET/AWS Libfabric/1
x3201c0s13b1n0:61125:61150 [0] NCCL INFO Channel 02/0 : 60[7000] -> 28[7000] [receive] via NET/AWS Libfabric/3
x3201c0s13b1n0:61131:61153 [3] NCCL INFO Channel 03/0 : 63[c7000] -> 31[c7000] [receive] via NET/AWS Libfabric/1
x3201c0s19b0n0:1053:1079 [0] NCCL INFO Channel 00/0 : 32[7000] -> 0[7000] [send] via NET/AWS Libfabric/3
x3111c0s25b0n0:30950:30980 [0] NCCL INFO Channel 02/0 : 20[7000] -> 13[46000] [send] via NET/AWS Libfabric/3
x3105c0s25b0n0:38329:38355 [0] NCCL INFO Channel 00/0 : 12[7000] -> 8[7000] [receive] via NET/AWS Libfabric/3
x3201c0s25b0n0:15811:15837 [0] NCCL INFO Channel 00/0 : 48[7000] -> 32[7000] [send] via NET/AWS Libfabric/3
x3201c0s25b0n0:15812:15839 [1] NCCL INFO Channel 00/0 : 49[46000] -> 40[7000] [send] via NET/AWS Libfabric/3
x3201c0s25b0n0:15814:15838 [3] NCCL INFO Channel 01/0 : 35[c7000] -> 51[c7000] [receive] via NET/AWS Libfabric/1
x3111c0s1b0n0:8645:8671 [2] NCCL INFO Channel 02 : 14[85000] -> 13[46000] via P2P/IPC/read
x3111c0s1b1n0:52059:52087 [0] NCCL INFO Channel 00/0 : 24[7000] -> 16[7000] [receive] via NET/AWS Libfabric/3
x3111c0s1b1n0:52063:52088 [2] NCCL INFO Connected all trees
x3111c0s1b1n0:52063:52088 [2] NCCL INFO MSCCL: Parsing algorithm /home/yuke/ncclPG/CCL-LYD/msccl_tools_lyd/examples/xml/xml_lyd/ring/allreduce_ring_node16_gpu64_mcl1_mck1_gan0.xml
x3111c0s1b1n0:52061:52086 [1] NCCL INFO Connected all trees
x3111c0s1b1n0:52061:52086 [1] NCCL INFO MSCCL: Parsing algorithm /home/yuke/ncclPG/CCL-LYD/msccl_tools_lyd/examples/xml/xml_lyd/ring/allreduce_ring_node16_gpu64_mcl1_mck1_gan0.xml
x3201c0s13b1n0:61127:61151 [1] NCCL INFO Channel 02/0 : 44[7000] -> 29[46000] [receive] via NET/AWS Libfabric/3
x3111c0s1b1n0:52064:52085 [3] NCCL INFO Channel 01/0 : 27[c7000] -> 19[c7000] [receive] via NET/AWS Libfabric/1
x3104c0s31b1n0:55447:55472 [2] NCCL INFO Channel 00 : 6[85000] -> 5[46000] via P2P/IPC/read
x3111c0s1b0n0:8642:8670 [0] NCCL INFO Channel 02/0 : 28[7000] -> 12[7000] [receive] via NET/AWS Libfabric/3
x3201c0s1b1n0:2905:2930 [3] NCCL INFO Channel 03/0 : 47[c7000] -> 30[85000] [send] via NET/AWS Libfabric/1
x3201c0s13b0n0:22160:22189 [0] NCCL INFO Channel 00/0 : 28[7000] -> 24[7000] [receive] via NET/AWS Libfabric/3
x3201c0s1b1n0:2902:2928 [0] NCCL INFO Channel 02/0 : 44[7000] -> 29[46000] [send] via NET/AWS Libfabric/3
x3111c0s25b0n0:30950:30980 [0] NCCL INFO Channel 00/0 : 25[46000] -> 20[7000] [receive] via NET/AWS Libfabric/3
x3105c0s25b0n0:38334:38354 [3] NCCL INFO Channel 01/0 : 15[c7000] -> 11[c7000] [receive] via NET/AWS Libfabric/1
x3104c0s31b1n0:55447:55472 [2] NCCL INFO Channel 02 : 6[85000] -> 5[46000] via P2P/IPC/read
x3201c0s1b0n0:9152:9172 [3] NCCL INFO Channel 01/0 : 50[85000] -> 43[c7000] [receive] via NET/AWS Libfabric/1
x3201c0s25b1n0:4593:4621 [0] NCCL INFO Channel 02/0 : 52[7000] -> 48[7000] [send] via NET/AWS Libfabric/3
x3201c0s1b0n0:9146:9171 [0] NCCL INFO Channel 00/0 : 49[46000] -> 40[7000] [receive] via NET/AWS Libfabric/3
x3201c0s13b1n0:61129:61152 [2] NCCL INFO Channel 03/0 : 47[c7000] -> 30[85000] [receive] via NET/AWS Libfabric/1
x3201c0s13b1n0:61125:61150 [0] NCCL INFO Channel 02/0 : 28[7000] -> 60[7000] [send] via NET/AWS Libfabric/3
x3201c0s13b1n0:61131:61153 [3] NCCL INFO Channel 03/0 : 31[c7000] -> 63[c7000] [send] via NET/AWS Libfabric/1
x3201c0s1b1n0:2902:2928 [0] NCCL INFO Channel 02/0 : 44[7000] -> 36[7000] [send] via NET/AWS Libfabric/3
x3201c0s19b0n0:1054:1080 [1] NCCL INFO Parsed MSCCL Algorithm /home/yuke/ncclPG/CCL-LYD/msccl_tools_lyd/examples/xml/xml_lyd/ring/allreduce_ring_node16_gpu64_mcl1_mck1_gan0.xml successfully.
x3201c0s19b0n0:1054:1080 [1] NCCL INFO Connected 1 MSCCL algorithms
x3201c0s19b0n0:1054:1080 [1] NCCL INFO threadThresholds 8/8/64 | 512/8/64 | 8/8/64 | 8/8/512
x3201c0s19b0n0:1054:1080 [1] NCCL INFO 4 coll channels, 4 p2p channels, 2 p2p channels per peer
x3201c0s19b0n0:1055:1081 [2] NCCL INFO Parsed MSCCL Algorithm /home/yuke/ncclPG/CCL-LYD/msccl_tools_lyd/examples/xml/xml_lyd/ring/allreduce_ring_node16_gpu64_mcl1_mck1_gan0.xml successfully.
x3201c0s19b0n0:1055:1081 [2] NCCL INFO Connected 1 MSCCL algorithms
x3201c0s19b0n0:1055:1081 [2] NCCL INFO threadThresholds 8/8/64 | 512/8/64 | 8/8/64 | 8/8/512
x3201c0s19b0n0:1055:1081 [2] NCCL INFO 4 coll channels, 4 p2p channels, 2 p2p channels per peer
x3201c0s25b0n0:15813:15836 [2] NCCL INFO Channel 01/0 : 50[85000] -> 43[c7000] [send] via NET/AWS Libfabric/1
x3201c0s13b1n0:61129:61152 [2] NCCL INFO Channel 00 : 30[85000] -> 29[46000] via P2P/IPC/read
x3111c0s1b0n0:8645:8671 [2] NCCL INFO Connected all trees
x3111c0s1b0n0:8645:8671 [2] NCCL INFO MSCCL: Parsing algorithm /home/yuke/ncclPG/CCL-LYD/msccl_tools_lyd/examples/xml/xml_lyd/ring/allreduce_ring_node16_gpu64_mcl1_mck1_gan0.xml
x3111c0s1b0n0:8644:8668 [1] NCCL INFO Connected all trees
x3111c0s1b0n0:8644:8668 [1] NCCL INFO MSCCL: Parsing algorithm /home/yuke/ncclPG/CCL-LYD/msccl_tools_lyd/examples/xml/xml_lyd/ring/allreduce_ring_node16_gpu64_mcl1_mck1_gan0.xml
x3104c0s31b0n0:36607:36630 [0] NCCL INFO Channel 02/0 : 4[7000] -> 0[7000] [receive] via NET/AWS Libfabric/3
x3201c0s13b0n0:22165:22186 [3] NCCL INFO Channel 03/0 : 27[c7000] -> 22[85000] [send] via NET/AWS Libfabric/1
x3201c0s19b0n0:1053:1079 [0] NCCL INFO Channel 00/0 : 48[7000] -> 32[7000] [receive] via NET/AWS Libfabric/3
x3201c0s25b0n0:15814:15838 [3] NCCL INFO Channel 01/0 : 51[c7000] -> 35[c7000] [send] via NET/AWS Libfabric/1
x3201c0s25b0n0:15813:15836 [2] NCCL INFO Channel 00 : 50[85000] -> 49[46000] via P2P/IPC/read
x3201c0s19b0n0:1056:1082 [3] NCCL INFO Channel 01/0 : 3[c7000] -> 35[c7000] [receive] via NET/AWS Libfabric/1
x3111c0s1b1n0:52059:52087 [0] NCCL INFO Channel 02/0 : 20[7000] -> 16[7000] [receive] via NET/AWS Libfabric/3
x3201c0s25b1n0:4596:4622 [3] NCCL INFO Channel 03/0 : 55[c7000] -> 46[85000] [send] via NET/AWS Libfabric/1
x3201c0s31b1n0:34498:34523 [3] NCCL INFO Channel 01/0 : 63[c7000] -> 59[c7000] [send] via NET/AWS Libfabric/1
x3111c0s1b1n0:52063:52088 [2] NCCL INFO Parsed MSCCL Algorithm /home/yuke/ncclPG/CCL-LYD/msccl_tools_lyd/examples/xml/xml_lyd/ring/allreduce_ring_node16_gpu64_mcl1_mck1_gan0.xml successfully.
x3111c0s1b1n0:52063:52088 [2] NCCL INFO Connected 1 MSCCL algorithms
x3201c0s1b1n0:2905:2930 [3] NCCL INFO Channel 03/0 : 47[c7000] -> 39[c7000] [send] via NET/AWS Libfabric/1
x3111c0s1b1n0:52061:52086 [1] NCCL INFO Parsed MSCCL Algorithm /home/yuke/ncclPG/CCL-LYD/msccl_tools_lyd/examples/xml/xml_lyd/ring/allreduce_ring_node16_gpu64_mcl1_mck1_gan0.xml successfully.
x3111c0s1b1n0:52063:52088 [2] NCCL INFO threadThresholds 8/8/64 | 512/8/64 | 8/8/64 | 8/8/512
x3111c0s1b1n0:52063:52088 [2] NCCL INFO 4 coll channels, 4 p2p channels, 2 p2p channels per peer
x3111c0s1b1n0:52061:52086 [1] NCCL INFO Connected 1 MSCCL algorithms
x3111c0s1b1n0:52061:52086 [1] NCCL INFO threadThresholds 8/8/64 | 512/8/64 | 8/8/64 | 8/8/512
x3111c0s1b1n0:52061:52086 [1] NCCL INFO 4 coll channels, 4 p2p channels, 2 p2p channels per peer
x3111c0s25b0n0:30953:30977 [2] NCCL INFO Channel 00 : 22[85000] -> 21[46000] via P2P/IPC/read
x3201c0s1b0n0:9152:9172 [3] NCCL INFO Channel 03/0 : 43[c7000] -> 38[85000] [send] via NET/AWS Libfabric/1
x3111c0s1b0n0:8644:8668 [1] NCCL INFO Parsed MSCCL Algorithm /home/yuke/ncclPG/CCL-LYD/msccl_tools_lyd/examples/xml/xml_lyd/ring/allreduce_ring_node16_gpu64_mcl1_mck1_gan0.xml successfully.
x3111c0s1b0n0:8644:8668 [1] NCCL INFO Connected 1 MSCCL algorithms
x3111c0s1b0n0:8644:8668 [1] NCCL INFO threadThresholds 8/8/64 | 512/8/64 | 8/8/64 | 8/8/512
x3111c0s1b0n0:8644:8668 [1] NCCL INFO 4 coll channels, 4 p2p channels, 2 p2p channels per peer
x3111c0s1b0n0:8645:8671 [2] NCCL INFO Parsed MSCCL Algorithm /home/yuke/ncclPG/CCL-LYD/msccl_tools_lyd/examples/xml/xml_lyd/ring/allreduce_ring_node16_gpu64_mcl1_mck1_gan0.xml successfully.
x3111c0s1b0n0:8645:8671 [2] NCCL INFO Connected 1 MSCCL algorithms
x3111c0s1b0n0:8645:8671 [2] NCCL INFO threadThresholds 8/8/64 | 512/8/64 | 8/8/64 | 8/8/512
x3111c0s1b0n0:8645:8671 [2] NCCL INFO 4 coll channels, 4 p2p channels, 2 p2p channels per peer
x3201c0s19b1n0:2722:2747 [3] NCCL INFO Channel 03/0 : 39[c7000] -> 35[c7000] [send] via NET/AWS Libfabric/1
x3201c0s1b1n0:2904:2927 [2] NCCL INFO Channel 03/0 : 55[c7000] -> 46[85000] [receive] via NET/AWS Libfabric/1
x3201c0s19b1n0:2721:2746 [2] NCCL INFO Channel 00 : 38[85000] -> 37[46000] via P2P/IPC/read
x3201c0s19b1n0:2721:2746 [2] NCCL INFO Channel 02 : 38[85000] -> 37[46000] via P2P/IPC/read
x3201c0s19b0n0:1056:1082 [3] NCCL INFO Channel 01/0 : 35[c7000] -> 3[c7000] [send] via NET/AWS Libfabric/1
x3201c0s13b1n0:61129:61152 [2] NCCL INFO Channel 02 : 30[85000] -> 29[46000] via P2P/IPC/read
x3111c0s25b0n0:30950:30980 [0] NCCL INFO Channel 02/0 : 20[7000] -> 16[7000] [send] via NET/AWS Libfabric/3
x3201c0s25b0n0:15813:15836 [2] NCCL INFO Channel 02 : 50[85000] -> 49[46000] via P2P/IPC/read
x3201c0s1b1n0:2902:2928 [0] NCCL INFO Channel 00/0 : 44[7000] -> 40[7000] [send] via NET/AWS Libfabric/3
x3201c0s25b0n0:15813:15836 [2] NCCL INFO Connected all trees
x3201c0s25b0n0:15813:15836 [2] NCCL INFO MSCCL: Parsing algorithm /home/yuke/ncclPG/CCL-LYD/msccl_tools_lyd/examples/xml/xml_lyd/ring/allreduce_ring_node16_gpu64_mcl1_mck1_gan0.xml
x3201c0s25b0n0:15812:15839 [1] NCCL INFO Connected all trees
x3201c0s25b0n0:15812:15839 [1] NCCL INFO MSCCL: Parsing algorithm /home/yuke/ncclPG/CCL-LYD/msccl_tools_lyd/examples/xml/xml_lyd/ring/allreduce_ring_node16_gpu64_mcl1_mck1_gan0.xml
x3111c0s1b1n0:52064:52085 [3] NCCL INFO Channel 03/0 : 23[c7000] -> 19[c7000] [receive] via NET/AWS Libfabric/1
x3201c0s1b0n0:9146:9171 [0] NCCL INFO Channel 00/0 : 44[7000] -> 40[7000] [receive] via NET/AWS Libfabric/3
x3201c0s19b1n0:2719:2744 [0] NCCL INFO Channel 00/0 : 41[46000] -> 36[7000] [receive] via NET/AWS Libfabric/3
x3201c0s13b1n0:61125:61150 [0] NCCL INFO Channel 02/0 : 28[7000] -> 12[7000] [send] via NET/AWS Libfabric/3
x3111c0s25b0n0:30950:30980 [0] NCCL INFO Connected all trees
x3111c0s25b0n0:30950:30980 [0] NCCL INFO MSCCL: Parsing algorithm /home/yuke/ncclPG/CCL-LYD/msccl_tools_lyd/examples/xml/xml_lyd/ring/allreduce_ring_node16_gpu64_mcl1_mck1_gan0.xml
x3201c0s1b1n0:2904:2927 [2] NCCL INFO Channel 00 : 46[85000] -> 45[46000] via P2P/IPC/read
x3111c0s25b0n0:30953:30977 [2] NCCL INFO Channel 02 : 22[85000] -> 21[46000] via P2P/IPC/read
x3201c0s1b1n0:2902:2928 [0] NCCL INFO Connected all trees
x3201c0s1b1n0:2902:2928 [0] NCCL INFO MSCCL: Parsing algorithm /home/yuke/ncclPG/CCL-LYD/msccl_tools_lyd/examples/xml/xml_lyd/ring/allreduce_ring_node16_gpu64_mcl1_mck1_gan0.xml
x3201c0s13b1n0:61131:61153 [3] NCCL INFO Channel 03/0 : 31[c7000] -> 15[c7000] [send] via NET/AWS Libfabric/1
x3201c0s25b0n0:15811:15837 [0] NCCL INFO Channel 00/0 : 56[7000] -> 48[7000] [receive] via NET/AWS Libfabric/3
x3201c0s13b1n0:61127:61151 [1] NCCL INFO Connected all trees
x3201c0s13b1n0:61127:61151 [1] NCCL INFO MSCCL: Parsing algorithm /home/yuke/ncclPG/CCL-LYD/msccl_tools_lyd/examples/xml/xml_lyd/ring/allreduce_ring_node16_gpu64_mcl1_mck1_gan0.xml
x3201c0s13b1n0:61129:61152 [2] NCCL INFO Connected all trees
x3201c0s13b1n0:61129:61152 [2] NCCL INFO MSCCL: Parsing algorithm /home/yuke/ncclPG/CCL-LYD/msccl_tools_lyd/examples/xml/xml_lyd/ring/allreduce_ring_node16_gpu64_mcl1_mck1_gan0.xml
x3201c0s25b1n0:4596:4622 [3] NCCL INFO Channel 03/0 : 55[c7000] -> 51[c7000] [send] via NET/AWS Libfabric/1
x3111c0s1b1n0:52059:52087 [0] NCCL INFO Connected all trees
x3111c0s1b1n0:52059:52087 [0] NCCL INFO MSCCL: Parsing algorithm /home/yuke/ncclPG/CCL-LYD/msccl_tools_lyd/examples/xml/xml_lyd/ring/allreduce_ring_node16_gpu64_mcl1_mck1_gan0.xml
x3111c0s1b1n0:52064:52085 [3] NCCL INFO Connected all trees
x3111c0s1b1n0:52064:52085 [3] NCCL INFO MSCCL: Parsing algorithm /home/yuke/ncclPG/CCL-LYD/msccl_tools_lyd/examples/xml/xml_lyd/ring/allreduce_ring_node16_gpu64_mcl1_mck1_gan0.xml
x3201c0s25b0n0:15812:15839 [1] NCCL INFO Parsed MSCCL Algorithm /home/yuke/ncclPG/CCL-LYD/msccl_tools_lyd/examples/xml/xml_lyd/ring/allreduce_ring_node16_gpu64_mcl1_mck1_gan0.xml successfully.
x3201c0s25b0n0:15812:15839 [1] NCCL INFO Connected 1 MSCCL algorithms
x3201c0s25b0n0:15812:15839 [1] NCCL INFO threadThresholds 8/8/64 | 512/8/64 | 8/8/64 | 8/8/512
x3201c0s25b0n0:15812:15839 [1] NCCL INFO 4 coll channels, 4 p2p channels, 2 p2p channels per peer
x3201c0s31b1n0:34494:34525 [0] NCCL INFO Channel 00/0 : 60[7000] -> 56[7000] [send] via NET/AWS Libfabric/3
x3201c0s1b1n0:2905:2930 [3] NCCL INFO Channel 01/0 : 47[c7000] -> 43[c7000] [send] via NET/AWS Libfabric/1
x3201c0s1b1n0:2904:2927 [2] NCCL INFO Channel 02 : 46[85000] -> 45[46000] via P2P/IPC/read
x3201c0s13b1n0:61125:61150 [0] NCCL INFO Channel 00/0 : 28[7000] -> 24[7000] [send] via NET/AWS Libfabric/3
x3201c0s19b0n0:1053:1079 [0] NCCL INFO Channel 02/0 : 36[7000] -> 32[7000] [receive] via NET/AWS Libfabric/3
x3111c0s1b1n0:52064:52085 [3] NCCL INFO Parsed MSCCL Algorithm /home/yuke/ncclPG/CCL-LYD/msccl_tools_lyd/examples/xml/xml_lyd/ring/allreduce_ring_node16_gpu64_mcl1_mck1_gan0.xml successfully.
x3111c0s1b1n0:52059:52087 [0] NCCL INFO Parsed MSCCL Algorithm /home/yuke/ncclPG/CCL-LYD/msccl_tools_lyd/examples/xml/xml_lyd/ring/allreduce_ring_node16_gpu64_mcl1_mck1_gan0.xml successfully.
x3201c0s25b0n0:15813:15836 [2] NCCL INFO Parsed MSCCL Algorithm /home/yuke/ncclPG/CCL-LYD/msccl_tools_lyd/examples/xml/xml_lyd/ring/allreduce_ring_node16_gpu64_mcl1_mck1_gan0.xml successfully.
x3201c0s25b0n0:15813:15836 [2] NCCL INFO Connected 1 MSCCL algorithms
x3201c0s25b0n0:15813:15836 [2] NCCL INFO threadThresholds 8/8/64 | 512/8/64 | 8/8/64 | 8/8/512
x3201c0s25b0n0:15813:15836 [2] NCCL INFO 4 coll channels, 4 p2p channels, 2 p2p channels per peer
x3201c0s13b1n0:61125:61150 [0] NCCL INFO Connected all trees
x3201c0s13b1n0:61125:61150 [0] NCCL INFO MSCCL: Parsing algorithm /home/yuke/ncclPG/CCL-LYD/msccl_tools_lyd/examples/xml/xml_lyd/ring/allreduce_ring_node16_gpu64_mcl1_mck1_gan0.xml
x3201c0s13b1n0:61131:61153 [3] NCCL INFO Channel 01/0 : 31[c7000] -> 27[c7000] [send] via NET/AWS Libfabric/1
x3201c0s13b0n0:22165:22186 [3] NCCL INFO Channel 01/0 : 31[c7000] -> 27[c7000] [receive] via NET/AWS Libfabric/1
x3111c0s1b0n0:8647:8669 [3] NCCL INFO Channel 03/0 : 15[c7000] -> 7[c7000] [send] via NET/AWS Libfabric/1
x3111c0s1b1n0:52059:52087 [0] NCCL INFO Channel 00/0 : 16[7000] -> 23[c7000] [send] via NET/AWS Libfabric/3
x3201c0s13b1n0:61131:61153 [3] NCCL INFO Connected all trees
x3201c0s13b1n0:61131:61153 [3] NCCL INFO MSCCL: Parsing algorithm /home/yuke/ncclPG/CCL-LYD/msccl_tools_lyd/examples/xml/xml_lyd/ring/allreduce_ring_node16_gpu64_mcl1_mck1_gan0.xml
x3201c0s1b0n0:9152:9172 [3] NCCL INFO Channel 01/0 : 47[c7000] -> 43[c7000] [receive] via NET/AWS Libfabric/1
x3201c0s13b0n0:22160:22189 [0] NCCL INFO Channel 02/0 : 24[7000] -> 21[46000] [send] via NET/AWS Libfabric/3
x3201c0s1b1n0:2902:2928 [0] NCCL INFO Parsed MSCCL Algorithm /home/yuke/ncclPG/CCL-LYD/msccl_tools_lyd/examples/xml/xml_lyd/ring/allreduce_ring_node16_gpu64_mcl1_mck1_gan0.xml successfully.
x3111c0s25b0n0:30955:30979 [3] NCCL INFO Channel 01/0 : 26[85000] -> 23[c7000] [receive] via NET/AWS Libfabric/1
x3201c0s1b1n0:2904:2927 [2] NCCL INFO Connected all trees
x3201c0s1b1n0:2904:2927 [2] NCCL INFO MSCCL: Parsing algorithm /home/yuke/ncclPG/CCL-LYD/msccl_tools_lyd/examples/xml/xml_lyd/ring/allreduce_ring_node16_gpu64_mcl1_mck1_gan0.xml
x3201c0s1b1n0:2903:2929 [1] NCCL INFO Connected all trees
x3201c0s1b1n0:2903:2929 [1] NCCL INFO MSCCL: Parsing algorithm /home/yuke/ncclPG/CCL-LYD/msccl_tools_lyd/examples/xml/xml_lyd/ring/allreduce_ring_node16_gpu64_mcl1_mck1_gan0.xml
x3201c0s13b1n0:61125:61150 [0] NCCL INFO Parsed MSCCL Algorithm /home/yuke/ncclPG/CCL-LYD/msccl_tools_lyd/examples/xml/xml_lyd/ring/allreduce_ring_node16_gpu64_mcl1_mck1_gan0.xml successfully.
