x3004c0s13b1n0:19915:19939 [2] NCCL INFO Channel 00 : 50[85000] -> 51[c7000] via P2P/IPC/read
x3004c0s13b1n0:19915:19939 [2] NCCL INFO Channel 01 : 50[85000] -> 51[c7000] via P2P/IPC/read
x3004c0s13b1n0:19915:19939 [2] NCCL INFO Channel 02 : 50[85000] -> 51[c7000] via P2P/IPC/read
x3004c0s13b1n0:19915:19939 [2] NCCL INFO Channel 03 : 50[85000] -> 51[c7000] via P2P/IPC/read
x3003c0s7b1n0:50807:50831 [2] NCCL INFO Channel 00 : 42[85000] -> 43[c7000] via P2P/IPC/read
x3003c0s7b1n0:50807:50831 [2] NCCL INFO Channel 01 : 42[85000] -> 43[c7000] via P2P/IPC/read
x3003c0s7b1n0:50807:50831 [2] NCCL INFO Channel 02 : 42[85000] -> 43[c7000] via P2P/IPC/read
x3003c0s7b1n0:50807:50831 [2] NCCL INFO Channel 03 : 42[85000] -> 43[c7000] via P2P/IPC/read
x3004c0s19b1n0:42400:42422 [3] NCCL INFO Connected all rings
x3003c0s19b0n0:50469:50495 [2] NCCL INFO Channel 00 : 2[85000] -> 3[c7000] via P2P/IPC/read
x3003c0s1b1n0:21362:21389 [0] NCCL INFO Channel 02 : 8[7000] -> 9[46000] via P2P/IPC/read
x3003c0s1b1n0:21362:21389 [0] NCCL INFO Channel 03 : 8[7000] -> 9[46000] via P2P/IPC/read
x3003c0s31b1n0:65333:65355 [3] NCCL INFO Channel 02 : 27[c7000] -> 26[85000] via P2P/IPC/read
x3003c0s1b1n0:21365:21386 [3] NCCL INFO Connected all rings
x3004c0s19b1n0:42398:42421 [1] NCCL INFO Connected all rings
x3004c0s19b1n0:42399:42423 [2] NCCL INFO Connected all rings
x3003c0s31b1n0:65330:65354 [0] NCCL INFO Connected all rings
x3003c0s31b1n0:65330:65354 [0] NCCL INFO Channel 00 : 24[7000] -> 25[46000] via P2P/IPC/read
x3003c0s31b1n0:65331:65356 [1] NCCL INFO Connected all rings
x3003c0s25b1n0:51009:51032 [3] NCCL INFO Channel 03 : 19[c7000] -> 18[85000] via P2P/IPC/read
x3003c0s25b0n0:10887:10908 [3] NCCL INFO Channel 03 : 15[c7000] -> 14[85000] via P2P/IPC/read
x3003c0s31b1n0:65330:65354 [0] NCCL INFO Channel 01 : 24[7000] -> 25[46000] via P2P/IPC/read
x3003c0s31b1n0:65330:65354 [0] NCCL INFO Channel 02 : 24[7000] -> 25[46000] via P2P/IPC/read
x3003c0s31b1n0:65330:65354 [0] NCCL INFO Channel 03 : 24[7000] -> 25[46000] via P2P/IPC/read
x3004c0s19b1n0:42399:42423 [2] NCCL INFO Channel 00 : 58[85000] -> 59[c7000] via P2P/IPC/read
x3004c0s19b1n0:42399:42423 [2] NCCL INFO Channel 01 : 58[85000] -> 59[c7000] via P2P/IPC/read
x3004c0s19b1n0:42399:42423 [2] NCCL INFO Channel 02 : 58[85000] -> 59[c7000] via P2P/IPC/read
x3004c0s19b1n0:42399:42423 [2] NCCL INFO Channel 03 : 58[85000] -> 59[c7000] via P2P/IPC/read
x3003c0s25b0n0:10886:10909 [2] NCCL INFO Connected all rings
x3003c0s25b0n0:10887:10908 [3] NCCL INFO Connected all rings
x3003c0s25b1n0:51008:51033 [2] NCCL INFO Connected all rings
x3003c0s25b1n0:51009:51032 [3] NCCL INFO Connected all rings
x3004c0s13b1n0:19913:19940 [0] NCCL INFO Channel 01 : 48[7000] -> 49[46000] via P2P/IPC/read
x3003c0s7b0n0:13800:13827 [0] NCCL INFO Channel 02/0 : 32[7000] -> 36[7000] [receive] via NET/AWS Libfabric/3
x3003c0s7b0n0:13803:13826 [3] NCCL INFO Channel 02 : 39[c7000] -> 38[85000] via P2P/IPC/read
x3003c0s31b1n0:65333:65355 [3] NCCL INFO Channel 03 : 27[c7000] -> 26[85000] via P2P/IPC/read
x3003c0s31b0n0:33178:33202 [3] NCCL INFO Channel 01/0 : 23[c7000] -> 26[85000] [send] via NET/AWS Libfabric/1
x3003c0s31b0n0:33176:33199 [1] NCCL INFO Channel 00 : 21[46000] -> 22[85000] via P2P/IPC/read
x3003c0s31b0n0:33176:33199 [1] NCCL INFO Channel 01 : 21[46000] -> 22[85000] via P2P/IPC/read
x3003c0s31b0n0:33176:33199 [1] NCCL INFO Channel 02 : 21[46000] -> 22[85000] via P2P/IPC/read
x3003c0s31b0n0:33176:33199 [1] NCCL INFO Channel 03 : 21[46000] -> 22[85000] via P2P/IPC/read
x3004c0s13b0n0:61564:61587 [3] NCCL INFO Channel 03 : 47[c7000] -> 46[85000] via P2P/IPC/read
x3004c0s13b0n0:61561:61588 [0] NCCL INFO Channel 02 : 44[7000] -> 45[46000] via P2P/IPC/read
x3004c0s13b0n0:61561:61588 [0] NCCL INFO Channel 03 : 44[7000] -> 45[46000] via P2P/IPC/read
x3003c0s19b0n0:50467:50492 [0] NCCL INFO Channel 02/0 : 0[7000] -> 4[7000] [send] via NET/AWS Libfabric/3
x3003c0s31b0n0:33175:33201 [0] NCCL INFO Channel 03 : 20[7000] -> 21[46000] via P2P/IPC/read
x3004c0s13b1n0:19913:19940 [0] NCCL INFO Channel 02 : 48[7000] -> 49[46000] via P2P/IPC/read
x3004c0s13b1n0:19913:19940 [0] NCCL INFO Channel 03 : 48[7000] -> 49[46000] via P2P/IPC/read
x3003c0s1b1n0:21364:21387 [2] NCCL INFO Connected all rings
x3003c0s25b1n0:51006:51031 [0] NCCL INFO Channel 02 : 16[7000] -> 17[46000] via P2P/IPC/read
x3003c0s37b1n0:46244:46270 [0] NCCL INFO Channel 02/0 : 32[7000] -> 36[7000] [send] via NET/AWS Libfabric/3
x3003c0s25b0n0:10884:10911 [0] NCCL INFO Channel 01 : 12[7000] -> 13[46000] via P2P/IPC/read
x3003c0s25b1n0:51006:51031 [0] NCCL INFO Channel 03 : 16[7000] -> 17[46000] via P2P/IPC/read
x3003c0s1b0n0:45106:45133 [0] NCCL INFO Channel 02/0 : 0[7000] -> 4[7000] [receive] via NET/AWS Libfabric/3
x3003c0s19b0n0:50469:50495 [2] NCCL INFO Channel 01 : 2[85000] -> 3[c7000] via P2P/IPC/read
x3003c0s37b1n0:46245:46269 [1] NCCL INFO Channel 00/0 : 16[7000] -> 33[46000] [receive] via NET/AWS Libfabric/3
x3003c0s37b0n0:2782:2805 [2] NCCL INFO Channel 00 : 30[85000] -> 31[c7000] via P2P/IPC/read
x3003c0s37b0n0:2782:2805 [2] NCCL INFO Channel 01 : 30[85000] -> 31[c7000] via P2P/IPC/read
x3003c0s37b0n0:2782:2805 [2] NCCL INFO Channel 02 : 30[85000] -> 31[c7000] via P2P/IPC/read
x3003c0s37b0n0:2782:2805 [2] NCCL INFO Channel 03 : 30[85000] -> 31[c7000] via P2P/IPC/read
x3003c0s37b1n0:46247:46271 [3] NCCL INFO Channel 03/0 : 35[c7000] -> 39[c7000] [send] via NET/AWS Libfabric/1
x3004c0s19b1n0:42398:42421 [1] NCCL INFO Channel 00 : 57[46000] -> 58[85000] via P2P/IPC/read
x3004c0s19b1n0:42398:42421 [1] NCCL INFO Channel 01 : 57[46000] -> 58[85000] via P2P/IPC/read
x3004c0s19b1n0:42398:42421 [1] NCCL INFO Channel 02 : 57[46000] -> 58[85000] via P2P/IPC/read
x3004c0s19b1n0:42398:42421 [1] NCCL INFO Channel 03 : 57[46000] -> 58[85000] via P2P/IPC/read
x3003c0s7b0n0:13803:13826 [3] NCCL INFO Channel 03 : 39[c7000] -> 38[85000] via P2P/IPC/read
x3004c0s13b0n0:61564:61587 [3] NCCL INFO Connected all rings
x3004c0s13b0n0:61563:61585 [2] NCCL INFO Connected all rings
x3003c0s31b0n0:33177:33200 [2] NCCL INFO Channel 03/0 : 22[85000] -> 27[c7000] [send] via NET/AWS Libfabric/1
x3003c0s7b0n0:13802:13825 [2] NCCL INFO Connected all rings
x3003c0s7b0n0:13803:13826 [3] NCCL INFO Connected all rings
x3003c0s31b1n0:65332:65357 [2] NCCL INFO Connected all rings
x3003c0s31b1n0:65333:65355 [3] NCCL INFO Connected all rings
x3004c0s13b1n0:19914:19938 [1] NCCL INFO Channel 00 : 49[46000] -> 50[85000] via P2P/IPC/read
x3004c0s13b1n0:19914:19938 [1] NCCL INFO Channel 01 : 49[46000] -> 50[85000] via P2P/IPC/read
x3004c0s13b1n0:19914:19938 [1] NCCL INFO Channel 02 : 49[46000] -> 50[85000] via P2P/IPC/read
x3004c0s13b1n0:19914:19938 [1] NCCL INFO Channel 03 : 49[46000] -> 50[85000] via P2P/IPC/read
x3004c0s19b1n0:42398:42421 [1] NCCL INFO Channel 00/0 : 52[7000] -> 57[46000] [receive] via NET/AWS Libfabric/3
x3003c0s19b0n0:50469:50495 [2] NCCL INFO Channel 02 : 2[85000] -> 3[c7000] via P2P/IPC/read
x3003c0s1b1n0:21363:21388 [1] NCCL INFO Channel 00 : 9[46000] -> 10[85000] via P2P/IPC/read
x3003c0s1b1n0:21363:21388 [1] NCCL INFO Channel 01 : 9[46000] -> 10[85000] via P2P/IPC/read
x3003c0s1b1n0:21363:21388 [1] NCCL INFO Channel 02 : 9[46000] -> 10[85000] via P2P/IPC/read
x3003c0s1b1n0:21363:21388 [1] NCCL INFO Channel 03 : 9[46000] -> 10[85000] via P2P/IPC/read
x3003c0s7b0n0:13800:13827 [0] NCCL INFO Channel 00/0 : 36[7000] -> 41[46000] [send] via NET/AWS Libfabric/3
x3003c0s19b0n0:50467:50492 [0] NCCL INFO Channel 00/0 : 32[7000] -> 0[7000] [receive] via NET/AWS Libfabric/3
x3003c0s25b0n0:10884:10911 [0] NCCL INFO Channel 02 : 12[7000] -> 13[46000] via P2P/IPC/read
x3004c0s13b1n0:19916:19937 [3] NCCL INFO Channel 03/0 : 51[c7000] -> 55[c7000] [send] via NET/AWS Libfabric/1
x3004c0s13b0n0:61561:61588 [0] NCCL INFO Channel 00/0 : 40[7000] -> 44[7000] [receive] via NET/AWS Libfabric/3
x3003c0s25b1n0:51008:51033 [2] NCCL INFO Channel 00 : 18[85000] -> 19[c7000] via P2P/IPC/read
x3003c0s37b1n0:46244:46270 [0] NCCL INFO Channel 00/0 : 32[7000] -> 48[7000] [send] via NET/AWS Libfabric/3
x3003c0s25b1n0:51008:51033 [2] NCCL INFO Channel 01 : 18[85000] -> 19[c7000] via P2P/IPC/read
x3003c0s25b1n0:51008:51033 [2] NCCL INFO Channel 02 : 18[85000] -> 19[c7000] via P2P/IPC/read
x3003c0s25b1n0:51008:51033 [2] NCCL INFO Channel 03 : 18[85000] -> 19[c7000] via P2P/IPC/read
x3004c0s19b0n0:2722:2746 [1] NCCL INFO Channel 00 : 53[46000] -> 54[85000] via P2P/IPC/read
x3004c0s19b0n0:2722:2746 [1] NCCL INFO Channel 01 : 53[46000] -> 54[85000] via P2P/IPC/read
x3004c0s19b0n0:2722:2746 [1] NCCL INFO Channel 02 : 53[46000] -> 54[85000] via P2P/IPC/read
x3004c0s19b0n0:2722:2746 [1] NCCL INFO Channel 03 : 53[46000] -> 54[85000] via P2P/IPC/read
x3003c0s7b1n0:50805:50832 [0] NCCL INFO Connected all rings
x3003c0s7b1n0:50805:50832 [0] NCCL INFO Channel 00 : 40[7000] -> 41[46000] via P2P/IPC/read
x3003c0s7b1n0:50805:50832 [0] NCCL INFO Channel 01 : 40[7000] -> 41[46000] via P2P/IPC/read
x3003c0s7b1n0:50805:50832 [0] NCCL INFO Channel 02 : 40[7000] -> 41[46000] via P2P/IPC/read
x3003c0s7b1n0:50805:50832 [0] NCCL INFO Channel 03 : 40[7000] -> 41[46000] via P2P/IPC/read
x3004c0s13b1n0:19913:19940 [0] NCCL INFO Channel 02/0 : 48[7000] -> 52[7000] [send] via NET/AWS Libfabric/3
x3003c0s31b0n0:33176:33199 [1] NCCL INFO Channel 02/0 : 21[46000] -> 24[7000] [send] via NET/AWS Libfabric/3
x3003c0s37b1n0:46246:46268 [2] NCCL INFO Channel 01/0 : 19[c7000] -> 34[85000] [receive] via NET/AWS Libfabric/1
x3003c0s19b0n0:50469:50495 [2] NCCL INFO Channel 03 : 2[85000] -> 3[c7000] via P2P/IPC/read
x3003c0s7b1n0:50806:50830 [1] NCCL INFO Connected all rings
x3003c0s25b0n0:10885:10910 [1] NCCL INFO Channel 00 : 13[46000] -> 14[85000] via P2P/IPC/read
x3003c0s25b0n0:10885:10910 [1] NCCL INFO Channel 01 : 13[46000] -> 14[85000] via P2P/IPC/read
x3003c0s25b0n0:10885:10910 [1] NCCL INFO Channel 02 : 13[46000] -> 14[85000] via P2P/IPC/read
x3003c0s25b0n0:10885:10910 [1] NCCL INFO Channel 03 : 13[46000] -> 14[85000] via P2P/IPC/read
x3003c0s1b0n0:45108:45131 [2] NCCL INFO Channel 00 : 6[85000] -> 7[c7000] via P2P/IPC/read
x3003c0s1b0n0:45108:45131 [2] NCCL INFO Channel 01 : 6[85000] -> 7[c7000] via P2P/IPC/read
x3003c0s1b0n0:45108:45131 [2] NCCL INFO Channel 02 : 6[85000] -> 7[c7000] via P2P/IPC/read
x3003c0s1b0n0:45108:45131 [2] NCCL INFO Channel 03 : 6[85000] -> 7[c7000] via P2P/IPC/read
x3003c0s37b0n0:2781:2807 [1] NCCL INFO Channel 00 : 29[46000] -> 30[85000] via P2P/IPC/read
x3003c0s19b0n0:50469:50495 [2] NCCL INFO Channel 00 : 2[85000] -> 1[46000] via P2P/IPC/read
x3003c0s37b0n0:2781:2807 [1] NCCL INFO Channel 01 : 29[46000] -> 30[85000] via P2P/IPC/read
x3003c0s37b0n0:2781:2807 [1] NCCL INFO Channel 02 : 29[46000] -> 30[85000] via P2P/IPC/read
x3003c0s37b0n0:2781:2807 [1] NCCL INFO Channel 03 : 29[46000] -> 30[85000] via P2P/IPC/read
x3003c0s31b1n0:65332:65357 [2] NCCL INFO Channel 00 : 26[85000] -> 27[c7000] via P2P/IPC/read
x3003c0s31b1n0:65332:65357 [2] NCCL INFO Channel 01 : 26[85000] -> 27[c7000] via P2P/IPC/read
x3003c0s31b1n0:65332:65357 [2] NCCL INFO Channel 02 : 26[85000] -> 27[c7000] via P2P/IPC/read
x3003c0s31b1n0:65332:65357 [2] NCCL INFO Channel 03 : 26[85000] -> 27[c7000] via P2P/IPC/read
x3004c0s13b1n0:19915:19939 [2] NCCL INFO Channel 01/0 : 43[c7000] -> 50[85000] [receive] via NET/AWS Libfabric/1
x3004c0s1b0n0:23390:23413 [2] NCCL INFO Channel 00 : 62[85000] -> 63[c7000] via P2P/IPC/read
x3003c0s25b0n0:10884:10911 [0] NCCL INFO Channel 03 : 12[7000] -> 13[46000] via P2P/IPC/read
x3004c0s19b0n0:2723:2745 [2] NCCL INFO Channel 00 : 54[85000] -> 55[c7000] via P2P/IPC/read
x3004c0s19b1n0:42397:42424 [0] NCCL INFO Channel 02/0 : 53[46000] -> 56[7000] [receive] via NET/AWS Libfabric/3
x3003c0s1b0n0:45106:45133 [0] NCCL INFO Channel 00/0 : 4[7000] -> 9[46000] [send] via NET/AWS Libfabric/3
x3003c0s1b1n0:21362:21389 [0] NCCL INFO Channel 02/0 : 5[46000] -> 8[7000] [receive] via NET/AWS Libfabric/3
x3003c0s37b0n0:2783:2804 [3] NCCL INFO Channel 01/0 : 27[c7000] -> 31[c7000] [receive] via NET/AWS Libfabric/1
x3003c0s25b1n0:51009:51032 [3] NCCL INFO Channel 03/0 : 19[c7000] -> 23[c7000] [send] via NET/AWS Libfabric/1
x3003c0s1b1n0:21364:21387 [2] NCCL INFO Channel 00 : 10[85000] -> 11[c7000] via P2P/IPC/read
x3003c0s1b1n0:21364:21387 [2] NCCL INFO Channel 01 : 10[85000] -> 11[c7000] via P2P/IPC/read
x3003c0s1b1n0:21364:21387 [2] NCCL INFO Channel 02 : 10[85000] -> 11[c7000] via P2P/IPC/read
x3003c0s1b1n0:21364:21387 [2] NCCL INFO Channel 03 : 10[85000] -> 11[c7000] via P2P/IPC/read
x3004c0s13b1n0:19914:19938 [1] NCCL INFO Channel 00/0 : 40[7000] -> 49[46000] [receive] via NET/AWS Libfabric/3
x3004c0s1b0n0:23389:23414 [1] NCCL INFO Channel 00 : 61[46000] -> 62[85000] via P2P/IPC/read
x3004c0s1b0n0:23390:23413 [2] NCCL INFO Channel 01 : 62[85000] -> 63[c7000] via P2P/IPC/read
x3003c0s1b0n0:45107:45130 [1] NCCL INFO Channel 02/0 : 5[46000] -> 8[7000] [send] via NET/AWS Libfabric/3
x3003c0s7b1n0:50808:50829 [3] NCCL INFO Channel 01/0 : 43[c7000] -> 47[c7000] [send] via NET/AWS Libfabric/1
x3003c0s31b0n0:33175:33201 [0] NCCL INFO Channel 02/0 : 16[7000] -> 20[7000] [receive] via NET/AWS Libfabric/3
x3003c0s7b1n0:50806:50830 [1] NCCL INFO Channel 00 : 41[46000] -> 42[85000] via P2P/IPC/read
x3003c0s7b1n0:50806:50830 [1] NCCL INFO Channel 01 : 41[46000] -> 42[85000] via P2P/IPC/read
x3003c0s7b1n0:50806:50830 [1] NCCL INFO Channel 02 : 41[46000] -> 42[85000] via P2P/IPC/read
x3003c0s7b1n0:50806:50830 [1] NCCL INFO Channel 03 : 41[46000] -> 42[85000] via P2P/IPC/read
x3003c0s19b0n0:50469:50495 [2] NCCL INFO Channel 02 : 2[85000] -> 1[46000] via P2P/IPC/read
x3004c0s19b1n0:42400:42422 [3] NCCL INFO Channel 01/0 : 59[c7000] -> 63[c7000] [send] via NET/AWS Libfabric/1
x3004c0s19b0n0:2723:2745 [2] NCCL INFO Channel 01 : 54[85000] -> 55[c7000] via P2P/IPC/read
x3003c0s19b0n0:50467:50492 [0] NCCL INFO Channel 00/0 : 0[7000] -> 32[7000] [send] via NET/AWS Libfabric/3
x3004c0s19b1n0:42399:42423 [2] NCCL INFO Channel 01/0 : 55[c7000] -> 58[85000] [receive] via NET/AWS Libfabric/1
x3003c0s31b1n0:65331:65356 [1] NCCL INFO Channel 00 : 25[46000] -> 26[85000] via P2P/IPC/read
x3003c0s31b1n0:65331:65356 [1] NCCL INFO Channel 01 : 25[46000] -> 26[85000] via P2P/IPC/read
x3003c0s25b1n0:51007:51030 [1] NCCL INFO Channel 00 : 17[46000] -> 18[85000] via P2P/IPC/read
x3003c0s31b1n0:65331:65356 [1] NCCL INFO Channel 02 : 25[46000] -> 26[85000] via P2P/IPC/read
x3003c0s31b1n0:65331:65356 [1] NCCL INFO Channel 03 : 25[46000] -> 26[85000] via P2P/IPC/read
x3003c0s37b0n0:2782:2805 [2] NCCL INFO Channel 03/0 : 30[85000] -> 47[c7000] [send] via NET/AWS Libfabric/1
x3003c0s25b1n0:51007:51030 [1] NCCL INFO Channel 01 : 17[46000] -> 18[85000] via P2P/IPC/read
x3003c0s25b1n0:51007:51030 [1] NCCL INFO Channel 02 : 17[46000] -> 18[85000] via P2P/IPC/read
x3003c0s25b1n0:51007:51030 [1] NCCL INFO Channel 03 : 17[46000] -> 18[85000] via P2P/IPC/read
x3003c0s37b0n0:2780:2806 [0] NCCL INFO Channel 00/0 : 24[7000] -> 28[7000] [receive] via NET/AWS Libfabric/3
x3004c0s19b0n0:2723:2745 [2] NCCL INFO Channel 02 : 54[85000] -> 55[c7000] via P2P/IPC/read
x3003c0s37b0n0:2781:2807 [1] NCCL INFO Channel 02/0 : 29[46000] -> 44[7000] [send] via NET/AWS Libfabric/3
x3004c0s1b0n0:23389:23414 [1] NCCL INFO Channel 01 : 61[46000] -> 62[85000] via P2P/IPC/read
x3004c0s1b0n0:23389:23414 [1] NCCL INFO Channel 02 : 61[46000] -> 62[85000] via P2P/IPC/read
x3004c0s1b0n0:23389:23414 [1] NCCL INFO Channel 03 : 61[46000] -> 62[85000] via P2P/IPC/read
x3003c0s1b1n0:21365:21386 [3] NCCL INFO Channel 01/0 : 11[c7000] -> 15[c7000] [send] via NET/AWS Libfabric/1
x3004c0s13b0n0:61563:61585 [2] NCCL INFO Channel 00 : 46[85000] -> 47[c7000] via P2P/IPC/read
x3004c0s13b0n0:61563:61585 [2] NCCL INFO Channel 01 : 46[85000] -> 47[c7000] via P2P/IPC/read
x3004c0s13b0n0:61563:61585 [2] NCCL INFO Channel 02 : 46[85000] -> 47[c7000] via P2P/IPC/read
x3004c0s13b0n0:61563:61585 [2] NCCL INFO Channel 03 : 46[85000] -> 47[c7000] via P2P/IPC/read
x3003c0s19b0n0:50470:50494 [3] NCCL INFO Channel 03/0 : 3[c7000] -> 7[c7000] [send] via NET/AWS Libfabric/1
x3004c0s19b0n0:2721:2748 [0] NCCL INFO Channel 02/0 : 48[7000] -> 52[7000] [receive] via NET/AWS Libfabric/3
x3003c0s19b0n0:50469:50495 [2] NCCL INFO Connected all trees
x3003c0s19b0n0:50469:50495 [2] NCCL INFO MSCCL: Parsing algorithm /home/yuke/ncclPG/CCL-LYD/msccl_tools_lyd/examples/xml/xml_lyd/ring/allreduce_ring_node16_gpu64_mcl2_mck2_gan0.xml
x3003c0s19b0n0:50468:50493 [1] NCCL INFO Connected all trees
x3003c0s19b0n0:50468:50493 [1] NCCL INFO MSCCL: Parsing algorithm /home/yuke/ncclPG/CCL-LYD/msccl_tools_lyd/examples/xml/xml_lyd/ring/allreduce_ring_node16_gpu64_mcl2_mck2_gan0.xml
x3003c0s1b0n0:45108:45131 [2] NCCL INFO Channel 03/0 : 6[85000] -> 11[c7000] [send] via NET/AWS Libfabric/1
x3003c0s1b1n0:21363:21388 [1] NCCL INFO Channel 00/0 : 4[7000] -> 9[46000] [receive] via NET/AWS Libfabric/3
x3003c0s31b1n0:65330:65354 [0] NCCL INFO Channel 02/0 : 21[46000] -> 24[7000] [receive] via NET/AWS Libfabric/3
x3004c0s1b0n0:23390:23413 [2] NCCL INFO Channel 02 : 62[85000] -> 63[c7000] via P2P/IPC/read
x3003c0s25b1n0:51006:51031 [0] NCCL INFO Channel 02/0 : 16[7000] -> 20[7000] [send] via NET/AWS Libfabric/3
x3003c0s7b1n0:50807:50831 [2] NCCL INFO Channel 01/0 : 39[c7000] -> 42[85000] [receive] via NET/AWS Libfabric/1
x3003c0s7b0n0:13802:13825 [2] NCCL INFO Channel 00 : 38[85000] -> 39[c7000] via P2P/IPC/read
x3003c0s7b1n0:50805:50832 [0] NCCL INFO Channel 02/0 : 37[46000] -> 40[7000] [receive] via NET/AWS Libfabric/3
x3003c0s19b0n0:50469:50495 [2] NCCL INFO Parsed MSCCL Algorithm /home/yuke/ncclPG/CCL-LYD/msccl_tools_lyd/examples/xml/xml_lyd/ring/allreduce_ring_node16_gpu64_mcl2_mck2_gan0.xml successfully.
x3003c0s19b0n0:50468:50493 [1] NCCL INFO Parsed MSCCL Algorithm /home/yuke/ncclPG/CCL-LYD/msccl_tools_lyd/examples/xml/xml_lyd/ring/allreduce_ring_node16_gpu64_mcl2_mck2_gan0.xml successfully.
x3004c0s19b0n0:2723:2745 [2] NCCL INFO Channel 03 : 54[85000] -> 55[c7000] via P2P/IPC/read
x3004c0s1b0n0:23390:23413 [2] NCCL INFO Channel 03 : 62[85000] -> 63[c7000] via P2P/IPC/read
x3003c0s19b0n0:50468:50493 [1] NCCL INFO Connected 1 MSCCL algorithms
x3003c0s19b0n0:50468:50493 [1] NCCL INFO threadThresholds 8/8/64 | 512/8/64 | 8/8/64 | 8/8/512
x3003c0s19b0n0:50468:50493 [1] NCCL INFO 8 coll channels, 4 p2p channels, 2 p2p channels per peer
x3003c0s1b0n0:45107:45130 [1] NCCL INFO Channel 02/0 : 8[7000] -> 5[46000] [receive] via NET/AWS Libfabric/3
x3003c0s25b0n0:10886:10909 [2] NCCL INFO Channel 00 : 14[85000] -> 15[c7000] via P2P/IPC/read
x3004c0s1b0n0:23388:23415 [0] NCCL INFO Channel 00/0 : 56[7000] -> 60[7000] [receive] via NET/AWS Libfabric/3
x3003c0s1b0n0:45109:45132 [3] NCCL INFO Channel 01/0 : 7[c7000] -> 10[85000] [send] via NET/AWS Libfabric/1
x3003c0s1b1n0:21364:21387 [2] NCCL INFO Channel 01/0 : 7[c7000] -> 10[85000] [receive] via NET/AWS Libfabric/1
x3004c0s13b0n0:61562:61586 [1] NCCL INFO Channel 02/0 : 45[46000] -> 52[7000] [send] via NET/AWS Libfabric/3
x3003c0s7b0n0:13802:13825 [2] NCCL INFO Channel 01 : 38[85000] -> 39[c7000] via P2P/IPC/read
x3003c0s7b0n0:13802:13825 [2] NCCL INFO Channel 02 : 38[85000] -> 39[c7000] via P2P/IPC/read
x3003c0s7b0n0:13802:13825 [2] NCCL INFO Channel 03 : 38[85000] -> 39[c7000] via P2P/IPC/read
x3003c0s25b1n0:51006:51031 [0] NCCL INFO Channel 00/0 : 16[7000] -> 24[7000] [send] via NET/AWS Libfabric/3
x3003c0s7b1n0:50806:50830 [1] NCCL INFO Channel 00/0 : 36[7000] -> 41[46000] [receive] via NET/AWS Libfabric/3
x3003c0s31b0n0:33175:33201 [0] NCCL INFO Channel 00/0 : 20[7000] -> 25[46000] [send] via NET/AWS Libfabric/3
x3003c0s31b1n0:65331:65356 [1] NCCL INFO Channel 00/0 : 20[7000] -> 25[46000] [receive] via NET/AWS Libfabric/3
x3003c0s19b0n0:50469:50495 [2] NCCL INFO Channel 06/0 : 62[85000] -> 2[85000] [receive] via NET/AWS Libfabric/3
x3003c0s31b1n0:65332:65357 [2] NCCL INFO Channel 01/0 : 23[c7000] -> 26[85000] [receive] via NET/AWS Libfabric/1
x3003c0s19b0n0:50469:50495 [2] NCCL INFO Channel 07/0 : 62[85000] -> 2[85000] [receive] via NET/AWS Libfabric/3
x3003c0s25b1n0:51008:51033 [2] NCCL INFO Channel 01/0 : 11[c7000] -> 18[85000] [receive] via NET/AWS Libfabric/1
x3003c0s1b1n0:21362:21389 [0] NCCL INFO Channel 00/0 : 8[7000] -> 12[7000] [send] via NET/AWS Libfabric/3
x3004c0s13b0n0:61563:61585 [2] NCCL INFO Channel 03/0 : 46[85000] -> 55[c7000] [send] via NET/AWS Libfabric/1
x3003c0s31b1n0:65333:65355 [3] NCCL INFO Channel 01/0 : 27[c7000] -> 31[c7000] [send] via NET/AWS Libfabric/1
x3004c0s13b1n0:19913:19940 [0] NCCL INFO Channel 00/0 : 48[7000] -> 56[7000] [send] via NET/AWS Libfabric/3
x3003c0s25b1n0:51007:51030 [1] NCCL INFO Channel 00/0 : 8[7000] -> 17[46000] [receive] via NET/AWS Libfabric/3
x3003c0s25b0n0:10884:10911 [0] NCCL INFO Channel 00/0 : 8[7000] -> 12[7000] [receive] via NET/AWS Libfabric/3
x3004c0s13b0n0:61564:61587 [3] NCCL INFO Channel 01/0 : 43[c7000] -> 47[c7000] [receive] via NET/AWS Libfabric/1
x3003c0s1b0n0:45106:45133 [0] NCCL INFO Channel 02/0 : 4[7000] -> 12[7000] [send] via NET/AWS Libfabric/3
x3004c0s1b0n0:23390:23413 [2] NCCL INFO Channel 00 : 62[85000] -> 61[46000] via P2P/IPC/read
x3003c0s1b1n0:21362:21389 [0] NCCL INFO Channel 00/0 : 8[7000] -> 17[46000] [send] via NET/AWS Libfabric/3
x3003c0s31b1n0:65331:65356 [1] NCCL INFO Channel 00/0 : 25[46000] -> 20[7000] [send] via NET/AWS Libfabric/3
x3003c0s25b0n0:10886:10909 [2] NCCL INFO Channel 01 : 14[85000] -> 15[c7000] via P2P/IPC/read
x3003c0s25b0n0:10886:10909 [2] NCCL INFO Channel 02 : 14[85000] -> 15[c7000] via P2P/IPC/read
x3003c0s25b0n0:10886:10909 [2] NCCL INFO Channel 03 : 14[85000] -> 15[c7000] via P2P/IPC/read
x3003c0s31b0n0:33176:33199 [1] NCCL INFO Channel 02/0 : 24[7000] -> 21[46000] [receive] via NET/AWS Libfabric/3
x3003c0s7b0n0:13803:13826 [3] NCCL INFO Channel 01/0 : 39[c7000] -> 42[85000] [send] via NET/AWS Libfabric/1
x3003c0s7b0n0:13801:13824 [1] NCCL INFO Channel 02/0 : 37[46000] -> 40[7000] [send] via NET/AWS Libfabric/3
x3004c0s19b0n0:2721:2748 [0] NCCL INFO Channel 00/0 : 52[7000] -> 57[46000] [send] via NET/AWS Libfabric/3
x3004c0s1b0n0:23391:23412 [3] NCCL INFO Channel 01/0 : 59[c7000] -> 63[c7000] [receive] via NET/AWS Libfabric/1
x3003c0s31b1n0:65330:65354 [0] NCCL INFO Channel 00/0 : 24[7000] -> 28[7000] [send] via NET/AWS Libfabric/3
x3004c0s19b0n0:2722:2746 [1] NCCL INFO Channel 02/0 : 53[46000] -> 56[7000] [send] via NET/AWS Libfabric/3
x3003c0s1b0n0:45109:45132 [3] NCCL INFO Channel 03/0 : 3[c7000] -> 7[c7000] [receive] via NET/AWS Libfabric/1
x3003c0s7b1n0:50806:50830 [1] NCCL INFO Channel 00/0 : 41[46000] -> 36[7000] [send] via NET/AWS Libfabric/3
x3003c0s19b0n0:50469:50495 [2] NCCL INFO Channel 06/0 : 2[85000] -> 6[85000] [send] via NET/AWS Libfabric/3
x3003c0s7b0n0:13803:13826 [3] NCCL INFO Channel 03/0 : 35[c7000] -> 39[c7000] [receive] via NET/AWS Libfabric/1
x3003c0s25b0n0:10885:10910 [1] NCCL INFO Channel 02/0 : 13[46000] -> 20[7000] [send] via NET/AWS Libfabric/3
x3003c0s19b0n0:50469:50495 [2] NCCL INFO Channel 07/0 : 2[85000] -> 6[85000] [send] via NET/AWS Libfabric/3
x3004c0s19b0n0:2724:2747 [3] NCCL INFO Channel 01/0 : 55[c7000] -> 58[85000] [send] via NET/AWS Libfabric/1
x3003c0s31b1n0:65333:65355 [3] NCCL INFO Channel 03/0 : 22[85000] -> 27[c7000] [receive] via NET/AWS Libfabric/1
x3003c0s7b0n0:13802:13825 [2] NCCL INFO Channel 03/0 : 38[85000] -> 43[c7000] [send] via NET/AWS Libfabric/1
x3004c0s1b0n0:23390:23413 [2] NCCL INFO Channel 02 : 62[85000] -> 61[46000] via P2P/IPC/read
x3004c0s19b0n0:2722:2746 [1] NCCL INFO Channel 02/0 : 56[7000] -> 53[46000] [receive] via NET/AWS Libfabric/3
x3003c0s31b0n0:33175:33201 [0] NCCL INFO Channel 02/0 : 13[46000] -> 20[7000] [receive] via NET/AWS Libfabric/3
x3003c0s31b0n0:33178:33202 [3] NCCL INFO Channel 03/0 : 19[c7000] -> 23[c7000] [receive] via NET/AWS Libfabric/1
x3004c0s19b1n0:42400:42422 [3] NCCL INFO Channel 03/0 : 54[85000] -> 59[c7000] [receive] via NET/AWS Libfabric/1
x3003c0s1b1n0:21364:21387 [2] NCCL INFO Channel 01/0 : 10[85000] -> 7[c7000] [send] via NET/AWS Libfabric/1
x3003c0s37b0n0:2783:2804 [3] NCCL INFO Channel 03/0 : 15[c7000] -> 31[c7000] [receive] via NET/AWS Libfabric/1
x3004c0s19b0n0:2721:2748 [0] NCCL INFO Channel 02/0 : 45[46000] -> 52[7000] [receive] via NET/AWS Libfabric/3
x3003c0s25b0n0:10887:10908 [3] NCCL INFO Channel 01/0 : 11[c7000] -> 15[c7000] [receive] via NET/AWS Libfabric/1
x3003c0s7b1n0:50805:50832 [0] NCCL INFO Channel 00/0 : 40[7000] -> 44[7000] [send] via NET/AWS Libfabric/3
x3003c0s37b1n0:46247:46271 [3] NCCL INFO Channel 01/0 : 35[c7000] -> 51[c7000] [send] via NET/AWS Libfabric/1
x3003c0s1b1n0:21363:21388 [1] NCCL INFO Channel 00/0 : 9[46000] -> 4[7000] [send] via NET/AWS Libfabric/3
x3004c0s19b1n0:42397:42424 [0] NCCL INFO Channel 00/0 : 56[7000] -> 60[7000] [send] via NET/AWS Libfabric/3
x3004c0s1b0n0:23389:23414 [1] NCCL INFO Connected all trees
x3004c0s1b0n0:23389:23414 [1] NCCL INFO MSCCL: Parsing algorithm /home/yuke/ncclPG/CCL-LYD/msccl_tools_lyd/examples/xml/xml_lyd/ring/allreduce_ring_node16_gpu64_mcl2_mck2_gan0.xml
x3003c0s7b0n0:13801:13824 [1] NCCL INFO Channel 02/0 : 40[7000] -> 37[46000] [receive] via NET/AWS Libfabric/3
x3004c0s1b0n0:23390:23413 [2] NCCL INFO Connected all trees
x3004c0s1b0n0:23390:23413 [2] NCCL INFO MSCCL: Parsing algorithm /home/yuke/ncclPG/CCL-LYD/msccl_tools_lyd/examples/xml/xml_lyd/ring/allreduce_ring_node16_gpu64_mcl2_mck2_gan0.xml
x3003c0s7b0n0:13800:13827 [0] NCCL INFO Channel 02/0 : 36[7000] -> 44[7000] [send] via NET/AWS Libfabric/3
x3003c0s25b0n0:10886:10909 [2] NCCL INFO Channel 03/0 : 14[85000] -> 23[c7000] [send] via NET/AWS Libfabric/1
x3003c0s31b1n0:65332:65357 [2] NCCL INFO Channel 01/0 : 26[85000] -> 23[c7000] [send] via NET/AWS Libfabric/1
x3003c0s37b0n0:2780:2806 [0] NCCL INFO Channel 02/0 : 12[7000] -> 28[7000] [receive] via NET/AWS Libfabric/3
x3003c0s19b0n0:50470:50494 [3] NCCL INFO Channel 01/0 : 35[c7000] -> 3[c7000] [receive] via NET/AWS Libfabric/1
x3004c0s19b0n0:2723:2745 [2] NCCL INFO Channel 03/0 : 54[85000] -> 59[c7000] [send] via NET/AWS Libfabric/1
x3003c0s7b1n0:50808:50829 [3] NCCL INFO Channel 03/0 : 38[85000] -> 43[c7000] [receive] via NET/AWS Libfabric/1
x3004c0s19b1n0:42397:42424 [0] NCCL INFO Channel 00/0 : 48[7000] -> 56[7000] [receive] via NET/AWS Libfabric/3
x3003c0s31b1n0:65330:65354 [0] NCCL INFO Channel 00/0 : 16[7000] -> 24[7000] [receive] via NET/AWS Libfabric/3
x3003c0s1b1n0:21362:21389 [0] NCCL INFO Channel 00/0 : 17[46000] -> 8[7000] [receive] via NET/AWS Libfabric/3
x3003c0s25b0n0:10884:10911 [0] NCCL INFO Channel 02/0 : 4[7000] -> 12[7000] [receive] via NET/AWS Libfabric/3
x3003c0s7b1n0:50807:50831 [2] NCCL INFO Channel 01/0 : 42[85000] -> 39[c7000] [send] via NET/AWS Libfabric/1
x3003c0s25b1n0:51007:51030 [1] NCCL INFO Channel 00/0 : 17[46000] -> 8[7000] [send] via NET/AWS Libfabric/3
x3004c0s1b0n0:23389:23414 [1] NCCL INFO Parsed MSCCL Algorithm /home/yuke/ncclPG/CCL-LYD/msccl_tools_lyd/examples/xml/xml_lyd/ring/allreduce_ring_node16_gpu64_mcl2_mck2_gan0.xml successfully.
x3004c0s1b0n0:23389:23414 [1] NCCL INFO Connected 1 MSCCL algorithms
x3004c0s1b0n0:23389:23414 [1] NCCL INFO threadThresholds 8/8/64 | 512/8/64 | 8/8/64 | 8/8/512
x3004c0s1b0n0:23389:23414 [1] NCCL INFO 8 coll channels, 4 p2p channels, 2 p2p channels per peer
x3004c0s1b0n0:23390:23413 [2] NCCL INFO Parsed MSCCL Algorithm /home/yuke/ncclPG/CCL-LYD/msccl_tools_lyd/examples/xml/xml_lyd/ring/allreduce_ring_node16_gpu64_mcl2_mck2_gan0.xml successfully.
x3004c0s19b0n0:2724:2747 [3] NCCL INFO Channel 03/0 : 51[c7000] -> 55[c7000] [receive] via NET/AWS Libfabric/1
x3004c0s19b1n0:42399:42423 [2] NCCL INFO Channel 01/0 : 58[85000] -> 55[c7000] [send] via NET/AWS Libfabric/1
x3003c0s7b0n0:13803:13826 [3] NCCL INFO Channel 03/0 : 39[c7000] -> 47[c7000] [send] via NET/AWS Libfabric/1
x3003c0s25b1n0:51009:51032 [3] NCCL INFO Channel 01/0 : 19[c7000] -> 27[c7000] [send] via NET/AWS Libfabric/1
x3003c0s25b0n0:10885:10910 [1] NCCL INFO Channel 02/0 : 20[7000] -> 13[46000] [receive] via NET/AWS Libfabric/3
x3004c0s13b0n0:61564:61587 [3] NCCL INFO Channel 03/0 : 39[c7000] -> 47[c7000] [receive] via NET/AWS Libfabric/1
x3003c0s19b0n0:50470:50494 [3] NCCL INFO Channel 01/0 : 3[c7000] -> 35[c7000] [send] via NET/AWS Libfabric/1
x3003c0s1b0n0:45109:45132 [3] NCCL INFO Channel 03/0 : 7[c7000] -> 15[c7000] [send] via NET/AWS Libfabric/1
x3004c0s19b1n0:42398:42421 [1] NCCL INFO Channel 00/0 : 57[46000] -> 52[7000] [send] via NET/AWS Libfabric/3
x3004c0s13b0n0:61561:61588 [0] NCCL INFO Channel 02/0 : 36[7000] -> 44[7000] [receive] via NET/AWS Libfabric/3
x3004c0s19b0n0:2723:2745 [2] NCCL INFO Channel 03/0 : 59[c7000] -> 54[85000] [receive] via NET/AWS Libfabric/1
x3003c0s31b0n0:33177:33200 [2] NCCL INFO Channel 03/0 : 27[c7000] -> 22[85000] [receive] via NET/AWS Libfabric/1
x3003c0s1b1n0:21365:21386 [3] NCCL INFO Channel 03/0 : 6[85000] -> 11[c7000] [receive] via NET/AWS Libfabric/1
x3003c0s7b0n0:13802:13825 [2] NCCL INFO Channel 03/0 : 43[c7000] -> 38[85000] [receive] via NET/AWS Libfabric/1
x3003c0s7b0n0:13803:13826 [3] NCCL INFO Channel 03/0 : 47[c7000] -> 39[c7000] [receive] via NET/AWS Libfabric/1
x3003c0s7b1n0:50805:50832 [0] NCCL INFO Channel 00/0 : 40[7000] -> 49[46000] [send] via NET/AWS Libfabric/3
x3004c0s13b1n0:19916:19937 [3] NCCL INFO Channel 01/0 : 51[c7000] -> 59[c7000] [send] via NET/AWS Libfabric/1
x3004c0s19b0n0:2721:2748 [0] NCCL INFO Channel 02/0 : 52[7000] -> 45[46000] [send] via NET/AWS Libfabric/3
x3004c0s1b0n0:23391:23412 [3] NCCL INFO Channel 03/0 : 31[c7000] -> 63[c7000] [receive] via NET/AWS Libfabric/1
x3004c0s1b0n0:23390:23413 [2] NCCL INFO Channel 06/0 : 58[85000] -> 62[85000] [receive] via NET/AWS Libfabric/3
x3003c0s31b1n0:65333:65355 [3] NCCL INFO Channel 01/0 : 19[c7000] -> 27[c7000] [receive] via NET/AWS Libfabric/1
x3003c0s31b0n0:33178:33202 [3] NCCL INFO Channel 03/0 : 14[85000] -> 23[c7000] [receive] via NET/AWS Libfabric/1
x3003c0s31b1n0:65330:65354 [0] NCCL INFO Channel 00/0 : 24[7000] -> 16[7000] [send] via NET/AWS Libfabric/3
x3003c0s7b1n0:50805:50832 [0] NCCL INFO Channel 00/0 : 49[46000] -> 40[7000] [receive] via NET/AWS Libfabric/3
x3004c0s1b0n0:23388:23415 [0] NCCL INFO Channel 02/0 : 28[7000] -> 60[7000] [receive] via NET/AWS Libfabric/3
x3003c0s31b0n0:33175:33201 [0] NCCL INFO Channel 02/0 : 20[7000] -> 13[46000] [send] via NET/AWS Libfabric/3
x3004c0s13b1n0:19913:19940 [0] NCCL INFO Channel 00/0 : 32[7000] -> 48[7000] [receive] via NET/AWS Libfabric/3
x3003c0s25b0n0:10884:10911 [0] NCCL INFO Channel 02/0 : 12[7000] -> 28[7000] [send] via NET/AWS Libfabric/3
x3004c0s13b0n0:61562:61586 [1] NCCL INFO Channel 02/0 : 52[7000] -> 45[46000] [receive] via NET/AWS Libfabric/3
x3004c0s1b0n0:23391:23412 [3] NCCL INFO Channel 03/0 : 63[c7000] -> 31[c7000] [send] via NET/AWS Libfabric/1
x3003c0s25b0n0:10887:10908 [3] NCCL INFO Channel 03/0 : 7[c7000] -> 15[c7000] [receive] via NET/AWS Libfabric/1
x3003c0s7b1n0:50808:50829 [3] NCCL INFO Channel 01/0 : 43[c7000] -> 50[85000] [send] via NET/AWS Libfabric/1
x3003c0s7b0n0:13800:13827 [0] NCCL INFO Channel 02/0 : 44[7000] -> 36[7000] [receive] via NET/AWS Libfabric/3
x3004c0s19b1n0:42397:42424 [0] NCCL INFO Channel 00/0 : 56[7000] -> 48[7000] [send] via NET/AWS Libfabric/3
x3004c0s19b1n0:42400:42422 [3] NCCL INFO Channel 01/0 : 51[c7000] -> 59[c7000] [receive] via NET/AWS Libfabric/1
x3003c0s25b1n0:51006:51031 [0] NCCL INFO Channel 00/0 : 16[7000] -> 33[46000] [send] via NET/AWS Libfabric/3
x3004c0s1b0n0:23390:23413 [2] NCCL INFO Channel 07/0 : 58[85000] -> 62[85000] [receive] via NET/AWS Libfabric/3
x3004c0s13b1n0:19914:19938 [1] NCCL INFO Channel 00/0 : 49[46000] -> 40[7000] [send] via NET/AWS Libfabric/3
x3003c0s25b0n0:10886:10909 [2] NCCL INFO Channel 03/0 : 23[c7000] -> 14[85000] [receive] via NET/AWS Libfabric/1
x3003c0s1b0n0:45106:45133 [0] NCCL INFO Channel 02/0 : 12[7000] -> 4[7000] [receive] via NET/AWS Libfabric/3
x3003c0s1b1n0:21362:21389 [0] NCCL INFO Channel 00/0 : 12[7000] -> 8[7000] [receive] via NET/AWS Libfabric/3
x3004c0s13b0n0:61564:61587 [3] NCCL INFO Channel 03/0 : 30[85000] -> 47[c7000] [receive] via NET/AWS Libfabric/1
x3004c0s19b0n0:2724:2747 [3] NCCL INFO Channel 03/0 : 46[85000] -> 55[c7000] [receive] via NET/AWS Libfabric/1
x3003c0s1b0n0:45108:45131 [2] NCCL INFO Channel 03/0 : 11[c7000] -> 6[85000] [receive] via NET/AWS Libfabric/1
x3004c0s13b0n0:61561:61588 [0] NCCL INFO Channel 02/0 : 29[46000] -> 44[7000] [receive] via NET/AWS Libfabric/3
x3003c0s25b0n0:10884:10911 [0] NCCL INFO Channel 02/0 : 28[7000] -> 12[7000] [receive] via NET/AWS Libfabric/3
x3003c0s31b0n0:33175:33201 [0] NCCL INFO Channel 00/0 : 25[46000] -> 20[7000] [receive] via NET/AWS Libfabric/3
x3003c0s37b0n0:2780:2806 [0] NCCL INFO Channel 02/0 : 60[7000] -> 28[7000] [receive] via NET/AWS Libfabric/3
x3003c0s7b1n0:50808:50829 [3] NCCL INFO Channel 01/0 : 50[85000] -> 43[c7000] [receive] via NET/AWS Libfabric/1
x3004c0s13b0n0:61563:61585 [2] NCCL INFO Channel 03/0 : 55[c7000] -> 46[85000] [receive] via NET/AWS Libfabric/1
x3003c0s31b1n0:65333:65355 [3] NCCL INFO Channel 01/0 : 27[c7000] -> 19[c7000] [send] via NET/AWS Libfabric/1
x3004c0s13b1n0:19915:19939 [2] NCCL INFO Channel 01/0 : 50[85000] -> 43[c7000] [send] via NET/AWS Libfabric/1
x3004c0s1b0n0:23388:23415 [0] NCCL INFO Channel 02/0 : 60[7000] -> 28[7000] [send] via NET/AWS Libfabric/3
x3003c0s1b0n0:45109:45132 [3] NCCL INFO Channel 03/0 : 15[c7000] -> 7[c7000] [receive] via NET/AWS Libfabric/1
x3003c0s25b1n0:51006:51031 [0] NCCL INFO Channel 00/0 : 33[46000] -> 16[7000] [receive] via NET/AWS Libfabric/3
x3004c0s19b0n0:2721:2748 [0] NCCL INFO Channel 00/0 : 57[46000] -> 52[7000] [receive] via NET/AWS Libfabric/3
x3003c0s37b1n0:46245:46269 [1] NCCL INFO Channel 00/0 : 33[46000] -> 16[7000] [send] via NET/AWS Libfabric/3
x3004c0s1b0n0:23390:23413 [2] NCCL INFO Channel 06/0 : 62[85000] -> 2[85000] [send] via NET/AWS Libfabric/3
x3003c0s25b1n0:51009:51032 [3] NCCL INFO Channel 01/0 : 19[c7000] -> 34[85000] [send] via NET/AWS Libfabric/1
x3004c0s13b1n0:19915:19939 [2] NCCL INFO Channel 00 : 50[85000] -> 49[46000] via P2P/IPC/read
x3004c0s1b0n0:23390:23413 [2] NCCL INFO Channel 07/0 : 62[85000] -> 2[85000] [send] via NET/AWS Libfabric/3
x3003c0s25b0n0:10887:10908 [3] NCCL INFO Channel 03/0 : 15[c7000] -> 31[c7000] [send] via NET/AWS Libfabric/1
x3004c0s19b1n0:42400:42422 [3] NCCL INFO Channel 01/0 : 59[c7000] -> 51[c7000] [send] via NET/AWS Libfabric/1
x3003c0s1b1n0:21365:21386 [3] NCCL INFO Channel 01/0 : 11[c7000] -> 18[85000] [send] via NET/AWS Libfabric/1
x3003c0s31b0n0:33178:33202 [3] NCCL INFO Channel 03/0 : 23[c7000] -> 14[85000] [send] via NET/AWS Libfabric/1
x3004c0s13b1n0:19913:19940 [0] NCCL INFO Channel 00/0 : 48[7000] -> 32[7000] [send] via NET/AWS Libfabric/3
x3003c0s37b1n0:46246:46268 [2] NCCL INFO Channel 01/0 : 34[85000] -> 19[c7000] [send] via NET/AWS Libfabric/1
x3004c0s13b1n0:19916:19937 [3] NCCL INFO Channel 01/0 : 35[c7000] -> 51[c7000] [receive] via NET/AWS Libfabric/1
x3003c0s7b1n0:50805:50832 [0] NCCL INFO Channel 00/0 : 44[7000] -> 40[7000] [receive] via NET/AWS Libfabric/3
x3004c0s13b1n0:19915:19939 [2] NCCL INFO Channel 02 : 50[85000] -> 49[46000] via P2P/IPC/read
x3004c0s13b1n0:19914:19938 [1] NCCL INFO Connected all trees
x3004c0s13b1n0:19914:19938 [1] NCCL INFO MSCCL: Parsing algorithm /home/yuke/ncclPG/CCL-LYD/msccl_tools_lyd/examples/xml/xml_lyd/ring/allreduce_ring_node16_gpu64_mcl2_mck2_gan0.xml
x3004c0s13b1n0:19915:19939 [2] NCCL INFO Connected all trees
x3004c0s13b1n0:19915:19939 [2] NCCL INFO MSCCL: Parsing algorithm /home/yuke/ncclPG/CCL-LYD/msccl_tools_lyd/examples/xml/xml_lyd/ring/allreduce_ring_node16_gpu64_mcl2_mck2_gan0.xml
x3003c0s37b0n0:2780:2806 [0] NCCL INFO Channel 02/0 : 28[7000] -> 60[7000] [send] via NET/AWS Libfabric/3
x3003c0s37b0n0:2782:2805 [2] NCCL INFO Channel 03/0 : 47[c7000] -> 30[85000] [receive] via NET/AWS Libfabric/1
x3003c0s37b1n0:46244:46270 [0] NCCL INFO Channel 00/0 : 0[7000] -> 32[7000] [receive] via NET/AWS Libfabric/3
x3003c0s1b1n0:21365:21386 [3] NCCL INFO Channel 01/0 : 18[85000] -> 11[c7000] [receive] via NET/AWS Libfabric/1
x3003c0s37b0n0:2783:2804 [3] NCCL INFO Channel 03/0 : 63[c7000] -> 31[c7000] [receive] via NET/AWS Libfabric/1
x3003c0s37b0n0:2783:2804 [3] NCCL INFO Channel 03/0 : 31[c7000] -> 63[c7000] [send] via NET/AWS Libfabric/1
x3004c0s19b0n0:2724:2747 [3] NCCL INFO Channel 03/0 : 55[c7000] -> 46[85000] [send] via NET/AWS Libfabric/1
x3003c0s25b0n0:10886:10909 [2] NCCL INFO Channel 00 : 14[85000] -> 13[46000] via P2P/IPC/read
x3003c0s31b0n0:33178:33202 [3] NCCL INFO Channel 03/0 : 23[c7000] -> 19[c7000] [send] via NET/AWS Libfabric/1
x3004c0s13b0n0:61561:61588 [0] NCCL INFO Channel 02/0 : 44[7000] -> 29[46000] [send] via NET/AWS Libfabric/3
x3003c0s31b0n0:33175:33201 [0] NCCL INFO Channel 02/0 : 20[7000] -> 16[7000] [send] via NET/AWS Libfabric/3
x3004c0s13b1n0:19914:19938 [1] NCCL INFO Parsed MSCCL Algorithm /home/yuke/ncclPG/CCL-LYD/msccl_tools_lyd/examples/xml/xml_lyd/ring/allreduce_ring_node16_gpu64_mcl2_mck2_gan0.xml successfully.
x3004c0s13b1n0:19915:19939 [2] NCCL INFO Parsed MSCCL Algorithm /home/yuke/ncclPG/CCL-LYD/msccl_tools_lyd/examples/xml/xml_lyd/ring/allreduce_ring_node16_gpu64_mcl2_mck2_gan0.xml successfully.
x3004c0s13b1n0:19914:19938 [1] NCCL INFO Connected 1 MSCCL algorithms
x3004c0s13b1n0:19914:19938 [1] NCCL INFO threadThresholds 8/8/64 | 512/8/64 | 8/8/64 | 8/8/512
x3004c0s13b1n0:19914:19938 [1] NCCL INFO 8 coll channels, 4 p2p channels, 2 p2p channels per peer
x3004c0s13b0n0:61563:61585 [2] NCCL INFO Channel 00 : 46[85000] -> 45[46000] via P2P/IPC/read
x3003c0s25b0n0:10886:10909 [2] NCCL INFO Channel 02 : 14[85000] -> 13[46000] via P2P/IPC/read
x3003c0s37b1n0:46244:46270 [0] NCCL INFO Channel 00/0 : 32[7000] -> 0[7000] [send] via NET/AWS Libfabric/3
x3003c0s37b0n0:2781:2807 [1] NCCL INFO Channel 02/0 : 44[7000] -> 29[46000] [receive] via NET/AWS Libfabric/3
x3004c0s19b0n0:2724:2747 [3] NCCL INFO Channel 03/0 : 55[c7000] -> 51[c7000] [send] via NET/AWS Libfabric/1
x3003c0s25b0n0:10887:10908 [3] NCCL INFO Channel 03/0 : 31[c7000] -> 15[c7000] [receive] via NET/AWS Libfabric/1
x3003c0s37b0n0:2783:2804 [3] NCCL INFO Channel 03/0 : 31[c7000] -> 15[c7000] [send] via NET/AWS Libfabric/1
x3003c0s7b1n0:50808:50829 [3] NCCL INFO Channel 03/0 : 43[c7000] -> 38[85000] [send] via NET/AWS Libfabric/1
x3003c0s25b0n0:10886:10909 [2] NCCL INFO Connected all trees
x3003c0s25b0n0:10886:10909 [2] NCCL INFO MSCCL: Parsing algorithm /home/yuke/ncclPG/CCL-LYD/msccl_tools_lyd/examples/xml/xml_lyd/ring/allreduce_ring_node16_gpu64_mcl2_mck2_gan0.xml
x3003c0s25b0n0:10885:10910 [1] NCCL INFO Connected all trees
x3003c0s25b0n0:10885:10910 [1] NCCL INFO MSCCL: Parsing algorithm /home/yuke/ncclPG/CCL-LYD/msccl_tools_lyd/examples/xml/xml_lyd/ring/allreduce_ring_node16_gpu64_mcl2_mck2_gan0.xml
x3003c0s25b1n0:51009:51032 [3] NCCL INFO Channel 01/0 : 34[85000] -> 19[c7000] [receive] via NET/AWS Libfabric/1
x3004c0s19b0n0:2721:2748 [0] NCCL INFO Channel 02/0 : 52[7000] -> 48[7000] [send] via NET/AWS Libfabric/3
x3003c0s25b1n0:51008:51033 [2] NCCL INFO Channel 01/0 : 18[85000] -> 11[c7000] [send] via NET/AWS Libfabric/1
x3004c0s13b0n0:61564:61587 [3] NCCL INFO Channel 03/0 : 47[c7000] -> 30[85000] [send] via NET/AWS Libfabric/1
x3004c0s13b0n0:61564:61587 [3] NCCL INFO Channel 03/0 : 47[c7000] -> 39[c7000] [send] via NET/AWS Libfabric/1
x3003c0s37b0n0:2782:2805 [2] NCCL INFO Channel 00 : 30[85000] -> 29[46000] via P2P/IPC/read
x3003c0s25b1n0:51008:51033 [2] NCCL INFO Channel 00 : 18[85000] -> 17[46000] via P2P/IPC/read
x3003c0s25b0n0:10886:10909 [2] NCCL INFO Parsed MSCCL Algorithm /home/yuke/ncclPG/CCL-LYD/msccl_tools_lyd/examples/xml/xml_lyd/ring/allreduce_ring_node16_gpu64_mcl2_mck2_gan0.xml successfully.
x3003c0s37b1n0:46246:46268 [2] NCCL INFO Channel 00 : 34[85000] -> 33[46000] via P2P/IPC/read
x3004c0s13b0n0:61563:61585 [2] NCCL INFO Channel 02 : 46[85000] -> 45[46000] via P2P/IPC/read
x3003c0s7b0n0:13802:13825 [2] NCCL INFO Channel 00 : 38[85000] -> 37[46000] via P2P/IPC/read
x3003c0s37b0n0:2782:2805 [2] NCCL INFO Channel 02 : 30[85000] -> 29[46000] via P2P/IPC/read
x3003c0s25b0n0:10885:10910 [1] NCCL INFO Parsed MSCCL Algorithm /home/yuke/ncclPG/CCL-LYD/msccl_tools_lyd/examples/xml/xml_lyd/ring/allreduce_ring_node16_gpu64_mcl2_mck2_gan0.xml successfully.
x3003c0s25b1n0:51006:51031 [0] NCCL INFO Channel 00/0 : 24[7000] -> 16[7000] [receive] via NET/AWS Libfabric/3
x3004c0s13b1n0:19916:19937 [3] NCCL INFO Channel 01/0 : 51[c7000] -> 35[c7000] [send] via NET/AWS Libfabric/1
x3004c0s13b0n0:61561:61588 [0] NCCL INFO Channel 02/0 : 44[7000] -> 36[7000] [send] via NET/AWS Libfabric/3
x3003c0s25b0n0:10885:10910 [1] NCCL INFO Connected 1 MSCCL algorithms
x3003c0s25b0n0:10885:10910 [1] NCCL INFO threadThresholds 8/8/64 | 512/8/64 | 8/8/64 | 8/8/512
x3003c0s25b0n0:10885:10910 [1] NCCL INFO 8 coll channels, 4 p2p channels, 2 p2p channels per peer
x3003c0s7b1n0:50808:50829 [3] NCCL INFO Channel 01/0 : 47[c7000] -> 43[c7000] [receive] via NET/AWS Libfabric/1
x3003c0s37b1n0:46247:46271 [3] NCCL INFO Channel 01/0 : 3[c7000] -> 35[c7000] [receive] via NET/AWS Libfabric/1
x3003c0s37b0n0:2780:2806 [0] NCCL INFO Channel 02/0 : 28[7000] -> 12[7000] [send] via NET/AWS Libfabric/3
x3004c0s13b0n0:61563:61585 [2] NCCL INFO Connected all trees
x3004c0s13b0n0:61563:61585 [2] NCCL INFO MSCCL: Parsing algorithm /home/yuke/ncclPG/CCL-LYD/msccl_tools_lyd/examples/xml/xml_lyd/ring/allreduce_ring_node16_gpu64_mcl2_mck2_gan0.xml
x3004c0s13b0n0:61562:61586 [1] NCCL INFO Connected all trees
x3004c0s13b0n0:61562:61586 [1] NCCL INFO MSCCL: Parsing algorithm /home/yuke/ncclPG/CCL-LYD/msccl_tools_lyd/examples/xml/xml_lyd/ring/allreduce_ring_node16_gpu64_mcl2_mck2_gan0.xml
x3003c0s7b0n0:13802:13825 [2] NCCL INFO Channel 02 : 38[85000] -> 37[46000] via P2P/IPC/read
x3003c0s7b0n0:13803:13826 [3] NCCL INFO Channel 03/0 : 39[c7000] -> 35[c7000] [send] via NET/AWS Libfabric/1
x3004c0s13b1n0:19915:19939 [2] NCCL INFO Channel 06/0 : 46[85000] -> 50[85000] [receive] via NET/AWS Libfabric/3
x3003c0s1b1n0:21365:21386 [3] NCCL INFO Channel 03/0 : 11[c7000] -> 6[85000] [send] via NET/AWS Libfabric/1
x3003c0s37b1n0:46247:46271 [3] NCCL INFO Channel 01/0 : 35[c7000] -> 3[c7000] [send] via NET/AWS Libfabric/1
x3004c0s1b0n0:23388:23415 [0] NCCL INFO Channel 00/0 : 60[7000] -> 56[7000] [send] via NET/AWS Libfabric/3
x3003c0s25b1n0:51008:51033 [2] NCCL INFO Channel 02 : 18[85000] -> 17[46000] via P2P/IPC/read
x3003c0s7b0n0:13800:13827 [0] NCCL INFO Channel 00/0 : 41[46000] -> 36[7000] [receive] via NET/AWS Libfabric/3
x3003c0s25b0n0:10887:10908 [3] NCCL INFO Channel 03/0 : 15[c7000] -> 7[c7000] [send] via NET/AWS Libfabric/1
x3003c0s37b1n0:46246:46268 [2] NCCL INFO Channel 02 : 34[85000] -> 33[46000] via P2P/IPC/read
x3004c0s1b0n0:23391:23412 [3] NCCL INFO Channel 01/0 : 63[c7000] -> 59[c7000] [send] via NET/AWS Libfabric/1
x3003c0s37b1n0:46246:46268 [2] NCCL INFO Connected all trees
x3003c0s37b1n0:46246:46268 [2] NCCL INFO MSCCL: Parsing algorithm /home/yuke/ncclPG/CCL-LYD/msccl_tools_lyd/examples/xml/xml_lyd/ring/allreduce_ring_node16_gpu64_mcl2_mck2_gan0.xml
x3003c0s37b1n0:46245:46269 [1] NCCL INFO Connected all trees
x3003c0s37b1n0:46245:46269 [1] NCCL INFO MSCCL: Parsing algorithm /home/yuke/ncclPG/CCL-LYD/msccl_tools_lyd/examples/xml/xml_lyd/ring/allreduce_ring_node16_gpu64_mcl2_mck2_gan0.xml
x3003c0s37b0n0:2783:2804 [3] NCCL INFO Channel 01/0 : 31[c7000] -> 27[c7000] [send] via NET/AWS Libfabric/1
x3003c0s19b0n0:50467:50492 [0] NCCL INFO Channel 02/0 : 4[7000] -> 0[7000] [receive] via NET/AWS Libfabric/3
x3003c0s37b0n0:2782:2805 [2] NCCL INFO Connected all trees
x3003c0s37b0n0:2782:2805 [2] NCCL INFO MSCCL: Parsing algorithm /home/yuke/ncclPG/CCL-LYD/msccl_tools_lyd/examples/xml/xml_lyd/ring/allreduce_ring_node16_gpu64_mcl2_mck2_gan0.xml
x3003c0s37b0n0:2781:2807 [1] NCCL INFO Connected all trees
x3003c0s37b0n0:2781:2807 [1] NCCL INFO MSCCL: Parsing algorithm /home/yuke/ncclPG/CCL-LYD/msccl_tools_lyd/examples/xml/xml_lyd/ring/allreduce_ring_node16_gpu64_mcl2_mck2_gan0.xml
x3003c0s25b0n0:10884:10911 [0] NCCL INFO Channel 02/0 : 12[7000] -> 4[7000] [send] via NET/AWS Libfabric/3
x3004c0s13b0n0:61563:61585 [2] NCCL INFO Parsed MSCCL Algorithm /home/yuke/ncclPG/CCL-LYD/msccl_tools_lyd/examples/xml/xml_lyd/ring/allreduce_ring_node16_gpu64_mcl2_mck2_gan0.xml successfully.
x3004c0s13b0n0:61562:61586 [1] NCCL INFO Parsed MSCCL Algorithm /home/yuke/ncclPG/CCL-LYD/msccl_tools_lyd/examples/xml/xml_lyd/ring/allreduce_ring_node16_gpu64_mcl2_mck2_gan0.xml successfully.
x3003c0s25b1n0:51008:51033 [2] NCCL INFO Connected all trees
x3003c0s25b1n0:51008:51033 [2] NCCL INFO MSCCL: Parsing algorithm /home/yuke/ncclPG/CCL-LYD/msccl_tools_lyd/examples/xml/xml_lyd/ring/allreduce_ring_node16_gpu64_mcl2_mck2_gan0.xml
x3003c0s25b1n0:51007:51030 [1] NCCL INFO Connected all trees
x3003c0s25b1n0:51007:51030 [1] NCCL INFO MSCCL: Parsing algorithm /home/yuke/ncclPG/CCL-LYD/msccl_tools_lyd/examples/xml/xml_lyd/ring/allreduce_ring_node16_gpu64_mcl2_mck2_gan0.xml
x3004c0s13b0n0:61562:61586 [1] NCCL INFO Connected 1 MSCCL algorithms
x3004c0s13b1n0:19915:19939 [2] NCCL INFO Channel 07/0 : 46[85000] -> 50[85000] [receive] via NET/AWS Libfabric/3
x3004c0s13b0n0:61562:61586 [1] NCCL INFO threadThresholds 8/8/64 | 512/8/64 | 8/8/64 | 8/8/512
x3004c0s13b0n0:61562:61586 [1] NCCL INFO 8 coll channels, 4 p2p channels, 2 p2p channels per peer
x3003c0s37b0n0:2780:2806 [0] NCCL INFO Channel 00/0 : 28[7000] -> 24[7000] [send] via NET/AWS Libfabric/3
x3003c0s31b1n0:65330:65354 [0] NCCL INFO Channel 00/0 : 28[7000] -> 24[7000] [receive] via NET/AWS Libfabric/3
x3003c0s1b0n0:45109:45132 [3] NCCL INFO Channel 03/0 : 7[c7000] -> 3[c7000] [send] via NET/AWS Libfabric/1
x3004c0s13b0n0:61564:61587 [3] NCCL INFO Channel 01/0 : 47[c7000] -> 43[c7000] [send] via NET/AWS Libfabric/1
x3003c0s25b1n0:51009:51032 [3] NCCL INFO Channel 01/0 : 27[c7000] -> 19[c7000] [receive] via NET/AWS Libfabric/1
x3004c0s13b0n0:61561:61588 [0] NCCL INFO Channel 00/0 : 44[7000] -> 40[7000] [send] via NET/AWS Libfabric/3
x3003c0s31b1n0:65333:65355 [3] NCCL INFO Channel 03/0 : 27[c7000] -> 22[85000] [send] via NET/AWS Libfabric/1
x3003c0s25b0n0:10887:10908 [3] NCCL INFO Channel 01/0 : 15[c7000] -> 11[c7000] [send] via NET/AWS Libfabric/1
x3003c0s37b0n0:2780:2806 [0] NCCL INFO Connected all trees
x3003c0s37b0n0:2780:2806 [0] NCCL INFO MSCCL: Parsing algorithm /home/yuke/ncclPG/CCL-LYD/msccl_tools_lyd/examples/xml/xml_lyd/ring/allreduce_ring_node16_gpu64_mcl2_mck2_gan0.xml
x3003c0s37b0n0:2781:2807 [1] NCCL INFO Parsed MSCCL Algorithm /home/yuke/ncclPG/CCL-LYD/msccl_tools_lyd/examples/xml/xml_lyd/ring/allreduce_ring_node16_gpu64_mcl2_mck2_gan0.xml successfully.
x3003c0s37b0n0:2781:2807 [1] NCCL INFO Connected 1 MSCCL algorithms
x3003c0s37b0n0:2781:2807 [1] NCCL INFO threadThresholds 8/8/64 | 512/8/64 | 8/8/64 | 8/8/512
x3003c0s37b0n0:2781:2807 [1] NCCL INFO 8 coll channels, 4 p2p channels, 2 p2p channels per peer
x3003c0s37b0n0:2782:2805 [2] NCCL INFO Parsed MSCCL Algorithm /home/yuke/ncclPG/CCL-LYD/msccl_tools_lyd/examples/xml/xml_lyd/ring/allreduce_ring_node16_gpu64_mcl2_mck2_gan0.xml successfully.
x3003c0s37b1n0:46244:46270 [0] NCCL INFO Channel 00/0 : 48[7000] -> 32[7000] [receive] via NET/AWS Libfabric/3
x3003c0s1b0n0:45108:45131 [2] NCCL INFO Channel 00 : 6[85000] -> 5[46000] via P2P/IPC/read
x3004c0s13b0n0:61564:61587 [3] NCCL INFO Connected all trees
x3004c0s13b0n0:61564:61587 [3] NCCL INFO MSCCL: Parsing algorithm /home/yuke/ncclPG/CCL-LYD/msccl_tools_lyd/examples/xml/xml_lyd/ring/allreduce_ring_node16_gpu64_mcl2_mck2_gan0.xml
x3003c0s25b1n0:51008:51033 [2] NCCL INFO Parsed MSCCL Algorithm /home/yuke/ncclPG/CCL-LYD/msccl_tools_lyd/examples/xml/xml_lyd/ring/allreduce_ring_node16_gpu64_mcl2_mck2_gan0.xml successfully.
x3003c0s25b0n0:10886:10909 [2] NCCL INFO Channel 06/0 : 10[85000] -> 14[85000] [receive] via NET/AWS Libfabric/3
x3004c0s13b0n0:61561:61588 [0] NCCL INFO Connected all trees
x3004c0s13b0n0:61561:61588 [0] NCCL INFO MSCCL: Parsing algorithm /home/yuke/ncclPG/CCL-LYD/msccl_tools_lyd/examples/xml/xml_lyd/ring/allreduce_ring_node16_gpu64_mcl2_mck2_gan0.xml
x3003c0s31b1n0:65333:65355 [3] NCCL INFO Channel 01/0 : 31[c7000] -> 27[c7000] [receive] via NET/AWS Libfabric/1
x3003c0s37b1n0:46246:46268 [2] NCCL INFO Parsed MSCCL Algorithm /home/yuke/ncclPG/CCL-LYD/msccl_tools_lyd/examples/xml/xml_lyd/ring/allreduce_ring_node16_gpu64_mcl2_mck2_gan0.xml successfully.
x3003c0s7b1n0:50808:50829 [3] NCCL INFO Connected all trees
x3003c0s7b1n0:50808:50829 [3] NCCL INFO MSCCL: Parsing algorithm /home/yuke/ncclPG/CCL-LYD/msccl_tools_lyd/examples/xml/xml_lyd/ring/allreduce_ring_node16_gpu64_mcl2_mck2_gan0.xml
x3003c0s25b1n0:51007:51030 [1] NCCL INFO Parsed MSCCL Algorithm /home/yuke/ncclPG/CCL-LYD/msccl_tools_lyd/examples/xml/xml_lyd/ring/allreduce_ring_node16_gpu64_mcl2_mck2_gan0.xml successfully.
x3003c0s25b1n0:51007:51030 [1] NCCL INFO Connected 1 MSCCL algorithms
x3003c0s25b1n0:51007:51030 [1] NCCL INFO threadThresholds 8/8/64 | 512/8/64 | 8/8/64 | 8/8/512
x3003c0s25b1n0:51007:51030 [1] NCCL INFO 8 coll channels, 4 p2p channels, 2 p2p channels per peer
x3003c0s37b1n0:46245:46269 [1] NCCL INFO Parsed MSCCL Algorithm /home/yuke/ncclPG/CCL-LYD/msccl_tools_lyd/examples/xml/xml_lyd/ring/allreduce_ring_node16_gpu64_mcl2_mck2_gan0.xml successfully.
x3003c0s37b1n0:46245:46269 [1] NCCL INFO Connected 1 MSCCL algorithms
x3003c0s37b1n0:46245:46269 [1] NCCL INFO threadThresholds 8/8/64 | 512/8/64 | 8/8/64 | 8/8/512
x3003c0s37b1n0:46245:46269 [1] NCCL INFO 8 coll channels, 4 p2p channels, 2 p2p channels per peer
x3003c0s31b0n0:33177:33200 [2] NCCL INFO Channel 00 : 22[85000] -> 21[46000] via P2P/IPC/read
x3003c0s37b0n0:2780:2806 [0] NCCL INFO Parsed MSCCL Algorithm /home/yuke/ncclPG/CCL-LYD/msccl_tools_lyd/examples/xml/xml_lyd/ring/allreduce_ring_node16_gpu64_mcl2_mck2_gan0.xml successfully.
x3003c0s1b0n0:45106:45133 [0] NCCL INFO Channel 00/0 : 9[46000] -> 4[7000] [receive] via NET/AWS Libfabric/3
