x3003c0s13b0n0:7070:7125 [3] NCCL INFO MSCCL: Parsing algorithm /home/yuke/ncclPG/CCL-LYD/msccl_tools_lyd/examples/xml/xml_lyd/ring/allreduce_ring_node32_gpu128_mcl1_mck1_gan0.xml
x3002c0s7b1n0:49262:49316 [3] NCCL INFO Channel 01/0 : 58[85000] -> 55[c7000] [receive] via NET/AWS Libfabric/1
x3004c0s19b1n0:44893:44954 [0] NCCL INFO Parsed MSCCL Algorithm /home/yuke/ncclPG/CCL-LYD/msccl_tools_lyd/examples/xml/xml_lyd/ring/allreduce_ring_node32_gpu128_mcl1_mck1_gan0.xml successfully.
x3003c0s7b0n0:16289:16349 [0] NCCL INFO Channel 01/0 : 100[7000] -> 104[7000] [send] via NET/AWS Libfabric/3
x3003c0s7b0n0:16294:16348 [3] NCCL INFO Connected all trees
x3003c0s7b0n0:16294:16348 [3] NCCL INFO MSCCL: Parsing algorithm /home/yuke/ncclPG/CCL-LYD/msccl_tools_lyd/examples/xml/xml_lyd/ring/allreduce_ring_node32_gpu128_mcl1_mck1_gan0.xml
x3003c0s7b1n0:53316:53371 [2] NCCL INFO Channel 00 : 106[85000] -> 105[46000] via P2P/IPC/read
x3002c0s13b1n0:18604:18662 [0] NCCL INFO Channel 02/0 : 4[7000] -> 0[7000] [send] via NET/AWS Libfabric/3
x3002c0s1b1n0:16867:16922 [1] NCCL INFO Connected all trees
x3002c0s1b1n0:16867:16922 [1] NCCL INFO MSCCL: Parsing algorithm /home/yuke/ncclPG/CCL-LYD/msccl_tools_lyd/examples/xml/xml_lyd/ring/allreduce_ring_node32_gpu128_mcl1_mck1_gan0.xml
x3002c0s1b1n0:16869:16923 [2] NCCL INFO Connected all trees
x3002c0s1b1n0:16869:16923 [2] NCCL INFO MSCCL: Parsing algorithm /home/yuke/ncclPG/CCL-LYD/msccl_tools_lyd/examples/xml/xml_lyd/ring/allreduce_ring_node32_gpu128_mcl1_mck1_gan0.xml
x3003c0s13b0n0:7069:7124 [2] NCCL INFO Channel 00 : 58[85000] -> 57[46000] via P2P/IPC/read
x3003c0s13b0n0:7069:7124 [2] NCCL INFO Channel 02 : 58[85000] -> 57[46000] via P2P/IPC/read
x3003c0s13b1n0:62516:62569 [3] NCCL INFO Parsed MSCCL Algorithm /home/yuke/ncclPG/CCL-LYD/msccl_tools_lyd/examples/xml/xml_lyd/ring/allreduce_ring_node32_gpu128_mcl1_mck1_gan0.xml successfully.
x3004c0s1b0n0:25873:25935 [0] NCCL INFO Channel 01/0 : 120[7000] -> 124[7000] [receive] via NET/AWS Libfabric/3
x3002c0s19b0n0:25687:25742 [0] NCCL INFO Connected all trees
x3002c0s19b0n0:25687:25742 [0] NCCL INFO MSCCL: Parsing algorithm /home/yuke/ncclPG/CCL-LYD/msccl_tools_lyd/examples/xml/xml_lyd/ring/allreduce_ring_node32_gpu128_mcl1_mck1_gan0.xml
x3002c0s19b0n0:25688:25743 [1] NCCL INFO Parsed MSCCL Algorithm /home/yuke/ncclPG/CCL-LYD/msccl_tools_lyd/examples/xml/xml_lyd/ring/allreduce_ring_node32_gpu128_mcl1_mck1_gan0.xml successfully.
x3002c0s19b0n0:25688:25743 [1] NCCL INFO Connected 1 MSCCL algorithms
x3002c0s19b0n0:25688:25743 [1] NCCL INFO threadThresholds 8/8/64 | 1024/8/64 | 8/8/64 | 8/8/512
x3002c0s19b0n0:25688:25743 [1] NCCL INFO 4 coll channels, 4 p2p channels, 2 p2p channels per peer
x3002c0s19b0n0:25689:25744 [2] NCCL INFO Parsed MSCCL Algorithm /home/yuke/ncclPG/CCL-LYD/msccl_tools_lyd/examples/xml/xml_lyd/ring/allreduce_ring_node32_gpu128_mcl1_mck1_gan0.xml successfully.
x3002c0s19b0n0:25689:25744 [2] NCCL INFO Connected 1 MSCCL algorithms
x3002c0s19b0n0:25689:25744 [2] NCCL INFO threadThresholds 8/8/64 | 1024/8/64 | 8/8/64 | 8/8/512
x3002c0s19b0n0:25689:25744 [2] NCCL INFO 4 coll channels, 4 p2p channels, 2 p2p channels per peer
x3003c0s13b0n0:7067:7126 [1] NCCL INFO Connected all trees
x3003c0s13b0n0:7067:7126 [1] NCCL INFO MSCCL: Parsing algorithm /home/yuke/ncclPG/CCL-LYD/msccl_tools_lyd/examples/xml/xml_lyd/ring/allreduce_ring_node32_gpu128_mcl1_mck1_gan0.xml
x3003c0s13b0n0:7069:7124 [2] NCCL INFO Connected all trees
x3003c0s13b0n0:7069:7124 [2] NCCL INFO MSCCL: Parsing algorithm /home/yuke/ncclPG/CCL-LYD/msccl_tools_lyd/examples/xml/xml_lyd/ring/allreduce_ring_node32_gpu128_mcl1_mck1_gan0.xml
x3003c0s1b1n0:23856:23909 [2] NCCL INFO Channel 00 : 74[85000] -> 73[46000] via P2P/IPC/read
x3003c0s13b1n0:62516:62569 [3] NCCL INFO Connected 1 MSCCL algorithms
x3002c0s7b1n0:49257:49315 [0] NCCL INFO Channel 01/0 : 52[7000] -> 56[7000] [send] via NET/AWS Libfabric/3
x3003c0s13b1n0:62516:62569 [3] NCCL INFO threadThresholds 8/8/64 | 1024/8/64 | 8/8/64 | 8/8/512
x3003c0s13b1n0:62516:62569 [3] NCCL INFO 4 coll channels, 4 p2p channels, 2 p2p channels per peer
x3003c0s31b1n0:2789:2851 [0] NCCL INFO Channel 01/0 : 88[7000] -> 92[7000] [send] via NET/AWS Libfabric/3
x3003c0s13b0n0:7070:7125 [3] NCCL INFO Parsed MSCCL Algorithm /home/yuke/ncclPG/CCL-LYD/msccl_tools_lyd/examples/xml/xml_lyd/ring/allreduce_ring_node32_gpu128_mcl1_mck1_gan0.xml successfully.
x3003c0s13b0n0:7070:7125 [3] NCCL INFO Connected 1 MSCCL algorithms
x3003c0s13b0n0:7070:7125 [3] NCCL INFO threadThresholds 8/8/64 | 1024/8/64 | 8/8/64 | 8/8/512
x3003c0s13b0n0:7070:7125 [3] NCCL INFO 4 coll channels, 4 p2p channels, 2 p2p channels per peer
x3004c0s13b1n0:22414:22469 [3] NCCL INFO Connected all trees
x3004c0s13b1n0:22414:22469 [3] NCCL INFO MSCCL: Parsing algorithm /home/yuke/ncclPG/CCL-LYD/msccl_tools_lyd/examples/xml/xml_lyd/ring/allreduce_ring_node32_gpu128_mcl1_mck1_gan0.xml
x3004c0s19b0n0:5284:5344 [0] NCCL INFO Channel 01/0 : 112[7000] -> 116[7000] [receive] via NET/AWS Libfabric/3
x3004c0s19b0n0:5287:5341 [2] NCCL INFO Channel 00 : 118[85000] -> 117[46000] via P2P/IPC/read
x3003c0s1b0n0:47611:47670 [3] NCCL INFO Connected all trees
x3003c0s1b0n0:47611:47670 [3] NCCL INFO MSCCL: Parsing algorithm /home/yuke/ncclPG/CCL-LYD/msccl_tools_lyd/examples/xml/xml_lyd/ring/allreduce_ring_node32_gpu128_mcl1_mck1_gan0.xml
x3003c0s1b0n0:47608:47669 [0] NCCL INFO Channel 01/0 : 68[7000] -> 72[7000] [send] via NET/AWS Libfabric/3
x3002c0s13b1n0:18604:18662 [0] NCCL INFO Connected all trees
x3002c0s13b1n0:18604:18662 [0] NCCL INFO MSCCL: Parsing algorithm /home/yuke/ncclPG/CCL-LYD/msccl_tools_lyd/examples/xml/xml_lyd/ring/allreduce_ring_node32_gpu128_mcl1_mck1_gan0.xml
x3002c0s7b1n0:49262:49316 [3] NCCL INFO Connected all trees
x3002c0s13b0n0:7573:7595 [0] NCCL INFO Connected all trees
x3002c0s13b0n0:7573:7595 [0] NCCL INFO MSCCL: Parsing algorithm /home/yuke/ncclPG/CCL-LYD/msccl_tools_lyd/examples/xml/xml_lyd/ring/allreduce_ring_node32_gpu128_mcl1_mck1_gan0.xml
x3002c0s7b1n0:49262:49316 [3] NCCL INFO MSCCL: Parsing algorithm /home/yuke/ncclPG/CCL-LYD/msccl_tools_lyd/examples/xml/xml_lyd/ring/allreduce_ring_node32_gpu128_mcl1_mck1_gan0.xml
x3002c0s7b0n0:38163:38223 [0] NCCL INFO Channel 01/0 : 44[7000] -> 48[7000] [receive] via NET/AWS Libfabric/3
x3003c0s19b0n0:52976:53032 [0] NCCL INFO Channel 01/0 : 64[7000] -> 68[7000] [send] via NET/AWS Libfabric/3
x3002c0s31b0n0:1806:1863 [0] NCCL INFO Channel 01/0 : 28[7000] -> 32[7000] [receive] via NET/AWS Libfabric/3
x3003c0s7b0n0:16294:16348 [3] NCCL INFO Parsed MSCCL Algorithm /home/yuke/ncclPG/CCL-LYD/msccl_tools_lyd/examples/xml/xml_lyd/ring/allreduce_ring_node32_gpu128_mcl1_mck1_gan0.xml successfully.
x3003c0s7b0n0:16294:16348 [3] NCCL INFO Connected 1 MSCCL algorithms
x3003c0s7b0n0:16294:16348 [3] NCCL INFO threadThresholds 8/8/64 | 1024/8/64 | 8/8/64 | 8/8/512
x3003c0s7b0n0:16294:16348 [3] NCCL INFO 4 coll channels, 4 p2p channels, 2 p2p channels per peer
x3003c0s7b0n0:16289:16349 [0] NCCL INFO Connected 1 MSCCL algorithms
x3003c0s7b0n0:16289:16349 [0] NCCL INFO threadThresholds 8/8/64 | 1024/8/64 | 8/8/64 | 8/8/512
x3003c0s7b0n0:16289:16349 [0] NCCL INFO 4 coll channels, 4 p2p channels, 2 p2p channels per peer
x3003c0s1b1n0:23856:23909 [2] NCCL INFO Channel 02 : 74[85000] -> 73[46000] via P2P/IPC/read
x3004c0s19b1n0:44896:44951 [3] NCCL INFO Channel 01/0 : 127[c7000] -> 123[c7000] [receive] via NET/AWS Libfabric/1
x3002c0s1b1n0:16867:16922 [1] NCCL INFO Parsed MSCCL Algorithm /home/yuke/ncclPG/CCL-LYD/msccl_tools_lyd/examples/xml/xml_lyd/ring/allreduce_ring_node32_gpu128_mcl1_mck1_gan0.xml successfully.
x3004c0s1b0n0:25873:25935 [0] NCCL INFO Channel 01/0 : 124[7000] -> 0[7000] [send] via NET/AWS Libfabric/3
x3003c0s13b0n0:7067:7126 [1] NCCL INFO Parsed MSCCL Algorithm /home/yuke/ncclPG/CCL-LYD/msccl_tools_lyd/examples/xml/xml_lyd/ring/allreduce_ring_node32_gpu128_mcl1_mck1_gan0.xml successfully.
x3003c0s13b0n0:7067:7126 [1] NCCL INFO Connected 1 MSCCL algorithms
x3003c0s13b0n0:7067:7126 [1] NCCL INFO threadThresholds 8/8/64 | 1024/8/64 | 8/8/64 | 8/8/512
x3003c0s13b0n0:7067:7126 [1] NCCL INFO 4 coll channels, 4 p2p channels, 2 p2p channels per peer
x3004c0s1b0n0:25876:25934 [3] NCCL INFO Connected all trees
x3004c0s1b0n0:25876:25934 [3] NCCL INFO MSCCL: Parsing algorithm /home/yuke/ncclPG/CCL-LYD/msccl_tools_lyd/examples/xml/xml_lyd/ring/allreduce_ring_node32_gpu128_mcl1_mck1_gan0.xml
x3002c0s19b0n0:25687:25742 [0] NCCL INFO Parsed MSCCL Algorithm /home/yuke/ncclPG/CCL-LYD/msccl_tools_lyd/examples/xml/xml_lyd/ring/allreduce_ring_node32_gpu128_mcl1_mck1_gan0.xml successfully.
x3003c0s13b0n0:7065:7127 [0] NCCL INFO Channel 01/0 : 52[7000] -> 56[7000] [receive] via NET/AWS Libfabric/3
x3003c0s13b0n0:7069:7124 [2] NCCL INFO Parsed MSCCL Algorithm /home/yuke/ncclPG/CCL-LYD/msccl_tools_lyd/examples/xml/xml_lyd/ring/allreduce_ring_node32_gpu128_mcl1_mck1_gan0.xml successfully.
x3003c0s13b0n0:7069:7124 [2] NCCL INFO Connected 1 MSCCL algorithms
x3003c0s13b0n0:7069:7124 [2] NCCL INFO threadThresholds 8/8/64 | 1024/8/64 | 8/8/64 | 8/8/512
x3003c0s13b0n0:7069:7124 [2] NCCL INFO 4 coll channels, 4 p2p channels, 2 p2p channels per peer
x3002c0s1b1n0:16867:16922 [1] NCCL INFO Connected 1 MSCCL algorithms
x3002c0s1b1n0:16867:16922 [1] NCCL INFO threadThresholds 8/8/64 | 1024/8/64 | 8/8/64 | 8/8/512
x3002c0s1b1n0:16867:16922 [1] NCCL INFO 4 coll channels, 4 p2p channels, 2 p2p channels per peer
x3002c0s19b1n0:19634:19689 [0] NCCL INFO Channel 01/0 : 8[7000] -> 12[7000] [receive] via NET/AWS Libfabric/3
x3003c0s25b1n0:53493:53554 [0] NCCL INFO Connected 1 MSCCL algorithms
x3003c0s25b1n0:53493:53554 [0] NCCL INFO threadThresholds 8/8/64 | 1024/8/64 | 8/8/64 | 8/8/512
x3003c0s25b1n0:53493:53554 [0] NCCL INFO 4 coll channels, 4 p2p channels, 2 p2p channels per peer
x3004c0s19b0n0:5287:5341 [2] NCCL INFO Channel 02 : 118[85000] -> 117[46000] via P2P/IPC/read
x3004c0s19b1n0:44896:44951 [3] NCCL INFO Connected all trees
x3004c0s19b1n0:44896:44951 [3] NCCL INFO MSCCL: Parsing algorithm /home/yuke/ncclPG/CCL-LYD/msccl_tools_lyd/examples/xml/xml_lyd/ring/allreduce_ring_node32_gpu128_mcl1_mck1_gan0.xml
x3003c0s31b1n0:2789:2851 [0] NCCL INFO Connected 1 MSCCL algorithms
x3003c0s31b1n0:2789:2851 [0] NCCL INFO threadThresholds 8/8/64 | 1024/8/64 | 8/8/64 | 8/8/512
x3003c0s31b1n0:2789:2851 [0] NCCL INFO 4 coll channels, 4 p2p channels, 2 p2p channels per peer
x3002c0s7b0n0:38163:38223 [0] NCCL INFO Channel 01/0 : 48[7000] -> 52[7000] [send] via NET/AWS Libfabric/3
x3004c0s13b1n0:22414:22469 [3] NCCL INFO Parsed MSCCL Algorithm /home/yuke/ncclPG/CCL-LYD/msccl_tools_lyd/examples/xml/xml_lyd/ring/allreduce_ring_node32_gpu128_mcl1_mck1_gan0.xml successfully.
x3004c0s13b1n0:22414:22469 [3] NCCL INFO Connected 1 MSCCL algorithms
x3004c0s13b1n0:22414:22469 [3] NCCL INFO threadThresholds 8/8/64 | 1024/8/64 | 8/8/64 | 8/8/512
x3004c0s13b1n0:22414:22469 [3] NCCL INFO 4 coll channels, 4 p2p channels, 2 p2p channels per peer
x3003c0s1b0n0:47611:47670 [3] NCCL INFO Parsed MSCCL Algorithm /home/yuke/ncclPG/CCL-LYD/msccl_tools_lyd/examples/xml/xml_lyd/ring/allreduce_ring_node32_gpu128_mcl1_mck1_gan0.xml successfully.
x3004c0s19b0n0:5286:5342 [1] NCCL INFO Connected all trees
x3004c0s19b0n0:5286:5342 [1] NCCL INFO MSCCL: Parsing algorithm /home/yuke/ncclPG/CCL-LYD/msccl_tools_lyd/examples/xml/xml_lyd/ring/allreduce_ring_node32_gpu128_mcl1_mck1_gan0.xml
x3004c0s19b0n0:5287:5341 [2] NCCL INFO Connected all trees
x3004c0s19b0n0:5287:5341 [2] NCCL INFO MSCCL: Parsing algorithm /home/yuke/ncclPG/CCL-LYD/msccl_tools_lyd/examples/xml/xml_lyd/ring/allreduce_ring_node32_gpu128_mcl1_mck1_gan0.xml
x3003c0s1b0n0:47611:47670 [3] NCCL INFO Connected 1 MSCCL algorithms
x3003c0s1b0n0:47608:47669 [0] NCCL INFO Connected 1 MSCCL algorithms
x3003c0s1b0n0:47608:47669 [0] NCCL INFO threadThresholds 8/8/64 | 1024/8/64 | 8/8/64 | 8/8/512
x3003c0s1b0n0:47608:47669 [0] NCCL INFO 4 coll channels, 4 p2p channels, 2 p2p channels per peer
x3003c0s1b0n0:47611:47670 [3] NCCL INFO threadThresholds 8/8/64 | 1024/8/64 | 8/8/64 | 8/8/512
x3003c0s1b0n0:47611:47670 [3] NCCL INFO 4 coll channels, 4 p2p channels, 2 p2p channels per peer
x3003c0s7b1n0:53316:53371 [2] NCCL INFO Channel 02 : 106[85000] -> 105[46000] via P2P/IPC/read
x3002c0s7b1n0:49262:49316 [3] NCCL INFO Parsed MSCCL Algorithm /home/yuke/ncclPG/CCL-LYD/msccl_tools_lyd/examples/xml/xml_lyd/ring/allreduce_ring_node32_gpu128_mcl1_mck1_gan0.xml successfully.
x3002c0s7b1n0:49262:49316 [3] NCCL INFO Connected 1 MSCCL algorithms
x3002c0s7b1n0:49262:49316 [3] NCCL INFO threadThresholds 8/8/64 | 1024/8/64 | 8/8/64 | 8/8/512
x3002c0s7b1n0:49262:49316 [3] NCCL INFO 4 coll channels, 4 p2p channels, 2 p2p channels per peer
x3003c0s7b1n0:53314:53372 [0] NCCL INFO Connected 1 MSCCL algorithms
x3002c0s1b1n0:16869:16923 [2] NCCL INFO Parsed MSCCL Algorithm /home/yuke/ncclPG/CCL-LYD/msccl_tools_lyd/examples/xml/xml_lyd/ring/allreduce_ring_node32_gpu128_mcl1_mck1_gan0.xml successfully.
x3002c0s1b1n0:16869:16923 [2] NCCL INFO Connected 1 MSCCL algorithms
x3002c0s1b1n0:16869:16923 [2] NCCL INFO threadThresholds 8/8/64 | 1024/8/64 | 8/8/64 | 8/8/512
x3002c0s1b1n0:16869:16923 [2] NCCL INFO 4 coll channels, 4 p2p channels, 2 p2p channels per peer
x3002c0s13b0n0:7573:7595 [0] NCCL INFO Parsed MSCCL Algorithm /home/yuke/ncclPG/CCL-LYD/msccl_tools_lyd/examples/xml/xml_lyd/ring/allreduce_ring_node32_gpu128_mcl1_mck1_gan0.xml successfully.
x3003c0s7b1n0:53314:53372 [0] NCCL INFO threadThresholds 8/8/64 | 1024/8/64 | 8/8/64 | 8/8/512
x3003c0s7b1n0:53314:53372 [0] NCCL INFO 4 coll channels, 4 p2p channels, 2 p2p channels per peer
x3002c0s7b1n0:49261:49314 [2] NCCL INFO Connected all trees
x3002c0s7b1n0:49261:49314 [2] NCCL INFO MSCCL: Parsing algorithm /home/yuke/ncclPG/CCL-LYD/msccl_tools_lyd/examples/xml/xml_lyd/ring/allreduce_ring_node32_gpu128_mcl1_mck1_gan0.xml
x3002c0s7b1n0:49259:49313 [1] NCCL INFO Connected all trees
x3002c0s7b1n0:49259:49313 [1] NCCL INFO MSCCL: Parsing algorithm /home/yuke/ncclPG/CCL-LYD/msccl_tools_lyd/examples/xml/xml_lyd/ring/allreduce_ring_node32_gpu128_mcl1_mck1_gan0.xml
x3003c0s31b0n0:35660:35718 [0] NCCL INFO Connected 1 MSCCL algorithms
x3003c0s31b0n0:35660:35718 [0] NCCL INFO threadThresholds 8/8/64 | 1024/8/64 | 8/8/64 | 8/8/512
x3003c0s31b0n0:35660:35718 [0] NCCL INFO 4 coll channels, 4 p2p channels, 2 p2p channels per peer
x3002c0s31b1n0:33686:33748 [0] NCCL INFO Channel 01/0 : 36[7000] -> 40[7000] [send] via NET/AWS Libfabric/3
x3004c0s19b1n0:44893:44954 [0] NCCL INFO Channel 01/0 : 116[7000] -> 120[7000] [receive] via NET/AWS Libfabric/3
x3002c0s13b1n0:18604:18662 [0] NCCL INFO Parsed MSCCL Algorithm /home/yuke/ncclPG/CCL-LYD/msccl_tools_lyd/examples/xml/xml_lyd/ring/allreduce_ring_node32_gpu128_mcl1_mck1_gan0.xml successfully.
x3003c0s1b1n0:23852:23911 [0] NCCL INFO Connected 1 MSCCL algorithms
x3003c0s1b1n0:23852:23911 [0] NCCL INFO threadThresholds 8/8/64 | 1024/8/64 | 8/8/64 | 8/8/512
x3003c0s1b1n0:23852:23911 [0] NCCL INFO 4 coll channels, 4 p2p channels, 2 p2p channels per peer
x3003c0s25b0n0:13405:13461 [0] NCCL INFO Connected 1 MSCCL algorithms
x3003c0s25b0n0:13405:13461 [0] NCCL INFO threadThresholds 8/8/64 | 1024/8/64 | 8/8/64 | 8/8/512
x3003c0s25b0n0:13405:13461 [0] NCCL INFO 4 coll channels, 4 p2p channels, 2 p2p channels per peer
x3003c0s37b1n0:48737:48796 [0] NCCL INFO Connected 1 MSCCL algorithms
x3003c0s37b1n0:48737:48796 [0] NCCL INFO threadThresholds 8/8/64 | 1024/8/64 | 8/8/64 | 8/8/512
x3003c0s37b1n0:48737:48796 [0] NCCL INFO 4 coll channels, 4 p2p channels, 2 p2p channels per peer
x3002c0s31b0n0:1806:1863 [0] NCCL INFO Channel 01/0 : 32[7000] -> 36[7000] [send] via NET/AWS Libfabric/3
x3004c0s1b0n0:25876:25934 [3] NCCL INFO Parsed MSCCL Algorithm /home/yuke/ncclPG/CCL-LYD/msccl_tools_lyd/examples/xml/xml_lyd/ring/allreduce_ring_node32_gpu128_mcl1_mck1_gan0.xml successfully.
x3004c0s1b0n0:25876:25934 [3] NCCL INFO Connected 1 MSCCL algorithms
x3004c0s1b0n0:25876:25934 [3] NCCL INFO threadThresholds 8/8/64 | 1024/8/64 | 8/8/64 | 8/8/512
x3004c0s1b0n0:25876:25934 [3] NCCL INFO 4 coll channels, 4 p2p channels, 2 p2p channels per peer
x3004c0s19b1n0:44896:44951 [3] NCCL INFO Parsed MSCCL Algorithm /home/yuke/ncclPG/CCL-LYD/msccl_tools_lyd/examples/xml/xml_lyd/ring/allreduce_ring_node32_gpu128_mcl1_mck1_gan0.xml successfully.
x3004c0s19b1n0:44896:44951 [3] NCCL INFO Connected 1 MSCCL algorithms
x3004c0s19b1n0:44896:44951 [3] NCCL INFO threadThresholds 8/8/64 | 1024/8/64 | 8/8/64 | 8/8/512
x3004c0s19b1n0:44896:44951 [3] NCCL INFO 4 coll channels, 4 p2p channels, 2 p2p channels per peer
x3003c0s37b0n0:5373:5433 [0] NCCL INFO Connected 1 MSCCL algorithms
x3003c0s37b0n0:5373:5433 [0] NCCL INFO threadThresholds 8/8/64 | 1024/8/64 | 8/8/64 | 8/8/512
x3003c0s37b0n0:5373:5433 [0] NCCL INFO 4 coll channels, 4 p2p channels, 2 p2p channels per peer
x3002c0s25b1n0:49710:49769 [0] NCCL INFO Channel 01/0 : 28[7000] -> 32[7000] [send] via NET/AWS Libfabric/3
x3002c0s25b0n0:38147:38205 [0] NCCL INFO Channel 01/0 : 20[7000] -> 24[7000] [receive] via NET/AWS Libfabric/3
x3003c0s1b1n0:23856:23909 [2] NCCL INFO Connected all trees
x3003c0s1b1n0:23854:23910 [1] NCCL INFO Connected all trees
x3003c0s1b1n0:23856:23909 [2] NCCL INFO MSCCL: Parsing algorithm /home/yuke/ncclPG/CCL-LYD/msccl_tools_lyd/examples/xml/xml_lyd/ring/allreduce_ring_node32_gpu128_mcl1_mck1_gan0.xml
x3003c0s1b1n0:23854:23910 [1] NCCL INFO MSCCL: Parsing algorithm /home/yuke/ncclPG/CCL-LYD/msccl_tools_lyd/examples/xml/xml_lyd/ring/allreduce_ring_node32_gpu128_mcl1_mck1_gan0.xml
x3004c0s19b0n0:5286:5342 [1] NCCL INFO Parsed MSCCL Algorithm /home/yuke/ncclPG/CCL-LYD/msccl_tools_lyd/examples/xml/xml_lyd/ring/allreduce_ring_node32_gpu128_mcl1_mck1_gan0.xml successfully.
x3004c0s19b0n0:5286:5342 [1] NCCL INFO Connected 1 MSCCL algorithms
x3004c0s19b0n0:5286:5342 [1] NCCL INFO threadThresholds 8/8/64 | 1024/8/64 | 8/8/64 | 8/8/512
x3004c0s19b0n0:5286:5342 [1] NCCL INFO 4 coll channels, 4 p2p channels, 2 p2p channels per peer
x3004c0s19b0n0:5287:5341 [2] NCCL INFO Parsed MSCCL Algorithm /home/yuke/ncclPG/CCL-LYD/msccl_tools_lyd/examples/xml/xml_lyd/ring/allreduce_ring_node32_gpu128_mcl1_mck1_gan0.xml successfully.
x3004c0s19b0n0:5287:5341 [2] NCCL INFO Connected 1 MSCCL algorithms
x3004c0s19b0n0:5287:5341 [2] NCCL INFO threadThresholds 8/8/64 | 1024/8/64 | 8/8/64 | 8/8/512
x3004c0s19b0n0:5287:5341 [2] NCCL INFO 4 coll channels, 4 p2p channels, 2 p2p channels per peer
x3003c0s7b1n0:53316:53371 [2] NCCL INFO Connected all trees
x3003c0s7b1n0:53316:53371 [2] NCCL INFO MSCCL: Parsing algorithm /home/yuke/ncclPG/CCL-LYD/msccl_tools_lyd/examples/xml/xml_lyd/ring/allreduce_ring_node32_gpu128_mcl1_mck1_gan0.xml
x3003c0s7b1n0:53315:53369 [1] NCCL INFO Connected all trees
x3003c0s7b1n0:53315:53369 [1] NCCL INFO MSCCL: Parsing algorithm /home/yuke/ncclPG/CCL-LYD/msccl_tools_lyd/examples/xml/xml_lyd/ring/allreduce_ring_node32_gpu128_mcl1_mck1_gan0.xml
x3004c0s13b1n0:22409:22467 [0] NCCL INFO Channel 01/0 : 108[7000] -> 112[7000] [receive] via NET/AWS Libfabric/3
x3002c0s7b1n0:49259:49313 [1] NCCL INFO Parsed MSCCL Algorithm /home/yuke/ncclPG/CCL-LYD/msccl_tools_lyd/examples/xml/xml_lyd/ring/allreduce_ring_node32_gpu128_mcl1_mck1_gan0.xml successfully.
x3002c0s7b1n0:49259:49313 [1] NCCL INFO Connected 1 MSCCL algorithms
x3002c0s31b1n0:33686:33748 [0] NCCL INFO Connected 1 MSCCL algorithms
x3002c0s31b1n0:33686:33748 [0] NCCL INFO threadThresholds 8/8/64 | 1024/8/64 | 8/8/64 | 8/8/512
x3002c0s31b1n0:33686:33748 [0] NCCL INFO 4 coll channels, 4 p2p channels, 2 p2p channels per peer
x3002c0s7b1n0:49259:49313 [1] NCCL INFO threadThresholds 8/8/64 | 1024/8/64 | 8/8/64 | 8/8/512
x3002c0s7b1n0:49259:49313 [1] NCCL INFO 4 coll channels, 4 p2p channels, 2 p2p channels per peer
x3004c0s19b0n0:5284:5344 [0] NCCL INFO Channel 01/0 : 116[7000] -> 120[7000] [send] via NET/AWS Libfabric/3
x3002c0s7b1n0:49261:49314 [2] NCCL INFO Parsed MSCCL Algorithm /home/yuke/ncclPG/CCL-LYD/msccl_tools_lyd/examples/xml/xml_lyd/ring/allreduce_ring_node32_gpu128_mcl1_mck1_gan0.xml successfully.
x3002c0s7b1n0:49261:49314 [2] NCCL INFO Connected 1 MSCCL algorithms
x3002c0s7b1n0:49261:49314 [2] NCCL INFO threadThresholds 8/8/64 | 1024/8/64 | 8/8/64 | 8/8/512
x3002c0s7b1n0:49261:49314 [2] NCCL INFO 4 coll channels, 4 p2p channels, 2 p2p channels per peer
x3002c0s7b0n0:38163:38223 [0] NCCL INFO Connected 1 MSCCL algorithms
x3002c0s7b0n0:38163:38223 [0] NCCL INFO threadThresholds 8/8/64 | 1024/8/64 | 8/8/64 | 8/8/512
x3002c0s7b0n0:38163:38223 [0] NCCL INFO 4 coll channels, 4 p2p channels, 2 p2p channels per peer
x3002c0s25b0n0:38147:38205 [0] NCCL INFO Channel 01/0 : 24[7000] -> 28[7000] [send] via NET/AWS Libfabric/3
x3002c0s13b1n0:18606:18661 [1] NCCL INFO Connected all trees
x3002c0s13b1n0:18606:18661 [1] NCCL INFO MSCCL: Parsing algorithm /home/yuke/ncclPG/CCL-LYD/msccl_tools_lyd/examples/xml/xml_lyd/ring/allreduce_ring_node32_gpu128_mcl1_mck1_gan0.xml
x3002c0s13b1n0:18607:18659 [2] NCCL INFO Connected all trees
x3002c0s13b1n0:18607:18659 [2] NCCL INFO MSCCL: Parsing algorithm /home/yuke/ncclPG/CCL-LYD/msccl_tools_lyd/examples/xml/xml_lyd/ring/allreduce_ring_node32_gpu128_mcl1_mck1_gan0.xml
x3003c0s1b1n0:23856:23909 [2] NCCL INFO Parsed MSCCL Algorithm /home/yuke/ncclPG/CCL-LYD/msccl_tools_lyd/examples/xml/xml_lyd/ring/allreduce_ring_node32_gpu128_mcl1_mck1_gan0.xml successfully.
x3002c0s37b1n0:60491:60549 [0] NCCL INFO Connected 1 MSCCL algorithms
x3002c0s37b1n0:60491:60549 [0] NCCL INFO threadThresholds 8/8/64 | 1024/8/64 | 8/8/64 | 8/8/512
x3002c0s37b1n0:60491:60549 [0] NCCL INFO 4 coll channels, 4 p2p channels, 2 p2p channels per peer
x3003c0s1b1n0:23856:23909 [2] NCCL INFO Connected 1 MSCCL algorithms
x3003c0s1b1n0:23856:23909 [2] NCCL INFO threadThresholds 8/8/64 | 1024/8/64 | 8/8/64 | 8/8/512
x3003c0s1b1n0:23856:23909 [2] NCCL INFO 4 coll channels, 4 p2p channels, 2 p2p channels per peer
x3003c0s1b1n0:23854:23910 [1] NCCL INFO Parsed MSCCL Algorithm /home/yuke/ncclPG/CCL-LYD/msccl_tools_lyd/examples/xml/xml_lyd/ring/allreduce_ring_node32_gpu128_mcl1_mck1_gan0.xml successfully.
x3003c0s1b1n0:23854:23910 [1] NCCL INFO Connected 1 MSCCL algorithms
x3003c0s1b1n0:23854:23910 [1] NCCL INFO threadThresholds 8/8/64 | 1024/8/64 | 8/8/64 | 8/8/512
x3003c0s1b1n0:23854:23910 [1] NCCL INFO 4 coll channels, 4 p2p channels, 2 p2p channels per peer
x3003c0s13b0n0:7065:7127 [0] NCCL INFO Channel 01/0 : 56[7000] -> 60[7000] [send] via NET/AWS Libfabric/3
x3003c0s7b1n0:53316:53371 [2] NCCL INFO Parsed MSCCL Algorithm /home/yuke/ncclPG/CCL-LYD/msccl_tools_lyd/examples/xml/xml_lyd/ring/allreduce_ring_node32_gpu128_mcl1_mck1_gan0.xml successfully.
x3003c0s7b1n0:53316:53371 [2] NCCL INFO Connected 1 MSCCL algorithms
x3002c0s13b0n0:7573:7595 [0] NCCL INFO Channel 01/0 : 124[7000] -> 0[7000] [receive] via NET/AWS Libfabric/3
x3003c0s7b1n0:53316:53371 [2] NCCL INFO threadThresholds 8/8/64 | 1024/8/64 | 8/8/64 | 8/8/512
x3003c0s7b1n0:53316:53371 [2] NCCL INFO 4 coll channels, 4 p2p channels, 2 p2p channels per peer
x3004c0s19b0n0:5289:5343 [3] NCCL INFO Channel 01/0 : 122[85000] -> 119[c7000] [receive] via NET/AWS Libfabric/1
x3003c0s7b1n0:53315:53369 [1] NCCL INFO Parsed MSCCL Algorithm /home/yuke/ncclPG/CCL-LYD/msccl_tools_lyd/examples/xml/xml_lyd/ring/allreduce_ring_node32_gpu128_mcl1_mck1_gan0.xml successfully.
x3003c0s7b1n0:53315:53369 [1] NCCL INFO Connected 1 MSCCL algorithms
x3003c0s7b1n0:53315:53369 [1] NCCL INFO threadThresholds 8/8/64 | 1024/8/64 | 8/8/64 | 8/8/512
x3003c0s7b1n0:53315:53369 [1] NCCL INFO 4 coll channels, 4 p2p channels, 2 p2p channels per peer
x3004c0s13b1n0:22409:22467 [0] NCCL INFO Channel 01/0 : 112[7000] -> 116[7000] [send] via NET/AWS Libfabric/3
x3002c0s19b1n0:19634:19689 [0] NCCL INFO Channel 01/0 : 12[7000] -> 16[7000] [send] via NET/AWS Libfabric/3
x3002c0s37b0n0:886:943 [0] NCCL INFO Connected 1 MSCCL algorithms
x3002c0s37b0n0:886:943 [0] NCCL INFO threadThresholds 8/8/64 | 1024/8/64 | 8/8/64 | 8/8/512
x3002c0s37b0n0:886:943 [0] NCCL INFO 4 coll channels, 4 p2p channels, 2 p2p channels per peer
x3003c0s25b1n0:53493:53554 [0] NCCL INFO comm 0x14691645a010 rank 80 nranks 128 cudaDev 0 busId 7000 - Init COMPLETE
x3003c0s25b1n0:53497:53552 [2] NCCL INFO comm 0x1490616b1010 rank 82 nranks 128 cudaDev 2 busId 85000 - Init COMPLETE
x3003c0s25b1n0:53498:53553 [3] NCCL INFO comm 0x14b1f645a010 rank 83 nranks 128 cudaDev 3 busId c7000 - Init COMPLETE
x3003c0s25b1n0:53495:53551 [1] NCCL INFO comm 0x148d2c259010 rank 81 nranks 128 cudaDev 1 busId 46000 - Init COMPLETE
x3003c0s7b0n0:16294:16348 [3] NCCL INFO comm 0x14f9b9eb6010 rank 103 nranks 128 cudaDev 3 busId c7000 - Init COMPLETE
x3003c0s7b0n0:16289:16349 [0] NCCL INFO comm 0x14a07c01f010 rank 100 nranks 128 cudaDev 0 busId 7000 - Init COMPLETE
x3003c0s7b0n0:16291:16347 [1] NCCL INFO comm 0x14917c45a010 rank 101 nranks 128 cudaDev 1 busId 46000 - Init COMPLETE
x3003c0s7b0n0:16293:16346 [2] NCCL INFO comm 0x148fcc45a010 rank 102 nranks 128 cudaDev 2 busId 85000 - Init COMPLETE
x3004c0s19b1n0:44893:44954 [0] NCCL INFO Channel 01/0 : 120[7000] -> 124[7000] [send] via NET/AWS Libfabric/3
x3002c0s13b1n0:18606:18661 [1] NCCL INFO Parsed MSCCL Algorithm /home/yuke/ncclPG/CCL-LYD/msccl_tools_lyd/examples/xml/xml_lyd/ring/allreduce_ring_node32_gpu128_mcl1_mck1_gan0.xml successfully.
x3002c0s13b1n0:18606:18661 [1] NCCL INFO Connected 1 MSCCL algorithms
x3002c0s13b1n0:18606:18661 [1] NCCL INFO threadThresholds 8/8/64 | 1024/8/64 | 8/8/64 | 8/8/512
x3002c0s13b1n0:18606:18661 [1] NCCL INFO 4 coll channels, 4 p2p channels, 2 p2p channels per peer
x3002c0s13b1n0:18607:18659 [2] NCCL INFO Parsed MSCCL Algorithm /home/yuke/ncclPG/CCL-LYD/msccl_tools_lyd/examples/xml/xml_lyd/ring/allreduce_ring_node32_gpu128_mcl1_mck1_gan0.xml successfully.
x3002c0s13b1n0:18607:18659 [2] NCCL INFO Connected 1 MSCCL algorithms
x3002c0s13b1n0:18607:18659 [2] NCCL INFO threadThresholds 8/8/64 | 1024/8/64 | 8/8/64 | 8/8/512
x3002c0s13b1n0:18607:18659 [2] NCCL INFO 4 coll channels, 4 p2p channels, 2 p2p channels per peer
x3002c0s19b0n0:25687:25742 [0] NCCL INFO Channel 01/0 : 4[7000] -> 8[7000] [receive] via NET/AWS Libfabric/3
x3002c0s31b0n0:1806:1863 [0] NCCL INFO Connected 1 MSCCL algorithms
x3002c0s31b0n0:1806:1863 [0] NCCL INFO threadThresholds 8/8/64 | 1024/8/64 | 8/8/64 | 8/8/512
x3002c0s31b0n0:1806:1863 [0] NCCL INFO 4 coll channels, 4 p2p channels, 2 p2p channels per peer
x3002c0s7b1n0:49257:49315 [0] NCCL INFO Connected 1 MSCCL algorithms
x3002c0s7b1n0:49257:49315 [0] NCCL INFO threadThresholds 8/8/64 | 1024/8/64 | 8/8/64 | 8/8/512
x3002c0s7b1n0:49257:49315 [0] NCCL INFO 4 coll channels, 4 p2p channels, 2 p2p channels per peer
x3002c0s25b0n0:38147:38205 [0] NCCL INFO Connected 1 MSCCL algorithms
x3002c0s25b0n0:38147:38205 [0] NCCL INFO threadThresholds 8/8/64 | 1024/8/64 | 8/8/64 | 8/8/512
x3002c0s25b0n0:38147:38205 [0] NCCL INFO 4 coll channels, 4 p2p channels, 2 p2p channels per peer
x3003c0s1b0n0:47608:47669 [0] NCCL INFO comm 0x151d011ea010 rank 68 nranks 128 cudaDev 0 busId 7000 - Init COMPLETE
x3003c0s1b0n0:47610:47668 [2] NCCL INFO comm 0x14e4a001f010 rank 70 nranks 128 cudaDev 2 busId 85000 - Init COMPLETE
x3003c0s25b0n0:13405:13461 [0] NCCL INFO comm 0x146e7045a010 rank 76 nranks 128 cudaDev 0 busId 7000 - Init COMPLETE
x3003c0s25b0n0:13408:13462 [2] NCCL INFO comm 0x14d91c45a010 rank 78 nranks 128 cudaDev 2 busId 85000 - Init COMPLETE
x3003c0s25b0n0:13410:13464 [3] NCCL INFO comm 0x14a386259010 rank 79 nranks 128 cudaDev 3 busId c7000 - Init COMPLETE
x3003c0s25b0n0:13407:13463 [1] NCCL INFO comm 0x1467c1418010 rank 77 nranks 128 cudaDev 1 busId 46000 - Init COMPLETE
x3004c0s13b1n0:22409:22467 [0] NCCL INFO Connected 1 MSCCL algorithms
x3004c0s13b1n0:22409:22467 [0] NCCL INFO threadThresholds 8/8/64 | 1024/8/64 | 8/8/64 | 8/8/512
x3004c0s13b1n0:22409:22467 [0] NCCL INFO 4 coll channels, 4 p2p channels, 2 p2p channels per peer
x3003c0s31b0n0:35666:35719 [3] NCCL INFO comm 0x15095c45a010 rank 87 nranks 128 cudaDev 3 busId c7000 - Init COMPLETE
x3003c0s37b0n0:5374:5431 [1] NCCL INFO comm 0x14ca0c45a010 rank 93 nranks 128 cudaDev 1 busId 46000 - Init COMPLETE
x3003c0s31b1n0:2789:2851 [0] NCCL INFO comm 0x1518b645a010 rank 88 nranks 128 cudaDev 0 busId 7000 - Init COMPLETE
x3003c0s37b0n0:5376:5432 [3] NCCL INFO comm 0x14950a45a010 rank 95 nranks 128 cudaDev 3 busId c7000 - Init COMPLETE
x3003c0s31b1n0:2793:2850 [2] NCCL INFO comm 0x147760307010 rank 90 nranks 128 cudaDev 2 busId 85000 - Init COMPLETE
x3003c0s37b0n0:5373:5433 [0] NCCL INFO comm 0x149a9c01f010 rank 92 nranks 128 cudaDev 0 busId 7000 - Init COMPLETE
x3003c0s31b1n0:2791:2849 [1] NCCL INFO comm 0x14663645a010 rank 89 nranks 128 cudaDev 1 busId 46000 - Init COMPLETE
x3003c0s37b0n0:5375:5434 [2] NCCL INFO comm 0x14fbdc259010 rank 94 nranks 128 cudaDev 2 busId 85000 - Init COMPLETE
x3003c0s31b1n0:2795:2848 [3] NCCL INFO comm 0x155129e15010 rank 91 nranks 128 cudaDev 3 busId c7000 - Init COMPLETE
x3004c0s19b1n0:44895:44953 [2] NCCL INFO Channel 00 : 122[85000] -> 121[46000] via P2P/IPC/read
x3003c0s13b0n0:7065:7127 [0] NCCL INFO Connected 1 MSCCL algorithms
x3003c0s13b0n0:7065:7127 [0] NCCL INFO threadThresholds 8/8/64 | 1024/8/64 | 8/8/64 | 8/8/512
x3003c0s13b0n0:7065:7127 [0] NCCL INFO 4 coll channels, 4 p2p channels, 2 p2p channels per peer
x3003c0s37b1n0:48740:48795 [2] NCCL INFO comm 0x151829cac010 rank 98 nranks 128 cudaDev 2 busId 85000 - Init COMPLETE
x3003c0s37b1n0:48737:48796 [0] NCCL INFO comm 0x14d45c45a010 rank 96 nranks 128 cudaDev 0 busId 7000 - Init COMPLETE
x3003c0s37b1n0:48739:48793 [1] NCCL INFO comm 0x1511156b1010 rank 97 nranks 128 cudaDev 1 busId 46000 - Init COMPLETE
x3003c0s31b0n0:35660:35718 [0] NCCL INFO comm 0x1470e9bef010 rank 84 nranks 128 cudaDev 0 busId 7000 - Init COMPLETE
x3003c0s31b0n0:35662:35720 [1] NCCL INFO comm 0x153a8c45a010 rank 85 nranks 128 cudaDev 1 busId 46000 - Init COMPLETE
x3003c0s31b0n0:35664:35717 [2] NCCL INFO comm 0x14ca6c45a010 rank 86 nranks 128 cudaDev 2 busId 85000 - Init COMPLETE
x3003c0s37b1n0:48741:48794 [3] NCCL INFO comm 0x14d97645a010 rank 99 nranks 128 cudaDev 3 busId c7000 - Init COMPLETE
x3004c0s19b0n0:5289:5343 [3] NCCL INFO Connected all trees
x3004c0s19b0n0:5289:5343 [3] NCCL INFO MSCCL: Parsing algorithm /home/yuke/ncclPG/CCL-LYD/msccl_tools_lyd/examples/xml/xml_lyd/ring/allreduce_ring_node32_gpu128_mcl1_mck1_gan0.xml
x3003c0s1b0n0:47611:47670 [3] NCCL INFO comm 0x14fe4a45a010 rank 71 nranks 128 cudaDev 3 busId c7000 - Init COMPLETE
x3003c0s1b0n0:47609:47667 [1] NCCL INFO comm 0x14cfbc45a010 rank 69 nranks 128 cudaDev 1 busId 46000 - Init COMPLETE
x3002c0s13b1n0:18604:18662 [0] NCCL INFO Channel 01/0 : 0[7000] -> 4[7000] [receive] via NET/AWS Libfabric/3
x3002c0s25b1n0:49710:49769 [0] NCCL INFO Connected 1 MSCCL algorithms
x3004c0s19b1n0:44893:44954 [0] NCCL INFO Connected 1 MSCCL algorithms
x3004c0s19b1n0:44893:44954 [0] NCCL INFO threadThresholds 8/8/64 | 1024/8/64 | 8/8/64 | 8/8/512
x3004c0s19b1n0:44893:44954 [0] NCCL INFO 4 coll channels, 4 p2p channels, 2 p2p channels per peer
x3002c0s7b0n0:38166:38225 [3] NCCL INFO comm 0x14b6ea45a010 rank 51 nranks 128 cudaDev 3 busId c7000 - Init COMPLETE
x3004c0s13b0n0:64109:64169 [0] NCCL INFO Connected 1 MSCCL algorithms
x3004c0s13b0n0:64109:64169 [0] NCCL INFO threadThresholds 8/8/64 | 1024/8/64 | 8/8/64 | 8/8/512
x3004c0s13b0n0:64109:64169 [0] NCCL INFO 4 coll channels, 4 p2p channels, 2 p2p channels per peer
x3002c0s7b0n0:38163:38223 [0] NCCL INFO comm 0x147b2c45a010 rank 48 nranks 128 cudaDev 0 busId 7000 - Init COMPLETE
x3003c0s19b0n0:52976:53032 [0] NCCL INFO Connected 1 MSCCL algorithms
x3003c0s19b0n0:52976:53032 [0] NCCL INFO threadThresholds 8/8/64 | 1024/8/64 | 8/8/64 | 8/8/512
x3003c0s19b0n0:52976:53032 [0] NCCL INFO 4 coll channels, 4 p2p channels, 2 p2p channels per peer
x3002c0s1b1n0:16865:16925 [0] NCCL INFO Connected 1 MSCCL algorithms
x3002c0s1b1n0:16865:16925 [0] NCCL INFO threadThresholds 8/8/64 | 1024/8/64 | 8/8/64 | 8/8/512
x3002c0s1b1n0:16865:16925 [0] NCCL INFO 4 coll channels, 4 p2p channels, 2 p2p channels per peer
x3002c0s25b1n0:49710:49769 [0] NCCL INFO threadThresholds 8/8/64 | 1024/8/64 | 8/8/64 | 8/8/512
x3002c0s25b1n0:49710:49769 [0] NCCL INFO 4 coll channels, 4 p2p channels, 2 p2p channels per peer
x3002c0s19b0n0:25687:25742 [0] NCCL INFO Channel 01/0 : 8[7000] -> 12[7000] [send] via NET/AWS Libfabric/3
x3002c0s31b1n0:33686:33748 [0] NCCL INFO comm 0x14817c45a010 rank 36 nranks 128 cudaDev 0 busId 7000 - Init COMPLETE
x3002c0s31b1n0:33688:33745 [1] NCCL INFO comm 0x15027c45a010 rank 37 nranks 128 cudaDev 1 busId 46000 - Init COMPLETE
x3002c0s37b1n0:60495:60548 [3] NCCL INFO comm 0x152cfa45a010 rank 47 nranks 128 cudaDev 3 busId c7000 - Init COMPLETE
x3002c0s37b1n0:60491:60549 [0] NCCL INFO comm 0x14b4e981a010 rank 44 nranks 128 cudaDev 0 busId 7000 - Init COMPLETE
x3002c0s37b1n0:60493:60547 [1] NCCL INFO comm 0x1468d0259010 rank 45 nranks 128 cudaDev 1 busId 46000 - Init COMPLETE
x3002c0s37b1n0:60494:60546 [2] NCCL INFO comm 0x146e2a259010 rank 46 nranks 128 cudaDev 2 busId 85000 - Init COMPLETE
x3003c0s13b1n0:62511:62570 [0] NCCL INFO Connected 1 MSCCL algorithms
x3002c0s13b1n0:18604:18662 [0] NCCL INFO Channel 01/0 : 4[7000] -> 8[7000] [send] via NET/AWS Libfabric/3
x3003c0s13b1n0:62511:62570 [0] NCCL INFO threadThresholds 8/8/64 | 1024/8/64 | 8/8/64 | 8/8/512
x3003c0s13b1n0:62511:62570 [0] NCCL INFO 4 coll channels, 4 p2p channels, 2 p2p channels per peer
x3004c0s19b0n0:5289:5343 [3] NCCL INFO Parsed MSCCL Algorithm /home/yuke/ncclPG/CCL-LYD/msccl_tools_lyd/examples/xml/xml_lyd/ring/allreduce_ring_node32_gpu128_mcl1_mck1_gan0.xml successfully.
x3004c0s19b0n0:5289:5343 [3] NCCL INFO Connected 1 MSCCL algorithms
x3004c0s19b0n0:5289:5343 [3] NCCL INFO threadThresholds 8/8/64 | 1024/8/64 | 8/8/64 | 8/8/512
x3004c0s19b0n0:5289:5343 [3] NCCL INFO 4 coll channels, 4 p2p channels, 2 p2p channels per peer
x3004c0s19b1n0:44895:44953 [2] NCCL INFO Channel 02 : 122[85000] -> 121[46000] via P2P/IPC/read
x3002c0s7b0n0:38165:38224 [2] NCCL INFO comm 0x1466aa45a010 rank 50 nranks 128 cudaDev 2 busId 85000 - Init COMPLETE
x3002c0s7b0n0:38164:38222 [1] NCCL INFO comm 0x14e8fc45a010 rank 49 nranks 128 cudaDev 1 busId 46000 - Init COMPLETE
x3004c0s19b0n0:5284:5344 [0] NCCL INFO Connected 1 MSCCL algorithms
x3004c0s19b0n0:5284:5344 [0] NCCL INFO threadThresholds 8/8/64 | 1024/8/64 | 8/8/64 | 8/8/512
x3004c0s19b0n0:5284:5344 [0] NCCL INFO 4 coll channels, 4 p2p channels, 2 p2p channels per peer
x3004c0s19b1n0:44894:44952 [1] NCCL INFO Connected all trees
x3004c0s19b1n0:44894:44952 [1] NCCL INFO MSCCL: Parsing algorithm /home/yuke/ncclPG/CCL-LYD/msccl_tools_lyd/examples/xml/xml_lyd/ring/allreduce_ring_node32_gpu128_mcl1_mck1_gan0.xml
x3004c0s19b1n0:44895:44953 [2] NCCL INFO Connected all trees
x3004c0s19b1n0:44895:44953 [2] NCCL INFO MSCCL: Parsing algorithm /home/yuke/ncclPG/CCL-LYD/msccl_tools_lyd/examples/xml/xml_lyd/ring/allreduce_ring_node32_gpu128_mcl1_mck1_gan0.xml
x3003c0s1b1n0:23856:23909 [2] NCCL INFO comm 0x1514b05d7010 rank 74 nranks 128 cudaDev 2 busId 85000 - Init COMPLETE
x3003c0s1b1n0:23857:23908 [3] NCCL INFO comm 0x145b8c45a010 rank 75 nranks 128 cudaDev 3 busId c7000 - Init COMPLETE
x3002c0s37b0n0:886:943 [0] NCCL INFO comm 0x151fec45a010 rank 40 nranks 128 cudaDev 0 busId 7000 - Init COMPLETE
x3003c0s1b1n0:23852:23911 [0] NCCL INFO comm 0x14763a45a010 rank 72 nranks 128 cudaDev 0 busId 7000 - Init COMPLETE
x3002c0s37b0n0:889:945 [3] NCCL INFO comm 0x15225c45a010 rank 43 nranks 128 cudaDev 3 busId c7000 - Init COMPLETE
x3003c0s1b1n0:23854:23910 [1] NCCL INFO comm 0x15156645a010 rank 73 nranks 128 cudaDev 1 busId 46000 - Init COMPLETE
x3002c0s37b0n0:888:946 [2] NCCL INFO comm 0x14df1581a010 rank 42 nranks 128 cudaDev 2 busId 85000 - Init COMPLETE
x3002c0s13b0n0:7573:7595 [0] NCCL INFO Channel 01/0 : 0[7000] -> 4[7000] [send] via NET/AWS Libfabric/3
x3002c0s31b1n0:33690:33747 [2] NCCL INFO comm 0x14b7a1a54010 rank 38 nranks 128 cudaDev 2 busId 85000 - Init COMPLETE
x3002c0s31b1n0:33691:33746 [3] NCCL INFO comm 0x149c1a45a010 rank 39 nranks 128 cudaDev 3 busId c7000 - Init COMPLETE
x3003c0s7b1n0:53316:53371 [2] NCCL INFO comm 0x14aec045a010 rank 106 nranks 128 cudaDev 2 busId 85000 - Init COMPLETE
x3003c0s7b1n0:53314:53372 [0] NCCL INFO comm 0x14f3c045a010 rank 104 nranks 128 cudaDev 0 busId 7000 - Init COMPLETE
x3003c0s7b1n0:53315:53369 [1] NCCL INFO comm 0x14cadc45a010 rank 105 nranks 128 cudaDev 1 busId 46000 - Init COMPLETE
x3003c0s7b1n0:53317:53370 [3] NCCL INFO comm 0x14929581a010 rank 107 nranks 128 cudaDev 3 busId c7000 - Init COMPLETE
x3002c0s31b0n0:1806:1863 [0] NCCL INFO comm 0x1470c4f00010 rank 32 nranks 128 cudaDev 0 busId 7000 - Init COMPLETE
x3002c0s31b0n0:1809:1862 [2] NCCL INFO comm 0x151065a54010 rank 34 nranks 128 cudaDev 2 busId 85000 - Init COMPLETE
x3002c0s1b0n0:54975:55035 [0] NCCL INFO Connected 1 MSCCL algorithms
x3002c0s1b0n0:54975:55035 [0] NCCL INFO threadThresholds 8/8/64 | 1024/8/64 | 8/8/64 | 8/8/512
x3002c0s1b0n0:54975:55035 [0] NCCL INFO 4 coll channels, 4 p2p channels, 2 p2p channels per peer
x3002c0s37b0n0:887:944 [1] NCCL INFO comm 0x14b38181a010 rank 41 nranks 128 cudaDev 1 busId 46000 - Init COMPLETE
x3002c0s7b1n0:49259:49313 [1] NCCL INFO comm 0x1472c096e010 rank 53 nranks 128 cudaDev 1 busId 46000 - Init COMPLETE
x3002c0s7b1n0:49257:49315 [0] NCCL INFO comm 0x14a4fa45a010 rank 52 nranks 128 cudaDev 0 busId 7000 - Init COMPLETE
x3002c0s7b1n0:49261:49314 [2] NCCL INFO comm 0x15086c45a010 rank 54 nranks 128 cudaDev 2 busId 85000 - Init COMPLETE
x3002c0s7b1n0:49262:49316 [3] NCCL INFO comm 0x145f393ea010 rank 55 nranks 128 cudaDev 3 busId c7000 - Init COMPLETE
x3004c0s13b1n0:22414:22469 [3] NCCL INFO comm 0x1497fc45a010 rank 115 nranks 128 cudaDev 3 busId c7000 - Init COMPLETE
x3004c0s13b1n0:22409:22467 [0] NCCL INFO comm 0x1506f0bb4010 rank 112 nranks 128 cudaDev 0 busId 7000 - Init COMPLETE
x3004c0s13b1n0:22411:22468 [1] NCCL INFO comm 0x145b1c45a010 rank 113 nranks 128 cudaDev 1 busId 46000 - Init COMPLETE
x3004c0s13b1n0:22413:22466 [2] NCCL INFO comm 0x151301a54010 rank 114 nranks 128 cudaDev 2 busId 85000 - Init COMPLETE
x3002c0s19b1n0:19634:19689 [0] NCCL INFO Connected 1 MSCCL algorithms
x3002c0s19b1n0:19634:19689 [0] NCCL INFO threadThresholds 8/8/64 | 1024/8/64 | 8/8/64 | 8/8/512
x3002c0s19b1n0:19634:19689 [0] NCCL INFO 4 coll channels, 4 p2p channels, 2 p2p channels per peer
x3004c0s19b1n0:44895:44953 [2] NCCL INFO Parsed MSCCL Algorithm /home/yuke/ncclPG/CCL-LYD/msccl_tools_lyd/examples/xml/xml_lyd/ring/allreduce_ring_node32_gpu128_mcl1_mck1_gan0.xml successfully.
x3004c0s19b1n0:44895:44953 [2] NCCL INFO Connected 1 MSCCL algorithms
x3004c0s19b1n0:44895:44953 [2] NCCL INFO threadThresholds 8/8/64 | 1024/8/64 | 8/8/64 | 8/8/512
x3004c0s19b1n0:44895:44953 [2] NCCL INFO 4 coll channels, 4 p2p channels, 2 p2p channels per peer
x3002c0s19b1n0:19636:19691 [2] NCCL INFO comm 0x14af0c45a010 rank 14 nranks 128 cudaDev 2 busId 85000 - Init COMPLETE
x3002c0s25b0n0:38147:38205 [0] NCCL INFO comm 0x14a48045a010 rank 24 nranks 128 cudaDev 0 busId 7000 - Init COMPLETE
x3002c0s25b0n0:38150:38203 [1] NCCL INFO comm 0x151c993ea010 rank 25 nranks 128 cudaDev 1 busId 46000 - Init COMPLETE
x3002c0s19b1n0:19634:19689 [0] NCCL INFO comm 0x154fc645a010 rank 12 nranks 128 cudaDev 0 busId 7000 - Init COMPLETE
x3002c0s19b1n0:19635:19690 [1] NCCL INFO comm 0x151cec45a010 rank 13 nranks 128 cudaDev 1 busId 46000 - Init COMPLETE
x3002c0s25b0n0:38151:38204 [2] NCCL INFO comm 0x155020a09010 rank 26 nranks 128 cudaDev 2 busId 85000 - Init COMPLETE
x3002c0s19b1n0:19637:19688 [3] NCCL INFO comm 0x147fe0ac9010 rank 15 nranks 128 cudaDev 3 busId c7000 - Init COMPLETE
x3003c0s13b0n0:7065:7127 [0] NCCL INFO comm 0x146dfc45a010 rank 56 nranks 128 cudaDev 0 busId 7000 - Init COMPLETE
x3003c0s13b0n0:7067:7126 [1] NCCL INFO comm 0x14692045a010 rank 57 nranks 128 cudaDev 1 busId 46000 - Init COMPLETE
x3004c0s1b0n0:25873:25935 [0] NCCL INFO Connected 1 MSCCL algorithms
x3003c0s19b0n0:52980:53033 [2] NCCL INFO comm 0x14a36c45a010 rank 66 nranks 128 cudaDev 2 busId 85000 - Init COMPLETE
x3004c0s1b0n0:25873:25935 [0] NCCL INFO threadThresholds 8/8/64 | 1024/8/64 | 8/8/64 | 8/8/512
x3004c0s1b0n0:25873:25935 [0] NCCL INFO 4 coll channels, 4 p2p channels, 2 p2p channels per peer
x3003c0s19b0n0:52981:53035 [3] NCCL INFO comm 0x14ab45a54010 rank 67 nranks 128 cudaDev 3 busId c7000 - Init COMPLETE
x3003c0s19b0n0:52976:53032 [0] NCCL INFO comm 0x14bba001f010 rank 64 nranks 128 cudaDev 0 busId 7000 - Init COMPLETE
x3003c0s19b0n0:52978:53034 [1] NCCL INFO comm 0x14f975a1b010 rank 65 nranks 128 cudaDev 1 busId 46000 - Init COMPLETE
x3002c0s13b0n0:7573:7595 [0] NCCL INFO Connected 1 MSCCL algorithms
x3002c0s13b0n0:7573:7595 [0] NCCL INFO threadThresholds 8/8/64 | 1024/8/64 | 8/8/64 | 8/8/512
x3002c0s13b0n0:7573:7595 [0] NCCL INFO 4 coll channels, 4 p2p channels, 2 p2p channels per peer
x3002c0s31b0n0:1810:1865 [3] NCCL INFO comm 0x14ecfa45a010 rank 35 nranks 128 cudaDev 3 busId c7000 - Init COMPLETE
x3004c0s19b1n0:44894:44952 [1] NCCL INFO Parsed MSCCL Algorithm /home/yuke/ncclPG/CCL-LYD/msccl_tools_lyd/examples/xml/xml_lyd/ring/allreduce_ring_node32_gpu128_mcl1_mck1_gan0.xml successfully.
x3004c0s19b1n0:44894:44952 [1] NCCL INFO Connected 1 MSCCL algorithms
x3004c0s19b1n0:44894:44952 [1] NCCL INFO threadThresholds 8/8/64 | 1024/8/64 | 8/8/64 | 8/8/512
x3004c0s19b1n0:44894:44952 [1] NCCL INFO 4 coll channels, 4 p2p channels, 2 p2p channels per peer
x3002c0s31b0n0:1808:1864 [1] NCCL INFO comm 0x15354c45a010 rank 33 nranks 128 cudaDev 1 busId 46000 - Init COMPLETE
x3002c0s1b1n0:16871:16924 [3] NCCL INFO comm 0x151ffc45a010 rank 23 nranks 128 cudaDev 3 busId c7000 - Init COMPLETE
x3002c0s25b0n0:38152:38206 [3] NCCL INFO comm 0x14950045a010 rank 27 nranks 128 cudaDev 3 busId c7000 - Init COMPLETE
x3002c0s1b1n0:16865:16925 [0] NCCL INFO comm 0x148b15eb6010 rank 20 nranks 128 cudaDev 0 busId 7000 - Init COMPLETE
x3002c0s1b1n0:16867:16922 [1] NCCL INFO comm 0x152e61c55010 rank 21 nranks 128 cudaDev 1 busId 46000 - Init COMPLETE
x3002c0s1b1n0:16869:16923 [2] NCCL INFO comm 0x15199645a010 rank 22 nranks 128 cudaDev 2 busId 85000 - Init COMPLETE
x3002c0s25b1n0:49715:49767 [3] NCCL INFO comm 0x152ff645a010 rank 31 nranks 128 cudaDev 3 busId c7000 - Init COMPLETE
x3002c0s25b1n0:49710:49769 [0] NCCL INFO comm 0x14d64c01f010 rank 28 nranks 128 cudaDev 0 busId 7000 - Init COMPLETE
x3002c0s25b1n0:49712:49768 [1] NCCL INFO comm 0x1542e0cfb010 rank 29 nranks 128 cudaDev 1 busId 46000 - Init COMPLETE
x3002c0s25b1n0:49714:49770 [2] NCCL INFO comm 0x1522d581a010 rank 30 nranks 128 cudaDev 2 busId 85000 - Init COMPLETE
x3003c0s13b0n0:7070:7125 [3] NCCL INFO comm 0x14a8dc45a010 rank 59 nranks 128 cudaDev 3 busId c7000 - Init COMPLETE
x3003c0s13b0n0:7069:7124 [2] NCCL INFO comm 0x154fd045a010 rank 58 nranks 128 cudaDev 2 busId 85000 - Init COMPLETE
x3002c0s19b0n0:25687:25742 [0] NCCL INFO Connected 1 MSCCL algorithms
x3002c0s19b0n0:25687:25742 [0] NCCL INFO threadThresholds 8/8/64 | 1024/8/64 | 8/8/64 | 8/8/512
x3002c0s19b0n0:25687:25742 [0] NCCL INFO 4 coll channels, 4 p2p channels, 2 p2p channels per peer
x3004c0s19b0n0:5286:5342 [1] NCCL INFO comm 0x1526dc147010 rank 117 nranks 128 cudaDev 1 busId 46000 - Init COMPLETE
x3004c0s19b0n0:5287:5341 [2] NCCL INFO comm 0x15520c45a010 rank 118 nranks 128 cudaDev 2 busId 85000 - Init COMPLETE
x3004c0s19b0n0:5289:5343 [3] NCCL INFO comm 0x154e3a45a010 rank 119 nranks 128 cudaDev 3 busId c7000 - Init COMPLETE
x3004c0s19b0n0:5284:5344 [0] NCCL INFO comm 0x14985c45a010 rank 116 nranks 128 cudaDev 0 busId 7000 - Init COMPLETE
x3002c0s13b1n0:18604:18662 [0] NCCL INFO Connected 1 MSCCL algorithms
x3002c0s13b1n0:18604:18662 [0] NCCL INFO threadThresholds 8/8/64 | 1024/8/64 | 8/8/64 | 8/8/512
x3002c0s13b1n0:18604:18662 [0] NCCL INFO 4 coll channels, 4 p2p channels, 2 p2p channels per peer
x3003c0s13b1n0:62511:62570 [0] NCCL INFO comm 0x1549aa259010 rank 60 nranks 128 cudaDev 0 busId 7000 - Init COMPLETE
x3004c0s13b0n0:64113:64168 [1] NCCL INFO comm 0x14db3a45a010 rank 109 nranks 128 cudaDev 1 busId 46000 - Init COMPLETE
x3004c0s13b0n0:64115:64167 [3] NCCL INFO comm 0x14b88c45a010 rank 111 nranks 128 cudaDev 3 busId c7000 - Init COMPLETE
x3004c0s13b0n0:64109:64169 [0] NCCL INFO comm 0x14dfb9418010 rank 108 nranks 128 cudaDev 0 busId 7000 - Init COMPLETE
x3004c0s13b0n0:64114:64166 [2] NCCL INFO comm 0x14b08c259010 rank 110 nranks 128 cudaDev 2 busId 85000 - Init COMPLETE
x3002c0s1b0n0:54976:55034 [1] NCCL INFO comm 0x14636a45a010 rank 17 nranks 128 cudaDev 1 busId 46000 - Init COMPLETE
x3002c0s1b0n0:54975:55035 [0] NCCL INFO comm 0x149f84ef6010 rank 16 nranks 128 cudaDev 0 busId 7000 - Init COMPLETE
x3002c0s1b0n0:54977:55032 [2] NCCL INFO comm 0x14e8796b1010 rank 18 nranks 128 cudaDev 2 busId 85000 - Init COMPLETE
x3002c0s1b0n0:54978:55033 [3] NCCL INFO comm 0x1503b601f010 rank 19 nranks 128 cudaDev 3 busId c7000 - Init COMPLETE
x3003c0s13b1n0:62515:62567 [2] NCCL INFO comm 0x1485e645a010 rank 62 nranks 128 cudaDev 2 busId 85000 - Init COMPLETE
x3003c0s13b1n0:62513:62568 [1] NCCL INFO comm 0x14abf001f010 rank 61 nranks 128 cudaDev 1 busId 46000 - Init COMPLETE
x3003c0s13b1n0:62516:62569 [3] NCCL INFO comm 0x146cac45a010 rank 63 nranks 128 cudaDev 3 busId c7000 - Init COMPLETE
x3002c0s13b0n0:7573:7595 [0] NCCL INFO comm 0x152c7645a010 rank 0 nranks 128 cudaDev 0 busId 7000 - Init COMPLETE
x3002c0s13b0n0:7576:7630 [3] NCCL INFO comm 0x14edec046010 rank 3 nranks 128 cudaDev 3 busId c7000 - Init COMPLETE
#
#                                                              out-of-place                       in-place          
#       size         count      type   redop    root     time   algbw   busbw #wrong     time   algbw   busbw #wrong
#        (B)    (elements)                               (us)  (GB/s)  (GB/s)            (us)  (GB/s)  (GB/s)       
x3002c0s13b0n0:7574:7631 [1] NCCL INFO comm 0x152340059010 rank 1 nranks 128 cudaDev 1 busId 46000 - Init COMPLETE
x3004c0s19b1n0:44895:44953 [2] NCCL INFO comm 0x14ea5645a010 rank 122 nranks 128 cudaDev 2 busId 85000 - Init COMPLETE
x3004c0s1b0n0:25873:25935 [0] NCCL INFO comm 0x14df8a45a010 rank 124 nranks 128 cudaDev 0 busId 7000 - Init COMPLETE
x3004c0s1b0n0:25874:25932 [1] NCCL INFO comm 0x14a7ba45a010 rank 125 nranks 128 cudaDev 1 busId 46000 - Init COMPLETE
x3004c0s19b1n0:44894:44952 [1] NCCL INFO comm 0x14edac45a010 rank 121 nranks 128 cudaDev 1 busId 46000 - Init COMPLETE
x3004c0s19b1n0:44896:44951 [3] NCCL INFO comm 0x1520bc45a010 rank 123 nranks 128 cudaDev 3 busId c7000 - Init COMPLETE
x3004c0s1b0n0:25876:25934 [3] NCCL INFO comm 0x1499b9610010 rank 127 nranks 128 cudaDev 3 busId c7000 - Init COMPLETE
x3004c0s19b1n0:44893:44954 [0] NCCL INFO comm 0x14df3063e010 rank 120 nranks 128 cudaDev 0 busId 7000 - Init COMPLETE
x3002c0s13b1n0:18608:18660 [3] NCCL INFO comm 0x15198a45a010 rank 7 nranks 128 cudaDev 3 busId c7000 - Init COMPLETE
x3002c0s13b1n0:18604:18662 [0] NCCL INFO comm 0x14ea4a45a010 rank 4 nranks 128 cudaDev 0 busId 7000 - Init COMPLETE
x3002c0s13b1n0:18606:18661 [1] NCCL INFO comm 0x154410f46010 rank 5 nranks 128 cudaDev 1 busId 46000 - Init COMPLETE
x3004c0s1b0n0:25875:25933 [2] NCCL INFO comm 0x14ef15cac010 rank 126 nranks 128 cudaDev 2 busId 85000 - Init COMPLETE
x3002c0s13b0n0:7575:7632 [2] NCCL INFO comm 0x14793c45a010 rank 2 nranks 128 cudaDev 2 busId 85000 - Init COMPLETE
x3002c0s19b0n0:25687:25742 [0] NCCL INFO comm 0x1475d013e010 rank 8 nranks 128 cudaDev 0 busId 7000 - Init COMPLETE
x3002c0s13b1n0:18607:18659 [2] NCCL INFO comm 0x155180afe010 rank 6 nranks 128 cudaDev 2 busId 85000 - Init COMPLETE
x3002c0s19b0n0:25689:25744 [2] NCCL INFO comm 0x15476c49c010 rank 10 nranks 128 cudaDev 2 busId 85000 - Init COMPLETE
x3002c0s19b0n0:25688:25743 [1] NCCL INFO comm 0x14c54cdca010 rank 9 nranks 128 cudaDev 1 busId 46000 - Init COMPLETE
x3002c0s13b0n0:7573:7573 [0] NCCL INFO Launch mode Parallel
x3002c0s19b0n0:25690:25745 [3] NCCL INFO comm 0x14628645a010 rank 11 nranks 128 cudaDev 3 busId c7000 - Init COMPLETE
       65536         16384     float     sum      -1    825.0    0.08    0.16      0    846.2    0.08    0.15      0
      131072         32768     float     sum      -1    953.6    0.14    0.27      0   1087.8    0.12    0.24      0
      262144         65536     float     sum      -1   1157.6    0.23    0.45      0   1028.2    0.25    0.51      0
      524288        131072     float     sum      -1   1004.7    0.52    1.04      0    948.5    0.55    1.10      0
     1048576        262144     float     sum      -1   1244.1    0.84    1.67      0   1226.3    0.86    1.70      0
     2097152        524288     float     sum      -1   1432.4    1.46    2.91      0   1448.1    1.45    2.87      0
     4194304       1048576     float     sum      -1   1732.8    2.42    4.80      0   1737.6    2.41    4.79      0
     8388608       2097152     float     sum      -1   2385.2    3.52    6.98      0   2381.2    3.52    6.99      0
    16777216       4194304     float     sum      -1   3967.8    4.23    8.39      0   3964.9    4.23    8.40      0
    33554432       8388608     float     sum      -1   7105.4    4.72    9.37      0   7107.7    4.72    9.37      0
    67108864      16777216     float     sum      -1    13286    5.05   10.02      0    13300    5.05   10.01      0
   134217728      33554432     float     sum      -1    25583    5.25   10.41      0    25567    5.25   10.42      0
   268435456      67108864     float     sum      -1    50325    5.33   10.58      0    50452    5.32   10.56      0
x3004c0s1b0n0:25874:25874 [1] NCCL INFO comm 0x14a7ba45a010 rank 125 nranks 128 cudaDev 1 busId 46000 - Destroy COMPLETE
x3002c0s13b0n0:7574:7574 [1] NCCL INFO comm 0x152340059010 rank 1 nranks 128 cudaDev 1 busId 46000 - Destroy COMPLETE
x3002c0s13b0n0:7575:7575 [2] NCCL INFO comm 0x14793c45a010 rank 2 nranks 128 cudaDev 2 busId 85000 - Destroy COMPLETE
