x3004c0s13b1n0:19836:19868 [0] NCCL INFO Channel 00 : 48[7000] -> 49[46000] via P2P/IPC/read
x3004c0s13b1n0:19837:19865 [1] NCCL INFO Connected all rings
x3003c0s37b1n0:46167:46195 [0] NCCL INFO Channel 01 : 32[7000] -> 33[46000] via P2P/IPC/read
x3003c0s19b0n0:50388:50413 [2] NCCL INFO Channel 00 : 2[85000] -> 3[c7000] via P2P/IPC/read
x3003c0s19b0n0:50388:50413 [2] NCCL INFO Channel 01 : 2[85000] -> 3[c7000] via P2P/IPC/read
x3003c0s19b0n0:50388:50413 [2] NCCL INFO Channel 02 : 2[85000] -> 3[c7000] via P2P/IPC/read
x3003c0s1b0n0:45028:45055 [0] NCCL INFO Connected all rings
x3003c0s1b0n0:45028:45055 [0] NCCL INFO Channel 00 : 4[7000] -> 5[46000] via P2P/IPC/read
x3003c0s1b0n0:45029:45053 [1] NCCL INFO Connected all rings
x3003c0s19b0n0:50388:50413 [2] NCCL INFO Channel 03 : 2[85000] -> 3[c7000] via P2P/IPC/read
x3003c0s1b1n0:21288:21310 [3] NCCL INFO Channel 03 : 11[c7000] -> 10[85000] via P2P/IPC/read
x3003c0s37b1n0:46169:46193 [2] NCCL INFO Connected all rings
x3003c0s37b1n0:46170:46194 [3] NCCL INFO Connected all rings
x3004c0s19b1n0:42321:42347 [1] NCCL INFO Connected all rings
x3003c0s1b1n0:21287:21311 [2] NCCL INFO Connected all rings
x3003c0s1b1n0:21288:21310 [3] NCCL INFO Connected all rings
x3003c0s1b1n0:21286:21312 [1] NCCL INFO Channel 01 : 9[46000] -> 10[85000] via P2P/IPC/read
x3004c0s13b1n0:19839:19867 [3] NCCL INFO Channel 03 : 51[c7000] -> 50[85000] via P2P/IPC/read
x3003c0s19b0n0:50388:50413 [2] NCCL INFO Channel 00 : 2[85000] -> 1[46000] via P2P/IPC/read
x3003c0s25b0n0:10807:10832 [0] NCCL INFO Channel 01 : 12[7000] -> 13[46000] via P2P/IPC/read
x3004c0s13b0n0:61485:61508 [2] NCCL INFO Connected all rings
x3004c0s13b0n0:61486:61509 [3] NCCL INFO Connected all rings
x3004c0s13b1n0:19838:19864 [2] NCCL INFO Connected all rings
x3004c0s13b1n0:19839:19867 [3] NCCL INFO Connected all rings
x3003c0s37b1n0:46169:46193 [2] NCCL INFO Channel 00 : 34[85000] -> 35[c7000] via P2P/IPC/read
x3003c0s37b1n0:46169:46193 [2] NCCL INFO Channel 01 : 34[85000] -> 35[c7000] via P2P/IPC/read
x3003c0s37b1n0:46169:46193 [2] NCCL INFO Channel 02 : 34[85000] -> 35[c7000] via P2P/IPC/read
x3003c0s37b1n0:46169:46193 [2] NCCL INFO Channel 03 : 34[85000] -> 35[c7000] via P2P/IPC/read
x3003c0s31b1n0:65254:65281 [2] NCCL INFO Channel 00 : 26[85000] -> 27[c7000] via P2P/IPC/read
x3003c0s31b1n0:65254:65281 [2] NCCL INFO Channel 01 : 26[85000] -> 27[c7000] via P2P/IPC/read
x3003c0s31b1n0:65254:65281 [2] NCCL INFO Channel 02 : 26[85000] -> 27[c7000] via P2P/IPC/read
x3003c0s31b1n0:65254:65281 [2] NCCL INFO Channel 03 : 26[85000] -> 27[c7000] via P2P/IPC/read
x3004c0s1b0n0:23292:23338 [1] NCCL INFO Channel 00 : 61[46000] -> 62[85000] via P2P/IPC/read
x3004c0s1b0n0:23292:23338 [1] NCCL INFO Channel 01 : 61[46000] -> 62[85000] via P2P/IPC/read
x3004c0s1b0n0:23292:23338 [1] NCCL INFO Channel 02 : 61[46000] -> 62[85000] via P2P/IPC/read
x3004c0s1b0n0:23292:23338 [1] NCCL INFO Channel 03 : 61[46000] -> 62[85000] via P2P/IPC/read
x3003c0s37b0n0:2702:2729 [0] NCCL INFO Channel 01 : 28[7000] -> 29[46000] via P2P/IPC/read
x3003c0s7b1n0:50729:50753 [1] NCCL INFO Channel 02 : 41[46000] -> 42[85000] via P2P/IPC/read
x3003c0s7b1n0:50729:50753 [1] NCCL INFO Channel 03 : 41[46000] -> 42[85000] via P2P/IPC/read
x3004c0s13b0n0:61483:61511 [0] NCCL INFO Connected all rings
x3004c0s13b0n0:61483:61511 [0] NCCL INFO Channel 00 : 44[7000] -> 45[46000] via P2P/IPC/read
x3003c0s37b0n0:2702:2729 [0] NCCL INFO Channel 02 : 28[7000] -> 29[46000] via P2P/IPC/read
x3003c0s37b0n0:2702:2729 [0] NCCL INFO Channel 03 : 28[7000] -> 29[46000] via P2P/IPC/read
x3004c0s13b0n0:61484:61510 [1] NCCL INFO Connected all rings
x3004c0s19b1n0:42320:42348 [0] NCCL INFO Channel 01 : 56[7000] -> 57[46000] via P2P/IPC/read
x3004c0s19b1n0:42322:42346 [2] NCCL INFO Channel 02 : 58[85000] -> 59[c7000] via P2P/IPC/read
x3003c0s7b0n0:13725:13749 [2] NCCL INFO Channel 00 : 38[85000] -> 39[c7000] via P2P/IPC/read
x3003c0s7b0n0:13725:13749 [2] NCCL INFO Channel 01 : 38[85000] -> 39[c7000] via P2P/IPC/read
x3003c0s7b0n0:13725:13749 [2] NCCL INFO Channel 02 : 38[85000] -> 39[c7000] via P2P/IPC/read
x3003c0s7b0n0:13725:13749 [2] NCCL INFO Channel 03 : 38[85000] -> 39[c7000] via P2P/IPC/read
x3003c0s7b0n0:13723:13750 [0] NCCL INFO Channel 02/0 : 32[7000] -> 36[7000] [receive] via NET/AWS Libfabric/3
x3003c0s31b1n0:65252:65279 [0] NCCL INFO Channel 02/0 : 21[46000] -> 24[7000] [receive] via NET/AWS Libfabric/3
x3003c0s31b1n0:65255:65280 [3] NCCL INFO Channel 01/0 : 27[c7000] -> 31[c7000] [send] via NET/AWS Libfabric/1
x3003c0s37b1n0:46167:46195 [0] NCCL INFO Channel 02 : 32[7000] -> 33[46000] via P2P/IPC/read
x3003c0s31b0n0:33098:33124 [0] NCCL INFO Channel 01 : 20[7000] -> 21[46000] via P2P/IPC/read
x3004c0s19b0n0:2645:2669 [1] NCCL INFO Channel 00 : 53[46000] -> 54[85000] via P2P/IPC/read
x3004c0s13b1n0:19836:19868 [0] NCCL INFO Channel 01 : 48[7000] -> 49[46000] via P2P/IPC/read
x3003c0s7b1n0:50728:50756 [0] NCCL INFO Channel 02/0 : 37[46000] -> 40[7000] [receive] via NET/AWS Libfabric/3
x3003c0s25b0n0:10807:10832 [0] NCCL INFO Channel 02 : 12[7000] -> 13[46000] via P2P/IPC/read
x3003c0s1b0n0:45028:45055 [0] NCCL INFO Channel 01 : 4[7000] -> 5[46000] via P2P/IPC/read
x3003c0s19b0n0:50388:50413 [2] NCCL INFO Channel 02 : 2[85000] -> 1[46000] via P2P/IPC/read
x3003c0s25b1n0:50929:50956 [0] NCCL INFO Channel 02/0 : 16[7000] -> 20[7000] [send] via NET/AWS Libfabric/3
x3003c0s1b0n0:45029:45053 [1] NCCL INFO Channel 00 : 5[46000] -> 6[85000] via P2P/IPC/read
x3003c0s1b0n0:45029:45053 [1] NCCL INFO Channel 01 : 5[46000] -> 6[85000] via P2P/IPC/read
x3003c0s1b0n0:45029:45053 [1] NCCL INFO Channel 02 : 5[46000] -> 6[85000] via P2P/IPC/read
x3003c0s25b0n0:10810:10835 [3] NCCL INFO Connected all rings
x3003c0s25b0n0:10809:10833 [2] NCCL INFO Connected all rings
x3003c0s1b0n0:45029:45053 [1] NCCL INFO Channel 03 : 5[46000] -> 6[85000] via P2P/IPC/read
x3004c0s13b0n0:61483:61511 [0] NCCL INFO Channel 01 : 44[7000] -> 45[46000] via P2P/IPC/read
x3003c0s37b0n0:2703:2728 [1] NCCL INFO Channel 00 : 29[46000] -> 30[85000] via P2P/IPC/read
x3003c0s37b0n0:2703:2728 [1] NCCL INFO Channel 01 : 29[46000] -> 30[85000] via P2P/IPC/read
x3003c0s37b0n0:2703:2728 [1] NCCL INFO Channel 02 : 29[46000] -> 30[85000] via P2P/IPC/read
x3003c0s37b0n0:2703:2728 [1] NCCL INFO Channel 03 : 29[46000] -> 30[85000] via P2P/IPC/read
x3004c0s19b0n0:2645:2669 [1] NCCL INFO Channel 01 : 53[46000] -> 54[85000] via P2P/IPC/read
x3003c0s1b1n0:21286:21312 [1] NCCL INFO Channel 02 : 9[46000] -> 10[85000] via P2P/IPC/read
x3004c0s13b1n0:19838:19864 [2] NCCL INFO Channel 00 : 50[85000] -> 51[c7000] via P2P/IPC/read
x3004c0s13b1n0:19838:19864 [2] NCCL INFO Channel 01 : 50[85000] -> 51[c7000] via P2P/IPC/read
x3004c0s13b1n0:19838:19864 [2] NCCL INFO Channel 02 : 50[85000] -> 51[c7000] via P2P/IPC/read
x3004c0s13b1n0:19838:19864 [2] NCCL INFO Channel 03 : 50[85000] -> 51[c7000] via P2P/IPC/read
x3003c0s31b0n0:33101:33123 [3] NCCL INFO Channel 03 : 23[c7000] -> 22[85000] via P2P/IPC/read
x3003c0s37b0n0:2704:2730 [2] NCCL INFO Channel 00 : 30[85000] -> 31[c7000] via P2P/IPC/read
x3003c0s31b1n0:65253:65278 [1] NCCL INFO Channel 00/0 : 20[7000] -> 25[46000] [receive] via NET/AWS Libfabric/3
x3003c0s37b0n0:2704:2730 [2] NCCL INFO Channel 01 : 30[85000] -> 31[c7000] via P2P/IPC/read
x3003c0s37b0n0:2704:2730 [2] NCCL INFO Channel 02 : 30[85000] -> 31[c7000] via P2P/IPC/read
x3003c0s37b0n0:2704:2730 [2] NCCL INFO Channel 03 : 30[85000] -> 31[c7000] via P2P/IPC/read
x3003c0s25b1n0:50932:50955 [3] NCCL INFO Channel 03/0 : 19[c7000] -> 23[c7000] [send] via NET/AWS Libfabric/1
x3003c0s19b0n0:50389:50414 [3] NCCL INFO Channel 03/0 : 3[c7000] -> 7[c7000] [send] via NET/AWS Libfabric/1
x3003c0s7b1n0:50730:50754 [2] NCCL INFO Channel 00 : 42[85000] -> 43[c7000] via P2P/IPC/read
x3003c0s7b1n0:50730:50754 [2] NCCL INFO Channel 01 : 42[85000] -> 43[c7000] via P2P/IPC/read
x3003c0s7b1n0:50730:50754 [2] NCCL INFO Channel 02 : 42[85000] -> 43[c7000] via P2P/IPC/read
x3003c0s7b1n0:50730:50754 [2] NCCL INFO Channel 03 : 42[85000] -> 43[c7000] via P2P/IPC/read
x3003c0s7b0n0:13724:13748 [1] NCCL INFO Channel 02/0 : 37[46000] -> 40[7000] [send] via NET/AWS Libfabric/3
x3003c0s19b0n0:50386:50412 [0] NCCL INFO Channel 02/0 : 0[7000] -> 4[7000] [send] via NET/AWS Libfabric/3
x3004c0s19b1n0:42322:42346 [2] NCCL INFO Channel 03 : 58[85000] -> 59[c7000] via P2P/IPC/read
x3003c0s31b0n0:33100:33126 [2] NCCL INFO Connected all rings
x3003c0s31b0n0:33101:33123 [3] NCCL INFO Connected all rings
x3003c0s31b0n0:33098:33124 [0] NCCL INFO Channel 02 : 20[7000] -> 21[46000] via P2P/IPC/read
x3003c0s25b0n0:10807:10832 [0] NCCL INFO Channel 03 : 12[7000] -> 13[46000] via P2P/IPC/read
x3004c0s19b1n0:42320:42348 [0] NCCL INFO Channel 02 : 56[7000] -> 57[46000] via P2P/IPC/read
x3004c0s13b0n0:61483:61511 [0] NCCL INFO Channel 02 : 44[7000] -> 45[46000] via P2P/IPC/read
x3003c0s37b1n0:46167:46195 [0] NCCL INFO Channel 03 : 32[7000] -> 33[46000] via P2P/IPC/read
x3004c0s13b1n0:19836:19868 [0] NCCL INFO Channel 02 : 48[7000] -> 49[46000] via P2P/IPC/read
x3004c0s13b1n0:19837:19865 [1] NCCL INFO Channel 00 : 49[46000] -> 50[85000] via P2P/IPC/read
x3004c0s13b1n0:19837:19865 [1] NCCL INFO Channel 01 : 49[46000] -> 50[85000] via P2P/IPC/read
x3004c0s13b1n0:19837:19865 [1] NCCL INFO Channel 02 : 49[46000] -> 50[85000] via P2P/IPC/read
x3004c0s13b1n0:19837:19865 [1] NCCL INFO Channel 03 : 49[46000] -> 50[85000] via P2P/IPC/read
x3004c0s19b1n0:42320:42348 [0] NCCL INFO Channel 03 : 56[7000] -> 57[46000] via P2P/IPC/read
x3003c0s1b0n0:45028:45055 [0] NCCL INFO Channel 02 : 4[7000] -> 5[46000] via P2P/IPC/read
x3003c0s25b1n0:50931:50954 [2] NCCL INFO Channel 01/0 : 11[c7000] -> 18[85000] [receive] via NET/AWS Libfabric/1
x3004c0s19b0n0:2646:2670 [2] NCCL INFO Channel 00 : 54[85000] -> 55[c7000] via P2P/IPC/read
x3004c0s19b0n0:2646:2670 [2] NCCL INFO Channel 01 : 54[85000] -> 55[c7000] via P2P/IPC/read
x3004c0s19b0n0:2646:2670 [2] NCCL INFO Channel 02 : 54[85000] -> 55[c7000] via P2P/IPC/read
x3004c0s19b0n0:2646:2670 [2] NCCL INFO Channel 03 : 54[85000] -> 55[c7000] via P2P/IPC/read
x3003c0s1b0n0:45028:45055 [0] NCCL INFO Channel 03 : 4[7000] -> 5[46000] via P2P/IPC/read
x3003c0s25b1n0:50930:50957 [1] NCCL INFO Channel 00/0 : 8[7000] -> 17[46000] [receive] via NET/AWS Libfabric/3
x3003c0s1b1n0:21286:21312 [1] NCCL INFO Channel 03 : 9[46000] -> 10[85000] via P2P/IPC/read
x3003c0s31b0n0:33098:33124 [0] NCCL INFO Channel 03 : 20[7000] -> 21[46000] via P2P/IPC/read
x3004c0s13b1n0:19836:19868 [0] NCCL INFO Channel 03 : 48[7000] -> 49[46000] via P2P/IPC/read
x3003c0s19b0n0:50388:50413 [2] NCCL INFO Connected all trees
x3003c0s19b0n0:50388:50413 [2] NCCL INFO MSCCL: Parsing algorithm /home/yuke/ncclPG/CCL-LYD/msccl_tools_lyd/examples/xml/xml_lyd/ring/allreduce_ring_node16_gpu64_mcl2_mck1_gan0.xml
x3003c0s19b0n0:50387:50415 [1] NCCL INFO Connected all trees
x3003c0s19b0n0:50387:50415 [1] NCCL INFO MSCCL: Parsing algorithm /home/yuke/ncclPG/CCL-LYD/msccl_tools_lyd/examples/xml/xml_lyd/ring/allreduce_ring_node16_gpu64_mcl2_mck1_gan0.xml
x3004c0s1b0n0:23293:23339 [2] NCCL INFO Channel 00 : 62[85000] -> 63[c7000] via P2P/IPC/read
x3004c0s1b0n0:23293:23339 [2] NCCL INFO Channel 01 : 62[85000] -> 63[c7000] via P2P/IPC/read
x3004c0s13b0n0:61483:61511 [0] NCCL INFO Channel 03 : 44[7000] -> 45[46000] via P2P/IPC/read
x3004c0s19b1n0:42321:42347 [1] NCCL INFO Channel 00 : 57[46000] -> 58[85000] via P2P/IPC/read
x3004c0s19b1n0:42321:42347 [1] NCCL INFO Channel 01 : 57[46000] -> 58[85000] via P2P/IPC/read
x3004c0s19b1n0:42321:42347 [1] NCCL INFO Channel 02 : 57[46000] -> 58[85000] via P2P/IPC/read
x3004c0s19b1n0:42321:42347 [1] NCCL INFO Channel 03 : 57[46000] -> 58[85000] via P2P/IPC/read
x3004c0s19b0n0:2645:2669 [1] NCCL INFO Channel 02 : 53[46000] -> 54[85000] via P2P/IPC/read
x3003c0s31b1n0:65254:65281 [2] NCCL INFO Channel 01/0 : 23[c7000] -> 26[85000] [receive] via NET/AWS Libfabric/1
x3003c0s7b0n0:13726:13751 [3] NCCL INFO Channel 01/0 : 39[c7000] -> 42[85000] [send] via NET/AWS Libfabric/1
x3004c0s13b1n0:19839:19867 [3] NCCL INFO Channel 03/0 : 51[c7000] -> 55[c7000] [send] via NET/AWS Libfabric/1
x3004c0s13b0n0:61485:61508 [2] NCCL INFO Channel 00 : 46[85000] -> 47[c7000] via P2P/IPC/read
x3004c0s13b0n0:61485:61508 [2] NCCL INFO Channel 01 : 46[85000] -> 47[c7000] via P2P/IPC/read
x3004c0s13b0n0:61485:61508 [2] NCCL INFO Channel 02 : 46[85000] -> 47[c7000] via P2P/IPC/read
x3004c0s13b0n0:61485:61508 [2] NCCL INFO Channel 03 : 46[85000] -> 47[c7000] via P2P/IPC/read
x3004c0s19b0n0:2647:2671 [3] NCCL INFO Channel 01/0 : 55[c7000] -> 58[85000] [send] via NET/AWS Libfabric/1
x3003c0s7b1n0:50729:50753 [1] NCCL INFO Channel 00/0 : 36[7000] -> 41[46000] [receive] via NET/AWS Libfabric/3
x3004c0s1b0n0:23293:23339 [2] NCCL INFO Channel 02 : 62[85000] -> 63[c7000] via P2P/IPC/read
x3003c0s19b0n0:50387:50415 [1] NCCL INFO Parsed MSCCL Algorithm /home/yuke/ncclPG/CCL-LYD/msccl_tools_lyd/examples/xml/xml_lyd/ring/allreduce_ring_node16_gpu64_mcl2_mck1_gan0.xml successfully.
x3003c0s19b0n0:50387:50415 [1] NCCL INFO Connected 1 MSCCL algorithms
x3003c0s19b0n0:50387:50415 [1] NCCL INFO threadThresholds 8/8/64 | 512/8/64 | 8/8/64 | 8/8/512
x3003c0s19b0n0:50387:50415 [1] NCCL INFO 4 coll channels, 4 p2p channels, 2 p2p channels per peer
x3003c0s19b0n0:50388:50413 [2] NCCL INFO Parsed MSCCL Algorithm /home/yuke/ncclPG/CCL-LYD/msccl_tools_lyd/examples/xml/xml_lyd/ring/allreduce_ring_node16_gpu64_mcl2_mck1_gan0.xml successfully.
x3004c0s19b0n0:2645:2669 [1] NCCL INFO Channel 03 : 53[46000] -> 54[85000] via P2P/IPC/read
x3003c0s7b0n0:13725:13749 [2] NCCL INFO Channel 03/0 : 38[85000] -> 43[c7000] [send] via NET/AWS Libfabric/1
x3003c0s7b1n0:50728:50756 [0] NCCL INFO Channel 00/0 : 40[7000] -> 44[7000] [send] via NET/AWS Libfabric/3
x3003c0s31b0n0:33099:33125 [1] NCCL INFO Channel 00 : 21[46000] -> 22[85000] via P2P/IPC/read
x3003c0s37b0n0:2703:2728 [1] NCCL INFO Channel 02/0 : 29[46000] -> 44[7000] [send] via NET/AWS Libfabric/3
x3004c0s13b1n0:19838:19864 [2] NCCL INFO Channel 01/0 : 43[c7000] -> 50[85000] [receive] via NET/AWS Libfabric/1
x3003c0s1b1n0:21287:21311 [2] NCCL INFO Channel 00 : 10[85000] -> 11[c7000] via P2P/IPC/read
x3003c0s31b0n0:33099:33125 [1] NCCL INFO Channel 01 : 21[46000] -> 22[85000] via P2P/IPC/read
x3003c0s31b0n0:33099:33125 [1] NCCL INFO Channel 02 : 21[46000] -> 22[85000] via P2P/IPC/read
x3003c0s31b0n0:33099:33125 [1] NCCL INFO Channel 03 : 21[46000] -> 22[85000] via P2P/IPC/read
x3003c0s25b0n0:10809:10833 [2] NCCL INFO Channel 00 : 14[85000] -> 15[c7000] via P2P/IPC/read
x3003c0s25b0n0:10809:10833 [2] NCCL INFO Channel 01 : 14[85000] -> 15[c7000] via P2P/IPC/read
x3003c0s25b0n0:10809:10833 [2] NCCL INFO Channel 02 : 14[85000] -> 15[c7000] via P2P/IPC/read
x3003c0s25b0n0:10809:10833 [2] NCCL INFO Channel 03 : 14[85000] -> 15[c7000] via P2P/IPC/read
x3004c0s1b0n0:23293:23339 [2] NCCL INFO Channel 03 : 62[85000] -> 63[c7000] via P2P/IPC/read
x3003c0s37b0n0:2702:2729 [0] NCCL INFO Channel 00/0 : 24[7000] -> 28[7000] [receive] via NET/AWS Libfabric/3
x3003c0s7b1n0:50731:50755 [3] NCCL INFO Channel 01/0 : 43[c7000] -> 47[c7000] [send] via NET/AWS Libfabric/1
x3003c0s37b0n0:2704:2730 [2] NCCL INFO Channel 03/0 : 30[85000] -> 47[c7000] [send] via NET/AWS Libfabric/1
x3004c0s13b0n0:61484:61510 [1] NCCL INFO Channel 00 : 45[46000] -> 46[85000] via P2P/IPC/read
x3004c0s13b0n0:61484:61510 [1] NCCL INFO Channel 01 : 45[46000] -> 46[85000] via P2P/IPC/read
x3004c0s13b0n0:61484:61510 [1] NCCL INFO Channel 02 : 45[46000] -> 46[85000] via P2P/IPC/read
x3004c0s13b0n0:61484:61510 [1] NCCL INFO Channel 03 : 45[46000] -> 46[85000] via P2P/IPC/read
x3004c0s13b0n0:61486:61509 [3] NCCL INFO Channel 01/0 : 43[c7000] -> 47[c7000] [receive] via NET/AWS Libfabric/1
x3004c0s1b0n0:23291:23337 [0] NCCL INFO Channel 00/0 : 56[7000] -> 60[7000] [receive] via NET/AWS Libfabric/3
x3004c0s1b0n0:23293:23339 [2] NCCL INFO Channel 00 : 62[85000] -> 61[46000] via P2P/IPC/read
x3003c0s1b1n0:21287:21311 [2] NCCL INFO Channel 01 : 10[85000] -> 11[c7000] via P2P/IPC/read
x3003c0s25b0n0:10807:10832 [0] NCCL INFO Channel 00/0 : 8[7000] -> 12[7000] [receive] via NET/AWS Libfabric/3
x3003c0s1b0n0:45028:45055 [0] NCCL INFO Channel 02/0 : 0[7000] -> 4[7000] [receive] via NET/AWS Libfabric/3
x3003c0s1b0n0:45030:45054 [2] NCCL INFO Channel 00 : 6[85000] -> 7[c7000] via P2P/IPC/read
x3004c0s19b1n0:42323:42345 [3] NCCL INFO Channel 01/0 : 59[c7000] -> 63[c7000] [send] via NET/AWS Libfabric/1
x3003c0s37b0n0:2705:2727 [3] NCCL INFO Channel 01/0 : 27[c7000] -> 31[c7000] [receive] via NET/AWS Libfabric/1
x3003c0s1b0n0:45030:45054 [2] NCCL INFO Channel 01 : 6[85000] -> 7[c7000] via P2P/IPC/read
x3003c0s1b0n0:45030:45054 [2] NCCL INFO Channel 02 : 6[85000] -> 7[c7000] via P2P/IPC/read
x3003c0s1b0n0:45030:45054 [2] NCCL INFO Channel 03 : 6[85000] -> 7[c7000] via P2P/IPC/read
x3003c0s31b0n0:33100:33126 [2] NCCL INFO Channel 00 : 22[85000] -> 23[c7000] via P2P/IPC/read
x3003c0s31b0n0:33100:33126 [2] NCCL INFO Channel 01 : 22[85000] -> 23[c7000] via P2P/IPC/read
x3003c0s31b0n0:33100:33126 [2] NCCL INFO Channel 02 : 22[85000] -> 23[c7000] via P2P/IPC/read
x3003c0s31b0n0:33100:33126 [2] NCCL INFO Channel 03 : 22[85000] -> 23[c7000] via P2P/IPC/read
x3003c0s1b1n0:21285:21313 [0] NCCL INFO Channel 02/0 : 5[46000] -> 8[7000] [receive] via NET/AWS Libfabric/3
x3003c0s19b0n0:50388:50413 [2] NCCL INFO Channel 03/0 : 62[85000] -> 2[85000] [receive] via NET/AWS Libfabric/3
x3003c0s7b0n0:13724:13748 [1] NCCL INFO Channel 02/0 : 40[7000] -> 37[46000] [receive] via NET/AWS Libfabric/3
x3003c0s37b1n0:46168:46192 [1] NCCL INFO Channel 00 : 33[46000] -> 34[85000] via P2P/IPC/read
x3004c0s13b1n0:19837:19865 [1] NCCL INFO Channel 00/0 : 40[7000] -> 49[46000] [receive] via NET/AWS Libfabric/3
x3003c0s25b0n0:10810:10835 [3] NCCL INFO Channel 01/0 : 11[c7000] -> 15[c7000] [receive] via NET/AWS Libfabric/1
x3003c0s19b0n0:50388:50413 [2] NCCL INFO Channel 03/0 : 2[85000] -> 6[85000] [send] via NET/AWS Libfabric/3
x3004c0s19b1n0:42321:42347 [1] NCCL INFO Channel 00/0 : 52[7000] -> 57[46000] [receive] via NET/AWS Libfabric/3
x3004c0s13b0n0:61485:61508 [2] NCCL INFO Channel 03/0 : 46[85000] -> 55[c7000] [send] via NET/AWS Libfabric/1
x3003c0s37b1n0:46170:46194 [3] NCCL INFO Channel 03/0 : 35[c7000] -> 39[c7000] [send] via NET/AWS Libfabric/1
x3004c0s1b0n0:23293:23339 [2] NCCL INFO Channel 02 : 62[85000] -> 61[46000] via P2P/IPC/read
x3004c0s1b0n0:23294:23336 [3] NCCL INFO Channel 01/0 : 59[c7000] -> 63[c7000] [receive] via NET/AWS Libfabric/1
x3003c0s25b0n0:10808:10834 [1] NCCL INFO Channel 02/0 : 13[46000] -> 20[7000] [send] via NET/AWS Libfabric/3
x3003c0s31b1n0:65255:65280 [3] NCCL INFO Channel 03/0 : 22[85000] -> 27[c7000] [receive] via NET/AWS Libfabric/1
x3004c0s19b0n0:2646:2670 [2] NCCL INFO Channel 03/0 : 54[85000] -> 59[c7000] [send] via NET/AWS Libfabric/1
x3003c0s7b1n0:50730:50754 [2] NCCL INFO Channel 01/0 : 39[c7000] -> 42[85000] [receive] via NET/AWS Libfabric/1
x3003c0s1b0n0:45031:45056 [3] NCCL INFO Channel 01/0 : 7[c7000] -> 10[85000] [send] via NET/AWS Libfabric/1
x3003c0s7b1n0:50731:50755 [3] NCCL INFO Channel 03/0 : 38[85000] -> 43[c7000] [receive] via NET/AWS Libfabric/1
x3004c0s13b1n0:19836:19868 [0] NCCL INFO Channel 02/0 : 48[7000] -> 52[7000] [send] via NET/AWS Libfabric/3
x3004c0s19b1n0:42322:42346 [2] NCCL INFO Channel 01/0 : 55[c7000] -> 58[85000] [receive] via NET/AWS Libfabric/1
x3003c0s25b0n0:10809:10833 [2] NCCL INFO Channel 03/0 : 14[85000] -> 23[c7000] [send] via NET/AWS Libfabric/1
x3003c0s1b1n0:21287:21311 [2] NCCL INFO Channel 02 : 10[85000] -> 11[c7000] via P2P/IPC/read
x3003c0s37b1n0:46168:46192 [1] NCCL INFO Channel 01 : 33[46000] -> 34[85000] via P2P/IPC/read
x3003c0s1b0n0:45029:45053 [1] NCCL INFO Channel 02/0 : 5[46000] -> 8[7000] [send] via NET/AWS Libfabric/3
x3004c0s1b0n0:23292:23338 [1] NCCL INFO Connected all trees
x3004c0s1b0n0:23292:23338 [1] NCCL INFO MSCCL: Parsing algorithm /home/yuke/ncclPG/CCL-LYD/msccl_tools_lyd/examples/xml/xml_lyd/ring/allreduce_ring_node16_gpu64_mcl2_mck1_gan0.xml
x3004c0s1b0n0:23293:23339 [2] NCCL INFO Connected all trees
x3004c0s1b0n0:23293:23339 [2] NCCL INFO MSCCL: Parsing algorithm /home/yuke/ncclPG/CCL-LYD/msccl_tools_lyd/examples/xml/xml_lyd/ring/allreduce_ring_node16_gpu64_mcl2_mck1_gan0.xml
x3004c0s13b0n0:61484:61510 [1] NCCL INFO Channel 02/0 : 45[46000] -> 52[7000] [send] via NET/AWS Libfabric/3
x3003c0s37b1n0:46168:46192 [1] NCCL INFO Channel 02 : 33[46000] -> 34[85000] via P2P/IPC/read
x3003c0s37b1n0:46168:46192 [1] NCCL INFO Channel 03 : 33[46000] -> 34[85000] via P2P/IPC/read
x3004c0s19b1n0:42320:42348 [0] NCCL INFO Channel 02/0 : 53[46000] -> 56[7000] [receive] via NET/AWS Libfabric/3
x3003c0s1b0n0:45030:45054 [2] NCCL INFO Channel 03/0 : 6[85000] -> 11[c7000] [send] via NET/AWS Libfabric/1
x3004c0s19b0n0:2644:2672 [0] NCCL INFO Channel 02/0 : 48[7000] -> 52[7000] [receive] via NET/AWS Libfabric/3
x3004c0s19b0n0:2645:2669 [1] NCCL INFO Channel 02/0 : 53[46000] -> 56[7000] [send] via NET/AWS Libfabric/3
x3004c0s1b0n0:23292:23338 [1] NCCL INFO Parsed MSCCL Algorithm /home/yuke/ncclPG/CCL-LYD/msccl_tools_lyd/examples/xml/xml_lyd/ring/allreduce_ring_node16_gpu64_mcl2_mck1_gan0.xml successfully.
x3004c0s1b0n0:23292:23338 [1] NCCL INFO Connected 1 MSCCL algorithms
x3004c0s1b0n0:23292:23338 [1] NCCL INFO threadThresholds 8/8/64 | 512/8/64 | 8/8/64 | 8/8/512
x3004c0s1b0n0:23292:23338 [1] NCCL INFO 4 coll channels, 4 p2p channels, 2 p2p channels per peer
x3004c0s1b0n0:23293:23339 [2] NCCL INFO Parsed MSCCL Algorithm /home/yuke/ncclPG/CCL-LYD/msccl_tools_lyd/examples/xml/xml_lyd/ring/allreduce_ring_node16_gpu64_mcl2_mck1_gan0.xml successfully.
x3003c0s1b1n0:21287:21311 [2] NCCL INFO Channel 03 : 10[85000] -> 11[c7000] via P2P/IPC/read
x3003c0s31b0n0:33098:33124 [0] NCCL INFO Channel 02/0 : 16[7000] -> 20[7000] [receive] via NET/AWS Libfabric/3
x3003c0s31b0n0:33099:33125 [1] NCCL INFO Channel 02/0 : 21[46000] -> 24[7000] [send] via NET/AWS Libfabric/3
x3004c0s13b0n0:61483:61511 [0] NCCL INFO Channel 00/0 : 40[7000] -> 44[7000] [receive] via NET/AWS Libfabric/3
x3004c0s19b1n0:42323:42345 [3] NCCL INFO Channel 03/0 : 54[85000] -> 59[c7000] [receive] via NET/AWS Libfabric/1
x3003c0s19b0n0:50386:50412 [0] NCCL INFO Channel 00/0 : 32[7000] -> 0[7000] [receive] via NET/AWS Libfabric/3
x3004c0s19b0n0:2647:2671 [3] NCCL INFO Channel 03/0 : 51[c7000] -> 55[c7000] [receive] via NET/AWS Libfabric/1
x3003c0s31b0n0:33101:33123 [3] NCCL INFO Channel 01/0 : 23[c7000] -> 26[85000] [send] via NET/AWS Libfabric/1
x3003c0s37b0n0:2705:2727 [3] NCCL INFO Channel 03/0 : 15[c7000] -> 31[c7000] [receive] via NET/AWS Libfabric/1
x3003c0s37b1n0:46167:46195 [0] NCCL INFO Channel 02/0 : 32[7000] -> 36[7000] [send] via NET/AWS Libfabric/3
x3003c0s1b0n0:45028:45055 [0] NCCL INFO Channel 00/0 : 4[7000] -> 9[46000] [send] via NET/AWS Libfabric/3
x3004c0s13b0n0:61486:61509 [3] NCCL INFO Channel 03/0 : 39[c7000] -> 47[c7000] [receive] via NET/AWS Libfabric/1
x3004c0s19b0n0:2645:2669 [1] NCCL INFO Channel 02/0 : 56[7000] -> 53[46000] [receive] via NET/AWS Libfabric/3
x3003c0s7b0n0:13726:13751 [3] NCCL INFO Channel 03/0 : 35[c7000] -> 39[c7000] [receive] via NET/AWS Libfabric/1
x3003c0s31b0n0:33100:33126 [2] NCCL INFO Channel 03/0 : 22[85000] -> 27[c7000] [send] via NET/AWS Libfabric/1
x3003c0s37b1n0:46169:46193 [2] NCCL INFO Channel 01/0 : 19[c7000] -> 34[85000] [receive] via NET/AWS Libfabric/1
x3003c0s7b1n0:50730:50754 [2] NCCL INFO Channel 01/0 : 42[85000] -> 39[c7000] [send] via NET/AWS Libfabric/1
x3003c0s31b0n0:33099:33125 [1] NCCL INFO Channel 02/0 : 24[7000] -> 21[46000] [receive] via NET/AWS Libfabric/3
x3003c0s1b1n0:21285:21313 [0] NCCL INFO Channel 00/0 : 8[7000] -> 12[7000] [send] via NET/AWS Libfabric/3
x3003c0s7b0n0:13725:13749 [2] NCCL INFO Channel 03/0 : 43[c7000] -> 38[85000] [receive] via NET/AWS Libfabric/1
x3003c0s7b0n0:13723:13750 [0] NCCL INFO Channel 00/0 : 36[7000] -> 41[46000] [send] via NET/AWS Libfabric/3
x3003c0s31b1n0:65252:65279 [0] NCCL INFO Channel 00/0 : 24[7000] -> 28[7000] [send] via NET/AWS Libfabric/3
x3004c0s19b1n0:42322:42346 [2] NCCL INFO Channel 01/0 : 58[85000] -> 55[c7000] [send] via NET/AWS Libfabric/1
x3003c0s1b0n0:45029:45053 [1] NCCL INFO Channel 02/0 : 8[7000] -> 5[46000] [receive] via NET/AWS Libfabric/3
x3004c0s13b1n0:19839:19867 [3] NCCL INFO Channel 01/0 : 51[c7000] -> 59[c7000] [send] via NET/AWS Libfabric/1
x3003c0s37b1n0:46168:46192 [1] NCCL INFO Channel 00/0 : 16[7000] -> 33[46000] [receive] via NET/AWS Libfabric/3
x3003c0s31b0n0:33101:33123 [3] NCCL INFO Channel 03/0 : 19[c7000] -> 23[c7000] [receive] via NET/AWS Libfabric/1
x3003c0s25b1n0:50929:50956 [0] NCCL INFO Channel 00/0 : 16[7000] -> 24[7000] [send] via NET/AWS Libfabric/3
x3003c0s1b1n0:21288:21310 [3] NCCL INFO Channel 01/0 : 11[c7000] -> 15[c7000] [send] via NET/AWS Libfabric/1
x3004c0s13b1n0:19836:19868 [0] NCCL INFO Channel 00/0 : 48[7000] -> 56[7000] [send] via NET/AWS Libfabric/3
x3003c0s37b1n0:46167:46195 [0] NCCL INFO Channel 00/0 : 32[7000] -> 48[7000] [send] via NET/AWS Libfabric/3
x3004c0s1b0n0:23294:23336 [3] NCCL INFO Channel 03/0 : 31[c7000] -> 63[c7000] [receive] via NET/AWS Libfabric/1
x3003c0s1b1n0:21286:21312 [1] NCCL INFO Channel 00/0 : 4[7000] -> 9[46000] [receive] via NET/AWS Libfabric/3
x3004c0s1b0n0:23293:23339 [2] NCCL INFO Channel 03/0 : 58[85000] -> 62[85000] [receive] via NET/AWS Libfabric/3
x3004c0s19b0n0:2646:2670 [2] NCCL INFO Channel 03/0 : 59[c7000] -> 54[85000] [receive] via NET/AWS Libfabric/1
x3003c0s31b0n0:33100:33126 [2] NCCL INFO Channel 03/0 : 27[c7000] -> 22[85000] [receive] via NET/AWS Libfabric/1
x3003c0s19b0n0:50386:50412 [0] NCCL INFO Channel 00/0 : 0[7000] -> 32[7000] [send] via NET/AWS Libfabric/3
x3004c0s19b0n0:2644:2672 [0] NCCL INFO Channel 00/0 : 52[7000] -> 57[46000] [send] via NET/AWS Libfabric/3
x3003c0s7b1n0:50728:50756 [0] NCCL INFO Channel 00/0 : 40[7000] -> 49[46000] [send] via NET/AWS Libfabric/3
x3003c0s37b0n0:2702:2729 [0] NCCL INFO Channel 02/0 : 12[7000] -> 28[7000] [receive] via NET/AWS Libfabric/3
x3003c0s7b1n0:50729:50753 [1] NCCL INFO Channel 00/0 : 41[46000] -> 36[7000] [send] via NET/AWS Libfabric/3
x3003c0s25b0n0:10807:10832 [0] NCCL INFO Channel 02/0 : 4[7000] -> 12[7000] [receive] via NET/AWS Libfabric/3
x3003c0s37b1n0:46170:46194 [3] NCCL INFO Channel 01/0 : 35[c7000] -> 51[c7000] [send] via NET/AWS Libfabric/1
x3003c0s1b1n0:21288:21310 [3] NCCL INFO Channel 03/0 : 6[85000] -> 11[c7000] [receive] via NET/AWS Libfabric/1
x3004c0s1b0n0:23293:23339 [2] NCCL INFO Channel 03/0 : 62[85000] -> 2[85000] [send] via NET/AWS Libfabric/3
x3003c0s7b1n0:50731:50755 [3] NCCL INFO Channel 01/0 : 43[c7000] -> 50[85000] [send] via NET/AWS Libfabric/1
x3003c0s25b0n0:10810:10835 [3] NCCL INFO Channel 03/0 : 7[c7000] -> 15[c7000] [receive] via NET/AWS Libfabric/1
x3003c0s31b1n0:65254:65281 [2] NCCL INFO Channel 01/0 : 26[85000] -> 23[c7000] [send] via NET/AWS Libfabric/1
x3003c0s1b1n0:21286:21312 [1] NCCL INFO Channel 00/0 : 9[46000] -> 4[7000] [send] via NET/AWS Libfabric/3
x3004c0s19b1n0:42320:42348 [0] NCCL INFO Channel 00/0 : 56[7000] -> 60[7000] [send] via NET/AWS Libfabric/3
x3004c0s1b0n0:23294:23336 [3] NCCL INFO Channel 03/0 : 63[c7000] -> 31[c7000] [send] via NET/AWS Libfabric/1
x3004c0s13b0n0:61483:61511 [0] NCCL INFO Channel 02/0 : 36[7000] -> 44[7000] [receive] via NET/AWS Libfabric/3
x3004c0s19b1n0:42321:42347 [1] NCCL INFO Channel 00/0 : 57[46000] -> 52[7000] [send] via NET/AWS Libfabric/3
x3003c0s1b1n0:21285:21313 [0] NCCL INFO Channel 00/0 : 8[7000] -> 17[46000] [send] via NET/AWS Libfabric/3
x3004c0s19b0n0:2647:2671 [3] NCCL INFO Channel 03/0 : 46[85000] -> 55[c7000] [receive] via NET/AWS Libfabric/1
x3003c0s31b0n0:33098:33124 [0] NCCL INFO Channel 00/0 : 20[7000] -> 25[46000] [send] via NET/AWS Libfabric/3
x3003c0s31b1n0:65255:65280 [3] NCCL INFO Channel 01/0 : 19[c7000] -> 27[c7000] [receive] via NET/AWS Libfabric/1
x3003c0s1b0n0:45028:45055 [0] NCCL INFO Channel 02/0 : 4[7000] -> 12[7000] [send] via NET/AWS Libfabric/3
x3003c0s7b1n0:50728:50756 [0] NCCL INFO Channel 00/0 : 49[46000] -> 40[7000] [receive] via NET/AWS Libfabric/3
x3004c0s19b0n0:2644:2672 [0] NCCL INFO Channel 02/0 : 45[46000] -> 52[7000] [receive] via NET/AWS Libfabric/3
x3003c0s25b1n0:50930:50957 [1] NCCL INFO Channel 00/0 : 17[46000] -> 8[7000] [send] via NET/AWS Libfabric/3
x3003c0s25b1n0:50932:50955 [3] NCCL INFO Channel 01/0 : 19[c7000] -> 27[c7000] [send] via NET/AWS Libfabric/1
x3004c0s19b1n0:42323:42345 [3] NCCL INFO Channel 01/0 : 51[c7000] -> 59[c7000] [receive] via NET/AWS Libfabric/1
x3003c0s7b0n0:13723:13750 [0] NCCL INFO Channel 02/0 : 36[7000] -> 44[7000] [send] via NET/AWS Libfabric/3
x3003c0s7b0n0:13726:13751 [3] NCCL INFO Channel 03/0 : 39[c7000] -> 47[c7000] [send] via NET/AWS Libfabric/1
x3003c0s7b1n0:50731:50755 [3] NCCL INFO Channel 01/0 : 50[85000] -> 43[c7000] [receive] via NET/AWS Libfabric/1
x3003c0s1b1n0:21285:21313 [0] NCCL INFO Channel 00/0 : 17[46000] -> 8[7000] [receive] via NET/AWS Libfabric/3
x3004c0s19b1n0:42320:42348 [0] NCCL INFO Channel 00/0 : 48[7000] -> 56[7000] [receive] via NET/AWS Libfabric/3
x3003c0s31b1n0:65252:65279 [0] NCCL INFO Channel 00/0 : 16[7000] -> 24[7000] [receive] via NET/AWS Libfabric/3
x3003c0s1b0n0:45030:45054 [2] NCCL INFO Channel 03/0 : 11[c7000] -> 6[85000] [receive] via NET/AWS Libfabric/1
x3004c0s1b0n0:23291:23337 [0] NCCL INFO Channel 02/0 : 28[7000] -> 60[7000] [receive] via NET/AWS Libfabric/3
x3003c0s1b1n0:21287:21311 [2] NCCL INFO Channel 01/0 : 7[c7000] -> 10[85000] [receive] via NET/AWS Libfabric/1
x3004c0s13b1n0:19837:19865 [1] NCCL INFO Channel 00/0 : 49[46000] -> 40[7000] [send] via NET/AWS Libfabric/3
x3003c0s31b1n0:65253:65278 [1] NCCL INFO Channel 00/0 : 25[46000] -> 20[7000] [send] via NET/AWS Libfabric/3
x3003c0s31b0n0:33101:33123 [3] NCCL INFO Channel 03/0 : 14[85000] -> 23[c7000] [receive] via NET/AWS Libfabric/1
x3004c0s13b0n0:61484:61510 [1] NCCL INFO Channel 02/0 : 52[7000] -> 45[46000] [receive] via NET/AWS Libfabric/3
x3003c0s7b0n0:13723:13750 [0] NCCL INFO Channel 02/0 : 44[7000] -> 36[7000] [receive] via NET/AWS Libfabric/3
x3004c0s13b1n0:19838:19864 [2] NCCL INFO Channel 01/0 : 50[85000] -> 43[c7000] [send] via NET/AWS Libfabric/1
x3003c0s25b0n0:10807:10832 [0] NCCL INFO Channel 02/0 : 12[7000] -> 28[7000] [send] via NET/AWS Libfabric/3
x3003c0s7b0n0:13726:13751 [3] NCCL INFO Channel 03/0 : 47[c7000] -> 39[c7000] [receive] via NET/AWS Libfabric/1
x3004c0s13b1n0:19838:19864 [2] NCCL INFO Channel 00 : 50[85000] -> 49[46000] via P2P/IPC/read
x3003c0s1b1n0:21288:21310 [3] NCCL INFO Channel 01/0 : 11[c7000] -> 18[85000] [send] via NET/AWS Libfabric/1
x3004c0s13b0n0:61486:61509 [3] NCCL INFO Channel 03/0 : 30[85000] -> 47[c7000] [receive] via NET/AWS Libfabric/1
x3004c0s19b0n0:2644:2672 [0] NCCL INFO Channel 02/0 : 52[7000] -> 45[46000] [send] via NET/AWS Libfabric/3
x3003c0s31b0n0:33098:33124 [0] NCCL INFO Channel 02/0 : 13[46000] -> 20[7000] [receive] via NET/AWS Libfabric/3
x3003c0s25b1n0:50932:50955 [3] NCCL INFO Channel 01/0 : 19[c7000] -> 34[85000] [send] via NET/AWS Libfabric/1
x3004c0s13b1n0:19838:19864 [2] NCCL INFO Channel 02 : 50[85000] -> 49[46000] via P2P/IPC/read
x3003c0s31b1n0:65255:65280 [3] NCCL INFO Channel 01/0 : 27[c7000] -> 19[c7000] [send] via NET/AWS Libfabric/1
x3003c0s1b0n0:45028:45055 [0] NCCL INFO Channel 02/0 : 12[7000] -> 4[7000] [receive] via NET/AWS Libfabric/3
x3003c0s25b0n0:10809:10833 [2] NCCL INFO Channel 03/0 : 23[c7000] -> 14[85000] [receive] via NET/AWS Libfabric/1
x3004c0s19b1n0:42323:42345 [3] NCCL INFO Channel 01/0 : 59[c7000] -> 51[c7000] [send] via NET/AWS Libfabric/1
x3004c0s1b0n0:23291:23337 [0] NCCL INFO Channel 02/0 : 60[7000] -> 28[7000] [send] via NET/AWS Libfabric/3
x3003c0s1b0n0:45031:45056 [3] NCCL INFO Channel 03/0 : 3[c7000] -> 7[c7000] [receive] via NET/AWS Libfabric/1
x3004c0s13b0n0:61483:61511 [0] NCCL INFO Channel 02/0 : 29[46000] -> 44[7000] [receive] via NET/AWS Libfabric/3
x3004c0s13b0n0:61485:61508 [2] NCCL INFO Channel 03/0 : 55[c7000] -> 46[85000] [receive] via NET/AWS Libfabric/1
x3003c0s25b1n0:50929:50956 [0] NCCL INFO Channel 00/0 : 16[7000] -> 33[46000] [send] via NET/AWS Libfabric/3
x3003c0s31b1n0:65252:65279 [0] NCCL INFO Channel 00/0 : 24[7000] -> 16[7000] [send] via NET/AWS Libfabric/3
x3004c0s13b1n0:19837:19865 [1] NCCL INFO Connected all trees
x3004c0s13b1n0:19837:19865 [1] NCCL INFO MSCCL: Parsing algorithm /home/yuke/ncclPG/CCL-LYD/msccl_tools_lyd/examples/xml/xml_lyd/ring/allreduce_ring_node16_gpu64_mcl2_mck1_gan0.xml
x3004c0s13b1n0:19838:19864 [2] NCCL INFO Connected all trees
x3004c0s13b1n0:19838:19864 [2] NCCL INFO MSCCL: Parsing algorithm /home/yuke/ncclPG/CCL-LYD/msccl_tools_lyd/examples/xml/xml_lyd/ring/allreduce_ring_node16_gpu64_mcl2_mck1_gan0.xml
x3003c0s37b0n0:2703:2728 [1] NCCL INFO Channel 02/0 : 44[7000] -> 29[46000] [receive] via NET/AWS Libfabric/3
x3003c0s7b1n0:50728:50756 [0] NCCL INFO Channel 00/0 : 44[7000] -> 40[7000] [receive] via NET/AWS Libfabric/3
x3004c0s19b0n0:2647:2671 [3] NCCL INFO Channel 03/0 : 55[c7000] -> 46[85000] [send] via NET/AWS Libfabric/1
x3004c0s19b1n0:42320:42348 [0] NCCL INFO Channel 00/0 : 56[7000] -> 48[7000] [send] via NET/AWS Libfabric/3
x3003c0s25b1n0:50932:50955 [3] NCCL INFO Channel 01/0 : 34[85000] -> 19[c7000] [receive] via NET/AWS Libfabric/1
x3003c0s1b1n0:21288:21310 [3] NCCL INFO Channel 01/0 : 18[85000] -> 11[c7000] [receive] via NET/AWS Libfabric/1
x3003c0s1b1n0:21285:21313 [0] NCCL INFO Channel 00/0 : 12[7000] -> 8[7000] [receive] via NET/AWS Libfabric/3
x3003c0s1b1n0:21287:21311 [2] NCCL INFO Channel 01/0 : 10[85000] -> 7[c7000] [send] via NET/AWS Libfabric/1
x3003c0s37b1n0:46169:46193 [2] NCCL INFO Channel 01/0 : 34[85000] -> 19[c7000] [send] via NET/AWS Libfabric/1
x3004c0s13b1n0:19839:19867 [3] NCCL INFO Channel 01/0 : 35[c7000] -> 51[c7000] [receive] via NET/AWS Libfabric/1
x3003c0s25b1n0:50931:50954 [2] NCCL INFO Channel 01/0 : 18[85000] -> 11[c7000] [send] via NET/AWS Libfabric/1
x3004c0s13b1n0:19836:19868 [0] NCCL INFO Channel 00/0 : 32[7000] -> 48[7000] [receive] via NET/AWS Libfabric/3
x3004c0s13b1n0:19837:19865 [1] NCCL INFO Parsed MSCCL Algorithm /home/yuke/ncclPG/CCL-LYD/msccl_tools_lyd/examples/xml/xml_lyd/ring/allreduce_ring_node16_gpu64_mcl2_mck1_gan0.xml successfully.
x3004c0s13b1n0:19837:19865 [1] NCCL INFO Connected 1 MSCCL algorithms
x3004c0s13b1n0:19837:19865 [1] NCCL INFO threadThresholds 8/8/64 | 512/8/64 | 8/8/64 | 8/8/512
x3004c0s13b1n0:19837:19865 [1] NCCL INFO 4 coll channels, 4 p2p channels, 2 p2p channels per peer
x3004c0s13b1n0:19838:19864 [2] NCCL INFO Parsed MSCCL Algorithm /home/yuke/ncclPG/CCL-LYD/msccl_tools_lyd/examples/xml/xml_lyd/ring/allreduce_ring_node16_gpu64_mcl2_mck1_gan0.xml successfully.
x3004c0s19b0n0:2644:2672 [0] NCCL INFO Channel 00/0 : 57[46000] -> 52[7000] [receive] via NET/AWS Libfabric/3
x3003c0s25b1n0:50929:50956 [0] NCCL INFO Channel 00/0 : 33[46000] -> 16[7000] [receive] via NET/AWS Libfabric/3
x3003c0s25b1n0:50931:50954 [2] NCCL INFO Channel 00 : 18[85000] -> 17[46000] via P2P/IPC/read
x3003c0s25b0n0:10807:10832 [0] NCCL INFO Channel 02/0 : 28[7000] -> 12[7000] [receive] via NET/AWS Libfabric/3
x3004c0s13b0n0:61485:61508 [2] NCCL INFO Channel 00 : 46[85000] -> 45[46000] via P2P/IPC/read
x3004c0s13b0n0:61485:61508 [2] NCCL INFO Channel 02 : 46[85000] -> 45[46000] via P2P/IPC/read
x3003c0s31b0n0:33101:33123 [3] NCCL INFO Channel 03/0 : 23[c7000] -> 14[85000] [send] via NET/AWS Libfabric/1
x3003c0s25b1n0:50931:50954 [2] NCCL INFO Channel 02 : 18[85000] -> 17[46000] via P2P/IPC/read
x3003c0s37b1n0:46169:46193 [2] NCCL INFO Channel 00 : 34[85000] -> 33[46000] via P2P/IPC/read
x3003c0s37b1n0:46169:46193 [2] NCCL INFO Channel 02 : 34[85000] -> 33[46000] via P2P/IPC/read
x3003c0s25b1n0:50930:50957 [1] NCCL INFO Connected all trees
x3003c0s25b1n0:50930:50957 [1] NCCL INFO MSCCL: Parsing algorithm /home/yuke/ncclPG/CCL-LYD/msccl_tools_lyd/examples/xml/xml_lyd/ring/allreduce_ring_node16_gpu64_mcl2_mck1_gan0.xml
x3003c0s25b1n0:50931:50954 [2] NCCL INFO Connected all trees
x3003c0s25b1n0:50931:50954 [2] NCCL INFO MSCCL: Parsing algorithm /home/yuke/ncclPG/CCL-LYD/msccl_tools_lyd/examples/xml/xml_lyd/ring/allreduce_ring_node16_gpu64_mcl2_mck1_gan0.xml
x3003c0s37b0n0:2702:2729 [0] NCCL INFO Channel 02/0 : 60[7000] -> 28[7000] [receive] via NET/AWS Libfabric/3
x3003c0s37b1n0:46168:46192 [1] NCCL INFO Channel 00/0 : 33[46000] -> 16[7000] [send] via NET/AWS Libfabric/3
x3003c0s37b0n0:2704:2730 [2] NCCL INFO Channel 03/0 : 47[c7000] -> 30[85000] [receive] via NET/AWS Libfabric/1
x3003c0s7b1n0:50731:50755 [3] NCCL INFO Channel 03/0 : 43[c7000] -> 38[85000] [send] via NET/AWS Libfabric/1
x3003c0s25b0n0:10808:10834 [1] NCCL INFO Channel 02/0 : 20[7000] -> 13[46000] [receive] via NET/AWS Libfabric/3
x3004c0s13b0n0:61485:61508 [2] NCCL INFO Connected all trees
x3004c0s13b0n0:61485:61508 [2] NCCL INFO MSCCL: Parsing algorithm /home/yuke/ncclPG/CCL-LYD/msccl_tools_lyd/examples/xml/xml_lyd/ring/allreduce_ring_node16_gpu64_mcl2_mck1_gan0.xml
x3003c0s19b0n0:50389:50414 [3] NCCL INFO Channel 01/0 : 35[c7000] -> 3[c7000] [receive] via NET/AWS Libfabric/1
x3004c0s13b0n0:61484:61510 [1] NCCL INFO Connected all trees
x3004c0s13b0n0:61484:61510 [1] NCCL INFO MSCCL: Parsing algorithm /home/yuke/ncclPG/CCL-LYD/msccl_tools_lyd/examples/xml/xml_lyd/ring/allreduce_ring_node16_gpu64_mcl2_mck1_gan0.xml
x3004c0s13b0n0:61486:61509 [3] NCCL INFO Channel 03/0 : 47[c7000] -> 30[85000] [send] via NET/AWS Libfabric/1
x3003c0s25b1n0:50931:50954 [2] NCCL INFO Parsed MSCCL Algorithm /home/yuke/ncclPG/CCL-LYD/msccl_tools_lyd/examples/xml/xml_lyd/ring/allreduce_ring_node16_gpu64_mcl2_mck1_gan0.xml successfully.
x3004c0s19b0n0:2647:2671 [3] NCCL INFO Channel 03/0 : 55[c7000] -> 51[c7000] [send] via NET/AWS Libfabric/1
x3003c0s25b1n0:50930:50957 [1] NCCL INFO Parsed MSCCL Algorithm /home/yuke/ncclPG/CCL-LYD/msccl_tools_lyd/examples/xml/xml_lyd/ring/allreduce_ring_node16_gpu64_mcl2_mck1_gan0.xml successfully.
x3003c0s25b1n0:50930:50957 [1] NCCL INFO Connected 1 MSCCL algorithms
x3003c0s25b1n0:50930:50957 [1] NCCL INFO threadThresholds 8/8/64 | 512/8/64 | 8/8/64 | 8/8/512
x3003c0s25b1n0:50930:50957 [1] NCCL INFO 4 coll channels, 4 p2p channels, 2 p2p channels per peer
x3003c0s7b0n0:13725:13749 [2] NCCL INFO Channel 00 : 38[85000] -> 37[46000] via P2P/IPC/read
x3003c0s7b1n0:50731:50755 [3] NCCL INFO Channel 01/0 : 47[c7000] -> 43[c7000] [receive] via NET/AWS Libfabric/1
x3003c0s25b0n0:10809:10833 [2] NCCL INFO Channel 00 : 14[85000] -> 13[46000] via P2P/IPC/read
x3004c0s13b0n0:61483:61511 [0] NCCL INFO Channel 02/0 : 44[7000] -> 29[46000] [send] via NET/AWS Libfabric/3
x3003c0s31b0n0:33101:33123 [3] NCCL INFO Channel 03/0 : 23[c7000] -> 19[c7000] [send] via NET/AWS Libfabric/1
x3004c0s13b0n0:61484:61510 [1] NCCL INFO Parsed MSCCL Algorithm /home/yuke/ncclPG/CCL-LYD/msccl_tools_lyd/examples/xml/xml_lyd/ring/allreduce_ring_node16_gpu64_mcl2_mck1_gan0.xml successfully.
x3004c0s13b0n0:61484:61510 [1] NCCL INFO Connected 1 MSCCL algorithms
x3004c0s13b0n0:61484:61510 [1] NCCL INFO threadThresholds 8/8/64 | 512/8/64 | 8/8/64 | 8/8/512
x3004c0s13b0n0:61484:61510 [1] NCCL INFO 4 coll channels, 4 p2p channels, 2 p2p channels per peer
x3004c0s13b0n0:61485:61508 [2] NCCL INFO Parsed MSCCL Algorithm /home/yuke/ncclPG/CCL-LYD/msccl_tools_lyd/examples/xml/xml_lyd/ring/allreduce_ring_node16_gpu64_mcl2_mck1_gan0.xml successfully.
x3003c0s1b0n0:45031:45056 [3] NCCL INFO Channel 03/0 : 7[c7000] -> 15[c7000] [send] via NET/AWS Libfabric/1
x3003c0s37b0n0:2704:2730 [2] NCCL INFO Channel 00 : 30[85000] -> 29[46000] via P2P/IPC/read
x3003c0s31b0n0:33098:33124 [0] NCCL INFO Channel 02/0 : 20[7000] -> 13[46000] [send] via NET/AWS Libfabric/3
x3004c0s13b0n0:61486:61509 [3] NCCL INFO Channel 03/0 : 47[c7000] -> 39[c7000] [send] via NET/AWS Libfabric/1
x3003c0s37b1n0:46168:46192 [1] NCCL INFO Connected all trees
x3003c0s37b1n0:46168:46192 [1] NCCL INFO MSCCL: Parsing algorithm /home/yuke/ncclPG/CCL-LYD/msccl_tools_lyd/examples/xml/xml_lyd/ring/allreduce_ring_node16_gpu64_mcl2_mck1_gan0.xml
x3003c0s37b1n0:46169:46193 [2] NCCL INFO Connected all trees
x3003c0s37b1n0:46169:46193 [2] NCCL INFO MSCCL: Parsing algorithm /home/yuke/ncclPG/CCL-LYD/msccl_tools_lyd/examples/xml/xml_lyd/ring/allreduce_ring_node16_gpu64_mcl2_mck1_gan0.xml
x3004c0s13b1n0:19838:19864 [2] NCCL INFO Channel 03/0 : 46[85000] -> 50[85000] [receive] via NET/AWS Libfabric/3
x3003c0s25b0n0:10810:10835 [3] NCCL INFO Channel 03/0 : 15[c7000] -> 31[c7000] [send] via NET/AWS Libfabric/1
x3003c0s25b0n0:10809:10833 [2] NCCL INFO Channel 02 : 14[85000] -> 13[46000] via P2P/IPC/read
x3003c0s37b0n0:2702:2729 [0] NCCL INFO Channel 02/0 : 28[7000] -> 60[7000] [send] via NET/AWS Libfabric/3
x3003c0s7b0n0:13725:13749 [2] NCCL INFO Channel 02 : 38[85000] -> 37[46000] via P2P/IPC/read
x3003c0s19b0n0:50389:50414 [3] NCCL INFO Channel 01/0 : 3[c7000] -> 35[c7000] [send] via NET/AWS Libfabric/1
x3003c0s37b1n0:46168:46192 [1] NCCL INFO Parsed MSCCL Algorithm /home/yuke/ncclPG/CCL-LYD/msccl_tools_lyd/examples/xml/xml_lyd/ring/allreduce_ring_node16_gpu64_mcl2_mck1_gan0.xml successfully.
x3003c0s37b1n0:46168:46192 [1] NCCL INFO Connected 1 MSCCL algorithms
x3003c0s37b1n0:46168:46192 [1] NCCL INFO threadThresholds 8/8/64 | 512/8/64 | 8/8/64 | 8/8/512
x3003c0s37b1n0:46168:46192 [1] NCCL INFO 4 coll channels, 4 p2p channels, 2 p2p channels per peer
x3003c0s37b1n0:46169:46193 [2] NCCL INFO Parsed MSCCL Algorithm /home/yuke/ncclPG/CCL-LYD/msccl_tools_lyd/examples/xml/xml_lyd/ring/allreduce_ring_node16_gpu64_mcl2_mck1_gan0.xml successfully.
x3003c0s25b1n0:50932:50955 [3] NCCL INFO Channel 01/0 : 27[c7000] -> 19[c7000] [receive] via NET/AWS Libfabric/1
x3004c0s13b1n0:19836:19868 [0] NCCL INFO Channel 00/0 : 48[7000] -> 32[7000] [send] via NET/AWS Libfabric/3
x3004c0s13b1n0:19838:19864 [2] NCCL INFO Channel 03/0 : 50[85000] -> 54[85000] [send] via NET/AWS Libfabric/3
x3003c0s37b1n0:46167:46195 [0] NCCL INFO Channel 00/0 : 0[7000] -> 32[7000] [receive] via NET/AWS Libfabric/3
x3004c0s13b1n0:19839:19867 [3] NCCL INFO Channel 01/0 : 51[c7000] -> 35[c7000] [send] via NET/AWS Libfabric/1
x3003c0s1b1n0:21288:21310 [3] NCCL INFO Channel 03/0 : 11[c7000] -> 6[85000] [send] via NET/AWS Libfabric/1
x3004c0s13b0n0:61483:61511 [0] NCCL INFO Channel 02/0 : 44[7000] -> 36[7000] [send] via NET/AWS Libfabric/3
x3003c0s37b1n0:46170:46194 [3] NCCL INFO Channel 01/0 : 3[c7000] -> 35[c7000] [receive] via NET/AWS Libfabric/1
x3004c0s19b0n0:2644:2672 [0] NCCL INFO Channel 02/0 : 52[7000] -> 48[7000] [send] via NET/AWS Libfabric/3
x3003c0s37b0n0:2704:2730 [2] NCCL INFO Channel 02 : 30[85000] -> 29[46000] via P2P/IPC/read
x3003c0s31b0n0:33098:33124 [0] NCCL INFO Channel 00/0 : 25[46000] -> 20[7000] [receive] via NET/AWS Libfabric/3
x3004c0s13b0n0:61485:61508 [2] NCCL INFO Channel 03/0 : 42[85000] -> 46[85000] [receive] via NET/AWS Libfabric/3
x3003c0s37b1n0:46167:46195 [0] NCCL INFO Channel 00/0 : 32[7000] -> 0[7000] [send] via NET/AWS Libfabric/3
x3004c0s13b0n0:61485:61508 [2] NCCL INFO Channel 03/0 : 46[85000] -> 50[85000] [send] via NET/AWS Libfabric/3
x3003c0s25b1n0:50929:50956 [0] NCCL INFO Channel 00/0 : 24[7000] -> 16[7000] [receive] via NET/AWS Libfabric/3
x3003c0s25b1n0:50931:50954 [2] NCCL INFO Channel 03/0 : 14[85000] -> 18[85000] [receive] via NET/AWS Libfabric/3
x3003c0s1b0n0:45030:45054 [2] NCCL INFO Channel 00 : 6[85000] -> 5[46000] via P2P/IPC/read
x3003c0s1b0n0:45031:45056 [3] NCCL INFO Channel 03/0 : 15[c7000] -> 7[c7000] [receive] via NET/AWS Libfabric/1
x3003c0s37b1n0:46170:46194 [3] NCCL INFO Channel 01/0 : 35[c7000] -> 3[c7000] [send] via NET/AWS Libfabric/1
x3003c0s25b0n0:10810:10835 [3] NCCL INFO Channel 03/0 : 31[c7000] -> 15[c7000] [receive] via NET/AWS Libfabric/1
x3003c0s31b1n0:65252:65279 [0] NCCL INFO Channel 00/0 : 28[7000] -> 24[7000] [receive] via NET/AWS Libfabric/3
x3003c0s37b0n0:2705:2727 [3] NCCL INFO Channel 03/0 : 63[c7000] -> 31[c7000] [receive] via NET/AWS Libfabric/1
x3004c0s1b0n0:23291:23337 [0] NCCL INFO Channel 00/0 : 60[7000] -> 56[7000] [send] via NET/AWS Libfabric/3
x3003c0s25b0n0:10808:10834 [1] NCCL INFO Connected all trees
x3003c0s25b0n0:10808:10834 [1] NCCL INFO MSCCL: Parsing algorithm /home/yuke/ncclPG/CCL-LYD/msccl_tools_lyd/examples/xml/xml_lyd/ring/allreduce_ring_node16_gpu64_mcl2_mck1_gan0.xml
x3003c0s25b0n0:10809:10833 [2] NCCL INFO Connected all trees
x3003c0s25b0n0:10809:10833 [2] NCCL INFO MSCCL: Parsing algorithm /home/yuke/ncclPG/CCL-LYD/msccl_tools_lyd/examples/xml/xml_lyd/ring/allreduce_ring_node16_gpu64_mcl2_mck1_gan0.xml
x3004c0s13b0n0:61486:61509 [3] NCCL INFO Channel 01/0 : 47[c7000] -> 43[c7000] [send] via NET/AWS Libfabric/1
x3003c0s37b0n0:2704:2730 [2] NCCL INFO Connected all trees
x3003c0s37b0n0:2703:2728 [1] NCCL INFO Connected all trees
x3003c0s37b0n0:2703:2728 [1] NCCL INFO MSCCL: Parsing algorithm /home/yuke/ncclPG/CCL-LYD/msccl_tools_lyd/examples/xml/xml_lyd/ring/allreduce_ring_node16_gpu64_mcl2_mck1_gan0.xml
x3003c0s37b0n0:2704:2730 [2] NCCL INFO MSCCL: Parsing algorithm /home/yuke/ncclPG/CCL-LYD/msccl_tools_lyd/examples/xml/xml_lyd/ring/allreduce_ring_node16_gpu64_mcl2_mck1_gan0.xml
x3003c0s37b1n0:46169:46193 [2] NCCL INFO Channel 03/0 : 30[85000] -> 34[85000] [receive] via NET/AWS Libfabric/3
x3003c0s1b1n0:21288:21310 [3] NCCL INFO Channel 01/0 : 15[c7000] -> 11[c7000] [receive] via NET/AWS Libfabric/1
x3003c0s31b1n0:65255:65280 [3] NCCL INFO Channel 03/0 : 27[c7000] -> 22[85000] [send] via NET/AWS Libfabric/1
x3003c0s25b0n0:10809:10833 [2] NCCL INFO Parsed MSCCL Algorithm /home/yuke/ncclPG/CCL-LYD/msccl_tools_lyd/examples/xml/xml_lyd/ring/allreduce_ring_node16_gpu64_mcl2_mck1_gan0.xml successfully.
x3004c0s13b0n0:61486:61509 [3] NCCL INFO Connected all trees
x3004c0s13b0n0:61486:61509 [3] NCCL INFO MSCCL: Parsing algorithm /home/yuke/ncclPG/CCL-LYD/msccl_tools_lyd/examples/xml/xml_lyd/ring/allreduce_ring_node16_gpu64_mcl2_mck1_gan0.xml
x3003c0s37b0n0:2703:2728 [1] NCCL INFO Parsed MSCCL Algorithm /home/yuke/ncclPG/CCL-LYD/msccl_tools_lyd/examples/xml/xml_lyd/ring/allreduce_ring_node16_gpu64_mcl2_mck1_gan0.xml successfully.
x3003c0s7b1n0:50731:50755 [3] NCCL INFO Connected all trees
x3003c0s7b1n0:50731:50755 [3] NCCL INFO MSCCL: Parsing algorithm /home/yuke/ncclPG/CCL-LYD/msccl_tools_lyd/examples/xml/xml_lyd/ring/allreduce_ring_node16_gpu64_mcl2_mck1_gan0.xml
x3003c0s37b0n0:2703:2728 [1] NCCL INFO Connected 1 MSCCL algorithms
x3003c0s37b0n0:2703:2728 [1] NCCL INFO threadThresholds 8/8/64 | 512/8/64 | 8/8/64 | 8/8/512
x3003c0s37b0n0:2703:2728 [1] NCCL INFO 4 coll channels, 4 p2p channels, 2 p2p channels per peer
x3003c0s37b0n0:2704:2730 [2] NCCL INFO Parsed MSCCL Algorithm /home/yuke/ncclPG/CCL-LYD/msccl_tools_lyd/examples/xml/xml_lyd/ring/allreduce_ring_node16_gpu64_mcl2_mck1_gan0.xml successfully.
x3003c0s25b1n0:50931:50954 [2] NCCL INFO Channel 03/0 : 18[85000] -> 22[85000] [send] via NET/AWS Libfabric/3
x3003c0s7b0n0:13726:13751 [3] NCCL INFO Channel 03/0 : 39[c7000] -> 35[c7000] [send] via NET/AWS Libfabric/1
x3003c0s25b0n0:10808:10834 [1] NCCL INFO Parsed MSCCL Algorithm /home/yuke/ncclPG/CCL-LYD/msccl_tools_lyd/examples/xml/xml_lyd/ring/allreduce_ring_node16_gpu64_mcl2_mck1_gan0.xml successfully.
x3003c0s25b0n0:10808:10834 [1] NCCL INFO Connected 1 MSCCL algorithms
x3003c0s25b0n0:10808:10834 [1] NCCL INFO threadThresholds 8/8/64 | 512/8/64 | 8/8/64 | 8/8/512
x3003c0s25b0n0:10808:10834 [1] NCCL INFO 4 coll channels, 4 p2p channels, 2 p2p channels per peer
x3004c0s13b0n0:61483:61511 [0] NCCL INFO Channel 00/0 : 44[7000] -> 40[7000] [send] via NET/AWS Libfabric/3
x3004c0s13b0n0:61486:61509 [3] NCCL INFO Parsed MSCCL Algorithm /home/yuke/ncclPG/CCL-LYD/msccl_tools_lyd/examples/xml/xml_lyd/ring/allreduce_ring_node16_gpu64_mcl2_mck1_gan0.xml successfully.
x3003c0s1b0n0:45030:45054 [2] NCCL INFO Channel 02 : 6[85000] -> 5[46000] via P2P/IPC/read
x3003c0s31b0n0:33098:33124 [0] NCCL INFO Channel 02/0 : 20[7000] -> 16[7000] [send] via NET/AWS Libfabric/3
x3003c0s7b1n0:50731:50755 [3] NCCL INFO Parsed MSCCL Algorithm /home/yuke/ncclPG/CCL-LYD/msccl_tools_lyd/examples/xml/xml_lyd/ring/allreduce_ring_node16_gpu64_mcl2_mck1_gan0.xml successfully.
x3003c0s37b1n0:46169:46193 [2] NCCL INFO Channel 03/0 : 34[85000] -> 38[85000] [send] via NET/AWS Libfabric/3
x3004c0s13b0n0:61483:61511 [0] NCCL INFO Connected all trees
x3004c0s13b0n0:61483:61511 [0] NCCL INFO MSCCL: Parsing algorithm /home/yuke/ncclPG/CCL-LYD/msccl_tools_lyd/examples/xml/xml_lyd/ring/allreduce_ring_node16_gpu64_mcl2_mck1_gan0.xml
x3003c0s31b0n0:33100:33126 [2] NCCL INFO Channel 00 : 22[85000] -> 21[46000] via P2P/IPC/read
x3004c0s13b0n0:61483:61511 [0] NCCL INFO Parsed MSCCL Algorithm /home/yuke/ncclPG/CCL-LYD/msccl_tools_lyd/examples/xml/xml_lyd/ring/allreduce_ring_node16_gpu64_mcl2_mck1_gan0.xml successfully.
x3003c0s37b0n0:2704:2730 [2] NCCL INFO Channel 03/0 : 26[85000] -> 30[85000] [receive] via NET/AWS Libfabric/3
x3004c0s13b0n0:61483:61511 [0] NCCL INFO Channel 01 : 44[7000] -> 47[c7000] via P2P/IPC/read
x3003c0s25b1n0:50932:50955 [3] NCCL INFO Channel 03/0 : 23[c7000] -> 19[c7000] [receive] via NET/AWS Libfabric/1
x3003c0s25b1n0:50929:50956 [0] NCCL INFO Channel 02/0 : 20[7000] -> 16[7000] [receive] via NET/AWS Libfabric/3
x3003c0s7b0n0:13723:13750 [0] NCCL INFO Channel 00/0 : 41[46000] -> 36[7000] [receive] via NET/AWS Libfabric/3
x3003c0s31b0n0:33100:33126 [2] NCCL INFO Channel 02 : 22[85000] -> 21[46000] via P2P/IPC/read
x3003c0s37b0n0:2702:2729 [0] NCCL INFO Channel 02/0 : 28[7000] -> 12[7000] [send] via NET/AWS Libfabric/3
x3003c0s37b0n0:2704:2730 [2] NCCL INFO Channel 03/0 : 30[85000] -> 34[85000] [send] via NET/AWS Libfabric/3
x3003c0s37b1n0:46170:46194 [3] NCCL INFO Channel 01/0 : 51[c7000] -> 35[c7000] [receive] via NET/AWS Libfabric/1
x3003c0s37b0n0:2705:2727 [3] NCCL INFO Channel 03/0 : 31[c7000] -> 63[c7000] [send] via NET/AWS Libfabric/1
x3003c0s19b0n0:50386:50412 [0] NCCL INFO Channel 02/0 : 4[7000] -> 0[7000] [receive] via NET/AWS Libfabric/3
