x3003c0s25b1n0:53813:53834 [3] NCCL INFO Channel 03 : 83[c7000] -> 80[7000] via P2P/IPC/read
x3003c0s19b0n0:53293:53339 [0] NCCL INFO Parsed MSCCL Algorithm /home/yuke/ncclPG/CCL-LYD/msccl_tools_lyd/examples/xml/xml_lyd/ring/allreduce_ring_node32_gpu128_mcl4_mck1_gan0.xml successfully.
x3003c0s1b0n0:47924:47951 [0] NCCL INFO Channel 01 : 68[7000] -> 71[c7000] via P2P/IPC/read
x3003c0s1b0n0:47927:47949 [3] NCCL INFO Channel 01/0 : 74[85000] -> 71[c7000] [receive] via NET/AWS Libfabric/1
x3004c0s19b1n0:45207:45233 [0] NCCL INFO Channel 00/0 : 124[7000] -> 120[7000] [receive] via NET/AWS Libfabric/3
x3003c0s13b1n0:62826:62847 [3] NCCL INFO Channel 06/0 : 59[c7000] -> 63[c7000] [receive] via NET/AWS Libfabric/1
x3003c0s13b1n0:62826:62847 [3] NCCL INFO Channel 06/0 : 63[c7000] -> 67[c7000] [send] via NET/AWS Libfabric/1
x3003c0s19b0n0:53293:53339 [0] NCCL INFO Channel 01 : 64[7000] -> 67[c7000] via P2P/IPC/read
x3002c0s37b0n0:1274:1299 [1] NCCL INFO Parsed MSCCL Algorithm /home/yuke/ncclPG/CCL-LYD/msccl_tools_lyd/examples/xml/xml_lyd/ring/allreduce_ring_node32_gpu128_mcl4_mck1_gan0.xml successfully.
x3003c0s37b1n0:49056:49080 [3] NCCL INFO Connected all trees
x3003c0s37b1n0:49056:49080 [3] NCCL INFO MSCCL: Parsing algorithm /home/yuke/ncclPG/CCL-LYD/msccl_tools_lyd/examples/xml/xml_lyd/ring/allreduce_ring_node32_gpu128_mcl4_mck1_gan0.xml
x3004c0s13b1n0:22722:22749 [0] NCCL INFO Connected all trees
x3004c0s13b1n0:22722:22749 [0] NCCL INFO MSCCL: Parsing algorithm /home/yuke/ncclPG/CCL-LYD/msccl_tools_lyd/examples/xml/xml_lyd/ring/allreduce_ring_node32_gpu128_mcl4_mck1_gan0.xml
x3004c0s19b0n0:5617:5644 [0] NCCL INFO Connected all trees
x3004c0s19b0n0:5617:5644 [0] NCCL INFO MSCCL: Parsing algorithm /home/yuke/ncclPG/CCL-LYD/msccl_tools_lyd/examples/xml/xml_lyd/ring/allreduce_ring_node32_gpu128_mcl4_mck1_gan0.xml
x3002c0s25b0n0:38462:38489 [0] NCCL INFO Channel 03 : 24[7000] -> 27[c7000] via P2P/IPC/read
x3002c0s19b1n0:19949:19974 [0] NCCL INFO Channel 03 : 12[7000] -> 15[c7000] via P2P/IPC/read
x3002c0s13b0n0:7922:7947 [0] NCCL INFO Connected all trees
x3002c0s13b0n0:7922:7947 [0] NCCL INFO MSCCL: Parsing algorithm /home/yuke/ncclPG/CCL-LYD/msccl_tools_lyd/examples/xml/xml_lyd/ring/allreduce_ring_node32_gpu128_mcl4_mck1_gan0.xml
x3003c0s19b0n0:53296:53336 [3] NCCL INFO Parsed MSCCL Algorithm /home/yuke/ncclPG/CCL-LYD/msccl_tools_lyd/examples/xml/xml_lyd/ring/allreduce_ring_node32_gpu128_mcl4_mck1_gan0.xml successfully.
x3002c0s1b1n0:17183:17208 [1] NCCL INFO Parsed MSCCL Algorithm /home/yuke/ncclPG/CCL-LYD/msccl_tools_lyd/examples/xml/xml_lyd/ring/allreduce_ring_node32_gpu128_mcl4_mck1_gan0.xml successfully.
x3002c0s13b1n0:18918:18939 [3] NCCL INFO Parsed MSCCL Algorithm /home/yuke/ncclPG/CCL-LYD/msccl_tools_lyd/examples/xml/xml_lyd/ring/allreduce_ring_node32_gpu128_mcl4_mck1_gan0.xml successfully.
x3002c0s19b0n0:25996:26022 [0] NCCL INFO Parsed MSCCL Algorithm /home/yuke/ncclPG/CCL-LYD/msccl_tools_lyd/examples/xml/xml_lyd/ring/allreduce_ring_node32_gpu128_mcl4_mck1_gan0.xml successfully.
x3002c0s19b0n0:25996:26022 [0] NCCL INFO Channel 01 : 8[7000] -> 11[c7000] via P2P/IPC/read
x3002c0s7b1n0:49572:49596 [1] NCCL INFO Parsed MSCCL Algorithm /home/yuke/ncclPG/CCL-LYD/msccl_tools_lyd/examples/xml/xml_lyd/ring/allreduce_ring_node32_gpu128_mcl4_mck1_gan0.xml successfully.
x3002c0s31b0n0:2119:2145 [0] NCCL INFO Channel 04/0 : 28[7000] -> 32[7000] [receive] via NET/AWS Libfabric/3
x3004c0s19b0n0:5619:5643 [2] NCCL INFO Channel 00 : 118[85000] -> 117[46000] via P2P/IPC/read
x3002c0s1b1n0:17184:17206 [2] NCCL INFO Parsed MSCCL Algorithm /home/yuke/ncclPG/CCL-LYD/msccl_tools_lyd/examples/xml/xml_lyd/ring/allreduce_ring_node32_gpu128_mcl4_mck1_gan0.xml successfully.
x3003c0s1b0n0:47927:47949 [3] NCCL INFO Connected all trees
x3003c0s1b0n0:47927:47949 [3] NCCL INFO MSCCL: Parsing algorithm /home/yuke/ncclPG/CCL-LYD/msccl_tools_lyd/examples/xml/xml_lyd/ring/allreduce_ring_node32_gpu128_mcl4_mck1_gan0.xml
x3003c0s1b1n0:24170:24192 [2] NCCL INFO Channel 00 : 74[85000] -> 73[46000] via P2P/IPC/read
x3002c0s31b0n0:2119:2145 [0] NCCL INFO Channel 04/0 : 32[7000] -> 36[7000] [send] via NET/AWS Libfabric/3
x3004c0s1b0n0:26193:26220 [0] NCCL INFO Connected all trees
x3004c0s19b1n0:45207:45233 [0] NCCL INFO Channel 02/0 : 120[7000] -> 117[46000] [send] via NET/AWS Libfabric/3
x3004c0s1b0n0:26193:26220 [0] NCCL INFO MSCCL: Parsing algorithm /home/yuke/ncclPG/CCL-LYD/msccl_tools_lyd/examples/xml/xml_lyd/ring/allreduce_ring_node32_gpu128_mcl4_mck1_gan0.xml
x3002c0s7b1n0:49574:49597 [3] NCCL INFO Parsed MSCCL Algorithm /home/yuke/ncclPG/CCL-LYD/msccl_tools_lyd/examples/xml/xml_lyd/ring/allreduce_ring_node32_gpu128_mcl4_mck1_gan0.xml successfully.
x3003c0s1b0n0:47924:47951 [0] NCCL INFO Channel 03 : 68[7000] -> 71[c7000] via P2P/IPC/read
x3002c0s13b1n0:18916:18938 [1] NCCL INFO Connected all trees
x3002c0s13b1n0:18916:18938 [1] NCCL INFO MSCCL: Parsing algorithm /home/yuke/ncclPG/CCL-LYD/msccl_tools_lyd/examples/xml/xml_lyd/ring/allreduce_ring_node32_gpu128_mcl4_mck1_gan0.xml
x3003c0s13b1n0:62823:62848 [0] NCCL INFO Channel 04/0 : 60[7000] -> 64[7000] [send] via NET/AWS Libfabric/3
x3002c0s13b1n0:18917:18940 [2] NCCL INFO Connected all trees
x3002c0s13b1n0:18917:18940 [2] NCCL INFO MSCCL: Parsing algorithm /home/yuke/ncclPG/CCL-LYD/msccl_tools_lyd/examples/xml/xml_lyd/ring/allreduce_ring_node32_gpu128_mcl4_mck1_gan0.xml
x3003c0s13b0n0:7389:7410 [3] NCCL INFO Channel 06/0 : 55[c7000] -> 59[c7000] [receive] via NET/AWS Libfabric/1
x3003c0s13b0n0:7386:7412 [0] NCCL INFO Channel 04/0 : 52[7000] -> 56[7000] [receive] via NET/AWS Libfabric/3
x3004c0s13b1n0:22725:22747 [3] NCCL INFO Channel 03/0 : 119[c7000] -> 115[c7000] [receive] via NET/AWS Libfabric/1
x3002c0s7b1n0:49573:49598 [2] NCCL INFO Parsed MSCCL Algorithm /home/yuke/ncclPG/CCL-LYD/msccl_tools_lyd/examples/xml/xml_lyd/ring/allreduce_ring_node32_gpu128_mcl4_mck1_gan0.xml successfully.
x3002c0s19b0n0:25998:26021 [2] NCCL INFO Parsed MSCCL Algorithm /home/yuke/ncclPG/CCL-LYD/msccl_tools_lyd/examples/xml/xml_lyd/ring/allreduce_ring_node32_gpu128_mcl4_mck1_gan0.xml successfully.
x3004c0s19b1n0:45207:45233 [0] NCCL INFO Connected all trees
x3004c0s19b1n0:45207:45233 [0] NCCL INFO MSCCL: Parsing algorithm /home/yuke/ncclPG/CCL-LYD/msccl_tools_lyd/examples/xml/xml_lyd/ring/allreduce_ring_node32_gpu128_mcl4_mck1_gan0.xml
x3002c0s19b0n0:25997:26020 [1] NCCL INFO Parsed MSCCL Algorithm /home/yuke/ncclPG/CCL-LYD/msccl_tools_lyd/examples/xml/xml_lyd/ring/allreduce_ring_node32_gpu128_mcl4_mck1_gan0.xml successfully.
x3002c0s1b1n0:17183:17208 [1] NCCL INFO Channel 07/0 : 17[46000] -> 21[46000] [receive] via NET/AWS Libfabric/3
x3002c0s37b0n0:1275:1297 [2] NCCL INFO Channel 05/0 : 38[85000] -> 42[85000] [receive] via NET/AWS Libfabric/3
x3003c0s19b0n0:53293:53339 [0] NCCL INFO Channel 03 : 64[7000] -> 67[c7000] via P2P/IPC/read
x3003c0s25b1n0:53813:53834 [3] NCCL INFO Connected 1 MSCCL algorithms
x3003c0s25b1n0:53813:53834 [3] NCCL INFO threadThresholds 8/8/64 | 1024/8/64 | 8/8/64 | 8/8/512
x3003c0s25b1n0:53813:53834 [3] NCCL INFO 8 coll channels, 4 p2p channels, 2 p2p channels per peer
x3003c0s25b1n0:53810:53837 [0] NCCL INFO Connected 1 MSCCL algorithms
x3003c0s25b1n0:53810:53837 [0] NCCL INFO threadThresholds 8/8/64 | 1024/8/64 | 8/8/64 | 8/8/512
x3003c0s25b1n0:53810:53837 [0] NCCL INFO 8 coll channels, 4 p2p channels, 2 p2p channels per peer
x3003c0s13b0n0:7388:7411 [2] NCCL INFO Parsed MSCCL Algorithm /home/yuke/ncclPG/CCL-LYD/msccl_tools_lyd/examples/xml/xml_lyd/ring/allreduce_ring_node32_gpu128_mcl4_mck1_gan0.xml successfully.
x3003c0s31b1n0:3115:3138 [3] NCCL INFO Connected 1 MSCCL algorithms
x3003c0s31b1n0:3115:3138 [3] NCCL INFO threadThresholds 8/8/64 | 1024/8/64 | 8/8/64 | 8/8/512
x3003c0s31b1n0:3115:3138 [3] NCCL INFO 8 coll channels, 4 p2p channels, 2 p2p channels per peer
x3003c0s31b1n0:3112:3139 [0] NCCL INFO Connected 1 MSCCL algorithms
x3003c0s31b1n0:3112:3139 [0] NCCL INFO threadThresholds 8/8/64 | 1024/8/64 | 8/8/64 | 8/8/512
x3003c0s31b1n0:3112:3139 [0] NCCL INFO 8 coll channels, 4 p2p channels, 2 p2p channels per peer
x3002c0s31b0n0:2122:2142 [3] NCCL INFO Channel 06/0 : 31[c7000] -> 35[c7000] [receive] via NET/AWS Libfabric/1
x3002c0s19b1n0:19949:19974 [0] NCCL INFO Channel 04/0 : 8[7000] -> 12[7000] [receive] via NET/AWS Libfabric/3
x3004c0s19b0n0:5619:5643 [2] NCCL INFO Channel 02 : 118[85000] -> 117[46000] via P2P/IPC/read
x3004c0s19b1n0:45210:45231 [3] NCCL INFO Channel 01/0 : 127[c7000] -> 123[c7000] [receive] via NET/AWS Libfabric/1
x3003c0s37b1n0:49053:49079 [0] NCCL INFO Parsed MSCCL Algorithm /home/yuke/ncclPG/CCL-LYD/msccl_tools_lyd/examples/xml/xml_lyd/ring/allreduce_ring_node32_gpu128_mcl4_mck1_gan0.xml successfully.
x3002c0s19b0n0:25996:26022 [0] NCCL INFO Channel 03 : 8[7000] -> 11[c7000] via P2P/IPC/read
x3003c0s13b0n0:7387:7409 [1] NCCL INFO Parsed MSCCL Algorithm /home/yuke/ncclPG/CCL-LYD/msccl_tools_lyd/examples/xml/xml_lyd/ring/allreduce_ring_node32_gpu128_mcl4_mck1_gan0.xml successfully.
x3003c0s13b0n0:7389:7410 [3] NCCL INFO Channel 06/0 : 59[c7000] -> 63[c7000] [send] via NET/AWS Libfabric/1
x3002c0s37b0n0:1274:1299 [1] NCCL INFO Channel 07/0 : 37[46000] -> 41[46000] [receive] via NET/AWS Libfabric/3
x3003c0s37b1n0:49053:49079 [0] NCCL INFO Channel 01 : 96[7000] -> 99[c7000] via P2P/IPC/read
x3003c0s7b0n0:16603:16649 [0] NCCL INFO Parsed MSCCL Algorithm /home/yuke/ncclPG/CCL-LYD/msccl_tools_lyd/examples/xml/xml_lyd/ring/allreduce_ring_node32_gpu128_mcl4_mck1_gan0.xml successfully.
x3003c0s1b1n0:24170:24192 [2] NCCL INFO Channel 02 : 74[85000] -> 73[46000] via P2P/IPC/read
x3002c0s1b1n0:17183:17208 [1] NCCL INFO Channel 07/0 : 21[46000] -> 25[46000] [send] via NET/AWS Libfabric/3
x3002c0s19b0n0:25998:26021 [2] NCCL INFO Channel 05/0 : 6[85000] -> 10[85000] [receive] via NET/AWS Libfabric/3
x3002c0s7b0n0:38480:38507 [0] NCCL INFO Channel 04/0 : 44[7000] -> 48[7000] [receive] via NET/AWS Libfabric/3
x3004c0s13b1n0:22725:22747 [3] NCCL INFO Connected all trees
x3004c0s13b1n0:22725:22747 [3] NCCL INFO MSCCL: Parsing algorithm /home/yuke/ncclPG/CCL-LYD/msccl_tools_lyd/examples/xml/xml_lyd/ring/allreduce_ring_node32_gpu128_mcl4_mck1_gan0.xml
x3002c0s37b0n0:1275:1297 [2] NCCL INFO Channel 05/0 : 42[85000] -> 46[85000] [send] via NET/AWS Libfabric/3
x3002c0s7b1n0:49573:49598 [2] NCCL INFO Channel 05/0 : 50[85000] -> 54[85000] [receive] via NET/AWS Libfabric/3
x3002c0s7b1n0:49572:49596 [1] NCCL INFO Channel 07/0 : 49[46000] -> 53[46000] [receive] via NET/AWS Libfabric/3
x3003c0s13b0n0:7386:7412 [0] NCCL INFO Channel 04/0 : 56[7000] -> 60[7000] [send] via NET/AWS Libfabric/3
x3003c0s13b0n0:7388:7411 [2] NCCL INFO Channel 05/0 : 54[85000] -> 58[85000] [receive] via NET/AWS Libfabric/3
x3003c0s7b0n0:16603:16649 [0] NCCL INFO Channel 01 : 100[7000] -> 103[c7000] via P2P/IPC/read
x3002c0s7b1n0:49572:49596 [1] NCCL INFO Channel 07/0 : 53[46000] -> 57[46000] [send] via NET/AWS Libfabric/3
x3002c0s31b0n0:2122:2142 [3] NCCL INFO Channel 06/0 : 35[c7000] -> 39[c7000] [send] via NET/AWS Libfabric/1
x3002c0s1b1n0:17184:17206 [2] NCCL INFO Channel 05/0 : 18[85000] -> 22[85000] [receive] via NET/AWS Libfabric/3
x3002c0s25b1n0:50024:50048 [0] NCCL INFO Channel 04/0 : 24[7000] -> 28[7000] [receive] via NET/AWS Libfabric/3
x3002c0s25b1n0:50027:50050 [3] NCCL INFO Channel 06/0 : 27[c7000] -> 31[c7000] [receive] via NET/AWS Libfabric/1
x3003c0s7b0n0:16606:16650 [3] NCCL INFO Channel 01/0 : 106[85000] -> 103[c7000] [receive] via NET/AWS Libfabric/1
x3003c0s7b0n0:16603:16649 [0] NCCL INFO Channel 03 : 100[7000] -> 103[c7000] via P2P/IPC/read
x3004c0s19b1n0:45210:45231 [3] NCCL INFO Connected all trees
x3004c0s19b1n0:45210:45231 [3] NCCL INFO MSCCL: Parsing algorithm /home/yuke/ncclPG/CCL-LYD/msccl_tools_lyd/examples/xml/xml_lyd/ring/allreduce_ring_node32_gpu128_mcl4_mck1_gan0.xml
x3002c0s13b1n0:18915:18941 [0] NCCL INFO Parsed MSCCL Algorithm /home/yuke/ncclPG/CCL-LYD/msccl_tools_lyd/examples/xml/xml_lyd/ring/allreduce_ring_node32_gpu128_mcl4_mck1_gan0.xml successfully.
x3003c0s1b1n0:24169:24194 [1] NCCL INFO Connected all trees
x3003c0s1b1n0:24169:24194 [1] NCCL INFO MSCCL: Parsing algorithm /home/yuke/ncclPG/CCL-LYD/msccl_tools_lyd/examples/xml/xml_lyd/ring/allreduce_ring_node32_gpu128_mcl4_mck1_gan0.xml
x3003c0s1b1n0:24170:24192 [2] NCCL INFO Connected all trees
x3003c0s1b1n0:24170:24192 [2] NCCL INFO MSCCL: Parsing algorithm /home/yuke/ncclPG/CCL-LYD/msccl_tools_lyd/examples/xml/xml_lyd/ring/allreduce_ring_node32_gpu128_mcl4_mck1_gan0.xml
x3002c0s7b0n0:38483:38506 [3] NCCL INFO Channel 06/0 : 47[c7000] -> 51[c7000] [receive] via NET/AWS Libfabric/1
x3002c0s13b1n0:18915:18941 [0] NCCL INFO Channel 01 : 4[7000] -> 7[c7000] via P2P/IPC/read
x3002c0s31b1n0:34001:34025 [0] NCCL INFO Channel 04/0 : 32[7000] -> 36[7000] [receive] via NET/AWS Libfabric/3
x3004c0s1b0n0:26196:26219 [3] NCCL INFO Connected all trees
x3004c0s1b0n0:26196:26219 [3] NCCL INFO MSCCL: Parsing algorithm /home/yuke/ncclPG/CCL-LYD/msccl_tools_lyd/examples/xml/xml_lyd/ring/allreduce_ring_node32_gpu128_mcl4_mck1_gan0.xml
x3002c0s19b0n0:25998:26021 [2] NCCL INFO Channel 05/0 : 10[85000] -> 14[85000] [send] via NET/AWS Libfabric/3
x3002c0s25b1n0:50025:50049 [1] NCCL INFO Connected 1 MSCCL algorithms
x3002c0s25b1n0:50025:50049 [1] NCCL INFO threadThresholds 8/8/64 | 1024/8/64 | 8/8/64 | 8/8/512
x3002c0s25b1n0:50025:50049 [1] NCCL INFO 8 coll channels, 4 p2p channels, 2 p2p channels per peer
x3002c0s1b1n0:17183:17208 [1] NCCL INFO Connected 1 MSCCL algorithms
x3002c0s37b0n0:1274:1299 [1] NCCL INFO Channel 07/0 : 41[46000] -> 45[46000] [send] via NET/AWS Libfabric/3
x3002c0s1b1n0:17183:17208 [1] NCCL INFO threadThresholds 8/8/64 | 1024/8/64 | 8/8/64 | 8/8/512
x3002c0s1b1n0:17183:17208 [1] NCCL INFO 8 coll channels, 4 p2p channels, 2 p2p channels per peer
x3002c0s25b1n0:50027:50050 [3] NCCL INFO Channel 06/0 : 31[c7000] -> 35[c7000] [send] via NET/AWS Libfabric/1
x3003c0s31b0n0:35977:36003 [0] NCCL INFO Connected 1 MSCCL algorithms
x3003c0s31b0n0:35977:36003 [0] NCCL INFO threadThresholds 8/8/64 | 1024/8/64 | 8/8/64 | 8/8/512
x3003c0s31b0n0:35977:36003 [0] NCCL INFO 8 coll channels, 4 p2p channels, 2 p2p channels per peer
x3003c0s31b0n0:35980:36004 [3] NCCL INFO Connected 1 MSCCL algorithms
x3003c0s31b0n0:35980:36004 [3] NCCL INFO threadThresholds 8/8/64 | 1024/8/64 | 8/8/64 | 8/8/512
x3003c0s31b0n0:35980:36004 [3] NCCL INFO 8 coll channels, 4 p2p channels, 2 p2p channels per peer
x3002c0s37b0n0:1275:1297 [2] NCCL INFO Connected 1 MSCCL algorithms
x3003c0s37b1n0:49056:49080 [3] NCCL INFO Parsed MSCCL Algorithm /home/yuke/ncclPG/CCL-LYD/msccl_tools_lyd/examples/xml/xml_lyd/ring/allreduce_ring_node32_gpu128_mcl4_mck1_gan0.xml successfully.
x3002c0s25b0n0:38462:38489 [0] NCCL INFO Channel 04/0 : 20[7000] -> 24[7000] [receive] via NET/AWS Libfabric/3
x3002c0s25b0n0:38465:38488 [3] NCCL INFO Channel 06/0 : 23[c7000] -> 27[c7000] [receive] via NET/AWS Libfabric/1
x3002c0s7b0n0:38483:38506 [3] NCCL INFO Channel 06/0 : 51[c7000] -> 55[c7000] [send] via NET/AWS Libfabric/1
x3002c0s19b1n0:19952:19975 [3] NCCL INFO Channel 06/0 : 11[c7000] -> 15[c7000] [receive] via NET/AWS Libfabric/1
x3002c0s31b1n0:34004:34028 [3] NCCL INFO Channel 06/0 : 35[c7000] -> 39[c7000] [receive] via NET/AWS Libfabric/1
x3004c0s13b1n0:22722:22749 [0] NCCL INFO Parsed MSCCL Algorithm /home/yuke/ncclPG/CCL-LYD/msccl_tools_lyd/examples/xml/xml_lyd/ring/allreduce_ring_node32_gpu128_mcl4_mck1_gan0.xml successfully.
x3002c0s19b0n0:25997:26020 [1] NCCL INFO Channel 07/0 : 5[46000] -> 9[46000] [receive] via NET/AWS Libfabric/3
x3003c0s7b1n0:53630:53654 [2] NCCL INFO Channel 00 : 106[85000] -> 105[46000] via P2P/IPC/read
x3002c0s37b1n0:60804:60826 [2] NCCL INFO Connected 1 MSCCL algorithms
x3002c0s37b1n0:60804:60826 [2] NCCL INFO threadThresholds 8/8/64 | 1024/8/64 | 8/8/64 | 8/8/512
x3002c0s37b1n0:60804:60826 [2] NCCL INFO 8 coll channels, 4 p2p channels, 2 p2p channels per peer
x3004c0s19b0n0:5617:5644 [0] NCCL INFO Parsed MSCCL Algorithm /home/yuke/ncclPG/CCL-LYD/msccl_tools_lyd/examples/xml/xml_lyd/ring/allreduce_ring_node32_gpu128_mcl4_mck1_gan0.xml successfully.
x3002c0s25b0n0:38463:38487 [1] NCCL INFO Connected 1 MSCCL algorithms
x3002c0s25b0n0:38463:38487 [1] NCCL INFO threadThresholds 8/8/64 | 1024/8/64 | 8/8/64 | 8/8/512
x3002c0s25b0n0:38463:38487 [1] NCCL INFO 8 coll channels, 4 p2p channels, 2 p2p channels per peer
x3002c0s37b0n0:1275:1297 [2] NCCL INFO threadThresholds 8/8/64 | 1024/8/64 | 8/8/64 | 8/8/512
x3002c0s37b0n0:1275:1297 [2] NCCL INFO 8 coll channels, 4 p2p channels, 2 p2p channels per peer
x3002c0s19b1n0:19949:19974 [0] NCCL INFO Channel 04/0 : 12[7000] -> 16[7000] [send] via NET/AWS Libfabric/3
x3004c0s13b1n0:22722:22749 [0] NCCL INFO Channel 01 : 112[7000] -> 115[c7000] via P2P/IPC/read
x3004c0s19b0n0:5617:5644 [0] NCCL INFO Channel 01 : 116[7000] -> 119[c7000] via P2P/IPC/read
x3002c0s13b0n0:7922:7947 [0] NCCL INFO Parsed MSCCL Algorithm /home/yuke/ncclPG/CCL-LYD/msccl_tools_lyd/examples/xml/xml_lyd/ring/allreduce_ring_node32_gpu128_mcl4_mck1_gan0.xml successfully.
x3003c0s13b0n0:7387:7409 [1] NCCL INFO Channel 07/0 : 53[46000] -> 57[46000] [receive] via NET/AWS Libfabric/3
x3003c0s13b0n0:7388:7411 [2] NCCL INFO Channel 05/0 : 58[85000] -> 62[85000] [send] via NET/AWS Libfabric/3
x3003c0s7b0n0:16606:16650 [3] NCCL INFO Connected all trees
x3003c0s7b0n0:16606:16650 [3] NCCL INFO MSCCL: Parsing algorithm /home/yuke/ncclPG/CCL-LYD/msccl_tools_lyd/examples/xml/xml_lyd/ring/allreduce_ring_node32_gpu128_mcl4_mck1_gan0.xml
x3002c0s19b0n0:25997:26020 [1] NCCL INFO Channel 07/0 : 9[46000] -> 13[46000] [send] via NET/AWS Libfabric/3
x3002c0s13b0n0:7922:7947 [0] NCCL INFO Channel 01 : 0[7000] -> 3[c7000] via P2P/IPC/read
x3003c0s37b1n0:49053:49079 [0] NCCL INFO Channel 03 : 96[7000] -> 99[c7000] via P2P/IPC/read
x3002c0s25b1n0:50024:50048 [0] NCCL INFO Channel 04/0 : 28[7000] -> 32[7000] [send] via NET/AWS Libfabric/3
x3003c0s1b0n0:47927:47949 [3] NCCL INFO Parsed MSCCL Algorithm /home/yuke/ncclPG/CCL-LYD/msccl_tools_lyd/examples/xml/xml_lyd/ring/allreduce_ring_node32_gpu128_mcl4_mck1_gan0.xml successfully.
x3004c0s19b0n0:5619:5643 [2] NCCL INFO Connected all trees
x3004c0s19b0n0:5619:5643 [2] NCCL INFO MSCCL: Parsing algorithm /home/yuke/ncclPG/CCL-LYD/msccl_tools_lyd/examples/xml/xml_lyd/ring/allreduce_ring_node32_gpu128_mcl4_mck1_gan0.xml
x3004c0s19b0n0:5618:5641 [1] NCCL INFO Connected all trees
x3004c0s19b0n0:5618:5641 [1] NCCL INFO MSCCL: Parsing algorithm /home/yuke/ncclPG/CCL-LYD/msccl_tools_lyd/examples/xml/xml_lyd/ring/allreduce_ring_node32_gpu128_mcl4_mck1_gan0.xml
x3002c0s25b0n0:38465:38488 [3] NCCL INFO Channel 06/0 : 27[c7000] -> 31[c7000] [send] via NET/AWS Libfabric/1
x3002c0s7b0n0:38481:38504 [1] NCCL INFO Connected 1 MSCCL algorithms
x3002c0s7b0n0:38481:38504 [1] NCCL INFO threadThresholds 8/8/64 | 1024/8/64 | 8/8/64 | 8/8/512
x3002c0s7b0n0:38481:38504 [1] NCCL INFO 8 coll channels, 4 p2p channels, 2 p2p channels per peer
x3002c0s31b1n0:34001:34025 [0] NCCL INFO Channel 04/0 : 36[7000] -> 40[7000] [send] via NET/AWS Libfabric/3
x3004c0s19b0n0:5620:5642 [3] NCCL INFO Channel 01/0 : 122[85000] -> 119[c7000] [receive] via NET/AWS Libfabric/1
x3004c0s13b1n0:22722:22749 [0] NCCL INFO Channel 03 : 112[7000] -> 115[c7000] via P2P/IPC/read
x3002c0s19b1n0:19952:19975 [3] NCCL INFO Channel 06/0 : 15[c7000] -> 19[c7000] [send] via NET/AWS Libfabric/1
x3002c0s31b1n0:34002:34026 [1] NCCL INFO Connected 1 MSCCL algorithms
x3002c0s31b1n0:34002:34026 [1] NCCL INFO threadThresholds 8/8/64 | 1024/8/64 | 8/8/64 | 8/8/512
x3002c0s31b1n0:34002:34026 [1] NCCL INFO 8 coll channels, 4 p2p channels, 2 p2p channels per peer
x3002c0s13b1n0:18916:18938 [1] NCCL INFO Parsed MSCCL Algorithm /home/yuke/ncclPG/CCL-LYD/msccl_tools_lyd/examples/xml/xml_lyd/ring/allreduce_ring_node32_gpu128_mcl4_mck1_gan0.xml successfully.
x3002c0s31b1n0:34004:34028 [3] NCCL INFO Channel 06/0 : 39[c7000] -> 43[c7000] [send] via NET/AWS Libfabric/1
x3003c0s31b1n0:3112:3139 [0] NCCL INFO comm 0x147bbc45a010 rank 88 nranks 128 cudaDev 0 busId 7000 - Init COMPLETE
x3003c0s31b1n0:3113:3136 [1] NCCL INFO comm 0x1475c045a010 rank 89 nranks 128 cudaDev 1 busId 46000 - Init COMPLETE
x3003c0s31b1n0:3115:3138 [3] NCCL INFO comm 0x154b16259010 rank 91 nranks 128 cudaDev 3 busId c7000 - Init COMPLETE
x3002c0s25b0n0:38462:38489 [0] NCCL INFO Channel 04/0 : 24[7000] -> 28[7000] [send] via NET/AWS Libfabric/3
x3003c0s31b1n0:3114:3137 [2] NCCL INFO comm 0x14ca7645a010 rank 90 nranks 128 cudaDev 2 busId 85000 - Init COMPLETE
x3004c0s1b0n0:26193:26220 [0] NCCL INFO Parsed MSCCL Algorithm /home/yuke/ncclPG/CCL-LYD/msccl_tools_lyd/examples/xml/xml_lyd/ring/allreduce_ring_node32_gpu128_mcl4_mck1_gan0.xml successfully.
x3002c0s13b1n0:18917:18940 [2] NCCL INFO Parsed MSCCL Algorithm /home/yuke/ncclPG/CCL-LYD/msccl_tools_lyd/examples/xml/xml_lyd/ring/allreduce_ring_node32_gpu128_mcl4_mck1_gan0.xml successfully.
x3002c0s37b0n0:1274:1299 [1] NCCL INFO Connected 1 MSCCL algorithms
x3002c0s37b0n0:1274:1299 [1] NCCL INFO threadThresholds 8/8/64 | 1024/8/64 | 8/8/64 | 8/8/512
x3002c0s37b0n0:1274:1299 [1] NCCL INFO 8 coll channels, 4 p2p channels, 2 p2p channels per peer
x3002c0s13b1n0:18915:18941 [0] NCCL INFO Channel 03 : 4[7000] -> 7[c7000] via P2P/IPC/read
x3003c0s13b0n0:7387:7409 [1] NCCL INFO Channel 07/0 : 57[46000] -> 61[46000] [send] via NET/AWS Libfabric/3
x3004c0s1b0n0:26193:26220 [0] NCCL INFO Channel 01 : 124[7000] -> 127[c7000] via P2P/IPC/read
x3002c0s13b0n0:7922:7947 [0] NCCL INFO Channel 03 : 0[7000] -> 3[c7000] via P2P/IPC/read
x3002c0s7b1n0:49571:49595 [0] NCCL INFO Channel 04/0 : 48[7000] -> 52[7000] [receive] via NET/AWS Libfabric/3
x3002c0s7b1n0:49573:49598 [2] NCCL INFO Channel 05/0 : 54[85000] -> 58[85000] [send] via NET/AWS Libfabric/3
x3003c0s7b1n0:53630:53654 [2] NCCL INFO Channel 02 : 106[85000] -> 105[46000] via P2P/IPC/read
x3002c0s7b0n0:38480:38507 [0] NCCL INFO Channel 04/0 : 48[7000] -> 52[7000] [send] via NET/AWS Libfabric/3
x3004c0s19b1n0:45207:45233 [0] NCCL INFO Parsed MSCCL Algorithm /home/yuke/ncclPG/CCL-LYD/msccl_tools_lyd/examples/xml/xml_lyd/ring/allreduce_ring_node32_gpu128_mcl4_mck1_gan0.xml successfully.
x3004c0s19b1n0:45207:45233 [0] NCCL INFO Channel 01 : 120[7000] -> 123[c7000] via P2P/IPC/read
x3002c0s19b0n0:25999:26023 [3] NCCL INFO Channel 06/0 : 7[c7000] -> 11[c7000] [receive] via NET/AWS Libfabric/1
x3002c0s19b0n0:25999:26023 [3] NCCL INFO Channel 06/0 : 11[c7000] -> 15[c7000] [send] via NET/AWS Libfabric/1
x3002c0s37b1n0:60803:60828 [1] NCCL INFO Connected 1 MSCCL algorithms
x3002c0s31b1n0:34003:34027 [2] NCCL INFO Connected 1 MSCCL algorithms
x3002c0s31b1n0:34003:34027 [2] NCCL INFO threadThresholds 8/8/64 | 1024/8/64 | 8/8/64 | 8/8/512
x3002c0s31b1n0:34003:34027 [2] NCCL INFO 8 coll channels, 4 p2p channels, 2 p2p channels per peer
x3002c0s37b1n0:60803:60828 [1] NCCL INFO threadThresholds 8/8/64 | 1024/8/64 | 8/8/64 | 8/8/512
x3002c0s37b1n0:60803:60828 [1] NCCL INFO 8 coll channels, 4 p2p channels, 2 p2p channels per peer
x3002c0s1b0n0:55292:55317 [1] NCCL INFO Connected 1 MSCCL algorithms
x3002c0s1b0n0:55292:55317 [1] NCCL INFO threadThresholds 8/8/64 | 1024/8/64 | 8/8/64 | 8/8/512
x3002c0s1b0n0:55292:55317 [1] NCCL INFO 8 coll channels, 4 p2p channels, 2 p2p channels per peer
x3003c0s19b0n0:53293:53339 [0] NCCL INFO Channel 04/0 : 60[7000] -> 64[7000] [receive] via NET/AWS Libfabric/3
x3003c0s19b0n0:53295:53338 [2] NCCL INFO Connected 1 MSCCL algorithms
x3003c0s19b0n0:53295:53338 [2] NCCL INFO threadThresholds 8/8/64 | 1024/8/64 | 8/8/64 | 8/8/512
x3003c0s19b0n0:53295:53338 [2] NCCL INFO 8 coll channels, 4 p2p channels, 2 p2p channels per peer
x3002c0s1b1n0:17184:17206 [2] NCCL INFO Channel 05/0 : 22[85000] -> 26[85000] [send] via NET/AWS Libfabric/3
x3004c0s19b0n0:5617:5644 [0] NCCL INFO Channel 03 : 116[7000] -> 119[c7000] via P2P/IPC/read
x3002c0s7b1n0:49571:49595 [0] NCCL INFO Channel 04/0 : 52[7000] -> 56[7000] [send] via NET/AWS Libfabric/3
x3002c0s37b0n0:1276:1298 [3] NCCL INFO Channel 01 : 43[c7000] -> 40[7000] via P2P/IPC/read
x3002c0s25b0n0:38465:38488 [3] NCCL INFO Channel 01 : 27[c7000] -> 24[7000] via P2P/IPC/read
x3002c0s25b0n0:38465:38488 [3] NCCL INFO Channel 03 : 27[c7000] -> 24[7000] via P2P/IPC/read
x3002c0s37b0n0:1276:1298 [3] NCCL INFO Channel 03 : 43[c7000] -> 40[7000] via P2P/IPC/read
x3004c0s19b1n0:45209:45234 [2] NCCL INFO Channel 00 : 122[85000] -> 121[46000] via P2P/IPC/read
x3002c0s13b1n0:18916:18938 [1] NCCL INFO Channel 07/0 : 1[46000] -> 5[46000] [receive] via NET/AWS Libfabric/3
x3002c0s13b1n0:18917:18940 [2] NCCL INFO Channel 05/0 : 2[85000] -> 6[85000] [receive] via NET/AWS Libfabric/3
x3002c0s7b1n0:49573:49598 [2] NCCL INFO Connected 1 MSCCL algorithms
x3002c0s7b1n0:49573:49598 [2] NCCL INFO threadThresholds 8/8/64 | 1024/8/64 | 8/8/64 | 8/8/512
x3002c0s7b1n0:49573:49598 [2] NCCL INFO 8 coll channels, 4 p2p channels, 2 p2p channels per peer
x3002c0s37b1n0:60805:60827 [3] NCCL INFO Channel 01 : 47[c7000] -> 44[7000] via P2P/IPC/read
x3004c0s19b0n0:5620:5642 [3] NCCL INFO Connected all trees
x3004c0s19b0n0:5620:5642 [3] NCCL INFO MSCCL: Parsing algorithm /home/yuke/ncclPG/CCL-LYD/msccl_tools_lyd/examples/xml/xml_lyd/ring/allreduce_ring_node32_gpu128_mcl4_mck1_gan0.xml
x3004c0s13b1n0:22725:22747 [3] NCCL INFO Parsed MSCCL Algorithm /home/yuke/ncclPG/CCL-LYD/msccl_tools_lyd/examples/xml/xml_lyd/ring/allreduce_ring_node32_gpu128_mcl4_mck1_gan0.xml successfully.
x3004c0s19b1n0:45207:45233 [0] NCCL INFO Channel 03 : 120[7000] -> 123[c7000] via P2P/IPC/read
x3003c0s19b0n0:53293:53339 [0] NCCL INFO Channel 04/0 : 64[7000] -> 68[7000] [send] via NET/AWS Libfabric/3
x3003c0s19b0n0:53296:53336 [3] NCCL INFO Channel 06/0 : 63[c7000] -> 67[c7000] [receive] via NET/AWS Libfabric/1
x3002c0s31b0n0:2122:2142 [3] NCCL INFO Channel 01 : 35[c7000] -> 32[7000] via P2P/IPC/read
x3002c0s31b1n0:34004:34028 [3] NCCL INFO Channel 01 : 39[c7000] -> 36[7000] via P2P/IPC/read
x3002c0s37b0n0:1276:1298 [3] NCCL INFO Connected 1 MSCCL algorithms
x3002c0s37b0n0:1276:1298 [3] NCCL INFO threadThresholds 8/8/64 | 1024/8/64 | 8/8/64 | 8/8/512
x3002c0s37b0n0:1276:1298 [3] NCCL INFO 8 coll channels, 4 p2p channels, 2 p2p channels per peer
x3002c0s37b0n0:1273:1300 [0] NCCL INFO Connected 1 MSCCL algorithms
x3002c0s37b0n0:1273:1300 [0] NCCL INFO threadThresholds 8/8/64 | 1024/8/64 | 8/8/64 | 8/8/512
x3002c0s37b0n0:1273:1300 [0] NCCL INFO 8 coll channels, 4 p2p channels, 2 p2p channels per peer
x3002c0s7b1n0:49574:49597 [3] NCCL INFO Channel 06/0 : 51[c7000] -> 55[c7000] [receive] via NET/AWS Libfabric/1
x3003c0s31b0n0:35980:36004 [3] NCCL INFO comm 0x14840c45a010 rank 87 nranks 128 cudaDev 3 busId c7000 - Init COMPLETE
x3003c0s31b0n0:35977:36003 [0] NCCL INFO comm 0x150310259010 rank 84 nranks 128 cudaDev 0 busId 7000 - Init COMPLETE
x3003c0s31b0n0:35978:36001 [1] NCCL INFO comm 0x152ee074b010 rank 85 nranks 128 cudaDev 1 busId 46000 - Init COMPLETE
x3003c0s31b0n0:35979:36002 [2] NCCL INFO comm 0x14b21a259010 rank 86 nranks 128 cudaDev 2 busId 85000 - Init COMPLETE
x3002c0s25b1n0:50027:50050 [3] NCCL INFO Channel 01 : 31[c7000] -> 28[7000] via P2P/IPC/read
x3002c0s1b0n0:55294:55315 [3] NCCL INFO Channel 01 : 19[c7000] -> 16[7000] via P2P/IPC/read
x3003c0s13b1n0:62825:62850 [2] NCCL INFO Connected 1 MSCCL algorithms
x3003c0s13b1n0:62825:62850 [2] NCCL INFO threadThresholds 8/8/64 | 1024/8/64 | 8/8/64 | 8/8/512
x3003c0s13b1n0:62825:62850 [2] NCCL INFO 8 coll channels, 4 p2p channels, 2 p2p channels per peer
x3004c0s19b1n0:45209:45234 [2] NCCL INFO Channel 02 : 122[85000] -> 121[46000] via P2P/IPC/read
x3002c0s37b1n0:60805:60827 [3] NCCL INFO Channel 03 : 47[c7000] -> 44[7000] via P2P/IPC/read
x3002c0s31b1n0:34004:34028 [3] NCCL INFO Channel 03 : 39[c7000] -> 36[7000] via P2P/IPC/read
x3004c0s19b1n0:45208:45232 [1] NCCL INFO Connected all trees
x3004c0s19b1n0:45208:45232 [1] NCCL INFO MSCCL: Parsing algorithm /home/yuke/ncclPG/CCL-LYD/msccl_tools_lyd/examples/xml/xml_lyd/ring/allreduce_ring_node32_gpu128_mcl4_mck1_gan0.xml
x3004c0s19b1n0:45209:45234 [2] NCCL INFO Connected all trees
x3004c0s19b1n0:45209:45234 [2] NCCL INFO MSCCL: Parsing algorithm /home/yuke/ncclPG/CCL-LYD/msccl_tools_lyd/examples/xml/xml_lyd/ring/allreduce_ring_node32_gpu128_mcl4_mck1_gan0.xml
x3004c0s19b1n0:45210:45231 [3] NCCL INFO Parsed MSCCL Algorithm /home/yuke/ncclPG/CCL-LYD/msccl_tools_lyd/examples/xml/xml_lyd/ring/allreduce_ring_node32_gpu128_mcl4_mck1_gan0.xml successfully.
x3002c0s13b1n0:18917:18940 [2] NCCL INFO Channel 05/0 : 6[85000] -> 10[85000] [send] via NET/AWS Libfabric/3
x3002c0s1b0n0:55293:55316 [2] NCCL INFO Connected 1 MSCCL algorithms
x3002c0s1b0n0:55293:55316 [2] NCCL INFO threadThresholds 8/8/64 | 1024/8/64 | 8/8/64 | 8/8/512
x3002c0s1b0n0:55293:55316 [2] NCCL INFO 8 coll channels, 4 p2p channels, 2 p2p channels per peer
x3003c0s1b1n0:24170:24192 [2] NCCL INFO Parsed MSCCL Algorithm /home/yuke/ncclPG/CCL-LYD/msccl_tools_lyd/examples/xml/xml_lyd/ring/allreduce_ring_node32_gpu128_mcl4_mck1_gan0.xml successfully.
x3002c0s19b0n0:25996:26022 [0] NCCL INFO Channel 04/0 : 4[7000] -> 8[7000] [receive] via NET/AWS Libfabric/3
x3004c0s1b0n0:26193:26220 [0] NCCL INFO Channel 03 : 124[7000] -> 127[c7000] via P2P/IPC/read
x3003c0s13b0n0:7387:7409 [1] NCCL INFO Connected 1 MSCCL algorithms
x3003c0s13b0n0:7387:7409 [1] NCCL INFO threadThresholds 8/8/64 | 1024/8/64 | 8/8/64 | 8/8/512
x3003c0s13b0n0:7387:7409 [1] NCCL INFO 8 coll channels, 4 p2p channels, 2 p2p channels per peer
x3002c0s25b1n0:50026:50047 [2] NCCL INFO Connected 1 MSCCL algorithms
x3002c0s25b1n0:50026:50047 [2] NCCL INFO threadThresholds 8/8/64 | 1024/8/64 | 8/8/64 | 8/8/512
x3002c0s25b1n0:50026:50047 [2] NCCL INFO 8 coll channels, 4 p2p channels, 2 p2p channels per peer
x3002c0s25b1n0:50027:50050 [3] NCCL INFO Channel 03 : 31[c7000] -> 28[7000] via P2P/IPC/read
x3002c0s7b1n0:49574:49597 [3] NCCL INFO Channel 06/0 : 55[c7000] -> 59[c7000] [send] via NET/AWS Libfabric/1
x3003c0s19b0n0:53294:53337 [1] NCCL INFO Connected 1 MSCCL algorithms
x3003c0s19b0n0:53294:53337 [1] NCCL INFO threadThresholds 8/8/64 | 1024/8/64 | 8/8/64 | 8/8/512
x3003c0s19b0n0:53294:53337 [1] NCCL INFO 8 coll channels, 4 p2p channels, 2 p2p channels per peer
x3003c0s19b0n0:53296:53336 [3] NCCL INFO Channel 06/0 : 67[c7000] -> 71[c7000] [send] via NET/AWS Libfabric/1
x3004c0s1b0n0:26196:26219 [3] NCCL INFO Parsed MSCCL Algorithm /home/yuke/ncclPG/CCL-LYD/msccl_tools_lyd/examples/xml/xml_lyd/ring/allreduce_ring_node32_gpu128_mcl4_mck1_gan0.xml successfully.
x3003c0s7b1n0:53629:53652 [1] NCCL INFO Connected all trees
x3003c0s7b1n0:53629:53652 [1] NCCL INFO MSCCL: Parsing algorithm /home/yuke/ncclPG/CCL-LYD/msccl_tools_lyd/examples/xml/xml_lyd/ring/allreduce_ring_node32_gpu128_mcl4_mck1_gan0.xml
x3003c0s7b1n0:53630:53654 [2] NCCL INFO Connected all trees
x3003c0s7b1n0:53630:53654 [2] NCCL INFO MSCCL: Parsing algorithm /home/yuke/ncclPG/CCL-LYD/msccl_tools_lyd/examples/xml/xml_lyd/ring/allreduce_ring_node32_gpu128_mcl4_mck1_gan0.xml
x3003c0s13b1n0:62824:62849 [1] NCCL INFO Connected 1 MSCCL algorithms
x3003c0s13b0n0:7388:7411 [2] NCCL INFO Connected 1 MSCCL algorithms
x3003c0s13b0n0:7388:7411 [2] NCCL INFO threadThresholds 8/8/64 | 1024/8/64 | 8/8/64 | 8/8/512
x3003c0s13b0n0:7388:7411 [2] NCCL INFO 8 coll channels, 4 p2p channels, 2 p2p channels per peer
x3003c0s13b1n0:62824:62849 [1] NCCL INFO threadThresholds 8/8/64 | 1024/8/64 | 8/8/64 | 8/8/512
x3003c0s13b1n0:62824:62849 [1] NCCL INFO 8 coll channels, 4 p2p channels, 2 p2p channels per peer
x3002c0s1b1n0:17185:17209 [3] NCCL INFO Channel 01 : 23[c7000] -> 20[7000] via P2P/IPC/read
x3002c0s13b1n0:18916:18938 [1] NCCL INFO Channel 07/0 : 5[46000] -> 9[46000] [send] via NET/AWS Libfabric/3
x3002c0s7b0n0:38482:38505 [2] NCCL INFO Connected 1 MSCCL algorithms
x3002c0s7b0n0:38482:38505 [2] NCCL INFO threadThresholds 8/8/64 | 1024/8/64 | 8/8/64 | 8/8/512
x3002c0s7b0n0:38482:38505 [2] NCCL INFO 8 coll channels, 4 p2p channels, 2 p2p channels per peer
x3002c0s25b0n0:38464:38486 [2] NCCL INFO Connected 1 MSCCL algorithms
x3002c0s25b0n0:38464:38486 [2] NCCL INFO threadThresholds 8/8/64 | 1024/8/64 | 8/8/64 | 8/8/512
x3002c0s25b0n0:38464:38486 [2] NCCL INFO 8 coll channels, 4 p2p channels, 2 p2p channels per peer
x3002c0s1b0n0:55294:55315 [3] NCCL INFO Channel 03 : 19[c7000] -> 16[7000] via P2P/IPC/read
x3003c0s1b1n0:24169:24194 [1] NCCL INFO Parsed MSCCL Algorithm /home/yuke/ncclPG/CCL-LYD/msccl_tools_lyd/examples/xml/xml_lyd/ring/allreduce_ring_node32_gpu128_mcl4_mck1_gan0.xml successfully.
x3003c0s7b0n0:16606:16650 [3] NCCL INFO Parsed MSCCL Algorithm /home/yuke/ncclPG/CCL-LYD/msccl_tools_lyd/examples/xml/xml_lyd/ring/allreduce_ring_node32_gpu128_mcl4_mck1_gan0.xml successfully.
x3002c0s13b1n0:18918:18939 [3] NCCL INFO Channel 06/0 : 3[c7000] -> 7[c7000] [receive] via NET/AWS Libfabric/1
x3002c0s19b1n0:19951:19976 [2] NCCL INFO Connected 1 MSCCL algorithms
x3002c0s19b1n0:19951:19976 [2] NCCL INFO threadThresholds 8/8/64 | 1024/8/64 | 8/8/64 | 8/8/512
x3002c0s19b1n0:19951:19976 [2] NCCL INFO 8 coll channels, 4 p2p channels, 2 p2p channels per peer
x3003c0s1b0n0:47924:47951 [0] NCCL INFO Channel 04/0 : 64[7000] -> 68[7000] [receive] via NET/AWS Libfabric/3
x3004c0s19b0n0:5618:5641 [1] NCCL INFO Parsed MSCCL Algorithm /home/yuke/ncclPG/CCL-LYD/msccl_tools_lyd/examples/xml/xml_lyd/ring/allreduce_ring_node32_gpu128_mcl4_mck1_gan0.xml successfully.
x3002c0s37b1n0:60802:60829 [0] NCCL INFO Connected 1 MSCCL algorithms
x3002c0s37b1n0:60802:60829 [0] NCCL INFO threadThresholds 8/8/64 | 1024/8/64 | 8/8/64 | 8/8/512
x3002c0s37b1n0:60802:60829 [0] NCCL INFO 8 coll channels, 4 p2p channels, 2 p2p channels per peer
x3002c0s37b1n0:60805:60827 [3] NCCL INFO Connected 1 MSCCL algorithms
x3002c0s37b1n0:60805:60827 [3] NCCL INFO threadThresholds 8/8/64 | 1024/8/64 | 8/8/64 | 8/8/512
x3002c0s37b1n0:60805:60827 [3] NCCL INFO 8 coll channels, 4 p2p channels, 2 p2p channels per peer
x3002c0s1b1n0:17184:17206 [2] NCCL INFO Connected 1 MSCCL algorithms
x3002c0s1b1n0:17184:17206 [2] NCCL INFO threadThresholds 8/8/64 | 1024/8/64 | 8/8/64 | 8/8/512
x3002c0s1b1n0:17184:17206 [2] NCCL INFO 8 coll channels, 4 p2p channels, 2 p2p channels per peer
x3002c0s7b1n0:49572:49596 [1] NCCL INFO Connected 1 MSCCL algorithms
x3002c0s31b0n0:2122:2142 [3] NCCL INFO Channel 03 : 35[c7000] -> 32[7000] via P2P/IPC/read
x3002c0s25b0n0:38462:38489 [0] NCCL INFO Connected 1 MSCCL algorithms
x3002c0s25b0n0:38462:38489 [0] NCCL INFO threadThresholds 8/8/64 | 1024/8/64 | 8/8/64 | 8/8/512
x3002c0s25b0n0:38462:38489 [0] NCCL INFO 8 coll channels, 4 p2p channels, 2 p2p channels per peer
x3002c0s25b0n0:38465:38488 [3] NCCL INFO Connected 1 MSCCL algorithms
x3002c0s25b0n0:38465:38488 [3] NCCL INFO threadThresholds 8/8/64 | 1024/8/64 | 8/8/64 | 8/8/512
x3002c0s25b0n0:38465:38488 [3] NCCL INFO 8 coll channels, 4 p2p channels, 2 p2p channels per peer
x3004c0s19b0n0:5619:5643 [2] NCCL INFO Parsed MSCCL Algorithm /home/yuke/ncclPG/CCL-LYD/msccl_tools_lyd/examples/xml/xml_lyd/ring/allreduce_ring_node32_gpu128_mcl4_mck1_gan0.xml successfully.
x3002c0s19b0n0:25998:26021 [2] NCCL INFO Connected 1 MSCCL algorithms
x3003c0s1b1n0:24170:24192 [2] NCCL INFO Channel 05/0 : 70[85000] -> 74[85000] [receive] via NET/AWS Libfabric/3
x3002c0s13b0n0:7925:7948 [3] NCCL INFO Channel 06/0 : 127[c7000] -> 3[c7000] [receive] via NET/AWS Libfabric/1
x3002c0s7b1n0:49572:49596 [1] NCCL INFO threadThresholds 8/8/64 | 1024/8/64 | 8/8/64 | 8/8/512
x3002c0s7b1n0:49572:49596 [1] NCCL INFO 8 coll channels, 4 p2p channels, 2 p2p channels per peer
x3002c0s25b1n0:50027:50050 [3] NCCL INFO Connected 1 MSCCL algorithms
x3002c0s19b0n0:25998:26021 [2] NCCL INFO threadThresholds 8/8/64 | 1024/8/64 | 8/8/64 | 8/8/512
x3002c0s19b0n0:25998:26021 [2] NCCL INFO 8 coll channels, 4 p2p channels, 2 p2p channels per peer
x3002c0s19b0n0:25996:26022 [0] NCCL INFO Channel 04/0 : 8[7000] -> 12[7000] [send] via NET/AWS Libfabric/3
x3002c0s31b1n0:34004:34028 [3] NCCL INFO Connected 1 MSCCL algorithms
x3003c0s1b1n0:24170:24192 [2] NCCL INFO Channel 05/0 : 74[85000] -> 78[85000] [send] via NET/AWS Libfabric/3
x3002c0s31b1n0:34004:34028 [3] NCCL INFO threadThresholds 8/8/64 | 1024/8/64 | 8/8/64 | 8/8/512
x3002c0s31b1n0:34004:34028 [3] NCCL INFO 8 coll channels, 4 p2p channels, 2 p2p channels per peer
x3002c0s31b1n0:34001:34025 [0] NCCL INFO Connected 1 MSCCL algorithms
x3002c0s31b1n0:34001:34025 [0] NCCL INFO threadThresholds 8/8/64 | 1024/8/64 | 8/8/64 | 8/8/512
x3002c0s31b1n0:34001:34025 [0] NCCL INFO 8 coll channels, 4 p2p channels, 2 p2p channels per peer
x3002c0s7b0n0:38483:38506 [3] NCCL INFO Channel 01 : 51[c7000] -> 48[7000] via P2P/IPC/read
x3002c0s7b0n0:38483:38506 [3] NCCL INFO Channel 03 : 51[c7000] -> 48[7000] via P2P/IPC/read
x3002c0s25b1n0:50027:50050 [3] NCCL INFO threadThresholds 8/8/64 | 1024/8/64 | 8/8/64 | 8/8/512
x3002c0s25b1n0:50027:50050 [3] NCCL INFO 8 coll channels, 4 p2p channels, 2 p2p channels per peer
x3002c0s25b1n0:50024:50048 [0] NCCL INFO Connected 1 MSCCL algorithms
x3002c0s25b1n0:50024:50048 [0] NCCL INFO threadThresholds 8/8/64 | 1024/8/64 | 8/8/64 | 8/8/512
x3002c0s25b1n0:50024:50048 [0] NCCL INFO 8 coll channels, 4 p2p channels, 2 p2p channels per peer
x3002c0s13b1n0:18917:18940 [2] NCCL INFO Connected 1 MSCCL algorithms
x3002c0s13b1n0:18917:18940 [2] NCCL INFO threadThresholds 8/8/64 | 1024/8/64 | 8/8/64 | 8/8/512
x3002c0s13b1n0:18917:18940 [2] NCCL INFO 8 coll channels, 4 p2p channels, 2 p2p channels per peer
x3002c0s19b1n0:19950:19973 [1] NCCL INFO Connected 1 MSCCL algorithms
x3002c0s19b1n0:19950:19973 [1] NCCL INFO threadThresholds 8/8/64 | 1024/8/64 | 8/8/64 | 8/8/512
x3002c0s19b1n0:19950:19973 [1] NCCL INFO 8 coll channels, 4 p2p channels, 2 p2p channels per peer
x3003c0s1b0n0:47924:47951 [0] NCCL INFO Channel 04/0 : 68[7000] -> 72[7000] [send] via NET/AWS Libfabric/3
x3002c0s7b1n0:49574:49597 [3] NCCL INFO Channel 01 : 55[c7000] -> 52[7000] via P2P/IPC/read
x3002c0s19b0n0:25997:26020 [1] NCCL INFO Connected 1 MSCCL algorithms
x3002c0s19b0n0:25997:26020 [1] NCCL INFO threadThresholds 8/8/64 | 1024/8/64 | 8/8/64 | 8/8/512
x3002c0s19b0n0:25997:26020 [1] NCCL INFO 8 coll channels, 4 p2p channels, 2 p2p channels per peer
x3003c0s13b1n0:62826:62847 [3] NCCL INFO Channel 01 : 63[c7000] -> 60[7000] via P2P/IPC/read
x3002c0s13b1n0:18918:18939 [3] NCCL INFO Channel 06/0 : 7[c7000] -> 11[c7000] [send] via NET/AWS Libfabric/1
x3002c0s1b1n0:17185:17209 [3] NCCL INFO Channel 03 : 23[c7000] -> 20[7000] via P2P/IPC/read
x3002c0s13b0n0:7925:7948 [3] NCCL INFO Channel 06/0 : 3[c7000] -> 7[c7000] [send] via NET/AWS Libfabric/1
x3002c0s13b1n0:18916:18938 [1] NCCL INFO Connected 1 MSCCL algorithms
x3002c0s13b1n0:18916:18938 [1] NCCL INFO threadThresholds 8/8/64 | 1024/8/64 | 8/8/64 | 8/8/512
x3002c0s13b1n0:18916:18938 [1] NCCL INFO 8 coll channels, 4 p2p channels, 2 p2p channels per peer
x3002c0s37b0n0:1273:1300 [0] NCCL INFO comm 0x1523e0c65010 rank 40 nranks 128 cudaDev 0 busId 7000 - Init COMPLETE
x3002c0s37b0n0:1274:1299 [1] NCCL INFO comm 0x146580f00010 rank 41 nranks 128 cudaDev 1 busId 46000 - Init COMPLETE
x3002c0s37b0n0:1275:1297 [2] NCCL INFO comm 0x14d40845a010 rank 42 nranks 128 cudaDev 2 busId 85000 - Init COMPLETE
x3002c0s37b0n0:1276:1298 [3] NCCL INFO comm 0x1466e0259010 rank 43 nranks 128 cudaDev 3 busId c7000 - Init COMPLETE
x3002c0s31b0n0:2122:2142 [3] NCCL INFO Connected 1 MSCCL algorithms
x3002c0s31b0n0:2122:2142 [3] NCCL INFO threadThresholds 8/8/64 | 1024/8/64 | 8/8/64 | 8/8/512
x3002c0s31b0n0:2122:2142 [3] NCCL INFO 8 coll channels, 4 p2p channels, 2 p2p channels per peer
x3002c0s31b0n0:2119:2145 [0] NCCL INFO Connected 1 MSCCL algorithms
x3002c0s31b0n0:2119:2145 [0] NCCL INFO threadThresholds 8/8/64 | 1024/8/64 | 8/8/64 | 8/8/512
x3002c0s31b0n0:2119:2145 [0] NCCL INFO 8 coll channels, 4 p2p channels, 2 p2p channels per peer
x3003c0s1b1n0:24169:24194 [1] NCCL INFO Channel 07/0 : 69[46000] -> 73[46000] [receive] via NET/AWS Libfabric/3
x3002c0s1b1n0:17182:17207 [0] NCCL INFO Connected 1 MSCCL algorithms
x3002c0s13b1n0:18915:18941 [0] NCCL INFO Channel 04/0 : 0[7000] -> 4[7000] [receive] via NET/AWS Libfabric/3
x3002c0s1b1n0:17182:17207 [0] NCCL INFO threadThresholds 8/8/64 | 1024/8/64 | 8/8/64 | 8/8/512
x3002c0s1b1n0:17182:17207 [0] NCCL INFO 8 coll channels, 4 p2p channels, 2 p2p channels per peer
x3002c0s1b1n0:17185:17209 [3] NCCL INFO Connected 1 MSCCL algorithms
x3002c0s1b1n0:17185:17209 [3] NCCL INFO threadThresholds 8/8/64 | 1024/8/64 | 8/8/64 | 8/8/512
x3002c0s1b1n0:17185:17209 [3] NCCL INFO 8 coll channels, 4 p2p channels, 2 p2p channels per peer
x3004c0s19b0n0:5618:5641 [1] NCCL INFO Channel 07/0 : 113[46000] -> 117[46000] [receive] via NET/AWS Libfabric/3
x3003c0s37b1n0:49056:49080 [3] NCCL INFO Channel 06/0 : 95[c7000] -> 99[c7000] [receive] via NET/AWS Libfabric/1
x3003c0s1b0n0:47926:47950 [2] NCCL INFO Connected 1 MSCCL algorithms
x3003c0s1b0n0:47926:47950 [2] NCCL INFO threadThresholds 8/8/64 | 1024/8/64 | 8/8/64 | 8/8/512
x3003c0s1b0n0:47926:47950 [2] NCCL INFO 8 coll channels, 4 p2p channels, 2 p2p channels per peer
x3004c0s19b0n0:5620:5642 [3] NCCL INFO Parsed MSCCL Algorithm /home/yuke/ncclPG/CCL-LYD/msccl_tools_lyd/examples/xml/xml_lyd/ring/allreduce_ring_node32_gpu128_mcl4_mck1_gan0.xml successfully.
x3003c0s1b0n0:47927:47949 [3] NCCL INFO Channel 06/0 : 67[c7000] -> 71[c7000] [receive] via NET/AWS Libfabric/1
x3002c0s13b0n0:7922:7947 [0] NCCL INFO Channel 04/0 : 124[7000] -> 0[7000] [receive] via NET/AWS Libfabric/3
x3003c0s1b1n0:24170:24192 [2] NCCL INFO Connected 1 MSCCL algorithms
x3003c0s1b1n0:24170:24192 [2] NCCL INFO threadThresholds 8/8/64 | 1024/8/64 | 8/8/64 | 8/8/512
x3003c0s1b1n0:24170:24192 [2] NCCL INFO 8 coll channels, 4 p2p channels, 2 p2p channels per peer
x3004c0s13b1n0:22722:22749 [0] NCCL INFO Channel 04/0 : 108[7000] -> 112[7000] [receive] via NET/AWS Libfabric/3
x3003c0s37b1n0:49053:49079 [0] NCCL INFO Channel 04/0 : 92[7000] -> 96[7000] [receive] via NET/AWS Libfabric/3
x3003c0s13b0n0:7389:7410 [3] NCCL INFO Channel 01 : 59[c7000] -> 56[7000] via P2P/IPC/read
x3004c0s19b0n0:5619:5643 [2] NCCL INFO Channel 05/0 : 114[85000] -> 118[85000] [receive] via NET/AWS Libfabric/3
x3003c0s25b1n0:53812:53836 [2] NCCL INFO Connected 1 MSCCL algorithms
x3003c0s25b1n0:53812:53836 [2] NCCL INFO threadThresholds 8/8/64 | 1024/8/64 | 8/8/64 | 8/8/512
x3003c0s25b1n0:53812:53836 [2] NCCL INFO 8 coll channels, 4 p2p channels, 2 p2p channels per peer
x3002c0s13b1n0:18915:18941 [0] NCCL INFO Channel 04/0 : 4[7000] -> 8[7000] [send] via NET/AWS Libfabric/3
x3002c0s7b1n0:49574:49597 [3] NCCL INFO Channel 03 : 55[c7000] -> 52[7000] via P2P/IPC/read
x3002c0s25b0n0:38464:38486 [2] NCCL INFO comm 0x14e33064a010 rank 26 nranks 128 cudaDev 2 busId 85000 - Init COMPLETE
x3002c0s25b0n0:38462:38489 [0] NCCL INFO comm 0x151baa45a010 rank 24 nranks 128 cudaDev 0 busId 7000 - Init COMPLETE
x3002c0s19b1n0:19952:19975 [3] NCCL INFO Channel 01 : 15[c7000] -> 12[7000] via P2P/IPC/read
x3002c0s25b0n0:38463:38487 [1] NCCL INFO comm 0x1514b645a010 rank 25 nranks 128 cudaDev 1 busId 46000 - Init COMPLETE
x3002c0s25b0n0:38465:38488 [3] NCCL INFO comm 0x148875013010 rank 27 nranks 128 cudaDev 3 busId c7000 - Init COMPLETE
x3003c0s13b1n0:62826:62847 [3] NCCL INFO Channel 03 : 63[c7000] -> 60[7000] via P2P/IPC/read
x3002c0s7b1n0:49571:49595 [0] NCCL INFO Connected 1 MSCCL algorithms
x3002c0s7b1n0:49571:49595 [0] NCCL INFO threadThresholds 8/8/64 | 1024/8/64 | 8/8/64 | 8/8/512
x3002c0s7b1n0:49571:49595 [0] NCCL INFO 8 coll channels, 4 p2p channels, 2 p2p channels per peer
x3002c0s7b1n0:49574:49597 [3] NCCL INFO Connected 1 MSCCL algorithms
x3002c0s7b1n0:49574:49597 [3] NCCL INFO threadThresholds 8/8/64 | 1024/8/64 | 8/8/64 | 8/8/512
x3002c0s7b1n0:49574:49597 [3] NCCL INFO 8 coll channels, 4 p2p channels, 2 p2p channels per peer
x3004c0s19b1n0:45208:45232 [1] NCCL INFO Parsed MSCCL Algorithm /home/yuke/ncclPG/CCL-LYD/msccl_tools_lyd/examples/xml/xml_lyd/ring/allreduce_ring_node32_gpu128_mcl4_mck1_gan0.xml successfully.
x3004c0s19b1n0:45209:45234 [2] NCCL INFO Parsed MSCCL Algorithm /home/yuke/ncclPG/CCL-LYD/msccl_tools_lyd/examples/xml/xml_lyd/ring/allreduce_ring_node32_gpu128_mcl4_mck1_gan0.xml successfully.
x3003c0s1b1n0:24169:24194 [1] NCCL INFO Channel 07/0 : 73[46000] -> 77[46000] [send] via NET/AWS Libfabric/3
x3003c0s25b0n0:13715:13738 [2] NCCL INFO Connected 1 MSCCL algorithms
x3003c0s25b0n0:13715:13738 [2] NCCL INFO threadThresholds 8/8/64 | 1024/8/64 | 8/8/64 | 8/8/512
x3003c0s25b0n0:13715:13738 [2] NCCL INFO 8 coll channels, 4 p2p channels, 2 p2p channels per peer
x3004c0s13b1n0:22725:22747 [3] NCCL INFO Channel 06/0 : 111[c7000] -> 115[c7000] [receive] via NET/AWS Libfabric/1
x3004c0s19b0n0:5619:5643 [2] NCCL INFO Channel 05/0 : 118[85000] -> 122[85000] [send] via NET/AWS Libfabric/3
x3003c0s7b1n0:53630:53654 [2] NCCL INFO Parsed MSCCL Algorithm /home/yuke/ncclPG/CCL-LYD/msccl_tools_lyd/examples/xml/xml_lyd/ring/allreduce_ring_node32_gpu128_mcl4_mck1_gan0.xml successfully.
x3002c0s7b0n0:38483:38506 [3] NCCL INFO Connected 1 MSCCL algorithms
x3002c0s7b0n0:38480:38507 [0] NCCL INFO Connected 1 MSCCL algorithms
x3002c0s7b0n0:38480:38507 [0] NCCL INFO threadThresholds 8/8/64 | 1024/8/64 | 8/8/64 | 8/8/512
x3002c0s7b0n0:38480:38507 [0] NCCL INFO 8 coll channels, 4 p2p channels, 2 p2p channels per peer
x3002c0s7b0n0:38483:38506 [3] NCCL INFO threadThresholds 8/8/64 | 1024/8/64 | 8/8/64 | 8/8/512
x3002c0s7b0n0:38483:38506 [3] NCCL INFO 8 coll channels, 4 p2p channels, 2 p2p channels per peer
x3004c0s19b0n0:5618:5641 [1] NCCL INFO Channel 07/0 : 117[46000] -> 121[46000] [send] via NET/AWS Libfabric/3
x3002c0s19b0n0:25999:26023 [3] NCCL INFO Channel 01 : 11[c7000] -> 8[7000] via P2P/IPC/read
x3002c0s37b1n0:60805:60827 [3] NCCL INFO comm 0x15482c259010 rank 47 nranks 128 cudaDev 3 busId c7000 - Init COMPLETE
x3002c0s37b1n0:60802:60829 [0] NCCL INFO comm 0x14ccbc45a010 rank 44 nranks 128 cudaDev 0 busId 7000 - Init COMPLETE
x3002c0s37b1n0:60803:60828 [1] NCCL INFO comm 0x14832a45a010 rank 45 nranks 128 cudaDev 1 busId 46000 - Init COMPLETE
x3002c0s37b1n0:60804:60826 [2] NCCL INFO comm 0x15255c45a010 rank 46 nranks 128 cudaDev 2 busId 85000 - Init COMPLETE
x3004c0s19b1n0:45207:45233 [0] NCCL INFO Channel 04/0 : 116[7000] -> 120[7000] [receive] via NET/AWS Libfabric/3
x3002c0s25b1n0:50024:50048 [0] NCCL INFO comm 0x15316045a010 rank 28 nranks 128 cudaDev 0 busId 7000 - Init COMPLETE
x3002c0s25b1n0:50027:50050 [3] NCCL INFO comm 0x15495a45a010 rank 31 nranks 128 cudaDev 3 busId c7000 - Init COMPLETE
x3002c0s25b1n0:50025:50049 [1] NCCL INFO comm 0x14b42045a010 rank 29 nranks 128 cudaDev 1 busId 46000 - Init COMPLETE
x3002c0s25b1n0:50026:50047 [2] NCCL INFO comm 0x150de981a010 rank 30 nranks 128 cudaDev 2 busId 85000 - Init COMPLETE
x3003c0s37b1n0:49053:49079 [0] NCCL INFO Channel 04/0 : 96[7000] -> 100[7000] [send] via NET/AWS Libfabric/3
x3004c0s19b1n0:45207:45233 [0] NCCL INFO Channel 04/0 : 120[7000] -> 124[7000] [send] via NET/AWS Libfabric/3
x3003c0s7b1n0:53629:53652 [1] NCCL INFO Parsed MSCCL Algorithm /home/yuke/ncclPG/CCL-LYD/msccl_tools_lyd/examples/xml/xml_lyd/ring/allreduce_ring_node32_gpu128_mcl4_mck1_gan0.xml successfully.
x3002c0s13b0n0:7922:7947 [0] NCCL INFO Channel 04/0 : 0[7000] -> 4[7000] [send] via NET/AWS Libfabric/3
x3002c0s19b1n0:19952:19975 [3] NCCL INFO Channel 03 : 15[c7000] -> 12[7000] via P2P/IPC/read
x3002c0s31b1n0:34002:34026 [1] NCCL INFO comm 0x14b04445a010 rank 37 nranks 128 cudaDev 1 busId 46000 - Init COMPLETE
x3002c0s31b1n0:34001:34025 [0] NCCL INFO comm 0x148bb56b1010 rank 36 nranks 128 cudaDev 0 busId 7000 - Init COMPLETE
x3002c0s31b1n0:34004:34028 [3] NCCL INFO comm 0x154815cac010 rank 39 nranks 128 cudaDev 3 busId c7000 - Init COMPLETE
x3002c0s31b1n0:34003:34027 [2] NCCL INFO comm 0x14632a45a010 rank 38 nranks 128 cudaDev 2 busId 85000 - Init COMPLETE
x3004c0s13b1n0:22725:22747 [3] NCCL INFO Channel 06/0 : 115[c7000] -> 119[c7000] [send] via NET/AWS Libfabric/1
x3004c0s19b1n0:45209:45234 [2] NCCL INFO Channel 05/0 : 118[85000] -> 122[85000] [receive] via NET/AWS Libfabric/3
x3003c0s1b0n0:47927:47949 [3] NCCL INFO Channel 06/0 : 71[c7000] -> 75[c7000] [send] via NET/AWS Libfabric/1
x3004c0s1b0n0:26193:26220 [0] NCCL INFO Channel 04/0 : 120[7000] -> 124[7000] [receive] via NET/AWS Libfabric/3
x3003c0s25b1n0:53811:53835 [1] NCCL INFO Connected 1 MSCCL algorithms
x3004c0s1b0n0:26193:26220 [0] NCCL INFO Channel 04/0 : 124[7000] -> 0[7000] [send] via NET/AWS Libfabric/3
x3003c0s25b1n0:53811:53835 [1] NCCL INFO threadThresholds 8/8/64 | 1024/8/64 | 8/8/64 | 8/8/512
x3003c0s25b1n0:53811:53835 [1] NCCL INFO 8 coll channels, 4 p2p channels, 2 p2p channels per peer
x3003c0s13b0n0:7389:7410 [3] NCCL INFO Channel 03 : 59[c7000] -> 56[7000] via P2P/IPC/read
x3002c0s19b1n0:19949:19974 [0] NCCL INFO Connected 1 MSCCL algorithms
x3002c0s19b1n0:19949:19974 [0] NCCL INFO threadThresholds 8/8/64 | 1024/8/64 | 8/8/64 | 8/8/512
x3002c0s19b1n0:19949:19974 [0] NCCL INFO 8 coll channels, 4 p2p channels, 2 p2p channels per peer
x3002c0s19b1n0:19952:19975 [3] NCCL INFO Connected 1 MSCCL algorithms
x3002c0s19b1n0:19952:19975 [3] NCCL INFO threadThresholds 8/8/64 | 1024/8/64 | 8/8/64 | 8/8/512
x3002c0s19b1n0:19952:19975 [3] NCCL INFO 8 coll channels, 4 p2p channels, 2 p2p channels per peer
x3002c0s31b0n0:2122:2142 [3] NCCL INFO comm 0x1533cc45a010 rank 35 nranks 128 cudaDev 3 busId c7000 - Init COMPLETE
x3003c0s25b0n0:13714:13737 [1] NCCL INFO Connected 1 MSCCL algorithms
x3003c0s25b0n0:13714:13737 [1] NCCL INFO threadThresholds 8/8/64 | 1024/8/64 | 8/8/64 | 8/8/512
x3003c0s25b0n0:13714:13737 [1] NCCL INFO 8 coll channels, 4 p2p channels, 2 p2p channels per peer
x3002c0s31b0n0:2119:2145 [0] NCCL INFO comm 0x14dd3cd24010 rank 32 nranks 128 cudaDev 0 busId 7000 - Init COMPLETE
x3002c0s31b0n0:2120:2144 [1] NCCL INFO comm 0x1544f0f96010 rank 33 nranks 128 cudaDev 1 busId 46000 - Init COMPLETE
x3002c0s31b0n0:2121:2143 [2] NCCL INFO comm 0x14a99445a010 rank 34 nranks 128 cudaDev 2 busId 85000 - Init COMPLETE
