x3002c0s19b1n0:19795:19819 [2] NCCL INFO Channel 03 : 14[85000] -> 15[c7000] via P2P/IPC/read
x3003c0s1b0n0:47773:47794 [3] NCCL INFO Channel 02 : 71[c7000] -> 70[85000] via P2P/IPC/read
x3003c0s7b1n0:53472:53500 [0] NCCL INFO Channel 02/0 : 101[46000] -> 104[7000] [receive] via NET/AWS Libfabric/3
x3002c0s13b1n0:18761:18785 [2] NCCL INFO Channel 01 : 6[85000] -> 7[c7000] via P2P/IPC/read
x3003c0s1b1n0:24012:24040 [0] NCCL INFO Channel 01 : 72[7000] -> 73[46000] via P2P/IPC/read
x3002c0s13b1n0:18761:18785 [2] NCCL INFO Channel 02 : 6[85000] -> 7[c7000] via P2P/IPC/read
x3002c0s13b1n0:18761:18785 [2] NCCL INFO Channel 03 : 6[85000] -> 7[c7000] via P2P/IPC/read
x3002c0s1b0n0:55138:55162 [3] NCCL INFO Channel 03 : 19[c7000] -> 18[85000] via P2P/IPC/read
x3002c0s31b0n0:1965:1992 [0] NCCL INFO Channel 03 : 32[7000] -> 33[46000] via P2P/IPC/read
x3002c0s31b1n0:33844:33873 [0] NCCL INFO Connected all rings
x3002c0s31b1n0:33844:33873 [0] NCCL INFO Channel 00 : 36[7000] -> 37[46000] via P2P/IPC/read
x3002c0s31b1n0:33845:33870 [1] NCCL INFO Connected all rings
x3002c0s19b0n0:25845:25870 [2] NCCL INFO Connected all rings
x3002c0s19b0n0:25846:25868 [3] NCCL INFO Connected all rings
x3002c0s37b1n0:60647:60673 [0] NCCL INFO Channel 02 : 44[7000] -> 45[46000] via P2P/IPC/read
x3002c0s37b1n0:60647:60673 [0] NCCL INFO Channel 03 : 44[7000] -> 45[46000] via P2P/IPC/read
x3002c0s1b0n0:55135:55161 [0] NCCL INFO Connected all rings
x3002c0s1b0n0:55135:55161 [0] NCCL INFO Channel 00 : 16[7000] -> 17[46000] via P2P/IPC/read
x3002c0s1b0n0:55136:55160 [1] NCCL INFO Connected all rings
x3002c0s13b0n0:7734:7760 [0] NCCL INFO Connected all rings
x3002c0s13b0n0:7734:7760 [0] NCCL INFO Channel 00 : 0[7000] -> 1[46000] via P2P/IPC/read
x3002c0s25b1n0:49868:49896 [0] NCCL INFO Channel 01 : 28[7000] -> 29[46000] via P2P/IPC/read
x3002c0s13b0n0:7736:7761 [2] NCCL INFO Connected all rings
x3002c0s13b0n0:7735:7763 [1] NCCL INFO Connected all rings
x3003c0s1b1n0:24012:24040 [0] NCCL INFO Channel 02 : 72[7000] -> 73[46000] via P2P/IPC/read
x3003c0s1b1n0:24012:24040 [0] NCCL INFO Channel 03 : 72[7000] -> 73[46000] via P2P/IPC/read
x3003c0s13b0n0:7224:7252 [0] NCCL INFO Connected all rings
x3003c0s13b0n0:7224:7252 [0] NCCL INFO Channel 00 : 56[7000] -> 57[46000] via P2P/IPC/read
x3003c0s13b0n0:7225:7249 [1] NCCL INFO Connected all rings
x3003c0s25b1n0:53654:53682 [0] NCCL INFO Channel 01 : 80[7000] -> 81[46000] via P2P/IPC/read
x3003c0s25b1n0:53654:53682 [0] NCCL INFO Channel 02 : 80[7000] -> 81[46000] via P2P/IPC/read
x3002c0s25b1n0:49868:49896 [0] NCCL INFO Channel 02 : 28[7000] -> 29[46000] via P2P/IPC/read
x3003c0s25b1n0:53654:53682 [0] NCCL INFO Channel 03 : 80[7000] -> 81[46000] via P2P/IPC/read
x3002c0s25b1n0:49868:49896 [0] NCCL INFO Channel 03 : 28[7000] -> 29[46000] via P2P/IPC/read
x3002c0s7b1n0:49420:49442 [3] NCCL INFO Channel 02 : 55[c7000] -> 54[85000] via P2P/IPC/read
x3004c0s13b1n0:22569:22593 [1] NCCL INFO Channel 00 : 113[46000] -> 114[85000] via P2P/IPC/read
x3004c0s13b1n0:22569:22593 [1] NCCL INFO Channel 01 : 113[46000] -> 114[85000] via P2P/IPC/read
x3004c0s13b1n0:22569:22593 [1] NCCL INFO Channel 02 : 113[46000] -> 114[85000] via P2P/IPC/read
x3004c0s13b1n0:22569:22593 [1] NCCL INFO Channel 03 : 113[46000] -> 114[85000] via P2P/IPC/read
x3004c0s13b1n0:22571:22592 [3] NCCL INFO Channel 03 : 115[c7000] -> 114[85000] via P2P/IPC/read
x3003c0s7b1n0:53473:53499 [1] NCCL INFO Channel 00/0 : 100[7000] -> 105[46000] [receive] via NET/AWS Libfabric/3
x3003c0s31b1n0:2957:2980 [2] NCCL INFO Connected all rings
x3003c0s31b1n0:2958:2981 [3] NCCL INFO Connected all rings
x3002c0s25b0n0:38306:38334 [0] NCCL INFO Connected all rings
x3002c0s25b0n0:38306:38334 [0] NCCL INFO Channel 00 : 24[7000] -> 25[46000] via P2P/IPC/read
x3002c0s25b0n0:38307:38332 [1] NCCL INFO Connected all rings
x3004c0s1b0n0:26040:26063 [2] NCCL INFO Channel 00 : 126[85000] -> 127[c7000] via P2P/IPC/read
x3004c0s1b0n0:26040:26063 [2] NCCL INFO Channel 01 : 126[85000] -> 127[c7000] via P2P/IPC/read
x3004c0s1b0n0:26040:26063 [2] NCCL INFO Channel 02 : 126[85000] -> 127[c7000] via P2P/IPC/read
x3004c0s1b0n0:26040:26063 [2] NCCL INFO Channel 03 : 126[85000] -> 127[c7000] via P2P/IPC/read
x3003c0s25b0n0:13559:13586 [0] NCCL INFO Channel 01 : 76[7000] -> 77[46000] via P2P/IPC/read
x3003c0s31b0n0:35822:35850 [0] NCCL INFO Channel 02 : 84[7000] -> 85[46000] via P2P/IPC/read
x3002c0s37b0n0:1116:1145 [0] NCCL INFO Connected all rings
x3002c0s37b0n0:1116:1145 [0] NCCL INFO Channel 00 : 40[7000] -> 41[46000] via P2P/IPC/read
x3002c0s37b0n0:1117:1144 [1] NCCL INFO Connected all rings
x3002c0s37b0n0:1118:1142 [2] NCCL INFO Connected all rings
x3002c0s19b0n0:25843:25869 [0] NCCL INFO Channel 02 : 8[7000] -> 9[46000] via P2P/IPC/read
x3002c0s31b1n0:33845:33870 [1] NCCL INFO Channel 00 : 37[46000] -> 38[85000] via P2P/IPC/read
x3002c0s31b1n0:33845:33870 [1] NCCL INFO Channel 01 : 37[46000] -> 38[85000] via P2P/IPC/read
x3003c0s25b0n0:13559:13586 [0] NCCL INFO Channel 02 : 76[7000] -> 77[46000] via P2P/IPC/read
x3003c0s1b1n0:24015:24037 [3] NCCL INFO Channel 03 : 75[c7000] -> 74[85000] via P2P/IPC/read
x3003c0s25b0n0:13559:13586 [0] NCCL INFO Channel 03 : 76[7000] -> 77[46000] via P2P/IPC/read
x3003c0s37b0n0:5537:5560 [3] NCCL INFO Channel 03 : 95[c7000] -> 94[85000] via P2P/IPC/read
x3002c0s31b1n0:33845:33870 [1] NCCL INFO Channel 02 : 37[46000] -> 38[85000] via P2P/IPC/read
x3002c0s31b1n0:33845:33870 [1] NCCL INFO Channel 03 : 37[46000] -> 38[85000] via P2P/IPC/read
x3002c0s7b1n0:49418:49443 [1] NCCL INFO Channel 00 : 53[46000] -> 54[85000] via P2P/IPC/read
x3003c0s37b1n0:48898:48926 [0] NCCL INFO Channel 01 : 96[7000] -> 97[46000] via P2P/IPC/read
x3004c0s1b0n0:26040:26063 [2] NCCL INFO Channel 00 : 126[85000] -> 125[46000] via P2P/IPC/read
x3002c0s1b1n0:17030:17053 [3] NCCL INFO Channel 02 : 23[c7000] -> 22[85000] via P2P/IPC/read
x3002c0s1b0n0:55138:55162 [3] NCCL INFO Connected all rings
x3002c0s1b0n0:55137:55163 [2] NCCL INFO Connected all rings
x3003c0s7b1n0:53474:53497 [2] NCCL INFO Channel 01/0 : 103[c7000] -> 106[85000] [receive] via NET/AWS Libfabric/1
x3003c0s37b0n0:5534:5562 [0] NCCL INFO Channel 00/0 : 88[7000] -> 92[7000] [receive] via NET/AWS Libfabric/3
x3003c0s1b1n0:24014:24038 [2] NCCL INFO Connected all rings
x3003c0s1b1n0:24015:24037 [3] NCCL INFO Connected all rings
x3004c0s13b0n0:64272:64300 [0] NCCL INFO Channel 01 : 108[7000] -> 109[46000] via P2P/IPC/read
x3002c0s25b0n0:38308:38331 [2] NCCL INFO Channel 00 : 26[85000] -> 27[c7000] via P2P/IPC/read
x3002c0s25b0n0:38308:38331 [2] NCCL INFO Channel 01 : 26[85000] -> 27[c7000] via P2P/IPC/read
x3002c0s25b0n0:38308:38331 [2] NCCL INFO Channel 02 : 26[85000] -> 27[c7000] via P2P/IPC/read
x3002c0s25b0n0:38308:38331 [2] NCCL INFO Channel 03 : 26[85000] -> 27[c7000] via P2P/IPC/read
x3003c0s37b0n0:5537:5560 [3] NCCL INFO Connected all rings
x3003c0s1b0n0:47770:47797 [0] NCCL INFO Connected all rings
x3003c0s1b0n0:47770:47797 [0] NCCL INFO Channel 00 : 68[7000] -> 69[46000] via P2P/IPC/read
x3003c0s1b0n0:47771:47796 [1] NCCL INFO Connected all rings
x3003c0s1b0n0:47773:47794 [3] NCCL INFO Channel 03 : 71[c7000] -> 70[85000] via P2P/IPC/read
x3003c0s37b0n0:5536:5561 [2] NCCL INFO Connected all rings
x3003c0s31b1n0:2955:2983 [0] NCCL INFO Connected all rings
x3003c0s31b1n0:2955:2983 [0] NCCL INFO Channel 00 : 88[7000] -> 89[46000] via P2P/IPC/read
x3004c0s13b0n0:64272:64300 [0] NCCL INFO Channel 02 : 108[7000] -> 109[46000] via P2P/IPC/read
x3003c0s31b1n0:2956:2982 [1] NCCL INFO Connected all rings
x3004c0s13b0n0:64272:64300 [0] NCCL INFO Channel 03 : 108[7000] -> 109[46000] via P2P/IPC/read
x3003c0s19b0n0:53136:53163 [0] NCCL INFO Channel 03 : 64[7000] -> 65[46000] via P2P/IPC/read
x3003c0s19b0n0:53137:53164 [1] NCCL INFO Channel 00 : 65[46000] -> 66[85000] via P2P/IPC/read
x3003c0s19b0n0:53137:53164 [1] NCCL INFO Channel 01 : 65[46000] -> 66[85000] via P2P/IPC/read
x3003c0s19b0n0:53137:53164 [1] NCCL INFO Channel 02 : 65[46000] -> 66[85000] via P2P/IPC/read
x3003c0s19b0n0:53137:53164 [1] NCCL INFO Channel 03 : 65[46000] -> 66[85000] via P2P/IPC/read
x3003c0s13b1n0:62671:62694 [3] NCCL INFO Channel 01/0 : 59[c7000] -> 63[c7000] [receive] via NET/AWS Libfabric/1
x3002c0s19b1n0:19796:19820 [3] NCCL INFO Channel 01/0 : 11[c7000] -> 15[c7000] [receive] via NET/AWS Libfabric/1
x3002c0s31b1n0:33844:33873 [0] NCCL INFO Channel 01 : 36[7000] -> 37[46000] via P2P/IPC/read
x3004c0s1b0n0:26040:26063 [2] NCCL INFO Channel 02 : 126[85000] -> 125[46000] via P2P/IPC/read
x3003c0s19b0n0:53139:53165 [3] NCCL INFO Connected all rings
x3003c0s19b0n0:53138:53162 [2] NCCL INFO Connected all rings
x3004c0s19b1n0:45053:45076 [2] NCCL INFO Channel 00 : 122[85000] -> 123[c7000] via P2P/IPC/read
x3004c0s19b1n0:45053:45076 [2] NCCL INFO Channel 01 : 122[85000] -> 123[c7000] via P2P/IPC/read
x3004c0s19b1n0:45053:45076 [2] NCCL INFO Channel 02 : 122[85000] -> 123[c7000] via P2P/IPC/read
x3004c0s19b1n0:45053:45076 [2] NCCL INFO Channel 03 : 122[85000] -> 123[c7000] via P2P/IPC/read
x3002c0s13b1n0:18759:18788 [0] NCCL INFO Channel 02/0 : 0[7000] -> 4[7000] [receive] via NET/AWS Libfabric/3
x3002c0s13b1n0:18760:18787 [1] NCCL INFO Channel 02/0 : 5[46000] -> 8[7000] [send] via NET/AWS Libfabric/3
x3003c0s31b0n0:35823:35848 [1] NCCL INFO Channel 00 : 85[46000] -> 86[85000] via P2P/IPC/read
x3003c0s31b0n0:35823:35848 [1] NCCL INFO Channel 01 : 85[46000] -> 86[85000] via P2P/IPC/read
x3003c0s31b0n0:35823:35848 [1] NCCL INFO Channel 02 : 85[46000] -> 86[85000] via P2P/IPC/read
x3003c0s31b0n0:35823:35848 [1] NCCL INFO Channel 03 : 85[46000] -> 86[85000] via P2P/IPC/read
x3003c0s25b1n0:53655:53683 [1] NCCL INFO Channel 00 : 81[46000] -> 82[85000] via P2P/IPC/read
x3003c0s25b1n0:53655:53683 [1] NCCL INFO Channel 01 : 81[46000] -> 82[85000] via P2P/IPC/read
x3003c0s25b1n0:53655:53683 [1] NCCL INFO Channel 02 : 81[46000] -> 82[85000] via P2P/IPC/read
x3002c0s31b1n0:33844:33873 [0] NCCL INFO Channel 02 : 36[7000] -> 37[46000] via P2P/IPC/read
x3002c0s31b1n0:33844:33873 [0] NCCL INFO Channel 03 : 36[7000] -> 37[46000] via P2P/IPC/read
x3003c0s25b1n0:53655:53683 [1] NCCL INFO Channel 03 : 81[46000] -> 82[85000] via P2P/IPC/read
x3004c0s19b0n0:5461:5489 [0] NCCL INFO Channel 02/0 : 112[7000] -> 116[7000] [receive] via NET/AWS Libfabric/3
x3004c0s13b1n0:22568:22595 [0] NCCL INFO Channel 02/0 : 112[7000] -> 116[7000] [send] via NET/AWS Libfabric/3
x3004c0s19b0n0:5462:5487 [1] NCCL INFO Channel 02/0 : 117[46000] -> 120[7000] [send] via NET/AWS Libfabric/3
x3004c0s13b1n0:22570:22594 [2] NCCL INFO Connected all rings
x3004c0s13b1n0:22571:22592 [3] NCCL INFO Connected all rings
x3002c0s19b0n0:25843:25869 [0] NCCL INFO Channel 03 : 8[7000] -> 9[46000] via P2P/IPC/read
x3002c0s13b1n0:18762:18786 [3] NCCL INFO Channel 01/0 : 7[c7000] -> 10[85000] [send] via NET/AWS Libfabric/1
x3002c0s1b0n0:55135:55161 [0] NCCL INFO Channel 01 : 16[7000] -> 17[46000] via P2P/IPC/read
x3003c0s37b1n0:48901:48924 [3] NCCL INFO Channel 03/0 : 99[c7000] -> 103[c7000] [send] via NET/AWS Libfabric/1
x3002c0s7b0n0:38325:38353 [0] NCCL INFO Connected all rings
x3002c0s7b0n0:38325:38353 [0] NCCL INFO Channel 00 : 48[7000] -> 49[46000] via P2P/IPC/read
x3002c0s7b0n0:38326:38352 [1] NCCL INFO Connected all rings
x3002c0s25b0n0:38306:38334 [0] NCCL INFO Channel 01 : 24[7000] -> 25[46000] via P2P/IPC/read
x3002c0s25b0n0:38309:38333 [3] NCCL INFO Channel 01/0 : 27[c7000] -> 31[c7000] [send] via NET/AWS Libfabric/1
x3002c0s37b0n0:1116:1145 [0] NCCL INFO Channel 01 : 40[7000] -> 41[46000] via P2P/IPC/read
x3002c0s7b1n0:49418:49443 [1] NCCL INFO Channel 01 : 53[46000] -> 54[85000] via P2P/IPC/read
x3002c0s37b1n0:60649:60672 [2] NCCL INFO Channel 00 : 46[85000] -> 47[c7000] via P2P/IPC/read
x3002c0s37b1n0:60649:60672 [2] NCCL INFO Channel 01 : 46[85000] -> 47[c7000] via P2P/IPC/read
x3002c0s37b1n0:60649:60672 [2] NCCL INFO Channel 02 : 46[85000] -> 47[c7000] via P2P/IPC/read
x3002c0s25b0n0:38306:38334 [0] NCCL INFO Channel 02 : 24[7000] -> 25[46000] via P2P/IPC/read
x3002c0s37b1n0:60649:60672 [2] NCCL INFO Channel 03 : 46[85000] -> 47[c7000] via P2P/IPC/read
x3002c0s25b0n0:38306:38334 [0] NCCL INFO Channel 03 : 24[7000] -> 25[46000] via P2P/IPC/read
x3002c0s13b0n0:7734:7760 [0] NCCL INFO Channel 01 : 0[7000] -> 1[46000] via P2P/IPC/read
x3002c0s1b0n0:55137:55163 [2] NCCL INFO Channel 00 : 18[85000] -> 19[c7000] via P2P/IPC/read
x3002c0s1b0n0:55137:55163 [2] NCCL INFO Channel 01 : 18[85000] -> 19[c7000] via P2P/IPC/read
x3002c0s19b1n0:19794:19821 [1] NCCL INFO Channel 00 : 13[46000] -> 14[85000] via P2P/IPC/read
x3002c0s1b0n0:55137:55163 [2] NCCL INFO Channel 02 : 18[85000] -> 19[c7000] via P2P/IPC/read
x3002c0s7b1n0:49420:49442 [3] NCCL INFO Channel 03 : 55[c7000] -> 54[85000] via P2P/IPC/read
x3002c0s1b0n0:55137:55163 [2] NCCL INFO Channel 03 : 18[85000] -> 19[c7000] via P2P/IPC/read
x3003c0s1b0n0:47773:47794 [3] NCCL INFO Connected all rings
x3002c0s25b1n0:49869:49893 [1] NCCL INFO Channel 00 : 29[46000] -> 30[85000] via P2P/IPC/read
x3002c0s25b1n0:49869:49893 [1] NCCL INFO Channel 01 : 29[46000] -> 30[85000] via P2P/IPC/read
x3002c0s25b1n0:49869:49893 [1] NCCL INFO Channel 02 : 29[46000] -> 30[85000] via P2P/IPC/read
x3002c0s25b1n0:49869:49893 [1] NCCL INFO Channel 03 : 29[46000] -> 30[85000] via P2P/IPC/read
x3003c0s31b0n0:35822:35850 [0] NCCL INFO Channel 03 : 84[7000] -> 85[46000] via P2P/IPC/read
x3003c0s31b1n0:2955:2983 [0] NCCL INFO Channel 01 : 88[7000] -> 89[46000] via P2P/IPC/read
x3002c0s13b0n0:7736:7761 [2] NCCL INFO Channel 00 : 2[85000] -> 3[c7000] via P2P/IPC/read
x3002c0s13b0n0:7736:7761 [2] NCCL INFO Channel 01 : 2[85000] -> 3[c7000] via P2P/IPC/read
x3002c0s13b0n0:7736:7761 [2] NCCL INFO Channel 02 : 2[85000] -> 3[c7000] via P2P/IPC/read
x3002c0s13b0n0:7736:7761 [2] NCCL INFO Channel 03 : 2[85000] -> 3[c7000] via P2P/IPC/read
x3002c0s13b1n0:18761:18785 [2] NCCL INFO Channel 03/0 : 6[85000] -> 11[c7000] [send] via NET/AWS Libfabric/1
x3003c0s31b0n0:35824:35847 [2] NCCL INFO Channel 00 : 86[85000] -> 87[c7000] via P2P/IPC/read
x3003c0s31b0n0:35824:35847 [2] NCCL INFO Channel 01 : 86[85000] -> 87[c7000] via P2P/IPC/read
x3003c0s31b0n0:35824:35847 [2] NCCL INFO Channel 02 : 86[85000] -> 87[c7000] via P2P/IPC/read
x3003c0s13b0n0:7224:7252 [0] NCCL INFO Channel 01 : 56[7000] -> 57[46000] via P2P/IPC/read
x3003c0s31b0n0:35824:35847 [2] NCCL INFO Channel 03 : 86[85000] -> 87[c7000] via P2P/IPC/read
x3003c0s1b0n0:47772:47795 [2] NCCL INFO Connected all rings
x3003c0s1b0n0:47770:47797 [0] NCCL INFO Channel 01 : 68[7000] -> 69[46000] via P2P/IPC/read
x3003c0s1b0n0:47770:47797 [0] NCCL INFO Channel 02 : 68[7000] -> 69[46000] via P2P/IPC/read
x3003c0s1b0n0:47770:47797 [0] NCCL INFO Channel 03 : 68[7000] -> 69[46000] via P2P/IPC/read
x3002c0s31b1n0:33845:33870 [1] NCCL INFO Channel 02/0 : 37[46000] -> 40[7000] [send] via NET/AWS Libfabric/3
x3002c0s1b1n0:17030:17053 [3] NCCL INFO Channel 03 : 23[c7000] -> 22[85000] via P2P/IPC/read
x3003c0s19b0n0:53138:53162 [2] NCCL INFO Channel 00 : 66[85000] -> 67[c7000] via P2P/IPC/read
x3003c0s19b0n0:53138:53162 [2] NCCL INFO Channel 01 : 66[85000] -> 67[c7000] via P2P/IPC/read
x3003c0s19b0n0:53138:53162 [2] NCCL INFO Channel 02 : 66[85000] -> 67[c7000] via P2P/IPC/read
x3003c0s19b0n0:53138:53162 [2] NCCL INFO Channel 03 : 66[85000] -> 67[c7000] via P2P/IPC/read
x3002c0s31b0n0:1965:1992 [0] NCCL INFO Channel 02/0 : 32[7000] -> 36[7000] [send] via NET/AWS Libfabric/3
x3002c0s7b1n0:49418:49443 [1] NCCL INFO Channel 02 : 53[46000] -> 54[85000] via P2P/IPC/read
x3002c0s7b1n0:49418:49443 [1] NCCL INFO Channel 03 : 53[46000] -> 54[85000] via P2P/IPC/read
x3004c0s19b0n0:5463:5486 [2] NCCL INFO Channel 03/0 : 118[85000] -> 123[c7000] [send] via NET/AWS Libfabric/1
x3004c0s19b1n0:45052:45078 [1] NCCL INFO Channel 00/0 : 116[7000] -> 121[46000] [receive] via NET/AWS Libfabric/3
x3004c0s1b0n0:26040:26063 [2] NCCL INFO Connected all trees
x3003c0s25b0n0:13561:13585 [2] NCCL INFO Channel 00 : 78[85000] -> 79[c7000] via P2P/IPC/read
x3004c0s1b0n0:26039:26065 [1] NCCL INFO Connected all trees
x3003c0s25b0n0:13561:13585 [2] NCCL INFO Channel 01 : 78[85000] -> 79[c7000] via P2P/IPC/read
x3004c0s1b0n0:26040:26063 [2] NCCL INFO MSCCL: Parsing algorithm /home/yuke/ncclPG/CCL-LYD/msccl_tools_lyd/examples/xml/xml_lyd/ring/allreduce_ring_node32_gpu128_mcl2_mck1_gan0.xml
x3003c0s25b0n0:13561:13585 [2] NCCL INFO Channel 02 : 78[85000] -> 79[c7000] via P2P/IPC/read
x3004c0s1b0n0:26039:26065 [1] NCCL INFO MSCCL: Parsing algorithm /home/yuke/ncclPG/CCL-LYD/msccl_tools_lyd/examples/xml/xml_lyd/ring/allreduce_ring_node32_gpu128_mcl2_mck1_gan0.xml
x3003c0s25b0n0:13561:13585 [2] NCCL INFO Channel 03 : 78[85000] -> 79[c7000] via P2P/IPC/read
x3003c0s13b1n0:62669:62693 [1] NCCL INFO Channel 00 : 61[46000] -> 62[85000] via P2P/IPC/read
x3003c0s13b1n0:62669:62693 [1] NCCL INFO Channel 01 : 61[46000] -> 62[85000] via P2P/IPC/read
x3004c0s13b0n0:64273:64299 [1] NCCL INFO Channel 00 : 109[46000] -> 110[85000] via P2P/IPC/read
x3004c0s13b0n0:64273:64299 [1] NCCL INFO Channel 01 : 109[46000] -> 110[85000] via P2P/IPC/read
x3003c0s31b1n0:2956:2982 [1] NCCL INFO Channel 00 : 89[46000] -> 90[85000] via P2P/IPC/read
x3004c0s13b0n0:64273:64299 [1] NCCL INFO Channel 02 : 109[46000] -> 110[85000] via P2P/IPC/read
x3003c0s13b1n0:62669:62693 [1] NCCL INFO Channel 02 : 61[46000] -> 62[85000] via P2P/IPC/read
x3003c0s31b1n0:2956:2982 [1] NCCL INFO Channel 01 : 89[46000] -> 90[85000] via P2P/IPC/read
x3003c0s13b1n0:62669:62693 [1] NCCL INFO Channel 03 : 61[46000] -> 62[85000] via P2P/IPC/read
x3003c0s31b1n0:2956:2982 [1] NCCL INFO Channel 02 : 89[46000] -> 90[85000] via P2P/IPC/read
x3004c0s13b0n0:64273:64299 [1] NCCL INFO Channel 03 : 109[46000] -> 110[85000] via P2P/IPC/read
x3003c0s31b1n0:2956:2982 [1] NCCL INFO Channel 03 : 89[46000] -> 90[85000] via P2P/IPC/read
x3002c0s37b1n0:60648:60674 [1] NCCL INFO Channel 00 : 45[46000] -> 46[85000] via P2P/IPC/read
x3002c0s1b1n0:17030:17053 [3] NCCL INFO Connected all rings
x3002c0s1b1n0:17029:17052 [2] NCCL INFO Connected all rings
x3002c0s37b1n0:60650:60675 [3] NCCL INFO Channel 01/0 : 43[c7000] -> 47[c7000] [receive] via NET/AWS Libfabric/1
x3002c0s31b0n0:1967:1991 [2] NCCL INFO Channel 01/0 : 19[c7000] -> 34[85000] [receive] via NET/AWS Libfabric/1
x3003c0s37b1n0:48898:48926 [0] NCCL INFO Channel 02 : 96[7000] -> 97[46000] via P2P/IPC/read
x3004c0s13b1n0:22568:22595 [0] NCCL INFO Channel 00/0 : 112[7000] -> 120[7000] [send] via NET/AWS Libfabric/3
x3003c0s13b0n0:7225:7249 [1] NCCL INFO Channel 00 : 57[46000] -> 58[85000] via P2P/IPC/read
x3003c0s13b0n0:7225:7249 [1] NCCL INFO Channel 01 : 57[46000] -> 58[85000] via P2P/IPC/read
x3003c0s13b0n0:7225:7249 [1] NCCL INFO Channel 02 : 57[46000] -> 58[85000] via P2P/IPC/read
x3003c0s13b0n0:7225:7249 [1] NCCL INFO Channel 03 : 57[46000] -> 58[85000] via P2P/IPC/read
x3004c0s19b0n0:5464:5488 [3] NCCL INFO Channel 01/0 : 119[c7000] -> 122[85000] [send] via NET/AWS Libfabric/1
x3002c0s31b0n0:1968:1989 [3] NCCL INFO Channel 03/0 : 35[c7000] -> 39[c7000] [send] via NET/AWS Libfabric/1
x3002c0s7b1n0:49420:49442 [3] NCCL INFO Connected all rings
x3002c0s37b0n0:1116:1145 [0] NCCL INFO Channel 02 : 40[7000] -> 41[46000] via P2P/IPC/read
x3002c0s25b1n0:49870:49894 [2] NCCL INFO Channel 00 : 30[85000] -> 31[c7000] via P2P/IPC/read
x3002c0s1b0n0:55135:55161 [0] NCCL INFO Channel 02 : 16[7000] -> 17[46000] via P2P/IPC/read
x3002c0s37b1n0:60648:60674 [1] NCCL INFO Channel 01 : 45[46000] -> 46[85000] via P2P/IPC/read
x3002c0s37b1n0:60648:60674 [1] NCCL INFO Channel 02 : 45[46000] -> 46[85000] via P2P/IPC/read
x3002c0s37b1n0:60648:60674 [1] NCCL INFO Channel 03 : 45[46000] -> 46[85000] via P2P/IPC/read
x3002c0s1b0n0:55135:55161 [0] NCCL INFO Channel 03 : 16[7000] -> 17[46000] via P2P/IPC/read
x3004c0s19b1n0:45051:45079 [0] NCCL INFO Channel 00/0 : 120[7000] -> 124[7000] [send] via NET/AWS Libfabric/3
x3003c0s19b0n0:53136:53163 [0] NCCL INFO Channel 02/0 : 64[7000] -> 68[7000] [send] via NET/AWS Libfabric/3
x3004c0s13b0n0:64274:64298 [2] NCCL INFO Channel 00 : 110[85000] -> 111[c7000] via P2P/IPC/read
x3004c0s13b0n0:64274:64298 [2] NCCL INFO Channel 01 : 110[85000] -> 111[c7000] via P2P/IPC/read
x3004c0s13b0n0:64274:64298 [2] NCCL INFO Channel 02 : 110[85000] -> 111[c7000] via P2P/IPC/read
x3004c0s13b0n0:64274:64298 [2] NCCL INFO Channel 03 : 110[85000] -> 111[c7000] via P2P/IPC/read
x3002c0s1b1n0:17027:17054 [0] NCCL INFO Channel 02/0 : 16[7000] -> 20[7000] [receive] via NET/AWS Libfabric/3
x3002c0s13b0n0:7734:7760 [0] NCCL INFO Channel 02 : 0[7000] -> 1[46000] via P2P/IPC/read
x3002c0s7b1n0:49419:49444 [2] NCCL INFO Connected all rings
x3002c0s13b0n0:7734:7760 [0] NCCL INFO Channel 03 : 0[7000] -> 1[46000] via P2P/IPC/read
x3002c0s31b1n0:33846:33871 [2] NCCL INFO Channel 03/0 : 38[85000] -> 43[c7000] [send] via NET/AWS Libfabric/1
x3002c0s13b0n0:7735:7763 [1] NCCL INFO Channel 00 : 1[46000] -> 2[85000] via P2P/IPC/read
x3002c0s13b0n0:7735:7763 [1] NCCL INFO Channel 01 : 1[46000] -> 2[85000] via P2P/IPC/read
x3002c0s13b0n0:7735:7763 [1] NCCL INFO Channel 02 : 1[46000] -> 2[85000] via P2P/IPC/read
x3002c0s13b0n0:7735:7763 [1] NCCL INFO Channel 03 : 1[46000] -> 2[85000] via P2P/IPC/read
x3003c0s31b1n0:2955:2983 [0] NCCL INFO Channel 02 : 88[7000] -> 89[46000] via P2P/IPC/read
x3003c0s25b0n0:13559:13586 [0] NCCL INFO Channel 00/0 : 72[7000] -> 76[7000] [receive] via NET/AWS Libfabric/3
x3002c0s19b0n0:25844:25867 [1] NCCL INFO Channel 00 : 9[46000] -> 10[85000] via P2P/IPC/read
x3002c0s13b0n0:7736:7761 [2] NCCL INFO Channel 00 : 2[85000] -> 1[46000] via P2P/IPC/read
x3002c0s31b0n0:1966:1990 [1] NCCL INFO Channel 00/0 : 16[7000] -> 33[46000] [receive] via NET/AWS Libfabric/3
x3003c0s13b0n0:7224:7252 [0] NCCL INFO Channel 02 : 56[7000] -> 57[46000] via P2P/IPC/read
x3003c0s37b0n0:5536:5561 [2] NCCL INFO Channel 00 : 94[85000] -> 95[c7000] via P2P/IPC/read
x3003c0s37b0n0:5536:5561 [2] NCCL INFO Channel 01 : 94[85000] -> 95[c7000] via P2P/IPC/read
x3002c0s13b0n0:7737:7762 [3] NCCL INFO Channel 03/0 : 3[c7000] -> 7[c7000] [send] via NET/AWS Libfabric/1
x3004c0s19b0n0:5462:5487 [1] NCCL INFO Channel 02/0 : 120[7000] -> 117[46000] [receive] via NET/AWS Libfabric/3
x3003c0s37b0n0:5536:5561 [2] NCCL INFO Channel 02 : 94[85000] -> 95[c7000] via P2P/IPC/read
x3003c0s7b0n0:16449:16475 [1] NCCL INFO Channel 00 : 101[46000] -> 102[85000] via P2P/IPC/read
x3003c0s37b0n0:5536:5561 [2] NCCL INFO Channel 03 : 94[85000] -> 95[c7000] via P2P/IPC/read
x3003c0s37b1n0:48898:48926 [0] NCCL INFO Channel 03 : 96[7000] -> 97[46000] via P2P/IPC/read
x3002c0s19b1n0:19794:19821 [1] NCCL INFO Channel 01 : 13[46000] -> 14[85000] via P2P/IPC/read
x3002c0s1b0n0:55138:55162 [3] NCCL INFO Channel 03/0 : 19[c7000] -> 23[c7000] [send] via NET/AWS Libfabric/1
x3002c0s7b0n0:38325:38353 [0] NCCL INFO Channel 01 : 48[7000] -> 49[46000] via P2P/IPC/read
x3002c0s7b0n0:38327:38351 [2] NCCL INFO Channel 00 : 50[85000] -> 51[c7000] via P2P/IPC/read
x3004c0s1b0n0:26038:26066 [0] NCCL INFO Channel 00/0 : 120[7000] -> 124[7000] [receive] via NET/AWS Libfabric/3
x3004c0s1b0n0:26041:26064 [3] NCCL INFO Channel 01/0 : 123[c7000] -> 127[c7000] [receive] via NET/AWS Libfabric/1
x3002c0s1b0n0:55136:55160 [1] NCCL INFO Channel 00 : 17[46000] -> 18[85000] via P2P/IPC/read
x3002c0s1b0n0:55136:55160 [1] NCCL INFO Channel 01 : 17[46000] -> 18[85000] via P2P/IPC/read
x3002c0s1b0n0:55136:55160 [1] NCCL INFO Channel 02 : 17[46000] -> 18[85000] via P2P/IPC/read
x3002c0s1b0n0:55136:55160 [1] NCCL INFO Channel 03 : 17[46000] -> 18[85000] via P2P/IPC/read
x3002c0s19b0n0:25844:25867 [1] NCCL INFO Channel 01 : 9[46000] -> 10[85000] via P2P/IPC/read
x3003c0s1b0n0:47771:47796 [1] NCCL INFO Channel 00 : 69[46000] -> 70[85000] via P2P/IPC/read
x3003c0s1b0n0:47771:47796 [1] NCCL INFO Channel 01 : 69[46000] -> 70[85000] via P2P/IPC/read
x3003c0s1b0n0:47771:47796 [1] NCCL INFO Channel 02 : 69[46000] -> 70[85000] via P2P/IPC/read
x3003c0s1b0n0:47771:47796 [1] NCCL INFO Channel 03 : 69[46000] -> 70[85000] via P2P/IPC/read
x3002c0s37b0n0:1116:1145 [0] NCCL INFO Channel 03 : 40[7000] -> 41[46000] via P2P/IPC/read
x3002c0s25b0n0:38307:38332 [1] NCCL INFO Channel 00 : 25[46000] -> 26[85000] via P2P/IPC/read
x3002c0s25b0n0:38307:38332 [1] NCCL INFO Channel 01 : 25[46000] -> 26[85000] via P2P/IPC/read
x3002c0s25b0n0:38307:38332 [1] NCCL INFO Channel 02 : 25[46000] -> 26[85000] via P2P/IPC/read
x3002c0s25b0n0:38307:38332 [1] NCCL INFO Channel 03 : 25[46000] -> 26[85000] via P2P/IPC/read
x3003c0s31b1n0:2955:2983 [0] NCCL INFO Channel 03 : 88[7000] -> 89[46000] via P2P/IPC/read
x3003c0s19b0n0:53137:53164 [1] NCCL INFO Channel 00/0 : 32[7000] -> 65[46000] [receive] via NET/AWS Libfabric/3
x3003c0s25b0n0:13562:13583 [3] NCCL INFO Channel 01/0 : 75[c7000] -> 79[c7000] [receive] via NET/AWS Libfabric/1
x3004c0s1b0n0:26039:26065 [1] NCCL INFO Parsed MSCCL Algorithm /home/yuke/ncclPG/CCL-LYD/msccl_tools_lyd/examples/xml/xml_lyd/ring/allreduce_ring_node32_gpu128_mcl2_mck1_gan0.xml successfully.
x3004c0s1b0n0:26039:26065 [1] NCCL INFO Connected 1 MSCCL algorithms
x3004c0s1b0n0:26039:26065 [1] NCCL INFO threadThresholds 8/8/64 | 1024/8/64 | 8/8/64 | 8/8/512
x3004c0s1b0n0:26039:26065 [1] NCCL INFO 4 coll channels, 4 p2p channels, 2 p2p channels per peer
x3002c0s19b1n0:19794:19821 [1] NCCL INFO Channel 02 : 13[46000] -> 14[85000] via P2P/IPC/read
x3002c0s19b1n0:19794:19821 [1] NCCL INFO Channel 03 : 13[46000] -> 14[85000] via P2P/IPC/read
x3002c0s13b0n0:7736:7761 [2] NCCL INFO Channel 02 : 2[85000] -> 1[46000] via P2P/IPC/read
x3003c0s25b1n0:53654:53682 [0] NCCL INFO Channel 02/0 : 80[7000] -> 84[7000] [send] via NET/AWS Libfabric/3
x3003c0s13b0n0:7224:7252 [0] NCCL INFO Channel 03 : 56[7000] -> 57[46000] via P2P/IPC/read
x3003c0s13b0n0:7227:7250 [3] NCCL INFO Channel 01/0 : 59[c7000] -> 63[c7000] [send] via NET/AWS Libfabric/1
x3002c0s37b1n0:60649:60672 [2] NCCL INFO Channel 03/0 : 46[85000] -> 55[c7000] [send] via NET/AWS Libfabric/1
x3004c0s1b0n0:26040:26063 [2] NCCL INFO Parsed MSCCL Algorithm /home/yuke/ncclPG/CCL-LYD/msccl_tools_lyd/examples/xml/xml_lyd/ring/allreduce_ring_node32_gpu128_mcl2_mck1_gan0.xml successfully.
x3003c0s25b0n0:13560:13584 [1] NCCL INFO Channel 02/0 : 77[46000] -> 84[7000] [send] via NET/AWS Libfabric/3
x3002c0s7b0n0:38327:38351 [2] NCCL INFO Channel 01 : 50[85000] -> 51[c7000] via P2P/IPC/read
x3003c0s13b1n0:62670:62692 [2] NCCL INFO Channel 03/0 : 62[85000] -> 95[c7000] [send] via NET/AWS Libfabric/1
x3003c0s7b0n0:16451:16473 [3] NCCL INFO Channel 01/0 : 103[c7000] -> 106[85000] [send] via NET/AWS Libfabric/1
x3003c0s19b0n0:53138:53162 [2] NCCL INFO Channel 01/0 : 35[c7000] -> 66[85000] [receive] via NET/AWS Libfabric/1
x3003c0s37b0n0:5535:5559 [1] NCCL INFO Channel 02/0 : 93[46000] -> 108[7000] [send] via NET/AWS Libfabric/3
x3004c0s13b0n0:64275:64297 [3] NCCL INFO Channel 01/0 : 107[c7000] -> 111[c7000] [receive] via NET/AWS Libfabric/1
x3002c0s25b1n0:49870:49894 [2] NCCL INFO Channel 01 : 30[85000] -> 31[c7000] via P2P/IPC/read
x3002c0s25b1n0:49868:49896 [0] NCCL INFO Channel 00/0 : 24[7000] -> 28[7000] [receive] via NET/AWS Libfabric/3
x3003c0s37b1n0:48899:48925 [1] NCCL INFO Channel 00 : 97[46000] -> 98[85000] via P2P/IPC/read
x3003c0s31b0n0:35823:35848 [1] NCCL INFO Channel 02/0 : 85[46000] -> 88[7000] [send] via NET/AWS Libfabric/3
x3003c0s13b1n0:62668:62695 [0] NCCL INFO Channel 00/0 : 56[7000] -> 60[7000] [receive] via NET/AWS Libfabric/3
x3003c0s13b1n0:62669:62693 [1] NCCL INFO Channel 02/0 : 61[46000] -> 92[7000] [send] via NET/AWS Libfabric/3
x3002c0s25b1n0:49870:49894 [2] NCCL INFO Channel 02 : 30[85000] -> 31[c7000] via P2P/IPC/read
x3002c0s25b1n0:49870:49894 [2] NCCL INFO Channel 03 : 30[85000] -> 31[c7000] via P2P/IPC/read
x3002c0s7b1n0:49417:49445 [0] NCCL INFO Channel 02/0 : 48[7000] -> 52[7000] [receive] via NET/AWS Libfabric/3
x3004c0s13b1n0:22570:22594 [2] NCCL INFO Channel 00 : 114[85000] -> 115[c7000] via P2P/IPC/read
x3004c0s13b1n0:22570:22594 [2] NCCL INFO Channel 01 : 114[85000] -> 115[c7000] via P2P/IPC/read
x3004c0s13b1n0:22570:22594 [2] NCCL INFO Channel 02 : 114[85000] -> 115[c7000] via P2P/IPC/read
x3004c0s13b1n0:22570:22594 [2] NCCL INFO Channel 03 : 114[85000] -> 115[c7000] via P2P/IPC/read
x3003c0s25b0n0:13561:13585 [2] NCCL INFO Channel 03/0 : 78[85000] -> 87[c7000] [send] via NET/AWS Libfabric/1
x3002c0s19b0n0:25845:25870 [2] NCCL INFO Channel 00 : 10[85000] -> 11[c7000] via P2P/IPC/read
x3002c0s7b0n0:38325:38353 [0] NCCL INFO Channel 02 : 48[7000] -> 49[46000] via P2P/IPC/read
x3004c0s19b1n0:45053:45076 [2] NCCL INFO Channel 01/0 : 119[c7000] -> 122[85000] [receive] via NET/AWS Libfabric/1
x3003c0s31b1n0:2957:2980 [2] NCCL INFO Channel 00 : 90[85000] -> 91[c7000] via P2P/IPC/read
x3003c0s13b0n0:7226:7251 [2] NCCL INFO Channel 01/0 : 55[c7000] -> 58[85000] [receive] via NET/AWS Libfabric/1
x3004c0s19b0n0:5461:5489 [0] NCCL INFO Channel 00/0 : 116[7000] -> 121[46000] [send] via NET/AWS Libfabric/3
x3002c0s37b1n0:60647:60673 [0] NCCL INFO Channel 00/0 : 40[7000] -> 44[7000] [receive] via NET/AWS Libfabric/3
x3004c0s13b0n0:64272:64300 [0] NCCL INFO Channel 00/0 : 104[7000] -> 108[7000] [receive] via NET/AWS Libfabric/3
x3003c0s19b0n0:53139:53165 [3] NCCL INFO Channel 03/0 : 67[c7000] -> 71[c7000] [send] via NET/AWS Libfabric/1
x3003c0s7b0n0:16449:16475 [1] NCCL INFO Channel 01 : 101[46000] -> 102[85000] via P2P/IPC/read
x3004c0s13b0n0:64274:64298 [2] NCCL INFO Channel 03/0 : 110[85000] -> 119[c7000] [send] via NET/AWS Libfabric/1
x3002c0s13b0n0:7734:7760 [0] NCCL INFO Channel 02/0 : 0[7000] -> 4[7000] [send] via NET/AWS Libfabric/3
x3002c0s37b1n0:60648:60674 [1] NCCL INFO Channel 02/0 : 45[46000] -> 52[7000] [send] via NET/AWS Libfabric/3
x3002c0s31b1n0:33844:33873 [0] NCCL INFO Channel 02/0 : 32[7000] -> 36[7000] [receive] via NET/AWS Libfabric/3
x3003c0s1b1n0:24013:24039 [1] NCCL INFO Channel 00 : 73[46000] -> 74[85000] via P2P/IPC/read
x3002c0s37b0n0:1118:1142 [2] NCCL INFO Channel 00 : 42[85000] -> 43[c7000] via P2P/IPC/read
x3003c0s13b1n0:62671:62694 [3] NCCL INFO Channel 03/0 : 31[c7000] -> 63[c7000] [receive] via NET/AWS Libfabric/1
x3002c0s37b0n0:1118:1142 [2] NCCL INFO Channel 01 : 42[85000] -> 43[c7000] via P2P/IPC/read
x3002c0s37b0n0:1118:1142 [2] NCCL INFO Channel 02 : 42[85000] -> 43[c7000] via P2P/IPC/read
x3002c0s37b0n0:1118:1142 [2] NCCL INFO Channel 03 : 42[85000] -> 43[c7000] via P2P/IPC/read
x3002c0s19b0n0:25845:25870 [2] NCCL INFO Channel 01 : 10[85000] -> 11[c7000] via P2P/IPC/read
x3002c0s19b0n0:25844:25867 [1] NCCL INFO Channel 02 : 9[46000] -> 10[85000] via P2P/IPC/read
x3002c0s7b0n0:38326:38352 [1] NCCL INFO Channel 00 : 49[46000] -> 50[85000] via P2P/IPC/read
x3002c0s7b0n0:38326:38352 [1] NCCL INFO Channel 01 : 49[46000] -> 50[85000] via P2P/IPC/read
x3002c0s7b0n0:38326:38352 [1] NCCL INFO Channel 02 : 49[46000] -> 50[85000] via P2P/IPC/read
x3002c0s7b0n0:38326:38352 [1] NCCL INFO Channel 03 : 49[46000] -> 50[85000] via P2P/IPC/read
x3003c0s25b1n0:53656:53680 [2] NCCL INFO Channel 00 : 82[85000] -> 83[c7000] via P2P/IPC/read
x3002c0s19b1n0:19795:19819 [2] NCCL INFO Channel 03/0 : 14[85000] -> 23[c7000] [send] via NET/AWS Libfabric/1
x3003c0s31b0n0:35825:35849 [3] NCCL INFO Channel 01/0 : 87[c7000] -> 90[85000] [send] via NET/AWS Libfabric/1
x3004c0s13b0n0:64273:64299 [1] NCCL INFO Channel 02/0 : 109[46000] -> 116[7000] [send] via NET/AWS Libfabric/3
x3003c0s25b1n0:53656:53680 [2] NCCL INFO Channel 01 : 82[85000] -> 83[c7000] via P2P/IPC/read
x3003c0s25b1n0:53656:53680 [2] NCCL INFO Channel 02 : 82[85000] -> 83[c7000] via P2P/IPC/read
x3003c0s25b1n0:53656:53680 [2] NCCL INFO Channel 03 : 82[85000] -> 83[c7000] via P2P/IPC/read
x3004c0s19b1n0:45054:45077 [3] NCCL INFO Channel 01/0 : 123[c7000] -> 127[c7000] [send] via NET/AWS Libfabric/1
x3003c0s7b1n0:53475:53498 [3] NCCL INFO Channel 03/0 : 102[85000] -> 107[c7000] [receive] via NET/AWS Libfabric/1
x3004c0s19b1n0:45053:45076 [2] NCCL INFO Channel 01/0 : 122[85000] -> 119[c7000] [send] via NET/AWS Libfabric/1
x3002c0s7b0n0:38327:38351 [2] NCCL INFO Channel 02 : 50[85000] -> 51[c7000] via P2P/IPC/read
x3002c0s7b0n0:38327:38351 [2] NCCL INFO Channel 03 : 50[85000] -> 51[c7000] via P2P/IPC/read
x3003c0s31b1n0:2957:2980 [2] NCCL INFO Channel 01 : 90[85000] -> 91[c7000] via P2P/IPC/read
x3003c0s31b1n0:2957:2980 [2] NCCL INFO Channel 02 : 90[85000] -> 91[c7000] via P2P/IPC/read
x3003c0s31b1n0:2957:2980 [2] NCCL INFO Channel 03 : 90[85000] -> 91[c7000] via P2P/IPC/read
x3003c0s31b0n0:35824:35847 [2] NCCL INFO Channel 03/0 : 86[85000] -> 91[c7000] [send] via NET/AWS Libfabric/1
x3002c0s13b0n0:7735:7763 [1] NCCL INFO Connected all trees
x3002c0s13b0n0:7735:7763 [1] NCCL INFO MSCCL: Parsing algorithm /home/yuke/ncclPG/CCL-LYD/msccl_tools_lyd/examples/xml/xml_lyd/ring/allreduce_ring_node32_gpu128_mcl2_mck1_gan0.xml
x3002c0s13b0n0:7736:7761 [2] NCCL INFO Connected all trees
x3002c0s13b0n0:7736:7761 [2] NCCL INFO MSCCL: Parsing algorithm /home/yuke/ncclPG/CCL-LYD/msccl_tools_lyd/examples/xml/xml_lyd/ring/allreduce_ring_node32_gpu128_mcl2_mck1_gan0.xml
x3002c0s7b0n0:38325:38353 [0] NCCL INFO Channel 03 : 48[7000] -> 49[46000] via P2P/IPC/read
x3003c0s37b1n0:48899:48925 [1] NCCL INFO Channel 01 : 97[46000] -> 98[85000] via P2P/IPC/read
x3003c0s13b0n0:7227:7250 [3] NCCL INFO Channel 03/0 : 54[85000] -> 59[c7000] [receive] via NET/AWS Libfabric/1
x3002c0s25b1n0:49871:49895 [3] NCCL INFO Channel 01/0 : 27[c7000] -> 31[c7000] [receive] via NET/AWS Libfabric/1
x3002c0s25b1n0:49869:49893 [1] NCCL INFO Channel 02/0 : 29[46000] -> 44[7000] [send] via NET/AWS Libfabric/3
x3002c0s37b0n0:1117:1144 [1] NCCL INFO Channel 00 : 41[46000] -> 42[85000] via P2P/IPC/read
x3003c0s7b0n0:16449:16475 [1] NCCL INFO Channel 02 : 101[46000] -> 102[85000] via P2P/IPC/read
x3003c0s7b0n0:16451:16473 [3] NCCL INFO Channel 03/0 : 99[c7000] -> 103[c7000] [receive] via NET/AWS Libfabric/1
x3004c0s13b1n0:22569:22593 [1] NCCL INFO Channel 00/0 : 104[7000] -> 113[46000] [receive] via NET/AWS Libfabric/3
x3004c0s1b0n0:26040:26063 [2] NCCL INFO Channel 03/0 : 122[85000] -> 126[85000] [receive] via NET/AWS Libfabric/3
x3003c0s31b0n0:35822:35850 [0] NCCL INFO Channel 02/0 : 80[7000] -> 84[7000] [receive] via NET/AWS Libfabric/3
x3002c0s19b0n0:25845:25870 [2] NCCL INFO Channel 02 : 10[85000] -> 11[c7000] via P2P/IPC/read
x3002c0s1b0n0:55136:55160 [1] NCCL INFO Channel 00/0 : 8[7000] -> 17[46000] [receive] via NET/AWS Libfabric/3
x3002c0s19b1n0:19793:19822 [0] NCCL INFO Channel 00/0 : 8[7000] -> 12[7000] [receive] via NET/AWS Libfabric/3
x3002c0s1b0n0:55135:55161 [0] NCCL INFO Channel 02/0 : 16[7000] -> 20[7000] [send] via NET/AWS Libfabric/3
x3003c0s37b0n0:5536:5561 [2] NCCL INFO Channel 03/0 : 94[85000] -> 111[c7000] [send] via NET/AWS Libfabric/1
x3002c0s1b1n0:17029:17052 [2] NCCL INFO Channel 00 : 22[85000] -> 23[c7000] via P2P/IPC/read
x3002c0s1b1n0:17029:17052 [2] NCCL INFO Channel 01 : 22[85000] -> 23[c7000] via P2P/IPC/read
x3002c0s1b1n0:17029:17052 [2] NCCL INFO Channel 02 : 22[85000] -> 23[c7000] via P2P/IPC/read
x3002c0s1b1n0:17029:17052 [2] NCCL INFO Channel 03 : 22[85000] -> 23[c7000] via P2P/IPC/read
x3002c0s19b0n0:25844:25867 [1] NCCL INFO Channel 03 : 9[46000] -> 10[85000] via P2P/IPC/read
x3003c0s1b0n0:47770:47797 [0] NCCL INFO Channel 02/0 : 64[7000] -> 68[7000] [receive] via NET/AWS Libfabric/3
x3002c0s25b0n0:38308:38331 [2] NCCL INFO Channel 01/0 : 23[c7000] -> 26[85000] [receive] via NET/AWS Libfabric/1
x3003c0s1b1n0:24013:24039 [1] NCCL INFO Channel 01 : 73[46000] -> 74[85000] via P2P/IPC/read
x3002c0s1b0n0:55137:55163 [2] NCCL INFO Channel 01/0 : 11[c7000] -> 18[85000] [receive] via NET/AWS Libfabric/1
x3002c0s7b1n0:49419:49444 [2] NCCL INFO Channel 00 : 54[85000] -> 55[c7000] via P2P/IPC/read
x3002c0s7b1n0:49419:49444 [2] NCCL INFO Channel 01 : 54[85000] -> 55[c7000] via P2P/IPC/read
x3002c0s7b1n0:49419:49444 [2] NCCL INFO Channel 02 : 54[85000] -> 55[c7000] via P2P/IPC/read
x3002c0s7b1n0:49419:49444 [2] NCCL INFO Channel 03 : 54[85000] -> 55[c7000] via P2P/IPC/read
x3003c0s1b1n0:24013:24039 [1] NCCL INFO Channel 02 : 73[46000] -> 74[85000] via P2P/IPC/read
x3003c0s1b1n0:24013:24039 [1] NCCL INFO Channel 03 : 73[46000] -> 74[85000] via P2P/IPC/read
x3002c0s37b0n0:1120:1143 [3] NCCL INFO Channel 01/0 : 43[c7000] -> 47[c7000] [send] via NET/AWS Libfabric/1
x3002c0s13b0n0:7734:7760 [0] NCCL INFO Channel 00/0 : 64[7000] -> 0[7000] [receive] via NET/AWS Libfabric/3
x3002c0s19b1n0:19794:19821 [1] NCCL INFO Channel 02/0 : 13[46000] -> 20[7000] [send] via NET/AWS Libfabric/3
x3003c0s37b1n0:48899:48925 [1] NCCL INFO Channel 02 : 97[46000] -> 98[85000] via P2P/IPC/read
x3004c0s19b1n0:45052:45078 [1] NCCL INFO Channel 00/0 : 121[46000] -> 116[7000] [send] via NET/AWS Libfabric/3
x3004c0s1b0n0:26040:26063 [2] NCCL INFO Channel 03/0 : 126[85000] -> 2[85000] [send] via NET/AWS Libfabric/3
x3002c0s25b0n0:38306:38334 [0] NCCL INFO Channel 02/0 : 21[46000] -> 24[7000] [receive] via NET/AWS Libfabric/3
x3002c0s25b1n0:49870:49894 [2] NCCL INFO Channel 03/0 : 30[85000] -> 47[c7000] [send] via NET/AWS Libfabric/1
x3003c0s7b1n0:53474:53497 [2] NCCL INFO Channel 01/0 : 106[85000] -> 103[c7000] [send] via NET/AWS Libfabric/1
x3003c0s31b1n0:2956:2982 [1] NCCL INFO Channel 00/0 : 84[7000] -> 89[46000] [receive] via NET/AWS Libfabric/3
x3004c0s19b0n0:5461:5489 [0] NCCL INFO Channel 02/0 : 109[46000] -> 116[7000] [receive] via NET/AWS Libfabric/3
x3004c0s19b0n0:5464:5488 [3] NCCL INFO Channel 03/0 : 115[c7000] -> 119[c7000] [receive] via NET/AWS Libfabric/1
x3002c0s25b0n0:38307:38332 [1] NCCL INFO Channel 00/0 : 20[7000] -> 25[46000] [receive] via NET/AWS Libfabric/3
x3003c0s25b1n0:53657:53681 [3] NCCL INFO Channel 03/0 : 83[c7000] -> 87[c7000] [send] via NET/AWS Libfabric/1
x3003c0s7b0n0:16449:16475 [1] NCCL INFO Channel 03 : 101[46000] -> 102[85000] via P2P/IPC/read
x3002c0s19b0n0:25845:25870 [2] NCCL INFO Channel 03 : 10[85000] -> 11[c7000] via P2P/IPC/read
x3003c0s1b1n0:24014:24038 [2] NCCL INFO Channel 00 : 74[85000] -> 75[c7000] via P2P/IPC/read
x3002c0s13b1n0:18759:18788 [0] NCCL INFO Channel 00/0 : 4[7000] -> 9[46000] [send] via NET/AWS Libfabric/3
x3003c0s13b0n0:7225:7249 [1] NCCL INFO Channel 00/0 : 52[7000] -> 57[46000] [receive] via NET/AWS Libfabric/3
x3003c0s25b1n0:53655:53683 [1] NCCL INFO Channel 00/0 : 72[7000] -> 81[46000] [receive] via NET/AWS Libfabric/3
x3002c0s7b1n0:49418:49443 [1] NCCL INFO Channel 02/0 : 53[46000] -> 56[7000] [send] via NET/AWS Libfabric/3
x3004c0s1b0n0:26038:26066 [0] NCCL INFO Channel 02/0 : 60[7000] -> 124[7000] [receive] via NET/AWS Libfabric/3
x3002c0s7b0n0:38328:38350 [3] NCCL INFO Channel 03/0 : 51[c7000] -> 55[c7000] [send] via NET/AWS Libfabric/1
x3002c0s37b0n0:1117:1144 [1] NCCL INFO Channel 01 : 41[46000] -> 42[85000] via P2P/IPC/read
x3004c0s1b0n0:26041:26064 [3] NCCL INFO Channel 03/0 : 63[c7000] -> 127[c7000] [receive] via NET/AWS Libfabric/1
x3002c0s13b0n0:7736:7761 [2] NCCL INFO Parsed MSCCL Algorithm /home/yuke/ncclPG/CCL-LYD/msccl_tools_lyd/examples/xml/xml_lyd/ring/allreduce_ring_node32_gpu128_mcl2_mck1_gan0.xml successfully.
x3004c0s19b1n0:45054:45077 [3] NCCL INFO Channel 03/0 : 118[85000] -> 123[c7000] [receive] via NET/AWS Libfabric/1
x3002c0s13b0n0:7735:7763 [1] NCCL INFO Parsed MSCCL Algorithm /home/yuke/ncclPG/CCL-LYD/msccl_tools_lyd/examples/xml/xml_lyd/ring/allreduce_ring_node32_gpu128_mcl2_mck1_gan0.xml successfully.
x3002c0s13b0n0:7735:7763 [1] NCCL INFO Connected 1 MSCCL algorithms
x3002c0s13b0n0:7735:7763 [1] NCCL INFO threadThresholds 8/8/64 | 1024/8/64 | 8/8/64 | 8/8/512
x3002c0s13b0n0:7735:7763 [1] NCCL INFO 4 coll channels, 4 p2p channels, 2 p2p channels per peer
x3003c0s31b1n0:2955:2983 [0] NCCL INFO Channel 02/0 : 85[46000] -> 88[7000] [receive] via NET/AWS Libfabric/3
x3003c0s31b1n0:2958:2981 [3] NCCL INFO Channel 01/0 : 91[c7000] -> 95[c7000] [send] via NET/AWS Libfabric/1
x3002c0s1b0n0:55135:55161 [0] NCCL INFO Channel 00/0 : 16[7000] -> 24[7000] [send] via NET/AWS Libfabric/3
x3002c0s1b1n0:17028:17051 [1] NCCL INFO Channel 02/0 : 21[46000] -> 24[7000] [send] via NET/AWS Libfabric/3
x3004c0s19b1n0:45051:45079 [0] NCCL INFO Channel 00/0 : 112[7000] -> 120[7000] [receive] via NET/AWS Libfabric/3
x3003c0s37b0n0:5537:5560 [3] NCCL INFO Channel 01/0 : 91[c7000] -> 95[c7000] [receive] via NET/AWS Libfabric/1
x3003c0s37b1n0:48901:48924 [3] NCCL INFO Channel 01/0 : 99[c7000] -> 115[c7000] [send] via NET/AWS Libfabric/1
x3004c0s13b1n0:22571:22592 [3] NCCL INFO Channel 03/0 : 115[c7000] -> 119[c7000] [send] via NET/AWS Libfabric/1
x3002c0s37b0n0:1120:1143 [3] NCCL INFO Channel 03/0 : 38[85000] -> 43[c7000] [receive] via NET/AWS Libfabric/1
x3003c0s1b1n0:24014:24038 [2] NCCL INFO Channel 01 : 74[85000] -> 75[c7000] via P2P/IPC/read
x3002c0s7b1n0:49420:49442 [3] NCCL INFO Channel 01/0 : 55[c7000] -> 58[85000] [send] via NET/AWS Libfabric/1
x3003c0s37b1n0:48899:48925 [1] NCCL INFO Channel 03 : 97[46000] -> 98[85000] via P2P/IPC/read
x3004c0s13b1n0:22570:22594 [2] NCCL INFO Channel 01/0 : 107[c7000] -> 114[85000] [receive] via NET/AWS Libfabric/1
x3003c0s1b1n0:24012:24040 [0] NCCL INFO Channel 02/0 : 69[46000] -> 72[7000] [receive] via NET/AWS Libfabric/3
x3002c0s31b0n0:1965:1992 [0] NCCL INFO Channel 00/0 : 32[7000] -> 48[7000] [send] via NET/AWS Libfabric/3
x3004c0s1b0n0:26038:26066 [0] NCCL INFO Channel 02/0 : 124[7000] -> 60[7000] [send] via NET/AWS Libfabric/3
x3003c0s13b0n0:7224:7252 [0] NCCL INFO Channel 02/0 : 53[46000] -> 56[7000] [receive] via NET/AWS Libfabric/3
x3002c0s19b0n0:25846:25868 [3] NCCL INFO Channel 01/0 : 11[c7000] -> 15[c7000] [send] via NET/AWS Libfabric/1
x3003c0s25b1n0:53656:53680 [2] NCCL INFO Channel 01/0 : 75[c7000] -> 82[85000] [receive] via NET/AWS Libfabric/1
x3002c0s37b1n0:60650:60675 [3] NCCL INFO Channel 03/0 : 39[c7000] -> 47[c7000] [receive] via NET/AWS Libfabric/1
x3004c0s13b0n0:64275:64297 [3] NCCL INFO Channel 03/0 : 103[c7000] -> 111[c7000] [receive] via NET/AWS Libfabric/1
x3002c0s1b1n0:17027:17054 [0] NCCL INFO Channel 00/0 : 20[7000] -> 25[46000] [send] via NET/AWS Libfabric/3
x3003c0s1b0n0:47772:47795 [2] NCCL INFO Channel 00 : 70[85000] -> 71[c7000] via P2P/IPC/read
x3002c0s7b0n0:38327:38351 [2] NCCL INFO Channel 01/0 : 43[c7000] -> 50[85000] [receive] via NET/AWS Libfabric/1
x3002c0s13b0n0:7734:7760 [0] NCCL INFO Channel 00/0 : 0[7000] -> 64[7000] [send] via NET/AWS Libfabric/3
x3002c0s7b1n0:49419:49444 [2] NCCL INFO Channel 03/0 : 54[85000] -> 59[c7000] [send] via NET/AWS Libfabric/1
x3003c0s1b0n0:47772:47795 [2] NCCL INFO Channel 01 : 70[85000] -> 71[c7000] via P2P/IPC/read
x3003c0s1b0n0:47772:47795 [2] NCCL INFO Channel 02 : 70[85000] -> 71[c7000] via P2P/IPC/read
x3003c0s1b0n0:47772:47795 [2] NCCL INFO Channel 03 : 70[85000] -> 71[c7000] via P2P/IPC/read
x3002c0s7b0n0:38326:38352 [1] NCCL INFO Channel 00/0 : 40[7000] -> 49[46000] [receive] via NET/AWS Libfabric/3
x3003c0s1b1n0:24014:24038 [2] NCCL INFO Channel 02 : 74[85000] -> 75[c7000] via P2P/IPC/read
x3004c0s13b0n0:64273:64299 [1] NCCL INFO Channel 02/0 : 116[7000] -> 109[46000] [receive] via NET/AWS Libfabric/3
x3002c0s37b0n0:1117:1144 [1] NCCL INFO Channel 02 : 41[46000] -> 42[85000] via P2P/IPC/read
x3003c0s7b0n0:16450:16474 [2] NCCL INFO Channel 03/0 : 102[85000] -> 107[c7000] [send] via NET/AWS Libfabric/1
x3002c0s7b1n0:49420:49442 [3] NCCL INFO Channel 03/0 : 51[c7000] -> 55[c7000] [receive] via NET/AWS Libfabric/1
x3002c0s1b1n0:17029:17052 [2] NCCL INFO Channel 03/0 : 22[85000] -> 27[c7000] [send] via NET/AWS Libfabric/1
x3002c0s7b0n0:38325:38353 [0] NCCL INFO Channel 02/0 : 48[7000] -> 52[7000] [send] via NET/AWS Libfabric/3
x3004c0s13b1n0:22571:22592 [3] NCCL INFO Channel 01/0 : 115[c7000] -> 123[c7000] [send] via NET/AWS Libfabric/1
x3003c0s7b0n0:16451:16473 [3] NCCL INFO Channel 03/0 : 103[c7000] -> 111[c7000] [send] via NET/AWS Libfabric/1
x3002c0s31b1n0:33844:33873 [0] NCCL INFO Channel 00/0 : 36[7000] -> 41[46000] [send] via NET/AWS Libfabric/3
x3003c0s31b1n0:2957:2980 [2] NCCL INFO Channel 01/0 : 87[c7000] -> 90[85000] [receive] via NET/AWS Libfabric/1
x3002c0s25b0n0:38309:38333 [3] NCCL INFO Channel 03/0 : 22[85000] -> 27[c7000] [receive] via NET/AWS Libfabric/1
x3002c0s13b0n0:7736:7761 [2] NCCL INFO Channel 03/0 : 126[85000] -> 2[85000] [receive] via NET/AWS Libfabric/3
x3003c0s7b0n0:16449:16475 [1] NCCL INFO Channel 02/0 : 101[46000] -> 104[7000] [send] via NET/AWS Libfabric/3
x3003c0s7b0n0:16448:16476 [0] NCCL INFO Channel 02/0 : 96[7000] -> 100[7000] [receive] via NET/AWS Libfabric/3
x3002c0s19b0n0:25843:25869 [0] NCCL INFO Channel 02/0 : 5[46000] -> 8[7000] [receive] via NET/AWS Libfabric/3
x3002c0s1b1n0:17028:17051 [1] NCCL INFO Channel 02/0 : 24[7000] -> 21[46000] [receive] via NET/AWS Libfabric/3
x3004c0s1b0n0:26041:26064 [3] NCCL INFO Channel 03/0 : 127[c7000] -> 63[c7000] [send] via NET/AWS Libfabric/1
x3004c0s19b0n0:5461:5489 [0] NCCL INFO Channel 02/0 : 116[7000] -> 109[46000] [send] via NET/AWS Libfabric/3
x3003c0s1b0n0:47771:47796 [1] NCCL INFO Channel 02/0 : 69[46000] -> 72[7000] [send] via NET/AWS Libfabric/3
x3002c0s7b0n0:38328:38350 [3] NCCL INFO Channel 01/0 : 51[c7000] -> 59[c7000] [send] via NET/AWS Libfabric/1
x3003c0s19b0n0:53136:53163 [0] NCCL INFO Channel 00/0 : 64[7000] -> 96[7000] [send] via NET/AWS Libfabric/3
x3003c0s25b1n0:53654:53682 [0] NCCL INFO Channel 00/0 : 80[7000] -> 88[7000] [send] via NET/AWS Libfabric/3
x3002c0s13b0n0:7736:7761 [2] NCCL INFO Channel 03/0 : 2[85000] -> 6[85000] [send] via NET/AWS Libfabric/3
x3002c0s19b0n0:25846:25868 [3] NCCL INFO Channel 03/0 : 6[85000] -> 11[c7000] [receive] via NET/AWS Libfabric/1
x3003c0s1b1n0:24014:24038 [2] NCCL INFO Channel 03 : 74[85000] -> 75[c7000] via P2P/IPC/read
x3003c0s13b0n0:7226:7251 [2] NCCL INFO Channel 01/0 : 58[85000] -> 55[c7000] [send] via NET/AWS Libfabric/1
x3002c0s25b1n0:49871:49895 [3] NCCL INFO Channel 03/0 : 15[c7000] -> 31[c7000] [receive] via NET/AWS Libfabric/1
x3002c0s25b0n0:38307:38332 [1] NCCL INFO Channel 00/0 : 25[46000] -> 20[7000] [send] via NET/AWS Libfabric/3
x3003c0s31b0n0:35822:35850 [0] NCCL INFO Channel 00/0 : 84[7000] -> 89[46000] [send] via NET/AWS Libfabric/3
x3002c0s37b0n0:1117:1144 [1] NCCL INFO Channel 03 : 41[46000] -> 42[85000] via P2P/IPC/read
x3002c0s7b1n0:49418:49443 [1] NCCL INFO Channel 02/0 : 56[7000] -> 53[46000] [receive] via NET/AWS Libfabric/3
x3002c0s19b0n0:25844:25867 [1] NCCL INFO Channel 00/0 : 4[7000] -> 9[46000] [receive] via NET/AWS Libfabric/3
x3003c0s1b0n0:47773:47794 [3] NCCL INFO Channel 01/0 : 71[c7000] -> 74[85000] [send] via NET/AWS Libfabric/1
x3002c0s25b0n0:38306:38334 [0] NCCL INFO Channel 00/0 : 24[7000] -> 28[7000] [send] via NET/AWS Libfabric/3
x3002c0s1b1n0:17030:17053 [3] NCCL INFO Channel 01/0 : 23[c7000] -> 26[85000] [send] via NET/AWS Libfabric/1
x3003c0s31b0n0:35823:35848 [1] NCCL INFO Channel 02/0 : 88[7000] -> 85[46000] [receive] via NET/AWS Libfabric/3
x3003c0s37b0n0:5537:5560 [3] NCCL INFO Channel 03/0 : 79[c7000] -> 95[c7000] [receive] via NET/AWS Libfabric/1
x3004c0s19b0n0:5461:5489 [0] NCCL INFO Channel 00/0 : 121[46000] -> 116[7000] [receive] via NET/AWS Libfabric/3
x3004c0s19b0n0:5463:5486 [2] NCCL INFO Channel 03/0 : 123[c7000] -> 118[85000] [receive] via NET/AWS Libfabric/1
x3003c0s31b1n0:2955:2983 [0] NCCL INFO Channel 00/0 : 88[7000] -> 92[7000] [send] via NET/AWS Libfabric/3
x3003c0s7b0n0:16451:16473 [3] NCCL INFO Channel 03/0 : 111[c7000] -> 103[c7000] [receive] via NET/AWS Libfabric/1
x3003c0s1b0n0:47770:47797 [0] NCCL INFO Channel 00/0 : 68[7000] -> 73[46000] [send] via NET/AWS Libfabric/3
x3002c0s7b1n0:49417:49445 [0] NCCL INFO Channel 00/0 : 52[7000] -> 57[46000] [send] via NET/AWS Libfabric/3
x3002c0s7b1n0:49419:49444 [2] NCCL INFO Channel 03/0 : 59[c7000] -> 54[85000] [receive] via NET/AWS Libfabric/1
x3003c0s31b0n0:35825:35849 [3] NCCL INFO Channel 03/0 : 83[c7000] -> 87[c7000] [receive] via NET/AWS Libfabric/1
x3003c0s37b1n0:48898:48926 [0] NCCL INFO Channel 02/0 : 96[7000] -> 100[7000] [send] via NET/AWS Libfabric/3
x3003c0s7b0n0:16449:16475 [1] NCCL INFO Channel 02/0 : 104[7000] -> 101[46000] [receive] via NET/AWS Libfabric/3
x3003c0s13b0n0:7227:7250 [3] NCCL INFO Channel 01/0 : 51[c7000] -> 59[c7000] [receive] via NET/AWS Libfabric/1
x3003c0s31b1n0:2958:2981 [3] NCCL INFO Channel 03/0 : 86[85000] -> 91[c7000] [receive] via NET/AWS Libfabric/1
x3004c0s19b1n0:45051:45079 [0] NCCL INFO Channel 00/0 : 120[7000] -> 112[7000] [send] via NET/AWS Libfabric/3
x3003c0s1b0n0:47772:47795 [2] NCCL INFO Channel 03/0 : 70[85000] -> 75[c7000] [send] via NET/AWS Libfabric/1
x3002c0s7b0n0:38325:38353 [0] NCCL INFO Channel 00/0 : 48[7000] -> 56[7000] [send] via NET/AWS Libfabric/3
x3002c0s19b1n0:19796:19820 [3] NCCL INFO Channel 03/0 : 7[c7000] -> 15[c7000] [receive] via NET/AWS Libfabric/1
x3002c0s31b1n0:33846:33871 [2] NCCL INFO Channel 03/0 : 43[c7000] -> 38[85000] [receive] via NET/AWS Libfabric/1
x3002c0s19b0n0:25845:25870 [2] NCCL INFO Channel 01/0 : 7[c7000] -> 10[85000] [receive] via NET/AWS Libfabric/1
x3003c0s13b0n0:7224:7252 [0] NCCL INFO Channel 00/0 : 56[7000] -> 60[7000] [send] via NET/AWS Libfabric/3
x3004c0s19b0n0:5464:5488 [3] NCCL INFO Channel 03/0 : 110[85000] -> 119[c7000] [receive] via NET/AWS Libfabric/1
x3002c0s25b0n0:38308:38331 [2] NCCL INFO Channel 01/0 : 26[85000] -> 23[c7000] [send] via NET/AWS Libfabric/1
x3004c0s19b1n0:45054:45077 [3] NCCL INFO Channel 01/0 : 115[c7000] -> 123[c7000] [receive] via NET/AWS Libfabric/1
x3004c0s13b1n0:22568:22595 [0] NCCL INFO Channel 00/0 : 96[7000] -> 112[7000] [receive] via NET/AWS Libfabric/3
x3003c0s31b0n0:35822:35850 [0] NCCL INFO Channel 02/0 : 77[46000] -> 84[7000] [receive] via NET/AWS Libfabric/3
x3003c0s37b1n0:48900:48923 [2] NCCL INFO Channel 01/0 : 83[c7000] -> 98[85000] [receive] via NET/AWS Libfabric/1
x3003c0s13b0n0:7225:7249 [1] NCCL INFO Channel 00/0 : 57[46000] -> 52[7000] [send] via NET/AWS Libfabric/3
x3002c0s1b1n0:17027:17054 [0] NCCL INFO Channel 02/0 : 13[46000] -> 20[7000] [receive] via NET/AWS Libfabric/3
x3003c0s7b1n0:53472:53500 [0] NCCL INFO Channel 00/0 : 104[7000] -> 108[7000] [send] via NET/AWS Libfabric/3
