x3005c0s25b1n0:36628:36655 [0] NCCL INFO Channel 00 : 28[7000] -> 29[46000] via P2P/IPC/read
x3005c0s25b1n0:36629:36654 [1] NCCL INFO Connected all rings
x3005c0s19b0n0:46795:46815 [3] NCCL INFO Channel 02 : 27[c7000] -> 26[85000] via P2P/IPC/read
x3005c0s25b1n0:36629:36654 [1] NCCL INFO Channel 00 : 29[46000] -> 30[85000] via P2P/IPC/read
x3005c0s25b1n0:36629:36654 [1] NCCL INFO Channel 01 : 29[46000] -> 30[85000] via P2P/IPC/read
x3005c0s25b1n0:36629:36654 [1] NCCL INFO Channel 02 : 29[46000] -> 30[85000] via P2P/IPC/read
x3005c0s25b1n0:36629:36654 [1] NCCL INFO Channel 03 : 29[46000] -> 30[85000] via P2P/IPC/read
x3004c0s37b0n0:45819:45841 [2] NCCL INFO Channel 00 : 6[85000] -> 7[c7000] via P2P/IPC/read
x3005c0s13b0n0:13088:13113 [1] NCCL INFO Channel 00 : 17[46000] -> 18[85000] via P2P/IPC/read
x3004c0s37b0n0:45819:45841 [2] NCCL INFO Channel 01 : 6[85000] -> 7[c7000] via P2P/IPC/read
x3004c0s37b0n0:45819:45841 [2] NCCL INFO Channel 02 : 6[85000] -> 7[c7000] via P2P/IPC/read
x3005c0s13b0n0:13088:13113 [1] NCCL INFO Channel 01 : 17[46000] -> 18[85000] via P2P/IPC/read
x3004c0s37b0n0:45819:45841 [2] NCCL INFO Channel 03 : 6[85000] -> 7[c7000] via P2P/IPC/read
x3005c0s13b0n0:13088:13113 [1] NCCL INFO Channel 02 : 17[46000] -> 18[85000] via P2P/IPC/read
x3005c0s13b0n0:13088:13113 [1] NCCL INFO Channel 03 : 17[46000] -> 18[85000] via P2P/IPC/read
x3005c0s25b1n0:36628:36655 [0] NCCL INFO Channel 01 : 28[7000] -> 29[46000] via P2P/IPC/read
x3005c0s25b1n0:36628:36655 [0] NCCL INFO Channel 02 : 28[7000] -> 29[46000] via P2P/IPC/read
x3005c0s25b1n0:36628:36655 [0] NCCL INFO Channel 03 : 28[7000] -> 29[46000] via P2P/IPC/read
x3005c0s19b0n0:46795:46815 [3] NCCL INFO Channel 03 : 27[c7000] -> 26[85000] via P2P/IPC/read
x3005c0s19b0n0:46792:46818 [0] NCCL INFO Connected all rings
x3005c0s19b0n0:46792:46818 [0] NCCL INFO Channel 00 : 24[7000] -> 25[46000] via P2P/IPC/read
x3005c0s19b0n0:46793:46817 [1] NCCL INFO Connected all rings
x3004c0s31b1n0:15153:15177 [0] NCCL INFO Connected all rings
x3004c0s31b1n0:15153:15177 [0] NCCL INFO Channel 00 : 0[7000] -> 1[46000] via P2P/IPC/read
x3004c0s31b1n0:15154:15180 [1] NCCL INFO Connected all rings
x3005c0s13b1n0:14257:14284 [0] NCCL INFO Connected all rings
x3005c0s13b1n0:14257:14284 [0] NCCL INFO Channel 00 : 20[7000] -> 21[46000] via P2P/IPC/read
x3005c0s13b1n0:14258:14281 [1] NCCL INFO Connected all rings
x3004c0s37b0n0:45818:45843 [1] NCCL INFO Channel 02/0 : 5[46000] -> 8[7000] [send] via NET/AWS Libfabric/3
x3005c0s13b1n0:14257:14284 [0] NCCL INFO Channel 01 : 20[7000] -> 21[46000] via P2P/IPC/read
x3005c0s13b1n0:14257:14284 [0] NCCL INFO Channel 02 : 20[7000] -> 21[46000] via P2P/IPC/read
x3005c0s13b1n0:14257:14284 [0] NCCL INFO Channel 03 : 20[7000] -> 21[46000] via P2P/IPC/read
x3004c0s37b1n0:44500:44522 [3] NCCL INFO Channel 01/0 : 11[c7000] -> 15[c7000] [send] via NET/AWS Libfabric/1
x3005c0s13b0n0:13087:13114 [0] NCCL INFO Channel 02/0 : 16[7000] -> 20[7000] [send] via NET/AWS Libfabric/3
x3004c0s31b1n0:15153:15177 [0] NCCL INFO Channel 01 : 0[7000] -> 1[46000] via P2P/IPC/read
x3004c0s37b1n0:44498:44521 [1] NCCL INFO Channel 00/0 : 4[7000] -> 9[46000] [receive] via NET/AWS Libfabric/3
x3004c0s31b1n0:15155:15179 [2] NCCL INFO Channel 00 : 2[85000] -> 3[c7000] via P2P/IPC/read
x3004c0s31b1n0:15155:15179 [2] NCCL INFO Channel 01 : 2[85000] -> 3[c7000] via P2P/IPC/read
x3004c0s31b1n0:15155:15179 [2] NCCL INFO Channel 02 : 2[85000] -> 3[c7000] via P2P/IPC/read
x3004c0s31b1n0:15155:15179 [2] NCCL INFO Channel 03 : 2[85000] -> 3[c7000] via P2P/IPC/read
x3004c0s37b0n0:45819:45841 [2] NCCL INFO Channel 03/0 : 6[85000] -> 11[c7000] [send] via NET/AWS Libfabric/1
x3004c0s37b0n0:45817:45844 [0] NCCL INFO Channel 02/0 : 0[7000] -> 4[7000] [receive] via NET/AWS Libfabric/3
x3005c0s19b0n0:46792:46818 [0] NCCL INFO Channel 01 : 24[7000] -> 25[46000] via P2P/IPC/read
x3005c0s19b0n0:46795:46815 [3] NCCL INFO Connected all rings
x3004c0s37b1n0:44499:44524 [2] NCCL INFO Channel 01/0 : 7[c7000] -> 10[85000] [receive] via NET/AWS Libfabric/1
x3004c0s31b1n0:15153:15177 [0] NCCL INFO Channel 02 : 0[7000] -> 1[46000] via P2P/IPC/read
x3005c0s19b0n0:46794:46816 [2] NCCL INFO Connected all rings
x3004c0s7b1n0:25327:25352 [1] NCCL INFO Channel 00 : 13[46000] -> 14[85000] via P2P/IPC/read
x3004c0s7b1n0:25327:25352 [1] NCCL INFO Channel 01 : 13[46000] -> 14[85000] via P2P/IPC/read
x3004c0s7b1n0:25327:25352 [1] NCCL INFO Channel 02 : 13[46000] -> 14[85000] via P2P/IPC/read
x3004c0s7b1n0:25327:25352 [1] NCCL INFO Channel 03 : 13[46000] -> 14[85000] via P2P/IPC/read
x3004c0s37b1n0:44497:44523 [0] NCCL INFO Channel 02/0 : 5[46000] -> 8[7000] [receive] via NET/AWS Libfabric/3
x3005c0s25b1n0:36628:36655 [0] NCCL INFO Channel 00/0 : 24[7000] -> 28[7000] [receive] via NET/AWS Libfabric/3
x3004c0s37b0n0:45820:45842 [3] NCCL INFO Channel 01/0 : 7[c7000] -> 10[85000] [send] via NET/AWS Libfabric/1
x3005c0s13b0n0:13089:13111 [2] NCCL INFO Channel 00 : 18[85000] -> 19[c7000] via P2P/IPC/read
x3005c0s13b0n0:13089:13111 [2] NCCL INFO Channel 01 : 18[85000] -> 19[c7000] via P2P/IPC/read
x3005c0s13b0n0:13089:13111 [2] NCCL INFO Channel 02 : 18[85000] -> 19[c7000] via P2P/IPC/read
x3005c0s13b0n0:13089:13111 [2] NCCL INFO Channel 03 : 18[85000] -> 19[c7000] via P2P/IPC/read
x3005c0s19b0n0:46792:46818 [0] NCCL INFO Channel 02 : 24[7000] -> 25[46000] via P2P/IPC/read
x3005c0s19b0n0:46792:46818 [0] NCCL INFO Channel 03 : 24[7000] -> 25[46000] via P2P/IPC/read
x3004c0s31b1n0:15156:15178 [3] NCCL INFO Channel 03/0 : 3[c7000] -> 7[c7000] [send] via NET/AWS Libfabric/1
x3004c0s31b1n0:15153:15177 [0] NCCL INFO Channel 03 : 0[7000] -> 1[46000] via P2P/IPC/read
x3004c0s7b1n0:25328:25350 [2] NCCL INFO Channel 00 : 14[85000] -> 15[c7000] via P2P/IPC/read
x3005c0s13b1n0:14259:14283 [2] NCCL INFO Channel 00 : 22[85000] -> 23[c7000] via P2P/IPC/read
x3004c0s7b1n0:25326:25353 [0] NCCL INFO Channel 00/0 : 8[7000] -> 12[7000] [receive] via NET/AWS Libfabric/3
x3005c0s13b0n0:13088:13113 [1] NCCL INFO Channel 00/0 : 8[7000] -> 17[46000] [receive] via NET/AWS Libfabric/3
x3005c0s19b0n0:46794:46816 [2] NCCL INFO Channel 00 : 26[85000] -> 27[c7000] via P2P/IPC/read
x3005c0s19b0n0:46794:46816 [2] NCCL INFO Channel 01 : 26[85000] -> 27[c7000] via P2P/IPC/read
x3005c0s19b0n0:46794:46816 [2] NCCL INFO Channel 02 : 26[85000] -> 27[c7000] via P2P/IPC/read
x3005c0s19b0n0:46794:46816 [2] NCCL INFO Channel 03 : 26[85000] -> 27[c7000] via P2P/IPC/read
x3004c0s37b0n0:45818:45843 [1] NCCL INFO Channel 02/0 : 8[7000] -> 5[46000] [receive] via NET/AWS Libfabric/3
x3004c0s37b0n0:45820:45842 [3] NCCL INFO Channel 03/0 : 3[c7000] -> 7[c7000] [receive] via NET/AWS Libfabric/1
x3005c0s13b1n0:14258:14281 [1] NCCL INFO Channel 00 : 21[46000] -> 22[85000] via P2P/IPC/read
x3005c0s13b1n0:14258:14281 [1] NCCL INFO Channel 01 : 21[46000] -> 22[85000] via P2P/IPC/read
x3005c0s13b1n0:14258:14281 [1] NCCL INFO Channel 02 : 21[46000] -> 22[85000] via P2P/IPC/read
x3005c0s13b1n0:14258:14281 [1] NCCL INFO Channel 03 : 21[46000] -> 22[85000] via P2P/IPC/read
x3005c0s25b1n0:36630:36653 [2] NCCL INFO Channel 00 : 30[85000] -> 31[c7000] via P2P/IPC/read
x3005c0s13b0n0:13090:13112 [3] NCCL INFO Channel 03/0 : 19[c7000] -> 23[c7000] [send] via NET/AWS Libfabric/1
x3005c0s13b1n0:14259:14283 [2] NCCL INFO Channel 01 : 22[85000] -> 23[c7000] via P2P/IPC/read
x3004c0s31b1n0:15154:15180 [1] NCCL INFO Channel 00 : 1[46000] -> 2[85000] via P2P/IPC/read
x3004c0s31b1n0:15154:15180 [1] NCCL INFO Channel 01 : 1[46000] -> 2[85000] via P2P/IPC/read
x3004c0s31b1n0:15154:15180 [1] NCCL INFO Channel 02 : 1[46000] -> 2[85000] via P2P/IPC/read
x3004c0s31b1n0:15154:15180 [1] NCCL INFO Channel 03 : 1[46000] -> 2[85000] via P2P/IPC/read
x3004c0s7b1n0:25328:25350 [2] NCCL INFO Channel 01 : 14[85000] -> 15[c7000] via P2P/IPC/read
x3004c0s31b1n0:15155:15179 [2] NCCL INFO Channel 00 : 2[85000] -> 1[46000] via P2P/IPC/read
x3005c0s19b0n0:46793:46817 [1] NCCL INFO Channel 00 : 25[46000] -> 26[85000] via P2P/IPC/read
x3004c0s37b1n0:44499:44524 [2] NCCL INFO Channel 01/0 : 10[85000] -> 7[c7000] [send] via NET/AWS Libfabric/1
x3004c0s37b1n0:44497:44523 [0] NCCL INFO Channel 00/0 : 8[7000] -> 12[7000] [send] via NET/AWS Libfabric/3
x3005c0s19b0n0:46793:46817 [1] NCCL INFO Channel 01 : 25[46000] -> 26[85000] via P2P/IPC/read
x3005c0s19b0n0:46793:46817 [1] NCCL INFO Channel 02 : 25[46000] -> 26[85000] via P2P/IPC/read
x3005c0s19b0n0:46793:46817 [1] NCCL INFO Channel 03 : 25[46000] -> 26[85000] via P2P/IPC/read
x3005c0s13b0n0:13089:13111 [2] NCCL INFO Channel 01/0 : 11[c7000] -> 18[85000] [receive] via NET/AWS Libfabric/1
x3004c0s31b1n0:15155:15179 [2] NCCL INFO Channel 02 : 2[85000] -> 1[46000] via P2P/IPC/read
x3005c0s25b1n0:36630:36653 [2] NCCL INFO Channel 01 : 30[85000] -> 31[c7000] via P2P/IPC/read
x3005c0s13b1n0:14259:14283 [2] NCCL INFO Channel 02 : 22[85000] -> 23[c7000] via P2P/IPC/read
x3005c0s13b1n0:14257:14284 [0] NCCL INFO Channel 02/0 : 16[7000] -> 20[7000] [receive] via NET/AWS Libfabric/3
x3004c0s7b1n0:25328:25350 [2] NCCL INFO Channel 02 : 14[85000] -> 15[c7000] via P2P/IPC/read
x3004c0s31b1n0:15155:15179 [2] NCCL INFO Connected all trees
x3004c0s31b1n0:15155:15179 [2] NCCL INFO MSCCL: Parsing algorithm /home/yuke/ncclPG/CCL-LYD/msccl_tools_lyd/examples/xml/xml_lyd/ring/allreduce_ring_node8_gpu32_mcl2_mck2_gan0.xml
x3004c0s31b1n0:15154:15180 [1] NCCL INFO Connected all trees
x3004c0s31b1n0:15154:15180 [1] NCCL INFO MSCCL: Parsing algorithm /home/yuke/ncclPG/CCL-LYD/msccl_tools_lyd/examples/xml/xml_lyd/ring/allreduce_ring_node8_gpu32_mcl2_mck2_gan0.xml
x3004c0s7b1n0:25328:25350 [2] NCCL INFO Channel 03 : 14[85000] -> 15[c7000] via P2P/IPC/read
x3004c0s31b1n0:15156:15178 [3] NCCL INFO Channel 01/0 : 19[c7000] -> 3[c7000] [receive] via NET/AWS Libfabric/1
x3005c0s19b0n0:46795:46815 [3] NCCL INFO Channel 01/0 : 27[c7000] -> 31[c7000] [send] via NET/AWS Libfabric/1
x3004c0s37b1n0:44497:44523 [0] NCCL INFO Channel 00/0 : 8[7000] -> 17[46000] [send] via NET/AWS Libfabric/3
x3004c0s37b0n0:45820:45842 [3] NCCL INFO Channel 03/0 : 7[c7000] -> 15[c7000] [send] via NET/AWS Libfabric/1
x3004c0s31b1n0:15154:15180 [1] NCCL INFO Parsed MSCCL Algorithm /home/yuke/ncclPG/CCL-LYD/msccl_tools_lyd/examples/xml/xml_lyd/ring/allreduce_ring_node8_gpu32_mcl2_mck2_gan0.xml successfully.
x3004c0s31b1n0:15155:15179 [2] NCCL INFO Parsed MSCCL Algorithm /home/yuke/ncclPG/CCL-LYD/msccl_tools_lyd/examples/xml/xml_lyd/ring/allreduce_ring_node8_gpu32_mcl2_mck2_gan0.xml successfully.
x3004c0s31b1n0:15154:15180 [1] NCCL INFO Connected 1 MSCCL algorithms
x3004c0s31b1n0:15154:15180 [1] NCCL INFO threadThresholds 8/8/64 | 256/8/64 | 8/8/64 | 8/8/512
x3004c0s31b1n0:15154:15180 [1] NCCL INFO 8 coll channels, 4 p2p channels, 2 p2p channels per peer
x3005c0s25b1n0:36630:36653 [2] NCCL INFO Channel 02 : 30[85000] -> 31[c7000] via P2P/IPC/read
x3004c0s31b1n0:15153:15177 [0] NCCL INFO Channel 02/0 : 0[7000] -> 4[7000] [send] via NET/AWS Libfabric/3
x3005c0s13b1n0:14259:14283 [2] NCCL INFO Channel 03 : 22[85000] -> 23[c7000] via P2P/IPC/read
x3005c0s19b0n0:46794:46816 [2] NCCL INFO Channel 01/0 : 23[c7000] -> 26[85000] [receive] via NET/AWS Libfabric/1
x3004c0s7b1n0:25326:25353 [0] NCCL INFO Channel 02/0 : 4[7000] -> 12[7000] [receive] via NET/AWS Libfabric/3
x3005c0s19b0n0:46792:46818 [0] NCCL INFO Channel 02/0 : 21[46000] -> 24[7000] [receive] via NET/AWS Libfabric/3
x3005c0s25b1n0:36630:36653 [2] NCCL INFO Channel 03 : 30[85000] -> 31[c7000] via P2P/IPC/read
x3005c0s13b0n0:13087:13114 [0] NCCL INFO Channel 00/0 : 16[7000] -> 24[7000] [send] via NET/AWS Libfabric/3
x3005c0s19b0n0:46793:46817 [1] NCCL INFO Channel 00/0 : 20[7000] -> 25[46000] [receive] via NET/AWS Libfabric/3
x3004c0s31b1n0:15155:15179 [2] NCCL INFO Channel 06/0 : 30[85000] -> 2[85000] [receive] via NET/AWS Libfabric/3
x3005c0s13b0n0:13088:13113 [1] NCCL INFO Channel 00/0 : 17[46000] -> 8[7000] [send] via NET/AWS Libfabric/3
x3004c0s37b0n0:45817:45844 [0] NCCL INFO Channel 00/0 : 4[7000] -> 9[46000] [send] via NET/AWS Libfabric/3
x3005c0s25b1n0:36630:36653 [2] NCCL INFO Channel 00 : 30[85000] -> 29[46000] via P2P/IPC/read
x3004c0s31b1n0:15156:15178 [3] NCCL INFO Channel 01/0 : 3[c7000] -> 19[c7000] [send] via NET/AWS Libfabric/1
x3004c0s37b1n0:44497:44523 [0] NCCL INFO Channel 00/0 : 17[46000] -> 8[7000] [receive] via NET/AWS Libfabric/3
x3004c0s7b1n0:25327:25352 [1] NCCL INFO Channel 02/0 : 13[46000] -> 20[7000] [send] via NET/AWS Libfabric/3
x3004c0s31b1n0:15153:15177 [0] NCCL INFO Channel 00/0 : 16[7000] -> 0[7000] [receive] via NET/AWS Libfabric/3
x3004c0s7b1n0:25329:25351 [3] NCCL INFO Channel 01/0 : 11[c7000] -> 15[c7000] [receive] via NET/AWS Libfabric/1
x3005c0s13b1n0:14257:14284 [0] NCCL INFO Channel 00/0 : 20[7000] -> 25[46000] [send] via NET/AWS Libfabric/3
x3004c0s31b1n0:15155:15179 [2] NCCL INFO Channel 07/0 : 30[85000] -> 2[85000] [receive] via NET/AWS Libfabric/3
x3004c0s31b1n0:15155:15179 [2] NCCL INFO Channel 06/0 : 2[85000] -> 6[85000] [send] via NET/AWS Libfabric/3
x3004c0s31b1n0:15155:15179 [2] NCCL INFO Channel 07/0 : 2[85000] -> 6[85000] [send] via NET/AWS Libfabric/3
x3005c0s25b1n0:36630:36653 [2] NCCL INFO Channel 02 : 30[85000] -> 29[46000] via P2P/IPC/read
x3005c0s13b1n0:14258:14281 [1] NCCL INFO Channel 02/0 : 21[46000] -> 24[7000] [send] via NET/AWS Libfabric/3
x3005c0s13b1n0:14260:14282 [3] NCCL INFO Channel 01/0 : 23[c7000] -> 26[85000] [send] via NET/AWS Libfabric/1
x3005c0s25b1n0:36631:36652 [3] NCCL INFO Channel 01/0 : 27[c7000] -> 31[c7000] [receive] via NET/AWS Libfabric/1
x3004c0s37b1n0:44498:44521 [1] NCCL INFO Channel 00/0 : 9[46000] -> 4[7000] [send] via NET/AWS Libfabric/3
x3004c0s7b1n0:25328:25350 [2] NCCL INFO Channel 03/0 : 14[85000] -> 23[c7000] [send] via NET/AWS Libfabric/1
x3005c0s13b1n0:14259:14283 [2] NCCL INFO Channel 03/0 : 22[85000] -> 27[c7000] [send] via NET/AWS Libfabric/1
x3004c0s37b1n0:44500:44522 [3] NCCL INFO Channel 03/0 : 6[85000] -> 11[c7000] [receive] via NET/AWS Libfabric/1
x3005c0s25b1n0:36629:36654 [1] NCCL INFO Connected all trees
x3005c0s13b1n0:14257:14284 [0] NCCL INFO Channel 02/0 : 13[46000] -> 20[7000] [receive] via NET/AWS Libfabric/3
x3005c0s25b1n0:36629:36654 [1] NCCL INFO MSCCL: Parsing algorithm /home/yuke/ncclPG/CCL-LYD/msccl_tools_lyd/examples/xml/xml_lyd/ring/allreduce_ring_node8_gpu32_mcl2_mck2_gan0.xml
x3005c0s25b1n0:36630:36653 [2] NCCL INFO Connected all trees
x3005c0s25b1n0:36630:36653 [2] NCCL INFO MSCCL: Parsing algorithm /home/yuke/ncclPG/CCL-LYD/msccl_tools_lyd/examples/xml/xml_lyd/ring/allreduce_ring_node8_gpu32_mcl2_mck2_gan0.xml
x3004c0s37b1n0:44497:44523 [0] NCCL INFO Channel 00/0 : 12[7000] -> 8[7000] [receive] via NET/AWS Libfabric/3
x3004c0s37b0n0:45817:45844 [0] NCCL INFO Channel 02/0 : 4[7000] -> 12[7000] [send] via NET/AWS Libfabric/3
x3005c0s25b1n0:36629:36654 [1] NCCL INFO Parsed MSCCL Algorithm /home/yuke/ncclPG/CCL-LYD/msccl_tools_lyd/examples/xml/xml_lyd/ring/allreduce_ring_node8_gpu32_mcl2_mck2_gan0.xml successfully.
x3005c0s19b0n0:46793:46817 [1] NCCL INFO Channel 00/0 : 25[46000] -> 20[7000] [send] via NET/AWS Libfabric/3
x3005c0s25b1n0:36630:36653 [2] NCCL INFO Parsed MSCCL Algorithm /home/yuke/ncclPG/CCL-LYD/msccl_tools_lyd/examples/xml/xml_lyd/ring/allreduce_ring_node8_gpu32_mcl2_mck2_gan0.xml successfully.
x3005c0s25b1n0:36629:36654 [1] NCCL INFO Connected 1 MSCCL algorithms
x3005c0s25b1n0:36629:36654 [1] NCCL INFO threadThresholds 8/8/64 | 256/8/64 | 8/8/64 | 8/8/512
x3005c0s25b1n0:36629:36654 [1] NCCL INFO 8 coll channels, 4 p2p channels, 2 p2p channels per peer
x3004c0s31b1n0:15153:15177 [0] NCCL INFO Channel 00/0 : 0[7000] -> 16[7000] [send] via NET/AWS Libfabric/3
x3005c0s13b1n0:14260:14282 [3] NCCL INFO Channel 03/0 : 19[c7000] -> 23[c7000] [receive] via NET/AWS Libfabric/1
x3005c0s19b0n0:46792:46818 [0] NCCL INFO Channel 00/0 : 24[7000] -> 28[7000] [send] via NET/AWS Libfabric/3
x3005c0s19b0n0:46794:46816 [2] NCCL INFO Channel 01/0 : 26[85000] -> 23[c7000] [send] via NET/AWS Libfabric/1
x3005c0s13b1n0:14258:14281 [1] NCCL INFO Channel 02/0 : 24[7000] -> 21[46000] [receive] via NET/AWS Libfabric/3
x3004c0s7b1n0:25326:25353 [0] NCCL INFO Channel 02/0 : 28[7000] -> 12[7000] [receive] via NET/AWS Libfabric/3
x3004c0s37b0n0:45817:45844 [0] NCCL INFO Channel 02/0 : 12[7000] -> 4[7000] [receive] via NET/AWS Libfabric/3
x3005c0s19b0n0:46795:46815 [3] NCCL INFO Channel 03/0 : 22[85000] -> 27[c7000] [receive] via NET/AWS Libfabric/1
x3004c0s7b1n0:25327:25352 [1] NCCL INFO Channel 02/0 : 20[7000] -> 13[46000] [receive] via NET/AWS Libfabric/3
x3004c0s7b1n0:25329:25351 [3] NCCL INFO Channel 03/0 : 7[c7000] -> 15[c7000] [receive] via NET/AWS Libfabric/1
x3005c0s13b0n0:13090:13112 [3] NCCL INFO Channel 01/0 : 19[c7000] -> 27[c7000] [send] via NET/AWS Libfabric/1
x3005c0s13b1n0:14257:14284 [0] NCCL INFO Channel 02/0 : 20[7000] -> 13[46000] [send] via NET/AWS Libfabric/3
x3005c0s25b1n0:36631:36652 [3] NCCL INFO Channel 03/0 : 15[c7000] -> 31[c7000] [receive] via NET/AWS Libfabric/1
x3004c0s37b1n0:44500:44522 [3] NCCL INFO Channel 01/0 : 11[c7000] -> 18[85000] [send] via NET/AWS Libfabric/1
x3004c0s37b0n0:45819:45841 [2] NCCL INFO Channel 03/0 : 11[c7000] -> 6[85000] [receive] via NET/AWS Libfabric/1
x3005c0s25b1n0:36628:36655 [0] NCCL INFO Channel 02/0 : 12[7000] -> 28[7000] [receive] via NET/AWS Libfabric/3
x3005c0s25b1n0:36630:36653 [2] NCCL INFO Channel 06/0 : 26[85000] -> 30[85000] [receive] via NET/AWS Libfabric/3
x3004c0s7b1n0:25326:25353 [0] NCCL INFO Channel 02/0 : 12[7000] -> 28[7000] [send] via NET/AWS Libfabric/3
x3005c0s13b1n0:14260:14282 [3] NCCL INFO Channel 03/0 : 14[85000] -> 23[c7000] [receive] via NET/AWS Libfabric/1
x3004c0s37b0n0:45820:45842 [3] NCCL INFO Channel 03/0 : 15[c7000] -> 7[c7000] [receive] via NET/AWS Libfabric/1
x3005c0s25b1n0:36631:36652 [3] NCCL INFO Channel 03/0 : 31[c7000] -> 15[c7000] [send] via NET/AWS Libfabric/1
x3005c0s19b0n0:46792:46818 [0] NCCL INFO Channel 00/0 : 16[7000] -> 24[7000] [receive] via NET/AWS Libfabric/3
x3005c0s25b1n0:36630:36653 [2] NCCL INFO Channel 07/0 : 26[85000] -> 30[85000] [receive] via NET/AWS Libfabric/3
x3005c0s13b0n0:13089:13111 [2] NCCL INFO Channel 01/0 : 18[85000] -> 11[c7000] [send] via NET/AWS Libfabric/1
x3005c0s13b1n0:14257:14284 [0] NCCL INFO Channel 00/0 : 25[46000] -> 20[7000] [receive] via NET/AWS Libfabric/3
x3004c0s37b1n0:44500:44522 [3] NCCL INFO Channel 01/0 : 18[85000] -> 11[c7000] [receive] via NET/AWS Libfabric/1
x3005c0s25b1n0:36628:36655 [0] NCCL INFO Channel 02/0 : 28[7000] -> 12[7000] [send] via NET/AWS Libfabric/3
x3005c0s13b0n0:13089:13111 [2] NCCL INFO Channel 00 : 18[85000] -> 17[46000] via P2P/IPC/read
x3005c0s13b0n0:13089:13111 [2] NCCL INFO Channel 02 : 18[85000] -> 17[46000] via P2P/IPC/read
x3005c0s13b1n0:14259:14283 [2] NCCL INFO Channel 03/0 : 27[c7000] -> 22[85000] [receive] via NET/AWS Libfabric/1
x3004c0s7b1n0:25329:25351 [3] NCCL INFO Channel 03/0 : 31[c7000] -> 15[c7000] [receive] via NET/AWS Libfabric/1
x3004c0s7b1n0:25329:25351 [3] NCCL INFO Channel 03/0 : 15[c7000] -> 31[c7000] [send] via NET/AWS Libfabric/1
x3005c0s25b1n0:36630:36653 [2] NCCL INFO Channel 06/0 : 30[85000] -> 2[85000] [send] via NET/AWS Libfabric/3
x3005c0s19b0n0:46795:46815 [3] NCCL INFO Channel 01/0 : 19[c7000] -> 27[c7000] [receive] via NET/AWS Libfabric/1
x3004c0s7b1n0:25328:25350 [2] NCCL INFO Channel 03/0 : 23[c7000] -> 14[85000] [receive] via NET/AWS Libfabric/1
x3004c0s37b1n0:44500:44522 [3] NCCL INFO Channel 03/0 : 11[c7000] -> 6[85000] [send] via NET/AWS Libfabric/1
x3005c0s13b0n0:13089:13111 [2] NCCL INFO Connected all trees
x3005c0s13b0n0:13089:13111 [2] NCCL INFO MSCCL: Parsing algorithm /home/yuke/ncclPG/CCL-LYD/msccl_tools_lyd/examples/xml/xml_lyd/ring/allreduce_ring_node8_gpu32_mcl2_mck2_gan0.xml
x3005c0s13b0n0:13088:13113 [1] NCCL INFO Connected all trees
x3005c0s13b0n0:13088:13113 [1] NCCL INFO MSCCL: Parsing algorithm /home/yuke/ncclPG/CCL-LYD/msccl_tools_lyd/examples/xml/xml_lyd/ring/allreduce_ring_node8_gpu32_mcl2_mck2_gan0.xml
x3005c0s25b1n0:36630:36653 [2] NCCL INFO Channel 07/0 : 30[85000] -> 2[85000] [send] via NET/AWS Libfabric/3
x3005c0s13b0n0:13087:13114 [0] NCCL INFO Channel 00/0 : 0[7000] -> 16[7000] [receive] via NET/AWS Libfabric/3
x3005c0s13b1n0:14260:14282 [3] NCCL INFO Channel 03/0 : 23[c7000] -> 14[85000] [send] via NET/AWS Libfabric/1
x3005c0s13b0n0:13089:13111 [2] NCCL INFO Parsed MSCCL Algorithm /home/yuke/ncclPG/CCL-LYD/msccl_tools_lyd/examples/xml/xml_lyd/ring/allreduce_ring_node8_gpu32_mcl2_mck2_gan0.xml successfully.
x3004c0s7b1n0:25326:25353 [0] NCCL INFO Channel 02/0 : 12[7000] -> 4[7000] [send] via NET/AWS Libfabric/3
x3005c0s13b0n0:13087:13114 [0] NCCL INFO Channel 00/0 : 16[7000] -> 0[7000] [send] via NET/AWS Libfabric/3
x3005c0s13b0n0:13088:13113 [1] NCCL INFO Parsed MSCCL Algorithm /home/yuke/ncclPG/CCL-LYD/msccl_tools_lyd/examples/xml/xml_lyd/ring/allreduce_ring_node8_gpu32_mcl2_mck2_gan0.xml successfully.
x3004c0s7b1n0:25328:25350 [2] NCCL INFO Channel 00 : 14[85000] -> 13[46000] via P2P/IPC/read
x3004c0s7b1n0:25328:25350 [2] NCCL INFO Channel 02 : 14[85000] -> 13[46000] via P2P/IPC/read
x3005c0s13b0n0:13088:13113 [1] NCCL INFO Connected 1 MSCCL algorithms
x3005c0s13b0n0:13088:13113 [1] NCCL INFO threadThresholds 8/8/64 | 256/8/64 | 8/8/64 | 8/8/512
x3005c0s13b0n0:13088:13113 [1] NCCL INFO 8 coll channels, 4 p2p channels, 2 p2p channels per peer
x3004c0s7b1n0:25328:25350 [2] NCCL INFO Connected all trees
x3005c0s25b1n0:36628:36655 [0] NCCL INFO Channel 00/0 : 28[7000] -> 24[7000] [send] via NET/AWS Libfabric/3
x3004c0s7b1n0:25327:25352 [1] NCCL INFO Connected all trees
x3004c0s7b1n0:25327:25352 [1] NCCL INFO MSCCL: Parsing algorithm /home/yuke/ncclPG/CCL-LYD/msccl_tools_lyd/examples/xml/xml_lyd/ring/allreduce_ring_node8_gpu32_mcl2_mck2_gan0.xml
x3004c0s7b1n0:25328:25350 [2] NCCL INFO MSCCL: Parsing algorithm /home/yuke/ncclPG/CCL-LYD/msccl_tools_lyd/examples/xml/xml_lyd/ring/allreduce_ring_node8_gpu32_mcl2_mck2_gan0.xml
x3005c0s19b0n0:46792:46818 [0] NCCL INFO Channel 00/0 : 24[7000] -> 16[7000] [send] via NET/AWS Libfabric/3
x3004c0s7b1n0:25328:25350 [2] NCCL INFO Parsed MSCCL Algorithm /home/yuke/ncclPG/CCL-LYD/msccl_tools_lyd/examples/xml/xml_lyd/ring/allreduce_ring_node8_gpu32_mcl2_mck2_gan0.xml successfully.
x3004c0s7b1n0:25327:25352 [1] NCCL INFO Parsed MSCCL Algorithm /home/yuke/ncclPG/CCL-LYD/msccl_tools_lyd/examples/xml/xml_lyd/ring/allreduce_ring_node8_gpu32_mcl2_mck2_gan0.xml successfully.
x3004c0s7b1n0:25327:25352 [1] NCCL INFO Connected 1 MSCCL algorithms
x3004c0s7b1n0:25327:25352 [1] NCCL INFO threadThresholds 8/8/64 | 256/8/64 | 8/8/64 | 8/8/512
x3004c0s7b1n0:25327:25352 [1] NCCL INFO 8 coll channels, 4 p2p channels, 2 p2p channels per peer
x3005c0s13b1n0:14260:14282 [3] NCCL INFO Channel 03/0 : 23[c7000] -> 19[c7000] [send] via NET/AWS Libfabric/1
x3004c0s37b1n0:44500:44522 [3] NCCL INFO Channel 01/0 : 15[c7000] -> 11[c7000] [receive] via NET/AWS Libfabric/1
x3004c0s37b0n0:45819:45841 [2] NCCL INFO Channel 00 : 6[85000] -> 5[46000] via P2P/IPC/read
x3004c0s37b0n0:45817:45844 [0] NCCL INFO Channel 00/0 : 9[46000] -> 4[7000] [receive] via NET/AWS Libfabric/3
x3005c0s13b1n0:14257:14284 [0] NCCL INFO Channel 02/0 : 20[7000] -> 16[7000] [send] via NET/AWS Libfabric/3
x3004c0s37b0n0:45819:45841 [2] NCCL INFO Channel 02 : 6[85000] -> 5[46000] via P2P/IPC/read
x3004c0s7b1n0:25326:25353 [0] NCCL INFO Channel 00/0 : 12[7000] -> 8[7000] [send] via NET/AWS Libfabric/3
x3004c0s7b1n0:25329:25351 [3] NCCL INFO Channel 03/0 : 15[c7000] -> 7[c7000] [send] via NET/AWS Libfabric/1
x3005c0s13b0n0:13089:13111 [2] NCCL INFO Channel 06/0 : 14[85000] -> 18[85000] [receive] via NET/AWS Libfabric/3
x3005c0s25b1n0:36631:36652 [3] NCCL INFO Channel 01/0 : 31[c7000] -> 27[c7000] [send] via NET/AWS Libfabric/1
x3005c0s13b0n0:13089:13111 [2] NCCL INFO Channel 07/0 : 14[85000] -> 18[85000] [receive] via NET/AWS Libfabric/3
x3005c0s13b0n0:13089:13111 [2] NCCL INFO Channel 06/0 : 18[85000] -> 22[85000] [send] via NET/AWS Libfabric/3
x3005c0s13b0n0:13089:13111 [2] NCCL INFO Channel 07/0 : 18[85000] -> 22[85000] [send] via NET/AWS Libfabric/3
x3005c0s19b0n0:46795:46815 [3] NCCL INFO Channel 01/0 : 27[c7000] -> 19[c7000] [send] via NET/AWS Libfabric/1
x3004c0s7b1n0:25326:25353 [0] NCCL INFO Connected all trees
x3004c0s7b1n0:25326:25353 [0] NCCL INFO MSCCL: Parsing algorithm /home/yuke/ncclPG/CCL-LYD/msccl_tools_lyd/examples/xml/xml_lyd/ring/allreduce_ring_node8_gpu32_mcl2_mck2_gan0.xml
x3005c0s13b0n0:13090:13112 [3] NCCL INFO Channel 01/0 : 3[c7000] -> 19[c7000] [receive] via NET/AWS Libfabric/1
x3004c0s7b1n0:25326:25353 [0] NCCL INFO Parsed MSCCL Algorithm /home/yuke/ncclPG/CCL-LYD/msccl_tools_lyd/examples/xml/xml_lyd/ring/allreduce_ring_node8_gpu32_mcl2_mck2_gan0.xml successfully.
x3004c0s7b1n0:25328:25350 [2] NCCL INFO Channel 06/0 : 10[85000] -> 14[85000] [receive] via NET/AWS Libfabric/3
x3004c0s7b1n0:25326:25353 [0] NCCL INFO Channel 03 : 12[7000] -> 15[c7000] via P2P/IPC/read
x3004c0s7b1n0:25329:25351 [3] NCCL INFO Channel 01/0 : 15[c7000] -> 11[c7000] [send] via NET/AWS Libfabric/1
x3004c0s7b1n0:25329:25351 [3] NCCL INFO Connected all trees
x3004c0s7b1n0:25329:25351 [3] NCCL INFO MSCCL: Parsing algorithm /home/yuke/ncclPG/CCL-LYD/msccl_tools_lyd/examples/xml/xml_lyd/ring/allreduce_ring_node8_gpu32_mcl2_mck2_gan0.xml
x3004c0s37b1n0:44497:44523 [0] NCCL INFO Channel 02/0 : 8[7000] -> 5[46000] [send] via NET/AWS Libfabric/3
x3005c0s13b0n0:13087:13114 [0] NCCL INFO Channel 00/0 : 24[7000] -> 16[7000] [receive] via NET/AWS Libfabric/3
x3005c0s13b0n0:13090:13112 [3] NCCL INFO Channel 01/0 : 19[c7000] -> 3[c7000] [send] via NET/AWS Libfabric/1
x3004c0s7b1n0:25328:25350 [2] NCCL INFO Channel 07/0 : 10[85000] -> 14[85000] [receive] via NET/AWS Libfabric/3
x3004c0s7b1n0:25329:25351 [3] NCCL INFO Parsed MSCCL Algorithm /home/yuke/ncclPG/CCL-LYD/msccl_tools_lyd/examples/xml/xml_lyd/ring/allreduce_ring_node8_gpu32_mcl2_mck2_gan0.xml successfully.
x3004c0s37b1n0:44497:44523 [0] NCCL INFO Connected all trees
x3004c0s37b1n0:44497:44523 [0] NCCL INFO MSCCL: Parsing algorithm /home/yuke/ncclPG/CCL-LYD/msccl_tools_lyd/examples/xml/xml_lyd/ring/allreduce_ring_node8_gpu32_mcl2_mck2_gan0.xml
x3004c0s37b0n0:45817:45844 [0] NCCL INFO Channel 02/0 : 4[7000] -> 0[7000] [send] via NET/AWS Libfabric/3
x3004c0s31b1n0:15153:15177 [0] NCCL INFO Channel 02/0 : 4[7000] -> 0[7000] [receive] via NET/AWS Libfabric/3
x3004c0s37b1n0:44500:44522 [3] NCCL INFO Connected all trees
x3004c0s37b1n0:44500:44522 [3] NCCL INFO MSCCL: Parsing algorithm /home/yuke/ncclPG/CCL-LYD/msccl_tools_lyd/examples/xml/xml_lyd/ring/allreduce_ring_node8_gpu32_mcl2_mck2_gan0.xml
x3004c0s37b1n0:44497:44523 [0] NCCL INFO Parsed MSCCL Algorithm /home/yuke/ncclPG/CCL-LYD/msccl_tools_lyd/examples/xml/xml_lyd/ring/allreduce_ring_node8_gpu32_mcl2_mck2_gan0.xml successfully.
x3004c0s37b1n0:44497:44523 [0] NCCL INFO Channel 03 : 8[7000] -> 11[c7000] via P2P/IPC/read
x3004c0s37b1n0:44500:44522 [3] NCCL INFO Parsed MSCCL Algorithm /home/yuke/ncclPG/CCL-LYD/msccl_tools_lyd/examples/xml/xml_lyd/ring/allreduce_ring_node8_gpu32_mcl2_mck2_gan0.xml successfully.
x3004c0s37b0n0:45817:45844 [0] NCCL INFO Connected all trees
x3004c0s37b0n0:45817:45844 [0] NCCL INFO MSCCL: Parsing algorithm /home/yuke/ncclPG/CCL-LYD/msccl_tools_lyd/examples/xml/xml_lyd/ring/allreduce_ring_node8_gpu32_mcl2_mck2_gan0.xml
x3004c0s37b0n0:45820:45842 [3] NCCL INFO Channel 03/0 : 7[c7000] -> 3[c7000] [send] via NET/AWS Libfabric/1
x3004c0s7b1n0:25329:25351 [3] NCCL INFO Channel 02 : 15[c7000] -> 12[7000] via P2P/IPC/read
x3004c0s31b1n0:15153:15177 [0] NCCL INFO Connected all trees
x3004c0s31b1n0:15153:15177 [0] NCCL INFO MSCCL: Parsing algorithm /home/yuke/ncclPG/CCL-LYD/msccl_tools_lyd/examples/xml/xml_lyd/ring/allreduce_ring_node8_gpu32_mcl2_mck2_gan0.xml
x3004c0s37b0n0:45817:45844 [0] NCCL INFO Parsed MSCCL Algorithm /home/yuke/ncclPG/CCL-LYD/msccl_tools_lyd/examples/xml/xml_lyd/ring/allreduce_ring_node8_gpu32_mcl2_mck2_gan0.xml successfully.
x3004c0s31b1n0:15153:15177 [0] NCCL INFO Parsed MSCCL Algorithm /home/yuke/ncclPG/CCL-LYD/msccl_tools_lyd/examples/xml/xml_lyd/ring/allreduce_ring_node8_gpu32_mcl2_mck2_gan0.xml successfully.
x3004c0s37b0n0:45817:45844 [0] NCCL INFO Channel 03 : 4[7000] -> 7[c7000] via P2P/IPC/read
x3004c0s31b1n0:15153:15177 [0] NCCL INFO Channel 03 : 0[7000] -> 3[c7000] via P2P/IPC/read
x3004c0s37b1n0:44500:44522 [3] NCCL INFO Channel 02 : 11[c7000] -> 8[7000] via P2P/IPC/read
x3004c0s7b1n0:25329:25351 [3] NCCL INFO Channel 03 : 15[c7000] -> 12[7000] via P2P/IPC/read
x3004c0s7b1n0:25328:25350 [2] NCCL INFO Channel 06/0 : 14[85000] -> 18[85000] [send] via NET/AWS Libfabric/3
x3005c0s19b0n0:46792:46818 [0] NCCL INFO Channel 00/0 : 28[7000] -> 24[7000] [receive] via NET/AWS Libfabric/3
x3004c0s7b1n0:25328:25350 [2] NCCL INFO Channel 07/0 : 14[85000] -> 18[85000] [send] via NET/AWS Libfabric/3
x3004c0s37b0n0:45818:45843 [1] NCCL INFO Connected all trees
x3004c0s37b0n0:45818:45843 [1] NCCL INFO MSCCL: Parsing algorithm /home/yuke/ncclPG/CCL-LYD/msccl_tools_lyd/examples/xml/xml_lyd/ring/allreduce_ring_node8_gpu32_mcl2_mck2_gan0.xml
x3004c0s37b0n0:45819:45841 [2] NCCL INFO Connected all trees
x3004c0s37b0n0:45819:45841 [2] NCCL INFO MSCCL: Parsing algorithm /home/yuke/ncclPG/CCL-LYD/msccl_tools_lyd/examples/xml/xml_lyd/ring/allreduce_ring_node8_gpu32_mcl2_mck2_gan0.xml
x3005c0s13b0n0:13087:13114 [0] NCCL INFO Channel 02/0 : 20[7000] -> 16[7000] [receive] via NET/AWS Libfabric/3
x3004c0s37b1n0:44500:44522 [3] NCCL INFO Channel 03 : 11[c7000] -> 8[7000] via P2P/IPC/read
x3004c0s37b0n0:45818:45843 [1] NCCL INFO Parsed MSCCL Algorithm /home/yuke/ncclPG/CCL-LYD/msccl_tools_lyd/examples/xml/xml_lyd/ring/allreduce_ring_node8_gpu32_mcl2_mck2_gan0.xml successfully.
x3004c0s37b0n0:45819:45841 [2] NCCL INFO Parsed MSCCL Algorithm /home/yuke/ncclPG/CCL-LYD/msccl_tools_lyd/examples/xml/xml_lyd/ring/allreduce_ring_node8_gpu32_mcl2_mck2_gan0.xml successfully.
x3004c0s37b0n0:45818:45843 [1] NCCL INFO Connected 1 MSCCL algorithms
x3004c0s7b1n0:25326:25353 [0] NCCL INFO Channel 04/0 : 8[7000] -> 12[7000] [receive] via NET/AWS Libfabric/3
x3004c0s37b0n0:45818:45843 [1] NCCL INFO threadThresholds 8/8/64 | 256/8/64 | 8/8/64 | 8/8/512
x3004c0s37b0n0:45818:45843 [1] NCCL INFO 8 coll channels, 4 p2p channels, 2 p2p channels per peer
x3005c0s25b1n0:36628:36655 [0] NCCL INFO Connected all trees
x3005c0s25b1n0:36628:36655 [0] NCCL INFO MSCCL: Parsing algorithm /home/yuke/ncclPG/CCL-LYD/msccl_tools_lyd/examples/xml/xml_lyd/ring/allreduce_ring_node8_gpu32_mcl2_mck2_gan0.xml
x3005c0s25b1n0:36628:36655 [0] NCCL INFO Parsed MSCCL Algorithm /home/yuke/ncclPG/CCL-LYD/msccl_tools_lyd/examples/xml/xml_lyd/ring/allreduce_ring_node8_gpu32_mcl2_mck2_gan0.xml successfully.
x3005c0s25b1n0:36628:36655 [0] NCCL INFO Channel 03 : 28[7000] -> 31[c7000] via P2P/IPC/read
x3004c0s7b1n0:25326:25353 [0] NCCL INFO Channel 05/0 : 8[7000] -> 12[7000] [receive] via NET/AWS Libfabric/3
x3005c0s13b0n0:13090:13112 [3] NCCL INFO Channel 01/0 : 27[c7000] -> 19[c7000] [receive] via NET/AWS Libfabric/1
x3005c0s13b1n0:14257:14284 [0] NCCL INFO Connected all trees
x3004c0s31b1n0:15156:15178 [3] NCCL INFO Channel 03/0 : 7[c7000] -> 3[c7000] [receive] via NET/AWS Libfabric/1
x3005c0s13b1n0:14257:14284 [0] NCCL INFO MSCCL: Parsing algorithm /home/yuke/ncclPG/CCL-LYD/msccl_tools_lyd/examples/xml/xml_lyd/ring/allreduce_ring_node8_gpu32_mcl2_mck2_gan0.xml
x3004c0s37b1n0:44497:44523 [0] NCCL INFO Channel 04/0 : 4[7000] -> 8[7000] [receive] via NET/AWS Libfabric/3
x3005c0s19b0n0:46795:46815 [3] NCCL INFO Channel 03/0 : 27[c7000] -> 22[85000] [send] via NET/AWS Libfabric/1
x3004c0s37b0n0:45819:45841 [2] NCCL INFO Channel 06/0 : 2[85000] -> 6[85000] [receive] via NET/AWS Libfabric/3
x3004c0s37b0n0:45819:45841 [2] NCCL INFO Channel 07/0 : 2[85000] -> 6[85000] [receive] via NET/AWS Libfabric/3
x3004c0s37b0n0:45819:45841 [2] NCCL INFO Channel 06/0 : 6[85000] -> 10[85000] [send] via NET/AWS Libfabric/3
x3004c0s37b0n0:45819:45841 [2] NCCL INFO Channel 07/0 : 6[85000] -> 10[85000] [send] via NET/AWS Libfabric/3
x3005c0s13b1n0:14257:14284 [0] NCCL INFO Parsed MSCCL Algorithm /home/yuke/ncclPG/CCL-LYD/msccl_tools_lyd/examples/xml/xml_lyd/ring/allreduce_ring_node8_gpu32_mcl2_mck2_gan0.xml successfully.
x3005c0s13b0n0:13087:13114 [0] NCCL INFO Connected all trees
x3005c0s13b0n0:13087:13114 [0] NCCL INFO MSCCL: Parsing algorithm /home/yuke/ncclPG/CCL-LYD/msccl_tools_lyd/examples/xml/xml_lyd/ring/allreduce_ring_node8_gpu32_mcl2_mck2_gan0.xml
x3005c0s13b1n0:14257:14284 [0] NCCL INFO Channel 03 : 20[7000] -> 23[c7000] via P2P/IPC/read
x3005c0s13b0n0:13087:13114 [0] NCCL INFO Parsed MSCCL Algorithm /home/yuke/ncclPG/CCL-LYD/msccl_tools_lyd/examples/xml/xml_lyd/ring/allreduce_ring_node8_gpu32_mcl2_mck2_gan0.xml successfully.
x3005c0s13b0n0:13087:13114 [0] NCCL INFO Channel 03 : 16[7000] -> 19[c7000] via P2P/IPC/read
x3004c0s31b1n0:15156:15178 [3] NCCL INFO Connected all trees
x3004c0s31b1n0:15156:15178 [3] NCCL INFO MSCCL: Parsing algorithm /home/yuke/ncclPG/CCL-LYD/msccl_tools_lyd/examples/xml/xml_lyd/ring/allreduce_ring_node8_gpu32_mcl2_mck2_gan0.xml
x3004c0s37b1n0:44497:44523 [0] NCCL INFO Channel 05/0 : 4[7000] -> 8[7000] [receive] via NET/AWS Libfabric/3
x3004c0s31b1n0:15156:15178 [3] NCCL INFO Parsed MSCCL Algorithm /home/yuke/ncclPG/CCL-LYD/msccl_tools_lyd/examples/xml/xml_lyd/ring/allreduce_ring_node8_gpu32_mcl2_mck2_gan0.xml successfully.
x3005c0s13b1n0:14259:14283 [2] NCCL INFO Channel 00 : 22[85000] -> 21[46000] via P2P/IPC/read
x3004c0s31b1n0:15156:15178 [3] NCCL INFO Channel 02 : 3[c7000] -> 0[7000] via P2P/IPC/read
x3005c0s19b0n0:46792:46818 [0] NCCL INFO Channel 02/0 : 24[7000] -> 21[46000] [send] via NET/AWS Libfabric/3
x3005c0s19b0n0:46795:46815 [3] NCCL INFO Channel 01/0 : 31[c7000] -> 27[c7000] [receive] via NET/AWS Libfabric/1
x3005c0s19b0n0:46792:46818 [0] NCCL INFO Connected all trees
x3004c0s7b1n0:25326:25353 [0] NCCL INFO Channel 04/0 : 12[7000] -> 16[7000] [send] via NET/AWS Libfabric/3
x3005c0s19b0n0:46792:46818 [0] NCCL INFO MSCCL: Parsing algorithm /home/yuke/ncclPG/CCL-LYD/msccl_tools_lyd/examples/xml/xml_lyd/ring/allreduce_ring_node8_gpu32_mcl2_mck2_gan0.xml
x3005c0s13b1n0:14259:14283 [2] NCCL INFO Channel 02 : 22[85000] -> 21[46000] via P2P/IPC/read
x3005c0s19b0n0:46792:46818 [0] NCCL INFO Parsed MSCCL Algorithm /home/yuke/ncclPG/CCL-LYD/msccl_tools_lyd/examples/xml/xml_lyd/ring/allreduce_ring_node8_gpu32_mcl2_mck2_gan0.xml successfully.
x3005c0s25b1n0:36631:36652 [3] NCCL INFO Connected all trees
x3005c0s25b1n0:36631:36652 [3] NCCL INFO MSCCL: Parsing algorithm /home/yuke/ncclPG/CCL-LYD/msccl_tools_lyd/examples/xml/xml_lyd/ring/allreduce_ring_node8_gpu32_mcl2_mck2_gan0.xml
x3004c0s31b1n0:15156:15178 [3] NCCL INFO Channel 03 : 3[c7000] -> 0[7000] via P2P/IPC/read
x3005c0s19b0n0:46792:46818 [0] NCCL INFO Channel 03 : 24[7000] -> 27[c7000] via P2P/IPC/read
x3005c0s19b0n0:46795:46815 [3] NCCL INFO Connected all trees
x3005c0s19b0n0:46795:46815 [3] NCCL INFO MSCCL: Parsing algorithm /home/yuke/ncclPG/CCL-LYD/msccl_tools_lyd/examples/xml/xml_lyd/ring/allreduce_ring_node8_gpu32_mcl2_mck2_gan0.xml
x3005c0s13b0n0:13090:13112 [3] NCCL INFO Channel 03/0 : 23[c7000] -> 19[c7000] [receive] via NET/AWS Libfabric/1
x3005c0s25b1n0:36631:36652 [3] NCCL INFO Parsed MSCCL Algorithm /home/yuke/ncclPG/CCL-LYD/msccl_tools_lyd/examples/xml/xml_lyd/ring/allreduce_ring_node8_gpu32_mcl2_mck2_gan0.xml successfully.
x3004c0s37b1n0:44497:44523 [0] NCCL INFO Channel 04/0 : 8[7000] -> 12[7000] [send] via NET/AWS Libfabric/3
x3004c0s7b1n0:25326:25353 [0] NCCL INFO Channel 05/0 : 12[7000] -> 16[7000] [send] via NET/AWS Libfabric/3
x3005c0s19b0n0:46795:46815 [3] NCCL INFO Parsed MSCCL Algorithm /home/yuke/ncclPG/CCL-LYD/msccl_tools_lyd/examples/xml/xml_lyd/ring/allreduce_ring_node8_gpu32_mcl2_mck2_gan0.xml successfully.
x3004c0s37b0n0:45820:45842 [3] NCCL INFO Channel 01/0 : 10[85000] -> 7[c7000] [receive] via NET/AWS Libfabric/1
x3004c0s31b1n0:15153:15177 [0] NCCL INFO Channel 04/0 : 28[7000] -> 0[7000] [receive] via NET/AWS Libfabric/3
x3004c0s37b1n0:44497:44523 [0] NCCL INFO Channel 05/0 : 8[7000] -> 12[7000] [send] via NET/AWS Libfabric/3
x3005c0s13b0n0:13090:13112 [3] NCCL INFO Connected all trees
x3005c0s13b0n0:13090:13112 [3] NCCL INFO MSCCL: Parsing algorithm /home/yuke/ncclPG/CCL-LYD/msccl_tools_lyd/examples/xml/xml_lyd/ring/allreduce_ring_node8_gpu32_mcl2_mck2_gan0.xml
x3005c0s25b1n0:36631:36652 [3] NCCL INFO Channel 02 : 31[c7000] -> 28[7000] via P2P/IPC/read
x3005c0s13b0n0:13090:13112 [3] NCCL INFO Parsed MSCCL Algorithm /home/yuke/ncclPG/CCL-LYD/msccl_tools_lyd/examples/xml/xml_lyd/ring/allreduce_ring_node8_gpu32_mcl2_mck2_gan0.xml successfully.
x3005c0s13b1n0:14259:14283 [2] NCCL INFO Connected all trees
x3005c0s13b1n0:14259:14283 [2] NCCL INFO MSCCL: Parsing algorithm /home/yuke/ncclPG/CCL-LYD/msccl_tools_lyd/examples/xml/xml_lyd/ring/allreduce_ring_node8_gpu32_mcl2_mck2_gan0.xml
x3005c0s13b1n0:14258:14281 [1] NCCL INFO Connected all trees
x3005c0s13b1n0:14258:14281 [1] NCCL INFO MSCCL: Parsing algorithm /home/yuke/ncclPG/CCL-LYD/msccl_tools_lyd/examples/xml/xml_lyd/ring/allreduce_ring_node8_gpu32_mcl2_mck2_gan0.xml
x3005c0s13b1n0:14259:14283 [2] NCCL INFO Parsed MSCCL Algorithm /home/yuke/ncclPG/CCL-LYD/msccl_tools_lyd/examples/xml/xml_lyd/ring/allreduce_ring_node8_gpu32_mcl2_mck2_gan0.xml successfully.
x3005c0s13b1n0:14258:14281 [1] NCCL INFO Parsed MSCCL Algorithm /home/yuke/ncclPG/CCL-LYD/msccl_tools_lyd/examples/xml/xml_lyd/ring/allreduce_ring_node8_gpu32_mcl2_mck2_gan0.xml successfully.
x3005c0s13b1n0:14258:14281 [1] NCCL INFO Connected 1 MSCCL algorithms
x3005c0s13b1n0:14258:14281 [1] NCCL INFO threadThresholds 8/8/64 | 256/8/64 | 8/8/64 | 8/8/512
x3005c0s13b1n0:14258:14281 [1] NCCL INFO 8 coll channels, 4 p2p channels, 2 p2p channels per peer
x3004c0s31b1n0:15153:15177 [0] NCCL INFO Channel 05/0 : 28[7000] -> 0[7000] [receive] via NET/AWS Libfabric/3
x3005c0s19b0n0:46795:46815 [3] NCCL INFO Channel 02 : 27[c7000] -> 24[7000] via P2P/IPC/read
x3004c0s37b1n0:44499:44524 [2] NCCL INFO Channel 00 : 10[85000] -> 9[46000] via P2P/IPC/read
x3005c0s25b1n0:36628:36655 [0] NCCL INFO Channel 04/0 : 24[7000] -> 28[7000] [receive] via NET/AWS Libfabric/3
x3005c0s25b1n0:36631:36652 [3] NCCL INFO Channel 03 : 31[c7000] -> 28[7000] via P2P/IPC/read
x3004c0s37b0n0:45820:45842 [3] NCCL INFO Connected all trees
x3004c0s37b0n0:45820:45842 [3] NCCL INFO MSCCL: Parsing algorithm /home/yuke/ncclPG/CCL-LYD/msccl_tools_lyd/examples/xml/xml_lyd/ring/allreduce_ring_node8_gpu32_mcl2_mck2_gan0.xml
x3005c0s19b0n0:46795:46815 [3] NCCL INFO Channel 03 : 27[c7000] -> 24[7000] via P2P/IPC/read
x3004c0s37b0n0:45820:45842 [3] NCCL INFO Parsed MSCCL Algorithm /home/yuke/ncclPG/CCL-LYD/msccl_tools_lyd/examples/xml/xml_lyd/ring/allreduce_ring_node8_gpu32_mcl2_mck2_gan0.xml successfully.
x3004c0s37b1n0:44499:44524 [2] NCCL INFO Channel 02 : 10[85000] -> 9[46000] via P2P/IPC/read
x3005c0s13b0n0:13090:13112 [3] NCCL INFO Channel 02 : 19[c7000] -> 16[7000] via P2P/IPC/read
x3005c0s13b1n0:14259:14283 [2] NCCL INFO Channel 06/0 : 18[85000] -> 22[85000] [receive] via NET/AWS Libfabric/3
x3005c0s13b0n0:13090:13112 [3] NCCL INFO Channel 03 : 19[c7000] -> 16[7000] via P2P/IPC/read
x3005c0s13b1n0:14260:14282 [3] NCCL INFO Channel 01/0 : 26[85000] -> 23[c7000] [receive] via NET/AWS Libfabric/1
x3004c0s37b0n0:45820:45842 [3] NCCL INFO Channel 02 : 7[c7000] -> 4[7000] via P2P/IPC/read
x3004c0s37b1n0:44499:44524 [2] NCCL INFO Connected all trees
x3004c0s37b1n0:44499:44524 [2] NCCL INFO MSCCL: Parsing algorithm /home/yuke/ncclPG/CCL-LYD/msccl_tools_lyd/examples/xml/xml_lyd/ring/allreduce_ring_node8_gpu32_mcl2_mck2_gan0.xml
x3004c0s37b1n0:44498:44521 [1] NCCL INFO Connected all trees
x3004c0s37b1n0:44498:44521 [1] NCCL INFO MSCCL: Parsing algorithm /home/yuke/ncclPG/CCL-LYD/msccl_tools_lyd/examples/xml/xml_lyd/ring/allreduce_ring_node8_gpu32_mcl2_mck2_gan0.xml
x3004c0s31b1n0:15153:15177 [0] NCCL INFO Channel 04/0 : 0[7000] -> 4[7000] [send] via NET/AWS Libfabric/3
x3004c0s37b1n0:44498:44521 [1] NCCL INFO Parsed MSCCL Algorithm /home/yuke/ncclPG/CCL-LYD/msccl_tools_lyd/examples/xml/xml_lyd/ring/allreduce_ring_node8_gpu32_mcl2_mck2_gan0.xml successfully.
x3004c0s37b1n0:44499:44524 [2] NCCL INFO Parsed MSCCL Algorithm /home/yuke/ncclPG/CCL-LYD/msccl_tools_lyd/examples/xml/xml_lyd/ring/allreduce_ring_node8_gpu32_mcl2_mck2_gan0.xml successfully.
x3004c0s37b1n0:44498:44521 [1] NCCL INFO Connected 1 MSCCL algorithms
x3004c0s37b1n0:44498:44521 [1] NCCL INFO threadThresholds 8/8/64 | 256/8/64 | 8/8/64 | 8/8/512
x3004c0s37b1n0:44498:44521 [1] NCCL INFO 8 coll channels, 4 p2p channels, 2 p2p channels per peer
x3005c0s19b0n0:46792:46818 [0] NCCL INFO Channel 04/0 : 20[7000] -> 24[7000] [receive] via NET/AWS Libfabric/3
x3005c0s13b0n0:13087:13114 [0] NCCL INFO Channel 04/0 : 12[7000] -> 16[7000] [receive] via NET/AWS Libfabric/3
x3005c0s19b0n0:46794:46816 [2] NCCL INFO Channel 00 : 26[85000] -> 25[46000] via P2P/IPC/read
x3004c0s37b0n0:45820:45842 [3] NCCL INFO Channel 03 : 7[c7000] -> 4[7000] via P2P/IPC/read
x3004c0s31b1n0:15153:15177 [0] NCCL INFO Channel 05/0 : 0[7000] -> 4[7000] [send] via NET/AWS Libfabric/3
x3004c0s37b0n0:45817:45844 [0] NCCL INFO Channel 04/0 : 0[7000] -> 4[7000] [receive] via NET/AWS Libfabric/3
x3005c0s13b1n0:14260:14282 [3] NCCL INFO Connected all trees
x3005c0s13b1n0:14260:14282 [3] NCCL INFO MSCCL: Parsing algorithm /home/yuke/ncclPG/CCL-LYD/msccl_tools_lyd/examples/xml/xml_lyd/ring/allreduce_ring_node8_gpu32_mcl2_mck2_gan0.xml
x3005c0s19b0n0:46792:46818 [0] NCCL INFO Channel 05/0 : 20[7000] -> 24[7000] [receive] via NET/AWS Libfabric/3
x3005c0s19b0n0:46794:46816 [2] NCCL INFO Channel 02 : 26[85000] -> 25[46000] via P2P/IPC/read
x3005c0s19b0n0:46794:46816 [2] NCCL INFO Connected all trees
x3005c0s19b0n0:46794:46816 [2] NCCL INFO MSCCL: Parsing algorithm /home/yuke/ncclPG/CCL-LYD/msccl_tools_lyd/examples/xml/xml_lyd/ring/allreduce_ring_node8_gpu32_mcl2_mck2_gan0.xml
x3005c0s19b0n0:46793:46817 [1] NCCL INFO Connected all trees
x3005c0s19b0n0:46793:46817 [1] NCCL INFO MSCCL: Parsing algorithm /home/yuke/ncclPG/CCL-LYD/msccl_tools_lyd/examples/xml/xml_lyd/ring/allreduce_ring_node8_gpu32_mcl2_mck2_gan0.xml
x3005c0s13b1n0:14260:14282 [3] NCCL INFO Parsed MSCCL Algorithm /home/yuke/ncclPG/CCL-LYD/msccl_tools_lyd/examples/xml/xml_lyd/ring/allreduce_ring_node8_gpu32_mcl2_mck2_gan0.xml successfully.
x3005c0s13b1n0:14259:14283 [2] NCCL INFO Channel 07/0 : 18[85000] -> 22[85000] [receive] via NET/AWS Libfabric/3
x3004c0s37b0n0:45817:45844 [0] NCCL INFO Channel 05/0 : 0[7000] -> 4[7000] [receive] via NET/AWS Libfabric/3
x3005c0s13b0n0:13087:13114 [0] NCCL INFO Channel 05/0 : 12[7000] -> 16[7000] [receive] via NET/AWS Libfabric/3
x3005c0s25b1n0:36628:36655 [0] NCCL INFO Channel 05/0 : 24[7000] -> 28[7000] [receive] via NET/AWS Libfabric/3
x3005c0s19b0n0:46793:46817 [1] NCCL INFO Parsed MSCCL Algorithm /home/yuke/ncclPG/CCL-LYD/msccl_tools_lyd/examples/xml/xml_lyd/ring/allreduce_ring_node8_gpu32_mcl2_mck2_gan0.xml successfully.
x3005c0s19b0n0:46793:46817 [1] NCCL INFO Connected 1 MSCCL algorithms
x3005c0s19b0n0:46793:46817 [1] NCCL INFO threadThresholds 8/8/64 | 256/8/64 | 8/8/64 | 8/8/512
x3005c0s19b0n0:46793:46817 [1] NCCL INFO 8 coll channels, 4 p2p channels, 2 p2p channels per peer
x3005c0s19b0n0:46794:46816 [2] NCCL INFO Parsed MSCCL Algorithm /home/yuke/ncclPG/CCL-LYD/msccl_tools_lyd/examples/xml/xml_lyd/ring/allreduce_ring_node8_gpu32_mcl2_mck2_gan0.xml successfully.
x3005c0s13b1n0:14259:14283 [2] NCCL INFO Channel 06/0 : 22[85000] -> 26[85000] [send] via NET/AWS Libfabric/3
x3005c0s25b1n0:36628:36655 [0] NCCL INFO Channel 04/0 : 28[7000] -> 0[7000] [send] via NET/AWS Libfabric/3
x3005c0s13b1n0:14260:14282 [3] NCCL INFO Channel 02 : 23[c7000] -> 20[7000] via P2P/IPC/read
x3004c0s37b0n0:45817:45844 [0] NCCL INFO Channel 04/0 : 4[7000] -> 8[7000] [send] via NET/AWS Libfabric/3
x3005c0s19b0n0:46792:46818 [0] NCCL INFO Channel 04/0 : 24[7000] -> 28[7000] [send] via NET/AWS Libfabric/3
x3004c0s37b1n0:44499:44524 [2] NCCL INFO Channel 06/0 : 6[85000] -> 10[85000] [receive] via NET/AWS Libfabric/3
x3005c0s13b0n0:13087:13114 [0] NCCL INFO Channel 04/0 : 16[7000] -> 20[7000] [send] via NET/AWS Libfabric/3
x3005c0s19b0n0:46792:46818 [0] NCCL INFO Channel 05/0 : 24[7000] -> 28[7000] [send] via NET/AWS Libfabric/3
x3005c0s13b1n0:14260:14282 [3] NCCL INFO Channel 03 : 23[c7000] -> 20[7000] via P2P/IPC/read
x3004c0s37b1n0:44499:44524 [2] NCCL INFO Channel 07/0 : 6[85000] -> 10[85000] [receive] via NET/AWS Libfabric/3
x3005c0s13b1n0:14259:14283 [2] NCCL INFO Channel 07/0 : 22[85000] -> 26[85000] [send] via NET/AWS Libfabric/3
x3005c0s19b0n0:46794:46816 [2] NCCL INFO Channel 06/0 : 22[85000] -> 26[85000] [receive] via NET/AWS Libfabric/3
x3005c0s13b1n0:14257:14284 [0] NCCL INFO Channel 04/0 : 16[7000] -> 20[7000] [receive] via NET/AWS Libfabric/3
x3005c0s13b0n0:13087:13114 [0] NCCL INFO Channel 05/0 : 16[7000] -> 20[7000] [send] via NET/AWS Libfabric/3
x3005c0s25b1n0:36628:36655 [0] NCCL INFO Channel 05/0 : 28[7000] -> 0[7000] [send] via NET/AWS Libfabric/3
x3004c0s37b0n0:45817:45844 [0] NCCL INFO Channel 05/0 : 4[7000] -> 8[7000] [send] via NET/AWS Libfabric/3
x3004c0s37b1n0:44499:44524 [2] NCCL INFO Channel 06/0 : 10[85000] -> 14[85000] [send] via NET/AWS Libfabric/3
x3005c0s13b1n0:14257:14284 [0] NCCL INFO Channel 05/0 : 16[7000] -> 20[7000] [receive] via NET/AWS Libfabric/3
x3005c0s19b0n0:46794:46816 [2] NCCL INFO Channel 07/0 : 22[85000] -> 26[85000] [receive] via NET/AWS Libfabric/3
x3004c0s37b1n0:44499:44524 [2] NCCL INFO Channel 07/0 : 10[85000] -> 14[85000] [send] via NET/AWS Libfabric/3
x3005c0s19b0n0:46794:46816 [2] NCCL INFO Channel 06/0 : 26[85000] -> 30[85000] [send] via NET/AWS Libfabric/3
x3005c0s13b1n0:14257:14284 [0] NCCL INFO Channel 04/0 : 20[7000] -> 24[7000] [send] via NET/AWS Libfabric/3
x3005c0s19b0n0:46794:46816 [2] NCCL INFO Channel 07/0 : 26[85000] -> 30[85000] [send] via NET/AWS Libfabric/3
x3004c0s7b1n0:25328:25350 [2] NCCL INFO Connected 1 MSCCL algorithms
x3004c0s7b1n0:25328:25350 [2] NCCL INFO threadThresholds 8/8/64 | 256/8/64 | 8/8/64 | 8/8/512
x3004c0s7b1n0:25328:25350 [2] NCCL INFO 8 coll channels, 4 p2p channels, 2 p2p channels per peer
x3004c0s37b0n0:45819:45841 [2] NCCL INFO Connected 1 MSCCL algorithms
x3004c0s37b0n0:45819:45841 [2] NCCL INFO threadThresholds 8/8/64 | 256/8/64 | 8/8/64 | 8/8/512
x3004c0s37b0n0:45819:45841 [2] NCCL INFO 8 coll channels, 4 p2p channels, 2 p2p channels per peer
x3004c0s31b1n0:15153:15177 [0] NCCL INFO Connected 1 MSCCL algorithms
x3004c0s31b1n0:15153:15177 [0] NCCL INFO threadThresholds 8/8/64 | 256/8/64 | 8/8/64 | 8/8/512
x3004c0s31b1n0:15153:15177 [0] NCCL INFO 8 coll channels, 4 p2p channels, 2 p2p channels per peer
x3004c0s31b1n0:15156:15178 [3] NCCL INFO Connected 1 MSCCL algorithms
x3004c0s31b1n0:15156:15178 [3] NCCL INFO threadThresholds 8/8/64 | 256/8/64 | 8/8/64 | 8/8/512
x3004c0s31b1n0:15156:15178 [3] NCCL INFO 8 coll channels, 4 p2p channels, 2 p2p channels per peer
x3005c0s13b0n0:13089:13111 [2] NCCL INFO Connected 1 MSCCL algorithms
x3005c0s13b0n0:13089:13111 [2] NCCL INFO threadThresholds 8/8/64 | 256/8/64 | 8/8/64 | 8/8/512
x3005c0s13b0n0:13089:13111 [2] NCCL INFO 8 coll channels, 4 p2p channels, 2 p2p channels per peer
x3004c0s37b1n0:44499:44524 [2] NCCL INFO Connected 1 MSCCL algorithms
x3004c0s37b1n0:44499:44524 [2] NCCL INFO threadThresholds 8/8/64 | 256/8/64 | 8/8/64 | 8/8/512
x3004c0s37b1n0:44499:44524 [2] NCCL INFO 8 coll channels, 4 p2p channels, 2 p2p channels per peer
x3004c0s37b0n0:45820:45842 [3] NCCL INFO Connected 1 MSCCL algorithms
x3004c0s37b0n0:45820:45842 [3] NCCL INFO threadThresholds 8/8/64 | 256/8/64 | 8/8/64 | 8/8/512
x3004c0s37b0n0:45820:45842 [3] NCCL INFO 8 coll channels, 4 p2p channels, 2 p2p channels per peer
x3004c0s37b0n0:45817:45844 [0] NCCL INFO Connected 1 MSCCL algorithms
x3004c0s37b0n0:45817:45844 [0] NCCL INFO threadThresholds 8/8/64 | 256/8/64 | 8/8/64 | 8/8/512
x3004c0s37b0n0:45817:45844 [0] NCCL INFO 8 coll channels, 4 p2p channels, 2 p2p channels per peer
x3005c0s13b1n0:14257:14284 [0] NCCL INFO Channel 05/0 : 20[7000] -> 24[7000] [send] via NET/AWS Libfabric/3
x3004c0s37b1n0:44497:44523 [0] NCCL INFO Connected 1 MSCCL algorithms
x3004c0s37b1n0:44497:44523 [0] NCCL INFO threadThresholds 8/8/64 | 256/8/64 | 8/8/64 | 8/8/512
x3004c0s37b1n0:44497:44523 [0] NCCL INFO 8 coll channels, 4 p2p channels, 2 p2p channels per peer
x3004c0s37b1n0:44500:44522 [3] NCCL INFO Connected 1 MSCCL algorithms
x3004c0s37b1n0:44500:44522 [3] NCCL INFO threadThresholds 8/8/64 | 256/8/64 | 8/8/64 | 8/8/512
x3004c0s37b1n0:44500:44522 [3] NCCL INFO 8 coll channels, 4 p2p channels, 2 p2p channels per peer
x3004c0s31b1n0:15155:15179 [2] NCCL INFO Connected 1 MSCCL algorithms
x3004c0s31b1n0:15155:15179 [2] NCCL INFO threadThresholds 8/8/64 | 256/8/64 | 8/8/64 | 8/8/512
x3004c0s31b1n0:15155:15179 [2] NCCL INFO 8 coll channels, 4 p2p channels, 2 p2p channels per peer
x3005c0s25b1n0:36630:36653 [2] NCCL INFO Connected 1 MSCCL algorithms
x3005c0s25b1n0:36630:36653 [2] NCCL INFO threadThresholds 8/8/64 | 256/8/64 | 8/8/64 | 8/8/512
x3005c0s25b1n0:36630:36653 [2] NCCL INFO 8 coll channels, 4 p2p channels, 2 p2p channels per peer
x3005c0s19b0n0:46794:46816 [2] NCCL INFO Connected 1 MSCCL algorithms
x3005c0s19b0n0:46794:46816 [2] NCCL INFO threadThresholds 8/8/64 | 256/8/64 | 8/8/64 | 8/8/512
x3005c0s19b0n0:46794:46816 [2] NCCL INFO 8 coll channels, 4 p2p channels, 2 p2p channels per peer
x3004c0s7b1n0:25329:25351 [3] NCCL INFO Connected 1 MSCCL algorithms
x3004c0s7b1n0:25326:25353 [0] NCCL INFO Connected 1 MSCCL algorithms
x3004c0s7b1n0:25326:25353 [0] NCCL INFO threadThresholds 8/8/64 | 256/8/64 | 8/8/64 | 8/8/512
x3004c0s7b1n0:25326:25353 [0] NCCL INFO 8 coll channels, 4 p2p channels, 2 p2p channels per peer
x3004c0s7b1n0:25329:25351 [3] NCCL INFO threadThresholds 8/8/64 | 256/8/64 | 8/8/64 | 8/8/512
