x3004c0s37b0n0:45622:45647 [0] NCCL INFO Channel 00 : 4[7000] -> 5[46000] via P2P/IPC/read
x3004c0s37b0n0:45625:45645 [1] NCCL INFO Connected all rings
x3004c0s37b0n0:45626:45644 [2] NCCL INFO Connected all rings
x3005c0s25b1n0:36427:36454 [0] NCCL INFO Channel 03 : 28[7000] -> 29[46000] via P2P/IPC/read
x3005c0s13b1n0:14051:14073 [0] NCCL INFO Channel 02 : 20[7000] -> 21[46000] via P2P/IPC/read
x3004c0s37b1n0:44296:44319 [0] NCCL INFO Channel 01 : 8[7000] -> 9[46000] via P2P/IPC/read
x3004c0s37b1n0:44298:44318 [2] NCCL INFO Connected all rings
x3005c0s19b0n0:46595:46618 [3] NCCL INFO Channel 01/0 : 27[c7000] -> 31[c7000] [send] via NET/AWS Libfabric/1
x3004c0s7b1n0:25126:25150 [2] NCCL INFO Connected all rings
x3004c0s7b1n0:25127:25148 [3] NCCL INFO Connected all rings
x3004c0s37b1n0:44297:44320 [1] NCCL INFO Connected all rings
x3004c0s37b1n0:44297:44320 [1] NCCL INFO Channel 00 : 9[46000] -> 10[85000] via P2P/IPC/read
x3004c0s37b1n0:44297:44320 [1] NCCL INFO Channel 01 : 9[46000] -> 10[85000] via P2P/IPC/read
x3004c0s37b1n0:44297:44320 [1] NCCL INFO Channel 02 : 9[46000] -> 10[85000] via P2P/IPC/read
x3004c0s37b1n0:44297:44320 [1] NCCL INFO Channel 03 : 9[46000] -> 10[85000] via P2P/IPC/read
x3004c0s37b1n0:44299:44317 [3] NCCL INFO Connected all rings
x3004c0s7b1n0:25125:25149 [1] NCCL INFO Connected all rings
x3005c0s25b1n0:36429:36452 [2] NCCL INFO Channel 00 : 30[85000] -> 31[c7000] via P2P/IPC/read
x3005c0s25b1n0:36429:36452 [2] NCCL INFO Channel 01 : 30[85000] -> 31[c7000] via P2P/IPC/read
x3005c0s25b1n0:36429:36452 [2] NCCL INFO Channel 02 : 30[85000] -> 31[c7000] via P2P/IPC/read
x3005c0s25b1n0:36429:36452 [2] NCCL INFO Channel 03 : 30[85000] -> 31[c7000] via P2P/IPC/read
x3005c0s19b0n0:46593:46616 [1] NCCL INFO Channel 00/0 : 20[7000] -> 25[46000] [receive] via NET/AWS Libfabric/3
x3004c0s37b0n0:45626:45644 [2] NCCL INFO Channel 00 : 6[85000] -> 7[c7000] via P2P/IPC/read
x3004c0s37b0n0:45626:45644 [2] NCCL INFO Channel 01 : 6[85000] -> 7[c7000] via P2P/IPC/read
x3004c0s37b0n0:45626:45644 [2] NCCL INFO Channel 02 : 6[85000] -> 7[c7000] via P2P/IPC/read
x3004c0s37b0n0:45626:45644 [2] NCCL INFO Channel 03 : 6[85000] -> 7[c7000] via P2P/IPC/read
x3004c0s31b1n0:14950:14973 [0] NCCL INFO Connected all rings
x3004c0s31b1n0:14950:14973 [0] NCCL INFO Channel 00 : 0[7000] -> 1[46000] via P2P/IPC/read
x3005c0s13b0n0:12886:12911 [0] NCCL INFO Channel 01 : 16[7000] -> 17[46000] via P2P/IPC/read
x3005c0s13b0n0:12886:12911 [0] NCCL INFO Channel 02 : 16[7000] -> 17[46000] via P2P/IPC/read
x3005c0s25b1n0:36429:36452 [2] NCCL INFO Channel 00 : 30[85000] -> 29[46000] via P2P/IPC/read
x3005c0s13b0n0:12886:12911 [0] NCCL INFO Channel 03 : 16[7000] -> 17[46000] via P2P/IPC/read
x3004c0s31b1n0:14951:14974 [1] NCCL INFO Connected all rings
x3004c0s31b1n0:14952:14976 [2] NCCL INFO Connected all rings
x3005c0s13b1n0:14051:14073 [0] NCCL INFO Channel 03 : 20[7000] -> 21[46000] via P2P/IPC/read
x3005c0s25b1n0:36429:36452 [2] NCCL INFO Channel 02 : 30[85000] -> 29[46000] via P2P/IPC/read
x3004c0s37b1n0:44296:44319 [0] NCCL INFO Channel 02 : 8[7000] -> 9[46000] via P2P/IPC/read
x3004c0s37b0n0:45627:45646 [3] NCCL INFO Channel 01/0 : 7[c7000] -> 10[85000] [send] via NET/AWS Libfabric/1
x3004c0s37b0n0:45622:45647 [0] NCCL INFO Channel 01 : 4[7000] -> 5[46000] via P2P/IPC/read
x3005c0s19b0n0:46592:46615 [0] NCCL INFO Channel 02/0 : 21[46000] -> 24[7000] [receive] via NET/AWS Libfabric/3
x3005c0s19b0n0:46594:46617 [2] NCCL INFO Channel 01/0 : 23[c7000] -> 26[85000] [receive] via NET/AWS Libfabric/1
x3004c0s31b1n0:14950:14973 [0] NCCL INFO Channel 01 : 0[7000] -> 1[46000] via P2P/IPC/read
x3004c0s37b1n0:44296:44319 [0] NCCL INFO Channel 03 : 8[7000] -> 9[46000] via P2P/IPC/read
x3005c0s13b1n0:14052:14074 [1] NCCL INFO Channel 00 : 21[46000] -> 22[85000] via P2P/IPC/read
x3004c0s31b1n0:14952:14976 [2] NCCL INFO Channel 00 : 2[85000] -> 3[c7000] via P2P/IPC/read
x3004c0s31b1n0:14952:14976 [2] NCCL INFO Channel 01 : 2[85000] -> 3[c7000] via P2P/IPC/read
x3004c0s31b1n0:14952:14976 [2] NCCL INFO Channel 02 : 2[85000] -> 3[c7000] via P2P/IPC/read
x3004c0s31b1n0:14952:14976 [2] NCCL INFO Channel 03 : 2[85000] -> 3[c7000] via P2P/IPC/read
x3004c0s31b1n0:14950:14973 [0] NCCL INFO Channel 02 : 0[7000] -> 1[46000] via P2P/IPC/read
x3005c0s25b1n0:36430:36453 [3] NCCL INFO Channel 01/0 : 27[c7000] -> 31[c7000] [receive] via NET/AWS Libfabric/1
x3005c0s25b1n0:36429:36452 [2] NCCL INFO Connected all trees
x3005c0s25b1n0:36429:36452 [2] NCCL INFO MSCCL: Parsing algorithm /home/yuke/ncclPG/CCL-LYD/msccl_tools_lyd/examples/xml/xml_lyd/ring/allreduce_ring_node8_gpu32_mcl1_mck1_gan0.xml
x3005c0s25b1n0:36428:36451 [1] NCCL INFO Connected all trees
x3005c0s25b1n0:36428:36451 [1] NCCL INFO MSCCL: Parsing algorithm /home/yuke/ncclPG/CCL-LYD/msccl_tools_lyd/examples/xml/xml_lyd/ring/allreduce_ring_node8_gpu32_mcl1_mck1_gan0.xml
x3005c0s13b1n0:14052:14074 [1] NCCL INFO Channel 01 : 21[46000] -> 22[85000] via P2P/IPC/read
x3005c0s13b1n0:14052:14074 [1] NCCL INFO Channel 02 : 21[46000] -> 22[85000] via P2P/IPC/read
x3005c0s13b1n0:14052:14074 [1] NCCL INFO Channel 03 : 21[46000] -> 22[85000] via P2P/IPC/read
x3005c0s25b1n0:36428:36451 [1] NCCL INFO Parsed MSCCL Algorithm /home/yuke/ncclPG/CCL-LYD/msccl_tools_lyd/examples/xml/xml_lyd/ring/allreduce_ring_node8_gpu32_mcl1_mck1_gan0.xml successfully.
x3005c0s25b1n0:36428:36451 [1] NCCL INFO Connected 1 MSCCL algorithms
x3005c0s25b1n0:36428:36451 [1] NCCL INFO threadThresholds 8/8/64 | 256/8/64 | 8/8/64 | 8/8/512
x3005c0s25b1n0:36428:36451 [1] NCCL INFO 4 coll channels, 4 p2p channels, 2 p2p channels per peer
x3005c0s25b1n0:36429:36452 [2] NCCL INFO Parsed MSCCL Algorithm /home/yuke/ncclPG/CCL-LYD/msccl_tools_lyd/examples/xml/xml_lyd/ring/allreduce_ring_node8_gpu32_mcl1_mck1_gan0.xml successfully.
x3005c0s25b1n0:36429:36452 [2] NCCL INFO Connected 1 MSCCL algorithms
x3005c0s25b1n0:36429:36452 [2] NCCL INFO threadThresholds 8/8/64 | 256/8/64 | 8/8/64 | 8/8/512
x3005c0s25b1n0:36429:36452 [2] NCCL INFO 4 coll channels, 4 p2p channels, 2 p2p channels per peer
x3004c0s31b1n0:14950:14973 [0] NCCL INFO Channel 03 : 0[7000] -> 1[46000] via P2P/IPC/read
x3004c0s37b0n0:45622:45647 [0] NCCL INFO Channel 02 : 4[7000] -> 5[46000] via P2P/IPC/read
x3004c0s31b1n0:14953:14975 [3] NCCL INFO Channel 03/0 : 3[c7000] -> 7[c7000] [send] via NET/AWS Libfabric/1
x3005c0s13b0n0:12888:12909 [2] NCCL INFO Channel 00 : 18[85000] -> 19[c7000] via P2P/IPC/read
x3005c0s13b1n0:14054:14076 [2] NCCL INFO Channel 00 : 22[85000] -> 23[c7000] via P2P/IPC/read
x3005c0s25b1n0:36427:36454 [0] NCCL INFO Channel 00/0 : 24[7000] -> 28[7000] [receive] via NET/AWS Libfabric/3
x3004c0s7b1n0:25125:25149 [1] NCCL INFO Channel 00 : 13[46000] -> 14[85000] via P2P/IPC/read
x3004c0s37b0n0:45622:45647 [0] NCCL INFO Channel 03 : 4[7000] -> 5[46000] via P2P/IPC/read
x3004c0s7b1n0:25125:25149 [1] NCCL INFO Channel 01 : 13[46000] -> 14[85000] via P2P/IPC/read
x3004c0s7b1n0:25125:25149 [1] NCCL INFO Channel 02 : 13[46000] -> 14[85000] via P2P/IPC/read
x3004c0s37b1n0:44296:44319 [0] NCCL INFO Channel 02/0 : 5[46000] -> 8[7000] [receive] via NET/AWS Libfabric/3
x3004c0s7b1n0:25125:25149 [1] NCCL INFO Channel 03 : 13[46000] -> 14[85000] via P2P/IPC/read
x3005c0s13b1n0:14051:14073 [0] NCCL INFO Channel 02/0 : 16[7000] -> 20[7000] [receive] via NET/AWS Libfabric/3
x3005c0s13b1n0:14054:14076 [2] NCCL INFO Channel 01 : 22[85000] -> 23[c7000] via P2P/IPC/read
x3005c0s13b0n0:12888:12909 [2] NCCL INFO Channel 01 : 18[85000] -> 19[c7000] via P2P/IPC/read
x3005c0s13b0n0:12887:12910 [1] NCCL INFO Channel 00 : 17[46000] -> 18[85000] via P2P/IPC/read
x3005c0s19b0n0:46595:46618 [3] NCCL INFO Channel 03/0 : 22[85000] -> 27[c7000] [receive] via NET/AWS Libfabric/1
x3004c0s37b1n0:44298:44318 [2] NCCL INFO Channel 00 : 10[85000] -> 11[c7000] via P2P/IPC/read
x3005c0s25b1n0:36430:36453 [3] NCCL INFO Channel 03/0 : 15[c7000] -> 31[c7000] [receive] via NET/AWS Libfabric/1
x3005c0s13b0n0:12888:12909 [2] NCCL INFO Channel 02 : 18[85000] -> 19[c7000] via P2P/IPC/read
x3004c0s7b1n0:25126:25150 [2] NCCL INFO Channel 00 : 14[85000] -> 15[c7000] via P2P/IPC/read
x3004c0s37b0n0:45625:45645 [1] NCCL INFO Channel 00 : 5[46000] -> 6[85000] via P2P/IPC/read
x3005c0s25b1n0:36430:36453 [3] NCCL INFO Channel 03/0 : 31[c7000] -> 15[c7000] [send] via NET/AWS Libfabric/1
x3004c0s7b1n0:25124:25151 [0] NCCL INFO Channel 00/0 : 8[7000] -> 12[7000] [receive] via NET/AWS Libfabric/3
x3005c0s13b0n0:12887:12910 [1] NCCL INFO Channel 01 : 17[46000] -> 18[85000] via P2P/IPC/read
x3005c0s13b1n0:14054:14076 [2] NCCL INFO Channel 02 : 22[85000] -> 23[c7000] via P2P/IPC/read
x3004c0s31b1n0:14951:14974 [1] NCCL INFO Channel 00 : 1[46000] -> 2[85000] via P2P/IPC/read
x3005c0s13b0n0:12888:12909 [2] NCCL INFO Channel 03 : 18[85000] -> 19[c7000] via P2P/IPC/read
x3004c0s37b0n0:45625:45645 [1] NCCL INFO Channel 01 : 5[46000] -> 6[85000] via P2P/IPC/read
x3005c0s13b1n0:14054:14076 [2] NCCL INFO Channel 03 : 22[85000] -> 23[c7000] via P2P/IPC/read
x3004c0s37b1n0:44298:44318 [2] NCCL INFO Channel 01 : 10[85000] -> 11[c7000] via P2P/IPC/read
x3004c0s7b1n0:25126:25150 [2] NCCL INFO Channel 01 : 14[85000] -> 15[c7000] via P2P/IPC/read
x3005c0s13b0n0:12887:12910 [1] NCCL INFO Channel 02 : 17[46000] -> 18[85000] via P2P/IPC/read
x3005c0s13b0n0:12889:12912 [3] NCCL INFO Channel 03/0 : 19[c7000] -> 23[c7000] [send] via NET/AWS Libfabric/1
x3004c0s31b1n0:14951:14974 [1] NCCL INFO Channel 01 : 1[46000] -> 2[85000] via P2P/IPC/read
x3005c0s13b1n0:14055:14075 [3] NCCL INFO Channel 01/0 : 23[c7000] -> 26[85000] [send] via NET/AWS Libfabric/1
x3004c0s37b0n0:45625:45645 [1] NCCL INFO Channel 02 : 5[46000] -> 6[85000] via P2P/IPC/read
x3005c0s13b1n0:14052:14074 [1] NCCL INFO Channel 02/0 : 21[46000] -> 24[7000] [send] via NET/AWS Libfabric/3
x3004c0s37b1n0:44298:44318 [2] NCCL INFO Channel 02 : 10[85000] -> 11[c7000] via P2P/IPC/read
x3004c0s7b1n0:25126:25150 [2] NCCL INFO Channel 02 : 14[85000] -> 15[c7000] via P2P/IPC/read
x3005c0s13b1n0:14054:14076 [2] NCCL INFO Channel 03/0 : 22[85000] -> 27[c7000] [send] via NET/AWS Libfabric/1
x3005c0s13b0n0:12887:12910 [1] NCCL INFO Channel 03 : 17[46000] -> 18[85000] via P2P/IPC/read
x3004c0s31b1n0:14951:14974 [1] NCCL INFO Channel 02 : 1[46000] -> 2[85000] via P2P/IPC/read
x3004c0s37b1n0:44298:44318 [2] NCCL INFO Channel 03 : 10[85000] -> 11[c7000] via P2P/IPC/read
x3005c0s13b1n0:14055:14075 [3] NCCL INFO Channel 03/0 : 19[c7000] -> 23[c7000] [receive] via NET/AWS Libfabric/1
x3005c0s13b1n0:14052:14074 [1] NCCL INFO Channel 02/0 : 24[7000] -> 21[46000] [receive] via NET/AWS Libfabric/3
x3005c0s13b0n0:12889:12912 [3] NCCL INFO Channel 01/0 : 19[c7000] -> 27[c7000] [send] via NET/AWS Libfabric/1
x3004c0s37b0n0:45625:45645 [1] NCCL INFO Channel 03 : 5[46000] -> 6[85000] via P2P/IPC/read
x3005c0s19b0n0:46594:46617 [2] NCCL INFO Channel 01/0 : 26[85000] -> 23[c7000] [send] via NET/AWS Libfabric/1
x3004c0s7b1n0:25126:25150 [2] NCCL INFO Channel 03 : 14[85000] -> 15[c7000] via P2P/IPC/read
x3005c0s19b0n0:46592:46615 [0] NCCL INFO Channel 00/0 : 24[7000] -> 28[7000] [send] via NET/AWS Libfabric/3
x3005c0s13b1n0:14054:14076 [2] NCCL INFO Channel 03/0 : 27[c7000] -> 22[85000] [receive] via NET/AWS Libfabric/1
x3004c0s31b1n0:14951:14974 [1] NCCL INFO Channel 03 : 1[46000] -> 2[85000] via P2P/IPC/read
x3005c0s19b0n0:46595:46618 [3] NCCL INFO Channel 01/0 : 19[c7000] -> 27[c7000] [receive] via NET/AWS Libfabric/1
x3005c0s13b0n0:12886:12911 [0] NCCL INFO Channel 02/0 : 16[7000] -> 20[7000] [send] via NET/AWS Libfabric/3
x3005c0s13b1n0:14055:14075 [3] NCCL INFO Channel 03/0 : 14[85000] -> 23[c7000] [receive] via NET/AWS Libfabric/1
x3004c0s37b1n0:44299:44317 [3] NCCL INFO Channel 01/0 : 11[c7000] -> 15[c7000] [send] via NET/AWS Libfabric/1
x3004c0s37b0n0:45626:45644 [2] NCCL INFO Channel 03/0 : 6[85000] -> 11[c7000] [send] via NET/AWS Libfabric/1
x3005c0s25b1n0:36427:36454 [0] NCCL INFO Channel 02/0 : 12[7000] -> 28[7000] [receive] via NET/AWS Libfabric/3
x3005c0s25b1n0:36427:36454 [0] NCCL INFO Channel 02/0 : 28[7000] -> 12[7000] [send] via NET/AWS Libfabric/3
x3004c0s37b1n0:44297:44320 [1] NCCL INFO Channel 00/0 : 4[7000] -> 9[46000] [receive] via NET/AWS Libfabric/3
x3004c0s31b1n0:14952:14976 [2] NCCL INFO Channel 00 : 2[85000] -> 1[46000] via P2P/IPC/read
x3004c0s31b1n0:14950:14973 [0] NCCL INFO Channel 02/0 : 0[7000] -> 4[7000] [send] via NET/AWS Libfabric/3
x3004c0s37b0n0:45622:45647 [0] NCCL INFO Channel 02/0 : 0[7000] -> 4[7000] [receive] via NET/AWS Libfabric/3
x3005c0s13b0n0:12887:12910 [1] NCCL INFO Channel 00/0 : 8[7000] -> 17[46000] [receive] via NET/AWS Libfabric/3
x3005c0s19b0n0:46592:46615 [0] NCCL INFO Channel 00/0 : 16[7000] -> 24[7000] [receive] via NET/AWS Libfabric/3
x3004c0s7b1n0:25127:25148 [3] NCCL INFO Channel 01/0 : 11[c7000] -> 15[c7000] [receive] via NET/AWS Libfabric/1
x3004c0s37b0n0:45625:45645 [1] NCCL INFO Channel 02/0 : 5[46000] -> 8[7000] [send] via NET/AWS Libfabric/3
x3004c0s7b1n0:25125:25149 [1] NCCL INFO Channel 02/0 : 13[46000] -> 20[7000] [send] via NET/AWS Libfabric/3
x3004c0s31b1n0:14952:14976 [2] NCCL INFO Channel 02 : 2[85000] -> 1[46000] via P2P/IPC/read
x3005c0s19b0n0:46595:46618 [3] NCCL INFO Channel 01/0 : 27[c7000] -> 19[c7000] [send] via NET/AWS Libfabric/1
x3005c0s13b0n0:12888:12909 [2] NCCL INFO Channel 01/0 : 11[c7000] -> 18[85000] [receive] via NET/AWS Libfabric/1
x3005c0s13b1n0:14051:14073 [0] NCCL INFO Channel 00/0 : 20[7000] -> 25[46000] [send] via NET/AWS Libfabric/3
x3005c0s13b0n0:12889:12912 [3] NCCL INFO Channel 01/0 : 3[c7000] -> 19[c7000] [receive] via NET/AWS Libfabric/1
x3004c0s37b1n0:44296:44319 [0] NCCL INFO Channel 00/0 : 8[7000] -> 12[7000] [send] via NET/AWS Libfabric/3
x3004c0s37b1n0:44298:44318 [2] NCCL INFO Channel 01/0 : 7[c7000] -> 10[85000] [receive] via NET/AWS Libfabric/1
x3004c0s7b1n0:25126:25150 [2] NCCL INFO Channel 03/0 : 14[85000] -> 23[c7000] [send] via NET/AWS Libfabric/1
x3004c0s37b1n0:44299:44317 [3] NCCL INFO Channel 03/0 : 6[85000] -> 11[c7000] [receive] via NET/AWS Libfabric/1
x3005c0s19b0n0:46593:46616 [1] NCCL INFO Channel 00/0 : 25[46000] -> 20[7000] [send] via NET/AWS Libfabric/3
x3004c0s37b0n0:45625:45645 [1] NCCL INFO Channel 02/0 : 8[7000] -> 5[46000] [receive] via NET/AWS Libfabric/3
x3005c0s13b0n0:12886:12911 [0] NCCL INFO Channel 00/0 : 16[7000] -> 24[7000] [send] via NET/AWS Libfabric/3
x3004c0s31b1n0:14951:14974 [1] NCCL INFO Connected all trees
x3004c0s31b1n0:14951:14974 [1] NCCL INFO MSCCL: Parsing algorithm /home/yuke/ncclPG/CCL-LYD/msccl_tools_lyd/examples/xml/xml_lyd/ring/allreduce_ring_node8_gpu32_mcl1_mck1_gan0.xml
x3004c0s31b1n0:14952:14976 [2] NCCL INFO Connected all trees
x3004c0s31b1n0:14952:14976 [2] NCCL INFO MSCCL: Parsing algorithm /home/yuke/ncclPG/CCL-LYD/msccl_tools_lyd/examples/xml/xml_lyd/ring/allreduce_ring_node8_gpu32_mcl1_mck1_gan0.xml
x3004c0s31b1n0:14950:14973 [0] NCCL INFO Channel 00/0 : 16[7000] -> 0[7000] [receive] via NET/AWS Libfabric/3
x3004c0s31b1n0:14951:14974 [1] NCCL INFO Parsed MSCCL Algorithm /home/yuke/ncclPG/CCL-LYD/msccl_tools_lyd/examples/xml/xml_lyd/ring/allreduce_ring_node8_gpu32_mcl1_mck1_gan0.xml successfully.
x3004c0s31b1n0:14951:14974 [1] NCCL INFO Connected 1 MSCCL algorithms
x3004c0s31b1n0:14951:14974 [1] NCCL INFO threadThresholds 8/8/64 | 256/8/64 | 8/8/64 | 8/8/512
x3004c0s31b1n0:14951:14974 [1] NCCL INFO 4 coll channels, 4 p2p channels, 2 p2p channels per peer
x3004c0s31b1n0:14952:14976 [2] NCCL INFO Parsed MSCCL Algorithm /home/yuke/ncclPG/CCL-LYD/msccl_tools_lyd/examples/xml/xml_lyd/ring/allreduce_ring_node8_gpu32_mcl1_mck1_gan0.xml successfully.
x3004c0s31b1n0:14952:14976 [2] NCCL INFO Connected 1 MSCCL algorithms
x3004c0s31b1n0:14952:14976 [2] NCCL INFO threadThresholds 8/8/64 | 256/8/64 | 8/8/64 | 8/8/512
x3004c0s31b1n0:14952:14976 [2] NCCL INFO 4 coll channels, 4 p2p channels, 2 p2p channels per peer
x3004c0s7b1n0:25127:25148 [3] NCCL INFO Channel 03/0 : 7[c7000] -> 15[c7000] [receive] via NET/AWS Libfabric/1
x3005c0s13b0n0:12889:12912 [3] NCCL INFO Channel 01/0 : 19[c7000] -> 3[c7000] [send] via NET/AWS Libfabric/1
x3004c0s37b0n0:45622:45647 [0] NCCL INFO Channel 00/0 : 4[7000] -> 9[46000] [send] via NET/AWS Libfabric/3
x3005c0s13b0n0:12886:12911 [0] NCCL INFO Channel 00/0 : 0[7000] -> 16[7000] [receive] via NET/AWS Libfabric/3
x3005c0s13b1n0:14051:14073 [0] NCCL INFO Channel 02/0 : 13[46000] -> 20[7000] [receive] via NET/AWS Libfabric/3
x3004c0s37b1n0:44296:44319 [0] NCCL INFO Channel 00/0 : 8[7000] -> 17[46000] [send] via NET/AWS Libfabric/3
x3005c0s19b0n0:46592:46615 [0] NCCL INFO Channel 00/0 : 24[7000] -> 16[7000] [send] via NET/AWS Libfabric/3
x3005c0s13b1n0:14055:14075 [3] NCCL INFO Channel 03/0 : 23[c7000] -> 14[85000] [send] via NET/AWS Libfabric/1
x3004c0s37b0n0:45626:45644 [2] NCCL INFO Channel 03/0 : 11[c7000] -> 6[85000] [receive] via NET/AWS Libfabric/1
x3004c0s7b1n0:25124:25151 [0] NCCL INFO Channel 02/0 : 4[7000] -> 12[7000] [receive] via NET/AWS Libfabric/3
x3004c0s7b1n0:25126:25150 [2] NCCL INFO Channel 03/0 : 23[c7000] -> 14[85000] [receive] via NET/AWS Libfabric/1
x3004c0s37b0n0:45627:45646 [3] NCCL INFO Channel 03/0 : 3[c7000] -> 7[c7000] [receive] via NET/AWS Libfabric/1
x3004c0s37b1n0:44299:44317 [3] NCCL INFO Channel 01/0 : 11[c7000] -> 18[85000] [send] via NET/AWS Libfabric/1
x3004c0s31b1n0:14950:14973 [0] NCCL INFO Channel 00/0 : 0[7000] -> 16[7000] [send] via NET/AWS Libfabric/3
x3004c0s37b1n0:44297:44320 [1] NCCL INFO Channel 00/0 : 9[46000] -> 4[7000] [send] via NET/AWS Libfabric/3
x3004c0s37b1n0:44296:44319 [0] NCCL INFO Channel 00/0 : 17[46000] -> 8[7000] [receive] via NET/AWS Libfabric/3
x3004c0s37b0n0:45622:45647 [0] NCCL INFO Channel 02/0 : 4[7000] -> 12[7000] [send] via NET/AWS Libfabric/3
x3004c0s37b1n0:44298:44318 [2] NCCL INFO Channel 01/0 : 10[85000] -> 7[c7000] [send] via NET/AWS Libfabric/1
x3005c0s13b0n0:12886:12911 [0] NCCL INFO Channel 00/0 : 16[7000] -> 0[7000] [send] via NET/AWS Libfabric/3
x3005c0s13b0n0:12888:12909 [2] NCCL INFO Channel 01/0 : 18[85000] -> 11[c7000] [send] via NET/AWS Libfabric/1
x3004c0s7b1n0:25125:25149 [1] NCCL INFO Channel 02/0 : 20[7000] -> 13[46000] [receive] via NET/AWS Libfabric/3
x3005c0s13b1n0:14051:14073 [0] NCCL INFO Channel 02/0 : 20[7000] -> 13[46000] [send] via NET/AWS Libfabric/3
x3004c0s7b1n0:25126:25150 [2] NCCL INFO Channel 00 : 14[85000] -> 13[46000] via P2P/IPC/read
x3005c0s13b0n0:12887:12910 [1] NCCL INFO Channel 00/0 : 17[46000] -> 8[7000] [send] via NET/AWS Libfabric/3
x3004c0s37b1n0:44299:44317 [3] NCCL INFO Channel 01/0 : 18[85000] -> 11[c7000] [receive] via NET/AWS Libfabric/1
x3004c0s31b1n0:14953:14975 [3] NCCL INFO Channel 01/0 : 19[c7000] -> 3[c7000] [receive] via NET/AWS Libfabric/1
x3005c0s13b1n0:14055:14075 [3] NCCL INFO Channel 03/0 : 23[c7000] -> 19[c7000] [send] via NET/AWS Libfabric/1
x3005c0s13b1n0:14051:14073 [0] NCCL INFO Channel 00/0 : 25[46000] -> 20[7000] [receive] via NET/AWS Libfabric/3
x3004c0s7b1n0:25126:25150 [2] NCCL INFO Channel 02 : 14[85000] -> 13[46000] via P2P/IPC/read
x3005c0s13b0n0:12888:12909 [2] NCCL INFO Channel 00 : 18[85000] -> 17[46000] via P2P/IPC/read
x3005c0s13b0n0:12888:12909 [2] NCCL INFO Channel 02 : 18[85000] -> 17[46000] via P2P/IPC/read
x3004c0s37b0n0:45627:45646 [3] NCCL INFO Channel 03/0 : 7[c7000] -> 15[c7000] [send] via NET/AWS Libfabric/1
x3004c0s37b0n0:45622:45647 [0] NCCL INFO Channel 02/0 : 12[7000] -> 4[7000] [receive] via NET/AWS Libfabric/3
x3004c0s37b1n0:44299:44317 [3] NCCL INFO Channel 03/0 : 11[c7000] -> 6[85000] [send] via NET/AWS Libfabric/1
x3004c0s31b1n0:14953:14975 [3] NCCL INFO Channel 01/0 : 3[c7000] -> 19[c7000] [send] via NET/AWS Libfabric/1
x3004c0s7b1n0:25124:25151 [0] NCCL INFO Channel 02/0 : 28[7000] -> 12[7000] [receive] via NET/AWS Libfabric/3
x3004c0s37b0n0:45627:45646 [3] NCCL INFO Channel 03/0 : 15[c7000] -> 7[c7000] [receive] via NET/AWS Libfabric/1
x3004c0s31b1n0:14950:14973 [0] NCCL INFO Channel 02/0 : 4[7000] -> 0[7000] [receive] via NET/AWS Libfabric/3
x3004c0s37b1n0:44296:44319 [0] NCCL INFO Channel 00/0 : 12[7000] -> 8[7000] [receive] via NET/AWS Libfabric/3
x3004c0s7b1n0:25126:25150 [2] NCCL INFO Connected all trees
x3004c0s7b1n0:25126:25150 [2] NCCL INFO MSCCL: Parsing algorithm /home/yuke/ncclPG/CCL-LYD/msccl_tools_lyd/examples/xml/xml_lyd/ring/allreduce_ring_node8_gpu32_mcl1_mck1_gan0.xml
x3004c0s7b1n0:25125:25149 [1] NCCL INFO Connected all trees
x3004c0s7b1n0:25125:25149 [1] NCCL INFO MSCCL: Parsing algorithm /home/yuke/ncclPG/CCL-LYD/msccl_tools_lyd/examples/xml/xml_lyd/ring/allreduce_ring_node8_gpu32_mcl1_mck1_gan0.xml
x3005c0s13b0n0:12888:12909 [2] NCCL INFO Connected all trees
x3005c0s13b0n0:12888:12909 [2] NCCL INFO MSCCL: Parsing algorithm /home/yuke/ncclPG/CCL-LYD/msccl_tools_lyd/examples/xml/xml_lyd/ring/allreduce_ring_node8_gpu32_mcl1_mck1_gan0.xml
x3005c0s13b0n0:12887:12910 [1] NCCL INFO Connected all trees
x3005c0s13b0n0:12887:12910 [1] NCCL INFO MSCCL: Parsing algorithm /home/yuke/ncclPG/CCL-LYD/msccl_tools_lyd/examples/xml/xml_lyd/ring/allreduce_ring_node8_gpu32_mcl1_mck1_gan0.xml
x3004c0s7b1n0:25124:25151 [0] NCCL INFO Channel 02/0 : 12[7000] -> 28[7000] [send] via NET/AWS Libfabric/3
x3004c0s7b1n0:25126:25150 [2] NCCL INFO Parsed MSCCL Algorithm /home/yuke/ncclPG/CCL-LYD/msccl_tools_lyd/examples/xml/xml_lyd/ring/allreduce_ring_node8_gpu32_mcl1_mck1_gan0.xml successfully.
x3004c0s7b1n0:25126:25150 [2] NCCL INFO Connected 1 MSCCL algorithms
x3004c0s7b1n0:25126:25150 [2] NCCL INFO threadThresholds 8/8/64 | 256/8/64 | 8/8/64 | 8/8/512
x3004c0s7b1n0:25126:25150 [2] NCCL INFO 4 coll channels, 4 p2p channels, 2 p2p channels per peer
x3004c0s7b1n0:25125:25149 [1] NCCL INFO Parsed MSCCL Algorithm /home/yuke/ncclPG/CCL-LYD/msccl_tools_lyd/examples/xml/xml_lyd/ring/allreduce_ring_node8_gpu32_mcl1_mck1_gan0.xml successfully.
x3004c0s7b1n0:25125:25149 [1] NCCL INFO Connected 1 MSCCL algorithms
x3004c0s7b1n0:25125:25149 [1] NCCL INFO threadThresholds 8/8/64 | 256/8/64 | 8/8/64 | 8/8/512
x3004c0s7b1n0:25125:25149 [1] NCCL INFO 4 coll channels, 4 p2p channels, 2 p2p channels per peer
x3004c0s37b0n0:45626:45644 [2] NCCL INFO Channel 00 : 6[85000] -> 5[46000] via P2P/IPC/read
x3005c0s13b0n0:12887:12910 [1] NCCL INFO Parsed MSCCL Algorithm /home/yuke/ncclPG/CCL-LYD/msccl_tools_lyd/examples/xml/xml_lyd/ring/allreduce_ring_node8_gpu32_mcl1_mck1_gan0.xml successfully.
x3005c0s13b0n0:12887:12910 [1] NCCL INFO Connected 1 MSCCL algorithms
x3005c0s13b0n0:12887:12910 [1] NCCL INFO threadThresholds 8/8/64 | 256/8/64 | 8/8/64 | 8/8/512
x3005c0s13b0n0:12887:12910 [1] NCCL INFO 4 coll channels, 4 p2p channels, 2 p2p channels per peer
x3004c0s7b1n0:25127:25148 [3] NCCL INFO Channel 03/0 : 31[c7000] -> 15[c7000] [receive] via NET/AWS Libfabric/1
x3005c0s13b0n0:12886:12911 [0] NCCL INFO Channel 00/0 : 24[7000] -> 16[7000] [receive] via NET/AWS Libfabric/3
x3005c0s13b0n0:12888:12909 [2] NCCL INFO Parsed MSCCL Algorithm /home/yuke/ncclPG/CCL-LYD/msccl_tools_lyd/examples/xml/xml_lyd/ring/allreduce_ring_node8_gpu32_mcl1_mck1_gan0.xml successfully.
x3005c0s13b0n0:12888:12909 [2] NCCL INFO Connected 1 MSCCL algorithms
x3005c0s13b0n0:12888:12909 [2] NCCL INFO threadThresholds 8/8/64 | 256/8/64 | 8/8/64 | 8/8/512
x3005c0s13b0n0:12888:12909 [2] NCCL INFO 4 coll channels, 4 p2p channels, 2 p2p channels per peer
x3005c0s13b1n0:14051:14073 [0] NCCL INFO Channel 02/0 : 20[7000] -> 16[7000] [send] via NET/AWS Libfabric/3
x3004c0s37b0n0:45626:45644 [2] NCCL INFO Channel 02 : 6[85000] -> 5[46000] via P2P/IPC/read
x3004c0s37b1n0:44299:44317 [3] NCCL INFO Channel 01/0 : 15[c7000] -> 11[c7000] [receive] via NET/AWS Libfabric/1
x3004c0s7b1n0:25127:25148 [3] NCCL INFO Channel 03/0 : 15[c7000] -> 31[c7000] [send] via NET/AWS Libfabric/1
x3004c0s31b1n0:14953:14975 [3] NCCL INFO Channel 03/0 : 7[c7000] -> 3[c7000] [receive] via NET/AWS Libfabric/1
x3004c0s7b1n0:25124:25151 [0] NCCL INFO Channel 02/0 : 12[7000] -> 4[7000] [send] via NET/AWS Libfabric/3
x3005c0s25b1n0:36427:36454 [0] NCCL INFO Channel 00/0 : 28[7000] -> 24[7000] [send] via NET/AWS Libfabric/3
x3005c0s19b0n0:46592:46615 [0] NCCL INFO Channel 00/0 : 28[7000] -> 24[7000] [receive] via NET/AWS Libfabric/3
x3004c0s7b1n0:25124:25151 [0] NCCL INFO Channel 00/0 : 12[7000] -> 8[7000] [send] via NET/AWS Libfabric/3
x3005c0s13b0n0:12889:12912 [3] NCCL INFO Channel 01/0 : 27[c7000] -> 19[c7000] [receive] via NET/AWS Libfabric/1
x3005c0s25b1n0:36430:36453 [3] NCCL INFO Channel 01/0 : 31[c7000] -> 27[c7000] [send] via NET/AWS Libfabric/1
x3005c0s13b0n0:12886:12911 [0] NCCL INFO Channel 02/0 : 20[7000] -> 16[7000] [receive] via NET/AWS Libfabric/3
x3005c0s25b1n0:36427:36454 [0] NCCL INFO Connected all trees
x3005c0s25b1n0:36427:36454 [0] NCCL INFO MSCCL: Parsing algorithm /home/yuke/ncclPG/CCL-LYD/msccl_tools_lyd/examples/xml/xml_lyd/ring/allreduce_ring_node8_gpu32_mcl1_mck1_gan0.xml
x3004c0s7b1n0:25124:25151 [0] NCCL INFO Connected all trees
x3004c0s7b1n0:25124:25151 [0] NCCL INFO MSCCL: Parsing algorithm /home/yuke/ncclPG/CCL-LYD/msccl_tools_lyd/examples/xml/xml_lyd/ring/allreduce_ring_node8_gpu32_mcl1_mck1_gan0.xml
x3004c0s7b1n0:25127:25148 [3] NCCL INFO Channel 03/0 : 15[c7000] -> 7[c7000] [send] via NET/AWS Libfabric/1
x3005c0s25b1n0:36427:36454 [0] NCCL INFO Parsed MSCCL Algorithm /home/yuke/ncclPG/CCL-LYD/msccl_tools_lyd/examples/xml/xml_lyd/ring/allreduce_ring_node8_gpu32_mcl1_mck1_gan0.xml successfully.
x3004c0s7b1n0:25124:25151 [0] NCCL INFO Parsed MSCCL Algorithm /home/yuke/ncclPG/CCL-LYD/msccl_tools_lyd/examples/xml/xml_lyd/ring/allreduce_ring_node8_gpu32_mcl1_mck1_gan0.xml successfully.
x3005c0s25b1n0:36427:36454 [0] NCCL INFO Channel 01/0 : 24[7000] -> 28[7000] [receive] via NET/AWS Libfabric/3
x3004c0s7b1n0:25127:25148 [3] NCCL INFO Channel 01/0 : 15[c7000] -> 11[c7000] [send] via NET/AWS Libfabric/1
x3005c0s13b0n0:12886:12911 [0] NCCL INFO Connected all trees
x3005c0s13b0n0:12886:12911 [0] NCCL INFO MSCCL: Parsing algorithm /home/yuke/ncclPG/CCL-LYD/msccl_tools_lyd/examples/xml/xml_lyd/ring/allreduce_ring_node8_gpu32_mcl1_mck1_gan0.xml
x3005c0s13b1n0:14051:14073 [0] NCCL INFO Connected all trees
x3005c0s13b1n0:14051:14073 [0] NCCL INFO MSCCL: Parsing algorithm /home/yuke/ncclPG/CCL-LYD/msccl_tools_lyd/examples/xml/xml_lyd/ring/allreduce_ring_node8_gpu32_mcl1_mck1_gan0.xml
x3004c0s37b0n0:45622:45647 [0] NCCL INFO Channel 00/0 : 9[46000] -> 4[7000] [receive] via NET/AWS Libfabric/3
x3004c0s7b1n0:25127:25148 [3] NCCL INFO Connected all trees
x3004c0s7b1n0:25127:25148 [3] NCCL INFO MSCCL: Parsing algorithm /home/yuke/ncclPG/CCL-LYD/msccl_tools_lyd/examples/xml/xml_lyd/ring/allreduce_ring_node8_gpu32_mcl1_mck1_gan0.xml
x3005c0s13b0n0:12886:12911 [0] NCCL INFO Parsed MSCCL Algorithm /home/yuke/ncclPG/CCL-LYD/msccl_tools_lyd/examples/xml/xml_lyd/ring/allreduce_ring_node8_gpu32_mcl1_mck1_gan0.xml successfully.
x3005c0s13b1n0:14051:14073 [0] NCCL INFO Parsed MSCCL Algorithm /home/yuke/ncclPG/CCL-LYD/msccl_tools_lyd/examples/xml/xml_lyd/ring/allreduce_ring_node8_gpu32_mcl1_mck1_gan0.xml successfully.
x3004c0s7b1n0:25127:25148 [3] NCCL INFO Parsed MSCCL Algorithm /home/yuke/ncclPG/CCL-LYD/msccl_tools_lyd/examples/xml/xml_lyd/ring/allreduce_ring_node8_gpu32_mcl1_mck1_gan0.xml successfully.
x3004c0s7b1n0:25127:25148 [3] NCCL INFO Connected 1 MSCCL algorithms
x3004c0s7b1n0:25127:25148 [3] NCCL INFO threadThresholds 8/8/64 | 256/8/64 | 8/8/64 | 8/8/512
x3004c0s7b1n0:25127:25148 [3] NCCL INFO 4 coll channels, 4 p2p channels, 2 p2p channels per peer
x3005c0s19b0n0:46592:46615 [0] NCCL INFO Channel 02/0 : 24[7000] -> 21[46000] [send] via NET/AWS Libfabric/3
x3005c0s19b0n0:46595:46618 [3] NCCL INFO Channel 03/0 : 27[c7000] -> 22[85000] [send] via NET/AWS Libfabric/1
x3004c0s37b1n0:44296:44319 [0] NCCL INFO Channel 02/0 : 8[7000] -> 5[46000] [send] via NET/AWS Libfabric/3
x3004c0s37b1n0:44296:44319 [0] NCCL INFO Connected all trees
x3004c0s37b1n0:44296:44319 [0] NCCL INFO MSCCL: Parsing algorithm /home/yuke/ncclPG/CCL-LYD/msccl_tools_lyd/examples/xml/xml_lyd/ring/allreduce_ring_node8_gpu32_mcl1_mck1_gan0.xml
x3005c0s19b0n0:46592:46615 [0] NCCL INFO Connected all trees
x3005c0s19b0n0:46592:46615 [0] NCCL INFO MSCCL: Parsing algorithm /home/yuke/ncclPG/CCL-LYD/msccl_tools_lyd/examples/xml/xml_lyd/ring/allreduce_ring_node8_gpu32_mcl1_mck1_gan0.xml
x3004c0s37b0n0:45627:45646 [3] NCCL INFO Channel 03/0 : 7[c7000] -> 3[c7000] [send] via NET/AWS Libfabric/1
x3004c0s37b1n0:44296:44319 [0] NCCL INFO Parsed MSCCL Algorithm /home/yuke/ncclPG/CCL-LYD/msccl_tools_lyd/examples/xml/xml_lyd/ring/allreduce_ring_node8_gpu32_mcl1_mck1_gan0.xml successfully.
x3005c0s19b0n0:46592:46615 [0] NCCL INFO Parsed MSCCL Algorithm /home/yuke/ncclPG/CCL-LYD/msccl_tools_lyd/examples/xml/xml_lyd/ring/allreduce_ring_node8_gpu32_mcl1_mck1_gan0.xml successfully.
x3004c0s37b1n0:44299:44317 [3] NCCL INFO Connected all trees
x3004c0s37b1n0:44299:44317 [3] NCCL INFO MSCCL: Parsing algorithm /home/yuke/ncclPG/CCL-LYD/msccl_tools_lyd/examples/xml/xml_lyd/ring/allreduce_ring_node8_gpu32_mcl1_mck1_gan0.xml
x3005c0s25b1n0:36427:36454 [0] NCCL INFO Channel 01/0 : 28[7000] -> 0[7000] [send] via NET/AWS Libfabric/3
x3004c0s37b1n0:44299:44317 [3] NCCL INFO Parsed MSCCL Algorithm /home/yuke/ncclPG/CCL-LYD/msccl_tools_lyd/examples/xml/xml_lyd/ring/allreduce_ring_node8_gpu32_mcl1_mck1_gan0.xml successfully.
x3004c0s37b1n0:44299:44317 [3] NCCL INFO Connected 1 MSCCL algorithms
x3004c0s37b1n0:44299:44317 [3] NCCL INFO threadThresholds 8/8/64 | 256/8/64 | 8/8/64 | 8/8/512
x3004c0s37b1n0:44299:44317 [3] NCCL INFO 4 coll channels, 4 p2p channels, 2 p2p channels per peer
x3004c0s7b1n0:25124:25151 [0] NCCL INFO Channel 01/0 : 8[7000] -> 12[7000] [receive] via NET/AWS Libfabric/3
x3005c0s13b0n0:12889:12912 [3] NCCL INFO Channel 03/0 : 23[c7000] -> 19[c7000] [receive] via NET/AWS Libfabric/1
x3005c0s13b1n0:14051:14073 [0] NCCL INFO Channel 01/0 : 16[7000] -> 20[7000] [receive] via NET/AWS Libfabric/3
x3005c0s13b1n0:14054:14076 [2] NCCL INFO Channel 00 : 22[85000] -> 21[46000] via P2P/IPC/read
x3004c0s31b1n0:14953:14975 [3] NCCL INFO Connected all trees
x3004c0s31b1n0:14953:14975 [3] NCCL INFO MSCCL: Parsing algorithm /home/yuke/ncclPG/CCL-LYD/msccl_tools_lyd/examples/xml/xml_lyd/ring/allreduce_ring_node8_gpu32_mcl1_mck1_gan0.xml
x3005c0s13b0n0:12886:12911 [0] NCCL INFO Channel 01/0 : 12[7000] -> 16[7000] [receive] via NET/AWS Libfabric/3
x3004c0s31b1n0:14953:14975 [3] NCCL INFO Parsed MSCCL Algorithm /home/yuke/ncclPG/CCL-LYD/msccl_tools_lyd/examples/xml/xml_lyd/ring/allreduce_ring_node8_gpu32_mcl1_mck1_gan0.xml successfully.
x3004c0s31b1n0:14953:14975 [3] NCCL INFO Connected 1 MSCCL algorithms
x3004c0s31b1n0:14953:14975 [3] NCCL INFO threadThresholds 8/8/64 | 256/8/64 | 8/8/64 | 8/8/512
x3004c0s31b1n0:14953:14975 [3] NCCL INFO 4 coll channels, 4 p2p channels, 2 p2p channels per peer
x3004c0s7b1n0:25124:25151 [0] NCCL INFO Channel 01/0 : 12[7000] -> 16[7000] [send] via NET/AWS Libfabric/3
x3005c0s13b0n0:12889:12912 [3] NCCL INFO Connected all trees
x3005c0s13b0n0:12889:12912 [3] NCCL INFO MSCCL: Parsing algorithm /home/yuke/ncclPG/CCL-LYD/msccl_tools_lyd/examples/xml/xml_lyd/ring/allreduce_ring_node8_gpu32_mcl1_mck1_gan0.xml
x3005c0s13b0n0:12889:12912 [3] NCCL INFO Parsed MSCCL Algorithm /home/yuke/ncclPG/CCL-LYD/msccl_tools_lyd/examples/xml/xml_lyd/ring/allreduce_ring_node8_gpu32_mcl1_mck1_gan0.xml successfully.
x3005c0s13b0n0:12889:12912 [3] NCCL INFO Connected 1 MSCCL algorithms
x3005c0s13b0n0:12889:12912 [3] NCCL INFO threadThresholds 8/8/64 | 256/8/64 | 8/8/64 | 8/8/512
x3005c0s13b0n0:12889:12912 [3] NCCL INFO 4 coll channels, 4 p2p channels, 2 p2p channels per peer
x3005c0s13b1n0:14055:14075 [3] NCCL INFO Channel 01/0 : 26[85000] -> 23[c7000] [receive] via NET/AWS Libfabric/1
x3005c0s13b1n0:14054:14076 [2] NCCL INFO Channel 02 : 22[85000] -> 21[46000] via P2P/IPC/read
x3005c0s13b0n0:12886:12911 [0] NCCL INFO Channel 01/0 : 16[7000] -> 20[7000] [send] via NET/AWS Libfabric/3
x3005c0s19b0n0:46595:46618 [3] NCCL INFO Channel 01/0 : 31[c7000] -> 27[c7000] [receive] via NET/AWS Libfabric/1
x3004c0s37b1n0:44296:44319 [0] NCCL INFO Channel 01/0 : 4[7000] -> 8[7000] [receive] via NET/AWS Libfabric/3
x3005c0s19b0n0:46592:46615 [0] NCCL INFO Channel 01/0 : 20[7000] -> 24[7000] [receive] via NET/AWS Libfabric/3
x3005c0s19b0n0:46594:46617 [2] NCCL INFO Channel 00 : 26[85000] -> 25[46000] via P2P/IPC/read
x3004c0s37b0n0:45622:45647 [0] NCCL INFO Channel 02/0 : 4[7000] -> 0[7000] [send] via NET/AWS Libfabric/3
x3005c0s13b1n0:14051:14073 [0] NCCL INFO Channel 01/0 : 20[7000] -> 24[7000] [send] via NET/AWS Libfabric/3
x3005c0s13b1n0:14052:14074 [1] NCCL INFO Connected all trees
x3005c0s13b1n0:14052:14074 [1] NCCL INFO MSCCL: Parsing algorithm /home/yuke/ncclPG/CCL-LYD/msccl_tools_lyd/examples/xml/xml_lyd/ring/allreduce_ring_node8_gpu32_mcl1_mck1_gan0.xml
x3005c0s13b1n0:14054:14076 [2] NCCL INFO Connected all trees
x3005c0s13b1n0:14054:14076 [2] NCCL INFO MSCCL: Parsing algorithm /home/yuke/ncclPG/CCL-LYD/msccl_tools_lyd/examples/xml/xml_lyd/ring/allreduce_ring_node8_gpu32_mcl1_mck1_gan0.xml
x3005c0s13b1n0:14052:14074 [1] NCCL INFO Parsed MSCCL Algorithm /home/yuke/ncclPG/CCL-LYD/msccl_tools_lyd/examples/xml/xml_lyd/ring/allreduce_ring_node8_gpu32_mcl1_mck1_gan0.xml successfully.
x3005c0s13b1n0:14052:14074 [1] NCCL INFO Connected 1 MSCCL algorithms
x3005c0s13b1n0:14052:14074 [1] NCCL INFO threadThresholds 8/8/64 | 256/8/64 | 8/8/64 | 8/8/512
x3005c0s13b1n0:14052:14074 [1] NCCL INFO 4 coll channels, 4 p2p channels, 2 p2p channels per peer
x3005c0s13b1n0:14054:14076 [2] NCCL INFO Parsed MSCCL Algorithm /home/yuke/ncclPG/CCL-LYD/msccl_tools_lyd/examples/xml/xml_lyd/ring/allreduce_ring_node8_gpu32_mcl1_mck1_gan0.xml successfully.
x3005c0s13b1n0:14054:14076 [2] NCCL INFO Connected 1 MSCCL algorithms
x3005c0s13b1n0:14054:14076 [2] NCCL INFO threadThresholds 8/8/64 | 256/8/64 | 8/8/64 | 8/8/512
x3005c0s13b1n0:14054:14076 [2] NCCL INFO 4 coll channels, 4 p2p channels, 2 p2p channels per peer
x3005c0s13b1n0:14055:14075 [3] NCCL INFO Connected all trees
x3005c0s13b1n0:14055:14075 [3] NCCL INFO MSCCL: Parsing algorithm /home/yuke/ncclPG/CCL-LYD/msccl_tools_lyd/examples/xml/xml_lyd/ring/allreduce_ring_node8_gpu32_mcl1_mck1_gan0.xml
x3005c0s19b0n0:46592:46615 [0] NCCL INFO Channel 01/0 : 24[7000] -> 28[7000] [send] via NET/AWS Libfabric/3
x3005c0s13b1n0:14055:14075 [3] NCCL INFO Parsed MSCCL Algorithm /home/yuke/ncclPG/CCL-LYD/msccl_tools_lyd/examples/xml/xml_lyd/ring/allreduce_ring_node8_gpu32_mcl1_mck1_gan0.xml successfully.
x3005c0s13b1n0:14055:14075 [3] NCCL INFO Connected 1 MSCCL algorithms
x3005c0s13b1n0:14055:14075 [3] NCCL INFO threadThresholds 8/8/64 | 256/8/64 | 8/8/64 | 8/8/512
x3005c0s13b1n0:14055:14075 [3] NCCL INFO 4 coll channels, 4 p2p channels, 2 p2p channels per peer
x3004c0s37b0n0:45622:45647 [0] NCCL INFO Connected all trees
x3004c0s37b0n0:45622:45647 [0] NCCL INFO MSCCL: Parsing algorithm /home/yuke/ncclPG/CCL-LYD/msccl_tools_lyd/examples/xml/xml_lyd/ring/allreduce_ring_node8_gpu32_mcl1_mck1_gan0.xml
x3005c0s25b1n0:36430:36453 [3] NCCL INFO Connected all trees
x3005c0s25b1n0:36430:36453 [3] NCCL INFO MSCCL: Parsing algorithm /home/yuke/ncclPG/CCL-LYD/msccl_tools_lyd/examples/xml/xml_lyd/ring/allreduce_ring_node8_gpu32_mcl1_mck1_gan0.xml
x3004c0s37b0n0:45627:45646 [3] NCCL INFO Channel 01/0 : 10[85000] -> 7[c7000] [receive] via NET/AWS Libfabric/1
x3005c0s19b0n0:46595:46618 [3] NCCL INFO Connected all trees
x3005c0s19b0n0:46595:46618 [3] NCCL INFO MSCCL: Parsing algorithm /home/yuke/ncclPG/CCL-LYD/msccl_tools_lyd/examples/xml/xml_lyd/ring/allreduce_ring_node8_gpu32_mcl1_mck1_gan0.xml
x3005c0s25b1n0:36430:36453 [3] NCCL INFO Parsed MSCCL Algorithm /home/yuke/ncclPG/CCL-LYD/msccl_tools_lyd/examples/xml/xml_lyd/ring/allreduce_ring_node8_gpu32_mcl1_mck1_gan0.xml successfully.
x3005c0s25b1n0:36430:36453 [3] NCCL INFO Connected 1 MSCCL algorithms
x3005c0s25b1n0:36430:36453 [3] NCCL INFO threadThresholds 8/8/64 | 256/8/64 | 8/8/64 | 8/8/512
x3005c0s25b1n0:36430:36453 [3] NCCL INFO 4 coll channels, 4 p2p channels, 2 p2p channels per peer
x3005c0s19b0n0:46595:46618 [3] NCCL INFO Parsed MSCCL Algorithm /home/yuke/ncclPG/CCL-LYD/msccl_tools_lyd/examples/xml/xml_lyd/ring/allreduce_ring_node8_gpu32_mcl1_mck1_gan0.xml successfully.
x3005c0s19b0n0:46595:46618 [3] NCCL INFO Connected 1 MSCCL algorithms
x3005c0s19b0n0:46595:46618 [3] NCCL INFO threadThresholds 8/8/64 | 256/8/64 | 8/8/64 | 8/8/512
x3005c0s19b0n0:46595:46618 [3] NCCL INFO 4 coll channels, 4 p2p channels, 2 p2p channels per peer
x3004c0s31b1n0:14950:14973 [0] NCCL INFO Connected all trees
x3004c0s31b1n0:14950:14973 [0] NCCL INFO MSCCL: Parsing algorithm /home/yuke/ncclPG/CCL-LYD/msccl_tools_lyd/examples/xml/xml_lyd/ring/allreduce_ring_node8_gpu32_mcl1_mck1_gan0.xml
x3004c0s37b0n0:45622:45647 [0] NCCL INFO Parsed MSCCL Algorithm /home/yuke/ncclPG/CCL-LYD/msccl_tools_lyd/examples/xml/xml_lyd/ring/allreduce_ring_node8_gpu32_mcl1_mck1_gan0.xml successfully.
x3004c0s37b0n0:45625:45645 [1] NCCL INFO Connected all trees
x3004c0s37b0n0:45625:45645 [1] NCCL INFO MSCCL: Parsing algorithm /home/yuke/ncclPG/CCL-LYD/msccl_tools_lyd/examples/xml/xml_lyd/ring/allreduce_ring_node8_gpu32_mcl1_mck1_gan0.xml
x3005c0s13b1n0:14051:14073 [0] NCCL INFO Connected 1 MSCCL algorithms
x3005c0s13b1n0:14051:14073 [0] NCCL INFO threadThresholds 8/8/64 | 256/8/64 | 8/8/64 | 8/8/512
x3005c0s13b1n0:14051:14073 [0] NCCL INFO 4 coll channels, 4 p2p channels, 2 p2p channels per peer
x3004c0s37b0n0:45625:45645 [1] NCCL INFO Parsed MSCCL Algorithm /home/yuke/ncclPG/CCL-LYD/msccl_tools_lyd/examples/xml/xml_lyd/ring/allreduce_ring_node8_gpu32_mcl1_mck1_gan0.xml successfully.
x3004c0s37b0n0:45625:45645 [1] NCCL INFO Connected 1 MSCCL algorithms
x3004c0s37b0n0:45625:45645 [1] NCCL INFO threadThresholds 8/8/64 | 256/8/64 | 8/8/64 | 8/8/512
x3004c0s37b0n0:45625:45645 [1] NCCL INFO 4 coll channels, 4 p2p channels, 2 p2p channels per peer
x3004c0s37b0n0:45626:45644 [2] NCCL INFO Connected all trees
x3004c0s37b0n0:45626:45644 [2] NCCL INFO MSCCL: Parsing algorithm /home/yuke/ncclPG/CCL-LYD/msccl_tools_lyd/examples/xml/xml_lyd/ring/allreduce_ring_node8_gpu32_mcl1_mck1_gan0.xml
x3004c0s37b0n0:45626:45644 [2] NCCL INFO Parsed MSCCL Algorithm /home/yuke/ncclPG/CCL-LYD/msccl_tools_lyd/examples/xml/xml_lyd/ring/allreduce_ring_node8_gpu32_mcl1_mck1_gan0.xml successfully.
x3004c0s37b0n0:45626:45644 [2] NCCL INFO Connected 1 MSCCL algorithms
x3004c0s37b0n0:45626:45644 [2] NCCL INFO threadThresholds 8/8/64 | 256/8/64 | 8/8/64 | 8/8/512
x3004c0s37b0n0:45626:45644 [2] NCCL INFO 4 coll channels, 4 p2p channels, 2 p2p channels per peer
x3005c0s19b0n0:46594:46617 [2] NCCL INFO Channel 02 : 26[85000] -> 25[46000] via P2P/IPC/read
x3004c0s31b1n0:14950:14973 [0] NCCL INFO Parsed MSCCL Algorithm /home/yuke/ncclPG/CCL-LYD/msccl_tools_lyd/examples/xml/xml_lyd/ring/allreduce_ring_node8_gpu32_mcl1_mck1_gan0.xml successfully.
x3005c0s19b0n0:46594:46617 [2] NCCL INFO Connected all trees
x3005c0s19b0n0:46594:46617 [2] NCCL INFO MSCCL: Parsing algorithm /home/yuke/ncclPG/CCL-LYD/msccl_tools_lyd/examples/xml/xml_lyd/ring/allreduce_ring_node8_gpu32_mcl1_mck1_gan0.xml
x3005c0s19b0n0:46593:46616 [1] NCCL INFO Connected all trees
x3005c0s19b0n0:46593:46616 [1] NCCL INFO MSCCL: Parsing algorithm /home/yuke/ncclPG/CCL-LYD/msccl_tools_lyd/examples/xml/xml_lyd/ring/allreduce_ring_node8_gpu32_mcl1_mck1_gan0.xml
x3004c0s37b1n0:44298:44318 [2] NCCL INFO Channel 00 : 10[85000] -> 9[46000] via P2P/IPC/read
x3004c0s37b1n0:44296:44319 [0] NCCL INFO Channel 01/0 : 8[7000] -> 12[7000] [send] via NET/AWS Libfabric/3
x3005c0s19b0n0:46592:46615 [0] NCCL INFO Connected 1 MSCCL algorithms
x3005c0s19b0n0:46592:46615 [0] NCCL INFO threadThresholds 8/8/64 | 256/8/64 | 8/8/64 | 8/8/512
x3005c0s19b0n0:46592:46615 [0] NCCL INFO 4 coll channels, 4 p2p channels, 2 p2p channels per peer
x3005c0s19b0n0:46593:46616 [1] NCCL INFO Parsed MSCCL Algorithm /home/yuke/ncclPG/CCL-LYD/msccl_tools_lyd/examples/xml/xml_lyd/ring/allreduce_ring_node8_gpu32_mcl1_mck1_gan0.xml successfully.
x3005c0s19b0n0:46593:46616 [1] NCCL INFO Connected 1 MSCCL algorithms
x3005c0s19b0n0:46593:46616 [1] NCCL INFO threadThresholds 8/8/64 | 256/8/64 | 8/8/64 | 8/8/512
x3005c0s19b0n0:46593:46616 [1] NCCL INFO 4 coll channels, 4 p2p channels, 2 p2p channels per peer
x3005c0s19b0n0:46594:46617 [2] NCCL INFO Parsed MSCCL Algorithm /home/yuke/ncclPG/CCL-LYD/msccl_tools_lyd/examples/xml/xml_lyd/ring/allreduce_ring_node8_gpu32_mcl1_mck1_gan0.xml successfully.
x3005c0s19b0n0:46594:46617 [2] NCCL INFO Connected 1 MSCCL algorithms
x3005c0s19b0n0:46594:46617 [2] NCCL INFO threadThresholds 8/8/64 | 256/8/64 | 8/8/64 | 8/8/512
x3005c0s19b0n0:46594:46617 [2] NCCL INFO 4 coll channels, 4 p2p channels, 2 p2p channels per peer
x3004c0s37b0n0:45627:45646 [3] NCCL INFO Connected all trees
x3004c0s37b0n0:45627:45646 [3] NCCL INFO MSCCL: Parsing algorithm /home/yuke/ncclPG/CCL-LYD/msccl_tools_lyd/examples/xml/xml_lyd/ring/allreduce_ring_node8_gpu32_mcl1_mck1_gan0.xml
x3004c0s37b0n0:45627:45646 [3] NCCL INFO Parsed MSCCL Algorithm /home/yuke/ncclPG/CCL-LYD/msccl_tools_lyd/examples/xml/xml_lyd/ring/allreduce_ring_node8_gpu32_mcl1_mck1_gan0.xml successfully.
x3004c0s37b0n0:45627:45646 [3] NCCL INFO Connected 1 MSCCL algorithms
x3004c0s37b0n0:45627:45646 [3] NCCL INFO threadThresholds 8/8/64 | 256/8/64 | 8/8/64 | 8/8/512
x3004c0s37b0n0:45627:45646 [3] NCCL INFO 4 coll channels, 4 p2p channels, 2 p2p channels per peer
x3004c0s31b1n0:14950:14973 [0] NCCL INFO Channel 01/0 : 28[7000] -> 0[7000] [receive] via NET/AWS Libfabric/3
x3004c0s37b0n0:45622:45647 [0] NCCL INFO Channel 01/0 : 0[7000] -> 4[7000] [receive] via NET/AWS Libfabric/3
x3005c0s13b0n0:12886:12911 [0] NCCL INFO Connected 1 MSCCL algorithms
x3005c0s13b0n0:12886:12911 [0] NCCL INFO threadThresholds 8/8/64 | 256/8/64 | 8/8/64 | 8/8/512
x3005c0s13b0n0:12886:12911 [0] NCCL INFO 4 coll channels, 4 p2p channels, 2 p2p channels per peer
x3005c0s13b1n0:14051:14073 [0] NCCL INFO comm 0x151d9c45a010 rank 20 nranks 32 cudaDev 0 busId 7000 - Init COMPLETE
x3005c0s13b1n0:14052:14074 [1] NCCL INFO comm 0x14abaa45a010 rank 21 nranks 32 cudaDev 1 busId 46000 - Init COMPLETE
x3005c0s13b1n0:14054:14076 [2] NCCL INFO comm 0x14697c45a010 rank 22 nranks 32 cudaDev 2 busId 85000 - Init COMPLETE
x3005c0s13b1n0:14055:14075 [3] NCCL INFO comm 0x1521f181a010 rank 23 nranks 32 cudaDev 3 busId c7000 - Init COMPLETE
x3004c0s37b1n0:44298:44318 [2] NCCL INFO Channel 02 : 10[85000] -> 9[46000] via P2P/IPC/read
x3005c0s19b0n0:46593:46616 [1] NCCL INFO comm 0x14b050278010 rank 25 nranks 32 cudaDev 1 busId 46000 - Init COMPLETE
x3005c0s19b0n0:46592:46615 [0] NCCL INFO comm 0x15550c45a010 rank 24 nranks 32 cudaDev 0 busId 7000 - Init COMPLETE
x3005c0s19b0n0:46594:46617 [2] NCCL INFO comm 0x15058581a010 rank 26 nranks 32 cudaDev 2 busId 85000 - Init COMPLETE
x3005c0s19b0n0:46595:46618 [3] NCCL INFO comm 0x1529cc7d4010 rank 27 nranks 32 cudaDev 3 busId c7000 - Init COMPLETE
x3004c0s31b1n0:14950:14973 [0] NCCL INFO Channel 01/0 : 0[7000] -> 4[7000] [send] via NET/AWS Libfabric/3
x3005c0s13b0n0:12887:12910 [1] NCCL INFO comm 0x148f7c671010 rank 17 nranks 32 cudaDev 1 busId 46000 - Init COMPLETE
x3005c0s13b0n0:12889:12912 [3] NCCL INFO comm 0x150de06d5010 rank 19 nranks 32 cudaDev 3 busId c7000 - Init COMPLETE
x3005c0s13b0n0:12888:12909 [2] NCCL INFO comm 0x14f5d001f010 rank 18 nranks 32 cudaDev 2 busId 85000 - Init COMPLETE
x3005c0s13b0n0:12886:12911 [0] NCCL INFO comm 0x150690220010 rank 16 nranks 32 cudaDev 0 busId 7000 - Init COMPLETE
x3004c0s37b0n0:45622:45647 [0] NCCL INFO Channel 01/0 : 4[7000] -> 8[7000] [send] via NET/AWS Libfabric/3
x3004c0s37b1n0:44298:44318 [2] NCCL INFO Connected all trees
x3004c0s37b1n0:44298:44318 [2] NCCL INFO MSCCL: Parsing algorithm /home/yuke/ncclPG/CCL-LYD/msccl_tools_lyd/examples/xml/xml_lyd/ring/allreduce_ring_node8_gpu32_mcl1_mck1_gan0.xml
x3004c0s37b1n0:44298:44318 [2] NCCL INFO Parsed MSCCL Algorithm /home/yuke/ncclPG/CCL-LYD/msccl_tools_lyd/examples/xml/xml_lyd/ring/allreduce_ring_node8_gpu32_mcl1_mck1_gan0.xml successfully.
x3004c0s37b1n0:44298:44318 [2] NCCL INFO Connected 1 MSCCL algorithms
x3004c0s37b1n0:44298:44318 [2] NCCL INFO threadThresholds 8/8/64 | 256/8/64 | 8/8/64 | 8/8/512
x3004c0s37b1n0:44298:44318 [2] NCCL INFO 4 coll channels, 4 p2p channels, 2 p2p channels per peer
x3004c0s37b1n0:44297:44320 [1] NCCL INFO Connected all trees
x3004c0s37b1n0:44297:44320 [1] NCCL INFO MSCCL: Parsing algorithm /home/yuke/ncclPG/CCL-LYD/msccl_tools_lyd/examples/xml/xml_lyd/ring/allreduce_ring_node8_gpu32_mcl1_mck1_gan0.xml
x3004c0s37b0n0:45622:45647 [0] NCCL INFO Connected 1 MSCCL algorithms
x3004c0s37b0n0:45622:45647 [0] NCCL INFO threadThresholds 8/8/64 | 256/8/64 | 8/8/64 | 8/8/512
x3004c0s37b0n0:45622:45647 [0] NCCL INFO 4 coll channels, 4 p2p channels, 2 p2p channels per peer
x3005c0s25b1n0:36427:36454 [0] NCCL INFO Connected 1 MSCCL algorithms
x3005c0s25b1n0:36427:36454 [0] NCCL INFO threadThresholds 8/8/64 | 256/8/64 | 8/8/64 | 8/8/512
x3005c0s25b1n0:36427:36454 [0] NCCL INFO 4 coll channels, 4 p2p channels, 2 p2p channels per peer
x3004c0s37b1n0:44297:44320 [1] NCCL INFO Parsed MSCCL Algorithm /home/yuke/ncclPG/CCL-LYD/msccl_tools_lyd/examples/xml/xml_lyd/ring/allreduce_ring_node8_gpu32_mcl1_mck1_gan0.xml successfully.
x3004c0s37b1n0:44297:44320 [1] NCCL INFO Connected 1 MSCCL algorithms
x3004c0s37b1n0:44297:44320 [1] NCCL INFO threadThresholds 8/8/64 | 256/8/64 | 8/8/64 | 8/8/512
x3004c0s37b1n0:44297:44320 [1] NCCL INFO 4 coll channels, 4 p2p channels, 2 p2p channels per peer
x3004c0s7b1n0:25124:25151 [0] NCCL INFO Connected 1 MSCCL algorithms
x3004c0s7b1n0:25124:25151 [0] NCCL INFO threadThresholds 8/8/64 | 256/8/64 | 8/8/64 | 8/8/512
x3004c0s7b1n0:25124:25151 [0] NCCL INFO 4 coll channels, 4 p2p channels, 2 p2p channels per peer
x3004c0s31b1n0:14950:14973 [0] NCCL INFO Connected 1 MSCCL algorithms
x3004c0s31b1n0:14950:14973 [0] NCCL INFO threadThresholds 8/8/64 | 256/8/64 | 8/8/64 | 8/8/512
x3004c0s31b1n0:14950:14973 [0] NCCL INFO 4 coll channels, 4 p2p channels, 2 p2p channels per peer
x3004c0s37b1n0:44296:44319 [0] NCCL INFO Connected 1 MSCCL algorithms
x3004c0s37b1n0:44296:44319 [0] NCCL INFO threadThresholds 8/8/64 | 256/8/64 | 8/8/64 | 8/8/512
x3004c0s37b1n0:44296:44319 [0] NCCL INFO 4 coll channels, 4 p2p channels, 2 p2p channels per peer
x3004c0s37b0n0:45622:45647 [0] NCCL INFO comm 0x14593645a010 rank 4 nranks 32 cudaDev 0 busId 7000 - Init COMPLETE
x3004c0s37b0n0:45626:45644 [2] NCCL INFO comm 0x1537e645a010 rank 6 nranks 32 cudaDev 2 busId 85000 - Init COMPLETE
x3004c0s37b0n0:45627:45646 [3] NCCL INFO comm 0x154f5a45a010 rank 7 nranks 32 cudaDev 3 busId c7000 - Init COMPLETE
x3004c0s7b1n0:25124:25151 [0] NCCL INFO comm 0x14df5045a010 rank 12 nranks 32 cudaDev 0 busId 7000 - Init COMPLETE
x3004c0s7b1n0:25125:25149 [1] NCCL INFO comm 0x14656c792010 rank 13 nranks 32 cudaDev 1 busId 46000 - Init COMPLETE
x3004c0s7b1n0:25126:25150 [2] NCCL INFO comm 0x153c8c259010 rank 14 nranks 32 cudaDev 2 busId 85000 - Init COMPLETE
x3004c0s7b1n0:25127:25148 [3] NCCL INFO comm 0x148010259010 rank 15 nranks 32 cudaDev 3 busId c7000 - Init COMPLETE
x3004c0s37b0n0:45625:45645 [1] NCCL INFO comm 0x153ddc45a010 rank 5 nranks 32 cudaDev 1 busId 46000 - Init COMPLETE
x3005c0s25b1n0:36427:36454 [0] NCCL INFO comm 0x1520ac151010 rank 28 nranks 32 cudaDev 0 busId 7000 - Init COMPLETE
x3005c0s25b1n0:36429:36452 [2] NCCL INFO comm 0x14752045a010 rank 30 nranks 32 cudaDev 2 busId 85000 - Init COMPLETE
x3005c0s25b1n0:36428:36451 [1] NCCL INFO comm 0x14a0d9e15010 rank 29 nranks 32 cudaDev 1 busId 46000 - Init COMPLETE
x3005c0s25b1n0:36430:36453 [3] NCCL INFO comm 0x1476da45a010 rank 31 nranks 32 cudaDev 3 busId c7000 - Init COMPLETE
x3004c0s31b1n0:14951:14974 [1] NCCL INFO comm 0x14ec2445a010 rank 1 nranks 32 cudaDev 1 busId 46000 - Init COMPLETE
x3004c0s31b1n0:14953:14975 [3] NCCL INFO comm 0x14edc1394010 rank 3 nranks 32 cudaDev 3 busId c7000 - Init COMPLETE
x3004c0s31b1n0:14950:14973 [0] NCCL INFO comm 0x14dd30d53010 rank 0 nranks 32 cudaDev 0 busId 7000 - Init COMPLETE
#
#                                                              out-of-place                       in-place          
#       size         count      type   redop    root     time   algbw   busbw #wrong     time   algbw   busbw #wrong
#        (B)    (elements)                               (us)  (GB/s)  (GB/s)            (us)  (GB/s)  (GB/s)       
x3004c0s31b1n0:14952:14976 [2] NCCL INFO comm 0x14f35a45a010 rank 2 nranks 32 cudaDev 2 busId 85000 - Init COMPLETE
x3004c0s31b1n0:14950:14950 [0] NCCL INFO Launch mode Parallel
x3004c0s37b1n0:44297:44320 [1] NCCL INFO comm 0x148e6981a010 rank 9 nranks 32 cudaDev 1 busId 46000 - Init COMPLETE
x3004c0s37b1n0:44296:44319 [0] NCCL INFO comm 0x14a7c645a010 rank 8 nranks 32 cudaDev 0 busId 7000 - Init COMPLETE
x3004c0s37b1n0:44298:44318 [2] NCCL INFO comm 0x145f6c45a010 rank 10 nranks 32 cudaDev 2 busId 85000 - Init COMPLETE
x3004c0s37b1n0:44299:44317 [3] NCCL INFO comm 0x14a7d0a4c010 rank 11 nranks 32 cudaDev 3 busId c7000 - Init COMPLETE
       65536         16384     float     sum      -1    281.2    0.23    0.45      0    299.6    0.22    0.42      0
      131072         32768     float     sum      -1    320.8    0.41    0.79      0    290.1    0.45    0.88      0
      262144         65536     float     sum      -1    398.2    0.66    1.28      0    395.7    0.66    1.28      0
      524288        131072     float     sum      -1    462.2    1.13    2.20      0    464.0    1.13    2.19      0
     1048576        262144     float     sum      -1    562.9    1.86    3.61      0    572.2    1.83    3.55      0
     2097152        524288     float     sum      -1    739.8    2.83    5.49      0    709.6    2.96    5.73      0
     4194304       1048576     float     sum      -1   1082.0    3.88    7.51      0   1083.9    3.87    7.50      0
     8388608       2097152     float     sum      -1   1861.4    4.51    8.73      0   1863.5    4.50    8.72      0
