x3003c0s25b1n0:50878:50903 [1] NCCL INFO Channel 00 : 17[46000] -> 18[85000] via P2P/IPC/read
x3003c0s25b1n0:50878:50903 [1] NCCL INFO Channel 01 : 17[46000] -> 18[85000] via P2P/IPC/read
x3003c0s25b1n0:50878:50903 [1] NCCL INFO Channel 02 : 17[46000] -> 18[85000] via P2P/IPC/read
x3003c0s25b1n0:50878:50903 [1] NCCL INFO Channel 03 : 17[46000] -> 18[85000] via P2P/IPC/read
x3003c0s1b1n0:21236:21259 [3] NCCL INFO Channel 03 : 11[c7000] -> 10[85000] via P2P/IPC/read
x3003c0s1b0n0:44978:45000 [2] NCCL INFO Channel 03 : 6[85000] -> 5[46000] via P2P/IPC/read
x3004c0s1b0n0:23238:23261 [1] NCCL INFO Channel 00 : 61[46000] -> 62[85000] via P2P/IPC/read
x3004c0s13b0n0:61433:61455 [2] NCCL INFO Channel 03/0 : 46[85000] -> 55[c7000] [send] via NET/AWS Libfabric/1
x3004c0s1b0n0:23239:23262 [2] NCCL INFO Channel 00 : 62[85000] -> 63[c7000] via P2P/IPC/read
x3003c0s25b0n0:10755:10778 [1] NCCL INFO Channel 00 : 13[46000] -> 14[85000] via P2P/IPC/read
x3003c0s25b0n0:10755:10778 [1] NCCL INFO Channel 01 : 13[46000] -> 14[85000] via P2P/IPC/read
x3003c0s25b0n0:10755:10778 [1] NCCL INFO Channel 02 : 13[46000] -> 14[85000] via P2P/IPC/read
x3003c0s25b0n0:10755:10778 [1] NCCL INFO Channel 03 : 13[46000] -> 14[85000] via P2P/IPC/read
x3003c0s31b1n0:65200:65223 [2] NCCL INFO Channel 00 : 26[85000] -> 27[c7000] via P2P/IPC/read
x3003c0s31b1n0:65200:65223 [2] NCCL INFO Channel 01 : 26[85000] -> 27[c7000] via P2P/IPC/read
x3003c0s7b0n0:13671:13698 [0] NCCL INFO Connected all rings
x3003c0s7b0n0:13671:13698 [0] NCCL INFO Channel 00 : 36[7000] -> 37[46000] via P2P/IPC/read
x3003c0s7b0n0:13672:13695 [1] NCCL INFO Connected all rings
x3003c0s31b1n0:65200:65223 [2] NCCL INFO Channel 02 : 26[85000] -> 27[c7000] via P2P/IPC/read
x3003c0s31b1n0:65200:65223 [2] NCCL INFO Channel 03 : 26[85000] -> 27[c7000] via P2P/IPC/read
x3004c0s19b0n0:2591:2618 [0] NCCL INFO Channel 01 : 52[7000] -> 53[46000] via P2P/IPC/read
x3003c0s1b1n0:21235:21257 [2] NCCL INFO Connected all rings
x3003c0s1b1n0:21236:21259 [3] NCCL INFO Connected all rings
x3003c0s31b0n0:33048:33071 [1] NCCL INFO Channel 00 : 21[46000] -> 22[85000] via P2P/IPC/read
x3003c0s31b0n0:33048:33071 [1] NCCL INFO Channel 01 : 21[46000] -> 22[85000] via P2P/IPC/read
x3003c0s31b0n0:33048:33071 [1] NCCL INFO Channel 02 : 21[46000] -> 22[85000] via P2P/IPC/read
x3003c0s31b0n0:33048:33071 [1] NCCL INFO Channel 03 : 21[46000] -> 22[85000] via P2P/IPC/read
x3004c0s19b1n0:42270:42291 [3] NCCL INFO Channel 03 : 59[c7000] -> 58[85000] via P2P/IPC/read
x3004c0s19b0n0:2594:2617 [3] NCCL INFO Channel 01/0 : 55[c7000] -> 58[85000] [send] via NET/AWS Libfabric/1
x3004c0s19b0n0:2591:2618 [0] NCCL INFO Channel 02 : 52[7000] -> 53[46000] via P2P/IPC/read
x3004c0s19b0n0:2591:2618 [0] NCCL INFO Channel 03 : 52[7000] -> 53[46000] via P2P/IPC/read
x3003c0s25b1n0:50877:50904 [0] NCCL INFO Channel 03 : 16[7000] -> 17[46000] via P2P/IPC/read
x3003c0s1b0n0:44979:45001 [3] NCCL INFO Channel 00 : 7[c7000] -> 6[85000] via P2P/IPC/read
x3004c0s19b1n0:42267:42294 [0] NCCL INFO Channel 02 : 56[7000] -> 57[46000] via P2P/IPC/read
x3003c0s31b0n0:33047:33074 [0] NCCL INFO Channel 02 : 20[7000] -> 21[46000] via P2P/IPC/read
x3003c0s31b0n0:33047:33074 [0] NCCL INFO Channel 03 : 20[7000] -> 21[46000] via P2P/IPC/read
x3004c0s13b0n0:61431:61458 [0] NCCL INFO Channel 02 : 44[7000] -> 45[46000] via P2P/IPC/read
x3004c0s13b1n0:19784:19806 [3] NCCL INFO Connected all rings
x3004c0s13b1n0:19782:19805 [1] NCCL INFO Connected all rings
x3004c0s13b1n0:19783:19807 [2] NCCL INFO Connected all rings
x3003c0s1b0n0:44977:45003 [1] NCCL INFO Connected all rings
x3003c0s31b0n0:33050:33072 [3] NCCL INFO Channel 01/0 : 23[c7000] -> 26[85000] [send] via NET/AWS Libfabric/1
x3004c0s13b0n0:61434:61456 [3] NCCL INFO Channel 01/0 : 43[c7000] -> 47[c7000] [receive] via NET/AWS Libfabric/1
x3003c0s19b0n0:50334:50359 [0] NCCL INFO Connected all rings
x3004c0s1b0n0:23238:23261 [1] NCCL INFO Channel 01 : 61[46000] -> 62[85000] via P2P/IPC/read
x3003c0s19b0n0:50334:50359 [0] NCCL INFO Channel 00 : 0[7000] -> 1[46000] via P2P/IPC/read
x3003c0s19b0n0:50335:50360 [1] NCCL INFO Connected all rings
x3003c0s1b1n0:21235:21257 [2] NCCL INFO Channel 00 : 10[85000] -> 11[c7000] via P2P/IPC/read
x3003c0s1b1n0:21235:21257 [2] NCCL INFO Channel 01 : 10[85000] -> 11[c7000] via P2P/IPC/read
x3003c0s1b1n0:21235:21257 [2] NCCL INFO Channel 02 : 10[85000] -> 11[c7000] via P2P/IPC/read
x3003c0s1b1n0:21235:21257 [2] NCCL INFO Channel 03 : 10[85000] -> 11[c7000] via P2P/IPC/read
x3003c0s31b1n0:65198:65225 [0] NCCL INFO Channel 01 : 24[7000] -> 25[46000] via P2P/IPC/read
x3003c0s19b0n0:50336:50362 [2] NCCL INFO Channel 00 : 2[85000] -> 3[c7000] via P2P/IPC/read
x3003c0s19b0n0:50336:50362 [2] NCCL INFO Channel 01 : 2[85000] -> 3[c7000] via P2P/IPC/read
x3003c0s19b0n0:50336:50362 [2] NCCL INFO Channel 02 : 2[85000] -> 3[c7000] via P2P/IPC/read
x3003c0s19b0n0:50336:50362 [2] NCCL INFO Channel 03 : 2[85000] -> 3[c7000] via P2P/IPC/read
x3003c0s7b1n0:50678:50701 [2] NCCL INFO Channel 00 : 42[85000] -> 43[c7000] via P2P/IPC/read
x3003c0s7b1n0:50678:50701 [2] NCCL INFO Channel 01 : 42[85000] -> 43[c7000] via P2P/IPC/read
x3003c0s7b1n0:50678:50701 [2] NCCL INFO Channel 02 : 42[85000] -> 43[c7000] via P2P/IPC/read
x3003c0s7b1n0:50678:50701 [2] NCCL INFO Channel 03 : 42[85000] -> 43[c7000] via P2P/IPC/read
x3003c0s31b0n0:33049:33073 [2] NCCL INFO Channel 03/0 : 22[85000] -> 27[c7000] [send] via NET/AWS Libfabric/1
x3003c0s7b0n0:13671:13698 [0] NCCL INFO Channel 01 : 36[7000] -> 37[46000] via P2P/IPC/read
x3003c0s7b0n0:13671:13698 [0] NCCL INFO Channel 02 : 36[7000] -> 37[46000] via P2P/IPC/read
x3003c0s7b0n0:13671:13698 [0] NCCL INFO Channel 03 : 36[7000] -> 37[46000] via P2P/IPC/read
x3003c0s7b1n0:50676:50703 [0] NCCL INFO Channel 02/0 : 37[46000] -> 40[7000] [receive] via NET/AWS Libfabric/3
x3003c0s25b0n0:10756:10779 [2] NCCL INFO Channel 00 : 14[85000] -> 15[c7000] via P2P/IPC/read
x3003c0s25b0n0:10756:10779 [2] NCCL INFO Channel 01 : 14[85000] -> 15[c7000] via P2P/IPC/read
x3003c0s25b0n0:10756:10779 [2] NCCL INFO Channel 02 : 14[85000] -> 15[c7000] via P2P/IPC/read
x3003c0s25b0n0:10756:10779 [2] NCCL INFO Channel 03 : 14[85000] -> 15[c7000] via P2P/IPC/read
x3003c0s37b1n0:46115:46139 [0] NCCL INFO Channel 02/0 : 32[7000] -> 36[7000] [send] via NET/AWS Libfabric/3
x3004c0s1b0n0:23239:23262 [2] NCCL INFO Channel 01 : 62[85000] -> 63[c7000] via P2P/IPC/read
x3003c0s25b1n0:50879:50902 [2] NCCL INFO Channel 01/0 : 11[c7000] -> 18[85000] [receive] via NET/AWS Libfabric/1
x3003c0s1b1n0:21233:21258 [0] NCCL INFO Connected all rings
x3003c0s1b1n0:21233:21258 [0] NCCL INFO Channel 00 : 8[7000] -> 9[46000] via P2P/IPC/read
x3003c0s1b1n0:21234:21260 [1] NCCL INFO Connected all rings
x3004c0s19b0n0:2592:2615 [1] NCCL INFO Channel 00 : 53[46000] -> 54[85000] via P2P/IPC/read
x3004c0s19b0n0:2592:2615 [1] NCCL INFO Channel 01 : 53[46000] -> 54[85000] via P2P/IPC/read
x3004c0s19b1n0:42267:42294 [0] NCCL INFO Channel 03 : 56[7000] -> 57[46000] via P2P/IPC/read
x3004c0s19b0n0:2592:2615 [1] NCCL INFO Channel 02 : 53[46000] -> 54[85000] via P2P/IPC/read
x3004c0s19b1n0:42269:42293 [2] NCCL INFO Connected all rings
x3004c0s19b1n0:42270:42291 [3] NCCL INFO Connected all rings
x3004c0s19b0n0:2592:2615 [1] NCCL INFO Channel 03 : 53[46000] -> 54[85000] via P2P/IPC/read
x3004c0s13b0n0:61431:61458 [0] NCCL INFO Channel 03 : 44[7000] -> 45[46000] via P2P/IPC/read
x3004c0s1b0n0:23239:23262 [2] NCCL INFO Channel 02 : 62[85000] -> 63[c7000] via P2P/IPC/read
x3003c0s1b0n0:44979:45001 [3] NCCL INFO Channel 01 : 7[c7000] -> 6[85000] via P2P/IPC/read
x3003c0s31b0n0:33048:33071 [1] NCCL INFO Channel 02/0 : 21[46000] -> 24[7000] [send] via NET/AWS Libfabric/3
x3003c0s19b0n0:50334:50359 [0] NCCL INFO Channel 01 : 0[7000] -> 1[46000] via P2P/IPC/read
x3003c0s19b0n0:50337:50361 [3] NCCL INFO Channel 03/0 : 3[c7000] -> 7[c7000] [send] via NET/AWS Libfabric/1
x3003c0s19b0n0:50334:50359 [0] NCCL INFO Channel 02 : 0[7000] -> 1[46000] via P2P/IPC/read
x3003c0s19b0n0:50334:50359 [0] NCCL INFO Channel 03 : 0[7000] -> 1[46000] via P2P/IPC/read
x3004c0s1b0n0:23239:23262 [2] NCCL INFO Channel 03 : 62[85000] -> 63[c7000] via P2P/IPC/read
x3003c0s31b1n0:65198:65225 [0] NCCL INFO Channel 02 : 24[7000] -> 25[46000] via P2P/IPC/read
x3004c0s19b1n0:42269:42293 [2] NCCL INFO Channel 00 : 58[85000] -> 59[c7000] via P2P/IPC/read
x3004c0s19b1n0:42269:42293 [2] NCCL INFO Channel 01 : 58[85000] -> 59[c7000] via P2P/IPC/read
x3004c0s19b1n0:42269:42293 [2] NCCL INFO Channel 02 : 58[85000] -> 59[c7000] via P2P/IPC/read
x3004c0s19b1n0:42269:42293 [2] NCCL INFO Channel 03 : 58[85000] -> 59[c7000] via P2P/IPC/read
x3003c0s7b1n0:50677:50702 [1] NCCL INFO Channel 00/0 : 36[7000] -> 41[46000] [receive] via NET/AWS Libfabric/3
x3003c0s37b0n0:2649:2674 [2] NCCL INFO Channel 00 : 30[85000] -> 31[c7000] via P2P/IPC/read
x3003c0s37b0n0:2649:2674 [2] NCCL INFO Channel 01 : 30[85000] -> 31[c7000] via P2P/IPC/read
x3003c0s37b0n0:2649:2674 [2] NCCL INFO Channel 02 : 30[85000] -> 31[c7000] via P2P/IPC/read
x3003c0s37b0n0:2649:2674 [2] NCCL INFO Channel 03 : 30[85000] -> 31[c7000] via P2P/IPC/read
x3003c0s37b0n0:2648:2671 [1] NCCL INFO Channel 00 : 29[46000] -> 30[85000] via P2P/IPC/read
x3003c0s37b0n0:2648:2671 [1] NCCL INFO Channel 01 : 29[46000] -> 30[85000] via P2P/IPC/read
x3003c0s37b0n0:2648:2671 [1] NCCL INFO Channel 02 : 29[46000] -> 30[85000] via P2P/IPC/read
x3003c0s37b0n0:2648:2671 [1] NCCL INFO Channel 03 : 29[46000] -> 30[85000] via P2P/IPC/read
x3004c0s1b0n0:23238:23261 [1] NCCL INFO Channel 02 : 61[46000] -> 62[85000] via P2P/IPC/read
x3003c0s25b0n0:10755:10778 [1] NCCL INFO Channel 02/0 : 13[46000] -> 20[7000] [send] via NET/AWS Libfabric/3
x3003c0s25b1n0:50878:50903 [1] NCCL INFO Channel 00/0 : 8[7000] -> 17[46000] [receive] via NET/AWS Libfabric/3
x3004c0s1b0n0:23238:23261 [1] NCCL INFO Channel 03 : 61[46000] -> 62[85000] via P2P/IPC/read
x3004c0s19b0n0:2593:2616 [2] NCCL INFO Channel 03/0 : 54[85000] -> 59[c7000] [send] via NET/AWS Libfabric/1
x3003c0s31b0n0:33047:33074 [0] NCCL INFO Channel 02/0 : 16[7000] -> 20[7000] [receive] via NET/AWS Libfabric/3
x3003c0s1b0n0:44979:45001 [3] NCCL INFO Channel 02 : 7[c7000] -> 6[85000] via P2P/IPC/read
x3004c0s13b0n0:61432:61457 [1] NCCL INFO Channel 02/0 : 45[46000] -> 52[7000] [send] via NET/AWS Libfabric/3
x3003c0s25b0n0:10754:10780 [0] NCCL INFO Channel 00/0 : 8[7000] -> 12[7000] [receive] via NET/AWS Libfabric/3
x3003c0s31b1n0:65198:65225 [0] NCCL INFO Channel 03 : 24[7000] -> 25[46000] via P2P/IPC/read
x3004c0s19b1n0:42268:42292 [1] NCCL INFO Channel 00 : 57[46000] -> 58[85000] via P2P/IPC/read
x3003c0s1b1n0:21233:21258 [0] NCCL INFO Channel 01 : 8[7000] -> 9[46000] via P2P/IPC/read
x3003c0s25b0n0:10756:10779 [2] NCCL INFO Channel 03/0 : 14[85000] -> 23[c7000] [send] via NET/AWS Libfabric/1
x3004c0s19b0n0:2591:2618 [0] NCCL INFO Channel 02/0 : 48[7000] -> 52[7000] [receive] via NET/AWS Libfabric/3
x3003c0s7b1n0:50679:50700 [3] NCCL INFO Channel 01/0 : 43[c7000] -> 47[c7000] [send] via NET/AWS Libfabric/1
x3003c0s37b1n0:46117:46141 [2] NCCL INFO Channel 00 : 34[85000] -> 35[c7000] via P2P/IPC/read
x3003c0s7b0n0:13673:13697 [2] NCCL INFO Channel 00 : 38[85000] -> 39[c7000] via P2P/IPC/read
x3003c0s7b0n0:13673:13697 [2] NCCL INFO Channel 01 : 38[85000] -> 39[c7000] via P2P/IPC/read
x3003c0s7b0n0:13673:13697 [2] NCCL INFO Channel 02 : 38[85000] -> 39[c7000] via P2P/IPC/read
x3003c0s7b0n0:13673:13697 [2] NCCL INFO Channel 03 : 38[85000] -> 39[c7000] via P2P/IPC/read
x3004c0s19b0n0:2592:2615 [1] NCCL INFO Channel 02/0 : 53[46000] -> 56[7000] [send] via NET/AWS Libfabric/3
x3004c0s1b0n0:23239:23262 [2] NCCL INFO Channel 00 : 62[85000] -> 61[46000] via P2P/IPC/read
x3003c0s25b0n0:10757:10781 [3] NCCL INFO Channel 01/0 : 11[c7000] -> 15[c7000] [receive] via NET/AWS Libfabric/1
x3003c0s25b1n0:50877:50904 [0] NCCL INFO Channel 02/0 : 16[7000] -> 20[7000] [send] via NET/AWS Libfabric/3
x3003c0s37b0n0:2647:2673 [0] NCCL INFO Channel 00/0 : 24[7000] -> 28[7000] [receive] via NET/AWS Libfabric/3
x3003c0s31b1n0:65199:65226 [1] NCCL INFO Channel 00 : 25[46000] -> 26[85000] via P2P/IPC/read
x3004c0s19b1n0:42268:42292 [1] NCCL INFO Channel 01 : 57[46000] -> 58[85000] via P2P/IPC/read
x3003c0s1b1n0:21236:21259 [3] NCCL INFO Channel 01/0 : 11[c7000] -> 15[c7000] [send] via NET/AWS Libfabric/1
x3004c0s1b0n0:23237:23264 [0] NCCL INFO Channel 00/0 : 56[7000] -> 60[7000] [receive] via NET/AWS Libfabric/3
x3003c0s37b0n0:2650:2672 [3] NCCL INFO Channel 01/0 : 27[c7000] -> 31[c7000] [receive] via NET/AWS Libfabric/1
x3003c0s7b0n0:13672:13695 [1] NCCL INFO Channel 00 : 37[46000] -> 38[85000] via P2P/IPC/read
x3003c0s7b0n0:13672:13695 [1] NCCL INFO Channel 01 : 37[46000] -> 38[85000] via P2P/IPC/read
x3003c0s7b0n0:13672:13695 [1] NCCL INFO Channel 02 : 37[46000] -> 38[85000] via P2P/IPC/read
x3003c0s7b0n0:13672:13695 [1] NCCL INFO Channel 03 : 37[46000] -> 38[85000] via P2P/IPC/read
x3003c0s1b0n0:44979:45001 [3] NCCL INFO Channel 03 : 7[c7000] -> 6[85000] via P2P/IPC/read
x3003c0s1b1n0:21233:21258 [0] NCCL INFO Channel 02 : 8[7000] -> 9[46000] via P2P/IPC/read
x3003c0s37b0n0:2648:2671 [1] NCCL INFO Channel 02/0 : 29[46000] -> 44[7000] [send] via NET/AWS Libfabric/3
x3003c0s37b1n0:46117:46141 [2] NCCL INFO Channel 01 : 34[85000] -> 35[c7000] via P2P/IPC/read
x3004c0s19b1n0:42268:42292 [1] NCCL INFO Channel 02 : 57[46000] -> 58[85000] via P2P/IPC/read
x3004c0s1b0n0:23239:23262 [2] NCCL INFO Channel 02 : 62[85000] -> 61[46000] via P2P/IPC/read
x3003c0s37b1n0:46117:46141 [2] NCCL INFO Channel 02 : 34[85000] -> 35[c7000] via P2P/IPC/read
x3003c0s37b1n0:46117:46141 [2] NCCL INFO Channel 03 : 34[85000] -> 35[c7000] via P2P/IPC/read
x3003c0s7b1n0:50678:50701 [2] NCCL INFO Channel 01/0 : 39[c7000] -> 42[85000] [receive] via NET/AWS Libfabric/1
x3004c0s1b0n0:23240:23263 [3] NCCL INFO Channel 01/0 : 59[c7000] -> 63[c7000] [receive] via NET/AWS Libfabric/1
x3003c0s37b0n0:2649:2674 [2] NCCL INFO Channel 03/0 : 30[85000] -> 47[c7000] [send] via NET/AWS Libfabric/1
x3003c0s19b0n0:50335:50360 [1] NCCL INFO Channel 00 : 1[46000] -> 2[85000] via P2P/IPC/read
x3003c0s19b0n0:50335:50360 [1] NCCL INFO Channel 01 : 1[46000] -> 2[85000] via P2P/IPC/read
x3003c0s19b0n0:50335:50360 [1] NCCL INFO Channel 02 : 1[46000] -> 2[85000] via P2P/IPC/read
x3003c0s19b0n0:50335:50360 [1] NCCL INFO Channel 03 : 1[46000] -> 2[85000] via P2P/IPC/read
x3004c0s13b0n0:61434:61456 [3] NCCL INFO Channel 03/0 : 39[c7000] -> 47[c7000] [receive] via NET/AWS Libfabric/1
x3003c0s25b1n0:50877:50904 [0] NCCL INFO Channel 00/0 : 16[7000] -> 24[7000] [send] via NET/AWS Libfabric/3
x3003c0s19b0n0:50336:50362 [2] NCCL INFO Channel 00 : 2[85000] -> 1[46000] via P2P/IPC/read
x3003c0s37b1n0:46118:46142 [3] NCCL INFO Channel 03/0 : 35[c7000] -> 39[c7000] [send] via NET/AWS Libfabric/1
x3003c0s31b1n0:65199:65226 [1] NCCL INFO Channel 01 : 25[46000] -> 26[85000] via P2P/IPC/read
x3004c0s13b0n0:61431:61458 [0] NCCL INFO Channel 00/0 : 40[7000] -> 44[7000] [receive] via NET/AWS Libfabric/3
x3003c0s7b1n0:50679:50700 [3] NCCL INFO Channel 03/0 : 38[85000] -> 43[c7000] [receive] via NET/AWS Libfabric/1
x3003c0s1b1n0:21236:21259 [3] NCCL INFO Channel 03/0 : 6[85000] -> 11[c7000] [receive] via NET/AWS Libfabric/1
x3003c0s31b1n0:65201:65224 [3] NCCL INFO Channel 01/0 : 27[c7000] -> 31[c7000] [send] via NET/AWS Libfabric/1
x3003c0s19b0n0:50336:50362 [2] NCCL INFO Channel 02 : 2[85000] -> 1[46000] via P2P/IPC/read
x3004c0s13b1n0:19782:19805 [1] NCCL INFO Channel 00 : 49[46000] -> 50[85000] via P2P/IPC/read
x3004c0s13b1n0:19782:19805 [1] NCCL INFO Channel 01 : 49[46000] -> 50[85000] via P2P/IPC/read
x3004c0s19b1n0:42268:42292 [1] NCCL INFO Channel 03 : 57[46000] -> 58[85000] via P2P/IPC/read
x3004c0s13b1n0:19782:19805 [1] NCCL INFO Channel 02 : 49[46000] -> 50[85000] via P2P/IPC/read
x3004c0s13b1n0:19782:19805 [1] NCCL INFO Channel 03 : 49[46000] -> 50[85000] via P2P/IPC/read
x3003c0s19b0n0:50334:50359 [0] NCCL INFO Channel 02/0 : 0[7000] -> 4[7000] [send] via NET/AWS Libfabric/3
x3004c0s1b0n0:23238:23261 [1] NCCL INFO Connected all trees
x3004c0s1b0n0:23238:23261 [1] NCCL INFO MSCCL: Parsing algorithm /home/yuke/ncclPG/CCL-LYD/msccl_tools_lyd/examples/xml/xml_lyd/ring/allreduce_ring_node16_gpu64_mcl1_mck2_gan0.xml
x3004c0s1b0n0:23239:23262 [2] NCCL INFO Connected all trees
x3004c0s1b0n0:23239:23262 [2] NCCL INFO MSCCL: Parsing algorithm /home/yuke/ncclPG/CCL-LYD/msccl_tools_lyd/examples/xml/xml_lyd/ring/allreduce_ring_node16_gpu64_mcl1_mck2_gan0.xml
x3003c0s1b1n0:21234:21260 [1] NCCL INFO Channel 00 : 9[46000] -> 10[85000] via P2P/IPC/read
x3003c0s1b0n0:44977:45003 [1] NCCL INFO Channel 00 : 5[46000] -> 6[85000] via P2P/IPC/read
x3003c0s31b1n0:65199:65226 [1] NCCL INFO Channel 02 : 25[46000] -> 26[85000] via P2P/IPC/read
x3003c0s31b1n0:65199:65226 [1] NCCL INFO Channel 03 : 25[46000] -> 26[85000] via P2P/IPC/read
x3003c0s1b0n0:44979:45001 [3] NCCL INFO Connected all rings
x3003c0s37b1n0:46116:46140 [1] NCCL INFO Channel 00/0 : 16[7000] -> 33[46000] [receive] via NET/AWS Libfabric/3
x3003c0s1b0n0:44978:45000 [2] NCCL INFO Connected all rings
x3003c0s1b1n0:21233:21258 [0] NCCL INFO Channel 03 : 8[7000] -> 9[46000] via P2P/IPC/read
x3003c0s7b0n0:13671:13698 [0] NCCL INFO Channel 02/0 : 32[7000] -> 36[7000] [receive] via NET/AWS Libfabric/3
x3003c0s7b0n0:13672:13695 [1] NCCL INFO Channel 02/0 : 37[46000] -> 40[7000] [send] via NET/AWS Libfabric/3
x3003c0s7b0n0:13674:13696 [3] NCCL INFO Channel 01/0 : 39[c7000] -> 42[85000] [send] via NET/AWS Libfabric/1
x3004c0s1b0n0:23238:23261 [1] NCCL INFO Parsed MSCCL Algorithm /home/yuke/ncclPG/CCL-LYD/msccl_tools_lyd/examples/xml/xml_lyd/ring/allreduce_ring_node16_gpu64_mcl1_mck2_gan0.xml successfully.
x3003c0s31b0n0:33047:33074 [0] NCCL INFO Channel 00/0 : 20[7000] -> 25[46000] [send] via NET/AWS Libfabric/3
x3004c0s1b0n0:23238:23261 [1] NCCL INFO Connected 1 MSCCL algorithms
x3004c0s1b0n0:23238:23261 [1] NCCL INFO threadThresholds 8/8/64 | 512/8/64 | 8/8/64 | 8/8/512
x3004c0s1b0n0:23238:23261 [1] NCCL INFO 4 coll channels, 4 p2p channels, 2 p2p channels per peer
x3004c0s1b0n0:23239:23262 [2] NCCL INFO Parsed MSCCL Algorithm /home/yuke/ncclPG/CCL-LYD/msccl_tools_lyd/examples/xml/xml_lyd/ring/allreduce_ring_node16_gpu64_mcl1_mck2_gan0.xml successfully.
x3004c0s1b0n0:23239:23262 [2] NCCL INFO Connected 1 MSCCL algorithms
x3004c0s1b0n0:23239:23262 [2] NCCL INFO threadThresholds 8/8/64 | 512/8/64 | 8/8/64 | 8/8/512
x3004c0s1b0n0:23239:23262 [2] NCCL INFO 4 coll channels, 4 p2p channels, 2 p2p channels per peer
x3003c0s1b1n0:21234:21260 [1] NCCL INFO Channel 01 : 9[46000] -> 10[85000] via P2P/IPC/read
x3003c0s25b0n0:10757:10781 [3] NCCL INFO Channel 03/0 : 7[c7000] -> 15[c7000] [receive] via NET/AWS Libfabric/1
x3003c0s7b0n0:13673:13697 [2] NCCL INFO Channel 03/0 : 38[85000] -> 43[c7000] [send] via NET/AWS Libfabric/1
x3003c0s1b1n0:21234:21260 [1] NCCL INFO Channel 02 : 9[46000] -> 10[85000] via P2P/IPC/read
x3003c0s1b1n0:21234:21260 [1] NCCL INFO Channel 03 : 9[46000] -> 10[85000] via P2P/IPC/read
x3003c0s31b1n0:65201:65224 [3] NCCL INFO Channel 03/0 : 22[85000] -> 27[c7000] [receive] via NET/AWS Libfabric/1
x3004c0s13b1n0:19781:19808 [0] NCCL INFO Channel 02/0 : 48[7000] -> 52[7000] [send] via NET/AWS Libfabric/3
x3003c0s1b0n0:44978:45000 [2] NCCL INFO Channel 00 : 6[85000] -> 7[c7000] via P2P/IPC/read
x3003c0s1b0n0:44978:45000 [2] NCCL INFO Channel 01 : 6[85000] -> 7[c7000] via P2P/IPC/read
x3003c0s1b0n0:44978:45000 [2] NCCL INFO Channel 02 : 6[85000] -> 7[c7000] via P2P/IPC/read
x3003c0s1b0n0:44978:45000 [2] NCCL INFO Channel 03 : 6[85000] -> 7[c7000] via P2P/IPC/read
x3004c0s13b1n0:19783:19807 [2] NCCL INFO Channel 00 : 50[85000] -> 51[c7000] via P2P/IPC/read
x3003c0s19b0n0:50336:50362 [2] NCCL INFO Connected all trees
x3003c0s19b0n0:50336:50362 [2] NCCL INFO MSCCL: Parsing algorithm /home/yuke/ncclPG/CCL-LYD/msccl_tools_lyd/examples/xml/xml_lyd/ring/allreduce_ring_node16_gpu64_mcl1_mck2_gan0.xml
x3003c0s19b0n0:50335:50360 [1] NCCL INFO Connected all trees
x3003c0s19b0n0:50335:50360 [1] NCCL INFO MSCCL: Parsing algorithm /home/yuke/ncclPG/CCL-LYD/msccl_tools_lyd/examples/xml/xml_lyd/ring/allreduce_ring_node16_gpu64_mcl1_mck2_gan0.xml
x3004c0s19b1n0:42267:42294 [0] NCCL INFO Channel 02/0 : 53[46000] -> 56[7000] [receive] via NET/AWS Libfabric/3
x3003c0s31b1n0:65198:65225 [0] NCCL INFO Channel 02/0 : 21[46000] -> 24[7000] [receive] via NET/AWS Libfabric/3
x3003c0s37b0n0:2650:2672 [3] NCCL INFO Channel 03/0 : 15[c7000] -> 31[c7000] [receive] via NET/AWS Libfabric/1
x3003c0s1b0n0:44977:45003 [1] NCCL INFO Channel 01 : 5[46000] -> 6[85000] via P2P/IPC/read
x3003c0s1b0n0:44977:45003 [1] NCCL INFO Channel 02 : 5[46000] -> 6[85000] via P2P/IPC/read
x3003c0s19b0n0:50335:50360 [1] NCCL INFO Parsed MSCCL Algorithm /home/yuke/ncclPG/CCL-LYD/msccl_tools_lyd/examples/xml/xml_lyd/ring/allreduce_ring_node16_gpu64_mcl1_mck2_gan0.xml successfully.
x3003c0s19b0n0:50335:50360 [1] NCCL INFO Connected 1 MSCCL algorithms
x3003c0s19b0n0:50335:50360 [1] NCCL INFO threadThresholds 8/8/64 | 512/8/64 | 8/8/64 | 8/8/512
x3003c0s19b0n0:50335:50360 [1] NCCL INFO 4 coll channels, 4 p2p channels, 2 p2p channels per peer
x3003c0s19b0n0:50336:50362 [2] NCCL INFO Parsed MSCCL Algorithm /home/yuke/ncclPG/CCL-LYD/msccl_tools_lyd/examples/xml/xml_lyd/ring/allreduce_ring_node16_gpu64_mcl1_mck2_gan0.xml successfully.
x3003c0s19b0n0:50336:50362 [2] NCCL INFO Connected 1 MSCCL algorithms
x3003c0s19b0n0:50336:50362 [2] NCCL INFO threadThresholds 8/8/64 | 512/8/64 | 8/8/64 | 8/8/512
x3003c0s19b0n0:50336:50362 [2] NCCL INFO 4 coll channels, 4 p2p channels, 2 p2p channels per peer
x3003c0s37b1n0:46117:46141 [2] NCCL INFO Channel 01/0 : 19[c7000] -> 34[85000] [receive] via NET/AWS Libfabric/1
x3003c0s37b1n0:46115:46139 [0] NCCL INFO Channel 00/0 : 32[7000] -> 48[7000] [send] via NET/AWS Libfabric/3
x3003c0s31b1n0:65200:65223 [2] NCCL INFO Channel 01/0 : 23[c7000] -> 26[85000] [receive] via NET/AWS Libfabric/1
x3003c0s7b0n0:13674:13696 [3] NCCL INFO Channel 03/0 : 35[c7000] -> 39[c7000] [receive] via NET/AWS Libfabric/1
x3003c0s7b1n0:50678:50701 [2] NCCL INFO Channel 01/0 : 42[85000] -> 39[c7000] [send] via NET/AWS Libfabric/1
x3004c0s13b1n0:19781:19808 [0] NCCL INFO Channel 00/0 : 48[7000] -> 56[7000] [send] via NET/AWS Libfabric/3
x3004c0s19b1n0:42269:42293 [2] NCCL INFO Channel 01/0 : 55[c7000] -> 58[85000] [receive] via NET/AWS Libfabric/1
x3004c0s19b1n0:42268:42292 [1] NCCL INFO Channel 00/0 : 52[7000] -> 57[46000] [receive] via NET/AWS Libfabric/3
x3003c0s7b0n0:13672:13695 [1] NCCL INFO Channel 02/0 : 40[7000] -> 37[46000] [receive] via NET/AWS Libfabric/3
x3003c0s7b1n0:50679:50700 [3] NCCL INFO Channel 01/0 : 43[c7000] -> 50[85000] [send] via NET/AWS Libfabric/1
x3003c0s31b0n0:33048:33071 [1] NCCL INFO Channel 02/0 : 24[7000] -> 21[46000] [receive] via NET/AWS Libfabric/3
x3004c0s19b0n0:2591:2618 [0] NCCL INFO Channel 00/0 : 52[7000] -> 57[46000] [send] via NET/AWS Libfabric/3
x3004c0s19b1n0:42270:42291 [3] NCCL INFO Channel 01/0 : 59[c7000] -> 63[c7000] [send] via NET/AWS Libfabric/1
x3003c0s31b1n0:65199:65226 [1] NCCL INFO Channel 00/0 : 20[7000] -> 25[46000] [receive] via NET/AWS Libfabric/3
x3003c0s7b0n0:13673:13697 [2] NCCL INFO Channel 03/0 : 43[c7000] -> 38[85000] [receive] via NET/AWS Libfabric/1
x3003c0s7b1n0:50676:50703 [0] NCCL INFO Channel 00/0 : 40[7000] -> 44[7000] [send] via NET/AWS Libfabric/3
x3004c0s13b1n0:19783:19807 [2] NCCL INFO Channel 01 : 50[85000] -> 51[c7000] via P2P/IPC/read
x3003c0s1b0n0:44977:45003 [1] NCCL INFO Channel 03 : 5[46000] -> 6[85000] via P2P/IPC/read
x3003c0s1b0n0:44979:45001 [3] NCCL INFO Channel 01/0 : 7[c7000] -> 10[85000] [send] via NET/AWS Libfabric/1
x3003c0s37b1n0:46118:46142 [3] NCCL INFO Channel 01/0 : 35[c7000] -> 51[c7000] [send] via NET/AWS Libfabric/1
x3003c0s1b1n0:21235:21257 [2] NCCL INFO Channel 01/0 : 7[c7000] -> 10[85000] [receive] via NET/AWS Libfabric/1
x3004c0s19b0n0:2592:2615 [1] NCCL INFO Channel 02/0 : 56[7000] -> 53[46000] [receive] via NET/AWS Libfabric/3
x3004c0s19b1n0:42270:42291 [3] NCCL INFO Channel 03/0 : 54[85000] -> 59[c7000] [receive] via NET/AWS Libfabric/1
x3003c0s7b0n0:13671:13698 [0] NCCL INFO Channel 00/0 : 36[7000] -> 41[46000] [send] via NET/AWS Libfabric/3
x3004c0s19b0n0:2594:2617 [3] NCCL INFO Channel 03/0 : 51[c7000] -> 55[c7000] [receive] via NET/AWS Libfabric/1
x3004c0s13b1n0:19783:19807 [2] NCCL INFO Channel 02 : 50[85000] -> 51[c7000] via P2P/IPC/read
x3003c0s31b1n0:65198:65225 [0] NCCL INFO Channel 00/0 : 24[7000] -> 28[7000] [send] via NET/AWS Libfabric/3
x3003c0s7b0n0:13674:13696 [3] NCCL INFO Channel 03/0 : 39[c7000] -> 47[c7000] [send] via NET/AWS Libfabric/1
x3003c0s1b1n0:21234:21260 [1] NCCL INFO Channel 00/0 : 4[7000] -> 9[46000] [receive] via NET/AWS Libfabric/3
x3003c0s7b0n0:13671:13698 [0] NCCL INFO Channel 02/0 : 36[7000] -> 44[7000] [send] via NET/AWS Libfabric/3
x3003c0s31b0n0:33049:33073 [2] NCCL INFO Channel 03/0 : 27[c7000] -> 22[85000] [receive] via NET/AWS Libfabric/1
x3004c0s13b0n0:61431:61458 [0] NCCL INFO Channel 02/0 : 36[7000] -> 44[7000] [receive] via NET/AWS Libfabric/3
x3003c0s31b0n0:33050:33072 [3] NCCL INFO Channel 03/0 : 19[c7000] -> 23[c7000] [receive] via NET/AWS Libfabric/1
x3004c0s1b0n0:23240:23263 [3] NCCL INFO Channel 03/0 : 31[c7000] -> 63[c7000] [receive] via NET/AWS Libfabric/1
x3004c0s19b1n0:42267:42294 [0] NCCL INFO Channel 00/0 : 56[7000] -> 60[7000] [send] via NET/AWS Libfabric/3
x3003c0s7b1n0:50676:50703 [0] NCCL INFO Channel 00/0 : 40[7000] -> 49[46000] [send] via NET/AWS Libfabric/3
x3003c0s1b0n0:44978:45000 [2] NCCL INFO Channel 03/0 : 6[85000] -> 11[c7000] [send] via NET/AWS Libfabric/1
x3003c0s31b1n0:65201:65224 [3] NCCL INFO Channel 01/0 : 19[c7000] -> 27[c7000] [receive] via NET/AWS Libfabric/1
x3004c0s19b1n0:42269:42293 [2] NCCL INFO Channel 01/0 : 58[85000] -> 55[c7000] [send] via NET/AWS Libfabric/1
x3004c0s19b0n0:2591:2618 [0] NCCL INFO Channel 02/0 : 45[46000] -> 52[7000] [receive] via NET/AWS Libfabric/3
x3003c0s1b1n0:21233:21258 [0] NCCL INFO Channel 02/0 : 5[46000] -> 8[7000] [receive] via NET/AWS Libfabric/3
x3003c0s1b0n0:44979:45001 [3] NCCL INFO Channel 03/0 : 3[c7000] -> 7[c7000] [receive] via NET/AWS Libfabric/1
x3004c0s13b0n0:61434:61456 [3] NCCL INFO Channel 03/0 : 30[85000] -> 47[c7000] [receive] via NET/AWS Libfabric/1
x3004c0s19b1n0:42268:42292 [1] NCCL INFO Channel 00/0 : 57[46000] -> 52[7000] [send] via NET/AWS Libfabric/3
x3003c0s31b1n0:65200:65223 [2] NCCL INFO Channel 01/0 : 26[85000] -> 23[c7000] [send] via NET/AWS Libfabric/1
x3003c0s31b0n0:33047:33074 [0] NCCL INFO Channel 02/0 : 13[46000] -> 20[7000] [receive] via NET/AWS Libfabric/3
x3003c0s31b1n0:65199:65226 [1] NCCL INFO Channel 00/0 : 25[46000] -> 20[7000] [send] via NET/AWS Libfabric/3
x3004c0s13b1n0:19783:19807 [2] NCCL INFO Channel 03 : 50[85000] -> 51[c7000] via P2P/IPC/read
x3003c0s7b1n0:50677:50702 [1] NCCL INFO Channel 00/0 : 41[46000] -> 36[7000] [send] via NET/AWS Libfabric/3
x3003c0s31b1n0:65198:65225 [0] NCCL INFO Channel 00/0 : 16[7000] -> 24[7000] [receive] via NET/AWS Libfabric/3
x3003c0s1b0n0:44978:45000 [2] NCCL INFO Channel 03/0 : 11[c7000] -> 6[85000] [receive] via NET/AWS Libfabric/1
x3003c0s7b0n0:13674:13696 [3] NCCL INFO Channel 03/0 : 47[c7000] -> 39[c7000] [receive] via NET/AWS Libfabric/1
x3004c0s19b0n0:2593:2616 [2] NCCL INFO Channel 03/0 : 59[c7000] -> 54[85000] [receive] via NET/AWS Libfabric/1
x3004c0s13b0n0:61432:61457 [1] NCCL INFO Channel 02/0 : 52[7000] -> 45[46000] [receive] via NET/AWS Libfabric/3
x3003c0s1b1n0:21235:21257 [2] NCCL INFO Channel 01/0 : 10[85000] -> 7[c7000] [send] via NET/AWS Libfabric/1
x3003c0s1b0n0:44976:45002 [0] NCCL INFO Channel 02/0 : 0[7000] -> 4[7000] [receive] via NET/AWS Libfabric/3
x3003c0s37b0n0:2647:2673 [0] NCCL INFO Channel 02/0 : 12[7000] -> 28[7000] [receive] via NET/AWS Libfabric/3
x3004c0s19b1n0:42267:42294 [0] NCCL INFO Channel 00/0 : 48[7000] -> 56[7000] [receive] via NET/AWS Libfabric/3
x3003c0s1b0n0:44977:45003 [1] NCCL INFO Channel 02/0 : 5[46000] -> 8[7000] [send] via NET/AWS Libfabric/3
x3003c0s1b1n0:21236:21259 [3] NCCL INFO Channel 01/0 : 11[c7000] -> 18[85000] [send] via NET/AWS Libfabric/1
x3004c0s1b0n0:23237:23264 [0] NCCL INFO Channel 02/0 : 28[7000] -> 60[7000] [receive] via NET/AWS Libfabric/3
x3004c0s1b0n0:23240:23263 [3] NCCL INFO Channel 03/0 : 63[c7000] -> 31[c7000] [send] via NET/AWS Libfabric/1
x3003c0s37b0n0:2649:2674 [2] NCCL INFO Channel 03/0 : 47[c7000] -> 30[85000] [receive] via NET/AWS Libfabric/1
x3004c0s13b0n0:61431:61458 [0] NCCL INFO Channel 02/0 : 29[46000] -> 44[7000] [receive] via NET/AWS Libfabric/3
x3003c0s1b0n0:44977:45003 [1] NCCL INFO Channel 02/0 : 8[7000] -> 5[46000] [receive] via NET/AWS Libfabric/3
x3003c0s19b0n0:50337:50361 [3] NCCL INFO Channel 01/0 : 35[c7000] -> 3[c7000] [receive] via NET/AWS Libfabric/1
x3004c0s19b0n0:2591:2618 [0] NCCL INFO Channel 02/0 : 52[7000] -> 45[46000] [send] via NET/AWS Libfabric/3
x3004c0s19b1n0:42270:42291 [3] NCCL INFO Channel 01/0 : 51[c7000] -> 59[c7000] [receive] via NET/AWS Libfabric/1
x3003c0s7b0n0:13671:13698 [0] NCCL INFO Channel 02/0 : 44[7000] -> 36[7000] [receive] via NET/AWS Libfabric/3
x3003c0s31b0n0:33050:33072 [3] NCCL INFO Channel 03/0 : 14[85000] -> 23[c7000] [receive] via NET/AWS Libfabric/1
x3003c0s25b1n0:50880:50901 [3] NCCL INFO Channel 01/0 : 19[c7000] -> 27[c7000] [send] via NET/AWS Libfabric/1
x3004c0s13b1n0:19784:19806 [3] NCCL INFO Channel 03/0 : 51[c7000] -> 55[c7000] [send] via NET/AWS Libfabric/1
x3003c0s25b1n0:50879:50902 [2] NCCL INFO Channel 01/0 : 18[85000] -> 11[c7000] [send] via NET/AWS Libfabric/1
x3003c0s25b0n0:10755:10778 [1] NCCL INFO Channel 02/0 : 20[7000] -> 13[46000] [receive] via NET/AWS Libfabric/3
x3003c0s25b1n0:50880:50901 [3] NCCL INFO Channel 01/0 : 19[c7000] -> 34[85000] [send] via NET/AWS Libfabric/1
x3004c0s13b1n0:19782:19805 [1] NCCL INFO Channel 00/0 : 40[7000] -> 49[46000] [receive] via NET/AWS Libfabric/3
x3004c0s13b0n0:61434:61456 [3] NCCL INFO Channel 03/0 : 47[c7000] -> 30[85000] [send] via NET/AWS Libfabric/1
x3003c0s1b0n0:44979:45001 [3] NCCL INFO Channel 03/0 : 7[c7000] -> 15[c7000] [send] via NET/AWS Libfabric/1
x3003c0s1b1n0:21233:21258 [0] NCCL INFO Channel 00/0 : 8[7000] -> 12[7000] [send] via NET/AWS Libfabric/3
x3003c0s31b0n0:33047:33074 [0] NCCL INFO Channel 02/0 : 20[7000] -> 13[46000] [send] via NET/AWS Libfabric/3
x3003c0s25b1n0:50877:50904 [0] NCCL INFO Channel 00/0 : 16[7000] -> 33[46000] [send] via NET/AWS Libfabric/3
x3003c0s31b1n0:65198:65225 [0] NCCL INFO Channel 00/0 : 24[7000] -> 16[7000] [send] via NET/AWS Libfabric/3
x3003c0s19b0n0:50334:50359 [0] NCCL INFO Channel 00/0 : 32[7000] -> 0[7000] [receive] via NET/AWS Libfabric/3
x3003c0s19b0n0:50337:50361 [3] NCCL INFO Channel 01/0 : 3[c7000] -> 35[c7000] [send] via NET/AWS Libfabric/1
x3003c0s37b0n0:2649:2674 [2] NCCL INFO Channel 00 : 30[85000] -> 29[46000] via P2P/IPC/read
x3003c0s7b1n0:50676:50703 [0] NCCL INFO Channel 00/0 : 49[46000] -> 40[7000] [receive] via NET/AWS Libfabric/3
x3004c0s19b0n0:2591:2618 [0] NCCL INFO Channel 00/0 : 57[46000] -> 52[7000] [receive] via NET/AWS Libfabric/3
x3004c0s1b0n0:23237:23264 [0] NCCL INFO Channel 02/0 : 60[7000] -> 28[7000] [send] via NET/AWS Libfabric/3
x3004c0s13b0n0:61434:61456 [3] NCCL INFO Channel 03/0 : 47[c7000] -> 39[c7000] [send] via NET/AWS Libfabric/1
x3003c0s25b0n0:10757:10781 [3] NCCL INFO Channel 03/0 : 15[c7000] -> 31[c7000] [send] via NET/AWS Libfabric/1
x3003c0s31b1n0:65201:65224 [3] NCCL INFO Channel 01/0 : 27[c7000] -> 19[c7000] [send] via NET/AWS Libfabric/1
x3004c0s13b1n0:19781:19808 [0] NCCL INFO Channel 00/0 : 32[7000] -> 48[7000] [receive] via NET/AWS Libfabric/3
x3003c0s1b0n0:44976:45002 [0] NCCL INFO Channel 00/0 : 4[7000] -> 9[46000] [send] via NET/AWS Libfabric/3
x3003c0s1b0n0:44979:45001 [3] NCCL INFO Channel 03/0 : 15[c7000] -> 7[c7000] [receive] via NET/AWS Libfabric/1
x3003c0s1b1n0:21236:21259 [3] NCCL INFO Channel 01/0 : 18[85000] -> 11[c7000] [receive] via NET/AWS Libfabric/1
x3004c0s13b0n0:61431:61458 [0] NCCL INFO Channel 02/0 : 44[7000] -> 29[46000] [send] via NET/AWS Libfabric/3
x3004c0s19b1n0:42267:42294 [0] NCCL INFO Channel 00/0 : 56[7000] -> 48[7000] [send] via NET/AWS Libfabric/3
x3003c0s25b1n0:50877:50904 [0] NCCL INFO Channel 00/0 : 33[46000] -> 16[7000] [receive] via NET/AWS Libfabric/3
x3003c0s25b0n0:10756:10779 [2] NCCL INFO Channel 03/0 : 23[c7000] -> 14[85000] [receive] via NET/AWS Libfabric/1
x3003c0s31b0n0:33047:33074 [0] NCCL INFO Channel 00/0 : 25[46000] -> 20[7000] [receive] via NET/AWS Libfabric/3
x3003c0s37b1n0:46117:46141 [2] NCCL INFO Channel 01/0 : 34[85000] -> 19[c7000] [send] via NET/AWS Libfabric/1
x3003c0s37b0n0:2649:2674 [2] NCCL INFO Channel 02 : 30[85000] -> 29[46000] via P2P/IPC/read
x3003c0s37b0n0:2648:2671 [1] NCCL INFO Channel 02/0 : 44[7000] -> 29[46000] [receive] via NET/AWS Libfabric/3
x3003c0s25b0n0:10754:10780 [0] NCCL INFO Channel 02/0 : 4[7000] -> 12[7000] [receive] via NET/AWS Libfabric/3
x3003c0s1b1n0:21234:21260 [1] NCCL INFO Channel 00/0 : 9[46000] -> 4[7000] [send] via NET/AWS Libfabric/3
x3003c0s1b0n0:44976:45002 [0] NCCL INFO Channel 02/0 : 4[7000] -> 12[7000] [send] via NET/AWS Libfabric/3
x3003c0s25b1n0:50879:50902 [2] NCCL INFO Channel 00 : 18[85000] -> 17[46000] via P2P/IPC/read
x3003c0s7b0n0:13674:13696 [3] NCCL INFO Channel 03/0 : 39[c7000] -> 35[c7000] [send] via NET/AWS Libfabric/1
x3004c0s13b1n0:19782:19805 [1] NCCL INFO Channel 00/0 : 49[46000] -> 40[7000] [send] via NET/AWS Libfabric/3
x3004c0s13b1n0:19783:19807 [2] NCCL INFO Channel 01/0 : 43[c7000] -> 50[85000] [receive] via NET/AWS Libfabric/1
x3004c0s13b1n0:19784:19806 [3] NCCL INFO Channel 01/0 : 51[c7000] -> 59[c7000] [send] via NET/AWS Libfabric/1
x3003c0s1b1n0:21233:21258 [0] NCCL INFO Channel 00/0 : 8[7000] -> 17[46000] [send] via NET/AWS Libfabric/3
x3003c0s19b0n0:50334:50359 [0] NCCL INFO Channel 00/0 : 0[7000] -> 32[7000] [send] via NET/AWS Libfabric/3
x3003c0s25b1n0:50880:50901 [3] NCCL INFO Channel 01/0 : 34[85000] -> 19[c7000] [receive] via NET/AWS Libfabric/1
x3004c0s19b0n0:2594:2617 [3] NCCL INFO Channel 03/0 : 46[85000] -> 55[c7000] [receive] via NET/AWS Libfabric/1
x3004c0s13b0n0:61431:61458 [0] NCCL INFO Channel 02/0 : 44[7000] -> 36[7000] [send] via NET/AWS Libfabric/3
x3003c0s37b0n0:2649:2674 [2] NCCL INFO Connected all trees
x3003c0s37b0n0:2648:2671 [1] NCCL INFO Connected all trees
x3003c0s37b0n0:2648:2671 [1] NCCL INFO MSCCL: Parsing algorithm /home/yuke/ncclPG/CCL-LYD/msccl_tools_lyd/examples/xml/xml_lyd/ring/allreduce_ring_node16_gpu64_mcl1_mck2_gan0.xml
x3003c0s37b0n0:2649:2674 [2] NCCL INFO MSCCL: Parsing algorithm /home/yuke/ncclPG/CCL-LYD/msccl_tools_lyd/examples/xml/xml_lyd/ring/allreduce_ring_node16_gpu64_mcl1_mck2_gan0.xml
x3004c0s13b0n0:61434:61456 [3] NCCL INFO Channel 01/0 : 47[c7000] -> 43[c7000] [send] via NET/AWS Libfabric/1
x3003c0s37b1n0:46116:46140 [1] NCCL INFO Channel 00/0 : 33[46000] -> 16[7000] [send] via NET/AWS Libfabric/3
x3003c0s31b0n0:33050:33072 [3] NCCL INFO Channel 03/0 : 23[c7000] -> 14[85000] [send] via NET/AWS Libfabric/1
x3003c0s37b0n0:2649:2674 [2] NCCL INFO Parsed MSCCL Algorithm /home/yuke/ncclPG/CCL-LYD/msccl_tools_lyd/examples/xml/xml_lyd/ring/allreduce_ring_node16_gpu64_mcl1_mck2_gan0.xml successfully.
x3003c0s37b0n0:2648:2671 [1] NCCL INFO Parsed MSCCL Algorithm /home/yuke/ncclPG/CCL-LYD/msccl_tools_lyd/examples/xml/xml_lyd/ring/allreduce_ring_node16_gpu64_mcl1_mck2_gan0.xml successfully.
x3003c0s37b0n0:2648:2671 [1] NCCL INFO Connected 1 MSCCL algorithms
x3003c0s25b0n0:10757:10781 [3] NCCL INFO Channel 03/0 : 31[c7000] -> 15[c7000] [receive] via NET/AWS Libfabric/1
x3003c0s37b0n0:2648:2671 [1] NCCL INFO threadThresholds 8/8/64 | 512/8/64 | 8/8/64 | 8/8/512
x3003c0s37b0n0:2648:2671 [1] NCCL INFO 4 coll channels, 4 p2p channels, 2 p2p channels per peer
x3003c0s37b0n0:2649:2674 [2] NCCL INFO Connected 1 MSCCL algorithms
x3003c0s37b0n0:2649:2674 [2] NCCL INFO threadThresholds 8/8/64 | 512/8/64 | 8/8/64 | 8/8/512
x3003c0s37b0n0:2649:2674 [2] NCCL INFO 4 coll channels, 4 p2p channels, 2 p2p channels per peer
x3004c0s13b1n0:19781:19808 [0] NCCL INFO Channel 00/0 : 48[7000] -> 32[7000] [send] via NET/AWS Libfabric/3
x3003c0s25b1n0:50879:50902 [2] NCCL INFO Channel 02 : 18[85000] -> 17[46000] via P2P/IPC/read
x3003c0s37b1n0:46117:46141 [2] NCCL INFO Channel 00 : 34[85000] -> 33[46000] via P2P/IPC/read
x3004c0s13b1n0:19784:19806 [3] NCCL INFO Channel 01/0 : 35[c7000] -> 51[c7000] [receive] via NET/AWS Libfabric/1
x3004c0s19b0n0:2591:2618 [0] NCCL INFO Channel 02/0 : 52[7000] -> 48[7000] [send] via NET/AWS Libfabric/3
x3003c0s31b0n0:33047:33074 [0] NCCL INFO Channel 02/0 : 20[7000] -> 16[7000] [send] via NET/AWS Libfabric/3
x3003c0s25b0n0:10756:10779 [2] NCCL INFO Channel 00 : 14[85000] -> 13[46000] via P2P/IPC/read
x3003c0s1b1n0:21233:21258 [0] NCCL INFO Channel 00/0 : 17[46000] -> 8[7000] [receive] via NET/AWS Libfabric/3
x3003c0s37b0n0:2650:2672 [3] NCCL INFO Channel 03/0 : 63[c7000] -> 31[c7000] [receive] via NET/AWS Libfabric/1
x3003c0s25b1n0:50878:50903 [1] NCCL INFO Channel 00/0 : 17[46000] -> 8[7000] [send] via NET/AWS Libfabric/3
x3003c0s25b1n0:50877:50904 [0] NCCL INFO Channel 00/0 : 24[7000] -> 16[7000] [receive] via NET/AWS Libfabric/3
x3003c0s31b0n0:33050:33072 [3] NCCL INFO Channel 03/0 : 23[c7000] -> 19[c7000] [send] via NET/AWS Libfabric/1
x3003c0s1b1n0:21236:21259 [3] NCCL INFO Channel 03/0 : 11[c7000] -> 6[85000] [send] via NET/AWS Libfabric/1
x3004c0s19b1n0:42270:42291 [3] NCCL INFO Channel 01/0 : 59[c7000] -> 51[c7000] [send] via NET/AWS Libfabric/1
x3003c0s37b1n0:46115:46139 [0] NCCL INFO Channel 00/0 : 0[7000] -> 32[7000] [receive] via NET/AWS Libfabric/3
x3003c0s37b1n0:46117:46141 [2] NCCL INFO Channel 02 : 34[85000] -> 33[46000] via P2P/IPC/read
x3003c0s1b0n0:44976:45002 [0] NCCL INFO Channel 02/0 : 12[7000] -> 4[7000] [receive] via NET/AWS Libfabric/3
x3003c0s7b1n0:50676:50703 [0] NCCL INFO Channel 00/0 : 44[7000] -> 40[7000] [receive] via NET/AWS Libfabric/3
x3003c0s37b0n0:2650:2672 [3] NCCL INFO Channel 03/0 : 31[c7000] -> 63[c7000] [send] via NET/AWS Libfabric/1
x3003c0s7b0n0:13671:13698 [0] NCCL INFO Channel 00/0 : 41[46000] -> 36[7000] [receive] via NET/AWS Libfabric/3
x3003c0s25b0n0:10756:10779 [2] NCCL INFO Channel 02 : 14[85000] -> 13[46000] via P2P/IPC/read
x3004c0s13b0n0:61433:61455 [2] NCCL INFO Channel 03/0 : 55[c7000] -> 46[85000] [receive] via NET/AWS Libfabric/1
x3003c0s25b0n0:10756:10779 [2] NCCL INFO Connected all trees
x3003c0s25b0n0:10756:10779 [2] NCCL INFO MSCCL: Parsing algorithm /home/yuke/ncclPG/CCL-LYD/msccl_tools_lyd/examples/xml/xml_lyd/ring/allreduce_ring_node16_gpu64_mcl1_mck2_gan0.xml
x3003c0s25b0n0:10755:10778 [1] NCCL INFO Connected all trees
x3003c0s25b0n0:10755:10778 [1] NCCL INFO MSCCL: Parsing algorithm /home/yuke/ncclPG/CCL-LYD/msccl_tools_lyd/examples/xml/xml_lyd/ring/allreduce_ring_node16_gpu64_mcl1_mck2_gan0.xml
x3004c0s13b0n0:61431:61458 [0] NCCL INFO Channel 00/0 : 44[7000] -> 40[7000] [send] via NET/AWS Libfabric/3
x3003c0s37b1n0:46117:46141 [2] NCCL INFO Connected all trees
x3003c0s37b1n0:46117:46141 [2] NCCL INFO MSCCL: Parsing algorithm /home/yuke/ncclPG/CCL-LYD/msccl_tools_lyd/examples/xml/xml_lyd/ring/allreduce_ring_node16_gpu64_mcl1_mck2_gan0.xml
x3003c0s37b1n0:46116:46140 [1] NCCL INFO Connected all trees
x3003c0s37b1n0:46116:46140 [1] NCCL INFO MSCCL: Parsing algorithm /home/yuke/ncclPG/CCL-LYD/msccl_tools_lyd/examples/xml/xml_lyd/ring/allreduce_ring_node16_gpu64_mcl1_mck2_gan0.xml
x3003c0s1b0n0:44978:45000 [2] NCCL INFO Channel 00 : 6[85000] -> 5[46000] via P2P/IPC/read
x3003c0s25b1n0:50879:50902 [2] NCCL INFO Connected all trees
x3003c0s25b1n0:50878:50903 [1] NCCL INFO Connected all trees
x3003c0s25b1n0:50878:50903 [1] NCCL INFO MSCCL: Parsing algorithm /home/yuke/ncclPG/CCL-LYD/msccl_tools_lyd/examples/xml/xml_lyd/ring/allreduce_ring_node16_gpu64_mcl1_mck2_gan0.xml
x3003c0s25b1n0:50879:50902 [2] NCCL INFO MSCCL: Parsing algorithm /home/yuke/ncclPG/CCL-LYD/msccl_tools_lyd/examples/xml/xml_lyd/ring/allreduce_ring_node16_gpu64_mcl1_mck2_gan0.xml
x3004c0s13b0n0:61431:61458 [0] NCCL INFO Connected all trees
x3004c0s13b0n0:61431:61458 [0] NCCL INFO MSCCL: Parsing algorithm /home/yuke/ncclPG/CCL-LYD/msccl_tools_lyd/examples/xml/xml_lyd/ring/allreduce_ring_node16_gpu64_mcl1_mck2_gan0.xml
x3003c0s37b1n0:46115:46139 [0] NCCL INFO Channel 00/0 : 32[7000] -> 0[7000] [send] via NET/AWS Libfabric/3
x3003c0s25b0n0:10755:10778 [1] NCCL INFO Parsed MSCCL Algorithm /home/yuke/ncclPG/CCL-LYD/msccl_tools_lyd/examples/xml/xml_lyd/ring/allreduce_ring_node16_gpu64_mcl1_mck2_gan0.xml successfully.
x3003c0s25b0n0:10755:10778 [1] NCCL INFO Connected 1 MSCCL algorithms
x3003c0s25b0n0:10754:10780 [0] NCCL INFO Channel 02/0 : 12[7000] -> 28[7000] [send] via NET/AWS Libfabric/3
x3003c0s25b0n0:10755:10778 [1] NCCL INFO threadThresholds 8/8/64 | 512/8/64 | 8/8/64 | 8/8/512
x3003c0s25b0n0:10755:10778 [1] NCCL INFO 4 coll channels, 4 p2p channels, 2 p2p channels per peer
x3003c0s25b0n0:10756:10779 [2] NCCL INFO Parsed MSCCL Algorithm /home/yuke/ncclPG/CCL-LYD/msccl_tools_lyd/examples/xml/xml_lyd/ring/allreduce_ring_node16_gpu64_mcl1_mck2_gan0.xml successfully.
x3003c0s25b0n0:10756:10779 [2] NCCL INFO Connected 1 MSCCL algorithms
x3003c0s25b0n0:10756:10779 [2] NCCL INFO threadThresholds 8/8/64 | 512/8/64 | 8/8/64 | 8/8/512
x3003c0s37b1n0:46116:46140 [1] NCCL INFO Parsed MSCCL Algorithm /home/yuke/ncclPG/CCL-LYD/msccl_tools_lyd/examples/xml/xml_lyd/ring/allreduce_ring_node16_gpu64_mcl1_mck2_gan0.xml successfully.
x3003c0s25b0n0:10756:10779 [2] NCCL INFO 4 coll channels, 4 p2p channels, 2 p2p channels per peer
x3003c0s37b1n0:46116:46140 [1] NCCL INFO Connected 1 MSCCL algorithms
x3003c0s37b1n0:46116:46140 [1] NCCL INFO threadThresholds 8/8/64 | 512/8/64 | 8/8/64 | 8/8/512
x3003c0s37b1n0:46116:46140 [1] NCCL INFO 4 coll channels, 4 p2p channels, 2 p2p channels per peer
x3003c0s37b1n0:46117:46141 [2] NCCL INFO Parsed MSCCL Algorithm /home/yuke/ncclPG/CCL-LYD/msccl_tools_lyd/examples/xml/xml_lyd/ring/allreduce_ring_node16_gpu64_mcl1_mck2_gan0.xml successfully.
x3003c0s37b1n0:46117:46141 [2] NCCL INFO Connected 1 MSCCL algorithms
x3003c0s37b1n0:46117:46141 [2] NCCL INFO threadThresholds 8/8/64 | 512/8/64 | 8/8/64 | 8/8/512
x3003c0s37b1n0:46117:46141 [2] NCCL INFO 4 coll channels, 4 p2p channels, 2 p2p channels per peer
x3004c0s19b0n0:2594:2617 [3] NCCL INFO Channel 03/0 : 55[c7000] -> 46[85000] [send] via NET/AWS Libfabric/1
x3004c0s13b1n0:19783:19807 [2] NCCL INFO Channel 01/0 : 50[85000] -> 43[c7000] [send] via NET/AWS Libfabric/1
x3003c0s1b1n0:21236:21259 [3] NCCL INFO Channel 01/0 : 15[c7000] -> 11[c7000] [receive] via NET/AWS Libfabric/1
x3003c0s25b1n0:50878:50903 [1] NCCL INFO Parsed MSCCL Algorithm /home/yuke/ncclPG/CCL-LYD/msccl_tools_lyd/examples/xml/xml_lyd/ring/allreduce_ring_node16_gpu64_mcl1_mck2_gan0.xml successfully.
x3003c0s25b1n0:50878:50903 [1] NCCL INFO Connected 1 MSCCL algorithms
x3003c0s25b1n0:50878:50903 [1] NCCL INFO threadThresholds 8/8/64 | 512/8/64 | 8/8/64 | 8/8/512
x3003c0s25b1n0:50878:50903 [1] NCCL INFO 4 coll channels, 4 p2p channels, 2 p2p channels per peer
x3003c0s7b1n0:50679:50700 [3] NCCL INFO Channel 01/0 : 50[85000] -> 43[c7000] [receive] via NET/AWS Libfabric/1
x3004c0s13b0n0:61431:61458 [0] NCCL INFO Parsed MSCCL Algorithm /home/yuke/ncclPG/CCL-LYD/msccl_tools_lyd/examples/xml/xml_lyd/ring/allreduce_ring_node16_gpu64_mcl1_mck2_gan0.xml successfully.
x3003c0s25b1n0:50879:50902 [2] NCCL INFO Parsed MSCCL Algorithm /home/yuke/ncclPG/CCL-LYD/msccl_tools_lyd/examples/xml/xml_lyd/ring/allreduce_ring_node16_gpu64_mcl1_mck2_gan0.xml successfully.
x3003c0s25b1n0:50879:50902 [2] NCCL INFO Connected 1 MSCCL algorithms
x3003c0s25b1n0:50879:50902 [2] NCCL INFO threadThresholds 8/8/64 | 512/8/64 | 8/8/64 | 8/8/512
x3003c0s25b1n0:50879:50902 [2] NCCL INFO 4 coll channels, 4 p2p channels, 2 p2p channels per peer
x3003c0s25b1n0:50880:50901 [3] NCCL INFO Channel 01/0 : 27[c7000] -> 19[c7000] [receive] via NET/AWS Libfabric/1
x3003c0s31b1n0:65198:65225 [0] NCCL INFO Channel 00/0 : 28[7000] -> 24[7000] [receive] via NET/AWS Libfabric/3
x3004c0s13b1n0:19783:19807 [2] NCCL INFO Channel 00 : 50[85000] -> 49[46000] via P2P/IPC/read
x3003c0s1b0n0:44978:45000 [2] NCCL INFO Channel 02 : 6[85000] -> 5[46000] via P2P/IPC/read
x3003c0s25b0n0:10754:10780 [0] NCCL INFO Channel 02/0 : 28[7000] -> 12[7000] [receive] via NET/AWS Libfabric/3
x3004c0s13b0n0:61433:61455 [2] NCCL INFO Channel 00 : 46[85000] -> 45[46000] via P2P/IPC/read
x3004c0s13b1n0:19783:19807 [2] NCCL INFO Channel 02 : 50[85000] -> 49[46000] via P2P/IPC/read
x3004c0s19b0n0:2594:2617 [3] NCCL INFO Channel 03/0 : 55[c7000] -> 51[c7000] [send] via NET/AWS Libfabric/1
x3004c0s13b1n0:19784:19806 [3] NCCL INFO Channel 01/0 : 51[c7000] -> 35[c7000] [send] via NET/AWS Libfabric/1
x3003c0s25b1n0:50877:50904 [0] NCCL INFO Channel 02/0 : 20[7000] -> 16[7000] [receive] via NET/AWS Libfabric/3
x3004c0s13b0n0:61433:61455 [2] NCCL INFO Channel 02 : 46[85000] -> 45[46000] via P2P/IPC/read
x3003c0s1b1n0:21233:21258 [0] NCCL INFO Channel 00/0 : 12[7000] -> 8[7000] [receive] via NET/AWS Libfabric/3
x3004c0s13b0n0:61431:61458 [0] NCCL INFO Channel 02/0 : 40[7000] -> 44[7000] [receive] via NET/AWS Libfabric/3
x3003c0s37b0n0:2650:2672 [3] NCCL INFO Channel 03/0 : 31[c7000] -> 15[c7000] [send] via NET/AWS Libfabric/1
x3004c0s13b0n0:61433:61455 [2] NCCL INFO Connected all trees
x3004c0s13b0n0:61433:61455 [2] NCCL INFO MSCCL: Parsing algorithm /home/yuke/ncclPG/CCL-LYD/msccl_tools_lyd/examples/xml/xml_lyd/ring/allreduce_ring_node16_gpu64_mcl1_mck2_gan0.xml
x3004c0s13b0n0:61432:61457 [1] NCCL INFO Connected all trees
x3004c0s13b0n0:61432:61457 [1] NCCL INFO MSCCL: Parsing algorithm /home/yuke/ncclPG/CCL-LYD/msccl_tools_lyd/examples/xml/xml_lyd/ring/allreduce_ring_node16_gpu64_mcl1_mck2_gan0.xml
x3003c0s7b0n0:13671:13698 [0] NCCL INFO Channel 02/0 : 36[7000] -> 32[7000] [send] via NET/AWS Libfabric/3
x3003c0s31b0n0:33047:33074 [0] NCCL INFO Connected all trees
x3003c0s31b0n0:33047:33074 [0] NCCL INFO MSCCL: Parsing algorithm /home/yuke/ncclPG/CCL-LYD/msccl_tools_lyd/examples/xml/xml_lyd/ring/allreduce_ring_node16_gpu64_mcl1_mck2_gan0.xml
x3003c0s25b1n0:50877:50904 [0] NCCL INFO Connected all trees
x3003c0s25b1n0:50877:50904 [0] NCCL INFO MSCCL: Parsing algorithm /home/yuke/ncclPG/CCL-LYD/msccl_tools_lyd/examples/xml/xml_lyd/ring/allreduce_ring_node16_gpu64_mcl1_mck2_gan0.xml
x3003c0s7b1n0:50676:50703 [0] NCCL INFO Channel 02/0 : 40[7000] -> 37[46000] [send] via NET/AWS Libfabric/3
x3003c0s7b1n0:50679:50700 [3] NCCL INFO Channel 03/0 : 43[c7000] -> 38[85000] [send] via NET/AWS Libfabric/1
x3004c0s13b0n0:61433:61455 [2] NCCL INFO Parsed MSCCL Algorithm /home/yuke/ncclPG/CCL-LYD/msccl_tools_lyd/examples/xml/xml_lyd/ring/allreduce_ring_node16_gpu64_mcl1_mck2_gan0.xml successfully.
x3004c0s13b0n0:61433:61455 [2] NCCL INFO Connected 1 MSCCL algorithms
x3004c0s13b0n0:61432:61457 [1] NCCL INFO Parsed MSCCL Algorithm /home/yuke/ncclPG/CCL-LYD/msccl_tools_lyd/examples/xml/xml_lyd/ring/allreduce_ring_node16_gpu64_mcl1_mck2_gan0.xml successfully.
x3004c0s13b0n0:61433:61455 [2] NCCL INFO threadThresholds 8/8/64 | 512/8/64 | 8/8/64 | 8/8/512
x3004c0s13b0n0:61433:61455 [2] NCCL INFO 4 coll channels, 4 p2p channels, 2 p2p channels per peer
x3004c0s13b0n0:61432:61457 [1] NCCL INFO Connected 1 MSCCL algorithms
x3004c0s13b0n0:61432:61457 [1] NCCL INFO threadThresholds 8/8/64 | 512/8/64 | 8/8/64 | 8/8/512
x3004c0s13b0n0:61432:61457 [1] NCCL INFO 4 coll channels, 4 p2p channels, 2 p2p channels per peer
x3003c0s37b1n0:46118:46142 [3] NCCL INFO Channel 01/0 : 3[c7000] -> 35[c7000] [receive] via NET/AWS Libfabric/1
x3003c0s25b1n0:50877:50904 [0] NCCL INFO Parsed MSCCL Algorithm /home/yuke/ncclPG/CCL-LYD/msccl_tools_lyd/examples/xml/xml_lyd/ring/allreduce_ring_node16_gpu64_mcl1_mck2_gan0.xml successfully.
x3003c0s25b0n0:10757:10781 [3] NCCL INFO Channel 03/0 : 15[c7000] -> 7[c7000] [send] via NET/AWS Libfabric/1
x3003c0s31b0n0:33047:33074 [0] NCCL INFO Parsed MSCCL Algorithm /home/yuke/ncclPG/CCL-LYD/msccl_tools_lyd/examples/xml/xml_lyd/ring/allreduce_ring_node16_gpu64_mcl1_mck2_gan0.xml successfully.
x3004c0s13b1n0:19783:19807 [2] NCCL INFO Connected all trees
x3004c0s13b1n0:19783:19807 [2] NCCL INFO MSCCL: Parsing algorithm /home/yuke/ncclPG/CCL-LYD/msccl_tools_lyd/examples/xml/xml_lyd/ring/allreduce_ring_node16_gpu64_mcl1_mck2_gan0.xml
x3003c0s37b0n0:2647:2673 [0] NCCL INFO Channel 02/0 : 60[7000] -> 28[7000] [receive] via NET/AWS Libfabric/3
x3004c0s13b1n0:19782:19805 [1] NCCL INFO Connected all trees
x3004c0s13b1n0:19782:19805 [1] NCCL INFO MSCCL: Parsing algorithm /home/yuke/ncclPG/CCL-LYD/msccl_tools_lyd/examples/xml/xml_lyd/ring/allreduce_ring_node16_gpu64_mcl1_mck2_gan0.xml
x3003c0s7b1n0:50676:50703 [0] NCCL INFO Connected all trees
x3003c0s7b1n0:50676:50703 [0] NCCL INFO MSCCL: Parsing algorithm /home/yuke/ncclPG/CCL-LYD/msccl_tools_lyd/examples/xml/xml_lyd/ring/allreduce_ring_node16_gpu64_mcl1_mck2_gan0.xml
x3004c0s1b0n0:23240:23263 [3] NCCL INFO Channel 01/0 : 63[c7000] -> 59[c7000] [send] via NET/AWS Libfabric/1
x3003c0s37b0n0:2650:2672 [3] NCCL INFO Channel 01/0 : 31[c7000] -> 27[c7000] [send] via NET/AWS Libfabric/1
x3003c0s19b0n0:50334:50359 [0] NCCL INFO Channel 02/0 : 4[7000] -> 0[7000] [receive] via NET/AWS Libfabric/3
x3004c0s13b1n0:19783:19807 [2] NCCL INFO Parsed MSCCL Algorithm /home/yuke/ncclPG/CCL-LYD/msccl_tools_lyd/examples/xml/xml_lyd/ring/allreduce_ring_node16_gpu64_mcl1_mck2_gan0.xml successfully.
x3004c0s13b1n0:19783:19807 [2] NCCL INFO Connected 1 MSCCL algorithms
x3004c0s13b1n0:19783:19807 [2] NCCL INFO threadThresholds 8/8/64 | 512/8/64 | 8/8/64 | 8/8/512
x3004c0s13b1n0:19783:19807 [2] NCCL INFO 4 coll channels, 4 p2p channels, 2 p2p channels per peer
x3004c0s13b1n0:19782:19805 [1] NCCL INFO Parsed MSCCL Algorithm /home/yuke/ncclPG/CCL-LYD/msccl_tools_lyd/examples/xml/xml_lyd/ring/allreduce_ring_node16_gpu64_mcl1_mck2_gan0.xml successfully.
