TACC:  Starting up job 6212683 
TACC:  Starting parallel tasks... 
# nThread 1 nGpus 1 minBytes 65536 maxBytes 268435456 step: 2(factor) warmup iters: 5 iters: 60 agg iters: 1 validation: 1 graph: 0
#
# Using devices
#  Rank  0 Group  0 Pid  22012 on   c196-111 device  0 [0x02] Quadro RTX 5000
#  Rank  1 Group  0 Pid  22013 on   c196-111 device  1 [0x03] Quadro RTX 5000
#  Rank  2 Group  0 Pid  22014 on   c196-111 device  2 [0x82] Quadro RTX 5000
#  Rank  3 Group  0 Pid  22015 on   c196-111 device  3 [0x83] Quadro RTX 5000
#  Rank  4 Group  0 Pid   8620 on   c196-112 device  0 [0x02] Quadro RTX 5000
#  Rank  5 Group  0 Pid   8621 on   c196-112 device  1 [0x03] Quadro RTX 5000
#  Rank  6 Group  0 Pid   8622 on   c196-112 device  2 [0x82] Quadro RTX 5000
#  Rank  7 Group  0 Pid   8623 on   c196-112 device  3 [0x83] Quadro RTX 5000
#  Rank  8 Group  0 Pid   6192 on   c197-011 device  0 [0x02] Quadro RTX 5000
#  Rank  9 Group  0 Pid   6193 on   c197-011 device  1 [0x03] Quadro RTX 5000
#  Rank 10 Group  0 Pid   6194 on   c197-011 device  2 [0x82] Quadro RTX 5000
#  Rank 11 Group  0 Pid   6195 on   c197-011 device  3 [0x83] Quadro RTX 5000
#  Rank 12 Group  0 Pid   2034 on   c197-012 device  0 [0x02] Quadro RTX 5000
#  Rank 13 Group  0 Pid   2035 on   c197-012 device  1 [0x03] Quadro RTX 5000
#  Rank 14 Group  0 Pid   2036 on   c197-012 device  2 [0x82] Quadro RTX 5000
#  Rank 15 Group  0 Pid   2037 on   c197-012 device  3 [0x83] Quadro RTX 5000
The MSCCL XML file exists: /home1/09168/ldai1/ccl-build/msccl_tools_lyd/examples/xml/xml_lyd/binary_tree/allreduce_binary_tree_2ch_2tree_4chunk_4node_16gpu.xml
c196-111:22012:22012 [0] NCCL INFO Bootstrap : Using ib0:192.168.44.121<0>
c196-111:22012:22012 [0] NCCL INFO NET/Plugin : No plugin found (libnccl-net.so), using internal implementation
c196-111:22012:22012 [0] NCCL INFO NET/IB : Using [0]mlx4_0:1/IB [RO]; OOB ib0:192.168.44.121<0>
c196-111:22012:22012 [0] NCCL INFO Using network IB
NCCL version 2.12.12.MSCCL.0.7.4+cuda11.3
c196-111:22014:22014 [2] NCCL INFO Bootstrap : Using ib0:192.168.44.121<0>
c196-111:22014:22014 [2] NCCL INFO NET/Plugin : No plugin found (libnccl-net.so), using internal implementation
c196-111:22014:22014 [2] NCCL INFO NET/IB : Using [0]mlx4_0:1/IB [RO]; OOB ib0:192.168.44.121<0>
c196-111:22014:22014 [2] NCCL INFO Using network IB
c196-111:22015:22015 [3] NCCL INFO Bootstrap : Using ib0:192.168.44.121<0>
c196-111:22015:22015 [3] NCCL INFO NET/Plugin : No plugin found (libnccl-net.so), using internal implementation
c196-111:22015:22015 [3] NCCL INFO NET/IB : Using [0]mlx4_0:1/IB [RO]; OOB ib0:192.168.44.121<0>
c196-111:22015:22015 [3] NCCL INFO Using network IB
c196-111:22013:22013 [1] NCCL INFO Bootstrap : Using ib0:192.168.44.121<0>
c196-111:22013:22013 [1] NCCL INFO NET/Plugin : No plugin found (libnccl-net.so), using internal implementation
c196-111:22013:22013 [1] NCCL INFO NET/IB : Using [0]mlx4_0:1/IB [RO]; OOB ib0:192.168.44.121<0>
c196-111:22013:22013 [1] NCCL INFO Using network IB
c196-112:8623:8623 [3] NCCL INFO Bootstrap : Using ib0:192.168.44.122<0>
c196-112:8620:8620 [0] NCCL INFO Bootstrap : Using ib0:192.168.44.122<0>
c196-112:8622:8622 [2] NCCL INFO Bootstrap : Using ib0:192.168.44.122<0>
c196-112:8622:8622 [2] NCCL INFO NET/Plugin : No plugin found (libnccl-net.so), using internal implementation
c196-112:8623:8623 [3] NCCL INFO NET/Plugin : No plugin found (libnccl-net.so), using internal implementation
c196-112:8620:8620 [0] NCCL INFO NET/Plugin : No plugin found (libnccl-net.so), using internal implementation
c197-012:2037:2037 [3] NCCL INFO Bootstrap : Using ib0:192.168.44.124<0>
c197-012:2037:2037 [3] NCCL INFO NET/Plugin : No plugin found (libnccl-net.so), using internal implementation
c197-012:2037:2037 [3] NCCL INFO NET/IB : Using [0]mlx4_0:1/IB [RO]; OOB ib0:192.168.44.124<0>
c197-012:2037:2037 [3] NCCL INFO Using network IB
c196-112:8621:8621 [1] NCCL INFO Bootstrap : Using ib0:192.168.44.122<0>
c196-112:8621:8621 [1] NCCL INFO NET/Plugin : No plugin found (libnccl-net.so), using internal implementation
c196-112:8622:8622 [2] NCCL INFO NET/IB : Using [0]mlx4_0:1/IB [RO]; OOB ib0:192.168.44.122<0>
c196-112:8622:8622 [2] NCCL INFO Using network IB
c196-112:8623:8623 [3] NCCL INFO NET/IB : Using [0]mlx4_0:1/IB [RO]; OOB ib0:192.168.44.122<0>
c196-112:8623:8623 [3] NCCL INFO Using network IB
c196-112:8620:8620 [0] NCCL INFO NET/IB : Using [0]mlx4_0:1/IB [RO]; OOB ib0:192.168.44.122<0>
c196-112:8620:8620 [0] NCCL INFO Using network IB
c196-112:8621:8621 [1] NCCL INFO NET/IB : Using [0]mlx4_0:1/IB [RO]; OOB ib0:192.168.44.122<0>
c196-112:8621:8621 [1] NCCL INFO Using network IB
c197-012:2036:2036 [2] NCCL INFO Bootstrap : Using ib0:192.168.44.124<0>
c197-012:2034:2034 [0] NCCL INFO Bootstrap : Using ib0:192.168.44.124<0>
c197-012:2035:2035 [1] NCCL INFO Bootstrap : Using ib0:192.168.44.124<0>
c197-012:2036:2036 [2] NCCL INFO NET/Plugin : No plugin found (libnccl-net.so), using internal implementation
c197-012:2034:2034 [0] NCCL INFO NET/Plugin : No plugin found (libnccl-net.so), using internal implementation
c197-012:2035:2035 [1] NCCL INFO NET/Plugin : No plugin found (libnccl-net.so), using internal implementation
c197-012:2036:2036 [2] NCCL INFO NET/IB : Using [0]mlx4_0:1/IB [RO]; OOB ib0:192.168.44.124<0>
c197-012:2036:2036 [2] NCCL INFO Using network IB
c197-012:2034:2034 [0] NCCL INFO NET/IB : Using [0]mlx4_0:1/IB [RO]; OOB ib0:192.168.44.124<0>
c197-012:2034:2034 [0] NCCL INFO Using network IB
c197-012:2035:2035 [1] NCCL INFO NET/IB : Using [0]mlx4_0:1/IB [RO]; OOB ib0:192.168.44.124<0>
c197-012:2035:2035 [1] NCCL INFO Using network IB
c197-011:6194:6194 [2] NCCL INFO Bootstrap : Using ib0:192.168.44.123<0>
c197-011:6194:6194 [2] NCCL INFO NET/Plugin : No plugin found (libnccl-net.so), using internal implementation
c197-011:6195:6195 [3] NCCL INFO Bootstrap : Using ib0:192.168.44.123<0>
c197-011:6193:6193 [1] NCCL INFO Bootstrap : Using ib0:192.168.44.123<0>
c197-011:6195:6195 [3] NCCL INFO NET/Plugin : No plugin found (libnccl-net.so), using internal implementation
c197-011:6193:6193 [1] NCCL INFO NET/Plugin : No plugin found (libnccl-net.so), using internal implementation
c197-011:6194:6194 [2] NCCL INFO NET/IB : Using [0]mlx4_0:1/IB [RO]; OOB ib0:192.168.44.123<0>
c197-011:6194:6194 [2] NCCL INFO Using network IB
c197-011:6195:6195 [3] NCCL INFO NET/IB : Using [0]mlx4_0:1/IB [RO]; OOB ib0:192.168.44.123<0>
c197-011:6195:6195 [3] NCCL INFO Using network IB
c197-011:6193:6193 [1] NCCL INFO NET/IB : Using [0]mlx4_0:1/IB [RO]; OOB ib0:192.168.44.123<0>
c197-011:6193:6193 [1] NCCL INFO Using network IB
c197-011:6192:6192 [0] NCCL INFO Bootstrap : Using ib0:192.168.44.123<0>
c197-011:6192:6192 [0] NCCL INFO NET/Plugin : No plugin found (libnccl-net.so), using internal implementation
c197-011:6192:6192 [0] NCCL INFO NET/IB : Using [0]mlx4_0:1/IB [RO]; OOB ib0:192.168.44.123<0>
c197-011:6192:6192 [0] NCCL INFO Using network IB
c196-111:22012:22063 [0] NCCL INFO Setting affinity for GPU 0 to 0f000f
c197-012:2037:2087 [3] NCCL INFO Setting affinity for GPU 3 to f000f000
c197-011:6195:6248 [3] NCCL INFO Setting affinity for GPU 3 to f000f000
c196-112:8623:8676 [3] NCCL INFO Setting affinity for GPU 3 to f000f000
c196-111:22013:22072 [1] NCCL INFO Setting affinity for GPU 1 to f000f0
c196-111:22014:22068 [2] NCCL INFO Setting affinity for GPU 2 to 0f000f00
c196-111:22015:22070 [3] NCCL INFO Setting affinity for GPU 3 to f000f000
c197-012:2036:2089 [2] NCCL INFO Setting affinity for GPU 2 to 0f000f00
c197-011:6194:6245 [2] NCCL INFO Setting affinity for GPU 2 to 0f000f00
c197-011:6192:6251 [0] NCCL INFO Setting affinity for GPU 0 to 0f000f
c196-112:8621:8679 [1] NCCL INFO Setting affinity for GPU 1 to f000f0
c197-011:6193:6249 [1] NCCL INFO Setting affinity for GPU 1 to f000f0
c197-012:2035:2093 [1] NCCL INFO Setting affinity for GPU 1 to f000f0
c197-012:2034:2092 [0] NCCL INFO Setting affinity for GPU 0 to 0f000f
c196-112:8622:8674 [2] NCCL INFO Setting affinity for GPU 2 to 0f000f00
c196-112:8620:8677 [0] NCCL INFO Setting affinity for GPU 0 to 0f000f
c196-111:22014:22068 [2] NCCL INFO Trees [0] 3/-1/-1->2->1 [1] 3/-1/-1->2->1
c197-011:6195:6248 [3] NCCL INFO Trees [0] -1/-1/-1->11->10 [1] -1/-1/-1->11->10
c196-112:8620:8677 [0] NCCL INFO Trees [0] 5/-1/-1->4->9 [1] 5/0/-1->4->12
c196-111:22015:22070 [3] NCCL INFO Trees [0] -1/-1/-1->3->2 [1] -1/-1/-1->3->2
c197-012:2034:2092 [0] NCCL INFO Trees [0] 13/-1/-1->12->8 [1] 13/4/-1->12->-1
c197-011:6194:6245 [2] NCCL INFO Trees [0] 11/-1/-1->10->9 [1] 11/-1/-1->10->9
c196-112:8622:8674 [2] NCCL INFO Trees [0] 7/-1/-1->6->5 [1] 7/-1/-1->6->5
c196-111:22013:22072 [1] NCCL INFO Trees [0] 2/-1/-1->1->0 [1] 2/-1/-1->1->0
c197-012:2037:2087 [3] NCCL INFO Trees [0] -1/-1/-1->15->14 [1] -1/-1/-1->15->14
c197-011:6192:6251 [0] NCCL INFO Trees [0] 9/12/-1->8->0 [1] 9/-1/-1->8->5
c196-112:8623:8676 [3] NCCL INFO Trees [0] -1/-1/-1->7->6 [1] -1/-1/-1->7->6
c196-111:22012:22063 [0] NCCL INFO Channel 00/02 :    0   1   2   3   4   5   6   7   8   9  10  11  12  13  14  15
c197-012:2035:2093 [1] NCCL INFO Trees [0] 14/-1/-1->13->12 [1] 14/-1/-1->13->12
c197-011:6193:6249 [1] NCCL INFO Trees [0] 10/4/-1->9->8 [1] 10/-1/-1->9->8
c196-112:8621:8679 [1] NCCL INFO Trees [0] 6/-1/-1->5->4 [1] 6/8/-1->5->4
c196-111:22012:22063 [0] NCCL INFO Channel 01/02 :    0   1   2   3   4   5   6   7   8   9  10  11  12  13  14  15
c197-012:2036:2089 [2] NCCL INFO Trees [0] 15/-1/-1->14->13 [1] 15/-1/-1->14->13
c196-111:22012:22063 [0] NCCL INFO Trees [0] 1/8/-1->0->-1 [1] 1/-1/-1->0->4
c197-012:2034:2092 [0] NCCL INFO Channel 00/0 : 11[83000] -> 12[2000] [receive] via NET/IB/0
c196-112:8620:8677 [0] NCCL INFO Channel 00/0 : 3[83000] -> 4[2000] [receive] via NET/IB/0
c197-011:6192:6251 [0] NCCL INFO Channel 00/0 : 7[83000] -> 8[2000] [receive] via NET/IB/0
c196-111:22012:22063 [0] NCCL INFO Channel 00/0 : 15[83000] -> 0[2000] [receive] via NET/IB/0
c197-012:2036:2089 [2] NCCL INFO Channel 00 : 14[82000] -> 15[83000] via direct shared memory
c197-012:2036:2089 [2] NCCL INFO Channel 01 : 14[82000] -> 15[83000] via direct shared memory
c197-012:2035:2093 [1] NCCL INFO Channel 00 : 13[3000] -> 14[82000] via direct shared memory
c197-012:2035:2093 [1] NCCL INFO Channel 01 : 13[3000] -> 14[82000] via direct shared memory
c197-011:6194:6245 [2] NCCL INFO Channel 00 : 10[82000] -> 11[83000] via direct shared memory
c197-011:6194:6245 [2] NCCL INFO Channel 01 : 10[82000] -> 11[83000] via direct shared memory
c196-111:22014:22068 [2] NCCL INFO Channel 00 : 2[82000] -> 3[83000] via direct shared memory
c197-011:6193:6249 [1] NCCL INFO Channel 00 : 9[3000] -> 10[82000] via direct shared memory
c196-111:22013:22072 [1] NCCL INFO Channel 00 : 1[3000] -> 2[82000] via direct shared memory
c196-111:22014:22068 [2] NCCL INFO Channel 01 : 2[82000] -> 3[83000] via direct shared memory
c196-112:8622:8674 [2] NCCL INFO Channel 00 : 6[82000] -> 7[83000] via direct shared memory
c197-011:6193:6249 [1] NCCL INFO Channel 01 : 9[3000] -> 10[82000] via direct shared memory
c196-112:8621:8679 [1] NCCL INFO Channel 00 : 5[3000] -> 6[82000] via direct shared memory
c196-111:22013:22072 [1] NCCL INFO Channel 01 : 1[3000] -> 2[82000] via direct shared memory
c196-112:8622:8674 [2] NCCL INFO Channel 01 : 6[82000] -> 7[83000] via direct shared memory
c196-112:8621:8679 [1] NCCL INFO Channel 01 : 5[3000] -> 6[82000] via direct shared memory
c197-012:2037:2087 [3] NCCL INFO Channel 00/0 : 15[83000] -> 0[2000] [send] via NET/IB/0
c197-011:6195:6248 [3] NCCL INFO Channel 00/0 : 11[83000] -> 12[2000] [send] via NET/IB/0
c196-111:22015:22070 [3] NCCL INFO Channel 00/0 : 3[83000] -> 4[2000] [send] via NET/IB/0
c196-112:8623:8676 [3] NCCL INFO Channel 00/0 : 7[83000] -> 8[2000] [send] via NET/IB/0
c197-012:2034:2092 [0] NCCL INFO Channel 01/0 : 11[83000] -> 12[2000] [receive] via NET/IB/0
c197-012:2034:2092 [0] NCCL INFO Channel 00 : 12[2000] -> 13[3000] via direct shared memory
c197-012:2034:2092 [0] NCCL INFO Channel 01 : 12[2000] -> 13[3000] via direct shared memory
c197-011:6192:6251 [0] NCCL INFO Channel 01/0 : 7[83000] -> 8[2000] [receive] via NET/IB/0
c196-111:22012:22063 [0] NCCL INFO Channel 01/0 : 15[83000] -> 0[2000] [receive] via NET/IB/0
c197-011:6192:6251 [0] NCCL INFO Channel 00 : 8[2000] -> 9[3000] via direct shared memory
c196-111:22012:22063 [0] NCCL INFO Channel 00 : 0[2000] -> 1[3000] via direct shared memory
c196-112:8620:8677 [0] NCCL INFO Channel 01/0 : 3[83000] -> 4[2000] [receive] via NET/IB/0
c197-011:6192:6251 [0] NCCL INFO Channel 01 : 8[2000] -> 9[3000] via direct shared memory
c196-111:22012:22063 [0] NCCL INFO Channel 01 : 0[2000] -> 1[3000] via direct shared memory
c196-112:8620:8677 [0] NCCL INFO Channel 00 : 4[2000] -> 5[3000] via direct shared memory
c196-112:8620:8677 [0] NCCL INFO Channel 01 : 4[2000] -> 5[3000] via direct shared memory
c196-112:8621:8679 [1] NCCL INFO Connected all rings
c197-011:6193:6249 [1] NCCL INFO Connected all rings
c197-012:2035:2093 [1] NCCL INFO Connected all rings
c196-111:22013:22072 [1] NCCL INFO Connected all rings
c196-112:8621:8679 [1] NCCL INFO Channel 01/0 : 5[3000] -> 8[2000] [send] via NET/IB/0
c197-011:6193:6249 [1] NCCL INFO Channel 00/0 : 4[2000] -> 9[3000] [receive] via NET/IB/0
c197-012:2037:2087 [3] NCCL INFO Channel 01/0 : 15[83000] -> 0[2000] [send] via NET/IB/0
c197-011:6195:6248 [3] NCCL INFO Channel 01/0 : 11[83000] -> 12[2000] [send] via NET/IB/0
c196-111:22015:22070 [3] NCCL INFO Channel 01/0 : 3[83000] -> 4[2000] [send] via NET/IB/0
c196-112:8623:8676 [3] NCCL INFO Channel 01/0 : 7[83000] -> 8[2000] [send] via NET/IB/0
c197-012:2036:2089 [2] NCCL INFO Connected all rings
c196-111:22014:22068 [2] NCCL INFO Connected all rings
c197-011:6194:6245 [2] NCCL INFO Connected all rings
c197-012:2035:2093 [1] NCCL INFO Channel 00 : 13[3000] -> 12[2000] via direct shared memory
c196-112:8622:8674 [2] NCCL INFO Connected all rings
c197-012:2035:2093 [1] NCCL INFO Channel 01 : 13[3000] -> 12[2000] via direct shared memory
c196-111:22013:22072 [1] NCCL INFO Channel 00 : 1[3000] -> 0[2000] via direct shared memory
c196-111:22013:22072 [1] NCCL INFO Channel 01 : 1[3000] -> 0[2000] via direct shared memory
c197-012:2037:2087 [3] NCCL INFO Connected all rings
c197-012:2037:2087 [3] NCCL INFO Channel 00 : 15[83000] -> 14[82000] via direct shared memory
c197-012:2037:2087 [3] NCCL INFO Channel 01 : 15[83000] -> 14[82000] via direct shared memory
c196-112:8623:8676 [3] NCCL INFO Connected all rings
c197-011:6195:6248 [3] NCCL INFO Connected all rings
c196-112:8623:8676 [3] NCCL INFO Channel 00 : 7[83000] -> 6[82000] via direct shared memory
c197-011:6195:6248 [3] NCCL INFO Channel 00 : 11[83000] -> 10[82000] via direct shared memory
c196-112:8623:8676 [3] NCCL INFO Channel 01 : 7[83000] -> 6[82000] via direct shared memory
c197-011:6195:6248 [3] NCCL INFO Channel 01 : 11[83000] -> 10[82000] via direct shared memory
c196-111:22015:22070 [3] NCCL INFO Connected all rings
c196-111:22015:22070 [3] NCCL INFO Channel 00 : 3[83000] -> 2[82000] via direct shared memory
c196-111:22015:22070 [3] NCCL INFO Channel 01 : 3[83000] -> 2[82000] via direct shared memory
c196-111:22012:22063 [0] NCCL INFO Connected all rings
c197-011:6194:6245 [2] NCCL INFO Channel 00 : 10[82000] -> 9[3000] via direct shared memory
c197-011:6194:6245 [2] NCCL INFO Channel 01 : 10[82000] -> 9[3000] via direct shared memory
c197-012:2034:2092 [0] NCCL INFO Connected all rings
c196-111:22014:22068 [2] NCCL INFO Channel 00 : 2[82000] -> 1[3000] via direct shared memory
c197-011:6192:6251 [0] NCCL INFO Connected all rings
c196-111:22014:22068 [2] NCCL INFO Channel 01 : 2[82000] -> 1[3000] via direct shared memory
c196-112:8620:8677 [0] NCCL INFO Connected all rings
c196-112:8622:8674 [2] NCCL INFO Channel 00 : 6[82000] -> 5[3000] via direct shared memory
c197-012:2036:2089 [2] NCCL INFO Channel 00 : 14[82000] -> 13[3000] via direct shared memory
c196-112:8622:8674 [2] NCCL INFO Channel 01 : 6[82000] -> 5[3000] via direct shared memory
c197-012:2036:2089 [2] NCCL INFO Channel 01 : 14[82000] -> 13[3000] via direct shared memory
c197-011:6195:6248 [3] NCCL INFO Connected all trees
c197-011:6195:6248 [3] NCCL INFO MSCCL_XML_FILES set by environment to /home1/09168/ldai1/ccl-build/msccl_tools_lyd/examples/xml/xml_lyd/binary_tree/allreduce_binary_tree_2ch_2tree_4chunk_4node_16gpu.xml
c197-011:6195:6248 [3] NCCL INFO MSCCL: Parsing algorithm /home1/09168/ldai1/ccl-build/msccl_tools_lyd/examples/xml/xml_lyd/binary_tree/allreduce_binary_tree_2ch_2tree_4chunk_4node_16gpu.xml
c196-112:8623:8676 [3] NCCL INFO Connected all trees
c196-112:8623:8676 [3] NCCL INFO MSCCL_XML_FILES set by environment to /home1/09168/ldai1/ccl-build/msccl_tools_lyd/examples/xml/xml_lyd/binary_tree/allreduce_binary_tree_2ch_2tree_4chunk_4node_16gpu.xml
c196-112:8623:8676 [3] NCCL INFO MSCCL: Parsing algorithm /home1/09168/ldai1/ccl-build/msccl_tools_lyd/examples/xml/xml_lyd/binary_tree/allreduce_binary_tree_2ch_2tree_4chunk_4node_16gpu.xml
c197-012:2037:2087 [3] NCCL INFO Connected all trees
c197-012:2037:2087 [3] NCCL INFO MSCCL_XML_FILES set by environment to /home1/09168/ldai1/ccl-build/msccl_tools_lyd/examples/xml/xml_lyd/binary_tree/allreduce_binary_tree_2ch_2tree_4chunk_4node_16gpu.xml
c197-012:2037:2087 [3] NCCL INFO MSCCL: Parsing algorithm /home1/09168/ldai1/ccl-build/msccl_tools_lyd/examples/xml/xml_lyd/binary_tree/allreduce_binary_tree_2ch_2tree_4chunk_4node_16gpu.xml
c196-111:22015:22070 [3] NCCL INFO Connected all trees
c196-111:22015:22070 [3] NCCL INFO MSCCL_XML_FILES set by environment to /home1/09168/ldai1/ccl-build/msccl_tools_lyd/examples/xml/xml_lyd/binary_tree/allreduce_binary_tree_2ch_2tree_4chunk_4node_16gpu.xml
c196-111:22015:22070 [3] NCCL INFO MSCCL: Parsing algorithm /home1/09168/ldai1/ccl-build/msccl_tools_lyd/examples/xml/xml_lyd/binary_tree/allreduce_binary_tree_2ch_2tree_4chunk_4node_16gpu.xml
c196-111:22014:22068 [2] NCCL INFO Connected all trees
c196-111:22014:22068 [2] NCCL INFO MSCCL_XML_FILES set by environment to /home1/09168/ldai1/ccl-build/msccl_tools_lyd/examples/xml/xml_lyd/binary_tree/allreduce_binary_tree_2ch_2tree_4chunk_4node_16gpu.xml
c196-111:22014:22068 [2] NCCL INFO MSCCL: Parsing algorithm /home1/09168/ldai1/ccl-build/msccl_tools_lyd/examples/xml/xml_lyd/binary_tree/allreduce_binary_tree_2ch_2tree_4chunk_4node_16gpu.xml
c197-012:2036:2089 [2] NCCL INFO Connected all trees
c197-012:2036:2089 [2] NCCL INFO MSCCL_XML_FILES set by environment to /home1/09168/ldai1/ccl-build/msccl_tools_lyd/examples/xml/xml_lyd/binary_tree/allreduce_binary_tree_2ch_2tree_4chunk_4node_16gpu.xml
c197-012:2036:2089 [2] NCCL INFO MSCCL: Parsing algorithm /home1/09168/ldai1/ccl-build/msccl_tools_lyd/examples/xml/xml_lyd/binary_tree/allreduce_binary_tree_2ch_2tree_4chunk_4node_16gpu.xml
c196-111:22012:22063 [0] NCCL INFO Channel 01/0 : 0[2000] -> 4[2000] [send] via NET/IB/0
c197-012:2036:2089 [2] NCCL INFO Parsed MSCCL Algorithm /home1/09168/ldai1/ccl-build/msccl_tools_lyd/examples/xml/xml_lyd/binary_tree/allreduce_binary_tree_2ch_2tree_4chunk_4node_16gpu.xml successfully.
c197-012:2037:2087 [3] NCCL INFO Parsed MSCCL Algorithm /home1/09168/ldai1/ccl-build/msccl_tools_lyd/examples/xml/xml_lyd/binary_tree/allreduce_binary_tree_2ch_2tree_4chunk_4node_16gpu.xml successfully.
c196-112:8620:8677 [0] NCCL INFO Channel 01/0 : 0[2000] -> 4[2000] [receive] via NET/IB/0
c196-112:8623:8676 [3] NCCL INFO Parsed MSCCL Algorithm /home1/09168/ldai1/ccl-build/msccl_tools_lyd/examples/xml/xml_lyd/binary_tree/allreduce_binary_tree_2ch_2tree_4chunk_4node_16gpu.xml successfully.
c196-111:22014:22068 [2] NCCL INFO Parsed MSCCL Algorithm /home1/09168/ldai1/ccl-build/msccl_tools_lyd/examples/xml/xml_lyd/binary_tree/allreduce_binary_tree_2ch_2tree_4chunk_4node_16gpu.xml successfully.
c196-111:22015:22070 [3] NCCL INFO Parsed MSCCL Algorithm /home1/09168/ldai1/ccl-build/msccl_tools_lyd/examples/xml/xml_lyd/binary_tree/allreduce_binary_tree_2ch_2tree_4chunk_4node_16gpu.xml successfully.
c197-011:6195:6248 [3] NCCL INFO Parsed MSCCL Algorithm /home1/09168/ldai1/ccl-build/msccl_tools_lyd/examples/xml/xml_lyd/binary_tree/allreduce_binary_tree_2ch_2tree_4chunk_4node_16gpu.xml successfully.
c197-012:2034:2092 [0] NCCL INFO Channel 00/0 : 8[2000] -> 12[2000] [receive] via NET/IB/0
c197-011:6192:6251 [0] NCCL INFO Channel 01/0 : 5[3000] -> 8[2000] [receive] via NET/IB/0
c197-012:2036:2089 [2] NCCL INFO Channel 02 : 14[82000] -> 15[83000] via direct shared memory
c197-012:2036:2089 [2] NCCL INFO Channel 03 : 14[82000] -> 15[83000] via direct shared memory
c197-012:2037:2087 [3] NCCL INFO Channel 01/0 : 11[83000] -> 15[83000] [receive] via NET/IB/0
c196-111:22014:22068 [2] NCCL INFO Channel 02 : 2[82000] -> 3[83000] via direct shared memory
c196-111:22014:22068 [2] NCCL INFO Channel 03 : 2[82000] -> 3[83000] via direct shared memory
c196-111:22015:22070 [3] NCCL INFO Channel 03/0 : 3[83000] -> 7[83000] [send] via NET/IB/0
c196-111:22012:22063 [0] NCCL INFO Channel 00/0 : 8[2000] -> 0[2000] [receive] via NET/IB/0
c196-112:8620:8677 [0] NCCL INFO Channel 00/0 : 4[2000] -> 9[3000] [send] via NET/IB/0
c197-011:6192:6251 [0] NCCL INFO Channel 00/0 : 8[2000] -> 12[2000] [send] via NET/IB/0
c196-112:8621:8679 [1] NCCL INFO Channel 01/0 : 8[2000] -> 5[3000] [receive] via NET/IB/0
c196-111:22012:22063 [0] NCCL INFO Channel 00/0 : 0[2000] -> 8[2000] [send] via NET/IB/0
c196-112:8620:8677 [0] NCCL INFO Channel 01/0 : 12[2000] -> 4[2000] [receive] via NET/IB/0
c197-012:2034:2092 [0] NCCL INFO Channel 01/0 : 4[2000] -> 12[2000] [receive] via NET/IB/0
c197-011:6193:6249 [1] NCCL INFO Channel 00/0 : 9[3000] -> 4[2000] [send] via NET/IB/0
c197-011:6192:6251 [0] NCCL INFO Channel 00/0 : 0[2000] -> 8[2000] [receive] via NET/IB/0
c196-112:8620:8677 [0] NCCL INFO Channel 01/0 : 4[2000] -> 12[2000] [send] via NET/IB/0
c197-012:2034:2092 [0] NCCL INFO Channel 01/0 : 12[2000] -> 4[2000] [send] via NET/IB/0
c197-011:6192:6251 [0] NCCL INFO Channel 00/0 : 8[2000] -> 0[2000] [send] via NET/IB/0
c196-112:8620:8677 [0] NCCL INFO Channel 00/0 : 9[3000] -> 4[2000] [receive] via NET/IB/0
c197-012:2034:2092 [0] NCCL INFO Channel 00/0 : 12[2000] -> 8[2000] [send] via NET/IB/0
c197-011:6192:6251 [0] NCCL INFO Channel 00/0 : 12[2000] -> 8[2000] [receive] via NET/IB/0
c196-111:22012:22063 [0] NCCL INFO Channel 01/0 : 4[2000] -> 0[2000] [receive] via NET/IB/0
c197-012:2034:2092 [0] NCCL INFO Connected all trees
c197-012:2034:2092 [0] NCCL INFO MSCCL_XML_FILES set by environment to /home1/09168/ldai1/ccl-build/msccl_tools_lyd/examples/xml/xml_lyd/binary_tree/allreduce_binary_tree_2ch_2tree_4chunk_4node_16gpu.xml
c197-012:2034:2092 [0] NCCL INFO MSCCL: Parsing algorithm /home1/09168/ldai1/ccl-build/msccl_tools_lyd/examples/xml/xml_lyd/binary_tree/allreduce_binary_tree_2ch_2tree_4chunk_4node_16gpu.xml
c197-012:2035:2093 [1] NCCL INFO Connected all trees
c197-012:2035:2093 [1] NCCL INFO MSCCL_XML_FILES set by environment to /home1/09168/ldai1/ccl-build/msccl_tools_lyd/examples/xml/xml_lyd/binary_tree/allreduce_binary_tree_2ch_2tree_4chunk_4node_16gpu.xml
c197-012:2035:2093 [1] NCCL INFO MSCCL: Parsing algorithm /home1/09168/ldai1/ccl-build/msccl_tools_lyd/examples/xml/xml_lyd/binary_tree/allreduce_binary_tree_2ch_2tree_4chunk_4node_16gpu.xml
c197-011:6193:6249 [1] NCCL INFO Channel 00 : 9[3000] -> 8[2000] via direct shared memory
c197-011:6193:6249 [1] NCCL INFO Channel 01 : 9[3000] -> 8[2000] via direct shared memory
c197-012:2034:2092 [0] NCCL INFO Parsed MSCCL Algorithm /home1/09168/ldai1/ccl-build/msccl_tools_lyd/examples/xml/xml_lyd/binary_tree/allreduce_binary_tree_2ch_2tree_4chunk_4node_16gpu.xml successfully.
c197-012:2034:2092 [0] NCCL INFO Channel 02 : 12[2000] -> 13[3000] via direct shared memory
c197-011:6194:6245 [2] NCCL INFO Connected all trees
c197-012:2034:2092 [0] NCCL INFO Channel 03 : 12[2000] -> 13[3000] via direct shared memory
c197-011:6194:6245 [2] NCCL INFO MSCCL_XML_FILES set by environment to /home1/09168/ldai1/ccl-build/msccl_tools_lyd/examples/xml/xml_lyd/binary_tree/allreduce_binary_tree_2ch_2tree_4chunk_4node_16gpu.xml
c197-011:6194:6245 [2] NCCL INFO MSCCL: Parsing algorithm /home1/09168/ldai1/ccl-build/msccl_tools_lyd/examples/xml/xml_lyd/binary_tree/allreduce_binary_tree_2ch_2tree_4chunk_4node_16gpu.xml
c197-012:2035:2093 [1] NCCL INFO Parsed MSCCL Algorithm /home1/09168/ldai1/ccl-build/msccl_tools_lyd/examples/xml/xml_lyd/binary_tree/allreduce_binary_tree_2ch_2tree_4chunk_4node_16gpu.xml successfully.
c197-011:6194:6245 [2] NCCL INFO Parsed MSCCL Algorithm /home1/09168/ldai1/ccl-build/msccl_tools_lyd/examples/xml/xml_lyd/binary_tree/allreduce_binary_tree_2ch_2tree_4chunk_4node_16gpu.xml successfully.
c197-012:2035:2093 [1] NCCL INFO Channel 02 : 13[3000] -> 14[82000] via direct shared memory
c197-012:2035:2093 [1] NCCL INFO Channel 03 : 13[3000] -> 14[82000] via direct shared memory
c196-112:8620:8677 [0] NCCL INFO Channel 01/0 : 4[2000] -> 0[2000] [send] via NET/IB/0
c197-011:6192:6251 [0] NCCL INFO Channel 01/0 : 8[2000] -> 5[3000] [send] via NET/IB/0
c197-011:6194:6245 [2] NCCL INFO Channel 02 : 10[82000] -> 11[83000] via direct shared memory
c197-011:6194:6245 [2] NCCL INFO Channel 03 : 10[82000] -> 11[83000] via direct shared memory
c197-011:6195:6248 [3] NCCL INFO Channel 01/0 : 11[83000] -> 15[83000] [send] via NET/IB/0
c197-012:2035:2093 [1] NCCL INFO Channel 02 : 13[3000] -> 12[2000] via direct shared memory
c197-012:2035:2093 [1] NCCL INFO Channel 03 : 13[3000] -> 12[2000] via direct shared memory
c197-012:2036:2089 [2] NCCL INFO Channel 02 : 14[82000] -> 13[3000] via direct shared memory
c197-012:2036:2089 [2] NCCL INFO Channel 03 : 14[82000] -> 13[3000] via direct shared memory
c197-011:6192:6251 [0] NCCL INFO Connected all trees
c197-011:6192:6251 [0] NCCL INFO MSCCL_XML_FILES set by environment to /home1/09168/ldai1/ccl-build/msccl_tools_lyd/examples/xml/xml_lyd/binary_tree/allreduce_binary_tree_2ch_2tree_4chunk_4node_16gpu.xml
c197-011:6192:6251 [0] NCCL INFO MSCCL: Parsing algorithm /home1/09168/ldai1/ccl-build/msccl_tools_lyd/examples/xml/xml_lyd/binary_tree/allreduce_binary_tree_2ch_2tree_4chunk_4node_16gpu.xml
c196-111:22012:22063 [0] NCCL INFO Connected all trees
c196-111:22012:22063 [0] NCCL INFO MSCCL_XML_FILES set by environment to /home1/09168/ldai1/ccl-build/msccl_tools_lyd/examples/xml/xml_lyd/binary_tree/allreduce_binary_tree_2ch_2tree_4chunk_4node_16gpu.xml
c196-111:22012:22063 [0] NCCL INFO MSCCL: Parsing algorithm /home1/09168/ldai1/ccl-build/msccl_tools_lyd/examples/xml/xml_lyd/binary_tree/allreduce_binary_tree_2ch_2tree_4chunk_4node_16gpu.xml
c197-011:6193:6249 [1] NCCL INFO Connected all trees
c197-011:6193:6249 [1] NCCL INFO MSCCL_XML_FILES set by environment to /home1/09168/ldai1/ccl-build/msccl_tools_lyd/examples/xml/xml_lyd/binary_tree/allreduce_binary_tree_2ch_2tree_4chunk_4node_16gpu.xml
c197-011:6193:6249 [1] NCCL INFO MSCCL: Parsing algorithm /home1/09168/ldai1/ccl-build/msccl_tools_lyd/examples/xml/xml_lyd/binary_tree/allreduce_binary_tree_2ch_2tree_4chunk_4node_16gpu.xml
c196-111:22013:22072 [1] NCCL INFO Connected all trees
c196-111:22013:22072 [1] NCCL INFO MSCCL_XML_FILES set by environment to /home1/09168/ldai1/ccl-build/msccl_tools_lyd/examples/xml/xml_lyd/binary_tree/allreduce_binary_tree_2ch_2tree_4chunk_4node_16gpu.xml
c196-111:22013:22072 [1] NCCL INFO MSCCL: Parsing algorithm /home1/09168/ldai1/ccl-build/msccl_tools_lyd/examples/xml/xml_lyd/binary_tree/allreduce_binary_tree_2ch_2tree_4chunk_4node_16gpu.xml
c196-112:8621:8679 [1] NCCL INFO Channel 00 : 5[3000] -> 4[2000] via direct shared memory
c196-112:8621:8679 [1] NCCL INFO Channel 01 : 5[3000] -> 4[2000] via direct shared memory
c196-112:8620:8677 [0] NCCL INFO Connected all trees
c196-112:8620:8677 [0] NCCL INFO MSCCL_XML_FILES set by environment to /home1/09168/ldai1/ccl-build/msccl_tools_lyd/examples/xml/xml_lyd/binary_tree/allreduce_binary_tree_2ch_2tree_4chunk_4node_16gpu.xml
c196-112:8620:8677 [0] NCCL INFO MSCCL: Parsing algorithm /home1/09168/ldai1/ccl-build/msccl_tools_lyd/examples/xml/xml_lyd/binary_tree/allreduce_binary_tree_2ch_2tree_4chunk_4node_16gpu.xml
c197-011:6192:6251 [0] NCCL INFO Parsed MSCCL Algorithm /home1/09168/ldai1/ccl-build/msccl_tools_lyd/examples/xml/xml_lyd/binary_tree/allreduce_binary_tree_2ch_2tree_4chunk_4node_16gpu.xml successfully.
c196-111:22012:22063 [0] NCCL INFO Parsed MSCCL Algorithm /home1/09168/ldai1/ccl-build/msccl_tools_lyd/examples/xml/xml_lyd/binary_tree/allreduce_binary_tree_2ch_2tree_4chunk_4node_16gpu.xml successfully.
c197-011:6192:6251 [0] NCCL INFO Channel 02 : 8[2000] -> 9[3000] via direct shared memory
c197-011:6192:6251 [0] NCCL INFO Channel 03 : 8[2000] -> 9[3000] via direct shared memory
c196-111:22012:22063 [0] NCCL INFO Channel 02 : 0[2000] -> 1[3000] via direct shared memory
c196-111:22012:22063 [0] NCCL INFO Channel 03 : 0[2000] -> 1[3000] via direct shared memory
c196-112:8621:8679 [1] NCCL INFO Connected all trees
c196-112:8621:8679 [1] NCCL INFO MSCCL_XML_FILES set by environment to /home1/09168/ldai1/ccl-build/msccl_tools_lyd/examples/xml/xml_lyd/binary_tree/allreduce_binary_tree_2ch_2tree_4chunk_4node_16gpu.xml
c196-112:8621:8679 [1] NCCL INFO MSCCL: Parsing algorithm /home1/09168/ldai1/ccl-build/msccl_tools_lyd/examples/xml/xml_lyd/binary_tree/allreduce_binary_tree_2ch_2tree_4chunk_4node_16gpu.xml
c196-112:8622:8674 [2] NCCL INFO Connected all trees
c197-011:6193:6249 [1] NCCL INFO Parsed MSCCL Algorithm /home1/09168/ldai1/ccl-build/msccl_tools_lyd/examples/xml/xml_lyd/binary_tree/allreduce_binary_tree_2ch_2tree_4chunk_4node_16gpu.xml successfully.
c196-112:8622:8674 [2] NCCL INFO MSCCL_XML_FILES set by environment to /home1/09168/ldai1/ccl-build/msccl_tools_lyd/examples/xml/xml_lyd/binary_tree/allreduce_binary_tree_2ch_2tree_4chunk_4node_16gpu.xml
c196-112:8622:8674 [2] NCCL INFO MSCCL: Parsing algorithm /home1/09168/ldai1/ccl-build/msccl_tools_lyd/examples/xml/xml_lyd/binary_tree/allreduce_binary_tree_2ch_2tree_4chunk_4node_16gpu.xml
c196-111:22013:22072 [1] NCCL INFO Parsed MSCCL Algorithm /home1/09168/ldai1/ccl-build/msccl_tools_lyd/examples/xml/xml_lyd/binary_tree/allreduce_binary_tree_2ch_2tree_4chunk_4node_16gpu.xml successfully.
c196-112:8620:8677 [0] NCCL INFO Parsed MSCCL Algorithm /home1/09168/ldai1/ccl-build/msccl_tools_lyd/examples/xml/xml_lyd/binary_tree/allreduce_binary_tree_2ch_2tree_4chunk_4node_16gpu.xml successfully.
c196-112:8620:8677 [0] NCCL INFO Channel 02 : 4[2000] -> 5[3000] via direct shared memory
c196-112:8620:8677 [0] NCCL INFO Channel 03 : 4[2000] -> 5[3000] via direct shared memory
c196-112:8621:8679 [1] NCCL INFO Parsed MSCCL Algorithm /home1/09168/ldai1/ccl-build/msccl_tools_lyd/examples/xml/xml_lyd/binary_tree/allreduce_binary_tree_2ch_2tree_4chunk_4node_16gpu.xml successfully.
c197-012:2034:2092 [0] NCCL INFO Channel 02/0 : 4[2000] -> 12[2000] [receive] via NET/IB/0
c196-112:8622:8674 [2] NCCL INFO Parsed MSCCL Algorithm /home1/09168/ldai1/ccl-build/msccl_tools_lyd/examples/xml/xml_lyd/binary_tree/allreduce_binary_tree_2ch_2tree_4chunk_4node_16gpu.xml successfully.
c197-011:6193:6249 [1] NCCL INFO Channel 02 : 9[3000] -> 10[82000] via direct shared memory
c197-011:6193:6249 [1] NCCL INFO Channel 03 : 9[3000] -> 10[82000] via direct shared memory
c196-111:22013:22072 [1] NCCL INFO Channel 02 : 1[3000] -> 2[82000] via direct shared memory
c197-011:6195:6248 [3] NCCL INFO Channel 03/0 : 6[82000] -> 11[83000] [receive] via NET/IB/0
c196-111:22013:22072 [1] NCCL INFO Channel 03 : 1[3000] -> 2[82000] via direct shared memory
c197-012:2037:2087 [3] NCCL INFO Channel 03/0 : 7[83000] -> 15[83000] [receive] via NET/IB/0
c197-011:6192:6251 [0] NCCL INFO Channel 02/0 : 5[3000] -> 8[2000] [receive] via NET/IB/0
c196-112:8621:8679 [1] NCCL INFO Channel 02 : 5[3000] -> 6[82000] via direct shared memory
c196-112:8621:8679 [1] NCCL INFO Channel 03 : 5[3000] -> 6[82000] via direct shared memory
c196-112:8622:8674 [2] NCCL INFO Channel 02 : 6[82000] -> 7[83000] via direct shared memory
c196-112:8622:8674 [2] NCCL INFO Channel 03 : 6[82000] -> 7[83000] via direct shared memory
c196-112:8623:8676 [3] NCCL INFO Channel 01/0 : 7[83000] -> 10[82000] [send] via NET/IB/0
c197-011:6194:6245 [2] NCCL INFO Channel 01/0 : 7[83000] -> 10[82000] [receive] via NET/IB/0
c196-112:8620:8677 [0] NCCL INFO Channel 02/0 : 0[2000] -> 4[2000] [receive] via NET/IB/0
c196-112:8621:8679 [1] NCCL INFO Channel 02/0 : 5[3000] -> 8[2000] [send] via NET/IB/0
c196-112:8622:8674 [2] NCCL INFO Channel 03/0 : 6[82000] -> 11[83000] [send] via NET/IB/0
c197-011:6193:6249 [1] NCCL INFO Channel 02 : 9[3000] -> 8[2000] via direct shared memory
c197-011:6193:6249 [1] NCCL INFO Channel 03 : 9[3000] -> 8[2000] via direct shared memory
c196-111:22013:22072 [1] NCCL INFO Channel 02 : 1[3000] -> 0[2000] via direct shared memory
c196-111:22014:22068 [2] NCCL INFO Channel 02 : 2[82000] -> 1[3000] via direct shared memory
c196-111:22013:22072 [1] NCCL INFO Channel 03 : 1[3000] -> 0[2000] via direct shared memory
c196-111:22014:22068 [2] NCCL INFO Channel 03 : 2[82000] -> 1[3000] via direct shared memory
c197-012:2034:2092 [0] NCCL INFO Channel 02/0 : 12[2000] -> 4[2000] [send] via NET/IB/0
c197-012:2037:2087 [3] NCCL INFO Channel 03/0 : 15[83000] -> 7[83000] [send] via NET/IB/0
c196-111:22012:22063 [0] NCCL INFO Channel 02/0 : 0[2000] -> 4[2000] [send] via NET/IB/0
c196-112:8623:8676 [3] NCCL INFO Channel 03/0 : 3[83000] -> 7[83000] [receive] via NET/IB/0
c197-011:6194:6245 [2] NCCL INFO Channel 01/0 : 10[82000] -> 7[83000] [send] via NET/IB/0
c197-011:6192:6251 [0] NCCL INFO Channel 02/0 : 8[2000] -> 5[3000] [send] via NET/IB/0
c196-112:8621:8679 [1] NCCL INFO Channel 02/0 : 8[2000] -> 5[3000] [receive] via NET/IB/0
c196-112:8622:8674 [2] NCCL INFO Channel 03/0 : 11[83000] -> 6[82000] [receive] via NET/IB/0
c197-011:6195:6248 [3] NCCL INFO Channel 01/0 : 3[83000] -> 11[83000] [receive] via NET/IB/0
c197-011:6192:6251 [0] NCCL INFO Connected 1 MSCCL algorithms
c197-011:6192:6251 [0] NCCL INFO NCCL_PROTO set by environment to Simple
c197-011:6192:6251 [0] NCCL INFO NCCL_ALGO set by environment to MSCCL,TREE,RING
c197-011:6192:6251 [0] NCCL INFO threadThresholds 8/8/64 | 128/8/64 | 8/8/64 | 8/8/512
c197-011:6192:6251 [0] NCCL INFO 4 coll channels, 2 p2p channels, 2 p2p channels per peer
c196-112:8621:8679 [1] NCCL INFO Channel 02 : 5[3000] -> 4[2000] via direct shared memory
c196-112:8621:8679 [1] NCCL INFO Channel 03 : 5[3000] -> 4[2000] via direct shared memory
c196-111:22012:22063 [0] NCCL INFO Channel 02/0 : 4[2000] -> 0[2000] [receive] via NET/IB/0
c196-112:8620:8677 [0] NCCL INFO Channel 02/0 : 12[2000] -> 4[2000] [receive] via NET/IB/0
c197-011:6195:6248 [3] NCCL INFO Channel 01/0 : 11[83000] -> 3[83000] [send] via NET/IB/0
c196-111:22015:22070 [3] NCCL INFO Channel 01/0 : 11[83000] -> 3[83000] [receive] via NET/IB/0
c196-112:8623:8676 [3] NCCL INFO Channel 03/0 : 15[83000] -> 7[83000] [receive] via NET/IB/0
c196-112:8620:8677 [0] NCCL INFO Channel 02/0 : 4[2000] -> 12[2000] [send] via NET/IB/0
c196-111:22015:22070 [3] NCCL INFO Channel 01/0 : 3[83000] -> 11[83000] [send] via NET/IB/0
c196-112:8623:8676 [3] NCCL INFO Channel 03/0 : 7[83000] -> 15[83000] [send] via NET/IB/0
c197-012:2034:2092 [0] NCCL INFO Connected 1 MSCCL algorithms
c197-012:2034:2092 [0] NCCL INFO NCCL_PROTO set by environment to Simple
c197-012:2034:2092 [0] NCCL INFO NCCL_ALGO set by environment to MSCCL,TREE,RING
c197-012:2034:2092 [0] NCCL INFO threadThresholds 8/8/64 | 128/8/64 | 8/8/64 | 8/8/512
c197-012:2034:2092 [0] NCCL INFO 4 coll channels, 2 p2p channels, 2 p2p channels per peer
c197-012:2035:2093 [1] NCCL INFO Connected 1 MSCCL algorithms
c197-012:2035:2093 [1] NCCL INFO NCCL_PROTO set by environment to Simple
c197-012:2035:2093 [1] NCCL INFO NCCL_ALGO set by environment to MSCCL,TREE,RING
c197-012:2035:2093 [1] NCCL INFO threadThresholds 8/8/64 | 128/8/64 | 8/8/64 | 8/8/512
c197-012:2035:2093 [1] NCCL INFO 4 coll channels, 2 p2p channels, 2 p2p channels per peer
c196-112:8620:8677 [0] NCCL INFO Channel 02/0 : 4[2000] -> 0[2000] [send] via NET/IB/0
c196-111:22015:22070 [3] NCCL INFO Channel 03/0 : 7[83000] -> 3[83000] [receive] via NET/IB/0
c197-011:6195:6248 [3] NCCL INFO Channel 03/0 : 11[83000] -> 6[82000] [send] via NET/IB/0
c197-012:2037:2087 [3] NCCL INFO Channel 01/0 : 15[83000] -> 11[83000] [send] via NET/IB/0
c196-112:8623:8676 [3] NCCL INFO Channel 03/0 : 7[83000] -> 3[83000] [send] via NET/IB/0
c196-111:22015:22070 [3] NCCL INFO Channel 02 : 3[83000] -> 2[82000] via direct shared memory
c196-111:22015:22070 [3] NCCL INFO Channel 03 : 3[83000] -> 2[82000] via direct shared memory
c196-111:22015:22070 [3] NCCL INFO Connected 1 MSCCL algorithms
c196-111:22015:22070 [3] NCCL INFO NCCL_PROTO set by environment to Simple
c196-111:22015:22070 [3] NCCL INFO NCCL_ALGO set by environment to MSCCL,TREE,RING
c196-111:22015:22070 [3] NCCL INFO threadThresholds 8/8/64 | 128/8/64 | 8/8/64 | 8/8/512
c196-111:22015:22070 [3] NCCL INFO 4 coll channels, 2 p2p channels, 2 p2p channels per peer
c196-112:8620:8677 [0] NCCL INFO Connected 1 MSCCL algorithms
c196-112:8620:8677 [0] NCCL INFO NCCL_PROTO set by environment to Simple
c196-112:8620:8677 [0] NCCL INFO NCCL_ALGO set by environment to MSCCL,TREE,RING
c196-112:8620:8677 [0] NCCL INFO threadThresholds 8/8/64 | 128/8/64 | 8/8/64 | 8/8/512
c196-112:8620:8677 [0] NCCL INFO 4 coll channels, 2 p2p channels, 2 p2p channels per peer
c196-111:22014:22068 [2] NCCL INFO Connected 1 MSCCL algorithms
c196-111:22012:22063 [0] NCCL INFO Connected 1 MSCCL algorithms
c196-111:22014:22068 [2] NCCL INFO NCCL_PROTO set by environment to Simple
c196-111:22014:22068 [2] NCCL INFO NCCL_ALGO set by environment to MSCCL,TREE,RING
c196-111:22014:22068 [2] NCCL INFO threadThresholds 8/8/64 | 128/8/64 | 8/8/64 | 8/8/512
c196-111:22012:22063 [0] NCCL INFO NCCL_PROTO set by environment to Simple
c196-111:22012:22063 [0] NCCL INFO NCCL_ALGO set by environment to MSCCL,TREE,RING
c196-111:22014:22068 [2] NCCL INFO 4 coll channels, 2 p2p channels, 2 p2p channels per peer
c196-111:22012:22063 [0] NCCL INFO threadThresholds 8/8/64 | 128/8/64 | 8/8/64 | 8/8/512
c196-111:22012:22063 [0] NCCL INFO 4 coll channels, 2 p2p channels, 2 p2p channels per peer
c196-111:22013:22072 [1] NCCL INFO Connected 1 MSCCL algorithms
c196-111:22013:22072 [1] NCCL INFO NCCL_PROTO set by environment to Simple
c196-111:22013:22072 [1] NCCL INFO NCCL_ALGO set by environment to MSCCL,TREE,RING
c196-111:22013:22072 [1] NCCL INFO threadThresholds 8/8/64 | 128/8/64 | 8/8/64 | 8/8/512
c196-111:22013:22072 [1] NCCL INFO 4 coll channels, 2 p2p channels, 2 p2p channels per peer
c196-112:8622:8674 [2] NCCL INFO Channel 02 : 6[82000] -> 5[3000] via direct shared memory
c196-112:8622:8674 [2] NCCL INFO Channel 03 : 6[82000] -> 5[3000] via direct shared memory
c196-112:8621:8679 [1] NCCL INFO Connected 1 MSCCL algorithms
c196-112:8621:8679 [1] NCCL INFO NCCL_PROTO set by environment to Simple
c196-112:8621:8679 [1] NCCL INFO NCCL_ALGO set by environment to MSCCL,TREE,RING
c196-112:8621:8679 [1] NCCL INFO threadThresholds 8/8/64 | 128/8/64 | 8/8/64 | 8/8/512
c196-112:8621:8679 [1] NCCL INFO 4 coll channels, 2 p2p channels, 2 p2p channels per peer
c197-011:6195:6248 [3] NCCL INFO Channel 01/0 : 15[83000] -> 11[83000] [receive] via NET/IB/0
c196-112:8623:8676 [3] NCCL INFO Channel 01/0 : 10[82000] -> 7[83000] [receive] via NET/IB/0
c197-012:2037:2087 [3] NCCL INFO Channel 02 : 15[83000] -> 14[82000] via direct shared memory
c197-011:6195:6248 [3] NCCL INFO Channel 02 : 11[83000] -> 10[82000] via direct shared memory
c197-012:2037:2087 [3] NCCL INFO Channel 03 : 15[83000] -> 14[82000] via direct shared memory
c197-011:6195:6248 [3] NCCL INFO Channel 03 : 11[83000] -> 10[82000] via direct shared memory
c196-112:8623:8676 [3] NCCL INFO Channel 02 : 7[83000] -> 6[82000] via direct shared memory
c196-112:8623:8676 [3] NCCL INFO Channel 03 : 7[83000] -> 6[82000] via direct shared memory
c197-012:2037:2087 [3] NCCL INFO Connected 1 MSCCL algorithms
c197-012:2037:2087 [3] NCCL INFO NCCL_PROTO set by environment to Simple
c197-012:2037:2087 [3] NCCL INFO NCCL_ALGO set by environment to MSCCL,TREE,RING
c197-012:2037:2087 [3] NCCL INFO threadThresholds 8/8/64 | 128/8/64 | 8/8/64 | 8/8/512
c197-012:2037:2087 [3] NCCL INFO 4 coll channels, 2 p2p channels, 2 p2p channels per peer
c196-111:22015:22070 [3] NCCL INFO comm 0x2b5160000010 rank 3 nranks 16 cudaDev 3 busId 83000 - Init COMPLETE
c196-111:22012:22063 [0] NCCL INFO comm 0x2b6b0c9a4010 rank 0 nranks 16 cudaDev 0 busId 2000 - Init COMPLETE
#
#                                                              out-of-place                       in-place          
#       size         count      type   redop    root     time   algbw   busbw #wrong     time   algbw   busbw #wrong
#        (B)    (elements)                               (us)  (GB/s)  (GB/s)            (us)  (GB/s)  (GB/s)       
c197-012:2036:2089 [2] NCCL INFO Connected 1 MSCCL algorithms
c197-012:2036:2089 [2] NCCL INFO NCCL_PROTO set by environment to Simple
c197-012:2036:2089 [2] NCCL INFO NCCL_ALGO set by environment to MSCCL,TREE,RING
c197-012:2036:2089 [2] NCCL INFO threadThresholds 8/8/64 | 128/8/64 | 8/8/64 | 8/8/512
c197-012:2036:2089 [2] NCCL INFO 4 coll channels, 2 p2p channels, 2 p2p channels per peer
c196-111:22013:22072 [1] NCCL INFO comm 0x2afb1e000010 rank 1 nranks 16 cudaDev 1 busId 3000 - Init COMPLETE
c196-111:22014:22068 [2] NCCL INFO comm 0x2aff72000010 rank 2 nranks 16 cudaDev 2 busId 82000 - Init COMPLETE
c196-112:8623:8676 [3] NCCL INFO Connected 1 MSCCL algorithms
c196-112:8623:8676 [3] NCCL INFO NCCL_PROTO set by environment to Simple
c196-112:8623:8676 [3] NCCL INFO NCCL_ALGO set by environment to MSCCL,TREE,RING
c196-112:8623:8676 [3] NCCL INFO threadThresholds 8/8/64 | 128/8/64 | 8/8/64 | 8/8/512
c196-112:8623:8676 [3] NCCL INFO 4 coll channels, 2 p2p channels, 2 p2p channels per peer
c196-112:8622:8674 [2] NCCL INFO Connected 1 MSCCL algorithms
c196-112:8622:8674 [2] NCCL INFO NCCL_PROTO set by environment to Simple
c196-112:8622:8674 [2] NCCL INFO NCCL_ALGO set by environment to MSCCL,TREE,RING
c196-112:8622:8674 [2] NCCL INFO threadThresholds 8/8/64 | 128/8/64 | 8/8/64 | 8/8/512
c196-112:8622:8674 [2] NCCL INFO 4 coll channels, 2 p2p channels, 2 p2p channels per peer
c197-011:6194:6245 [2] NCCL INFO Channel 02 : 10[82000] -> 9[3000] via direct shared memory
c197-011:6194:6245 [2] NCCL INFO Channel 03 : 10[82000] -> 9[3000] via direct shared memory
c197-011:6195:6248 [3] NCCL INFO Connected 1 MSCCL algorithms
c197-011:6195:6248 [3] NCCL INFO NCCL_PROTO set by environment to Simple
c197-011:6195:6248 [3] NCCL INFO NCCL_ALGO set by environment to MSCCL,TREE,RING
c197-011:6195:6248 [3] NCCL INFO threadThresholds 8/8/64 | 128/8/64 | 8/8/64 | 8/8/512
c197-011:6195:6248 [3] NCCL INFO 4 coll channels, 2 p2p channels, 2 p2p channels per peer
c197-011:6193:6249 [1] NCCL INFO Connected 1 MSCCL algorithms
c197-011:6193:6249 [1] NCCL INFO NCCL_PROTO set by environment to Simple
c197-011:6193:6249 [1] NCCL INFO NCCL_ALGO set by environment to MSCCL,TREE,RING
c197-011:6193:6249 [1] NCCL INFO threadThresholds 8/8/64 | 128/8/64 | 8/8/64 | 8/8/512
c197-011:6193:6249 [1] NCCL INFO 4 coll channels, 2 p2p channels, 2 p2p channels per peer
c197-011:6194:6245 [2] NCCL INFO Connected 1 MSCCL algorithms
c197-011:6194:6245 [2] NCCL INFO NCCL_PROTO set by environment to Simple
c197-011:6194:6245 [2] NCCL INFO NCCL_ALGO set by environment to MSCCL,TREE,RING
c197-011:6194:6245 [2] NCCL INFO threadThresholds 8/8/64 | 128/8/64 | 8/8/64 | 8/8/512
c197-011:6194:6245 [2] NCCL INFO 4 coll channels, 2 p2p channels, 2 p2p channels per peer
c197-012:2037:2087 [3] NCCL INFO comm 0x2b3964000010 rank 15 nranks 16 cudaDev 3 busId 83000 - Init COMPLETE
c197-012:2035:2093 [1] NCCL INFO comm 0x2ba20e000010 rank 13 nranks 16 cudaDev 1 busId 3000 - Init COMPLETE
c197-012:2034:2092 [0] NCCL INFO comm 0x2aeb2c000010 rank 12 nranks 16 cudaDev 0 busId 2000 - Init COMPLETE
c196-112:8623:8676 [3] NCCL INFO comm 0x2afc84000010 rank 7 nranks 16 cudaDev 3 busId 83000 - Init COMPLETE
c197-012:2036:2089 [2] NCCL INFO comm 0x2afd6e000010 rank 14 nranks 16 cudaDev 2 busId 82000 - Init COMPLETE
c196-112:8622:8674 [2] NCCL INFO comm 0x2b92a1c3d010 rank 6 nranks 16 cudaDev 2 busId 82000 - Init COMPLETE
c196-112:8620:8677 [0] NCCL INFO comm 0x2b65052da010 rank 4 nranks 16 cudaDev 0 busId 2000 - Init COMPLETE
c196-112:8621:8679 [1] NCCL INFO comm 0x2b5170000010 rank 5 nranks 16 cudaDev 1 busId 3000 - Init COMPLETE
c197-011:6195:6248 [3] NCCL INFO comm 0x2ae09e000010 rank 11 nranks 16 cudaDev 3 busId 83000 - Init COMPLETE
c197-011:6193:6249 [1] NCCL INFO comm 0x2b747e000010 rank 9 nranks 16 cudaDev 1 busId 3000 - Init COMPLETE
c197-011:6194:6245 [2] NCCL INFO comm 0x2adcdda1d010 rank 10 nranks 16 cudaDev 2 busId 82000 - Init COMPLETE
c197-011:6192:6251 [0] NCCL INFO comm 0x2b290e000010 rank 8 nranks 16 cudaDev 0 busId 2000 - Init COMPLETE
c196-111:22012:22012 [0] NCCL INFO Launch mode Parallel
       65536         16384     float     sum      -1    177.5    0.37    0.69      0    172.6    0.38    0.71      0
      131072         32768     float     sum      -1    215.3    0.61    1.14      0    228.5    0.57    1.08      0
      262144         65536     float     sum      -1    266.2    0.98    1.85      0    237.1    1.11    2.07      0
      524288        131072     float     sum      -1    387.5    1.35    2.54      0    386.5    1.36    2.54      0
     1048576        262144     float     sum      -1    676.9    1.55    2.90      0    642.3    1.63    3.06      0
     2097152        524288     float     sum      -1   1188.4    1.76    3.31      0   1235.6    1.70    3.18      0
     4194304       1048576     float     sum      -1   2225.0    1.89    3.53      0   2278.7    1.84    3.45      0
     8388608       2097152     float     sum      -1   4431.8    1.89    3.55      0   4403.6    1.90    3.57      0
    16777216       4194304     float     sum      -1   8837.6    1.90    3.56      0   8832.7    1.90    3.56      0
    33554432       8388608     float     sum      -1    17151    1.96    3.67      0    17116    1.96    3.68      0
    67108864      16777216     float     sum      -1    34320    1.96    3.67      0    34195    1.96    3.68      0
   134217728      33554432     float     sum      -1    67542    1.99    3.73      0    66934    2.01    3.76      0
   268435456      67108864     float     sum      -1   131677    2.04    3.82      0   133548    2.01    3.77      0
c196-111:22015:22015 [3] NCCL INFO comm 0x2b5160000010 rank 3 nranks 16 cudaDev 3 busId 83000 - Destroy COMPLETE
c197-012:2037:2037 [3] NCCL INFO comm 0x2b3964000010 rank 15 nranks 16 cudaDev 3 busId 83000 - Destroy COMPLETE
c196-111:22013:22013 [1] NCCL INFO comm 0x2afb1e000010 rank 1 nranks 16 cudaDev 1 busId 3000 - Destroy COMPLETE
c197-012:2035:2035 [1] NCCL INFO comm 0x2ba20e000010 rank 13 nranks 16 cudaDev 1 busId 3000 - Destroy COMPLETE
c196-112:8623:8623 [3] NCCL INFO comm 0x2afc84000010 rank 7 nranks 16 cudaDev 3 busId 83000 - Destroy COMPLETE
c197-011:6195:6195 [3] NCCL INFO comm 0x2ae09e000010 rank 11 nranks 16 cudaDev 3 busId 83000 - Destroy COMPLETE
c197-012:2034:2034 [0] NCCL INFO comm 0x2aeb2c000010 rank 12 nranks 16 cudaDev 0 busId 2000 - Destroy COMPLETE
c196-111:22012:22012 [0] NCCL INFO comm 0x2b6b0c9a4010 rank 0 nranks 16 cudaDev 0 busId 2000 - Destroy COMPLETE
c197-011:6192:6192 [0] NCCL INFO comm 0x2b290e000010 rank 8 nranks 16 cudaDev 0 busId 2000 - Destroy COMPLETE
c197-012:2036:2036 [2] NCCL INFO comm 0x2afd6e000010 rank 14 nranks 16 cudaDev 2 busId 82000 - Destroy COMPLETE
c196-111:22014:22014 [2] NCCL INFO comm 0x2aff72000010 rank 2 nranks 16 cudaDev 2 busId 82000 - Destroy COMPLETE
c196-112:8621:8621 [1] NCCL INFO comm 0x2b5170000010 rank 5 nranks 16 cudaDev 1 busId 3000 - Destroy COMPLETE
c196-112:8620:8620 [0] NCCL INFO comm 0x2b65052da010 rank 4 nranks 16 cudaDev 0 busId 2000 - Destroy COMPLETE
c197-011:6193:6193 [1] NCCL INFO comm 0x2b747e000010 rank 9 nranks 16 cudaDev 1 busId 3000 - Destroy COMPLETE
# Out of bounds values : 0 OK
# Avg bus bandwidth    : 2.92585 
#
c196-112:8622:8622 [2] NCCL INFO comm 0x2b92a1c3d010 rank 6 nranks 16 cudaDev 2 busId 82000 - Destroy COMPLETE
c197-011:6194:6194 [2] NCCL INFO comm 0x2adcdda1d010 rank 10 nranks 16 cudaDev 2 busId 82000 - Destroy COMPLETE

TACC:  Shutdown complete. Exiting. 
