c198-072:26582:26641 [1] NCCL INFO Parsed MSCCL Algorithm /home1/09168/ldai1/ccl-build/msccl_tools_lyd/examples/xml/xml_lyd/binary_tree/allreduce_binary_tree_2ch_2tree_1chunk_8node_32gpu.xml successfully.
c198-051:25317:25373 [1] NCCL INFO Channel 00 : 9[3000] -> 8[2000] via direct shared memory
c198-051:25317:25373 [1] NCCL INFO Channel 01 : 9[3000] -> 8[2000] via direct shared memory
c198-052:23278:23332 [1] NCCL INFO Connected all trees
c198-052:23278:23332 [1] NCCL INFO MSCCL_XML_FILES set by environment to /home1/09168/ldai1/ccl-build/msccl_tools_lyd/examples/xml/xml_lyd/binary_tree/allreduce_binary_tree_2ch_2tree_1chunk_8node_32gpu.xml
c198-052:23278:23332 [1] NCCL INFO MSCCL: Parsing algorithm /home1/09168/ldai1/ccl-build/msccl_tools_lyd/examples/xml/xml_lyd/binary_tree/allreduce_binary_tree_2ch_2tree_1chunk_8node_32gpu.xml
c198-061:15848:15904 [1] NCCL INFO Parsed MSCCL Algorithm /home1/09168/ldai1/ccl-build/msccl_tools_lyd/examples/xml/xml_lyd/binary_tree/allreduce_binary_tree_2ch_2tree_1chunk_8node_32gpu.xml successfully.
c198-052:23277:23330 [0] NCCL INFO Parsed MSCCL Algorithm /home1/09168/ldai1/ccl-build/msccl_tools_lyd/examples/xml/xml_lyd/binary_tree/allreduce_binary_tree_2ch_2tree_1chunk_8node_32gpu.xml successfully.
c198-052:23277:23330 [0] NCCL INFO Channel 02 : 12[2000] -> 13[3000] via direct shared memory
c198-051:25318:25371 [2] NCCL INFO Connected all trees
c198-051:25318:25371 [2] NCCL INFO MSCCL_XML_FILES set by environment to /home1/09168/ldai1/ccl-build/msccl_tools_lyd/examples/xml/xml_lyd/binary_tree/allreduce_binary_tree_2ch_2tree_1chunk_8node_32gpu.xml
c198-052:23277:23330 [0] NCCL INFO Channel 03 : 12[2000] -> 13[3000] via direct shared memory
c198-051:25318:25371 [2] NCCL INFO MSCCL: Parsing algorithm /home1/09168/ldai1/ccl-build/msccl_tools_lyd/examples/xml/xml_lyd/binary_tree/allreduce_binary_tree_2ch_2tree_1chunk_8node_32gpu.xml
c198-052:23278:23332 [1] NCCL INFO Parsed MSCCL Algorithm /home1/09168/ldai1/ccl-build/msccl_tools_lyd/examples/xml/xml_lyd/binary_tree/allreduce_binary_tree_2ch_2tree_1chunk_8node_32gpu.xml successfully.
c198-051:25318:25371 [2] NCCL INFO Parsed MSCCL Algorithm /home1/09168/ldai1/ccl-build/msccl_tools_lyd/examples/xml/xml_lyd/binary_tree/allreduce_binary_tree_2ch_2tree_1chunk_8node_32gpu.xml successfully.
c198-072:26584:26636 [3] NCCL INFO Channel 03/0 : 31[83000] -> 15[83000] [send] via NET/IB/0
c198-061:15848:15904 [1] NCCL INFO Channel 02 : 17[3000] -> 18[82000] via direct shared memory
c198-071:507:601 [0] NCCL INFO Channel 01/0 : 24[2000] -> 21[3000] [send] via NET/IB/0
c198-061:15848:15904 [1] NCCL INFO Channel 03 : 17[3000] -> 18[82000] via direct shared memory
c198-072:26582:26641 [1] NCCL INFO Channel 02 : 29[3000] -> 30[82000] via direct shared memory
c198-072:26582:26641 [1] NCCL INFO Channel 03 : 29[3000] -> 30[82000] via direct shared memory
c198-061:15847:15906 [0] NCCL INFO Channel 02/0 : 16[2000] -> 20[2000] [send] via NET/IB/0
c198-072:26581:26640 [0] NCCL INFO Channel 02/0 : 12[2000] -> 28[2000] [receive] via NET/IB/0
c198-052:23278:23332 [1] NCCL INFO Channel 02 : 13[3000] -> 14[82000] via direct shared memory
c198-052:23278:23332 [1] NCCL INFO Channel 03 : 13[3000] -> 14[82000] via direct shared memory
c198-061:15849:15901 [2] NCCL INFO Channel 01/0 : 11[83000] -> 18[82000] [receive] via NET/IB/0
c198-051:25316:25375 [0] NCCL INFO Channel 01/0 : 8[2000] -> 5[3000] [send] via NET/IB/0
c198-051:25318:25371 [2] NCCL INFO Channel 02 : 10[82000] -> 11[83000] via direct shared memory
c198-051:25318:25371 [2] NCCL INFO Channel 03 : 10[82000] -> 11[83000] via direct shared memory
c198-052:23277:23330 [0] NCCL INFO Channel 02/0 : 4[2000] -> 12[2000] [receive] via NET/IB/0
c196-051:14402:14462 [0] NCCL INFO Channel 01/0 : 4[2000] -> 0[2000] [send] via NET/IB/0
c198-052:23278:23332 [1] NCCL INFO Channel 02/0 : 13[3000] -> 20[2000] [send] via NET/IB/0
c198-051:25319:25370 [3] NCCL INFO Channel 01/0 : 11[83000] -> 15[83000] [send] via NET/IB/0
c198-052:23279:23335 [2] NCCL INFO Channel 03/0 : 14[82000] -> 23[83000] [send] via NET/IB/0
c198-061:15848:15904 [1] NCCL INFO Channel 02 : 17[3000] -> 16[2000] via direct shared memory
c198-061:15848:15904 [1] NCCL INFO Channel 03 : 17[3000] -> 16[2000] via direct shared memory
c198-072:26582:26641 [1] NCCL INFO Channel 02 : 29[3000] -> 28[2000] via direct shared memory
c198-072:26582:26641 [1] NCCL INFO Channel 03 : 29[3000] -> 28[2000] via direct shared memory
c198-072:26583:26637 [2] NCCL INFO Channel 02 : 30[82000] -> 29[3000] via direct shared memory
c198-072:26583:26637 [2] NCCL INFO Channel 03 : 30[82000] -> 29[3000] via direct shared memory
c198-071:507:601 [0] NCCL INFO Connected all trees
c198-071:507:601 [0] NCCL INFO MSCCL_XML_FILES set by environment to /home1/09168/ldai1/ccl-build/msccl_tools_lyd/examples/xml/xml_lyd/binary_tree/allreduce_binary_tree_2ch_2tree_1chunk_8node_32gpu.xml
c198-071:507:601 [0] NCCL INFO MSCCL: Parsing algorithm /home1/09168/ldai1/ccl-build/msccl_tools_lyd/examples/xml/xml_lyd/binary_tree/allreduce_binary_tree_2ch_2tree_1chunk_8node_32gpu.xml
c198-062:2100:2165 [1] NCCL INFO Channel 00 : 21[3000] -> 20[2000] via direct shared memory
c198-062:2100:2165 [1] NCCL INFO Channel 01 : 21[3000] -> 20[2000] via direct shared memory
c198-071:508:587 [1] NCCL INFO Connected all trees
c198-071:508:587 [1] NCCL INFO MSCCL_XML_FILES set by environment to /home1/09168/ldai1/ccl-build/msccl_tools_lyd/examples/xml/xml_lyd/binary_tree/allreduce_binary_tree_2ch_2tree_1chunk_8node_32gpu.xml
c198-071:508:587 [1] NCCL INFO MSCCL: Parsing algorithm /home1/09168/ldai1/ccl-build/msccl_tools_lyd/examples/xml/xml_lyd/binary_tree/allreduce_binary_tree_2ch_2tree_1chunk_8node_32gpu.xml
c198-062:2099:2170 [0] NCCL INFO Connected all trees
c198-062:2099:2170 [0] NCCL INFO MSCCL_XML_FILES set by environment to /home1/09168/ldai1/ccl-build/msccl_tools_lyd/examples/xml/xml_lyd/binary_tree/allreduce_binary_tree_2ch_2tree_1chunk_8node_32gpu.xml
c198-062:2099:2170 [0] NCCL INFO MSCCL: Parsing algorithm /home1/09168/ldai1/ccl-build/msccl_tools_lyd/examples/xml/xml_lyd/binary_tree/allreduce_binary_tree_2ch_2tree_1chunk_8node_32gpu.xml
c198-071:507:601 [0] NCCL INFO Parsed MSCCL Algorithm /home1/09168/ldai1/ccl-build/msccl_tools_lyd/examples/xml/xml_lyd/binary_tree/allreduce_binary_tree_2ch_2tree_1chunk_8node_32gpu.xml successfully.
c198-062:2100:2165 [1] NCCL INFO Connected all trees
c198-062:2100:2165 [1] NCCL INFO MSCCL_XML_FILES set by environment to /home1/09168/ldai1/ccl-build/msccl_tools_lyd/examples/xml/xml_lyd/binary_tree/allreduce_binary_tree_2ch_2tree_1chunk_8node_32gpu.xml
c198-062:2100:2165 [1] NCCL INFO MSCCL: Parsing algorithm /home1/09168/ldai1/ccl-build/msccl_tools_lyd/examples/xml/xml_lyd/binary_tree/allreduce_binary_tree_2ch_2tree_1chunk_8node_32gpu.xml
c198-062:2101:2163 [2] NCCL INFO Connected all trees
c198-062:2101:2163 [2] NCCL INFO MSCCL_XML_FILES set by environment to /home1/09168/ldai1/ccl-build/msccl_tools_lyd/examples/xml/xml_lyd/binary_tree/allreduce_binary_tree_2ch_2tree_1chunk_8node_32gpu.xml
c198-062:2101:2163 [2] NCCL INFO MSCCL: Parsing algorithm /home1/09168/ldai1/ccl-build/msccl_tools_lyd/examples/xml/xml_lyd/binary_tree/allreduce_binary_tree_2ch_2tree_1chunk_8node_32gpu.xml
c198-071:507:601 [0] NCCL INFO Channel 02 : 24[2000] -> 25[3000] via direct shared memory
c198-071:507:601 [0] NCCL INFO Channel 03 : 24[2000] -> 25[3000] via direct shared memory
c198-071:508:587 [1] NCCL INFO Parsed MSCCL Algorithm /home1/09168/ldai1/ccl-build/msccl_tools_lyd/examples/xml/xml_lyd/binary_tree/allreduce_binary_tree_2ch_2tree_1chunk_8node_32gpu.xml successfully.
c198-062:2099:2170 [0] NCCL INFO Parsed MSCCL Algorithm /home1/09168/ldai1/ccl-build/msccl_tools_lyd/examples/xml/xml_lyd/binary_tree/allreduce_binary_tree_2ch_2tree_1chunk_8node_32gpu.xml successfully.
c198-051:25316:25375 [0] NCCL INFO Connected all trees
c198-051:25316:25375 [0] NCCL INFO MSCCL_XML_FILES set by environment to /home1/09168/ldai1/ccl-build/msccl_tools_lyd/examples/xml/xml_lyd/binary_tree/allreduce_binary_tree_2ch_2tree_1chunk_8node_32gpu.xml
c198-051:25316:25375 [0] NCCL INFO MSCCL: Parsing algorithm /home1/09168/ldai1/ccl-build/msccl_tools_lyd/examples/xml/xml_lyd/binary_tree/allreduce_binary_tree_2ch_2tree_1chunk_8node_32gpu.xml
c198-062:2099:2170 [0] NCCL INFO Channel 02 : 20[2000] -> 21[3000] via direct shared memory
c198-062:2099:2170 [0] NCCL INFO Channel 03 : 20[2000] -> 21[3000] via direct shared memory
c198-062:2100:2165 [1] NCCL INFO Parsed MSCCL Algorithm /home1/09168/ldai1/ccl-build/msccl_tools_lyd/examples/xml/xml_lyd/binary_tree/allreduce_binary_tree_2ch_2tree_1chunk_8node_32gpu.xml successfully.
c196-042:29812:29864 [0] NCCL INFO Connected all trees
c196-042:29812:29864 [0] NCCL INFO MSCCL_XML_FILES set by environment to /home1/09168/ldai1/ccl-build/msccl_tools_lyd/examples/xml/xml_lyd/binary_tree/allreduce_binary_tree_2ch_2tree_1chunk_8node_32gpu.xml
c196-042:29812:29864 [0] NCCL INFO MSCCL: Parsing algorithm /home1/09168/ldai1/ccl-build/msccl_tools_lyd/examples/xml/xml_lyd/binary_tree/allreduce_binary_tree_2ch_2tree_1chunk_8node_32gpu.xml
c198-062:2101:2163 [2] NCCL INFO Parsed MSCCL Algorithm /home1/09168/ldai1/ccl-build/msccl_tools_lyd/examples/xml/xml_lyd/binary_tree/allreduce_binary_tree_2ch_2tree_1chunk_8node_32gpu.xml successfully.
c198-051:25317:25373 [1] NCCL INFO Connected all trees
c198-051:25317:25373 [1] NCCL INFO MSCCL_XML_FILES set by environment to /home1/09168/ldai1/ccl-build/msccl_tools_lyd/examples/xml/xml_lyd/binary_tree/allreduce_binary_tree_2ch_2tree_1chunk_8node_32gpu.xml
c198-051:25317:25373 [1] NCCL INFO MSCCL: Parsing algorithm /home1/09168/ldai1/ccl-build/msccl_tools_lyd/examples/xml/xml_lyd/binary_tree/allreduce_binary_tree_2ch_2tree_1chunk_8node_32gpu.xml
c196-051:14403:14463 [1] NCCL INFO Channel 00 : 5[3000] -> 4[2000] via direct shared memory
c196-051:14403:14463 [1] NCCL INFO Channel 01 : 5[3000] -> 4[2000] via direct shared memory
c196-051:14402:14462 [0] NCCL INFO Connected all trees
c196-051:14402:14462 [0] NCCL INFO MSCCL_XML_FILES set by environment to /home1/09168/ldai1/ccl-build/msccl_tools_lyd/examples/xml/xml_lyd/binary_tree/allreduce_binary_tree_2ch_2tree_1chunk_8node_32gpu.xml
c196-051:14402:14462 [0] NCCL INFO MSCCL: Parsing algorithm /home1/09168/ldai1/ccl-build/msccl_tools_lyd/examples/xml/xml_lyd/binary_tree/allreduce_binary_tree_2ch_2tree_1chunk_8node_32gpu.xml
c196-042:29813:29873 [1] NCCL INFO Connected all trees
c196-042:29813:29873 [1] NCCL INFO MSCCL_XML_FILES set by environment to /home1/09168/ldai1/ccl-build/msccl_tools_lyd/examples/xml/xml_lyd/binary_tree/allreduce_binary_tree_2ch_2tree_1chunk_8node_32gpu.xml
c196-042:29813:29873 [1] NCCL INFO MSCCL: Parsing algorithm /home1/09168/ldai1/ccl-build/msccl_tools_lyd/examples/xml/xml_lyd/binary_tree/allreduce_binary_tree_2ch_2tree_1chunk_8node_32gpu.xml
c198-051:25316:25375 [0] NCCL INFO Parsed MSCCL Algorithm /home1/09168/ldai1/ccl-build/msccl_tools_lyd/examples/xml/xml_lyd/binary_tree/allreduce_binary_tree_2ch_2tree_1chunk_8node_32gpu.xml successfully.
c196-051:14403:14463 [1] NCCL INFO Connected all trees
c196-051:14403:14463 [1] NCCL INFO MSCCL_XML_FILES set by environment to /home1/09168/ldai1/ccl-build/msccl_tools_lyd/examples/xml/xml_lyd/binary_tree/allreduce_binary_tree_2ch_2tree_1chunk_8node_32gpu.xml
c196-051:14403:14463 [1] NCCL INFO MSCCL: Parsing algorithm /home1/09168/ldai1/ccl-build/msccl_tools_lyd/examples/xml/xml_lyd/binary_tree/allreduce_binary_tree_2ch_2tree_1chunk_8node_32gpu.xml
c196-051:14404:14458 [2] NCCL INFO Connected all trees
c196-051:14404:14458 [2] NCCL INFO MSCCL_XML_FILES set by environment to /home1/09168/ldai1/ccl-build/msccl_tools_lyd/examples/xml/xml_lyd/binary_tree/allreduce_binary_tree_2ch_2tree_1chunk_8node_32gpu.xml
c196-051:14404:14458 [2] NCCL INFO MSCCL: Parsing algorithm /home1/09168/ldai1/ccl-build/msccl_tools_lyd/examples/xml/xml_lyd/binary_tree/allreduce_binary_tree_2ch_2tree_1chunk_8node_32gpu.xml
c198-051:25316:25375 [0] NCCL INFO Channel 02 : 8[2000] -> 9[3000] via direct shared memory
c198-051:25316:25375 [0] NCCL INFO Channel 03 : 8[2000] -> 9[3000] via direct shared memory
c198-051:25317:25373 [1] NCCL INFO Parsed MSCCL Algorithm /home1/09168/ldai1/ccl-build/msccl_tools_lyd/examples/xml/xml_lyd/binary_tree/allreduce_binary_tree_2ch_2tree_1chunk_8node_32gpu.xml successfully.
c196-042:29812:29864 [0] NCCL INFO Parsed MSCCL Algorithm /home1/09168/ldai1/ccl-build/msccl_tools_lyd/examples/xml/xml_lyd/binary_tree/allreduce_binary_tree_2ch_2tree_1chunk_8node_32gpu.xml successfully.
c196-051:14402:14462 [0] NCCL INFO Parsed MSCCL Algorithm /home1/09168/ldai1/ccl-build/msccl_tools_lyd/examples/xml/xml_lyd/binary_tree/allreduce_binary_tree_2ch_2tree_1chunk_8node_32gpu.xml successfully.
c196-042:29812:29864 [0] NCCL INFO Channel 02 : 0[2000] -> 1[3000] via direct shared memory
c196-042:29813:29873 [1] NCCL INFO Parsed MSCCL Algorithm /home1/09168/ldai1/ccl-build/msccl_tools_lyd/examples/xml/xml_lyd/binary_tree/allreduce_binary_tree_2ch_2tree_1chunk_8node_32gpu.xml successfully.
c196-042:29812:29864 [0] NCCL INFO Channel 03 : 0[2000] -> 1[3000] via direct shared memory
c196-051:14402:14462 [0] NCCL INFO Channel 02 : 4[2000] -> 5[3000] via direct shared memory
c196-051:14402:14462 [0] NCCL INFO Channel 03 : 4[2000] -> 5[3000] via direct shared memory
c198-072:26581:26640 [0] NCCL INFO Channel 02/0 : 28[2000] -> 12[2000] [send] via NET/IB/0
c198-071:508:587 [1] NCCL INFO Channel 02 : 25[3000] -> 26[82000] via direct shared memory
c196-051:14404:14458 [2] NCCL INFO Parsed MSCCL Algorithm /home1/09168/ldai1/ccl-build/msccl_tools_lyd/examples/xml/xml_lyd/binary_tree/allreduce_binary_tree_2ch_2tree_1chunk_8node_32gpu.xml successfully.
c198-071:508:587 [1] NCCL INFO Channel 03 : 25[3000] -> 26[82000] via direct shared memory
c196-051:14403:14463 [1] NCCL INFO Parsed MSCCL Algorithm /home1/09168/ldai1/ccl-build/msccl_tools_lyd/examples/xml/xml_lyd/binary_tree/allreduce_binary_tree_2ch_2tree_1chunk_8node_32gpu.xml successfully.
c198-062:2100:2165 [1] NCCL INFO Channel 02 : 21[3000] -> 22[82000] via direct shared memory
c198-062:2100:2165 [1] NCCL INFO Channel 03 : 21[3000] -> 22[82000] via direct shared memory
c198-071:507:601 [0] NCCL INFO Channel 02/0 : 21[3000] -> 24[2000] [receive] via NET/IB/0
c198-062:2101:2163 [2] NCCL INFO Channel 02 : 22[82000] -> 23[83000] via direct shared memory
c198-062:2101:2163 [2] NCCL INFO Channel 03 : 22[82000] -> 23[83000] via direct shared memory
c198-062:2102:2169 [3] NCCL INFO Channel 01/0 : 23[83000] -> 26[82000] [send] via NET/IB/0
c198-062:2099:2170 [0] NCCL INFO Channel 02/0 : 16[2000] -> 20[2000] [receive] via NET/IB/0
c198-071:509:597 [2] NCCL INFO Channel 01/0 : 23[83000] -> 26[82000] [receive] via NET/IB/0
c198-062:2100:2165 [1] NCCL INFO Channel 02/0 : 21[3000] -> 24[2000] [send] via NET/IB/0
c198-051:25317:25373 [1] NCCL INFO Channel 02 : 9[3000] -> 10[82000] via direct shared memory
c198-051:25317:25373 [1] NCCL INFO Channel 03 : 9[3000] -> 10[82000] via direct shared memory
c198-062:2101:2163 [2] NCCL INFO Channel 03/0 : 22[82000] -> 27[83000] [send] via NET/IB/0
c198-051:25319:25370 [3] NCCL INFO Channel 03/0 : 6[82000] -> 11[83000] [receive] via NET/IB/0
c198-052:23280:23336 [3] NCCL INFO Channel 03/0 : 7[83000] -> 15[83000] [receive] via NET/IB/0
c196-042:29813:29873 [1] NCCL INFO Channel 02 : 1[3000] -> 2[82000] via direct shared memory
c196-042:29813:29873 [1] NCCL INFO Channel 03 : 1[3000] -> 2[82000] via direct shared memory
c198-051:25316:25375 [0] NCCL INFO Channel 02/0 : 5[3000] -> 8[2000] [receive] via NET/IB/0
c196-051:14403:14463 [1] NCCL INFO Channel 02 : 5[3000] -> 6[82000] via direct shared memory
c196-051:14404:14458 [2] NCCL INFO Channel 02 : 6[82000] -> 7[83000] via direct shared memory
c196-051:14403:14463 [1] NCCL INFO Channel 03 : 5[3000] -> 6[82000] via direct shared memory
c196-051:14404:14458 [2] NCCL INFO Channel 03 : 6[82000] -> 7[83000] via direct shared memory
c196-051:14405:14459 [3] NCCL INFO Channel 01/0 : 7[83000] -> 10[82000] [send] via NET/IB/0
c198-071:508:587 [1] NCCL INFO Channel 02 : 25[3000] -> 24[2000] via direct shared memory
c198-071:508:587 [1] NCCL INFO Channel 03 : 25[3000] -> 24[2000] via direct shared memory
c198-051:25318:25371 [2] NCCL INFO Channel 01/0 : 7[83000] -> 10[82000] [receive] via NET/IB/0
c196-051:14402:14462 [0] NCCL INFO Channel 02/0 : 0[2000] -> 4[2000] [receive] via NET/IB/0
c196-051:14403:14463 [1] NCCL INFO Channel 02/0 : 5[3000] -> 8[2000] [send] via NET/IB/0
c196-051:14404:14458 [2] NCCL INFO Channel 03/0 : 6[82000] -> 11[83000] [send] via NET/IB/0
c198-051:25317:25373 [1] NCCL INFO Channel 02 : 9[3000] -> 8[2000] via direct shared memory
c198-051:25317:25373 [1] NCCL INFO Channel 03 : 9[3000] -> 8[2000] via direct shared memory
c196-042:29813:29873 [1] NCCL INFO Channel 02 : 1[3000] -> 0[2000] via direct shared memory
c196-042:29813:29873 [1] NCCL INFO Channel 03 : 1[3000] -> 0[2000] via direct shared memory
c196-042:29814:29871 [2] NCCL INFO Channel 02 : 2[82000] -> 1[3000] via direct shared memory
c196-042:29814:29871 [2] NCCL INFO Channel 03 : 2[82000] -> 1[3000] via direct shared memory
c198-062:2102:2169 [3] NCCL INFO Channel 03/0 : 19[83000] -> 23[83000] [receive] via NET/IB/0
c198-061:15847:15906 [0] NCCL INFO Channel 02/0 : 20[2000] -> 16[2000] [receive] via NET/IB/0
c198-071:509:597 [2] NCCL INFO Channel 01/0 : 26[82000] -> 23[83000] [send] via NET/IB/0
c196-042:29812:29864 [0] NCCL INFO Channel 02/0 : 0[2000] -> 4[2000] [send] via NET/IB/0
c198-071:507:601 [0] NCCL INFO Channel 02/0 : 24[2000] -> 21[3000] [send] via NET/IB/0
c198-062:2100:2165 [1] NCCL INFO Channel 02/0 : 24[2000] -> 21[3000] [receive] via NET/IB/0
c198-062:2101:2163 [2] NCCL INFO Channel 03/0 : 27[83000] -> 22[82000] [receive] via NET/IB/0
c198-071:510:596 [3] NCCL INFO Channel 01/0 : 19[83000] -> 27[83000] [receive] via NET/IB/0
c198-062:2099:2170 [0] NCCL INFO Channel 02/0 : 13[3000] -> 20[2000] [receive] via NET/IB/0
c196-051:14405:14459 [3] NCCL INFO Channel 03/0 : 3[83000] -> 7[83000] [receive] via NET/IB/0
c196-051:14403:14463 [1] NCCL INFO Channel 02/0 : 8[2000] -> 5[3000] [receive] via NET/IB/0
c198-051:25318:25371 [2] NCCL INFO Channel 01/0 : 10[82000] -> 7[83000] [send] via NET/IB/0
c198-051:25316:25375 [0] NCCL INFO Channel 02/0 : 8[2000] -> 5[3000] [send] via NET/IB/0
c196-051:14404:14458 [2] NCCL INFO Channel 03/0 : 11[83000] -> 6[82000] [receive] via NET/IB/0
c198-051:25319:25370 [3] NCCL INFO Channel 01/0 : 11[83000] -> 18[82000] [send] via NET/IB/0
c198-071:507:601 [0] NCCL INFO Connected 1 MSCCL algorithms
c198-071:507:601 [0] NCCL INFO NCCL_PROTO set by environment to Simple
c198-071:507:601 [0] NCCL INFO NCCL_ALGO set by environment to MSCCL,TREE,RING
c198-071:507:601 [0] NCCL INFO threadThresholds 8/8/64 | 256/8/64 | 8/8/64 | 8/8/512
c198-071:507:601 [0] NCCL INFO 4 coll channels, 2 p2p channels, 2 p2p channels per peer
c198-062:2100:2165 [1] NCCL INFO Channel 02 : 21[3000] -> 20[2000] via direct shared memory
c198-062:2100:2165 [1] NCCL INFO Channel 03 : 21[3000] -> 20[2000] via direct shared memory
c196-051:14403:14463 [1] NCCL INFO Channel 02 : 5[3000] -> 4[2000] via direct shared memory
c196-051:14403:14463 [1] NCCL INFO Channel 03 : 5[3000] -> 4[2000] via direct shared memory
c198-051:25316:25375 [0] NCCL INFO Connected 1 MSCCL algorithms
c198-051:25316:25375 [0] NCCL INFO NCCL_PROTO set by environment to Simple
c198-051:25316:25375 [0] NCCL INFO NCCL_ALGO set by environment to MSCCL,TREE,RING
c198-051:25316:25375 [0] NCCL INFO threadThresholds 8/8/64 | 256/8/64 | 8/8/64 | 8/8/512
c198-051:25316:25375 [0] NCCL INFO 4 coll channels, 2 p2p channels, 2 p2p channels per peer
c198-061:15850:15902 [3] NCCL INFO Channel 01/0 : 19[83000] -> 27[83000] [send] via NET/IB/0
c196-042:29812:29864 [0] NCCL INFO Channel 02/0 : 4[2000] -> 0[2000] [receive] via NET/IB/0
c198-062:2102:2169 [3] NCCL INFO Channel 03/0 : 14[82000] -> 23[83000] [receive] via NET/IB/0
c196-051:14402:14462 [0] NCCL INFO Channel 02/0 : 4[2000] -> 12[2000] [send] via NET/IB/0
c198-052:23278:23332 [1] NCCL INFO Channel 02/0 : 20[2000] -> 13[3000] [receive] via NET/IB/0
c196-042:29815:29869 [3] NCCL INFO Channel 01/0 : 19[83000] -> 3[83000] [receive] via NET/IB/0
c198-062:2099:2170 [0] NCCL INFO Channel 02/0 : 20[2000] -> 13[3000] [send] via NET/IB/0
c196-051:14405:14459 [3] NCCL INFO Channel 03/0 : 7[83000] -> 15[83000] [send] via NET/IB/0
c198-051:25319:25370 [3] NCCL INFO Channel 01/0 : 18[82000] -> 11[83000] [receive] via NET/IB/0
c198-061:15849:15901 [2] NCCL INFO Channel 01/0 : 18[82000] -> 11[83000] [send] via NET/IB/0
c198-052:23278:23332 [1] NCCL INFO Channel 02 : 13[3000] -> 12[2000] via direct shared memory
c198-052:23278:23332 [1] NCCL INFO Channel 03 : 13[3000] -> 12[2000] via direct shared memory
c198-061:15849:15901 [2] NCCL INFO Channel 02 : 18[82000] -> 17[3000] via direct shared memory
c198-061:15849:15901 [2] NCCL INFO Channel 03 : 18[82000] -> 17[3000] via direct shared memory
c198-061:15850:15902 [3] NCCL INFO Channel 01/0 : 3[83000] -> 19[83000] [receive] via NET/IB/0
c198-071:510:596 [3] NCCL INFO Channel 01/0 : 27[83000] -> 19[83000] [send] via NET/IB/0
c198-052:23279:23335 [2] NCCL INFO Channel 03/0 : 23[83000] -> 14[82000] [receive] via NET/IB/0
c196-051:14402:14462 [0] NCCL INFO Channel 02/0 : 12[2000] -> 4[2000] [receive] via NET/IB/0
c198-062:2102:2169 [3] NCCL INFO Channel 03/0 : 23[83000] -> 14[82000] [send] via NET/IB/0
c196-042:29815:29869 [3] NCCL INFO Channel 01/0 : 3[83000] -> 19[83000] [send] via NET/IB/0
c198-052:23277:23330 [0] NCCL INFO Channel 02/0 : 28[2000] -> 12[2000] [receive] via NET/IB/0
c196-051:14405:14459 [3] NCCL INFO Channel 03/0 : 15[83000] -> 7[83000] [receive] via NET/IB/0
c198-052:23280:23336 [3] NCCL INFO Channel 03/0 : 31[83000] -> 15[83000] [receive] via NET/IB/0
c198-062:2099:2170 [0] NCCL INFO Channel 02/0 : 20[2000] -> 16[2000] [send] via NET/IB/0
c198-051:25319:25370 [3] NCCL INFO Channel 03/0 : 11[83000] -> 6[82000] [send] via NET/IB/0
c198-052:23279:23335 [2] NCCL INFO Channel 02 : 14[82000] -> 13[3000] via direct shared memory
c198-052:23279:23335 [2] NCCL INFO Channel 03 : 14[82000] -> 13[3000] via direct shared memory
c198-061:15850:15902 [3] NCCL INFO Channel 01/0 : 19[83000] -> 3[83000] [send] via NET/IB/0
c198-061:15847:15906 [0] NCCL INFO Connected 1 MSCCL algorithms
c198-061:15847:15906 [0] NCCL INFO NCCL_PROTO set by environment to Simple
c198-061:15847:15906 [0] NCCL INFO NCCL_ALGO set by environment to MSCCL,TREE,RING
c198-061:15847:15906 [0] NCCL INFO threadThresholds 8/8/64 | 256/8/64 | 8/8/64 | 8/8/512
c198-061:15847:15906 [0] NCCL INFO 4 coll channels, 2 p2p channels, 2 p2p channels per peer
c198-062:2099:2170 [0] NCCL INFO Connected 1 MSCCL algorithms
c198-062:2099:2170 [0] NCCL INFO NCCL_PROTO set by environment to Simple
c198-062:2099:2170 [0] NCCL INFO NCCL_ALGO set by environment to MSCCL,TREE,RING
c198-062:2099:2170 [0] NCCL INFO threadThresholds 8/8/64 | 256/8/64 | 8/8/64 | 8/8/512
c198-062:2099:2170 [0] NCCL INFO 4 coll channels, 2 p2p channels, 2 p2p channels per peer
c196-051:14404:14458 [2] NCCL INFO Channel 02 : 6[82000] -> 5[3000] via direct shared memory
c196-051:14404:14458 [2] NCCL INFO Channel 03 : 6[82000] -> 5[3000] via direct shared memory
c198-061:15848:15904 [1] NCCL INFO Connected 1 MSCCL algorithms
c198-061:15848:15904 [1] NCCL INFO NCCL_PROTO set by environment to Simple
c198-061:15848:15904 [1] NCCL INFO NCCL_ALGO set by environment to MSCCL,TREE,RING
c198-061:15848:15904 [1] NCCL INFO threadThresholds 8/8/64 | 256/8/64 | 8/8/64 | 8/8/512
c198-061:15848:15904 [1] NCCL INFO 4 coll channels, 2 p2p channels, 2 p2p channels per peer
c198-052:23277:23330 [0] NCCL INFO Channel 02/0 : 12[2000] -> 28[2000] [send] via NET/IB/0
c198-062:2102:2169 [3] NCCL INFO Channel 03/0 : 23[83000] -> 19[83000] [send] via NET/IB/0
c198-052:23280:23336 [3] NCCL INFO Channel 03/0 : 15[83000] -> 31[83000] [send] via NET/IB/0
c198-051:25319:25370 [3] NCCL INFO Channel 01/0 : 15[83000] -> 11[83000] [receive] via NET/IB/0
c198-072:26581:26640 [0] NCCL INFO Connected 1 MSCCL algorithms
c198-072:26581:26640 [0] NCCL INFO NCCL_PROTO set by environment to Simple
c198-072:26581:26640 [0] NCCL INFO NCCL_ALGO set by environment to MSCCL,TREE,RING
c198-072:26581:26640 [0] NCCL INFO threadThresholds 8/8/64 | 256/8/64 | 8/8/64 | 8/8/512
c198-072:26581:26640 [0] NCCL INFO 4 coll channels, 2 p2p channels, 2 p2p channels per peer
c198-072:26582:26641 [1] NCCL INFO Connected 1 MSCCL algorithms
c198-072:26582:26641 [1] NCCL INFO NCCL_PROTO set by environment to Simple
c198-072:26582:26641 [1] NCCL INFO NCCL_ALGO set by environment to MSCCL,TREE,RING
c198-072:26582:26641 [1] NCCL INFO threadThresholds 8/8/64 | 256/8/64 | 8/8/64 | 8/8/512
c198-072:26582:26641 [1] NCCL INFO 4 coll channels, 2 p2p channels, 2 p2p channels per peer
c196-042:29815:29869 [3] NCCL INFO Channel 03/0 : 7[83000] -> 3[83000] [receive] via NET/IB/0
c198-061:15850:15902 [3] NCCL INFO Channel 01/0 : 27[83000] -> 19[83000] [receive] via NET/IB/0
c198-052:23277:23330 [0] NCCL INFO Channel 02/0 : 12[2000] -> 4[2000] [send] via NET/IB/0
c198-072:26584:26636 [3] NCCL INFO Channel 01/0 : 31[83000] -> 27[83000] [send] via NET/IB/0
c198-052:23280:23336 [3] NCCL INFO Channel 03/0 : 15[83000] -> 7[83000] [send] via NET/IB/0
c198-052:23277:23330 [0] NCCL INFO Connected 1 MSCCL algorithms
c198-052:23277:23330 [0] NCCL INFO NCCL_PROTO set by environment to Simple
c198-052:23277:23330 [0] NCCL INFO NCCL_ALGO set by environment to MSCCL,TREE,RING
c198-052:23277:23330 [0] NCCL INFO threadThresholds 8/8/64 | 256/8/64 | 8/8/64 | 8/8/512
c198-052:23277:23330 [0] NCCL INFO 4 coll channels, 2 p2p channels, 2 p2p channels per peer
c198-052:23278:23332 [1] NCCL INFO Connected 1 MSCCL algorithms
c198-052:23278:23332 [1] NCCL INFO NCCL_PROTO set by environment to Simple
c198-052:23278:23332 [1] NCCL INFO NCCL_ALGO set by environment to MSCCL,TREE,RING
c198-052:23278:23332 [1] NCCL INFO threadThresholds 8/8/64 | 256/8/64 | 8/8/64 | 8/8/512
c198-052:23278:23332 [1] NCCL INFO 4 coll channels, 2 p2p channels, 2 p2p channels per peer
c198-071:510:596 [3] NCCL INFO Channel 03/0 : 27[83000] -> 22[82000] [send] via NET/IB/0
c198-061:15850:15902 [3] NCCL INFO Channel 03/0 : 23[83000] -> 19[83000] [receive] via NET/IB/0
c196-051:14402:14462 [0] NCCL INFO Channel 02/0 : 4[2000] -> 0[2000] [send] via NET/IB/0
c198-061:15850:15902 [3] NCCL INFO Channel 02 : 19[83000] -> 18[82000] via direct shared memory
c198-061:15850:15902 [3] NCCL INFO Channel 03 : 19[83000] -> 18[82000] via direct shared memory
c198-061:15850:15902 [3] NCCL INFO Connected 1 MSCCL algorithms
c198-061:15850:15902 [3] NCCL INFO NCCL_PROTO set by environment to Simple
c198-061:15850:15902 [3] NCCL INFO NCCL_ALGO set by environment to MSCCL,TREE,RING
c198-061:15850:15902 [3] NCCL INFO threadThresholds 8/8/64 | 256/8/64 | 8/8/64 | 8/8/512
c198-061:15850:15902 [3] NCCL INFO 4 coll channels, 2 p2p channels, 2 p2p channels per peer
c198-061:15849:15901 [2] NCCL INFO Connected 1 MSCCL algorithms
c198-061:15849:15901 [2] NCCL INFO NCCL_PROTO set by environment to Simple
c198-061:15849:15901 [2] NCCL INFO NCCL_ALGO set by environment to MSCCL,TREE,RING
c198-061:15849:15901 [2] NCCL INFO threadThresholds 8/8/64 | 256/8/64 | 8/8/64 | 8/8/512
c198-061:15849:15901 [2] NCCL INFO 4 coll channels, 2 p2p channels, 2 p2p channels per peer
c198-052:23280:23336 [3] NCCL INFO Channel 01/0 : 15[83000] -> 11[83000] [send] via NET/IB/0
c196-051:14405:14459 [3] NCCL INFO Channel 03/0 : 7[83000] -> 3[83000] [send] via NET/IB/0
c198-052:23280:23336 [3] NCCL INFO Channel 02 : 15[83000] -> 14[82000] via direct shared memory
c198-052:23280:23336 [3] NCCL INFO Channel 03 : 15[83000] -> 14[82000] via direct shared memory
c198-062:2101:2163 [2] NCCL INFO Channel 02 : 22[82000] -> 21[3000] via direct shared memory
c198-062:2101:2163 [2] NCCL INFO Channel 03 : 22[82000] -> 21[3000] via direct shared memory
c198-051:25319:25370 [3] NCCL INFO Channel 02 : 11[83000] -> 10[82000] via direct shared memory
c198-051:25319:25370 [3] NCCL INFO Channel 03 : 11[83000] -> 10[82000] via direct shared memory
c196-042:29815:29869 [3] NCCL INFO Channel 02 : 3[83000] -> 2[82000] via direct shared memory
c196-042:29815:29869 [3] NCCL INFO Channel 03 : 3[83000] -> 2[82000] via direct shared memory
c196-051:14402:14462 [0] NCCL INFO Connected 1 MSCCL algorithms
c196-051:14402:14462 [0] NCCL INFO NCCL_PROTO set by environment to Simple
c196-051:14402:14462 [0] NCCL INFO NCCL_ALGO set by environment to MSCCL,TREE,RING
c196-051:14402:14462 [0] NCCL INFO threadThresholds 8/8/64 | 256/8/64 | 8/8/64 | 8/8/512
c198-052:23280:23336 [3] NCCL INFO Connected 1 MSCCL algorithms
c196-051:14402:14462 [0] NCCL INFO 4 coll channels, 2 p2p channels, 2 p2p channels per peer
c198-052:23280:23336 [3] NCCL INFO NCCL_PROTO set by environment to Simple
c198-052:23280:23336 [3] NCCL INFO NCCL_ALGO set by environment to MSCCL,TREE,RING
c198-052:23280:23336 [3] NCCL INFO threadThresholds 8/8/64 | 256/8/64 | 8/8/64 | 8/8/512
c198-052:23280:23336 [3] NCCL INFO 4 coll channels, 2 p2p channels, 2 p2p channels per peer
c198-062:2100:2165 [1] NCCL INFO Connected 1 MSCCL algorithms
c198-062:2100:2165 [1] NCCL INFO NCCL_PROTO set by environment to Simple
c198-062:2100:2165 [1] NCCL INFO NCCL_ALGO set by environment to MSCCL,TREE,RING
c198-062:2100:2165 [1] NCCL INFO threadThresholds 8/8/64 | 256/8/64 | 8/8/64 | 8/8/512
c198-062:2100:2165 [1] NCCL INFO 4 coll channels, 2 p2p channels, 2 p2p channels per peer
c198-052:23279:23335 [2] NCCL INFO Connected 1 MSCCL algorithms
c198-052:23279:23335 [2] NCCL INFO NCCL_PROTO set by environment to Simple
c198-052:23279:23335 [2] NCCL INFO NCCL_ALGO set by environment to MSCCL,TREE,RING
c198-052:23279:23335 [2] NCCL INFO threadThresholds 8/8/64 | 256/8/64 | 8/8/64 | 8/8/512
c198-052:23279:23335 [2] NCCL INFO 4 coll channels, 2 p2p channels, 2 p2p channels per peer
c196-042:29815:29869 [3] NCCL INFO Connected 1 MSCCL algorithms
c196-042:29815:29869 [3] NCCL INFO NCCL_PROTO set by environment to Simple
c196-042:29815:29869 [3] NCCL INFO NCCL_ALGO set by environment to MSCCL,TREE,RING
c196-051:14403:14463 [1] NCCL INFO Connected 1 MSCCL algorithms
c196-051:14403:14463 [1] NCCL INFO NCCL_PROTO set by environment to Simple
c196-051:14403:14463 [1] NCCL INFO NCCL_ALGO set by environment to MSCCL,TREE,RING
c196-051:14403:14463 [1] NCCL INFO threadThresholds 8/8/64 | 256/8/64 | 8/8/64 | 8/8/512
c196-051:14403:14463 [1] NCCL INFO 4 coll channels, 2 p2p channels, 2 p2p channels per peer
c196-042:29815:29869 [3] NCCL INFO threadThresholds 8/8/64 | 256/8/64 | 8/8/64 | 8/8/512
c196-042:29812:29864 [0] NCCL INFO Connected 1 MSCCL algorithms
c196-042:29815:29869 [3] NCCL INFO 4 coll channels, 2 p2p channels, 2 p2p channels per peer
c196-042:29812:29864 [0] NCCL INFO NCCL_PROTO set by environment to Simple
c196-042:29812:29864 [0] NCCL INFO NCCL_ALGO set by environment to MSCCL,TREE,RING
c196-042:29812:29864 [0] NCCL INFO threadThresholds 8/8/64 | 256/8/64 | 8/8/64 | 8/8/512
c196-042:29812:29864 [0] NCCL INFO 4 coll channels, 2 p2p channels, 2 p2p channels per peer
c196-042:29814:29871 [2] NCCL INFO Connected 1 MSCCL algorithms
c196-042:29814:29871 [2] NCCL INFO NCCL_PROTO set by environment to Simple
c196-042:29814:29871 [2] NCCL INFO NCCL_ALGO set by environment to MSCCL,TREE,RING
c196-042:29814:29871 [2] NCCL INFO threadThresholds 8/8/64 | 256/8/64 | 8/8/64 | 8/8/512
c196-042:29814:29871 [2] NCCL INFO 4 coll channels, 2 p2p channels, 2 p2p channels per peer
c196-042:29813:29873 [1] NCCL INFO Connected 1 MSCCL algorithms
c196-042:29813:29873 [1] NCCL INFO NCCL_PROTO set by environment to Simple
c196-042:29813:29873 [1] NCCL INFO NCCL_ALGO set by environment to MSCCL,TREE,RING
c196-042:29813:29873 [1] NCCL INFO threadThresholds 8/8/64 | 256/8/64 | 8/8/64 | 8/8/512
c196-042:29813:29873 [1] NCCL INFO 4 coll channels, 2 p2p channels, 2 p2p channels per peer
c198-071:510:596 [3] NCCL INFO Channel 01/0 : 31[83000] -> 27[83000] [receive] via NET/IB/0
c198-062:2102:2169 [3] NCCL INFO Channel 01/0 : 26[82000] -> 23[83000] [receive] via NET/IB/0
c198-072:26584:26636 [3] NCCL INFO Channel 02 : 31[83000] -> 30[82000] via direct shared memory
c198-072:26584:26636 [3] NCCL INFO Channel 03 : 31[83000] -> 30[82000] via direct shared memory
c198-071:510:596 [3] NCCL INFO Channel 02 : 27[83000] -> 26[82000] via direct shared memory
c198-071:510:596 [3] NCCL INFO Channel 03 : 27[83000] -> 26[82000] via direct shared memory
c198-072:26584:26636 [3] NCCL INFO Connected 1 MSCCL algorithms
c198-072:26584:26636 [3] NCCL INFO NCCL_PROTO set by environment to Simple
c198-072:26584:26636 [3] NCCL INFO NCCL_ALGO set by environment to MSCCL,TREE,RING
c198-072:26584:26636 [3] NCCL INFO threadThresholds 8/8/64 | 256/8/64 | 8/8/64 | 8/8/512
c198-072:26584:26636 [3] NCCL INFO 4 coll channels, 2 p2p channels, 2 p2p channels per peer
c198-072:26583:26637 [2] NCCL INFO Connected 1 MSCCL algorithms
c198-072:26583:26637 [2] NCCL INFO NCCL_PROTO set by environment to Simple
c198-072:26583:26637 [2] NCCL INFO NCCL_ALGO set by environment to MSCCL,TREE,RING
c198-072:26583:26637 [2] NCCL INFO threadThresholds 8/8/64 | 256/8/64 | 8/8/64 | 8/8/512
c198-072:26583:26637 [2] NCCL INFO 4 coll channels, 2 p2p channels, 2 p2p channels per peer
c198-062:2102:2169 [3] NCCL INFO Channel 02 : 23[83000] -> 22[82000] via direct shared memory
c198-062:2102:2169 [3] NCCL INFO Channel 03 : 23[83000] -> 22[82000] via direct shared memory
c198-061:15847:15906 [0] NCCL INFO comm 0x2b0c6e000010 rank 16 nranks 32 cudaDev 0 busId 2000 - Init COMPLETE
c198-061:15850:15902 [3] NCCL INFO comm 0x2b1c00000010 rank 19 nranks 32 cudaDev 3 busId 83000 - Init COMPLETE
c198-061:15848:15904 [1] NCCL INFO comm 0x2b698e000010 rank 17 nranks 32 cudaDev 1 busId 3000 - Init COMPLETE
c198-061:15849:15901 [2] NCCL INFO comm 0x2b253e000010 rank 18 nranks 32 cudaDev 2 busId 82000 - Init COMPLETE
c198-062:2102:2169 [3] NCCL INFO Connected 1 MSCCL algorithms
c198-062:2102:2169 [3] NCCL INFO NCCL_PROTO set by environment to Simple
c198-062:2102:2169 [3] NCCL INFO NCCL_ALGO set by environment to MSCCL,TREE,RING
c198-062:2102:2169 [3] NCCL INFO threadThresholds 8/8/64 | 256/8/64 | 8/8/64 | 8/8/512
c198-062:2102:2169 [3] NCCL INFO 4 coll channels, 2 p2p channels, 2 p2p channels per peer
c198-062:2101:2163 [2] NCCL INFO Connected 1 MSCCL algorithms
c198-062:2101:2163 [2] NCCL INFO NCCL_PROTO set by environment to Simple
c198-062:2101:2163 [2] NCCL INFO NCCL_ALGO set by environment to MSCCL,TREE,RING
c198-062:2101:2163 [2] NCCL INFO threadThresholds 8/8/64 | 256/8/64 | 8/8/64 | 8/8/512
c198-062:2101:2163 [2] NCCL INFO 4 coll channels, 2 p2p channels, 2 p2p channels per peer
c196-051:14405:14459 [3] NCCL INFO Channel 01/0 : 10[82000] -> 7[83000] [receive] via NET/IB/0
c198-071:509:597 [2] NCCL INFO Channel 02 : 26[82000] -> 25[3000] via direct shared memory
c198-071:509:597 [2] NCCL INFO Channel 03 : 26[82000] -> 25[3000] via direct shared memory
c198-052:23280:23336 [3] NCCL INFO comm 0x2b7572615010 rank 15 nranks 32 cudaDev 3 busId 83000 - Init COMPLETE
c198-052:23277:23330 [0] NCCL INFO comm 0x2b4dde000010 rank 12 nranks 32 cudaDev 0 busId 2000 - Init COMPLETE
c198-052:23278:23332 [1] NCCL INFO comm 0x2b14bd058010 rank 13 nranks 32 cudaDev 1 busId 3000 - Init COMPLETE
c198-052:23279:23335 [2] NCCL INFO comm 0x2bab1e000010 rank 14 nranks 32 cudaDev 2 busId 82000 - Init COMPLETE
c196-051:14405:14459 [3] NCCL INFO Channel 02 : 7[83000] -> 6[82000] via direct shared memory
c196-051:14405:14459 [3] NCCL INFO Channel 03 : 7[83000] -> 6[82000] via direct shared memory
c198-071:510:596 [3] NCCL INFO Connected 1 MSCCL algorithms
c198-071:510:596 [3] NCCL INFO NCCL_PROTO set by environment to Simple
c198-071:510:596 [3] NCCL INFO NCCL_ALGO set by environment to MSCCL,TREE,RING
c198-071:510:596 [3] NCCL INFO threadThresholds 8/8/64 | 256/8/64 | 8/8/64 | 8/8/512
c198-071:510:596 [3] NCCL INFO 4 coll channels, 2 p2p channels, 2 p2p channels per peer
c198-071:509:597 [2] NCCL INFO Connected 1 MSCCL algorithms
c198-071:509:597 [2] NCCL INFO NCCL_PROTO set by environment to Simple
c198-071:509:597 [2] NCCL INFO NCCL_ALGO set by environment to MSCCL,TREE,RING
c198-071:509:597 [2] NCCL INFO threadThresholds 8/8/64 | 256/8/64 | 8/8/64 | 8/8/512
c198-071:508:587 [1] NCCL INFO Connected 1 MSCCL algorithms
c198-071:509:597 [2] NCCL INFO 4 coll channels, 2 p2p channels, 2 p2p channels per peer
c198-071:508:587 [1] NCCL INFO NCCL_PROTO set by environment to Simple
c198-071:508:587 [1] NCCL INFO NCCL_ALGO set by environment to MSCCL,TREE,RING
c198-071:508:587 [1] NCCL INFO threadThresholds 8/8/64 | 256/8/64 | 8/8/64 | 8/8/512
c198-071:508:587 [1] NCCL INFO 4 coll channels, 2 p2p channels, 2 p2p channels per peer
c196-042:29815:29869 [3] NCCL INFO comm 0x2b268e000010 rank 3 nranks 32 cudaDev 3 busId 83000 - Init COMPLETE
c196-042:29813:29873 [1] NCCL INFO comm 0x2b5c4e000010 rank 1 nranks 32 cudaDev 1 busId 3000 - Init COMPLETE
c196-042:29812:29864 [0] NCCL INFO comm 0x2b2da2201010 rank 0 nranks 32 cudaDev 0 busId 2000 - Init COMPLETE
#
#                                                              out-of-place                       in-place          
#       size         count      type   redop    root     time   algbw   busbw #wrong     time   algbw   busbw #wrong
#        (B)    (elements)                               (us)  (GB/s)  (GB/s)            (us)  (GB/s)  (GB/s)       
c196-051:14405:14459 [3] NCCL INFO Connected 1 MSCCL algorithms
c196-051:14405:14459 [3] NCCL INFO NCCL_PROTO set by environment to Simple
c196-051:14405:14459 [3] NCCL INFO NCCL_ALGO set by environment to MSCCL,TREE,RING
c196-051:14405:14459 [3] NCCL INFO threadThresholds 8/8/64 | 256/8/64 | 8/8/64 | 8/8/512
c196-051:14405:14459 [3] NCCL INFO 4 coll channels, 2 p2p channels, 2 p2p channels per peer
c196-042:29814:29871 [2] NCCL INFO comm 0x2b8f51c3d010 rank 2 nranks 32 cudaDev 2 busId 82000 - Init COMPLETE
c196-051:14404:14458 [2] NCCL INFO Connected 1 MSCCL algorithms
c196-051:14404:14458 [2] NCCL INFO NCCL_PROTO set by environment to Simple
c196-051:14404:14458 [2] NCCL INFO NCCL_ALGO set by environment to MSCCL,TREE,RING
c196-051:14404:14458 [2] NCCL INFO threadThresholds 8/8/64 | 256/8/64 | 8/8/64 | 8/8/512
c196-051:14404:14458 [2] NCCL INFO 4 coll channels, 2 p2p channels, 2 p2p channels per peer
c198-051:25318:25371 [2] NCCL INFO Channel 02 : 10[82000] -> 9[3000] via direct shared memory
c198-051:25318:25371 [2] NCCL INFO Channel 03 : 10[82000] -> 9[3000] via direct shared memory
c198-051:25319:25370 [3] NCCL INFO Connected 1 MSCCL algorithms
c198-051:25319:25370 [3] NCCL INFO NCCL_PROTO set by environment to Simple
c198-051:25319:25370 [3] NCCL INFO NCCL_ALGO set by environment to MSCCL,TREE,RING
c198-051:25319:25370 [3] NCCL INFO threadThresholds 8/8/64 | 256/8/64 | 8/8/64 | 8/8/512
c198-051:25319:25370 [3] NCCL INFO 4 coll channels, 2 p2p channels, 2 p2p channels per peer
c198-051:25318:25371 [2] NCCL INFO Connected 1 MSCCL algorithms
c198-051:25318:25371 [2] NCCL INFO NCCL_PROTO set by environment to Simple
c198-051:25318:25371 [2] NCCL INFO NCCL_ALGO set by environment to MSCCL,TREE,RING
c198-051:25318:25371 [2] NCCL INFO threadThresholds 8/8/64 | 256/8/64 | 8/8/64 | 8/8/512
c198-051:25318:25371 [2] NCCL INFO 4 coll channels, 2 p2p channels, 2 p2p channels per peer
c198-051:25317:25373 [1] NCCL INFO Connected 1 MSCCL algorithms
c198-051:25317:25373 [1] NCCL INFO NCCL_PROTO set by environment to Simple
c198-051:25317:25373 [1] NCCL INFO NCCL_ALGO set by environment to MSCCL,TREE,RING
c198-051:25317:25373 [1] NCCL INFO threadThresholds 8/8/64 | 256/8/64 | 8/8/64 | 8/8/512
c198-051:25317:25373 [1] NCCL INFO 4 coll channels, 2 p2p channels, 2 p2p channels per peer
c198-072:26584:26636 [3] NCCL INFO comm 0x2b96bd28c010 rank 31 nranks 32 cudaDev 3 busId 83000 - Init COMPLETE
c198-072:26581:26640 [0] NCCL INFO comm 0x2b505c000010 rank 28 nranks 32 cudaDev 0 busId 2000 - Init COMPLETE
c198-072:26583:26637 [2] NCCL INFO comm 0x2ae93e000010 rank 30 nranks 32 cudaDev 2 busId 82000 - Init COMPLETE
c198-072:26582:26641 [1] NCCL INFO comm 0x2b158e201010 rank 29 nranks 32 cudaDev 1 busId 3000 - Init COMPLETE
c198-062:2099:2170 [0] NCCL INFO comm 0x2b75c2000010 rank 20 nranks 32 cudaDev 0 busId 2000 - Init COMPLETE
c198-062:2102:2169 [3] NCCL INFO comm 0x2b463db6e010 rank 23 nranks 32 cudaDev 3 busId 83000 - Init COMPLETE
c198-062:2100:2165 [1] NCCL INFO comm 0x2b3e6e000010 rank 21 nranks 32 cudaDev 1 busId 3000 - Init COMPLETE
c198-062:2101:2163 [2] NCCL INFO comm 0x2ade6e000010 rank 22 nranks 32 cudaDev 2 busId 82000 - Init COMPLETE
c198-071:510:596 [3] NCCL INFO comm 0x2b417ce38010 rank 27 nranks 32 cudaDev 3 busId 83000 - Init COMPLETE
c198-071:509:597 [2] NCCL INFO comm 0x2b54057bd010 rank 26 nranks 32 cudaDev 2 busId 82000 - Init COMPLETE
c198-071:508:587 [1] NCCL INFO comm 0x2b97c0000010 rank 25 nranks 32 cudaDev 1 busId 3000 - Init COMPLETE
c198-071:507:601 [0] NCCL INFO comm 0x2b754e000010 rank 24 nranks 32 cudaDev 0 busId 2000 - Init COMPLETE
c196-051:14403:14463 [1] NCCL INFO comm 0x2b70a591b010 rank 5 nranks 32 cudaDev 1 busId 3000 - Init COMPLETE
c196-051:14405:14459 [3] NCCL INFO comm 0x2aad72000010 rank 7 nranks 32 cudaDev 3 busId 83000 - Init COMPLETE
c196-051:14404:14458 [2] NCCL INFO comm 0x2b2682615010 rank 6 nranks 32 cudaDev 2 busId 82000 - Init COMPLETE
c196-051:14402:14462 [0] NCCL INFO comm 0x2b4a45abd010 rank 4 nranks 32 cudaDev 0 busId 2000 - Init COMPLETE
c198-051:25319:25370 [3] NCCL INFO comm 0x2b6cdd138010 rank 11 nranks 32 cudaDev 3 busId 83000 - Init COMPLETE
c198-051:25318:25371 [2] NCCL INFO comm 0x2ae23e201010 rank 10 nranks 32 cudaDev 2 busId 82000 - Init COMPLETE
c198-051:25316:25375 [0] NCCL INFO comm 0x2b1692402010 rank 8 nranks 32 cudaDev 0 busId 2000 - Init COMPLETE
c198-051:25317:25373 [1] NCCL INFO comm 0x2b2e1599c010 rank 9 nranks 32 cudaDev 1 busId 3000 - Init COMPLETE
c196-042:29812:29812 [0] NCCL INFO Launch mode Parallel
       65536         16384     float     sum      -1    244.2    0.27    0.52      0    224.1    0.29    0.57      0
      131072         32768     float     sum      -1    304.1    0.43    0.83      0    317.0    0.41    0.80      0
      262144         65536     float     sum      -1    435.8    0.60    1.17      0    443.3    0.59    1.15      0
      524288        131072     float     sum      -1    785.6    0.67    1.29      0    784.4    0.67    1.30      0
     1048576        262144     float     sum      -1   1450.4    0.72    1.40      0   1466.4    0.72    1.39      0
     2097152        524288     float     sum      -1   2706.2    0.77    1.50      0   2782.9    0.75    1.46      0
     4194304       1048576     float     sum      -1   5307.3    0.79    1.53      0   5431.2    0.77    1.50      0
     8388608       2097152     float     sum      -1   6923.0    1.21    2.35      0   6885.9    1.22    2.36      0
    16777216       4194304     float     sum      -1    10838    1.55    3.00      0    10790    1.55    3.01      0
    33554432       8388608     float     sum      -1    19007    1.77    3.42      0    19019    1.76    3.42      0
    67108864      16777216     float     sum      -1    37520    1.79    3.47      0    37516    1.79    3.47      0
   134217728      33554432     float     sum      -1    74768    1.80    3.48      0    74762    1.80    3.48      0
   268435456      67108864     float     sum      -1   149304    1.80    3.48      0   149198    1.80    3.49      0
c198-072:26584:26584 [3] NCCL INFO comm 0x2b96bd28c010 rank 31 nranks 32 cudaDev 3 busId 83000 - Destroy COMPLETE
c196-042:29815:29815 [3] NCCL INFO comm 0x2b268e000010 rank 3 nranks 32 cudaDev 3 busId 83000 - Destroy COMPLETE
c198-072:26582:26582 [1] NCCL INFO comm 0x2b158e201010 rank 29 nranks 32 cudaDev 1 busId 3000 - Destroy COMPLETE
c198-071:510:510 [3] NCCL INFO comm 0x2b417ce38010 rank 27 nranks 32 cudaDev 3 busId 83000 - Destroy COMPLETE
c196-042:29813:29813 [1] NCCL INFO comm 0x2b5c4e000010 rank 1 nranks 32 cudaDev 1 busId 3000 - Destroy COMPLETE
c198-071:508:508 [1] NCCL INFO comm 0x2b97c0000010 rank 25 nranks 32 cudaDev 1 busId 3000 - Destroy COMPLETE
c198-062:2102:2102 [3] NCCL INFO comm 0x2b463db6e010 rank 23 nranks 32 cudaDev 3 busId 83000 - Destroy COMPLETE
c198-072:26581:26581 [0] NCCL INFO comm 0x2b505c000010 rank 28 nranks 32 cudaDev 0 busId 2000 - Destroy COMPLETE
c196-051:14405:14405 [3] NCCL INFO comm 0x2aad72000010 rank 7 nranks 32 cudaDev 3 busId 83000 - Destroy COMPLETE
c198-061:15850:15850 [3] NCCL INFO comm 0x2b1c00000010 rank 19 nranks 32 cudaDev 3 busId 83000 - Destroy COMPLETE
c198-051:25319:25319 [3] NCCL INFO comm 0x2b6cdd138010 rank 11 nranks 32 cudaDev 3 busId 83000 - Destroy COMPLETE
c198-052:23280:23280 [3] NCCL INFO comm 0x2b7572615010 rank 15 nranks 32 cudaDev 3 busId 83000 - Destroy COMPLETE
c196-042:29812:29812 [0] NCCL INFO comm 0x2b2da2201010 rank 0 nranks 32 cudaDev 0 busId 2000 - Destroy COMPLETE
c198-071:507:507 [0] NCCL INFO comm 0x2b754e000010 rank 24 nranks 32 cudaDev 0 busId 2000 - Destroy COMPLETE
c198-072:26583:26583 [2] NCCL INFO comm 0x2ae93e000010 rank 30 nranks 32 cudaDev 2 busId 82000 - Destroy COMPLETE
c198-061:15847:15847 [0] NCCL INFO comm 0x2b0c6e000010 rank 16 nranks 32 cudaDev 0 busId 2000 - Destroy COMPLETE
c198-052:23277:23277 [0] NCCL INFO comm 0x2b4dde000010 rank 12 nranks 32 cudaDev 0 busId 2000 - Destroy COMPLETE
c198-061:15848:15848 [1] NCCL INFO comm 0x2b698e000010 rank 17 nranks 32 cudaDev 1 busId 3000 - Destroy COMPLETE
c198-051:25318:25318 [2] NCCL INFO comm 0x2ae23e201010 rank 10 nranks 32 cudaDev 2 busId 82000 - Destroy COMPLETE
c198-052:23279:23279 [2] NCCL INFO comm 0x2bab1e000010 rank 14 nranks 32 cudaDev 2 busId 82000 - Destroy COMPLETE
c196-042:29814:29814 [2] NCCL INFO comm 0x2b8f51c3d010 rank 2 nranks 32 cudaDev 2 busId 82000 - Destroy COMPLETE
c198-061:15849:15849 [2] NCCL INFO comm 0x2b253e000010 rank 18 nranks 32 cudaDev 2 busId 82000 - Destroy COMPLETE
c198-062:2099:2099 [0] NCCL INFO comm 0x2b75c2000010 rank 20 nranks 32 cudaDev 0 busId 2000 - Destroy COMPLETE
c198-051:25316:25316 [0] NCCL INFO comm 0x2b1692402010 rank 8 nranks 32 cudaDev 0 busId 2000 - Destroy COMPLETE
c198-071:509:509 [2] NCCL INFO comm 0x2b54057bd010 rank 26 nranks 32 cudaDev 2 busId 82000 - Destroy COMPLETE
c196-051:14402:14402 [0] NCCL INFO comm 0x2b4a45abd010 rank 4 nranks 32 cudaDev 0 busId 2000 - Destroy COMPLETE
c198-062:2101:2101 [2] NCCL INFO comm 0x2ade6e000010 rank 22 nranks 32 cudaDev 2 busId 82000 - Destroy COMPLETE
# Out of bounds values : 0 OK
# Avg bus bandwidth    : 2.10817 
#
c198-051:25317:25317 [1] NCCL INFO comm 0x2b2e1599c010 rank 9 nranks 32 cudaDev 1 busId 3000 - Destroy COMPLETE
c196-051:14404:14404 [2] NCCL INFO comm 0x2b2682615010 rank 6 nranks 32 cudaDev 2 busId 82000 - Destroy COMPLETE
c198-052:23278:23278 [1] NCCL INFO comm 0x2b14bd058010 rank 13 nranks 32 cudaDev 1 busId 3000 - Destroy COMPLETE
c198-062:2100:2100 [1] NCCL INFO comm 0x2b3e6e000010 rank 21 nranks 32 cudaDev 1 busId 3000 - Destroy COMPLETE
c196-051:14403:14403 [1] NCCL INFO comm 0x2b70a591b010 rank 5 nranks 32 cudaDev 1 busId 3000 - Destroy COMPLETE

TACC:  Shutdown complete. Exiting. 
