TACC:  Starting up job 6209039 
TACC:  Starting parallel tasks... 
# nThread 1 nGpus 1 minBytes 65536 maxBytes 268435456 step: 2(factor) warmup iters: 5 iters: 60 agg iters: 1 validation: 1 graph: 0
#
# Using devices
#  Rank  0 Group  0 Pid   4369 on   c197-081 device  0 [0x02] Quadro RTX 5000
#  Rank  1 Group  0 Pid   4370 on   c197-081 device  1 [0x03] Quadro RTX 5000
#  Rank  2 Group  0 Pid   4371 on   c197-081 device  2 [0x82] Quadro RTX 5000
#  Rank  3 Group  0 Pid   4372 on   c197-081 device  3 [0x83] Quadro RTX 5000
#  Rank  4 Group  0 Pid  19801 on   c197-082 device  0 [0x02] Quadro RTX 5000
#  Rank  5 Group  0 Pid  19802 on   c197-082 device  1 [0x03] Quadro RTX 5000
#  Rank  6 Group  0 Pid  19803 on   c197-082 device  2 [0x82] Quadro RTX 5000
#  Rank  7 Group  0 Pid  19804 on   c197-082 device  3 [0x83] Quadro RTX 5000
#  Rank  8 Group  0 Pid  23838 on   c197-091 device  0 [0x02] Quadro RTX 5000
#  Rank  9 Group  0 Pid  23839 on   c197-091 device  1 [0x03] Quadro RTX 5000
#  Rank 10 Group  0 Pid  23840 on   c197-091 device  2 [0x82] Quadro RTX 5000
#  Rank 11 Group  0 Pid  23841 on   c197-091 device  3 [0x83] Quadro RTX 5000
#  Rank 12 Group  0 Pid  27632 on   c197-092 device  0 [0x02] Quadro RTX 5000
#  Rank 13 Group  0 Pid  27633 on   c197-092 device  1 [0x03] Quadro RTX 5000
#  Rank 14 Group  0 Pid  27634 on   c197-092 device  2 [0x82] Quadro RTX 5000
#  Rank 15 Group  0 Pid  27635 on   c197-092 device  3 [0x83] Quadro RTX 5000
#  Rank 16 Group  0 Pid   4372 on   c197-101 device  0 [0x02] Quadro RTX 5000
#  Rank 17 Group  0 Pid   4373 on   c197-101 device  1 [0x03] Quadro RTX 5000
#  Rank 18 Group  0 Pid   4374 on   c197-101 device  2 [0x82] Quadro RTX 5000
#  Rank 19 Group  0 Pid   4375 on   c197-101 device  3 [0x83] Quadro RTX 5000
#  Rank 20 Group  0 Pid   6964 on   c197-102 device  0 [0x02] Quadro RTX 5000
#  Rank 21 Group  0 Pid   6965 on   c197-102 device  1 [0x03] Quadro RTX 5000
#  Rank 22 Group  0 Pid   6966 on   c197-102 device  2 [0x82] Quadro RTX 5000
#  Rank 23 Group  0 Pid   6967 on   c197-102 device  3 [0x83] Quadro RTX 5000
#  Rank 24 Group  0 Pid  11256 on   c199-071 device  0 [0x02] Quadro RTX 5000
#  Rank 25 Group  0 Pid  11257 on   c199-071 device  1 [0x03] Quadro RTX 5000
#  Rank 26 Group  0 Pid  11258 on   c199-071 device  2 [0x82] Quadro RTX 5000
#  Rank 27 Group  0 Pid  11259 on   c199-071 device  3 [0x83] Quadro RTX 5000
#  Rank 28 Group  0 Pid  27843 on   c199-072 device  0 [0x02] Quadro RTX 5000
#  Rank 29 Group  0 Pid  27844 on   c199-072 device  1 [0x03] Quadro RTX 5000
#  Rank 30 Group  0 Pid  27845 on   c199-072 device  2 [0x82] Quadro RTX 5000
#  Rank 31 Group  0 Pid  27846 on   c199-072 device  3 [0x83] Quadro RTX 5000
The MSCCL XML file exists: /home1/09168/ldai1/ccl-build/msccl_tools_lyd/examples/xml/xml_lyd/binary_tree/allreduce_binary_tree_4ch_2tree_256chunk_8node_32gpu.xml
c197-081:4369:4369 [0] NCCL INFO Bootstrap : Using ib0:192.168.44.137<0>
c197-081:4369:4369 [0] NCCL INFO NET/Plugin : No plugin found (libnccl-net.so), using internal implementation
c197-081:4369:4369 [0] NCCL INFO NET/IB : Using [0]mlx4_0:1/IB [RO]; OOB ib0:192.168.44.137<0>
c197-081:4369:4369 [0] NCCL INFO Using network IB
NCCL version 2.12.12.MSCCL.0.7.4+cuda11.3
c197-081:4371:4371 [2] NCCL INFO Bootstrap : Using ib0:192.168.44.137<0>
c197-081:4372:4372 [3] NCCL INFO Bootstrap : Using ib0:192.168.44.137<0>
c197-081:4371:4371 [2] NCCL INFO NET/Plugin : No plugin found (libnccl-net.so), using internal implementation
c197-081:4372:4372 [3] NCCL INFO NET/Plugin : No plugin found (libnccl-net.so), using internal implementation
c197-081:4370:4370 [1] NCCL INFO Bootstrap : Using ib0:192.168.44.137<0>
c197-081:4370:4370 [1] NCCL INFO NET/Plugin : No plugin found (libnccl-net.so), using internal implementation
c197-081:4372:4372 [3] NCCL INFO NET/IB : Using [0]mlx4_0:1/IB [RO]; OOB ib0:192.168.44.137<0>
c197-081:4372:4372 [3] NCCL INFO Using network IB
c197-081:4371:4371 [2] NCCL INFO NET/IB : Using [0]mlx4_0:1/IB [RO]; OOB ib0:192.168.44.137<0>
c197-081:4371:4371 [2] NCCL INFO Using network IB
c197-081:4370:4370 [1] NCCL INFO NET/IB : Using [0]mlx4_0:1/IB [RO]; OOB ib0:192.168.44.137<0>
c197-081:4370:4370 [1] NCCL INFO Using network IB
c199-071:11256:11256 [0] NCCL INFO Bootstrap : Using ib0:192.168.44.179<0>
c199-071:11256:11256 [0] NCCL INFO NET/Plugin : No plugin found (libnccl-net.so), using internal implementation
c197-101:4374:4374 [2] NCCL INFO Bootstrap : Using ib0:192.168.44.141<0>
c197-101:4375:4375 [3] NCCL INFO Bootstrap : Using ib0:192.168.44.141<0>
c197-101:4374:4374 [2] NCCL INFO NET/Plugin : No plugin found (libnccl-net.so), using internal implementation
c197-101:4375:4375 [3] NCCL INFO NET/Plugin : No plugin found (libnccl-net.so), using internal implementation
c199-071:11256:11256 [0] NCCL INFO NET/IB : Using [0]mlx4_0:1/IB [RO]; OOB ib0:192.168.44.179<0>
c199-071:11256:11256 [0] NCCL INFO Using network IB
c197-102:6966:6966 [2] NCCL INFO Bootstrap : Using ib0:192.168.44.142<0>
c197-102:6966:6966 [2] NCCL INFO NET/Plugin : No plugin found (libnccl-net.so), using internal implementation
c197-101:4374:4374 [2] NCCL INFO NET/IB : Using [0]mlx4_0:1/IB [RO]; OOB ib0:192.168.44.141<0>
c197-101:4374:4374 [2] NCCL INFO Using network IB
c197-101:4375:4375 [3] NCCL INFO NET/IB : Using [0]mlx4_0:1/IB [RO]; OOB ib0:192.168.44.141<0>
c197-101:4375:4375 [3] NCCL INFO Using network IB
c197-102:6966:6966 [2] NCCL INFO NET/IB : Using [0]mlx4_0:1/IB [RO]; OOB ib0:192.168.44.142<0>
c197-102:6966:6966 [2] NCCL INFO Using network IB
c197-101:4373:4373 [1] NCCL INFO Bootstrap : Using ib0:192.168.44.141<0>
c197-101:4373:4373 [1] NCCL INFO NET/Plugin : No plugin found (libnccl-net.so), using internal implementation
c197-101:4372:4372 [0] NCCL INFO Bootstrap : Using ib0:192.168.44.141<0>
c197-101:4372:4372 [0] NCCL INFO NET/Plugin : No plugin found (libnccl-net.so), using internal implementation
c197-101:4372:4372 [0] NCCL INFO NET/IB : Using [0]mlx4_0:1/IB [RO]; OOB ib0:192.168.44.141<0>
c197-101:4372:4372 [0] NCCL INFO Using network IB
c197-101:4373:4373 [1] NCCL INFO NET/IB : Using [0]mlx4_0:1/IB [RO]; OOB ib0:192.168.44.141<0>
c197-101:4373:4373 [1] NCCL INFO Using network IB
c197-102:6965:6965 [1] NCCL INFO Bootstrap : Using ib0:192.168.44.142<0>
c197-102:6964:6964 [0] NCCL INFO Bootstrap : Using ib0:192.168.44.142<0>
c197-102:6964:6964 [0] NCCL INFO NET/Plugin : No plugin found (libnccl-net.so), using internal implementation
c197-102:6965:6965 [1] NCCL INFO NET/Plugin : No plugin found (libnccl-net.so), using internal implementation
c197-091:23841:23841 [3] NCCL INFO Bootstrap : Using ib0:192.168.44.139<0>
c197-091:23841:23841 [3] NCCL INFO NET/Plugin : No plugin found (libnccl-net.so), using internal implementation
c199-071:11258:11258 [2] NCCL INFO Bootstrap : Using ib0:192.168.44.179<0>
c199-071:11258:11258 [2] NCCL INFO NET/Plugin : No plugin found (libnccl-net.so), using internal implementation
c197-102:6967:6967 [3] NCCL INFO Bootstrap : Using ib0:192.168.44.142<0>
c197-102:6967:6967 [3] NCCL INFO NET/Plugin : No plugin found (libnccl-net.so), using internal implementation
c197-091:23841:23841 [3] NCCL INFO NET/IB : Using [0]mlx4_0:1/IB [RO]; OOB ib0:192.168.44.139<0>
c197-091:23841:23841 [3] NCCL INFO Using network IB
c197-102:6964:6964 [0] NCCL INFO NET/IB : Using [0]mlx4_0:1/IB [RO]; OOB ib0:192.168.44.142<0>
c197-102:6964:6964 [0] NCCL INFO Using network IB
c197-102:6965:6965 [1] NCCL INFO NET/IB : Using [0]mlx4_0:1/IB [RO]; OOB ib0:192.168.44.142<0>
c197-102:6965:6965 [1] NCCL INFO Using network IB
c199-071:11258:11258 [2] NCCL INFO NET/IB : Using [0]mlx4_0:1/IB [RO]; OOB ib0:192.168.44.179<0>
c199-071:11258:11258 [2] NCCL INFO Using network IB
c197-102:6967:6967 [3] NCCL INFO NET/IB : Using [0]mlx4_0:1/IB [RO]; OOB ib0:192.168.44.142<0>
c197-102:6967:6967 [3] NCCL INFO Using network IB
c199-072:27845:27845 [2] NCCL INFO Bootstrap : Using ib0:192.168.44.180<0>
c199-072:27846:27846 [3] NCCL INFO Bootstrap : Using ib0:192.168.44.180<0>
c199-072:27845:27845 [2] NCCL INFO NET/Plugin : No plugin found (libnccl-net.so), using internal implementation
c199-072:27846:27846 [3] NCCL INFO NET/Plugin : No plugin found (libnccl-net.so), using internal implementation
c197-091:23840:23840 [2] NCCL INFO Bootstrap : Using ib0:192.168.44.139<0>
c197-091:23839:23839 [1] NCCL INFO Bootstrap : Using ib0:192.168.44.139<0>
c197-091:23840:23840 [2] NCCL INFO NET/Plugin : No plugin found (libnccl-net.so), using internal implementation
c197-091:23839:23839 [1] NCCL INFO NET/Plugin : No plugin found (libnccl-net.so), using internal implementation
c197-092:27635:27635 [3] NCCL INFO Bootstrap : Using ib0:192.168.44.140<0>
c197-092:27635:27635 [3] NCCL INFO NET/Plugin : No plugin found (libnccl-net.so), using internal implementation
c197-091:23840:23840 [2] NCCL INFO NET/IB : Using [0]mlx4_0:1/IB [RO]; OOB ib0:192.168.44.139<0>
c197-091:23840:23840 [2] NCCL INFO Using network IB
c199-071:11259:11259 [3] NCCL INFO Bootstrap : Using ib0:192.168.44.179<0>
c199-071:11259:11259 [3] NCCL INFO NET/Plugin : No plugin found (libnccl-net.so), using internal implementation
c197-091:23839:23839 [1] NCCL INFO NET/IB : Using [0]mlx4_0:1/IB [RO]; OOB ib0:192.168.44.139<0>
c197-091:23839:23839 [1] NCCL INFO Using network IB
c197-092:27635:27635 [3] NCCL INFO NET/IB : Using [0]mlx4_0:1/IB [RO]; OOB ib0:192.168.44.140<0>
c197-092:27635:27635 [3] NCCL INFO Using network IB
c199-071:11259:11259 [3] NCCL INFO NET/IB : Using [0]mlx4_0:1/IB [RO]; OOB ib0:192.168.44.179<0>
c199-071:11259:11259 [3] NCCL INFO Using network IB
c199-072:27843:27843 [0] NCCL INFO Bootstrap : Using ib0:192.168.44.180<0>
c199-072:27843:27843 [0] NCCL INFO NET/Plugin : No plugin found (libnccl-net.so), using internal implementation
c199-072:27846:27846 [3] NCCL INFO NET/IB : Using [0]mlx4_0:1/IB [RO]; OOB ib0:192.168.44.180<0>
c199-072:27846:27846 [3] NCCL INFO Using network IB
c199-072:27845:27845 [2] NCCL INFO NET/IB : Using [0]mlx4_0:1/IB [RO]; OOB ib0:192.168.44.180<0>
c199-072:27845:27845 [2] NCCL INFO Using network IB
c199-072:27843:27843 [0] NCCL INFO NET/IB : Using [0]mlx4_0:1/IB [RO]; OOB ib0:192.168.44.180<0>
c199-072:27843:27843 [0] NCCL INFO Using network IB
c199-071:11257:11257 [1] NCCL INFO Bootstrap : Using ib0:192.168.44.179<0>
c199-071:11257:11257 [1] NCCL INFO NET/Plugin : No plugin found (libnccl-net.so), using internal implementation
c199-071:11257:11257 [1] NCCL INFO NET/IB : Using [0]mlx4_0:1/IB [RO]; OOB ib0:192.168.44.179<0>
c199-071:11257:11257 [1] NCCL INFO Using network IB
c197-091:23838:23838 [0] NCCL INFO Bootstrap : Using ib0:192.168.44.139<0>
c197-091:23838:23838 [0] NCCL INFO NET/Plugin : No plugin found (libnccl-net.so), using internal implementation
c197-091:23838:23838 [0] NCCL INFO NET/IB : Using [0]mlx4_0:1/IB [RO]; OOB ib0:192.168.44.139<0>
c197-091:23838:23838 [0] NCCL INFO Using network IB
c197-092:27634:27634 [2] NCCL INFO Bootstrap : Using ib0:192.168.44.140<0>
c197-092:27632:27632 [0] NCCL INFO Bootstrap : Using ib0:192.168.44.140<0>
c197-092:27633:27633 [1] NCCL INFO Bootstrap : Using ib0:192.168.44.140<0>
c197-092:27634:27634 [2] NCCL INFO NET/Plugin : No plugin found (libnccl-net.so), using internal implementation
c197-092:27632:27632 [0] NCCL INFO NET/Plugin : No plugin found (libnccl-net.so), using internal implementation
c197-092:27633:27633 [1] NCCL INFO NET/Plugin : No plugin found (libnccl-net.so), using internal implementation
c197-082:19801:19801 [0] NCCL INFO Bootstrap : Using ib0:192.168.44.138<0>
c197-082:19801:19801 [0] NCCL INFO NET/Plugin : No plugin found (libnccl-net.so), using internal implementation
c197-092:27634:27634 [2] NCCL INFO NET/IB : Using [0]mlx4_0:1/IB [RO]; OOB ib0:192.168.44.140<0>
c197-092:27634:27634 [2] NCCL INFO Using network IB
c197-092:27633:27633 [1] NCCL INFO NET/IB : Using [0]mlx4_0:1/IB [RO]; OOB ib0:192.168.44.140<0>
c197-092:27633:27633 [1] NCCL INFO Using network IB
c197-092:27632:27632 [0] NCCL INFO NET/IB : Using [0]mlx4_0:1/IB [RO]; OOB ib0:192.168.44.140<0>
c197-092:27632:27632 [0] NCCL INFO Using network IB
c197-082:19801:19801 [0] NCCL INFO NET/IB : Using [0]mlx4_0:1/IB [RO]; OOB ib0:192.168.44.138<0>
c197-082:19801:19801 [0] NCCL INFO Using network IB
c199-072:27844:27844 [1] NCCL INFO Bootstrap : Using ib0:192.168.44.180<0>
c199-072:27844:27844 [1] NCCL INFO NET/Plugin : No plugin found (libnccl-net.so), using internal implementation
c199-072:27844:27844 [1] NCCL INFO NET/IB : Using [0]mlx4_0:1/IB [RO]; OOB ib0:192.168.44.180<0>
c199-072:27844:27844 [1] NCCL INFO Using network IB
c197-082:19802:19802 [1] NCCL INFO Bootstrap : Using ib0:192.168.44.138<0>
c197-082:19803:19803 [2] NCCL INFO Bootstrap : Using ib0:192.168.44.138<0>
c197-082:19804:19804 [3] NCCL INFO Bootstrap : Using ib0:192.168.44.138<0>
c197-082:19802:19802 [1] NCCL INFO NET/Plugin : No plugin found (libnccl-net.so), using internal implementation
c197-082:19803:19803 [2] NCCL INFO NET/Plugin : No plugin found (libnccl-net.so), using internal implementation
c197-082:19804:19804 [3] NCCL INFO NET/Plugin : No plugin found (libnccl-net.so), using internal implementation
c197-082:19802:19802 [1] NCCL INFO NET/IB : Using [0]mlx4_0:1/IB [RO]; OOB ib0:192.168.44.138<0>
c197-082:19802:19802 [1] NCCL INFO Using network IB
c197-082:19804:19804 [3] NCCL INFO NET/IB : Using [0]mlx4_0:1/IB [RO]; OOB ib0:192.168.44.138<0>
c197-082:19804:19804 [3] NCCL INFO Using network IB
c197-082:19803:19803 [2] NCCL INFO NET/IB : Using [0]mlx4_0:1/IB [RO]; OOB ib0:192.168.44.138<0>
c197-082:19803:19803 [2] NCCL INFO Using network IB
c197-081:4369:4420 [0] NCCL INFO Setting affinity for GPU 0 to 0f000f
c197-102:6967:7023 [3] NCCL INFO Setting affinity for GPU 3 to f000f000
c197-092:27635:27685 [3] NCCL INFO Setting affinity for GPU 3 to f000f000
c199-071:11259:11313 [3] NCCL INFO Setting affinity for GPU 3 to f000f000
c197-091:23841:23891 [3] NCCL INFO Setting affinity for GPU 3 to f000f000
c199-072:27846:27897 [3] NCCL INFO Setting affinity for GPU 3 to f000f000
c197-101:4375:4427 [3] NCCL INFO Setting affinity for GPU 3 to f000f000
c197-082:19804:19859 [3] NCCL INFO Setting affinity for GPU 3 to f000f000
c197-081:4372:4425 [3] NCCL INFO Setting affinity for GPU 3 to f000f000
c197-081:4371:4427 [2] NCCL INFO Setting affinity for GPU 2 to 0f000f00
c197-081:4370:4429 [1] NCCL INFO Setting affinity for GPU 1 to f000f0
c199-072:27843:27900 [0] NCCL INFO Setting affinity for GPU 0 to 0f000f
c197-082:19801:19854 [0] NCCL INFO Setting affinity for GPU 0 to 0f000f
c197-082:19803:19860 [2] NCCL INFO Setting affinity for GPU 2 to 0f000f00
c197-092:27634:27688 [2] NCCL INFO Setting affinity for GPU 2 to 0f000f00
c199-072:27845:27898 [2] NCCL INFO Setting affinity for GPU 2 to 0f000f00
c197-101:4374:4426 [2] NCCL INFO Setting affinity for GPU 2 to 0f000f00
c197-091:23840:23893 [2] NCCL INFO Setting affinity for GPU 2 to 0f000f00
c199-072:27844:27902 [1] NCCL INFO Setting affinity for GPU 1 to f000f0
c199-071:11257:11315 [1] NCCL INFO Setting affinity for GPU 1 to f000f0
c197-091:23839:23895 [1] NCCL INFO Setting affinity for GPU 1 to f000f0
c197-082:19802:19857 [1] NCCL INFO Setting affinity for GPU 1 to f000f0
c199-071:11256:11309 [0] NCCL INFO Setting affinity for GPU 0 to 0f000f
c197-102:6964:7020 [0] NCCL INFO Setting affinity for GPU 0 to 0f000f
c197-101:4372:4430 [0] NCCL INFO Setting affinity for GPU 0 to 0f000f
c197-102:6966:7017 [2] NCCL INFO Setting affinity for GPU 2 to 0f000f00
c197-091:23838:23897 [0] NCCL INFO Setting affinity for GPU 0 to 0f000f
c197-101:4373:4431 [1] NCCL INFO Setting affinity for GPU 1 to f000f0
c199-071:11258:11311 [2] NCCL INFO Setting affinity for GPU 2 to 0f000f00
c197-102:6965:7021 [1] NCCL INFO Setting affinity for GPU 1 to f000f0
c197-092:27632:27691 [0] NCCL INFO Setting affinity for GPU 0 to 0f000f
c197-092:27633:27690 [1] NCCL INFO Setting affinity for GPU 1 to f000f0
c197-092:27634:27688 [2] NCCL INFO Trees [0] 15/-1/-1->14->13 [1] 15/-1/-1->14->13
c197-091:23841:23891 [3] NCCL INFO Trees [0] -1/-1/-1->11->10 [1] -1/-1/-1->11->10
c197-082:19804:19859 [3] NCCL INFO Trees [0] -1/-1/-1->7->6 [1] -1/-1/-1->7->6
c197-102:6964:7020 [0] NCCL INFO Trees [0] 21/-1/-1->20->25 [1] 21/16/-1->20->13
c197-092:27635:27685 [3] NCCL INFO Trees [0] -1/-1/-1->15->14 [1] -1/-1/-1->15->14
c197-091:23839:23895 [1] NCCL INFO Trees [0] 10/4/-1->9->8 [1] 10/-1/-1->9->8
c197-101:4372:4430 [0] NCCL INFO Trees [0] 17/24/-1->16->0 [1] 17/-1/-1->16->20
c197-081:4369:4420 [0] NCCL INFO Channel 00/02 :    0   1   2   3   4   5   6   7   8   9  10  11  12  13  14  15  16  17  18  19
c197-081:4369:4420 [0] NCCL INFO Channel 01/02 :    0   1   2   3   4   5   6   7   8   9  10  11  12  13  14  15  16  17  18  19
c197-081:4369:4420 [0] NCCL INFO Trees [0] 1/16/-1->0->-1 [1] 1/-1/-1->0->4
c197-082:19802:19857 [1] NCCL INFO Trees [0] 6/-1/-1->5->4 [1] 6/8/-1->5->4
c197-102:6966:7017 [2] NCCL INFO Trees [0] 23/-1/-1->22->21 [1] 23/-1/-1->22->21
c197-092:27633:27690 [1] NCCL INFO Trees [0] 14/-1/-1->13->12 [1] 14/20/-1->13->12
c199-071:11256:11309 [0] NCCL INFO Trees [0] 25/28/-1->24->16 [1] 25/-1/-1->24->21
c197-091:23840:23893 [2] NCCL INFO Trees [0] 11/-1/-1->10->9 [1] 11/-1/-1->10->9
c197-101:4373:4431 [1] NCCL INFO Trees [0] 18/8/-1->17->16 [1] 18/-1/-1->17->16
c199-072:27846:27897 [3] NCCL INFO Trees [0] -1/-1/-1->31->30 [1] -1/-1/-1->31->30
c197-081:4370:4429 [1] NCCL INFO Trees [0] 2/-1/-1->1->0 [1] 2/-1/-1->1->0
c197-082:19803:19860 [2] NCCL INFO Trees [0] 7/-1/-1->6->5 [1] 7/-1/-1->6->5
c197-102:6965:7021 [1] NCCL INFO Trees [0] 22/-1/-1->21->20 [1] 22/24/-1->21->20
c197-092:27632:27691 [0] NCCL INFO Trees [0] 13/-1/-1->12->8 [1] 13/4/-1->12->28
c199-071:11257:11315 [1] NCCL INFO Trees [0] 26/20/-1->25->24 [1] 26/-1/-1->25->24
c197-091:23838:23897 [0] NCCL INFO Trees [0] 9/12/-1->8->17 [1] 9/-1/-1->8->5
c197-101:4374:4426 [2] NCCL INFO Trees [0] 19/-1/-1->18->17 [1] 19/-1/-1->18->17
c199-072:27844:27902 [1] NCCL INFO Trees [0] 30/-1/-1->29->28 [1] 30/-1/-1->29->28
c197-081:4372:4425 [3] NCCL INFO Trees [0] -1/-1/-1->3->2 [1] -1/-1/-1->3->2
c197-082:19801:19854 [0] NCCL INFO Trees [0] 5/-1/-1->4->9 [1] 5/0/-1->4->12
c197-102:6967:7023 [3] NCCL INFO Trees [0] -1/-1/-1->23->22 [1] -1/-1/-1->23->22
c199-071:11258:11311 [2] NCCL INFO Trees [0] 27/-1/-1->26->25 [1] 27/-1/-1->26->25
c197-101:4375:4427 [3] NCCL INFO Trees [0] -1/-1/-1->19->18 [1] -1/-1/-1->19->18
c199-072:27845:27898 [2] NCCL INFO Trees [0] 31/-1/-1->30->29 [1] 31/-1/-1->30->29
c197-081:4371:4427 [2] NCCL INFO Trees [0] 3/-1/-1->2->1 [1] 3/-1/-1->2->1
c199-071:11259:11313 [3] NCCL INFO Trees [0] -1/-1/-1->27->26 [1] -1/-1/-1->27->26
c199-072:27843:27900 [0] NCCL INFO Trees [0] 29/-1/-1->28->24 [1] 29/12/-1->28->-1
c197-082:19801:19854 [0] NCCL INFO Channel 00/0 : 3[83000] -> 4[2000] [receive] via NET/IB/0
c197-091:23838:23897 [0] NCCL INFO Channel 00/0 : 7[83000] -> 8[2000] [receive] via NET/IB/0
c197-092:27632:27691 [0] NCCL INFO Channel 00/0 : 11[83000] -> 12[2000] [receive] via NET/IB/0
c199-071:11256:11309 [0] NCCL INFO Channel 00/0 : 23[83000] -> 24[2000] [receive] via NET/IB/0
c197-101:4372:4430 [0] NCCL INFO Channel 00/0 : 15[83000] -> 16[2000] [receive] via NET/IB/0
c197-102:6964:7020 [0] NCCL INFO Channel 00/0 : 19[83000] -> 20[2000] [receive] via NET/IB/0
c199-072:27843:27900 [0] NCCL INFO Channel 00/0 : 27[83000] -> 28[2000] [receive] via NET/IB/0
c197-081:4369:4420 [0] NCCL INFO Channel 00/0 : 31[83000] -> 0[2000] [receive] via NET/IB/0
c197-091:23840:23893 [2] NCCL INFO Channel 00 : 10[82000] -> 11[83000] via direct shared memory
c197-081:4371:4427 [2] NCCL INFO Channel 00 : 2[82000] -> 3[83000] via direct shared memory
c197-082:19803:19860 [2] NCCL INFO Channel 00 : 6[82000] -> 7[83000] via direct shared memory
c197-102:6966:7017 [2] NCCL INFO Channel 00 : 22[82000] -> 23[83000] via direct shared memory
c197-092:27634:27688 [2] NCCL INFO Channel 00 : 14[82000] -> 15[83000] via direct shared memory
c197-081:4371:4427 [2] NCCL INFO Channel 01 : 2[82000] -> 3[83000] via direct shared memory
c197-082:19803:19860 [2] NCCL INFO Channel 01 : 6[82000] -> 7[83000] via direct shared memory
c197-102:6966:7017 [2] NCCL INFO Channel 01 : 22[82000] -> 23[83000] via direct shared memory
c197-092:27634:27688 [2] NCCL INFO Channel 01 : 14[82000] -> 15[83000] via direct shared memory
c197-091:23840:23893 [2] NCCL INFO Channel 01 : 10[82000] -> 11[83000] via direct shared memory
c197-082:19802:19857 [1] NCCL INFO Channel 00 : 5[3000] -> 6[82000] via direct shared memory
c197-082:19802:19857 [1] NCCL INFO Channel 01 : 5[3000] -> 6[82000] via direct shared memory
c199-071:11258:11311 [2] NCCL INFO Channel 00 : 26[82000] -> 27[83000] via direct shared memory
c197-091:23839:23895 [1] NCCL INFO Channel 00 : 9[3000] -> 10[82000] via direct shared memory
c199-071:11257:11315 [1] NCCL INFO Channel 00 : 25[3000] -> 26[82000] via direct shared memory
c199-071:11258:11311 [2] NCCL INFO Channel 01 : 26[82000] -> 27[83000] via direct shared memory
c197-101:4374:4426 [2] NCCL INFO Channel 00 : 18[82000] -> 19[83000] via direct shared memory
c197-081:4370:4429 [1] NCCL INFO Channel 00 : 1[3000] -> 2[82000] via direct shared memory
c199-071:11257:11315 [1] NCCL INFO Channel 01 : 25[3000] -> 26[82000] via direct shared memory
c197-091:23839:23895 [1] NCCL INFO Channel 01 : 9[3000] -> 10[82000] via direct shared memory
c199-072:27845:27898 [2] NCCL INFO Channel 00 : 30[82000] -> 31[83000] via direct shared memory
c197-102:6965:7021 [1] NCCL INFO Channel 00 : 21[3000] -> 22[82000] via direct shared memory
c199-072:27844:27902 [1] NCCL INFO Channel 00 : 29[3000] -> 30[82000] via direct shared memory
c197-081:4370:4429 [1] NCCL INFO Channel 01 : 1[3000] -> 2[82000] via direct shared memory
c197-101:4374:4426 [2] NCCL INFO Channel 01 : 18[82000] -> 19[83000] via direct shared memory
c199-072:27845:27898 [2] NCCL INFO Channel 01 : 30[82000] -> 31[83000] via direct shared memory
c197-102:6965:7021 [1] NCCL INFO Channel 01 : 21[3000] -> 22[82000] via direct shared memory
c199-072:27844:27902 [1] NCCL INFO Channel 01 : 29[3000] -> 30[82000] via direct shared memory
c197-092:27633:27690 [1] NCCL INFO Channel 00 : 13[3000] -> 14[82000] via direct shared memory
c197-101:4373:4431 [1] NCCL INFO Channel 00 : 17[3000] -> 18[82000] via direct shared memory
c197-092:27633:27690 [1] NCCL INFO Channel 01 : 13[3000] -> 14[82000] via direct shared memory
c197-101:4373:4431 [1] NCCL INFO Channel 01 : 17[3000] -> 18[82000] via direct shared memory
c197-082:19804:19859 [3] NCCL INFO Channel 00/0 : 7[83000] -> 8[2000] [send] via NET/IB/0
c197-091:23841:23891 [3] NCCL INFO Channel 00/0 : 11[83000] -> 12[2000] [send] via NET/IB/0
c197-092:27635:27685 [3] NCCL INFO Channel 00/0 : 15[83000] -> 16[2000] [send] via NET/IB/0
c197-102:6967:7023 [3] NCCL INFO Channel 00/0 : 23[83000] -> 24[2000] [send] via NET/IB/0
c197-081:4372:4425 [3] NCCL INFO Channel 00/0 : 3[83000] -> 4[2000] [send] via NET/IB/0
c199-072:27846:27897 [3] NCCL INFO Channel 00/0 : 31[83000] -> 0[2000] [send] via NET/IB/0
c199-071:11259:11313 [3] NCCL INFO Channel 00/0 : 27[83000] -> 28[2000] [send] via NET/IB/0
c197-101:4375:4427 [3] NCCL INFO Channel 00/0 : 19[83000] -> 20[2000] [send] via NET/IB/0
c197-092:27632:27691 [0] NCCL INFO Channel 01/0 : 11[83000] -> 12[2000] [receive] via NET/IB/0
c197-082:19801:19854 [0] NCCL INFO Channel 01/0 : 3[83000] -> 4[2000] [receive] via NET/IB/0
c197-081:4369:4420 [0] NCCL INFO Channel 01/0 : 31[83000] -> 0[2000] [receive] via NET/IB/0
c197-092:27632:27691 [0] NCCL INFO Channel 00 : 12[2000] -> 13[3000] via direct shared memory
c197-082:19801:19854 [0] NCCL INFO Channel 00 : 4[2000] -> 5[3000] via direct shared memory
c197-092:27632:27691 [0] NCCL INFO Channel 01 : 12[2000] -> 13[3000] via direct shared memory
c199-071:11256:11309 [0] NCCL INFO Channel 01/0 : 23[83000] -> 24[2000] [receive] via NET/IB/0
c197-081:4369:4420 [0] NCCL INFO Channel 00 : 0[2000] -> 1[3000] via direct shared memory
c197-082:19801:19854 [0] NCCL INFO Channel 01 : 4[2000] -> 5[3000] via direct shared memory
c197-081:4369:4420 [0] NCCL INFO Channel 01 : 0[2000] -> 1[3000] via direct shared memory
c199-071:11256:11309 [0] NCCL INFO Channel 00 : 24[2000] -> 25[3000] via direct shared memory
c197-091:23838:23897 [0] NCCL INFO Channel 01/0 : 7[83000] -> 8[2000] [receive] via NET/IB/0
c197-102:6964:7020 [0] NCCL INFO Channel 01/0 : 19[83000] -> 20[2000] [receive] via NET/IB/0
c199-071:11256:11309 [0] NCCL INFO Channel 01 : 24[2000] -> 25[3000] via direct shared memory
c197-101:4372:4430 [0] NCCL INFO Channel 01/0 : 15[83000] -> 16[2000] [receive] via NET/IB/0
c197-091:23838:23897 [0] NCCL INFO Channel 00 : 8[2000] -> 9[3000] via direct shared memory
c197-101:4372:4430 [0] NCCL INFO Channel 00 : 16[2000] -> 17[3000] via direct shared memory
c199-072:27843:27900 [0] NCCL INFO Channel 01/0 : 27[83000] -> 28[2000] [receive] via NET/IB/0
c197-102:6964:7020 [0] NCCL INFO Channel 00 : 20[2000] -> 21[3000] via direct shared memory
c197-091:23838:23897 [0] NCCL INFO Channel 01 : 8[2000] -> 9[3000] via direct shared memory
c197-102:6964:7020 [0] NCCL INFO Channel 01 : 20[2000] -> 21[3000] via direct shared memory
c197-101:4372:4430 [0] NCCL INFO Channel 01 : 16[2000] -> 17[3000] via direct shared memory
c199-072:27843:27900 [0] NCCL INFO Channel 00 : 28[2000] -> 29[3000] via direct shared memory
c199-072:27843:27900 [0] NCCL INFO Channel 01 : 28[2000] -> 29[3000] via direct shared memory
c197-081:4370:4429 [1] NCCL INFO Connected all rings
c197-082:19802:19857 [1] NCCL INFO Connected all rings
c197-092:27633:27690 [1] NCCL INFO Connected all rings
c197-101:4373:4431 [1] NCCL INFO Connected all rings
c199-071:11257:11315 [1] NCCL INFO Connected all rings
c197-091:23839:23895 [1] NCCL INFO Connected all rings
c197-102:6965:7021 [1] NCCL INFO Connected all rings
c199-072:27844:27902 [1] NCCL INFO Connected all rings
c197-092:27633:27690 [1] NCCL INFO Channel 01/0 : 13[3000] -> 20[2000] [send] via NET/IB/0
c197-082:19802:19857 [1] NCCL INFO Channel 01/0 : 5[3000] -> 8[2000] [send] via NET/IB/0
c197-101:4373:4431 [1] NCCL INFO Channel 00/0 : 8[2000] -> 17[3000] [receive] via NET/IB/0
c199-071:11257:11315 [1] NCCL INFO Channel 00/0 : 20[2000] -> 25[3000] [receive] via NET/IB/0
c197-091:23839:23895 [1] NCCL INFO Channel 00/0 : 4[2000] -> 9[3000] [receive] via NET/IB/0
c197-102:6965:7021 [1] NCCL INFO Channel 01/0 : 21[3000] -> 24[2000] [send] via NET/IB/0
c197-091:23841:23891 [3] NCCL INFO Channel 01/0 : 11[83000] -> 12[2000] [send] via NET/IB/0
c197-092:27635:27685 [3] NCCL INFO Channel 01/0 : 15[83000] -> 16[2000] [send] via NET/IB/0
c197-081:4372:4425 [3] NCCL INFO Channel 01/0 : 3[83000] -> 4[2000] [send] via NET/IB/0
c197-082:19804:19859 [3] NCCL INFO Channel 01/0 : 7[83000] -> 8[2000] [send] via NET/IB/0
c199-071:11259:11313 [3] NCCL INFO Channel 01/0 : 27[83000] -> 28[2000] [send] via NET/IB/0
c197-102:6967:7023 [3] NCCL INFO Channel 01/0 : 23[83000] -> 24[2000] [send] via NET/IB/0
c197-101:4375:4427 [3] NCCL INFO Channel 01/0 : 19[83000] -> 20[2000] [send] via NET/IB/0
c199-072:27846:27897 [3] NCCL INFO Channel 01/0 : 31[83000] -> 0[2000] [send] via NET/IB/0
c197-091:23840:23893 [2] NCCL INFO Connected all rings
c197-092:27634:27688 [2] NCCL INFO Connected all rings
c197-082:19803:19860 [2] NCCL INFO Connected all rings
c199-071:11258:11311 [2] NCCL INFO Connected all rings
c197-101:4374:4426 [2] NCCL INFO Connected all rings
c197-102:6966:7017 [2] NCCL INFO Connected all rings
c199-072:27845:27898 [2] NCCL INFO Connected all rings
c197-081:4371:4427 [2] NCCL INFO Connected all rings
c199-072:27844:27902 [1] NCCL INFO Channel 00 : 29[3000] -> 28[2000] via direct shared memory
c199-072:27844:27902 [1] NCCL INFO Channel 01 : 29[3000] -> 28[2000] via direct shared memory
c197-081:4370:4429 [1] NCCL INFO Channel 00 : 1[3000] -> 0[2000] via direct shared memory
c197-081:4370:4429 [1] NCCL INFO Channel 01 : 1[3000] -> 0[2000] via direct shared memory
c197-091:23841:23891 [3] NCCL INFO Connected all rings
c197-091:23841:23891 [3] NCCL INFO Channel 00 : 11[83000] -> 10[82000] via direct shared memory
c197-091:23841:23891 [3] NCCL INFO Channel 01 : 11[83000] -> 10[82000] via direct shared memory
c197-092:27635:27685 [3] NCCL INFO Connected all rings
c197-082:19804:19859 [3] NCCL INFO Connected all rings
c197-092:27635:27685 [3] NCCL INFO Channel 00 : 15[83000] -> 14[82000] via direct shared memory
c197-082:19804:19859 [3] NCCL INFO Channel 00 : 7[83000] -> 6[82000] via direct shared memory
c197-092:27635:27685 [3] NCCL INFO Channel 01 : 15[83000] -> 14[82000] via direct shared memory
c197-082:19804:19859 [3] NCCL INFO Channel 01 : 7[83000] -> 6[82000] via direct shared memory
c197-081:4372:4425 [3] NCCL INFO Connected all rings
c199-071:11259:11313 [3] NCCL INFO Connected all rings
c197-081:4372:4425 [3] NCCL INFO Channel 00 : 3[83000] -> 2[82000] via direct shared memory
c199-071:11259:11313 [3] NCCL INFO Channel 00 : 27[83000] -> 26[82000] via direct shared memory
c197-102:6967:7023 [3] NCCL INFO Connected all rings
c197-081:4372:4425 [3] NCCL INFO Channel 01 : 3[83000] -> 2[82000] via direct shared memory
c199-071:11259:11313 [3] NCCL INFO Channel 01 : 27[83000] -> 26[82000] via direct shared memory
c197-101:4375:4427 [3] NCCL INFO Connected all rings
c197-102:6967:7023 [3] NCCL INFO Channel 00 : 23[83000] -> 22[82000] via direct shared memory
c197-102:6967:7023 [3] NCCL INFO Channel 01 : 23[83000] -> 22[82000] via direct shared memory
c197-101:4375:4427 [3] NCCL INFO Channel 00 : 19[83000] -> 18[82000] via direct shared memory
c197-101:4375:4427 [3] NCCL INFO Channel 01 : 19[83000] -> 18[82000] via direct shared memory
c199-072:27846:27897 [3] NCCL INFO Connected all rings
c199-072:27846:27897 [3] NCCL INFO Channel 00 : 31[83000] -> 30[82000] via direct shared memory
c199-072:27846:27897 [3] NCCL INFO Channel 01 : 31[83000] -> 30[82000] via direct shared memory
c197-101:4372:4430 [0] NCCL INFO Connected all rings
c197-082:19801:19854 [0] NCCL INFO Connected all rings
c197-091:23838:23897 [0] NCCL INFO Connected all rings
c197-091:23840:23893 [2] NCCL INFO Channel 00 : 10[82000] -> 9[3000] via direct shared memory
c197-091:23840:23893 [2] NCCL INFO Channel 01 : 10[82000] -> 9[3000] via direct shared memory
c197-092:27632:27691 [0] NCCL INFO Connected all rings
c199-071:11256:11309 [0] NCCL INFO Connected all rings
c197-082:19803:19860 [2] NCCL INFO Channel 00 : 6[82000] -> 5[3000] via direct shared memory
c197-082:19803:19860 [2] NCCL INFO Channel 01 : 6[82000] -> 5[3000] via direct shared memory
c199-072:27843:27900 [0] NCCL INFO Connected all rings
c197-101:4374:4426 [2] NCCL INFO Channel 00 : 18[82000] -> 17[3000] via direct shared memory
c197-081:4369:4420 [0] NCCL INFO Connected all rings
c199-071:11258:11311 [2] NCCL INFO Channel 00 : 26[82000] -> 25[3000] via direct shared memory
c197-101:4374:4426 [2] NCCL INFO Channel 01 : 18[82000] -> 17[3000] via direct shared memory
c197-102:6964:7020 [0] NCCL INFO Connected all rings
c199-071:11258:11311 [2] NCCL INFO Channel 01 : 26[82000] -> 25[3000] via direct shared memory
c197-092:27634:27688 [2] NCCL INFO Channel 00 : 14[82000] -> 13[3000] via direct shared memory
c197-092:27634:27688 [2] NCCL INFO Channel 01 : 14[82000] -> 13[3000] via direct shared memory
c197-102:6966:7017 [2] NCCL INFO Channel 00 : 22[82000] -> 21[3000] via direct shared memory
c197-102:6966:7017 [2] NCCL INFO Channel 01 : 22[82000] -> 21[3000] via direct shared memory
c199-072:27845:27898 [2] NCCL INFO Channel 00 : 30[82000] -> 29[3000] via direct shared memory
c199-072:27845:27898 [2] NCCL INFO Channel 01 : 30[82000] -> 29[3000] via direct shared memory
c197-081:4371:4427 [2] NCCL INFO Channel 00 : 2[82000] -> 1[3000] via direct shared memory
c197-091:23841:23891 [3] NCCL INFO Connected all trees
c197-091:23841:23891 [3] NCCL INFO MSCCL_XML_FILES set by environment to /home1/09168/ldai1/ccl-build/msccl_tools_lyd/examples/xml/xml_lyd/binary_tree/allreduce_binary_tree_4ch_2tree_256chunk_8node_32gpu.xml
c197-091:23841:23891 [3] NCCL INFO MSCCL: Parsing algorithm /home1/09168/ldai1/ccl-build/msccl_tools_lyd/examples/xml/xml_lyd/binary_tree/allreduce_binary_tree_4ch_2tree_256chunk_8node_32gpu.xml
c197-081:4371:4427 [2] NCCL INFO Channel 01 : 2[82000] -> 1[3000] via direct shared memory
c197-082:19804:19859 [3] NCCL INFO Connected all trees
c197-082:19804:19859 [3] NCCL INFO MSCCL_XML_FILES set by environment to /home1/09168/ldai1/ccl-build/msccl_tools_lyd/examples/xml/xml_lyd/binary_tree/allreduce_binary_tree_4ch_2tree_256chunk_8node_32gpu.xml
c197-082:19804:19859 [3] NCCL INFO MSCCL: Parsing algorithm /home1/09168/ldai1/ccl-build/msccl_tools_lyd/examples/xml/xml_lyd/binary_tree/allreduce_binary_tree_4ch_2tree_256chunk_8node_32gpu.xml
c199-071:11259:11313 [3] NCCL INFO Connected all trees
c199-071:11259:11313 [3] NCCL INFO MSCCL_XML_FILES set by environment to /home1/09168/ldai1/ccl-build/msccl_tools_lyd/examples/xml/xml_lyd/binary_tree/allreduce_binary_tree_4ch_2tree_256chunk_8node_32gpu.xml
c199-071:11259:11313 [3] NCCL INFO MSCCL: Parsing algorithm /home1/09168/ldai1/ccl-build/msccl_tools_lyd/examples/xml/xml_lyd/binary_tree/allreduce_binary_tree_4ch_2tree_256chunk_8node_32gpu.xml
c197-101:4375:4427 [3] NCCL INFO Connected all trees
c197-101:4375:4427 [3] NCCL INFO MSCCL_XML_FILES set by environment to /home1/09168/ldai1/ccl-build/msccl_tools_lyd/examples/xml/xml_lyd/binary_tree/allreduce_binary_tree_4ch_2tree_256chunk_8node_32gpu.xml
c197-101:4375:4427 [3] NCCL INFO MSCCL: Parsing algorithm /home1/09168/ldai1/ccl-build/msccl_tools_lyd/examples/xml/xml_lyd/binary_tree/allreduce_binary_tree_4ch_2tree_256chunk_8node_32gpu.xml
c197-092:27635:27685 [3] NCCL INFO Connected all trees
c197-092:27635:27685 [3] NCCL INFO MSCCL_XML_FILES set by environment to /home1/09168/ldai1/ccl-build/msccl_tools_lyd/examples/xml/xml_lyd/binary_tree/allreduce_binary_tree_4ch_2tree_256chunk_8node_32gpu.xml
c197-092:27635:27685 [3] NCCL INFO MSCCL: Parsing algorithm /home1/09168/ldai1/ccl-build/msccl_tools_lyd/examples/xml/xml_lyd/binary_tree/allreduce_binary_tree_4ch_2tree_256chunk_8node_32gpu.xml
c197-102:6967:7023 [3] NCCL INFO Connected all trees
c197-102:6967:7023 [3] NCCL INFO MSCCL_XML_FILES set by environment to /home1/09168/ldai1/ccl-build/msccl_tools_lyd/examples/xml/xml_lyd/binary_tree/allreduce_binary_tree_4ch_2tree_256chunk_8node_32gpu.xml
c197-102:6967:7023 [3] NCCL INFO MSCCL: Parsing algorithm /home1/09168/ldai1/ccl-build/msccl_tools_lyd/examples/xml/xml_lyd/binary_tree/allreduce_binary_tree_4ch_2tree_256chunk_8node_32gpu.xml
c199-072:27846:27897 [3] NCCL INFO Connected all trees
c199-072:27846:27897 [3] NCCL INFO MSCCL_XML_FILES set by environment to /home1/09168/ldai1/ccl-build/msccl_tools_lyd/examples/xml/xml_lyd/binary_tree/allreduce_binary_tree_4ch_2tree_256chunk_8node_32gpu.xml
c199-072:27846:27897 [3] NCCL INFO MSCCL: Parsing algorithm /home1/09168/ldai1/ccl-build/msccl_tools_lyd/examples/xml/xml_lyd/binary_tree/allreduce_binary_tree_4ch_2tree_256chunk_8node_32gpu.xml
c197-081:4372:4425 [3] NCCL INFO Connected all trees
c197-081:4372:4425 [3] NCCL INFO MSCCL_XML_FILES set by environment to /home1/09168/ldai1/ccl-build/msccl_tools_lyd/examples/xml/xml_lyd/binary_tree/allreduce_binary_tree_4ch_2tree_256chunk_8node_32gpu.xml
c197-081:4372:4425 [3] NCCL INFO MSCCL: Parsing algorithm /home1/09168/ldai1/ccl-build/msccl_tools_lyd/examples/xml/xml_lyd/binary_tree/allreduce_binary_tree_4ch_2tree_256chunk_8node_32gpu.xml
c197-081:4371:4427 [2] NCCL INFO Connected all trees
c197-081:4371:4427 [2] NCCL INFO MSCCL_XML_FILES set by environment to /home1/09168/ldai1/ccl-build/msccl_tools_lyd/examples/xml/xml_lyd/binary_tree/allreduce_binary_tree_4ch_2tree_256chunk_8node_32gpu.xml
c197-081:4371:4427 [2] NCCL INFO MSCCL: Parsing algorithm /home1/09168/ldai1/ccl-build/msccl_tools_lyd/examples/xml/xml_lyd/binary_tree/allreduce_binary_tree_4ch_2tree_256chunk_8node_32gpu.xml
c199-072:27845:27898 [2] NCCL INFO Connected all trees
c199-072:27845:27898 [2] NCCL INFO MSCCL_XML_FILES set by environment to /home1/09168/ldai1/ccl-build/msccl_tools_lyd/examples/xml/xml_lyd/binary_tree/allreduce_binary_tree_4ch_2tree_256chunk_8node_32gpu.xml
c199-072:27845:27898 [2] NCCL INFO MSCCL: Parsing algorithm /home1/09168/ldai1/ccl-build/msccl_tools_lyd/examples/xml/xml_lyd/binary_tree/allreduce_binary_tree_4ch_2tree_256chunk_8node_32gpu.xml
c197-091:23838:23897 [0] NCCL INFO Channel 01/0 : 5[3000] -> 8[2000] [receive] via NET/IB/0
c197-101:4372:4430 [0] NCCL INFO Channel 01/0 : 16[2000] -> 20[2000] [send] via NET/IB/0
c197-092:27632:27691 [0] NCCL INFO Channel 00/0 : 8[2000] -> 12[2000] [receive] via NET/IB/0
c197-082:19801:19854 [0] NCCL INFO Channel 01/0 : 0[2000] -> 4[2000] [receive] via NET/IB/0
c199-071:11256:11309 [0] NCCL INFO Channel 01/0 : 21[3000] -> 24[2000] [receive] via NET/IB/0
c199-072:27843:27900 [0] NCCL INFO Channel 00/0 : 24[2000] -> 28[2000] [receive] via NET/IB/0
c197-081:4369:4420 [0] NCCL INFO Channel 01/0 : 0[2000] -> 4[2000] [send] via NET/IB/0
c197-102:6964:7020 [0] NCCL INFO Channel 01/0 : 16[2000] -> 20[2000] [receive] via NET/IB/0
c197-102:6965:7021 [1] NCCL INFO Channel 01/0 : 24[2000] -> 21[3000] [receive] via NET/IB/0
c197-081:4369:4420 [0] NCCL INFO Channel 00/0 : 16[2000] -> 0[2000] [receive] via NET/IB/0
c197-091:23838:23897 [0] NCCL INFO Channel 00/0 : 8[2000] -> 12[2000] [send] via NET/IB/0
c199-071:11256:11309 [0] NCCL INFO Channel 00/0 : 24[2000] -> 28[2000] [send] via NET/IB/0
c197-102:6964:7020 [0] NCCL INFO Channel 00/0 : 20[2000] -> 25[3000] [send] via NET/IB/0
c197-101:4372:4430 [0] NCCL INFO Channel 00/0 : 16[2000] -> 24[2000] [send] via NET/IB/0
c197-082:19801:19854 [0] NCCL INFO Channel 00/0 : 4[2000] -> 9[3000] [send] via NET/IB/0
c197-082:19802:19857 [1] NCCL INFO Channel 01/0 : 8[2000] -> 5[3000] [receive] via NET/IB/0
c197-081:4369:4420 [0] NCCL INFO Channel 00/0 : 0[2000] -> 16[2000] [send] via NET/IB/0
c197-091:23838:23897 [0] NCCL INFO Channel 00/0 : 8[2000] -> 17[3000] [send] via NET/IB/0
c197-092:27632:27691 [0] NCCL INFO Channel 01/0 : 4[2000] -> 12[2000] [receive] via NET/IB/0
c199-071:11256:11309 [0] NCCL INFO Channel 00/0 : 16[2000] -> 24[2000] [receive] via NET/IB/0
c197-102:6964:7020 [0] NCCL INFO Channel 01/0 : 13[3000] -> 20[2000] [receive] via NET/IB/0
c199-072:27843:27900 [0] NCCL INFO Channel 01/0 : 12[2000] -> 28[2000] [receive] via NET/IB/0
c197-082:19801:19854 [0] NCCL INFO Channel 01/0 : 4[2000] -> 12[2000] [send] via NET/IB/0
c199-071:11257:11315 [1] NCCL INFO Channel 00/0 : 25[3000] -> 20[2000] [send] via NET/IB/0
c197-091:23839:23895 [1] NCCL INFO Channel 00/0 : 9[3000] -> 4[2000] [send] via NET/IB/0
c199-072:27843:27900 [0] NCCL INFO Channel 01/0 : 28[2000] -> 12[2000] [send] via NET/IB/0
c197-091:23838:23897 [0] NCCL INFO Channel 00/0 : 17[3000] -> 8[2000] [receive] via NET/IB/0
c197-082:19801:19854 [0] NCCL INFO Channel 01/0 : 12[2000] -> 4[2000] [receive] via NET/IB/0
c197-102:6964:7020 [0] NCCL INFO Channel 01/0 : 20[2000] -> 13[3000] [send] via NET/IB/0
c197-101:4372:4430 [0] NCCL INFO Channel 00/0 : 0[2000] -> 16[2000] [receive] via NET/IB/0
c197-101:4373:4431 [1] NCCL INFO Channel 00/0 : 17[3000] -> 8[2000] [send] via NET/IB/0
c197-092:27632:27691 [0] NCCL INFO Channel 01/0 : 28[2000] -> 12[2000] [receive] via NET/IB/0
c199-071:11256:11309 [0] NCCL INFO Channel 00/0 : 24[2000] -> 16[2000] [send] via NET/IB/0
c197-092:27633:27690 [1] NCCL INFO Channel 01/0 : 20[2000] -> 13[3000] [receive] via NET/IB/0
c197-101:4373:4431 [1] NCCL INFO Channel 00 : 17[3000] -> 16[2000] via direct shared memory
c197-101:4373:4431 [1] NCCL INFO Channel 01 : 17[3000] -> 16[2000] via direct shared memory
c197-101:4374:4426 [2] NCCL INFO Connected all trees
c197-101:4374:4426 [2] NCCL INFO MSCCL_XML_FILES set by environment to /home1/09168/ldai1/ccl-build/msccl_tools_lyd/examples/xml/xml_lyd/binary_tree/allreduce_binary_tree_4ch_2tree_256chunk_8node_32gpu.xml
c197-101:4374:4426 [2] NCCL INFO MSCCL: Parsing algorithm /home1/09168/ldai1/ccl-build/msccl_tools_lyd/examples/xml/xml_lyd/binary_tree/allreduce_binary_tree_4ch_2tree_256chunk_8node_32gpu.xml
c197-092:27633:27690 [1] NCCL INFO Channel 00 : 13[3000] -> 12[2000] via direct shared memory
c197-092:27633:27690 [1] NCCL INFO Channel 01 : 13[3000] -> 12[2000] via direct shared memory
c197-092:27634:27688 [2] NCCL INFO Connected all trees
c197-092:27634:27688 [2] NCCL INFO MSCCL_XML_FILES set by environment to /home1/09168/ldai1/ccl-build/msccl_tools_lyd/examples/xml/xml_lyd/binary_tree/allreduce_binary_tree_4ch_2tree_256chunk_8node_32gpu.xml
c197-092:27634:27688 [2] NCCL INFO MSCCL: Parsing algorithm /home1/09168/ldai1/ccl-build/msccl_tools_lyd/examples/xml/xml_lyd/binary_tree/allreduce_binary_tree_4ch_2tree_256chunk_8node_32gpu.xml
c197-101:4372:4430 [0] NCCL INFO Channel 00/0 : 16[2000] -> 0[2000] [send] via NET/IB/0
c197-092:27632:27691 [0] NCCL INFO Channel 01/0 : 12[2000] -> 28[2000] [send] via NET/IB/0
c197-091:23838:23897 [0] NCCL INFO Channel 00/0 : 12[2000] -> 8[2000] [receive] via NET/IB/0
c197-102:6964:7020 [0] NCCL INFO Channel 00/0 : 25[3000] -> 20[2000] [receive] via NET/IB/0
c199-071:11257:11315 [1] NCCL INFO Channel 00 : 25[3000] -> 24[2000] via direct shared memory
c199-071:11257:11315 [1] NCCL INFO Channel 01 : 25[3000] -> 24[2000] via direct shared memory
c199-071:11258:11311 [2] NCCL INFO Connected all trees
c199-071:11258:11311 [2] NCCL INFO MSCCL_XML_FILES set by environment to /home1/09168/ldai1/ccl-build/msccl_tools_lyd/examples/xml/xml_lyd/binary_tree/allreduce_binary_tree_4ch_2tree_256chunk_8node_32gpu.xml
c199-071:11258:11311 [2] NCCL INFO MSCCL: Parsing algorithm /home1/09168/ldai1/ccl-build/msccl_tools_lyd/examples/xml/xml_lyd/binary_tree/allreduce_binary_tree_4ch_2tree_256chunk_8node_32gpu.xml
c197-092:27632:27691 [0] NCCL INFO Channel 01/0 : 12[2000] -> 4[2000] [send] via NET/IB/0
c199-072:27843:27900 [0] NCCL INFO Channel 00/0 : 28[2000] -> 24[2000] [send] via NET/IB/0
c197-081:4369:4420 [0] NCCL INFO Channel 01/0 : 4[2000] -> 0[2000] [receive] via NET/IB/0
c197-101:4372:4430 [0] NCCL INFO Channel 00/0 : 24[2000] -> 16[2000] [receive] via NET/IB/0
c197-102:6964:7020 [0] NCCL INFO Channel 01/0 : 20[2000] -> 16[2000] [send] via NET/IB/0
c197-092:27632:27691 [0] NCCL INFO Channel 00/0 : 12[2000] -> 8[2000] [send] via NET/IB/0
c197-082:19801:19854 [0] NCCL INFO Channel 00/0 : 9[3000] -> 4[2000] [receive] via NET/IB/0
c199-071:11256:11309 [0] NCCL INFO Channel 00/0 : 28[2000] -> 24[2000] [receive] via NET/IB/0
c197-101:4372:4430 [0] NCCL INFO Channel 01/0 : 20[2000] -> 16[2000] [receive] via NET/IB/0
c197-092:27632:27691 [0] NCCL INFO Connected all trees
c197-092:27632:27691 [0] NCCL INFO MSCCL_XML_FILES set by environment to /home1/09168/ldai1/ccl-build/msccl_tools_lyd/examples/xml/xml_lyd/binary_tree/allreduce_binary_tree_4ch_2tree_256chunk_8node_32gpu.xml
c197-092:27632:27691 [0] NCCL INFO MSCCL: Parsing algorithm /home1/09168/ldai1/ccl-build/msccl_tools_lyd/examples/xml/xml_lyd/binary_tree/allreduce_binary_tree_4ch_2tree_256chunk_8node_32gpu.xml
c197-092:27633:27690 [1] NCCL INFO Connected all trees
c197-092:27633:27690 [1] NCCL INFO MSCCL_XML_FILES set by environment to /home1/09168/ldai1/ccl-build/msccl_tools_lyd/examples/xml/xml_lyd/binary_tree/allreduce_binary_tree_4ch_2tree_256chunk_8node_32gpu.xml
c197-092:27633:27690 [1] NCCL INFO MSCCL: Parsing algorithm /home1/09168/ldai1/ccl-build/msccl_tools_lyd/examples/xml/xml_lyd/binary_tree/allreduce_binary_tree_4ch_2tree_256chunk_8node_32gpu.xml
c197-091:23839:23895 [1] NCCL INFO Channel 00 : 9[3000] -> 8[2000] via direct shared memory
c197-091:23839:23895 [1] NCCL INFO Channel 01 : 9[3000] -> 8[2000] via direct shared memory
c199-072:27843:27900 [0] NCCL INFO Connected all trees
c199-072:27843:27900 [0] NCCL INFO MSCCL_XML_FILES set by environment to /home1/09168/ldai1/ccl-build/msccl_tools_lyd/examples/xml/xml_lyd/binary_tree/allreduce_binary_tree_4ch_2tree_256chunk_8node_32gpu.xml
c199-072:27843:27900 [0] NCCL INFO MSCCL: Parsing algorithm /home1/09168/ldai1/ccl-build/msccl_tools_lyd/examples/xml/xml_lyd/binary_tree/allreduce_binary_tree_4ch_2tree_256chunk_8node_32gpu.xml
c197-091:23840:23893 [2] NCCL INFO Connected all trees
c197-091:23840:23893 [2] NCCL INFO MSCCL_XML_FILES set by environment to /home1/09168/ldai1/ccl-build/msccl_tools_lyd/examples/xml/xml_lyd/binary_tree/allreduce_binary_tree_4ch_2tree_256chunk_8node_32gpu.xml
c197-091:23840:23893 [2] NCCL INFO MSCCL: Parsing algorithm /home1/09168/ldai1/ccl-build/msccl_tools_lyd/examples/xml/xml_lyd/binary_tree/allreduce_binary_tree_4ch_2tree_256chunk_8node_32gpu.xml
c199-072:27844:27902 [1] NCCL INFO Connected all trees
c199-072:27844:27902 [1] NCCL INFO MSCCL_XML_FILES set by environment to /home1/09168/ldai1/ccl-build/msccl_tools_lyd/examples/xml/xml_lyd/binary_tree/allreduce_binary_tree_4ch_2tree_256chunk_8node_32gpu.xml
c199-072:27844:27902 [1] NCCL INFO MSCCL: Parsing algorithm /home1/09168/ldai1/ccl-build/msccl_tools_lyd/examples/xml/xml_lyd/binary_tree/allreduce_binary_tree_4ch_2tree_256chunk_8node_32gpu.xml
c197-101:4372:4430 [0] NCCL INFO Connected all trees
c197-101:4372:4430 [0] NCCL INFO MSCCL_XML_FILES set by environment to /home1/09168/ldai1/ccl-build/msccl_tools_lyd/examples/xml/xml_lyd/binary_tree/allreduce_binary_tree_4ch_2tree_256chunk_8node_32gpu.xml
c197-101:4372:4430 [0] NCCL INFO MSCCL: Parsing algorithm /home1/09168/ldai1/ccl-build/msccl_tools_lyd/examples/xml/xml_lyd/binary_tree/allreduce_binary_tree_4ch_2tree_256chunk_8node_32gpu.xml
c197-101:4373:4431 [1] NCCL INFO Connected all trees
c197-101:4373:4431 [1] NCCL INFO MSCCL_XML_FILES set by environment to /home1/09168/ldai1/ccl-build/msccl_tools_lyd/examples/xml/xml_lyd/binary_tree/allreduce_binary_tree_4ch_2tree_256chunk_8node_32gpu.xml
c197-101:4373:4431 [1] NCCL INFO MSCCL: Parsing algorithm /home1/09168/ldai1/ccl-build/msccl_tools_lyd/examples/xml/xml_lyd/binary_tree/allreduce_binary_tree_4ch_2tree_256chunk_8node_32gpu.xml
c197-082:19801:19854 [0] NCCL INFO Channel 01/0 : 4[2000] -> 0[2000] [send] via NET/IB/0
c197-091:23838:23897 [0] NCCL INFO Channel 01/0 : 8[2000] -> 5[3000] [send] via NET/IB/0
c199-071:11256:11309 [0] NCCL INFO Channel 01/0 : 24[2000] -> 21[3000] [send] via NET/IB/0
c197-081:4369:4420 [0] NCCL INFO Connected all trees
c197-081:4369:4420 [0] NCCL INFO MSCCL_XML_FILES set by environment to /home1/09168/ldai1/ccl-build/msccl_tools_lyd/examples/xml/xml_lyd/binary_tree/allreduce_binary_tree_4ch_2tree_256chunk_8node_32gpu.xml
c197-081:4369:4420 [0] NCCL INFO MSCCL: Parsing algorithm /home1/09168/ldai1/ccl-build/msccl_tools_lyd/examples/xml/xml_lyd/binary_tree/allreduce_binary_tree_4ch_2tree_256chunk_8node_32gpu.xml
c197-091:23838:23897 [0] NCCL INFO Connected all trees
c197-091:23838:23897 [0] NCCL INFO MSCCL_XML_FILES set by environment to /home1/09168/ldai1/ccl-build/msccl_tools_lyd/examples/xml/xml_lyd/binary_tree/allreduce_binary_tree_4ch_2tree_256chunk_8node_32gpu.xml
c197-091:23838:23897 [0] NCCL INFO MSCCL: Parsing algorithm /home1/09168/ldai1/ccl-build/msccl_tools_lyd/examples/xml/xml_lyd/binary_tree/allreduce_binary_tree_4ch_2tree_256chunk_8node_32gpu.xml
c199-071:11256:11309 [0] NCCL INFO Connected all trees
c199-071:11256:11309 [0] NCCL INFO MSCCL_XML_FILES set by environment to /home1/09168/ldai1/ccl-build/msccl_tools_lyd/examples/xml/xml_lyd/binary_tree/allreduce_binary_tree_4ch_2tree_256chunk_8node_32gpu.xml
c199-071:11256:11309 [0] NCCL INFO MSCCL: Parsing algorithm /home1/09168/ldai1/ccl-build/msccl_tools_lyd/examples/xml/xml_lyd/binary_tree/allreduce_binary_tree_4ch_2tree_256chunk_8node_32gpu.xml
c197-102:6965:7021 [1] NCCL INFO Channel 00 : 21[3000] -> 20[2000] via direct shared memory
c197-102:6965:7021 [1] NCCL INFO Channel 01 : 21[3000] -> 20[2000] via direct shared memory
c197-081:4370:4429 [1] NCCL INFO Connected all trees
c197-081:4370:4429 [1] NCCL INFO MSCCL_XML_FILES set by environment to /home1/09168/ldai1/ccl-build/msccl_tools_lyd/examples/xml/xml_lyd/binary_tree/allreduce_binary_tree_4ch_2tree_256chunk_8node_32gpu.xml
c197-081:4370:4429 [1] NCCL INFO MSCCL: Parsing algorithm /home1/09168/ldai1/ccl-build/msccl_tools_lyd/examples/xml/xml_lyd/binary_tree/allreduce_binary_tree_4ch_2tree_256chunk_8node_32gpu.xml
c197-082:19802:19857 [1] NCCL INFO Channel 00 : 5[3000] -> 4[2000] via direct shared memory
c197-082:19802:19857 [1] NCCL INFO Channel 01 : 5[3000] -> 4[2000] via direct shared memory
c197-102:6964:7020 [0] NCCL INFO Connected all trees
c197-102:6964:7020 [0] NCCL INFO MSCCL_XML_FILES set by environment to /home1/09168/ldai1/ccl-build/msccl_tools_lyd/examples/xml/xml_lyd/binary_tree/allreduce_binary_tree_4ch_2tree_256chunk_8node_32gpu.xml
c197-102:6964:7020 [0] NCCL INFO MSCCL: Parsing algorithm /home1/09168/ldai1/ccl-build/msccl_tools_lyd/examples/xml/xml_lyd/binary_tree/allreduce_binary_tree_4ch_2tree_256chunk_8node_32gpu.xml
c197-091:23839:23895 [1] NCCL INFO Connected all trees
c197-091:23839:23895 [1] NCCL INFO MSCCL_XML_FILES set by environment to /home1/09168/ldai1/ccl-build/msccl_tools_lyd/examples/xml/xml_lyd/binary_tree/allreduce_binary_tree_4ch_2tree_256chunk_8node_32gpu.xml
c197-091:23839:23895 [1] NCCL INFO MSCCL: Parsing algorithm /home1/09168/ldai1/ccl-build/msccl_tools_lyd/examples/xml/xml_lyd/binary_tree/allreduce_binary_tree_4ch_2tree_256chunk_8node_32gpu.xml
c197-082:19801:19854 [0] NCCL INFO Connected all trees
c197-082:19801:19854 [0] NCCL INFO MSCCL_XML_FILES set by environment to /home1/09168/ldai1/ccl-build/msccl_tools_lyd/examples/xml/xml_lyd/binary_tree/allreduce_binary_tree_4ch_2tree_256chunk_8node_32gpu.xml
c197-082:19801:19854 [0] NCCL INFO MSCCL: Parsing algorithm /home1/09168/ldai1/ccl-build/msccl_tools_lyd/examples/xml/xml_lyd/binary_tree/allreduce_binary_tree_4ch_2tree_256chunk_8node_32gpu.xml
c199-071:11257:11315 [1] NCCL INFO Connected all trees
