TACC:  Starting up job 6209222 
TACC:  Starting parallel tasks... 
# nThread 1 nGpus 1 minBytes 65536 maxBytes 268435456 step: 2(factor) warmup iters: 5 iters: 60 agg iters: 1 validation: 1 graph: 0
#
# Using devices
#  Rank  0 Group  0 Pid  26271 on   c197-112 device  0 [0x02] Quadro RTX 5000
#  Rank  1 Group  0 Pid  26272 on   c197-112 device  1 [0x03] Quadro RTX 5000
#  Rank  2 Group  0 Pid  26273 on   c197-112 device  2 [0x82] Quadro RTX 5000
#  Rank  3 Group  0 Pid  26274 on   c197-112 device  3 [0x83] Quadro RTX 5000
#  Rank  4 Group  0 Pid  24741 on   c198-011 device  0 [0x02] Quadro RTX 5000
#  Rank  5 Group  0 Pid  24742 on   c198-011 device  1 [0x03] Quadro RTX 5000
#  Rank  6 Group  0 Pid  24743 on   c198-011 device  2 [0x82] Quadro RTX 5000
#  Rank  7 Group  0 Pid  24744 on   c198-011 device  3 [0x83] Quadro RTX 5000
#  Rank  8 Group  0 Pid  22568 on   c198-012 device  0 [0x02] Quadro RTX 5000
#  Rank  9 Group  0 Pid  22569 on   c198-012 device  1 [0x03] Quadro RTX 5000
#  Rank 10 Group  0 Pid  22570 on   c198-012 device  2 [0x82] Quadro RTX 5000
#  Rank 11 Group  0 Pid  22571 on   c198-012 device  3 [0x83] Quadro RTX 5000
#  Rank 12 Group  0 Pid   3455 on   c198-021 device  0 [0x02] Quadro RTX 5000
#  Rank 13 Group  0 Pid   3456 on   c198-021 device  1 [0x03] Quadro RTX 5000
#  Rank 14 Group  0 Pid   3457 on   c198-021 device  2 [0x82] Quadro RTX 5000
#  Rank 15 Group  0 Pid   3458 on   c198-021 device  3 [0x83] Quadro RTX 5000
#  Rank 16 Group  0 Pid  13340 on   c198-022 device  0 [0x02] Quadro RTX 5000
#  Rank 17 Group  0 Pid  13341 on   c198-022 device  1 [0x03] Quadro RTX 5000
#  Rank 18 Group  0 Pid  13342 on   c198-022 device  2 [0x82] Quadro RTX 5000
#  Rank 19 Group  0 Pid  13343 on   c198-022 device  3 [0x83] Quadro RTX 5000
#  Rank 20 Group  0 Pid   3919 on   c198-031 device  0 [0x02] Quadro RTX 5000
#  Rank 21 Group  0 Pid   3920 on   c198-031 device  1 [0x03] Quadro RTX 5000
#  Rank 22 Group  0 Pid   3921 on   c198-031 device  2 [0x82] Quadro RTX 5000
#  Rank 23 Group  0 Pid   3922 on   c198-031 device  3 [0x83] Quadro RTX 5000
#  Rank 24 Group  0 Pid  29692 on   c198-032 device  0 [0x02] Quadro RTX 5000
#  Rank 25 Group  0 Pid  29693 on   c198-032 device  1 [0x03] Quadro RTX 5000
#  Rank 26 Group  0 Pid  29694 on   c198-032 device  2 [0x82] Quadro RTX 5000
#  Rank 27 Group  0 Pid  29695 on   c198-032 device  3 [0x83] Quadro RTX 5000
#  Rank 28 Group  0 Pid  18822 on   c198-041 device  0 [0x02] Quadro RTX 5000
#  Rank 29 Group  0 Pid  18823 on   c198-041 device  1 [0x03] Quadro RTX 5000
#  Rank 30 Group  0 Pid  18824 on   c198-041 device  2 [0x82] Quadro RTX 5000
#  Rank 31 Group  0 Pid  18825 on   c198-041 device  3 [0x83] Quadro RTX 5000
#  Rank 32 Group  0 Pid  20759 on   c198-042 device  0 [0x02] Quadro RTX 5000
#  Rank 33 Group  0 Pid  20760 on   c198-042 device  1 [0x03] Quadro RTX 5000
#  Rank 34 Group  0 Pid  20761 on   c198-042 device  2 [0x82] Quadro RTX 5000
#  Rank 35 Group  0 Pid  20762 on   c198-042 device  3 [0x83] Quadro RTX 5000
#  Rank 36 Group  0 Pid  31218 on   c198-051 device  0 [0x02] Quadro RTX 5000
#  Rank 37 Group  0 Pid  31219 on   c198-051 device  1 [0x03] Quadro RTX 5000
#  Rank 38 Group  0 Pid  31220 on   c198-051 device  2 [0x82] Quadro RTX 5000
#  Rank 39 Group  0 Pid  31221 on   c198-051 device  3 [0x83] Quadro RTX 5000
#  Rank 40 Group  0 Pid  29579 on   c198-052 device  0 [0x02] Quadro RTX 5000
#  Rank 41 Group  0 Pid  29580 on   c198-052 device  1 [0x03] Quadro RTX 5000
#  Rank 42 Group  0 Pid  29581 on   c198-052 device  2 [0x82] Quadro RTX 5000
#  Rank 43 Group  0 Pid  29582 on   c198-052 device  3 [0x83] Quadro RTX 5000
#  Rank 44 Group  0 Pid  21835 on   c198-061 device  0 [0x02] Quadro RTX 5000
#  Rank 45 Group  0 Pid  21836 on   c198-061 device  1 [0x03] Quadro RTX 5000
#  Rank 46 Group  0 Pid  21837 on   c198-061 device  2 [0x82] Quadro RTX 5000
#  Rank 47 Group  0 Pid  21838 on   c198-061 device  3 [0x83] Quadro RTX 5000
#  Rank 48 Group  0 Pid   8428 on   c198-062 device  0 [0x02] Quadro RTX 5000
#  Rank 49 Group  0 Pid   8429 on   c198-062 device  1 [0x03] Quadro RTX 5000
#  Rank 50 Group  0 Pid   8430 on   c198-062 device  2 [0x82] Quadro RTX 5000
#  Rank 51 Group  0 Pid   8431 on   c198-062 device  3 [0x83] Quadro RTX 5000
#  Rank 52 Group  0 Pid  19686 on   c198-071 device  0 [0x02] Quadro RTX 5000
#  Rank 53 Group  0 Pid  19687 on   c198-071 device  1 [0x03] Quadro RTX 5000
#  Rank 54 Group  0 Pid  19688 on   c198-071 device  2 [0x82] Quadro RTX 5000
#  Rank 55 Group  0 Pid  19689 on   c198-071 device  3 [0x83] Quadro RTX 5000
#  Rank 56 Group  0 Pid  13417 on   c198-072 device  0 [0x02] Quadro RTX 5000
#  Rank 57 Group  0 Pid  13418 on   c198-072 device  1 [0x03] Quadro RTX 5000
#  Rank 58 Group  0 Pid  13419 on   c198-072 device  2 [0x82] Quadro RTX 5000
#  Rank 59 Group  0 Pid  13420 on   c198-072 device  3 [0x83] Quadro RTX 5000
#  Rank 60 Group  0 Pid  19403 on   c199-012 device  0 [0x02] Quadro RTX 5000
#  Rank 61 Group  0 Pid  19404 on   c199-012 device  1 [0x03] Quadro RTX 5000
#  Rank 62 Group  0 Pid  19405 on   c199-012 device  2 [0x82] Quadro RTX 5000
#  Rank 63 Group  0 Pid  19406 on   c199-012 device  3 [0x83] Quadro RTX 5000
The MSCCL XML file exists: /home1/09168/ldai1/ccl-build/msccl_tools_lyd/examples/xml/xml_lyd/binary_tree/allreduce_binary_tree_4ch_2tree_4chunk_16node_64gpu.xml
c197-112:26271:26271 [0] NCCL INFO Bootstrap : Using ib0:192.168.44.144<0>
c197-112:26271:26271 [0] NCCL INFO NET/Plugin : No plugin found (libnccl-net.so), using internal implementation
c197-112:26271:26271 [0] NCCL INFO NET/IB : Using [0]mlx4_0:1/IB [RO]; OOB ib0:192.168.44.144<0>
c197-112:26271:26271 [0] NCCL INFO Using network IB
NCCL version 2.12.12.MSCCL.0.7.4+cuda11.3
c197-112:26273:26273 [2] NCCL INFO Bootstrap : Using ib0:192.168.44.144<0>
c197-112:26274:26274 [3] NCCL INFO Bootstrap : Using ib0:192.168.44.144<0>
c197-112:26273:26273 [2] NCCL INFO NET/Plugin : No plugin found (libnccl-net.so), using internal implementation
c197-112:26274:26274 [3] NCCL INFO NET/Plugin : No plugin found (libnccl-net.so), using internal implementation
c197-112:26274:26274 [3] NCCL INFO NET/IB : Using [0]mlx4_0:1/IB [RO]; OOB ib0:192.168.44.144<0>
c197-112:26274:26274 [3] NCCL INFO Using network IB
c197-112:26273:26273 [2] NCCL INFO NET/IB : Using [0]mlx4_0:1/IB [RO]; OOB ib0:192.168.44.144<0>
c197-112:26273:26273 [2] NCCL INFO Using network IB
c197-112:26272:26272 [1] NCCL INFO Bootstrap : Using ib0:192.168.44.144<0>
c197-112:26272:26272 [1] NCCL INFO NET/Plugin : No plugin found (libnccl-net.so), using internal implementation
c198-071:19686:19686 [0] NCCL INFO Bootstrap : Using ib0:192.168.44.157<0>
c198-071:19686:19686 [0] NCCL INFO NET/Plugin : No plugin found (libnccl-net.so), using internal implementation
c198-071:19686:19686 [0] NCCL INFO NET/IB : Using [0]mlx4_0:1/IB [RO]; OOB ib0:192.168.44.157<0>
c198-071:19686:19686 [0] NCCL INFO Using network IB
c197-112:26272:26272 [1] NCCL INFO NET/IB : Using [0]mlx4_0:1/IB [RO]; OOB ib0:192.168.44.144<0>
c197-112:26272:26272 [1] NCCL INFO Using network IB
c198-051:31220:31220 [2] NCCL INFO Bootstrap : Using ib0:192.168.44.153<0>
c198-051:31220:31220 [2] NCCL INFO NET/Plugin : No plugin found (libnccl-net.so), using internal implementation
c198-051:31221:31221 [3] NCCL INFO Bootstrap : Using ib0:192.168.44.153<0>
c198-051:31221:31221 [3] NCCL INFO NET/Plugin : No plugin found (libnccl-net.so), using internal implementation
c198-051:31220:31220 [2] NCCL INFO NET/IB : Using [0]mlx4_0:1/IB [RO]; OOB ib0:192.168.44.153<0>
c198-051:31220:31220 [2] NCCL INFO Using network IB
c198-051:31221:31221 [3] NCCL INFO NET/IB : Using [0]mlx4_0:1/IB [RO]; OOB ib0:192.168.44.153<0>
c198-051:31221:31221 [3] NCCL INFO Using network IB
c198-041:18825:18825 [3] NCCL INFO Bootstrap : Using ib0:192.168.44.151<0>
c198-041:18824:18824 [2] NCCL INFO Bootstrap : Using ib0:192.168.44.151<0>
c198-041:18824:18824 [2] NCCL INFO NET/Plugin : No plugin found (libnccl-net.so), using internal implementation
c198-041:18825:18825 [3] NCCL INFO NET/Plugin : No plugin found (libnccl-net.so), using internal implementation
c198-071:19688:19688 [2] NCCL INFO Bootstrap : Using ib0:192.168.44.157<0>
c198-071:19688:19688 [2] NCCL INFO NET/Plugin : No plugin found (libnccl-net.so), using internal implementation
c198-071:19688:19688 [2] NCCL INFO NET/IB : Using [0]mlx4_0:1/IB [RO]; OOB ib0:192.168.44.157<0>
c198-071:19688:19688 [2] NCCL INFO Using network IB
c198-022:13342:13342 [2] NCCL INFO Bootstrap : Using ib0:192.168.44.148<0>
c198-071:19687:19687 [1] NCCL INFO Bootstrap : Using ib0:192.168.44.157<0>
c198-022:13342:13342 [2] NCCL INFO NET/Plugin : No plugin found (libnccl-net.so), using internal implementation
c198-071:19687:19687 [1] NCCL INFO NET/Plugin : No plugin found (libnccl-net.so), using internal implementation
c198-041:18824:18824 [2] NCCL INFO NET/IB : Using [0]mlx4_0:1/IB [RO]; OOB ib0:192.168.44.151<0>
c198-041:18824:18824 [2] NCCL INFO Using network IB
c198-041:18825:18825 [3] NCCL INFO NET/IB : Using [0]mlx4_0:1/IB [RO]; OOB ib0:192.168.44.151<0>
c198-041:18825:18825 [3] NCCL INFO Using network IB
c198-022:13342:13342 [2] NCCL INFO NET/IB : Using [0]mlx4_0:1/IB [RO]; OOB ib0:192.168.44.148<0>
c198-022:13342:13342 [2] NCCL INFO Using network IB
c198-022:13343:13343 [3] NCCL INFO Bootstrap : Using ib0:192.168.44.148<0>
c198-022:13343:13343 [3] NCCL INFO NET/Plugin : No plugin found (libnccl-net.so), using internal implementation
c198-071:19689:19689 [3] NCCL INFO Bootstrap : Using ib0:192.168.44.157<0>
c198-071:19689:19689 [3] NCCL INFO NET/Plugin : No plugin found (libnccl-net.so), using internal implementation
c199-012:19406:19406 [3] NCCL INFO Bootstrap : Using ib0:192.168.44.168<0>
c199-012:19406:19406 [3] NCCL INFO NET/Plugin : No plugin found (libnccl-net.so), using internal implementation
c198-071:19687:19687 [1] NCCL INFO NET/IB : Using [0]mlx4_0:1/IB [RO]; OOB ib0:192.168.44.157<0>
c198-071:19687:19687 [1] NCCL INFO Using network IB
c199-012:19406:19406 [3] NCCL INFO NET/IB : Using [0]mlx4_0:1/IB [RO]; OOB ib0:192.168.44.168<0>
c199-012:19406:19406 [3] NCCL INFO Using network IB
c198-071:19689:19689 [3] NCCL INFO NET/IB : Using [0]mlx4_0:1/IB [RO]; OOB ib0:192.168.44.157<0>
c198-071:19689:19689 [3] NCCL INFO Using network IB
c198-022:13343:13343 [3] NCCL INFO NET/IB : Using [0]mlx4_0:1/IB [RO]; OOB ib0:192.168.44.148<0>
c198-022:13343:13343 [3] NCCL INFO Using network IB
c198-051:31219:31219 [1] NCCL INFO Bootstrap : Using ib0:192.168.44.153<0>
c198-041:18823:18823 [1] NCCL INFO Bootstrap : Using ib0:192.168.44.151<0>
c198-051:31219:31219 [1] NCCL INFO NET/Plugin : No plugin found (libnccl-net.so), using internal implementation
c198-041:18823:18823 [1] NCCL INFO NET/Plugin : No plugin found (libnccl-net.so), using internal implementation
c198-032:29694:29694 [2] NCCL INFO Bootstrap : Using ib0:192.168.44.150<0>
c198-032:29695:29695 [3] NCCL INFO Bootstrap : Using ib0:192.168.44.150<0>
c198-032:29694:29694 [2] NCCL INFO NET/Plugin : No plugin found (libnccl-net.so), using internal implementation
c198-032:29695:29695 [3] NCCL INFO NET/Plugin : No plugin found (libnccl-net.so), using internal implementation
c198-011:24742:24742 [1] NCCL INFO Bootstrap : Using ib0:192.168.44.145<0>
c198-011:24743:24743 [2] NCCL INFO Bootstrap : Using ib0:192.168.44.145<0>
c198-011:24743:24743 [2] NCCL INFO NET/Plugin : No plugin found (libnccl-net.so), using internal implementation
c198-011:24742:24742 [1] NCCL INFO NET/Plugin : No plugin found (libnccl-net.so), using internal implementation
c199-012:19405:19405 [2] NCCL INFO Bootstrap : Using ib0:192.168.44.168<0>
c199-012:19405:19405 [2] NCCL INFO NET/Plugin : No plugin found (libnccl-net.so), using internal implementation
c198-041:18823:18823 [1] NCCL INFO NET/IB : Using [0]mlx4_0:1/IB [RO]; OOB ib0:192.168.44.151<0>
c198-041:18823:18823 [1] NCCL INFO Using network IB
c198-051:31219:31219 [1] NCCL INFO NET/IB : Using [0]mlx4_0:1/IB [RO]; OOB ib0:192.168.44.153<0>
c198-051:31219:31219 [1] NCCL INFO Using network IB
c198-051:31218:31218 [0] NCCL INFO Bootstrap : Using ib0:192.168.44.153<0>
c198-051:31218:31218 [0] NCCL INFO NET/Plugin : No plugin found (libnccl-net.so), using internal implementation
c199-012:19405:19405 [2] NCCL INFO NET/IB : Using [0]mlx4_0:1/IB [RO]; OOB ib0:192.168.44.168<0>
c199-012:19405:19405 [2] NCCL INFO Using network IB
c199-012:19403:19403 [0] NCCL INFO Bootstrap : Using ib0:192.168.44.168<0>
c199-012:19404:19404 [1] NCCL INFO Bootstrap : Using ib0:192.168.44.168<0>
c199-012:19403:19403 [0] NCCL INFO NET/Plugin : No plugin found (libnccl-net.so), using internal implementation
c199-012:19404:19404 [1] NCCL INFO NET/Plugin : No plugin found (libnccl-net.so), using internal implementation
c198-032:29695:29695 [3] NCCL INFO NET/IB : Using [0]mlx4_0:1/IB [RO]; OOB ib0:192.168.44.150<0>
c198-032:29695:29695 [3] NCCL INFO Using network IB
c198-032:29694:29694 [2] NCCL INFO NET/IB : Using [0]mlx4_0:1/IB [RO]; OOB ib0:192.168.44.150<0>
c198-032:29694:29694 [2] NCCL INFO Using network IB
c198-021:3457:3457 [2] NCCL INFO Bootstrap : Using ib0:192.168.44.147<0>
c198-032:29692:29692 [0] NCCL INFO Bootstrap : Using ib0:192.168.44.150<0>
c198-051:31218:31218 [0] NCCL INFO NET/IB : Using [0]mlx4_0:1/IB [RO]; OOB ib0:192.168.44.153<0>
c198-051:31218:31218 [0] NCCL INFO Using network IB
c198-021:3458:3458 [3] NCCL INFO Bootstrap : Using ib0:192.168.44.147<0>
c198-021:3457:3457 [2] NCCL INFO NET/Plugin : No plugin found (libnccl-net.so), using internal implementation
c198-021:3458:3458 [3] NCCL INFO NET/Plugin : No plugin found (libnccl-net.so), using internal implementation
c198-032:29692:29692 [0] NCCL INFO NET/Plugin : No plugin found (libnccl-net.so), using internal implementation
c198-011:24742:24742 [1] NCCL INFO NET/IB : Using [0]mlx4_0:1/IB [RO]; OOB ib0:192.168.44.145<0>
c198-011:24742:24742 [1] NCCL INFO Using network IB
c198-031:3920:3920 [1] NCCL INFO Bootstrap : Using ib0:192.168.44.149<0>
c198-031:3921:3921 [2] NCCL INFO Bootstrap : Using ib0:192.168.44.149<0>
c198-011:24744:24744 [3] NCCL INFO Bootstrap : Using ib0:192.168.44.145<0>
c198-031:3922:3922 [3] NCCL INFO Bootstrap : Using ib0:192.168.44.149<0>
c198-031:3919:3919 [0] NCCL INFO Bootstrap : Using ib0:192.168.44.149<0>
c198-011:24741:24741 [0] NCCL INFO Bootstrap : Using ib0:192.168.44.145<0>
c198-031:3921:3921 [2] NCCL INFO NET/Plugin : No plugin found (libnccl-net.so), using internal implementation
c198-011:24744:24744 [3] NCCL INFO NET/Plugin : No plugin found (libnccl-net.so), using internal implementation
c198-031:3922:3922 [3] NCCL INFO NET/Plugin : No plugin found (libnccl-net.so), using internal implementation
c198-011:24741:24741 [0] NCCL INFO NET/Plugin : No plugin found (libnccl-net.so), using internal implementation
c198-031:3919:3919 [0] NCCL INFO NET/Plugin : No plugin found (libnccl-net.so), using internal implementation
c198-031:3920:3920 [1] NCCL INFO NET/Plugin : No plugin found (libnccl-net.so), using internal implementation
c198-011:24743:24743 [2] NCCL INFO NET/IB : Using [0]mlx4_0:1/IB [RO]; OOB ib0:192.168.44.145<0>
c198-011:24743:24743 [2] NCCL INFO Using network IB
c198-032:29692:29692 [0] NCCL INFO NET/IB : Using [0]mlx4_0:1/IB [RO]; OOB ib0:192.168.44.150<0>
c198-032:29692:29692 [0] NCCL INFO Using network IB
c198-042:20761:20761 [2] NCCL INFO Bootstrap : Using ib0:192.168.44.152<0>
c198-042:20761:20761 [2] NCCL INFO NET/Plugin : No plugin found (libnccl-net.so), using internal implementation
c198-041:18822:18822 [0] NCCL INFO Bootstrap : Using ib0:192.168.44.151<0>
c198-041:18822:18822 [0] NCCL INFO NET/Plugin : No plugin found (libnccl-net.so), using internal implementation
c198-021:3457:3457 [2] NCCL INFO NET/IB : Using [0]mlx4_0:1/IB [RO]; OOB ib0:192.168.44.147<0>
c198-021:3457:3457 [2] NCCL INFO Using network IB
c198-011:24744:24744 [3] NCCL INFO NET/IB : Using [0]mlx4_0:1/IB [RO]; OOB ib0:192.168.44.145<0>
c198-021:3458:3458 [3] NCCL INFO NET/IB : Using [0]mlx4_0:1/IB [RO]; OOB ib0:192.168.44.147<0>
c199-012:19403:19403 [0] NCCL INFO NET/IB : Using [0]mlx4_0:1/IB [RO]; OOB ib0:192.168.44.168<0>
c199-012:19403:19403 [0] NCCL INFO Using network IB
c198-011:24744:24744 [3] NCCL INFO Using network IB
c198-011:24741:24741 [0] NCCL INFO NET/IB : Using [0]mlx4_0:1/IB [RO]; OOB ib0:192.168.44.145<0>
c198-021:3458:3458 [3] NCCL INFO Using network IB
c199-012:19404:19404 [1] NCCL INFO NET/IB : Using [0]mlx4_0:1/IB [RO]; OOB ib0:192.168.44.168<0>
c199-012:19404:19404 [1] NCCL INFO Using network IB
c198-011:24741:24741 [0] NCCL INFO Using network IB
c198-012:22570:22570 [2] NCCL INFO Bootstrap : Using ib0:192.168.44.146<0>
c198-012:22571:22571 [3] NCCL INFO Bootstrap : Using ib0:192.168.44.146<0>
c198-012:22570:22570 [2] NCCL INFO NET/Plugin : No plugin found (libnccl-net.so), using internal implementation
c198-012:22571:22571 [3] NCCL INFO NET/Plugin : No plugin found (libnccl-net.so), using internal implementation
c198-052:29579:29579 [0] NCCL INFO Bootstrap : Using ib0:192.168.44.154<0>
c198-042:20762:20762 [3] NCCL INFO Bootstrap : Using ib0:192.168.44.152<0>
c198-052:29580:29580 [1] NCCL INFO Bootstrap : Using ib0:192.168.44.154<0>
c198-052:29582:29582 [3] NCCL INFO Bootstrap : Using ib0:192.168.44.154<0>
c198-052:29581:29581 [2] NCCL INFO Bootstrap : Using ib0:192.168.44.154<0>
c198-052:29579:29579 [0] NCCL INFO NET/Plugin : No plugin found (libnccl-net.so), using internal implementation
c198-042:20762:20762 [3] NCCL INFO NET/Plugin : No plugin found (libnccl-net.so), using internal implementation
c198-052:29580:29580 [1] NCCL INFO NET/Plugin : No plugin found (libnccl-net.so), using internal implementation
c198-052:29581:29581 [2] NCCL INFO NET/Plugin : No plugin found (libnccl-net.so), using internal implementation
c198-052:29582:29582 [3] NCCL INFO NET/Plugin : No plugin found (libnccl-net.so), using internal implementation
c198-041:18822:18822 [0] NCCL INFO NET/IB : Using [0]mlx4_0:1/IB [RO]; OOB ib0:192.168.44.151<0>
c198-041:18822:18822 [0] NCCL INFO Using network IB
c198-042:20759:20759 [0] NCCL INFO Bootstrap : Using ib0:192.168.44.152<0>
c198-042:20759:20759 [0] NCCL INFO NET/Plugin : No plugin found (libnccl-net.so), using internal implementation
c198-042:20761:20761 [2] NCCL INFO NET/IB : Using [0]mlx4_0:1/IB [RO]; OOB ib0:192.168.44.152<0>
c198-042:20761:20761 [2] NCCL INFO Using network IB
c198-062:8429:8429 [1] NCCL INFO Bootstrap : Using ib0:192.168.44.156<0>
c198-062:8429:8429 [1] NCCL INFO NET/Plugin : No plugin found (libnccl-net.so), using internal implementation
c198-022:13340:13340 [0] NCCL INFO Bootstrap : Using ib0:192.168.44.148<0>
c198-022:13341:13341 [1] NCCL INFO Bootstrap : Using ib0:192.168.44.148<0>
c198-042:20762:20762 [3] NCCL INFO NET/IB : Using [0]mlx4_0:1/IB [RO]; OOB ib0:192.168.44.152<0>
c198-042:20762:20762 [3] NCCL INFO Using network IB
c198-022:13340:13340 [0] NCCL INFO NET/Plugin : No plugin found (libnccl-net.so), using internal implementation
c198-022:13341:13341 [1] NCCL INFO NET/Plugin : No plugin found (libnccl-net.so), using internal implementation
c198-042:20759:20759 [0] NCCL INFO NET/IB : Using [0]mlx4_0:1/IB [RO]; OOB ib0:192.168.44.152<0>
c198-042:20759:20759 [0] NCCL INFO Using network IB
c198-012:22570:22570 [2] NCCL INFO NET/IB : Using [0]mlx4_0:1/IB [RO]; OOB ib0:192.168.44.146<0>
c198-012:22570:22570 [2] NCCL INFO Using network IB
c198-012:22571:22571 [3] NCCL INFO NET/IB : Using [0]mlx4_0:1/IB [RO]; OOB ib0:192.168.44.146<0>
c198-012:22571:22571 [3] NCCL INFO Using network IB
c198-042:20760:20760 [1] NCCL INFO Bootstrap : Using ib0:192.168.44.152<0>
c198-042:20760:20760 [1] NCCL INFO NET/Plugin : No plugin found (libnccl-net.so), using internal implementation
c198-032:29693:29693 [1] NCCL INFO Bootstrap : Using ib0:192.168.44.150<0>
c198-032:29693:29693 [1] NCCL INFO NET/Plugin : No plugin found (libnccl-net.so), using internal implementation
c198-031:3922:3922 [3] NCCL INFO NET/IB : Using [0]mlx4_0:1/IB [RO]; OOB ib0:192.168.44.149<0>
c198-031:3922:3922 [3] NCCL INFO Using network IB
c198-042:20760:20760 [1] NCCL INFO NET/IB : Using [0]mlx4_0:1/IB [RO]; OOB ib0:192.168.44.152<0>
c198-042:20760:20760 [1] NCCL INFO Using network IB
c198-031:3921:3921 [2] NCCL INFO NET/IB : Using [0]mlx4_0:1/IB [RO]; OOB ib0:192.168.44.149<0>
c198-031:3921:3921 [2] NCCL INFO Using network IB
c198-031:3919:3919 [0] NCCL INFO NET/IB : Using [0]mlx4_0:1/IB [RO]; OOB ib0:192.168.44.149<0>
c198-031:3919:3919 [0] NCCL INFO Using network IB
c198-031:3920:3920 [1] NCCL INFO NET/IB : Using [0]mlx4_0:1/IB [RO]; OOB ib0:192.168.44.149<0>
c198-031:3920:3920 [1] NCCL INFO Using network IB
c198-072:13417:13417 [0] NCCL INFO Bootstrap : Using ib0:192.168.44.158<0>
c198-072:13418:13418 [1] NCCL INFO Bootstrap : Using ib0:192.168.44.158<0>
c198-072:13420:13420 [3] NCCL INFO Bootstrap : Using ib0:192.168.44.158<0>
c198-072:13419:13419 [2] NCCL INFO Bootstrap : Using ib0:192.168.44.158<0>
c198-072:13417:13417 [0] NCCL INFO NET/Plugin : No plugin found (libnccl-net.so), using internal implementation
c198-072:13418:13418 [1] NCCL INFO NET/Plugin : No plugin found (libnccl-net.so), using internal implementation
c198-072:13419:13419 [2] NCCL INFO NET/Plugin : No plugin found (libnccl-net.so), using internal implementation
c198-072:13420:13420 [3] NCCL INFO NET/Plugin : No plugin found (libnccl-net.so), using internal implementation
c198-022:13341:13341 [1] NCCL INFO NET/IB : Using [0]mlx4_0:1/IB [RO]; OOB ib0:192.168.44.148<0>
c198-022:13341:13341 [1] NCCL INFO Using network IB
c198-022:13340:13340 [0] NCCL INFO NET/IB : Using [0]mlx4_0:1/IB [RO]; OOB ib0:192.168.44.148<0>
c198-022:13340:13340 [0] NCCL INFO Using network IB
c198-032:29693:29693 [1] NCCL INFO NET/IB : Using [0]mlx4_0:1/IB [RO]; OOB ib0:192.168.44.150<0>
c198-032:29693:29693 [1] NCCL INFO Using network IB
c198-062:8430:8430 [2] NCCL INFO Bootstrap : Using ib0:192.168.44.156<0>
c198-062:8431:8431 [3] NCCL INFO Bootstrap : Using ib0:192.168.44.156<0>
c198-062:8430:8430 [2] NCCL INFO NET/Plugin : No plugin found (libnccl-net.so), using internal implementation
c198-062:8431:8431 [3] NCCL INFO NET/Plugin : No plugin found (libnccl-net.so), using internal implementation
c198-012:22568:22568 [0] NCCL INFO Bootstrap : Using ib0:192.168.44.146<0>
c198-062:8429:8429 [1] NCCL INFO NET/IB : Using [0]mlx4_0:1/IB [RO]; OOB ib0:192.168.44.156<0>
c198-062:8429:8429 [1] NCCL INFO Using network IB
c198-012:22568:22568 [0] NCCL INFO NET/Plugin : No plugin found (libnccl-net.so), using internal implementation
c198-021:3455:3455 [0] NCCL INFO Bootstrap : Using ib0:192.168.44.147<0>
c198-021:3455:3455 [0] NCCL INFO NET/Plugin : No plugin found (libnccl-net.so), using internal implementation
c198-061:21837:21837 [2] NCCL INFO Bootstrap : Using ib0:192.168.44.155<0>
c198-061:21838:21838 [3] NCCL INFO Bootstrap : Using ib0:192.168.44.155<0>
c198-061:21837:21837 [2] NCCL INFO NET/Plugin : No plugin found (libnccl-net.so), using internal implementation
c198-061:21838:21838 [3] NCCL INFO NET/Plugin : No plugin found (libnccl-net.so), using internal implementation
c198-052:29580:29580 [1] NCCL INFO NET/IB : Using [0]mlx4_0:1/IB [RO]; OOB ib0:192.168.44.154<0>
c198-052:29580:29580 [1] NCCL INFO Using network IB
c198-052:29581:29581 [2] NCCL INFO NET/IB : Using [0]mlx4_0:1/IB [RO]; OOB ib0:192.168.44.154<0>
c198-052:29581:29581 [2] NCCL INFO Using network IB
c198-052:29579:29579 [0] NCCL INFO NET/IB : Using [0]mlx4_0:1/IB [RO]; OOB ib0:192.168.44.154<0>
c198-052:29579:29579 [0] NCCL INFO Using network IB
c198-052:29582:29582 [3] NCCL INFO NET/IB : Using [0]mlx4_0:1/IB [RO]; OOB ib0:192.168.44.154<0>
c198-052:29582:29582 [3] NCCL INFO Using network IB
c198-062:8431:8431 [3] NCCL INFO NET/IB : Using [0]mlx4_0:1/IB [RO]; OOB ib0:192.168.44.156<0>
c198-062:8431:8431 [3] NCCL INFO Using network IB
c198-062:8430:8430 [2] NCCL INFO NET/IB : Using [0]mlx4_0:1/IB [RO]; OOB ib0:192.168.44.156<0>
c198-062:8430:8430 [2] NCCL INFO Using network IB
c198-012:22569:22569 [1] NCCL INFO Bootstrap : Using ib0:192.168.44.146<0>
c198-012:22569:22569 [1] NCCL INFO NET/Plugin : No plugin found (libnccl-net.so), using internal implementation
c198-021:3456:3456 [1] NCCL INFO Bootstrap : Using ib0:192.168.44.147<0>
c198-021:3456:3456 [1] NCCL INFO NET/Plugin : No plugin found (libnccl-net.so), using internal implementation
c198-012:22568:22568 [0] NCCL INFO NET/IB : Using [0]mlx4_0:1/IB [RO]; OOB ib0:192.168.44.146<0>
c198-012:22568:22568 [0] NCCL INFO Using network IB
c198-021:3455:3455 [0] NCCL INFO NET/IB : Using [0]mlx4_0:1/IB [RO]; OOB ib0:192.168.44.147<0>
c198-021:3455:3455 [0] NCCL INFO Using network IB
c198-012:22569:22569 [1] NCCL INFO NET/IB : Using [0]mlx4_0:1/IB [RO]; OOB ib0:192.168.44.146<0>
c198-012:22569:22569 [1] NCCL INFO Using network IB
c198-021:3456:3456 [1] NCCL INFO NET/IB : Using [0]mlx4_0:1/IB [RO]; OOB ib0:192.168.44.147<0>
c198-021:3456:3456 [1] NCCL INFO Using network IB
c198-072:13418:13418 [1] NCCL INFO NET/IB : Using [0]mlx4_0:1/IB [RO]; OOB ib0:192.168.44.158<0>
c198-072:13418:13418 [1] NCCL INFO Using network IB
c198-061:21837:21837 [2] NCCL INFO NET/IB : Using [0]mlx4_0:1/IB [RO]; OOB ib0:192.168.44.155<0>
c198-061:21837:21837 [2] NCCL INFO Using network IB
c198-061:21838:21838 [3] NCCL INFO NET/IB : Using [0]mlx4_0:1/IB [RO]; OOB ib0:192.168.44.155<0>
c198-061:21838:21838 [3] NCCL INFO Using network IB
c198-072:13419:13419 [2] NCCL INFO NET/IB : Using [0]mlx4_0:1/IB [RO]; OOB ib0:192.168.44.158<0>
c198-072:13419:13419 [2] NCCL INFO Using network IB
c198-072:13420:13420 [3] NCCL INFO NET/IB : Using [0]mlx4_0:1/IB [RO]; OOB ib0:192.168.44.158<0>
c198-072:13420:13420 [3] NCCL INFO Using network IB
c198-072:13417:13417 [0] NCCL INFO NET/IB : Using [0]mlx4_0:1/IB [RO]; OOB ib0:192.168.44.158<0>
c198-072:13417:13417 [0] NCCL INFO Using network IB
c198-062:8428:8428 [0] NCCL INFO Bootstrap : Using ib0:192.168.44.156<0>
c198-062:8428:8428 [0] NCCL INFO NET/Plugin : No plugin found (libnccl-net.so), using internal implementation
c198-062:8428:8428 [0] NCCL INFO NET/IB : Using [0]mlx4_0:1/IB [RO]; OOB ib0:192.168.44.156<0>
c198-062:8428:8428 [0] NCCL INFO Using network IB
c198-061:21836:21836 [1] NCCL INFO Bootstrap : Using ib0:192.168.44.155<0>
c198-061:21836:21836 [1] NCCL INFO NET/Plugin : No plugin found (libnccl-net.so), using internal implementation
c198-061:21835:21835 [0] NCCL INFO Bootstrap : Using ib0:192.168.44.155<0>
c198-061:21835:21835 [0] NCCL INFO NET/Plugin : No plugin found (libnccl-net.so), using internal implementation
c198-061:21836:21836 [1] NCCL INFO NET/IB : Using [0]mlx4_0:1/IB [RO]; OOB ib0:192.168.44.155<0>
c198-061:21836:21836 [1] NCCL INFO Using network IB
c198-061:21835:21835 [0] NCCL INFO NET/IB : Using [0]mlx4_0:1/IB [RO]; OOB ib0:192.168.44.155<0>
c198-061:21835:21835 [0] NCCL INFO Using network IB
c197-112:26271:26322 [0] NCCL INFO Setting affinity for GPU 0 to 0f000f
c198-031:3922:3973 [3] NCCL INFO Setting affinity for GPU 3 to f000f000
c198-021:3458:3511 [3] NCCL INFO Setting affinity for GPU 3 to f000f000
c198-061:21838:21891 [3] NCCL INFO Setting affinity for GPU 3 to f000f000
c198-062:8431:8484 [3] NCCL INFO Setting affinity for GPU 3 to f000f000
c198-051:31221:31273 [3] NCCL INFO Setting affinity for GPU 3 to f000f000
c198-071:19689:19747 [3] NCCL INFO Setting affinity for GPU 3 to f000f000
c198-011:24744:24799 [3] NCCL INFO Setting affinity for GPU 3 to f000f000
c198-041:18825:18877 [3] NCCL INFO Setting affinity for GPU 3 to f000f000
c198-012:22571:22623 [3] NCCL INFO Setting affinity for GPU 3 to f000f000
c198-042:20762:20814 [3] NCCL INFO Setting affinity for GPU 3 to f000f000
c199-012:19406:19456 [3] NCCL INFO Setting affinity for GPU 3 to f000f000
c198-072:13420:13477 [3] NCCL INFO Setting affinity for GPU 3 to f000f000
c198-022:13343:13396 [3] NCCL INFO Setting affinity for GPU 3 to f000f000
c198-052:29582:29638 [3] NCCL INFO Setting affinity for GPU 3 to f000f000
c198-032:29695:29746 [3] NCCL INFO Setting affinity for GPU 3 to f000f000
c198-061:21837:21890 [2] NCCL INFO Setting affinity for GPU 2 to 0f000f00
c197-112:26274:26327 [3] NCCL INFO Setting affinity for GPU 3 to f000f000
c197-112:26273:26329 [2] NCCL INFO Setting affinity for GPU 2 to 0f000f00
c197-112:26272:26331 [1] NCCL INFO Setting affinity for GPU 1 to f000f0
c198-071:19686:19741 [0] NCCL INFO Setting affinity for GPU 0 to 0f000f
c198-022:13340:13400 [0] NCCL INFO Setting affinity for GPU 0 to 0f000f
c198-071:19687:19745 [1] NCCL INFO Setting affinity for GPU 1 to f000f0
c198-072:13418:13472 [1] NCCL INFO Setting affinity for GPU 1 to f000f0
c198-041:18822:18881 [0] NCCL INFO Setting affinity for GPU 0 to 0f000f
c199-012:19405:19458 [2] NCCL INFO Setting affinity for GPU 2 to 0f000f00
c198-031:3920:3978 [1] NCCL INFO Setting affinity for GPU 1 to f000f0
c198-031:3919:3977 [0] NCCL INFO Setting affinity for GPU 0 to 0f000f
c198-072:13419:13476 [2] NCCL INFO Setting affinity for GPU 2 to 0f000f00
c198-041:18824:18876 [2] NCCL INFO Setting affinity for GPU 2 to 0f000f00
c198-061:21836:21893 [1] NCCL INFO Setting affinity for GPU 1 to f000f0
c198-042:20761:20812 [2] NCCL INFO Setting affinity for GPU 2 to 0f000f00
c198-061:21835:21895 [0] NCCL INFO Setting affinity for GPU 0 to 0f000f
c198-041:18823:18879 [1] NCCL INFO Setting affinity for GPU 1 to f000f0
c198-071:19688:19743 [2] NCCL INFO Setting affinity for GPU 2 to 0f000f00
c198-031:3921:3975 [2] NCCL INFO Setting affinity for GPU 2 to 0f000f00
c198-042:20760:20818 [1] NCCL INFO Setting affinity for GPU 1 to f000f0
c198-052:29580:29633 [1] NCCL INFO Setting affinity for GPU 1 to f000f0
c198-072:13417:13478 [0] NCCL INFO Setting affinity for GPU 0 to 0f000f
c198-011:24742:24794 [1] NCCL INFO Setting affinity for GPU 1 to f000f0
c198-011:24741:24800 [0] NCCL INFO Setting affinity for GPU 0 to 0f000f
c198-042:20759:20816 [0] NCCL INFO Setting affinity for GPU 0 to 0f000f
c198-052:29581:29636 [2] NCCL INFO Setting affinity for GPU 2 to 0f000f00
c198-011:24743:24796 [2] NCCL INFO Setting affinity for GPU 2 to 0f000f00
c198-052:29579:29637 [0] NCCL INFO Setting affinity for GPU 0 to 0f000f
c198-062:8428:8487 [0] NCCL INFO Setting affinity for GPU 0 to 0f000f
c199-012:19404:19462 [1] NCCL INFO Setting affinity for GPU 1 to f000f0
c198-062:8429:8481 [1] NCCL INFO Setting affinity for GPU 1 to f000f0
c199-012:19403:19461 [0] NCCL INFO Setting affinity for GPU 0 to 0f000f
c198-062:8430:8485 [2] NCCL INFO Setting affinity for GPU 2 to 0f000f00
c198-021:3456:3515 [1] NCCL INFO Setting affinity for GPU 1 to f000f0
c198-021:3455:3513 [0] NCCL INFO Setting affinity for GPU 0 to 0f000f
c198-012:22569:22627 [1] NCCL INFO Setting affinity for GPU 1 to f000f0
c198-051:31220:31272 [2] NCCL INFO Setting affinity for GPU 2 to 0f000f00
c198-051:31219:31275 [1] NCCL INFO Setting affinity for GPU 1 to f000f0
c198-022:13342:13394 [2] NCCL INFO Setting affinity for GPU 2 to 0f000f00
c198-021:3457:3510 [2] NCCL INFO Setting affinity for GPU 2 to 0f000f00
c198-032:29693:29751 [1] NCCL INFO Setting affinity for GPU 1 to f000f0
c198-051:31218:31277 [0] NCCL INFO Setting affinity for GPU 0 to 0f000f
c198-022:13341:13399 [1] NCCL INFO Setting affinity for GPU 1 to f000f0
c198-012:22568:22625 [0] NCCL INFO Setting affinity for GPU 0 to 0f000f
c198-012:22570:22622 [2] NCCL INFO Setting affinity for GPU 2 to 0f000f00
c198-032:29692:29749 [0] NCCL INFO Setting affinity for GPU 0 to 0f000f
c198-032:29694:29747 [2] NCCL INFO Setting affinity for GPU 2 to 0f000f00
c198-031:3920:3978 [1] NCCL INFO Trees [0] 22/-1/-1->21->20 [1] 22/24/-1->21->20
c198-031:3921:3975 [2] NCCL INFO Trees [0] 23/-1/-1->22->21 [1] 23/-1/-1->22->21
c198-031:3922:3973 [3] NCCL INFO Trees [0] -1/-1/-1->23->22 [1] -1/-1/-1->23->22
c198-031:3919:3977 [0] NCCL INFO Trees [0] 21/-1/-1->20->25 [1] 21/16/-1->20->13
c198-032:29692:29749 [0] NCCL INFO Trees [0] 25/28/-1->24->16 [1] 25/-1/-1->24->21
c198-022:13342:13394 [2] NCCL INFO Trees [0] 19/-1/-1->18->17 [1] 19/-1/-1->18->17
c198-041:18822:18881 [0] NCCL INFO Trees [0] 29/-1/-1->28->24 [1] 29/12/-1->28->60
c198-012:22570:22622 [2] NCCL INFO Trees [0] 11/-1/-1->10->9 [1] 11/-1/-1->10->9
c198-042:20759:20816 [0] NCCL INFO Trees [0] 33/48/-1->32->0 [1] 33/-1/-1->32->36
c198-032:29694:29747 [2] NCCL INFO Trees [0] 27/-1/-1->26->25 [1] 27/-1/-1->26->25
c198-051:31220:31272 [2] NCCL INFO Trees [0] 39/-1/-1->38->37 [1] 39/-1/-1->38->37
c198-021:3457:3510 [2] NCCL INFO Trees [0] 15/-1/-1->14->13 [1] 15/-1/-1->14->13
c198-022:13343:13396 [3] NCCL INFO Trees [0] -1/-1/-1->19->18 [1] -1/-1/-1->19->18
c198-041:18824:18876 [2] NCCL INFO Trees [0] 31/-1/-1->30->29 [1] 31/-1/-1->30->29
c198-061:21836:21893 [1] NCCL INFO Trees [0] 46/-1/-1->45->44 [1] 46/52/-1->45->44
c198-012:22571:22623 [3] NCCL INFO Trees [0] -1/-1/-1->11->10 [1] -1/-1/-1->11->10
c198-042:20760:20818 [1] NCCL INFO Trees [0] 34/16/-1->33->32 [1] 34/-1/-1->33->32
c198-032:29695:29746 [3] NCCL INFO Trees [0] -1/-1/-1->27->26 [1] -1/-1/-1->27->26
c198-062:8428:8487 [0] NCCL INFO Trees [0] 49/56/-1->48->32 [1] 49/-1/-1->48->52
c198-051:31221:31273 [3] NCCL INFO Trees [0] -1/-1/-1->39->38 [1] -1/-1/-1->39->38
c198-011:24744:24799 [3] NCCL INFO Trees [0] -1/-1/-1->7->6 [1] -1/-1/-1->7->6
c198-021:3458:3511 [3] NCCL INFO Trees [0] -1/-1/-1->15->14 [1] -1/-1/-1->15->14
c198-022:13341:13399 [1] NCCL INFO Trees [0] 18/8/-1->17->16 [1] 18/-1/-1->17->16
c198-052:29579:29637 [0] NCCL INFO Trees [0] 41/44/-1->40->49 [1] 41/-1/-1->40->37
c197-112:26271:26322 [0] NCCL INFO Channel 00/02 :    0   1   2   3   4   5   6   7   8   9  10  11  12  13  14  15  16  17  18  19
c197-112:26271:26322 [0] NCCL INFO Channel 01/02 :    0   1   2   3   4   5   6   7   8   9  10  11  12  13  14  15  16  17  18  19
c198-041:18825:18877 [3] NCCL INFO Trees [0] -1/-1/-1->31->30 [1] -1/-1/-1->31->30
c198-061:21837:21890 [2] NCCL INFO Trees [0] 47/-1/-1->46->45 [1] 47/-1/-1->46->45
c199-012:19405:19458 [2] NCCL INFO Trees [0] 63/-1/-1->62->61 [1] 63/-1/-1->62->61
c198-012:22569:22627 [1] NCCL INFO Trees [0] 10/4/-1->9->8 [1] 10/-1/-1->9->8
c198-042:20762:20814 [3] NCCL INFO Trees [0] -1/-1/-1->35->34 [1] -1/-1/-1->35->34
c198-032:29693:29751 [1] NCCL INFO Trees [0] 26/20/-1->25->24 [1] 26/-1/-1->25->24
c198-062:8429:8481 [1] NCCL INFO Trees [0] 50/40/-1->49->48 [1] 50/-1/-1->49->48
c198-051:31219:31275 [1] NCCL INFO Trees [0] 38/-1/-1->37->36 [1] 38/40/-1->37->36
c198-011:24743:24796 [2] NCCL INFO Trees [0] 7/-1/-1->6->5 [1] 7/-1/-1->6->5
c198-021:3456:3515 [1] NCCL INFO Trees [0] 14/-1/-1->13->12 [1] 14/20/-1->13->12
c198-071:19689:19747 [3] NCCL INFO Trees [0] -1/-1/-1->55->54 [1] -1/-1/-1->55->54
c198-022:13340:13400 [0] NCCL INFO Trees [0] 17/24/-1->16->33 [1] 17/-1/-1->16->20
c198-072:13419:13476 [2] NCCL INFO Trees [0] 59/-1/-1->58->57 [1] 59/-1/-1->58->57
c198-052:29580:29633 [1] NCCL INFO Trees [0] 42/36/-1->41->40 [1] 42/-1/-1->41->40
c197-112:26272:26331 [1] NCCL INFO Trees [0] 2/-1/-1->1->0 [1] 2/-1/-1->1->0
c198-041:18823:18879 [1] NCCL INFO Trees [0] 30/-1/-1->29->28 [1] 30/44/-1->29->28
c198-061:21838:21891 [3] NCCL INFO Trees [0] -1/-1/-1->47->46 [1] -1/-1/-1->47->46
c199-012:19406:19456 [3] NCCL INFO Trees [0] -1/-1/-1->63->62 [1] -1/-1/-1->63->62
c198-012:22568:22625 [0] NCCL INFO Trees [0] 9/12/-1->8->17 [1] 9/-1/-1->8->5
c198-042:20761:20812 [2] NCCL INFO Trees [0] 35/-1/-1->34->33 [1] 35/-1/-1->34->33
c198-062:8430:8485 [2] NCCL INFO Trees [0] 51/-1/-1->50->49 [1] 51/-1/-1->50->49
c198-051:31218:31277 [0] NCCL INFO Trees [0] 37/-1/-1->36->41 [1] 37/32/-1->36->44
c198-011:24742:24794 [1] NCCL INFO Trees [0] 6/-1/-1->5->4 [1] 6/8/-1->5->4
c198-021:3455:3513 [0] NCCL INFO Trees [0] 13/-1/-1->12->8 [1] 13/4/-1->12->28
c198-071:19686:19741 [0] NCCL INFO Trees [0] 53/-1/-1->52->57 [1] 53/48/-1->52->45
c198-072:13420:13477 [3] NCCL INFO Trees [0] -1/-1/-1->59->58 [1] -1/-1/-1->59->58
c198-052:29582:29638 [3] NCCL INFO Trees [0] -1/-1/-1->43->42 [1] -1/-1/-1->43->42
c197-112:26273:26329 [2] NCCL INFO Trees [0] 3/-1/-1->2->1 [1] 3/-1/-1->2->1
c198-061:21835:21895 [0] NCCL INFO Trees [0] 45/-1/-1->44->40 [1] 45/36/-1->44->29
c199-012:19404:19462 [1] NCCL INFO Trees [0] 62/-1/-1->61->60 [1] 62/-1/-1->61->60
c198-062:8431:8484 [3] NCCL INFO Trees [0] -1/-1/-1->51->50 [1] -1/-1/-1->51->50
c198-011:24741:24800 [0] NCCL INFO Trees [0] 5/-1/-1->4->9 [1] 5/0/-1->4->12
c198-071:19687:19745 [1] NCCL INFO Trees [0] 54/-1/-1->53->52 [1] 54/56/-1->53->52
c198-072:13417:13478 [0] NCCL INFO Trees [0] 57/60/-1->56->48 [1] 57/-1/-1->56->53
c198-052:29581:29636 [2] NCCL INFO Trees [0] 43/-1/-1->42->41 [1] 43/-1/-1->42->41
c197-112:26274:26327 [3] NCCL INFO Trees [0] -1/-1/-1->3->2 [1] -1/-1/-1->3->2
c199-012:19403:19461 [0] NCCL INFO Trees [0] 61/-1/-1->60->56 [1] 61/28/-1->60->-1
c198-071:19688:19743 [2] NCCL INFO Trees [0] 55/-1/-1->54->53 [1] 55/-1/-1->54->53
c198-072:13418:13472 [1] NCCL INFO Trees [0] 58/52/-1->57->56 [1] 58/-1/-1->57->56
c197-112:26271:26322 [0] NCCL INFO Trees [0] 1/32/-1->0->-1 [1] 1/-1/-1->0->4
c198-031:3919:3977 [0] NCCL INFO Channel 00/0 : 19[83000] -> 20[2000] [receive] via NET/IB/0
c198-032:29692:29749 [0] NCCL INFO Channel 00/0 : 23[83000] -> 24[2000] [receive] via NET/IB/0
c198-041:18822:18881 [0] NCCL INFO Channel 00/0 : 27[83000] -> 28[2000] [receive] via NET/IB/0
c198-062:8428:8487 [0] NCCL INFO Channel 00/0 : 47[83000] -> 48[2000] [receive] via NET/IB/0
c198-021:3455:3513 [0] NCCL INFO Channel 00/0 : 11[83000] -> 12[2000] [receive] via NET/IB/0
c198-011:24741:24800 [0] NCCL INFO Channel 00/0 : 3[83000] -> 4[2000] [receive] via NET/IB/0
c198-061:21835:21895 [0] NCCL INFO Channel 00/0 : 43[83000] -> 44[2000] [receive] via NET/IB/0
c198-012:22568:22625 [0] NCCL INFO Channel 00/0 : 7[83000] -> 8[2000] [receive] via NET/IB/0
c198-022:13340:13400 [0] NCCL INFO Channel 00/0 : 15[83000] -> 16[2000] [receive] via NET/IB/0
c198-052:29579:29637 [0] NCCL INFO Channel 00/0 : 39[83000] -> 40[2000] [receive] via NET/IB/0
c199-012:19403:19461 [0] NCCL INFO Channel 00/0 : 59[83000] -> 60[2000] [receive] via NET/IB/0
c197-112:26271:26322 [0] NCCL INFO Channel 00/0 : 63[83000] -> 0[2000] [receive] via NET/IB/0
c198-071:19686:19741 [0] NCCL INFO Channel 00/0 : 51[83000] -> 52[2000] [receive] via NET/IB/0
c198-072:13417:13478 [0] NCCL INFO Channel 00/0 : 55[83000] -> 56[2000] [receive] via NET/IB/0
c198-042:20759:20816 [0] NCCL INFO Channel 00/0 : 31[83000] -> 32[2000] [receive] via NET/IB/0
c198-051:31218:31277 [0] NCCL INFO Channel 00/0 : 35[83000] -> 36[2000] [receive] via NET/IB/0
c198-051:31220:31272 [2] NCCL INFO Channel 00 : 38[82000] -> 39[83000] via direct shared memory
c198-022:13342:13394 [2] NCCL INFO Channel 00 : 18[82000] -> 19[83000] via direct shared memory
c198-022:13342:13394 [2] NCCL INFO Channel 01 : 18[82000] -> 19[83000] via direct shared memory
c198-052:29581:29636 [2] NCCL INFO Channel 00 : 42[82000] -> 43[83000] via direct shared memory
c198-051:31220:31272 [2] NCCL INFO Channel 01 : 38[82000] -> 39[83000] via direct shared memory
c198-071:19688:19743 [2] NCCL INFO Channel 00 : 54[82000] -> 55[83000] via direct shared memory
c198-052:29581:29636 [2] NCCL INFO Channel 01 : 42[82000] -> 43[83000] via direct shared memory
c198-021:3457:3510 [2] NCCL INFO Channel 00 : 14[82000] -> 15[83000] via direct shared memory
c198-071:19688:19743 [2] NCCL INFO Channel 01 : 54[82000] -> 55[83000] via direct shared memory
c198-042:20761:20812 [2] NCCL INFO Channel 00 : 34[82000] -> 35[83000] via direct shared memory
c198-051:31219:31275 [1] NCCL INFO Channel 00 : 37[3000] -> 38[82000] via direct shared memory
c198-011:24743:24796 [2] NCCL INFO Channel 00 : 6[82000] -> 7[83000] via direct shared memory
c198-061:21837:21890 [2] NCCL INFO Channel 00 : 46[82000] -> 47[83000] via direct shared memory
c198-032:29694:29747 [2] NCCL INFO Channel 00 : 26[82000] -> 27[83000] via direct shared memory
c198-061:21836:21893 [1] NCCL INFO Channel 00 : 45[3000] -> 46[82000] via direct shared memory
c198-012:22570:22622 [2] NCCL INFO Channel 00 : 10[82000] -> 11[83000] via direct shared memory
c198-042:20761:20812 [2] NCCL INFO Channel 01 : 34[82000] -> 35[83000] via direct shared memory
c198-051:31219:31275 [1] NCCL INFO Channel 01 : 37[3000] -> 38[82000] via direct shared memory
c198-011:24743:24796 [2] NCCL INFO Channel 01 : 6[82000] -> 7[83000] via direct shared memory
c198-031:3921:3975 [2] NCCL INFO Channel 00 : 22[82000] -> 23[83000] via direct shared memory
c198-041:18824:18876 [2] NCCL INFO Channel 00 : 30[82000] -> 31[83000] via direct shared memory
c198-061:21837:21890 [2] NCCL INFO Channel 01 : 46[82000] -> 47[83000] via direct shared memory
c199-012:19405:19458 [2] NCCL INFO Channel 00 : 62[82000] -> 63[83000] via direct shared memory
c198-032:29693:29751 [1] NCCL INFO Channel 00 : 25[3000] -> 26[82000] via direct shared memory
c198-011:24742:24794 [1] NCCL INFO Channel 00 : 5[3000] -> 6[82000] via direct shared memory
c198-021:3457:3510 [2] NCCL INFO Channel 01 : 14[82000] -> 15[83000] via direct shared memory
c198-071:19687:19745 [1] NCCL INFO Channel 00 : 53[3000] -> 54[82000] via direct shared memory
c198-031:3920:3978 [1] NCCL INFO Channel 00 : 21[3000] -> 22[82000] via direct shared memory
c198-041:18823:18879 [1] NCCL INFO Channel 00 : 29[3000] -> 30[82000] via direct shared memory
c198-061:21836:21893 [1] NCCL INFO Channel 01 : 45[3000] -> 46[82000] via direct shared memory
c199-012:19404:19462 [1] NCCL INFO Channel 00 : 61[3000] -> 62[82000] via direct shared memory
c198-012:22569:22627 [1] NCCL INFO Channel 00 : 9[3000] -> 10[82000] via direct shared memory
c198-042:20760:20818 [1] NCCL INFO Channel 00 : 33[3000] -> 34[82000] via direct shared memory
c198-032:29694:29747 [2] NCCL INFO Channel 01 : 26[82000] -> 27[83000] via direct shared memory
c198-011:24742:24794 [1] NCCL INFO Channel 01 : 5[3000] -> 6[82000] via direct shared memory
c198-021:3456:3515 [1] NCCL INFO Channel 00 : 13[3000] -> 14[82000] via direct shared memory
c198-071:19687:19745 [1] NCCL INFO Channel 01 : 53[3000] -> 54[82000] via direct shared memory
c198-022:13341:13399 [1] NCCL INFO Channel 00 : 17[3000] -> 18[82000] via direct shared memory
c198-072:13419:13476 [2] NCCL INFO Channel 00 : 58[82000] -> 59[83000] via direct shared memory
c198-052:29580:29633 [1] NCCL INFO Channel 00 : 41[3000] -> 42[82000] via direct shared memory
c198-031:3921:3975 [2] NCCL INFO Channel 01 : 22[82000] -> 23[83000] via direct shared memory
c198-041:18824:18876 [2] NCCL INFO Channel 01 : 30[82000] -> 31[83000] via direct shared memory
c199-012:19405:19458 [2] NCCL INFO Channel 01 : 62[82000] -> 63[83000] via direct shared memory
c198-012:22570:22622 [2] NCCL INFO Channel 01 : 10[82000] -> 11[83000] via direct shared memory
c198-042:20760:20818 [1] NCCL INFO Channel 01 : 33[3000] -> 34[82000] via direct shared memory
c198-032:29693:29751 [1] NCCL INFO Channel 01 : 25[3000] -> 26[82000] via direct shared memory
c198-062:8429:8481 [1] NCCL INFO Channel 00 : 49[3000] -> 50[82000] via direct shared memory
c198-021:3456:3515 [1] NCCL INFO Channel 01 : 13[3000] -> 14[82000] via direct shared memory
c198-022:13341:13399 [1] NCCL INFO Channel 01 : 17[3000] -> 18[82000] via direct shared memory
c198-072:13418:13472 [1] NCCL INFO Channel 00 : 57[3000] -> 58[82000] via direct shared memory
c198-052:29580:29633 [1] NCCL INFO Channel 01 : 41[3000] -> 42[82000] via direct shared memory
c198-031:3920:3978 [1] NCCL INFO Channel 01 : 21[3000] -> 22[82000] via direct shared memory
c198-041:18823:18879 [1] NCCL INFO Channel 01 : 29[3000] -> 30[82000] via direct shared memory
c199-012:19404:19462 [1] NCCL INFO Channel 01 : 61[3000] -> 62[82000] via direct shared memory
c198-012:22569:22627 [1] NCCL INFO Channel 01 : 9[3000] -> 10[82000] via direct shared memory
c198-062:8429:8481 [1] NCCL INFO Channel 01 : 49[3000] -> 50[82000] via direct shared memory
c198-072:13419:13476 [2] NCCL INFO Channel 01 : 58[82000] -> 59[83000] via direct shared memory
c197-112:26273:26329 [2] NCCL INFO Channel 00 : 2[82000] -> 3[83000] via direct shared memory
c198-062:8430:8485 [2] NCCL INFO Channel 00 : 50[82000] -> 51[83000] via direct shared memory
c198-072:13418:13472 [1] NCCL INFO Channel 01 : 57[3000] -> 58[82000] via direct shared memory
c197-112:26272:26331 [1] NCCL INFO Channel 00 : 1[3000] -> 2[82000] via direct shared memory
c198-062:8430:8485 [2] NCCL INFO Channel 01 : 50[82000] -> 51[83000] via direct shared memory
c197-112:26273:26329 [2] NCCL INFO Channel 01 : 2[82000] -> 3[83000] via direct shared memory
c197-112:26272:26331 [1] NCCL INFO Channel 01 : 1[3000] -> 2[82000] via direct shared memory
c198-022:13343:13396 [3] NCCL INFO Channel 00/0 : 19[83000] -> 20[2000] [send] via NET/IB/0
c198-051:31221:31273 [3] NCCL INFO Channel 00/0 : 39[83000] -> 40[2000] [send] via NET/IB/0
c198-071:19689:19747 [3] NCCL INFO Channel 00/0 : 55[83000] -> 56[2000] [send] via NET/IB/0
c198-061:21838:21891 [3] NCCL INFO Channel 00/0 : 47[83000] -> 48[2000] [send] via NET/IB/0
c198-021:3458:3511 [3] NCCL INFO Channel 00/0 : 15[83000] -> 16[2000] [send] via NET/IB/0
c198-011:24744:24799 [3] NCCL INFO Channel 00/0 : 7[83000] -> 8[2000] [send] via NET/IB/0
c198-042:20762:20814 [3] NCCL INFO Channel 00/0 : 35[83000] -> 36[2000] [send] via NET/IB/0
c198-012:22571:22623 [3] NCCL INFO Channel 00/0 : 11[83000] -> 12[2000] [send] via NET/IB/0
c199-012:19406:19456 [3] NCCL INFO Channel 00/0 : 63[83000] -> 0[2000] [send] via NET/IB/0
c198-052:29582:29638 [3] NCCL INFO Channel 00/0 : 43[83000] -> 44[2000] [send] via NET/IB/0
c198-032:29695:29746 [3] NCCL INFO Channel 00/0 : 27[83000] -> 28[2000] [send] via NET/IB/0
c198-072:13420:13477 [3] NCCL INFO Channel 00/0 : 59[83000] -> 60[2000] [send] via NET/IB/0
c198-031:3922:3973 [3] NCCL INFO Channel 00/0 : 23[83000] -> 24[2000] [send] via NET/IB/0
c198-041:18825:18877 [3] NCCL INFO Channel 00/0 : 31[83000] -> 32[2000] [send] via NET/IB/0
c197-112:26274:26327 [3] NCCL INFO Channel 00/0 : 3[83000] -> 4[2000] [send] via NET/IB/0
c198-062:8431:8484 [3] NCCL INFO Channel 00/0 : 51[83000] -> 52[2000] [send] via NET/IB/0
c198-032:29692:29749 [0] NCCL INFO Channel 01/0 : 23[83000] -> 24[2000] [receive] via NET/IB/0
c198-022:13340:13400 [0] NCCL INFO Channel 01/0 : 15[83000] -> 16[2000] [receive] via NET/IB/0
c198-011:24741:24800 [0] NCCL INFO Channel 01/0 : 3[83000] -> 4[2000] [receive] via NET/IB/0
c198-062:8428:8487 [0] NCCL INFO Channel 01/0 : 47[83000] -> 48[2000] [receive] via NET/IB/0
c198-032:29692:29749 [0] NCCL INFO Channel 00 : 24[2000] -> 25[3000] via direct shared memory
c198-022:13340:13400 [0] NCCL INFO Channel 00 : 16[2000] -> 17[3000] via direct shared memory
c198-052:29579:29637 [0] NCCL INFO Channel 01/0 : 39[83000] -> 40[2000] [receive] via NET/IB/0
c197-112:26271:26322 [0] NCCL INFO Channel 01/0 : 63[83000] -> 0[2000] [receive] via NET/IB/0
c198-032:29692:29749 [0] NCCL INFO Channel 01 : 24[2000] -> 25[3000] via direct shared memory
c198-062:8428:8487 [0] NCCL INFO Channel 00 : 48[2000] -> 49[3000] via direct shared memory
c198-011:24741:24800 [0] NCCL INFO Channel 00 : 4[2000] -> 5[3000] via direct shared memory
c198-022:13340:13400 [0] NCCL INFO Channel 01 : 16[2000] -> 17[3000] via direct shared memory
c198-052:29579:29637 [0] NCCL INFO Channel 00 : 40[2000] -> 41[3000] via direct shared memory
c198-031:3919:3977 [0] NCCL INFO Channel 01/0 : 19[83000] -> 20[2000] [receive] via NET/IB/0
c198-011:24741:24800 [0] NCCL INFO Channel 01 : 4[2000] -> 5[3000] via direct shared memory
c198-052:29579:29637 [0] NCCL INFO Channel 01 : 40[2000] -> 41[3000] via direct shared memory
c197-112:26271:26322 [0] NCCL INFO Channel 00 : 0[2000] -> 1[3000] via direct shared memory
c198-041:18822:18881 [0] NCCL INFO Channel 01/0 : 27[83000] -> 28[2000] [receive] via NET/IB/0
c198-062:8428:8487 [0] NCCL INFO Channel 01 : 48[2000] -> 49[3000] via direct shared memory
c198-021:3455:3513 [0] NCCL INFO Channel 01/0 : 11[83000] -> 12[2000] [receive] via NET/IB/0
c198-071:19686:19741 [0] NCCL INFO Channel 01/0 : 51[83000] -> 52[2000] [receive] via NET/IB/0
c197-112:26271:26322 [0] NCCL INFO Channel 01 : 0[2000] -> 1[3000] via direct shared memory
c198-061:21835:21895 [0] NCCL INFO Channel 01/0 : 43[83000] -> 44[2000] [receive] via NET/IB/0
c199-012:19403:19461 [0] NCCL INFO Channel 01/0 : 59[83000] -> 60[2000] [receive] via NET/IB/0
c198-012:22568:22625 [0] NCCL INFO Channel 01/0 : 7[83000] -> 8[2000] [receive] via NET/IB/0
c198-031:3919:3977 [0] NCCL INFO Channel 00 : 20[2000] -> 21[3000] via direct shared memory
c198-041:18822:18881 [0] NCCL INFO Channel 00 : 28[2000] -> 29[3000] via direct shared memory
c198-021:3455:3513 [0] NCCL INFO Channel 00 : 12[2000] -> 13[3000] via direct shared memory
c199-012:19403:19461 [0] NCCL INFO Channel 00 : 60[2000] -> 61[3000] via direct shared memory
c198-051:31218:31277 [0] NCCL INFO Channel 01/0 : 35[83000] -> 36[2000] [receive] via NET/IB/0
c198-071:19686:19741 [0] NCCL INFO Channel 00 : 52[2000] -> 53[3000] via direct shared memory
c198-031:3919:3977 [0] NCCL INFO Channel 01 : 20[2000] -> 21[3000] via direct shared memory
c198-041:18822:18881 [0] NCCL INFO Channel 01 : 28[2000] -> 29[3000] via direct shared memory
c198-061:21835:21895 [0] NCCL INFO Channel 00 : 44[2000] -> 45[3000] via direct shared memory
c198-012:22568:22625 [0] NCCL INFO Channel 00 : 8[2000] -> 9[3000] via direct shared memory
c198-042:20759:20816 [0] NCCL INFO Channel 01/0 : 31[83000] -> 32[2000] [receive] via NET/IB/0
c198-021:3455:3513 [0] NCCL INFO Channel 01 : 12[2000] -> 13[3000] via direct shared memory
c198-061:21835:21895 [0] NCCL INFO Channel 01 : 44[2000] -> 45[3000] via direct shared memory
c199-012:19403:19461 [0] NCCL INFO Channel 01 : 60[2000] -> 61[3000] via direct shared memory
c198-071:19686:19741 [0] NCCL INFO Channel 01 : 52[2000] -> 53[3000] via direct shared memory
c198-012:22568:22625 [0] NCCL INFO Channel 01 : 8[2000] -> 9[3000] via direct shared memory
c198-051:31218:31277 [0] NCCL INFO Channel 00 : 36[2000] -> 37[3000] via direct shared memory
