c198-051:25475:25527 [2] NCCL INFO MSCCL: Parsing algorithm /home1/09168/ldai1/ccl-build/msccl_tools_lyd/examples/xml/xml_lyd/binary_tree/allreduce_binary_tree_2ch_2tree_4chunk_8node_32gpu.xml
c198-052:23434:23490 [0] NCCL INFO Parsed MSCCL Algorithm /home1/09168/ldai1/ccl-build/msccl_tools_lyd/examples/xml/xml_lyd/binary_tree/allreduce_binary_tree_2ch_2tree_4chunk_8node_32gpu.xml successfully.
c198-052:23434:23490 [0] NCCL INFO Channel 02 : 12[2000] -> 13[3000] via direct shared memory
c198-052:23434:23490 [0] NCCL INFO Channel 03 : 12[2000] -> 13[3000] via direct shared memory
c198-072:26773:26834 [0] NCCL INFO Parsed MSCCL Algorithm /home1/09168/ldai1/ccl-build/msccl_tools_lyd/examples/xml/xml_lyd/binary_tree/allreduce_binary_tree_2ch_2tree_4chunk_8node_32gpu.xml successfully.
c198-052:23435:23492 [1] NCCL INFO Parsed MSCCL Algorithm /home1/09168/ldai1/ccl-build/msccl_tools_lyd/examples/xml/xml_lyd/binary_tree/allreduce_binary_tree_2ch_2tree_4chunk_8node_32gpu.xml successfully.
c198-061:16004:16061 [0] NCCL INFO Parsed MSCCL Algorithm /home1/09168/ldai1/ccl-build/msccl_tools_lyd/examples/xml/xml_lyd/binary_tree/allreduce_binary_tree_2ch_2tree_4chunk_8node_32gpu.xml successfully.
c198-072:26773:26834 [0] NCCL INFO Channel 02 : 28[2000] -> 29[3000] via direct shared memory
c198-072:26773:26834 [0] NCCL INFO Channel 03 : 28[2000] -> 29[3000] via direct shared memory
c198-061:16004:16061 [0] NCCL INFO Channel 02 : 16[2000] -> 17[3000] via direct shared memory
c198-061:16004:16061 [0] NCCL INFO Channel 03 : 16[2000] -> 17[3000] via direct shared memory
c198-072:26774:26832 [1] NCCL INFO Parsed MSCCL Algorithm /home1/09168/ldai1/ccl-build/msccl_tools_lyd/examples/xml/xml_lyd/binary_tree/allreduce_binary_tree_2ch_2tree_4chunk_8node_32gpu.xml successfully.
c198-061:16005:16063 [1] NCCL INFO Parsed MSCCL Algorithm /home1/09168/ldai1/ccl-build/msccl_tools_lyd/examples/xml/xml_lyd/binary_tree/allreduce_binary_tree_2ch_2tree_4chunk_8node_32gpu.xml successfully.
c198-051:25475:25527 [2] NCCL INFO Parsed MSCCL Algorithm /home1/09168/ldai1/ccl-build/msccl_tools_lyd/examples/xml/xml_lyd/binary_tree/allreduce_binary_tree_2ch_2tree_4chunk_8node_32gpu.xml successfully.
c198-052:23435:23492 [1] NCCL INFO Channel 02 : 13[3000] -> 14[82000] via direct shared memory
c198-052:23435:23492 [1] NCCL INFO Channel 03 : 13[3000] -> 14[82000] via direct shared memory
c198-071:751:814 [0] NCCL INFO Channel 01/0 : 24[2000] -> 21[3000] [send] via NET/IB/0
c196-051:14595:14655 [0] NCCL INFO Channel 01/0 : 4[2000] -> 0[2000] [send] via NET/IB/0
c198-072:26776:26830 [3] NCCL INFO Channel 03/0 : 31[83000] -> 15[83000] [send] via NET/IB/0
c198-051:25473:25531 [0] NCCL INFO Channel 01/0 : 8[2000] -> 5[3000] [send] via NET/IB/0
c198-052:23434:23490 [0] NCCL INFO Channel 02/0 : 4[2000] -> 12[2000] [receive] via NET/IB/0
c198-072:26774:26832 [1] NCCL INFO Channel 02 : 29[3000] -> 30[82000] via direct shared memory
c198-072:26774:26832 [1] NCCL INFO Channel 03 : 29[3000] -> 30[82000] via direct shared memory
c198-052:23435:23492 [1] NCCL INFO Channel 02/0 : 13[3000] -> 20[2000] [send] via NET/IB/0
c198-061:16005:16063 [1] NCCL INFO Channel 02 : 17[3000] -> 18[82000] via direct shared memory
c198-061:16005:16063 [1] NCCL INFO Channel 03 : 17[3000] -> 18[82000] via direct shared memory
c198-051:25475:25527 [2] NCCL INFO Channel 02 : 10[82000] -> 11[83000] via direct shared memory
c198-051:25475:25527 [2] NCCL INFO Channel 03 : 10[82000] -> 11[83000] via direct shared memory
c198-051:25476:25528 [3] NCCL INFO Channel 01/0 : 11[83000] -> 15[83000] [send] via NET/IB/0
c198-072:26773:26834 [0] NCCL INFO Channel 02/0 : 12[2000] -> 28[2000] [receive] via NET/IB/0
c198-052:23436:23489 [2] NCCL INFO Channel 03/0 : 14[82000] -> 23[83000] [send] via NET/IB/0
c198-061:16004:16061 [0] NCCL INFO Channel 02/0 : 16[2000] -> 20[2000] [send] via NET/IB/0
c198-061:16006:16058 [2] NCCL INFO Channel 01/0 : 11[83000] -> 18[82000] [receive] via NET/IB/0
c198-071:751:814 [0] NCCL INFO Connected all trees
c198-071:751:814 [0] NCCL INFO MSCCL_XML_FILES set by environment to /home1/09168/ldai1/ccl-build/msccl_tools_lyd/examples/xml/xml_lyd/binary_tree/allreduce_binary_tree_2ch_2tree_4chunk_8node_32gpu.xml
c198-071:751:814 [0] NCCL INFO MSCCL: Parsing algorithm /home1/09168/ldai1/ccl-build/msccl_tools_lyd/examples/xml/xml_lyd/binary_tree/allreduce_binary_tree_2ch_2tree_4chunk_8node_32gpu.xml
c198-072:26774:26832 [1] NCCL INFO Channel 02 : 29[3000] -> 28[2000] via direct shared memory
c198-072:26775:26829 [2] NCCL INFO Channel 02 : 30[82000] -> 29[3000] via direct shared memory
c198-072:26774:26832 [1] NCCL INFO Channel 03 : 29[3000] -> 28[2000] via direct shared memory
c198-072:26775:26829 [2] NCCL INFO Channel 03 : 30[82000] -> 29[3000] via direct shared memory
c198-061:16005:16063 [1] NCCL INFO Channel 02 : 17[3000] -> 16[2000] via direct shared memory
c198-061:16005:16063 [1] NCCL INFO Channel 03 : 17[3000] -> 16[2000] via direct shared memory
c198-062:2278:2334 [1] NCCL INFO Channel 00 : 21[3000] -> 20[2000] via direct shared memory
c198-062:2278:2334 [1] NCCL INFO Channel 01 : 21[3000] -> 20[2000] via direct shared memory
c198-062:2277:2337 [0] NCCL INFO Connected all trees
c198-062:2277:2337 [0] NCCL INFO MSCCL_XML_FILES set by environment to /home1/09168/ldai1/ccl-build/msccl_tools_lyd/examples/xml/xml_lyd/binary_tree/allreduce_binary_tree_2ch_2tree_4chunk_8node_32gpu.xml
c198-062:2277:2337 [0] NCCL INFO MSCCL: Parsing algorithm /home1/09168/ldai1/ccl-build/msccl_tools_lyd/examples/xml/xml_lyd/binary_tree/allreduce_binary_tree_2ch_2tree_4chunk_8node_32gpu.xml
c198-071:752:812 [1] NCCL INFO Connected all trees
c198-071:752:812 [1] NCCL INFO MSCCL_XML_FILES set by environment to /home1/09168/ldai1/ccl-build/msccl_tools_lyd/examples/xml/xml_lyd/binary_tree/allreduce_binary_tree_2ch_2tree_4chunk_8node_32gpu.xml
c198-071:752:812 [1] NCCL INFO MSCCL: Parsing algorithm /home1/09168/ldai1/ccl-build/msccl_tools_lyd/examples/xml/xml_lyd/binary_tree/allreduce_binary_tree_2ch_2tree_4chunk_8node_32gpu.xml
c198-051:25473:25531 [0] NCCL INFO Connected all trees
c198-051:25473:25531 [0] NCCL INFO MSCCL_XML_FILES set by environment to /home1/09168/ldai1/ccl-build/msccl_tools_lyd/examples/xml/xml_lyd/binary_tree/allreduce_binary_tree_2ch_2tree_4chunk_8node_32gpu.xml
c198-051:25473:25531 [0] NCCL INFO MSCCL: Parsing algorithm /home1/09168/ldai1/ccl-build/msccl_tools_lyd/examples/xml/xml_lyd/binary_tree/allreduce_binary_tree_2ch_2tree_4chunk_8node_32gpu.xml
c196-042:30004:30056 [0] NCCL INFO Connected all trees
c196-042:30004:30056 [0] NCCL INFO MSCCL_XML_FILES set by environment to /home1/09168/ldai1/ccl-build/msccl_tools_lyd/examples/xml/xml_lyd/binary_tree/allreduce_binary_tree_2ch_2tree_4chunk_8node_32gpu.xml
c196-042:30004:30056 [0] NCCL INFO MSCCL: Parsing algorithm /home1/09168/ldai1/ccl-build/msccl_tools_lyd/examples/xml/xml_lyd/binary_tree/allreduce_binary_tree_2ch_2tree_4chunk_8node_32gpu.xml
c198-062:2278:2334 [1] NCCL INFO Connected all trees
c198-062:2278:2334 [1] NCCL INFO MSCCL_XML_FILES set by environment to /home1/09168/ldai1/ccl-build/msccl_tools_lyd/examples/xml/xml_lyd/binary_tree/allreduce_binary_tree_2ch_2tree_4chunk_8node_32gpu.xml
c198-062:2278:2334 [1] NCCL INFO MSCCL: Parsing algorithm /home1/09168/ldai1/ccl-build/msccl_tools_lyd/examples/xml/xml_lyd/binary_tree/allreduce_binary_tree_2ch_2tree_4chunk_8node_32gpu.xml
c198-062:2279:2332 [2] NCCL INFO Connected all trees
c198-051:25474:25532 [1] NCCL INFO Connected all trees
c198-051:25474:25532 [1] NCCL INFO MSCCL_XML_FILES set by environment to /home1/09168/ldai1/ccl-build/msccl_tools_lyd/examples/xml/xml_lyd/binary_tree/allreduce_binary_tree_2ch_2tree_4chunk_8node_32gpu.xml
c198-062:2279:2332 [2] NCCL INFO MSCCL_XML_FILES set by environment to /home1/09168/ldai1/ccl-build/msccl_tools_lyd/examples/xml/xml_lyd/binary_tree/allreduce_binary_tree_2ch_2tree_4chunk_8node_32gpu.xml
c198-051:25474:25532 [1] NCCL INFO MSCCL: Parsing algorithm /home1/09168/ldai1/ccl-build/msccl_tools_lyd/examples/xml/xml_lyd/binary_tree/allreduce_binary_tree_2ch_2tree_4chunk_8node_32gpu.xml
c198-062:2279:2332 [2] NCCL INFO MSCCL: Parsing algorithm /home1/09168/ldai1/ccl-build/msccl_tools_lyd/examples/xml/xml_lyd/binary_tree/allreduce_binary_tree_2ch_2tree_4chunk_8node_32gpu.xml
c196-042:30005:30067 [1] NCCL INFO Connected all trees
c196-042:30005:30067 [1] NCCL INFO MSCCL_XML_FILES set by environment to /home1/09168/ldai1/ccl-build/msccl_tools_lyd/examples/xml/xml_lyd/binary_tree/allreduce_binary_tree_2ch_2tree_4chunk_8node_32gpu.xml
c196-042:30005:30067 [1] NCCL INFO MSCCL: Parsing algorithm /home1/09168/ldai1/ccl-build/msccl_tools_lyd/examples/xml/xml_lyd/binary_tree/allreduce_binary_tree_2ch_2tree_4chunk_8node_32gpu.xml
c196-051:14596:14654 [1] NCCL INFO Channel 00 : 5[3000] -> 4[2000] via direct shared memory
c196-051:14596:14654 [1] NCCL INFO Channel 01 : 5[3000] -> 4[2000] via direct shared memory
c196-051:14595:14655 [0] NCCL INFO Connected all trees
c196-051:14595:14655 [0] NCCL INFO MSCCL_XML_FILES set by environment to /home1/09168/ldai1/ccl-build/msccl_tools_lyd/examples/xml/xml_lyd/binary_tree/allreduce_binary_tree_2ch_2tree_4chunk_8node_32gpu.xml
c196-051:14595:14655 [0] NCCL INFO MSCCL: Parsing algorithm /home1/09168/ldai1/ccl-build/msccl_tools_lyd/examples/xml/xml_lyd/binary_tree/allreduce_binary_tree_2ch_2tree_4chunk_8node_32gpu.xml
c198-071:751:814 [0] NCCL INFO Parsed MSCCL Algorithm /home1/09168/ldai1/ccl-build/msccl_tools_lyd/examples/xml/xml_lyd/binary_tree/allreduce_binary_tree_2ch_2tree_4chunk_8node_32gpu.xml successfully.
c198-071:751:814 [0] NCCL INFO Channel 02 : 24[2000] -> 25[3000] via direct shared memory
c198-071:751:814 [0] NCCL INFO Channel 03 : 24[2000] -> 25[3000] via direct shared memory
c198-071:752:812 [1] NCCL INFO Parsed MSCCL Algorithm /home1/09168/ldai1/ccl-build/msccl_tools_lyd/examples/xml/xml_lyd/binary_tree/allreduce_binary_tree_2ch_2tree_4chunk_8node_32gpu.xml successfully.
c198-062:2277:2337 [0] NCCL INFO Parsed MSCCL Algorithm /home1/09168/ldai1/ccl-build/msccl_tools_lyd/examples/xml/xml_lyd/binary_tree/allreduce_binary_tree_2ch_2tree_4chunk_8node_32gpu.xml successfully.
c196-051:14596:14654 [1] NCCL INFO Connected all trees
c196-051:14596:14654 [1] NCCL INFO MSCCL_XML_FILES set by environment to /home1/09168/ldai1/ccl-build/msccl_tools_lyd/examples/xml/xml_lyd/binary_tree/allreduce_binary_tree_2ch_2tree_4chunk_8node_32gpu.xml
c196-051:14596:14654 [1] NCCL INFO MSCCL: Parsing algorithm /home1/09168/ldai1/ccl-build/msccl_tools_lyd/examples/xml/xml_lyd/binary_tree/allreduce_binary_tree_2ch_2tree_4chunk_8node_32gpu.xml
c196-051:14597:14649 [2] NCCL INFO Connected all trees
c196-051:14597:14649 [2] NCCL INFO MSCCL_XML_FILES set by environment to /home1/09168/ldai1/ccl-build/msccl_tools_lyd/examples/xml/xml_lyd/binary_tree/allreduce_binary_tree_2ch_2tree_4chunk_8node_32gpu.xml
c196-051:14597:14649 [2] NCCL INFO MSCCL: Parsing algorithm /home1/09168/ldai1/ccl-build/msccl_tools_lyd/examples/xml/xml_lyd/binary_tree/allreduce_binary_tree_2ch_2tree_4chunk_8node_32gpu.xml
c198-062:2277:2337 [0] NCCL INFO Channel 02 : 20[2000] -> 21[3000] via direct shared memory
c198-051:25473:25531 [0] NCCL INFO Parsed MSCCL Algorithm /home1/09168/ldai1/ccl-build/msccl_tools_lyd/examples/xml/xml_lyd/binary_tree/allreduce_binary_tree_2ch_2tree_4chunk_8node_32gpu.xml successfully.
c198-062:2277:2337 [0] NCCL INFO Channel 03 : 20[2000] -> 21[3000] via direct shared memory
c198-062:2278:2334 [1] NCCL INFO Parsed MSCCL Algorithm /home1/09168/ldai1/ccl-build/msccl_tools_lyd/examples/xml/xml_lyd/binary_tree/allreduce_binary_tree_2ch_2tree_4chunk_8node_32gpu.xml successfully.
c196-042:30004:30056 [0] NCCL INFO Parsed MSCCL Algorithm /home1/09168/ldai1/ccl-build/msccl_tools_lyd/examples/xml/xml_lyd/binary_tree/allreduce_binary_tree_2ch_2tree_4chunk_8node_32gpu.xml successfully.
c198-051:25473:25531 [0] NCCL INFO Channel 02 : 8[2000] -> 9[3000] via direct shared memory
c198-051:25473:25531 [0] NCCL INFO Channel 03 : 8[2000] -> 9[3000] via direct shared memory
c198-062:2279:2332 [2] NCCL INFO Parsed MSCCL Algorithm /home1/09168/ldai1/ccl-build/msccl_tools_lyd/examples/xml/xml_lyd/binary_tree/allreduce_binary_tree_2ch_2tree_4chunk_8node_32gpu.xml successfully.
c198-051:25474:25532 [1] NCCL INFO Parsed MSCCL Algorithm /home1/09168/ldai1/ccl-build/msccl_tools_lyd/examples/xml/xml_lyd/binary_tree/allreduce_binary_tree_2ch_2tree_4chunk_8node_32gpu.xml successfully.
c196-042:30004:30056 [0] NCCL INFO Channel 02 : 0[2000] -> 1[3000] via direct shared memory
c196-042:30004:30056 [0] NCCL INFO Channel 03 : 0[2000] -> 1[3000] via direct shared memory
c196-051:14595:14655 [0] NCCL INFO Parsed MSCCL Algorithm /home1/09168/ldai1/ccl-build/msccl_tools_lyd/examples/xml/xml_lyd/binary_tree/allreduce_binary_tree_2ch_2tree_4chunk_8node_32gpu.xml successfully.
c196-042:30005:30067 [1] NCCL INFO Parsed MSCCL Algorithm /home1/09168/ldai1/ccl-build/msccl_tools_lyd/examples/xml/xml_lyd/binary_tree/allreduce_binary_tree_2ch_2tree_4chunk_8node_32gpu.xml successfully.
c196-051:14595:14655 [0] NCCL INFO Channel 02 : 4[2000] -> 5[3000] via direct shared memory
c196-051:14595:14655 [0] NCCL INFO Channel 03 : 4[2000] -> 5[3000] via direct shared memory
c196-051:14596:14654 [1] NCCL INFO Parsed MSCCL Algorithm /home1/09168/ldai1/ccl-build/msccl_tools_lyd/examples/xml/xml_lyd/binary_tree/allreduce_binary_tree_2ch_2tree_4chunk_8node_32gpu.xml successfully.
c196-051:14597:14649 [2] NCCL INFO Parsed MSCCL Algorithm /home1/09168/ldai1/ccl-build/msccl_tools_lyd/examples/xml/xml_lyd/binary_tree/allreduce_binary_tree_2ch_2tree_4chunk_8node_32gpu.xml successfully.
c198-072:26773:26834 [0] NCCL INFO Channel 02/0 : 28[2000] -> 12[2000] [send] via NET/IB/0
c198-071:752:812 [1] NCCL INFO Channel 02 : 25[3000] -> 26[82000] via direct shared memory
c198-071:752:812 [1] NCCL INFO Channel 03 : 25[3000] -> 26[82000] via direct shared memory
c198-062:2278:2334 [1] NCCL INFO Channel 02 : 21[3000] -> 22[82000] via direct shared memory
c198-062:2278:2334 [1] NCCL INFO Channel 03 : 21[3000] -> 22[82000] via direct shared memory
c198-071:751:814 [0] NCCL INFO Channel 02/0 : 21[3000] -> 24[2000] [receive] via NET/IB/0
c198-062:2279:2332 [2] NCCL INFO Channel 02 : 22[82000] -> 23[83000] via direct shared memory
c198-062:2279:2332 [2] NCCL INFO Channel 03 : 22[82000] -> 23[83000] via direct shared memory
c198-062:2277:2337 [0] NCCL INFO Channel 02/0 : 16[2000] -> 20[2000] [receive] via NET/IB/0
c198-062:2280:2338 [3] NCCL INFO Channel 01/0 : 23[83000] -> 26[82000] [send] via NET/IB/0
c198-051:25476:25528 [3] NCCL INFO Channel 03/0 : 6[82000] -> 11[83000] [receive] via NET/IB/0
c198-051:25474:25532 [1] NCCL INFO Channel 02 : 9[3000] -> 10[82000] via direct shared memory
c198-052:23437:23493 [3] NCCL INFO Channel 03/0 : 7[83000] -> 15[83000] [receive] via NET/IB/0
c198-051:25474:25532 [1] NCCL INFO Channel 03 : 9[3000] -> 10[82000] via direct shared memory
c198-071:753:808 [2] NCCL INFO Channel 01/0 : 23[83000] -> 26[82000] [receive] via NET/IB/0
c196-042:30005:30067 [1] NCCL INFO Channel 02 : 1[3000] -> 2[82000] via direct shared memory
c196-042:30005:30067 [1] NCCL INFO Channel 03 : 1[3000] -> 2[82000] via direct shared memory
c198-062:2278:2334 [1] NCCL INFO Channel 02/0 : 21[3000] -> 24[2000] [send] via NET/IB/0
c198-051:25473:25531 [0] NCCL INFO Channel 02/0 : 5[3000] -> 8[2000] [receive] via NET/IB/0
c196-051:14596:14654 [1] NCCL INFO Channel 02 : 5[3000] -> 6[82000] via direct shared memory
c196-051:14596:14654 [1] NCCL INFO Channel 03 : 5[3000] -> 6[82000] via direct shared memory
c196-051:14597:14649 [2] NCCL INFO Channel 02 : 6[82000] -> 7[83000] via direct shared memory
c196-051:14597:14649 [2] NCCL INFO Channel 03 : 6[82000] -> 7[83000] via direct shared memory
c196-051:14598:14652 [3] NCCL INFO Channel 01/0 : 7[83000] -> 10[82000] [send] via NET/IB/0
c198-062:2279:2332 [2] NCCL INFO Channel 03/0 : 22[82000] -> 27[83000] [send] via NET/IB/0
c198-051:25475:25527 [2] NCCL INFO Channel 01/0 : 7[83000] -> 10[82000] [receive] via NET/IB/0
c196-051:14595:14655 [0] NCCL INFO Channel 02/0 : 0[2000] -> 4[2000] [receive] via NET/IB/0
c196-051:14596:14654 [1] NCCL INFO Channel 02/0 : 5[3000] -> 8[2000] [send] via NET/IB/0
c196-051:14597:14649 [2] NCCL INFO Channel 03/0 : 6[82000] -> 11[83000] [send] via NET/IB/0
c198-071:752:812 [1] NCCL INFO Channel 02 : 25[3000] -> 24[2000] via direct shared memory
c198-071:752:812 [1] NCCL INFO Channel 03 : 25[3000] -> 24[2000] via direct shared memory
c198-051:25474:25532 [1] NCCL INFO Channel 02 : 9[3000] -> 8[2000] via direct shared memory
c198-051:25474:25532 [1] NCCL INFO Channel 03 : 9[3000] -> 8[2000] via direct shared memory
c196-042:30005:30067 [1] NCCL INFO Channel 02 : 1[3000] -> 0[2000] via direct shared memory
c196-042:30006:30062 [2] NCCL INFO Channel 02 : 2[82000] -> 1[3000] via direct shared memory
c196-042:30005:30067 [1] NCCL INFO Channel 03 : 1[3000] -> 0[2000] via direct shared memory
c196-042:30006:30062 [2] NCCL INFO Channel 03 : 2[82000] -> 1[3000] via direct shared memory
c196-042:30004:30056 [0] NCCL INFO Channel 02/0 : 0[2000] -> 4[2000] [send] via NET/IB/0
c198-061:16004:16061 [0] NCCL INFO Channel 02/0 : 20[2000] -> 16[2000] [receive] via NET/IB/0
c198-062:2280:2338 [3] NCCL INFO Channel 03/0 : 19[83000] -> 23[83000] [receive] via NET/IB/0
c198-062:2277:2337 [0] NCCL INFO Channel 02/0 : 13[3000] -> 20[2000] [receive] via NET/IB/0
c198-071:753:808 [2] NCCL INFO Channel 01/0 : 26[82000] -> 23[83000] [send] via NET/IB/0
c198-062:2278:2334 [1] NCCL INFO Channel 02/0 : 24[2000] -> 21[3000] [receive] via NET/IB/0
c198-071:751:814 [0] NCCL INFO Channel 02/0 : 24[2000] -> 21[3000] [send] via NET/IB/0
c198-062:2279:2332 [2] NCCL INFO Channel 03/0 : 27[83000] -> 22[82000] [receive] via NET/IB/0
c198-071:754:810 [3] NCCL INFO Channel 01/0 : 19[83000] -> 27[83000] [receive] via NET/IB/0
c196-051:14598:14652 [3] NCCL INFO Channel 03/0 : 3[83000] -> 7[83000] [receive] via NET/IB/0
c198-051:25473:25531 [0] NCCL INFO Channel 02/0 : 8[2000] -> 5[3000] [send] via NET/IB/0
c198-051:25475:25527 [2] NCCL INFO Channel 01/0 : 10[82000] -> 7[83000] [send] via NET/IB/0
c196-051:14596:14654 [1] NCCL INFO Channel 02/0 : 8[2000] -> 5[3000] [receive] via NET/IB/0
c196-051:14597:14649 [2] NCCL INFO Channel 03/0 : 11[83000] -> 6[82000] [receive] via NET/IB/0
c198-051:25476:25528 [3] NCCL INFO Channel 01/0 : 11[83000] -> 18[82000] [send] via NET/IB/0
c198-071:751:814 [0] NCCL INFO Connected 1 MSCCL algorithms
c198-071:751:814 [0] NCCL INFO NCCL_PROTO set by environment to Simple
c198-071:751:814 [0] NCCL INFO NCCL_ALGO set by environment to MSCCL,TREE,RING
c198-071:751:814 [0] NCCL INFO threadThresholds 8/8/64 | 256/8/64 | 8/8/64 | 8/8/512
c198-071:751:814 [0] NCCL INFO 4 coll channels, 2 p2p channels, 2 p2p channels per peer
c198-062:2278:2334 [1] NCCL INFO Channel 02 : 21[3000] -> 20[2000] via direct shared memory
c198-062:2278:2334 [1] NCCL INFO Channel 03 : 21[3000] -> 20[2000] via direct shared memory
c198-051:25473:25531 [0] NCCL INFO Connected 1 MSCCL algorithms
c198-051:25473:25531 [0] NCCL INFO NCCL_PROTO set by environment to Simple
c198-051:25473:25531 [0] NCCL INFO NCCL_ALGO set by environment to MSCCL,TREE,RING
c198-051:25473:25531 [0] NCCL INFO threadThresholds 8/8/64 | 256/8/64 | 8/8/64 | 8/8/512
c198-051:25473:25531 [0] NCCL INFO 4 coll channels, 2 p2p channels, 2 p2p channels per peer
c196-051:14596:14654 [1] NCCL INFO Channel 02 : 5[3000] -> 4[2000] via direct shared memory
c196-051:14596:14654 [1] NCCL INFO Channel 03 : 5[3000] -> 4[2000] via direct shared memory
c196-042:30004:30056 [0] NCCL INFO Channel 02/0 : 4[2000] -> 0[2000] [receive] via NET/IB/0
c196-051:14595:14655 [0] NCCL INFO Channel 02/0 : 4[2000] -> 12[2000] [send] via NET/IB/0
c198-052:23435:23492 [1] NCCL INFO Channel 02/0 : 20[2000] -> 13[3000] [receive] via NET/IB/0
c198-061:16007:16059 [3] NCCL INFO Channel 01/0 : 19[83000] -> 27[83000] [send] via NET/IB/0
c198-062:2277:2337 [0] NCCL INFO Channel 02/0 : 20[2000] -> 13[3000] [send] via NET/IB/0
c198-062:2280:2338 [3] NCCL INFO Channel 03/0 : 14[82000] -> 23[83000] [receive] via NET/IB/0
c196-042:30007:30065 [3] NCCL INFO Channel 01/0 : 19[83000] -> 3[83000] [receive] via NET/IB/0
c196-051:14598:14652 [3] NCCL INFO Channel 03/0 : 7[83000] -> 15[83000] [send] via NET/IB/0
c198-051:25476:25528 [3] NCCL INFO Channel 01/0 : 18[82000] -> 11[83000] [receive] via NET/IB/0
c198-061:16006:16058 [2] NCCL INFO Channel 01/0 : 18[82000] -> 11[83000] [send] via NET/IB/0
c198-052:23435:23492 [1] NCCL INFO Channel 02 : 13[3000] -> 12[2000] via direct shared memory
c198-052:23435:23492 [1] NCCL INFO Channel 03 : 13[3000] -> 12[2000] via direct shared memory
c198-061:16006:16058 [2] NCCL INFO Channel 02 : 18[82000] -> 17[3000] via direct shared memory
c198-061:16006:16058 [2] NCCL INFO Channel 03 : 18[82000] -> 17[3000] via direct shared memory
c198-061:16007:16059 [3] NCCL INFO Channel 01/0 : 3[83000] -> 19[83000] [receive] via NET/IB/0
c196-051:14595:14655 [0] NCCL INFO Channel 02/0 : 12[2000] -> 4[2000] [receive] via NET/IB/0
c196-042:30007:30065 [3] NCCL INFO Channel 01/0 : 3[83000] -> 19[83000] [send] via NET/IB/0
c198-071:754:810 [3] NCCL INFO Channel 01/0 : 27[83000] -> 19[83000] [send] via NET/IB/0
c198-052:23434:23490 [0] NCCL INFO Channel 02/0 : 28[2000] -> 12[2000] [receive] via NET/IB/0
c198-062:2277:2337 [0] NCCL INFO Channel 02/0 : 20[2000] -> 16[2000] [send] via NET/IB/0
c198-062:2280:2338 [3] NCCL INFO Channel 03/0 : 23[83000] -> 14[82000] [send] via NET/IB/0
c198-052:23436:23489 [2] NCCL INFO Channel 03/0 : 23[83000] -> 14[82000] [receive] via NET/IB/0
c196-051:14598:14652 [3] NCCL INFO Channel 03/0 : 15[83000] -> 7[83000] [receive] via NET/IB/0
c198-052:23437:23493 [3] NCCL INFO Channel 03/0 : 31[83000] -> 15[83000] [receive] via NET/IB/0
c198-051:25476:25528 [3] NCCL INFO Channel 03/0 : 11[83000] -> 6[82000] [send] via NET/IB/0
c198-062:2277:2337 [0] NCCL INFO Connected 1 MSCCL algorithms
c198-062:2277:2337 [0] NCCL INFO NCCL_PROTO set by environment to Simple
c198-062:2277:2337 [0] NCCL INFO NCCL_ALGO set by environment to MSCCL,TREE,RING
c198-062:2277:2337 [0] NCCL INFO threadThresholds 8/8/64 | 256/8/64 | 8/8/64 | 8/8/512
c198-062:2277:2337 [0] NCCL INFO 4 coll channels, 2 p2p channels, 2 p2p channels per peer
c198-061:16004:16061 [0] NCCL INFO Connected 1 MSCCL algorithms
c198-061:16004:16061 [0] NCCL INFO NCCL_PROTO set by environment to Simple
c198-061:16004:16061 [0] NCCL INFO NCCL_ALGO set by environment to MSCCL,TREE,RING
c198-061:16004:16061 [0] NCCL INFO threadThresholds 8/8/64 | 256/8/64 | 8/8/64 | 8/8/512
c198-061:16004:16061 [0] NCCL INFO 4 coll channels, 2 p2p channels, 2 p2p channels per peer
c198-052:23436:23489 [2] NCCL INFO Channel 02 : 14[82000] -> 13[3000] via direct shared memory
c198-052:23436:23489 [2] NCCL INFO Channel 03 : 14[82000] -> 13[3000] via direct shared memory
c198-061:16005:16063 [1] NCCL INFO Connected 1 MSCCL algorithms
c198-061:16005:16063 [1] NCCL INFO NCCL_PROTO set by environment to Simple
c198-061:16005:16063 [1] NCCL INFO NCCL_ALGO set by environment to MSCCL,TREE,RING
c198-061:16005:16063 [1] NCCL INFO threadThresholds 8/8/64 | 256/8/64 | 8/8/64 | 8/8/512
c198-061:16005:16063 [1] NCCL INFO 4 coll channels, 2 p2p channels, 2 p2p channels per peer
c196-051:14597:14649 [2] NCCL INFO Channel 02 : 6[82000] -> 5[3000] via direct shared memory
c196-051:14597:14649 [2] NCCL INFO Channel 03 : 6[82000] -> 5[3000] via direct shared memory
c198-061:16007:16059 [3] NCCL INFO Channel 01/0 : 19[83000] -> 3[83000] [send] via NET/IB/0
c198-052:23434:23490 [0] NCCL INFO Channel 02/0 : 12[2000] -> 28[2000] [send] via NET/IB/0
c198-052:23437:23493 [3] NCCL INFO Channel 03/0 : 15[83000] -> 31[83000] [send] via NET/IB/0
c198-062:2280:2338 [3] NCCL INFO Channel 03/0 : 23[83000] -> 19[83000] [send] via NET/IB/0
c198-051:25476:25528 [3] NCCL INFO Channel 01/0 : 15[83000] -> 11[83000] [receive] via NET/IB/0
c198-072:26773:26834 [0] NCCL INFO Connected 1 MSCCL algorithms
c198-072:26773:26834 [0] NCCL INFO NCCL_PROTO set by environment to Simple
c198-072:26773:26834 [0] NCCL INFO NCCL_ALGO set by environment to MSCCL,TREE,RING
c198-072:26773:26834 [0] NCCL INFO threadThresholds 8/8/64 | 256/8/64 | 8/8/64 | 8/8/512
c198-072:26773:26834 [0] NCCL INFO 4 coll channels, 2 p2p channels, 2 p2p channels per peer
c198-072:26774:26832 [1] NCCL INFO Connected 1 MSCCL algorithms
c198-072:26774:26832 [1] NCCL INFO NCCL_PROTO set by environment to Simple
c198-072:26774:26832 [1] NCCL INFO NCCL_ALGO set by environment to MSCCL,TREE,RING
c198-072:26774:26832 [1] NCCL INFO threadThresholds 8/8/64 | 256/8/64 | 8/8/64 | 8/8/512
c198-072:26774:26832 [1] NCCL INFO 4 coll channels, 2 p2p channels, 2 p2p channels per peer
c198-061:16007:16059 [3] NCCL INFO Channel 01/0 : 27[83000] -> 19[83000] [receive] via NET/IB/0
c196-042:30007:30065 [3] NCCL INFO Channel 03/0 : 7[83000] -> 3[83000] [receive] via NET/IB/0
c198-052:23434:23490 [0] NCCL INFO Channel 02/0 : 12[2000] -> 4[2000] [send] via NET/IB/0
c198-052:23437:23493 [3] NCCL INFO Channel 03/0 : 15[83000] -> 7[83000] [send] via NET/IB/0
c198-072:26776:26830 [3] NCCL INFO Channel 01/0 : 31[83000] -> 27[83000] [send] via NET/IB/0
c198-052:23434:23490 [0] NCCL INFO Connected 1 MSCCL algorithms
c198-052:23434:23490 [0] NCCL INFO NCCL_PROTO set by environment to Simple
c198-052:23434:23490 [0] NCCL INFO NCCL_ALGO set by environment to MSCCL,TREE,RING
c198-052:23434:23490 [0] NCCL INFO threadThresholds 8/8/64 | 256/8/64 | 8/8/64 | 8/8/512
c198-052:23434:23490 [0] NCCL INFO 4 coll channels, 2 p2p channels, 2 p2p channels per peer
c198-052:23435:23492 [1] NCCL INFO Connected 1 MSCCL algorithms
c198-052:23435:23492 [1] NCCL INFO NCCL_PROTO set by environment to Simple
c198-052:23435:23492 [1] NCCL INFO NCCL_ALGO set by environment to MSCCL,TREE,RING
c198-052:23435:23492 [1] NCCL INFO threadThresholds 8/8/64 | 256/8/64 | 8/8/64 | 8/8/512
c198-052:23435:23492 [1] NCCL INFO 4 coll channels, 2 p2p channels, 2 p2p channels per peer
c198-071:754:810 [3] NCCL INFO Channel 03/0 : 27[83000] -> 22[82000] [send] via NET/IB/0
c198-061:16007:16059 [3] NCCL INFO Channel 03/0 : 23[83000] -> 19[83000] [receive] via NET/IB/0
c196-051:14595:14655 [0] NCCL INFO Channel 02/0 : 4[2000] -> 0[2000] [send] via NET/IB/0
c198-052:23437:23493 [3] NCCL INFO Channel 01/0 : 15[83000] -> 11[83000] [send] via NET/IB/0
c198-061:16007:16059 [3] NCCL INFO Channel 02 : 19[83000] -> 18[82000] via direct shared memory
c198-061:16007:16059 [3] NCCL INFO Channel 03 : 19[83000] -> 18[82000] via direct shared memory
c196-051:14598:14652 [3] NCCL INFO Channel 03/0 : 7[83000] -> 3[83000] [send] via NET/IB/0
c198-061:16007:16059 [3] NCCL INFO Connected 1 MSCCL algorithms
c198-061:16007:16059 [3] NCCL INFO NCCL_PROTO set by environment to Simple
c198-061:16007:16059 [3] NCCL INFO NCCL_ALGO set by environment to MSCCL,TREE,RING
c198-061:16007:16059 [3] NCCL INFO threadThresholds 8/8/64 | 256/8/64 | 8/8/64 | 8/8/512
c198-061:16007:16059 [3] NCCL INFO 4 coll channels, 2 p2p channels, 2 p2p channels per peer
c198-061:16006:16058 [2] NCCL INFO Connected 1 MSCCL algorithms
c198-061:16006:16058 [2] NCCL INFO NCCL_PROTO set by environment to Simple
c198-061:16006:16058 [2] NCCL INFO NCCL_ALGO set by environment to MSCCL,TREE,RING
c198-061:16006:16058 [2] NCCL INFO threadThresholds 8/8/64 | 256/8/64 | 8/8/64 | 8/8/512
c198-061:16006:16058 [2] NCCL INFO 4 coll channels, 2 p2p channels, 2 p2p channels per peer
c198-052:23437:23493 [3] NCCL INFO Channel 02 : 15[83000] -> 14[82000] via direct shared memory
c198-052:23437:23493 [3] NCCL INFO Channel 03 : 15[83000] -> 14[82000] via direct shared memory
c198-051:25476:25528 [3] NCCL INFO Channel 02 : 11[83000] -> 10[82000] via direct shared memory
c198-051:25476:25528 [3] NCCL INFO Channel 03 : 11[83000] -> 10[82000] via direct shared memory
c196-042:30007:30065 [3] NCCL INFO Channel 02 : 3[83000] -> 2[82000] via direct shared memory
c196-042:30007:30065 [3] NCCL INFO Channel 03 : 3[83000] -> 2[82000] via direct shared memory
c198-052:23437:23493 [3] NCCL INFO Connected 1 MSCCL algorithms
c198-052:23437:23493 [3] NCCL INFO NCCL_PROTO set by environment to Simple
c198-052:23437:23493 [3] NCCL INFO NCCL_ALGO set by environment to MSCCL,TREE,RING
c198-052:23437:23493 [3] NCCL INFO threadThresholds 8/8/64 | 256/8/64 | 8/8/64 | 8/8/512
c198-052:23437:23493 [3] NCCL INFO 4 coll channels, 2 p2p channels, 2 p2p channels per peer
c198-052:23436:23489 [2] NCCL INFO Connected 1 MSCCL algorithms
c198-052:23436:23489 [2] NCCL INFO NCCL_PROTO set by environment to Simple
c198-052:23436:23489 [2] NCCL INFO NCCL_ALGO set by environment to MSCCL,TREE,RING
c198-052:23436:23489 [2] NCCL INFO threadThresholds 8/8/64 | 256/8/64 | 8/8/64 | 8/8/512
c198-052:23436:23489 [2] NCCL INFO 4 coll channels, 2 p2p channels, 2 p2p channels per peer
c196-042:30007:30065 [3] NCCL INFO Connected 1 MSCCL algorithms
c196-042:30007:30065 [3] NCCL INFO NCCL_PROTO set by environment to Simple
c196-042:30007:30065 [3] NCCL INFO NCCL_ALGO set by environment to MSCCL,TREE,RING
c196-042:30007:30065 [3] NCCL INFO threadThresholds 8/8/64 | 256/8/64 | 8/8/64 | 8/8/512
c196-042:30007:30065 [3] NCCL INFO 4 coll channels, 2 p2p channels, 2 p2p channels per peer
c196-042:30006:30062 [2] NCCL INFO Connected 1 MSCCL algorithms
c196-042:30006:30062 [2] NCCL INFO NCCL_PROTO set by environment to Simple
c196-042:30006:30062 [2] NCCL INFO NCCL_ALGO set by environment to MSCCL,TREE,RING
c196-042:30006:30062 [2] NCCL INFO threadThresholds 8/8/64 | 256/8/64 | 8/8/64 | 8/8/512
c196-042:30006:30062 [2] NCCL INFO 4 coll channels, 2 p2p channels, 2 p2p channels per peer
c196-051:14595:14655 [0] NCCL INFO Connected 1 MSCCL algorithms
c196-051:14595:14655 [0] NCCL INFO NCCL_PROTO set by environment to Simple
c196-051:14595:14655 [0] NCCL INFO NCCL_ALGO set by environment to MSCCL,TREE,RING
c196-051:14595:14655 [0] NCCL INFO threadThresholds 8/8/64 | 256/8/64 | 8/8/64 | 8/8/512
c196-051:14595:14655 [0] NCCL INFO 4 coll channels, 2 p2p channels, 2 p2p channels per peer
c198-062:2279:2332 [2] NCCL INFO Channel 02 : 22[82000] -> 21[3000] via direct shared memory
c198-062:2279:2332 [2] NCCL INFO Channel 03 : 22[82000] -> 21[3000] via direct shared memory
c196-042:30004:30056 [0] NCCL INFO Connected 1 MSCCL algorithms
c196-042:30004:30056 [0] NCCL INFO NCCL_PROTO set by environment to Simple
c196-042:30004:30056 [0] NCCL INFO NCCL_ALGO set by environment to MSCCL,TREE,RING
c196-042:30004:30056 [0] NCCL INFO threadThresholds 8/8/64 | 256/8/64 | 8/8/64 | 8/8/512
c196-042:30004:30056 [0] NCCL INFO 4 coll channels, 2 p2p channels, 2 p2p channels per peer
c196-051:14596:14654 [1] NCCL INFO Connected 1 MSCCL algorithms
c196-051:14596:14654 [1] NCCL INFO NCCL_PROTO set by environment to Simple
c196-051:14596:14654 [1] NCCL INFO NCCL_ALGO set by environment to MSCCL,TREE,RING
c196-051:14596:14654 [1] NCCL INFO threadThresholds 8/8/64 | 256/8/64 | 8/8/64 | 8/8/512
c196-051:14596:14654 [1] NCCL INFO 4 coll channels, 2 p2p channels, 2 p2p channels per peer
c198-062:2278:2334 [1] NCCL INFO Connected 1 MSCCL algorithms
c196-042:30005:30067 [1] NCCL INFO Connected 1 MSCCL algorithms
c198-062:2278:2334 [1] NCCL INFO NCCL_PROTO set by environment to Simple
c198-062:2278:2334 [1] NCCL INFO NCCL_ALGO set by environment to MSCCL,TREE,RING
c196-042:30005:30067 [1] NCCL INFO NCCL_PROTO set by environment to Simple
c196-042:30005:30067 [1] NCCL INFO NCCL_ALGO set by environment to MSCCL,TREE,RING
c198-062:2278:2334 [1] NCCL INFO threadThresholds 8/8/64 | 256/8/64 | 8/8/64 | 8/8/512
c198-062:2278:2334 [1] NCCL INFO 4 coll channels, 2 p2p channels, 2 p2p channels per peer
c196-042:30005:30067 [1] NCCL INFO threadThresholds 8/8/64 | 256/8/64 | 8/8/64 | 8/8/512
c196-042:30005:30067 [1] NCCL INFO 4 coll channels, 2 p2p channels, 2 p2p channels per peer
c198-071:754:810 [3] NCCL INFO Channel 01/0 : 31[83000] -> 27[83000] [receive] via NET/IB/0
c198-062:2280:2338 [3] NCCL INFO Channel 01/0 : 26[82000] -> 23[83000] [receive] via NET/IB/0
c198-072:26776:26830 [3] NCCL INFO Channel 02 : 31[83000] -> 30[82000] via direct shared memory
c198-072:26776:26830 [3] NCCL INFO Channel 03 : 31[83000] -> 30[82000] via direct shared memory
c198-071:754:810 [3] NCCL INFO Channel 02 : 27[83000] -> 26[82000] via direct shared memory
c198-071:754:810 [3] NCCL INFO Channel 03 : 27[83000] -> 26[82000] via direct shared memory
c196-051:14598:14652 [3] NCCL INFO Channel 01/0 : 10[82000] -> 7[83000] [receive] via NET/IB/0
c198-072:26776:26830 [3] NCCL INFO Connected 1 MSCCL algorithms
c198-072:26776:26830 [3] NCCL INFO NCCL_PROTO set by environment to Simple
c198-072:26776:26830 [3] NCCL INFO NCCL_ALGO set by environment to MSCCL,TREE,RING
c198-072:26776:26830 [3] NCCL INFO threadThresholds 8/8/64 | 256/8/64 | 8/8/64 | 8/8/512
c198-072:26776:26830 [3] NCCL INFO 4 coll channels, 2 p2p channels, 2 p2p channels per peer
c198-062:2280:2338 [3] NCCL INFO Channel 02 : 23[83000] -> 22[82000] via direct shared memory
c198-062:2280:2338 [3] NCCL INFO Channel 03 : 23[83000] -> 22[82000] via direct shared memory
c198-072:26775:26829 [2] NCCL INFO Connected 1 MSCCL algorithms
c198-072:26775:26829 [2] NCCL INFO NCCL_PROTO set by environment to Simple
c198-072:26775:26829 [2] NCCL INFO NCCL_ALGO set by environment to MSCCL,TREE,RING
c198-072:26775:26829 [2] NCCL INFO threadThresholds 8/8/64 | 256/8/64 | 8/8/64 | 8/8/512
c198-072:26775:26829 [2] NCCL INFO 4 coll channels, 2 p2p channels, 2 p2p channels per peer
c198-061:16007:16059 [3] NCCL INFO comm 0x2b67f2000010 rank 19 nranks 32 cudaDev 3 busId 83000 - Init COMPLETE
c198-061:16005:16063 [1] NCCL INFO comm 0x2ac07e000010 rank 17 nranks 32 cudaDev 1 busId 3000 - Init COMPLETE
c198-061:16006:16058 [2] NCCL INFO comm 0x2b6b6e000010 rank 18 nranks 32 cudaDev 2 busId 82000 - Init COMPLETE
c198-061:16004:16061 [0] NCCL INFO comm 0x2b3d0e000010 rank 16 nranks 32 cudaDev 0 busId 2000 - Init COMPLETE
c198-062:2280:2338 [3] NCCL INFO Connected 1 MSCCL algorithms
c198-062:2280:2338 [3] NCCL INFO NCCL_PROTO set by environment to Simple
c198-062:2280:2338 [3] NCCL INFO NCCL_ALGO set by environment to MSCCL,TREE,RING
c198-062:2280:2338 [3] NCCL INFO threadThresholds 8/8/64 | 256/8/64 | 8/8/64 | 8/8/512
c198-062:2280:2338 [3] NCCL INFO 4 coll channels, 2 p2p channels, 2 p2p channels per peer
c198-062:2279:2332 [2] NCCL INFO Connected 1 MSCCL algorithms
c198-062:2279:2332 [2] NCCL INFO NCCL_PROTO set by environment to Simple
c198-062:2279:2332 [2] NCCL INFO NCCL_ALGO set by environment to MSCCL,TREE,RING
c198-062:2279:2332 [2] NCCL INFO threadThresholds 8/8/64 | 256/8/64 | 8/8/64 | 8/8/512
c198-062:2279:2332 [2] NCCL INFO 4 coll channels, 2 p2p channels, 2 p2p channels per peer
c198-052:23434:23490 [0] NCCL INFO comm 0x2b3fb0000010 rank 12 nranks 32 cudaDev 0 busId 2000 - Init COMPLETE
c196-051:14598:14652 [3] NCCL INFO Channel 02 : 7[83000] -> 6[82000] via direct shared memory
c198-052:23435:23492 [1] NCCL INFO comm 0x2b045e000010 rank 13 nranks 32 cudaDev 1 busId 3000 - Init COMPLETE
c196-051:14598:14652 [3] NCCL INFO Channel 03 : 7[83000] -> 6[82000] via direct shared memory
c198-052:23437:23493 [3] NCCL INFO comm 0x2b855584f010 rank 15 nranks 32 cudaDev 3 busId 83000 - Init COMPLETE
c198-052:23436:23489 [2] NCCL INFO comm 0x2b63e1c3d010 rank 14 nranks 32 cudaDev 2 busId 82000 - Init COMPLETE
c196-051:14598:14652 [3] NCCL INFO Connected 1 MSCCL algorithms
c196-051:14598:14652 [3] NCCL INFO NCCL_PROTO set by environment to Simple
c196-051:14598:14652 [3] NCCL INFO NCCL_ALGO set by environment to MSCCL,TREE,RING
c196-051:14598:14652 [3] NCCL INFO threadThresholds 8/8/64 | 256/8/64 | 8/8/64 | 8/8/512
c196-051:14598:14652 [3] NCCL INFO 4 coll channels, 2 p2p channels, 2 p2p channels per peer
c196-051:14597:14649 [2] NCCL INFO Connected 1 MSCCL algorithms
c196-051:14597:14649 [2] NCCL INFO NCCL_PROTO set by environment to Simple
c196-051:14597:14649 [2] NCCL INFO NCCL_ALGO set by environment to MSCCL,TREE,RING
c196-051:14597:14649 [2] NCCL INFO threadThresholds 8/8/64 | 256/8/64 | 8/8/64 | 8/8/512
c196-051:14597:14649 [2] NCCL INFO 4 coll channels, 2 p2p channels, 2 p2p channels per peer
c198-071:753:808 [2] NCCL INFO Channel 02 : 26[82000] -> 25[3000] via direct shared memory
c196-042:30007:30065 [3] NCCL INFO comm 0x2abc4e000010 rank 3 nranks 32 cudaDev 3 busId 83000 - Init COMPLETE
c198-071:753:808 [2] NCCL INFO Channel 03 : 26[82000] -> 25[3000] via direct shared memory
c196-042:30004:30056 [0] NCCL INFO comm 0x2aea4cc5a010 rank 0 nranks 32 cudaDev 0 busId 2000 - Init COMPLETE
c196-042:30006:30062 [2] NCCL INFO comm 0x2b9d52000010 rank 2 nranks 32 cudaDev 2 busId 82000 - Init COMPLETE
#
#                                                              out-of-place                       in-place          
#       size         count      type   redop    root     time   algbw   busbw #wrong     time   algbw   busbw #wrong
#        (B)    (elements)                               (us)  (GB/s)  (GB/s)            (us)  (GB/s)  (GB/s)       
c196-042:30005:30067 [1] NCCL INFO comm 0x2b4504000010 rank 1 nranks 32 cudaDev 1 busId 3000 - Init COMPLETE
c198-071:754:810 [3] NCCL INFO Connected 1 MSCCL algorithms
c198-071:754:810 [3] NCCL INFO NCCL_PROTO set by environment to Simple
c198-071:754:810 [3] NCCL INFO NCCL_ALGO set by environment to MSCCL,TREE,RING
c198-071:754:810 [3] NCCL INFO threadThresholds 8/8/64 | 256/8/64 | 8/8/64 | 8/8/512
c198-071:754:810 [3] NCCL INFO 4 coll channels, 2 p2p channels, 2 p2p channels per peer
c198-071:753:808 [2] NCCL INFO Connected 1 MSCCL algorithms
c198-071:753:808 [2] NCCL INFO NCCL_PROTO set by environment to Simple
c198-071:753:808 [2] NCCL INFO NCCL_ALGO set by environment to MSCCL,TREE,RING
c198-071:753:808 [2] NCCL INFO threadThresholds 8/8/64 | 256/8/64 | 8/8/64 | 8/8/512
c198-071:753:808 [2] NCCL INFO 4 coll channels, 2 p2p channels, 2 p2p channels per peer
c198-071:752:812 [1] NCCL INFO Connected 1 MSCCL algorithms
c198-071:752:812 [1] NCCL INFO NCCL_PROTO set by environment to Simple
c198-071:752:812 [1] NCCL INFO NCCL_ALGO set by environment to MSCCL,TREE,RING
c198-071:752:812 [1] NCCL INFO threadThresholds 8/8/64 | 256/8/64 | 8/8/64 | 8/8/512
c198-071:752:812 [1] NCCL INFO 4 coll channels, 2 p2p channels, 2 p2p channels per peer
c198-051:25475:25527 [2] NCCL INFO Channel 02 : 10[82000] -> 9[3000] via direct shared memory
c198-051:25475:25527 [2] NCCL INFO Channel 03 : 10[82000] -> 9[3000] via direct shared memory
c198-051:25476:25528 [3] NCCL INFO Connected 1 MSCCL algorithms
c198-051:25476:25528 [3] NCCL INFO NCCL_PROTO set by environment to Simple
c198-051:25476:25528 [3] NCCL INFO NCCL_ALGO set by environment to MSCCL,TREE,RING
c198-051:25476:25528 [3] NCCL INFO threadThresholds 8/8/64 | 256/8/64 | 8/8/64 | 8/8/512
c198-051:25476:25528 [3] NCCL INFO 4 coll channels, 2 p2p channels, 2 p2p channels per peer
c198-051:25475:25527 [2] NCCL INFO Connected 1 MSCCL algorithms
c198-051:25475:25527 [2] NCCL INFO NCCL_PROTO set by environment to Simple
c198-051:25475:25527 [2] NCCL INFO NCCL_ALGO set by environment to MSCCL,TREE,RING
c198-051:25475:25527 [2] NCCL INFO threadThresholds 8/8/64 | 256/8/64 | 8/8/64 | 8/8/512
c198-051:25475:25527 [2] NCCL INFO 4 coll channels, 2 p2p channels, 2 p2p channels per peer
c198-051:25474:25532 [1] NCCL INFO Connected 1 MSCCL algorithms
c198-051:25474:25532 [1] NCCL INFO NCCL_PROTO set by environment to Simple
c198-051:25474:25532 [1] NCCL INFO NCCL_ALGO set by environment to MSCCL,TREE,RING
c198-051:25474:25532 [1] NCCL INFO threadThresholds 8/8/64 | 256/8/64 | 8/8/64 | 8/8/512
c198-051:25474:25532 [1] NCCL INFO 4 coll channels, 2 p2p channels, 2 p2p channels per peer
c198-072:26776:26830 [3] NCCL INFO comm 0x2b0794000010 rank 31 nranks 32 cudaDev 3 busId 83000 - Init COMPLETE
c198-072:26775:26829 [2] NCCL INFO comm 0x2b7b5e000010 rank 30 nranks 32 cudaDev 2 busId 82000 - Init COMPLETE
c198-072:26773:26834 [0] NCCL INFO comm 0x2b7022000010 rank 28 nranks 32 cudaDev 0 busId 2000 - Init COMPLETE
c198-072:26774:26832 [1] NCCL INFO comm 0x2b359e000010 rank 29 nranks 32 cudaDev 1 busId 3000 - Init COMPLETE
c198-062:2280:2338 [3] NCCL INFO comm 0x2b5151abd010 rank 23 nranks 32 cudaDev 3 busId 83000 - Init COMPLETE
c198-062:2278:2334 [1] NCCL INFO comm 0x2ac14e000010 rank 21 nranks 32 cudaDev 1 busId 3000 - Init COMPLETE
c198-062:2277:2337 [0] NCCL INFO comm 0x2baa62000010 rank 20 nranks 32 cudaDev 0 busId 2000 - Init COMPLETE
c198-062:2279:2332 [2] NCCL INFO comm 0x2adcf0000010 rank 22 nranks 32 cudaDev 2 busId 82000 - Init COMPLETE
c196-051:14598:14652 [3] NCCL INFO comm 0x2b5325bbc010 rank 7 nranks 32 cudaDev 3 busId 83000 - Init COMPLETE
c196-051:14597:14649 [2] NCCL INFO comm 0x2acbfe000010 rank 6 nranks 32 cudaDev 2 busId 82000 - Init COMPLETE
c196-051:14595:14655 [0] NCCL INFO comm 0x2b6bee000010 rank 4 nranks 32 cudaDev 0 busId 2000 - Init COMPLETE
c196-051:14596:14654 [1] NCCL INFO comm 0x2b612c000010 rank 5 nranks 32 cudaDev 1 busId 3000 - Init COMPLETE
c198-071:753:808 [2] NCCL INFO comm 0x2b01f0000010 rank 26 nranks 32 cudaDev 2 busId 82000 - Init COMPLETE
c198-071:754:810 [3] NCCL INFO comm 0x2b6875fda010 rank 27 nranks 32 cudaDev 3 busId 83000 - Init COMPLETE
c198-071:752:812 [1] NCCL INFO comm 0x2b0b12000010 rank 25 nranks 32 cudaDev 1 busId 3000 - Init COMPLETE
c198-071:751:814 [0] NCCL INFO comm 0x2b4524000010 rank 24 nranks 32 cudaDev 0 busId 2000 - Init COMPLETE
c198-051:25476:25528 [3] NCCL INFO comm 0x2b534d1b9010 rank 11 nranks 32 cudaDev 3 busId 83000 - Init COMPLETE
c198-051:25475:25527 [2] NCCL INFO comm 0x2ac52c000010 rank 10 nranks 32 cudaDev 2 busId 82000 - Init COMPLETE
c198-051:25474:25532 [1] NCCL INFO comm 0x2b597c000010 rank 9 nranks 32 cudaDev 1 busId 3000 - Init COMPLETE
c198-051:25473:25531 [0] NCCL INFO comm 0x2b54f145a010 rank 8 nranks 32 cudaDev 0 busId 2000 - Init COMPLETE
c196-042:30004:30004 [0] NCCL INFO Launch mode Parallel
       65536         16384     float     sum      -1    228.3    0.29    0.56      0    219.5    0.30    0.58      0
      131072         32768     float     sum      -1    251.9    0.52    1.01      0    245.7    0.53    1.03      0
      262144         65536     float     sum      -1    298.7    0.88    1.70      0    297.9    0.88    1.70      0
      524288        131072     float     sum      -1    472.2    1.11    2.15      0    468.2    1.12    2.17      0
     1048576        262144     float     sum      -1    782.0    1.34    2.60      0    780.6    1.34    2.60      0
     2097152        524288     float     sum      -1   1513.7    1.39    2.68      0   1519.8    1.38    2.67      0
     4194304       1048576     float     sum      -1   2948.2    1.42    2.76      0   2925.7    1.43    2.78      0
     8388608       2097152     float     sum      -1   5576.0    1.50    2.91      0   5573.7    1.51    2.92      0
    16777216       4194304     float     sum      -1    10860    1.54    2.99      0    10853    1.55    3.00      0
    33554432       8388608     float     sum      -1    19129    1.75    3.40      0    19062    1.76    3.41      0
    67108864      16777216     float     sum      -1    37638    1.78    3.45      0    37605    1.78    3.46      0
   134217728      33554432     float     sum      -1    75013    1.79    3.47      0    75105    1.79    3.46      0
   268435456      67108864     float     sum      -1   149975    1.79    3.47      0   150033    1.79    3.47      0
c198-071:754:754 [3] NCCL INFO comm 0x2b6875fda010 rank 27 nranks 32 cudaDev 3 busId 83000 - Destroy COMPLETE
c198-072:26774:26774 [1] NCCL INFO comm 0x2b359e000010 rank 29 nranks 32 cudaDev 1 busId 3000 - Destroy COMPLETE
c198-072:26776:26776 [3] NCCL INFO comm 0x2b0794000010 rank 31 nranks 32 cudaDev 3 busId 83000 - Destroy COMPLETE
c198-051:25476:25476 [3] NCCL INFO comm 0x2b534d1b9010 rank 11 nranks 32 cudaDev 3 busId 83000 - Destroy COMPLETE
c198-061:16007:16007 [3] NCCL INFO comm 0x2b67f2000010 rank 19 nranks 32 cudaDev 3 busId 83000 - Destroy COMPLETE
c196-042:30005:30005 [1] NCCL INFO comm 0x2b4504000010 rank 1 nranks 32 cudaDev 1 busId 3000 - Destroy COMPLETE
c196-042:30007:30007 [3] NCCL INFO comm 0x2abc4e000010 rank 3 nranks 32 cudaDev 3 busId 83000 - Destroy COMPLETE
c198-072:26775:26775 [2] NCCL INFO comm 0x2b7b5e000010 rank 30 nranks 32 cudaDev 2 busId 82000 - Destroy COMPLETE
c198-072:26773:26773 [0] NCCL INFO comm 0x2b7022000010 rank 28 nranks 32 cudaDev 0 busId 2000 - Destroy COMPLETE
c198-071:751:751 [0] NCCL INFO comm 0x2b4524000010 rank 24 nranks 32 cudaDev 0 busId 2000 - Destroy COMPLETE
c198-052:23437:23437 [3] NCCL INFO comm 0x2b855584f010 rank 15 nranks 32 cudaDev 3 busId 83000 - Destroy COMPLETE
c198-062:2280:2280 [3] NCCL INFO comm 0x2b5151abd010 rank 23 nranks 32 cudaDev 3 busId 83000 - Destroy COMPLETE
c198-051:25473:25473 [0] NCCL INFO comm 0x2b54f145a010 rank 8 nranks 32 cudaDev 0 busId 2000 - Destroy COMPLETE
c198-071:753:753 [2] NCCL INFO comm 0x2b01f0000010 rank 26 nranks 32 cudaDev 2 busId 82000 - Destroy COMPLETE
c198-052:23436:23436 [2] NCCL INFO comm 0x2b63e1c3d010 rank 14 nranks 32 cudaDev 2 busId 82000 - Destroy COMPLETE
c198-061:16006:16006 [2] NCCL INFO comm 0x2b6b6e000010 rank 18 nranks 32 cudaDev 2 busId 82000 - Destroy COMPLETE
c198-061:16004:16004 [0] NCCL INFO comm 0x2b3d0e000010 rank 16 nranks 32 cudaDev 0 busId 2000 - Destroy COMPLETE
c198-052:23434:23434 [0] NCCL INFO comm 0x2b3fb0000010 rank 12 nranks 32 cudaDev 0 busId 2000 - Destroy COMPLETE
c196-042:30004:30004 [0] NCCL INFO comm 0x2aea4cc5a010 rank 0 nranks 32 cudaDev 0 busId 2000 - Destroy COMPLETE
c196-051:14598:14598 [3] NCCL INFO comm 0x2b5325bbc010 rank 7 nranks 32 cudaDev 3 busId 83000 - Destroy COMPLETE
c198-051:25475:25475 [2] NCCL INFO comm 0x2ac52c000010 rank 10 nranks 32 cudaDev 2 busId 82000 - Destroy COMPLETE
c198-062:2277:2277 [0] NCCL INFO comm 0x2baa62000010 rank 20 nranks 32 cudaDev 0 busId 2000 - Destroy COMPLETE
c198-051:25474:25474 [1] NCCL INFO comm 0x2b597c000010 rank 9 nranks 32 cudaDev 1 busId 3000 - Destroy COMPLETE
c198-071:752:752 [1] NCCL INFO comm 0x2b0b12000010 rank 25 nranks 32 cudaDev 1 busId 3000 - Destroy COMPLETE
c198-062:2278:2278 [1] NCCL INFO comm 0x2ac14e000010 rank 21 nranks 32 cudaDev 1 busId 3000 - Destroy COMPLETE
c196-042:30006:30006 [2] NCCL INFO comm 0x2b9d52000010 rank 2 nranks 32 cudaDev 2 busId 82000 - Destroy COMPLETE
c198-061:16005:16005 [1] NCCL INFO comm 0x2ac07e000010 rank 17 nranks 32 cudaDev 1 busId 3000 - Destroy COMPLETE
c196-051:14597:14597 [2] NCCL INFO comm 0x2acbfe000010 rank 6 nranks 32 cudaDev 2 busId 82000 - Destroy COMPLETE
c196-051:14595:14595 [0] NCCL INFO comm 0x2b6bee000010 rank 4 nranks 32 cudaDev 0 busId 2000 - Destroy COMPLETE
# Out of bounds values : 0 OK
# Avg bus bandwidth    : 2.5538 
#
c198-062:2279:2279 [2] NCCL INFO comm 0x2adcf0000010 rank 22 nranks 32 cudaDev 2 busId 82000 - Destroy COMPLETE
c198-052:23435:23435 [1] NCCL INFO comm 0x2b045e000010 rank 13 nranks 32 cudaDev 1 busId 3000 - Destroy COMPLETE
c196-051:14596:14596 [1] NCCL INFO comm 0x2b612c000010 rank 5 nranks 32 cudaDev 1 busId 3000 - Destroy COMPLETE

TACC:  Shutdown complete. Exiting. 
