c198-061:16957:17015 [1] NCCL INFO MSCCL: Parsing algorithm /home1/09168/ldai1/ccl-build/msccl_tools_lyd/examples/xml/xml_lyd/binary_tree/allreduce_binary_tree_4ch_2tree_16chunk_8node_32gpu.xml
c198-051:26423:26479 [1] NCCL INFO Channel 00 : 9[3000] -> 8[2000] via direct shared memory
c198-051:26423:26479 [1] NCCL INFO Channel 01 : 9[3000] -> 8[2000] via direct shared memory
c198-051:26424:26476 [2] NCCL INFO Connected all trees
c198-051:26424:26476 [2] NCCL INFO MSCCL_XML_FILES set by environment to /home1/09168/ldai1/ccl-build/msccl_tools_lyd/examples/xml/xml_lyd/binary_tree/allreduce_binary_tree_4ch_2tree_16chunk_8node_32gpu.xml
c198-051:26424:26476 [2] NCCL INFO MSCCL: Parsing algorithm /home1/09168/ldai1/ccl-build/msccl_tools_lyd/examples/xml/xml_lyd/binary_tree/allreduce_binary_tree_4ch_2tree_16chunk_8node_32gpu.xml
c198-052:24381:24440 [0] NCCL INFO Connected all trees
c198-052:24381:24440 [0] NCCL INFO MSCCL_XML_FILES set by environment to /home1/09168/ldai1/ccl-build/msccl_tools_lyd/examples/xml/xml_lyd/binary_tree/allreduce_binary_tree_4ch_2tree_16chunk_8node_32gpu.xml
c198-052:24381:24440 [0] NCCL INFO MSCCL: Parsing algorithm /home1/09168/ldai1/ccl-build/msccl_tools_lyd/examples/xml/xml_lyd/binary_tree/allreduce_binary_tree_4ch_2tree_16chunk_8node_32gpu.xml
c198-052:24382:24441 [1] NCCL INFO Connected all trees
c198-052:24382:24441 [1] NCCL INFO MSCCL_XML_FILES set by environment to /home1/09168/ldai1/ccl-build/msccl_tools_lyd/examples/xml/xml_lyd/binary_tree/allreduce_binary_tree_4ch_2tree_16chunk_8node_32gpu.xml
c198-052:24382:24441 [1] NCCL INFO MSCCL: Parsing algorithm /home1/09168/ldai1/ccl-build/msccl_tools_lyd/examples/xml/xml_lyd/binary_tree/allreduce_binary_tree_4ch_2tree_16chunk_8node_32gpu.xml
c198-071:1991:2050 [0] NCCL INFO Channel 01/0 : 24[2000] -> 21[3000] [send] via NET/IB/0
c196-051:15763:15824 [0] NCCL INFO Channel 01/0 : 4[2000] -> 0[2000] [send] via NET/IB/0
c198-072:27943:28002 [0] NCCL INFO Parsed MSCCL Algorithm /home1/09168/ldai1/ccl-build/msccl_tools_lyd/examples/xml/xml_lyd/binary_tree/allreduce_binary_tree_4ch_2tree_16chunk_8node_32gpu.xml successfully.
c198-071:1991:2050 [0] NCCL INFO Connected all trees
c198-071:1991:2050 [0] NCCL INFO MSCCL_XML_FILES set by environment to /home1/09168/ldai1/ccl-build/msccl_tools_lyd/examples/xml/xml_lyd/binary_tree/allreduce_binary_tree_4ch_2tree_16chunk_8node_32gpu.xml
c198-071:1991:2050 [0] NCCL INFO MSCCL: Parsing algorithm /home1/09168/ldai1/ccl-build/msccl_tools_lyd/examples/xml/xml_lyd/binary_tree/allreduce_binary_tree_4ch_2tree_16chunk_8node_32gpu.xml
c198-051:26422:26481 [0] NCCL INFO Channel 01/0 : 8[2000] -> 5[3000] [send] via NET/IB/0
c198-061:16956:17014 [0] NCCL INFO Parsed MSCCL Algorithm /home1/09168/ldai1/ccl-build/msccl_tools_lyd/examples/xml/xml_lyd/binary_tree/allreduce_binary_tree_4ch_2tree_16chunk_8node_32gpu.xml successfully.
c198-062:3240:3298 [1] NCCL INFO Channel 00 : 21[3000] -> 20[2000] via direct shared memory
c198-062:3240:3298 [1] NCCL INFO Channel 01 : 21[3000] -> 20[2000] via direct shared memory
c198-071:1992:2051 [1] NCCL INFO Connected all trees
c198-071:1992:2051 [1] NCCL INFO MSCCL_XML_FILES set by environment to /home1/09168/ldai1/ccl-build/msccl_tools_lyd/examples/xml/xml_lyd/binary_tree/allreduce_binary_tree_4ch_2tree_16chunk_8node_32gpu.xml
c198-071:1992:2051 [1] NCCL INFO MSCCL: Parsing algorithm /home1/09168/ldai1/ccl-build/msccl_tools_lyd/examples/xml/xml_lyd/binary_tree/allreduce_binary_tree_4ch_2tree_16chunk_8node_32gpu.xml
c198-072:27944:28004 [1] NCCL INFO Parsed MSCCL Algorithm /home1/09168/ldai1/ccl-build/msccl_tools_lyd/examples/xml/xml_lyd/binary_tree/allreduce_binary_tree_4ch_2tree_16chunk_8node_32gpu.xml successfully.
c198-072:27943:28002 [0] NCCL INFO Channel 02 : 28[2000] -> 29[3000] via direct shared memory
c198-072:27943:28002 [0] NCCL INFO Channel 03 : 28[2000] -> 29[3000] via direct shared memory
c198-072:27943:28002 [0] NCCL INFO Channel 04 : 28[2000] -> 29[3000] via direct shared memory
c198-072:27943:28002 [0] NCCL INFO Channel 05 : 28[2000] -> 29[3000] via direct shared memory
c198-061:16957:17015 [1] NCCL INFO Parsed MSCCL Algorithm /home1/09168/ldai1/ccl-build/msccl_tools_lyd/examples/xml/xml_lyd/binary_tree/allreduce_binary_tree_4ch_2tree_16chunk_8node_32gpu.xml successfully.
c198-072:27943:28002 [0] NCCL INFO Channel 06 : 28[2000] -> 29[3000] via direct shared memory
c198-062:3239:3297 [0] NCCL INFO Connected all trees
c198-062:3239:3297 [0] NCCL INFO MSCCL_XML_FILES set by environment to /home1/09168/ldai1/ccl-build/msccl_tools_lyd/examples/xml/xml_lyd/binary_tree/allreduce_binary_tree_4ch_2tree_16chunk_8node_32gpu.xml
c198-062:3239:3297 [0] NCCL INFO MSCCL: Parsing algorithm /home1/09168/ldai1/ccl-build/msccl_tools_lyd/examples/xml/xml_lyd/binary_tree/allreduce_binary_tree_4ch_2tree_16chunk_8node_32gpu.xml
c198-072:27943:28002 [0] NCCL INFO Channel 07 : 28[2000] -> 29[3000] via direct shared memory
c198-061:16956:17014 [0] NCCL INFO Channel 02 : 16[2000] -> 17[3000] via direct shared memory
c198-061:16956:17014 [0] NCCL INFO Channel 03 : 16[2000] -> 17[3000] via direct shared memory
c198-061:16956:17014 [0] NCCL INFO Channel 04 : 16[2000] -> 17[3000] via direct shared memory
c198-061:16956:17014 [0] NCCL INFO Channel 05 : 16[2000] -> 17[3000] via direct shared memory
c198-061:16956:17014 [0] NCCL INFO Channel 06 : 16[2000] -> 17[3000] via direct shared memory
c198-061:16956:17014 [0] NCCL INFO Channel 07 : 16[2000] -> 17[3000] via direct shared memory
c198-062:3240:3298 [1] NCCL INFO Connected all trees
c198-062:3240:3298 [1] NCCL INFO MSCCL_XML_FILES set by environment to /home1/09168/ldai1/ccl-build/msccl_tools_lyd/examples/xml/xml_lyd/binary_tree/allreduce_binary_tree_4ch_2tree_16chunk_8node_32gpu.xml
c198-062:3240:3298 [1] NCCL INFO MSCCL: Parsing algorithm /home1/09168/ldai1/ccl-build/msccl_tools_lyd/examples/xml/xml_lyd/binary_tree/allreduce_binary_tree_4ch_2tree_16chunk_8node_32gpu.xml
c198-062:3241:3294 [2] NCCL INFO Connected all trees
c198-062:3241:3294 [2] NCCL INFO MSCCL_XML_FILES set by environment to /home1/09168/ldai1/ccl-build/msccl_tools_lyd/examples/xml/xml_lyd/binary_tree/allreduce_binary_tree_4ch_2tree_16chunk_8node_32gpu.xml
c198-062:3241:3294 [2] NCCL INFO MSCCL: Parsing algorithm /home1/09168/ldai1/ccl-build/msccl_tools_lyd/examples/xml/xml_lyd/binary_tree/allreduce_binary_tree_4ch_2tree_16chunk_8node_32gpu.xml
c198-051:26424:26476 [2] NCCL INFO Parsed MSCCL Algorithm /home1/09168/ldai1/ccl-build/msccl_tools_lyd/examples/xml/xml_lyd/binary_tree/allreduce_binary_tree_4ch_2tree_16chunk_8node_32gpu.xml successfully.
c198-051:26422:26481 [0] NCCL INFO Connected all trees
c198-051:26422:26481 [0] NCCL INFO MSCCL_XML_FILES set by environment to /home1/09168/ldai1/ccl-build/msccl_tools_lyd/examples/xml/xml_lyd/binary_tree/allreduce_binary_tree_4ch_2tree_16chunk_8node_32gpu.xml
c198-051:26422:26481 [0] NCCL INFO MSCCL: Parsing algorithm /home1/09168/ldai1/ccl-build/msccl_tools_lyd/examples/xml/xml_lyd/binary_tree/allreduce_binary_tree_4ch_2tree_16chunk_8node_32gpu.xml
c196-042:31169:31221 [0] NCCL INFO Connected all trees
c196-042:31169:31221 [0] NCCL INFO MSCCL_XML_FILES set by environment to /home1/09168/ldai1/ccl-build/msccl_tools_lyd/examples/xml/xml_lyd/binary_tree/allreduce_binary_tree_4ch_2tree_16chunk_8node_32gpu.xml
c196-042:31169:31221 [0] NCCL INFO MSCCL: Parsing algorithm /home1/09168/ldai1/ccl-build/msccl_tools_lyd/examples/xml/xml_lyd/binary_tree/allreduce_binary_tree_4ch_2tree_16chunk_8node_32gpu.xml
c198-051:26423:26479 [1] NCCL INFO Connected all trees
c198-051:26423:26479 [1] NCCL INFO MSCCL_XML_FILES set by environment to /home1/09168/ldai1/ccl-build/msccl_tools_lyd/examples/xml/xml_lyd/binary_tree/allreduce_binary_tree_4ch_2tree_16chunk_8node_32gpu.xml
c198-051:26423:26479 [1] NCCL INFO MSCCL: Parsing algorithm /home1/09168/ldai1/ccl-build/msccl_tools_lyd/examples/xml/xml_lyd/binary_tree/allreduce_binary_tree_4ch_2tree_16chunk_8node_32gpu.xml
c198-052:24381:24440 [0] NCCL INFO Parsed MSCCL Algorithm /home1/09168/ldai1/ccl-build/msccl_tools_lyd/examples/xml/xml_lyd/binary_tree/allreduce_binary_tree_4ch_2tree_16chunk_8node_32gpu.xml successfully.
c196-042:31170:31230 [1] NCCL INFO Connected all trees
c196-042:31170:31230 [1] NCCL INFO MSCCL_XML_FILES set by environment to /home1/09168/ldai1/ccl-build/msccl_tools_lyd/examples/xml/xml_lyd/binary_tree/allreduce_binary_tree_4ch_2tree_16chunk_8node_32gpu.xml
c196-042:31170:31230 [1] NCCL INFO MSCCL: Parsing algorithm /home1/09168/ldai1/ccl-build/msccl_tools_lyd/examples/xml/xml_lyd/binary_tree/allreduce_binary_tree_4ch_2tree_16chunk_8node_32gpu.xml
c196-051:15764:15822 [1] NCCL INFO Channel 00 : 5[3000] -> 4[2000] via direct shared memory
c196-051:15764:15822 [1] NCCL INFO Channel 01 : 5[3000] -> 4[2000] via direct shared memory
c196-051:15763:15824 [0] NCCL INFO Connected all trees
c196-051:15763:15824 [0] NCCL INFO MSCCL_XML_FILES set by environment to /home1/09168/ldai1/ccl-build/msccl_tools_lyd/examples/xml/xml_lyd/binary_tree/allreduce_binary_tree_4ch_2tree_16chunk_8node_32gpu.xml
c196-051:15763:15824 [0] NCCL INFO MSCCL: Parsing algorithm /home1/09168/ldai1/ccl-build/msccl_tools_lyd/examples/xml/xml_lyd/binary_tree/allreduce_binary_tree_4ch_2tree_16chunk_8node_32gpu.xml
c198-052:24381:24440 [0] NCCL INFO Channel 02 : 12[2000] -> 13[3000] via direct shared memory
c198-052:24381:24440 [0] NCCL INFO Channel 03 : 12[2000] -> 13[3000] via direct shared memory
c198-052:24381:24440 [0] NCCL INFO Channel 04 : 12[2000] -> 13[3000] via direct shared memory
c198-052:24381:24440 [0] NCCL INFO Channel 05 : 12[2000] -> 13[3000] via direct shared memory
c198-052:24381:24440 [0] NCCL INFO Channel 06 : 12[2000] -> 13[3000] via direct shared memory
c198-052:24381:24440 [0] NCCL INFO Channel 07 : 12[2000] -> 13[3000] via direct shared memory
c198-052:24382:24441 [1] NCCL INFO Parsed MSCCL Algorithm /home1/09168/ldai1/ccl-build/msccl_tools_lyd/examples/xml/xml_lyd/binary_tree/allreduce_binary_tree_4ch_2tree_16chunk_8node_32gpu.xml successfully.
c196-051:15764:15822 [1] NCCL INFO Connected all trees
c196-051:15764:15822 [1] NCCL INFO MSCCL_XML_FILES set by environment to /home1/09168/ldai1/ccl-build/msccl_tools_lyd/examples/xml/xml_lyd/binary_tree/allreduce_binary_tree_4ch_2tree_16chunk_8node_32gpu.xml
c196-051:15764:15822 [1] NCCL INFO MSCCL: Parsing algorithm /home1/09168/ldai1/ccl-build/msccl_tools_lyd/examples/xml/xml_lyd/binary_tree/allreduce_binary_tree_4ch_2tree_16chunk_8node_32gpu.xml
c196-051:15765:15818 [2] NCCL INFO Connected all trees
c196-051:15765:15818 [2] NCCL INFO MSCCL_XML_FILES set by environment to /home1/09168/ldai1/ccl-build/msccl_tools_lyd/examples/xml/xml_lyd/binary_tree/allreduce_binary_tree_4ch_2tree_16chunk_8node_32gpu.xml
c196-051:15765:15818 [2] NCCL INFO MSCCL: Parsing algorithm /home1/09168/ldai1/ccl-build/msccl_tools_lyd/examples/xml/xml_lyd/binary_tree/allreduce_binary_tree_4ch_2tree_16chunk_8node_32gpu.xml
c198-051:26424:26476 [2] NCCL INFO Channel 02 : 10[82000] -> 11[83000] via direct shared memory
c198-051:26424:26476 [2] NCCL INFO Channel 03 : 10[82000] -> 11[83000] via direct shared memory
c198-051:26424:26476 [2] NCCL INFO Channel 04 : 10[82000] -> 11[83000] via direct shared memory
c198-051:26424:26476 [2] NCCL INFO Channel 05 : 10[82000] -> 11[83000] via direct shared memory
c198-051:26424:26476 [2] NCCL INFO Channel 06 : 10[82000] -> 11[83000] via direct shared memory
c198-051:26424:26476 [2] NCCL INFO Channel 07 : 10[82000] -> 11[83000] via direct shared memory
c198-071:1991:2050 [0] NCCL INFO Parsed MSCCL Algorithm /home1/09168/ldai1/ccl-build/msccl_tools_lyd/examples/xml/xml_lyd/binary_tree/allreduce_binary_tree_4ch_2tree_16chunk_8node_32gpu.xml successfully.
c198-061:16957:17015 [1] NCCL INFO Channel 04 : 17[3000] -> 18[82000] via direct shared memory
c198-072:27944:28004 [1] NCCL INFO Channel 04 : 29[3000] -> 30[82000] via direct shared memory
c198-061:16957:17015 [1] NCCL INFO Channel 05 : 17[3000] -> 18[82000] via direct shared memory
c198-072:27944:28004 [1] NCCL INFO Channel 05 : 29[3000] -> 30[82000] via direct shared memory
c198-071:1992:2051 [1] NCCL INFO Parsed MSCCL Algorithm /home1/09168/ldai1/ccl-build/msccl_tools_lyd/examples/xml/xml_lyd/binary_tree/allreduce_binary_tree_4ch_2tree_16chunk_8node_32gpu.xml successfully.
c198-071:1991:2050 [0] NCCL INFO Channel 02 : 24[2000] -> 25[3000] via direct shared memory
c198-071:1991:2050 [0] NCCL INFO Channel 03 : 24[2000] -> 25[3000] via direct shared memory
c198-071:1991:2050 [0] NCCL INFO Channel 04 : 24[2000] -> 25[3000] via direct shared memory
c198-071:1991:2050 [0] NCCL INFO Channel 05 : 24[2000] -> 25[3000] via direct shared memory
c198-071:1991:2050 [0] NCCL INFO Channel 06 : 24[2000] -> 25[3000] via direct shared memory
c198-071:1991:2050 [0] NCCL INFO Channel 07 : 24[2000] -> 25[3000] via direct shared memory
c198-061:16957:17015 [1] NCCL INFO Channel 06/0 : 17[3000] -> 21[3000] [send] via NET/IB/0
c198-062:3241:3294 [2] NCCL INFO Parsed MSCCL Algorithm /home1/09168/ldai1/ccl-build/msccl_tools_lyd/examples/xml/xml_lyd/binary_tree/allreduce_binary_tree_4ch_2tree_16chunk_8node_32gpu.xml successfully.
c198-062:3239:3297 [0] NCCL INFO Parsed MSCCL Algorithm /home1/09168/ldai1/ccl-build/msccl_tools_lyd/examples/xml/xml_lyd/binary_tree/allreduce_binary_tree_4ch_2tree_16chunk_8node_32gpu.xml successfully.
c198-062:3240:3298 [1] NCCL INFO Parsed MSCCL Algorithm /home1/09168/ldai1/ccl-build/msccl_tools_lyd/examples/xml/xml_lyd/binary_tree/allreduce_binary_tree_4ch_2tree_16chunk_8node_32gpu.xml successfully.
c198-072:27943:28002 [0] NCCL INFO Channel 02 : 28[2000] -> 31[83000] via direct shared memory
c198-072:27943:28002 [0] NCCL INFO Channel 03 : 28[2000] -> 31[83000] via direct shared memory
c198-072:27943:28002 [0] NCCL INFO Channel 06 : 28[2000] -> 31[83000] via direct shared memory
c198-072:27943:28002 [0] NCCL INFO Channel 07 : 28[2000] -> 31[83000] via direct shared memory
c198-072:27944:28004 [1] NCCL INFO Channel 02/0 : 25[3000] -> 29[3000] [receive] via NET/IB/0
c198-072:27946:28000 [3] NCCL INFO Channel 01/0 : 27[83000] -> 31[83000] [receive] via NET/IB/0
c198-061:16956:17014 [0] NCCL INFO Channel 02 : 16[2000] -> 19[83000] via direct shared memory
c198-061:16956:17014 [0] NCCL INFO Channel 03 : 16[2000] -> 19[83000] via direct shared memory
c198-061:16956:17014 [0] NCCL INFO Channel 06 : 16[2000] -> 19[83000] via direct shared memory
c198-061:16956:17014 [0] NCCL INFO Channel 07 : 16[2000] -> 19[83000] via direct shared memory
c198-062:3239:3297 [0] NCCL INFO Channel 02 : 20[2000] -> 21[3000] via direct shared memory
c198-062:3239:3297 [0] NCCL INFO Channel 03 : 20[2000] -> 21[3000] via direct shared memory
c198-061:16959:17011 [3] NCCL INFO Channel 05/0 : 19[83000] -> 23[83000] [send] via NET/IB/0
c198-062:3239:3297 [0] NCCL INFO Channel 04 : 20[2000] -> 21[3000] via direct shared memory
c198-062:3239:3297 [0] NCCL INFO Channel 05 : 20[2000] -> 21[3000] via direct shared memory
c198-062:3239:3297 [0] NCCL INFO Channel 06 : 20[2000] -> 21[3000] via direct shared memory
c198-062:3239:3297 [0] NCCL INFO Channel 07 : 20[2000] -> 21[3000] via direct shared memory
c198-061:16958:17013 [2] NCCL INFO Channel 07/0 : 18[82000] -> 22[82000] [send] via NET/IB/0
c198-072:27945:27999 [2] NCCL INFO Channel 03/0 : 26[82000] -> 30[82000] [receive] via NET/IB/0
c198-072:27943:28002 [0] NCCL INFO Channel 04/0 : 12[2000] -> 28[2000] [receive] via NET/IB/0
c198-061:16956:17014 [0] NCCL INFO Channel 04/0 : 16[2000] -> 20[2000] [send] via NET/IB/0
c198-051:26422:26481 [0] NCCL INFO Parsed MSCCL Algorithm /home1/09168/ldai1/ccl-build/msccl_tools_lyd/examples/xml/xml_lyd/binary_tree/allreduce_binary_tree_4ch_2tree_16chunk_8node_32gpu.xml successfully.
c196-042:31169:31221 [0] NCCL INFO Parsed MSCCL Algorithm /home1/09168/ldai1/ccl-build/msccl_tools_lyd/examples/xml/xml_lyd/binary_tree/allreduce_binary_tree_4ch_2tree_16chunk_8node_32gpu.xml successfully.
c198-062:3241:3294 [2] NCCL INFO Channel 02 : 22[82000] -> 23[83000] via direct shared memory
c198-062:3241:3294 [2] NCCL INFO Channel 03 : 22[82000] -> 23[83000] via direct shared memory
c198-062:3241:3294 [2] NCCL INFO Channel 04 : 22[82000] -> 23[83000] via direct shared memory
c198-062:3241:3294 [2] NCCL INFO Channel 05 : 22[82000] -> 23[83000] via direct shared memory
c198-062:3241:3294 [2] NCCL INFO Channel 06 : 22[82000] -> 23[83000] via direct shared memory
c198-062:3241:3294 [2] NCCL INFO Channel 07 : 22[82000] -> 23[83000] via direct shared memory
c198-051:26423:26479 [1] NCCL INFO Parsed MSCCL Algorithm /home1/09168/ldai1/ccl-build/msccl_tools_lyd/examples/xml/xml_lyd/binary_tree/allreduce_binary_tree_4ch_2tree_16chunk_8node_32gpu.xml successfully.
c196-042:31170:31230 [1] NCCL INFO Parsed MSCCL Algorithm /home1/09168/ldai1/ccl-build/msccl_tools_lyd/examples/xml/xml_lyd/binary_tree/allreduce_binary_tree_4ch_2tree_16chunk_8node_32gpu.xml successfully.
c198-051:26422:26481 [0] NCCL INFO Channel 02 : 8[2000] -> 9[3000] via direct shared memory
c198-051:26422:26481 [0] NCCL INFO Channel 03 : 8[2000] -> 9[3000] via direct shared memory
c198-051:26422:26481 [0] NCCL INFO Channel 04 : 8[2000] -> 9[3000] via direct shared memory
c198-051:26422:26481 [0] NCCL INFO Channel 05 : 8[2000] -> 9[3000] via direct shared memory
c198-051:26422:26481 [0] NCCL INFO Channel 06 : 8[2000] -> 9[3000] via direct shared memory
c198-051:26422:26481 [0] NCCL INFO Channel 07 : 8[2000] -> 9[3000] via direct shared memory
c196-042:31169:31221 [0] NCCL INFO Channel 02 : 0[2000] -> 1[3000] via direct shared memory
c196-042:31169:31221 [0] NCCL INFO Channel 03 : 0[2000] -> 1[3000] via direct shared memory
c196-042:31169:31221 [0] NCCL INFO Channel 04 : 0[2000] -> 1[3000] via direct shared memory
c196-042:31169:31221 [0] NCCL INFO Channel 05 : 0[2000] -> 1[3000] via direct shared memory
c196-042:31169:31221 [0] NCCL INFO Channel 06 : 0[2000] -> 1[3000] via direct shared memory
c198-052:24382:24441 [1] NCCL INFO Channel 04 : 13[3000] -> 14[82000] via direct shared memory
c198-052:24382:24441 [1] NCCL INFO Channel 05 : 13[3000] -> 14[82000] via direct shared memory
c196-042:31169:31221 [0] NCCL INFO Channel 07 : 0[2000] -> 1[3000] via direct shared memory
c196-051:15763:15824 [0] NCCL INFO Parsed MSCCL Algorithm /home1/09168/ldai1/ccl-build/msccl_tools_lyd/examples/xml/xml_lyd/binary_tree/allreduce_binary_tree_4ch_2tree_16chunk_8node_32gpu.xml successfully.
c196-051:15765:15818 [2] NCCL INFO Parsed MSCCL Algorithm /home1/09168/ldai1/ccl-build/msccl_tools_lyd/examples/xml/xml_lyd/binary_tree/allreduce_binary_tree_4ch_2tree_16chunk_8node_32gpu.xml successfully.
c196-051:15764:15822 [1] NCCL INFO Parsed MSCCL Algorithm /home1/09168/ldai1/ccl-build/msccl_tools_lyd/examples/xml/xml_lyd/binary_tree/allreduce_binary_tree_4ch_2tree_16chunk_8node_32gpu.xml successfully.
c198-052:24382:24441 [1] NCCL INFO Channel 02/0 : 9[3000] -> 13[3000] [receive] via NET/IB/0
c196-051:15763:15824 [0] NCCL INFO Channel 02 : 4[2000] -> 5[3000] via direct shared memory
c196-051:15763:15824 [0] NCCL INFO Channel 03 : 4[2000] -> 5[3000] via direct shared memory
c196-051:15763:15824 [0] NCCL INFO Channel 04 : 4[2000] -> 5[3000] via direct shared memory
c196-051:15763:15824 [0] NCCL INFO Channel 05 : 4[2000] -> 5[3000] via direct shared memory
c196-051:15763:15824 [0] NCCL INFO Channel 06 : 4[2000] -> 5[3000] via direct shared memory
c196-051:15763:15824 [0] NCCL INFO Channel 07 : 4[2000] -> 5[3000] via direct shared memory
c198-052:24381:24440 [0] NCCL INFO Channel 02 : 12[2000] -> 15[83000] via direct shared memory
c198-052:24381:24440 [0] NCCL INFO Channel 03 : 12[2000] -> 15[83000] via direct shared memory
c198-052:24381:24440 [0] NCCL INFO Channel 06 : 12[2000] -> 15[83000] via direct shared memory
c198-052:24381:24440 [0] NCCL INFO Channel 07 : 12[2000] -> 15[83000] via direct shared memory
c198-052:24384:24435 [3] NCCL INFO Channel 01/0 : 11[83000] -> 15[83000] [receive] via NET/IB/0
c198-052:24383:24437 [2] NCCL INFO Channel 03/0 : 10[82000] -> 14[82000] [receive] via NET/IB/0
c198-052:24381:24440 [0] NCCL INFO Channel 04/0 : 4[2000] -> 12[2000] [receive] via NET/IB/0
c196-051:15765:15818 [2] NCCL INFO Channel 02 : 6[82000] -> 7[83000] via direct shared memory
c196-051:15765:15818 [2] NCCL INFO Channel 03 : 6[82000] -> 7[83000] via direct shared memory
c196-051:15765:15818 [2] NCCL INFO Channel 04 : 6[82000] -> 7[83000] via direct shared memory
c196-051:15765:15818 [2] NCCL INFO Channel 05 : 6[82000] -> 7[83000] via direct shared memory
c196-051:15765:15818 [2] NCCL INFO Channel 06 : 6[82000] -> 7[83000] via direct shared memory
c198-071:1992:2051 [1] NCCL INFO Channel 04 : 25[3000] -> 26[82000] via direct shared memory
c196-051:15765:15818 [2] NCCL INFO Channel 07 : 6[82000] -> 7[83000] via direct shared memory
c198-071:1992:2051 [1] NCCL INFO Channel 05 : 25[3000] -> 26[82000] via direct shared memory
c198-071:1992:2051 [1] NCCL INFO Channel 02/0 : 25[3000] -> 29[3000] [send] via NET/IB/0
c198-062:3242:3292 [3] NCCL INFO Channel 01/0 : 23[83000] -> 26[82000] [send] via NET/IB/0
c198-062:3240:3298 [1] NCCL INFO Channel 04 : 21[3000] -> 22[82000] via direct shared memory
c198-072:27943:28002 [0] NCCL INFO Channel 04/0 : 28[2000] -> 12[2000] [send] via NET/IB/0
c198-062:3240:3298 [1] NCCL INFO Channel 05 : 21[3000] -> 22[82000] via direct shared memory
c198-071:1991:2050 [0] NCCL INFO Channel 02/0 : 21[3000] -> 24[2000] [receive] via NET/IB/0
c198-071:1993:2045 [2] NCCL INFO Channel 01/0 : 23[83000] -> 26[82000] [receive] via NET/IB/0
c198-062:3240:3298 [1] NCCL INFO Channel 02/0 : 21[3000] -> 24[2000] [send] via NET/IB/0
c198-062:3239:3297 [0] NCCL INFO Channel 02 : 20[2000] -> 23[83000] via direct shared memory
c198-062:3239:3297 [0] NCCL INFO Channel 03 : 20[2000] -> 23[83000] via direct shared memory
c198-062:3239:3297 [0] NCCL INFO Channel 06 : 20[2000] -> 23[83000] via direct shared memory
c198-062:3239:3297 [0] NCCL INFO Channel 07 : 20[2000] -> 23[83000] via direct shared memory
c198-051:26423:26479 [1] NCCL INFO Channel 04 : 9[3000] -> 10[82000] via direct shared memory
c196-042:31170:31230 [1] NCCL INFO Channel 04 : 1[3000] -> 2[82000] via direct shared memory
c198-051:26423:26479 [1] NCCL INFO Channel 05 : 9[3000] -> 10[82000] via direct shared memory
c196-042:31170:31230 [1] NCCL INFO Channel 05 : 1[3000] -> 2[82000] via direct shared memory
c198-062:3241:3294 [2] NCCL INFO Channel 07/0 : 18[82000] -> 22[82000] [receive] via NET/IB/0
c198-051:26423:26479 [1] NCCL INFO Channel 02/0 : 9[3000] -> 13[3000] [send] via NET/IB/0
c196-051:15764:15822 [1] NCCL INFO Channel 04 : 5[3000] -> 6[82000] via direct shared memory
c196-042:31170:31230 [1] NCCL INFO Channel 06/0 : 1[3000] -> 5[3000] [send] via NET/IB/0
c196-051:15764:15822 [1] NCCL INFO Channel 05 : 5[3000] -> 6[82000] via direct shared memory
c196-051:15766:15820 [3] NCCL INFO Channel 01/0 : 7[83000] -> 10[82000] [send] via NET/IB/0
c196-042:31169:31221 [0] NCCL INFO Channel 02 : 0[2000] -> 3[83000] via direct shared memory
c196-042:31169:31221 [0] NCCL INFO Channel 03 : 0[2000] -> 3[83000] via direct shared memory
c196-042:31169:31221 [0] NCCL INFO Channel 06 : 0[2000] -> 3[83000] via direct shared memory
c196-042:31169:31221 [0] NCCL INFO Channel 07 : 0[2000] -> 3[83000] via direct shared memory
c198-051:26422:26481 [0] NCCL INFO Channel 02/0 : 5[3000] -> 8[2000] [receive] via NET/IB/0
c196-042:31172:31228 [3] NCCL INFO Channel 05/0 : 3[83000] -> 7[83000] [send] via NET/IB/0
c196-051:15764:15822 [1] NCCL INFO Channel 02/0 : 5[3000] -> 8[2000] [send] via NET/IB/0
c198-051:26424:26476 [2] NCCL INFO Channel 01/0 : 7[83000] -> 10[82000] [receive] via NET/IB/0
c196-042:31171:31226 [2] NCCL INFO Channel 07/0 : 2[82000] -> 6[82000] [send] via NET/IB/0
c196-042:31169:31221 [0] NCCL INFO Channel 04/0 : 0[2000] -> 4[2000] [send] via NET/IB/0
c196-051:15763:15824 [0] NCCL INFO Channel 02 : 4[2000] -> 7[83000] via direct shared memory
c196-051:15763:15824 [0] NCCL INFO Channel 03 : 4[2000] -> 7[83000] via direct shared memory
c196-051:15763:15824 [0] NCCL INFO Channel 06 : 4[2000] -> 7[83000] via direct shared memory
c196-051:15763:15824 [0] NCCL INFO Channel 07 : 4[2000] -> 7[83000] via direct shared memory
c196-051:15765:15818 [2] NCCL INFO Channel 07/0 : 2[82000] -> 6[82000] [receive] via NET/IB/0
c198-062:3242:3292 [3] NCCL INFO Channel 07/0 : 23[83000] -> 26[82000] [send] via NET/IB/0
c198-071:1991:2050 [0] NCCL INFO Channel 04/0 : 21[3000] -> 24[2000] [receive] via NET/IB/0
c198-071:1991:2050 [0] NCCL INFO Channel 02 : 24[2000] -> 27[83000] via direct shared memory
c198-071:1991:2050 [0] NCCL INFO Channel 03 : 24[2000] -> 27[83000] via direct shared memory
c198-071:1991:2050 [0] NCCL INFO Channel 06 : 24[2000] -> 27[83000] via direct shared memory
c198-071:1991:2050 [0] NCCL INFO Channel 07 : 24[2000] -> 27[83000] via direct shared memory
c198-071:1994:2047 [3] NCCL INFO Channel 01/0 : 27[83000] -> 31[83000] [send] via NET/IB/0
c198-071:1992:2051 [1] NCCL INFO Channel 06/0 : 20[2000] -> 25[3000] [receive] via NET/IB/0
c198-071:1993:2045 [2] NCCL INFO Channel 07/0 : 23[83000] -> 26[82000] [receive] via NET/IB/0
c198-062:3240:3298 [1] NCCL INFO Channel 04/0 : 21[3000] -> 24[2000] [send] via NET/IB/0
c198-062:3239:3297 [0] NCCL INFO Channel 04/0 : 16[2000] -> 20[2000] [receive] via NET/IB/0
c198-072:27944:28004 [1] NCCL INFO Channel 06/0 : 13[3000] -> 29[3000] [receive] via NET/IB/0
c196-051:15766:15820 [3] NCCL INFO Channel 07/0 : 7[83000] -> 10[82000] [send] via NET/IB/0
c198-061:16958:17013 [2] NCCL INFO Channel 01/0 : 11[83000] -> 18[82000] [receive] via NET/IB/0
c198-062:3241:3294 [2] NCCL INFO Channel 03/0 : 22[82000] -> 27[83000] [send] via NET/IB/0
c198-051:26422:26481 [0] NCCL INFO Channel 04/0 : 5[3000] -> 8[2000] [receive] via NET/IB/0
c198-051:26422:26481 [0] NCCL INFO Channel 02 : 8[2000] -> 11[83000] via direct shared memory
c198-051:26422:26481 [0] NCCL INFO Channel 03 : 8[2000] -> 11[83000] via direct shared memory
c198-051:26422:26481 [0] NCCL INFO Channel 06 : 8[2000] -> 11[83000] via direct shared memory
c198-051:26422:26481 [0] NCCL INFO Channel 07 : 8[2000] -> 11[83000] via direct shared memory
c198-051:26423:26479 [1] NCCL INFO Channel 06/0 : 4[2000] -> 9[3000] [receive] via NET/IB/0
c196-051:15764:15822 [1] NCCL INFO Channel 04/0 : 5[3000] -> 8[2000] [send] via NET/IB/0
c198-051:26425:26477 [3] NCCL INFO Channel 01/0 : 11[83000] -> 15[83000] [send] via NET/IB/0
c198-051:26424:26476 [2] NCCL INFO Channel 07/0 : 7[83000] -> 10[82000] [receive] via NET/IB/0
c198-052:24382:24441 [1] NCCL INFO Channel 04/0 : 13[3000] -> 20[2000] [send] via NET/IB/0
c196-051:15763:15824 [0] NCCL INFO Channel 04/0 : 0[2000] -> 4[2000] [receive] via NET/IB/0
c196-042:31171:31226 [2] NCCL INFO Channel 03/0 : 18[82000] -> 2[82000] [receive] via NET/IB/0
c196-051:15765:15818 [2] NCCL INFO Channel 03/0 : 6[82000] -> 11[83000] [send] via NET/IB/0
c198-072:27944:28004 [1] NCCL INFO Channel 06/0 : 29[3000] -> 13[3000] [send] via NET/IB/0
c198-071:1994:2047 [3] NCCL INFO Channel 03/0 : 22[82000] -> 27[83000] [receive] via NET/IB/0
c198-072:27946:28000 [3] NCCL INFO Channel 05/0 : 15[83000] -> 31[83000] [receive] via NET/IB/0
c198-061:16956:17014 [0] NCCL INFO Channel 02/0 : 9[3000] -> 16[2000] [receive] via NET/IB/0
c198-062:3239:3297 [0] NCCL INFO Channel 06/0 : 20[2000] -> 25[3000] [send] via NET/IB/0
c198-062:3242:3292 [3] NCCL INFO Channel 05/0 : 19[83000] -> 23[83000] [receive] via NET/IB/0
c198-071:1993:2045 [2] NCCL INFO Channel 03/0 : 26[82000] -> 30[82000] [send] via NET/IB/0
c198-062:3240:3298 [1] NCCL INFO Channel 06/0 : 17[3000] -> 21[3000] [receive] via NET/IB/0
c198-062:3241:3294 [2] NCCL INFO Channel 05/0 : 22[82000] -> 27[83000] [send] via NET/IB/0
c198-051:26425:26477 [3] NCCL INFO Channel 03/0 : 6[82000] -> 11[83000] [receive] via NET/IB/0
c198-052:24384:24435 [3] NCCL INFO Channel 07/0 : 15[83000] -> 22[82000] [send] via NET/IB/0
c196-051:15763:15824 [0] NCCL INFO Channel 06/0 : 4[2000] -> 9[3000] [send] via NET/IB/0
c196-042:31169:31221 [0] NCCL INFO Channel 04/0 : 4[2000] -> 0[2000] [receive] via NET/IB/0
c196-042:31171:31226 [2] NCCL INFO Channel 03/0 : 2[82000] -> 18[82000] [send] via NET/IB/0
c196-051:15766:15820 [3] NCCL INFO Channel 05/0 : 3[83000] -> 7[83000] [receive] via NET/IB/0
c196-051:15765:15818 [2] NCCL INFO Channel 05/0 : 6[82000] -> 11[83000] [send] via NET/IB/0
c198-051:26424:26476 [2] NCCL INFO Channel 03/0 : 10[82000] -> 14[82000] [send] via NET/IB/0
c196-051:15764:15822 [1] NCCL INFO Channel 06/0 : 1[3000] -> 5[3000] [receive] via NET/IB/0
c198-071:1994:2047 [3] NCCL INFO Channel 05/0 : 22[82000] -> 27[83000] [receive] via NET/IB/0
c198-072:27946:28000 [3] NCCL INFO Channel 05/0 : 31[83000] -> 15[83000] [send] via NET/IB/0
c198-071:1991:2050 [0] NCCL INFO Channel 02/0 : 24[2000] -> 21[3000] [send] via NET/IB/0
c198-062:3239:3297 [0] NCCL INFO Channel 04/0 : 13[3000] -> 20[2000] [receive] via NET/IB/0
c198-071:1992:2051 [1] NCCL INFO Channel 02/0 : 17[3000] -> 25[3000] [receive] via NET/IB/0
c198-071:1993:2045 [2] NCCL INFO Channel 03/0 : 18[82000] -> 26[82000] [receive] via NET/IB/0
c198-061:16959:17011 [3] NCCL INFO Channel 01/0 : 19[83000] -> 27[83000] [send] via NET/IB/0
c198-062:3242:3292 [3] NCCL INFO Channel 05/0 : 14[82000] -> 23[83000] [receive] via NET/IB/0
c198-061:16957:17015 [1] NCCL INFO Channel 02/0 : 17[3000] -> 25[3000] [send] via NET/IB/0
c198-062:3240:3298 [1] NCCL INFO Channel 06/0 : 12[2000] -> 21[3000] [receive] via NET/IB/0
c198-072:27945:27999 [2] NCCL INFO Channel 07/0 : 14[82000] -> 30[82000] [receive] via NET/IB/0
c198-051:26425:26477 [3] NCCL INFO Channel 05/0 : 6[82000] -> 11[83000] [receive] via NET/IB/0
c198-051:26422:26481 [0] NCCL INFO Channel 02/0 : 8[2000] -> 5[3000] [send] via NET/IB/0
c198-051:26423:26479 [1] NCCL INFO Channel 02/0 : 9[3000] -> 16[2000] [send] via NET/IB/0
c196-051:15763:15824 [0] NCCL INFO Channel 04/0 : 4[2000] -> 12[2000] [send] via NET/IB/0
c196-042:31172:31228 [3] NCCL INFO Channel 01/0 : 19[83000] -> 3[83000] [receive] via NET/IB/0
c196-051:15766:15820 [3] NCCL INFO Channel 05/0 : 7[83000] -> 15[83000] [send] via NET/IB/0
c198-051:26424:26476 [2] NCCL INFO Channel 03/0 : 10[82000] -> 19[83000] [send] via NET/IB/0
c198-052:24383:24437 [2] NCCL INFO Channel 07/0 : 6[82000] -> 14[82000] [receive] via NET/IB/0
c198-071:1991:2050 [0] NCCL INFO Channel 04/0 : 24[2000] -> 21[3000] [send] via NET/IB/0
c196-042:31170:31230 [1] NCCL INFO Channel 02/0 : 17[3000] -> 1[3000] [receive] via NET/IB/0
c196-051:15764:15822 [1] NCCL INFO Channel 06/0 : 5[3000] -> 13[3000] [send] via NET/IB/0
c198-062:3241:3294 [2] NCCL INFO Channel 07/0 : 15[83000] -> 22[82000] [receive] via NET/IB/0
c198-071:1994:2047 [3] NCCL INFO Channel 01/0 : 19[83000] -> 27[83000] [receive] via NET/IB/0
c198-052:24382:24441 [1] NCCL INFO Channel 06/0 : 5[3000] -> 13[3000] [receive] via NET/IB/0
c198-062:3239:3297 [0] NCCL INFO Channel 04/0 : 20[2000] -> 13[3000] [send] via NET/IB/0
c198-072:27945:27999 [2] NCCL INFO Channel 07/0 : 30[82000] -> 14[82000] [send] via NET/IB/0
c198-051:26422:26481 [0] NCCL INFO Channel 04/0 : 8[2000] -> 5[3000] [send] via NET/IB/0
c198-061:16957:17015 [1] NCCL INFO Channel 02/0 : 1[3000] -> 17[3000] [receive] via NET/IB/0
c198-071:1992:2051 [1] NCCL INFO Channel 02/0 : 25[3000] -> 17[3000] [send] via NET/IB/0
c196-051:15765:15818 [2] NCCL INFO Channel 07/0 : 6[82000] -> 14[82000] [send] via NET/IB/0
c198-051:26425:26477 [3] NCCL INFO Channel 01/0 : 11[83000] -> 18[82000] [send] via NET/IB/0
c196-042:31172:31228 [3] NCCL INFO Channel 01/0 : 3[83000] -> 19[83000] [send] via NET/IB/0
c198-051:26423:26479 [1] NCCL INFO Channel 02/0 : 16[2000] -> 9[3000] [receive] via NET/IB/0
c198-061:16956:17014 [0] NCCL INFO Channel 02/0 : 16[2000] -> 9[3000] [send] via NET/IB/0
c196-042:31170:31230 [1] NCCL INFO Channel 02/0 : 1[3000] -> 17[3000] [send] via NET/IB/0
c196-051:15763:15824 [0] NCCL INFO Channel 04/0 : 12[2000] -> 4[2000] [receive] via NET/IB/0
c198-052:24381:24440 [0] NCCL INFO Channel 06/0 : 12[2000] -> 21[3000] [send] via NET/IB/0
c198-052:24384:24435 [3] NCCL INFO Channel 05/0 : 7[83000] -> 15[83000] [receive] via NET/IB/0
c198-062:3241:3294 [2] NCCL INFO Channel 07/0 : 22[82000] -> 15[83000] [send] via NET/IB/0
c198-061:16959:17011 [3] NCCL INFO Channel 03/0 : 10[82000] -> 19[83000] [receive] via NET/IB/0
c198-071:1994:2047 [3] NCCL INFO Channel 01/0 : 27[83000] -> 19[83000] [send] via NET/IB/0
c198-061:16957:17015 [1] NCCL INFO Channel 02/0 : 17[3000] -> 1[3000] [send] via NET/IB/0
c198-052:24382:24441 [1] NCCL INFO Channel 06/0 : 29[3000] -> 13[3000] [receive] via NET/IB/0
c196-051:15764:15822 [1] NCCL INFO Channel 06/0 : 13[3000] -> 5[3000] [receive] via NET/IB/0
c196-051:15765:15818 [2] NCCL INFO Channel 07/0 : 14[82000] -> 6[82000] [receive] via NET/IB/0
c198-052:24383:24437 [2] NCCL INFO Channel 05/0 : 14[82000] -> 23[83000] [send] via NET/IB/0
c198-051:26425:26477 [3] NCCL INFO Channel 01/0 : 18[82000] -> 11[83000] [receive] via NET/IB/0
c198-061:16958:17013 [2] NCCL INFO Channel 03/0 : 18[82000] -> 26[82000] [send] via NET/IB/0
c198-061:16956:17014 [0] NCCL INFO Channel 04/0 : 20[2000] -> 16[2000] [receive] via NET/IB/0
c198-051:26423:26479 [1] NCCL INFO Channel 06/0 : 9[3000] -> 4[2000] [send] via NET/IB/0
c198-062:3240:3298 [1] NCCL INFO Channel 06/0 : 21[3000] -> 12[2000] [send] via NET/IB/0
c198-052:24381:24440 [0] NCCL INFO Channel 04/0 : 28[2000] -> 12[2000] [receive] via NET/IB/0
c198-052:24382:24441 [1] NCCL INFO Channel 06/0 : 13[3000] -> 29[3000] [send] via NET/IB/0
c196-051:15766:15820 [3] NCCL INFO Channel 05/0 : 15[83000] -> 7[83000] [receive] via NET/IB/0
c198-051:26424:26476 [2] NCCL INFO Channel 03/0 : 19[83000] -> 10[82000] [receive] via NET/IB/0
c198-052:24384:24435 [3] NCCL INFO Channel 05/0 : 31[83000] -> 15[83000] [receive] via NET/IB/0
c198-061:16959:17011 [3] NCCL INFO Channel 01/0 : 3[83000] -> 19[83000] [receive] via NET/IB/0
c196-042:31170:31230 [1] NCCL INFO Channel 06/0 : 5[3000] -> 1[3000] [receive] via NET/IB/0
c198-061:16957:17015 [1] NCCL INFO Channel 02/0 : 25[3000] -> 17[3000] [receive] via NET/IB/0
c198-052:24383:24437 [2] NCCL INFO Channel 07/0 : 30[82000] -> 14[82000] [receive] via NET/IB/0
c198-062:3242:3292 [3] NCCL INFO Channel 05/0 : 23[83000] -> 14[82000] [send] via NET/IB/0
c198-061:16958:17013 [2] NCCL INFO Channel 03/0 : 2[82000] -> 18[82000] [receive] via NET/IB/0
c198-071:1993:2045 [2] NCCL INFO Channel 03/0 : 26[82000] -> 18[82000] [send] via NET/IB/0
c198-052:24381:24440 [0] NCCL INFO Channel 04/0 : 12[2000] -> 28[2000] [send] via NET/IB/0
c198-052:24384:24435 [3] NCCL INFO Channel 05/0 : 15[83000] -> 31[83000] [send] via NET/IB/0
c198-061:16959:17011 [3] NCCL INFO Channel 01/0 : 19[83000] -> 3[83000] [send] via NET/IB/0
c198-072:27944:28004 [1] NCCL INFO Channel 02/0 : 29[3000] -> 25[3000] [send] via NET/IB/0
c198-052:24382:24441 [1] NCCL INFO Channel 06/0 : 13[3000] -> 5[3000] [send] via NET/IB/0
c198-071:1992:2051 [1] NCCL INFO Channel 06/0 : 25[3000] -> 20[2000] [send] via NET/IB/0
c198-061:16957:17015 [1] NCCL INFO Channel 06/0 : 21[3000] -> 17[3000] [receive] via NET/IB/0
c198-052:24383:24437 [2] NCCL INFO Channel 07/0 : 14[82000] -> 30[82000] [send] via NET/IB/0
c198-061:16958:17013 [2] NCCL INFO Channel 03/0 : 18[82000] -> 2[82000] [send] via NET/IB/0
c198-052:24381:24440 [0] NCCL INFO Channel 06/0 : 21[3000] -> 12[2000] [receive] via NET/IB/0
c198-052:24384:24435 [3] NCCL INFO Channel 05/0 : 15[83000] -> 7[83000] [send] via NET/IB/0
c198-072:27946:28000 [3] NCCL INFO Channel 01/0 : 31[83000] -> 27[83000] [send] via NET/IB/0
c198-061:16959:17011 [3] NCCL INFO Channel 03/0 : 19[83000] -> 10[82000] [send] via NET/IB/0
c196-042:31172:31228 [3] NCCL INFO Channel 05/0 : 7[83000] -> 3[83000] [receive] via NET/IB/0
c198-052:24382:24441 [1] NCCL INFO Channel 04/0 : 20[2000] -> 13[3000] [receive] via NET/IB/0
c196-051:15764:15822 [1] NCCL INFO Channel 06/0 : 5[3000] -> 1[3000] [send] via NET/IB/0
c198-052:24383:24437 [2] NCCL INFO Channel 05/0 : 23[83000] -> 14[82000] [receive] via NET/IB/0
c196-042:31171:31226 [2] NCCL INFO Channel 07/0 : 6[82000] -> 2[82000] [receive] via NET/IB/0
c198-061:16958:17013 [2] NCCL INFO Channel 03/0 : 26[82000] -> 18[82000] [receive] via NET/IB/0
c198-072:27945:27999 [2] NCCL INFO Channel 03/0 : 30[82000] -> 26[82000] [send] via NET/IB/0
c196-042:31170:31230 [1] NCCL INFO Channel 02 : 1[3000] -> 0[2000] via direct shared memory
c196-042:31170:31230 [1] NCCL INFO Channel 03 : 1[3000] -> 0[2000] via direct shared memory
c196-042:31170:31230 [1] NCCL INFO Channel 04 : 1[3000] -> 0[2000] via direct shared memory
c196-042:31170:31230 [1] NCCL INFO Channel 05 : 1[3000] -> 0[2000] via direct shared memory
c196-042:31170:31230 [1] NCCL INFO Channel 06 : 1[3000] -> 0[2000] via direct shared memory
c196-042:31170:31230 [1] NCCL INFO Channel 07 : 1[3000] -> 0[2000] via direct shared memory
c198-062:3240:3298 [1] NCCL INFO Channel 06/0 : 21[3000] -> 17[3000] [send] via NET/IB/0
c198-052:24384:24435 [3] NCCL INFO Channel 07/0 : 22[82000] -> 15[83000] [receive] via NET/IB/0
c198-061:16959:17011 [3] NCCL INFO Channel 01/0 : 27[83000] -> 19[83000] [receive] via NET/IB/0
c198-052:24381:24440 [0] NCCL INFO Channel 04/0 : 12[2000] -> 4[2000] [send] via NET/IB/0
c196-051:15766:15820 [3] NCCL INFO Channel 05/0 : 7[83000] -> 3[83000] [send] via NET/IB/0
c198-051:26424:26476 [2] NCCL INFO Channel 03/0 : 14[82000] -> 10[82000] [receive] via NET/IB/0
c196-042:31172:31228 [3] NCCL INFO Channel 02 : 3[83000] -> 0[2000] via direct shared memory
c196-042:31172:31228 [3] NCCL INFO Channel 03 : 3[83000] -> 0[2000] via direct shared memory
c196-042:31172:31228 [3] NCCL INFO Channel 06 : 3[83000] -> 0[2000] via direct shared memory
c196-042:31172:31228 [3] NCCL INFO Channel 07 : 3[83000] -> 0[2000] via direct shared memory
c198-062:3239:3297 [0] NCCL INFO Channel 06/0 : 25[3000] -> 20[2000] [receive] via NET/IB/0
c198-052:24382:24441 [1] NCCL INFO Channel 02/0 : 13[3000] -> 9[3000] [send] via NET/IB/0
c196-051:15764:15822 [1] NCCL INFO Channel 02/0 : 8[2000] -> 5[3000] [receive] via NET/IB/0
c198-062:3242:3292 [3] NCCL INFO Channel 05/0 : 23[83000] -> 19[83000] [send] via NET/IB/0
c198-061:16957:17015 [1] NCCL INFO Channel 02 : 17[3000] -> 16[2000] via direct shared memory
c198-061:16957:17015 [1] NCCL INFO Channel 03 : 17[3000] -> 16[2000] via direct shared memory
c198-061:16957:17015 [1] NCCL INFO Channel 04 : 17[3000] -> 16[2000] via direct shared memory
c198-061:16957:17015 [1] NCCL INFO Channel 05 : 17[3000] -> 16[2000] via direct shared memory
c198-061:16957:17015 [1] NCCL INFO Channel 06 : 17[3000] -> 16[2000] via direct shared memory
c198-052:24383:24437 [2] NCCL INFO Channel 07/0 : 14[82000] -> 6[82000] [send] via NET/IB/0
c198-061:16957:17015 [1] NCCL INFO Channel 07 : 17[3000] -> 16[2000] via direct shared memory
c198-071:1993:2045 [2] NCCL INFO Channel 03/0 : 30[82000] -> 26[82000] [receive] via NET/IB/0
c198-061:16958:17013 [2] NCCL INFO Channel 01/0 : 18[82000] -> 11[83000] [send] via NET/IB/0
c198-062:3240:3298 [1] NCCL INFO Channel 02/0 : 24[2000] -> 21[3000] [receive] via NET/IB/0
c198-062:3241:3294 [2] NCCL INFO Channel 03/0 : 27[83000] -> 22[82000] [receive] via NET/IB/0
c198-071:1994:2047 [3] NCCL INFO Channel 03/0 : 27[83000] -> 22[82000] [send] via NET/IB/0
c198-052:24384:24435 [3] NCCL INFO Channel 01/0 : 15[83000] -> 11[83000] [send] via NET/IB/0
c196-051:15766:15820 [3] NCCL INFO Channel 01/0 : 10[82000] -> 7[83000] [receive] via NET/IB/0
c198-061:16959:17011 [3] NCCL INFO Channel 05/0 : 23[83000] -> 19[83000] [receive] via NET/IB/0
c196-051:15763:15824 [0] NCCL INFO Channel 06/0 : 9[3000] -> 4[2000] [receive] via NET/IB/0
c196-051:15764:15822 [1] NCCL INFO Channel 04/0 : 8[2000] -> 5[3000] [receive] via NET/IB/0
c198-061:16959:17011 [3] NCCL INFO Channel 02 : 19[83000] -> 16[2000] via direct shared memory
c198-061:16959:17011 [3] NCCL INFO Channel 03 : 19[83000] -> 16[2000] via direct shared memory
c198-061:16959:17011 [3] NCCL INFO Channel 06 : 19[83000] -> 16[2000] via direct shared memory
c198-061:16959:17011 [3] NCCL INFO Channel 07 : 19[83000] -> 16[2000] via direct shared memory
c198-071:1992:2051 [1] NCCL INFO Channel 02/0 : 29[3000] -> 25[3000] [receive] via NET/IB/0
c198-062:3239:3297 [0] NCCL INFO Channel 04/0 : 20[2000] -> 16[2000] [send] via NET/IB/0
c198-052:24383:24437 [2] NCCL INFO Channel 03/0 : 14[82000] -> 10[82000] [send] via NET/IB/0
c196-051:15765:15818 [2] NCCL INFO Channel 03/0 : 11[83000] -> 6[82000] [receive] via NET/IB/0
c198-071:1993:2045 [2] NCCL INFO Channel 01/0 : 26[82000] -> 23[83000] [send] via NET/IB/0
c198-061:16958:17013 [2] NCCL INFO Channel 07/0 : 22[82000] -> 18[82000] [receive] via NET/IB/0
c198-051:26425:26477 [3] NCCL INFO Channel 03/0 : 11[83000] -> 6[82000] [send] via NET/IB/0
c198-072:27945:27999 [2] NCCL INFO Channel 04 : 30[82000] -> 29[3000] via direct shared memory
c198-072:27945:27999 [2] NCCL INFO Channel 05 : 30[82000] -> 29[3000] via direct shared memory
c198-071:1992:2051 [1] NCCL INFO Channel 02 : 25[3000] -> 24[2000] via direct shared memory
c198-071:1992:2051 [1] NCCL INFO Channel 03 : 25[3000] -> 24[2000] via direct shared memory
c198-071:1992:2051 [1] NCCL INFO Channel 04 : 25[3000] -> 24[2000] via direct shared memory
c198-071:1992:2051 [1] NCCL INFO Channel 05 : 25[3000] -> 24[2000] via direct shared memory
c198-071:1992:2051 [1] NCCL INFO Channel 06 : 25[3000] -> 24[2000] via direct shared memory
c198-071:1992:2051 [1] NCCL INFO Channel 07 : 25[3000] -> 24[2000] via direct shared memory
c198-072:27944:28004 [1] NCCL INFO Channel 02 : 29[3000] -> 28[2000] via direct shared memory
c198-072:27944:28004 [1] NCCL INFO Channel 03 : 29[3000] -> 28[2000] via direct shared memory
c198-072:27944:28004 [1] NCCL INFO Channel 04 : 29[3000] -> 28[2000] via direct shared memory
c198-072:27944:28004 [1] NCCL INFO Channel 05 : 29[3000] -> 28[2000] via direct shared memory
c198-072:27944:28004 [1] NCCL INFO Channel 06 : 29[3000] -> 28[2000] via direct shared memory
c198-072:27944:28004 [1] NCCL INFO Channel 07 : 29[3000] -> 28[2000] via direct shared memory
c198-062:3240:3298 [1] NCCL INFO Channel 04/0 : 24[2000] -> 21[3000] [receive] via NET/IB/0
c198-062:3241:3294 [2] NCCL INFO Channel 05/0 : 27[83000] -> 22[82000] [receive] via NET/IB/0
c198-071:1994:2047 [3] NCCL INFO Channel 05/0 : 27[83000] -> 22[82000] [send] via NET/IB/0
c196-051:15766:15820 [3] NCCL INFO Channel 07/0 : 10[82000] -> 7[83000] [receive] via NET/IB/0
c196-051:15766:15820 [3] NCCL INFO Channel 02 : 7[83000] -> 4[2000] via direct shared memory
c196-051:15766:15820 [3] NCCL INFO Channel 03 : 7[83000] -> 4[2000] via direct shared memory
c196-051:15766:15820 [3] NCCL INFO Channel 06 : 7[83000] -> 4[2000] via direct shared memory
c196-051:15766:15820 [3] NCCL INFO Channel 07 : 7[83000] -> 4[2000] via direct shared memory
c198-062:3242:3292 [3] NCCL INFO Channel 01/0 : 26[82000] -> 23[83000] [receive] via NET/IB/0
c198-051:26423:26479 [1] NCCL INFO Channel 02/0 : 13[3000] -> 9[3000] [receive] via NET/IB/0
c196-051:15763:15824 [0] NCCL INFO Channel 04/0 : 4[2000] -> 0[2000] [send] via NET/IB/0
c198-061:16959:17011 [3] NCCL INFO Channel 02 : 19[83000] -> 18[82000] via direct shared memory
c198-061:16959:17011 [3] NCCL INFO Channel 03 : 19[83000] -> 18[82000] via direct shared memory
c198-061:16959:17011 [3] NCCL INFO Channel 04 : 19[83000] -> 18[82000] via direct shared memory
c198-061:16959:17011 [3] NCCL INFO Channel 05 : 19[83000] -> 18[82000] via direct shared memory
c198-061:16959:17011 [3] NCCL INFO Channel 06 : 19[83000] -> 18[82000] via direct shared memory
c198-061:16959:17011 [3] NCCL INFO Channel 07 : 19[83000] -> 18[82000] via direct shared memory
c196-051:15765:15818 [2] NCCL INFO Channel 05/0 : 11[83000] -> 6[82000] [receive] via NET/IB/0
c198-071:1993:2045 [2] NCCL INFO Channel 07/0 : 26[82000] -> 23[83000] [send] via NET/IB/0
c198-051:26425:26477 [3] NCCL INFO Channel 05/0 : 11[83000] -> 6[82000] [send] via NET/IB/0
c198-052:24383:24437 [2] NCCL INFO Channel 04 : 14[82000] -> 13[3000] via direct shared memory
c198-052:24383:24437 [2] NCCL INFO Channel 05 : 14[82000] -> 13[3000] via direct shared memory
c198-051:26424:26476 [2] NCCL INFO Channel 01/0 : 10[82000] -> 7[83000] [send] via NET/IB/0
c198-051:26423:26479 [1] NCCL INFO Channel 02 : 9[3000] -> 8[2000] via direct shared memory
c198-051:26423:26479 [1] NCCL INFO Channel 03 : 9[3000] -> 8[2000] via direct shared memory
c198-051:26423:26479 [1] NCCL INFO Channel 04 : 9[3000] -> 8[2000] via direct shared memory
c198-051:26423:26479 [1] NCCL INFO Channel 05 : 9[3000] -> 8[2000] via direct shared memory
c198-051:26423:26479 [1] NCCL INFO Channel 06 : 9[3000] -> 8[2000] via direct shared memory
c198-051:26423:26479 [1] NCCL INFO Channel 07 : 9[3000] -> 8[2000] via direct shared memory
c198-052:24382:24441 [1] NCCL INFO Channel 02 : 13[3000] -> 12[2000] via direct shared memory
c198-052:24382:24441 [1] NCCL INFO Channel 03 : 13[3000] -> 12[2000] via direct shared memory
c198-052:24382:24441 [1] NCCL INFO Channel 04 : 13[3000] -> 12[2000] via direct shared memory
c198-052:24382:24441 [1] NCCL INFO Channel 05 : 13[3000] -> 12[2000] via direct shared memory
c198-052:24382:24441 [1] NCCL INFO Channel 06 : 13[3000] -> 12[2000] via direct shared memory
c198-052:24382:24441 [1] NCCL INFO Channel 07 : 13[3000] -> 12[2000] via direct shared memory
c198-062:3242:3292 [3] NCCL INFO Channel 07/0 : 26[82000] -> 23[83000] [receive] via NET/IB/0
c198-062:3242:3292 [3] NCCL INFO Channel 02 : 23[83000] -> 20[2000] via direct shared memory
c198-062:3242:3292 [3] NCCL INFO Channel 03 : 23[83000] -> 20[2000] via direct shared memory
c198-062:3242:3292 [3] NCCL INFO Channel 06 : 23[83000] -> 20[2000] via direct shared memory
c198-062:3242:3292 [3] NCCL INFO Channel 07 : 23[83000] -> 20[2000] via direct shared memory
c198-061:16956:17014 [0] NCCL INFO Connected 1 MSCCL algorithms
c198-061:16956:17014 [0] NCCL INFO NCCL_PROTO set by environment to Simple
c198-061:16956:17014 [0] NCCL INFO NCCL_ALGO set by environment to MSCCL,TREE,RING
c198-061:16956:17014 [0] NCCL INFO threadThresholds 8/8/64 | 256/8/64 | 8/8/64 | 8/8/512
c198-061:16956:17014 [0] NCCL INFO 8 coll channels, 2 p2p channels, 2 p2p channels per peer
c198-071:1994:2047 [3] NCCL INFO Channel 01/0 : 31[83000] -> 27[83000] [receive] via NET/IB/0
c198-062:3241:3294 [2] NCCL INFO Channel 07/0 : 22[82000] -> 18[82000] [send] via NET/IB/0
c196-042:31172:31228 [3] NCCL INFO Channel 02 : 3[83000] -> 2[82000] via direct shared memory
c196-042:31172:31228 [3] NCCL INFO Channel 03 : 3[83000] -> 2[82000] via direct shared memory
c196-042:31172:31228 [3] NCCL INFO Channel 04 : 3[83000] -> 2[82000] via direct shared memory
c196-042:31172:31228 [3] NCCL INFO Channel 05 : 3[83000] -> 2[82000] via direct shared memory
c196-042:31172:31228 [3] NCCL INFO Channel 06 : 3[83000] -> 2[82000] via direct shared memory
c196-042:31172:31228 [3] NCCL INFO Channel 07 : 3[83000] -> 2[82000] via direct shared memory
c198-072:27946:28000 [3] NCCL INFO Channel 02 : 31[83000] -> 28[2000] via direct shared memory
c198-072:27946:28000 [3] NCCL INFO Channel 03 : 31[83000] -> 28[2000] via direct shared memory
c198-072:27946:28000 [3] NCCL INFO Channel 06 : 31[83000] -> 28[2000] via direct shared memory
c198-072:27946:28000 [3] NCCL INFO Channel 07 : 31[83000] -> 28[2000] via direct shared memory
c198-071:1994:2047 [3] NCCL INFO Channel 02 : 27[83000] -> 24[2000] via direct shared memory
c198-071:1994:2047 [3] NCCL INFO Channel 03 : 27[83000] -> 24[2000] via direct shared memory
c198-071:1994:2047 [3] NCCL INFO Channel 06 : 27[83000] -> 24[2000] via direct shared memory
c198-071:1994:2047 [3] NCCL INFO Channel 07 : 27[83000] -> 24[2000] via direct shared memory
c198-051:26424:26476 [2] NCCL INFO Channel 07/0 : 10[82000] -> 7[83000] [send] via NET/IB/0
c198-072:27946:28000 [3] NCCL INFO Channel 02 : 31[83000] -> 30[82000] via direct shared memory
c198-072:27946:28000 [3] NCCL INFO Channel 03 : 31[83000] -> 30[82000] via direct shared memory
c198-072:27946:28000 [3] NCCL INFO Channel 04 : 31[83000] -> 30[82000] via direct shared memory
c198-072:27946:28000 [3] NCCL INFO Channel 05 : 31[83000] -> 30[82000] via direct shared memory
c198-072:27946:28000 [3] NCCL INFO Channel 06 : 31[83000] -> 30[82000] via direct shared memory
c198-072:27946:28000 [3] NCCL INFO Channel 07 : 31[83000] -> 30[82000] via direct shared memory
c198-071:1994:2047 [3] NCCL INFO Channel 02 : 27[83000] -> 26[82000] via direct shared memory
c198-071:1994:2047 [3] NCCL INFO Channel 03 : 27[83000] -> 26[82000] via direct shared memory
c198-071:1994:2047 [3] NCCL INFO Channel 04 : 27[83000] -> 26[82000] via direct shared memory
c198-071:1994:2047 [3] NCCL INFO Channel 05 : 27[83000] -> 26[82000] via direct shared memory
c198-071:1994:2047 [3] NCCL INFO Channel 06 : 27[83000] -> 26[82000] via direct shared memory
c198-071:1994:2047 [3] NCCL INFO Channel 07 : 27[83000] -> 26[82000] via direct shared memory
c198-062:3242:3292 [3] NCCL INFO Channel 02 : 23[83000] -> 22[82000] via direct shared memory
c198-062:3242:3292 [3] NCCL INFO Channel 03 : 23[83000] -> 22[82000] via direct shared memory
c198-062:3242:3292 [3] NCCL INFO Channel 04 : 23[83000] -> 22[82000] via direct shared memory
c198-062:3242:3292 [3] NCCL INFO Channel 05 : 23[83000] -> 22[82000] via direct shared memory
c198-062:3242:3292 [3] NCCL INFO Channel 06 : 23[83000] -> 22[82000] via direct shared memory
c198-062:3242:3292 [3] NCCL INFO Channel 07 : 23[83000] -> 22[82000] via direct shared memory
c198-072:27945:27999 [2] NCCL INFO Connected 1 MSCCL algorithms
c198-072:27945:27999 [2] NCCL INFO NCCL_PROTO set by environment to Simple
c198-072:27945:27999 [2] NCCL INFO NCCL_ALGO set by environment to MSCCL,TREE,RING
c198-072:27945:27999 [2] NCCL INFO threadThresholds 8/8/64 | 256/8/64 | 8/8/64 | 8/8/512
c198-072:27945:27999 [2] NCCL INFO 8 coll channels, 2 p2p channels, 2 p2p channels per peer
