TACC:  Starting up job 6212684 
TACC:  Starting parallel tasks... 
# nThread 1 nGpus 1 minBytes 65536 maxBytes 268435456 step: 2(factor) warmup iters: 5 iters: 60 agg iters: 1 validation: 1 graph: 0
#
# Using devices
#  Rank  0 Group  0 Pid  14161 on   c197-081 device  0 [0x02] Quadro RTX 5000
#  Rank  1 Group  0 Pid  14162 on   c197-081 device  1 [0x03] Quadro RTX 5000
#  Rank  2 Group  0 Pid  14163 on   c197-081 device  2 [0x82] Quadro RTX 5000
#  Rank  3 Group  0 Pid  14164 on   c197-081 device  3 [0x83] Quadro RTX 5000
#  Rank  4 Group  0 Pid  20401 on   c197-082 device  0 [0x02] Quadro RTX 5000
#  Rank  5 Group  0 Pid  20402 on   c197-082 device  1 [0x03] Quadro RTX 5000
#  Rank  6 Group  0 Pid  20403 on   c197-082 device  2 [0x82] Quadro RTX 5000
#  Rank  7 Group  0 Pid  20404 on   c197-082 device  3 [0x83] Quadro RTX 5000
#  Rank  8 Group  0 Pid   7643 on   c197-091 device  0 [0x02] Quadro RTX 5000
#  Rank  9 Group  0 Pid   7644 on   c197-091 device  1 [0x03] Quadro RTX 5000
#  Rank 10 Group  0 Pid   7645 on   c197-091 device  2 [0x82] Quadro RTX 5000
#  Rank 11 Group  0 Pid   7646 on   c197-091 device  3 [0x83] Quadro RTX 5000
#  Rank 12 Group  0 Pid  18713 on   c197-092 device  0 [0x02] Quadro RTX 5000
#  Rank 13 Group  0 Pid  18714 on   c197-092 device  1 [0x03] Quadro RTX 5000
#  Rank 14 Group  0 Pid  18715 on   c197-092 device  2 [0x82] Quadro RTX 5000
#  Rank 15 Group  0 Pid  18716 on   c197-092 device  3 [0x83] Quadro RTX 5000
#  Rank 16 Group  0 Pid  23304 on   c197-101 device  0 [0x02] Quadro RTX 5000
#  Rank 17 Group  0 Pid  23305 on   c197-101 device  1 [0x03] Quadro RTX 5000
#  Rank 18 Group  0 Pid  23306 on   c197-101 device  2 [0x82] Quadro RTX 5000
#  Rank 19 Group  0 Pid  23307 on   c197-101 device  3 [0x83] Quadro RTX 5000
#  Rank 20 Group  0 Pid   1023 on   c197-102 device  0 [0x02] Quadro RTX 5000
#  Rank 21 Group  0 Pid   1024 on   c197-102 device  1 [0x03] Quadro RTX 5000
#  Rank 22 Group  0 Pid   1025 on   c197-102 device  2 [0x82] Quadro RTX 5000
#  Rank 23 Group  0 Pid   1026 on   c197-102 device  3 [0x83] Quadro RTX 5000
#  Rank 24 Group  0 Pid  12394 on   c197-111 device  0 [0x02] Quadro RTX 5000
#  Rank 25 Group  0 Pid  12395 on   c197-111 device  1 [0x03] Quadro RTX 5000
#  Rank 26 Group  0 Pid  12396 on   c197-111 device  2 [0x82] Quadro RTX 5000
#  Rank 27 Group  0 Pid  12397 on   c197-111 device  3 [0x83] Quadro RTX 5000
#  Rank 28 Group  0 Pid  23492 on   c197-112 device  0 [0x02] Quadro RTX 5000
#  Rank 29 Group  0 Pid  23493 on   c197-112 device  1 [0x03] Quadro RTX 5000
#  Rank 30 Group  0 Pid  23494 on   c197-112 device  2 [0x82] Quadro RTX 5000
#  Rank 31 Group  0 Pid  23495 on   c197-112 device  3 [0x83] Quadro RTX 5000
#  Rank 32 Group  0 Pid  22529 on   c198-011 device  0 [0x02] Quadro RTX 5000
#  Rank 33 Group  0 Pid  22530 on   c198-011 device  1 [0x03] Quadro RTX 5000
#  Rank 34 Group  0 Pid  22531 on   c198-011 device  2 [0x82] Quadro RTX 5000
#  Rank 35 Group  0 Pid  22532 on   c198-011 device  3 [0x83] Quadro RTX 5000
#  Rank 36 Group  0 Pid  19576 on   c198-012 device  0 [0x02] Quadro RTX 5000
#  Rank 37 Group  0 Pid  19577 on   c198-012 device  1 [0x03] Quadro RTX 5000
#  Rank 38 Group  0 Pid  19578 on   c198-012 device  2 [0x82] Quadro RTX 5000
#  Rank 39 Group  0 Pid  19579 on   c198-012 device  3 [0x83] Quadro RTX 5000
#  Rank 40 Group  0 Pid  31505 on   c198-021 device  0 [0x02] Quadro RTX 5000
#  Rank 41 Group  0 Pid  31506 on   c198-021 device  1 [0x03] Quadro RTX 5000
#  Rank 42 Group  0 Pid  31507 on   c198-021 device  2 [0x82] Quadro RTX 5000
#  Rank 43 Group  0 Pid  31508 on   c198-021 device  3 [0x83] Quadro RTX 5000
#  Rank 44 Group  0 Pid  29108 on   c198-022 device  0 [0x02] Quadro RTX 5000
#  Rank 45 Group  0 Pid  29109 on   c198-022 device  1 [0x03] Quadro RTX 5000
#  Rank 46 Group  0 Pid  29110 on   c198-022 device  2 [0x82] Quadro RTX 5000
#  Rank 47 Group  0 Pid  29111 on   c198-022 device  3 [0x83] Quadro RTX 5000
#  Rank 48 Group  0 Pid  31915 on   c198-031 device  0 [0x02] Quadro RTX 5000
#  Rank 49 Group  0 Pid  31916 on   c198-031 device  1 [0x03] Quadro RTX 5000
#  Rank 50 Group  0 Pid  31917 on   c198-031 device  2 [0x82] Quadro RTX 5000
#  Rank 51 Group  0 Pid  31918 on   c198-031 device  3 [0x83] Quadro RTX 5000
#  Rank 52 Group  0 Pid  25712 on   c198-032 device  0 [0x02] Quadro RTX 5000
#  Rank 53 Group  0 Pid  25713 on   c198-032 device  1 [0x03] Quadro RTX 5000
#  Rank 54 Group  0 Pid  25714 on   c198-032 device  2 [0x82] Quadro RTX 5000
#  Rank 55 Group  0 Pid  25715 on   c198-032 device  3 [0x83] Quadro RTX 5000
#  Rank 56 Group  0 Pid  12901 on   c198-041 device  0 [0x02] Quadro RTX 5000
#  Rank 57 Group  0 Pid  12902 on   c198-041 device  1 [0x03] Quadro RTX 5000
#  Rank 58 Group  0 Pid  12903 on   c198-041 device  2 [0x82] Quadro RTX 5000
#  Rank 59 Group  0 Pid  12904 on   c198-041 device  3 [0x83] Quadro RTX 5000
#  Rank 60 Group  0 Pid  15102 on   c198-042 device  0 [0x02] Quadro RTX 5000
#  Rank 61 Group  0 Pid  15103 on   c198-042 device  1 [0x03] Quadro RTX 5000
#  Rank 62 Group  0 Pid  15104 on   c198-042 device  2 [0x82] Quadro RTX 5000
#  Rank 63 Group  0 Pid  15105 on   c198-042 device  3 [0x83] Quadro RTX 5000
The MSCCL XML file exists: /home1/09168/ldai1/ccl-build/msccl_tools_lyd/examples/xml/xml_lyd/binary_tree/allreduce_binary_tree_2ch_2tree_256chunk_16node_64gpu.xml
c197-081:14161:14161 [0] NCCL INFO Bootstrap : Using ib0:192.168.44.137<0>
c197-081:14161:14161 [0] NCCL INFO NET/Plugin : No plugin found (libnccl-net.so), using internal implementation
c197-081:14161:14161 [0] NCCL INFO NET/IB : Using [0]mlx4_0:1/IB [RO]; OOB ib0:192.168.44.137<0>
c197-081:14161:14161 [0] NCCL INFO Using network IB
NCCL version 2.12.12.MSCCL.0.7.4+cuda11.3
c197-081:14163:14163 [2] NCCL INFO Bootstrap : Using ib0:192.168.44.137<0>
c197-081:14163:14163 [2] NCCL INFO NET/Plugin : No plugin found (libnccl-net.so), using internal implementation
c197-081:14164:14164 [3] NCCL INFO Bootstrap : Using ib0:192.168.44.137<0>
c197-081:14164:14164 [3] NCCL INFO NET/Plugin : No plugin found (libnccl-net.so), using internal implementation
c197-081:14163:14163 [2] NCCL INFO NET/IB : Using [0]mlx4_0:1/IB [RO]; OOB ib0:192.168.44.137<0>
c197-081:14163:14163 [2] NCCL INFO Using network IB
c197-081:14164:14164 [3] NCCL INFO NET/IB : Using [0]mlx4_0:1/IB [RO]; OOB ib0:192.168.44.137<0>
c197-081:14164:14164 [3] NCCL INFO Using network IB
c197-081:14162:14162 [1] NCCL INFO Bootstrap : Using ib0:192.168.44.137<0>
c197-081:14162:14162 [1] NCCL INFO NET/Plugin : No plugin found (libnccl-net.so), using internal implementation
c198-032:25712:25712 [0] NCCL INFO Bootstrap : Using ib0:192.168.44.150<0>
c198-032:25712:25712 [0] NCCL INFO NET/Plugin : No plugin found (libnccl-net.so), using internal implementation
c198-032:25712:25712 [0] NCCL INFO NET/IB : Using [0]mlx4_0:1/IB [RO]; OOB ib0:192.168.44.150<0>
c198-032:25712:25712 [0] NCCL INFO Using network IB
c197-081:14162:14162 [1] NCCL INFO NET/IB : Using [0]mlx4_0:1/IB [RO]; OOB ib0:192.168.44.137<0>
c197-081:14162:14162 [1] NCCL INFO Using network IB
c198-011:22531:22531 [2] NCCL INFO Bootstrap : Using ib0:192.168.44.145<0>
c198-011:22532:22532 [3] NCCL INFO Bootstrap : Using ib0:192.168.44.145<0>
c198-011:22531:22531 [2] NCCL INFO NET/Plugin : No plugin found (libnccl-net.so), using internal implementation
c198-011:22532:22532 [3] NCCL INFO NET/Plugin : No plugin found (libnccl-net.so), using internal implementation
c198-031:31917:31917 [2] NCCL INFO Bootstrap : Using ib0:192.168.44.149<0>
c198-031:31918:31918 [3] NCCL INFO Bootstrap : Using ib0:192.168.44.149<0>
c198-031:31917:31917 [2] NCCL INFO NET/Plugin : No plugin found (libnccl-net.so), using internal implementation
c197-101:23307:23307 [3] NCCL INFO Bootstrap : Using ib0:192.168.44.141<0>
c198-031:31918:31918 [3] NCCL INFO NET/Plugin : No plugin found (libnccl-net.so), using internal implementation
c197-101:23307:23307 [3] NCCL INFO NET/Plugin : No plugin found (libnccl-net.so), using internal implementation
c197-101:23307:23307 [3] NCCL INFO NET/IB : Using [0]mlx4_0:1/IB [RO]; OOB ib0:192.168.44.141<0>
c197-101:23307:23307 [3] NCCL INFO Using network IB
c198-011:22531:22531 [2] NCCL INFO NET/IB : Using [0]mlx4_0:1/IB [RO]; OOB ib0:192.168.44.145<0>
c198-011:22531:22531 [2] NCCL INFO Using network IB
c198-011:22532:22532 [3] NCCL INFO NET/IB : Using [0]mlx4_0:1/IB [RO]; OOB ib0:192.168.44.145<0>
c198-011:22532:22532 [3] NCCL INFO Using network IB
c198-031:31917:31917 [2] NCCL INFO NET/IB : Using [0]mlx4_0:1/IB [RO]; OOB ib0:192.168.44.149<0>
c198-031:31917:31917 [2] NCCL INFO Using network IB
c198-031:31918:31918 [3] NCCL INFO NET/IB : Using [0]mlx4_0:1/IB [RO]; OOB ib0:192.168.44.149<0>
c198-031:31918:31918 [3] NCCL INFO Using network IB
c198-021:31507:31507 [2] NCCL INFO Bootstrap : Using ib0:192.168.44.147<0>
c198-021:31507:31507 [2] NCCL INFO NET/Plugin : No plugin found (libnccl-net.so), using internal implementation
c198-011:22529:22529 [0] NCCL INFO Bootstrap : Using ib0:192.168.44.145<0>
c198-011:22530:22530 [1] NCCL INFO Bootstrap : Using ib0:192.168.44.145<0>
c198-011:22529:22529 [0] NCCL INFO NET/Plugin : No plugin found (libnccl-net.so), using internal implementation
c198-011:22530:22530 [1] NCCL INFO NET/Plugin : No plugin found (libnccl-net.so), using internal implementation
c198-021:31507:31507 [2] NCCL INFO NET/IB : Using [0]mlx4_0:1/IB [RO]; OOB ib0:192.168.44.147<0>
c198-021:31507:31507 [2] NCCL INFO Using network IB
c198-031:31915:31915 [0] NCCL INFO Bootstrap : Using ib0:192.168.44.149<0>
c198-031:31915:31915 [0] NCCL INFO NET/Plugin : No plugin found (libnccl-net.so), using internal implementation
c198-022:29110:29110 [2] NCCL INFO Bootstrap : Using ib0:192.168.44.148<0>
c198-022:29111:29111 [3] NCCL INFO Bootstrap : Using ib0:192.168.44.148<0>
c198-022:29110:29110 [2] NCCL INFO NET/Plugin : No plugin found (libnccl-net.so), using internal implementation
c198-022:29111:29111 [3] NCCL INFO NET/Plugin : No plugin found (libnccl-net.so), using internal implementation
c198-011:22530:22530 [1] NCCL INFO NET/IB : Using [0]mlx4_0:1/IB [RO]; OOB ib0:192.168.44.145<0>
c198-011:22530:22530 [1] NCCL INFO Using network IB
c198-021:31508:31508 [3] NCCL INFO Bootstrap : Using ib0:192.168.44.147<0>
c198-011:22529:22529 [0] NCCL INFO NET/IB : Using [0]mlx4_0:1/IB [RO]; OOB ib0:192.168.44.145<0>
c198-011:22529:22529 [0] NCCL INFO Using network IB
c198-021:31508:31508 [3] NCCL INFO NET/Plugin : No plugin found (libnccl-net.so), using internal implementation
c198-031:31915:31915 [0] NCCL INFO NET/IB : Using [0]mlx4_0:1/IB [RO]; OOB ib0:192.168.44.149<0>
c198-031:31915:31915 [0] NCCL INFO Using network IB
c197-112:23494:23494 [2] NCCL INFO Bootstrap : Using ib0:192.168.44.144<0>
c197-112:23495:23495 [3] NCCL INFO Bootstrap : Using ib0:192.168.44.144<0>
c197-112:23494:23494 [2] NCCL INFO NET/Plugin : No plugin found (libnccl-net.so), using internal implementation
c197-112:23495:23495 [3] NCCL INFO NET/Plugin : No plugin found (libnccl-net.so), using internal implementation
c198-031:31916:31916 [1] NCCL INFO Bootstrap : Using ib0:192.168.44.149<0>
c198-031:31916:31916 [1] NCCL INFO NET/Plugin : No plugin found (libnccl-net.so), using internal implementation
c198-022:29111:29111 [3] NCCL INFO NET/IB : Using [0]mlx4_0:1/IB [RO]; OOB ib0:192.168.44.148<0>
c198-022:29111:29111 [3] NCCL INFO Using network IB
c198-022:29110:29110 [2] NCCL INFO NET/IB : Using [0]mlx4_0:1/IB [RO]; OOB ib0:192.168.44.148<0>
c198-022:29110:29110 [2] NCCL INFO Using network IB
c197-092:18715:18715 [2] NCCL INFO Bootstrap : Using ib0:192.168.44.140<0>
c197-092:18716:18716 [3] NCCL INFO Bootstrap : Using ib0:192.168.44.140<0>
c197-092:18714:18714 [1] NCCL INFO Bootstrap : Using ib0:192.168.44.140<0>
c197-092:18715:18715 [2] NCCL INFO NET/Plugin : No plugin found (libnccl-net.so), using internal implementation
c197-092:18716:18716 [3] NCCL INFO NET/Plugin : No plugin found (libnccl-net.so), using internal implementation
c197-092:18714:18714 [1] NCCL INFO NET/Plugin : No plugin found (libnccl-net.so), using internal implementation
c197-092:18713:18713 [0] NCCL INFO Bootstrap : Using ib0:192.168.44.140<0>
c198-021:31505:31505 [0] NCCL INFO Bootstrap : Using ib0:192.168.44.147<0>
c198-021:31506:31506 [1] NCCL INFO Bootstrap : Using ib0:192.168.44.147<0>
c198-031:31916:31916 [1] NCCL INFO NET/IB : Using [0]mlx4_0:1/IB [RO]; OOB ib0:192.168.44.149<0>
c198-031:31916:31916 [1] NCCL INFO Using network IB
c197-092:18713:18713 [0] NCCL INFO NET/Plugin : No plugin found (libnccl-net.so), using internal implementation
c198-021:31505:31505 [0] NCCL INFO NET/Plugin : No plugin found (libnccl-net.so), using internal implementation
c198-021:31506:31506 [1] NCCL INFO NET/Plugin : No plugin found (libnccl-net.so), using internal implementation
c198-021:31508:31508 [3] NCCL INFO NET/IB : Using [0]mlx4_0:1/IB [RO]; OOB ib0:192.168.44.147<0>
c198-021:31508:31508 [3] NCCL INFO Using network IB
c197-082:20401:20401 [0] NCCL INFO Bootstrap : Using ib0:192.168.44.138<0>
c198-032:25713:25713 [1] NCCL INFO Bootstrap : Using ib0:192.168.44.150<0>
c197-082:20403:20403 [2] NCCL INFO Bootstrap : Using ib0:192.168.44.138<0>
c198-032:25714:25714 [2] NCCL INFO Bootstrap : Using ib0:192.168.44.150<0>
c197-082:20404:20404 [3] NCCL INFO Bootstrap : Using ib0:192.168.44.138<0>
c197-082:20402:20402 [1] NCCL INFO Bootstrap : Using ib0:192.168.44.138<0>
c198-032:25713:25713 [1] NCCL INFO NET/Plugin : No plugin found (libnccl-net.so), using internal implementation
c197-082:20401:20401 [0] NCCL INFO NET/Plugin : No plugin found (libnccl-net.so), using internal implementation
c198-032:25714:25714 [2] NCCL INFO NET/Plugin : No plugin found (libnccl-net.so), using internal implementation
c197-082:20402:20402 [1] NCCL INFO NET/Plugin : No plugin found (libnccl-net.so), using internal implementation
c197-082:20403:20403 [2] NCCL INFO NET/Plugin : No plugin found (libnccl-net.so), using internal implementation
c197-082:20404:20404 [3] NCCL INFO NET/Plugin : No plugin found (libnccl-net.so), using internal implementation
c197-112:23494:23494 [2] NCCL INFO NET/IB : Using [0]mlx4_0:1/IB [RO]; OOB ib0:192.168.44.144<0>
c197-112:23494:23494 [2] NCCL INFO Using network IB
c197-112:23495:23495 [3] NCCL INFO NET/IB : Using [0]mlx4_0:1/IB [RO]; OOB ib0:192.168.44.144<0>
c197-112:23495:23495 [3] NCCL INFO Using network IB
c197-112:23492:23492 [0] NCCL INFO Bootstrap : Using ib0:192.168.44.144<0>
c197-111:12397:12397 [3] NCCL INFO Bootstrap : Using ib0:192.168.44.143<0>
c197-111:12397:12397 [3] NCCL INFO NET/Plugin : No plugin found (libnccl-net.so), using internal implementation
c197-112:23492:23492 [0] NCCL INFO NET/Plugin : No plugin found (libnccl-net.so), using internal implementation
c197-091:7646:7646 [3] NCCL INFO Bootstrap : Using ib0:192.168.44.139<0>
c197-091:7646:7646 [3] NCCL INFO NET/Plugin : No plugin found (libnccl-net.so), using internal implementation
c198-021:31505:31505 [0] NCCL INFO NET/IB : Using [0]mlx4_0:1/IB [RO]; OOB ib0:192.168.44.147<0>
c198-021:31505:31505 [0] NCCL INFO Using network IB
c198-021:31506:31506 [1] NCCL INFO NET/IB : Using [0]mlx4_0:1/IB [RO]; OOB ib0:192.168.44.147<0>
c198-021:31506:31506 [1] NCCL INFO Using network IB
c198-042:15105:15105 [3] NCCL INFO Bootstrap : Using ib0:192.168.44.152<0>
c198-042:15104:15104 [2] NCCL INFO Bootstrap : Using ib0:192.168.44.152<0>
c198-042:15104:15104 [2] NCCL INFO NET/Plugin : No plugin found (libnccl-net.so), using internal implementation
c198-042:15105:15105 [3] NCCL INFO NET/Plugin : No plugin found (libnccl-net.so), using internal implementation
c197-102:1026:1026 [3] NCCL INFO Bootstrap : Using ib0:192.168.44.142<0>
c197-102:1025:1025 [2] NCCL INFO Bootstrap : Using ib0:192.168.44.142<0>
c197-102:1025:1025 [2] NCCL INFO NET/Plugin : No plugin found (libnccl-net.so), using internal implementation
c197-102:1026:1026 [3] NCCL INFO NET/Plugin : No plugin found (libnccl-net.so), using internal implementation
c198-022:29108:29108 [0] NCCL INFO Bootstrap : Using ib0:192.168.44.148<0>
c198-022:29108:29108 [0] NCCL INFO NET/Plugin : No plugin found (libnccl-net.so), using internal implementation
c198-022:29109:29109 [1] NCCL INFO Bootstrap : Using ib0:192.168.44.148<0>
c198-022:29109:29109 [1] NCCL INFO NET/Plugin : No plugin found (libnccl-net.so), using internal implementation
c197-091:7646:7646 [3] NCCL INFO NET/IB : Using [0]mlx4_0:1/IB [RO]; OOB ib0:192.168.44.139<0>
c197-091:7646:7646 [3] NCCL INFO Using network IB
c198-032:25715:25715 [3] NCCL INFO Bootstrap : Using ib0:192.168.44.150<0>
c198-032:25715:25715 [3] NCCL INFO NET/Plugin : No plugin found (libnccl-net.so), using internal implementation
c197-092:18716:18716 [3] NCCL INFO NET/IB : Using [0]mlx4_0:1/IB [RO]; OOB ib0:192.168.44.140<0>
c197-092:18716:18716 [3] NCCL INFO Using network IB
c197-112:23493:23493 [1] NCCL INFO Bootstrap : Using ib0:192.168.44.144<0>
c197-112:23493:23493 [1] NCCL INFO NET/Plugin : No plugin found (libnccl-net.so), using internal implementation
c197-092:18715:18715 [2] NCCL INFO NET/IB : Using [0]mlx4_0:1/IB [RO]; OOB ib0:192.168.44.140<0>
c197-092:18715:18715 [2] NCCL INFO Using network IB
c198-022:29108:29108 [0] NCCL INFO NET/IB : Using [0]mlx4_0:1/IB [RO]; OOB ib0:192.168.44.148<0>
c198-022:29108:29108 [0] NCCL INFO Using network IB
c197-092:18714:18714 [1] NCCL INFO NET/IB : Using [0]mlx4_0:1/IB [RO]; OOB ib0:192.168.44.140<0>
c197-092:18714:18714 [1] NCCL INFO Using network IB
c197-092:18713:18713 [0] NCCL INFO NET/IB : Using [0]mlx4_0:1/IB [RO]; OOB ib0:192.168.44.140<0>
c197-092:18713:18713 [0] NCCL INFO Using network IB
c198-032:25713:25713 [1] NCCL INFO NET/IB : Using [0]mlx4_0:1/IB [RO]; OOB ib0:192.168.44.150<0>
c198-032:25713:25713 [1] NCCL INFO Using network IB
c197-112:23492:23492 [0] NCCL INFO NET/IB : Using [0]mlx4_0:1/IB [RO]; OOB ib0:192.168.44.144<0>
c197-112:23492:23492 [0] NCCL INFO Using network IB
c198-032:25714:25714 [2] NCCL INFO NET/IB : Using [0]mlx4_0:1/IB [RO]; OOB ib0:192.168.44.150<0>
c198-032:25714:25714 [2] NCCL INFO Using network IB
c198-022:29109:29109 [1] NCCL INFO NET/IB : Using [0]mlx4_0:1/IB [RO]; OOB ib0:192.168.44.148<0>
c198-022:29109:29109 [1] NCCL INFO Using network IB
c197-112:23493:23493 [1] NCCL INFO NET/IB : Using [0]mlx4_0:1/IB [RO]; OOB ib0:192.168.44.144<0>
c197-112:23493:23493 [1] NCCL INFO Using network IB
c198-032:25715:25715 [3] NCCL INFO NET/IB : Using [0]mlx4_0:1/IB [RO]; OOB ib0:192.168.44.150<0>
c198-032:25715:25715 [3] NCCL INFO Using network IB
c198-012:19578:19578 [2] NCCL INFO Bootstrap : Using ib0:192.168.44.146<0>
c198-012:19579:19579 [3] NCCL INFO Bootstrap : Using ib0:192.168.44.146<0>
c197-102:1025:1025 [2] NCCL INFO NET/IB : Using [0]mlx4_0:1/IB [RO]; OOB ib0:192.168.44.142<0>
c197-102:1025:1025 [2] NCCL INFO Using network IB
c198-012:19578:19578 [2] NCCL INFO NET/Plugin : No plugin found (libnccl-net.so), using internal implementation
c198-012:19579:19579 [3] NCCL INFO NET/Plugin : No plugin found (libnccl-net.so), using internal implementation
c197-102:1026:1026 [3] NCCL INFO NET/IB : Using [0]mlx4_0:1/IB [RO]; OOB ib0:192.168.44.142<0>
c197-102:1026:1026 [3] NCCL INFO Using network IB
c198-042:15105:15105 [3] NCCL INFO NET/IB : Using [0]mlx4_0:1/IB [RO]; OOB ib0:192.168.44.152<0>
c198-042:15105:15105 [3] NCCL INFO Using network IB
c198-042:15104:15104 [2] NCCL INFO NET/IB : Using [0]mlx4_0:1/IB [RO]; OOB ib0:192.168.44.152<0>
c198-042:15104:15104 [2] NCCL INFO Using network IB
c198-041:12902:12902 [1] NCCL INFO Bootstrap : Using ib0:192.168.44.151<0>
c198-041:12903:12903 [2] NCCL INFO Bootstrap : Using ib0:192.168.44.151<0>
c197-082:20402:20402 [1] NCCL INFO NET/IB : Using [0]mlx4_0:1/IB [RO]; OOB ib0:192.168.44.138<0>
c197-082:20402:20402 [1] NCCL INFO Using network IB
c198-041:12901:12901 [0] NCCL INFO Bootstrap : Using ib0:192.168.44.151<0>
c197-082:20401:20401 [0] NCCL INFO NET/IB : Using [0]mlx4_0:1/IB [RO]; OOB ib0:192.168.44.138<0>
c197-082:20401:20401 [0] NCCL INFO Using network IB
c198-041:12901:12901 [0] NCCL INFO NET/Plugin : No plugin found (libnccl-net.so), using internal implementation
c198-041:12902:12902 [1] NCCL INFO NET/Plugin : No plugin found (libnccl-net.so), using internal implementation
c198-041:12903:12903 [2] NCCL INFO NET/Plugin : No plugin found (libnccl-net.so), using internal implementation
c197-082:20404:20404 [3] NCCL INFO NET/IB : Using [0]mlx4_0:1/IB [RO]; OOB ib0:192.168.44.138<0>
c197-082:20403:20403 [2] NCCL INFO NET/IB : Using [0]mlx4_0:1/IB [RO]; OOB ib0:192.168.44.138<0>
c197-082:20404:20404 [3] NCCL INFO Using network IB
c197-111:12395:12395 [1] NCCL INFO Bootstrap : Using ib0:192.168.44.143<0>
c197-082:20403:20403 [2] NCCL INFO Using network IB
c197-111:12396:12396 [2] NCCL INFO Bootstrap : Using ib0:192.168.44.143<0>
c198-042:15103:15103 [1] NCCL INFO Bootstrap : Using ib0:192.168.44.152<0>
c197-111:12394:12394 [0] NCCL INFO Bootstrap : Using ib0:192.168.44.143<0>
c198-042:15102:15102 [0] NCCL INFO Bootstrap : Using ib0:192.168.44.152<0>
c197-111:12396:12396 [2] NCCL INFO NET/Plugin : No plugin found (libnccl-net.so), using internal implementation
c197-111:12394:12394 [0] NCCL INFO NET/Plugin : No plugin found (libnccl-net.so), using internal implementation
c198-042:15102:15102 [0] NCCL INFO NET/Plugin : No plugin found (libnccl-net.so), using internal implementation
c197-111:12395:12395 [1] NCCL INFO NET/Plugin : No plugin found (libnccl-net.so), using internal implementation
c198-042:15103:15103 [1] NCCL INFO NET/Plugin : No plugin found (libnccl-net.so), using internal implementation
c197-111:12397:12397 [3] NCCL INFO NET/IB : Using [0]mlx4_0:1/IB [RO]; OOB ib0:192.168.44.143<0>
c197-111:12397:12397 [3] NCCL INFO Using network IB
c197-102:1024:1024 [1] NCCL INFO Bootstrap : Using ib0:192.168.44.142<0>
c197-102:1024:1024 [1] NCCL INFO NET/Plugin : No plugin found (libnccl-net.so), using internal implementation
c197-091:7645:7645 [2] NCCL INFO Bootstrap : Using ib0:192.168.44.139<0>
c197-091:7643:7643 [0] NCCL INFO Bootstrap : Using ib0:192.168.44.139<0>
c197-091:7644:7644 [1] NCCL INFO Bootstrap : Using ib0:192.168.44.139<0>
c197-091:7645:7645 [2] NCCL INFO NET/Plugin : No plugin found (libnccl-net.so), using internal implementation
c197-091:7643:7643 [0] NCCL INFO NET/Plugin : No plugin found (libnccl-net.so), using internal implementation
c197-091:7644:7644 [1] NCCL INFO NET/Plugin : No plugin found (libnccl-net.so), using internal implementation
c197-101:23304:23304 [0] NCCL INFO Bootstrap : Using ib0:192.168.44.141<0>
c197-101:23305:23305 [1] NCCL INFO Bootstrap : Using ib0:192.168.44.141<0>
c197-101:23304:23304 [0] NCCL INFO NET/Plugin : No plugin found (libnccl-net.so), using internal implementation
c197-101:23305:23305 [1] NCCL INFO NET/Plugin : No plugin found (libnccl-net.so), using internal implementation
c198-012:19579:19579 [3] NCCL INFO NET/IB : Using [0]mlx4_0:1/IB [RO]; OOB ib0:192.168.44.146<0>
c198-012:19579:19579 [3] NCCL INFO Using network IB
c198-012:19578:19578 [2] NCCL INFO NET/IB : Using [0]mlx4_0:1/IB [RO]; OOB ib0:192.168.44.146<0>
c197-102:1024:1024 [1] NCCL INFO NET/IB : Using [0]mlx4_0:1/IB [RO]; OOB ib0:192.168.44.142<0>
c197-102:1024:1024 [1] NCCL INFO Using network IB
c198-012:19578:19578 [2] NCCL INFO Using network IB
c198-042:15102:15102 [0] NCCL INFO NET/IB : Using [0]mlx4_0:1/IB [RO]; OOB ib0:192.168.44.152<0>
c198-042:15102:15102 [0] NCCL INFO Using network IB
c198-042:15103:15103 [1] NCCL INFO NET/IB : Using [0]mlx4_0:1/IB [RO]; OOB ib0:192.168.44.152<0>
c198-042:15103:15103 [1] NCCL INFO Using network IB
c197-111:12396:12396 [2] NCCL INFO NET/IB : Using [0]mlx4_0:1/IB [RO]; OOB ib0:192.168.44.143<0>
c197-111:12396:12396 [2] NCCL INFO Using network IB
c197-111:12394:12394 [0] NCCL INFO NET/IB : Using [0]mlx4_0:1/IB [RO]; OOB ib0:192.168.44.143<0>
c197-111:12394:12394 [0] NCCL INFO Using network IB
c197-111:12395:12395 [1] NCCL INFO NET/IB : Using [0]mlx4_0:1/IB [RO]; OOB ib0:192.168.44.143<0>
c197-111:12395:12395 [1] NCCL INFO Using network IB
c198-041:12904:12904 [3] NCCL INFO Bootstrap : Using ib0:192.168.44.151<0>
c198-012:19577:19577 [1] NCCL INFO Bootstrap : Using ib0:192.168.44.146<0>
c198-041:12904:12904 [3] NCCL INFO NET/Plugin : No plugin found (libnccl-net.so), using internal implementation
c198-012:19577:19577 [1] NCCL INFO NET/Plugin : No plugin found (libnccl-net.so), using internal implementation
c197-091:7645:7645 [2] NCCL INFO NET/IB : Using [0]mlx4_0:1/IB [RO]; OOB ib0:192.168.44.139<0>
c197-091:7645:7645 [2] NCCL INFO Using network IB
c197-091:7643:7643 [0] NCCL INFO NET/IB : Using [0]mlx4_0:1/IB [RO]; OOB ib0:192.168.44.139<0>
c197-091:7643:7643 [0] NCCL INFO Using network IB
c197-091:7644:7644 [1] NCCL INFO NET/IB : Using [0]mlx4_0:1/IB [RO]; OOB ib0:192.168.44.139<0>
c197-091:7644:7644 [1] NCCL INFO Using network IB
c197-102:1023:1023 [0] NCCL INFO Bootstrap : Using ib0:192.168.44.142<0>
c197-102:1023:1023 [0] NCCL INFO NET/Plugin : No plugin found (libnccl-net.so), using internal implementation
c198-041:12901:12901 [0] NCCL INFO NET/IB : Using [0]mlx4_0:1/IB [RO]; OOB ib0:192.168.44.151<0>
c198-041:12901:12901 [0] NCCL INFO Using network IB
c198-041:12902:12902 [1] NCCL INFO NET/IB : Using [0]mlx4_0:1/IB [RO]; OOB ib0:192.168.44.151<0>
c198-041:12902:12902 [1] NCCL INFO Using network IB
c198-041:12903:12903 [2] NCCL INFO NET/IB : Using [0]mlx4_0:1/IB [RO]; OOB ib0:192.168.44.151<0>
c198-041:12903:12903 [2] NCCL INFO Using network IB
c197-101:23306:23306 [2] NCCL INFO Bootstrap : Using ib0:192.168.44.141<0>
c197-101:23306:23306 [2] NCCL INFO NET/Plugin : No plugin found (libnccl-net.so), using internal implementation
c198-041:12904:12904 [3] NCCL INFO NET/IB : Using [0]mlx4_0:1/IB [RO]; OOB ib0:192.168.44.151<0>
c198-041:12904:12904 [3] NCCL INFO Using network IB
c197-101:23304:23304 [0] NCCL INFO NET/IB : Using [0]mlx4_0:1/IB [RO]; OOB ib0:192.168.44.141<0>
c197-101:23304:23304 [0] NCCL INFO Using network IB
c197-101:23305:23305 [1] NCCL INFO NET/IB : Using [0]mlx4_0:1/IB [RO]; OOB ib0:192.168.44.141<0>
c197-101:23305:23305 [1] NCCL INFO Using network IB
c197-102:1023:1023 [0] NCCL INFO NET/IB : Using [0]mlx4_0:1/IB [RO]; OOB ib0:192.168.44.142<0>
c197-102:1023:1023 [0] NCCL INFO Using network IB
c197-101:23306:23306 [2] NCCL INFO NET/IB : Using [0]mlx4_0:1/IB [RO]; OOB ib0:192.168.44.141<0>
c197-101:23306:23306 [2] NCCL INFO Using network IB
c198-012:19576:19576 [0] NCCL INFO Bootstrap : Using ib0:192.168.44.146<0>
c198-012:19576:19576 [0] NCCL INFO NET/Plugin : No plugin found (libnccl-net.so), using internal implementation
c198-012:19577:19577 [1] NCCL INFO NET/IB : Using [0]mlx4_0:1/IB [RO]; OOB ib0:192.168.44.146<0>
c198-012:19577:19577 [1] NCCL INFO Using network IB
c198-012:19576:19576 [0] NCCL INFO NET/IB : Using [0]mlx4_0:1/IB [RO]; OOB ib0:192.168.44.146<0>
c198-012:19576:19576 [0] NCCL INFO Using network IB
c197-081:14161:14212 [0] NCCL INFO Setting affinity for GPU 0 to 0f000f
c197-082:20404:20459 [3] NCCL INFO Setting affinity for GPU 3 to f000f000
c198-012:19579:19630 [3] NCCL INFO Setting affinity for GPU 3 to f000f000
c198-021:31508:31560 [3] NCCL INFO Setting affinity for GPU 3 to f000f000
c198-042:15105:15156 [3] NCCL INFO Setting affinity for GPU 3 to f000f000
c197-101:23307:23357 [3] NCCL INFO Setting affinity for GPU 3 to f000f000
c197-111:12397:12447 [3] NCCL INFO Setting affinity for GPU 3 to f000f000
c198-041:12904:12960 [3] NCCL INFO Setting affinity for GPU 3 to f000f000
c197-102:1026:1087 [3] NCCL INFO Setting affinity for GPU 3 to f000f000
c198-011:22532:22584 [3] NCCL INFO Setting affinity for GPU 3 to f000f000
c198-032:25715:25771 [3] NCCL INFO Setting affinity for GPU 3 to f000f000
c198-031:31918:31970 [3] NCCL INFO Setting affinity for GPU 3 to f000f000
c198-022:29111:29162 [3] NCCL INFO Setting affinity for GPU 3 to f000f000
c197-091:7646:7696 [3] NCCL INFO Setting affinity for GPU 3 to f000f000
c197-112:23495:23547 [3] NCCL INFO Setting affinity for GPU 3 to f000f000
c197-092:18716:18770 [3] NCCL INFO Setting affinity for GPU 3 to f000f000
c198-011:22531:22583 [2] NCCL INFO Setting affinity for GPU 2 to 0f000f00
c197-102:1025:1081 [2] NCCL INFO Setting affinity for GPU 2 to 0f000f00
c197-081:14163:14217 [2] NCCL INFO Setting affinity for GPU 2 to 0f000f00
c197-081:14164:14219 [3] NCCL INFO Setting affinity for GPU 3 to f000f000
c197-081:14162:14221 [1] NCCL INFO Setting affinity for GPU 1 to f000f0
c198-031:31915:31972 [0] NCCL INFO Setting affinity for GPU 0 to 0f000f
c198-032:25712:25765 [0] NCCL INFO Setting affinity for GPU 0 to 0f000f
c197-092:18715:18773 [2] NCCL INFO Setting affinity for GPU 2 to 0f000f00
c197-111:12394:12452 [0] NCCL INFO Setting affinity for GPU 0 to 0f000f
c198-011:22529:22588 [0] NCCL INFO Setting affinity for GPU 0 to 0f000f
c197-112:23493:23551 [1] NCCL INFO Setting affinity for GPU 1 to f000f0
c197-102:1024:1100 [1] NCCL INFO Setting affinity for GPU 1 to f000f0
c197-102:1023:1102 [0] NCCL INFO Setting affinity for GPU 0 to 0f000f
c198-011:22530:22587 [1] NCCL INFO Setting affinity for GPU 1 to f000f0
c197-112:23494:23546 [2] NCCL INFO Setting affinity for GPU 2 to 0f000f00
c198-021:31507:31558 [2] NCCL INFO Setting affinity for GPU 2 to 0f000f00
c198-022:29109:29168 [1] NCCL INFO Setting affinity for GPU 1 to f000f0
c198-031:31916:31974 [1] NCCL INFO Setting affinity for GPU 1 to f000f0
c197-112:23492:23549 [0] NCCL INFO Setting affinity for GPU 0 to 0f000f
c198-012:19576:19635 [0] NCCL INFO Setting affinity for GPU 0 to 0f000f
c198-031:31917:31969 [2] NCCL INFO Setting affinity for GPU 2 to 0f000f00
c198-012:19578:19631 [2] NCCL INFO Setting affinity for GPU 2 to 0f000f00
c198-012:19577:19633 [1] NCCL INFO Setting affinity for GPU 1 to f000f0
c198-022:29108:29166 [0] NCCL INFO Setting affinity for GPU 0 to 0f000f
c198-032:25714:25769 [2] NCCL INFO Setting affinity for GPU 2 to 0f000f00
c197-111:12395:12453 [1] NCCL INFO Setting affinity for GPU 1 to f000f0
c198-041:12902:12956 [1] NCCL INFO Setting affinity for GPU 1 to f000f0
c198-042:15103:15161 [1] NCCL INFO Setting affinity for GPU 1 to f000f0
c197-101:23305:23361 [1] NCCL INFO Setting affinity for GPU 1 to f000f0
c198-032:25713:25767 [1] NCCL INFO Setting affinity for GPU 1 to f000f0
c198-041:12903:12958 [2] NCCL INFO Setting affinity for GPU 2 to 0f000f00
c197-101:23306:23363 [2] NCCL INFO Setting affinity for GPU 2 to 0f000f00
c197-091:7645:7699 [2] NCCL INFO Setting affinity for GPU 2 to 0f000f00
c197-082:20403:20460 [2] NCCL INFO Setting affinity for GPU 2 to 0f000f00
c198-041:12901:12955 [0] NCCL INFO Setting affinity for GPU 0 to 0f000f
c198-042:15104:15157 [2] NCCL INFO Setting affinity for GPU 2 to 0f000f00
c197-091:7644:7702 [1] NCCL INFO Setting affinity for GPU 1 to f000f0
c197-111:12396:12450 [2] NCCL INFO Setting affinity for GPU 2 to 0f000f00
c198-022:29110:29164 [2] NCCL INFO Setting affinity for GPU 2 to 0f000f00
c198-042:15102:15160 [0] NCCL INFO Setting affinity for GPU 0 to 0f000f
c197-092:18713:18776 [0] NCCL INFO Setting affinity for GPU 0 to 0f000f
c197-092:18714:18775 [1] NCCL INFO Setting affinity for GPU 1 to f000f0
c197-082:20402:20454 [1] NCCL INFO Setting affinity for GPU 1 to f000f0
c197-091:7643:7701 [0] NCCL INFO Setting affinity for GPU 0 to 0f000f
c198-021:31505:31562 [0] NCCL INFO Setting affinity for GPU 0 to 0f000f
c198-021:31506:31564 [1] NCCL INFO Setting affinity for GPU 1 to f000f0
c197-082:20401:20456 [0] NCCL INFO Setting affinity for GPU 0 to 0f000f
c197-101:23304:23360 [0] NCCL INFO Setting affinity for GPU 0 to 0f000f
c197-081:14164:14219 [3] NCCL INFO Trees [0] -1/-1/-1->3->2 [1] -1/-1/-1->3->2
c197-081:14163:14217 [2] NCCL INFO Trees [0] 3/-1/-1->2->1 [1] 3/-1/-1->2->1
c197-081:14161:14212 [0] NCCL INFO Channel 00/02 :    0   1   2   3   4   5   6   7   8   9  10  11  12  13  14  15  16  17  18  19
c197-081:14161:14212 [0] NCCL INFO Channel 01/02 :    0   1   2   3   4   5   6   7   8   9  10  11  12  13  14  15  16  17  18  19
c197-081:14162:14221 [1] NCCL INFO Trees [0] 2/-1/-1->1->0 [1] 2/-1/-1->1->0
c197-082:20401:20456 [0] NCCL INFO Trees [0] 5/-1/-1->4->9 [1] 5/0/-1->4->12
c198-042:15105:15156 [3] NCCL INFO Trees [0] -1/-1/-1->63->62 [1] -1/-1/-1->63->62
c197-081:14161:14212 [0] NCCL INFO Trees [0] 1/32/-1->0->-1 [1] 1/-1/-1->0->4
c198-041:12904:12960 [3] NCCL INFO Trees [0] -1/-1/-1->59->58 [1] -1/-1/-1->59->58
c198-042:15104:15157 [2] NCCL INFO Trees [0] 63/-1/-1->62->61 [1] 63/-1/-1->62->61
c198-012:19578:19631 [2] NCCL INFO Trees [0] 39/-1/-1->38->37 [1] 39/-1/-1->38->37
c198-021:31505:31562 [0] NCCL INFO Trees [0] 41/44/-1->40->49 [1] 41/-1/-1->40->37
c197-091:7645:7699 [2] NCCL INFO Trees [0] 11/-1/-1->10->9 [1] 11/-1/-1->10->9
c197-111:12395:12453 [1] NCCL INFO Trees [0] 26/20/-1->25->24 [1] 26/-1/-1->25->24
c198-011:22532:22584 [3] NCCL INFO Trees [0] -1/-1/-1->35->34 [1] -1/-1/-1->35->34
c198-031:31918:31970 [3] NCCL INFO Trees [0] -1/-1/-1->51->50 [1] -1/-1/-1->51->50
c198-041:12903:12958 [2] NCCL INFO Trees [0] 59/-1/-1->58->57 [1] 59/-1/-1->58->57
c197-112:23492:23549 [0] NCCL INFO Trees [0] 29/-1/-1->28->24 [1] 29/12/-1->28->60
c197-102:1023:1102 [0] NCCL INFO Trees [0] 21/-1/-1->20->25 [1] 21/16/-1->20->13
c198-032:25712:25765 [0] NCCL INFO Trees [0] 53/-1/-1->52->57 [1] 53/48/-1->52->45
c197-082:20403:20460 [2] NCCL INFO Trees [0] 7/-1/-1->6->5 [1] 7/-1/-1->6->5
c198-022:29110:29164 [2] NCCL INFO Trees [0] 47/-1/-1->46->45 [1] 47/-1/-1->46->45
c198-042:15102:15160 [0] NCCL INFO Trees [0] 61/-1/-1->60->56 [1] 61/28/-1->60->-1
c198-012:19579:19630 [3] NCCL INFO Trees [0] -1/-1/-1->39->38 [1] -1/-1/-1->39->38
c198-021:31506:31564 [1] NCCL INFO Trees [0] 42/36/-1->41->40 [1] 42/-1/-1->41->40
c197-091:7646:7696 [3] NCCL INFO Trees [0] -1/-1/-1->11->10 [1] -1/-1/-1->11->10
c197-101:23305:23361 [1] NCCL INFO Trees [0] 18/8/-1->17->16 [1] 18/-1/-1->17->16
c197-111:12396:12450 [2] NCCL INFO Trees [0] 27/-1/-1->26->25 [1] 27/-1/-1->26->25
c198-011:22529:22588 [0] NCCL INFO Trees [0] 33/48/-1->32->0 [1] 33/-1/-1->32->36
c198-031:31915:31972 [0] NCCL INFO Trees [0] 49/56/-1->48->32 [1] 49/-1/-1->48->52
c198-041:12902:12956 [1] NCCL INFO Trees [0] 58/52/-1->57->56 [1] 58/-1/-1->57->56
c197-112:23493:23551 [1] NCCL INFO Trees [0] 30/-1/-1->29->28 [1] 30/44/-1->29->28
c197-092:18713:18776 [0] NCCL INFO Trees [0] 13/-1/-1->12->8 [1] 13/4/-1->12->28
c197-102:1024:1100 [1] NCCL INFO Trees [0] 22/-1/-1->21->20 [1] 22/24/-1->21->20
c198-032:25714:25769 [2] NCCL INFO Trees [0] 55/-1/-1->54->53 [1] 55/-1/-1->54->53
c197-082:20404:20459 [3] NCCL INFO Trees [0] -1/-1/-1->7->6 [1] -1/-1/-1->7->6
c198-022:29111:29162 [3] NCCL INFO Trees [0] -1/-1/-1->47->46 [1] -1/-1/-1->47->46
c198-042:15103:15161 [1] NCCL INFO Trees [0] 62/-1/-1->61->60 [1] 62/-1/-1->61->60
c198-012:19577:19633 [1] NCCL INFO Trees [0] 38/-1/-1->37->36 [1] 38/40/-1->37->36
c198-021:31507:31558 [2] NCCL INFO Trees [0] 43/-1/-1->42->41 [1] 43/-1/-1->42->41
c197-091:7643:7701 [0] NCCL INFO Trees [0] 9/12/-1->8->17 [1] 9/-1/-1->8->5
c197-101:23306:23363 [2] NCCL INFO Trees [0] 19/-1/-1->18->17 [1] 19/-1/-1->18->17
c197-111:12397:12447 [3] NCCL INFO Trees [0] -1/-1/-1->27->26 [1] -1/-1/-1->27->26
c198-011:22530:22587 [1] NCCL INFO Trees [0] 34/16/-1->33->32 [1] 34/-1/-1->33->32
c198-031:31916:31974 [1] NCCL INFO Trees [0] 50/40/-1->49->48 [1] 50/-1/-1->49->48
c198-041:12901:12955 [0] NCCL INFO Trees [0] 57/60/-1->56->48 [1] 57/-1/-1->56->53
c197-112:23495:23547 [3] NCCL INFO Trees [0] -1/-1/-1->31->30 [1] -1/-1/-1->31->30
c197-092:18715:18773 [2] NCCL INFO Trees [0] 15/-1/-1->14->13 [1] 15/-1/-1->14->13
c197-102:1026:1087 [3] NCCL INFO Trees [0] -1/-1/-1->23->22 [1] -1/-1/-1->23->22
c198-032:25715:25771 [3] NCCL INFO Trees [0] -1/-1/-1->55->54 [1] -1/-1/-1->55->54
c197-082:20402:20454 [1] NCCL INFO Trees [0] 6/-1/-1->5->4 [1] 6/8/-1->5->4
c198-022:29108:29166 [0] NCCL INFO Trees [0] 45/-1/-1->44->40 [1] 45/36/-1->44->29
c198-012:19576:19635 [0] NCCL INFO Trees [0] 37/-1/-1->36->41 [1] 37/32/-1->36->44
c198-021:31508:31560 [3] NCCL INFO Trees [0] -1/-1/-1->43->42 [1] -1/-1/-1->43->42
c197-091:7644:7702 [1] NCCL INFO Trees [0] 10/4/-1->9->8 [1] 10/-1/-1->9->8
c197-101:23307:23357 [3] NCCL INFO Trees [0] -1/-1/-1->19->18 [1] -1/-1/-1->19->18
c197-111:12394:12452 [0] NCCL INFO Trees [0] 25/28/-1->24->16 [1] 25/-1/-1->24->21
c198-011:22531:22583 [2] NCCL INFO Trees [0] 35/-1/-1->34->33 [1] 35/-1/-1->34->33
c198-031:31917:31969 [2] NCCL INFO Trees [0] 51/-1/-1->50->49 [1] 51/-1/-1->50->49
c197-112:23494:23546 [2] NCCL INFO Trees [0] 31/-1/-1->30->29 [1] 31/-1/-1->30->29
c197-092:18716:18770 [3] NCCL INFO Trees [0] -1/-1/-1->15->14 [1] -1/-1/-1->15->14
c197-102:1025:1081 [2] NCCL INFO Trees [0] 23/-1/-1->22->21 [1] 23/-1/-1->22->21
c198-032:25713:25767 [1] NCCL INFO Trees [0] 54/-1/-1->53->52 [1] 54/56/-1->53->52
c198-022:29109:29168 [1] NCCL INFO Trees [0] 46/-1/-1->45->44 [1] 46/52/-1->45->44
c197-101:23304:23360 [0] NCCL INFO Trees [0] 17/24/-1->16->33 [1] 17/-1/-1->16->20
c197-092:18714:18775 [1] NCCL INFO Trees [0] 14/-1/-1->13->12 [1] 14/20/-1->13->12
c198-042:15102:15160 [0] NCCL INFO Channel 00/0 : 59[83000] -> 60[2000] [receive] via NET/IB/0
c198-021:31505:31562 [0] NCCL INFO Channel 00/0 : 39[83000] -> 40[2000] [receive] via NET/IB/0
c197-112:23492:23549 [0] NCCL INFO Channel 00/0 : 27[83000] -> 28[2000] [receive] via NET/IB/0
c198-041:12901:12955 [0] NCCL INFO Channel 00/0 : 55[83000] -> 56[2000] [receive] via NET/IB/0
c197-081:14161:14212 [0] NCCL INFO Channel 00/0 : 63[83000] -> 0[2000] [receive] via NET/IB/0
c197-102:1023:1102 [0] NCCL INFO Channel 00/0 : 19[83000] -> 20[2000] [receive] via NET/IB/0
c197-092:18713:18776 [0] NCCL INFO Channel 00/0 : 11[83000] -> 12[2000] [receive] via NET/IB/0
c198-032:25712:25765 [0] NCCL INFO Channel 00/0 : 51[83000] -> 52[2000] [receive] via NET/IB/0
c198-012:19576:19635 [0] NCCL INFO Channel 00/0 : 35[83000] -> 36[2000] [receive] via NET/IB/0
c197-091:7643:7701 [0] NCCL INFO Channel 00/0 : 7[83000] -> 8[2000] [receive] via NET/IB/0
c197-101:23304:23360 [0] NCCL INFO Channel 00/0 : 15[83000] -> 16[2000] [receive] via NET/IB/0
c197-111:12394:12452 [0] NCCL INFO Channel 00/0 : 23[83000] -> 24[2000] [receive] via NET/IB/0
c198-011:22529:22588 [0] NCCL INFO Channel 00/0 : 31[83000] -> 32[2000] [receive] via NET/IB/0
c198-031:31915:31972 [0] NCCL INFO Channel 00/0 : 47[83000] -> 48[2000] [receive] via NET/IB/0
c198-022:29108:29166 [0] NCCL INFO Channel 00/0 : 43[83000] -> 44[2000] [receive] via NET/IB/0
c197-082:20401:20456 [0] NCCL INFO Channel 00/0 : 3[83000] -> 4[2000] [receive] via NET/IB/0
c198-022:29110:29164 [2] NCCL INFO Channel 00 : 46[82000] -> 47[83000] via direct shared memory
c198-022:29110:29164 [2] NCCL INFO Channel 01 : 46[82000] -> 47[83000] via direct shared memory
c197-082:20403:20460 [2] NCCL INFO Channel 00 : 6[82000] -> 7[83000] via direct shared memory
c198-012:19578:19631 [2] NCCL INFO Channel 00 : 38[82000] -> 39[83000] via direct shared memory
c197-091:7645:7699 [2] NCCL INFO Channel 00 : 10[82000] -> 11[83000] via direct shared memory
c198-012:19578:19631 [2] NCCL INFO Channel 01 : 38[82000] -> 39[83000] via direct shared memory
c198-032:25714:25769 [2] NCCL INFO Channel 00 : 54[82000] -> 55[83000] via direct shared memory
c198-032:25714:25769 [2] NCCL INFO Channel 01 : 54[82000] -> 55[83000] via direct shared memory
c197-082:20403:20460 [2] NCCL INFO Channel 01 : 6[82000] -> 7[83000] via direct shared memory
c197-101:23306:23363 [2] NCCL INFO Channel 00 : 18[82000] -> 19[83000] via direct shared memory
c198-042:15103:15161 [1] NCCL INFO Channel 00 : 61[3000] -> 62[82000] via direct shared memory
c198-011:22531:22583 [2] NCCL INFO Channel 00 : 34[82000] -> 35[83000] via direct shared memory
c198-042:15104:15157 [2] NCCL INFO Channel 00 : 62[82000] -> 63[83000] via direct shared memory
c197-091:7645:7699 [2] NCCL INFO Channel 01 : 10[82000] -> 11[83000] via direct shared memory
c197-101:23305:23361 [1] NCCL INFO Channel 00 : 17[3000] -> 18[82000] via direct shared memory
c197-082:20402:20454 [1] NCCL INFO Channel 00 : 5[3000] -> 6[82000] via direct shared memory
c198-022:29109:29168 [1] NCCL INFO Channel 00 : 45[3000] -> 46[82000] via direct shared memory
c198-042:15104:15157 [2] NCCL INFO Channel 01 : 62[82000] -> 63[83000] via direct shared memory
c197-101:23306:23363 [2] NCCL INFO Channel 01 : 18[82000] -> 19[83000] via direct shared memory
c198-011:22531:22583 [2] NCCL INFO Channel 01 : 34[82000] -> 35[83000] via direct shared memory
c198-042:15103:15161 [1] NCCL INFO Channel 01 : 61[3000] -> 62[82000] via direct shared memory
c197-101:23305:23361 [1] NCCL INFO Channel 01 : 17[3000] -> 18[82000] via direct shared memory
c198-041:12903:12958 [2] NCCL INFO Channel 00 : 58[82000] -> 59[83000] via direct shared memory
c197-082:20402:20454 [1] NCCL INFO Channel 01 : 5[3000] -> 6[82000] via direct shared memory
c198-022:29109:29168 [1] NCCL INFO Channel 01 : 45[3000] -> 46[82000] via direct shared memory
c198-011:22530:22587 [1] NCCL INFO Channel 00 : 33[3000] -> 34[82000] via direct shared memory
c197-091:7644:7702 [1] NCCL INFO Channel 00 : 9[3000] -> 10[82000] via direct shared memory
c197-111:12396:12450 [2] NCCL INFO Channel 00 : 26[82000] -> 27[83000] via direct shared memory
c198-011:22530:22587 [1] NCCL INFO Channel 01 : 33[3000] -> 34[82000] via direct shared memory
c198-031:31917:31969 [2] NCCL INFO Channel 00 : 50[82000] -> 51[83000] via direct shared memory
c198-041:12903:12958 [2] NCCL INFO Channel 01 : 58[82000] -> 59[83000] via direct shared memory
c197-112:23493:23551 [1] NCCL INFO Channel 00 : 29[3000] -> 30[82000] via direct shared memory
c198-032:25713:25767 [1] NCCL INFO Channel 00 : 53[3000] -> 54[82000] via direct shared memory
c197-091:7644:7702 [1] NCCL INFO Channel 01 : 9[3000] -> 10[82000] via direct shared memory
c197-111:12395:12453 [1] NCCL INFO Channel 00 : 25[3000] -> 26[82000] via direct shared memory
c198-041:12902:12956 [1] NCCL INFO Channel 00 : 57[3000] -> 58[82000] via direct shared memory
c197-112:23494:23546 [2] NCCL INFO Channel 00 : 30[82000] -> 31[83000] via direct shared memory
c197-102:1025:1081 [2] NCCL INFO Channel 00 : 22[82000] -> 23[83000] via direct shared memory
c198-012:19577:19633 [1] NCCL INFO Channel 00 : 37[3000] -> 38[82000] via direct shared memory
c198-021:31507:31558 [2] NCCL INFO Channel 00 : 42[82000] -> 43[83000] via direct shared memory
c197-111:12396:12450 [2] NCCL INFO Channel 01 : 26[82000] -> 27[83000] via direct shared memory
c198-031:31916:31974 [1] NCCL INFO Channel 00 : 49[3000] -> 50[82000] via direct shared memory
c198-041:12902:12956 [1] NCCL INFO Channel 01 : 57[3000] -> 58[82000] via direct shared memory
c197-112:23493:23551 [1] NCCL INFO Channel 01 : 29[3000] -> 30[82000] via direct shared memory
c197-092:18715:18773 [2] NCCL INFO Channel 00 : 14[82000] -> 15[83000] via direct shared memory
c197-102:1024:1100 [1] NCCL INFO Channel 00 : 21[3000] -> 22[82000] via direct shared memory
c198-032:25713:25767 [1] NCCL INFO Channel 01 : 53[3000] -> 54[82000] via direct shared memory
c198-012:19577:19633 [1] NCCL INFO Channel 01 : 37[3000] -> 38[82000] via direct shared memory
c198-021:31506:31564 [1] NCCL INFO Channel 00 : 41[3000] -> 42[82000] via direct shared memory
c197-111:12395:12453 [1] NCCL INFO Channel 01 : 25[3000] -> 26[82000] via direct shared memory
c198-031:31917:31969 [2] NCCL INFO Channel 01 : 50[82000] -> 51[83000] via direct shared memory
c197-112:23494:23546 [2] NCCL INFO Channel 01 : 30[82000] -> 31[83000] via direct shared memory
c197-092:18714:18775 [1] NCCL INFO Channel 00 : 13[3000] -> 14[82000] via direct shared memory
c197-102:1025:1081 [2] NCCL INFO Channel 01 : 22[82000] -> 23[83000] via direct shared memory
c198-021:31507:31558 [2] NCCL INFO Channel 01 : 42[82000] -> 43[83000] via direct shared memory
c198-031:31916:31974 [1] NCCL INFO Channel 01 : 49[3000] -> 50[82000] via direct shared memory
c197-092:18715:18773 [2] NCCL INFO Channel 01 : 14[82000] -> 15[83000] via direct shared memory
c197-102:1024:1100 [1] NCCL INFO Channel 01 : 21[3000] -> 22[82000] via direct shared memory
c197-081:14163:14217 [2] NCCL INFO Channel 00 : 2[82000] -> 3[83000] via direct shared memory
c197-092:18714:18775 [1] NCCL INFO Channel 01 : 13[3000] -> 14[82000] via direct shared memory
c198-021:31506:31564 [1] NCCL INFO Channel 01 : 41[3000] -> 42[82000] via direct shared memory
c197-081:14162:14221 [1] NCCL INFO Channel 00 : 1[3000] -> 2[82000] via direct shared memory
c197-081:14163:14217 [2] NCCL INFO Channel 01 : 2[82000] -> 3[83000] via direct shared memory
c197-081:14162:14221 [1] NCCL INFO Channel 01 : 1[3000] -> 2[82000] via direct shared memory
c197-082:20404:20459 [3] NCCL INFO Channel 00/0 : 7[83000] -> 8[2000] [send] via NET/IB/0
c198-022:29111:29162 [3] NCCL INFO Channel 00/0 : 47[83000] -> 48[2000] [send] via NET/IB/0
c198-012:19579:19630 [3] NCCL INFO Channel 00/0 : 39[83000] -> 40[2000] [send] via NET/IB/0
c197-101:23307:23357 [3] NCCL INFO Channel 00/0 : 19[83000] -> 20[2000] [send] via NET/IB/0
c198-032:25715:25771 [3] NCCL INFO Channel 00/0 : 55[83000] -> 56[2000] [send] via NET/IB/0
c197-091:7646:7696 [3] NCCL INFO Channel 00/0 : 11[83000] -> 12[2000] [send] via NET/IB/0
c198-011:22532:22584 [3] NCCL INFO Channel 00/0 : 35[83000] -> 36[2000] [send] via NET/IB/0
c198-042:15105:15156 [3] NCCL INFO Channel 00/0 : 63[83000] -> 0[2000] [send] via NET/IB/0
c198-031:31918:31970 [3] NCCL INFO Channel 00/0 : 51[83000] -> 52[2000] [send] via NET/IB/0
c197-102:1026:1087 [3] NCCL INFO Channel 00/0 : 23[83000] -> 24[2000] [send] via NET/IB/0
c197-111:12397:12447 [3] NCCL INFO Channel 00/0 : 27[83000] -> 28[2000] [send] via NET/IB/0
c198-041:12904:12960 [3] NCCL INFO Channel 00/0 : 59[83000] -> 60[2000] [send] via NET/IB/0
c197-092:18716:18770 [3] NCCL INFO Channel 00/0 : 15[83000] -> 16[2000] [send] via NET/IB/0
c198-021:31508:31560 [3] NCCL INFO Channel 00/0 : 43[83000] -> 44[2000] [send] via NET/IB/0
c197-112:23495:23547 [3] NCCL INFO Channel 00/0 : 31[83000] -> 32[2000] [send] via NET/IB/0
c197-081:14164:14219 [3] NCCL INFO Channel 00/0 : 3[83000] -> 4[2000] [send] via NET/IB/0
c198-041:12901:12955 [0] NCCL INFO Channel 01/0 : 55[83000] -> 56[2000] [receive] via NET/IB/0
c198-042:15102:15160 [0] NCCL INFO Channel 01/0 : 59[83000] -> 60[2000] [receive] via NET/IB/0
c198-021:31505:31562 [0] NCCL INFO Channel 01/0 : 39[83000] -> 40[2000] [receive] via NET/IB/0
c197-092:18713:18776 [0] NCCL INFO Channel 01/0 : 11[83000] -> 12[2000] [receive] via NET/IB/0
c198-041:12901:12955 [0] NCCL INFO Channel 00 : 56[2000] -> 57[3000] via direct shared memory
c198-021:31505:31562 [0] NCCL INFO Channel 00 : 40[2000] -> 41[3000] via direct shared memory
c197-101:23304:23360 [0] NCCL INFO Channel 01/0 : 15[83000] -> 16[2000] [receive] via NET/IB/0
c198-042:15102:15160 [0] NCCL INFO Channel 00 : 60[2000] -> 61[3000] via direct shared memory
c198-041:12901:12955 [0] NCCL INFO Channel 01 : 56[2000] -> 57[3000] via direct shared memory
c198-021:31505:31562 [0] NCCL INFO Channel 01 : 40[2000] -> 41[3000] via direct shared memory
c197-092:18713:18776 [0] NCCL INFO Channel 00 : 12[2000] -> 13[3000] via direct shared memory
c198-042:15102:15160 [0] NCCL INFO Channel 01 : 60[2000] -> 61[3000] via direct shared memory
c197-101:23304:23360 [0] NCCL INFO Channel 00 : 16[2000] -> 17[3000] via direct shared memory
c198-031:31915:31972 [0] NCCL INFO Channel 01/0 : 47[83000] -> 48[2000] [receive] via NET/IB/0
c197-091:7643:7701 [0] NCCL INFO Channel 01/0 : 7[83000] -> 8[2000] [receive] via NET/IB/0
c197-092:18713:18776 [0] NCCL INFO Channel 01 : 12[2000] -> 13[3000] via direct shared memory
c197-101:23304:23360 [0] NCCL INFO Channel 01 : 16[2000] -> 17[3000] via direct shared memory
c197-082:20401:20456 [0] NCCL INFO Channel 01/0 : 3[83000] -> 4[2000] [receive] via NET/IB/0
c198-031:31915:31972 [0] NCCL INFO Channel 00 : 48[2000] -> 49[3000] via direct shared memory
c198-012:19576:19635 [0] NCCL INFO Channel 01/0 : 35[83000] -> 36[2000] [receive] via NET/IB/0
c197-091:7643:7701 [0] NCCL INFO Channel 00 : 8[2000] -> 9[3000] via direct shared memory
c198-011:22529:22588 [0] NCCL INFO Channel 01/0 : 31[83000] -> 32[2000] [receive] via NET/IB/0
c197-112:23492:23549 [0] NCCL INFO Channel 01/0 : 27[83000] -> 28[2000] [receive] via NET/IB/0
c197-081:14161:14212 [0] NCCL INFO Channel 01/0 : 63[83000] -> 0[2000] [receive] via NET/IB/0
c198-031:31915:31972 [0] NCCL INFO Channel 01 : 48[2000] -> 49[3000] via direct shared memory
c198-032:25712:25765 [0] NCCL INFO Channel 01/0 : 51[83000] -> 52[2000] [receive] via NET/IB/0
c198-022:29108:29166 [0] NCCL INFO Channel 01/0 : 43[83000] -> 44[2000] [receive] via NET/IB/0
c197-082:20401:20456 [0] NCCL INFO Channel 00 : 4[2000] -> 5[3000] via direct shared memory
c197-091:7643:7701 [0] NCCL INFO Channel 01 : 8[2000] -> 9[3000] via direct shared memory
c198-011:22529:22588 [0] NCCL INFO Channel 00 : 32[2000] -> 33[3000] via direct shared memory
c197-112:23492:23549 [0] NCCL INFO Channel 00 : 28[2000] -> 29[3000] via direct shared memory
c197-102:1023:1102 [0] NCCL INFO Channel 01/0 : 19[83000] -> 20[2000] [receive] via NET/IB/0
c197-082:20401:20456 [0] NCCL INFO Channel 01 : 4[2000] -> 5[3000] via direct shared memory
c198-012:19576:19635 [0] NCCL INFO Channel 00 : 36[2000] -> 37[3000] via direct shared memory
c198-011:22529:22588 [0] NCCL INFO Channel 01 : 32[2000] -> 33[3000] via direct shared memory
c198-032:25712:25765 [0] NCCL INFO Channel 00 : 52[2000] -> 53[3000] via direct shared memory
c197-081:14161:14212 [0] NCCL INFO Channel 00 : 0[2000] -> 1[3000] via direct shared memory
c198-012:19576:19635 [0] NCCL INFO Channel 01 : 36[2000] -> 37[3000] via direct shared memory
c197-112:23492:23549 [0] NCCL INFO Channel 01 : 28[2000] -> 29[3000] via direct shared memory
c198-022:29108:29166 [0] NCCL INFO Channel 00 : 44[2000] -> 45[3000] via direct shared memory
c197-111:12394:12452 [0] NCCL INFO Channel 01/0 : 23[83000] -> 24[2000] [receive] via NET/IB/0
