TACC:  Starting up job 6212684 
TACC:  Starting parallel tasks... 
# nThread 1 nGpus 1 minBytes 65536 maxBytes 268435456 step: 2(factor) warmup iters: 5 iters: 60 agg iters: 1 validation: 1 graph: 0
#
# Using devices
#  Rank  0 Group  0 Pid  13812 on   c197-081 device  0 [0x02] Quadro RTX 5000
#  Rank  1 Group  0 Pid  13813 on   c197-081 device  1 [0x03] Quadro RTX 5000
#  Rank  2 Group  0 Pid  13814 on   c197-081 device  2 [0x82] Quadro RTX 5000
#  Rank  3 Group  0 Pid  13815 on   c197-081 device  3 [0x83] Quadro RTX 5000
#  Rank  4 Group  0 Pid  20083 on   c197-082 device  0 [0x02] Quadro RTX 5000
#  Rank  5 Group  0 Pid  20084 on   c197-082 device  1 [0x03] Quadro RTX 5000
#  Rank  6 Group  0 Pid  20085 on   c197-082 device  2 [0x82] Quadro RTX 5000
#  Rank  7 Group  0 Pid  20086 on   c197-082 device  3 [0x83] Quadro RTX 5000
#  Rank  8 Group  0 Pid   7326 on   c197-091 device  0 [0x02] Quadro RTX 5000
#  Rank  9 Group  0 Pid   7327 on   c197-091 device  1 [0x03] Quadro RTX 5000
#  Rank 10 Group  0 Pid   7328 on   c197-091 device  2 [0x82] Quadro RTX 5000
#  Rank 11 Group  0 Pid   7329 on   c197-091 device  3 [0x83] Quadro RTX 5000
#  Rank 12 Group  0 Pid  18396 on   c197-092 device  0 [0x02] Quadro RTX 5000
#  Rank 13 Group  0 Pid  18397 on   c197-092 device  1 [0x03] Quadro RTX 5000
#  Rank 14 Group  0 Pid  18398 on   c197-092 device  2 [0x82] Quadro RTX 5000
#  Rank 15 Group  0 Pid  18399 on   c197-092 device  3 [0x83] Quadro RTX 5000
#  Rank 16 Group  0 Pid  22987 on   c197-101 device  0 [0x02] Quadro RTX 5000
#  Rank 17 Group  0 Pid  22988 on   c197-101 device  1 [0x03] Quadro RTX 5000
#  Rank 18 Group  0 Pid  22989 on   c197-101 device  2 [0x82] Quadro RTX 5000
#  Rank 19 Group  0 Pid  22990 on   c197-101 device  3 [0x83] Quadro RTX 5000
#  Rank 20 Group  0 Pid    689 on   c197-102 device  0 [0x02] Quadro RTX 5000
#  Rank 21 Group  0 Pid    690 on   c197-102 device  1 [0x03] Quadro RTX 5000
#  Rank 22 Group  0 Pid    691 on   c197-102 device  2 [0x82] Quadro RTX 5000
#  Rank 23 Group  0 Pid    692 on   c197-102 device  3 [0x83] Quadro RTX 5000
#  Rank 24 Group  0 Pid  12077 on   c197-111 device  0 [0x02] Quadro RTX 5000
#  Rank 25 Group  0 Pid  12078 on   c197-111 device  1 [0x03] Quadro RTX 5000
#  Rank 26 Group  0 Pid  12079 on   c197-111 device  2 [0x82] Quadro RTX 5000
#  Rank 27 Group  0 Pid  12080 on   c197-111 device  3 [0x83] Quadro RTX 5000
#  Rank 28 Group  0 Pid  23173 on   c197-112 device  0 [0x02] Quadro RTX 5000
#  Rank 29 Group  0 Pid  23174 on   c197-112 device  1 [0x03] Quadro RTX 5000
#  Rank 30 Group  0 Pid  23175 on   c197-112 device  2 [0x82] Quadro RTX 5000
#  Rank 31 Group  0 Pid  23176 on   c197-112 device  3 [0x83] Quadro RTX 5000
#  Rank 32 Group  0 Pid  22210 on   c198-011 device  0 [0x02] Quadro RTX 5000
#  Rank 33 Group  0 Pid  22211 on   c198-011 device  1 [0x03] Quadro RTX 5000
#  Rank 34 Group  0 Pid  22212 on   c198-011 device  2 [0x82] Quadro RTX 5000
#  Rank 35 Group  0 Pid  22213 on   c198-011 device  3 [0x83] Quadro RTX 5000
#  Rank 36 Group  0 Pid  19260 on   c198-012 device  0 [0x02] Quadro RTX 5000
#  Rank 37 Group  0 Pid  19261 on   c198-012 device  1 [0x03] Quadro RTX 5000
#  Rank 38 Group  0 Pid  19262 on   c198-012 device  2 [0x82] Quadro RTX 5000
#  Rank 39 Group  0 Pid  19263 on   c198-012 device  3 [0x83] Quadro RTX 5000
#  Rank 40 Group  0 Pid  31189 on   c198-021 device  0 [0x02] Quadro RTX 5000
#  Rank 41 Group  0 Pid  31190 on   c198-021 device  1 [0x03] Quadro RTX 5000
#  Rank 42 Group  0 Pid  31191 on   c198-021 device  2 [0x82] Quadro RTX 5000
#  Rank 43 Group  0 Pid  31192 on   c198-021 device  3 [0x83] Quadro RTX 5000
#  Rank 44 Group  0 Pid  28717 on   c198-022 device  0 [0x02] Quadro RTX 5000
#  Rank 45 Group  0 Pid  28718 on   c198-022 device  1 [0x03] Quadro RTX 5000
#  Rank 46 Group  0 Pid  28719 on   c198-022 device  2 [0x82] Quadro RTX 5000
#  Rank 47 Group  0 Pid  28720 on   c198-022 device  3 [0x83] Quadro RTX 5000
#  Rank 48 Group  0 Pid  31598 on   c198-031 device  0 [0x02] Quadro RTX 5000
#  Rank 49 Group  0 Pid  31599 on   c198-031 device  1 [0x03] Quadro RTX 5000
#  Rank 50 Group  0 Pid  31600 on   c198-031 device  2 [0x82] Quadro RTX 5000
#  Rank 51 Group  0 Pid  31601 on   c198-031 device  3 [0x83] Quadro RTX 5000
#  Rank 52 Group  0 Pid  25394 on   c198-032 device  0 [0x02] Quadro RTX 5000
#  Rank 53 Group  0 Pid  25395 on   c198-032 device  1 [0x03] Quadro RTX 5000
#  Rank 54 Group  0 Pid  25396 on   c198-032 device  2 [0x82] Quadro RTX 5000
#  Rank 55 Group  0 Pid  25397 on   c198-032 device  3 [0x83] Quadro RTX 5000
#  Rank 56 Group  0 Pid  12583 on   c198-041 device  0 [0x02] Quadro RTX 5000
#  Rank 57 Group  0 Pid  12584 on   c198-041 device  1 [0x03] Quadro RTX 5000
#  Rank 58 Group  0 Pid  12585 on   c198-041 device  2 [0x82] Quadro RTX 5000
#  Rank 59 Group  0 Pid  12586 on   c198-041 device  3 [0x83] Quadro RTX 5000
#  Rank 60 Group  0 Pid  14780 on   c198-042 device  0 [0x02] Quadro RTX 5000
#  Rank 61 Group  0 Pid  14781 on   c198-042 device  1 [0x03] Quadro RTX 5000
#  Rank 62 Group  0 Pid  14783 on   c198-042 device  2 [0x82] Quadro RTX 5000
#  Rank 63 Group  0 Pid  14784 on   c198-042 device  3 [0x83] Quadro RTX 5000
The MSCCL XML file exists: /home1/09168/ldai1/ccl-build/msccl_tools_lyd/examples/xml/xml_lyd/binary_tree/allreduce_binary_tree_2ch_2tree_16chunk_16node_64gpu.xml
c197-081:13812:13812 [0] NCCL INFO Bootstrap : Using ib0:192.168.44.137<0>
c197-081:13812:13812 [0] NCCL INFO NET/Plugin : No plugin found (libnccl-net.so), using internal implementation
c197-081:13812:13812 [0] NCCL INFO NET/IB : Using [0]mlx4_0:1/IB [RO]; OOB ib0:192.168.44.137<0>
c197-081:13812:13812 [0] NCCL INFO Using network IB
NCCL version 2.12.12.MSCCL.0.7.4+cuda11.3
c197-081:13814:13814 [2] NCCL INFO Bootstrap : Using ib0:192.168.44.137<0>
c197-081:13814:13814 [2] NCCL INFO NET/Plugin : No plugin found (libnccl-net.so), using internal implementation
c197-081:13815:13815 [3] NCCL INFO Bootstrap : Using ib0:192.168.44.137<0>
c197-081:13813:13813 [1] NCCL INFO Bootstrap : Using ib0:192.168.44.137<0>
c197-081:13815:13815 [3] NCCL INFO NET/Plugin : No plugin found (libnccl-net.so), using internal implementation
c197-081:13813:13813 [1] NCCL INFO NET/Plugin : No plugin found (libnccl-net.so), using internal implementation
c197-081:13815:13815 [3] NCCL INFO NET/IB : Using [0]mlx4_0:1/IB [RO]; OOB ib0:192.168.44.137<0>
c197-081:13815:13815 [3] NCCL INFO Using network IB
c197-081:13814:13814 [2] NCCL INFO NET/IB : Using [0]mlx4_0:1/IB [RO]; OOB ib0:192.168.44.137<0>
c197-081:13814:13814 [2] NCCL INFO Using network IB
c197-101:22989:22989 [2] NCCL INFO Bootstrap : Using ib0:192.168.44.141<0>
c197-101:22989:22989 [2] NCCL INFO NET/Plugin : No plugin found (libnccl-net.so), using internal implementation
c197-082:20086:20086 [3] NCCL INFO Bootstrap : Using ib0:192.168.44.138<0>
c197-082:20086:20086 [3] NCCL INFO NET/Plugin : No plugin found (libnccl-net.so), using internal implementation
c197-101:22989:22989 [2] NCCL INFO NET/IB : Using [0]mlx4_0:1/IB [RO]; OOB ib0:192.168.44.141<0>
c197-101:22989:22989 [2] NCCL INFO Using network IB
c197-082:20086:20086 [3] NCCL INFO NET/IB : Using [0]mlx4_0:1/IB [RO]; OOB ib0:192.168.44.138<0>
c197-082:20086:20086 [3] NCCL INFO Using network IB
c197-081:13813:13813 [1] NCCL INFO NET/IB : Using [0]mlx4_0:1/IB [RO]; OOB ib0:192.168.44.137<0>
c197-081:13813:13813 [1] NCCL INFO Using network IB
c197-092:18397:18397 [1] NCCL INFO Bootstrap : Using ib0:192.168.44.140<0>
c197-092:18397:18397 [1] NCCL INFO NET/Plugin : No plugin found (libnccl-net.so), using internal implementation
c197-092:18397:18397 [1] NCCL INFO NET/IB : Using [0]mlx4_0:1/IB [RO]; OOB ib0:192.168.44.140<0>
c197-092:18397:18397 [1] NCCL INFO Using network IB
c197-082:20085:20085 [2] NCCL INFO Bootstrap : Using ib0:192.168.44.138<0>
c197-082:20085:20085 [2] NCCL INFO NET/Plugin : No plugin found (libnccl-net.so), using internal implementation
c198-021:31191:31191 [2] NCCL INFO Bootstrap : Using ib0:192.168.44.147<0>
c198-021:31191:31191 [2] NCCL INFO NET/Plugin : No plugin found (libnccl-net.so), using internal implementation
c197-082:20085:20085 [2] NCCL INFO NET/IB : Using [0]mlx4_0:1/IB [RO]; OOB ib0:192.168.44.138<0>
c197-082:20085:20085 [2] NCCL INFO Using network IB
c198-021:31191:31191 [2] NCCL INFO NET/IB : Using [0]mlx4_0:1/IB [RO]; OOB ib0:192.168.44.147<0>
c198-021:31191:31191 [2] NCCL INFO Using network IB
c198-041:12586:12586 [3] NCCL INFO Bootstrap : Using ib0:192.168.44.151<0>
c198-041:12585:12585 [2] NCCL INFO Bootstrap : Using ib0:192.168.44.151<0>
c198-041:12585:12585 [2] NCCL INFO NET/Plugin : No plugin found (libnccl-net.so), using internal implementation
c198-041:12586:12586 [3] NCCL INFO NET/Plugin : No plugin found (libnccl-net.so), using internal implementation
c198-012:19261:19261 [1] NCCL INFO Bootstrap : Using ib0:192.168.44.146<0>
c198-012:19262:19262 [2] NCCL INFO Bootstrap : Using ib0:192.168.44.146<0>
c198-012:19263:19263 [3] NCCL INFO Bootstrap : Using ib0:192.168.44.146<0>
c198-012:19260:19260 [0] NCCL INFO Bootstrap : Using ib0:192.168.44.146<0>
c198-012:19260:19260 [0] NCCL INFO NET/Plugin : No plugin found (libnccl-net.so), using internal implementation
c198-012:19261:19261 [1] NCCL INFO NET/Plugin : No plugin found (libnccl-net.so), using internal implementation
c198-012:19262:19262 [2] NCCL INFO NET/Plugin : No plugin found (libnccl-net.so), using internal implementation
c198-012:19263:19263 [3] NCCL INFO NET/Plugin : No plugin found (libnccl-net.so), using internal implementation
c197-082:20084:20084 [1] NCCL INFO Bootstrap : Using ib0:192.168.44.138<0>
c197-082:20084:20084 [1] NCCL INFO NET/Plugin : No plugin found (libnccl-net.so), using internal implementation
c198-041:12585:12585 [2] NCCL INFO NET/IB : Using [0]mlx4_0:1/IB [RO]; OOB ib0:192.168.44.151<0>
c198-041:12585:12585 [2] NCCL INFO Using network IB
c198-041:12586:12586 [3] NCCL INFO NET/IB : Using [0]mlx4_0:1/IB [RO]; OOB ib0:192.168.44.151<0>
c198-041:12586:12586 [3] NCCL INFO Using network IB
c197-082:20084:20084 [1] NCCL INFO NET/IB : Using [0]mlx4_0:1/IB [RO]; OOB ib0:192.168.44.138<0>
c197-082:20084:20084 [1] NCCL INFO Using network IB
c197-101:22990:22990 [3] NCCL INFO Bootstrap : Using ib0:192.168.44.141<0>
c197-101:22990:22990 [3] NCCL INFO NET/Plugin : No plugin found (libnccl-net.so), using internal implementation
c198-032:25396:25396 [2] NCCL INFO Bootstrap : Using ib0:192.168.44.150<0>
c198-032:25396:25396 [2] NCCL INFO NET/Plugin : No plugin found (libnccl-net.so), using internal implementation
c197-101:22990:22990 [3] NCCL INFO NET/IB : Using [0]mlx4_0:1/IB [RO]; OOB ib0:192.168.44.141<0>
c197-101:22990:22990 [3] NCCL INFO Using network IB
c197-111:12079:12079 [2] NCCL INFO Bootstrap : Using ib0:192.168.44.143<0>
c197-111:12080:12080 [3] NCCL INFO Bootstrap : Using ib0:192.168.44.143<0>
c197-111:12079:12079 [2] NCCL INFO NET/Plugin : No plugin found (libnccl-net.so), using internal implementation
c197-111:12080:12080 [3] NCCL INFO NET/Plugin : No plugin found (libnccl-net.so), using internal implementation
c197-092:18398:18398 [2] NCCL INFO Bootstrap : Using ib0:192.168.44.140<0>
c197-092:18399:18399 [3] NCCL INFO Bootstrap : Using ib0:192.168.44.140<0>
c197-082:20083:20083 [0] NCCL INFO Bootstrap : Using ib0:192.168.44.138<0>
c197-092:18398:18398 [2] NCCL INFO NET/Plugin : No plugin found (libnccl-net.so), using internal implementation
c197-082:20083:20083 [0] NCCL INFO NET/Plugin : No plugin found (libnccl-net.so), using internal implementation
c197-092:18399:18399 [3] NCCL INFO NET/Plugin : No plugin found (libnccl-net.so), using internal implementation
c198-032:25396:25396 [2] NCCL INFO NET/IB : Using [0]mlx4_0:1/IB [RO]; OOB ib0:192.168.44.150<0>
c198-032:25396:25396 [2] NCCL INFO Using network IB
c198-021:31190:31190 [1] NCCL INFO Bootstrap : Using ib0:192.168.44.147<0>
c197-082:20083:20083 [0] NCCL INFO NET/IB : Using [0]mlx4_0:1/IB [RO]; OOB ib0:192.168.44.138<0>
c197-082:20083:20083 [0] NCCL INFO Using network IB
c198-021:31190:31190 [1] NCCL INFO NET/Plugin : No plugin found (libnccl-net.so), using internal implementation
c198-012:19261:19261 [1] NCCL INFO NET/IB : Using [0]mlx4_0:1/IB [RO]; OOB ib0:192.168.44.146<0>
c198-012:19261:19261 [1] NCCL INFO Using network IB
c198-012:19263:19263 [3] NCCL INFO NET/IB : Using [0]mlx4_0:1/IB [RO]; OOB ib0:192.168.44.146<0>
c198-012:19263:19263 [3] NCCL INFO Using network IB
c198-012:19260:19260 [0] NCCL INFO NET/IB : Using [0]mlx4_0:1/IB [RO]; OOB ib0:192.168.44.146<0>
c198-012:19260:19260 [0] NCCL INFO Using network IB
c198-012:19262:19262 [2] NCCL INFO NET/IB : Using [0]mlx4_0:1/IB [RO]; OOB ib0:192.168.44.146<0>
c198-012:19262:19262 [2] NCCL INFO Using network IB
c198-021:31190:31190 [1] NCCL INFO NET/IB : Using [0]mlx4_0:1/IB [RO]; OOB ib0:192.168.44.147<0>
c198-021:31190:31190 [1] NCCL INFO Using network IB
c198-021:31189:31189 [0] NCCL INFO Bootstrap : Using ib0:192.168.44.147<0>
c198-021:31189:31189 [0] NCCL INFO NET/Plugin : No plugin found (libnccl-net.so), using internal implementation
c197-092:18398:18398 [2] NCCL INFO NET/IB : Using [0]mlx4_0:1/IB [RO]; OOB ib0:192.168.44.140<0>
c197-092:18398:18398 [2] NCCL INFO Using network IB
c197-111:12077:12077 [0] NCCL INFO Bootstrap : Using ib0:192.168.44.143<0>
c197-092:18399:18399 [3] NCCL INFO NET/IB : Using [0]mlx4_0:1/IB [RO]; OOB ib0:192.168.44.140<0>
c197-092:18399:18399 [3] NCCL INFO Using network IB
c197-111:12078:12078 [1] NCCL INFO Bootstrap : Using ib0:192.168.44.143<0>
c197-111:12077:12077 [0] NCCL INFO NET/Plugin : No plugin found (libnccl-net.so), using internal implementation
c197-111:12078:12078 [1] NCCL INFO NET/Plugin : No plugin found (libnccl-net.so), using internal implementation
c198-041:12583:12583 [0] NCCL INFO Bootstrap : Using ib0:192.168.44.151<0>
c198-041:12584:12584 [1] NCCL INFO Bootstrap : Using ib0:192.168.44.151<0>
c198-041:12583:12583 [0] NCCL INFO NET/Plugin : No plugin found (libnccl-net.so), using internal implementation
c198-041:12584:12584 [1] NCCL INFO NET/Plugin : No plugin found (libnccl-net.so), using internal implementation
c197-111:12080:12080 [3] NCCL INFO NET/IB : Using [0]mlx4_0:1/IB [RO]; OOB ib0:192.168.44.143<0>
c197-111:12080:12080 [3] NCCL INFO Using network IB
c197-111:12079:12079 [2] NCCL INFO NET/IB : Using [0]mlx4_0:1/IB [RO]; OOB ib0:192.168.44.143<0>
c197-111:12079:12079 [2] NCCL INFO Using network IB
c197-111:12077:12077 [0] NCCL INFO NET/IB : Using [0]mlx4_0:1/IB [RO]; OOB ib0:192.168.44.143<0>
c197-111:12077:12077 [0] NCCL INFO Using network IB
c197-111:12078:12078 [1] NCCL INFO NET/IB : Using [0]mlx4_0:1/IB [RO]; OOB ib0:192.168.44.143<0>
c197-111:12078:12078 [1] NCCL INFO Using network IB
c198-022:28719:28719 [2] NCCL INFO Bootstrap : Using ib0:192.168.44.148<0>
c198-022:28720:28720 [3] NCCL INFO Bootstrap : Using ib0:192.168.44.148<0>
c198-022:28719:28719 [2] NCCL INFO NET/Plugin : No plugin found (libnccl-net.so), using internal implementation
c198-022:28720:28720 [3] NCCL INFO NET/Plugin : No plugin found (libnccl-net.so), using internal implementation
c198-021:31192:31192 [3] NCCL INFO Bootstrap : Using ib0:192.168.44.147<0>
c198-021:31192:31192 [3] NCCL INFO NET/Plugin : No plugin found (libnccl-net.so), using internal implementation
c197-101:22987:22987 [0] NCCL INFO Bootstrap : Using ib0:192.168.44.141<0>
c198-021:31189:31189 [0] NCCL INFO NET/IB : Using [0]mlx4_0:1/IB [RO]; OOB ib0:192.168.44.147<0>
c198-021:31189:31189 [0] NCCL INFO Using network IB
c197-101:22987:22987 [0] NCCL INFO NET/Plugin : No plugin found (libnccl-net.so), using internal implementation
c198-041:12584:12584 [1] NCCL INFO NET/IB : Using [0]mlx4_0:1/IB [RO]; OOB ib0:192.168.44.151<0>
c198-041:12584:12584 [1] NCCL INFO Using network IB
c198-021:31192:31192 [3] NCCL INFO NET/IB : Using [0]mlx4_0:1/IB [RO]; OOB ib0:192.168.44.147<0>
c198-021:31192:31192 [3] NCCL INFO Using network IB
c198-041:12583:12583 [0] NCCL INFO NET/IB : Using [0]mlx4_0:1/IB [RO]; OOB ib0:192.168.44.151<0>
c198-011:22212:22212 [2] NCCL INFO Bootstrap : Using ib0:192.168.44.145<0>
c198-041:12583:12583 [0] NCCL INFO Using network IB
c198-011:22213:22213 [3] NCCL INFO Bootstrap : Using ib0:192.168.44.145<0>
c198-011:22212:22212 [2] NCCL INFO NET/Plugin : No plugin found (libnccl-net.so), using internal implementation
c198-011:22213:22213 [3] NCCL INFO NET/Plugin : No plugin found (libnccl-net.so), using internal implementation
c197-091:7328:7328 [2] NCCL INFO Bootstrap : Using ib0:192.168.44.139<0>
c197-091:7328:7328 [2] NCCL INFO NET/Plugin : No plugin found (libnccl-net.so), using internal implementation
c198-031:31599:31599 [1] NCCL INFO Bootstrap : Using ib0:192.168.44.149<0>
c198-031:31600:31600 [2] NCCL INFO Bootstrap : Using ib0:192.168.44.149<0>
c197-101:22987:22987 [0] NCCL INFO NET/IB : Using [0]mlx4_0:1/IB [RO]; OOB ib0:192.168.44.141<0>
c197-101:22987:22987 [0] NCCL INFO Using network IB
c198-031:31601:31601 [3] NCCL INFO Bootstrap : Using ib0:192.168.44.149<0>
c198-031:31599:31599 [1] NCCL INFO NET/Plugin : No plugin found (libnccl-net.so), using internal implementation
c198-031:31600:31600 [2] NCCL INFO NET/Plugin : No plugin found (libnccl-net.so), using internal implementation
c198-031:31601:31601 [3] NCCL INFO NET/Plugin : No plugin found (libnccl-net.so), using internal implementation
c198-032:25395:25395 [1] NCCL INFO Bootstrap : Using ib0:192.168.44.150<0>
c198-032:25397:25397 [3] NCCL INFO Bootstrap : Using ib0:192.168.44.150<0>
c198-022:28720:28720 [3] NCCL INFO NET/IB : Using [0]mlx4_0:1/IB [RO]; OOB ib0:192.168.44.148<0>
c198-022:28720:28720 [3] NCCL INFO Using network IB
c198-032:25394:25394 [0] NCCL INFO Bootstrap : Using ib0:192.168.44.150<0>
c198-022:28719:28719 [2] NCCL INFO NET/IB : Using [0]mlx4_0:1/IB [RO]; OOB ib0:192.168.44.148<0>
c198-022:28719:28719 [2] NCCL INFO Using network IB
c198-032:25397:25397 [3] NCCL INFO NET/Plugin : No plugin found (libnccl-net.so), using internal implementation
c198-032:25394:25394 [0] NCCL INFO NET/Plugin : No plugin found (libnccl-net.so), using internal implementation
c198-032:25395:25395 [1] NCCL INFO NET/Plugin : No plugin found (libnccl-net.so), using internal implementation
c198-042:14783:14783 [2] NCCL INFO Bootstrap : Using ib0:192.168.44.152<0>
c198-042:14784:14784 [3] NCCL INFO Bootstrap : Using ib0:192.168.44.152<0>
c198-042:14783:14783 [2] NCCL INFO NET/Plugin : No plugin found (libnccl-net.so), using internal implementation
c198-042:14784:14784 [3] NCCL INFO NET/Plugin : No plugin found (libnccl-net.so), using internal implementation
c197-091:7329:7329 [3] NCCL INFO Bootstrap : Using ib0:192.168.44.139<0>
c197-091:7329:7329 [3] NCCL INFO NET/Plugin : No plugin found (libnccl-net.so), using internal implementation
c197-092:18396:18396 [0] NCCL INFO Bootstrap : Using ib0:192.168.44.140<0>
c197-091:7328:7328 [2] NCCL INFO NET/IB : Using [0]mlx4_0:1/IB [RO]; OOB ib0:192.168.44.139<0>
c197-091:7328:7328 [2] NCCL INFO Using network IB
c198-011:22213:22213 [3] NCCL INFO NET/IB : Using [0]mlx4_0:1/IB [RO]; OOB ib0:192.168.44.145<0>
c198-011:22213:22213 [3] NCCL INFO Using network IB
c197-092:18396:18396 [0] NCCL INFO NET/Plugin : No plugin found (libnccl-net.so), using internal implementation
c198-011:22212:22212 [2] NCCL INFO NET/IB : Using [0]mlx4_0:1/IB [RO]; OOB ib0:192.168.44.145<0>
c198-011:22212:22212 [2] NCCL INFO Using network IB
c197-091:7329:7329 [3] NCCL INFO NET/IB : Using [0]mlx4_0:1/IB [RO]; OOB ib0:192.168.44.139<0>
c197-091:7329:7329 [3] NCCL INFO Using network IB
c197-101:22988:22988 [1] NCCL INFO Bootstrap : Using ib0:192.168.44.141<0>
c197-101:22988:22988 [1] NCCL INFO NET/Plugin : No plugin found (libnccl-net.so), using internal implementation
c197-092:18396:18396 [0] NCCL INFO NET/IB : Using [0]mlx4_0:1/IB [RO]; OOB ib0:192.168.44.140<0>
c197-092:18396:18396 [0] NCCL INFO Using network IB
c198-022:28717:28717 [0] NCCL INFO Bootstrap : Using ib0:192.168.44.148<0>
c198-022:28717:28717 [0] NCCL INFO NET/Plugin : No plugin found (libnccl-net.so), using internal implementation
c198-032:25397:25397 [3] NCCL INFO NET/IB : Using [0]mlx4_0:1/IB [RO]; OOB ib0:192.168.44.150<0>
c198-032:25397:25397 [3] NCCL INFO Using network IB
c198-032:25395:25395 [1] NCCL INFO NET/IB : Using [0]mlx4_0:1/IB [RO]; OOB ib0:192.168.44.150<0>
c198-032:25395:25395 [1] NCCL INFO Using network IB
c198-032:25394:25394 [0] NCCL INFO NET/IB : Using [0]mlx4_0:1/IB [RO]; OOB ib0:192.168.44.150<0>
c198-032:25394:25394 [0] NCCL INFO Using network IB
c197-102:690:690 [1] NCCL INFO Bootstrap : Using ib0:192.168.44.142<0>
c197-102:690:690 [1] NCCL INFO NET/Plugin : No plugin found (libnccl-net.so), using internal implementation
c198-031:31600:31600 [2] NCCL INFO NET/IB : Using [0]mlx4_0:1/IB [RO]; OOB ib0:192.168.44.149<0>
c198-031:31600:31600 [2] NCCL INFO Using network IB
c198-031:31599:31599 [1] NCCL INFO NET/IB : Using [0]mlx4_0:1/IB [RO]; OOB ib0:192.168.44.149<0>
c198-031:31599:31599 [1] NCCL INFO Using network IB
c198-031:31601:31601 [3] NCCL INFO NET/IB : Using [0]mlx4_0:1/IB [RO]; OOB ib0:192.168.44.149<0>
c198-031:31601:31601 [3] NCCL INFO Using network IB
c197-101:22988:22988 [1] NCCL INFO NET/IB : Using [0]mlx4_0:1/IB [RO]; OOB ib0:192.168.44.141<0>
c197-101:22988:22988 [1] NCCL INFO Using network IB
c197-112:23175:23175 [2] NCCL INFO Bootstrap : Using ib0:192.168.44.144<0>
c197-112:23176:23176 [3] NCCL INFO Bootstrap : Using ib0:192.168.44.144<0>
c197-112:23175:23175 [2] NCCL INFO NET/Plugin : No plugin found (libnccl-net.so), using internal implementation
c198-022:28717:28717 [0] NCCL INFO NET/IB : Using [0]mlx4_0:1/IB [RO]; OOB ib0:192.168.44.148<0>
c198-022:28717:28717 [0] NCCL INFO Using network IB
c197-112:23176:23176 [3] NCCL INFO NET/Plugin : No plugin found (libnccl-net.so), using internal implementation
c198-042:14780:14780 [0] NCCL INFO Bootstrap : Using ib0:192.168.44.152<0>
c198-042:14781:14781 [1] NCCL INFO Bootstrap : Using ib0:192.168.44.152<0>
c198-042:14780:14780 [0] NCCL INFO NET/Plugin : No plugin found (libnccl-net.so), using internal implementation
c198-042:14781:14781 [1] NCCL INFO NET/Plugin : No plugin found (libnccl-net.so), using internal implementation
c197-102:690:690 [1] NCCL INFO NET/IB : Using [0]mlx4_0:1/IB [RO]; OOB ib0:192.168.44.142<0>
c197-102:690:690 [1] NCCL INFO Using network IB
c198-011:22211:22211 [1] NCCL INFO Bootstrap : Using ib0:192.168.44.145<0>
c198-011:22210:22210 [0] NCCL INFO Bootstrap : Using ib0:192.168.44.145<0>
c198-011:22210:22210 [0] NCCL INFO NET/Plugin : No plugin found (libnccl-net.so), using internal implementation
c198-011:22211:22211 [1] NCCL INFO NET/Plugin : No plugin found (libnccl-net.so), using internal implementation
c198-042:14783:14783 [2] NCCL INFO NET/IB : Using [0]mlx4_0:1/IB [RO]; OOB ib0:192.168.44.152<0>
c198-042:14783:14783 [2] NCCL INFO Using network IB
c198-042:14784:14784 [3] NCCL INFO NET/IB : Using [0]mlx4_0:1/IB [RO]; OOB ib0:192.168.44.152<0>
c198-042:14784:14784 [3] NCCL INFO Using network IB
c198-031:31598:31598 [0] NCCL INFO Bootstrap : Using ib0:192.168.44.149<0>
c198-031:31598:31598 [0] NCCL INFO NET/Plugin : No plugin found (libnccl-net.so), using internal implementation
c198-042:14781:14781 [1] NCCL INFO NET/IB : Using [0]mlx4_0:1/IB [RO]; OOB ib0:192.168.44.152<0>
c198-042:14781:14781 [1] NCCL INFO Using network IB
c198-042:14780:14780 [0] NCCL INFO NET/IB : Using [0]mlx4_0:1/IB [RO]; OOB ib0:192.168.44.152<0>
c198-042:14780:14780 [0] NCCL INFO Using network IB
c198-022:28718:28718 [1] NCCL INFO Bootstrap : Using ib0:192.168.44.148<0>
c198-022:28718:28718 [1] NCCL INFO NET/Plugin : No plugin found (libnccl-net.so), using internal implementation
c197-102:692:692 [3] NCCL INFO Bootstrap : Using ib0:192.168.44.142<0>
c197-112:23175:23175 [2] NCCL INFO NET/IB : Using [0]mlx4_0:1/IB [RO]; OOB ib0:192.168.44.144<0>
c197-112:23175:23175 [2] NCCL INFO Using network IB
c198-031:31598:31598 [0] NCCL INFO NET/IB : Using [0]mlx4_0:1/IB [RO]; OOB ib0:192.168.44.149<0>
c198-031:31598:31598 [0] NCCL INFO Using network IB
c197-112:23176:23176 [3] NCCL INFO NET/IB : Using [0]mlx4_0:1/IB [RO]; OOB ib0:192.168.44.144<0>
c197-112:23176:23176 [3] NCCL INFO Using network IB
c197-102:692:692 [3] NCCL INFO NET/Plugin : No plugin found (libnccl-net.so), using internal implementation
c198-022:28718:28718 [1] NCCL INFO NET/IB : Using [0]mlx4_0:1/IB [RO]; OOB ib0:192.168.44.148<0>
c198-022:28718:28718 [1] NCCL INFO Using network IB
c197-102:689:689 [0] NCCL INFO Bootstrap : Using ib0:192.168.44.142<0>
c197-102:691:691 [2] NCCL INFO Bootstrap : Using ib0:192.168.44.142<0>
c197-102:691:691 [2] NCCL INFO NET/Plugin : No plugin found (libnccl-net.so), using internal implementation
c197-102:689:689 [0] NCCL INFO NET/Plugin : No plugin found (libnccl-net.so), using internal implementation
c198-011:22210:22210 [0] NCCL INFO NET/IB : Using [0]mlx4_0:1/IB [RO]; OOB ib0:192.168.44.145<0>
c198-011:22210:22210 [0] NCCL INFO Using network IB
c197-102:692:692 [3] NCCL INFO NET/IB : Using [0]mlx4_0:1/IB [RO]; OOB ib0:192.168.44.142<0>
c198-011:22211:22211 [1] NCCL INFO NET/IB : Using [0]mlx4_0:1/IB [RO]; OOB ib0:192.168.44.145<0>
c198-011:22211:22211 [1] NCCL INFO Using network IB
c197-102:692:692 [3] NCCL INFO Using network IB
c197-102:689:689 [0] NCCL INFO NET/IB : Using [0]mlx4_0:1/IB [RO]; OOB ib0:192.168.44.142<0>
c197-102:689:689 [0] NCCL INFO Using network IB
c197-102:691:691 [2] NCCL INFO NET/IB : Using [0]mlx4_0:1/IB [RO]; OOB ib0:192.168.44.142<0>
c197-102:691:691 [2] NCCL INFO Using network IB
c197-091:7326:7326 [0] NCCL INFO Bootstrap : Using ib0:192.168.44.139<0>
c197-091:7327:7327 [1] NCCL INFO Bootstrap : Using ib0:192.168.44.139<0>
c197-091:7326:7326 [0] NCCL INFO NET/Plugin : No plugin found (libnccl-net.so), using internal implementation
c197-091:7327:7327 [1] NCCL INFO NET/Plugin : No plugin found (libnccl-net.so), using internal implementation
c197-112:23173:23173 [0] NCCL INFO Bootstrap : Using ib0:192.168.44.144<0>
c197-112:23174:23174 [1] NCCL INFO Bootstrap : Using ib0:192.168.44.144<0>
c197-112:23173:23173 [0] NCCL INFO NET/Plugin : No plugin found (libnccl-net.so), using internal implementation
c197-112:23174:23174 [1] NCCL INFO NET/Plugin : No plugin found (libnccl-net.so), using internal implementation
c197-091:7327:7327 [1] NCCL INFO NET/IB : Using [0]mlx4_0:1/IB [RO]; OOB ib0:192.168.44.139<0>
c197-091:7327:7327 [1] NCCL INFO Using network IB
c197-091:7326:7326 [0] NCCL INFO NET/IB : Using [0]mlx4_0:1/IB [RO]; OOB ib0:192.168.44.139<0>
c197-091:7326:7326 [0] NCCL INFO Using network IB
c197-112:23174:23174 [1] NCCL INFO NET/IB : Using [0]mlx4_0:1/IB [RO]; OOB ib0:192.168.44.144<0>
c197-112:23174:23174 [1] NCCL INFO Using network IB
c197-112:23173:23173 [0] NCCL INFO NET/IB : Using [0]mlx4_0:1/IB [RO]; OOB ib0:192.168.44.144<0>
c197-112:23173:23173 [0] NCCL INFO Using network IB
c197-081:13812:13863 [0] NCCL INFO Setting affinity for GPU 0 to 0f000f
c197-092:18399:18453 [3] NCCL INFO Setting affinity for GPU 3 to f000f000
c198-021:31192:31249 [3] NCCL INFO Setting affinity for GPU 3 to f000f000
c197-112:23176:23228 [3] NCCL INFO Setting affinity for GPU 3 to f000f000
c197-082:20086:20137 [3] NCCL INFO Setting affinity for GPU 3 to f000f000
c198-041:12586:12638 [3] NCCL INFO Setting affinity for GPU 3 to f000f000
c198-042:14784:14837 [3] NCCL INFO Setting affinity for GPU 3 to f000f000
c198-012:19263:19316 [3] NCCL INFO Setting affinity for GPU 3 to f000f000
c197-102:692:745 [3] NCCL INFO Setting affinity for GPU 3 to f000f000
c198-031:31601:31655 [3] NCCL INFO Setting affinity for GPU 3 to f000f000
c198-022:28720:28772 [3] NCCL INFO Setting affinity for GPU 3 to f000f000
c197-091:7329:7381 [3] NCCL INFO Setting affinity for GPU 3 to f000f000
c197-111:12080:12131 [3] NCCL INFO Setting affinity for GPU 3 to f000f000
c197-101:22990:23042 [3] NCCL INFO Setting affinity for GPU 3 to f000f000
c198-011:22213:22264 [3] NCCL INFO Setting affinity for GPU 3 to f000f000
c198-032:25397:25450 [3] NCCL INFO Setting affinity for GPU 3 to f000f000
c197-081:13814:13870 [2] NCCL INFO Setting affinity for GPU 2 to 0f000f00
c197-081:13815:13868 [3] NCCL INFO Setting affinity for GPU 3 to f000f000
c198-022:28719:28773 [2] NCCL INFO Setting affinity for GPU 2 to 0f000f00
c197-081:13813:13872 [1] NCCL INFO Setting affinity for GPU 1 to f000f0
c197-101:22989:23040 [2] NCCL INFO Setting affinity for GPU 2 to 0f000f00
c198-041:12583:12642 [0] NCCL INFO Setting affinity for GPU 0 to 0f000f
c198-042:14781:14840 [1] NCCL INFO Setting affinity for GPU 1 to f000f0
c198-032:25396:25447 [2] NCCL INFO Setting affinity for GPU 2 to 0f000f00
c197-092:18397:18449 [1] NCCL INFO Setting affinity for GPU 1 to f000f0
c198-042:14783:14836 [2] NCCL INFO Setting affinity for GPU 2 to 0f000f00
c197-091:7327:7384 [1] NCCL INFO Setting affinity for GPU 1 to f000f0
c197-091:7328:7379 [2] NCCL INFO Setting affinity for GPU 2 to 0f000f00
c197-092:18398:18452 [2] NCCL INFO Setting affinity for GPU 2 to 0f000f00
c198-022:28717:28775 [0] NCCL INFO Setting affinity for GPU 0 to 0f000f
c198-022:28718:28777 [1] NCCL INFO Setting affinity for GPU 1 to f000f0
c198-011:22210:22268 [0] NCCL INFO Setting affinity for GPU 0 to 0f000f
c198-021:31189:31247 [0] NCCL INFO Setting affinity for GPU 0 to 0f000f
c198-031:31599:31653 [1] NCCL INFO Setting affinity for GPU 1 to f000f0
c197-091:7326:7385 [0] NCCL INFO Setting affinity for GPU 0 to 0f000f
c197-092:18396:18455 [0] NCCL INFO Setting affinity for GPU 0 to 0f000f
c197-102:690:743 [1] NCCL INFO Setting affinity for GPU 1 to f000f0
c197-101:22987:23044 [0] NCCL INFO Setting affinity for GPU 0 to 0f000f
c197-101:22988:23046 [1] NCCL INFO Setting affinity for GPU 1 to f000f0
c198-021:31190:31245 [1] NCCL INFO Setting affinity for GPU 1 to f000f0
c197-102:689:748 [0] NCCL INFO Setting affinity for GPU 0 to 0f000f
c198-041:12584:12641 [1] NCCL INFO Setting affinity for GPU 1 to f000f0
c197-112:23173:23232 [0] NCCL INFO Setting affinity for GPU 0 to 0f000f
c198-042:14780:14841 [0] NCCL INFO Setting affinity for GPU 0 to 0f000f
c198-011:22211:22269 [1] NCCL INFO Setting affinity for GPU 1 to f000f0
c198-011:22212:22265 [2] NCCL INFO Setting affinity for GPU 2 to 0f000f00
c197-102:691:749 [2] NCCL INFO Setting affinity for GPU 2 to 0f000f00
c198-012:19262:19319 [2] NCCL INFO Setting affinity for GPU 2 to 0f000f00
c197-082:20084:20141 [1] NCCL INFO Setting affinity for GPU 1 to f000f0
c198-012:19261:19313 [1] NCCL INFO Setting affinity for GPU 1 to f000f0
c198-021:31191:31243 [2] NCCL INFO Setting affinity for GPU 2 to 0f000f00
c197-112:23175:23227 [2] NCCL INFO Setting affinity for GPU 2 to 0f000f00
c198-041:12585:12636 [2] NCCL INFO Setting affinity for GPU 2 to 0f000f00
c197-082:20083:20143 [0] NCCL INFO Setting affinity for GPU 0 to 0f000f
c197-082:20085:20139 [2] NCCL INFO Setting affinity for GPU 2 to 0f000f00
c198-012:19260:19317 [0] NCCL INFO Setting affinity for GPU 0 to 0f000f
c198-032:25394:25453 [0] NCCL INFO Setting affinity for GPU 0 to 0f000f
c198-031:31598:31657 [0] NCCL INFO Setting affinity for GPU 0 to 0f000f
c198-031:31600:31654 [2] NCCL INFO Setting affinity for GPU 2 to 0f000f00
c197-112:23174:23231 [1] NCCL INFO Setting affinity for GPU 1 to f000f0
c198-032:25395:25452 [1] NCCL INFO Setting affinity for GPU 1 to f000f0
c197-111:12079:12132 [2] NCCL INFO Setting affinity for GPU 2 to 0f000f00
c197-111:12077:12135 [0] NCCL INFO Setting affinity for GPU 0 to 0f000f
c197-111:12078:12136 [1] NCCL INFO Setting affinity for GPU 1 to f000f0
c197-102:691:749 [2] NCCL INFO Trees [0] 23/-1/-1->22->21 [1] 23/-1/-1->22->21
c197-101:22988:23046 [1] NCCL INFO Trees [0] 18/8/-1->17->16 [1] 18/-1/-1->17->16
c197-111:12077:12135 [0] NCCL INFO Trees [0] 25/28/-1->24->16 [1] 25/-1/-1->24->21
c197-092:18399:18453 [3] NCCL INFO Trees [0] -1/-1/-1->15->14 [1] -1/-1/-1->15->14
c197-102:692:745 [3] NCCL INFO Trees [0] -1/-1/-1->23->22 [1] -1/-1/-1->23->22
c197-091:7329:7381 [3] NCCL INFO Trees [0] -1/-1/-1->11->10 [1] -1/-1/-1->11->10
c197-101:22989:23040 [2] NCCL INFO Trees [0] 19/-1/-1->18->17 [1] 19/-1/-1->18->17
c197-092:18398:18452 [2] NCCL INFO Trees [0] 15/-1/-1->14->13 [1] 15/-1/-1->14->13
c197-102:689:748 [0] NCCL INFO Trees [0] 21/-1/-1->20->25 [1] 21/16/-1->20->13
c197-091:7328:7379 [2] NCCL INFO Trees [0] 11/-1/-1->10->9 [1] 11/-1/-1->10->9
c197-101:22990:23042 [3] NCCL INFO Trees [0] -1/-1/-1->19->18 [1] -1/-1/-1->19->18
c197-081:13812:13863 [0] NCCL INFO Channel 00/02 :    0   1   2   3   4   5   6   7   8   9  10  11  12  13  14  15  16  17  18  19
c197-081:13812:13863 [0] NCCL INFO Channel 01/02 :    0   1   2   3   4   5   6   7   8   9  10  11  12  13  14  15  16  17  18  19
c197-092:18397:18449 [1] NCCL INFO Trees [0] 14/-1/-1->13->12 [1] 14/20/-1->13->12
c197-102:690:743 [1] NCCL INFO Trees [0] 22/-1/-1->21->20 [1] 22/24/-1->21->20
c197-091:7327:7384 [1] NCCL INFO Trees [0] 10/4/-1->9->8 [1] 10/-1/-1->9->8
c197-101:22987:23044 [0] NCCL INFO Trees [0] 17/24/-1->16->33 [1] 17/-1/-1->16->20
c197-081:13813:13872 [1] NCCL INFO Trees [0] 2/-1/-1->1->0 [1] 2/-1/-1->1->0
c197-092:18396:18455 [0] NCCL INFO Trees [0] 13/-1/-1->12->8 [1] 13/4/-1->12->28
c197-091:7326:7385 [0] NCCL INFO Trees [0] 9/12/-1->8->17 [1] 9/-1/-1->8->5
c197-082:20085:20139 [2] NCCL INFO Trees [0] 7/-1/-1->6->5 [1] 7/-1/-1->6->5
c197-081:13812:13863 [0] NCCL INFO Trees [0] 1/32/-1->0->-1 [1] 1/-1/-1->0->4
c198-042:14780:14841 [0] NCCL INFO Trees [0] 61/-1/-1->60->56 [1] 61/28/-1->60->-1
c197-082:20086:20137 [3] NCCL INFO Trees [0] -1/-1/-1->7->6 [1] -1/-1/-1->7->6
c197-081:13814:13870 [2] NCCL INFO Trees [0] 3/-1/-1->2->1 [1] 3/-1/-1->2->1
c198-041:12586:12638 [3] NCCL INFO Trees [0] -1/-1/-1->59->58 [1] -1/-1/-1->59->58
c198-042:14783:14836 [2] NCCL INFO Trees [0] 63/-1/-1->62->61 [1] 63/-1/-1->62->61
c197-082:20083:20143 [0] NCCL INFO Trees [0] 5/-1/-1->4->9 [1] 5/0/-1->4->12
c197-081:13815:13868 [3] NCCL INFO Trees [0] -1/-1/-1->3->2 [1] -1/-1/-1->3->2
c198-032:25396:25447 [2] NCCL INFO Trees [0] 55/-1/-1->54->53 [1] 55/-1/-1->54->53
c198-041:12585:12636 [2] NCCL INFO Trees [0] 59/-1/-1->58->57 [1] 59/-1/-1->58->57
c198-042:14784:14837 [3] NCCL INFO Trees [0] -1/-1/-1->63->62 [1] -1/-1/-1->63->62
c197-082:20084:20141 [1] NCCL INFO Trees [0] 6/-1/-1->5->4 [1] 6/8/-1->5->4
c198-032:25397:25450 [3] NCCL INFO Trees [0] -1/-1/-1->55->54 [1] -1/-1/-1->55->54
c198-041:12583:12642 [0] NCCL INFO Trees [0] 57/60/-1->56->48 [1] 57/-1/-1->56->53
c198-042:14781:14840 [1] NCCL INFO Trees [0] 62/-1/-1->61->60 [1] 62/-1/-1->61->60
c198-032:25395:25452 [1] NCCL INFO Trees [0] 54/-1/-1->53->52 [1] 54/56/-1->53->52
c198-041:12584:12641 [1] NCCL INFO Trees [0] 58/52/-1->57->56 [1] 58/-1/-1->57->56
c197-112:23173:23232 [0] NCCL INFO Trees [0] 29/-1/-1->28->24 [1] 29/12/-1->28->60
c198-031:31599:31653 [1] NCCL INFO Trees [0] 50/40/-1->49->48 [1] 50/-1/-1->49->48
c197-111:12079:12132 [2] NCCL INFO Trees [0] 27/-1/-1->26->25 [1] 27/-1/-1->26->25
c198-032:25394:25453 [0] NCCL INFO Trees [0] 53/-1/-1->52->57 [1] 53/48/-1->52->45
c198-031:31600:31654 [2] NCCL INFO Trees [0] 51/-1/-1->50->49 [1] 51/-1/-1->50->49
c198-022:28720:28772 [3] NCCL INFO Trees [0] -1/-1/-1->47->46 [1] -1/-1/-1->47->46
c197-111:12080:12131 [3] NCCL INFO Trees [0] -1/-1/-1->27->26 [1] -1/-1/-1->27->26
c198-021:31192:31249 [3] NCCL INFO Trees [0] -1/-1/-1->43->42 [1] -1/-1/-1->43->42
c198-031:31601:31655 [3] NCCL INFO Trees [0] -1/-1/-1->51->50 [1] -1/-1/-1->51->50
c198-022:28719:28773 [2] NCCL INFO Trees [0] 47/-1/-1->46->45 [1] 47/-1/-1->46->45
c197-111:12078:12136 [1] NCCL INFO Trees [0] 26/20/-1->25->24 [1] 26/-1/-1->25->24
c198-021:31190:31245 [1] NCCL INFO Trees [0] 42/36/-1->41->40 [1] 42/-1/-1->41->40
c198-031:31598:31657 [0] NCCL INFO Trees [0] 49/56/-1->48->32 [1] 49/-1/-1->48->52
c198-022:28718:28777 [1] NCCL INFO Trees [0] 46/-1/-1->45->44 [1] 46/52/-1->45->44
c198-021:31191:31243 [2] NCCL INFO Trees [0] 43/-1/-1->42->41 [1] 43/-1/-1->42->41
c198-022:28717:28775 [0] NCCL INFO Trees [0] 45/-1/-1->44->40 [1] 45/36/-1->44->29
c198-012:19262:19319 [2] NCCL INFO Trees [0] 39/-1/-1->38->37 [1] 39/-1/-1->38->37
c198-021:31189:31247 [0] NCCL INFO Trees [0] 41/44/-1->40->49 [1] 41/-1/-1->40->37
c198-011:22213:22264 [3] NCCL INFO Trees [0] -1/-1/-1->35->34 [1] -1/-1/-1->35->34
c198-012:19263:19316 [3] NCCL INFO Trees [0] -1/-1/-1->39->38 [1] -1/-1/-1->39->38
c197-112:23176:23228 [3] NCCL INFO Trees [0] -1/-1/-1->31->30 [1] -1/-1/-1->31->30
c198-011:22212:22265 [2] NCCL INFO Trees [0] 35/-1/-1->34->33 [1] 35/-1/-1->34->33
c198-012:19261:19313 [1] NCCL INFO Trees [0] 38/-1/-1->37->36 [1] 38/40/-1->37->36
c197-112:23175:23227 [2] NCCL INFO Trees [0] 31/-1/-1->30->29 [1] 31/-1/-1->30->29
c198-011:22211:22269 [1] NCCL INFO Trees [0] 34/16/-1->33->32 [1] 34/-1/-1->33->32
c198-012:19260:19317 [0] NCCL INFO Trees [0] 37/-1/-1->36->41 [1] 37/32/-1->36->44
c197-112:23174:23231 [1] NCCL INFO Trees [0] 30/-1/-1->29->28 [1] 30/44/-1->29->28
c198-011:22210:22268 [0] NCCL INFO Trees [0] 33/48/-1->32->0 [1] 33/-1/-1->32->36
c197-111:12077:12135 [0] NCCL INFO Channel 00/0 : 23[83000] -> 24[2000] [receive] via NET/IB/0
c197-112:23173:23232 [0] NCCL INFO Channel 00/0 : 27[83000] -> 28[2000] [receive] via NET/IB/0
c197-102:689:748 [0] NCCL INFO Channel 00/0 : 19[83000] -> 20[2000] [receive] via NET/IB/0
c197-101:22987:23044 [0] NCCL INFO Channel 00/0 : 15[83000] -> 16[2000] [receive] via NET/IB/0
c197-092:18396:18455 [0] NCCL INFO Channel 00/0 : 11[83000] -> 12[2000] [receive] via NET/IB/0
c197-091:7326:7385 [0] NCCL INFO Channel 00/0 : 7[83000] -> 8[2000] [receive] via NET/IB/0
c198-042:14780:14841 [0] NCCL INFO Channel 00/0 : 59[83000] -> 60[2000] [receive] via NET/IB/0
c198-022:28717:28775 [0] NCCL INFO Channel 00/0 : 43[83000] -> 44[2000] [receive] via NET/IB/0
c197-081:13812:13863 [0] NCCL INFO Channel 00/0 : 63[83000] -> 0[2000] [receive] via NET/IB/0
c198-011:22210:22268 [0] NCCL INFO Channel 00/0 : 31[83000] -> 32[2000] [receive] via NET/IB/0
c198-021:31189:31247 [0] NCCL INFO Channel 00/0 : 39[83000] -> 40[2000] [receive] via NET/IB/0
c198-032:25394:25453 [0] NCCL INFO Channel 00/0 : 51[83000] -> 52[2000] [receive] via NET/IB/0
c198-031:31598:31657 [0] NCCL INFO Channel 00/0 : 47[83000] -> 48[2000] [receive] via NET/IB/0
c198-041:12583:12642 [0] NCCL INFO Channel 00/0 : 55[83000] -> 56[2000] [receive] via NET/IB/0
c197-082:20083:20143 [0] NCCL INFO Channel 00/0 : 3[83000] -> 4[2000] [receive] via NET/IB/0
c198-012:19260:19317 [0] NCCL INFO Channel 00/0 : 35[83000] -> 36[2000] [receive] via NET/IB/0
c197-092:18398:18452 [2] NCCL INFO Channel 00 : 14[82000] -> 15[83000] via direct shared memory
c197-091:7328:7379 [2] NCCL INFO Channel 00 : 10[82000] -> 11[83000] via direct shared memory
c197-102:691:749 [2] NCCL INFO Channel 00 : 22[82000] -> 23[83000] via direct shared memory
c197-091:7328:7379 [2] NCCL INFO Channel 01 : 10[82000] -> 11[83000] via direct shared memory
c197-101:22989:23040 [2] NCCL INFO Channel 00 : 18[82000] -> 19[83000] via direct shared memory
c197-082:20085:20139 [2] NCCL INFO Channel 00 : 6[82000] -> 7[83000] via direct shared memory
c197-092:18398:18452 [2] NCCL INFO Channel 01 : 14[82000] -> 15[83000] via direct shared memory
c197-102:691:749 [2] NCCL INFO Channel 01 : 22[82000] -> 23[83000] via direct shared memory
c198-022:28719:28773 [2] NCCL INFO Channel 00 : 46[82000] -> 47[83000] via direct shared memory
c198-041:12585:12636 [2] NCCL INFO Channel 00 : 58[82000] -> 59[83000] via direct shared memory
c197-082:20085:20139 [2] NCCL INFO Channel 01 : 6[82000] -> 7[83000] via direct shared memory
c197-101:22989:23040 [2] NCCL INFO Channel 01 : 18[82000] -> 19[83000] via direct shared memory
c197-111:12079:12132 [2] NCCL INFO Channel 00 : 26[82000] -> 27[83000] via direct shared memory
c197-112:23175:23227 [2] NCCL INFO Channel 00 : 30[82000] -> 31[83000] via direct shared memory
c197-102:690:743 [1] NCCL INFO Channel 00 : 21[3000] -> 22[82000] via direct shared memory
c198-031:31600:31654 [2] NCCL INFO Channel 00 : 50[82000] -> 51[83000] via direct shared memory
c197-111:12079:12132 [2] NCCL INFO Channel 01 : 26[82000] -> 27[83000] via direct shared memory
c197-092:18397:18449 [1] NCCL INFO Channel 00 : 13[3000] -> 14[82000] via direct shared memory
c197-112:23175:23227 [2] NCCL INFO Channel 01 : 30[82000] -> 31[83000] via direct shared memory
c197-102:690:743 [1] NCCL INFO Channel 01 : 21[3000] -> 22[82000] via direct shared memory
c198-032:25396:25447 [2] NCCL INFO Channel 00 : 54[82000] -> 55[83000] via direct shared memory
c198-031:31600:31654 [2] NCCL INFO Channel 01 : 50[82000] -> 51[83000] via direct shared memory
c198-041:12585:12636 [2] NCCL INFO Channel 01 : 58[82000] -> 59[83000] via direct shared memory
c198-042:14781:14840 [1] NCCL INFO Channel 00 : 61[3000] -> 62[82000] via direct shared memory
c197-101:22988:23046 [1] NCCL INFO Channel 00 : 17[3000] -> 18[82000] via direct shared memory
c198-032:25396:25447 [2] NCCL INFO Channel 01 : 54[82000] -> 55[83000] via direct shared memory
c198-022:28719:28773 [2] NCCL INFO Channel 01 : 46[82000] -> 47[83000] via direct shared memory
c197-091:7327:7384 [1] NCCL INFO Channel 00 : 9[3000] -> 10[82000] via direct shared memory
c197-101:22988:23046 [1] NCCL INFO Channel 01 : 17[3000] -> 18[82000] via direct shared memory
c197-092:18397:18449 [1] NCCL INFO Channel 01 : 13[3000] -> 14[82000] via direct shared memory
c198-021:31191:31243 [2] NCCL INFO Channel 00 : 42[82000] -> 43[83000] via direct shared memory
c198-022:28718:28777 [1] NCCL INFO Channel 00 : 45[3000] -> 46[82000] via direct shared memory
c198-041:12584:12641 [1] NCCL INFO Channel 00 : 57[3000] -> 58[82000] via direct shared memory
c198-042:14781:14840 [1] NCCL INFO Channel 01 : 61[3000] -> 62[82000] via direct shared memory
c197-091:7327:7384 [1] NCCL INFO Channel 01 : 9[3000] -> 10[82000] via direct shared memory
c198-021:31190:31245 [1] NCCL INFO Channel 00 : 41[3000] -> 42[82000] via direct shared memory
c198-022:28718:28777 [1] NCCL INFO Channel 01 : 45[3000] -> 46[82000] via direct shared memory
c198-041:12584:12641 [1] NCCL INFO Channel 01 : 57[3000] -> 58[82000] via direct shared memory
c198-042:14783:14836 [2] NCCL INFO Channel 00 : 62[82000] -> 63[83000] via direct shared memory
c197-081:13814:13870 [2] NCCL INFO Channel 00 : 2[82000] -> 3[83000] via direct shared memory
c198-021:31191:31243 [2] NCCL INFO Channel 01 : 42[82000] -> 43[83000] via direct shared memory
c198-042:14783:14836 [2] NCCL INFO Channel 01 : 62[82000] -> 63[83000] via direct shared memory
c198-012:19262:19319 [2] NCCL INFO Channel 00 : 38[82000] -> 39[83000] via direct shared memory
c197-081:13813:13872 [1] NCCL INFO Channel 00 : 1[3000] -> 2[82000] via direct shared memory
c198-021:31190:31245 [1] NCCL INFO Channel 01 : 41[3000] -> 42[82000] via direct shared memory
c198-012:19261:19313 [1] NCCL INFO Channel 00 : 37[3000] -> 38[82000] via direct shared memory
c198-031:31599:31653 [1] NCCL INFO Channel 00 : 49[3000] -> 50[82000] via direct shared memory
c198-012:19262:19319 [2] NCCL INFO Channel 01 : 38[82000] -> 39[83000] via direct shared memory
c197-081:13814:13870 [2] NCCL INFO Channel 01 : 2[82000] -> 3[83000] via direct shared memory
c198-011:22212:22265 [2] NCCL INFO Channel 00 : 34[82000] -> 35[83000] via direct shared memory
c197-082:20084:20141 [1] NCCL INFO Channel 00 : 5[3000] -> 6[82000] via direct shared memory
c197-081:13813:13872 [1] NCCL INFO Channel 01 : 1[3000] -> 2[82000] via direct shared memory
c198-031:31599:31653 [1] NCCL INFO Channel 01 : 49[3000] -> 50[82000] via direct shared memory
c198-011:22211:22269 [1] NCCL INFO Channel 00 : 33[3000] -> 34[82000] via direct shared memory
c197-082:20084:20141 [1] NCCL INFO Channel 01 : 5[3000] -> 6[82000] via direct shared memory
c198-012:19261:19313 [1] NCCL INFO Channel 01 : 37[3000] -> 38[82000] via direct shared memory
c198-032:25395:25452 [1] NCCL INFO Channel 00 : 53[3000] -> 54[82000] via direct shared memory
c198-011:22212:22265 [2] NCCL INFO Channel 01 : 34[82000] -> 35[83000] via direct shared memory
c198-032:25395:25452 [1] NCCL INFO Channel 01 : 53[3000] -> 54[82000] via direct shared memory
c198-011:22211:22269 [1] NCCL INFO Channel 01 : 33[3000] -> 34[82000] via direct shared memory
c197-102:692:745 [3] NCCL INFO Channel 00/0 : 23[83000] -> 24[2000] [send] via NET/IB/0
c197-091:7329:7381 [3] NCCL INFO Channel 00/0 : 11[83000] -> 12[2000] [send] via NET/IB/0
c197-092:18399:18453 [3] NCCL INFO Channel 00/0 : 15[83000] -> 16[2000] [send] via NET/IB/0
c197-101:22990:23042 [3] NCCL INFO Channel 00/0 : 19[83000] -> 20[2000] [send] via NET/IB/0
c197-111:12080:12131 [3] NCCL INFO Channel 00/0 : 27[83000] -> 28[2000] [send] via NET/IB/0
c198-041:12586:12638 [3] NCCL INFO Channel 00/0 : 59[83000] -> 60[2000] [send] via NET/IB/0
c197-082:20086:20137 [3] NCCL INFO Channel 00/0 : 7[83000] -> 8[2000] [send] via NET/IB/0
c198-022:28720:28772 [3] NCCL INFO Channel 00/0 : 47[83000] -> 48[2000] [send] via NET/IB/0
c198-021:31192:31249 [3] NCCL INFO Channel 00/0 : 43[83000] -> 44[2000] [send] via NET/IB/0
c198-031:31601:31655 [3] NCCL INFO Channel 00/0 : 51[83000] -> 52[2000] [send] via NET/IB/0
c197-112:23176:23228 [3] NCCL INFO Channel 00/0 : 31[83000] -> 32[2000] [send] via NET/IB/0
c198-032:25397:25450 [3] NCCL INFO Channel 00/0 : 55[83000] -> 56[2000] [send] via NET/IB/0
c198-012:19263:19316 [3] NCCL INFO Channel 00/0 : 39[83000] -> 40[2000] [send] via NET/IB/0
c197-111:12078:12136 [1] NCCL INFO Channel 00 : 25[3000] -> 26[82000] via direct shared memory
c198-042:14784:14837 [3] NCCL INFO Channel 00/0 : 63[83000] -> 0[2000] [send] via NET/IB/0
c197-081:13815:13868 [3] NCCL INFO Channel 00/0 : 3[83000] -> 4[2000] [send] via NET/IB/0
c198-011:22213:22264 [3] NCCL INFO Channel 00/0 : 35[83000] -> 36[2000] [send] via NET/IB/0
c197-111:12078:12136 [1] NCCL INFO Channel 01 : 25[3000] -> 26[82000] via direct shared memory
c197-112:23174:23231 [1] NCCL INFO Channel 00 : 29[3000] -> 30[82000] via direct shared memory
c197-112:23174:23231 [1] NCCL INFO Channel 01 : 29[3000] -> 30[82000] via direct shared memory
c197-111:12077:12135 [0] NCCL INFO Channel 01/0 : 23[83000] -> 24[2000] [receive] via NET/IB/0
c197-101:22987:23044 [0] NCCL INFO Channel 01/0 : 15[83000] -> 16[2000] [receive] via NET/IB/0
c197-111:12077:12135 [0] NCCL INFO Channel 00 : 24[2000] -> 25[3000] via direct shared memory
c197-101:22987:23044 [0] NCCL INFO Channel 00 : 16[2000] -> 17[3000] via direct shared memory
c197-091:7326:7385 [0] NCCL INFO Channel 01/0 : 7[83000] -> 8[2000] [receive] via NET/IB/0
c197-101:22987:23044 [0] NCCL INFO Channel 01 : 16[2000] -> 17[3000] via direct shared memory
c197-111:12077:12135 [0] NCCL INFO Channel 01 : 24[2000] -> 25[3000] via direct shared memory
c197-112:23173:23232 [0] NCCL INFO Channel 01/0 : 27[83000] -> 28[2000] [receive] via NET/IB/0
c197-091:7326:7385 [0] NCCL INFO Channel 00 : 8[2000] -> 9[3000] via direct shared memory
c198-022:28717:28775 [0] NCCL INFO Channel 01/0 : 43[83000] -> 44[2000] [receive] via NET/IB/0
c197-091:7326:7385 [0] NCCL INFO Channel 01 : 8[2000] -> 9[3000] via direct shared memory
c197-081:13812:13863 [0] NCCL INFO Channel 01/0 : 63[83000] -> 0[2000] [receive] via NET/IB/0
c197-112:23173:23232 [0] NCCL INFO Channel 00 : 28[2000] -> 29[3000] via direct shared memory
c197-102:689:748 [0] NCCL INFO Channel 01/0 : 19[83000] -> 20[2000] [receive] via NET/IB/0
c198-022:28717:28775 [0] NCCL INFO Channel 00 : 44[2000] -> 45[3000] via direct shared memory
c198-021:31189:31247 [0] NCCL INFO Channel 01/0 : 39[83000] -> 40[2000] [receive] via NET/IB/0
c197-112:23173:23232 [0] NCCL INFO Channel 01 : 28[2000] -> 29[3000] via direct shared memory
c198-041:12583:12642 [0] NCCL INFO Channel 01/0 : 55[83000] -> 56[2000] [receive] via NET/IB/0
c198-022:28717:28775 [0] NCCL INFO Channel 01 : 44[2000] -> 45[3000] via direct shared memory
c198-042:14780:14841 [0] NCCL INFO Channel 01/0 : 59[83000] -> 60[2000] [receive] via NET/IB/0
c197-081:13812:13863 [0] NCCL INFO Channel 00 : 0[2000] -> 1[3000] via direct shared memory
c197-102:689:748 [0] NCCL INFO Channel 00 : 20[2000] -> 21[3000] via direct shared memory
c197-092:18396:18455 [0] NCCL INFO Channel 01/0 : 11[83000] -> 12[2000] [receive] via NET/IB/0
c198-021:31189:31247 [0] NCCL INFO Channel 00 : 40[2000] -> 41[3000] via direct shared memory
c197-081:13812:13863 [0] NCCL INFO Channel 01 : 0[2000] -> 1[3000] via direct shared memory
c197-102:689:748 [0] NCCL INFO Channel 01 : 20[2000] -> 21[3000] via direct shared memory
c198-041:12583:12642 [0] NCCL INFO Channel 00 : 56[2000] -> 57[3000] via direct shared memory
c198-042:14780:14841 [0] NCCL INFO Channel 00 : 60[2000] -> 61[3000] via direct shared memory
c198-021:31189:31247 [0] NCCL INFO Channel 01 : 40[2000] -> 41[3000] via direct shared memory
c198-041:12583:12642 [0] NCCL INFO Channel 01 : 56[2000] -> 57[3000] via direct shared memory
c197-092:18396:18455 [0] NCCL INFO Channel 00 : 12[2000] -> 13[3000] via direct shared memory
c198-031:31598:31657 [0] NCCL INFO Channel 01/0 : 47[83000] -> 48[2000] [receive] via NET/IB/0
c198-042:14780:14841 [0] NCCL INFO Channel 01 : 60[2000] -> 61[3000] via direct shared memory
c197-082:20083:20143 [0] NCCL INFO Channel 01/0 : 3[83000] -> 4[2000] [receive] via NET/IB/0
c197-092:18396:18455 [0] NCCL INFO Channel 01 : 12[2000] -> 13[3000] via direct shared memory
c198-032:25394:25453 [0] NCCL INFO Channel 01/0 : 51[83000] -> 52[2000] [receive] via NET/IB/0
c198-031:31598:31657 [0] NCCL INFO Channel 00 : 48[2000] -> 49[3000] via direct shared memory
c198-011:22210:22268 [0] NCCL INFO Channel 01/0 : 31[83000] -> 32[2000] [receive] via NET/IB/0
c198-012:19260:19317 [0] NCCL INFO Channel 01/0 : 35[83000] -> 36[2000] [receive] via NET/IB/0
c198-031:31598:31657 [0] NCCL INFO Channel 01 : 48[2000] -> 49[3000] via direct shared memory
c198-011:22210:22268 [0] NCCL INFO Channel 00 : 32[2000] -> 33[3000] via direct shared memory
c197-082:20083:20143 [0] NCCL INFO Channel 00 : 4[2000] -> 5[3000] via direct shared memory
