c198-022:11369:11429 [0] NCCL INFO Channel 01 : 16[2000] -> 17[3000] via direct shared memory
c197-112:24511:24562 [0] NCCL INFO Channel 00 : 0[2000] -> 1[3000] via direct shared memory
c198-011:23140:23199 [0] NCCL INFO Channel 00 : 4[2000] -> 5[3000] via direct shared memory
c198-072:11460:11517 [0] NCCL INFO Channel 01 : 56[2000] -> 57[3000] via direct shared memory
c198-011:23140:23199 [0] NCCL INFO Channel 01 : 4[2000] -> 5[3000] via direct shared memory
c197-112:24511:24562 [0] NCCL INFO Channel 01 : 0[2000] -> 1[3000] via direct shared memory
c198-071:17723:17783 [1] NCCL INFO Connected all rings
c198-052:27974:28028 [1] NCCL INFO Connected all rings
c198-062:6828:6882 [1] NCCL INFO Connected all rings
c198-032:28094:28146 [1] NCCL INFO Connected all rings
c198-031:2305:2363 [1] NCCL INFO Connected all rings
c198-041:17223:17276 [1] NCCL INFO Connected all rings
c198-051:29614:29670 [1] NCCL INFO Connected all rings
c198-061:20241:20298 [1] NCCL INFO Connected all rings
c198-021:1816:1873 [1] NCCL INFO Connected all rings
c198-042:19157:19212 [1] NCCL INFO Connected all rings
c198-072:11461:11522 [1] NCCL INFO Connected all rings
c197-112:24512:24569 [1] NCCL INFO Connected all rings
c198-011:23141:23198 [1] NCCL INFO Connected all rings
c198-012:20966:21025 [1] NCCL INFO Connected all rings
c198-022:11370:11430 [1] NCCL INFO Connected all rings
c199-012:17807:17863 [1] NCCL INFO Connected all rings
c198-052:27974:28028 [1] NCCL INFO Channel 00/0 : 36[2000] -> 41[3000] [receive] via NET/IB/0
c198-071:17723:17783 [1] NCCL INFO Channel 01/0 : 53[3000] -> 56[2000] [send] via NET/IB/0
c198-041:17223:17276 [1] NCCL INFO Channel 01/0 : 29[3000] -> 44[2000] [send] via NET/IB/0
c198-032:28094:28146 [1] NCCL INFO Channel 00/0 : 20[2000] -> 25[3000] [receive] via NET/IB/0
c198-031:2305:2363 [1] NCCL INFO Channel 01/0 : 21[3000] -> 24[2000] [send] via NET/IB/0
c198-061:20241:20298 [1] NCCL INFO Channel 01/0 : 45[3000] -> 52[2000] [send] via NET/IB/0
c198-021:1816:1873 [1] NCCL INFO Channel 01/0 : 13[3000] -> 20[2000] [send] via NET/IB/0
c198-042:19157:19212 [1] NCCL INFO Channel 00/0 : 16[2000] -> 33[3000] [receive] via NET/IB/0
c198-051:29614:29670 [1] NCCL INFO Channel 01/0 : 37[3000] -> 40[2000] [send] via NET/IB/0
c198-062:6828:6882 [1] NCCL INFO Channel 00/0 : 40[2000] -> 49[3000] [receive] via NET/IB/0
c198-072:11461:11522 [1] NCCL INFO Channel 00/0 : 52[2000] -> 57[3000] [receive] via NET/IB/0
c198-011:23141:23198 [1] NCCL INFO Channel 01/0 : 5[3000] -> 8[2000] [send] via NET/IB/0
c198-012:20966:21025 [1] NCCL INFO Channel 00/0 : 4[2000] -> 9[3000] [receive] via NET/IB/0
c198-022:11370:11430 [1] NCCL INFO Channel 00/0 : 8[2000] -> 17[3000] [receive] via NET/IB/0
c198-061:20243:20295 [3] NCCL INFO Channel 01/0 : 47[83000] -> 48[2000] [send] via NET/IB/0
c198-042:19159:19213 [3] NCCL INFO Channel 01/0 : 35[83000] -> 36[2000] [send] via NET/IB/0
c198-062:6830:6885 [3] NCCL INFO Channel 01/0 : 51[83000] -> 52[2000] [send] via NET/IB/0
c198-072:11463:11521 [3] NCCL INFO Channel 01/0 : 59[83000] -> 60[2000] [send] via NET/IB/0
c198-052:27976:28031 [3] NCCL INFO Channel 01/0 : 43[83000] -> 44[2000] [send] via NET/IB/0
c198-011:23143:23195 [3] NCCL INFO Channel 01/0 : 7[83000] -> 8[2000] [send] via NET/IB/0
c198-031:2307:2362 [3] NCCL INFO Channel 01/0 : 23[83000] -> 24[2000] [send] via NET/IB/0
c198-071:17725:17779 [3] NCCL INFO Channel 01/0 : 55[83000] -> 56[2000] [send] via NET/IB/0
c198-021:1818:1869 [3] NCCL INFO Channel 01/0 : 15[83000] -> 16[2000] [send] via NET/IB/0
c199-012:17809:17861 [3] NCCL INFO Channel 01/0 : 63[83000] -> 0[2000] [send] via NET/IB/0
c198-041:17225:17278 [3] NCCL INFO Channel 01/0 : 31[83000] -> 32[2000] [send] via NET/IB/0
c198-012:20968:21020 [3] NCCL INFO Channel 01/0 : 11[83000] -> 12[2000] [send] via NET/IB/0
c198-051:29616:29668 [3] NCCL INFO Channel 01/0 : 39[83000] -> 40[2000] [send] via NET/IB/0
c198-022:11372:11426 [3] NCCL INFO Channel 01/0 : 19[83000] -> 20[2000] [send] via NET/IB/0
c198-032:28096:28148 [3] NCCL INFO Channel 01/0 : 27[83000] -> 28[2000] [send] via NET/IB/0
c197-112:24514:24567 [3] NCCL INFO Channel 01/0 : 3[83000] -> 4[2000] [send] via NET/IB/0
c198-061:20242:20293 [2] NCCL INFO Connected all rings
c198-042:19158:19215 [2] NCCL INFO Connected all rings
c198-072:11462:11520 [2] NCCL INFO Connected all rings
c198-052:27975:28033 [2] NCCL INFO Connected all rings
c198-062:6829:6886 [2] NCCL INFO Connected all rings
c198-011:23142:23194 [2] NCCL INFO Connected all rings
c198-071:17724:17777 [2] NCCL INFO Connected all rings
c199-012:17808:17859 [2] NCCL INFO Connected all rings
c198-021:1817:1870 [2] NCCL INFO Connected all rings
c198-012:20967:21021 [2] NCCL INFO Connected all rings
c198-031:2306:2358 [2] NCCL INFO Connected all rings
c198-032:28095:28150 [2] NCCL INFO Connected all rings
c198-051:29615:29667 [2] NCCL INFO Connected all rings
c198-022:11371:11425 [2] NCCL INFO Connected all rings
c198-041:17224:17279 [2] NCCL INFO Connected all rings
c197-112:24512:24569 [1] NCCL INFO Channel 00 : 1[3000] -> 0[2000] via direct shared memory
c197-112:24513:24571 [2] NCCL INFO Connected all rings
c197-112:24512:24569 [1] NCCL INFO Channel 01 : 1[3000] -> 0[2000] via direct shared memory
c199-012:17807:17863 [1] NCCL INFO Channel 00 : 61[3000] -> 60[2000] via direct shared memory
c199-012:17807:17863 [1] NCCL INFO Channel 01 : 61[3000] -> 60[2000] via direct shared memory
c198-061:20243:20295 [3] NCCL INFO Connected all rings
c198-061:20243:20295 [3] NCCL INFO Channel 00 : 47[83000] -> 46[82000] via direct shared memory
c198-062:6830:6885 [3] NCCL INFO Connected all rings
c198-072:11463:11521 [3] NCCL INFO Connected all rings
c198-061:20243:20295 [3] NCCL INFO Channel 01 : 47[83000] -> 46[82000] via direct shared memory
c198-042:19159:19213 [3] NCCL INFO Connected all rings
c198-072:11463:11521 [3] NCCL INFO Channel 00 : 59[83000] -> 58[82000] via direct shared memory
c198-042:19159:19213 [3] NCCL INFO Channel 00 : 35[83000] -> 34[82000] via direct shared memory
c198-062:6830:6885 [3] NCCL INFO Channel 00 : 51[83000] -> 50[82000] via direct shared memory
c198-071:17725:17779 [3] NCCL INFO Connected all rings
c198-072:11463:11521 [3] NCCL INFO Channel 01 : 59[83000] -> 58[82000] via direct shared memory
c198-042:19159:19213 [3] NCCL INFO Channel 01 : 35[83000] -> 34[82000] via direct shared memory
c198-071:17725:17779 [3] NCCL INFO Channel 00 : 55[83000] -> 54[82000] via direct shared memory
c198-062:6830:6885 [3] NCCL INFO Channel 01 : 51[83000] -> 50[82000] via direct shared memory
c198-071:17725:17779 [3] NCCL INFO Channel 01 : 55[83000] -> 54[82000] via direct shared memory
c198-011:23143:23195 [3] NCCL INFO Connected all rings
c198-011:23143:23195 [3] NCCL INFO Channel 00 : 7[83000] -> 6[82000] via direct shared memory
c199-012:17809:17861 [3] NCCL INFO Connected all rings
c198-011:23143:23195 [3] NCCL INFO Channel 01 : 7[83000] -> 6[82000] via direct shared memory
c198-021:1818:1869 [3] NCCL INFO Connected all rings
c199-012:17809:17861 [3] NCCL INFO Channel 00 : 63[83000] -> 62[82000] via direct shared memory
c198-021:1818:1869 [3] NCCL INFO Channel 00 : 15[83000] -> 14[82000] via direct shared memory
c198-012:20968:21020 [3] NCCL INFO Connected all rings
c199-012:17809:17861 [3] NCCL INFO Channel 01 : 63[83000] -> 62[82000] via direct shared memory
c198-012:20968:21020 [3] NCCL INFO Channel 00 : 11[83000] -> 10[82000] via direct shared memory
c198-021:1818:1869 [3] NCCL INFO Channel 01 : 15[83000] -> 14[82000] via direct shared memory
c198-012:20968:21020 [3] NCCL INFO Channel 01 : 11[83000] -> 10[82000] via direct shared memory
c198-022:11372:11426 [3] NCCL INFO Connected all rings
c198-022:11372:11426 [3] NCCL INFO Channel 00 : 19[83000] -> 18[82000] via direct shared memory
c198-051:29616:29668 [3] NCCL INFO Connected all rings
c198-022:11372:11426 [3] NCCL INFO Channel 01 : 19[83000] -> 18[82000] via direct shared memory
c198-052:27976:28031 [3] NCCL INFO Connected all rings
c198-051:29616:29668 [3] NCCL INFO Channel 00 : 39[83000] -> 38[82000] via direct shared memory
c198-052:27976:28031 [3] NCCL INFO Channel 00 : 43[83000] -> 42[82000] via direct shared memory
c198-041:17225:17278 [3] NCCL INFO Connected all rings
c198-051:29616:29668 [3] NCCL INFO Channel 01 : 39[83000] -> 38[82000] via direct shared memory
c198-052:27976:28031 [3] NCCL INFO Channel 01 : 43[83000] -> 42[82000] via direct shared memory
c198-041:17225:17278 [3] NCCL INFO Channel 00 : 31[83000] -> 30[82000] via direct shared memory
c198-041:17225:17278 [3] NCCL INFO Channel 01 : 31[83000] -> 30[82000] via direct shared memory
c198-031:2307:2362 [3] NCCL INFO Connected all rings
c198-031:2307:2362 [3] NCCL INFO Channel 00 : 23[83000] -> 22[82000] via direct shared memory
c198-031:2307:2362 [3] NCCL INFO Channel 01 : 23[83000] -> 22[82000] via direct shared memory
c198-032:28096:28148 [3] NCCL INFO Connected all rings
c198-051:29613:29672 [0] NCCL INFO Connected all rings
c198-032:28096:28148 [3] NCCL INFO Channel 00 : 27[83000] -> 26[82000] via direct shared memory
c198-032:28096:28148 [3] NCCL INFO Channel 01 : 27[83000] -> 26[82000] via direct shared memory
c197-112:24514:24567 [3] NCCL INFO Connected all rings
c198-072:11462:11520 [2] NCCL INFO Channel 00 : 58[82000] -> 57[3000] via direct shared memory
c198-032:28093:28152 [0] NCCL INFO Connected all rings
c197-112:24514:24567 [3] NCCL INFO Channel 00 : 3[83000] -> 2[82000] via direct shared memory
c198-072:11462:11520 [2] NCCL INFO Channel 01 : 58[82000] -> 57[3000] via direct shared memory
c197-112:24514:24567 [3] NCCL INFO Channel 01 : 3[83000] -> 2[82000] via direct shared memory
c198-052:27973:28030 [0] NCCL INFO Connected all rings
c198-061:20240:20299 [0] NCCL INFO Connected all rings
c198-061:20242:20293 [2] NCCL INFO Channel 00 : 46[82000] -> 45[3000] via direct shared memory
c198-012:20967:21021 [2] NCCL INFO Channel 00 : 10[82000] -> 9[3000] via direct shared memory
c198-061:20242:20293 [2] NCCL INFO Channel 01 : 46[82000] -> 45[3000] via direct shared memory
c198-071:17722:17781 [0] NCCL INFO Connected all rings
c198-062:6827:6880 [0] NCCL INFO Connected all rings
c199-012:17806:17865 [0] NCCL INFO Connected all rings
c198-012:20967:21021 [2] NCCL INFO Channel 01 : 10[82000] -> 9[3000] via direct shared memory
c198-022:11369:11429 [0] NCCL INFO Connected all rings
c198-012:20965:21023 [0] NCCL INFO Connected all rings
c198-031:2304:2360 [0] NCCL INFO Connected all rings
c198-042:19156:19210 [0] NCCL INFO Connected all rings
c198-042:19158:19215 [2] NCCL INFO Channel 00 : 34[82000] -> 33[3000] via direct shared memory
c198-042:19158:19215 [2] NCCL INFO Channel 01 : 34[82000] -> 33[3000] via direct shared memory
c198-072:11460:11517 [0] NCCL INFO Connected all rings
c198-052:27975:28033 [2] NCCL INFO Channel 00 : 42[82000] -> 41[3000] via direct shared memory
c198-011:23142:23194 [2] NCCL INFO Channel 00 : 6[82000] -> 5[3000] via direct shared memory
c199-012:17808:17859 [2] NCCL INFO Channel 00 : 62[82000] -> 61[3000] via direct shared memory
c198-052:27975:28033 [2] NCCL INFO Channel 01 : 42[82000] -> 41[3000] via direct shared memory
c199-012:17808:17859 [2] NCCL INFO Channel 01 : 62[82000] -> 61[3000] via direct shared memory
c198-011:23142:23194 [2] NCCL INFO Channel 01 : 6[82000] -> 5[3000] via direct shared memory
c198-062:6829:6886 [2] NCCL INFO Channel 00 : 50[82000] -> 49[3000] via direct shared memory
c198-071:17724:17777 [2] NCCL INFO Channel 00 : 54[82000] -> 53[3000] via direct shared memory
c197-112:24511:24562 [0] NCCL INFO Connected all rings
c198-071:17724:17777 [2] NCCL INFO Channel 01 : 54[82000] -> 53[3000] via direct shared memory
c198-062:6829:6886 [2] NCCL INFO Channel 01 : 50[82000] -> 49[3000] via direct shared memory
c198-041:17222:17281 [0] NCCL INFO Connected all rings
c198-031:2306:2358 [2] NCCL INFO Channel 00 : 22[82000] -> 21[3000] via direct shared memory
c198-051:29615:29667 [2] NCCL INFO Channel 00 : 38[82000] -> 37[3000] via direct shared memory
c198-021:1817:1870 [2] NCCL INFO Channel 00 : 14[82000] -> 13[3000] via direct shared memory
c198-051:29615:29667 [2] NCCL INFO Channel 01 : 38[82000] -> 37[3000] via direct shared memory
c198-021:1817:1870 [2] NCCL INFO Channel 01 : 14[82000] -> 13[3000] via direct shared memory
c198-031:2306:2358 [2] NCCL INFO Channel 01 : 22[82000] -> 21[3000] via direct shared memory
c198-022:11371:11425 [2] NCCL INFO Channel 00 : 18[82000] -> 17[3000] via direct shared memory
c198-022:11371:11425 [2] NCCL INFO Channel 01 : 18[82000] -> 17[3000] via direct shared memory
c198-032:28095:28150 [2] NCCL INFO Channel 00 : 26[82000] -> 25[3000] via direct shared memory
c198-032:28095:28150 [2] NCCL INFO Channel 01 : 26[82000] -> 25[3000] via direct shared memory
c198-041:17224:17279 [2] NCCL INFO Channel 00 : 30[82000] -> 29[3000] via direct shared memory
c198-041:17224:17279 [2] NCCL INFO Channel 01 : 30[82000] -> 29[3000] via direct shared memory
c198-072:11463:11521 [3] NCCL INFO Connected all trees
c198-072:11463:11521 [3] NCCL INFO MSCCL_XML_FILES set by environment to /home1/09168/ldai1/ccl-build/msccl_tools_lyd/examples/xml/xml_lyd/binary_tree/allreduce_binary_tree_1ch_2tree_4chunk_16node_64gpu.xml
c198-072:11463:11521 [3] NCCL INFO MSCCL: Parsing algorithm /home1/09168/ldai1/ccl-build/msccl_tools_lyd/examples/xml/xml_lyd/binary_tree/allreduce_binary_tree_1ch_2tree_4chunk_16node_64gpu.xml
c198-061:20243:20295 [3] NCCL INFO Connected all trees
c198-061:20243:20295 [3] NCCL INFO MSCCL_XML_FILES set by environment to /home1/09168/ldai1/ccl-build/msccl_tools_lyd/examples/xml/xml_lyd/binary_tree/allreduce_binary_tree_1ch_2tree_4chunk_16node_64gpu.xml
c198-061:20243:20295 [3] NCCL INFO MSCCL: Parsing algorithm /home1/09168/ldai1/ccl-build/msccl_tools_lyd/examples/xml/xml_lyd/binary_tree/allreduce_binary_tree_1ch_2tree_4chunk_16node_64gpu.xml
c198-012:20968:21020 [3] NCCL INFO Connected all trees
c198-012:20968:21020 [3] NCCL INFO MSCCL_XML_FILES set by environment to /home1/09168/ldai1/ccl-build/msccl_tools_lyd/examples/xml/xml_lyd/binary_tree/allreduce_binary_tree_1ch_2tree_4chunk_16node_64gpu.xml
c198-012:20968:21020 [3] NCCL INFO MSCCL: Parsing algorithm /home1/09168/ldai1/ccl-build/msccl_tools_lyd/examples/xml/xml_lyd/binary_tree/allreduce_binary_tree_1ch_2tree_4chunk_16node_64gpu.xml
c198-042:19159:19213 [3] NCCL INFO Connected all trees
c198-011:23140:23199 [0] NCCL INFO Connected all rings
c198-042:19159:19213 [3] NCCL INFO MSCCL_XML_FILES set by environment to /home1/09168/ldai1/ccl-build/msccl_tools_lyd/examples/xml/xml_lyd/binary_tree/allreduce_binary_tree_1ch_2tree_4chunk_16node_64gpu.xml
c198-042:19159:19213 [3] NCCL INFO MSCCL: Parsing algorithm /home1/09168/ldai1/ccl-build/msccl_tools_lyd/examples/xml/xml_lyd/binary_tree/allreduce_binary_tree_1ch_2tree_4chunk_16node_64gpu.xml
c199-012:17809:17861 [3] NCCL INFO Connected all trees
c198-052:27976:28031 [3] NCCL INFO Connected all trees
c199-012:17809:17861 [3] NCCL INFO MSCCL_XML_FILES set by environment to /home1/09168/ldai1/ccl-build/msccl_tools_lyd/examples/xml/xml_lyd/binary_tree/allreduce_binary_tree_1ch_2tree_4chunk_16node_64gpu.xml
c199-012:17809:17861 [3] NCCL INFO MSCCL: Parsing algorithm /home1/09168/ldai1/ccl-build/msccl_tools_lyd/examples/xml/xml_lyd/binary_tree/allreduce_binary_tree_1ch_2tree_4chunk_16node_64gpu.xml
c198-052:27976:28031 [3] NCCL INFO MSCCL_XML_FILES set by environment to /home1/09168/ldai1/ccl-build/msccl_tools_lyd/examples/xml/xml_lyd/binary_tree/allreduce_binary_tree_1ch_2tree_4chunk_16node_64gpu.xml
c198-052:27976:28031 [3] NCCL INFO MSCCL: Parsing algorithm /home1/09168/ldai1/ccl-build/msccl_tools_lyd/examples/xml/xml_lyd/binary_tree/allreduce_binary_tree_1ch_2tree_4chunk_16node_64gpu.xml
c198-011:23143:23195 [3] NCCL INFO Connected all trees
c198-011:23143:23195 [3] NCCL INFO MSCCL_XML_FILES set by environment to /home1/09168/ldai1/ccl-build/msccl_tools_lyd/examples/xml/xml_lyd/binary_tree/allreduce_binary_tree_1ch_2tree_4chunk_16node_64gpu.xml
c198-071:17725:17779 [3] NCCL INFO Connected all trees
c198-011:23143:23195 [3] NCCL INFO MSCCL: Parsing algorithm /home1/09168/ldai1/ccl-build/msccl_tools_lyd/examples/xml/xml_lyd/binary_tree/allreduce_binary_tree_1ch_2tree_4chunk_16node_64gpu.xml
c198-071:17725:17779 [3] NCCL INFO MSCCL_XML_FILES set by environment to /home1/09168/ldai1/ccl-build/msccl_tools_lyd/examples/xml/xml_lyd/binary_tree/allreduce_binary_tree_1ch_2tree_4chunk_16node_64gpu.xml
c198-071:17725:17779 [3] NCCL INFO MSCCL: Parsing algorithm /home1/09168/ldai1/ccl-build/msccl_tools_lyd/examples/xml/xml_lyd/binary_tree/allreduce_binary_tree_1ch_2tree_4chunk_16node_64gpu.xml
c199-012:17808:17859 [2] NCCL INFO Connected all trees
c199-012:17808:17859 [2] NCCL INFO MSCCL_XML_FILES set by environment to /home1/09168/ldai1/ccl-build/msccl_tools_lyd/examples/xml/xml_lyd/binary_tree/allreduce_binary_tree_1ch_2tree_4chunk_16node_64gpu.xml
c198-062:6830:6885 [3] NCCL INFO Connected all trees
c198-062:6830:6885 [3] NCCL INFO MSCCL_XML_FILES set by environment to /home1/09168/ldai1/ccl-build/msccl_tools_lyd/examples/xml/xml_lyd/binary_tree/allreduce_binary_tree_1ch_2tree_4chunk_16node_64gpu.xml
c199-012:17808:17859 [2] NCCL INFO MSCCL: Parsing algorithm /home1/09168/ldai1/ccl-build/msccl_tools_lyd/examples/xml/xml_lyd/binary_tree/allreduce_binary_tree_1ch_2tree_4chunk_16node_64gpu.xml
c198-062:6830:6885 [3] NCCL INFO MSCCL: Parsing algorithm /home1/09168/ldai1/ccl-build/msccl_tools_lyd/examples/xml/xml_lyd/binary_tree/allreduce_binary_tree_1ch_2tree_4chunk_16node_64gpu.xml
c198-031:2307:2362 [3] NCCL INFO Connected all trees
c198-031:2307:2362 [3] NCCL INFO MSCCL_XML_FILES set by environment to /home1/09168/ldai1/ccl-build/msccl_tools_lyd/examples/xml/xml_lyd/binary_tree/allreduce_binary_tree_1ch_2tree_4chunk_16node_64gpu.xml
c198-031:2307:2362 [3] NCCL INFO MSCCL: Parsing algorithm /home1/09168/ldai1/ccl-build/msccl_tools_lyd/examples/xml/xml_lyd/binary_tree/allreduce_binary_tree_1ch_2tree_4chunk_16node_64gpu.xml
c198-021:1818:1869 [3] NCCL INFO Connected all trees
c198-021:1818:1869 [3] NCCL INFO MSCCL_XML_FILES set by environment to /home1/09168/ldai1/ccl-build/msccl_tools_lyd/examples/xml/xml_lyd/binary_tree/allreduce_binary_tree_1ch_2tree_4chunk_16node_64gpu.xml
c198-021:1818:1869 [3] NCCL INFO MSCCL: Parsing algorithm /home1/09168/ldai1/ccl-build/msccl_tools_lyd/examples/xml/xml_lyd/binary_tree/allreduce_binary_tree_1ch_2tree_4chunk_16node_64gpu.xml
c198-051:29616:29668 [3] NCCL INFO Connected all trees
c198-051:29616:29668 [3] NCCL INFO MSCCL_XML_FILES set by environment to /home1/09168/ldai1/ccl-build/msccl_tools_lyd/examples/xml/xml_lyd/binary_tree/allreduce_binary_tree_1ch_2tree_4chunk_16node_64gpu.xml
c198-051:29616:29668 [3] NCCL INFO MSCCL: Parsing algorithm /home1/09168/ldai1/ccl-build/msccl_tools_lyd/examples/xml/xml_lyd/binary_tree/allreduce_binary_tree_1ch_2tree_4chunk_16node_64gpu.xml
c198-022:11372:11426 [3] NCCL INFO Connected all trees
c198-022:11372:11426 [3] NCCL INFO MSCCL_XML_FILES set by environment to /home1/09168/ldai1/ccl-build/msccl_tools_lyd/examples/xml/xml_lyd/binary_tree/allreduce_binary_tree_1ch_2tree_4chunk_16node_64gpu.xml
c198-022:11372:11426 [3] NCCL INFO MSCCL: Parsing algorithm /home1/09168/ldai1/ccl-build/msccl_tools_lyd/examples/xml/xml_lyd/binary_tree/allreduce_binary_tree_1ch_2tree_4chunk_16node_64gpu.xml
c198-032:28096:28148 [3] NCCL INFO Connected all trees
c198-032:28096:28148 [3] NCCL INFO MSCCL_XML_FILES set by environment to /home1/09168/ldai1/ccl-build/msccl_tools_lyd/examples/xml/xml_lyd/binary_tree/allreduce_binary_tree_1ch_2tree_4chunk_16node_64gpu.xml
c198-032:28096:28148 [3] NCCL INFO MSCCL: Parsing algorithm /home1/09168/ldai1/ccl-build/msccl_tools_lyd/examples/xml/xml_lyd/binary_tree/allreduce_binary_tree_1ch_2tree_4chunk_16node_64gpu.xml
c198-041:17225:17278 [3] NCCL INFO Connected all trees
c198-041:17225:17278 [3] NCCL INFO MSCCL_XML_FILES set by environment to /home1/09168/ldai1/ccl-build/msccl_tools_lyd/examples/xml/xml_lyd/binary_tree/allreduce_binary_tree_1ch_2tree_4chunk_16node_64gpu.xml
c198-041:17225:17278 [3] NCCL INFO MSCCL: Parsing algorithm /home1/09168/ldai1/ccl-build/msccl_tools_lyd/examples/xml/xml_lyd/binary_tree/allreduce_binary_tree_1ch_2tree_4chunk_16node_64gpu.xml
c197-112:24513:24571 [2] NCCL INFO Channel 00 : 2[82000] -> 1[3000] via direct shared memory
c197-112:24513:24571 [2] NCCL INFO Channel 01 : 2[82000] -> 1[3000] via direct shared memory
c197-112:24514:24567 [3] NCCL INFO Connected all trees
c197-112:24514:24567 [3] NCCL INFO MSCCL_XML_FILES set by environment to /home1/09168/ldai1/ccl-build/msccl_tools_lyd/examples/xml/xml_lyd/binary_tree/allreduce_binary_tree_1ch_2tree_4chunk_16node_64gpu.xml
c197-112:24514:24567 [3] NCCL INFO MSCCL: Parsing algorithm /home1/09168/ldai1/ccl-build/msccl_tools_lyd/examples/xml/xml_lyd/binary_tree/allreduce_binary_tree_1ch_2tree_4chunk_16node_64gpu.xml
c197-112:24513:24571 [2] NCCL INFO Connected all trees
c197-112:24513:24571 [2] NCCL INFO MSCCL_XML_FILES set by environment to /home1/09168/ldai1/ccl-build/msccl_tools_lyd/examples/xml/xml_lyd/binary_tree/allreduce_binary_tree_1ch_2tree_4chunk_16node_64gpu.xml
c197-112:24513:24571 [2] NCCL INFO MSCCL: Parsing algorithm /home1/09168/ldai1/ccl-build/msccl_tools_lyd/examples/xml/xml_lyd/binary_tree/allreduce_binary_tree_1ch_2tree_4chunk_16node_64gpu.xml
c198-021:1815:1874 [0] NCCL INFO Connected all rings
c198-051:29613:29672 [0] NCCL INFO Channel 01/0 : 32[2000] -> 36[2000] [receive] via NET/IB/0
c198-032:28093:28152 [0] NCCL INFO Channel 01/0 : 21[3000] -> 24[2000] [receive] via NET/IB/0
c198-052:27973:28030 [0] NCCL INFO Channel 01/0 : 37[3000] -> 40[2000] [receive] via NET/IB/0
c198-071:17722:17781 [0] NCCL INFO Channel 01/0 : 48[2000] -> 52[2000] [receive] via NET/IB/0
c199-012:17806:17865 [0] NCCL INFO Channel 00/0 : 56[2000] -> 60[2000] [receive] via NET/IB/0
c198-012:20965:21023 [0] NCCL INFO Channel 01/0 : 5[3000] -> 8[2000] [receive] via NET/IB/0
c198-061:20240:20299 [0] NCCL INFO Channel 00/0 : 40[2000] -> 44[2000] [receive] via NET/IB/0
c198-042:19156:19210 [0] NCCL INFO Channel 01/0 : 32[2000] -> 36[2000] [send] via NET/IB/0
c198-062:6827:6880 [0] NCCL INFO Channel 01/0 : 48[2000] -> 52[2000] [send] via NET/IB/0
c198-022:11369:11429 [0] NCCL INFO Channel 01/0 : 16[2000] -> 20[2000] [send] via NET/IB/0
c198-072:11460:11517 [0] NCCL INFO Channel 01/0 : 53[3000] -> 56[2000] [receive] via NET/IB/0
c198-031:2304:2360 [0] NCCL INFO Channel 01/0 : 16[2000] -> 20[2000] [receive] via NET/IB/0
c198-041:17222:17281 [0] NCCL INFO Channel 00/0 : 24[2000] -> 28[2000] [receive] via NET/IB/0
c197-112:24511:24562 [0] NCCL INFO Channel 01/0 : 0[2000] -> 4[2000] [send] via NET/IB/0
c198-071:17725:17779 [3] NCCL INFO Parsed MSCCL Algorithm /home1/09168/ldai1/ccl-build/msccl_tools_lyd/examples/xml/xml_lyd/binary_tree/allreduce_binary_tree_1ch_2tree_4chunk_16node_64gpu.xml successfully.
c198-011:23143:23195 [3] NCCL INFO Parsed MSCCL Algorithm /home1/09168/ldai1/ccl-build/msccl_tools_lyd/examples/xml/xml_lyd/binary_tree/allreduce_binary_tree_1ch_2tree_4chunk_16node_64gpu.xml successfully.
c198-011:23143:23195 [3] NCCL INFO Connected 1 MSCCL algorithms
c198-041:17225:17278 [3] NCCL INFO Parsed MSCCL Algorithm /home1/09168/ldai1/ccl-build/msccl_tools_lyd/examples/xml/xml_lyd/binary_tree/allreduce_binary_tree_1ch_2tree_4chunk_16node_64gpu.xml successfully.
c198-071:17725:17779 [3] NCCL INFO Connected 1 MSCCL algorithms
c198-011:23143:23195 [3] NCCL INFO NCCL_PROTO set by environment to Simple
c198-011:23143:23195 [3] NCCL INFO NCCL_ALGO set by environment to MSCCL,TREE,RING
c199-012:17808:17859 [2] NCCL INFO Parsed MSCCL Algorithm /home1/09168/ldai1/ccl-build/msccl_tools_lyd/examples/xml/xml_lyd/binary_tree/allreduce_binary_tree_1ch_2tree_4chunk_16node_64gpu.xml successfully.
c198-071:17725:17779 [3] NCCL INFO NCCL_PROTO set by environment to Simple
c198-071:17725:17779 [3] NCCL INFO NCCL_ALGO set by environment to MSCCL,TREE,RING
c198-011:23143:23195 [3] NCCL INFO threadThresholds 8/8/64 | 512/8/64 | 8/8/64 | 8/8/512
c198-011:23143:23195 [3] NCCL INFO 2 coll channels, 2 p2p channels, 2 p2p channels per peer
c198-021:1818:1869 [3] NCCL INFO Parsed MSCCL Algorithm /home1/09168/ldai1/ccl-build/msccl_tools_lyd/examples/xml/xml_lyd/binary_tree/allreduce_binary_tree_1ch_2tree_4chunk_16node_64gpu.xml successfully.
c199-012:17808:17859 [2] NCCL INFO Connected 1 MSCCL algorithms
c198-041:17225:17278 [3] NCCL INFO Connected 1 MSCCL algorithms
c198-071:17725:17779 [3] NCCL INFO threadThresholds 8/8/64 | 512/8/64 | 8/8/64 | 8/8/512
c198-011:23140:23199 [0] NCCL INFO Channel 01/0 : 0[2000] -> 4[2000] [receive] via NET/IB/0
c198-021:1818:1869 [3] NCCL INFO Connected 1 MSCCL algorithms
c199-012:17808:17859 [2] NCCL INFO NCCL_PROTO set by environment to Simple
c198-041:17225:17278 [3] NCCL INFO NCCL_PROTO set by environment to Simple
c198-041:17225:17278 [3] NCCL INFO NCCL_ALGO set by environment to MSCCL,TREE,RING
c198-071:17725:17779 [3] NCCL INFO 2 coll channels, 2 p2p channels, 2 p2p channels per peer
c198-072:11463:11521 [3] NCCL INFO Parsed MSCCL Algorithm /home1/09168/ldai1/ccl-build/msccl_tools_lyd/examples/xml/xml_lyd/binary_tree/allreduce_binary_tree_1ch_2tree_4chunk_16node_64gpu.xml successfully.
c198-021:1818:1869 [3] NCCL INFO NCCL_PROTO set by environment to Simple
c198-021:1818:1869 [3] NCCL INFO NCCL_ALGO set by environment to MSCCL,TREE,RING
c199-012:17808:17859 [2] NCCL INFO NCCL_ALGO set by environment to MSCCL,TREE,RING
c199-012:17808:17859 [2] NCCL INFO threadThresholds 8/8/64 | 512/8/64 | 8/8/64 | 8/8/512
c198-041:17225:17278 [3] NCCL INFO threadThresholds 8/8/64 | 512/8/64 | 8/8/64 | 8/8/512
c198-072:11463:11521 [3] NCCL INFO Connected 1 MSCCL algorithms
c198-021:1818:1869 [3] NCCL INFO threadThresholds 8/8/64 | 512/8/64 | 8/8/64 | 8/8/512
c199-012:17808:17859 [2] NCCL INFO 2 coll channels, 2 p2p channels, 2 p2p channels per peer
c198-041:17225:17278 [3] NCCL INFO 2 coll channels, 2 p2p channels, 2 p2p channels per peer
c198-021:1818:1869 [3] NCCL INFO 2 coll channels, 2 p2p channels, 2 p2p channels per peer
c198-072:11463:11521 [3] NCCL INFO NCCL_PROTO set by environment to Simple
c198-072:11463:11521 [3] NCCL INFO NCCL_ALGO set by environment to MSCCL,TREE,RING
c198-032:28096:28148 [3] NCCL INFO Parsed MSCCL Algorithm /home1/09168/ldai1/ccl-build/msccl_tools_lyd/examples/xml/xml_lyd/binary_tree/allreduce_binary_tree_1ch_2tree_4chunk_16node_64gpu.xml successfully.
c198-061:20243:20295 [3] NCCL INFO Parsed MSCCL Algorithm /home1/09168/ldai1/ccl-build/msccl_tools_lyd/examples/xml/xml_lyd/binary_tree/allreduce_binary_tree_1ch_2tree_4chunk_16node_64gpu.xml successfully.
c198-072:11463:11521 [3] NCCL INFO threadThresholds 8/8/64 | 512/8/64 | 8/8/64 | 8/8/512
c198-032:28096:28148 [3] NCCL INFO Connected 1 MSCCL algorithms
c198-061:20243:20295 [3] NCCL INFO Connected 1 MSCCL algorithms
c198-031:2307:2362 [3] NCCL INFO Parsed MSCCL Algorithm /home1/09168/ldai1/ccl-build/msccl_tools_lyd/examples/xml/xml_lyd/binary_tree/allreduce_binary_tree_1ch_2tree_4chunk_16node_64gpu.xml successfully.
c198-072:11463:11521 [3] NCCL INFO 2 coll channels, 2 p2p channels, 2 p2p channels per peer
c198-032:28096:28148 [3] NCCL INFO NCCL_PROTO set by environment to Simple
c198-032:28096:28148 [3] NCCL INFO NCCL_ALGO set by environment to MSCCL,TREE,RING
c198-061:20243:20295 [3] NCCL INFO NCCL_PROTO set by environment to Simple
c198-061:20243:20295 [3] NCCL INFO NCCL_ALGO set by environment to MSCCL,TREE,RING
c198-031:2307:2362 [3] NCCL INFO Connected 1 MSCCL algorithms
c198-032:28096:28148 [3] NCCL INFO threadThresholds 8/8/64 | 512/8/64 | 8/8/64 | 8/8/512
c198-032:28096:28148 [3] NCCL INFO 2 coll channels, 2 p2p channels, 2 p2p channels per peer
c198-031:2307:2362 [3] NCCL INFO NCCL_PROTO set by environment to Simple
c198-031:2307:2362 [3] NCCL INFO NCCL_ALGO set by environment to MSCCL,TREE,RING
c198-061:20243:20295 [3] NCCL INFO threadThresholds 8/8/64 | 512/8/64 | 8/8/64 | 8/8/512
c198-061:20243:20295 [3] NCCL INFO 2 coll channels, 2 p2p channels, 2 p2p channels per peer
c198-031:2307:2362 [3] NCCL INFO threadThresholds 8/8/64 | 512/8/64 | 8/8/64 | 8/8/512
c198-031:2307:2362 [3] NCCL INFO 2 coll channels, 2 p2p channels, 2 p2p channels per peer
c199-012:17809:17861 [3] NCCL INFO Parsed MSCCL Algorithm /home1/09168/ldai1/ccl-build/msccl_tools_lyd/examples/xml/xml_lyd/binary_tree/allreduce_binary_tree_1ch_2tree_4chunk_16node_64gpu.xml successfully.
c198-062:6830:6885 [3] NCCL INFO Parsed MSCCL Algorithm /home1/09168/ldai1/ccl-build/msccl_tools_lyd/examples/xml/xml_lyd/binary_tree/allreduce_binary_tree_1ch_2tree_4chunk_16node_64gpu.xml successfully.
c198-022:11372:11426 [3] NCCL INFO Parsed MSCCL Algorithm /home1/09168/ldai1/ccl-build/msccl_tools_lyd/examples/xml/xml_lyd/binary_tree/allreduce_binary_tree_1ch_2tree_4chunk_16node_64gpu.xml successfully.
c197-112:24514:24567 [3] NCCL INFO Parsed MSCCL Algorithm /home1/09168/ldai1/ccl-build/msccl_tools_lyd/examples/xml/xml_lyd/binary_tree/allreduce_binary_tree_1ch_2tree_4chunk_16node_64gpu.xml successfully.
c199-012:17809:17861 [3] NCCL INFO Connected 1 MSCCL algorithms
c198-062:6830:6885 [3] NCCL INFO Connected 1 MSCCL algorithms
c198-022:11372:11426 [3] NCCL INFO Connected 1 MSCCL algorithms
c197-112:24514:24567 [3] NCCL INFO Connected 1 MSCCL algorithms
c199-012:17809:17861 [3] NCCL INFO NCCL_PROTO set by environment to Simple
c198-062:6830:6885 [3] NCCL INFO NCCL_PROTO set by environment to Simple
c198-022:11372:11426 [3] NCCL INFO NCCL_PROTO set by environment to Simple
c198-022:11372:11426 [3] NCCL INFO NCCL_ALGO set by environment to MSCCL,TREE,RING
c197-112:24514:24567 [3] NCCL INFO NCCL_PROTO set by environment to Simple
c199-012:17809:17861 [3] NCCL INFO NCCL_ALGO set by environment to MSCCL,TREE,RING
c199-012:17809:17861 [3] NCCL INFO threadThresholds 8/8/64 | 512/8/64 | 8/8/64 | 8/8/512
c198-062:6830:6885 [3] NCCL INFO NCCL_ALGO set by environment to MSCCL,TREE,RING
c198-062:6830:6885 [3] NCCL INFO threadThresholds 8/8/64 | 512/8/64 | 8/8/64 | 8/8/512
c198-022:11372:11426 [3] NCCL INFO threadThresholds 8/8/64 | 512/8/64 | 8/8/64 | 8/8/512
c197-112:24514:24567 [3] NCCL INFO NCCL_ALGO set by environment to MSCCL,TREE,RING
c199-012:17809:17861 [3] NCCL INFO 2 coll channels, 2 p2p channels, 2 p2p channels per peer
c198-062:6830:6885 [3] NCCL INFO 2 coll channels, 2 p2p channels, 2 p2p channels per peer
c198-022:11372:11426 [3] NCCL INFO 2 coll channels, 2 p2p channels, 2 p2p channels per peer
c197-112:24514:24567 [3] NCCL INFO threadThresholds 8/8/64 | 512/8/64 | 8/8/64 | 8/8/512
c198-052:27976:28031 [3] NCCL INFO Parsed MSCCL Algorithm /home1/09168/ldai1/ccl-build/msccl_tools_lyd/examples/xml/xml_lyd/binary_tree/allreduce_binary_tree_1ch_2tree_4chunk_16node_64gpu.xml successfully.
c197-112:24514:24567 [3] NCCL INFO 2 coll channels, 2 p2p channels, 2 p2p channels per peer
c198-051:29616:29668 [3] NCCL INFO Parsed MSCCL Algorithm /home1/09168/ldai1/ccl-build/msccl_tools_lyd/examples/xml/xml_lyd/binary_tree/allreduce_binary_tree_1ch_2tree_4chunk_16node_64gpu.xml successfully.
c198-052:27976:28031 [3] NCCL INFO Connected 1 MSCCL algorithms
c198-042:19159:19213 [3] NCCL INFO Parsed MSCCL Algorithm /home1/09168/ldai1/ccl-build/msccl_tools_lyd/examples/xml/xml_lyd/binary_tree/allreduce_binary_tree_1ch_2tree_4chunk_16node_64gpu.xml successfully.
c198-051:29616:29668 [3] NCCL INFO Connected 1 MSCCL algorithms
c198-012:20968:21020 [3] NCCL INFO Parsed MSCCL Algorithm /home1/09168/ldai1/ccl-build/msccl_tools_lyd/examples/xml/xml_lyd/binary_tree/allreduce_binary_tree_1ch_2tree_4chunk_16node_64gpu.xml successfully.
c198-052:27976:28031 [3] NCCL INFO NCCL_PROTO set by environment to Simple
c198-052:27976:28031 [3] NCCL INFO NCCL_ALGO set by environment to MSCCL,TREE,RING
c198-042:19159:19213 [3] NCCL INFO Connected 1 MSCCL algorithms
c198-051:29616:29668 [3] NCCL INFO NCCL_PROTO set by environment to Simple
c198-051:29616:29668 [3] NCCL INFO NCCL_ALGO set by environment to MSCCL,TREE,RING
c198-052:27976:28031 [3] NCCL INFO threadThresholds 8/8/64 | 512/8/64 | 8/8/64 | 8/8/512
c198-042:19159:19213 [3] NCCL INFO NCCL_PROTO set by environment to Simple
c198-051:29616:29668 [3] NCCL INFO threadThresholds 8/8/64 | 512/8/64 | 8/8/64 | 8/8/512
c198-012:20968:21020 [3] NCCL INFO Connected 1 MSCCL algorithms
c198-052:27976:28031 [3] NCCL INFO 2 coll channels, 2 p2p channels, 2 p2p channels per peer
c198-042:19159:19213 [3] NCCL INFO NCCL_ALGO set by environment to MSCCL,TREE,RING
c198-042:19159:19213 [3] NCCL INFO threadThresholds 8/8/64 | 512/8/64 | 8/8/64 | 8/8/512
c198-051:29616:29668 [3] NCCL INFO 2 coll channels, 2 p2p channels, 2 p2p channels per peer
c198-012:20968:21020 [3] NCCL INFO NCCL_PROTO set by environment to Simple
c198-012:20968:21020 [3] NCCL INFO NCCL_ALGO set by environment to MSCCL,TREE,RING
c198-042:19159:19213 [3] NCCL INFO 2 coll channels, 2 p2p channels, 2 p2p channels per peer
c198-012:20968:21020 [3] NCCL INFO threadThresholds 8/8/64 | 512/8/64 | 8/8/64 | 8/8/512
c198-012:20968:21020 [3] NCCL INFO 2 coll channels, 2 p2p channels, 2 p2p channels per peer
c197-112:24513:24571 [2] NCCL INFO Parsed MSCCL Algorithm /home1/09168/ldai1/ccl-build/msccl_tools_lyd/examples/xml/xml_lyd/binary_tree/allreduce_binary_tree_1ch_2tree_4chunk_16node_64gpu.xml successfully.
c197-112:24513:24571 [2] NCCL INFO Connected 1 MSCCL algorithms
c197-112:24513:24571 [2] NCCL INFO NCCL_PROTO set by environment to Simple
c197-112:24513:24571 [2] NCCL INFO NCCL_ALGO set by environment to MSCCL,TREE,RING
c197-112:24513:24571 [2] NCCL INFO threadThresholds 8/8/64 | 512/8/64 | 8/8/64 | 8/8/512
c197-112:24513:24571 [2] NCCL INFO 2 coll channels, 2 p2p channels, 2 p2p channels per peer
c198-021:1815:1874 [0] NCCL INFO Channel 00/0 : 8[2000] -> 12[2000] [receive] via NET/IB/0
c198-031:2305:2363 [1] NCCL INFO Channel 01/0 : 24[2000] -> 21[3000] [receive] via NET/IB/0
c198-062:6827:6880 [0] NCCL INFO Channel 00/0 : 48[2000] -> 56[2000] [send] via NET/IB/0
c198-032:28093:28152 [0] NCCL INFO Channel 00/0 : 24[2000] -> 28[2000] [send] via NET/IB/0
c198-052:27973:28030 [0] NCCL INFO Channel 00/0 : 40[2000] -> 44[2000] [send] via NET/IB/0
c198-071:17723:17783 [1] NCCL INFO Channel 01/0 : 56[2000] -> 53[3000] [receive] via NET/IB/0
c198-012:20965:21023 [0] NCCL INFO Channel 00/0 : 8[2000] -> 12[2000] [send] via NET/IB/0
c198-051:29613:29672 [0] NCCL INFO Channel 00/0 : 36[2000] -> 41[3000] [send] via NET/IB/0
c198-022:11369:11429 [0] NCCL INFO Channel 00/0 : 16[2000] -> 24[2000] [send] via NET/IB/0
c198-072:11460:11517 [0] NCCL INFO Channel 00/0 : 56[2000] -> 60[2000] [send] via NET/IB/0
c198-051:29614:29670 [1] NCCL INFO Channel 01/0 : 40[2000] -> 37[3000] [receive] via NET/IB/0
c198-071:17722:17781 [0] NCCL INFO Channel 00/0 : 52[2000] -> 57[3000] [send] via NET/IB/0
c198-031:2304:2360 [0] NCCL INFO Channel 00/0 : 20[2000] -> 25[3000] [send] via NET/IB/0
c197-112:24511:24562 [0] NCCL INFO Channel 00/0 : 32[2000] -> 0[2000] [receive] via NET/IB/0
c198-042:19156:19210 [0] NCCL INFO Channel 00/0 : 32[2000] -> 48[2000] [send] via NET/IB/0
c198-011:23140:23199 [0] NCCL INFO Channel 00/0 : 4[2000] -> 9[3000] [send] via NET/IB/0
c198-011:23141:23198 [1] NCCL INFO Channel 01/0 : 8[2000] -> 5[3000] [receive] via NET/IB/0
c197-112:24511:24562 [0] NCCL INFO Channel 00/0 : 0[2000] -> 32[2000] [send] via NET/IB/0
c198-052:27973:28030 [0] NCCL INFO Channel 00/0 : 40[2000] -> 49[3000] [send] via NET/IB/0
c198-032:28093:28152 [0] NCCL INFO Channel 00/0 : 16[2000] -> 24[2000] [receive] via NET/IB/0
c198-071:17722:17781 [0] NCCL INFO Channel 01/0 : 45[3000] -> 52[2000] [receive] via NET/IB/0
c198-012:20965:21023 [0] NCCL INFO Channel 00/0 : 8[2000] -> 17[3000] [send] via NET/IB/0
c198-041:17222:17281 [0] NCCL INFO Channel 01/0 : 12[2000] -> 28[2000] [receive] via NET/IB/0
c198-051:29613:29672 [0] NCCL INFO Channel 01/0 : 36[2000] -> 44[2000] [send] via NET/IB/0
c198-072:11460:11517 [0] NCCL INFO Channel 00/0 : 48[2000] -> 56[2000] [receive] via NET/IB/0
c198-021:1815:1874 [0] NCCL INFO Channel 01/0 : 4[2000] -> 12[2000] [receive] via NET/IB/0
c198-061:20240:20299 [0] NCCL INFO Channel 01/0 : 36[2000] -> 44[2000] [receive] via NET/IB/0
c198-072:11461:11522 [1] NCCL INFO Channel 00/0 : 57[3000] -> 52[2000] [send] via NET/IB/0
c198-052:27974:28028 [1] NCCL INFO Channel 00/0 : 41[3000] -> 36[2000] [send] via NET/IB/0
c198-032:28094:28146 [1] NCCL INFO Channel 00/0 : 25[3000] -> 20[2000] [send] via NET/IB/0
c199-012:17806:17865 [0] NCCL INFO Channel 01/0 : 28[2000] -> 60[2000] [receive] via NET/IB/0
c198-011:23140:23199 [0] NCCL INFO Channel 01/0 : 4[2000] -> 12[2000] [send] via NET/IB/0
c198-031:2304:2360 [0] NCCL INFO Channel 01/0 : 13[3000] -> 20[2000] [receive] via NET/IB/0
c198-012:20966:21025 [1] NCCL INFO Channel 00/0 : 9[3000] -> 4[2000] [send] via NET/IB/0
c199-012:17806:17865 [0] NCCL INFO Channel 01/0 : 60[2000] -> 28[2000] [send] via NET/IB/0
c198-052:27973:28030 [0] NCCL INFO Channel 00/0 : 49[3000] -> 40[2000] [receive] via NET/IB/0
c198-012:20965:21023 [0] NCCL INFO Channel 00/0 : 17[3000] -> 8[2000] [receive] via NET/IB/0
c198-061:20241:20298 [1] NCCL INFO Channel 01/0 : 52[2000] -> 45[3000] [receive] via NET/IB/0
c198-051:29613:29672 [0] NCCL INFO Channel 01/0 : 44[2000] -> 36[2000] [receive] via NET/IB/0
c198-022:11369:11429 [0] NCCL INFO Channel 00/0 : 16[2000] -> 33[3000] [send] via NET/IB/0
c198-071:17722:17781 [0] NCCL INFO Channel 01/0 : 52[2000] -> 45[3000] [send] via NET/IB/0
c198-022:11370:11430 [1] NCCL INFO Channel 00/0 : 17[3000] -> 8[2000] [send] via NET/IB/0
c198-062:6827:6880 [0] NCCL INFO Channel 00/0 : 32[2000] -> 48[2000] [receive] via NET/IB/0
c198-072:11460:11517 [0] NCCL INFO Channel 00/0 : 56[2000] -> 48[2000] [send] via NET/IB/0
c198-061:20240:20299 [0] NCCL INFO Channel 01/0 : 29[3000] -> 44[2000] [receive] via NET/IB/0
c198-011:23140:23199 [0] NCCL INFO Channel 01/0 : 12[2000] -> 4[2000] [receive] via NET/IB/0
c198-021:1815:1874 [0] NCCL INFO Channel 01/0 : 12[2000] -> 28[2000] [send] via NET/IB/0
c198-062:6828:6882 [1] NCCL INFO Channel 00/0 : 49[3000] -> 40[2000] [send] via NET/IB/0
c198-032:28093:28152 [0] NCCL INFO Channel 00/0 : 24[2000] -> 16[2000] [send] via NET/IB/0
c198-021:1816:1873 [1] NCCL INFO Channel 01/0 : 20[2000] -> 13[3000] [receive] via NET/IB/0
c198-031:2304:2360 [0] NCCL INFO Channel 01/0 : 20[2000] -> 13[3000] [send] via NET/IB/0
c198-022:11370:11430 [1] NCCL INFO Channel 00 : 17[3000] -> 16[2000] via direct shared memory
c198-022:11370:11430 [1] NCCL INFO Channel 01 : 17[3000] -> 16[2000] via direct shared memory
c198-061:20241:20298 [1] NCCL INFO Channel 00 : 45[3000] -> 44[2000] via direct shared memory
c198-061:20241:20298 [1] NCCL INFO Channel 01 : 45[3000] -> 44[2000] via direct shared memory
c198-022:11371:11425 [2] NCCL INFO Connected all trees
c198-022:11371:11425 [2] NCCL INFO MSCCL_XML_FILES set by environment to /home1/09168/ldai1/ccl-build/msccl_tools_lyd/examples/xml/xml_lyd/binary_tree/allreduce_binary_tree_1ch_2tree_4chunk_16node_64gpu.xml
c198-022:11371:11425 [2] NCCL INFO MSCCL: Parsing algorithm /home1/09168/ldai1/ccl-build/msccl_tools_lyd/examples/xml/xml_lyd/binary_tree/allreduce_binary_tree_1ch_2tree_4chunk_16node_64gpu.xml
c198-061:20242:20293 [2] NCCL INFO Connected all trees
c198-061:20242:20293 [2] NCCL INFO MSCCL_XML_FILES set by environment to /home1/09168/ldai1/ccl-build/msccl_tools_lyd/examples/xml/xml_lyd/binary_tree/allreduce_binary_tree_1ch_2tree_4chunk_16node_64gpu.xml
c198-061:20242:20293 [2] NCCL INFO MSCCL: Parsing algorithm /home1/09168/ldai1/ccl-build/msccl_tools_lyd/examples/xml/xml_lyd/binary_tree/allreduce_binary_tree_1ch_2tree_4chunk_16node_64gpu.xml
c198-062:6828:6882 [1] NCCL INFO Channel 00 : 49[3000] -> 48[2000] via direct shared memory
c198-062:6828:6882 [1] NCCL INFO Channel 01 : 49[3000] -> 48[2000] via direct shared memory
c198-021:1816:1873 [1] NCCL INFO Channel 00 : 13[3000] -> 12[2000] via direct shared memory
c198-021:1816:1873 [1] NCCL INFO Channel 01 : 13[3000] -> 12[2000] via direct shared memory
c198-022:11371:11425 [2] NCCL INFO Parsed MSCCL Algorithm /home1/09168/ldai1/ccl-build/msccl_tools_lyd/examples/xml/xml_lyd/binary_tree/allreduce_binary_tree_1ch_2tree_4chunk_16node_64gpu.xml successfully.
c198-022:11371:11425 [2] NCCL INFO Connected 1 MSCCL algorithms
c198-022:11371:11425 [2] NCCL INFO NCCL_PROTO set by environment to Simple
c198-022:11371:11425 [2] NCCL INFO NCCL_ALGO set by environment to MSCCL,TREE,RING
c198-022:11371:11425 [2] NCCL INFO threadThresholds 8/8/64 | 512/8/64 | 8/8/64 | 8/8/512
c198-022:11371:11425 [2] NCCL INFO 2 coll channels, 2 p2p channels, 2 p2p channels per peer
c198-062:6829:6886 [2] NCCL INFO Connected all trees
c198-062:6829:6886 [2] NCCL INFO MSCCL_XML_FILES set by environment to /home1/09168/ldai1/ccl-build/msccl_tools_lyd/examples/xml/xml_lyd/binary_tree/allreduce_binary_tree_1ch_2tree_4chunk_16node_64gpu.xml
c198-062:6829:6886 [2] NCCL INFO MSCCL: Parsing algorithm /home1/09168/ldai1/ccl-build/msccl_tools_lyd/examples/xml/xml_lyd/binary_tree/allreduce_binary_tree_1ch_2tree_4chunk_16node_64gpu.xml
c198-021:1817:1870 [2] NCCL INFO Connected all trees
c198-021:1817:1870 [2] NCCL INFO MSCCL_XML_FILES set by environment to /home1/09168/ldai1/ccl-build/msccl_tools_lyd/examples/xml/xml_lyd/binary_tree/allreduce_binary_tree_1ch_2tree_4chunk_16node_64gpu.xml
c198-021:1817:1870 [2] NCCL INFO MSCCL: Parsing algorithm /home1/09168/ldai1/ccl-build/msccl_tools_lyd/examples/xml/xml_lyd/binary_tree/allreduce_binary_tree_1ch_2tree_4chunk_16node_64gpu.xml
c198-061:20242:20293 [2] NCCL INFO Parsed MSCCL Algorithm /home1/09168/ldai1/ccl-build/msccl_tools_lyd/examples/xml/xml_lyd/binary_tree/allreduce_binary_tree_1ch_2tree_4chunk_16node_64gpu.xml successfully.
c198-061:20242:20293 [2] NCCL INFO Connected 1 MSCCL algorithms
c198-061:20242:20293 [2] NCCL INFO NCCL_PROTO set by environment to Simple
c198-061:20242:20293 [2] NCCL INFO NCCL_ALGO set by environment to MSCCL,TREE,RING
c198-061:20242:20293 [2] NCCL INFO threadThresholds 8/8/64 | 512/8/64 | 8/8/64 | 8/8/512
c198-061:20242:20293 [2] NCCL INFO 2 coll channels, 2 p2p channels, 2 p2p channels per peer
c198-062:6829:6886 [2] NCCL INFO Parsed MSCCL Algorithm /home1/09168/ldai1/ccl-build/msccl_tools_lyd/examples/xml/xml_lyd/binary_tree/allreduce_binary_tree_1ch_2tree_4chunk_16node_64gpu.xml successfully.
c198-062:6829:6886 [2] NCCL INFO Connected 1 MSCCL algorithms
c198-062:6829:6886 [2] NCCL INFO NCCL_PROTO set by environment to Simple
c198-062:6829:6886 [2] NCCL INFO NCCL_ALGO set by environment to MSCCL,TREE,RING
c198-062:6829:6886 [2] NCCL INFO threadThresholds 8/8/64 | 512/8/64 | 8/8/64 | 8/8/512
c198-062:6829:6886 [2] NCCL INFO 2 coll channels, 2 p2p channels, 2 p2p channels per peer
c198-021:1817:1870 [2] NCCL INFO Parsed MSCCL Algorithm /home1/09168/ldai1/ccl-build/msccl_tools_lyd/examples/xml/xml_lyd/binary_tree/allreduce_binary_tree_1ch_2tree_4chunk_16node_64gpu.xml successfully.
c198-021:1817:1870 [2] NCCL INFO Connected 1 MSCCL algorithms
c198-021:1817:1870 [2] NCCL INFO NCCL_PROTO set by environment to Simple
c198-021:1817:1870 [2] NCCL INFO NCCL_ALGO set by environment to MSCCL,TREE,RING
c198-021:1817:1870 [2] NCCL INFO threadThresholds 8/8/64 | 512/8/64 | 8/8/64 | 8/8/512
c198-021:1817:1870 [2] NCCL INFO 2 coll channels, 2 p2p channels, 2 p2p channels per peer
c198-022:11369:11429 [0] NCCL INFO Channel 00/0 : 33[3000] -> 16[2000] [receive] via NET/IB/0
c198-012:20965:21023 [0] NCCL INFO Channel 00/0 : 12[2000] -> 8[2000] [receive] via NET/IB/0
c198-042:19157:19212 [1] NCCL INFO Channel 00/0 : 33[3000] -> 16[2000] [send] via NET/IB/0
c198-071:17722:17781 [0] NCCL INFO Channel 00/0 : 57[3000] -> 52[2000] [receive] via NET/IB/0
c198-041:17223:17276 [1] NCCL INFO Channel 01/0 : 44[2000] -> 29[3000] [receive] via NET/IB/0
c198-061:20240:20299 [0] NCCL INFO Channel 01/0 : 44[2000] -> 29[3000] [send] via NET/IB/0
c198-062:6827:6880 [0] NCCL INFO Channel 00/0 : 48[2000] -> 32[2000] [send] via NET/IB/0
c198-021:1815:1874 [0] NCCL INFO Channel 01/0 : 28[2000] -> 12[2000] [receive] via NET/IB/0
c198-052:27973:28030 [0] NCCL INFO Channel 00/0 : 44[2000] -> 40[2000] [receive] via NET/IB/0
c198-041:17222:17281 [0] NCCL INFO Channel 01/0 : 60[2000] -> 28[2000] [receive] via NET/IB/0
c198-042:19156:19210 [0] NCCL INFO Channel 00/0 : 0[2000] -> 32[2000] [receive] via NET/IB/0
c198-031:2304:2360 [0] NCCL INFO Channel 00/0 : 25[3000] -> 20[2000] [receive] via NET/IB/0
c198-042:19157:19212 [1] NCCL INFO Channel 00 : 33[3000] -> 32[2000] via direct shared memory
c198-042:19157:19212 [1] NCCL INFO Channel 01 : 33[3000] -> 32[2000] via direct shared memory
c198-041:17223:17276 [1] NCCL INFO Channel 00 : 29[3000] -> 28[2000] via direct shared memory
c198-041:17223:17276 [1] NCCL INFO Channel 01 : 29[3000] -> 28[2000] via direct shared memory
c198-072:11461:11522 [1] NCCL INFO Channel 00 : 57[3000] -> 56[2000] via direct shared memory
c198-072:11461:11522 [1] NCCL INFO Channel 01 : 57[3000] -> 56[2000] via direct shared memory
c198-042:19158:19215 [2] NCCL INFO Connected all trees
c198-042:19158:19215 [2] NCCL INFO MSCCL_XML_FILES set by environment to /home1/09168/ldai1/ccl-build/msccl_tools_lyd/examples/xml/xml_lyd/binary_tree/allreduce_binary_tree_1ch_2tree_4chunk_16node_64gpu.xml
c198-042:19158:19215 [2] NCCL INFO MSCCL: Parsing algorithm /home1/09168/ldai1/ccl-build/msccl_tools_lyd/examples/xml/xml_lyd/binary_tree/allreduce_binary_tree_1ch_2tree_4chunk_16node_64gpu.xml
c198-072:11462:11520 [2] NCCL INFO Connected all trees
c198-072:11462:11520 [2] NCCL INFO MSCCL_XML_FILES set by environment to /home1/09168/ldai1/ccl-build/msccl_tools_lyd/examples/xml/xml_lyd/binary_tree/allreduce_binary_tree_1ch_2tree_4chunk_16node_64gpu.xml
c198-072:11462:11520 [2] NCCL INFO MSCCL: Parsing algorithm /home1/09168/ldai1/ccl-build/msccl_tools_lyd/examples/xml/xml_lyd/binary_tree/allreduce_binary_tree_1ch_2tree_4chunk_16node_64gpu.xml
c198-041:17224:17279 [2] NCCL INFO Connected all trees
c198-041:17224:17279 [2] NCCL INFO MSCCL_XML_FILES set by environment to /home1/09168/ldai1/ccl-build/msccl_tools_lyd/examples/xml/xml_lyd/binary_tree/allreduce_binary_tree_1ch_2tree_4chunk_16node_64gpu.xml
c198-041:17224:17279 [2] NCCL INFO MSCCL: Parsing algorithm /home1/09168/ldai1/ccl-build/msccl_tools_lyd/examples/xml/xml_lyd/binary_tree/allreduce_binary_tree_1ch_2tree_4chunk_16node_64gpu.xml
c198-032:28094:28146 [1] NCCL INFO Channel 00 : 25[3000] -> 24[2000] via direct shared memory
c198-032:28094:28146 [1] NCCL INFO Channel 01 : 25[3000] -> 24[2000] via direct shared memory
c198-042:19158:19215 [2] NCCL INFO Parsed MSCCL Algorithm /home1/09168/ldai1/ccl-build/msccl_tools_lyd/examples/xml/xml_lyd/binary_tree/allreduce_binary_tree_1ch_2tree_4chunk_16node_64gpu.xml successfully.
c198-042:19158:19215 [2] NCCL INFO Connected 1 MSCCL algorithms
c198-042:19158:19215 [2] NCCL INFO NCCL_PROTO set by environment to Simple
c198-042:19158:19215 [2] NCCL INFO NCCL_ALGO set by environment to MSCCL,TREE,RING
c198-042:19158:19215 [2] NCCL INFO threadThresholds 8/8/64 | 512/8/64 | 8/8/64 | 8/8/512
c198-042:19158:19215 [2] NCCL INFO 2 coll channels, 2 p2p channels, 2 p2p channels per peer
c198-032:28095:28150 [2] NCCL INFO Connected all trees
c198-032:28095:28150 [2] NCCL INFO MSCCL_XML_FILES set by environment to /home1/09168/ldai1/ccl-build/msccl_tools_lyd/examples/xml/xml_lyd/binary_tree/allreduce_binary_tree_1ch_2tree_4chunk_16node_64gpu.xml
c198-032:28095:28150 [2] NCCL INFO MSCCL: Parsing algorithm /home1/09168/ldai1/ccl-build/msccl_tools_lyd/examples/xml/xml_lyd/binary_tree/allreduce_binary_tree_1ch_2tree_4chunk_16node_64gpu.xml
c198-072:11462:11520 [2] NCCL INFO Parsed MSCCL Algorithm /home1/09168/ldai1/ccl-build/msccl_tools_lyd/examples/xml/xml_lyd/binary_tree/allreduce_binary_tree_1ch_2tree_4chunk_16node_64gpu.xml successfully.
c198-072:11462:11520 [2] NCCL INFO Connected 1 MSCCL algorithms
c198-072:11462:11520 [2] NCCL INFO NCCL_PROTO set by environment to Simple
c198-072:11462:11520 [2] NCCL INFO NCCL_ALGO set by environment to MSCCL,TREE,RING
c198-072:11462:11520 [2] NCCL INFO threadThresholds 8/8/64 | 512/8/64 | 8/8/64 | 8/8/512
c198-072:11462:11520 [2] NCCL INFO 2 coll channels, 2 p2p channels, 2 p2p channels per peer
c198-041:17224:17279 [2] NCCL INFO Parsed MSCCL Algorithm /home1/09168/ldai1/ccl-build/msccl_tools_lyd/examples/xml/xml_lyd/binary_tree/allreduce_binary_tree_1ch_2tree_4chunk_16node_64gpu.xml successfully.
c198-041:17224:17279 [2] NCCL INFO Connected 1 MSCCL algorithms
c198-041:17224:17279 [2] NCCL INFO NCCL_PROTO set by environment to Simple
c198-041:17224:17279 [2] NCCL INFO NCCL_ALGO set by environment to MSCCL,TREE,RING
c198-041:17224:17279 [2] NCCL INFO threadThresholds 8/8/64 | 512/8/64 | 8/8/64 | 8/8/512
c198-041:17224:17279 [2] NCCL INFO 2 coll channels, 2 p2p channels, 2 p2p channels per peer
c198-041:17222:17281 [0] NCCL INFO Channel 01/0 : 28[2000] -> 60[2000] [send] via NET/IB/0
c198-042:19156:19210 [0] NCCL INFO Channel 00/0 : 32[2000] -> 0[2000] [send] via NET/IB/0
c198-032:28095:28150 [2] NCCL INFO Parsed MSCCL Algorithm /home1/09168/ldai1/ccl-build/msccl_tools_lyd/examples/xml/xml_lyd/binary_tree/allreduce_binary_tree_1ch_2tree_4chunk_16node_64gpu.xml successfully.
c198-032:28095:28150 [2] NCCL INFO Connected 1 MSCCL algorithms
c198-032:28095:28150 [2] NCCL INFO NCCL_PROTO set by environment to Simple
c198-032:28095:28150 [2] NCCL INFO NCCL_ALGO set by environment to MSCCL,TREE,RING
c198-032:28095:28150 [2] NCCL INFO threadThresholds 8/8/64 | 512/8/64 | 8/8/64 | 8/8/512
c198-032:28095:28150 [2] NCCL INFO 2 coll channels, 2 p2p channels, 2 p2p channels per peer
c198-061:20240:20299 [0] NCCL INFO Channel 01/0 : 44[2000] -> 36[2000] [send] via NET/IB/0
c198-022:11369:11429 [0] NCCL INFO Channel 00/0 : 24[2000] -> 16[2000] [receive] via NET/IB/0
c198-071:17722:17781 [0] NCCL INFO Channel 01/0 : 52[2000] -> 48[2000] [send] via NET/IB/0
