TACC:  Starting up job 6209222 
TACC:  Starting parallel tasks... 
# nThread 1 nGpus 1 minBytes 65536 maxBytes 268435456 step: 2(factor) warmup iters: 5 iters: 60 agg iters: 1 validation: 1 graph: 0
#
# Using devices
#  Rank  0 Group  0 Pid  24511 on   c197-112 device  0 [0x02] Quadro RTX 5000
#  Rank  1 Group  0 Pid  24512 on   c197-112 device  1 [0x03] Quadro RTX 5000
#  Rank  2 Group  0 Pid  24513 on   c197-112 device  2 [0x82] Quadro RTX 5000
#  Rank  3 Group  0 Pid  24514 on   c197-112 device  3 [0x83] Quadro RTX 5000
#  Rank  4 Group  0 Pid  23140 on   c198-011 device  0 [0x02] Quadro RTX 5000
#  Rank  5 Group  0 Pid  23141 on   c198-011 device  1 [0x03] Quadro RTX 5000
#  Rank  6 Group  0 Pid  23142 on   c198-011 device  2 [0x82] Quadro RTX 5000
#  Rank  7 Group  0 Pid  23143 on   c198-011 device  3 [0x83] Quadro RTX 5000
#  Rank  8 Group  0 Pid  20965 on   c198-012 device  0 [0x02] Quadro RTX 5000
#  Rank  9 Group  0 Pid  20966 on   c198-012 device  1 [0x03] Quadro RTX 5000
#  Rank 10 Group  0 Pid  20967 on   c198-012 device  2 [0x82] Quadro RTX 5000
#  Rank 11 Group  0 Pid  20968 on   c198-012 device  3 [0x83] Quadro RTX 5000
#  Rank 12 Group  0 Pid   1815 on   c198-021 device  0 [0x02] Quadro RTX 5000
#  Rank 13 Group  0 Pid   1816 on   c198-021 device  1 [0x03] Quadro RTX 5000
#  Rank 14 Group  0 Pid   1817 on   c198-021 device  2 [0x82] Quadro RTX 5000
#  Rank 15 Group  0 Pid   1818 on   c198-021 device  3 [0x83] Quadro RTX 5000
#  Rank 16 Group  0 Pid  11369 on   c198-022 device  0 [0x02] Quadro RTX 5000
#  Rank 17 Group  0 Pid  11370 on   c198-022 device  1 [0x03] Quadro RTX 5000
#  Rank 18 Group  0 Pid  11371 on   c198-022 device  2 [0x82] Quadro RTX 5000
#  Rank 19 Group  0 Pid  11372 on   c198-022 device  3 [0x83] Quadro RTX 5000
#  Rank 20 Group  0 Pid   2304 on   c198-031 device  0 [0x02] Quadro RTX 5000
#  Rank 21 Group  0 Pid   2305 on   c198-031 device  1 [0x03] Quadro RTX 5000
#  Rank 22 Group  0 Pid   2306 on   c198-031 device  2 [0x82] Quadro RTX 5000
#  Rank 23 Group  0 Pid   2307 on   c198-031 device  3 [0x83] Quadro RTX 5000
#  Rank 24 Group  0 Pid  28093 on   c198-032 device  0 [0x02] Quadro RTX 5000
#  Rank 25 Group  0 Pid  28094 on   c198-032 device  1 [0x03] Quadro RTX 5000
#  Rank 26 Group  0 Pid  28095 on   c198-032 device  2 [0x82] Quadro RTX 5000
#  Rank 27 Group  0 Pid  28096 on   c198-032 device  3 [0x83] Quadro RTX 5000
#  Rank 28 Group  0 Pid  17222 on   c198-041 device  0 [0x02] Quadro RTX 5000
#  Rank 29 Group  0 Pid  17223 on   c198-041 device  1 [0x03] Quadro RTX 5000
#  Rank 30 Group  0 Pid  17224 on   c198-041 device  2 [0x82] Quadro RTX 5000
#  Rank 31 Group  0 Pid  17225 on   c198-041 device  3 [0x83] Quadro RTX 5000
#  Rank 32 Group  0 Pid  19156 on   c198-042 device  0 [0x02] Quadro RTX 5000
#  Rank 33 Group  0 Pid  19157 on   c198-042 device  1 [0x03] Quadro RTX 5000
#  Rank 34 Group  0 Pid  19158 on   c198-042 device  2 [0x82] Quadro RTX 5000
#  Rank 35 Group  0 Pid  19159 on   c198-042 device  3 [0x83] Quadro RTX 5000
#  Rank 36 Group  0 Pid  29613 on   c198-051 device  0 [0x02] Quadro RTX 5000
#  Rank 37 Group  0 Pid  29614 on   c198-051 device  1 [0x03] Quadro RTX 5000
#  Rank 38 Group  0 Pid  29615 on   c198-051 device  2 [0x82] Quadro RTX 5000
#  Rank 39 Group  0 Pid  29616 on   c198-051 device  3 [0x83] Quadro RTX 5000
#  Rank 40 Group  0 Pid  27973 on   c198-052 device  0 [0x02] Quadro RTX 5000
#  Rank 41 Group  0 Pid  27974 on   c198-052 device  1 [0x03] Quadro RTX 5000
#  Rank 42 Group  0 Pid  27975 on   c198-052 device  2 [0x82] Quadro RTX 5000
#  Rank 43 Group  0 Pid  27976 on   c198-052 device  3 [0x83] Quadro RTX 5000
#  Rank 44 Group  0 Pid  20240 on   c198-061 device  0 [0x02] Quadro RTX 5000
#  Rank 45 Group  0 Pid  20241 on   c198-061 device  1 [0x03] Quadro RTX 5000
#  Rank 46 Group  0 Pid  20242 on   c198-061 device  2 [0x82] Quadro RTX 5000
#  Rank 47 Group  0 Pid  20243 on   c198-061 device  3 [0x83] Quadro RTX 5000
#  Rank 48 Group  0 Pid   6827 on   c198-062 device  0 [0x02] Quadro RTX 5000
#  Rank 49 Group  0 Pid   6828 on   c198-062 device  1 [0x03] Quadro RTX 5000
#  Rank 50 Group  0 Pid   6829 on   c198-062 device  2 [0x82] Quadro RTX 5000
#  Rank 51 Group  0 Pid   6830 on   c198-062 device  3 [0x83] Quadro RTX 5000
#  Rank 52 Group  0 Pid  17722 on   c198-071 device  0 [0x02] Quadro RTX 5000
#  Rank 53 Group  0 Pid  17723 on   c198-071 device  1 [0x03] Quadro RTX 5000
#  Rank 54 Group  0 Pid  17724 on   c198-071 device  2 [0x82] Quadro RTX 5000
#  Rank 55 Group  0 Pid  17725 on   c198-071 device  3 [0x83] Quadro RTX 5000
#  Rank 56 Group  0 Pid  11460 on   c198-072 device  0 [0x02] Quadro RTX 5000
#  Rank 57 Group  0 Pid  11461 on   c198-072 device  1 [0x03] Quadro RTX 5000
#  Rank 58 Group  0 Pid  11462 on   c198-072 device  2 [0x82] Quadro RTX 5000
#  Rank 59 Group  0 Pid  11463 on   c198-072 device  3 [0x83] Quadro RTX 5000
#  Rank 60 Group  0 Pid  17806 on   c199-012 device  0 [0x02] Quadro RTX 5000
#  Rank 61 Group  0 Pid  17807 on   c199-012 device  1 [0x03] Quadro RTX 5000
#  Rank 62 Group  0 Pid  17808 on   c199-012 device  2 [0x82] Quadro RTX 5000
#  Rank 63 Group  0 Pid  17809 on   c199-012 device  3 [0x83] Quadro RTX 5000
The MSCCL XML file exists: /home1/09168/ldai1/ccl-build/msccl_tools_lyd/examples/xml/xml_lyd/binary_tree/allreduce_binary_tree_1ch_2tree_4chunk_16node_64gpu.xml
c197-112:24511:24511 [0] NCCL INFO Bootstrap : Using ib0:192.168.44.144<0>
c197-112:24511:24511 [0] NCCL INFO NET/Plugin : No plugin found (libnccl-net.so), using internal implementation
c197-112:24511:24511 [0] NCCL INFO NET/IB : Using [0]mlx4_0:1/IB [RO]; OOB ib0:192.168.44.144<0>
c197-112:24511:24511 [0] NCCL INFO Using network IB
NCCL version 2.12.12.MSCCL.0.7.4+cuda11.3
c197-112:24512:24512 [1] NCCL INFO Bootstrap : Using ib0:192.168.44.144<0>
c197-112:24512:24512 [1] NCCL INFO NET/Plugin : No plugin found (libnccl-net.so), using internal implementation
c197-112:24513:24513 [2] NCCL INFO Bootstrap : Using ib0:192.168.44.144<0>
c197-112:24514:24514 [3] NCCL INFO Bootstrap : Using ib0:192.168.44.144<0>
c197-112:24513:24513 [2] NCCL INFO NET/Plugin : No plugin found (libnccl-net.so), using internal implementation
c197-112:24514:24514 [3] NCCL INFO NET/Plugin : No plugin found (libnccl-net.so), using internal implementation
c197-112:24514:24514 [3] NCCL INFO NET/IB : Using [0]mlx4_0:1/IB [RO]; OOB ib0:192.168.44.144<0>
c197-112:24514:24514 [3] NCCL INFO Using network IB
c197-112:24512:24512 [1] NCCL INFO NET/IB : Using [0]mlx4_0:1/IB [RO]; OOB ib0:192.168.44.144<0>
c197-112:24512:24512 [1] NCCL INFO Using network IB
c197-112:24513:24513 [2] NCCL INFO NET/IB : Using [0]mlx4_0:1/IB [RO]; OOB ib0:192.168.44.144<0>
c197-112:24513:24513 [2] NCCL INFO Using network IB
c198-041:17223:17223 [1] NCCL INFO Bootstrap : Using ib0:192.168.44.151<0>
c198-041:17224:17224 [2] NCCL INFO Bootstrap : Using ib0:192.168.44.151<0>
c198-041:17225:17225 [3] NCCL INFO Bootstrap : Using ib0:192.168.44.151<0>
c198-041:17223:17223 [1] NCCL INFO NET/Plugin : No plugin found (libnccl-net.so), using internal implementation
c198-041:17224:17224 [2] NCCL INFO NET/Plugin : No plugin found (libnccl-net.so), using internal implementation
c198-041:17225:17225 [3] NCCL INFO NET/Plugin : No plugin found (libnccl-net.so), using internal implementation
c198-041:17222:17222 [0] NCCL INFO Bootstrap : Using ib0:192.168.44.151<0>
c198-041:17222:17222 [0] NCCL INFO NET/Plugin : No plugin found (libnccl-net.so), using internal implementation
c198-041:17223:17223 [1] NCCL INFO NET/IB : Using [0]mlx4_0:1/IB [RO]; OOB ib0:192.168.44.151<0>
c198-041:17223:17223 [1] NCCL INFO Using network IB
c198-041:17225:17225 [3] NCCL INFO NET/IB : Using [0]mlx4_0:1/IB [RO]; OOB ib0:192.168.44.151<0>
c198-041:17225:17225 [3] NCCL INFO Using network IB
c198-041:17224:17224 [2] NCCL INFO NET/IB : Using [0]mlx4_0:1/IB [RO]; OOB ib0:192.168.44.151<0>
c198-041:17224:17224 [2] NCCL INFO Using network IB
c198-041:17222:17222 [0] NCCL INFO NET/IB : Using [0]mlx4_0:1/IB [RO]; OOB ib0:192.168.44.151<0>
c198-041:17222:17222 [0] NCCL INFO Using network IB
c198-051:29615:29615 [2] NCCL INFO Bootstrap : Using ib0:192.168.44.153<0>
c198-051:29616:29616 [3] NCCL INFO Bootstrap : Using ib0:192.168.44.153<0>
c198-051:29615:29615 [2] NCCL INFO NET/Plugin : No plugin found (libnccl-net.so), using internal implementation
c198-051:29616:29616 [3] NCCL INFO NET/Plugin : No plugin found (libnccl-net.so), using internal implementation
c198-051:29616:29616 [3] NCCL INFO NET/IB : Using [0]mlx4_0:1/IB [RO]; OOB ib0:192.168.44.153<0>
c198-051:29616:29616 [3] NCCL INFO Using network IB
c198-051:29615:29615 [2] NCCL INFO NET/IB : Using [0]mlx4_0:1/IB [RO]; OOB ib0:192.168.44.153<0>
c198-051:29615:29615 [2] NCCL INFO Using network IB
c198-051:29614:29614 [1] NCCL INFO Bootstrap : Using ib0:192.168.44.153<0>
c198-051:29614:29614 [1] NCCL INFO NET/Plugin : No plugin found (libnccl-net.so), using internal implementation
c198-011:23142:23142 [2] NCCL INFO Bootstrap : Using ib0:192.168.44.145<0>
c198-011:23143:23143 [3] NCCL INFO Bootstrap : Using ib0:192.168.44.145<0>
c198-011:23142:23142 [2] NCCL INFO NET/Plugin : No plugin found (libnccl-net.so), using internal implementation
c198-011:23143:23143 [3] NCCL INFO NET/Plugin : No plugin found (libnccl-net.so), using internal implementation
c198-031:2304:2304 [0] NCCL INFO Bootstrap : Using ib0:192.168.44.149<0>
c198-031:2306:2306 [2] NCCL INFO Bootstrap : Using ib0:192.168.44.149<0>
c198-031:2307:2307 [3] NCCL INFO Bootstrap : Using ib0:192.168.44.149<0>
c198-031:2305:2305 [1] NCCL INFO Bootstrap : Using ib0:192.168.44.149<0>
c198-031:2306:2306 [2] NCCL INFO NET/Plugin : No plugin found (libnccl-net.so), using internal implementation
c198-031:2307:2307 [3] NCCL INFO NET/Plugin : No plugin found (libnccl-net.so), using internal implementation
c198-031:2304:2304 [0] NCCL INFO NET/Plugin : No plugin found (libnccl-net.so), using internal implementation
c198-031:2305:2305 [1] NCCL INFO NET/Plugin : No plugin found (libnccl-net.so), using internal implementation
c199-012:17808:17808 [2] NCCL INFO Bootstrap : Using ib0:192.168.44.168<0>
c199-012:17808:17808 [2] NCCL INFO NET/Plugin : No plugin found (libnccl-net.so), using internal implementation
c198-051:29613:29613 [0] NCCL INFO Bootstrap : Using ib0:192.168.44.153<0>
c198-051:29613:29613 [0] NCCL INFO NET/Plugin : No plugin found (libnccl-net.so), using internal implementation
c198-051:29614:29614 [1] NCCL INFO NET/IB : Using [0]mlx4_0:1/IB [RO]; OOB ib0:192.168.44.153<0>
c198-051:29614:29614 [1] NCCL INFO Using network IB
c198-072:11460:11460 [0] NCCL INFO Bootstrap : Using ib0:192.168.44.158<0>
c198-072:11462:11462 [2] NCCL INFO Bootstrap : Using ib0:192.168.44.158<0>
c198-072:11463:11463 [3] NCCL INFO Bootstrap : Using ib0:192.168.44.158<0>
c198-072:11461:11461 [1] NCCL INFO Bootstrap : Using ib0:192.168.44.158<0>
c198-072:11462:11462 [2] NCCL INFO NET/Plugin : No plugin found (libnccl-net.so), using internal implementation
c198-072:11463:11463 [3] NCCL INFO NET/Plugin : No plugin found (libnccl-net.so), using internal implementation
c198-072:11460:11460 [0] NCCL INFO NET/Plugin : No plugin found (libnccl-net.so), using internal implementation
c198-072:11461:11461 [1] NCCL INFO NET/Plugin : No plugin found (libnccl-net.so), using internal implementation
c198-051:29613:29613 [0] NCCL INFO NET/IB : Using [0]mlx4_0:1/IB [RO]; OOB ib0:192.168.44.153<0>
c198-051:29613:29613 [0] NCCL INFO Using network IB
c198-011:23142:23142 [2] NCCL INFO NET/IB : Using [0]mlx4_0:1/IB [RO]; OOB ib0:192.168.44.145<0>
c198-011:23142:23142 [2] NCCL INFO Using network IB
c198-011:23143:23143 [3] NCCL INFO NET/IB : Using [0]mlx4_0:1/IB [RO]; OOB ib0:192.168.44.145<0>
c198-011:23143:23143 [3] NCCL INFO Using network IB
c198-011:23140:23140 [0] NCCL INFO Bootstrap : Using ib0:192.168.44.145<0>
c198-011:23141:23141 [1] NCCL INFO Bootstrap : Using ib0:192.168.44.145<0>
c198-011:23140:23140 [0] NCCL INFO NET/Plugin : No plugin found (libnccl-net.so), using internal implementation
c198-011:23141:23141 [1] NCCL INFO NET/Plugin : No plugin found (libnccl-net.so), using internal implementation
c199-012:17809:17809 [3] NCCL INFO Bootstrap : Using ib0:192.168.44.168<0>
c199-012:17809:17809 [3] NCCL INFO NET/Plugin : No plugin found (libnccl-net.so), using internal implementation
c199-012:17808:17808 [2] NCCL INFO NET/IB : Using [0]mlx4_0:1/IB [RO]; OOB ib0:192.168.44.168<0>
c199-012:17808:17808 [2] NCCL INFO Using network IB
c199-012:17807:17807 [1] NCCL INFO Bootstrap : Using ib0:192.168.44.168<0>
c199-012:17807:17807 [1] NCCL INFO NET/Plugin : No plugin found (libnccl-net.so), using internal implementation
c199-012:17809:17809 [3] NCCL INFO NET/IB : Using [0]mlx4_0:1/IB [RO]; OOB ib0:192.168.44.168<0>
c199-012:17809:17809 [3] NCCL INFO Using network IB
c198-032:28094:28094 [1] NCCL INFO Bootstrap : Using ib0:192.168.44.150<0>
c198-032:28094:28094 [1] NCCL INFO NET/Plugin : No plugin found (libnccl-net.so), using internal implementation
c198-042:19156:19156 [0] NCCL INFO Bootstrap : Using ib0:192.168.44.152<0>
c198-042:19157:19157 [1] NCCL INFO Bootstrap : Using ib0:192.168.44.152<0>
c198-042:19159:19159 [3] NCCL INFO Bootstrap : Using ib0:192.168.44.152<0>
c198-042:19159:19159 [3] NCCL INFO NET/Plugin : No plugin found (libnccl-net.so), using internal implementation
c198-042:19156:19156 [0] NCCL INFO NET/Plugin : No plugin found (libnccl-net.so), using internal implementation
c198-042:19157:19157 [1] NCCL INFO NET/Plugin : No plugin found (libnccl-net.so), using internal implementation
c199-012:17807:17807 [1] NCCL INFO NET/IB : Using [0]mlx4_0:1/IB [RO]; OOB ib0:192.168.44.168<0>
c199-012:17807:17807 [1] NCCL INFO Using network IB
c198-021:1817:1817 [2] NCCL INFO Bootstrap : Using ib0:192.168.44.147<0>
c198-061:20242:20242 [2] NCCL INFO Bootstrap : Using ib0:192.168.44.155<0>
c198-021:1818:1818 [3] NCCL INFO Bootstrap : Using ib0:192.168.44.147<0>
c198-021:1817:1817 [2] NCCL INFO NET/Plugin : No plugin found (libnccl-net.so), using internal implementation
c199-012:17806:17806 [0] NCCL INFO Bootstrap : Using ib0:192.168.44.168<0>
c198-021:1818:1818 [3] NCCL INFO NET/Plugin : No plugin found (libnccl-net.so), using internal implementation
c198-061:20242:20242 [2] NCCL INFO NET/Plugin : No plugin found (libnccl-net.so), using internal implementation
c199-012:17806:17806 [0] NCCL INFO NET/Plugin : No plugin found (libnccl-net.so), using internal implementation
c198-011:23140:23140 [0] NCCL INFO NET/IB : Using [0]mlx4_0:1/IB [RO]; OOB ib0:192.168.44.145<0>
c198-011:23140:23140 [0] NCCL INFO Using network IB
c198-031:2306:2306 [2] NCCL INFO NET/IB : Using [0]mlx4_0:1/IB [RO]; OOB ib0:192.168.44.149<0>
c198-031:2306:2306 [2] NCCL INFO Using network IB
c198-011:23141:23141 [1] NCCL INFO NET/IB : Using [0]mlx4_0:1/IB [RO]; OOB ib0:192.168.44.145<0>
c198-031:2304:2304 [0] NCCL INFO NET/IB : Using [0]mlx4_0:1/IB [RO]; OOB ib0:192.168.44.149<0>
c198-011:23141:23141 [1] NCCL INFO Using network IB
c198-031:2304:2304 [0] NCCL INFO Using network IB
c198-031:2307:2307 [3] NCCL INFO NET/IB : Using [0]mlx4_0:1/IB [RO]; OOB ib0:192.168.44.149<0>
c198-031:2307:2307 [3] NCCL INFO Using network IB
c198-031:2305:2305 [1] NCCL INFO NET/IB : Using [0]mlx4_0:1/IB [RO]; OOB ib0:192.168.44.149<0>
c198-031:2305:2305 [1] NCCL INFO Using network IB
c198-032:28094:28094 [1] NCCL INFO NET/IB : Using [0]mlx4_0:1/IB [RO]; OOB ib0:192.168.44.150<0>
c198-032:28094:28094 [1] NCCL INFO Using network IB
c199-012:17806:17806 [0] NCCL INFO NET/IB : Using [0]mlx4_0:1/IB [RO]; OOB ib0:192.168.44.168<0>
c199-012:17806:17806 [0] NCCL INFO Using network IB
c198-072:11460:11460 [0] NCCL INFO NET/IB : Using [0]mlx4_0:1/IB [RO]; OOB ib0:192.168.44.158<0>
c198-072:11460:11460 [0] NCCL INFO Using network IB
c198-072:11462:11462 [2] NCCL INFO NET/IB : Using [0]mlx4_0:1/IB [RO]; OOB ib0:192.168.44.158<0>
c198-072:11462:11462 [2] NCCL INFO Using network IB
c198-072:11463:11463 [3] NCCL INFO NET/IB : Using [0]mlx4_0:1/IB [RO]; OOB ib0:192.168.44.158<0>
c198-072:11463:11463 [3] NCCL INFO Using network IB
c198-072:11461:11461 [1] NCCL INFO NET/IB : Using [0]mlx4_0:1/IB [RO]; OOB ib0:192.168.44.158<0>
c198-072:11461:11461 [1] NCCL INFO Using network IB
c198-061:20242:20242 [2] NCCL INFO NET/IB : Using [0]mlx4_0:1/IB [RO]; OOB ib0:192.168.44.155<0>
c198-061:20242:20242 [2] NCCL INFO Using network IB
c198-061:20243:20243 [3] NCCL INFO Bootstrap : Using ib0:192.168.44.155<0>
c198-061:20243:20243 [3] NCCL INFO NET/Plugin : No plugin found (libnccl-net.so), using internal implementation
c198-021:1816:1816 [1] NCCL INFO Bootstrap : Using ib0:192.168.44.147<0>
c198-021:1815:1815 [0] NCCL INFO Bootstrap : Using ib0:192.168.44.147<0>
c198-021:1815:1815 [0] NCCL INFO NET/Plugin : No plugin found (libnccl-net.so), using internal implementation
c198-021:1816:1816 [1] NCCL INFO NET/Plugin : No plugin found (libnccl-net.so), using internal implementation
c198-042:19158:19158 [2] NCCL INFO Bootstrap : Using ib0:192.168.44.152<0>
c198-042:19158:19158 [2] NCCL INFO NET/Plugin : No plugin found (libnccl-net.so), using internal implementation
c198-032:28096:28096 [3] NCCL INFO Bootstrap : Using ib0:192.168.44.150<0>
c198-021:1818:1818 [3] NCCL INFO NET/IB : Using [0]mlx4_0:1/IB [RO]; OOB ib0:192.168.44.147<0>
c198-021:1818:1818 [3] NCCL INFO Using network IB
c198-021:1817:1817 [2] NCCL INFO NET/IB : Using [0]mlx4_0:1/IB [RO]; OOB ib0:192.168.44.147<0>
c198-021:1817:1817 [2] NCCL INFO Using network IB
c198-032:28096:28096 [3] NCCL INFO NET/Plugin : No plugin found (libnccl-net.so), using internal implementation
c198-061:20243:20243 [3] NCCL INFO NET/IB : Using [0]mlx4_0:1/IB [RO]; OOB ib0:192.168.44.155<0>
c198-061:20243:20243 [3] NCCL INFO Using network IB
c198-042:19156:19156 [0] NCCL INFO NET/IB : Using [0]mlx4_0:1/IB [RO]; OOB ib0:192.168.44.152<0>
c198-042:19156:19156 [0] NCCL INFO Using network IB
c198-042:19157:19157 [1] NCCL INFO NET/IB : Using [0]mlx4_0:1/IB [RO]; OOB ib0:192.168.44.152<0>
c198-042:19157:19157 [1] NCCL INFO Using network IB
c198-042:19159:19159 [3] NCCL INFO NET/IB : Using [0]mlx4_0:1/IB [RO]; OOB ib0:192.168.44.152<0>
c198-042:19159:19159 [3] NCCL INFO Using network IB
c198-021:1816:1816 [1] NCCL INFO NET/IB : Using [0]mlx4_0:1/IB [RO]; OOB ib0:192.168.44.147<0>
c198-021:1816:1816 [1] NCCL INFO Using network IB
c198-021:1815:1815 [0] NCCL INFO NET/IB : Using [0]mlx4_0:1/IB [RO]; OOB ib0:192.168.44.147<0>
c198-021:1815:1815 [0] NCCL INFO Using network IB
c198-042:19158:19158 [2] NCCL INFO NET/IB : Using [0]mlx4_0:1/IB [RO]; OOB ib0:192.168.44.152<0>
c198-042:19158:19158 [2] NCCL INFO Using network IB
c198-061:20240:20240 [0] NCCL INFO Bootstrap : Using ib0:192.168.44.155<0>
c198-061:20241:20241 [1] NCCL INFO Bootstrap : Using ib0:192.168.44.155<0>
c198-061:20240:20240 [0] NCCL INFO NET/Plugin : No plugin found (libnccl-net.so), using internal implementation
c198-061:20241:20241 [1] NCCL INFO NET/Plugin : No plugin found (libnccl-net.so), using internal implementation
c198-032:28096:28096 [3] NCCL INFO NET/IB : Using [0]mlx4_0:1/IB [RO]; OOB ib0:192.168.44.150<0>
c198-032:28096:28096 [3] NCCL INFO Using network IB
c198-061:20241:20241 [1] NCCL INFO NET/IB : Using [0]mlx4_0:1/IB [RO]; OOB ib0:192.168.44.155<0>
c198-061:20241:20241 [1] NCCL INFO Using network IB
c198-061:20240:20240 [0] NCCL INFO NET/IB : Using [0]mlx4_0:1/IB [RO]; OOB ib0:192.168.44.155<0>
c198-061:20240:20240 [0] NCCL INFO Using network IB
c198-032:28095:28095 [2] NCCL INFO Bootstrap : Using ib0:192.168.44.150<0>
c198-032:28095:28095 [2] NCCL INFO NET/Plugin : No plugin found (libnccl-net.so), using internal implementation
c198-032:28095:28095 [2] NCCL INFO NET/IB : Using [0]mlx4_0:1/IB [RO]; OOB ib0:192.168.44.150<0>
c198-032:28095:28095 [2] NCCL INFO Using network IB
c198-032:28093:28093 [0] NCCL INFO Bootstrap : Using ib0:192.168.44.150<0>
c198-032:28093:28093 [0] NCCL INFO NET/Plugin : No plugin found (libnccl-net.so), using internal implementation
c198-032:28093:28093 [0] NCCL INFO NET/IB : Using [0]mlx4_0:1/IB [RO]; OOB ib0:192.168.44.150<0>
c198-032:28093:28093 [0] NCCL INFO Using network IB
c198-052:27974:27974 [1] NCCL INFO Bootstrap : Using ib0:192.168.44.154<0>
c198-052:27975:27975 [2] NCCL INFO Bootstrap : Using ib0:192.168.44.154<0>
c198-052:27973:27973 [0] NCCL INFO Bootstrap : Using ib0:192.168.44.154<0>
c198-052:27976:27976 [3] NCCL INFO Bootstrap : Using ib0:192.168.44.154<0>
c198-052:27973:27973 [0] NCCL INFO NET/Plugin : No plugin found (libnccl-net.so), using internal implementation
c198-052:27974:27974 [1] NCCL INFO NET/Plugin : No plugin found (libnccl-net.so), using internal implementation
c198-052:27975:27975 [2] NCCL INFO NET/Plugin : No plugin found (libnccl-net.so), using internal implementation
c198-052:27976:27976 [3] NCCL INFO NET/Plugin : No plugin found (libnccl-net.so), using internal implementation
c198-052:27973:27973 [0] NCCL INFO NET/IB : Using [0]mlx4_0:1/IB [RO]; OOB ib0:192.168.44.154<0>
c198-052:27973:27973 [0] NCCL INFO Using network IB
c198-052:27974:27974 [1] NCCL INFO NET/IB : Using [0]mlx4_0:1/IB [RO]; OOB ib0:192.168.44.154<0>
c198-052:27974:27974 [1] NCCL INFO Using network IB
c198-052:27976:27976 [3] NCCL INFO NET/IB : Using [0]mlx4_0:1/IB [RO]; OOB ib0:192.168.44.154<0>
c198-052:27976:27976 [3] NCCL INFO Using network IB
c198-052:27975:27975 [2] NCCL INFO NET/IB : Using [0]mlx4_0:1/IB [RO]; OOB ib0:192.168.44.154<0>
c198-052:27975:27975 [2] NCCL INFO Using network IB
c198-022:11371:11371 [2] NCCL INFO Bootstrap : Using ib0:192.168.44.148<0>
c198-022:11372:11372 [3] NCCL INFO Bootstrap : Using ib0:192.168.44.148<0>
c198-022:11371:11371 [2] NCCL INFO NET/Plugin : No plugin found (libnccl-net.so), using internal implementation
c198-022:11372:11372 [3] NCCL INFO NET/Plugin : No plugin found (libnccl-net.so), using internal implementation
c198-071:17724:17724 [2] NCCL INFO Bootstrap : Using ib0:192.168.44.157<0>
c198-071:17724:17724 [2] NCCL INFO NET/Plugin : No plugin found (libnccl-net.so), using internal implementation
c198-071:17724:17724 [2] NCCL INFO NET/IB : Using [0]mlx4_0:1/IB [RO]; OOB ib0:192.168.44.157<0>
c198-071:17724:17724 [2] NCCL INFO Using network IB
c198-071:17725:17725 [3] NCCL INFO Bootstrap : Using ib0:192.168.44.157<0>
c198-071:17725:17725 [3] NCCL INFO NET/Plugin : No plugin found (libnccl-net.so), using internal implementation
c198-022:11369:11369 [0] NCCL INFO Bootstrap : Using ib0:192.168.44.148<0>
c198-022:11370:11370 [1] NCCL INFO Bootstrap : Using ib0:192.168.44.148<0>
c198-022:11369:11369 [0] NCCL INFO NET/Plugin : No plugin found (libnccl-net.so), using internal implementation
c198-022:11370:11370 [1] NCCL INFO NET/Plugin : No plugin found (libnccl-net.so), using internal implementation
c198-071:17725:17725 [3] NCCL INFO NET/IB : Using [0]mlx4_0:1/IB [RO]; OOB ib0:192.168.44.157<0>
c198-071:17725:17725 [3] NCCL INFO Using network IB
c198-022:11371:11371 [2] NCCL INFO NET/IB : Using [0]mlx4_0:1/IB [RO]; OOB ib0:192.168.44.148<0>
c198-022:11371:11371 [2] NCCL INFO Using network IB
c198-022:11372:11372 [3] NCCL INFO NET/IB : Using [0]mlx4_0:1/IB [RO]; OOB ib0:192.168.44.148<0>
c198-022:11372:11372 [3] NCCL INFO Using network IB
c198-022:11369:11369 [0] NCCL INFO NET/IB : Using [0]mlx4_0:1/IB [RO]; OOB ib0:192.168.44.148<0>
c198-022:11369:11369 [0] NCCL INFO Using network IB
c198-022:11370:11370 [1] NCCL INFO NET/IB : Using [0]mlx4_0:1/IB [RO]; OOB ib0:192.168.44.148<0>
c198-022:11370:11370 [1] NCCL INFO Using network IB
c198-071:17722:17722 [0] NCCL INFO Bootstrap : Using ib0:192.168.44.157<0>
c198-071:17722:17722 [0] NCCL INFO NET/Plugin : No plugin found (libnccl-net.so), using internal implementation
c198-071:17722:17722 [0] NCCL INFO NET/IB : Using [0]mlx4_0:1/IB [RO]; OOB ib0:192.168.44.157<0>
c198-071:17722:17722 [0] NCCL INFO Using network IB
c198-071:17723:17723 [1] NCCL INFO Bootstrap : Using ib0:192.168.44.157<0>
c198-071:17723:17723 [1] NCCL INFO NET/Plugin : No plugin found (libnccl-net.so), using internal implementation
c198-071:17723:17723 [1] NCCL INFO NET/IB : Using [0]mlx4_0:1/IB [RO]; OOB ib0:192.168.44.157<0>
c198-071:17723:17723 [1] NCCL INFO Using network IB
c198-062:6827:6827 [0] NCCL INFO Bootstrap : Using ib0:192.168.44.156<0>
c198-062:6829:6829 [2] NCCL INFO Bootstrap : Using ib0:192.168.44.156<0>
c198-062:6830:6830 [3] NCCL INFO Bootstrap : Using ib0:192.168.44.156<0>
c198-062:6829:6829 [2] NCCL INFO NET/Plugin : No plugin found (libnccl-net.so), using internal implementation
c198-062:6830:6830 [3] NCCL INFO NET/Plugin : No plugin found (libnccl-net.so), using internal implementation
c198-062:6827:6827 [0] NCCL INFO NET/Plugin : No plugin found (libnccl-net.so), using internal implementation
c198-062:6828:6828 [1] NCCL INFO Bootstrap : Using ib0:192.168.44.156<0>
c198-062:6828:6828 [1] NCCL INFO NET/Plugin : No plugin found (libnccl-net.so), using internal implementation
c198-062:6827:6827 [0] NCCL INFO NET/IB : Using [0]mlx4_0:1/IB [RO]; OOB ib0:192.168.44.156<0>
c198-062:6827:6827 [0] NCCL INFO Using network IB
c198-062:6828:6828 [1] NCCL INFO NET/IB : Using [0]mlx4_0:1/IB [RO]; OOB ib0:192.168.44.156<0>
c198-062:6828:6828 [1] NCCL INFO Using network IB
c198-062:6830:6830 [3] NCCL INFO NET/IB : Using [0]mlx4_0:1/IB [RO]; OOB ib0:192.168.44.156<0>
c198-062:6830:6830 [3] NCCL INFO Using network IB
c198-062:6829:6829 [2] NCCL INFO NET/IB : Using [0]mlx4_0:1/IB [RO]; OOB ib0:192.168.44.156<0>
c198-062:6829:6829 [2] NCCL INFO Using network IB
c198-012:20967:20967 [2] NCCL INFO Bootstrap : Using ib0:192.168.44.146<0>
c198-012:20968:20968 [3] NCCL INFO Bootstrap : Using ib0:192.168.44.146<0>
c198-012:20967:20967 [2] NCCL INFO NET/Plugin : No plugin found (libnccl-net.so), using internal implementation
c198-012:20968:20968 [3] NCCL INFO NET/Plugin : No plugin found (libnccl-net.so), using internal implementation
c198-012:20965:20965 [0] NCCL INFO Bootstrap : Using ib0:192.168.44.146<0>
c198-012:20965:20965 [0] NCCL INFO NET/Plugin : No plugin found (libnccl-net.so), using internal implementation
c198-012:20968:20968 [3] NCCL INFO NET/IB : Using [0]mlx4_0:1/IB [RO]; OOB ib0:192.168.44.146<0>
c198-012:20968:20968 [3] NCCL INFO Using network IB
c198-012:20967:20967 [2] NCCL INFO NET/IB : Using [0]mlx4_0:1/IB [RO]; OOB ib0:192.168.44.146<0>
c198-012:20967:20967 [2] NCCL INFO Using network IB
c198-012:20965:20965 [0] NCCL INFO NET/IB : Using [0]mlx4_0:1/IB [RO]; OOB ib0:192.168.44.146<0>
c198-012:20965:20965 [0] NCCL INFO Using network IB
c198-012:20966:20966 [1] NCCL INFO Bootstrap : Using ib0:192.168.44.146<0>
c198-012:20966:20966 [1] NCCL INFO NET/Plugin : No plugin found (libnccl-net.so), using internal implementation
c198-012:20966:20966 [1] NCCL INFO NET/IB : Using [0]mlx4_0:1/IB [RO]; OOB ib0:192.168.44.146<0>
c198-012:20966:20966 [1] NCCL INFO Using network IB
c197-112:24511:24562 [0] NCCL INFO Setting affinity for GPU 0 to 0f000f
c198-051:29616:29668 [3] NCCL INFO Setting affinity for GPU 3 to f000f000
c198-071:17725:17779 [3] NCCL INFO Setting affinity for GPU 3 to f000f000
c198-061:20243:20295 [3] NCCL INFO Setting affinity for GPU 3 to f000f000
c198-031:2307:2362 [3] NCCL INFO Setting affinity for GPU 3 to f000f000
c199-012:17809:17861 [3] NCCL INFO Setting affinity for GPU 3 to f000f000
c198-021:1818:1869 [3] NCCL INFO Setting affinity for GPU 3 to f000f000
c198-072:11463:11521 [3] NCCL INFO Setting affinity for GPU 3 to f000f000
c198-062:6830:6885 [3] NCCL INFO Setting affinity for GPU 3 to f000f000
c198-032:28096:28148 [3] NCCL INFO Setting affinity for GPU 3 to f000f000
c198-012:20968:21020 [3] NCCL INFO Setting affinity for GPU 3 to f000f000
c198-042:19159:19213 [3] NCCL INFO Setting affinity for GPU 3 to f000f000
c198-022:11372:11426 [3] NCCL INFO Setting affinity for GPU 3 to f000f000
c198-011:23143:23195 [3] NCCL INFO Setting affinity for GPU 3 to f000f000
c198-041:17225:17278 [3] NCCL INFO Setting affinity for GPU 3 to f000f000
c197-112:24512:24569 [1] NCCL INFO Setting affinity for GPU 1 to f000f0
c197-112:24514:24567 [3] NCCL INFO Setting affinity for GPU 3 to f000f000
c198-032:28094:28146 [1] NCCL INFO Setting affinity for GPU 1 to f000f0
c198-022:11370:11430 [1] NCCL INFO Setting affinity for GPU 1 to f000f0
c197-112:24513:24571 [2] NCCL INFO Setting affinity for GPU 2 to 0f000f00
c198-021:1815:1874 [0] NCCL INFO Setting affinity for GPU 0 to 0f000f
c198-011:23141:23198 [1] NCCL INFO Setting affinity for GPU 1 to f000f0
c198-071:17722:17781 [0] NCCL INFO Setting affinity for GPU 0 to 0f000f
c198-032:28095:28150 [2] NCCL INFO Setting affinity for GPU 2 to 0f000f00
c199-012:17808:17859 [2] NCCL INFO Setting affinity for GPU 2 to 0f000f00
c198-072:11460:11517 [0] NCCL INFO Setting affinity for GPU 0 to 0f000f
c198-021:1816:1873 [1] NCCL INFO Setting affinity for GPU 1 to f000f0
c198-062:6827:6880 [0] NCCL INFO Setting affinity for GPU 0 to 0f000f
c198-022:11369:11429 [0] NCCL INFO Setting affinity for GPU 0 to 0f000f
c198-012:20966:21025 [1] NCCL INFO Setting affinity for GPU 1 to f000f0
c198-022:11371:11425 [2] NCCL INFO Setting affinity for GPU 2 to 0f000f00
c198-021:1817:1870 [2] NCCL INFO Setting affinity for GPU 2 to 0f000f00
c198-032:28093:28152 [0] NCCL INFO Setting affinity for GPU 0 to 0f000f
c198-042:19157:19212 [1] NCCL INFO Setting affinity for GPU 1 to f000f0
c199-012:17807:17863 [1] NCCL INFO Setting affinity for GPU 1 to f000f0
c198-062:6829:6886 [2] NCCL INFO Setting affinity for GPU 2 to 0f000f00
c198-041:17222:17281 [0] NCCL INFO Setting affinity for GPU 0 to 0f000f
c198-061:20242:20293 [2] NCCL INFO Setting affinity for GPU 2 to 0f000f00
c198-041:17224:17279 [2] NCCL INFO Setting affinity for GPU 2 to 0f000f00
c198-071:17723:17783 [1] NCCL INFO Setting affinity for GPU 1 to f000f0
c198-031:2306:2358 [2] NCCL INFO Setting affinity for GPU 2 to 0f000f00
c198-041:17223:17276 [1] NCCL INFO Setting affinity for GPU 1 to f000f0
c198-072:11462:11520 [2] NCCL INFO Setting affinity for GPU 2 to 0f000f00
c198-061:20241:20298 [1] NCCL INFO Setting affinity for GPU 1 to f000f0
c198-011:23140:23199 [0] NCCL INFO Setting affinity for GPU 0 to 0f000f
c198-011:23142:23194 [2] NCCL INFO Setting affinity for GPU 2 to 0f000f00
c198-062:6828:6882 [1] NCCL INFO Setting affinity for GPU 1 to f000f0
c199-012:17806:17865 [0] NCCL INFO Setting affinity for GPU 0 to 0f000f
c198-071:17724:17777 [2] NCCL INFO Setting affinity for GPU 2 to 0f000f00
c198-051:29613:29672 [0] NCCL INFO Setting affinity for GPU 0 to 0f000f
c198-061:20240:20299 [0] NCCL INFO Setting affinity for GPU 0 to 0f000f
c198-031:2305:2363 [1] NCCL INFO Setting affinity for GPU 1 to f000f0
c198-051:29614:29670 [1] NCCL INFO Setting affinity for GPU 1 to f000f0
c198-012:20967:21021 [2] NCCL INFO Setting affinity for GPU 2 to 0f000f00
c198-031:2304:2360 [0] NCCL INFO Setting affinity for GPU 0 to 0f000f
c198-052:27976:28031 [3] NCCL INFO Setting affinity for GPU 3 to f000f000
c198-042:19156:19210 [0] NCCL INFO Setting affinity for GPU 0 to 0f000f
c198-042:19158:19215 [2] NCCL INFO Setting affinity for GPU 2 to 0f000f00
c198-051:29615:29667 [2] NCCL INFO Setting affinity for GPU 2 to 0f000f00
c198-012:20965:21023 [0] NCCL INFO Setting affinity for GPU 0 to 0f000f
c198-072:11461:11522 [1] NCCL INFO Setting affinity for GPU 1 to f000f0
c198-052:27973:28030 [0] NCCL INFO Setting affinity for GPU 0 to 0f000f
c198-052:27974:28028 [1] NCCL INFO Setting affinity for GPU 1 to f000f0
c198-052:27975:28033 [2] NCCL INFO Setting affinity for GPU 2 to 0f000f00
c198-052:27975:28033 [2] NCCL INFO Trees [0] 43/-1/-1->42->41 [1] 43/-1/-1->42->41
c198-052:27974:28028 [1] NCCL INFO Trees [0] 42/36/-1->41->40 [1] 42/-1/-1->41->40
c198-052:27973:28030 [0] NCCL INFO Trees [0] 41/44/-1->40->49 [1] 41/-1/-1->40->37
c198-061:20242:20293 [2] NCCL INFO Trees [0] 47/-1/-1->46->45 [1] 47/-1/-1->46->45
c198-061:20240:20299 [0] NCCL INFO Trees [0] 45/-1/-1->44->40 [1] 45/36/-1->44->29
c198-042:19158:19215 [2] NCCL INFO Trees [0] 35/-1/-1->34->33 [1] 35/-1/-1->34->33
c198-062:6830:6885 [3] NCCL INFO Trees [0] -1/-1/-1->51->50 [1] -1/-1/-1->51->50
c198-061:20243:20295 [3] NCCL INFO Trees [0] -1/-1/-1->47->46 [1] -1/-1/-1->47->46
c198-042:19159:19213 [3] NCCL INFO Trees [0] -1/-1/-1->35->34 [1] -1/-1/-1->35->34
c198-041:17225:17278 [3] NCCL INFO Trees [0] -1/-1/-1->31->30 [1] -1/-1/-1->31->30
c198-062:6827:6880 [0] NCCL INFO Trees [0] 49/56/-1->48->32 [1] 49/-1/-1->48->52
c198-051:29615:29667 [2] NCCL INFO Trees [0] 39/-1/-1->38->37 [1] 39/-1/-1->38->37
c198-052:27976:28031 [3] NCCL INFO Trees [0] -1/-1/-1->43->42 [1] -1/-1/-1->43->42
c198-061:20241:20298 [1] NCCL INFO Trees [0] 46/-1/-1->45->44 [1] 46/52/-1->45->44
c198-042:19157:19212 [1] NCCL INFO Trees [0] 34/16/-1->33->32 [1] 34/-1/-1->33->32
c198-062:6829:6886 [2] NCCL INFO Trees [0] 51/-1/-1->50->49 [1] 51/-1/-1->50->49
c198-051:29616:29668 [3] NCCL INFO Trees [0] -1/-1/-1->39->38 [1] -1/-1/-1->39->38
c198-042:19156:19210 [0] NCCL INFO Trees [0] 33/48/-1->32->0 [1] 33/-1/-1->32->36
c198-041:17224:17279 [2] NCCL INFO Trees [0] 31/-1/-1->30->29 [1] 31/-1/-1->30->29
c198-062:6828:6882 [1] NCCL INFO Trees [0] 50/40/-1->49->48 [1] 50/-1/-1->49->48
c198-051:29613:29672 [0] NCCL INFO Trees [0] 37/-1/-1->36->41 [1] 37/32/-1->36->44
c198-032:28096:28148 [3] NCCL INFO Trees [0] -1/-1/-1->27->26 [1] -1/-1/-1->27->26
c198-031:2306:2358 [2] NCCL INFO Trees [0] 23/-1/-1->22->21 [1] 23/-1/-1->22->21
c198-041:17223:17276 [1] NCCL INFO Trees [0] 30/-1/-1->29->28 [1] 30/44/-1->29->28
c198-071:17722:17781 [0] NCCL INFO Trees [0] 53/-1/-1->52->57 [1] 53/48/-1->52->45
c198-051:29614:29670 [1] NCCL INFO Trees [0] 38/-1/-1->37->36 [1] 38/40/-1->37->36
c198-032:28093:28152 [0] NCCL INFO Trees [0] 25/28/-1->24->16 [1] 25/-1/-1->24->21
c198-021:1818:1869 [3] NCCL INFO Trees [0] -1/-1/-1->15->14 [1] -1/-1/-1->15->14
c198-031:2307:2362 [3] NCCL INFO Trees [0] -1/-1/-1->23->22 [1] -1/-1/-1->23->22
c198-041:17222:17281 [0] NCCL INFO Trees [0] 29/-1/-1->28->24 [1] 29/12/-1->28->60
c198-071:17723:17783 [1] NCCL INFO Trees [0] 54/-1/-1->53->52 [1] 54/56/-1->53->52
c198-032:28094:28146 [1] NCCL INFO Trees [0] 26/20/-1->25->24 [1] 26/-1/-1->25->24
c198-022:11371:11425 [2] NCCL INFO Trees [0] 19/-1/-1->18->17 [1] 19/-1/-1->18->17
c197-112:24511:24562 [0] NCCL INFO Channel 00/02 :    0   1   2   3   4   5   6   7   8   9  10  11  12  13  14  15  16  17  18  19
c197-112:24511:24562 [0] NCCL INFO Channel 01/02 :    0   1   2   3   4   5   6   7   8   9  10  11  12  13  14  15  16  17  18  19
c197-112:24511:24562 [0] NCCL INFO Trees [0] 1/32/-1->0->-1 [1] 1/-1/-1->0->4
c198-021:1816:1873 [1] NCCL INFO Trees [0] 14/-1/-1->13->12 [1] 14/20/-1->13->12
c198-031:2305:2363 [1] NCCL INFO Trees [0] 22/-1/-1->21->20 [1] 22/24/-1->21->20
c198-071:17725:17779 [3] NCCL INFO Trees [0] -1/-1/-1->55->54 [1] -1/-1/-1->55->54
c198-012:20965:21023 [0] NCCL INFO Trees [0] 9/12/-1->8->17 [1] 9/-1/-1->8->5
c198-032:28095:28150 [2] NCCL INFO Trees [0] 27/-1/-1->26->25 [1] 27/-1/-1->26->25
c198-022:11372:11426 [3] NCCL INFO Trees [0] -1/-1/-1->19->18 [1] -1/-1/-1->19->18
c197-112:24512:24569 [1] NCCL INFO Trees [0] 2/-1/-1->1->0 [1] 2/-1/-1->1->0
c198-011:23142:23194 [2] NCCL INFO Trees [0] 7/-1/-1->6->5 [1] 7/-1/-1->6->5
c198-021:1817:1870 [2] NCCL INFO Trees [0] 15/-1/-1->14->13 [1] 15/-1/-1->14->13
c198-031:2304:2360 [0] NCCL INFO Trees [0] 21/-1/-1->20->25 [1] 21/16/-1->20->13
c199-012:17809:17861 [3] NCCL INFO Trees [0] -1/-1/-1->63->62 [1] -1/-1/-1->63->62
c198-071:17724:17777 [2] NCCL INFO Trees [0] 55/-1/-1->54->53 [1] 55/-1/-1->54->53
c198-072:11460:11517 [0] NCCL INFO Trees [0] 57/60/-1->56->48 [1] 57/-1/-1->56->53
c198-012:20966:21025 [1] NCCL INFO Trees [0] 10/4/-1->9->8 [1] 10/-1/-1->9->8
c198-022:11370:11430 [1] NCCL INFO Trees [0] 18/8/-1->17->16 [1] 18/-1/-1->17->16
c197-112:24514:24567 [3] NCCL INFO Trees [0] -1/-1/-1->3->2 [1] -1/-1/-1->3->2
c198-011:23143:23195 [3] NCCL INFO Trees [0] -1/-1/-1->7->6 [1] -1/-1/-1->7->6
c198-021:1815:1874 [0] NCCL INFO Trees [0] 13/-1/-1->12->8 [1] 13/4/-1->12->28
c199-012:17807:17863 [1] NCCL INFO Trees [0] 62/-1/-1->61->60 [1] 62/-1/-1->61->60
c198-072:11461:11522 [1] NCCL INFO Trees [0] 58/52/-1->57->56 [1] 58/-1/-1->57->56
c198-012:20967:21021 [2] NCCL INFO Trees [0] 11/-1/-1->10->9 [1] 11/-1/-1->10->9
c198-022:11369:11429 [0] NCCL INFO Trees [0] 17/24/-1->16->33 [1] 17/-1/-1->16->20
c197-112:24513:24571 [2] NCCL INFO Trees [0] 3/-1/-1->2->1 [1] 3/-1/-1->2->1
c198-011:23140:23199 [0] NCCL INFO Trees [0] 5/-1/-1->4->9 [1] 5/0/-1->4->12
c199-012:17808:17859 [2] NCCL INFO Trees [0] 63/-1/-1->62->61 [1] 63/-1/-1->62->61
c198-072:11462:11520 [2] NCCL INFO Trees [0] 59/-1/-1->58->57 [1] 59/-1/-1->58->57
c198-012:20968:21020 [3] NCCL INFO Trees [0] -1/-1/-1->11->10 [1] -1/-1/-1->11->10
c198-011:23141:23198 [1] NCCL INFO Trees [0] 6/-1/-1->5->4 [1] 6/8/-1->5->4
c199-012:17806:17865 [0] NCCL INFO Trees [0] 61/-1/-1->60->56 [1] 61/28/-1->60->-1
c198-072:11463:11521 [3] NCCL INFO Trees [0] -1/-1/-1->59->58 [1] -1/-1/-1->59->58
c198-052:27973:28030 [0] NCCL INFO Channel 00/0 : 39[83000] -> 40[2000] [receive] via NET/IB/0
c198-061:20240:20299 [0] NCCL INFO Channel 00/0 : 43[83000] -> 44[2000] [receive] via NET/IB/0
c198-042:19156:19210 [0] NCCL INFO Channel 00/0 : 31[83000] -> 32[2000] [receive] via NET/IB/0
c198-051:29613:29672 [0] NCCL INFO Channel 00/0 : 35[83000] -> 36[2000] [receive] via NET/IB/0
c198-062:6827:6880 [0] NCCL INFO Channel 00/0 : 47[83000] -> 48[2000] [receive] via NET/IB/0
c198-041:17222:17281 [0] NCCL INFO Channel 00/0 : 27[83000] -> 28[2000] [receive] via NET/IB/0
c198-032:28093:28152 [0] NCCL INFO Channel 00/0 : 23[83000] -> 24[2000] [receive] via NET/IB/0
c198-031:2304:2360 [0] NCCL INFO Channel 00/0 : 19[83000] -> 20[2000] [receive] via NET/IB/0
c198-021:1815:1874 [0] NCCL INFO Channel 00/0 : 11[83000] -> 12[2000] [receive] via NET/IB/0
c198-071:17722:17781 [0] NCCL INFO Channel 00/0 : 51[83000] -> 52[2000] [receive] via NET/IB/0
c198-022:11369:11429 [0] NCCL INFO Channel 00/0 : 15[83000] -> 16[2000] [receive] via NET/IB/0
c198-072:11460:11517 [0] NCCL INFO Channel 00/0 : 55[83000] -> 56[2000] [receive] via NET/IB/0
c198-012:20965:21023 [0] NCCL INFO Channel 00/0 : 7[83000] -> 8[2000] [receive] via NET/IB/0
c198-011:23140:23199 [0] NCCL INFO Channel 00/0 : 3[83000] -> 4[2000] [receive] via NET/IB/0
c199-012:17806:17865 [0] NCCL INFO Channel 00/0 : 59[83000] -> 60[2000] [receive] via NET/IB/0
c197-112:24511:24562 [0] NCCL INFO Channel 00/0 : 63[83000] -> 0[2000] [receive] via NET/IB/0
c198-052:27975:28033 [2] NCCL INFO Channel 00 : 42[82000] -> 43[83000] via direct shared memory
c198-042:19158:19215 [2] NCCL INFO Channel 00 : 34[82000] -> 35[83000] via direct shared memory
c198-061:20242:20293 [2] NCCL INFO Channel 00 : 46[82000] -> 47[83000] via direct shared memory
c198-052:27975:28033 [2] NCCL INFO Channel 01 : 42[82000] -> 43[83000] via direct shared memory
c198-042:19158:19215 [2] NCCL INFO Channel 01 : 34[82000] -> 35[83000] via direct shared memory
c198-071:17724:17777 [2] NCCL INFO Channel 00 : 54[82000] -> 55[83000] via direct shared memory
c198-062:6829:6886 [2] NCCL INFO Channel 00 : 50[82000] -> 51[83000] via direct shared memory
c198-041:17224:17279 [2] NCCL INFO Channel 00 : 30[82000] -> 31[83000] via direct shared memory
c198-071:17724:17777 [2] NCCL INFO Channel 01 : 54[82000] -> 55[83000] via direct shared memory
c198-052:27974:28028 [1] NCCL INFO Channel 00 : 41[3000] -> 42[82000] via direct shared memory
c198-062:6829:6886 [2] NCCL INFO Channel 01 : 50[82000] -> 51[83000] via direct shared memory
c198-041:17224:17279 [2] NCCL INFO Channel 01 : 30[82000] -> 31[83000] via direct shared memory
c198-052:27974:28028 [1] NCCL INFO Channel 01 : 41[3000] -> 42[82000] via direct shared memory
c198-011:23142:23194 [2] NCCL INFO Channel 00 : 6[82000] -> 7[83000] via direct shared memory
c198-011:23142:23194 [2] NCCL INFO Channel 01 : 6[82000] -> 7[83000] via direct shared memory
c198-042:19157:19212 [1] NCCL INFO Channel 00 : 33[3000] -> 34[82000] via direct shared memory
c198-062:6828:6882 [1] NCCL INFO Channel 00 : 49[3000] -> 50[82000] via direct shared memory
c198-012:20967:21021 [2] NCCL INFO Channel 00 : 10[82000] -> 11[83000] via direct shared memory
c198-042:19157:19212 [1] NCCL INFO Channel 01 : 33[3000] -> 34[82000] via direct shared memory
c199-012:17808:17859 [2] NCCL INFO Channel 00 : 62[82000] -> 63[83000] via direct shared memory
c198-041:17223:17276 [1] NCCL INFO Channel 00 : 29[3000] -> 30[82000] via direct shared memory
c198-062:6828:6882 [1] NCCL INFO Channel 01 : 49[3000] -> 50[82000] via direct shared memory
c198-072:11462:11520 [2] NCCL INFO Channel 00 : 58[82000] -> 59[83000] via direct shared memory
c198-032:28094:28146 [1] NCCL INFO Channel 00 : 25[3000] -> 26[82000] via direct shared memory
c198-061:20242:20293 [2] NCCL INFO Channel 01 : 46[82000] -> 47[83000] via direct shared memory
c199-012:17808:17859 [2] NCCL INFO Channel 01 : 62[82000] -> 63[83000] via direct shared memory
c198-041:17223:17276 [1] NCCL INFO Channel 01 : 29[3000] -> 30[82000] via direct shared memory
c198-071:17723:17783 [1] NCCL INFO Channel 00 : 53[3000] -> 54[82000] via direct shared memory
c198-072:11461:11522 [1] NCCL INFO Channel 00 : 57[3000] -> 58[82000] via direct shared memory
c198-051:29615:29667 [2] NCCL INFO Channel 00 : 38[82000] -> 39[83000] via direct shared memory
c198-032:28095:28150 [2] NCCL INFO Channel 00 : 26[82000] -> 27[83000] via direct shared memory
c198-071:17723:17783 [1] NCCL INFO Channel 01 : 53[3000] -> 54[82000] via direct shared memory
c198-072:11462:11520 [2] NCCL INFO Channel 01 : 58[82000] -> 59[83000] via direct shared memory
c198-051:29614:29670 [1] NCCL INFO Channel 00 : 37[3000] -> 38[82000] via direct shared memory
c198-012:20967:21021 [2] NCCL INFO Channel 01 : 10[82000] -> 11[83000] via direct shared memory
c198-032:28094:28146 [1] NCCL INFO Channel 01 : 25[3000] -> 26[82000] via direct shared memory
c198-022:11370:11430 [1] NCCL INFO Channel 00 : 17[3000] -> 18[82000] via direct shared memory
c198-061:20241:20298 [1] NCCL INFO Channel 00 : 45[3000] -> 46[82000] via direct shared memory
c198-021:1817:1870 [2] NCCL INFO Channel 00 : 14[82000] -> 15[83000] via direct shared memory
c198-072:11461:11522 [1] NCCL INFO Channel 01 : 57[3000] -> 58[82000] via direct shared memory
c198-051:29615:29667 [2] NCCL INFO Channel 01 : 38[82000] -> 39[83000] via direct shared memory
c198-032:28095:28150 [2] NCCL INFO Channel 01 : 26[82000] -> 27[83000] via direct shared memory
c198-021:1816:1873 [1] NCCL INFO Channel 00 : 13[3000] -> 14[82000] via direct shared memory
c198-031:2305:2363 [1] NCCL INFO Channel 00 : 21[3000] -> 22[82000] via direct shared memory
c198-051:29614:29670 [1] NCCL INFO Channel 01 : 37[3000] -> 38[82000] via direct shared memory
c198-012:20966:21025 [1] NCCL INFO Channel 00 : 9[3000] -> 10[82000] via direct shared memory
c198-022:11370:11430 [1] NCCL INFO Channel 01 : 17[3000] -> 18[82000] via direct shared memory
c198-061:20241:20298 [1] NCCL INFO Channel 01 : 45[3000] -> 46[82000] via direct shared memory
c198-021:1817:1870 [2] NCCL INFO Channel 01 : 14[82000] -> 15[83000] via direct shared memory
c198-022:11371:11425 [2] NCCL INFO Channel 00 : 18[82000] -> 19[83000] via direct shared memory
c198-021:1816:1873 [1] NCCL INFO Channel 01 : 13[3000] -> 14[82000] via direct shared memory
c198-012:20966:21025 [1] NCCL INFO Channel 01 : 9[3000] -> 10[82000] via direct shared memory
c198-031:2306:2358 [2] NCCL INFO Channel 00 : 22[82000] -> 23[83000] via direct shared memory
c198-031:2305:2363 [1] NCCL INFO Channel 01 : 21[3000] -> 22[82000] via direct shared memory
c198-022:11371:11425 [2] NCCL INFO Channel 01 : 18[82000] -> 19[83000] via direct shared memory
c198-031:2306:2358 [2] NCCL INFO Channel 01 : 22[82000] -> 23[83000] via direct shared memory
c198-011:23141:23198 [1] NCCL INFO Channel 00 : 5[3000] -> 6[82000] via direct shared memory
c199-012:17807:17863 [1] NCCL INFO Channel 00 : 61[3000] -> 62[82000] via direct shared memory
c198-011:23141:23198 [1] NCCL INFO Channel 01 : 5[3000] -> 6[82000] via direct shared memory
c199-012:17807:17863 [1] NCCL INFO Channel 01 : 61[3000] -> 62[82000] via direct shared memory
c197-112:24513:24571 [2] NCCL INFO Channel 00 : 2[82000] -> 3[83000] via direct shared memory
c197-112:24512:24569 [1] NCCL INFO Channel 00 : 1[3000] -> 2[82000] via direct shared memory
c197-112:24513:24571 [2] NCCL INFO Channel 01 : 2[82000] -> 3[83000] via direct shared memory
c197-112:24512:24569 [1] NCCL INFO Channel 01 : 1[3000] -> 2[82000] via direct shared memory
c198-052:27976:28031 [3] NCCL INFO Channel 00/0 : 43[83000] -> 44[2000] [send] via NET/IB/0
c198-042:19159:19213 [3] NCCL INFO Channel 00/0 : 35[83000] -> 36[2000] [send] via NET/IB/0
c198-061:20243:20295 [3] NCCL INFO Channel 00/0 : 47[83000] -> 48[2000] [send] via NET/IB/0
c198-041:17225:17278 [3] NCCL INFO Channel 00/0 : 31[83000] -> 32[2000] [send] via NET/IB/0
c198-071:17725:17779 [3] NCCL INFO Channel 00/0 : 55[83000] -> 56[2000] [send] via NET/IB/0
c198-062:6830:6885 [3] NCCL INFO Channel 00/0 : 51[83000] -> 52[2000] [send] via NET/IB/0
c198-072:11463:11521 [3] NCCL INFO Channel 00/0 : 59[83000] -> 60[2000] [send] via NET/IB/0
c199-012:17809:17861 [3] NCCL INFO Channel 00/0 : 63[83000] -> 0[2000] [send] via NET/IB/0
c198-011:23143:23195 [3] NCCL INFO Channel 00/0 : 7[83000] -> 8[2000] [send] via NET/IB/0
c198-051:29616:29668 [3] NCCL INFO Channel 00/0 : 39[83000] -> 40[2000] [send] via NET/IB/0
c198-012:20968:21020 [3] NCCL INFO Channel 00/0 : 11[83000] -> 12[2000] [send] via NET/IB/0
c198-032:28096:28148 [3] NCCL INFO Channel 00/0 : 27[83000] -> 28[2000] [send] via NET/IB/0
c198-031:2307:2362 [3] NCCL INFO Channel 00/0 : 23[83000] -> 24[2000] [send] via NET/IB/0
c198-021:1818:1869 [3] NCCL INFO Channel 00/0 : 15[83000] -> 16[2000] [send] via NET/IB/0
c198-022:11372:11426 [3] NCCL INFO Channel 00/0 : 19[83000] -> 20[2000] [send] via NET/IB/0
c197-112:24514:24567 [3] NCCL INFO Channel 00/0 : 3[83000] -> 4[2000] [send] via NET/IB/0
c198-062:6827:6880 [0] NCCL INFO Channel 01/0 : 47[83000] -> 48[2000] [receive] via NET/IB/0
c198-051:29613:29672 [0] NCCL INFO Channel 01/0 : 35[83000] -> 36[2000] [receive] via NET/IB/0
c198-032:28093:28152 [0] NCCL INFO Channel 01/0 : 23[83000] -> 24[2000] [receive] via NET/IB/0
c198-052:27973:28030 [0] NCCL INFO Channel 01/0 : 39[83000] -> 40[2000] [receive] via NET/IB/0
c198-062:6827:6880 [0] NCCL INFO Channel 00 : 48[2000] -> 49[3000] via direct shared memory
c198-051:29613:29672 [0] NCCL INFO Channel 00 : 36[2000] -> 37[3000] via direct shared memory
c198-062:6827:6880 [0] NCCL INFO Channel 01 : 48[2000] -> 49[3000] via direct shared memory
c198-051:29613:29672 [0] NCCL INFO Channel 01 : 36[2000] -> 37[3000] via direct shared memory
c198-071:17722:17781 [0] NCCL INFO Channel 01/0 : 51[83000] -> 52[2000] [receive] via NET/IB/0
c198-032:28093:28152 [0] NCCL INFO Channel 00 : 24[2000] -> 25[3000] via direct shared memory
c198-052:27973:28030 [0] NCCL INFO Channel 00 : 40[2000] -> 41[3000] via direct shared memory
c198-031:2304:2360 [0] NCCL INFO Channel 01/0 : 19[83000] -> 20[2000] [receive] via NET/IB/0
c198-032:28093:28152 [0] NCCL INFO Channel 01 : 24[2000] -> 25[3000] via direct shared memory
c199-012:17806:17865 [0] NCCL INFO Channel 01/0 : 59[83000] -> 60[2000] [receive] via NET/IB/0
c198-052:27973:28030 [0] NCCL INFO Channel 01 : 40[2000] -> 41[3000] via direct shared memory
c198-061:20240:20299 [0] NCCL INFO Channel 01/0 : 43[83000] -> 44[2000] [receive] via NET/IB/0
c198-021:1815:1874 [0] NCCL INFO Channel 01/0 : 11[83000] -> 12[2000] [receive] via NET/IB/0
c198-041:17222:17281 [0] NCCL INFO Channel 01/0 : 27[83000] -> 28[2000] [receive] via NET/IB/0
c198-071:17722:17781 [0] NCCL INFO Channel 00 : 52[2000] -> 53[3000] via direct shared memory
c198-012:20965:21023 [0] NCCL INFO Channel 01/0 : 7[83000] -> 8[2000] [receive] via NET/IB/0
c198-031:2304:2360 [0] NCCL INFO Channel 00 : 20[2000] -> 21[3000] via direct shared memory
c198-071:17722:17781 [0] NCCL INFO Channel 01 : 52[2000] -> 53[3000] via direct shared memory
c198-061:20240:20299 [0] NCCL INFO Channel 00 : 44[2000] -> 45[3000] via direct shared memory
c198-021:1815:1874 [0] NCCL INFO Channel 00 : 12[2000] -> 13[3000] via direct shared memory
c198-031:2304:2360 [0] NCCL INFO Channel 01 : 20[2000] -> 21[3000] via direct shared memory
c198-042:19156:19210 [0] NCCL INFO Channel 01/0 : 31[83000] -> 32[2000] [receive] via NET/IB/0
c199-012:17806:17865 [0] NCCL INFO Channel 00 : 60[2000] -> 61[3000] via direct shared memory
c198-041:17222:17281 [0] NCCL INFO Channel 00 : 28[2000] -> 29[3000] via direct shared memory
c198-012:20965:21023 [0] NCCL INFO Channel 00 : 8[2000] -> 9[3000] via direct shared memory
c198-021:1815:1874 [0] NCCL INFO Channel 01 : 12[2000] -> 13[3000] via direct shared memory
c199-012:17806:17865 [0] NCCL INFO Channel 01 : 60[2000] -> 61[3000] via direct shared memory
c198-061:20240:20299 [0] NCCL INFO Channel 01 : 44[2000] -> 45[3000] via direct shared memory
c198-041:17222:17281 [0] NCCL INFO Channel 01 : 28[2000] -> 29[3000] via direct shared memory
c198-012:20965:21023 [0] NCCL INFO Channel 01 : 8[2000] -> 9[3000] via direct shared memory
c198-042:19156:19210 [0] NCCL INFO Channel 00 : 32[2000] -> 33[3000] via direct shared memory
c198-022:11369:11429 [0] NCCL INFO Channel 01/0 : 15[83000] -> 16[2000] [receive] via NET/IB/0
c198-072:11460:11517 [0] NCCL INFO Channel 01/0 : 55[83000] -> 56[2000] [receive] via NET/IB/0
c197-112:24511:24562 [0] NCCL INFO Channel 01/0 : 63[83000] -> 0[2000] [receive] via NET/IB/0
c198-042:19156:19210 [0] NCCL INFO Channel 01 : 32[2000] -> 33[3000] via direct shared memory
c198-022:11369:11429 [0] NCCL INFO Channel 00 : 16[2000] -> 17[3000] via direct shared memory
c198-011:23140:23199 [0] NCCL INFO Channel 01/0 : 3[83000] -> 4[2000] [receive] via NET/IB/0
c198-072:11460:11517 [0] NCCL INFO Channel 00 : 56[2000] -> 57[3000] via direct shared memory
