TACC:  Starting up job 6209222 
TACC:  Starting parallel tasks... 
# nThread 1 nGpus 1 minBytes 65536 maxBytes 268435456 step: 2(factor) warmup iters: 5 iters: 60 agg iters: 1 validation: 1 graph: 0
#
# Using devices
#  Rank  0 Group  0 Pid  24332 on   c197-112 device  0 [0x02] Quadro RTX 5000
#  Rank  1 Group  0 Pid  24333 on   c197-112 device  1 [0x03] Quadro RTX 5000
#  Rank  2 Group  0 Pid  24334 on   c197-112 device  2 [0x82] Quadro RTX 5000
#  Rank  3 Group  0 Pid  24335 on   c197-112 device  3 [0x83] Quadro RTX 5000
#  Rank  4 Group  0 Pid  22977 on   c198-011 device  0 [0x02] Quadro RTX 5000
#  Rank  5 Group  0 Pid  22978 on   c198-011 device  1 [0x03] Quadro RTX 5000
#  Rank  6 Group  0 Pid  22979 on   c198-011 device  2 [0x82] Quadro RTX 5000
#  Rank  7 Group  0 Pid  22980 on   c198-011 device  3 [0x83] Quadro RTX 5000
#  Rank  8 Group  0 Pid  20801 on   c198-012 device  0 [0x02] Quadro RTX 5000
#  Rank  9 Group  0 Pid  20802 on   c198-012 device  1 [0x03] Quadro RTX 5000
#  Rank 10 Group  0 Pid  20803 on   c198-012 device  2 [0x82] Quadro RTX 5000
#  Rank 11 Group  0 Pid  20804 on   c198-012 device  3 [0x83] Quadro RTX 5000
#  Rank 12 Group  0 Pid   1648 on   c198-021 device  0 [0x02] Quadro RTX 5000
#  Rank 13 Group  0 Pid   1649 on   c198-021 device  1 [0x03] Quadro RTX 5000
#  Rank 14 Group  0 Pid   1650 on   c198-021 device  2 [0x82] Quadro RTX 5000
#  Rank 15 Group  0 Pid   1651 on   c198-021 device  3 [0x83] Quadro RTX 5000
#  Rank 16 Group  0 Pid  11167 on   c198-022 device  0 [0x02] Quadro RTX 5000
#  Rank 17 Group  0 Pid  11168 on   c198-022 device  1 [0x03] Quadro RTX 5000
#  Rank 18 Group  0 Pid  11169 on   c198-022 device  2 [0x82] Quadro RTX 5000
#  Rank 19 Group  0 Pid  11170 on   c198-022 device  3 [0x83] Quadro RTX 5000
#  Rank 20 Group  0 Pid   2117 on   c198-031 device  0 [0x02] Quadro RTX 5000
#  Rank 21 Group  0 Pid   2118 on   c198-031 device  1 [0x03] Quadro RTX 5000
#  Rank 22 Group  0 Pid   2119 on   c198-031 device  2 [0x82] Quadro RTX 5000
#  Rank 23 Group  0 Pid   2120 on   c198-031 device  3 [0x83] Quadro RTX 5000
#  Rank 24 Group  0 Pid  27928 on   c198-032 device  0 [0x02] Quadro RTX 5000
#  Rank 25 Group  0 Pid  27929 on   c198-032 device  1 [0x03] Quadro RTX 5000
#  Rank 26 Group  0 Pid  27930 on   c198-032 device  2 [0x82] Quadro RTX 5000
#  Rank 27 Group  0 Pid  27931 on   c198-032 device  3 [0x83] Quadro RTX 5000
#  Rank 28 Group  0 Pid  17059 on   c198-041 device  0 [0x02] Quadro RTX 5000
#  Rank 29 Group  0 Pid  17060 on   c198-041 device  1 [0x03] Quadro RTX 5000
#  Rank 30 Group  0 Pid  17061 on   c198-041 device  2 [0x82] Quadro RTX 5000
#  Rank 31 Group  0 Pid  17062 on   c198-041 device  3 [0x83] Quadro RTX 5000
#  Rank 32 Group  0 Pid  18990 on   c198-042 device  0 [0x02] Quadro RTX 5000
#  Rank 33 Group  0 Pid  18991 on   c198-042 device  1 [0x03] Quadro RTX 5000
#  Rank 34 Group  0 Pid  18992 on   c198-042 device  2 [0x82] Quadro RTX 5000
#  Rank 35 Group  0 Pid  18993 on   c198-042 device  3 [0x83] Quadro RTX 5000
#  Rank 36 Group  0 Pid  29448 on   c198-051 device  0 [0x02] Quadro RTX 5000
#  Rank 37 Group  0 Pid  29449 on   c198-051 device  1 [0x03] Quadro RTX 5000
#  Rank 38 Group  0 Pid  29450 on   c198-051 device  2 [0x82] Quadro RTX 5000
#  Rank 39 Group  0 Pid  29451 on   c198-051 device  3 [0x83] Quadro RTX 5000
#  Rank 40 Group  0 Pid  27810 on   c198-052 device  0 [0x02] Quadro RTX 5000
#  Rank 41 Group  0 Pid  27811 on   c198-052 device  1 [0x03] Quadro RTX 5000
#  Rank 42 Group  0 Pid  27812 on   c198-052 device  2 [0x82] Quadro RTX 5000
#  Rank 43 Group  0 Pid  27813 on   c198-052 device  3 [0x83] Quadro RTX 5000
#  Rank 44 Group  0 Pid  20077 on   c198-061 device  0 [0x02] Quadro RTX 5000
#  Rank 45 Group  0 Pid  20078 on   c198-061 device  1 [0x03] Quadro RTX 5000
#  Rank 46 Group  0 Pid  20079 on   c198-061 device  2 [0x82] Quadro RTX 5000
#  Rank 47 Group  0 Pid  20080 on   c198-061 device  3 [0x83] Quadro RTX 5000
#  Rank 48 Group  0 Pid   6663 on   c198-062 device  0 [0x02] Quadro RTX 5000
#  Rank 49 Group  0 Pid   6664 on   c198-062 device  1 [0x03] Quadro RTX 5000
#  Rank 50 Group  0 Pid   6665 on   c198-062 device  2 [0x82] Quadro RTX 5000
#  Rank 51 Group  0 Pid   6666 on   c198-062 device  3 [0x83] Quadro RTX 5000
#  Rank 52 Group  0 Pid  17520 on   c198-071 device  0 [0x02] Quadro RTX 5000
#  Rank 53 Group  0 Pid  17521 on   c198-071 device  1 [0x03] Quadro RTX 5000
#  Rank 54 Group  0 Pid  17522 on   c198-071 device  2 [0x82] Quadro RTX 5000
#  Rank 55 Group  0 Pid  17523 on   c198-071 device  3 [0x83] Quadro RTX 5000
#  Rank 56 Group  0 Pid  11260 on   c198-072 device  0 [0x02] Quadro RTX 5000
#  Rank 57 Group  0 Pid  11261 on   c198-072 device  1 [0x03] Quadro RTX 5000
#  Rank 58 Group  0 Pid  11262 on   c198-072 device  2 [0x82] Quadro RTX 5000
#  Rank 59 Group  0 Pid  11263 on   c198-072 device  3 [0x83] Quadro RTX 5000
#  Rank 60 Group  0 Pid  17639 on   c199-012 device  0 [0x02] Quadro RTX 5000
#  Rank 61 Group  0 Pid  17640 on   c199-012 device  1 [0x03] Quadro RTX 5000
#  Rank 62 Group  0 Pid  17641 on   c199-012 device  2 [0x82] Quadro RTX 5000
#  Rank 63 Group  0 Pid  17642 on   c199-012 device  3 [0x83] Quadro RTX 5000
The MSCCL XML file exists: /home1/09168/ldai1/ccl-build/msccl_tools_lyd/examples/xml/xml_lyd/binary_tree/allreduce_binary_tree_1ch_2tree_1chunk_16node_64gpu.xml
c197-112:24332:24332 [0] NCCL INFO Bootstrap : Using ib0:192.168.44.144<0>
c197-112:24332:24332 [0] NCCL INFO NET/Plugin : No plugin found (libnccl-net.so), using internal implementation
c197-112:24332:24332 [0] NCCL INFO NET/IB : Using [0]mlx4_0:1/IB [RO]; OOB ib0:192.168.44.144<0>
c197-112:24332:24332 [0] NCCL INFO Using network IB
NCCL version 2.12.12.MSCCL.0.7.4+cuda11.3
c197-112:24335:24335 [3] NCCL INFO Bootstrap : Using ib0:192.168.44.144<0>
c197-112:24334:24334 [2] NCCL INFO Bootstrap : Using ib0:192.168.44.144<0>
c197-112:24334:24334 [2] NCCL INFO NET/Plugin : No plugin found (libnccl-net.so), using internal implementation
c197-112:24335:24335 [3] NCCL INFO NET/Plugin : No plugin found (libnccl-net.so), using internal implementation
c197-112:24335:24335 [3] NCCL INFO NET/IB : Using [0]mlx4_0:1/IB [RO]; OOB ib0:192.168.44.144<0>
c197-112:24335:24335 [3] NCCL INFO Using network IB
c197-112:24334:24334 [2] NCCL INFO NET/IB : Using [0]mlx4_0:1/IB [RO]; OOB ib0:192.168.44.144<0>
c197-112:24334:24334 [2] NCCL INFO Using network IB
c197-112:24333:24333 [1] NCCL INFO Bootstrap : Using ib0:192.168.44.144<0>
c197-112:24333:24333 [1] NCCL INFO NET/Plugin : No plugin found (libnccl-net.so), using internal implementation
c197-112:24333:24333 [1] NCCL INFO NET/IB : Using [0]mlx4_0:1/IB [RO]; OOB ib0:192.168.44.144<0>
c197-112:24333:24333 [1] NCCL INFO Using network IB
c198-032:27928:27928 [0] NCCL INFO Bootstrap : Using ib0:192.168.44.150<0>
c198-032:27928:27928 [0] NCCL INFO NET/Plugin : No plugin found (libnccl-net.so), using internal implementation
c198-032:27930:27930 [2] NCCL INFO Bootstrap : Using ib0:192.168.44.150<0>
c198-032:27930:27930 [2] NCCL INFO NET/Plugin : No plugin found (libnccl-net.so), using internal implementation
c198-032:27928:27928 [0] NCCL INFO NET/IB : Using [0]mlx4_0:1/IB [RO]; OOB ib0:192.168.44.150<0>
c198-032:27928:27928 [0] NCCL INFO Using network IB
c198-032:27930:27930 [2] NCCL INFO NET/IB : Using [0]mlx4_0:1/IB [RO]; OOB ib0:192.168.44.150<0>
c198-032:27930:27930 [2] NCCL INFO Using network IB
c198-012:20803:20803 [2] NCCL INFO Bootstrap : Using ib0:192.168.44.146<0>
c198-012:20804:20804 [3] NCCL INFO Bootstrap : Using ib0:192.168.44.146<0>
c198-012:20803:20803 [2] NCCL INFO NET/Plugin : No plugin found (libnccl-net.so), using internal implementation
c198-012:20804:20804 [3] NCCL INFO NET/Plugin : No plugin found (libnccl-net.so), using internal implementation
c198-032:27929:27929 [1] NCCL INFO Bootstrap : Using ib0:192.168.44.150<0>
c198-032:27931:27931 [3] NCCL INFO Bootstrap : Using ib0:192.168.44.150<0>
c198-032:27931:27931 [3] NCCL INFO NET/Plugin : No plugin found (libnccl-net.so), using internal implementation
c198-032:27929:27929 [1] NCCL INFO NET/Plugin : No plugin found (libnccl-net.so), using internal implementation
c198-032:27931:27931 [3] NCCL INFO NET/IB : Using [0]mlx4_0:1/IB [RO]; OOB ib0:192.168.44.150<0>
c198-032:27931:27931 [3] NCCL INFO Using network IB
c198-032:27929:27929 [1] NCCL INFO NET/IB : Using [0]mlx4_0:1/IB [RO]; OOB ib0:192.168.44.150<0>
c198-032:27929:27929 [1] NCCL INFO Using network IB
c198-012:20801:20801 [0] NCCL INFO Bootstrap : Using ib0:192.168.44.146<0>
c198-012:20802:20802 [1] NCCL INFO Bootstrap : Using ib0:192.168.44.146<0>
c198-012:20801:20801 [0] NCCL INFO NET/Plugin : No plugin found (libnccl-net.so), using internal implementation
c198-012:20802:20802 [1] NCCL INFO NET/Plugin : No plugin found (libnccl-net.so), using internal implementation
c198-012:20803:20803 [2] NCCL INFO NET/IB : Using [0]mlx4_0:1/IB [RO]; OOB ib0:192.168.44.146<0>
c198-012:20803:20803 [2] NCCL INFO Using network IB
c198-012:20804:20804 [3] NCCL INFO NET/IB : Using [0]mlx4_0:1/IB [RO]; OOB ib0:192.168.44.146<0>
c198-012:20804:20804 [3] NCCL INFO Using network IB
c198-042:18992:18992 [2] NCCL INFO Bootstrap : Using ib0:192.168.44.152<0>
c198-042:18993:18993 [3] NCCL INFO Bootstrap : Using ib0:192.168.44.152<0>
c198-042:18992:18992 [2] NCCL INFO NET/Plugin : No plugin found (libnccl-net.so), using internal implementation
c198-042:18993:18993 [3] NCCL INFO NET/Plugin : No plugin found (libnccl-net.so), using internal implementation
c198-012:20801:20801 [0] NCCL INFO NET/IB : Using [0]mlx4_0:1/IB [RO]; OOB ib0:192.168.44.146<0>
c198-012:20801:20801 [0] NCCL INFO Using network IB
c198-012:20802:20802 [1] NCCL INFO NET/IB : Using [0]mlx4_0:1/IB [RO]; OOB ib0:192.168.44.146<0>
c198-012:20802:20802 [1] NCCL INFO Using network IB
c198-052:27812:27812 [2] NCCL INFO Bootstrap : Using ib0:192.168.44.154<0>
c198-052:27813:27813 [3] NCCL INFO Bootstrap : Using ib0:192.168.44.154<0>
c198-022:11169:11169 [2] NCCL INFO Bootstrap : Using ib0:192.168.44.148<0>
c198-022:11170:11170 [3] NCCL INFO Bootstrap : Using ib0:192.168.44.148<0>
c198-052:27812:27812 [2] NCCL INFO NET/Plugin : No plugin found (libnccl-net.so), using internal implementation
c198-022:11169:11169 [2] NCCL INFO NET/Plugin : No plugin found (libnccl-net.so), using internal implementation
c198-052:27813:27813 [3] NCCL INFO NET/Plugin : No plugin found (libnccl-net.so), using internal implementation
c198-022:11170:11170 [3] NCCL INFO NET/Plugin : No plugin found (libnccl-net.so), using internal implementation
c198-052:27810:27810 [0] NCCL INFO Bootstrap : Using ib0:192.168.44.154<0>
c198-052:27811:27811 [1] NCCL INFO Bootstrap : Using ib0:192.168.44.154<0>
c198-052:27810:27810 [0] NCCL INFO NET/Plugin : No plugin found (libnccl-net.so), using internal implementation
c198-052:27811:27811 [1] NCCL INFO NET/Plugin : No plugin found (libnccl-net.so), using internal implementation
c198-042:18993:18993 [3] NCCL INFO NET/IB : Using [0]mlx4_0:1/IB [RO]; OOB ib0:192.168.44.152<0>
c198-042:18993:18993 [3] NCCL INFO Using network IB
c198-042:18992:18992 [2] NCCL INFO NET/IB : Using [0]mlx4_0:1/IB [RO]; OOB ib0:192.168.44.152<0>
c198-042:18992:18992 [2] NCCL INFO Using network IB
c198-052:27812:27812 [2] NCCL INFO NET/IB : Using [0]mlx4_0:1/IB [RO]; OOB ib0:192.168.44.154<0>
c198-052:27812:27812 [2] NCCL INFO Using network IB
c198-052:27813:27813 [3] NCCL INFO NET/IB : Using [0]mlx4_0:1/IB [RO]; OOB ib0:192.168.44.154<0>
c198-052:27813:27813 [3] NCCL INFO Using network IB
c198-052:27811:27811 [1] NCCL INFO NET/IB : Using [0]mlx4_0:1/IB [RO]; OOB ib0:192.168.44.154<0>
c198-052:27811:27811 [1] NCCL INFO Using network IB
c198-052:27810:27810 [0] NCCL INFO NET/IB : Using [0]mlx4_0:1/IB [RO]; OOB ib0:192.168.44.154<0>
c198-052:27810:27810 [0] NCCL INFO Using network IB
c198-022:11167:11167 [0] NCCL INFO Bootstrap : Using ib0:192.168.44.148<0>
c198-022:11168:11168 [1] NCCL INFO Bootstrap : Using ib0:192.168.44.148<0>
c198-022:11167:11167 [0] NCCL INFO NET/Plugin : No plugin found (libnccl-net.so), using internal implementation
c198-022:11168:11168 [1] NCCL INFO NET/Plugin : No plugin found (libnccl-net.so), using internal implementation
c198-022:11169:11169 [2] NCCL INFO NET/IB : Using [0]mlx4_0:1/IB [RO]; OOB ib0:192.168.44.148<0>
c198-022:11169:11169 [2] NCCL INFO Using network IB
c198-022:11170:11170 [3] NCCL INFO NET/IB : Using [0]mlx4_0:1/IB [RO]; OOB ib0:192.168.44.148<0>
c198-022:11170:11170 [3] NCCL INFO Using network IB
c198-031:2119:2119 [2] NCCL INFO Bootstrap : Using ib0:192.168.44.149<0>
c198-031:2120:2120 [3] NCCL INFO Bootstrap : Using ib0:192.168.44.149<0>
c198-041:17061:17061 [2] NCCL INFO Bootstrap : Using ib0:192.168.44.151<0>
c198-031:2119:2119 [2] NCCL INFO NET/Plugin : No plugin found (libnccl-net.so), using internal implementation
c198-041:17062:17062 [3] NCCL INFO Bootstrap : Using ib0:192.168.44.151<0>
c198-031:2120:2120 [3] NCCL INFO NET/Plugin : No plugin found (libnccl-net.so), using internal implementation
c198-031:2118:2118 [1] NCCL INFO Bootstrap : Using ib0:192.168.44.149<0>
c198-031:2118:2118 [1] NCCL INFO NET/Plugin : No plugin found (libnccl-net.so), using internal implementation
c198-041:17061:17061 [2] NCCL INFO NET/Plugin : No plugin found (libnccl-net.so), using internal implementation
c198-041:17062:17062 [3] NCCL INFO NET/Plugin : No plugin found (libnccl-net.so), using internal implementation
c198-022:11168:11168 [1] NCCL INFO NET/IB : Using [0]mlx4_0:1/IB [RO]; OOB ib0:192.168.44.148<0>
c198-022:11168:11168 [1] NCCL INFO Using network IB
c198-022:11167:11167 [0] NCCL INFO NET/IB : Using [0]mlx4_0:1/IB [RO]; OOB ib0:192.168.44.148<0>
c198-022:11167:11167 [0] NCCL INFO Using network IB
c198-062:6666:6666 [3] NCCL INFO Bootstrap : Using ib0:192.168.44.156<0>
c198-062:6666:6666 [3] NCCL INFO NET/Plugin : No plugin found (libnccl-net.so), using internal implementation
c198-051:29451:29451 [3] NCCL INFO Bootstrap : Using ib0:192.168.44.153<0>
c198-051:29450:29450 [2] NCCL INFO Bootstrap : Using ib0:192.168.44.153<0>
c198-062:6666:6666 [3] NCCL INFO NET/IB : Using [0]mlx4_0:1/IB [RO]; OOB ib0:192.168.44.156<0>
c198-062:6666:6666 [3] NCCL INFO Using network IB
c198-061:20080:20080 [3] NCCL INFO Bootstrap : Using ib0:192.168.44.155<0>
c198-041:17062:17062 [3] NCCL INFO NET/IB : Using [0]mlx4_0:1/IB [RO]; OOB ib0:192.168.44.151<0>
c198-041:17062:17062 [3] NCCL INFO Using network IB
c198-041:17061:17061 [2] NCCL INFO NET/IB : Using [0]mlx4_0:1/IB [RO]; OOB ib0:192.168.44.151<0>
c198-041:17061:17061 [2] NCCL INFO Using network IB
c198-051:29450:29450 [2] NCCL INFO NET/Plugin : No plugin found (libnccl-net.so), using internal implementation
c198-051:29451:29451 [3] NCCL INFO NET/Plugin : No plugin found (libnccl-net.so), using internal implementation
c198-061:20080:20080 [3] NCCL INFO NET/Plugin : No plugin found (libnccl-net.so), using internal implementation
c198-041:17059:17059 [0] NCCL INFO Bootstrap : Using ib0:192.168.44.151<0>
c198-041:17060:17060 [1] NCCL INFO Bootstrap : Using ib0:192.168.44.151<0>
c198-041:17059:17059 [0] NCCL INFO NET/Plugin : No plugin found (libnccl-net.so), using internal implementation
c198-041:17060:17060 [1] NCCL INFO NET/Plugin : No plugin found (libnccl-net.so), using internal implementation
c198-031:2117:2117 [0] NCCL INFO Bootstrap : Using ib0:192.168.44.149<0>
c198-031:2117:2117 [0] NCCL INFO NET/Plugin : No plugin found (libnccl-net.so), using internal implementation
c198-042:18991:18991 [1] NCCL INFO Bootstrap : Using ib0:192.168.44.152<0>
c198-042:18990:18990 [0] NCCL INFO Bootstrap : Using ib0:192.168.44.152<0>
c198-042:18990:18990 [0] NCCL INFO NET/Plugin : No plugin found (libnccl-net.so), using internal implementation
c198-042:18991:18991 [1] NCCL INFO NET/Plugin : No plugin found (libnccl-net.so), using internal implementation
c198-031:2120:2120 [3] NCCL INFO NET/IB : Using [0]mlx4_0:1/IB [RO]; OOB ib0:192.168.44.149<0>
c198-031:2120:2120 [3] NCCL INFO Using network IB
c198-031:2119:2119 [2] NCCL INFO NET/IB : Using [0]mlx4_0:1/IB [RO]; OOB ib0:192.168.44.149<0>
c198-031:2119:2119 [2] NCCL INFO Using network IB
c198-062:6665:6665 [2] NCCL INFO Bootstrap : Using ib0:192.168.44.156<0>
c198-031:2118:2118 [1] NCCL INFO NET/IB : Using [0]mlx4_0:1/IB [RO]; OOB ib0:192.168.44.149<0>
c198-031:2118:2118 [1] NCCL INFO Using network IB
c198-062:6665:6665 [2] NCCL INFO NET/Plugin : No plugin found (libnccl-net.so), using internal implementation
c198-031:2117:2117 [0] NCCL INFO NET/IB : Using [0]mlx4_0:1/IB [RO]; OOB ib0:192.168.44.149<0>
c198-031:2117:2117 [0] NCCL INFO Using network IB
c198-061:20080:20080 [3] NCCL INFO NET/IB : Using [0]mlx4_0:1/IB [RO]; OOB ib0:192.168.44.155<0>
c198-061:20080:20080 [3] NCCL INFO Using network IB
c198-061:20079:20079 [2] NCCL INFO Bootstrap : Using ib0:192.168.44.155<0>
c198-061:20079:20079 [2] NCCL INFO NET/Plugin : No plugin found (libnccl-net.so), using internal implementation
c198-062:6665:6665 [2] NCCL INFO NET/IB : Using [0]mlx4_0:1/IB [RO]; OOB ib0:192.168.44.156<0>
c198-062:6665:6665 [2] NCCL INFO Using network IB
c198-041:17059:17059 [0] NCCL INFO NET/IB : Using [0]mlx4_0:1/IB [RO]; OOB ib0:192.168.44.151<0>
c198-041:17059:17059 [0] NCCL INFO Using network IB
c198-051:29451:29451 [3] NCCL INFO NET/IB : Using [0]mlx4_0:1/IB [RO]; OOB ib0:192.168.44.153<0>
c198-051:29451:29451 [3] NCCL INFO Using network IB
c198-061:20079:20079 [2] NCCL INFO NET/IB : Using [0]mlx4_0:1/IB [RO]; OOB ib0:192.168.44.155<0>
c198-061:20079:20079 [2] NCCL INFO Using network IB
c198-051:29450:29450 [2] NCCL INFO NET/IB : Using [0]mlx4_0:1/IB [RO]; OOB ib0:192.168.44.153<0>
c198-051:29450:29450 [2] NCCL INFO Using network IB
c198-041:17060:17060 [1] NCCL INFO NET/IB : Using [0]mlx4_0:1/IB [RO]; OOB ib0:192.168.44.151<0>
c198-041:17060:17060 [1] NCCL INFO Using network IB
c198-042:18990:18990 [0] NCCL INFO NET/IB : Using [0]mlx4_0:1/IB [RO]; OOB ib0:192.168.44.152<0>
c198-042:18990:18990 [0] NCCL INFO Using network IB
c198-042:18991:18991 [1] NCCL INFO NET/IB : Using [0]mlx4_0:1/IB [RO]; OOB ib0:192.168.44.152<0>
c198-042:18991:18991 [1] NCCL INFO Using network IB
c198-021:1650:1650 [2] NCCL INFO Bootstrap : Using ib0:192.168.44.147<0>
c198-021:1650:1650 [2] NCCL INFO NET/Plugin : No plugin found (libnccl-net.so), using internal implementation
c198-061:20077:20077 [0] NCCL INFO Bootstrap : Using ib0:192.168.44.155<0>
c198-061:20077:20077 [0] NCCL INFO NET/Plugin : No plugin found (libnccl-net.so), using internal implementation
c198-071:17522:17522 [2] NCCL INFO Bootstrap : Using ib0:192.168.44.157<0>
c198-071:17522:17522 [2] NCCL INFO NET/Plugin : No plugin found (libnccl-net.so), using internal implementation
c198-061:20077:20077 [0] NCCL INFO NET/IB : Using [0]mlx4_0:1/IB [RO]; OOB ib0:192.168.44.155<0>
c198-061:20077:20077 [0] NCCL INFO Using network IB
c198-061:20078:20078 [1] NCCL INFO Bootstrap : Using ib0:192.168.44.155<0>
c198-021:1650:1650 [2] NCCL INFO NET/IB : Using [0]mlx4_0:1/IB [RO]; OOB ib0:192.168.44.147<0>
c198-021:1650:1650 [2] NCCL INFO Using network IB
c198-061:20078:20078 [1] NCCL INFO NET/Plugin : No plugin found (libnccl-net.so), using internal implementation
c198-062:6663:6663 [0] NCCL INFO Bootstrap : Using ib0:192.168.44.156<0>
c198-062:6664:6664 [1] NCCL INFO Bootstrap : Using ib0:192.168.44.156<0>
c198-071:17522:17522 [2] NCCL INFO NET/IB : Using [0]mlx4_0:1/IB [RO]; OOB ib0:192.168.44.157<0>
c198-071:17522:17522 [2] NCCL INFO Using network IB
c198-062:6663:6663 [0] NCCL INFO NET/Plugin : No plugin found (libnccl-net.so), using internal implementation
c198-062:6664:6664 [1] NCCL INFO NET/Plugin : No plugin found (libnccl-net.so), using internal implementation
c198-061:20078:20078 [1] NCCL INFO NET/IB : Using [0]mlx4_0:1/IB [RO]; OOB ib0:192.168.44.155<0>
c198-061:20078:20078 [1] NCCL INFO Using network IB
c198-071:17523:17523 [3] NCCL INFO Bootstrap : Using ib0:192.168.44.157<0>
c198-071:17523:17523 [3] NCCL INFO NET/Plugin : No plugin found (libnccl-net.so), using internal implementation
c198-071:17523:17523 [3] NCCL INFO NET/IB : Using [0]mlx4_0:1/IB [RO]; OOB ib0:192.168.44.157<0>
c198-071:17523:17523 [3] NCCL INFO Using network IB
c198-062:6663:6663 [0] NCCL INFO NET/IB : Using [0]mlx4_0:1/IB [RO]; OOB ib0:192.168.44.156<0>
c198-062:6663:6663 [0] NCCL INFO Using network IB
c198-062:6664:6664 [1] NCCL INFO NET/IB : Using [0]mlx4_0:1/IB [RO]; OOB ib0:192.168.44.156<0>
c198-062:6664:6664 [1] NCCL INFO Using network IB
c198-021:1651:1651 [3] NCCL INFO Bootstrap : Using ib0:192.168.44.147<0>
c198-021:1649:1649 [1] NCCL INFO Bootstrap : Using ib0:192.168.44.147<0>
c198-021:1648:1648 [0] NCCL INFO Bootstrap : Using ib0:192.168.44.147<0>
c198-021:1651:1651 [3] NCCL INFO NET/Plugin : No plugin found (libnccl-net.so), using internal implementation
c198-021:1648:1648 [0] NCCL INFO NET/Plugin : No plugin found (libnccl-net.so), using internal implementation
c198-021:1649:1649 [1] NCCL INFO NET/Plugin : No plugin found (libnccl-net.so), using internal implementation
c199-012:17641:17641 [2] NCCL INFO Bootstrap : Using ib0:192.168.44.168<0>
c199-012:17641:17641 [2] NCCL INFO NET/Plugin : No plugin found (libnccl-net.so), using internal implementation
c198-072:11262:11262 [2] NCCL INFO Bootstrap : Using ib0:192.168.44.158<0>
c198-072:11263:11263 [3] NCCL INFO Bootstrap : Using ib0:192.168.44.158<0>
c198-021:1651:1651 [3] NCCL INFO NET/IB : Using [0]mlx4_0:1/IB [RO]; OOB ib0:192.168.44.147<0>
c198-021:1651:1651 [3] NCCL INFO Using network IB
c198-072:11263:11263 [3] NCCL INFO NET/Plugin : No plugin found (libnccl-net.so), using internal implementation
c198-072:11262:11262 [2] NCCL INFO NET/Plugin : No plugin found (libnccl-net.so), using internal implementation
c198-021:1648:1648 [0] NCCL INFO NET/IB : Using [0]mlx4_0:1/IB [RO]; OOB ib0:192.168.44.147<0>
c198-021:1648:1648 [0] NCCL INFO Using network IB
c198-021:1649:1649 [1] NCCL INFO NET/IB : Using [0]mlx4_0:1/IB [RO]; OOB ib0:192.168.44.147<0>
c198-021:1649:1649 [1] NCCL INFO Using network IB
c198-051:29448:29448 [0] NCCL INFO Bootstrap : Using ib0:192.168.44.153<0>
c198-051:29449:29449 [1] NCCL INFO Bootstrap : Using ib0:192.168.44.153<0>
c198-051:29448:29448 [0] NCCL INFO NET/Plugin : No plugin found (libnccl-net.so), using internal implementation
c198-051:29449:29449 [1] NCCL INFO NET/Plugin : No plugin found (libnccl-net.so), using internal implementation
c198-071:17521:17521 [1] NCCL INFO Bootstrap : Using ib0:192.168.44.157<0>
c198-071:17521:17521 [1] NCCL INFO NET/Plugin : No plugin found (libnccl-net.so), using internal implementation
c199-012:17641:17641 [2] NCCL INFO NET/IB : Using [0]mlx4_0:1/IB [RO]; OOB ib0:192.168.44.168<0>
c199-012:17641:17641 [2] NCCL INFO Using network IB
c199-012:17642:17642 [3] NCCL INFO Bootstrap : Using ib0:192.168.44.168<0>
c199-012:17642:17642 [3] NCCL INFO NET/Plugin : No plugin found (libnccl-net.so), using internal implementation
c198-071:17521:17521 [1] NCCL INFO NET/IB : Using [0]mlx4_0:1/IB [RO]; OOB ib0:192.168.44.157<0>
c198-071:17521:17521 [1] NCCL INFO Using network IB
c198-051:29449:29449 [1] NCCL INFO NET/IB : Using [0]mlx4_0:1/IB [RO]; OOB ib0:192.168.44.153<0>
c198-051:29449:29449 [1] NCCL INFO Using network IB
c198-051:29448:29448 [0] NCCL INFO NET/IB : Using [0]mlx4_0:1/IB [RO]; OOB ib0:192.168.44.153<0>
c198-051:29448:29448 [0] NCCL INFO Using network IB
c199-012:17642:17642 [3] NCCL INFO NET/IB : Using [0]mlx4_0:1/IB [RO]; OOB ib0:192.168.44.168<0>
c199-012:17642:17642 [3] NCCL INFO Using network IB
c198-071:17520:17520 [0] NCCL INFO Bootstrap : Using ib0:192.168.44.157<0>
c198-071:17520:17520 [0] NCCL INFO NET/Plugin : No plugin found (libnccl-net.so), using internal implementation
c198-072:11260:11260 [0] NCCL INFO Bootstrap : Using ib0:192.168.44.158<0>
c198-072:11261:11261 [1] NCCL INFO Bootstrap : Using ib0:192.168.44.158<0>
c198-072:11260:11260 [0] NCCL INFO NET/Plugin : No plugin found (libnccl-net.so), using internal implementation
c198-072:11261:11261 [1] NCCL INFO NET/Plugin : No plugin found (libnccl-net.so), using internal implementation
c198-011:22979:22979 [2] NCCL INFO Bootstrap : Using ib0:192.168.44.145<0>
c198-011:22980:22980 [3] NCCL INFO Bootstrap : Using ib0:192.168.44.145<0>
c198-072:11262:11262 [2] NCCL INFO NET/IB : Using [0]mlx4_0:1/IB [RO]; OOB ib0:192.168.44.158<0>
c198-072:11262:11262 [2] NCCL INFO Using network IB
c198-072:11263:11263 [3] NCCL INFO NET/IB : Using [0]mlx4_0:1/IB [RO]; OOB ib0:192.168.44.158<0>
c198-072:11263:11263 [3] NCCL INFO Using network IB
c198-011:22979:22979 [2] NCCL INFO NET/Plugin : No plugin found (libnccl-net.so), using internal implementation
c198-011:22980:22980 [3] NCCL INFO NET/Plugin : No plugin found (libnccl-net.so), using internal implementation
c198-071:17520:17520 [0] NCCL INFO NET/IB : Using [0]mlx4_0:1/IB [RO]; OOB ib0:192.168.44.157<0>
c198-071:17520:17520 [0] NCCL INFO Using network IB
c198-072:11261:11261 [1] NCCL INFO NET/IB : Using [0]mlx4_0:1/IB [RO]; OOB ib0:192.168.44.158<0>
c198-072:11261:11261 [1] NCCL INFO Using network IB
c198-072:11260:11260 [0] NCCL INFO NET/IB : Using [0]mlx4_0:1/IB [RO]; OOB ib0:192.168.44.158<0>
c198-072:11260:11260 [0] NCCL INFO Using network IB
c198-011:22979:22979 [2] NCCL INFO NET/IB : Using [0]mlx4_0:1/IB [RO]; OOB ib0:192.168.44.145<0>
c198-011:22980:22980 [3] NCCL INFO NET/IB : Using [0]mlx4_0:1/IB [RO]; OOB ib0:192.168.44.145<0>
c198-011:22977:22977 [0] NCCL INFO Bootstrap : Using ib0:192.168.44.145<0>
c198-011:22978:22978 [1] NCCL INFO Bootstrap : Using ib0:192.168.44.145<0>
c199-012:17639:17639 [0] NCCL INFO Bootstrap : Using ib0:192.168.44.168<0>
c199-012:17640:17640 [1] NCCL INFO Bootstrap : Using ib0:192.168.44.168<0>
c198-011:22977:22977 [0] NCCL INFO NET/Plugin : No plugin found (libnccl-net.so), using internal implementation
c198-011:22978:22978 [1] NCCL INFO NET/Plugin : No plugin found (libnccl-net.so), using internal implementation
c199-012:17639:17639 [0] NCCL INFO NET/Plugin : No plugin found (libnccl-net.so), using internal implementation
c199-012:17640:17640 [1] NCCL INFO NET/Plugin : No plugin found (libnccl-net.so), using internal implementation
c198-011:22979:22979 [2] NCCL INFO Using network IB
c198-011:22980:22980 [3] NCCL INFO Using network IB
c198-011:22978:22978 [1] NCCL INFO NET/IB : Using [0]mlx4_0:1/IB [RO]; OOB ib0:192.168.44.145<0>
c198-011:22978:22978 [1] NCCL INFO Using network IB
c199-012:17640:17640 [1] NCCL INFO NET/IB : Using [0]mlx4_0:1/IB [RO]; OOB ib0:192.168.44.168<0>
c199-012:17640:17640 [1] NCCL INFO Using network IB
c199-012:17639:17639 [0] NCCL INFO NET/IB : Using [0]mlx4_0:1/IB [RO]; OOB ib0:192.168.44.168<0>
c199-012:17639:17639 [0] NCCL INFO Using network IB
c198-011:22977:22977 [0] NCCL INFO NET/IB : Using [0]mlx4_0:1/IB [RO]; OOB ib0:192.168.44.145<0>
c198-011:22977:22977 [0] NCCL INFO Using network IB
c197-112:24332:24384 [0] NCCL INFO Setting affinity for GPU 0 to 0f000f
c197-112:24335:24389 [3] NCCL INFO Setting affinity for GPU 3 to f000f000
c198-041:17062:17113 [3] NCCL INFO Setting affinity for GPU 3 to f000f000
c198-011:22980:23031 [3] NCCL INFO Setting affinity for GPU 3 to f000f000
c197-112:24334:24391 [2] NCCL INFO Setting affinity for GPU 2 to 0f000f00
c198-071:17523:17577 [3] NCCL INFO Setting affinity for GPU 3 to f000f000
c198-042:18993:19045 [3] NCCL INFO Setting affinity for GPU 3 to f000f000
c198-072:11263:11317 [3] NCCL INFO Setting affinity for GPU 3 to f000f000
c198-052:27813:27866 [3] NCCL INFO Setting affinity for GPU 3 to f000f000
c197-112:24333:24393 [1] NCCL INFO Setting affinity for GPU 1 to f000f0
c198-022:11170:11224 [3] NCCL INFO Setting affinity for GPU 3 to f000f000
c198-012:20804:20856 [3] NCCL INFO Setting affinity for GPU 3 to f000f000
c198-051:29451:29502 [3] NCCL INFO Setting affinity for GPU 3 to f000f000
c198-021:1651:1704 [3] NCCL INFO Setting affinity for GPU 3 to f000f000
c199-012:17642:17694 [3] NCCL INFO Setting affinity for GPU 3 to f000f000
c198-061:20080:20130 [3] NCCL INFO Setting affinity for GPU 3 to f000f000
c198-062:6666:6716 [3] NCCL INFO Setting affinity for GPU 3 to f000f000
c198-031:2120:2182 [3] NCCL INFO Setting affinity for GPU 3 to f000f000
c198-032:27931:27986 [3] NCCL INFO Setting affinity for GPU 3 to f000f000
c198-072:11260:11321 [0] NCCL INFO Setting affinity for GPU 0 to 0f000f
c198-011:22977:23036 [0] NCCL INFO Setting affinity for GPU 0 to 0f000f
c198-011:22978:23034 [1] NCCL INFO Setting affinity for GPU 1 to f000f0
c198-042:18990:19049 [0] NCCL INFO Setting affinity for GPU 0 to 0f000f
c198-042:18991:19050 [1] NCCL INFO Setting affinity for GPU 1 to f000f0
c198-022:11169:11223 [2] NCCL INFO Setting affinity for GPU 2 to 0f000f00
c198-072:11262:11316 [2] NCCL INFO Setting affinity for GPU 2 to 0f000f00
c198-012:20803:20855 [2] NCCL INFO Setting affinity for GPU 2 to 0f000f00
c198-021:1650:1702 [2] NCCL INFO Setting affinity for GPU 2 to 0f000f00
c198-042:18992:19046 [2] NCCL INFO Setting affinity for GPU 2 to 0f000f00
c198-052:27810:27869 [0] NCCL INFO Setting affinity for GPU 0 to 0f000f
c198-031:2117:2187 [0] NCCL INFO Setting affinity for GPU 0 to 0f000f
c198-071:17520:17581 [0] NCCL INFO Setting affinity for GPU 0 to 0f000f
c198-021:1649:1708 [1] NCCL INFO Setting affinity for GPU 1 to f000f0
c198-071:17521:17579 [1] NCCL INFO Setting affinity for GPU 1 to f000f0
c198-072:11261:11320 [1] NCCL INFO Setting affinity for GPU 1 to f000f0
c198-052:27812:27865 [2] NCCL INFO Setting affinity for GPU 2 to 0f000f00
c198-071:17522:17575 [2] NCCL INFO Setting affinity for GPU 2 to 0f000f00
c198-012:20801:20858 [0] NCCL INFO Setting affinity for GPU 0 to 0f000f
c198-052:27811:27867 [1] NCCL INFO Setting affinity for GPU 1 to f000f0
c198-051:29450:29503 [2] NCCL INFO Setting affinity for GPU 2 to 0f000f00
c198-061:20078:20136 [1] NCCL INFO Setting affinity for GPU 1 to f000f0
c198-041:17059:17117 [0] NCCL INFO Setting affinity for GPU 0 to 0f000f
c198-061:20077:20134 [0] NCCL INFO Setting affinity for GPU 0 to 0f000f
c198-011:22979:23032 [2] NCCL INFO Setting affinity for GPU 2 to 0f000f00
c198-012:20802:20860 [1] NCCL INFO Setting affinity for GPU 1 to f000f0
c198-041:17060:17118 [1] NCCL INFO Setting affinity for GPU 1 to f000f0
c198-061:20079:20132 [2] NCCL INFO Setting affinity for GPU 2 to 0f000f00
c199-012:17639:17698 [0] NCCL INFO Setting affinity for GPU 0 to 0f000f
c198-022:11167:11228 [0] NCCL INFO Setting affinity for GPU 0 to 0f000f
c198-041:17061:17114 [2] NCCL INFO Setting affinity for GPU 2 to 0f000f00
c198-032:27928:27981 [0] NCCL INFO Setting affinity for GPU 0 to 0f000f
c198-031:2118:2185 [1] NCCL INFO Setting affinity for GPU 1 to f000f0
c198-031:2119:2184 [2] NCCL INFO Setting affinity for GPU 2 to 0f000f00
c199-012:17641:17692 [2] NCCL INFO Setting affinity for GPU 2 to 0f000f00
c198-022:11168:11227 [1] NCCL INFO Setting affinity for GPU 1 to f000f0
c198-051:29448:29507 [0] NCCL INFO Setting affinity for GPU 0 to 0f000f
c198-021:1648:1707 [0] NCCL INFO Setting affinity for GPU 0 to 0f000f
c198-032:27930:27983 [2] NCCL INFO Setting affinity for GPU 2 to 0f000f00
c199-012:17640:17697 [1] NCCL INFO Setting affinity for GPU 1 to f000f0
c198-051:29449:29506 [1] NCCL INFO Setting affinity for GPU 1 to f000f0
c198-062:6663:6721 [0] NCCL INFO Setting affinity for GPU 0 to 0f000f
c198-062:6664:6722 [1] NCCL INFO Setting affinity for GPU 1 to f000f0
c198-062:6665:6718 [2] NCCL INFO Setting affinity for GPU 2 to 0f000f00
c198-032:27929:27987 [1] NCCL INFO Setting affinity for GPU 1 to f000f0
c198-031:2120:2182 [3] NCCL INFO Trees [0] -1/-1/-1->23->22 [1] -1/-1/-1->23->22
c198-032:27928:27981 [0] NCCL INFO Trees [0] 25/28/-1->24->16 [1] 25/-1/-1->24->21
c198-031:2119:2184 [2] NCCL INFO Trees [0] 23/-1/-1->22->21 [1] 23/-1/-1->22->21
c198-022:11170:11224 [3] NCCL INFO Trees [0] -1/-1/-1->19->18 [1] -1/-1/-1->19->18
c198-031:2118:2185 [1] NCCL INFO Trees [0] 22/-1/-1->21->20 [1] 22/24/-1->21->20
c198-022:11169:11223 [2] NCCL INFO Trees [0] 19/-1/-1->18->17 [1] 19/-1/-1->18->17
c198-021:1651:1704 [3] NCCL INFO Trees [0] -1/-1/-1->15->14 [1] -1/-1/-1->15->14
c198-031:2117:2187 [0] NCCL INFO Trees [0] 21/-1/-1->20->25 [1] 21/16/-1->20->13
c198-022:11168:11227 [1] NCCL INFO Trees [0] 18/8/-1->17->16 [1] 18/-1/-1->17->16
c198-022:11167:11228 [0] NCCL INFO Trees [0] 17/24/-1->16->33 [1] 17/-1/-1->16->20
c198-021:1650:1702 [2] NCCL INFO Trees [0] 15/-1/-1->14->13 [1] 15/-1/-1->14->13
c198-032:27930:27983 [2] NCCL INFO Trees [0] 27/-1/-1->26->25 [1] 27/-1/-1->26->25
c198-012:20804:20856 [3] NCCL INFO Trees [0] -1/-1/-1->11->10 [1] -1/-1/-1->11->10
c198-021:1649:1708 [1] NCCL INFO Trees [0] 14/-1/-1->13->12 [1] 14/20/-1->13->12
c198-032:27931:27986 [3] NCCL INFO Trees [0] -1/-1/-1->27->26 [1] -1/-1/-1->27->26
c198-041:17059:17117 [0] NCCL INFO Trees [0] 29/-1/-1->28->24 [1] 29/12/-1->28->60
c198-021:1648:1707 [0] NCCL INFO Trees [0] 13/-1/-1->12->8 [1] 13/4/-1->12->28
c198-032:27929:27987 [1] NCCL INFO Trees [0] 26/20/-1->25->24 [1] 26/-1/-1->25->24
c198-041:17060:17118 [1] NCCL INFO Trees [0] 30/-1/-1->29->28 [1] 30/44/-1->29->28
c198-012:20803:20855 [2] NCCL INFO Trees [0] 11/-1/-1->10->9 [1] 11/-1/-1->10->9
c198-041:17061:17114 [2] NCCL INFO Trees [0] 31/-1/-1->30->29 [1] 31/-1/-1->30->29
c198-041:17062:17113 [3] NCCL INFO Trees [0] -1/-1/-1->31->30 [1] -1/-1/-1->31->30
c198-012:20802:20860 [1] NCCL INFO Trees [0] 10/4/-1->9->8 [1] 10/-1/-1->9->8
c198-012:20801:20858 [0] NCCL INFO Trees [0] 9/12/-1->8->17 [1] 9/-1/-1->8->5
c198-011:22980:23031 [3] NCCL INFO Trees [0] -1/-1/-1->7->6 [1] -1/-1/-1->7->6
c198-011:22977:23036 [0] NCCL INFO Trees [0] 5/-1/-1->4->9 [1] 5/0/-1->4->12
c197-112:24334:24391 [2] NCCL INFO Trees [0] 3/-1/-1->2->1 [1] 3/-1/-1->2->1
c198-011:22978:23034 [1] NCCL INFO Trees [0] 6/-1/-1->5->4 [1] 6/8/-1->5->4
c198-042:18990:19049 [0] NCCL INFO Trees [0] 33/48/-1->32->0 [1] 33/-1/-1->32->36
c197-112:24335:24389 [3] NCCL INFO Trees [0] -1/-1/-1->3->2 [1] -1/-1/-1->3->2
c198-051:29448:29507 [0] NCCL INFO Trees [0] 37/-1/-1->36->41 [1] 37/32/-1->36->44
c198-011:22979:23032 [2] NCCL INFO Trees [0] 7/-1/-1->6->5 [1] 7/-1/-1->6->5
c198-042:18991:19050 [1] NCCL INFO Trees [0] 34/16/-1->33->32 [1] 34/-1/-1->33->32
c197-112:24333:24393 [1] NCCL INFO Trees [0] 2/-1/-1->1->0 [1] 2/-1/-1->1->0
c198-042:18992:19046 [2] NCCL INFO Trees [0] 35/-1/-1->34->33 [1] 35/-1/-1->34->33
c197-112:24332:24384 [0] NCCL INFO Channel 00/02 :    0   1   2   3   4   5   6   7   8   9  10  11  12  13  14  15  16  17  18  19
c198-042:18993:19045 [3] NCCL INFO Trees [0] -1/-1/-1->35->34 [1] -1/-1/-1->35->34
c197-112:24332:24384 [0] NCCL INFO Channel 01/02 :    0   1   2   3   4   5   6   7   8   9  10  11  12  13  14  15  16  17  18  19
c197-112:24332:24384 [0] NCCL INFO Trees [0] 1/32/-1->0->-1 [1] 1/-1/-1->0->4
c199-012:17642:17694 [3] NCCL INFO Trees [0] -1/-1/-1->63->62 [1] -1/-1/-1->63->62
c199-012:17641:17692 [2] NCCL INFO Trees [0] 63/-1/-1->62->61 [1] 63/-1/-1->62->61
c199-012:17639:17698 [0] NCCL INFO Trees [0] 61/-1/-1->60->56 [1] 61/28/-1->60->-1
c198-052:27810:27869 [0] NCCL INFO Trees [0] 41/44/-1->40->49 [1] 41/-1/-1->40->37
c198-051:29451:29502 [3] NCCL INFO Trees [0] -1/-1/-1->39->38 [1] -1/-1/-1->39->38
c199-012:17640:17697 [1] NCCL INFO Trees [0] 62/-1/-1->61->60 [1] 62/-1/-1->61->60
c198-072:11263:11317 [3] NCCL INFO Trees [0] -1/-1/-1->59->58 [1] -1/-1/-1->59->58
c198-051:29450:29503 [2] NCCL INFO Trees [0] 39/-1/-1->38->37 [1] 39/-1/-1->38->37
c198-072:11262:11316 [2] NCCL INFO Trees [0] 59/-1/-1->58->57 [1] 59/-1/-1->58->57
c198-051:29449:29506 [1] NCCL INFO Trees [0] 38/-1/-1->37->36 [1] 38/40/-1->37->36
c198-072:11260:11321 [0] NCCL INFO Trees [0] 57/60/-1->56->48 [1] 57/-1/-1->56->53
c198-071:17522:17575 [2] NCCL INFO Trees [0] 55/-1/-1->54->53 [1] 55/-1/-1->54->53
c198-072:11261:11320 [1] NCCL INFO Trees [0] 58/52/-1->57->56 [1] 58/-1/-1->57->56
c198-071:17523:17577 [3] NCCL INFO Trees [0] -1/-1/-1->55->54 [1] -1/-1/-1->55->54
c198-061:20077:20134 [0] NCCL INFO Trees [0] 45/-1/-1->44->40 [1] 45/36/-1->44->29
c198-062:6663:6721 [0] NCCL INFO Trees [0] 49/56/-1->48->32 [1] 49/-1/-1->48->52
c198-052:27812:27865 [2] NCCL INFO Trees [0] 43/-1/-1->42->41 [1] 43/-1/-1->42->41
c198-071:17521:17579 [1] NCCL INFO Trees [0] 54/-1/-1->53->52 [1] 54/56/-1->53->52
c198-061:20078:20136 [1] NCCL INFO Trees [0] 46/-1/-1->45->44 [1] 46/52/-1->45->44
c198-062:6664:6722 [1] NCCL INFO Trees [0] 50/40/-1->49->48 [1] 50/-1/-1->49->48
c198-052:27813:27866 [3] NCCL INFO Trees [0] -1/-1/-1->43->42 [1] -1/-1/-1->43->42
c198-071:17520:17581 [0] NCCL INFO Trees [0] 53/-1/-1->52->57 [1] 53/48/-1->52->45
c198-061:20079:20132 [2] NCCL INFO Trees [0] 47/-1/-1->46->45 [1] 47/-1/-1->46->45
c198-062:6665:6718 [2] NCCL INFO Trees [0] 51/-1/-1->50->49 [1] 51/-1/-1->50->49
c198-052:27811:27867 [1] NCCL INFO Trees [0] 42/36/-1->41->40 [1] 42/-1/-1->41->40
c198-061:20080:20130 [3] NCCL INFO Trees [0] -1/-1/-1->47->46 [1] -1/-1/-1->47->46
c198-062:6666:6716 [3] NCCL INFO Trees [0] -1/-1/-1->51->50 [1] -1/-1/-1->51->50
c198-032:27928:27981 [0] NCCL INFO Channel 00/0 : 23[83000] -> 24[2000] [receive] via NET/IB/0
c198-031:2117:2187 [0] NCCL INFO Channel 00/0 : 19[83000] -> 20[2000] [receive] via NET/IB/0
c198-051:29448:29507 [0] NCCL INFO Channel 00/0 : 35[83000] -> 36[2000] [receive] via NET/IB/0
c198-041:17059:17117 [0] NCCL INFO Channel 00/0 : 27[83000] -> 28[2000] [receive] via NET/IB/0
c198-012:20801:20858 [0] NCCL INFO Channel 00/0 : 7[83000] -> 8[2000] [receive] via NET/IB/0
c198-021:1648:1707 [0] NCCL INFO Channel 00/0 : 11[83000] -> 12[2000] [receive] via NET/IB/0
c198-052:27810:27869 [0] NCCL INFO Channel 00/0 : 39[83000] -> 40[2000] [receive] via NET/IB/0
c198-011:22977:23036 [0] NCCL INFO Channel 00/0 : 3[83000] -> 4[2000] [receive] via NET/IB/0
c198-022:11167:11228 [0] NCCL INFO Channel 00/0 : 15[83000] -> 16[2000] [receive] via NET/IB/0
c197-112:24332:24384 [0] NCCL INFO Channel 00/0 : 63[83000] -> 0[2000] [receive] via NET/IB/0
c198-042:18990:19049 [0] NCCL INFO Channel 00/0 : 31[83000] -> 32[2000] [receive] via NET/IB/0
c198-062:6663:6721 [0] NCCL INFO Channel 00/0 : 47[83000] -> 48[2000] [receive] via NET/IB/0
c198-072:11260:11321 [0] NCCL INFO Channel 00/0 : 55[83000] -> 56[2000] [receive] via NET/IB/0
c198-071:17520:17581 [0] NCCL INFO Channel 00/0 : 51[83000] -> 52[2000] [receive] via NET/IB/0
c199-012:17639:17698 [0] NCCL INFO Channel 00/0 : 59[83000] -> 60[2000] [receive] via NET/IB/0
c198-061:20077:20134 [0] NCCL INFO Channel 00/0 : 43[83000] -> 44[2000] [receive] via NET/IB/0
c198-032:27930:27983 [2] NCCL INFO Channel 00 : 26[82000] -> 27[83000] via direct shared memory
c198-032:27930:27983 [2] NCCL INFO Channel 01 : 26[82000] -> 27[83000] via direct shared memory
c198-022:11169:11223 [2] NCCL INFO Channel 00 : 18[82000] -> 19[83000] via direct shared memory
c198-031:2119:2184 [2] NCCL INFO Channel 00 : 22[82000] -> 23[83000] via direct shared memory
c198-031:2118:2185 [1] NCCL INFO Channel 00 : 21[3000] -> 22[82000] via direct shared memory
c198-011:22979:23032 [2] NCCL INFO Channel 00 : 6[82000] -> 7[83000] via direct shared memory
c198-031:2119:2184 [2] NCCL INFO Channel 01 : 22[82000] -> 23[83000] via direct shared memory
c198-011:22979:23032 [2] NCCL INFO Channel 01 : 6[82000] -> 7[83000] via direct shared memory
c198-041:17061:17114 [2] NCCL INFO Channel 00 : 30[82000] -> 31[83000] via direct shared memory
c198-022:11169:11223 [2] NCCL INFO Channel 01 : 18[82000] -> 19[83000] via direct shared memory
c198-012:20803:20855 [2] NCCL INFO Channel 00 : 10[82000] -> 11[83000] via direct shared memory
c198-051:29450:29503 [2] NCCL INFO Channel 00 : 38[82000] -> 39[83000] via direct shared memory
c198-031:2118:2185 [1] NCCL INFO Channel 01 : 21[3000] -> 22[82000] via direct shared memory
c198-041:17060:17118 [1] NCCL INFO Channel 00 : 29[3000] -> 30[82000] via direct shared memory
c198-072:11262:11316 [2] NCCL INFO Channel 00 : 58[82000] -> 59[83000] via direct shared memory
c198-052:27812:27865 [2] NCCL INFO Channel 00 : 42[82000] -> 43[83000] via direct shared memory
c198-051:29450:29503 [2] NCCL INFO Channel 01 : 38[82000] -> 39[83000] via direct shared memory
c198-022:11168:11227 [1] NCCL INFO Channel 00 : 17[3000] -> 18[82000] via direct shared memory
c198-072:11262:11316 [2] NCCL INFO Channel 01 : 58[82000] -> 59[83000] via direct shared memory
c198-012:20802:20860 [1] NCCL INFO Channel 00 : 9[3000] -> 10[82000] via direct shared memory
c198-052:27812:27865 [2] NCCL INFO Channel 01 : 42[82000] -> 43[83000] via direct shared memory
c198-041:17061:17114 [2] NCCL INFO Channel 01 : 30[82000] -> 31[83000] via direct shared memory
c198-012:20803:20855 [2] NCCL INFO Channel 01 : 10[82000] -> 11[83000] via direct shared memory
c198-041:17060:17118 [1] NCCL INFO Channel 01 : 29[3000] -> 30[82000] via direct shared memory
c198-022:11168:11227 [1] NCCL INFO Channel 01 : 17[3000] -> 18[82000] via direct shared memory
c198-012:20802:20860 [1] NCCL INFO Channel 01 : 9[3000] -> 10[82000] via direct shared memory
c198-021:1650:1702 [2] NCCL INFO Channel 00 : 14[82000] -> 15[83000] via direct shared memory
c198-061:20079:20132 [2] NCCL INFO Channel 00 : 46[82000] -> 47[83000] via direct shared memory
c199-012:17641:17692 [2] NCCL INFO Channel 00 : 62[82000] -> 63[83000] via direct shared memory
c198-021:1649:1708 [1] NCCL INFO Channel 00 : 13[3000] -> 14[82000] via direct shared memory
c198-061:20079:20132 [2] NCCL INFO Channel 01 : 46[82000] -> 47[83000] via direct shared memory
c199-012:17641:17692 [2] NCCL INFO Channel 01 : 62[82000] -> 63[83000] via direct shared memory
c198-021:1650:1702 [2] NCCL INFO Channel 01 : 14[82000] -> 15[83000] via direct shared memory
c198-042:18992:19046 [2] NCCL INFO Channel 00 : 34[82000] -> 35[83000] via direct shared memory
c198-021:1649:1708 [1] NCCL INFO Channel 01 : 13[3000] -> 14[82000] via direct shared memory
c198-011:22978:23034 [1] NCCL INFO Channel 00 : 5[3000] -> 6[82000] via direct shared memory
c198-042:18992:19046 [2] NCCL INFO Channel 01 : 34[82000] -> 35[83000] via direct shared memory
c198-011:22978:23034 [1] NCCL INFO Channel 01 : 5[3000] -> 6[82000] via direct shared memory
c198-071:17522:17575 [2] NCCL INFO Channel 00 : 54[82000] -> 55[83000] via direct shared memory
c198-042:18991:19050 [1] NCCL INFO Channel 00 : 33[3000] -> 34[82000] via direct shared memory
c198-071:17521:17579 [1] NCCL INFO Channel 00 : 53[3000] -> 54[82000] via direct shared memory
c198-071:17522:17575 [2] NCCL INFO Channel 01 : 54[82000] -> 55[83000] via direct shared memory
c198-042:18991:19050 [1] NCCL INFO Channel 01 : 33[3000] -> 34[82000] via direct shared memory
c197-112:24334:24391 [2] NCCL INFO Channel 00 : 2[82000] -> 3[83000] via direct shared memory
c198-071:17521:17579 [1] NCCL INFO Channel 01 : 53[3000] -> 54[82000] via direct shared memory
c198-061:20078:20136 [1] NCCL INFO Channel 00 : 45[3000] -> 46[82000] via direct shared memory
c197-112:24333:24393 [1] NCCL INFO Channel 00 : 1[3000] -> 2[82000] via direct shared memory
c197-112:24334:24391 [2] NCCL INFO Channel 01 : 2[82000] -> 3[83000] via direct shared memory
c198-061:20078:20136 [1] NCCL INFO Channel 01 : 45[3000] -> 46[82000] via direct shared memory
c197-112:24333:24393 [1] NCCL INFO Channel 01 : 1[3000] -> 2[82000] via direct shared memory
c198-062:6665:6718 [2] NCCL INFO Channel 00 : 50[82000] -> 51[83000] via direct shared memory
c198-062:6664:6722 [1] NCCL INFO Channel 00 : 49[3000] -> 50[82000] via direct shared memory
c198-062:6665:6718 [2] NCCL INFO Channel 01 : 50[82000] -> 51[83000] via direct shared memory
c198-062:6664:6722 [1] NCCL INFO Channel 01 : 49[3000] -> 50[82000] via direct shared memory
c198-032:27931:27986 [3] NCCL INFO Channel 00/0 : 27[83000] -> 28[2000] [send] via NET/IB/0
c198-022:11170:11224 [3] NCCL INFO Channel 00/0 : 19[83000] -> 20[2000] [send] via NET/IB/0
c198-041:17062:17113 [3] NCCL INFO Channel 00/0 : 31[83000] -> 32[2000] [send] via NET/IB/0
c198-011:22980:23031 [3] NCCL INFO Channel 00/0 : 7[83000] -> 8[2000] [send] via NET/IB/0
c198-012:20804:20856 [3] NCCL INFO Channel 00/0 : 11[83000] -> 12[2000] [send] via NET/IB/0
c198-031:2120:2182 [3] NCCL INFO Channel 00/0 : 23[83000] -> 24[2000] [send] via NET/IB/0
c198-072:11263:11317 [3] NCCL INFO Channel 00/0 : 59[83000] -> 60[2000] [send] via NET/IB/0
c198-051:29451:29502 [3] NCCL INFO Channel 00/0 : 39[83000] -> 40[2000] [send] via NET/IB/0
c198-052:27813:27866 [3] NCCL INFO Channel 00/0 : 43[83000] -> 44[2000] [send] via NET/IB/0
c199-012:17642:17694 [3] NCCL INFO Channel 00/0 : 63[83000] -> 0[2000] [send] via NET/IB/0
c198-021:1651:1704 [3] NCCL INFO Channel 00/0 : 15[83000] -> 16[2000] [send] via NET/IB/0
c198-071:17523:17577 [3] NCCL INFO Channel 00/0 : 55[83000] -> 56[2000] [send] via NET/IB/0
c198-061:20080:20130 [3] NCCL INFO Channel 00/0 : 47[83000] -> 48[2000] [send] via NET/IB/0
c198-042:18993:19045 [3] NCCL INFO Channel 00/0 : 35[83000] -> 36[2000] [send] via NET/IB/0
c198-032:27929:27987 [1] NCCL INFO Channel 00 : 25[3000] -> 26[82000] via direct shared memory
c198-062:6666:6716 [3] NCCL INFO Channel 00/0 : 51[83000] -> 52[2000] [send] via NET/IB/0
c198-052:27811:27867 [1] NCCL INFO Channel 00 : 41[3000] -> 42[82000] via direct shared memory
c198-032:27929:27987 [1] NCCL INFO Channel 01 : 25[3000] -> 26[82000] via direct shared memory
c198-052:27811:27867 [1] NCCL INFO Channel 01 : 41[3000] -> 42[82000] via direct shared memory
c197-112:24335:24389 [3] NCCL INFO Channel 00/0 : 3[83000] -> 4[2000] [send] via NET/IB/0
c199-012:17640:17697 [1] NCCL INFO Channel 00 : 61[3000] -> 62[82000] via direct shared memory
c199-012:17640:17697 [1] NCCL INFO Channel 01 : 61[3000] -> 62[82000] via direct shared memory
c198-072:11261:11320 [1] NCCL INFO Channel 00 : 57[3000] -> 58[82000] via direct shared memory
c198-051:29449:29506 [1] NCCL INFO Channel 00 : 37[3000] -> 38[82000] via direct shared memory
c198-072:11261:11320 [1] NCCL INFO Channel 01 : 57[3000] -> 58[82000] via direct shared memory
c198-051:29449:29506 [1] NCCL INFO Channel 01 : 37[3000] -> 38[82000] via direct shared memory
c198-032:27928:27981 [0] NCCL INFO Channel 01/0 : 23[83000] -> 24[2000] [receive] via NET/IB/0
c198-032:27928:27981 [0] NCCL INFO Channel 00 : 24[2000] -> 25[3000] via direct shared memory
c198-031:2117:2187 [0] NCCL INFO Channel 01/0 : 19[83000] -> 20[2000] [receive] via NET/IB/0
c198-032:27928:27981 [0] NCCL INFO Channel 01 : 24[2000] -> 25[3000] via direct shared memory
c198-012:20801:20858 [0] NCCL INFO Channel 01/0 : 7[83000] -> 8[2000] [receive] via NET/IB/0
c198-041:17059:17117 [0] NCCL INFO Channel 01/0 : 27[83000] -> 28[2000] [receive] via NET/IB/0
c198-031:2117:2187 [0] NCCL INFO Channel 00 : 20[2000] -> 21[3000] via direct shared memory
c198-012:20801:20858 [0] NCCL INFO Channel 00 : 8[2000] -> 9[3000] via direct shared memory
c198-031:2117:2187 [0] NCCL INFO Channel 01 : 20[2000] -> 21[3000] via direct shared memory
c198-041:17059:17117 [0] NCCL INFO Channel 00 : 28[2000] -> 29[3000] via direct shared memory
c198-012:20801:20858 [0] NCCL INFO Channel 01 : 8[2000] -> 9[3000] via direct shared memory
c198-041:17059:17117 [0] NCCL INFO Channel 01 : 28[2000] -> 29[3000] via direct shared memory
c198-022:11167:11228 [0] NCCL INFO Channel 01/0 : 15[83000] -> 16[2000] [receive] via NET/IB/0
c198-051:29448:29507 [0] NCCL INFO Channel 01/0 : 35[83000] -> 36[2000] [receive] via NET/IB/0
c198-052:27810:27869 [0] NCCL INFO Channel 01/0 : 39[83000] -> 40[2000] [receive] via NET/IB/0
c198-051:29448:29507 [0] NCCL INFO Channel 00 : 36[2000] -> 37[3000] via direct shared memory
c198-011:22977:23036 [0] NCCL INFO Channel 01/0 : 3[83000] -> 4[2000] [receive] via NET/IB/0
c198-022:11167:11228 [0] NCCL INFO Channel 00 : 16[2000] -> 17[3000] via direct shared memory
c198-052:27810:27869 [0] NCCL INFO Channel 00 : 40[2000] -> 41[3000] via direct shared memory
c198-051:29448:29507 [0] NCCL INFO Channel 01 : 36[2000] -> 37[3000] via direct shared memory
c198-022:11167:11228 [0] NCCL INFO Channel 01 : 16[2000] -> 17[3000] via direct shared memory
c198-011:22977:23036 [0] NCCL INFO Channel 00 : 4[2000] -> 5[3000] via direct shared memory
c198-052:27810:27869 [0] NCCL INFO Channel 01 : 40[2000] -> 41[3000] via direct shared memory
c198-011:22977:23036 [0] NCCL INFO Channel 01 : 4[2000] -> 5[3000] via direct shared memory
c198-021:1648:1707 [0] NCCL INFO Channel 01/0 : 11[83000] -> 12[2000] [receive] via NET/IB/0
c198-042:18990:19049 [0] NCCL INFO Channel 01/0 : 31[83000] -> 32[2000] [receive] via NET/IB/0
c198-021:1648:1707 [0] NCCL INFO Channel 00 : 12[2000] -> 13[3000] via direct shared memory
c198-021:1648:1707 [0] NCCL INFO Channel 01 : 12[2000] -> 13[3000] via direct shared memory
c198-042:18990:19049 [0] NCCL INFO Channel 00 : 32[2000] -> 33[3000] via direct shared memory
c198-062:6663:6721 [0] NCCL INFO Channel 01/0 : 47[83000] -> 48[2000] [receive] via NET/IB/0
c198-042:18990:19049 [0] NCCL INFO Channel 01 : 32[2000] -> 33[3000] via direct shared memory
c198-072:11260:11321 [0] NCCL INFO Channel 01/0 : 55[83000] -> 56[2000] [receive] via NET/IB/0
c197-112:24332:24384 [0] NCCL INFO Channel 01/0 : 63[83000] -> 0[2000] [receive] via NET/IB/0
c198-062:6663:6721 [0] NCCL INFO Channel 00 : 48[2000] -> 49[3000] via direct shared memory
c198-062:6663:6721 [0] NCCL INFO Channel 01 : 48[2000] -> 49[3000] via direct shared memory
c198-072:11260:11321 [0] NCCL INFO Channel 00 : 56[2000] -> 57[3000] via direct shared memory
c198-071:17520:17581 [0] NCCL INFO Channel 01/0 : 51[83000] -> 52[2000] [receive] via NET/IB/0
c198-072:11260:11321 [0] NCCL INFO Channel 01 : 56[2000] -> 57[3000] via direct shared memory
c197-112:24332:24384 [0] NCCL INFO Channel 00 : 0[2000] -> 1[3000] via direct shared memory
c199-012:17639:17698 [0] NCCL INFO Channel 01/0 : 59[83000] -> 60[2000] [receive] via NET/IB/0
c197-112:24332:24384 [0] NCCL INFO Channel 01 : 0[2000] -> 1[3000] via direct shared memory
c198-071:17520:17581 [0] NCCL INFO Channel 00 : 52[2000] -> 53[3000] via direct shared memory
