c198-011:22372:22427 [2] NCCL INFO Channel 02 : 34[82000] -> 35[83000] via direct shared memory
c198-011:22372:22427 [2] NCCL INFO Channel 03 : 34[82000] -> 35[83000] via direct shared memory
c198-042:14942:14996 [0] NCCL INFO Connected all trees
c198-042:14942:14996 [0] NCCL INFO MSCCL_XML_FILES set by environment to /home1/09168/ldai1/ccl-build/msccl_tools_lyd/examples/xml/xml_lyd/binary_tree/allreduce_binary_tree_2ch_2tree_64chunk_16node_64gpu.xml
c198-042:14942:14996 [0] NCCL INFO MSCCL: Parsing algorithm /home1/09168/ldai1/ccl-build/msccl_tools_lyd/examples/xml/xml_lyd/binary_tree/allreduce_binary_tree_2ch_2tree_64chunk_16node_64gpu.xml
c198-011:22373:22429 [3] NCCL INFO Channel 03/0 : 35[83000] -> 39[83000] [send] via NET/IB/0
c197-111:12237:12291 [2] NCCL INFO Channel 02 : 26[82000] -> 27[83000] via direct shared memory
c197-112:23334:23386 [2] NCCL INFO Channel 02 : 30[82000] -> 31[83000] via direct shared memory
c197-111:12237:12291 [2] NCCL INFO Channel 03 : 26[82000] -> 27[83000] via direct shared memory
c197-112:23334:23386 [2] NCCL INFO Channel 03 : 30[82000] -> 31[83000] via direct shared memory
c197-111:12238:12292 [3] NCCL INFO Channel 01/0 : 27[83000] -> 31[83000] [send] via NET/IB/0
c197-112:23335:23387 [3] NCCL INFO Channel 01/0 : 27[83000] -> 31[83000] [receive] via NET/IB/0
c198-042:14943:15001 [1] NCCL INFO Connected all trees
c198-042:14943:15001 [1] NCCL INFO MSCCL_XML_FILES set by environment to /home1/09168/ldai1/ccl-build/msccl_tools_lyd/examples/xml/xml_lyd/binary_tree/allreduce_binary_tree_2ch_2tree_64chunk_16node_64gpu.xml
c198-042:14943:15001 [1] NCCL INFO MSCCL: Parsing algorithm /home1/09168/ldai1/ccl-build/msccl_tools_lyd/examples/xml/xml_lyd/binary_tree/allreduce_binary_tree_2ch_2tree_64chunk_16node_64gpu.xml
c197-102:853:912 [1] NCCL INFO Channel 00 : 21[3000] -> 20[2000] via direct shared memory
c197-102:853:912 [1] NCCL INFO Channel 01 : 21[3000] -> 20[2000] via direct shared memory
c197-111:12235:12289 [0] NCCL INFO Connected all trees
c197-111:12235:12289 [0] NCCL INFO MSCCL_XML_FILES set by environment to /home1/09168/ldai1/ccl-build/msccl_tools_lyd/examples/xml/xml_lyd/binary_tree/allreduce_binary_tree_2ch_2tree_64chunk_16node_64gpu.xml
c197-111:12235:12289 [0] NCCL INFO MSCCL: Parsing algorithm /home1/09168/ldai1/ccl-build/msccl_tools_lyd/examples/xml/xml_lyd/binary_tree/allreduce_binary_tree_2ch_2tree_64chunk_16node_64gpu.xml
c197-102:852:914 [0] NCCL INFO Connected all trees
c197-102:852:914 [0] NCCL INFO MSCCL_XML_FILES set by environment to /home1/09168/ldai1/ccl-build/msccl_tools_lyd/examples/xml/xml_lyd/binary_tree/allreduce_binary_tree_2ch_2tree_64chunk_16node_64gpu.xml
c197-102:852:914 [0] NCCL INFO MSCCL: Parsing algorithm /home1/09168/ldai1/ccl-build/msccl_tools_lyd/examples/xml/xml_lyd/binary_tree/allreduce_binary_tree_2ch_2tree_64chunk_16node_64gpu.xml
c198-031:31757:31813 [0] NCCL INFO Connected all trees
c198-031:31757:31813 [0] NCCL INFO MSCCL_XML_FILES set by environment to /home1/09168/ldai1/ccl-build/msccl_tools_lyd/examples/xml/xml_lyd/binary_tree/allreduce_binary_tree_2ch_2tree_64chunk_16node_64gpu.xml
c198-031:31757:31813 [0] NCCL INFO MSCCL: Parsing algorithm /home1/09168/ldai1/ccl-build/msccl_tools_lyd/examples/xml/xml_lyd/binary_tree/allreduce_binary_tree_2ch_2tree_64chunk_16node_64gpu.xml
c197-111:12236:12294 [1] NCCL INFO Connected all trees
c197-111:12236:12294 [1] NCCL INFO MSCCL_XML_FILES set by environment to /home1/09168/ldai1/ccl-build/msccl_tools_lyd/examples/xml/xml_lyd/binary_tree/allreduce_binary_tree_2ch_2tree_64chunk_16node_64gpu.xml
c197-111:12236:12294 [1] NCCL INFO MSCCL: Parsing algorithm /home1/09168/ldai1/ccl-build/msccl_tools_lyd/examples/xml/xml_lyd/binary_tree/allreduce_binary_tree_2ch_2tree_64chunk_16node_64gpu.xml
c198-041:12745:12796 [2] NCCL INFO Channel 02 : 58[82000] -> 59[83000] via direct shared memory
c197-092:18555:18614 [0] NCCL INFO Connected all trees
c197-092:18555:18614 [0] NCCL INFO MSCCL_XML_FILES set by environment to /home1/09168/ldai1/ccl-build/msccl_tools_lyd/examples/xml/xml_lyd/binary_tree/allreduce_binary_tree_2ch_2tree_64chunk_16node_64gpu.xml
c197-092:18555:18614 [0] NCCL INFO MSCCL: Parsing algorithm /home1/09168/ldai1/ccl-build/msccl_tools_lyd/examples/xml/xml_lyd/binary_tree/allreduce_binary_tree_2ch_2tree_64chunk_16node_64gpu.xml
c198-041:12745:12796 [2] NCCL INFO Channel 03 : 58[82000] -> 59[83000] via direct shared memory
c197-102:853:912 [1] NCCL INFO Connected all trees
c197-102:853:912 [1] NCCL INFO MSCCL_XML_FILES set by environment to /home1/09168/ldai1/ccl-build/msccl_tools_lyd/examples/xml/xml_lyd/binary_tree/allreduce_binary_tree_2ch_2tree_64chunk_16node_64gpu.xml
c197-102:853:912 [1] NCCL INFO MSCCL: Parsing algorithm /home1/09168/ldai1/ccl-build/msccl_tools_lyd/examples/xml/xml_lyd/binary_tree/allreduce_binary_tree_2ch_2tree_64chunk_16node_64gpu.xml
c197-102:854:909 [2] NCCL INFO Connected all trees
c197-102:854:909 [2] NCCL INFO MSCCL_XML_FILES set by environment to /home1/09168/ldai1/ccl-build/msccl_tools_lyd/examples/xml/xml_lyd/binary_tree/allreduce_binary_tree_2ch_2tree_64chunk_16node_64gpu.xml
c197-102:854:909 [2] NCCL INFO MSCCL: Parsing algorithm /home1/09168/ldai1/ccl-build/msccl_tools_lyd/examples/xml/xml_lyd/binary_tree/allreduce_binary_tree_2ch_2tree_64chunk_16node_64gpu.xml
c198-031:31758:31810 [1] NCCL INFO Connected all trees
c198-031:31758:31810 [1] NCCL INFO MSCCL_XML_FILES set by environment to /home1/09168/ldai1/ccl-build/msccl_tools_lyd/examples/xml/xml_lyd/binary_tree/allreduce_binary_tree_2ch_2tree_64chunk_16node_64gpu.xml
c198-031:31758:31810 [1] NCCL INFO MSCCL: Parsing algorithm /home1/09168/ldai1/ccl-build/msccl_tools_lyd/examples/xml/xml_lyd/binary_tree/allreduce_binary_tree_2ch_2tree_64chunk_16node_64gpu.xml
c198-041:12746:12802 [3] NCCL INFO Channel 01/0 : 59[83000] -> 63[83000] [send] via NET/IB/0
c197-091:7486:7538 [1] NCCL INFO Channel 00 : 9[3000] -> 8[2000] via direct shared memory
c197-091:7486:7538 [1] NCCL INFO Channel 01 : 9[3000] -> 8[2000] via direct shared memory
c197-092:18556:18613 [1] NCCL INFO Connected all trees
c197-092:18556:18613 [1] NCCL INFO MSCCL_XML_FILES set by environment to /home1/09168/ldai1/ccl-build/msccl_tools_lyd/examples/xml/xml_lyd/binary_tree/allreduce_binary_tree_2ch_2tree_64chunk_16node_64gpu.xml
c197-092:18556:18613 [1] NCCL INFO MSCCL: Parsing algorithm /home1/09168/ldai1/ccl-build/msccl_tools_lyd/examples/xml/xml_lyd/binary_tree/allreduce_binary_tree_2ch_2tree_64chunk_16node_64gpu.xml
c197-091:7487:7544 [2] NCCL INFO Connected all trees
c197-091:7487:7544 [2] NCCL INFO MSCCL_XML_FILES set by environment to /home1/09168/ldai1/ccl-build/msccl_tools_lyd/examples/xml/xml_lyd/binary_tree/allreduce_binary_tree_2ch_2tree_64chunk_16node_64gpu.xml
c197-091:7487:7544 [2] NCCL INFO MSCCL: Parsing algorithm /home1/09168/ldai1/ccl-build/msccl_tools_lyd/examples/xml/xml_lyd/binary_tree/allreduce_binary_tree_2ch_2tree_64chunk_16node_64gpu.xml
c198-041:12743:12800 [0] NCCL INFO Channel 01/0 : 56[2000] -> 53[3000] [send] via NET/IB/0
c197-091:7485:7540 [0] NCCL INFO Channel 01/0 : 8[2000] -> 5[3000] [send] via NET/IB/0
c197-082:20243:20301 [0] NCCL INFO Channel 01/0 : 4[2000] -> 0[2000] [send] via NET/IB/0
c198-041:12743:12800 [0] NCCL INFO Connected all trees
c198-041:12743:12800 [0] NCCL INFO MSCCL_XML_FILES set by environment to /home1/09168/ldai1/ccl-build/msccl_tools_lyd/examples/xml/xml_lyd/binary_tree/allreduce_binary_tree_2ch_2tree_64chunk_16node_64gpu.xml
c198-041:12743:12800 [0] NCCL INFO MSCCL: Parsing algorithm /home1/09168/ldai1/ccl-build/msccl_tools_lyd/examples/xml/xml_lyd/binary_tree/allreduce_binary_tree_2ch_2tree_64chunk_16node_64gpu.xml
c198-032:25556:25613 [1] NCCL INFO Channel 00 : 53[3000] -> 52[2000] via direct shared memory
c198-032:25556:25613 [1] NCCL INFO Channel 01 : 53[3000] -> 52[2000] via direct shared memory
c198-041:12744:12799 [1] NCCL INFO Connected all trees
c198-041:12744:12799 [1] NCCL INFO MSCCL_XML_FILES set by environment to /home1/09168/ldai1/ccl-build/msccl_tools_lyd/examples/xml/xml_lyd/binary_tree/allreduce_binary_tree_2ch_2tree_64chunk_16node_64gpu.xml
c198-041:12744:12799 [1] NCCL INFO MSCCL: Parsing algorithm /home1/09168/ldai1/ccl-build/msccl_tools_lyd/examples/xml/xml_lyd/binary_tree/allreduce_binary_tree_2ch_2tree_64chunk_16node_64gpu.xml
c198-032:25555:25614 [0] NCCL INFO Connected all trees
c198-032:25555:25614 [0] NCCL INFO MSCCL_XML_FILES set by environment to /home1/09168/ldai1/ccl-build/msccl_tools_lyd/examples/xml/xml_lyd/binary_tree/allreduce_binary_tree_2ch_2tree_64chunk_16node_64gpu.xml
c198-032:25555:25614 [0] NCCL INFO MSCCL: Parsing algorithm /home1/09168/ldai1/ccl-build/msccl_tools_lyd/examples/xml/xml_lyd/binary_tree/allreduce_binary_tree_2ch_2tree_64chunk_16node_64gpu.xml
c197-111:12238:12292 [3] NCCL INFO Channel 03/0 : 22[82000] -> 27[83000] [receive] via NET/IB/0
c197-112:23335:23387 [3] NCCL INFO Channel 03/0 : 15[83000] -> 31[83000] [receive] via NET/IB/0
c198-032:25556:25613 [1] NCCL INFO Connected all trees
c198-032:25556:25613 [1] NCCL INFO MSCCL_XML_FILES set by environment to /home1/09168/ldai1/ccl-build/msccl_tools_lyd/examples/xml/xml_lyd/binary_tree/allreduce_binary_tree_2ch_2tree_64chunk_16node_64gpu.xml
c198-032:25556:25613 [1] NCCL INFO MSCCL: Parsing algorithm /home1/09168/ldai1/ccl-build/msccl_tools_lyd/examples/xml/xml_lyd/binary_tree/allreduce_binary_tree_2ch_2tree_64chunk_16node_64gpu.xml
c198-032:25557:25608 [2] NCCL INFO Connected all trees
c198-032:25557:25608 [2] NCCL INFO MSCCL_XML_FILES set by environment to /home1/09168/ldai1/ccl-build/msccl_tools_lyd/examples/xml/xml_lyd/binary_tree/allreduce_binary_tree_2ch_2tree_64chunk_16node_64gpu.xml
c198-032:25557:25608 [2] NCCL INFO MSCCL: Parsing algorithm /home1/09168/ldai1/ccl-build/msccl_tools_lyd/examples/xml/xml_lyd/binary_tree/allreduce_binary_tree_2ch_2tree_64chunk_16node_64gpu.xml
c198-041:12746:12802 [3] NCCL INFO Channel 03/0 : 54[82000] -> 59[83000] [receive] via NET/IB/0
c198-042:14945:15002 [3] NCCL INFO Channel 03/0 : 31[83000] -> 63[83000] [receive] via NET/IB/0
c197-091:7485:7540 [0] NCCL INFO Connected all trees
c197-091:7485:7540 [0] NCCL INFO MSCCL_XML_FILES set by environment to /home1/09168/ldai1/ccl-build/msccl_tools_lyd/examples/xml/xml_lyd/binary_tree/allreduce_binary_tree_2ch_2tree_64chunk_16node_64gpu.xml
c197-091:7485:7540 [0] NCCL INFO MSCCL: Parsing algorithm /home1/09168/ldai1/ccl-build/msccl_tools_lyd/examples/xml/xml_lyd/binary_tree/allreduce_binary_tree_2ch_2tree_64chunk_16node_64gpu.xml
c197-082:20244:20303 [1] NCCL INFO Channel 00 : 5[3000] -> 4[2000] via direct shared memory
c197-082:20244:20303 [1] NCCL INFO Channel 01 : 5[3000] -> 4[2000] via direct shared memory
c197-082:20243:20301 [0] NCCL INFO Connected all trees
c197-082:20243:20301 [0] NCCL INFO MSCCL_XML_FILES set by environment to /home1/09168/ldai1/ccl-build/msccl_tools_lyd/examples/xml/xml_lyd/binary_tree/allreduce_binary_tree_2ch_2tree_64chunk_16node_64gpu.xml
c197-082:20243:20301 [0] NCCL INFO MSCCL: Parsing algorithm /home1/09168/ldai1/ccl-build/msccl_tools_lyd/examples/xml/xml_lyd/binary_tree/allreduce_binary_tree_2ch_2tree_64chunk_16node_64gpu.xml
c197-091:7486:7538 [1] NCCL INFO Connected all trees
c197-091:7486:7538 [1] NCCL INFO MSCCL_XML_FILES set by environment to /home1/09168/ldai1/ccl-build/msccl_tools_lyd/examples/xml/xml_lyd/binary_tree/allreduce_binary_tree_2ch_2tree_64chunk_16node_64gpu.xml
c197-091:7486:7538 [1] NCCL INFO MSCCL: Parsing algorithm /home1/09168/ldai1/ccl-build/msccl_tools_lyd/examples/xml/xml_lyd/binary_tree/allreduce_binary_tree_2ch_2tree_64chunk_16node_64gpu.xml
c197-082:20244:20303 [1] NCCL INFO Connected all trees
c197-082:20244:20303 [1] NCCL INFO MSCCL_XML_FILES set by environment to /home1/09168/ldai1/ccl-build/msccl_tools_lyd/examples/xml/xml_lyd/binary_tree/allreduce_binary_tree_2ch_2tree_64chunk_16node_64gpu.xml
c197-082:20244:20303 [1] NCCL INFO MSCCL: Parsing algorithm /home1/09168/ldai1/ccl-build/msccl_tools_lyd/examples/xml/xml_lyd/binary_tree/allreduce_binary_tree_2ch_2tree_64chunk_16node_64gpu.xml
c197-081:13987:14038 [0] NCCL INFO Connected all trees
c197-081:13987:14038 [0] NCCL INFO MSCCL_XML_FILES set by environment to /home1/09168/ldai1/ccl-build/msccl_tools_lyd/examples/xml/xml_lyd/binary_tree/allreduce_binary_tree_2ch_2tree_64chunk_16node_64gpu.xml
c197-081:13987:14038 [0] NCCL INFO MSCCL: Parsing algorithm /home1/09168/ldai1/ccl-build/msccl_tools_lyd/examples/xml/xml_lyd/binary_tree/allreduce_binary_tree_2ch_2tree_64chunk_16node_64gpu.xml
c197-082:20245:20298 [2] NCCL INFO Connected all trees
c197-082:20245:20298 [2] NCCL INFO MSCCL_XML_FILES set by environment to /home1/09168/ldai1/ccl-build/msccl_tools_lyd/examples/xml/xml_lyd/binary_tree/allreduce_binary_tree_2ch_2tree_64chunk_16node_64gpu.xml
c197-082:20245:20298 [2] NCCL INFO MSCCL: Parsing algorithm /home1/09168/ldai1/ccl-build/msccl_tools_lyd/examples/xml/xml_lyd/binary_tree/allreduce_binary_tree_2ch_2tree_64chunk_16node_64gpu.xml
c197-081:13988:14047 [1] NCCL INFO Connected all trees
c197-081:13988:14047 [1] NCCL INFO MSCCL_XML_FILES set by environment to /home1/09168/ldai1/ccl-build/msccl_tools_lyd/examples/xml/xml_lyd/binary_tree/allreduce_binary_tree_2ch_2tree_64chunk_16node_64gpu.xml
c197-081:13988:14047 [1] NCCL INFO MSCCL: Parsing algorithm /home1/09168/ldai1/ccl-build/msccl_tools_lyd/examples/xml/xml_lyd/binary_tree/allreduce_binary_tree_2ch_2tree_64chunk_16node_64gpu.xml
c198-021:31350:31401 [2] NCCL INFO Parsed MSCCL Algorithm /home1/09168/ldai1/ccl-build/msccl_tools_lyd/examples/xml/xml_lyd/binary_tree/allreduce_binary_tree_2ch_2tree_64chunk_16node_64gpu.xml successfully.
c198-022:28910:28973 [0] NCCL INFO Parsed MSCCL Algorithm /home1/09168/ldai1/ccl-build/msccl_tools_lyd/examples/xml/xml_lyd/binary_tree/allreduce_binary_tree_2ch_2tree_64chunk_16node_64gpu.xml successfully.
c198-022:28910:28973 [0] NCCL INFO Channel 02 : 44[2000] -> 45[3000] via direct shared memory
c198-022:28910:28973 [0] NCCL INFO Channel 03 : 44[2000] -> 45[3000] via direct shared memory
c198-022:28911:28974 [1] NCCL INFO Parsed MSCCL Algorithm /home1/09168/ldai1/ccl-build/msccl_tools_lyd/examples/xml/xml_lyd/binary_tree/allreduce_binary_tree_2ch_2tree_64chunk_16node_64gpu.xml successfully.
c197-101:23146:23203 [0] NCCL INFO Parsed MSCCL Algorithm /home1/09168/ldai1/ccl-build/msccl_tools_lyd/examples/xml/xml_lyd/binary_tree/allreduce_binary_tree_2ch_2tree_64chunk_16node_64gpu.xml successfully.
c197-101:23146:23203 [0] NCCL INFO Channel 02 : 16[2000] -> 17[3000] via direct shared memory
c197-101:23146:23203 [0] NCCL INFO Channel 03 : 16[2000] -> 17[3000] via direct shared memory
c197-101:23147:23205 [1] NCCL INFO Parsed MSCCL Algorithm /home1/09168/ldai1/ccl-build/msccl_tools_lyd/examples/xml/xml_lyd/binary_tree/allreduce_binary_tree_2ch_2tree_64chunk_16node_64gpu.xml successfully.
c198-021:31350:31401 [2] NCCL INFO Channel 02 : 42[82000] -> 43[83000] via direct shared memory
c198-021:31350:31401 [2] NCCL INFO Channel 03 : 42[82000] -> 43[83000] via direct shared memory
c198-021:31351:31404 [3] NCCL INFO Channel 01/0 : 43[83000] -> 47[83000] [send] via NET/IB/0
c198-042:14945:15002 [3] NCCL INFO Channel 03/0 : 63[83000] -> 31[83000] [send] via NET/IB/0
c198-022:28911:28974 [1] NCCL INFO Channel 02 : 45[3000] -> 46[82000] via direct shared memory
c198-022:28911:28974 [1] NCCL INFO Channel 03 : 45[3000] -> 46[82000] via direct shared memory
c198-022:28910:28973 [0] NCCL INFO Channel 02/0 : 36[2000] -> 44[2000] [receive] via NET/IB/0
c197-101:23147:23205 [1] NCCL INFO Channel 02 : 17[3000] -> 18[82000] via direct shared memory
c197-101:23147:23205 [1] NCCL INFO Channel 03 : 17[3000] -> 18[82000] via direct shared memory
c198-022:28911:28974 [1] NCCL INFO Channel 02/0 : 45[3000] -> 52[2000] [send] via NET/IB/0
c197-101:23146:23203 [0] NCCL INFO Channel 02/0 : 16[2000] -> 20[2000] [send] via NET/IB/0
c198-022:28916:28969 [2] NCCL INFO Channel 03/0 : 46[82000] -> 55[83000] [send] via NET/IB/0
c197-101:23148:23201 [2] NCCL INFO Channel 01/0 : 11[83000] -> 18[82000] [receive] via NET/IB/0
c198-011:22370:22425 [0] NCCL INFO Parsed MSCCL Algorithm /home1/09168/ldai1/ccl-build/msccl_tools_lyd/examples/xml/xml_lyd/binary_tree/allreduce_binary_tree_2ch_2tree_64chunk_16node_64gpu.xml successfully.
c197-101:23147:23205 [1] NCCL INFO Channel 02 : 17[3000] -> 16[2000] via direct shared memory
c197-101:23147:23205 [1] NCCL INFO Channel 03 : 17[3000] -> 16[2000] via direct shared memory
c198-011:22370:22425 [0] NCCL INFO Channel 02 : 32[2000] -> 33[3000] via direct shared memory
c198-011:22370:22425 [0] NCCL INFO Channel 03 : 32[2000] -> 33[3000] via direct shared memory
c198-011:22371:22423 [1] NCCL INFO Parsed MSCCL Algorithm /home1/09168/ldai1/ccl-build/msccl_tools_lyd/examples/xml/xml_lyd/binary_tree/allreduce_binary_tree_2ch_2tree_64chunk_16node_64gpu.xml successfully.
c197-112:23332:23391 [0] NCCL INFO Parsed MSCCL Algorithm /home1/09168/ldai1/ccl-build/msccl_tools_lyd/examples/xml/xml_lyd/binary_tree/allreduce_binary_tree_2ch_2tree_64chunk_16node_64gpu.xml successfully.
c197-112:23332:23391 [0] NCCL INFO Channel 02 : 28[2000] -> 29[3000] via direct shared memory
c197-112:23332:23391 [0] NCCL INFO Channel 03 : 28[2000] -> 29[3000] via direct shared memory
c197-112:23333:23389 [1] NCCL INFO Parsed MSCCL Algorithm /home1/09168/ldai1/ccl-build/msccl_tools_lyd/examples/xml/xml_lyd/binary_tree/allreduce_binary_tree_2ch_2tree_64chunk_16node_64gpu.xml successfully.
c198-012:19421:19473 [2] NCCL INFO Parsed MSCCL Algorithm /home1/09168/ldai1/ccl-build/msccl_tools_lyd/examples/xml/xml_lyd/binary_tree/allreduce_binary_tree_2ch_2tree_64chunk_16node_64gpu.xml successfully.
c198-021:31348:31407 [0] NCCL INFO Parsed MSCCL Algorithm /home1/09168/ldai1/ccl-build/msccl_tools_lyd/examples/xml/xml_lyd/binary_tree/allreduce_binary_tree_2ch_2tree_64chunk_16node_64gpu.xml successfully.
c198-012:19419:19478 [0] NCCL INFO Parsed MSCCL Algorithm /home1/09168/ldai1/ccl-build/msccl_tools_lyd/examples/xml/xml_lyd/binary_tree/allreduce_binary_tree_2ch_2tree_64chunk_16node_64gpu.xml successfully.
c198-021:31348:31407 [0] NCCL INFO Channel 02 : 40[2000] -> 41[3000] via direct shared memory
c198-021:31348:31407 [0] NCCL INFO Channel 03 : 40[2000] -> 41[3000] via direct shared memory
c198-012:19419:19478 [0] NCCL INFO Channel 02 : 36[2000] -> 37[3000] via direct shared memory
c198-012:19419:19478 [0] NCCL INFO Channel 03 : 36[2000] -> 37[3000] via direct shared memory
c198-021:31349:31406 [1] NCCL INFO Parsed MSCCL Algorithm /home1/09168/ldai1/ccl-build/msccl_tools_lyd/examples/xml/xml_lyd/binary_tree/allreduce_binary_tree_2ch_2tree_64chunk_16node_64gpu.xml successfully.
c198-012:19420:19476 [1] NCCL INFO Parsed MSCCL Algorithm /home1/09168/ldai1/ccl-build/msccl_tools_lyd/examples/xml/xml_lyd/binary_tree/allreduce_binary_tree_2ch_2tree_64chunk_16node_64gpu.xml successfully.
c198-011:22371:22423 [1] NCCL INFO Channel 02 : 33[3000] -> 34[82000] via direct shared memory
c198-011:22371:22423 [1] NCCL INFO Channel 03 : 33[3000] -> 34[82000] via direct shared memory
c198-021:31351:31404 [3] NCCL INFO Channel 03/0 : 38[82000] -> 43[83000] [receive] via NET/IB/0
c198-011:22370:22425 [0] NCCL INFO Channel 02/0 : 32[2000] -> 36[2000] [send] via NET/IB/0
c198-022:28917:28970 [3] NCCL INFO Channel 03/0 : 39[83000] -> 47[83000] [receive] via NET/IB/0
c197-112:23333:23389 [1] NCCL INFO Channel 02 : 29[3000] -> 30[82000] via direct shared memory
c197-112:23333:23389 [1] NCCL INFO Channel 03 : 29[3000] -> 30[82000] via direct shared memory
c198-011:22372:22427 [2] NCCL INFO Channel 01/0 : 19[83000] -> 34[82000] [receive] via NET/IB/0
c198-012:19421:19473 [2] NCCL INFO Channel 02 : 38[82000] -> 39[83000] via direct shared memory
c198-012:19421:19473 [2] NCCL INFO Channel 03 : 38[82000] -> 39[83000] via direct shared memory
c198-012:19422:19474 [3] NCCL INFO Channel 01/0 : 39[83000] -> 42[82000] [send] via NET/IB/0
c197-112:23332:23391 [0] NCCL INFO Channel 02/0 : 12[2000] -> 28[2000] [receive] via NET/IB/0
c197-112:23333:23389 [1] NCCL INFO Channel 02/0 : 29[3000] -> 44[2000] [send] via NET/IB/0
c198-021:31349:31406 [1] NCCL INFO Channel 02 : 41[3000] -> 42[82000] via direct shared memory
c198-021:31349:31406 [1] NCCL INFO Channel 03 : 41[3000] -> 42[82000] via direct shared memory
c198-012:19420:19476 [1] NCCL INFO Channel 02 : 37[3000] -> 38[82000] via direct shared memory
c198-012:19420:19476 [1] NCCL INFO Channel 03 : 37[3000] -> 38[82000] via direct shared memory
c198-021:31348:31407 [0] NCCL INFO Channel 02/0 : 37[3000] -> 40[2000] [receive] via NET/IB/0
c197-112:23334:23386 [2] NCCL INFO Channel 03/0 : 30[82000] -> 47[83000] [send] via NET/IB/0
c198-012:19419:19478 [0] NCCL INFO Channel 02/0 : 32[2000] -> 36[2000] [receive] via NET/IB/0
c198-012:19420:19476 [1] NCCL INFO Channel 02/0 : 37[3000] -> 40[2000] [send] via NET/IB/0
c198-011:22371:22423 [1] NCCL INFO Channel 02 : 33[3000] -> 32[2000] via direct shared memory
c198-011:22371:22423 [1] NCCL INFO Channel 03 : 33[3000] -> 32[2000] via direct shared memory
c198-021:31350:31401 [2] NCCL INFO Channel 01/0 : 39[83000] -> 42[82000] [receive] via NET/IB/0
c198-012:19421:19473 [2] NCCL INFO Channel 03/0 : 38[82000] -> 43[83000] [send] via NET/IB/0
c198-021:31349:31406 [1] NCCL INFO Channel 02 : 41[3000] -> 40[2000] via direct shared memory
c198-021:31349:31406 [1] NCCL INFO Channel 03 : 41[3000] -> 40[2000] via direct shared memory
c198-042:14942:14996 [0] NCCL INFO Parsed MSCCL Algorithm /home1/09168/ldai1/ccl-build/msccl_tools_lyd/examples/xml/xml_lyd/binary_tree/allreduce_binary_tree_2ch_2tree_64chunk_16node_64gpu.xml successfully.
c198-042:14942:14996 [0] NCCL INFO Channel 02 : 60[2000] -> 61[3000] via direct shared memory
c198-042:14942:14996 [0] NCCL INFO Channel 03 : 60[2000] -> 61[3000] via direct shared memory
c198-042:14943:15001 [1] NCCL INFO Parsed MSCCL Algorithm /home1/09168/ldai1/ccl-build/msccl_tools_lyd/examples/xml/xml_lyd/binary_tree/allreduce_binary_tree_2ch_2tree_64chunk_16node_64gpu.xml successfully.
c197-102:854:909 [2] NCCL INFO Parsed MSCCL Algorithm /home1/09168/ldai1/ccl-build/msccl_tools_lyd/examples/xml/xml_lyd/binary_tree/allreduce_binary_tree_2ch_2tree_64chunk_16node_64gpu.xml successfully.
c198-031:31757:31813 [0] NCCL INFO Parsed MSCCL Algorithm /home1/09168/ldai1/ccl-build/msccl_tools_lyd/examples/xml/xml_lyd/binary_tree/allreduce_binary_tree_2ch_2tree_64chunk_16node_64gpu.xml successfully.
c197-111:12235:12289 [0] NCCL INFO Parsed MSCCL Algorithm /home1/09168/ldai1/ccl-build/msccl_tools_lyd/examples/xml/xml_lyd/binary_tree/allreduce_binary_tree_2ch_2tree_64chunk_16node_64gpu.xml successfully.
c198-031:31757:31813 [0] NCCL INFO Channel 02 : 48[2000] -> 49[3000] via direct shared memory
c198-031:31757:31813 [0] NCCL INFO Channel 03 : 48[2000] -> 49[3000] via direct shared memory
c197-091:7487:7544 [2] NCCL INFO Parsed MSCCL Algorithm /home1/09168/ldai1/ccl-build/msccl_tools_lyd/examples/xml/xml_lyd/binary_tree/allreduce_binary_tree_2ch_2tree_64chunk_16node_64gpu.xml successfully.
c197-111:12235:12289 [0] NCCL INFO Channel 02 : 24[2000] -> 25[3000] via direct shared memory
c197-111:12235:12289 [0] NCCL INFO Channel 03 : 24[2000] -> 25[3000] via direct shared memory
c198-031:31758:31810 [1] NCCL INFO Parsed MSCCL Algorithm /home1/09168/ldai1/ccl-build/msccl_tools_lyd/examples/xml/xml_lyd/binary_tree/allreduce_binary_tree_2ch_2tree_64chunk_16node_64gpu.xml successfully.
c197-111:12236:12294 [1] NCCL INFO Parsed MSCCL Algorithm /home1/09168/ldai1/ccl-build/msccl_tools_lyd/examples/xml/xml_lyd/binary_tree/allreduce_binary_tree_2ch_2tree_64chunk_16node_64gpu.xml successfully.
c197-092:18555:18614 [0] NCCL INFO Parsed MSCCL Algorithm /home1/09168/ldai1/ccl-build/msccl_tools_lyd/examples/xml/xml_lyd/binary_tree/allreduce_binary_tree_2ch_2tree_64chunk_16node_64gpu.xml successfully.
c197-092:18555:18614 [0] NCCL INFO Channel 02 : 12[2000] -> 13[3000] via direct shared memory
c197-092:18555:18614 [0] NCCL INFO Channel 03 : 12[2000] -> 13[3000] via direct shared memory
c197-102:852:914 [0] NCCL INFO Parsed MSCCL Algorithm /home1/09168/ldai1/ccl-build/msccl_tools_lyd/examples/xml/xml_lyd/binary_tree/allreduce_binary_tree_2ch_2tree_64chunk_16node_64gpu.xml successfully.
c197-092:18556:18613 [1] NCCL INFO Parsed MSCCL Algorithm /home1/09168/ldai1/ccl-build/msccl_tools_lyd/examples/xml/xml_lyd/binary_tree/allreduce_binary_tree_2ch_2tree_64chunk_16node_64gpu.xml successfully.
c198-042:14943:15001 [1] NCCL INFO Channel 02 : 61[3000] -> 62[82000] via direct shared memory
c198-042:14943:15001 [1] NCCL INFO Channel 03 : 61[3000] -> 62[82000] via direct shared memory
c197-102:852:914 [0] NCCL INFO Channel 02 : 20[2000] -> 21[3000] via direct shared memory
c197-102:852:914 [0] NCCL INFO Channel 03 : 20[2000] -> 21[3000] via direct shared memory
c197-102:854:909 [2] NCCL INFO Channel 02 : 22[82000] -> 23[83000] via direct shared memory
c197-102:854:909 [2] NCCL INFO Channel 03 : 22[82000] -> 23[83000] via direct shared memory
c198-042:14942:14996 [0] NCCL INFO Channel 02/0 : 28[2000] -> 60[2000] [receive] via NET/IB/0
c197-102:855:908 [3] NCCL INFO Channel 01/0 : 23[83000] -> 26[82000] [send] via NET/IB/0
c197-091:7487:7544 [2] NCCL INFO Channel 02 : 10[82000] -> 11[83000] via direct shared memory
c197-091:7487:7544 [2] NCCL INFO Channel 03 : 10[82000] -> 11[83000] via direct shared memory
c197-091:7488:7542 [3] NCCL INFO Channel 01/0 : 11[83000] -> 15[83000] [send] via NET/IB/0
c198-031:31758:31810 [1] NCCL INFO Channel 02 : 49[3000] -> 50[82000] via direct shared memory
c198-031:31758:31810 [1] NCCL INFO Channel 03 : 49[3000] -> 50[82000] via direct shared memory
c197-111:12236:12294 [1] NCCL INFO Channel 02 : 25[3000] -> 26[82000] via direct shared memory
c197-111:12236:12294 [1] NCCL INFO Channel 03 : 25[3000] -> 26[82000] via direct shared memory
c198-031:31757:31813 [0] NCCL INFO Channel 02/0 : 48[2000] -> 52[2000] [send] via NET/IB/0
c197-111:12235:12289 [0] NCCL INFO Channel 02/0 : 21[3000] -> 24[2000] [receive] via NET/IB/0
c198-011:22370:22425 [0] NCCL INFO Channel 02/0 : 36[2000] -> 32[2000] [receive] via NET/IB/0
c198-012:19419:19478 [0] NCCL INFO Channel 02/0 : 36[2000] -> 44[2000] [send] via NET/IB/0
c198-031:31759:31816 [2] NCCL INFO Channel 01/0 : 43[83000] -> 50[82000] [receive] via NET/IB/0
c198-021:31348:31407 [0] NCCL INFO Channel 02/0 : 40[2000] -> 37[3000] [send] via NET/IB/0
c197-092:18556:18613 [1] NCCL INFO Channel 02 : 13[3000] -> 14[82000] via direct shared memory
c197-102:853:912 [1] NCCL INFO Parsed MSCCL Algorithm /home1/09168/ldai1/ccl-build/msccl_tools_lyd/examples/xml/xml_lyd/binary_tree/allreduce_binary_tree_2ch_2tree_64chunk_16node_64gpu.xml successfully.
c197-092:18556:18613 [1] NCCL INFO Channel 03 : 13[3000] -> 14[82000] via direct shared memory
c197-111:12237:12291 [2] NCCL INFO Channel 01/0 : 23[83000] -> 26[82000] [receive] via NET/IB/0
c198-012:19421:19473 [2] NCCL INFO Channel 03/0 : 43[83000] -> 38[82000] [receive] via NET/IB/0
c198-012:19422:19474 [3] NCCL INFO Channel 03/0 : 35[83000] -> 39[83000] [receive] via NET/IB/0
c198-021:31350:31401 [2] NCCL INFO Channel 01/0 : 42[82000] -> 39[83000] [send] via NET/IB/0
c197-092:18555:18614 [0] NCCL INFO Channel 02/0 : 4[2000] -> 12[2000] [receive] via NET/IB/0
c198-042:14943:15001 [1] NCCL INFO Channel 02 : 61[3000] -> 60[2000] via direct shared memory
c198-042:14943:15001 [1] NCCL INFO Channel 03 : 61[3000] -> 60[2000] via direct shared memory
c198-021:31351:31404 [3] NCCL INFO Channel 01/0 : 43[83000] -> 50[82000] [send] via NET/IB/0
c197-092:18556:18613 [1] NCCL INFO Channel 02/0 : 13[3000] -> 20[2000] [send] via NET/IB/0
c198-042:14944:14998 [2] NCCL INFO Channel 02 : 62[82000] -> 61[3000] via direct shared memory
c198-042:14944:14998 [2] NCCL INFO Channel 03 : 62[82000] -> 61[3000] via direct shared memory
c198-012:19420:19476 [1] NCCL INFO Channel 02/0 : 40[2000] -> 37[3000] [receive] via NET/IB/0
c197-092:18557:18610 [2] NCCL INFO Channel 03/0 : 14[82000] -> 23[83000] [send] via NET/IB/0
c198-031:31758:31810 [1] NCCL INFO Channel 02 : 49[3000] -> 48[2000] via direct shared memory
c198-031:31758:31810 [1] NCCL INFO Channel 03 : 49[3000] -> 48[2000] via direct shared memory
c197-111:12236:12294 [1] NCCL INFO Channel 02 : 25[3000] -> 24[2000] via direct shared memory
c197-111:12236:12294 [1] NCCL INFO Channel 03 : 25[3000] -> 24[2000] via direct shared memory
c197-102:853:912 [1] NCCL INFO Channel 02 : 21[3000] -> 22[82000] via direct shared memory
c197-102:853:912 [1] NCCL INFO Channel 03 : 21[3000] -> 22[82000] via direct shared memory
c198-041:12743:12800 [0] NCCL INFO Parsed MSCCL Algorithm /home1/09168/ldai1/ccl-build/msccl_tools_lyd/examples/xml/xml_lyd/binary_tree/allreduce_binary_tree_2ch_2tree_64chunk_16node_64gpu.xml successfully.
c198-032:25557:25608 [2] NCCL INFO Parsed MSCCL Algorithm /home1/09168/ldai1/ccl-build/msccl_tools_lyd/examples/xml/xml_lyd/binary_tree/allreduce_binary_tree_2ch_2tree_64chunk_16node_64gpu.xml successfully.
c198-041:12743:12800 [0] NCCL INFO Channel 02 : 56[2000] -> 57[3000] via direct shared memory
c198-041:12743:12800 [0] NCCL INFO Channel 03 : 56[2000] -> 57[3000] via direct shared memory
c197-102:852:914 [0] NCCL INFO Channel 02/0 : 16[2000] -> 20[2000] [receive] via NET/IB/0
c198-041:12744:12799 [1] NCCL INFO Parsed MSCCL Algorithm /home1/09168/ldai1/ccl-build/msccl_tools_lyd/examples/xml/xml_lyd/binary_tree/allreduce_binary_tree_2ch_2tree_64chunk_16node_64gpu.xml successfully.
c197-102:854:909 [2] NCCL INFO Channel 03/0 : 22[82000] -> 27[83000] [send] via NET/IB/0
c197-102:853:912 [1] NCCL INFO Channel 02/0 : 21[3000] -> 24[2000] [send] via NET/IB/0
c198-021:31348:31407 [0] NCCL INFO Connected 1 MSCCL algorithms
c198-021:31348:31407 [0] NCCL INFO NCCL_PROTO set by environment to Simple
c198-021:31348:31407 [0] NCCL INFO NCCL_ALGO set by environment to MSCCL,TREE,RING
c198-021:31348:31407 [0] NCCL INFO threadThresholds 8/8/64 | 512/8/64 | 8/8/64 | 8/8/512
c198-021:31348:31407 [0] NCCL INFO 4 coll channels, 2 p2p channels, 2 p2p channels per peer
c197-081:13987:14038 [0] NCCL INFO Parsed MSCCL Algorithm /home1/09168/ldai1/ccl-build/msccl_tools_lyd/examples/xml/xml_lyd/binary_tree/allreduce_binary_tree_2ch_2tree_64chunk_16node_64gpu.xml successfully.
c197-081:13988:14047 [1] NCCL INFO Parsed MSCCL Algorithm /home1/09168/ldai1/ccl-build/msccl_tools_lyd/examples/xml/xml_lyd/binary_tree/allreduce_binary_tree_2ch_2tree_64chunk_16node_64gpu.xml successfully.
c197-081:13987:14038 [0] NCCL INFO Channel 02 : 0[2000] -> 1[3000] via direct shared memory
c198-042:14942:14996 [0] NCCL INFO Channel 02/0 : 60[2000] -> 28[2000] [send] via NET/IB/0
c197-081:13987:14038 [0] NCCL INFO Channel 03 : 0[2000] -> 1[3000] via direct shared memory
c198-032:25555:25614 [0] NCCL INFO Parsed MSCCL Algorithm /home1/09168/ldai1/ccl-build/msccl_tools_lyd/examples/xml/xml_lyd/binary_tree/allreduce_binary_tree_2ch_2tree_64chunk_16node_64gpu.xml successfully.
c197-082:20245:20298 [2] NCCL INFO Parsed MSCCL Algorithm /home1/09168/ldai1/ccl-build/msccl_tools_lyd/examples/xml/xml_lyd/binary_tree/allreduce_binary_tree_2ch_2tree_64chunk_16node_64gpu.xml successfully.
c198-032:25556:25613 [1] NCCL INFO Parsed MSCCL Algorithm /home1/09168/ldai1/ccl-build/msccl_tools_lyd/examples/xml/xml_lyd/binary_tree/allreduce_binary_tree_2ch_2tree_64chunk_16node_64gpu.xml successfully.
c197-091:7485:7540 [0] NCCL INFO Parsed MSCCL Algorithm /home1/09168/ldai1/ccl-build/msccl_tools_lyd/examples/xml/xml_lyd/binary_tree/allreduce_binary_tree_2ch_2tree_64chunk_16node_64gpu.xml successfully.
c198-032:25555:25614 [0] NCCL INFO Channel 02 : 52[2000] -> 53[3000] via direct shared memory
c198-032:25555:25614 [0] NCCL INFO Channel 03 : 52[2000] -> 53[3000] via direct shared memory
c198-012:19420:19476 [1] NCCL INFO Channel 02 : 37[3000] -> 36[2000] via direct shared memory
c198-012:19420:19476 [1] NCCL INFO Channel 03 : 37[3000] -> 36[2000] via direct shared memory
c197-091:7485:7540 [0] NCCL INFO Channel 02 : 8[2000] -> 9[3000] via direct shared memory
c197-091:7485:7540 [0] NCCL INFO Channel 03 : 8[2000] -> 9[3000] via direct shared memory
c197-082:20243:20301 [0] NCCL INFO Parsed MSCCL Algorithm /home1/09168/ldai1/ccl-build/msccl_tools_lyd/examples/xml/xml_lyd/binary_tree/allreduce_binary_tree_2ch_2tree_64chunk_16node_64gpu.xml successfully.
c197-091:7486:7538 [1] NCCL INFO Parsed MSCCL Algorithm /home1/09168/ldai1/ccl-build/msccl_tools_lyd/examples/xml/xml_lyd/binary_tree/allreduce_binary_tree_2ch_2tree_64chunk_16node_64gpu.xml successfully.
c197-082:20243:20301 [0] NCCL INFO Channel 02 : 4[2000] -> 5[3000] via direct shared memory
c197-082:20243:20301 [0] NCCL INFO Channel 03 : 4[2000] -> 5[3000] via direct shared memory
c198-032:25557:25608 [2] NCCL INFO Channel 02 : 54[82000] -> 55[83000] via direct shared memory
c198-032:25557:25608 [2] NCCL INFO Channel 03 : 54[82000] -> 55[83000] via direct shared memory
c197-082:20244:20303 [1] NCCL INFO Parsed MSCCL Algorithm /home1/09168/ldai1/ccl-build/msccl_tools_lyd/examples/xml/xml_lyd/binary_tree/allreduce_binary_tree_2ch_2tree_64chunk_16node_64gpu.xml successfully.
c198-032:25558:25611 [3] NCCL INFO Channel 01/0 : 55[83000] -> 58[82000] [send] via NET/IB/0
c198-041:12744:12799 [1] NCCL INFO Channel 02 : 57[3000] -> 58[82000] via direct shared memory
c198-041:12744:12799 [1] NCCL INFO Channel 03 : 57[3000] -> 58[82000] via direct shared memory
c198-041:12743:12800 [0] NCCL INFO Channel 02/0 : 53[3000] -> 56[2000] [receive] via NET/IB/0
c197-092:18558:18609 [3] NCCL INFO Channel 03/0 : 7[83000] -> 15[83000] [receive] via NET/IB/0
c197-091:7488:7542 [3] NCCL INFO Channel 03/0 : 6[82000] -> 11[83000] [receive] via NET/IB/0
c197-081:13988:14047 [1] NCCL INFO Channel 02 : 1[3000] -> 2[82000] via direct shared memory
c197-081:13988:14047 [1] NCCL INFO Channel 03 : 1[3000] -> 2[82000] via direct shared memory
c198-041:12745:12796 [2] NCCL INFO Channel 01/0 : 55[83000] -> 58[82000] [receive] via NET/IB/0
c197-082:20245:20298 [2] NCCL INFO Channel 02 : 6[82000] -> 7[83000] via direct shared memory
c197-082:20245:20298 [2] NCCL INFO Channel 03 : 6[82000] -> 7[83000] via direct shared memory
c198-012:19419:19478 [0] NCCL INFO Channel 02/0 : 44[2000] -> 36[2000] [receive] via NET/IB/0
c197-081:13987:14038 [0] NCCL INFO Channel 02/0 : 0[2000] -> 4[2000] [send] via NET/IB/0
c198-032:25556:25613 [1] NCCL INFO Channel 02 : 53[3000] -> 54[82000] via direct shared memory
c198-032:25556:25613 [1] NCCL INFO Channel 03 : 53[3000] -> 54[82000] via direct shared memory
c197-082:20246:20299 [3] NCCL INFO Channel 01/0 : 7[83000] -> 10[82000] [send] via NET/IB/0
c198-022:28910:28973 [0] NCCL INFO Channel 02/0 : 29[3000] -> 44[2000] [receive] via NET/IB/0
c197-102:855:908 [3] NCCL INFO Channel 03/0 : 19[83000] -> 23[83000] [receive] via NET/IB/0
c197-091:7486:7538 [1] NCCL INFO Channel 02 : 9[3000] -> 10[82000] via direct shared memory
c197-091:7486:7538 [1] NCCL INFO Channel 03 : 9[3000] -> 10[82000] via direct shared memory
c197-111:12237:12291 [2] NCCL INFO Channel 01/0 : 26[82000] -> 23[83000] [send] via NET/IB/0
c198-032:25555:25614 [0] NCCL INFO Channel 02/0 : 48[2000] -> 52[2000] [receive] via NET/IB/0
c198-012:19422:19474 [3] NCCL INFO Channel 03/0 : 39[83000] -> 47[83000] [send] via NET/IB/0
c198-032:25556:25613 [1] NCCL INFO Channel 02/0 : 53[3000] -> 56[2000] [send] via NET/IB/0
c197-082:20244:20303 [1] NCCL INFO Channel 02 : 5[3000] -> 6[82000] via direct shared memory
c198-021:31351:31404 [3] NCCL INFO Channel 01/0 : 50[82000] -> 43[83000] [receive] via NET/IB/0
c197-082:20244:20303 [1] NCCL INFO Channel 03 : 5[3000] -> 6[82000] via direct shared memory
c197-091:7485:7540 [0] NCCL INFO Channel 02/0 : 5[3000] -> 8[2000] [receive] via NET/IB/0
c198-031:31759:31816 [2] NCCL INFO Channel 01/0 : 50[82000] -> 43[83000] [send] via NET/IB/0
c198-011:22373:22429 [3] NCCL INFO Channel 01/0 : 35[83000] -> 51[83000] [send] via NET/IB/0
c198-032:25557:25608 [2] NCCL INFO Channel 03/0 : 54[82000] -> 59[83000] [send] via NET/IB/0
c197-082:20243:20301 [0] NCCL INFO Channel 02/0 : 0[2000] -> 4[2000] [receive] via NET/IB/0
c198-041:12744:12799 [1] NCCL INFO Channel 02 : 57[3000] -> 56[2000] via direct shared memory
c198-041:12744:12799 [1] NCCL INFO Channel 03 : 57[3000] -> 56[2000] via direct shared memory
c197-082:20244:20303 [1] NCCL INFO Channel 02/0 : 5[3000] -> 8[2000] [send] via NET/IB/0
c197-091:7487:7544 [2] NCCL INFO Channel 01/0 : 7[83000] -> 10[82000] [receive] via NET/IB/0
c197-082:20245:20298 [2] NCCL INFO Channel 03/0 : 6[82000] -> 11[83000] [send] via NET/IB/0
c197-081:13988:14047 [1] NCCL INFO Channel 02 : 1[3000] -> 0[2000] via direct shared memory
c197-081:13988:14047 [1] NCCL INFO Channel 03 : 1[3000] -> 0[2000] via direct shared memory
c197-081:13989:14043 [2] NCCL INFO Channel 02 : 2[82000] -> 1[3000] via direct shared memory
c197-081:13989:14043 [2] NCCL INFO Channel 03 : 2[82000] -> 1[3000] via direct shared memory
c197-091:7486:7538 [1] NCCL INFO Channel 02 : 9[3000] -> 8[2000] via direct shared memory
c197-091:7486:7538 [1] NCCL INFO Channel 03 : 9[3000] -> 8[2000] via direct shared memory
c197-101:23146:23203 [0] NCCL INFO Channel 02/0 : 20[2000] -> 16[2000] [receive] via NET/IB/0
c197-102:852:914 [0] NCCL INFO Channel 02/0 : 13[3000] -> 20[2000] [receive] via NET/IB/0
c197-102:854:909 [2] NCCL INFO Channel 03/0 : 27[83000] -> 22[82000] [receive] via NET/IB/0
c197-111:12238:12292 [3] NCCL INFO Channel 01/0 : 19[83000] -> 27[83000] [receive] via NET/IB/0
c198-031:31759:31816 [2] NCCL INFO Channel 02 : 50[82000] -> 49[3000] via direct shared memory
c198-031:31759:31816 [2] NCCL INFO Channel 03 : 50[82000] -> 49[3000] via direct shared memory
c197-102:853:912 [1] NCCL INFO Channel 02/0 : 24[2000] -> 21[3000] [receive] via NET/IB/0
c197-111:12235:12289 [0] NCCL INFO Channel 02/0 : 24[2000] -> 21[3000] [send] via NET/IB/0
c198-032:25558:25611 [3] NCCL INFO Channel 03/0 : 51[83000] -> 55[83000] [receive] via NET/IB/0
c198-041:12745:12796 [2] NCCL INFO Channel 01/0 : 58[82000] -> 55[83000] [send] via NET/IB/0
c197-112:23333:23389 [1] NCCL INFO Channel 02/0 : 44[2000] -> 29[3000] [receive] via NET/IB/0
c197-101:23149:23199 [3] NCCL INFO Channel 01/0 : 19[83000] -> 27[83000] [send] via NET/IB/0
c198-022:28910:28973 [0] NCCL INFO Channel 02/0 : 44[2000] -> 29[3000] [send] via NET/IB/0
c198-012:19422:19474 [3] NCCL INFO Channel 03/0 : 47[83000] -> 39[83000] [receive] via NET/IB/0
c197-102:855:908 [3] NCCL INFO Channel 03/0 : 14[82000] -> 23[83000] [receive] via NET/IB/0
c198-031:31757:31813 [0] NCCL INFO Channel 02/0 : 52[2000] -> 48[2000] [receive] via NET/IB/0
c198-032:25556:25613 [1] NCCL INFO Channel 02/0 : 56[2000] -> 53[3000] [receive] via NET/IB/0
c198-022:28917:28970 [3] NCCL INFO Channel 03/0 : 30[82000] -> 47[83000] [receive] via NET/IB/0
c198-041:12743:12800 [0] NCCL INFO Channel 02/0 : 56[2000] -> 53[3000] [send] via NET/IB/0
c197-111:12235:12289 [0] NCCL INFO Connected 1 MSCCL algorithms
c197-111:12235:12289 [0] NCCL INFO NCCL_PROTO set by environment to Simple
c197-111:12235:12289 [0] NCCL INFO NCCL_ALGO set by environment to MSCCL,TREE,RING
c197-111:12235:12289 [0] NCCL INFO threadThresholds 8/8/64 | 512/8/64 | 8/8/64 | 8/8/512
c197-111:12235:12289 [0] NCCL INFO 4 coll channels, 2 p2p channels, 2 p2p channels per peer
c198-021:31351:31404 [3] NCCL INFO Channel 03/0 : 43[83000] -> 38[82000] [send] via NET/IB/0
c197-102:853:912 [1] NCCL INFO Channel 02 : 21[3000] -> 20[2000] via direct shared memory
c197-102:853:912 [1] NCCL INFO Channel 03 : 21[3000] -> 20[2000] via direct shared memory
c198-032:25557:25608 [2] NCCL INFO Channel 03/0 : 59[83000] -> 54[82000] [receive] via NET/IB/0
c198-041:12746:12802 [3] NCCL INFO Channel 01/0 : 51[83000] -> 59[83000] [receive] via NET/IB/0
c198-032:25555:25614 [0] NCCL INFO Channel 02/0 : 45[3000] -> 52[2000] [receive] via NET/IB/0
c197-082:20243:20301 [0] NCCL INFO Channel 02/0 : 4[2000] -> 12[2000] [send] via NET/IB/0
c197-091:7487:7544 [2] NCCL INFO Channel 01/0 : 10[82000] -> 7[83000] [send] via NET/IB/0
c197-082:20245:20298 [2] NCCL INFO Channel 03/0 : 11[83000] -> 6[82000] [receive] via NET/IB/0
c197-082:20246:20299 [3] NCCL INFO Channel 03/0 : 3[83000] -> 7[83000] [receive] via NET/IB/0
c197-081:13987:14038 [0] NCCL INFO Channel 02/0 : 4[2000] -> 0[2000] [receive] via NET/IB/0
c197-082:20244:20303 [1] NCCL INFO Channel 02/0 : 8[2000] -> 5[3000] [receive] via NET/IB/0
c197-091:7485:7540 [0] NCCL INFO Channel 02/0 : 8[2000] -> 5[3000] [send] via NET/IB/0
c197-091:7488:7542 [3] NCCL INFO Channel 01/0 : 11[83000] -> 18[82000] [send] via NET/IB/0
c197-092:18556:18613 [1] NCCL INFO Channel 02/0 : 20[2000] -> 13[3000] [receive] via NET/IB/0
c197-112:23333:23389 [1] NCCL INFO Channel 02 : 29[3000] -> 28[2000] via direct shared memory
c197-112:23333:23389 [1] NCCL INFO Channel 03 : 29[3000] -> 28[2000] via direct shared memory
c197-102:852:914 [0] NCCL INFO Channel 02/0 : 20[2000] -> 13[3000] [send] via NET/IB/0
c198-041:12743:12800 [0] NCCL INFO Connected 1 MSCCL algorithms
c198-041:12743:12800 [0] NCCL INFO NCCL_PROTO set by environment to Simple
c198-041:12743:12800 [0] NCCL INFO NCCL_ALGO set by environment to MSCCL,TREE,RING
c198-041:12743:12800 [0] NCCL INFO threadThresholds 8/8/64 | 512/8/64 | 8/8/64 | 8/8/512
c198-041:12743:12800 [0] NCCL INFO 4 coll channels, 2 p2p channels, 2 p2p channels per peer
c198-012:19421:19473 [2] NCCL INFO Channel 02 : 38[82000] -> 37[3000] via direct shared memory
c198-012:19421:19473 [2] NCCL INFO Channel 03 : 38[82000] -> 37[3000] via direct shared memory
c198-032:25556:25613 [1] NCCL INFO Channel 02 : 53[3000] -> 52[2000] via direct shared memory
c198-032:25556:25613 [1] NCCL INFO Channel 03 : 53[3000] -> 52[2000] via direct shared memory
c197-082:20244:20303 [1] NCCL INFO Channel 02 : 5[3000] -> 4[2000] via direct shared memory
c197-082:20244:20303 [1] NCCL INFO Channel 03 : 5[3000] -> 4[2000] via direct shared memory
c197-091:7485:7540 [0] NCCL INFO Connected 1 MSCCL algorithms
c197-091:7485:7540 [0] NCCL INFO NCCL_PROTO set by environment to Simple
c197-091:7485:7540 [0] NCCL INFO NCCL_ALGO set by environment to MSCCL,TREE,RING
c197-091:7485:7540 [0] NCCL INFO threadThresholds 8/8/64 | 512/8/64 | 8/8/64 | 8/8/512
c197-091:7485:7540 [0] NCCL INFO 4 coll channels, 2 p2p channels, 2 p2p channels per peer
c198-031:31760:31815 [3] NCCL INFO Channel 01/0 : 51[83000] -> 59[83000] [send] via NET/IB/0
c197-101:23149:23199 [3] NCCL INFO Channel 01/0 : 19[83000] -> 34[82000] [send] via NET/IB/0
c198-032:25558:25611 [3] NCCL INFO Channel 03/0 : 46[82000] -> 55[83000] [receive] via NET/IB/0
c197-092:18556:18613 [1] NCCL INFO Channel 02 : 13[3000] -> 12[2000] via direct shared memory
c197-092:18556:18613 [1] NCCL INFO Channel 03 : 13[3000] -> 12[2000] via direct shared memory
c198-022:28910:28973 [0] NCCL INFO Channel 02/0 : 44[2000] -> 36[2000] [send] via NET/IB/0
c197-111:12238:12292 [3] NCCL INFO Channel 01/0 : 27[83000] -> 19[83000] [send] via NET/IB/0
c197-092:18557:18610 [2] NCCL INFO Channel 03/0 : 23[83000] -> 14[82000] [receive] via NET/IB/0
c197-102:855:908 [3] NCCL INFO Channel 03/0 : 23[83000] -> 14[82000] [send] via NET/IB/0
c197-112:23334:23386 [2] NCCL INFO Channel 03/0 : 47[83000] -> 30[82000] [receive] via NET/IB/0
c198-022:28917:28970 [3] NCCL INFO Channel 03/0 : 47[83000] -> 30[82000] [send] via NET/IB/0
c198-021:31351:31404 [3] NCCL INFO Channel 01/0 : 47[83000] -> 43[83000] [receive] via NET/IB/0
c198-022:28911:28974 [1] NCCL INFO Channel 02/0 : 52[2000] -> 45[3000] [receive] via NET/IB/0
c197-082:20243:20301 [0] NCCL INFO Channel 02/0 : 12[2000] -> 4[2000] [receive] via NET/IB/0
c197-081:13990:14045 [3] NCCL INFO Channel 01/0 : 35[83000] -> 3[83000] [receive] via NET/IB/0
c197-082:20246:20299 [3] NCCL INFO Channel 03/0 : 7[83000] -> 15[83000] [send] via NET/IB/0
c197-092:18555:18614 [0] NCCL INFO Channel 02/0 : 12[2000] -> 28[2000] [send] via NET/IB/0
c198-032:25555:25614 [0] NCCL INFO Channel 02/0 : 52[2000] -> 45[3000] [send] via NET/IB/0
c197-101:23148:23201 [2] NCCL INFO Channel 01/0 : 18[82000] -> 11[83000] [send] via NET/IB/0
c197-091:7488:7542 [3] NCCL INFO Channel 01/0 : 18[82000] -> 11[83000] [receive] via NET/IB/0
c197-102:852:914 [0] NCCL INFO Channel 02/0 : 20[2000] -> 16[2000] [send] via NET/IB/0
c197-092:18557:18610 [2] NCCL INFO Channel 02 : 14[82000] -> 13[3000] via direct shared memory
c197-092:18557:18610 [2] NCCL INFO Channel 03 : 14[82000] -> 13[3000] via direct shared memory
c197-112:23334:23386 [2] NCCL INFO Channel 02 : 30[82000] -> 29[3000] via direct shared memory
c197-112:23334:23386 [2] NCCL INFO Channel 03 : 30[82000] -> 29[3000] via direct shared memory
c198-022:28911:28974 [1] NCCL INFO Channel 02 : 45[3000] -> 44[2000] via direct shared memory
c198-022:28911:28974 [1] NCCL INFO Channel 03 : 45[3000] -> 44[2000] via direct shared memory
c198-022:28910:28973 [0] NCCL INFO Connected 1 MSCCL algorithms
c198-022:28910:28973 [0] NCCL INFO NCCL_PROTO set by environment to Simple
c198-022:28910:28973 [0] NCCL INFO NCCL_ALGO set by environment to MSCCL,TREE,RING
c198-022:28910:28973 [0] NCCL INFO threadThresholds 8/8/64 | 512/8/64 | 8/8/64 | 8/8/512
c198-022:28910:28973 [0] NCCL INFO 4 coll channels, 2 p2p channels, 2 p2p channels per peer
c197-101:23148:23201 [2] NCCL INFO Channel 02 : 18[82000] -> 17[3000] via direct shared memory
c197-101:23148:23201 [2] NCCL INFO Channel 03 : 18[82000] -> 17[3000] via direct shared memory
c198-031:31760:31815 [3] NCCL INFO Channel 01/0 : 35[83000] -> 51[83000] [receive] via NET/IB/0
c198-041:12746:12802 [3] NCCL INFO Channel 01/0 : 59[83000] -> 51[83000] [send] via NET/IB/0
c197-101:23149:23199 [3] NCCL INFO Channel 01/0 : 34[82000] -> 19[83000] [receive] via NET/IB/0
c198-011:22372:22427 [2] NCCL INFO Channel 01/0 : 34[82000] -> 19[83000] [send] via NET/IB/0
c197-102:852:914 [0] NCCL INFO Connected 1 MSCCL algorithms
c197-102:852:914 [0] NCCL INFO NCCL_PROTO set by environment to Simple
c197-102:852:914 [0] NCCL INFO NCCL_ALGO set by environment to MSCCL,TREE,RING
c197-102:852:914 [0] NCCL INFO threadThresholds 8/8/64 | 512/8/64 | 8/8/64 | 8/8/512
c197-102:852:914 [0] NCCL INFO 4 coll channels, 2 p2p channels, 2 p2p channels per peer
c198-032:25558:25611 [3] NCCL INFO Channel 03/0 : 55[83000] -> 46[82000] [send] via NET/IB/0
c198-022:28916:28969 [2] NCCL INFO Channel 03/0 : 55[83000] -> 46[82000] [receive] via NET/IB/0
c197-101:23146:23203 [0] NCCL INFO Connected 1 MSCCL algorithms
c197-101:23146:23203 [0] NCCL INFO NCCL_PROTO set by environment to Simple
c197-101:23146:23203 [0] NCCL INFO NCCL_ALGO set by environment to MSCCL,TREE,RING
c197-101:23146:23203 [0] NCCL INFO threadThresholds 8/8/64 | 512/8/64 | 8/8/64 | 8/8/512
c197-101:23146:23203 [0] NCCL INFO 4 coll channels, 2 p2p channels, 2 p2p channels per peer
c198-012:19419:19478 [0] NCCL INFO Channel 02/0 : 36[2000] -> 32[2000] [send] via NET/IB/0
c197-102:855:908 [3] NCCL INFO Channel 03/0 : 23[83000] -> 19[83000] [send] via NET/IB/0
c197-101:23147:23205 [1] NCCL INFO Connected 1 MSCCL algorithms
c197-101:23147:23205 [1] NCCL INFO NCCL_PROTO set by environment to Simple
c197-101:23147:23205 [1] NCCL INFO NCCL_ALGO set by environment to MSCCL,TREE,RING
c197-101:23147:23205 [1] NCCL INFO threadThresholds 8/8/64 | 512/8/64 | 8/8/64 | 8/8/512
c197-101:23147:23205 [1] NCCL INFO 4 coll channels, 2 p2p channels, 2 p2p channels per peer
c198-022:28917:28970 [3] NCCL INFO Channel 03/0 : 47[83000] -> 39[83000] [send] via NET/IB/0
c197-081:13990:14045 [3] NCCL INFO Channel 01/0 : 3[83000] -> 35[83000] [send] via NET/IB/0
c197-082:20246:20299 [3] NCCL INFO Channel 03/0 : 15[83000] -> 7[83000] [receive] via NET/IB/0
c197-092:18558:18609 [3] NCCL INFO Channel 03/0 : 15[83000] -> 31[83000] [send] via NET/IB/0
c197-092:18555:18614 [0] NCCL INFO Channel 02/0 : 28[2000] -> 12[2000] [receive] via NET/IB/0
c197-112:23332:23391 [0] NCCL INFO Channel 02/0 : 60[2000] -> 28[2000] [receive] via NET/IB/0
c198-032:25555:25614 [0] NCCL INFO Channel 02/0 : 52[2000] -> 48[2000] [send] via NET/IB/0
c198-011:22372:22427 [2] NCCL INFO Channel 02 : 34[82000] -> 33[3000] via direct shared memory
c198-011:22372:22427 [2] NCCL INFO Channel 03 : 34[82000] -> 33[3000] via direct shared memory
c198-022:28916:28969 [2] NCCL INFO Channel 02 : 46[82000] -> 45[3000] via direct shared memory
c198-022:28916:28969 [2] NCCL INFO Channel 03 : 46[82000] -> 45[3000] via direct shared memory
c198-011:22370:22425 [0] NCCL INFO Connected 1 MSCCL algorithms
c198-011:22370:22425 [0] NCCL INFO NCCL_PROTO set by environment to Simple
c198-011:22370:22425 [0] NCCL INFO NCCL_ALGO set by environment to MSCCL,TREE,RING
c198-011:22370:22425 [0] NCCL INFO threadThresholds 8/8/64 | 512/8/64 | 8/8/64 | 8/8/512
c198-011:22370:22425 [0] NCCL INFO 4 coll channels, 2 p2p channels, 2 p2p channels per peer
c197-091:7488:7542 [3] NCCL INFO Channel 03/0 : 11[83000] -> 6[82000] [send] via NET/IB/0
c198-022:28911:28974 [1] NCCL INFO Connected 1 MSCCL algorithms
c198-022:28911:28974 [1] NCCL INFO NCCL_PROTO set by environment to Simple
c198-022:28911:28974 [1] NCCL INFO NCCL_ALGO set by environment to MSCCL,TREE,RING
c198-022:28911:28974 [1] NCCL INFO threadThresholds 8/8/64 | 512/8/64 | 8/8/64 | 8/8/512
c198-022:28911:28974 [1] NCCL INFO 4 coll channels, 2 p2p channels, 2 p2p channels per peer
c198-012:19419:19478 [0] NCCL INFO Connected 1 MSCCL algorithms
c198-012:19419:19478 [0] NCCL INFO NCCL_PROTO set by environment to Simple
c198-012:19419:19478 [0] NCCL INFO NCCL_ALGO set by environment to MSCCL,TREE,RING
c198-012:19419:19478 [0] NCCL INFO threadThresholds 8/8/64 | 512/8/64 | 8/8/64 | 8/8/512
c198-012:19419:19478 [0] NCCL INFO 4 coll channels, 2 p2p channels, 2 p2p channels per peer
c198-011:22371:22423 [1] NCCL INFO Connected 1 MSCCL algorithms
c198-011:22371:22423 [1] NCCL INFO NCCL_PROTO set by environment to Simple
c198-011:22371:22423 [1] NCCL INFO NCCL_ALGO set by environment to MSCCL,TREE,RING
