TACC:  Starting up job 6212684 
TACC:  Starting parallel tasks... 
# nThread 1 nGpus 1 minBytes 65536 maxBytes 268435456 step: 2(factor) warmup iters: 5 iters: 60 agg iters: 1 validation: 1 graph: 0
#
# Using devices
#  Rank  0 Group  0 Pid  13987 on   c197-081 device  0 [0x02] Quadro RTX 5000
#  Rank  1 Group  0 Pid  13988 on   c197-081 device  1 [0x03] Quadro RTX 5000
#  Rank  2 Group  0 Pid  13989 on   c197-081 device  2 [0x82] Quadro RTX 5000
#  Rank  3 Group  0 Pid  13990 on   c197-081 device  3 [0x83] Quadro RTX 5000
#  Rank  4 Group  0 Pid  20243 on   c197-082 device  0 [0x02] Quadro RTX 5000
#  Rank  5 Group  0 Pid  20244 on   c197-082 device  1 [0x03] Quadro RTX 5000
#  Rank  6 Group  0 Pid  20245 on   c197-082 device  2 [0x82] Quadro RTX 5000
#  Rank  7 Group  0 Pid  20246 on   c197-082 device  3 [0x83] Quadro RTX 5000
#  Rank  8 Group  0 Pid   7485 on   c197-091 device  0 [0x02] Quadro RTX 5000
#  Rank  9 Group  0 Pid   7486 on   c197-091 device  1 [0x03] Quadro RTX 5000
#  Rank 10 Group  0 Pid   7487 on   c197-091 device  2 [0x82] Quadro RTX 5000
#  Rank 11 Group  0 Pid   7488 on   c197-091 device  3 [0x83] Quadro RTX 5000
#  Rank 12 Group  0 Pid  18555 on   c197-092 device  0 [0x02] Quadro RTX 5000
#  Rank 13 Group  0 Pid  18556 on   c197-092 device  1 [0x03] Quadro RTX 5000
#  Rank 14 Group  0 Pid  18557 on   c197-092 device  2 [0x82] Quadro RTX 5000
#  Rank 15 Group  0 Pid  18558 on   c197-092 device  3 [0x83] Quadro RTX 5000
#  Rank 16 Group  0 Pid  23146 on   c197-101 device  0 [0x02] Quadro RTX 5000
#  Rank 17 Group  0 Pid  23147 on   c197-101 device  1 [0x03] Quadro RTX 5000
#  Rank 18 Group  0 Pid  23148 on   c197-101 device  2 [0x82] Quadro RTX 5000
#  Rank 19 Group  0 Pid  23149 on   c197-101 device  3 [0x83] Quadro RTX 5000
#  Rank 20 Group  0 Pid    852 on   c197-102 device  0 [0x02] Quadro RTX 5000
#  Rank 21 Group  0 Pid    853 on   c197-102 device  1 [0x03] Quadro RTX 5000
#  Rank 22 Group  0 Pid    854 on   c197-102 device  2 [0x82] Quadro RTX 5000
#  Rank 23 Group  0 Pid    855 on   c197-102 device  3 [0x83] Quadro RTX 5000
#  Rank 24 Group  0 Pid  12235 on   c197-111 device  0 [0x02] Quadro RTX 5000
#  Rank 25 Group  0 Pid  12236 on   c197-111 device  1 [0x03] Quadro RTX 5000
#  Rank 26 Group  0 Pid  12237 on   c197-111 device  2 [0x82] Quadro RTX 5000
#  Rank 27 Group  0 Pid  12238 on   c197-111 device  3 [0x83] Quadro RTX 5000
#  Rank 28 Group  0 Pid  23332 on   c197-112 device  0 [0x02] Quadro RTX 5000
#  Rank 29 Group  0 Pid  23333 on   c197-112 device  1 [0x03] Quadro RTX 5000
#  Rank 30 Group  0 Pid  23334 on   c197-112 device  2 [0x82] Quadro RTX 5000
#  Rank 31 Group  0 Pid  23335 on   c197-112 device  3 [0x83] Quadro RTX 5000
#  Rank 32 Group  0 Pid  22370 on   c198-011 device  0 [0x02] Quadro RTX 5000
#  Rank 33 Group  0 Pid  22371 on   c198-011 device  1 [0x03] Quadro RTX 5000
#  Rank 34 Group  0 Pid  22372 on   c198-011 device  2 [0x82] Quadro RTX 5000
#  Rank 35 Group  0 Pid  22373 on   c198-011 device  3 [0x83] Quadro RTX 5000
#  Rank 36 Group  0 Pid  19419 on   c198-012 device  0 [0x02] Quadro RTX 5000
#  Rank 37 Group  0 Pid  19420 on   c198-012 device  1 [0x03] Quadro RTX 5000
#  Rank 38 Group  0 Pid  19421 on   c198-012 device  2 [0x82] Quadro RTX 5000
#  Rank 39 Group  0 Pid  19422 on   c198-012 device  3 [0x83] Quadro RTX 5000
#  Rank 40 Group  0 Pid  31348 on   c198-021 device  0 [0x02] Quadro RTX 5000
#  Rank 41 Group  0 Pid  31349 on   c198-021 device  1 [0x03] Quadro RTX 5000
#  Rank 42 Group  0 Pid  31350 on   c198-021 device  2 [0x82] Quadro RTX 5000
#  Rank 43 Group  0 Pid  31351 on   c198-021 device  3 [0x83] Quadro RTX 5000
#  Rank 44 Group  0 Pid  28910 on   c198-022 device  0 [0x02] Quadro RTX 5000
#  Rank 45 Group  0 Pid  28911 on   c198-022 device  1 [0x03] Quadro RTX 5000
#  Rank 46 Group  0 Pid  28916 on   c198-022 device  2 [0x82] Quadro RTX 5000
#  Rank 47 Group  0 Pid  28917 on   c198-022 device  3 [0x83] Quadro RTX 5000
#  Rank 48 Group  0 Pid  31757 on   c198-031 device  0 [0x02] Quadro RTX 5000
#  Rank 49 Group  0 Pid  31758 on   c198-031 device  1 [0x03] Quadro RTX 5000
#  Rank 50 Group  0 Pid  31759 on   c198-031 device  2 [0x82] Quadro RTX 5000
#  Rank 51 Group  0 Pid  31760 on   c198-031 device  3 [0x83] Quadro RTX 5000
#  Rank 52 Group  0 Pid  25555 on   c198-032 device  0 [0x02] Quadro RTX 5000
#  Rank 53 Group  0 Pid  25556 on   c198-032 device  1 [0x03] Quadro RTX 5000
#  Rank 54 Group  0 Pid  25557 on   c198-032 device  2 [0x82] Quadro RTX 5000
#  Rank 55 Group  0 Pid  25558 on   c198-032 device  3 [0x83] Quadro RTX 5000
#  Rank 56 Group  0 Pid  12743 on   c198-041 device  0 [0x02] Quadro RTX 5000
#  Rank 57 Group  0 Pid  12744 on   c198-041 device  1 [0x03] Quadro RTX 5000
#  Rank 58 Group  0 Pid  12745 on   c198-041 device  2 [0x82] Quadro RTX 5000
#  Rank 59 Group  0 Pid  12746 on   c198-041 device  3 [0x83] Quadro RTX 5000
#  Rank 60 Group  0 Pid  14942 on   c198-042 device  0 [0x02] Quadro RTX 5000
#  Rank 61 Group  0 Pid  14943 on   c198-042 device  1 [0x03] Quadro RTX 5000
#  Rank 62 Group  0 Pid  14944 on   c198-042 device  2 [0x82] Quadro RTX 5000
#  Rank 63 Group  0 Pid  14945 on   c198-042 device  3 [0x83] Quadro RTX 5000
The MSCCL XML file exists: /home1/09168/ldai1/ccl-build/msccl_tools_lyd/examples/xml/xml_lyd/binary_tree/allreduce_binary_tree_2ch_2tree_64chunk_16node_64gpu.xml
c197-081:13987:13987 [0] NCCL INFO Bootstrap : Using ib0:192.168.44.137<0>
c197-081:13987:13987 [0] NCCL INFO NET/Plugin : No plugin found (libnccl-net.so), using internal implementation
c197-081:13987:13987 [0] NCCL INFO NET/IB : Using [0]mlx4_0:1/IB [RO]; OOB ib0:192.168.44.137<0>
c197-081:13987:13987 [0] NCCL INFO Using network IB
NCCL version 2.12.12.MSCCL.0.7.4+cuda11.3
c197-081:13989:13989 [2] NCCL INFO Bootstrap : Using ib0:192.168.44.137<0>
c197-081:13989:13989 [2] NCCL INFO NET/Plugin : No plugin found (libnccl-net.so), using internal implementation
c197-081:13989:13989 [2] NCCL INFO NET/IB : Using [0]mlx4_0:1/IB [RO]; OOB ib0:192.168.44.137<0>
c197-081:13989:13989 [2] NCCL INFO Using network IB
c197-081:13990:13990 [3] NCCL INFO Bootstrap : Using ib0:192.168.44.137<0>
c197-081:13988:13988 [1] NCCL INFO Bootstrap : Using ib0:192.168.44.137<0>
c197-081:13990:13990 [3] NCCL INFO NET/Plugin : No plugin found (libnccl-net.so), using internal implementation
c197-081:13988:13988 [1] NCCL INFO NET/Plugin : No plugin found (libnccl-net.so), using internal implementation
c197-081:13990:13990 [3] NCCL INFO NET/IB : Using [0]mlx4_0:1/IB [RO]; OOB ib0:192.168.44.137<0>
c197-081:13990:13990 [3] NCCL INFO Using network IB
c198-041:12745:12745 [2] NCCL INFO Bootstrap : Using ib0:192.168.44.151<0>
c198-041:12745:12745 [2] NCCL INFO NET/Plugin : No plugin found (libnccl-net.so), using internal implementation
c198-041:12745:12745 [2] NCCL INFO NET/IB : Using [0]mlx4_0:1/IB [RO]; OOB ib0:192.168.44.151<0>
c198-041:12745:12745 [2] NCCL INFO Using network IB
c197-081:13988:13988 [1] NCCL INFO NET/IB : Using [0]mlx4_0:1/IB [RO]; OOB ib0:192.168.44.137<0>
c197-081:13988:13988 [1] NCCL INFO Using network IB
c197-091:7486:7486 [1] NCCL INFO Bootstrap : Using ib0:192.168.44.139<0>
c197-091:7486:7486 [1] NCCL INFO NET/Plugin : No plugin found (libnccl-net.so), using internal implementation
c197-091:7486:7486 [1] NCCL INFO NET/IB : Using [0]mlx4_0:1/IB [RO]; OOB ib0:192.168.44.139<0>
c197-091:7486:7486 [1] NCCL INFO Using network IB
c198-011:22371:22371 [1] NCCL INFO Bootstrap : Using ib0:192.168.44.145<0>
c198-011:22371:22371 [1] NCCL INFO NET/Plugin : No plugin found (libnccl-net.so), using internal implementation
c198-011:22370:22370 [0] NCCL INFO Bootstrap : Using ib0:192.168.44.145<0>
c198-011:22370:22370 [0] NCCL INFO NET/Plugin : No plugin found (libnccl-net.so), using internal implementation
c198-042:14942:14942 [0] NCCL INFO Bootstrap : Using ib0:192.168.44.152<0>
c198-042:14942:14942 [0] NCCL INFO NET/Plugin : No plugin found (libnccl-net.so), using internal implementation
c198-032:25557:25557 [2] NCCL INFO Bootstrap : Using ib0:192.168.44.150<0>
c198-032:25557:25557 [2] NCCL INFO NET/Plugin : No plugin found (libnccl-net.so), using internal implementation
c198-011:22371:22371 [1] NCCL INFO NET/IB : Using [0]mlx4_0:1/IB [RO]; OOB ib0:192.168.44.145<0>
c198-011:22371:22371 [1] NCCL INFO Using network IB
c198-011:22372:22372 [2] NCCL INFO Bootstrap : Using ib0:192.168.44.145<0>
c198-011:22372:22372 [2] NCCL INFO NET/Plugin : No plugin found (libnccl-net.so), using internal implementation
c198-011:22370:22370 [0] NCCL INFO NET/IB : Using [0]mlx4_0:1/IB [RO]; OOB ib0:192.168.44.145<0>
c198-011:22370:22370 [0] NCCL INFO Using network IB
c198-042:14942:14942 [0] NCCL INFO NET/IB : Using [0]mlx4_0:1/IB [RO]; OOB ib0:192.168.44.152<0>
c198-042:14942:14942 [0] NCCL INFO Using network IB
c198-011:22372:22372 [2] NCCL INFO NET/IB : Using [0]mlx4_0:1/IB [RO]; OOB ib0:192.168.44.145<0>
c198-011:22372:22372 [2] NCCL INFO Using network IB
c198-032:25557:25557 [2] NCCL INFO NET/IB : Using [0]mlx4_0:1/IB [RO]; OOB ib0:192.168.44.150<0>
c198-032:25557:25557 [2] NCCL INFO Using network IB
c198-012:19422:19422 [3] NCCL INFO Bootstrap : Using ib0:192.168.44.146<0>
c198-012:19421:19421 [2] NCCL INFO Bootstrap : Using ib0:192.168.44.146<0>
c198-012:19421:19421 [2] NCCL INFO NET/Plugin : No plugin found (libnccl-net.so), using internal implementation
c198-012:19422:19422 [3] NCCL INFO NET/Plugin : No plugin found (libnccl-net.so), using internal implementation
c198-011:22373:22373 [3] NCCL INFO Bootstrap : Using ib0:192.168.44.145<0>
c198-011:22373:22373 [3] NCCL INFO NET/Plugin : No plugin found (libnccl-net.so), using internal implementation
c197-112:23334:23334 [2] NCCL INFO Bootstrap : Using ib0:192.168.44.144<0>
c197-112:23335:23335 [3] NCCL INFO Bootstrap : Using ib0:192.168.44.144<0>
c197-112:23334:23334 [2] NCCL INFO NET/Plugin : No plugin found (libnccl-net.so), using internal implementation
c197-112:23335:23335 [3] NCCL INFO NET/Plugin : No plugin found (libnccl-net.so), using internal implementation
c198-011:22373:22373 [3] NCCL INFO NET/IB : Using [0]mlx4_0:1/IB [RO]; OOB ib0:192.168.44.145<0>
c198-011:22373:22373 [3] NCCL INFO Using network IB
c198-012:19421:19421 [2] NCCL INFO NET/IB : Using [0]mlx4_0:1/IB [RO]; OOB ib0:192.168.44.146<0>
c198-012:19421:19421 [2] NCCL INFO Using network IB
c198-012:19422:19422 [3] NCCL INFO NET/IB : Using [0]mlx4_0:1/IB [RO]; OOB ib0:192.168.44.146<0>
c198-012:19422:19422 [3] NCCL INFO Using network IB
c198-041:12743:12743 [0] NCCL INFO Bootstrap : Using ib0:192.168.44.151<0>
c198-041:12744:12744 [1] NCCL INFO Bootstrap : Using ib0:192.168.44.151<0>
c198-041:12743:12743 [0] NCCL INFO NET/Plugin : No plugin found (libnccl-net.so), using internal implementation
c198-041:12744:12744 [1] NCCL INFO NET/Plugin : No plugin found (libnccl-net.so), using internal implementation
c198-032:25555:25555 [0] NCCL INFO Bootstrap : Using ib0:192.168.44.150<0>
c198-032:25558:25558 [3] NCCL INFO Bootstrap : Using ib0:192.168.44.150<0>
c198-032:25556:25556 [1] NCCL INFO Bootstrap : Using ib0:192.168.44.150<0>
c198-032:25558:25558 [3] NCCL INFO NET/Plugin : No plugin found (libnccl-net.so), using internal implementation
c198-032:25555:25555 [0] NCCL INFO NET/Plugin : No plugin found (libnccl-net.so), using internal implementation
c198-032:25556:25556 [1] NCCL INFO NET/Plugin : No plugin found (libnccl-net.so), using internal implementation
c197-091:7485:7485 [0] NCCL INFO Bootstrap : Using ib0:192.168.44.139<0>
c197-091:7485:7485 [0] NCCL INFO NET/Plugin : No plugin found (libnccl-net.so), using internal implementation
c198-022:28916:28916 [2] NCCL INFO Bootstrap : Using ib0:192.168.44.148<0>
c198-022:28917:28917 [3] NCCL INFO Bootstrap : Using ib0:192.168.44.148<0>
c198-022:28916:28916 [2] NCCL INFO NET/Plugin : No plugin found (libnccl-net.so), using internal implementation
c198-022:28917:28917 [3] NCCL INFO NET/Plugin : No plugin found (libnccl-net.so), using internal implementation
c197-112:23333:23333 [1] NCCL INFO Bootstrap : Using ib0:192.168.44.144<0>
c197-112:23333:23333 [1] NCCL INFO NET/Plugin : No plugin found (libnccl-net.so), using internal implementation
c197-112:23334:23334 [2] NCCL INFO NET/IB : Using [0]mlx4_0:1/IB [RO]; OOB ib0:192.168.44.144<0>
c197-112:23334:23334 [2] NCCL INFO Using network IB
c197-112:23335:23335 [3] NCCL INFO NET/IB : Using [0]mlx4_0:1/IB [RO]; OOB ib0:192.168.44.144<0>
c197-112:23335:23335 [3] NCCL INFO Using network IB
c198-021:31350:31350 [2] NCCL INFO Bootstrap : Using ib0:192.168.44.147<0>
c197-112:23333:23333 [1] NCCL INFO NET/IB : Using [0]mlx4_0:1/IB [RO]; OOB ib0:192.168.44.144<0>
c197-112:23333:23333 [1] NCCL INFO Using network IB
c198-021:31350:31350 [2] NCCL INFO NET/Plugin : No plugin found (libnccl-net.so), using internal implementation
c197-091:7488:7488 [3] NCCL INFO Bootstrap : Using ib0:192.168.44.139<0>
c197-091:7488:7488 [3] NCCL INFO NET/Plugin : No plugin found (libnccl-net.so), using internal implementation
c197-091:7485:7485 [0] NCCL INFO NET/IB : Using [0]mlx4_0:1/IB [RO]; OOB ib0:192.168.44.139<0>
c197-091:7485:7485 [0] NCCL INFO Using network IB
c198-041:12746:12746 [3] NCCL INFO Bootstrap : Using ib0:192.168.44.151<0>
c198-041:12746:12746 [3] NCCL INFO NET/Plugin : No plugin found (libnccl-net.so), using internal implementation
c198-022:28916:28916 [2] NCCL INFO NET/IB : Using [0]mlx4_0:1/IB [RO]; OOB ib0:192.168.44.148<0>
c198-022:28916:28916 [2] NCCL INFO Using network IB
c198-022:28917:28917 [3] NCCL INFO NET/IB : Using [0]mlx4_0:1/IB [RO]; OOB ib0:192.168.44.148<0>
c198-022:28917:28917 [3] NCCL INFO Using network IB
c197-111:12235:12235 [0] NCCL INFO Bootstrap : Using ib0:192.168.44.143<0>
c197-091:7488:7488 [3] NCCL INFO NET/IB : Using [0]mlx4_0:1/IB [RO]; OOB ib0:192.168.44.139<0>
c197-091:7488:7488 [3] NCCL INFO Using network IB
c197-111:12237:12237 [2] NCCL INFO Bootstrap : Using ib0:192.168.44.143<0>
c197-111:12238:12238 [3] NCCL INFO Bootstrap : Using ib0:192.168.44.143<0>
c197-111:12235:12235 [0] NCCL INFO NET/Plugin : No plugin found (libnccl-net.so), using internal implementation
c197-111:12237:12237 [2] NCCL INFO NET/Plugin : No plugin found (libnccl-net.so), using internal implementation
c197-111:12238:12238 [3] NCCL INFO NET/Plugin : No plugin found (libnccl-net.so), using internal implementation
c198-041:12744:12744 [1] NCCL INFO NET/IB : Using [0]mlx4_0:1/IB [RO]; OOB ib0:192.168.44.151<0>
c198-041:12744:12744 [1] NCCL INFO Using network IB
c198-041:12743:12743 [0] NCCL INFO NET/IB : Using [0]mlx4_0:1/IB [RO]; OOB ib0:192.168.44.151<0>
c198-041:12743:12743 [0] NCCL INFO Using network IB
c198-021:31350:31350 [2] NCCL INFO NET/IB : Using [0]mlx4_0:1/IB [RO]; OOB ib0:192.168.44.147<0>
c198-021:31350:31350 [2] NCCL INFO Using network IB
c197-092:18557:18557 [2] NCCL INFO Bootstrap : Using ib0:192.168.44.140<0>
c197-092:18558:18558 [3] NCCL INFO Bootstrap : Using ib0:192.168.44.140<0>
c198-041:12746:12746 [3] NCCL INFO NET/IB : Using [0]mlx4_0:1/IB [RO]; OOB ib0:192.168.44.151<0>
c198-041:12746:12746 [3] NCCL INFO Using network IB
c197-092:18557:18557 [2] NCCL INFO NET/Plugin : No plugin found (libnccl-net.so), using internal implementation
c197-092:18558:18558 [3] NCCL INFO NET/Plugin : No plugin found (libnccl-net.so), using internal implementation
c198-032:25558:25558 [3] NCCL INFO NET/IB : Using [0]mlx4_0:1/IB [RO]; OOB ib0:192.168.44.150<0>
c198-032:25558:25558 [3] NCCL INFO Using network IB
c198-032:25556:25556 [1] NCCL INFO NET/IB : Using [0]mlx4_0:1/IB [RO]; OOB ib0:192.168.44.150<0>
c198-032:25556:25556 [1] NCCL INFO Using network IB
c198-032:25555:25555 [0] NCCL INFO NET/IB : Using [0]mlx4_0:1/IB [RO]; OOB ib0:192.168.44.150<0>
c198-032:25555:25555 [0] NCCL INFO Using network IB
c198-031:31758:31758 [1] NCCL INFO Bootstrap : Using ib0:192.168.44.149<0>
c198-031:31758:31758 [1] NCCL INFO NET/Plugin : No plugin found (libnccl-net.so), using internal implementation
c198-012:19420:19420 [1] NCCL INFO Bootstrap : Using ib0:192.168.44.146<0>
c198-012:19420:19420 [1] NCCL INFO NET/Plugin : No plugin found (libnccl-net.so), using internal implementation
c197-112:23332:23332 [0] NCCL INFO Bootstrap : Using ib0:192.168.44.144<0>
c197-102:855:855 [3] NCCL INFO Bootstrap : Using ib0:192.168.44.142<0>
c197-112:23332:23332 [0] NCCL INFO NET/Plugin : No plugin found (libnccl-net.so), using internal implementation
c197-102:854:854 [2] NCCL INFO Bootstrap : Using ib0:192.168.44.142<0>
c197-102:854:854 [2] NCCL INFO NET/Plugin : No plugin found (libnccl-net.so), using internal implementation
c197-102:855:855 [3] NCCL INFO NET/Plugin : No plugin found (libnccl-net.so), using internal implementation
c198-031:31758:31758 [1] NCCL INFO NET/IB : Using [0]mlx4_0:1/IB [RO]; OOB ib0:192.168.44.149<0>
c198-031:31758:31758 [1] NCCL INFO Using network IB
c198-042:14944:14944 [2] NCCL INFO Bootstrap : Using ib0:192.168.44.152<0>
c198-042:14944:14944 [2] NCCL INFO NET/Plugin : No plugin found (libnccl-net.so), using internal implementation
c197-091:7487:7487 [2] NCCL INFO Bootstrap : Using ib0:192.168.44.139<0>
c198-022:28910:28910 [0] NCCL INFO Bootstrap : Using ib0:192.168.44.148<0>
c198-022:28911:28911 [1] NCCL INFO Bootstrap : Using ib0:192.168.44.148<0>
c197-091:7487:7487 [2] NCCL INFO NET/Plugin : No plugin found (libnccl-net.so), using internal implementation
c198-022:28910:28910 [0] NCCL INFO NET/Plugin : No plugin found (libnccl-net.so), using internal implementation
c198-022:28911:28911 [1] NCCL INFO NET/Plugin : No plugin found (libnccl-net.so), using internal implementation
c197-112:23332:23332 [0] NCCL INFO NET/IB : Using [0]mlx4_0:1/IB [RO]; OOB ib0:192.168.44.144<0>
c197-112:23332:23332 [0] NCCL INFO Using network IB
c198-012:19419:19419 [0] NCCL INFO Bootstrap : Using ib0:192.168.44.146<0>
c198-012:19419:19419 [0] NCCL INFO NET/Plugin : No plugin found (libnccl-net.so), using internal implementation
c198-012:19420:19420 [1] NCCL INFO NET/IB : Using [0]mlx4_0:1/IB [RO]; OOB ib0:192.168.44.146<0>
c198-012:19420:19420 [1] NCCL INFO Using network IB
c198-042:14944:14944 [2] NCCL INFO NET/IB : Using [0]mlx4_0:1/IB [RO]; OOB ib0:192.168.44.152<0>
c198-042:14944:14944 [2] NCCL INFO Using network IB
c198-012:19419:19419 [0] NCCL INFO NET/IB : Using [0]mlx4_0:1/IB [RO]; OOB ib0:192.168.44.146<0>
c198-012:19419:19419 [0] NCCL INFO Using network IB
c197-091:7487:7487 [2] NCCL INFO NET/IB : Using [0]mlx4_0:1/IB [RO]; OOB ib0:192.168.44.139<0>
c197-091:7487:7487 [2] NCCL INFO Using network IB
c197-102:855:855 [3] NCCL INFO NET/IB : Using [0]mlx4_0:1/IB [RO]; OOB ib0:192.168.44.142<0>
c197-102:855:855 [3] NCCL INFO Using network IB
c197-102:854:854 [2] NCCL INFO NET/IB : Using [0]mlx4_0:1/IB [RO]; OOB ib0:192.168.44.142<0>
c197-102:854:854 [2] NCCL INFO Using network IB
c198-021:31351:31351 [3] NCCL INFO Bootstrap : Using ib0:192.168.44.147<0>
c198-021:31349:31349 [1] NCCL INFO Bootstrap : Using ib0:192.168.44.147<0>
c198-021:31348:31348 [0] NCCL INFO Bootstrap : Using ib0:192.168.44.147<0>
c198-021:31351:31351 [3] NCCL INFO NET/Plugin : No plugin found (libnccl-net.so), using internal implementation
c197-102:853:853 [1] NCCL INFO Bootstrap : Using ib0:192.168.44.142<0>
c198-021:31348:31348 [0] NCCL INFO NET/Plugin : No plugin found (libnccl-net.so), using internal implementation
c198-021:31349:31349 [1] NCCL INFO NET/Plugin : No plugin found (libnccl-net.so), using internal implementation
c197-102:853:853 [1] NCCL INFO NET/Plugin : No plugin found (libnccl-net.so), using internal implementation
c197-111:12236:12236 [1] NCCL INFO Bootstrap : Using ib0:192.168.44.143<0>
c198-031:31757:31757 [0] NCCL INFO Bootstrap : Using ib0:192.168.44.149<0>
c198-031:31759:31759 [2] NCCL INFO Bootstrap : Using ib0:192.168.44.149<0>
c197-111:12236:12236 [1] NCCL INFO NET/Plugin : No plugin found (libnccl-net.so), using internal implementation
c198-031:31760:31760 [3] NCCL INFO Bootstrap : Using ib0:192.168.44.149<0>
c198-031:31757:31757 [0] NCCL INFO NET/Plugin : No plugin found (libnccl-net.so), using internal implementation
c198-031:31760:31760 [3] NCCL INFO NET/Plugin : No plugin found (libnccl-net.so), using internal implementation
c198-031:31759:31759 [2] NCCL INFO NET/Plugin : No plugin found (libnccl-net.so), using internal implementation
c197-092:18555:18555 [0] NCCL INFO Bootstrap : Using ib0:192.168.44.140<0>
c197-102:853:853 [1] NCCL INFO NET/IB : Using [0]mlx4_0:1/IB [RO]; OOB ib0:192.168.44.142<0>
c197-102:853:853 [1] NCCL INFO Using network IB
c197-092:18556:18556 [1] NCCL INFO Bootstrap : Using ib0:192.168.44.140<0>
c197-092:18555:18555 [0] NCCL INFO NET/Plugin : No plugin found (libnccl-net.so), using internal implementation
c197-092:18556:18556 [1] NCCL INFO NET/Plugin : No plugin found (libnccl-net.so), using internal implementation
c198-022:28910:28910 [0] NCCL INFO NET/IB : Using [0]mlx4_0:1/IB [RO]; OOB ib0:192.168.44.148<0>
c198-022:28910:28910 [0] NCCL INFO Using network IB
c197-102:852:852 [0] NCCL INFO Bootstrap : Using ib0:192.168.44.142<0>
c198-022:28911:28911 [1] NCCL INFO NET/IB : Using [0]mlx4_0:1/IB [RO]; OOB ib0:192.168.44.148<0>
c198-022:28911:28911 [1] NCCL INFO Using network IB
c197-111:12235:12235 [0] NCCL INFO NET/IB : Using [0]mlx4_0:1/IB [RO]; OOB ib0:192.168.44.143<0>
c197-111:12235:12235 [0] NCCL INFO Using network IB
c197-102:852:852 [0] NCCL INFO NET/Plugin : No plugin found (libnccl-net.so), using internal implementation
c197-111:12237:12237 [2] NCCL INFO NET/IB : Using [0]mlx4_0:1/IB [RO]; OOB ib0:192.168.44.143<0>
c197-111:12237:12237 [2] NCCL INFO Using network IB
c197-111:12238:12238 [3] NCCL INFO NET/IB : Using [0]mlx4_0:1/IB [RO]; OOB ib0:192.168.44.143<0>
c197-111:12238:12238 [3] NCCL INFO Using network IB
c197-082:20245:20245 [2] NCCL INFO Bootstrap : Using ib0:192.168.44.138<0>
c197-082:20246:20246 [3] NCCL INFO Bootstrap : Using ib0:192.168.44.138<0>
c197-082:20245:20245 [2] NCCL INFO NET/Plugin : No plugin found (libnccl-net.so), using internal implementation
c197-092:18558:18558 [3] NCCL INFO NET/IB : Using [0]mlx4_0:1/IB [RO]; OOB ib0:192.168.44.140<0>
c197-092:18558:18558 [3] NCCL INFO Using network IB
c197-082:20246:20246 [3] NCCL INFO NET/Plugin : No plugin found (libnccl-net.so), using internal implementation
c197-092:18557:18557 [2] NCCL INFO NET/IB : Using [0]mlx4_0:1/IB [RO]; OOB ib0:192.168.44.140<0>
c197-092:18557:18557 [2] NCCL INFO Using network IB
c197-111:12236:12236 [1] NCCL INFO NET/IB : Using [0]mlx4_0:1/IB [RO]; OOB ib0:192.168.44.143<0>
c197-111:12236:12236 [1] NCCL INFO Using network IB
c197-092:18556:18556 [1] NCCL INFO NET/IB : Using [0]mlx4_0:1/IB [RO]; OOB ib0:192.168.44.140<0>
c197-092:18556:18556 [1] NCCL INFO Using network IB
c197-092:18555:18555 [0] NCCL INFO NET/IB : Using [0]mlx4_0:1/IB [RO]; OOB ib0:192.168.44.140<0>
c197-092:18555:18555 [0] NCCL INFO Using network IB
c197-102:852:852 [0] NCCL INFO NET/IB : Using [0]mlx4_0:1/IB [RO]; OOB ib0:192.168.44.142<0>
c197-102:852:852 [0] NCCL INFO Using network IB
c198-021:31351:31351 [3] NCCL INFO NET/IB : Using [0]mlx4_0:1/IB [RO]; OOB ib0:192.168.44.147<0>
c198-021:31351:31351 [3] NCCL INFO Using network IB
c198-021:31349:31349 [1] NCCL INFO NET/IB : Using [0]mlx4_0:1/IB [RO]; OOB ib0:192.168.44.147<0>
c198-021:31349:31349 [1] NCCL INFO Using network IB
c198-021:31348:31348 [0] NCCL INFO NET/IB : Using [0]mlx4_0:1/IB [RO]; OOB ib0:192.168.44.147<0>
c198-021:31348:31348 [0] NCCL INFO Using network IB
c198-042:14945:14945 [3] NCCL INFO Bootstrap : Using ib0:192.168.44.152<0>
c198-042:14943:14943 [1] NCCL INFO Bootstrap : Using ib0:192.168.44.152<0>
c198-042:14945:14945 [3] NCCL INFO NET/Plugin : No plugin found (libnccl-net.so), using internal implementation
c198-042:14943:14943 [1] NCCL INFO NET/Plugin : No plugin found (libnccl-net.so), using internal implementation
c198-031:31757:31757 [0] NCCL INFO NET/IB : Using [0]mlx4_0:1/IB [RO]; OOB ib0:192.168.44.149<0>
c198-031:31757:31757 [0] NCCL INFO Using network IB
c198-031:31760:31760 [3] NCCL INFO NET/IB : Using [0]mlx4_0:1/IB [RO]; OOB ib0:192.168.44.149<0>
c198-031:31760:31760 [3] NCCL INFO Using network IB
c198-031:31759:31759 [2] NCCL INFO NET/IB : Using [0]mlx4_0:1/IB [RO]; OOB ib0:192.168.44.149<0>
c198-031:31759:31759 [2] NCCL INFO Using network IB
c197-101:23149:23149 [3] NCCL INFO Bootstrap : Using ib0:192.168.44.141<0>
c197-101:23149:23149 [3] NCCL INFO NET/Plugin : No plugin found (libnccl-net.so), using internal implementation
c197-101:23148:23148 [2] NCCL INFO Bootstrap : Using ib0:192.168.44.141<0>
c197-101:23148:23148 [2] NCCL INFO NET/Plugin : No plugin found (libnccl-net.so), using internal implementation
c197-082:20243:20243 [0] NCCL INFO Bootstrap : Using ib0:192.168.44.138<0>
c197-082:20243:20243 [0] NCCL INFO NET/Plugin : No plugin found (libnccl-net.so), using internal implementation
c197-101:23149:23149 [3] NCCL INFO NET/IB : Using [0]mlx4_0:1/IB [RO]; OOB ib0:192.168.44.141<0>
c197-101:23149:23149 [3] NCCL INFO Using network IB
c197-082:20245:20245 [2] NCCL INFO NET/IB : Using [0]mlx4_0:1/IB [RO]; OOB ib0:192.168.44.138<0>
c197-082:20245:20245 [2] NCCL INFO Using network IB
c197-082:20246:20246 [3] NCCL INFO NET/IB : Using [0]mlx4_0:1/IB [RO]; OOB ib0:192.168.44.138<0>
c197-082:20246:20246 [3] NCCL INFO Using network IB
c197-101:23148:23148 [2] NCCL INFO NET/IB : Using [0]mlx4_0:1/IB [RO]; OOB ib0:192.168.44.141<0>
c197-101:23148:23148 [2] NCCL INFO Using network IB
c197-082:20244:20244 [1] NCCL INFO Bootstrap : Using ib0:192.168.44.138<0>
c198-042:14943:14943 [1] NCCL INFO NET/IB : Using [0]mlx4_0:1/IB [RO]; OOB ib0:192.168.44.152<0>
c198-042:14943:14943 [1] NCCL INFO Using network IB
c197-082:20244:20244 [1] NCCL INFO NET/Plugin : No plugin found (libnccl-net.so), using internal implementation
c198-042:14945:14945 [3] NCCL INFO NET/IB : Using [0]mlx4_0:1/IB [RO]; OOB ib0:192.168.44.152<0>
c198-042:14945:14945 [3] NCCL INFO Using network IB
c197-082:20243:20243 [0] NCCL INFO NET/IB : Using [0]mlx4_0:1/IB [RO]; OOB ib0:192.168.44.138<0>
c197-082:20243:20243 [0] NCCL INFO Using network IB
c197-082:20244:20244 [1] NCCL INFO NET/IB : Using [0]mlx4_0:1/IB [RO]; OOB ib0:192.168.44.138<0>
c197-082:20244:20244 [1] NCCL INFO Using network IB
c197-101:23146:23146 [0] NCCL INFO Bootstrap : Using ib0:192.168.44.141<0>
c197-101:23146:23146 [0] NCCL INFO NET/Plugin : No plugin found (libnccl-net.so), using internal implementation
c197-101:23147:23147 [1] NCCL INFO Bootstrap : Using ib0:192.168.44.141<0>
c197-101:23147:23147 [1] NCCL INFO NET/Plugin : No plugin found (libnccl-net.so), using internal implementation
c197-101:23146:23146 [0] NCCL INFO NET/IB : Using [0]mlx4_0:1/IB [RO]; OOB ib0:192.168.44.141<0>
c197-101:23146:23146 [0] NCCL INFO Using network IB
c197-101:23147:23147 [1] NCCL INFO NET/IB : Using [0]mlx4_0:1/IB [RO]; OOB ib0:192.168.44.141<0>
c197-101:23147:23147 [1] NCCL INFO Using network IB
c197-081:13987:14038 [0] NCCL INFO Setting affinity for GPU 0 to 0f000f
c198-031:31760:31815 [3] NCCL INFO Setting affinity for GPU 3 to f000f000
c197-082:20246:20299 [3] NCCL INFO Setting affinity for GPU 3 to f000f000
c198-021:31351:31404 [3] NCCL INFO Setting affinity for GPU 3 to f000f000
c198-041:12746:12802 [3] NCCL INFO Setting affinity for GPU 3 to f000f000
c198-022:28917:28970 [3] NCCL INFO Setting affinity for GPU 3 to f000f000
c198-011:22373:22429 [3] NCCL INFO Setting affinity for GPU 3 to f000f000
c197-102:855:908 [3] NCCL INFO Setting affinity for GPU 3 to f000f000
c198-032:25558:25611 [3] NCCL INFO Setting affinity for GPU 3 to f000f000
c197-101:23149:23199 [3] NCCL INFO Setting affinity for GPU 3 to f000f000
c198-012:19422:19474 [3] NCCL INFO Setting affinity for GPU 3 to f000f000
c197-112:23335:23387 [3] NCCL INFO Setting affinity for GPU 3 to f000f000
c197-092:18558:18609 [3] NCCL INFO Setting affinity for GPU 3 to f000f000
c197-091:7488:7542 [3] NCCL INFO Setting affinity for GPU 3 to f000f000
c198-042:14945:15002 [3] NCCL INFO Setting affinity for GPU 3 to f000f000
c197-111:12238:12292 [3] NCCL INFO Setting affinity for GPU 3 to f000f000
c197-081:13988:14047 [1] NCCL INFO Setting affinity for GPU 1 to f000f0
c197-081:13990:14045 [3] NCCL INFO Setting affinity for GPU 3 to f000f000
c197-081:13989:14043 [2] NCCL INFO Setting affinity for GPU 2 to 0f000f00
c198-032:25557:25608 [2] NCCL INFO Setting affinity for GPU 2 to 0f000f00
c198-022:28911:28974 [1] NCCL INFO Setting affinity for GPU 1 to f000f0
c197-102:852:914 [0] NCCL INFO Setting affinity for GPU 0 to 0f000f
c198-011:22371:22423 [1] NCCL INFO Setting affinity for GPU 1 to f000f0
c198-021:31350:31401 [2] NCCL INFO Setting affinity for GPU 2 to 0f000f00
c198-011:22370:22425 [0] NCCL INFO Setting affinity for GPU 0 to 0f000f
c197-111:12236:12294 [1] NCCL INFO Setting affinity for GPU 1 to f000f0
c198-042:14942:14996 [0] NCCL INFO Setting affinity for GPU 0 to 0f000f
c197-111:12237:12291 [2] NCCL INFO Setting affinity for GPU 2 to 0f000f00
c197-091:7487:7544 [2] NCCL INFO Setting affinity for GPU 2 to 0f000f00
c197-091:7486:7538 [1] NCCL INFO Setting affinity for GPU 1 to f000f0
c197-112:23333:23389 [1] NCCL INFO Setting affinity for GPU 1 to f000f0
c198-042:14944:14998 [2] NCCL INFO Setting affinity for GPU 2 to 0f000f00
c198-042:14943:15001 [1] NCCL INFO Setting affinity for GPU 1 to f000f0
c198-022:28916:28969 [2] NCCL INFO Setting affinity for GPU 2 to 0f000f00
c197-102:853:912 [1] NCCL INFO Setting affinity for GPU 1 to f000f0
c197-102:854:909 [2] NCCL INFO Setting affinity for GPU 2 to 0f000f00
c198-011:22372:22427 [2] NCCL INFO Setting affinity for GPU 2 to 0f000f00
c197-092:18555:18614 [0] NCCL INFO Setting affinity for GPU 0 to 0f000f
c197-111:12235:12289 [0] NCCL INFO Setting affinity for GPU 0 to 0f000f
c197-112:23332:23391 [0] NCCL INFO Setting affinity for GPU 0 to 0f000f
c197-101:23148:23201 [2] NCCL INFO Setting affinity for GPU 2 to 0f000f00
c197-112:23334:23386 [2] NCCL INFO Setting affinity for GPU 2 to 0f000f00
c198-032:25555:25614 [0] NCCL INFO Setting affinity for GPU 0 to 0f000f
c197-082:20245:20298 [2] NCCL INFO Setting affinity for GPU 2 to 0f000f00
c198-032:25556:25613 [1] NCCL INFO Setting affinity for GPU 1 to f000f0
c198-031:31757:31813 [0] NCCL INFO Setting affinity for GPU 0 to 0f000f
c198-022:28910:28973 [0] NCCL INFO Setting affinity for GPU 0 to 0f000f
c198-041:12744:12799 [1] NCCL INFO Setting affinity for GPU 1 to f000f0
c197-092:18557:18610 [2] NCCL INFO Setting affinity for GPU 2 to 0f000f00
c197-092:18556:18613 [1] NCCL INFO Setting affinity for GPU 1 to f000f0
c198-021:31349:31406 [1] NCCL INFO Setting affinity for GPU 1 to f000f0
c198-031:31759:31816 [2] NCCL INFO Setting affinity for GPU 2 to 0f000f00
c198-041:12743:12800 [0] NCCL INFO Setting affinity for GPU 0 to 0f000f
c198-041:12745:12796 [2] NCCL INFO Setting affinity for GPU 2 to 0f000f00
c198-031:31758:31810 [1] NCCL INFO Setting affinity for GPU 1 to f000f0
c197-082:20244:20303 [1] NCCL INFO Setting affinity for GPU 1 to f000f0
c197-082:20243:20301 [0] NCCL INFO Setting affinity for GPU 0 to 0f000f
c197-091:7485:7540 [0] NCCL INFO Setting affinity for GPU 0 to 0f000f
c198-021:31348:31407 [0] NCCL INFO Setting affinity for GPU 0 to 0f000f
c197-101:23146:23203 [0] NCCL INFO Setting affinity for GPU 0 to 0f000f
c198-012:19420:19476 [1] NCCL INFO Setting affinity for GPU 1 to f000f0
c198-012:19421:19473 [2] NCCL INFO Setting affinity for GPU 2 to 0f000f00
c197-101:23147:23205 [1] NCCL INFO Setting affinity for GPU 1 to f000f0
c198-012:19419:19478 [0] NCCL INFO Setting affinity for GPU 0 to 0f000f
c198-012:19419:19478 [0] NCCL INFO Trees [0] 37/-1/-1->36->41 [1] 37/32/-1->36->44
c198-012:19420:19476 [1] NCCL INFO Trees [0] 38/-1/-1->37->36 [1] 38/40/-1->37->36
c198-011:22373:22429 [3] NCCL INFO Trees [0] -1/-1/-1->35->34 [1] -1/-1/-1->35->34
c198-021:31349:31406 [1] NCCL INFO Trees [0] 42/36/-1->41->40 [1] 42/-1/-1->41->40
c198-012:19421:19473 [2] NCCL INFO Trees [0] 39/-1/-1->38->37 [1] 39/-1/-1->38->37
c198-022:28910:28973 [0] NCCL INFO Trees [0] 45/-1/-1->44->40 [1] 45/36/-1->44->29
c198-021:31350:31401 [2] NCCL INFO Trees [0] 43/-1/-1->42->41 [1] 43/-1/-1->42->41
c197-112:23335:23387 [3] NCCL INFO Trees [0] -1/-1/-1->31->30 [1] -1/-1/-1->31->30
c198-031:31757:31813 [0] NCCL INFO Trees [0] 49/56/-1->48->32 [1] 49/-1/-1->48->52
c198-012:19422:19474 [3] NCCL INFO Trees [0] -1/-1/-1->39->38 [1] -1/-1/-1->39->38
c198-022:28911:28974 [1] NCCL INFO Trees [0] 46/-1/-1->45->44 [1] 46/52/-1->45->44
c198-011:22372:22427 [2] NCCL INFO Trees [0] 35/-1/-1->34->33 [1] 35/-1/-1->34->33
c198-021:31351:31404 [3] NCCL INFO Trees [0] -1/-1/-1->43->42 [1] -1/-1/-1->43->42
c197-112:23334:23386 [2] NCCL INFO Trees [0] 31/-1/-1->30->29 [1] 31/-1/-1->30->29
c197-102:855:908 [3] NCCL INFO Trees [0] -1/-1/-1->23->22 [1] -1/-1/-1->23->22
c198-022:28916:28969 [2] NCCL INFO Trees [0] 47/-1/-1->46->45 [1] 47/-1/-1->46->45
c198-011:22371:22423 [1] NCCL INFO Trees [0] 34/16/-1->33->32 [1] 34/-1/-1->33->32
c197-081:13987:14038 [0] NCCL INFO Channel 00/02 :    0   1   2   3   4   5   6   7   8   9  10  11  12  13  14  15  16  17  18  19
c197-081:13987:14038 [0] NCCL INFO Channel 01/02 :    0   1   2   3   4   5   6   7   8   9  10  11  12  13  14  15  16  17  18  19
c197-081:13987:14038 [0] NCCL INFO Trees [0] 1/32/-1->0->-1 [1] 1/-1/-1->0->4
c198-021:31348:31407 [0] NCCL INFO Trees [0] 41/44/-1->40->49 [1] 41/-1/-1->40->37
c197-112:23332:23391 [0] NCCL INFO Trees [0] 29/-1/-1->28->24 [1] 29/12/-1->28->60
c198-031:31759:31816 [2] NCCL INFO Trees [0] 51/-1/-1->50->49 [1] 51/-1/-1->50->49
c198-032:25555:25614 [0] NCCL INFO Trees [0] 53/-1/-1->52->57 [1] 53/48/-1->52->45
c198-041:12743:12800 [0] NCCL INFO Trees [0] 57/60/-1->56->48 [1] 57/-1/-1->56->53
c197-111:12235:12289 [0] NCCL INFO Trees [0] 25/28/-1->24->16 [1] 25/-1/-1->24->21
c197-102:854:909 [2] NCCL INFO Trees [0] 23/-1/-1->22->21 [1] 23/-1/-1->22->21
c197-101:23149:23199 [3] NCCL INFO Trees [0] -1/-1/-1->19->18 [1] -1/-1/-1->19->18
c198-022:28917:28970 [3] NCCL INFO Trees [0] -1/-1/-1->47->46 [1] -1/-1/-1->47->46
c197-092:18558:18609 [3] NCCL INFO Trees [0] -1/-1/-1->15->14 [1] -1/-1/-1->15->14
c198-042:14944:14998 [2] NCCL INFO Trees [0] 63/-1/-1->62->61 [1] 63/-1/-1->62->61
c198-011:22370:22425 [0] NCCL INFO Trees [0] 33/48/-1->32->0 [1] 33/-1/-1->32->36
c197-112:23333:23389 [1] NCCL INFO Trees [0] 30/-1/-1->29->28 [1] 30/44/-1->29->28
c198-031:31760:31815 [3] NCCL INFO Trees [0] -1/-1/-1->51->50 [1] -1/-1/-1->51->50
c198-032:25556:25613 [1] NCCL INFO Trees [0] 54/-1/-1->53->52 [1] 54/56/-1->53->52
c197-091:7486:7538 [1] NCCL INFO Trees [0] 10/4/-1->9->8 [1] 10/-1/-1->9->8
c198-041:12745:12796 [2] NCCL INFO Trees [0] 59/-1/-1->58->57 [1] 59/-1/-1->58->57
c197-111:12236:12294 [1] NCCL INFO Trees [0] 26/20/-1->25->24 [1] 26/-1/-1->25->24
c197-102:853:912 [1] NCCL INFO Trees [0] 22/-1/-1->21->20 [1] 22/24/-1->21->20
c197-101:23148:23201 [2] NCCL INFO Trees [0] 19/-1/-1->18->17 [1] 19/-1/-1->18->17
c197-092:18557:18610 [2] NCCL INFO Trees [0] 15/-1/-1->14->13 [1] 15/-1/-1->14->13
c198-042:14945:15002 [3] NCCL INFO Trees [0] -1/-1/-1->63->62 [1] -1/-1/-1->63->62
c197-081:13988:14047 [1] NCCL INFO Trees [0] 2/-1/-1->1->0 [1] 2/-1/-1->1->0
c198-031:31758:31810 [1] NCCL INFO Trees [0] 50/40/-1->49->48 [1] 50/-1/-1->49->48
c198-032:25557:25608 [2] NCCL INFO Trees [0] 55/-1/-1->54->53 [1] 55/-1/-1->54->53
c197-091:7487:7544 [2] NCCL INFO Trees [0] 11/-1/-1->10->9 [1] 11/-1/-1->10->9
c198-041:12744:12799 [1] NCCL INFO Trees [0] 58/52/-1->57->56 [1] 58/-1/-1->57->56
c197-111:12237:12291 [2] NCCL INFO Trees [0] 27/-1/-1->26->25 [1] 27/-1/-1->26->25
c197-102:852:914 [0] NCCL INFO Trees [0] 21/-1/-1->20->25 [1] 21/16/-1->20->13
c197-101:23147:23205 [1] NCCL INFO Trees [0] 18/8/-1->17->16 [1] 18/-1/-1->17->16
c197-092:18556:18613 [1] NCCL INFO Trees [0] 14/-1/-1->13->12 [1] 14/20/-1->13->12
c198-042:14942:14996 [0] NCCL INFO Trees [0] 61/-1/-1->60->56 [1] 61/28/-1->60->-1
c197-081:13989:14043 [2] NCCL INFO Trees [0] 3/-1/-1->2->1 [1] 3/-1/-1->2->1
c198-032:25558:25611 [3] NCCL INFO Trees [0] -1/-1/-1->55->54 [1] -1/-1/-1->55->54
c197-091:7488:7542 [3] NCCL INFO Trees [0] -1/-1/-1->11->10 [1] -1/-1/-1->11->10
c198-041:12746:12802 [3] NCCL INFO Trees [0] -1/-1/-1->59->58 [1] -1/-1/-1->59->58
c197-111:12238:12292 [3] NCCL INFO Trees [0] -1/-1/-1->27->26 [1] -1/-1/-1->27->26
c197-101:23146:23203 [0] NCCL INFO Trees [0] 17/24/-1->16->33 [1] 17/-1/-1->16->20
c197-092:18555:18614 [0] NCCL INFO Trees [0] 13/-1/-1->12->8 [1] 13/4/-1->12->28
c198-042:14943:15001 [1] NCCL INFO Trees [0] 62/-1/-1->61->60 [1] 62/-1/-1->61->60
c197-082:20246:20299 [3] NCCL INFO Trees [0] -1/-1/-1->7->6 [1] -1/-1/-1->7->6
c197-081:13990:14045 [3] NCCL INFO Trees [0] -1/-1/-1->3->2 [1] -1/-1/-1->3->2
c197-091:7485:7540 [0] NCCL INFO Trees [0] 9/12/-1->8->17 [1] 9/-1/-1->8->5
c197-082:20244:20303 [1] NCCL INFO Trees [0] 6/-1/-1->5->4 [1] 6/8/-1->5->4
c197-082:20245:20298 [2] NCCL INFO Trees [0] 7/-1/-1->6->5 [1] 7/-1/-1->6->5
c197-082:20243:20301 [0] NCCL INFO Trees [0] 5/-1/-1->4->9 [1] 5/0/-1->4->12
c198-012:19419:19478 [0] NCCL INFO Channel 00/0 : 35[83000] -> 36[2000] [receive] via NET/IB/0
c198-021:31348:31407 [0] NCCL INFO Channel 00/0 : 39[83000] -> 40[2000] [receive] via NET/IB/0
c198-031:31757:31813 [0] NCCL INFO Channel 00/0 : 47[83000] -> 48[2000] [receive] via NET/IB/0
c198-011:22370:22425 [0] NCCL INFO Channel 00/0 : 31[83000] -> 32[2000] [receive] via NET/IB/0
c197-112:23332:23391 [0] NCCL INFO Channel 00/0 : 27[83000] -> 28[2000] [receive] via NET/IB/0
c198-022:28910:28973 [0] NCCL INFO Channel 00/0 : 43[83000] -> 44[2000] [receive] via NET/IB/0
c197-101:23146:23203 [0] NCCL INFO Channel 00/0 : 15[83000] -> 16[2000] [receive] via NET/IB/0
c197-092:18555:18614 [0] NCCL INFO Channel 00/0 : 11[83000] -> 12[2000] [receive] via NET/IB/0
c198-032:25555:25614 [0] NCCL INFO Channel 00/0 : 51[83000] -> 52[2000] [receive] via NET/IB/0
c198-041:12743:12800 [0] NCCL INFO Channel 00/0 : 55[83000] -> 56[2000] [receive] via NET/IB/0
c197-102:852:914 [0] NCCL INFO Channel 00/0 : 19[83000] -> 20[2000] [receive] via NET/IB/0
c197-081:13987:14038 [0] NCCL INFO Channel 00/0 : 63[83000] -> 0[2000] [receive] via NET/IB/0
c197-091:7485:7540 [0] NCCL INFO Channel 00/0 : 7[83000] -> 8[2000] [receive] via NET/IB/0
c197-111:12235:12289 [0] NCCL INFO Channel 00/0 : 23[83000] -> 24[2000] [receive] via NET/IB/0
c198-042:14942:14996 [0] NCCL INFO Channel 00/0 : 59[83000] -> 60[2000] [receive] via NET/IB/0
c197-082:20243:20301 [0] NCCL INFO Channel 00/0 : 3[83000] -> 4[2000] [receive] via NET/IB/0
c198-021:31350:31401 [2] NCCL INFO Channel 00 : 42[82000] -> 43[83000] via direct shared memory
c198-021:31350:31401 [2] NCCL INFO Channel 01 : 42[82000] -> 43[83000] via direct shared memory
c197-101:23148:23201 [2] NCCL INFO Channel 00 : 18[82000] -> 19[83000] via direct shared memory
c197-102:854:909 [2] NCCL INFO Channel 00 : 22[82000] -> 23[83000] via direct shared memory
c197-101:23148:23201 [2] NCCL INFO Channel 01 : 18[82000] -> 19[83000] via direct shared memory
c197-091:7487:7544 [2] NCCL INFO Channel 00 : 10[82000] -> 11[83000] via direct shared memory
c198-012:19421:19473 [2] NCCL INFO Channel 00 : 38[82000] -> 39[83000] via direct shared memory
c198-011:22372:22427 [2] NCCL INFO Channel 00 : 34[82000] -> 35[83000] via direct shared memory
c198-031:31759:31816 [2] NCCL INFO Channel 00 : 50[82000] -> 51[83000] via direct shared memory
c198-012:19420:19476 [1] NCCL INFO Channel 00 : 37[3000] -> 38[82000] via direct shared memory
c197-091:7487:7544 [2] NCCL INFO Channel 01 : 10[82000] -> 11[83000] via direct shared memory
c198-012:19421:19473 [2] NCCL INFO Channel 01 : 38[82000] -> 39[83000] via direct shared memory
c198-011:22371:22423 [1] NCCL INFO Channel 00 : 33[3000] -> 34[82000] via direct shared memory
c198-021:31349:31406 [1] NCCL INFO Channel 00 : 41[3000] -> 42[82000] via direct shared memory
c198-031:31758:31810 [1] NCCL INFO Channel 00 : 49[3000] -> 50[82000] via direct shared memory
c198-012:19420:19476 [1] NCCL INFO Channel 01 : 37[3000] -> 38[82000] via direct shared memory
c197-111:12237:12291 [2] NCCL INFO Channel 00 : 26[82000] -> 27[83000] via direct shared memory
c197-101:23147:23205 [1] NCCL INFO Channel 00 : 17[3000] -> 18[82000] via direct shared memory
c198-021:31349:31406 [1] NCCL INFO Channel 01 : 41[3000] -> 42[82000] via direct shared memory
c198-031:31759:31816 [2] NCCL INFO Channel 01 : 50[82000] -> 51[83000] via direct shared memory
c198-011:22372:22427 [2] NCCL INFO Channel 01 : 34[82000] -> 35[83000] via direct shared memory
c198-031:31758:31810 [1] NCCL INFO Channel 01 : 49[3000] -> 50[82000] via direct shared memory
c197-101:23147:23205 [1] NCCL INFO Channel 01 : 17[3000] -> 18[82000] via direct shared memory
c198-011:22371:22423 [1] NCCL INFO Channel 01 : 33[3000] -> 34[82000] via direct shared memory
c197-111:12237:12291 [2] NCCL INFO Channel 01 : 26[82000] -> 27[83000] via direct shared memory
c198-041:12745:12796 [2] NCCL INFO Channel 00 : 58[82000] -> 59[83000] via direct shared memory
c198-042:14943:15001 [1] NCCL INFO Channel 00 : 61[3000] -> 62[82000] via direct shared memory
c197-112:23333:23389 [1] NCCL INFO Channel 00 : 29[3000] -> 30[82000] via direct shared memory
c198-022:28916:28969 [2] NCCL INFO Channel 00 : 46[82000] -> 47[83000] via direct shared memory
c198-042:14943:15001 [1] NCCL INFO Channel 01 : 61[3000] -> 62[82000] via direct shared memory
c197-082:20245:20298 [2] NCCL INFO Channel 00 : 6[82000] -> 7[83000] via direct shared memory
c197-081:13988:14047 [1] NCCL INFO Channel 00 : 1[3000] -> 2[82000] via direct shared memory
c198-041:12745:12796 [2] NCCL INFO Channel 01 : 58[82000] -> 59[83000] via direct shared memory
c197-102:854:909 [2] NCCL INFO Channel 01 : 22[82000] -> 23[83000] via direct shared memory
c198-022:28911:28974 [1] NCCL INFO Channel 00 : 45[3000] -> 46[82000] via direct shared memory
c198-042:14944:14998 [2] NCCL INFO Channel 00 : 62[82000] -> 63[83000] via direct shared memory
c197-082:20245:20298 [2] NCCL INFO Channel 01 : 6[82000] -> 7[83000] via direct shared memory
c197-112:23334:23386 [2] NCCL INFO Channel 00 : 30[82000] -> 31[83000] via direct shared memory
c198-022:28916:28969 [2] NCCL INFO Channel 01 : 46[82000] -> 47[83000] via direct shared memory
c198-042:14944:14998 [2] NCCL INFO Channel 01 : 62[82000] -> 63[83000] via direct shared memory
c197-112:23333:23389 [1] NCCL INFO Channel 01 : 29[3000] -> 30[82000] via direct shared memory
c198-041:12744:12799 [1] NCCL INFO Channel 00 : 57[3000] -> 58[82000] via direct shared memory
c198-022:28911:28974 [1] NCCL INFO Channel 01 : 45[3000] -> 46[82000] via direct shared memory
c197-081:13988:14047 [1] NCCL INFO Channel 01 : 1[3000] -> 2[82000] via direct shared memory
c197-112:23334:23386 [2] NCCL INFO Channel 01 : 30[82000] -> 31[83000] via direct shared memory
c198-032:25557:25608 [2] NCCL INFO Channel 00 : 54[82000] -> 55[83000] via direct shared memory
c197-091:7486:7538 [1] NCCL INFO Channel 00 : 9[3000] -> 10[82000] via direct shared memory
c197-092:18557:18610 [2] NCCL INFO Channel 00 : 14[82000] -> 15[83000] via direct shared memory
c198-032:25556:25613 [1] NCCL INFO Channel 00 : 53[3000] -> 54[82000] via direct shared memory
c198-041:12744:12799 [1] NCCL INFO Channel 01 : 57[3000] -> 58[82000] via direct shared memory
c197-111:12236:12294 [1] NCCL INFO Channel 00 : 25[3000] -> 26[82000] via direct shared memory
c197-092:18556:18613 [1] NCCL INFO Channel 00 : 13[3000] -> 14[82000] via direct shared memory
c198-032:25557:25608 [2] NCCL INFO Channel 01 : 54[82000] -> 55[83000] via direct shared memory
c197-091:7486:7538 [1] NCCL INFO Channel 01 : 9[3000] -> 10[82000] via direct shared memory
c197-092:18557:18610 [2] NCCL INFO Channel 01 : 14[82000] -> 15[83000] via direct shared memory
c198-032:25556:25613 [1] NCCL INFO Channel 01 : 53[3000] -> 54[82000] via direct shared memory
c197-111:12236:12294 [1] NCCL INFO Channel 01 : 25[3000] -> 26[82000] via direct shared memory
c197-081:13989:14043 [2] NCCL INFO Channel 00 : 2[82000] -> 3[83000] via direct shared memory
c197-092:18556:18613 [1] NCCL INFO Channel 01 : 13[3000] -> 14[82000] via direct shared memory
c197-081:13989:14043 [2] NCCL INFO Channel 01 : 2[82000] -> 3[83000] via direct shared memory
c197-102:853:912 [1] NCCL INFO Channel 00 : 21[3000] -> 22[82000] via direct shared memory
c197-102:853:912 [1] NCCL INFO Channel 01 : 21[3000] -> 22[82000] via direct shared memory
c197-082:20244:20303 [1] NCCL INFO Channel 00 : 5[3000] -> 6[82000] via direct shared memory
c197-082:20244:20303 [1] NCCL INFO Channel 01 : 5[3000] -> 6[82000] via direct shared memory
c198-021:31351:31404 [3] NCCL INFO Channel 00/0 : 43[83000] -> 44[2000] [send] via NET/IB/0
c198-012:19422:19474 [3] NCCL INFO Channel 00/0 : 39[83000] -> 40[2000] [send] via NET/IB/0
c197-101:23149:23199 [3] NCCL INFO Channel 00/0 : 19[83000] -> 20[2000] [send] via NET/IB/0
c198-031:31760:31815 [3] NCCL INFO Channel 00/0 : 51[83000] -> 52[2000] [send] via NET/IB/0
c197-091:7488:7542 [3] NCCL INFO Channel 00/0 : 11[83000] -> 12[2000] [send] via NET/IB/0
c198-011:22373:22429 [3] NCCL INFO Channel 00/0 : 35[83000] -> 36[2000] [send] via NET/IB/0
c198-041:12746:12802 [3] NCCL INFO Channel 00/0 : 59[83000] -> 60[2000] [send] via NET/IB/0
c198-022:28917:28970 [3] NCCL INFO Channel 00/0 : 47[83000] -> 48[2000] [send] via NET/IB/0
c197-111:12238:12292 [3] NCCL INFO Channel 00/0 : 27[83000] -> 28[2000] [send] via NET/IB/0
c198-042:14945:15002 [3] NCCL INFO Channel 00/0 : 63[83000] -> 0[2000] [send] via NET/IB/0
c197-102:855:908 [3] NCCL INFO Channel 00/0 : 23[83000] -> 24[2000] [send] via NET/IB/0
c197-082:20246:20299 [3] NCCL INFO Channel 00/0 : 7[83000] -> 8[2000] [send] via NET/IB/0
c198-032:25558:25611 [3] NCCL INFO Channel 00/0 : 55[83000] -> 56[2000] [send] via NET/IB/0
c197-112:23335:23387 [3] NCCL INFO Channel 00/0 : 31[83000] -> 32[2000] [send] via NET/IB/0
c197-092:18558:18609 [3] NCCL INFO Channel 00/0 : 15[83000] -> 16[2000] [send] via NET/IB/0
c197-081:13990:14045 [3] NCCL INFO Channel 00/0 : 3[83000] -> 4[2000] [send] via NET/IB/0
c198-021:31348:31407 [0] NCCL INFO Channel 01/0 : 39[83000] -> 40[2000] [receive] via NET/IB/0
c198-021:31348:31407 [0] NCCL INFO Channel 00 : 40[2000] -> 41[3000] via direct shared memory
c197-101:23146:23203 [0] NCCL INFO Channel 01/0 : 15[83000] -> 16[2000] [receive] via NET/IB/0
c198-021:31348:31407 [0] NCCL INFO Channel 01 : 40[2000] -> 41[3000] via direct shared memory
c198-031:31757:31813 [0] NCCL INFO Channel 01/0 : 47[83000] -> 48[2000] [receive] via NET/IB/0
c197-101:23146:23203 [0] NCCL INFO Channel 00 : 16[2000] -> 17[3000] via direct shared memory
c197-091:7485:7540 [0] NCCL INFO Channel 01/0 : 7[83000] -> 8[2000] [receive] via NET/IB/0
c198-011:22370:22425 [0] NCCL INFO Channel 01/0 : 31[83000] -> 32[2000] [receive] via NET/IB/0
c197-101:23146:23203 [0] NCCL INFO Channel 01 : 16[2000] -> 17[3000] via direct shared memory
c197-112:23332:23391 [0] NCCL INFO Channel 01/0 : 27[83000] -> 28[2000] [receive] via NET/IB/0
c198-031:31757:31813 [0] NCCL INFO Channel 00 : 48[2000] -> 49[3000] via direct shared memory
c198-012:19419:19478 [0] NCCL INFO Channel 01/0 : 35[83000] -> 36[2000] [receive] via NET/IB/0
c198-032:25555:25614 [0] NCCL INFO Channel 01/0 : 51[83000] -> 52[2000] [receive] via NET/IB/0
c197-091:7485:7540 [0] NCCL INFO Channel 00 : 8[2000] -> 9[3000] via direct shared memory
c198-022:28910:28973 [0] NCCL INFO Channel 01/0 : 43[83000] -> 44[2000] [receive] via NET/IB/0
c198-011:22370:22425 [0] NCCL INFO Channel 00 : 32[2000] -> 33[3000] via direct shared memory
c198-031:31757:31813 [0] NCCL INFO Channel 01 : 48[2000] -> 49[3000] via direct shared memory
c197-081:13987:14038 [0] NCCL INFO Channel 01/0 : 63[83000] -> 0[2000] [receive] via NET/IB/0
c197-112:23332:23391 [0] NCCL INFO Channel 00 : 28[2000] -> 29[3000] via direct shared memory
c197-091:7485:7540 [0] NCCL INFO Channel 01 : 8[2000] -> 9[3000] via direct shared memory
c197-102:852:914 [0] NCCL INFO Channel 01/0 : 19[83000] -> 20[2000] [receive] via NET/IB/0
c198-011:22370:22425 [0] NCCL INFO Channel 01 : 32[2000] -> 33[3000] via direct shared memory
c197-112:23332:23391 [0] NCCL INFO Channel 01 : 28[2000] -> 29[3000] via direct shared memory
c198-012:19419:19478 [0] NCCL INFO Channel 00 : 36[2000] -> 37[3000] via direct shared memory
c198-032:25555:25614 [0] NCCL INFO Channel 00 : 52[2000] -> 53[3000] via direct shared memory
c198-041:12743:12800 [0] NCCL INFO Channel 01/0 : 55[83000] -> 56[2000] [receive] via NET/IB/0
c198-022:28910:28973 [0] NCCL INFO Channel 00 : 44[2000] -> 45[3000] via direct shared memory
c197-111:12235:12289 [0] NCCL INFO Channel 01/0 : 23[83000] -> 24[2000] [receive] via NET/IB/0
c198-042:14942:14996 [0] NCCL INFO Channel 01/0 : 59[83000] -> 60[2000] [receive] via NET/IB/0
c198-012:19419:19478 [0] NCCL INFO Channel 01 : 36[2000] -> 37[3000] via direct shared memory
c198-032:25555:25614 [0] NCCL INFO Channel 01 : 52[2000] -> 53[3000] via direct shared memory
c197-102:852:914 [0] NCCL INFO Channel 00 : 20[2000] -> 21[3000] via direct shared memory
c198-022:28910:28973 [0] NCCL INFO Channel 01 : 44[2000] -> 45[3000] via direct shared memory
c197-081:13987:14038 [0] NCCL INFO Channel 00 : 0[2000] -> 1[3000] via direct shared memory
c197-092:18555:18614 [0] NCCL INFO Channel 01/0 : 11[83000] -> 12[2000] [receive] via NET/IB/0
c198-041:12743:12800 [0] NCCL INFO Channel 00 : 56[2000] -> 57[3000] via direct shared memory
c197-111:12235:12289 [0] NCCL INFO Channel 00 : 24[2000] -> 25[3000] via direct shared memory
c197-102:852:914 [0] NCCL INFO Channel 01 : 20[2000] -> 21[3000] via direct shared memory
c197-081:13987:14038 [0] NCCL INFO Channel 01 : 0[2000] -> 1[3000] via direct shared memory
c198-042:14942:14996 [0] NCCL INFO Channel 00 : 60[2000] -> 61[3000] via direct shared memory
c198-041:12743:12800 [0] NCCL INFO Channel 01 : 56[2000] -> 57[3000] via direct shared memory
c197-111:12235:12289 [0] NCCL INFO Channel 01 : 24[2000] -> 25[3000] via direct shared memory
