TACC:  Starting up job 6212683 
TACC:  Starting parallel tasks... 
# nThread 1 nGpus 1 minBytes 65536 maxBytes 268435456 step: 2(factor) warmup iters: 5 iters: 60 agg iters: 1 validation: 1 graph: 0
#
# Using devices
#  Rank  0 Group  0 Pid  21558 on   c196-111 device  0 [0x02] Quadro RTX 5000
#  Rank  1 Group  0 Pid  21559 on   c196-111 device  1 [0x03] Quadro RTX 5000
#  Rank  2 Group  0 Pid  21560 on   c196-111 device  2 [0x82] Quadro RTX 5000
#  Rank  3 Group  0 Pid  21561 on   c196-111 device  3 [0x83] Quadro RTX 5000
#  Rank  4 Group  0 Pid   8140 on   c196-112 device  0 [0x02] Quadro RTX 5000
#  Rank  5 Group  0 Pid   8141 on   c196-112 device  1 [0x03] Quadro RTX 5000
#  Rank  6 Group  0 Pid   8142 on   c196-112 device  2 [0x82] Quadro RTX 5000
#  Rank  7 Group  0 Pid   8143 on   c196-112 device  3 [0x83] Quadro RTX 5000
#  Rank  8 Group  0 Pid   5712 on   c197-011 device  0 [0x02] Quadro RTX 5000
#  Rank  9 Group  0 Pid   5713 on   c197-011 device  1 [0x03] Quadro RTX 5000
#  Rank 10 Group  0 Pid   5714 on   c197-011 device  2 [0x82] Quadro RTX 5000
#  Rank 11 Group  0 Pid   5715 on   c197-011 device  3 [0x83] Quadro RTX 5000
#  Rank 12 Group  0 Pid   1541 on   c197-012 device  0 [0x02] Quadro RTX 5000
#  Rank 13 Group  0 Pid   1542 on   c197-012 device  1 [0x03] Quadro RTX 5000
#  Rank 14 Group  0 Pid   1543 on   c197-012 device  2 [0x82] Quadro RTX 5000
#  Rank 15 Group  0 Pid   1546 on   c197-012 device  3 [0x83] Quadro RTX 5000
The MSCCL XML file exists: /home1/09168/ldai1/ccl-build/msccl_tools_lyd/examples/xml/xml_lyd/binary_tree/allreduce_binary_tree_1ch_2tree_64chunk_4node_16gpu.xml
c196-111:21558:21558 [0] NCCL INFO Bootstrap : Using ib0:192.168.44.121<0>
c196-111:21558:21558 [0] NCCL INFO NET/Plugin : No plugin found (libnccl-net.so), using internal implementation
c196-111:21558:21558 [0] NCCL INFO NET/IB : Using [0]mlx4_0:1/IB [RO]; OOB ib0:192.168.44.121<0>
c196-111:21558:21558 [0] NCCL INFO Using network IB
NCCL version 2.12.12.MSCCL.0.7.4+cuda11.3
c196-111:21560:21560 [2] NCCL INFO Bootstrap : Using ib0:192.168.44.121<0>
c196-111:21560:21560 [2] NCCL INFO NET/Plugin : No plugin found (libnccl-net.so), using internal implementation
c196-111:21560:21560 [2] NCCL INFO NET/IB : Using [0]mlx4_0:1/IB [RO]; OOB ib0:192.168.44.121<0>
c196-111:21560:21560 [2] NCCL INFO Using network IB
c196-111:21561:21561 [3] NCCL INFO Bootstrap : Using ib0:192.168.44.121<0>
c196-111:21561:21561 [3] NCCL INFO NET/Plugin : No plugin found (libnccl-net.so), using internal implementation
c196-111:21561:21561 [3] NCCL INFO NET/IB : Using [0]mlx4_0:1/IB [RO]; OOB ib0:192.168.44.121<0>
c196-111:21561:21561 [3] NCCL INFO Using network IB
c196-111:21559:21559 [1] NCCL INFO Bootstrap : Using ib0:192.168.44.121<0>
c196-111:21559:21559 [1] NCCL INFO NET/Plugin : No plugin found (libnccl-net.so), using internal implementation
c196-111:21559:21559 [1] NCCL INFO NET/IB : Using [0]mlx4_0:1/IB [RO]; OOB ib0:192.168.44.121<0>
c196-111:21559:21559 [1] NCCL INFO Using network IB
c197-012:1543:1543 [2] NCCL INFO Bootstrap : Using ib0:192.168.44.124<0>
c197-012:1543:1543 [2] NCCL INFO NET/Plugin : No plugin found (libnccl-net.so), using internal implementation
c197-012:1543:1543 [2] NCCL INFO NET/IB : Using [0]mlx4_0:1/IB [RO]; OOB ib0:192.168.44.124<0>
c197-012:1543:1543 [2] NCCL INFO Using network IB
c197-012:1542:1542 [1] NCCL INFO Bootstrap : Using ib0:192.168.44.124<0>
c197-012:1546:1546 [3] NCCL INFO Bootstrap : Using ib0:192.168.44.124<0>
c197-012:1541:1541 [0] NCCL INFO Bootstrap : Using ib0:192.168.44.124<0>
c197-012:1546:1546 [3] NCCL INFO NET/Plugin : No plugin found (libnccl-net.so), using internal implementation
c197-012:1541:1541 [0] NCCL INFO NET/Plugin : No plugin found (libnccl-net.so), using internal implementation
c197-012:1542:1542 [1] NCCL INFO NET/Plugin : No plugin found (libnccl-net.so), using internal implementation
c197-012:1546:1546 [3] NCCL INFO NET/IB : Using [0]mlx4_0:1/IB [RO]; OOB ib0:192.168.44.124<0>
c197-012:1546:1546 [3] NCCL INFO Using network IB
c197-012:1541:1541 [0] NCCL INFO NET/IB : Using [0]mlx4_0:1/IB [RO]; OOB ib0:192.168.44.124<0>
c197-012:1541:1541 [0] NCCL INFO Using network IB
c197-012:1542:1542 [1] NCCL INFO NET/IB : Using [0]mlx4_0:1/IB [RO]; OOB ib0:192.168.44.124<0>
c197-012:1542:1542 [1] NCCL INFO Using network IB
c197-011:5714:5714 [2] NCCL INFO Bootstrap : Using ib0:192.168.44.123<0>
c197-011:5715:5715 [3] NCCL INFO Bootstrap : Using ib0:192.168.44.123<0>
c197-011:5714:5714 [2] NCCL INFO NET/Plugin : No plugin found (libnccl-net.so), using internal implementation
c197-011:5715:5715 [3] NCCL INFO NET/Plugin : No plugin found (libnccl-net.so), using internal implementation
c196-112:8142:8142 [2] NCCL INFO Bootstrap : Using ib0:192.168.44.122<0>
c196-112:8143:8143 [3] NCCL INFO Bootstrap : Using ib0:192.168.44.122<0>
c196-112:8142:8142 [2] NCCL INFO NET/Plugin : No plugin found (libnccl-net.so), using internal implementation
c196-112:8143:8143 [3] NCCL INFO NET/Plugin : No plugin found (libnccl-net.so), using internal implementation
c196-112:8141:8141 [1] NCCL INFO Bootstrap : Using ib0:192.168.44.122<0>
c196-112:8140:8140 [0] NCCL INFO Bootstrap : Using ib0:192.168.44.122<0>
c196-112:8140:8140 [0] NCCL INFO NET/Plugin : No plugin found (libnccl-net.so), using internal implementation
c196-112:8141:8141 [1] NCCL INFO NET/Plugin : No plugin found (libnccl-net.so), using internal implementation
c197-011:5715:5715 [3] NCCL INFO NET/IB : Using [0]mlx4_0:1/IB [RO]; OOB ib0:192.168.44.123<0>
c197-011:5715:5715 [3] NCCL INFO Using network IB
c197-011:5714:5714 [2] NCCL INFO NET/IB : Using [0]mlx4_0:1/IB [RO]; OOB ib0:192.168.44.123<0>
c197-011:5714:5714 [2] NCCL INFO Using network IB
c197-011:5712:5712 [0] NCCL INFO Bootstrap : Using ib0:192.168.44.123<0>
c197-011:5712:5712 [0] NCCL INFO NET/Plugin : No plugin found (libnccl-net.so), using internal implementation
c197-011:5712:5712 [0] NCCL INFO NET/IB : Using [0]mlx4_0:1/IB [RO]; OOB ib0:192.168.44.123<0>
c197-011:5712:5712 [0] NCCL INFO Using network IB
c196-112:8143:8143 [3] NCCL INFO NET/IB : Using [0]mlx4_0:1/IB [RO]; OOB ib0:192.168.44.122<0>
c196-112:8143:8143 [3] NCCL INFO Using network IB
c196-112:8142:8142 [2] NCCL INFO NET/IB : Using [0]mlx4_0:1/IB [RO]; OOB ib0:192.168.44.122<0>
c196-112:8142:8142 [2] NCCL INFO Using network IB
c196-112:8140:8140 [0] NCCL INFO NET/IB : Using [0]mlx4_0:1/IB [RO]; OOB ib0:192.168.44.122<0>
c196-112:8140:8140 [0] NCCL INFO Using network IB
c196-112:8141:8141 [1] NCCL INFO NET/IB : Using [0]mlx4_0:1/IB [RO]; OOB ib0:192.168.44.122<0>
c196-112:8141:8141 [1] NCCL INFO Using network IB
c197-011:5713:5713 [1] NCCL INFO Bootstrap : Using ib0:192.168.44.123<0>
c197-011:5713:5713 [1] NCCL INFO NET/Plugin : No plugin found (libnccl-net.so), using internal implementation
c197-011:5713:5713 [1] NCCL INFO NET/IB : Using [0]mlx4_0:1/IB [RO]; OOB ib0:192.168.44.123<0>
c197-011:5713:5713 [1] NCCL INFO Using network IB
c196-111:21558:21609 [0] NCCL INFO Setting affinity for GPU 0 to 0f000f
c197-012:1546:1602 [3] NCCL INFO Setting affinity for GPU 3 to f000f000
c197-011:5715:5766 [3] NCCL INFO Setting affinity for GPU 3 to f000f000
c196-112:8143:8194 [3] NCCL INFO Setting affinity for GPU 3 to f000f000
c196-112:8142:8195 [2] NCCL INFO Setting affinity for GPU 2 to 0f000f00
c196-111:21560:21614 [2] NCCL INFO Setting affinity for GPU 2 to 0f000f00
c196-111:21561:21616 [3] NCCL INFO Setting affinity for GPU 3 to f000f000
c196-111:21559:21618 [1] NCCL INFO Setting affinity for GPU 1 to f000f0
c196-112:8140:8197 [0] NCCL INFO Setting affinity for GPU 0 to 0f000f
c196-112:8141:8199 [1] NCCL INFO Setting affinity for GPU 1 to f000f0
c197-011:5713:5771 [1] NCCL INFO Setting affinity for GPU 1 to f000f0
c197-011:5712:5769 [0] NCCL INFO Setting affinity for GPU 0 to 0f000f
c197-011:5714:5767 [2] NCCL INFO Setting affinity for GPU 2 to 0f000f00
c197-012:1541:1603 [0] NCCL INFO Setting affinity for GPU 0 to 0f000f
c197-012:1542:1604 [1] NCCL INFO Setting affinity for GPU 1 to f000f0
c197-012:1543:1597 [2] NCCL INFO Setting affinity for GPU 2 to 0f000f00
c196-111:21560:21614 [2] NCCL INFO Trees [0] 3/-1/-1->2->1 [1] 3/-1/-1->2->1
c196-111:21561:21616 [3] NCCL INFO Trees [0] -1/-1/-1->3->2 [1] -1/-1/-1->3->2
c197-012:1543:1597 [2] NCCL INFO Trees [0] 15/-1/-1->14->13 [1] 15/-1/-1->14->13
c196-111:21558:21609 [0] NCCL INFO Channel 00/02 :    0   1   2   3   4   5   6   7   8   9  10  11  12  13  14  15
c196-112:8140:8197 [0] NCCL INFO Trees [0] 5/-1/-1->4->9 [1] 5/0/-1->4->12
c197-011:5713:5771 [1] NCCL INFO Trees [0] 10/4/-1->9->8 [1] 10/-1/-1->9->8
c197-012:1542:1604 [1] NCCL INFO Trees [0] 14/-1/-1->13->12 [1] 14/-1/-1->13->12
c196-111:21558:21609 [0] NCCL INFO Channel 01/02 :    0   1   2   3   4   5   6   7   8   9  10  11  12  13  14  15
c196-112:8141:8199 [1] NCCL INFO Trees [0] 6/-1/-1->5->4 [1] 6/8/-1->5->4
c197-011:5714:5767 [2] NCCL INFO Trees [0] 11/-1/-1->10->9 [1] 11/-1/-1->10->9
c197-012:1546:1602 [3] NCCL INFO Trees [0] -1/-1/-1->15->14 [1] -1/-1/-1->15->14
c196-111:21559:21618 [1] NCCL INFO Trees [0] 2/-1/-1->1->0 [1] 2/-1/-1->1->0
c196-112:8142:8195 [2] NCCL INFO Trees [0] 7/-1/-1->6->5 [1] 7/-1/-1->6->5
c197-011:5715:5766 [3] NCCL INFO Trees [0] -1/-1/-1->11->10 [1] -1/-1/-1->11->10
c197-012:1541:1603 [0] NCCL INFO Trees [0] 13/-1/-1->12->8 [1] 13/4/-1->12->-1
c196-111:21558:21609 [0] NCCL INFO Trees [0] 1/8/-1->0->-1 [1] 1/-1/-1->0->4
c196-112:8143:8194 [3] NCCL INFO Trees [0] -1/-1/-1->7->6 [1] -1/-1/-1->7->6
c197-011:5712:5769 [0] NCCL INFO Trees [0] 9/12/-1->8->0 [1] 9/-1/-1->8->5
c197-012:1541:1603 [0] NCCL INFO Channel 00/0 : 11[83000] -> 12[2000] [receive] via NET/IB/0
c196-111:21558:21609 [0] NCCL INFO Channel 00/0 : 15[83000] -> 0[2000] [receive] via NET/IB/0
c197-011:5712:5769 [0] NCCL INFO Channel 00/0 : 7[83000] -> 8[2000] [receive] via NET/IB/0
c196-112:8140:8197 [0] NCCL INFO Channel 00/0 : 3[83000] -> 4[2000] [receive] via NET/IB/0
c197-012:1542:1604 [1] NCCL INFO Channel 00 : 13[3000] -> 14[82000] via direct shared memory
c197-012:1542:1604 [1] NCCL INFO Channel 01 : 13[3000] -> 14[82000] via direct shared memory
c197-012:1543:1597 [2] NCCL INFO Channel 00 : 14[82000] -> 15[83000] via direct shared memory
c197-012:1543:1597 [2] NCCL INFO Channel 01 : 14[82000] -> 15[83000] via direct shared memory
c196-111:21560:21614 [2] NCCL INFO Channel 00 : 2[82000] -> 3[83000] via direct shared memory
c196-111:21560:21614 [2] NCCL INFO Channel 01 : 2[82000] -> 3[83000] via direct shared memory
c196-111:21559:21618 [1] NCCL INFO Channel 00 : 1[3000] -> 2[82000] via direct shared memory
c197-011:5714:5767 [2] NCCL INFO Channel 00 : 10[82000] -> 11[83000] via direct shared memory
c197-011:5713:5771 [1] NCCL INFO Channel 00 : 9[3000] -> 10[82000] via direct shared memory
c197-011:5714:5767 [2] NCCL INFO Channel 01 : 10[82000] -> 11[83000] via direct shared memory
c197-011:5713:5771 [1] NCCL INFO Channel 01 : 9[3000] -> 10[82000] via direct shared memory
c196-111:21559:21618 [1] NCCL INFO Channel 01 : 1[3000] -> 2[82000] via direct shared memory
c196-112:8142:8195 [2] NCCL INFO Channel 00 : 6[82000] -> 7[83000] via direct shared memory
c196-112:8141:8199 [1] NCCL INFO Channel 00 : 5[3000] -> 6[82000] via direct shared memory
c196-112:8142:8195 [2] NCCL INFO Channel 01 : 6[82000] -> 7[83000] via direct shared memory
c196-112:8141:8199 [1] NCCL INFO Channel 01 : 5[3000] -> 6[82000] via direct shared memory
c197-012:1546:1602 [3] NCCL INFO Channel 00/0 : 15[83000] -> 0[2000] [send] via NET/IB/0
c196-111:21561:21616 [3] NCCL INFO Channel 00/0 : 3[83000] -> 4[2000] [send] via NET/IB/0
c197-011:5715:5766 [3] NCCL INFO Channel 00/0 : 11[83000] -> 12[2000] [send] via NET/IB/0
c196-112:8143:8194 [3] NCCL INFO Channel 00/0 : 7[83000] -> 8[2000] [send] via NET/IB/0
c197-012:1541:1603 [0] NCCL INFO Channel 01/0 : 11[83000] -> 12[2000] [receive] via NET/IB/0
c197-012:1541:1603 [0] NCCL INFO Channel 00 : 12[2000] -> 13[3000] via direct shared memory
c196-111:21558:21609 [0] NCCL INFO Channel 01/0 : 15[83000] -> 0[2000] [receive] via NET/IB/0
c197-012:1541:1603 [0] NCCL INFO Channel 01 : 12[2000] -> 13[3000] via direct shared memory
c197-011:5712:5769 [0] NCCL INFO Channel 01/0 : 7[83000] -> 8[2000] [receive] via NET/IB/0
c196-111:21558:21609 [0] NCCL INFO Channel 00 : 0[2000] -> 1[3000] via direct shared memory
c197-011:5712:5769 [0] NCCL INFO Channel 00 : 8[2000] -> 9[3000] via direct shared memory
c196-111:21558:21609 [0] NCCL INFO Channel 01 : 0[2000] -> 1[3000] via direct shared memory
c196-112:8140:8197 [0] NCCL INFO Channel 01/0 : 3[83000] -> 4[2000] [receive] via NET/IB/0
c197-011:5712:5769 [0] NCCL INFO Channel 01 : 8[2000] -> 9[3000] via direct shared memory
c196-112:8140:8197 [0] NCCL INFO Channel 00 : 4[2000] -> 5[3000] via direct shared memory
c196-112:8140:8197 [0] NCCL INFO Channel 01 : 4[2000] -> 5[3000] via direct shared memory
c197-012:1542:1604 [1] NCCL INFO Connected all rings
c196-111:21559:21618 [1] NCCL INFO Connected all rings
c197-011:5713:5771 [1] NCCL INFO Connected all rings
c196-112:8141:8199 [1] NCCL INFO Connected all rings
c197-011:5713:5771 [1] NCCL INFO Channel 00/0 : 4[2000] -> 9[3000] [receive] via NET/IB/0
c196-112:8141:8199 [1] NCCL INFO Channel 01/0 : 5[3000] -> 8[2000] [send] via NET/IB/0
c197-012:1546:1602 [3] NCCL INFO Channel 01/0 : 15[83000] -> 0[2000] [send] via NET/IB/0
c196-111:21561:21616 [3] NCCL INFO Channel 01/0 : 3[83000] -> 4[2000] [send] via NET/IB/0
c197-011:5715:5766 [3] NCCL INFO Channel 01/0 : 11[83000] -> 12[2000] [send] via NET/IB/0
c196-112:8143:8194 [3] NCCL INFO Channel 01/0 : 7[83000] -> 8[2000] [send] via NET/IB/0
c197-012:1542:1604 [1] NCCL INFO Channel 00 : 13[3000] -> 12[2000] via direct shared memory
c197-012:1543:1597 [2] NCCL INFO Connected all rings
c197-012:1542:1604 [1] NCCL INFO Channel 01 : 13[3000] -> 12[2000] via direct shared memory
c196-111:21560:21614 [2] NCCL INFO Connected all rings
c197-011:5714:5767 [2] NCCL INFO Connected all rings
c196-112:8142:8195 [2] NCCL INFO Connected all rings
c196-111:21559:21618 [1] NCCL INFO Channel 00 : 1[3000] -> 0[2000] via direct shared memory
c196-111:21559:21618 [1] NCCL INFO Channel 01 : 1[3000] -> 0[2000] via direct shared memory
c197-012:1546:1602 [3] NCCL INFO Connected all rings
c197-012:1546:1602 [3] NCCL INFO Channel 00 : 15[83000] -> 14[82000] via direct shared memory
c197-012:1546:1602 [3] NCCL INFO Channel 01 : 15[83000] -> 14[82000] via direct shared memory
c197-011:5715:5766 [3] NCCL INFO Connected all rings
c197-011:5715:5766 [3] NCCL INFO Channel 00 : 11[83000] -> 10[82000] via direct shared memory
c196-111:21561:21616 [3] NCCL INFO Connected all rings
c197-011:5715:5766 [3] NCCL INFO Channel 01 : 11[83000] -> 10[82000] via direct shared memory
c196-111:21561:21616 [3] NCCL INFO Channel 00 : 3[83000] -> 2[82000] via direct shared memory
c196-111:21561:21616 [3] NCCL INFO Channel 01 : 3[83000] -> 2[82000] via direct shared memory
c196-112:8143:8194 [3] NCCL INFO Connected all rings
c196-112:8143:8194 [3] NCCL INFO Channel 00 : 7[83000] -> 6[82000] via direct shared memory
c196-112:8143:8194 [3] NCCL INFO Channel 01 : 7[83000] -> 6[82000] via direct shared memory
c197-012:1543:1597 [2] NCCL INFO Channel 00 : 14[82000] -> 13[3000] via direct shared memory
c197-012:1543:1597 [2] NCCL INFO Channel 01 : 14[82000] -> 13[3000] via direct shared memory
c196-111:21558:21609 [0] NCCL INFO Connected all rings
c196-112:8140:8197 [0] NCCL INFO Connected all rings
c197-012:1541:1603 [0] NCCL INFO Connected all rings
c197-011:5714:5767 [2] NCCL INFO Channel 00 : 10[82000] -> 9[3000] via direct shared memory
c197-011:5714:5767 [2] NCCL INFO Channel 01 : 10[82000] -> 9[3000] via direct shared memory
c197-011:5712:5769 [0] NCCL INFO Connected all rings
c196-111:21560:21614 [2] NCCL INFO Channel 00 : 2[82000] -> 1[3000] via direct shared memory
c196-111:21560:21614 [2] NCCL INFO Channel 01 : 2[82000] -> 1[3000] via direct shared memory
c196-112:8142:8195 [2] NCCL INFO Channel 00 : 6[82000] -> 5[3000] via direct shared memory
c196-112:8142:8195 [2] NCCL INFO Channel 01 : 6[82000] -> 5[3000] via direct shared memory
c197-012:1546:1602 [3] NCCL INFO Connected all trees
c197-012:1546:1602 [3] NCCL INFO MSCCL_XML_FILES set by environment to /home1/09168/ldai1/ccl-build/msccl_tools_lyd/examples/xml/xml_lyd/binary_tree/allreduce_binary_tree_1ch_2tree_64chunk_4node_16gpu.xml
c197-012:1546:1602 [3] NCCL INFO MSCCL: Parsing algorithm /home1/09168/ldai1/ccl-build/msccl_tools_lyd/examples/xml/xml_lyd/binary_tree/allreduce_binary_tree_1ch_2tree_64chunk_4node_16gpu.xml
c197-011:5715:5766 [3] NCCL INFO Connected all trees
c197-011:5715:5766 [3] NCCL INFO MSCCL_XML_FILES set by environment to /home1/09168/ldai1/ccl-build/msccl_tools_lyd/examples/xml/xml_lyd/binary_tree/allreduce_binary_tree_1ch_2tree_64chunk_4node_16gpu.xml
c197-012:1543:1597 [2] NCCL INFO Connected all trees
c197-011:5715:5766 [3] NCCL INFO MSCCL: Parsing algorithm /home1/09168/ldai1/ccl-build/msccl_tools_lyd/examples/xml/xml_lyd/binary_tree/allreduce_binary_tree_1ch_2tree_64chunk_4node_16gpu.xml
c197-012:1543:1597 [2] NCCL INFO MSCCL_XML_FILES set by environment to /home1/09168/ldai1/ccl-build/msccl_tools_lyd/examples/xml/xml_lyd/binary_tree/allreduce_binary_tree_1ch_2tree_64chunk_4node_16gpu.xml
c197-012:1543:1597 [2] NCCL INFO MSCCL: Parsing algorithm /home1/09168/ldai1/ccl-build/msccl_tools_lyd/examples/xml/xml_lyd/binary_tree/allreduce_binary_tree_1ch_2tree_64chunk_4node_16gpu.xml
c196-112:8143:8194 [3] NCCL INFO Connected all trees
c196-112:8143:8194 [3] NCCL INFO MSCCL_XML_FILES set by environment to /home1/09168/ldai1/ccl-build/msccl_tools_lyd/examples/xml/xml_lyd/binary_tree/allreduce_binary_tree_1ch_2tree_64chunk_4node_16gpu.xml
c196-112:8143:8194 [3] NCCL INFO MSCCL: Parsing algorithm /home1/09168/ldai1/ccl-build/msccl_tools_lyd/examples/xml/xml_lyd/binary_tree/allreduce_binary_tree_1ch_2tree_64chunk_4node_16gpu.xml
c196-111:21561:21616 [3] NCCL INFO Connected all trees
c196-111:21561:21616 [3] NCCL INFO MSCCL_XML_FILES set by environment to /home1/09168/ldai1/ccl-build/msccl_tools_lyd/examples/xml/xml_lyd/binary_tree/allreduce_binary_tree_1ch_2tree_64chunk_4node_16gpu.xml
c196-111:21561:21616 [3] NCCL INFO MSCCL: Parsing algorithm /home1/09168/ldai1/ccl-build/msccl_tools_lyd/examples/xml/xml_lyd/binary_tree/allreduce_binary_tree_1ch_2tree_64chunk_4node_16gpu.xml
c196-111:21560:21614 [2] NCCL INFO Connected all trees
c196-111:21560:21614 [2] NCCL INFO MSCCL_XML_FILES set by environment to /home1/09168/ldai1/ccl-build/msccl_tools_lyd/examples/xml/xml_lyd/binary_tree/allreduce_binary_tree_1ch_2tree_64chunk_4node_16gpu.xml
c196-111:21560:21614 [2] NCCL INFO MSCCL: Parsing algorithm /home1/09168/ldai1/ccl-build/msccl_tools_lyd/examples/xml/xml_lyd/binary_tree/allreduce_binary_tree_1ch_2tree_64chunk_4node_16gpu.xml
c196-111:21558:21609 [0] NCCL INFO Channel 01/0 : 0[2000] -> 4[2000] [send] via NET/IB/0
c196-112:8140:8197 [0] NCCL INFO Channel 01/0 : 0[2000] -> 4[2000] [receive] via NET/IB/0
c197-012:1541:1603 [0] NCCL INFO Channel 00/0 : 8[2000] -> 12[2000] [receive] via NET/IB/0
c197-011:5712:5769 [0] NCCL INFO Channel 01/0 : 5[3000] -> 8[2000] [receive] via NET/IB/0
c197-011:5715:5766 [3] NCCL INFO Parsed MSCCL Algorithm /home1/09168/ldai1/ccl-build/msccl_tools_lyd/examples/xml/xml_lyd/binary_tree/allreduce_binary_tree_1ch_2tree_64chunk_4node_16gpu.xml successfully.
c197-011:5715:5766 [3] NCCL INFO Connected 1 MSCCL algorithms
c197-011:5715:5766 [3] NCCL INFO NCCL_PROTO set by environment to Simple
c197-011:5715:5766 [3] NCCL INFO NCCL_ALGO set by environment to MSCCL,TREE,RING
c197-011:5715:5766 [3] NCCL INFO threadThresholds 8/8/64 | 128/8/64 | 8/8/64 | 8/8/512
c197-011:5715:5766 [3] NCCL INFO 2 coll channels, 2 p2p channels, 2 p2p channels per peer
c196-111:21560:21614 [2] NCCL INFO Parsed MSCCL Algorithm /home1/09168/ldai1/ccl-build/msccl_tools_lyd/examples/xml/xml_lyd/binary_tree/allreduce_binary_tree_1ch_2tree_64chunk_4node_16gpu.xml successfully.
c196-111:21561:21616 [3] NCCL INFO Parsed MSCCL Algorithm /home1/09168/ldai1/ccl-build/msccl_tools_lyd/examples/xml/xml_lyd/binary_tree/allreduce_binary_tree_1ch_2tree_64chunk_4node_16gpu.xml successfully.
c196-111:21560:21614 [2] NCCL INFO Connected 1 MSCCL algorithms
c196-111:21560:21614 [2] NCCL INFO NCCL_PROTO set by environment to Simple
c196-111:21560:21614 [2] NCCL INFO NCCL_ALGO set by environment to MSCCL,TREE,RING
c196-111:21560:21614 [2] NCCL INFO threadThresholds 8/8/64 | 128/8/64 | 8/8/64 | 8/8/512
c196-111:21561:21616 [3] NCCL INFO Connected 1 MSCCL algorithms
c196-111:21560:21614 [2] NCCL INFO 2 coll channels, 2 p2p channels, 2 p2p channels per peer
c196-111:21561:21616 [3] NCCL INFO NCCL_PROTO set by environment to Simple
c196-111:21561:21616 [3] NCCL INFO NCCL_ALGO set by environment to MSCCL,TREE,RING
c196-111:21561:21616 [3] NCCL INFO threadThresholds 8/8/64 | 128/8/64 | 8/8/64 | 8/8/512
c196-111:21561:21616 [3] NCCL INFO 2 coll channels, 2 p2p channels, 2 p2p channels per peer
c196-112:8143:8194 [3] NCCL INFO Parsed MSCCL Algorithm /home1/09168/ldai1/ccl-build/msccl_tools_lyd/examples/xml/xml_lyd/binary_tree/allreduce_binary_tree_1ch_2tree_64chunk_4node_16gpu.xml successfully.
c196-112:8143:8194 [3] NCCL INFO Connected 1 MSCCL algorithms
c196-112:8143:8194 [3] NCCL INFO NCCL_PROTO set by environment to Simple
c196-112:8143:8194 [3] NCCL INFO NCCL_ALGO set by environment to MSCCL,TREE,RING
c196-112:8143:8194 [3] NCCL INFO threadThresholds 8/8/64 | 128/8/64 | 8/8/64 | 8/8/512
c196-112:8143:8194 [3] NCCL INFO 2 coll channels, 2 p2p channels, 2 p2p channels per peer
c197-012:1543:1597 [2] NCCL INFO Parsed MSCCL Algorithm /home1/09168/ldai1/ccl-build/msccl_tools_lyd/examples/xml/xml_lyd/binary_tree/allreduce_binary_tree_1ch_2tree_64chunk_4node_16gpu.xml successfully.
c197-012:1543:1597 [2] NCCL INFO Connected 1 MSCCL algorithms
c197-012:1543:1597 [2] NCCL INFO NCCL_PROTO set by environment to Simple
c197-012:1543:1597 [2] NCCL INFO NCCL_ALGO set by environment to MSCCL,TREE,RING
c197-012:1543:1597 [2] NCCL INFO threadThresholds 8/8/64 | 128/8/64 | 8/8/64 | 8/8/512
c197-012:1543:1597 [2] NCCL INFO 2 coll channels, 2 p2p channels, 2 p2p channels per peer
c197-012:1546:1602 [3] NCCL INFO Parsed MSCCL Algorithm /home1/09168/ldai1/ccl-build/msccl_tools_lyd/examples/xml/xml_lyd/binary_tree/allreduce_binary_tree_1ch_2tree_64chunk_4node_16gpu.xml successfully.
c197-012:1546:1602 [3] NCCL INFO Connected 1 MSCCL algorithms
c197-012:1546:1602 [3] NCCL INFO NCCL_PROTO set by environment to Simple
c197-012:1546:1602 [3] NCCL INFO NCCL_ALGO set by environment to MSCCL,TREE,RING
c197-012:1546:1602 [3] NCCL INFO threadThresholds 8/8/64 | 128/8/64 | 8/8/64 | 8/8/512
c197-012:1546:1602 [3] NCCL INFO 2 coll channels, 2 p2p channels, 2 p2p channels per peer
c196-111:21558:21609 [0] NCCL INFO Channel 00/0 : 8[2000] -> 0[2000] [receive] via NET/IB/0
c197-011:5712:5769 [0] NCCL INFO Channel 00/0 : 8[2000] -> 12[2000] [send] via NET/IB/0
c196-112:8140:8197 [0] NCCL INFO Channel 00/0 : 4[2000] -> 9[3000] [send] via NET/IB/0
c196-112:8141:8199 [1] NCCL INFO Channel 01/0 : 8[2000] -> 5[3000] [receive] via NET/IB/0
c196-111:21558:21609 [0] NCCL INFO Channel 00/0 : 0[2000] -> 8[2000] [send] via NET/IB/0
c197-012:1541:1603 [0] NCCL INFO Channel 01/0 : 4[2000] -> 12[2000] [receive] via NET/IB/0
c196-112:8140:8197 [0] NCCL INFO Channel 01/0 : 12[2000] -> 4[2000] [receive] via NET/IB/0
c197-011:5713:5771 [1] NCCL INFO Channel 00/0 : 9[3000] -> 4[2000] [send] via NET/IB/0
c197-011:5712:5769 [0] NCCL INFO Channel 00/0 : 0[2000] -> 8[2000] [receive] via NET/IB/0
c197-012:1541:1603 [0] NCCL INFO Channel 01/0 : 12[2000] -> 4[2000] [send] via NET/IB/0
c196-112:8140:8197 [0] NCCL INFO Channel 01/0 : 4[2000] -> 12[2000] [send] via NET/IB/0
c197-011:5712:5769 [0] NCCL INFO Channel 00/0 : 8[2000] -> 0[2000] [send] via NET/IB/0
c197-012:1541:1603 [0] NCCL INFO Channel 00/0 : 12[2000] -> 8[2000] [send] via NET/IB/0
c196-112:8140:8197 [0] NCCL INFO Channel 00/0 : 9[3000] -> 4[2000] [receive] via NET/IB/0
c197-011:5712:5769 [0] NCCL INFO Channel 00/0 : 12[2000] -> 8[2000] [receive] via NET/IB/0
c196-111:21558:21609 [0] NCCL INFO Channel 01/0 : 4[2000] -> 0[2000] [receive] via NET/IB/0
c197-011:5713:5771 [1] NCCL INFO Channel 00 : 9[3000] -> 8[2000] via direct shared memory
c197-011:5713:5771 [1] NCCL INFO Channel 01 : 9[3000] -> 8[2000] via direct shared memory
c197-011:5714:5767 [2] NCCL INFO Connected all trees
c197-011:5714:5767 [2] NCCL INFO MSCCL_XML_FILES set by environment to /home1/09168/ldai1/ccl-build/msccl_tools_lyd/examples/xml/xml_lyd/binary_tree/allreduce_binary_tree_1ch_2tree_64chunk_4node_16gpu.xml
c197-011:5714:5767 [2] NCCL INFO MSCCL: Parsing algorithm /home1/09168/ldai1/ccl-build/msccl_tools_lyd/examples/xml/xml_lyd/binary_tree/allreduce_binary_tree_1ch_2tree_64chunk_4node_16gpu.xml
c197-012:1541:1603 [0] NCCL INFO Connected all trees
c197-012:1541:1603 [0] NCCL INFO MSCCL_XML_FILES set by environment to /home1/09168/ldai1/ccl-build/msccl_tools_lyd/examples/xml/xml_lyd/binary_tree/allreduce_binary_tree_1ch_2tree_64chunk_4node_16gpu.xml
c197-012:1541:1603 [0] NCCL INFO MSCCL: Parsing algorithm /home1/09168/ldai1/ccl-build/msccl_tools_lyd/examples/xml/xml_lyd/binary_tree/allreduce_binary_tree_1ch_2tree_64chunk_4node_16gpu.xml
c197-012:1542:1604 [1] NCCL INFO Connected all trees
c197-012:1542:1604 [1] NCCL INFO MSCCL_XML_FILES set by environment to /home1/09168/ldai1/ccl-build/msccl_tools_lyd/examples/xml/xml_lyd/binary_tree/allreduce_binary_tree_1ch_2tree_64chunk_4node_16gpu.xml
c197-012:1542:1604 [1] NCCL INFO MSCCL: Parsing algorithm /home1/09168/ldai1/ccl-build/msccl_tools_lyd/examples/xml/xml_lyd/binary_tree/allreduce_binary_tree_1ch_2tree_64chunk_4node_16gpu.xml
c196-112:8140:8197 [0] NCCL INFO Channel 01/0 : 4[2000] -> 0[2000] [send] via NET/IB/0
c197-011:5714:5767 [2] NCCL INFO Parsed MSCCL Algorithm /home1/09168/ldai1/ccl-build/msccl_tools_lyd/examples/xml/xml_lyd/binary_tree/allreduce_binary_tree_1ch_2tree_64chunk_4node_16gpu.xml successfully.
c197-011:5714:5767 [2] NCCL INFO Connected 1 MSCCL algorithms
c197-011:5714:5767 [2] NCCL INFO NCCL_PROTO set by environment to Simple
c197-011:5714:5767 [2] NCCL INFO NCCL_ALGO set by environment to MSCCL,TREE,RING
c197-011:5714:5767 [2] NCCL INFO threadThresholds 8/8/64 | 128/8/64 | 8/8/64 | 8/8/512
c197-011:5714:5767 [2] NCCL INFO 2 coll channels, 2 p2p channels, 2 p2p channels per peer
c197-012:1541:1603 [0] NCCL INFO Parsed MSCCL Algorithm /home1/09168/ldai1/ccl-build/msccl_tools_lyd/examples/xml/xml_lyd/binary_tree/allreduce_binary_tree_1ch_2tree_64chunk_4node_16gpu.xml successfully.
c197-012:1541:1603 [0] NCCL INFO Connected 1 MSCCL algorithms
c197-012:1541:1603 [0] NCCL INFO NCCL_PROTO set by environment to Simple
c197-012:1541:1603 [0] NCCL INFO NCCL_ALGO set by environment to MSCCL,TREE,RING
c197-012:1541:1603 [0] NCCL INFO threadThresholds 8/8/64 | 128/8/64 | 8/8/64 | 8/8/512
c197-012:1541:1603 [0] NCCL INFO 2 coll channels, 2 p2p channels, 2 p2p channels per peer
c197-012:1542:1604 [1] NCCL INFO Parsed MSCCL Algorithm /home1/09168/ldai1/ccl-build/msccl_tools_lyd/examples/xml/xml_lyd/binary_tree/allreduce_binary_tree_1ch_2tree_64chunk_4node_16gpu.xml successfully.
c197-012:1542:1604 [1] NCCL INFO Connected 1 MSCCL algorithms
c197-012:1542:1604 [1] NCCL INFO NCCL_PROTO set by environment to Simple
c197-012:1542:1604 [1] NCCL INFO NCCL_ALGO set by environment to MSCCL,TREE,RING
c197-012:1542:1604 [1] NCCL INFO threadThresholds 8/8/64 | 128/8/64 | 8/8/64 | 8/8/512
c197-012:1542:1604 [1] NCCL INFO 2 coll channels, 2 p2p channels, 2 p2p channels per peer
c197-011:5712:5769 [0] NCCL INFO Channel 01/0 : 8[2000] -> 5[3000] [send] via NET/IB/0
c196-111:21558:21609 [0] NCCL INFO Connected all trees
c196-111:21558:21609 [0] NCCL INFO MSCCL_XML_FILES set by environment to /home1/09168/ldai1/ccl-build/msccl_tools_lyd/examples/xml/xml_lyd/binary_tree/allreduce_binary_tree_1ch_2tree_64chunk_4node_16gpu.xml
c196-111:21558:21609 [0] NCCL INFO MSCCL: Parsing algorithm /home1/09168/ldai1/ccl-build/msccl_tools_lyd/examples/xml/xml_lyd/binary_tree/allreduce_binary_tree_1ch_2tree_64chunk_4node_16gpu.xml
c196-111:21559:21618 [1] NCCL INFO Connected all trees
c196-111:21559:21618 [1] NCCL INFO MSCCL_XML_FILES set by environment to /home1/09168/ldai1/ccl-build/msccl_tools_lyd/examples/xml/xml_lyd/binary_tree/allreduce_binary_tree_1ch_2tree_64chunk_4node_16gpu.xml
c196-111:21559:21618 [1] NCCL INFO MSCCL: Parsing algorithm /home1/09168/ldai1/ccl-build/msccl_tools_lyd/examples/xml/xml_lyd/binary_tree/allreduce_binary_tree_1ch_2tree_64chunk_4node_16gpu.xml
c197-011:5712:5769 [0] NCCL INFO Connected all trees
c197-011:5712:5769 [0] NCCL INFO MSCCL_XML_FILES set by environment to /home1/09168/ldai1/ccl-build/msccl_tools_lyd/examples/xml/xml_lyd/binary_tree/allreduce_binary_tree_1ch_2tree_64chunk_4node_16gpu.xml
c197-011:5712:5769 [0] NCCL INFO MSCCL: Parsing algorithm /home1/09168/ldai1/ccl-build/msccl_tools_lyd/examples/xml/xml_lyd/binary_tree/allreduce_binary_tree_1ch_2tree_64chunk_4node_16gpu.xml
c196-112:8141:8199 [1] NCCL INFO Channel 00 : 5[3000] -> 4[2000] via direct shared memory
c196-112:8141:8199 [1] NCCL INFO Channel 01 : 5[3000] -> 4[2000] via direct shared memory
c196-112:8140:8197 [0] NCCL INFO Connected all trees
c196-112:8140:8197 [0] NCCL INFO MSCCL_XML_FILES set by environment to /home1/09168/ldai1/ccl-build/msccl_tools_lyd/examples/xml/xml_lyd/binary_tree/allreduce_binary_tree_1ch_2tree_64chunk_4node_16gpu.xml
c196-112:8140:8197 [0] NCCL INFO MSCCL: Parsing algorithm /home1/09168/ldai1/ccl-build/msccl_tools_lyd/examples/xml/xml_lyd/binary_tree/allreduce_binary_tree_1ch_2tree_64chunk_4node_16gpu.xml
c197-011:5713:5771 [1] NCCL INFO Connected all trees
c197-011:5713:5771 [1] NCCL INFO MSCCL_XML_FILES set by environment to /home1/09168/ldai1/ccl-build/msccl_tools_lyd/examples/xml/xml_lyd/binary_tree/allreduce_binary_tree_1ch_2tree_64chunk_4node_16gpu.xml
c197-011:5713:5771 [1] NCCL INFO MSCCL: Parsing algorithm /home1/09168/ldai1/ccl-build/msccl_tools_lyd/examples/xml/xml_lyd/binary_tree/allreduce_binary_tree_1ch_2tree_64chunk_4node_16gpu.xml
c196-112:8141:8199 [1] NCCL INFO Connected all trees
c196-112:8141:8199 [1] NCCL INFO MSCCL_XML_FILES set by environment to /home1/09168/ldai1/ccl-build/msccl_tools_lyd/examples/xml/xml_lyd/binary_tree/allreduce_binary_tree_1ch_2tree_64chunk_4node_16gpu.xml
c196-112:8141:8199 [1] NCCL INFO MSCCL: Parsing algorithm /home1/09168/ldai1/ccl-build/msccl_tools_lyd/examples/xml/xml_lyd/binary_tree/allreduce_binary_tree_1ch_2tree_64chunk_4node_16gpu.xml
c196-112:8142:8195 [2] NCCL INFO Connected all trees
c196-112:8142:8195 [2] NCCL INFO MSCCL_XML_FILES set by environment to /home1/09168/ldai1/ccl-build/msccl_tools_lyd/examples/xml/xml_lyd/binary_tree/allreduce_binary_tree_1ch_2tree_64chunk_4node_16gpu.xml
c196-112:8142:8195 [2] NCCL INFO MSCCL: Parsing algorithm /home1/09168/ldai1/ccl-build/msccl_tools_lyd/examples/xml/xml_lyd/binary_tree/allreduce_binary_tree_1ch_2tree_64chunk_4node_16gpu.xml
c196-111:21558:21609 [0] NCCL INFO Parsed MSCCL Algorithm /home1/09168/ldai1/ccl-build/msccl_tools_lyd/examples/xml/xml_lyd/binary_tree/allreduce_binary_tree_1ch_2tree_64chunk_4node_16gpu.xml successfully.
c196-111:21558:21609 [0] NCCL INFO Connected 1 MSCCL algorithms
c196-111:21558:21609 [0] NCCL INFO NCCL_PROTO set by environment to Simple
c196-111:21558:21609 [0] NCCL INFO NCCL_ALGO set by environment to MSCCL,TREE,RING
c196-111:21558:21609 [0] NCCL INFO threadThresholds 8/8/64 | 128/8/64 | 8/8/64 | 8/8/512
c196-111:21558:21609 [0] NCCL INFO 2 coll channels, 2 p2p channels, 2 p2p channels per peer
c197-012:1542:1604 [1] NCCL INFO comm 0x2b147e000010 rank 13 nranks 16 cudaDev 1 busId 3000 - Init COMPLETE
c197-012:1541:1603 [0] NCCL INFO comm 0x2b439e000010 rank 12 nranks 16 cudaDev 0 busId 2000 - Init COMPLETE
c196-111:21559:21618 [1] NCCL INFO Parsed MSCCL Algorithm /home1/09168/ldai1/ccl-build/msccl_tools_lyd/examples/xml/xml_lyd/binary_tree/allreduce_binary_tree_1ch_2tree_64chunk_4node_16gpu.xml successfully.
c196-111:21559:21618 [1] NCCL INFO Connected 1 MSCCL algorithms
c196-111:21559:21618 [1] NCCL INFO NCCL_PROTO set by environment to Simple
c196-111:21559:21618 [1] NCCL INFO NCCL_ALGO set by environment to MSCCL,TREE,RING
c196-111:21559:21618 [1] NCCL INFO threadThresholds 8/8/64 | 128/8/64 | 8/8/64 | 8/8/512
c196-111:21559:21618 [1] NCCL INFO 2 coll channels, 2 p2p channels, 2 p2p channels per peer
c197-012:1546:1602 [3] NCCL INFO comm 0x2ab8ce000010 rank 15 nranks 16 cudaDev 3 busId 83000 - Init COMPLETE
c197-012:1543:1597 [2] NCCL INFO comm 0x2b4a80000010 rank 14 nranks 16 cudaDev 2 busId 82000 - Init COMPLETE
c196-111:21558:21609 [0] NCCL INFO comm 0x2acbd2000010 rank 0 nranks 16 cudaDev 0 busId 2000 - Init COMPLETE
c196-111:21559:21618 [1] NCCL INFO comm 0x2b5810000010 rank 1 nranks 16 cudaDev 1 busId 3000 - Init COMPLETE
c197-011:5712:5769 [0] NCCL INFO Parsed MSCCL Algorithm /home1/09168/ldai1/ccl-build/msccl_tools_lyd/examples/xml/xml_lyd/binary_tree/allreduce_binary_tree_1ch_2tree_64chunk_4node_16gpu.xml successfully.
#
c197-011:5712:5769 [0] NCCL INFO Connected 1 MSCCL algorithms
#                                                              out-of-place                       in-place          
#       size         count      type   redop    root     time   algbw   busbw #wrong     time   algbw   busbw #wrong
#        (B)    (elements)                               (us)  (GB/s)  (GB/s)            (us)  (GB/s)  (GB/s)       
c197-011:5712:5769 [0] NCCL INFO NCCL_PROTO set by environment to Simple
c197-011:5712:5769 [0] NCCL INFO NCCL_ALGO set by environment to MSCCL,TREE,RING
c197-011:5712:5769 [0] NCCL INFO threadThresholds 8/8/64 | 128/8/64 | 8/8/64 | 8/8/512
c197-011:5712:5769 [0] NCCL INFO 2 coll channels, 2 p2p channels, 2 p2p channels per peer
c196-111:21561:21616 [3] NCCL INFO comm 0x2b6ab4000010 rank 3 nranks 16 cudaDev 3 busId 83000 - Init COMPLETE
c196-111:21560:21614 [2] NCCL INFO comm 0x2b2594000010 rank 2 nranks 16 cudaDev 2 busId 82000 - Init COMPLETE
c196-112:8141:8199 [1] NCCL INFO Parsed MSCCL Algorithm /home1/09168/ldai1/ccl-build/msccl_tools_lyd/examples/xml/xml_lyd/binary_tree/allreduce_binary_tree_1ch_2tree_64chunk_4node_16gpu.xml successfully.
c196-112:8141:8199 [1] NCCL INFO Connected 1 MSCCL algorithms
c197-011:5713:5771 [1] NCCL INFO Parsed MSCCL Algorithm /home1/09168/ldai1/ccl-build/msccl_tools_lyd/examples/xml/xml_lyd/binary_tree/allreduce_binary_tree_1ch_2tree_64chunk_4node_16gpu.xml successfully.
c197-011:5713:5771 [1] NCCL INFO Connected 1 MSCCL algorithms
c196-112:8141:8199 [1] NCCL INFO NCCL_PROTO set by environment to Simple
c196-112:8141:8199 [1] NCCL INFO NCCL_ALGO set by environment to MSCCL,TREE,RING
c196-112:8141:8199 [1] NCCL INFO threadThresholds 8/8/64 | 128/8/64 | 8/8/64 | 8/8/512
c196-112:8141:8199 [1] NCCL INFO 2 coll channels, 2 p2p channels, 2 p2p channels per peer
c197-011:5713:5771 [1] NCCL INFO NCCL_PROTO set by environment to Simple
c196-112:8140:8197 [0] NCCL INFO Parsed MSCCL Algorithm /home1/09168/ldai1/ccl-build/msccl_tools_lyd/examples/xml/xml_lyd/binary_tree/allreduce_binary_tree_1ch_2tree_64chunk_4node_16gpu.xml successfully.
c197-011:5713:5771 [1] NCCL INFO NCCL_ALGO set by environment to MSCCL,TREE,RING
c197-011:5713:5771 [1] NCCL INFO threadThresholds 8/8/64 | 128/8/64 | 8/8/64 | 8/8/512
c197-011:5713:5771 [1] NCCL INFO 2 coll channels, 2 p2p channels, 2 p2p channels per peer
c196-112:8140:8197 [0] NCCL INFO Connected 1 MSCCL algorithms
c196-112:8140:8197 [0] NCCL INFO NCCL_PROTO set by environment to Simple
c196-112:8140:8197 [0] NCCL INFO NCCL_ALGO set by environment to MSCCL,TREE,RING
c196-112:8140:8197 [0] NCCL INFO threadThresholds 8/8/64 | 128/8/64 | 8/8/64 | 8/8/512
c196-112:8140:8197 [0] NCCL INFO 2 coll channels, 2 p2p channels, 2 p2p channels per peer
c196-112:8142:8195 [2] NCCL INFO Parsed MSCCL Algorithm /home1/09168/ldai1/ccl-build/msccl_tools_lyd/examples/xml/xml_lyd/binary_tree/allreduce_binary_tree_1ch_2tree_64chunk_4node_16gpu.xml successfully.
c196-112:8142:8195 [2] NCCL INFO Connected 1 MSCCL algorithms
c196-112:8142:8195 [2] NCCL INFO NCCL_PROTO set by environment to Simple
c196-112:8142:8195 [2] NCCL INFO NCCL_ALGO set by environment to MSCCL,TREE,RING
c196-112:8142:8195 [2] NCCL INFO threadThresholds 8/8/64 | 128/8/64 | 8/8/64 | 8/8/512
c196-112:8142:8195 [2] NCCL INFO 2 coll channels, 2 p2p channels, 2 p2p channels per peer
c196-112:8140:8197 [0] NCCL INFO comm 0x2b238d16b010 rank 4 nranks 16 cudaDev 0 busId 2000 - Init COMPLETE
c196-112:8141:8199 [1] NCCL INFO comm 0x2b6e9d30d010 rank 5 nranks 16 cudaDev 1 busId 3000 - Init COMPLETE
c196-112:8143:8194 [3] NCCL INFO comm 0x2b531177c010 rank 7 nranks 16 cudaDev 3 busId 83000 - Init COMPLETE
c196-112:8142:8195 [2] NCCL INFO comm 0x2aec1e000010 rank 6 nranks 16 cudaDev 2 busId 82000 - Init COMPLETE
c197-011:5712:5769 [0] NCCL INFO comm 0x2bab4e000010 rank 8 nranks 16 cudaDev 0 busId 2000 - Init COMPLETE
c197-011:5713:5771 [1] NCCL INFO comm 0x2b90ddb6e010 rank 9 nranks 16 cudaDev 1 busId 3000 - Init COMPLETE
c197-011:5714:5767 [2] NCCL INFO comm 0x2b732c000010 rank 10 nranks 16 cudaDev 2 busId 82000 - Init COMPLETE
c197-011:5715:5766 [3] NCCL INFO comm 0x2ac974000010 rank 11 nranks 16 cudaDev 3 busId 83000 - Init COMPLETE
c196-111:21558:21558 [0] NCCL INFO Launch mode Parallel
       65536         16384     float     sum      -1   1018.7    0.06    0.12      0    953.4    0.07    0.13      0
      131072         32768     float     sum      -1   1064.4    0.12    0.23      0    950.8    0.14    0.26      0
      262144         65536     float     sum      -1   1069.0    0.25    0.46      0    935.7    0.28    0.53      0
      524288        131072     float     sum      -1   1073.0    0.49    0.92      0    948.2    0.55    1.04      0
     1048576        262144     float     sum      -1   1107.3    0.95    1.78      0    991.2    1.06    1.98      0
     2097152        524288     float     sum      -1   1459.7    1.44    2.69      0   1400.9    1.50    2.81      0
     4194304       1048576     float     sum      -1   2351.3    1.78    3.34      0   2391.4    1.75    3.29      0
     8388608       2097152     float     sum      -1   4186.9    2.00    3.76      0   4348.9    1.93    3.62      0
    16777216       4194304     float     sum      -1   8100.9    2.07    3.88      0   8129.1    2.06    3.87      0
    33554432       8388608     float     sum      -1    16266    2.06    3.87      0    16119    2.08    3.90      0
    67108864      16777216     float     sum      -1    32504    2.06    3.87      0    32556    2.06    3.87      0
   134217728      33554432     float     sum      -1    67109    2.00    3.75      0    67592    1.99    3.72      0
   268435456      67108864     float     sum      -1   134220    2.00    3.75      0   132763    2.02    3.79      0
c197-011:5715:5715 [3] NCCL INFO comm 0x2ac974000010 rank 11 nranks 16 cudaDev 3 busId 83000 - Destroy COMPLETE
c196-111:21561:21561 [3] NCCL INFO comm 0x2b6ab4000010 rank 3 nranks 16 cudaDev 3 busId 83000 - Destroy COMPLETE
c196-112:8143:8143 [3] NCCL INFO comm 0x2b531177c010 rank 7 nranks 16 cudaDev 3 busId 83000 - Destroy COMPLETE
c197-012:1546:1546 [3] NCCL INFO comm 0x2ab8ce000010 rank 15 nranks 16 cudaDev 3 busId 83000 - Destroy COMPLETE
c197-012:1543:1543 [2] NCCL INFO comm 0x2b4a80000010 rank 14 nranks 16 cudaDev 2 busId 82000 - Destroy COMPLETE
c196-111:21559:21559 [1] NCCL INFO comm 0x2b5810000010 rank 1 nranks 16 cudaDev 1 busId 3000 - Destroy COMPLETE
c196-112:8142:8142 [2] NCCL INFO comm 0x2aec1e000010 rank 6 nranks 16 cudaDev 2 busId 82000 - Destroy COMPLETE
c197-011:5714:5714 [2] NCCL INFO comm 0x2b732c000010 rank 10 nranks 16 cudaDev 2 busId 82000 - Destroy COMPLETE
c197-012:1542:1542 [1] NCCL INFO comm 0x2b147e000010 rank 13 nranks 16 cudaDev 1 busId 3000 - Destroy COMPLETE
c196-111:21558:21558 [0] NCCL INFO comm 0x2acbd2000010 rank 0 nranks 16 cudaDev 0 busId 2000 - Destroy COMPLETE
c197-012:1541:1541 [0] NCCL INFO comm 0x2b439e000010 rank 12 nranks 16 cudaDev 0 busId 2000 - Destroy COMPLETE
c196-111:21560:21560 [2] NCCL INFO comm 0x2b2594000010 rank 2 nranks 16 cudaDev 2 busId 82000 - Destroy COMPLETE
c197-011:5713:5713 [1] NCCL INFO comm 0x2b90ddb6e010 rank 9 nranks 16 cudaDev 1 busId 3000 - Destroy COMPLETE
c196-112:8141:8141 [1] NCCL INFO comm 0x2b6e9d30d010 rank 5 nranks 16 cudaDev 1 busId 3000 - Destroy COMPLETE
c196-112:8140:8140 [0] NCCL INFO comm 0x2b238d16b010 rank 4 nranks 16 cudaDev 0 busId 2000 - Destroy COMPLETE
c197-011:5712:5712 [0] NCCL INFO comm 0x2bab4e000010 rank 8 nranks 16 cudaDev 0 busId 2000 - Destroy COMPLETE
# Out of bounds values : 0 OK
# Avg bus bandwidth    : 2.50837 
#

TACC:  Shutdown complete. Exiting. 
