TACC:  Starting up job 6212683 
TACC:  Starting parallel tasks... 
# nThread 1 nGpus 1 minBytes 65536 maxBytes 268435456 step: 2(factor) warmup iters: 5 iters: 60 agg iters: 1 validation: 1 graph: 0
#
# Using devices
#  Rank  0 Group  0 Pid  21863 on   c196-111 device  0 [0x02] Quadro RTX 5000
#  Rank  1 Group  0 Pid  21864 on   c196-111 device  1 [0x03] Quadro RTX 5000
#  Rank  2 Group  0 Pid  21865 on   c196-111 device  2 [0x82] Quadro RTX 5000
#  Rank  3 Group  0 Pid  21866 on   c196-111 device  3 [0x83] Quadro RTX 5000
#  Rank  4 Group  0 Pid   8462 on   c196-112 device  0 [0x02] Quadro RTX 5000
#  Rank  5 Group  0 Pid   8463 on   c196-112 device  1 [0x03] Quadro RTX 5000
#  Rank  6 Group  0 Pid   8464 on   c196-112 device  2 [0x82] Quadro RTX 5000
#  Rank  7 Group  0 Pid   8465 on   c196-112 device  3 [0x83] Quadro RTX 5000
#  Rank  8 Group  0 Pid   6033 on   c197-011 device  0 [0x02] Quadro RTX 5000
#  Rank  9 Group  0 Pid   6034 on   c197-011 device  1 [0x03] Quadro RTX 5000
#  Rank 10 Group  0 Pid   6035 on   c197-011 device  2 [0x82] Quadro RTX 5000
#  Rank 11 Group  0 Pid   6036 on   c197-011 device  3 [0x83] Quadro RTX 5000
#  Rank 12 Group  0 Pid   1869 on   c197-012 device  0 [0x02] Quadro RTX 5000
#  Rank 13 Group  0 Pid   1870 on   c197-012 device  1 [0x03] Quadro RTX 5000
#  Rank 14 Group  0 Pid   1871 on   c197-012 device  2 [0x82] Quadro RTX 5000
#  Rank 15 Group  0 Pid   1872 on   c197-012 device  3 [0x83] Quadro RTX 5000
The MSCCL XML file exists: /home1/09168/ldai1/ccl-build/msccl_tools_lyd/examples/xml/xml_lyd/binary_tree/allreduce_binary_tree_2ch_2tree_1chunk_4node_16gpu.xml
c196-111:21863:21863 [0] NCCL INFO Bootstrap : Using ib0:192.168.44.121<0>
c196-111:21863:21863 [0] NCCL INFO NET/Plugin : No plugin found (libnccl-net.so), using internal implementation
c196-111:21863:21863 [0] NCCL INFO NET/IB : Using [0]mlx4_0:1/IB [RO]; OOB ib0:192.168.44.121<0>
c196-111:21863:21863 [0] NCCL INFO Using network IB
NCCL version 2.12.12.MSCCL.0.7.4+cuda11.3
c196-111:21865:21865 [2] NCCL INFO Bootstrap : Using ib0:192.168.44.121<0>
c196-111:21865:21865 [2] NCCL INFO NET/Plugin : No plugin found (libnccl-net.so), using internal implementation
c196-111:21864:21864 [1] NCCL INFO Bootstrap : Using ib0:192.168.44.121<0>
c196-111:21864:21864 [1] NCCL INFO NET/Plugin : No plugin found (libnccl-net.so), using internal implementation
c196-111:21865:21865 [2] NCCL INFO NET/IB : Using [0]mlx4_0:1/IB [RO]; OOB ib0:192.168.44.121<0>
c196-111:21865:21865 [2] NCCL INFO Using network IB
c196-111:21866:21866 [3] NCCL INFO Bootstrap : Using ib0:192.168.44.121<0>
c196-111:21866:21866 [3] NCCL INFO NET/Plugin : No plugin found (libnccl-net.so), using internal implementation
c196-111:21866:21866 [3] NCCL INFO NET/IB : Using [0]mlx4_0:1/IB [RO]; OOB ib0:192.168.44.121<0>
c196-111:21866:21866 [3] NCCL INFO Using network IB
c196-111:21864:21864 [1] NCCL INFO NET/IB : Using [0]mlx4_0:1/IB [RO]; OOB ib0:192.168.44.121<0>
c196-111:21864:21864 [1] NCCL INFO Using network IB
c197-012:1870:1870 [1] NCCL INFO Bootstrap : Using ib0:192.168.44.124<0>
c197-012:1872:1872 [3] NCCL INFO Bootstrap : Using ib0:192.168.44.124<0>
c197-012:1869:1869 [0] NCCL INFO Bootstrap : Using ib0:192.168.44.124<0>
c197-012:1871:1871 [2] NCCL INFO Bootstrap : Using ib0:192.168.44.124<0>
c197-012:1869:1869 [0] NCCL INFO NET/Plugin : No plugin found (libnccl-net.so), using internal implementation
c197-012:1870:1870 [1] NCCL INFO NET/Plugin : No plugin found (libnccl-net.so), using internal implementation
c197-012:1871:1871 [2] NCCL INFO NET/Plugin : No plugin found (libnccl-net.so), using internal implementation
c197-012:1872:1872 [3] NCCL INFO NET/Plugin : No plugin found (libnccl-net.so), using internal implementation
c197-011:6035:6035 [2] NCCL INFO Bootstrap : Using ib0:192.168.44.123<0>
c197-011:6036:6036 [3] NCCL INFO Bootstrap : Using ib0:192.168.44.123<0>
c197-011:6035:6035 [2] NCCL INFO NET/Plugin : No plugin found (libnccl-net.so), using internal implementation
c197-011:6036:6036 [3] NCCL INFO NET/Plugin : No plugin found (libnccl-net.so), using internal implementation
c197-011:6034:6034 [1] NCCL INFO Bootstrap : Using ib0:192.168.44.123<0>
c197-011:6034:6034 [1] NCCL INFO NET/Plugin : No plugin found (libnccl-net.so), using internal implementation
c197-011:6033:6033 [0] NCCL INFO Bootstrap : Using ib0:192.168.44.123<0>
c197-011:6033:6033 [0] NCCL INFO NET/Plugin : No plugin found (libnccl-net.so), using internal implementation
c196-112:8464:8464 [2] NCCL INFO Bootstrap : Using ib0:192.168.44.122<0>
c197-012:1871:1871 [2] NCCL INFO NET/IB : Using [0]mlx4_0:1/IB [RO]; OOB ib0:192.168.44.124<0>
c197-012:1871:1871 [2] NCCL INFO Using network IB
c196-112:8465:8465 [3] NCCL INFO Bootstrap : Using ib0:192.168.44.122<0>
c197-012:1870:1870 [1] NCCL INFO NET/IB : Using [0]mlx4_0:1/IB [RO]; OOB ib0:192.168.44.124<0>
c197-012:1870:1870 [1] NCCL INFO Using network IB
c197-012:1869:1869 [0] NCCL INFO NET/IB : Using [0]mlx4_0:1/IB [RO]; OOB ib0:192.168.44.124<0>
c197-012:1869:1869 [0] NCCL INFO Using network IB
c196-112:8464:8464 [2] NCCL INFO NET/Plugin : No plugin found (libnccl-net.so), using internal implementation
c197-012:1872:1872 [3] NCCL INFO NET/IB : Using [0]mlx4_0:1/IB [RO]; OOB ib0:192.168.44.124<0>
c196-112:8465:8465 [3] NCCL INFO NET/Plugin : No plugin found (libnccl-net.so), using internal implementation
c197-012:1872:1872 [3] NCCL INFO Using network IB
c197-011:6036:6036 [3] NCCL INFO NET/IB : Using [0]mlx4_0:1/IB [RO]; OOB ib0:192.168.44.123<0>
c197-011:6036:6036 [3] NCCL INFO Using network IB
c197-011:6035:6035 [2] NCCL INFO NET/IB : Using [0]mlx4_0:1/IB [RO]; OOB ib0:192.168.44.123<0>
c197-011:6035:6035 [2] NCCL INFO Using network IB
c197-011:6034:6034 [1] NCCL INFO NET/IB : Using [0]mlx4_0:1/IB [RO]; OOB ib0:192.168.44.123<0>
c197-011:6034:6034 [1] NCCL INFO Using network IB
c197-011:6033:6033 [0] NCCL INFO NET/IB : Using [0]mlx4_0:1/IB [RO]; OOB ib0:192.168.44.123<0>
c197-011:6033:6033 [0] NCCL INFO Using network IB
c196-112:8462:8462 [0] NCCL INFO Bootstrap : Using ib0:192.168.44.122<0>
c196-112:8462:8462 [0] NCCL INFO NET/Plugin : No plugin found (libnccl-net.so), using internal implementation
c196-112:8464:8464 [2] NCCL INFO NET/IB : Using [0]mlx4_0:1/IB [RO]; OOB ib0:192.168.44.122<0>
c196-112:8464:8464 [2] NCCL INFO Using network IB
c196-112:8465:8465 [3] NCCL INFO NET/IB : Using [0]mlx4_0:1/IB [RO]; OOB ib0:192.168.44.122<0>
c196-112:8465:8465 [3] NCCL INFO Using network IB
c196-112:8463:8463 [1] NCCL INFO Bootstrap : Using ib0:192.168.44.122<0>
c196-112:8463:8463 [1] NCCL INFO NET/Plugin : No plugin found (libnccl-net.so), using internal implementation
c196-112:8462:8462 [0] NCCL INFO NET/IB : Using [0]mlx4_0:1/IB [RO]; OOB ib0:192.168.44.122<0>
c196-112:8462:8462 [0] NCCL INFO Using network IB
c196-112:8463:8463 [1] NCCL INFO NET/IB : Using [0]mlx4_0:1/IB [RO]; OOB ib0:192.168.44.122<0>
c196-112:8463:8463 [1] NCCL INFO Using network IB
c196-111:21863:21914 [0] NCCL INFO Setting affinity for GPU 0 to 0f000f
c197-012:1872:1930 [3] NCCL INFO Setting affinity for GPU 3 to f000f000
c196-112:8465:8517 [3] NCCL INFO Setting affinity for GPU 3 to f000f000
c197-011:6036:6087 [3] NCCL INFO Setting affinity for GPU 3 to f000f000
c196-111:21865:21919 [2] NCCL INFO Setting affinity for GPU 2 to 0f000f00
c196-111:21866:21921 [3] NCCL INFO Setting affinity for GPU 3 to f000f000
c196-111:21864:21923 [1] NCCL INFO Setting affinity for GPU 1 to f000f0
c197-011:6035:6088 [2] NCCL INFO Setting affinity for GPU 2 to 0f000f00
c197-012:1869:1929 [0] NCCL INFO Setting affinity for GPU 0 to 0f000f
c196-112:8462:8519 [0] NCCL INFO Setting affinity for GPU 0 to 0f000f
c196-112:8463:8521 [1] NCCL INFO Setting affinity for GPU 1 to f000f0
c196-112:8464:8516 [2] NCCL INFO Setting affinity for GPU 2 to 0f000f00
c197-012:1870:1925 [1] NCCL INFO Setting affinity for GPU 1 to f000f0
c197-011:6033:6092 [0] NCCL INFO Setting affinity for GPU 0 to 0f000f
c197-011:6034:6090 [1] NCCL INFO Setting affinity for GPU 1 to f000f0
c197-012:1871:1926 [2] NCCL INFO Setting affinity for GPU 2 to 0f000f00
c197-012:1871:1926 [2] NCCL INFO Trees [0] 15/-1/-1->14->13 [1] 15/-1/-1->14->13
c197-012:1872:1930 [3] NCCL INFO Trees [0] -1/-1/-1->15->14 [1] -1/-1/-1->15->14
c196-111:21864:21923 [1] NCCL INFO Trees [0] 2/-1/-1->1->0 [1] 2/-1/-1->1->0
c196-112:8463:8521 [1] NCCL INFO Trees [0] 6/-1/-1->5->4 [1] 6/8/-1->5->4
c197-012:1870:1925 [1] NCCL INFO Trees [0] 14/-1/-1->13->12 [1] 14/-1/-1->13->12
c197-011:6034:6090 [1] NCCL INFO Trees [0] 10/4/-1->9->8 [1] 10/-1/-1->9->8
c196-111:21865:21919 [2] NCCL INFO Trees [0] 3/-1/-1->2->1 [1] 3/-1/-1->2->1
c196-112:8465:8517 [3] NCCL INFO Trees [0] -1/-1/-1->7->6 [1] -1/-1/-1->7->6
c197-012:1869:1929 [0] NCCL INFO Trees [0] 13/-1/-1->12->8 [1] 13/4/-1->12->-1
c197-011:6036:6087 [3] NCCL INFO Trees [0] -1/-1/-1->11->10 [1] -1/-1/-1->11->10
c196-111:21866:21921 [3] NCCL INFO Trees [0] -1/-1/-1->3->2 [1] -1/-1/-1->3->2
c196-112:8462:8519 [0] NCCL INFO Trees [0] 5/-1/-1->4->9 [1] 5/0/-1->4->12
c197-011:6033:6092 [0] NCCL INFO Trees [0] 9/12/-1->8->0 [1] 9/-1/-1->8->5
c196-111:21863:21914 [0] NCCL INFO Channel 00/02 :    0   1   2   3   4   5   6   7   8   9  10  11  12  13  14  15
c196-112:8464:8516 [2] NCCL INFO Trees [0] 7/-1/-1->6->5 [1] 7/-1/-1->6->5
c197-011:6035:6088 [2] NCCL INFO Trees [0] 11/-1/-1->10->9 [1] 11/-1/-1->10->9
c196-111:21863:21914 [0] NCCL INFO Channel 01/02 :    0   1   2   3   4   5   6   7   8   9  10  11  12  13  14  15
c196-111:21863:21914 [0] NCCL INFO Trees [0] 1/8/-1->0->-1 [1] 1/-1/-1->0->4
c197-012:1869:1929 [0] NCCL INFO Channel 00/0 : 11[83000] -> 12[2000] [receive] via NET/IB/0
c196-112:8462:8519 [0] NCCL INFO Channel 00/0 : 3[83000] -> 4[2000] [receive] via NET/IB/0
c196-111:21863:21914 [0] NCCL INFO Channel 00/0 : 15[83000] -> 0[2000] [receive] via NET/IB/0
c197-011:6033:6092 [0] NCCL INFO Channel 00/0 : 7[83000] -> 8[2000] [receive] via NET/IB/0
c197-012:1871:1926 [2] NCCL INFO Channel 00 : 14[82000] -> 15[83000] via direct shared memory
c197-012:1870:1925 [1] NCCL INFO Channel 00 : 13[3000] -> 14[82000] via direct shared memory
c197-012:1871:1926 [2] NCCL INFO Channel 01 : 14[82000] -> 15[83000] via direct shared memory
c197-012:1870:1925 [1] NCCL INFO Channel 01 : 13[3000] -> 14[82000] via direct shared memory
c197-011:6035:6088 [2] NCCL INFO Channel 00 : 10[82000] -> 11[83000] via direct shared memory
c197-011:6035:6088 [2] NCCL INFO Channel 01 : 10[82000] -> 11[83000] via direct shared memory
c197-011:6034:6090 [1] NCCL INFO Channel 00 : 9[3000] -> 10[82000] via direct shared memory
c196-112:8464:8516 [2] NCCL INFO Channel 00 : 6[82000] -> 7[83000] via direct shared memory
c196-111:21865:21919 [2] NCCL INFO Channel 00 : 2[82000] -> 3[83000] via direct shared memory
c197-011:6034:6090 [1] NCCL INFO Channel 01 : 9[3000] -> 10[82000] via direct shared memory
c196-112:8463:8521 [1] NCCL INFO Channel 00 : 5[3000] -> 6[82000] via direct shared memory
c196-112:8464:8516 [2] NCCL INFO Channel 01 : 6[82000] -> 7[83000] via direct shared memory
c196-112:8463:8521 [1] NCCL INFO Channel 01 : 5[3000] -> 6[82000] via direct shared memory
c196-111:21865:21919 [2] NCCL INFO Channel 01 : 2[82000] -> 3[83000] via direct shared memory
c196-111:21864:21923 [1] NCCL INFO Channel 00 : 1[3000] -> 2[82000] via direct shared memory
c196-111:21864:21923 [1] NCCL INFO Channel 01 : 1[3000] -> 2[82000] via direct shared memory
c197-012:1872:1930 [3] NCCL INFO Channel 00/0 : 15[83000] -> 0[2000] [send] via NET/IB/0
c197-011:6036:6087 [3] NCCL INFO Channel 00/0 : 11[83000] -> 12[2000] [send] via NET/IB/0
c196-111:21866:21921 [3] NCCL INFO Channel 00/0 : 3[83000] -> 4[2000] [send] via NET/IB/0
c196-112:8465:8517 [3] NCCL INFO Channel 00/0 : 7[83000] -> 8[2000] [send] via NET/IB/0
c197-012:1869:1929 [0] NCCL INFO Channel 01/0 : 11[83000] -> 12[2000] [receive] via NET/IB/0
c197-012:1869:1929 [0] NCCL INFO Channel 00 : 12[2000] -> 13[3000] via direct shared memory
c197-012:1869:1929 [0] NCCL INFO Channel 01 : 12[2000] -> 13[3000] via direct shared memory
c196-111:21863:21914 [0] NCCL INFO Channel 01/0 : 15[83000] -> 0[2000] [receive] via NET/IB/0
c197-011:6033:6092 [0] NCCL INFO Channel 01/0 : 7[83000] -> 8[2000] [receive] via NET/IB/0
c196-111:21863:21914 [0] NCCL INFO Channel 00 : 0[2000] -> 1[3000] via direct shared memory
c196-112:8462:8519 [0] NCCL INFO Channel 01/0 : 3[83000] -> 4[2000] [receive] via NET/IB/0
c197-011:6033:6092 [0] NCCL INFO Channel 00 : 8[2000] -> 9[3000] via direct shared memory
c196-111:21863:21914 [0] NCCL INFO Channel 01 : 0[2000] -> 1[3000] via direct shared memory
c197-011:6033:6092 [0] NCCL INFO Channel 01 : 8[2000] -> 9[3000] via direct shared memory
c196-112:8462:8519 [0] NCCL INFO Channel 00 : 4[2000] -> 5[3000] via direct shared memory
c196-112:8462:8519 [0] NCCL INFO Channel 01 : 4[2000] -> 5[3000] via direct shared memory
c197-012:1870:1925 [1] NCCL INFO Connected all rings
c196-111:21864:21923 [1] NCCL INFO Connected all rings
c196-112:8463:8521 [1] NCCL INFO Connected all rings
c197-011:6034:6090 [1] NCCL INFO Connected all rings
c196-112:8463:8521 [1] NCCL INFO Channel 01/0 : 5[3000] -> 8[2000] [send] via NET/IB/0
c197-011:6034:6090 [1] NCCL INFO Channel 00/0 : 4[2000] -> 9[3000] [receive] via NET/IB/0
c197-012:1872:1930 [3] NCCL INFO Channel 01/0 : 15[83000] -> 0[2000] [send] via NET/IB/0
c196-111:21866:21921 [3] NCCL INFO Channel 01/0 : 3[83000] -> 4[2000] [send] via NET/IB/0
c197-011:6036:6087 [3] NCCL INFO Channel 01/0 : 11[83000] -> 12[2000] [send] via NET/IB/0
c196-112:8465:8517 [3] NCCL INFO Channel 01/0 : 7[83000] -> 8[2000] [send] via NET/IB/0
c197-012:1871:1926 [2] NCCL INFO Connected all rings
c197-012:1870:1925 [1] NCCL INFO Channel 00 : 13[3000] -> 12[2000] via direct shared memory
c196-111:21865:21919 [2] NCCL INFO Connected all rings
c197-012:1870:1925 [1] NCCL INFO Channel 01 : 13[3000] -> 12[2000] via direct shared memory
c197-011:6035:6088 [2] NCCL INFO Connected all rings
c196-112:8464:8516 [2] NCCL INFO Connected all rings
c196-111:21864:21923 [1] NCCL INFO Channel 00 : 1[3000] -> 0[2000] via direct shared memory
c196-111:21864:21923 [1] NCCL INFO Channel 01 : 1[3000] -> 0[2000] via direct shared memory
c197-012:1872:1930 [3] NCCL INFO Connected all rings
c197-012:1872:1930 [3] NCCL INFO Channel 00 : 15[83000] -> 14[82000] via direct shared memory
c197-012:1872:1930 [3] NCCL INFO Channel 01 : 15[83000] -> 14[82000] via direct shared memory
c196-111:21866:21921 [3] NCCL INFO Connected all rings
c196-111:21866:21921 [3] NCCL INFO Channel 00 : 3[83000] -> 2[82000] via direct shared memory
c196-111:21866:21921 [3] NCCL INFO Channel 01 : 3[83000] -> 2[82000] via direct shared memory
c197-011:6036:6087 [3] NCCL INFO Connected all rings
c197-011:6036:6087 [3] NCCL INFO Channel 00 : 11[83000] -> 10[82000] via direct shared memory
c196-112:8465:8517 [3] NCCL INFO Connected all rings
c197-011:6036:6087 [3] NCCL INFO Channel 01 : 11[83000] -> 10[82000] via direct shared memory
c196-112:8465:8517 [3] NCCL INFO Channel 00 : 7[83000] -> 6[82000] via direct shared memory
c196-112:8465:8517 [3] NCCL INFO Channel 01 : 7[83000] -> 6[82000] via direct shared memory
c197-012:1871:1926 [2] NCCL INFO Channel 00 : 14[82000] -> 13[3000] via direct shared memory
c197-012:1871:1926 [2] NCCL INFO Channel 01 : 14[82000] -> 13[3000] via direct shared memory
c196-111:21863:21914 [0] NCCL INFO Connected all rings
c196-112:8462:8519 [0] NCCL INFO Connected all rings
c197-012:1869:1929 [0] NCCL INFO Connected all rings
c197-011:6033:6092 [0] NCCL INFO Connected all rings
c197-011:6035:6088 [2] NCCL INFO Channel 00 : 10[82000] -> 9[3000] via direct shared memory
c197-011:6035:6088 [2] NCCL INFO Channel 01 : 10[82000] -> 9[3000] via direct shared memory
c196-111:21865:21919 [2] NCCL INFO Channel 00 : 2[82000] -> 1[3000] via direct shared memory
c196-111:21865:21919 [2] NCCL INFO Channel 01 : 2[82000] -> 1[3000] via direct shared memory
c197-012:1872:1930 [3] NCCL INFO Connected all trees
c197-012:1872:1930 [3] NCCL INFO MSCCL_XML_FILES set by environment to /home1/09168/ldai1/ccl-build/msccl_tools_lyd/examples/xml/xml_lyd/binary_tree/allreduce_binary_tree_2ch_2tree_1chunk_4node_16gpu.xml
c197-012:1872:1930 [3] NCCL INFO MSCCL: Parsing algorithm /home1/09168/ldai1/ccl-build/msccl_tools_lyd/examples/xml/xml_lyd/binary_tree/allreduce_binary_tree_2ch_2tree_1chunk_4node_16gpu.xml
c196-112:8464:8516 [2] NCCL INFO Channel 00 : 6[82000] -> 5[3000] via direct shared memory
c196-112:8464:8516 [2] NCCL INFO Channel 01 : 6[82000] -> 5[3000] via direct shared memory
c197-012:1871:1926 [2] NCCL INFO Connected all trees
c197-012:1871:1926 [2] NCCL INFO MSCCL_XML_FILES set by environment to /home1/09168/ldai1/ccl-build/msccl_tools_lyd/examples/xml/xml_lyd/binary_tree/allreduce_binary_tree_2ch_2tree_1chunk_4node_16gpu.xml
c197-012:1871:1926 [2] NCCL INFO MSCCL: Parsing algorithm /home1/09168/ldai1/ccl-build/msccl_tools_lyd/examples/xml/xml_lyd/binary_tree/allreduce_binary_tree_2ch_2tree_1chunk_4node_16gpu.xml
c197-011:6036:6087 [3] NCCL INFO Connected all trees
c197-011:6036:6087 [3] NCCL INFO MSCCL_XML_FILES set by environment to /home1/09168/ldai1/ccl-build/msccl_tools_lyd/examples/xml/xml_lyd/binary_tree/allreduce_binary_tree_2ch_2tree_1chunk_4node_16gpu.xml
c197-011:6036:6087 [3] NCCL INFO MSCCL: Parsing algorithm /home1/09168/ldai1/ccl-build/msccl_tools_lyd/examples/xml/xml_lyd/binary_tree/allreduce_binary_tree_2ch_2tree_1chunk_4node_16gpu.xml
c196-112:8465:8517 [3] NCCL INFO Connected all trees
c196-111:21866:21921 [3] NCCL INFO Connected all trees
c196-111:21866:21921 [3] NCCL INFO MSCCL_XML_FILES set by environment to /home1/09168/ldai1/ccl-build/msccl_tools_lyd/examples/xml/xml_lyd/binary_tree/allreduce_binary_tree_2ch_2tree_1chunk_4node_16gpu.xml
c196-111:21866:21921 [3] NCCL INFO MSCCL: Parsing algorithm /home1/09168/ldai1/ccl-build/msccl_tools_lyd/examples/xml/xml_lyd/binary_tree/allreduce_binary_tree_2ch_2tree_1chunk_4node_16gpu.xml
c196-112:8465:8517 [3] NCCL INFO MSCCL_XML_FILES set by environment to /home1/09168/ldai1/ccl-build/msccl_tools_lyd/examples/xml/xml_lyd/binary_tree/allreduce_binary_tree_2ch_2tree_1chunk_4node_16gpu.xml
c196-112:8465:8517 [3] NCCL INFO MSCCL: Parsing algorithm /home1/09168/ldai1/ccl-build/msccl_tools_lyd/examples/xml/xml_lyd/binary_tree/allreduce_binary_tree_2ch_2tree_1chunk_4node_16gpu.xml
c196-111:21865:21919 [2] NCCL INFO Connected all trees
c196-111:21865:21919 [2] NCCL INFO MSCCL_XML_FILES set by environment to /home1/09168/ldai1/ccl-build/msccl_tools_lyd/examples/xml/xml_lyd/binary_tree/allreduce_binary_tree_2ch_2tree_1chunk_4node_16gpu.xml
c196-111:21865:21919 [2] NCCL INFO MSCCL: Parsing algorithm /home1/09168/ldai1/ccl-build/msccl_tools_lyd/examples/xml/xml_lyd/binary_tree/allreduce_binary_tree_2ch_2tree_1chunk_4node_16gpu.xml
c196-112:8465:8517 [3] NCCL INFO Parsed MSCCL Algorithm /home1/09168/ldai1/ccl-build/msccl_tools_lyd/examples/xml/xml_lyd/binary_tree/allreduce_binary_tree_2ch_2tree_1chunk_4node_16gpu.xml successfully.
c197-012:1871:1926 [2] NCCL INFO Parsed MSCCL Algorithm /home1/09168/ldai1/ccl-build/msccl_tools_lyd/examples/xml/xml_lyd/binary_tree/allreduce_binary_tree_2ch_2tree_1chunk_4node_16gpu.xml successfully.
c197-011:6036:6087 [3] NCCL INFO Parsed MSCCL Algorithm /home1/09168/ldai1/ccl-build/msccl_tools_lyd/examples/xml/xml_lyd/binary_tree/allreduce_binary_tree_2ch_2tree_1chunk_4node_16gpu.xml successfully.
c196-111:21865:21919 [2] NCCL INFO Parsed MSCCL Algorithm /home1/09168/ldai1/ccl-build/msccl_tools_lyd/examples/xml/xml_lyd/binary_tree/allreduce_binary_tree_2ch_2tree_1chunk_4node_16gpu.xml successfully.
c196-111:21866:21921 [3] NCCL INFO Parsed MSCCL Algorithm /home1/09168/ldai1/ccl-build/msccl_tools_lyd/examples/xml/xml_lyd/binary_tree/allreduce_binary_tree_2ch_2tree_1chunk_4node_16gpu.xml successfully.
c197-012:1872:1930 [3] NCCL INFO Parsed MSCCL Algorithm /home1/09168/ldai1/ccl-build/msccl_tools_lyd/examples/xml/xml_lyd/binary_tree/allreduce_binary_tree_2ch_2tree_1chunk_4node_16gpu.xml successfully.
c197-012:1871:1926 [2] NCCL INFO Channel 02 : 14[82000] -> 15[83000] via direct shared memory
c197-012:1871:1926 [2] NCCL INFO Channel 03 : 14[82000] -> 15[83000] via direct shared memory
c196-111:21865:21919 [2] NCCL INFO Channel 02 : 2[82000] -> 3[83000] via direct shared memory
c196-111:21865:21919 [2] NCCL INFO Channel 03 : 2[82000] -> 3[83000] via direct shared memory
c196-111:21863:21914 [0] NCCL INFO Channel 01/0 : 0[2000] -> 4[2000] [send] via NET/IB/0
c196-112:8462:8519 [0] NCCL INFO Channel 01/0 : 0[2000] -> 4[2000] [receive] via NET/IB/0
c197-012:1869:1929 [0] NCCL INFO Channel 00/0 : 8[2000] -> 12[2000] [receive] via NET/IB/0
c197-011:6033:6092 [0] NCCL INFO Channel 01/0 : 5[3000] -> 8[2000] [receive] via NET/IB/0
c197-012:1872:1930 [3] NCCL INFO Channel 01/0 : 11[83000] -> 15[83000] [receive] via NET/IB/0
c196-111:21866:21921 [3] NCCL INFO Channel 03/0 : 3[83000] -> 7[83000] [send] via NET/IB/0
c196-111:21863:21914 [0] NCCL INFO Channel 00/0 : 8[2000] -> 0[2000] [receive] via NET/IB/0
c196-112:8462:8519 [0] NCCL INFO Channel 00/0 : 4[2000] -> 9[3000] [send] via NET/IB/0
c197-011:6033:6092 [0] NCCL INFO Channel 00/0 : 8[2000] -> 12[2000] [send] via NET/IB/0
c196-112:8463:8521 [1] NCCL INFO Channel 01/0 : 8[2000] -> 5[3000] [receive] via NET/IB/0
c196-111:21863:21914 [0] NCCL INFO Channel 00/0 : 0[2000] -> 8[2000] [send] via NET/IB/0
c196-112:8462:8519 [0] NCCL INFO Channel 01/0 : 12[2000] -> 4[2000] [receive] via NET/IB/0
c197-011:6033:6092 [0] NCCL INFO Channel 00/0 : 0[2000] -> 8[2000] [receive] via NET/IB/0
c197-011:6034:6090 [1] NCCL INFO Channel 00/0 : 9[3000] -> 4[2000] [send] via NET/IB/0
c197-012:1869:1929 [0] NCCL INFO Channel 01/0 : 4[2000] -> 12[2000] [receive] via NET/IB/0
c196-112:8462:8519 [0] NCCL INFO Channel 01/0 : 4[2000] -> 12[2000] [send] via NET/IB/0
c197-011:6033:6092 [0] NCCL INFO Channel 00/0 : 8[2000] -> 0[2000] [send] via NET/IB/0
c197-012:1869:1929 [0] NCCL INFO Channel 01/0 : 12[2000] -> 4[2000] [send] via NET/IB/0
c196-111:21863:21914 [0] NCCL INFO Channel 01/0 : 4[2000] -> 0[2000] [receive] via NET/IB/0
c197-011:6033:6092 [0] NCCL INFO Channel 00/0 : 12[2000] -> 8[2000] [receive] via NET/IB/0
c197-012:1869:1929 [0] NCCL INFO Channel 00/0 : 12[2000] -> 8[2000] [send] via NET/IB/0
c196-112:8462:8519 [0] NCCL INFO Channel 00/0 : 9[3000] -> 4[2000] [receive] via NET/IB/0
c197-012:1869:1929 [0] NCCL INFO Connected all trees
c197-012:1869:1929 [0] NCCL INFO MSCCL_XML_FILES set by environment to /home1/09168/ldai1/ccl-build/msccl_tools_lyd/examples/xml/xml_lyd/binary_tree/allreduce_binary_tree_2ch_2tree_1chunk_4node_16gpu.xml
c197-012:1869:1929 [0] NCCL INFO MSCCL: Parsing algorithm /home1/09168/ldai1/ccl-build/msccl_tools_lyd/examples/xml/xml_lyd/binary_tree/allreduce_binary_tree_2ch_2tree_1chunk_4node_16gpu.xml
c197-012:1870:1925 [1] NCCL INFO Connected all trees
c197-012:1870:1925 [1] NCCL INFO MSCCL_XML_FILES set by environment to /home1/09168/ldai1/ccl-build/msccl_tools_lyd/examples/xml/xml_lyd/binary_tree/allreduce_binary_tree_2ch_2tree_1chunk_4node_16gpu.xml
c197-012:1870:1925 [1] NCCL INFO MSCCL: Parsing algorithm /home1/09168/ldai1/ccl-build/msccl_tools_lyd/examples/xml/xml_lyd/binary_tree/allreduce_binary_tree_2ch_2tree_1chunk_4node_16gpu.xml
c197-012:1869:1929 [0] NCCL INFO Parsed MSCCL Algorithm /home1/09168/ldai1/ccl-build/msccl_tools_lyd/examples/xml/xml_lyd/binary_tree/allreduce_binary_tree_2ch_2tree_1chunk_4node_16gpu.xml successfully.
c197-012:1869:1929 [0] NCCL INFO Channel 02 : 12[2000] -> 13[3000] via direct shared memory
c197-012:1869:1929 [0] NCCL INFO Channel 03 : 12[2000] -> 13[3000] via direct shared memory
c197-012:1870:1925 [1] NCCL INFO Parsed MSCCL Algorithm /home1/09168/ldai1/ccl-build/msccl_tools_lyd/examples/xml/xml_lyd/binary_tree/allreduce_binary_tree_2ch_2tree_1chunk_4node_16gpu.xml successfully.
c197-011:6034:6090 [1] NCCL INFO Channel 00 : 9[3000] -> 8[2000] via direct shared memory
c197-011:6034:6090 [1] NCCL INFO Channel 01 : 9[3000] -> 8[2000] via direct shared memory
c197-011:6035:6088 [2] NCCL INFO Connected all trees
c197-011:6035:6088 [2] NCCL INFO MSCCL_XML_FILES set by environment to /home1/09168/ldai1/ccl-build/msccl_tools_lyd/examples/xml/xml_lyd/binary_tree/allreduce_binary_tree_2ch_2tree_1chunk_4node_16gpu.xml
c197-011:6035:6088 [2] NCCL INFO MSCCL: Parsing algorithm /home1/09168/ldai1/ccl-build/msccl_tools_lyd/examples/xml/xml_lyd/binary_tree/allreduce_binary_tree_2ch_2tree_1chunk_4node_16gpu.xml
c197-011:6035:6088 [2] NCCL INFO Parsed MSCCL Algorithm /home1/09168/ldai1/ccl-build/msccl_tools_lyd/examples/xml/xml_lyd/binary_tree/allreduce_binary_tree_2ch_2tree_1chunk_4node_16gpu.xml successfully.
c197-012:1870:1925 [1] NCCL INFO Channel 02 : 13[3000] -> 14[82000] via direct shared memory
c197-012:1870:1925 [1] NCCL INFO Channel 03 : 13[3000] -> 14[82000] via direct shared memory
c197-011:6033:6092 [0] NCCL INFO Channel 01/0 : 8[2000] -> 5[3000] [send] via NET/IB/0
c197-012:1869:1929 [0] NCCL INFO Channel 02/0 : 4[2000] -> 12[2000] [receive] via NET/IB/0
c197-011:6035:6088 [2] NCCL INFO Channel 02 : 10[82000] -> 11[83000] via direct shared memory
c197-011:6035:6088 [2] NCCL INFO Channel 03 : 10[82000] -> 11[83000] via direct shared memory
c197-011:6036:6087 [3] NCCL INFO Channel 01/0 : 11[83000] -> 15[83000] [send] via NET/IB/0
c196-112:8462:8519 [0] NCCL INFO Channel 01/0 : 4[2000] -> 0[2000] [send] via NET/IB/0
c197-012:1871:1926 [2] NCCL INFO Channel 02 : 14[82000] -> 13[3000] via direct shared memory
c197-012:1870:1925 [1] NCCL INFO Channel 02 : 13[3000] -> 12[2000] via direct shared memory
c197-012:1871:1926 [2] NCCL INFO Channel 03 : 14[82000] -> 13[3000] via direct shared memory
c197-012:1870:1925 [1] NCCL INFO Channel 03 : 13[3000] -> 12[2000] via direct shared memory
c196-112:8463:8521 [1] NCCL INFO Channel 00 : 5[3000] -> 4[2000] via direct shared memory
c196-112:8463:8521 [1] NCCL INFO Channel 01 : 5[3000] -> 4[2000] via direct shared memory
c197-011:6033:6092 [0] NCCL INFO Connected all trees
c197-011:6033:6092 [0] NCCL INFO MSCCL_XML_FILES set by environment to /home1/09168/ldai1/ccl-build/msccl_tools_lyd/examples/xml/xml_lyd/binary_tree/allreduce_binary_tree_2ch_2tree_1chunk_4node_16gpu.xml
c197-011:6033:6092 [0] NCCL INFO MSCCL: Parsing algorithm /home1/09168/ldai1/ccl-build/msccl_tools_lyd/examples/xml/xml_lyd/binary_tree/allreduce_binary_tree_2ch_2tree_1chunk_4node_16gpu.xml
c196-112:8464:8516 [2] NCCL INFO Connected all trees
c196-112:8464:8516 [2] NCCL INFO MSCCL_XML_FILES set by environment to /home1/09168/ldai1/ccl-build/msccl_tools_lyd/examples/xml/xml_lyd/binary_tree/allreduce_binary_tree_2ch_2tree_1chunk_4node_16gpu.xml
c196-112:8464:8516 [2] NCCL INFO MSCCL: Parsing algorithm /home1/09168/ldai1/ccl-build/msccl_tools_lyd/examples/xml/xml_lyd/binary_tree/allreduce_binary_tree_2ch_2tree_1chunk_4node_16gpu.xml
c197-011:6034:6090 [1] NCCL INFO Connected all trees
c197-011:6034:6090 [1] NCCL INFO MSCCL_XML_FILES set by environment to /home1/09168/ldai1/ccl-build/msccl_tools_lyd/examples/xml/xml_lyd/binary_tree/allreduce_binary_tree_2ch_2tree_1chunk_4node_16gpu.xml
c197-011:6034:6090 [1] NCCL INFO MSCCL: Parsing algorithm /home1/09168/ldai1/ccl-build/msccl_tools_lyd/examples/xml/xml_lyd/binary_tree/allreduce_binary_tree_2ch_2tree_1chunk_4node_16gpu.xml
c197-011:6033:6092 [0] NCCL INFO Parsed MSCCL Algorithm /home1/09168/ldai1/ccl-build/msccl_tools_lyd/examples/xml/xml_lyd/binary_tree/allreduce_binary_tree_2ch_2tree_1chunk_4node_16gpu.xml successfully.
c197-011:6033:6092 [0] NCCL INFO Channel 02 : 8[2000] -> 9[3000] via direct shared memory
c197-011:6033:6092 [0] NCCL INFO Channel 03 : 8[2000] -> 9[3000] via direct shared memory
c196-112:8464:8516 [2] NCCL INFO Parsed MSCCL Algorithm /home1/09168/ldai1/ccl-build/msccl_tools_lyd/examples/xml/xml_lyd/binary_tree/allreduce_binary_tree_2ch_2tree_1chunk_4node_16gpu.xml successfully.
c197-011:6034:6090 [1] NCCL INFO Parsed MSCCL Algorithm /home1/09168/ldai1/ccl-build/msccl_tools_lyd/examples/xml/xml_lyd/binary_tree/allreduce_binary_tree_2ch_2tree_1chunk_4node_16gpu.xml successfully.
c196-111:21863:21914 [0] NCCL INFO Connected all trees
c196-111:21863:21914 [0] NCCL INFO MSCCL_XML_FILES set by environment to /home1/09168/ldai1/ccl-build/msccl_tools_lyd/examples/xml/xml_lyd/binary_tree/allreduce_binary_tree_2ch_2tree_1chunk_4node_16gpu.xml
c196-111:21863:21914 [0] NCCL INFO MSCCL: Parsing algorithm /home1/09168/ldai1/ccl-build/msccl_tools_lyd/examples/xml/xml_lyd/binary_tree/allreduce_binary_tree_2ch_2tree_1chunk_4node_16gpu.xml
c196-111:21864:21923 [1] NCCL INFO Connected all trees
c196-111:21864:21923 [1] NCCL INFO MSCCL_XML_FILES set by environment to /home1/09168/ldai1/ccl-build/msccl_tools_lyd/examples/xml/xml_lyd/binary_tree/allreduce_binary_tree_2ch_2tree_1chunk_4node_16gpu.xml
c196-111:21864:21923 [1] NCCL INFO MSCCL: Parsing algorithm /home1/09168/ldai1/ccl-build/msccl_tools_lyd/examples/xml/xml_lyd/binary_tree/allreduce_binary_tree_2ch_2tree_1chunk_4node_16gpu.xml
c196-112:8462:8519 [0] NCCL INFO Connected all trees
c196-112:8462:8519 [0] NCCL INFO MSCCL_XML_FILES set by environment to /home1/09168/ldai1/ccl-build/msccl_tools_lyd/examples/xml/xml_lyd/binary_tree/allreduce_binary_tree_2ch_2tree_1chunk_4node_16gpu.xml
c196-112:8462:8519 [0] NCCL INFO MSCCL: Parsing algorithm /home1/09168/ldai1/ccl-build/msccl_tools_lyd/examples/xml/xml_lyd/binary_tree/allreduce_binary_tree_2ch_2tree_1chunk_4node_16gpu.xml
c196-111:21863:21914 [0] NCCL INFO Parsed MSCCL Algorithm /home1/09168/ldai1/ccl-build/msccl_tools_lyd/examples/xml/xml_lyd/binary_tree/allreduce_binary_tree_2ch_2tree_1chunk_4node_16gpu.xml successfully.
c197-012:1869:1929 [0] NCCL INFO Channel 02/0 : 12[2000] -> 4[2000] [send] via NET/IB/0
c196-112:8463:8521 [1] NCCL INFO Connected all trees
c196-112:8463:8521 [1] NCCL INFO MSCCL_XML_FILES set by environment to /home1/09168/ldai1/ccl-build/msccl_tools_lyd/examples/xml/xml_lyd/binary_tree/allreduce_binary_tree_2ch_2tree_1chunk_4node_16gpu.xml
c196-112:8463:8521 [1] NCCL INFO MSCCL: Parsing algorithm /home1/09168/ldai1/ccl-build/msccl_tools_lyd/examples/xml/xml_lyd/binary_tree/allreduce_binary_tree_2ch_2tree_1chunk_4node_16gpu.xml
c196-111:21863:21914 [0] NCCL INFO Channel 02 : 0[2000] -> 1[3000] via direct shared memory
c196-111:21863:21914 [0] NCCL INFO Channel 03 : 0[2000] -> 1[3000] via direct shared memory
c196-112:8462:8519 [0] NCCL INFO Parsed MSCCL Algorithm /home1/09168/ldai1/ccl-build/msccl_tools_lyd/examples/xml/xml_lyd/binary_tree/allreduce_binary_tree_2ch_2tree_1chunk_4node_16gpu.xml successfully.
c196-111:21864:21923 [1] NCCL INFO Parsed MSCCL Algorithm /home1/09168/ldai1/ccl-build/msccl_tools_lyd/examples/xml/xml_lyd/binary_tree/allreduce_binary_tree_2ch_2tree_1chunk_4node_16gpu.xml successfully.
c196-112:8462:8519 [0] NCCL INFO Channel 02 : 4[2000] -> 5[3000] via direct shared memory
c196-112:8462:8519 [0] NCCL INFO Channel 03 : 4[2000] -> 5[3000] via direct shared memory
c196-112:8463:8521 [1] NCCL INFO Parsed MSCCL Algorithm /home1/09168/ldai1/ccl-build/msccl_tools_lyd/examples/xml/xml_lyd/binary_tree/allreduce_binary_tree_2ch_2tree_1chunk_4node_16gpu.xml successfully.
c197-011:6034:6090 [1] NCCL INFO Channel 02 : 9[3000] -> 10[82000] via direct shared memory
c197-011:6034:6090 [1] NCCL INFO Channel 03 : 9[3000] -> 10[82000] via direct shared memory
c196-112:8464:8516 [2] NCCL INFO Channel 02 : 6[82000] -> 7[83000] via direct shared memory
c196-112:8464:8516 [2] NCCL INFO Channel 03 : 6[82000] -> 7[83000] via direct shared memory
c196-112:8465:8517 [3] NCCL INFO Channel 01/0 : 7[83000] -> 10[82000] [send] via NET/IB/0
c197-011:6033:6092 [0] NCCL INFO Channel 02/0 : 5[3000] -> 8[2000] [receive] via NET/IB/0
c197-011:6035:6088 [2] NCCL INFO Channel 01/0 : 7[83000] -> 10[82000] [receive] via NET/IB/0
c197-011:6036:6087 [3] NCCL INFO Channel 03/0 : 6[82000] -> 11[83000] [receive] via NET/IB/0
c197-012:1872:1930 [3] NCCL INFO Channel 03/0 : 7[83000] -> 15[83000] [receive] via NET/IB/0
c196-111:21864:21923 [1] NCCL INFO Channel 02 : 1[3000] -> 2[82000] via direct shared memory
c196-111:21864:21923 [1] NCCL INFO Channel 03 : 1[3000] -> 2[82000] via direct shared memory
c196-112:8463:8521 [1] NCCL INFO Channel 02 : 5[3000] -> 6[82000] via direct shared memory
c196-112:8463:8521 [1] NCCL INFO Channel 03 : 5[3000] -> 6[82000] via direct shared memory
c197-011:6034:6090 [1] NCCL INFO Channel 02 : 9[3000] -> 8[2000] via direct shared memory
c197-011:6034:6090 [1] NCCL INFO Channel 03 : 9[3000] -> 8[2000] via direct shared memory
c196-112:8462:8519 [0] NCCL INFO Channel 02/0 : 0[2000] -> 4[2000] [receive] via NET/IB/0
c196-112:8463:8521 [1] NCCL INFO Channel 02/0 : 5[3000] -> 8[2000] [send] via NET/IB/0
c196-112:8464:8516 [2] NCCL INFO Channel 03/0 : 6[82000] -> 11[83000] [send] via NET/IB/0
c196-111:21864:21923 [1] NCCL INFO Channel 02 : 1[3000] -> 0[2000] via direct shared memory
c196-111:21864:21923 [1] NCCL INFO Channel 03 : 1[3000] -> 0[2000] via direct shared memory
c196-111:21865:21919 [2] NCCL INFO Channel 02 : 2[82000] -> 1[3000] via direct shared memory
c196-111:21865:21919 [2] NCCL INFO Channel 03 : 2[82000] -> 1[3000] via direct shared memory
c197-012:1872:1930 [3] NCCL INFO Channel 03/0 : 15[83000] -> 7[83000] [send] via NET/IB/0
c196-111:21863:21914 [0] NCCL INFO Channel 02/0 : 0[2000] -> 4[2000] [send] via NET/IB/0
c196-112:8465:8517 [3] NCCL INFO Channel 03/0 : 3[83000] -> 7[83000] [receive] via NET/IB/0
c197-011:6035:6088 [2] NCCL INFO Channel 01/0 : 10[82000] -> 7[83000] [send] via NET/IB/0
c196-112:8463:8521 [1] NCCL INFO Channel 02/0 : 8[2000] -> 5[3000] [receive] via NET/IB/0
c196-112:8464:8516 [2] NCCL INFO Channel 03/0 : 11[83000] -> 6[82000] [receive] via NET/IB/0
c197-011:6033:6092 [0] NCCL INFO Channel 02/0 : 8[2000] -> 5[3000] [send] via NET/IB/0
c197-011:6036:6087 [3] NCCL INFO Channel 01/0 : 3[83000] -> 11[83000] [receive] via NET/IB/0
c196-112:8463:8521 [1] NCCL INFO Channel 02 : 5[3000] -> 4[2000] via direct shared memory
c196-112:8463:8521 [1] NCCL INFO Channel 03 : 5[3000] -> 4[2000] via direct shared memory
c197-011:6033:6092 [0] NCCL INFO Connected 1 MSCCL algorithms
c197-011:6033:6092 [0] NCCL INFO NCCL_PROTO set by environment to Simple
c197-011:6033:6092 [0] NCCL INFO NCCL_ALGO set by environment to MSCCL,TREE,RING
c197-011:6033:6092 [0] NCCL INFO threadThresholds 8/8/64 | 128/8/64 | 8/8/64 | 8/8/512
c197-011:6033:6092 [0] NCCL INFO 4 coll channels, 2 p2p channels, 2 p2p channels per peer
c196-111:21866:21921 [3] NCCL INFO Channel 01/0 : 11[83000] -> 3[83000] [receive] via NET/IB/0
c196-111:21863:21914 [0] NCCL INFO Channel 02/0 : 4[2000] -> 0[2000] [receive] via NET/IB/0
c196-112:8465:8517 [3] NCCL INFO Channel 03/0 : 15[83000] -> 7[83000] [receive] via NET/IB/0
c196-112:8462:8519 [0] NCCL INFO Channel 02/0 : 12[2000] -> 4[2000] [receive] via NET/IB/0
c197-011:6036:6087 [3] NCCL INFO Channel 01/0 : 11[83000] -> 3[83000] [send] via NET/IB/0
c196-111:21866:21921 [3] NCCL INFO Channel 01/0 : 3[83000] -> 11[83000] [send] via NET/IB/0
c196-112:8465:8517 [3] NCCL INFO Channel 03/0 : 7[83000] -> 15[83000] [send] via NET/IB/0
c196-112:8462:8519 [0] NCCL INFO Channel 02/0 : 4[2000] -> 12[2000] [send] via NET/IB/0
c197-012:1869:1929 [0] NCCL INFO Connected 1 MSCCL algorithms
c197-012:1869:1929 [0] NCCL INFO NCCL_PROTO set by environment to Simple
c197-012:1869:1929 [0] NCCL INFO NCCL_ALGO set by environment to MSCCL,TREE,RING
c197-012:1869:1929 [0] NCCL INFO threadThresholds 8/8/64 | 128/8/64 | 8/8/64 | 8/8/512
c197-012:1869:1929 [0] NCCL INFO 4 coll channels, 2 p2p channels, 2 p2p channels per peer
c197-012:1870:1925 [1] NCCL INFO Connected 1 MSCCL algorithms
c197-012:1870:1925 [1] NCCL INFO NCCL_PROTO set by environment to Simple
c197-012:1870:1925 [1] NCCL INFO NCCL_ALGO set by environment to MSCCL,TREE,RING
c197-012:1870:1925 [1] NCCL INFO threadThresholds 8/8/64 | 128/8/64 | 8/8/64 | 8/8/512
c197-012:1870:1925 [1] NCCL INFO 4 coll channels, 2 p2p channels, 2 p2p channels per peer
c197-011:6036:6087 [3] NCCL INFO Channel 03/0 : 11[83000] -> 6[82000] [send] via NET/IB/0
c196-111:21866:21921 [3] NCCL INFO Channel 03/0 : 7[83000] -> 3[83000] [receive] via NET/IB/0
c197-012:1872:1930 [3] NCCL INFO Channel 01/0 : 15[83000] -> 11[83000] [send] via NET/IB/0
c196-112:8465:8517 [3] NCCL INFO Channel 03/0 : 7[83000] -> 3[83000] [send] via NET/IB/0
c196-111:21866:21921 [3] NCCL INFO Channel 02 : 3[83000] -> 2[82000] via direct shared memory
c196-111:21866:21921 [3] NCCL INFO Channel 03 : 3[83000] -> 2[82000] via direct shared memory
c196-112:8462:8519 [0] NCCL INFO Channel 02/0 : 4[2000] -> 0[2000] [send] via NET/IB/0
c196-111:21866:21921 [3] NCCL INFO Connected 1 MSCCL algorithms
c196-111:21866:21921 [3] NCCL INFO NCCL_PROTO set by environment to Simple
c196-111:21866:21921 [3] NCCL INFO NCCL_ALGO set by environment to MSCCL,TREE,RING
c196-111:21866:21921 [3] NCCL INFO threadThresholds 8/8/64 | 128/8/64 | 8/8/64 | 8/8/512
c196-111:21866:21921 [3] NCCL INFO 4 coll channels, 2 p2p channels, 2 p2p channels per peer
c196-111:21865:21919 [2] NCCL INFO Connected 1 MSCCL algorithms
c196-111:21865:21919 [2] NCCL INFO NCCL_PROTO set by environment to Simple
c196-111:21865:21919 [2] NCCL INFO NCCL_ALGO set by environment to MSCCL,TREE,RING
c196-111:21865:21919 [2] NCCL INFO threadThresholds 8/8/64 | 128/8/64 | 8/8/64 | 8/8/512
c196-111:21865:21919 [2] NCCL INFO 4 coll channels, 2 p2p channels, 2 p2p channels per peer
c196-112:8464:8516 [2] NCCL INFO Channel 02 : 6[82000] -> 5[3000] via direct shared memory
c196-112:8464:8516 [2] NCCL INFO Channel 03 : 6[82000] -> 5[3000] via direct shared memory
c196-111:21863:21914 [0] NCCL INFO Connected 1 MSCCL algorithms
c196-111:21863:21914 [0] NCCL INFO NCCL_PROTO set by environment to Simple
c196-111:21863:21914 [0] NCCL INFO NCCL_ALGO set by environment to MSCCL,TREE,RING
c196-111:21863:21914 [0] NCCL INFO threadThresholds 8/8/64 | 128/8/64 | 8/8/64 | 8/8/512
c196-111:21863:21914 [0] NCCL INFO 4 coll channels, 2 p2p channels, 2 p2p channels per peer
c196-111:21864:21923 [1] NCCL INFO Connected 1 MSCCL algorithms
c196-111:21864:21923 [1] NCCL INFO NCCL_PROTO set by environment to Simple
c196-111:21864:21923 [1] NCCL INFO NCCL_ALGO set by environment to MSCCL,TREE,RING
c196-111:21864:21923 [1] NCCL INFO threadThresholds 8/8/64 | 128/8/64 | 8/8/64 | 8/8/512
c196-111:21864:21923 [1] NCCL INFO 4 coll channels, 2 p2p channels, 2 p2p channels per peer
c196-112:8462:8519 [0] NCCL INFO Connected 1 MSCCL algorithms
c196-112:8462:8519 [0] NCCL INFO NCCL_PROTO set by environment to Simple
c196-112:8462:8519 [0] NCCL INFO NCCL_ALGO set by environment to MSCCL,TREE,RING
c196-112:8462:8519 [0] NCCL INFO threadThresholds 8/8/64 | 128/8/64 | 8/8/64 | 8/8/512
c196-112:8462:8519 [0] NCCL INFO 4 coll channels, 2 p2p channels, 2 p2p channels per peer
c196-112:8463:8521 [1] NCCL INFO Connected 1 MSCCL algorithms
c196-112:8463:8521 [1] NCCL INFO NCCL_PROTO set by environment to Simple
c196-112:8463:8521 [1] NCCL INFO NCCL_ALGO set by environment to MSCCL,TREE,RING
c196-112:8463:8521 [1] NCCL INFO threadThresholds 8/8/64 | 128/8/64 | 8/8/64 | 8/8/512
c196-112:8463:8521 [1] NCCL INFO 4 coll channels, 2 p2p channels, 2 p2p channels per peer
c197-011:6036:6087 [3] NCCL INFO Channel 01/0 : 15[83000] -> 11[83000] [receive] via NET/IB/0
c196-112:8465:8517 [3] NCCL INFO Channel 01/0 : 10[82000] -> 7[83000] [receive] via NET/IB/0
c197-012:1872:1930 [3] NCCL INFO Channel 02 : 15[83000] -> 14[82000] via direct shared memory
c197-012:1872:1930 [3] NCCL INFO Channel 03 : 15[83000] -> 14[82000] via direct shared memory
c197-011:6036:6087 [3] NCCL INFO Channel 02 : 11[83000] -> 10[82000] via direct shared memory
c197-011:6036:6087 [3] NCCL INFO Channel 03 : 11[83000] -> 10[82000] via direct shared memory
c197-012:1871:1926 [2] NCCL INFO Connected 1 MSCCL algorithms
c197-012:1871:1926 [2] NCCL INFO NCCL_PROTO set by environment to Simple
c197-012:1871:1926 [2] NCCL INFO NCCL_ALGO set by environment to MSCCL,TREE,RING
c197-012:1871:1926 [2] NCCL INFO threadThresholds 8/8/64 | 128/8/64 | 8/8/64 | 8/8/512
c197-012:1871:1926 [2] NCCL INFO 4 coll channels, 2 p2p channels, 2 p2p channels per peer
c197-012:1872:1930 [3] NCCL INFO Connected 1 MSCCL algorithms
c197-012:1872:1930 [3] NCCL INFO NCCL_PROTO set by environment to Simple
c197-012:1872:1930 [3] NCCL INFO NCCL_ALGO set by environment to MSCCL,TREE,RING
c197-012:1872:1930 [3] NCCL INFO threadThresholds 8/8/64 | 128/8/64 | 8/8/64 | 8/8/512
c197-012:1872:1930 [3] NCCL INFO 4 coll channels, 2 p2p channels, 2 p2p channels per peer
c196-112:8465:8517 [3] NCCL INFO Channel 02 : 7[83000] -> 6[82000] via direct shared memory
c196-112:8465:8517 [3] NCCL INFO Channel 03 : 7[83000] -> 6[82000] via direct shared memory
c196-112:8465:8517 [3] NCCL INFO Connected 1 MSCCL algorithms
c196-112:8465:8517 [3] NCCL INFO NCCL_PROTO set by environment to Simple
c196-112:8465:8517 [3] NCCL INFO NCCL_ALGO set by environment to MSCCL,TREE,RING
c196-112:8465:8517 [3] NCCL INFO threadThresholds 8/8/64 | 128/8/64 | 8/8/64 | 8/8/512
c196-112:8465:8517 [3] NCCL INFO 4 coll channels, 2 p2p channels, 2 p2p channels per peer
c196-112:8464:8516 [2] NCCL INFO Connected 1 MSCCL algorithms
c196-112:8464:8516 [2] NCCL INFO NCCL_PROTO set by environment to Simple
c196-112:8464:8516 [2] NCCL INFO NCCL_ALGO set by environment to MSCCL,TREE,RING
c196-112:8464:8516 [2] NCCL INFO threadThresholds 8/8/64 | 128/8/64 | 8/8/64 | 8/8/512
c196-112:8464:8516 [2] NCCL INFO 4 coll channels, 2 p2p channels, 2 p2p channels per peer
c197-011:6035:6088 [2] NCCL INFO Channel 02 : 10[82000] -> 9[3000] via direct shared memory
c197-011:6035:6088 [2] NCCL INFO Channel 03 : 10[82000] -> 9[3000] via direct shared memory
c197-011:6036:6087 [3] NCCL INFO Connected 1 MSCCL algorithms
c197-011:6036:6087 [3] NCCL INFO NCCL_PROTO set by environment to Simple
c197-011:6036:6087 [3] NCCL INFO NCCL_ALGO set by environment to MSCCL,TREE,RING
c197-011:6036:6087 [3] NCCL INFO threadThresholds 8/8/64 | 128/8/64 | 8/8/64 | 8/8/512
c197-011:6036:6087 [3] NCCL INFO 4 coll channels, 2 p2p channels, 2 p2p channels per peer
c197-011:6035:6088 [2] NCCL INFO Connected 1 MSCCL algorithms
c197-011:6035:6088 [2] NCCL INFO NCCL_PROTO set by environment to Simple
c197-011:6035:6088 [2] NCCL INFO NCCL_ALGO set by environment to MSCCL,TREE,RING
c197-011:6035:6088 [2] NCCL INFO threadThresholds 8/8/64 | 128/8/64 | 8/8/64 | 8/8/512
c197-011:6035:6088 [2] NCCL INFO 4 coll channels, 2 p2p channels, 2 p2p channels per peer
c197-011:6034:6090 [1] NCCL INFO Connected 1 MSCCL algorithms
c197-011:6034:6090 [1] NCCL INFO NCCL_PROTO set by environment to Simple
c197-011:6034:6090 [1] NCCL INFO NCCL_ALGO set by environment to MSCCL,TREE,RING
c197-011:6034:6090 [1] NCCL INFO threadThresholds 8/8/64 | 128/8/64 | 8/8/64 | 8/8/512
c197-011:6034:6090 [1] NCCL INFO 4 coll channels, 2 p2p channels, 2 p2p channels per peer
c196-111:21863:21914 [0] NCCL INFO comm 0x2b2abe000010 rank 0 nranks 16 cudaDev 0 busId 2000 - Init COMPLETE
#
#                                                              out-of-place                       in-place          
#       size         count      type   redop    root     time   algbw   busbw #wrong     time   algbw   busbw #wrong
#        (B)    (elements)                               (us)  (GB/s)  (GB/s)            (us)  (GB/s)  (GB/s)       
c196-111:21866:21921 [3] NCCL INFO comm 0x2aeb6e10f010 rank 3 nranks 16 cudaDev 3 busId 83000 - Init COMPLETE
c196-111:21864:21923 [1] NCCL INFO comm 0x2ad51e000010 rank 1 nranks 16 cudaDev 1 busId 3000 - Init COMPLETE
c196-111:21865:21919 [2] NCCL INFO comm 0x2ad332000010 rank 2 nranks 16 cudaDev 2 busId 82000 - Init COMPLETE
c197-012:1872:1930 [3] NCCL INFO comm 0x2b2b1cf37010 rank 15 nranks 16 cudaDev 3 busId 83000 - Init COMPLETE
c197-012:1869:1929 [0] NCCL INFO comm 0x2adce2000010 rank 12 nranks 16 cudaDev 0 busId 2000 - Init COMPLETE
c197-012:1870:1925 [1] NCCL INFO comm 0x2af94cf0d010 rank 13 nranks 16 cudaDev 1 busId 3000 - Init COMPLETE
c197-012:1871:1926 [2] NCCL INFO comm 0x2b124e000010 rank 14 nranks 16 cudaDev 2 busId 82000 - Init COMPLETE
c196-112:8465:8517 [3] NCCL INFO comm 0x2afeb2000010 rank 7 nranks 16 cudaDev 3 busId 83000 - Init COMPLETE
c196-112:8462:8519 [0] NCCL INFO comm 0x2b4242000010 rank 4 nranks 16 cudaDev 0 busId 2000 - Init COMPLETE
c196-112:8463:8521 [1] NCCL INFO comm 0x2b314566c010 rank 5 nranks 16 cudaDev 1 busId 3000 - Init COMPLETE
c196-112:8464:8516 [2] NCCL INFO comm 0x2ae5de000010 rank 6 nranks 16 cudaDev 2 busId 82000 - Init COMPLETE
c197-011:6036:6087 [3] NCCL INFO comm 0x2b211e000010 rank 11 nranks 16 cudaDev 3 busId 83000 - Init COMPLETE
c197-011:6035:6088 [2] NCCL INFO comm 0x2b3cde000010 rank 10 nranks 16 cudaDev 2 busId 82000 - Init COMPLETE
c197-011:6033:6092 [0] NCCL INFO comm 0x2af3155ef010 rank 8 nranks 16 cudaDev 0 busId 2000 - Init COMPLETE
c197-011:6034:6090 [1] NCCL INFO comm 0x2b8f5e000010 rank 9 nranks 16 cudaDev 1 busId 3000 - Init COMPLETE
c196-111:21863:21863 [0] NCCL INFO Launch mode Parallel
       65536         16384     float     sum      -1    168.6    0.39    0.73      0    180.2    0.36    0.68      0
      131072         32768     float     sum      -1    232.0    0.56    1.06      0    233.3    0.56    1.05      0
      262144         65536     float     sum      -1    324.0    0.81    1.52      0    363.4    0.72    1.35      0
      524288        131072     float     sum      -1    587.0    0.89    1.67      0    572.9    0.92    1.72      0
     1048576        262144     float     sum      -1   1027.9    1.02    1.91      0   1009.9    1.04    1.95      0
     2097152        524288     float     sum      -1   1968.7    1.07    2.00      0   1958.7    1.07    2.01      0
     4194304       1048576     float     sum      -1   3617.7    1.16    2.17      0   3762.9    1.11    2.09      0
     8388608       2097152     float     sum      -1   4985.1    1.68    3.16      0   5027.2    1.67    3.13      0
    16777216       4194304     float     sum      -1   8754.4    1.92    3.59      0   8784.1    1.91    3.58      0
    33554432       8388608     float     sum      -1    16950    1.98    3.71      0    16961    1.98    3.71      0
    67108864      16777216     float     sum      -1    33709    1.99    3.73      0    34144    1.97    3.69      0
   134217728      33554432     float     sum      -1    65667    2.04    3.83      0    66821    2.01    3.77      0
   268435456      67108864     float     sum      -1   131646    2.04    3.82      0   130882    2.05    3.85      0
c197-012:1869:1869 [0] NCCL INFO comm 0x2adce2000010 rank 12 nranks 16 cudaDev 0 busId 2000 - Destroy COMPLETE
c197-012:1872:1872 [3] NCCL INFO comm 0x2b2b1cf37010 rank 15 nranks 16 cudaDev 3 busId 83000 - Destroy COMPLETE
c197-012:1870:1870 [1] NCCL INFO comm 0x2af94cf0d010 rank 13 nranks 16 cudaDev 1 busId 3000 - Destroy COMPLETE
c196-112:8465:8465 [3] NCCL INFO comm 0x2afeb2000010 rank 7 nranks 16 cudaDev 3 busId 83000 - Destroy COMPLETE
c197-011:6035:6035 [2] NCCL INFO comm 0x2b3cde000010 rank 10 nranks 16 cudaDev 2 busId 82000 - Destroy COMPLETE
c197-011:6033:6033 [0] NCCL INFO comm 0x2af3155ef010 rank 8 nranks 16 cudaDev 0 busId 2000 - Destroy COMPLETE
c197-011:6036:6036 [3] NCCL INFO comm 0x2b211e000010 rank 11 nranks 16 cudaDev 3 busId 83000 - Destroy COMPLETE
c197-012:1871:1871 [2] NCCL INFO comm 0x2b124e000010 rank 14 nranks 16 cudaDev 2 busId 82000 - Destroy COMPLETE
c196-112:8462:8462 [0] NCCL INFO comm 0x2b4242000010 rank 4 nranks 16 cudaDev 0 busId 2000 - Destroy COMPLETE
c196-111:21865:21865 [2] NCCL INFO comm 0x2ad332000010 rank 2 nranks 16 cudaDev 2 busId 82000 - Destroy COMPLETE
c196-112:8464:8464 [2] NCCL INFO comm 0x2ae5de000010 rank 6 nranks 16 cudaDev 2 busId 82000 - Destroy COMPLETE
c196-111:21866:21866 [3] NCCL INFO comm 0x2aeb6e10f010 rank 3 nranks 16 cudaDev 3 busId 83000 - Destroy COMPLETE
c197-011:6034:6034 [1] NCCL INFO comm 0x2b8f5e000010 rank 9 nranks 16 cudaDev 1 busId 3000 - Destroy COMPLETE
c196-112:8463:8463 [1] NCCL INFO comm 0x2b314566c010 rank 5 nranks 16 cudaDev 1 busId 3000 - Destroy COMPLETE
c196-111:21863:21863 [0] NCCL INFO comm 0x2b2abe000010 rank 0 nranks 16 cudaDev 0 busId 2000 - Destroy COMPLETE
c196-111:21864:21864 [1] NCCL INFO comm 0x2ad51e000010 rank 1 nranks 16 cudaDev 1 busId 3000 - Destroy COMPLETE
# Out of bounds values : 0 OK
# Avg bus bandwidth    : 2.51829 
#

TACC:  Shutdown complete. Exiting. 
