TACC:  Starting up job 6212038 
TACC:  Starting parallel tasks... 
# nThread 1 nGpus 1 minBytes 65536 maxBytes 268435456 step: 2(factor) warmup iters: 5 iters: 60 agg iters: 1 validation: 1 graph: 0
#
# Using devices
#  Rank  0 Group  0 Pid  19827 on   c197-081 device  0 [0x02] Quadro RTX 5000
#  Rank  1 Group  0 Pid  19828 on   c197-081 device  1 [0x03] Quadro RTX 5000
#  Rank  2 Group  0 Pid  19829 on   c197-081 device  2 [0x82] Quadro RTX 5000
#  Rank  3 Group  0 Pid  19830 on   c197-081 device  3 [0x83] Quadro RTX 5000
#  Rank  4 Group  0 Pid  26694 on   c197-082 device  0 [0x02] Quadro RTX 5000
#  Rank  5 Group  0 Pid  26695 on   c197-082 device  1 [0x03] Quadro RTX 5000
#  Rank  6 Group  0 Pid  26696 on   c197-082 device  2 [0x82] Quadro RTX 5000
#  Rank  7 Group  0 Pid  26697 on   c197-082 device  3 [0x83] Quadro RTX 5000
#  Rank  8 Group  0 Pid  13874 on   c197-091 device  0 [0x02] Quadro RTX 5000
#  Rank  9 Group  0 Pid  13875 on   c197-091 device  1 [0x03] Quadro RTX 5000
#  Rank 10 Group  0 Pid  13876 on   c197-091 device  2 [0x82] Quadro RTX 5000
#  Rank 11 Group  0 Pid  13877 on   c197-091 device  3 [0x83] Quadro RTX 5000
#  Rank 12 Group  0 Pid  24990 on   c197-092 device  0 [0x02] Quadro RTX 5000
#  Rank 13 Group  0 Pid  24991 on   c197-092 device  1 [0x03] Quadro RTX 5000
#  Rank 14 Group  0 Pid  24992 on   c197-092 device  2 [0x82] Quadro RTX 5000
#  Rank 15 Group  0 Pid  24993 on   c197-092 device  3 [0x83] Quadro RTX 5000
The MSCCL XML file exists: /home1/09168/ldai1/ccl-build/msccl_tools_lyd/examples/xml/xml_lyd/binary_tree/allreduce_binary_tree_1ch_2tree_1chunk_4node_16gpu.xml
c197-081:19827:19827 [0] NCCL INFO Bootstrap : Using ib0:192.168.44.137<0>
c197-081:19827:19827 [0] NCCL INFO NET/Plugin : No plugin found (libnccl-net.so), using internal implementation
c197-081:19827:19827 [0] NCCL INFO NET/IB : Using [0]mlx4_0:1/IB [RO]; OOB ib0:192.168.44.137<0>
c197-081:19827:19827 [0] NCCL INFO Using network IB
NCCL version 2.12.12.MSCCL.0.7.4+cuda11.3
c197-081:19829:19829 [2] NCCL INFO Bootstrap : Using ib0:192.168.44.137<0>
c197-081:19829:19829 [2] NCCL INFO NET/Plugin : No plugin found (libnccl-net.so), using internal implementation
c197-081:19828:19828 [1] NCCL INFO Bootstrap : Using ib0:192.168.44.137<0>
c197-081:19828:19828 [1] NCCL INFO NET/Plugin : No plugin found (libnccl-net.so), using internal implementation
c197-081:19829:19829 [2] NCCL INFO NET/IB : Using [0]mlx4_0:1/IB [RO]; OOB ib0:192.168.44.137<0>
c197-081:19829:19829 [2] NCCL INFO Using network IB
c197-081:19830:19830 [3] NCCL INFO Bootstrap : Using ib0:192.168.44.137<0>
c197-081:19830:19830 [3] NCCL INFO NET/Plugin : No plugin found (libnccl-net.so), using internal implementation
c197-081:19830:19830 [3] NCCL INFO NET/IB : Using [0]mlx4_0:1/IB [RO]; OOB ib0:192.168.44.137<0>
c197-081:19830:19830 [3] NCCL INFO Using network IB
c197-081:19828:19828 [1] NCCL INFO NET/IB : Using [0]mlx4_0:1/IB [RO]; OOB ib0:192.168.44.137<0>
c197-081:19828:19828 [1] NCCL INFO Using network IB
c197-091:13876:13876 [2] NCCL INFO Bootstrap : Using ib0:192.168.44.139<0>
c197-091:13877:13877 [3] NCCL INFO Bootstrap : Using ib0:192.168.44.139<0>
c197-091:13876:13876 [2] NCCL INFO NET/Plugin : No plugin found (libnccl-net.so), using internal implementation
c197-091:13877:13877 [3] NCCL INFO NET/Plugin : No plugin found (libnccl-net.so), using internal implementation
c197-082:26697:26697 [3] NCCL INFO Bootstrap : Using ib0:192.168.44.138<0>
c197-082:26697:26697 [3] NCCL INFO NET/Plugin : No plugin found (libnccl-net.so), using internal implementation
c197-092:24993:24993 [3] NCCL INFO Bootstrap : Using ib0:192.168.44.140<0>
c197-092:24993:24993 [3] NCCL INFO NET/Plugin : No plugin found (libnccl-net.so), using internal implementation
c197-092:24993:24993 [3] NCCL INFO NET/IB : Using [0]mlx4_0:1/IB [RO]; OOB ib0:192.168.44.140<0>
c197-092:24993:24993 [3] NCCL INFO Using network IB
c197-091:13875:13875 [1] NCCL INFO Bootstrap : Using ib0:192.168.44.139<0>
c197-091:13874:13874 [0] NCCL INFO Bootstrap : Using ib0:192.168.44.139<0>
c197-091:13874:13874 [0] NCCL INFO NET/Plugin : No plugin found (libnccl-net.so), using internal implementation
c197-091:13875:13875 [1] NCCL INFO NET/Plugin : No plugin found (libnccl-net.so), using internal implementation
c197-092:24992:24992 [2] NCCL INFO Bootstrap : Using ib0:192.168.44.140<0>
c197-092:24992:24992 [2] NCCL INFO NET/Plugin : No plugin found (libnccl-net.so), using internal implementation
c197-082:26696:26696 [2] NCCL INFO Bootstrap : Using ib0:192.168.44.138<0>
c197-082:26695:26695 [1] NCCL INFO Bootstrap : Using ib0:192.168.44.138<0>
c197-091:13876:13876 [2] NCCL INFO NET/IB : Using [0]mlx4_0:1/IB [RO]; OOB ib0:192.168.44.139<0>
c197-091:13876:13876 [2] NCCL INFO Using network IB
c197-082:26694:26694 [0] NCCL INFO Bootstrap : Using ib0:192.168.44.138<0>
c197-082:26696:26696 [2] NCCL INFO NET/Plugin : No plugin found (libnccl-net.so), using internal implementation
c197-091:13877:13877 [3] NCCL INFO NET/IB : Using [0]mlx4_0:1/IB [RO]; OOB ib0:192.168.44.139<0>
c197-091:13877:13877 [3] NCCL INFO Using network IB
c197-082:26694:26694 [0] NCCL INFO NET/Plugin : No plugin found (libnccl-net.so), using internal implementation
c197-082:26695:26695 [1] NCCL INFO NET/Plugin : No plugin found (libnccl-net.so), using internal implementation
c197-082:26697:26697 [3] NCCL INFO NET/IB : Using [0]mlx4_0:1/IB [RO]; OOB ib0:192.168.44.138<0>
c197-082:26697:26697 [3] NCCL INFO Using network IB
c197-092:24992:24992 [2] NCCL INFO NET/IB : Using [0]mlx4_0:1/IB [RO]; OOB ib0:192.168.44.140<0>
c197-092:24992:24992 [2] NCCL INFO Using network IB
c197-091:13874:13874 [0] NCCL INFO NET/IB : Using [0]mlx4_0:1/IB [RO]; OOB ib0:192.168.44.139<0>
c197-091:13874:13874 [0] NCCL INFO Using network IB
c197-091:13875:13875 [1] NCCL INFO NET/IB : Using [0]mlx4_0:1/IB [RO]; OOB ib0:192.168.44.139<0>
c197-091:13875:13875 [1] NCCL INFO Using network IB
c197-082:26696:26696 [2] NCCL INFO NET/IB : Using [0]mlx4_0:1/IB [RO]; OOB ib0:192.168.44.138<0>
c197-082:26696:26696 [2] NCCL INFO Using network IB
c197-082:26694:26694 [0] NCCL INFO NET/IB : Using [0]mlx4_0:1/IB [RO]; OOB ib0:192.168.44.138<0>
c197-082:26694:26694 [0] NCCL INFO Using network IB
c197-082:26695:26695 [1] NCCL INFO NET/IB : Using [0]mlx4_0:1/IB [RO]; OOB ib0:192.168.44.138<0>
c197-082:26695:26695 [1] NCCL INFO Using network IB
c197-092:24991:24991 [1] NCCL INFO Bootstrap : Using ib0:192.168.44.140<0>
c197-092:24990:24990 [0] NCCL INFO Bootstrap : Using ib0:192.168.44.140<0>
c197-092:24990:24990 [0] NCCL INFO NET/Plugin : No plugin found (libnccl-net.so), using internal implementation
c197-092:24991:24991 [1] NCCL INFO NET/Plugin : No plugin found (libnccl-net.so), using internal implementation
c197-092:24991:24991 [1] NCCL INFO NET/IB : Using [0]mlx4_0:1/IB [RO]; OOB ib0:192.168.44.140<0>
c197-092:24991:24991 [1] NCCL INFO Using network IB
c197-092:24990:24990 [0] NCCL INFO NET/IB : Using [0]mlx4_0:1/IB [RO]; OOB ib0:192.168.44.140<0>
c197-092:24990:24990 [0] NCCL INFO Using network IB
c197-081:19827:19880 [0] NCCL INFO Setting affinity for GPU 0 to 0f000f
c197-081:19830:19887 [3] NCCL INFO Setting affinity for GPU 3 to f000f000
c197-081:19829:19885 [2] NCCL INFO Setting affinity for GPU 2 to 0f000f00
c197-081:19828:19889 [1] NCCL INFO Setting affinity for GPU 1 to f000f0
c197-092:24993:25043 [3] NCCL INFO Setting affinity for GPU 3 to f000f000
c197-091:13877:13929 [3] NCCL INFO Setting affinity for GPU 3 to f000f000
c197-082:26697:26747 [3] NCCL INFO Setting affinity for GPU 3 to f000f000
c197-092:24990:25049 [0] NCCL INFO Setting affinity for GPU 0 to 0f000f
c197-092:24991:25048 [1] NCCL INFO Setting affinity for GPU 1 to f000f0
c197-082:26696:26750 [2] NCCL INFO Setting affinity for GPU 2 to 0f000f00
c197-091:13874:13932 [0] NCCL INFO Setting affinity for GPU 0 to 0f000f
c197-092:24992:25045 [2] NCCL INFO Setting affinity for GPU 2 to 0f000f00
c197-091:13876:13928 [2] NCCL INFO Setting affinity for GPU 2 to 0f000f00
c197-091:13875:13933 [1] NCCL INFO Setting affinity for GPU 1 to f000f0
c197-082:26695:26753 [1] NCCL INFO Setting affinity for GPU 1 to f000f0
c197-082:26694:26752 [0] NCCL INFO Setting affinity for GPU 0 to 0f000f
c197-081:19828:19889 [1] NCCL INFO Trees [0] 2/-1/-1->1->0 [1] 2/-1/-1->1->0
c197-091:13874:13932 [0] NCCL INFO Trees [0] 9/12/-1->8->0 [1] 9/-1/-1->8->5
c197-082:26694:26752 [0] NCCL INFO Trees [0] 5/-1/-1->4->9 [1] 5/0/-1->4->12
c197-081:19829:19885 [2] NCCL INFO Trees [0] 3/-1/-1->2->1 [1] 3/-1/-1->2->1
c197-092:24992:25045 [2] NCCL INFO Trees [0] 15/-1/-1->14->13 [1] 15/-1/-1->14->13
c197-082:26695:26753 [1] NCCL INFO Trees [0] 6/-1/-1->5->4 [1] 6/8/-1->5->4
c197-081:19830:19887 [3] NCCL INFO Trees [0] -1/-1/-1->3->2 [1] -1/-1/-1->3->2
c197-091:13877:13929 [3] NCCL INFO Trees [0] -1/-1/-1->11->10 [1] -1/-1/-1->11->10
c197-092:24993:25043 [3] NCCL INFO Trees [0] -1/-1/-1->15->14 [1] -1/-1/-1->15->14
c197-082:26696:26750 [2] NCCL INFO Trees [0] 7/-1/-1->6->5 [1] 7/-1/-1->6->5
c197-081:19827:19880 [0] NCCL INFO Channel 00/02 :    0   1   2   3   4   5   6   7   8   9  10  11  12  13  14  15
c197-081:19827:19880 [0] NCCL INFO Channel 01/02 :    0   1   2   3   4   5   6   7   8   9  10  11  12  13  14  15
c197-081:19827:19880 [0] NCCL INFO Trees [0] 1/8/-1->0->-1 [1] 1/-1/-1->0->4
c197-091:13876:13928 [2] NCCL INFO Trees [0] 11/-1/-1->10->9 [1] 11/-1/-1->10->9
c197-092:24990:25049 [0] NCCL INFO Trees [0] 13/-1/-1->12->8 [1] 13/4/-1->12->-1
c197-082:26697:26747 [3] NCCL INFO Trees [0] -1/-1/-1->7->6 [1] -1/-1/-1->7->6
c197-091:13875:13933 [1] NCCL INFO Trees [0] 10/4/-1->9->8 [1] 10/-1/-1->9->8
c197-092:24991:25048 [1] NCCL INFO Trees [0] 14/-1/-1->13->12 [1] 14/-1/-1->13->12
c197-091:13874:13932 [0] NCCL INFO Channel 00/0 : 7[83000] -> 8[2000] [receive] via NET/IB/0
c197-092:24990:25049 [0] NCCL INFO Channel 00/0 : 11[83000] -> 12[2000] [receive] via NET/IB/0
c197-082:26694:26752 [0] NCCL INFO Channel 00/0 : 3[83000] -> 4[2000] [receive] via NET/IB/0
c197-081:19827:19880 [0] NCCL INFO Channel 00/0 : 15[83000] -> 0[2000] [receive] via NET/IB/0
c197-081:19829:19885 [2] NCCL INFO Channel 00 : 2[82000] -> 3[83000] via direct shared memory
c197-081:19829:19885 [2] NCCL INFO Channel 01 : 2[82000] -> 3[83000] via direct shared memory
c197-081:19828:19889 [1] NCCL INFO Channel 00 : 1[3000] -> 2[82000] via direct shared memory
c197-091:13876:13928 [2] NCCL INFO Channel 00 : 10[82000] -> 11[83000] via direct shared memory
c197-091:13876:13928 [2] NCCL INFO Channel 01 : 10[82000] -> 11[83000] via direct shared memory
c197-081:19828:19889 [1] NCCL INFO Channel 01 : 1[3000] -> 2[82000] via direct shared memory
c197-092:24992:25045 [2] NCCL INFO Channel 00 : 14[82000] -> 15[83000] via direct shared memory
c197-092:24991:25048 [1] NCCL INFO Channel 00 : 13[3000] -> 14[82000] via direct shared memory
c197-082:26695:26753 [1] NCCL INFO Channel 00 : 5[3000] -> 6[82000] via direct shared memory
c197-082:26696:26750 [2] NCCL INFO Channel 00 : 6[82000] -> 7[83000] via direct shared memory
c197-092:24992:25045 [2] NCCL INFO Channel 01 : 14[82000] -> 15[83000] via direct shared memory
c197-082:26695:26753 [1] NCCL INFO Channel 01 : 5[3000] -> 6[82000] via direct shared memory
c197-092:24991:25048 [1] NCCL INFO Channel 01 : 13[3000] -> 14[82000] via direct shared memory
c197-082:26696:26750 [2] NCCL INFO Channel 01 : 6[82000] -> 7[83000] via direct shared memory
c197-081:19830:19887 [3] NCCL INFO Channel 00/0 : 3[83000] -> 4[2000] [send] via NET/IB/0
c197-091:13877:13929 [3] NCCL INFO Channel 00/0 : 11[83000] -> 12[2000] [send] via NET/IB/0
c197-092:24993:25043 [3] NCCL INFO Channel 00/0 : 15[83000] -> 0[2000] [send] via NET/IB/0
c197-082:26697:26747 [3] NCCL INFO Channel 00/0 : 7[83000] -> 8[2000] [send] via NET/IB/0
c197-091:13875:13933 [1] NCCL INFO Channel 00 : 9[3000] -> 10[82000] via direct shared memory
c197-091:13875:13933 [1] NCCL INFO Channel 01 : 9[3000] -> 10[82000] via direct shared memory
c197-081:19827:19880 [0] NCCL INFO Channel 01/0 : 15[83000] -> 0[2000] [receive] via NET/IB/0
c197-081:19827:19880 [0] NCCL INFO Channel 00 : 0[2000] -> 1[3000] via direct shared memory
c197-091:13874:13932 [0] NCCL INFO Channel 01/0 : 7[83000] -> 8[2000] [receive] via NET/IB/0
c197-081:19827:19880 [0] NCCL INFO Channel 01 : 0[2000] -> 1[3000] via direct shared memory
c197-091:13874:13932 [0] NCCL INFO Channel 00 : 8[2000] -> 9[3000] via direct shared memory
c197-092:24990:25049 [0] NCCL INFO Channel 01/0 : 11[83000] -> 12[2000] [receive] via NET/IB/0
c197-091:13874:13932 [0] NCCL INFO Channel 01 : 8[2000] -> 9[3000] via direct shared memory
c197-082:26694:26752 [0] NCCL INFO Channel 01/0 : 3[83000] -> 4[2000] [receive] via NET/IB/0
c197-092:24990:25049 [0] NCCL INFO Channel 00 : 12[2000] -> 13[3000] via direct shared memory
c197-082:26694:26752 [0] NCCL INFO Channel 00 : 4[2000] -> 5[3000] via direct shared memory
c197-092:24990:25049 [0] NCCL INFO Channel 01 : 12[2000] -> 13[3000] via direct shared memory
c197-082:26694:26752 [0] NCCL INFO Channel 01 : 4[2000] -> 5[3000] via direct shared memory
c197-081:19828:19889 [1] NCCL INFO Connected all rings
c197-092:24991:25048 [1] NCCL INFO Connected all rings
c197-082:26695:26753 [1] NCCL INFO Connected all rings
c197-091:13875:13933 [1] NCCL INFO Connected all rings
c197-082:26695:26753 [1] NCCL INFO Channel 01/0 : 5[3000] -> 8[2000] [send] via NET/IB/0
c197-091:13875:13933 [1] NCCL INFO Channel 00/0 : 4[2000] -> 9[3000] [receive] via NET/IB/0
c197-081:19830:19887 [3] NCCL INFO Channel 01/0 : 3[83000] -> 4[2000] [send] via NET/IB/0
c197-091:13877:13929 [3] NCCL INFO Channel 01/0 : 11[83000] -> 12[2000] [send] via NET/IB/0
c197-092:24993:25043 [3] NCCL INFO Channel 01/0 : 15[83000] -> 0[2000] [send] via NET/IB/0
c197-082:26697:26747 [3] NCCL INFO Channel 01/0 : 7[83000] -> 8[2000] [send] via NET/IB/0
c197-081:19829:19885 [2] NCCL INFO Connected all rings
c197-091:13876:13928 [2] NCCL INFO Connected all rings
c197-082:26696:26750 [2] NCCL INFO Connected all rings
c197-092:24992:25045 [2] NCCL INFO Connected all rings
c197-081:19828:19889 [1] NCCL INFO Channel 00 : 1[3000] -> 0[2000] via direct shared memory
c197-081:19828:19889 [1] NCCL INFO Channel 01 : 1[3000] -> 0[2000] via direct shared memory
c197-092:24991:25048 [1] NCCL INFO Channel 00 : 13[3000] -> 12[2000] via direct shared memory
c197-092:24991:25048 [1] NCCL INFO Channel 01 : 13[3000] -> 12[2000] via direct shared memory
c197-091:13877:13929 [3] NCCL INFO Connected all rings
c197-091:13877:13929 [3] NCCL INFO Channel 00 : 11[83000] -> 10[82000] via direct shared memory
c197-091:13877:13929 [3] NCCL INFO Channel 01 : 11[83000] -> 10[82000] via direct shared memory
c197-082:26697:26747 [3] NCCL INFO Connected all rings
c197-082:26697:26747 [3] NCCL INFO Channel 00 : 7[83000] -> 6[82000] via direct shared memory
c197-082:26697:26747 [3] NCCL INFO Channel 01 : 7[83000] -> 6[82000] via direct shared memory
c197-092:24993:25043 [3] NCCL INFO Connected all rings
c197-092:24993:25043 [3] NCCL INFO Channel 00 : 15[83000] -> 14[82000] via direct shared memory
c197-092:24993:25043 [3] NCCL INFO Channel 01 : 15[83000] -> 14[82000] via direct shared memory
c197-081:19830:19887 [3] NCCL INFO Connected all rings
c197-081:19830:19887 [3] NCCL INFO Channel 00 : 3[83000] -> 2[82000] via direct shared memory
c197-081:19830:19887 [3] NCCL INFO Channel 01 : 3[83000] -> 2[82000] via direct shared memory
c197-082:26694:26752 [0] NCCL INFO Connected all rings
c197-092:24990:25049 [0] NCCL INFO Connected all rings
c197-081:19827:19880 [0] NCCL INFO Connected all rings
c197-091:13874:13932 [0] NCCL INFO Connected all rings
c197-091:13876:13928 [2] NCCL INFO Channel 00 : 10[82000] -> 9[3000] via direct shared memory
c197-081:19829:19885 [2] NCCL INFO Channel 00 : 2[82000] -> 1[3000] via direct shared memory
c197-091:13876:13928 [2] NCCL INFO Channel 01 : 10[82000] -> 9[3000] via direct shared memory
c197-081:19829:19885 [2] NCCL INFO Channel 01 : 2[82000] -> 1[3000] via direct shared memory
c197-092:24992:25045 [2] NCCL INFO Channel 00 : 14[82000] -> 13[3000] via direct shared memory
c197-092:24992:25045 [2] NCCL INFO Channel 01 : 14[82000] -> 13[3000] via direct shared memory
c197-082:26696:26750 [2] NCCL INFO Channel 00 : 6[82000] -> 5[3000] via direct shared memory
c197-082:26696:26750 [2] NCCL INFO Channel 01 : 6[82000] -> 5[3000] via direct shared memory
c197-091:13877:13929 [3] NCCL INFO Connected all trees
c197-091:13877:13929 [3] NCCL INFO MSCCL_XML_FILES set by environment to /home1/09168/ldai1/ccl-build/msccl_tools_lyd/examples/xml/xml_lyd/binary_tree/allreduce_binary_tree_1ch_2tree_1chunk_4node_16gpu.xml
c197-091:13877:13929 [3] NCCL INFO MSCCL: Parsing algorithm /home1/09168/ldai1/ccl-build/msccl_tools_lyd/examples/xml/xml_lyd/binary_tree/allreduce_binary_tree_1ch_2tree_1chunk_4node_16gpu.xml
c197-081:19830:19887 [3] NCCL INFO Connected all trees
c197-081:19830:19887 [3] NCCL INFO MSCCL_XML_FILES set by environment to /home1/09168/ldai1/ccl-build/msccl_tools_lyd/examples/xml/xml_lyd/binary_tree/allreduce_binary_tree_1ch_2tree_1chunk_4node_16gpu.xml
c197-081:19830:19887 [3] NCCL INFO MSCCL: Parsing algorithm /home1/09168/ldai1/ccl-build/msccl_tools_lyd/examples/xml/xml_lyd/binary_tree/allreduce_binary_tree_1ch_2tree_1chunk_4node_16gpu.xml
c197-081:19829:19885 [2] NCCL INFO Connected all trees
c197-081:19829:19885 [2] NCCL INFO MSCCL_XML_FILES set by environment to /home1/09168/ldai1/ccl-build/msccl_tools_lyd/examples/xml/xml_lyd/binary_tree/allreduce_binary_tree_1ch_2tree_1chunk_4node_16gpu.xml
c197-081:19829:19885 [2] NCCL INFO MSCCL: Parsing algorithm /home1/09168/ldai1/ccl-build/msccl_tools_lyd/examples/xml/xml_lyd/binary_tree/allreduce_binary_tree_1ch_2tree_1chunk_4node_16gpu.xml
c197-092:24993:25043 [3] NCCL INFO Connected all trees
c197-092:24993:25043 [3] NCCL INFO MSCCL_XML_FILES set by environment to /home1/09168/ldai1/ccl-build/msccl_tools_lyd/examples/xml/xml_lyd/binary_tree/allreduce_binary_tree_1ch_2tree_1chunk_4node_16gpu.xml
c197-092:24993:25043 [3] NCCL INFO MSCCL: Parsing algorithm /home1/09168/ldai1/ccl-build/msccl_tools_lyd/examples/xml/xml_lyd/binary_tree/allreduce_binary_tree_1ch_2tree_1chunk_4node_16gpu.xml
c197-092:24992:25045 [2] NCCL INFO Connected all trees
c197-082:26697:26747 [3] NCCL INFO Connected all trees
c197-082:26697:26747 [3] NCCL INFO MSCCL_XML_FILES set by environment to /home1/09168/ldai1/ccl-build/msccl_tools_lyd/examples/xml/xml_lyd/binary_tree/allreduce_binary_tree_1ch_2tree_1chunk_4node_16gpu.xml
c197-092:24992:25045 [2] NCCL INFO MSCCL_XML_FILES set by environment to /home1/09168/ldai1/ccl-build/msccl_tools_lyd/examples/xml/xml_lyd/binary_tree/allreduce_binary_tree_1ch_2tree_1chunk_4node_16gpu.xml
c197-082:26697:26747 [3] NCCL INFO MSCCL: Parsing algorithm /home1/09168/ldai1/ccl-build/msccl_tools_lyd/examples/xml/xml_lyd/binary_tree/allreduce_binary_tree_1ch_2tree_1chunk_4node_16gpu.xml
c197-092:24992:25045 [2] NCCL INFO MSCCL: Parsing algorithm /home1/09168/ldai1/ccl-build/msccl_tools_lyd/examples/xml/xml_lyd/binary_tree/allreduce_binary_tree_1ch_2tree_1chunk_4node_16gpu.xml
c197-081:19830:19887 [3] NCCL INFO Parsed MSCCL Algorithm /home1/09168/ldai1/ccl-build/msccl_tools_lyd/examples/xml/xml_lyd/binary_tree/allreduce_binary_tree_1ch_2tree_1chunk_4node_16gpu.xml successfully.
c197-091:13877:13929 [3] NCCL INFO Parsed MSCCL Algorithm /home1/09168/ldai1/ccl-build/msccl_tools_lyd/examples/xml/xml_lyd/binary_tree/allreduce_binary_tree_1ch_2tree_1chunk_4node_16gpu.xml successfully.
c197-081:19830:19887 [3] NCCL INFO Connected 1 MSCCL algorithms
c197-091:13877:13929 [3] NCCL INFO Connected 1 MSCCL algorithms
c197-081:19830:19887 [3] NCCL INFO NCCL_PROTO set by environment to Simple
c197-081:19830:19887 [3] NCCL INFO NCCL_ALGO set by environment to MSCCL,TREE,RING
c197-091:13877:13929 [3] NCCL INFO NCCL_PROTO set by environment to Simple
c197-081:19830:19887 [3] NCCL INFO threadThresholds 8/8/64 | 128/8/64 | 8/8/64 | 8/8/512
c197-091:13877:13929 [3] NCCL INFO NCCL_ALGO set by environment to MSCCL,TREE,RING
c197-091:13877:13929 [3] NCCL INFO threadThresholds 8/8/64 | 128/8/64 | 8/8/64 | 8/8/512
c197-081:19830:19887 [3] NCCL INFO 2 coll channels, 2 p2p channels, 2 p2p channels per peer
c197-091:13877:13929 [3] NCCL INFO 2 coll channels, 2 p2p channels, 2 p2p channels per peer
c197-081:19829:19885 [2] NCCL INFO Parsed MSCCL Algorithm /home1/09168/ldai1/ccl-build/msccl_tools_lyd/examples/xml/xml_lyd/binary_tree/allreduce_binary_tree_1ch_2tree_1chunk_4node_16gpu.xml successfully.
c197-081:19829:19885 [2] NCCL INFO Connected 1 MSCCL algorithms
c197-081:19829:19885 [2] NCCL INFO NCCL_PROTO set by environment to Simple
c197-081:19829:19885 [2] NCCL INFO NCCL_ALGO set by environment to MSCCL,TREE,RING
c197-081:19829:19885 [2] NCCL INFO threadThresholds 8/8/64 | 128/8/64 | 8/8/64 | 8/8/512
c197-081:19829:19885 [2] NCCL INFO 2 coll channels, 2 p2p channels, 2 p2p channels per peer
c197-092:24992:25045 [2] NCCL INFO Parsed MSCCL Algorithm /home1/09168/ldai1/ccl-build/msccl_tools_lyd/examples/xml/xml_lyd/binary_tree/allreduce_binary_tree_1ch_2tree_1chunk_4node_16gpu.xml successfully.
c197-092:24992:25045 [2] NCCL INFO Connected 1 MSCCL algorithms
c197-092:24992:25045 [2] NCCL INFO NCCL_PROTO set by environment to Simple
c197-092:24992:25045 [2] NCCL INFO NCCL_ALGO set by environment to MSCCL,TREE,RING
c197-092:24992:25045 [2] NCCL INFO threadThresholds 8/8/64 | 128/8/64 | 8/8/64 | 8/8/512
c197-092:24993:25043 [3] NCCL INFO Parsed MSCCL Algorithm /home1/09168/ldai1/ccl-build/msccl_tools_lyd/examples/xml/xml_lyd/binary_tree/allreduce_binary_tree_1ch_2tree_1chunk_4node_16gpu.xml successfully.
c197-092:24992:25045 [2] NCCL INFO 2 coll channels, 2 p2p channels, 2 p2p channels per peer
c197-092:24993:25043 [3] NCCL INFO Connected 1 MSCCL algorithms
c197-092:24993:25043 [3] NCCL INFO NCCL_PROTO set by environment to Simple
c197-092:24993:25043 [3] NCCL INFO NCCL_ALGO set by environment to MSCCL,TREE,RING
c197-092:24993:25043 [3] NCCL INFO threadThresholds 8/8/64 | 128/8/64 | 8/8/64 | 8/8/512
c197-092:24993:25043 [3] NCCL INFO 2 coll channels, 2 p2p channels, 2 p2p channels per peer
c197-082:26697:26747 [3] NCCL INFO Parsed MSCCL Algorithm /home1/09168/ldai1/ccl-build/msccl_tools_lyd/examples/xml/xml_lyd/binary_tree/allreduce_binary_tree_1ch_2tree_1chunk_4node_16gpu.xml successfully.
c197-082:26697:26747 [3] NCCL INFO Connected 1 MSCCL algorithms
c197-082:26697:26747 [3] NCCL INFO NCCL_PROTO set by environment to Simple
c197-082:26697:26747 [3] NCCL INFO NCCL_ALGO set by environment to MSCCL,TREE,RING
c197-082:26697:26747 [3] NCCL INFO threadThresholds 8/8/64 | 128/8/64 | 8/8/64 | 8/8/512
c197-082:26697:26747 [3] NCCL INFO 2 coll channels, 2 p2p channels, 2 p2p channels per peer
c197-091:13874:13932 [0] NCCL INFO Channel 01/0 : 5[3000] -> 8[2000] [receive] via NET/IB/0
c197-092:24990:25049 [0] NCCL INFO Channel 00/0 : 8[2000] -> 12[2000] [receive] via NET/IB/0
c197-082:26694:26752 [0] NCCL INFO Channel 01/0 : 0[2000] -> 4[2000] [receive] via NET/IB/0
c197-081:19827:19880 [0] NCCL INFO Channel 01/0 : 0[2000] -> 4[2000] [send] via NET/IB/0
c197-091:13874:13932 [0] NCCL INFO Channel 00/0 : 8[2000] -> 12[2000] [send] via NET/IB/0
c197-082:26695:26753 [1] NCCL INFO Channel 01/0 : 8[2000] -> 5[3000] [receive] via NET/IB/0
c197-082:26694:26752 [0] NCCL INFO Channel 00/0 : 4[2000] -> 9[3000] [send] via NET/IB/0
c197-081:19827:19880 [0] NCCL INFO Channel 00/0 : 8[2000] -> 0[2000] [receive] via NET/IB/0
c197-081:19827:19880 [0] NCCL INFO Channel 00/0 : 0[2000] -> 8[2000] [send] via NET/IB/0
c197-091:13874:13932 [0] NCCL INFO Channel 00/0 : 0[2000] -> 8[2000] [receive] via NET/IB/0
c197-082:26694:26752 [0] NCCL INFO Channel 01/0 : 12[2000] -> 4[2000] [receive] via NET/IB/0
c197-092:24990:25049 [0] NCCL INFO Channel 01/0 : 4[2000] -> 12[2000] [receive] via NET/IB/0
c197-091:13875:13933 [1] NCCL INFO Channel 00/0 : 9[3000] -> 4[2000] [send] via NET/IB/0
c197-091:13874:13932 [0] NCCL INFO Channel 00/0 : 8[2000] -> 0[2000] [send] via NET/IB/0
c197-082:26694:26752 [0] NCCL INFO Channel 01/0 : 4[2000] -> 12[2000] [send] via NET/IB/0
c197-092:24990:25049 [0] NCCL INFO Channel 01/0 : 12[2000] -> 4[2000] [send] via NET/IB/0
c197-081:19827:19880 [0] NCCL INFO Channel 01/0 : 4[2000] -> 0[2000] [receive] via NET/IB/0
c197-092:24990:25049 [0] NCCL INFO Channel 00/0 : 12[2000] -> 8[2000] [send] via NET/IB/0
c197-082:26694:26752 [0] NCCL INFO Channel 00/0 : 9[3000] -> 4[2000] [receive] via NET/IB/0
c197-091:13874:13932 [0] NCCL INFO Channel 00/0 : 12[2000] -> 8[2000] [receive] via NET/IB/0
c197-091:13875:13933 [1] NCCL INFO Channel 00 : 9[3000] -> 8[2000] via direct shared memory
c197-091:13875:13933 [1] NCCL INFO Channel 01 : 9[3000] -> 8[2000] via direct shared memory
c197-092:24990:25049 [0] NCCL INFO Connected all trees
c197-092:24990:25049 [0] NCCL INFO MSCCL_XML_FILES set by environment to /home1/09168/ldai1/ccl-build/msccl_tools_lyd/examples/xml/xml_lyd/binary_tree/allreduce_binary_tree_1ch_2tree_1chunk_4node_16gpu.xml
c197-092:24990:25049 [0] NCCL INFO MSCCL: Parsing algorithm /home1/09168/ldai1/ccl-build/msccl_tools_lyd/examples/xml/xml_lyd/binary_tree/allreduce_binary_tree_1ch_2tree_1chunk_4node_16gpu.xml
c197-092:24991:25048 [1] NCCL INFO Connected all trees
c197-092:24991:25048 [1] NCCL INFO MSCCL_XML_FILES set by environment to /home1/09168/ldai1/ccl-build/msccl_tools_lyd/examples/xml/xml_lyd/binary_tree/allreduce_binary_tree_1ch_2tree_1chunk_4node_16gpu.xml
c197-092:24991:25048 [1] NCCL INFO MSCCL: Parsing algorithm /home1/09168/ldai1/ccl-build/msccl_tools_lyd/examples/xml/xml_lyd/binary_tree/allreduce_binary_tree_1ch_2tree_1chunk_4node_16gpu.xml
c197-091:13876:13928 [2] NCCL INFO Connected all trees
c197-091:13876:13928 [2] NCCL INFO MSCCL_XML_FILES set by environment to /home1/09168/ldai1/ccl-build/msccl_tools_lyd/examples/xml/xml_lyd/binary_tree/allreduce_binary_tree_1ch_2tree_1chunk_4node_16gpu.xml
c197-091:13876:13928 [2] NCCL INFO MSCCL: Parsing algorithm /home1/09168/ldai1/ccl-build/msccl_tools_lyd/examples/xml/xml_lyd/binary_tree/allreduce_binary_tree_1ch_2tree_1chunk_4node_16gpu.xml
c197-092:24990:25049 [0] NCCL INFO Parsed MSCCL Algorithm /home1/09168/ldai1/ccl-build/msccl_tools_lyd/examples/xml/xml_lyd/binary_tree/allreduce_binary_tree_1ch_2tree_1chunk_4node_16gpu.xml successfully.
c197-092:24990:25049 [0] NCCL INFO Connected 1 MSCCL algorithms
c197-092:24990:25049 [0] NCCL INFO NCCL_PROTO set by environment to Simple
c197-092:24990:25049 [0] NCCL INFO NCCL_ALGO set by environment to MSCCL,TREE,RING
c197-092:24990:25049 [0] NCCL INFO threadThresholds 8/8/64 | 128/8/64 | 8/8/64 | 8/8/512
c197-092:24990:25049 [0] NCCL INFO 2 coll channels, 2 p2p channels, 2 p2p channels per peer
c197-091:13876:13928 [2] NCCL INFO Parsed MSCCL Algorithm /home1/09168/ldai1/ccl-build/msccl_tools_lyd/examples/xml/xml_lyd/binary_tree/allreduce_binary_tree_1ch_2tree_1chunk_4node_16gpu.xml successfully.
c197-091:13876:13928 [2] NCCL INFO Connected 1 MSCCL algorithms
c197-091:13876:13928 [2] NCCL INFO NCCL_PROTO set by environment to Simple
c197-091:13876:13928 [2] NCCL INFO NCCL_ALGO set by environment to MSCCL,TREE,RING
c197-091:13876:13928 [2] NCCL INFO threadThresholds 8/8/64 | 128/8/64 | 8/8/64 | 8/8/512
c197-091:13876:13928 [2] NCCL INFO 2 coll channels, 2 p2p channels, 2 p2p channels per peer
c197-092:24991:25048 [1] NCCL INFO Parsed MSCCL Algorithm /home1/09168/ldai1/ccl-build/msccl_tools_lyd/examples/xml/xml_lyd/binary_tree/allreduce_binary_tree_1ch_2tree_1chunk_4node_16gpu.xml successfully.
c197-092:24991:25048 [1] NCCL INFO Connected 1 MSCCL algorithms
c197-092:24991:25048 [1] NCCL INFO NCCL_PROTO set by environment to Simple
c197-092:24991:25048 [1] NCCL INFO NCCL_ALGO set by environment to MSCCL,TREE,RING
c197-092:24991:25048 [1] NCCL INFO threadThresholds 8/8/64 | 128/8/64 | 8/8/64 | 8/8/512
c197-092:24991:25048 [1] NCCL INFO 2 coll channels, 2 p2p channels, 2 p2p channels per peer
c197-082:26694:26752 [0] NCCL INFO Channel 01/0 : 4[2000] -> 0[2000] [send] via NET/IB/0
c197-091:13874:13932 [0] NCCL INFO Channel 01/0 : 8[2000] -> 5[3000] [send] via NET/IB/0
c197-081:19827:19880 [0] NCCL INFO Connected all trees
c197-081:19827:19880 [0] NCCL INFO MSCCL_XML_FILES set by environment to /home1/09168/ldai1/ccl-build/msccl_tools_lyd/examples/xml/xml_lyd/binary_tree/allreduce_binary_tree_1ch_2tree_1chunk_4node_16gpu.xml
c197-081:19827:19880 [0] NCCL INFO MSCCL: Parsing algorithm /home1/09168/ldai1/ccl-build/msccl_tools_lyd/examples/xml/xml_lyd/binary_tree/allreduce_binary_tree_1ch_2tree_1chunk_4node_16gpu.xml
c197-092:24990:25049 [0] NCCL INFO comm 0x2afd0145a010 rank 12 nranks 16 cudaDev 0 busId 2000 - Init COMPLETE
c197-092:24991:25048 [1] NCCL INFO comm 0x2b7a10000010 rank 13 nranks 16 cudaDev 1 busId 3000 - Init COMPLETE
c197-091:13874:13932 [0] NCCL INFO Connected all trees
c197-091:13874:13932 [0] NCCL INFO MSCCL_XML_FILES set by environment to /home1/09168/ldai1/ccl-build/msccl_tools_lyd/examples/xml/xml_lyd/binary_tree/allreduce_binary_tree_1ch_2tree_1chunk_4node_16gpu.xml
c197-091:13874:13932 [0] NCCL INFO MSCCL: Parsing algorithm /home1/09168/ldai1/ccl-build/msccl_tools_lyd/examples/xml/xml_lyd/binary_tree/allreduce_binary_tree_1ch_2tree_1chunk_4node_16gpu.xml
c197-092:24993:25043 [3] NCCL INFO comm 0x2b5d3e000010 rank 15 nranks 16 cudaDev 3 busId 83000 - Init COMPLETE
c197-092:24992:25045 [2] NCCL INFO comm 0x2aee30000010 rank 14 nranks 16 cudaDev 2 busId 82000 - Init COMPLETE
c197-081:19828:19889 [1] NCCL INFO Connected all trees
c197-081:19828:19889 [1] NCCL INFO MSCCL_XML_FILES set by environment to /home1/09168/ldai1/ccl-build/msccl_tools_lyd/examples/xml/xml_lyd/binary_tree/allreduce_binary_tree_1ch_2tree_1chunk_4node_16gpu.xml
c197-081:19828:19889 [1] NCCL INFO MSCCL: Parsing algorithm /home1/09168/ldai1/ccl-build/msccl_tools_lyd/examples/xml/xml_lyd/binary_tree/allreduce_binary_tree_1ch_2tree_1chunk_4node_16gpu.xml
c197-081:19827:19880 [0] NCCL INFO Parsed MSCCL Algorithm /home1/09168/ldai1/ccl-build/msccl_tools_lyd/examples/xml/xml_lyd/binary_tree/allreduce_binary_tree_1ch_2tree_1chunk_4node_16gpu.xml successfully.
c197-082:26695:26753 [1] NCCL INFO Channel 00 : 5[3000] -> 4[2000] via direct shared memory
c197-081:19827:19880 [0] NCCL INFO Connected 1 MSCCL algorithms
c197-081:19827:19880 [0] NCCL INFO NCCL_PROTO set by environment to Simple
c197-081:19827:19880 [0] NCCL INFO NCCL_ALGO set by environment to MSCCL,TREE,RING
c197-082:26695:26753 [1] NCCL INFO Channel 01 : 5[3000] -> 4[2000] via direct shared memory
c197-081:19827:19880 [0] NCCL INFO threadThresholds 8/8/64 | 128/8/64 | 8/8/64 | 8/8/512
c197-081:19827:19880 [0] NCCL INFO 2 coll channels, 2 p2p channels, 2 p2p channels per peer
c197-082:26694:26752 [0] NCCL INFO Connected all trees
c197-082:26694:26752 [0] NCCL INFO MSCCL_XML_FILES set by environment to /home1/09168/ldai1/ccl-build/msccl_tools_lyd/examples/xml/xml_lyd/binary_tree/allreduce_binary_tree_1ch_2tree_1chunk_4node_16gpu.xml
c197-082:26694:26752 [0] NCCL INFO MSCCL: Parsing algorithm /home1/09168/ldai1/ccl-build/msccl_tools_lyd/examples/xml/xml_lyd/binary_tree/allreduce_binary_tree_1ch_2tree_1chunk_4node_16gpu.xml
c197-091:13875:13933 [1] NCCL INFO Connected all trees
c197-091:13875:13933 [1] NCCL INFO MSCCL_XML_FILES set by environment to /home1/09168/ldai1/ccl-build/msccl_tools_lyd/examples/xml/xml_lyd/binary_tree/allreduce_binary_tree_1ch_2tree_1chunk_4node_16gpu.xml
c197-091:13875:13933 [1] NCCL INFO MSCCL: Parsing algorithm /home1/09168/ldai1/ccl-build/msccl_tools_lyd/examples/xml/xml_lyd/binary_tree/allreduce_binary_tree_1ch_2tree_1chunk_4node_16gpu.xml
c197-091:13874:13932 [0] NCCL INFO Parsed MSCCL Algorithm /home1/09168/ldai1/ccl-build/msccl_tools_lyd/examples/xml/xml_lyd/binary_tree/allreduce_binary_tree_1ch_2tree_1chunk_4node_16gpu.xml successfully.
c197-091:13874:13932 [0] NCCL INFO Connected 1 MSCCL algorithms
c197-091:13874:13932 [0] NCCL INFO NCCL_PROTO set by environment to Simple
c197-091:13874:13932 [0] NCCL INFO NCCL_ALGO set by environment to MSCCL,TREE,RING
c197-091:13874:13932 [0] NCCL INFO threadThresholds 8/8/64 | 128/8/64 | 8/8/64 | 8/8/512
c197-091:13874:13932 [0] NCCL INFO 2 coll channels, 2 p2p channels, 2 p2p channels per peer
c197-081:19828:19889 [1] NCCL INFO Parsed MSCCL Algorithm /home1/09168/ldai1/ccl-build/msccl_tools_lyd/examples/xml/xml_lyd/binary_tree/allreduce_binary_tree_1ch_2tree_1chunk_4node_16gpu.xml successfully.
c197-082:26694:26752 [0] NCCL INFO Parsed MSCCL Algorithm /home1/09168/ldai1/ccl-build/msccl_tools_lyd/examples/xml/xml_lyd/binary_tree/allreduce_binary_tree_1ch_2tree_1chunk_4node_16gpu.xml successfully.
c197-082:26694:26752 [0] NCCL INFO Connected 1 MSCCL algorithms
c197-081:19828:19889 [1] NCCL INFO Connected 1 MSCCL algorithms
c197-082:26694:26752 [0] NCCL INFO NCCL_PROTO set by environment to Simple
c197-081:19828:19889 [1] NCCL INFO NCCL_PROTO set by environment to Simple
c197-081:19828:19889 [1] NCCL INFO NCCL_ALGO set by environment to MSCCL,TREE,RING
c197-082:26694:26752 [0] NCCL INFO NCCL_ALGO set by environment to MSCCL,TREE,RING
c197-081:19828:19889 [1] NCCL INFO threadThresholds 8/8/64 | 128/8/64 | 8/8/64 | 8/8/512
c197-082:26694:26752 [0] NCCL INFO threadThresholds 8/8/64 | 128/8/64 | 8/8/64 | 8/8/512
c197-081:19828:19889 [1] NCCL INFO 2 coll channels, 2 p2p channels, 2 p2p channels per peer
c197-082:26694:26752 [0] NCCL INFO 2 coll channels, 2 p2p channels, 2 p2p channels per peer
c197-082:26695:26753 [1] NCCL INFO Connected all trees
c197-082:26695:26753 [1] NCCL INFO MSCCL_XML_FILES set by environment to /home1/09168/ldai1/ccl-build/msccl_tools_lyd/examples/xml/xml_lyd/binary_tree/allreduce_binary_tree_1ch_2tree_1chunk_4node_16gpu.xml
c197-082:26695:26753 [1] NCCL INFO MSCCL: Parsing algorithm /home1/09168/ldai1/ccl-build/msccl_tools_lyd/examples/xml/xml_lyd/binary_tree/allreduce_binary_tree_1ch_2tree_1chunk_4node_16gpu.xml
c197-082:26696:26750 [2] NCCL INFO Connected all trees
c197-082:26696:26750 [2] NCCL INFO MSCCL_XML_FILES set by environment to /home1/09168/ldai1/ccl-build/msccl_tools_lyd/examples/xml/xml_lyd/binary_tree/allreduce_binary_tree_1ch_2tree_1chunk_4node_16gpu.xml
c197-082:26696:26750 [2] NCCL INFO MSCCL: Parsing algorithm /home1/09168/ldai1/ccl-build/msccl_tools_lyd/examples/xml/xml_lyd/binary_tree/allreduce_binary_tree_1ch_2tree_1chunk_4node_16gpu.xml
c197-091:13875:13933 [1] NCCL INFO Parsed MSCCL Algorithm /home1/09168/ldai1/ccl-build/msccl_tools_lyd/examples/xml/xml_lyd/binary_tree/allreduce_binary_tree_1ch_2tree_1chunk_4node_16gpu.xml successfully.
c197-091:13875:13933 [1] NCCL INFO Connected 1 MSCCL algorithms
c197-091:13875:13933 [1] NCCL INFO NCCL_PROTO set by environment to Simple
c197-091:13875:13933 [1] NCCL INFO NCCL_ALGO set by environment to MSCCL,TREE,RING
c197-091:13875:13933 [1] NCCL INFO threadThresholds 8/8/64 | 128/8/64 | 8/8/64 | 8/8/512
c197-091:13875:13933 [1] NCCL INFO 2 coll channels, 2 p2p channels, 2 p2p channels per peer
c197-082:26695:26753 [1] NCCL INFO Parsed MSCCL Algorithm /home1/09168/ldai1/ccl-build/msccl_tools_lyd/examples/xml/xml_lyd/binary_tree/allreduce_binary_tree_1ch_2tree_1chunk_4node_16gpu.xml successfully.
c197-082:26695:26753 [1] NCCL INFO Connected 1 MSCCL algorithms
c197-082:26695:26753 [1] NCCL INFO NCCL_PROTO set by environment to Simple
c197-082:26695:26753 [1] NCCL INFO NCCL_ALGO set by environment to MSCCL,TREE,RING
c197-082:26695:26753 [1] NCCL INFO threadThresholds 8/8/64 | 128/8/64 | 8/8/64 | 8/8/512
c197-082:26695:26753 [1] NCCL INFO 2 coll channels, 2 p2p channels, 2 p2p channels per peer
c197-082:26696:26750 [2] NCCL INFO Parsed MSCCL Algorithm /home1/09168/ldai1/ccl-build/msccl_tools_lyd/examples/xml/xml_lyd/binary_tree/allreduce_binary_tree_1ch_2tree_1chunk_4node_16gpu.xml successfully.
c197-082:26696:26750 [2] NCCL INFO Connected 1 MSCCL algorithms
c197-082:26696:26750 [2] NCCL INFO NCCL_PROTO set by environment to Simple
c197-082:26696:26750 [2] NCCL INFO NCCL_ALGO set by environment to MSCCL,TREE,RING
c197-082:26696:26750 [2] NCCL INFO threadThresholds 8/8/64 | 128/8/64 | 8/8/64 | 8/8/512
c197-082:26696:26750 [2] NCCL INFO 2 coll channels, 2 p2p channels, 2 p2p channels per peer
c197-081:19828:19889 [1] NCCL INFO comm 0x2b1bde000010 rank 1 nranks 16 cudaDev 1 busId 3000 - Init COMPLETE
c197-081:19827:19880 [0] NCCL INFO comm 0x2aebf2000010 rank 0 nranks 16 cudaDev 0 busId 2000 - Init COMPLETE
#
#                                                              out-of-place                       in-place          
#       size         count      type   redop    root     time   algbw   busbw #wrong     time   algbw   busbw #wrong
#        (B)    (elements)                               (us)  (GB/s)  (GB/s)            (us)  (GB/s)  (GB/s)       
c197-081:19829:19885 [2] NCCL INFO comm 0x2b518e000010 rank 2 nranks 16 cudaDev 2 busId 82000 - Init COMPLETE
c197-091:13874:13932 [0] NCCL INFO comm 0x2b9732000010 rank 8 nranks 16 cudaDev 0 busId 2000 - Init COMPLETE
c197-091:13875:13933 [1] NCCL INFO comm 0x2aac1c000010 rank 9 nranks 16 cudaDev 1 busId 3000 - Init COMPLETE
c197-091:13876:13928 [2] NCCL INFO comm 0x2ada44000010 rank 10 nranks 16 cudaDev 2 busId 82000 - Init COMPLETE
c197-091:13877:13929 [3] NCCL INFO comm 0x2b639e000010 rank 11 nranks 16 cudaDev 3 busId 83000 - Init COMPLETE
c197-081:19830:19887 [3] NCCL INFO comm 0x2b5d5e000010 rank 3 nranks 16 cudaDev 3 busId 83000 - Init COMPLETE
c197-082:26694:26752 [0] NCCL INFO comm 0x2b040e000010 rank 4 nranks 16 cudaDev 0 busId 2000 - Init COMPLETE
c197-082:26695:26753 [1] NCCL INFO comm 0x2b0fae000010 rank 5 nranks 16 cudaDev 1 busId 3000 - Init COMPLETE
c197-082:26697:26747 [3] NCCL INFO comm 0x2b0450000010 rank 7 nranks 16 cudaDev 3 busId 83000 - Init COMPLETE
c197-082:26696:26750 [2] NCCL INFO comm 0x2b792e000010 rank 6 nranks 16 cudaDev 2 busId 82000 - Init COMPLETE
c197-081:19827:19827 [0] NCCL INFO Launch mode Parallel
       65536         16384     float     sum      -1    187.0    0.35    0.66      0    188.6    0.35    0.65      0
      131072         32768     float     sum      -1    256.7    0.51    0.96      0    254.9    0.51    0.96      0
      262144         65536     float     sum      -1    397.4    0.66    1.24      0    403.0    0.65    1.22      0
      524288        131072     float     sum      -1    678.3    0.77    1.45      0    671.0    0.78    1.47      0
     1048576        262144     float     sum      -1   1196.4    0.88    1.64      0   1191.8    0.88    1.65      0
     2097152        524288     float     sum      -1   2255.2    0.93    1.74      0   2242.5    0.94    1.75      0
     4194304       1048576     float     sum      -1   2896.4    1.45    2.72      0   2878.6    1.46    2.73      0
     8388608       2097152     float     sum      -1   4579.3    1.83    3.43      0   4626.9    1.81    3.40      0
    16777216       4194304     float     sum      -1   8776.3    1.91    3.58      0   8764.9    1.91    3.59      0
    33554432       8388608     float     sum      -1    17261    1.94    3.64      0    17290    1.94    3.64      0
    67108864      16777216     float     sum      -1    34044    1.97    3.70      0    33938    1.98    3.71      0
   134217728      33554432     float     sum      -1    67280    1.99    3.74      0    67207    2.00    3.74      0
   268435456      67108864     float     sum      -1   133770    2.01    3.76      0   133406    2.01    3.77      0
c197-081:19830:19830 [3] NCCL INFO comm 0x2b5d5e000010 rank 3 nranks 16 cudaDev 3 busId 83000 - Destroy COMPLETE
c197-092:24993:24993 [3] NCCL INFO comm 0x2b5d3e000010 rank 15 nranks 16 cudaDev 3 busId 83000 - Destroy COMPLETE
c197-081:19828:19828 [1] NCCL INFO comm 0x2b1bde000010 rank 1 nranks 16 cudaDev 1 busId 3000 - Destroy COMPLETE
c197-091:13877:13877 [3] NCCL INFO comm 0x2b639e000010 rank 11 nranks 16 cudaDev 3 busId 83000 - Destroy COMPLETE
c197-082:26697:26697 [3] NCCL INFO comm 0x2b0450000010 rank 7 nranks 16 cudaDev 3 busId 83000 - Destroy COMPLETE
c197-082:26696:26696 [2] NCCL INFO comm 0x2b792e000010 rank 6 nranks 16 cudaDev 2 busId 82000 - Destroy COMPLETE
c197-092:24992:24992 [2] NCCL INFO comm 0x2aee30000010 rank 14 nranks 16 cudaDev 2 busId 82000 - Destroy COMPLETE
c197-081:19829:19829 [2] NCCL INFO comm 0x2b518e000010 rank 2 nranks 16 cudaDev 2 busId 82000 - Destroy COMPLETE
c197-081:19827:19827 [0] NCCL INFO comm 0x2aebf2000010 rank 0 nranks 16 cudaDev 0 busId 2000 - Destroy COMPLETE
c197-092:24991:24991 [1] NCCL INFO comm 0x2b7a10000010 rank 13 nranks 16 cudaDev 1 busId 3000 - Destroy COMPLETE
c197-091:13876:13876 [2] NCCL INFO comm 0x2ada44000010 rank 10 nranks 16 cudaDev 2 busId 82000 - Destroy COMPLETE
c197-082:26695:26695 [1] NCCL INFO comm 0x2b0fae000010 rank 5 nranks 16 cudaDev 1 busId 3000 - Destroy COMPLETE
c197-092:24990:24990 [0] NCCL INFO comm 0x2afd0145a010 rank 12 nranks 16 cudaDev 0 busId 2000 - Destroy COMPLETE
c197-082:26694:26694 [0] NCCL INFO comm 0x2b040e000010 rank 4 nranks 16 cudaDev 0 busId 2000 - Destroy COMPLETE
c197-091:13874:13874 [0] NCCL INFO comm 0x2b9732000010 rank 8 nranks 16 cudaDev 0 busId 2000 - Destroy COMPLETE
c197-091:13875:13875 [1] NCCL INFO comm 0x2aac1c000010 rank 9 nranks 16 cudaDev 1 busId 3000 - Destroy COMPLETE
# Out of bounds values : 0 OK
# Avg bus bandwidth    : 2.48283 
#

TACC:  Shutdown complete. Exiting. 
