TACC:  Starting up job 6212684 
TACC:  Starting parallel tasks... 
# nThread 1 nGpus 1 minBytes 65536 maxBytes 268435456 step: 2(factor) warmup iters: 5 iters: 60 agg iters: 1 validation: 1 graph: 0
#
# Using devices
#  Rank  0 Group  0 Pid  13289 on   c197-081 device  0 [0x02] Quadro RTX 5000
#  Rank  1 Group  0 Pid  13290 on   c197-081 device  1 [0x03] Quadro RTX 5000
#  Rank  2 Group  0 Pid  13291 on   c197-081 device  2 [0x82] Quadro RTX 5000
#  Rank  3 Group  0 Pid  13292 on   c197-081 device  3 [0x83] Quadro RTX 5000
#  Rank  4 Group  0 Pid  19603 on   c197-082 device  0 [0x02] Quadro RTX 5000
#  Rank  5 Group  0 Pid  19604 on   c197-082 device  1 [0x03] Quadro RTX 5000
#  Rank  6 Group  0 Pid  19605 on   c197-082 device  2 [0x82] Quadro RTX 5000
#  Rank  7 Group  0 Pid  19606 on   c197-082 device  3 [0x83] Quadro RTX 5000
#  Rank  8 Group  0 Pid   6845 on   c197-091 device  0 [0x02] Quadro RTX 5000
#  Rank  9 Group  0 Pid   6846 on   c197-091 device  1 [0x03] Quadro RTX 5000
#  Rank 10 Group  0 Pid   6847 on   c197-091 device  2 [0x82] Quadro RTX 5000
#  Rank 11 Group  0 Pid   6848 on   c197-091 device  3 [0x83] Quadro RTX 5000
#  Rank 12 Group  0 Pid  17917 on   c197-092 device  0 [0x02] Quadro RTX 5000
#  Rank 13 Group  0 Pid  17918 on   c197-092 device  1 [0x03] Quadro RTX 5000
#  Rank 14 Group  0 Pid  17919 on   c197-092 device  2 [0x82] Quadro RTX 5000
#  Rank 15 Group  0 Pid  17920 on   c197-092 device  3 [0x83] Quadro RTX 5000
#  Rank 16 Group  0 Pid  22509 on   c197-101 device  0 [0x02] Quadro RTX 5000
#  Rank 17 Group  0 Pid  22510 on   c197-101 device  1 [0x03] Quadro RTX 5000
#  Rank 18 Group  0 Pid  22511 on   c197-101 device  2 [0x82] Quadro RTX 5000
#  Rank 19 Group  0 Pid  22512 on   c197-101 device  3 [0x83] Quadro RTX 5000
#  Rank 20 Group  0 Pid  32624 on   c197-102 device  0 [0x02] Quadro RTX 5000
#  Rank 21 Group  0 Pid  32625 on   c197-102 device  1 [0x03] Quadro RTX 5000
#  Rank 22 Group  0 Pid  32626 on   c197-102 device  2 [0x82] Quadro RTX 5000
#  Rank 23 Group  0 Pid  32627 on   c197-102 device  3 [0x83] Quadro RTX 5000
#  Rank 24 Group  0 Pid  11598 on   c197-111 device  0 [0x02] Quadro RTX 5000
#  Rank 25 Group  0 Pid  11599 on   c197-111 device  1 [0x03] Quadro RTX 5000
#  Rank 26 Group  0 Pid  11600 on   c197-111 device  2 [0x82] Quadro RTX 5000
#  Rank 27 Group  0 Pid  11601 on   c197-111 device  3 [0x83] Quadro RTX 5000
#  Rank 28 Group  0 Pid  22691 on   c197-112 device  0 [0x02] Quadro RTX 5000
#  Rank 29 Group  0 Pid  22692 on   c197-112 device  1 [0x03] Quadro RTX 5000
#  Rank 30 Group  0 Pid  22693 on   c197-112 device  2 [0x82] Quadro RTX 5000
#  Rank 31 Group  0 Pid  22694 on   c197-112 device  3 [0x83] Quadro RTX 5000
#  Rank 32 Group  0 Pid  21731 on   c198-011 device  0 [0x02] Quadro RTX 5000
#  Rank 33 Group  0 Pid  21732 on   c198-011 device  1 [0x03] Quadro RTX 5000
#  Rank 34 Group  0 Pid  21733 on   c198-011 device  2 [0x82] Quadro RTX 5000
#  Rank 35 Group  0 Pid  21734 on   c198-011 device  3 [0x83] Quadro RTX 5000
#  Rank 36 Group  0 Pid  18781 on   c198-012 device  0 [0x02] Quadro RTX 5000
#  Rank 37 Group  0 Pid  18782 on   c198-012 device  1 [0x03] Quadro RTX 5000
#  Rank 38 Group  0 Pid  18783 on   c198-012 device  2 [0x82] Quadro RTX 5000
#  Rank 39 Group  0 Pid  18784 on   c198-012 device  3 [0x83] Quadro RTX 5000
#  Rank 40 Group  0 Pid  30709 on   c198-021 device  0 [0x02] Quadro RTX 5000
#  Rank 41 Group  0 Pid  30710 on   c198-021 device  1 [0x03] Quadro RTX 5000
#  Rank 42 Group  0 Pid  30711 on   c198-021 device  2 [0x82] Quadro RTX 5000
#  Rank 43 Group  0 Pid  30712 on   c198-021 device  3 [0x83] Quadro RTX 5000
#  Rank 44 Group  0 Pid  28127 on   c198-022 device  0 [0x02] Quadro RTX 5000
#  Rank 45 Group  0 Pid  28128 on   c198-022 device  1 [0x03] Quadro RTX 5000
#  Rank 46 Group  0 Pid  28129 on   c198-022 device  2 [0x82] Quadro RTX 5000
#  Rank 47 Group  0 Pid  28130 on   c198-022 device  3 [0x83] Quadro RTX 5000
#  Rank 48 Group  0 Pid  31117 on   c198-031 device  0 [0x02] Quadro RTX 5000
#  Rank 49 Group  0 Pid  31118 on   c198-031 device  1 [0x03] Quadro RTX 5000
#  Rank 50 Group  0 Pid  31119 on   c198-031 device  2 [0x82] Quadro RTX 5000
#  Rank 51 Group  0 Pid  31120 on   c198-031 device  3 [0x83] Quadro RTX 5000
#  Rank 52 Group  0 Pid  24915 on   c198-032 device  0 [0x02] Quadro RTX 5000
#  Rank 53 Group  0 Pid  24916 on   c198-032 device  1 [0x03] Quadro RTX 5000
#  Rank 54 Group  0 Pid  24917 on   c198-032 device  2 [0x82] Quadro RTX 5000
#  Rank 55 Group  0 Pid  24918 on   c198-032 device  3 [0x83] Quadro RTX 5000
#  Rank 56 Group  0 Pid  12105 on   c198-041 device  0 [0x02] Quadro RTX 5000
#  Rank 57 Group  0 Pid  12106 on   c198-041 device  1 [0x03] Quadro RTX 5000
#  Rank 58 Group  0 Pid  12107 on   c198-041 device  2 [0x82] Quadro RTX 5000
#  Rank 59 Group  0 Pid  12108 on   c198-041 device  3 [0x83] Quadro RTX 5000
#  Rank 60 Group  0 Pid  14293 on   c198-042 device  0 [0x02] Quadro RTX 5000
#  Rank 61 Group  0 Pid  14294 on   c198-042 device  1 [0x03] Quadro RTX 5000
#  Rank 62 Group  0 Pid  14295 on   c198-042 device  2 [0x82] Quadro RTX 5000
#  Rank 63 Group  0 Pid  14296 on   c198-042 device  3 [0x83] Quadro RTX 5000
The MSCCL XML file exists: /home1/09168/ldai1/ccl-build/msccl_tools_lyd/examples/xml/xml_lyd/binary_tree/allreduce_binary_tree_1ch_2tree_256chunk_16node_64gpu.xml
c197-081:13289:13289 [0] NCCL INFO Bootstrap : Using ib0:192.168.44.137<0>
c197-081:13289:13289 [0] NCCL INFO NET/Plugin : No plugin found (libnccl-net.so), using internal implementation
c197-081:13289:13289 [0] NCCL INFO NET/IB : Using [0]mlx4_0:1/IB [RO]; OOB ib0:192.168.44.137<0>
c197-081:13289:13289 [0] NCCL INFO Using network IB
NCCL version 2.12.12.MSCCL.0.7.4+cuda11.3
c197-081:13291:13291 [2] NCCL INFO Bootstrap : Using ib0:192.168.44.137<0>
c197-081:13291:13291 [2] NCCL INFO NET/Plugin : No plugin found (libnccl-net.so), using internal implementation
c197-081:13291:13291 [2] NCCL INFO NET/IB : Using [0]mlx4_0:1/IB [RO]; OOB ib0:192.168.44.137<0>
c197-081:13291:13291 [2] NCCL INFO Using network IB
c197-081:13292:13292 [3] NCCL INFO Bootstrap : Using ib0:192.168.44.137<0>
c197-081:13290:13290 [1] NCCL INFO Bootstrap : Using ib0:192.168.44.137<0>
c197-081:13292:13292 [3] NCCL INFO NET/Plugin : No plugin found (libnccl-net.so), using internal implementation
c197-081:13290:13290 [1] NCCL INFO NET/Plugin : No plugin found (libnccl-net.so), using internal implementation
c198-031:31119:31119 [2] NCCL INFO Bootstrap : Using ib0:192.168.44.149<0>
c198-031:31119:31119 [2] NCCL INFO NET/Plugin : No plugin found (libnccl-net.so), using internal implementation
c197-081:13292:13292 [3] NCCL INFO NET/IB : Using [0]mlx4_0:1/IB [RO]; OOB ib0:192.168.44.137<0>
c197-081:13292:13292 [3] NCCL INFO Using network IB
c198-031:31119:31119 [2] NCCL INFO NET/IB : Using [0]mlx4_0:1/IB [RO]; OOB ib0:192.168.44.149<0>
c198-031:31119:31119 [2] NCCL INFO Using network IB
c198-041:12107:12107 [2] NCCL INFO Bootstrap : Using ib0:192.168.44.151<0>
c198-041:12107:12107 [2] NCCL INFO NET/Plugin : No plugin found (libnccl-net.so), using internal implementation
c198-041:12107:12107 [2] NCCL INFO NET/IB : Using [0]mlx4_0:1/IB [RO]; OOB ib0:192.168.44.151<0>
c198-041:12107:12107 [2] NCCL INFO Using network IB
c197-102:32627:32627 [3] NCCL INFO Bootstrap : Using ib0:192.168.44.142<0>
c197-102:32627:32627 [3] NCCL INFO NET/Plugin : No plugin found (libnccl-net.so), using internal implementation
c198-022:28127:28127 [0] NCCL INFO Bootstrap : Using ib0:192.168.44.148<0>
c198-022:28127:28127 [0] NCCL INFO NET/Plugin : No plugin found (libnccl-net.so), using internal implementation
c197-102:32627:32627 [3] NCCL INFO NET/IB : Using [0]mlx4_0:1/IB [RO]; OOB ib0:192.168.44.142<0>
c197-102:32627:32627 [3] NCCL INFO Using network IB
c197-081:13290:13290 [1] NCCL INFO NET/IB : Using [0]mlx4_0:1/IB [RO]; OOB ib0:192.168.44.137<0>
c197-081:13290:13290 [1] NCCL INFO Using network IB
c198-041:12105:12105 [0] NCCL INFO Bootstrap : Using ib0:192.168.44.151<0>
c198-041:12105:12105 [0] NCCL INFO NET/Plugin : No plugin found (libnccl-net.so), using internal implementation
c198-022:28127:28127 [0] NCCL INFO NET/IB : Using [0]mlx4_0:1/IB [RO]; OOB ib0:192.168.44.148<0>
c198-022:28127:28127 [0] NCCL INFO Using network IB
c198-041:12105:12105 [0] NCCL INFO NET/IB : Using [0]mlx4_0:1/IB [RO]; OOB ib0:192.168.44.151<0>
c198-041:12105:12105 [0] NCCL INFO Using network IB
c198-031:31120:31120 [3] NCCL INFO Bootstrap : Using ib0:192.168.44.149<0>
c198-031:31120:31120 [3] NCCL INFO NET/Plugin : No plugin found (libnccl-net.so), using internal implementation
c198-031:31120:31120 [3] NCCL INFO NET/IB : Using [0]mlx4_0:1/IB [RO]; OOB ib0:192.168.44.149<0>
c198-031:31120:31120 [3] NCCL INFO Using network IB
c198-031:31117:31117 [0] NCCL INFO Bootstrap : Using ib0:192.168.44.149<0>
c198-031:31117:31117 [0] NCCL INFO NET/Plugin : No plugin found (libnccl-net.so), using internal implementation
c198-031:31117:31117 [0] NCCL INFO NET/IB : Using [0]mlx4_0:1/IB [RO]; OOB ib0:192.168.44.149<0>
c198-031:31117:31117 [0] NCCL INFO Using network IB
c198-041:12106:12106 [1] NCCL INFO Bootstrap : Using ib0:192.168.44.151<0>
c198-041:12106:12106 [1] NCCL INFO NET/Plugin : No plugin found (libnccl-net.so), using internal implementation
c198-031:31118:31118 [1] NCCL INFO Bootstrap : Using ib0:192.168.44.149<0>
c198-031:31118:31118 [1] NCCL INFO NET/Plugin : No plugin found (libnccl-net.so), using internal implementation
c198-021:30711:30711 [2] NCCL INFO Bootstrap : Using ib0:192.168.44.147<0>
c198-021:30711:30711 [2] NCCL INFO NET/Plugin : No plugin found (libnccl-net.so), using internal implementation
c198-031:31118:31118 [1] NCCL INFO NET/IB : Using [0]mlx4_0:1/IB [RO]; OOB ib0:192.168.44.149<0>
c198-031:31118:31118 [1] NCCL INFO Using network IB
c198-041:12106:12106 [1] NCCL INFO NET/IB : Using [0]mlx4_0:1/IB [RO]; OOB ib0:192.168.44.151<0>
c198-041:12106:12106 [1] NCCL INFO Using network IB
c198-021:30711:30711 [2] NCCL INFO NET/IB : Using [0]mlx4_0:1/IB [RO]; OOB ib0:192.168.44.147<0>
c198-021:30711:30711 [2] NCCL INFO Using network IB
c197-082:19605:19605 [2] NCCL INFO Bootstrap : Using ib0:192.168.44.138<0>
c197-082:19606:19606 [3] NCCL INFO Bootstrap : Using ib0:192.168.44.138<0>
c197-082:19605:19605 [2] NCCL INFO NET/Plugin : No plugin found (libnccl-net.so), using internal implementation
c197-082:19606:19606 [3] NCCL INFO NET/Plugin : No plugin found (libnccl-net.so), using internal implementation
c198-041:12108:12108 [3] NCCL INFO Bootstrap : Using ib0:192.168.44.151<0>
c198-041:12108:12108 [3] NCCL INFO NET/Plugin : No plugin found (libnccl-net.so), using internal implementation
c197-091:6847:6847 [2] NCCL INFO Bootstrap : Using ib0:192.168.44.139<0>
c197-091:6847:6847 [2] NCCL INFO NET/Plugin : No plugin found (libnccl-net.so), using internal implementation
c198-041:12108:12108 [3] NCCL INFO NET/IB : Using [0]mlx4_0:1/IB [RO]; OOB ib0:192.168.44.151<0>
c198-041:12108:12108 [3] NCCL INFO Using network IB
c198-011:21733:21733 [2] NCCL INFO Bootstrap : Using ib0:192.168.44.145<0>
c198-011:21733:21733 [2] NCCL INFO NET/Plugin : No plugin found (libnccl-net.so), using internal implementation
c197-111:11600:11600 [2] NCCL INFO Bootstrap : Using ib0:192.168.44.143<0>
c197-111:11601:11601 [3] NCCL INFO Bootstrap : Using ib0:192.168.44.143<0>
c197-111:11600:11600 [2] NCCL INFO NET/Plugin : No plugin found (libnccl-net.so), using internal implementation
c197-111:11601:11601 [3] NCCL INFO NET/Plugin : No plugin found (libnccl-net.so), using internal implementation
c198-032:24917:24917 [2] NCCL INFO Bootstrap : Using ib0:192.168.44.150<0>
c197-091:6846:6846 [1] NCCL INFO Bootstrap : Using ib0:192.168.44.139<0>
c198-032:24917:24917 [2] NCCL INFO NET/Plugin : No plugin found (libnccl-net.so), using internal implementation
c197-082:19603:19603 [0] NCCL INFO Bootstrap : Using ib0:192.168.44.138<0>
c197-091:6846:6846 [1] NCCL INFO NET/Plugin : No plugin found (libnccl-net.so), using internal implementation
c197-082:19604:19604 [1] NCCL INFO Bootstrap : Using ib0:192.168.44.138<0>
c198-011:21733:21733 [2] NCCL INFO NET/IB : Using [0]mlx4_0:1/IB [RO]; OOB ib0:192.168.44.145<0>
c198-011:21733:21733 [2] NCCL INFO Using network IB
c197-082:19603:19603 [0] NCCL INFO NET/Plugin : No plugin found (libnccl-net.so), using internal implementation
c197-082:19604:19604 [1] NCCL INFO NET/Plugin : No plugin found (libnccl-net.so), using internal implementation
c197-091:6847:6847 [2] NCCL INFO NET/IB : Using [0]mlx4_0:1/IB [RO]; OOB ib0:192.168.44.139<0>
c197-091:6847:6847 [2] NCCL INFO Using network IB
c197-091:6848:6848 [3] NCCL INFO Bootstrap : Using ib0:192.168.44.139<0>
c197-091:6848:6848 [3] NCCL INFO NET/Plugin : No plugin found (libnccl-net.so), using internal implementation
c197-082:19606:19606 [3] NCCL INFO NET/IB : Using [0]mlx4_0:1/IB [RO]; OOB ib0:192.168.44.138<0>
c197-082:19606:19606 [3] NCCL INFO Using network IB
c197-082:19605:19605 [2] NCCL INFO NET/IB : Using [0]mlx4_0:1/IB [RO]; OOB ib0:192.168.44.138<0>
c197-082:19605:19605 [2] NCCL INFO Using network IB
c198-021:30712:30712 [3] NCCL INFO Bootstrap : Using ib0:192.168.44.147<0>
c198-021:30712:30712 [3] NCCL INFO NET/Plugin : No plugin found (libnccl-net.so), using internal implementation
c197-091:6846:6846 [1] NCCL INFO NET/IB : Using [0]mlx4_0:1/IB [RO]; OOB ib0:192.168.44.139<0>
c197-091:6846:6846 [1] NCCL INFO Using network IB
c197-091:6848:6848 [3] NCCL INFO NET/IB : Using [0]mlx4_0:1/IB [RO]; OOB ib0:192.168.44.139<0>
c197-091:6848:6848 [3] NCCL INFO Using network IB
c198-011:21734:21734 [3] NCCL INFO Bootstrap : Using ib0:192.168.44.145<0>
c198-011:21734:21734 [3] NCCL INFO NET/Plugin : No plugin found (libnccl-net.so), using internal implementation
c197-082:19604:19604 [1] NCCL INFO NET/IB : Using [0]mlx4_0:1/IB [RO]; OOB ib0:192.168.44.138<0>
c197-082:19604:19604 [1] NCCL INFO Using network IB
c197-082:19603:19603 [0] NCCL INFO NET/IB : Using [0]mlx4_0:1/IB [RO]; OOB ib0:192.168.44.138<0>
c197-082:19603:19603 [0] NCCL INFO Using network IB
c198-032:24918:24918 [3] NCCL INFO Bootstrap : Using ib0:192.168.44.150<0>
c198-032:24918:24918 [3] NCCL INFO NET/Plugin : No plugin found (libnccl-net.so), using internal implementation
c198-032:24917:24917 [2] NCCL INFO NET/IB : Using [0]mlx4_0:1/IB [RO]; OOB ib0:192.168.44.150<0>
c198-032:24917:24917 [2] NCCL INFO Using network IB
c198-021:30712:30712 [3] NCCL INFO NET/IB : Using [0]mlx4_0:1/IB [RO]; OOB ib0:192.168.44.147<0>
c198-021:30712:30712 [3] NCCL INFO Using network IB
c198-012:18783:18783 [2] NCCL INFO Bootstrap : Using ib0:192.168.44.146<0>
c198-011:21734:21734 [3] NCCL INFO NET/IB : Using [0]mlx4_0:1/IB [RO]; OOB ib0:192.168.44.145<0>
c198-011:21734:21734 [3] NCCL INFO Using network IB
c198-012:18783:18783 [2] NCCL INFO NET/Plugin : No plugin found (libnccl-net.so), using internal implementation
c198-032:24918:24918 [3] NCCL INFO NET/IB : Using [0]mlx4_0:1/IB [RO]; OOB ib0:192.168.44.150<0>
c198-032:24918:24918 [3] NCCL INFO Using network IB
c197-111:11599:11599 [1] NCCL INFO Bootstrap : Using ib0:192.168.44.143<0>
c197-111:11598:11598 [0] NCCL INFO Bootstrap : Using ib0:192.168.44.143<0>
c197-111:11598:11598 [0] NCCL INFO NET/Plugin : No plugin found (libnccl-net.so), using internal implementation
c197-111:11599:11599 [1] NCCL INFO NET/Plugin : No plugin found (libnccl-net.so), using internal implementation
c197-111:11601:11601 [3] NCCL INFO NET/IB : Using [0]mlx4_0:1/IB [RO]; OOB ib0:192.168.44.143<0>
c197-111:11601:11601 [3] NCCL INFO Using network IB
c197-111:11600:11600 [2] NCCL INFO NET/IB : Using [0]mlx4_0:1/IB [RO]; OOB ib0:192.168.44.143<0>
c197-111:11600:11600 [2] NCCL INFO Using network IB
c197-112:22692:22692 [1] NCCL INFO Bootstrap : Using ib0:192.168.44.144<0>
c197-112:22693:22693 [2] NCCL INFO Bootstrap : Using ib0:192.168.44.144<0>
c197-112:22694:22694 [3] NCCL INFO Bootstrap : Using ib0:192.168.44.144<0>
c197-112:22691:22691 [0] NCCL INFO Bootstrap : Using ib0:192.168.44.144<0>
c197-112:22691:22691 [0] NCCL INFO NET/Plugin : No plugin found (libnccl-net.so), using internal implementation
c197-112:22692:22692 [1] NCCL INFO NET/Plugin : No plugin found (libnccl-net.so), using internal implementation
c197-112:22693:22693 [2] NCCL INFO NET/Plugin : No plugin found (libnccl-net.so), using internal implementation
c197-112:22694:22694 [3] NCCL INFO NET/Plugin : No plugin found (libnccl-net.so), using internal implementation
c198-011:21731:21731 [0] NCCL INFO Bootstrap : Using ib0:192.168.44.145<0>
c198-011:21732:21732 [1] NCCL INFO Bootstrap : Using ib0:192.168.44.145<0>
c198-011:21731:21731 [0] NCCL INFO NET/Plugin : No plugin found (libnccl-net.so), using internal implementation
c198-012:18783:18783 [2] NCCL INFO NET/IB : Using [0]mlx4_0:1/IB [RO]; OOB ib0:192.168.44.146<0>
c198-012:18783:18783 [2] NCCL INFO Using network IB
c197-111:11599:11599 [1] NCCL INFO NET/IB : Using [0]mlx4_0:1/IB [RO]; OOB ib0:192.168.44.143<0>
c197-111:11599:11599 [1] NCCL INFO Using network IB
c198-011:21732:21732 [1] NCCL INFO NET/Plugin : No plugin found (libnccl-net.so), using internal implementation
c197-111:11598:11598 [0] NCCL INFO NET/IB : Using [0]mlx4_0:1/IB [RO]; OOB ib0:192.168.44.143<0>
c197-111:11598:11598 [0] NCCL INFO Using network IB
c197-102:32624:32624 [0] NCCL INFO Bootstrap : Using ib0:192.168.44.142<0>
c197-102:32625:32625 [1] NCCL INFO Bootstrap : Using ib0:192.168.44.142<0>
c197-102:32626:32626 [2] NCCL INFO Bootstrap : Using ib0:192.168.44.142<0>
c198-021:30710:30710 [1] NCCL INFO Bootstrap : Using ib0:192.168.44.147<0>
c197-102:32624:32624 [0] NCCL INFO NET/Plugin : No plugin found (libnccl-net.so), using internal implementation
c197-102:32625:32625 [1] NCCL INFO NET/Plugin : No plugin found (libnccl-net.so), using internal implementation
c197-102:32626:32626 [2] NCCL INFO NET/Plugin : No plugin found (libnccl-net.so), using internal implementation
c198-021:30710:30710 [1] NCCL INFO NET/Plugin : No plugin found (libnccl-net.so), using internal implementation
c198-042:14295:14295 [2] NCCL INFO Bootstrap : Using ib0:192.168.44.152<0>
c198-042:14296:14296 [3] NCCL INFO Bootstrap : Using ib0:192.168.44.152<0>
c198-042:14295:14295 [2] NCCL INFO NET/Plugin : No plugin found (libnccl-net.so), using internal implementation
c198-042:14296:14296 [3] NCCL INFO NET/Plugin : No plugin found (libnccl-net.so), using internal implementation
c197-101:22511:22511 [2] NCCL INFO Bootstrap : Using ib0:192.168.44.141<0>
c197-101:22512:22512 [3] NCCL INFO Bootstrap : Using ib0:192.168.44.141<0>
c197-101:22511:22511 [2] NCCL INFO NET/Plugin : No plugin found (libnccl-net.so), using internal implementation
c197-101:22512:22512 [3] NCCL INFO NET/Plugin : No plugin found (libnccl-net.so), using internal implementation
c198-021:30710:30710 [1] NCCL INFO NET/IB : Using [0]mlx4_0:1/IB [RO]; OOB ib0:192.168.44.147<0>
c198-021:30710:30710 [1] NCCL INFO Using network IB
c198-011:21732:21732 [1] NCCL INFO NET/IB : Using [0]mlx4_0:1/IB [RO]; OOB ib0:192.168.44.145<0>
c198-011:21732:21732 [1] NCCL INFO Using network IB
c198-011:21731:21731 [0] NCCL INFO NET/IB : Using [0]mlx4_0:1/IB [RO]; OOB ib0:192.168.44.145<0>
c198-011:21731:21731 [0] NCCL INFO Using network IB
c198-012:18784:18784 [3] NCCL INFO Bootstrap : Using ib0:192.168.44.146<0>
c198-012:18784:18784 [3] NCCL INFO NET/Plugin : No plugin found (libnccl-net.so), using internal implementation
c197-092:17917:17917 [0] NCCL INFO Bootstrap : Using ib0:192.168.44.140<0>
c197-092:17918:17918 [1] NCCL INFO Bootstrap : Using ib0:192.168.44.140<0>
c197-092:17919:17919 [2] NCCL INFO Bootstrap : Using ib0:192.168.44.140<0>
c197-092:17920:17920 [3] NCCL INFO Bootstrap : Using ib0:192.168.44.140<0>
c197-092:17917:17917 [0] NCCL INFO NET/Plugin : No plugin found (libnccl-net.so), using internal implementation
c197-092:17918:17918 [1] NCCL INFO NET/Plugin : No plugin found (libnccl-net.so), using internal implementation
c197-092:17919:17919 [2] NCCL INFO NET/Plugin : No plugin found (libnccl-net.so), using internal implementation
c197-092:17920:17920 [3] NCCL INFO NET/Plugin : No plugin found (libnccl-net.so), using internal implementation
c198-012:18784:18784 [3] NCCL INFO NET/IB : Using [0]mlx4_0:1/IB [RO]; OOB ib0:192.168.44.146<0>
c198-012:18784:18784 [3] NCCL INFO Using network IB
c198-042:14295:14295 [2] NCCL INFO NET/IB : Using [0]mlx4_0:1/IB [RO]; OOB ib0:192.168.44.152<0>
c198-042:14295:14295 [2] NCCL INFO Using network IB
c198-042:14296:14296 [3] NCCL INFO NET/IB : Using [0]mlx4_0:1/IB [RO]; OOB ib0:192.168.44.152<0>
c198-042:14296:14296 [3] NCCL INFO Using network IB
c197-102:32624:32624 [0] NCCL INFO NET/IB : Using [0]mlx4_0:1/IB [RO]; OOB ib0:192.168.44.142<0>
c197-102:32624:32624 [0] NCCL INFO Using network IB
c197-101:22512:22512 [3] NCCL INFO NET/IB : Using [0]mlx4_0:1/IB [RO]; OOB ib0:192.168.44.141<0>
c197-101:22512:22512 [3] NCCL INFO Using network IB
c197-102:32625:32625 [1] NCCL INFO NET/IB : Using [0]mlx4_0:1/IB [RO]; OOB ib0:192.168.44.142<0>
c197-102:32625:32625 [1] NCCL INFO Using network IB
c197-101:22511:22511 [2] NCCL INFO NET/IB : Using [0]mlx4_0:1/IB [RO]; OOB ib0:192.168.44.141<0>
c197-101:22511:22511 [2] NCCL INFO Using network IB
c197-102:32626:32626 [2] NCCL INFO NET/IB : Using [0]mlx4_0:1/IB [RO]; OOB ib0:192.168.44.142<0>
c197-102:32626:32626 [2] NCCL INFO Using network IB
c197-112:22693:22693 [2] NCCL INFO NET/IB : Using [0]mlx4_0:1/IB [RO]; OOB ib0:192.168.44.144<0>
c197-112:22693:22693 [2] NCCL INFO Using network IB
c197-112:22694:22694 [3] NCCL INFO NET/IB : Using [0]mlx4_0:1/IB [RO]; OOB ib0:192.168.44.144<0>
c197-112:22694:22694 [3] NCCL INFO Using network IB
c197-112:22691:22691 [0] NCCL INFO NET/IB : Using [0]mlx4_0:1/IB [RO]; OOB ib0:192.168.44.144<0>
c197-112:22691:22691 [0] NCCL INFO Using network IB
c197-112:22692:22692 [1] NCCL INFO NET/IB : Using [0]mlx4_0:1/IB [RO]; OOB ib0:192.168.44.144<0>
c197-112:22692:22692 [1] NCCL INFO Using network IB
c198-021:30709:30709 [0] NCCL INFO Bootstrap : Using ib0:192.168.44.147<0>
c198-021:30709:30709 [0] NCCL INFO NET/Plugin : No plugin found (libnccl-net.so), using internal implementation
c198-022:28129:28129 [2] NCCL INFO Bootstrap : Using ib0:192.168.44.148<0>
c198-022:28129:28129 [2] NCCL INFO NET/Plugin : No plugin found (libnccl-net.so), using internal implementation
c198-022:28130:28130 [3] NCCL INFO Bootstrap : Using ib0:192.168.44.148<0>
c198-022:28130:28130 [3] NCCL INFO NET/Plugin : No plugin found (libnccl-net.so), using internal implementation
c198-021:30709:30709 [0] NCCL INFO NET/IB : Using [0]mlx4_0:1/IB [RO]; OOB ib0:192.168.44.147<0>
c198-021:30709:30709 [0] NCCL INFO Using network IB
c198-022:28129:28129 [2] NCCL INFO NET/IB : Using [0]mlx4_0:1/IB [RO]; OOB ib0:192.168.44.148<0>
c198-022:28129:28129 [2] NCCL INFO Using network IB
c198-032:24915:24915 [0] NCCL INFO Bootstrap : Using ib0:192.168.44.150<0>
c198-032:24916:24916 [1] NCCL INFO Bootstrap : Using ib0:192.168.44.150<0>
c198-032:24915:24915 [0] NCCL INFO NET/Plugin : No plugin found (libnccl-net.so), using internal implementation
c198-032:24916:24916 [1] NCCL INFO NET/Plugin : No plugin found (libnccl-net.so), using internal implementation
c198-022:28130:28130 [3] NCCL INFO NET/IB : Using [0]mlx4_0:1/IB [RO]; OOB ib0:192.168.44.148<0>
c198-022:28130:28130 [3] NCCL INFO Using network IB
c198-042:14293:14293 [0] NCCL INFO Bootstrap : Using ib0:192.168.44.152<0>
c198-042:14294:14294 [1] NCCL INFO Bootstrap : Using ib0:192.168.44.152<0>
c198-042:14293:14293 [0] NCCL INFO NET/Plugin : No plugin found (libnccl-net.so), using internal implementation
c198-042:14294:14294 [1] NCCL INFO NET/Plugin : No plugin found (libnccl-net.so), using internal implementation
c197-092:17920:17920 [3] NCCL INFO NET/IB : Using [0]mlx4_0:1/IB [RO]; OOB ib0:192.168.44.140<0>
c197-092:17920:17920 [3] NCCL INFO Using network IB
c197-092:17919:17919 [2] NCCL INFO NET/IB : Using [0]mlx4_0:1/IB [RO]; OOB ib0:192.168.44.140<0>
c197-092:17919:17919 [2] NCCL INFO Using network IB
c197-092:17918:17918 [1] NCCL INFO NET/IB : Using [0]mlx4_0:1/IB [RO]; OOB ib0:192.168.44.140<0>
c197-092:17918:17918 [1] NCCL INFO Using network IB
c197-092:17917:17917 [0] NCCL INFO NET/IB : Using [0]mlx4_0:1/IB [RO]; OOB ib0:192.168.44.140<0>
c197-092:17917:17917 [0] NCCL INFO Using network IB
c198-032:24915:24915 [0] NCCL INFO NET/IB : Using [0]mlx4_0:1/IB [RO]; OOB ib0:192.168.44.150<0>
c198-032:24915:24915 [0] NCCL INFO Using network IB
c198-032:24916:24916 [1] NCCL INFO NET/IB : Using [0]mlx4_0:1/IB [RO]; OOB ib0:192.168.44.150<0>
c198-032:24916:24916 [1] NCCL INFO Using network IB
c197-101:22509:22509 [0] NCCL INFO Bootstrap : Using ib0:192.168.44.141<0>
c198-012:18781:18781 [0] NCCL INFO Bootstrap : Using ib0:192.168.44.146<0>
c197-101:22510:22510 [1] NCCL INFO Bootstrap : Using ib0:192.168.44.141<0>
c198-012:18782:18782 [1] NCCL INFO Bootstrap : Using ib0:192.168.44.146<0>
c197-101:22509:22509 [0] NCCL INFO NET/Plugin : No plugin found (libnccl-net.so), using internal implementation
c198-012:18781:18781 [0] NCCL INFO NET/Plugin : No plugin found (libnccl-net.so), using internal implementation
c197-101:22510:22510 [1] NCCL INFO NET/Plugin : No plugin found (libnccl-net.so), using internal implementation
c198-012:18782:18782 [1] NCCL INFO NET/Plugin : No plugin found (libnccl-net.so), using internal implementation
c197-091:6845:6845 [0] NCCL INFO Bootstrap : Using ib0:192.168.44.139<0>
c197-091:6845:6845 [0] NCCL INFO NET/Plugin : No plugin found (libnccl-net.so), using internal implementation
c198-042:14294:14294 [1] NCCL INFO NET/IB : Using [0]mlx4_0:1/IB [RO]; OOB ib0:192.168.44.152<0>
c198-042:14294:14294 [1] NCCL INFO Using network IB
c198-042:14293:14293 [0] NCCL INFO NET/IB : Using [0]mlx4_0:1/IB [RO]; OOB ib0:192.168.44.152<0>
c198-042:14293:14293 [0] NCCL INFO Using network IB
c198-022:28128:28128 [1] NCCL INFO Bootstrap : Using ib0:192.168.44.148<0>
c198-022:28128:28128 [1] NCCL INFO NET/Plugin : No plugin found (libnccl-net.so), using internal implementation
c197-091:6845:6845 [0] NCCL INFO NET/IB : Using [0]mlx4_0:1/IB [RO]; OOB ib0:192.168.44.139<0>
c197-091:6845:6845 [0] NCCL INFO Using network IB
c197-101:22509:22509 [0] NCCL INFO NET/IB : Using [0]mlx4_0:1/IB [RO]; OOB ib0:192.168.44.141<0>
c197-101:22509:22509 [0] NCCL INFO Using network IB
c197-101:22510:22510 [1] NCCL INFO NET/IB : Using [0]mlx4_0:1/IB [RO]; OOB ib0:192.168.44.141<0>
c197-101:22510:22510 [1] NCCL INFO Using network IB
c198-022:28128:28128 [1] NCCL INFO NET/IB : Using [0]mlx4_0:1/IB [RO]; OOB ib0:192.168.44.148<0>
c198-022:28128:28128 [1] NCCL INFO Using network IB
c198-012:18782:18782 [1] NCCL INFO NET/IB : Using [0]mlx4_0:1/IB [RO]; OOB ib0:192.168.44.146<0>
c198-012:18782:18782 [1] NCCL INFO Using network IB
c198-012:18781:18781 [0] NCCL INFO NET/IB : Using [0]mlx4_0:1/IB [RO]; OOB ib0:192.168.44.146<0>
c198-012:18781:18781 [0] NCCL INFO Using network IB
c197-081:13289:13340 [0] NCCL INFO Setting affinity for GPU 0 to 0f000f
c198-012:18784:18836 [3] NCCL INFO Setting affinity for GPU 3 to f000f000
c197-091:6848:6902 [3] NCCL INFO Setting affinity for GPU 3 to f000f000
c198-011:21734:21786 [3] NCCL INFO Setting affinity for GPU 3 to f000f000
c197-102:32627:32677 [3] NCCL INFO Setting affinity for GPU 3 to f000f000
c197-112:22694:22747 [3] NCCL INFO Setting affinity for GPU 3 to f000f000
c198-031:31120:31172 [3] NCCL INFO Setting affinity for GPU 3 to f000f000
c198-032:24918:24970 [3] NCCL INFO Setting affinity for GPU 3 to f000f000
c198-022:28130:28186 [3] NCCL INFO Setting affinity for GPU 3 to f000f000
c197-092:17920:17970 [3] NCCL INFO Setting affinity for GPU 3 to f000f000
c197-111:11601:11652 [3] NCCL INFO Setting affinity for GPU 3 to f000f000
c198-042:14296:14349 [3] NCCL INFO Setting affinity for GPU 3 to f000f000
c198-041:12108:12164 [3] NCCL INFO Setting affinity for GPU 3 to f000f000
c198-021:30712:30765 [3] NCCL INFO Setting affinity for GPU 3 to f000f000
c197-082:19606:19657 [3] NCCL INFO Setting affinity for GPU 3 to f000f000
c197-101:22512:22563 [3] NCCL INFO Setting affinity for GPU 3 to f000f000
c197-081:13292:13347 [3] NCCL INFO Setting affinity for GPU 3 to f000f000
c197-081:13291:13345 [2] NCCL INFO Setting affinity for GPU 2 to 0f000f00
c197-081:13290:13349 [1] NCCL INFO Setting affinity for GPU 1 to f000f0
c197-102:32626:32683 [2] NCCL INFO Setting affinity for GPU 2 to 0f000f00
c198-041:12105:12160 [0] NCCL INFO Setting affinity for GPU 0 to 0f000f
c198-021:30711:30763 [2] NCCL INFO Setting affinity for GPU 2 to 0f000f00
c198-031:31119:31170 [2] NCCL INFO Setting affinity for GPU 2 to 0f000f00
c197-092:17918:17975 [1] NCCL INFO Setting affinity for GPU 1 to f000f0
c197-092:17919:17974 [2] NCCL INFO Setting affinity for GPU 2 to 0f000f00
c198-011:21731:21790 [0] NCCL INFO Setting affinity for GPU 0 to 0f000f
c198-011:21733:21784 [2] NCCL INFO Setting affinity for GPU 2 to 0f000f00
c197-082:19603:19662 [0] NCCL INFO Setting affinity for GPU 0 to 0f000f
c197-082:19605:19658 [2] NCCL INFO Setting affinity for GPU 2 to 0f000f00
c197-112:22691:22748 [0] NCCL INFO Setting affinity for GPU 0 to 0f000f
c197-112:22692:22749 [1] NCCL INFO Setting affinity for GPU 1 to f000f0
c197-112:22693:22750 [2] NCCL INFO Setting affinity for GPU 2 to 0f000f00
c198-041:12106:12162 [1] NCCL INFO Setting affinity for GPU 1 to f000f0
c197-111:11598:11657 [0] NCCL INFO Setting affinity for GPU 0 to 0f000f
c197-111:11600:11653 [2] NCCL INFO Setting affinity for GPU 2 to 0f000f00
c198-012:18782:18838 [1] NCCL INFO Setting affinity for GPU 1 to f000f0
c197-102:32624:32681 [0] NCCL INFO Setting affinity for GPU 0 to 0f000f
c197-102:32625:32682 [1] NCCL INFO Setting affinity for GPU 1 to f000f0
c198-041:12107:12158 [2] NCCL INFO Setting affinity for GPU 2 to 0f000f00
c198-011:21732:21789 [1] NCCL INFO Setting affinity for GPU 1 to f000f0
c198-031:31117:31174 [0] NCCL INFO Setting affinity for GPU 0 to 0f000f
c198-031:31118:31176 [1] NCCL INFO Setting affinity for GPU 1 to f000f0
c198-012:18781:18840 [0] NCCL INFO Setting affinity for GPU 0 to 0f000f
c198-042:14293:14353 [0] NCCL INFO Setting affinity for GPU 0 to 0f000f
c198-032:24915:24973 [0] NCCL INFO Setting affinity for GPU 0 to 0f000f
c197-092:17917:17976 [0] NCCL INFO Setting affinity for GPU 0 to 0f000f
c198-012:18783:18834 [2] NCCL INFO Setting affinity for GPU 2 to 0f000f00
c198-032:24917:24968 [2] NCCL INFO Setting affinity for GPU 2 to 0f000f00
c197-091:6846:6900 [1] NCCL INFO Setting affinity for GPU 1 to f000f0
c198-032:24916:24974 [1] NCCL INFO Setting affinity for GPU 1 to f000f0
c197-111:11599:11656 [1] NCCL INFO Setting affinity for GPU 1 to f000f0
c197-082:19604:19661 [1] NCCL INFO Setting affinity for GPU 1 to f000f0
c197-091:6847:6898 [2] NCCL INFO Setting affinity for GPU 2 to 0f000f00
c198-021:30709:30769 [0] NCCL INFO Setting affinity for GPU 0 to 0f000f
c197-091:6845:6904 [0] NCCL INFO Setting affinity for GPU 0 to 0f000f
c198-021:30710:30767 [1] NCCL INFO Setting affinity for GPU 1 to f000f0
c198-042:14294:14351 [1] NCCL INFO Setting affinity for GPU 1 to f000f0
c198-042:14295:14348 [2] NCCL INFO Setting affinity for GPU 2 to 0f000f00
c197-101:22511:22564 [2] NCCL INFO Setting affinity for GPU 2 to 0f000f00
c198-022:28128:28188 [1] NCCL INFO Setting affinity for GPU 1 to f000f0
c198-022:28127:28182 [0] NCCL INFO Setting affinity for GPU 0 to 0f000f
c197-101:22510:22568 [1] NCCL INFO Setting affinity for GPU 1 to f000f0
c198-022:28129:28184 [2] NCCL INFO Setting affinity for GPU 2 to 0f000f00
c197-101:22509:22567 [0] NCCL INFO Setting affinity for GPU 0 to 0f000f
c197-102:32625:32682 [1] NCCL INFO Trees [0] 22/-1/-1->21->20 [1] 22/24/-1->21->20
c197-101:22510:22568 [1] NCCL INFO Trees [0] 18/8/-1->17->16 [1] 18/-1/-1->17->16
c197-091:6848:6902 [3] NCCL INFO Trees [0] -1/-1/-1->11->10 [1] -1/-1/-1->11->10
c197-092:17920:17970 [3] NCCL INFO Trees [0] -1/-1/-1->15->14 [1] -1/-1/-1->15->14
c197-102:32626:32683 [2] NCCL INFO Trees [0] 23/-1/-1->22->21 [1] 23/-1/-1->22->21
c197-082:19606:19657 [3] NCCL INFO Trees [0] -1/-1/-1->7->6 [1] -1/-1/-1->7->6
c197-081:13290:13349 [1] NCCL INFO Trees [0] 2/-1/-1->1->0 [1] 2/-1/-1->1->0
c197-101:22511:22564 [2] NCCL INFO Trees [0] 19/-1/-1->18->17 [1] 19/-1/-1->18->17
c197-091:6845:6904 [0] NCCL INFO Trees [0] 9/12/-1->8->17 [1] 9/-1/-1->8->5
c197-092:17918:17975 [1] NCCL INFO Trees [0] 14/-1/-1->13->12 [1] 14/20/-1->13->12
c197-102:32627:32677 [3] NCCL INFO Trees [0] -1/-1/-1->23->22 [1] -1/-1/-1->23->22
c197-082:19605:19658 [2] NCCL INFO Trees [0] 7/-1/-1->6->5 [1] 7/-1/-1->6->5
c197-081:13289:13340 [0] NCCL INFO Channel 00/02 :    0   1   2   3   4   5   6   7   8   9  10  11  12  13  14  15  16  17  18  19
c197-101:22512:22563 [3] NCCL INFO Trees [0] -1/-1/-1->19->18 [1] -1/-1/-1->19->18
c197-091:6846:6900 [1] NCCL INFO Trees [0] 10/4/-1->9->8 [1] 10/-1/-1->9->8
c197-092:17919:17974 [2] NCCL INFO Trees [0] 15/-1/-1->14->13 [1] 15/-1/-1->14->13
c197-102:32624:32681 [0] NCCL INFO Trees [0] 21/-1/-1->20->25 [1] 21/16/-1->20->13
c197-082:19604:19661 [1] NCCL INFO Trees [0] 6/-1/-1->5->4 [1] 6/8/-1->5->4
c197-081:13289:13340 [0] NCCL INFO Channel 01/02 :    0   1   2   3   4   5   6   7   8   9  10  11  12  13  14  15  16  17  18  19
c198-042:14295:14348 [2] NCCL INFO Trees [0] 63/-1/-1->62->61 [1] 63/-1/-1->62->61
c197-101:22509:22567 [0] NCCL INFO Trees [0] 17/24/-1->16->33 [1] 17/-1/-1->16->20
c197-091:6847:6898 [2] NCCL INFO Trees [0] 11/-1/-1->10->9 [1] 11/-1/-1->10->9
c197-111:11598:11657 [0] NCCL INFO Trees [0] 25/28/-1->24->16 [1] 25/-1/-1->24->21
c198-032:24915:24973 [0] NCCL INFO Trees [0] 53/-1/-1->52->57 [1] 53/48/-1->52->45
c197-092:17917:17976 [0] NCCL INFO Trees [0] 13/-1/-1->12->8 [1] 13/4/-1->12->28
c197-082:19603:19662 [0] NCCL INFO Trees [0] 5/-1/-1->4->9 [1] 5/0/-1->4->12
c197-081:13289:13340 [0] NCCL INFO Trees [0] 1/32/-1->0->-1 [1] 1/-1/-1->0->4
c198-042:14296:14349 [3] NCCL INFO Trees [0] -1/-1/-1->63->62 [1] -1/-1/-1->63->62
c197-112:22691:22748 [0] NCCL INFO Trees [0] 29/-1/-1->28->24 [1] 29/12/-1->28->60
c198-031:31120:31172 [3] NCCL INFO Trees [0] -1/-1/-1->51->50 [1] -1/-1/-1->51->50
c198-041:12105:12160 [0] NCCL INFO Trees [0] 57/60/-1->56->48 [1] 57/-1/-1->56->53
c197-111:11599:11656 [1] NCCL INFO Trees [0] 26/20/-1->25->24 [1] 26/-1/-1->25->24
c198-032:24916:24974 [1] NCCL INFO Trees [0] 54/-1/-1->53->52 [1] 54/56/-1->53->52
c198-022:28129:28184 [2] NCCL INFO Trees [0] 47/-1/-1->46->45 [1] 47/-1/-1->46->45
c197-081:13291:13345 [2] NCCL INFO Trees [0] 3/-1/-1->2->1 [1] 3/-1/-1->2->1
c198-042:14294:14351 [1] NCCL INFO Trees [0] 62/-1/-1->61->60 [1] 62/-1/-1->61->60
c198-021:30712:30765 [3] NCCL INFO Trees [0] -1/-1/-1->43->42 [1] -1/-1/-1->43->42
c198-031:31118:31176 [1] NCCL INFO Trees [0] 50/40/-1->49->48 [1] 50/-1/-1->49->48
c198-041:12106:12162 [1] NCCL INFO Trees [0] 58/52/-1->57->56 [1] 58/-1/-1->57->56
c197-111:11600:11653 [2] NCCL INFO Trees [0] 27/-1/-1->26->25 [1] 27/-1/-1->26->25
c198-032:24917:24968 [2] NCCL INFO Trees [0] 55/-1/-1->54->53 [1] 55/-1/-1->54->53
c198-022:28130:28186 [3] NCCL INFO Trees [0] -1/-1/-1->47->46 [1] -1/-1/-1->47->46
c197-081:13292:13347 [3] NCCL INFO Trees [0] -1/-1/-1->3->2 [1] -1/-1/-1->3->2
c198-042:14293:14353 [0] NCCL INFO Trees [0] 61/-1/-1->60->56 [1] 61/28/-1->60->-1
c198-012:18782:18838 [1] NCCL INFO Trees [0] 38/-1/-1->37->36 [1] 38/40/-1->37->36
c198-021:30709:30769 [0] NCCL INFO Trees [0] 41/44/-1->40->49 [1] 41/-1/-1->40->37
c197-112:22694:22747 [3] NCCL INFO Trees [0] -1/-1/-1->31->30 [1] -1/-1/-1->31->30
c198-031:31119:31170 [2] NCCL INFO Trees [0] 51/-1/-1->50->49 [1] 51/-1/-1->50->49
c198-041:12107:12158 [2] NCCL INFO Trees [0] 59/-1/-1->58->57 [1] 59/-1/-1->58->57
c197-111:11601:11652 [3] NCCL INFO Trees [0] -1/-1/-1->27->26 [1] -1/-1/-1->27->26
c198-011:21734:21786 [3] NCCL INFO Trees [0] -1/-1/-1->35->34 [1] -1/-1/-1->35->34
c198-032:24918:24970 [3] NCCL INFO Trees [0] -1/-1/-1->55->54 [1] -1/-1/-1->55->54
c198-022:28127:28182 [0] NCCL INFO Trees [0] 45/-1/-1->44->40 [1] 45/36/-1->44->29
c198-012:18783:18834 [2] NCCL INFO Trees [0] 39/-1/-1->38->37 [1] 39/-1/-1->38->37
c198-021:30710:30767 [1] NCCL INFO Trees [0] 42/36/-1->41->40 [1] 42/-1/-1->41->40
c197-112:22692:22749 [1] NCCL INFO Trees [0] 30/-1/-1->29->28 [1] 30/44/-1->29->28
c198-031:31117:31174 [0] NCCL INFO Trees [0] 49/56/-1->48->32 [1] 49/-1/-1->48->52
c198-041:12108:12164 [3] NCCL INFO Trees [0] -1/-1/-1->59->58 [1] -1/-1/-1->59->58
c198-011:21733:21784 [2] NCCL INFO Trees [0] 35/-1/-1->34->33 [1] 35/-1/-1->34->33
c198-022:28128:28188 [1] NCCL INFO Trees [0] 46/-1/-1->45->44 [1] 46/52/-1->45->44
c198-012:18784:18836 [3] NCCL INFO Trees [0] -1/-1/-1->39->38 [1] -1/-1/-1->39->38
c198-021:30711:30763 [2] NCCL INFO Trees [0] 43/-1/-1->42->41 [1] 43/-1/-1->42->41
c197-112:22693:22750 [2] NCCL INFO Trees [0] 31/-1/-1->30->29 [1] 31/-1/-1->30->29
c198-011:21731:21790 [0] NCCL INFO Trees [0] 33/48/-1->32->0 [1] 33/-1/-1->32->36
c198-012:18781:18840 [0] NCCL INFO Trees [0] 37/-1/-1->36->41 [1] 37/32/-1->36->44
c198-011:21732:21789 [1] NCCL INFO Trees [0] 34/16/-1->33->32 [1] 34/-1/-1->33->32
c197-101:22509:22567 [0] NCCL INFO Channel 00/0 : 15[83000] -> 16[2000] [receive] via NET/IB/0
c198-041:12105:12160 [0] NCCL INFO Channel 00/0 : 55[83000] -> 56[2000] [receive] via NET/IB/0
c197-091:6845:6904 [0] NCCL INFO Channel 00/0 : 7[83000] -> 8[2000] [receive] via NET/IB/0
c197-092:17917:17976 [0] NCCL INFO Channel 00/0 : 11[83000] -> 12[2000] [receive] via NET/IB/0
c197-102:32624:32681 [0] NCCL INFO Channel 00/0 : 19[83000] -> 20[2000] [receive] via NET/IB/0
c197-081:13289:13340 [0] NCCL INFO Channel 00/0 : 63[83000] -> 0[2000] [receive] via NET/IB/0
c198-042:14293:14353 [0] NCCL INFO Channel 00/0 : 59[83000] -> 60[2000] [receive] via NET/IB/0
c198-031:31117:31174 [0] NCCL INFO Channel 00/0 : 47[83000] -> 48[2000] [receive] via NET/IB/0
c198-032:24915:24973 [0] NCCL INFO Channel 00/0 : 51[83000] -> 52[2000] [receive] via NET/IB/0
c197-082:19603:19662 [0] NCCL INFO Channel 00/0 : 3[83000] -> 4[2000] [receive] via NET/IB/0
c197-111:11598:11657 [0] NCCL INFO Channel 00/0 : 23[83000] -> 24[2000] [receive] via NET/IB/0
c198-011:21731:21790 [0] NCCL INFO Channel 00/0 : 31[83000] -> 32[2000] [receive] via NET/IB/0
c197-112:22691:22748 [0] NCCL INFO Channel 00/0 : 27[83000] -> 28[2000] [receive] via NET/IB/0
c198-022:28127:28182 [0] NCCL INFO Channel 00/0 : 43[83000] -> 44[2000] [receive] via NET/IB/0
c198-021:30709:30769 [0] NCCL INFO Channel 00/0 : 39[83000] -> 40[2000] [receive] via NET/IB/0
c198-012:18781:18840 [0] NCCL INFO Channel 00/0 : 35[83000] -> 36[2000] [receive] via NET/IB/0
c198-041:12107:12158 [2] NCCL INFO Channel 00 : 58[82000] -> 59[83000] via direct shared memory
c197-082:19605:19658 [2] NCCL INFO Channel 00 : 6[82000] -> 7[83000] via direct shared memory
c197-112:22693:22750 [2] NCCL INFO Channel 00 : 30[82000] -> 31[83000] via direct shared memory
c198-022:28129:28184 [2] NCCL INFO Channel 00 : 46[82000] -> 47[83000] via direct shared memory
c198-012:18783:18834 [2] NCCL INFO Channel 00 : 38[82000] -> 39[83000] via direct shared memory
c197-111:11600:11653 [2] NCCL INFO Channel 00 : 26[82000] -> 27[83000] via direct shared memory
c198-022:28129:28184 [2] NCCL INFO Channel 01 : 46[82000] -> 47[83000] via direct shared memory
c198-021:30711:30763 [2] NCCL INFO Channel 00 : 42[82000] -> 43[83000] via direct shared memory
c198-041:12107:12158 [2] NCCL INFO Channel 01 : 58[82000] -> 59[83000] via direct shared memory
c197-082:19605:19658 [2] NCCL INFO Channel 01 : 6[82000] -> 7[83000] via direct shared memory
c198-021:30711:30763 [2] NCCL INFO Channel 01 : 42[82000] -> 43[83000] via direct shared memory
c197-112:22693:22750 [2] NCCL INFO Channel 01 : 30[82000] -> 31[83000] via direct shared memory
c198-012:18783:18834 [2] NCCL INFO Channel 01 : 38[82000] -> 39[83000] via direct shared memory
c198-042:14295:14348 [2] NCCL INFO Channel 00 : 62[82000] -> 63[83000] via direct shared memory
c198-041:12106:12162 [1] NCCL INFO Channel 00 : 57[3000] -> 58[82000] via direct shared memory
c197-111:11600:11653 [2] NCCL INFO Channel 01 : 26[82000] -> 27[83000] via direct shared memory
c197-082:19604:19661 [1] NCCL INFO Channel 00 : 5[3000] -> 6[82000] via direct shared memory
c198-042:14294:14351 [1] NCCL INFO Channel 00 : 61[3000] -> 62[82000] via direct shared memory
c198-042:14295:14348 [2] NCCL INFO Channel 01 : 62[82000] -> 63[83000] via direct shared memory
c198-012:18782:18838 [1] NCCL INFO Channel 00 : 37[3000] -> 38[82000] via direct shared memory
c197-112:22692:22749 [1] NCCL INFO Channel 00 : 29[3000] -> 30[82000] via direct shared memory
c198-031:31119:31170 [2] NCCL INFO Channel 00 : 50[82000] -> 51[83000] via direct shared memory
c198-041:12106:12162 [1] NCCL INFO Channel 01 : 57[3000] -> 58[82000] via direct shared memory
c197-091:6847:6898 [2] NCCL INFO Channel 00 : 10[82000] -> 11[83000] via direct shared memory
c198-011:21733:21784 [2] NCCL INFO Channel 00 : 34[82000] -> 35[83000] via direct shared memory
c197-092:17919:17974 [2] NCCL INFO Channel 00 : 14[82000] -> 15[83000] via direct shared memory
c197-082:19604:19661 [1] NCCL INFO Channel 01 : 5[3000] -> 6[82000] via direct shared memory
c198-042:14294:14351 [1] NCCL INFO Channel 01 : 61[3000] -> 62[82000] via direct shared memory
c198-012:18782:18838 [1] NCCL INFO Channel 01 : 37[3000] -> 38[82000] via direct shared memory
c197-112:22692:22749 [1] NCCL INFO Channel 01 : 29[3000] -> 30[82000] via direct shared memory
c198-031:31118:31176 [1] NCCL INFO Channel 00 : 49[3000] -> 50[82000] via direct shared memory
c197-101:22511:22564 [2] NCCL INFO Channel 00 : 18[82000] -> 19[83000] via direct shared memory
c197-091:6846:6900 [1] NCCL INFO Channel 00 : 9[3000] -> 10[82000] via direct shared memory
c197-111:11599:11656 [1] NCCL INFO Channel 00 : 25[3000] -> 26[82000] via direct shared memory
c198-011:21733:21784 [2] NCCL INFO Channel 01 : 34[82000] -> 35[83000] via direct shared memory
c197-092:17918:17975 [1] NCCL INFO Channel 00 : 13[3000] -> 14[82000] via direct shared memory
c197-081:13291:13345 [2] NCCL INFO Channel 00 : 2[82000] -> 3[83000] via direct shared memory
c198-031:31119:31170 [2] NCCL INFO Channel 01 : 50[82000] -> 51[83000] via direct shared memory
c197-101:22510:22568 [1] NCCL INFO Channel 00 : 17[3000] -> 18[82000] via direct shared memory
c197-091:6847:6898 [2] NCCL INFO Channel 01 : 10[82000] -> 11[83000] via direct shared memory
c198-022:28128:28188 [1] NCCL INFO Channel 00 : 45[3000] -> 46[82000] via direct shared memory
c197-092:17919:17974 [2] NCCL INFO Channel 01 : 14[82000] -> 15[83000] via direct shared memory
c197-081:13290:13349 [1] NCCL INFO Channel 00 : 1[3000] -> 2[82000] via direct shared memory
c198-021:30710:30767 [1] NCCL INFO Channel 00 : 41[3000] -> 42[82000] via direct shared memory
c198-031:31118:31176 [1] NCCL INFO Channel 01 : 49[3000] -> 50[82000] via direct shared memory
c197-091:6846:6900 [1] NCCL INFO Channel 01 : 9[3000] -> 10[82000] via direct shared memory
c197-111:11599:11656 [1] NCCL INFO Channel 01 : 25[3000] -> 26[82000] via direct shared memory
c198-022:28128:28188 [1] NCCL INFO Channel 01 : 45[3000] -> 46[82000] via direct shared memory
c197-092:17918:17975 [1] NCCL INFO Channel 01 : 13[3000] -> 14[82000] via direct shared memory
c197-081:13291:13345 [2] NCCL INFO Channel 01 : 2[82000] -> 3[83000] via direct shared memory
c197-101:22511:22564 [2] NCCL INFO Channel 01 : 18[82000] -> 19[83000] via direct shared memory
c197-101:22510:22568 [1] NCCL INFO Channel 01 : 17[3000] -> 18[82000] via direct shared memory
c198-021:30710:30767 [1] NCCL INFO Channel 01 : 41[3000] -> 42[82000] via direct shared memory
c197-081:13290:13349 [1] NCCL INFO Channel 01 : 1[3000] -> 2[82000] via direct shared memory
c198-032:24916:24974 [1] NCCL INFO Channel 00 : 53[3000] -> 54[82000] via direct shared memory
c198-032:24917:24968 [2] NCCL INFO Channel 00 : 54[82000] -> 55[83000] via direct shared memory
c198-032:24916:24974 [1] NCCL INFO Channel 01 : 53[3000] -> 54[82000] via direct shared memory
c198-032:24917:24968 [2] NCCL INFO Channel 01 : 54[82000] -> 55[83000] via direct shared memory
c197-082:19606:19657 [3] NCCL INFO Channel 00/0 : 7[83000] -> 8[2000] [send] via NET/IB/0
c198-012:18784:18836 [3] NCCL INFO Channel 00/0 : 39[83000] -> 40[2000] [send] via NET/IB/0
c198-041:12108:12164 [3] NCCL INFO Channel 00/0 : 59[83000] -> 60[2000] [send] via NET/IB/0
c197-112:22694:22747 [3] NCCL INFO Channel 00/0 : 31[83000] -> 32[2000] [send] via NET/IB/0
c198-021:30712:30765 [3] NCCL INFO Channel 00/0 : 43[83000] -> 44[2000] [send] via NET/IB/0
c197-111:11601:11652 [3] NCCL INFO Channel 00/0 : 27[83000] -> 28[2000] [send] via NET/IB/0
c198-022:28130:28186 [3] NCCL INFO Channel 00/0 : 47[83000] -> 48[2000] [send] via NET/IB/0
c198-042:14296:14349 [3] NCCL INFO Channel 00/0 : 63[83000] -> 0[2000] [send] via NET/IB/0
c197-091:6848:6902 [3] NCCL INFO Channel 00/0 : 11[83000] -> 12[2000] [send] via NET/IB/0
c197-092:17920:17970 [3] NCCL INFO Channel 00/0 : 15[83000] -> 16[2000] [send] via NET/IB/0
c198-031:31120:31172 [3] NCCL INFO Channel 00/0 : 51[83000] -> 52[2000] [send] via NET/IB/0
c197-101:22512:22563 [3] NCCL INFO Channel 00/0 : 19[83000] -> 20[2000] [send] via NET/IB/0
c198-011:21734:21786 [3] NCCL INFO Channel 00/0 : 35[83000] -> 36[2000] [send] via NET/IB/0
c197-081:13292:13347 [3] NCCL INFO Channel 00/0 : 3[83000] -> 4[2000] [send] via NET/IB/0
c198-032:24918:24970 [3] NCCL INFO Channel 00/0 : 55[83000] -> 56[2000] [send] via NET/IB/0
c198-011:21732:21789 [1] NCCL INFO Channel 00 : 33[3000] -> 34[82000] via direct shared memory
c198-011:21732:21789 [1] NCCL INFO Channel 01 : 33[3000] -> 34[82000] via direct shared memory
c197-102:32626:32683 [2] NCCL INFO Channel 00 : 22[82000] -> 23[83000] via direct shared memory
c197-102:32625:32682 [1] NCCL INFO Channel 00 : 21[3000] -> 22[82000] via direct shared memory
c197-102:32626:32683 [2] NCCL INFO Channel 01 : 22[82000] -> 23[83000] via direct shared memory
c197-102:32625:32682 [1] NCCL INFO Channel 01 : 21[3000] -> 22[82000] via direct shared memory
c197-102:32627:32677 [3] NCCL INFO Channel 00/0 : 23[83000] -> 24[2000] [send] via NET/IB/0
c197-101:22509:22567 [0] NCCL INFO Channel 01/0 : 15[83000] -> 16[2000] [receive] via NET/IB/0
c197-092:17917:17976 [0] NCCL INFO Channel 01/0 : 11[83000] -> 12[2000] [receive] via NET/IB/0
c198-031:31117:31174 [0] NCCL INFO Channel 01/0 : 47[83000] -> 48[2000] [receive] via NET/IB/0
c197-101:22509:22567 [0] NCCL INFO Channel 00 : 16[2000] -> 17[3000] via direct shared memory
c197-092:17917:17976 [0] NCCL INFO Channel 00 : 12[2000] -> 13[3000] via direct shared memory
c197-091:6845:6904 [0] NCCL INFO Channel 01/0 : 7[83000] -> 8[2000] [receive] via NET/IB/0
c198-031:31117:31174 [0] NCCL INFO Channel 00 : 48[2000] -> 49[3000] via direct shared memory
c197-101:22509:22567 [0] NCCL INFO Channel 01 : 16[2000] -> 17[3000] via direct shared memory
c197-082:19603:19662 [0] NCCL INFO Channel 01/0 : 3[83000] -> 4[2000] [receive] via NET/IB/0
c198-011:21731:21790 [0] NCCL INFO Channel 01/0 : 31[83000] -> 32[2000] [receive] via NET/IB/0
c197-092:17917:17976 [0] NCCL INFO Channel 01 : 12[2000] -> 13[3000] via direct shared memory
c197-112:22691:22748 [0] NCCL INFO Channel 01/0 : 27[83000] -> 28[2000] [receive] via NET/IB/0
c198-031:31117:31174 [0] NCCL INFO Channel 01 : 48[2000] -> 49[3000] via direct shared memory
c197-091:6845:6904 [0] NCCL INFO Channel 00 : 8[2000] -> 9[3000] via direct shared memory
c198-032:24915:24973 [0] NCCL INFO Channel 01/0 : 51[83000] -> 52[2000] [receive] via NET/IB/0
c197-081:13289:13340 [0] NCCL INFO Channel 01/0 : 63[83000] -> 0[2000] [receive] via NET/IB/0
c198-011:21731:21790 [0] NCCL INFO Channel 00 : 32[2000] -> 33[3000] via direct shared memory
c197-082:19603:19662 [0] NCCL INFO Channel 00 : 4[2000] -> 5[3000] via direct shared memory
c198-022:28127:28182 [0] NCCL INFO Channel 01/0 : 43[83000] -> 44[2000] [receive] via NET/IB/0
c197-102:32624:32681 [0] NCCL INFO Channel 01/0 : 19[83000] -> 20[2000] [receive] via NET/IB/0
c197-112:22691:22748 [0] NCCL INFO Channel 00 : 28[2000] -> 29[3000] via direct shared memory
c197-091:6845:6904 [0] NCCL INFO Channel 01 : 8[2000] -> 9[3000] via direct shared memory
c198-032:24915:24973 [0] NCCL INFO Channel 00 : 52[2000] -> 53[3000] via direct shared memory
c197-082:19603:19662 [0] NCCL INFO Channel 01 : 4[2000] -> 5[3000] via direct shared memory
c198-041:12105:12160 [0] NCCL INFO Channel 01/0 : 55[83000] -> 56[2000] [receive] via NET/IB/0
c198-011:21731:21790 [0] NCCL INFO Channel 01 : 32[2000] -> 33[3000] via direct shared memory
c197-081:13289:13340 [0] NCCL INFO Channel 00 : 0[2000] -> 1[3000] via direct shared memory
c198-042:14293:14353 [0] NCCL INFO Channel 01/0 : 59[83000] -> 60[2000] [receive] via NET/IB/0
c198-021:30709:30769 [0] NCCL INFO Channel 01/0 : 39[83000] -> 40[2000] [receive] via NET/IB/0
c197-112:22691:22748 [0] NCCL INFO Channel 01 : 28[2000] -> 29[3000] via direct shared memory
c197-111:11598:11657 [0] NCCL INFO Channel 01/0 : 23[83000] -> 24[2000] [receive] via NET/IB/0
c198-032:24915:24973 [0] NCCL INFO Channel 01 : 52[2000] -> 53[3000] via direct shared memory
c198-022:28127:28182 [0] NCCL INFO Channel 00 : 44[2000] -> 45[3000] via direct shared memory
c197-102:32624:32681 [0] NCCL INFO Channel 00 : 20[2000] -> 21[3000] via direct shared memory
c197-081:13289:13340 [0] NCCL INFO Channel 01 : 0[2000] -> 1[3000] via direct shared memory
c198-021:30709:30769 [0] NCCL INFO Channel 00 : 40[2000] -> 41[3000] via direct shared memory
c198-041:12105:12160 [0] NCCL INFO Channel 00 : 56[2000] -> 57[3000] via direct shared memory
c198-022:28127:28182 [0] NCCL INFO Channel 01 : 44[2000] -> 45[3000] via direct shared memory
c197-102:32624:32681 [0] NCCL INFO Channel 01 : 20[2000] -> 21[3000] via direct shared memory
c198-042:14293:14353 [0] NCCL INFO Channel 00 : 60[2000] -> 61[3000] via direct shared memory
c197-111:11598:11657 [0] NCCL INFO Channel 00 : 24[2000] -> 25[3000] via direct shared memory
